    -> 
    -> mysql \. C:\workspace\cloud\code\sql\_DailyScript\_setdates.sql
Database changed
Query OK, 0 rows affected (0.00 sec)

Query OK, 0 rows affected (0.00 sec)

Query OK, 0 rows affected (0.00 sec)

Query OK, 0 rows affected (0.00 sec)

Query OK, 0 rows affected (0.00 sec)

Query OK, 0 rows affected (0.00 sec)

Query OK, 0 rows affected (0.00 sec)

Query OK, 0 rows affected (0.00 sec)

Query OK, 0 rows affected (0.00 sec)

Query OK, 0 rows affected (0.00 sec)

Query OK, 0 rows affected (0.00 sec)

Query OK, 0 rows affected (0.00 sec)

Query OK, 0 rows affected (0.00 sec)

Query OK, 0 rows affected (0.00 sec)

Query OK, 0 rows affected (0.00 sec)

Query OK, 0 rows affected (0.00 sec)

Query OK, 0 rows affected (0.00 sec)

Query OK, 0 rows affected (0.00 sec)

Query OK, 0 rows affected (0.00 sec)

Query OK, 0 rows affected (0.00 sec)

Query OK, 0 rows affected (0.00 sec)

mysql> mysql \. C:\workspace\cloud\code\sql\_DailyScript\currenttime.sql
+---------------------+
| currenttime         |
+---------------------+
| 2021-04-05 11:25:32 |
+---------------------+
1 row in set (0.00 sec)

mysql> 
mysql> mysql \. C:\workspace\cloud\code\sql\_DailyScript\load_RCB_VODTITLES.sql
Database changed
Query OK, 0 rows affected (0.00 sec)

Query OK, 14335 rows affected (0.14 sec)

Query OK, 14337 rows affected, 14337 warnings (0.31 sec)
Records: 14337  Deleted: 0  Skipped: 0  Warnings: 14337

Query OK, 0 rows affected (0.00 sec)

Query OK, 2 rows affected (0.01 sec)

+-----------+
| VODTITLES |
+-----------+
|     14795 |
+-----------+
1 row in set (0.01 sec)

+-----------+-----------+
| titletype | typecount |
+-----------+-----------+
| E         |     12022 |
| N         |       246 |
| T         |      2067 |
| NULL      |     14335 |
+-----------+-----------+
4 rows in set (0.05 sec)

mysql> mysql \. C:\workspace\cloud\code\sql\_DailyScript\currenttime.sql
+---------------------+
| currenttime         |
+---------------------+
| 2021-04-05 11:25:33 |
+---------------------+
1 row in set (0.00 sec)

mysql> 
mysql> mysql \. C:\workspace\cloud\code\sql\_DailyScript\DAILY-SCRIPT-LIVETV-STATS.sql
Database changed
Query OK, 0 rows affected (0.03 sec)

Query OK, 1153445 rows affected (42.14 sec)
Records: 1153445  Duplicates: 0  Warnings: 0

+------------+------------+----------+--------------+--------------+-----------+-------------+----------+--------+------+------------+---------+---------------+
| Table      | Non_unique | Key_name | Seq_in_index | Column_name  | Collation | Cardinality | Sub_part | Packed | Null | Index_type | Comment | Index_comment |
+------------+------------+----------+--------------+--------------+-----------+-------------+----------+--------+------+------------+---------+---------------+
| templivetv |          1 | idxtv1   |            1 | device       | A         |     1158945 |     NULL | NULL   | YES  | BTREE      |         |               |
| templivetv |          1 | idxtv2   |            1 | sessionstart | A         |     1158945 |     NULL | NULL   | YES  | BTREE      |         |               |
+------------+------------+----------+--------------+--------------+-----------+-------------+----------+--------+------+------------+---------+---------------+
2 rows in set (0.01 sec)

Query OK, 0 rows affected (3.53 sec)
Records: 0  Duplicates: 0  Warnings: 0

Query OK, 2612 rows affected (1.10 sec)
Records: 2612  Duplicates: 0  Warnings: 0

Query OK, 0 rows affected (0.00 sec)

Query OK, 0 rows affected (0.00 sec)

Query OK, 125 rows affected (0.02 sec)
Records: 125  Duplicates: 0  Warnings: 0

Query OK, 0 rows affected (0.01 sec)

Query OK, 59264 rows affected (4 min 31.17 sec)
Records: 59264  Duplicates: 0  Warnings: 0

+-----------------+
| rep_livetvstats |
+-----------------+
|           59264 |
+-----------------+
1 row in set (0.02 sec)

mysql> mysql \. C:\workspace\cloud\code\sql\_DailyScript\currenttime.sql
+---------------------+
| currenttime         |
+---------------------+
| 2021-04-05 11:30:51 |
+---------------------+
1 row in set (0.00 sec)

mysql> 
mysql> mysql \. C:\workspace\cloud\code\sql\_DailyScript\DAILY-SCRIPT-VODTS-STATS.sql
Database changed
Query OK, 0 rows affected (0.01 sec)

Query OK, 65476 rows affected (1 min 42.42 sec)
Records: 65476  Duplicates: 0  Warnings: 0

+---------+------------+----------+--------------+--------------+-----------+-------------+----------+--------+------+------------+---------+---------------+
| Table   | Non_unique | Key_name | Seq_in_index | Column_name  | Collation | Cardinality | Sub_part | Packed | Null | Index_type | Comment | Index_comment |
+---------+------------+----------+--------------+--------------+-----------+-------------+----------+--------+------+------------+---------+---------------+
| tempvod |          1 | idxtvod1 |            1 | device       | A         |       65694 |     NULL | NULL   | YES  | BTREE      |         |               |
| tempvod |          1 | idxtvod2 |            1 | sessionstart | A         |       65694 |     NULL | NULL   | YES  | BTREE      |         |               |
+---------+------------+----------+--------------+--------------+-----------+-------------+----------+--------+------+------------+---------+---------------+
2 rows in set (0.00 sec)

Query OK, 0 rows affected (2.90 sec)
Records: 0  Duplicates: 0  Warnings: 0

Query OK, 0 rows affected (0.01 sec)

Query OK, 1084316 rows affected (1 min 28.58 sec)
Records: 1084316  Duplicates: 0  Warnings: 0

+--------------+
| rep_vodstats |
+--------------+
|      1084316 |
+--------------+
1 row in set (0.32 sec)

Database changed
Query OK, 0 rows affected (0.01 sec)

Query OK, 237791 rows affected (43.20 sec)
Records: 237791  Duplicates: 0  Warnings: 0

+--------+------------+----------+--------------+--------------+-----------+-------------+----------+--------+------+------------+---------+---------------+
| Table  | Non_unique | Key_name | Seq_in_index | Column_name  | Collation | Cardinality | Sub_part | Packed | Null | Index_type | Comment | Index_comment |
+--------+------------+----------+--------------+--------------+-----------+-------------+----------+--------+------+------------+---------+---------------+
| tempts |          1 | idxtts1  |            1 | device       | A         |      237967 |     NULL | NULL   | YES  | BTREE      |         |               |
| tempts |          1 | idxtts2  |            1 | sessionstart | A         |      237967 |     NULL | NULL   | YES  | BTREE      |         |               |
+--------+------------+----------+--------------+--------------+-----------+-------------+----------+--------+------+------------+---------+---------------+
2 rows in set (0.00 sec)

Query OK, 0 rows affected (12.89 sec)
Records: 0  Duplicates: 0  Warnings: 0

Query OK, 0 rows affected (0.01 sec)

Query OK, 45777 rows affected (39.26 sec)
Records: 45777  Duplicates: 0  Warnings: 0

+-------------+
| rep_tsstats |
+-------------+
|       45777 |
+-------------+
1 row in set (0.01 sec)

mysql> mysql \. C:\workspace\cloud\code\sql\_DailyScript\currenttime.sql
+---------------------+
| currenttime         |
+---------------------+
| 2021-04-05 11:35:41 |
+---------------------+
1 row in set (0.00 sec)

mysql> 
mysql> mysql \. C:\workspace\cloud\code\sql\_DailyScript\DAILY-SCRIPT-RADIO-STATS.sql
Database changed
Query OK, 0 rows affected (0.01 sec)

Query OK, 376825 rows affected (4.20 sec)
Records: 376825  Duplicates: 0  Warnings: 0

+-----------+------------+----------+--------------+--------------+-----------+-------------+----------+--------+------+------------+---------+---------------+
| Table     | Non_unique | Key_name | Seq_in_index | Column_name  | Collation | Cardinality | Sub_part | Packed | Null | Index_type | Comment | Index_comment |
+-----------+------------+----------+--------------+--------------+-----------+-------------+----------+--------+------+------------+---------+---------------+
| tempradio |          1 | idxtrad1 |            1 | device       | A         |      374666 |     NULL | NULL   | YES  | BTREE      |         |               |
| tempradio |          1 | idxtrad2 |            1 | sessionstart | A         |      374666 |     NULL | NULL   | YES  | BTREE      |         |               |
+-----------+------------+----------+--------------+--------------+-----------+-------------+----------+--------+------+------------+---------+---------------+
2 rows in set (0.00 sec)

Query OK, 0 rows affected (1.41 sec)
Records: 0  Duplicates: 0  Warnings: 0

Query OK, 0 rows affected (0.01 sec)

Query OK, 6118 rows affected (0.50 sec)
Records: 6118  Duplicates: 0  Warnings: 0

+----------------+
| rep_radiostats |
+----------------+
|           6118 |
+----------------+
1 row in set (0.01 sec)

mysql> mysql \. C:\workspace\cloud\code\sql\_DailyScript\currenttime.sql
+---------------------+
| currenttime         |
+---------------------+
| 2021-04-05 11:35:47 |
+---------------------+
1 row in set (0.00 sec)

mysql> 
mysql> mysql \. C:\workspace\cloud\code\sql\_DailyScript\DAILY_SCRIPT_TELEMETRY_PIVOT_2021.sql
Query OK, 0 rows affected (0.01 sec)

Query OK, 140 rows affected (0.11 sec)
Records: 140  Duplicates: 0  Warnings: 0

Query OK, 0 rows affected (0.01 sec)

Query OK, 11259 rows affected (1.52 sec)
Records: 11259  Duplicates: 0  Warnings: 0

Query OK, 0 rows affected (0.01 sec)

Query OK, 5 rows affected (0.02 sec)
Records: 5  Duplicates: 0  Warnings: 0

Query OK, 0 rows affected (0.02 sec)

Query OK, 44 rows affected (0.06 sec)
Records: 44  Duplicates: 0  Warnings: 0

mysql> mysql \. C:\workspace\cloud\code\sql\_DailyScript\currenttime.sql
+---------------------+
| currenttime         |
+---------------------+
| 2021-04-05 11:35:48 |
+---------------------+
1 row in set (0.00 sec)

mysql> 
mysql> mysql \. C:\workspace\cloud\code\sql\_DailyScript\telemetry_livetv_ranking2021.sql
Query OK, 0 rows affected (0.00 sec)

Query OK, 140 rows affected (0.03 sec)
Records: 140  Duplicates: 0  Warnings: 0

mysql> mysql \. C:\workspace\cloud\code\sql\_DailyScript\currenttime.sql
+---------------------+
| currenttime         |
+---------------------+
| 2021-04-05 11:35:48 |
+---------------------+
1 row in set (0.00 sec)

mysql> 
mysql> mysql \. C:\workspace\cloud\code\sql\_DailyScript\telemetry_radio_ranking2021.sql
Query OK, 0 rows affected (0.00 sec)

Query OK, 5 rows affected (0.01 sec)
Records: 5  Duplicates: 0  Warnings: 0

mysql> mysql \. C:\workspace\cloud\code\sql\_DailyScript\currenttime.sql
+---------------------+
| currenttime         |
+---------------------+
| 2021-04-05 11:35:49 |
+---------------------+
1 row in set (0.00 sec)

mysql> 
mysql> mysql \. C:\workspace\cloud\code\sql\_DailyScript\telemetry_ts_ranking2021.sql
Query OK, 0 rows affected (0.00 sec)

Query OK, 44 rows affected (0.02 sec)
Records: 44  Duplicates: 0  Warnings: 0

mysql> mysql \. C:\workspace\cloud\code\sql\_DailyScript\currenttime.sql
+---------------------+
| currenttime         |
+---------------------+
| 2021-04-05 11:35:49 |
+---------------------+
1 row in set (0.00 sec)

mysql> 
mysql> mysql \. C:\workspace\cloud\code\sql\_DailyScript\telemetry_vod_ranking2021.sql
Query OK, 0 rows affected (0.01 sec)

Query OK, 11259 rows affected (0.50 sec)
Records: 11259  Duplicates: 0  Warnings: 0

mysql> mysql \. C:\workspace\cloud\code\sql\_DailyScript\currenttime.sql
+---------------------+
| currenttime         |
+---------------------+
| 2021-04-05 11:35:49 |
+---------------------+
1 row in set (0.00 sec)

mysql> 
mysql> mysql \. C:\workspace\cloud\code\sql\_DailyScript\telemetry_vod_ranking2021_1.sql
Query OK, 0 rows affected (0.01 sec)

Query OK, 11259 rows affected (0.25 sec)
Records: 11259  Duplicates: 0  Warnings: 0

mysql> mysql \. C:\workspace\cloud\code\sql\_DailyScript\currenttime.sql
+---------------------+
| currenttime         |
+---------------------+
| 2021-04-05 11:35:49 |
+---------------------+
1 row in set (0.00 sec)

mysql> 
mysql> mysql \. C:\workspace\cloud\code\sql\_DailyScript\telemetry_vod_ranking2021_2.sql
Query OK, 0 rows affected (0.00 sec)

Query OK, 11259 rows affected (0.23 sec)
Records: 11259  Duplicates: 0  Warnings: 0

mysql> mysql \. C:\workspace\cloud\code\sql\_DailyScript\currenttime.sql
+---------------------+
| currenttime         |
+---------------------+
| 2021-04-05 11:35:50 |
+---------------------+
1 row in set (0.00 sec)

mysql> 
mysql> 
mysql> 
mysql> 
mysql> mysql \. C:\workspace\cloud\code\sql\_DailyScript\ticket_analysis.sql
Database changed
Query OK, 0 rows affected (0.04 sec)

Query OK, 785941 rows affected (28.40 sec)
Records: 785941  Duplicates: 0  Warnings: 0

Query OK, 0 rows affected (4.92 sec)
Records: 0  Duplicates: 0  Warnings: 0

Query OK, 0 rows affected (2.17 sec)
Records: 0  Duplicates: 0  Warnings: 0

Query OK, 0 rows affected (2.05 sec)
Records: 0  Duplicates: 0  Warnings: 0

Query OK, 0 rows affected (0.01 sec)

Query OK, 24577 rows affected (13.01 sec)
Records: 24577  Duplicates: 0  Warnings: 0

Query OK, 0 rows affected, 1 warning (0.00 sec)

Query OK, 113399 rows affected (7.97 sec)
Records: 113399  Duplicates: 0  Warnings: 0

Query OK, 0 rows affected, 1 warning (0.00 sec)

Query OK, 578085 rows affected (14.99 sec)
Records: 578085  Duplicates: 0  Warnings: 0

Query OK, 0 rows affected, 1 warning (0.00 sec)

Query OK, 578085 rows affected (15.39 sec)
Records: 578085  Duplicates: 0  Warnings: 0

Query OK, 0 rows affected (0.01 sec)

Query OK, 113507 rows affected (6.17 sec)
Records: 113507  Duplicates: 0  Warnings: 0

Database changed
Query OK, 0 rows affected (0.00 sec)

Query OK, 0 rows affected (0.04 sec)

Query OK, 785941 rows affected (24.87 sec)
Records: 785941  Duplicates: 0  Warnings: 0

Query OK, 0 rows affected (0.01 sec)

Query OK, 401691 rows affected (18.21 sec)
Records: 401691  Duplicates: 0  Warnings: 0

+--------------------------+
| clientticket_cmmtjourney |
+--------------------------+
|                   785941 |
+--------------------------+
1 row in set (2.22 sec)

+---------------------------+
| clientticket_assgnjourney |
+---------------------------+
|                    401691 |
+---------------------------+
1 row in set (0.43 sec)

Query OK, 0 rows affected (0.01 sec)

Query OK, 79 rows affected (0.10 sec)
Records: 79  Duplicates: 0  Warnings: 0

mysql> mysql \. C:\workspace\cloud\code\sql\_DailyScript\currenttime.sql
+---------------------+
| currenttime         |
+---------------------+
| 2021-04-05 11:38:11 |
+---------------------+
1 row in set (0.00 sec)

mysql> 
mysql> mysql \. C:\workspace\cloud\code\sql\_DailyScript\load_DailyCalls.sql
Database changed
Query OK, 300 rows affected (0.13 sec)
Records: 300  Deleted: 0  Skipped: 0  Warnings: 0

Query OK, 0 rows affected, 1 warning (0.00 sec)

Query OK, 300 rows affected (0.01 sec)
Records: 300  Duplicates: 0  Warnings: 0

Query OK, 0 rows affected, 1 warning (0.00 sec)

Query OK, 69040 rows affected (0.33 sec)
Records: 69040  Duplicates: 0  Warnings: 0

+----------------------+
| callingclientsbefore |
+----------------------+
|              1159131 |
+----------------------+
1 row in set (0.43 sec)

Query OK, 409 rows affected (6.13 sec)
Records: 409  Duplicates: 0  Warnings: 0

+---------------------+
| callingclientsafter |
+---------------------+
|             1159540 |
+---------------------+
1 row in set (0.31 sec)

Query OK, 0 rows affected (0.00 sec)

Query OK, 220 rows affected (3.22 sec)
Records: 220  Duplicates: 0  Warnings: 0

Query OK, 0 rows affected (0.01 sec)

Query OK, 22705 rows affected (3.79 sec)
Records: 22705  Duplicates: 0  Warnings: 0

+-----------+
| callstats |
+-----------+
|     22705 |
+-----------+
1 row in set (0.01 sec)

Query OK, 0 rows affected, 1 warning (0.00 sec)

Query OK, 409 rows affected (2.04 sec)
Records: 409  Duplicates: 0  Warnings: 0

+------------------------+
| rep_cccallreportbefore |
+------------------------+
|                1160568 |
+------------------------+
1 row in set (0.41 sec)

Query OK, 409 rows affected (0.10 sec)
Records: 409  Duplicates: 0  Warnings: 0

+-----------------------+
| rep_cccallreportafter |
+-----------------------+
|               1160977 |
+-----------------------+
1 row in set (0.31 sec)

Query OK, 0 rows affected (0.03 sec)

mysql> mysql \. C:\workspace\cloud\code\sql\_DailyScript\currenttime.sql
+---------------------+
| currenttime         |
+---------------------+
| 2021-04-05 11:38:28 |
+---------------------+
1 row in set (0.00 sec)

mysql> 
mysql> mysql \. C:\workspace\cloud\code\sql\_DailyScript\DAILY-SCRIPT-USAGE.sql
Database changed
Query OK, 0 rows affected (0.00 sec)

Query OK, 4543 rows affected, 13149 warnings (0.66 sec)
Records: 4543  Deleted: 0  Skipped: 0  Warnings: 13149

Query OK, 0 rows affected (0.00 sec)

Query OK, 7019 rows affected, 20251 warnings (0.81 sec)
Records: 7019  Deleted: 0  Skipped: 0  Warnings: 20251

Query OK, 0 rows affected (0.00 sec)

Query OK, 316 rows affected, 1112 warnings (0.07 sec)
Records: 316  Deleted: 0  Skipped: 0  Warnings: 1112

Query OK, 0 rows affected (0.00 sec)

Query OK, 145 rows affected, 509 warnings (0.05 sec)
Records: 145  Deleted: 0  Skipped: 0  Warnings: 509

+------------+
| dailyusage |
+------------+
|   17085820 |
+------------+
1 row in set (6.17 sec)

+------------+------------+------------+---------+
| datestart  | dateend    | insertedon | records |
+------------+------------+------------+---------+
| 2021-04-04 | 2021-04-04 | 2021-04-05 |   12023 |
| 2021-04-03 | 2021-04-03 | 2021-04-05 |   11925 |
| 2021-04-02 | 2021-04-02 | 2021-04-03 |   12251 |
| 2021-04-01 | 2021-04-01 | 2021-04-03 |   12212 |
| 2021-03-31 | 2021-03-31 | 2021-04-01 |   11861 |
+------------+------------+------------+---------+
5 rows in set (17.63 sec)

+----------+------------+------------+------------+---------+
| category | datestart  | dateend    | insertedon | records |
+----------+------------+------------+------------+---------+
| UNCAPPED | 2021-04-04 | 2021-04-04 | 2021-04-05 |    7019 |
| PREPAID  | 2021-04-04 | 2021-04-04 | 2021-04-05 |     316 |
| HOTSPOT  | 2021-04-04 | 2021-04-04 | 2021-04-05 |     145 |
| CAPPED   | 2021-04-04 | 2021-04-04 | 2021-04-05 |    4543 |
| UNCAPPED | 2021-04-03 | 2021-04-03 | 2021-04-05 |    6921 |
| PREPAID  | 2021-04-03 | 2021-04-03 | 2021-04-05 |     292 |
| HOTSPOT  | 2021-04-03 | 2021-04-03 | 2021-04-05 |     152 |
| CAPPED   | 2021-04-03 | 2021-04-03 | 2021-04-05 |    4560 |
| UNCAPPED | 2021-04-02 | 2021-04-02 | 2021-04-03 |    7172 |
| PREPAID  | 2021-04-02 | 2021-04-02 | 2021-04-03 |     281 |
| HOTSPOT  | 2021-04-02 | 2021-04-02 | 2021-04-03 |     180 |
| CAPPED   | 2021-04-02 | 2021-04-02 | 2021-04-03 |    4618 |
| UNCAPPED | 2021-04-01 | 2021-04-01 | 2021-04-03 |    7010 |
| PREPAID  | 2021-04-01 | 2021-04-01 | 2021-04-03 |     302 |
| HOTSPOT  | 2021-04-01 | 2021-04-01 | 2021-04-03 |     179 |
| CAPPED   | 2021-04-01 | 2021-04-01 | 2021-04-03 |    4721 |
| UNCAPPED | 2021-03-31 | 2021-03-31 | 2021-04-01 |    6880 |
| PREPAID  | 2021-03-31 | 2021-03-31 | 2021-04-01 |     286 |
| HOTSPOT  | 2021-03-31 | 2021-03-31 | 2021-04-01 |     131 |
| CAPPED   | 2021-03-31 | 2021-03-31 | 2021-04-01 |    4564 |
+----------+------------+------------+------------+---------+
20 rows in set (23.41 sec)

mysql> mysql \. C:\workspace\cloud\code\sql\_DailyScript\currenttime.sql
+---------------------+
| currenttime         |
+---------------------+
| 2021-04-05 11:39:17 |
+---------------------+
1 row in set (0.00 sec)

mysql> 
mysql> mysql \. C:\workspace\cloud\code\sql\_DailyScript\DAILY-SCRIPT-SALES-TELEMETRY.sql
Database changed
Query OK, 10 rows affected (0.03 sec)
Records: 10  Deleted: 0  Skipped: 0  Warnings: 0

+------------+
| dailysales |
+------------+
|     228767 |
+------------+
1 row in set (0.19 sec)

Query OK, 0 rows affected (0.01 sec)

Query OK, 228767 rows affected (15.64 sec)
Records: 228767  Duplicates: 0  Warnings: 0

+--------+
| sales  |
+--------+
| 228767 |
+--------+
1 row in set (0.22 sec)

Query OK, 0 rows affected (0.01 sec)

Query OK, 3753 rows affected (0.37 sec)
Records: 3753  Duplicates: 0  Warnings: 0

+----------------+
| rep_dailysales |
+----------------+
|           3753 |
+----------------+
1 row in set (0.00 sec)

Query OK, 0 rows affected (0.01 sec)

Query OK, 3753 rows affected (0.59 sec)
Records: 3753  Duplicates: 0  Warnings: 0

+-------------------+
| rep_dailysalesreg |
+-------------------+
|              3753 |
+-------------------+
1 row in set (0.00 sec)

Query OK, 0 rows affected (0.01 sec)

Query OK, 2896 rows affected (0.73 sec)
Records: 2896  Duplicates: 0  Warnings: 0

+-----------+
| saleslist |
+-----------+
|      2896 |
+-----------+
1 row in set (0.00 sec)

Database changed
ERROR 2 (HY000): File 'C:\ProgramData\MySQL\MySQL Server 5.7\Uploads\_csv\PrepaidCardSales-04042021-P1.csv' not found (Errcode: 2 - No such file or directory)
+------------------+
| dailysinglesales |
+------------------+
|             6491 |
+------------------+
1 row in set (0.01 sec)

Database changed
Query OK, 7 rows affected (0.03 sec)
Records: 7  Deleted: 0  Skipped: 0  Warnings: 0

+-----------------+
| dailyaddonsales |
+-----------------+
|           22938 |
+-----------------+
1 row in set (0.04 sec)

Query OK, 283 rows affected (0.07 sec)
Records: 283  Deleted: 0  Skipped: 0  Warnings: 0

+----------------+
| onlinepayments |
+----------------+
|         175587 |
+----------------+
1 row in set (0.09 sec)

+-------------+----------------+---------------------+
| paymentdate | onlinepayments | onlinepaymentamount |
+-------------+----------------+---------------------+
| 2021-04-04  |            283 |        175844.94000 |
| 2021-04-03  |            283 |        188046.49000 |
| 2021-04-02  |            312 |        207526.12000 |
| 2021-04-01  |            576 |        386026.55000 |
| 2021-03-31  |            324 |        204791.66000 |
+-------------+----------------+---------------------+
5 rows in set (0.55 sec)

+-------------+--------------+----------------+---------------------+
| paymentyear | paymentmonth | onlinepayments | onlinepaymentamount |
+-------------+--------------+----------------+---------------------+
|        2021 |            4 |           1454 |        957444.10000 |
|        2021 |            3 |           9164 |       5894594.15000 |
|        2021 |            2 |           8581 |       5454096.95000 |
|        2021 |            1 |           9124 |       5808374.04000 |
|        2021 |         NULL |          28323 |      18114509.24000 |
+-------------+--------------+----------------+---------------------+
5 rows in set (0.17 sec)

mysql> mysql \. C:\workspace\cloud\code\sql\_DailyScript\currenttime.sql
+---------------------+
| currenttime         |
+---------------------+
| 2021-04-05 11:39:36 |
+---------------------+
1 row in set (0.00 sec)

mysql> 
mysql> mysql \. C:\workspace\cloud\code\sql\_DailyScript\DAILY-SCRIPT-ACTIVENUMBERS.sql
Database changed
Query OK, 1146 rows affected (0.49 sec)
Records: 1146  Deleted: 0  Skipped: 0  Warnings: 0

+------------+----------+
| period     | count(1) |
+------------+----------+
| 2021-04-04 |     1146 |
| 2021-04-03 |     1146 |
| 2021-04-02 |     1145 |
| 2021-04-01 |     1145 |
| 2021-03-31 |     1145 |
+------------+----------+
5 rows in set (0.01 sec)

Query OK, 0 rows affected (0.00 sec)

Query OK, 78 rows affected (1.43 sec)
Records: 78  Duplicates: 0  Warnings: 0

+-------------+
| packagelist |
+-------------+
|          78 |
+-------------+
1 row in set (0.00 sec)

Database changed
Query OK, 0 rows affected (0.00 sec)

Query OK, 0 rows affected (0.00 sec)

Query OK, 0 rows affected (0.00 sec)

Query OK, 0 rows affected (0.00 sec)

Query OK, 28227 rows affected, 236 warnings (14.54 sec)
Records: 28227  Deleted: 0  Skipped: 0  Warnings: 236

+------------+----------+
| period     | count(1) |
+------------+----------+
| 2021-04-04 |    28227 |
| 2021-04-03 |    28521 |
| 2021-04-02 |    28509 |
| 2021-04-01 |    28749 |
| 2021-03-31 |    28900 |
+------------+----------+
5 rows in set (0.10 sec)

Query OK, 0 rows affected (0.02 sec)

Query OK, 27655 rows affected (46.63 sec)
Records: 27655  Duplicates: 0  Warnings: 0

Query OK, 0 rows affected (0.14 sec)
Records: 0  Duplicates: 0  Warnings: 0

Query OK, 0 rows affected (0.10 sec)
Records: 0  Duplicates: 0  Warnings: 0

Query OK, 0 rows affected (0.10 sec)
Records: 0  Duplicates: 0  Warnings: 0

Query OK, 0 rows affected (0.08 sec)
Records: 0  Duplicates: 0  Warnings: 0

Query OK, 0 rows affected (0.07 sec)
Records: 0  Duplicates: 0  Warnings: 0

Query OK, 0 rows affected (0.07 sec)
Records: 0  Duplicates: 0  Warnings: 0

+-------------+
| countbefore |
+-------------+
|    44689901 |
+-------------+
1 row in set (13.32 sec)

Query OK, 27655 rows affected (3.33 sec)
Records: 27655  Duplicates: 0  Warnings: 0

+------------+
| countafter |
+------------+
|   44717556 |
+------------+
1 row in set (17.77 sec)

+------------+--------------------------+
| period     | customercontractactivity |
+------------+--------------------------+
| 2021-04-04 |                    27655 |
| 2021-04-03 |                    27949 |
| 2021-04-02 |                    27937 |
| 2021-04-01 |                    28176 |
| 2021-03-31 |                    28328 |
+------------+--------------------------+
5 rows in set (0.08 sec)

Query OK, 0 rows affected, 1 warning (0.00 sec)

ERROR 1206 (HY000): The total number of locks exceeds the lock table size
ERROR 1146 (42S02): Table 'rcbill_my.customercontractsnapshot' doesn't exist
ERROR 1146 (42S02): Table 'rcbill_my.customercontractsnapshot' doesn't exist
ERROR 1146 (42S02): Table 'rcbill_my.customercontractsnapshot' doesn't exist
Query OK, 0 rows affected (0.00 sec)

Query OK, 234 rows affected (0.46 sec)
Records: 234  Duplicates: 0  Warnings: 0

Query OK, 0 rows affected (0.00 sec)

Query OK, 2711 rows affected (0.62 sec)
Records: 2711  Duplicates: 0  Warnings: 0

Query OK, 0 rows affected (0.01 sec)

Query OK, 27633 rows affected (0.56 sec)
Records: 27633  Duplicates: 0  Warnings: 0

Query OK, 0 rows affected (0.01 sec)

Query OK, 17027 rows affected (0.35 sec)
Records: 17027  Duplicates: 0  Warnings: 0

Query OK, 0 rows affected (0.00 sec)

Query OK, 17027 rows affected (0.12 sec)
Records: 17027  Duplicates: 0  Warnings: 0

Query OK, 0 rows affected (0.01 sec)

Query OK, 17027 rows affected (1.10 sec)
Records: 17027  Duplicates: 0  Warnings: 0

Query OK, 0 rows affected (0.01 sec)

Query OK, 17027 rows affected (43.76 sec)
Records: 17027  Duplicates: 0  Warnings: 0

+-------------+
| clientstats |
+-------------+
|       17027 |
+-------------+
1 row in set (0.01 sec)

Query OK, 0 rows affected (0.01 sec)

Query OK, 14 rows affected, 1 warning (0.10 sec)
Records: 14  Duplicates: 0  Warnings: 1

+-----------------------+-------------+-------------+----------------+-----------------+
| services              | activecount | allaccounts | uniqueaccounts | uniquecontracts |
+-----------------------+-------------+-------------+----------------+-----------------+
| All                   |         366 |          61 |             61 |             194 |
| Internet & OTT        |           4 |           2 |              2 |               2 |
| Internet & Voice      |         350 |         157 |            157 |             306 |
| Internet Only         |        4320 |        4204 |           4197 |            4247 |
| OTT Only              |           6 |           2 |              2 |               6 |
| TV & Internet         |        9622 |        4331 |           4324 |            8836 |
| TV & Internet & OTT   |        3511 |         889 |            887 |            1850 |
| TV & Internet & Voice |         538 |         154 |            154 |             474 |
| TV & OTT              |         566 |          93 |             91 |             115 |
| TV & Voice            |          85 |          39 |             39 |              79 |
| TV & Voice & OTT      |           6 |           2 |              2 |               4 |
| TV Only               |        8853 |        6968 |           6958 |            7155 |
| Voice Only            |         127 |         125 |            125 |             127 |
| GRAND TOTAL           |       28354 |       17027 |          16965 |           23395 |
+-----------------------+-------------+-------------+----------------+-----------------+
14 rows in set (0.00 sec)

+-------------+-------------+-------------+----------------+-----------------+
| network     | activecount | allaccounts | uniqueaccounts | uniquecontracts |
+-------------+-------------+-------------+----------------+-----------------+
| GPON        |       11050 |        5498 |           5495 |            8691 |
| HFC         |       17304 |       11529 |          11529 |           14704 |
| GRAND TOTAL |       28354 |       17027 |          16965 |           23395 |
+-------------+-------------+-------------+----------------+-----------------+
3 rows in set, 1 warning (0.11 sec)

+-------------+-----------------------+-------------+-------------+----------------+-----------------+
| network     | services              | activecount | allaccounts | uniqueaccounts | uniquecontracts |
+-------------+-----------------------+-------------+-------------+----------------+-----------------+
| GPON        | All                   |         234 |          41 |             41 |             128 |
| GPON        | Internet & Voice      |          80 |          34 |             34 |              70 |
| GPON        | Internet Only         |        1331 |        1233 |           1233 |            1260 |
| GPON        | TV & Internet         |        4615 |        2037 |           2037 |            4198 |
| GPON        | TV & Internet & OTT   |        2236 |         560 |            560 |            1174 |
| GPON        | TV & Internet & Voice |         275 |          74 |             74 |             231 |
| GPON        | TV & OTT              |         337 |          55 |             55 |              67 |
| GPON        | TV & Voice            |          50 |          23 |             23 |              47 |
| GPON        | TV & Voice & OTT      |           3 |           1 |              1 |               2 |
| GPON        | TV Only               |        1878 |        1430 |           1430 |            1503 |
| GPON        | Voice Only            |          11 |          10 |             10 |              11 |
| GPON        | Services Total        |       11050 |        5498 |           5495 |            8691 |
| HFC         | All                   |         132 |          20 |             20 |              66 |
| HFC         | Internet & OTT        |           4 |           2 |              2 |               2 |
| HFC         | Internet & Voice      |         270 |         123 |            123 |             236 |
| HFC         | Internet Only         |        2989 |        2971 |           2971 |            2987 |
| HFC         | OTT Only              |           6 |           2 |              2 |               6 |
| HFC         | TV & Internet         |        5007 |        2294 |           2294 |            4638 |
| HFC         | TV & Internet & OTT   |        1275 |         329 |            329 |             676 |
| HFC         | TV & Internet & Voice |         263 |          80 |             80 |             243 |
| HFC         | TV & OTT              |         229 |          38 |             38 |              48 |
| HFC         | TV & Voice            |          35 |          16 |             16 |              32 |
| HFC         | TV & Voice & OTT      |           3 |           1 |              1 |               2 |
| HFC         | TV Only               |        6975 |        5538 |           5538 |            5652 |
| HFC         | Voice Only            |         116 |         115 |            115 |             116 |
| HFC         | Services Total        |       17304 |       11529 |          11529 |           14704 |
| GRAND TOTAL | Services Total        |       28354 |       17027 |          16965 |           23395 |
+-------------+-----------------------+-------------+-------------+----------------+-----------------+
27 rows in set, 2 warnings (0.13 sec)

Query OK, 0 rows affected (0.01 sec)

Query OK, 43 rows affected, 3 warnings (0.18 sec)
Records: 43  Duplicates: 0  Warnings: 3

+-------------+---------------+-----------------------+-------------+-------------+----------------+-----------------+
| region      | network       | services              | activecount | allaccounts | uniqueaccounts | uniquecontracts |
+-------------+---------------+-----------------------+-------------+-------------+----------------+-----------------+
| Mahe        | GPON          | All                   |         203 |          36 |             36 |             113 |
| Mahe        | GPON          | Internet & Voice      |          66 |          27 |             27 |              56 |
| Mahe        | GPON          | Internet Only         |        1102 |        1004 |           1004 |            1031 |
| Mahe        | GPON          | TV & Internet         |        3802 |        1677 |           1677 |            3451 |
| Mahe        | GPON          | TV & Internet & OTT   |        1864 |         456 |            456 |             960 |
| Mahe        | GPON          | TV & Internet & Voice |         265 |          71 |             71 |             221 |
| Mahe        | GPON          | TV & OTT              |         296 |          40 |             40 |              51 |
| Mahe        | GPON          | TV & Voice            |          48 |          22 |             22 |              45 |
| Mahe        | GPON          | TV & Voice & OTT      |           3 |           1 |              1 |               2 |
| Mahe        | GPON          | TV Only               |        1520 |        1149 |           1149 |            1204 |
| Mahe        | GPON          | Voice Only            |          11 |          10 |             10 |              11 |
| Mahe        | GPON          | Services Total        |        9180 |        4493 |           4493 |            7145 |
| Mahe        | HFC           | All                   |         132 |          20 |             20 |              66 |
| Mahe        | HFC           | Internet & OTT        |           4 |           2 |              2 |               2 |
| Mahe        | HFC           | Internet & Voice      |         270 |         123 |            123 |             236 |
| Mahe        | HFC           | Internet Only         |        2988 |        2970 |           2970 |            2986 |
| Mahe        | HFC           | OTT Only              |           6 |           2 |              2 |               6 |
| Mahe        | HFC           | TV & Internet         |        5005 |        2293 |           2293 |            4636 |
| Mahe        | HFC           | TV & Internet & OTT   |        1275 |         329 |            329 |             676 |
| Mahe        | HFC           | TV & Internet & Voice |         263 |          80 |             80 |             243 |
| Mahe        | HFC           | TV & OTT              |         229 |          38 |             38 |              48 |
| Mahe        | HFC           | TV & Voice            |          35 |          16 |             16 |              32 |
| Mahe        | HFC           | TV & Voice & OTT      |           3 |           1 |              1 |               2 |
| Mahe        | HFC           | TV Only               |        6972 |        5536 |           5536 |            5650 |
| Mahe        | HFC           | Voice Only            |         116 |         115 |            115 |             116 |
| Mahe        | HFC           | Services Total        |       17298 |       11525 |          11525 |           14699 |
| Mahe        | Network Total | Services Total        |       26478 |       16018 |          15959 |           21844 |
| Praslin     | GPON          | All                   |          31 |           5 |              5 |              15 |
| Praslin     | GPON          | Internet & Voice      |          14 |           7 |              7 |              14 |
| Praslin     | GPON          | Internet Only         |         229 |         229 |            229 |             229 |
| Praslin     | GPON          | TV & Internet         |         813 |         360 |            360 |             747 |
| Praslin     | GPON          | TV & Internet & OTT   |         372 |         104 |            104 |             214 |
| Praslin     | GPON          | TV & Internet & Voice |          10 |           3 |              3 |              10 |
| Praslin     | GPON          | TV & OTT              |          41 |          15 |             15 |              16 |
| Praslin     | GPON          | TV & Voice            |           2 |           1 |              1 |               2 |
| Praslin     | GPON          | TV Only               |         358 |         281 |            281 |             299 |
| Praslin     | GPON          | Services Total        |        1870 |        1005 |           1005 |            1546 |
| Praslin     | HFC           | Internet Only         |           1 |           1 |              1 |               1 |
| Praslin     | HFC           | TV & Internet         |           2 |           1 |              1 |               2 |
| Praslin     | HFC           | TV Only               |           3 |           2 |              2 |               2 |
| Praslin     | HFC           | Services Total        |           6 |           4 |              4 |               5 |
| Praslin     | Network Total | Services Total        |        1876 |        1009 |           1009 |            1551 |
| GRAND TOTAL | Network Total | Services Total        |       28354 |       17027 |          16965 |           23395 |
+-------------+---------------+-----------------------+-------------+-------------+----------------+-----------------+
43 rows in set (0.00 sec)

Query OK, 0 rows affected (0.01 sec)

Query OK, 27634 rows affected (0.42 sec)
Records: 27634  Duplicates: 0  Warnings: 0

Query OK, 0 rows affected (0.01 sec)

Query OK, 2273 rows affected (0.96 sec)
Records: 2273  Duplicates: 0  Warnings: 0

+--------------------------------------+
| message                              |
+--------------------------------------+
| running rcbill_my.sp_ActiveNumber2() |
+--------------------------------------+
1 row in set (0.00 sec)

Query OK, 365 rows affected (1 min 54.74 sec)

mysql> mysql \. C:\workspace\cloud\code\sql\_DailyScript\currenttime.sql
+---------------------+
| currenttime         |
+---------------------+
| 2021-04-05 11:51:51 |
+---------------------+
1 row in set (0.00 sec)

mysql> 
mysql> mysql \. C:\workspace\cloud\code\sql\_DailyScript\GetActiveNumbers Average -Pivot.sql
Database changed
+-------------------------------------+
| @today := subdate(current_date(),1) |
+-------------------------------------+
| 2021-04-04                          |
+-------------------------------------+
1 row in set (0.00 sec)

+-------------------------------------+
| @lastdayofmonth := last_day(@today) |
+-------------------------------------+
| 2021-04-30                          |
+-------------------------------------+
1 row in set (0.00 sec)

Query OK, 0 rows affected (0.01 sec)

Query OK, 46922 rows affected, 65535 warnings (58.16 sec)
Records: 46922  Duplicates: 0  Warnings: 95182

Query OK, 0 rows affected (0.10 sec)
Records: 0  Duplicates: 0  Warnings: 0

Query OK, 0 rows affected (0.12 sec)
Records: 0  Duplicates: 0  Warnings: 0

Query OK, 0 rows affected (0.10 sec)
Records: 0  Duplicates: 0  Warnings: 0

+-----------------+
| activenumberavg |
+-----------------+
|           46922 |
+-----------------+
1 row in set (0.01 sec)

Query OK, 0 rows affected (0.01 sec)

Query OK, 1952 rows affected (0.53 sec)
Records: 1952  Duplicates: 0  Warnings: 0

+---------------------+
| rep_activenumberavg |
+---------------------+
|                1952 |
+---------------------+
1 row in set (0.00 sec)

+----------------------+
| rep_activenumberavg1 |
+----------------------+
|                  911 |
+----------------------+
1 row in set (0.00 sec)

Query OK, 0 rows affected (0.01 sec)

Query OK, 2466 rows affected (0.42 sec)
Records: 2466  Duplicates: 0  Warnings: 0

Query OK, 0 rows affected (0.01 sec)

Query OK, 12687 rows affected (0.77 sec)
Records: 12687  Duplicates: 0  Warnings: 0

Query OK, 0 rows affected (0.00 sec)

Query OK, 0 rows affected (0.01 sec)

Query OK, 0 rows affected (0.01 sec)

Query OK, 0 rows affected (0.00 sec)

Query OK, 0 rows affected (0.00 sec)
Statement prepared

Query OK, 53 rows affected (0.04 sec)
Records: 53  Duplicates: 0  Warnings: 0

Query OK, 0 rows affected (0.00 sec)

Query OK, 0 rows affected (0.00 sec)

+----------------------+
| rep_activenumberavg2 |
+----------------------+
|                 2466 |
+----------------------+
1 row in set (0.00 sec)

+------------------------+
| rep_activenumberavg_pv |
+------------------------+
|                     53 |
+------------------------+
1 row in set (0.00 sec)

Query OK, 0 rows affected (0.00 sec)

Query OK, 2465 rows affected (0.35 sec)
Records: 2465  Duplicates: 0  Warnings: 0

Query OK, 0 rows affected (0.00 sec)

Query OK, 0 rows affected (0.00 sec)

Query OK, 0 rows affected (0.00 sec)

Query OK, 0 rows affected (0.00 sec)

Query OK, 0 rows affected (0.00 sec)
Statement prepared

Query OK, 53 rows affected (0.05 sec)
Records: 53  Duplicates: 0  Warnings: 0

Query OK, 0 rows affected (0.00 sec)

Query OK, 0 rows affected (0.00 sec)

+-------------------------+
| rep_activenumberavgMahe |
+-------------------------+
|                    2465 |
+-------------------------+
1 row in set (0.00 sec)

+----------------------------+
| rep_activenumberavgMahe_pv |
+----------------------------+
|                         53 |
+----------------------------+
1 row in set (0.00 sec)

Query OK, 0 rows affected (0.00 sec)

Query OK, 1559 rows affected (0.16 sec)
Records: 1559  Duplicates: 0  Warnings: 0

Query OK, 0 rows affected (0.00 sec)

Query OK, 0 rows affected (0.00 sec)

Query OK, 0 rows affected (0.00 sec)

Query OK, 0 rows affected (0.00 sec)

Query OK, 0 rows affected (0.00 sec)
Statement prepared

Query OK, 40 rows affected (0.03 sec)
Records: 40  Duplicates: 0  Warnings: 0

Query OK, 0 rows affected (0.00 sec)

Query OK, 0 rows affected (0.00 sec)

+----------------------------+
| rep_activenumberavgPraslin |
+----------------------------+
|                       1559 |
+----------------------------+
1 row in set (0.00 sec)

+-------------------------------+
| rep_activenumberavgPraslin_pv |
+-------------------------------+
|                            40 |
+-------------------------------+
1 row in set (0.00 sec)

mysql> mysql \. C:\workspace\cloud\code\sql\_DailyScript\currenttime.sql
+---------------------+
| currenttime         |
+---------------------+
| 2021-04-05 11:52:52 |
+---------------------+
1 row in set (0.00 sec)

mysql> 
mysql> mysql \. C:\workspace\cloud\code\sql\_DailyScript\budget_actual_analysis_2021.sql
Query OK, 0 rows affected (0.01 sec)

Query OK, 716 rows affected, 3 warnings (0.11 sec)
Records: 716  Duplicates: 0  Warnings: 3

+--------------------+
| budget_actual_2021 |
+--------------------+
|                716 |
+--------------------+
1 row in set (0.00 sec)

Query OK, 0 rows affected (0.01 sec)

Query OK, 47 rows affected (0.04 sec)
Records: 47  Duplicates: 0  Warnings: 0

+---------------------------+
| rep_budget_actual_2021_pv |
+---------------------------+
|                        47 |
+---------------------------+
1 row in set (0.00 sec)

mysql> mysql \. C:\workspace\cloud\code\sql\_DailyScript\currenttime.sql
+---------------------+
| currenttime         |
+---------------------+
| 2021-04-05 11:52:52 |
+---------------------+
1 row in set (0.00 sec)

mysql> 
mysql> mysql \. C:\workspace\cloud\code\sql\_DailyScript\reports-sales-addons-prepaid-camera.sql
Database changed
Query OK, 0 rows affected (0.01 sec)

Query OK, 4268 rows affected (0.19 sec)
Records: 4268  Duplicates: 0  Warnings: 0

Query OK, 0 rows affected (0.01 sec)

Query OK, 22982 rows affected (5.71 sec)
Records: 22982  Duplicates: 0  Warnings: 0

+--------------------+
| rep_prepaid_camera |
+--------------------+
|               4268 |
+--------------------+
1 row in set (0.01 sec)

+-----------+
| rep_addon |
+-----------+
|     22982 |
+-----------+
1 row in set (0.01 sec)

mysql> mysql \. C:\workspace\cloud\code\sql\_DailyScript\currenttime.sql
+---------------------+
| currenttime         |
+---------------------+
| 2021-04-05 11:52:58 |
+---------------------+
1 row in set (0.00 sec)

mysql> 
mysql> mysql \. C:\workspace\cloud\code\sql\_DailyScript\RCB_ClientAnalyticsReport_Script.sql
Database changed
Query OK, 0 rows affected (0.00 sec)

Query OK, 0 rows affected (0.04 sec)

Query OK, 2047774 rows affected (1 min 18.07 sec)
Records: 2047774  Duplicates: 0  Warnings: 0

Query OK, 0 rows affected (5.57 sec)
Records: 0  Duplicates: 0  Warnings: 0

Query OK, 0 rows affected (5.15 sec)
Records: 0  Duplicates: 0  Warnings: 0

Query OK, 0 rows affected (8.38 sec)
Records: 0  Duplicates: 0  Warnings: 0

Query OK, 0 rows affected (8.86 sec)
Records: 0  Duplicates: 0  Warnings: 0

Query OK, 0 rows affected (10.04 sec)
Records: 0  Duplicates: 0  Warnings: 0

Query OK, 0 rows affected (7.17 sec)
Records: 0  Duplicates: 0  Warnings: 0

Query OK, 0 rows affected (0.00 sec)

Query OK, 508723 rows affected (16.56 sec)
Rows matched: 2047774  Changed: 508723  Warnings: 0

Query OK, 0 rows affected (0.01 sec)

Query OK, 28592 rows affected (4.19 sec)
Records: 28592  Duplicates: 0  Warnings: 0

+---------------------+
| clientcontractssubs |
+---------------------+
|               28592 |
+---------------------+
1 row in set (0.01 sec)

Query OK, 0 rows affected (0.01 sec)

Query OK, 44785 rows affected (10 min 37.89 sec)
Records: 44785  Duplicates: 0  Warnings: 0

Query OK, 0 rows affected (0.17 sec)
Records: 0  Duplicates: 0  Warnings: 0

Query OK, 0 rows affected (0.14 sec)
Records: 0  Duplicates: 0  Warnings: 0

Query OK, 0 rows affected (0.09 sec)
Records: 0  Duplicates: 0  Warnings: 0

+-----------------------+
| clientcontracthistory |
+-----------------------+
|                 44785 |
+-----------------------+
1 row in set (0.01 sec)

Query OK, 0 rows affected (0.02 sec)

Query OK, 2781069 rows affected (1 min 29.09 sec)
Records: 2781069  Duplicates: 0  Warnings: 0

Query OK, 0 rows affected (0.02 sec)

Query OK, 476888 rows affected (6 min 41.95 sec)
Records: 476888  Duplicates: 0  Warnings: 0

Query OK, 0 rows affected (1.66 sec)
Records: 0  Duplicates: 0  Warnings: 0

Query OK, 0 rows affected (0.79 sec)
Records: 0  Duplicates: 0  Warnings: 0

Query OK, 0 rows affected (1.80 sec)
Records: 0  Duplicates: 0  Warnings: 0

Query OK, 0 rows affected (0.86 sec)
Records: 0  Duplicates: 0  Warnings: 0

+--------------------------+
| clientcontractinvpmt_stg |
+--------------------------+
|                   476888 |
+--------------------------+
1 row in set (0.13 sec)

Query OK, 0 rows affected (0.02 sec)

Query OK, 476888 rows affected (13.23 sec)
Records: 476888  Duplicates: 0  Warnings: 0

Query OK, 0 rows affected (2.11 sec)
Records: 0  Duplicates: 0  Warnings: 0

Query OK, 0 rows affected (0.82 sec)
Records: 0  Duplicates: 0  Warnings: 0

Query OK, 0 rows affected (1.85 sec)
Records: 0  Duplicates: 0  Warnings: 0

Query OK, 0 rows affected (0.91 sec)
Records: 0  Duplicates: 0  Warnings: 0

+----------------------+
| clientcontractinvpmt |
+----------------------+
|               476888 |
+----------------------+
1 row in set (0.14 sec)

Query OK, 0 rows affected (0.03 sec)

Query OK, 44785 rows affected (1 min 24.50 sec)
Records: 44785  Duplicates: 0  Warnings: 0

+--------------+
| clientreport |
+--------------+
|        44785 |
+--------------+
1 row in set (0.02 sec)

Query OK, 0 rows affected (0.01 sec)

Query OK, 44785 rows affected (5.82 sec)
Records: 44785  Duplicates: 0  Warnings: 0

+----------------------+
| clientextendedreport |
+----------------------+
|                44785 |
+----------------------+
1 row in set (0.01 sec)

Query OK, 0 rows affected (0.01 sec)

Query OK, 44785 rows affected (1 min 0.86 sec)
Records: 44785  Duplicates: 0  Warnings: 0

+---------+
| allcust |
+---------+
|   44785 |
+---------+
1 row in set (0.02 sec)

Query OK, 0 rows affected, 1 warning (0.00 sec)

Query OK, 5000 rows affected (0.14 sec)
Records: 5000  Duplicates: 0  Warnings: 0

Query OK, 0 rows affected (0.01 sec)

Query OK, 6828 rows affected (0.27 sec)
Records: 6828  Duplicates: 0  Warnings: 0

Query OK, 0 rows affected, 1 warning (0.00 sec)

Query OK, 5000 rows affected (0.13 sec)
Records: 5000  Duplicates: 0  Warnings: 0

Query OK, 0 rows affected (0.01 sec)

Query OK, 7272 rows affected (0.18 sec)
Records: 7272  Duplicates: 0  Warnings: 0

mysql> mysql \. C:\workspace\cloud\code\sql\_DailyScript\currenttime.sql
+---------------------+
| currenttime         |
+---------------------+
| 2021-04-05 12:17:08 |
+---------------------+
1 row in set (0.00 sec)

mysql> 
mysql> 
mysql> mysql \. C:\workspace\cloud\code\sql\_DailyScript\REVENUE_PER_NODE_MXK.sql
Query OK, 0 rows affected (0.01 sec)

Query OK, 0 rows affected (0.01 sec)

Query OK, 0 rows affected (0.01 sec)

ERROR 1146 (42S02): Table 'rcbill_my.customercontractsnapshot' doesn't exist
+----------------------+
| message              |
+----------------------+
| created temp table a |
+----------------------+
1 row in set (0.00 sec)

Query OK, 6786 rows affected (0.94 sec)
Records: 6786  Duplicates: 0  Warnings: 0

+----------------------+
| message              |
+----------------------+
| created temp table b |
+----------------------+
1 row in set (0.00 sec)

Query OK, 0 rows affected, 1 warning (0.00 sec)

ERROR 1146 (42S02): Table 'rcbill.a' doesn't exist
+--------------------------------+
| message                        |
+--------------------------------+
| created rcbill_my.tempcustmxk1 |
+--------------------------------+
1 row in set (0.00 sec)

Query OK, 0 rows affected, 1 warning (0.00 sec)

Query OK, 0 rows affected (0.00 sec)

Query OK, 0 rows affected, 1 warning (0.00 sec)

ERROR 1146 (42S02): Table 'rcbill_my.customercontractsnapshot' doesn't exist
+----------------+
| message        |
+----------------+
| created temp a |
+----------------+
1 row in set (0.00 sec)

Query OK, 6786 rows affected (0.81 sec)
Records: 6786  Duplicates: 0  Warnings: 0

+----------------+
| message        |
+----------------+
| created temp b |
+----------------+
1 row in set (0.00 sec)

Query OK, 0 rows affected, 1 warning (0.00 sec)

ERROR 1146 (42S02): Table 'rcbill.a' doesn't exist
+--------------------------------+
| message                        |
+--------------------------------+
| created rcbill_my.tempcustmxk2 |
+--------------------------------+
1 row in set (0.00 sec)

Query OK, 0 rows affected, 1 warning (0.00 sec)

Query OK, 0 rows affected (0.00 sec)

Query OK, 0 rows affected, 1 warning (0.00 sec)

Query OK, 0 rows affected (0.01 sec)

ERROR 1146 (42S02): Table 'rcbill_my.tempcustmxk1' doesn't exist
+---------------------------------+
| message                         |
+---------------------------------+
| created rcbill_my.customers_mxk |
+---------------------------------+
1 row in set (0.00 sec)

Query OK, 0 rows affected, 1 warning (0.00 sec)

Query OK, 0 rows affected, 1 warning (0.00 sec)

ERROR 1146 (42S02): Table 'rcbill_my.customercontractsnapshot' doesn't exist
+----------------+
| message        |
+----------------+
| created temp a |
+----------------+
1 row in set (0.00 sec)

Query OK, 17831 rows affected (1.94 sec)
Records: 17831  Duplicates: 0  Warnings: 0

+----------------+
| message        |
+----------------+
| created temp c |
+----------------+
1 row in set (0.00 sec)

Query OK, 0 rows affected, 1 warning (0.00 sec)

ERROR 1146 (42S02): Table 'rcbill.a' doesn't exist
+---------------------------------+
| message                         |
+---------------------------------+
| created rcbill_my.tempcustcmts1 |
+---------------------------------+
1 row in set (0.00 sec)

Query OK, 0 rows affected, 1 warning (0.00 sec)

Query OK, 0 rows affected, 1 warning (0.00 sec)

Query OK, 0 rows affected (0.01 sec)

ERROR 1146 (42S02): Table 'rcbill_my.customercontractsnapshot' doesn't exist
+----------------+
| message        |
+----------------+
| created temp a |
+----------------+
1 row in set (0.00 sec)

Query OK, 17831 rows affected (1.64 sec)
Records: 17831  Duplicates: 0  Warnings: 0

+----------------+
| message        |
+----------------+
| created temp c |
+----------------+
1 row in set (0.00 sec)

Query OK, 0 rows affected, 1 warning (0.00 sec)

ERROR 1146 (42S02): Table 'rcbill.a' doesn't exist
+---------------------------------+
| message                         |
+---------------------------------+
| created rcbill_my.tempcustcmts2 |
+---------------------------------+
1 row in set (0.00 sec)

Query OK, 0 rows affected, 1 warning (0.00 sec)

Query OK, 0 rows affected, 1 warning (0.00 sec)

Query OK, 0 rows affected (0.01 sec)

Query OK, 0 rows affected (0.01 sec)

ERROR 1146 (42S02): Table 'rcbill_my.tempcustcmts1' doesn't exist
+----------------------------------+
| message                          |
+----------------------------------+
| created rcbill_my.customers_cmts |
+----------------------------------+
1 row in set (0.00 sec)

Query OK, 0 rows affected, 1 warning (0.00 sec)

Query OK, 0 rows affected, 1 warning (0.00 sec)

Query OK, 0 rows affected (0.01 sec)

ERROR 1146 (42S02): Table 'rcbill_my.customers_cmts' doesn't exist
+--------------------------------------+
| message                              |
+--------------------------------------+
| created rcbill_my.customers_cmts_mxk |
+--------------------------------------+
1 row in set (0.00 sec)

ERROR 1146 (42S02): Table 'rcbill_my.customercontractsnapshot' doesn't exist
+----------------+
| message        |
+----------------+
| created temp a |
+----------------+
1 row in set (0.00 sec)

Query OK, 0 rows affected (0.04 sec)

ERROR 1146 (42S02): Table 'rcbill.a' doesn't exist
+------------------------------------------------+
| message                                        |
+------------------------------------------------+
| created rcbill_my.customers_contracts_cmts_mxk |
+------------------------------------------------+
1 row in set (0.00 sec)

Query OK, 0 rows affected, 1 warning (0.00 sec)

Query OK, 0 rows affected, 1 warning (0.00 sec)

Query OK, 0 rows affected, 1 warning (0.00 sec)

Query OK, 0 rows affected (0.00 sec)

ERROR 1146 (42S02): Table 'rcbill_my.customers_contracts_cmts_mxk' doesn't exist
+------------------------------------------------+
| message                                        |
+------------------------------------------------+
| updated rcbill_my.customers_contracts_cmts_mxk |
+------------------------------------------------+
1 row in set (0.00 sec)

Query OK, 0 rows affected (0.02 sec)

Query OK, 2102466 rows affected (3 min 53.79 sec)
Records: 2102466  Duplicates: 0  Warnings: 0

+----------------------------------------+
| message                                |
+----------------------------------------+
| created rcbill_my.customers_collection |
+----------------------------------------+
1 row in set (0.00 sec)

Query OK, 0 rows affected (0.04 sec)

ERROR 1146 (42S02): Table 'rcbill_my.customers_contracts_cmts_mxk' doesn't exist
+------------------------------------------------+
| message                                        |
+------------------------------------------------+
| created rcbill_my.customers_cmts_mxk_cont_coll |
+------------------------------------------------+
1 row in set (0.00 sec)

Query OK, 0 rows affected (0.02 sec)

Query OK, 459516 rows affected (2 min 47.24 sec)
Records: 459516  Duplicates: 0  Warnings: 0

+--------------------------------------------------------+
| message                                                |
+--------------------------------------------------------+
| created rcbill_my.customers_contracts_collection_pivot |
+--------------------------------------------------------+
1 row in set (0.00 sec)

Query OK, 0 rows affected (0.01 sec)

Query OK, 40807 rows affected (2 min 48.96 sec)
Records: 40807  Duplicates: 0  Warnings: 0

+----------------------------------------------+
| message                                      |
+----------------------------------------------+
| created rcbill_my.customers_collection_pivot |
+----------------------------------------------+
1 row in set (0.00 sec)

Query OK, 0 rows affected (0.01 sec)

Query OK, 44785 rows affected (3.70 sec)
Records: 44785  Duplicates: 0  Warnings: 0

+--------------------------------------------+
| message                                    |
+--------------------------------------------+
| created rcbill_my.rep_customers_collection |
+--------------------------------------------+
1 row in set (0.00 sec)

Query OK, 0 rows affected (0.00 sec)

Query OK, 0 rows affected, 1 warning (0.00 sec)

ERROR 1146 (42S02): Table 'rcbill_my.customers_contracts_cmts_mxk' doesn't exist
+-------------------------+
| message                 |
+-------------------------+
| created rcbill_my.tempa |
+-------------------------+
1 row in set (0.00 sec)

Query OK, 0 rows affected, 1 warning (0.00 sec)

Query OK, 459516 rows affected (25.78 sec)
Records: 459516  Duplicates: 0  Warnings: 0

+-------------------------+
| message                 |
+-------------------------+
| created rcbill_my.tempb |
+-------------------------+
1 row in set (0.00 sec)

ERROR 1146 (42S02): Table 'rcbill_my.tempa' doesn't exist
+-----------+
| message   |
+-----------+
| created a |
+-----------+
1 row in set (0.00 sec)

ERROR 1146 (42S02): Table 'rcbill_my.tempa' doesn't exist
+-----------+
| message   |
+-----------+
| created b |
+-----------+
1 row in set (0.00 sec)

Query OK, 0 rows affected, 1 warning (0.00 sec)

Query OK, 0 rows affected (0.03 sec)

Query OK, 0 rows affected (0.03 sec)

ERROR 1146 (42S02): Table 'rcbill.a' doesn't exist
+----------------------------------------------+
| message                                      |
+----------------------------------------------+
| created rcbill_my.cust_cont_payment_cmts_mxk |
+----------------------------------------------+
1 row in set (0.00 sec)

Query OK, 0 rows affected, 1 warning (0.00 sec)

Query OK, 0 rows affected, 1 warning (0.00 sec)

Query OK, 0 rows affected, 1 warning (0.00 sec)

Query OK, 0 rows affected (0.01 sec)

ERROR 1146 (42S02): Table 'rcbill_my.cust_cont_payment_cmts_mxk' doesn't exist
+--------------------------------------------------+
| message                                          |
+--------------------------------------------------+
| created rcbill_my.rep_cust_cont_payment_cmts_mxk |
+--------------------------------------------------+
1 row in set (0.00 sec)

Query OK, 0 rows affected, 1 warning (0.00 sec)

Query OK, 0 rows affected, 1 warning (0.00 sec)

Query OK, 0 rows affected (0.01 sec)

ERROR 1146 (42S02): Table 'rcbill_my.rep_cust_cont_payment_cmts_mxk' doesn't exist
ERROR 1146 (42S02): Table 'rcbill_my.rep_custconsolidated' doesn't exist
Query OK, 0 rows affected (0.01 sec)

+------------------------------------+
| message                            |
+------------------------------------+
| creating rcbill_my.rep_custextract |
+------------------------------------+
1 row in set (0.00 sec)

ERROR 1146 (42S02): Table 'rcbill_my.rep_custconsolidated' doesn't exist
ERROR 1146 (42S02): Table 'rcbill_my.rep_custextract' doesn't exist
Query OK, 0 rows affected (0.00 sec)

Query OK, 0 rows affected (0.03 sec)

+----------------------------------------------+
| message                                      |
+----------------------------------------------+
| creating rcbill_my.retentioncustomeractivity |
+----------------------------------------------+
1 row in set (0.00 sec)

ERROR 1146 (42S02): Table 'rcbill_my.rep_custconsolidated' doesn't exist
ERROR 1146 (42S02): Table 'rcbill_my.retentioncustomeractivity' doesn't exist
ERROR 1146 (42S02): Table 'rcbill_my.customers_cmts' doesn't exist
ERROR 1146 (42S02): Table 'rcbill_my.customers_mxk' doesn't exist
mysql> mysql \. C:\workspace\cloud\code\sql\_DailyScript\currenttime.sql
+---------------------+
| currenttime         |
+---------------------+
| 2021-04-05 12:27:14 |
+---------------------+
1 row in set (0.00 sec)

mysql> 
mysql> mysql \. C:\workspace\cloud\code\sql\_DailyScript\housing-estate-analysis.sql
Database changed
Query OK, 0 rows affected (0.00 sec)

ERROR 1146 (42S02): Table 'rcbill_my.rep_custconsolidated' doesn't exist
ERROR 1146 (42S02): Table 'rcbill_my.rep_housingestates' doesn't exist
mysql> mysql \. C:\workspace\cloud\code\sql\_DailyScript\currenttime.sql
+---------------------+
| currenttime         |
+---------------------+
| 2021-04-05 12:27:14 |
+---------------------+
1 row in set (0.00 sec)

mysql> 
mysql> 
mysql> mysql \. C:\workspace\cloud\code\sql\Analysis\service_tickets_assignments.sql
Query OK, 0 rows affected (0.01 sec)

ERROR 1146 (42S02): Table 'rcbill_my.customercontractsnapshot' doesn't exist
ERROR 1146 (42S02): Table 'rcbill_my.rep_servicetickets_2021' doesn't exist
mysql> mysql \. C:\workspace\cloud\code\sql\_DailyScript\currenttime.sql
+---------------------+
| currenttime         |
+---------------------+
| 2021-04-05 12:27:14 |
+---------------------+
1 row in set (0.00 sec)

mysql> 
mysql> mysql \. C:\workspace\cloud\code\sql\_DailyScript\DAILY-SCRIPT-USAGESTATS.sql
Database changed
Query OK, 0 rows affected (0.11 sec)

Query OK, 28159567 rows affected, 65535 warnings (13 min 40.91 sec)
Records: 28159567  Duplicates: 0  Warnings: 28151227

Query OK, 0 rows affected (1 min 19.62 sec)
Records: 0  Duplicates: 0  Warnings: 0

Query OK, 0 rows affected (1 min 16.15 sec)
Records: 0  Duplicates: 0  Warnings: 0

Query OK, 0 rows affected (1 min 17.94 sec)
Records: 0  Duplicates: 0  Warnings: 0

Query OK, 0 rows affected (1 min 8.74 sec)
Records: 0  Duplicates: 0  Warnings: 0

Query OK, 0 rows affected (1 min 52.80 sec)
Records: 0  Duplicates: 0  Warnings: 0

Query OK, 0 rows affected (2 min 2.24 sec)
Records: 0  Duplicates: 0  Warnings: 0

Query OK, 0 rows affected (1 min 49.46 sec)
Records: 0  Duplicates: 0  Warnings: 0

Query OK, 0 rows affected (1 min 14.99 sec)
Records: 0  Duplicates: 0  Warnings: 0

+----------+
| ipusage  |
+----------+
| 28159567 |
+----------+
1 row in set (9.08 sec)

Query OK, 0 rows affected (0.06 sec)

Query OK, 7561891 rows affected (6 min 50.79 sec)
Records: 7561891  Duplicates: 0  Warnings: 0

Query OK, 0 rows affected (25.20 sec)
Records: 0  Duplicates: 0  Warnings: 0

Query OK, 0 rows affected (20.85 sec)
Records: 0  Duplicates: 0  Warnings: 0

Query OK, 0 rows affected (25.92 sec)
Records: 0  Duplicates: 0  Warnings: 0

Query OK, 0 rows affected (31.78 sec)
Records: 0  Duplicates: 0  Warnings: 0

Query OK, 0 rows affected (25.47 sec)
Records: 0  Duplicates: 0  Warnings: 0

+------------------+
| clientcontractip |
+------------------+
|          7561891 |
+------------------+
1 row in set (2.19 sec)

Query OK, 0 rows affected (0.07 sec)

Query OK, 13822850 rows affected (2 min 37.57 sec)
Records: 13822850  Duplicates: 0  Warnings: 0

+---------------------------+
| clientcontractipusage_stg |
+---------------------------+
|                  13822850 |
+---------------------------+
1 row in set (5.21 sec)

+------------------------------------+
| clientcontractipusage_beforeinsert |
+------------------------------------+
|                           13822850 |
+------------------------------------+
1 row in set (6.31 sec)

Query OK, 23459 rows affected (15.41 sec)
Records: 23459  Duplicates: 0  Warnings: 0

+-----------------------------------+
| clientcontractipusage_afterinsert |
+-----------------------------------+
|                          13846309 |
+-----------------------------------+
1 row in set (5.98 sec)

+------------+----------+
| usagedate  | count(*) |
+------------+----------+
| 2021-04-04 |    11718 |
| 2021-04-03 |    11741 |
| 2021-04-02 |    11990 |
| 2021-04-01 |    12104 |
| 2021-03-31 |    11643 |
| 2021-03-30 |    11576 |
| 2021-03-29 |    11468 |
| 2021-03-28 |    11294 |
| 2021-03-27 |    11384 |
| 2021-03-26 |    11043 |
| 2021-03-25 |    10375 |
| 2021-03-24 |    10739 |
| 2021-03-23 |    10139 |
| 2021-03-22 |    10121 |
| 2021-03-21 |    10070 |
+------------+----------+
15 rows in set (0.07 sec)

Query OK, 0 rows affected (0.02 sec)

Query OK, 609342 rows affected (57.24 sec)
Records: 609342  Duplicates: 0  Warnings: 0

Query OK, 0 rows affected (2.00 sec)
Records: 0  Duplicates: 0  Warnings: 0

Query OK, 0 rows affected (1.82 sec)
Records: 0  Duplicates: 0  Warnings: 0

Query OK, 0 rows affected (2.18 sec)
Records: 0  Duplicates: 0  Warnings: 0

Query OK, 0 rows affected (1.28 sec)
Records: 0  Duplicates: 0  Warnings: 0

Query OK, 0 rows affected (1.17 sec)
Records: 0  Duplicates: 0  Warnings: 0

Query OK, 0 rows affected (1.30 sec)
Records: 0  Duplicates: 0  Warnings: 0

Query OK, 0 rows affected (1.27 sec)
Records: 0  Duplicates: 0  Warnings: 0

+-----------------------+
| clientcontractipmonth |
+-----------------------+
|                609342 |
+-----------------------+
1 row in set (0.17 sec)

mysql> mysql \. C:\workspace\cloud\code\sql\_DailyScript\currenttime.sql
+---------------------+
| currenttime         |
+---------------------+
| 2021-04-05 13:06:27 |
+---------------------+
1 row in set (0.00 sec)

mysql> 
mysql> exit
