    -> 
    -> mysql \. C:\workspace\cloud\code\sql\_DailyScript\_setdates.sql
Query OK, 0 rows affected (0.01 sec)

Query OK, 0 rows affected (1.71 sec)

Database changed
Query OK, 0 rows affected (0.00 sec)

Query OK, 0 rows affected (0.00 sec)

Query OK, 0 rows affected (0.00 sec)

Query OK, 0 rows affected (0.00 sec)

Query OK, 0 rows affected (0.00 sec)

Query OK, 0 rows affected (0.00 sec)

Query OK, 0 rows affected (0.00 sec)

Query OK, 0 rows affected (0.00 sec)

Query OK, 0 rows affected (0.00 sec)

Query OK, 0 rows affected (0.00 sec)

Query OK, 0 rows affected (0.00 sec)

Query OK, 0 rows affected (0.00 sec)

Query OK, 0 rows affected (0.00 sec)

Query OK, 0 rows affected (0.00 sec)

Query OK, 0 rows affected (0.00 sec)

Query OK, 0 rows affected (0.00 sec)

Query OK, 0 rows affected (0.00 sec)

Query OK, 0 rows affected (0.00 sec)

Query OK, 0 rows affected (0.00 sec)

Query OK, 0 rows affected (0.00 sec)

Query OK, 0 rows affected (0.00 sec)

Query OK, 0 rows affected (0.00 sec)

mysql> mysql \. C:\workspace\cloud\code\sql\_DailyScript\currenttime.sql
+---------------------+
| currenttime         |
+---------------------+
| 2021-12-06 09:12:08 |
+---------------------+
1 row in set (0.00 sec)

mysql> 
mysql> mysql \. C:\workspace\cloud\code\sql\_DailyScript\load_RCB_VODTITLES.sql
Database changed
Query OK, 0 rows affected (0.00 sec)

Query OK, 16959 rows affected (0.17 sec)

Query OK, 16965 rows affected, 16965 warnings (0.45 sec)
Records: 16965  Deleted: 0  Skipped: 0  Warnings: 16965

Query OK, 0 rows affected (0.00 sec)

Query OK, 2 rows affected (0.02 sec)

+-----------+
| VODTITLES |
+-----------+
|     17423 |
+-----------+
1 row in set (0.01 sec)

+-----------+-----------+
| titletype | typecount |
+-----------+-----------+
| E         |     14453 |
| N         |       245 |
| T         |      2265 |
| NULL      |     16963 |
+-----------+-----------+
4 rows in set (0.06 sec)

mysql> mysql \. C:\workspace\cloud\code\sql\_DailyScript\currenttime.sql
+---------------------+
| currenttime         |
+---------------------+
| 2021-12-06 09:12:09 |
+---------------------+
1 row in set (0.00 sec)

mysql> 
mysql> 
mysql> 
mysql> 
mysql> 
mysql> 
mysql> 
mysql> 
mysql> 
mysql> 
mysql> 
mysql> 
mysql> 
mysql> 
mysql> 
mysql> 
mysql> 
mysql> 
mysql> 
mysql> 
mysql> 
mysql> 
mysql> 
mysql> 
mysql> 
mysql> 
mysql> 
mysql> 
mysql> 
mysql> 
mysql> 
mysql> 
mysql> 
mysql> 
mysql> 
mysql> 
mysql> 
mysql> mysql \. C:\workspace\cloud\code\sql\_DailyScript\load_DailyCalls.sql
Database changed
Query OK, 453 rows affected (0.19 sec)
Records: 453  Deleted: 0  Skipped: 0  Warnings: 0

Query OK, 0 rows affected, 1 warning (0.00 sec)

Query OK, 453 rows affected (0.04 sec)
Records: 453  Duplicates: 0  Warnings: 0

Query OK, 0 rows affected, 1 warning (0.00 sec)

Query OK, 93845 rows affected (0.37 sec)
Records: 93845  Duplicates: 0  Warnings: 0

+----------------------+
| callingclientsbefore |
+----------------------+
|              1323917 |
+----------------------+
1 row in set (0.58 sec)

Query OK, 643 rows affected (11.96 sec)
Records: 643  Duplicates: 0  Warnings: 0

+---------------------+
| callingclientsafter |
+---------------------+
|             1324560 |
+---------------------+
1 row in set (0.35 sec)

Query OK, 0 rows affected (0.01 sec)

Query OK, 308 rows affected (5.55 sec)
Records: 308  Duplicates: 0  Warnings: 0

Query OK, 0 rows affected (0.00 sec)

Query OK, 25715 rows affected (5.70 sec)
Records: 25715  Duplicates: 0  Warnings: 0

+-----------+
| callstats |
+-----------+
|     25715 |
+-----------+
1 row in set (0.01 sec)

Query OK, 0 rows affected, 1 warning (0.00 sec)

Query OK, 643 rows affected (3.52 sec)
Records: 643  Duplicates: 0  Warnings: 0

+------------------------+
| rep_cccallreportbefore |
+------------------------+
|                1324165 |
+------------------------+
1 row in set (0.35 sec)

Query OK, 643 rows affected (0.18 sec)
Records: 643  Duplicates: 0  Warnings: 0

+-----------------------+
| rep_cccallreportafter |
+-----------------------+
|               1324808 |
+-----------------------+
1 row in set (0.35 sec)

Query OK, 0 rows affected (0.01 sec)

mysql> mysql \. C:\workspace\cloud\code\sql\_DailyScript\currenttime.sql
+---------------------+
| currenttime         |
+---------------------+
| 2021-12-06 09:12:43 |
+---------------------+
1 row in set (0.00 sec)

mysql> 
mysql> mysql \. C:\workspace\cloud\code\sql\_DailyScript\DAILY-SCRIPT-USAGE.sql
Database changed
Query OK, 0 rows affected (0.00 sec)

Query OK, 4035 rows affected, 11697 warnings (1.31 sec)
Records: 4035  Deleted: 0  Skipped: 0  Warnings: 11697

Query OK, 0 rows affected (0.00 sec)

Query OK, 6305 rows affected, 18203 warnings (1.41 sec)
Records: 6305  Deleted: 0  Skipped: 0  Warnings: 18203

Query OK, 0 rows affected (0.00 sec)

Query OK, 346 rows affected, 1236 warnings (0.05 sec)
Records: 346  Deleted: 0  Skipped: 0  Warnings: 1236

Query OK, 0 rows affected (0.00 sec)

Query OK, 176 rows affected, 597 warnings (0.03 sec)
Records: 176  Deleted: 0  Skipped: 0  Warnings: 597

+------------+
| dailyusage |
+------------+
|   19833019 |
+------------+
1 row in set (8.19 sec)

+------------+------------+------------+---------+
| datestart  | dateend    | insertedon | records |
+------------+------------+------------+---------+
| 2021-12-03 | 2021-12-03 | 2021-12-06 |   10862 |
| 2021-12-02 | 2021-12-02 | 2021-12-03 |   10916 |
| 2021-12-01 | 2021-12-01 | 2021-12-02 |   10967 |
| 2021-11-30 | 2021-11-30 | 2021-12-01 |   10882 |
| 2021-11-29 | 2021-11-29 | 2021-11-30 |   11074 |
+------------+------------+------------+---------+
5 rows in set (47.04 sec)

+----------+------------+------------+------------+---------+
| category | datestart  | dateend    | insertedon | records |
+----------+------------+------------+------------+---------+
| UNCAPPED | 2021-12-03 | 2021-12-03 | 2021-12-06 |    6305 |
| PREPAID  | 2021-12-03 | 2021-12-03 | 2021-12-06 |     346 |
| HOTSPOT  | 2021-12-03 | 2021-12-03 | 2021-12-06 |     176 |
| CAPPED   | 2021-12-03 | 2021-12-03 | 2021-12-06 |    4035 |
| UNCAPPED | 2021-12-02 | 2021-12-02 | 2021-12-03 |    6299 |
| PREPAID  | 2021-12-02 | 2021-12-02 | 2021-12-03 |     375 |
| HOTSPOT  | 2021-12-02 | 2021-12-02 | 2021-12-03 |     194 |
| CAPPED   | 2021-12-02 | 2021-12-02 | 2021-12-03 |    4048 |
| UNCAPPED | 2021-12-01 | 2021-12-01 | 2021-12-02 |    6297 |
| PREPAID  | 2021-12-01 | 2021-12-01 | 2021-12-02 |     409 |
| HOTSPOT  | 2021-12-01 | 2021-12-01 | 2021-12-02 |     201 |
| CAPPED   | 2021-12-01 | 2021-12-01 | 2021-12-02 |    4060 |
| UNCAPPED | 2021-11-30 | 2021-11-30 | 2021-12-01 |    6312 |
| PREPAID  | 2021-11-30 | 2021-11-30 | 2021-12-01 |     347 |
| HOTSPOT  | 2021-11-30 | 2021-11-30 | 2021-12-01 |     208 |
| CAPPED   | 2021-11-30 | 2021-11-30 | 2021-12-01 |    4015 |
| UNCAPPED | 2021-11-29 | 2021-11-29 | 2021-11-30 |    6522 |
| PREPAID  | 2021-11-29 | 2021-11-29 | 2021-11-30 |     347 |
| HOTSPOT  | 2021-11-29 | 2021-11-29 | 2021-11-30 |     204 |
| CAPPED   | 2021-11-29 | 2021-11-29 | 2021-11-30 |    4001 |
+----------+------------+------------+------------+---------+
20 rows in set (29.77 sec)

mysql> mysql \. C:\workspace\cloud\code\sql\_DailyScript\currenttime.sql
+---------------------+
| currenttime         |
+---------------------+
| 2021-12-06 09:14:11 |
+---------------------+
1 row in set (0.00 sec)

mysql> 
mysql> mysql \. C:\workspace\cloud\code\sql\_DailyScript\DAILY-SCRIPT-SALES-TELEMETRY.sql
Database changed
Query OK, 133 rows affected, 73 warnings (0.04 sec)
Records: 133  Deleted: 0  Skipped: 0  Warnings: 73

+------------+
| dailysales |
+------------+
|     255152 |
+------------+
1 row in set (0.29 sec)

Query OK, 0 rows affected (0.01 sec)

Query OK, 255152 rows affected (17.41 sec)
Records: 255152  Duplicates: 0  Warnings: 0

+--------+
| sales  |
+--------+
| 255152 |
+--------+
1 row in set (0.11 sec)

Query OK, 0 rows affected (0.01 sec)

Query OK, 4255 rows affected (0.42 sec)
Records: 4255  Duplicates: 0  Warnings: 0

+----------------+
| rep_dailysales |
+----------------+
|           4255 |
+----------------+
1 row in set (0.00 sec)

Query OK, 0 rows affected (0.01 sec)

Query OK, 4255 rows affected (0.77 sec)
Records: 4255  Duplicates: 0  Warnings: 0

+-------------------+
| rep_dailysalesreg |
+-------------------+
|              4255 |
+-------------------+
1 row in set (0.00 sec)

Query OK, 0 rows affected (0.01 sec)

Query OK, 3013 rows affected (0.79 sec)
Records: 3013  Duplicates: 0  Warnings: 0

+-----------+
| saleslist |
+-----------+
|      3013 |
+-----------+
1 row in set (0.00 sec)

Database changed
ERROR 2 (HY000): File 'C:\ProgramData\MySQL\MySQL Server 5.7\Uploads\_csv\PrepaidCardSales-03122021-P1.csv' not found (Errcode: 2 - No such file or directory)
+------------------+
| dailysinglesales |
+------------------+
|             6644 |
+------------------+
1 row in set (0.01 sec)

Database changed
Query OK, 8 rows affected (0.04 sec)
Records: 8  Deleted: 0  Skipped: 0  Warnings: 0

+-----------------+
| dailyaddonsales |
+-----------------+
|           26004 |
+-----------------+
1 row in set (0.04 sec)

Query OK, 251 rows affected (0.08 sec)
Records: 251  Deleted: 0  Skipped: 0  Warnings: 0

+----------------+
| onlinepayments |
+----------------+
|         245926 |
+----------------+
1 row in set (0.19 sec)

+-------------+----------------+---------------------+
| paymentdate | onlinepayments | onlinepaymentamount |
+-------------+----------------+---------------------+
| 2021-12-03  |            251 |        171376.48000 |
| 2021-12-02  |            368 |        268802.86000 |
| 2021-12-01  |            529 |        351356.06000 |
| 2021-11-30  |            421 |        290611.41000 |
| 2021-11-29  |            380 |        238444.49000 |
+-------------+----------------+---------------------+
5 rows in set (0.86 sec)

+-------------+--------------+----------------+---------------------+
| paymentyear | paymentmonth | onlinepayments | onlinepaymentamount |
+-------------+--------------+----------------+---------------------+
|        2021 |           12 |           1148 |        791535.40000 |
|        2021 |           11 |           8553 |       5661260.44000 |
|        2021 |           10 |           8715 |       5741511.04000 |
|        2021 |            9 |           8803 |       5663928.71000 |
|        2021 |            8 |           8864 |       5714008.87000 |
+-------------+--------------+----------------+---------------------+
5 rows in set (0.24 sec)

mysql> mysql \. C:\workspace\cloud\code\sql\_DailyScript\currenttime.sql
+---------------------+
| currenttime         |
+---------------------+
| 2021-12-06 09:14:32 |
+---------------------+
1 row in set (0.00 sec)

mysql> 
mysql> mysql \. C:\workspace\cloud\code\sql\_DailyScript\DAILY-SCRIPT-ACTIVENUMBERS.sql
Database changed
Query OK, 1086 rows affected (0.53 sec)
Records: 1086  Deleted: 0  Skipped: 0  Warnings: 0

+------------+----------+
| period     | count(1) |
+------------+----------+
| 2021-12-03 |     1086 |
| 2021-12-02 |     1085 |
| 2021-12-01 |     1086 |
| 2021-11-30 |     1080 |
| 2021-11-29 |     1082 |
+------------+----------+
5 rows in set (0.01 sec)

Query OK, 0 rows affected (0.01 sec)

Query OK, 75 rows affected (1.36 sec)
Records: 75  Duplicates: 0  Warnings: 0

+-------------+
| packagelist |
+-------------+
|          75 |
+-------------+
1 row in set (0.00 sec)

Database changed
Query OK, 0 rows affected (0.00 sec)

Query OK, 0 rows affected (0.00 sec)

Query OK, 0 rows affected (0.00 sec)

Query OK, 0 rows affected (0.00 sec)

Query OK, 28927 rows affected, 268 warnings (19.21 sec)
Records: 28927  Deleted: 0  Skipped: 0  Warnings: 268

+------------+----------+
| period     | count(1) |
+------------+----------+
| 2021-12-03 |    28927 |
| 2021-12-02 |    28954 |
| 2021-12-01 |    28926 |
| 2021-11-30 |    28820 |
| 2021-11-29 |    28807 |
+------------+----------+
5 rows in set (0.18 sec)

Query OK, 0 rows affected (0.02 sec)

Query OK, 28369 rows affected (55.95 sec)
Records: 28369  Duplicates: 0  Warnings: 0

Query OK, 0 rows affected (0.12 sec)
Records: 0  Duplicates: 0  Warnings: 0

Query OK, 0 rows affected (0.11 sec)
Records: 0  Duplicates: 0  Warnings: 0

Query OK, 0 rows affected (0.10 sec)
Records: 0  Duplicates: 0  Warnings: 0

Query OK, 0 rows affected (0.09 sec)
Records: 0  Duplicates: 0  Warnings: 0

Query OK, 0 rows affected (0.07 sec)
Records: 0  Duplicates: 0  Warnings: 0

Query OK, 0 rows affected (0.07 sec)
Records: 0  Duplicates: 0  Warnings: 0

+-------------+
| countbefore |
+-------------+
|    51564156 |
+-------------+
1 row in set (21.00 sec)

Query OK, 28369 rows affected (5.52 sec)
Records: 28369  Duplicates: 0  Warnings: 0

+------------+
| countafter |
+------------+
|   51592525 |
+------------+
1 row in set (17.36 sec)

+------------+--------------------------+
| period     | customercontractactivity |
+------------+--------------------------+
| 2021-12-03 |                    28369 |
| 2021-12-02 |                    28396 |
| 2021-12-01 |                    28366 |
| 2021-11-30 |                    28262 |
| 2021-11-29 |                    28251 |
+------------+--------------------------+
5 rows in set (0.06 sec)

Query OK, 0 rows affected (0.06 sec)

Query OK, 325186 rows affected, 4 warnings (10 min 8.60 sec)
Records: 325186  Duplicates: 0  Warnings: 4

Query OK, 0 rows affected (1.11 sec)
Records: 0  Duplicates: 0  Warnings: 0

Query OK, 0 rows affected (1.27 sec)
Records: 0  Duplicates: 0  Warnings: 0

Query OK, 0 rows affected (1.27 sec)
Records: 0  Duplicates: 0  Warnings: 0

Query OK, 0 rows affected (0.01 sec)

Query OK, 225 rows affected (0.48 sec)
Records: 225  Duplicates: 0  Warnings: 0

Query OK, 0 rows affected (0.00 sec)

Query OK, 2613 rows affected (0.63 sec)
Records: 2613  Duplicates: 0  Warnings: 0

Query OK, 0 rows affected (0.02 sec)

Query OK, 28342 rows affected (0.61 sec)
Records: 28342  Duplicates: 0  Warnings: 0

Query OK, 0 rows affected (0.01 sec)

Query OK, 17029 rows affected (0.40 sec)
Records: 17029  Duplicates: 0  Warnings: 0

Query OK, 0 rows affected (0.01 sec)

Query OK, 17029 rows affected (0.14 sec)
Records: 17029  Duplicates: 0  Warnings: 0

Query OK, 0 rows affected (0.01 sec)

Query OK, 17029 rows affected (1.25 sec)
Records: 17029  Duplicates: 0  Warnings: 0

Query OK, 0 rows affected (0.02 sec)

Query OK, 17029 rows affected (43.12 sec)
Records: 17029  Duplicates: 0  Warnings: 0

+-------------+
| clientstats |
+-------------+
|       17029 |
+-------------+
1 row in set (0.01 sec)

Query OK, 0 rows affected (0.01 sec)

Query OK, 14 rows affected, 1 warning (0.11 sec)
Records: 14  Duplicates: 0  Warnings: 1

+-----------------------+-------------+-------------+----------------+-----------------+
| services              | activecount | allaccounts | uniqueaccounts | uniquecontracts |
+-----------------------+-------------+-------------+----------------+-----------------+
| All                   |         427 |          69 |             69 |             221 |
| Internet & OTT        |           8 |           4 |              4 |               5 |
| Internet & Voice      |         312 |         136 |            136 |             267 |
| Internet Only         |        4354 |        4258 |           4254 |            4292 |
| OTT Only              |           1 |           1 |              1 |               1 |
| TV & Internet         |        9934 |        4434 |           4425 |            9040 |
| TV & Internet & OTT   |        4565 |        1192 |           1190 |            2487 |
| TV & Internet & Voice |         519 |         150 |            150 |             459 |
| TV & OTT              |         344 |          90 |             88 |              99 |
| TV & Voice            |          82 |          36 |             36 |              73 |
| TV & Voice & OTT      |           4 |           1 |              1 |               2 |
| TV Only               |        8352 |        6549 |           6545 |            6757 |
| Voice Only            |         110 |         109 |            109 |             110 |
| GRAND TOTAL           |       29012 |       17029 |          16961 |           23813 |
+-----------------------+-------------+-------------+----------------+-----------------+
14 rows in set (0.00 sec)

+-------------+-------------+-------------+----------------+-----------------+
| network     | activecount | allaccounts | uniqueaccounts | uniquecontracts |
+-------------+-------------+-------------+----------------+-----------------+
| GPON        |       14095 |        6952 |           6949 |           11052 |
| HFC         |       14917 |       10077 |          10077 |           12761 |
| GRAND TOTAL |       29012 |       17029 |          16961 |           23813 |
+-------------+-------------+-------------+----------------+-----------------+
3 rows in set, 1 warning (0.14 sec)

+-------------+-----------------------+-------------+-------------+----------------+-----------------+
| network     | services              | activecount | allaccounts | uniqueaccounts | uniquecontracts |
+-------------+-----------------------+-------------+-------------+----------------+-----------------+
| GPON        | All                   |         331 |          57 |             57 |             181 |
| GPON        | Internet & OTT        |           2 |           1 |              1 |               1 |
| GPON        | Internet & Voice      |          87 |          36 |             36 |              76 |
| GPON        | Internet Only         |        1665 |        1583 |           1583 |            1604 |
| GPON        | TV & Internet         |        5655 |        2474 |           2474 |            5071 |
| GPON        | TV & Internet & OTT   |        3597 |         931 |            931 |            1954 |
| GPON        | TV & Internet & Voice |         295 |          81 |             81 |             250 |
| GPON        | TV & OTT              |         214 |          66 |             66 |              70 |
| GPON        | TV & Voice            |          51 |          23 |             23 |              47 |
| GPON        | TV Only               |        2185 |        1688 |           1688 |            1785 |
| GPON        | Voice Only            |          13 |          12 |             12 |              13 |
| GPON        | Services Total        |       14095 |        6952 |           6949 |           11052 |
| HFC         | All                   |          96 |          12 |             12 |              40 |
| HFC         | Internet & OTT        |           6 |           3 |              3 |               4 |
| HFC         | Internet & Voice      |         225 |         100 |            100 |             191 |
| HFC         | Internet Only         |        2689 |        2675 |           2675 |            2688 |
| HFC         | OTT Only              |           1 |           1 |              1 |               1 |
| HFC         | TV & Internet         |        4279 |        1960 |           1960 |            3969 |
| HFC         | TV & Internet & OTT   |         968 |         261 |            261 |             533 |
| HFC         | TV & Internet & Voice |         224 |          69 |             69 |             209 |
| HFC         | TV & OTT              |         130 |          24 |             24 |              29 |
| HFC         | TV & Voice            |          31 |          13 |             13 |              26 |
| HFC         | TV & Voice & OTT      |           4 |           1 |              1 |               2 |
| HFC         | TV Only               |        6167 |        4861 |           4861 |            4972 |
| HFC         | Voice Only            |          97 |          97 |             97 |              97 |
| HFC         | Services Total        |       14917 |       10077 |          10077 |           12761 |
| GRAND TOTAL | Services Total        |       29012 |       17029 |          16961 |           23813 |
+-------------+-----------------------+-------------+-------------+----------------+-----------------+
27 rows in set, 2 warnings (0.14 sec)

Query OK, 0 rows affected (0.01 sec)

Query OK, 41 rows affected, 3 warnings (0.20 sec)
Records: 41  Duplicates: 0  Warnings: 3

+-------------+---------------+-----------------------+-------------+-------------+----------------+-----------------+
| region      | network       | services              | activecount | allaccounts | uniqueaccounts | uniquecontracts |
+-------------+---------------+-----------------------+-------------+-------------+----------------+-----------------+
| Mahe        | GPON          | All                   |         294 |          51 |             51 |             162 |
| Mahe        | GPON          | Internet & OTT        |           2 |           1 |              1 |               1 |
| Mahe        | GPON          | Internet & Voice      |          75 |          30 |             30 |              64 |
| Mahe        | GPON          | Internet Only         |        1410 |        1328 |           1328 |            1349 |
| Mahe        | GPON          | TV & Internet         |        4896 |        2138 |           2138 |            4379 |
| Mahe        | GPON          | TV & Internet & OTT   |        3038 |         766 |            766 |            1616 |
| Mahe        | GPON          | TV & Internet & Voice |         289 |          79 |             79 |             244 |
| Mahe        | GPON          | TV & OTT              |         187 |          56 |             56 |              59 |
| Mahe        | GPON          | TV & Voice            |          48 |          22 |             22 |              44 |
| Mahe        | GPON          | TV Only               |        1812 |        1397 |           1397 |            1481 |
| Mahe        | GPON          | Voice Only            |          13 |          12 |             12 |              13 |
| Mahe        | GPON          | Services Total        |       12064 |        5880 |           5880 |            9412 |
| Mahe        | HFC           | All                   |          96 |          12 |             12 |              40 |
| Mahe        | HFC           | Internet & OTT        |           6 |           3 |              3 |               4 |
| Mahe        | HFC           | Internet & Voice      |         225 |         100 |            100 |             191 |
| Mahe        | HFC           | Internet Only         |        2689 |        2675 |           2675 |            2688 |
| Mahe        | HFC           | OTT Only              |           1 |           1 |              1 |               1 |
| Mahe        | HFC           | TV & Internet         |        4279 |        1960 |           1960 |            3969 |
| Mahe        | HFC           | TV & Internet & OTT   |         968 |         261 |            261 |             533 |
| Mahe        | HFC           | TV & Internet & Voice |         224 |          69 |             69 |             209 |
| Mahe        | HFC           | TV & OTT              |         130 |          24 |             24 |              29 |
| Mahe        | HFC           | TV & Voice            |          31 |          13 |             13 |              26 |
| Mahe        | HFC           | TV & Voice & OTT      |           4 |           1 |              1 |               2 |
| Mahe        | HFC           | TV Only               |        6166 |        4860 |           4860 |            4971 |
| Mahe        | HFC           | Voice Only            |          97 |          97 |             97 |              97 |
| Mahe        | HFC           | Services Total        |       14916 |       10076 |          10076 |           12760 |
| Mahe        | Network Total | Services Total        |       26980 |       15956 |          15891 |           22172 |
| Praslin     | GPON          | All                   |          37 |           6 |              6 |              19 |
| Praslin     | GPON          | Internet & Voice      |          12 |           6 |              6 |              12 |
| Praslin     | GPON          | Internet Only         |         255 |         255 |            255 |             255 |
| Praslin     | GPON          | TV & Internet         |         759 |         336 |            336 |             692 |
| Praslin     | GPON          | TV & Internet & OTT   |         559 |         165 |            165 |             338 |
| Praslin     | GPON          | TV & Internet & Voice |           6 |           2 |              2 |               6 |
| Praslin     | GPON          | TV & OTT              |          27 |          10 |             10 |              11 |
| Praslin     | GPON          | TV & Voice            |           3 |           1 |              1 |               3 |
| Praslin     | GPON          | TV Only               |         373 |         291 |            291 |             304 |
| Praslin     | GPON          | Services Total        |        2031 |        1072 |           1072 |            1640 |
| Praslin     | HFC           | TV Only               |           1 |           1 |              1 |               1 |
| Praslin     | HFC           | Services Total        |           1 |           1 |              1 |               1 |
| Praslin     | Network Total | Services Total        |        2032 |        1073 |           1073 |            1641 |
| GRAND TOTAL | Network Total | Services Total        |       29012 |       17029 |          16961 |           23813 |
+-------------+---------------+-----------------------+-------------+-------------+----------------+-----------------+
41 rows in set (0.00 sec)

Query OK, 0 rows affected (0.01 sec)

Query OK, 28343 rows affected (0.47 sec)
Records: 28343  Duplicates: 0  Warnings: 0

Query OK, 0 rows affected (0.01 sec)

Query OK, 2347 rows affected (2.18 sec)
Records: 2347  Duplicates: 0  Warnings: 0

+--------------------------------------+
| message                              |
+--------------------------------------+
| running rcbill_my.sp_ActiveNumber2() |
+--------------------------------------+
1 row in set (0.00 sec)

Query OK, 365 rows affected (2 min 22.46 sec)

mysql> mysql \. C:\workspace\cloud\code\sql\_DailyScript\currenttime.sql
+---------------------+
| currenttime         |
+---------------------+
| 2021-12-06 09:29:59 |
+---------------------+
1 row in set (0.00 sec)

mysql> 
mysql> mysql \. C:\workspace\cloud\code\sql\_DailyScript\GetActiveNumbers Average -Pivot.sql
Database changed
+-------------------------------------+
| @today := subdate(current_date(),1) |
+-------------------------------------+
| 2021-12-05                          |
+-------------------------------------+
1 row in set (0.00 sec)

+-------------------------------------+
| @lastdayofmonth := last_day(@today) |
+-------------------------------------+
| 2021-12-31                          |
+-------------------------------------+
1 row in set (0.00 sec)

Query OK, 0 rows affected (0.01 sec)

Query OK, 52562 rows affected, 65535 warnings (1 min 6.97 sec)
Records: 52562  Duplicates: 0  Warnings: 106398

Query OK, 0 rows affected (0.12 sec)
Records: 0  Duplicates: 0  Warnings: 0

Query OK, 0 rows affected (0.15 sec)
Records: 0  Duplicates: 0  Warnings: 0

Query OK, 0 rows affected (0.12 sec)
Records: 0  Duplicates: 0  Warnings: 0

+-----------------+
| activenumberavg |
+-----------------+
|           52562 |
+-----------------+
1 row in set (0.02 sec)

Query OK, 0 rows affected (0.01 sec)

Query OK, 1997 rows affected (0.61 sec)
Records: 1997  Duplicates: 0  Warnings: 0

+---------------------+
| rep_activenumberavg |
+---------------------+
|                1997 |
+---------------------+
1 row in set (0.00 sec)

+----------------------+
| rep_activenumberavg1 |
+----------------------+
|                  929 |
+----------------------+
1 row in set (0.00 sec)

Query OK, 0 rows affected (0.01 sec)

Query OK, 2788 rows affected (0.48 sec)
Records: 2788  Duplicates: 0  Warnings: 0

Query OK, 0 rows affected (0.01 sec)

Query OK, 14434 rows affected (0.91 sec)
Records: 14434  Duplicates: 0  Warnings: 0

Query OK, 0 rows affected (0.01 sec)

Query OK, 250 rows affected (0.29 sec)
Records: 250  Duplicates: 0  Warnings: 0

Query OK, 0 rows affected (0.00 sec)

Query OK, 0 rows affected (0.01 sec)

Query OK, 0 rows affected (0.01 sec)

Query OK, 0 rows affected (0.00 sec)

Query OK, 0 rows affected (0.00 sec)
Statement prepared

Query OK, 53 rows affected (0.06 sec)
Records: 53  Duplicates: 0  Warnings: 0

Query OK, 0 rows affected (0.00 sec)

Query OK, 0 rows affected (0.00 sec)

+----------------------+
| rep_activenumberavg2 |
+----------------------+
|                 2788 |
+----------------------+
1 row in set (0.00 sec)

+------------------------+
| rep_activenumberavg_pv |
+------------------------+
|                     53 |
+------------------------+
1 row in set (0.00 sec)

Query OK, 0 rows affected (0.01 sec)

Query OK, 2785 rows affected (0.41 sec)
Records: 2785  Duplicates: 0  Warnings: 0

Query OK, 0 rows affected (0.00 sec)

Query OK, 0 rows affected (0.00 sec)

Query OK, 0 rows affected (0.01 sec)

Query OK, 0 rows affected (0.00 sec)

Query OK, 0 rows affected (0.00 sec)
Statement prepared

Query OK, 53 rows affected (0.06 sec)
Records: 53  Duplicates: 0  Warnings: 0

Query OK, 0 rows affected (0.00 sec)

Query OK, 0 rows affected (0.00 sec)

+-------------------------+
| rep_activenumberavgMahe |
+-------------------------+
|                    2785 |
+-------------------------+
1 row in set (0.00 sec)

+----------------------------+
| rep_activenumberavgMahe_pv |
+----------------------------+
|                         53 |
+----------------------------+
1 row in set (0.00 sec)

Query OK, 0 rows affected (0.01 sec)

Query OK, 1763 rows affected (0.19 sec)
Records: 1763  Duplicates: 0  Warnings: 0

Query OK, 0 rows affected (0.00 sec)

Query OK, 0 rows affected (0.00 sec)

Query OK, 0 rows affected (0.01 sec)

Query OK, 0 rows affected (0.00 sec)

Query OK, 0 rows affected (0.00 sec)
Statement prepared

Query OK, 40 rows affected (0.04 sec)
Records: 40  Duplicates: 0  Warnings: 0

Query OK, 0 rows affected (0.00 sec)

Query OK, 0 rows affected (0.00 sec)

+----------------------------+
| rep_activenumberavgPraslin |
+----------------------------+
|                       1763 |
+----------------------------+
1 row in set (0.00 sec)

+-------------------------------+
| rep_activenumberavgPraslin_pv |
+-------------------------------+
|                            40 |
+-------------------------------+
1 row in set (0.00 sec)

mysql> mysql \. C:\workspace\cloud\code\sql\_DailyScript\currenttime.sql
+---------------------+
| currenttime         |
+---------------------+
| 2021-12-06 09:31:10 |
+---------------------+
1 row in set (0.00 sec)

mysql> 
mysql> mysql \. C:\workspace\cloud\code\sql\Analysis\clients_contracts_creditpolicy_2.sql
Database changed
Query OK, 0 rows affected (0.01 sec)

Query OK, 1918546 rows affected (45.32 sec)
Records: 1918546  Duplicates: 0  Warnings: 0

Query OK, 0 rows affected (0.01 sec)

Query OK, 28369 rows affected (1.07 sec)
Records: 28369  Duplicates: 0  Warnings: 0

Query OK, 0 rows affected (0.06 sec)

Query OK, 28450 rows affected (14.74 sec)
Records: 28450  Duplicates: 0  Warnings: 0

+-------------------------+
| rep_cust_cont_creditpol |
+-------------------------+
|                   28450 |
+-------------------------+
1 row in set (0.01 sec)

mysql> mysql \. C:\workspace\cloud\code\sql\_DailyScript\currenttime.sql
+---------------------+
| currenttime         |
+---------------------+
| 2021-12-06 09:32:11 |
+---------------------+
1 row in set (0.00 sec)

mysql> 
mysql> 
mysql> 
mysql> 
mysql> 
mysql> 
mysql> 
mysql> 
mysql> 
mysql> 
mysql> 
mysql> 
mysql> 
mysql> 
mysql> 
mysql> 
mysql> 
mysql> 
mysql> 
mysql> 
mysql> 
mysql> 
mysql> 
mysql> 
mysql> 
mysql> 
mysql> exit
