    -> 
    -> mysql \. C:\workspace\cloud\code\sql\_DailyScript\_setdates.sql
Database changed
Query OK, 0 rows affected (0.00 sec)

Query OK, 0 rows affected (0.00 sec)

Query OK, 0 rows affected (0.00 sec)

Query OK, 0 rows affected (0.00 sec)

Query OK, 0 rows affected (0.00 sec)

Query OK, 0 rows affected (0.00 sec)

Query OK, 0 rows affected (0.00 sec)

Query OK, 0 rows affected (0.00 sec)

Query OK, 0 rows affected (0.00 sec)

Query OK, 0 rows affected (0.00 sec)

Query OK, 0 rows affected (0.00 sec)

Query OK, 0 rows affected (0.00 sec)

Query OK, 0 rows affected (0.00 sec)

Query OK, 0 rows affected (0.00 sec)

Query OK, 0 rows affected (0.00 sec)

Query OK, 0 rows affected (0.00 sec)

Query OK, 0 rows affected (0.00 sec)

Query OK, 0 rows affected (0.00 sec)

Query OK, 0 rows affected (0.00 sec)

Query OK, 0 rows affected (0.00 sec)

Query OK, 0 rows affected (0.00 sec)

mysql> mysql \. C:\workspace\cloud\code\sql\_DailyScript\currenttime.sql
+---------------------+
| currenttime         |
+---------------------+
| 2019-11-25 08:28:21 |
+---------------------+
1 row in set (0.00 sec)

mysql> 
mysql> mysql \. C:\workspace\cloud\code\sql\_DailyScript\load_RCB_VODTITLES.sql
Database changed
Query OK, 0 rows affected (0.00 sec)

Query OK, 8343 rows affected (0.49 sec)

Query OK, 8345 rows affected, 8345 warnings (0.14 sec)
Records: 8345  Deleted: 0  Skipped: 0  Warnings: 8345

Query OK, 0 rows affected (0.00 sec)

Query OK, 2 rows affected (0.02 sec)

+-----------+
| VODTITLES |
+-----------+
|      8803 |
+-----------+
1 row in set (0.00 sec)

+-----------+-----------+
| titletype | typecount |
+-----------+-----------+
| E         |      6785 |
| N         |       213 |
| T         |      1345 |
| NULL      |      8343 |
+-----------+-----------+
4 rows in set (0.02 sec)

mysql> mysql \. C:\workspace\cloud\code\sql\_DailyScript\currenttime.sql
+---------------------+
| currenttime         |
+---------------------+
| 2019-11-25 08:28:21 |
+---------------------+
1 row in set (0.00 sec)

mysql> 
mysql> mysql \. C:\workspace\cloud\code\sql\_DailyScript\DAILY-SCRIPT-LIVETV-STATS.sql
Database changed
Query OK, 0 rows affected (0.02 sec)

Query OK, 79030 rows affected (1.19 sec)
Records: 79030  Duplicates: 0  Warnings: 0

+------------+------------+----------+--------------+--------------+-----------+-------------+----------+--------+------+------------+---------+---------------+
| Table      | Non_unique | Key_name | Seq_in_index | Column_name  | Collation | Cardinality | Sub_part | Packed | Null | Index_type | Comment | Index_comment |
+------------+------------+----------+--------------+--------------+-----------+-------------+----------+--------+------+------------+---------+---------------+
| templivetv |          1 | idxtv1   |            1 | device       | A         |       79440 |     NULL | NULL   | YES  | BTREE      |         |               |
| templivetv |          1 | idxtv2   |            1 | sessionstart | A         |       79440 |     NULL | NULL   | YES  | BTREE      |         |               |
+------------+------------+----------+--------------+--------------+-----------+-------------+----------+--------+------+------------+---------+---------------+
2 rows in set (0.00 sec)

Query OK, 78900 rows affected (31.13 sec)
Records: 78900  Duplicates: 0  Warnings: 0

Query OK, 2785 rows affected (0.87 sec)
Records: 2785  Duplicates: 0  Warnings: 0

Query OK, 0 rows affected (0.01 sec)

Query OK, 0 rows affected (0.05 sec)

Query OK, 138 rows affected (0.13 sec)
Records: 138  Duplicates: 0  Warnings: 0

Query OK, 0 rows affected (0.02 sec)

Query OK, 97913 rows affected (22 min 46.32 sec)
Records: 97913  Duplicates: 0  Warnings: 0

+-----------------+
| rep_livetvstats |
+-----------------+
|           97913 |
+-----------------+
1 row in set (0.03 sec)

mysql> mysql \. C:\workspace\cloud\code\sql\_DailyScript\currenttime.sql
+---------------------+
| currenttime         |
+---------------------+
| 2019-11-25 08:51:41 |
+---------------------+
1 row in set (0.00 sec)

mysql> 
mysql> mysql \. C:\workspace\cloud\code\sql\_DailyScript\DAILY-SCRIPT-VODTS-STATS.sql
Database changed
Query OK, 0 rows affected (0.03 sec)

Query OK, 4874 rows affected (1 min 35.33 sec)
Records: 4874  Duplicates: 0  Warnings: 0

+---------+------------+----------+--------------+--------------+-----------+-------------+----------+--------+------+------------+---------+---------------+
| Table   | Non_unique | Key_name | Seq_in_index | Column_name  | Collation | Cardinality | Sub_part | Packed | Null | Index_type | Comment | Index_comment |
+---------+------------+----------+--------------+--------------+-----------+-------------+----------+--------+------+------------+---------+---------------+
| tempvod |          1 | idxtvod1 |            1 | device       | A         |        4852 |     NULL | NULL   | YES  | BTREE      |         |               |
| tempvod |          1 | idxtvod2 |            1 | sessionstart | A         |        4852 |     NULL | NULL   | YES  | BTREE      |         |               |
+---------+------------+----------+--------------+--------------+-----------+-------------+----------+--------+------+------------+---------+---------------+
2 rows in set (0.02 sec)

Query OK, 4907 rows affected (3.86 sec)
Records: 4907  Duplicates: 0  Warnings: 0

Query OK, 0 rows affected (0.08 sec)

Query OK, 405519 rows affected (34.58 sec)
Records: 405519  Duplicates: 0  Warnings: 0

+--------------+
| rep_vodstats |
+--------------+
|       405519 |
+--------------+
1 row in set (0.13 sec)

Database changed
Query OK, 0 rows affected (0.02 sec)

Query OK, 12969 rows affected (5 min 25.35 sec)
Records: 12969  Duplicates: 0  Warnings: 0

+--------+------------+----------+--------------+--------------+-----------+-------------+----------+--------+------+------------+---------+---------------+
| Table  | Non_unique | Key_name | Seq_in_index | Column_name  | Collation | Cardinality | Sub_part | Packed | Null | Index_type | Comment | Index_comment |
+--------+------------+----------+--------------+--------------+-----------+-------------+----------+--------+------+------------+---------+---------------+
| tempts |          1 | idxtts1  |            1 | device       | A         |       13204 |     NULL | NULL   | YES  | BTREE      |         |               |
| tempts |          1 | idxtts2  |            1 | sessionstart | A         |       13204 |     NULL | NULL   | YES  | BTREE      |         |               |
+--------+------------+----------+--------------+--------------+-----------+-------------+----------+--------+------+------------+---------+---------------+
2 rows in set (0.01 sec)

Query OK, 12967 rows affected (13.71 sec)
Records: 12967  Duplicates: 0  Warnings: 0

Query OK, 0 rows affected (0.01 sec)

Query OK, 27018 rows affected (4 min 51.43 sec)
Records: 27018  Duplicates: 0  Warnings: 0

+-------------+
| rep_tsstats |
+-------------+
|       27018 |
+-------------+
1 row in set (0.01 sec)

mysql> mysql \. C:\workspace\cloud\code\sql\_DailyScript\currenttime.sql
+---------------------+
| currenttime         |
+---------------------+
| 2019-11-25 09:04:26 |
+---------------------+
1 row in set (0.00 sec)

mysql> 
mysql> mysql \. C:\workspace\cloud\code\sql\_DailyScript\DAILY-SCRIPT-RADIO-STATS.sql
Database changed
Query OK, 0 rows affected (0.03 sec)

Query OK, 195851 rows affected (4.89 sec)
Records: 195851  Duplicates: 0  Warnings: 0

+-----------+------------+----------+--------------+--------------+-----------+-------------+----------+--------+------+------------+---------+---------------+
| Table     | Non_unique | Key_name | Seq_in_index | Column_name  | Collation | Cardinality | Sub_part | Packed | Null | Index_type | Comment | Index_comment |
+-----------+------------+----------+--------------+--------------+-----------+-------------+----------+--------+------+------------+---------+---------------+
| tempradio |          1 | idxtrad1 |            1 | device       | A         |      196902 |     NULL | NULL   | YES  | BTREE      |         |               |
| tempradio |          1 | idxtrad2 |            1 | sessionstart | A         |      196902 |     NULL | NULL   | YES  | BTREE      |         |               |
+-----------+------------+----------+--------------+--------------+-----------+-------------+----------+--------+------+------------+---------+---------------+
2 rows in set (0.02 sec)

Query OK, 229 rows affected (3.58 sec)
Records: 229  Duplicates: 0  Warnings: 0

Query OK, 0 rows affected (0.32 sec)

Query OK, 3633 rows affected (0.30 sec)
Records: 3633  Duplicates: 0  Warnings: 0

+----------------+
| rep_radiostats |
+----------------+
|           3633 |
+----------------+
1 row in set (0.00 sec)

mysql> mysql \. C:\workspace\cloud\code\sql\_DailyScript\currenttime.sql
+---------------------+
| currenttime         |
+---------------------+
| 2019-11-25 09:04:35 |
+---------------------+
1 row in set (0.00 sec)

mysql> 
mysql> mysql \. C:\workspace\cloud\code\sql\_DailyScript\DAILY_SCRIPT_TELEMETRY_PIVOT.sql
Query OK, 0 rows affected (0.00 sec)

Query OK, 148 rows affected (0.26 sec)
Records: 148  Duplicates: 0  Warnings: 0

Query OK, 0 rows affected (0.00 sec)

Query OK, 7270 rows affected (2.52 sec)
Records: 7270  Duplicates: 0  Warnings: 0

Query OK, 0 rows affected (0.01 sec)

Query OK, 6 rows affected (0.04 sec)
Records: 6  Duplicates: 0  Warnings: 0

Query OK, 0 rows affected (0.10 sec)

Query OK, 55 rows affected (0.10 sec)
Records: 55  Duplicates: 0  Warnings: 0

mysql> mysql \. C:\workspace\cloud\code\sql\_DailyScript\currenttime.sql
+---------------------+
| currenttime         |
+---------------------+
| 2019-11-25 09:04:38 |
+---------------------+
1 row in set (0.00 sec)

mysql> 
mysql> mysql \. C:\workspace\cloud\code\sql\_DailyScript\telemetry_livetv_ranking2019.sql
Query OK, 0 rows affected (0.00 sec)

Query OK, 148 rows affected (0.03 sec)
Records: 148  Duplicates: 0  Warnings: 0

mysql> mysql \. C:\workspace\cloud\code\sql\_DailyScript\currenttime.sql
+---------------------+
| currenttime         |
+---------------------+
| 2019-11-25 09:04:38 |
+---------------------+
1 row in set (0.00 sec)

mysql> 
mysql> mysql \. C:\workspace\cloud\code\sql\_DailyScript\telemetry_radio_ranking2019.sql
Query OK, 0 rows affected (0.01 sec)

Query OK, 6 rows affected (0.00 sec)
Records: 6  Duplicates: 0  Warnings: 0

mysql> mysql \. C:\workspace\cloud\code\sql\_DailyScript\currenttime.sql
+---------------------+
| currenttime         |
+---------------------+
| 2019-11-25 09:04:38 |
+---------------------+
1 row in set (0.00 sec)

mysql> 
mysql> mysql \. C:\workspace\cloud\code\sql\_DailyScript\telemetry_ts_ranking2019.sql
Query OK, 0 rows affected (0.02 sec)

Query OK, 55 rows affected (0.03 sec)
Records: 55  Duplicates: 0  Warnings: 0

mysql> mysql \. C:\workspace\cloud\code\sql\_DailyScript\currenttime.sql
+---------------------+
| currenttime         |
+---------------------+
| 2019-11-25 09:04:38 |
+---------------------+
1 row in set (0.00 sec)

mysql> 
mysql> mysql \. C:\workspace\cloud\code\sql\_DailyScript\telemetry_vod_ranking2019.sql
Query OK, 0 rows affected (0.00 sec)

Query OK, 7270 rows affected (0.42 sec)
Records: 7270  Duplicates: 0  Warnings: 0

mysql> mysql \. C:\workspace\cloud\code\sql\_DailyScript\currenttime.sql
+---------------------+
| currenttime         |
+---------------------+
| 2019-11-25 09:04:38 |
+---------------------+
1 row in set (0.00 sec)

mysql> 
mysql> mysql \. C:\workspace\cloud\code\sql\_DailyScript\telemetry_vod_ranking2019_1.sql
Query OK, 0 rows affected (0.00 sec)

Query OK, 7270 rows affected (0.17 sec)
Records: 7270  Duplicates: 0  Warnings: 0

mysql> mysql \. C:\workspace\cloud\code\sql\_DailyScript\currenttime.sql
+---------------------+
| currenttime         |
+---------------------+
| 2019-11-25 09:04:39 |
+---------------------+
1 row in set (0.00 sec)

mysql> 
mysql> mysql \. C:\workspace\cloud\code\sql\_DailyScript\telemetry_vod_ranking2019_2.sql
Query OK, 0 rows affected (0.00 sec)

Query OK, 7270 rows affected (0.20 sec)
Records: 7270  Duplicates: 0  Warnings: 0

mysql> mysql \. C:\workspace\cloud\code\sql\_DailyScript\currenttime.sql
+---------------------+
| currenttime         |
+---------------------+
| 2019-11-25 09:04:39 |
+---------------------+
1 row in set (0.00 sec)

mysql> 
mysql> mysql \. C:\workspace\cloud\code\sql\_DailyScript\DAILY-SCRIPT-CREATE-LOAD.sql
Database changed
Database changed
Query OK, 0 rows affected (0.01 sec)

Query OK, 0 rows affected (0.00 sec)

Database changed
Query OK, 65915 rows affected (3.01 sec)
Records: 65915  Deleted: 0  Skipped: 0  Warnings: 0

Query OK, 0 rows affected (0.19 sec)
Records: 0  Duplicates: 0  Warnings: 0

Query OK, 0 rows affected (0.40 sec)
Records: 0  Duplicates: 0  Warnings: 0

Query OK, 0 rows affected (0.28 sec)
Records: 0  Duplicates: 0  Warnings: 0

Query OK, 0 rows affected (0.25 sec)
Records: 0  Duplicates: 0  Warnings: 0

+---------+
| clients |
+---------+
|   65915 |
+---------+
1 row in set (0.03 sec)

Query OK, 0 rows affected (0.01 sec)

Query OK, 2917 rows affected (0.58 sec)
Records: 2917  Duplicates: 0  Warnings: 0

+-------------------+
| rcb_clientparcels |
+-------------------+
|              2917 |
+-------------------+
1 row in set (0.00 sec)

Query OK, 0 rows affected (0.02 sec)

Query OK, 85443 rows affected (3.83 sec)
Records: 85443  Duplicates: 0  Warnings: 0

Query OK, 0 rows affected (0.28 sec)
Records: 0  Duplicates: 0  Warnings: 0

Query OK, 0 rows affected (0.09 sec)

Query OK, 65915 rows affected (2.74 sec)
Records: 65915  Duplicates: 0  Warnings: 0

Query OK, 0 rows affected (0.25 sec)
Records: 0  Duplicates: 0  Warnings: 0

Query OK, 0 rows affected (0.59 sec)
Records: 0  Duplicates: 0  Warnings: 0

Query OK, 0 rows affected (0.16 sec)
Records: 0  Duplicates: 0  Warnings: 0

+---------------+
| clientaddress |
+---------------+
|         65915 |
+---------------+
1 row in set (0.01 sec)

Database changed
Query OK, 0 rows affected (0.07 sec)

Query OK, 0 rows affected (0.03 sec)

Database changed
Query OK, 493337 rows affected, 65535 warnings (18.40 sec)
Records: 493337  Deleted: 0  Skipped: 0  Warnings: 194460

Query OK, 0 rows affected (13.68 sec)
Records: 0  Duplicates: 0  Warnings: 0

Query OK, 0 rows affected (3.21 sec)
Records: 0  Duplicates: 0  Warnings: 0

Query OK, 0 rows affected (3.38 sec)
Records: 0  Duplicates: 0  Warnings: 0

Query OK, 0 rows affected (0.06 sec)

Query OK, 493337 rows affected (49.75 sec)
Records: 493337  Duplicates: 0  Warnings: 0

Query OK, 0 rows affected (1.79 sec)
Records: 0  Duplicates: 0  Warnings: 0

Query OK, 0 rows affected (1.52 sec)
Records: 0  Duplicates: 0  Warnings: 0

+-----------+
| contracts |
+-----------+
|    493337 |
+-----------+
1 row in set (0.28 sec)

+-----------------+
| contractaddress |
+-----------------+
|          493337 |
+-----------------+
1 row in set (0.15 sec)

Database changed
Query OK, 0 rows affected (0.00 sec)

Query OK, 0 rows affected (0.03 sec)

Query OK, 7154 rows affected (0.14 sec)
Records: 7154  Deleted: 0  Skipped: 0  Warnings: 0

Query OK, 0 rows affected (0.03 sec)

Query OK, 7123 rows affected (2.61 sec)
Records: 7123  Duplicates: 0  Warnings: 0

Query OK, 0 rows affected (0.05 sec)
Records: 0  Duplicates: 0  Warnings: 0

Query OK, 0 rows affected (0.00 sec)

Query OK, 5561 rows affected (0.04 sec)
Records: 5561  Duplicates: 0  Warnings: 0

Query OK, 0 rows affected (0.06 sec)
Records: 0  Duplicates: 0  Warnings: 0

+-------------------+
| contractdiscounts |
+-------------------+
|              7154 |
+-------------------+
1 row in set (0.00 sec)

+-------------------------+
| clientcontractdiscounts |
+-------------------------+
|                    7123 |
+-------------------------+
1 row in set (0.00 sec)

+----------------------------+
| clientcontractlastdiscount |
+----------------------------+
|                       5561 |
+----------------------------+
1 row in set (0.00 sec)

Database changed
Query OK, 0 rows affected (0.22 sec)

Query OK, 0 rows affected (0.01 sec)

Database changed
Query OK, 131441 rows affected (3.88 sec)
Records: 131441  Deleted: 0  Skipped: 0  Warnings: 0

Query OK, 0 rows affected (0.30 sec)
Records: 0  Duplicates: 0  Warnings: 0

Query OK, 0 rows affected (0.30 sec)
Records: 0  Duplicates: 0  Warnings: 0

Query OK, 0 rows affected (0.65 sec)
Records: 0  Duplicates: 0  Warnings: 0

Query OK, 0 rows affected (0.35 sec)
Records: 0  Duplicates: 0  Warnings: 0

Query OK, 0 rows affected (0.44 sec)
Records: 0  Duplicates: 0  Warnings: 0

Query OK, 0 rows affected (0.97 sec)
Records: 0  Duplicates: 0  Warnings: 0

Query OK, 0 rows affected (0.11 sec)

Query OK, 1684842 rows affected (3 min 20.20 sec)
Records: 1684842  Duplicates: 0  Warnings: 0

+---------+
| devices |
+---------+
|  131441 |
+---------+
1 row in set (0.04 sec)

+-----------------------+
| clientcontractdevices |
+-----------------------+
|               1684842 |
+-----------------------+
1 row in set (0.76 sec)

Query OK, 0 rows affected (0.01 sec)

Query OK, 131419 rows affected (6.70 sec)
Records: 131419  Duplicates: 0  Warnings: 0

+---------------------------+
| rep_clientcontractdevices |
+---------------------------+
|                    131419 |
+---------------------------+
1 row in set (0.05 sec)

Database changed
Query OK, 0 rows affected (0.08 sec)

Query OK, 0 rows affected (0.00 sec)

Query OK, 263083 rows affected (7.13 sec)
Records: 263083  Deleted: 0  Skipped: 0  Warnings: 0

Query OK, 0 rows affected (1.05 sec)
Records: 0  Duplicates: 0  Warnings: 0

Query OK, 0 rows affected (0.90 sec)
Records: 0  Duplicates: 0  Warnings: 0

Query OK, 0 rows affected (1.59 sec)
Records: 0  Duplicates: 0  Warnings: 0

Query OK, 0 rows affected (0.92 sec)
Records: 0  Duplicates: 0  Warnings: 0

+---------+
| tickets |
+---------+
|  263083 |
+---------+
1 row in set (0.07 sec)

Database changed
Query OK, 0 rows affected (0.05 sec)

Query OK, 0 rows affected (0.00 sec)

Empty set (0.00 sec)

Query OK, 0 rows affected (0.01 sec)
Records: 0  Duplicates: 0  Warnings: 0

Query OK, 316 rows affected, 2 warnings (0.02 sec)
Records: 316  Deleted: 0  Skipped: 0  Warnings: 2

+-----------------+
| tickettechusers |
+-----------------+
|             316 |
+-----------------+
1 row in set (0.00 sec)

Database changed
Query OK, 0 rows affected (0.02 sec)

Query OK, 0 rows affected (0.02 sec)

Query OK, 0 rows affected (0.00 sec)
Records: 0  Duplicates: 0  Warnings: 0

Query OK, 557458 rows affected, 43469 warnings (11.79 sec)
Records: 557458  Deleted: 0  Skipped: 0  Warnings: 43469

+-------------------+
| ticketassignments |
+-------------------+
|            557458 |
+-------------------+
1 row in set (0.16 sec)

Database changed
Query OK, 0 rows affected (0.62 sec)

Query OK, 0 rows affected (0.01 sec)

Query OK, 1154023 rows affected (21.13 sec)
Records: 1154023  Deleted: 0  Skipped: 0  Warnings: 0

Query OK, 0 rows affected (8.12 sec)
Records: 0  Duplicates: 0  Warnings: 0

Query OK, 0 rows affected (3.54 sec)
Records: 0  Duplicates: 0  Warnings: 0

Query OK, 0 rows affected (2.92 sec)
Records: 0  Duplicates: 0  Warnings: 0

Query OK, 0 rows affected (3.56 sec)
Records: 0  Duplicates: 0  Warnings: 0

+----------------+
| ticketcomments |
+----------------+
|        1154023 |
+----------------+
1 row in set (0.33 sec)

Database changed
Query OK, 0 rows affected (0.07 sec)

Query OK, 0 rows affected (0.02 sec)

Query OK, 425914 rows affected (42.42 sec)
Records: 425914  Deleted: 0  Skipped: 0  Warnings: 0

Query OK, 0 rows affected (2.35 sec)
Records: 0  Duplicates: 0  Warnings: 0

+----------+
| comments |
+----------+
|   425914 |
+----------+
1 row in set (0.14 sec)

Database changed
Query OK, 0 rows affected (0.06 sec)

Query OK, 0 rows affected (0.00 sec)

Query OK, 1020577 rows affected, 65535 warnings (1 min 2.47 sec)
Records: 1020577  Deleted: 0  Skipped: 0  Warnings: 1020593

Query OK, 0 rows affected (7.89 sec)
Records: 0  Duplicates: 0  Warnings: 0

Query OK, 0 rows affected (3.84 sec)
Records: 0  Duplicates: 0  Warnings: 0

Query OK, 0 rows affected (3.19 sec)
Records: 0  Duplicates: 0  Warnings: 0

Query OK, 0 rows affected (3.50 sec)
Records: 0  Duplicates: 0  Warnings: 0

Query OK, 0 rows affected (4.34 sec)
Records: 0  Duplicates: 0  Warnings: 0

+------------+
| devicesold |
+------------+
|    1020577 |
+------------+
1 row in set (0.32 sec)

Database changed
Query OK, 0 rows affected (0.02 sec)

Query OK, 0 rows affected (0.00 sec)

Query OK, 1678173 rows affected (24.51 sec)
Records: 1678173  Deleted: 0  Skipped: 0  Warnings: 0

Query OK, 0 rows affected (10.01 sec)
Records: 0  Duplicates: 0  Warnings: 0

Query OK, 0 rows affected (4.24 sec)
Records: 0  Duplicates: 0  Warnings: 0

Query OK, 0 rows affected (4.14 sec)
Records: 0  Duplicates: 0  Warnings: 0

+------------------+
| contractservices |
+------------------+
|          1678173 |
+------------------+
1 row in set (0.48 sec)

Database changed
Query OK, 0 rows affected (0.17 sec)

Query OK, 0 rows affected (0.01 sec)

Query OK, 3856872 rows affected (2 min 16.44 sec)
Records: 3856872  Deleted: 0  Skipped: 0  Warnings: 0

Query OK, 0 rows affected (17.44 sec)
Records: 0  Duplicates: 0  Warnings: 0

Query OK, 0 rows affected (17.78 sec)
Records: 0  Duplicates: 0  Warnings: 0

Query OK, 0 rows affected (16.55 sec)
Records: 0  Duplicates: 0  Warnings: 0

Query OK, 0 rows affected (15.63 sec)
Records: 0  Duplicates: 0  Warnings: 0

+------------------+
| invoicescontents |
+------------------+
|          3856872 |
+------------------+
1 row in set (1.19 sec)

Database changed
Query OK, 0 rows affected (0.28 sec)

Query OK, 0 rows affected (0.02 sec)

Query OK, 2681974 rows affected (3 min 19.47 sec)
Records: 2681974  Deleted: 0  Skipped: 0  Warnings: 0

Query OK, 0 rows affected (15.07 sec)
Records: 0  Duplicates: 0  Warnings: 0

Query OK, 0 rows affected (12.98 sec)
Records: 0  Duplicates: 0  Warnings: 0

Query OK, 0 rows affected (12.26 sec)
Records: 0  Duplicates: 0  Warnings: 0

Query OK, 0 rows affected (10.15 sec)
Records: 0  Duplicates: 0  Warnings: 0

Query OK, 0 rows affected (12.60 sec)
Records: 0  Duplicates: 0  Warnings: 0

+----------------+
| invoicesheader |
+----------------+
|        2681974 |
+----------------+
1 row in set (0.79 sec)

Database changed
Query OK, 0 rows affected (0.04 sec)

Query OK, 0 rows affected (0.02 sec)

Query OK, 2781395 rows affected (1 min 22.79 sec)
Records: 2781395  Deleted: 0  Skipped: 0  Warnings: 0

Query OK, 0 rows affected (10.85 sec)
Records: 0  Duplicates: 0  Warnings: 0

Query OK, 0 rows affected (9.35 sec)
Records: 0  Duplicates: 0  Warnings: 0

Query OK, 0 rows affected (9.02 sec)
Records: 0  Duplicates: 0  Warnings: 0

Query OK, 0 rows affected (8.60 sec)
Records: 0  Duplicates: 0  Warnings: 0

+---------+
| casa    |
+---------+
| 2781395 |
+---------+
1 row in set (0.88 sec)

Query OK, 0 rows affected (0.12 sec)

Query OK, 13248 rows affected (1 min 18.08 sec)
Records: 13248  Duplicates: 0  Warnings: 0

+--------------------+
| rep_paycol_channel |
+--------------------+
|              13248 |
+--------------------+
1 row in set (0.00 sec)

Query OK, 0 rows affected (0.02 sec)

Query OK, 8957 rows affected (1 min 29.34 sec)
Records: 8957  Duplicates: 0  Warnings: 0

+----------------+
| rep_paycol_pos |
+----------------+
|           8957 |
+----------------+
1 row in set (0.02 sec)

Database changed
Query OK, 0 rows affected (0.01 sec)

Query OK, 0 rows affected (0.02 sec)

Database changed
Query OK, 38702 rows affected (0.92 sec)
Records: 38702  Deleted: 0  Skipped: 0  Warnings: 0

+-------+
| users |
+-------+
| 38702 |
+-------+
1 row in set (0.02 sec)

Database changed
Query OK, 0 rows affected (0.09 sec)

Query OK, 0 rows affected (0.00 sec)

Database changed
Query OK, 11580910 rows affected (2 min 42.01 sec)
Records: 11580910  Deleted: 0  Skipped: 0  Warnings: 0

Query OK, 0 rows affected (40.78 sec)
Records: 0  Duplicates: 0  Warnings: 0

Query OK, 0 rows affected (47.15 sec)
Records: 0  Duplicates: 0  Warnings: 0

Query OK, 0 rows affected (42.84 sec)
Records: 0  Duplicates: 0  Warnings: 0

Query OK, 0 rows affected (38.63 sec)
Records: 0  Duplicates: 0  Warnings: 0

+----------+
| ipusage1 |
+----------+
| 11580910 |
+----------+
1 row in set (11.10 sec)

Query OK, 0 rows affected (0.27 sec)

Query OK, 11676101 rows affected, 65535 warnings (13 min 41.18 sec)
Records: 11676101  Duplicates: 0  Warnings: 11672810

Query OK, 0 rows affected (33.92 sec)
Records: 0  Duplicates: 0  Warnings: 0

Query OK, 0 rows affected (40.11 sec)
Records: 0  Duplicates: 0  Warnings: 0

Query OK, 0 rows affected (39.33 sec)
Records: 0  Duplicates: 0  Warnings: 0

Query OK, 0 rows affected (37.90 sec)
Records: 0  Duplicates: 0  Warnings: 0

Query OK, 0 rows affected (53.80 sec)
Records: 0  Duplicates: 0  Warnings: 0

Query OK, 0 rows affected (1 min 15.06 sec)
Records: 0  Duplicates: 0  Warnings: 0

Query OK, 0 rows affected (1 min 9.78 sec)
Records: 0  Duplicates: 0  Warnings: 0

+----------+
| ipusage  |
+----------+
| 11676101 |
+----------+
1 row in set (15.03 sec)

Query OK, 0 rows affected (0.19 sec)

Query OK, 2956250 rows affected (2 min 43.71 sec)
Records: 2956250  Duplicates: 0  Warnings: 0

Query OK, 0 rows affected (13.91 sec)
Records: 0  Duplicates: 0  Warnings: 0

Query OK, 0 rows affected (11.81 sec)
Records: 0  Duplicates: 0  Warnings: 0

Query OK, 0 rows affected (13.91 sec)
Records: 0  Duplicates: 0  Warnings: 0

Query OK, 0 rows affected (14.26 sec)
Records: 0  Duplicates: 0  Warnings: 0

Query OK, 0 rows affected (10.68 sec)
Records: 0  Duplicates: 0  Warnings: 0

Query OK, 0 rows affected (0.10 sec)

Query OK, 227635 rows affected (22.75 sec)
Records: 227635  Duplicates: 0  Warnings: 0

Query OK, 0 rows affected (0.74 sec)
Records: 0  Duplicates: 0  Warnings: 0

Query OK, 0 rows affected (0.73 sec)
Records: 0  Duplicates: 0  Warnings: 0

Query OK, 0 rows affected (0.82 sec)
Records: 0  Duplicates: 0  Warnings: 0

Query OK, 0 rows affected (0.45 sec)
Records: 0  Duplicates: 0  Warnings: 0

Query OK, 0 rows affected (0.42 sec)
Records: 0  Duplicates: 0  Warnings: 0

Query OK, 0 rows affected (0.45 sec)
Records: 0  Duplicates: 0  Warnings: 0

Query OK, 0 rows affected (0.43 sec)
Records: 0  Duplicates: 0  Warnings: 0

Query OK, 0 rows affected (0.04 sec)

Query OK, 1677985 rows affected (59.33 sec)
Records: 1677985  Duplicates: 0  Warnings: 0

Query OK, 0 rows affected (7.68 sec)
Records: 0  Duplicates: 0  Warnings: 0

Query OK, 0 rows affected (4.91 sec)
Records: 0  Duplicates: 0  Warnings: 0

Query OK, 0 rows affected (5.96 sec)
Records: 0  Duplicates: 0  Warnings: 0

mysql> mysql \. C:\workspace\cloud\code\sql\_DailyScript\currenttime.sql
+---------------------+
| currenttime         |
+---------------------+
| 2019-11-25 09:57:41 |
+---------------------+
1 row in set (0.00 sec)

mysql> 
mysql> mysql \. C:\workspace\cloud\code\sql\_DailyScript\ticket_analysis.sql
Database changed
Query OK, 0 rows affected (0.01 sec)

Query OK, 515003 rows affected (23.01 sec)
Records: 515003  Duplicates: 0  Warnings: 0

Query OK, 0 rows affected (7.59 sec)
Records: 0  Duplicates: 0  Warnings: 0

Query OK, 0 rows affected (1.48 sec)
Records: 0  Duplicates: 0  Warnings: 0

Query OK, 0 rows affected (1.65 sec)
Records: 0  Duplicates: 0  Warnings: 0

Query OK, 0 rows affected (0.01 sec)

Query OK, 17536 rows affected (10.23 sec)
Records: 17536  Duplicates: 0  Warnings: 0

Query OK, 0 rows affected, 1 warning (0.00 sec)

Query OK, 70956 rows affected (5.93 sec)
Records: 70956  Duplicates: 0  Warnings: 0

Query OK, 0 rows affected, 1 warning (0.00 sec)

Query OK, 368860 rows affected (10.32 sec)
Records: 368860  Duplicates: 0  Warnings: 0

Query OK, 0 rows affected, 1 warning (0.00 sec)

Query OK, 368860 rows affected (13.31 sec)
Records: 368860  Duplicates: 0  Warnings: 0

Query OK, 0 rows affected (0.02 sec)

Query OK, 71009 rows affected (6.59 sec)
Records: 71009  Duplicates: 0  Warnings: 0

Database changed
Query OK, 0 rows affected (0.00 sec)

Query OK, 0 rows affected (0.02 sec)

Query OK, 515003 rows affected (21.20 sec)
Records: 515003  Duplicates: 0  Warnings: 0

Query OK, 0 rows affected (0.01 sec)

Query OK, 250011 rows affected (16.60 sec)
Records: 250011  Duplicates: 0  Warnings: 0

+--------------------------+
| clientticket_cmmtjourney |
+--------------------------+
|                   515003 |
+--------------------------+
1 row in set (3.77 sec)

+---------------------------+
| clientticket_assgnjourney |
+---------------------------+
|                    250011 |
+---------------------------+
1 row in set (0.30 sec)

Query OK, 0 rows affected (0.00 sec)

Query OK, 74 rows affected (0.09 sec)
Records: 74  Duplicates: 0  Warnings: 0

mysql> mysql \. C:\workspace\cloud\code\sql\_DailyScript\currenttime.sql
+---------------------+
| currenttime         |
+---------------------+
| 2019-11-25 09:59:43 |
+---------------------+
1 row in set (0.00 sec)

mysql> 
mysql> mysql \. C:\workspace\cloud\code\sql\_DailyScript\load_DailyCalls.sql
Database changed
Query OK, 226 rows affected (0.30 sec)
Records: 226  Deleted: 0  Skipped: 0  Warnings: 0

Query OK, 0 rows affected, 1 warning (0.00 sec)

Query OK, 217 rows affected (0.22 sec)
Records: 217  Duplicates: 0  Warnings: 0

Query OK, 0 rows affected, 1 warning (0.00 sec)

Query OK, 67685 rows affected (0.37 sec)
Records: 67685  Duplicates: 0  Warnings: 0

+----------------------+
| callingclientsbefore |
+----------------------+
|               785826 |
+----------------------+
1 row in set (1.76 sec)

Query OK, 280 rows affected (5.08 sec)
Records: 280  Duplicates: 0  Warnings: 0

+---------------------+
| callingclientsafter |
+---------------------+
|              786106 |
+---------------------+
1 row in set (0.22 sec)

Query OK, 0 rows affected (0.02 sec)

Query OK, 181 rows affected (12.16 sec)
Records: 181  Duplicates: 0  Warnings: 0

Query OK, 0 rows affected (0.02 sec)

Query OK, 16322 rows affected (2.43 sec)
Records: 16322  Duplicates: 0  Warnings: 0

+-----------+
| callstats |
+-----------+
|     16322 |
+-----------+
1 row in set (0.00 sec)

Query OK, 0 rows affected, 1 warning (0.00 sec)

Query OK, 280 rows affected (30.17 sec)
Records: 280  Duplicates: 0  Warnings: 0

+------------------------+
| rep_cccallreportbefore |
+------------------------+
|                 789905 |
+------------------------+
1 row in set (0.25 sec)

Query OK, 280 rows affected (1.26 sec)
Records: 280  Duplicates: 0  Warnings: 0

+-----------------------+
| rep_cccallreportafter |
+-----------------------+
|                790185 |
+-----------------------+
1 row in set (0.22 sec)

Query OK, 0 rows affected (0.00 sec)

mysql> mysql \. C:\workspace\cloud\code\sql\_DailyScript\currenttime.sql
+---------------------+
| currenttime         |
+---------------------+
| 2019-11-25 10:00:38 |
+---------------------+
1 row in set (0.00 sec)

mysql> 
mysql> mysql \. C:\workspace\cloud\code\sql\_DailyScript\DAILY-SCRIPT-USAGE.sql
Database changed
Query OK, 0 rows affected (0.00 sec)

Query OK, 6694 rows affected, 19388 warnings (10.47 sec)
Records: 6694  Deleted: 0  Skipped: 0  Warnings: 19388

Query OK, 0 rows affected (0.00 sec)

Query OK, 10339 rows affected, 29862 warnings (9.41 sec)
Records: 10339  Deleted: 0  Skipped: 0  Warnings: 29862

Query OK, 0 rows affected (0.00 sec)

Query OK, 34 rows affected, 113 warnings (0.05 sec)
Records: 34  Deleted: 0  Skipped: 0  Warnings: 113

Query OK, 0 rows affected (0.00 sec)

Query OK, 175 rows affected, 611 warnings (0.04 sec)
Records: 175  Deleted: 0  Skipped: 0  Warnings: 611

+------------+
| dailyusage |
+------------+
|    8990775 |
+------------+
1 row in set (33.16 sec)

+------------+------------+------------+---------+
| datestart  | dateend    | insertedon | records |
+------------+------------+------------+---------+
| 2019-11-24 | 2019-11-24 | 2019-11-25 |   17242 |
| 2019-11-23 | 2019-11-23 | 2019-11-24 |   17557 |
| 2019-11-22 | 2019-11-22 | 2019-11-23 |   17475 |
| 2019-11-21 | 2019-11-21 | 2019-11-22 |   17698 |
| 2019-11-20 | 2019-11-20 | 2019-11-21 |   17774 |
+------------+------------+------------+---------+
5 rows in set (3 min 7.12 sec)

mysql> mysql \. C:\workspace\cloud\code\sql\_DailyScript\currenttime.sql
+---------------------+
| currenttime         |
+---------------------+
| 2019-11-25 10:04:38 |
+---------------------+
1 row in set (0.00 sec)

mysql> 
mysql> mysql \. C:\workspace\cloud\code\sql\_DailyScript\DAILY-SCRIPT-SALES-TELEMETRY.sql
Database changed
Query OK, 29 rows affected, 7 warnings (0.07 sec)
Records: 29  Deleted: 0  Skipped: 0  Warnings: 7

+------------+
| dailysales |
+------------+
|     174596 |
+------------+
1 row in set (0.55 sec)

Query OK, 0 rows affected (0.10 sec)

Query OK, 174596 rows affected (18.38 sec)
Records: 174596  Duplicates: 0  Warnings: 0

+--------+
| sales  |
+--------+
| 174596 |
+--------+
1 row in set (0.08 sec)

Query OK, 0 rows affected (0.02 sec)

Query OK, 2810 rows affected (0.32 sec)
Records: 2810  Duplicates: 0  Warnings: 0

+----------------+
| rep_dailysales |
+----------------+
|           2810 |
+----------------+
1 row in set (0.00 sec)

Query OK, 0 rows affected (0.02 sec)

Query OK, 2810 rows affected (0.48 sec)
Records: 2810  Duplicates: 0  Warnings: 0

+-------------------+
| rep_dailysalesreg |
+-------------------+
|              2810 |
+-------------------+
1 row in set (0.00 sec)

Query OK, 0 rows affected (0.00 sec)

Query OK, 2590 rows affected (0.62 sec)
Records: 2590  Duplicates: 0  Warnings: 0

+-----------+
| saleslist |
+-----------+
|      2590 |
+-----------+
1 row in set (0.00 sec)

Database changed
ERROR 2 (HY000): File 'C:\ProgramData\MySQL\MySQL Server 5.7\Uploads\_csv\PrepaidCardSales-24112019-P1.csv' not found (Errcode: 2 - No such file or directory)
+------------------+
| dailysinglesales |
+------------------+
|             6052 |
+------------------+
1 row in set (0.07 sec)

Database changed
Query OK, 9 rows affected (0.04 sec)
Records: 9  Deleted: 0  Skipped: 0  Warnings: 0

+-----------------+
| dailyaddonsales |
+-----------------+
|           17650 |
+-----------------+
1 row in set (0.25 sec)

Query OK, 121 rows affected (0.47 sec)
Records: 121  Deleted: 0  Skipped: 0  Warnings: 0

+----------------+
| onlinepayments |
+----------------+
|          71488 |
+----------------+
1 row in set (0.30 sec)

+-------------+----------------+---------------------+
| paymentdate | onlinepayments | onlinepaymentamount |
+-------------+----------------+---------------------+
| 2019-11-24  |            121 |         78273.94000 |
| 2019-11-23  |            118 |         84264.62000 |
| 2019-11-22  |            131 |         85310.85000 |
| 2019-11-21  |             84 |         46470.23000 |
| 2019-11-20  |             80 |         48965.17000 |
+-------------+----------------+---------------------+
5 rows in set (3.13 sec)

+-------------+--------------+----------------+---------------------+
| paymentyear | paymentmonth | onlinepayments | onlinepaymentamount |
+-------------+--------------+----------------+---------------------+
|        2019 |           11 |           2190 |       1429943.63000 |
|        2019 |           10 |           3323 |       2227696.68000 |
|        2019 |            9 |           3167 |       2039048.12000 |
|        2019 |            8 |           3117 |       1993718.27000 |
|        2019 |            7 |           3028 |       2000847.29000 |
+-------------+--------------+----------------+---------------------+
5 rows in set (0.07 sec)

mysql> mysql \. C:\workspace\cloud\code\sql\_DailyScript\currenttime.sql
+---------------------+
| currenttime         |
+---------------------+
| 2019-11-25 10:05:03 |
+---------------------+
1 row in set (0.00 sec)

mysql> 
mysql> mysql \. C:\workspace\cloud\code\sql\_DailyScript\DAILY-SCRIPT-ACTIVENUMBERS.sql
Database changed
Query OK, 1240 rows affected (1.50 sec)
Records: 1240  Deleted: 0  Skipped: 0  Warnings: 0

+------------+----------+
| period     | count(1) |
+------------+----------+
| 2019-11-24 |     1240 |
| 2019-11-23 |     1242 |
| 2019-11-22 |     1242 |
| 2019-11-21 |     1244 |
| 2019-11-20 |     1243 |
| 2019-11-19 |     1246 |
+------------+----------+
6 rows in set (0.03 sec)

Query OK, 0 rows affected (0.02 sec)

Query OK, 81 rows affected (1.64 sec)
Records: 81  Duplicates: 0  Warnings: 0

+-------------+
| packagelist |
+-------------+
|          81 |
+-------------+
1 row in set (0.00 sec)

Database changed
Query OK, 0 rows affected (0.00 sec)

Query OK, 0 rows affected (0.00 sec)

Query OK, 0 rows affected (0.01 sec)

Query OK, 0 rows affected (0.00 sec)

Query OK, 26890 rows affected, 208 warnings (1 min 42.38 sec)
Records: 26890  Deleted: 0  Skipped: 0  Warnings: 208

+------------+----------+
| period     | count(1) |
+------------+----------+
| 2019-11-24 |    26890 |
| 2019-11-23 |    27138 |
| 2019-11-22 |    27137 |
| 2019-11-21 |    27034 |
| 2019-11-20 |    27057 |
+------------+----------+
5 rows in set (0.16 sec)

Query OK, 0 rows affected (0.08 sec)

Query OK, 26273 rows affected (2 min 35.89 sec)
Records: 26273  Duplicates: 0  Warnings: 0

Query OK, 0 rows affected (0.12 sec)
Records: 0  Duplicates: 0  Warnings: 0

Query OK, 0 rows affected (0.12 sec)
Records: 0  Duplicates: 0  Warnings: 0

Query OK, 0 rows affected (0.10 sec)
Records: 0  Duplicates: 0  Warnings: 0

Query OK, 0 rows affected (0.07 sec)
Records: 0  Duplicates: 0  Warnings: 0

Query OK, 0 rows affected (0.10 sec)
Records: 0  Duplicates: 0  Warnings: 0

Query OK, 0 rows affected (0.06 sec)
Records: 0  Duplicates: 0  Warnings: 0

+-------------+
| countbefore |
+-------------+
|    31198077 |
+-------------+
1 row in set (1 min 52.20 sec)

Query OK, 26273 rows affected (32.62 sec)
Records: 26273  Duplicates: 0  Warnings: 0

+------------+
| countafter |
+------------+
|   31224350 |
+------------+
1 row in set (12.19 sec)

+------------+--------------------------+
| period     | customercontractactivity |
+------------+--------------------------+
| 2019-11-24 |                    26273 |
| 2019-11-23 |                    26521 |
| 2019-11-22 |                    26520 |
| 2019-11-21 |                    26418 |
| 2019-11-20 |                    26441 |
+------------+--------------------------+
5 rows in set (0.05 sec)

Query OK, 0 rows affected (0.03 sec)

Query OK, 239180 rows affected (16 min 16.91 sec)
Records: 239180  Duplicates: 0  Warnings: 0

Query OK, 0 rows affected (0.89 sec)
Records: 0  Duplicates: 0  Warnings: 0

Query OK, 0 rows affected (0.89 sec)
Records: 0  Duplicates: 0  Warnings: 0

Query OK, 0 rows affected (0.93 sec)
Records: 0  Duplicates: 0  Warnings: 0

Query OK, 0 rows affected (0.01 sec)

Query OK, 253 rows affected (0.42 sec)
Records: 253  Duplicates: 0  Warnings: 0

Query OK, 0 rows affected (0.02 sec)

Query OK, 2524 rows affected (0.53 sec)
Records: 2524  Duplicates: 0  Warnings: 0

Query OK, 0 rows affected (0.00 sec)

Query OK, 26262 rows affected (0.57 sec)
Records: 26262  Duplicates: 0  Warnings: 0

Query OK, 0 rows affected (0.00 sec)

Query OK, 16790 rows affected (0.36 sec)
Records: 16790  Duplicates: 0  Warnings: 0

Query OK, 0 rows affected (0.00 sec)

Query OK, 16790 rows affected (0.12 sec)
Records: 16790  Duplicates: 0  Warnings: 0

Query OK, 0 rows affected (0.02 sec)

Query OK, 16790 rows affected (1.25 sec)
Records: 16790  Duplicates: 0  Warnings: 0

Query OK, 0 rows affected (0.02 sec)

Query OK, 16790 rows affected (45.40 sec)
Records: 16790  Duplicates: 0  Warnings: 0

+-------------+
| clientstats |
+-------------+
|       16790 |
+-------------+
1 row in set (0.00 sec)

Query OK, 0 rows affected (0.00 sec)

Query OK, 13 rows affected, 1 warning (0.10 sec)
Records: 13  Duplicates: 0  Warnings: 1

+-----------------------+-------------+-------------+----------------+-----------------+
| services              | activecount | allaccounts | uniqueaccounts | uniquecontracts |
+-----------------------+-------------+-------------+----------------+-----------------+
| All                   |         249 |          42 |             42 |             138 |
| Internet & Voice      |         423 |         194 |            194 |             378 |
| Internet Only         |        4179 |        4069 |           4062 |            4117 |
| OTT Only              |           4 |           2 |              2 |               4 |
| TV & Internet         |        8674 |        3819 |           3810 |            7786 |
| TV & Internet & OTT   |        2376 |         638 |            638 |            1307 |
| TV & Internet & Voice |         472 |         138 |            138 |             423 |
| TV & OTT              |         336 |          61 |             60 |              78 |
| TV & Voice            |         108 |          47 |             47 |              97 |
| TV & Voice & OTT      |           3 |           1 |              1 |               2 |
| TV Only               |       10020 |        7604 |           7591 |            7790 |
| Voice Only            |         176 |         175 |            175 |             176 |
| GRAND TOTAL           |       27020 |       16790 |          16713 |           22296 |
+-----------------------+-------------+-------------+----------------+-----------------+
13 rows in set (0.00 sec)

+-------------+-------------+-------------+----------------+-----------------+
| network     | activecount | allaccounts | uniqueaccounts | uniquecontracts |
+-------------+-------------+-------------+----------------+-----------------+
| ADDON       |          13 |           9 |              9 |               9 |
| GPON        |        7492 |        3810 |           3807 |            5784 |
| HFC         |       19512 |       12970 |          12970 |           16500 |
| MOBILE TV   |           3 |           1 |              1 |               3 |
| GRAND TOTAL |       27020 |       16790 |          16713 |           22296 |
+-------------+-------------+-------------+----------------+-----------------+
5 rows in set, 1 warning (0.12 sec)

+-------------+-----------------------+-------------+-------------+----------------+-----------------+
| network     | services              | activecount | allaccounts | uniqueaccounts | uniquecontracts |
+-------------+-----------------------+-------------+-------------+----------------+-----------------+
| ADDON       | OTT Only              |           1 |           1 |              1 |               1 |
| ADDON       | TV & OTT              |           4 |           1 |              1 |               1 |
| ADDON       | TV Only               |           8 |           7 |              7 |               7 |
| ADDON       | Services Total        |          13 |           9 |              9 |               9 |
| GPON        | All                   |         122 |          19 |             19 |              63 |
| GPON        | Internet & Voice      |          65 |          27 |             27 |              55 |
| GPON        | Internet Only         |        1003 |         920 |            920 |             944 |
| GPON        | TV & Internet         |        3098 |        1301 |           1301 |            2679 |
| GPON        | TV & Internet & OTT   |        1232 |         327 |            327 |             670 |
| GPON        | TV & Internet & Voice |         147 |          41 |             41 |             127 |
| GPON        | TV & OTT              |          55 |          18 |             18 |              19 |
| GPON        | TV & Voice            |          50 |          21 |             21 |              45 |
| GPON        | TV Only               |        1710 |        1126 |           1126 |            1172 |
| GPON        | Voice Only            |          10 |          10 |             10 |              10 |
| GPON        | Services Total        |        7492 |        3810 |           3807 |            5784 |
| HFC         | All                   |         127 |          23 |             23 |              75 |
| HFC         | Internet & Voice      |         358 |         167 |            167 |             323 |
| HFC         | Internet Only         |        3176 |        3149 |           3149 |            3173 |
| HFC         | TV & Internet         |        5576 |        2518 |           2518 |            5107 |
| HFC         | TV & Internet & OTT   |        1144 |         311 |            311 |             637 |
| HFC         | TV & Internet & Voice |         325 |          97 |             97 |             296 |
| HFC         | TV & OTT              |         277 |          42 |             42 |              58 |
| HFC         | TV & Voice            |          58 |          26 |             26 |              52 |
| HFC         | TV & Voice & OTT      |           3 |           1 |              1 |               2 |
| HFC         | TV Only               |        8302 |        6471 |           6471 |            6611 |
| HFC         | Voice Only            |         166 |         165 |            165 |             166 |
| HFC         | Services Total        |       19512 |       12970 |          12970 |           16500 |
| MOBILE TV   | OTT Only              |           3 |           1 |              1 |               3 |
| MOBILE TV   | Services Total        |           3 |           1 |              1 |               3 |
| GRAND TOTAL | Services Total        |       27020 |       16790 |          16713 |           22296 |
+-------------+-----------------------+-------------+-------------+----------------+-----------------+
30 rows in set, 2 warnings (0.13 sec)

Query OK, 0 rows affected (0.00 sec)

Query OK, 47 rows affected, 3 warnings (0.18 sec)
Records: 47  Duplicates: 0  Warnings: 3

+-------------+---------------+-----------------------+-------------+-------------+----------------+-----------------+
| region      | network       | services              | activecount | allaccounts | uniqueaccounts | uniquecontracts |
+-------------+---------------+-----------------------+-------------+-------------+----------------+-----------------+
| Mahe        | ADDON         | OTT Only              |           1 |           1 |              1 |               1 |
| Mahe        | ADDON         | TV & OTT              |           4 |           1 |              1 |               1 |
| Mahe        | ADDON         | TV Only               |           4 |           3 |              3 |               3 |
| Mahe        | ADDON         | Services Total        |           9 |           5 |              5 |               5 |
| Mahe        | GPON          | All                   |         101 |          15 |             15 |              51 |
| Mahe        | GPON          | Internet & Voice      |          53 |          21 |             21 |              43 |
| Mahe        | GPON          | Internet Only         |         785 |         702 |            702 |             726 |
| Mahe        | GPON          | TV & Internet         |        2243 |         933 |            933 |            1912 |
| Mahe        | GPON          | TV & Internet & OTT   |         856 |         218 |            218 |             445 |
| Mahe        | GPON          | TV & Internet & Voice |         129 |          36 |             36 |             110 |
| Mahe        | GPON          | TV & OTT              |          45 |          13 |             13 |              14 |
| Mahe        | GPON          | TV & Voice            |          47 |          20 |             20 |              42 |
| Mahe        | GPON          | TV Only               |        1300 |         833 |            833 |             860 |
| Mahe        | GPON          | Voice Only            |          10 |          10 |             10 |              10 |
| Mahe        | GPON          | Services Total        |        5569 |        2801 |           2801 |            4213 |
| Mahe        | HFC           | All                   |         127 |          23 |             23 |              75 |
| Mahe        | HFC           | Internet & Voice      |         358 |         167 |            167 |             323 |
| Mahe        | HFC           | Internet Only         |        3175 |        3148 |           3148 |            3172 |
| Mahe        | HFC           | TV & Internet         |        5576 |        2518 |           2518 |            5107 |
| Mahe        | HFC           | TV & Internet & OTT   |        1144 |         311 |            311 |             637 |
| Mahe        | HFC           | TV & Internet & Voice |         325 |          97 |             97 |             296 |
| Mahe        | HFC           | TV & OTT              |         277 |          42 |             42 |              58 |
| Mahe        | HFC           | TV & Voice            |          58 |          26 |             26 |              52 |
| Mahe        | HFC           | TV & Voice & OTT      |           3 |           1 |              1 |               2 |
| Mahe        | HFC           | TV Only               |        8297 |        6468 |           6468 |            6608 |
| Mahe        | HFC           | Voice Only            |         166 |         165 |            165 |             166 |
| Mahe        | HFC           | Services Total        |       19506 |       12966 |          12966 |           16496 |
| Mahe        | MOBILE TV     | OTT Only              |           3 |           1 |              1 |               3 |
| Mahe        | MOBILE TV     | Services Total        |           3 |           1 |              1 |               3 |
| Mahe        | Network Total | Services Total        |       25087 |       15773 |          15702 |           20717 |
| Praslin     | ADDON         | TV Only               |           4 |           4 |              4 |               4 |
| Praslin     | ADDON         | Services Total        |           4 |           4 |              4 |               4 |
| Praslin     | GPON          | All                   |          21 |           4 |              4 |              12 |
| Praslin     | GPON          | Internet & Voice      |          12 |           6 |              6 |              12 |
| Praslin     | GPON          | Internet Only         |         218 |         218 |            218 |             218 |
| Praslin     | GPON          | TV & Internet         |         855 |         368 |            368 |             767 |
| Praslin     | GPON          | TV & Internet & OTT   |         376 |         109 |            109 |             225 |
| Praslin     | GPON          | TV & Internet & Voice |          18 |           5 |              5 |              17 |
| Praslin     | GPON          | TV & OTT              |          10 |           5 |              5 |               5 |
| Praslin     | GPON          | TV & Voice            |           3 |           1 |              1 |               3 |
| Praslin     | GPON          | TV Only               |         410 |         293 |            293 |             312 |
| Praslin     | GPON          | Services Total        |        1923 |        1009 |           1009 |            1571 |
| Praslin     | HFC           | Internet Only         |           1 |           1 |              1 |               1 |
| Praslin     | HFC           | TV Only               |           5 |           3 |              3 |               3 |
| Praslin     | HFC           | Services Total        |           6 |           4 |              4 |               4 |
| Praslin     | Network Total | Services Total        |        1933 |        1017 |           1014 |            1579 |
| GRAND TOTAL | Network Total | Services Total        |       27020 |       16790 |          16713 |           22296 |
+-------------+---------------+-----------------------+-------------+-------------+----------------+-----------------+
47 rows in set (0.00 sec)

Query OK, 0 rows affected (0.00 sec)

Query OK, 26263 rows affected (0.46 sec)
Records: 26263  Duplicates: 0  Warnings: 0

Query OK, 0 rows affected (0.03 sec)

Query OK, 1977 rows affected (14.73 sec)
Records: 1977  Duplicates: 0  Warnings: 0

+--------------------------------------+
| message                              |
+--------------------------------------+
| running rcbill_my.sp_ActiveNumber2() |
+--------------------------------------+
1 row in set (0.00 sec)

Query OK, 328 rows affected (3 min 25.97 sec)

mysql> mysql \. C:\workspace\cloud\code\sql\_DailyScript\currenttime.sql
+---------------------+
| currenttime         |
+---------------------+
| 2019-11-25 10:32:53 |
+---------------------+
1 row in set (0.00 sec)

mysql> 
mysql> mysql \. C:\workspace\cloud\code\sql\_DailyScript\GetActiveNumbers Average -Pivot.sql
Database changed
+-------------------------------------+
| @today := subdate(current_date(),1) |
+-------------------------------------+
| 2019-11-24                          |
+-------------------------------------+
1 row in set (0.00 sec)

+-------------------------------------+
| @lastdayofmonth := last_day(@today) |
+-------------------------------------+
| 2019-11-30                          |
+-------------------------------------+
1 row in set (0.00 sec)

Query OK, 0 rows affected (0.03 sec)

Query OK, 34224 rows affected, 65535 warnings (53.27 sec)
Records: 34224  Duplicates: 0  Warnings: 70865

Query OK, 0 rows affected (0.16 sec)
Records: 0  Duplicates: 0  Warnings: 0

Query OK, 0 rows affected (0.14 sec)
Records: 0  Duplicates: 0  Warnings: 0

Query OK, 0 rows affected (0.13 sec)
Records: 0  Duplicates: 0  Warnings: 0

+-----------------+
| activenumberavg |
+-----------------+
|           34224 |
+-----------------+
1 row in set (0.05 sec)

Query OK, 0 rows affected (0.09 sec)

Query OK, 1795 rows affected (0.47 sec)
Records: 1795  Duplicates: 0  Warnings: 0

+---------------------+
| rep_activenumberavg |
+---------------------+
|                1795 |
+---------------------+
1 row in set (0.00 sec)

+----------------------+
| rep_activenumberavg1 |
+----------------------+
|                  851 |
+----------------------+
1 row in set (0.00 sec)

Query OK, 0 rows affected (0.20 sec)

Query OK, 1754 rows affected (0.52 sec)
Records: 1754  Duplicates: 0  Warnings: 0

Query OK, 0 rows affected (0.03 sec)

Query OK, 8898 rows affected (0.67 sec)
Records: 8898  Duplicates: 0  Warnings: 0

Query OK, 0 rows affected (0.00 sec)

Query OK, 0 rows affected (0.00 sec)

Query OK, 0 rows affected (0.02 sec)

Query OK, 0 rows affected (0.00 sec)

Query OK, 0 rows affected (0.00 sec)
Statement prepared

Query OK, 53 rows affected (0.07 sec)
Records: 53  Duplicates: 0  Warnings: 0

Query OK, 0 rows affected (0.00 sec)

Query OK, 0 rows affected (0.00 sec)

+----------------------+
| rep_activenumberavg2 |
+----------------------+
|                 1754 |
+----------------------+
1 row in set (0.00 sec)

+------------------------+
| rep_activenumberavg_pv |
+------------------------+
|                     53 |
+------------------------+
1 row in set (0.00 sec)

Query OK, 0 rows affected (0.02 sec)

Query OK, 1754 rows affected (0.37 sec)
Records: 1754  Duplicates: 0  Warnings: 0

Query OK, 0 rows affected (0.00 sec)

Query OK, 0 rows affected (0.01 sec)

Query OK, 0 rows affected (0.00 sec)

Query OK, 0 rows affected (0.00 sec)

Query OK, 0 rows affected (0.00 sec)
Statement prepared

Query OK, 53 rows affected (0.04 sec)
Records: 53  Duplicates: 0  Warnings: 0

Query OK, 0 rows affected (0.00 sec)

Query OK, 0 rows affected (0.00 sec)

+-------------------------+
| rep_activenumberavgMahe |
+-------------------------+
|                    1754 |
+-------------------------+
1 row in set (0.00 sec)

+----------------------------+
| rep_activenumberavgMahe_pv |
+----------------------------+
|                         53 |
+----------------------------+
1 row in set (0.00 sec)

Query OK, 0 rows affected (0.00 sec)

Query OK, 1122 rows affected (0.13 sec)
Records: 1122  Duplicates: 0  Warnings: 0

Query OK, 0 rows affected (0.00 sec)

Query OK, 0 rows affected (0.02 sec)

Query OK, 0 rows affected (0.01 sec)

Query OK, 0 rows affected (0.00 sec)

Query OK, 0 rows affected (0.00 sec)
Statement prepared

Query OK, 40 rows affected (0.04 sec)
Records: 40  Duplicates: 0  Warnings: 0

Query OK, 0 rows affected (0.00 sec)

Query OK, 0 rows affected (0.00 sec)

+----------------------------+
| rep_activenumberavgPraslin |
+----------------------------+
|                       1122 |
+----------------------------+
1 row in set (0.00 sec)

+-------------------------------+
| rep_activenumberavgPraslin_pv |
+-------------------------------+
|                            40 |
+-------------------------------+
1 row in set (0.00 sec)

mysql> mysql \. C:\workspace\cloud\code\sql\_DailyScript\currenttime.sql
+---------------------+
| currenttime         |
+---------------------+
| 2019-11-25 10:33:49 |
+---------------------+
1 row in set (0.00 sec)

mysql> 
mysql> mysql \. C:\workspace\cloud\code\sql\_DailyScript\budget_actual_analysis_2019.sql
Query OK, 0 rows affected (0.00 sec)

Query OK, 568 rows affected, 3 warnings (0.53 sec)
Records: 568  Duplicates: 0  Warnings: 3

+--------------------+
| budget_actual_2019 |
+--------------------+
|                568 |
+--------------------+
1 row in set (0.00 sec)

Query OK, 0 rows affected (0.00 sec)

Query OK, 48 rows affected (0.03 sec)
Records: 48  Duplicates: 0  Warnings: 0

+---------------------------+
| rep_budget_actual_2019_pv |
+---------------------------+
|                        48 |
+---------------------------+
1 row in set (0.00 sec)

mysql> mysql \. C:\workspace\cloud\code\sql\_DailyScript\currenttime.sql
+---------------------+
| currenttime         |
+---------------------+
| 2019-11-25 10:33:50 |
+---------------------+
1 row in set (0.00 sec)

mysql> 
mysql> mysql \. C:\workspace\cloud\code\sql\_DailyScript\reports-sales-addons-prepaid-camera.sql
Database changed
Query OK, 0 rows affected (0.13 sec)

Query OK, 3880 rows affected (0.35 sec)
Records: 3880  Duplicates: 0  Warnings: 0

Query OK, 0 rows affected (0.05 sec)

Query OK, 17671 rows affected (41.86 sec)
Records: 17671  Duplicates: 0  Warnings: 0

+--------------------+
| rep_prepaid_camera |
+--------------------+
|               3880 |
+--------------------+
1 row in set (0.00 sec)

+-----------+
| rep_addon |
+-----------+
|     17671 |
+-----------+
1 row in set (0.00 sec)

mysql> mysql \. C:\workspace\cloud\code\sql\_DailyScript\currenttime.sql
+---------------------+
| currenttime         |
+---------------------+
| 2019-11-25 10:34:32 |
+---------------------+
1 row in set (0.00 sec)

mysql> 
mysql> mysql \. C:\workspace\cloud\code\sql\_DailyScript\housing-estate-analysis.sql
Database changed
Query OK, 0 rows affected (0.01 sec)

Query OK, 2911 rows affected (57.53 sec)
Records: 2911  Duplicates: 0  Warnings: 0

+--------------------+
| rep_housingestates |
+--------------------+
|               2911 |
+--------------------+
1 row in set (0.00 sec)

mysql> mysql \. C:\workspace\cloud\code\sql\_DailyScript\currenttime.sql
+---------------------+
| currenttime         |
+---------------------+
| 2019-11-25 10:35:30 |
+---------------------+
1 row in set (0.00 sec)

mysql> 
mysql> mysql \. C:\workspace\cloud\code\sql\_DailyScript\RCB_ClientAnalyticsReport_Script.sql
Database changed
Query OK, 0 rows affected (0.00 sec)

Query OK, 0 rows affected (0.17 sec)

Query OK, 1777122 rows affected (2 min 4.82 sec)
Records: 1777122  Duplicates: 0  Warnings: 0

Query OK, 0 rows affected (8.56 sec)
Records: 0  Duplicates: 0  Warnings: 0

Query OK, 0 rows affected (5.63 sec)
Records: 0  Duplicates: 0  Warnings: 0

Query OK, 0 rows affected (9.16 sec)
Records: 0  Duplicates: 0  Warnings: 0

Query OK, 0 rows affected (10.09 sec)
Records: 0  Duplicates: 0  Warnings: 0

Query OK, 0 rows affected (9.83 sec)
Records: 0  Duplicates: 0  Warnings: 0

Query OK, 0 rows affected (9.01 sec)
Records: 0  Duplicates: 0  Warnings: 0

Query OK, 0 rows affected (0.01 sec)

Query OK, 458613 rows affected (15.82 sec)
Rows matched: 1777122  Changed: 458613  Warnings: 0

Query OK, 0 rows affected (0.00 sec)

Query OK, 27228 rows affected (4.27 sec)
Records: 27228  Duplicates: 0  Warnings: 0

Query OK, 0 rows affected (0.02 sec)

Query OK, 42885 rows affected (10 min 22.75 sec)
Records: 42885  Duplicates: 0  Warnings: 0

Query OK, 0 rows affected (0.22 sec)
Records: 0  Duplicates: 0  Warnings: 0

Query OK, 0 rows affected (0.15 sec)
Records: 0  Duplicates: 0  Warnings: 0

Query OK, 0 rows affected (0.09 sec)
Records: 0  Duplicates: 0  Warnings: 0

Query OK, 0 rows affected (0.07 sec)

ERROR 1053 (08S01): Server shutdown in progress
ERROR 2013 (HY000): Lost connection to MySQL server during query
ERROR 2006 (HY000): MySQL server has gone away
No connection. Trying to reconnect...
ERROR 2003 (HY000): Can't connect to MySQL server on '192.168.1.166' (10061)
ERROR: 
Can't connect to the server

No connection. Trying to reconnect...
ERROR 2003 (HY000): Can't connect to MySQL server on '192.168.1.166' (10060)
ERROR: 
Can't connect to the server

No connection. Trying to reconnect...
ERROR 2003 (HY000): Can't connect to MySQL server on '192.168.1.166' (10060)
ERROR: 
Can't connect to the server

No connection. Trying to reconnect...
ERROR 2003 (HY000): Can't connect to MySQL server on '192.168.1.166' (10060)
ERROR: 
Can't connect to the server

No connection. Trying to reconnect...
ERROR 2003 (HY000): Can't connect to MySQL server on '192.168.1.166' (10060)
ERROR: 
Can't connect to the server

No connection. Trying to reconnect...
ERROR 2003 (HY000): Can't connect to MySQL server on '192.168.1.166' (10060)
ERROR: 
Can't connect to the server

No connection. Trying to reconnect...
ERROR 2003 (HY000): Can't connect to MySQL server on '192.168.1.166' (10060)
ERROR: 
Can't connect to the server

No connection. Trying to reconnect...
ERROR 2003 (HY000): Can't connect to MySQL server on '192.168.1.166' (10060)
ERROR: 
Can't connect to the server

No connection. Trying to reconnect...
ERROR 2003 (HY000): Can't connect to MySQL server on '192.168.1.166' (10060)
ERROR: 
Can't connect to the server

No connection. Trying to reconnect...
ERROR 2003 (HY000): Can't connect to MySQL server on '192.168.1.166' (10060)
ERROR: 
Can't connect to the server

No connection. Trying to reconnect...
ERROR 2003 (HY000): Can't connect to MySQL server on '192.168.1.166' (10060)
ERROR: 
Can't connect to the server

No connection. Trying to reconnect...
ERROR 2003 (HY000): Can't connect to MySQL server on '192.168.1.166' (10060)
ERROR: 
Can't connect to the server

No connection. Trying to reconnect...
ERROR 2003 (HY000): Can't connect to MySQL server on '192.168.1.166' (10060)
ERROR: 
Can't connect to the server

No connection. Trying to reconnect...
ERROR 2003 (HY000): Can't connect to MySQL server on '192.168.1.166' (10060)
ERROR: 
Can't connect to the server

No connection. Trying to reconnect...
ERROR 2003 (HY000): Can't connect to MySQL server on '192.168.1.166' (10060)
ERROR: 
Can't connect to the server

No connection. Trying to reconnect...
ERROR 2003 (HY000): Can't connect to MySQL server on '192.168.1.166' (10060)
ERROR: 
Can't connect to the server

No connection. Trying to reconnect...
ERROR 2003 (HY000): Can't connect to MySQL server on '192.168.1.166' (10060)
ERROR: 
Can't connect to the server

No connection. Trying to reconnect...
ERROR 2003 (HY000): Can't connect to MySQL server on '192.168.1.166' (10060)
ERROR: 
Can't connect to the server

No connection. Trying to reconnect...
ERROR 2003 (HY000): Can't connect to MySQL server on '192.168.1.166' (10060)
ERROR: 
Can't connect to the server

No connection. Trying to reconnect...
ERROR 2003 (HY000): Can't connect to MySQL server on '192.168.1.166' (10060)
ERROR: 
Can't connect to the server

No connection. Trying to reconnect...
ERROR 2003 (HY000): Can't connect to MySQL server on '192.168.1.166' (10060)
ERROR: 
Can't connect to the server

mysql> mysql \. C:\workspace\cloud\code\sql\_DailyScript\currenttime.sql
No connection. Trying to reconnect...
ERROR 2003 (HY000): Can't connect to MySQL server on '192.168.1.166' (10060)
ERROR: 
Can't connect to the server

mysql> 
mysql> mysql \. C:\workspace\cloud\code\sql\_DailyScript\REVENUE_PER_NODE_MXK.sql
No connection. Trying to reconnect...
ERROR 2003 (HY000): Can't connect to MySQL server on '192.168.1.166' (10060)
ERROR: 
Can't connect to the server

No connection. Trying to reconnect...
ERROR 2003 (HY000): Can't connect to MySQL server on '192.168.1.166' (10060)
ERROR: 
Can't connect to the server

No connection. Trying to reconnect...
ERROR 2003 (HY000): Can't connect to MySQL server on '192.168.1.166' (10060)
ERROR: 
Can't connect to the server

No connection. Trying to reconnect...
ERROR 2003 (HY000): Can't connect to MySQL server on '192.168.1.166' (10060)
ERROR: 
Can't connect to the server

No connection. Trying to reconnect...
ERROR 2003 (HY000): Can't connect to MySQL server on '192.168.1.166' (10060)
ERROR: 
Can't connect to the server

No connection. Trying to reconnect...
ERROR 2003 (HY000): Can't connect to MySQL server on '192.168.1.166' (10060)
ERROR: 
Can't connect to the server

No connection. Trying to reconnect...
ERROR 2003 (HY000): Can't connect to MySQL server on '192.168.1.166' (10060)
ERROR: 
Can't connect to the server

No connection. Trying to reconnect...
ERROR 2003 (HY000): Can't connect to MySQL server on '192.168.1.166' (10060)
ERROR: 
Can't connect to the server

No connection. Trying to reconnect...
ERROR 2003 (HY000): Can't connect to MySQL server on '192.168.1.166' (10060)
ERROR: 
Can't connect to the server

No connection. Trying to reconnect...
ERROR 2003 (HY000): Can't connect to MySQL server on '192.168.1.166' (10060)
ERROR: 
Can't connect to the server

No connection. Trying to reconnect...
ERROR 2003 (HY000): Can't connect to MySQL server on '192.168.1.166' (10060)
ERROR: 
Can't connect to the server

No connection. Trying to reconnect...
ERROR 2003 (HY000): Can't connect to MySQL server on '192.168.1.166' (10060)
ERROR: 
Can't connect to the server

No connection. Trying to reconnect...
ERROR 2003 (HY000): Can't connect to MySQL server on '192.168.1.166' (10060)
ERROR: 
Can't connect to the server

No connection. Trying to reconnect...
ERROR 2003 (HY000): Can't connect to MySQL server on '192.168.1.166' (10060)
ERROR: 
Can't connect to the server

No connection. Trying to reconnect...
ERROR 2003 (HY000): Can't connect to MySQL server on '192.168.1.166' (10060)
ERROR: 
Can't connect to the server

No connection. Trying to reconnect...
ERROR 2003 (HY000): Can't connect to MySQL server on '192.168.1.166' (10060)
ERROR: 
Can't connect to the server

No connection. Trying to reconnect...
ERROR 2003 (HY000): Can't connect to MySQL server on '192.168.1.166' (10060)
ERROR: 
Can't connect to the server

No connection. Trying to reconnect...
ERROR 2003 (HY000): Can't connect to MySQL server on '192.168.1.166' (10060)
ERROR: 
Can't connect to the server

No connection. Trying to reconnect...
ERROR 2003 (HY000): Can't connect to MySQL server on '192.168.1.166' (10060)
ERROR: 
Can't connect to the server

No connection. Trying to reconnect...
ERROR 2003 (HY000): Can't connect to MySQL server on '192.168.1.166' (10060)
ERROR: 
Can't connect to the server

No connection. Trying to reconnect...
ERROR 2003 (HY000): Can't connect to MySQL server on '192.168.1.166' (10060)
ERROR: 
Can't connect to the server

No connection. Trying to reconnect...
ERROR 2003 (HY000): Can't connect to MySQL server on '192.168.1.166' (10060)
ERROR: 
Can't connect to the server

No connection. Trying to reconnect...
ERROR 2003 (HY000): Can't connect to MySQL server on '192.168.1.166' (10060)
ERROR: 
Can't connect to the server

No connection. Trying to reconnect...
ERROR 2003 (HY000): Can't connect to MySQL server on '192.168.1.166' (10060)
ERROR: 
Can't connect to the server

No connection. Trying to reconnect...
ERROR 2003 (HY000): Can't connect to MySQL server on '192.168.1.166' (10060)
ERROR: 
Can't connect to the server

No connection. Trying to reconnect...
ERROR 2003 (HY000): Can't connect to MySQL server on '192.168.1.166' (10060)
ERROR: 
Can't connect to the server

No connection. Trying to reconnect...
ERROR 2003 (HY000): Can't connect to MySQL server on '192.168.1.166' (10060)
ERROR: 
Can't connect to the server

No connection. Trying to reconnect...
ERROR 2003 (HY000): Can't connect to MySQL server on '192.168.1.166' (10060)
ERROR: 
Can't connect to the server

No connection. Trying to reconnect...
ERROR 2003 (HY000): Can't connect to MySQL server on '192.168.1.166' (10060)
ERROR: 
Can't connect to the server

No connection. Trying to reconnect...
ERROR 2003 (HY000): Can't connect to MySQL server on '192.168.1.166' (10060)
ERROR: 
Can't connect to the server

No connection. Trying to reconnect...
ERROR 2003 (HY000): Can't connect to MySQL server on '192.168.1.166' (10060)
ERROR: 
Can't connect to the server

No connection. Trying to reconnect...
ERROR 2003 (HY000): Can't connect to MySQL server on '192.168.1.166' (10060)
ERROR: 
Can't connect to the server

No connection. Trying to reconnect...
ERROR 2003 (HY000): Can't connect to MySQL server on '192.168.1.166' (10060)
ERROR: 
Can't connect to the server

No connection. Trying to reconnect...
ERROR 2003 (HY000): Can't connect to MySQL server on '192.168.1.166' (10060)
ERROR: 
Can't connect to the server

No connection. Trying to reconnect...
ERROR 2003 (HY000): Can't connect to MySQL server on '192.168.1.166' (10060)
ERROR: 
Can't connect to the server

No connection. Trying to reconnect...
ERROR 2003 (HY000): Can't connect to MySQL server on '192.168.1.166' (10060)
ERROR: 
Can't connect to the server

No connection. Trying to reconnect...
ERROR 2003 (HY000): Can't connect to MySQL server on '192.168.1.166' (10060)
ERROR: 
Can't connect to the server

No connection. Trying to reconnect...
ERROR 2003 (HY000): Can't connect to MySQL server on '192.168.1.166' (10060)
ERROR: 
Can't connect to the server

No connection. Trying to reconnect...
ERROR 2003 (HY000): Can't connect to MySQL server on '192.168.1.166' (10060)
ERROR: 
Can't connect to the server

No connection. Trying to reconnect...
ERROR 2003 (HY000): Can't connect to MySQL server on '192.168.1.166' (10060)
ERROR: 
Can't connect to the server

No connection. Trying to reconnect...
ERROR 2003 (HY000): Can't connect to MySQL server on '192.168.1.166' (10060)
ERROR: 
Can't connect to the server

No connection. Trying to reconnect...
ERROR 2003 (HY000): Can't connect to MySQL server on '192.168.1.166' (10060)
ERROR: 
Can't connect to the server

No connection. Trying to reconnect...
ERROR 2003 (HY000): Can't connect to MySQL server on '192.168.1.166' (10060)
ERROR: 
Can't connect to the server

No connection. Trying to reconnect...
ERROR 2003 (HY000): Can't connect to MySQL server on '192.168.1.166' (10060)
ERROR: 
Can't connect to the server

No connection. Trying to reconnect...
ERROR 2003 (HY000): Can't connect to MySQL server on '192.168.1.166' (10060)
ERROR: 
Can't connect to the server

No connection. Trying to reconnect...
ERROR 2003 (HY000): Can't connect to MySQL server on '192.168.1.166' (10060)
ERROR: 
Can't connect to the server

No connection. Trying to reconnect...
ERROR 2003 (HY000): Can't connect to MySQL server on '192.168.1.166' (10060)
ERROR: 
Can't connect to the server

No connection. Trying to reconnect...
ERROR 2003 (HY000): Can't connect to MySQL server on '192.168.1.166' (10060)
ERROR: 
Can't connect to the server

No connection. Trying to reconnect...
ERROR 2003 (HY000): Can't connect to MySQL server on '192.168.1.166' (10060)
ERROR: 
Can't connect to the server

No connection. Trying to reconnect...
ERROR 2003 (HY000): Can't connect to MySQL server on '192.168.1.166' (10060)
ERROR: 
Can't connect to the server

No connection. Trying to reconnect...
ERROR 2003 (HY000): Can't connect to MySQL server on '192.168.1.166' (10060)
ERROR: 
Can't connect to the server

No connection. Trying to reconnect...
ERROR 2003 (HY000): Can't connect to MySQL server on '192.168.1.166' (10060)
ERROR: 
Can't connect to the server

No connection. Trying to reconnect...
ERROR 2003 (HY000): Can't connect to MySQL server on '192.168.1.166' (10060)
ERROR: 
Can't connect to the server

No connection. Trying to reconnect...
ERROR 2003 (HY000): Can't connect to MySQL server on '192.168.1.166' (10060)
ERROR: 
Can't connect to the server

No connection. Trying to reconnect...
ERROR 2003 (HY000): Can't connect to MySQL server on '192.168.1.166' (10060)
ERROR: 
Can't connect to the server

No connection. Trying to reconnect...
ERROR 2003 (HY000): Can't connect to MySQL server on '192.168.1.166' (10060)
ERROR: 
Can't connect to the server

No connection. Trying to reconnect...
ERROR 2003 (HY000): Can't connect to MySQL server on '192.168.1.166' (10060)
ERROR: 
Can't connect to the server

No connection. Trying to reconnect...
ERROR 2003 (HY000): Can't connect to MySQL server on '192.168.1.166' (10060)
ERROR: 
Can't connect to the server

No connection. Trying to reconnect...
ERROR 2003 (HY000): Can't connect to MySQL server on '192.168.1.166' (10060)
ERROR: 
Can't connect to the server

No connection. Trying to reconnect...
ERROR 2003 (HY000): Can't connect to MySQL server on '192.168.1.166' (10060)
ERROR: 
Can't connect to the server

No connection. Trying to reconnect...
ERROR 2003 (HY000): Can't connect to MySQL server on '192.168.1.166' (10060)
ERROR: 
Can't connect to the server

No connection. Trying to reconnect...
ERROR 2003 (HY000): Can't connect to MySQL server on '192.168.1.166' (10061)
ERROR: 
Can't connect to the server

No connection. Trying to reconnect...
ERROR 2003 (HY000): Can't connect to MySQL server on '192.168.1.166' (10061)
ERROR: 
Can't connect to the server

No connection. Trying to reconnect...
ERROR 2003 (HY000): Can't connect to MySQL server on '192.168.1.166' (10061)
ERROR: 
Can't connect to the server

No connection. Trying to reconnect...
ERROR 2003 (HY000): Can't connect to MySQL server on '192.168.1.166' (10061)
ERROR: 
Can't connect to the server

No connection. Trying to reconnect...
ERROR 2003 (HY000): Can't connect to MySQL server on '192.168.1.166' (10061)
ERROR: 
Can't connect to the server

No connection. Trying to reconnect...
Connection id:    1
Current database: rcbill

+------------------------------------------------+
| message                                        |
+------------------------------------------------+
| updated rcbill_my.customers_contracts_cmts_mxk |
+------------------------------------------------+
1 row in set (0.07 sec)

Query OK, 0 rows affected (2.36 sec)

Query OK, 1748786 rows affected (6 min 0.21 sec)
Records: 1748786  Duplicates: 0  Warnings: 0

+----------------------------------------+
| message                                |
+----------------------------------------+
| created rcbill_my.customers_collection |
+----------------------------------------+
1 row in set (0.00 sec)

Query OK, 0 rows affected (0.28 sec)

Query OK, 2014813 rows affected (2 min 24.52 sec)
Records: 2014813  Duplicates: 0  Warnings: 0

+------------------------------------------------+
| message                                        |
+------------------------------------------------+
| created rcbill_my.customers_cmts_mxk_cont_coll |
+------------------------------------------------+
1 row in set (0.00 sec)

Query OK, 0 rows affected (0.07 sec)

Query OK, 51833 rows affected (13.13 sec)
Records: 51833  Duplicates: 0  Warnings: 0

+------------------------------------------------------------+
| message                                                    |
+------------------------------------------------------------+
| created rcbill_my.customers_contracts_collection_pivot2019 |
+------------------------------------------------------------+
1 row in set (0.00 sec)

Query OK, 0 rows affected (0.30 sec)

Query OK, 20258 rows affected (11.58 sec)
Records: 20258  Duplicates: 0  Warnings: 0

+--------------------------------------------------+
| message                                          |
+--------------------------------------------------+
| created rcbill_my.customers_collection_pivot2019 |
+--------------------------------------------------+
1 row in set (0.00 sec)

Query OK, 0 rows affected (0.03 sec)

Query OK, 42885 rows affected (3.38 sec)
Records: 42885  Duplicates: 0  Warnings: 0

+------------------------------------------------+
| message                                        |
+------------------------------------------------+
| created rcbill_my.rep_customers_collection2019 |
+------------------------------------------------+
1 row in set (0.00 sec)

Query OK, 0 rows affected (0.00 sec)

Query OK, 0 rows affected, 1 warning (0.00 sec)

Query OK, 423919 rows affected (30.23 sec)
Records: 423919  Duplicates: 0  Warnings: 0

+-------------------------+
| message                 |
+-------------------------+
| created rcbill_my.tempa |
+-------------------------+
1 row in set (0.00 sec)

Query OK, 0 rows affected, 1 warning (0.00 sec)

Query OK, 100961 rows affected (16.26 sec)
Records: 100961  Duplicates: 0  Warnings: 0

+-------------------------+
| message                 |
+-------------------------+
| created rcbill_my.tempb |
+-------------------------+
1 row in set (0.00 sec)

Query OK, 423919 rows affected (12.24 sec)
Records: 423919  Duplicates: 0  Warnings: 0

+-----------+
| message   |
+-----------+
| created a |
+-----------+
1 row in set (0.02 sec)

Query OK, 100973 rows affected (7.62 sec)
Records: 100973  Duplicates: 0  Warnings: 0

+-----------+
| message   |
+-----------+
| created b |
+-----------+
1 row in set (0.00 sec)

Query OK, 0 rows affected (0.12 sec)

Query OK, 0 rows affected (0.00 sec)

Query OK, 0 rows affected (0.03 sec)

Query OK, 426928 rows affected (26.18 sec)
Records: 426928  Duplicates: 0  Warnings: 0

+----------------------------------------------+
| message                                      |
+----------------------------------------------+
| created rcbill_my.cust_cont_payment_cmts_mxk |
+----------------------------------------------+
1 row in set (0.00 sec)

Query OK, 0 rows affected (0.01 sec)

Query OK, 0 rows affected (0.00 sec)

Query OK, 0 rows affected, 1 warning (0.00 sec)

Query OK, 0 rows affected (0.02 sec)

Query OK, 42885 rows affected (11.24 sec)
Records: 42885  Duplicates: 0  Warnings: 0

+--------------------------------------------------+
| message                                          |
+--------------------------------------------------+
| created rcbill_my.rep_cust_cont_payment_cmts_mxk |
+--------------------------------------------------+
1 row in set (0.00 sec)

Query OK, 0 rows affected, 1 warning (0.00 sec)

Query OK, 0 rows affected, 1 warning (0.00 sec)

Query OK, 0 rows affected (0.00 sec)

Query OK, 42885 rows affected, 5 warnings (9.05 sec)
Records: 42885  Duplicates: 0  Warnings: 5

+----------------------+
| rep_custconsolidated |
+----------------------+
|                42885 |
+----------------------+
1 row in set (0.05 sec)

Query OK, 0 rows affected (0.00 sec)

Query OK, 0 rows affected (0.00 sec)

+----------------------------------------------+
| message                                      |
+----------------------------------------------+
| creating rcbill_my.retentioncustomeractivity |
+----------------------------------------------+
1 row in set (0.00 sec)

Query OK, 899 rows affected (0.10 sec)
Records: 899  Duplicates: 0  Warnings: 0

+---------------------------+
| retentioncustomeractivity |
+---------------------------+
|                       899 |
+---------------------------+
1 row in set (0.00 sec)

+-----------+------------------------------------+------------+-------------+-----------------+------------------+---------------------+-------------------+
| HFC_NODE  | NODENAME                           | CMTS_DATE  | INSERTED_ON | UNIQUE_ACCOUNTS | UNIQUE_CONTRACTS | UNIQUE_MAC_INRCBOSS | UNIQUE_MAC_INCMTS |
+-----------+------------------------------------+------------+-------------+-----------------+------------------+---------------------+-------------------+
| NULL      | NULL                               | NULL       | 2019-11-24  |            6191 |             6492 |                6528 |                 0 |
| C5/0/0/U0 | ANSE-BOILEAU-2                     | 2019-10-01 | 2019-11-24  |             175 |              177 |                 175 |               176 |
| C5/0/0/U1 | 500-C3-ANSE-BOILEAU                | 2019-10-01 | 2019-11-24  |             177 |              185 |                 177 |               181 |
| C5/0/1/U0 | 501-C4-LA-MISIERE-LEFT-I           | 2019-10-01 | 2019-11-24  |             148 |              154 |                 147 |               150 |
| C5/0/1/U1 | 501-C5-LA-MISIERE-RIGHT            | 2019-10-01 | 2019-11-24  |             110 |              113 |                 110 |               111 |
| C5/0/1/U2 | 501-C7-LA-MISIERE-LEFT-II          | 2019-10-01 | 2019-11-24  |             149 |              156 |                 149 |               154 |
| C5/0/2/U0 | 502-C8-LA-LOUISE                   | 2019-10-01 | 2019-11-24  |             137 |              139 |                 137 |               141 |
| C5/0/2/U1 | LA-LOUISE-2                        | 2019-10-01 | 2019-11-24  |             142 |              146 |                 142 |               147 |
| C5/0/3/U0 | 504-C6-PETIT-PARIS                 | 2019-10-01 | 2019-11-24  |             156 |              159 |                 156 |               158 |
| C5/0/3/U1 | PETIT-PARIS-23                     | 2019-10-01 | 2019-11-24  |              70 |               72 |                  70 |                73 |
| C5/0/4/U0 | FOUR-SEASONS                       | 2019-10-01 | 2019-11-24  |               4 |               12 |                  12 |                12 |
| C5/0/4/U1 | ANCHOR-CAFE-I                      | 2019-10-01 | 2019-11-24  |             142 |              145 |                 142 |               146 |
| C5/0/4/U2 | ANCHOR-CAFE-II                     | 2019-10-01 | 2019-11-24  |             147 |              150 |                 147 |               150 |
| C5/1/0/U0 | POINTE-LARUE-AIRPORT-23            | 2019-10-01 | 2019-11-24  |              97 |              103 |                  99 |               104 |
| C5/1/0/U1 | PPROVIDENCE-23                     | 2019-10-01 | 2019-11-24  |              25 |               27 |                  25 |                25 |
| C5/1/0/U2 | ROSHE-CAIMAN-23                    | 2019-10-01 | 2019-11-24  |              10 |               11 |                  10 |                10 |
| C5/1/0/U3 | HEAD-OFFICE | HO-23                | 2019-10-01 | 2019-11-24  |              30 |               30 |                  30 |                32 |
| C5/1/1/U1 | C5-UNION-VALE                      | 2019-10-01 | 2019-11-24  |             183 |              188 |                 183 |               188 |
| C5/1/3/U0 | POINTE-LARUE-AIRPORT-27            | 2019-10-01 | 2019-11-24  |             133 |              138 |                 133 |               136 |
| C5/1/3/U1 | PPROVIDENCE-27                     | 2019-10-01 | 2019-11-24  |              37 |               38 |                  37 |                37 |
| C5/1/3/U2 | ROSHE-CAIMAN-27                    | 2019-10-01 | 2019-11-24  |              25 |               25 |                  25 |                26 |
| C5/1/3/U3 | HEAD-OFFICE | HO-27                | 2019-10-01 | 2019-11-24  |              12 |               13 |                  12 |                13 |
| C5/1/4/U0 | ANSE-ROYALE-27                     | 2019-10-01 | 2019-11-24  |              94 |               98 |                  94 |                95 |
| C5/1/4/U1 | GLACIS-2-57                        | 2019-10-01 | 2019-11-24  |             115 |              121 |                 115 |               119 |
| C5/1/4/U2 | NULL                               | 2019-10-01 | 2019-11-24  |              94 |               94 |                  94 |                95 |
| C5/1/4/U3 | GLACIS-1                           | 2019-10-01 | 2019-11-24  |              42 |               43 |                  42 |                46 |
| C6/0/1/U0 | SERRET-ROAD-RIGHT/CURIO/PASCAL     | 2019-10-01 | 2019-11-24  |             117 |              120 |                 117 |               122 |
| C6/0/1/U1 | SERRET-ROAD-LEFT/ST.LOUIS/TOWN     | 2019-10-01 | 2019-11-24  |             140 |              144 |                 140 |               141 |
| C6/0/1/U2 | SERRET-ROAD-RIGHT/CURIO/PASCAL-2   | 2019-10-01 | 2019-11-24  |             120 |              121 |                 120 |               123 |
| C6/0/1/U3 | SERRET-ROAD-LEFT/ST.LOUIS/TOWN-2   | 2019-10-01 | 2019-11-24  |             143 |              147 |                 143 |               146 |
| C6/0/2/U0 | SANS-SOUCIS-I                      | 2019-10-01 | 2019-11-24  |             121 |              126 |                 121 |               125 |
| C6/0/2/U1 | SANS-SOUCIS-II                     | 2019-10-01 | 2019-11-24  |             100 |              102 |                 100 |               101 |
| C6/0/2/U2 | BEL-AIR-27                         | 2019-10-01 | 2019-11-24  |              90 |               92 |                  90 |                93 |
| C6/0/2/U3 | BEL-AIR-38                         | 2019-10-01 | 2019-11-24  |             106 |              111 |                 106 |               108 |
| C6/0/3/U0 | LES-MAMELLES-23                    | 2019-10-01 | 2019-11-24  |              75 |               75 |                  75 |                75 |
| C6/0/3/U1 | VICTORIA-23                        | 2019-10-01 | 2019-11-24  |              22 |               23 |                  22 |                25 |
| C6/0/4/U0 | LES-MAMELLES-27                    | 2019-10-01 | 2019-11-24  |              83 |               83 |                  83 |                83 |
| C6/0/4/U1 | VICTORIA-27                        | 2019-10-01 | 2019-11-24  |              32 |               35 |                  31 |                31 |
| C7/1/0/U0 | LA-RETRAITE-23                     | 2019-10-01 | 2019-11-24  |              80 |               86 |                  80 |                82 |
| C7/1/0/U1 | TEA-FACTORY-23                     | 2019-10-01 | 2019-11-24  |              21 |               25 |                  21 |                21 |
| C7/1/0/U2 | PAS-23                             | 2019-10-01 | 2019-11-24  |             102 |              103 |                 102 |               104 |
| C7/1/1/U0 | REEF-ESTATE-23                     | 2019-10-01 | 2019-11-24  |              90 |               91 |                  90 |                91 |
| C7/1/1/U1 | BEL-OMBRE-NEW-23                   | 2019-10-01 | 2019-11-24  |              16 |               16 |                  16 |                19 |
| C7/1/2/U0 | LA-RETRAITE-27                     | 2019-10-01 | 2019-11-24  |             125 |              129 |                 126 |               128 |
| C7/1/2/U1 | TEA-FACTORY-27                     | 2019-10-01 | 2019-11-24  |              27 |               31 |                  30 |                31 |
| C7/1/2/U2 | PAS-27                             | 2019-10-01 | 2019-11-24  |              97 |              101 |                  97 |                99 |
| C7/1/3/U0 | MT-BUXTON-27                       | 2019-10-01 | 2019-11-24  |             142 |              144 |                 142 |               143 |
| C7/1/3/U1 | MT-BUXTON-23                       | 2019-10-01 | 2019-11-24  |              75 |               77 |                  75 |                75 |
| C7/1/4/U0 | REEF-ESTATE-27                     | 2019-10-01 | 2019-11-24  |              65 |               66 |                  65 |                65 |
| C7/1/4/U1 | BEL-OMBRE-NEW-27                   | 2019-10-01 | 2019-11-24  |              20 |               20 |                  20 |                23 |
| C8/0/0/U0 | POLICE-ACADEMY-1-27 - POINTE LARUE | 2019-10-01 | 2019-11-24  |             217 |              221 |                 217 |               222 |
| C8/0/0/U1 | NULL                               | 2019-10-01 | 2019-11-24  |              94 |               98 |                  94 |               100 |
| C8/0/1/U0 | NULL                               | 2019-10-01 | 2019-11-24  |             152 |              153 |                 152 |               154 |
| C8/0/1/U1 | POLICE-ACADEMY-2-27 - TURTLE BAY   | 2019-10-01 | 2019-11-24  |             163 |              165 |                 163 |               165 |
| C8/0/2/U0 | BEAU-VALLON-LEFT-1-57              | 2019-10-01 | 2019-11-24  |              95 |               98 |                  95 |                96 |
| C8/0/3/U1 | BEAU-VALLON-RIGHT-2-57             | 2019-10-01 | 2019-11-24  |             171 |              178 |                 171 |               175 |
| C8/1/0/U0 | MA-JOIE-NODE-27                    | 2019-10-01 | 2019-11-24  |             117 |              120 |                 116 |               118 |
| C8/1/0/U1 | BELONIE-27                         | 2019-10-01 | 2019-11-24  |             154 |              157 |                 153 |               155 |
| C8/1/0/U3 | MA-JOIE-NODE-23                    | 2019-10-01 | 2019-11-24  |             104 |              104 |                 104 |               106 |
| C8/1/1/U0 | 611-C1-ROJN I                      | 2019-10-01 | 2019-11-24  |             138 |              140 |                 138 |               141 |
| C8/1/1/U1 | 611-C5-ROJN II                     | 2019-10-01 | 2019-11-24  |             100 |              101 |                 100 |               104 |
| C8/1/2/U0 | 612-C2-ANSE-ETOILE                 | 2019-10-01 | 2019-11-24  |             188 |              194 |                 188 |               192 |
| C8/1/2/U1 | ANSE-ETOILE-U2                     | 2019-10-01 | 2019-11-24  |              57 |               58 |                  57 |                58 |
| C8/1/3/U0 | 613-C3-ANSE-GAULETTE I             | 2019-10-01 | 2019-11-24  |              71 |               77 |                  71 |                71 |
| C8/1/3/U1 | 613-C7-ANSE-GAULETTE II            | 2019-10-01 | 2019-11-24  |              72 |               79 |                  72 |                73 |
| C8/1/3/U2 | 613-C3-ANSE-GAULETTE III           | 2019-10-01 | 2019-11-24  |              38 |               39 |                  38 |                38 |
| C8/1/3/U3 | TAKAMAKA I                         | 2019-10-01 | 2019-11-24  |             104 |              108 |                 104 |               106 |
| C8/1/3/U4 | TAKAMAKA II                        | 2019-10-01 | 2019-11-24  |             100 |              100 |                 100 |               101 |
| C8/1/4/U0 | 614-BEOLIERE-NODE-1                | 2019-10-01 | 2019-11-24  |             128 |              134 |                 128 |               130 |
| C8/1/4/U1 | 614-BEOLIERE-NODE-2                | 2019-10-01 | 2019-11-24  |              96 |               99 |                  96 |               100 |
+-----------+------------------------------------+------------+-------------+-----------------+------------------+---------------------+-------------------+
70 rows in set (0.44 sec)

+------------------+------------+-------------+-----------------+------------------+----------------------+-------------------+
| MXK_NAME         | MXK_DATE   | INSERTED_ON | UNIQUE_ACCOUNTS | UNIQUE_CONTRACTS | UNIQUE_FSAN_INRCBOSS | UNIQUE_FSAN_INMXK |
+------------------+------------+-------------+-----------------+------------------+----------------------+-------------------+
| NULL             | NULL       | 2019-11-24  |             615 |              624 |                  615 |                 0 |
| MXK-ANSEETOILE   | 2019-10-01 | 2019-11-24  |             148 |              150 |                  150 |               156 |
| MXK-ANSEROYALE   | 2019-10-01 | 2019-11-24  |             139 |              139 |                  139 |               156 |
| MXK-BEAUVALLON   | 2019-10-01 | 2019-11-24  |            1193 |             1214 |                 1205 |              1271 |
| MXK-MAHE         | 2019-10-01 | 2019-11-24  |             904 |              931 |                  868 |              1092 |
| MXK-PERSEVERANCE | 2019-10-01 | 2019-11-24  |             992 |              998 |                  997 |              1141 |
| MXK-PRASLIN      | 2019-10-01 | 2019-11-24  |            1164 |             1167 |                 1160 |              1277 |
+------------------+------------+-------------+-----------------+------------------+----------------------+-------------------+
7 rows in set (0.13 sec)

mysql> mysql \. C:\workspace\cloud\code\sql\_DailyScript\currenttime.sql
+---------------------+
| currenttime         |
+---------------------+
| 2019-11-25 11:42:20 |
+---------------------+
1 row in set (0.00 sec)

mysql> 
mysql> mysql \. C:\workspace\cloud\code\sql\Analysis\service_tickets_assignments.sql
Query OK, 0 rows affected (0.00 sec)

Query OK, 86945 rows affected (19.65 sec)
Records: 86945  Duplicates: 0  Warnings: 0

+-------------------------+
| rep_servicetickets_2019 |
+-------------------------+
|                   86945 |
+-------------------------+
1 row in set (2.71 sec)

mysql> mysql \. C:\workspace\cloud\code\sql\_DailyScript\currenttime.sql
+---------------------+
| currenttime         |
+---------------------+
| 2019-11-25 11:42:43 |
+---------------------+
1 row in set (0.00 sec)

mysql> 
mysql> 
mysql> exit
