    -> 
    -> mysql \. C:\workspace\cloud\code\sql\_DailyScript\_setdates.sql
Database changed
Query OK, 0 rows affected (0.00 sec)

Query OK, 0 rows affected (0.00 sec)

Query OK, 0 rows affected (0.00 sec)

Query OK, 0 rows affected (0.00 sec)

Query OK, 0 rows affected (0.00 sec)

Query OK, 0 rows affected (0.00 sec)

Query OK, 0 rows affected (0.00 sec)

Query OK, 0 rows affected (0.00 sec)

Query OK, 0 rows affected (0.00 sec)

Query OK, 0 rows affected (0.00 sec)

Query OK, 0 rows affected (0.00 sec)

Query OK, 0 rows affected (0.00 sec)

Query OK, 0 rows affected (0.00 sec)

Query OK, 0 rows affected (0.00 sec)

Query OK, 0 rows affected (0.00 sec)

Query OK, 0 rows affected (0.00 sec)

Query OK, 0 rows affected (0.00 sec)

Query OK, 0 rows affected (0.00 sec)

Query OK, 0 rows affected (0.00 sec)

Query OK, 0 rows affected (0.00 sec)

Query OK, 0 rows affected (0.00 sec)

mysql> mysql \. C:\workspace\cloud\code\sql\_DailyScript\currenttime.sql
+---------------------+
| currenttime         |
+---------------------+
| 2020-10-26 09:25:55 |
+---------------------+
1 row in set (0.00 sec)

mysql> 
mysql> mysql \. C:\workspace\cloud\code\sql\_DailyScript\load_RCB_VODTITLES.sql
Database changed
Query OK, 0 rows affected (0.00 sec)

Query OK, 13189 rows affected (0.16 sec)

Query OK, 13191 rows affected, 13191 warnings (0.34 sec)
Records: 13191  Deleted: 0  Skipped: 0  Warnings: 13191

Query OK, 0 rows affected (0.00 sec)

Query OK, 2 rows affected (0.01 sec)

+-----------+
| VODTITLES |
+-----------+
|     13649 |
+-----------+
1 row in set (0.01 sec)

+-----------+-----------+
| titletype | typecount |
+-----------+-----------+
| E         |     11092 |
| N         |       236 |
| T         |      1861 |
| NULL      |     13189 |
+-----------+-----------+
4 rows in set (0.04 sec)

mysql> mysql \. C:\workspace\cloud\code\sql\_DailyScript\currenttime.sql
+---------------------+
| currenttime         |
+---------------------+
| 2020-10-26 09:25:56 |
+---------------------+
1 row in set (0.00 sec)

mysql> 
mysql> mysql \. C:\workspace\cloud\code\sql\_DailyScript\DAILY-SCRIPT-LIVETV-STATS.sql
Database changed
Query OK, 0 rows affected (0.01 sec)

Query OK, 105935 rows affected (1.17 sec)
Records: 105935  Duplicates: 0  Warnings: 0

+------------+------------+----------+--------------+--------------+-----------+-------------+----------+--------+------+------------+---------+---------------+
| Table      | Non_unique | Key_name | Seq_in_index | Column_name  | Collation | Cardinality | Sub_part | Packed | Null | Index_type | Comment | Index_comment |
+------------+------------+----------+--------------+--------------+-----------+-------------+----------+--------+------+------------+---------+---------------+
| templivetv |          1 | idxtv1   |            1 | device       | A         |      105839 |     NULL | NULL   | YES  | BTREE      |         |               |
| templivetv |          1 | idxtv2   |            1 | sessionstart | A         |      105839 |     NULL | NULL   | YES  | BTREE      |         |               |
+------------+------------+----------+--------------+--------------+-----------+-------------+----------+--------+------+------------+---------+---------------+
2 rows in set (0.00 sec)

Query OK, 105339 rows affected (10.85 sec)
Records: 105339  Duplicates: 0  Warnings: 0

Query OK, 2806 rows affected (0.70 sec)
Records: 2806  Duplicates: 0  Warnings: 0

Query OK, 0 rows affected (0.00 sec)

Query OK, 0 rows affected (0.00 sec)

Query OK, 133 rows affected (0.03 sec)
Records: 133  Duplicates: 0  Warnings: 0

Query OK, 0 rows affected (0.01 sec)

Query OK, 39892 rows affected (2 min 2.88 sec)
Records: 39892  Duplicates: 0  Warnings: 0

+-----------------+
| rep_livetvstats |
+-----------------+
|           39892 |
+-----------------+
1 row in set (0.02 sec)

mysql> mysql \. C:\workspace\cloud\code\sql\_DailyScript\currenttime.sql
+---------------------+
| currenttime         |
+---------------------+
| 2020-10-26 09:28:12 |
+---------------------+
1 row in set (0.00 sec)

mysql> 
mysql> mysql \. C:\workspace\cloud\code\sql\_DailyScript\DAILY-SCRIPT-VODTS-STATS.sql
Database changed
Query OK, 0 rows affected (0.02 sec)

Query OK, 4459 rows affected (14.86 sec)
Records: 4459  Duplicates: 0  Warnings: 0

+---------+------------+----------+--------------+--------------+-----------+-------------+----------+--------+------+------------+---------+---------------+
| Table   | Non_unique | Key_name | Seq_in_index | Column_name  | Collation | Cardinality | Sub_part | Packed | Null | Index_type | Comment | Index_comment |
+---------+------------+----------+--------------+--------------+-----------+-------------+----------+--------+------+------------+---------+---------------+
| tempvod |          1 | idxtvod1 |            1 | device       | A         |        4670 |     NULL | NULL   | YES  | BTREE      |         |               |
| tempvod |          1 | idxtvod2 |            1 | sessionstart | A         |        4670 |     NULL | NULL   | YES  | BTREE      |         |               |
+---------+------------+----------+--------------+--------------+-----------+-------------+----------+--------+------+------------+---------+---------------+
2 rows in set (0.00 sec)

Query OK, 4406 rows affected (2.56 sec)
Records: 4406  Duplicates: 0  Warnings: 0

Query OK, 0 rows affected (0.03 sec)

Query OK, 850282 rows affected (1 min 6.95 sec)
Records: 850282  Duplicates: 0  Warnings: 0

+--------------+
| rep_vodstats |
+--------------+
|       850282 |
+--------------+
1 row in set (0.25 sec)

Database changed
Query OK, 0 rows affected (0.02 sec)

Query OK, 15523 rows affected (38.03 sec)
Records: 15523  Duplicates: 0  Warnings: 0

+--------+------------+----------+--------------+--------------+-----------+-------------+----------+--------+------+------------+---------+---------------+
| Table  | Non_unique | Key_name | Seq_in_index | Column_name  | Collation | Cardinality | Sub_part | Packed | Null | Index_type | Comment | Index_comment |
+--------+------------+----------+--------------+--------------+-----------+-------------+----------+--------+------+------------+---------+---------------+
| tempts |          1 | idxtts1  |            1 | device       | A         |       15619 |     NULL | NULL   | YES  | BTREE      |         |               |
| tempts |          1 | idxtts2  |            1 | sessionstart | A         |       15619 |     NULL | NULL   | YES  | BTREE      |         |               |
+--------+------------+----------+--------------+--------------+-----------+-------------+----------+--------+------+------------+---------+---------------+
2 rows in set (0.00 sec)

Query OK, 15471 rows affected (11.54 sec)
Records: 15471  Duplicates: 0  Warnings: 0

Query OK, 0 rows affected (0.00 sec)

Query OK, 40126 rows affected (36.67 sec)
Records: 40126  Duplicates: 0  Warnings: 0

+-------------+
| rep_tsstats |
+-------------+
|       40126 |
+-------------+
1 row in set (0.01 sec)

mysql> mysql \. C:\workspace\cloud\code\sql\_DailyScript\currenttime.sql
+---------------------+
| currenttime         |
+---------------------+
| 2020-10-26 09:31:03 |
+---------------------+
1 row in set (0.00 sec)

mysql> 
mysql> mysql \. C:\workspace\cloud\code\sql\_DailyScript\DAILY-SCRIPT-RADIO-STATS.sql
Database changed
Query OK, 0 rows affected (0.00 sec)

Query OK, 316536 rows affected (3.53 sec)
Records: 316536  Duplicates: 0  Warnings: 0

+-----------+------------+----------+--------------+--------------+-----------+-------------+----------+--------+------+------------+---------+---------------+
| Table     | Non_unique | Key_name | Seq_in_index | Column_name  | Collation | Cardinality | Sub_part | Packed | Null | Index_type | Comment | Index_comment |
+-----------+------------+----------+--------------+--------------+-----------+-------------+----------+--------+------+------------+---------+---------------+
| tempradio |          1 | idxtrad1 |            1 | device       | A         |      317397 |     NULL | NULL   | YES  | BTREE      |         |               |
| tempradio |          1 | idxtrad2 |            1 | sessionstart | A         |      317397 |     NULL | NULL   | YES  | BTREE      |         |               |
+-----------+------------+----------+--------------+--------------+-----------+-------------+----------+--------+------+------------+---------+---------------+
2 rows in set (0.00 sec)

Query OK, 982 rows affected (1.42 sec)
Records: 982  Duplicates: 0  Warnings: 0

Query OK, 0 rows affected (0.01 sec)

Query OK, 5393 rows affected (0.42 sec)
Records: 5393  Duplicates: 0  Warnings: 0

+----------------+
| rep_radiostats |
+----------------+
|           5393 |
+----------------+
1 row in set (0.00 sec)

mysql> mysql \. C:\workspace\cloud\code\sql\_DailyScript\currenttime.sql
+---------------------+
| currenttime         |
+---------------------+
| 2020-10-26 09:31:08 |
+---------------------+
1 row in set (0.00 sec)

mysql> 
mysql> mysql \. C:\workspace\cloud\code\sql\_DailyScript\DAILY_SCRIPT_TELEMETRY_PIVOT_2020.sql
Query OK, 0 rows affected (0.01 sec)

Query OK, 146 rows affected (0.18 sec)
Records: 146  Duplicates: 0  Warnings: 0

Query OK, 0 rows affected (0.01 sec)

Query OK, 10669 rows affected (2.70 sec)
Records: 10669  Duplicates: 0  Warnings: 0

Query OK, 0 rows affected (0.01 sec)

Query OK, 8 rows affected (0.03 sec)
Records: 8  Duplicates: 0  Warnings: 0

Query OK, 0 rows affected (0.01 sec)

Query OK, 47 rows affected (0.08 sec)
Records: 47  Duplicates: 0  Warnings: 0

mysql> mysql \. C:\workspace\cloud\code\sql\_DailyScript\currenttime.sql
+---------------------+
| currenttime         |
+---------------------+
| 2020-10-26 09:31:11 |
+---------------------+
1 row in set (0.00 sec)

mysql> 
mysql> mysql \. C:\workspace\cloud\code\sql\_DailyScript\telemetry_livetv_ranking2020.sql
Query OK, 0 rows affected (0.01 sec)

Query OK, 146 rows affected (0.02 sec)
Records: 146  Duplicates: 0  Warnings: 0

mysql> mysql \. C:\workspace\cloud\code\sql\_DailyScript\currenttime.sql
+---------------------+
| currenttime         |
+---------------------+
| 2020-10-26 09:31:11 |
+---------------------+
1 row in set (0.00 sec)

mysql> 
mysql> mysql \. C:\workspace\cloud\code\sql\_DailyScript\telemetry_radio_ranking2020.sql
Query OK, 0 rows affected (0.01 sec)

Query OK, 8 rows affected (0.02 sec)
Records: 8  Duplicates: 0  Warnings: 0

mysql> mysql \. C:\workspace\cloud\code\sql\_DailyScript\currenttime.sql
+---------------------+
| currenttime         |
+---------------------+
| 2020-10-26 09:31:11 |
+---------------------+
1 row in set (0.00 sec)

mysql> 
mysql> mysql \. C:\workspace\cloud\code\sql\_DailyScript\telemetry_ts_ranking2020.sql
Query OK, 0 rows affected (0.01 sec)

Query OK, 47 rows affected (0.03 sec)
Records: 47  Duplicates: 0  Warnings: 0

mysql> mysql \. C:\workspace\cloud\code\sql\_DailyScript\currenttime.sql
+---------------------+
| currenttime         |
+---------------------+
| 2020-10-26 09:31:11 |
+---------------------+
1 row in set (0.00 sec)

mysql> 
mysql> mysql \. C:\workspace\cloud\code\sql\_DailyScript\telemetry_vod_ranking2020.sql
Query OK, 0 rows affected (0.01 sec)

Query OK, 10669 rows affected (0.52 sec)
Records: 10669  Duplicates: 0  Warnings: 0

mysql> mysql \. C:\workspace\cloud\code\sql\_DailyScript\currenttime.sql
+---------------------+
| currenttime         |
+---------------------+
| 2020-10-26 09:31:12 |
+---------------------+
1 row in set (0.00 sec)

mysql> 
mysql> mysql \. C:\workspace\cloud\code\sql\_DailyScript\telemetry_vod_ranking2020_1.sql
Query OK, 0 rows affected (0.01 sec)

Query OK, 10669 rows affected (0.22 sec)
Records: 10669  Duplicates: 0  Warnings: 0

mysql> mysql \. C:\workspace\cloud\code\sql\_DailyScript\currenttime.sql
+---------------------+
| currenttime         |
+---------------------+
| 2020-10-26 09:31:12 |
+---------------------+
1 row in set (0.00 sec)

mysql> 
mysql> mysql \. C:\workspace\cloud\code\sql\_DailyScript\telemetry_vod_ranking2020_2.sql
Query OK, 0 rows affected (0.02 sec)

Query OK, 10669 rows affected (0.25 sec)
Records: 10669  Duplicates: 0  Warnings: 0

mysql> mysql \. C:\workspace\cloud\code\sql\_DailyScript\currenttime.sql
+---------------------+
| currenttime         |
+---------------------+
| 2020-10-26 09:31:12 |
+---------------------+
1 row in set (0.00 sec)

mysql> 
mysql> 
mysql> 
mysql> 
mysql> mysql \. C:\workspace\cloud\code\sql\_DailyScript\ticket_analysis.sql
Database changed
Query OK, 0 rows affected (0.05 sec)

Query OK, 704033 rows affected (26.50 sec)
Records: 704033  Duplicates: 0  Warnings: 0

Query OK, 0 rows affected (4.55 sec)
Records: 0  Duplicates: 0  Warnings: 0

Query OK, 0 rows affected (1.97 sec)
Records: 0  Duplicates: 0  Warnings: 0

Query OK, 0 rows affected (1.95 sec)
Records: 0  Duplicates: 0  Warnings: 0

Query OK, 0 rows affected (0.01 sec)

Query OK, 22614 rows affected (12.77 sec)
Records: 22614  Duplicates: 0  Warnings: 0

Query OK, 0 rows affected, 1 warning (0.00 sec)

Query OK, 99842 rows affected (6.91 sec)
Records: 99842  Duplicates: 0  Warnings: 0

Query OK, 0 rows affected, 1 warning (0.00 sec)

Query OK, 511833 rows affected (13.73 sec)
Records: 511833  Duplicates: 0  Warnings: 0

Query OK, 0 rows affected, 1 warning (0.00 sec)

Query OK, 511833 rows affected (14.84 sec)
Records: 511833  Duplicates: 0  Warnings: 0

Query OK, 0 rows affected (0.01 sec)

Query OK, 99931 rows affected (6.23 sec)
Records: 99931  Duplicates: 0  Warnings: 0

Database changed
Query OK, 0 rows affected (0.00 sec)

Query OK, 0 rows affected (0.03 sec)

Query OK, 704033 rows affected (22.94 sec)
Records: 704033  Duplicates: 0  Warnings: 0

Query OK, 0 rows affected (0.01 sec)

Query OK, 355502 rows affected (16.78 sec)
Records: 355502  Duplicates: 0  Warnings: 0

+--------------------------+
| clientticket_cmmtjourney |
+--------------------------+
|                   704033 |
+--------------------------+
1 row in set (2.19 sec)

+---------------------------+
| clientticket_assgnjourney |
+---------------------------+
|                    355502 |
+---------------------------+
1 row in set (0.39 sec)

Query OK, 0 rows affected (0.02 sec)

Query OK, 81 rows affected (0.08 sec)
Records: 81  Duplicates: 0  Warnings: 0

mysql> mysql \. C:\workspace\cloud\code\sql\_DailyScript\currenttime.sql
+---------------------+
| currenttime         |
+---------------------+
| 2020-10-26 09:33:24 |
+---------------------+
1 row in set (0.00 sec)

mysql> 
mysql> mysql \. C:\workspace\cloud\code\sql\_DailyScript\load_DailyCalls.sql
Database changed
Query OK, 393 rows affected (0.10 sec)
Records: 393  Deleted: 0  Skipped: 0  Warnings: 0

Query OK, 0 rows affected, 1 warning (0.00 sec)

Query OK, 386 rows affected (0.03 sec)
Records: 386  Duplicates: 0  Warnings: 0

Query OK, 0 rows affected, 1 warning (0.00 sec)

Query OK, 67957 rows affected (0.30 sec)
Records: 67957  Duplicates: 0  Warnings: 0

+----------------------+
| callingclientsbefore |
+----------------------+
|              1023330 |
+----------------------+
1 row in set (0.39 sec)

Query OK, 564 rows affected (7.92 sec)
Records: 564  Duplicates: 0  Warnings: 0

+---------------------+
| callingclientsafter |
+---------------------+
|             1023894 |
+---------------------+
1 row in set (0.26 sec)

Query OK, 0 rows affected (0.01 sec)

Query OK, 257 rows affected (3.38 sec)
Records: 257  Duplicates: 0  Warnings: 0

Query OK, 0 rows affected (0.01 sec)

Query OK, 20533 rows affected (3.10 sec)
Records: 20533  Duplicates: 0  Warnings: 0

+-----------+
| callstats |
+-----------+
|     20533 |
+-----------+
1 row in set (0.02 sec)

Query OK, 0 rows affected, 1 warning (0.02 sec)

Query OK, 564 rows affected (2.49 sec)
Records: 564  Duplicates: 0  Warnings: 0

+------------------------+
| rep_cccallreportbefore |
+------------------------+
|                1024040 |
+------------------------+
1 row in set (0.36 sec)

Query OK, 564 rows affected (0.15 sec)
Records: 564  Duplicates: 0  Warnings: 0

+-----------------------+
| rep_cccallreportafter |
+-----------------------+
|               1024604 |
+-----------------------+
1 row in set (0.27 sec)

Query OK, 0 rows affected (0.00 sec)

mysql> mysql \. C:\workspace\cloud\code\sql\_DailyScript\currenttime.sql
+---------------------+
| currenttime         |
+---------------------+
| 2020-10-26 09:33:43 |
+---------------------+
1 row in set (0.00 sec)

mysql> 
mysql> mysql \. C:\workspace\cloud\code\sql\_DailyScript\DAILY-SCRIPT-USAGE.sql
Database changed
Query OK, 0 rows affected (0.00 sec)

Query OK, 4292 rows affected, 12400 warnings (0.98 sec)
Records: 4292  Deleted: 0  Skipped: 0  Warnings: 12400

Query OK, 0 rows affected (0.00 sec)

Query OK, 5699 rows affected, 16466 warnings (1.04 sec)
Records: 5699  Deleted: 0  Skipped: 0  Warnings: 16466

Query OK, 0 rows affected (0.00 sec)

Query OK, 331 rows affected, 1179 warnings (0.03 sec)
Records: 331  Deleted: 0  Skipped: 0  Warnings: 1179

Query OK, 0 rows affected (0.00 sec)

Query OK, 137 rows affected, 464 warnings (0.02 sec)
Records: 137  Deleted: 0  Skipped: 0  Warnings: 464

+------------+
| dailyusage |
+------------+
|   15330827 |
+------------+
1 row in set (5.83 sec)

+------------+------------+------------+---------+
| datestart  | dateend    | insertedon | records |
+------------+------------+------------+---------+
| 2020-10-24 | 2020-10-24 | 2020-10-26 |   10459 |
| 2020-10-23 | 2020-10-23 | 2020-10-26 |   10532 |
| 2020-10-22 | 2020-10-22 | 2020-10-23 |   10474 |
| 2020-10-21 | 2020-10-21 | 2020-10-22 |   10348 |
| 2020-10-20 | 2020-10-20 | 2020-10-21 |   10263 |
+------------+------------+------------+---------+
5 rows in set (15.64 sec)

+----------+------------+------------+------------+---------+
| category | datestart  | dateend    | insertedon | records |
+----------+------------+------------+------------+---------+
| UNCAPPED | 2020-10-24 | 2020-10-24 | 2020-10-26 |    5699 |
| PREPAID  | 2020-10-24 | 2020-10-24 | 2020-10-26 |     331 |
| HOTSPOT  | 2020-10-24 | 2020-10-24 | 2020-10-26 |     137 |
| CAPPED   | 2020-10-24 | 2020-10-24 | 2020-10-26 |    4292 |
| UNCAPPED | 2020-10-23 | 2020-10-23 | 2020-10-26 |    5749 |
| PREPAID  | 2020-10-23 | 2020-10-23 | 2020-10-26 |     292 |
| HOTSPOT  | 2020-10-23 | 2020-10-23 | 2020-10-26 |     200 |
| CAPPED   | 2020-10-23 | 2020-10-23 | 2020-10-26 |    4291 |
| UNCAPPED | 2020-10-22 | 2020-10-22 | 2020-10-23 |    5761 |
| PREPAID  | 2020-10-22 | 2020-10-22 | 2020-10-23 |     292 |
| HOTSPOT  | 2020-10-22 | 2020-10-22 | 2020-10-23 |     218 |
| CAPPED   | 2020-10-22 | 2020-10-22 | 2020-10-23 |    4203 |
| UNCAPPED | 2020-10-21 | 2020-10-21 | 2020-10-22 |    5673 |
| PREPAID  | 2020-10-21 | 2020-10-21 | 2020-10-22 |     311 |
| HOTSPOT  | 2020-10-21 | 2020-10-21 | 2020-10-22 |     227 |
| CAPPED   | 2020-10-21 | 2020-10-21 | 2020-10-22 |    4137 |
| UNCAPPED | 2020-10-20 | 2020-10-20 | 2020-10-21 |    5677 |
| PREPAID  | 2020-10-20 | 2020-10-20 | 2020-10-21 |     298 |
| HOTSPOT  | 2020-10-20 | 2020-10-20 | 2020-10-21 |     192 |
| CAPPED   | 2020-10-20 | 2020-10-20 | 2020-10-21 |    4096 |
+----------+------------+------------+------------+---------+
20 rows in set (21.87 sec)

mysql> mysql \. C:\workspace\cloud\code\sql\_DailyScript\currenttime.sql
+---------------------+
| currenttime         |
+---------------------+
| 2020-10-26 09:34:29 |
+---------------------+
1 row in set (0.00 sec)

mysql> 
mysql> mysql \. C:\workspace\cloud\code\sql\_DailyScript\DAILY-SCRIPT-SALES-TELEMETRY.sql
Database changed
Query OK, 30 rows affected, 12 warnings (0.02 sec)
Records: 30  Deleted: 0  Skipped: 0  Warnings: 12

+------------+
| dailysales |
+------------+
|     212137 |
+------------+
1 row in set (0.15 sec)

Query OK, 0 rows affected (0.01 sec)

Query OK, 212137 rows affected (13.34 sec)
Records: 212137  Duplicates: 0  Warnings: 0

+--------+
| sales  |
+--------+
| 212137 |
+--------+
1 row in set (0.18 sec)

Query OK, 0 rows affected (0.00 sec)

Query OK, 3445 rows affected (0.36 sec)
Records: 3445  Duplicates: 0  Warnings: 0

+----------------+
| rep_dailysales |
+----------------+
|           3445 |
+----------------+
1 row in set (0.00 sec)

Query OK, 0 rows affected (0.01 sec)

Query OK, 3445 rows affected (0.52 sec)
Records: 3445  Duplicates: 0  Warnings: 0

+-------------------+
| rep_dailysalesreg |
+-------------------+
|              3445 |
+-------------------+
1 row in set (0.00 sec)

Query OK, 0 rows affected (0.01 sec)

Query OK, 2828 rows affected (0.68 sec)
Records: 2828  Duplicates: 0  Warnings: 0

+-----------+
| saleslist |
+-----------+
|      2828 |
+-----------+
1 row in set (0.00 sec)

Database changed
ERROR 2 (HY000): File 'C:\ProgramData\MySQL\MySQL Server 5.7\Uploads\_csv\PrepaidCardSales-24102020-P1.csv' not found (Errcode: 2 - No such file or directory)
+------------------+
| dailysinglesales |
+------------------+
|             6395 |
+------------------+
1 row in set (0.00 sec)

Database changed
Query OK, 14 rows affected (0.02 sec)
Records: 14  Deleted: 0  Skipped: 0  Warnings: 0

+-----------------+
| dailyaddonsales |
+-----------------+
|           20932 |
+-----------------+
1 row in set (0.03 sec)

Query OK, 369 rows affected (0.05 sec)
Records: 369  Deleted: 0  Skipped: 0  Warnings: 0

+----------------+
| onlinepayments |
+----------------+
|         131492 |
+----------------+
1 row in set (0.07 sec)

+-------------+----------------+---------------------+
| paymentdate | onlinepayments | onlinepaymentamount |
+-------------+----------------+---------------------+
| 2020-10-24  |            369 |        231460.75000 |
| 2020-10-23  |            357 |        277761.84000 |
| 2020-10-22  |            322 |        200036.50000 |
| 2020-10-21  |            233 |        123092.65000 |
| 2020-10-20  |            165 |         99466.83000 |
+-------------+----------------+---------------------+
5 rows in set (0.45 sec)

+-------------+--------------+----------------+---------------------+
| paymentyear | paymentmonth | onlinepayments | onlinepaymentamount |
+-------------+--------------+----------------+---------------------+
|        2020 |           10 |           4852 |       3134269.54000 |
|        2020 |            9 |           6132 |       3998941.54000 |
|        2020 |            8 |           6240 |       4098025.79000 |
|        2020 |            7 |           6291 |       4053825.83000 |
|        2020 |            6 |           6133 |       4006312.90000 |
+-------------+--------------+----------------+---------------------+
5 rows in set (0.13 sec)

mysql> mysql \. C:\workspace\cloud\code\sql\_DailyScript\currenttime.sql
+---------------------+
| currenttime         |
+---------------------+
| 2020-10-26 09:34:45 |
+---------------------+
1 row in set (0.00 sec)

mysql> 
mysql> mysql \. C:\workspace\cloud\code\sql\_DailyScript\DAILY-SCRIPT-ACTIVENUMBERS.sql
Database changed
Query OK, 1166 rows affected (0.51 sec)
Records: 1166  Deleted: 0  Skipped: 0  Warnings: 0

+------------+----------+
| period     | count(1) |
+------------+----------+
| 2020-10-24 |     1166 |
| 2020-10-23 |     1167 |
| 2020-10-22 |     1168 |
| 2020-10-21 |     1168 |
| 2020-10-20 |     1168 |
+------------+----------+
5 rows in set (0.01 sec)

Query OK, 0 rows affected (0.01 sec)

Query OK, 79 rows affected (1.41 sec)
Records: 79  Duplicates: 0  Warnings: 0

+-------------+
| packagelist |
+-------------+
|          79 |
+-------------+
1 row in set (0.00 sec)

Database changed
Query OK, 0 rows affected (0.00 sec)

Query OK, 0 rows affected (0.00 sec)

Query OK, 0 rows affected (0.00 sec)

Query OK, 0 rows affected (0.00 sec)

Query OK, 28187 rows affected, 204 warnings (14.94 sec)
Records: 28187  Deleted: 0  Skipped: 0  Warnings: 204

+------------+----------+
| period     | count(1) |
+------------+----------+
| 2020-10-24 |    28187 |
| 2020-10-23 |    28299 |
| 2020-10-22 |    28058 |
| 2020-10-21 |    27917 |
| 2020-10-20 |    27944 |
+------------+----------+
5 rows in set (0.12 sec)

Query OK, 0 rows affected (0.02 sec)

Query OK, 27607 rows affected (44.97 sec)
Records: 27607  Duplicates: 0  Warnings: 0

Query OK, 0 rows affected (0.12 sec)
Records: 0  Duplicates: 0  Warnings: 0

Query OK, 0 rows affected (0.10 sec)
Records: 0  Duplicates: 0  Warnings: 0

Query OK, 0 rows affected (0.10 sec)
Records: 0  Duplicates: 0  Warnings: 0

Query OK, 0 rows affected (0.08 sec)
Records: 0  Duplicates: 0  Warnings: 0

Query OK, 0 rows affected (0.06 sec)
Records: 0  Duplicates: 0  Warnings: 0

Query OK, 0 rows affected (0.08 sec)
Records: 0  Duplicates: 0  Warnings: 0

+-------------+
| countbefore |
+-------------+
|    40212708 |
+-------------+
1 row in set (11.45 sec)

Query OK, 27607 rows affected (2.63 sec)
Records: 27607  Duplicates: 0  Warnings: 0

+------------+
| countafter |
+------------+
|   40240315 |
+------------+
1 row in set (13.62 sec)

+------------+--------------------------+
| period     | customercontractactivity |
+------------+--------------------------+
| 2020-10-24 |                    27607 |
| 2020-10-23 |                    27719 |
| 2020-10-22 |                    27478 |
| 2020-10-21 |                    27338 |
| 2020-10-20 |                    27363 |
+------------+--------------------------+
5 rows in set (0.05 sec)

Query OK, 0 rows affected (0.01 sec)

Query OK, 282213 rows affected (7 min 15.53 sec)
Records: 282213  Duplicates: 0  Warnings: 0

Query OK, 0 rows affected (0.93 sec)
Records: 0  Duplicates: 0  Warnings: 0

Query OK, 0 rows affected (1.01 sec)
Records: 0  Duplicates: 0  Warnings: 0

Query OK, 0 rows affected (1.05 sec)
Records: 0  Duplicates: 0  Warnings: 0

Query OK, 0 rows affected (0.02 sec)

Query OK, 231 rows affected (0.40 sec)
Records: 231  Duplicates: 0  Warnings: 0

Query OK, 0 rows affected (0.00 sec)

Query OK, 2665 rows affected (0.59 sec)
Records: 2665  Duplicates: 0  Warnings: 0

Query OK, 0 rows affected (0.01 sec)

Query OK, 27587 rows affected (0.54 sec)
Records: 27587  Duplicates: 0  Warnings: 0

Query OK, 0 rows affected (0.00 sec)

Query OK, 17295 rows affected (0.34 sec)
Records: 17295  Duplicates: 0  Warnings: 0

Query OK, 0 rows affected (0.00 sec)

Query OK, 17295 rows affected (0.12 sec)
Records: 17295  Duplicates: 0  Warnings: 0

Query OK, 0 rows affected (0.02 sec)

Query OK, 17295 rows affected (1.09 sec)
Records: 17295  Duplicates: 0  Warnings: 0

Query OK, 0 rows affected (0.03 sec)

Query OK, 17295 rows affected (43.54 sec)
Records: 17295  Duplicates: 0  Warnings: 0

+-------------+
| clientstats |
+-------------+
|       17295 |
+-------------+
1 row in set (0.01 sec)

Query OK, 0 rows affected (0.01 sec)

Query OK, 13 rows affected, 1 warning (0.10 sec)
Records: 13  Duplicates: 0  Warnings: 1

+-----------------------+-------------+-------------+----------------+-----------------+
| services              | activecount | allaccounts | uniqueaccounts | uniquecontracts |
+-----------------------+-------------+-------------+----------------+-----------------+
| All                   |         352 |          56 |             56 |             182 |
| Internet & Voice      |         355 |         159 |            159 |             310 |
| Internet Only         |        4277 |        4145 |           4138 |            4187 |
| OTT Only              |           1 |           1 |              1 |               1 |
| TV & Internet         |        9657 |        4369 |           4362 |            8880 |
| TV & Internet & OTT   |        3162 |         810 |            808 |            1682 |
| TV & Internet & Voice |         523 |         156 |            156 |             479 |
| TV & OTT              |         349 |          70 |             69 |              86 |
| TV & Voice            |          81 |          37 |             37 |              76 |
| TV & Voice & OTT      |          10 |           2 |              2 |               4 |
| TV Only               |        9412 |        7355 |           7340 |            7554 |
| Voice Only            |         136 |         135 |            135 |             136 |
| GRAND TOTAL           |       28315 |       17295 |          17216 |           23577 |
+-----------------------+-------------+-------------+----------------+-----------------+
13 rows in set (0.00 sec)

+-------------+-------------+-------------+----------------+-----------------+
| network     | activecount | allaccounts | uniqueaccounts | uniquecontracts |
+-------------+-------------+-------------+----------------+-----------------+
| GPON        |        9911 |        5062 |           5059 |            7885 |
| HFC         |       18404 |       12233 |          12233 |           15692 |
| GRAND TOTAL |       28315 |       17295 |          17216 |           23577 |
+-------------+-------------+-------------+----------------+-----------------+
3 rows in set, 1 warning (0.12 sec)

+-------------+-----------------------+-------------+-------------+----------------+-----------------+
| network     | services              | activecount | allaccounts | uniqueaccounts | uniquecontracts |
+-------------+-----------------------+-------------+-------------+----------------+-----------------+
| GPON        | All                   |         205 |          33 |             33 |             105 |
| GPON        | Internet & Voice      |          68 |          28 |             28 |              58 |
| GPON        | Internet Only         |        1236 |        1122 |           1122 |            1147 |
| GPON        | TV & Internet         |        4218 |        1871 |           1871 |            3830 |
| GPON        | TV & Internet & OTT   |        1822 |         460 |            460 |             962 |
| GPON        | TV & Internet & Voice |         208 |          61 |             61 |             191 |
| GPON        | TV & OTT              |         110 |          33 |             33 |              38 |
| GPON        | TV & Voice            |          49 |          22 |             22 |              46 |
| GPON        | TV Only               |        1984 |        1421 |           1421 |            1497 |
| GPON        | Voice Only            |          11 |          11 |             11 |              11 |
| GPON        | Services Total        |        9911 |        5062 |           5059 |            7885 |
| HFC         | All                   |         147 |          23 |             23 |              77 |
| HFC         | Internet & Voice      |         287 |         131 |            131 |             252 |
| HFC         | Internet Only         |        3041 |        3023 |           3023 |            3040 |
| HFC         | OTT Only              |           1 |           1 |              1 |               1 |
| HFC         | TV & Internet         |        5439 |        2498 |           2498 |            5050 |
| HFC         | TV & Internet & OTT   |        1340 |         350 |            350 |             720 |
| HFC         | TV & Internet & Voice |         315 |          95 |             95 |             288 |
| HFC         | TV & OTT              |         239 |          37 |             37 |              48 |
| HFC         | TV & Voice            |          32 |          15 |             15 |              30 |
| HFC         | TV & Voice & OTT      |          10 |           2 |              2 |               4 |
| HFC         | TV Only               |        7428 |        5934 |           5934 |            6057 |
| HFC         | Voice Only            |         125 |         124 |            124 |             125 |
| HFC         | Services Total        |       18404 |       12233 |          12233 |           15692 |
| GRAND TOTAL | Services Total        |       28315 |       17295 |          17216 |           23577 |
+-------------+-----------------------+-------------+-------------+----------------+-----------------+
25 rows in set, 2 warnings (0.13 sec)

Query OK, 0 rows affected (0.01 sec)

Query OK, 41 rows affected, 3 warnings (0.17 sec)
Records: 41  Duplicates: 0  Warnings: 3

+-------------+---------------+-----------------------+-------------+-------------+----------------+-----------------+
| region      | network       | services              | activecount | allaccounts | uniqueaccounts | uniquecontracts |
+-------------+---------------+-----------------------+-------------+-------------+----------------+-----------------+
| Mahe        | GPON          | All                   |         174 |          28 |             28 |              90 |
| Mahe        | GPON          | Internet & Voice      |          58 |          23 |             23 |              48 |
| Mahe        | GPON          | Internet Only         |        1006 |         892 |            892 |             917 |
| Mahe        | GPON          | TV & Internet         |        3383 |        1495 |           1495 |            3061 |
| Mahe        | GPON          | TV & Internet & OTT   |        1440 |         351 |            351 |             740 |
| Mahe        | GPON          | TV & Internet & Voice |         192 |          56 |             56 |             175 |
| Mahe        | GPON          | TV & OTT              |          73 |          18 |             18 |              21 |
| Mahe        | GPON          | TV & Voice            |          45 |          20 |             20 |              42 |
| Mahe        | GPON          | TV Only               |        1618 |        1130 |           1130 |            1192 |
| Mahe        | GPON          | Voice Only            |          10 |          10 |             10 |              10 |
| Mahe        | GPON          | Services Total        |        7999 |        4023 |           4023 |            6296 |
| Mahe        | HFC           | All                   |         147 |          23 |             23 |              77 |
| Mahe        | HFC           | Internet & Voice      |         287 |         131 |            131 |             252 |
| Mahe        | HFC           | Internet Only         |        3040 |        3022 |           3022 |            3039 |
| Mahe        | HFC           | OTT Only              |           1 |           1 |              1 |               1 |
| Mahe        | HFC           | TV & Internet         |        5439 |        2498 |           2498 |            5050 |
| Mahe        | HFC           | TV & Internet & OTT   |        1340 |         350 |            350 |             720 |
| Mahe        | HFC           | TV & Internet & Voice |         315 |          95 |             95 |             288 |
| Mahe        | HFC           | TV & OTT              |         239 |          37 |             37 |              48 |
| Mahe        | HFC           | TV & Voice            |          32 |          15 |             15 |              30 |
| Mahe        | HFC           | TV & Voice & OTT      |          10 |           2 |              2 |               4 |
| Mahe        | HFC           | TV Only               |        7423 |        5931 |           5931 |            6054 |
| Mahe        | HFC           | Voice Only            |         125 |         124 |            124 |             125 |
| Mahe        | HFC           | Services Total        |       18398 |       12229 |          12229 |           15688 |
| Mahe        | Network Total | Services Total        |       26397 |       16252 |          16177 |           21984 |
| Praslin     | GPON          | All                   |          31 |           5 |              5 |              15 |
| Praslin     | GPON          | Internet & Voice      |          10 |           5 |              5 |              10 |
| Praslin     | GPON          | Internet Only         |         230 |         230 |            230 |             230 |
| Praslin     | GPON          | TV & Internet         |         835 |         376 |            376 |             769 |
| Praslin     | GPON          | TV & Internet & OTT   |         382 |         109 |            109 |             222 |
| Praslin     | GPON          | TV & Internet & Voice |          16 |           5 |              5 |              16 |
| Praslin     | GPON          | TV & OTT              |          37 |          15 |             15 |              17 |
| Praslin     | GPON          | TV & Voice            |           4 |           2 |              2 |               4 |
| Praslin     | GPON          | TV Only               |         366 |         291 |            291 |             305 |
| Praslin     | GPON          | Voice Only            |           1 |           1 |              1 |               1 |
| Praslin     | GPON          | Services Total        |        1912 |        1039 |           1039 |            1589 |
| Praslin     | HFC           | Internet Only         |           1 |           1 |              1 |               1 |
| Praslin     | HFC           | TV Only               |           5 |           3 |              3 |               3 |
| Praslin     | HFC           | Services Total        |           6 |           4 |              4 |               4 |
| Praslin     | Network Total | Services Total        |        1918 |        1043 |           1042 |            1593 |
| GRAND TOTAL | Network Total | Services Total        |       28315 |       17295 |          17216 |           23577 |
+-------------+---------------+-----------------------+-------------+-------------+----------------+-----------------+
41 rows in set (0.00 sec)

Query OK, 0 rows affected (0.00 sec)

Query OK, 27588 rows affected (0.42 sec)
Records: 27588  Duplicates: 0  Warnings: 0

Query OK, 0 rows affected (0.02 sec)

Query OK, 2184 rows affected (1.74 sec)
Records: 2184  Duplicates: 0  Warnings: 0

+--------------------------------------+
| message                              |
+--------------------------------------+
| running rcbill_my.sp_ActiveNumber2() |
+--------------------------------------+
1 row in set (0.00 sec)

Query OK, 365 rows affected (1 min 44.72 sec)

mysql> mysql \. C:\workspace\cloud\code\sql\_DailyScript\currenttime.sql
+---------------------+
| currenttime         |
+---------------------+
| 2020-10-26 09:46:08 |
+---------------------+
1 row in set (0.00 sec)

mysql> 
mysql> mysql \. C:\workspace\cloud\code\sql\_DailyScript\GetActiveNumbers Average -Pivot.sql
Database changed
+-------------------------------------+
| @today := subdate(current_date(),1) |
+-------------------------------------+
| 2020-10-25                          |
+-------------------------------------+
1 row in set (0.00 sec)

+-------------------------------------+
| @lastdayofmonth := last_day(@today) |
+-------------------------------------+
| 2020-10-31                          |
+-------------------------------------+
1 row in set (0.00 sec)

Query OK, 0 rows affected (0.01 sec)

Query OK, 42506 rows affected, 65535 warnings (51.54 sec)
Records: 42506  Duplicates: 0  Warnings: 86344

Query OK, 0 rows affected (0.09 sec)
Records: 0  Duplicates: 0  Warnings: 0

Query OK, 0 rows affected (0.11 sec)
Records: 0  Duplicates: 0  Warnings: 0

Query OK, 0 rows affected (0.10 sec)
Records: 0  Duplicates: 0  Warnings: 0

+-----------------+
| activenumberavg |
+-----------------+
|           42506 |
+-----------------+
1 row in set (0.01 sec)

Query OK, 0 rows affected (0.01 sec)

Query OK, 1921 rows affected (0.50 sec)
Records: 1921  Duplicates: 0  Warnings: 0

+---------------------+
| rep_activenumberavg |
+---------------------+
|                1921 |
+---------------------+
1 row in set (0.00 sec)

+----------------------+
| rep_activenumberavg1 |
+----------------------+
|                  899 |
+----------------------+
1 row in set (0.00 sec)

Query OK, 0 rows affected (0.00 sec)

Query OK, 2215 rows affected (0.42 sec)
Records: 2215  Duplicates: 0  Warnings: 0

Query OK, 0 rows affected (0.00 sec)

Query OK, 11354 rows affected (0.69 sec)
Records: 11354  Duplicates: 0  Warnings: 0

Query OK, 0 rows affected (0.02 sec)

Query OK, 0 rows affected (0.00 sec)

Query OK, 0 rows affected (0.00 sec)

Query OK, 0 rows affected (0.00 sec)

Query OK, 0 rows affected (0.00 sec)
Statement prepared

Query OK, 53 rows affected (0.05 sec)
Records: 53  Duplicates: 0  Warnings: 0

Query OK, 0 rows affected (0.00 sec)

Query OK, 0 rows affected (0.00 sec)

+----------------------+
| rep_activenumberavg2 |
+----------------------+
|                 2215 |
+----------------------+
1 row in set (0.00 sec)

+------------------------+
| rep_activenumberavg_pv |
+------------------------+
|                     53 |
+------------------------+
1 row in set (0.00 sec)

Query OK, 0 rows affected (0.02 sec)

Query OK, 2214 rows affected (0.36 sec)
Records: 2214  Duplicates: 0  Warnings: 0

Query OK, 0 rows affected (0.00 sec)

Query OK, 0 rows affected (0.00 sec)

Query OK, 0 rows affected (0.00 sec)

Query OK, 0 rows affected (0.00 sec)

Query OK, 0 rows affected (0.00 sec)
Statement prepared

Query OK, 53 rows affected (0.04 sec)
Records: 53  Duplicates: 0  Warnings: 0

Query OK, 0 rows affected (0.00 sec)

Query OK, 0 rows affected (0.00 sec)

+-------------------------+
| rep_activenumberavgMahe |
+-------------------------+
|                    2214 |
+-------------------------+
1 row in set (0.00 sec)

+----------------------------+
| rep_activenumberavgMahe_pv |
+----------------------------+
|                         53 |
+----------------------------+
1 row in set (0.00 sec)

Query OK, 0 rows affected (0.00 sec)

Query OK, 1414 rows affected (0.15 sec)
Records: 1414  Duplicates: 0  Warnings: 0

Query OK, 0 rows affected (0.00 sec)

Query OK, 0 rows affected (0.00 sec)

Query OK, 0 rows affected (0.00 sec)

Query OK, 0 rows affected (0.00 sec)

Query OK, 0 rows affected (0.00 sec)
Statement prepared

Query OK, 40 rows affected (0.04 sec)
Records: 40  Duplicates: 0  Warnings: 0

Query OK, 0 rows affected (0.00 sec)

Query OK, 0 rows affected (0.00 sec)

+----------------------------+
| rep_activenumberavgPraslin |
+----------------------------+
|                       1414 |
+----------------------------+
1 row in set (0.00 sec)

+-------------------------------+
| rep_activenumberavgPraslin_pv |
+-------------------------------+
|                            40 |
+-------------------------------+
1 row in set (0.00 sec)

mysql> mysql \. C:\workspace\cloud\code\sql\_DailyScript\currenttime.sql
+---------------------+
| currenttime         |
+---------------------+
| 2020-10-26 09:47:03 |
+---------------------+
1 row in set (0.00 sec)

mysql> 
mysql> 
mysql> 
mysql> 
mysql> 
mysql> 
mysql> 
mysql> 
mysql> 
mysql> 
mysql> 
mysql> 
mysql> 
mysql> 
mysql> 
mysql> 
mysql> 
mysql> 
mysql> 
mysql> 
mysql> 
mysql> 
mysql> exit
