    -> 
    -> mysql \. C:\workspace\cloud\code\sql\_DailyScript\_setdates.sql
Database changed
Query OK, 0 rows affected (0.00 sec)

Query OK, 0 rows affected (0.00 sec)

Query OK, 0 rows affected (0.01 sec)

Query OK, 0 rows affected (0.00 sec)

Query OK, 0 rows affected (0.00 sec)

Query OK, 0 rows affected (0.00 sec)

Query OK, 0 rows affected (0.00 sec)

Query OK, 0 rows affected (0.00 sec)

Query OK, 0 rows affected (0.00 sec)

Query OK, 0 rows affected (0.00 sec)

Query OK, 0 rows affected (0.00 sec)

Query OK, 0 rows affected (0.00 sec)

Query OK, 0 rows affected (0.00 sec)

Query OK, 0 rows affected (0.00 sec)

Query OK, 0 rows affected (0.00 sec)

Query OK, 0 rows affected (0.02 sec)

Query OK, 0 rows affected (0.00 sec)

Query OK, 0 rows affected (0.00 sec)

Query OK, 0 rows affected (0.00 sec)

Query OK, 0 rows affected (0.00 sec)

Query OK, 0 rows affected (0.00 sec)

mysql> mysql \. C:\workspace\cloud\code\sql\_DailyScript\currenttime.sql
+---------------------+
| currenttime         |
+---------------------+
| 2020-01-01 10:23:26 |
+---------------------+
1 row in set (0.00 sec)

mysql> 
mysql> mysql \. C:\workspace\cloud\code\sql\_DailyScript\load_RCB_VODTITLES.sql
Database changed
Query OK, 0 rows affected (0.00 sec)

Query OK, 8657 rows affected (0.26 sec)

Query OK, 8659 rows affected, 8659 warnings (0.24 sec)
Records: 8659  Deleted: 0  Skipped: 0  Warnings: 8659

Query OK, 0 rows affected (0.00 sec)

Query OK, 2 rows affected (0.02 sec)

+-----------+
| VODTITLES |
+-----------+
|      9117 |
+-----------+
1 row in set (0.00 sec)

+-----------+-----------+
| titletype | typecount |
+-----------+-----------+
| E         |      7020 |
| N         |       213 |
| T         |      1424 |
| NULL      |      8657 |
+-----------+-----------+
4 rows in set (0.04 sec)

mysql> mysql \. C:\workspace\cloud\code\sql\_DailyScript\currenttime.sql
+---------------------+
| currenttime         |
+---------------------+
| 2020-01-01 10:23:26 |
+---------------------+
1 row in set (0.00 sec)

mysql> 
mysql> mysql \. C:\workspace\cloud\code\sql\_DailyScript\DAILY-SCRIPT-LIVETV-STATS.sql
Database changed
Query OK, 0 rows affected (0.12 sec)

Query OK, 56996 rows affected (0.90 sec)
Records: 56996  Duplicates: 0  Warnings: 0

+------------+------------+----------+--------------+--------------+-----------+-------------+----------+--------+------+------------+---------+---------------+
| Table      | Non_unique | Key_name | Seq_in_index | Column_name  | Collation | Cardinality | Sub_part | Packed | Null | Index_type | Comment | Index_comment |
+------------+------------+----------+--------------+--------------+-----------+-------------+----------+--------+------+------------+---------+---------------+
| templivetv |          1 | idxtv1   |            1 | device       | A         |       56734 |     NULL | NULL   | YES  | BTREE      |         |               |
| templivetv |          1 | idxtv2   |            1 | sessionstart | A         |       56734 |     NULL | NULL   | YES  | BTREE      |         |               |
+------------+------------+----------+--------------+--------------+-----------+-------------+----------+--------+------+------------+---------+---------------+
2 rows in set (0.00 sec)

Query OK, 56724 rows affected (37.36 sec)
Records: 56724  Duplicates: 0  Warnings: 0

Query OK, 2656 rows affected (0.67 sec)
Records: 2656  Duplicates: 0  Warnings: 0

Query OK, 0 rows affected (0.00 sec)

Query OK, 0 rows affected (0.03 sec)

Query OK, 132 rows affected (0.17 sec)
Records: 132  Duplicates: 0  Warnings: 0

Query OK, 0 rows affected (0.03 sec)

Query OK, 102939 rows affected (16 min 7.96 sec)
Records: 102939  Duplicates: 0  Warnings: 0

+-----------------+
| rep_livetvstats |
+-----------------+
|          102939 |
+-----------------+
1 row in set (0.04 sec)

mysql> mysql \. C:\workspace\cloud\code\sql\_DailyScript\currenttime.sql
+---------------------+
| currenttime         |
+---------------------+
| 2020-01-01 10:40:14 |
+---------------------+
1 row in set (0.00 sec)

mysql> 
mysql> mysql \. C:\workspace\cloud\code\sql\_DailyScript\DAILY-SCRIPT-VODTS-STATS.sql
Database changed
Query OK, 0 rows affected (0.11 sec)

Query OK, 3241 rows affected (26.96 sec)
Records: 3241  Duplicates: 0  Warnings: 0

+---------+------------+----------+--------------+--------------+-----------+-------------+----------+--------+------+------------+---------+---------------+
| Table   | Non_unique | Key_name | Seq_in_index | Column_name  | Collation | Cardinality | Sub_part | Packed | Null | Index_type | Comment | Index_comment |
+---------+------------+----------+--------------+--------------+-----------+-------------+----------+--------+------+------------+---------+---------------+
| tempvod |          1 | idxtvod1 |            1 | device       | A         |        3382 |     NULL | NULL   | YES  | BTREE      |         |               |
| tempvod |          1 | idxtvod2 |            1 | sessionstart | A         |        3382 |     NULL | NULL   | YES  | BTREE      |         |               |
+---------+------------+----------+--------------+--------------+-----------+-------------+----------+--------+------+------------+---------+---------------+
2 rows in set (0.01 sec)

Query OK, 3234 rows affected (2.60 sec)
Records: 3234  Duplicates: 0  Warnings: 0

Query OK, 0 rows affected (0.01 sec)

Query OK, 447859 rows affected (38.48 sec)
Records: 447859  Duplicates: 0  Warnings: 0

+--------------+
| rep_vodstats |
+--------------+
|       447859 |
+--------------+
1 row in set (0.15 sec)

Database changed
Query OK, 0 rows affected (0.02 sec)

Query OK, 11029 rows affected (1 min 22.17 sec)
Records: 11029  Duplicates: 0  Warnings: 0

+--------+------------+----------+--------------+--------------+-----------+-------------+----------+--------+------+------------+---------+---------------+
| Table  | Non_unique | Key_name | Seq_in_index | Column_name  | Collation | Cardinality | Sub_part | Packed | Null | Index_type | Comment | Index_comment |
+--------+------------+----------+--------------+--------------+-----------+-------------+----------+--------+------+------------+---------+---------------+
| tempts |          1 | idxtts1  |            1 | device       | A         |       11271 |     NULL | NULL   | YES  | BTREE      |         |               |
| tempts |          1 | idxtts2  |            1 | sessionstart | A         |       11271 |     NULL | NULL   | YES  | BTREE      |         |               |
+--------+------------+----------+--------------+--------------+-----------+-------------+----------+--------+------+------------+---------+---------------+
2 rows in set (0.00 sec)

Query OK, 10959 rows affected (11.30 sec)
Records: 10959  Duplicates: 0  Warnings: 0

Query OK, 0 rows affected (0.02 sec)

Query OK, 28495 rows affected (1 min 21.08 sec)
Records: 28495  Duplicates: 0  Warnings: 0

+-------------+
| rep_tsstats |
+-------------+
|       28495 |
+-------------+
1 row in set (0.00 sec)

mysql> mysql \. C:\workspace\cloud\code\sql\_DailyScript\currenttime.sql
+---------------------+
| currenttime         |
+---------------------+
| 2020-01-01 10:44:17 |
+---------------------+
1 row in set (0.00 sec)

mysql> 
mysql> mysql \. C:\workspace\cloud\code\sql\_DailyScript\DAILY-SCRIPT-RADIO-STATS.sql
Database changed
Query OK, 0 rows affected (0.02 sec)

Query OK, 210960 rows affected (3.50 sec)
Records: 210960  Duplicates: 0  Warnings: 0

+-----------+------------+----------+--------------+--------------+-----------+-------------+----------+--------+------+------------+---------+---------------+
| Table     | Non_unique | Key_name | Seq_in_index | Column_name  | Collation | Cardinality | Sub_part | Packed | Null | Index_type | Comment | Index_comment |
+-----------+------------+----------+--------------+--------------+-----------+-------------+----------+--------+------+------------+---------+---------------+
| tempradio |          1 | idxtrad1 |            1 | device       | A         |      211837 |     NULL | NULL   | YES  | BTREE      |         |               |
| tempradio |          1 | idxtrad2 |            1 | sessionstart | A         |      211837 |     NULL | NULL   | YES  | BTREE      |         |               |
+-----------+------------+----------+--------------+--------------+-----------+-------------+----------+--------+------+------------+---------+---------------+
2 rows in set (0.00 sec)

Query OK, 502 rows affected (2.29 sec)
Records: 502  Duplicates: 0  Warnings: 0

Query OK, 0 rows affected (0.00 sec)

Query OK, 3897 rows affected (0.30 sec)
Records: 3897  Duplicates: 0  Warnings: 0

+----------------+
| rep_radiostats |
+----------------+
|           3897 |
+----------------+
1 row in set (0.02 sec)

mysql> mysql \. C:\workspace\cloud\code\sql\_DailyScript\currenttime.sql
+---------------------+
| currenttime         |
+---------------------+
| 2020-01-01 10:44:23 |
+---------------------+
1 row in set (0.00 sec)

mysql> 
mysql> mysql \. C:\workspace\cloud\code\sql\_DailyScript\DAILY_SCRIPT_TELEMETRY_PIVOT.sql
Query OK, 0 rows affected (0.00 sec)

Query OK, 148 rows affected (0.29 sec)
Records: 148  Duplicates: 0  Warnings: 0

Query OK, 0 rows affected (0.00 sec)

Query OK, 7723 rows affected (2.92 sec)
Records: 7723  Duplicates: 0  Warnings: 0

Query OK, 0 rows affected (0.04 sec)

Query OK, 9 rows affected (0.07 sec)
Records: 9  Duplicates: 0  Warnings: 0

Query OK, 0 rows affected (0.00 sec)

Query OK, 56 rows affected (0.16 sec)
Records: 56  Duplicates: 0  Warnings: 0

mysql> mysql \. C:\workspace\cloud\code\sql\_DailyScript\currenttime.sql
+---------------------+
| currenttime         |
+---------------------+
| 2020-01-01 10:44:26 |
+---------------------+
1 row in set (0.00 sec)

mysql> 
mysql> mysql \. C:\workspace\cloud\code\sql\_DailyScript\telemetry_livetv_ranking2019.sql
Query OK, 0 rows affected (0.04 sec)

Query OK, 148 rows affected (0.01 sec)
Records: 148  Duplicates: 0  Warnings: 0

mysql> mysql \. C:\workspace\cloud\code\sql\_DailyScript\currenttime.sql
+---------------------+
| currenttime         |
+---------------------+
| 2020-01-01 10:44:26 |
+---------------------+
1 row in set (0.00 sec)

mysql> 
mysql> mysql \. C:\workspace\cloud\code\sql\_DailyScript\telemetry_radio_ranking2019.sql
Query OK, 0 rows affected (0.00 sec)

Query OK, 9 rows affected (0.03 sec)
Records: 9  Duplicates: 0  Warnings: 0

mysql> mysql \. C:\workspace\cloud\code\sql\_DailyScript\currenttime.sql
+---------------------+
| currenttime         |
+---------------------+
| 2020-01-01 10:44:27 |
+---------------------+
1 row in set (0.00 sec)

mysql> 
mysql> mysql \. C:\workspace\cloud\code\sql\_DailyScript\telemetry_ts_ranking2019.sql
Query OK, 0 rows affected (0.00 sec)

Query OK, 56 rows affected (0.02 sec)
Records: 56  Duplicates: 0  Warnings: 0

mysql> mysql \. C:\workspace\cloud\code\sql\_DailyScript\currenttime.sql
+---------------------+
| currenttime         |
+---------------------+
| 2020-01-01 10:44:27 |
+---------------------+
1 row in set (0.00 sec)

mysql> 
mysql> mysql \. C:\workspace\cloud\code\sql\_DailyScript\telemetry_vod_ranking2019.sql
Query OK, 0 rows affected (0.01 sec)

Query OK, 7723 rows affected (0.41 sec)
Records: 7723  Duplicates: 0  Warnings: 0

mysql> mysql \. C:\workspace\cloud\code\sql\_DailyScript\currenttime.sql
+---------------------+
| currenttime         |
+---------------------+
| 2020-01-01 10:44:27 |
+---------------------+
1 row in set (0.00 sec)

mysql> 
mysql> mysql \. C:\workspace\cloud\code\sql\_DailyScript\telemetry_vod_ranking2019_1.sql
Query OK, 0 rows affected (0.05 sec)

Query OK, 7723 rows affected (0.17 sec)
Records: 7723  Duplicates: 0  Warnings: 0

mysql> mysql \. C:\workspace\cloud\code\sql\_DailyScript\currenttime.sql
+---------------------+
| currenttime         |
+---------------------+
| 2020-01-01 10:44:27 |
+---------------------+
1 row in set (0.00 sec)

mysql> 
mysql> mysql \. C:\workspace\cloud\code\sql\_DailyScript\telemetry_vod_ranking2019_2.sql
Query OK, 0 rows affected (0.02 sec)

Query OK, 7723 rows affected (0.17 sec)
Records: 7723  Duplicates: 0  Warnings: 0

mysql> mysql \. C:\workspace\cloud\code\sql\_DailyScript\currenttime.sql
+---------------------+
| currenttime         |
+---------------------+
| 2020-01-01 10:44:27 |
+---------------------+
1 row in set (0.00 sec)

mysql> 
mysql> mysql \. C:\workspace\cloud\code\sql\_DailyScript\DAILY-SCRIPT-CREATE-LOAD.sql
Database changed
Database changed
Query OK, 0 rows affected (0.18 sec)

Query OK, 0 rows affected (0.02 sec)

Database changed
Query OK, 66034 rows affected (2.90 sec)
Records: 66034  Deleted: 0  Skipped: 0  Warnings: 0

Query OK, 0 rows affected (0.18 sec)
Records: 0  Duplicates: 0  Warnings: 0

Query OK, 0 rows affected (0.24 sec)
Records: 0  Duplicates: 0  Warnings: 0

Query OK, 0 rows affected (0.45 sec)
Records: 0  Duplicates: 0  Warnings: 0

Query OK, 0 rows affected (0.25 sec)
Records: 0  Duplicates: 0  Warnings: 0

+---------+
| clients |
+---------+
|   66034 |
+---------+
1 row in set (0.03 sec)

Query OK, 0 rows affected (0.00 sec)

Query OK, 4692 rows affected (0.80 sec)
Records: 4692  Duplicates: 0  Warnings: 0

+-------------------+
| rcb_clientparcels |
+-------------------+
|              4692 |
+-------------------+
1 row in set (0.00 sec)

Query OK, 0 rows affected (0.02 sec)

Query OK, 82764 rows affected (3.23 sec)
Records: 82764  Duplicates: 0  Warnings: 0

Query OK, 0 rows affected (0.37 sec)
Records: 0  Duplicates: 0  Warnings: 0

Query OK, 0 rows affected (0.05 sec)

Query OK, 66034 rows affected (2.77 sec)
Records: 66034  Duplicates: 0  Warnings: 0

Query OK, 0 rows affected (0.21 sec)
Records: 0  Duplicates: 0  Warnings: 0

Query OK, 0 rows affected (0.33 sec)
Records: 0  Duplicates: 0  Warnings: 0

Query OK, 0 rows affected (0.18 sec)
Records: 0  Duplicates: 0  Warnings: 0

+---------------+
| clientaddress |
+---------------+
|         66034 |
+---------------+
1 row in set (0.02 sec)

Database changed
Query OK, 0 rows affected (0.10 sec)

Query OK, 0 rows affected (0.00 sec)

Database changed
Query OK, 497372 rows affected, 65535 warnings (24.16 sec)
Records: 497372  Deleted: 0  Skipped: 0  Warnings: 196991

Query OK, 0 rows affected (12.46 sec)
Records: 0  Duplicates: 0  Warnings: 0

Query OK, 0 rows affected (3.64 sec)
Records: 0  Duplicates: 0  Warnings: 0

Query OK, 0 rows affected (2.32 sec)
Records: 0  Duplicates: 0  Warnings: 0

Query OK, 0 rows affected (0.03 sec)

Query OK, 497372 rows affected (47.19 sec)
Records: 497372  Duplicates: 0  Warnings: 0

Query OK, 0 rows affected (2.00 sec)
Records: 0  Duplicates: 0  Warnings: 0

Query OK, 0 rows affected (1.95 sec)
Records: 0  Duplicates: 0  Warnings: 0

+-----------+
| contracts |
+-----------+
|    497372 |
+-----------+
1 row in set (0.19 sec)

+-----------------+
| contractaddress |
+-----------------+
|          497372 |
+-----------------+
1 row in set (0.14 sec)

Database changed
Query OK, 0 rows affected (0.03 sec)

Query OK, 0 rows affected (0.00 sec)

Query OK, 7212 rows affected (0.27 sec)
Records: 7212  Deleted: 0  Skipped: 0  Warnings: 0

Query OK, 0 rows affected (0.03 sec)

Query OK, 7181 rows affected (2.24 sec)
Records: 7181  Duplicates: 0  Warnings: 0

Query OK, 0 rows affected (0.03 sec)
Records: 0  Duplicates: 0  Warnings: 0

Query OK, 0 rows affected (0.01 sec)

Query OK, 5600 rows affected (0.12 sec)
Records: 5600  Duplicates: 0  Warnings: 0

Query OK, 0 rows affected (0.04 sec)
Records: 0  Duplicates: 0  Warnings: 0

+-------------------+
| contractdiscounts |
+-------------------+
|              7212 |
+-------------------+
1 row in set (0.00 sec)

+-------------------------+
| clientcontractdiscounts |
+-------------------------+
|                    7181 |
+-------------------------+
1 row in set (0.00 sec)

+----------------------------+
| clientcontractlastdiscount |
+----------------------------+
|                       5600 |
+----------------------------+
1 row in set (0.00 sec)

Database changed
Query OK, 0 rows affected (0.16 sec)

Query OK, 0 rows affected (0.00 sec)

Database changed
Query OK, 132331 rows affected (3.50 sec)
Records: 132331  Deleted: 0  Skipped: 0  Warnings: 0

Query OK, 0 rows affected (0.53 sec)
Records: 0  Duplicates: 0  Warnings: 0

Query OK, 0 rows affected (0.40 sec)
Records: 0  Duplicates: 0  Warnings: 0

Query OK, 0 rows affected (0.33 sec)
Records: 0  Duplicates: 0  Warnings: 0

Query OK, 0 rows affected (0.32 sec)
Records: 0  Duplicates: 0  Warnings: 0

Query OK, 0 rows affected (0.42 sec)
Records: 0  Duplicates: 0  Warnings: 0

Query OK, 0 rows affected (0.62 sec)
Records: 0  Duplicates: 0  Warnings: 0

Query OK, 0 rows affected (0.15 sec)

Query OK, 1697918 rows affected (3 min 4.22 sec)
Records: 1697918  Duplicates: 0  Warnings: 0

+---------+
| devices |
+---------+
|  132331 |
+---------+
1 row in set (0.05 sec)

+-----------------------+
| clientcontractdevices |
+-----------------------+
|               1697918 |
+-----------------------+
1 row in set (0.83 sec)

Query OK, 0 rows affected (0.06 sec)

Query OK, 132243 rows affected (7.32 sec)
Records: 132243  Duplicates: 0  Warnings: 0

+---------------------------+
| rep_clientcontractdevices |
+---------------------------+
|                    132243 |
+---------------------------+
1 row in set (0.03 sec)

Database changed
Query OK, 0 rows affected (0.07 sec)

Query OK, 0 rows affected (0.02 sec)

Query OK, 267473 rows affected (8.03 sec)
Records: 267473  Deleted: 0  Skipped: 0  Warnings: 0

Query OK, 0 rows affected (1.27 sec)
Records: 0  Duplicates: 0  Warnings: 0

Query OK, 0 rows affected (1.22 sec)
Records: 0  Duplicates: 0  Warnings: 0

Query OK, 0 rows affected (0.77 sec)
Records: 0  Duplicates: 0  Warnings: 0

Query OK, 0 rows affected (0.98 sec)
Records: 0  Duplicates: 0  Warnings: 0

+---------+
| tickets |
+---------+
|  267473 |
+---------+
1 row in set (0.07 sec)

Database changed
Query OK, 0 rows affected (0.15 sec)

Query OK, 0 rows affected (0.00 sec)

Empty set (0.00 sec)

Query OK, 0 rows affected (0.02 sec)
Records: 0  Duplicates: 0  Warnings: 0

Query OK, 337 rows affected, 2 warnings (0.03 sec)
Records: 337  Deleted: 0  Skipped: 0  Warnings: 2

+-----------------+
| tickettechusers |
+-----------------+
|             337 |
+-----------------+
1 row in set (0.01 sec)

Database changed
Query OK, 0 rows affected (0.04 sec)

Query OK, 0 rows affected (0.00 sec)

Query OK, 0 rows affected (0.01 sec)
Records: 0  Duplicates: 0  Warnings: 0

Query OK, 569380 rows affected, 44021 warnings (14.73 sec)
Records: 569380  Deleted: 0  Skipped: 0  Warnings: 44021

+-------------------+
| ticketassignments |
+-------------------+
|            569380 |
+-------------------+
1 row in set (0.17 sec)

Database changed
Query OK, 0 rows affected (0.13 sec)

Query OK, 0 rows affected (0.00 sec)

Query OK, 1174887 rows affected (24.38 sec)
Records: 1174887  Deleted: 0  Skipped: 0  Warnings: 0

Query OK, 0 rows affected (10.25 sec)
Records: 0  Duplicates: 0  Warnings: 0

Query OK, 0 rows affected (3.51 sec)
Records: 0  Duplicates: 0  Warnings: 0

Query OK, 0 rows affected (4.13 sec)
Records: 0  Duplicates: 0  Warnings: 0

Query OK, 0 rows affected (3.69 sec)
Records: 0  Duplicates: 0  Warnings: 0

+----------------+
| ticketcomments |
+----------------+
|        1174887 |
+----------------+
1 row in set (0.35 sec)

Database changed
Query OK, 0 rows affected (0.02 sec)

Query OK, 0 rows affected (0.00 sec)

Query OK, 430310 rows affected (42.53 sec)
Records: 430310  Deleted: 0  Skipped: 0  Warnings: 0

Query OK, 0 rows affected (2.31 sec)
Records: 0  Duplicates: 0  Warnings: 0

+----------+
| comments |
+----------+
|   430310 |
+----------+
1 row in set (0.13 sec)

Database changed
Query OK, 0 rows affected (0.25 sec)

Query OK, 0 rows affected (0.00 sec)

Query OK, 1061311 rows affected, 65535 warnings (1 min 3.34 sec)
Records: 1061311  Deleted: 0  Skipped: 0  Warnings: 1061327

Query OK, 0 rows affected (7.12 sec)
Records: 0  Duplicates: 0  Warnings: 0

Query OK, 0 rows affected (2.82 sec)
Records: 0  Duplicates: 0  Warnings: 0

Query OK, 0 rows affected (4.01 sec)
Records: 0  Duplicates: 0  Warnings: 0

Query OK, 0 rows affected (3.00 sec)
Records: 0  Duplicates: 0  Warnings: 0

Query OK, 0 rows affected (4.09 sec)
Records: 0  Duplicates: 0  Warnings: 0

+------------+
| devicesold |
+------------+
|    1061311 |
+------------+
1 row in set (0.36 sec)

Database changed
Query OK, 0 rows affected (0.05 sec)

Query OK, 0 rows affected (0.05 sec)

Query OK, 1691428 rows affected (25.53 sec)
Records: 1691428  Deleted: 0  Skipped: 0  Warnings: 0

Query OK, 0 rows affected (9.00 sec)
Records: 0  Duplicates: 0  Warnings: 0

Query OK, 0 rows affected (4.03 sec)
Records: 0  Duplicates: 0  Warnings: 0

Query OK, 0 rows affected (4.08 sec)
Records: 0  Duplicates: 0  Warnings: 0

+------------------+
| contractservices |
+------------------+
|          1691428 |
+------------------+
1 row in set (0.48 sec)

Database changed
Query OK, 0 rows affected (0.10 sec)

Query OK, 0 rows affected (0.00 sec)

Query OK, 3912542 rows affected (2 min 17.33 sec)
Records: 3912542  Deleted: 0  Skipped: 0  Warnings: 0

Query OK, 0 rows affected (14.81 sec)
Records: 0  Duplicates: 0  Warnings: 0

Query OK, 0 rows affected (14.60 sec)
Records: 0  Duplicates: 0  Warnings: 0

Query OK, 0 rows affected (14.95 sec)
Records: 0  Duplicates: 0  Warnings: 0

Query OK, 0 rows affected (12.76 sec)
Records: 0  Duplicates: 0  Warnings: 0

+------------------+
| invoicescontents |
+------------------+
|          3912542 |
+------------------+
1 row in set (1.29 sec)

Database changed
Query OK, 0 rows affected (0.64 sec)

Query OK, 0 rows affected (0.00 sec)

Query OK, 2726090 rows affected (3 min 22.21 sec)
Records: 2726090  Deleted: 0  Skipped: 0  Warnings: 0

Query OK, 0 rows affected (17.62 sec)
Records: 0  Duplicates: 0  Warnings: 0

Query OK, 0 rows affected (14.73 sec)
Records: 0  Duplicates: 0  Warnings: 0

Query OK, 0 rows affected (12.68 sec)
Records: 0  Duplicates: 0  Warnings: 0

Query OK, 0 rows affected (10.82 sec)
Records: 0  Duplicates: 0  Warnings: 0

Query OK, 0 rows affected (12.96 sec)
Records: 0  Duplicates: 0  Warnings: 0

+----------------+
| invoicesheader |
+----------------+
|        2726090 |
+----------------+
1 row in set (0.93 sec)

Database changed
Query OK, 0 rows affected (0.07 sec)

Query OK, 0 rows affected (0.00 sec)

Query OK, 2818768 rows affected (1 min 24.14 sec)
Records: 2818768  Deleted: 0  Skipped: 0  Warnings: 0

Query OK, 0 rows affected (10.74 sec)
Records: 0  Duplicates: 0  Warnings: 0

Query OK, 0 rows affected (10.15 sec)
Records: 0  Duplicates: 0  Warnings: 0

Query OK, 0 rows affected (9.37 sec)
Records: 0  Duplicates: 0  Warnings: 0

Query OK, 0 rows affected (9.24 sec)
Records: 0  Duplicates: 0  Warnings: 0

+---------+
| casa    |
+---------+
| 2818768 |
+---------+
1 row in set (0.80 sec)

Query OK, 0 rows affected (0.15 sec)

Query OK, 13440 rows affected (1 min 13.20 sec)
Records: 13440  Duplicates: 0  Warnings: 0

+--------------------+
| rep_paycol_channel |
+--------------------+
|              13440 |
+--------------------+
1 row in set (0.01 sec)

Query OK, 0 rows affected (0.02 sec)

Query OK, 9126 rows affected (1 min 23.53 sec)
Records: 9126  Duplicates: 0  Warnings: 0

+----------------+
| rep_paycol_pos |
+----------------+
|           9126 |
+----------------+
1 row in set (0.00 sec)

Database changed
Query OK, 0 rows affected (0.02 sec)

Query OK, 0 rows affected (0.00 sec)

Database changed
Query OK, 38819 rows affected (0.90 sec)
Records: 38819  Deleted: 0  Skipped: 0  Warnings: 0

+-------+
| users |
+-------+
| 38819 |
+-------+
1 row in set (0.02 sec)

Database changed
Query OK, 0 rows affected (0.07 sec)

Query OK, 0 rows affected (0.00 sec)

Query OK, 1872898 rows affected, 2 warnings (33.72 sec)
Records: 1872898  Deleted: 0  Skipped: 0  Warnings: 2

Query OK, 0 rows affected (8.40 sec)
Records: 0  Duplicates: 0  Warnings: 0

Query OK, 0 rows affected (6.66 sec)
Records: 0  Duplicates: 0  Warnings: 0

Query OK, 0 rows affected (6.29 sec)
Records: 0  Duplicates: 0  Warnings: 0

Query OK, 0 rows affected (5.58 sec)
Records: 0  Duplicates: 0  Warnings: 0

Query OK, 0 rows affected (5.59 sec)
Records: 0  Duplicates: 0  Warnings: 0

+-------------+
| useractions |
+-------------+
|     1872898 |
+-------------+
1 row in set (0.55 sec)

Database changed
Query OK, 0 rows affected (0.09 sec)

Query OK, 0 rows affected (0.01 sec)

Database changed
Query OK, 12883799 rows affected (3 min 7.17 sec)
Records: 12883799  Deleted: 0  Skipped: 0  Warnings: 0

Query OK, 0 rows affected (46.45 sec)
Records: 0  Duplicates: 0  Warnings: 0

Query OK, 0 rows affected (45.65 sec)
Records: 0  Duplicates: 0  Warnings: 0

Query OK, 0 rows affected (42.77 sec)
Records: 0  Duplicates: 0  Warnings: 0

Query OK, 0 rows affected (40.06 sec)
Records: 0  Duplicates: 0  Warnings: 0

+----------+
| ipusage1 |
+----------+
| 12883799 |
+----------+
1 row in set (9.07 sec)

Query OK, 0 rows affected (0.15 sec)

Query OK, 12995363 rows affected, 65535 warnings (14 min 22.25 sec)
Records: 12995363  Duplicates: 0  Warnings: 12991791

Query OK, 0 rows affected (36.29 sec)
Records: 0  Duplicates: 0  Warnings: 0

Query OK, 0 rows affected (41.10 sec)
Records: 0  Duplicates: 0  Warnings: 0

Query OK, 0 rows affected (42.49 sec)
Records: 0  Duplicates: 0  Warnings: 0

Query OK, 0 rows affected (49.06 sec)
Records: 0  Duplicates: 0  Warnings: 0

Query OK, 0 rows affected (58.08 sec)
Records: 0  Duplicates: 0  Warnings: 0

Query OK, 0 rows affected (1 min 2.98 sec)
Records: 0  Duplicates: 0  Warnings: 0

Query OK, 0 rows affected (1 min 1.00 sec)
Records: 0  Duplicates: 0  Warnings: 0

+----------+
| ipusage  |
+----------+
| 12995363 |
+----------+
1 row in set (9.20 sec)

Query OK, 0 rows affected (0.34 sec)

Query OK, 3281886 rows affected (2 min 56.11 sec)
Records: 3281886  Duplicates: 0  Warnings: 0

Query OK, 0 rows affected (12.56 sec)
Records: 0  Duplicates: 0  Warnings: 0

Query OK, 0 rows affected (10.65 sec)
Records: 0  Duplicates: 0  Warnings: 0

Query OK, 0 rows affected (11.13 sec)
Records: 0  Duplicates: 0  Warnings: 0

Query OK, 0 rows affected (14.80 sec)
Records: 0  Duplicates: 0  Warnings: 0

Query OK, 0 rows affected (6.20 sec)
Records: 0  Duplicates: 0  Warnings: 0

Query OK, 0 rows affected (0.09 sec)

Query OK, 264742 rows affected (22.28 sec)
Records: 264742  Duplicates: 0  Warnings: 0

Query OK, 0 rows affected (0.83 sec)
Records: 0  Duplicates: 0  Warnings: 0

Query OK, 0 rows affected (0.81 sec)
Records: 0  Duplicates: 0  Warnings: 0

Query OK, 0 rows affected (0.93 sec)
Records: 0  Duplicates: 0  Warnings: 0

Query OK, 0 rows affected (0.52 sec)
Records: 0  Duplicates: 0  Warnings: 0

Query OK, 0 rows affected (0.56 sec)
Records: 0  Duplicates: 0  Warnings: 0

Query OK, 0 rows affected (0.48 sec)
Records: 0  Duplicates: 0  Warnings: 0

Query OK, 0 rows affected (0.48 sec)
Records: 0  Duplicates: 0  Warnings: 0

Query OK, 0 rows affected (0.19 sec)

Query OK, 1691240 rows affected (54.97 sec)
Records: 1691240  Duplicates: 0  Warnings: 0

Query OK, 0 rows affected (7.41 sec)
Records: 0  Duplicates: 0  Warnings: 0

Query OK, 0 rows affected (5.39 sec)
Records: 0  Duplicates: 0  Warnings: 0

Query OK, 0 rows affected (6.09 sec)
Records: 0  Duplicates: 0  Warnings: 0

mysql> mysql \. C:\workspace\cloud\code\sql\_DailyScript\currenttime.sql
+---------------------+
| currenttime         |
+---------------------+
| 2020-01-01 11:39:27 |
+---------------------+
1 row in set (0.00 sec)

mysql> 
mysql> mysql \. C:\workspace\cloud\code\sql\_DailyScript\ticket_analysis.sql
Database changed
Query OK, 0 rows affected (0.05 sec)

Query OK, 535867 rows affected (26.85 sec)
Records: 535867  Duplicates: 0  Warnings: 0

Query OK, 0 rows affected (11.38 sec)
Records: 0  Duplicates: 0  Warnings: 0

Query OK, 0 rows affected (2.04 sec)
Records: 0  Duplicates: 0  Warnings: 0

Query OK, 0 rows affected (1.91 sec)
Records: 0  Duplicates: 0  Warnings: 0

Query OK, 0 rows affected (0.01 sec)

Query OK, 18167 rows affected (11.04 sec)
Records: 18167  Duplicates: 0  Warnings: 0

Query OK, 0 rows affected, 1 warning (0.00 sec)

Query OK, 73958 rows affected (6.51 sec)
Records: 73958  Duplicates: 0  Warnings: 0

Query OK, 0 rows affected, 1 warning (0.00 sec)

Query OK, 383792 rows affected (12.48 sec)
Records: 383792  Duplicates: 0  Warnings: 0

Query OK, 0 rows affected, 1 warning (0.00 sec)

Query OK, 383792 rows affected (12.24 sec)
Records: 383792  Duplicates: 0  Warnings: 0

Query OK, 0 rows affected (0.04 sec)

Query OK, 74012 rows affected (7.43 sec)
Records: 74012  Duplicates: 0  Warnings: 0

Database changed
Query OK, 0 rows affected (0.00 sec)

Query OK, 0 rows affected (0.02 sec)

Query OK, 535867 rows affected (20.76 sec)
Records: 535867  Duplicates: 0  Warnings: 0

Query OK, 0 rows affected (0.14 sec)

Query OK, 261933 rows affected (15.91 sec)
Records: 261933  Duplicates: 0  Warnings: 0

+--------------------------+
| clientticket_cmmtjourney |
+--------------------------+
|                   535867 |
+--------------------------+
1 row in set (5.48 sec)

+---------------------------+
| clientticket_assgnjourney |
+---------------------------+
|                    261933 |
+---------------------------+
1 row in set (0.30 sec)

Query OK, 0 rows affected (0.02 sec)

Query OK, 74 rows affected (0.38 sec)
Records: 74  Duplicates: 0  Warnings: 0

mysql> mysql \. C:\workspace\cloud\code\sql\_DailyScript\currenttime.sql
+---------------------+
| currenttime         |
+---------------------+
| 2020-01-01 11:41:43 |
+---------------------+
1 row in set (0.00 sec)

mysql> 
mysql> mysql \. C:\workspace\cloud\code\sql\_DailyScript\load_DailyCalls.sql
Database changed
ERROR 2 (HY000): File 'C:\ProgramData\MySQL\MySQL Server 5.7\Uploads\CC\distribution_detail-CC-31122019.csv' not found (Errcode: 2 - No such file or directory)
Query OK, 0 rows affected, 1 warning (0.00 sec)

Query OK, 0 rows affected (0.25 sec)
Records: 0  Duplicates: 0  Warnings: 0

Query OK, 0 rows affected, 1 warning (0.00 sec)

Query OK, 66741 rows affected (0.36 sec)
Records: 66741  Duplicates: 0  Warnings: 0

+----------------------+
| callingclientsbefore |
+----------------------+
|               809508 |
+----------------------+
1 row in set (0.80 sec)

Query OK, 0 rows affected (0.00 sec)
Records: 0  Duplicates: 0  Warnings: 0

+---------------------+
| callingclientsafter |
+---------------------+
|              809508 |
+---------------------+
1 row in set (0.22 sec)

Query OK, 0 rows affected (0.02 sec)

Query OK, 0 rows affected (4.62 sec)
Records: 0  Duplicates: 0  Warnings: 0

Query OK, 0 rows affected (0.00 sec)

Query OK, 16741 rows affected (2.45 sec)
Records: 16741  Duplicates: 0  Warnings: 0

+-----------+
| callstats |
+-----------+
|     16741 |
+-----------+
1 row in set (0.02 sec)

Query OK, 0 rows affected, 1 warning (0.00 sec)

Query OK, 0 rows affected (4.71 sec)
Records: 0  Duplicates: 0  Warnings: 0

+------------------------+
| rep_cccallreportbefore |
+------------------------+
|                 813868 |
+------------------------+
1 row in set (0.22 sec)

Query OK, 0 rows affected (0.00 sec)
Records: 0  Duplicates: 0  Warnings: 0

+-----------------------+
| rep_cccallreportafter |
+-----------------------+
|                813868 |
+-----------------------+
1 row in set (0.23 sec)

Query OK, 0 rows affected (0.00 sec)

mysql> mysql \. C:\workspace\cloud\code\sql\_DailyScript\currenttime.sql
+---------------------+
| currenttime         |
+---------------------+
| 2020-01-01 11:41:56 |
+---------------------+
1 row in set (0.00 sec)

mysql> 
mysql> mysql \. C:\workspace\cloud\code\sql\_DailyScript\DAILY-SCRIPT-USAGE.sql
Database changed
Query OK, 0 rows affected (0.00 sec)

Query OK, 6889 rows affected, 19928 warnings (7.73 sec)
Records: 6889  Deleted: 0  Skipped: 0  Warnings: 19928

Query OK, 0 rows affected (0.00 sec)

Query OK, 10198 rows affected, 29502 warnings (4.36 sec)
Records: 10198  Deleted: 0  Skipped: 0  Warnings: 29502

Query OK, 0 rows affected (0.00 sec)

Query OK, 142 rows affected, 514 warnings (0.05 sec)
Records: 142  Deleted: 0  Skipped: 0  Warnings: 514

Query OK, 0 rows affected (0.00 sec)

Query OK, 249 rows affected, 864 warnings (0.07 sec)
Records: 249  Deleted: 0  Skipped: 0  Warnings: 864

+------------+
| dailyusage |
+------------+
|    9624169 |
+------------+
1 row in set (9.52 sec)

+------------+------------+------------+---------+
| datestart  | dateend    | insertedon | records |
+------------+------------+------------+---------+
| 2019-12-31 | 2019-12-31 | 2020-01-01 |   17478 |
| 2019-12-30 | 2019-12-30 | 2019-12-31 |   17602 |
| 2019-12-29 | 2019-12-29 | 2019-12-30 |   17238 |
| 2019-12-28 | 2019-12-28 | 2019-12-29 |   17527 |
| 2019-12-27 | 2019-12-27 | 2019-12-28 |   17643 |
+------------+------------+------------+---------+
5 rows in set (58.97 sec)

mysql> mysql \. C:\workspace\cloud\code\sql\_DailyScript\currenttime.sql
+---------------------+
| currenttime         |
+---------------------+
| 2020-01-01 11:43:17 |
+---------------------+
1 row in set (0.00 sec)

mysql> 
mysql> mysql \. C:\workspace\cloud\code\sql\_DailyScript\DAILY-SCRIPT-SALES-TELEMETRY.sql
Database changed
Query OK, 143 rows affected, 48 warnings (0.12 sec)
Records: 143  Deleted: 0  Skipped: 0  Warnings: 48

+------------+
| dailysales |
+------------+
|     179211 |
+------------+
1 row in set (0.43 sec)

Query OK, 0 rows affected (0.03 sec)

Query OK, 179211 rows affected (13.70 sec)
Records: 179211  Duplicates: 0  Warnings: 0

+--------+
| sales  |
+--------+
| 179211 |
+--------+
1 row in set (0.08 sec)

Query OK, 0 rows affected (0.07 sec)

Query OK, 2881 rows affected (0.30 sec)
Records: 2881  Duplicates: 0  Warnings: 0

+----------------+
| rep_dailysales |
+----------------+
|           2881 |
+----------------+
1 row in set (0.00 sec)

Query OK, 0 rows affected (0.03 sec)

Query OK, 2881 rows affected (0.46 sec)
Records: 2881  Duplicates: 0  Warnings: 0

+-------------------+
| rep_dailysalesreg |
+-------------------+
|              2881 |
+-------------------+
1 row in set (0.00 sec)

Query OK, 0 rows affected (0.01 sec)

Query OK, 2630 rows affected (0.60 sec)
Records: 2630  Duplicates: 0  Warnings: 0

+-----------+
| saleslist |
+-----------+
|      2630 |
+-----------+
1 row in set (0.00 sec)

Database changed
Query OK, 1 row affected (0.01 sec)
Records: 1  Deleted: 0  Skipped: 0  Warnings: 0

+------------------+
| dailysinglesales |
+------------------+
|             6108 |
+------------------+
1 row in set (0.03 sec)

Database changed
Query OK, 4 rows affected (0.05 sec)
Records: 4  Deleted: 0  Skipped: 0  Warnings: 0

+-----------------+
| dailyaddonsales |
+-----------------+
|           17938 |
+-----------------+
1 row in set (0.04 sec)

Query OK, 124 rows affected (0.22 sec)
Records: 124  Deleted: 0  Skipped: 0  Warnings: 0

+----------------+
| onlinepayments |
+----------------+
|          75644 |
+----------------+
1 row in set (0.16 sec)

+-------------+----------------+---------------------+
| paymentdate | onlinepayments | onlinepaymentamount |
+-------------+----------------+---------------------+
| 2019-12-31  |            124 |         79734.35000 |
| 2019-12-30  |            139 |         84686.53000 |
| 2019-12-29  |             77 |         53317.05000 |
| 2019-12-28  |            144 |         89592.22000 |
| 2019-12-27  |            143 |        103231.14000 |
+-------------+----------------+---------------------+
5 rows in set (0.86 sec)

+-------------+--------------+----------------+---------------------+
| paymentyear | paymentmonth | onlinepayments | onlinepaymentamount |
+-------------+--------------+----------------+---------------------+
|        2019 |           12 |           3234 |       2134467.48000 |
|        2019 |           11 |           3112 |       2058344.74000 |
|        2019 |           10 |           3323 |       2227696.68000 |
|        2019 |            9 |           3167 |       2039048.12000 |
|        2019 |            8 |           3117 |       1993718.27000 |
+-------------+--------------+----------------+---------------------+
5 rows in set (0.07 sec)

mysql> mysql \. C:\workspace\cloud\code\sql\_DailyScript\currenttime.sql
+---------------------+
| currenttime         |
+---------------------+
| 2020-01-01 11:43:35 |
+---------------------+
1 row in set (0.00 sec)

mysql> 
mysql> mysql \. C:\workspace\cloud\code\sql\_DailyScript\DAILY-SCRIPT-ACTIVENUMBERS.sql
Database changed
Query OK, 1227 rows affected (1.47 sec)
Records: 1227  Deleted: 0  Skipped: 0  Warnings: 0

+------------+----------+
| period     | count(1) |
+------------+----------+
| 2019-12-31 |     1227 |
| 2019-12-30 |     1228 |
| 2019-12-29 |     1236 |
| 2019-12-28 |     1236 |
| 2019-12-27 |     1242 |
| 2019-12-26 |     1241 |
+------------+----------+
6 rows in set (0.03 sec)

Query OK, 0 rows affected (0.02 sec)

Query OK, 80 rows affected (1.54 sec)
Records: 80  Duplicates: 0  Warnings: 0

+-------------+
| packagelist |
+-------------+
|          80 |
+-------------+
1 row in set (0.00 sec)

Database changed
Query OK, 0 rows affected (0.00 sec)

Query OK, 0 rows affected (0.00 sec)

Query OK, 0 rows affected (0.00 sec)

Query OK, 0 rows affected (0.00 sec)

Query OK, 27324 rows affected, 254 warnings (1 min 13.42 sec)
Records: 27324  Deleted: 0  Skipped: 0  Warnings: 254

+------------+----------+
| period     | count(1) |
+------------+----------+
| 2019-12-31 |    27324 |
| 2019-12-30 |    27052 |
| 2019-12-29 |    26873 |
| 2019-12-28 |    27084 |
| 2019-12-27 |    27284 |
+------------+----------+
5 rows in set (0.46 sec)

Query OK, 0 rows affected (0.27 sec)

Query OK, 26712 rows affected (1 min 48.30 sec)
Records: 26712  Duplicates: 0  Warnings: 0

Query OK, 0 rows affected (0.18 sec)
Records: 0  Duplicates: 0  Warnings: 0

Query OK, 0 rows affected (0.09 sec)
Records: 0  Duplicates: 0  Warnings: 0

Query OK, 0 rows affected (0.17 sec)
Records: 0  Duplicates: 0  Warnings: 0

Query OK, 0 rows affected (0.10 sec)
Records: 0  Duplicates: 0  Warnings: 0

Query OK, 0 rows affected (0.09 sec)
Records: 0  Duplicates: 0  Warnings: 0

Query OK, 0 rows affected (0.07 sec)
Records: 0  Duplicates: 0  Warnings: 0

+-------------+
| countbefore |
+-------------+
|    32174779 |
+-------------+
1 row in set (41.04 sec)

Query OK, 26712 rows affected (30.86 sec)
Records: 26712  Duplicates: 0  Warnings: 0

+------------+
| countafter |
+------------+
|   32201491 |
+------------+
1 row in set (12.12 sec)

+------------+--------------------------+
| period     | customercontractactivity |
+------------+--------------------------+
| 2019-12-31 |                    26712 |
| 2019-12-30 |                    26439 |
| 2019-12-29 |                    26259 |
| 2019-12-28 |                    26470 |
| 2019-12-27 |                    26670 |
+------------+--------------------------+
5 rows in set (0.06 sec)

Query OK, 0 rows affected (0.16 sec)

Query OK, 244499 rows affected (11 min 3.73 sec)
Records: 244499  Duplicates: 0  Warnings: 0

Query OK, 0 rows affected (0.85 sec)
Records: 0  Duplicates: 0  Warnings: 0

Query OK, 0 rows affected (0.90 sec)
Records: 0  Duplicates: 0  Warnings: 0

Query OK, 0 rows affected (0.95 sec)
Records: 0  Duplicates: 0  Warnings: 0

Query OK, 0 rows affected (0.02 sec)

Query OK, 245 rows affected (0.47 sec)
Records: 245  Duplicates: 0  Warnings: 0

Query OK, 0 rows affected (0.00 sec)

Query OK, 2507 rows affected (0.57 sec)
Records: 2507  Duplicates: 0  Warnings: 0

Query OK, 0 rows affected (0.01 sec)

Query OK, 26701 rows affected (0.57 sec)
Records: 26701  Duplicates: 0  Warnings: 0

Query OK, 0 rows affected (0.00 sec)

Query OK, 17024 rows affected (0.35 sec)
Records: 17024  Duplicates: 0  Warnings: 0

Query OK, 0 rows affected (0.01 sec)

Query OK, 17024 rows affected (0.14 sec)
Records: 17024  Duplicates: 0  Warnings: 0

Query OK, 0 rows affected (0.03 sec)

Query OK, 17024 rows affected (1.17 sec)
Records: 17024  Duplicates: 0  Warnings: 0

Query OK, 0 rows affected (0.08 sec)

Query OK, 17024 rows affected (44.95 sec)
Records: 17024  Duplicates: 0  Warnings: 0

+-------------+
| clientstats |
+-------------+
|       17024 |
+-------------+
1 row in set (0.00 sec)

Query OK, 0 rows affected (0.02 sec)

Query OK, 12 rows affected, 1 warning (0.08 sec)
Records: 12  Duplicates: 0  Warnings: 1

+-----------------------+-------------+-------------+----------------+-----------------+
| services              | activecount | allaccounts | uniqueaccounts | uniquecontracts |
+-----------------------+-------------+-------------+----------------+-----------------+
| All                   |         233 |          39 |             39 |             127 |
| Internet & Voice      |         419 |         191 |            191 |             373 |
| Internet Only         |        4170 |        4070 |           4057 |            4109 |
| OTT Only              |           1 |           1 |              1 |               1 |
| TV & Internet         |        8932 |        3943 |           3927 |            8036 |
| TV & Internet & OTT   |        2532 |         684 |            683 |            1400 |
| TV & Internet & Voice |         496 |         146 |            146 |             447 |
| TV & OTT              |         335 |          63 |             62 |              80 |
| TV & Voice            |          98 |          42 |             42 |              86 |
| TV Only               |       10064 |        7670 |           7662 |            7863 |
| Voice Only            |         176 |         175 |            174 |             176 |
| GRAND TOTAL           |       27456 |       17024 |          16924 |           22698 |
+-----------------------+-------------+-------------+----------------+-----------------+
12 rows in set (0.00 sec)

+-------------+-------------+-------------+----------------+-----------------+
| network     | activecount | allaccounts | uniqueaccounts | uniquecontracts |
+-------------+-------------+-------------+----------------+-----------------+
| ADDON       |          14 |          10 |             10 |              10 |
| GPON        |        7911 |        4018 |           4015 |            6148 |
| HFC         |       19531 |       12996 |          12996 |           16540 |
| GRAND TOTAL |       27456 |       17024 |          16924 |           22698 |
+-------------+-------------+-------------+----------------+-----------------+
4 rows in set, 1 warning (0.10 sec)

+-------------+-----------------------+-------------+-------------+----------------+-----------------+
| network     | services              | activecount | allaccounts | uniqueaccounts | uniquecontracts |
+-------------+-----------------------+-------------+-------------+----------------+-----------------+
| ADDON       | OTT Only              |           1 |           1 |              1 |               1 |
| ADDON       | TV & OTT              |           6 |           2 |              2 |               2 |
| ADDON       | TV Only               |           7 |           7 |              7 |               7 |
| ADDON       | Services Total        |          14 |          10 |             10 |              10 |
| GPON        | All                   |         122 |          19 |             19 |              62 |
| GPON        | Internet & Voice      |          68 |          28 |             28 |              58 |
| GPON        | Internet Only         |        1046 |         964 |            964 |             988 |
| GPON        | TV & Internet         |        3320 |        1407 |           1407 |            2894 |
| GPON        | TV & Internet & OTT   |        1344 |         359 |            359 |             736 |
| GPON        | TV & Internet & Voice |         164 |          47 |             47 |             146 |
| GPON        | TV & OTT              |          72 |          24 |             24 |              25 |
| GPON        | TV & Voice            |          46 |          19 |             19 |              40 |
| GPON        | TV Only               |        1719 |        1141 |           1141 |            1189 |
| GPON        | Voice Only            |          10 |          10 |             10 |              10 |
| GPON        | Services Total        |        7911 |        4018 |           4015 |            6148 |
| HFC         | All                   |         111 |          20 |             20 |              65 |
| HFC         | Internet & Voice      |         351 |         163 |            163 |             315 |
| HFC         | Internet Only         |        3124 |        3106 |           3106 |            3121 |
| HFC         | TV & Internet         |        5612 |        2536 |           2536 |            5142 |
| HFC         | TV & Internet & OTT   |        1188 |         325 |            325 |             664 |
| HFC         | TV & Internet & Voice |         332 |          99 |             99 |             301 |
| HFC         | TV & OTT              |         257 |          37 |             37 |              53 |
| HFC         | TV & Voice            |          52 |          23 |             23 |              46 |
| HFC         | TV Only               |        8338 |        6522 |           6522 |            6667 |
| HFC         | Voice Only            |         166 |         165 |            165 |             166 |
| HFC         | Services Total        |       19531 |       12996 |          12996 |           16540 |
| GRAND TOTAL | Services Total        |       27456 |       17024 |          16924 |           22698 |
+-------------+-----------------------+-------------+-------------+----------------+-----------------+
27 rows in set, 2 warnings (0.13 sec)

Query OK, 0 rows affected (0.00 sec)

Query OK, 43 rows affected, 3 warnings (0.18 sec)
Records: 43  Duplicates: 0  Warnings: 3

+-------------+---------------+-----------------------+-------------+-------------+----------------+-----------------+
| region      | network       | services              | activecount | allaccounts | uniqueaccounts | uniquecontracts |
+-------------+---------------+-----------------------+-------------+-------------+----------------+-----------------+
| Mahe        | ADDON         | OTT Only              |           1 |           1 |              1 |               1 |
| Mahe        | ADDON         | TV & OTT              |           6 |           2 |              2 |               2 |
| Mahe        | ADDON         | TV Only               |           3 |           3 |              3 |               3 |
| Mahe        | ADDON         | Services Total        |          10 |           6 |              6 |               6 |
| Mahe        | GPON          | All                   |         109 |          17 |             17 |              56 |
| Mahe        | GPON          | Internet & Voice      |          54 |          21 |             21 |              44 |
| Mahe        | GPON          | Internet Only         |         829 |         747 |            747 |             771 |
| Mahe        | GPON          | TV & Internet         |        2437 |        1020 |           1020 |            2093 |
| Mahe        | GPON          | TV & Internet & OTT   |         964 |         250 |            250 |             509 |
| Mahe        | GPON          | TV & Internet & Voice |         142 |          41 |             41 |             125 |
| Mahe        | GPON          | TV & OTT              |          56 |          17 |             17 |              18 |
| Mahe        | GPON          | TV & Voice            |          46 |          19 |             19 |              40 |
| Mahe        | GPON          | TV Only               |        1325 |         863 |            863 |             894 |
| Mahe        | GPON          | Voice Only            |          10 |          10 |             10 |              10 |
| Mahe        | GPON          | Services Total        |        5972 |        3005 |           3005 |            4560 |
| Mahe        | HFC           | All                   |         111 |          20 |             20 |              65 |
| Mahe        | HFC           | Internet & Voice      |         351 |         163 |            163 |             315 |
| Mahe        | HFC           | Internet Only         |        3123 |        3105 |           3105 |            3120 |
| Mahe        | HFC           | TV & Internet         |        5612 |        2536 |           2536 |            5142 |
| Mahe        | HFC           | TV & Internet & OTT   |        1188 |         325 |            325 |             664 |
| Mahe        | HFC           | TV & Internet & Voice |         332 |          99 |             99 |             301 |
| Mahe        | HFC           | TV & OTT              |         257 |          37 |             37 |              53 |
| Mahe        | HFC           | TV & Voice            |          52 |          23 |             23 |              46 |
| Mahe        | HFC           | TV Only               |        8333 |        6519 |           6519 |            6664 |
| Mahe        | HFC           | Voice Only            |         166 |         165 |            165 |             166 |
| Mahe        | HFC           | Services Total        |       19525 |       12992 |          12992 |           16536 |
| Mahe        | Network Total | Services Total        |       25507 |       16003 |          15909 |           21102 |
| Praslin     | ADDON         | TV Only               |           4 |           4 |              4 |               4 |
| Praslin     | ADDON         | Services Total        |           4 |           4 |              4 |               4 |
| Praslin     | GPON          | All                   |          13 |           2 |              2 |               6 |
| Praslin     | GPON          | Internet & Voice      |          14 |           7 |              7 |              14 |
| Praslin     | GPON          | Internet Only         |         217 |         217 |            217 |             217 |
| Praslin     | GPON          | TV & Internet         |         883 |         387 |            387 |             801 |
| Praslin     | GPON          | TV & Internet & OTT   |         380 |         109 |            109 |             227 |
| Praslin     | GPON          | TV & Internet & Voice |          22 |           6 |              6 |              21 |
| Praslin     | GPON          | TV & OTT              |          16 |           7 |              7 |               7 |
| Praslin     | GPON          | TV Only               |         394 |         278 |            278 |             295 |
| Praslin     | GPON          | Services Total        |        1939 |        1013 |           1013 |            1588 |
| Praslin     | HFC           | Internet Only         |           1 |           1 |              1 |               1 |
| Praslin     | HFC           | TV Only               |           5 |           3 |              3 |               3 |
| Praslin     | HFC           | Services Total        |           6 |           4 |              4 |               4 |
| Praslin     | Network Total | Services Total        |        1949 |        1021 |           1018 |            1596 |
| GRAND TOTAL | Network Total | Services Total        |       27456 |       17024 |          16924 |           22698 |
+-------------+---------------+-----------------------+-------------+-------------+----------------+-----------------+
43 rows in set (0.00 sec)

Query OK, 0 rows affected (0.05 sec)

Query OK, 26702 rows affected (0.50 sec)
Records: 26702  Duplicates: 0  Warnings: 0

Query OK, 0 rows affected (0.05 sec)

Query OK, 1987 rows affected (7.25 sec)
Records: 1987  Duplicates: 0  Warnings: 0

+--------------------------------------+
| message                              |
+--------------------------------------+
| running rcbill_my.sp_ActiveNumber2() |
+--------------------------------------+
1 row in set (0.00 sec)

Query OK, 365 rows affected (2 min 14.26 sec)

mysql> mysql \. C:\workspace\cloud\code\sql\_DailyScript\currenttime.sql
+---------------------+
| currenttime         |
+---------------------+
| 2020-01-01 12:02:23 |
+---------------------+
1 row in set (0.00 sec)

mysql> 
mysql> mysql \. C:\workspace\cloud\code\sql\_DailyScript\GetActiveNumbers Average -Pivot.sql
Database changed
+-------------------------------------+
| @today := subdate(current_date(),1) |
+-------------------------------------+
| 2019-12-31                          |
+-------------------------------------+
1 row in set (0.00 sec)

+-------------------------------------+
| @lastdayofmonth := last_day(@today) |
+-------------------------------------+
| 2019-12-31                          |
+-------------------------------------+
1 row in set (0.00 sec)

Query OK, 0 rows affected (0.08 sec)

Query OK, 35042 rows affected, 65535 warnings (52.92 sec)
Records: 35042  Duplicates: 0  Warnings: 72646

Query OK, 0 rows affected (0.08 sec)
Records: 0  Duplicates: 0  Warnings: 0

Query OK, 0 rows affected (0.10 sec)
Records: 0  Duplicates: 0  Warnings: 0

Query OK, 0 rows affected (0.10 sec)
Records: 0  Duplicates: 0  Warnings: 0

+-----------------+
| activenumberavg |
+-----------------+
|           35042 |
+-----------------+
1 row in set (0.00 sec)

Query OK, 0 rows affected (0.02 sec)

Query OK, 1813 rows affected (0.48 sec)
Records: 1813  Duplicates: 0  Warnings: 0

+---------------------+
| rep_activenumberavg |
+---------------------+
|                1813 |
+---------------------+
1 row in set (0.00 sec)

+----------------------+
| rep_activenumberavg1 |
+----------------------+
|                  858 |
+----------------------+
1 row in set (0.01 sec)

Query OK, 0 rows affected (0.01 sec)

Query OK, 1797 rows affected (0.33 sec)
Records: 1797  Duplicates: 0  Warnings: 0

Query OK, 0 rows affected (0.01 sec)

Query OK, 9123 rows affected (0.59 sec)
Records: 9123  Duplicates: 0  Warnings: 0

Query OK, 0 rows affected (0.01 sec)

Query OK, 0 rows affected (0.00 sec)

Query OK, 0 rows affected (0.00 sec)

Query OK, 0 rows affected (0.00 sec)

Query OK, 0 rows affected (0.00 sec)
Statement prepared

Query OK, 53 rows affected (0.03 sec)
Records: 53  Duplicates: 0  Warnings: 0

Query OK, 0 rows affected (0.00 sec)

Query OK, 0 rows affected (0.01 sec)

+----------------------+
| rep_activenumberavg2 |
+----------------------+
|                 1797 |
+----------------------+
1 row in set (0.00 sec)

+------------------------+
| rep_activenumberavg_pv |
+------------------------+
|                     53 |
+------------------------+
1 row in set (0.01 sec)

Query OK, 0 rows affected (0.02 sec)

Query OK, 1797 rows affected (0.28 sec)
Records: 1797  Duplicates: 0  Warnings: 0

Query OK, 0 rows affected (0.00 sec)

Query OK, 0 rows affected (0.02 sec)

Query OK, 0 rows affected (0.00 sec)

Query OK, 0 rows affected (0.00 sec)

Query OK, 0 rows affected (0.00 sec)
Statement prepared

Query OK, 53 rows affected (0.03 sec)
Records: 53  Duplicates: 0  Warnings: 0

Query OK, 0 rows affected (0.00 sec)

Query OK, 0 rows affected (0.00 sec)

+-------------------------+
| rep_activenumberavgMahe |
+-------------------------+
|                    1797 |
+-------------------------+
1 row in set (0.00 sec)

+----------------------------+
| rep_activenumberavgMahe_pv |
+----------------------------+
|                         53 |
+----------------------------+
1 row in set (0.00 sec)

Query OK, 0 rows affected (0.01 sec)

Query OK, 1149 rows affected (0.12 sec)
Records: 1149  Duplicates: 0  Warnings: 0

Query OK, 0 rows affected (0.00 sec)

Query OK, 0 rows affected (0.00 sec)

Query OK, 0 rows affected (0.01 sec)

Query OK, 0 rows affected (0.00 sec)

Query OK, 0 rows affected (0.00 sec)
Statement prepared

Query OK, 40 rows affected (0.02 sec)
Records: 40  Duplicates: 0  Warnings: 0

Query OK, 0 rows affected (0.00 sec)

Query OK, 0 rows affected (0.00 sec)

+----------------------------+
| rep_activenumberavgPraslin |
+----------------------------+
|                       1149 |
+----------------------------+
1 row in set (0.00 sec)

+-------------------------------+
| rep_activenumberavgPraslin_pv |
+-------------------------------+
|                            40 |
+-------------------------------+
1 row in set (0.00 sec)

mysql> mysql \. C:\workspace\cloud\code\sql\_DailyScript\currenttime.sql
+---------------------+
| currenttime         |
+---------------------+
| 2020-01-01 12:03:18 |
+---------------------+
1 row in set (0.00 sec)

mysql> 
mysql> mysql \. C:\workspace\cloud\code\sql\_DailyScript\budget_actual_analysis_2019.sql
Query OK, 0 rows affected (0.00 sec)

Query OK, 569 rows affected, 3 warnings (0.34 sec)
Records: 569  Duplicates: 0  Warnings: 3

+--------------------+
| budget_actual_2019 |
+--------------------+
|                569 |
+--------------------+
1 row in set (0.00 sec)

Query OK, 0 rows affected (0.00 sec)

Query OK, 48 rows affected (0.03 sec)
Records: 48  Duplicates: 0  Warnings: 0

+---------------------------+
| rep_budget_actual_2019_pv |
+---------------------------+
|                        48 |
+---------------------------+
1 row in set (0.00 sec)

mysql> mysql \. C:\workspace\cloud\code\sql\_DailyScript\currenttime.sql
+---------------------+
| currenttime         |
+---------------------+
| 2020-01-01 12:03:18 |
+---------------------+
1 row in set (0.00 sec)

mysql> 
mysql> mysql \. C:\workspace\cloud\code\sql\_DailyScript\reports-sales-addons-prepaid-camera.sql
Database changed
Query OK, 0 rows affected (0.00 sec)

Query OK, 3927 rows affected (0.20 sec)
Records: 3927  Duplicates: 0  Warnings: 0

Query OK, 0 rows affected (0.00 sec)

Query OK, 17961 rows affected (20.91 sec)
Records: 17961  Duplicates: 0  Warnings: 0

+--------------------+
| rep_prepaid_camera |
+--------------------+
|               3927 |
+--------------------+
1 row in set (0.00 sec)

+-----------+
| rep_addon |
+-----------+
|     17961 |
+-----------+
1 row in set (0.01 sec)

mysql> mysql \. C:\workspace\cloud\code\sql\_DailyScript\currenttime.sql
+---------------------+
| currenttime         |
+---------------------+
| 2020-01-01 12:03:40 |
+---------------------+
1 row in set (0.00 sec)

mysql> 
mysql> mysql \. C:\workspace\cloud\code\sql\_DailyScript\housing-estate-analysis.sql
Database changed
Query OK, 0 rows affected (0.02 sec)

Query OK, 2977 rows affected (1 min 11.09 sec)
Records: 2977  Duplicates: 0  Warnings: 0

+--------------------+
| rep_housingestates |
+--------------------+
|               2977 |
+--------------------+
1 row in set (0.00 sec)

mysql> mysql \. C:\workspace\cloud\code\sql\_DailyScript\currenttime.sql
+---------------------+
| currenttime         |
+---------------------+
| 2020-01-01 12:04:51 |
+---------------------+
1 row in set (0.00 sec)

mysql> 
mysql> mysql \. C:\workspace\cloud\code\sql\_DailyScript\RCB_ClientAnalyticsReport_Script.sql
Database changed
Query OK, 0 rows affected (0.00 sec)

Query OK, 0 rows affected (0.83 sec)

Query OK, 1800677 rows affected (1 min 23.27 sec)
Records: 1800677  Duplicates: 0  Warnings: 0

Query OK, 0 rows affected (7.38 sec)
Records: 0  Duplicates: 0  Warnings: 0

Query OK, 0 rows affected (5.64 sec)
Records: 0  Duplicates: 0  Warnings: 0

Query OK, 0 rows affected (8.71 sec)
Records: 0  Duplicates: 0  Warnings: 0

Query OK, 0 rows affected (9.74 sec)
Records: 0  Duplicates: 0  Warnings: 0

Query OK, 0 rows affected (10.32 sec)
Records: 0  Duplicates: 0  Warnings: 0

Query OK, 0 rows affected (8.43 sec)
Records: 0  Duplicates: 0  Warnings: 0

Query OK, 0 rows affected (0.00 sec)

Query OK, 462862 rows affected (15.30 sec)
Rows matched: 1800677  Changed: 462862  Warnings: 0

Query OK, 0 rows affected (0.02 sec)

Query OK, 27447 rows affected (4.14 sec)
Records: 27447  Duplicates: 0  Warnings: 0

Query OK, 0 rows affected (0.05 sec)

Query OK, 43004 rows affected (10 min 14.88 sec)
Records: 43004  Duplicates: 0  Warnings: 0

Query OK, 0 rows affected (0.28 sec)
Records: 0  Duplicates: 0  Warnings: 0

Query OK, 0 rows affected (0.14 sec)
Records: 0  Duplicates: 0  Warnings: 0

Query OK, 0 rows affected (0.09 sec)
Records: 0  Duplicates: 0  Warnings: 0

Query OK, 0 rows affected (0.05 sec)

Query OK, 433950 rows affected (11 min 52.92 sec)
Records: 433950  Duplicates: 0  Warnings: 0

Query OK, 0 rows affected (1.51 sec)
Records: 0  Duplicates: 0  Warnings: 0

Query OK, 0 rows affected (1.52 sec)
Records: 0  Duplicates: 0  Warnings: 0

Query OK, 0 rows affected (0.78 sec)
Records: 0  Duplicates: 0  Warnings: 0

Query OK, 0 rows affected (2.00 sec)
Records: 0  Duplicates: 0  Warnings: 0

Query OK, 0 rows affected (1.63 sec)
Records: 0  Duplicates: 0  Warnings: 0

Query OK, 0 rows affected (0.03 sec)

Query OK, 43004 rows affected (1 min 24.99 sec)
Records: 43004  Duplicates: 0  Warnings: 0

+--------------+
| clientreport |
+--------------+
|        43004 |
+--------------+
1 row in set (0.01 sec)

Query OK, 0 rows affected (0.02 sec)

Query OK, 43004 rows affected (6.03 sec)
Records: 43004  Duplicates: 0  Warnings: 0

+----------------------+
| clientextendedreport |
+----------------------+
|                43004 |
+----------------------+
1 row in set (0.02 sec)

Query OK, 0 rows affected (0.02 sec)

Query OK, 43004 rows affected (41.70 sec)
Records: 43004  Duplicates: 0  Warnings: 0

+---------+
| allcust |
+---------+
|   43004 |
+---------+
1 row in set (0.02 sec)

Query OK, 0 rows affected, 1 warning (0.00 sec)

Query OK, 5000 rows affected (0.14 sec)
Records: 5000  Duplicates: 0  Warnings: 0

Query OK, 0 rows affected (0.02 sec)

Query OK, 6863 rows affected (0.30 sec)
Records: 6863  Duplicates: 0  Warnings: 0

Query OK, 0 rows affected, 1 warning (0.00 sec)

Query OK, 5000 rows affected (0.13 sec)
Records: 5000  Duplicates: 0  Warnings: 0

Query OK, 0 rows affected (0.00 sec)

Query OK, 7286 rows affected (0.18 sec)
Records: 7286  Duplicates: 0  Warnings: 0

mysql> mysql \. C:\workspace\cloud\code\sql\_DailyScript\currenttime.sql
+---------------------+
| currenttime         |
+---------------------+
| 2020-01-01 12:31:54 |
+---------------------+
1 row in set (0.00 sec)

mysql> 
mysql> mysql \. C:\workspace\cloud\code\sql\_DailyScript\REVENUE_PER_NODE_MXK.sql
Query OK, 0 rows affected (0.01 sec)

Query OK, 0 rows affected (0.01 sec)

Query OK, 0 rows affected (0.00 sec)

Query OK, 5388 rows affected (2.33 sec)
Records: 5388  Duplicates: 0  Warnings: 0

+----------------------+
| message              |
+----------------------+
| created temp table a |
+----------------------+
1 row in set (0.00 sec)

Query OK, 5544 rows affected (1.06 sec)
Records: 5544  Duplicates: 0  Warnings: 0

+----------------------+
| message              |
+----------------------+
| created temp table b |
+----------------------+
1 row in set (0.00 sec)

Query OK, 0 rows affected, 1 warning (0.00 sec)

Query OK, 5659 rows affected (9.78 sec)
Records: 5659  Duplicates: 0  Warnings: 0

+--------------------------------+
| message                        |
+--------------------------------+
| created rcbill_my.tempcustmxk1 |
+--------------------------------+
1 row in set (0.00 sec)

Query OK, 0 rows affected (0.00 sec)

Query OK, 0 rows affected (0.00 sec)

Query OK, 0 rows affected, 1 warning (0.00 sec)

Query OK, 5388 rows affected (1.14 sec)
Records: 5388  Duplicates: 0  Warnings: 0

+----------------+
| message        |
+----------------+
| created temp a |
+----------------+
1 row in set (0.00 sec)

Query OK, 5544 rows affected (0.52 sec)
Records: 5544  Duplicates: 0  Warnings: 0

+----------------+
| message        |
+----------------+
| created temp b |
+----------------+
1 row in set (0.00 sec)

Query OK, 0 rows affected, 1 warning (0.00 sec)

Query OK, 5635 rows affected (6.61 sec)
Records: 5635  Duplicates: 0  Warnings: 0

+--------------------------------+
| message                        |
+--------------------------------+
| created rcbill_my.tempcustmxk2 |
+--------------------------------+
1 row in set (0.00 sec)

Query OK, 0 rows affected (0.00 sec)

Query OK, 0 rows affected (0.02 sec)

Query OK, 0 rows affected, 1 warning (0.00 sec)

Query OK, 0 rows affected (0.00 sec)

Query OK, 6338 rows affected (0.27 sec)
Records: 6338  Duplicates: 0  Warnings: 0

+---------------------------------+
| message                         |
+---------------------------------+
| created rcbill_my.customers_mxk |
+---------------------------------+
1 row in set (0.00 sec)

Query OK, 0 rows affected (0.00 sec)

Query OK, 0 rows affected (0.00 sec)

Query OK, 13894 rows affected (5.43 sec)
Records: 13894  Duplicates: 0  Warnings: 0

+----------------+
| message        |
+----------------+
| created temp a |
+----------------+
1 row in set (0.00 sec)

Query OK, 20256 rows affected (1.69 sec)
Records: 20256  Duplicates: 0  Warnings: 0

+----------------+
| message        |
+----------------+
| created temp c |
+----------------+
1 row in set (0.00 sec)

Query OK, 0 rows affected, 1 warning (0.00 sec)

Query OK, 27850 rows affected (0.28 sec)
Records: 27850  Duplicates: 0  Warnings: 0

+---------------------------------+
| message                         |
+---------------------------------+
| created rcbill_my.tempcustcmts1 |
+---------------------------------+
1 row in set (0.01 sec)

Query OK, 0 rows affected (0.00 sec)

Query OK, 0 rows affected, 1 warning (0.00 sec)

Query OK, 0 rows affected (0.00 sec)

Query OK, 13894 rows affected (5.31 sec)
Records: 13894  Duplicates: 0  Warnings: 0

+----------------+
| message        |
+----------------+
| created temp a |
+----------------+
1 row in set (0.00 sec)

Query OK, 20256 rows affected (1.15 sec)
Records: 20256  Duplicates: 0  Warnings: 0

+----------------+
| message        |
+----------------+
| created temp c |
+----------------+
1 row in set (0.00 sec)

Query OK, 0 rows affected, 1 warning (0.00 sec)

Query OK, 21140 rows affected (0.24 sec)
Records: 21140  Duplicates: 0  Warnings: 0

+---------------------------------+
| message                         |
+---------------------------------+
| created rcbill_my.tempcustcmts2 |
+---------------------------------+
1 row in set (0.00 sec)

Query OK, 0 rows affected (0.02 sec)

Query OK, 0 rows affected, 1 warning (0.00 sec)

Query OK, 0 rows affected (0.00 sec)

Query OK, 0 rows affected (0.00 sec)

Query OK, 13980 rows affected (0.95 sec)
Records: 13980  Duplicates: 0  Warnings: 0

+----------------------------------+
| message                          |
+----------------------------------+
| created rcbill_my.customers_cmts |
+----------------------------------+
1 row in set (0.00 sec)

Query OK, 0 rows affected (0.00 sec)

Query OK, 0 rows affected (0.00 sec)

Query OK, 0 rows affected (0.00 sec)

Query OK, 17677 rows affected (0.75 sec)
Records: 17677  Duplicates: 0  Warnings: 0

+--------------------------------------+
| message                              |
+--------------------------------------+
| created rcbill_my.customers_cmts_mxk |
+--------------------------------------+
1 row in set (0.00 sec)

Query OK, 458874 rows affected (1 min 5.93 sec)
Records: 458874  Duplicates: 0  Warnings: 0

+----------------+
| message        |
+----------------+
| created temp a |
+----------------+
1 row in set (0.00 sec)

Query OK, 0 rows affected (0.24 sec)

Query OK, 459559 rows affected (11.97 sec)
Records: 459559  Duplicates: 0  Warnings: 0

+------------------------------------------------+
| message                                        |
+------------------------------------------------+
| created rcbill_my.customers_contracts_cmts_mxk |
+------------------------------------------------+
1 row in set (0.00 sec)

Query OK, 0 rows affected (0.01 sec)

Query OK, 0 rows affected, 1 warning (0.00 sec)

Query OK, 0 rows affected, 1 warning (0.00 sec)

Query OK, 0 rows affected (0.00 sec)

Query OK, 7998 rows affected (3.54 sec)
Rows matched: 7998  Changed: 7998  Warnings: 0

+------------------------------------------------+
| message                                        |
+------------------------------------------------+
| updated rcbill_my.customers_contracts_cmts_mxk |
+------------------------------------------------+
1 row in set (0.00 sec)

Query OK, 0 rows affected (0.04 sec)

Query OK, 1777416 rows affected (4 min 12.46 sec)
Records: 1777416  Duplicates: 0  Warnings: 0

+----------------------------------------+
| message                                |
+----------------------------------------+
| created rcbill_my.customers_collection |
+----------------------------------------+
1 row in set (0.00 sec)

Query OK, 0 rows affected (0.12 sec)

Query OK, 2048857 rows affected (2 min 14.85 sec)
Records: 2048857  Duplicates: 0  Warnings: 0

+------------------------------------------------+
| message                                        |
+------------------------------------------------+
| created rcbill_my.customers_cmts_mxk_cont_coll |
+------------------------------------------------+
1 row in set (0.01 sec)

Query OK, 0 rows affected (0.13 sec)

Query OK, 55465 rows affected (14.43 sec)
Records: 55465  Duplicates: 0  Warnings: 0

+------------------------------------------------------------+
| message                                                    |
+------------------------------------------------------------+
| created rcbill_my.customers_contracts_collection_pivot2019 |
+------------------------------------------------------------+
1 row in set (0.00 sec)

Query OK, 0 rows affected (0.05 sec)

Query OK, 20502 rows affected (12.88 sec)
Records: 20502  Duplicates: 0  Warnings: 0

+--------------------------------------------------+
| message                                          |
+--------------------------------------------------+
| created rcbill_my.customers_collection_pivot2019 |
+--------------------------------------------------+
1 row in set (0.00 sec)

Query OK, 0 rows affected (0.03 sec)

Query OK, 43004 rows affected (1.25 sec)
Records: 43004  Duplicates: 0  Warnings: 0

+------------------------------------------------+
| message                                        |
+------------------------------------------------+
| created rcbill_my.rep_customers_collection2019 |
+------------------------------------------------+
1 row in set (0.00 sec)

Query OK, 0 rows affected (0.00 sec)

Query OK, 0 rows affected, 1 warning (0.02 sec)

Query OK, 427736 rows affected (19.79 sec)
Records: 427736  Duplicates: 0  Warnings: 0

+-------------------------+
| message                 |
+-------------------------+
| created rcbill_my.tempa |
+-------------------------+
1 row in set (0.00 sec)

Query OK, 0 rows affected, 1 warning (0.00 sec)

Query OK, 104562 rows affected (12.14 sec)
Records: 104562  Duplicates: 0  Warnings: 0

+-------------------------+
| message                 |
+-------------------------+
| created rcbill_my.tempb |
+-------------------------+
1 row in set (0.00 sec)

Query OK, 427736 rows affected (9.22 sec)
Records: 427736  Duplicates: 0  Warnings: 0

+-----------+
| message   |
+-----------+
| created a |
+-----------+
1 row in set (0.00 sec)

Query OK, 104576 rows affected (6.36 sec)
Records: 104576  Duplicates: 0  Warnings: 0

+-----------+
| message   |
+-----------+
| created b |
+-----------+
1 row in set (0.00 sec)

Query OK, 0 rows affected (0.08 sec)

Query OK, 0 rows affected (0.02 sec)

Query OK, 0 rows affected (0.04 sec)

Query OK, 430764 rows affected (26.29 sec)
Records: 430764  Duplicates: 0  Warnings: 0

+----------------------------------------------+
| message                                      |
+----------------------------------------------+
| created rcbill_my.cust_cont_payment_cmts_mxk |
+----------------------------------------------+
1 row in set (0.00 sec)

Query OK, 0 rows affected (0.01 sec)

Query OK, 0 rows affected (0.00 sec)

Query OK, 0 rows affected, 1 warning (0.00 sec)

Query OK, 0 rows affected (0.00 sec)

Query OK, 43004 rows affected (12.06 sec)
Records: 43004  Duplicates: 0  Warnings: 0

+--------------------------------------------------+
| message                                          |
+--------------------------------------------------+
| created rcbill_my.rep_cust_cont_payment_cmts_mxk |
+--------------------------------------------------+
1 row in set (0.00 sec)

Query OK, 0 rows affected, 1 warning (0.00 sec)

Query OK, 0 rows affected, 1 warning (0.00 sec)

Query OK, 0 rows affected (0.03 sec)

Query OK, 43004 rows affected, 5 warnings (7.91 sec)
Records: 43004  Duplicates: 0  Warnings: 5

+----------------------+
| rep_custconsolidated |
+----------------------+
|                43004 |
+----------------------+
1 row in set (0.03 sec)

Query OK, 0 rows affected (0.00 sec)

Query OK, 0 rows affected (0.01 sec)

+----------------------------------------------+
| message                                      |
+----------------------------------------------+
| creating rcbill_my.retentioncustomeractivity |
+----------------------------------------------+
1 row in set (0.00 sec)

Query OK, 906 rows affected (0.08 sec)
Records: 906  Duplicates: 0  Warnings: 0

+---------------------------+
| retentioncustomeractivity |
+---------------------------+
|                       906 |
+---------------------------+
1 row in set (0.00 sec)

+-----------+------------------------------------+------------+-------------+-----------------+------------------+---------------------+-------------------+
| HFC_NODE  | NODENAME                           | CMTS_DATE  | INSERTED_ON | UNIQUE_ACCOUNTS | UNIQUE_CONTRACTS | UNIQUE_MAC_INRCBOSS | UNIQUE_MAC_INCMTS |
+-----------+------------------------------------+------------+-------------+-----------------+------------------+---------------------+-------------------+
| NULL      | NULL                               | NULL       | 2020-01-01  |            6382 |             6720 |                6747 |                 0 |
| C5/0/0/U0 | ANSE-BOILEAU-2                     | 2019-12-11 | 2020-01-01  |             169 |              173 |                 169 |               169 |
| C5/0/0/U1 | 500-C3-ANSE-BOILEAU                | 2019-12-11 | 2020-01-01  |             178 |              183 |                 178 |               179 |
| C5/0/1/U0 | 501-C4-LA-MISIERE-LEFT-I           | 2019-12-11 | 2020-01-01  |             147 |              156 |                 147 |               148 |
| C5/0/1/U1 | 501-C5-LA-MISIERE-RIGHT            | 2019-12-11 | 2020-01-01  |             105 |              108 |                 105 |               106 |
| C5/0/1/U2 | 501-C7-LA-MISIERE-LEFT-II          | 2019-12-11 | 2020-01-01  |             146 |              151 |                 145 |               149 |
| C5/0/2/U0 | 502-C8-LA-LOUISE                   | 2019-12-11 | 2020-01-01  |             140 |              141 |                 140 |               141 |
| C5/0/2/U1 | LA-LOUISE-2                        | 2019-12-11 | 2020-01-01  |             135 |              138 |                 135 |               137 |
| C5/0/3/U0 | 504-C6-PETIT-PARIS                 | 2019-12-11 | 2020-01-01  |             118 |              120 |                 118 |               121 |
| C5/0/3/U1 | PETIT-PARIS-23                     | 2019-12-11 | 2020-01-01  |             108 |              111 |                 108 |               110 |
| C5/0/4/U0 | FOUR-SEASONS                       | 2019-12-11 | 2020-01-01  |               3 |                3 |                   3 |                 3 |
| C5/0/4/U1 | ANCHOR-CAFE-I                      | 2019-12-11 | 2020-01-01  |             148 |              152 |                 148 |               151 |
| C5/0/4/U2 | ANCHOR-CAFE-II                     | 2019-12-11 | 2020-01-01  |             140 |              142 |                 140 |               141 |
| C5/1/0/U0 | POINTE-LARUE-AIRPORT-23            | 2019-12-11 | 2020-01-01  |              98 |              102 |                 100 |               102 |
| C5/1/0/U1 | PPROVIDENCE-23                     | 2019-12-11 | 2020-01-01  |              21 |               24 |                  22 |                22 |
| C5/1/0/U2 | ROSHE-CAIMAN-23                    | 2019-12-11 | 2020-01-01  |              10 |               11 |                  10 |                10 |
| C5/1/0/U3 | HEAD-OFFICE | HO-23                | 2019-12-11 | 2020-01-01  |              31 |               32 |                  31 |                31 |
| C5/1/1/U1 | C5-UNION-VALE                      | 2019-12-11 | 2020-01-01  |             187 |              192 |                 187 |               190 |
| C5/1/3/U0 | POINTE-LARUE-AIRPORT-27            | 2019-12-11 | 2020-01-01  |             139 |              143 |                 139 |               144 |
| C5/1/3/U1 | PPROVIDENCE-27                     | 2019-12-11 | 2020-01-01  |              29 |               29 |                  29 |                29 |
| C5/1/3/U2 | ROSHE-CAIMAN-27                    | 2019-12-11 | 2020-01-01  |              26 |               26 |                  26 |                27 |
| C5/1/3/U3 | HEAD-OFFICE | HO-27                | 2019-12-11 | 2020-01-01  |              14 |               15 |                  14 |                15 |
| C5/1/4/U0 | ANSE-ROYALE-27                     | 2019-12-11 | 2020-01-01  |              85 |               87 |                  85 |                85 |
| C5/1/4/U1 | GLACIS-2-57                        | 2019-12-11 | 2020-01-01  |             102 |              107 |                 102 |               104 |
| C5/1/4/U2 | NULL                               | 2019-12-11 | 2020-01-01  |              97 |               99 |                  97 |               100 |
| C5/1/4/U3 | GLACIS-1                           | 2019-12-11 | 2020-01-01  |              50 |               52 |                  50 |                50 |
| C6/0/1/U0 | SERRET-ROAD-RIGHT/CURIO/PASCAL     | 2019-12-11 | 2020-01-01  |             121 |              123 |                 121 |               121 |
| C6/0/1/U1 | SERRET-ROAD-LEFT/ST.LOUIS/TOWN     | 2019-12-11 | 2020-01-01  |             147 |              154 |                 147 |               148 |
| C6/0/1/U2 | SERRET-ROAD-RIGHT/CURIO/PASCAL-2   | 2019-12-11 | 2020-01-01  |             116 |              117 |                 116 |               116 |
| C6/0/1/U3 | SERRET-ROAD-LEFT/ST.LOUIS/TOWN-2   | 2019-12-11 | 2020-01-01  |             140 |              142 |                 140 |               143 |
| C6/0/2/U0 | SANS-SOUCIS-I                      | 2019-12-11 | 2020-01-01  |             141 |              145 |                 141 |               146 |
| C6/0/2/U1 | SANS-SOUCIS-II                     | 2019-12-11 | 2020-01-01  |              88 |               92 |                  87 |                88 |
| C6/0/2/U2 | BEL-AIR-27                         | 2019-12-11 | 2020-01-01  |             118 |              123 |                 118 |               123 |
| C6/0/2/U3 | BEL-AIR-38                         | 2019-12-11 | 2020-01-01  |              77 |               79 |                  77 |                77 |
| C6/0/3/U0 | LES-MAMELLES-23                    | 2019-12-11 | 2020-01-01  |             104 |              104 |                 104 |               105 |
| C6/0/3/U1 | VICTORIA-23                        | 2019-12-11 | 2020-01-01  |              30 |               34 |                  33 |                35 |
| C6/0/4/U0 | LES-MAMELLES-27                    | 2019-12-11 | 2020-01-01  |              44 |               44 |                  44 |                44 |
| C6/0/4/U1 | VICTORIA-27                        | 2019-12-11 | 2020-01-01  |              20 |               20 |                  20 |                21 |
| C7/1/0/U0 | LA-RETRAITE-23                     | 2019-12-11 | 2020-01-01  |             103 |              105 |                 103 |               103 |
| C7/1/0/U1 | TEA-FACTORY-23                     | 2019-12-11 | 2020-01-01  |              20 |               26 |                  21 |                21 |
| C7/1/0/U2 | PAS-23                             | 2019-12-11 | 2020-01-01  |              77 |               78 |                  77 |                77 |
| C7/1/1/U0 | REEF-ESTATE-23                     | 2019-12-11 | 2020-01-01  |              77 |               78 |                  77 |                78 |
| C7/1/1/U1 | BEL-OMBRE-NEW-23                   | 2019-12-11 | 2020-01-01  |               3 |                3 |                   3 |                 4 |
| C7/1/2/U0 | LA-RETRAITE-27                     | 2019-12-11 | 2020-01-01  |              84 |               88 |                  84 |                85 |
| C7/1/2/U1 | TEA-FACTORY-27                     | 2019-12-11 | 2020-01-01  |              24 |               26 |                  25 |                28 |
| C7/1/2/U2 | PAS-27                             | 2019-12-11 | 2020-01-01  |             120 |              124 |                 121 |               124 |
| C7/1/3/U0 | MT-BUXTON-27                       | 2019-12-11 | 2020-01-01  |             152 |              154 |                 152 |               154 |
| C7/1/3/U1 | MT-BUXTON-23                       | 2019-12-11 | 2020-01-01  |              71 |               72 |                  71 |                71 |
| C7/1/4/U0 | REEF-ESTATE-27                     | 2019-12-11 | 2020-01-01  |              69 |               69 |                  69 |                69 |
| C7/1/4/U1 | BEL-OMBRE-NEW-27                   | 2019-12-11 | 2020-01-01  |               6 |                6 |                   6 |                 6 |
| C8/0/0/U0 | POLICE-ACADEMY-1-27 - POINTE LARUE | 2019-12-11 | 2020-01-01  |             217 |              220 |                 216 |               216 |
| C8/0/0/U1 | NULL                               | 2019-12-11 | 2020-01-01  |             105 |              110 |                 105 |               107 |
| C8/0/1/U0 | NULL                               | 2019-12-11 | 2020-01-01  |             154 |              154 |                 154 |               156 |
| C8/0/1/U1 | POLICE-ACADEMY-2-27 - TURTLE BAY   | 2019-12-11 | 2020-01-01  |             150 |              152 |                 151 |               155 |
| C8/0/2/U0 | BEAU-VALLON-LEFT-1-57              | 2019-12-11 | 2020-01-01  |              76 |               80 |                  77 |                78 |
| C8/0/3/U1 | BEAU-VALLON-RIGHT-2-57             | 2019-12-11 | 2020-01-01  |             168 |              175 |                 168 |               170 |
| C8/1/0/U0 | MA-JOIE-NODE-27                    | 2019-12-11 | 2020-01-01  |             115 |              117 |                 114 |               114 |
| C8/1/0/U1 | BELONIE-27                         | 2019-12-11 | 2020-01-01  |             148 |              151 |                 147 |               147 |
| C8/1/0/U3 | MA-JOIE-NODE-23                    | 2019-12-11 | 2020-01-01  |             108 |              110 |                 108 |               108 |
| C8/1/1/U0 | 611-C1-ROJN I                      | 2019-12-11 | 2020-01-01  |             128 |              130 |                 128 |               129 |
| C8/1/1/U1 | 611-C5-ROJN II                     | 2019-12-11 | 2020-01-01  |             108 |              108 |                 108 |               109 |
| C8/1/2/U0 | 612-C2-ANSE-ETOILE                 | 2019-12-11 | 2020-01-01  |             150 |              154 |                 150 |               152 |
| C8/1/2/U1 | ANSE-ETOILE-U2                     | 2019-12-11 | 2020-01-01  |              77 |               79 |                  77 |                77 |
| C8/1/3/U0 | 613-C3-ANSE-GAULETTE I             | 2019-12-11 | 2020-01-01  |              68 |               74 |                  68 |                69 |
| C8/1/3/U1 | 613-C7-ANSE-GAULETTE II            | 2019-12-11 | 2020-01-01  |              68 |               72 |                  69 |                69 |
| C8/1/3/U2 | 613-C3-ANSE-GAULETTE III           | 2019-12-11 | 2020-01-01  |              34 |               38 |                  34 |                34 |
| C8/1/3/U3 | TAKAMAKA I                         | 2019-12-11 | 2020-01-01  |              98 |              101 |                  98 |                98 |
| C8/1/3/U4 | TAKAMAKA II                        | 2019-12-11 | 2020-01-01  |             108 |              109 |                 108 |               108 |
| C8/1/4/U0 | 614-BEOLIERE-NODE-1                | 2019-12-11 | 2020-01-01  |              86 |               89 |                  87 |                89 |
| C8/1/4/U1 | 614-BEOLIERE-NODE-2                | 2019-12-11 | 2020-01-01  |             107 |              112 |                 107 |               109 |
+-----------+------------------------------------+------------+-------------+-----------------+------------------+---------------------+-------------------+
70 rows in set (0.17 sec)

+------------------+------------+-------------+-----------------+------------------+----------------------+-------------------+
| MXK_NAME         | MXK_DATE   | INSERTED_ON | UNIQUE_ACCOUNTS | UNIQUE_CONTRACTS | UNIQUE_FSAN_INRCBOSS | UNIQUE_FSAN_INMXK |
+------------------+------------+-------------+-----------------+------------------+----------------------+-------------------+
| NULL             | NULL       | 2020-01-01  |             690 |              700 |                  689 |                 0 |
| MXK-ANSEETOILE   | 2019-12-11 | 2020-01-01  |             192 |              195 |                  195 |               207 |
| MXK-ANSEROYALE   | 2019-12-11 | 2020-01-01  |             145 |              145 |                  145 |               163 |
| MXK-BEAUVALLON   | 2019-12-11 | 2020-01-01  |            1219 |             1237 |                 1229 |              1285 |
| MXK-MAHE         | 2019-12-11 | 2020-01-01  |             910 |              938 |                  873 |              1109 |
| MXK-PERSEVERANCE | 2019-12-11 | 2020-01-01  |            1021 |             1028 |                 1027 |              1175 |
| MXK-PRASLIN      | 2019-12-11 | 2020-01-01  |            1206 |             1209 |                 1201 |              1349 |
+------------------+------------+-------------+-----------------+------------------+----------------------+-------------------+
7 rows in set (0.10 sec)

mysql> mysql \. C:\workspace\cloud\code\sql\_DailyScript\currenttime.sql
+---------------------+
| currenttime         |
+---------------------+
| 2020-01-01 12:42:24 |
+---------------------+
1 row in set (0.00 sec)

mysql> 
mysql> mysql \. C:\workspace\cloud\code\sql\Analysis\service_tickets_assignments.sql
Query OK, 0 rows affected (0.03 sec)

Query OK, 98857 rows affected (18.10 sec)
Records: 98857  Duplicates: 0  Warnings: 0

+-------------------------+
| rep_servicetickets_2019 |
+-------------------------+
|                   98857 |
+-------------------------+
1 row in set (1.56 sec)

mysql> mysql \. C:\workspace\cloud\code\sql\_DailyScript\currenttime.sql
+---------------------+
| currenttime         |
+---------------------+
| 2020-01-01 12:42:44 |
+---------------------+
1 row in set (0.00 sec)

mysql> 
mysql> 
mysql> exit
