    -> 
    -> mysql \. C:\workspace\cloud\code\sql\_DailyScript\_setdates.sql
Database changed
Query OK, 0 rows affected (0.00 sec)

Query OK, 0 rows affected (0.00 sec)

Query OK, 0 rows affected (0.00 sec)

Query OK, 0 rows affected (0.00 sec)

Query OK, 0 rows affected (0.00 sec)

Query OK, 0 rows affected (0.00 sec)

Query OK, 0 rows affected (0.00 sec)

Query OK, 0 rows affected (0.00 sec)

Query OK, 0 rows affected (0.00 sec)

Query OK, 0 rows affected (0.00 sec)

Query OK, 0 rows affected (0.00 sec)

Query OK, 0 rows affected (0.00 sec)

Query OK, 0 rows affected (0.00 sec)

Query OK, 0 rows affected (0.00 sec)

Query OK, 0 rows affected (0.00 sec)

Query OK, 0 rows affected (0.00 sec)

Query OK, 0 rows affected (0.00 sec)

Query OK, 0 rows affected (0.00 sec)

Query OK, 0 rows affected (0.00 sec)

Query OK, 0 rows affected (0.00 sec)

Query OK, 0 rows affected (0.00 sec)

mysql> mysql \. C:\workspace\cloud\code\sql\_DailyScript\currenttime.sql
+---------------------+
| currenttime         |
+---------------------+
| 2019-07-29 08:18:20 |
+---------------------+
1 row in set (0.00 sec)

mysql> 
mysql> mysql \. C:\workspace\cloud\code\sql\_DailyScript\load_RCB_VODTITLES.sql
Database changed
Query OK, 0 rows affected (0.00 sec)

Query OK, 5800 rows affected (0.32 sec)

Query OK, 5804 rows affected, 5804 warnings (0.15 sec)
Records: 5804  Deleted: 0  Skipped: 0  Warnings: 5804

Query OK, 0 rows affected (0.00 sec)

Query OK, 2 rows affected (0.01 sec)

+-----------+
| VODTITLES |
+-----------+
|      6262 |
+-----------+
1 row in set (0.00 sec)

+-----------+-----------+
| titletype | typecount |
+-----------+-----------+
| E         |      4521 |
| N         |       165 |
| T         |      1116 |
| NULL      |      5802 |
+-----------+-----------+
4 rows in set (0.03 sec)

mysql> mysql \. C:\workspace\cloud\code\sql\_DailyScript\currenttime.sql
+---------------------+
| currenttime         |
+---------------------+
| 2019-07-29 08:18:21 |
+---------------------+
1 row in set (0.00 sec)

mysql> 
mysql> mysql \. C:\workspace\cloud\code\sql\_DailyScript\DAILY-SCRIPT-LIVETV-STATS.sql
Database changed
Query OK, 0 rows affected (0.05 sec)

Query OK, 67322 rows affected (1.31 sec)
Records: 67322  Duplicates: 0  Warnings: 0

+------------+------------+----------+--------------+--------------+-----------+-------------+----------+--------+------+------------+---------+---------------+
| Table      | Non_unique | Key_name | Seq_in_index | Column_name  | Collation | Cardinality | Sub_part | Packed | Null | Index_type | Comment | Index_comment |
+------------+------------+----------+--------------+--------------+-----------+-------------+----------+--------+------+------------+---------+---------------+
| templivetv |          1 | idxtv1   |            1 | device       | A         |       67530 |     NULL | NULL   | YES  | BTREE      |         |               |
| templivetv |          1 | idxtv2   |            1 | sessionstart | A         |       67530 |     NULL | NULL   | YES  | BTREE      |         |               |
+------------+------------+----------+--------------+--------------+-----------+-------------+----------+--------+------+------------+---------+---------------+
2 rows in set (0.00 sec)

Query OK, 67250 rows affected (37.91 sec)
Records: 67250  Duplicates: 0  Warnings: 0

Query OK, 2730 rows affected (1.11 sec)
Records: 2730  Duplicates: 0  Warnings: 0

Query OK, 0 rows affected (0.00 sec)

Query OK, 0 rows affected (0.02 sec)

Query OK, 146 rows affected (0.14 sec)
Records: 146  Duplicates: 0  Warnings: 0

Query OK, 0 rows affected (0.04 sec)

Query OK, 81407 rows affected (22 min 38.98 sec)
Records: 81407  Duplicates: 0  Warnings: 0

+-----------------+
| rep_livetvstats |
+-----------------+
|           81407 |
+-----------------+
1 row in set (0.03 sec)

mysql> mysql \. C:\workspace\cloud\code\sql\_DailyScript\currenttime.sql
+---------------------+
| currenttime         |
+---------------------+
| 2019-07-29 08:41:41 |
+---------------------+
1 row in set (0.00 sec)

mysql> 
mysql> mysql \. C:\workspace\cloud\code\sql\_DailyScript\DAILY-SCRIPT-VODTS-STATS.sql
Database changed
Query OK, 0 rows affected (0.03 sec)

Query OK, 2743 rows affected (55.94 sec)
Records: 2743  Duplicates: 0  Warnings: 0

+---------+------------+----------+--------------+--------------+-----------+-------------+----------+--------+------+------------+---------+---------------+
| Table   | Non_unique | Key_name | Seq_in_index | Column_name  | Collation | Cardinality | Sub_part | Packed | Null | Index_type | Comment | Index_comment |
+---------+------------+----------+--------------+--------------+-----------+-------------+----------+--------+------+------------+---------+---------------+
| tempvod |          1 | idxtvod1 |            1 | device       | A         |        2899 |     NULL | NULL   | YES  | BTREE      |         |               |
| tempvod |          1 | idxtvod2 |            1 | sessionstart | A         |        2899 |     NULL | NULL   | YES  | BTREE      |         |               |
+---------+------------+----------+--------------+--------------+-----------+-------------+----------+--------+------+------------+---------+---------------+
2 rows in set (0.00 sec)

Query OK, 2740 rows affected (3.35 sec)
Records: 2740  Duplicates: 0  Warnings: 0

Query OK, 0 rows affected (0.01 sec)

Query OK, 271504 rows affected (29.86 sec)
Records: 271504  Duplicates: 0  Warnings: 0

+--------------+
| rep_vodstats |
+--------------+
|       271504 |
+--------------+
1 row in set (0.09 sec)

Database changed
Query OK, 0 rows affected (0.01 sec)

Query OK, 11630 rows affected (5 min 44.96 sec)
Records: 11630  Duplicates: 0  Warnings: 0

+--------+------------+----------+--------------+--------------+-----------+-------------+----------+--------+------+------------+---------+---------------+
| Table  | Non_unique | Key_name | Seq_in_index | Column_name  | Collation | Cardinality | Sub_part | Packed | Null | Index_type | Comment | Index_comment |
+--------+------------+----------+--------------+--------------+-----------+-------------+----------+--------+------+------------+---------+---------------+
| tempts |          1 | idxtts1  |            1 | device       | A         |       11754 |     NULL | NULL   | YES  | BTREE      |         |               |
| tempts |          1 | idxtts2  |            1 | sessionstart | A         |       11754 |     NULL | NULL   | YES  | BTREE      |         |               |
+--------+------------+----------+--------------+--------------+-----------+-------------+----------+--------+------+------------+---------+---------------+
2 rows in set (0.00 sec)

Query OK, 11625 rows affected (20.56 sec)
Records: 11625  Duplicates: 0  Warnings: 0

Query OK, 0 rows affected (0.12 sec)

Query OK, 22255 rows affected (6 min 37.14 sec)
Records: 22255  Duplicates: 0  Warnings: 0

+-------------+
| rep_tsstats |
+-------------+
|       22255 |
+-------------+
1 row in set (0.01 sec)

mysql> mysql \. C:\workspace\cloud\code\sql\_DailyScript\currenttime.sql
+---------------------+
| currenttime         |
+---------------------+
| 2019-07-29 08:55:53 |
+---------------------+
1 row in set (0.00 sec)

mysql> 
mysql> mysql \. C:\workspace\cloud\code\sql\_DailyScript\DAILY-SCRIPT-RADIO-STATS.sql
Database changed
Query OK, 0 rows affected (0.13 sec)

Query OK, 165037 rows affected (9.41 sec)
Records: 165037  Duplicates: 0  Warnings: 0

+-----------+------------+----------+--------------+--------------+-----------+-------------+----------+--------+------+------------+---------+---------------+
| Table     | Non_unique | Key_name | Seq_in_index | Column_name  | Collation | Cardinality | Sub_part | Packed | Null | Index_type | Comment | Index_comment |
+-----------+------------+----------+--------------+--------------+-----------+-------------+----------+--------+------+------------+---------+---------------+
| tempradio |          1 | idxtrad1 |            1 | device       | A         |      165571 |     NULL | NULL   | YES  | BTREE      |         |               |
| tempradio |          1 | idxtrad2 |            1 | sessionstart | A         |      165571 |     NULL | NULL   | YES  | BTREE      |         |               |
+-----------+------------+----------+--------------+--------------+-----------+-------------+----------+--------+------+------------+---------+---------------+
2 rows in set (0.00 sec)

Query OK, 168 rows affected (48.49 sec)
Records: 168  Duplicates: 0  Warnings: 0

Query OK, 0 rows affected (0.56 sec)

Query OK, 3044 rows affected (0.74 sec)
Records: 3044  Duplicates: 0  Warnings: 0

+----------------+
| rep_radiostats |
+----------------+
|           3044 |
+----------------+
1 row in set (0.02 sec)

mysql> mysql \. C:\workspace\cloud\code\sql\_DailyScript\currenttime.sql
+---------------------+
| currenttime         |
+---------------------+
| 2019-07-29 08:56:52 |
+---------------------+
1 row in set (0.00 sec)

mysql> 
mysql> mysql \. C:\workspace\cloud\code\sql\_DailyScript\DAILY_SCRIPT_TELEMETRY_PIVOT.sql
Query OK, 0 rows affected (0.52 sec)

Query OK, 147 rows affected (2.87 sec)
Records: 147  Duplicates: 0  Warnings: 0

Query OK, 0 rows affected (0.04 sec)

Query OK, 4881 rows affected (2.07 sec)
Records: 4881  Duplicates: 0  Warnings: 0

Query OK, 0 rows affected (0.04 sec)

Query OK, 6 rows affected (0.35 sec)
Records: 6  Duplicates: 0  Warnings: 0

Query OK, 0 rows affected (0.09 sec)

Query OK, 55 rows affected (0.18 sec)
Records: 55  Duplicates: 0  Warnings: 0

mysql> mysql \. C:\workspace\cloud\code\sql\_DailyScript\currenttime.sql
+---------------------+
| currenttime         |
+---------------------+
| 2019-07-29 08:56:58 |
+---------------------+
1 row in set (0.01 sec)

mysql> 
mysql> mysql \. C:\workspace\cloud\code\sql\_DailyScript\telemetry_livetv_ranking2019.sql
Query OK, 0 rows affected (0.02 sec)

Query OK, 147 rows affected (0.17 sec)
Records: 147  Duplicates: 0  Warnings: 0

mysql> mysql \. C:\workspace\cloud\code\sql\_DailyScript\currenttime.sql
+---------------------+
| currenttime         |
+---------------------+
| 2019-07-29 08:56:59 |
+---------------------+
1 row in set (0.00 sec)

mysql> 
mysql> mysql \. C:\workspace\cloud\code\sql\_DailyScript\telemetry_radio_ranking2019.sql
Query OK, 0 rows affected (0.11 sec)

Query OK, 6 rows affected (0.21 sec)
Records: 6  Duplicates: 0  Warnings: 0

mysql> mysql \. C:\workspace\cloud\code\sql\_DailyScript\currenttime.sql
+---------------------+
| currenttime         |
+---------------------+
| 2019-07-29 08:56:59 |
+---------------------+
1 row in set (0.00 sec)

mysql> 
mysql> mysql \. C:\workspace\cloud\code\sql\_DailyScript\telemetry_ts_ranking2019.sql
Query OK, 0 rows affected (0.01 sec)

Query OK, 55 rows affected (0.35 sec)
Records: 55  Duplicates: 0  Warnings: 0

mysql> mysql \. C:\workspace\cloud\code\sql\_DailyScript\currenttime.sql
+---------------------+
| currenttime         |
+---------------------+
| 2019-07-29 08:56:59 |
+---------------------+
1 row in set (0.01 sec)

mysql> 
mysql> mysql \. C:\workspace\cloud\code\sql\_DailyScript\telemetry_vod_ranking2019.sql
Query OK, 0 rows affected (0.05 sec)

Query OK, 4881 rows affected (0.50 sec)
Records: 4881  Duplicates: 0  Warnings: 0

mysql> mysql \. C:\workspace\cloud\code\sql\_DailyScript\currenttime.sql
+---------------------+
| currenttime         |
+---------------------+
| 2019-07-29 08:57:00 |
+---------------------+
1 row in set (0.00 sec)

mysql> 
mysql> mysql \. C:\workspace\cloud\code\sql\_DailyScript\telemetry_vod_ranking2019_1.sql
Query OK, 0 rows affected (0.06 sec)

Query OK, 4881 rows affected (0.41 sec)
Records: 4881  Duplicates: 0  Warnings: 0

mysql> mysql \. C:\workspace\cloud\code\sql\_DailyScript\currenttime.sql
+---------------------+
| currenttime         |
+---------------------+
| 2019-07-29 08:57:00 |
+---------------------+
1 row in set (0.00 sec)

mysql> 
mysql> mysql \. C:\workspace\cloud\code\sql\_DailyScript\telemetry_vod_ranking2019_2.sql
Query OK, 0 rows affected (0.03 sec)

Query OK, 4881 rows affected (1.06 sec)
Records: 4881  Duplicates: 0  Warnings: 0

mysql> mysql \. C:\workspace\cloud\code\sql\_DailyScript\currenttime.sql
+---------------------+
| currenttime         |
+---------------------+
| 2019-07-29 08:57:01 |
+---------------------+
1 row in set (0.00 sec)

mysql> 
mysql> mysql \. C:\workspace\cloud\code\sql\_DailyScript\DAILY-SCRIPT-CREATE-LOAD.sql
Database changed
Database changed
Query OK, 0 rows affected (0.25 sec)

Query OK, 0 rows affected (0.08 sec)

Database changed
Query OK, 65483 rows affected (3.20 sec)
Records: 65483  Deleted: 0  Skipped: 0  Warnings: 0

Query OK, 0 rows affected (0.30 sec)
Records: 0  Duplicates: 0  Warnings: 0

Query OK, 0 rows affected (0.96 sec)
Records: 0  Duplicates: 0  Warnings: 0

Query OK, 0 rows affected (0.50 sec)
Records: 0  Duplicates: 0  Warnings: 0

Query OK, 0 rows affected (0.53 sec)
Records: 0  Duplicates: 0  Warnings: 0

+---------+
| clients |
+---------+
|   65483 |
+---------+
1 row in set (0.09 sec)

Query OK, 0 rows affected (0.10 sec)

Query OK, 2081 rows affected (0.73 sec)
Records: 2081  Duplicates: 0  Warnings: 0

+-------------------+
| rcb_clientparcels |
+-------------------+
|              2081 |
+-------------------+
1 row in set (0.00 sec)

Query OK, 0 rows affected (0.07 sec)

Query OK, 85072 rows affected (4.68 sec)
Records: 85072  Duplicates: 0  Warnings: 0

Query OK, 0 rows affected (0.70 sec)
Records: 0  Duplicates: 0  Warnings: 0

Query OK, 0 rows affected (0.84 sec)

Query OK, 65483 rows affected (4.75 sec)
Records: 65483  Duplicates: 0  Warnings: 0

Query OK, 0 rows affected (0.54 sec)
Records: 0  Duplicates: 0  Warnings: 0

Query OK, 0 rows affected (0.47 sec)
Records: 0  Duplicates: 0  Warnings: 0

Query OK, 0 rows affected (0.41 sec)
Records: 0  Duplicates: 0  Warnings: 0

+---------------+
| clientaddress |
+---------------+
|         65483 |
+---------------+
1 row in set (0.07 sec)

Database changed
Query OK, 0 rows affected (0.08 sec)

Query OK, 0 rows affected (0.10 sec)

Database changed
Query OK, 481951 rows affected, 65535 warnings (32.72 sec)
Records: 481951  Deleted: 0  Skipped: 0  Warnings: 188208

Query OK, 0 rows affected (8.43 sec)
Records: 0  Duplicates: 0  Warnings: 0

Query OK, 0 rows affected (7.69 sec)
Records: 0  Duplicates: 0  Warnings: 0

Query OK, 0 rows affected (2.60 sec)
Records: 0  Duplicates: 0  Warnings: 0

Query OK, 0 rows affected (0.07 sec)

Query OK, 481951 rows affected (1 min 1.64 sec)
Records: 481951  Duplicates: 0  Warnings: 0

Query OK, 0 rows affected (5.66 sec)
Records: 0  Duplicates: 0  Warnings: 0

Query OK, 0 rows affected (3.60 sec)
Records: 0  Duplicates: 0  Warnings: 0

+-----------+
| contracts |
+-----------+
|    481951 |
+-----------+
1 row in set (0.23 sec)

+-----------------+
| contractaddress |
+-----------------+
|          481951 |
+-----------------+
1 row in set (0.52 sec)

Database changed
Query OK, 0 rows affected (0.14 sec)

Query OK, 0 rows affected (0.07 sec)

Query OK, 6683 rows affected (0.71 sec)
Records: 6683  Deleted: 0  Skipped: 0  Warnings: 0

Query OK, 0 rows affected (0.03 sec)

Query OK, 6652 rows affected (3.94 sec)
Records: 6652  Duplicates: 0  Warnings: 0

Query OK, 0 rows affected (0.74 sec)
Records: 0  Duplicates: 0  Warnings: 0

Query OK, 0 rows affected (0.34 sec)

Query OK, 5467 rows affected (0.61 sec)
Records: 5467  Duplicates: 0  Warnings: 0

Query OK, 0 rows affected (0.22 sec)
Records: 0  Duplicates: 0  Warnings: 0

+-------------------+
| contractdiscounts |
+-------------------+
|              6683 |
+-------------------+
1 row in set (0.00 sec)

+-------------------------+
| clientcontractdiscounts |
+-------------------------+
|                    6652 |
+-------------------------+
1 row in set (0.02 sec)

+----------------------------+
| clientcontractlastdiscount |
+----------------------------+
|                       5467 |
+----------------------------+
1 row in set (0.01 sec)

Database changed
Query OK, 0 rows affected (0.30 sec)

Query OK, 0 rows affected (0.19 sec)

Database changed
Query OK, 129570 rows affected (6.61 sec)
Records: 129570  Deleted: 0  Skipped: 0  Warnings: 0

Query OK, 0 rows affected (0.75 sec)
Records: 0  Duplicates: 0  Warnings: 0

Query OK, 0 rows affected (1.13 sec)
Records: 0  Duplicates: 0  Warnings: 0

Query OK, 0 rows affected (1.21 sec)
Records: 0  Duplicates: 0  Warnings: 0

Query OK, 0 rows affected (0.61 sec)
Records: 0  Duplicates: 0  Warnings: 0

Query OK, 0 rows affected (1.56 sec)
Records: 0  Duplicates: 0  Warnings: 0

Query OK, 0 rows affected (2.04 sec)
Records: 0  Duplicates: 0  Warnings: 0

Query OK, 0 rows affected (0.43 sec)

Query OK, 1644601 rows affected (5 min 29.05 sec)
Records: 1644601  Duplicates: 0  Warnings: 0

+---------+
| devices |
+---------+
|  129570 |
+---------+
1 row in set (0.06 sec)

+-----------------------+
| clientcontractdevices |
+-----------------------+
|               1644601 |
+-----------------------+
1 row in set (1.97 sec)

Query OK, 0 rows affected (0.43 sec)

Query OK, 129548 rows affected (21.50 sec)
Records: 129548  Duplicates: 0  Warnings: 0

+---------------------------+
| rep_clientcontractdevices |
+---------------------------+
|                    129548 |
+---------------------------+
1 row in set (0.06 sec)

Database changed
Query OK, 0 rows affected (0.70 sec)

Query OK, 0 rows affected (0.14 sec)

Query OK, 251208 rows affected (11.21 sec)
Records: 251208  Deleted: 0  Skipped: 0  Warnings: 0

Query OK, 0 rows affected (1.17 sec)
Records: 0  Duplicates: 0  Warnings: 0

Query OK, 0 rows affected (1.11 sec)
Records: 0  Duplicates: 0  Warnings: 0

Query OK, 0 rows affected (2.43 sec)
Records: 0  Duplicates: 0  Warnings: 0

Query OK, 0 rows affected (1.06 sec)
Records: 0  Duplicates: 0  Warnings: 0

+---------+
| tickets |
+---------+
|  251208 |
+---------+
1 row in set (0.42 sec)

Database changed
Query OK, 0 rows affected (0.80 sec)

Query OK, 0 rows affected (0.25 sec)

Empty set (0.00 sec)

Query OK, 0 rows affected (0.06 sec)
Records: 0  Duplicates: 0  Warnings: 0

Query OK, 315 rows affected, 2 warnings (0.09 sec)
Records: 315  Deleted: 0  Skipped: 0  Warnings: 2

+-----------------+
| tickettechusers |
+-----------------+
|             315 |
+-----------------+
1 row in set (0.00 sec)

Database changed
Query OK, 0 rows affected (0.13 sec)

Query OK, 0 rows affected (0.05 sec)

Query OK, 0 rows affected (0.09 sec)
Records: 0  Duplicates: 0  Warnings: 0

Query OK, 525980 rows affected, 42332 warnings (23.52 sec)
Records: 525980  Deleted: 0  Skipped: 0  Warnings: 42332

+-------------------+
| ticketassignments |
+-------------------+
|            525980 |
+-------------------+
1 row in set (0.63 sec)

Database changed
Query OK, 0 rows affected (0.23 sec)

Query OK, 0 rows affected (0.26 sec)

Query OK, 1094386 rows affected (29.09 sec)
Records: 1094386  Deleted: 0  Skipped: 0  Warnings: 0

Query OK, 0 rows affected (13.97 sec)
Records: 0  Duplicates: 0  Warnings: 0

Query OK, 0 rows affected (5.20 sec)
Records: 0  Duplicates: 0  Warnings: 0

Query OK, 0 rows affected (5.35 sec)
Records: 0  Duplicates: 0  Warnings: 0

Query OK, 0 rows affected (5.88 sec)
Records: 0  Duplicates: 0  Warnings: 0

+----------------+
| ticketcomments |
+----------------+
|        1094386 |
+----------------+
1 row in set (3.29 sec)

Database changed
Query OK, 0 rows affected (0.08 sec)

Query OK, 0 rows affected (0.08 sec)

Query OK, 411498 rows affected (50.62 sec)
Records: 411498  Deleted: 0  Skipped: 0  Warnings: 0

Query OK, 0 rows affected (3.13 sec)
Records: 0  Duplicates: 0  Warnings: 0

+----------+
| comments |
+----------+
|   411498 |
+----------+
1 row in set (0.16 sec)

Database changed
Query OK, 0 rows affected (0.20 sec)

Query OK, 0 rows affected (0.15 sec)

Query OK, 856735 rows affected, 65535 warnings (1 min 4.68 sec)
Records: 856735  Deleted: 0  Skipped: 0  Warnings: 856736

Query OK, 0 rows affected (6.84 sec)
Records: 0  Duplicates: 0  Warnings: 0

Query OK, 0 rows affected (3.56 sec)
Records: 0  Duplicates: 0  Warnings: 0

Query OK, 0 rows affected (3.46 sec)
Records: 0  Duplicates: 0  Warnings: 0

Query OK, 0 rows affected (3.26 sec)
Records: 0  Duplicates: 0  Warnings: 0

Query OK, 0 rows affected (5.32 sec)
Records: 0  Duplicates: 0  Warnings: 0

+------------+
| devicesold |
+------------+
|     856735 |
+------------+
1 row in set (0.34 sec)

Database changed
Query OK, 0 rows affected (0.04 sec)

Query OK, 0 rows affected (0.04 sec)

Query OK, 1637964 rows affected (1 min 0.84 sec)
Records: 1637964  Deleted: 0  Skipped: 0  Warnings: 0

Query OK, 0 rows affected (10.21 sec)
Records: 0  Duplicates: 0  Warnings: 0

Query OK, 0 rows affected (7.00 sec)
Records: 0  Duplicates: 0  Warnings: 0

Query OK, 0 rows affected (7.48 sec)
Records: 0  Duplicates: 0  Warnings: 0

+------------------+
| contractservices |
+------------------+
|          1637964 |
+------------------+
1 row in set (6.37 sec)

Database changed
Query OK, 0 rows affected (0.14 sec)

Query OK, 0 rows affected (0.31 sec)

Query OK, 3698535 rows affected (2 min 54.30 sec)
Records: 3698535  Deleted: 0  Skipped: 0  Warnings: 0

Query OK, 0 rows affected (19.86 sec)
Records: 0  Duplicates: 0  Warnings: 0

Query OK, 0 rows affected (18.40 sec)
Records: 0  Duplicates: 0  Warnings: 0

Query OK, 0 rows affected (18.47 sec)
Records: 0  Duplicates: 0  Warnings: 0

Query OK, 0 rows affected (25.36 sec)
Records: 0  Duplicates: 0  Warnings: 0

+------------------+
| invoicescontents |
+------------------+
|          3698535 |
+------------------+
1 row in set (1.32 sec)

Database changed
Query OK, 0 rows affected (0.43 sec)

Query OK, 0 rows affected (0.01 sec)

Query OK, 2558417 rows affected (5 min 21.94 sec)
Records: 2558417  Deleted: 0  Skipped: 0  Warnings: 0

Query OK, 0 rows affected (29.21 sec)
Records: 0  Duplicates: 0  Warnings: 0

Query OK, 0 rows affected (17.89 sec)
Records: 0  Duplicates: 0  Warnings: 0

Query OK, 0 rows affected (16.58 sec)
Records: 0  Duplicates: 0  Warnings: 0

Query OK, 0 rows affected (16.52 sec)
Records: 0  Duplicates: 0  Warnings: 0

Query OK, 0 rows affected (15.29 sec)
Records: 0  Duplicates: 0  Warnings: 0

+----------------+
| invoicesheader |
+----------------+
|        2558417 |
+----------------+
1 row in set (1 min 53.96 sec)

Database changed
Query OK, 0 rows affected (0.17 sec)

Query OK, 0 rows affected (0.12 sec)

Query OK, 2679162 rows affected (1 min 41.54 sec)
Records: 2679162  Deleted: 0  Skipped: 0  Warnings: 0

Query OK, 0 rows affected (14.85 sec)
Records: 0  Duplicates: 0  Warnings: 0

Query OK, 0 rows affected (11.29 sec)
Records: 0  Duplicates: 0  Warnings: 0

Query OK, 0 rows affected (9.78 sec)
Records: 0  Duplicates: 0  Warnings: 0

Query OK, 0 rows affected (10.93 sec)
Records: 0  Duplicates: 0  Warnings: 0

+---------+
| casa    |
+---------+
| 2679162 |
+---------+
1 row in set (0.88 sec)

Query OK, 0 rows affected (0.04 sec)

Query OK, 12621 rows affected (1 min 21.66 sec)
Records: 12621  Duplicates: 0  Warnings: 0

+--------------------+
| rep_paycol_channel |
+--------------------+
|              12621 |
+--------------------+
1 row in set (0.00 sec)

Query OK, 0 rows affected (0.00 sec)

Query OK, 8399 rows affected (1 min 33.14 sec)
Records: 8399  Duplicates: 0  Warnings: 0

+----------------+
| rep_paycol_pos |
+----------------+
|           8399 |
+----------------+
1 row in set (0.00 sec)

Database changed
Query OK, 0 rows affected (0.03 sec)

Query OK, 0 rows affected (0.01 sec)

Database changed
Query OK, 38236 rows affected (0.95 sec)
Records: 38236  Deleted: 0  Skipped: 0  Warnings: 0

+-------+
| users |
+-------+
| 38236 |
+-------+
1 row in set (0.02 sec)

Database changed
Query OK, 0 rows affected (0.23 sec)

Query OK, 0 rows affected (0.00 sec)

Database changed
Query OK, 12451862 rows affected (3 min 35.84 sec)
Records: 12451862  Deleted: 0  Skipped: 0  Warnings: 0

Query OK, 0 rows affected (1 min 8.00 sec)
Records: 0  Duplicates: 0  Warnings: 0

Query OK, 0 rows affected (1 min 23.78 sec)
Records: 0  Duplicates: 0  Warnings: 0

Query OK, 0 rows affected (1 min 13.73 sec)
Records: 0  Duplicates: 0  Warnings: 0

Query OK, 0 rows affected (1 min 17.34 sec)
Records: 0  Duplicates: 0  Warnings: 0

+----------+
| ipusage1 |
+----------+
| 12451862 |
+----------+
1 row in set (7.48 sec)

Query OK, 0 rows affected (0.38 sec)

Query OK, 12553416 rows affected, 65535 warnings (18 min 32.15 sec)
Records: 12553416  Duplicates: 0  Warnings: 12542637

Query OK, 0 rows affected (1 min 9.20 sec)
Records: 0  Duplicates: 0  Warnings: 0

Query OK, 0 rows affected (54.80 sec)
Records: 0  Duplicates: 0  Warnings: 0

Query OK, 0 rows affected (1 min 31.22 sec)
Records: 0  Duplicates: 0  Warnings: 0

Query OK, 0 rows affected (1 min 28.74 sec)
Records: 0  Duplicates: 0  Warnings: 0

Query OK, 0 rows affected (1 min 30.91 sec)
Records: 0  Duplicates: 0  Warnings: 0

Query OK, 0 rows affected (1 min 53.87 sec)
Records: 0  Duplicates: 0  Warnings: 0

Query OK, 0 rows affected (1 min 37.84 sec)
Records: 0  Duplicates: 0  Warnings: 0

+----------+
| ipusage  |
+----------+
| 12553416 |
+----------+
1 row in set (9.74 sec)

Query OK, 0 rows affected (0.17 sec)

Query OK, 4107331 rows affected (3 min 42.59 sec)
Records: 4107331  Duplicates: 0  Warnings: 0

Query OK, 0 rows affected (27.27 sec)
Records: 0  Duplicates: 0  Warnings: 0

Query OK, 0 rows affected (30.15 sec)
Records: 0  Duplicates: 0  Warnings: 0

Query OK, 0 rows affected (26.91 sec)
Records: 0  Duplicates: 0  Warnings: 0

Query OK, 0 rows affected (26.30 sec)
Records: 0  Duplicates: 0  Warnings: 0

Query OK, 0 rows affected (19.23 sec)
Records: 0  Duplicates: 0  Warnings: 0

Query OK, 0 rows affected (0.52 sec)

Query OK, 349579 rows affected (34.31 sec)
Records: 349579  Duplicates: 0  Warnings: 0

Query OK, 0 rows affected (1.36 sec)
Records: 0  Duplicates: 0  Warnings: 0

Query OK, 0 rows affected (1.30 sec)
Records: 0  Duplicates: 0  Warnings: 0

Query OK, 0 rows affected (2.06 sec)
Records: 0  Duplicates: 0  Warnings: 0

Query OK, 0 rows affected (1.42 sec)
Records: 0  Duplicates: 0  Warnings: 0

Query OK, 0 rows affected (0.88 sec)
Records: 0  Duplicates: 0  Warnings: 0

Query OK, 0 rows affected (0.10 sec)

Query OK, 1637815 rows affected (2 min 11.49 sec)
Records: 1637815  Duplicates: 0  Warnings: 0

Query OK, 0 rows affected (9.65 sec)
Records: 0  Duplicates: 0  Warnings: 0

Query OK, 0 rows affected (6.98 sec)
Records: 0  Duplicates: 0  Warnings: 0

Query OK, 0 rows affected (6.93 sec)
Records: 0  Duplicates: 0  Warnings: 0

mysql> mysql \. C:\workspace\cloud\code\sql\_DailyScript\currenttime.sql
+---------------------+
| currenttime         |
+---------------------+
| 2019-07-29 10:16:40 |
+---------------------+
1 row in set (0.00 sec)

mysql> 
mysql> mysql \. C:\workspace\cloud\code\sql\_DailyScript\ticket_analysis.sql
Database changed
Query OK, 0 rows affected (0.04 sec)

Query OK, 455366 rows affected (59.79 sec)
Records: 455366  Duplicates: 0  Warnings: 0

Query OK, 0 rows affected (9.60 sec)
Records: 0  Duplicates: 0  Warnings: 0

Query OK, 0 rows affected (2.48 sec)
Records: 0  Duplicates: 0  Warnings: 0

Query OK, 0 rows affected (2.01 sec)
Records: 0  Duplicates: 0  Warnings: 0

Query OK, 0 rows affected (0.18 sec)

Query OK, 15907 rows affected (11.20 sec)
Records: 15907  Duplicates: 0  Warnings: 0

Query OK, 0 rows affected, 1 warning (0.00 sec)

Query OK, 62654 rows affected (7.57 sec)
Records: 62654  Duplicates: 0  Warnings: 0

Query OK, 0 rows affected, 1 warning (0.00 sec)

Query OK, 325611 rows affected (14.95 sec)
Records: 325611  Duplicates: 0  Warnings: 0

Query OK, 0 rows affected, 1 warning (0.00 sec)

Query OK, 325611 rows affected (16.00 sec)
Records: 325611  Duplicates: 0  Warnings: 0

Query OK, 0 rows affected (0.72 sec)

Query OK, 62697 rows affected (6.59 sec)
Records: 62697  Duplicates: 0  Warnings: 0

Database changed
Query OK, 0 rows affected (0.00 sec)

Query OK, 0 rows affected (0.05 sec)

Query OK, 455366 rows affected (21.93 sec)
Records: 455366  Duplicates: 0  Warnings: 0

Query OK, 0 rows affected (0.12 sec)

Query OK, 218533 rows affected (18.67 sec)
Records: 218533  Duplicates: 0  Warnings: 0

+--------------------------+
| clientticket_cmmtjourney |
+--------------------------+
|                   455366 |
+--------------------------+
1 row in set (5.07 sec)

+---------------------------+
| clientticket_assgnjourney |
+---------------------------+
|                    218533 |
+---------------------------+
1 row in set (0.28 sec)

Query OK, 0 rows affected (0.01 sec)

Query OK, 66 rows affected (0.10 sec)
Records: 66  Duplicates: 0  Warnings: 0

mysql> mysql \. C:\workspace\cloud\code\sql\_DailyScript\currenttime.sql
+---------------------+
| currenttime         |
+---------------------+
| 2019-07-29 10:19:38 |
+---------------------+
1 row in set (0.00 sec)

mysql> 
mysql> mysql \. C:\workspace\cloud\code\sql\_DailyScript\load_DailyCalls.sql
Database changed
Query OK, 254 rows affected (1.06 sec)
Records: 254  Deleted: 0  Skipped: 0  Warnings: 0

Query OK, 0 rows affected, 1 warning (0.00 sec)

Query OK, 242 rows affected (0.39 sec)
Records: 242  Duplicates: 0  Warnings: 0

Query OK, 0 rows affected, 1 warning (0.00 sec)

Query OK, 67096 rows affected (0.55 sec)
Records: 67096  Duplicates: 0  Warnings: 0

+----------------------+
| callingclientsbefore |
+----------------------+
|               726734 |
+----------------------+
1 row in set (1.30 sec)

Query OK, 344 rows affected (6.76 sec)
Records: 344  Duplicates: 0  Warnings: 0

+---------------------+
| callingclientsafter |
+---------------------+
|              727078 |
+---------------------+
1 row in set (0.25 sec)

Query OK, 0 rows affected (0.04 sec)

Query OK, 167 rows affected (1 min 4.78 sec)
Records: 167  Duplicates: 0  Warnings: 0

Query OK, 0 rows affected (0.00 sec)

Query OK, 14870 rows affected (2.62 sec)
Records: 14870  Duplicates: 0  Warnings: 0

+-----------+
| callstats |
+-----------+
|     14870 |
+-----------+
1 row in set (0.00 sec)

Query OK, 0 rows affected, 1 warning (0.00 sec)

Query OK, 344 rows affected (13.10 sec)
Records: 344  Duplicates: 0  Warnings: 0

+------------------------+
| rep_cccallreportbefore |
+------------------------+
|                 730413 |
+------------------------+
1 row in set (0.30 sec)

Query OK, 344 rows affected (1.71 sec)
Records: 344  Duplicates: 0  Warnings: 0

+-----------------------+
| rep_cccallreportafter |
+-----------------------+
|                730757 |
+-----------------------+
1 row in set (0.22 sec)

Query OK, 0 rows affected (0.02 sec)

mysql> mysql \. C:\workspace\cloud\code\sql\_DailyScript\currenttime.sql
+---------------------+
| currenttime         |
+---------------------+
| 2019-07-29 10:21:11 |
+---------------------+
1 row in set (0.00 sec)

mysql> 
mysql> mysql \. C:\workspace\cloud\code\sql\_DailyScript\DAILY-SCRIPT-USAGE.sql
Database changed
Query OK, 0 rows affected (0.00 sec)

Query OK, 6368 rows affected, 18463 warnings (5.59 sec)
Records: 6368  Deleted: 0  Skipped: 0  Warnings: 18463

Query OK, 0 rows affected (0.00 sec)

Query OK, 10020 rows affected, 28937 warnings (5.36 sec)
Records: 10020  Deleted: 0  Skipped: 0  Warnings: 28937

Query OK, 0 rows affected (0.00 sec)

Query OK, 117 rows affected, 403 warnings (0.60 sec)
Records: 117  Deleted: 0  Skipped: 0  Warnings: 403

Query OK, 0 rows affected (0.00 sec)

Query OK, 179 rows affected, 658 warnings (0.10 sec)
Records: 179  Deleted: 0  Skipped: 0  Warnings: 658

+------------+
| dailyusage |
+------------+
|    7039243 |
+------------+
1 row in set (35.83 sec)

+------------+------------+------------+---------+
| datestart  | dateend    | insertedon | records |
+------------+------------+------------+---------+
| 2019-07-28 | 2019-07-28 | 2019-07-29 |   16684 |
| 2019-07-27 | 2019-07-27 | 2019-07-28 |   17214 |
| 2019-07-26 | 2019-07-26 | 2019-07-27 |   17384 |
| 2019-07-25 | 2019-07-25 | 2019-07-26 |   17389 |
| 2019-07-24 | 2019-07-24 | 2019-07-25 |   17501 |
+------------+------------+------------+---------+
5 rows in set (4 min 31.87 sec)

mysql> mysql \. C:\workspace\cloud\code\sql\_DailyScript\currenttime.sql
+---------------------+
| currenttime         |
+---------------------+
| 2019-07-29 10:26:30 |
+---------------------+
1 row in set (0.00 sec)

mysql> 
mysql> mysql \. C:\workspace\cloud\code\sql\_DailyScript\DAILY-SCRIPT-SALES-TELEMETRY.sql
Database changed
Query OK, 29 rows affected, 8 warnings (0.20 sec)
Records: 29  Deleted: 0  Skipped: 0  Warnings: 8

+------------+
| dailysales |
+------------+
|     161194 |
+------------+
1 row in set (20.08 sec)

Query OK, 0 rows affected (0.08 sec)

Query OK, 161194 rows affected (13.92 sec)
Records: 161194  Duplicates: 0  Warnings: 0

+--------+
| sales  |
+--------+
| 161194 |
+--------+
1 row in set (0.08 sec)

Query OK, 0 rows affected (0.11 sec)

Query OK, 2579 rows affected (0.34 sec)
Records: 2579  Duplicates: 0  Warnings: 0

+----------------+
| rep_dailysales |
+----------------+
|           2579 |
+----------------+
1 row in set (0.00 sec)

Query OK, 0 rows affected (0.00 sec)

Query OK, 2579 rows affected (0.53 sec)
Records: 2579  Duplicates: 0  Warnings: 0

+-------------------+
| rep_dailysalesreg |
+-------------------+
|              2579 |
+-------------------+
1 row in set (0.00 sec)

Query OK, 0 rows affected (0.02 sec)

Query OK, 2471 rows affected (0.67 sec)
Records: 2471  Duplicates: 0  Warnings: 0

+-----------+
| saleslist |
+-----------+
|      2471 |
+-----------+
1 row in set (0.00 sec)

Database changed
ERROR 2 (HY000): File 'C:\ProgramData\MySQL\MySQL Server 5.7\Uploads\_csv\PrepaidCardSales-28072019-P1.csv' not found (Errcode: 2 - No such file or directory)
+------------------+
| dailysinglesales |
+------------------+
|             5861 |
+------------------+
1 row in set (0.52 sec)

Database changed
Query OK, 11 rows affected (0.16 sec)
Records: 11  Deleted: 0  Skipped: 0  Warnings: 0

+-----------------+
| dailyaddonsales |
+-----------------+
|           16371 |
+-----------------+
1 row in set (0.57 sec)

Query OK, 131 rows affected (1.13 sec)
Records: 131  Deleted: 0  Skipped: 0  Warnings: 0

+----------------+
| onlinepayments |
+----------------+
|          59327 |
+----------------+
1 row in set (0.26 sec)

+-------------+----------------+---------------------+
| paymentdate | onlinepayments | onlinepaymentamount |
+-------------+----------------+---------------------+
| 2019-07-28  |            131 |         82376.67000 |
| 2019-07-27  |            168 |        104478.69000 |
| 2019-07-26  |            135 |         83878.35000 |
| 2019-07-25  |            144 |        101176.39000 |
| 2019-07-24  |            143 |         98369.64000 |
+-------------+----------------+---------------------+
5 rows in set (5.39 sec)

+-------------+--------------+----------------+---------------------+
| paymentyear | paymentmonth | onlinepayments | onlinepaymentamount |
+-------------+--------------+----------------+---------------------+
|        2019 |            7 |           2664 |       1742335.68000 |
|        2019 |            6 |           2798 |       1782990.54000 |
|        2019 |            5 |           2949 |       1930613.93000 |
|        2019 |            4 |           2854 |       1881797.80000 |
|        2019 |            3 |           2821 |       1851177.84000 |
+-------------+--------------+----------------+---------------------+
5 rows in set (0.07 sec)

mysql> mysql \. C:\workspace\cloud\code\sql\_DailyScript\currenttime.sql
+---------------------+
| currenttime         |
+---------------------+
| 2019-07-29 10:27:15 |
+---------------------+
1 row in set (0.00 sec)

mysql> 
mysql> mysql \. C:\workspace\cloud\code\sql\_DailyScript\DAILY-SCRIPT-ACTIVENUMBERS.sql
Database changed
Query OK, 1284 rows affected (2.66 sec)
Records: 1284  Deleted: 0  Skipped: 0  Warnings: 0

+------------+----------+
| period     | count(1) |
+------------+----------+
| 2019-07-28 |     1284 |
| 2019-07-27 |     1285 |
| 2019-07-26 |     1283 |
| 2019-07-25 |     1283 |
| 2019-07-24 |     1285 |
| 2019-07-23 |     1284 |
+------------+----------+
6 rows in set (0.01 sec)

Query OK, 0 rows affected (0.03 sec)

Query OK, 83 rows affected (0.39 sec)
Records: 83  Duplicates: 0  Warnings: 0

+-------------+
| packagelist |
+-------------+
|          83 |
+-------------+
1 row in set (0.00 sec)

Database changed
Query OK, 0 rows affected (0.03 sec)

Query OK, 0 rows affected (0.00 sec)

Query OK, 0 rows affected (0.00 sec)

Query OK, 0 rows affected (0.00 sec)

Query OK, 26712 rows affected, 255 warnings (1 min 33.14 sec)
Records: 26712  Deleted: 0  Skipped: 0  Warnings: 255

+------------+----------+
| period     | count(1) |
+------------+----------+
| 2019-07-28 |    26712 |
| 2019-07-27 |    27005 |
| 2019-07-26 |    27096 |
| 2019-07-25 |    26983 |
| 2019-07-24 |    26914 |
+------------+----------+
5 rows in set (0.44 sec)

Query OK, 0 rows affected (0.16 sec)

Query OK, 26085 rows affected (7 min 11.94 sec)
Records: 26085  Duplicates: 0  Warnings: 0

Query OK, 0 rows affected (0.44 sec)
Records: 0  Duplicates: 0  Warnings: 0

Query OK, 0 rows affected (0.17 sec)
Records: 0  Duplicates: 0  Warnings: 0

Query OK, 0 rows affected (0.94 sec)
Records: 0  Duplicates: 0  Warnings: 0

Query OK, 0 rows affected (0.09 sec)
Records: 0  Duplicates: 0  Warnings: 0

Query OK, 0 rows affected (0.08 sec)
Records: 0  Duplicates: 0  Warnings: 0

Query OK, 0 rows affected (0.08 sec)
Records: 0  Duplicates: 0  Warnings: 0

+-------------+
| countbefore |
+-------------+
|    28055769 |
+-------------+
1 row in set (2 min 26.66 sec)

Query OK, 26085 rows affected (1 min 7.42 sec)
Records: 26085  Duplicates: 0  Warnings: 0

+------------+
| countafter |
+------------+
|   28081854 |
+------------+
1 row in set (1 min 2.62 sec)

+------------+--------------------------+
| period     | customercontractactivity |
+------------+--------------------------+
| 2019-07-28 |                    26085 |
| 2019-07-27 |                    26378 |
| 2019-07-26 |                    26469 |
| 2019-07-25 |                    26355 |
| 2019-07-24 |                    26287 |
+------------+--------------------------+
5 rows in set (0.07 sec)

Query OK, 0 rows affected (0.48 sec)

Query OK, 221632 rows affected (24 min 18.17 sec)
Records: 221632  Duplicates: 0  Warnings: 0

Query OK, 0 rows affected (1.17 sec)
Records: 0  Duplicates: 0  Warnings: 0

Query OK, 0 rows affected (1.09 sec)
Records: 0  Duplicates: 0  Warnings: 0

Query OK, 0 rows affected (1.02 sec)
Records: 0  Duplicates: 0  Warnings: 0

Query OK, 0 rows affected (0.10 sec)

Query OK, 244 rows affected (0.93 sec)
Records: 244  Duplicates: 0  Warnings: 0

Query OK, 0 rows affected (0.01 sec)

Query OK, 2404 rows affected (0.68 sec)
Records: 2404  Duplicates: 0  Warnings: 0

Query OK, 0 rows affected (0.03 sec)

Query OK, 26075 rows affected (0.65 sec)
Records: 26075  Duplicates: 0  Warnings: 0

Query OK, 0 rows affected (0.08 sec)

Query OK, 16742 rows affected (0.89 sec)
Records: 16742  Duplicates: 0  Warnings: 0

Query OK, 0 rows affected (0.04 sec)

Query OK, 16742 rows affected (0.28 sec)
Records: 16742  Duplicates: 0  Warnings: 0

Query OK, 0 rows affected (0.11 sec)

Query OK, 16742 rows affected (2.30 sec)
Records: 16742  Duplicates: 0  Warnings: 0

Query OK, 0 rows affected (0.10 sec)

Query OK, 16742 rows affected (51.72 sec)
Records: 16742  Duplicates: 0  Warnings: 0

+-------------+
| clientstats |
+-------------+
|       16742 |
+-------------+
1 row in set (0.00 sec)

Query OK, 0 rows affected (0.14 sec)

Query OK, 13 rows affected, 1 warning (0.45 sec)
Records: 13  Duplicates: 0  Warnings: 1

+-----------------------+-------------+-------------+----------------+-----------------+
| services              | activecount | allaccounts | uniqueaccounts | uniquecontracts |
+-----------------------+-------------+-------------+----------------+-----------------+
| All                   |         147 |          30 |             30 |              96 |
| Internet & Voice      |         437 |         200 |            200 |             391 |
| Internet Only         |        4134 |        3989 |           3981 |            4063 |
| OTT Only              |          49 |           3 |              3 |              49 |
| TV & Internet         |        8648 |        3746 |           3737 |            7645 |
| TV & Internet & OTT   |        1965 |         558 |            558 |            1138 |
| TV & Internet & Voice |         509 |         141 |            141 |             440 |
| TV & OTT              |         101 |          36 |             36 |              37 |
| TV & Voice            |         121 |          51 |             51 |             104 |
| TV & Voice & OTT      |           3 |           1 |              1 |               2 |
| TV Only               |       10569 |        7805 |           7799 |            8007 |
| Voice Only            |         183 |         182 |            182 |             183 |
| GRAND TOTAL           |       26866 |       16742 |          16680 |           22155 |
+-----------------------+-------------+-------------+----------------+-----------------+
13 rows in set (0.00 sec)

+-------------+-------------+-------------+----------------+-----------------+
| network     | activecount | allaccounts | uniqueaccounts | uniquecontracts |
+-------------+-------------+-------------+----------------+-----------------+
| ADDON       |          13 |           9 |              9 |               9 |
| GPON        |        6968 |        3536 |           3535 |            5326 |
| HFC         |       19838 |       13196 |          13196 |           16773 |
| MOBILE TV   |          47 |           1 |              1 |              47 |
| GRAND TOTAL |       26866 |       16742 |          16680 |           22155 |
+-------------+-------------+-------------+----------------+-----------------+
5 rows in set, 1 warning (0.15 sec)

+-------------+-----------------------+-------------+-------------+----------------+-----------------+
| network     | services              | activecount | allaccounts | uniqueaccounts | uniquecontracts |
+-------------+-----------------------+-------------+-------------+----------------+-----------------+
| ADDON       | OTT Only              |           2 |           2 |              2 |               2 |
| ADDON       | TV & OTT              |           4 |           1 |              1 |               1 |
| ADDON       | TV Only               |           7 |           6 |              6 |               6 |
| ADDON       | Services Total        |          13 |           9 |              9 |               9 |
| GPON        | All                   |          51 |          11 |             11 |              35 |
| GPON        | Internet & Voice      |          59 |          24 |             24 |              49 |
| GPON        | Internet Only         |         921 |         834 |            834 |             852 |
| GPON        | TV & Internet         |        2950 |        1219 |           1219 |            2519 |
| GPON        | TV & Internet & OTT   |        1004 |         270 |            270 |             555 |
| GPON        | TV & Internet & Voice |         140 |          36 |             36 |             113 |
| GPON        | TV & OTT              |          68 |          24 |             24 |              25 |
| GPON        | TV & Voice            |          57 |          23 |             23 |              47 |
| GPON        | TV Only               |        1710 |        1087 |           1087 |            1123 |
| GPON        | Voice Only            |           8 |           8 |              8 |               8 |
| GPON        | Services Total        |        6968 |        3536 |           3535 |            5326 |
| HFC         | All                   |          96 |          19 |             19 |              61 |
| HFC         | Internet & Voice      |         378 |         176 |            176 |             342 |
| HFC         | Internet Only         |        3213 |        3155 |           3155 |            3211 |
| HFC         | TV & Internet         |        5698 |        2527 |           2527 |            5126 |
| HFC         | TV & Internet & OTT   |         961 |         288 |            288 |             583 |
| HFC         | TV & Internet & Voice |         369 |         105 |            105 |             327 |
| HFC         | TV & OTT              |          29 |          11 |             11 |              11 |
| HFC         | TV & Voice            |          64 |          28 |             28 |              57 |
| HFC         | TV & Voice & OTT      |           3 |           1 |              1 |               2 |
| HFC         | TV Only               |        8852 |        6712 |           6712 |            6878 |
| HFC         | Voice Only            |         175 |         174 |            174 |             175 |
| HFC         | Services Total        |       19838 |       13196 |          13196 |           16773 |
| MOBILE TV   | OTT Only              |          47 |           1 |              1 |              47 |
| MOBILE TV   | Services Total        |          47 |           1 |              1 |              47 |
| GRAND TOTAL | Services Total        |       26866 |       16742 |          16680 |           22155 |
+-------------+-----------------------+-------------+-------------+----------------+-----------------+
30 rows in set, 2 warnings (0.16 sec)

Query OK, 0 rows affected (0.01 sec)

Query OK, 46 rows affected, 3 warnings (0.28 sec)
Records: 46  Duplicates: 0  Warnings: 3

+-------------+---------------+-----------------------+-------------+-------------+----------------+-----------------+
| region      | network       | services              | activecount | allaccounts | uniqueaccounts | uniquecontracts |
+-------------+---------------+-----------------------+-------------+-------------+----------------+-----------------+
| Mahe        | ADDON         | OTT Only              |           2 |           2 |              2 |               2 |
| Mahe        | ADDON         | TV & OTT              |           4 |           1 |              1 |               1 |
| Mahe        | ADDON         | TV Only               |           5 |           4 |              4 |               4 |
| Mahe        | ADDON         | Services Total        |          11 |           7 |              7 |               7 |
| Mahe        | GPON          | All                   |          46 |          10 |             10 |              32 |
| Mahe        | GPON          | Internet & Voice      |          47 |          18 |             18 |              37 |
| Mahe        | GPON          | Internet Only         |         711 |         624 |            624 |             642 |
| Mahe        | GPON          | TV & Internet         |        2086 |         862 |            862 |            1774 |
| Mahe        | GPON          | TV & Internet & OTT   |         598 |         155 |            155 |             318 |
| Mahe        | GPON          | TV & Internet & Voice |         117 |          30 |             30 |              93 |
| Mahe        | GPON          | TV & OTT              |          51 |          18 |             18 |              18 |
| Mahe        | GPON          | TV & Voice            |          53 |          21 |             21 |              43 |
| Mahe        | GPON          | TV Only               |        1277 |         779 |            779 |             798 |
| Mahe        | GPON          | Voice Only            |           8 |           8 |              8 |               8 |
| Mahe        | GPON          | Services Total        |        4994 |        2525 |           2525 |            3763 |
| Mahe        | HFC           | All                   |          96 |          19 |             19 |              61 |
| Mahe        | HFC           | Internet & Voice      |         378 |         176 |            176 |             342 |
| Mahe        | HFC           | Internet Only         |        3213 |        3155 |           3155 |            3211 |
| Mahe        | HFC           | TV & Internet         |        5698 |        2527 |           2527 |            5126 |
| Mahe        | HFC           | TV & Internet & OTT   |         961 |         288 |            288 |             583 |
| Mahe        | HFC           | TV & Internet & Voice |         369 |         105 |            105 |             327 |
| Mahe        | HFC           | TV & OTT              |          29 |          11 |             11 |              11 |
| Mahe        | HFC           | TV & Voice            |          64 |          28 |             28 |              57 |
| Mahe        | HFC           | TV & Voice & OTT      |           3 |           1 |              1 |               2 |
| Mahe        | HFC           | TV Only               |        8847 |        6709 |           6709 |            6875 |
| Mahe        | HFC           | Voice Only            |         175 |         174 |            174 |             175 |
| Mahe        | HFC           | Services Total        |       19833 |       13193 |          13193 |           16770 |
| Mahe        | MOBILE TV     | OTT Only              |          47 |           1 |              1 |              47 |
| Mahe        | MOBILE TV     | Services Total        |          47 |           1 |              1 |              47 |
| Mahe        | Network Total | Services Total        |       24885 |       15726 |          15666 |           20587 |
| Praslin     | ADDON         | TV Only               |           2 |           2 |              2 |               2 |
| Praslin     | ADDON         | Services Total        |           2 |           2 |              2 |               2 |
| Praslin     | GPON          | All                   |           5 |           1 |              1 |               3 |
| Praslin     | GPON          | Internet & Voice      |          12 |           6 |              6 |              12 |
| Praslin     | GPON          | Internet Only         |         210 |         210 |            210 |             210 |
| Praslin     | GPON          | TV & Internet         |         864 |         357 |            357 |             745 |
| Praslin     | GPON          | TV & Internet & OTT   |         406 |         115 |            115 |             237 |
| Praslin     | GPON          | TV & Internet & Voice |          23 |           6 |              6 |              20 |
| Praslin     | GPON          | TV & OTT              |          17 |           6 |              6 |               7 |
| Praslin     | GPON          | TV & Voice            |           4 |           2 |              2 |               4 |
| Praslin     | GPON          | TV Only               |         433 |         308 |            308 |             325 |
| Praslin     | GPON          | Services Total        |        1974 |        1011 |           1011 |            1563 |
| Praslin     | HFC           | TV Only               |           5 |           3 |              3 |               3 |
| Praslin     | HFC           | Services Total        |           5 |           3 |              3 |               3 |
| Praslin     | Network Total | Services Total        |        1981 |        1016 |           1015 |            1568 |
| GRAND TOTAL | Network Total | Services Total        |       26866 |       16742 |          16680 |           22155 |
+-------------+---------------+-----------------------+-------------+-------------+----------------+-----------------+
46 rows in set (0.00 sec)

Query OK, 0 rows affected (0.01 sec)

Query OK, 26076 rows affected (0.79 sec)
Records: 26076  Duplicates: 0  Warnings: 0

Query OK, 0 rows affected (0.17 sec)

Query OK, 1655 rows affected (26.63 sec)
Records: 1655  Duplicates: 0  Warnings: 0

+--------------------------------------+
| message                              |
+--------------------------------------+
| running rcbill_my.sp_ActiveNumber2() |
+--------------------------------------+
1 row in set (0.00 sec)

Query OK, 209 rows affected (3 min 34.53 sec)

mysql> mysql \. C:\workspace\cloud\code\sql\_DailyScript\currenttime.sql
+---------------------+
| currenttime         |
+---------------------+
| 2019-07-29 11:10:06 |
+---------------------+
1 row in set (0.00 sec)

mysql> 
mysql> mysql \. C:\workspace\cloud\code\sql\_DailyScript\GetActiveNumbers Average -Pivot.sql
Database changed
+-------------------------------------+
| @today := subdate(current_date(),1) |
+-------------------------------------+
| 2019-07-28                          |
+-------------------------------------+
1 row in set (0.00 sec)

+-------------------------------------+
| @lastdayofmonth := last_day(@today) |
+-------------------------------------+
| 2019-07-31                          |
+-------------------------------------+
1 row in set (0.00 sec)

Query OK, 0 rows affected (0.02 sec)

Query OK, 31096 rows affected, 64707 warnings (58.39 sec)
Records: 31096  Duplicates: 0  Warnings: 64707

Query OK, 0 rows affected (0.45 sec)
Records: 0  Duplicates: 0  Warnings: 0

Query OK, 0 rows affected (0.11 sec)
Records: 0  Duplicates: 0  Warnings: 0

Query OK, 0 rows affected (0.10 sec)
Records: 0  Duplicates: 0  Warnings: 0

+-----------------+
| activenumberavg |
+-----------------+
|           31096 |
+-----------------+
1 row in set (0.01 sec)

Query OK, 0 rows affected (0.11 sec)

Query OK, 1760 rows affected (0.41 sec)
Records: 1760  Duplicates: 0  Warnings: 0

+---------------------+
| rep_activenumberavg |
+---------------------+
|                1760 |
+---------------------+
1 row in set (0.00 sec)

+----------------------+
| rep_activenumberavg1 |
+----------------------+
|                  837 |
+----------------------+
1 row in set (0.00 sec)

Query OK, 0 rows affected (0.00 sec)

Query OK, 1581 rows affected (0.32 sec)
Records: 1581  Duplicates: 0  Warnings: 0

Query OK, 0 rows affected (0.05 sec)

Query OK, 7997 rows affected (0.68 sec)
Records: 7997  Duplicates: 0  Warnings: 0

Query OK, 0 rows affected (0.00 sec)

Query OK, 0 rows affected (0.00 sec)

Query OK, 0 rows affected (0.04 sec)

Query OK, 0 rows affected (0.00 sec)

Query OK, 0 rows affected (0.00 sec)
Statement prepared

Query OK, 53 rows affected (0.07 sec)
Records: 53  Duplicates: 0  Warnings: 0

Query OK, 0 rows affected (0.00 sec)

Query OK, 0 rows affected (0.00 sec)

+----------------------+
| rep_activenumberavg2 |
+----------------------+
|                 1581 |
+----------------------+
1 row in set (0.00 sec)

+------------------------+
| rep_activenumberavg_pv |
+------------------------+
|                     53 |
+------------------------+
1 row in set (0.00 sec)

Query OK, 0 rows affected (0.00 sec)

Query OK, 1581 rows affected (0.27 sec)
Records: 1581  Duplicates: 0  Warnings: 0

Query OK, 0 rows affected (0.00 sec)

Query OK, 0 rows affected (0.00 sec)

Query OK, 0 rows affected (0.01 sec)

Query OK, 0 rows affected (0.00 sec)

Query OK, 0 rows affected (0.00 sec)
Statement prepared

Query OK, 53 rows affected (0.03 sec)
Records: 53  Duplicates: 0  Warnings: 0

Query OK, 0 rows affected (0.00 sec)

Query OK, 0 rows affected (0.00 sec)

+-------------------------+
| rep_activenumberavgMahe |
+-------------------------+
|                    1581 |
+-------------------------+
1 row in set (0.00 sec)

+----------------------------+
| rep_activenumberavgMahe_pv |
+----------------------------+
|                         53 |
+----------------------------+
1 row in set (0.00 sec)

Query OK, 0 rows affected (0.00 sec)

Query OK, 1014 rows affected (0.13 sec)
Records: 1014  Duplicates: 0  Warnings: 0

Query OK, 0 rows affected (0.00 sec)

Query OK, 0 rows affected (0.00 sec)

Query OK, 0 rows affected (0.06 sec)

Query OK, 0 rows affected (0.00 sec)

Query OK, 0 rows affected (0.00 sec)
Statement prepared

Query OK, 39 rows affected (0.45 sec)
Records: 39  Duplicates: 0  Warnings: 0

Query OK, 0 rows affected (0.01 sec)

Query OK, 0 rows affected (0.00 sec)

+----------------------------+
| rep_activenumberavgPraslin |
+----------------------------+
|                       1014 |
+----------------------------+
1 row in set (0.00 sec)

+-------------------------------+
| rep_activenumberavgPraslin_pv |
+-------------------------------+
|                            39 |
+-------------------------------+
1 row in set (0.00 sec)

mysql> mysql \. C:\workspace\cloud\code\sql\_DailyScript\currenttime.sql
+---------------------+
| currenttime         |
+---------------------+
| 2019-07-29 11:11:07 |
+---------------------+
1 row in set (0.00 sec)

mysql> 
mysql> mysql \. C:\workspace\cloud\code\sql\_DailyScript\budget_actual_analysis_2019.sql
Query OK, 0 rows affected (0.13 sec)

Query OK, 560 rows affected, 3 warnings (0.87 sec)
Records: 560  Duplicates: 0  Warnings: 3

+--------------------+
| budget_actual_2019 |
+--------------------+
|                560 |
+--------------------+
1 row in set (0.01 sec)

Query OK, 0 rows affected (0.00 sec)

Query OK, 48 rows affected (0.04 sec)
Records: 48  Duplicates: 0  Warnings: 0

+---------------------------+
| rep_budget_actual_2019_pv |
+---------------------------+
|                        48 |
+---------------------------+
1 row in set (0.00 sec)

mysql> mysql \. C:\workspace\cloud\code\sql\_DailyScript\currenttime.sql
+---------------------+
| currenttime         |
+---------------------+
| 2019-07-29 11:11:08 |
+---------------------+
1 row in set (0.00 sec)

mysql> 
mysql> mysql \. C:\workspace\cloud\code\sql\_DailyScript\reports-sales-addons-prepaid-camera.sql
Database changed
Query OK, 0 rows affected (0.00 sec)

Query OK, 3722 rows affected (1.03 sec)
Records: 3722  Duplicates: 0  Warnings: 0

Query OK, 0 rows affected (0.00 sec)

Query OK, 16392 rows affected (2 min 52.73 sec)
Records: 16392  Duplicates: 0  Warnings: 0

+--------------------+
| rep_prepaid_camera |
+--------------------+
|               3722 |
+--------------------+
1 row in set (0.01 sec)

+-----------+
| rep_addon |
+-----------+
|     16392 |
+-----------+
1 row in set (0.02 sec)

mysql> mysql \. C:\workspace\cloud\code\sql\_DailyScript\currenttime.sql
+---------------------+
| currenttime         |
+---------------------+
| 2019-07-29 11:14:02 |
+---------------------+
1 row in set (0.01 sec)

mysql> 
mysql> mysql \. C:\workspace\cloud\code\sql\_DailyScript\housing-estate-analysis.sql
Database changed
Query OK, 0 rows affected (0.12 sec)

Query OK, 2849 rows affected (8 min 20.11 sec)
Records: 2849  Duplicates: 0  Warnings: 0

+--------------------+
| rep_housingestates |
+--------------------+
|               2849 |
+--------------------+
1 row in set (0.00 sec)

mysql> mysql \. C:\workspace\cloud\code\sql\_DailyScript\currenttime.sql
+---------------------+
| currenttime         |
+---------------------+
| 2019-07-29 11:22:23 |
+---------------------+
1 row in set (0.00 sec)

mysql> 
mysql> mysql \. C:\workspace\cloud\code\sql\_DailyScript\RCB_ClientAnalyticsReport_Script.sql
Database changed
Query OK, 0 rows affected (0.00 sec)

Query OK, 0 rows affected (0.52 sec)

Query OK, 1705705 rows affected (1 min 39.55 sec)
Records: 1705705  Duplicates: 0  Warnings: 0

Query OK, 0 rows affected (8.94 sec)
Records: 0  Duplicates: 0  Warnings: 0

Query OK, 0 rows affected (6.22 sec)
Records: 0  Duplicates: 0  Warnings: 0

Query OK, 0 rows affected (10.67 sec)
Records: 0  Duplicates: 0  Warnings: 0

Query OK, 0 rows affected (11.85 sec)
Records: 0  Duplicates: 0  Warnings: 0

Query OK, 0 rows affected (11.32 sec)
Records: 0  Duplicates: 0  Warnings: 0

Query OK, 0 rows affected (11.42 sec)
Records: 0  Duplicates: 0  Warnings: 0

Query OK, 0 rows affected (0.00 sec)

Query OK, 445362 rows affected (39.82 sec)
Rows matched: 1705705  Changed: 445362  Warnings: 0

Query OK, 0 rows affected (0.03 sec)

Query OK, 27025 rows affected (6.01 sec)
Records: 27025  Duplicates: 0  Warnings: 0

Query OK, 0 rows affected (0.67 sec)

Query OK, 42453 rows affected (11 min 18.48 sec)
Records: 42453  Duplicates: 0  Warnings: 0

Query OK, 0 rows affected (0.32 sec)
Records: 0  Duplicates: 0  Warnings: 0

Query OK, 0 rows affected (0.24 sec)
Records: 0  Duplicates: 0  Warnings: 0

Query OK, 0 rows affected (0.13 sec)
Records: 0  Duplicates: 0  Warnings: 0

Query OK, 0 rows affected (0.39 sec)

Query OK, 418947 rows affected (13 min 10.39 sec)
Records: 418947  Duplicates: 0  Warnings: 0

Query OK, 0 rows affected (2.21 sec)
Records: 0  Duplicates: 0  Warnings: 0

Query OK, 0 rows affected (2.10 sec)
Records: 0  Duplicates: 0  Warnings: 0

Query OK, 0 rows affected (1.66 sec)
Records: 0  Duplicates: 0  Warnings: 0

Query OK, 0 rows affected (2.46 sec)
Records: 0  Duplicates: 0  Warnings: 0

Query OK, 0 rows affected (4.26 sec)
Records: 0  Duplicates: 0  Warnings: 0

Query OK, 0 rows affected (0.01 sec)

Query OK, 42453 rows affected (1 min 39.14 sec)
Records: 42453  Duplicates: 0  Warnings: 0

+--------------+
| clientreport |
+--------------+
|        42453 |
+--------------+
1 row in set (0.02 sec)

Query OK, 0 rows affected (0.02 sec)

Query OK, 42453 rows affected (6.90 sec)
Records: 42453  Duplicates: 0  Warnings: 0

+----------------------+
| clientextendedreport |
+----------------------+
|                42453 |
+----------------------+
1 row in set (0.01 sec)

Query OK, 0 rows affected (0.08 sec)

Query OK, 42453 rows affected (2 min 0.59 sec)
Records: 42453  Duplicates: 0  Warnings: 0

+---------+
| allcust |
+---------+
|   42453 |
+---------+
1 row in set (0.02 sec)

Query OK, 0 rows affected, 1 warning (0.00 sec)

Query OK, 5000 rows affected (0.18 sec)
Records: 5000  Duplicates: 0  Warnings: 0

Query OK, 0 rows affected (0.02 sec)

Query OK, 6959 rows affected (0.64 sec)
Records: 6959  Duplicates: 0  Warnings: 0

Query OK, 0 rows affected, 1 warning (0.00 sec)

Query OK, 5000 rows affected (0.16 sec)
Records: 5000  Duplicates: 0  Warnings: 0

Query OK, 0 rows affected (0.03 sec)

Query OK, 7324 rows affected (0.23 sec)
Records: 7324  Duplicates: 0  Warnings: 0

mysql> mysql \. C:\workspace\cloud\code\sql\_DailyScript\currenttime.sql
+---------------------+
| currenttime         |
+---------------------+
| 2019-07-29 11:54:20 |
+---------------------+
1 row in set (0.00 sec)

mysql> 
mysql> mysql \. C:\workspace\cloud\code\sql\_DailyScript\REVENUE_PER_NODE_MXK.sql
Query OK, 0 rows affected (0.01 sec)

Query OK, 0 rows affected (0.01 sec)

Query OK, 0 rows affected (0.01 sec)

Query OK, 4745 rows affected (4.64 sec)
Records: 4745  Duplicates: 0  Warnings: 0

+----------------------+
| message              |
+----------------------+
| created temp table a |
+----------------------+
1 row in set (0.00 sec)

Query OK, 5092 rows affected (1.70 sec)
Records: 5092  Duplicates: 0  Warnings: 0

+----------------------+
| message              |
+----------------------+
| created temp table b |
+----------------------+
1 row in set (0.00 sec)

Query OK, 0 rows affected, 1 warning (0.00 sec)

Query OK, 4989 rows affected (8.80 sec)
Records: 4989  Duplicates: 0  Warnings: 0

+--------------------------------+
| message                        |
+--------------------------------+
| created rcbill_my.tempcustmxk1 |
+--------------------------------+
1 row in set (0.00 sec)

Query OK, 0 rows affected (0.00 sec)

Query OK, 0 rows affected (0.00 sec)

Query OK, 0 rows affected, 1 warning (0.00 sec)

Query OK, 4745 rows affected (1.03 sec)
Records: 4745  Duplicates: 0  Warnings: 0

+----------------+
| message        |
+----------------+
| created temp a |
+----------------+
1 row in set (0.00 sec)

Query OK, 5092 rows affected (0.41 sec)
Records: 5092  Duplicates: 0  Warnings: 0

+----------------+
| message        |
+----------------+
| created temp b |
+----------------+
1 row in set (0.00 sec)

Query OK, 0 rows affected, 1 warning (0.00 sec)

Query OK, 5181 rows affected (6.44 sec)
Records: 5181  Duplicates: 0  Warnings: 0

+--------------------------------+
| message                        |
+--------------------------------+
| created rcbill_my.tempcustmxk2 |
+--------------------------------+
1 row in set (0.00 sec)

Query OK, 0 rows affected (0.00 sec)

Query OK, 0 rows affected (0.00 sec)

Query OK, 0 rows affected, 1 warning (0.00 sec)

Query OK, 0 rows affected (0.18 sec)

Query OK, 5633 rows affected (0.28 sec)
Records: 5633  Duplicates: 0  Warnings: 0

+---------------------------------+
| message                         |
+---------------------------------+
| created rcbill_my.customers_mxk |
+---------------------------------+
1 row in set (0.00 sec)

Query OK, 0 rows affected (0.00 sec)

Query OK, 0 rows affected (0.00 sec)

Query OK, 13245 rows affected (5.45 sec)
Records: 13245  Duplicates: 0  Warnings: 0

+----------------+
| message        |
+----------------+
| created temp a |
+----------------+
1 row in set (0.00 sec)

Query OK, 21275 rows affected (3.33 sec)
Records: 21275  Duplicates: 0  Warnings: 0

+----------------+
| message        |
+----------------+
| created temp c |
+----------------+
1 row in set (0.00 sec)

Query OK, 0 rows affected, 1 warning (0.00 sec)

Query OK, 27836 rows affected (0.34 sec)
Records: 27836  Duplicates: 0  Warnings: 0

+---------------------------------+
| message                         |
+---------------------------------+
| created rcbill_my.tempcustcmts1 |
+---------------------------------+
1 row in set (0.00 sec)

Query OK, 0 rows affected (0.00 sec)

Query OK, 0 rows affected, 1 warning (0.01 sec)

Query OK, 0 rows affected (0.01 sec)

Query OK, 13245 rows affected (6.17 sec)
Records: 13245  Duplicates: 0  Warnings: 0

+----------------+
| message        |
+----------------+
| created temp a |
+----------------+
1 row in set (0.00 sec)

Query OK, 21275 rows affected (1.12 sec)
Records: 21275  Duplicates: 0  Warnings: 0

+----------------+
| message        |
+----------------+
| created temp c |
+----------------+
1 row in set (0.00 sec)

Query OK, 0 rows affected, 1 warning (0.00 sec)

Query OK, 22233 rows affected (0.34 sec)
Records: 22233  Duplicates: 0  Warnings: 0

+---------------------------------+
| message                         |
+---------------------------------+
| created rcbill_my.tempcustcmts2 |
+---------------------------------+
1 row in set (0.00 sec)

Query OK, 0 rows affected (0.01 sec)

Query OK, 0 rows affected, 1 warning (0.00 sec)

Query OK, 0 rows affected (0.01 sec)

Query OK, 0 rows affected (0.04 sec)

Query OK, 13411 rows affected (1.09 sec)
Records: 13411  Duplicates: 0  Warnings: 0

+----------------------------------+
| message                          |
+----------------------------------+
| created rcbill_my.customers_cmts |
+----------------------------------+
1 row in set (0.00 sec)

Query OK, 0 rows affected (0.01 sec)

Query OK, 0 rows affected (0.01 sec)

Query OK, 0 rows affected (0.04 sec)

Query OK, 19044 rows affected (0.88 sec)
Records: 19044  Duplicates: 0  Warnings: 0

+--------------------------------------+
| message                              |
+--------------------------------------+
| created rcbill_my.customers_cmts_mxk |
+--------------------------------------+
1 row in set (0.00 sec)

Query OK, 441939 rows affected (1 min 22.45 sec)
Records: 441939  Duplicates: 0  Warnings: 0

+----------------+
| message        |
+----------------+
| created temp a |
+----------------+
1 row in set (0.00 sec)

Query OK, 0 rows affected (0.81 sec)

Query OK, 442866 rows affected (18.54 sec)
Records: 442866  Duplicates: 0  Warnings: 0

+------------------------------------------------+
| message                                        |
+------------------------------------------------+
| created rcbill_my.customers_contracts_cmts_mxk |
+------------------------------------------------+
1 row in set (0.01 sec)

Query OK, 0 rows affected (0.01 sec)

Query OK, 0 rows affected, 1 warning (0.00 sec)

Query OK, 0 rows affected, 1 warning (0.00 sec)

Query OK, 0 rows affected (0.00 sec)

Query OK, 7989 rows affected (4.54 sec)
Rows matched: 7989  Changed: 7989  Warnings: 0

+------------------------------------------------+
| message                                        |
+------------------------------------------------+
| updated rcbill_my.customers_contracts_cmts_mxk |
+------------------------------------------------+
1 row in set (0.00 sec)

Query OK, 0 rows affected (0.24 sec)

Query OK, 1669192 rows affected (5 min 13.31 sec)
Records: 1669192  Duplicates: 0  Warnings: 0

+----------------------------------------+
| message                                |
+----------------------------------------+
| created rcbill_my.customers_collection |
+----------------------------------------+
1 row in set (0.00 sec)

Query OK, 0 rows affected (0.53 sec)

Query OK, 1921873 rows affected (2 min 47.29 sec)
Records: 1921873  Duplicates: 0  Warnings: 0

+------------------------------------------------+
| message                                        |
+------------------------------------------------+
| created rcbill_my.customers_cmts_mxk_cont_coll |
+------------------------------------------------+
1 row in set (0.00 sec)

Query OK, 0 rows affected (0.05 sec)

Query OK, 40783 rows affected (15.61 sec)
Records: 40783  Duplicates: 0  Warnings: 0

+------------------------------------------------------------+
| message                                                    |
+------------------------------------------------------------+
| created rcbill_my.customers_contracts_collection_pivot2019 |
+------------------------------------------------------------+
1 row in set (0.00 sec)

Query OK, 0 rows affected (0.18 sec)

Query OK, 19450 rows affected (12.74 sec)
Records: 19450  Duplicates: 0  Warnings: 0

+--------------------------------------------------+
| message                                          |
+--------------------------------------------------+
| created rcbill_my.customers_collection_pivot2019 |
+--------------------------------------------------+
1 row in set (0.00 sec)

Query OK, 0 rows affected (0.02 sec)

Query OK, 42453 rows affected (2.07 sec)
Records: 42453  Duplicates: 0  Warnings: 0

+------------------------------------------------+
| message                                        |
+------------------------------------------------+
| created rcbill_my.rep_customers_collection2019 |
+------------------------------------------------+
1 row in set (0.00 sec)

Query OK, 0 rows affected (0.00 sec)

Query OK, 0 rows affected, 1 warning (0.00 sec)

Query OK, 412980 rows affected (27.84 sec)
Records: 412980  Duplicates: 0  Warnings: 0

+-------------------------+
| message                 |
+-------------------------+
| created rcbill_my.tempa |
+-------------------------+
1 row in set (0.00 sec)

Query OK, 0 rows affected, 1 warning (0.00 sec)

Query OK, 90047 rows affected (18.48 sec)
Records: 90047  Duplicates: 0  Warnings: 0

+-------------------------+
| message                 |
+-------------------------+
| created rcbill_my.tempb |
+-------------------------+
1 row in set (0.00 sec)

Query OK, 412980 rows affected (14.23 sec)
Records: 412980  Duplicates: 0  Warnings: 0

+-----------+
| message   |
+-----------+
| created a |
+-----------+
1 row in set (0.00 sec)

Query OK, 90252 rows affected (9.46 sec)
Records: 90252  Duplicates: 0  Warnings: 0

+-----------+
| message   |
+-----------+
| created b |
+-----------+
1 row in set (0.00 sec)

Query OK, 0 rows affected (0.09 sec)

Query OK, 0 rows affected (0.01 sec)

Query OK, 0 rows affected (0.18 sec)

Query OK, 415814 rows affected (29.89 sec)
Records: 415814  Duplicates: 0  Warnings: 0

+----------------------------------------------+
| message                                      |
+----------------------------------------------+
| created rcbill_my.cust_cont_payment_cmts_mxk |
+----------------------------------------------+
1 row in set (0.00 sec)

Query OK, 0 rows affected (0.01 sec)

Query OK, 0 rows affected (0.00 sec)

Query OK, 0 rows affected, 1 warning (0.00 sec)

Query OK, 0 rows affected (0.02 sec)

Query OK, 42453 rows affected (12.90 sec)
Records: 42453  Duplicates: 0  Warnings: 0

+--------------------------------------------------+
| message                                          |
+--------------------------------------------------+
| created rcbill_my.rep_cust_cont_payment_cmts_mxk |
+--------------------------------------------------+
1 row in set (0.00 sec)

Query OK, 0 rows affected, 1 warning (0.00 sec)

Query OK, 0 rows affected, 1 warning (0.00 sec)

Query OK, 0 rows affected (0.03 sec)

Query OK, 42453 rows affected, 5 warnings (10.91 sec)
Records: 42453  Duplicates: 0  Warnings: 5

+----------------------+
| rep_custconsolidated |
+----------------------+
|                42453 |
+----------------------+
1 row in set (0.03 sec)

Query OK, 0 rows affected (0.00 sec)

Query OK, 0 rows affected (0.03 sec)

+----------------------------------------------+
| message                                      |
+----------------------------------------------+
| creating rcbill_my.retentioncustomeractivity |
+----------------------------------------------+
1 row in set (0.00 sec)

Query OK, 703 rows affected (0.10 sec)
Records: 703  Duplicates: 0  Warnings: 0

+---------------------------+
| retentioncustomeractivity |
+---------------------------+
|                       703 |
+---------------------------+
1 row in set (0.00 sec)

+-----------+------------------------------------+------------+-------------+-----------------+------------------+---------------------+-------------------+
| HFC_NODE  | NODENAME                           | CMTS_DATE  | INSERTED_ON | UNIQUE_ACCOUNTS | UNIQUE_CONTRACTS | UNIQUE_MAC_INRCBOSS | UNIQUE_MAC_INCMTS |
+-----------+------------------------------------+------------+-------------+-----------------+------------------+---------------------+-------------------+
| NULL      | NULL                               | NULL       | 2019-07-29  |            5572 |             5833 |                5885 |                 0 |
| C5/0/0/U0 | ANSE-BOILEAU-2                     | 2019-06-26 | 2019-07-29  |             176 |              180 |                 176 |               176 |
| C5/0/0/U1 | 500-C3-ANSE-BOILEAU                | 2019-06-26 | 2019-07-29  |             169 |              177 |                 169 |               171 |
| C5/0/1/U0 | 501-C4-LA-MISIERE-LEFT-I           | 2019-06-26 | 2019-07-29  |             212 |              222 |                 211 |               215 |
| C5/0/1/U1 | 501-C5-LA-MISIERE-RIGHT            | 2019-06-26 | 2019-07-29  |             101 |              104 |                 101 |               102 |
| C5/0/1/U2 | 501-C7-LA-MISIERE-LEFT-II          | 2019-06-26 | 2019-07-29  |              84 |               85 |                  84 |                86 |
| C5/0/2/U0 | 502-C8-LA-LOUISE                   | 2019-06-26 | 2019-07-29  |             138 |              140 |                 138 |               142 |
| C5/0/2/U1 | LA-LOUISE-2                        | 2019-06-26 | 2019-07-29  |             138 |              142 |                 138 |               144 |
| C5/0/3/U0 | 504-C6-PETIT-PARIS                 | 2019-06-26 | 2019-07-29  |             157 |              159 |                 157 |               161 |
| C5/0/3/U1 | PETIT-PARIS-23                     | 2019-06-26 | 2019-07-29  |              79 |               82 |                  79 |                84 |
| C5/0/4/U0 | FOUR-SEASONS                       | 2019-06-26 | 2019-07-29  |               6 |               18 |                  18 |                18 |
| C5/0/4/U1 | ANCHOR-CAFE-I                      | 2019-06-26 | 2019-07-29  |             141 |              143 |                 141 |               143 |
| C5/0/4/U2 | ANCHOR-CAFE-II                     | 2019-06-26 | 2019-07-29  |             151 |              154 |                 151 |               154 |
| C5/1/0/U0 | POINTE-LARUE-AIRPORT-23            | 2019-06-26 | 2019-07-29  |             100 |              108 |                 102 |               105 |
| C5/1/0/U1 | PPROVIDENCE-23                     | 2019-06-26 | 2019-07-29  |              26 |               29 |                  27 |                28 |
| C5/1/0/U2 | ROSHE-CAIMAN-23                    | 2019-06-26 | 2019-07-29  |              11 |               12 |                  11 |                12 |
| C5/1/0/U3 | HEAD-OFFICE | HO-23                | 2019-06-26 | 2019-07-29  |              26 |               26 |                  26 |                31 |
| C5/1/1/U1 | C5-UNION-VALE                      | 2019-06-26 | 2019-07-29  |             197 |              202 |                 197 |               197 |
| C5/1/3/U0 | POINTE-LARUE-AIRPORT-27            | 2019-06-26 | 2019-07-29  |             133 |              135 |                 133 |               135 |
| C5/1/3/U1 | PPROVIDENCE-27                     | 2019-06-26 | 2019-07-29  |              35 |               35 |                  35 |                35 |
| C5/1/3/U2 | ROSHE-CAIMAN-27                    | 2019-06-26 | 2019-07-29  |              23 |               23 |                  23 |                23 |
| C5/1/3/U3 | HEAD-OFFICE | HO-27                | 2019-06-26 | 2019-07-29  |              19 |               20 |                  19 |                21 |
| C5/1/4/U0 | ANSE-ROYALE-27                     | 2019-06-26 | 2019-07-29  |             174 |              180 |                 174 |               177 |
| C5/1/4/U1 | GLACIS-2-57                        | 2019-06-26 | 2019-07-29  |              92 |               96 |                  92 |                96 |
| C5/1/4/U3 | GLACIS-1                           | 2019-06-26 | 2019-07-29  |              94 |               98 |                  94 |               105 |
| C6/0/1/U0 | SERRET-ROAD-RIGHT/CURIO/PASCAL     | 2019-06-26 | 2019-07-29  |             118 |              118 |                 118 |               121 |
| C6/0/1/U1 | SERRET-ROAD-LEFT/ST.LOUIS/TOWN     | 2019-06-26 | 2019-07-29  |             139 |              145 |                 139 |               142 |
| C6/0/1/U2 | SERRET-ROAD-RIGHT/CURIO/PASCAL-2   | 2019-06-26 | 2019-07-29  |             125 |              130 |                 125 |               129 |
| C6/0/1/U3 | SERRET-ROAD-LEFT/ST.LOUIS/TOWN-2   | 2019-06-26 | 2019-07-29  |             136 |              140 |                 136 |               139 |
| C6/0/2/U0 | SANS-SOUCIS-I                      | 2019-06-26 | 2019-07-29  |             125 |              129 |                 125 |               128 |
| C6/0/2/U1 | SANS-SOUCIS-II                     | 2019-06-26 | 2019-07-29  |             109 |              111 |                 108 |               110 |
| C6/0/2/U2 | BEL-AIR-27                         | 2019-06-26 | 2019-07-29  |              88 |               90 |                  88 |                93 |
| C6/0/2/U3 | BEL-AIR-38                         | 2019-06-26 | 2019-07-29  |             116 |              121 |                 116 |               118 |
| C6/0/3/U0 | LES-MAMELLES-23                    | 2019-06-26 | 2019-07-29  |              98 |               98 |                  98 |               101 |
| C6/0/3/U1 | VICTORIA-23                        | 2019-06-26 | 2019-07-29  |              32 |               33 |                  32 |                34 |
| C6/0/4/U0 | LES-MAMELLES-27                    | 2019-06-26 | 2019-07-29  |              54 |               54 |                  54 |                55 |
| C6/0/4/U1 | VICTORIA-27                        | 2019-06-26 | 2019-07-29  |              18 |               23 |                  21 |                23 |
| C7/1/0/U0 | LA-RETRAITE-23                     | 2019-06-26 | 2019-07-29  |              97 |              103 |                  97 |               100 |
| C7/1/0/U1 | TEA-FACTORY-23                     | 2019-06-26 | 2019-07-29  |              28 |               33 |                  29 |                30 |
| C7/1/0/U2 | PAS-23                             | 2019-06-26 | 2019-07-29  |             104 |              106 |                 104 |               105 |
| C7/1/1/U0 | REEF-ESTATE-23                     | 2019-06-26 | 2019-07-29  |              87 |               88 |                  87 |                90 |
| C7/1/1/U1 | BEL-OMBRE-NEW-23                   | 2019-06-26 | 2019-07-29  |              21 |               21 |                  21 |                25 |
| C7/1/2/U0 | LA-RETRAITE-27                     | 2019-06-26 | 2019-07-29  |             125 |              130 |                 126 |               127 |
| C7/1/2/U1 | TEA-FACTORY-27                     | 2019-06-26 | 2019-07-29  |              20 |               23 |                  21 |                21 |
| C7/1/2/U2 | PAS-27                             | 2019-06-26 | 2019-07-29  |              90 |               93 |                  90 |                92 |
| C7/1/3/U0 | MT-BUXTON-27                       | 2019-06-26 | 2019-07-29  |             155 |              160 |                 155 |               158 |
| C7/1/3/U1 | MT-BUXTON-23                       | 2019-06-26 | 2019-07-29  |              62 |               63 |                  62 |                63 |
| C7/1/4/U0 | REEF-ESTATE-27                     | 2019-06-26 | 2019-07-29  |              61 |               62 |                  61 |                61 |
| C7/1/4/U1 | BEL-OMBRE-NEW-27                   | 2019-06-26 | 2019-07-29  |              17 |               17 |                  17 |                20 |
| C8/0/0/U0 | POLICE-ACADEMY-1-27 - POINTE LARUE | 2019-06-26 | 2019-07-29  |             175 |              177 |                 175 |               175 |
| C8/0/0/U1 | NULL                               | 2019-06-26 | 2019-07-29  |             103 |              106 |                 103 |               110 |
| C8/0/1/U0 | NULL                               | 2019-06-26 | 2019-07-29  |             195 |              198 |                 195 |               196 |
| C8/0/1/U1 | POLICE-ACADEMY-2-27 - TURTLE BAY   | 2019-06-26 | 2019-07-29  |             144 |              148 |                 145 |               145 |
| C8/0/2/U0 | BEAU-VALLON-LEFT-1-57              | 2019-06-26 | 2019-07-29  |              92 |               95 |                  92 |                93 |
| C8/0/3/U1 | BEAU-VALLON-RIGHT-2-57             | 2019-06-26 | 2019-07-29  |             197 |              206 |                 197 |               201 |
| C8/1/0/U0 | MA-JOIE-NODE-27                    | 2019-06-26 | 2019-07-29  |             114 |              115 |                 114 |               115 |
| C8/1/0/U1 | BELONIE-27                         | 2019-06-26 | 2019-07-29  |             137 |              139 |                 136 |               147 |
| C8/1/0/U3 | MA-JOIE-NODE-23                    | 2019-06-26 | 2019-07-29  |             115 |              118 |                 115 |               115 |
| C8/1/1/U0 | 611-C1-ROJN I                      | 2019-06-26 | 2019-07-29  |             148 |              149 |                 148 |               152 |
| C8/1/1/U1 | 611-C5-ROJN II                     | 2019-06-26 | 2019-07-29  |              88 |               90 |                  88 |                89 |
| C8/1/2/U0 | 612-C2-ANSE-ETOILE                 | 2019-06-26 | 2019-07-29  |             230 |              233 |                 230 |               230 |
| C8/1/2/U1 | ANSE-ETOILE-U2                     | 2019-06-26 | 2019-07-29  |              44 |               45 |                  44 |                45 |
| C8/1/3/U0 | 613-C3-ANSE-GAULETTE I             | 2019-06-26 | 2019-07-29  |              69 |               72 |                  69 |                69 |
| C8/1/3/U1 | 613-C7-ANSE-GAULETTE II            | 2019-06-26 | 2019-07-29  |              70 |               78 |                  70 |                75 |
| C8/1/3/U2 | 613-C3-ANSE-GAULETTE III           | 2019-06-26 | 2019-07-29  |              34 |               37 |                  34 |                35 |
| C8/1/3/U3 | TAKAMAKA I                         | 2019-06-26 | 2019-07-29  |              97 |               98 |                  97 |                97 |
| C8/1/3/U4 | TAKAMAKA II                        | 2019-06-26 | 2019-07-29  |             100 |              102 |                 100 |               100 |
| C8/1/4/U0 | 614-BEOLIERE-NODE-1                | 2019-06-26 | 2019-07-29  |             154 |              164 |                 154 |               161 |
| C8/1/4/U1 | 614-BEOLIERE-NODE-2                | 2019-06-26 | 2019-07-29  |              59 |               60 |                  59 |                61 |
+-----------+------------------------------------+------------+-------------+-----------------+------------------+---------------------+-------------------+
69 rows in set (0.22 sec)

+------------------+------------+-------------+-----------------+------------------+----------------------+-------------------+
| MXK_NAME         | MXK_DATE   | INSERTED_ON | UNIQUE_ACCOUNTS | UNIQUE_CONTRACTS | UNIQUE_FSAN_INRCBOSS | UNIQUE_FSAN_INMXK |
+------------------+------------+-------------+-----------------+------------------+----------------------+-------------------+
| NULL             | NULL       | 2019-07-29  |             440 |              449 |                  436 |                 0 |
| MXK-ANSEETOILE   | 2019-06-26 | 2019-07-29  |              99 |              100 |                  100 |               105 |
| MXK-ANSEROYALE   | 2019-06-26 | 2019-07-29  |             132 |              133 |                  133 |               149 |
| MXK-BEAUVALLON   | 2019-06-26 | 2019-07-29  |            1089 |             1104 |                 1097 |              1151 |
| MXK-MAHE         | 2019-06-26 | 2019-07-29  |             849 |              869 |                  811 |              1030 |
| MXK-PERSEVERANCE | 2019-06-26 | 2019-07-29  |             966 |              971 |                  966 |              1107 |
| MXK-PRASLIN      | 2019-06-26 | 2019-07-29  |            1182 |             1185 |                 1177 |              1325 |
+------------------+------------+-------------+-----------------+------------------+----------------------+-------------------+
7 rows in set (0.07 sec)

mysql> mysql \. C:\workspace\cloud\code\sql\_DailyScript\currenttime.sql
+---------------------+
| currenttime         |
+---------------------+
| 2019-07-29 12:07:26 |
+---------------------+
1 row in set (0.00 sec)

mysql> 
mysql> mysql \. C:\workspace\cloud\code\sql\Analysis\service_tickets_assignments.sql
Query OK, 0 rows affected (0.02 sec)

Query OK, 55500 rows affected (16.95 sec)
Records: 55500  Duplicates: 0  Warnings: 0

+-------------------------+
| rep_servicetickets_2019 |
+-------------------------+
|                   55500 |
+-------------------------+
1 row in set (0.05 sec)

mysql> mysql \. C:\workspace\cloud\code\sql\_DailyScript\currenttime.sql
+---------------------+
| currenttime         |
+---------------------+
| 2019-07-29 12:07:43 |
+---------------------+
1 row in set (0.00 sec)

mysql> 
mysql> 
mysql> 
mysql> 
mysql> exit
