    -> 
    -> mysql \. C:\workspace\cloud\code\sql\_DailyScript\_setdates.sql
Database changed
Query OK, 0 rows affected (0.00 sec)

Query OK, 0 rows affected (0.00 sec)

Query OK, 0 rows affected (0.00 sec)

Query OK, 0 rows affected (0.00 sec)

Query OK, 0 rows affected (0.00 sec)

Query OK, 0 rows affected (0.00 sec)

Query OK, 0 rows affected (0.02 sec)

Query OK, 0 rows affected (0.00 sec)

Query OK, 0 rows affected (0.00 sec)

Query OK, 0 rows affected (0.00 sec)

Query OK, 0 rows affected (0.00 sec)

Query OK, 0 rows affected (0.00 sec)

Query OK, 0 rows affected (0.00 sec)

Query OK, 0 rows affected (0.00 sec)

Query OK, 0 rows affected (0.00 sec)

Query OK, 0 rows affected (0.00 sec)

Query OK, 0 rows affected (0.00 sec)

Query OK, 0 rows affected (0.00 sec)

Query OK, 0 rows affected (0.00 sec)

Query OK, 0 rows affected (0.00 sec)

Query OK, 0 rows affected (0.00 sec)

mysql> mysql \. C:\workspace\cloud\code\sql\_DailyScript\currenttime.sql
+---------------------+
| currenttime         |
+---------------------+
| 2019-08-05 08:52:29 |
+---------------------+
1 row in set (0.00 sec)

mysql> 
mysql> mysql \. C:\workspace\cloud\code\sql\_DailyScript\load_RCB_VODTITLES.sql
Database changed
Query OK, 0 rows affected (0.00 sec)

Query OK, 6423 rows affected (0.22 sec)

Query OK, 6425 rows affected, 6425 warnings (0.19 sec)
Records: 6425  Deleted: 0  Skipped: 0  Warnings: 6425

Query OK, 0 rows affected (0.00 sec)

Query OK, 2 rows affected (0.02 sec)

+-----------+
| VODTITLES |
+-----------+
|      6883 |
+-----------+
1 row in set (0.00 sec)

+-----------+-----------+
| titletype | typecount |
+-----------+-----------+
| E         |      5081 |
| N         |       165 |
| T         |      1177 |
| NULL      |      6423 |
+-----------+-----------+
4 rows in set (0.01 sec)

mysql> mysql \. C:\workspace\cloud\code\sql\_DailyScript\currenttime.sql
+---------------------+
| currenttime         |
+---------------------+
| 2019-08-05 08:52:30 |
+---------------------+
1 row in set (0.00 sec)

mysql> 
mysql> mysql \. C:\workspace\cloud\code\sql\_DailyScript\DAILY-SCRIPT-LIVETV-STATS.sql
Database changed
Query OK, 0 rows affected (0.08 sec)

Query OK, 71677 rows affected (1.22 sec)
Records: 71677  Duplicates: 0  Warnings: 0

+------------+------------+----------+--------------+--------------+-----------+-------------+----------+--------+------+------------+---------+---------------+
| Table      | Non_unique | Key_name | Seq_in_index | Column_name  | Collation | Cardinality | Sub_part | Packed | Null | Index_type | Comment | Index_comment |
+------------+------------+----------+--------------+--------------+-----------+-------------+----------+--------+------+------------+---------+---------------+
| templivetv |          1 | idxtv1   |            1 | device       | A         |       71545 |     NULL | NULL   | YES  | BTREE      |         |               |
| templivetv |          1 | idxtv2   |            1 | sessionstart | A         |       71545 |     NULL | NULL   | YES  | BTREE      |         |               |
+------------+------------+----------+--------------+--------------+-----------+-------------+----------+--------+------+------------+---------+---------------+
2 rows in set (0.03 sec)

Query OK, 71219 rows affected (33.20 sec)
Records: 71219  Duplicates: 0  Warnings: 0

Query OK, 2719 rows affected (1.50 sec)
Records: 2719  Duplicates: 0  Warnings: 0

Query OK, 0 rows affected (0.00 sec)

Query OK, 0 rows affected (0.01 sec)

Query OK, 143 rows affected (0.14 sec)
Records: 143  Duplicates: 0  Warnings: 0

Query OK, 0 rows affected (0.03 sec)

Query OK, 82394 rows affected (21 min 21.00 sec)
Records: 82394  Duplicates: 0  Warnings: 0

+-----------------+
| rep_livetvstats |
+-----------------+
|           82394 |
+-----------------+
1 row in set (0.03 sec)

mysql> mysql \. C:\workspace\cloud\code\sql\_DailyScript\currenttime.sql
+---------------------+
| currenttime         |
+---------------------+
| 2019-08-05 09:14:27 |
+---------------------+
1 row in set (0.00 sec)

mysql> 
mysql> mysql \. C:\workspace\cloud\code\sql\_DailyScript\DAILY-SCRIPT-VODTS-STATS.sql
Database changed
Query OK, 0 rows affected (0.09 sec)

Query OK, 3516 rows affected (1 min 16.97 sec)
Records: 3516  Duplicates: 0  Warnings: 0

+---------+------------+----------+--------------+--------------+-----------+-------------+----------+--------+------+------------+---------+---------------+
| Table   | Non_unique | Key_name | Seq_in_index | Column_name  | Collation | Cardinality | Sub_part | Packed | Null | Index_type | Comment | Index_comment |
+---------+------------+----------+--------------+--------------+-----------+-------------+----------+--------+------+------------+---------+---------------+
| tempvod |          1 | idxtvod1 |            1 | device       | A         |        3399 |     NULL | NULL   | YES  | BTREE      |         |               |
| tempvod |          1 | idxtvod2 |            1 | sessionstart | A         |        3399 |     NULL | NULL   | YES  | BTREE      |         |               |
+---------+------------+----------+--------------+--------------+-----------+-------------+----------+--------+------+------------+---------+---------------+
2 rows in set (0.00 sec)

Query OK, 3516 rows affected (6.69 sec)
Records: 3516  Duplicates: 0  Warnings: 0

Query OK, 0 rows affected (0.22 sec)

Query OK, 277716 rows affected (27.55 sec)
Records: 277716  Duplicates: 0  Warnings: 0

+--------------+
| rep_vodstats |
+--------------+
|       277716 |
+--------------+
1 row in set (0.11 sec)

Database changed
Query OK, 0 rows affected (0.06 sec)

Query OK, 9724 rows affected (5 min 58.46 sec)
Records: 9724  Duplicates: 0  Warnings: 0

+--------+------------+----------+--------------+--------------+-----------+-------------+----------+--------+------+------------+---------+---------------+
| Table  | Non_unique | Key_name | Seq_in_index | Column_name  | Collation | Cardinality | Sub_part | Packed | Null | Index_type | Comment | Index_comment |
+--------+------------+----------+--------------+--------------+-----------+-------------+----------+--------+------+------------+---------+---------------+
| tempts |          1 | idxtts1  |            1 | device       | A         |        9822 |     NULL | NULL   | YES  | BTREE      |         |               |
| tempts |          1 | idxtts2  |            1 | sessionstart | A         |        9822 |     NULL | NULL   | YES  | BTREE      |         |               |
+--------+------------+----------+--------------+--------------+-----------+-------------+----------+--------+------+------------+---------+---------------+
2 rows in set (0.00 sec)

Query OK, 9667 rows affected (15.61 sec)
Records: 9667  Duplicates: 0  Warnings: 0

Query OK, 0 rows affected (0.02 sec)

Query OK, 22533 rows affected (5 min 25.33 sec)
Records: 22533  Duplicates: 0  Warnings: 0

+-------------+
| rep_tsstats |
+-------------+
|       22533 |
+-------------+
1 row in set (0.01 sec)

mysql> mysql \. C:\workspace\cloud\code\sql\_DailyScript\currenttime.sql
+---------------------+
| currenttime         |
+---------------------+
| 2019-08-05 09:27:58 |
+---------------------+
1 row in set (0.00 sec)

mysql> 
mysql> mysql \. C:\workspace\cloud\code\sql\_DailyScript\DAILY-SCRIPT-RADIO-STATS.sql
Database changed
Query OK, 0 rows affected (0.14 sec)

Query OK, 166798 rows affected (5.36 sec)
Records: 166798  Duplicates: 0  Warnings: 0

+-----------+------------+----------+--------------+--------------+-----------+-------------+----------+--------+------+------------+---------+---------------+
| Table     | Non_unique | Key_name | Seq_in_index | Column_name  | Collation | Cardinality | Sub_part | Packed | Null | Index_type | Comment | Index_comment |
+-----------+------------+----------+--------------+--------------+-----------+-------------+----------+--------+------+------------+---------+---------------+
| tempradio |          1 | idxtrad1 |            1 | device       | A         |      167000 |     NULL | NULL   | YES  | BTREE      |         |               |
| tempradio |          1 | idxtrad2 |            1 | sessionstart | A         |      167000 |     NULL | NULL   | YES  | BTREE      |         |               |
+-----------+------------+----------+--------------+--------------+-----------+-------------+----------+--------+------+------------+---------+---------------+
2 rows in set (0.00 sec)

Query OK, 223 rows affected (6.91 sec)
Records: 223  Duplicates: 0  Warnings: 0

Query OK, 0 rows affected (0.03 sec)

Query OK, 3077 rows affected (0.38 sec)
Records: 3077  Duplicates: 0  Warnings: 0

+----------------+
| rep_radiostats |
+----------------+
|           3077 |
+----------------+
1 row in set (0.00 sec)

mysql> mysql \. C:\workspace\cloud\code\sql\_DailyScript\currenttime.sql
+---------------------+
| currenttime         |
+---------------------+
| 2019-08-05 09:28:11 |
+---------------------+
1 row in set (0.00 sec)

mysql> 
mysql> mysql \. C:\workspace\cloud\code\sql\_DailyScript\DAILY_SCRIPT_TELEMETRY_PIVOT.sql
Query OK, 0 rows affected (0.05 sec)

Query OK, 147 rows affected (0.20 sec)
Records: 147  Duplicates: 0  Warnings: 0

Query OK, 0 rows affected (0.03 sec)

Query OK, 5025 rows affected (0.99 sec)
Records: 5025  Duplicates: 0  Warnings: 0

Query OK, 0 rows affected (0.02 sec)

Query OK, 6 rows affected (0.03 sec)
Records: 6  Duplicates: 0  Warnings: 0

Query OK, 0 rows affected (0.03 sec)

Query OK, 55 rows affected (0.05 sec)
Records: 55  Duplicates: 0  Warnings: 0

mysql> mysql \. C:\workspace\cloud\code\sql\_DailyScript\currenttime.sql
+---------------------+
| currenttime         |
+---------------------+
| 2019-08-05 09:28:12 |
+---------------------+
1 row in set (0.01 sec)

mysql> 
mysql> mysql \. C:\workspace\cloud\code\sql\_DailyScript\telemetry_livetv_ranking2019.sql
Query OK, 0 rows affected (0.02 sec)

Query OK, 147 rows affected (0.02 sec)
Records: 147  Duplicates: 0  Warnings: 0

mysql> mysql \. C:\workspace\cloud\code\sql\_DailyScript\currenttime.sql
+---------------------+
| currenttime         |
+---------------------+
| 2019-08-05 09:28:13 |
+---------------------+
1 row in set (0.00 sec)

mysql> 
mysql> mysql \. C:\workspace\cloud\code\sql\_DailyScript\telemetry_radio_ranking2019.sql
Query OK, 0 rows affected (0.00 sec)

Query OK, 6 rows affected (0.13 sec)
Records: 6  Duplicates: 0  Warnings: 0

mysql> mysql \. C:\workspace\cloud\code\sql\_DailyScript\currenttime.sql
+---------------------+
| currenttime         |
+---------------------+
| 2019-08-05 09:28:13 |
+---------------------+
1 row in set (0.00 sec)

mysql> 
mysql> mysql \. C:\workspace\cloud\code\sql\_DailyScript\telemetry_ts_ranking2019.sql
Query OK, 0 rows affected (0.00 sec)

Query OK, 55 rows affected (0.01 sec)
Records: 55  Duplicates: 0  Warnings: 0

mysql> mysql \. C:\workspace\cloud\code\sql\_DailyScript\currenttime.sql
+---------------------+
| currenttime         |
+---------------------+
| 2019-08-05 09:28:13 |
+---------------------+
1 row in set (0.00 sec)

mysql> 
mysql> mysql \. C:\workspace\cloud\code\sql\_DailyScript\telemetry_vod_ranking2019.sql
Query OK, 0 rows affected (0.00 sec)

Query OK, 5025 rows affected (0.22 sec)
Records: 5025  Duplicates: 0  Warnings: 0

mysql> mysql \. C:\workspace\cloud\code\sql\_DailyScript\currenttime.sql
+---------------------+
| currenttime         |
+---------------------+
| 2019-08-05 09:28:13 |
+---------------------+
1 row in set (0.00 sec)

mysql> 
mysql> mysql \. C:\workspace\cloud\code\sql\_DailyScript\telemetry_vod_ranking2019_1.sql
Query OK, 0 rows affected (0.00 sec)

Query OK, 5025 rows affected (0.13 sec)
Records: 5025  Duplicates: 0  Warnings: 0

mysql> mysql \. C:\workspace\cloud\code\sql\_DailyScript\currenttime.sql
+---------------------+
| currenttime         |
+---------------------+
| 2019-08-05 09:28:13 |
+---------------------+
1 row in set (0.00 sec)

mysql> 
mysql> mysql \. C:\workspace\cloud\code\sql\_DailyScript\telemetry_vod_ranking2019_2.sql
Query OK, 0 rows affected (0.03 sec)

Query OK, 5025 rows affected (0.14 sec)
Records: 5025  Duplicates: 0  Warnings: 0

mysql> mysql \. C:\workspace\cloud\code\sql\_DailyScript\currenttime.sql
+---------------------+
| currenttime         |
+---------------------+
| 2019-08-05 09:28:13 |
+---------------------+
1 row in set (0.00 sec)

mysql> 
mysql> mysql \. C:\workspace\cloud\code\sql\_DailyScript\DAILY-SCRIPT-CREATE-LOAD.sql
Database changed
Database changed
Query OK, 0 rows affected (0.06 sec)

Query OK, 0 rows affected (0.05 sec)

Database changed
Query OK, 65511 rows affected (4.02 sec)
Records: 65511  Deleted: 0  Skipped: 0  Warnings: 0

Query OK, 0 rows affected (0.20 sec)
Records: 0  Duplicates: 0  Warnings: 0

Query OK, 0 rows affected (0.30 sec)
Records: 0  Duplicates: 0  Warnings: 0

Query OK, 0 rows affected (0.33 sec)
Records: 0  Duplicates: 0  Warnings: 0

Query OK, 0 rows affected (0.29 sec)
Records: 0  Duplicates: 0  Warnings: 0

+---------+
| clients |
+---------+
|   65511 |
+---------+
1 row in set (0.01 sec)

Query OK, 0 rows affected (0.03 sec)

Query OK, 2122 rows affected (0.58 sec)
Records: 2122  Duplicates: 0  Warnings: 0

+-------------------+
| rcb_clientparcels |
+-------------------+
|              2122 |
+-------------------+
1 row in set (0.00 sec)

Query OK, 0 rows affected (0.02 sec)

Query OK, 85105 rows affected (3.88 sec)
Records: 85105  Duplicates: 0  Warnings: 0

Query OK, 0 rows affected (0.38 sec)
Records: 0  Duplicates: 0  Warnings: 0

Query OK, 0 rows affected (0.23 sec)

Query OK, 65511 rows affected (3.11 sec)
Records: 65511  Duplicates: 0  Warnings: 0

Query OK, 0 rows affected (0.25 sec)
Records: 0  Duplicates: 0  Warnings: 0

Query OK, 0 rows affected (0.28 sec)
Records: 0  Duplicates: 0  Warnings: 0

Query OK, 0 rows affected (0.36 sec)
Records: 0  Duplicates: 0  Warnings: 0

+---------------+
| clientaddress |
+---------------+
|         65511 |
+---------------+
1 row in set (0.02 sec)

Database changed
Query OK, 0 rows affected (0.13 sec)

Query OK, 0 rows affected (0.01 sec)

Database changed
Query OK, 482804 rows affected, 65535 warnings (23.09 sec)
Records: 482804  Deleted: 0  Skipped: 0  Warnings: 188725

Query OK, 0 rows affected (7.12 sec)
Records: 0  Duplicates: 0  Warnings: 0

Query OK, 0 rows affected (3.16 sec)
Records: 0  Duplicates: 0  Warnings: 0

Query OK, 0 rows affected (2.98 sec)
Records: 0  Duplicates: 0  Warnings: 0

Query OK, 0 rows affected (0.10 sec)

Query OK, 482804 rows affected (53.99 sec)
Records: 482804  Duplicates: 0  Warnings: 0

Query OK, 0 rows affected (2.28 sec)
Records: 0  Duplicates: 0  Warnings: 0

Query OK, 0 rows affected (1.80 sec)
Records: 0  Duplicates: 0  Warnings: 0

+-----------+
| contracts |
+-----------+
|    482804 |
+-----------+
1 row in set (0.22 sec)

+-----------------+
| contractaddress |
+-----------------+
|          482804 |
+-----------------+
1 row in set (0.17 sec)

Database changed
Query OK, 0 rows affected (0.36 sec)

Query OK, 0 rows affected (0.01 sec)

Query OK, 6690 rows affected (0.25 sec)
Records: 6690  Deleted: 0  Skipped: 0  Warnings: 0

Query OK, 0 rows affected (0.12 sec)

Query OK, 6659 rows affected (2.30 sec)
Records: 6659  Duplicates: 0  Warnings: 0

Query OK, 0 rows affected (0.05 sec)
Records: 0  Duplicates: 0  Warnings: 0

Query OK, 0 rows affected (0.06 sec)

Query OK, 5476 rows affected (0.14 sec)
Records: 5476  Duplicates: 0  Warnings: 0

Query OK, 0 rows affected (0.05 sec)
Records: 0  Duplicates: 0  Warnings: 0

+-------------------+
| contractdiscounts |
+-------------------+
|              6690 |
+-------------------+
1 row in set (0.00 sec)

+-------------------------+
| clientcontractdiscounts |
+-------------------------+
|                    6659 |
+-------------------------+
1 row in set (0.00 sec)

+----------------------------+
| clientcontractlastdiscount |
+----------------------------+
|                       5476 |
+----------------------------+
1 row in set (0.00 sec)

Database changed
Query OK, 0 rows affected (0.28 sec)

Query OK, 0 rows affected (0.09 sec)

Database changed
Query OK, 129699 rows affected (7.70 sec)
Records: 129699  Deleted: 0  Skipped: 0  Warnings: 0

Query OK, 0 rows affected (1.31 sec)
Records: 0  Duplicates: 0  Warnings: 0

Query OK, 0 rows affected (0.89 sec)
Records: 0  Duplicates: 0  Warnings: 0

Query OK, 0 rows affected (1.12 sec)
Records: 0  Duplicates: 0  Warnings: 0

Query OK, 0 rows affected (0.91 sec)
Records: 0  Duplicates: 0  Warnings: 0

Query OK, 0 rows affected (1.09 sec)
Records: 0  Duplicates: 0  Warnings: 0

Query OK, 0 rows affected (1.33 sec)
Records: 0  Duplicates: 0  Warnings: 0

Query OK, 0 rows affected (0.46 sec)

Query OK, 1647543 rows affected (4 min 33.54 sec)
Records: 1647543  Duplicates: 0  Warnings: 0

+---------+
| devices |
+---------+
|  129699 |
+---------+
1 row in set (0.05 sec)

+-----------------------+
| clientcontractdevices |
+-----------------------+
|               1647543 |
+-----------------------+
1 row in set (0.92 sec)

Query OK, 0 rows affected (0.08 sec)

Query OK, 129667 rows affected (10.13 sec)
Records: 129667  Duplicates: 0  Warnings: 0

+---------------------------+
| rep_clientcontractdevices |
+---------------------------+
|                    129667 |
+---------------------------+
1 row in set (0.05 sec)

Database changed
Query OK, 0 rows affected (0.22 sec)

Query OK, 0 rows affected (0.00 sec)

Query OK, 251975 rows affected (12.90 sec)
Records: 251975  Deleted: 0  Skipped: 0  Warnings: 0

Query OK, 0 rows affected (1.69 sec)
Records: 0  Duplicates: 0  Warnings: 0

Query OK, 0 rows affected (1.50 sec)
Records: 0  Duplicates: 0  Warnings: 0

Query OK, 0 rows affected (1.06 sec)
Records: 0  Duplicates: 0  Warnings: 0

Query OK, 0 rows affected (0.91 sec)
Records: 0  Duplicates: 0  Warnings: 0

+---------+
| tickets |
+---------+
|  251975 |
+---------+
1 row in set (0.09 sec)

Database changed
Query OK, 0 rows affected (0.50 sec)

Query OK, 0 rows affected (0.00 sec)

Empty set (0.00 sec)

Query OK, 0 rows affected (0.98 sec)
Records: 0  Duplicates: 0  Warnings: 0

Query OK, 315 rows affected, 2 warnings (0.05 sec)
Records: 315  Deleted: 0  Skipped: 0  Warnings: 2

+-----------------+
| tickettechusers |
+-----------------+
|             315 |
+-----------------+
1 row in set (0.00 sec)

Database changed
Query OK, 0 rows affected (0.00 sec)

Query OK, 0 rows affected (0.02 sec)

Query OK, 0 rows affected (0.01 sec)
Records: 0  Duplicates: 0  Warnings: 0

Query OK, 528075 rows affected, 42406 warnings (16.45 sec)
Records: 528075  Deleted: 0  Skipped: 0  Warnings: 42406

+-------------------+
| ticketassignments |
+-------------------+
|            528075 |
+-------------------+
1 row in set (0.20 sec)

Database changed
Query OK, 0 rows affected (0.09 sec)

Query OK, 0 rows affected (0.16 sec)

Query OK, 1098251 rows affected (20.33 sec)
Records: 1098251  Deleted: 0  Skipped: 0  Warnings: 0

Query OK, 0 rows affected (13.32 sec)
Records: 0  Duplicates: 0  Warnings: 0

Query OK, 0 rows affected (4.21 sec)
Records: 0  Duplicates: 0  Warnings: 0

Query OK, 0 rows affected (3.77 sec)
Records: 0  Duplicates: 0  Warnings: 0

Query OK, 0 rows affected (4.60 sec)
Records: 0  Duplicates: 0  Warnings: 0

+----------------+
| ticketcomments |
+----------------+
|        1098251 |
+----------------+
1 row in set (0.39 sec)

Database changed
Query OK, 0 rows affected (0.02 sec)

Query OK, 0 rows affected (0.00 sec)

Query OK, 412416 rows affected (50.93 sec)
Records: 412416  Deleted: 0  Skipped: 0  Warnings: 0

Query OK, 0 rows affected (2.75 sec)
Records: 0  Duplicates: 0  Warnings: 0

+----------+
| comments |
+----------+
|   412416 |
+----------+
1 row in set (0.14 sec)

Database changed
Query OK, 0 rows affected (0.14 sec)

Query OK, 0 rows affected (0.00 sec)

Query OK, 887423 rows affected, 65535 warnings (1 min 2.95 sec)
Records: 887423  Deleted: 0  Skipped: 0  Warnings: 887424

Query OK, 0 rows affected (7.98 sec)
Records: 0  Duplicates: 0  Warnings: 0

Query OK, 0 rows affected (3.31 sec)
Records: 0  Duplicates: 0  Warnings: 0

Query OK, 0 rows affected (3.78 sec)
Records: 0  Duplicates: 0  Warnings: 0

Query OK, 0 rows affected (3.59 sec)
Records: 0  Duplicates: 0  Warnings: 0

Query OK, 0 rows affected (4.63 sec)
Records: 0  Duplicates: 0  Warnings: 0

+------------+
| devicesold |
+------------+
|     887423 |
+------------+
1 row in set (0.35 sec)

Database changed
Query OK, 0 rows affected (0.02 sec)

Query OK, 0 rows affected (0.05 sec)

Query OK, 1640916 rows affected (27.88 sec)
Records: 1640916  Deleted: 0  Skipped: 0  Warnings: 0

Query OK, 0 rows affected (10.98 sec)
Records: 0  Duplicates: 0  Warnings: 0

Query OK, 0 rows affected (6.01 sec)
Records: 0  Duplicates: 0  Warnings: 0

Query OK, 0 rows affected (7.39 sec)
Records: 0  Duplicates: 0  Warnings: 0

+------------------+
| contractservices |
+------------------+
|          1640916 |
+------------------+
1 row in set (0.61 sec)

Database changed
Query OK, 0 rows affected (0.42 sec)

Query OK, 0 rows affected (0.00 sec)

Query OK, 3711861 rows affected (2 min 38.86 sec)
Records: 3711861  Deleted: 0  Skipped: 0  Warnings: 0

Query OK, 0 rows affected (19.04 sec)
Records: 0  Duplicates: 0  Warnings: 0

Query OK, 0 rows affected (18.48 sec)
Records: 0  Duplicates: 0  Warnings: 0

Query OK, 0 rows affected (17.94 sec)
Records: 0  Duplicates: 0  Warnings: 0

Query OK, 0 rows affected (17.86 sec)
Records: 0  Duplicates: 0  Warnings: 0

+------------------+
| invoicescontents |
+------------------+
|          3711861 |
+------------------+
1 row in set (1.60 sec)

Database changed
Query OK, 0 rows affected (0.30 sec)

Query OK, 0 rows affected (0.01 sec)

Query OK, 2568092 rows affected (4 min 13.12 sec)
Records: 2568092  Deleted: 0  Skipped: 0  Warnings: 0

Query OK, 0 rows affected (21.08 sec)
Records: 0  Duplicates: 0  Warnings: 0

Query OK, 0 rows affected (18.61 sec)
Records: 0  Duplicates: 0  Warnings: 0

Query OK, 0 rows affected (15.79 sec)
Records: 0  Duplicates: 0  Warnings: 0

Query OK, 0 rows affected (15.91 sec)
Records: 0  Duplicates: 0  Warnings: 0

Query OK, 0 rows affected (15.17 sec)
Records: 0  Duplicates: 0  Warnings: 0

+----------------+
| invoicesheader |
+----------------+
|        2568092 |
+----------------+
1 row in set (0.94 sec)

Database changed
Query OK, 0 rows affected (0.42 sec)

Query OK, 0 rows affected (0.00 sec)

Query OK, 2687219 rows affected (1 min 52.70 sec)
Records: 2687219  Deleted: 0  Skipped: 0  Warnings: 0

Query OK, 0 rows affected (18.67 sec)
Records: 0  Duplicates: 0  Warnings: 0

Query OK, 0 rows affected (13.03 sec)
Records: 0  Duplicates: 0  Warnings: 0

Query OK, 0 rows affected (11.70 sec)
Records: 0  Duplicates: 0  Warnings: 0

Query OK, 0 rows affected (12.97 sec)
Records: 0  Duplicates: 0  Warnings: 0

+---------+
| casa    |
+---------+
| 2687219 |
+---------+
1 row in set (0.95 sec)

Query OK, 0 rows affected (0.11 sec)

Query OK, 12659 rows affected (1 min 24.30 sec)
Records: 12659  Duplicates: 0  Warnings: 0

+--------------------+
| rep_paycol_channel |
+--------------------+
|              12659 |
+--------------------+
1 row in set (0.00 sec)

Query OK, 0 rows affected (0.00 sec)

Query OK, 8433 rows affected (1 min 35.26 sec)
Records: 8433  Duplicates: 0  Warnings: 0

+----------------+
| rep_paycol_pos |
+----------------+
|           8433 |
+----------------+
1 row in set (0.00 sec)

Database changed
Query OK, 0 rows affected (0.14 sec)

Query OK, 0 rows affected (0.00 sec)

Database changed
Query OK, 38271 rows affected (0.91 sec)
Records: 38271  Deleted: 0  Skipped: 0  Warnings: 0

+-------+
| users |
+-------+
| 38271 |
+-------+
1 row in set (0.02 sec)

Database changed
Query OK, 0 rows affected (1.30 sec)

Query OK, 0 rows affected (0.00 sec)

Database changed
Query OK, 12701130 rows affected (3 min 35.44 sec)
Records: 12701130  Deleted: 0  Skipped: 0  Warnings: 0

Query OK, 0 rows affected (1 min 5.95 sec)
Records: 0  Duplicates: 0  Warnings: 0

Query OK, 0 rows affected (1 min 11.36 sec)
Records: 0  Duplicates: 0  Warnings: 0

Query OK, 0 rows affected (1 min 5.72 sec)
Records: 0  Duplicates: 0  Warnings: 0

Query OK, 0 rows affected (57.30 sec)
Records: 0  Duplicates: 0  Warnings: 0

+----------+
| ipusage1 |
+----------+
| 12701130 |
+----------+
1 row in set (12.70 sec)

Query OK, 0 rows affected (0.72 sec)

Query OK, 12803821 rows affected, 65535 warnings (18 min 9.53 sec)
Records: 12803821  Duplicates: 0  Warnings: 12792989

Query OK, 0 rows affected (57.35 sec)
Records: 0  Duplicates: 0  Warnings: 0

Query OK, 0 rows affected (1 min 5.71 sec)
Records: 0  Duplicates: 0  Warnings: 0

Query OK, 0 rows affected (58.78 sec)
Records: 0  Duplicates: 0  Warnings: 0

Query OK, 0 rows affected (1 min 6.83 sec)
Records: 0  Duplicates: 0  Warnings: 0

Query OK, 0 rows affected (1 min 25.52 sec)
Records: 0  Duplicates: 0  Warnings: 0

Query OK, 0 rows affected (1 min 34.42 sec)
Records: 0  Duplicates: 0  Warnings: 0

Query OK, 0 rows affected (1 min 27.85 sec)
Records: 0  Duplicates: 0  Warnings: 0

+----------+
| ipusage  |
+----------+
| 12803821 |
+----------+
1 row in set (24.25 sec)

Query OK, 0 rows affected (1.20 sec)

Query OK, 4169422 rows affected (3 min 51.02 sec)
Records: 4169422  Duplicates: 0  Warnings: 0

Query OK, 0 rows affected (20.56 sec)
Records: 0  Duplicates: 0  Warnings: 0

Query OK, 0 rows affected (19.03 sec)
Records: 0  Duplicates: 0  Warnings: 0

Query OK, 0 rows affected (25.84 sec)
Records: 0  Duplicates: 0  Warnings: 0

Query OK, 0 rows affected (32.82 sec)
Records: 0  Duplicates: 0  Warnings: 0

Query OK, 0 rows affected (19.43 sec)
Records: 0  Duplicates: 0  Warnings: 0

Query OK, 0 rows affected (0.08 sec)

Query OK, 361888 rows affected (39.03 sec)
Records: 361888  Duplicates: 0  Warnings: 0

Query OK, 0 rows affected (1.76 sec)
Records: 0  Duplicates: 0  Warnings: 0

Query OK, 0 rows affected (1.47 sec)
Records: 0  Duplicates: 0  Warnings: 0

Query OK, 0 rows affected (1.73 sec)
Records: 0  Duplicates: 0  Warnings: 0

Query OK, 0 rows affected (0.92 sec)
Records: 0  Duplicates: 0  Warnings: 0

Query OK, 0 rows affected (1.00 sec)
Records: 0  Duplicates: 0  Warnings: 0

Query OK, 0 rows affected (0.47 sec)

Query OK, 1640767 rows affected (1 min 29.79 sec)
Records: 1640767  Duplicates: 0  Warnings: 0

Query OK, 0 rows affected (10.57 sec)
Records: 0  Duplicates: 0  Warnings: 0

Query OK, 0 rows affected (4.20 sec)
Records: 0  Duplicates: 0  Warnings: 0

Query OK, 0 rows affected (8.65 sec)
Records: 0  Duplicates: 0  Warnings: 0

mysql> mysql \. C:\workspace\cloud\code\sql\_DailyScript\currenttime.sql
+---------------------+
| currenttime         |
+---------------------+
| 2019-08-05 10:39:00 |
+---------------------+
1 row in set (0.00 sec)

mysql> 
mysql> mysql \. C:\workspace\cloud\code\sql\_DailyScript\ticket_analysis.sql
Database changed
Query OK, 0 rows affected (0.14 sec)

Query OK, 459231 rows affected (31.54 sec)
Records: 459231  Duplicates: 0  Warnings: 0

Query OK, 0 rows affected (9.02 sec)
Records: 0  Duplicates: 0  Warnings: 0

Query OK, 0 rows affected (2.04 sec)
Records: 0  Duplicates: 0  Warnings: 0

Query OK, 0 rows affected (1.97 sec)
Records: 0  Duplicates: 0  Warnings: 0

Query OK, 0 rows affected (0.13 sec)

Query OK, 15998 rows affected (11.29 sec)
Records: 15998  Duplicates: 0  Warnings: 0

Query OK, 0 rows affected, 1 warning (0.00 sec)

Query OK, 63205 rows affected (6.68 sec)
Records: 63205  Duplicates: 0  Warnings: 0

Query OK, 0 rows affected, 1 warning (0.00 sec)

Query OK, 328446 rows affected (10.23 sec)
Records: 328446  Duplicates: 0  Warnings: 0

Query OK, 0 rows affected, 1 warning (0.01 sec)

Query OK, 328446 rows affected (17.00 sec)
Records: 328446  Duplicates: 0  Warnings: 0

Query OK, 0 rows affected (0.11 sec)

Query OK, 63248 rows affected (12.29 sec)
Records: 63248  Duplicates: 0  Warnings: 0

Database changed
Query OK, 0 rows affected (0.00 sec)

Query OK, 0 rows affected (0.03 sec)

Query OK, 459231 rows affected (24.23 sec)
Records: 459231  Duplicates: 0  Warnings: 0

Query OK, 0 rows affected (0.18 sec)

Query OK, 220628 rows affected (20.69 sec)
Records: 220628  Duplicates: 0  Warnings: 0

+--------------------------+
| clientticket_cmmtjourney |
+--------------------------+
|                   459231 |
+--------------------------+
1 row in set (5.77 sec)

+---------------------------+
| clientticket_assgnjourney |
+---------------------------+
|                    220628 |
+---------------------------+
1 row in set (0.32 sec)

Query OK, 0 rows affected (0.10 sec)

Query OK, 73 rows affected (0.13 sec)
Records: 73  Duplicates: 0  Warnings: 0

mysql> mysql \. C:\workspace\cloud\code\sql\_DailyScript\currenttime.sql
+---------------------+
| currenttime         |
+---------------------+
| 2019-08-05 10:41:34 |
+---------------------+
1 row in set (0.00 sec)

mysql> 
mysql> mysql \. C:\workspace\cloud\code\sql\_DailyScript\load_DailyCalls.sql
Database changed
Query OK, 274 rows affected (0.94 sec)
Records: 274  Deleted: 0  Skipped: 0  Warnings: 0

Query OK, 0 rows affected, 1 warning (0.00 sec)

Query OK, 268 rows affected (0.97 sec)
Records: 268  Duplicates: 0  Warnings: 0

Query OK, 0 rows affected, 1 warning (0.02 sec)

Query OK, 67116 rows affected (0.91 sec)
Records: 67116  Duplicates: 0  Warnings: 0

+----------------------+
| callingclientsbefore |
+----------------------+
|               732074 |
+----------------------+
1 row in set (2.17 sec)

Query OK, 351 rows affected (8.34 sec)
Records: 351  Duplicates: 0  Warnings: 0

+---------------------+
| callingclientsafter |
+---------------------+
|              732425 |
+---------------------+
1 row in set (0.25 sec)

Query OK, 0 rows affected (0.08 sec)

Query OK, 214 rows affected (36.81 sec)
Records: 214  Duplicates: 0  Warnings: 0

Query OK, 0 rows affected (0.02 sec)

Query OK, 14956 rows affected (2.60 sec)
Records: 14956  Duplicates: 0  Warnings: 0

+-----------+
| callstats |
+-----------+
|     14956 |
+-----------+
1 row in set (0.00 sec)

Query OK, 0 rows affected, 1 warning (0.00 sec)

Query OK, 351 rows affected (12.92 sec)
Records: 351  Duplicates: 0  Warnings: 0

+------------------------+
| rep_cccallreportbefore |
+------------------------+
|                 735753 |
+------------------------+
1 row in set (0.23 sec)

Query OK, 351 rows affected (1.51 sec)
Records: 351  Duplicates: 0  Warnings: 0

+-----------------------+
| rep_cccallreportafter |
+-----------------------+
|                736104 |
+-----------------------+
1 row in set (0.25 sec)

Query OK, 0 rows affected (0.00 sec)

mysql> mysql \. C:\workspace\cloud\code\sql\_DailyScript\currenttime.sql
+---------------------+
| currenttime         |
+---------------------+
| 2019-08-05 10:42:42 |
+---------------------+
1 row in set (0.00 sec)

mysql> 
mysql> mysql \. C:\workspace\cloud\code\sql\_DailyScript\DAILY-SCRIPT-USAGE.sql
Database changed
Query OK, 0 rows affected (0.00 sec)

Query OK, 6628 rows affected, 19212 warnings (6.13 sec)
Records: 6628  Deleted: 0  Skipped: 0  Warnings: 19212

Query OK, 0 rows affected (0.00 sec)

Query OK, 10321 rows affected, 29834 warnings (5.52 sec)
Records: 10321  Deleted: 0  Skipped: 0  Warnings: 29834

Query OK, 0 rows affected (0.00 sec)

Query OK, 97 rows affected, 332 warnings (0.05 sec)
Records: 97  Deleted: 0  Skipped: 0  Warnings: 332

Query OK, 0 rows affected (0.00 sec)

Query OK, 176 rows affected, 652 warnings (0.05 sec)
Records: 176  Deleted: 0  Skipped: 0  Warnings: 652

+------------+
| dailyusage |
+------------+
|    7160709 |
+------------+
1 row in set (37.20 sec)

+------------+------------+------------+---------+
| datestart  | dateend    | insertedon | records |
+------------+------------+------------+---------+
| 2019-08-04 | 2019-08-04 | 2019-08-05 |   17222 |
| 2019-08-03 | 2019-08-03 | 2019-08-04 |   17539 |
| 2019-08-02 | 2019-08-02 | 2019-08-03 |   17456 |
| 2019-08-01 | 2019-08-01 | 2019-08-02 |   17476 |
| 2019-07-31 | 2019-07-31 | 2019-08-01 |   17401 |
+------------+------------+------------+---------+
5 rows in set (4 min 19.54 sec)

mysql> mysql \. C:\workspace\cloud\code\sql\_DailyScript\currenttime.sql
+---------------------+
| currenttime         |
+---------------------+
| 2019-08-05 10:47:50 |
+---------------------+
1 row in set (0.00 sec)

mysql> 
mysql> mysql \. C:\workspace\cloud\code\sql\_DailyScript\DAILY-SCRIPT-SALES-TELEMETRY.sql
Database changed
Query OK, 35 rows affected, 4 warnings (0.33 sec)
Records: 35  Deleted: 0  Skipped: 0  Warnings: 4

+------------+
| dailysales |
+------------+
|     162221 |
+------------+
1 row in set (0.80 sec)

Query OK, 0 rows affected (0.11 sec)

Query OK, 162221 rows affected (22.92 sec)
Records: 162221  Duplicates: 0  Warnings: 0

+--------+
| sales  |
+--------+
| 162221 |
+--------+
1 row in set (0.08 sec)

Query OK, 0 rows affected (0.05 sec)

Query OK, 2593 rows affected (0.42 sec)
Records: 2593  Duplicates: 0  Warnings: 0

+----------------+
| rep_dailysales |
+----------------+
|           2593 |
+----------------+
1 row in set (0.00 sec)

Query OK, 0 rows affected (0.05 sec)

Query OK, 2593 rows affected (0.63 sec)
Records: 2593  Duplicates: 0  Warnings: 0

+-------------------+
| rep_dailysalesreg |
+-------------------+
|              2593 |
+-------------------+
1 row in set (0.00 sec)

Query OK, 0 rows affected (0.01 sec)

Query OK, 2479 rows affected (0.66 sec)
Records: 2479  Duplicates: 0  Warnings: 0

+-----------+
| saleslist |
+-----------+
|      2479 |
+-----------+
1 row in set (0.02 sec)

Database changed
ERROR 2 (HY000): File 'C:\ProgramData\MySQL\MySQL Server 5.7\Uploads\_csv\PrepaidCardSales-04082019-P1.csv' not found (Errcode: 2 - No such file or directory)
+------------------+
| dailysinglesales |
+------------------+
|             5876 |
+------------------+
1 row in set (0.42 sec)

Database changed
Query OK, 7 rows affected (0.13 sec)
Records: 7  Deleted: 0  Skipped: 0  Warnings: 0

+-----------------+
| dailyaddonsales |
+-----------------+
|           16426 |
+-----------------+
1 row in set (0.51 sec)

Query OK, 109 rows affected (0.45 sec)
Records: 109  Deleted: 0  Skipped: 0  Warnings: 0

+----------------+
| onlinepayments |
+----------------+
|          60169 |
+----------------+
1 row in set (0.44 sec)

+-------------+----------------+---------------------+
| paymentdate | onlinepayments | onlinepaymentamount |
+-------------+----------------+---------------------+
| 2019-08-04  |            109 |         71984.99000 |
| 2019-08-03  |            105 |         71103.74000 |
| 2019-08-02  |             92 |         62483.92000 |
| 2019-08-01  |            172 |        127117.58000 |
| 2019-07-31  |            114 |         66446.86000 |
+-------------+----------------+---------------------+
5 rows in set (4.94 sec)

+-------------+--------------+----------------+---------------------+
| paymentyear | paymentmonth | onlinepayments | onlinepaymentamount |
+-------------+--------------+----------------+---------------------+
|        2019 |            8 |            478 |        332690.23000 |
|        2019 |            7 |           3028 |       2000847.29000 |
|        2019 |            6 |           2798 |       1782990.54000 |
|        2019 |            5 |           2949 |       1930613.93000 |
|        2019 |            4 |           2854 |       1881797.80000 |
+-------------+--------------+----------------+---------------------+
5 rows in set (0.09 sec)

mysql> mysql \. C:\workspace\cloud\code\sql\_DailyScript\currenttime.sql
+---------------------+
| currenttime         |
+---------------------+
| 2019-08-05 10:48:23 |
+---------------------+
1 row in set (0.00 sec)

mysql> 
mysql> mysql \. C:\workspace\cloud\code\sql\_DailyScript\DAILY-SCRIPT-ACTIVENUMBERS.sql
Database changed
Query OK, 1273 rows affected (2.10 sec)
Records: 1273  Deleted: 0  Skipped: 0  Warnings: 0

+------------+----------+
| period     | count(1) |
+------------+----------+
| 2019-08-04 |     1273 |
| 2019-08-03 |     1274 |
| 2019-08-02 |     1276 |
| 2019-08-01 |     1274 |
| 2019-07-31 |     1274 |
| 2019-07-30 |     1279 |
+------------+----------+
6 rows in set (0.01 sec)

Query OK, 0 rows affected (0.04 sec)

Query OK, 82 rows affected (0.33 sec)
Records: 82  Duplicates: 0  Warnings: 0

+-------------+
| packagelist |
+-------------+
|          82 |
+-------------+
1 row in set (0.00 sec)

Database changed
Query OK, 0 rows affected (0.01 sec)

Query OK, 0 rows affected (0.00 sec)

Query OK, 0 rows affected (0.00 sec)

Query OK, 0 rows affected (0.00 sec)

Query OK, 26897 rows affected, 262 warnings (1 min 30.63 sec)
Records: 26897  Deleted: 0  Skipped: 0  Warnings: 262

+------------+----------+
| period     | count(1) |
+------------+----------+
| 2019-08-04 |    26897 |
| 2019-08-03 |    27108 |
| 2019-08-02 |    27210 |
| 2019-08-01 |    27230 |
| 2019-07-31 |    27378 |
+------------+----------+
5 rows in set (0.57 sec)

Query OK, 0 rows affected (0.05 sec)

Query OK, 26269 rows affected (6 min 46.80 sec)
Records: 26269  Duplicates: 0  Warnings: 0

Query OK, 0 rows affected (0.42 sec)
Records: 0  Duplicates: 0  Warnings: 0

Query OK, 0 rows affected (0.87 sec)
Records: 0  Duplicates: 0  Warnings: 0

Query OK, 0 rows affected (0.13 sec)
Records: 0  Duplicates: 0  Warnings: 0

Query OK, 0 rows affected (0.35 sec)
Records: 0  Duplicates: 0  Warnings: 0

Query OK, 0 rows affected (0.09 sec)
Records: 0  Duplicates: 0  Warnings: 0

Query OK, 0 rows affected (0.08 sec)
Records: 0  Duplicates: 0  Warnings: 0

+-------------+
| countbefore |
+-------------+
|    28241232 |
+-------------+
1 row in set (2 min 6.05 sec)

Query OK, 26269 rows affected (1 min 12.30 sec)
Records: 26269  Duplicates: 0  Warnings: 0

+------------+
| countafter |
+------------+
|   28267501 |
+------------+
1 row in set (1 min 9.69 sec)

+------------+--------------------------+
| period     | customercontractactivity |
+------------+--------------------------+
| 2019-08-04 |                    26269 |
| 2019-08-03 |                    26480 |
| 2019-08-02 |                    26582 |
| 2019-08-01 |                    26602 |
| 2019-07-31 |                    26750 |
+------------+--------------------------+
5 rows in set (0.07 sec)

Query OK, 0 rows affected (0.19 sec)

Query OK, 222687 rows affected (23 min 8.39 sec)
Records: 222687  Duplicates: 0  Warnings: 0

Query OK, 0 rows affected (1.07 sec)
Records: 0  Duplicates: 0  Warnings: 0

Query OK, 0 rows affected (1.13 sec)
Records: 0  Duplicates: 0  Warnings: 0

Query OK, 0 rows affected (1.19 sec)
Records: 0  Duplicates: 0  Warnings: 0

Query OK, 0 rows affected (0.21 sec)

Query OK, 249 rows affected (0.56 sec)
Records: 249  Duplicates: 0  Warnings: 0

Query OK, 0 rows affected (0.09 sec)

Query OK, 2397 rows affected (0.63 sec)
Records: 2397  Duplicates: 0  Warnings: 0

Query OK, 0 rows affected (0.01 sec)

Query OK, 26259 rows affected (0.71 sec)
Records: 26259  Duplicates: 0  Warnings: 0

Query OK, 0 rows affected (0.10 sec)

Query OK, 16832 rows affected (0.41 sec)
Records: 16832  Duplicates: 0  Warnings: 0

Query OK, 0 rows affected (0.20 sec)

Query OK, 16832 rows affected (0.22 sec)
Records: 16832  Duplicates: 0  Warnings: 0

Query OK, 0 rows affected (0.12 sec)

Query OK, 16832 rows affected (2.65 sec)
Records: 16832  Duplicates: 0  Warnings: 0

Query OK, 0 rows affected (0.45 sec)

Query OK, 16832 rows affected (51.23 sec)
Records: 16832  Duplicates: 0  Warnings: 0

+-------------+
| clientstats |
+-------------+
|       16832 |
+-------------+
1 row in set (0.00 sec)

Query OK, 0 rows affected (0.35 sec)

Query OK, 13 rows affected, 1 warning (0.16 sec)
Records: 13  Duplicates: 0  Warnings: 1

+-----------------------+-------------+-------------+----------------+-----------------+
| services              | activecount | allaccounts | uniqueaccounts | uniquecontracts |
+-----------------------+-------------+-------------+----------------+-----------------+
| All                   |         155 |          32 |             32 |             102 |
| Internet & Voice      |         438 |         201 |            201 |             393 |
| Internet Only         |        4182 |        4035 |           4028 |            4110 |
| OTT Only              |          49 |           3 |              3 |              49 |
| TV & Internet         |        8758 |        3815 |           3806 |            7776 |
| TV & Internet & OTT   |        1992 |         565 |            565 |            1152 |
| TV & Internet & Voice |         539 |         149 |            149 |             465 |
| TV & OTT              |         102 |          35 |             35 |              37 |
| TV & Voice            |         111 |          47 |             47 |              96 |
| TV & Voice & OTT      |           3 |           1 |              1 |               2 |
| TV Only               |       10499 |        7768 |           7761 |            7966 |
| Voice Only            |         182 |         181 |            181 |             182 |
| GRAND TOTAL           |       27010 |       16832 |          16767 |           22330 |
+-----------------------+-------------+-------------+----------------+-----------------+
13 rows in set (0.00 sec)

+-------------+-------------+-------------+----------------+-----------------+
| network     | activecount | allaccounts | uniqueaccounts | uniquecontracts |
+-------------+-------------+-------------+----------------+-----------------+
| ADDON       |          12 |           8 |              8 |               8 |
| GPON        |        7046 |        3580 |           3577 |            5419 |
| HFC         |       19905 |       13243 |          13243 |           16856 |
| MOBILE TV   |          47 |           1 |              1 |              47 |
| GRAND TOTAL |       27010 |       16832 |          16767 |           22330 |
+-------------+-------------+-------------+----------------+-----------------+
5 rows in set, 1 warning (0.11 sec)

+-------------+-----------------------+-------------+-------------+----------------+-----------------+
| network     | services              | activecount | allaccounts | uniqueaccounts | uniquecontracts |
+-------------+-----------------------+-------------+-------------+----------------+-----------------+
| ADDON       | OTT Only              |           2 |           2 |              2 |               2 |
| ADDON       | TV & OTT              |           4 |           1 |              1 |               1 |
| ADDON       | TV Only               |           6 |           5 |              5 |               5 |
| ADDON       | Services Total        |          12 |           8 |              8 |               8 |
| GPON        | All                   |          60 |          13 |             13 |              41 |
| GPON        | Internet & Voice      |          55 |          22 |             22 |              45 |
| GPON        | Internet Only         |         930 |         842 |            842 |             861 |
| GPON        | TV & Internet         |        2998 |        1253 |           1253 |            2583 |
| GPON        | TV & Internet & OTT   |        1049 |         282 |            282 |             580 |
| GPON        | TV & Internet & Voice |         152 |          39 |             39 |             123 |
| GPON        | TV & OTT              |          67 |          23 |             23 |              24 |
| GPON        | TV & Voice            |          47 |          19 |             19 |              39 |
| GPON        | TV Only               |        1678 |        1077 |           1077 |            1113 |
| GPON        | Voice Only            |          10 |          10 |             10 |              10 |
| GPON        | Services Total        |        7046 |        3580 |           3577 |            5419 |
| HFC         | All                   |          95 |          19 |             19 |              61 |
| HFC         | Internet & Voice      |         383 |         179 |            179 |             348 |
| HFC         | Internet Only         |        3252 |        3193 |           3193 |            3249 |
| HFC         | TV & Internet         |        5760 |        2562 |           2562 |            5193 |
| HFC         | TV & Internet & OTT   |         943 |         283 |            283 |             572 |
| HFC         | TV & Internet & Voice |         387 |         110 |            110 |             342 |
| HFC         | TV & OTT              |          31 |          11 |             11 |              12 |
| HFC         | TV & Voice            |          64 |          28 |             28 |              57 |
| HFC         | TV & Voice & OTT      |           3 |           1 |              1 |               2 |
| HFC         | TV Only               |        8815 |        6686 |           6686 |            6848 |
| HFC         | Voice Only            |         172 |         171 |            171 |             172 |
| HFC         | Services Total        |       19905 |       13243 |          13243 |           16856 |
| MOBILE TV   | OTT Only              |          47 |           1 |              1 |              47 |
| MOBILE TV   | Services Total        |          47 |           1 |              1 |              47 |
| GRAND TOTAL | Services Total        |       27010 |       16832 |          16767 |           22330 |
+-------------+-----------------------+-------------+-------------+----------------+-----------------+
30 rows in set, 2 warnings (0.14 sec)

Query OK, 0 rows affected (0.00 sec)

Query OK, 45 rows affected, 3 warnings (0.23 sec)
Records: 45  Duplicates: 0  Warnings: 3

+-------------+---------------+-----------------------+-------------+-------------+----------------+-----------------+
| region      | network       | services              | activecount | allaccounts | uniqueaccounts | uniquecontracts |
+-------------+---------------+-----------------------+-------------+-------------+----------------+-----------------+
| Mahe        | ADDON         | OTT Only              |           2 |           2 |              2 |               2 |
| Mahe        | ADDON         | TV & OTT              |           4 |           1 |              1 |               1 |
| Mahe        | ADDON         | TV Only               |           4 |           3 |              3 |               3 |
| Mahe        | ADDON         | Services Total        |          10 |           6 |              6 |               6 |
| Mahe        | GPON          | All                   |          45 |          10 |             10 |              32 |
| Mahe        | GPON          | Internet & Voice      |          43 |          16 |             16 |              33 |
| Mahe        | GPON          | Internet Only         |         720 |         632 |            632 |             651 |
| Mahe        | GPON          | TV & Internet         |        2153 |         898 |            898 |            1846 |
| Mahe        | GPON          | TV & Internet & OTT   |         629 |         163 |            163 |             334 |
| Mahe        | GPON          | TV & Internet & Voice |         125 |          32 |             32 |              99 |
| Mahe        | GPON          | TV & OTT              |          44 |          14 |             14 |              14 |
| Mahe        | GPON          | TV & Voice            |          47 |          19 |             19 |              39 |
| Mahe        | GPON          | TV Only               |        1236 |         770 |            770 |             787 |
| Mahe        | GPON          | Voice Only            |          10 |          10 |             10 |              10 |
| Mahe        | GPON          | Services Total        |        5052 |        2564 |           2564 |            3845 |
| Mahe        | HFC           | All                   |          95 |          19 |             19 |              61 |
| Mahe        | HFC           | Internet & Voice      |         383 |         179 |            179 |             348 |
| Mahe        | HFC           | Internet Only         |        3252 |        3193 |           3193 |            3249 |
| Mahe        | HFC           | TV & Internet         |        5760 |        2562 |           2562 |            5193 |
| Mahe        | HFC           | TV & Internet & OTT   |         943 |         283 |            283 |             572 |
| Mahe        | HFC           | TV & Internet & Voice |         387 |         110 |            110 |             342 |
| Mahe        | HFC           | TV & OTT              |          31 |          11 |             11 |              12 |
| Mahe        | HFC           | TV & Voice            |          64 |          28 |             28 |              57 |
| Mahe        | HFC           | TV & Voice & OTT      |           3 |           1 |              1 |               2 |
| Mahe        | HFC           | TV Only               |        8810 |        6683 |           6683 |            6845 |
| Mahe        | HFC           | Voice Only            |         172 |         171 |            171 |             172 |
| Mahe        | HFC           | Services Total        |       19900 |       13240 |          13240 |           16853 |
| Mahe        | MOBILE TV     | OTT Only              |          47 |           1 |              1 |              47 |
| Mahe        | MOBILE TV     | Services Total        |          47 |           1 |              1 |              47 |
| Mahe        | Network Total | Services Total        |       25009 |       15811 |          15750 |           20751 |
| Praslin     | ADDON         | TV Only               |           2 |           2 |              2 |               2 |
| Praslin     | ADDON         | Services Total        |           2 |           2 |              2 |               2 |
| Praslin     | GPON          | All                   |          15 |           3 |              3 |               9 |
| Praslin     | GPON          | Internet & Voice      |          12 |           6 |              6 |              12 |
| Praslin     | GPON          | Internet Only         |         210 |         210 |            210 |             210 |
| Praslin     | GPON          | TV & Internet         |         845 |         355 |            355 |             737 |
| Praslin     | GPON          | TV & Internet & OTT   |         420 |         119 |            119 |             246 |
| Praslin     | GPON          | TV & Internet & Voice |          27 |           7 |              7 |              24 |
| Praslin     | GPON          | TV & OTT              |          23 |           9 |              9 |              10 |
| Praslin     | GPON          | TV Only               |         442 |         307 |            307 |             326 |
| Praslin     | GPON          | Services Total        |        1994 |        1016 |           1016 |            1574 |
| Praslin     | HFC           | TV Only               |           5 |           3 |              3 |               3 |
| Praslin     | HFC           | Services Total        |           5 |           3 |              3 |               3 |
| Praslin     | Network Total | Services Total        |        2001 |        1021 |           1020 |            1579 |
| GRAND TOTAL | Network Total | Services Total        |       27010 |       16832 |          16767 |           22330 |
+-------------+---------------+-----------------------+-------------+-------------+----------------+-----------------+
45 rows in set (0.02 sec)

Query OK, 0 rows affected (0.10 sec)

Query OK, 26260 rows affected (1.40 sec)
Records: 26260  Duplicates: 0  Warnings: 0

Query OK, 0 rows affected (0.00 sec)

Query OK, 1651 rows affected (40.95 sec)
Records: 1651  Duplicates: 0  Warnings: 0

+--------------------------------------+
| message                              |
+--------------------------------------+
| running rcbill_my.sp_ActiveNumber2() |
+--------------------------------------+
1 row in set (0.00 sec)

Query OK, 216 rows affected (3 min 35.45 sec)

mysql> mysql \. C:\workspace\cloud\code\sql\_DailyScript\currenttime.sql
+---------------------+
| currenttime         |
+---------------------+
| 2019-08-05 11:29:43 |
+---------------------+
1 row in set (0.00 sec)

mysql> 
mysql> mysql \. C:\workspace\cloud\code\sql\_DailyScript\GetActiveNumbers Average -Pivot.sql
Database changed
+-------------------------------------+
| @today := subdate(current_date(),1) |
+-------------------------------------+
| 2019-08-04                          |
+-------------------------------------+
1 row in set (0.00 sec)

+-------------------------------------+
| @lastdayofmonth := last_day(@today) |
+-------------------------------------+
| 2019-08-31                          |
+-------------------------------------+
1 row in set (0.00 sec)

Query OK, 0 rows affected (0.22 sec)

Query OK, 31843 rows affected, 64844 warnings (56.30 sec)
Records: 31843  Duplicates: 0  Warnings: 64844

Query OK, 0 rows affected (0.14 sec)
Records: 0  Duplicates: 0  Warnings: 0

Query OK, 0 rows affected (0.12 sec)
Records: 0  Duplicates: 0  Warnings: 0

Query OK, 0 rows affected (0.42 sec)
Records: 0  Duplicates: 0  Warnings: 0

+-----------------+
| activenumberavg |
+-----------------+
|           31843 |
+-----------------+
1 row in set (0.00 sec)

Query OK, 0 rows affected (0.07 sec)

Query OK, 1761 rows affected (0.43 sec)
Records: 1761  Duplicates: 0  Warnings: 0

+---------------------+
| rep_activenumberavg |
+---------------------+
|                1761 |
+---------------------+
1 row in set (0.00 sec)

+----------------------+
| rep_activenumberavg1 |
+----------------------+
|                  838 |
+----------------------+
1 row in set (0.00 sec)

Query OK, 0 rows affected (0.03 sec)

Query OK, 1625 rows affected (0.43 sec)
Records: 1625  Duplicates: 0  Warnings: 0

Query OK, 0 rows affected (0.07 sec)

Query OK, 8217 rows affected (1.02 sec)
Records: 8217  Duplicates: 0  Warnings: 0

Query OK, 0 rows affected (0.00 sec)

Query OK, 0 rows affected (0.00 sec)

Query OK, 0 rows affected (0.04 sec)

Query OK, 0 rows affected (0.00 sec)

Query OK, 0 rows affected (0.00 sec)
Statement prepared

Query OK, 53 rows affected (0.17 sec)
Records: 53  Duplicates: 0  Warnings: 0

Query OK, 0 rows affected (0.00 sec)

Query OK, 0 rows affected (0.00 sec)

+----------------------+
| rep_activenumberavg2 |
+----------------------+
|                 1625 |
+----------------------+
1 row in set (0.00 sec)

+------------------------+
| rep_activenumberavg_pv |
+------------------------+
|                     53 |
+------------------------+
1 row in set (0.00 sec)

Query OK, 0 rows affected (0.00 sec)

Query OK, 1625 rows affected (0.32 sec)
Records: 1625  Duplicates: 0  Warnings: 0

Query OK, 0 rows affected (0.00 sec)

Query OK, 0 rows affected (0.00 sec)

Query OK, 0 rows affected (0.02 sec)

Query OK, 0 rows affected (0.00 sec)

Query OK, 0 rows affected (0.01 sec)
Statement prepared

Query OK, 53 rows affected (0.15 sec)
Records: 53  Duplicates: 0  Warnings: 0

Query OK, 0 rows affected (0.00 sec)

Query OK, 0 rows affected (0.00 sec)

+-------------------------+
| rep_activenumberavgMahe |
+-------------------------+
|                    1625 |
+-------------------------+
1 row in set (0.00 sec)

+----------------------------+
| rep_activenumberavgMahe_pv |
+----------------------------+
|                         53 |
+----------------------------+
1 row in set (0.00 sec)

Query OK, 0 rows affected (0.03 sec)

Query OK, 1041 rows affected (0.13 sec)
Records: 1041  Duplicates: 0  Warnings: 0

Query OK, 0 rows affected (0.00 sec)

Query OK, 0 rows affected (0.01 sec)

Query OK, 0 rows affected (0.00 sec)

Query OK, 0 rows affected (0.00 sec)

Query OK, 0 rows affected (0.00 sec)
Statement prepared

Query OK, 39 rows affected (0.14 sec)
Records: 39  Duplicates: 0  Warnings: 0

Query OK, 0 rows affected (0.00 sec)

Query OK, 0 rows affected (0.00 sec)

+----------------------------+
| rep_activenumberavgPraslin |
+----------------------------+
|                       1041 |
+----------------------------+
1 row in set (0.00 sec)

+-------------------------------+
| rep_activenumberavgPraslin_pv |
+-------------------------------+
|                            39 |
+-------------------------------+
1 row in set (0.00 sec)

mysql> mysql \. C:\workspace\cloud\code\sql\_DailyScript\currenttime.sql
+---------------------+
| currenttime         |
+---------------------+
| 2019-08-05 11:30:43 |
+---------------------+
1 row in set (0.00 sec)

mysql> 
mysql> mysql \. C:\workspace\cloud\code\sql\_DailyScript\budget_actual_analysis_2019.sql
Query OK, 0 rows affected (0.00 sec)

Query OK, 562 rows affected, 3 warnings (0.93 sec)
Records: 562  Duplicates: 0  Warnings: 3

+--------------------+
| budget_actual_2019 |
+--------------------+
|                562 |
+--------------------+
1 row in set (0.00 sec)

Query OK, 0 rows affected (0.02 sec)

Query OK, 48 rows affected (0.04 sec)
Records: 48  Duplicates: 0  Warnings: 0

+---------------------------+
| rep_budget_actual_2019_pv |
+---------------------------+
|                        48 |
+---------------------------+
1 row in set (0.00 sec)

mysql> mysql \. C:\workspace\cloud\code\sql\_DailyScript\currenttime.sql
+---------------------+
| currenttime         |
+---------------------+
| 2019-08-05 11:30:44 |
+---------------------+
1 row in set (0.00 sec)

mysql> 
mysql> mysql \. C:\workspace\cloud\code\sql\_DailyScript\reports-sales-addons-prepaid-camera.sql
Database changed
Query OK, 0 rows affected (0.02 sec)

Query OK, 3730 rows affected (0.85 sec)
Records: 3730  Duplicates: 0  Warnings: 0

Query OK, 0 rows affected (0.02 sec)

Query OK, 16447 rows affected (2 min 53.07 sec)
Records: 16447  Duplicates: 0  Warnings: 0

+--------------------+
| rep_prepaid_camera |
+--------------------+
|               3730 |
+--------------------+
1 row in set (0.00 sec)

+-----------+
| rep_addon |
+-----------+
|     16447 |
+-----------+
1 row in set (0.00 sec)

mysql> mysql \. C:\workspace\cloud\code\sql\_DailyScript\currenttime.sql
+---------------------+
| currenttime         |
+---------------------+
| 2019-08-05 11:33:38 |
+---------------------+
1 row in set (0.00 sec)

mysql> 
mysql> mysql \. C:\workspace\cloud\code\sql\_DailyScript\housing-estate-analysis.sql
Database changed
Query OK, 0 rows affected (0.07 sec)

Query OK, 2855 rows affected (9 min 12.57 sec)
Records: 2855  Duplicates: 0  Warnings: 0

+--------------------+
| rep_housingestates |
+--------------------+
|               2855 |
+--------------------+
1 row in set (0.00 sec)

mysql> mysql \. C:\workspace\cloud\code\sql\_DailyScript\currenttime.sql
+---------------------+
| currenttime         |
+---------------------+
| 2019-08-05 11:42:51 |
+---------------------+
1 row in set (0.00 sec)

mysql> 
mysql> mysql \. C:\workspace\cloud\code\sql\_DailyScript\RCB_ClientAnalyticsReport_Script.sql
Database changed
Query OK, 0 rows affected (0.00 sec)

Query OK, 0 rows affected (0.36 sec)

Query OK, 1708686 rows affected (1 min 44.00 sec)
Records: 1708686  Duplicates: 0  Warnings: 0

Query OK, 0 rows affected (11.99 sec)
Records: 0  Duplicates: 0  Warnings: 0

Query OK, 0 rows affected (6.96 sec)
Records: 0  Duplicates: 0  Warnings: 0

Query OK, 0 rows affected (11.23 sec)
Records: 0  Duplicates: 0  Warnings: 0

Query OK, 0 rows affected (16.19 sec)
Records: 0  Duplicates: 0  Warnings: 0

Query OK, 0 rows affected (14.21 sec)
Records: 0  Duplicates: 0  Warnings: 0

Query OK, 0 rows affected (9.56 sec)
Records: 0  Duplicates: 0  Warnings: 0

Query OK, 0 rows affected (0.00 sec)

Query OK, 446311 rows affected (26.86 sec)
Rows matched: 1708686  Changed: 446311  Warnings: 0

Query OK, 0 rows affected (0.00 sec)

Query OK, 27142 rows affected (5.38 sec)
Records: 27142  Duplicates: 0  Warnings: 0

Query OK, 0 rows affected (0.03 sec)

Query OK, 42481 rows affected (11 min 31.22 sec)
Records: 42481  Duplicates: 0  Warnings: 0

Query OK, 0 rows affected (0.66 sec)
Records: 0  Duplicates: 0  Warnings: 0

Query OK, 0 rows affected (0.15 sec)
Records: 0  Duplicates: 0  Warnings: 0

Query OK, 0 rows affected (0.12 sec)
Records: 0  Duplicates: 0  Warnings: 0

Query OK, 0 rows affected (0.33 sec)

Query OK, 419785 rows affected (14 min 20.35 sec)
Records: 419785  Duplicates: 0  Warnings: 0

Query OK, 0 rows affected (1.89 sec)
Records: 0  Duplicates: 0  Warnings: 0

Query OK, 0 rows affected (1.87 sec)
Records: 0  Duplicates: 0  Warnings: 0

Query OK, 0 rows affected (1.00 sec)
Records: 0  Duplicates: 0  Warnings: 0

Query OK, 0 rows affected (2.37 sec)
Records: 0  Duplicates: 0  Warnings: 0

Query OK, 0 rows affected (2.17 sec)
Records: 0  Duplicates: 0  Warnings: 0

Query OK, 0 rows affected (0.17 sec)

Query OK, 42481 rows affected (1 min 39.13 sec)
Records: 42481  Duplicates: 0  Warnings: 0

+--------------+
| clientreport |
+--------------+
|        42481 |
+--------------+
1 row in set (0.03 sec)

Query OK, 0 rows affected (0.04 sec)

Query OK, 42481 rows affected (7.74 sec)
Records: 42481  Duplicates: 0  Warnings: 0

+----------------------+
| clientextendedreport |
+----------------------+
|                42481 |
+----------------------+
1 row in set (0.03 sec)

Query OK, 0 rows affected (0.07 sec)

Query OK, 42481 rows affected (2 min 48.98 sec)
Records: 42481  Duplicates: 0  Warnings: 0

+---------+
| allcust |
+---------+
|   42481 |
+---------+
1 row in set (0.02 sec)

Query OK, 0 rows affected, 1 warning (0.00 sec)

Query OK, 5000 rows affected (0.25 sec)
Records: 5000  Duplicates: 0  Warnings: 0

Query OK, 0 rows affected (0.09 sec)

Query OK, 6956 rows affected (0.60 sec)
Records: 6956  Duplicates: 0  Warnings: 0

Query OK, 0 rows affected, 1 warning (0.01 sec)

Query OK, 5000 rows affected (0.15 sec)
Records: 5000  Duplicates: 0  Warnings: 0

Query OK, 0 rows affected (0.10 sec)

Query OK, 7322 rows affected (0.22 sec)
Records: 7322  Duplicates: 0  Warnings: 0

mysql> mysql \. C:\workspace\cloud\code\sql\_DailyScript\currenttime.sql
+---------------------+
| currenttime         |
+---------------------+
| 2019-08-05 12:16:57 |
+---------------------+
1 row in set (0.00 sec)

mysql> 
mysql> mysql \. C:\workspace\cloud\code\sql\_DailyScript\REVENUE_PER_NODE_MXK.sql
Query OK, 0 rows affected (0.01 sec)

Query OK, 0 rows affected (0.01 sec)

Query OK, 0 rows affected (0.03 sec)

Query OK, 4780 rows affected (4.21 sec)
Records: 4780  Duplicates: 0  Warnings: 0

+----------------------+
| message              |
+----------------------+
| created temp table a |
+----------------------+
1 row in set (0.00 sec)

Query OK, 5092 rows affected (2.10 sec)
Records: 5092  Duplicates: 0  Warnings: 0

+----------------------+
| message              |
+----------------------+
| created temp table b |
+----------------------+
1 row in set (0.02 sec)

Query OK, 0 rows affected, 1 warning (0.00 sec)

Query OK, 5023 rows affected (9.73 sec)
Records: 5023  Duplicates: 0  Warnings: 0

+--------------------------------+
| message                        |
+--------------------------------+
| created rcbill_my.tempcustmxk1 |
+--------------------------------+
1 row in set (0.00 sec)

Query OK, 0 rows affected (0.00 sec)

Query OK, 0 rows affected (0.02 sec)

Query OK, 0 rows affected, 1 warning (0.00 sec)

Query OK, 4780 rows affected (1.20 sec)
Records: 4780  Duplicates: 0  Warnings: 0

+----------------+
| message        |
+----------------+
| created temp a |
+----------------+
1 row in set (0.00 sec)

Query OK, 5092 rows affected (0.44 sec)
Records: 5092  Duplicates: 0  Warnings: 0

+----------------+
| message        |
+----------------+
| created temp b |
+----------------+
1 row in set (0.00 sec)

Query OK, 0 rows affected, 1 warning (0.00 sec)

Query OK, 5182 rows affected (6.65 sec)
Records: 5182  Duplicates: 0  Warnings: 0

+--------------------------------+
| message                        |
+--------------------------------+
| created rcbill_my.tempcustmxk2 |
+--------------------------------+
1 row in set (0.00 sec)

Query OK, 0 rows affected (0.00 sec)

Query OK, 0 rows affected (0.00 sec)

Query OK, 0 rows affected, 1 warning (0.00 sec)

Query OK, 0 rows affected (0.08 sec)

Query OK, 5667 rows affected (0.28 sec)
Records: 5667  Duplicates: 0  Warnings: 0

+---------------------------------+
| message                         |
+---------------------------------+
| created rcbill_my.customers_mxk |
+---------------------------------+
1 row in set (0.00 sec)

Query OK, 0 rows affected (0.00 sec)

Query OK, 0 rows affected (0.00 sec)

Query OK, 13253 rows affected (5.99 sec)
Records: 13253  Duplicates: 0  Warnings: 0

+----------------+
| message        |
+----------------+
| created temp a |
+----------------+
1 row in set (0.00 sec)

Query OK, 21275 rows affected (2.89 sec)
Records: 21275  Duplicates: 0  Warnings: 0

+----------------+
| message        |
+----------------+
| created temp c |
+----------------+
1 row in set (0.00 sec)

Query OK, 0 rows affected, 1 warning (0.00 sec)

Query OK, 27822 rows affected (0.34 sec)
Records: 27822  Duplicates: 0  Warnings: 0

+---------------------------------+
| message                         |
+---------------------------------+
| created rcbill_my.tempcustcmts1 |
+---------------------------------+
1 row in set (0.02 sec)

Query OK, 0 rows affected (0.00 sec)

Query OK, 0 rows affected, 1 warning (0.00 sec)

Query OK, 0 rows affected (0.00 sec)

Query OK, 13253 rows affected (5.93 sec)
Records: 13253  Duplicates: 0  Warnings: 0

+----------------+
| message        |
+----------------+
| created temp a |
+----------------+
1 row in set (0.01 sec)

Query OK, 21275 rows affected (1.47 sec)
Records: 21275  Duplicates: 0  Warnings: 0

+----------------+
| message        |
+----------------+
| created temp c |
+----------------+
1 row in set (0.00 sec)

Query OK, 0 rows affected, 1 warning (0.00 sec)

Query OK, 22233 rows affected (1.43 sec)
Records: 22233  Duplicates: 0  Warnings: 0

+---------------------------------+
| message                         |
+---------------------------------+
| created rcbill_my.tempcustcmts2 |
+---------------------------------+
1 row in set (0.00 sec)

Query OK, 0 rows affected (0.01 sec)

Query OK, 0 rows affected, 1 warning (0.00 sec)

Query OK, 0 rows affected (0.01 sec)

Query OK, 0 rows affected (0.03 sec)

Query OK, 13432 rows affected (1.02 sec)
Records: 13432  Duplicates: 0  Warnings: 0

+----------------------------------+
| message                          |
+----------------------------------+
| created rcbill_my.customers_cmts |
+----------------------------------+
1 row in set (0.00 sec)

Query OK, 0 rows affected (0.00 sec)

Query OK, 0 rows affected (0.00 sec)

Query OK, 0 rows affected (0.06 sec)

Query OK, 19099 rows affected (1.32 sec)
Records: 19099  Duplicates: 0  Warnings: 0

+--------------------------------------+
| message                              |
+--------------------------------------+
| created rcbill_my.customers_cmts_mxk |
+--------------------------------------+
1 row in set (0.00 sec)

Query OK, 442893 rows affected (1 min 19.62 sec)
Records: 442893  Duplicates: 0  Warnings: 0

+----------------+
| message        |
+----------------+
| created temp a |
+----------------+
1 row in set (0.00 sec)

Query OK, 0 rows affected (0.69 sec)

Query OK, 443825 rows affected (19.29 sec)
Records: 443825  Duplicates: 0  Warnings: 0

+------------------------------------------------+
| message                                        |
+------------------------------------------------+
| created rcbill_my.customers_contracts_cmts_mxk |
+------------------------------------------------+
1 row in set (0.00 sec)

Query OK, 0 rows affected (0.03 sec)

Query OK, 0 rows affected, 1 warning (0.00 sec)

Query OK, 0 rows affected, 1 warning (0.00 sec)

Query OK, 0 rows affected (0.00 sec)

Query OK, 8011 rows affected (4.25 sec)
Rows matched: 8011  Changed: 8011  Warnings: 0

+------------------------------------------------+
| message                                        |
+------------------------------------------------+
| updated rcbill_my.customers_contracts_cmts_mxk |
+------------------------------------------------+
1 row in set (0.00 sec)

Query OK, 0 rows affected (0.23 sec)

Query OK, 1674775 rows affected (5 min 34.78 sec)
Records: 1674775  Duplicates: 0  Warnings: 0

+----------------------------------------+
| message                                |
+----------------------------------------+
| created rcbill_my.customers_collection |
+----------------------------------------+
1 row in set (0.00 sec)

Query OK, 0 rows affected (0.06 sec)

Query OK, 1928679 rows affected (3 min 13.94 sec)
Records: 1928679  Duplicates: 0  Warnings: 0

+------------------------------------------------+
| message                                        |
+------------------------------------------------+
| created rcbill_my.customers_cmts_mxk_cont_coll |
+------------------------------------------------+
1 row in set (0.00 sec)

Query OK, 0 rows affected (0.05 sec)

Query OK, 41609 rows affected (17.65 sec)
Records: 41609  Duplicates: 0  Warnings: 0

+------------------------------------------------------------+
| message                                                    |
+------------------------------------------------------------+
| created rcbill_my.customers_contracts_collection_pivot2019 |
+------------------------------------------------------------+
1 row in set (0.00 sec)

Query OK, 0 rows affected (0.65 sec)

Query OK, 19512 rows affected (9.68 sec)
Records: 19512  Duplicates: 0  Warnings: 0

+--------------------------------------------------+
| message                                          |
+--------------------------------------------------+
| created rcbill_my.customers_collection_pivot2019 |
+--------------------------------------------------+
1 row in set (0.00 sec)

Query OK, 0 rows affected (0.03 sec)

Query OK, 42481 rows affected (1.86 sec)
Records: 42481  Duplicates: 0  Warnings: 0

+------------------------------------------------+
| message                                        |
+------------------------------------------------+
| created rcbill_my.rep_customers_collection2019 |
+------------------------------------------------+
1 row in set (0.01 sec)

Query OK, 0 rows affected (0.00 sec)

Query OK, 0 rows affected, 1 warning (0.00 sec)

Query OK, 413818 rows affected (28.13 sec)
Records: 413818  Duplicates: 0  Warnings: 0

+-------------------------+
| message                 |
+-------------------------+
| created rcbill_my.tempa |
+-------------------------+
1 row in set (0.00 sec)

Query OK, 0 rows affected, 1 warning (0.00 sec)

Query OK, 90863 rows affected (15.07 sec)
Records: 90863  Duplicates: 0  Warnings: 0

+-------------------------+
| message                 |
+-------------------------+
| created rcbill_my.tempb |
+-------------------------+
1 row in set (0.00 sec)

Query OK, 413818 rows affected (14.00 sec)
Records: 413818  Duplicates: 0  Warnings: 0

+-----------+
| message   |
+-----------+
| created a |
+-----------+
1 row in set (0.01 sec)

Query OK, 91070 rows affected (8.85 sec)
Records: 91070  Duplicates: 0  Warnings: 0

+-----------+
| message   |
+-----------+
| created b |
+-----------+
1 row in set (0.00 sec)

Query OK, 0 rows affected (0.10 sec)

Query OK, 0 rows affected (0.02 sec)

Query OK, 0 rows affected (0.07 sec)

Query OK, 416668 rows affected (34.98 sec)
Records: 416668  Duplicates: 0  Warnings: 0

+----------------------------------------------+
| message                                      |
+----------------------------------------------+
| created rcbill_my.cust_cont_payment_cmts_mxk |
+----------------------------------------------+
1 row in set (0.00 sec)

Query OK, 0 rows affected (0.13 sec)

Query OK, 0 rows affected (0.05 sec)

Query OK, 0 rows affected, 1 warning (0.00 sec)

Query OK, 0 rows affected (0.25 sec)

Query OK, 42481 rows affected (22.55 sec)
Records: 42481  Duplicates: 0  Warnings: 0

+--------------------------------------------------+
| message                                          |
+--------------------------------------------------+
| created rcbill_my.rep_cust_cont_payment_cmts_mxk |
+--------------------------------------------------+
1 row in set (0.00 sec)

Query OK, 0 rows affected, 1 warning (0.00 sec)

Query OK, 0 rows affected, 1 warning (0.00 sec)

Query OK, 0 rows affected (0.05 sec)

Query OK, 42481 rows affected, 5 warnings (11.84 sec)
Records: 42481  Duplicates: 0  Warnings: 5

+----------------------+
| rep_custconsolidated |
+----------------------+
|                42481 |
+----------------------+
1 row in set (0.04 sec)

Query OK, 0 rows affected (0.00 sec)

Query OK, 0 rows affected (0.03 sec)

+----------------------------------------------+
| message                                      |
+----------------------------------------------+
| creating rcbill_my.retentioncustomeractivity |
+----------------------------------------------+
1 row in set (0.01 sec)

Query OK, 722 rows affected (0.09 sec)
Records: 722  Duplicates: 0  Warnings: 0

+---------------------------+
| retentioncustomeractivity |
+---------------------------+
|                       722 |
+---------------------------+
1 row in set (0.00 sec)

+-----------+------------------------------------+------------+-------------+-----------------+------------------+---------------------+-------------------+
| HFC_NODE  | NODENAME                           | CMTS_DATE  | INSERTED_ON | UNIQUE_ACCOUNTS | UNIQUE_CONTRACTS | UNIQUE_MAC_INRCBOSS | UNIQUE_MAC_INCMTS |
+-----------+------------------------------------+------------+-------------+-----------------+------------------+---------------------+-------------------+
| NULL      | NULL                               | NULL       | 2019-08-05  |            5589 |             5853 |                5906 |                 0 |
| C5/0/0/U0 | ANSE-BOILEAU-2                     | 2019-06-26 | 2019-08-05  |             175 |              179 |                 175 |               176 |
| C5/0/0/U1 | 500-C3-ANSE-BOILEAU                | 2019-06-26 | 2019-08-05  |             169 |              177 |                 169 |               171 |
| C5/0/1/U0 | 501-C4-LA-MISIERE-LEFT-I           | 2019-06-26 | 2019-08-05  |             211 |              221 |                 210 |               215 |
| C5/0/1/U1 | 501-C5-LA-MISIERE-RIGHT            | 2019-06-26 | 2019-08-05  |             101 |              104 |                 101 |               102 |
| C5/0/1/U2 | 501-C7-LA-MISIERE-LEFT-II          | 2019-06-26 | 2019-08-05  |              84 |               85 |                  84 |                86 |
| C5/0/2/U0 | 502-C8-LA-LOUISE                   | 2019-06-26 | 2019-08-05  |             136 |              138 |                 136 |               142 |
| C5/0/2/U1 | LA-LOUISE-2                        | 2019-06-26 | 2019-08-05  |             137 |              141 |                 137 |               144 |
| C5/0/3/U0 | 504-C6-PETIT-PARIS                 | 2019-06-26 | 2019-08-05  |             157 |              159 |                 157 |               161 |
| C5/0/3/U1 | PETIT-PARIS-23                     | 2019-06-26 | 2019-08-05  |              79 |               82 |                  79 |                84 |
| C5/0/4/U0 | FOUR-SEASONS                       | 2019-06-26 | 2019-08-05  |               6 |               18 |                  18 |                18 |
| C5/0/4/U1 | ANCHOR-CAFE-I                      | 2019-06-26 | 2019-08-05  |             140 |              142 |                 140 |               143 |
| C5/0/4/U2 | ANCHOR-CAFE-II                     | 2019-06-26 | 2019-08-05  |             150 |              153 |                 150 |               154 |
| C5/1/0/U0 | POINTE-LARUE-AIRPORT-23            | 2019-06-26 | 2019-08-05  |              99 |              107 |                 101 |               105 |
| C5/1/0/U1 | PPROVIDENCE-23                     | 2019-06-26 | 2019-08-05  |              26 |               29 |                  27 |                28 |
| C5/1/0/U2 | ROSHE-CAIMAN-23                    | 2019-06-26 | 2019-08-05  |              11 |               12 |                  11 |                12 |
| C5/1/0/U3 | HEAD-OFFICE | HO-23                | 2019-06-26 | 2019-08-05  |              26 |               26 |                  26 |                31 |
| C5/1/1/U1 | C5-UNION-VALE                      | 2019-06-26 | 2019-08-05  |             197 |              202 |                 197 |               197 |
| C5/1/3/U0 | POINTE-LARUE-AIRPORT-27            | 2019-06-26 | 2019-08-05  |             133 |              135 |                 133 |               135 |
| C5/1/3/U1 | PPROVIDENCE-27                     | 2019-06-26 | 2019-08-05  |              35 |               35 |                  35 |                35 |
| C5/1/3/U2 | ROSHE-CAIMAN-27                    | 2019-06-26 | 2019-08-05  |              23 |               23 |                  23 |                23 |
| C5/1/3/U3 | HEAD-OFFICE | HO-27                | 2019-06-26 | 2019-08-05  |              19 |               20 |                  19 |                21 |
| C5/1/4/U0 | ANSE-ROYALE-27                     | 2019-06-26 | 2019-08-05  |             173 |              179 |                 173 |               177 |
| C5/1/4/U1 | GLACIS-2-57                        | 2019-06-26 | 2019-08-05  |              92 |               96 |                  92 |                96 |
| C5/1/4/U3 | GLACIS-1                           | 2019-06-26 | 2019-08-05  |              94 |               98 |                  94 |               105 |
| C6/0/1/U0 | SERRET-ROAD-RIGHT/CURIO/PASCAL     | 2019-06-26 | 2019-08-05  |             119 |              119 |                 119 |               121 |
| C6/0/1/U1 | SERRET-ROAD-LEFT/ST.LOUIS/TOWN     | 2019-06-26 | 2019-08-05  |             140 |              146 |                 140 |               142 |
| C6/0/1/U2 | SERRET-ROAD-RIGHT/CURIO/PASCAL-2   | 2019-06-26 | 2019-08-05  |             125 |              130 |                 125 |               129 |
| C6/0/1/U3 | SERRET-ROAD-LEFT/ST.LOUIS/TOWN-2   | 2019-06-26 | 2019-08-05  |             137 |              141 |                 137 |               139 |
| C6/0/2/U0 | SANS-SOUCIS-I                      | 2019-06-26 | 2019-08-05  |             125 |              129 |                 125 |               128 |
| C6/0/2/U1 | SANS-SOUCIS-II                     | 2019-06-26 | 2019-08-05  |             108 |              110 |                 107 |               110 |
| C6/0/2/U2 | BEL-AIR-27                         | 2019-06-26 | 2019-08-05  |              89 |               91 |                  89 |                93 |
| C6/0/2/U3 | BEL-AIR-38                         | 2019-06-26 | 2019-08-05  |             115 |              120 |                 115 |               118 |
| C6/0/3/U0 | LES-MAMELLES-23                    | 2019-06-26 | 2019-08-05  |              99 |               99 |                  99 |               101 |
| C6/0/3/U1 | VICTORIA-23                        | 2019-06-26 | 2019-08-05  |              32 |               33 |                  32 |                34 |
| C6/0/4/U0 | LES-MAMELLES-27                    | 2019-06-26 | 2019-08-05  |              54 |               54 |                  54 |                55 |
| C6/0/4/U1 | VICTORIA-27                        | 2019-06-26 | 2019-08-05  |              18 |               23 |                  21 |                23 |
| C7/1/0/U0 | LA-RETRAITE-23                     | 2019-06-26 | 2019-08-05  |              97 |              103 |                  97 |               100 |
| C7/1/0/U1 | TEA-FACTORY-23                     | 2019-06-26 | 2019-08-05  |              28 |               33 |                  29 |                30 |
| C7/1/0/U2 | PAS-23                             | 2019-06-26 | 2019-08-05  |             103 |              105 |                 103 |               105 |
| C7/1/1/U0 | REEF-ESTATE-23                     | 2019-06-26 | 2019-08-05  |              87 |               88 |                  87 |                90 |
| C7/1/1/U1 | BEL-OMBRE-NEW-23                   | 2019-06-26 | 2019-08-05  |              21 |               21 |                  21 |                25 |
| C7/1/2/U0 | LA-RETRAITE-27                     | 2019-06-26 | 2019-08-05  |             125 |              130 |                 126 |               127 |
| C7/1/2/U1 | TEA-FACTORY-27                     | 2019-06-26 | 2019-08-05  |              20 |               23 |                  21 |                21 |
| C7/1/2/U2 | PAS-27                             | 2019-06-26 | 2019-08-05  |              90 |               93 |                  90 |                92 |
| C7/1/3/U0 | MT-BUXTON-27                       | 2019-06-26 | 2019-08-05  |             155 |              159 |                 155 |               158 |
| C7/1/3/U1 | MT-BUXTON-23                       | 2019-06-26 | 2019-08-05  |              61 |               62 |                  61 |                63 |
| C7/1/4/U0 | REEF-ESTATE-27                     | 2019-06-26 | 2019-08-05  |              61 |               62 |                  61 |                61 |
| C7/1/4/U1 | BEL-OMBRE-NEW-27                   | 2019-06-26 | 2019-08-05  |              17 |               17 |                  17 |                20 |
| C8/0/0/U0 | POLICE-ACADEMY-1-27 - POINTE LARUE | 2019-06-26 | 2019-08-05  |             175 |              177 |                 175 |               175 |
| C8/0/0/U1 | NULL                               | 2019-06-26 | 2019-08-05  |             103 |              106 |                 103 |               110 |
| C8/0/1/U0 | NULL                               | 2019-06-26 | 2019-08-05  |             195 |              198 |                 195 |               196 |
| C8/0/1/U1 | POLICE-ACADEMY-2-27 - TURTLE BAY   | 2019-06-26 | 2019-08-05  |             143 |              147 |                 144 |               145 |
| C8/0/2/U0 | BEAU-VALLON-LEFT-1-57              | 2019-06-26 | 2019-08-05  |              92 |               95 |                  92 |                93 |
| C8/0/3/U1 | BEAU-VALLON-RIGHT-2-57             | 2019-06-26 | 2019-08-05  |             196 |              205 |                 196 |               201 |
| C8/1/0/U0 | MA-JOIE-NODE-27                    | 2019-06-26 | 2019-08-05  |             114 |              115 |                 114 |               115 |
| C8/1/0/U1 | BELONIE-27                         | 2019-06-26 | 2019-08-05  |             136 |              138 |                 135 |               147 |
| C8/1/0/U3 | MA-JOIE-NODE-23                    | 2019-06-26 | 2019-08-05  |             115 |              118 |                 115 |               115 |
| C8/1/1/U0 | 611-C1-ROJN I                      | 2019-06-26 | 2019-08-05  |             148 |              149 |                 148 |               152 |
| C8/1/1/U1 | 611-C5-ROJN II                     | 2019-06-26 | 2019-08-05  |              87 |               89 |                  87 |                89 |
| C8/1/2/U0 | 612-C2-ANSE-ETOILE                 | 2019-06-26 | 2019-08-05  |             230 |              233 |                 230 |               230 |
| C8/1/2/U1 | ANSE-ETOILE-U2                     | 2019-06-26 | 2019-08-05  |              44 |               45 |                  44 |                45 |
| C8/1/3/U0 | 613-C3-ANSE-GAULETTE I             | 2019-06-26 | 2019-08-05  |              69 |               72 |                  69 |                69 |
| C8/1/3/U1 | 613-C7-ANSE-GAULETTE II            | 2019-06-26 | 2019-08-05  |              70 |               78 |                  70 |                75 |
| C8/1/3/U2 | 613-C3-ANSE-GAULETTE III           | 2019-06-26 | 2019-08-05  |              34 |               37 |                  34 |                35 |
| C8/1/3/U3 | TAKAMAKA I                         | 2019-06-26 | 2019-08-05  |              97 |               98 |                  97 |                97 |
| C8/1/3/U4 | TAKAMAKA II                        | 2019-06-26 | 2019-08-05  |             100 |              102 |                 100 |               100 |
| C8/1/4/U0 | 614-BEOLIERE-NODE-1                | 2019-06-26 | 2019-08-05  |             153 |              163 |                 153 |               161 |
| C8/1/4/U1 | 614-BEOLIERE-NODE-2                | 2019-06-26 | 2019-08-05  |              59 |               60 |                  59 |                61 |
+-----------+------------------------------------+------------+-------------+-----------------+------------------+---------------------+-------------------+
69 rows in set (0.27 sec)

+------------------+------------+-------------+-----------------+------------------+----------------------+-------------------+
| MXK_NAME         | MXK_DATE   | INSERTED_ON | UNIQUE_ACCOUNTS | UNIQUE_CONTRACTS | UNIQUE_FSAN_INRCBOSS | UNIQUE_FSAN_INMXK |
+------------------+------------+-------------+-----------------+------------------+----------------------+-------------------+
| NULL             | NULL       | 2019-08-05  |             472 |              482 |                  468 |                 0 |
| MXK-ANSEETOILE   | 2019-06-26 | 2019-08-05  |              99 |              100 |                  100 |               105 |
| MXK-ANSEROYALE   | 2019-06-26 | 2019-08-05  |             132 |              133 |                  133 |               149 |
| MXK-BEAUVALLON   | 2019-06-26 | 2019-08-05  |            1090 |             1105 |                 1097 |              1151 |
| MXK-MAHE         | 2019-06-26 | 2019-08-05  |             849 |              870 |                  812 |              1030 |
| MXK-PERSEVERANCE | 2019-06-26 | 2019-08-05  |             966 |              971 |                  966 |              1107 |
| MXK-PRASLIN      | 2019-06-26 | 2019-08-05  |            1182 |             1185 |                 1177 |              1325 |
+------------------+------------+-------------+-----------------+------------------+----------------------+-------------------+
7 rows in set (0.08 sec)

mysql> mysql \. C:\workspace\cloud\code\sql\_DailyScript\currenttime.sql
+---------------------+
| currenttime         |
+---------------------+
| 2019-08-05 12:31:02 |
+---------------------+
1 row in set (0.00 sec)

mysql> 
mysql> mysql \. C:\workspace\cloud\code\sql\Analysis\service_tickets_assignments.sql
Query OK, 0 rows affected (0.00 sec)

Query OK, 57585 rows affected (16.86 sec)
Records: 57585  Duplicates: 0  Warnings: 0

+-------------------------+
| rep_servicetickets_2019 |
+-------------------------+
|                   57585 |
+-------------------------+
1 row in set (0.07 sec)

mysql> mysql \. C:\workspace\cloud\code\sql\_DailyScript\currenttime.sql
+---------------------+
| currenttime         |
+---------------------+
| 2019-08-05 12:31:19 |
+---------------------+
1 row in set (0.00 sec)

mysql> 
mysql> 
mysql> exit
