    -> 
    -> mysql \. C:\workspace\cloud\code\sql\_DailyScript\_setdates.sql
Database changed
Query OK, 0 rows affected (0.00 sec)

Query OK, 0 rows affected (0.00 sec)

Query OK, 0 rows affected (0.00 sec)

Query OK, 0 rows affected (0.00 sec)

Query OK, 0 rows affected (0.00 sec)

Query OK, 0 rows affected (0.00 sec)

Query OK, 0 rows affected (0.00 sec)

Query OK, 0 rows affected (0.00 sec)

Query OK, 0 rows affected (0.00 sec)

Query OK, 0 rows affected (0.00 sec)

Query OK, 0 rows affected (0.00 sec)

Query OK, 0 rows affected (0.00 sec)

Query OK, 0 rows affected (0.00 sec)

Query OK, 0 rows affected (0.00 sec)

Query OK, 0 rows affected (0.00 sec)

Query OK, 0 rows affected (0.00 sec)

Query OK, 0 rows affected (0.00 sec)

Query OK, 0 rows affected (0.00 sec)

Query OK, 0 rows affected (0.00 sec)

Query OK, 0 rows affected (0.00 sec)

Query OK, 0 rows affected (0.00 sec)

mysql> mysql \. C:\workspace\cloud\code\sql\_DailyScript\currenttime.sql
+---------------------+
| currenttime         |
+---------------------+
| 2020-12-16 08:38:58 |
+---------------------+
1 row in set (0.00 sec)

mysql> 
mysql> mysql \. C:\workspace\cloud\code\sql\_DailyScript\load_RCB_VODTITLES.sql
Database changed
Query OK, 0 rows affected (0.00 sec)

Query OK, 13435 rows affected (0.19 sec)

Query OK, 13437 rows affected, 13437 warnings (0.28 sec)
Records: 13437  Deleted: 0  Skipped: 0  Warnings: 13437

Query OK, 0 rows affected (0.00 sec)

Query OK, 2 rows affected (0.01 sec)

+-----------+
| VODTITLES |
+-----------+
|     13895 |
+-----------+
1 row in set (0.01 sec)

+-----------+-----------+
| titletype | typecount |
+-----------+-----------+
| E         |     11257 |
| N         |       236 |
| T         |      1942 |
| NULL      |     13435 |
+-----------+-----------+
4 rows in set (0.14 sec)

mysql> mysql \. C:\workspace\cloud\code\sql\_DailyScript\currenttime.sql
+---------------------+
| currenttime         |
+---------------------+
| 2020-12-16 08:38:59 |
+---------------------+
1 row in set (0.00 sec)

mysql> 
mysql> mysql \. C:\workspace\cloud\code\sql\_DailyScript\DAILY-SCRIPT-LIVETV-STATS.sql
Database changed
Query OK, 0 rows affected (0.02 sec)

Query OK, 91614 rows affected (1.00 sec)
Records: 91614  Duplicates: 0  Warnings: 0

+------------+------------+----------+--------------+--------------+-----------+-------------+----------+--------+------+------------+---------+---------------+
| Table      | Non_unique | Key_name | Seq_in_index | Column_name  | Collation | Cardinality | Sub_part | Packed | Null | Index_type | Comment | Index_comment |
+------------+------------+----------+--------------+--------------+-----------+-------------+----------+--------+------+------------+---------+---------------+
| templivetv |          1 | idxtv1   |            1 | device       | A         |       91136 |     NULL | NULL   | YES  | BTREE      |         |               |
| templivetv |          1 | idxtv2   |            1 | sessionstart | A         |       91136 |     NULL | NULL   | YES  | BTREE      |         |               |
+------------+------------+----------+--------------+--------------+-----------+-------------+----------+--------+------+------------+---------+---------------+
2 rows in set (0.00 sec)

Query OK, 91770 rows affected (11.65 sec)
Records: 91770  Duplicates: 0  Warnings: 0

Query OK, 2702 rows affected (0.57 sec)
Records: 2702  Duplicates: 0  Warnings: 0

Query OK, 0 rows affected (0.00 sec)

Query OK, 0 rows affected (0.00 sec)

Query OK, 134 rows affected (0.03 sec)
Records: 134  Duplicates: 0  Warnings: 0

Query OK, 0 rows affected (0.01 sec)

Query OK, 46860 rows affected (2 min 13.33 sec)
Records: 46860  Duplicates: 0  Warnings: 0

+-----------------+
| rep_livetvstats |
+-----------------+
|           46860 |
+-----------------+
1 row in set (0.01 sec)

mysql> mysql \. C:\workspace\cloud\code\sql\_DailyScript\currenttime.sql
+---------------------+
| currenttime         |
+---------------------+
| 2020-12-16 08:41:25 |
+---------------------+
1 row in set (0.00 sec)

mysql> 
mysql> mysql \. C:\workspace\cloud\code\sql\_DailyScript\DAILY-SCRIPT-VODTS-STATS.sql
Database changed
Query OK, 0 rows affected (0.01 sec)

Query OK, 4638 rows affected (16.20 sec)
Records: 4638  Duplicates: 0  Warnings: 0

+---------+------------+----------+--------------+--------------+-----------+-------------+----------+--------+------+------------+---------+---------------+
| Table   | Non_unique | Key_name | Seq_in_index | Column_name  | Collation | Cardinality | Sub_part | Packed | Null | Index_type | Comment | Index_comment |
+---------+------------+----------+--------------+--------------+-----------+-------------+----------+--------+------+------------+---------+---------------+
| tempvod |          1 | idxtvod1 |            1 | device       | A         |        4831 |     NULL | NULL   | YES  | BTREE      |         |               |
| tempvod |          1 | idxtvod2 |            1 | sessionstart | A         |        4831 |     NULL | NULL   | YES  | BTREE      |         |               |
+---------+------------+----------+--------------+--------------+-----------+-------------+----------+--------+------+------------+---------+---------------+
2 rows in set (0.00 sec)

Query OK, 4638 rows affected (2.66 sec)
Records: 4638  Duplicates: 0  Warnings: 0

Query OK, 0 rows affected (0.04 sec)

Query OK, 911686 rows affected (1 min 12.20 sec)
Records: 911686  Duplicates: 0  Warnings: 0

+--------------+
| rep_vodstats |
+--------------+
|       911686 |
+--------------+
1 row in set (0.27 sec)

Database changed
Query OK, 0 rows affected (0.01 sec)

Query OK, 16747 rows affected (41.15 sec)
Records: 16747  Duplicates: 0  Warnings: 0

+--------+------------+----------+--------------+--------------+-----------+-------------+----------+--------+------+------------+---------+---------------+
| Table  | Non_unique | Key_name | Seq_in_index | Column_name  | Collation | Cardinality | Sub_part | Packed | Null | Index_type | Comment | Index_comment |
+--------+------------+----------+--------------+--------------+-----------+-------------+----------+--------+------+------------+---------+---------------+
| tempts |          1 | idxtts1  |            1 | device       | A         |       15843 |     NULL | NULL   | YES  | BTREE      |         |               |
| tempts |          1 | idxtts2  |            1 | sessionstart | A         |       15843 |     NULL | NULL   | YES  | BTREE      |         |               |
+--------+------------+----------+--------------+--------------+-----------+-------------+----------+--------+------+------------+---------+---------------+
2 rows in set (0.00 sec)

Query OK, 16747 rows affected (11.64 sec)
Records: 16747  Duplicates: 0  Warnings: 0

Query OK, 0 rows affected (0.01 sec)

Query OK, 42097 rows affected (41.08 sec)
Records: 42097  Duplicates: 0  Warnings: 0

+-------------+
| rep_tsstats |
+-------------+
|       42097 |
+-------------+
1 row in set (0.02 sec)

mysql> mysql \. C:\workspace\cloud\code\sql\_DailyScript\currenttime.sql
+---------------------+
| currenttime         |
+---------------------+
| 2020-12-16 08:44:31 |
+---------------------+
1 row in set (0.00 sec)

mysql> 
mysql> mysql \. C:\workspace\cloud\code\sql\_DailyScript\DAILY-SCRIPT-RADIO-STATS.sql
Database changed
Query OK, 0 rows affected (0.04 sec)

Query OK, 333932 rows affected (3.64 sec)
Records: 333932  Duplicates: 0  Warnings: 0

+-----------+------------+----------+--------------+--------------+-----------+-------------+----------+--------+------+------------+---------+---------------+
| Table     | Non_unique | Key_name | Seq_in_index | Column_name  | Collation | Cardinality | Sub_part | Packed | Null | Index_type | Comment | Index_comment |
+-----------+------------+----------+--------------+--------------+-----------+-------------+----------+--------+------+------------+---------+---------------+
| tempradio |          1 | idxtrad1 |            1 | device       | A         |      330118 |     NULL | NULL   | YES  | BTREE      |         |               |
| tempradio |          1 | idxtrad2 |            1 | sessionstart | A         |      330118 |     NULL | NULL   | YES  | BTREE      |         |               |
+-----------+------------+----------+--------------+--------------+-----------+-------------+----------+--------+------+------------+---------+---------------+
2 rows in set (0.00 sec)

Query OK, 314 rows affected (1.31 sec)
Records: 314  Duplicates: 0  Warnings: 0

Query OK, 0 rows affected (0.01 sec)

Query OK, 5647 rows affected (0.45 sec)
Records: 5647  Duplicates: 0  Warnings: 0

+----------------+
| rep_radiostats |
+----------------+
|           5647 |
+----------------+
1 row in set (0.00 sec)

mysql> mysql \. C:\workspace\cloud\code\sql\_DailyScript\currenttime.sql
+---------------------+
| currenttime         |
+---------------------+
| 2020-12-16 08:44:36 |
+---------------------+
1 row in set (0.00 sec)

mysql> 
mysql> mysql \. C:\workspace\cloud\code\sql\_DailyScript\DAILY_SCRIPT_TELEMETRY_PIVOT_2020.sql
Query OK, 0 rows affected (0.00 sec)

Query OK, 146 rows affected (0.21 sec)
Records: 146  Duplicates: 0  Warnings: 0

Query OK, 0 rows affected (0.03 sec)

Query OK, 11187 rows affected (2.81 sec)
Records: 11187  Duplicates: 0  Warnings: 0

Query OK, 0 rows affected (0.01 sec)

Query OK, 8 rows affected (0.02 sec)
Records: 8  Duplicates: 0  Warnings: 0

Query OK, 0 rows affected (0.01 sec)

Query OK, 47 rows affected (0.09 sec)
Records: 47  Duplicates: 0  Warnings: 0

mysql> mysql \. C:\workspace\cloud\code\sql\_DailyScript\currenttime.sql
+---------------------+
| currenttime         |
+---------------------+
| 2020-12-16 08:44:39 |
+---------------------+
1 row in set (0.00 sec)

mysql> 
mysql> mysql \. C:\workspace\cloud\code\sql\_DailyScript\telemetry_livetv_ranking2020.sql
Query OK, 0 rows affected (0.01 sec)

Query OK, 146 rows affected (0.02 sec)
Records: 146  Duplicates: 0  Warnings: 0

mysql> mysql \. C:\workspace\cloud\code\sql\_DailyScript\currenttime.sql
+---------------------+
| currenttime         |
+---------------------+
| 2020-12-16 08:44:39 |
+---------------------+
1 row in set (0.00 sec)

mysql> 
mysql> mysql \. C:\workspace\cloud\code\sql\_DailyScript\telemetry_radio_ranking2020.sql
Query OK, 0 rows affected (0.01 sec)

Query OK, 8 rows affected (0.02 sec)
Records: 8  Duplicates: 0  Warnings: 0

mysql> mysql \. C:\workspace\cloud\code\sql\_DailyScript\currenttime.sql
+---------------------+
| currenttime         |
+---------------------+
| 2020-12-16 08:44:39 |
+---------------------+
1 row in set (0.00 sec)

mysql> 
mysql> mysql \. C:\workspace\cloud\code\sql\_DailyScript\telemetry_ts_ranking2020.sql
Query OK, 0 rows affected (0.00 sec)

Query OK, 47 rows affected (0.01 sec)
Records: 47  Duplicates: 0  Warnings: 0

mysql> mysql \. C:\workspace\cloud\code\sql\_DailyScript\currenttime.sql
+---------------------+
| currenttime         |
+---------------------+
| 2020-12-16 08:44:39 |
+---------------------+
1 row in set (0.00 sec)

mysql> 
mysql> mysql \. C:\workspace\cloud\code\sql\_DailyScript\telemetry_vod_ranking2020.sql
Query OK, 0 rows affected (0.01 sec)

Query OK, 11187 rows affected (0.63 sec)
Records: 11187  Duplicates: 0  Warnings: 0

mysql> mysql \. C:\workspace\cloud\code\sql\_DailyScript\currenttime.sql
+---------------------+
| currenttime         |
+---------------------+
| 2020-12-16 08:44:40 |
+---------------------+
1 row in set (0.00 sec)

mysql> 
mysql> mysql \. C:\workspace\cloud\code\sql\_DailyScript\telemetry_vod_ranking2020_1.sql
Query OK, 0 rows affected (0.01 sec)

Query OK, 11187 rows affected (0.25 sec)
Records: 11187  Duplicates: 0  Warnings: 0

mysql> mysql \. C:\workspace\cloud\code\sql\_DailyScript\currenttime.sql
+---------------------+
| currenttime         |
+---------------------+
| 2020-12-16 08:44:40 |
+---------------------+
1 row in set (0.00 sec)

mysql> 
mysql> mysql \. C:\workspace\cloud\code\sql\_DailyScript\telemetry_vod_ranking2020_2.sql
Query OK, 0 rows affected (0.01 sec)

Query OK, 11187 rows affected (0.26 sec)
Records: 11187  Duplicates: 0  Warnings: 0

mysql> mysql \. C:\workspace\cloud\code\sql\_DailyScript\currenttime.sql
+---------------------+
| currenttime         |
+---------------------+
| 2020-12-16 08:44:41 |
+---------------------+
1 row in set (0.00 sec)

mysql> 
mysql> mysql \. C:\workspace\cloud\code\sql\_DailyScript\DAILY-SCRIPT-CREATE-LOAD.sql
Database changed
Database changed
Query OK, 0 rows affected (0.02 sec)

Query OK, 0 rows affected (0.01 sec)

Database changed
Query OK, 67465 rows affected (2.29 sec)
Records: 67465  Deleted: 0  Skipped: 0  Warnings: 0

Query OK, 0 rows affected (0.14 sec)
Records: 0  Duplicates: 0  Warnings: 0

Query OK, 0 rows affected (0.22 sec)
Records: 0  Duplicates: 0  Warnings: 0

Query OK, 0 rows affected (0.23 sec)
Records: 0  Duplicates: 0  Warnings: 0

Query OK, 0 rows affected (0.21 sec)
Records: 0  Duplicates: 0  Warnings: 0

+---------+
| clients |
+---------+
|   67465 |
+---------+
1 row in set (0.02 sec)

Query OK, 0 rows affected (0.01 sec)

Query OK, 14091 rows affected (6.27 sec)
Records: 14091  Duplicates: 0  Warnings: 0

Query OK, 0 rows affected (0.05 sec)
Records: 0  Duplicates: 0  Warnings: 0

+-------------------+
| rcb_clientparcels |
+-------------------+
|             14091 |
+-------------------+
1 row in set (0.01 sec)

Query OK, 0 rows affected (0.02 sec)

Query OK, 81555 rows affected (3.12 sec)
Records: 81555  Duplicates: 0  Warnings: 0

Query OK, 0 rows affected (0.25 sec)
Records: 0  Duplicates: 0  Warnings: 0

Query OK, 0 rows affected (0.01 sec)

Query OK, 67465 rows affected (36.58 sec)
Records: 67465  Duplicates: 0  Warnings: 0

Query OK, 0 rows affected (0.19 sec)
Records: 0  Duplicates: 0  Warnings: 0

Query OK, 0 rows affected (0.21 sec)
Records: 0  Duplicates: 0  Warnings: 0

Query OK, 0 rows affected (0.17 sec)
Records: 0  Duplicates: 0  Warnings: 0

+---------------+
| clientaddress |
+---------------+
|         67465 |
+---------------+
1 row in set (0.02 sec)

Database changed
Query OK, 0 rows affected (0.04 sec)

Query OK, 0 rows affected (0.01 sec)

Database changed
Query OK, 533615 rows affected, 65535 warnings (15.34 sec)
Records: 533615  Deleted: 0  Skipped: 0  Warnings: 220464

Query OK, 0 rows affected (2.68 sec)
Records: 0  Duplicates: 0  Warnings: 0

Query OK, 0 rows affected (3.08 sec)
Records: 0  Duplicates: 0  Warnings: 0

Query OK, 0 rows affected (1.21 sec)
Records: 0  Duplicates: 0  Warnings: 0

Query OK, 0 rows affected (0.02 sec)

Query OK, 533615 rows affected (40.41 sec)
Records: 533615  Duplicates: 0  Warnings: 0

Query OK, 0 rows affected (1.73 sec)
Records: 0  Duplicates: 0  Warnings: 0

Query OK, 0 rows affected (1.32 sec)
Records: 0  Duplicates: 0  Warnings: 0

+-----------+
| contracts |
+-----------+
|    533615 |
+-----------+
1 row in set (0.15 sec)

+-----------------+
| contractaddress |
+-----------------+
|          533615 |
+-----------------+
1 row in set (0.14 sec)

Database changed
Query OK, 0 rows affected (0.01 sec)

Query OK, 0 rows affected (0.01 sec)

Query OK, 7685 rows affected (0.16 sec)
Records: 7685  Deleted: 0  Skipped: 0  Warnings: 0

Query OK, 0 rows affected (0.02 sec)

Query OK, 7653 rows affected (0.91 sec)
Records: 7653  Duplicates: 0  Warnings: 0

Query OK, 0 rows affected (0.04 sec)
Records: 0  Duplicates: 0  Warnings: 0

Query OK, 0 rows affected (0.03 sec)
Records: 0  Duplicates: 0  Warnings: 0

Query OK, 0 rows affected (0.03 sec)
Records: 0  Duplicates: 0  Warnings: 0

Query OK, 0 rows affected (0.01 sec)

Query OK, 5837 rows affected (0.05 sec)
Records: 5837  Duplicates: 0  Warnings: 0

Query OK, 0 rows affected (0.05 sec)
Records: 0  Duplicates: 0  Warnings: 0

+-------------------+
| contractdiscounts |
+-------------------+
|              7685 |
+-------------------+
1 row in set (0.00 sec)

+-------------------------+
| clientcontractdiscounts |
+-------------------------+
|                    7653 |
+-------------------------+
1 row in set (0.00 sec)

+----------------------------+
| clientcontractlastdiscount |
+----------------------------+
|                       5837 |
+----------------------------+
1 row in set (0.00 sec)

Database changed
Query OK, 0 rows affected (0.01 sec)

Query OK, 0 rows affected (0.01 sec)

Database changed
Query OK, 142832 rows affected, 8 warnings (2.73 sec)
Records: 142832  Deleted: 0  Skipped: 0  Warnings: 8

Query OK, 0 rows affected (0.28 sec)
Records: 0  Duplicates: 0  Warnings: 0

Query OK, 0 rows affected (0.28 sec)
Records: 0  Duplicates: 0  Warnings: 0

Query OK, 0 rows affected (0.29 sec)
Records: 0  Duplicates: 0  Warnings: 0

Query OK, 0 rows affected (0.29 sec)
Records: 0  Duplicates: 0  Warnings: 0

Query OK, 0 rows affected (0.38 sec)
Records: 0  Duplicates: 0  Warnings: 0

Query OK, 0 rows affected (0.51 sec)
Records: 0  Duplicates: 0  Warnings: 0

Query OK, 0 rows affected (0.06 sec)

Query OK, 1815196 rows affected (3 min 46.55 sec)
Records: 1815196  Duplicates: 0  Warnings: 0

Query OK, 0 rows affected (6.34 sec)
Records: 0  Duplicates: 0  Warnings: 0

+---------+
| devices |
+---------+
|  142832 |
+---------+
1 row in set (0.05 sec)

+-----------------------+
| clientcontractdevices |
+-----------------------+
|               1815196 |
+-----------------------+
1 row in set (0.64 sec)

Query OK, 0 rows affected (0.02 sec)

ERROR 1064 (42000): You have an error in your SQL syntax; check the manual that corresponds to your MariaDB server version for the right syntax to use near 'ï»¿id=GKID) as GATEKEEPER_NAME,
	NATIP as FSAN,
	mac as MAC,
	phoneno as UI' at line 18
ERROR 1146 (42S02): Table 'rcbill_my.rep_clientcontractdevices' doesn't exist
Database changed
Query OK, 0 rows affected (0.02 sec)

Query OK, 0 rows affected (0.02 sec)

Query OK, 307998 rows affected (6.83 sec)
Records: 307998  Deleted: 0  Skipped: 0  Warnings: 0

Query OK, 0 rows affected (0.68 sec)
Records: 0  Duplicates: 0  Warnings: 0

Query OK, 0 rows affected (0.62 sec)
Records: 0  Duplicates: 0  Warnings: 0

Query OK, 0 rows affected (0.60 sec)
Records: 0  Duplicates: 0  Warnings: 0

Query OK, 0 rows affected (0.53 sec)
Records: 0  Duplicates: 0  Warnings: 0

+---------+
| tickets |
+---------+
|  307998 |
+---------+
1 row in set (0.08 sec)

Database changed
Query OK, 0 rows affected (0.01 sec)

Query OK, 0 rows affected (0.01 sec)

Empty set (0.00 sec)

Query OK, 0 rows affected (0.01 sec)
Records: 0  Duplicates: 0  Warnings: 0

Query OK, 370 rows affected, 2 warnings (0.03 sec)
Records: 370  Deleted: 0  Skipped: 0  Warnings: 2

+-----------------+
| tickettechusers |
+-----------------+
|             370 |
+-----------------+
1 row in set (0.00 sec)

Database changed
Query OK, 0 rows affected (0.02 sec)

Query OK, 0 rows affected (0.01 sec)

Query OK, 0 rows affected (0.01 sec)
Records: 0  Duplicates: 0  Warnings: 0

Query OK, 678223 rows affected, 48502 warnings (11.18 sec)
Records: 678223  Deleted: 0  Skipped: 0  Warnings: 48502

+-------------------+
| ticketassignments |
+-------------------+
|            678223 |
+-------------------+
1 row in set (0.19 sec)

Database changed
Query OK, 0 rows affected (0.02 sec)

Query OK, 0 rows affected (0.01 sec)

Query OK, 1370699 rows affected (15.53 sec)
Records: 1370699  Deleted: 0  Skipped: 0  Warnings: 0

Query OK, 0 rows affected (3.90 sec)
Records: 0  Duplicates: 0  Warnings: 0

Query OK, 0 rows affected (3.02 sec)
Records: 0  Duplicates: 0  Warnings: 0

Query OK, 0 rows affected (2.71 sec)
Records: 0  Duplicates: 0  Warnings: 0

Query OK, 0 rows affected (3.04 sec)
Records: 0  Duplicates: 0  Warnings: 0

+----------------+
| ticketcomments |
+----------------+
|        1370699 |
+----------------+
1 row in set (0.38 sec)

Database changed
Query OK, 0 rows affected (0.01 sec)

Query OK, 0 rows affected (0.01 sec)

Query OK, 468568 rows affected (33.85 sec)
Records: 468568  Deleted: 0  Skipped: 0  Warnings: 0

Query OK, 0 rows affected (2.24 sec)
Records: 0  Duplicates: 0  Warnings: 0

+----------+
| comments |
+----------+
|   468568 |
+----------+
1 row in set (0.14 sec)

Database changed
Query OK, 0 rows affected (0.03 sec)

Query OK, 0 rows affected (0.01 sec)

Query OK, 1533145 rows affected, 65535 warnings (1 min 11.61 sec)
Records: 1533145  Deleted: 0  Skipped: 0  Warnings: 1533180

Query OK, 0 rows affected (4.22 sec)
Records: 0  Duplicates: 0  Warnings: 0

Query OK, 0 rows affected (3.62 sec)
Records: 0  Duplicates: 0  Warnings: 0

Query OK, 0 rows affected (3.64 sec)
Records: 0  Duplicates: 0  Warnings: 0

Query OK, 0 rows affected (3.65 sec)
Records: 0  Duplicates: 0  Warnings: 0

Query OK, 0 rows affected (5.31 sec)
Records: 0  Duplicates: 0  Warnings: 0

+------------+
| devicesold |
+------------+
|    1533145 |
+------------+
1 row in set (0.43 sec)

Database changed
Query OK, 0 rows affected (0.02 sec)

Query OK, 0 rows affected (0.01 sec)

Query OK, 1808565 rows affected (22.52 sec)
Records: 1808565  Deleted: 0  Skipped: 0  Warnings: 0

Query OK, 0 rows affected (5.95 sec)
Records: 0  Duplicates: 0  Warnings: 0

Query OK, 0 rows affected (3.66 sec)
Records: 0  Duplicates: 0  Warnings: 0

Query OK, 0 rows affected (4.03 sec)
Records: 0  Duplicates: 0  Warnings: 0

+------------------+
| contractservices |
+------------------+
|          1808565 |
+------------------+
1 row in set (0.50 sec)

Database changed
Query OK, 0 rows affected (0.06 sec)

Query OK, 0 rows affected (0.01 sec)

Query OK, 4404354 rows affected (1 min 53.11 sec)
Records: 4404354  Deleted: 0  Skipped: 0  Warnings: 0

Query OK, 0 rows affected (11.99 sec)
Records: 0  Duplicates: 0  Warnings: 0

Query OK, 0 rows affected (14.84 sec)
Records: 0  Duplicates: 0  Warnings: 0

Query OK, 0 rows affected (11.27 sec)
Records: 0  Duplicates: 0  Warnings: 0

Query OK, 0 rows affected (11.10 sec)
Records: 0  Duplicates: 0  Warnings: 0

+------------------+
| invoicescontents |
+------------------+
|          4404354 |
+------------------+
1 row in set (1.28 sec)

Database changed
Query OK, 0 rows affected (0.07 sec)

Query OK, 0 rows affected (0.01 sec)

Query OK, 3107217 rows affected (2 min 48.73 sec)
Records: 3107217  Deleted: 0  Skipped: 0  Warnings: 0

Query OK, 0 rows affected (11.89 sec)
Records: 0  Duplicates: 0  Warnings: 0

Query OK, 0 rows affected (11.20 sec)
Records: 0  Duplicates: 0  Warnings: 0

Query OK, 0 rows affected (10.12 sec)
Records: 0  Duplicates: 0  Warnings: 0

Query OK, 0 rows affected (11.45 sec)
Records: 0  Duplicates: 0  Warnings: 0

Query OK, 0 rows affected (10.57 sec)
Records: 0  Duplicates: 0  Warnings: 0

+----------------+
| invoicesheader |
+----------------+
|        3107217 |
+----------------+
1 row in set (0.86 sec)

Database changed
Query OK, 0 rows affected (0.04 sec)

Query OK, 0 rows affected (0.01 sec)

Query OK, 3127577 rows affected (1 min 18.30 sec)
Records: 3127577  Deleted: 0  Skipped: 0  Warnings: 0

Query OK, 0 rows affected (7.62 sec)
Records: 0  Duplicates: 0  Warnings: 0

Query OK, 0 rows affected (7.94 sec)
Records: 0  Duplicates: 0  Warnings: 0

Query OK, 0 rows affected (7.70 sec)
Records: 0  Duplicates: 0  Warnings: 0

Query OK, 0 rows affected (7.17 sec)
Records: 0  Duplicates: 0  Warnings: 0

Query OK, 0 rows affected (9.07 sec)
Records: 0  Duplicates: 0  Warnings: 0

+---------+
| casa    |
+---------+
| 3127577 |
+---------+
1 row in set (0.84 sec)

Query OK, 0 rows affected (0.01 sec)

Query OK, 15322 rows affected (1 min 15.55 sec)
Records: 15322  Duplicates: 0  Warnings: 0

+--------------------+
| rep_paycol_channel |
+--------------------+
|              15322 |
+--------------------+
1 row in set (0.01 sec)

Query OK, 0 rows affected (0.01 sec)

Query OK, 11383 rows affected (1 min 32.29 sec)
Records: 11383  Duplicates: 0  Warnings: 0

+----------------+
| rep_paycol_pos |
+----------------+
|          11383 |
+----------------+
1 row in set (0.01 sec)

Database changed
Query OK, 0 rows affected (0.01 sec)

Query OK, 0 rows affected (0.01 sec)

Database changed
Query OK, 39847 rows affected (0.77 sec)
Records: 39847  Deleted: 0  Skipped: 0  Warnings: 0

+-------+
| users |
+-------+
| 39847 |
+-------+
1 row in set (0.01 sec)

Query OK, 0 rows affected (0.08 sec)
Records: 0  Duplicates: 0  Warnings: 0

Database changed
Query OK, 0 rows affected (0.03 sec)

Query OK, 0 rows affected (0.01 sec)

Query OK, 1872898 rows affected, 2 warnings (27.85 sec)
Records: 1872898  Deleted: 0  Skipped: 0  Warnings: 2

Query OK, 0 rows affected (4.83 sec)
Records: 0  Duplicates: 0  Warnings: 0

Query OK, 0 rows affected (4.35 sec)
Records: 0  Duplicates: 0  Warnings: 0

Query OK, 0 rows affected (4.23 sec)
Records: 0  Duplicates: 0  Warnings: 0

Query OK, 0 rows affected (3.69 sec)
Records: 0  Duplicates: 0  Warnings: 0

Query OK, 0 rows affected (3.81 sec)
Records: 0  Duplicates: 0  Warnings: 0

+-------------+
| useractions |
+-------------+
|     1872898 |
+-------------+
1 row in set (0.52 sec)

Database changed
Query OK, 0 rows affected (0.08 sec)

Query OK, 0 rows affected (0.01 sec)

Database changed
Query OK, 25430259 rows affected (4 min 31.43 sec)
Records: 25430259  Deleted: 0  Skipped: 0  Warnings: 0

Query OK, 0 rows affected (1 min 4.86 sec)
Records: 0  Duplicates: 0  Warnings: 0

Query OK, 0 rows affected (1 min 3.66 sec)
Records: 0  Duplicates: 0  Warnings: 0

Query OK, 0 rows affected (1 min 4.19 sec)
Records: 0  Duplicates: 0  Warnings: 0

Query OK, 0 rows affected (56.49 sec)
Records: 0  Duplicates: 0  Warnings: 0

Query OK, 0 rows affected (1 min 11.87 sec)
Records: 0  Duplicates: 0  Warnings: 0

+----------+
| ipusage1 |
+----------+
| 25430259 |
+----------+
1 row in set (8.66 sec)

Query OK, 0 rows affected (0.03 sec)

Query OK, 1808332 rows affected (48.84 sec)
Records: 1808332  Duplicates: 0  Warnings: 0

Query OK, 0 rows affected (8.99 sec)
Records: 0  Duplicates: 0  Warnings: 0

Query OK, 0 rows affected (3.19 sec)
Records: 0  Duplicates: 0  Warnings: 0

Query OK, 0 rows affected (5.12 sec)
Records: 0  Duplicates: 0  Warnings: 0

+------------------------------+
| contractsservicepackageprice |
+------------------------------+
|                      1808332 |
+------------------------------+
1 row in set (0.51 sec)

Query OK, 0 rows affected (0.04 sec)

Query OK, 1808768 rows affected (2 min 2.05 sec)
Records: 1808768  Duplicates: 0  Warnings: 0

Query OK, 0 rows affected (7.85 sec)
Records: 0  Duplicates: 0  Warnings: 0

Query OK, 0 rows affected (8.16 sec)
Records: 0  Duplicates: 0  Warnings: 0

Query OK, 0 rows affected (4.87 sec)
Records: 0  Duplicates: 0  Warnings: 0

Query OK, 0 rows affected (7.00 sec)
Records: 0  Duplicates: 0  Warnings: 0

+------------------------------------+
| clientcontractsservicepackageprice |
+------------------------------------+
|                            1808768 |
+------------------------------------+
1 row in set (0.50 sec)

mysql> mysql \. C:\workspace\cloud\code\sql\_DailyScript\currenttime.sql
+---------------------+
| currenttime         |
+---------------------+
| 2020-12-16 09:19:55 |
+---------------------+
1 row in set (0.00 sec)

mysql> 
mysql> mysql \. C:\workspace\cloud\code\sql\_DailyScript\ticket_analysis.sql
Database changed
Query OK, 0 rows affected (0.02 sec)

Query OK, 731660 rows affected (22.14 sec)
Records: 731660  Duplicates: 0  Warnings: 0

Query OK, 0 rows affected (4.44 sec)
Records: 0  Duplicates: 0  Warnings: 0

Query OK, 0 rows affected (1.99 sec)
Records: 0  Duplicates: 0  Warnings: 0

Query OK, 0 rows affected (1.89 sec)
Records: 0  Duplicates: 0  Warnings: 0

Query OK, 0 rows affected (0.01 sec)

Query OK, 23401 rows affected (12.21 sec)
Records: 23401  Duplicates: 0  Warnings: 0

Query OK, 0 rows affected, 1 warning (0.00 sec)

Query OK, 104181 rows affected (7.22 sec)
Records: 104181  Duplicates: 0  Warnings: 0

Query OK, 0 rows affected, 1 warning (0.00 sec)

Query OK, 532924 rows affected (15.22 sec)
Records: 532924  Duplicates: 0  Warnings: 0

Query OK, 0 rows affected, 1 warning (0.00 sec)

Query OK, 532924 rows affected (14.83 sec)
Records: 532924  Duplicates: 0  Warnings: 0

Query OK, 0 rows affected (0.01 sec)

Query OK, 104279 rows affected (5.74 sec)
Records: 104279  Duplicates: 0  Warnings: 0

Database changed
Query OK, 0 rows affected (0.00 sec)

Query OK, 0 rows affected (0.02 sec)

Query OK, 731660 rows affected (22.34 sec)
Records: 731660  Duplicates: 0  Warnings: 0

Query OK, 0 rows affected (0.02 sec)

Query OK, 370772 rows affected (14.86 sec)
Records: 370772  Duplicates: 0  Warnings: 0

+--------------------------+
| clientticket_cmmtjourney |
+--------------------------+
|                   731660 |
+--------------------------+
1 row in set (2.14 sec)

+---------------------------+
| clientticket_assgnjourney |
+---------------------------+
|                    370772 |
+---------------------------+
1 row in set (0.41 sec)

Query OK, 0 rows affected (0.01 sec)

Query OK, 76 rows affected (0.09 sec)
Records: 76  Duplicates: 0  Warnings: 0

mysql> mysql \. C:\workspace\cloud\code\sql\_DailyScript\currenttime.sql
+---------------------+
| currenttime         |
+---------------------+
| 2020-12-16 09:22:01 |
+---------------------+
1 row in set (0.00 sec)

mysql> 
mysql> mysql \. C:\workspace\cloud\code\sql\_DailyScript\load_DailyCalls.sql
Database changed
Query OK, 384 rows affected (0.15 sec)
Records: 384  Deleted: 0  Skipped: 0  Warnings: 0

Query OK, 0 rows affected, 1 warning (0.00 sec)

Query OK, 375 rows affected (0.03 sec)
Records: 375  Duplicates: 0  Warnings: 0

Query OK, 0 rows affected, 1 warning (0.00 sec)

Query OK, 68365 rows affected (0.27 sec)
Records: 68365  Duplicates: 0  Warnings: 0

+----------------------+
| callingclientsbefore |
+----------------------+
|              1063039 |
+----------------------+
1 row in set (0.45 sec)

Query OK, 477 rows affected (7.77 sec)
Records: 477  Duplicates: 0  Warnings: 0

+---------------------+
| callingclientsafter |
+---------------------+
|             1063516 |
+---------------------+
1 row in set (0.29 sec)

Query OK, 0 rows affected (0.01 sec)

Query OK, 242 rows affected (3.65 sec)
Records: 242  Duplicates: 0  Warnings: 0

Query OK, 0 rows affected (0.01 sec)

Query OK, 21198 rows affected (3.57 sec)
Records: 21198  Duplicates: 0  Warnings: 0

+-----------+
| callstats |
+-----------+
|     21198 |
+-----------+
1 row in set (0.01 sec)

Query OK, 0 rows affected, 1 warning (0.00 sec)

Query OK, 477 rows affected (2.63 sec)
Records: 477  Duplicates: 0  Warnings: 0

+------------------------+
| rep_cccallreportbefore |
+------------------------+
|                1063835 |
+------------------------+
1 row in set (0.37 sec)

Query OK, 477 rows affected (0.14 sec)
Records: 477  Duplicates: 0  Warnings: 0

+-----------------------+
| rep_cccallreportafter |
+-----------------------+
|               1064312 |
+-----------------------+
1 row in set (0.28 sec)

Query OK, 0 rows affected (0.01 sec)

mysql> mysql \. C:\workspace\cloud\code\sql\_DailyScript\currenttime.sql
+---------------------+
| currenttime         |
+---------------------+
| 2020-12-16 09:22:21 |
+---------------------+
1 row in set (0.00 sec)

mysql> 
mysql> mysql \. C:\workspace\cloud\code\sql\_DailyScript\DAILY-SCRIPT-USAGE.sql
Database changed
Query OK, 0 rows affected (0.00 sec)

Query OK, 4155 rows affected, 12022 warnings (1.09 sec)
Records: 4155  Deleted: 0  Skipped: 0  Warnings: 12022

Query OK, 0 rows affected (0.01 sec)

Query OK, 5815 rows affected, 16767 warnings (1.25 sec)
Records: 5815  Deleted: 0  Skipped: 0  Warnings: 16767

Query OK, 0 rows affected (0.00 sec)

Query OK, 306 rows affected, 1076 warnings (0.04 sec)
Records: 306  Deleted: 0  Skipped: 0  Warnings: 1076

Query OK, 0 rows affected (0.00 sec)

Query OK, 163 rows affected, 556 warnings (0.04 sec)
Records: 163  Deleted: 0  Skipped: 0  Warnings: 556

+------------+
| dailyusage |
+------------+
|   15858687 |
+------------+
1 row in set (6.24 sec)

+------------+------------+------------+---------+
| datestart  | dateend    | insertedon | records |
+------------+------------+------------+---------+
| 2020-12-15 | 2020-12-15 | 2020-12-16 |   10439 |
| 2020-12-14 | 2020-12-14 | 2020-12-15 |   10487 |
| 2020-12-13 | 2020-12-13 | 2020-12-14 |   10311 |
| 2020-12-12 | 2020-12-12 | 2020-12-13 |   10495 |
| 2020-12-11 | 2020-12-11 | 2020-12-12 |   10426 |
+------------+------------+------------+---------+
5 rows in set (33.40 sec)

+----------+------------+------------+------------+---------+
| category | datestart  | dateend    | insertedon | records |
+----------+------------+------------+------------+---------+
| UNCAPPED | 2020-12-15 | 2020-12-15 | 2020-12-16 |    5815 |
| PREPAID  | 2020-12-15 | 2020-12-15 | 2020-12-16 |     306 |
| HOTSPOT  | 2020-12-15 | 2020-12-15 | 2020-12-16 |     163 |
| CAPPED   | 2020-12-15 | 2020-12-15 | 2020-12-16 |    4155 |
| UNCAPPED | 2020-12-14 | 2020-12-14 | 2020-12-15 |    5838 |
| PREPAID  | 2020-12-14 | 2020-12-14 | 2020-12-15 |     287 |
| HOTSPOT  | 2020-12-14 | 2020-12-14 | 2020-12-15 |     181 |
| CAPPED   | 2020-12-14 | 2020-12-14 | 2020-12-15 |    4181 |
| UNCAPPED | 2020-12-13 | 2020-12-13 | 2020-12-14 |    5771 |
| PREPAID  | 2020-12-13 | 2020-12-13 | 2020-12-14 |     297 |
| HOTSPOT  | 2020-12-13 | 2020-12-13 | 2020-12-14 |     127 |
| CAPPED   | 2020-12-13 | 2020-12-13 | 2020-12-14 |    4116 |
| UNCAPPED | 2020-12-12 | 2020-12-12 | 2020-12-13 |    5881 |
| PREPAID  | 2020-12-12 | 2020-12-12 | 2020-12-13 |     272 |
| HOTSPOT  | 2020-12-12 | 2020-12-12 | 2020-12-13 |     159 |
| CAPPED   | 2020-12-12 | 2020-12-12 | 2020-12-13 |    4183 |
| UNCAPPED | 2020-12-11 | 2020-12-11 | 2020-12-12 |    5783 |
| PREPAID  | 2020-12-11 | 2020-12-11 | 2020-12-12 |     279 |
| HOTSPOT  | 2020-12-11 | 2020-12-11 | 2020-12-12 |     183 |
| CAPPED   | 2020-12-11 | 2020-12-11 | 2020-12-12 |    4181 |
+----------+------------+------------+------------+---------+
20 rows in set (23.60 sec)

mysql> mysql \. C:\workspace\cloud\code\sql\_DailyScript\currenttime.sql
+---------------------+
| currenttime         |
+---------------------+
| 2020-12-16 09:23:26 |
+---------------------+
1 row in set (0.00 sec)

mysql> 
mysql> mysql \. C:\workspace\cloud\code\sql\_DailyScript\DAILY-SCRIPT-SALES-TELEMETRY.sql
Database changed
Query OK, 118 rows affected, 64 warnings (0.04 sec)
Records: 118  Deleted: 0  Skipped: 0  Warnings: 64

+------------+
| dailysales |
+------------+
|     217597 |
+------------+
1 row in set (0.25 sec)

Query OK, 0 rows affected (0.01 sec)

Query OK, 217597 rows affected (13.46 sec)
Records: 217597  Duplicates: 0  Warnings: 0

+--------+
| sales  |
+--------+
| 217597 |
+--------+
1 row in set (0.21 sec)

Query OK, 0 rows affected (0.01 sec)

Query OK, 3544 rows affected (0.36 sec)
Records: 3544  Duplicates: 0  Warnings: 0

+----------------+
| rep_dailysales |
+----------------+
|           3544 |
+----------------+
1 row in set (0.00 sec)

Query OK, 0 rows affected (0.01 sec)

Query OK, 3544 rows affected (0.52 sec)
Records: 3544  Duplicates: 0  Warnings: 0

+-------------------+
| rep_dailysalesreg |
+-------------------+
|              3544 |
+-------------------+
1 row in set (0.00 sec)

Query OK, 0 rows affected (0.01 sec)

Query OK, 2847 rows affected (0.68 sec)
Records: 2847  Duplicates: 0  Warnings: 0

+-----------+
| saleslist |
+-----------+
|      2847 |
+-----------+
1 row in set (0.00 sec)

Database changed
Query OK, 1 row affected (0.01 sec)
Records: 1  Deleted: 0  Skipped: 0  Warnings: 0

+------------------+
| dailysinglesales |
+------------------+
|             6428 |
+------------------+
1 row in set (0.02 sec)

Database changed
Query OK, 7 rows affected (0.02 sec)
Records: 7  Deleted: 0  Skipped: 0  Warnings: 0

+-----------------+
| dailyaddonsales |
+-----------------+
|           21367 |
+-----------------+
1 row in set (0.04 sec)

Query OK, 144 rows affected (0.04 sec)
Records: 144  Deleted: 0  Skipped: 0  Warnings: 0

+----------------+
| onlinepayments |
+----------------+
|         142923 |
+----------------+
1 row in set (0.11 sec)

+-------------+----------------+---------------------+
| paymentdate | onlinepayments | onlinepaymentamount |
+-------------+----------------+---------------------+
| 2020-12-15  |            144 |         82583.77000 |
| 2020-12-14  |            155 |         93895.65000 |
| 2020-12-13  |            152 |         88694.29000 |
| 2020-12-12  |            161 |        102753.10000 |
| 2020-12-11  |            133 |         75317.37000 |
+-------------+----------------+---------------------+
5 rows in set (0.51 sec)

+-------------+--------------+----------------+---------------------+
| paymentyear | paymentmonth | onlinepayments | onlinepaymentamount |
+-------------+--------------+----------------+---------------------+
|        2020 |           12 |           2894 |       1941059.87000 |
|        2020 |           11 |           6424 |       4163507.90000 |
|        2020 |           10 |           6965 |       4508008.17000 |
|        2020 |            9 |           6132 |       3998941.54000 |
|        2020 |            8 |           6240 |       4098025.79000 |
+-------------+--------------+----------------+---------------------+
5 rows in set (0.14 sec)

mysql> mysql \. C:\workspace\cloud\code\sql\_DailyScript\currenttime.sql
+---------------------+
| currenttime         |
+---------------------+
| 2020-12-16 09:23:43 |
+---------------------+
1 row in set (0.00 sec)

mysql> 
mysql> mysql \. C:\workspace\cloud\code\sql\_DailyScript\DAILY-SCRIPT-ACTIVENUMBERS.sql
Database changed
Query OK, 1170 rows affected (0.57 sec)
Records: 1170  Deleted: 0  Skipped: 0  Warnings: 0

+------------+----------+
| period     | count(1) |
+------------+----------+
| 2020-12-15 |     1170 |
| 2020-12-14 |     1168 |
| 2020-12-13 |     1166 |
| 2020-12-12 |     1167 |
| 2020-12-11 |     1167 |
+------------+----------+
5 rows in set (0.01 sec)

Query OK, 0 rows affected (0.00 sec)

Query OK, 79 rows affected (1.39 sec)
Records: 79  Duplicates: 0  Warnings: 0

+-------------+
| packagelist |
+-------------+
|          79 |
+-------------+
1 row in set (0.00 sec)

Database changed
Query OK, 0 rows affected (0.01 sec)

Query OK, 0 rows affected (0.00 sec)

Query OK, 0 rows affected (0.00 sec)

Query OK, 0 rows affected (0.00 sec)

Query OK, 28065 rows affected, 206 warnings (19.96 sec)
Records: 28065  Deleted: 0  Skipped: 0  Warnings: 206

+------------+----------+
| period     | count(1) |
+------------+----------+
| 2020-12-15 |    28065 |
| 2020-12-14 |    28016 |
| 2020-12-13 |    27921 |
| 2020-12-12 |    28028 |
| 2020-12-11 |    28053 |
+------------+----------+
5 rows in set (0.10 sec)

Query OK, 0 rows affected (0.04 sec)

Query OK, 27491 rows affected (48.30 sec)
Records: 27491  Duplicates: 0  Warnings: 0

Query OK, 0 rows affected (0.13 sec)
Records: 0  Duplicates: 0  Warnings: 0

Query OK, 0 rows affected (0.13 sec)
Records: 0  Duplicates: 0  Warnings: 0

Query OK, 0 rows affected (0.10 sec)
Records: 0  Duplicates: 0  Warnings: 0

Query OK, 0 rows affected (0.11 sec)
Records: 0  Duplicates: 0  Warnings: 0

Query OK, 0 rows affected (0.07 sec)
Records: 0  Duplicates: 0  Warnings: 0

Query OK, 0 rows affected (0.07 sec)
Records: 0  Duplicates: 0  Warnings: 0

+-------------+
| countbefore |
+-------------+
|    41640665 |
+-------------+
1 row in set (15.74 sec)

Query OK, 27491 rows affected (5.68 sec)
Records: 27491  Duplicates: 0  Warnings: 0

+------------+
| countafter |
+------------+
|   41668156 |
+------------+
1 row in set (14.06 sec)

+------------+--------------------------+
| period     | customercontractactivity |
+------------+--------------------------+
| 2020-12-15 |                    27491 |
| 2020-12-14 |                    27442 |
| 2020-12-13 |                    27347 |
| 2020-12-12 |                    27454 |
| 2020-12-11 |                    27479 |
+------------+--------------------------+
5 rows in set (0.06 sec)

Query OK, 0 rows affected (0.07 sec)

Query OK, 287577 rows affected (7 min 30.31 sec)
Records: 287577  Duplicates: 0  Warnings: 0

Query OK, 0 rows affected (0.97 sec)
Records: 0  Duplicates: 0  Warnings: 0

Query OK, 0 rows affected (1.06 sec)
Records: 0  Duplicates: 0  Warnings: 0

Query OK, 0 rows affected (1.05 sec)
Records: 0  Duplicates: 0  Warnings: 0

Query OK, 0 rows affected (0.01 sec)

Query OK, 234 rows affected (0.40 sec)
Records: 234  Duplicates: 0  Warnings: 0

Query OK, 0 rows affected (0.01 sec)

Query OK, 2653 rows affected (0.56 sec)
Records: 2653  Duplicates: 0  Warnings: 0

Query OK, 0 rows affected (0.02 sec)

Query OK, 27468 rows affected (0.51 sec)
Records: 27468  Duplicates: 0  Warnings: 0

Query OK, 0 rows affected (0.01 sec)

Query OK, 17218 rows affected (0.33 sec)
Records: 17218  Duplicates: 0  Warnings: 0

Query OK, 0 rows affected (0.01 sec)

Query OK, 17218 rows affected (0.11 sec)
Records: 17218  Duplicates: 0  Warnings: 0

Query OK, 0 rows affected (0.01 sec)

Query OK, 17218 rows affected (1.07 sec)
Records: 17218  Duplicates: 0  Warnings: 0

Query OK, 0 rows affected (0.01 sec)

Query OK, 17218 rows affected (43.16 sec)
Records: 17218  Duplicates: 0  Warnings: 0

+-------------+
| clientstats |
+-------------+
|       17218 |
+-------------+
1 row in set (0.01 sec)

Query OK, 0 rows affected (0.01 sec)

Query OK, 14 rows affected, 1 warning (0.09 sec)
Records: 14  Duplicates: 0  Warnings: 1

+-----------------------+-------------+-------------+----------------+-----------------+
| services              | activecount | allaccounts | uniqueaccounts | uniquecontracts |
+-----------------------+-------------+-------------+----------------+-----------------+
| All                   |         346 |          58 |             58 |             184 |
| Internet & OTT        |           2 |           1 |              1 |               2 |
| Internet & Voice      |         352 |         158 |            157 |             308 |
| Internet Only         |        4364 |        4242 |           4236 |            4286 |
| OTT Only              |           1 |           1 |              1 |               1 |
| TV & Internet         |        9581 |        4339 |           4331 |            8818 |
| TV & Internet & OTT   |        3232 |         823 |            821 |            1714 |
| TV & Internet & Voice |         521 |         156 |            156 |             478 |
| TV & OTT              |         517 |          76 |             75 |              93 |
| TV & Voice            |          90 |          40 |             40 |              84 |
| TV & Voice & OTT      |           7 |           1 |              1 |               2 |
| TV Only               |        9021 |        7187 |           7177 |            7378 |
| Voice Only            |         138 |         136 |            136 |             138 |
| GRAND TOTAL           |       28172 |       17218 |          17150 |           23486 |
+-----------------------+-------------+-------------+----------------+-----------------+
14 rows in set (0.00 sec)

+-------------+-------------+-------------+----------------+-----------------+
| network     | activecount | allaccounts | uniqueaccounts | uniquecontracts |
+-------------+-------------+-------------+----------------+-----------------+
| GPON        |       10276 |        5267 |           5264 |            8191 |
| HFC         |       17896 |       11951 |          11951 |           15295 |
| GRAND TOTAL |       28172 |       17218 |          17150 |           23486 |
+-------------+-------------+-------------+----------------+-----------------+
3 rows in set, 1 warning (0.11 sec)

+-------------+-----------------------+-------------+-------------+----------------+-----------------+
| network     | services              | activecount | allaccounts | uniqueaccounts | uniquecontracts |
+-------------+-----------------------+-------------+-------------+----------------+-----------------+
| GPON        | All                   |         204 |          36 |             36 |             112 |
| GPON        | Internet & OTT        |           2 |           1 |              1 |               2 |
| GPON        | Internet & Voice      |          76 |          32 |             32 |              66 |
| GPON        | Internet Only         |        1297 |        1196 |           1196 |            1221 |
| GPON        | TV & Internet         |        4337 |        1920 |           1920 |            3932 |
| GPON        | TV & Internet & OTT   |        1910 |         477 |            477 |            1001 |
| GPON        | TV & Internet & Voice |         224 |          65 |             65 |             203 |
| GPON        | TV & OTT              |         273 |          39 |             39 |              44 |
| GPON        | TV & Voice            |          62 |          27 |             27 |              58 |
| GPON        | TV & Voice & OTT      |           7 |           1 |              1 |               2 |
| GPON        | TV Only               |        1872 |        1462 |           1462 |            1538 |
| GPON        | Voice Only            |          12 |          11 |             11 |              12 |
| GPON        | Services Total        |       10276 |        5267 |           5264 |            8191 |
| HFC         | All                   |         142 |          22 |             22 |              72 |
| HFC         | Internet & Voice      |         276 |         126 |            126 |             242 |
| HFC         | Internet Only         |        3067 |        3046 |           3046 |            3065 |
| HFC         | OTT Only              |           1 |           1 |              1 |               1 |
| HFC         | TV & Internet         |        5244 |        2419 |           2419 |            4886 |
| HFC         | TV & Internet & OTT   |        1322 |         346 |            346 |             713 |
| HFC         | TV & Internet & Voice |         297 |          91 |             91 |             275 |
| HFC         | TV & OTT              |         244 |          37 |             37 |              49 |
| HFC         | TV & Voice            |          28 |          13 |             13 |              26 |
| HFC         | TV Only               |        7149 |        5725 |           5725 |            5840 |
| HFC         | Voice Only            |         126 |         125 |            125 |             126 |
| HFC         | Services Total        |       17896 |       11951 |          11951 |           15295 |
| GRAND TOTAL | Services Total        |       28172 |       17218 |          17150 |           23486 |
+-------------+-----------------------+-------------+-------------+----------------+-----------------+
26 rows in set, 2 warnings (0.13 sec)

Query OK, 0 rows affected (0.01 sec)

Query OK, 45 rows affected, 3 warnings (0.17 sec)
Records: 45  Duplicates: 0  Warnings: 3

+-------------+---------------+-----------------------+-------------+-------------+----------------+-----------------+
| region      | network       | services              | activecount | allaccounts | uniqueaccounts | uniquecontracts |
+-------------+---------------+-----------------------+-------------+-------------+----------------+-----------------+
| Eden Island | GPON          | TV & Internet         |           2 |           1 |              1 |               2 |
| Eden Island | GPON          | Services Total        |           2 |           1 |              1 |               2 |
| Eden Island | Network Total | Services Total        |           2 |           1 |              1 |               2 |
| Mahe        | GPON          | All                   |         179 |          32 |             32 |             100 |
| Mahe        | GPON          | Internet & OTT        |           2 |           1 |              1 |               2 |
| Mahe        | GPON          | Internet & Voice      |          64 |          26 |             26 |              54 |
| Mahe        | GPON          | Internet Only         |        1061 |         960 |            960 |             985 |
| Mahe        | GPON          | TV & Internet         |        3549 |        1565 |           1565 |            3200 |
| Mahe        | GPON          | TV & Internet & OTT   |        1507 |         367 |            367 |             773 |
| Mahe        | GPON          | TV & Internet & Voice |         211 |          61 |             61 |             190 |
| Mahe        | GPON          | TV & OTT              |         254 |          30 |             30 |              35 |
| Mahe        | GPON          | TV & Voice            |          60 |          26 |             26 |              56 |
| Mahe        | GPON          | TV & Voice & OTT      |           7 |           1 |              1 |               2 |
| Mahe        | GPON          | TV Only               |        1501 |        1160 |           1160 |            1218 |
| Mahe        | GPON          | Voice Only            |          10 |           9 |              9 |              10 |
| Mahe        | GPON          | Services Total        |        8405 |        4238 |           4238 |            6625 |
| Mahe        | HFC           | All                   |         142 |          22 |             22 |              72 |
| Mahe        | HFC           | Internet & Voice      |         276 |         126 |            126 |             242 |
| Mahe        | HFC           | Internet Only         |        3066 |        3045 |           3045 |            3064 |
| Mahe        | HFC           | OTT Only              |           1 |           1 |              1 |               1 |
| Mahe        | HFC           | TV & Internet         |        5244 |        2419 |           2419 |            4886 |
| Mahe        | HFC           | TV & Internet & OTT   |        1322 |         346 |            346 |             713 |
| Mahe        | HFC           | TV & Internet & Voice |         297 |          91 |             91 |             275 |
| Mahe        | HFC           | TV & OTT              |         244 |          37 |             37 |              49 |
| Mahe        | HFC           | TV & Voice            |          28 |          13 |             13 |              26 |
| Mahe        | HFC           | TV Only               |        7146 |        5723 |           5723 |            5838 |
| Mahe        | HFC           | Voice Only            |         126 |         125 |            125 |             126 |
| Mahe        | HFC           | Services Total        |       17892 |       11948 |          11948 |           15292 |
| Mahe        | Network Total | Services Total        |       26297 |       16186 |          16121 |           21917 |
| Praslin     | GPON          | All                   |          25 |           4 |              4 |              12 |
| Praslin     | GPON          | Internet & Voice      |          12 |           6 |              6 |              12 |
| Praslin     | GPON          | Internet Only         |         236 |         236 |            236 |             236 |
| Praslin     | GPON          | TV & Internet         |         786 |         354 |            354 |             730 |
| Praslin     | GPON          | TV & Internet & OTT   |         403 |         110 |            110 |             228 |
| Praslin     | GPON          | TV & Internet & Voice |          13 |           4 |              4 |              13 |
| Praslin     | GPON          | TV & OTT              |          19 |           9 |              9 |               9 |
| Praslin     | GPON          | TV & Voice            |           2 |           1 |              1 |               2 |
| Praslin     | GPON          | TV Only               |         371 |         302 |            302 |             320 |
| Praslin     | GPON          | Voice Only            |           2 |           2 |              2 |               2 |
| Praslin     | GPON          | Services Total        |        1869 |        1028 |           1028 |            1564 |
| Praslin     | HFC           | Internet Only         |           1 |           1 |              1 |               1 |
| Praslin     | HFC           | TV Only               |           3 |           2 |              2 |               2 |
| Praslin     | HFC           | Services Total        |           4 |           3 |              3 |               3 |
| Praslin     | Network Total | Services Total        |        1873 |        1031 |           1031 |            1567 |
| GRAND TOTAL | Network Total | Services Total        |       28172 |       17218 |          17150 |           23486 |
+-------------+---------------+-----------------------+-------------+-------------+----------------+-----------------+
45 rows in set (0.00 sec)

Query OK, 0 rows affected (0.01 sec)

Query OK, 27469 rows affected (0.42 sec)
Records: 27469  Duplicates: 0  Warnings: 0

Query OK, 0 rows affected (0.01 sec)

Query OK, 2217 rows affected (1.57 sec)
Records: 2217  Duplicates: 0  Warnings: 0

+--------------------------------------+
| message                              |
+--------------------------------------+
| running rcbill_my.sp_ActiveNumber2() |
+--------------------------------------+
1 row in set (0.00 sec)

Query OK, 365 rows affected (1 min 52.78 sec)

mysql> mysql \. C:\workspace\cloud\code\sql\_DailyScript\currenttime.sql
+---------------------+
| currenttime         |
+---------------------+
| 2020-12-16 09:35:45 |
+---------------------+
1 row in set (0.00 sec)

mysql> 
mysql> mysql \. C:\workspace\cloud\code\sql\_DailyScript\GetActiveNumbers Average -Pivot.sql
Database changed
+-------------------------------------+
| @today := subdate(current_date(),1) |
+-------------------------------------+
| 2020-12-15                          |
+-------------------------------------+
1 row in set (0.00 sec)

+-------------------------------------+
| @lastdayofmonth := last_day(@today) |
+-------------------------------------+
| 2020-12-31                          |
+-------------------------------------+
1 row in set (0.00 sec)

Query OK, 0 rows affected (0.02 sec)

Query OK, 43983 rows affected, 65535 warnings (52.55 sec)
Records: 43983  Duplicates: 0  Warnings: 90198

Query OK, 0 rows affected (0.09 sec)
Records: 0  Duplicates: 0  Warnings: 0

Query OK, 0 rows affected (0.12 sec)
Records: 0  Duplicates: 0  Warnings: 0

Query OK, 0 rows affected (0.10 sec)
Records: 0  Duplicates: 0  Warnings: 0

+-----------------+
| activenumberavg |
+-----------------+
|           43983 |
+-----------------+
1 row in set (0.02 sec)

Query OK, 0 rows affected (0.01 sec)

Query OK, 1933 rows affected (0.49 sec)
Records: 1933  Duplicates: 0  Warnings: 0

+---------------------+
| rep_activenumberavg |
+---------------------+
|                1933 |
+---------------------+
1 row in set (0.00 sec)

+----------------------+
| rep_activenumberavg1 |
+----------------------+
|                  903 |
+----------------------+
1 row in set (0.00 sec)

Query OK, 0 rows affected (0.01 sec)

Query OK, 2300 rows affected (0.40 sec)
Records: 2300  Duplicates: 0  Warnings: 0

Query OK, 0 rows affected (0.01 sec)

Query OK, 11802 rows affected (0.72 sec)
Records: 11802  Duplicates: 0  Warnings: 0

Query OK, 0 rows affected (0.00 sec)

Query OK, 0 rows affected (0.00 sec)

Query OK, 0 rows affected (0.01 sec)

Query OK, 0 rows affected (0.00 sec)

Query OK, 0 rows affected (0.00 sec)
Statement prepared

Query OK, 53 rows affected (0.05 sec)
Records: 53  Duplicates: 0  Warnings: 0

Query OK, 0 rows affected (0.00 sec)

Query OK, 0 rows affected (0.00 sec)

+----------------------+
| rep_activenumberavg2 |
+----------------------+
|                 2300 |
+----------------------+
1 row in set (0.00 sec)

+------------------------+
| rep_activenumberavg_pv |
+------------------------+
|                     53 |
+------------------------+
1 row in set (0.00 sec)

Query OK, 0 rows affected (0.01 sec)

Query OK, 2299 rows affected (0.34 sec)
Records: 2299  Duplicates: 0  Warnings: 0

Query OK, 0 rows affected (0.00 sec)

Query OK, 0 rows affected (0.00 sec)

Query OK, 0 rows affected (0.01 sec)

Query OK, 0 rows affected (0.00 sec)

Query OK, 0 rows affected (0.00 sec)
Statement prepared

Query OK, 53 rows affected (0.04 sec)
Records: 53  Duplicates: 0  Warnings: 0

Query OK, 0 rows affected (0.00 sec)

Query OK, 0 rows affected (0.00 sec)

+-------------------------+
| rep_activenumberavgMahe |
+-------------------------+
|                    2299 |
+-------------------------+
1 row in set (0.00 sec)

+----------------------------+
| rep_activenumberavgMahe_pv |
+----------------------------+
|                         53 |
+----------------------------+
1 row in set (0.00 sec)

Query OK, 0 rows affected (0.01 sec)

Query OK, 1464 rows affected (0.15 sec)
Records: 1464  Duplicates: 0  Warnings: 0

Query OK, 0 rows affected (0.00 sec)

Query OK, 0 rows affected (0.00 sec)

Query OK, 0 rows affected (0.01 sec)

Query OK, 0 rows affected (0.00 sec)

Query OK, 0 rows affected (0.00 sec)
Statement prepared

Query OK, 40 rows affected (0.03 sec)
Records: 40  Duplicates: 0  Warnings: 0

Query OK, 0 rows affected (0.00 sec)

Query OK, 0 rows affected (0.00 sec)

+----------------------------+
| rep_activenumberavgPraslin |
+----------------------------+
|                       1464 |
+----------------------------+
1 row in set (0.00 sec)

+-------------------------------+
| rep_activenumberavgPraslin_pv |
+-------------------------------+
|                            40 |
+-------------------------------+
1 row in set (0.00 sec)

mysql> mysql \. C:\workspace\cloud\code\sql\_DailyScript\currenttime.sql
+---------------------+
| currenttime         |
+---------------------+
| 2020-12-16 09:36:40 |
+---------------------+
1 row in set (0.00 sec)

mysql> 
mysql> mysql \. C:\workspace\cloud\code\sql\_DailyScript\budget_actual_analysis_2020.sql
Query OK, 0 rows affected (0.01 sec)

Query OK, 1046 rows affected, 3 warnings (0.26 sec)
Records: 1046  Duplicates: 0  Warnings: 3

+--------------------+
| budget_actual_2020 |
+--------------------+
|               1046 |
+--------------------+
1 row in set (0.00 sec)

Query OK, 0 rows affected (0.01 sec)

Query OK, 48 rows affected (0.04 sec)
Records: 48  Duplicates: 0  Warnings: 0

+---------------------------+
| rep_budget_actual_2020_pv |
+---------------------------+
|                        48 |
+---------------------------+
1 row in set (0.00 sec)

mysql> mysql \. C:\workspace\cloud\code\sql\_DailyScript\currenttime.sql
+---------------------+
| currenttime         |
+---------------------+
| 2020-12-16 09:36:40 |
+---------------------+
1 row in set (0.00 sec)

mysql> 
mysql> mysql \. C:\workspace\cloud\code\sql\_DailyScript\reports-sales-addons-prepaid-camera.sql
Database changed
Query OK, 0 rows affected (0.01 sec)

Query OK, 4214 rows affected (0.19 sec)
Records: 4214  Duplicates: 0  Warnings: 0

Query OK, 0 rows affected (0.01 sec)

Query OK, 21411 rows affected (16.94 sec)
Records: 21411  Duplicates: 0  Warnings: 0

+--------------------+
| rep_prepaid_camera |
+--------------------+
|               4214 |
+--------------------+
1 row in set (0.01 sec)

+-----------+
| rep_addon |
+-----------+
|     21411 |
+-----------+
1 row in set (0.01 sec)

mysql> mysql \. C:\workspace\cloud\code\sql\_DailyScript\currenttime.sql
+---------------------+
| currenttime         |
+---------------------+
| 2020-12-16 09:36:58 |
+---------------------+
1 row in set (0.00 sec)

mysql> 
mysql> mysql \. C:\workspace\cloud\code\sql\_DailyScript\RCB_ClientAnalyticsReport_Script.sql
Database changed
Query OK, 0 rows affected (0.00 sec)

Query OK, 0 rows affected (0.06 sec)

Query OK, 2001590 rows affected (1 min 12.56 sec)
Records: 2001590  Duplicates: 0  Warnings: 0

Query OK, 0 rows affected (6.88 sec)
Records: 0  Duplicates: 0  Warnings: 0

Query OK, 0 rows affected (4.32 sec)
Records: 0  Duplicates: 0  Warnings: 0

Query OK, 0 rows affected (10.18 sec)
Records: 0  Duplicates: 0  Warnings: 0

Query OK, 0 rows affected (7.37 sec)
Records: 0  Duplicates: 0  Warnings: 0

Query OK, 0 rows affected (8.94 sec)
Records: 0  Duplicates: 0  Warnings: 0

Query OK, 0 rows affected (7.18 sec)
Records: 0  Duplicates: 0  Warnings: 0

Query OK, 0 rows affected (0.01 sec)

Query OK, 498744 rows affected (15.32 sec)
Rows matched: 2001590  Changed: 498744  Warnings: 0

Query OK, 0 rows affected (0.01 sec)

Query OK, 28293 rows affected (4.12 sec)
Records: 28293  Duplicates: 0  Warnings: 0

+---------------------+
| clientcontractssubs |
+---------------------+
|               28293 |
+---------------------+
1 row in set (0.01 sec)

Query OK, 0 rows affected (0.01 sec)

Query OK, 44435 rows affected (10 min 15.38 sec)
Records: 44435  Duplicates: 0  Warnings: 0

Query OK, 0 rows affected (0.17 sec)
Records: 0  Duplicates: 0  Warnings: 0

Query OK, 0 rows affected (0.14 sec)
Records: 0  Duplicates: 0  Warnings: 0

Query OK, 0 rows affected (0.08 sec)
Records: 0  Duplicates: 0  Warnings: 0

+-----------------------+
| clientcontracthistory |
+-----------------------+
|                 44435 |
+-----------------------+
1 row in set (0.01 sec)

Query OK, 0 rows affected (0.02 sec)

Query OK, 2692849 rows affected (1 min 23.58 sec)
Records: 2692849  Duplicates: 0  Warnings: 0

Query OK, 0 rows affected (0.02 sec)

Query OK, 468059 rows affected (6 min 22.86 sec)
Records: 468059  Duplicates: 0  Warnings: 0

Query OK, 0 rows affected (1.58 sec)
Records: 0  Duplicates: 0  Warnings: 0

Query OK, 0 rows affected (0.75 sec)
Records: 0  Duplicates: 0  Warnings: 0

Query OK, 0 rows affected (1.73 sec)
Records: 0  Duplicates: 0  Warnings: 0

Query OK, 0 rows affected (0.80 sec)
Records: 0  Duplicates: 0  Warnings: 0

+--------------------------+
| clientcontractinvpmt_stg |
+--------------------------+
|                   468059 |
+--------------------------+
1 row in set (0.12 sec)

Query OK, 0 rows affected (0.02 sec)

Query OK, 468059 rows affected (12.17 sec)
Records: 468059  Duplicates: 0  Warnings: 0

Query OK, 0 rows affected (1.93 sec)
Records: 0  Duplicates: 0  Warnings: 0

Query OK, 0 rows affected (0.78 sec)
Records: 0  Duplicates: 0  Warnings: 0

Query OK, 0 rows affected (1.72 sec)
Records: 0  Duplicates: 0  Warnings: 0

Query OK, 0 rows affected (0.88 sec)
Records: 0  Duplicates: 0  Warnings: 0

+----------------------+
| clientcontractinvpmt |
+----------------------+
|               468059 |
+----------------------+
1 row in set (0.13 sec)

Query OK, 0 rows affected (0.01 sec)

Query OK, 44435 rows affected (1 min 22.91 sec)
Records: 44435  Duplicates: 0  Warnings: 0

+--------------+
| clientreport |
+--------------+
|        44435 |
+--------------+
1 row in set (0.02 sec)

Query OK, 0 rows affected (0.01 sec)

Query OK, 44435 rows affected (5.73 sec)
Records: 44435  Duplicates: 0  Warnings: 0

+----------------------+
| clientextendedreport |
+----------------------+
|                44435 |
+----------------------+
1 row in set (0.01 sec)

Query OK, 0 rows affected (0.01 sec)

Query OK, 44435 rows affected (1 min 2.71 sec)
Records: 44435  Duplicates: 0  Warnings: 0

+---------+
| allcust |
+---------+
|   44435 |
+---------+
1 row in set (0.01 sec)

Query OK, 0 rows affected, 1 warning (0.00 sec)

Query OK, 5000 rows affected (0.13 sec)
Records: 5000  Duplicates: 0  Warnings: 0

Query OK, 0 rows affected (0.01 sec)

Query OK, 6863 rows affected (0.29 sec)
Records: 6863  Duplicates: 0  Warnings: 0

Query OK, 0 rows affected, 1 warning (0.00 sec)

Query OK, 5000 rows affected (0.13 sec)
Records: 5000  Duplicates: 0  Warnings: 0

Query OK, 0 rows affected (0.01 sec)

Query OK, 7275 rows affected (0.17 sec)
Records: 7275  Duplicates: 0  Warnings: 0

mysql> mysql \. C:\workspace\cloud\code\sql\_DailyScript\currenttime.sql
+---------------------+
| currenttime         |
+---------------------+
| 2020-12-16 10:00:12 |
+---------------------+
1 row in set (0.00 sec)

mysql> 
mysql> 
mysql> mysql \. C:\workspace\cloud\code\sql\_DailyScript\REVENUE_PER_NODE_MXK.sql
Query OK, 0 rows affected (0.02 sec)

Query OK, 0 rows affected (0.01 sec)

Query OK, 0 rows affected (0.04 sec)

ERROR 1146 (42S02): Table 'rcbill_my.rep_clientcontractdevices' doesn't exist
+----------------------+
| message              |
+----------------------+
| created temp table a |
+----------------------+
1 row in set (0.00 sec)

Query OK, 6786 rows affected (0.92 sec)
Records: 6786  Duplicates: 0  Warnings: 0

+----------------------+
| message              |
+----------------------+
| created temp table b |
+----------------------+
1 row in set (0.00 sec)

Query OK, 0 rows affected, 1 warning (0.00 sec)

ERROR 1146 (42S02): Table 'rcbill.a' doesn't exist
+--------------------------------+
| message                        |
+--------------------------------+
| created rcbill_my.tempcustmxk1 |
+--------------------------------+
1 row in set (0.00 sec)

Query OK, 0 rows affected, 1 warning (0.00 sec)

Query OK, 0 rows affected (0.00 sec)

Query OK, 0 rows affected, 1 warning (0.00 sec)

ERROR 1146 (42S02): Table 'rcbill_my.rep_clientcontractdevices' doesn't exist
+----------------+
| message        |
+----------------+
| created temp a |
+----------------+
1 row in set (0.00 sec)

Query OK, 6786 rows affected (0.81 sec)
Records: 6786  Duplicates: 0  Warnings: 0

+----------------+
| message        |
+----------------+
| created temp b |
+----------------+
1 row in set (0.00 sec)

Query OK, 0 rows affected, 1 warning (0.00 sec)

ERROR 1146 (42S02): Table 'rcbill.a' doesn't exist
+--------------------------------+
| message                        |
+--------------------------------+
| created rcbill_my.tempcustmxk2 |
+--------------------------------+
1 row in set (0.00 sec)

Query OK, 0 rows affected, 1 warning (0.00 sec)

Query OK, 0 rows affected (0.00 sec)

Query OK, 0 rows affected, 1 warning (0.00 sec)

Query OK, 0 rows affected (0.01 sec)

ERROR 1146 (42S02): Table 'rcbill_my.tempcustmxk1' doesn't exist
+---------------------------------+
| message                         |
+---------------------------------+
| created rcbill_my.customers_mxk |
+---------------------------------+
1 row in set (0.00 sec)

Query OK, 0 rows affected, 1 warning (0.00 sec)

Query OK, 0 rows affected, 1 warning (0.00 sec)

ERROR 1146 (42S02): Table 'rcbill_my.rep_clientcontractdevices' doesn't exist
+----------------+
| message        |
+----------------+
| created temp a |
+----------------+
1 row in set (0.00 sec)

Query OK, 19193 rows affected (1.83 sec)
Records: 19193  Duplicates: 0  Warnings: 0

+----------------+
| message        |
+----------------+
| created temp c |
+----------------+
1 row in set (0.00 sec)

Query OK, 0 rows affected, 1 warning (0.00 sec)

ERROR 1146 (42S02): Table 'rcbill.a' doesn't exist
+---------------------------------+
| message                         |
+---------------------------------+
| created rcbill_my.tempcustcmts1 |
+---------------------------------+
1 row in set (0.00 sec)

Query OK, 0 rows affected, 1 warning (0.00 sec)

Query OK, 0 rows affected, 1 warning (0.00 sec)

Query OK, 0 rows affected (0.01 sec)

ERROR 1146 (42S02): Table 'rcbill_my.rep_clientcontractdevices' doesn't exist
+----------------+
| message        |
+----------------+
| created temp a |
+----------------+
1 row in set (0.00 sec)

Query OK, 19193 rows affected (1.56 sec)
Records: 19193  Duplicates: 0  Warnings: 0

+----------------+
| message        |
+----------------+
| created temp c |
+----------------+
1 row in set (0.00 sec)

Query OK, 0 rows affected, 1 warning (0.00 sec)

ERROR 1146 (42S02): Table 'rcbill.a' doesn't exist
+---------------------------------+
| message                         |
+---------------------------------+
| created rcbill_my.tempcustcmts2 |
+---------------------------------+
1 row in set (0.00 sec)

Query OK, 0 rows affected, 1 warning (0.00 sec)

Query OK, 0 rows affected, 1 warning (0.00 sec)

Query OK, 0 rows affected (0.01 sec)

Query OK, 0 rows affected (0.01 sec)

ERROR 1146 (42S02): Table 'rcbill_my.tempcustcmts1' doesn't exist
+----------------------------------+
| message                          |
+----------------------------------+
| created rcbill_my.customers_cmts |
+----------------------------------+
1 row in set (0.00 sec)

Query OK, 0 rows affected, 1 warning (0.00 sec)

Query OK, 0 rows affected, 1 warning (0.00 sec)

Query OK, 0 rows affected (0.00 sec)

ERROR 1146 (42S02): Table 'rcbill_my.customers_cmts' doesn't exist
+--------------------------------------+
| message                              |
+--------------------------------------+
| created rcbill_my.customers_cmts_mxk |
+--------------------------------------+
1 row in set (0.00 sec)

Query OK, 493662 rows affected (56.83 sec)
Records: 493662  Duplicates: 0  Warnings: 0

+----------------+
| message        |
+----------------+
| created temp a |
+----------------+
1 row in set (0.01 sec)

Query OK, 0 rows affected (0.02 sec)

ERROR 1146 (42S02): Table 'rcbill_my.customers_cmts_mxk' doesn't exist
+------------------------------------------------+
| message                                        |
+------------------------------------------------+
| created rcbill_my.customers_contracts_cmts_mxk |
+------------------------------------------------+
1 row in set (0.00 sec)

Query OK, 0 rows affected (0.06 sec)

Query OK, 0 rows affected, 1 warning (0.00 sec)

Query OK, 0 rows affected, 1 warning (0.00 sec)

Query OK, 0 rows affected (0.00 sec)

ERROR 1146 (42S02): Table 'rcbill_my.customers_contracts_cmts_mxk' doesn't exist
+------------------------------------------------+
| message                                        |
+------------------------------------------------+
| updated rcbill_my.customers_contracts_cmts_mxk |
+------------------------------------------------+
1 row in set (0.00 sec)

Query OK, 0 rows affected (0.03 sec)

Query OK, 2021973 rows affected (3 min 40.84 sec)
Records: 2021973  Duplicates: 0  Warnings: 0

+----------------------------------------+
| message                                |
+----------------------------------------+
| created rcbill_my.customers_collection |
+----------------------------------------+
1 row in set (0.00 sec)

Query OK, 0 rows affected (0.05 sec)

ERROR 1146 (42S02): Table 'rcbill_my.customers_contracts_cmts_mxk' doesn't exist
+------------------------------------------------+
| message                                        |
+------------------------------------------------+
| created rcbill_my.customers_cmts_mxk_cont_coll |
+------------------------------------------------+
1 row in set (0.00 sec)

Query OK, 0 rows affected (0.02 sec)

Query OK, 450924 rows affected (2 min 12.24 sec)
Records: 450924  Duplicates: 0  Warnings: 0

+--------------------------------------------------------+
| message                                                |
+--------------------------------------------------------+
| created rcbill_my.customers_contracts_collection_pivot |
+--------------------------------------------------------+
1 row in set (0.00 sec)

Query OK, 0 rows affected (0.01 sec)

Query OK, 40501 rows affected (2 min 22.18 sec)
Records: 40501  Duplicates: 0  Warnings: 0

+----------------------------------------------+
| message                                      |
+----------------------------------------------+
| created rcbill_my.customers_collection_pivot |
+----------------------------------------------+
1 row in set (0.00 sec)

Query OK, 0 rows affected (0.01 sec)

Query OK, 44435 rows affected (2.38 sec)
Records: 44435  Duplicates: 0  Warnings: 0

+--------------------------------------------+
| message                                    |
+--------------------------------------------+
| created rcbill_my.rep_customers_collection |
+--------------------------------------------+
1 row in set (0.00 sec)

Query OK, 0 rows affected (0.00 sec)

Query OK, 0 rows affected, 1 warning (0.00 sec)

ERROR 1146 (42S02): Table 'rcbill_my.customers_contracts_cmts_mxk' doesn't exist
+-------------------------+
| message                 |
+-------------------------+
| created rcbill_my.tempa |
+-------------------------+
1 row in set (0.00 sec)

Query OK, 0 rows affected, 1 warning (0.00 sec)

Terminal close -- query aborted
