    -> 
    -> mysql \. C:\workspace\cloud\code\sql\_DailyScript\_setdates.sql
Query OK, 0 rows affected (0.01 sec)

Query OK, 0 rows affected (1.44 sec)

Database changed
Query OK, 0 rows affected (0.00 sec)

Query OK, 0 rows affected (0.00 sec)

Query OK, 0 rows affected (0.00 sec)

Query OK, 0 rows affected (0.00 sec)

Query OK, 0 rows affected (0.00 sec)

Query OK, 0 rows affected (0.00 sec)

Query OK, 0 rows affected (0.00 sec)

Query OK, 0 rows affected (0.00 sec)

Query OK, 0 rows affected (0.00 sec)

Query OK, 0 rows affected (0.00 sec)

Query OK, 0 rows affected (0.00 sec)

Query OK, 0 rows affected (0.00 sec)

Query OK, 0 rows affected (0.00 sec)

Query OK, 0 rows affected (0.00 sec)

Query OK, 0 rows affected (0.00 sec)

Query OK, 0 rows affected (0.00 sec)

Query OK, 0 rows affected (0.00 sec)

Query OK, 0 rows affected (0.00 sec)

Query OK, 0 rows affected (0.00 sec)

Query OK, 0 rows affected (0.00 sec)

Query OK, 0 rows affected (0.00 sec)

Query OK, 0 rows affected (0.00 sec)

mysql> mysql \. C:\workspace\cloud\code\sql\_DailyScript\currenttime.sql
+---------------------+
| currenttime         |
+---------------------+
| 2021-05-17 06:12:25 |
+---------------------+
1 row in set (0.00 sec)

mysql> 
mysql> mysql \. C:\workspace\cloud\code\sql\_DailyScript\load_RCB_VODTITLES.sql
Database changed
Query OK, 0 rows affected (0.00 sec)

Query OK, 14947 rows affected (0.16 sec)

Query OK, 14949 rows affected, 14949 warnings (0.37 sec)
Records: 14949  Deleted: 0  Skipped: 0  Warnings: 14949

Query OK, 0 rows affected (0.00 sec)

Query OK, 2 rows affected (0.01 sec)

+-----------+
| VODTITLES |
+-----------+
|     15407 |
+-----------+
1 row in set (0.01 sec)

+-----------+-----------+
| titletype | typecount |
+-----------+-----------+
| E         |     12626 |
| N         |       246 |
| T         |      2075 |
| NULL      |     14947 |
+-----------+-----------+
4 rows in set (0.05 sec)

mysql> mysql \. C:\workspace\cloud\code\sql\_DailyScript\currenttime.sql
+---------------------+
| currenttime         |
+---------------------+
| 2021-05-17 06:12:26 |
+---------------------+
1 row in set (0.00 sec)

mysql> 
mysql> mysql \. C:\workspace\cloud\code\sql\_DailyScript\DAILY-SCRIPT-LIVETV-STATS.sql
Database changed
Query OK, 0 rows affected (0.01 sec)

Query OK, 127926 rows affected (1.50 sec)
Records: 127926  Duplicates: 0  Warnings: 0

+------------+------------+----------+--------------+--------------+-----------+-------------+----------+--------+------+------------+---------+---------------+
| Table      | Non_unique | Key_name | Seq_in_index | Column_name  | Collation | Cardinality | Sub_part | Packed | Null | Index_type | Comment | Index_comment |
+------------+------------+----------+--------------+--------------+-----------+-------------+----------+--------+------+------------+---------+---------------+
| templivetv |          1 | idxtv1   |            1 | device       | A         |      127705 |     NULL | NULL   | YES  | BTREE      |         |               |
| templivetv |          1 | idxtv2   |            1 | sessionstart | A         |      127705 |     NULL | NULL   | YES  | BTREE      |         |               |
+------------+------------+----------+--------------+--------------+-----------+-------------+----------+--------+------+------------+---------+---------------+
2 rows in set (0.00 sec)

Query OK, 128124 rows affected (14.14 sec)
Records: 128124  Duplicates: 0  Warnings: 0

Query OK, 2633 rows affected (0.84 sec)
Records: 2633  Duplicates: 0  Warnings: 0

Query OK, 0 rows affected (0.00 sec)

Query OK, 0 rows affected (0.00 sec)

Query OK, 132 rows affected (0.03 sec)
Records: 132  Duplicates: 0  Warnings: 0

Query OK, 0 rows affected (0.01 sec)

Query OK, 65878 rows affected (6 min 48.14 sec)
Records: 65878  Duplicates: 0  Warnings: 0

+-----------------+
| rep_livetvstats |
+-----------------+
|           65878 |
+-----------------+
1 row in set (0.02 sec)

mysql> mysql \. C:\workspace\cloud\code\sql\_DailyScript\currenttime.sql
+---------------------+
| currenttime         |
+---------------------+
| 2021-05-17 06:19:31 |
+---------------------+
1 row in set (0.00 sec)

mysql> 
mysql> mysql \. C:\workspace\cloud\code\sql\_DailyScript\DAILY-SCRIPT-VODTS-STATS.sql
Database changed
Query OK, 0 rows affected (0.01 sec)

Query OK, 8726 rows affected (26.52 sec)
Records: 8726  Duplicates: 0  Warnings: 0

+---------+------------+----------+--------------+--------------+-----------+-------------+----------+--------+------+------------+---------+---------------+
| Table   | Non_unique | Key_name | Seq_in_index | Column_name  | Collation | Cardinality | Sub_part | Packed | Null | Index_type | Comment | Index_comment |
+---------+------------+----------+--------------+--------------+-----------+-------------+----------+--------+------+------------+---------+---------------+
| tempvod |          1 | idxtvod1 |            1 | device       | A         |        8856 |     NULL | NULL   | YES  | BTREE      |         |               |
| tempvod |          1 | idxtvod2 |            1 | sessionstart | A         |        8856 |     NULL | NULL   | YES  | BTREE      |         |               |
+---------+------------+----------+--------------+--------------+-----------+-------------+----------+--------+------+------------+---------+---------------+
2 rows in set (0.00 sec)

Query OK, 8726 rows affected (3.88 sec)
Records: 8726  Duplicates: 0  Warnings: 0

Query OK, 0 rows affected (0.01 sec)

Query OK, 1182206 rows affected (1 min 37.92 sec)
Records: 1182206  Duplicates: 0  Warnings: 0

+--------------+
| rep_vodstats |
+--------------+
|      1182206 |
+--------------+
1 row in set (0.35 sec)

Database changed
Query OK, 0 rows affected (0.01 sec)

Query OK, 23076 rows affected (48.72 sec)
Records: 23076  Duplicates: 0  Warnings: 0

+--------+------------+----------+--------------+--------------+-----------+-------------+----------+--------+------+------------+---------+---------------+
| Table  | Non_unique | Key_name | Seq_in_index | Column_name  | Collation | Cardinality | Sub_part | Packed | Null | Index_type | Comment | Index_comment |
+--------+------------+----------+--------------+--------------+-----------+-------------+----------+--------+------+------------+---------+---------------+
| tempts |          1 | idxtts1  |            1 | device       | A         |       23186 |     NULL | NULL   | YES  | BTREE      |         |               |
| tempts |          1 | idxtts2  |            1 | sessionstart | A         |       23186 |     NULL | NULL   | YES  | BTREE      |         |               |
+--------+------------+----------+--------------+--------------+-----------+-------------+----------+--------+------+------------+---------+---------------+
2 rows in set (0.00 sec)

Query OK, 23071 rows affected (14.71 sec)
Records: 23071  Duplicates: 0  Warnings: 0

Query OK, 0 rows affected (0.01 sec)

Query OK, 47766 rows affected (49.79 sec)
Records: 47766  Duplicates: 0  Warnings: 0

+-------------+
| rep_tsstats |
+-------------+
|       47766 |
+-------------+
1 row in set (0.01 sec)

mysql> mysql \. C:\workspace\cloud\code\sql\_DailyScript\currenttime.sql
+---------------------+
| currenttime         |
+---------------------+
| 2021-05-17 06:23:33 |
+---------------------+
1 row in set (0.00 sec)

mysql> 
mysql> mysql \. C:\workspace\cloud\code\sql\_DailyScript\DAILY-SCRIPT-RADIO-STATS.sql
Database changed
Query OK, 0 rows affected (0.03 sec)

Query OK, 389004 rows affected (4.59 sec)
Records: 389004  Duplicates: 0  Warnings: 0

+-----------+------------+----------+--------------+--------------+-----------+-------------+----------+--------+------+------------+---------+---------------+
| Table     | Non_unique | Key_name | Seq_in_index | Column_name  | Collation | Cardinality | Sub_part | Packed | Null | Index_type | Comment | Index_comment |
+-----------+------------+----------+--------------+--------------+-----------+-------------+----------+--------+------+------------+---------+---------------+
| tempradio |          1 | idxtrad1 |            1 | device       | A         |      386480 |     NULL | NULL   | YES  | BTREE      |         |               |
| tempradio |          1 | idxtrad2 |            1 | sessionstart | A         |      386480 |     NULL | NULL   | YES  | BTREE      |         |               |
+-----------+------------+----------+--------------+--------------+-----------+-------------+----------+--------+------+------------+---------+---------------+
2 rows in set (0.00 sec)

Query OK, 304 rows affected (0.86 sec)
Records: 304  Duplicates: 0  Warnings: 0

Query OK, 0 rows affected (0.01 sec)

Query OK, 6360 rows affected (0.53 sec)
Records: 6360  Duplicates: 0  Warnings: 0

+----------------+
| rep_radiostats |
+----------------+
|           6360 |
+----------------+
1 row in set (0.00 sec)

mysql> mysql \. C:\workspace\cloud\code\sql\_DailyScript\currenttime.sql
+---------------------+
| currenttime         |
+---------------------+
| 2021-05-17 06:23:39 |
+---------------------+
1 row in set (0.00 sec)

mysql> 
mysql> mysql \. C:\workspace\cloud\code\sql\_DailyScript\DAILY_SCRIPT_TELEMETRY_PIVOT_2021.sql
Query OK, 0 rows affected (0.01 sec)

Query OK, 140 rows affected (0.10 sec)
Records: 140  Duplicates: 0  Warnings: 0

Query OK, 0 rows affected (0.01 sec)

Query OK, 12138 rows affected (1.71 sec)
Records: 12138  Duplicates: 0  Warnings: 0

Query OK, 0 rows affected (0.01 sec)

Query OK, 5 rows affected (0.02 sec)
Records: 5  Duplicates: 0  Warnings: 0

Query OK, 0 rows affected (0.00 sec)

Query OK, 44 rows affected (0.05 sec)
Records: 44  Duplicates: 0  Warnings: 0

mysql> mysql \. C:\workspace\cloud\code\sql\_DailyScript\currenttime.sql
+---------------------+
| currenttime         |
+---------------------+
| 2021-05-17 06:23:41 |
+---------------------+
1 row in set (0.00 sec)

mysql> 
mysql> mysql \. C:\workspace\cloud\code\sql\_DailyScript\telemetry_livetv_ranking2021.sql
Query OK, 0 rows affected (0.01 sec)

Query OK, 140 rows affected (0.02 sec)
Records: 140  Duplicates: 0  Warnings: 0

mysql> mysql \. C:\workspace\cloud\code\sql\_DailyScript\currenttime.sql
+---------------------+
| currenttime         |
+---------------------+
| 2021-05-17 06:23:41 |
+---------------------+
1 row in set (0.00 sec)

mysql> 
mysql> mysql \. C:\workspace\cloud\code\sql\_DailyScript\telemetry_radio_ranking2021.sql
Query OK, 0 rows affected (0.01 sec)

Query OK, 5 rows affected (0.01 sec)
Records: 5  Duplicates: 0  Warnings: 0

mysql> mysql \. C:\workspace\cloud\code\sql\_DailyScript\currenttime.sql
+---------------------+
| currenttime         |
+---------------------+
| 2021-05-17 06:23:41 |
+---------------------+
1 row in set (0.00 sec)

mysql> 
mysql> mysql \. C:\workspace\cloud\code\sql\_DailyScript\telemetry_ts_ranking2021.sql
Query OK, 0 rows affected (0.00 sec)

Query OK, 44 rows affected (0.01 sec)
Records: 44  Duplicates: 0  Warnings: 0

mysql> mysql \. C:\workspace\cloud\code\sql\_DailyScript\currenttime.sql
+---------------------+
| currenttime         |
+---------------------+
| 2021-05-17 06:23:41 |
+---------------------+
1 row in set (0.00 sec)

mysql> 
mysql> mysql \. C:\workspace\cloud\code\sql\_DailyScript\telemetry_vod_ranking2021.sql
Query OK, 0 rows affected (0.01 sec)

Query OK, 12138 rows affected (0.57 sec)
Records: 12138  Duplicates: 0  Warnings: 0

mysql> mysql \. C:\workspace\cloud\code\sql\_DailyScript\currenttime.sql
+---------------------+
| currenttime         |
+---------------------+
| 2021-05-17 06:23:42 |
+---------------------+
1 row in set (0.00 sec)

mysql> 
mysql> mysql \. C:\workspace\cloud\code\sql\_DailyScript\telemetry_vod_ranking2021_1.sql
Query OK, 0 rows affected (0.01 sec)

Query OK, 12138 rows affected (0.28 sec)
Records: 12138  Duplicates: 0  Warnings: 0

mysql> mysql \. C:\workspace\cloud\code\sql\_DailyScript\currenttime.sql
+---------------------+
| currenttime         |
+---------------------+
| 2021-05-17 06:23:42 |
+---------------------+
1 row in set (0.00 sec)

mysql> 
mysql> mysql \. C:\workspace\cloud\code\sql\_DailyScript\telemetry_vod_ranking2021_2.sql
Query OK, 0 rows affected (0.01 sec)

Query OK, 12138 rows affected (0.25 sec)
Records: 12138  Duplicates: 0  Warnings: 0

mysql> mysql \. C:\workspace\cloud\code\sql\_DailyScript\currenttime.sql
+---------------------+
| currenttime         |
+---------------------+
| 2021-05-17 06:23:42 |
+---------------------+
1 row in set (0.00 sec)

mysql> 
mysql> 
mysql> 
mysql> 
mysql> mysql \. C:\workspace\cloud\code\sql\_DailyScript\ticket_analysis.sql
Database changed
Query OK, 0 rows affected (0.03 sec)

Query OK, 811317 rows affected (25.60 sec)
Records: 811317  Duplicates: 0  Warnings: 0

Query OK, 0 rows affected (3.23 sec)
Records: 0  Duplicates: 0  Warnings: 0

Query OK, 0 rows affected (1.59 sec)
Records: 0  Duplicates: 0  Warnings: 0

Query OK, 0 rows affected (1.47 sec)
Records: 0  Duplicates: 0  Warnings: 0

Query OK, 0 rows affected (0.01 sec)

Query OK, 25379 rows affected (12.99 sec)
Records: 25379  Duplicates: 0  Warnings: 0

Query OK, 0 rows affected, 1 warning (0.00 sec)

Query OK, 117347 rows affected (7.82 sec)
Records: 117347  Duplicates: 0  Warnings: 0

Query OK, 0 rows affected, 1 warning (0.00 sec)

Query OK, 597052 rows affected (16.07 sec)
Records: 597052  Duplicates: 0  Warnings: 0

Query OK, 0 rows affected, 1 warning (0.00 sec)

Query OK, 597052 rows affected (15.81 sec)
Records: 597052  Duplicates: 0  Warnings: 0

Query OK, 0 rows affected (0.01 sec)

Query OK, 117459 rows affected (4.38 sec)
Records: 117459  Duplicates: 0  Warnings: 0

Database changed
Query OK, 0 rows affected (0.00 sec)

Query OK, 0 rows affected (0.02 sec)

Query OK, 811317 rows affected (25.80 sec)
Records: 811317  Duplicates: 0  Warnings: 0

Query OK, 0 rows affected (0.02 sec)

Query OK, 416077 rows affected (16.55 sec)
Records: 416077  Duplicates: 0  Warnings: 0

+--------------------------+
| clientticket_cmmtjourney |
+--------------------------+
|                   811317 |
+--------------------------+
1 row in set (1.03 sec)

+---------------------------+
| clientticket_assgnjourney |
+---------------------------+
|                    416077 |
+---------------------------+
1 row in set (0.19 sec)

Query OK, 0 rows affected (0.01 sec)

Query OK, 86 rows affected (0.23 sec)
Records: 86  Duplicates: 0  Warnings: 0

mysql> mysql \. C:\workspace\cloud\code\sql\_DailyScript\currenttime.sql
+---------------------+
| currenttime         |
+---------------------+
| 2021-05-17 06:25:55 |
+---------------------+
1 row in set (0.00 sec)

mysql> 
mysql> mysql \. C:\workspace\cloud\code\sql\_DailyScript\load_DailyCalls.sql
Database changed
Query OK, 590 rows affected (0.17 sec)
Records: 590  Deleted: 0  Skipped: 0  Warnings: 0

Query OK, 0 rows affected, 1 warning (0.00 sec)

Query OK, 588 rows affected (0.04 sec)
Records: 588  Duplicates: 0  Warnings: 0

Query OK, 0 rows affected, 1 warning (0.00 sec)

Query OK, 69392 rows affected (0.30 sec)
Records: 69392  Duplicates: 0  Warnings: 0

+----------------------+
| callingclientsbefore |
+----------------------+
|              1190487 |
+----------------------+
1 row in set (0.50 sec)

Query OK, 828 rows affected (12.42 sec)
Records: 828  Duplicates: 0  Warnings: 0

+---------------------+
| callingclientsafter |
+---------------------+
|             1191315 |
+---------------------+
1 row in set (0.32 sec)

Query OK, 0 rows affected (0.01 sec)

Query OK, 399 rows affected (3.88 sec)
Records: 399  Duplicates: 0  Warnings: 0

Query OK, 0 rows affected (0.01 sec)

Query OK, 23201 rows affected (3.84 sec)
Records: 23201  Duplicates: 0  Warnings: 0

+-----------+
| callstats |
+-----------+
|     23201 |
+-----------+
1 row in set (0.01 sec)

Query OK, 0 rows affected, 1 warning (0.00 sec)

Query OK, 828 rows affected (2.68 sec)
Records: 828  Duplicates: 0  Warnings: 0

+------------------------+
| rep_cccallreportbefore |
+------------------------+
|                1191956 |
+------------------------+
1 row in set (0.32 sec)

Query OK, 903 rows affected (0.22 sec)
Records: 903  Duplicates: 0  Warnings: 0

+-----------------------+
| rep_cccallreportafter |
+-----------------------+
|               1192859 |
+-----------------------+
1 row in set (0.32 sec)

Query OK, 0 rows affected (0.01 sec)

mysql> mysql \. C:\workspace\cloud\code\sql\_DailyScript\currenttime.sql
+---------------------+
| currenttime         |
+---------------------+
| 2021-05-17 06:26:20 |
+---------------------+
1 row in set (0.00 sec)

mysql> 
mysql> mysql \. C:\workspace\cloud\code\sql\_DailyScript\DAILY-SCRIPT-USAGE.sql
Database changed
Query OK, 0 rows affected (0.00 sec)

Query OK, 4439 rows affected, 12888 warnings (1.00 sec)
Records: 4439  Deleted: 0  Skipped: 0  Warnings: 12888

Query OK, 0 rows affected (0.00 sec)

Query OK, 6722 rows affected, 19481 warnings (1.17 sec)
Records: 6722  Deleted: 0  Skipped: 0  Warnings: 19481

Query OK, 0 rows affected (0.00 sec)

Query OK, 318 rows affected, 1147 warnings (0.04 sec)
Records: 318  Deleted: 0  Skipped: 0  Warnings: 1147

Query OK, 0 rows affected (0.00 sec)

Query OK, 152 rows affected, 543 warnings (0.03 sec)
Records: 152  Deleted: 0  Skipped: 0  Warnings: 543

+------------+
| dailyusage |
+------------+
|   17522286 |
+------------+
1 row in set (6.68 sec)

+------------+------------+------------+---------+
| datestart  | dateend    | insertedon | records |
+------------+------------+------------+---------+
| 2021-05-14 | 2021-05-14 | 2021-05-17 |   11631 |
| 2021-05-13 | 2021-05-13 | 2021-05-14 |   11759 |
| 2021-05-12 | 2021-05-12 | 2021-05-13 |   12024 |
| 2021-05-11 | 2021-05-11 | 2021-05-12 |   11113 |
| 2021-05-10 | 2021-05-10 | 2021-05-11 |   10973 |
+------------+------------+------------+---------+
5 rows in set (34.61 sec)

+----------+------------+------------+------------+---------+
| category | datestart  | dateend    | insertedon | records |
+----------+------------+------------+------------+---------+
| UNCAPPED | 2021-05-14 | 2021-05-14 | 2021-05-17 |    6722 |
| PREPAID  | 2021-05-14 | 2021-05-14 | 2021-05-17 |     318 |
| HOTSPOT  | 2021-05-14 | 2021-05-14 | 2021-05-17 |     152 |
| CAPPED   | 2021-05-14 | 2021-05-14 | 2021-05-17 |    4439 |
| UNCAPPED | 2021-05-13 | 2021-05-13 | 2021-05-14 |    6821 |
| PREPAID  | 2021-05-13 | 2021-05-13 | 2021-05-14 |     291 |
| HOTSPOT  | 2021-05-13 | 2021-05-13 | 2021-05-14 |     172 |
| CAPPED   | 2021-05-13 | 2021-05-13 | 2021-05-14 |    4475 |
| UNCAPPED | 2021-05-12 | 2021-05-12 | 2021-05-13 |    7017 |
| PREPAID  | 2021-05-12 | 2021-05-12 | 2021-05-13 |     317 |
| HOTSPOT  | 2021-05-12 | 2021-05-12 | 2021-05-13 |     134 |
| CAPPED   | 2021-05-12 | 2021-05-12 | 2021-05-13 |    4556 |
| UNCAPPED | 2021-05-11 | 2021-05-11 | 2021-05-12 |    6495 |
| PREPAID  | 2021-05-11 | 2021-05-11 | 2021-05-12 |     290 |
| HOTSPOT  | 2021-05-11 | 2021-05-11 | 2021-05-12 |     143 |
| CAPPED   | 2021-05-11 | 2021-05-11 | 2021-05-12 |    4185 |
| UNCAPPED | 2021-05-10 | 2021-05-10 | 2021-05-11 |    6423 |
| PREPAID  | 2021-05-10 | 2021-05-10 | 2021-05-11 |     288 |
| HOTSPOT  | 2021-05-10 | 2021-05-10 | 2021-05-11 |     154 |
| CAPPED   | 2021-05-10 | 2021-05-10 | 2021-05-11 |    4108 |
+----------+------------+------------+------------+---------+
20 rows in set (26.36 sec)

mysql> mysql \. C:\workspace\cloud\code\sql\_DailyScript\currenttime.sql
+---------------------+
| currenttime         |
+---------------------+
| 2021-05-17 06:27:30 |
+---------------------+
1 row in set (0.00 sec)

mysql> 
mysql> mysql \. C:\workspace\cloud\code\sql\_DailyScript\DAILY-SCRIPT-SALES-TELEMETRY.sql
Database changed
Query OK, 89 rows affected, 58 warnings (0.06 sec)
Records: 89  Deleted: 0  Skipped: 0  Warnings: 58

+------------+
| dailysales |
+------------+
|     233008 |
+------------+
1 row in set (0.24 sec)

Query OK, 0 rows affected (0.01 sec)

Query OK, 233008 rows affected (16.38 sec)
Records: 233008  Duplicates: 0  Warnings: 0

+--------+
| sales  |
+--------+
| 233008 |
+--------+
1 row in set (0.10 sec)

Query OK, 0 rows affected (0.01 sec)

Query OK, 3849 rows affected (0.37 sec)
Records: 3849  Duplicates: 0  Warnings: 0

+----------------+
| rep_dailysales |
+----------------+
|           3849 |
+----------------+
1 row in set (0.00 sec)

Query OK, 0 rows affected (0.01 sec)

Query OK, 3849 rows affected (0.59 sec)
Records: 3849  Duplicates: 0  Warnings: 0

+-------------------+
| rep_dailysalesreg |
+-------------------+
|              3849 |
+-------------------+
1 row in set (0.00 sec)

Query OK, 0 rows affected (0.00 sec)

Query OK, 2925 rows affected (0.72 sec)
Records: 2925  Duplicates: 0  Warnings: 0

+-----------+
| saleslist |
+-----------+
|      2925 |
+-----------+
1 row in set (0.00 sec)

Database changed
ERROR 2 (HY000): File 'C:\ProgramData\MySQL\MySQL Server 5.7\Uploads\_csv\PrepaidCardSales-14052021-P1.csv' not found (Errcode: 2 - No such file or directory)
+------------------+
| dailysinglesales |
+------------------+
|             6508 |
+------------------+
1 row in set (0.01 sec)

Database changed
Query OK, 12 rows affected (0.01 sec)
Records: 12  Deleted: 0  Skipped: 0  Warnings: 0

+-----------------+
| dailyaddonsales |
+-----------------+
|           23383 |
+-----------------+
1 row in set (0.04 sec)

Query OK, 191 rows affected (0.06 sec)
Records: 191  Deleted: 0  Skipped: 0  Warnings: 0

+----------------+
| onlinepayments |
+----------------+
|         186771 |
+----------------+
1 row in set (0.13 sec)

+-------------+----------------+---------------------+
| paymentdate | onlinepayments | onlinepaymentamount |
+-------------+----------------+---------------------+
| 2021-05-14  |            191 |        130034.90000 |
| 2021-05-13  |            229 |        141894.40000 |
| 2021-05-12  |            220 |        122000.80000 |
| 2021-05-11  |            256 |        144530.65000 |
| 2021-05-10  |            260 |        168587.78000 |
+-------------+----------------+---------------------+
5 rows in set (0.57 sec)

+-------------+--------------+----------------+---------------------+
| paymentyear | paymentmonth | onlinepayments | onlinepaymentamount |
+-------------+--------------+----------------+---------------------+
|        2021 |            5 |           4031 |       2575567.23000 |
|        2021 |            4 |           8607 |       5573873.25000 |
|        2021 |            3 |           9164 |       5894594.15000 |
|        2021 |            2 |           8581 |       5454096.95000 |
|        2021 |            1 |           9124 |       5808374.04000 |
+-------------+--------------+----------------+---------------------+
5 rows in set (0.18 sec)

mysql> mysql \. C:\workspace\cloud\code\sql\_DailyScript\currenttime.sql
+---------------------+
| currenttime         |
+---------------------+
| 2021-05-17 06:27:50 |
+---------------------+
1 row in set (0.00 sec)

mysql> 
mysql> mysql \. C:\workspace\cloud\code\sql\_DailyScript\DAILY-SCRIPT-ACTIVENUMBERS.sql
Database changed
Query OK, 1130 rows affected (0.50 sec)
Records: 1130  Deleted: 0  Skipped: 0  Warnings: 0

+------------+----------+
| period     | count(1) |
+------------+----------+
| 2021-05-14 |     1130 |
| 2021-05-13 |     1131 |
| 2021-05-12 |     1130 |
| 2021-05-11 |     1131 |
| 2021-05-10 |     1132 |
+------------+----------+
5 rows in set (0.01 sec)

Query OK, 0 rows affected (0.01 sec)

Query OK, 76 rows affected (1.41 sec)
Records: 76  Duplicates: 0  Warnings: 0

+-------------+
| packagelist |
+-------------+
|          76 |
+-------------+
1 row in set (0.00 sec)

Database changed
Query OK, 0 rows affected (0.00 sec)

Query OK, 0 rows affected (0.00 sec)

Query OK, 0 rows affected (0.00 sec)

Query OK, 0 rows affected (0.00 sec)

Query OK, 28798 rows affected, 252 warnings (17.75 sec)
Records: 28798  Deleted: 0  Skipped: 0  Warnings: 252

+------------+----------+
| period     | count(1) |
+------------+----------+
| 2021-05-14 |    28798 |
| 2021-05-13 |    28777 |
| 2021-05-12 |    28786 |
| 2021-05-11 |    28807 |
| 2021-05-10 |    28750 |
+------------+----------+
5 rows in set (0.17 sec)

Query OK, 0 rows affected (0.01 sec)

Query OK, 28231 rows affected (51.30 sec)
Records: 28231  Duplicates: 0  Warnings: 0

Query OK, 0 rows affected (0.46 sec)
Records: 0  Duplicates: 0  Warnings: 0

Query OK, 0 rows affected (0.11 sec)
Records: 0  Duplicates: 0  Warnings: 0

Query OK, 0 rows affected (0.11 sec)
Records: 0  Duplicates: 0  Warnings: 0

Query OK, 0 rows affected (0.49 sec)
Records: 0  Duplicates: 0  Warnings: 0

Query OK, 0 rows affected (0.07 sec)
Records: 0  Duplicates: 0  Warnings: 0

Query OK, 0 rows affected (0.07 sec)
Records: 0  Duplicates: 0  Warnings: 0

+-------------+
| countbefore |
+-------------+
|    45812823 |
+-------------+
1 row in set (21.20 sec)

Query OK, 28231 rows affected (5.17 sec)
Records: 28231  Duplicates: 0  Warnings: 0

+------------+
| countafter |
+------------+
|   45841054 |
+------------+
1 row in set (14.47 sec)

+------------+--------------------------+
| period     | customercontractactivity |
+------------+--------------------------+
| 2021-05-14 |                    28231 |
| 2021-05-13 |                    28209 |
| 2021-05-12 |                    28218 |
| 2021-05-11 |                    28239 |
| 2021-05-10 |                    28182 |
+------------+--------------------------+
5 rows in set (0.06 sec)

Query OK, 0 rows affected (0.02 sec)

Query OK, 303232 rows affected (8 min 22.96 sec)
Records: 303232  Duplicates: 0  Warnings: 0

Query OK, 0 rows affected (1.00 sec)
Records: 0  Duplicates: 0  Warnings: 0

Query OK, 0 rows affected (1.15 sec)
Records: 0  Duplicates: 0  Warnings: 0

Query OK, 0 rows affected (1.15 sec)
Records: 0  Duplicates: 0  Warnings: 0

Query OK, 0 rows affected (0.01 sec)

Query OK, 185 rows affected (0.47 sec)
Records: 185  Duplicates: 0  Warnings: 0

Query OK, 0 rows affected (0.01 sec)

Query OK, 2633 rows affected (0.63 sec)
Records: 2633  Duplicates: 0  Warnings: 0

Query OK, 0 rows affected (0.01 sec)

Query OK, 28208 rows affected (0.57 sec)
Records: 28208  Duplicates: 0  Warnings: 0

Query OK, 0 rows affected (0.03 sec)

Query OK, 17250 rows affected (0.38 sec)
Records: 17250  Duplicates: 0  Warnings: 0

Query OK, 0 rows affected (0.01 sec)

Query OK, 17250 rows affected (0.12 sec)
Records: 17250  Duplicates: 0  Warnings: 0

Query OK, 0 rows affected (0.01 sec)

Query OK, 17250 rows affected (1.19 sec)
Records: 17250  Duplicates: 0  Warnings: 0

Query OK, 0 rows affected (0.02 sec)

Query OK, 17250 rows affected (44.61 sec)
Records: 17250  Duplicates: 0  Warnings: 0

+-------------+
| clientstats |
+-------------+
|       17250 |
+-------------+
1 row in set (0.01 sec)

Query OK, 0 rows affected (0.01 sec)

Query OK, 14 rows affected, 1 warning (0.12 sec)
Records: 14  Duplicates: 0  Warnings: 1

+-----------------------+-------------+-------------+----------------+-----------------+
| services              | activecount | allaccounts | uniqueaccounts | uniquecontracts |
+-----------------------+-------------+-------------+----------------+-----------------+
| All                   |         382 |          64 |             64 |             204 |
| Internet & OTT        |           4 |           2 |              2 |               2 |
| Internet & Voice      |         336 |         149 |            149 |             292 |
| Internet Only         |        4379 |        4258 |           4254 |            4302 |
| OTT Only              |           1 |           1 |              1 |               1 |
| TV & Internet         |        9943 |        4469 |           4463 |            9113 |
| TV & Internet & OTT   |        3763 |         967 |            965 |            1997 |
| TV & Internet & Voice |         527 |         148 |            148 |             455 |
| TV & OTT              |         528 |          76 |             74 |              98 |
| TV & Voice            |          76 |          34 |             34 |              70 |
| TV & Voice & OTT      |           3 |           1 |              1 |               2 |
| TV Only               |        8887 |        6967 |           6959 |            7164 |
| Voice Only            |         117 |         114 |            114 |             117 |
| GRAND TOTAL           |       28946 |       17250 |          17184 |           23817 |
+-----------------------+-------------+-------------+----------------+-----------------+
14 rows in set (0.00 sec)

+-------------+-------------+-------------+----------------+-----------------+
| network     | activecount | allaccounts | uniqueaccounts | uniquecontracts |
+-------------+-------------+-------------+----------------+-----------------+
| GPON        |       11797 |        5883 |           5880 |            9292 |
| HFC         |       17149 |       11367 |          11367 |           14525 |
| GRAND TOTAL |       28946 |       17250 |          17184 |           23817 |
+-------------+-------------+-------------+----------------+-----------------+
3 rows in set, 1 warning (0.13 sec)

+-------------+-----------------------+-------------+-------------+----------------+-----------------+
| network     | services              | activecount | allaccounts | uniqueaccounts | uniquecontracts |
+-------------+-----------------------+-------------+-------------+----------------+-----------------+
| GPON        | All                   |         262 |          47 |             47 |             147 |
| GPON        | Internet & Voice      |          82 |          34 |             34 |              72 |
| GPON        | Internet Only         |        1426 |        1325 |           1325 |            1351 |
| GPON        | TV & Internet         |        4919 |        2173 |           2173 |            4471 |
| GPON        | TV & Internet & OTT   |        2497 |         637 |            637 |            1324 |
| GPON        | TV & Internet & Voice |         260 |          68 |             68 |             212 |
| GPON        | TV & OTT              |         306 |          42 |             42 |              53 |
| GPON        | TV & Voice            |          52 |          23 |             23 |              48 |
| GPON        | TV & Voice & OTT      |           3 |           1 |              1 |               2 |
| GPON        | TV Only               |        1979 |        1523 |           1523 |            1601 |
| GPON        | Voice Only            |          11 |          10 |             10 |              11 |
| GPON        | Services Total        |       11797 |        5883 |           5880 |            9292 |
| HFC         | All                   |         120 |          17 |             17 |              57 |
| HFC         | Internet & OTT        |           4 |           2 |              2 |               2 |
| HFC         | Internet & Voice      |         254 |         115 |            115 |             220 |
| HFC         | Internet Only         |        2953 |        2933 |           2933 |            2951 |
| HFC         | OTT Only              |           1 |           1 |              1 |               1 |
| HFC         | TV & Internet         |        5024 |        2296 |           2296 |            4642 |
| HFC         | TV & Internet & OTT   |        1266 |         330 |            330 |             673 |
| HFC         | TV & Internet & Voice |         267 |          80 |             80 |             243 |
| HFC         | TV & OTT              |         222 |          34 |             34 |              45 |
| HFC         | TV & Voice            |          24 |          11 |             11 |              22 |
| HFC         | TV Only               |        6908 |        5444 |           5444 |            5563 |
| HFC         | Voice Only            |         106 |         104 |            104 |             106 |
| HFC         | Services Total        |       17149 |       11367 |          11367 |           14525 |
| GRAND TOTAL | Services Total        |       28946 |       17250 |          17184 |           23817 |
+-------------+-----------------------+-------------+-------------+----------------+-----------------+
26 rows in set, 2 warnings (0.14 sec)

Query OK, 0 rows affected (0.01 sec)

Query OK, 45 rows affected, 3 warnings (0.21 sec)
Records: 45  Duplicates: 0  Warnings: 3

+-------------+---------------+-----------------------+-------------+-------------+----------------+-----------------+
| region      | network       | services              | activecount | allaccounts | uniqueaccounts | uniquecontracts |
+-------------+---------------+-----------------------+-------------+-------------+----------------+-----------------+
| Eden Island | GPON          | TV & Internet         |           2 |           1 |              1 |               2 |
| Eden Island | GPON          | Services Total        |           2 |           1 |              1 |               2 |
| Eden Island | Network Total | Services Total        |           2 |           1 |              1 |               2 |
| Mahe        | GPON          | All                   |         231 |          42 |             42 |             132 |
| Mahe        | GPON          | Internet & Voice      |          72 |          29 |             29 |              62 |
| Mahe        | GPON          | Internet Only         |        1193 |        1092 |           1092 |            1118 |
| Mahe        | GPON          | TV & Internet         |        4043 |        1783 |           1783 |            3668 |
| Mahe        | GPON          | TV & Internet & OTT   |        2148 |         540 |            540 |            1127 |
| Mahe        | GPON          | TV & Internet & Voice |         244 |          63 |             63 |             196 |
| Mahe        | GPON          | TV & OTT              |         274 |          30 |             30 |              41 |
| Mahe        | GPON          | TV & Voice            |          50 |          22 |             22 |              46 |
| Mahe        | GPON          | TV & Voice & OTT      |           3 |           1 |              1 |               2 |
| Mahe        | GPON          | TV Only               |        1619 |        1237 |           1237 |            1298 |
| Mahe        | GPON          | Voice Only            |          11 |          10 |             10 |              11 |
| Mahe        | GPON          | Services Total        |        9888 |        4849 |           4849 |            7701 |
| Mahe        | HFC           | All                   |         120 |          17 |             17 |              57 |
| Mahe        | HFC           | Internet & OTT        |           4 |           2 |              2 |               2 |
| Mahe        | HFC           | Internet & Voice      |         254 |         115 |            115 |             220 |
| Mahe        | HFC           | Internet Only         |        2952 |        2932 |           2932 |            2950 |
| Mahe        | HFC           | OTT Only              |           1 |           1 |              1 |               1 |
| Mahe        | HFC           | TV & Internet         |        5022 |        2295 |           2295 |            4640 |
| Mahe        | HFC           | TV & Internet & OTT   |        1266 |         330 |            330 |             673 |
| Mahe        | HFC           | TV & Internet & Voice |         267 |          80 |             80 |             243 |
| Mahe        | HFC           | TV & OTT              |         222 |          34 |             34 |              45 |
| Mahe        | HFC           | TV & Voice            |          24 |          11 |             11 |              22 |
| Mahe        | HFC           | TV Only               |        6905 |        5442 |           5442 |            5561 |
| Mahe        | HFC           | Voice Only            |         106 |         104 |            104 |             106 |
| Mahe        | HFC           | Services Total        |       17143 |       11363 |          11363 |           14520 |
| Mahe        | Network Total | Services Total        |       27031 |       16212 |          16149 |           22221 |
| Praslin     | GPON          | All                   |          31 |           5 |              5 |              15 |
| Praslin     | GPON          | Internet & Voice      |          10 |           5 |              5 |              10 |
| Praslin     | GPON          | Internet Only         |         233 |         233 |            233 |             233 |
| Praslin     | GPON          | TV & Internet         |         874 |         389 |            389 |             801 |
| Praslin     | GPON          | TV & Internet & OTT   |         349 |          97 |             97 |             197 |
| Praslin     | GPON          | TV & Internet & Voice |          16 |           5 |              5 |              16 |
| Praslin     | GPON          | TV & OTT              |          32 |          12 |             12 |              12 |
| Praslin     | GPON          | TV & Voice            |           2 |           1 |              1 |               2 |
| Praslin     | GPON          | TV Only               |         360 |         286 |            286 |             303 |
| Praslin     | GPON          | Services Total        |        1907 |        1033 |           1033 |            1589 |
| Praslin     | HFC           | Internet Only         |           1 |           1 |              1 |               1 |
| Praslin     | HFC           | TV & Internet         |           2 |           1 |              1 |               2 |
| Praslin     | HFC           | TV Only               |           3 |           2 |              2 |               2 |
| Praslin     | HFC           | Services Total        |           6 |           4 |              4 |               5 |
| Praslin     | Network Total | Services Total        |        1913 |        1037 |           1037 |            1594 |
| GRAND TOTAL | Network Total | Services Total        |       28946 |       17250 |          17184 |           23817 |
+-------------+---------------+-----------------------+-------------+-------------+----------------+-----------------+
45 rows in set (0.00 sec)

Query OK, 0 rows affected (0.02 sec)

Query OK, 28209 rows affected (0.45 sec)
Records: 28209  Duplicates: 0  Warnings: 0

Query OK, 0 rows affected (0.01 sec)

Query OK, 2280 rows affected (1.13 sec)
Records: 2280  Duplicates: 0  Warnings: 0

+--------------------------------------+
| message                              |
+--------------------------------------+
| running rcbill_my.sp_ActiveNumber2() |
+--------------------------------------+
1 row in set (0.00 sec)

Query OK, 365 rows affected (1 min 55.18 sec)

mysql> mysql \. C:\workspace\cloud\code\sql\_DailyScript\currenttime.sql
+---------------------+
| currenttime         |
+---------------------+
| 2021-05-17 06:40:55 |
+---------------------+
1 row in set (0.00 sec)

mysql> 
mysql> mysql \. C:\workspace\cloud\code\sql\_DailyScript\GetActiveNumbers Average -Pivot.sql
Database changed
+-------------------------------------+
| @today := subdate(current_date(),1) |
+-------------------------------------+
| 2021-05-16                          |
+-------------------------------------+
1 row in set (0.00 sec)

+-------------------------------------+
| @lastdayofmonth := last_day(@today) |
+-------------------------------------+
| 2021-05-31                          |
+-------------------------------------+
1 row in set (0.00 sec)

Query OK, 0 rows affected (0.01 sec)

Query OK, 47658 rows affected, 65535 warnings (59.73 sec)
Records: 47658  Duplicates: 0  Warnings: 96537

Query OK, 0 rows affected (0.10 sec)
Records: 0  Duplicates: 0  Warnings: 0

Query OK, 0 rows affected (0.13 sec)
Records: 0  Duplicates: 0  Warnings: 0

Query OK, 0 rows affected (0.11 sec)
Records: 0  Duplicates: 0  Warnings: 0

+-----------------+
| activenumberavg |
+-----------------+
|           47658 |
+-----------------+
1 row in set (0.01 sec)

Query OK, 0 rows affected (0.01 sec)

Query OK, 1961 rows affected (0.56 sec)
Records: 1961  Duplicates: 0  Warnings: 0

+---------------------+
| rep_activenumberavg |
+---------------------+
|                1961 |
+---------------------+
1 row in set (0.00 sec)

+----------------------+
| rep_activenumberavg1 |
+----------------------+
|                  915 |
+----------------------+
1 row in set (0.00 sec)

Query OK, 0 rows affected (0.01 sec)

Query OK, 2507 rows affected (0.44 sec)
Records: 2507  Duplicates: 0  Warnings: 0

Query OK, 0 rows affected (0.01 sec)

Query OK, 12908 rows affected (0.82 sec)
Records: 12908  Duplicates: 0  Warnings: 0

Query OK, 0 rows affected (0.00 sec)

Query OK, 0 rows affected (0.01 sec)

Query OK, 0 rows affected (0.01 sec)

Query OK, 0 rows affected (0.00 sec)

Query OK, 0 rows affected (0.00 sec)
Statement prepared

Query OK, 53 rows affected (0.05 sec)
Records: 53  Duplicates: 0  Warnings: 0

Query OK, 0 rows affected (0.00 sec)

Query OK, 0 rows affected (0.00 sec)

+----------------------+
| rep_activenumberavg2 |
+----------------------+
|                 2507 |
+----------------------+
1 row in set (0.00 sec)

+------------------------+
| rep_activenumberavg_pv |
+------------------------+
|                     53 |
+------------------------+
1 row in set (0.00 sec)

Query OK, 0 rows affected (0.01 sec)

Query OK, 2506 rows affected (0.36 sec)
Records: 2506  Duplicates: 0  Warnings: 0

Query OK, 0 rows affected (0.00 sec)

Query OK, 0 rows affected (0.00 sec)

Query OK, 0 rows affected (0.01 sec)

Query OK, 0 rows affected (0.00 sec)

Query OK, 0 rows affected (0.00 sec)
Statement prepared

Query OK, 53 rows affected (0.07 sec)
Records: 53  Duplicates: 0  Warnings: 0

Query OK, 0 rows affected (0.00 sec)

Query OK, 0 rows affected (0.00 sec)

+-------------------------+
| rep_activenumberavgMahe |
+-------------------------+
|                    2506 |
+-------------------------+
1 row in set (0.00 sec)

+----------------------------+
| rep_activenumberavgMahe_pv |
+----------------------------+
|                         53 |
+----------------------------+
1 row in set (0.00 sec)

Query OK, 0 rows affected (0.00 sec)

Query OK, 1585 rows affected (0.17 sec)
Records: 1585  Duplicates: 0  Warnings: 0

Query OK, 0 rows affected (0.00 sec)

Query OK, 0 rows affected (0.01 sec)

Query OK, 0 rows affected (0.01 sec)

Query OK, 0 rows affected (0.00 sec)

Query OK, 0 rows affected (0.00 sec)
Statement prepared

Query OK, 40 rows affected (0.04 sec)
Records: 40  Duplicates: 0  Warnings: 0

Query OK, 0 rows affected (0.00 sec)

Query OK, 0 rows affected (0.00 sec)

+----------------------------+
| rep_activenumberavgPraslin |
+----------------------------+
|                       1585 |
+----------------------------+
1 row in set (0.00 sec)

+-------------------------------+
| rep_activenumberavgPraslin_pv |
+-------------------------------+
|                            40 |
+-------------------------------+
1 row in set (0.00 sec)

mysql> mysql \. C:\workspace\cloud\code\sql\_DailyScript\currenttime.sql
+---------------------+
| currenttime         |
+---------------------+
| 2021-05-17 06:41:58 |
+---------------------+
1 row in set (0.00 sec)

mysql> 
mysql> mysql \. C:\workspace\cloud\code\sql\_DailyScript\budget_actual_analysis_2021.sql
Query OK, 0 rows affected (0.01 sec)

Query OK, 755 rows affected, 3 warnings (0.13 sec)
Records: 755  Duplicates: 0  Warnings: 3

+--------------------+
| budget_actual_2021 |
+--------------------+
|                755 |
+--------------------+
1 row in set (0.00 sec)

Query OK, 0 rows affected (0.01 sec)

Query OK, 47 rows affected (0.04 sec)
Records: 47  Duplicates: 0  Warnings: 0

+---------------------------+
| rep_budget_actual_2021_pv |
+---------------------------+
|                        47 |
+---------------------------+
1 row in set (0.00 sec)

mysql> mysql \. C:\workspace\cloud\code\sql\_DailyScript\currenttime.sql
+---------------------+
| currenttime         |
+---------------------+
| 2021-05-17 06:41:58 |
+---------------------+
1 row in set (0.00 sec)

mysql> 
mysql> 
mysql> 
mysql> 
mysql> 
mysql> 
mysql> 
mysql> 
mysql> 
mysql> 
mysql> 
mysql> 
mysql> 
mysql> 
mysql> 
mysql> 
mysql> 
mysql> 
mysql> 
mysql> 
mysql> 
mysql> exit
