    -> 
    -> mysql \. C:\workspace\cloud\code\sql\_DailyScript\_setdates.sql
Database changed
Query OK, 0 rows affected (0.00 sec)

Query OK, 0 rows affected (0.00 sec)

Query OK, 0 rows affected (0.00 sec)

Query OK, 0 rows affected (0.00 sec)

Query OK, 0 rows affected (0.00 sec)

Query OK, 0 rows affected (0.00 sec)

Query OK, 0 rows affected (0.00 sec)

Query OK, 0 rows affected (0.00 sec)

Query OK, 0 rows affected (0.00 sec)

Query OK, 0 rows affected (0.00 sec)

Query OK, 0 rows affected (0.00 sec)

Query OK, 0 rows affected (0.00 sec)

Query OK, 0 rows affected (0.00 sec)

Query OK, 0 rows affected (0.00 sec)

Query OK, 0 rows affected (0.00 sec)

Query OK, 0 rows affected (0.00 sec)

Query OK, 0 rows affected (0.00 sec)

Query OK, 0 rows affected (0.00 sec)

Query OK, 0 rows affected (0.00 sec)

Query OK, 0 rows affected (0.00 sec)

Query OK, 0 rows affected (0.00 sec)

mysql> mysql \. C:\workspace\cloud\code\sql\_DailyScript\currenttime.sql
+---------------------+
| currenttime         |
+---------------------+
| 2020-08-02 14:28:39 |
+---------------------+
1 row in set (0.00 sec)

mysql> 
mysql> mysql \. C:\workspace\cloud\code\sql\_DailyScript\load_RCB_VODTITLES.sql
Database changed
Query OK, 0 rows affected (0.00 sec)

Query OK, 11808 rows affected (0.11 sec)

Query OK, 11810 rows affected, 11810 warnings (0.29 sec)
Records: 11810  Deleted: 0  Skipped: 0  Warnings: 11810

Query OK, 0 rows affected (0.00 sec)

Query OK, 2 rows affected (0.01 sec)

+-----------+
| VODTITLES |
+-----------+
|     12268 |
+-----------+
1 row in set (0.00 sec)

+-----------+-----------+
| titletype | typecount |
+-----------+-----------+
| E         |      9778 |
| N         |       229 |
| T         |      1801 |
| NULL      |     11808 |
+-----------+-----------+
4 rows in set (0.03 sec)

mysql> mysql \. C:\workspace\cloud\code\sql\_DailyScript\currenttime.sql
+---------------------+
| currenttime         |
+---------------------+
| 2020-08-02 14:28:40 |
+---------------------+
1 row in set (0.00 sec)

mysql> 
mysql> mysql \. C:\workspace\cloud\code\sql\_DailyScript\DAILY-SCRIPT-LIVETV-STATS.sql
Database changed
Query OK, 0 rows affected (0.01 sec)

Query OK, 0 rows affected (0.02 sec)
Records: 0  Duplicates: 0  Warnings: 0

+------------+------------+----------+--------------+--------------+-----------+-------------+----------+--------+------+------------+---------+---------------+
| Table      | Non_unique | Key_name | Seq_in_index | Column_name  | Collation | Cardinality | Sub_part | Packed | Null | Index_type | Comment | Index_comment |
+------------+------------+----------+--------------+--------------+-----------+-------------+----------+--------+------+------------+---------+---------------+
| templivetv |          1 | idxtv1   |            1 | device       | A         |           0 |     NULL | NULL   | YES  | BTREE      |         |               |
| templivetv |          1 | idxtv2   |            1 | sessionstart | A         |           0 |     NULL | NULL   | YES  | BTREE      |         |               |
+------------+------------+----------+--------------+--------------+-----------+-------------+----------+--------+------+------------+---------+---------------+
2 rows in set (0.00 sec)

Query OK, 0 rows affected (0.00 sec)
Records: 0  Duplicates: 0  Warnings: 0

Query OK, 0 rows affected (0.00 sec)
Records: 0  Duplicates: 0  Warnings: 0

Query OK, 0 rows affected (0.00 sec)

Query OK, 0 rows affected (0.00 sec)

Query OK, 0 rows affected (0.00 sec)
Records: 0  Duplicates: 0  Warnings: 0

Query OK, 0 rows affected (0.00 sec)

Terminal close -- query aborted
    -> 
    -> mysql \. C:\workspace\cloud\code\sql\_DailyScript\_setdates.sql
Database changed
Query OK, 0 rows affected (0.00 sec)

Query OK, 0 rows affected (0.00 sec)

Query OK, 0 rows affected (0.00 sec)

Query OK, 0 rows affected (0.00 sec)

Query OK, 0 rows affected (0.00 sec)

Query OK, 0 rows affected (0.00 sec)

Query OK, 0 rows affected (0.00 sec)

Query OK, 0 rows affected (0.00 sec)

Query OK, 0 rows affected (0.00 sec)

Query OK, 0 rows affected (0.00 sec)

Query OK, 0 rows affected (0.00 sec)

Query OK, 0 rows affected (0.00 sec)

Query OK, 0 rows affected (0.00 sec)

Query OK, 0 rows affected (0.00 sec)

Query OK, 0 rows affected (0.00 sec)

Query OK, 0 rows affected (0.00 sec)

Query OK, 0 rows affected (0.00 sec)

Query OK, 0 rows affected (0.00 sec)

Query OK, 0 rows affected (0.00 sec)

Query OK, 0 rows affected (0.00 sec)

Query OK, 0 rows affected (0.00 sec)

mysql> mysql \. C:\workspace\cloud\code\sql\_DailyScript\currenttime.sql
+---------------------+
| currenttime         |
+---------------------+
| 2020-08-02 14:30:17 |
+---------------------+
1 row in set (0.00 sec)

mysql> 
mysql> mysql \. C:\workspace\cloud\code\sql\_DailyScript\load_RCB_VODTITLES.sql
Database changed
Query OK, 0 rows affected (0.00 sec)

Query OK, 11808 rows affected (0.08 sec)

Query OK, 11810 rows affected, 11810 warnings (0.21 sec)
Records: 11810  Deleted: 0  Skipped: 0  Warnings: 11810

Query OK, 0 rows affected (0.00 sec)

Query OK, 2 rows affected (0.01 sec)

+-----------+
| VODTITLES |
+-----------+
|     12268 |
+-----------+
1 row in set (0.01 sec)

+-----------+-----------+
| titletype | typecount |
+-----------+-----------+
| E         |      9778 |
| N         |       229 |
| T         |      1801 |
| NULL      |     11808 |
+-----------+-----------+
4 rows in set (0.03 sec)

mysql> mysql \. C:\workspace\cloud\code\sql\_DailyScript\currenttime.sql
+---------------------+
| currenttime         |
+---------------------+
| 2020-08-02 14:30:17 |
+---------------------+
1 row in set (0.00 sec)

mysql> 
mysql> mysql \. C:\workspace\cloud\code\sql\_DailyScript\DAILY-SCRIPT-LIVETV-STATS.sql
Database changed
Query OK, 0 rows affected (0.00 sec)

Query OK, 84488 rows affected (0.92 sec)
Records: 84488  Duplicates: 0  Warnings: 0

+------------+------------+----------+--------------+--------------+-----------+-------------+----------+--------+------+------------+---------+---------------+
| Table      | Non_unique | Key_name | Seq_in_index | Column_name  | Collation | Cardinality | Sub_part | Packed | Null | Index_type | Comment | Index_comment |
+------------+------------+----------+--------------+--------------+-----------+-------------+----------+--------+------+------------+---------+---------------+
| templivetv |          1 | idxtv1   |            1 | device       | A         |       84588 |     NULL | NULL   | YES  | BTREE      |         |               |
| templivetv |          1 | idxtv2   |            1 | sessionstart | A         |       84588 |     NULL | NULL   | YES  | BTREE      |         |               |
+------------+------------+----------+--------------+--------------+-----------+-------------+----------+--------+------+------------+---------+---------------+
2 rows in set (0.00 sec)

Query OK, 84460 rows affected (10.88 sec)
Records: 84460  Duplicates: 0  Warnings: 0

Query OK, 2745 rows affected (0.53 sec)
Records: 2745  Duplicates: 0  Warnings: 0

Query OK, 0 rows affected (0.00 sec)

Query OK, 0 rows affected (0.00 sec)

Query OK, 139 rows affected (0.06 sec)
Records: 139  Duplicates: 0  Warnings: 0

Query OK, 0 rows affected, 1 warning (0.00 sec)

Query OK, 28635 rows affected (1 min 34.95 sec)
Records: 28635  Duplicates: 0  Warnings: 0

+-----------------+
| rep_livetvstats |
+-----------------+
|           28635 |
+-----------------+
1 row in set (0.01 sec)

mysql> mysql \. C:\workspace\cloud\code\sql\_DailyScript\currenttime.sql
+---------------------+
| currenttime         |
+---------------------+
| 2020-08-02 14:32:05 |
+---------------------+
1 row in set (0.00 sec)

mysql> 
mysql> mysql \. C:\workspace\cloud\code\sql\_DailyScript\DAILY-SCRIPT-VODTS-STATS.sql
Database changed
Query OK, 0 rows affected (0.01 sec)

Query OK, 4047 rows affected (12.41 sec)
Records: 4047  Duplicates: 0  Warnings: 0

+---------+------------+----------+--------------+--------------+-----------+-------------+----------+--------+------+------------+---------+---------------+
| Table   | Non_unique | Key_name | Seq_in_index | Column_name  | Collation | Cardinality | Sub_part | Packed | Null | Index_type | Comment | Index_comment |
+---------+------------+----------+--------------+--------------+-----------+-------------+----------+--------+------+------------+---------+---------------+
| tempvod |          1 | idxtvod1 |            1 | device       | A         |        3923 |     NULL | NULL   | YES  | BTREE      |         |               |
| tempvod |          1 | idxtvod2 |            1 | sessionstart | A         |        3923 |     NULL | NULL   | YES  | BTREE      |         |               |
+---------+------------+----------+--------------+--------------+-----------+-------------+----------+--------+------+------------+---------+---------------+
2 rows in set (0.00 sec)

Query OK, 4040 rows affected (2.43 sec)
Records: 4040  Duplicates: 0  Warnings: 0

Query OK, 0 rows affected (0.02 sec)

Query OK, 756231 rows affected (59.32 sec)
Records: 756231  Duplicates: 0  Warnings: 0

+--------------+
| rep_vodstats |
+--------------+
|       756231 |
+--------------+
1 row in set (0.22 sec)

Database changed
Query OK, 0 rows affected (0.01 sec)

Query OK, 14053 rows affected (35.49 sec)
Records: 14053  Duplicates: 0  Warnings: 0

+--------+------------+----------+--------------+--------------+-----------+-------------+----------+--------+------+------------+---------+---------------+
| Table  | Non_unique | Key_name | Seq_in_index | Column_name  | Collation | Cardinality | Sub_part | Packed | Null | Index_type | Comment | Index_comment |
+--------+------------+----------+--------------+--------------+-----------+-------------+----------+--------+------+------------+---------+---------------+
| tempts |          1 | idxtts1  |            1 | device       | A         |       14170 |     NULL | NULL   | YES  | BTREE      |         |               |
| tempts |          1 | idxtts2  |            1 | sessionstart | A         |       14170 |     NULL | NULL   | YES  | BTREE      |         |               |
+--------+------------+----------+--------------+--------------+-----------+-------------+----------+--------+------+------------+---------+---------------+
2 rows in set (0.00 sec)

Query OK, 13973 rows affected (10.61 sec)
Records: 13973  Duplicates: 0  Warnings: 0

Query OK, 0 rows affected (0.01 sec)

Query OK, 36906 rows affected (32.93 sec)
Records: 36906  Duplicates: 0  Warnings: 0

+-------------+
| rep_tsstats |
+-------------+
|       36906 |
+-------------+
1 row in set (0.01 sec)

mysql> mysql \. C:\workspace\cloud\code\sql\_DailyScript\currenttime.sql
+---------------------+
| currenttime         |
+---------------------+
| 2020-08-02 14:34:38 |
+---------------------+
1 row in set (0.00 sec)

mysql> 
mysql> mysql \. C:\workspace\cloud\code\sql\_DailyScript\DAILY-SCRIPT-RADIO-STATS.sql
Database changed
Query OK, 0 rows affected (0.02 sec)

Query OK, 286079 rows affected (3.03 sec)
Records: 286079  Duplicates: 0  Warnings: 0

+-----------+------------+----------+--------------+--------------+-----------+-------------+----------+--------+------+------------+---------+---------------+
| Table     | Non_unique | Key_name | Seq_in_index | Column_name  | Collation | Cardinality | Sub_part | Packed | Null | Index_type | Comment | Index_comment |
+-----------+------------+----------+--------------+--------------+-----------+-------------+----------+--------+------+------------+---------+---------------+
| tempradio |          1 | idxtrad1 |            1 | device       | A         |      287833 |     NULL | NULL   | YES  | BTREE      |         |               |
| tempradio |          1 | idxtrad2 |            1 | sessionstart | A         |      287833 |     NULL | NULL   | YES  | BTREE      |         |               |
+-----------+------------+----------+--------------+--------------+-----------+-------------+----------+--------+------+------------+---------+---------------+
2 rows in set (0.00 sec)

Query OK, 531 rows affected (1.20 sec)
Records: 531  Duplicates: 0  Warnings: 0

Query OK, 0 rows affected (0.01 sec)

Query OK, 4983 rows affected (0.37 sec)
Records: 4983  Duplicates: 0  Warnings: 0

+----------------+
| rep_radiostats |
+----------------+
|           4983 |
+----------------+
1 row in set (0.00 sec)

mysql> mysql \. C:\workspace\cloud\code\sql\_DailyScript\currenttime.sql
+---------------------+
| currenttime         |
+---------------------+
| 2020-08-02 14:34:43 |
+---------------------+
1 row in set (0.00 sec)

mysql> 
mysql> mysql \. C:\workspace\cloud\code\sql\_DailyScript\DAILY_SCRIPT_TELEMETRY_PIVOT_2020.sql
Query OK, 0 rows affected (0.00 sec)

Query OK, 146 rows affected (0.16 sec)
Records: 146  Duplicates: 0  Warnings: 0

Query OK, 0 rows affected (0.01 sec)

Query OK, 10201 rows affected (2.19 sec)
Records: 10201  Duplicates: 0  Warnings: 0

Query OK, 0 rows affected (0.00 sec)

Query OK, 8 rows affected (0.02 sec)
Records: 8  Duplicates: 0  Warnings: 0

Query OK, 0 rows affected (0.00 sec)

Query OK, 47 rows affected (0.09 sec)
Records: 47  Duplicates: 0  Warnings: 0

mysql> mysql \. C:\workspace\cloud\code\sql\_DailyScript\currenttime.sql
+---------------------+
| currenttime         |
+---------------------+
| 2020-08-02 14:34:45 |
+---------------------+
1 row in set (0.00 sec)

mysql> 
mysql> mysql \. C:\workspace\cloud\code\sql\_DailyScript\telemetry_livetv_ranking2020.sql
Query OK, 0 rows affected (0.00 sec)

Query OK, 146 rows affected (0.03 sec)
Records: 146  Duplicates: 0  Warnings: 0

mysql> mysql \. C:\workspace\cloud\code\sql\_DailyScript\currenttime.sql
+---------------------+
| currenttime         |
+---------------------+
| 2020-08-02 14:34:45 |
+---------------------+
1 row in set (0.00 sec)

mysql> 
mysql> mysql \. C:\workspace\cloud\code\sql\_DailyScript\telemetry_radio_ranking2020.sql
Query OK, 0 rows affected (0.00 sec)

Query OK, 8 rows affected (0.02 sec)
Records: 8  Duplicates: 0  Warnings: 0

mysql> mysql \. C:\workspace\cloud\code\sql\_DailyScript\currenttime.sql
+---------------------+
| currenttime         |
+---------------------+
| 2020-08-02 14:34:45 |
+---------------------+
1 row in set (0.00 sec)

mysql> 
mysql> mysql \. C:\workspace\cloud\code\sql\_DailyScript\telemetry_ts_ranking2020.sql
Query OK, 0 rows affected (0.00 sec)

Query OK, 47 rows affected (0.01 sec)
Records: 47  Duplicates: 0  Warnings: 0

mysql> mysql \. C:\workspace\cloud\code\sql\_DailyScript\currenttime.sql
+---------------------+
| currenttime         |
+---------------------+
| 2020-08-02 14:34:45 |
+---------------------+
1 row in set (0.00 sec)

mysql> 
mysql> mysql \. C:\workspace\cloud\code\sql\_DailyScript\telemetry_vod_ranking2020.sql
Query OK, 0 rows affected (0.01 sec)

Query OK, 10201 rows affected (0.44 sec)
Records: 10201  Duplicates: 0  Warnings: 0

mysql> mysql \. C:\workspace\cloud\code\sql\_DailyScript\currenttime.sql
+---------------------+
| currenttime         |
+---------------------+
| 2020-08-02 14:34:46 |
+---------------------+
1 row in set (0.00 sec)

mysql> 
mysql> mysql \. C:\workspace\cloud\code\sql\_DailyScript\telemetry_vod_ranking2020_1.sql
Query OK, 0 rows affected (0.01 sec)

Query OK, 10201 rows affected (0.22 sec)
Records: 10201  Duplicates: 0  Warnings: 0

mysql> mysql \. C:\workspace\cloud\code\sql\_DailyScript\currenttime.sql
+---------------------+
| currenttime         |
+---------------------+
| 2020-08-02 14:34:46 |
+---------------------+
1 row in set (0.00 sec)

mysql> 
mysql> mysql \. C:\workspace\cloud\code\sql\_DailyScript\telemetry_vod_ranking2020_2.sql
Query OK, 0 rows affected (0.01 sec)

Query OK, 10201 rows affected (0.20 sec)
Records: 10201  Duplicates: 0  Warnings: 0

mysql> mysql \. C:\workspace\cloud\code\sql\_DailyScript\currenttime.sql
+---------------------+
| currenttime         |
+---------------------+
| 2020-08-02 14:34:46 |
+---------------------+
1 row in set (0.00 sec)

mysql> 
mysql> mysql \. C:\workspace\cloud\code\sql\_DailyScript\DAILY-SCRIPT-CREATE-LOAD.sql
Database changed
Database changed
Query OK, 0 rows affected (0.02 sec)

Query OK, 0 rows affected (0.01 sec)

Database changed
Query OK, 66847 rows affected (2.25 sec)
Records: 66847  Deleted: 0  Skipped: 0  Warnings: 0

Query OK, 0 rows affected (0.13 sec)
Records: 0  Duplicates: 0  Warnings: 0

Query OK, 0 rows affected (0.21 sec)
Records: 0  Duplicates: 0  Warnings: 0

Query OK, 0 rows affected (0.23 sec)
Records: 0  Duplicates: 0  Warnings: 0

Query OK, 0 rows affected (0.20 sec)
Records: 0  Duplicates: 0  Warnings: 0

+---------+
| clients |
+---------+
|   66847 |
+---------+
1 row in set (0.02 sec)

Query OK, 0 rows affected (0.01 sec)

Query OK, 12198 rows affected (5.64 sec)
Records: 12198  Duplicates: 0  Warnings: 0

Query OK, 0 rows affected (0.04 sec)
Records: 0  Duplicates: 0  Warnings: 0

+-------------------+
| rcb_clientparcels |
+-------------------+
|             12198 |
+-------------------+
1 row in set (0.00 sec)

Query OK, 0 rows affected (0.01 sec)

Query OK, 79869 rows affected (3.03 sec)
Records: 79869  Duplicates: 0  Warnings: 0

Query OK, 0 rows affected (0.24 sec)
Records: 0  Duplicates: 0  Warnings: 0

Query OK, 0 rows affected (0.01 sec)

Query OK, 66847 rows affected (35.51 sec)
Records: 66847  Duplicates: 0  Warnings: 0

Query OK, 0 rows affected (0.18 sec)
Records: 0  Duplicates: 0  Warnings: 0

Query OK, 0 rows affected (0.20 sec)
Records: 0  Duplicates: 0  Warnings: 0

Query OK, 0 rows affected (0.17 sec)
Records: 0  Duplicates: 0  Warnings: 0

+---------------+
| clientaddress |
+---------------+
|         66847 |
+---------------+
1 row in set (0.02 sec)

Database changed
Query OK, 0 rows affected (0.02 sec)

Query OK, 0 rows affected (0.01 sec)

Database changed
Query OK, 520301 rows affected, 65535 warnings (14.70 sec)
Records: 520301  Deleted: 0  Skipped: 0  Warnings: 211402

Query OK, 0 rows affected (2.54 sec)
Records: 0  Duplicates: 0  Warnings: 0

Query OK, 0 rows affected (2.90 sec)
Records: 0  Duplicates: 0  Warnings: 0

Query OK, 0 rows affected (1.36 sec)
Records: 0  Duplicates: 0  Warnings: 0

Query OK, 0 rows affected (0.03 sec)

Query OK, 520301 rows affected (40.60 sec)
Records: 520301  Duplicates: 0  Warnings: 0

Query OK, 0 rows affected (1.70 sec)
Records: 0  Duplicates: 0  Warnings: 0

Query OK, 0 rows affected (1.33 sec)
Records: 0  Duplicates: 0  Warnings: 0

+-----------+
| contracts |
+-----------+
|    520301 |
+-----------+
1 row in set (0.15 sec)

+-----------------+
| contractaddress |
+-----------------+
|          520301 |
+-----------------+
1 row in set (0.14 sec)

Database changed
Query OK, 0 rows affected (0.01 sec)

Query OK, 0 rows affected (0.01 sec)

Query OK, 7477 rows affected (0.14 sec)
Records: 7477  Deleted: 0  Skipped: 0  Warnings: 0

Query OK, 0 rows affected (0.01 sec)

Query OK, 7445 rows affected (0.88 sec)
Records: 7445  Duplicates: 0  Warnings: 0

Query OK, 0 rows affected (0.04 sec)
Records: 0  Duplicates: 0  Warnings: 0

Query OK, 0 rows affected (0.01 sec)

Query OK, 5731 rows affected (0.07 sec)
Records: 5731  Duplicates: 0  Warnings: 0

Query OK, 0 rows affected (0.03 sec)
Records: 0  Duplicates: 0  Warnings: 0

+-------------------+
| contractdiscounts |
+-------------------+
|              7477 |
+-------------------+
1 row in set (0.00 sec)

+-------------------------+
| clientcontractdiscounts |
+-------------------------+
|                    7445 |
+-------------------------+
1 row in set (0.00 sec)

+----------------------------+
| clientcontractlastdiscount |
+----------------------------+
|                       5731 |
+----------------------------+
1 row in set (0.00 sec)

Database changed
Query OK, 0 rows affected (0.02 sec)

Query OK, 0 rows affected (0.03 sec)

Database changed
Query OK, 138328 rows affected, 8 warnings (2.75 sec)
Records: 138328  Deleted: 0  Skipped: 0  Warnings: 8

Query OK, 0 rows affected (0.26 sec)
Records: 0  Duplicates: 0  Warnings: 0

Query OK, 0 rows affected (0.31 sec)
Records: 0  Duplicates: 0  Warnings: 0

Query OK, 0 rows affected (0.29 sec)
Records: 0  Duplicates: 0  Warnings: 0

Query OK, 0 rows affected (0.29 sec)
Records: 0  Duplicates: 0  Warnings: 0

Query OK, 0 rows affected (0.35 sec)
Records: 0  Duplicates: 0  Warnings: 0

Query OK, 0 rows affected (0.52 sec)
Records: 0  Duplicates: 0  Warnings: 0

Query OK, 0 rows affected (0.05 sec)

Query OK, 1773083 rows affected (3 min 35.60 sec)
Records: 1773083  Duplicates: 0  Warnings: 0

Query OK, 0 rows affected (4.58 sec)
Records: 0  Duplicates: 0  Warnings: 0

+---------+
| devices |
+---------+
|  138328 |
+---------+
1 row in set (0.05 sec)

+-----------------------+
| clientcontractdevices |
+-----------------------+
|               1773083 |
+-----------------------+
1 row in set (0.64 sec)

Query OK, 0 rows affected (0.01 sec)

Query OK, 138250 rows affected (5.23 sec)
Records: 138250  Duplicates: 0  Warnings: 0

+---------------------------+
| rep_clientcontractdevices |
+---------------------------+
|                    138250 |
+---------------------------+
1 row in set (0.04 sec)

Database changed
Query OK, 0 rows affected (0.02 sec)

Query OK, 0 rows affected (0.01 sec)

Query OK, 292481 rows affected (6.62 sec)
Records: 292481  Deleted: 0  Skipped: 0  Warnings: 0

Query OK, 0 rows affected (0.71 sec)
Records: 0  Duplicates: 0  Warnings: 0

Query OK, 0 rows affected (0.59 sec)
Records: 0  Duplicates: 0  Warnings: 0

Query OK, 0 rows affected (0.61 sec)
Records: 0  Duplicates: 0  Warnings: 0

Query OK, 0 rows affected (0.51 sec)
Records: 0  Duplicates: 0  Warnings: 0

+---------+
| tickets |
+---------+
|  292481 |
+---------+
1 row in set (0.07 sec)

Database changed
Query OK, 0 rows affected (0.01 sec)

Query OK, 0 rows affected (0.01 sec)

Empty set (0.00 sec)

Query OK, 0 rows affected (0.02 sec)
Records: 0  Duplicates: 0  Warnings: 0

Query OK, 359 rows affected, 2 warnings (0.03 sec)
Records: 359  Deleted: 0  Skipped: 0  Warnings: 2

+-----------------+
| tickettechusers |
+-----------------+
|             359 |
+-----------------+
1 row in set (0.00 sec)

Database changed
Query OK, 0 rows affected (0.01 sec)

Query OK, 0 rows affected (0.01 sec)

Query OK, 0 rows affected (0.02 sec)
Records: 0  Duplicates: 0  Warnings: 0

Query OK, 637329 rows affected, 46668 warnings (10.30 sec)
Records: 637329  Deleted: 0  Skipped: 0  Warnings: 46668

+-------------------+
| ticketassignments |
+-------------------+
|            637329 |
+-------------------+
1 row in set (0.17 sec)

Database changed
Query OK, 0 rows affected (0.02 sec)

Query OK, 0 rows affected (0.01 sec)

Query OK, 1294706 rows affected (14.30 sec)
Records: 1294706  Deleted: 0  Skipped: 0  Warnings: 0

Query OK, 0 rows affected (4.08 sec)
Records: 0  Duplicates: 0  Warnings: 0

Query OK, 0 rows affected (2.84 sec)
Records: 0  Duplicates: 0  Warnings: 0

Query OK, 0 rows affected (2.50 sec)
Records: 0  Duplicates: 0  Warnings: 0

Query OK, 0 rows affected (2.83 sec)
Records: 0  Duplicates: 0  Warnings: 0

+----------------+
| ticketcomments |
+----------------+
|        1294706 |
+----------------+
1 row in set (0.37 sec)

Database changed
Query OK, 0 rows affected (0.01 sec)

Query OK, 0 rows affected (0.01 sec)

Query OK, 455020 rows affected (32.56 sec)
Records: 455020  Deleted: 0  Skipped: 0  Warnings: 0

Query OK, 0 rows affected (2.17 sec)
Records: 0  Duplicates: 0  Warnings: 0

+----------+
| comments |
+----------+
|   455020 |
+----------+
1 row in set (0.13 sec)

Database changed
Query OK, 0 rows affected (0.04 sec)

Query OK, 0 rows affected (0.01 sec)

Query OK, 1370701 rows affected, 65535 warnings (1 min 8.00 sec)
Records: 1370701  Deleted: 0  Skipped: 0  Warnings: 1370723

Query OK, 0 rows affected (3.93 sec)
Records: 0  Duplicates: 0  Warnings: 0

Query OK, 0 rows affected (2.85 sec)
Records: 0  Duplicates: 0  Warnings: 0

Query OK, 0 rows affected (3.11 sec)
Records: 0  Duplicates: 0  Warnings: 0

Query OK, 0 rows affected (3.13 sec)
Records: 0  Duplicates: 0  Warnings: 0

Query OK, 0 rows affected (4.58 sec)
Records: 0  Duplicates: 0  Warnings: 0

+------------+
| devicesold |
+------------+
|    1370701 |
+------------+
1 row in set (0.38 sec)

Database changed
Query OK, 0 rows affected (0.03 sec)

Query OK, 0 rows affected (0.01 sec)

Query OK, 1766443 rows affected (21.54 sec)
Records: 1766443  Deleted: 0  Skipped: 0  Warnings: 0

Query OK, 0 rows affected (4.59 sec)
Records: 0  Duplicates: 0  Warnings: 0

Query OK, 0 rows affected (3.99 sec)
Records: 0  Duplicates: 0  Warnings: 0

Query OK, 0 rows affected (3.93 sec)
Records: 0  Duplicates: 0  Warnings: 0

+------------------+
| contractservices |
+------------------+
|          1766443 |
+------------------+
1 row in set (0.48 sec)

Database changed
Query OK, 0 rows affected (0.05 sec)

Query OK, 0 rows affected (0.01 sec)

Query OK, 4217306 rows affected (1 min 43.86 sec)
Records: 4217306  Deleted: 0  Skipped: 0  Warnings: 0

Query OK, 0 rows affected (11.36 sec)
Records: 0  Duplicates: 0  Warnings: 0

Query OK, 0 rows affected (13.60 sec)
Records: 0  Duplicates: 0  Warnings: 0

Query OK, 0 rows affected (10.94 sec)
Records: 0  Duplicates: 0  Warnings: 0

Query OK, 0 rows affected (11.01 sec)
Records: 0  Duplicates: 0  Warnings: 0

+------------------+
| invoicescontents |
+------------------+
|          4217306 |
+------------------+
1 row in set (1.37 sec)

Database changed
Query OK, 0 rows affected (0.11 sec)

Query OK, 0 rows affected (0.01 sec)

Query OK, 2960890 rows affected (2 min 40.95 sec)
Records: 2960890  Deleted: 0  Skipped: 0  Warnings: 0

Query OK, 0 rows affected (12.77 sec)
Records: 0  Duplicates: 0  Warnings: 0

Query OK, 0 rows affected (9.74 sec)
Records: 0  Duplicates: 0  Warnings: 0

Query OK, 0 rows affected (10.30 sec)
Records: 0  Duplicates: 0  Warnings: 0

Query OK, 0 rows affected (10.21 sec)
Records: 0  Duplicates: 0  Warnings: 0

Query OK, 0 rows affected (10.89 sec)
Records: 0  Duplicates: 0  Warnings: 0

+----------------+
| invoicesheader |
+----------------+
|        2960890 |
+----------------+
1 row in set (0.86 sec)

Database changed
Query OK, 0 rows affected (0.03 sec)

Query OK, 0 rows affected (0.01 sec)

Query OK, 3008921 rows affected (1 min 14.55 sec)
Records: 3008921  Deleted: 0  Skipped: 0  Warnings: 0

Query OK, 0 rows affected (7.74 sec)
Records: 0  Duplicates: 0  Warnings: 0

Query OK, 0 rows affected (7.84 sec)
Records: 0  Duplicates: 0  Warnings: 0

Query OK, 0 rows affected (7.85 sec)
Records: 0  Duplicates: 0  Warnings: 0

Query OK, 0 rows affected (7.27 sec)
Records: 0  Duplicates: 0  Warnings: 0

+---------+
| casa    |
+---------+
| 3008921 |
+---------+
1 row in set (0.83 sec)

Query OK, 0 rows affected (0.01 sec)

Query OK, 14583 rows affected (1 min 12.25 sec)
Records: 14583  Duplicates: 0  Warnings: 0

+--------------------+
| rep_paycol_channel |
+--------------------+
|              14583 |
+--------------------+
1 row in set (0.01 sec)

Query OK, 0 rows affected (0.01 sec)

Query OK, 10609 rows affected (1 min 26.84 sec)
Records: 10609  Duplicates: 0  Warnings: 0

+----------------+
| rep_paycol_pos |
+----------------+
|          10609 |
+----------------+
1 row in set (0.01 sec)

Database changed
Query OK, 0 rows affected (0.01 sec)

Query OK, 0 rows affected (0.01 sec)

Database changed
Query OK, 39355 rows affected (0.75 sec)
Records: 39355  Deleted: 0  Skipped: 0  Warnings: 0

+-------+
| users |
+-------+
| 39355 |
+-------+
1 row in set (0.02 sec)

Query OK, 0 rows affected (0.08 sec)
Records: 0  Duplicates: 0  Warnings: 0

Database changed
Query OK, 0 rows affected (0.04 sec)

Query OK, 0 rows affected (0.01 sec)

Query OK, 1872898 rows affected, 2 warnings (27.48 sec)
Records: 1872898  Deleted: 0  Skipped: 0  Warnings: 2

Query OK, 0 rows affected (5.08 sec)
Records: 0  Duplicates: 0  Warnings: 0

Query OK, 0 rows affected (6.07 sec)
Records: 0  Duplicates: 0  Warnings: 0

Query OK, 0 rows affected (3.95 sec)
Records: 0  Duplicates: 0  Warnings: 0

Query OK, 0 rows affected (4.08 sec)
Records: 0  Duplicates: 0  Warnings: 0

Query OK, 0 rows affected (3.84 sec)
Records: 0  Duplicates: 0  Warnings: 0

+-------------+
| useractions |
+-------------+
|     1872898 |
+-------------+
1 row in set (0.51 sec)

Database changed
Query OK, 0 rows affected (0.08 sec)

Query OK, 0 rows affected (0.01 sec)

Database changed
Query OK, 21409563 rows affected (3 min 35.43 sec)
Records: 21409563  Deleted: 0  Skipped: 0  Warnings: 0

Query OK, 0 rows affected (53.50 sec)
Records: 0  Duplicates: 0  Warnings: 0

Query OK, 0 rows affected (52.54 sec)
Records: 0  Duplicates: 0  Warnings: 0

Query OK, 0 rows affected (52.95 sec)
Records: 0  Duplicates: 0  Warnings: 0

Query OK, 0 rows affected (47.43 sec)
Records: 0  Duplicates: 0  Warnings: 0

Query OK, 0 rows affected (1 min 1.77 sec)
Records: 0  Duplicates: 0  Warnings: 0

+----------+
| ipusage1 |
+----------+
| 21409563 |
+----------+
1 row in set (7.60 sec)

Query OK, 0 rows affected (0.10 sec)

Query OK, 21637337 rows affected, 65535 warnings (8 min 54.35 sec)
Records: 21637337  Duplicates: 0  Warnings: 21631588

Query OK, 0 rows affected (56.75 sec)
Records: 0  Duplicates: 0  Warnings: 0

Query OK, 0 rows affected (55.94 sec)
Records: 0  Duplicates: 0  Warnings: 0

Query OK, 0 rows affected (56.53 sec)
Records: 0  Duplicates: 0  Warnings: 0

Query OK, 0 rows affected (51.24 sec)
Records: 0  Duplicates: 0  Warnings: 0

Query OK, 0 rows affected (1 min 23.69 sec)
Records: 0  Duplicates: 0  Warnings: 0

Query OK, 0 rows affected (1 min 28.62 sec)
Records: 0  Duplicates: 0  Warnings: 0

Query OK, 0 rows affected (1 min 18.48 sec)
Records: 0  Duplicates: 0  Warnings: 0

+----------+
| ipusage  |
+----------+
| 21637337 |
+----------+
1 row in set (7.23 sec)

Query OK, 0 rows affected (0.04 sec)

Query OK, 5259054 rows affected (4 min 59.75 sec)
Records: 5259054  Duplicates: 0  Warnings: 0

Query OK, 0 rows affected (16.28 sec)
Records: 0  Duplicates: 0  Warnings: 0

Query OK, 0 rows affected (12.69 sec)
Records: 0  Duplicates: 0  Warnings: 0

Query OK, 0 rows affected (24.04 sec)
Records: 0  Duplicates: 0  Warnings: 0

Query OK, 0 rows affected (26.90 sec)
Records: 0  Duplicates: 0  Warnings: 0

Query OK, 0 rows affected (11.90 sec)
Records: 0  Duplicates: 0  Warnings: 0

Query OK, 0 rows affected (0.02 sec)

Query OK, 440907 rows affected (36.86 sec)
Records: 440907  Duplicates: 0  Warnings: 0

Query OK, 0 rows affected (1.37 sec)
Records: 0  Duplicates: 0  Warnings: 0

Query OK, 0 rows affected (1.20 sec)
Records: 0  Duplicates: 0  Warnings: 0

Query OK, 0 rows affected (1.46 sec)
Records: 0  Duplicates: 0  Warnings: 0

Query OK, 0 rows affected (0.78 sec)
Records: 0  Duplicates: 0  Warnings: 0

Query OK, 0 rows affected (0.78 sec)
Records: 0  Duplicates: 0  Warnings: 0

Query OK, 0 rows affected (0.78 sec)
Records: 0  Duplicates: 0  Warnings: 0

Query OK, 0 rows affected (0.78 sec)
Records: 0  Duplicates: 0  Warnings: 0

Query OK, 0 rows affected (0.02 sec)

Query OK, 1766225 rows affected (47.39 sec)
Records: 1766225  Duplicates: 0  Warnings: 0

Query OK, 0 rows affected (9.67 sec)
Records: 0  Duplicates: 0  Warnings: 0

Query OK, 0 rows affected (3.16 sec)
Records: 0  Duplicates: 0  Warnings: 0

Query OK, 0 rows affected (5.03 sec)
Records: 0  Duplicates: 0  Warnings: 0

mysql> mysql \. C:\workspace\cloud\code\sql\_DailyScript\currenttime.sql
+---------------------+
| currenttime         |
+---------------------+
| 2020-08-02 15:28:45 |
+---------------------+
1 row in set (0.00 sec)

mysql> 
mysql> mysql \. C:\workspace\cloud\code\sql\_DailyScript\ticket_analysis.sql
Database changed
Query OK, 0 rows affected (0.02 sec)

Query OK, 655668 rows affected (19.56 sec)
Records: 655668  Duplicates: 0  Warnings: 0

Query OK, 0 rows affected (4.13 sec)
Records: 0  Duplicates: 0  Warnings: 0

Query OK, 0 rows affected (1.79 sec)
Records: 0  Duplicates: 0  Warnings: 0

Query OK, 0 rows affected (1.66 sec)
Records: 0  Duplicates: 0  Warnings: 0

Query OK, 0 rows affected (0.01 sec)

Query OK, 21304 rows affected (10.73 sec)
Records: 21304  Duplicates: 0  Warnings: 0

Query OK, 0 rows affected, 1 warning (0.00 sec)

Query OK, 92825 rows affected (6.15 sec)
Records: 92825  Duplicates: 0  Warnings: 0

Query OK, 0 rows affected, 1 warning (0.00 sec)

Query OK, 476087 rows affected (12.20 sec)
Records: 476087  Duplicates: 0  Warnings: 0

Query OK, 0 rows affected, 1 warning (0.00 sec)

Query OK, 476087 rows affected (12.86 sec)
Records: 476087  Duplicates: 0  Warnings: 0

Query OK, 0 rows affected (0.01 sec)

Query OK, 92905 rows affected (4.99 sec)
Records: 92905  Duplicates: 0  Warnings: 0

Database changed
Query OK, 0 rows affected (0.00 sec)

Query OK, 0 rows affected (0.02 sec)

Query OK, 655668 rows affected (19.65 sec)
Records: 655668  Duplicates: 0  Warnings: 0

Query OK, 0 rows affected (0.01 sec)

Query OK, 329878 rows affected (13.93 sec)
Records: 329878  Duplicates: 0  Warnings: 0

+--------------------------+
| clientticket_cmmtjourney |
+--------------------------+
|                   655668 |
+--------------------------+
1 row in set (2.14 sec)

+---------------------------+
| clientticket_assgnjourney |
+---------------------------+
|                    329878 |
+---------------------------+
1 row in set (0.35 sec)

Query OK, 0 rows affected (0.01 sec)

Query OK, 85 rows affected (0.08 sec)
Records: 85  Duplicates: 0  Warnings: 0

mysql> mysql \. C:\workspace\cloud\code\sql\_DailyScript\currenttime.sql
+---------------------+
| currenttime         |
+---------------------+
| 2020-08-02 15:30:35 |
+---------------------+
1 row in set (0.00 sec)

mysql> 
mysql> mysql \. C:\workspace\cloud\code\sql\_DailyScript\load_DailyCalls.sql
Database changed
Query OK, 426 rows affected (0.14 sec)
Records: 426  Deleted: 0  Skipped: 0  Warnings: 0

Query OK, 0 rows affected, 1 warning (0.00 sec)

Query OK, 411 rows affected (0.03 sec)
Records: 411  Duplicates: 0  Warnings: 0

Query OK, 0 rows affected, 1 warning (0.00 sec)

Query OK, 67333 rows affected (0.27 sec)
Records: 67333  Duplicates: 0  Warnings: 0

+----------------------+
| callingclientsbefore |
+----------------------+
|               970598 |
+----------------------+
1 row in set (0.39 sec)

Query OK, 622 rows affected (8.44 sec)
Records: 622  Duplicates: 0  Warnings: 0

+---------------------+
| callingclientsafter |
+---------------------+
|              971220 |
+---------------------+
1 row in set (0.25 sec)

Query OK, 0 rows affected (0.01 sec)

Query OK, 259 rows affected (3.12 sec)
Records: 259  Duplicates: 0  Warnings: 0

Query OK, 0 rows affected (0.00 sec)

Query OK, 19488 rows affected (2.96 sec)
Records: 19488  Duplicates: 0  Warnings: 0

+-----------+
| callstats |
+-----------+
|     19488 |
+-----------+
1 row in set (0.01 sec)

Query OK, 0 rows affected, 1 warning (0.00 sec)

Query OK, 622 rows affected (2.53 sec)
Records: 622  Duplicates: 0  Warnings: 0

+------------------------+
| rep_cccallreportbefore |
+------------------------+
|                 970437 |
+------------------------+
1 row in set (0.33 sec)

Query OK, 622 rows affected (0.14 sec)
Records: 622  Duplicates: 0  Warnings: 0

+-----------------------+
| rep_cccallreportafter |
+-----------------------+
|                971059 |
+-----------------------+
1 row in set (0.26 sec)

Query OK, 0 rows affected (0.01 sec)

mysql> mysql \. C:\workspace\cloud\code\sql\_DailyScript\currenttime.sql
+---------------------+
| currenttime         |
+---------------------+
| 2020-08-02 15:30:54 |
+---------------------+
1 row in set (0.00 sec)

mysql> 
mysql> mysql \. C:\workspace\cloud\code\sql\_DailyScript\DAILY-SCRIPT-USAGE.sql
Database changed
Query OK, 0 rows affected (0.00 sec)

Query OK, 8715 rows affected, 25186 warnings (1.44 sec)
Records: 8715  Deleted: 0  Skipped: 0  Warnings: 25186

Query OK, 0 rows affected (0.00 sec)

Query OK, 12859 rows affected, 37225 warnings (1.78 sec)
Records: 12859  Deleted: 0  Skipped: 0  Warnings: 37225

Query OK, 0 rows affected (0.00 sec)

Query OK, 285 rows affected, 1010 warnings (0.04 sec)
Records: 285  Deleted: 0  Skipped: 0  Warnings: 1010

Query OK, 0 rows affected (0.00 sec)

Query OK, 207 rows affected, 713 warnings (0.06 sec)
Records: 207  Deleted: 0  Skipped: 0  Warnings: 713

+------------+
| dailyusage |
+------------+
|   13835015 |
+------------+
1 row in set (5.57 sec)

+------------+------------+------------+---------+
| datestart  | dateend    | insertedon | records |
+------------+------------+------------+---------+
| 2020-08-01 | 2020-08-01 | 2020-08-02 |   22066 |
| 2020-07-31 | 2020-07-31 | 2020-08-02 |   21075 |
| 2020-07-30 | 2020-07-30 | 2020-07-31 |   21055 |
| 2020-07-29 | 2020-07-29 | 2020-07-30 |   21147 |
| 2020-07-28 | 2020-07-28 | 2020-07-29 |   21049 |
+------------+------------+------------+---------+
5 rows in set (27.97 sec)

mysql> mysql \. C:\workspace\cloud\code\sql\_DailyScript\currenttime.sql
+---------------------+
| currenttime         |
+---------------------+
| 2020-08-02 15:31:31 |
+---------------------+
1 row in set (0.00 sec)

mysql> 
mysql> mysql \. C:\workspace\cloud\code\sql\_DailyScript\DAILY-SCRIPT-SALES-TELEMETRY.sql
Database changed
Query OK, 102 rows affected, 42 warnings (0.03 sec)
Records: 102  Deleted: 0  Skipped: 0  Warnings: 42

+------------+
| dailysales |
+------------+
|     203545 |
+------------+
1 row in set (0.22 sec)

Query OK, 0 rows affected (0.01 sec)

Query OK, 203545 rows affected (12.84 sec)
Records: 203545  Duplicates: 0  Warnings: 0

+--------+
| sales  |
+--------+
| 203545 |
+--------+
1 row in set (0.08 sec)

Query OK, 0 rows affected (0.01 sec)

Query OK, 3280 rows affected (0.33 sec)
Records: 3280  Duplicates: 0  Warnings: 0

+----------------+
| rep_dailysales |
+----------------+
|           3280 |
+----------------+
1 row in set (0.00 sec)

Query OK, 0 rows affected (0.01 sec)

Query OK, 3280 rows affected (0.50 sec)
Records: 3280  Duplicates: 0  Warnings: 0

+-------------------+
| rep_dailysalesreg |
+-------------------+
|              3280 |
+-------------------+
1 row in set (0.00 sec)

Query OK, 0 rows affected (0.01 sec)

Query OK, 2781 rows affected (0.63 sec)
Records: 2781  Duplicates: 0  Warnings: 0

+-----------+
| saleslist |
+-----------+
|      2781 |
+-----------+
1 row in set (0.00 sec)

Database changed
ERROR 2 (HY000): File 'C:\ProgramData\MySQL\MySQL Server 5.7\Uploads\_csv\PrepaidCardSales-01082020-P1.csv' not found (Errcode: 2 - No such file or directory)
+------------------+
| dailysinglesales |
+------------------+
|             6325 |
+------------------+
1 row in set (0.01 sec)

Database changed
Query OK, 14 rows affected (0.10 sec)
Records: 14  Deleted: 0  Skipped: 0  Warnings: 0

+-----------------+
| dailyaddonsales |
+-----------------+
|           20222 |
+-----------------+
1 row in set (0.03 sec)

Query OK, 300 rows affected (0.09 sec)
Records: 300  Deleted: 0  Skipped: 0  Warnings: 0

+----------------+
| onlinepayments |
+----------------+
|         114568 |
+----------------+
1 row in set (0.09 sec)

+-------------+----------------+---------------------+
| paymentdate | onlinepayments | onlinepaymentamount |
+-------------+----------------+---------------------+
| 2020-08-01  |            300 |        228839.46000 |
| 2020-07-31  |            184 |        116464.69000 |
| 2020-07-30  |            267 |        163571.91000 |
| 2020-07-29  |            185 |        124123.89000 |
| 2020-07-28  |            275 |        185089.77000 |
+-------------+----------------+---------------------+
5 rows in set (0.37 sec)

+-------------+--------------+----------------+---------------------+
| paymentyear | paymentmonth | onlinepayments | onlinepaymentamount |
+-------------+--------------+----------------+---------------------+
|        2020 |            8 |            300 |        228839.46000 |
|        2020 |            7 |           6291 |       4053825.83000 |
|        2020 |            6 |           6133 |       4006312.90000 |
|        2020 |            5 |           6399 |       4169369.14000 |
|        2020 |            4 |           7837 |       4979458.33000 |
+-------------+--------------+----------------+---------------------+
5 rows in set (0.11 sec)

mysql> mysql \. C:\workspace\cloud\code\sql\_DailyScript\currenttime.sql
+---------------------+
| currenttime         |
+---------------------+
| 2020-08-02 15:31:47 |
+---------------------+
1 row in set (0.00 sec)

mysql> 
mysql> mysql \. C:\workspace\cloud\code\sql\_DailyScript\DAILY-SCRIPT-ACTIVENUMBERS.sql
Database changed
Query OK, 1173 rows affected (0.57 sec)
Records: 1173  Deleted: 0  Skipped: 0  Warnings: 0

+------------+----------+
| period     | count(1) |
+------------+----------+
| 2020-08-01 |     1173 |
| 2020-07-31 |     1171 |
| 2020-07-30 |     1168 |
| 2020-07-29 |     1165 |
| 2020-07-28 |     1162 |
+------------+----------+
5 rows in set (0.01 sec)

Query OK, 0 rows affected (0.01 sec)

Query OK, 80 rows affected (1.35 sec)
Records: 80  Duplicates: 0  Warnings: 0

+-------------+
| packagelist |
+-------------+
|          80 |
+-------------+
1 row in set (0.00 sec)

Database changed
Query OK, 0 rows affected (0.00 sec)

Query OK, 0 rows affected (0.00 sec)

Query OK, 0 rows affected (0.00 sec)

Query OK, 0 rows affected (0.00 sec)

Query OK, 27519 rows affected, 222 warnings (20.42 sec)
Records: 27519  Deleted: 0  Skipped: 0  Warnings: 222

+------------+----------+
| period     | count(1) |
+------------+----------+
| 2020-08-01 |    27519 |
| 2020-07-31 |    27702 |
| 2020-07-30 |    27451 |
| 2020-07-29 |    27529 |
| 2020-07-28 |    27421 |
+------------+----------+
5 rows in set (0.13 sec)

Query OK, 0 rows affected (0.05 sec)

Query OK, 26928 rows affected (43.72 sec)
Records: 26928  Duplicates: 0  Warnings: 0

Query OK, 0 rows affected (0.13 sec)
Records: 0  Duplicates: 0  Warnings: 0

Query OK, 0 rows affected (0.13 sec)
Records: 0  Duplicates: 0  Warnings: 0

Query OK, 0 rows affected (0.09 sec)
Records: 0  Duplicates: 0  Warnings: 0

Query OK, 0 rows affected (0.07 sec)
Records: 0  Duplicates: 0  Warnings: 0

Query OK, 0 rows affected (0.09 sec)
Records: 0  Duplicates: 0  Warnings: 0

Query OK, 0 rows affected (0.07 sec)
Records: 0  Duplicates: 0  Warnings: 0

+-------------+
| countbefore |
+-------------+
|    37942737 |
+-------------+
1 row in set (15.05 sec)

Query OK, 26928 rows affected (6.10 sec)
Records: 26928  Duplicates: 0  Warnings: 0

+------------+
| countafter |
+------------+
|   37969665 |
+------------+
1 row in set (12.39 sec)

+------------+--------------------------+
| period     | customercontractactivity |
+------------+--------------------------+
| 2020-08-01 |                    26928 |
| 2020-07-31 |                    27112 |
| 2020-07-30 |                    26861 |
| 2020-07-29 |                    26939 |
| 2020-07-28 |                    26831 |
+------------+--------------------------+
5 rows in set (0.05 sec)

Query OK, 0 rows affected (0.03 sec)

Query OK, 273514 rows affected (6 min 48.02 sec)
Records: 273514  Duplicates: 0  Warnings: 0

Query OK, 0 rows affected (0.95 sec)
Records: 0  Duplicates: 0  Warnings: 0

Query OK, 0 rows affected (0.96 sec)
Records: 0  Duplicates: 0  Warnings: 0

Query OK, 0 rows affected (0.99 sec)
Records: 0  Duplicates: 0  Warnings: 0

Query OK, 0 rows affected (0.01 sec)

Query OK, 229 rows affected (0.41 sec)
Records: 229  Duplicates: 0  Warnings: 0

Query OK, 0 rows affected (0.01 sec)

Query OK, 2601 rows affected (0.52 sec)
Records: 2601  Duplicates: 0  Warnings: 0

Query OK, 0 rows affected (0.01 sec)

Query OK, 26911 rows affected (0.52 sec)
Records: 26911  Duplicates: 0  Warnings: 0

Query OK, 0 rows affected (0.01 sec)

Query OK, 17018 rows affected (0.35 sec)
Records: 17018  Duplicates: 0  Warnings: 0

Query OK, 0 rows affected (0.01 sec)

Query OK, 17018 rows affected (0.12 sec)
Records: 17018  Duplicates: 0  Warnings: 0

Query OK, 0 rows affected (0.03 sec)

Query OK, 17018 rows affected (1.07 sec)
Records: 17018  Duplicates: 0  Warnings: 0

Query OK, 0 rows affected (0.01 sec)

Query OK, 17018 rows affected (42.63 sec)
Records: 17018  Duplicates: 0  Warnings: 0

+-------------+
| clientstats |
+-------------+
|       17018 |
+-------------+
1 row in set (0.01 sec)

Query OK, 0 rows affected (0.01 sec)

Query OK, 13 rows affected, 1 warning (0.09 sec)
Records: 13  Duplicates: 0  Warnings: 1

+-----------------------+-------------+-------------+----------------+-----------------+
| services              | activecount | allaccounts | uniqueaccounts | uniquecontracts |
+-----------------------+-------------+-------------+----------------+-----------------+
| All                   |         318 |          52 |             52 |             166 |
| Internet & Voice      |         403 |         182 |            182 |             355 |
| Internet Only         |        4320 |        4233 |           4224 |            4272 |
| OTT Only              |           3 |           3 |              3 |               3 |
| TV & Internet         |        9059 |        4080 |           4072 |            8287 |
| TV & Internet & OTT   |        3128 |         810 |            807 |            1677 |
| TV & Internet & Voice |         522 |         156 |            156 |             477 |
| TV & OTT              |         346 |          66 |             65 |              85 |
| TV & Voice            |          75 |          35 |             35 |              71 |
| TV & Voice & OTT      |           3 |           1 |              1 |               2 |
| TV Only               |        9275 |        7247 |           7240 |            7417 |
| Voice Only            |         154 |         153 |            152 |             154 |
| GRAND TOTAL           |       27606 |       17018 |          16930 |           22966 |
+-----------------------+-------------+-------------+----------------+-----------------+
13 rows in set (0.00 sec)

+-------------+-------------+-------------+----------------+-----------------+
| network     | activecount | allaccounts | uniqueaccounts | uniquecontracts |
+-------------+-------------+-------------+----------------+-----------------+
| ADDON       |          20 |          12 |             12 |              16 |
| GPON        |        8971 |        4572 |           4569 |            7079 |
| HFC         |       18614 |       12433 |          12433 |           15870 |
| MOBILE TV   |           1 |           1 |              1 |               1 |
| GRAND TOTAL |       27606 |       17018 |          16930 |           22966 |
+-------------+-------------+-------------+----------------+-----------------+
5 rows in set, 1 warning (0.11 sec)

+-------------+-----------------------+-------------+-------------+----------------+-----------------+
| network     | services              | activecount | allaccounts | uniqueaccounts | uniquecontracts |
+-------------+-----------------------+-------------+-------------+----------------+-----------------+
| ADDON       | OTT Only              |           2 |           2 |              2 |               2 |
| ADDON       | TV & OTT              |          10 |           2 |              2 |               6 |
| ADDON       | TV Only               |           8 |           8 |              8 |               8 |
| ADDON       | Services Total        |          20 |          12 |             12 |              16 |
| GPON        | All                   |         175 |          28 |             28 |              89 |
| GPON        | Internet & Voice      |          74 |          30 |             30 |              62 |
| GPON        | Internet Only         |        1141 |        1073 |           1073 |            1096 |
| GPON        | TV & Internet         |        3707 |        1623 |           1623 |            3329 |
| GPON        | TV & Internet & OTT   |        1738 |         445 |            445 |             928 |
| GPON        | TV & Internet & Voice |         206 |          60 |             60 |             187 |
| GPON        | TV & OTT              |          99 |          28 |             28 |              32 |
| GPON        | TV & Voice            |          37 |          17 |             17 |              34 |
| GPON        | TV Only               |        1781 |        1255 |           1255 |            1309 |
| GPON        | Voice Only            |          13 |          13 |             13 |              13 |
| GPON        | Services Total        |        8971 |        4572 |           4569 |            7079 |
| HFC         | All                   |         143 |          24 |             24 |              77 |
| HFC         | Internet & Voice      |         329 |         152 |            152 |             293 |
| HFC         | Internet Only         |        3179 |        3160 |           3160 |            3176 |
| HFC         | TV & Internet         |        5352 |        2457 |           2457 |            4958 |
| HFC         | TV & Internet & OTT   |        1390 |         365 |            365 |             749 |
| HFC         | TV & Internet & Voice |         316 |          96 |             96 |             290 |
| HFC         | TV & OTT              |         237 |          36 |             36 |              47 |
| HFC         | TV & Voice            |          38 |          18 |             18 |              37 |
| HFC         | TV & Voice & OTT      |           3 |           1 |              1 |               2 |
| HFC         | TV Only               |        7486 |        5984 |           5984 |            6100 |
| HFC         | Voice Only            |         141 |         140 |            140 |             141 |
| HFC         | Services Total        |       18614 |       12433 |          12433 |           15870 |
| MOBILE TV   | OTT Only              |           1 |           1 |              1 |               1 |
| MOBILE TV   | Services Total        |           1 |           1 |              1 |               1 |
| GRAND TOTAL | Services Total        |       27606 |       17018 |          16930 |           22966 |
+-------------+-----------------------+-------------+-------------+----------------+-----------------+
30 rows in set, 2 warnings (0.12 sec)

Query OK, 0 rows affected (0.01 sec)

Query OK, 47 rows affected, 3 warnings (0.17 sec)
Records: 47  Duplicates: 0  Warnings: 3

+-------------+---------------+-----------------------+-------------+-------------+----------------+-----------------+
| region      | network       | services              | activecount | allaccounts | uniqueaccounts | uniquecontracts |
+-------------+---------------+-----------------------+-------------+-------------+----------------+-----------------+
| Mahe        | ADDON         | OTT Only              |           2 |           2 |              2 |               2 |
| Mahe        | ADDON         | TV & OTT              |          10 |           2 |              2 |               6 |
| Mahe        | ADDON         | TV Only               |           4 |           4 |              4 |               4 |
| Mahe        | ADDON         | Services Total        |          16 |           8 |              8 |              12 |
| Mahe        | GPON          | All                   |         149 |          24 |             24 |              77 |
| Mahe        | GPON          | Internet & Voice      |          64 |          25 |             25 |              52 |
| Mahe        | GPON          | Internet Only         |         918 |         850 |            850 |             873 |
| Mahe        | GPON          | TV & Internet         |        2884 |        1256 |           1256 |            2578 |
| Mahe        | GPON          | TV & Internet & OTT   |        1321 |         328 |            328 |             687 |
| Mahe        | GPON          | TV & Internet & Voice |         192 |          56 |             56 |             173 |
| Mahe        | GPON          | TV & OTT              |          86 |          22 |             22 |              25 |
| Mahe        | GPON          | TV & Voice            |          37 |          17 |             17 |              34 |
| Mahe        | GPON          | TV Only               |        1440 |         984 |            984 |            1031 |
| Mahe        | GPON          | Voice Only            |          12 |          12 |             12 |              12 |
| Mahe        | GPON          | Services Total        |        7103 |        3574 |           3574 |            5542 |
| Mahe        | HFC           | All                   |         143 |          24 |             24 |              77 |
| Mahe        | HFC           | Internet & Voice      |         329 |         152 |            152 |             293 |
| Mahe        | HFC           | Internet Only         |        3178 |        3159 |           3159 |            3175 |
| Mahe        | HFC           | TV & Internet         |        5352 |        2457 |           2457 |            4958 |
| Mahe        | HFC           | TV & Internet & OTT   |        1390 |         365 |            365 |             749 |
| Mahe        | HFC           | TV & Internet & Voice |         316 |          96 |             96 |             290 |
| Mahe        | HFC           | TV & OTT              |         237 |          36 |             36 |              47 |
| Mahe        | HFC           | TV & Voice            |          38 |          18 |             18 |              37 |
| Mahe        | HFC           | TV & Voice & OTT      |           3 |           1 |              1 |               2 |
| Mahe        | HFC           | TV Only               |        7481 |        5981 |           5981 |            6097 |
| Mahe        | HFC           | Voice Only            |         141 |         140 |            140 |             141 |
| Mahe        | HFC           | Services Total        |       18608 |       12429 |          12429 |           15866 |
| Mahe        | MOBILE TV     | OTT Only              |           1 |           1 |              1 |               1 |
| Mahe        | MOBILE TV     | Services Total        |           1 |           1 |              1 |               1 |
| Mahe        | Network Total | Services Total        |       25728 |       16012 |          15930 |           21421 |
| Praslin     | ADDON         | TV Only               |           4 |           4 |              4 |               4 |
| Praslin     | ADDON         | Services Total        |           4 |           4 |              4 |               4 |
| Praslin     | GPON          | All                   |          26 |           4 |              4 |              12 |
| Praslin     | GPON          | Internet & Voice      |          10 |           5 |              5 |              10 |
| Praslin     | GPON          | Internet Only         |         223 |         223 |            223 |             223 |
| Praslin     | GPON          | TV & Internet         |         823 |         367 |            367 |             751 |
| Praslin     | GPON          | TV & Internet & OTT   |         417 |         117 |            117 |             241 |
| Praslin     | GPON          | TV & Internet & Voice |          14 |           4 |              4 |              14 |
| Praslin     | GPON          | TV & OTT              |          13 |           6 |              6 |               7 |
| Praslin     | GPON          | TV Only               |         341 |         271 |            271 |             278 |
| Praslin     | GPON          | Voice Only            |           1 |           1 |              1 |               1 |
| Praslin     | GPON          | Services Total        |        1868 |         998 |            998 |            1537 |
| Praslin     | HFC           | Internet Only         |           1 |           1 |              1 |               1 |
| Praslin     | HFC           | TV Only               |           5 |           3 |              3 |               3 |
| Praslin     | HFC           | Services Total        |           6 |           4 |              4 |               4 |
| Praslin     | Network Total | Services Total        |        1878 |        1006 |           1003 |            1545 |
| GRAND TOTAL | Network Total | Services Total        |       27606 |       17018 |          16930 |           22966 |
+-------------+---------------+-----------------------+-------------+-------------+----------------+-----------------+
47 rows in set (0.00 sec)

Query OK, 0 rows affected (0.01 sec)

Query OK, 26912 rows affected (0.39 sec)
Records: 26912  Duplicates: 0  Warnings: 0

Query OK, 0 rows affected (0.01 sec)

Query OK, 2090 rows affected (1.36 sec)
Records: 2090  Duplicates: 0  Warnings: 0

+--------------------------------------+
| message                              |
+--------------------------------------+
| running rcbill_my.sp_ActiveNumber2() |
+--------------------------------------+
1 row in set (0.00 sec)

Query OK, 365 rows affected (1 min 41.89 sec)

mysql> mysql \. C:\workspace\cloud\code\sql\_DailyScript\currenttime.sql
+---------------------+
| currenttime         |
+---------------------+
| 2020-08-02 15:42:48 |
+---------------------+
1 row in set (0.00 sec)

mysql> 
mysql> mysql \. C:\workspace\cloud\code\sql\_DailyScript\GetActiveNumbers Average -Pivot.sql
Database changed
+-------------------------------------+
| @today := subdate(current_date(),1) |
+-------------------------------------+
| 2020-08-01                          |
+-------------------------------------+
1 row in set (0.00 sec)

+-------------------------------------+
| @lastdayofmonth := last_day(@today) |
+-------------------------------------+
| 2020-08-31                          |
+-------------------------------------+
1 row in set (0.00 sec)

Query OK, 0 rows affected (0.01 sec)

Query OK, 40955 rows affected, 65535 warnings (48.79 sec)
Records: 40955  Duplicates: 0  Warnings: 83324

Query OK, 0 rows affected (0.09 sec)
Records: 0  Duplicates: 0  Warnings: 0

Query OK, 0 rows affected (0.11 sec)
Records: 0  Duplicates: 0  Warnings: 0

Query OK, 0 rows affected (0.09 sec)
Records: 0  Duplicates: 0  Warnings: 0

+-----------------+
| activenumberavg |
+-----------------+
|           40955 |
+-----------------+
1 row in set (0.01 sec)

Query OK, 0 rows affected (0.01 sec)

Query OK, 1892 rows affected (0.47 sec)
Records: 1892  Duplicates: 0  Warnings: 0

+---------------------+
| rep_activenumberavg |
+---------------------+
|                1892 |
+---------------------+
1 row in set (0.00 sec)

+----------------------+
| rep_activenumberavg1 |
+----------------------+
|                  883 |
+----------------------+
1 row in set (0.00 sec)

Query OK, 0 rows affected (0.01 sec)

Query OK, 2131 rows affected (0.37 sec)
Records: 2131  Duplicates: 0  Warnings: 0

Query OK, 0 rows affected (0.01 sec)

Query OK, 10901 rows affected (0.66 sec)
Records: 10901  Duplicates: 0  Warnings: 0

Query OK, 0 rows affected (0.00 sec)

Query OK, 0 rows affected (0.00 sec)

Query OK, 0 rows affected (0.01 sec)

Query OK, 0 rows affected (0.00 sec)

Query OK, 0 rows affected (0.00 sec)
Statement prepared

Query OK, 53 rows affected (0.05 sec)
Records: 53  Duplicates: 0  Warnings: 0

Query OK, 0 rows affected (0.00 sec)

Query OK, 0 rows affected (0.00 sec)

+----------------------+
| rep_activenumberavg2 |
+----------------------+
|                 2131 |
+----------------------+
1 row in set (0.00 sec)

+------------------------+
| rep_activenumberavg_pv |
+------------------------+
|                     53 |
+------------------------+
1 row in set (0.00 sec)

Query OK, 0 rows affected (0.01 sec)

Query OK, 2131 rows affected (0.31 sec)
Records: 2131  Duplicates: 0  Warnings: 0

Query OK, 0 rows affected (0.00 sec)

Query OK, 0 rows affected (0.01 sec)

Query OK, 0 rows affected (0.01 sec)

Query OK, 0 rows affected (0.00 sec)

Query OK, 0 rows affected (0.00 sec)
Statement prepared

Query OK, 53 rows affected (0.04 sec)
Records: 53  Duplicates: 0  Warnings: 0

Query OK, 0 rows affected (0.00 sec)

Query OK, 0 rows affected (0.00 sec)

+-------------------------+
| rep_activenumberavgMahe |
+-------------------------+
|                    2131 |
+-------------------------+
1 row in set (0.00 sec)

+----------------------------+
| rep_activenumberavgMahe_pv |
+----------------------------+
|                         53 |
+----------------------------+
1 row in set (0.00 sec)

Query OK, 0 rows affected (0.01 sec)

Query OK, 1361 rows affected (0.14 sec)
Records: 1361  Duplicates: 0  Warnings: 0

Query OK, 0 rows affected (0.00 sec)

Query OK, 0 rows affected (0.00 sec)

Query OK, 0 rows affected (0.01 sec)

Query OK, 0 rows affected (0.00 sec)

Query OK, 0 rows affected (0.00 sec)
Statement prepared

Query OK, 40 rows affected (0.03 sec)
Records: 40  Duplicates: 0  Warnings: 0

Query OK, 0 rows affected (0.00 sec)

Query OK, 0 rows affected (0.00 sec)

+----------------------------+
| rep_activenumberavgPraslin |
+----------------------------+
|                       1361 |
+----------------------------+
1 row in set (0.00 sec)

+-------------------------------+
| rep_activenumberavgPraslin_pv |
+-------------------------------+
|                            40 |
+-------------------------------+
1 row in set (0.00 sec)

mysql> mysql \. C:\workspace\cloud\code\sql\_DailyScript\currenttime.sql
+---------------------+
| currenttime         |
+---------------------+
| 2020-08-02 15:43:40 |
+---------------------+
1 row in set (0.00 sec)

mysql> 
mysql> mysql \. C:\workspace\cloud\code\sql\_DailyScript\budget_actual_analysis_2020.sql
Query OK, 0 rows affected (0.01 sec)

Query OK, 882 rows affected, 3 warnings (0.18 sec)
Records: 882  Duplicates: 0  Warnings: 3

+--------------------+
| budget_actual_2020 |
+--------------------+
|                882 |
+--------------------+
1 row in set (0.00 sec)

Query OK, 0 rows affected (0.01 sec)

Query OK, 48 rows affected (0.04 sec)
Records: 48  Duplicates: 0  Warnings: 0

+---------------------------+
| rep_budget_actual_2020_pv |
+---------------------------+
|                        48 |
+---------------------------+
1 row in set (0.00 sec)

mysql> mysql \. C:\workspace\cloud\code\sql\_DailyScript\currenttime.sql
+---------------------+
| currenttime         |
+---------------------+
| 2020-08-02 15:43:40 |
+---------------------+
1 row in set (0.00 sec)

mysql> 
mysql> mysql \. C:\workspace\cloud\code\sql\_DailyScript\reports-sales-addons-prepaid-camera.sql
Database changed
Query OK, 0 rows affected (0.01 sec)

Query OK, 4124 rows affected (0.20 sec)
Records: 4124  Duplicates: 0  Warnings: 0

Query OK, 0 rows affected (0.01 sec)

Query OK, 20265 rows affected (14.62 sec)
Records: 20265  Duplicates: 0  Warnings: 0

+--------------------+
| rep_prepaid_camera |
+--------------------+
|               4124 |
+--------------------+
1 row in set (0.01 sec)

+-----------+
| rep_addon |
+-----------+
|     20265 |
+-----------+
1 row in set (0.01 sec)

mysql> mysql \. C:\workspace\cloud\code\sql\_DailyScript\currenttime.sql
+---------------------+
| currenttime         |
+---------------------+
| 2020-08-02 15:43:55 |
+---------------------+
1 row in set (0.00 sec)

mysql> 
mysql> mysql \. C:\workspace\cloud\code\sql\_DailyScript\housing-estate-analysis.sql
Database changed
Query OK, 0 rows affected (0.01 sec)

Query OK, 3185 rows affected (13.01 sec)
Records: 3185  Duplicates: 0  Warnings: 0

+--------------------+
| rep_housingestates |
+--------------------+
|               3185 |
+--------------------+
1 row in set (0.00 sec)

mysql> mysql \. C:\workspace\cloud\code\sql\_DailyScript\currenttime.sql
+---------------------+
| currenttime         |
+---------------------+
| 2020-08-02 15:44:08 |
+---------------------+
1 row in set (0.00 sec)

mysql> 
mysql> mysql \. C:\workspace\cloud\code\sql\_DailyScript\RCB_ClientAnalyticsReport_Script.sql
Database changed
Query OK, 0 rows affected (0.00 sec)

Query OK, 0 rows affected (0.06 sec)

Query OK, 1923660 rows affected (1 min 9.61 sec)
Records: 1923660  Duplicates: 0  Warnings: 0

Query OK, 0 rows affected (5.54 sec)
Records: 0  Duplicates: 0  Warnings: 0

Query OK, 0 rows affected (4.63 sec)
Records: 0  Duplicates: 0  Warnings: 0

Query OK, 0 rows affected (7.49 sec)
Records: 0  Duplicates: 0  Warnings: 0

Query OK, 0 rows affected (7.82 sec)
Records: 0  Duplicates: 0  Warnings: 0

Query OK, 0 rows affected (8.67 sec)
Records: 0  Duplicates: 0  Warnings: 0

Query OK, 0 rows affected (6.80 sec)
Records: 0  Duplicates: 0  Warnings: 0

Query OK, 0 rows affected (0.00 sec)

Query OK, 486165 rows affected (15.17 sec)
Rows matched: 1923660  Changed: 486165  Warnings: 0

Query OK, 0 rows affected (0.01 sec)

Query OK, 27905 rows affected (4.03 sec)
Records: 27905  Duplicates: 0  Warnings: 0

Query OK, 0 rows affected (0.01 sec)

Query OK, 43817 rows affected (10 min 7.51 sec)
Records: 43817  Duplicates: 0  Warnings: 0

Query OK, 0 rows affected (0.17 sec)
Records: 0  Duplicates: 0  Warnings: 0

Query OK, 0 rows affected (0.14 sec)
Records: 0  Duplicates: 0  Warnings: 0

Query OK, 0 rows affected (0.08 sec)
Records: 0  Duplicates: 0  Warnings: 0

Query OK, 0 rows affected (0.02 sec)

Query OK, 454241 rows affected (12 min 21.81 sec)
Records: 454241  Duplicates: 0  Warnings: 0

Query OK, 0 rows affected (1.45 sec)
Records: 0  Duplicates: 0  Warnings: 0

Query OK, 0 rows affected (1.46 sec)
Records: 0  Duplicates: 0  Warnings: 0

Query OK, 0 rows affected (0.80 sec)
Records: 0  Duplicates: 0  Warnings: 0

Query OK, 0 rows affected (1.78 sec)
Records: 0  Duplicates: 0  Warnings: 0

Query OK, 0 rows affected (1.01 sec)
Records: 0  Duplicates: 0  Warnings: 0

Query OK, 0 rows affected (0.01 sec)

Query OK, 43817 rows affected (1 min 20.48 sec)
Records: 43817  Duplicates: 0  Warnings: 0

+--------------+
| clientreport |
+--------------+
|        43817 |
+--------------+
1 row in set (0.02 sec)

Query OK, 0 rows affected (0.02 sec)

Query OK, 43817 rows affected (5.65 sec)
Records: 43817  Duplicates: 0  Warnings: 0

+----------------------+
| clientextendedreport |
+----------------------+
|                43817 |
+----------------------+
1 row in set (0.01 sec)

Query OK, 0 rows affected (0.02 sec)

Query OK, 43817 rows affected (53.53 sec)
Records: 43817  Duplicates: 0  Warnings: 0

+---------+
| allcust |
+---------+
|   43817 |
+---------+
1 row in set (0.01 sec)

Query OK, 0 rows affected, 1 warning (0.00 sec)

Query OK, 5000 rows affected (0.13 sec)
Records: 5000  Duplicates: 0  Warnings: 0

Query OK, 0 rows affected (0.01 sec)

Query OK, 6880 rows affected (0.28 sec)
Records: 6880  Duplicates: 0  Warnings: 0

Query OK, 0 rows affected, 1 warning (0.00 sec)

Query OK, 5000 rows affected (0.13 sec)
Records: 5000  Duplicates: 0  Warnings: 0

Query OK, 0 rows affected (0.01 sec)

Query OK, 7291 rows affected (0.17 sec)
Records: 7291  Duplicates: 0  Warnings: 0

mysql> mysql \. C:\workspace\cloud\code\sql\_DailyScript\currenttime.sql
+---------------------+
| currenttime         |
+---------------------+
| 2020-08-02 16:11:14 |
+---------------------+
1 row in set (0.00 sec)

mysql> 
mysql> 
mysql> mysql \. C:\workspace\cloud\code\sql\_DailyScript\REVENUE_PER_NODE_MXK.sql
Query OK, 0 rows affected (0.01 sec)

Query OK, 0 rows affected (0.01 sec)

Query OK, 0 rows affected (0.01 sec)

Query OK, 6346 rows affected (1.94 sec)
Records: 6346  Duplicates: 0  Warnings: 0

+----------------------+
| message              |
+----------------------+
| created temp table a |
+----------------------+
1 row in set (0.00 sec)

Query OK, 6786 rows affected (0.95 sec)
Records: 6786  Duplicates: 0  Warnings: 0

+----------------------+
| message              |
+----------------------+
| created temp table b |
+----------------------+
1 row in set (0.00 sec)

Query OK, 0 rows affected, 1 warning (0.00 sec)

Query OK, 6655 rows affected (14.13 sec)
Records: 6655  Duplicates: 0  Warnings: 0

+--------------------------------+
| message                        |
+--------------------------------+
| created rcbill_my.tempcustmxk1 |
+--------------------------------+
1 row in set (0.00 sec)

Query OK, 0 rows affected (0.01 sec)

Query OK, 0 rows affected (0.00 sec)

Query OK, 0 rows affected, 1 warning (0.00 sec)

Query OK, 6346 rows affected (1.34 sec)
Records: 6346  Duplicates: 0  Warnings: 0

+----------------+
| message        |
+----------------+
| created temp a |
+----------------+
1 row in set (0.00 sec)

Query OK, 6786 rows affected (0.81 sec)
Records: 6786  Duplicates: 0  Warnings: 0

+----------------+
| message        |
+----------------+
| created temp b |
+----------------+
1 row in set (0.00 sec)

Query OK, 0 rows affected, 1 warning (0.00 sec)

Query OK, 6883 rows affected (8.92 sec)
Records: 6883  Duplicates: 0  Warnings: 0

+--------------------------------+
| message                        |
+--------------------------------+
| created rcbill_my.tempcustmxk2 |
+--------------------------------+
1 row in set (0.00 sec)

Query OK, 0 rows affected (0.01 sec)

Query OK, 0 rows affected (0.01 sec)

Query OK, 0 rows affected, 1 warning (0.00 sec)

Query OK, 0 rows affected (0.01 sec)

Query OK, 7493 rows affected (0.32 sec)
Records: 7493  Duplicates: 0  Warnings: 0

+---------------------------------+
| message                         |
+---------------------------------+
| created rcbill_my.customers_mxk |
+---------------------------------+
1 row in set (0.00 sec)

Query OK, 0 rows affected (0.00 sec)

Query OK, 0 rows affected (0.00 sec)

Query OK, 14168 rows affected (5.23 sec)
Records: 14168  Duplicates: 0  Warnings: 0

+----------------+
| message        |
+----------------+
| created temp a |
+----------------+
1 row in set (0.00 sec)

Query OK, 19587 rows affected (1.59 sec)
Records: 19587  Duplicates: 0  Warnings: 0

+----------------+
| message        |
+----------------+
| created temp c |
+----------------+
1 row in set (0.00 sec)

Query OK, 0 rows affected, 1 warning (0.00 sec)

Query OK, 27379 rows affected (0.27 sec)
Records: 27379  Duplicates: 0  Warnings: 0

+---------------------------------+
| message                         |
+---------------------------------+
| created rcbill_my.tempcustcmts1 |
+---------------------------------+
1 row in set (0.00 sec)

Query OK, 0 rows affected (0.01 sec)

Query OK, 0 rows affected, 1 warning (0.00 sec)

Query OK, 0 rows affected (0.01 sec)

Query OK, 14168 rows affected (5.25 sec)
Records: 14168  Duplicates: 0  Warnings: 0

+----------------+
| message        |
+----------------+
| created temp a |
+----------------+
1 row in set (0.00 sec)

Query OK, 19587 rows affected (1.50 sec)
Records: 19587  Duplicates: 0  Warnings: 0

+----------------+
| message        |
+----------------+
| created temp c |
+----------------+
1 row in set (0.00 sec)

Query OK, 0 rows affected, 1 warning (0.00 sec)

Query OK, 20294 rows affected (0.31 sec)
Records: 20294  Duplicates: 0  Warnings: 0

+---------------------------------+
| message                         |
+---------------------------------+
| created rcbill_my.tempcustcmts2 |
+---------------------------------+
1 row in set (0.00 sec)

Query OK, 0 rows affected (0.01 sec)

Query OK, 0 rows affected, 1 warning (0.00 sec)

Query OK, 0 rows affected (0.01 sec)

Query OK, 0 rows affected (0.01 sec)

Query OK, 14231 rows affected (0.94 sec)
Records: 14231  Duplicates: 0  Warnings: 0

+----------------------------------+
| message                          |
+----------------------------------+
| created rcbill_my.customers_cmts |
+----------------------------------+
1 row in set (0.00 sec)

Query OK, 0 rows affected (0.01 sec)

Query OK, 0 rows affected (0.01 sec)

Query OK, 0 rows affected (0.01 sec)

Query OK, 18561 rows affected (0.74 sec)
Records: 18561  Duplicates: 0  Warnings: 0

+--------------------------------------+
| message                              |
+--------------------------------------+
| created rcbill_my.customers_cmts_mxk |
+--------------------------------------+
1 row in set (0.00 sec)

Query OK, 481378 rows affected (56.73 sec)
Records: 481378  Duplicates: 0  Warnings: 0

+----------------+
| message        |
+----------------+
| created temp a |
+----------------+
1 row in set (0.00 sec)

Query OK, 0 rows affected (0.02 sec)

Query OK, 482121 rows affected (10.80 sec)
Records: 482121  Duplicates: 0  Warnings: 0

+------------------------------------------------+
| message                                        |
+------------------------------------------------+
| created rcbill_my.customers_contracts_cmts_mxk |
+------------------------------------------------+
1 row in set (0.00 sec)

Query OK, 0 rows affected (0.01 sec)

Query OK, 0 rows affected, 1 warning (0.00 sec)

Query OK, 0 rows affected, 1 warning (0.00 sec)

Query OK, 0 rows affected (0.00 sec)

Query OK, 8592 rows affected (2.65 sec)
Rows matched: 8592  Changed: 8592  Warnings: 0

+------------------------------------------------+
| message                                        |
+------------------------------------------------+
| updated rcbill_my.customers_contracts_cmts_mxk |
+------------------------------------------------+
1 row in set (0.00 sec)

Query OK, 0 rows affected (0.04 sec)

Query OK, 1927110 rows affected (3 min 31.31 sec)
Records: 1927110  Duplicates: 0  Warnings: 0

+----------------------------------------+
| message                                |
+----------------------------------------+
| created rcbill_my.customers_collection |
+----------------------------------------+
1 row in set (0.00 sec)

Query OK, 0 rows affected (0.07 sec)

Query OK, 2225463 rows affected (1 min 43.94 sec)
Records: 2225463  Duplicates: 0  Warnings: 0

+------------------------------------------------+
| message                                        |
+------------------------------------------------+
| created rcbill_my.customers_cmts_mxk_cont_coll |
+------------------------------------------------+
1 row in set (0.00 sec)

Query OK, 0 rows affected (0.02 sec)

Query OK, 440212 rows affected (2 min 6.93 sec)
Records: 440212  Duplicates: 0  Warnings: 0

+--------------------------------------------------------+
| message                                                |
+--------------------------------------------------------+
| created rcbill_my.customers_contracts_collection_pivot |
+--------------------------------------------------------+
1 row in set (0.00 sec)

Query OK, 0 rows affected (0.02 sec)

Query OK, 39889 rows affected (2 min 16.23 sec)
Records: 39889  Duplicates: 0  Warnings: 0

+----------------------------------------------+
| message                                      |
+----------------------------------------------+
| created rcbill_my.customers_collection_pivot |
+----------------------------------------------+
1 row in set (0.00 sec)

Query OK, 0 rows affected (0.01 sec)

Query OK, 43817 rows affected (2.06 sec)
Records: 43817  Duplicates: 0  Warnings: 0

+--------------------------------------------+
| message                                    |
+--------------------------------------------+
| created rcbill_my.rep_customers_collection |
+--------------------------------------------+
1 row in set (0.00 sec)

Query OK, 0 rows affected (0.00 sec)

Query OK, 0 rows affected, 1 warning (0.00 sec)

Query OK, 448011 rows affected (13.46 sec)
Records: 448011  Duplicates: 0  Warnings: 0

+-------------------------+
| message                 |
+-------------------------+
| created rcbill_my.tempa |
+-------------------------+
1 row in set (0.00 sec)

Query OK, 0 rows affected, 1 warning (0.00 sec)

Query OK, 440212 rows affected (18.35 sec)
Records: 440212  Duplicates: 0  Warnings: 0

+-------------------------+
| message                 |
+-------------------------+
| created rcbill_my.tempb |
+-------------------------+
1 row in set (0.00 sec)

Query OK, 448011 rows affected (19.89 sec)
Records: 448011  Duplicates: 0  Warnings: 0

+-----------+
| message   |
+-----------+
| created a |
+-----------+
1 row in set (0.00 sec)

Query OK, 440224 rows affected (21.48 sec)
Records: 440224  Duplicates: 0  Warnings: 0

+-----------+
| message   |
+-----------+
| created b |
+-----------+
1 row in set (0.00 sec)

Query OK, 0 rows affected (0.02 sec)

Query OK, 0 rows affected (0.02 sec)

Query OK, 0 rows affected (0.03 sec)

Query OK, 484439 rows affected (52.60 sec)
Records: 484439  Duplicates: 0  Warnings: 0

+----------------------------------------------+
| message                                      |
+----------------------------------------------+
| created rcbill_my.cust_cont_payment_cmts_mxk |
+----------------------------------------------+
1 row in set (0.01 sec)

Query OK, 0 rows affected (0.02 sec)

Query OK, 0 rows affected (0.01 sec)

Query OK, 0 rows affected, 1 warning (0.00 sec)

Query OK, 0 rows affected (0.01 sec)

Query OK, 43817 rows affected (17.00 sec)
Records: 43817  Duplicates: 0  Warnings: 0

+--------------------------------------------------+
| message                                          |
+--------------------------------------------------+
| created rcbill_my.rep_cust_cont_payment_cmts_mxk |
+--------------------------------------------------+
1 row in set (0.00 sec)

Query OK, 0 rows affected, 1 warning (0.00 sec)

Query OK, 0 rows affected, 1 warning (0.00 sec)

Query OK, 0 rows affected (0.02 sec)

Query OK, 43817 rows affected, 5 warnings (7.67 sec)
Records: 43817  Duplicates: 0  Warnings: 5

+----------------------+
| rep_custconsolidated |
+----------------------+
|                43817 |
+----------------------+
1 row in set (0.50 sec)

Query OK, 0 rows affected (0.01 sec)

+------------------------------------+
| message                            |
+------------------------------------+
| creating rcbill_my.rep_custextract |
+------------------------------------+
1 row in set (0.00 sec)

Query OK, 43817 rows affected (1.13 sec)
Records: 43817  Duplicates: 0  Warnings: 0

+-----------------+
| rep_custextract |
+-----------------+
|           43817 |
+-----------------+
1 row in set (0.01 sec)

Query OK, 0 rows affected (0.00 sec)

Query OK, 0 rows affected (0.01 sec)

+----------------------------------------------+
| message                                      |
+----------------------------------------------+
| creating rcbill_my.retentioncustomeractivity |
+----------------------------------------------+
1 row in set (0.00 sec)

Query OK, 866 rows affected (0.09 sec)
Records: 866  Duplicates: 0  Warnings: 0

+---------------------------+
| retentioncustomeractivity |
+---------------------------+
|                       866 |
+---------------------------+
1 row in set (0.00 sec)

+-----------+------------------------------------+------------+-------------+-----------------+------------------+---------------------+-------------------+
| HFC_NODE  | NODENAME                           | CMTS_DATE  | INSERTED_ON | UNIQUE_ACCOUNTS | UNIQUE_CONTRACTS | UNIQUE_MAC_INRCBOSS | UNIQUE_MAC_INCMTS |
+-----------+------------------------------------+------------+-------------+-----------------+------------------+---------------------+-------------------+
| NULL      | NULL                               | NULL       | 2020-08-02  |            6644 |             7002 |                7045 |                 0 |
| C5/0/0/U0 | ANSE-BOILEAU-2                     | 2020-07-27 | 2020-08-02  |             188 |              192 |                 188 |               188 |
| C5/0/0/U1 | 500-C3-ANSE-BOILEAU                | 2020-07-27 | 2020-08-02  |             190 |              194 |                 190 |               191 |
| C5/0/1/U0 | 501-C4-LA-MISIERE-LEFT-I           | 2020-07-27 | 2020-08-02  |             161 |              167 |                 161 |               161 |
| C5/0/1/U1 | 501-C5-LA-MISIERE-RIGHT            | 2020-07-27 | 2020-08-02  |             110 |              113 |                 111 |               115 |
| C5/0/1/U2 | 501-C7-LA-MISIERE-LEFT-II          | 2020-07-27 | 2020-08-02  |             159 |              162 |                 159 |               161 |
| C5/0/2/U0 | 502-C8-LA-LOUISE                   | 2020-07-27 | 2020-08-02  |             149 |              149 |                 149 |               151 |
| C5/0/2/U1 | LA-LOUISE-2                        | 2020-07-27 | 2020-08-02  |             145 |              147 |                 145 |               146 |
| C5/0/3/U0 | 504-C6-PETIT-PARIS                 | 2020-07-27 | 2020-08-02  |             162 |              165 |                 162 |               163 |
| C5/0/3/U1 | PETIT-PARIS-23                     | 2020-07-27 | 2020-08-02  |              80 |               82 |                  80 |                80 |
| C5/0/4/U0 | FOUR-SEASONS                       | 2020-07-27 | 2020-08-02  |               4 |                4 |                   4 |                 4 |
| C5/0/4/U1 | ANCHOR-CAFE-I                      | 2020-07-27 | 2020-08-02  |             148 |              152 |                 148 |               149 |
| C5/0/4/U2 | ANCHOR-CAFE-II                     | 2020-07-27 | 2020-08-02  |             155 |              156 |                 155 |               158 |
| C5/1/0/U0 | POINTE-LARUE-AIRPORT-23            | 2020-07-27 | 2020-08-02  |             102 |              105 |                 103 |               109 |
| C5/1/0/U1 | PPROVIDENCE-23                     | 2020-07-27 | 2020-08-02  |              20 |               22 |                  20 |                20 |
| C5/1/0/U2 | ROSHE-CAIMAN-23                    | 2020-07-27 | 2020-08-02  |              10 |               10 |                  10 |                10 |
| C5/1/0/U3 | HEAD-OFFICE | HO-23                | 2020-07-27 | 2020-08-02  |              21 |               21 |                  21 |                23 |
| C5/1/1/U1 | C5-UNION-VALE                      | 2020-07-27 | 2020-08-02  |             198 |              201 |                 198 |               198 |
| C5/1/3/U0 | POINTE-LARUE-AIRPORT-27            | 2020-07-27 | 2020-08-02  |             152 |              157 |                 152 |               153 |
| C5/1/3/U1 | PPROVIDENCE-27                     | 2020-07-27 | 2020-08-02  |              24 |               24 |                  24 |                24 |
| C5/1/3/U2 | ROSHE-CAIMAN-27                    | 2020-07-27 | 2020-08-02  |              30 |               31 |                  30 |                30 |
| C5/1/3/U3 | HEAD-OFFICE | HO-27                | 2020-07-27 | 2020-08-02  |              19 |               20 |                  19 |                19 |
| C5/1/4/U0 | ANSE-ROYALE-27                     | 2020-07-27 | 2020-08-02  |             101 |              103 |                 101 |               102 |
| C5/1/4/U1 | GLACIS-2-57                        | 2020-07-27 | 2020-08-02  |              58 |               63 |                  58 |                60 |
| C5/1/4/U2 | NULL                               | 2020-07-27 | 2020-08-02  |             104 |              106 |                 104 |               104 |
| C5/1/4/U3 | GLACIS-1                           | 2020-07-27 | 2020-08-02  |              48 |               50 |                  48 |                48 |
| C6/0/1/U0 | SERRET-ROAD-RIGHT/CURIO/PASCAL     | 2020-07-27 | 2020-08-02  |             134 |              136 |                 134 |               134 |
| C6/0/1/U1 | SERRET-ROAD-LEFT/ST.LOUIS/TOWN     | 2020-07-27 | 2020-08-02  |             110 |              116 |                 111 |               112 |
| C6/0/1/U2 | SERRET-ROAD-RIGHT/CURIO/PASCAL-2   | 2020-07-27 | 2020-08-02  |             125 |              126 |                 125 |               125 |
| C6/0/1/U3 | SERRET-ROAD-LEFT/ST.LOUIS/TOWN-2   | 2020-07-27 | 2020-08-02  |             109 |              113 |                 109 |               109 |
| C6/0/2/U0 | SANS-SOUCIS-I                      | 2020-07-27 | 2020-08-02  |             110 |              112 |                 108 |               110 |
| C6/0/2/U1 | SANS-SOUCIS-II                     | 2020-07-27 | 2020-08-02  |             106 |              109 |                 106 |               107 |
| C6/0/2/U2 | BEL-AIR-27                         | 2020-07-27 | 2020-08-02  |             118 |              125 |                 118 |               121 |
| C6/0/2/U3 | BEL-AIR-38                         | 2020-07-27 | 2020-08-02  |              76 |               77 |                  76 |                76 |
| C6/0/3/U0 | LES-MAMELLES-23                    | 2020-07-27 | 2020-08-02  |              75 |               75 |                  75 |                76 |
| C6/0/3/U1 | VICTORIA-23                        | 2020-07-27 | 2020-08-02  |               9 |                9 |                   9 |                12 |
| C6/0/4/U0 | LES-MAMELLES-27                    | 2020-07-27 | 2020-08-02  |              83 |               83 |                  83 |                83 |
| C6/0/4/U1 | VICTORIA-27                        | 2020-07-27 | 2020-08-02  |              35 |               36 |                  36 |                36 |
| C7/1/0/U0 | LA-RETRAITE-23                     | 2020-07-27 | 2020-08-02  |             101 |              105 |                 102 |               102 |
| C7/1/0/U1 | TEA-FACTORY-23                     | 2020-07-27 | 2020-08-02  |              18 |               21 |                  20 |                22 |
| C7/1/0/U2 | PAS-23                             | 2020-07-27 | 2020-08-02  |              85 |               88 |                  85 |                87 |
| C7/1/1/U0 | REEF-ESTATE-23                     | 2020-07-27 | 2020-08-02  |              83 |               85 |                  83 |                83 |
| C7/1/2/U0 | LA-RETRAITE-27                     | 2020-07-27 | 2020-08-02  |              82 |               84 |                  82 |                84 |
| C7/1/2/U1 | TEA-FACTORY-27                     | 2020-07-27 | 2020-08-02  |              35 |               43 |                  36 |                37 |
| C7/1/2/U2 | PAS-27                             | 2020-07-27 | 2020-08-02  |             108 |              110 |                 108 |               110 |
| C7/1/3/U0 | MT-BUXTON-27                       | 2020-07-27 | 2020-08-02  |             166 |              168 |                 166 |               166 |
| C7/1/3/U1 | MT-BUXTON-23                       | 2020-07-27 | 2020-08-02  |              75 |               78 |                  76 |                76 |
| C7/1/4/U0 | REEF-ESTATE-27                     | 2020-07-27 | 2020-08-02  |              98 |               99 |                  98 |                99 |
| C8/0/0/U0 | POLICE-ACADEMY-1-27 - POINTE LARUE | 2020-07-27 | 2020-08-02  |             219 |              220 |                 219 |               219 |
| C8/0/0/U1 | NULL                               | 2020-07-27 | 2020-08-02  |             100 |              104 |                 100 |               103 |
| C8/0/1/U0 | NULL                               | 2020-07-27 | 2020-08-02  |             196 |              198 |                 195 |               196 |
| C8/0/1/U1 | POLICE-ACADEMY-2-27 - TURTLE BAY   | 2020-07-27 | 2020-08-02  |             158 |              162 |                 159 |               161 |
| C8/0/2/U0 | BEAU-VALLON-LEFT-1-57              | 2020-07-27 | 2020-08-02  |              29 |               29 |                  29 |                29 |
| C8/0/3/U1 | BEAU-VALLON-RIGHT-2-57             | 2020-07-27 | 2020-08-02  |              54 |               58 |                  54 |                54 |
| C8/1/0/U0 | MA-JOIE-NODE-27                    | 2020-07-27 | 2020-08-02  |              96 |               98 |                  96 |                97 |
| C8/1/0/U1 | BELONIE-27                         | 2020-07-27 | 2020-08-02  |             151 |              153 |                 150 |               150 |
| C8/1/0/U3 | MA-JOIE-NODE-23                    | 2020-07-27 | 2020-08-02  |             106 |              107 |                 105 |               105 |
| C8/1/1/U0 | 611-C1-ROJN I                      | 2020-07-27 | 2020-08-02  |             114 |              114 |                 114 |               115 |
| C8/1/1/U1 | 611-C5-ROJN II                     | 2020-07-27 | 2020-08-02  |             135 |              137 |                 135 |               136 |
| C8/1/2/U0 | 612-C2-ANSE-ETOILE                 | 2020-07-27 | 2020-08-02  |             132 |              132 |                 132 |               132 |
| C8/1/2/U1 | ANSE-ETOILE-U2                     | 2020-07-27 | 2020-08-02  |              73 |               75 |                  73 |                73 |
| C8/1/3/U0 | 613-C3-ANSE-GAULETTE I             | 2020-07-27 | 2020-08-02  |              74 |               78 |                  74 |                74 |
| C8/1/3/U1 | 613-C7-ANSE-GAULETTE II            | 2020-07-27 | 2020-08-02  |              69 |               73 |                  69 |                69 |
| C8/1/3/U2 | 613-C3-ANSE-GAULETTE III           | 2020-07-27 | 2020-08-02  |              34 |               37 |                  34 |                35 |
| C8/1/3/U3 | TAKAMAKA I                         | 2020-07-27 | 2020-08-02  |             100 |              103 |                 100 |               101 |
| C8/1/3/U4 | TAKAMAKA II                        | 2020-07-27 | 2020-08-02  |             102 |              104 |                 102 |               102 |
| C8/1/4/U0 | 614-BEOLIERE-NODE-1                | 2020-07-27 | 2020-08-02  |             123 |              130 |                 124 |               126 |
| C8/1/4/U1 | 614-BEOLIERE-NODE-2                | 2020-07-27 | 2020-08-02  |             102 |              102 |                 102 |               104 |
+-----------+------------------------------------+------------+-------------+-----------------+------------------+---------------------+-------------------+
68 rows in set (0.17 sec)

+-----------------------+------------+-------------+-----------------+------------------+----------------------+-------------------+
| MXK_NAME              | MXK_DATE   | INSERTED_ON | UNIQUE_ACCOUNTS | UNIQUE_CONTRACTS | UNIQUE_FSAN_INRCBOSS | UNIQUE_FSAN_INMXK |
+-----------------------+------------+-------------+-----------------+------------------+----------------------+-------------------+
| NULL                  | NULL       | 2020-08-02  |             597 |              607 |                  596 |                 0 |
| MXK-MAHE-ANSEETOILE   | 2020-07-27 | 2020-08-02  |             378 |              382 |                  381 |               398 |
| MXK-MAHE-ANSEROYALE   | 2020-07-27 | 2020-08-02  |             174 |              174 |                  173 |               198 |
| MXK-MAHE-BEAUVALLON-1 | 2020-07-27 | 2020-08-02  |            1810 |             1833 |                 1824 |              1919 |
| MXK-MAHE-BEAUVALLON-2 | 2020-07-27 | 2020-08-02  |              28 |               28 |                   28 |                30 |
| MXK-MAHE-PERSEVERANCE | 2020-07-27 | 2020-08-02  |            1062 |             1073 |                 1073 |              1241 |
| MXK-MAHE-PROVIDENCE   | 2020-07-27 | 2020-08-02  |             987 |             1015 |                  948 |              1192 |
| MXK-PRASLIN-GRANDANSE | 2020-07-27 | 2020-08-02  |            1303 |             1307 |                 1300 |              1514 |
+-----------------------+------------+-------------+-----------------+------------------+----------------------+-------------------+
8 rows in set (0.07 sec)

mysql> mysql \. C:\workspace\cloud\code\sql\_DailyScript\currenttime.sql
+---------------------+
| currenttime         |
+---------------------+
| 2020-08-02 16:25:23 |
+---------------------+
1 row in set (0.00 sec)

mysql> 
mysql> 
mysql> mysql \. C:\workspace\cloud\code\sql\Analysis\service_tickets_assignments.sql
Query OK, 0 rows affected (0.01 sec)

Query OK, 67381 rows affected (10.61 sec)
Records: 67381  Duplicates: 0  Warnings: 0

+-------------------------+
| rep_servicetickets_2020 |
+-------------------------+
|                   67381 |
+-------------------------+
1 row in set (1.89 sec)

mysql> mysql \. C:\workspace\cloud\code\sql\_DailyScript\currenttime.sql
+---------------------+
| currenttime         |
+---------------------+
| 2020-08-02 16:25:35 |
+---------------------+
1 row in set (0.00 sec)

mysql> 
mysql> 
mysql> exit
