    -> 
    -> mysql \. C:\workspace\cloud\code\sql\_DailyScript\_setdates.sql
Database changed
Query OK, 0 rows affected (0.00 sec)

Query OK, 0 rows affected (0.00 sec)

Query OK, 0 rows affected (0.00 sec)

Query OK, 0 rows affected (0.00 sec)

Query OK, 0 rows affected (0.00 sec)

Query OK, 0 rows affected (0.00 sec)

Query OK, 0 rows affected (0.00 sec)

Query OK, 0 rows affected (0.00 sec)

Query OK, 0 rows affected (0.00 sec)

Query OK, 0 rows affected (0.00 sec)

Query OK, 0 rows affected (0.00 sec)

Query OK, 0 rows affected (0.00 sec)

Query OK, 0 rows affected (0.00 sec)

Query OK, 0 rows affected (0.00 sec)

Query OK, 0 rows affected (0.00 sec)

Query OK, 0 rows affected (0.00 sec)

Query OK, 0 rows affected (0.00 sec)

Query OK, 0 rows affected (0.00 sec)

Query OK, 0 rows affected (0.00 sec)

Query OK, 0 rows affected (0.00 sec)

Query OK, 0 rows affected (0.00 sec)

mysql> mysql \. C:\workspace\cloud\code\sql\_DailyScript\currenttime.sql
+---------------------+
| currenttime         |
+---------------------+
| 2020-12-21 08:45:15 |
+---------------------+
1 row in set (0.00 sec)

mysql> 
mysql> mysql \. C:\workspace\cloud\code\sql\_DailyScript\load_RCB_VODTITLES.sql
Database changed
Query OK, 0 rows affected (0.00 sec)

Query OK, 13435 rows affected (0.14 sec)

Query OK, 13437 rows affected, 13437 warnings (0.29 sec)
Records: 13437  Deleted: 0  Skipped: 0  Warnings: 13437

Query OK, 0 rows affected (0.00 sec)

Query OK, 2 rows affected (0.01 sec)

+-----------+
| VODTITLES |
+-----------+
|     13895 |
+-----------+
1 row in set (0.01 sec)

+-----------+-----------+
| titletype | typecount |
+-----------+-----------+
| E         |     11257 |
| N         |       236 |
| T         |      1942 |
| NULL      |     13435 |
+-----------+-----------+
4 rows in set (0.04 sec)

mysql> mysql \. C:\workspace\cloud\code\sql\_DailyScript\currenttime.sql
+---------------------+
| currenttime         |
+---------------------+
| 2020-12-21 08:45:15 |
+---------------------+
1 row in set (0.00 sec)

mysql> 
mysql> mysql \. C:\workspace\cloud\code\sql\_DailyScript\DAILY-SCRIPT-LIVETV-STATS.sql
Database changed
Query OK, 0 rows affected (0.02 sec)

Query OK, 97262 rows affected (1.06 sec)
Records: 97262  Duplicates: 0  Warnings: 0

+------------+------------+----------+--------------+--------------+-----------+-------------+----------+--------+------+------------+---------+---------------+
| Table      | Non_unique | Key_name | Seq_in_index | Column_name  | Collation | Cardinality | Sub_part | Packed | Null | Index_type | Comment | Index_comment |
+------------+------------+----------+--------------+--------------+-----------+-------------+----------+--------+------+------------+---------+---------------+
| templivetv |          1 | idxtv1   |            1 | device       | A         |       97858 |     NULL | NULL   | YES  | BTREE      |         |               |
| templivetv |          1 | idxtv2   |            1 | sessionstart | A         |       97858 |     NULL | NULL   | YES  | BTREE      |         |               |
+------------+------------+----------+--------------+--------------+-----------+-------------+----------+--------+------+------------+---------+---------------+
2 rows in set (0.00 sec)

Query OK, 96919 rows affected (13.86 sec)
Records: 96919  Duplicates: 0  Warnings: 0

Query OK, 2751 rows affected (0.58 sec)
Records: 2751  Duplicates: 0  Warnings: 0

Query OK, 0 rows affected (0.00 sec)

Query OK, 0 rows affected (0.00 sec)

Query OK, 133 rows affected (0.03 sec)
Records: 133  Duplicates: 0  Warnings: 0

Query OK, 0 rows affected (0.01 sec)

Query OK, 47396 rows affected (2 min 20.26 sec)
Records: 47396  Duplicates: 0  Warnings: 0

+-----------------+
| rep_livetvstats |
+-----------------+
|           47396 |
+-----------------+
1 row in set (0.02 sec)

mysql> mysql \. C:\workspace\cloud\code\sql\_DailyScript\currenttime.sql
+---------------------+
| currenttime         |
+---------------------+
| 2020-12-21 08:47:51 |
+---------------------+
1 row in set (0.00 sec)

mysql> 
mysql> mysql \. C:\workspace\cloud\code\sql\_DailyScript\DAILY-SCRIPT-VODTS-STATS.sql
Database changed
Query OK, 0 rows affected (0.01 sec)

Query OK, 4332 rows affected (16.07 sec)
Records: 4332  Duplicates: 0  Warnings: 0

+---------+------------+----------+--------------+--------------+-----------+-------------+----------+--------+------+------------+---------+---------------+
| Table   | Non_unique | Key_name | Seq_in_index | Column_name  | Collation | Cardinality | Sub_part | Packed | Null | Index_type | Comment | Index_comment |
+---------+------------+----------+--------------+--------------+-----------+-------------+----------+--------+------+------------+---------+---------------+
| tempvod |          1 | idxtvod1 |            1 | device       | A         |        4509 |     NULL | NULL   | YES  | BTREE      |         |               |
| tempvod |          1 | idxtvod2 |            1 | sessionstart | A         |        4509 |     NULL | NULL   | YES  | BTREE      |         |               |
+---------+------------+----------+--------------+--------------+-----------+-------------+----------+--------+------+------------+---------+---------------+
2 rows in set (0.00 sec)

Query OK, 4311 rows affected (2.98 sec)
Records: 4311  Duplicates: 0  Warnings: 0

Query OK, 0 rows affected (0.01 sec)

Query OK, 917041 rows affected (1 min 12.71 sec)
Records: 917041  Duplicates: 0  Warnings: 0

+--------------+
| rep_vodstats |
+--------------+
|       917041 |
+--------------+
1 row in set (0.27 sec)

Database changed
Query OK, 0 rows affected (0.01 sec)

Query OK, 18446 rows affected (41.62 sec)
Records: 18446  Duplicates: 0  Warnings: 0

+--------+------------+----------+--------------+--------------+-----------+-------------+----------+--------+------+------------+---------+---------------+
| Table  | Non_unique | Key_name | Seq_in_index | Column_name  | Collation | Cardinality | Sub_part | Packed | Null | Index_type | Comment | Index_comment |
+--------+------------+----------+--------------+--------------+-----------+-------------+----------+--------+------+------------+---------+---------------+
| tempts |          1 | idxtts1  |            1 | device       | A         |       18678 |     NULL | NULL   | YES  | BTREE      |         |               |
| tempts |          1 | idxtts2  |            1 | sessionstart | A         |       18678 |     NULL | NULL   | YES  | BTREE      |         |               |
+--------+------------+----------+--------------+--------------+-----------+-------------+----------+--------+------+------------+---------+---------------+
2 rows in set (0.01 sec)

Query OK, 18226 rows affected (12.82 sec)
Records: 18226  Duplicates: 0  Warnings: 0

Query OK, 0 rows affected (0.01 sec)

Query OK, 42249 rows affected (40.72 sec)
Records: 42249  Duplicates: 0  Warnings: 0

+-------------+
| rep_tsstats |
+-------------+
|       42249 |
+-------------+
1 row in set (0.01 sec)

mysql> mysql \. C:\workspace\cloud\code\sql\_DailyScript\currenttime.sql
+---------------------+
| currenttime         |
+---------------------+
| 2020-12-21 08:50:58 |
+---------------------+
1 row in set (0.00 sec)

mysql> 
mysql> mysql \. C:\workspace\cloud\code\sql\_DailyScript\DAILY-SCRIPT-RADIO-STATS.sql
Database changed
Query OK, 0 rows affected (0.01 sec)

Query OK, 335602 rows affected (3.63 sec)
Records: 335602  Duplicates: 0  Warnings: 0

+-----------+------------+----------+--------------+--------------+-----------+-------------+----------+--------+------+------------+---------+---------------+
| Table     | Non_unique | Key_name | Seq_in_index | Column_name  | Collation | Cardinality | Sub_part | Packed | Null | Index_type | Comment | Index_comment |
+-----------+------------+----------+--------------+--------------+-----------+-------------+----------+--------+------+------------+---------+---------------+
| tempradio |          1 | idxtrad1 |            1 | device       | A         |      332229 |     NULL | NULL   | YES  | BTREE      |         |               |
| tempradio |          1 | idxtrad2 |            1 | sessionstart | A         |      332229 |     NULL | NULL   | YES  | BTREE      |         |               |
+-----------+------------+----------+--------------+--------------+-----------+-------------+----------+--------+------+------------+---------+---------------+
2 rows in set (0.00 sec)

Query OK, 334 rows affected (1.35 sec)
Records: 334  Duplicates: 0  Warnings: 0

Query OK, 0 rows affected (0.01 sec)

Query OK, 5666 rows affected (0.44 sec)
Records: 5666  Duplicates: 0  Warnings: 0

+----------------+
| rep_radiostats |
+----------------+
|           5666 |
+----------------+
1 row in set (0.00 sec)

mysql> mysql \. C:\workspace\cloud\code\sql\_DailyScript\currenttime.sql
+---------------------+
| currenttime         |
+---------------------+
| 2020-12-21 08:51:04 |
+---------------------+
1 row in set (0.00 sec)

mysql> 
mysql> mysql \. C:\workspace\cloud\code\sql\_DailyScript\DAILY_SCRIPT_TELEMETRY_PIVOT_2020.sql
Query OK, 0 rows affected (0.01 sec)

Query OK, 146 rows affected (0.21 sec)
Records: 146  Duplicates: 0  Warnings: 0

Query OK, 0 rows affected (0.01 sec)

Query OK, 11187 rows affected (2.36 sec)
Records: 11187  Duplicates: 0  Warnings: 0

Query OK, 0 rows affected (0.01 sec)

Query OK, 8 rows affected (0.02 sec)
Records: 8  Duplicates: 0  Warnings: 0

Query OK, 0 rows affected (0.01 sec)

Query OK, 47 rows affected (0.08 sec)
Records: 47  Duplicates: 0  Warnings: 0

mysql> mysql \. C:\workspace\cloud\code\sql\_DailyScript\currenttime.sql
+---------------------+
| currenttime         |
+---------------------+
| 2020-12-21 08:51:06 |
+---------------------+
1 row in set (0.00 sec)

mysql> 
mysql> mysql \. C:\workspace\cloud\code\sql\_DailyScript\telemetry_livetv_ranking2020.sql
Query OK, 0 rows affected (0.01 sec)

Query OK, 146 rows affected (0.02 sec)
Records: 146  Duplicates: 0  Warnings: 0

mysql> mysql \. C:\workspace\cloud\code\sql\_DailyScript\currenttime.sql
+---------------------+
| currenttime         |
+---------------------+
| 2020-12-21 08:51:07 |
+---------------------+
1 row in set (0.00 sec)

mysql> 
mysql> mysql \. C:\workspace\cloud\code\sql\_DailyScript\telemetry_radio_ranking2020.sql
Query OK, 0 rows affected (0.01 sec)

Query OK, 8 rows affected (0.03 sec)
Records: 8  Duplicates: 0  Warnings: 0

mysql> mysql \. C:\workspace\cloud\code\sql\_DailyScript\currenttime.sql
+---------------------+
| currenttime         |
+---------------------+
| 2020-12-21 08:51:07 |
+---------------------+
1 row in set (0.00 sec)

mysql> 
mysql> mysql \. C:\workspace\cloud\code\sql\_DailyScript\telemetry_ts_ranking2020.sql
Query OK, 0 rows affected (0.01 sec)

Query OK, 47 rows affected (0.01 sec)
Records: 47  Duplicates: 0  Warnings: 0

mysql> mysql \. C:\workspace\cloud\code\sql\_DailyScript\currenttime.sql
+---------------------+
| currenttime         |
+---------------------+
| 2020-12-21 08:51:07 |
+---------------------+
1 row in set (0.00 sec)

mysql> 
mysql> mysql \. C:\workspace\cloud\code\sql\_DailyScript\telemetry_vod_ranking2020.sql
Query OK, 0 rows affected (0.01 sec)

Query OK, 11187 rows affected (0.50 sec)
Records: 11187  Duplicates: 0  Warnings: 0

mysql> mysql \. C:\workspace\cloud\code\sql\_DailyScript\currenttime.sql
+---------------------+
| currenttime         |
+---------------------+
| 2020-12-21 08:51:07 |
+---------------------+
1 row in set (0.00 sec)

mysql> 
mysql> mysql \. C:\workspace\cloud\code\sql\_DailyScript\telemetry_vod_ranking2020_1.sql
Query OK, 0 rows affected (0.01 sec)

Query OK, 11187 rows affected (0.24 sec)
Records: 11187  Duplicates: 0  Warnings: 0

mysql> mysql \. C:\workspace\cloud\code\sql\_DailyScript\currenttime.sql
+---------------------+
| currenttime         |
+---------------------+
| 2020-12-21 08:51:07 |
+---------------------+
1 row in set (0.00 sec)

mysql> 
mysql> mysql \. C:\workspace\cloud\code\sql\_DailyScript\telemetry_vod_ranking2020_2.sql
Query OK, 0 rows affected (0.01 sec)

Query OK, 11187 rows affected (0.24 sec)
Records: 11187  Duplicates: 0  Warnings: 0

mysql> mysql \. C:\workspace\cloud\code\sql\_DailyScript\currenttime.sql
+---------------------+
| currenttime         |
+---------------------+
| 2020-12-21 08:51:08 |
+---------------------+
1 row in set (0.00 sec)

mysql> 
mysql> mysql \. C:\workspace\cloud\code\sql\_DailyScript\DAILY-SCRIPT-CREATE-LOAD.sql
Database changed
Database changed
Query OK, 0 rows affected (0.01 sec)

Query OK, 0 rows affected (0.01 sec)

Database changed
Query OK, 67477 rows affected (2.25 sec)
Records: 67477  Deleted: 0  Skipped: 0  Warnings: 0

Query OK, 0 rows affected (0.13 sec)
Records: 0  Duplicates: 0  Warnings: 0

Query OK, 0 rows affected (0.23 sec)
Records: 0  Duplicates: 0  Warnings: 0

Query OK, 0 rows affected (0.25 sec)
Records: 0  Duplicates: 0  Warnings: 0

Query OK, 0 rows affected (0.21 sec)
Records: 0  Duplicates: 0  Warnings: 0

+---------+
| clients |
+---------+
|   67477 |
+---------+
1 row in set (0.02 sec)

Query OK, 0 rows affected (0.01 sec)

Query OK, 14128 rows affected (6.33 sec)
Records: 14128  Duplicates: 0  Warnings: 0

Query OK, 0 rows affected (0.05 sec)
Records: 0  Duplicates: 0  Warnings: 0

+-------------------+
| rcb_clientparcels |
+-------------------+
|             14128 |
+-------------------+
1 row in set (0.00 sec)

Query OK, 0 rows affected (0.01 sec)

Query OK, 81642 rows affected (3.16 sec)
Records: 81642  Duplicates: 0  Warnings: 0

Query OK, 0 rows affected (0.26 sec)
Records: 0  Duplicates: 0  Warnings: 0

Query OK, 0 rows affected (0.01 sec)

Query OK, 67477 rows affected (36.41 sec)
Records: 67477  Duplicates: 0  Warnings: 0

Query OK, 0 rows affected (0.19 sec)
Records: 0  Duplicates: 0  Warnings: 0

Query OK, 0 rows affected (0.20 sec)
Records: 0  Duplicates: 0  Warnings: 0

Query OK, 0 rows affected (0.17 sec)
Records: 0  Duplicates: 0  Warnings: 0

+---------------+
| clientaddress |
+---------------+
|         67477 |
+---------------+
1 row in set (0.02 sec)

Database changed
Query OK, 0 rows affected (0.02 sec)

Query OK, 0 rows affected (0.01 sec)

Database changed
Query OK, 534022 rows affected, 65535 warnings (14.88 sec)
Records: 534022  Deleted: 0  Skipped: 0  Warnings: 220730

Query OK, 0 rows affected (2.67 sec)
Records: 0  Duplicates: 0  Warnings: 0

Query OK, 0 rows affected (2.34 sec)
Records: 0  Duplicates: 0  Warnings: 0

Query OK, 0 rows affected (1.59 sec)
Records: 0  Duplicates: 0  Warnings: 0

Query OK, 0 rows affected (0.01 sec)

Query OK, 534022 rows affected (40.60 sec)
Records: 534022  Duplicates: 0  Warnings: 0

Query OK, 0 rows affected (1.79 sec)
Records: 0  Duplicates: 0  Warnings: 0

Query OK, 0 rows affected (1.36 sec)
Records: 0  Duplicates: 0  Warnings: 0

+-----------+
| contracts |
+-----------+
|    534022 |
+-----------+
1 row in set (0.19 sec)

+-----------------+
| contractaddress |
+-----------------+
|          534022 |
+-----------------+
1 row in set (0.14 sec)

Database changed
Query OK, 0 rows affected (0.01 sec)

Query OK, 0 rows affected (0.01 sec)

Query OK, 7687 rows affected (0.16 sec)
Records: 7687  Deleted: 0  Skipped: 0  Warnings: 0

Query OK, 0 rows affected (0.01 sec)

Query OK, 7655 rows affected (0.94 sec)
Records: 7655  Duplicates: 0  Warnings: 0

Query OK, 0 rows affected (0.05 sec)
Records: 0  Duplicates: 0  Warnings: 0

Query OK, 0 rows affected (0.03 sec)
Records: 0  Duplicates: 0  Warnings: 0

Query OK, 0 rows affected (0.03 sec)
Records: 0  Duplicates: 0  Warnings: 0

Query OK, 0 rows affected (0.01 sec)

Query OK, 5839 rows affected (0.07 sec)
Records: 5839  Duplicates: 0  Warnings: 0

Query OK, 0 rows affected (0.03 sec)
Records: 0  Duplicates: 0  Warnings: 0

+-------------------+
| contractdiscounts |
+-------------------+
|              7687 |
+-------------------+
1 row in set (0.00 sec)

+-------------------------+
| clientcontractdiscounts |
+-------------------------+
|                    7655 |
+-------------------------+
1 row in set (0.00 sec)

+----------------------------+
| clientcontractlastdiscount |
+----------------------------+
|                       5839 |
+----------------------------+
1 row in set (0.00 sec)

Database changed
Query OK, 0 rows affected (0.02 sec)

Query OK, 0 rows affected (0.01 sec)

Database changed
Query OK, 142880 rows affected, 8 warnings (2.76 sec)
Records: 142880  Deleted: 0  Skipped: 0  Warnings: 8

Query OK, 0 rows affected (0.27 sec)
Records: 0  Duplicates: 0  Warnings: 0

Query OK, 0 rows affected (0.31 sec)
Records: 0  Duplicates: 0  Warnings: 0

Query OK, 0 rows affected (0.28 sec)
Records: 0  Duplicates: 0  Warnings: 0

Query OK, 0 rows affected (0.33 sec)
Records: 0  Duplicates: 0  Warnings: 0

Query OK, 0 rows affected (0.38 sec)
Records: 0  Duplicates: 0  Warnings: 0

Query OK, 0 rows affected (0.56 sec)
Records: 0  Duplicates: 0  Warnings: 0

Query OK, 0 rows affected (0.10 sec)

Query OK, 1816839 rows affected (3 min 50.39 sec)
Records: 1816839  Duplicates: 0  Warnings: 0

Query OK, 0 rows affected (6.60 sec)
Records: 0  Duplicates: 0  Warnings: 0

+---------+
| devices |
+---------+
|  142880 |
+---------+
1 row in set (0.05 sec)

+-----------------------+
| clientcontractdevices |
+-----------------------+
|               1816839 |
+-----------------------+
1 row in set (0.64 sec)

Query OK, 0 rows affected (0.01 sec)

Query OK, 142857 rows affected (6.32 sec)
Records: 142857  Duplicates: 0  Warnings: 0

+---------------------------+
| rep_clientcontractdevices |
+---------------------------+
|                    142857 |
+---------------------------+
1 row in set (0.04 sec)

Database changed
Query OK, 0 rows affected (0.02 sec)

Query OK, 0 rows affected (0.01 sec)

Query OK, 308438 rows affected (6.85 sec)
Records: 308438  Deleted: 0  Skipped: 0  Warnings: 0

Query OK, 0 rows affected (0.70 sec)
Records: 0  Duplicates: 0  Warnings: 0

Query OK, 0 rows affected (0.61 sec)
Records: 0  Duplicates: 0  Warnings: 0

Query OK, 0 rows affected (0.59 sec)
Records: 0  Duplicates: 0  Warnings: 0

Query OK, 0 rows affected (0.56 sec)
Records: 0  Duplicates: 0  Warnings: 0

+---------+
| tickets |
+---------+
|  308438 |
+---------+
1 row in set (0.08 sec)

Database changed
Query OK, 0 rows affected (0.01 sec)

Query OK, 0 rows affected (0.01 sec)

Empty set (0.00 sec)

Query OK, 0 rows affected (0.02 sec)
Records: 0  Duplicates: 0  Warnings: 0

Query OK, 370 rows affected, 2 warnings (0.05 sec)
Records: 370  Deleted: 0  Skipped: 0  Warnings: 2

+-----------------+
| tickettechusers |
+-----------------+
|             370 |
+-----------------+
1 row in set (0.00 sec)

Database changed
Query OK, 0 rows affected (0.01 sec)

Query OK, 0 rows affected (0.01 sec)

Query OK, 0 rows affected (0.02 sec)
Records: 0  Duplicates: 0  Warnings: 0

Query OK, 679353 rows affected, 48561 warnings (10.75 sec)
Records: 679353  Deleted: 0  Skipped: 0  Warnings: 48561

+-------------------+
| ticketassignments |
+-------------------+
|            679353 |
+-------------------+
1 row in set (0.17 sec)

Database changed
Query OK, 0 rows affected (0.04 sec)

Query OK, 0 rows affected (0.01 sec)

Query OK, 1372746 rows affected (15.22 sec)
Records: 1372746  Deleted: 0  Skipped: 0  Warnings: 0

Query OK, 0 rows affected (3.84 sec)
Records: 0  Duplicates: 0  Warnings: 0

Query OK, 0 rows affected (2.95 sec)
Records: 0  Duplicates: 0  Warnings: 0

Query OK, 0 rows affected (2.55 sec)
Records: 0  Duplicates: 0  Warnings: 0

Query OK, 0 rows affected (3.31 sec)
Records: 0  Duplicates: 0  Warnings: 0

+----------------+
| ticketcomments |
+----------------+
|        1372746 |
+----------------+
1 row in set (0.39 sec)

Database changed
Query OK, 0 rows affected (0.02 sec)

Query OK, 0 rows affected (0.01 sec)

Query OK, 468915 rows affected (33.43 sec)
Records: 468915  Deleted: 0  Skipped: 0  Warnings: 0

Query OK, 0 rows affected (2.24 sec)
Records: 0  Duplicates: 0  Warnings: 0

+----------+
| comments |
+----------+
|   468915 |
+----------+
1 row in set (0.13 sec)

Database changed
Query OK, 0 rows affected (0.03 sec)

Query OK, 0 rows affected (0.01 sec)

Query OK, 1534512 rows affected, 65535 warnings (1 min 11.73 sec)
Records: 1534512  Deleted: 0  Skipped: 0  Warnings: 1534547

Query OK, 0 rows affected (4.15 sec)
Records: 0  Duplicates: 0  Warnings: 0

Query OK, 0 rows affected (3.57 sec)
Records: 0  Duplicates: 0  Warnings: 0

Query OK, 0 rows affected (3.64 sec)
Records: 0  Duplicates: 0  Warnings: 0

Query OK, 0 rows affected (3.68 sec)
Records: 0  Duplicates: 0  Warnings: 0

Query OK, 0 rows affected (5.36 sec)
Records: 0  Duplicates: 0  Warnings: 0

+------------+
| devicesold |
+------------+
|    1534512 |
+------------+
1 row in set (0.42 sec)

Database changed
Query OK, 0 rows affected (0.02 sec)

Query OK, 0 rows affected (0.01 sec)

Query OK, 1810019 rows affected (22.23 sec)
Records: 1810019  Deleted: 0  Skipped: 0  Warnings: 0

Query OK, 0 rows affected (4.88 sec)
Records: 0  Duplicates: 0  Warnings: 0

Query OK, 0 rows affected (4.06 sec)
Records: 0  Duplicates: 0  Warnings: 0

Query OK, 0 rows affected (4.04 sec)
Records: 0  Duplicates: 0  Warnings: 0

+------------------+
| contractservices |
+------------------+
|          1810019 |
+------------------+
1 row in set (0.50 sec)

Database changed
Query OK, 0 rows affected (0.05 sec)

Query OK, 0 rows affected (0.01 sec)

Query OK, 4410244 rows affected (1 min 50.65 sec)
Records: 4410244  Deleted: 0  Skipped: 0  Warnings: 0

Query OK, 0 rows affected (12.49 sec)
Records: 0  Duplicates: 0  Warnings: 0

Query OK, 0 rows affected (11.68 sec)
Records: 0  Duplicates: 0  Warnings: 0

Query OK, 0 rows affected (13.00 sec)
Records: 0  Duplicates: 0  Warnings: 0

Query OK, 0 rows affected (11.89 sec)
Records: 0  Duplicates: 0  Warnings: 0

+------------------+
| invoicescontents |
+------------------+
|          4410244 |
+------------------+
1 row in set (1.23 sec)

Database changed
Query OK, 0 rows affected (0.07 sec)

Query OK, 0 rows affected (0.01 sec)

Query OK, 3112126 rows affected (2 min 50.23 sec)
Records: 3112126  Deleted: 0  Skipped: 0  Warnings: 0

Query OK, 0 rows affected (11.94 sec)
Records: 0  Duplicates: 0  Warnings: 0

Query OK, 0 rows affected (12.67 sec)
Records: 0  Duplicates: 0  Warnings: 0

Query OK, 0 rows affected (9.74 sec)
Records: 0  Duplicates: 0  Warnings: 0

Query OK, 0 rows affected (11.35 sec)
Records: 0  Duplicates: 0  Warnings: 0

Query OK, 0 rows affected (10.57 sec)
Records: 0  Duplicates: 0  Warnings: 0

+----------------+
| invoicesheader |
+----------------+
|        3112126 |
+----------------+
1 row in set (0.84 sec)

Database changed
Query OK, 0 rows affected (0.04 sec)

Query OK, 0 rows affected (0.01 sec)

Query OK, 3131760 rows affected (1 min 20.15 sec)
Records: 3131760  Deleted: 0  Skipped: 0  Warnings: 0

Query OK, 0 rows affected (7.36 sec)
Records: 0  Duplicates: 0  Warnings: 0

Query OK, 0 rows affected (8.08 sec)
Records: 0  Duplicates: 0  Warnings: 0

Query OK, 0 rows affected (7.69 sec)
Records: 0  Duplicates: 0  Warnings: 0

Query OK, 0 rows affected (7.52 sec)
Records: 0  Duplicates: 0  Warnings: 0

Query OK, 0 rows affected (9.27 sec)
Records: 0  Duplicates: 0  Warnings: 0

+---------+
| casa    |
+---------+
| 3131760 |
+---------+
1 row in set (0.85 sec)

Query OK, 0 rows affected (0.01 sec)

Query OK, 15351 rows affected (1 min 19.57 sec)
Records: 15351  Duplicates: 0  Warnings: 0

+--------------------+
| rep_paycol_channel |
+--------------------+
|              15351 |
+--------------------+
1 row in set (0.01 sec)

Query OK, 0 rows affected (0.01 sec)

Query OK, 11415 rows affected (1 min 36.26 sec)
Records: 11415  Duplicates: 0  Warnings: 0

+----------------+
| rep_paycol_pos |
+----------------+
|          11415 |
+----------------+
1 row in set (0.01 sec)

Database changed
Query OK, 0 rows affected (0.01 sec)

Query OK, 0 rows affected (0.01 sec)

Database changed
Query OK, 39852 rows affected (0.76 sec)
Records: 39852  Deleted: 0  Skipped: 0  Warnings: 0

+-------+
| users |
+-------+
| 39852 |
+-------+
1 row in set (0.01 sec)

Query OK, 0 rows affected (0.08 sec)
Records: 0  Duplicates: 0  Warnings: 0

Database changed
Query OK, 0 rows affected (0.03 sec)

Query OK, 0 rows affected (0.01 sec)

Query OK, 1872898 rows affected, 2 warnings (27.90 sec)
Records: 1872898  Deleted: 0  Skipped: 0  Warnings: 2

Query OK, 0 rows affected (4.98 sec)
Records: 0  Duplicates: 0  Warnings: 0

Query OK, 0 rows affected (4.49 sec)
Records: 0  Duplicates: 0  Warnings: 0

Query OK, 0 rows affected (4.36 sec)
Records: 0  Duplicates: 0  Warnings: 0

Query OK, 0 rows affected (4.21 sec)
Records: 0  Duplicates: 0  Warnings: 0

Query OK, 0 rows affected (3.82 sec)
Records: 0  Duplicates: 0  Warnings: 0

+-------------+
| useractions |
+-------------+
|     1872898 |
+-------------+
1 row in set (0.52 sec)

Database changed
Query OK, 0 rows affected (0.09 sec)

Query OK, 0 rows affected (0.01 sec)

Database changed
Query OK, 25536632 rows affected (4 min 26.17 sec)
Records: 25536632  Deleted: 0  Skipped: 0  Warnings: 0

Query OK, 0 rows affected (1 min 4.80 sec)
Records: 0  Duplicates: 0  Warnings: 0

Query OK, 0 rows affected (1 min 4.77 sec)
Records: 0  Duplicates: 0  Warnings: 0

Query OK, 0 rows affected (1 min 3.05 sec)
Records: 0  Duplicates: 0  Warnings: 0

Query OK, 0 rows affected (57.53 sec)
Records: 0  Duplicates: 0  Warnings: 0

Query OK, 0 rows affected (1 min 11.77 sec)
Records: 0  Duplicates: 0  Warnings: 0

+----------+
| ipusage1 |
+----------+
| 25536632 |
+----------+
1 row in set (7.97 sec)

Query OK, 0 rows affected (0.03 sec)

Query OK, 1809999 rows affected (49.50 sec)
Records: 1809999  Duplicates: 0  Warnings: 0

Query OK, 0 rows affected (7.34 sec)
Records: 0  Duplicates: 0  Warnings: 0

Query OK, 0 rows affected (3.29 sec)
Records: 0  Duplicates: 0  Warnings: 0

Query OK, 0 rows affected (5.10 sec)
Records: 0  Duplicates: 0  Warnings: 0

+------------------------------+
| contractsservicepackageprice |
+------------------------------+
|                      1809999 |
+------------------------------+
1 row in set (0.50 sec)

Query OK, 0 rows affected (0.03 sec)

Query OK, 1810223 rows affected (2 min 4.11 sec)
Records: 1810223  Duplicates: 0  Warnings: 0

Query OK, 0 rows affected (10.29 sec)
Records: 0  Duplicates: 0  Warnings: 0

Query OK, 0 rows affected (7.97 sec)
Records: 0  Duplicates: 0  Warnings: 0

Query OK, 0 rows affected (4.73 sec)
Records: 0  Duplicates: 0  Warnings: 0

Query OK, 0 rows affected (6.77 sec)
Records: 0  Duplicates: 0  Warnings: 0

+------------------------------------+
| clientcontractsservicepackageprice |
+------------------------------------+
|                            1810223 |
+------------------------------------+
1 row in set (0.51 sec)

mysql> mysql \. C:\workspace\cloud\code\sql\_DailyScript\currenttime.sql
+---------------------+
| currenttime         |
+---------------------+
| 2020-12-21 09:26:40 |
+---------------------+
1 row in set (0.00 sec)

mysql> 
mysql> mysql \. C:\workspace\cloud\code\sql\_DailyScript\ticket_analysis.sql
Database changed
Query OK, 0 rows affected (0.03 sec)

Query OK, 733707 rows affected (22.54 sec)
Records: 733707  Duplicates: 0  Warnings: 0

Query OK, 0 rows affected (4.31 sec)
Records: 0  Duplicates: 0  Warnings: 0

Query OK, 0 rows affected (1.98 sec)
Records: 0  Duplicates: 0  Warnings: 0

Query OK, 0 rows affected (1.95 sec)
Records: 0  Duplicates: 0  Warnings: 0

Query OK, 0 rows affected (0.02 sec)

Query OK, 23468 rows affected (12.30 sec)
Records: 23468  Duplicates: 0  Warnings: 0

Query OK, 0 rows affected, 1 warning (0.00 sec)

Query OK, 104510 rows affected (6.91 sec)
Records: 104510  Duplicates: 0  Warnings: 0

Query OK, 0 rows affected, 1 warning (0.00 sec)

Query OK, 534469 rows affected (14.29 sec)
Records: 534469  Duplicates: 0  Warnings: 0

Query OK, 0 rows affected, 1 warning (0.00 sec)

Query OK, 534469 rows affected (14.76 sec)
Records: 534469  Duplicates: 0  Warnings: 0

Query OK, 0 rows affected (0.02 sec)

Query OK, 104608 rows affected (5.81 sec)
Records: 104608  Duplicates: 0  Warnings: 0

Database changed
Query OK, 0 rows affected (0.00 sec)

Query OK, 0 rows affected (0.04 sec)

Query OK, 733707 rows affected (22.22 sec)
Records: 733707  Duplicates: 0  Warnings: 0

Query OK, 0 rows affected (0.02 sec)

Query OK, 371902 rows affected (14.40 sec)
Records: 371902  Duplicates: 0  Warnings: 0

+--------------------------+
| clientticket_cmmtjourney |
+--------------------------+
|                   733707 |
+--------------------------+
1 row in set (2.11 sec)

+---------------------------+
| clientticket_assgnjourney |
+---------------------------+
|                    371902 |
+---------------------------+
1 row in set (0.40 sec)

Query OK, 0 rows affected (0.01 sec)

Query OK, 76 rows affected (0.09 sec)
Records: 76  Duplicates: 0  Warnings: 0

mysql> mysql \. C:\workspace\cloud\code\sql\_DailyScript\currenttime.sql
+---------------------+
| currenttime         |
+---------------------+
| 2020-12-21 09:28:44 |
+---------------------+
1 row in set (0.00 sec)

mysql> 
mysql> mysql \. C:\workspace\cloud\code\sql\_DailyScript\load_DailyCalls.sql
Database changed
Query OK, 238 rows affected (0.08 sec)
Records: 238  Deleted: 0  Skipped: 0  Warnings: 0

Query OK, 0 rows affected, 1 warning (0.00 sec)

Query OK, 236 rows affected (0.04 sec)
Records: 236  Duplicates: 0  Warnings: 0

Query OK, 0 rows affected, 1 warning (0.00 sec)

Query OK, 68395 rows affected (0.25 sec)
Records: 68395  Duplicates: 0  Warnings: 0

+----------------------+
| callingclientsbefore |
+----------------------+
|              1065310 |
+----------------------+
1 row in set (0.44 sec)

Query OK, 325 rows affected (4.88 sec)
Records: 325  Duplicates: 0  Warnings: 0

+---------------------+
| callingclientsafter |
+---------------------+
|             1065635 |
+---------------------+
1 row in set (0.28 sec)

Query OK, 0 rows affected (0.01 sec)

Query OK, 179 rows affected (3.65 sec)
Records: 179  Duplicates: 0  Warnings: 0

Query OK, 0 rows affected (0.00 sec)

Query OK, 21257 rows affected (3.27 sec)
Records: 21257  Duplicates: 0  Warnings: 0

+-----------+
| callstats |
+-----------+
|     21257 |
+-----------+
1 row in set (0.01 sec)

Query OK, 0 rows affected, 1 warning (0.00 sec)

Query OK, 325 rows affected (2.62 sec)
Records: 325  Duplicates: 0  Warnings: 0

+------------------------+
| rep_cccallreportbefore |
+------------------------+
|                1066106 |
+------------------------+
1 row in set (0.39 sec)

Query OK, 325 rows affected (0.10 sec)
Records: 325  Duplicates: 0  Warnings: 0

+-----------------------+
| rep_cccallreportafter |
+-----------------------+
|               1066431 |
+-----------------------+
1 row in set (0.28 sec)

Query OK, 0 rows affected (0.01 sec)

mysql> mysql \. C:\workspace\cloud\code\sql\_DailyScript\currenttime.sql
+---------------------+
| currenttime         |
+---------------------+
| 2020-12-21 09:29:00 |
+---------------------+
1 row in set (0.00 sec)

mysql> 
mysql> mysql \. C:\workspace\cloud\code\sql\_DailyScript\DAILY-SCRIPT-USAGE.sql
Database changed
Query OK, 0 rows affected (0.00 sec)

Query OK, 4075 rows affected, 11797 warnings (1.06 sec)
Records: 4075  Deleted: 0  Skipped: 0  Warnings: 11797

Query OK, 0 rows affected (0.00 sec)

Query OK, 5835 rows affected, 16786 warnings (1.22 sec)
Records: 5835  Deleted: 0  Skipped: 0  Warnings: 16786

Query OK, 0 rows affected (0.00 sec)

Query OK, 291 rows affected, 1028 warnings (0.04 sec)
Records: 291  Deleted: 0  Skipped: 0  Warnings: 1028

Query OK, 0 rows affected (0.00 sec)

Query OK, 128 rows affected, 442 warnings (0.05 sec)
Records: 128  Deleted: 0  Skipped: 0  Warnings: 442

+------------+
| dailyusage |
+------------+
|   15912235 |
+------------+
1 row in set (6.88 sec)

+------------+------------+------------+---------+
| datestart  | dateend    | insertedon | records |
+------------+------------+------------+---------+
| 2020-12-20 | 2020-12-20 | 2020-12-21 |   10329 |
| 2020-12-19 | 2020-12-19 | 2020-12-20 |   10419 |
| 2020-12-18 | 2020-12-18 | 2020-12-20 |   10508 |
| 2020-12-17 | 2020-12-17 | 2020-12-18 |   10845 |
| 2020-12-16 | 2020-12-16 | 2020-12-17 |   11447 |
+------------+------------+------------+---------+
5 rows in set (31.90 sec)

+----------+------------+------------+------------+---------+
| category | datestart  | dateend    | insertedon | records |
+----------+------------+------------+------------+---------+
| UNCAPPED | 2020-12-20 | 2020-12-20 | 2020-12-21 |    5835 |
| PREPAID  | 2020-12-20 | 2020-12-20 | 2020-12-21 |     291 |
| HOTSPOT  | 2020-12-20 | 2020-12-20 | 2020-12-21 |     128 |
| CAPPED   | 2020-12-20 | 2020-12-20 | 2020-12-21 |    4075 |
| UNCAPPED | 2020-12-19 | 2020-12-19 | 2020-12-20 |    5874 |
| PREPAID  | 2020-12-19 | 2020-12-19 | 2020-12-20 |     272 |
| HOTSPOT  | 2020-12-19 | 2020-12-19 | 2020-12-20 |     162 |
| CAPPED   | 2020-12-19 | 2020-12-19 | 2020-12-20 |    4111 |
| UNCAPPED | 2020-12-18 | 2020-12-18 | 2020-12-20 |    5911 |
| PREPAID  | 2020-12-18 | 2020-12-18 | 2020-12-20 |     283 |
| HOTSPOT  | 2020-12-18 | 2020-12-18 | 2020-12-20 |     159 |
| CAPPED   | 2020-12-18 | 2020-12-18 | 2020-12-20 |    4155 |
| UNCAPPED | 2020-12-17 | 2020-12-17 | 2020-12-18 |    6106 |
| PREPAID  | 2020-12-17 | 2020-12-17 | 2020-12-18 |     284 |
| HOTSPOT  | 2020-12-17 | 2020-12-17 | 2020-12-18 |     177 |
| CAPPED   | 2020-12-17 | 2020-12-17 | 2020-12-18 |    4278 |
| UNCAPPED | 2020-12-16 | 2020-12-16 | 2020-12-17 |    6449 |
| PREPAID  | 2020-12-16 | 2020-12-16 | 2020-12-17 |     301 |
| HOTSPOT  | 2020-12-16 | 2020-12-16 | 2020-12-17 |     185 |
| CAPPED   | 2020-12-16 | 2020-12-16 | 2020-12-17 |    4512 |
+----------+------------+------------+------------+---------+
20 rows in set (22.89 sec)

mysql> mysql \. C:\workspace\cloud\code\sql\_DailyScript\currenttime.sql
+---------------------+
| currenttime         |
+---------------------+
| 2020-12-21 09:30:04 |
+---------------------+
1 row in set (0.00 sec)

mysql> 
mysql> mysql \. C:\workspace\cloud\code\sql\_DailyScript\DAILY-SCRIPT-SALES-TELEMETRY.sql
Database changed
Query OK, 26 rows affected, 6 warnings (0.04 sec)
Records: 26  Deleted: 0  Skipped: 0  Warnings: 6

+------------+
| dailysales |
+------------+
|     218084 |
+------------+
1 row in set (0.24 sec)

Query OK, 0 rows affected (0.01 sec)

Query OK, 218084 rows affected (13.90 sec)
Records: 218084  Duplicates: 0  Warnings: 0

+--------+
| sales  |
+--------+
| 218084 |
+--------+
1 row in set (0.19 sec)

Query OK, 0 rows affected (0.01 sec)

Query OK, 3553 rows affected (0.35 sec)
Records: 3553  Duplicates: 0  Warnings: 0

+----------------+
| rep_dailysales |
+----------------+
|           3553 |
+----------------+
1 row in set (0.00 sec)

Query OK, 0 rows affected (0.01 sec)

Query OK, 3553 rows affected (0.54 sec)
Records: 3553  Duplicates: 0  Warnings: 0

+-------------------+
| rep_dailysalesreg |
+-------------------+
|              3553 |
+-------------------+
1 row in set (0.00 sec)

Query OK, 0 rows affected (0.01 sec)

Query OK, 2851 rows affected (0.68 sec)
Records: 2851  Duplicates: 0  Warnings: 0

+-----------+
| saleslist |
+-----------+
|      2851 |
+-----------+
1 row in set (0.00 sec)

Database changed
ERROR 2 (HY000): File 'C:\ProgramData\MySQL\MySQL Server 5.7\Uploads\_csv\PrepaidCardSales-20122020-P1.csv' not found (Errcode: 2 - No such file or directory)
+------------------+
| dailysinglesales |
+------------------+
|             6430 |
+------------------+
1 row in set (0.01 sec)

Database changed
Query OK, 12 rows affected (0.02 sec)
Records: 12  Deleted: 0  Skipped: 0  Warnings: 0

+-----------------+
| dailyaddonsales |
+-----------------+
|           21422 |
+-----------------+
1 row in set (0.04 sec)

Query OK, 211 rows affected (0.09 sec)
Records: 211  Deleted: 0  Skipped: 0  Warnings: 0

+----------------+
| onlinepayments |
+----------------+
|         143979 |
+----------------+
1 row in set (0.10 sec)

+-------------+----------------+---------------------+
| paymentdate | onlinepayments | onlinepaymentamount |
+-------------+----------------+---------------------+
| 2020-12-20  |            211 |        142083.30000 |
| 2020-12-19  |            204 |        120958.02000 |
| 2020-12-18  |            219 |        132649.32000 |
| 2020-12-17  |            222 |        129571.65000 |
| 2020-12-16  |            200 |        117245.49000 |
+-------------+----------------+---------------------+
5 rows in set (0.59 sec)

+-------------+--------------+----------------+---------------------+
| paymentyear | paymentmonth | onlinepayments | onlinepaymentamount |
+-------------+--------------+----------------+---------------------+
|        2020 |           12 |           3950 |       2583567.65000 |
|        2020 |           11 |           6424 |       4163507.90000 |
|        2020 |           10 |           6965 |       4508008.17000 |
|        2020 |            9 |           6132 |       3998941.54000 |
|        2020 |            8 |           6240 |       4098025.79000 |
+-------------+--------------+----------------+---------------------+
5 rows in set (0.13 sec)

mysql> mysql \. C:\workspace\cloud\code\sql\_DailyScript\currenttime.sql
+---------------------+
| currenttime         |
+---------------------+
| 2020-12-21 09:30:22 |
+---------------------+
1 row in set (0.00 sec)

mysql> 
mysql> mysql \. C:\workspace\cloud\code\sql\_DailyScript\DAILY-SCRIPT-ACTIVENUMBERS.sql
Database changed
Query OK, 1170 rows affected (0.52 sec)
Records: 1170  Deleted: 0  Skipped: 0  Warnings: 0

+------------+----------+
| period     | count(1) |
+------------+----------+
| 2020-12-20 |     1170 |
| 2020-12-19 |     1170 |
| 2020-12-18 |     1170 |
| 2020-12-17 |     1171 |
| 2020-12-16 |     1171 |
+------------+----------+
5 rows in set (0.01 sec)

Query OK, 0 rows affected (0.01 sec)

Query OK, 79 rows affected (1.41 sec)
Records: 79  Duplicates: 0  Warnings: 0

+-------------+
| packagelist |
+-------------+
|          79 |
+-------------+
1 row in set (0.00 sec)

Database changed
Query OK, 0 rows affected (0.01 sec)

Query OK, 0 rows affected (0.00 sec)

Query OK, 0 rows affected (0.00 sec)

Query OK, 0 rows affected (0.00 sec)

Query OK, 28097 rows affected, 206 warnings (20.51 sec)
Records: 28097  Deleted: 0  Skipped: 0  Warnings: 206

+------------+----------+
| period     | count(1) |
+------------+----------+
| 2020-12-20 |    28097 |
| 2020-12-19 |    28232 |
| 2020-12-18 |    28263 |
| 2020-12-17 |    28134 |
| 2020-12-16 |    28098 |
+------------+----------+
5 rows in set (0.13 sec)

Query OK, 0 rows affected (0.03 sec)

Query OK, 27524 rows affected (47.52 sec)
Records: 27524  Duplicates: 0  Warnings: 0

Query OK, 0 rows affected (0.14 sec)
Records: 0  Duplicates: 0  Warnings: 0

Query OK, 0 rows affected (0.10 sec)
Records: 0  Duplicates: 0  Warnings: 0

Query OK, 0 rows affected (0.10 sec)
Records: 0  Duplicates: 0  Warnings: 0

Query OK, 0 rows affected (0.08 sec)
Records: 0  Duplicates: 0  Warnings: 0

Query OK, 0 rows affected (0.07 sec)
Records: 0  Duplicates: 0  Warnings: 0

Query OK, 0 rows affected (0.09 sec)
Records: 0  Duplicates: 0  Warnings: 0

+-------------+
| countbefore |
+-------------+
|    41778587 |
+-------------+
1 row in set (15.65 sec)

Query OK, 27524 rows affected (5.79 sec)
Records: 27524  Duplicates: 0  Warnings: 0

+------------+
| countafter |
+------------+
|   41806111 |
+------------+
1 row in set (13.95 sec)

+------------+--------------------------+
| period     | customercontractactivity |
+------------+--------------------------+
| 2020-12-20 |                    27524 |
| 2020-12-19 |                    27658 |
| 2020-12-18 |                    27689 |
| 2020-12-17 |                    27560 |
| 2020-12-16 |                    27524 |
+------------+--------------------------+
5 rows in set (0.06 sec)

Query OK, 0 rows affected (0.02 sec)

Query OK, 288049 rows affected (7 min 34.94 sec)
Records: 288049  Duplicates: 0  Warnings: 0

Query OK, 0 rows affected (0.97 sec)
Records: 0  Duplicates: 0  Warnings: 0

Query OK, 0 rows affected (1.03 sec)
Records: 0  Duplicates: 0  Warnings: 0

Query OK, 0 rows affected (1.02 sec)
Records: 0  Duplicates: 0  Warnings: 0

Query OK, 0 rows affected (0.01 sec)

Query OK, 235 rows affected (0.41 sec)
Records: 235  Duplicates: 0  Warnings: 0

Query OK, 0 rows affected (0.01 sec)

Query OK, 2660 rows affected (0.56 sec)
Records: 2660  Duplicates: 0  Warnings: 0

Query OK, 0 rows affected (0.02 sec)

Query OK, 27501 rows affected (0.50 sec)
Records: 27501  Duplicates: 0  Warnings: 0

Query OK, 0 rows affected (0.01 sec)

Query OK, 17215 rows affected (0.32 sec)
Records: 17215  Duplicates: 0  Warnings: 0

Query OK, 0 rows affected (0.01 sec)

Query OK, 17215 rows affected (0.12 sec)
Records: 17215  Duplicates: 0  Warnings: 0

Query OK, 0 rows affected (0.01 sec)

Query OK, 17215 rows affected (1.06 sec)
Records: 17215  Duplicates: 0  Warnings: 0

Query OK, 0 rows affected (0.01 sec)

Query OK, 17215 rows affected (43.37 sec)
Records: 17215  Duplicates: 0  Warnings: 0

+-------------+
| clientstats |
+-------------+
|       17215 |
+-------------+
1 row in set (0.01 sec)

Query OK, 0 rows affected (0.01 sec)

Query OK, 14 rows affected, 1 warning (0.08 sec)
Records: 14  Duplicates: 0  Warnings: 1

+-----------------------+-------------+-------------+----------------+-----------------+
| services              | activecount | allaccounts | uniqueaccounts | uniquecontracts |
+-----------------------+-------------+-------------+----------------+-----------------+
| All                   |         358 |          60 |             60 |             191 |
| Internet & OTT        |           2 |           1 |              1 |               2 |
| Internet & Voice      |         368 |         166 |            165 |             324 |
| Internet Only         |        4334 |        4214 |           4206 |            4257 |
| OTT Only              |           1 |           1 |              1 |               1 |
| TV & Internet         |        9514 |        4307 |           4300 |            8752 |
| TV & Internet & OTT   |        3260 |         836 |            834 |            1740 |
| TV & Internet & Voice |         530 |         159 |            159 |             488 |
| TV & OTT              |         540 |          81 |             80 |             100 |
| TV & Voice            |          82 |          37 |             37 |              75 |
| TV & Voice & OTT      |           6 |           2 |              2 |               4 |
| TV Only               |        9075 |        7222 |           7212 |            7428 |
| Voice Only            |         131 |         129 |            129 |             131 |
| GRAND TOTAL           |       28201 |       17215 |          17141 |           23493 |
+-----------------------+-------------+-------------+----------------+-----------------+
14 rows in set (0.00 sec)

+-------------+-------------+-------------+----------------+-----------------+
| network     | activecount | allaccounts | uniqueaccounts | uniquecontracts |
+-------------+-------------+-------------+----------------+-----------------+
| GPON        |       10319 |        5268 |           5265 |            8211 |
| HFC         |       17882 |       11947 |          11947 |           15282 |
| GRAND TOTAL |       28201 |       17215 |          17141 |           23493 |
+-------------+-------------+-------------+----------------+-----------------+
3 rows in set, 1 warning (0.11 sec)

+-------------+-----------------------+-------------+-------------+----------------+-----------------+
| network     | services              | activecount | allaccounts | uniqueaccounts | uniquecontracts |
+-------------+-----------------------+-------------+-------------+----------------+-----------------+
| GPON        | All                   |         216 |          38 |             38 |             119 |
| GPON        | Internet & OTT        |           2 |           1 |              1 |               2 |
| GPON        | Internet & Voice      |          74 |          31 |             31 |              64 |
| GPON        | Internet Only         |        1272 |        1170 |           1170 |            1196 |
| GPON        | TV & Internet         |        4311 |        1906 |           1906 |            3904 |
| GPON        | TV & Internet & OTT   |        1943 |         491 |            491 |            1030 |
| GPON        | TV & Internet & Voice |         237 |          69 |             69 |             215 |
| GPON        | TV & OTT              |         292 |          43 |             43 |              49 |
| GPON        | TV & Voice            |          48 |          22 |             22 |              45 |
| GPON        | TV & Voice & OTT      |           3 |           1 |              1 |               2 |
| GPON        | TV Only               |        1907 |        1483 |           1483 |            1571 |
| GPON        | Voice Only            |          14 |          13 |             13 |              14 |
| GPON        | Services Total        |       10319 |        5268 |           5265 |            8211 |
| HFC         | All                   |         142 |          22 |             22 |              72 |
| HFC         | Internet & Voice      |         294 |         135 |            135 |             260 |
| HFC         | Internet Only         |        3062 |        3044 |           3044 |            3061 |
| HFC         | OTT Only              |           1 |           1 |              1 |               1 |
| HFC         | TV & Internet         |        5203 |        2401 |           2401 |            4848 |
| HFC         | TV & Internet & OTT   |        1317 |         345 |            345 |             710 |
| HFC         | TV & Internet & Voice |         293 |          90 |             90 |             273 |
| HFC         | TV & OTT              |         248 |          38 |             38 |              51 |
| HFC         | TV & Voice            |          34 |          15 |             15 |              30 |
| HFC         | TV & Voice & OTT      |           3 |           1 |              1 |               2 |
| HFC         | TV Only               |        7168 |        5739 |           5739 |            5857 |
| HFC         | Voice Only            |         117 |         116 |            116 |             117 |
| HFC         | Services Total        |       17882 |       11947 |          11947 |           15282 |
| GRAND TOTAL | Services Total        |       28201 |       17215 |          17141 |           23493 |
+-------------+-----------------------+-------------+-------------+----------------+-----------------+
27 rows in set, 2 warnings (0.12 sec)

Query OK, 0 rows affected (0.01 sec)

Query OK, 46 rows affected, 3 warnings (0.17 sec)
Records: 46  Duplicates: 0  Warnings: 3

+-------------+---------------+-----------------------+-------------+-------------+----------------+-----------------+
| region      | network       | services              | activecount | allaccounts | uniqueaccounts | uniquecontracts |
+-------------+---------------+-----------------------+-------------+-------------+----------------+-----------------+
| Eden Island | GPON          | TV & Internet         |           2 |           1 |              1 |               2 |
| Eden Island | GPON          | Services Total        |           2 |           1 |              1 |               2 |
| Eden Island | Network Total | Services Total        |           2 |           1 |              1 |               2 |
| Mahe        | GPON          | All                   |         191 |          34 |             34 |             107 |
| Mahe        | GPON          | Internet & OTT        |           2 |           1 |              1 |               2 |
| Mahe        | GPON          | Internet & Voice      |          64 |          26 |             26 |              54 |
| Mahe        | GPON          | Internet Only         |        1051 |         949 |            949 |             975 |
| Mahe        | GPON          | TV & Internet         |        3548 |        1562 |           1562 |            3196 |
| Mahe        | GPON          | TV & Internet & OTT   |        1530 |         376 |            376 |             789 |
| Mahe        | GPON          | TV & Internet & Voice |         224 |          65 |             65 |             202 |
| Mahe        | GPON          | TV & OTT              |         267 |          34 |             34 |              40 |
| Mahe        | GPON          | TV & Voice            |          46 |          21 |             21 |              43 |
| Mahe        | GPON          | TV & Voice & OTT      |           3 |           1 |              1 |               2 |
| Mahe        | GPON          | TV Only               |        1530 |        1177 |           1177 |            1248 |
| Mahe        | GPON          | Voice Only            |          11 |          10 |             10 |              11 |
| Mahe        | GPON          | Services Total        |        8467 |        4256 |           4256 |            6669 |
| Mahe        | HFC           | All                   |         142 |          22 |             22 |              72 |
| Mahe        | HFC           | Internet & Voice      |         294 |         135 |            135 |             260 |
| Mahe        | HFC           | Internet Only         |        3061 |        3043 |           3043 |            3060 |
| Mahe        | HFC           | OTT Only              |           1 |           1 |              1 |               1 |
| Mahe        | HFC           | TV & Internet         |        5203 |        2401 |           2401 |            4848 |
| Mahe        | HFC           | TV & Internet & OTT   |        1317 |         345 |            345 |             710 |
| Mahe        | HFC           | TV & Internet & Voice |         293 |          90 |             90 |             273 |
| Mahe        | HFC           | TV & OTT              |         248 |          38 |             38 |              51 |
| Mahe        | HFC           | TV & Voice            |          34 |          15 |             15 |              30 |
| Mahe        | HFC           | TV & Voice & OTT      |           3 |           1 |              1 |               2 |
| Mahe        | HFC           | TV Only               |        7165 |        5737 |           5737 |            5855 |
| Mahe        | HFC           | Voice Only            |         117 |         116 |            116 |             117 |
| Mahe        | HFC           | Services Total        |       17878 |       11944 |          11944 |           15279 |
| Mahe        | Network Total | Services Total        |       26345 |       16200 |          16129 |           21948 |
| Praslin     | GPON          | All                   |          25 |           4 |              4 |              12 |
| Praslin     | GPON          | Internet & Voice      |          10 |           5 |              5 |              10 |
| Praslin     | GPON          | Internet Only         |         221 |         221 |            221 |             221 |
| Praslin     | GPON          | TV & Internet         |         761 |         343 |            343 |             706 |
| Praslin     | GPON          | TV & Internet & OTT   |         413 |         115 |            115 |             241 |
| Praslin     | GPON          | TV & Internet & Voice |          13 |           4 |              4 |              13 |
| Praslin     | GPON          | TV & OTT              |          25 |           9 |              9 |               9 |
| Praslin     | GPON          | TV & Voice            |           2 |           1 |              1 |               2 |
| Praslin     | GPON          | TV Only               |         377 |         306 |            306 |             323 |
| Praslin     | GPON          | Voice Only            |           3 |           3 |              3 |               3 |
| Praslin     | GPON          | Services Total        |        1850 |        1011 |           1011 |            1540 |
| Praslin     | HFC           | Internet Only         |           1 |           1 |              1 |               1 |
| Praslin     | HFC           | TV Only               |           3 |           2 |              2 |               2 |
| Praslin     | HFC           | Services Total        |           4 |           3 |              3 |               3 |
| Praslin     | Network Total | Services Total        |        1854 |        1014 |           1014 |            1543 |
| GRAND TOTAL | Network Total | Services Total        |       28201 |       17215 |          17141 |           23493 |
+-------------+---------------+-----------------------+-------------+-------------+----------------+-----------------+
46 rows in set (0.00 sec)

Query OK, 0 rows affected (0.01 sec)

Query OK, 27502 rows affected (0.40 sec)
Records: 27502  Duplicates: 0  Warnings: 0

Query OK, 0 rows affected (0.01 sec)

Query OK, 2211 rows affected (1.57 sec)
Records: 2211  Duplicates: 0  Warnings: 0

+--------------------------------------+
| message                              |
+--------------------------------------+
| running rcbill_my.sp_ActiveNumber2() |
+--------------------------------------+
1 row in set (0.00 sec)

Query OK, 365 rows affected (1 min 51.90 sec)

mysql> mysql \. C:\workspace\cloud\code\sql\_DailyScript\currenttime.sql
+---------------------+
| currenttime         |
+---------------------+
| 2020-12-21 09:42:27 |
+---------------------+
1 row in set (0.00 sec)

mysql> 
mysql> mysql \. C:\workspace\cloud\code\sql\_DailyScript\GetActiveNumbers Average -Pivot.sql
Database changed
+-------------------------------------+
| @today := subdate(current_date(),1) |
+-------------------------------------+
| 2020-12-20                          |
+-------------------------------------+
1 row in set (0.00 sec)

+-------------------------------------+
| @lastdayofmonth := last_day(@today) |
+-------------------------------------+
| 2020-12-31                          |
+-------------------------------------+
1 row in set (0.00 sec)

Query OK, 0 rows affected (0.01 sec)

Query OK, 43992 rows affected, 65535 warnings (52.67 sec)
Records: 43992  Duplicates: 0  Warnings: 89206

Query OK, 0 rows affected (0.09 sec)
Records: 0  Duplicates: 0  Warnings: 0

Query OK, 0 rows affected (0.11 sec)
Records: 0  Duplicates: 0  Warnings: 0

Query OK, 0 rows affected (0.10 sec)
Records: 0  Duplicates: 0  Warnings: 0

+-----------------+
| activenumberavg |
+-----------------+
|           43992 |
+-----------------+
1 row in set (0.01 sec)

Query OK, 0 rows affected (0.01 sec)

Query OK, 1933 rows affected (0.50 sec)
Records: 1933  Duplicates: 0  Warnings: 0

+---------------------+
| rep_activenumberavg |
+---------------------+
|                1933 |
+---------------------+
1 row in set (0.00 sec)

+----------------------+
| rep_activenumberavg1 |
+----------------------+
|                  903 |
+----------------------+
1 row in set (0.00 sec)

Query OK, 0 rows affected (0.01 sec)

Query OK, 2300 rows affected (0.40 sec)
Records: 2300  Duplicates: 0  Warnings: 0

Query OK, 0 rows affected (0.01 sec)

Query OK, 11802 rows affected (0.72 sec)
Records: 11802  Duplicates: 0  Warnings: 0

Query OK, 0 rows affected (0.00 sec)

Query OK, 0 rows affected (0.00 sec)

Query OK, 0 rows affected (0.01 sec)

Query OK, 0 rows affected (0.00 sec)

Query OK, 0 rows affected (0.00 sec)
Statement prepared

Query OK, 53 rows affected (0.04 sec)
Records: 53  Duplicates: 0  Warnings: 0

Query OK, 0 rows affected (0.00 sec)

Query OK, 0 rows affected (0.00 sec)

+----------------------+
| rep_activenumberavg2 |
+----------------------+
|                 2300 |
+----------------------+
1 row in set (0.00 sec)

+------------------------+
| rep_activenumberavg_pv |
+------------------------+
|                     53 |
+------------------------+
1 row in set (0.00 sec)

Query OK, 0 rows affected (0.01 sec)

Query OK, 2299 rows affected (0.34 sec)
Records: 2299  Duplicates: 0  Warnings: 0

Query OK, 0 rows affected (0.00 sec)

Query OK, 0 rows affected (0.00 sec)

Query OK, 0 rows affected (0.01 sec)

Query OK, 0 rows affected (0.00 sec)

Query OK, 0 rows affected (0.00 sec)
Statement prepared

Query OK, 53 rows affected (0.05 sec)
Records: 53  Duplicates: 0  Warnings: 0

Query OK, 0 rows affected (0.00 sec)

Query OK, 0 rows affected (0.00 sec)

+-------------------------+
| rep_activenumberavgMahe |
+-------------------------+
|                    2299 |
+-------------------------+
1 row in set (0.00 sec)

+----------------------------+
| rep_activenumberavgMahe_pv |
+----------------------------+
|                         53 |
+----------------------------+
1 row in set (0.00 sec)

Query OK, 0 rows affected (0.01 sec)

Query OK, 1464 rows affected (0.15 sec)
Records: 1464  Duplicates: 0  Warnings: 0

Query OK, 0 rows affected (0.00 sec)

Query OK, 0 rows affected (0.00 sec)

Query OK, 0 rows affected (0.00 sec)

Query OK, 0 rows affected (0.00 sec)

Query OK, 0 rows affected (0.00 sec)
Statement prepared

Query OK, 40 rows affected (0.03 sec)
Records: 40  Duplicates: 0  Warnings: 0

Query OK, 0 rows affected (0.00 sec)

Query OK, 0 rows affected (0.00 sec)

+----------------------------+
| rep_activenumberavgPraslin |
+----------------------------+
|                       1464 |
+----------------------------+
1 row in set (0.00 sec)

+-------------------------------+
| rep_activenumberavgPraslin_pv |
+-------------------------------+
|                            40 |
+-------------------------------+
1 row in set (0.00 sec)

mysql> mysql \. C:\workspace\cloud\code\sql\_DailyScript\currenttime.sql
+---------------------+
| currenttime         |
+---------------------+
| 2020-12-21 09:43:22 |
+---------------------+
1 row in set (0.00 sec)

mysql> 
mysql> mysql \. C:\workspace\cloud\code\sql\_DailyScript\budget_actual_analysis_2020.sql
Query OK, 0 rows affected (0.01 sec)

Query OK, 1046 rows affected, 3 warnings (0.25 sec)
Records: 1046  Duplicates: 0  Warnings: 3

+--------------------+
| budget_actual_2020 |
+--------------------+
|               1046 |
+--------------------+
1 row in set (0.00 sec)

Query OK, 0 rows affected (0.01 sec)

Query OK, 48 rows affected (0.04 sec)
Records: 48  Duplicates: 0  Warnings: 0

+---------------------------+
| rep_budget_actual_2020_pv |
+---------------------------+
|                        48 |
+---------------------------+
1 row in set (0.00 sec)

mysql> mysql \. C:\workspace\cloud\code\sql\_DailyScript\currenttime.sql
+---------------------+
| currenttime         |
+---------------------+
| 2020-12-21 09:43:23 |
+---------------------+
1 row in set (0.00 sec)

mysql> 
mysql> mysql \. C:\workspace\cloud\code\sql\_DailyScript\reports-sales-addons-prepaid-camera.sql
Database changed
Query OK, 0 rows affected (0.01 sec)

Query OK, 4216 rows affected (0.19 sec)
Records: 4216  Duplicates: 0  Warnings: 0

Query OK, 0 rows affected (0.01 sec)

Query OK, 21466 rows affected (16.91 sec)
Records: 21466  Duplicates: 0  Warnings: 0

+--------------------+
| rep_prepaid_camera |
+--------------------+
|               4216 |
+--------------------+
1 row in set (0.01 sec)

+-----------+
| rep_addon |
+-----------+
|     21466 |
+-----------+
1 row in set (0.01 sec)

mysql> mysql \. C:\workspace\cloud\code\sql\_DailyScript\currenttime.sql
+---------------------+
| currenttime         |
+---------------------+
| 2020-12-21 09:43:40 |
+---------------------+
1 row in set (0.00 sec)

mysql> 
mysql> mysql \. C:\workspace\cloud\code\sql\_DailyScript\RCB_ClientAnalyticsReport_Script.sql
Database changed
Query OK, 0 rows affected (0.00 sec)

Query OK, 0 rows affected (0.05 sec)

Query OK, 2003975 rows affected (1 min 12.95 sec)
Records: 2003975  Duplicates: 0  Warnings: 0

Query OK, 0 rows affected (5.77 sec)
Records: 0  Duplicates: 0  Warnings: 0

Query OK, 0 rows affected (4.87 sec)
Records: 0  Duplicates: 0  Warnings: 0

Query OK, 0 rows affected (7.83 sec)
Records: 0  Duplicates: 0  Warnings: 0

Query OK, 0 rows affected (8.20 sec)
Records: 0  Duplicates: 0  Warnings: 0

Query OK, 0 rows affected (9.00 sec)
Records: 0  Duplicates: 0  Warnings: 0

Query OK, 0 rows affected (7.47 sec)
Records: 0  Duplicates: 0  Warnings: 0

Query OK, 0 rows affected (0.00 sec)

Query OK, 499279 rows affected (16.19 sec)
Rows matched: 2003975  Changed: 499279  Warnings: 0

Query OK, 0 rows affected (0.01 sec)

Query OK, 28404 rows affected (4.26 sec)
Records: 28404  Duplicates: 0  Warnings: 0

+---------------------+
| clientcontractssubs |
+---------------------+
|               28404 |
+---------------------+
1 row in set (0.01 sec)

Query OK, 0 rows affected (0.02 sec)

Query OK, 44447 rows affected (10 min 20.00 sec)
Records: 44447  Duplicates: 0  Warnings: 0

Query OK, 0 rows affected (0.18 sec)
Records: 0  Duplicates: 0  Warnings: 0

Query OK, 0 rows affected (0.15 sec)
Records: 0  Duplicates: 0  Warnings: 0

Query OK, 0 rows affected (0.08 sec)
Records: 0  Duplicates: 0  Warnings: 0

+-----------------------+
| clientcontracthistory |
+-----------------------+
|                 44447 |
+-----------------------+
1 row in set (0.01 sec)

Query OK, 0 rows affected (0.02 sec)

Query OK, 2696382 rows affected (1 min 23.57 sec)
Records: 2696382  Duplicates: 0  Warnings: 0

Query OK, 0 rows affected (0.02 sec)

Query OK, 468459 rows affected (6 min 22.41 sec)
Records: 468459  Duplicates: 0  Warnings: 0

Query OK, 0 rows affected (1.59 sec)
Records: 0  Duplicates: 0  Warnings: 0

Query OK, 0 rows affected (0.77 sec)
Records: 0  Duplicates: 0  Warnings: 0

Query OK, 0 rows affected (1.67 sec)
Records: 0  Duplicates: 0  Warnings: 0

Query OK, 0 rows affected (0.81 sec)
Records: 0  Duplicates: 0  Warnings: 0

+--------------------------+
| clientcontractinvpmt_stg |
+--------------------------+
|                   468459 |
+--------------------------+
1 row in set (0.12 sec)

Query OK, 0 rows affected (0.03 sec)

Query OK, 468459 rows affected (12.07 sec)
Records: 468459  Duplicates: 0  Warnings: 0

Query OK, 0 rows affected (1.98 sec)
Records: 0  Duplicates: 0  Warnings: 0

Query OK, 0 rows affected (0.79 sec)
Records: 0  Duplicates: 0  Warnings: 0

Query OK, 0 rows affected (1.85 sec)
Records: 0  Duplicates: 0  Warnings: 0

Query OK, 0 rows affected (0.90 sec)
Records: 0  Duplicates: 0  Warnings: 0

+----------------------+
| clientcontractinvpmt |
+----------------------+
|               468459 |
+----------------------+
1 row in set (0.12 sec)

Query OK, 0 rows affected (0.01 sec)

Query OK, 44447 rows affected (1 min 23.31 sec)
Records: 44447  Duplicates: 0  Warnings: 0

+--------------+
| clientreport |
+--------------+
|        44447 |
+--------------+
1 row in set (0.02 sec)

Query OK, 0 rows affected (0.01 sec)

Query OK, 44447 rows affected (5.89 sec)
Records: 44447  Duplicates: 0  Warnings: 0

+----------------------+
| clientextendedreport |
+----------------------+
|                44447 |
+----------------------+
1 row in set (0.02 sec)

Query OK, 0 rows affected (0.01 sec)

Query OK, 44447 rows affected (1 min 1.86 sec)
Records: 44447  Duplicates: 0  Warnings: 0

+---------+
| allcust |
+---------+
|   44447 |
+---------+
1 row in set (0.01 sec)

Query OK, 0 rows affected, 1 warning (0.00 sec)

Query OK, 5000 rows affected (0.14 sec)
Records: 5000  Duplicates: 0  Warnings: 0

Query OK, 0 rows affected (0.01 sec)

Query OK, 6863 rows affected (0.28 sec)
Records: 6863  Duplicates: 0  Warnings: 0

Query OK, 0 rows affected, 1 warning (0.00 sec)

Query OK, 5000 rows affected (0.14 sec)
Records: 5000  Duplicates: 0  Warnings: 0

Query OK, 0 rows affected (0.01 sec)

Query OK, 7294 rows affected (0.16 sec)
Records: 7294  Duplicates: 0  Warnings: 0

mysql> mysql \. C:\workspace\cloud\code\sql\_DailyScript\currenttime.sql
+---------------------+
| currenttime         |
+---------------------+
| 2020-12-21 10:06:57 |
+---------------------+
1 row in set (0.00 sec)

mysql> 
mysql> 
mysql> mysql \. C:\workspace\cloud\code\sql\_DailyScript\REVENUE_PER_NODE_MXK.sql
Query OK, 0 rows affected (0.01 sec)

Query OK, 0 rows affected (0.01 sec)

Query OK, 0 rows affected (0.01 sec)

Query OK, 7200 rows affected (2.17 sec)
Records: 7200  Duplicates: 0  Warnings: 0

+----------------------+
| message              |
+----------------------+
| created temp table a |
+----------------------+
1 row in set (0.00 sec)

Query OK, 6786 rows affected (1.01 sec)
Records: 6786  Duplicates: 0  Warnings: 0

+----------------------+
| message              |
+----------------------+
| created temp table b |
+----------------------+
1 row in set (0.00 sec)

Query OK, 0 rows affected, 1 warning (0.00 sec)

Query OK, 7507 rows affected (17.86 sec)
Records: 7507  Duplicates: 0  Warnings: 0

+--------------------------------+
| message                        |
+--------------------------------+
| created rcbill_my.tempcustmxk1 |
+--------------------------------+
1 row in set (0.00 sec)

Query OK, 0 rows affected (0.01 sec)

Query OK, 0 rows affected (0.00 sec)

Query OK, 0 rows affected, 1 warning (0.00 sec)

Query OK, 7200 rows affected (1.55 sec)
Records: 7200  Duplicates: 0  Warnings: 0

+----------------+
| message        |
+----------------+
| created temp a |
+----------------+
1 row in set (0.00 sec)

Query OK, 6786 rows affected (0.80 sec)
Records: 6786  Duplicates: 0  Warnings: 0

+----------------+
| message        |
+----------------+
| created temp b |
+----------------+
1 row in set (0.00 sec)

Query OK, 0 rows affected, 1 warning (0.00 sec)

Query OK, 6889 rows affected (9.93 sec)
Records: 6889  Duplicates: 0  Warnings: 0

+--------------------------------+
| message                        |
+--------------------------------+
| created rcbill_my.tempcustmxk2 |
+--------------------------------+
1 row in set (0.00 sec)

Query OK, 0 rows affected (0.01 sec)

Query OK, 0 rows affected (0.00 sec)

Query OK, 0 rows affected, 1 warning (0.00 sec)

Query OK, 0 rows affected (0.01 sec)

Query OK, 8377 rows affected (0.41 sec)
Records: 8377  Duplicates: 0  Warnings: 0

+---------------------------------+
| message                         |
+---------------------------------+
| created rcbill_my.customers_mxk |
+---------------------------------+
1 row in set (0.00 sec)

Query OK, 0 rows affected (0.00 sec)

Query OK, 0 rows affected (0.00 sec)

Query OK, 14397 rows affected (5.52 sec)
Records: 14397  Duplicates: 0  Warnings: 0

+----------------+
| message        |
+----------------+
| created temp a |
+----------------+
1 row in set (0.00 sec)

Query OK, 19193 rows affected (1.69 sec)
Records: 19193  Duplicates: 0  Warnings: 0

+----------------+
| message        |
+----------------+
| created temp c |
+----------------+
1 row in set (0.00 sec)

Query OK, 0 rows affected, 1 warning (0.00 sec)

Query OK, 27293 rows affected (0.30 sec)
Records: 27293  Duplicates: 0  Warnings: 0

+---------------------------------+
| message                         |
+---------------------------------+
| created rcbill_my.tempcustcmts1 |
+---------------------------------+
1 row in set (0.00 sec)

Query OK, 0 rows affected (0.01 sec)

Query OK, 0 rows affected, 1 warning (0.00 sec)

Query OK, 0 rows affected (0.01 sec)

Query OK, 14397 rows affected (5.74 sec)
Records: 14397  Duplicates: 0  Warnings: 0

+----------------+
| message        |
+----------------+
| created temp a |
+----------------+
1 row in set (0.00 sec)

Query OK, 19193 rows affected (1.73 sec)
Records: 19193  Duplicates: 0  Warnings: 0

+----------------+
| message        |
+----------------+
| created temp c |
+----------------+
1 row in set (0.00 sec)

Query OK, 0 rows affected, 1 warning (0.00 sec)

Query OK, 19801 rows affected (0.28 sec)
Records: 19801  Duplicates: 0  Warnings: 0

+---------------------------------+
| message                         |
+---------------------------------+
| created rcbill_my.tempcustcmts2 |
+---------------------------------+
1 row in set (0.00 sec)

Query OK, 0 rows affected (0.01 sec)

Query OK, 0 rows affected, 1 warning (0.00 sec)

Query OK, 0 rows affected (0.01 sec)

Query OK, 0 rows affected (0.01 sec)

Query OK, 14467 rows affected (0.94 sec)
Records: 14467  Duplicates: 0  Warnings: 0

+----------------------------------+
| message                          |
+----------------------------------+
| created rcbill_my.customers_cmts |
+----------------------------------+
1 row in set (0.00 sec)

Query OK, 0 rows affected (0.01 sec)

Query OK, 0 rows affected (0.01 sec)

Query OK, 0 rows affected (0.02 sec)

Query OK, 18805 rows affected (0.76 sec)
Records: 18805  Duplicates: 0  Warnings: 0

+--------------------------------------+
| message                              |
+--------------------------------------+
| created rcbill_my.customers_cmts_mxk |
+--------------------------------------+
1 row in set (0.00 sec)

Query OK, 494106 rows affected (58.20 sec)
Records: 494106  Duplicates: 0  Warnings: 0

+----------------+
| message        |
+----------------+
| created temp a |
+----------------+
1 row in set (0.00 sec)

Query OK, 0 rows affected (0.02 sec)

Query OK, 494833 rows affected (11.09 sec)
Records: 494833  Duplicates: 0  Warnings: 0

+------------------------------------------------+
| message                                        |
+------------------------------------------------+
| created rcbill_my.customers_contracts_cmts_mxk |
+------------------------------------------------+
1 row in set (0.00 sec)

Query OK, 0 rows affected (0.01 sec)

Query OK, 0 rows affected, 1 warning (0.00 sec)

Query OK, 0 rows affected, 1 warning (0.00 sec)

Query OK, 0 rows affected (0.00 sec)

Query OK, 8384 rows affected (2.74 sec)
Rows matched: 8384  Changed: 8384  Warnings: 0

+------------------------------------------------+
| message                                        |
+------------------------------------------------+
| updated rcbill_my.customers_contracts_cmts_mxk |
+------------------------------------------------+
1 row in set (0.00 sec)

Query OK, 0 rows affected (0.04 sec)

Query OK, 2025299 rows affected (3 min 41.69 sec)
Records: 2025299  Duplicates: 0  Warnings: 0

+----------------------------------------+
| message                                |
+----------------------------------------+
| created rcbill_my.customers_collection |
+----------------------------------------+
1 row in set (0.00 sec)

Query OK, 0 rows affected (0.06 sec)

Query OK, 2339188 rows affected (1 min 55.64 sec)
Records: 2339188  Duplicates: 0  Warnings: 0

+------------------------------------------------+
| message                                        |
+------------------------------------------------+
| created rcbill_my.customers_cmts_mxk_cont_coll |
+------------------------------------------------+
1 row in set (0.00 sec)

Query OK, 0 rows affected (0.03 sec)

Query OK, 451327 rows affected (2 min 12.31 sec)
Records: 451327  Duplicates: 0  Warnings: 0

+--------------------------------------------------------+
| message                                                |
+--------------------------------------------------------+
| created rcbill_my.customers_contracts_collection_pivot |
+--------------------------------------------------------+
1 row in set (0.00 sec)

Query OK, 0 rows affected (0.01 sec)

Query OK, 40513 rows affected (2 min 21.28 sec)
Records: 40513  Duplicates: 0  Warnings: 0

+----------------------------------------------+
| message                                      |
+----------------------------------------------+
| created rcbill_my.customers_collection_pivot |
+----------------------------------------------+
1 row in set (0.00 sec)

Query OK, 0 rows affected (0.01 sec)

Query OK, 44447 rows affected (2.19 sec)
Records: 44447  Duplicates: 0  Warnings: 0

+--------------------------------------------+
| message                                    |
+--------------------------------------------+
| created rcbill_my.rep_customers_collection |
+--------------------------------------------+
1 row in set (0.00 sec)

Query OK, 0 rows affected (0.00 sec)

Query OK, 0 rows affected, 1 warning (0.00 sec)

Query OK, 459464 rows affected (13.26 sec)
Records: 459464  Duplicates: 0  Warnings: 0

+-------------------------+
| message                 |
+-------------------------+
| created rcbill_my.tempa |
+-------------------------+
1 row in set (0.00 sec)

Query OK, 0 rows affected, 1 warning (0.00 sec)

Query OK, 451327 rows affected (18.80 sec)
Records: 451327  Duplicates: 0  Warnings: 0

+-------------------------+
| message                 |
+-------------------------+
| created rcbill_my.tempb |
+-------------------------+
1 row in set (0.00 sec)

Query OK, 459464 rows affected (23.41 sec)
Records: 459464  Duplicates: 0  Warnings: 0

+-----------+
| message   |
+-----------+
| created a |
+-----------+
1 row in set (0.00 sec)

Query OK, 451332 rows affected (24.09 sec)
Records: 451332  Duplicates: 0  Warnings: 0

+-----------+
| message   |
+-----------+
| created b |
+-----------+
1 row in set (0.00 sec)

Query OK, 0 rows affected (0.02 sec)

Query OK, 0 rows affected (0.02 sec)

Query OK, 0 rows affected (0.02 sec)

Query OK, 496005 rows affected (53.50 sec)
Records: 496005  Duplicates: 0  Warnings: 0

+----------------------------------------------+
| message                                      |
+----------------------------------------------+
| created rcbill_my.cust_cont_payment_cmts_mxk |
+----------------------------------------------+
1 row in set (0.00 sec)

Query OK, 0 rows affected (0.02 sec)

Query OK, 0 rows affected (0.01 sec)

Query OK, 0 rows affected, 1 warning (0.00 sec)

Query OK, 0 rows affected (0.01 sec)

Query OK, 44447 rows affected (17.47 sec)
Records: 44447  Duplicates: 0  Warnings: 0

+--------------------------------------------------+
| message                                          |
+--------------------------------------------------+
| created rcbill_my.rep_cust_cont_payment_cmts_mxk |
+--------------------------------------------------+
1 row in set (0.00 sec)

Query OK, 0 rows affected, 1 warning (0.00 sec)

Query OK, 0 rows affected, 1 warning (0.00 sec)

Query OK, 0 rows affected (0.01 sec)

Query OK, 44447 rows affected (10.53 sec)
Records: 44447  Duplicates: 0  Warnings: 0

+----------------------+
| rep_custconsolidated |
+----------------------+
|                44447 |
+----------------------+
1 row in set (0.85 sec)

Query OK, 0 rows affected (0.01 sec)

+------------------------------------+
| message                            |
+------------------------------------+
| creating rcbill_my.rep_custextract |
+------------------------------------+
1 row in set (0.00 sec)

Query OK, 44447 rows affected (1.17 sec)
Records: 44447  Duplicates: 0  Warnings: 0

+-----------------+
| rep_custextract |
+-----------------+
|           44447 |
+-----------------+
1 row in set (0.01 sec)

Query OK, 0 rows affected (0.00 sec)

Query OK, 0 rows affected (0.01 sec)

+----------------------------------------------+
| message                                      |
+----------------------------------------------+
| creating rcbill_my.retentioncustomeractivity |
+----------------------------------------------+
1 row in set (0.00 sec)

Query OK, 876 rows affected (0.09 sec)
Records: 876  Duplicates: 0  Warnings: 0

+---------------------------+
| retentioncustomeractivity |
+---------------------------+
|                       876 |
+---------------------------+
1 row in set (0.00 sec)

+-----------+------------------------------------+------------+-------------+-----------------+------------------+---------------------+-------------------+
| HFC_NODE  | NODENAME                           | CMTS_DATE  | INSERTED_ON | UNIQUE_ACCOUNTS | UNIQUE_CONTRACTS | UNIQUE_MAC_INRCBOSS | UNIQUE_MAC_INCMTS |
+-----------+------------------------------------+------------+-------------+-----------------+------------------+---------------------+-------------------+
| NULL      | NULL                               | NULL       | 2020-12-21  |            7037 |             7421 |                7469 |                 0 |
| C5/0/0/U0 | ANSE-BOILEAU-2                     | 2020-11-23 | 2020-12-21  |             193 |              198 |                 193 |               194 |
| C5/0/0/U1 | 500-C3-ANSE-BOILEAU                | 2020-11-23 | 2020-12-21  |             203 |              207 |                 203 |               205 |
| C5/0/1/U0 | 501-C4-LA-MISIERE-LEFT-I           | 2020-11-23 | 2020-12-21  |             157 |              161 |                 157 |               157 |
| C5/0/1/U1 | 501-C5-LA-MISIERE-RIGHT            | 2020-11-23 | 2020-12-21  |             112 |              114 |                 112 |               114 |
| C5/0/1/U2 | 501-C7-LA-MISIERE-LEFT-II          | 2020-11-23 | 2020-12-21  |             161 |              164 |                 161 |               162 |
| C5/0/2/U0 | 502-C8-LA-LOUISE                   | 2020-11-23 | 2020-12-21  |             139 |              139 |                 139 |               139 |
| C5/0/2/U1 | LA-LOUISE-2                        | 2020-11-23 | 2020-12-21  |             142 |              144 |                 142 |               144 |
| C5/0/3/U0 | 504-C6-PETIT-PARIS                 | 2020-11-23 | 2020-12-21  |             159 |              162 |                 159 |               161 |
| C5/0/3/U1 | PETIT-PARIS-23                     | 2020-11-23 | 2020-12-21  |              75 |               77 |                  75 |                76 |
| C5/0/4/U0 | FOUR-SEASONS                       | 2020-11-23 | 2020-12-21  |               3 |                4 |                   4 |                 5 |
| C5/0/4/U1 | ANCHOR-CAFE-I                      | 2020-11-23 | 2020-12-21  |             161 |              165 |                 161 |               162 |
| C5/0/4/U2 | ANCHOR-CAFE-II                     | 2020-11-23 | 2020-12-21  |             161 |              162 |                 161 |               164 |
| C5/1/0/U0 | POINTE-LARUE-AIRPORT-23            | 2020-11-23 | 2020-12-21  |             109 |              115 |                 110 |               111 |
| C5/1/0/U1 | PPROVIDENCE-23                     | 2020-11-23 | 2020-12-21  |              20 |               23 |                  21 |                21 |
| C5/1/0/U2 | ROSHE-CAIMAN-23                    | 2020-11-23 | 2020-12-21  |              12 |               13 |                  12 |                12 |
| C5/1/0/U3 | HEAD-OFFICE | HO-23                | 2020-11-23 | 2020-12-21  |              27 |               27 |                  27 |                30 |
| C5/1/1/U1 | C5-UNION-VALE                      | 2020-11-23 | 2020-12-21  |             201 |              203 |                 201 |               204 |
| C5/1/3/U0 | POINTE-LARUE-AIRPORT-27            | 2020-11-23 | 2020-12-21  |             152 |              153 |                 152 |               155 |
| C5/1/3/U1 | PPROVIDENCE-27                     | 2020-11-23 | 2020-12-21  |              27 |               27 |                  27 |                27 |
| C5/1/3/U2 | ROSHE-CAIMAN-27                    | 2020-11-23 | 2020-12-21  |              27 |               27 |                  27 |                27 |
| C5/1/3/U3 | HEAD-OFFICE | HO-27                | 2020-11-23 | 2020-12-21  |              17 |               18 |                  17 |                19 |
| C5/1/4/U0 | ANSE-ROYALE-27                     | 2020-11-23 | 2020-12-21  |             104 |              106 |                 104 |               104 |
| C5/1/4/U1 | GLACIS-2-57                        | 2020-11-23 | 2020-12-21  |              70 |               74 |                  70 |                71 |
| C5/1/4/U2 | NULL                               | 2020-11-23 | 2020-12-21  |             108 |              111 |                 108 |               108 |
| C5/1/4/U3 | GLACIS-1                           | 2020-11-23 | 2020-12-21  |              34 |               36 |                  34 |                34 |
| C6/0/1/U0 | SERRET-ROAD-RIGHT/CURIO/PASCAL     | 2020-11-23 | 2020-12-21  |             127 |              129 |                 127 |               128 |
| C6/0/1/U1 | SERRET-ROAD-LEFT/ST.LOUIS/TOWN     | 2020-11-23 | 2020-12-21  |              86 |               92 |                  86 |                87 |
| C6/0/1/U2 | SERRET-ROAD-RIGHT/CURIO/PASCAL-2   | 2020-11-23 | 2020-12-21  |             124 |              126 |                 124 |               124 |
| C6/0/1/U3 | SERRET-ROAD-LEFT/ST.LOUIS/TOWN-2   | 2020-11-23 | 2020-12-21  |              77 |               79 |                  77 |                78 |
| C6/0/2/U0 | SANS-SOUCIS-I                      | 2020-11-23 | 2020-12-21  |             101 |              103 |                 102 |               103 |
| C6/0/2/U1 | SANS-SOUCIS-II                     | 2020-11-23 | 2020-12-21  |             117 |              121 |                 117 |               119 |
| C6/0/2/U2 | BEL-AIR-27                         | 2020-11-23 | 2020-12-21  |              99 |              100 |                  99 |               100 |
| C6/0/2/U3 | BEL-AIR-38                         | 2020-11-23 | 2020-12-21  |              84 |               88 |                  84 |                84 |
| C6/0/3/U0 | LES-MAMELLES-23                    | 2020-11-23 | 2020-12-21  |              86 |               86 |                  86 |                88 |
| C6/0/3/U1 | VICTORIA-23                        | 2020-11-23 | 2020-12-21  |              25 |               26 |                  26 |                29 |
| C6/0/4/U0 | LES-MAMELLES-27                    | 2020-11-23 | 2020-12-21  |              68 |               69 |                  68 |                68 |
| C6/0/4/U1 | VICTORIA-27                        | 2020-11-23 | 2020-12-21  |              16 |               16 |                  16 |                16 |
| C7/1/0/U0 | LA-RETRAITE-23                     | 2020-11-23 | 2020-12-21  |              83 |               88 |                  84 |                88 |
| C7/1/0/U1 | TEA-FACTORY-23                     | 2020-11-23 | 2020-12-21  |              24 |               31 |                  26 |                27 |
| C7/1/0/U2 | PAS-23                             | 2020-11-23 | 2020-12-21  |             103 |              108 |                 104 |               104 |
| C7/1/1/U0 | REEF-ESTATE-23                     | 2020-11-23 | 2020-12-21  |              78 |               80 |                  78 |                78 |
| C7/1/2/U0 | LA-RETRAITE-27                     | 2020-11-23 | 2020-12-21  |              70 |               70 |                  70 |                71 |
| C7/1/2/U1 | TEA-FACTORY-27                     | 2020-11-23 | 2020-12-21  |              28 |               33 |                  29 |                29 |
| C7/1/2/U2 | PAS-27                             | 2020-11-23 | 2020-12-21  |              83 |               84 |                  83 |                85 |
| C7/1/3/U0 | MT-BUXTON-27                       | 2020-11-23 | 2020-12-21  |             158 |              161 |                 158 |               158 |
| C7/1/3/U1 | MT-BUXTON-23                       | 2020-11-23 | 2020-12-21  |              87 |               88 |                  87 |                87 |
| C7/1/4/U0 | REEF-ESTATE-27                     | 2020-11-23 | 2020-12-21  |              92 |               93 |                  92 |                93 |
| C8/0/0/U0 | POLICE-ACADEMY-1-27 - POINTE LARUE | 2020-11-23 | 2020-12-21  |             250 |              250 |                 250 |               250 |
| C8/0/0/U1 | NULL                               | 2020-11-23 | 2020-12-21  |              76 |               80 |                  76 |                78 |
| C8/0/1/U0 | NULL                               | 2020-11-23 | 2020-12-21  |             156 |              159 |                 155 |               157 |
| C8/0/1/U1 | POLICE-ACADEMY-2-27 - TURTLE BAY   | 2020-11-23 | 2020-12-21  |             190 |              194 |                 191 |               192 |
| C8/0/2/U0 | BEAU-VALLON-LEFT-1-57              | 2020-11-23 | 2020-12-21  |              12 |               13 |                  13 |                13 |
| C8/0/3/U1 | BEAU-VALLON-RIGHT-2-57             | 2020-11-23 | 2020-12-21  |              11 |               11 |                  11 |                11 |
| C8/1/0/U0 | MA-JOIE-NODE-27                    | 2020-11-23 | 2020-12-21  |              96 |               97 |                  96 |                97 |
| C8/1/0/U1 | BELONIE-27                         | 2020-11-23 | 2020-12-21  |             146 |              148 |                 145 |               145 |
| C8/1/0/U3 | MA-JOIE-NODE-23                    | 2020-11-23 | 2020-12-21  |              91 |               92 |                  90 |                90 |
| C8/1/1/U0 | 611-C1-ROJN I                      | 2020-11-23 | 2020-12-21  |             128 |              129 |                 128 |               129 |
| C8/1/1/U1 | 611-C5-ROJN II                     | 2020-11-23 | 2020-12-21  |             111 |              112 |                 111 |               114 |
| C8/1/2/U0 | 612-C2-ANSE-ETOILE                 | 2020-11-23 | 2020-12-21  |             103 |              103 |                 103 |               103 |
| C8/1/2/U1 | ANSE-ETOILE-U2                     | 2020-11-23 | 2020-12-21  |              70 |               70 |                  70 |                70 |
| C8/1/3/U0 | 613-C3-ANSE-GAULETTE I             | 2020-11-23 | 2020-12-21  |              79 |               86 |                  79 |                80 |
| C8/1/3/U1 | 613-C7-ANSE-GAULETTE II            | 2020-11-23 | 2020-12-21  |              76 |               79 |                  76 |                78 |
| C8/1/3/U2 | 613-C3-ANSE-GAULETTE III           | 2020-11-23 | 2020-12-21  |              41 |               42 |                  41 |                41 |
| C8/1/3/U3 | TAKAMAKA I                         | 2020-11-23 | 2020-12-21  |             107 |              109 |                 107 |               108 |
| C8/1/3/U4 | TAKAMAKA II                        | 2020-11-23 | 2020-12-21  |              94 |               96 |                  94 |                95 |
| C8/1/4/U0 | 614-BEOLIERE-NODE-1                | 2020-11-23 | 2020-12-21  |              94 |               95 |                  94 |                96 |
| C8/1/4/U1 | 614-BEOLIERE-NODE-2                | 2020-11-23 | 2020-12-21  |             140 |              144 |                 140 |               143 |
+-----------+------------------------------------+------------+-------------+-----------------+------------------+---------------------+-------------------+
68 rows in set (0.16 sec)

+-----------------------+------------+-------------+-----------------+------------------+----------------------+-------------------+
| MXK_NAME              | MXK_DATE   | INSERTED_ON | UNIQUE_ACCOUNTS | UNIQUE_CONTRACTS | UNIQUE_FSAN_INRCBOSS | UNIQUE_FSAN_INMXK |
+-----------------------+------------+-------------+-----------------+------------------+----------------------+-------------------+
| NULL                  | NULL       | 2020-12-21  |            1439 |             1485 |                 1473 |                 0 |
| MXK-MAHE-ANSEETOILE   | 2020-07-27 | 2020-12-21  |             378 |              382 |                  380 |               398 |
| MXK-MAHE-ANSEROYALE   | 2020-07-27 | 2020-12-21  |             174 |              174 |                  173 |               198 |
| MXK-MAHE-BEAUVALLON-1 | 2020-07-27 | 2020-12-21  |            1797 |             1820 |                 1811 |              1919 |
| MXK-MAHE-BEAUVALLON-2 | 2020-07-27 | 2020-12-21  |              25 |               25 |                   25 |                30 |
| MXK-MAHE-PERSEVERANCE | 2020-07-27 | 2020-12-21  |            1059 |             1070 |                 1071 |              1241 |
| MXK-MAHE-PROVIDENCE   | 2020-07-27 | 2020-12-21  |             989 |             1018 |                  944 |              1192 |
| MXK-PRASLIN-GRANDANSE | 2020-07-27 | 2020-12-21  |            1295 |             1298 |                 1291 |              1514 |
+-----------------------+------------+-------------+-----------------+------------------+----------------------+-------------------+
8 rows in set (0.08 sec)

mysql> mysql \. C:\workspace\cloud\code\sql\_DailyScript\currenttime.sql
+---------------------+
| currenttime         |
+---------------------+
| 2020-12-21 10:21:58 |
+---------------------+
1 row in set (0.00 sec)

mysql> 
mysql> mysql \. C:\workspace\cloud\code\sql\_DailyScript\housing-estate-analysis.sql
Database changed
Query OK, 0 rows affected (0.01 sec)

Query OK, 3670 rows affected (1 min 25.00 sec)
Records: 3670  Duplicates: 0  Warnings: 0

+--------------------+
| rep_housingestates |
+--------------------+
|               3670 |
+--------------------+
1 row in set (0.00 sec)

mysql> mysql \. C:\workspace\cloud\code\sql\_DailyScript\currenttime.sql
+---------------------+
| currenttime         |
+---------------------+
| 2020-12-21 10:23:23 |
+---------------------+
1 row in set (0.00 sec)

mysql> 
mysql> 
mysql> mysql \. C:\workspace\cloud\code\sql\Analysis\service_tickets_assignments.sql
Query OK, 0 rows affected (0.02 sec)

Query OK, 109381 rows affected (16.53 sec)
Records: 109381  Duplicates: 0  Warnings: 0

+-------------------------+
| rep_servicetickets_2020 |
+-------------------------+
|                  109381 |
+-------------------------+
1 row in set (2.12 sec)

mysql> mysql \. C:\workspace\cloud\code\sql\_DailyScript\currenttime.sql
+---------------------+
| currenttime         |
+---------------------+
| 2020-12-21 10:23:41 |
+---------------------+
1 row in set (0.00 sec)

mysql> 
mysql> mysql \. C:\workspace\cloud\code\sql\_DailyScript\DAILY-SCRIPT-USAGESTATS.sql
Database changed
Query OK, 0 rows affected (0.12 sec)

Query OK, 25795829 rows affected, 65535 warnings (12 min 2.22 sec)
Records: 25795829  Duplicates: 0  Warnings: 25788927

Query OK, 0 rows affected (1 min 9.03 sec)
Records: 0  Duplicates: 0  Warnings: 0

Query OK, 0 rows affected (1 min 6.80 sec)
Records: 0  Duplicates: 0  Warnings: 0

Query OK, 0 rows affected (1 min 7.77 sec)
Records: 0  Duplicates: 0  Warnings: 0

Query OK, 0 rows affected (1 min 1.31 sec)
Records: 0  Duplicates: 0  Warnings: 0

Query OK, 0 rows affected (1 min 39.13 sec)
Records: 0  Duplicates: 0  Warnings: 0

Query OK, 0 rows affected (2 min 0.45 sec)
Records: 0  Duplicates: 0  Warnings: 0

Query OK, 0 rows affected (1 min 34.92 sec)
Records: 0  Duplicates: 0  Warnings: 0

Query OK, 0 rows affected (1 min 6.08 sec)
Records: 0  Duplicates: 0  Warnings: 0

+----------+
| ipusage  |
+----------+
| 25795829 |
+----------+
1 row in set (8.20 sec)

Query OK, 0 rows affected (0.06 sec)

Query OK, 6534372 rows affected (6 min 9.45 sec)
Records: 6534372  Duplicates: 0  Warnings: 0

Query OK, 0 rows affected (20.95 sec)
Records: 0  Duplicates: 0  Warnings: 0

Query OK, 0 rows affected (17.77 sec)
Records: 0  Duplicates: 0  Warnings: 0

Query OK, 0 rows affected (21.44 sec)
Records: 0  Duplicates: 0  Warnings: 0

Query OK, 0 rows affected (25.96 sec)
Records: 0  Duplicates: 0  Warnings: 0

Query OK, 0 rows affected (19.68 sec)
Records: 0  Duplicates: 0  Warnings: 0

+------------------+
| clientcontractip |
+------------------+
|          6534372 |
+------------------+
1 row in set (1.85 sec)

Query OK, 0 rows affected (0.09 sec)

Query OK, 12685341 rows affected, 1 warning (41 min 13.49 sec)
Records: 12685341  Duplicates: 0  Warnings: 1

+-----------------------+
| clientcontractipusage |
+-----------------------+
|              12685341 |
+-----------------------+
1 row in set (4.73 sec)

Query OK, 0 rows affected (0.05 sec)

Query OK, 533484 rows affected (49.26 sec)
Records: 533484  Duplicates: 0  Warnings: 0

Query OK, 0 rows affected (1.65 sec)
Records: 0  Duplicates: 0  Warnings: 0

Query OK, 0 rows affected (1.52 sec)
Records: 0  Duplicates: 0  Warnings: 0

Query OK, 0 rows affected (1.79 sec)
Records: 0  Duplicates: 0  Warnings: 0

Query OK, 0 rows affected (0.95 sec)
Records: 0  Duplicates: 0  Warnings: 0

Query OK, 0 rows affected (0.96 sec)
Records: 0  Duplicates: 0  Warnings: 0

Query OK, 0 rows affected (1.04 sec)
Records: 0  Duplicates: 0  Warnings: 0

Query OK, 0 rows affected (1.04 sec)
Records: 0  Duplicates: 0  Warnings: 0

+-----------------------+
| clientcontractipmonth |
+-----------------------+
|                533484 |
+-----------------------+
1 row in set (0.14 sec)

mysql> mysql \. C:\workspace\cloud\code\sql\_DailyScript\currenttime.sql
+---------------------+
| currenttime         |
+---------------------+
| 2020-12-21 11:36:51 |
+---------------------+
1 row in set (0.00 sec)

mysql> 
mysql> exit
