    -> 
    -> mysql \. C:\workspace\cloud\code\sql\_DailyScript\_setdates.sql
Query OK, 0 rows affected (0.00 sec)

Query OK, 0 rows affected (1.49 sec)

Database changed
Query OK, 0 rows affected (0.00 sec)

Query OK, 0 rows affected (0.00 sec)

Query OK, 0 rows affected (0.00 sec)

Query OK, 0 rows affected (0.00 sec)

Query OK, 0 rows affected (0.00 sec)

Query OK, 0 rows affected (0.00 sec)

Query OK, 0 rows affected (0.00 sec)

Query OK, 0 rows affected (0.00 sec)

Query OK, 0 rows affected (0.00 sec)

Query OK, 0 rows affected (0.00 sec)

Query OK, 0 rows affected (0.00 sec)

Query OK, 0 rows affected (0.00 sec)

Query OK, 0 rows affected (0.00 sec)

Query OK, 0 rows affected (0.00 sec)

Query OK, 0 rows affected (0.00 sec)

Query OK, 0 rows affected (0.00 sec)

Query OK, 0 rows affected (0.00 sec)

Query OK, 0 rows affected (0.00 sec)

Query OK, 0 rows affected (0.00 sec)

Query OK, 0 rows affected (0.00 sec)

Query OK, 0 rows affected (0.00 sec)

Query OK, 0 rows affected (0.00 sec)

mysql> mysql \. C:\workspace\cloud\code\sql\_DailyScript\currenttime.sql
+---------------------+
| currenttime         |
+---------------------+
| 2021-06-14 05:54:54 |
+---------------------+
1 row in set (0.00 sec)

mysql> 
mysql> mysql \. C:\workspace\cloud\code\sql\_DailyScript\load_RCB_VODTITLES.sql
Database changed
Query OK, 0 rows affected (0.00 sec)

Query OK, 15177 rows affected (0.18 sec)

Query OK, 15190 rows affected, 15190 warnings (0.35 sec)
Records: 15190  Deleted: 0  Skipped: 0  Warnings: 15190

Query OK, 0 rows affected (0.00 sec)

Query OK, 2 rows affected (0.02 sec)

+-----------+
| VODTITLES |
+-----------+
|     15648 |
+-----------+
1 row in set (0.01 sec)

+-----------+-----------+
| titletype | typecount |
+-----------+-----------+
| E         |     12833 |
| N         |       246 |
| T         |      2109 |
| NULL      |     15188 |
+-----------+-----------+
4 rows in set (0.04 sec)

mysql> mysql \. C:\workspace\cloud\code\sql\_DailyScript\currenttime.sql
+---------------------+
| currenttime         |
+---------------------+
| 2021-06-14 05:54:55 |
+---------------------+
1 row in set (0.00 sec)

mysql> 
mysql> mysql \. C:\workspace\cloud\code\sql\_DailyScript\DAILY-SCRIPT-LIVETV-STATS.sql
Database changed
Query OK, 0 rows affected (0.01 sec)

Query OK, 100999 rows affected (1.18 sec)
Records: 100999  Duplicates: 0  Warnings: 0

+------------+------------+----------+--------------+--------------+-----------+-------------+----------+--------+------+------------+---------+---------------+
| Table      | Non_unique | Key_name | Seq_in_index | Column_name  | Collation | Cardinality | Sub_part | Packed | Null | Index_type | Comment | Index_comment |
+------------+------------+----------+--------------+--------------+-----------+-------------+----------+--------+------+------------+---------+---------------+
| templivetv |          1 | idxtv1   |            1 | device       | A         |      100885 |     NULL | NULL   | YES  | BTREE      |         |               |
| templivetv |          1 | idxtv2   |            1 | sessionstart | A         |      100885 |     NULL | NULL   | YES  | BTREE      |         |               |
+------------+------------+----------+--------------+--------------+-----------+-------------+----------+--------+------+------------+---------+---------------+
2 rows in set (0.00 sec)

Query OK, 100569 rows affected (12.06 sec)
Records: 100569  Duplicates: 0  Warnings: 0

Query OK, 2533 rows affected (0.69 sec)
Records: 2533  Duplicates: 0  Warnings: 0

Query OK, 0 rows affected (0.00 sec)

Query OK, 0 rows affected (0.00 sec)

Query OK, 128 rows affected (0.04 sec)
Records: 128  Duplicates: 0  Warnings: 0

Query OK, 0 rows affected (0.00 sec)

Query OK, 69469 rows affected (8 min 15.29 sec)
Records: 69469  Duplicates: 0  Warnings: 0

+-----------------+
| rep_livetvstats |
+-----------------+
|           69469 |
+-----------------+
1 row in set (0.02 sec)

mysql> mysql \. C:\workspace\cloud\code\sql\_DailyScript\currenttime.sql
+---------------------+
| currenttime         |
+---------------------+
| 2021-06-14 06:03:24 |
+---------------------+
1 row in set (0.00 sec)

mysql> 
mysql> mysql \. C:\workspace\cloud\code\sql\_DailyScript\DAILY-SCRIPT-VODTS-STATS.sql
Database changed
Query OK, 0 rows affected (0.01 sec)

Query OK, 6982 rows affected (24.74 sec)
Records: 6982  Duplicates: 0  Warnings: 0

+---------+------------+----------+--------------+--------------+-----------+-------------+----------+--------+------+------------+---------+---------------+
| Table   | Non_unique | Key_name | Seq_in_index | Column_name  | Collation | Cardinality | Sub_part | Packed | Null | Index_type | Comment | Index_comment |
+---------+------------+----------+--------------+--------------+-----------+-------------+----------+--------+------+------------+---------+---------------+
| tempvod |          1 | idxtvod1 |            1 | device       | A         |        6969 |     NULL | NULL   | YES  | BTREE      |         |               |
| tempvod |          1 | idxtvod2 |            1 | sessionstart | A         |        6969 |     NULL | NULL   | YES  | BTREE      |         |               |
+---------+------------+----------+--------------+--------------+-----------+-------------+----------+--------+------+------------+---------+---------------+
2 rows in set (0.00 sec)

Query OK, 7047 rows affected (3.81 sec)
Records: 7047  Duplicates: 0  Warnings: 0

Query OK, 0 rows affected (0.03 sec)

Query OK, 1241838 rows affected (1 min 45.96 sec)
Records: 1241838  Duplicates: 0  Warnings: 0

+--------------+
| rep_vodstats |
+--------------+
|      1241838 |
+--------------+
1 row in set (0.37 sec)

Database changed
Query OK, 0 rows affected (0.01 sec)

Query OK, 21173 rows affected (48.74 sec)
Records: 21173  Duplicates: 0  Warnings: 0

+--------+------------+----------+--------------+--------------+-----------+-------------+----------+--------+------+------------+---------+---------------+
| Table  | Non_unique | Key_name | Seq_in_index | Column_name  | Collation | Cardinality | Sub_part | Packed | Null | Index_type | Comment | Index_comment |
+--------+------------+----------+--------------+--------------+-----------+-------------+----------+--------+------+------------+---------+---------------+
| tempts |          1 | idxtts1  |            1 | device       | A         |       21415 |     NULL | NULL   | YES  | BTREE      |         |               |
| tempts |          1 | idxtts2  |            1 | sessionstart | A         |       21415 |     NULL | NULL   | YES  | BTREE      |         |               |
+--------+------------+----------+--------------+--------------+-----------+-------------+----------+--------+------+------------+---------+---------------+
2 rows in set (0.00 sec)

Query OK, 21035 rows affected (15.15 sec)
Records: 21035  Duplicates: 0  Warnings: 0

Query OK, 0 rows affected (0.01 sec)

Query OK, 48844 rows affected (49.78 sec)
Records: 48844  Duplicates: 0  Warnings: 0

+-------------+
| rep_tsstats |
+-------------+
|       48844 |
+-------------+
1 row in set (0.02 sec)

mysql> mysql \. C:\workspace\cloud\code\sql\_DailyScript\currenttime.sql
+---------------------+
| currenttime         |
+---------------------+
| 2021-06-14 06:07:33 |
+---------------------+
1 row in set (0.00 sec)

mysql> 
mysql> mysql \. C:\workspace\cloud\code\sql\_DailyScript\DAILY-SCRIPT-RADIO-STATS.sql
Database changed
Query OK, 0 rows affected (0.02 sec)

Query OK, 398859 rows affected (4.71 sec)
Records: 398859  Duplicates: 0  Warnings: 0

+-----------+------------+----------+--------------+--------------+-----------+-------------+----------+--------+------+------------+---------+---------------+
| Table     | Non_unique | Key_name | Seq_in_index | Column_name  | Collation | Cardinality | Sub_part | Packed | Null | Index_type | Comment | Index_comment |
+-----------+------------+----------+--------------+--------------+-----------+-------------+----------+--------+------+------------+---------+---------------+
| tempradio |          1 | idxtrad1 |            1 | device       | A         |      398533 |     NULL | NULL   | YES  | BTREE      |         |               |
| tempradio |          1 | idxtrad2 |            1 | sessionstart | A         |      398533 |     NULL | NULL   | YES  | BTREE      |         |               |
+-----------+------------+----------+--------------+--------------+-----------+-------------+----------+--------+------+------------+---------+---------------+
2 rows in set (0.00 sec)

Query OK, 403 rows affected (0.93 sec)
Records: 403  Duplicates: 0  Warnings: 0

Query OK, 0 rows affected (0.01 sec)

Query OK, 6472 rows affected (0.53 sec)
Records: 6472  Duplicates: 0  Warnings: 0

+----------------+
| rep_radiostats |
+----------------+
|           6472 |
+----------------+
1 row in set (0.00 sec)

mysql> mysql \. C:\workspace\cloud\code\sql\_DailyScript\currenttime.sql
+---------------------+
| currenttime         |
+---------------------+
| 2021-06-14 06:07:39 |
+---------------------+
1 row in set (0.00 sec)

mysql> 
mysql> mysql \. C:\workspace\cloud\code\sql\_DailyScript\DAILY_SCRIPT_TELEMETRY_PIVOT_2021.sql
Query OK, 0 rows affected (0.01 sec)

Query OK, 140 rows affected (0.12 sec)
Records: 140  Duplicates: 0  Warnings: 0

Query OK, 0 rows affected (0.01 sec)

Query OK, 12701 rows affected (1.90 sec)
Records: 12701  Duplicates: 0  Warnings: 0

Query OK, 0 rows affected (0.01 sec)

Query OK, 5 rows affected (0.02 sec)
Records: 5  Duplicates: 0  Warnings: 0

Query OK, 0 rows affected (0.01 sec)

Query OK, 44 rows affected (0.06 sec)
Records: 44  Duplicates: 0  Warnings: 0

mysql> mysql \. C:\workspace\cloud\code\sql\_DailyScript\currenttime.sql
+---------------------+
| currenttime         |
+---------------------+
| 2021-06-14 06:07:41 |
+---------------------+
1 row in set (0.00 sec)

mysql> 
mysql> mysql \. C:\workspace\cloud\code\sql\_DailyScript\telemetry_livetv_ranking2021.sql
Query OK, 0 rows affected (0.00 sec)

Query OK, 140 rows affected (0.02 sec)
Records: 140  Duplicates: 0  Warnings: 0

mysql> mysql \. C:\workspace\cloud\code\sql\_DailyScript\currenttime.sql
+---------------------+
| currenttime         |
+---------------------+
| 2021-06-14 06:07:41 |
+---------------------+
1 row in set (0.00 sec)

mysql> 
mysql> mysql \. C:\workspace\cloud\code\sql\_DailyScript\telemetry_radio_ranking2021.sql
Query OK, 0 rows affected (0.00 sec)

Query OK, 5 rows affected (0.02 sec)
Records: 5  Duplicates: 0  Warnings: 0

mysql> mysql \. C:\workspace\cloud\code\sql\_DailyScript\currenttime.sql
+---------------------+
| currenttime         |
+---------------------+
| 2021-06-14 06:07:41 |
+---------------------+
1 row in set (0.00 sec)

mysql> 
mysql> mysql \. C:\workspace\cloud\code\sql\_DailyScript\telemetry_ts_ranking2021.sql
Query OK, 0 rows affected (0.00 sec)

Query OK, 44 rows affected (0.02 sec)
Records: 44  Duplicates: 0  Warnings: 0

mysql> mysql \. C:\workspace\cloud\code\sql\_DailyScript\currenttime.sql
+---------------------+
| currenttime         |
+---------------------+
| 2021-06-14 06:07:41 |
+---------------------+
1 row in set (0.00 sec)

mysql> 
mysql> mysql \. C:\workspace\cloud\code\sql\_DailyScript\telemetry_vod_ranking2021.sql
Query OK, 0 rows affected (0.01 sec)

Query OK, 12701 rows affected (0.63 sec)
Records: 12701  Duplicates: 0  Warnings: 0

mysql> mysql \. C:\workspace\cloud\code\sql\_DailyScript\currenttime.sql
+---------------------+
| currenttime         |
+---------------------+
| 2021-06-14 06:07:42 |
+---------------------+
1 row in set (0.00 sec)

mysql> 
mysql> mysql \. C:\workspace\cloud\code\sql\_DailyScript\telemetry_vod_ranking2021_1.sql
Query OK, 0 rows affected (0.00 sec)

Query OK, 12701 rows affected (0.30 sec)
Records: 12701  Duplicates: 0  Warnings: 0

mysql> mysql \. C:\workspace\cloud\code\sql\_DailyScript\currenttime.sql
+---------------------+
| currenttime         |
+---------------------+
| 2021-06-14 06:07:42 |
+---------------------+
1 row in set (0.00 sec)

mysql> 
mysql> mysql \. C:\workspace\cloud\code\sql\_DailyScript\telemetry_vod_ranking2021_2.sql
Query OK, 0 rows affected (0.01 sec)

Query OK, 12701 rows affected (0.27 sec)
Records: 12701  Duplicates: 0  Warnings: 0

mysql> mysql \. C:\workspace\cloud\code\sql\_DailyScript\currenttime.sql
+---------------------+
| currenttime         |
+---------------------+
| 2021-06-14 06:07:42 |
+---------------------+
1 row in set (0.00 sec)

mysql> 
mysql> 
mysql> 
mysql> 
mysql> mysql \. C:\workspace\cloud\code\sql\_DailyScript\ticket_analysis.sql
Database changed
Query OK, 0 rows affected (0.04 sec)

Query OK, 825305 rows affected (27.11 sec)
Records: 825305  Duplicates: 0  Warnings: 0

Query OK, 0 rows affected (3.29 sec)
Records: 0  Duplicates: 0  Warnings: 0

Query OK, 0 rows affected (1.66 sec)
Records: 0  Duplicates: 0  Warnings: 0

Query OK, 0 rows affected (1.49 sec)
Records: 0  Duplicates: 0  Warnings: 0

Query OK, 0 rows affected (0.01 sec)

Query OK, 25900 rows affected (13.21 sec)
Records: 25900  Duplicates: 0  Warnings: 0

Query OK, 0 rows affected, 1 warning (0.00 sec)

Query OK, 119549 rows affected (8.23 sec)
Records: 119549  Duplicates: 0  Warnings: 0

Query OK, 0 rows affected, 1 warning (0.00 sec)

Query OK, 607156 rows affected (16.15 sec)
Records: 607156  Duplicates: 0  Warnings: 0

Query OK, 0 rows affected, 1 warning (0.00 sec)

Query OK, 607156 rows affected (15.95 sec)
Records: 607156  Duplicates: 0  Warnings: 0

Query OK, 0 rows affected (0.01 sec)

Query OK, 119666 rows affected (4.15 sec)
Records: 119666  Duplicates: 0  Warnings: 0

Database changed
Query OK, 0 rows affected (0.00 sec)

Query OK, 0 rows affected (0.03 sec)

Query OK, 825305 rows affected (27.79 sec)
Records: 825305  Duplicates: 0  Warnings: 0

Query OK, 0 rows affected (0.02 sec)

Query OK, 424245 rows affected (17.47 sec)
Records: 424245  Duplicates: 0  Warnings: 0

+--------------------------+
| clientticket_cmmtjourney |
+--------------------------+
|                   825305 |
+--------------------------+
1 row in set (1.05 sec)

+---------------------------+
| clientticket_assgnjourney |
+---------------------------+
|                    424245 |
+---------------------------+
1 row in set (0.20 sec)

Query OK, 0 rows affected (0.01 sec)

Query OK, 86 rows affected (0.25 sec)
Records: 86  Duplicates: 0  Warnings: 0

mysql> mysql \. C:\workspace\cloud\code\sql\_DailyScript\currenttime.sql
+---------------------+
| currenttime         |
+---------------------+
| 2021-06-14 06:10:01 |
+---------------------+
1 row in set (0.00 sec)

mysql> 
mysql> mysql \. C:\workspace\cloud\code\sql\_DailyScript\load_DailyCalls.sql
Database changed
Query OK, 341 rows affected (0.11 sec)
Records: 341  Deleted: 0  Skipped: 0  Warnings: 0

Query OK, 0 rows affected, 1 warning (0.00 sec)

Query OK, 341 rows affected (0.03 sec)
Records: 341  Duplicates: 0  Warnings: 0

Query OK, 0 rows affected, 1 warning (0.00 sec)

Query OK, 69657 rows affected (0.31 sec)
Records: 69657  Duplicates: 0  Warnings: 0

+----------------------+
| callingclientsbefore |
+----------------------+
|              1207811 |
+----------------------+
1 row in set (0.49 sec)

Query OK, 511 rows affected (7.54 sec)
Records: 511  Duplicates: 0  Warnings: 0

+---------------------+
| callingclientsafter |
+---------------------+
|             1208322 |
+---------------------+
1 row in set (0.33 sec)

Query OK, 0 rows affected (0.01 sec)

Query OK, 246 rows affected (4.20 sec)
Records: 246  Duplicates: 0  Warnings: 0

Query OK, 0 rows affected (0.01 sec)

Query OK, 23523 rows affected (4.03 sec)
Records: 23523  Duplicates: 0  Warnings: 0

+-----------+
| callstats |
+-----------+
|     23523 |
+-----------+
1 row in set (0.01 sec)

Query OK, 0 rows affected, 1 warning (0.00 sec)

Query OK, 511 rows affected (2.62 sec)
Records: 511  Duplicates: 0  Warnings: 0

+------------------------+
| rep_cccallreportbefore |
+------------------------+
|                1209383 |
+------------------------+
1 row in set (0.33 sec)

Query OK, 554 rows affected (0.13 sec)
Records: 554  Duplicates: 0  Warnings: 0

+-----------------------+
| rep_cccallreportafter |
+-----------------------+
|               1209937 |
+-----------------------+
1 row in set (0.33 sec)

Query OK, 0 rows affected (0.00 sec)

mysql> mysql \. C:\workspace\cloud\code\sql\_DailyScript\currenttime.sql
+---------------------+
| currenttime         |
+---------------------+
| 2021-06-14 06:10:21 |
+---------------------+
1 row in set (0.00 sec)

mysql> 
mysql> mysql \. C:\workspace\cloud\code\sql\_DailyScript\DAILY-SCRIPT-USAGE.sql
Database changed
Query OK, 0 rows affected (0.00 sec)

Query OK, 4443 rows affected, 12861 warnings (0.97 sec)
Records: 4443  Deleted: 0  Skipped: 0  Warnings: 12861

Query OK, 0 rows affected (0.01 sec)

Query OK, 6845 rows affected, 19842 warnings (1.20 sec)
Records: 6845  Deleted: 0  Skipped: 0  Warnings: 19842

Query OK, 0 rows affected (0.00 sec)

Query OK, 281 rows affected, 1014 warnings (0.04 sec)
Records: 281  Deleted: 0  Skipped: 0  Warnings: 1014

Query OK, 0 rows affected (0.00 sec)

Query OK, 155 rows affected, 530 warnings (0.03 sec)
Records: 155  Deleted: 0  Skipped: 0  Warnings: 530

+------------+
| dailyusage |
+------------+
|   17827823 |
+------------+
1 row in set (6.74 sec)

+------------+------------+------------+---------+
| datestart  | dateend    | insertedon | records |
+------------+------------+------------+---------+
| 2021-06-11 | 2021-06-11 | 2021-06-14 |   11724 |
| 2021-06-10 | 2021-06-10 | 2021-06-11 |   11984 |
| 2021-06-09 | 2021-06-09 | 2021-06-10 |   11969 |
| 2021-06-08 | 2021-06-08 | 2021-06-09 |   11797 |
| 2021-06-07 | 2021-06-07 | 2021-06-08 |   11772 |
+------------+------------+------------+---------+
5 rows in set (35.57 sec)

+----------+------------+------------+------------+---------+
| category | datestart  | dateend    | insertedon | records |
+----------+------------+------------+------------+---------+
| UNCAPPED | 2021-06-11 | 2021-06-11 | 2021-06-14 |    6845 |
| PREPAID  | 2021-06-11 | 2021-06-11 | 2021-06-14 |     281 |
| HOTSPOT  | 2021-06-11 | 2021-06-11 | 2021-06-14 |     155 |
| CAPPED   | 2021-06-11 | 2021-06-11 | 2021-06-14 |    4443 |
| UNCAPPED | 2021-06-10 | 2021-06-10 | 2021-06-11 |    7003 |
| PREPAID  | 2021-06-10 | 2021-06-10 | 2021-06-11 |     276 |
| HOTSPOT  | 2021-06-10 | 2021-06-10 | 2021-06-11 |     158 |
| CAPPED   | 2021-06-10 | 2021-06-10 | 2021-06-11 |    4547 |
| UNCAPPED | 2021-06-09 | 2021-06-09 | 2021-06-10 |    7010 |
| PREPAID  | 2021-06-09 | 2021-06-09 | 2021-06-10 |     288 |
| HOTSPOT  | 2021-06-09 | 2021-06-09 | 2021-06-10 |     148 |
| CAPPED   | 2021-06-09 | 2021-06-09 | 2021-06-10 |    4523 |
| UNCAPPED | 2021-06-08 | 2021-06-08 | 2021-06-09 |    6807 |
| PREPAID  | 2021-06-08 | 2021-06-08 | 2021-06-09 |     297 |
| HOTSPOT  | 2021-06-08 | 2021-06-08 | 2021-06-09 |     148 |
| CAPPED   | 2021-06-08 | 2021-06-08 | 2021-06-09 |    4545 |
| UNCAPPED | 2021-06-07 | 2021-06-07 | 2021-06-08 |    6881 |
| PREPAID  | 2021-06-07 | 2021-06-07 | 2021-06-08 |     292 |
| HOTSPOT  | 2021-06-07 | 2021-06-07 | 2021-06-08 |     165 |
| CAPPED   | 2021-06-07 | 2021-06-07 | 2021-06-08 |    4434 |
+----------+------------+------------+------------+---------+
20 rows in set (26.02 sec)

mysql> mysql \. C:\workspace\cloud\code\sql\_DailyScript\currenttime.sql
+---------------------+
| currenttime         |
+---------------------+
| 2021-06-14 06:11:32 |
+---------------------+
1 row in set (0.00 sec)

mysql> 
mysql> mysql \. C:\workspace\cloud\code\sql\_DailyScript\DAILY-SCRIPT-SALES-TELEMETRY.sql
Database changed
Query OK, 124 rows affected, 82 warnings (0.03 sec)
Records: 124  Deleted: 0  Skipped: 0  Warnings: 82

+------------+
| dailysales |
+------------+
|     236187 |
+------------+
1 row in set (0.25 sec)

Query OK, 0 rows affected (0.02 sec)

Query OK, 236187 rows affected (15.97 sec)
Records: 236187  Duplicates: 0  Warnings: 0

+--------+
| sales  |
+--------+
| 236187 |
+--------+
1 row in set (0.10 sec)

Query OK, 0 rows affected (0.02 sec)

Query OK, 3908 rows affected (0.38 sec)
Records: 3908  Duplicates: 0  Warnings: 0

+----------------+
| rep_dailysales |
+----------------+
|           3908 |
+----------------+
1 row in set (0.00 sec)

Query OK, 0 rows affected (0.00 sec)

Query OK, 3908 rows affected (0.61 sec)
Records: 3908  Duplicates: 0  Warnings: 0

+-------------------+
| rep_dailysalesreg |
+-------------------+
|              3908 |
+-------------------+
1 row in set (0.00 sec)

Query OK, 0 rows affected (0.01 sec)

Query OK, 2937 rows affected (0.74 sec)
Records: 2937  Duplicates: 0  Warnings: 0

+-----------+
| saleslist |
+-----------+
|      2937 |
+-----------+
1 row in set (0.00 sec)

Database changed
ERROR 2 (HY000): File 'C:\ProgramData\MySQL\MySQL Server 5.7\Uploads\_csv\PrepaidCardSales-11062021-P1.csv' not found (Errcode: 2 - No such file or directory)
+------------------+
| dailysinglesales |
+------------------+
|             6532 |
+------------------+
1 row in set (0.01 sec)

Database changed
Query OK, 12 rows affected (0.01 sec)
Records: 12  Deleted: 0  Skipped: 0  Warnings: 0

+-----------------+
| dailyaddonsales |
+-----------------+
|           23832 |
+-----------------+
1 row in set (0.04 sec)

Query OK, 219 rows affected (0.06 sec)
Records: 219  Deleted: 0  Skipped: 0  Warnings: 0

+----------------+
| onlinepayments |
+----------------+
|         195211 |
+----------------+
1 row in set (0.13 sec)

+-------------+----------------+---------------------+
| paymentdate | onlinepayments | onlinepaymentamount |
+-------------+----------------+---------------------+
| 2021-06-11  |            219 |        122728.24000 |
| 2021-06-10  |            273 |        162903.31000 |
| 2021-06-09  |            245 |        162935.32000 |
| 2021-06-08  |            221 |        148169.45000 |
| 2021-06-07  |            242 |        156190.18000 |
+-------------+----------------+---------------------+
5 rows in set (0.60 sec)

+-------------+--------------+----------------+---------------------+
| paymentyear | paymentmonth | onlinepayments | onlinepaymentamount |
+-------------+--------------+----------------+---------------------+
|        2021 |            6 |           3113 |       2040205.16000 |
|        2021 |            5 |           9358 |       5959322.66000 |
|        2021 |            4 |           8607 |       5573873.25000 |
|        2021 |            3 |           9164 |       5894594.15000 |
|        2021 |            2 |           8581 |       5454096.95000 |
+-------------+--------------+----------------+---------------------+
5 rows in set (0.19 sec)

mysql> mysql \. C:\workspace\cloud\code\sql\_DailyScript\currenttime.sql
+---------------------+
| currenttime         |
+---------------------+
| 2021-06-14 06:11:51 |
+---------------------+
1 row in set (0.00 sec)

mysql> 
mysql> mysql \. C:\workspace\cloud\code\sql\_DailyScript\DAILY-SCRIPT-ACTIVENUMBERS.sql
Database changed
Query OK, 1116 rows affected (0.52 sec)
Records: 1116  Deleted: 0  Skipped: 0  Warnings: 0

+------------+----------+
| period     | count(1) |
+------------+----------+
| 2021-06-11 |     1116 |
| 2021-06-10 |     1116 |
| 2021-06-09 |     1115 |
| 2021-06-08 |     1117 |
| 2021-06-07 |     1117 |
+------------+----------+
5 rows in set (0.01 sec)

Query OK, 0 rows affected (0.01 sec)

Query OK, 74 rows affected (1.39 sec)
Records: 74  Duplicates: 0  Warnings: 0

+-------------+
| packagelist |
+-------------+
|          74 |
+-------------+
1 row in set (0.00 sec)

Database changed
Query OK, 0 rows affected (0.01 sec)

Query OK, 0 rows affected (0.00 sec)

Query OK, 0 rows affected (0.00 sec)

Query OK, 0 rows affected (0.00 sec)

Query OK, 28924 rows affected, 280 warnings (17.77 sec)
Records: 28924  Deleted: 0  Skipped: 0  Warnings: 280

+------------+----------+
| period     | count(1) |
+------------+----------+
| 2021-06-11 |    28924 |
| 2021-06-10 |    28895 |
| 2021-06-09 |    28934 |
| 2021-06-08 |    28861 |
| 2021-06-07 |    28815 |
+------------+----------+
5 rows in set (0.16 sec)

Query OK, 0 rows affected (0.03 sec)

Query OK, 28355 rows affected (51.73 sec)
Records: 28355  Duplicates: 0  Warnings: 0

Query OK, 0 rows affected (0.14 sec)
Records: 0  Duplicates: 0  Warnings: 0

Query OK, 0 rows affected (0.11 sec)
Records: 0  Duplicates: 0  Warnings: 0

Query OK, 0 rows affected (0.10 sec)
Records: 0  Duplicates: 0  Warnings: 0

Query OK, 0 rows affected (0.09 sec)
Records: 0  Duplicates: 0  Warnings: 0

Query OK, 0 rows affected (0.07 sec)
Records: 0  Duplicates: 0  Warnings: 0

Query OK, 0 rows affected (0.07 sec)
Records: 0  Duplicates: 0  Warnings: 0

+-------------+
| countbefore |
+-------------+
|    46604470 |
+-------------+
1 row in set (17.99 sec)

Query OK, 28355 rows affected (5.88 sec)
Records: 28355  Duplicates: 0  Warnings: 0

+------------+
| countafter |
+------------+
|   46632825 |
+------------+
1 row in set (16.57 sec)

+------------+--------------------------+
| period     | customercontractactivity |
+------------+--------------------------+
| 2021-06-11 |                    28355 |
| 2021-06-10 |                    28326 |
| 2021-06-09 |                    28365 |
| 2021-06-08 |                    28291 |
| 2021-06-07 |                    28246 |
+------------+--------------------------+
5 rows in set (0.06 sec)

Query OK, 0 rows affected (0.24 sec)

Query OK, 306642 rows affected (8 min 30.77 sec)
Records: 306642  Duplicates: 0  Warnings: 0

Query OK, 0 rows affected (1.00 sec)
Records: 0  Duplicates: 0  Warnings: 0

Query OK, 0 rows affected (1.18 sec)
Records: 0  Duplicates: 0  Warnings: 0

Query OK, 0 rows affected (1.15 sec)
Records: 0  Duplicates: 0  Warnings: 0

Query OK, 0 rows affected (0.01 sec)

Query OK, 236 rows affected (0.46 sec)
Records: 236  Duplicates: 0  Warnings: 0

Query OK, 0 rows affected (0.01 sec)

Query OK, 2545 rows affected (0.63 sec)
Records: 2545  Duplicates: 0  Warnings: 0

Query OK, 0 rows affected (0.02 sec)

Query OK, 28333 rows affected (0.57 sec)
Records: 28333  Duplicates: 0  Warnings: 0

Query OK, 0 rows affected (0.01 sec)

Query OK, 17238 rows affected (0.37 sec)
Records: 17238  Duplicates: 0  Warnings: 0

Query OK, 0 rows affected (0.01 sec)

Query OK, 17238 rows affected (0.13 sec)
Records: 17238  Duplicates: 0  Warnings: 0

Query OK, 0 rows affected (0.01 sec)

Query OK, 17238 rows affected (1.16 sec)
Records: 17238  Duplicates: 0  Warnings: 0

Query OK, 0 rows affected (0.01 sec)

Query OK, 17238 rows affected (45.63 sec)
Records: 17238  Duplicates: 0  Warnings: 0

+-------------+
| clientstats |
+-------------+
|       17238 |
+-------------+
1 row in set (0.01 sec)

Query OK, 0 rows affected (0.00 sec)

Query OK, 13 rows affected, 1 warning (0.10 sec)
Records: 13  Duplicates: 0  Warnings: 1

+-----------------------+-------------+-------------+----------------+-----------------+
| services              | activecount | allaccounts | uniqueaccounts | uniquecontracts |
+-----------------------+-------------+-------------+----------------+-----------------+
| All                   |         389 |          66 |             66 |             210 |
| Internet & OTT        |           2 |           1 |              1 |               1 |
| Internet & Voice      |         321 |         141 |            141 |             277 |
| Internet Only         |        4407 |        4291 |           4285 |            4333 |
| OTT Only              |           1 |           1 |              1 |               1 |
| TV & Internet         |       10002 |        4484 |           4475 |            9147 |
| TV & Internet & OTT   |        3930 |        1014 |           1012 |            2100 |
| TV & Internet & Voice |         552 |         156 |            156 |             480 |
| TV & OTT              |         526 |          74 |             72 |              96 |
| TV & Voice            |          77 |          34 |             34 |              69 |
| TV Only               |        8732 |        6846 |           6838 |            7040 |
| Voice Only            |         133 |         130 |            130 |             133 |
| GRAND TOTAL           |       29072 |       17238 |          17174 |           23887 |
+-----------------------+-------------+-------------+----------------+-----------------+
13 rows in set (0.00 sec)

+-------------+-------------+-------------+----------------+-----------------+
| network     | activecount | allaccounts | uniqueaccounts | uniquecontracts |
+-------------+-------------+-------------+----------------+-----------------+
| GPON        |       12192 |        6051 |           6048 |            9602 |
| HFC         |       16880 |       11187 |          11187 |           14285 |
| GRAND TOTAL |       29072 |       17238 |          17174 |           23887 |
+-------------+-------------+-------------+----------------+-----------------+
3 rows in set, 1 warning (0.12 sec)

+-------------+-----------------------+-------------+-------------+----------------+-----------------+
| network     | services              | activecount | allaccounts | uniqueaccounts | uniquecontracts |
+-------------+-----------------------+-------------+-------------+----------------+-----------------+
| GPON        | All                   |         268 |          49 |             49 |             153 |
| GPON        | Internet & Voice      |          80 |          33 |             33 |              70 |
| GPON        | Internet Only         |        1463 |        1364 |           1364 |            1390 |
| GPON        | TV & Internet         |        5100 |        2248 |           2248 |            4623 |
| GPON        | TV & Internet & OTT   |        2657 |         689 |            689 |            1432 |
| GPON        | TV & Internet & Voice |         266 |          70 |             70 |             218 |
| GPON        | TV & OTT              |         318 |          41 |             41 |              54 |
| GPON        | TV & Voice            |          52 |          23 |             23 |              47 |
| GPON        | TV Only               |        1971 |        1518 |           1518 |            1598 |
| GPON        | Voice Only            |          17 |          16 |             16 |              17 |
| GPON        | Services Total        |       12192 |        6051 |           6048 |            9602 |
| HFC         | All                   |         121 |          17 |             17 |              57 |
| HFC         | Internet & OTT        |           2 |           1 |              1 |               1 |
| HFC         | Internet & Voice      |         241 |         108 |            108 |             207 |
| HFC         | Internet Only         |        2944 |        2927 |           2927 |            2943 |
| HFC         | OTT Only              |           1 |           1 |              1 |               1 |
| HFC         | TV & Internet         |        4902 |        2236 |           2236 |            4524 |
| HFC         | TV & Internet & OTT   |        1273 |         325 |            325 |             668 |
| HFC         | TV & Internet & Voice |         286 |          86 |             86 |             262 |
| HFC         | TV & OTT              |         208 |          33 |             33 |              42 |
| HFC         | TV & Voice            |          25 |          11 |             11 |              22 |
| HFC         | TV Only               |        6761 |        5328 |           5328 |            5442 |
| HFC         | Voice Only            |         116 |         114 |            114 |             116 |
| HFC         | Services Total        |       16880 |       11187 |          11187 |           14285 |
| GRAND TOTAL | Services Total        |       29072 |       17238 |          17174 |           23887 |
+-------------+-----------------------+-------------+-------------+----------------+-----------------+
25 rows in set, 2 warnings (0.13 sec)

Query OK, 0 rows affected (0.01 sec)

Query OK, 44 rows affected, 3 warnings (0.19 sec)
Records: 44  Duplicates: 0  Warnings: 3

+-------------+---------------+-----------------------+-------------+-------------+----------------+-----------------+
| region      | network       | services              | activecount | allaccounts | uniqueaccounts | uniquecontracts |
+-------------+---------------+-----------------------+-------------+-------------+----------------+-----------------+
| Eden Island | GPON          | TV & Internet         |           2 |           1 |              1 |               2 |
| Eden Island | GPON          | Services Total        |           2 |           1 |              1 |               2 |
| Eden Island | Network Total | Services Total        |           2 |           1 |              1 |               2 |
| Mahe        | GPON          | All                   |         231 |          43 |             43 |             134 |
| Mahe        | GPON          | Internet & Voice      |          70 |          28 |             28 |              60 |
| Mahe        | GPON          | Internet Only         |        1225 |        1126 |           1126 |            1152 |
| Mahe        | GPON          | TV & Internet         |        4293 |        1891 |           1891 |            3883 |
| Mahe        | GPON          | TV & Internet & OTT   |        2169 |         550 |            550 |            1148 |
| Mahe        | GPON          | TV & Internet & Voice |         257 |          67 |             67 |             209 |
| Mahe        | GPON          | TV & OTT              |         295 |          35 |             35 |              48 |
| Mahe        | GPON          | TV & Voice            |          48 |          21 |             21 |              43 |
| Mahe        | GPON          | TV Only               |        1609 |        1232 |           1232 |            1294 |
| Mahe        | GPON          | Voice Only            |          17 |          16 |             16 |              17 |
| Mahe        | GPON          | Services Total        |       10214 |        5009 |           5009 |            7988 |
| Mahe        | HFC           | All                   |         121 |          17 |             17 |              57 |
| Mahe        | HFC           | Internet & OTT        |           2 |           1 |              1 |               1 |
| Mahe        | HFC           | Internet & Voice      |         241 |         108 |            108 |             207 |
| Mahe        | HFC           | Internet Only         |        2943 |        2926 |           2926 |            2942 |
| Mahe        | HFC           | OTT Only              |           1 |           1 |              1 |               1 |
| Mahe        | HFC           | TV & Internet         |        4900 |        2235 |           2235 |            4522 |
| Mahe        | HFC           | TV & Internet & OTT   |        1273 |         325 |            325 |             668 |
| Mahe        | HFC           | TV & Internet & Voice |         286 |          86 |             86 |             262 |
| Mahe        | HFC           | TV & OTT              |         208 |          33 |             33 |              42 |
| Mahe        | HFC           | TV & Voice            |          25 |          11 |             11 |              22 |
| Mahe        | HFC           | TV Only               |        6758 |        5326 |           5326 |            5440 |
| Mahe        | HFC           | Voice Only            |         116 |         114 |            114 |             116 |
| Mahe        | HFC           | Services Total        |       16874 |       11183 |          11183 |           14280 |
| Mahe        | Network Total | Services Total        |       27088 |       16192 |          16131 |           22268 |
| Praslin     | GPON          | All                   |          37 |           6 |              6 |              19 |
| Praslin     | GPON          | Internet & Voice      |          10 |           5 |              5 |              10 |
| Praslin     | GPON          | Internet Only         |         238 |         238 |            238 |             238 |
| Praslin     | GPON          | TV & Internet         |         805 |         356 |            356 |             738 |
| Praslin     | GPON          | TV & Internet & OTT   |         488 |         139 |            139 |             284 |
| Praslin     | GPON          | TV & Internet & Voice |           9 |           3 |              3 |               9 |
| Praslin     | GPON          | TV & OTT              |          23 |           6 |              6 |               6 |
| Praslin     | GPON          | TV & Voice            |           4 |           2 |              2 |               4 |
| Praslin     | GPON          | TV Only               |         362 |         286 |            286 |             304 |
| Praslin     | GPON          | Services Total        |        1976 |        1041 |           1041 |            1612 |
| Praslin     | HFC           | Internet Only         |           1 |           1 |              1 |               1 |
| Praslin     | HFC           | TV & Internet         |           2 |           1 |              1 |               2 |
| Praslin     | HFC           | TV Only               |           3 |           2 |              2 |               2 |
| Praslin     | HFC           | Services Total        |           6 |           4 |              4 |               5 |
| Praslin     | Network Total | Services Total        |        1982 |        1045 |           1045 |            1617 |
| GRAND TOTAL | Network Total | Services Total        |       29072 |       17238 |          17174 |           23887 |
+-------------+---------------+-----------------------+-------------+-------------+----------------+-----------------+
44 rows in set (0.00 sec)

Query OK, 0 rows affected (0.01 sec)

Query OK, 28334 rows affected (0.42 sec)
Records: 28334  Duplicates: 0  Warnings: 0

Query OK, 0 rows affected (0.01 sec)

Query OK, 2283 rows affected (1.26 sec)
Records: 2283  Duplicates: 0  Warnings: 0

+--------------------------------------+
| message                              |
+--------------------------------------+
| running rcbill_my.sp_ActiveNumber2() |
+--------------------------------------+
1 row in set (0.00 sec)

Query OK, 365 rows affected (1 min 58.75 sec)

mysql> mysql \. C:\workspace\cloud\code\sql\_DailyScript\currenttime.sql
+---------------------+
| currenttime         |
+---------------------+
| 2021-06-14 06:25:08 |
+---------------------+
1 row in set (0.00 sec)

mysql> 
mysql> mysql \. C:\workspace\cloud\code\sql\_DailyScript\GetActiveNumbers Average -Pivot.sql
Database changed
+-------------------------------------+
| @today := subdate(current_date(),1) |
+-------------------------------------+
| 2021-06-13                          |
+-------------------------------------+
1 row in set (0.00 sec)

+-------------------------------------+
| @lastdayofmonth := last_day(@today) |
+-------------------------------------+
| 2021-06-30                          |
+-------------------------------------+
1 row in set (0.00 sec)

Query OK, 0 rows affected (0.01 sec)

Query OK, 48367 rows affected, 65535 warnings (1 min 0.98 sec)
Records: 48367  Duplicates: 0  Warnings: 99343

Query OK, 0 rows affected (0.11 sec)
Records: 0  Duplicates: 0  Warnings: 0

Query OK, 0 rows affected (0.13 sec)
Records: 0  Duplicates: 0  Warnings: 0

Query OK, 0 rows affected (0.11 sec)
Records: 0  Duplicates: 0  Warnings: 0

+-----------------+
| activenumberavg |
+-----------------+
|           48367 |
+-----------------+
1 row in set (0.01 sec)

Query OK, 0 rows affected (0.01 sec)

Query OK, 1969 rows affected (0.59 sec)
Records: 1969  Duplicates: 0  Warnings: 0

+---------------------+
| rep_activenumberavg |
+---------------------+
|                1969 |
+---------------------+
1 row in set (0.00 sec)

+----------------------+
| rep_activenumberavg1 |
+----------------------+
|                  919 |
+----------------------+
1 row in set (0.00 sec)

Query OK, 0 rows affected (0.01 sec)

Query OK, 2546 rows affected (0.46 sec)
Records: 2546  Duplicates: 0  Warnings: 0

Query OK, 0 rows affected (0.01 sec)

Query OK, 13123 rows affected (0.87 sec)
Records: 13123  Duplicates: 0  Warnings: 0

Query OK, 0 rows affected (0.00 sec)

Query OK, 0 rows affected (0.00 sec)

Query OK, 0 rows affected (0.00 sec)

Query OK, 0 rows affected (0.00 sec)

Query OK, 0 rows affected (0.00 sec)
Statement prepared

Query OK, 53 rows affected (0.05 sec)
Records: 53  Duplicates: 0  Warnings: 0

Query OK, 0 rows affected (0.00 sec)

Query OK, 0 rows affected (0.00 sec)

+----------------------+
| rep_activenumberavg2 |
+----------------------+
|                 2546 |
+----------------------+
1 row in set (0.00 sec)

+------------------------+
| rep_activenumberavg_pv |
+------------------------+
|                     53 |
+------------------------+
1 row in set (0.00 sec)

Query OK, 0 rows affected (0.00 sec)

Query OK, 2545 rows affected (0.38 sec)
Records: 2545  Duplicates: 0  Warnings: 0

Query OK, 0 rows affected (0.00 sec)

Query OK, 0 rows affected (0.01 sec)

Query OK, 0 rows affected (0.00 sec)

Query OK, 0 rows affected (0.00 sec)

Query OK, 0 rows affected (0.00 sec)
Statement prepared

Query OK, 53 rows affected (0.06 sec)
Records: 53  Duplicates: 0  Warnings: 0

Query OK, 0 rows affected (0.00 sec)

Query OK, 0 rows affected (0.00 sec)

+-------------------------+
| rep_activenumberavgMahe |
+-------------------------+
|                    2545 |
+-------------------------+
1 row in set (0.00 sec)

+----------------------------+
| rep_activenumberavgMahe_pv |
+----------------------------+
|                         53 |
+----------------------------+
1 row in set (0.00 sec)

Query OK, 0 rows affected (0.01 sec)

Query OK, 1611 rows affected (0.19 sec)
Records: 1611  Duplicates: 0  Warnings: 0

Query OK, 0 rows affected (0.00 sec)

Query OK, 0 rows affected (0.01 sec)

Query OK, 0 rows affected (0.00 sec)

Query OK, 0 rows affected (0.00 sec)

Query OK, 0 rows affected (0.00 sec)
Statement prepared

Query OK, 40 rows affected (0.04 sec)
Records: 40  Duplicates: 0  Warnings: 0

Query OK, 0 rows affected (0.00 sec)

Query OK, 0 rows affected (0.00 sec)

+----------------------------+
| rep_activenumberavgPraslin |
+----------------------------+
|                       1611 |
+----------------------------+
1 row in set (0.00 sec)

+-------------------------------+
| rep_activenumberavgPraslin_pv |
+-------------------------------+
|                            40 |
+-------------------------------+
1 row in set (0.00 sec)

mysql> mysql \. C:\workspace\cloud\code\sql\_DailyScript\currenttime.sql
+---------------------+
| currenttime         |
+---------------------+
| 2021-06-14 06:26:13 |
+---------------------+
1 row in set (0.00 sec)

mysql> 
mysql> 
mysql> 
mysql> 
mysql> 
mysql> 
mysql> 
mysql> 
mysql> 
mysql> 
mysql> 
mysql> 
mysql> 
mysql> 
mysql> 
mysql> 
mysql> 
mysql> 
mysql> 
mysql> 
mysql> 
mysql> 
mysql> 
mysql> 
mysql> 
mysql> 
mysql> 
mysql> 
mysql> 
mysql> exit
