    -> 
    -> mysql \. C:\workspace\cloud\code\sql\_DailyScript\_setdates.sql
Query OK, 0 rows affected (0.01 sec)

Query OK, 0 rows affected (1.86 sec)

Database changed
Query OK, 0 rows affected (0.00 sec)

Query OK, 0 rows affected (0.00 sec)

Query OK, 0 rows affected (0.00 sec)

Query OK, 0 rows affected (0.00 sec)

Query OK, 0 rows affected (0.00 sec)

Query OK, 0 rows affected (0.00 sec)

Query OK, 0 rows affected (0.00 sec)

Query OK, 0 rows affected (0.00 sec)

Query OK, 0 rows affected (0.00 sec)

Query OK, 0 rows affected (0.00 sec)

Query OK, 0 rows affected (0.00 sec)

Query OK, 0 rows affected (0.00 sec)

Query OK, 0 rows affected (0.00 sec)

Query OK, 0 rows affected (0.00 sec)

Query OK, 0 rows affected (0.00 sec)

Query OK, 0 rows affected (0.00 sec)

Query OK, 0 rows affected (0.00 sec)

Query OK, 0 rows affected (0.00 sec)

Query OK, 0 rows affected (0.00 sec)

Query OK, 0 rows affected (0.00 sec)

Query OK, 0 rows affected (0.00 sec)

Query OK, 0 rows affected (0.00 sec)

mysql> mysql \. C:\workspace\cloud\code\sql\_DailyScript\currenttime.sql
+---------------------+
| currenttime         |
+---------------------+
| 2022-01-11 09:22:41 |
+---------------------+
1 row in set (0.00 sec)

mysql> 
mysql> mysql \. C:\workspace\cloud\code\sql\_DailyScript\load_RCB_VODTITLES.sql
Database changed
Query OK, 0 rows affected (0.00 sec)

Query OK, 17280 rows affected (0.23 sec)

Query OK, 17282 rows affected, 17282 warnings (0.52 sec)
Records: 17282  Deleted: 0  Skipped: 0  Warnings: 17282

Query OK, 0 rows affected (0.00 sec)

Query OK, 2 rows affected (0.02 sec)

+-----------+
| VODTITLES |
+-----------+
|     17740 |
+-----------+
1 row in set (0.01 sec)

+-----------+-----------+
| titletype | typecount |
+-----------+-----------+
| E         |     14753 |
| N         |       245 |
| T         |      2282 |
| NULL      |     17280 |
+-----------+-----------+
4 rows in set (0.06 sec)

mysql> mysql \. C:\workspace\cloud\code\sql\_DailyScript\currenttime.sql
+---------------------+
| currenttime         |
+---------------------+
| 2022-01-11 09:22:42 |
+---------------------+
1 row in set (0.00 sec)

mysql> 
mysql> mysql \. C:\workspace\cloud\code\sql\_DailyScript\DAILY-SCRIPT-LIVETV-STATS.sql
Database changed
Query OK, 0 rows affected (0.01 sec)

Query OK, 489478 rows affected (6 min 19.22 sec)
Records: 489478  Duplicates: 0  Warnings: 0

+------------+------------+----------+--------------+--------------+-----------+-------------+----------+--------+------+------------+---------+---------------+
| Table      | Non_unique | Key_name | Seq_in_index | Column_name  | Collation | Cardinality | Sub_part | Packed | Null | Index_type | Comment | Index_comment |
+------------+------------+----------+--------------+--------------+-----------+-------------+----------+--------+------+------------+---------+---------------+
| templivetv |          1 | idxtv1   |            1 | device       | A         |      492951 |     NULL | NULL   | YES  | BTREE      |         |               |
| templivetv |          1 | idxtv2   |            1 | sessionstart | A         |      492951 |     NULL | NULL   | YES  | BTREE      |         |               |
+------------+------------+----------+--------------+--------------+-----------+-------------+----------+--------+------+------------+---------+---------------+
2 rows in set (0.03 sec)

Query OK, 489272 rows affected (3 min 40.66 sec)
Records: 489272  Duplicates: 0  Warnings: 0

Query OK, 10013 rows affected (4.92 sec)
Records: 10013  Duplicates: 0  Warnings: 0

Query OK, 0 rows affected (0.00 sec)

Query OK, 0 rows affected (0.00 sec)

Query OK, 484 rows affected (0.14 sec)
Records: 484  Duplicates: 0  Warnings: 0

Query OK, 0 rows affected (0.01 sec)

Query OK, 96239 rows affected (24 min 14.90 sec)
Records: 96239  Duplicates: 0  Warnings: 0

+-----------------+
| rep_livetvstats |
+-----------------+
|           96239 |
+-----------------+
1 row in set (0.03 sec)

mysql> mysql \. C:\workspace\cloud\code\sql\_DailyScript\currenttime.sql
+---------------------+
| currenttime         |
+---------------------+
| 2022-01-11 09:57:02 |
+---------------------+
1 row in set (0.00 sec)

mysql> 
mysql> mysql \. C:\workspace\cloud\code\sql\_DailyScript\DAILY-SCRIPT-VODTS-STATS.sql
Database changed
Query OK, 0 rows affected (0.03 sec)

Query OK, 37662 rows affected (1 min 29.82 sec)
Records: 37662  Duplicates: 0  Warnings: 0

+---------+------------+----------+--------------+--------------+-----------+-------------+----------+--------+------+------------+---------+---------------+
| Table   | Non_unique | Key_name | Seq_in_index | Column_name  | Collation | Cardinality | Sub_part | Packed | Null | Index_type | Comment | Index_comment |
+---------+------------+----------+--------------+--------------+-----------+-------------+----------+--------+------+------------+---------+---------------+
| tempvod |          1 | idxtvod1 |            1 | device       | A         |       37838 |     NULL | NULL   | YES  | BTREE      |         |               |
| tempvod |          1 | idxtvod2 |            1 | sessionstart | A         |       37838 |     NULL | NULL   | YES  | BTREE      |         |               |
+---------+------------+----------+--------------+--------------+-----------+-------------+----------+--------+------+------------+---------+---------------+
2 rows in set (0.00 sec)

Query OK, 38574 rows affected (9.91 sec)
Records: 38574  Duplicates: 0  Warnings: 0

Query OK, 0 rows affected (0.18 sec)

Query OK, 1713237 rows affected (2 min 45.36 sec)
Records: 1713237  Duplicates: 0  Warnings: 0

+--------------+
| rep_vodstats |
+--------------+
|      1713237 |
+--------------+
1 row in set (0.52 sec)

Database changed
Query OK, 0 rows affected (0.02 sec)

Query OK, 82844 rows affected (1 min 2.92 sec)
Records: 82844  Duplicates: 0  Warnings: 0

+--------+------------+----------+--------------+--------------+-----------+-------------+----------+--------+------+------------+---------+---------------+
| Table  | Non_unique | Key_name | Seq_in_index | Column_name  | Collation | Cardinality | Sub_part | Packed | Null | Index_type | Comment | Index_comment |
+--------+------------+----------+--------------+--------------+-----------+-------------+----------+--------+------+------------+---------+---------------+
| tempts |          1 | idxtts1  |            1 | device       | A         |       83083 |     NULL | NULL   | YES  | BTREE      |         |               |
| tempts |          1 | idxtts2  |            1 | sessionstart | A         |       83083 |     NULL | NULL   | YES  | BTREE      |         |               |
+--------+------------+----------+--------------+--------------+-----------+-------------+----------+--------+------+------------+---------+---------------+
2 rows in set (0.00 sec)

Query OK, 82594 rows affected (26.67 sec)
Records: 82594  Duplicates: 0  Warnings: 0

Query OK, 0 rows affected (0.01 sec)

Query OK, 56984 rows affected (1 min 31.92 sec)
Records: 56984  Duplicates: 0  Warnings: 0

+-------------+
| rep_tsstats |
+-------------+
|       56984 |
+-------------+
1 row in set (0.02 sec)

mysql> mysql \. C:\workspace\cloud\code\sql\_DailyScript\currenttime.sql
+---------------------+
| currenttime         |
+---------------------+
| 2022-01-11 10:04:29 |
+---------------------+
1 row in set (0.00 sec)

mysql> 
mysql> mysql \. C:\workspace\cloud\code\sql\_DailyScript\DAILY-SCRIPT-RADIO-STATS.sql
Database changed
Query OK, 0 rows affected (0.04 sec)

Query OK, 533162 rows affected (6.80 sec)
Records: 533162  Duplicates: 0  Warnings: 0

+-----------+------------+----------+--------------+--------------+-----------+-------------+----------+--------+------+------------+---------+---------------+
| Table     | Non_unique | Key_name | Seq_in_index | Column_name  | Collation | Cardinality | Sub_part | Packed | Null | Index_type | Comment | Index_comment |
+-----------+------------+----------+--------------+--------------+-----------+-------------+----------+--------+------+------------+---------+---------------+
| tempradio |          1 | idxtrad1 |            1 | device       | A         |      533634 |     NULL | NULL   | YES  | BTREE      |         |               |
| tempradio |          1 | idxtrad2 |            1 | sessionstart | A         |      533634 |     NULL | NULL   | YES  | BTREE      |         |               |
+-----------+------------+----------+--------------+--------------+-----------+-------------+----------+--------+------+------------+---------+---------------+
2 rows in set (0.00 sec)

Query OK, 3135 rows affected (1.62 sec)
Records: 3135  Duplicates: 0  Warnings: 0

Query OK, 0 rows affected (0.01 sec)

Query OK, 7457 rows affected (0.77 sec)
Records: 7457  Duplicates: 0  Warnings: 0

+----------------+
| rep_radiostats |
+----------------+
|           7457 |
+----------------+
1 row in set (0.01 sec)

mysql> mysql \. C:\workspace\cloud\code\sql\_DailyScript\currenttime.sql
+---------------------+
| currenttime         |
+---------------------+
| 2022-01-11 10:04:39 |
+---------------------+
1 row in set (0.00 sec)

mysql> 
mysql> mysql \. C:\workspace\cloud\code\sql\_DailyScript\DAILY_SCRIPT_TELEMETRY_PIVOT_2022.sql
Query OK, 0 rows affected (0.01 sec)

Query OK, 132 rows affected (0.12 sec)
Records: 132  Duplicates: 0  Warnings: 0

Query OK, 0 rows affected (0.02 sec)

Query OK, 9212 rows affected (1.39 sec)
Records: 9212  Duplicates: 0  Warnings: 0

Query OK, 0 rows affected (0.01 sec)

Query OK, 5 rows affected (0.02 sec)
Records: 5  Duplicates: 0  Warnings: 0

Query OK, 0 rows affected (0.01 sec)

Query OK, 45 rows affected (0.04 sec)
Records: 45  Duplicates: 0  Warnings: 0

mysql> mysql \. C:\workspace\cloud\code\sql\_DailyScript\currenttime.sql
+---------------------+
| currenttime         |
+---------------------+
| 2022-01-11 10:04:40 |
+---------------------+
1 row in set (0.00 sec)

mysql> 
mysql> mysql \. C:\workspace\cloud\code\sql\_DailyScript\telemetry_livetv_ranking2022.sql
Query OK, 0 rows affected (0.01 sec)

Query OK, 132 rows affected (0.04 sec)
Records: 132  Duplicates: 0  Warnings: 0

mysql> mysql \. C:\workspace\cloud\code\sql\_DailyScript\currenttime.sql
+---------------------+
| currenttime         |
+---------------------+
| 2022-01-11 10:04:40 |
+---------------------+
1 row in set (0.00 sec)

mysql> 
mysql> mysql \. C:\workspace\cloud\code\sql\_DailyScript\telemetry_radio_ranking2022.sql
Query OK, 0 rows affected (0.01 sec)

Query OK, 5 rows affected (0.02 sec)
Records: 5  Duplicates: 0  Warnings: 0

mysql> mysql \. C:\workspace\cloud\code\sql\_DailyScript\currenttime.sql
+---------------------+
| currenttime         |
+---------------------+
| 2022-01-11 10:04:40 |
+---------------------+
1 row in set (0.00 sec)

mysql> 
mysql> mysql \. C:\workspace\cloud\code\sql\_DailyScript\telemetry_ts_ranking2022.sql
Query OK, 0 rows affected (0.01 sec)

Query OK, 45 rows affected (0.02 sec)
Records: 45  Duplicates: 0  Warnings: 0

mysql> mysql \. C:\workspace\cloud\code\sql\_DailyScript\currenttime.sql
+---------------------+
| currenttime         |
+---------------------+
| 2022-01-11 10:04:40 |
+---------------------+
1 row in set (0.00 sec)

mysql> 
mysql> mysql \. C:\workspace\cloud\code\sql\_DailyScript\telemetry_vod_ranking2022.sql
Query OK, 0 rows affected (0.01 sec)

Query OK, 9212 rows affected (0.46 sec)
Records: 9212  Duplicates: 0  Warnings: 0

mysql> mysql \. C:\workspace\cloud\code\sql\_DailyScript\currenttime.sql
+---------------------+
| currenttime         |
+---------------------+
| 2022-01-11 10:04:41 |
+---------------------+
1 row in set (0.00 sec)

mysql> 
mysql> mysql \. C:\workspace\cloud\code\sql\_DailyScript\telemetry_vod_ranking2022_1.sql
Query OK, 0 rows affected (0.01 sec)

Query OK, 9212 rows affected (0.22 sec)
Records: 9212  Duplicates: 0  Warnings: 0

mysql> mysql \. C:\workspace\cloud\code\sql\_DailyScript\currenttime.sql
+---------------------+
| currenttime         |
+---------------------+
| 2022-01-11 10:04:41 |
+---------------------+
1 row in set (0.00 sec)

mysql> 
mysql> mysql \. C:\workspace\cloud\code\sql\_DailyScript\telemetry_vod_ranking2022_2.sql
Query OK, 0 rows affected (0.01 sec)

Query OK, 9212 rows affected (0.21 sec)
Records: 9212  Duplicates: 0  Warnings: 0

mysql> mysql \. C:\workspace\cloud\code\sql\_DailyScript\currenttime.sql
+---------------------+
| currenttime         |
+---------------------+
| 2022-01-11 10:04:41 |
+---------------------+
1 row in set (0.00 sec)

mysql> 
mysql> mysql \. C:\workspace\cloud\code\sql\_DailyScript\DAILY-SCRIPT-CREATE-LOAD.sql
Database changed
Database changed
Query OK, 0 rows affected (0.03 sec)

Query OK, 0 rows affected (0.02 sec)

Database changed
Query OK, 69001 rows affected, 65535 warnings (2.77 sec)
Records: 69001  Deleted: 0  Skipped: 0  Warnings: 206646

Query OK, 0 rows affected (0.16 sec)
Records: 0  Duplicates: 0  Warnings: 0

Query OK, 0 rows affected (0.25 sec)
Records: 0  Duplicates: 0  Warnings: 0

Query OK, 0 rows affected (0.26 sec)
Records: 0  Duplicates: 0  Warnings: 0

Query OK, 0 rows affected (0.26 sec)
Records: 0  Duplicates: 0  Warnings: 0

+---------+
| clients |
+---------+
|   69001 |
+---------+
1 row in set (0.02 sec)

Query OK, 0 rows affected (0.01 sec)

Query OK, 17241 rows affected (7.61 sec)
Records: 17241  Duplicates: 0  Warnings: 0

Query OK, 0 rows affected (0.07 sec)
Records: 0  Duplicates: 0  Warnings: 0

+-------------------+
| rcb_clientparcels |
+-------------------+
|             17241 |
+-------------------+
1 row in set (0.01 sec)

Query OK, 0 rows affected (0.01 sec)

Query OK, 109328 rows affected (3.69 sec)
Records: 109328  Duplicates: 0  Warnings: 0

Query OK, 0 rows affected (0.37 sec)
Records: 0  Duplicates: 0  Warnings: 0

Query OK, 0 rows affected (0.01 sec)

Query OK, 69001 rows affected (1 min 16.90 sec)
Records: 69001  Duplicates: 0  Warnings: 0

Query OK, 0 rows affected (0.22 sec)
Records: 0  Duplicates: 0  Warnings: 0

Query OK, 0 rows affected (0.25 sec)
Records: 0  Duplicates: 0  Warnings: 0

Query OK, 0 rows affected (0.17 sec)
Records: 0  Duplicates: 0  Warnings: 0

+---------------+
| clientaddress |
+---------------+
|         69001 |
+---------------+
1 row in set (0.02 sec)

Database changed
Query OK, 0 rows affected (0.07 sec)

Query OK, 0 rows affected (0.01 sec)

Database changed
Query OK, 570150 rows affected, 65535 warnings (17.38 sec)
Records: 570150  Deleted: 0  Skipped: 0  Warnings: 3345872

Query OK, 0 rows affected (1.35 sec)
Records: 0  Duplicates: 0  Warnings: 0

Query OK, 0 rows affected (2.48 sec)
Records: 0  Duplicates: 0  Warnings: 0

Query OK, 0 rows affected (1.29 sec)
Records: 0  Duplicates: 0  Warnings: 0

Query OK, 0 rows affected (0.03 sec)

Query OK, 570150 rows affected (43.15 sec)
Records: 570150  Duplicates: 0  Warnings: 0

Query OK, 0 rows affected (2.08 sec)
Records: 0  Duplicates: 0  Warnings: 0

Query OK, 0 rows affected (1.53 sec)
Records: 0  Duplicates: 0  Warnings: 0

+-----------+
| contracts |
+-----------+
|    570150 |
+-----------+
1 row in set (0.16 sec)

+-----------------+
| contractaddress |
+-----------------+
|          570150 |
+-----------------+
1 row in set (0.16 sec)

Database changed
Query OK, 0 rows affected (0.01 sec)

Query OK, 0 rows affected (0.01 sec)

Query OK, 8397 rows affected, 33472 warnings (0.20 sec)
Records: 8397  Deleted: 0  Skipped: 0  Warnings: 33472

Query OK, 0 rows affected (0.01 sec)

Query OK, 8364 rows affected (0.19 sec)
Records: 8364  Duplicates: 0  Warnings: 0

Query OK, 0 rows affected (0.05 sec)
Records: 0  Duplicates: 0  Warnings: 0

Query OK, 0 rows affected (0.03 sec)
Records: 0  Duplicates: 0  Warnings: 0

Query OK, 0 rows affected (0.03 sec)
Records: 0  Duplicates: 0  Warnings: 0

Query OK, 0 rows affected (0.01 sec)

Query OK, 6219 rows affected (0.06 sec)
Records: 6219  Duplicates: 0  Warnings: 0

Query OK, 0 rows affected (0.04 sec)
Records: 0  Duplicates: 0  Warnings: 0

+-------------------+
| contractdiscounts |
+-------------------+
|              8397 |
+-------------------+
1 row in set (0.00 sec)

+-------------------------+
| clientcontractdiscounts |
+-------------------------+
|                    8364 |
+-------------------------+
1 row in set (0.00 sec)

+----------------------------+
| clientcontractlastdiscount |
+----------------------------+
|                       6219 |
+----------------------------+
1 row in set (0.00 sec)

Database changed
Query OK, 0 rows affected (0.03 sec)

Query OK, 0 rows affected (0.01 sec)

Database changed
Query OK, 153874 rows affected, 65535 warnings (2.71 sec)
Records: 153874  Deleted: 0  Skipped: 0  Warnings: 250423

Query OK, 0 rows affected (0.28 sec)
Records: 0  Duplicates: 0  Warnings: 0

Query OK, 0 rows affected (0.30 sec)
Records: 0  Duplicates: 0  Warnings: 0

Query OK, 0 rows affected (0.31 sec)
Records: 0  Duplicates: 0  Warnings: 0

Query OK, 0 rows affected (0.31 sec)
Records: 0  Duplicates: 0  Warnings: 0

Query OK, 0 rows affected (0.42 sec)
Records: 0  Duplicates: 0  Warnings: 0

Query OK, 0 rows affected (0.56 sec)
Records: 0  Duplicates: 0  Warnings: 0

Query OK, 0 rows affected (0.13 sec)

Query OK, 1935279 rows affected (1 min 56.17 sec)
Records: 1935279  Duplicates: 0  Warnings: 0

Query OK, 0 rows affected (7.63 sec)
Records: 0  Duplicates: 0  Warnings: 0

+---------+
| devices |
+---------+
|  153874 |
+---------+
1 row in set (0.06 sec)

+-----------------------+
| clientcontractdevices |
+-----------------------+
|               1935279 |
+-----------------------+
1 row in set (0.80 sec)

Query OK, 0 rows affected (0.02 sec)

Query OK, 153389 rows affected (7.01 sec)
Records: 153389  Duplicates: 0  Warnings: 0

+---------------------------+
| rep_clientcontractdevices |
+---------------------------+
|                    153389 |
+---------------------------+
1 row in set (0.04 sec)

Database changed
Query OK, 0 rows affected (0.02 sec)

Query OK, 0 rows affected (0.01 sec)

Query OK, 350612 rows affected (8.14 sec)
Records: 350612  Deleted: 0  Skipped: 0  Warnings: 0

Query OK, 0 rows affected (0.90 sec)
Records: 0  Duplicates: 0  Warnings: 0

Query OK, 0 rows affected (0.79 sec)
Records: 0  Duplicates: 0  Warnings: 0

Query OK, 0 rows affected (0.74 sec)
Records: 0  Duplicates: 0  Warnings: 0

Query OK, 0 rows affected (0.70 sec)
Records: 0  Duplicates: 0  Warnings: 0

+---------+
| tickets |
+---------+
|  350612 |
+---------+
1 row in set (0.09 sec)

Database changed
Query OK, 0 rows affected (0.01 sec)

Query OK, 0 rows affected (0.01 sec)

Empty set (0.00 sec)

Query OK, 0 rows affected (0.03 sec)
Records: 0  Duplicates: 0  Warnings: 0

Query OK, 392 rows affected, 2 warnings (0.03 sec)
Records: 392  Deleted: 0  Skipped: 0  Warnings: 2

+-----------------+
| tickettechusers |
+-----------------+
|             392 |
+-----------------+
1 row in set (0.00 sec)

Database changed
Query OK, 0 rows affected (0.01 sec)

Query OK, 0 rows affected (0.01 sec)

Query OK, 0 rows affected (0.02 sec)
Records: 0  Duplicates: 0  Warnings: 0

Query OK, 792876 rows affected, 2 warnings (12.36 sec)
Records: 792876  Deleted: 0  Skipped: 0  Warnings: 2

+-------------------+
| ticketassignments |
+-------------------+
|            792876 |
+-------------------+
1 row in set (0.22 sec)

Database changed
Query OK, 0 rows affected (0.05 sec)

Query OK, 0 rows affected (0.01 sec)

Query OK, 1570365 rows affected, 65535 warnings (18.51 sec)
Records: 1570365  Deleted: 0  Skipped: 0  Warnings: 1570381

Query OK, 0 rows affected (3.07 sec)
Records: 0  Duplicates: 0  Warnings: 0

Query OK, 0 rows affected (2.96 sec)
Records: 0  Duplicates: 0  Warnings: 0

Query OK, 0 rows affected (2.52 sec)
Records: 0  Duplicates: 0  Warnings: 0

Query OK, 0 rows affected (3.33 sec)
Records: 0  Duplicates: 0  Warnings: 0

+----------------+
| ticketcomments |
+----------------+
|        1570365 |
+----------------+
1 row in set (0.43 sec)

Database changed
Query OK, 0 rows affected (0.01 sec)

Query OK, 0 rows affected (0.01 sec)

Query OK, 502576 rows affected (40.30 sec)
Records: 502576  Deleted: 0  Skipped: 0  Warnings: 0

Query OK, 0 rows affected (3.09 sec)
Records: 0  Duplicates: 0  Warnings: 0

+----------+
| comments |
+----------+
|   502576 |
+----------+
1 row in set (0.15 sec)

Database changed
Query OK, 0 rows affected (0.13 sec)

Query OK, 0 rows affected (0.01 sec)

Query OK, 2030154 rows affected, 65535 warnings (1 min 23.10 sec)
Records: 2030154  Deleted: 0  Skipped: 0  Warnings: 2030249

Query OK, 0 rows affected (4.12 sec)
Records: 0  Duplicates: 0  Warnings: 0

Query OK, 0 rows affected (4.34 sec)
Records: 0  Duplicates: 0  Warnings: 0

Query OK, 0 rows affected (4.64 sec)
Records: 0  Duplicates: 0  Warnings: 0

Query OK, 0 rows affected (4.43 sec)
Records: 0  Duplicates: 0  Warnings: 0

Query OK, 0 rows affected (6.50 sec)
Records: 0  Duplicates: 0  Warnings: 0

+------------+
| devicesold |
+------------+
|    2030154 |
+------------+
1 row in set (0.54 sec)

Database changed
Query OK, 0 rows affected (0.03 sec)

Query OK, 0 rows affected (0.01 sec)

Query OK, 1928531 rows affected, 1 warning (24.54 sec)
Records: 1928531  Deleted: 0  Skipped: 0  Warnings: 1

Query OK, 0 rows affected (3.72 sec)
Records: 0  Duplicates: 0  Warnings: 0

Query OK, 0 rows affected (3.98 sec)
Records: 0  Duplicates: 0  Warnings: 0

Query OK, 0 rows affected (4.06 sec)
Records: 0  Duplicates: 0  Warnings: 0

+------------------+
| contractservices |
+------------------+
|          1928531 |
+------------------+
1 row in set (0.52 sec)

Database changed
Query OK, 0 rows affected (0.09 sec)

Query OK, 0 rows affected (0.01 sec)

Query OK, 4988173 rows affected (2 min 11.54 sec)
Records: 4988173  Deleted: 0  Skipped: 0  Warnings: 0

Query OK, 0 rows affected (22.09 sec)
Records: 0  Duplicates: 0  Warnings: 0

Query OK, 0 rows affected (21.23 sec)
Records: 0  Duplicates: 0  Warnings: 0

Query OK, 0 rows affected (14.94 sec)
Records: 0  Duplicates: 0  Warnings: 0

Query OK, 0 rows affected (17.06 sec)
Records: 0  Duplicates: 0  Warnings: 0

Query OK, 0 rows affected (12.01 sec)
Records: 0  Duplicates: 0  Warnings: 0

+------------------+
| invoicescontents |
+------------------+
|          4988173 |
+------------------+
1 row in set (1.46 sec)

Database changed
Query OK, 0 rows affected (0.12 sec)

Query OK, 0 rows affected (0.01 sec)

Query OK, 3559975 rows affected (3 min 28.09 sec)
Records: 3559975  Deleted: 0  Skipped: 0  Warnings: 0

Query OK, 0 rows affected (22.39 sec)
Records: 0  Duplicates: 0  Warnings: 0

Query OK, 0 rows affected (14.05 sec)
Records: 0  Duplicates: 0  Warnings: 0

Query OK, 0 rows affected (13.58 sec)
Records: 0  Duplicates: 0  Warnings: 0

Query OK, 0 rows affected (18.24 sec)
Records: 0  Duplicates: 0  Warnings: 0

Query OK, 0 rows affected (18.36 sec)
Records: 0  Duplicates: 0  Warnings: 0

Query OK, 0 rows affected (12.96 sec)
Records: 0  Duplicates: 0  Warnings: 0

Query OK, 0 rows affected (13.96 sec)
Records: 0  Duplicates: 0  Warnings: 0

+----------------+
| invoicesheader |
+----------------+
|        3559975 |
+----------------+
1 row in set (1.05 sec)

Database changed
Query OK, 0 rows affected (0.05 sec)

Query OK, 0 rows affected (0.01 sec)

Query OK, 3490580 rows affected (1 min 31.89 sec)
Records: 3490580  Deleted: 0  Skipped: 0  Warnings: 0

Query OK, 0 rows affected (16.71 sec)
Records: 0  Duplicates: 0  Warnings: 0

Query OK, 0 rows affected (10.37 sec)
Records: 0  Duplicates: 0  Warnings: 0

Query OK, 0 rows affected (8.43 sec)
Records: 0  Duplicates: 0  Warnings: 0

Query OK, 0 rows affected (9.41 sec)
Records: 0  Duplicates: 0  Warnings: 0

Query OK, 0 rows affected (13.44 sec)
Records: 0  Duplicates: 0  Warnings: 0

+---------+
| casa    |
+---------+
| 3490580 |
+---------+
1 row in set (1.01 sec)

Query OK, 0 rows affected (0.00 sec)

Query OK, 1631 rows affected (5.13 sec)
Rows matched: 1631  Changed: 1631  Warnings: 0

Query OK, 0 rows affected (0.01 sec)

Query OK, 17433 rows affected (1 min 38.29 sec)
Records: 17433  Duplicates: 0  Warnings: 0

+--------------------+
| rep_paycol_channel |
+--------------------+
|              17433 |
+--------------------+
1 row in set (0.01 sec)

Query OK, 0 rows affected (0.01 sec)

Query OK, 13799 rows affected (1 min 56.04 sec)
Records: 13799  Duplicates: 0  Warnings: 0

+----------------+
| rep_paycol_pos |
+----------------+
|          13799 |
+----------------+
1 row in set (0.01 sec)

Database changed
Query OK, 0 rows affected (0.01 sec)

Query OK, 0 rows affected (0.01 sec)

Database changed
Query OK, 41212 rows affected (0.82 sec)
Records: 41212  Deleted: 0  Skipped: 0  Warnings: 0

+-------+
| users |
+-------+
| 41212 |
+-------+
1 row in set (0.01 sec)

Query OK, 0 rows affected (0.09 sec)
Records: 0  Duplicates: 0  Warnings: 0

Database changed
Query OK, 0 rows affected (0.08 sec)

Query OK, 0 rows affected (0.01 sec)

Query OK, 6434104 rows affected, 2 warnings (1 min 36.33 sec)
Records: 6434104  Deleted: 0  Skipped: 0  Warnings: 2

Query OK, 0 rows affected (22.38 sec)
Records: 0  Duplicates: 0  Warnings: 0

Query OK, 0 rows affected (17.82 sec)
Records: 0  Duplicates: 0  Warnings: 0

Query OK, 0 rows affected (17.00 sec)
Records: 0  Duplicates: 0  Warnings: 0

Query OK, 0 rows affected (19.67 sec)
Records: 0  Duplicates: 0  Warnings: 0

Query OK, 0 rows affected (13.25 sec)
Records: 0  Duplicates: 0  Warnings: 0

+-------------+
| useractions |
+-------------+
|     6434104 |
+-------------+
1 row in set (1.84 sec)

Database changed
Query OK, 0 rows affected (0.15 sec)

Query OK, 0 rows affected (0.01 sec)

Database changed
Query OK, 34135002 rows affected (6 min 12.66 sec)
Records: 34135002  Deleted: 0  Skipped: 0  Warnings: 0

Query OK, 0 rows affected (1 min 39.43 sec)
Records: 0  Duplicates: 0  Warnings: 0

Query OK, 0 rows affected (1 min 34.89 sec)
Records: 0  Duplicates: 0  Warnings: 0

Query OK, 0 rows affected (1 min 32.68 sec)
Records: 0  Duplicates: 0  Warnings: 0

Query OK, 0 rows affected (1 min 23.68 sec)
Records: 0  Duplicates: 0  Warnings: 0

Query OK, 0 rows affected (1 min 51.14 sec)
Records: 0  Duplicates: 0  Warnings: 0

+----------+
| ipusage1 |
+----------+
| 34135002 |
+----------+
1 row in set (13.29 sec)

Query OK, 0 rows affected (0.04 sec)

Query OK, 1928347 rows affected (28.25 sec)
Records: 1928347  Duplicates: 0  Warnings: 0

Query OK, 0 rows affected (9.40 sec)
Records: 0  Duplicates: 0  Warnings: 0

Query OK, 0 rows affected (3.67 sec)
Records: 0  Duplicates: 0  Warnings: 0

Query OK, 0 rows affected (5.21 sec)
Records: 0  Duplicates: 0  Warnings: 0

+------------------------------+
| contractsservicepackageprice |
+------------------------------+
|                      1928347 |
+------------------------------+
1 row in set (0.54 sec)

Query OK, 0 rows affected (0.07 sec)

Query OK, 1928755 rows affected (2 min 22.11 sec)
Records: 1928755  Duplicates: 0  Warnings: 0

Query OK, 0 rows affected (13.09 sec)
Records: 0  Duplicates: 0  Warnings: 0

Query OK, 0 rows affected (10.80 sec)
Records: 0  Duplicates: 0  Warnings: 0

Query OK, 0 rows affected (5.20 sec)
Records: 0  Duplicates: 0  Warnings: 0

Query OK, 0 rows affected (7.91 sec)
Records: 0  Duplicates: 0  Warnings: 0

+------------------------------------+
| clientcontractsservicepackageprice |
+------------------------------------+
|                            1928755 |
+------------------------------------+
1 row in set (0.56 sec)

mysql> mysql \. C:\workspace\cloud\code\sql\_DailyScript\currenttime.sql
+---------------------+
| currenttime         |
+---------------------+
| 2022-01-11 10:50:23 |
+---------------------+
1 row in set (0.00 sec)

mysql> 
mysql> mysql \. C:\workspace\cloud\code\sql\_DailyScript\ticket_analysis.sql
Database changed
Query OK, 0 rows affected (0.03 sec)

Query OK, 931321 rows affected (29.65 sec)
Records: 931321  Duplicates: 0  Warnings: 0

Query OK, 0 rows affected (3.78 sec)
Records: 0  Duplicates: 0  Warnings: 0

Query OK, 0 rows affected (1.88 sec)
Records: 0  Duplicates: 0  Warnings: 0

Query OK, 0 rows affected (1.81 sec)
Records: 0  Duplicates: 0  Warnings: 0

Query OK, 0 rows affected (0.02 sec)

Query OK, 29180 rows affected (16.10 sec)
Records: 29180  Duplicates: 0  Warnings: 0

Query OK, 0 rows affected, 1 warning (0.00 sec)

Query OK, 136726 rows affected (10.59 sec)
Records: 136726  Duplicates: 0  Warnings: 0

Query OK, 0 rows affected, 1 warning (0.01 sec)

Query OK, 688288 rows affected (19.22 sec)
Records: 688288  Duplicates: 0  Warnings: 0

Query OK, 0 rows affected, 1 warning (0.00 sec)

Query OK, 688288 rows affected (20.36 sec)
Records: 688288  Duplicates: 0  Warnings: 0

Query OK, 0 rows affected (0.02 sec)

Query OK, 136871 rows affected (6.33 sec)
Records: 136871  Duplicates: 0  Warnings: 0

Database changed
Query OK, 0 rows affected (0.00 sec)

Query OK, 0 rows affected (0.03 sec)

Query OK, 931321 rows affected (33.08 sec)
Records: 931321  Duplicates: 0  Warnings: 0

Query OK, 0 rows affected (0.01 sec)

Query OK, 485425 rows affected (18.56 sec)
Records: 485425  Duplicates: 0  Warnings: 0

+--------------------------+
| clientticket_cmmtjourney |
+--------------------------+
|                   931321 |
+--------------------------+
1 row in set (2.60 sec)

+---------------------------+
| clientticket_assgnjourney |
+---------------------------+
|                    485425 |
+---------------------------+
1 row in set (3.19 sec)

Query OK, 0 rows affected (0.01 sec)

Query OK, 83 rows affected (0.12 sec)
Records: 83  Duplicates: 0  Warnings: 0

mysql> mysql \. C:\workspace\cloud\code\sql\_DailyScript\currenttime.sql
+---------------------+
| currenttime         |
+---------------------+
| 2022-01-11 10:53:11 |
+---------------------+
1 row in set (0.00 sec)

mysql> 
mysql> mysql \. C:\workspace\cloud\code\sql\_DailyScript\load_DailyCalls.sql
Database changed
Query OK, 554 rows affected (0.21 sec)
Records: 554  Deleted: 0  Skipped: 0  Warnings: 0

Query OK, 0 rows affected, 1 warning (0.00 sec)

Query OK, 553 rows affected (0.06 sec)
Records: 553  Duplicates: 0  Warnings: 0

Query OK, 0 rows affected, 1 warning (0.00 sec)

Query OK, 94034 rows affected (0.41 sec)
Records: 94034  Duplicates: 0  Warnings: 0

+----------------------+
| callingclientsbefore |
+----------------------+
|              1355104 |
+----------------------+
1 row in set (0.59 sec)

Query OK, 864 rows affected (14.82 sec)
Records: 864  Duplicates: 0  Warnings: 0

+---------------------+
| callingclientsafter |
+---------------------+
|             1355968 |
+---------------------+
1 row in set (0.35 sec)

Query OK, 0 rows affected (0.01 sec)

Query OK, 388 rows affected (6.10 sec)
Records: 388  Duplicates: 0  Warnings: 0

Query OK, 0 rows affected (0.00 sec)

Query OK, 26125 rows affected (4.61 sec)
Records: 26125  Duplicates: 0  Warnings: 0

+-----------+
| callstats |
+-----------+
|     26125 |
+-----------+
1 row in set (0.01 sec)

Query OK, 0 rows affected, 1 warning (0.01 sec)

Query OK, 864 rows affected (3.40 sec)
Records: 864  Duplicates: 0  Warnings: 0

+------------------------+
| rep_cccallreportbefore |
+------------------------+
|                1355457 |
+------------------------+
1 row in set (0.36 sec)

Query OK, 864 rows affected (0.25 sec)
Records: 864  Duplicates: 0  Warnings: 0

+-----------------------+
| rep_cccallreportafter |
+-----------------------+
|               1356321 |
+-----------------------+
1 row in set (0.37 sec)

Query OK, 0 rows affected (0.01 sec)

mysql> mysql \. C:\workspace\cloud\code\sql\_DailyScript\currenttime.sql
+---------------------+
| currenttime         |
+---------------------+
| 2022-01-11 10:53:42 |
+---------------------+
1 row in set (0.00 sec)

mysql> 
mysql> mysql \. C:\workspace\cloud\code\sql\_DailyScript\DAILY-SCRIPT-USAGE.sql
Database changed
Query OK, 0 rows affected (0.00 sec)

Query OK, 3917 rows affected, 11337 warnings (0.94 sec)
Records: 3917  Deleted: 0  Skipped: 0  Warnings: 11337

Query OK, 0 rows affected (0.00 sec)

Query OK, 6258 rows affected, 18086 warnings (1.15 sec)
Records: 6258  Deleted: 0  Skipped: 0  Warnings: 18086

Query OK, 0 rows affected (0.00 sec)

Query OK, 338 rows affected, 1215 warnings (0.04 sec)
Records: 338  Deleted: 0  Skipped: 0  Warnings: 1215

Query OK, 0 rows affected (0.00 sec)

Query OK, 168 rows affected, 578 warnings (0.08 sec)
Records: 168  Deleted: 0  Skipped: 0  Warnings: 578

+------------+
| dailyusage |
+------------+
|   20257980 |
+------------+
1 row in set (8.53 sec)

+------------+------------+------------+---------+
| datestart  | dateend    | insertedon | records |
+------------+------------+------------+---------+
| 2022-01-10 | 2022-01-10 | 2022-01-11 |   10681 |
| 2022-01-09 | 2022-01-09 | 2022-01-11 |   10654 |
| 2022-01-08 | 2022-01-08 | 2022-01-10 |   10721 |
| 2022-01-07 | 2022-01-07 | 2022-01-10 |   10727 |
| 2022-01-06 | 2022-01-06 | 2022-01-07 |   10708 |
+------------+------------+------------+---------+
5 rows in set (47.00 sec)

+----------+------------+------------+------------+---------+
| category | datestart  | dateend    | insertedon | records |
+----------+------------+------------+------------+---------+
| UNCAPPED | 2022-01-10 | 2022-01-10 | 2022-01-11 |    6258 |
| PREPAID  | 2022-01-10 | 2022-01-10 | 2022-01-11 |     338 |
| HOTSPOT  | 2022-01-10 | 2022-01-10 | 2022-01-11 |     168 |
| CAPPED   | 2022-01-10 | 2022-01-10 | 2022-01-11 |    3917 |
| UNCAPPED | 2022-01-09 | 2022-01-09 | 2022-01-11 |    6233 |
| PREPAID  | 2022-01-09 | 2022-01-09 | 2022-01-11 |     355 |
| HOTSPOT  | 2022-01-09 | 2022-01-09 | 2022-01-11 |     152 |
| CAPPED   | 2022-01-09 | 2022-01-09 | 2022-01-11 |    3914 |
| UNCAPPED | 2022-01-08 | 2022-01-08 | 2022-01-10 |    6281 |
| PREPAID  | 2022-01-08 | 2022-01-08 | 2022-01-10 |     332 |
| HOTSPOT  | 2022-01-08 | 2022-01-08 | 2022-01-10 |     176 |
| CAPPED   | 2022-01-08 | 2022-01-08 | 2022-01-10 |    3932 |
| UNCAPPED | 2022-01-07 | 2022-01-07 | 2022-01-10 |    6274 |
| PREPAID  | 2022-01-07 | 2022-01-07 | 2022-01-10 |     324 |
| HOTSPOT  | 2022-01-07 | 2022-01-07 | 2022-01-10 |     184 |
| CAPPED   | 2022-01-07 | 2022-01-07 | 2022-01-10 |    3945 |
| UNCAPPED | 2022-01-06 | 2022-01-06 | 2022-01-07 |    6229 |
| PREPAID  | 2022-01-06 | 2022-01-06 | 2022-01-07 |     344 |
| HOTSPOT  | 2022-01-06 | 2022-01-06 | 2022-01-07 |     179 |
| CAPPED   | 2022-01-06 | 2022-01-06 | 2022-01-07 |    3956 |
+----------+------------+------------+------------+---------+
20 rows in set (30.40 sec)

mysql> mysql \. C:\workspace\cloud\code\sql\_DailyScript\currenttime.sql
+---------------------+
| currenttime         |
+---------------------+
| 2022-01-11 10:55:11 |
+---------------------+
1 row in set (0.00 sec)

mysql> 
mysql> mysql \. C:\workspace\cloud\code\sql\_DailyScript\DAILY-SCRIPT-SALES-TELEMETRY.sql
Database changed
Query OK, 143 rows affected, 114 warnings (0.04 sec)
Records: 143  Deleted: 0  Skipped: 0  Warnings: 114

+------------+
| dailysales |
+------------+
|     247275 |
+------------+
1 row in set (0.28 sec)

+------------+---------+
| orderdate  | records |
+------------+---------+
| 2022-01-10 |     143 |
| 2022-01-09 |       9 |
| 2022-01-08 |      49 |
| 2022-01-07 |     183 |
| 2022-01-06 |     162 |
| 2022-01-05 |     153 |
| 2022-01-04 |     216 |
| 2022-01-03 |      16 |
| 2022-01-02 |      30 |
| 2022-01-01 |      12 |
| 2021-12-31 |     147 |
| 2021-12-30 |     188 |
| 2021-12-29 |     193 |
| 2021-12-28 |     206 |
| 2021-12-27 |     280 |
+------------+---------+
15 rows in set (0.61 sec)

Query OK, 0 rows affected (0.02 sec)

Query OK, 247275 rows affected (21.52 sec)
Records: 247275  Duplicates: 0  Warnings: 0

+--------+
| sales  |
+--------+
| 247275 |
+--------+
1 row in set (0.07 sec)

Query OK, 0 rows affected (0.01 sec)

Query OK, 6405 rows affected (0.43 sec)
Records: 6405  Duplicates: 0  Warnings: 0

+----------------+
| rep_dailysales |
+----------------+
|           6405 |
+----------------+
1 row in set (0.00 sec)

Query OK, 0 rows affected (0.01 sec)

Query OK, 6405 rows affected (0.75 sec)
Records: 6405  Duplicates: 0  Warnings: 0

+-------------------+
| rep_dailysalesreg |
+-------------------+
|              6405 |
+-------------------+
1 row in set (0.00 sec)

Query OK, 0 rows affected (0.01 sec)

Query OK, 2436 rows affected (0.74 sec)
Records: 2436  Duplicates: 0  Warnings: 0

+-----------+
| saleslist |
+-----------+
|      2436 |
+-----------+
1 row in set (0.00 sec)

Database changed
ERROR 2 (HY000): File 'C:\ProgramData\MySQL\MySQL Server 5.7\Uploads\_csv\PrepaidCardSales-10012022-P1.csv' not found (Errcode: 2 - No such file or directory)
+------------------+
| dailysinglesales |
+------------------+
|             6659 |
+------------------+
1 row in set (0.01 sec)

Database changed
Query OK, 8 rows affected (0.01 sec)
Records: 8  Deleted: 0  Skipped: 0  Warnings: 0

+-----------------+
| dailyaddonsales |
+-----------------+
|           26418 |
+-----------------+
1 row in set (0.05 sec)

Query OK, 262 rows affected (0.09 sec)
Records: 262  Deleted: 0  Skipped: 0  Warnings: 0

+----------------+
| onlinepayments |
+----------------+
|         256655 |
+----------------+
1 row in set (0.23 sec)

+-------------+----------------+---------------------+
| paymentdate | onlinepayments | onlinepaymentamount |
+-------------+----------------+---------------------+
| 2022-01-10  |            262 |        167009.30000 |
| 2022-01-09  |            228 |        142257.18000 |
| 2022-01-08  |            226 |        151909.40000 |
| 2022-01-07  |            240 |        159818.04000 |
| 2022-01-06  |            318 |        192596.89000 |
+-------------+----------------+---------------------+
5 rows in set (0.89 sec)

+-------------+--------------+----------------+---------------------+
| paymentyear | paymentmonth | onlinepayments | onlinepaymentamount |
+-------------+--------------+----------------+---------------------+
|        2022 |            1 |           2889 |       1937588.87000 |
|        2022 |         NULL |           2889 |       1937588.87000 |
|        2021 |           12 |           8988 |       5882874.20000 |
|        2021 |           11 |           8553 |       5661260.44000 |
|        2021 |           10 |           8715 |       5741511.04000 |
+-------------+--------------+----------------+---------------------+
5 rows in set (0.25 sec)

mysql> mysql \. C:\workspace\cloud\code\sql\_DailyScript\currenttime.sql
+---------------------+
| currenttime         |
+---------------------+
| 2022-01-11 10:55:37 |
+---------------------+
1 row in set (0.00 sec)

mysql> 
mysql> mysql \. C:\workspace\cloud\code\sql\_DailyScript\DAILY-SCRIPT-ACTIVENUMBERS.sql
Database changed
Query OK, 1080 rows affected (0.53 sec)
Records: 1080  Deleted: 0  Skipped: 0  Warnings: 0

+------------+----------+
| period     | count(1) |
+------------+----------+
| 2022-01-10 |     1080 |
| 2022-01-09 |     1081 |
| 2022-01-08 |     1081 |
| 2022-01-07 |     1083 |
| 2022-01-06 |     1085 |
+------------+----------+
5 rows in set (0.00 sec)

Query OK, 0 rows affected (0.01 sec)

Query OK, 75 rows affected (1.40 sec)
Records: 75  Duplicates: 0  Warnings: 0

+-------------+
| packagelist |
+-------------+
|          75 |
+-------------+
1 row in set (0.00 sec)

Database changed
Query OK, 0 rows affected (0.00 sec)

Query OK, 0 rows affected (0.00 sec)

Query OK, 0 rows affected (0.00 sec)

Query OK, 0 rows affected (0.00 sec)

Query OK, 28730 rows affected, 175 warnings (19.57 sec)
Records: 28730  Deleted: 0  Skipped: 0  Warnings: 175

+------------+----------+
| period     | count(1) |
+------------+----------+
| 2022-01-10 |    28730 |
| 2022-01-09 |    28638 |
| 2022-01-08 |    28862 |
| 2022-01-07 |    28870 |
| 2022-01-06 |    28877 |
+------------+----------+
5 rows in set (0.13 sec)

Query OK, 0 rows affected (0.02 sec)

Query OK, 28170 rows affected (59.25 sec)
Records: 28170  Duplicates: 0  Warnings: 0

Query OK, 0 rows affected (0.12 sec)
Records: 0  Duplicates: 0  Warnings: 0

Query OK, 0 rows affected (0.12 sec)
Records: 0  Duplicates: 0  Warnings: 0

Query OK, 0 rows affected (0.11 sec)
Records: 0  Duplicates: 0  Warnings: 0

Query OK, 0 rows affected (0.09 sec)
Records: 0  Duplicates: 0  Warnings: 0

Query OK, 0 rows affected (0.08 sec)
Records: 0  Duplicates: 0  Warnings: 0

Query OK, 0 rows affected (0.07 sec)
Records: 0  Duplicates: 0  Warnings: 0

+-------------+
| countbefore |
+-------------+
|    52643446 |
+-------------+
1 row in set (22.95 sec)

Query OK, 28170 rows affected (6.24 sec)
Records: 28170  Duplicates: 0  Warnings: 0

+------------+
| countafter |
+------------+
|   52671616 |
+------------+
1 row in set (18.08 sec)

+------------+--------------------------+
| period     | customercontractactivity |
+------------+--------------------------+
| 2022-01-10 |                    28170 |
| 2022-01-09 |                    28078 |
| 2022-01-08 |                    28302 |
| 2022-01-07 |                    28310 |
| 2022-01-06 |                    28317 |
+------------+--------------------------+
5 rows in set (0.06 sec)

Query OK, 0 rows affected (0.02 sec)

Query OK, 328729 rows affected, 4 warnings (10 min 56.13 sec)
Records: 328729  Duplicates: 0  Warnings: 4

Query OK, 0 rows affected (1.11 sec)
Records: 0  Duplicates: 0  Warnings: 0

Query OK, 0 rows affected (1.29 sec)
Records: 0  Duplicates: 0  Warnings: 0

Query OK, 0 rows affected (1.34 sec)
Records: 0  Duplicates: 0  Warnings: 0

Query OK, 0 rows affected (0.02 sec)

Query OK, 223 rows affected (0.56 sec)
Records: 223  Duplicates: 0  Warnings: 0

Query OK, 0 rows affected (0.01 sec)

Query OK, 2595 rows affected (0.73 sec)
Records: 2595  Duplicates: 0  Warnings: 0

Query OK, 0 rows affected (0.01 sec)

Query OK, 28147 rows affected (0.70 sec)
Records: 28147  Duplicates: 0  Warnings: 0

Query OK, 0 rows affected (0.01 sec)

Query OK, 16797 rows affected (0.42 sec)
Records: 16797  Duplicates: 0  Warnings: 0

Query OK, 0 rows affected (0.01 sec)

Query OK, 16797 rows affected (0.17 sec)
Records: 16797  Duplicates: 0  Warnings: 0

Query OK, 0 rows affected (0.01 sec)

Query OK, 16797 rows affected (1.33 sec)
Records: 16797  Duplicates: 0  Warnings: 0

Query OK, 0 rows affected (0.02 sec)

Query OK, 16797 rows affected (42.77 sec)
Records: 16797  Duplicates: 0  Warnings: 0

+-------------+
| clientstats |
+-------------+
|       16797 |
+-------------+
1 row in set (0.01 sec)

Query OK, 0 rows affected (0.01 sec)

Query OK, 13 rows affected, 1 warning (0.12 sec)
Records: 13  Duplicates: 0  Warnings: 1

+-----------------------+-------------+-------------+----------------+-----------------+
| services              | activecount | allaccounts | uniqueaccounts | uniquecontracts |
+-----------------------+-------------+-------------+----------------+-----------------+
| All                   |         444 |          73 |             73 |             234 |
| Internet & OTT        |           6 |           3 |              3 |               3 |
| Internet & Voice      |         303 |         132 |            132 |             259 |
| Internet Only         |        4335 |        4238 |           4234 |            4274 |
| OTT Only              |           2 |           2 |              2 |               2 |
| TV & Internet         |        9837 |        4392 |           4379 |            8965 |
| TV & Internet & OTT   |        4752 |        1245 |           1243 |            2592 |
| TV & Internet & Voice |         518 |         148 |            148 |             455 |
| TV & OTT              |         336 |          88 |             86 |              98 |
| TV & Voice            |          82 |          36 |             36 |              73 |
| TV Only               |        8090 |        6322 |           6312 |            6516 |
| Voice Only            |         119 |         118 |            118 |             119 |
| GRAND TOTAL           |       28824 |       16797 |          16721 |           23590 |
+-----------------------+-------------+-------------+----------------+-----------------+
13 rows in set (0.00 sec)

+-------------+-------------+-------------+----------------+-----------------+
| network     | activecount | allaccounts | uniqueaccounts | uniquecontracts |
+-------------+-------------+-------------+----------------+-----------------+
| GPON        |       14353 |        7047 |           7044 |           11222 |
| HFC         |       14471 |        9750 |           9750 |           12368 |
| GRAND TOTAL |       28824 |       16797 |          16721 |           23590 |
+-------------+-------------+-------------+----------------+-----------------+
3 rows in set, 1 warning (0.16 sec)

+-------------+-----------------------+-------------+-------------+----------------+-----------------+
| network     | services              | activecount | allaccounts | uniqueaccounts | uniquecontracts |
+-------------+-----------------------+-------------+-------------+----------------+-----------------+
| GPON        | All                   |         352 |          61 |             61 |             194 |
| GPON        | Internet & OTT        |           2 |           1 |              1 |               1 |
| GPON        | Internet & Voice      |          77 |          31 |             31 |              66 |
| GPON        | Internet Only         |        1712 |        1631 |           1631 |            1652 |
| GPON        | OTT Only              |           1 |           1 |              1 |               1 |
| GPON        | TV & Internet         |        5674 |        2487 |           2487 |            5105 |
| GPON        | TV & Internet & OTT   |        3810 |         989 |            989 |            2070 |
| GPON        | TV & Internet & Voice |         297 |          80 |             80 |             249 |
| GPON        | TV & OTT              |         211 |          67 |             67 |              72 |
| GPON        | TV & Voice            |          49 |          22 |             22 |              45 |
| GPON        | TV Only               |        2149 |        1659 |           1659 |            1748 |
| GPON        | Voice Only            |          19 |          18 |             18 |              19 |
| GPON        | Services Total        |       14353 |        7047 |           7044 |           11222 |
| HFC         | All                   |          92 |          12 |             12 |              40 |
| HFC         | Internet & OTT        |           4 |           2 |              2 |               2 |
| HFC         | Internet & Voice      |         226 |         101 |            101 |             193 |
| HFC         | Internet Only         |        2623 |        2607 |           2607 |            2622 |
| HFC         | OTT Only              |           1 |           1 |              1 |               1 |
| HFC         | TV & Internet         |        4163 |        1905 |           1905 |            3860 |
| HFC         | TV & Internet & OTT   |         942 |         256 |            256 |             522 |
| HFC         | TV & Internet & Voice |         221 |          68 |             68 |             206 |
| HFC         | TV & OTT              |         125 |          21 |             21 |              26 |
| HFC         | TV & Voice            |          33 |          14 |             14 |              28 |
| HFC         | TV Only               |        5941 |        4663 |           4663 |            4768 |
| HFC         | Voice Only            |         100 |         100 |            100 |             100 |
| HFC         | Services Total        |       14471 |        9750 |           9750 |           12368 |
| GRAND TOTAL | Services Total        |       28824 |       16797 |          16721 |           23590 |
+-------------+-----------------------+-------------+-------------+----------------+-----------------+
27 rows in set, 2 warnings (0.15 sec)

Query OK, 0 rows affected (0.01 sec)

Query OK, 44 rows affected, 3 warnings (0.22 sec)
Records: 44  Duplicates: 0  Warnings: 3

+-------------+---------------+-----------------------+-------------+-------------+----------------+-----------------+
| region      | network       | services              | activecount | allaccounts | uniqueaccounts | uniquecontracts |
+-------------+---------------+-----------------------+-------------+-------------+----------------+-----------------+
| Eden Island | GPON          | TV & Internet         |           2 |           1 |              1 |               2 |
| Eden Island | GPON          | Services Total        |           2 |           1 |              1 |               2 |
| Eden Island | Network Total | Services Total        |           2 |           1 |              1 |               2 |
| Mahe        | GPON          | All                   |         317 |          55 |             55 |             175 |
| Mahe        | GPON          | Internet & OTT        |           2 |           1 |              1 |               1 |
| Mahe        | GPON          | Internet & Voice      |          73 |          29 |             29 |              62 |
| Mahe        | GPON          | Internet Only         |        1455 |        1374 |           1374 |            1395 |
| Mahe        | GPON          | TV & Internet         |        4911 |        2148 |           2148 |            4406 |
| Mahe        | GPON          | TV & Internet & OTT   |        3219 |         814 |            814 |            1714 |
| Mahe        | GPON          | TV & Internet & Voice |         273 |          73 |             73 |             225 |
| Mahe        | GPON          | TV & OTT              |         189 |          56 |             56 |              61 |
| Mahe        | GPON          | TV & Voice            |          49 |          22 |             22 |              45 |
| Mahe        | GPON          | TV Only               |        1814 |        1404 |           1404 |            1478 |
| Mahe        | GPON          | Voice Only            |          17 |          16 |             16 |              17 |
| Mahe        | GPON          | Services Total        |       12319 |        5992 |           5992 |            9579 |
| Mahe        | HFC           | All                   |          92 |          12 |             12 |              40 |
| Mahe        | HFC           | Internet & OTT        |           4 |           2 |              2 |               2 |
| Mahe        | HFC           | Internet & Voice      |         226 |         101 |            101 |             193 |
| Mahe        | HFC           | Internet Only         |        2623 |        2607 |           2607 |            2622 |
| Mahe        | HFC           | OTT Only              |           1 |           1 |              1 |               1 |
| Mahe        | HFC           | TV & Internet         |        4163 |        1905 |           1905 |            3860 |
| Mahe        | HFC           | TV & Internet & OTT   |         942 |         256 |            256 |             522 |
| Mahe        | HFC           | TV & Internet & Voice |         221 |          68 |             68 |             206 |
| Mahe        | HFC           | TV & OTT              |         125 |          21 |             21 |              26 |
| Mahe        | HFC           | TV & Voice            |          33 |          14 |             14 |              28 |
| Mahe        | HFC           | TV Only               |        5940 |        4662 |           4662 |            4767 |
| Mahe        | HFC           | Voice Only            |         100 |         100 |            100 |             100 |
| Mahe        | HFC           | Services Total        |       14470 |        9749 |           9749 |           12367 |
| Mahe        | Network Total | Services Total        |       26789 |       15741 |          15668 |           21946 |
| Praslin     | GPON          | All                   |          35 |           6 |              6 |              19 |
| Praslin     | GPON          | Internet & Voice      |           4 |           2 |              2 |               4 |
| Praslin     | GPON          | Internet Only         |         257 |         257 |            257 |             257 |
| Praslin     | GPON          | OTT Only              |           1 |           1 |              1 |               1 |
| Praslin     | GPON          | TV & Internet         |         761 |         338 |            338 |             697 |
| Praslin     | GPON          | TV & Internet & OTT   |         591 |         175 |            175 |             356 |
| Praslin     | GPON          | TV & Internet & Voice |          24 |           7 |              7 |              24 |
| Praslin     | GPON          | TV & OTT              |          22 |          11 |             11 |              11 |
| Praslin     | GPON          | TV Only               |         335 |         255 |            255 |             270 |
| Praslin     | GPON          | Voice Only            |           2 |           2 |              2 |               2 |
| Praslin     | GPON          | Services Total        |        2032 |        1054 |           1054 |            1641 |
| Praslin     | HFC           | TV Only               |           1 |           1 |              1 |               1 |
| Praslin     | HFC           | Services Total        |           1 |           1 |              1 |               1 |
| Praslin     | Network Total | Services Total        |        2033 |        1055 |           1055 |            1642 |
| GRAND TOTAL | Network Total | Services Total        |       28824 |       16797 |          16721 |           23590 |
+-------------+---------------+-----------------------+-------------+-------------+----------------+-----------------+
44 rows in set (0.00 sec)

Query OK, 0 rows affected (0.02 sec)

Query OK, 28148 rows affected (0.52 sec)
Records: 28148  Duplicates: 0  Warnings: 0

Query OK, 0 rows affected (0.01 sec)

Query OK, 2356 rows affected (2.40 sec)
Records: 2356  Duplicates: 0  Warnings: 0

+--------------------------------------+
| message                              |
+--------------------------------------+
| running rcbill_my.sp_ActiveNumber2() |
+--------------------------------------+
1 row in set (0.00 sec)

Query OK, 365 rows affected (2 min 30.58 sec)

mysql> mysql \. C:\workspace\cloud\code\sql\_DailyScript\currenttime.sql
+---------------------+
| currenttime         |
+---------------------+
| 2022-01-11 11:12:07 |
+---------------------+
1 row in set (0.00 sec)

mysql> 
mysql> mysql \. C:\workspace\cloud\code\sql\_DailyScript\GetActiveNumbers Average -Pivot.sql
Database changed
+-------------------------------------+
| @today := subdate(current_date(),1) |
+-------------------------------------+
| 2022-01-10                          |
+-------------------------------------+
1 row in set (0.00 sec)

+-------------------------------------+
| @lastdayofmonth := last_day(@today) |
+-------------------------------------+
| 2022-01-31                          |
+-------------------------------------+
1 row in set (0.00 sec)

Query OK, 0 rows affected (0.01 sec)

Query OK, 53259 rows affected, 65535 warnings (1 min 9.42 sec)
Records: 53259  Duplicates: 0  Warnings: 107851

Query OK, 0 rows affected (0.13 sec)
Records: 0  Duplicates: 0  Warnings: 0

Query OK, 0 rows affected (0.16 sec)
Records: 0  Duplicates: 0  Warnings: 0

Query OK, 0 rows affected (0.12 sec)
Records: 0  Duplicates: 0  Warnings: 0

+-----------------+
| activenumberavg |
+-----------------+
|           53259 |
+-----------------+
1 row in set (0.02 sec)

Query OK, 0 rows affected (0.01 sec)

Query OK, 2008 rows affected (0.67 sec)
Records: 2008  Duplicates: 0  Warnings: 0

+---------------------+
| rep_activenumberavg |
+---------------------+
|                2008 |
+---------------------+
1 row in set (0.00 sec)

+----------------------+
| rep_activenumberavg1 |
+----------------------+
|                  933 |
+----------------------+
1 row in set (0.00 sec)

Query OK, 0 rows affected (0.01 sec)

Query OK, 2827 rows affected (0.51 sec)
Records: 2827  Duplicates: 0  Warnings: 0

Query OK, 0 rows affected (0.01 sec)

Query OK, 14657 rows affected (0.92 sec)
Records: 14657  Duplicates: 0  Warnings: 0

Query OK, 0 rows affected (0.01 sec)

Query OK, 254 rows affected (0.32 sec)
Records: 254  Duplicates: 0  Warnings: 0

Query OK, 0 rows affected (0.00 sec)

Query OK, 0 rows affected (0.01 sec)

Query OK, 0 rows affected (0.01 sec)

Query OK, 0 rows affected (0.00 sec)

Query OK, 0 rows affected (0.00 sec)
Statement prepared

Query OK, 53 rows affected (0.06 sec)
Records: 53  Duplicates: 0  Warnings: 0

Query OK, 0 rows affected (0.00 sec)

Query OK, 0 rows affected (0.00 sec)

+----------------------+
| rep_activenumberavg2 |
+----------------------+
|                 2827 |
+----------------------+
1 row in set (0.00 sec)

+------------------------+
| rep_activenumberavg_pv |
+------------------------+
|                     53 |
+------------------------+
1 row in set (0.00 sec)

Query OK, 0 rows affected (0.01 sec)

Query OK, 2824 rows affected (0.44 sec)
Records: 2824  Duplicates: 0  Warnings: 0

Query OK, 0 rows affected (0.00 sec)

Query OK, 0 rows affected (0.01 sec)

Query OK, 0 rows affected (0.01 sec)

Query OK, 0 rows affected (0.00 sec)

Query OK, 0 rows affected (0.00 sec)
Statement prepared

Query OK, 53 rows affected (0.06 sec)
Records: 53  Duplicates: 0  Warnings: 0

Query OK, 0 rows affected (0.00 sec)

Query OK, 0 rows affected (0.00 sec)

+-------------------------+
| rep_activenumberavgMahe |
+-------------------------+
|                    2824 |
+-------------------------+
1 row in set (0.00 sec)

+----------------------------+
| rep_activenumberavgMahe_pv |
+----------------------------+
|                         53 |
+----------------------------+
1 row in set (0.00 sec)

Query OK, 0 rows affected (0.01 sec)

Query OK, 1788 rows affected (0.20 sec)
Records: 1788  Duplicates: 0  Warnings: 0

Query OK, 0 rows affected (0.00 sec)

Query OK, 0 rows affected (0.00 sec)

Query OK, 0 rows affected (0.01 sec)

Query OK, 0 rows affected (0.00 sec)

Query OK, 0 rows affected (0.00 sec)
Statement prepared

Query OK, 41 rows affected (0.04 sec)
Records: 41  Duplicates: 0  Warnings: 0

Query OK, 0 rows affected (0.00 sec)

Query OK, 0 rows affected (0.00 sec)

+----------------------------+
| rep_activenumberavgPraslin |
+----------------------------+
|                       1788 |
+----------------------------+
1 row in set (0.00 sec)

+-------------------------------+
| rep_activenumberavgPraslin_pv |
+-------------------------------+
|                            41 |
+-------------------------------+
1 row in set (0.00 sec)

mysql> mysql \. C:\workspace\cloud\code\sql\_DailyScript\currenttime.sql
+---------------------+
| currenttime         |
+---------------------+
| 2022-01-11 11:13:20 |
+---------------------+
1 row in set (0.00 sec)

mysql> 
mysql> mysql \. C:\workspace\cloud\code\sql\Analysis\clients_contracts_creditpolicy_2.sql
Database changed
Query OK, 0 rows affected (0.01 sec)

Query OK, 1928755 rows affected (48.65 sec)
Records: 1928755  Duplicates: 0  Warnings: 0

Query OK, 0 rows affected (0.02 sec)

Query OK, 28170 rows affected (1.14 sec)
Records: 28170  Duplicates: 0  Warnings: 0

Query OK, 0 rows affected (0.01 sec)

Query OK, 28248 rows affected (15.84 sec)
Records: 28248  Duplicates: 0  Warnings: 0

+-------------------------+
| rep_cust_cont_creditpol |
+-------------------------+
|                   28248 |
+-------------------------+
1 row in set (0.01 sec)

mysql> mysql \. C:\workspace\cloud\code\sql\_DailyScript\currenttime.sql
+---------------------+
| currenttime         |
+---------------------+
| 2022-01-11 11:14:26 |
+---------------------+
1 row in set (0.00 sec)

mysql> 
mysql> mysql \. C:\workspace\cloud\code\sql\_DailyScript\budget_actual_analysis_2022.sql
Query OK, 0 rows affected (0.01 sec)

Query OK, 591 rows affected, 3 warnings (0.09 sec)
Records: 591  Duplicates: 0  Warnings: 3

+--------------------+
| budget_actual_2022 |
+--------------------+
|                591 |
+--------------------+
1 row in set (0.00 sec)

Query OK, 0 rows affected (0.01 sec)

Query OK, 47 rows affected (0.04 sec)
Records: 47  Duplicates: 0  Warnings: 0

+---------------------------+
| rep_budget_actual_2022_pv |
+---------------------------+
|                        47 |
+---------------------------+
1 row in set (0.00 sec)

mysql> mysql \. C:\workspace\cloud\code\sql\_DailyScript\currenttime.sql
+---------------------+
| currenttime         |
+---------------------+
| 2022-01-11 11:14:26 |
+---------------------+
1 row in set (0.00 sec)

mysql> 
mysql> mysql \. C:\workspace\cloud\code\sql\_DailyScript\reports-sales-addons-prepaid-camera.sql
Database changed
Query OK, 0 rows affected (0.01 sec)

Query OK, 4418 rows affected (0.27 sec)
Records: 4418  Duplicates: 0  Warnings: 0

Query OK, 0 rows affected (0.01 sec)

Query OK, 26465 rows affected (22.60 sec)
Records: 26465  Duplicates: 0  Warnings: 0

+--------------------+
| rep_prepaid_camera |
+--------------------+
|               4418 |
+--------------------+
1 row in set (0.01 sec)

+-----------+
| rep_addon |
+-----------+
|     26465 |
+-----------+
1 row in set (0.01 sec)

mysql> mysql \. C:\workspace\cloud\code\sql\_DailyScript\currenttime.sql
+---------------------+
| currenttime         |
+---------------------+
| 2022-01-11 11:14:49 |
+---------------------+
1 row in set (0.00 sec)

mysql> 
mysql> mysql \. C:\workspace\cloud\code\sql\Analysis\addon_package_sales2.sql
Query OK, 0 rows affected (0.00 sec)

Query OK, 0 rows affected (0.01 sec)

Query OK, 0 rows affected (0.01 sec)

+------------+
| @startdate |
+------------+
| 2016-05-01 |
+------------+
1 row in set (0.00 sec)

+------------+
| @enddate   |
+------------+
| 2022-01-10 |
+------------+
1 row in set (0.00 sec)

+------------------------+
| IN ADDON PACKAGE SALES |
+------------------------+
| IN ADDON PACKAGE SALES |
+------------------------+
1 row in set (0.00 sec)

Query OK, 0 rows affected (0.00 sec)

Query OK, 0 rows affected (0.01 sec)

Query OK, 2129 rows affected (4 min 18.90 sec)
Records: 2129  Duplicates: 0  Warnings: 0

+------------------------+
| rep_newfirstactive_vod |
+------------------------+
|                   2129 |
+------------------------+
1 row in set (0.01 sec)

Query OK, 0 rows affected (0.00 sec)

Query OK, 0 rows affected (0.01 sec)

Query OK, 6636 rows affected (9 min 59.09 sec)
Records: 6636  Duplicates: 0  Warnings: 0

+------------------------+
| rep_newfirstactive_int |
+------------------------+
|                   6636 |
+------------------------+
1 row in set (0.01 sec)

Query OK, 0 rows affected (0.00 sec)

Query OK, 0 rows affected (0.01 sec)

Query OK, 406 rows affected (44.13 sec)
Records: 406  Duplicates: 0  Warnings: 0

+-----------------------+
| rep_newfirstactive_dv |
+-----------------------+
|                   406 |
+-----------------------+
1 row in set (0.00 sec)

Query OK, 0 rows affected (0.00 sec)

Query OK, 0 rows affected (0.01 sec)

Query OK, 41 rows affected (2.43 sec)
Records: 41  Duplicates: 0  Warnings: 0

+-----------------------+
| rep_newfirstactive_mv |
+-----------------------+
|                    41 |
+-----------------------+
1 row in set (0.00 sec)

Query OK, 0 rows affected (0.00 sec)

Query OK, 0 rows affected (0.01 sec)

Query OK, 713 rows affected (1 min 18.95 sec)
Records: 713  Duplicates: 0  Warnings: 0

+------------------------+
| rep_newfirstactive_igo |
+------------------------+
|                    713 |
+------------------------+
1 row in set (0.00 sec)

mysql> mysql \. C:\workspace\cloud\code\sql\_DailyScript\currenttime.sql
+---------------------+
| currenttime         |
+---------------------+
| 2022-01-11 11:31:12 |
+---------------------+
1 row in set (0.00 sec)

mysql> 
mysql> mysql \. C:\workspace\cloud\code\sql\_DailyScript\RCB_ClientAnalyticsReport_Script.sql
Database changed
Query OK, 0 rows affected (0.00 sec)

Query OK, 0 rows affected (0.20 sec)

Query OK, 2187759 rows affected (1 min 31.00 sec)
Records: 2187759  Duplicates: 0  Warnings: 0

Query OK, 0 rows affected (13.80 sec)
Records: 0  Duplicates: 0  Warnings: 0

Query OK, 0 rows affected (5.98 sec)
Records: 0  Duplicates: 0  Warnings: 0

Query OK, 0 rows affected (9.62 sec)
Records: 0  Duplicates: 0  Warnings: 0

Query OK, 0 rows affected (10.16 sec)
Records: 0  Duplicates: 0  Warnings: 0

Query OK, 0 rows affected (9.95 sec)
Records: 0  Duplicates: 0  Warnings: 0

Query OK, 0 rows affected (9.28 sec)
Records: 0  Duplicates: 0  Warnings: 0

Query OK, 0 rows affected (0.00 sec)

Query OK, 503788 rows affected, 30701 warnings (15.93 sec)
Rows matched: 2187759  Changed: 503788  Warnings: 30701

Query OK, 0 rows affected (0.01 sec)

Query OK, 28864 rows affected (11.51 sec)
Records: 28864  Duplicates: 0  Warnings: 0

+---------------------+
| clientcontractssubs |
+---------------------+
|               28864 |
+---------------------+
1 row in set (0.01 sec)

Query OK, 0 rows affected (0.01 sec)

Query OK, 45971 rows affected (11 min 33.99 sec)
Records: 45971  Duplicates: 0  Warnings: 0

Query OK, 0 rows affected (0.22 sec)
Records: 0  Duplicates: 0  Warnings: 0

Query OK, 0 rows affected (0.17 sec)
Records: 0  Duplicates: 0  Warnings: 0

Query OK, 0 rows affected (0.11 sec)
Records: 0  Duplicates: 0  Warnings: 0

+-----------------------+
| clientcontracthistory |
+-----------------------+
|                 45971 |
+-----------------------+
1 row in set (0.01 sec)

Query OK, 0 rows affected (0.03 sec)

Query OK, 2999955 rows affected (1 min 42.53 sec)
Records: 2999955  Duplicates: 0  Warnings: 0

Query OK, 0 rows affected (0.04 sec)

Query OK, 499692 rows affected (5 min 49.40 sec)
Records: 499692  Duplicates: 0  Warnings: 0

Query OK, 0 rows affected (1.71 sec)
Records: 0  Duplicates: 0  Warnings: 0

Query OK, 0 rows affected (0.93 sec)
Records: 0  Duplicates: 0  Warnings: 0

Query OK, 0 rows affected (2.00 sec)
Records: 0  Duplicates: 0  Warnings: 0

Query OK, 0 rows affected (0.99 sec)
Records: 0  Duplicates: 0  Warnings: 0

+--------------------------+
| clientcontractinvpmt_stg |
+--------------------------+
|                   499692 |
+--------------------------+
1 row in set (0.14 sec)

Query OK, 0 rows affected (0.04 sec)

Query OK, 499692 rows affected (14.52 sec)
Records: 499692  Duplicates: 0  Warnings: 0

Query OK, 0 rows affected (2.02 sec)
Records: 0  Duplicates: 0  Warnings: 0

Query OK, 0 rows affected (1.19 sec)
Records: 0  Duplicates: 0  Warnings: 0

Query OK, 0 rows affected (2.17 sec)
Records: 0  Duplicates: 0  Warnings: 0

Query OK, 0 rows affected (1.14 sec)
Records: 0  Duplicates: 0  Warnings: 0

+----------------------+
| clientcontractinvpmt |
+----------------------+
|               499692 |
+----------------------+
1 row in set (0.14 sec)

Query OK, 0 rows affected (0.07 sec)

Query OK, 45971 rows affected (1 min 38.17 sec)
Records: 45971  Duplicates: 0  Warnings: 0

+--------------+
| clientreport |
+--------------+
|        45971 |
+--------------+
1 row in set (0.02 sec)

Query OK, 0 rows affected (0.02 sec)

Query OK, 45971 rows affected (18.65 sec)
Records: 45971  Duplicates: 0  Warnings: 0

+----------------------+
| clientextendedreport |
+----------------------+
|                45971 |
+----------------------+
1 row in set (0.01 sec)

Query OK, 0 rows affected (0.01 sec)

Query OK, 45971 rows affected (1 min 38.47 sec)
Records: 45971  Duplicates: 0  Warnings: 0

+---------+
| allcust |
+---------+
|   45971 |
+---------+
1 row in set (0.01 sec)

Query OK, 0 rows affected, 1 warning (0.00 sec)

Query OK, 5000 rows affected (0.18 sec)
Records: 5000  Duplicates: 0  Warnings: 0

Query OK, 0 rows affected (0.01 sec)

Query OK, 6757 rows affected (0.35 sec)
Records: 6757  Duplicates: 0  Warnings: 0

Query OK, 0 rows affected, 1 warning (0.00 sec)

Query OK, 5000 rows affected (0.17 sec)
Records: 5000  Duplicates: 0  Warnings: 0

Query OK, 0 rows affected (0.01 sec)

Query OK, 7143 rows affected (0.20 sec)
Records: 7143  Duplicates: 0  Warnings: 0

mysql> mysql \. C:\workspace\cloud\code\sql\_DailyScript\currenttime.sql
+---------------------+
| currenttime         |
+---------------------+
| 2022-01-11 11:57:20 |
+---------------------+
1 row in set (0.00 sec)

mysql> 
mysql> mysql \. C:\workspace\cloud\code\sql\_DailyScript\REVENUE_PER_NODE_MXK_2022.sql
Query OK, 0 rows affected (0.02 sec)

Query OK, 0 rows affected (0.03 sec)

Query OK, 0 rows affected (0.04 sec)

Query OK, 12999 rows affected (4.66 sec)
Records: 12999  Duplicates: 0  Warnings: 0

+----------------------+
| message              |
+----------------------+
| created temp table a |
+----------------------+
1 row in set (0.00 sec)

Query OK, 9585 rows affected (1.28 sec)
Records: 9585  Duplicates: 0  Warnings: 0

+----------------------+
| message              |
+----------------------+
| created temp table b |
+----------------------+
1 row in set (0.00 sec)

Query OK, 0 rows affected, 1 warning (0.00 sec)

Query OK, 13475 rows affected (51.12 sec)
Records: 13475  Duplicates: 0  Warnings: 0

+--------------------------------+
| message                        |
+--------------------------------+
| created rcbill_my.tempcustmxk1 |
+--------------------------------+
1 row in set (0.00 sec)

Query OK, 0 rows affected (0.01 sec)

Query OK, 0 rows affected (0.00 sec)

Query OK, 0 rows affected, 1 warning (0.00 sec)

Query OK, 12999 rows affected (3.90 sec)
Records: 12999  Duplicates: 0  Warnings: 0

+----------------+
| message        |
+----------------+
| created temp a |
+----------------+
1 row in set (0.00 sec)

Query OK, 9585 rows affected (1.13 sec)
Records: 9585  Duplicates: 0  Warnings: 0

+----------------+
| message        |
+----------------+
| created temp b |
+----------------+
1 row in set (0.00 sec)

Query OK, 0 rows affected, 1 warning (0.00 sec)

Query OK, 9739 rows affected (25.30 sec)
Records: 9739  Duplicates: 0  Warnings: 0

+--------------------------------+
| message                        |
+--------------------------------+
| created rcbill_my.tempcustmxk2 |
+--------------------------------+
1 row in set (0.00 sec)

Query OK, 0 rows affected (0.01 sec)

Query OK, 0 rows affected (0.01 sec)

Query OK, 0 rows affected, 1 warning (0.00 sec)

Query OK, 0 rows affected (0.03 sec)

Query OK, 14310 rows affected (0.77 sec)
Records: 14310  Duplicates: 0  Warnings: 0

+---------------------------------+
| message                         |
+---------------------------------+
| created rcbill_my.customers_mxk |
+---------------------------------+
1 row in set (0.00 sec)

Query OK, 0 rows affected (0.01 sec)

Query OK, 0 rows affected (0.01 sec)

Query OK, 25311 rows affected (7.29 sec)
Records: 25311  Duplicates: 0  Warnings: 0

+----------------+
| message        |
+----------------+
| created temp a |
+----------------+
1 row in set (0.00 sec)

Query OK, 15043 rows affected (2.09 sec)
Records: 15043  Duplicates: 0  Warnings: 0

+----------------+
| message        |
+----------------+
| created temp c |
+----------------+
1 row in set (0.00 sec)

Query OK, 0 rows affected, 1 warning (0.00 sec)

Query OK, 35264 rows affected (0.46 sec)
Records: 35264  Duplicates: 0  Warnings: 0

+---------------------------------+
| message                         |
+---------------------------------+
| created rcbill_my.tempcustcmts1 |
+---------------------------------+
1 row in set (0.00 sec)

Query OK, 0 rows affected (0.01 sec)

Query OK, 0 rows affected, 1 warning (0.00 sec)

Query OK, 0 rows affected (0.01 sec)

Query OK, 25311 rows affected (7.17 sec)
Records: 25311  Duplicates: 0  Warnings: 0

+----------------+
| message        |
+----------------+
| created temp a |
+----------------+
1 row in set (0.00 sec)

Query OK, 15043 rows affected (1.88 sec)
Records: 15043  Duplicates: 0  Warnings: 0

+----------------+
| message        |
+----------------+
| created temp c |
+----------------+
1 row in set (0.00 sec)

Query OK, 0 rows affected, 1 warning (0.00 sec)

Query OK, 15477 rows affected (0.24 sec)
Records: 15477  Duplicates: 0  Warnings: 0

+---------------------------------+
| message                         |
+---------------------------------+
| created rcbill_my.tempcustcmts2 |
+---------------------------------+
1 row in set (0.00 sec)

Query OK, 0 rows affected (0.01 sec)

Query OK, 0 rows affected, 1 warning (0.00 sec)

Query OK, 0 rows affected (0.01 sec)

Query OK, 0 rows affected (0.01 sec)

Query OK, 25341 rows affected (1.36 sec)
Records: 25341  Duplicates: 0  Warnings: 0

+----------------------------------+
| message                          |
+----------------------------------+
| created rcbill_my.customers_cmts |
+----------------------------------+
1 row in set (0.00 sec)

Query OK, 0 rows affected (0.01 sec)

Query OK, 0 rows affected (0.01 sec)

Query OK, 0 rows affected (0.01 sec)

Query OK, 35080 rows affected (1.57 sec)
Records: 35080  Duplicates: 0  Warnings: 0

+--------------------------------------+
| message                              |
+--------------------------------------+
| created rcbill_my.customers_cmts_mxk |
+--------------------------------------+
1 row in set (0.00 sec)

Query OK, 529829 rows affected (1 min 14.51 sec)
Records: 529829  Duplicates: 0  Warnings: 0

+----------------+
| message        |
+----------------+
| created temp a |
+----------------+
1 row in set (0.00 sec)

Query OK, 0 rows affected (0.03 sec)

Query OK, 534344 rows affected (11.37 sec)
Records: 534344  Duplicates: 0  Warnings: 0

+------------------------------------------------+
| message                                        |
+------------------------------------------------+
| created rcbill_my.customers_contracts_cmts_mxk |
+------------------------------------------------+
1 row in set (0.00 sec)

Query OK, 0 rows affected (0.03 sec)

Query OK, 0 rows affected, 1 warning (0.00 sec)

Query OK, 0 rows affected, 1 warning (0.00 sec)

Query OK, 0 rows affected (0.00 sec)

Query OK, 12417 rows affected (2.55 sec)
Rows matched: 12417  Changed: 12417  Warnings: 0

+------------------------------------------------+
| message                                        |
+------------------------------------------------+
| updated rcbill_my.customers_contracts_cmts_mxk |
+------------------------------------------------+
1 row in set (0.00 sec)

Query OK, 0 rows affected (0.08 sec)

Query OK, 2304768 rows affected (4 min 30.92 sec)
Records: 2304768  Duplicates: 0  Warnings: 0

+----------------------------------------+
| message                                |
+----------------------------------------+
| created rcbill_my.customers_collection |
+----------------------------------------+
1 row in set (0.01 sec)

Query OK, 0 rows affected (0.08 sec)

Query OK, 2764942 rows affected (2 min 11.81 sec)
Records: 2764942  Duplicates: 0  Warnings: 0

+------------------------------------------------+
| message                                        |
+------------------------------------------------+
| created rcbill_my.customers_cmts_mxk_cont_coll |
+------------------------------------------------+
1 row in set (0.00 sec)

Query OK, 0 rows affected (0.09 sec)

Query OK, 481773 rows affected (3 min 43.02 sec)
Records: 481773  Duplicates: 0  Warnings: 0

+--------------------------------------------------------+
| message                                                |
+--------------------------------------------------------+
| created rcbill_my.customers_contracts_collection_pivot |
+--------------------------------------------------------+
1 row in set (0.00 sec)

Query OK, 0 rows affected (0.02 sec)

Query OK, 41969 rows affected (3 min 29.86 sec)
Records: 41969  Duplicates: 0  Warnings: 0

+----------------------------------------------+
| message                                      |
+----------------------------------------------+
| created rcbill_my.customers_collection_pivot |
+----------------------------------------------+
1 row in set (0.00 sec)

Query OK, 0 rows affected (0.02 sec)

Query OK, 45971 rows affected (2.68 sec)
Records: 45971  Duplicates: 0  Warnings: 0

+--------------------------------------------+
| message                                    |
+--------------------------------------------+
| created rcbill_my.rep_customers_collection |
+--------------------------------------------+
1 row in set (0.00 sec)

Query OK, 0 rows affected (0.00 sec)

Query OK, 0 rows affected, 1 warning (0.00 sec)

Query OK, 491480 rows affected (15.99 sec)
Records: 491480  Duplicates: 0  Warnings: 0

+-------------------------+
| message                 |
+-------------------------+
| created rcbill_my.tempa |
+-------------------------+
1 row in set (0.00 sec)

Query OK, 0 rows affected, 1 warning (0.00 sec)

Query OK, 481773 rows affected (40.59 sec)
Records: 481773  Duplicates: 0  Warnings: 0

+-------------------------+
| message                 |
+-------------------------+
| created rcbill_my.tempb |
+-------------------------+
1 row in set (0.00 sec)

Query OK, 491480 rows affected (46.47 sec)
Records: 491480  Duplicates: 0  Warnings: 0

+-----------+
| message   |
+-----------+
| created a |
+-----------+
1 row in set (0.00 sec)

Query OK, 482219 rows affected (47.75 sec)
Records: 482219  Duplicates: 0  Warnings: 0

+-----------+
| message   |
+-----------+
| created b |
+-----------+
1 row in set (0.00 sec)

Query OK, 0 rows affected (0.05 sec)

Query OK, 0 rows affected (0.05 sec)

Query OK, 0 rows affected (0.04 sec)

Query OK, 528527 rows affected (1 min 23.75 sec)
Records: 528527  Duplicates: 0  Warnings: 0

+----------------------------------------------+
| message                                      |
+----------------------------------------------+
| created rcbill_my.cust_cont_payment_cmts_mxk |
+----------------------------------------------+
1 row in set (0.00 sec)

Query OK, 0 rows affected (0.04 sec)

Query OK, 0 rows affected (0.03 sec)

Query OK, 0 rows affected, 1 warning (0.00 sec)

Query OK, 0 rows affected (0.01 sec)

Query OK, 45971 rows affected (33.25 sec)
Records: 45971  Duplicates: 0  Warnings: 0

+--------------------------------------------------+
| message                                          |
+--------------------------------------------------+
| created rcbill_my.rep_cust_cont_payment_cmts_mxk |
+--------------------------------------------------+
1 row in set (0.00 sec)

Query OK, 0 rows affected, 1 warning (0.00 sec)

Query OK, 0 rows affected, 1 warning (0.00 sec)

Query OK, 0 rows affected (0.02 sec)

Query OK, 45971 rows affected (10.98 sec)
Records: 45971  Duplicates: 0  Warnings: 0

+----------------------+
| rep_custconsolidated |
+----------------------+
|                45971 |
+----------------------+
1 row in set (0.02 sec)

Query OK, 0 rows affected (0.01 sec)

Query OK, 37 rows affected (0.15 sec)
Records: 37  Duplicates: 0  Warnings: 0

+---------------------------------------+
| rep_activecustomerdistribution_level1 |
+---------------------------------------+
|                                    37 |
+---------------------------------------+
1 row in set (0.00 sec)

Query OK, 0 rows affected (0.01 sec)

Query OK, 225 rows affected (0.16 sec)
Records: 225  Duplicates: 0  Warnings: 0

+---------------------------------------+
| rep_activecustomerdistribution_level2 |
+---------------------------------------+
|                                   225 |
+---------------------------------------+
1 row in set (0.00 sec)

Query OK, 0 rows affected (0.01 sec)

Query OK, 45971 rows affected (11.93 sec)
Records: 45971  Duplicates: 0  Warnings: 0

+------------------------------+
| rep_custaddressparcelsprefix |
+------------------------------+
|                        45971 |
+------------------------------+
1 row in set (0.02 sec)

Query OK, 0 rows affected (0.01 sec)

Query OK, 4414 rows affected (0.38 sec)
Records: 4414  Duplicates: 0  Warnings: 0

+-------------------------------------+
| rep_residentialcustomers_tillasleep |
+-------------------------------------+
|                                4414 |
+-------------------------------------+
1 row in set (0.00 sec)

Query OK, 0 rows affected (0.02 sec)

+------------------------------------+
| message                            |
+------------------------------------+
| creating rcbill_my.rep_custextract |
+------------------------------------+
1 row in set (0.00 sec)

Query OK, 45971 rows affected (1.91 sec)
Records: 45971  Duplicates: 0  Warnings: 0

+-----------------+
| rep_custextract |
+-----------------+
|           45971 |
+-----------------+
1 row in set (0.01 sec)

Query OK, 0 rows affected (0.00 sec)

Query OK, 0 rows affected (0.01 sec)

+----------------------------------------------+
| message                                      |
+----------------------------------------------+
| creating rcbill_my.retentioncustomeractivity |
+----------------------------------------------+
1 row in set (0.00 sec)

Query OK, 1100 rows affected (0.12 sec)
Records: 1100  Duplicates: 0  Warnings: 0

+---------------------------+
| retentioncustomeractivity |
+---------------------------+
|                      1100 |
+---------------------------+
1 row in set (0.00 sec)

+-----------+------------------------------------+------------+-------------+-----------------+------------------+---------------------+-------------------+
| HFC_NODE  | NODENAME                           | CMTS_DATE  | INSERTED_ON | UNIQUE_ACCOUNTS | UNIQUE_CONTRACTS | UNIQUE_MAC_INRCBOSS | UNIQUE_MAC_INCMTS |
+-----------+------------------------------------+------------+-------------+-----------------+------------------+---------------------+-------------------+
| NULL      | NULL                               | NULL       | 2022-01-11  |           13741 |            18026 |                8658 |                 0 |
| C5/0/0/U0 | ANSE-BOILEAU-2                     | 2022-01-06 | 2022-01-11  |             190 |              193 |                 191 |               191 |
| C5/0/0/U1 | 500-C3-ANSE-BOILEAU                | 2022-01-06 | 2022-01-11  |             201 |              206 |                 201 |               202 |
| C5/0/1/U0 | 501-C4-LA-MISIERE-LEFT-I           | 2022-01-06 | 2022-01-11  |             137 |              138 |                 137 |               138 |
| C5/0/1/U1 | 501-C5-LA-MISIERE-RIGHT            | 2022-01-06 | 2022-01-11  |              89 |               91 |                  89 |                89 |
| C5/0/1/U2 | 501-C7-LA-MISIERE-LEFT-II          | 2022-01-06 | 2022-01-11  |             140 |              144 |                 140 |               141 |
| C5/0/2/U0 | 502-C8-LA-LOUISE                   | 2022-01-06 | 2022-01-11  |             113 |              115 |                 113 |               114 |
| C5/0/2/U1 | LA-LOUISE-2                        | 2022-01-06 | 2022-01-11  |             109 |              109 |                 109 |               110 |
| C5/0/3/U0 | 504-C6-PETIT-PARIS                 | 2022-01-06 | 2022-01-11  |             118 |              121 |                 118 |               120 |
| C5/0/3/U1 | PETIT-PARIS-23                     | 2022-01-06 | 2022-01-11  |              60 |               61 |                  59 |                59 |
| C5/0/4/U0 | FOUR-SEASONS                       | 2022-01-06 | 2022-01-11  |               1 |                1 |                   1 |                 1 |
| C5/0/4/U1 | ANCHOR-CAFE-I                      | 2022-01-06 | 2022-01-11  |             153 |              156 |                 153 |               153 |
| C5/0/4/U2 | ANCHOR-CAFE-II                     | 2022-01-06 | 2022-01-11  |             156 |              157 |                 156 |               157 |
| C5/1/0/U0 | POINTE-LARUE-AIRPORT-23            | 2022-01-06 | 2022-01-11  |              95 |               95 |                  96 |                98 |
| C5/1/0/U1 | PPROVIDENCE-23                     | 2022-01-06 | 2022-01-11  |              14 |               14 |                  15 |                15 |
| C5/1/0/U2 | ROSHE-CAIMAN-23                    | 2022-01-06 | 2022-01-11  |              11 |               12 |                  11 |                11 |
| C5/1/0/U3 | HEAD-OFFICE | HO-23                | 2022-01-06 | 2022-01-11  |              11 |               11 |                  11 |                11 |
| C5/1/1/U1 | C5-UNION-VALE                      | 2022-01-06 | 2022-01-11  |             119 |              119 |                 119 |               119 |
| C5/1/3/U0 | POINTE-LARUE-AIRPORT-27            | 2022-01-06 | 2022-01-11  |             131 |              136 |                 131 |               131 |
| C5/1/3/U1 | PPROVIDENCE-27                     | 2022-01-06 | 2022-01-11  |              24 |               24 |                  24 |                24 |
| C5/1/3/U2 | ROSHE-CAIMAN-27                    | 2022-01-06 | 2022-01-11  |              31 |               31 |                  31 |                31 |
| C5/1/3/U3 | HEAD-OFFICE | HO-27                | 2022-01-06 | 2022-01-11  |              25 |               26 |                  25 |                26 |
| C5/1/4/U0 | ANSE-ROYALE-27                     | 2022-01-06 | 2022-01-11  |              99 |              101 |                 100 |               100 |
| C5/1/4/U1 | GLACIS-2-57                        | 2022-01-06 | 2022-01-11  |              47 |               49 |                  47 |                47 |
| C5/1/4/U2 | NULL                               | 2022-01-06 | 2022-01-11  |              92 |               95 |                  92 |                93 |
| C5/1/4/U3 | GLACIS-1                           | 2022-01-06 | 2022-01-11  |              11 |               12 |                  11 |                11 |
| C6/0/1/U0 | SERRET-ROAD-RIGHT/CURIO/PASCAL     | 2022-01-06 | 2022-01-11  |              95 |               95 |                  95 |                95 |
| C6/0/1/U1 | SERRET-ROAD-LEFT/ST.LOUIS/TOWN     | 2022-01-06 | 2022-01-11  |              55 |               56 |                  55 |                55 |
| C6/0/1/U2 | SERRET-ROAD-RIGHT/CURIO/PASCAL-2   | 2022-01-06 | 2022-01-11  |             101 |              104 |                 101 |               101 |
| C6/0/1/U3 | SERRET-ROAD-LEFT/ST.LOUIS/TOWN-2   | 2022-01-06 | 2022-01-11  |              55 |               57 |                  55 |                56 |
| C6/0/2/U0 | SANS-SOUCIS-I                      | 2022-01-06 | 2022-01-11  |              80 |               82 |                  80 |                81 |
| C6/0/2/U1 | SANS-SOUCIS-II                     | 2022-01-06 | 2022-01-11  |              79 |               80 |                  79 |                79 |
| C6/0/2/U2 | BEL-AIR-27                         | 2022-01-06 | 2022-01-11  |              62 |               64 |                  62 |                63 |
| C6/0/2/U3 | BEL-AIR-38                         | 2022-01-06 | 2022-01-11  |              58 |               58 |                  58 |                58 |
| C6/0/3/U0 | LES-MAMELLES-23                    | 2022-01-06 | 2022-01-11  |              55 |               55 |                  55 |                55 |
| C6/0/3/U1 | VICTORIA-23                        | 2022-01-06 | 2022-01-11  |              18 |               18 |                  18 |                19 |
| C6/0/4/U0 | LES-MAMELLES-27                    | 2022-01-06 | 2022-01-11  |              57 |               57 |                  57 |                57 |
| C6/0/4/U1 | VICTORIA-27                        | 2022-01-06 | 2022-01-11  |              12 |               12 |                  12 |                13 |
| C7/1/0/U0 | LA-RETRAITE-23                     | 2022-01-06 | 2022-01-11  |              73 |               75 |                  73 |                73 |
| C7/1/0/U1 | TEA-FACTORY-23                     | 2022-01-06 | 2022-01-11  |              26 |               31 |                  26 |                26 |
| C7/1/0/U2 | PAS-23                             | 2022-01-06 | 2022-01-11  |              81 |               86 |                  81 |                81 |
| C7/1/1/U0 | REEF-ESTATE-23                     | 2022-01-06 | 2022-01-11  |              65 |               65 |                  65 |                66 |
| C7/1/2/U0 | LA-RETRAITE-27                     | 2022-01-06 | 2022-01-11  |              47 |               48 |                  47 |                47 |
| C7/1/2/U1 | TEA-FACTORY-27                     | 2022-01-06 | 2022-01-11  |              17 |               21 |                  17 |                17 |
| C7/1/2/U2 | PAS-27                             | 2022-01-06 | 2022-01-11  |              91 |               92 |                  91 |                92 |
| C7/1/3/U0 | MT-BUXTON-27                       | 2022-01-06 | 2022-01-11  |             121 |              123 |                 122 |               123 |
| C7/1/3/U1 | MT-BUXTON-23                       | 2022-01-06 | 2022-01-11  |              61 |               62 |                  61 |                61 |
| C7/1/4/U0 | REEF-ESTATE-27                     | 2022-01-06 | 2022-01-11  |              75 |               77 |                  75 |                75 |
| C8/0/0/U0 | POLICE-ACADEMY-1-27 - POINTE LARUE | 2022-01-06 | 2022-01-11  |             108 |              109 |                 108 |               109 |
| C8/0/0/U1 | NULL                               | 2022-01-06 | 2022-01-11  |             135 |              137 |                 135 |               136 |
| C8/0/1/U0 | NULL                               | 2022-01-06 | 2022-01-11  |             206 |              207 |                 206 |               206 |
| C8/0/1/U1 | POLICE-ACADEMY-2-27 - TURTLE BAY   | 2022-01-06 | 2022-01-11  |             126 |              131 |                 126 |               127 |
| C8/1/0/U0 | MA-JOIE-NODE-27                    | 2022-01-06 | 2022-01-11  |              63 |               64 |                  65 |                65 |
| C8/1/0/U1 | BELONIE-27                         | 2022-01-06 | 2022-01-11  |             111 |              112 |                 110 |               111 |
| C8/1/0/U3 | MA-JOIE-NODE-23                    | 2022-01-06 | 2022-01-11  |              69 |               70 |                  68 |                69 |
| C8/1/1/U0 | 611-C1-ROJN I                      | 2022-01-06 | 2022-01-11  |              92 |               92 |                  92 |                92 |
| C8/1/1/U1 | 611-C5-ROJN II                     | 2022-01-06 | 2022-01-11  |              95 |               96 |                  95 |                95 |
| C8/1/2/U0 | 612-C2-ANSE-ETOILE                 | 2022-01-06 | 2022-01-11  |              88 |               88 |                  88 |                88 |
| C8/1/2/U1 | ANSE-ETOILE-U2                     | 2022-01-06 | 2022-01-11  |              34 |               34 |                  34 |                34 |
| C8/1/3/U0 | 613-C3-ANSE-GAULETTE I             | 2022-01-06 | 2022-01-11  |              78 |               82 |                  78 |                78 |
| C8/1/3/U1 | 613-C7-ANSE-GAULETTE II            | 2022-01-06 | 2022-01-11  |              76 |               80 |                  77 |                77 |
| C8/1/3/U2 | 613-C3-ANSE-GAULETTE III           | 2022-01-06 | 2022-01-11  |              35 |               37 |                  35 |                35 |
| C8/1/3/U3 | TAKAMAKA I                         | 2022-01-06 | 2022-01-11  |              93 |               94 |                  93 |                94 |
| C8/1/3/U4 | TAKAMAKA II                        | 2022-01-06 | 2022-01-11  |              96 |               97 |                  96 |                96 |
| C8/1/4/U0 | 614-BEOLIERE-NODE-1                | 2022-01-06 | 2022-01-11  |             105 |              105 |                 105 |               107 |
| C8/1/4/U1 | 614-BEOLIERE-NODE-2                | 2022-01-06 | 2022-01-11  |             105 |              108 |                 105 |               107 |
+-----------+------------------------------------+------------+-------------+-----------------+------------------+---------------------+-------------------+
66 rows in set (0.49 sec)

+-----------------------+------------+-------------+-----------------+------------------+----------------------+-------------------+
| MXK_NAME              | MXK_DATE   | INSERTED_ON | UNIQUE_ACCOUNTS | UNIQUE_CONTRACTS | UNIQUE_FSAN_INRCBOSS | UNIQUE_FSAN_INMXK |
+-----------------------+------------+-------------+-----------------+------------------+----------------------+-------------------+
| NULL                  | NULL       | 2022-01-11  |            3112 |             4198 |                 1199 |                 0 |
| MXK-MAHE-ANSEAUXPINS  | 2021-12-20 | 2022-01-11  |             199 |              200 |                  200 |               219 |
| MXK-MAHE-ANSEETOILE   | 2021-12-20 | 2022-01-11  |             891 |              899 |                  892 |               939 |
| MXK-MAHE-ANSEROYALE   | 2021-12-20 | 2022-01-11  |             265 |              268 |                  267 |               300 |
| MXK-MAHE-ANSEROYALE-2 | 2021-12-20 | 2022-01-11  |              14 |               14 |                   14 |                14 |
| MXK-MAHE-BEAUVALLON-1 | 2021-12-20 | 2022-01-11  |            2171 |             2212 |                 2200 |              2305 |
| MXK-MAHE-BEAUVALLON-2 | 2021-12-20 | 2022-01-11  |             311 |              339 |                  349 |               380 |
| MXK-MAHE-GRANDANSE    | 2021-12-20 | 2022-01-11  |             127 |              127 |                  127 |               134 |
| MXK-MAHE-LAB          | 2021-12-20 | 2022-01-11  |               0 |                0 |                    0 |                11 |
| MXK-MAHE-MONTFLEURI   | 2021-12-20 | 2022-01-11  |             506 |              507 |                  507 |               534 |
| MXK-MAHE-PERSEVERANCE | 2021-12-20 | 2022-01-11  |            1223 |             1243 |                 1230 |              1332 |
| MXK-MAHE-PROVIDENCE   | 2021-12-20 | 2022-01-11  |            1365 |             1400 |                 1322 |              1539 |
| MXK-PRASLIN-GRANDANSE | 2021-12-20 | 2022-01-11  |            1392 |             1394 |                 1385 |              1572 |
+-----------------------+------------+-------------+-----------------+------------------+----------------------+-------------------+
13 rows in set (0.20 sec)

mysql> mysql \. C:\workspace\cloud\code\sql\_DailyScript\currenttime.sql
+---------------------+
| currenttime         |
+---------------------+
| 2022-01-11 12:19:32 |
+---------------------+
1 row in set (0.00 sec)

mysql> 
mysql> mysql \. C:\workspace\cloud\code\sql\_DailyScript\housing-estate-analysis.sql
Database changed
Query OK, 0 rows affected (0.01 sec)

Query OK, 3739 rows affected (14.99 sec)
Records: 3739  Duplicates: 0  Warnings: 0

+--------------------+
| rep_housingestates |
+--------------------+
|               3739 |
+--------------------+
1 row in set (0.00 sec)

mysql> mysql \. C:\workspace\cloud\code\sql\_DailyScript\currenttime.sql
+---------------------+
| currenttime         |
+---------------------+
| 2022-01-11 12:19:47 |
+---------------------+
1 row in set (0.00 sec)

mysql> 
mysql> 
mysql> mysql \. C:\workspace\cloud\code\sql\Analysis\service_tickets_assignments2022.sql
Query OK, 0 rows affected (0.01 sec)

Query OK, 2252 rows affected (3.23 sec)
Records: 2252  Duplicates: 0  Warnings: 0

+-------------------------+
| rep_servicetickets_2022 |
+-------------------------+
|                    2252 |
+-------------------------+
1 row in set (0.01 sec)

Query OK, 0 rows affected (0.01 sec)

Query OK, 16396 rows affected (2.96 sec)
Records: 16396  Duplicates: 0  Warnings: 0

+------------------+
| rep_tkt_f_level1 |
+------------------+
|            16396 |
+------------------+
1 row in set (0.01 sec)

Query OK, 0 rows affected (0.02 sec)

Query OK, 95531 rows affected (3.99 sec)
Records: 95531  Duplicates: 0  Warnings: 0

+------------------+
| rep_tkt_f_level2 |
+------------------+
|            95531 |
+------------------+
1 row in set (0.03 sec)

Query OK, 0 rows affected (0.02 sec)

Query OK, 136871 rows affected (3.86 sec)
Records: 136871  Duplicates: 0  Warnings: 0

+------------------+
| rep_tkt_f_level3 |
+------------------+
|           136871 |
+------------------+
1 row in set (0.04 sec)

Query OK, 0 rows affected (0.01 sec)

Query OK, 3644 rows affected (0.54 sec)
Records: 3644  Duplicates: 0  Warnings: 0

+--------------------+
| rep_tkt_irs_level1 |
+--------------------+
|               3644 |
+--------------------+
1 row in set (0.00 sec)

Query OK, 0 rows affected (0.01 sec)

Query OK, 17622 rows affected (0.77 sec)
Records: 17622  Duplicates: 0  Warnings: 0

+--------------------+
| rep_tkt_irs_level2 |
+--------------------+
|              17622 |
+--------------------+
1 row in set (0.01 sec)

Query OK, 0 rows affected (0.01 sec)

Query OK, 29180 rows affected (0.90 sec)
Records: 29180  Duplicates: 0  Warnings: 0

+--------------------+
| rep_tkt_irs_level3 |
+--------------------+
|              29180 |
+--------------------+
1 row in set (0.01 sec)

mysql> mysql \. C:\workspace\cloud\code\sql\_DailyScript\currenttime.sql
+---------------------+
| currenttime         |
+---------------------+
| 2022-01-11 12:20:04 |
+---------------------+
1 row in set (0.00 sec)

mysql> 
mysql> mysql \. C:\workspace\cloud\code\sql\_DailyScript\DAILY-SCRIPT-USAGESTATS_2022.sql
Database changed
Query OK, 0 rows affected (0.20 sec)

Query OK, 34537607 rows affected, 65535 warnings (9 min 49.55 sec)
Records: 34537607  Duplicates: 0  Warnings: 34526070

Query OK, 0 rows affected (1 min 47.89 sec)
Records: 0  Duplicates: 0  Warnings: 0

Query OK, 0 rows affected (1 min 39.25 sec)
Records: 0  Duplicates: 0  Warnings: 0

Query OK, 0 rows affected (1 min 37.69 sec)
Records: 0  Duplicates: 0  Warnings: 0

Query OK, 0 rows affected (1 min 30.95 sec)
Records: 0  Duplicates: 0  Warnings: 0

Query OK, 0 rows affected (2 min 34.18 sec)
Records: 0  Duplicates: 0  Warnings: 0

Query OK, 0 rows affected (2 min 44.95 sec)
Records: 0  Duplicates: 0  Warnings: 0

Query OK, 0 rows affected (2 min 24.14 sec)
Records: 0  Duplicates: 0  Warnings: 0

Query OK, 0 rows affected (1 min 39.04 sec)
Records: 0  Duplicates: 0  Warnings: 0

+----------+
| ipusage  |
+----------+
| 34537607 |
+----------+
1 row in set (19.96 sec)

Query OK, 0 rows affected (0.08 sec)

Query OK, 10432640 rows affected (9 min 57.88 sec)
Records: 10432640  Duplicates: 0  Warnings: 0

Query OK, 0 rows affected (36.60 sec)
Records: 0  Duplicates: 0  Warnings: 0

Query OK, 0 rows affected (23.29 sec)
Records: 0  Duplicates: 0  Warnings: 0

Query OK, 0 rows affected (39.32 sec)
Records: 0  Duplicates: 0  Warnings: 0

Query OK, 0 rows affected (46.22 sec)
Records: 0  Duplicates: 0  Warnings: 0

Query OK, 0 rows affected (29.03 sec)
Records: 0  Duplicates: 0  Warnings: 0

+------------------+
| clientcontractip |
+------------------+
|         10432640 |
+------------------+
1 row in set (2.96 sec)

Query OK, 0 rows affected (0.11 sec)

Query OK, 16930187 rows affected (3 min 48.75 sec)
Records: 16930187  Duplicates: 0  Warnings: 0

+---------------------------+
| clientcontractipusage_stg |
+---------------------------+
|                  16930187 |
+---------------------------+
1 row in set (6.15 sec)

+------------------------------------+
| clientcontractipusage_beforeinsert |
+------------------------------------+
|                           16930187 |
+------------------------------------+
1 row in set (8.57 sec)

Query OK, 42196 rows affected (41.14 sec)
Records: 42196  Duplicates: 0  Warnings: 0

+-----------------------------------+
| clientcontractipusage_afterinsert |
+-----------------------------------+
|                          16972383 |
+-----------------------------------+
1 row in set (7.76 sec)

Query OK, 0 rows affected (0.00 sec)

+------------------------+
| info                   |
+------------------------+
| updating null packages |
+------------------------+
1 row in set (0.00 sec)

Query OK, 0 rows affected (44.67 sec)
Rows matched: 206327  Changed: 0  Warnings: 0

+------------+----------+
| usagedate  | count(*) |
+------------+----------+
| 2022-01-10 |    10589 |
| 2022-01-09 |    10488 |
| 2022-01-08 |    10560 |
| 2022-01-07 |    10559 |
| 2022-01-06 |    10803 |
| 2022-01-05 |    10870 |
| 2022-01-04 |    10688 |
| 2022-01-03 |    10248 |
| 2022-01-02 |    10240 |
| 2022-01-01 |    10563 |
| 2021-12-31 |    11038 |
| 2021-12-30 |    10777 |
| 2021-12-29 |    11067 |
| 2021-12-28 |    10729 |
| 2021-12-27 |    10741 |
+------------+----------+
15 rows in set (0.07 sec)

Query OK, 0 rows affected (0.03 sec)

Query OK, 824398 rows affected (1 min 24.63 sec)
Records: 824398  Duplicates: 0  Warnings: 0

Query OK, 0 rows affected (2.85 sec)
Records: 0  Duplicates: 0  Warnings: 0

Query OK, 0 rows affected (2.53 sec)
Records: 0  Duplicates: 0  Warnings: 0

Query OK, 0 rows affected (3.06 sec)
Records: 0  Duplicates: 0  Warnings: 0

Query OK, 0 rows affected (1.63 sec)
Records: 0  Duplicates: 0  Warnings: 0

Query OK, 0 rows affected (1.59 sec)
Records: 0  Duplicates: 0  Warnings: 0

Query OK, 0 rows affected (1.58 sec)
Records: 0  Duplicates: 0  Warnings: 0

Query OK, 0 rows affected (1.65 sec)
Records: 0  Duplicates: 0  Warnings: 0

+-----------------------+
| clientcontractipmonth |
+-----------------------+
|                824398 |
+-----------------------+
1 row in set (0.22 sec)

Query OK, 0 rows affected (0.01 sec)

Query OK, 462 rows affected (22.75 sec)
Records: 462  Duplicates: 0  Warnings: 0

+---------------------------+
| rep_dailypackageusage2022 |
+---------------------------+
|                       462 |
+---------------------------+
1 row in set (0.00 sec)

mysql> mysql \. C:\workspace\cloud\code\sql\_DailyScript\currenttime.sql
+---------------------+
| currenttime         |
+---------------------+
| 2022-01-11 13:06:47 |
+---------------------+
1 row in set (0.00 sec)

mysql> 
mysql> mysql \. C:\workspace\cloud\code\sql\GIS\GetParcelExtract.sql
Database changed
Query OK, 0 rows affected (0.01 sec)

Query OK, 16464 rows affected (5.17 sec)
Records: 16464  Duplicates: 0  Warnings: 0

+-------------------------+
| IV_PARCELEXTRACTStaging |
+-------------------------+
|                   16464 |
+-------------------------+
1 row in set (0.01 sec)

Query OK, 0 rows affected (0.00 sec)

Query OK, 0 rows affected (0.01 sec)

Query OK, 10001 rows affected (0.48 sec)
Records: 10001  Duplicates: 0  Warnings: 0

+-----------------+
| IV_PARCELFORMAP |
+-----------------+
|           10001 |
+-----------------+
1 row in set (0.01 sec)

Query OK, 0 rows affected (0.01 sec)

Query OK, 283 rows affected (0.03 sec)
Records: 283  Duplicates: 0  Warnings: 0

+----------------------------+
| IV_PARCELFORMAP_Inactive_2 |
+----------------------------+
|                        283 |
+----------------------------+
1 row in set (0.00 sec)

Query OK, 0 rows affected (0.01 sec)

Query OK, 452 rows affected (0.04 sec)
Records: 452  Duplicates: 0  Warnings: 0

+----------------------------+
| IV_PARCELFORMAP_Inactive_3 |
+----------------------------+
|                        452 |
+----------------------------+
1 row in set (0.00 sec)

Query OK, 0 rows affected (0.01 sec)

Query OK, 517 rows affected (0.04 sec)
Records: 517  Duplicates: 0  Warnings: 0

+----------------------------+
| IV_PARCELFORMAP_Inactive_4 |
+----------------------------+
|                        517 |
+----------------------------+
1 row in set (0.00 sec)

Query OK, 0 rows affected (0.01 sec)

Query OK, 2799 rows affected (0.09 sec)
Records: 2799  Duplicates: 0  Warnings: 0

+----------------------------+
| IV_PARCELFORMAP_Inactive_5 |
+----------------------------+
|                       2799 |
+----------------------------+
1 row in set (0.00 sec)

Query OK, 0 rows affected (0.01 sec)

Query OK, 4087 rows affected (0.11 sec)
Records: 4087  Duplicates: 0  Warnings: 0

+---------------------+
| IV_PARCELFORMAP_HFC |
+---------------------+
|                4087 |
+---------------------+
1 row in set (0.00 sec)

Query OK, 0 rows affected (0.01 sec)

Query OK, 4512 rows affected (0.13 sec)
Records: 4512  Duplicates: 0  Warnings: 0

+----------------------+
| IV_PARCELFORMAP_GPON |
+----------------------+
|                 4512 |
+----------------------+
1 row in set (0.00 sec)

Query OK, 0 rows affected (0.01 sec)

Query OK, 53 rows affected (0.03 sec)
Records: 53  Duplicates: 0  Warnings: 0

+---------------------+
| IV_PARCELFORMAP_MIX |
+---------------------+
|                  53 |
+---------------------+
1 row in set (0.00 sec)

mysql> mysql \. C:\workspace\cloud\code\sql\_DailyScript\currenttime.sql
+---------------------+
| currenttime         |
+---------------------+
| 2022-01-11 13:06:53 |
+---------------------+
1 row in set (0.00 sec)

mysql> 
mysql> 
mysql> 
mysql> exit
