    -> 
    -> mysql \. C:\workspace\cloud\code\sql\_DailyScript\_setdates.sql
Database changed
Query OK, 0 rows affected (0.00 sec)

Query OK, 0 rows affected (0.00 sec)

Query OK, 0 rows affected (0.00 sec)

Query OK, 0 rows affected (0.00 sec)

Query OK, 0 rows affected (0.00 sec)

Query OK, 0 rows affected (0.00 sec)

Query OK, 0 rows affected (0.00 sec)

Query OK, 0 rows affected (0.00 sec)

Query OK, 0 rows affected (0.00 sec)

Query OK, 0 rows affected (0.00 sec)

Query OK, 0 rows affected (0.00 sec)

Query OK, 0 rows affected (0.00 sec)

Query OK, 0 rows affected (0.00 sec)

Query OK, 0 rows affected (0.00 sec)

Query OK, 0 rows affected (0.00 sec)

Query OK, 0 rows affected (0.00 sec)

Query OK, 0 rows affected (0.00 sec)

Query OK, 0 rows affected (0.00 sec)

Query OK, 0 rows affected (0.00 sec)

Query OK, 0 rows affected (0.00 sec)

Query OK, 0 rows affected (0.00 sec)

mysql> mysql \. C:\workspace\cloud\code\sql\_DailyScript\currenttime.sql
+---------------------+
| currenttime         |
+---------------------+
| 2019-12-15 16:18:21 |
+---------------------+
1 row in set (0.00 sec)

mysql> 
mysql> mysql \. C:\workspace\cloud\code\sql\_DailyScript\load_RCB_VODTITLES.sql
Database changed
Query OK, 0 rows affected (0.00 sec)

Query OK, 8480 rows affected (0.38 sec)

Query OK, 8482 rows affected, 8482 warnings (0.22 sec)
Records: 8482  Deleted: 0  Skipped: 0  Warnings: 8482

Query OK, 0 rows affected (0.00 sec)

Query OK, 2 rows affected (0.01 sec)

+-----------+
| VODTITLES |
+-----------+
|      8940 |
+-----------+
1 row in set (0.01 sec)

+-----------+-----------+
| titletype | typecount |
+-----------+-----------+
| E         |      6893 |
| N         |       213 |
| T         |      1374 |
| NULL      |      8480 |
+-----------+-----------+
4 rows in set (0.03 sec)

mysql> mysql \. C:\workspace\cloud\code\sql\_DailyScript\currenttime.sql
+---------------------+
| currenttime         |
+---------------------+
| 2019-12-15 16:18:22 |
+---------------------+
1 row in set (0.00 sec)

mysql> 
mysql> mysql \. C:\workspace\cloud\code\sql\_DailyScript\DAILY-SCRIPT-LIVETV-STATS.sql
Database changed
Query OK, 0 rows affected (0.02 sec)

Query OK, 70765 rows affected (1.12 sec)
Records: 70765  Duplicates: 0  Warnings: 0

+------------+------------+----------+--------------+--------------+-----------+-------------+----------+--------+------+------------+---------+---------------+
| Table      | Non_unique | Key_name | Seq_in_index | Column_name  | Collation | Cardinality | Sub_part | Packed | Null | Index_type | Comment | Index_comment |
+------------+------------+----------+--------------+--------------+-----------+-------------+----------+--------+------+------------+---------+---------------+
| templivetv |          1 | idxtv1   |            1 | device       | A         |       71106 |     NULL | NULL   | YES  | BTREE      |         |               |
| templivetv |          1 | idxtv2   |            1 | sessionstart | A         |       71106 |     NULL | NULL   | YES  | BTREE      |         |               |
+------------+------------+----------+--------------+--------------+-----------+-------------+----------+--------+------+------------+---------+---------------+
2 rows in set (0.00 sec)

Query OK, 70528 rows affected (33.80 sec)
Records: 70528  Duplicates: 0  Warnings: 0

Query OK, 2719 rows affected (1.19 sec)
Records: 2719  Duplicates: 0  Warnings: 0

Query OK, 0 rows affected (0.00 sec)

Query OK, 0 rows affected (0.03 sec)

Query OK, 135 rows affected (0.17 sec)
Records: 135  Duplicates: 0  Warnings: 0

Query OK, 0 rows affected (0.02 sec)

Query OK, 100661 rows affected (16 min 54.82 sec)
Records: 100661  Duplicates: 0  Warnings: 0

+-----------------+
| rep_livetvstats |
+-----------------+
|          100661 |
+-----------------+
1 row in set (0.04 sec)

mysql> mysql \. C:\workspace\cloud\code\sql\_DailyScript\currenttime.sql
+---------------------+
| currenttime         |
+---------------------+
| 2019-12-15 16:35:53 |
+---------------------+
1 row in set (0.00 sec)

mysql> 
mysql> mysql \. C:\workspace\cloud\code\sql\_DailyScript\DAILY-SCRIPT-VODTS-STATS.sql
Database changed
Query OK, 0 rows affected (0.02 sec)

Query OK, 4006 rows affected (22.43 sec)
Records: 4006  Duplicates: 0  Warnings: 0

+---------+------------+----------+--------------+--------------+-----------+-------------+----------+--------+------+------------+---------+---------------+
| Table   | Non_unique | Key_name | Seq_in_index | Column_name  | Collation | Cardinality | Sub_part | Packed | Null | Index_type | Comment | Index_comment |
+---------+------------+----------+--------------+--------------+-----------+-------------+----------+--------+------+------------+---------+---------------+
| tempvod |          1 | idxtvod1 |            1 | device       | A         |        4187 |     NULL | NULL   | YES  | BTREE      |         |               |
| tempvod |          1 | idxtvod2 |            1 | sessionstart | A         |        4187 |     NULL | NULL   | YES  | BTREE      |         |               |
+---------+------------+----------+--------------+--------------+-----------+-------------+----------+--------+------+------------+---------+---------------+
2 rows in set (0.00 sec)

Query OK, 4002 rows affected (2.54 sec)
Records: 4002  Duplicates: 0  Warnings: 0

Query OK, 0 rows affected (0.01 sec)

Query OK, 429625 rows affected (40.62 sec)
Records: 429625  Duplicates: 0  Warnings: 0

+--------------+
| rep_vodstats |
+--------------+
|       429625 |
+--------------+
1 row in set (0.14 sec)

Database changed
Query OK, 0 rows affected (0.06 sec)

Query OK, 11498 rows affected (1 min 24.53 sec)
Records: 11498  Duplicates: 0  Warnings: 0

+--------+------------+----------+--------------+--------------+-----------+-------------+----------+--------+------+------------+---------+---------------+
| Table  | Non_unique | Key_name | Seq_in_index | Column_name  | Collation | Cardinality | Sub_part | Packed | Null | Index_type | Comment | Index_comment |
+--------+------------+----------+--------------+--------------+-----------+-------------+----------+--------+------+------------+---------+---------------+
| tempts |          1 | idxtts1  |            1 | device       | A         |       11593 |     NULL | NULL   | YES  | BTREE      |         |               |
| tempts |          1 | idxtts2  |            1 | sessionstart | A         |       11593 |     NULL | NULL   | YES  | BTREE      |         |               |
+--------+------------+----------+--------------+--------------+-----------+-------------+----------+--------+------+------------+---------+---------------+
2 rows in set (0.00 sec)

Query OK, 11419 rows affected (13.07 sec)
Records: 11419  Duplicates: 0  Warnings: 0

Query OK, 0 rows affected (0.02 sec)

Query OK, 27830 rows affected (1 min 23.31 sec)
Records: 27830  Duplicates: 0  Warnings: 0

+-------------+
| rep_tsstats |
+-------------+
|       27830 |
+-------------+
1 row in set (0.01 sec)

mysql> mysql \. C:\workspace\cloud\code\sql\_DailyScript\currenttime.sql
+---------------------+
| currenttime         |
+---------------------+
| 2019-12-15 16:40:00 |
+---------------------+
1 row in set (0.00 sec)

mysql> 
mysql> mysql \. C:\workspace\cloud\code\sql\_DailyScript\DAILY-SCRIPT-RADIO-STATS.sql
Database changed
Query OK, 0 rows affected (0.01 sec)

Query OK, 203300 rows affected (3.76 sec)
Records: 203300  Duplicates: 0  Warnings: 0

+-----------+------------+----------+--------------+--------------+-----------+-------------+----------+--------+------+------------+---------+---------------+
| Table     | Non_unique | Key_name | Seq_in_index | Column_name  | Collation | Cardinality | Sub_part | Packed | Null | Index_type | Comment | Index_comment |
+-----------+------------+----------+--------------+--------------+-----------+-------------+----------+--------+------+------------+---------+---------------+
| tempradio |          1 | idxtrad1 |            1 | device       | A         |      203737 |     NULL | NULL   | YES  | BTREE      |         |               |
| tempradio |          1 | idxtrad2 |            1 | sessionstart | A         |      203737 |     NULL | NULL   | YES  | BTREE      |         |               |
+-----------+------------+----------+--------------+--------------+-----------+-------------+----------+--------+------+------------+---------+---------------+
2 rows in set (0.00 sec)

Query OK, 483 rows affected (1.93 sec)
Records: 483  Duplicates: 0  Warnings: 0

Query OK, 0 rows affected (0.00 sec)

Query OK, 3761 rows affected (0.35 sec)
Records: 3761  Duplicates: 0  Warnings: 0

+----------------+
| rep_radiostats |
+----------------+
|           3761 |
+----------------+
1 row in set (0.00 sec)

mysql> mysql \. C:\workspace\cloud\code\sql\_DailyScript\currenttime.sql
+---------------------+
| currenttime         |
+---------------------+
| 2019-12-15 16:40:06 |
+---------------------+
1 row in set (0.00 sec)

mysql> 
mysql> mysql \. C:\workspace\cloud\code\sql\_DailyScript\DAILY_SCRIPT_TELEMETRY_PIVOT.sql
Query OK, 0 rows affected (0.04 sec)

Query OK, 148 rows affected (0.33 sec)
Records: 148  Duplicates: 0  Warnings: 0

Query OK, 0 rows affected (0.02 sec)

Query OK, 7565 rows affected (2.76 sec)
Records: 7565  Duplicates: 0  Warnings: 0

Query OK, 0 rows affected (0.02 sec)

Query OK, 9 rows affected (0.01 sec)
Records: 9  Duplicates: 0  Warnings: 0

Query OK, 0 rows affected (0.00 sec)

Query OK, 56 rows affected (0.25 sec)
Records: 56  Duplicates: 0  Warnings: 0

mysql> mysql \. C:\workspace\cloud\code\sql\_DailyScript\currenttime.sql
+---------------------+
| currenttime         |
+---------------------+
| 2019-12-15 16:40:10 |
+---------------------+
1 row in set (0.00 sec)

mysql> 
mysql> mysql \. C:\workspace\cloud\code\sql\_DailyScript\telemetry_livetv_ranking2019.sql
Query OK, 0 rows affected (0.03 sec)

Query OK, 148 rows affected (0.03 sec)
Records: 148  Duplicates: 0  Warnings: 0

mysql> mysql \. C:\workspace\cloud\code\sql\_DailyScript\currenttime.sql
+---------------------+
| currenttime         |
+---------------------+
| 2019-12-15 16:40:10 |
+---------------------+
1 row in set (0.00 sec)

mysql> 
mysql> mysql \. C:\workspace\cloud\code\sql\_DailyScript\telemetry_radio_ranking2019.sql
Query OK, 0 rows affected (0.00 sec)

Query OK, 9 rows affected (0.01 sec)
Records: 9  Duplicates: 0  Warnings: 0

mysql> mysql \. C:\workspace\cloud\code\sql\_DailyScript\currenttime.sql
+---------------------+
| currenttime         |
+---------------------+
| 2019-12-15 16:40:10 |
+---------------------+
1 row in set (0.00 sec)

mysql> 
mysql> mysql \. C:\workspace\cloud\code\sql\_DailyScript\telemetry_ts_ranking2019.sql
Query OK, 0 rows affected (0.00 sec)

Query OK, 56 rows affected (0.11 sec)
Records: 56  Duplicates: 0  Warnings: 0

mysql> mysql \. C:\workspace\cloud\code\sql\_DailyScript\currenttime.sql
+---------------------+
| currenttime         |
+---------------------+
| 2019-12-15 16:40:10 |
+---------------------+
1 row in set (0.00 sec)

mysql> 
mysql> mysql \. C:\workspace\cloud\code\sql\_DailyScript\telemetry_vod_ranking2019.sql
Query OK, 0 rows affected (0.29 sec)

Query OK, 7565 rows affected (0.53 sec)
Records: 7565  Duplicates: 0  Warnings: 0

mysql> mysql \. C:\workspace\cloud\code\sql\_DailyScript\currenttime.sql
+---------------------+
| currenttime         |
+---------------------+
| 2019-12-15 16:40:11 |
+---------------------+
1 row in set (0.00 sec)

mysql> 
mysql> mysql \. C:\workspace\cloud\code\sql\_DailyScript\telemetry_vod_ranking2019_1.sql
Query OK, 0 rows affected (0.31 sec)

Query OK, 7565 rows affected (0.19 sec)
Records: 7565  Duplicates: 0  Warnings: 0

mysql> mysql \. C:\workspace\cloud\code\sql\_DailyScript\currenttime.sql
+---------------------+
| currenttime         |
+---------------------+
| 2019-12-15 16:40:11 |
+---------------------+
1 row in set (0.00 sec)

mysql> 
mysql> mysql \. C:\workspace\cloud\code\sql\_DailyScript\telemetry_vod_ranking2019_2.sql
Query OK, 0 rows affected (0.19 sec)

Query OK, 7565 rows affected (0.49 sec)
Records: 7565  Duplicates: 0  Warnings: 0

mysql> mysql \. C:\workspace\cloud\code\sql\_DailyScript\currenttime.sql
+---------------------+
| currenttime         |
+---------------------+
| 2019-12-15 16:40:12 |
+---------------------+
1 row in set (0.00 sec)

mysql> 
mysql> mysql \. C:\workspace\cloud\code\sql\_DailyScript\DAILY-SCRIPT-CREATE-LOAD.sql
Database changed
Database changed
Query OK, 0 rows affected (0.16 sec)

Query OK, 0 rows affected (0.00 sec)

Database changed
Query OK, 65982 rows affected (3.29 sec)
Records: 65982  Deleted: 0  Skipped: 0  Warnings: 0

Query OK, 0 rows affected (0.54 sec)
Records: 0  Duplicates: 0  Warnings: 0

Query OK, 0 rows affected (0.60 sec)
Records: 0  Duplicates: 0  Warnings: 0

Query OK, 0 rows affected (0.83 sec)
Records: 0  Duplicates: 0  Warnings: 0

Query OK, 0 rows affected (0.50 sec)
Records: 0  Duplicates: 0  Warnings: 0

+---------+
| clients |
+---------+
|   65982 |
+---------+
1 row in set (0.01 sec)

Query OK, 0 rows affected (0.01 sec)

Query OK, 3590 rows affected (0.80 sec)
Records: 3590  Duplicates: 0  Warnings: 0

+-------------------+
| rcb_clientparcels |
+-------------------+
|              3590 |
+-------------------+
1 row in set (0.00 sec)

Query OK, 0 rows affected (0.03 sec)

Query OK, 84976 rows affected (4.37 sec)
Records: 84976  Duplicates: 0  Warnings: 0

Query OK, 0 rows affected (0.75 sec)
Records: 0  Duplicates: 0  Warnings: 0

Query OK, 0 rows affected (0.07 sec)

Query OK, 65982 rows affected (3.22 sec)
Records: 65982  Duplicates: 0  Warnings: 0

Query OK, 0 rows affected (0.79 sec)
Records: 0  Duplicates: 0  Warnings: 0

Query OK, 0 rows affected (0.54 sec)
Records: 0  Duplicates: 0  Warnings: 0

Query OK, 0 rows affected (0.41 sec)
Records: 0  Duplicates: 0  Warnings: 0

+---------------+
| clientaddress |
+---------------+
|         65982 |
+---------------+
1 row in set (0.03 sec)

Database changed
Query OK, 0 rows affected (0.03 sec)

Query OK, 0 rows affected (0.00 sec)

Database changed
Query OK, 495456 rows affected, 65535 warnings (24.55 sec)
Records: 495456  Deleted: 0  Skipped: 0  Warnings: 195740

Query OK, 0 rows affected (7.00 sec)
Records: 0  Duplicates: 0  Warnings: 0

Query OK, 0 rows affected (3.33 sec)
Records: 0  Duplicates: 0  Warnings: 0

Query OK, 0 rows affected (2.25 sec)
Records: 0  Duplicates: 0  Warnings: 0

Query OK, 0 rows affected (0.05 sec)

Query OK, 495456 rows affected (52.85 sec)
Records: 495456  Duplicates: 0  Warnings: 0

Query OK, 0 rows affected (2.28 sec)
Records: 0  Duplicates: 0  Warnings: 0

Query OK, 0 rows affected (1.54 sec)
Records: 0  Duplicates: 0  Warnings: 0

+-----------+
| contracts |
+-----------+
|    495456 |
+-----------+
1 row in set (0.22 sec)

+-----------------+
| contractaddress |
+-----------------+
|          495456 |
+-----------------+
1 row in set (0.15 sec)

Database changed
Query OK, 0 rows affected (0.01 sec)

Query OK, 0 rows affected (0.00 sec)

Query OK, 7196 rows affected (0.16 sec)
Records: 7196  Deleted: 0  Skipped: 0  Warnings: 0

Query OK, 0 rows affected (0.02 sec)

Query OK, 7165 rows affected (2.60 sec)
Records: 7165  Duplicates: 0  Warnings: 0

Query OK, 0 rows affected (0.05 sec)
Records: 0  Duplicates: 0  Warnings: 0

Query OK, 0 rows affected (0.00 sec)

Query OK, 5588 rows affected (0.05 sec)
Records: 5588  Duplicates: 0  Warnings: 0

Query OK, 0 rows affected (0.02 sec)
Records: 0  Duplicates: 0  Warnings: 0

+-------------------+
| contractdiscounts |
+-------------------+
|              7196 |
+-------------------+
1 row in set (0.00 sec)

+-------------------------+
| clientcontractdiscounts |
+-------------------------+
|                    7165 |
+-------------------------+
1 row in set (0.00 sec)

+----------------------------+
| clientcontractlastdiscount |
+----------------------------+
|                       5588 |
+----------------------------+
1 row in set (0.00 sec)

Database changed
Query OK, 0 rows affected (0.35 sec)

Query OK, 0 rows affected (0.00 sec)

Database changed
Query OK, 131886 rows affected (3.88 sec)
Records: 131886  Deleted: 0  Skipped: 0  Warnings: 0

Query OK, 0 rows affected (0.34 sec)
Records: 0  Duplicates: 0  Warnings: 0

Query OK, 0 rows affected (0.61 sec)
Records: 0  Duplicates: 0  Warnings: 0

Query OK, 0 rows affected (0.43 sec)
Records: 0  Duplicates: 0  Warnings: 0

Query OK, 0 rows affected (0.33 sec)
Records: 0  Duplicates: 0  Warnings: 0

Query OK, 0 rows affected (0.57 sec)
Records: 0  Duplicates: 0  Warnings: 0

Query OK, 0 rows affected (0.90 sec)
Records: 0  Duplicates: 0  Warnings: 0

Query OK, 0 rows affected (0.32 sec)

Query OK, 1691764 rows affected (3 min 25.14 sec)
Records: 1691764  Duplicates: 0  Warnings: 0

+---------+
| devices |
+---------+
|  131886 |
+---------+
1 row in set (0.07 sec)

+-----------------------+
| clientcontractdevices |
+-----------------------+
|               1691764 |
+-----------------------+
1 row in set (0.90 sec)

Query OK, 0 rows affected (0.06 sec)

Query OK, 131841 rows affected (7.67 sec)
Records: 131841  Duplicates: 0  Warnings: 0

+---------------------------+
| rep_clientcontractdevices |
+---------------------------+
|                    131841 |
+---------------------------+
1 row in set (0.05 sec)

Database changed
Query OK, 0 rows affected (0.05 sec)

Query OK, 0 rows affected (0.28 sec)

Query OK, 265551 rows affected (9.16 sec)
Records: 265551  Deleted: 0  Skipped: 0  Warnings: 0

Query OK, 0 rows affected (0.84 sec)
Records: 0  Duplicates: 0  Warnings: 0

Query OK, 0 rows affected (0.70 sec)
Records: 0  Duplicates: 0  Warnings: 0

Query OK, 0 rows affected (0.69 sec)
Records: 0  Duplicates: 0  Warnings: 0

Query OK, 0 rows affected (0.81 sec)
Records: 0  Duplicates: 0  Warnings: 0

+---------+
| tickets |
+---------+
|  265551 |
+---------+
1 row in set (0.09 sec)

Database changed
Query OK, 0 rows affected (0.02 sec)

Query OK, 0 rows affected (0.01 sec)

Empty set (0.00 sec)

Query OK, 0 rows affected (0.02 sec)
Records: 0  Duplicates: 0  Warnings: 0

Query OK, 325 rows affected, 2 warnings (0.03 sec)
Records: 325  Deleted: 0  Skipped: 0  Warnings: 2

+-----------------+
| tickettechusers |
+-----------------+
|             325 |
+-----------------+
1 row in set (0.00 sec)

Database changed
Query OK, 0 rows affected (0.04 sec)

Query OK, 0 rows affected (0.00 sec)

Query OK, 0 rows affected (0.02 sec)
Records: 0  Duplicates: 0  Warnings: 0

Query OK, 564062 rows affected, 43745 warnings (12.35 sec)
Records: 564062  Deleted: 0  Skipped: 0  Warnings: 43745

+-------------------+
| ticketassignments |
+-------------------+
|            564062 |
+-------------------+
1 row in set (0.19 sec)

Database changed
Query OK, 0 rows affected (0.06 sec)

Query OK, 0 rows affected (0.01 sec)

Query OK, 1165440 rows affected (20.57 sec)
Records: 1165440  Deleted: 0  Skipped: 0  Warnings: 0

Query OK, 0 rows affected (9.04 sec)
Records: 0  Duplicates: 0  Warnings: 0

Query OK, 0 rows affected (4.13 sec)
Records: 0  Duplicates: 0  Warnings: 0

Query OK, 0 rows affected (3.63 sec)
Records: 0  Duplicates: 0  Warnings: 0

Query OK, 0 rows affected (3.61 sec)
Records: 0  Duplicates: 0  Warnings: 0

+----------------+
| ticketcomments |
+----------------+
|        1165440 |
+----------------+
1 row in set (0.43 sec)

Database changed
Query OK, 0 rows affected (0.02 sec)

Query OK, 0 rows affected (0.01 sec)

Query OK, 428345 rows affected (47.03 sec)
Records: 428345  Deleted: 0  Skipped: 0  Warnings: 0

Query OK, 0 rows affected (3.03 sec)
Records: 0  Duplicates: 0  Warnings: 0

+----------+
| comments |
+----------+
|   428345 |
+----------+
1 row in set (0.15 sec)

Database changed
Query OK, 0 rows affected (0.09 sec)

Query OK, 0 rows affected (0.02 sec)

Query OK, 1055644 rows affected, 65535 warnings (1 min 5.13 sec)
Records: 1055644  Deleted: 0  Skipped: 0  Warnings: 1055660

Query OK, 0 rows affected (7.61 sec)
Records: 0  Duplicates: 0  Warnings: 0

Query OK, 0 rows affected (3.91 sec)
Records: 0  Duplicates: 0  Warnings: 0

Query OK, 0 rows affected (3.76 sec)
Records: 0  Duplicates: 0  Warnings: 0

Query OK, 0 rows affected (3.92 sec)
Records: 0  Duplicates: 0  Warnings: 0

Query OK, 0 rows affected (4.62 sec)
Records: 0  Duplicates: 0  Warnings: 0

+------------+
| devicesold |
+------------+
|    1055644 |
+------------+
1 row in set (0.40 sec)

Database changed
Query OK, 0 rows affected (0.03 sec)

Query OK, 0 rows affected (0.01 sec)

Query OK, 1685145 rows affected (28.45 sec)
Records: 1685145  Deleted: 0  Skipped: 0  Warnings: 0

Query OK, 0 rows affected (8.94 sec)
Records: 0  Duplicates: 0  Warnings: 0

Query OK, 0 rows affected (4.57 sec)
Records: 0  Duplicates: 0  Warnings: 0

Query OK, 0 rows affected (4.57 sec)
Records: 0  Duplicates: 0  Warnings: 0

+------------------+
| contractservices |
+------------------+
|          1685145 |
+------------------+
1 row in set (0.59 sec)

Database changed
Query OK, 0 rows affected (0.08 sec)

Query OK, 0 rows affected (0.01 sec)

Query OK, 3887556 rows affected (2 min 21.76 sec)
Records: 3887556  Deleted: 0  Skipped: 0  Warnings: 0

Query OK, 0 rows affected (16.66 sec)
Records: 0  Duplicates: 0  Warnings: 0

Query OK, 0 rows affected (16.39 sec)
Records: 0  Duplicates: 0  Warnings: 0

Query OK, 0 rows affected (16.96 sec)
Records: 0  Duplicates: 0  Warnings: 0

Query OK, 0 rows affected (16.46 sec)
Records: 0  Duplicates: 0  Warnings: 0

+------------------+
| invoicescontents |
+------------------+
|          3887556 |
+------------------+
1 row in set (1.36 sec)

Database changed
Query OK, 0 rows affected (0.51 sec)

Query OK, 0 rows affected (0.17 sec)

Query OK, 2705456 rows affected (3 min 47.22 sec)
Records: 2705456  Deleted: 0  Skipped: 0  Warnings: 0

Query OK, 0 rows affected (19.22 sec)
Records: 0  Duplicates: 0  Warnings: 0

Query OK, 0 rows affected (13.06 sec)
Records: 0  Duplicates: 0  Warnings: 0

Query OK, 0 rows affected (13.71 sec)
Records: 0  Duplicates: 0  Warnings: 0

Query OK, 0 rows affected (13.74 sec)
Records: 0  Duplicates: 0  Warnings: 0

Query OK, 0 rows affected (11.91 sec)
Records: 0  Duplicates: 0  Warnings: 0

+----------------+
| invoicesheader |
+----------------+
|        2705456 |
+----------------+
1 row in set (0.90 sec)

Database changed
Query OK, 0 rows affected (0.05 sec)

Query OK, 0 rows affected (0.02 sec)

Query OK, 2801171 rows affected (1 min 33.06 sec)
Records: 2801171  Deleted: 0  Skipped: 0  Warnings: 0

Query OK, 0 rows affected (15.73 sec)
Records: 0  Duplicates: 0  Warnings: 0

Query OK, 0 rows affected (14.13 sec)
Records: 0  Duplicates: 0  Warnings: 0

Query OK, 0 rows affected (9.57 sec)
Records: 0  Duplicates: 0  Warnings: 0

Query OK, 0 rows affected (12.15 sec)
Records: 0  Duplicates: 0  Warnings: 0

+---------+
| casa    |
+---------+
| 2801171 |
+---------+
1 row in set (0.94 sec)

Query OK, 0 rows affected (0.02 sec)

Query OK, 13354 rows affected (1 min 23.67 sec)
Records: 13354  Duplicates: 0  Warnings: 0

+--------------------+
| rep_paycol_channel |
+--------------------+
|              13354 |
+--------------------+
1 row in set (0.02 sec)

Query OK, 0 rows affected (0.03 sec)

Query OK, 9050 rows affected (1 min 33.38 sec)
Records: 9050  Duplicates: 0  Warnings: 0

+----------------+
| rep_paycol_pos |
+----------------+
|           9050 |
+----------------+
1 row in set (0.00 sec)

Database changed
Query OK, 0 rows affected (0.01 sec)

Query OK, 0 rows affected (0.06 sec)

Database changed
Query OK, 38781 rows affected (0.94 sec)
Records: 38781  Deleted: 0  Skipped: 0  Warnings: 0

+-------+
| users |
+-------+
| 38781 |
+-------+
1 row in set (0.02 sec)

Database changed
Query OK, 0 rows affected (0.09 sec)

Query OK, 0 rows affected (0.01 sec)

Database changed
Query OK, 12308047 rows affected (3 min 13.55 sec)
Records: 12308047  Deleted: 0  Skipped: 0  Warnings: 0

Query OK, 0 rows affected (48.10 sec)
Records: 0  Duplicates: 0  Warnings: 0

Query OK, 0 rows affected (47.31 sec)
Records: 0  Duplicates: 0  Warnings: 0

Query OK, 0 rows affected (47.81 sec)
Records: 0  Duplicates: 0  Warnings: 0

Query OK, 0 rows affected (44.17 sec)
Records: 0  Duplicates: 0  Warnings: 0

+----------+
| ipusage1 |
+----------+
| 12308047 |
+----------+
1 row in set (17.22 sec)

Query OK, 0 rows affected (0.67 sec)

Query OK, 12414073 rows affected, 65535 warnings (15 min 25.95 sec)
Records: 12414073  Duplicates: 0  Warnings: 12410629

Query OK, 0 rows affected (38.41 sec)
Records: 0  Duplicates: 0  Warnings: 0

Query OK, 0 rows affected (45.15 sec)
Records: 0  Duplicates: 0  Warnings: 0

Query OK, 0 rows affected (45.75 sec)
Records: 0  Duplicates: 0  Warnings: 0

Query OK, 0 rows affected (44.33 sec)
Records: 0  Duplicates: 0  Warnings: 0

Query OK, 0 rows affected (57.32 sec)
Records: 0  Duplicates: 0  Warnings: 0

Query OK, 0 rows affected (1 min 8.00 sec)
Records: 0  Duplicates: 0  Warnings: 0

Query OK, 0 rows affected (1 min 0.69 sec)
Records: 0  Duplicates: 0  Warnings: 0

+----------+
| ipusage  |
+----------+
| 12414073 |
+----------+
1 row in set (8.66 sec)

Query OK, 0 rows affected (0.13 sec)

Query OK, 3135809 rows affected (2 min 52.68 sec)
Records: 3135809  Duplicates: 0  Warnings: 0

Query OK, 0 rows affected (13.02 sec)
Records: 0  Duplicates: 0  Warnings: 0

Query OK, 0 rows affected (15.05 sec)
Records: 0  Duplicates: 0  Warnings: 0

Query OK, 0 rows affected (13.40 sec)
Records: 0  Duplicates: 0  Warnings: 0

Query OK, 0 rows affected (15.59 sec)
Records: 0  Duplicates: 0  Warnings: 0

Query OK, 0 rows affected (11.72 sec)
Records: 0  Duplicates: 0  Warnings: 0

Query OK, 0 rows affected (0.16 sec)

Query OK, 246284 rows affected (26.08 sec)
Records: 246284  Duplicates: 0  Warnings: 0

Query OK, 0 rows affected (0.88 sec)
Records: 0  Duplicates: 0  Warnings: 0

Query OK, 0 rows affected (0.83 sec)
Records: 0  Duplicates: 0  Warnings: 0

Query OK, 0 rows affected (0.97 sec)
Records: 0  Duplicates: 0  Warnings: 0

Query OK, 0 rows affected (0.52 sec)
Records: 0  Duplicates: 0  Warnings: 0

Query OK, 0 rows affected (0.48 sec)
Records: 0  Duplicates: 0  Warnings: 0

Query OK, 0 rows affected (0.52 sec)
Records: 0  Duplicates: 0  Warnings: 0

Query OK, 0 rows affected (0.52 sec)
Records: 0  Duplicates: 0  Warnings: 0

Query OK, 0 rows affected (0.07 sec)

Query OK, 1684957 rows affected (1 min 1.71 sec)
Records: 1684957  Duplicates: 0  Warnings: 0

Query OK, 0 rows affected (9.32 sec)
Records: 0  Duplicates: 0  Warnings: 0

Query OK, 0 rows affected (3.68 sec)
Records: 0  Duplicates: 0  Warnings: 0

Query OK, 0 rows affected (6.61 sec)
Records: 0  Duplicates: 0  Warnings: 0

mysql> mysql \. C:\workspace\cloud\code\sql\_DailyScript\currenttime.sql
+---------------------+
| currenttime         |
+---------------------+
| 2019-12-15 17:38:02 |
+---------------------+
1 row in set (0.00 sec)

mysql> 
mysql> mysql \. C:\workspace\cloud\code\sql\_DailyScript\ticket_analysis.sql
Database changed
Query OK, 0 rows affected (0.02 sec)

Query OK, 526420 rows affected (26.70 sec)
Records: 526420  Duplicates: 0  Warnings: 0

Query OK, 0 rows affected (6.83 sec)
Records: 0  Duplicates: 0  Warnings: 0

Query OK, 0 rows affected (2.40 sec)
Records: 0  Duplicates: 0  Warnings: 0

Query OK, 0 rows affected (2.04 sec)
Records: 0  Duplicates: 0  Warnings: 0

Query OK, 0 rows affected (0.05 sec)

Query OK, 17859 rows affected (11.45 sec)
Records: 17859  Duplicates: 0  Warnings: 0

Query OK, 0 rows affected, 1 warning (0.02 sec)

Query OK, 72688 rows affected (6.60 sec)
Records: 72688  Duplicates: 0  Warnings: 0

Query OK, 0 rows affected, 1 warning (0.00 sec)

Query OK, 377128 rows affected (11.54 sec)
Records: 377128  Duplicates: 0  Warnings: 0

Query OK, 0 rows affected, 1 warning (0.00 sec)

Query OK, 377128 rows affected (13.58 sec)
Records: 377128  Duplicates: 0  Warnings: 0

Query OK, 0 rows affected (0.01 sec)

Query OK, 72741 rows affected (6.47 sec)
Records: 72741  Duplicates: 0  Warnings: 0

Database changed
Query OK, 0 rows affected (0.00 sec)

Query OK, 0 rows affected (0.05 sec)

Query OK, 526420 rows affected (22.07 sec)
Records: 526420  Duplicates: 0  Warnings: 0

Query OK, 0 rows affected (0.01 sec)

Query OK, 256615 rows affected (16.04 sec)
Records: 256615  Duplicates: 0  Warnings: 0

+--------------------------+
| clientticket_cmmtjourney |
+--------------------------+
|                   526420 |
+--------------------------+
1 row in set (9.50 sec)

+---------------------------+
| clientticket_assgnjourney |
+---------------------------+
|                    256615 |
+---------------------------+
1 row in set (0.50 sec)

Query OK, 0 rows affected (0.01 sec)

Query OK, 71 rows affected (0.16 sec)
Records: 71  Duplicates: 0  Warnings: 0

mysql> mysql \. C:\workspace\cloud\code\sql\_DailyScript\currenttime.sql
+---------------------+
| currenttime         |
+---------------------+
| 2019-12-15 17:40:19 |
+---------------------+
1 row in set (0.00 sec)

mysql> 
mysql> mysql \. C:\workspace\cloud\code\sql\_DailyScript\load_DailyCalls.sql
Database changed
Query OK, 358 rows affected (1.02 sec)
Records: 358  Deleted: 0  Skipped: 0  Warnings: 0

Query OK, 0 rows affected, 1 warning (0.00 sec)

Query OK, 345 rows affected (0.45 sec)
Records: 345  Duplicates: 0  Warnings: 0

Query OK, 0 rows affected, 1 warning (0.00 sec)

Query OK, 67753 rows affected (0.37 sec)
Records: 67753  Duplicates: 0  Warnings: 0

+----------------------+
| callingclientsbefore |
+----------------------+
|               798922 |
+----------------------+
1 row in set (2.08 sec)

Query OK, 542 rows affected (9.70 sec)
Records: 542  Duplicates: 0  Warnings: 0

+---------------------+
| callingclientsafter |
+---------------------+
|              799464 |
+---------------------+
1 row in set (0.25 sec)

Query OK, 0 rows affected (0.00 sec)

Query OK, 226 rows affected (6.08 sec)
Records: 226  Duplicates: 0  Warnings: 0

Query OK, 0 rows affected (0.00 sec)

Query OK, 16557 rows affected (2.90 sec)
Records: 16557  Duplicates: 0  Warnings: 0

+-----------+
| callstats |
+-----------+
|     16557 |
+-----------+
1 row in set (0.01 sec)

Query OK, 0 rows affected, 1 warning (0.00 sec)

Query OK, 542 rows affected (6.54 sec)
Records: 542  Duplicates: 0  Warnings: 0

+------------------------+
| rep_cccallreportbefore |
+------------------------+
|                 803216 |
+------------------------+
1 row in set (0.27 sec)

Query OK, 542 rows affected (2.44 sec)
Records: 542  Duplicates: 0  Warnings: 0

+-----------------------+
| rep_cccallreportafter |
+-----------------------+
|                803758 |
+-----------------------+
1 row in set (0.25 sec)

Query OK, 0 rows affected (0.01 sec)

mysql> mysql \. C:\workspace\cloud\code\sql\_DailyScript\currenttime.sql
+---------------------+
| currenttime         |
+---------------------+
| 2019-12-15 17:40:51 |
+---------------------+
1 row in set (0.00 sec)

mysql> 
mysql> mysql \. C:\workspace\cloud\code\sql\_DailyScript\DAILY-SCRIPT-USAGE.sql
Database changed
Query OK, 0 rows affected (0.00 sec)

Query OK, 6806 rows affected, 19700 warnings (8.46 sec)
Records: 6806  Deleted: 0  Skipped: 0  Warnings: 19700

Query OK, 0 rows affected (0.00 sec)

Query OK, 10327 rows affected, 29904 warnings (7.60 sec)
Records: 10327  Deleted: 0  Skipped: 0  Warnings: 29904

Query OK, 0 rows affected (0.00 sec)

Query OK, 152 rows affected, 525 warnings (0.10 sec)
Records: 152  Deleted: 0  Skipped: 0  Warnings: 525

Query OK, 0 rows affected (0.00 sec)

Query OK, 234 rows affected, 792 warnings (0.04 sec)
Records: 234  Deleted: 0  Skipped: 0  Warnings: 792

+------------+
| dailyusage |
+------------+
|    9344972 |
+------------+
1 row in set (12.26 sec)

+------------+------------+------------+---------+
| datestart  | dateend    | insertedon | records |
+------------+------------+------------+---------+
| 2019-12-14 | 2019-12-14 | 2019-12-15 |   17519 |
| 2019-12-13 | 2019-12-13 | 2019-12-14 |   17523 |
| 2019-12-12 | 2019-12-12 | 2019-12-13 |   17611 |
| 2019-12-11 | 2019-12-11 | 2019-12-12 |   17673 |
| 2019-12-10 | 2019-12-10 | 2019-12-11 |   17860 |
+------------+------------+------------+---------+
5 rows in set (1 min 3.08 sec)

mysql> mysql \. C:\workspace\cloud\code\sql\_DailyScript\currenttime.sql
+---------------------+
| currenttime         |
+---------------------+
| 2019-12-15 17:42:22 |
+---------------------+
1 row in set (0.00 sec)

mysql> 
mysql> mysql \. C:\workspace\cloud\code\sql\_DailyScript\DAILY-SCRIPT-SALES-TELEMETRY.sql
Database changed
Query OK, 62 rows affected, 44 warnings (0.08 sec)
Records: 62  Deleted: 0  Skipped: 0  Warnings: 44

+------------+
| dailysales |
+------------+
|     177042 |
+------------+
1 row in set (0.52 sec)

Query OK, 0 rows affected (0.01 sec)

Query OK, 177042 rows affected (15.08 sec)
Records: 177042  Duplicates: 0  Warnings: 0

+--------+
| sales  |
+--------+
| 177042 |
+--------+
1 row in set (0.09 sec)

Query OK, 0 rows affected (0.01 sec)

Query OK, 2850 rows affected (0.34 sec)
Records: 2850  Duplicates: 0  Warnings: 0

+----------------+
| rep_dailysales |
+----------------+
|           2850 |
+----------------+
1 row in set (0.02 sec)

Query OK, 0 rows affected (0.00 sec)

Query OK, 2850 rows affected (0.54 sec)
Records: 2850  Duplicates: 0  Warnings: 0

+-------------------+
| rep_dailysalesreg |
+-------------------+
|              2850 |
+-------------------+
1 row in set (0.00 sec)

Query OK, 0 rows affected (0.00 sec)

Query OK, 2614 rows affected (0.69 sec)
Records: 2614  Duplicates: 0  Warnings: 0

+-----------+
| saleslist |
+-----------+
|      2614 |
+-----------+
1 row in set (0.00 sec)

Database changed
ERROR 2 (HY000): File 'C:\ProgramData\MySQL\MySQL Server 5.7\Uploads\_csv\PrepaidCardSales-14122019-P1.csv' not found (Errcode: 2 - No such file or directory)
+------------------+
| dailysinglesales |
+------------------+
|             6073 |
+------------------+
1 row in set (0.10 sec)

Database changed
Query OK, 4 rows affected (0.03 sec)
Records: 4  Deleted: 0  Skipped: 0  Warnings: 0

+-----------------+
| dailyaddonsales |
+-----------------+
|           17810 |
+-----------------+
1 row in set (0.12 sec)

Query OK, 81 rows affected (0.19 sec)
Records: 81  Deleted: 0  Skipped: 0  Warnings: 0

+----------------+
| onlinepayments |
+----------------+
|          73738 |
+----------------+
1 row in set (0.17 sec)

+-------------+----------------+---------------------+
| paymentdate | onlinepayments | onlinepaymentamount |
+-------------+----------------+---------------------+
| 2019-12-14  |             81 |         61877.58000 |
| 2019-12-13  |             64 |         40663.00000 |
| 2019-12-12  |             60 |         30060.40000 |
| 2019-12-11  |             68 |         46405.58000 |
| 2019-12-10  |             91 |         74362.82000 |
+-------------+----------------+---------------------+
5 rows in set (0.73 sec)

+-------------+--------------+----------------+---------------------+
| paymentyear | paymentmonth | onlinepayments | onlinepaymentamount |
+-------------+--------------+----------------+---------------------+
|        2019 |           12 |           1328 |        888457.50000 |
|        2019 |           11 |           3112 |       2058344.74000 |
|        2019 |           10 |           3323 |       2227696.68000 |
|        2019 |            9 |           3167 |       2039048.12000 |
|        2019 |            8 |           3117 |       1993718.27000 |
+-------------+--------------+----------------+---------------------+
5 rows in set (0.08 sec)

mysql> mysql \. C:\workspace\cloud\code\sql\_DailyScript\currenttime.sql
+---------------------+
| currenttime         |
+---------------------+
| 2019-12-15 17:42:41 |
+---------------------+
1 row in set (0.00 sec)

mysql> 
mysql> mysql \. C:\workspace\cloud\code\sql\_DailyScript\DAILY-SCRIPT-ACTIVENUMBERS.sql
Database changed
Query OK, 1242 rows affected (1.75 sec)
Records: 1242  Deleted: 0  Skipped: 0  Warnings: 0

+------------+----------+
| period     | count(1) |
+------------+----------+
| 2019-12-14 |     1242 |
| 2019-12-13 |     1242 |
| 2019-12-12 |     1244 |
| 2019-12-11 |     1248 |
| 2019-12-10 |     1250 |
| 2019-12-09 |     1251 |
+------------+----------+
6 rows in set (0.00 sec)

Query OK, 0 rows affected (0.00 sec)

Query OK, 81 rows affected (1.68 sec)
Records: 81  Duplicates: 0  Warnings: 0

+-------------+
| packagelist |
+-------------+
|          81 |
+-------------+
1 row in set (0.00 sec)

Database changed
Query OK, 0 rows affected (0.02 sec)

Query OK, 0 rows affected (0.00 sec)

Query OK, 0 rows affected (0.00 sec)

Query OK, 0 rows affected (0.00 sec)

Query OK, 26883 rows affected, 208 warnings (1 min 12.55 sec)
Records: 26883  Deleted: 0  Skipped: 0  Warnings: 208

+------------+----------+
| period     | count(1) |
+------------+----------+
| 2019-12-14 |    26883 |
| 2019-12-13 |    26939 |
| 2019-12-12 |    26897 |
| 2019-12-11 |    26871 |
| 2019-12-10 |    26848 |
+------------+----------+
5 rows in set (0.28 sec)

Query OK, 0 rows affected (0.09 sec)

Query OK, 26267 rows affected (1 min 46.39 sec)
Records: 26267  Duplicates: 0  Warnings: 0

Query OK, 0 rows affected (0.43 sec)
Records: 0  Duplicates: 0  Warnings: 0

Query OK, 0 rows affected (0.10 sec)
Records: 0  Duplicates: 0  Warnings: 0

Query OK, 0 rows affected (0.10 sec)
Records: 0  Duplicates: 0  Warnings: 0

Query OK, 0 rows affected (0.12 sec)
Records: 0  Duplicates: 0  Warnings: 0

Query OK, 0 rows affected (0.07 sec)
Records: 0  Duplicates: 0  Warnings: 0

Query OK, 0 rows affected (0.07 sec)
Records: 0  Duplicates: 0  Warnings: 0

+-------------+
| countbefore |
+-------------+
|    31723983 |
+-------------+
1 row in set (34.36 sec)

Query OK, 26267 rows affected (38.20 sec)
Records: 26267  Duplicates: 0  Warnings: 0

+------------+
| countafter |
+------------+
|   31750250 |
+------------+
1 row in set (13.96 sec)

+------------+--------------------------+
| period     | customercontractactivity |
+------------+--------------------------+
| 2019-12-14 |                    26267 |
| 2019-12-13 |                    26321 |
| 2019-12-12 |                    26278 |
| 2019-12-11 |                    26253 |
| 2019-12-10 |                    26230 |
+------------+--------------------------+
5 rows in set (0.06 sec)

Query OK, 0 rows affected (0.04 sec)

Query OK, 241855 rows affected (10 min 16.11 sec)
Records: 241855  Duplicates: 0  Warnings: 0

Query OK, 0 rows affected (0.97 sec)
Records: 0  Duplicates: 0  Warnings: 0

Query OK, 0 rows affected (1.00 sec)
Records: 0  Duplicates: 0  Warnings: 0

Query OK, 0 rows affected (1.07 sec)
Records: 0  Duplicates: 0  Warnings: 0

Query OK, 0 rows affected (0.00 sec)

Query OK, 248 rows affected (0.47 sec)
Records: 248  Duplicates: 0  Warnings: 0

Query OK, 0 rows affected (0.00 sec)

Query OK, 2488 rows affected (0.62 sec)
Records: 2488  Duplicates: 0  Warnings: 0

Query OK, 0 rows affected (0.00 sec)

Query OK, 26257 rows affected (0.63 sec)
Records: 26257  Duplicates: 0  Warnings: 0

Query OK, 0 rows affected (0.02 sec)

Query OK, 16794 rows affected (0.39 sec)
Records: 16794  Duplicates: 0  Warnings: 0

Query OK, 0 rows affected (0.02 sec)

Query OK, 16794 rows affected (0.17 sec)
Records: 16794  Duplicates: 0  Warnings: 0

Query OK, 0 rows affected (0.01 sec)

Query OK, 16794 rows affected (1.41 sec)
Records: 16794  Duplicates: 0  Warnings: 0

Query OK, 0 rows affected (0.01 sec)

Query OK, 16794 rows affected (47.99 sec)
Records: 16794  Duplicates: 0  Warnings: 0

+-------------+
| clientstats |
+-------------+
|       16794 |
+-------------+
1 row in set (0.00 sec)

Query OK, 0 rows affected (0.02 sec)

Query OK, 13 rows affected, 1 warning (0.10 sec)
Records: 13  Duplicates: 0  Warnings: 1

+-----------------------+-------------+-------------+----------------+-----------------+
| services              | activecount | allaccounts | uniqueaccounts | uniquecontracts |
+-----------------------+-------------+-------------+----------------+-----------------+
| All                   |         228 |          38 |             38 |             124 |
| Internet & Voice      |         403 |         183 |            183 |             356 |
| Internet Only         |        4221 |        4120 |           4115 |            4159 |
| OTT Only              |           2 |           2 |              2 |               2 |
| TV & Internet         |        8588 |        3779 |           3771 |            7697 |
| TV & Internet & OTT   |        2482 |         668 |            668 |            1369 |
| TV & Internet & Voice |         505 |         147 |            147 |             452 |
| TV & OTT              |         342 |          67 |             66 |              83 |
| TV & Voice            |         107 |          46 |             46 |              95 |
| TV & Voice & OTT      |           4 |           1 |              1 |               2 |
| TV Only               |        9948 |        7574 |           7562 |            7756 |
| Voice Only            |         171 |         169 |            169 |             171 |
| GRAND TOTAL           |       27001 |       16794 |          16711 |           22266 |
+-----------------------+-------------+-------------+----------------+-----------------+
13 rows in set (0.00 sec)

+-------------+-------------+-------------+----------------+-----------------+
| network     | activecount | allaccounts | uniqueaccounts | uniquecontracts |
+-------------+-------------+-------------+----------------+-----------------+
| ADDON       |          11 |           8 |              8 |               8 |
| GPON        |        7673 |        3904 |           3901 |            5924 |
| HFC         |       19316 |       12881 |          12881 |           16333 |
| MOBILE TV   |           1 |           1 |              1 |               1 |
| GRAND TOTAL |       27001 |       16794 |          16711 |           22266 |
+-------------+-------------+-------------+----------------+-----------------+
5 rows in set, 1 warning (0.12 sec)

+-------------+-----------------------+-------------+-------------+----------------+-----------------+
| network     | services              | activecount | allaccounts | uniqueaccounts | uniquecontracts |
+-------------+-----------------------+-------------+-------------+----------------+-----------------+
| ADDON       | OTT Only              |           1 |           1 |              1 |               1 |
| ADDON       | TV & OTT              |           4 |           1 |              1 |               1 |
| ADDON       | TV Only               |           6 |           6 |              6 |               6 |
| ADDON       | Services Total        |          11 |           8 |              8 |               8 |
| GPON        | All                   |         112 |          17 |             17 |              56 |
| GPON        | Internet & Voice      |          57 |          23 |             23 |              47 |
| GPON        | Internet Only         |        1040 |         959 |            959 |             982 |
| GPON        | TV & Internet         |        3150 |        1326 |           1326 |            2726 |
| GPON        | TV & Internet & OTT   |        1316 |         351 |            351 |             721 |
| GPON        | TV & Internet & Voice |         162 |          45 |             45 |             140 |
| GPON        | TV & OTT              |          73 |          24 |             24 |              25 |
| GPON        | TV & Voice            |          55 |          23 |             23 |              48 |
| GPON        | TV & Voice & OTT      |           4 |           1 |              1 |               2 |
| GPON        | TV Only               |        1695 |        1126 |           1126 |            1168 |
| GPON        | Voice Only            |           9 |           9 |              9 |               9 |
| GPON        | Services Total        |        7673 |        3904 |           3901 |            5924 |
| HFC         | All                   |         116 |          21 |             21 |              68 |
| HFC         | Internet & Voice      |         346 |         160 |            160 |             309 |
| HFC         | Internet Only         |        3181 |        3161 |           3161 |            3177 |
| HFC         | TV & Internet         |        5438 |        2453 |           2453 |            4971 |
| HFC         | TV & Internet & OTT   |        1166 |         317 |            317 |             648 |
| HFC         | TV & Internet & Voice |         343 |         102 |            102 |             312 |
| HFC         | TV & OTT              |         265 |          42 |             42 |              57 |
| HFC         | TV & Voice            |          52 |          23 |             23 |              47 |
| HFC         | TV Only               |        8247 |        6442 |           6442 |            6582 |
| HFC         | Voice Only            |         162 |         160 |            160 |             162 |
| HFC         | Services Total        |       19316 |       12881 |          12881 |           16333 |
| MOBILE TV   | OTT Only              |           1 |           1 |              1 |               1 |
| MOBILE TV   | Services Total        |           1 |           1 |              1 |               1 |
| GRAND TOTAL | Services Total        |       27001 |       16794 |          16711 |           22266 |
+-------------+-----------------------+-------------+-------------+----------------+-----------------+
30 rows in set, 2 warnings (0.16 sec)

Query OK, 0 rows affected (0.00 sec)

Query OK, 46 rows affected, 3 warnings (0.19 sec)
Records: 46  Duplicates: 0  Warnings: 3

+-------------+---------------+-----------------------+-------------+-------------+----------------+-----------------+
| region      | network       | services              | activecount | allaccounts | uniqueaccounts | uniquecontracts |
+-------------+---------------+-----------------------+-------------+-------------+----------------+-----------------+
| Mahe        | ADDON         | OTT Only              |           1 |           1 |              1 |               1 |
| Mahe        | ADDON         | TV & OTT              |           4 |           1 |              1 |               1 |
| Mahe        | ADDON         | TV Only               |           2 |           2 |              2 |               2 |
| Mahe        | ADDON         | Services Total        |           7 |           4 |              4 |               4 |
| Mahe        | GPON          | All                   |         104 |          16 |             16 |              53 |
| Mahe        | GPON          | Internet & Voice      |          45 |          17 |             17 |              35 |
| Mahe        | GPON          | Internet Only         |         807 |         726 |            726 |             749 |
| Mahe        | GPON          | TV & Internet         |        2310 |         961 |            961 |            1968 |
| Mahe        | GPON          | TV & Internet & OTT   |         912 |         233 |            233 |             477 |
| Mahe        | GPON          | TV & Internet & Voice |         137 |          38 |             38 |             116 |
| Mahe        | GPON          | TV & OTT              |          55 |          16 |             16 |              17 |
| Mahe        | GPON          | TV & Voice            |          55 |          23 |             23 |              48 |
| Mahe        | GPON          | TV Only               |        1308 |         851 |            851 |             878 |
| Mahe        | GPON          | Voice Only            |           9 |           9 |              9 |               9 |
| Mahe        | GPON          | Services Total        |        5742 |        2890 |           2890 |            4350 |
| Mahe        | HFC           | All                   |         116 |          21 |             21 |              68 |
| Mahe        | HFC           | Internet & Voice      |         346 |         160 |            160 |             309 |
| Mahe        | HFC           | Internet Only         |        3180 |        3160 |           3160 |            3176 |
| Mahe        | HFC           | TV & Internet         |        5438 |        2453 |           2453 |            4971 |
| Mahe        | HFC           | TV & Internet & OTT   |        1166 |         317 |            317 |             648 |
| Mahe        | HFC           | TV & Internet & Voice |         343 |         102 |            102 |             312 |
| Mahe        | HFC           | TV & OTT              |         265 |          42 |             42 |              57 |
| Mahe        | HFC           | TV & Voice            |          52 |          23 |             23 |              47 |
| Mahe        | HFC           | TV Only               |        8242 |        6439 |           6439 |            6579 |
| Mahe        | HFC           | Voice Only            |         162 |         160 |            160 |             162 |
| Mahe        | HFC           | Services Total        |       19310 |       12877 |          12877 |           16329 |
| Mahe        | MOBILE TV     | OTT Only              |           1 |           1 |              1 |               1 |
| Mahe        | MOBILE TV     | Services Total        |           1 |           1 |              1 |               1 |
| Mahe        | Network Total | Services Total        |       25060 |       15772 |          15695 |           20684 |
| Praslin     | ADDON         | TV Only               |           4 |           4 |              4 |               4 |
| Praslin     | ADDON         | Services Total        |           4 |           4 |              4 |               4 |
| Praslin     | GPON          | All                   |           8 |           1 |              1 |               3 |
| Praslin     | GPON          | Internet & Voice      |          12 |           6 |              6 |              12 |
| Praslin     | GPON          | Internet Only         |         233 |         233 |            233 |             233 |
| Praslin     | GPON          | TV & Internet         |         840 |         365 |            365 |             758 |
| Praslin     | GPON          | TV & Internet & OTT   |         404 |         118 |            118 |             244 |
| Praslin     | GPON          | TV & Internet & Voice |          25 |           7 |              7 |              24 |
| Praslin     | GPON          | TV & OTT              |          18 |           8 |              8 |               8 |
| Praslin     | GPON          | TV & Voice & OTT      |           4 |           1 |              1 |               2 |
| Praslin     | GPON          | TV Only               |         387 |         275 |            275 |             290 |
| Praslin     | GPON          | Services Total        |        1931 |        1014 |           1014 |            1574 |
| Praslin     | HFC           | Internet Only         |           1 |           1 |              1 |               1 |
| Praslin     | HFC           | TV Only               |           5 |           3 |              3 |               3 |
| Praslin     | HFC           | Services Total        |           6 |           4 |              4 |               4 |
| Praslin     | Network Total | Services Total        |        1941 |        1022 |           1019 |            1582 |
| GRAND TOTAL | Network Total | Services Total        |       27001 |       16794 |          16711 |           22266 |
+-------------+---------------+-----------------------+-------------+-------------+----------------+-----------------+
46 rows in set (0.00 sec)

Query OK, 0 rows affected (0.00 sec)

Query OK, 26258 rows affected (0.47 sec)
Records: 26258  Duplicates: 0  Warnings: 0

Query OK, 0 rows affected (0.02 sec)

Query OK, 1983 rows affected (2.22 sec)
Records: 1983  Duplicates: 0  Warnings: 0

+--------------------------------------+
| message                              |
+--------------------------------------+
| running rcbill_my.sp_ActiveNumber2() |
+--------------------------------------+
1 row in set (0.00 sec)

Query OK, 348 rows affected (2 min 21.52 sec)

mysql> mysql \. C:\workspace\cloud\code\sql\_DailyScript\currenttime.sql
+---------------------+
| currenttime         |
+---------------------+
| 2019-12-15 18:00:48 |
+---------------------+
1 row in set (0.00 sec)

mysql> 
mysql> mysql \. C:\workspace\cloud\code\sql\_DailyScript\GetActiveNumbers Average -Pivot.sql
Database changed
+-------------------------------------+
| @today := subdate(current_date(),1) |
+-------------------------------------+
| 2019-12-14                          |
+-------------------------------------+
1 row in set (0.00 sec)

+-------------------------------------+
| @lastdayofmonth := last_day(@today) |
+-------------------------------------+
| 2019-12-31                          |
+-------------------------------------+
1 row in set (0.00 sec)

Query OK, 0 rows affected (0.05 sec)

Query OK, 35008 rows affected, 65535 warnings (59.76 sec)
Records: 35008  Duplicates: 0  Warnings: 72206

Query OK, 0 rows affected (0.09 sec)
Records: 0  Duplicates: 0  Warnings: 0

Query OK, 0 rows affected (0.12 sec)
Records: 0  Duplicates: 0  Warnings: 0

Query OK, 0 rows affected (0.09 sec)
Records: 0  Duplicates: 0  Warnings: 0

+-----------------+
| activenumberavg |
+-----------------+
|           35008 |
+-----------------+
1 row in set (0.00 sec)

Query OK, 0 rows affected (0.12 sec)

Query OK, 1807 rows affected (0.49 sec)
Records: 1807  Duplicates: 0  Warnings: 0

+---------------------+
| rep_activenumberavg |
+---------------------+
|                1807 |
+---------------------+
1 row in set (0.00 sec)

+----------------------+
| rep_activenumberavg1 |
+----------------------+
|                  856 |
+----------------------+
1 row in set (0.00 sec)

Query OK, 0 rows affected (0.00 sec)

Query OK, 1796 rows affected (0.39 sec)
Records: 1796  Duplicates: 0  Warnings: 0

Query OK, 0 rows affected (0.00 sec)

Query OK, 9119 rows affected (0.67 sec)
Records: 9119  Duplicates: 0  Warnings: 0

Query OK, 0 rows affected (0.00 sec)

Query OK, 0 rows affected (0.00 sec)

Query OK, 0 rows affected (0.00 sec)

Query OK, 0 rows affected (0.00 sec)

Query OK, 0 rows affected (0.00 sec)
Statement prepared

Query OK, 53 rows affected (0.06 sec)
Records: 53  Duplicates: 0  Warnings: 0

Query OK, 0 rows affected (0.00 sec)

Query OK, 0 rows affected (0.00 sec)

+----------------------+
| rep_activenumberavg2 |
+----------------------+
|                 1796 |
+----------------------+
1 row in set (0.00 sec)

+------------------------+
| rep_activenumberavg_pv |
+------------------------+
|                     53 |
+------------------------+
1 row in set (0.00 sec)

Query OK, 0 rows affected (0.00 sec)

Query OK, 1796 rows affected (0.35 sec)
Records: 1796  Duplicates: 0  Warnings: 0

Query OK, 0 rows affected (0.00 sec)

Query OK, 0 rows affected (0.00 sec)

Query OK, 0 rows affected (0.02 sec)

Query OK, 0 rows affected (0.00 sec)

Query OK, 0 rows affected (0.00 sec)
Statement prepared

Query OK, 53 rows affected (0.04 sec)
Records: 53  Duplicates: 0  Warnings: 0

Query OK, 0 rows affected (0.00 sec)

Query OK, 0 rows affected (0.00 sec)

+-------------------------+
| rep_activenumberavgMahe |
+-------------------------+
|                    1796 |
+-------------------------+
1 row in set (0.00 sec)

+----------------------------+
| rep_activenumberavgMahe_pv |
+----------------------------+
|                         53 |
+----------------------------+
1 row in set (0.00 sec)

Query OK, 0 rows affected (0.01 sec)

Query OK, 1149 rows affected (0.15 sec)
Records: 1149  Duplicates: 0  Warnings: 0

Query OK, 0 rows affected (0.02 sec)

Query OK, 0 rows affected (0.00 sec)

Query OK, 0 rows affected (0.02 sec)

Query OK, 0 rows affected (0.00 sec)

Query OK, 0 rows affected (0.01 sec)
Statement prepared

Query OK, 40 rows affected (0.02 sec)
Records: 40  Duplicates: 0  Warnings: 0

Query OK, 0 rows affected (0.00 sec)

Query OK, 0 rows affected (0.00 sec)

+----------------------------+
| rep_activenumberavgPraslin |
+----------------------------+
|                       1149 |
+----------------------------+
1 row in set (0.00 sec)

+-------------------------------+
| rep_activenumberavgPraslin_pv |
+-------------------------------+
|                            40 |
+-------------------------------+
1 row in set (0.00 sec)

mysql> mysql \. C:\workspace\cloud\code\sql\_DailyScript\currenttime.sql
+---------------------+
| currenttime         |
+---------------------+
| 2019-12-15 18:01:50 |
+---------------------+
1 row in set (0.00 sec)

mysql> 
mysql> mysql \. C:\workspace\cloud\code\sql\_DailyScript\budget_actual_analysis_2019.sql
Query OK, 0 rows affected (0.01 sec)

Query OK, 570 rows affected, 3 warnings (0.31 sec)
Records: 570  Duplicates: 0  Warnings: 3

+--------------------+
| budget_actual_2019 |
+--------------------+
|                570 |
+--------------------+
1 row in set (0.02 sec)

Query OK, 0 rows affected (0.00 sec)

Query OK, 48 rows affected (0.04 sec)
Records: 48  Duplicates: 0  Warnings: 0

+---------------------------+
| rep_budget_actual_2019_pv |
+---------------------------+
|                        48 |
+---------------------------+
1 row in set (0.00 sec)

mysql> mysql \. C:\workspace\cloud\code\sql\_DailyScript\currenttime.sql
+---------------------+
| currenttime         |
+---------------------+
| 2019-12-15 18:01:51 |
+---------------------+
1 row in set (0.00 sec)

mysql> 
mysql> mysql \. C:\workspace\cloud\code\sql\_DailyScript\reports-sales-addons-prepaid-camera.sql
Database changed
Query OK, 0 rows affected (0.00 sec)

Query OK, 3897 rows affected (0.28 sec)
Records: 3897  Duplicates: 0  Warnings: 0

Query OK, 0 rows affected (0.10 sec)

Query OK, 17831 rows affected (17.57 sec)
Records: 17831  Duplicates: 0  Warnings: 0

+--------------------+
| rep_prepaid_camera |
+--------------------+
|               3897 |
+--------------------+
1 row in set (0.00 sec)

+-----------+
| rep_addon |
+-----------+
|     17831 |
+-----------+
1 row in set (0.01 sec)

mysql> mysql \. C:\workspace\cloud\code\sql\_DailyScript\currenttime.sql
+---------------------+
| currenttime         |
+---------------------+
| 2019-12-15 18:02:08 |
+---------------------+
1 row in set (0.00 sec)

mysql> 
mysql> mysql \. C:\workspace\cloud\code\sql\_DailyScript\housing-estate-analysis.sql
Database changed
Query OK, 0 rows affected (0.00 sec)

Query OK, 2924 rows affected (16.96 sec)
Records: 2924  Duplicates: 0  Warnings: 0

+--------------------+
| rep_housingestates |
+--------------------+
|               2924 |
+--------------------+
1 row in set (0.00 sec)

mysql> mysql \. C:\workspace\cloud\code\sql\_DailyScript\currenttime.sql
+---------------------+
| currenttime         |
+---------------------+
| 2019-12-15 18:02:25 |
+---------------------+
1 row in set (0.00 sec)

mysql> 
mysql> mysql \. C:\workspace\cloud\code\sql\_DailyScript\RCB_ClientAnalyticsReport_Script.sql
Database changed
Query OK, 0 rows affected (0.00 sec)

Query OK, 0 rows affected (0.12 sec)

Query OK, 1786581 rows affected (1 min 28.51 sec)
Records: 1786581  Duplicates: 0  Warnings: 0

Query OK, 0 rows affected (8.92 sec)
Records: 0  Duplicates: 0  Warnings: 0

Query OK, 0 rows affected (5.80 sec)
Records: 0  Duplicates: 0  Warnings: 0

Query OK, 0 rows affected (9.48 sec)
Records: 0  Duplicates: 0  Warnings: 0

Query OK, 0 rows affected (10.34 sec)
Records: 0  Duplicates: 0  Warnings: 0

Query OK, 0 rows affected (9.99 sec)
Records: 0  Duplicates: 0  Warnings: 0

Query OK, 0 rows affected (8.41 sec)
Records: 0  Duplicates: 0  Warnings: 0

Query OK, 0 rows affected (0.00 sec)

Query OK, 460909 rows affected (17.31 sec)
Rows matched: 1786581  Changed: 460909  Warnings: 0

Query OK, 0 rows affected (0.01 sec)

Query OK, 27181 rows affected (6.01 sec)
Records: 27181  Duplicates: 0  Warnings: 0

Query OK, 0 rows affected (0.08 sec)

Query OK, 42952 rows affected (11 min 24.38 sec)
Records: 42952  Duplicates: 0  Warnings: 0

Query OK, 0 rows affected (0.25 sec)
Records: 0  Duplicates: 0  Warnings: 0

Query OK, 0 rows affected (0.18 sec)
Records: 0  Duplicates: 0  Warnings: 0

Query OK, 0 rows affected (0.09 sec)
Records: 0  Duplicates: 0  Warnings: 0

Query OK, 0 rows affected (0.05 sec)

Query OK, 432158 rows affected (13 min 5.98 sec)
Records: 432158  Duplicates: 0  Warnings: 0

Query OK, 0 rows affected (1.74 sec)
Records: 0  Duplicates: 0  Warnings: 0

Query OK, 0 rows affected (1.73 sec)
Records: 0  Duplicates: 0  Warnings: 0

Query OK, 0 rows affected (0.93 sec)
Records: 0  Duplicates: 0  Warnings: 0

Query OK, 0 rows affected (2.59 sec)
Records: 0  Duplicates: 0  Warnings: 0

Query OK, 0 rows affected (1.40 sec)
Records: 0  Duplicates: 0  Warnings: 0

Query OK, 0 rows affected (0.30 sec)

Query OK, 42952 rows affected (1 min 36.96 sec)
Records: 42952  Duplicates: 0  Warnings: 0

+--------------+
| clientreport |
+--------------+
|        42952 |
+--------------+
1 row in set (0.01 sec)

Query OK, 0 rows affected (0.05 sec)

Query OK, 42952 rows affected (6.45 sec)
Records: 42952  Duplicates: 0  Warnings: 0

+----------------------+
| clientextendedreport |
+----------------------+
|                42952 |
+----------------------+
1 row in set (0.01 sec)

Query OK, 0 rows affected (0.00 sec)

Query OK, 42952 rows affected (1 min 2.18 sec)
Records: 42952  Duplicates: 0  Warnings: 0

+---------+
| allcust |
+---------+
|   42952 |
+---------+
1 row in set (0.01 sec)

Query OK, 0 rows affected, 1 warning (0.00 sec)

Query OK, 5000 rows affected (0.17 sec)
Records: 5000  Duplicates: 0  Warnings: 0

Query OK, 0 rows affected (0.00 sec)

Query OK, 6875 rows affected (0.36 sec)
Records: 6875  Duplicates: 0  Warnings: 0

Query OK, 0 rows affected, 1 warning (0.01 sec)

Query OK, 5000 rows affected (0.16 sec)
Records: 5000  Duplicates: 0  Warnings: 0

Query OK, 0 rows affected (0.02 sec)

Query OK, 7285 rows affected (0.20 sec)
Records: 7285  Duplicates: 0  Warnings: 0

mysql> mysql \. C:\workspace\cloud\code\sql\_DailyScript\currenttime.sql
+---------------------+
| currenttime         |
+---------------------+
| 2019-12-15 18:32:37 |
+---------------------+
1 row in set (0.00 sec)

mysql> 
mysql> mysql \. C:\workspace\cloud\code\sql\_DailyScript\REVENUE_PER_NODE_MXK.sql
Query OK, 0 rows affected (0.00 sec)

Query OK, 0 rows affected (0.02 sec)

Query OK, 0 rows affected (0.00 sec)

Query OK, 5286 rows affected (2.73 sec)
Records: 5286  Duplicates: 0  Warnings: 0

+----------------------+
| message              |
+----------------------+
| created temp table a |
+----------------------+
1 row in set (0.00 sec)

Query OK, 5544 rows affected (1.10 sec)
Records: 5544  Duplicates: 0  Warnings: 0

+----------------------+
| message              |
+----------------------+
| created temp table b |
+----------------------+
1 row in set (0.00 sec)

Query OK, 0 rows affected, 1 warning (0.00 sec)

Query OK, 5558 rows affected (11.62 sec)
Records: 5558  Duplicates: 0  Warnings: 0

+--------------------------------+
| message                        |
+--------------------------------+
| created rcbill_my.tempcustmxk1 |
+--------------------------------+
1 row in set (0.00 sec)

Query OK, 0 rows affected (0.00 sec)

Query OK, 0 rows affected (0.00 sec)

Query OK, 0 rows affected, 1 warning (0.00 sec)

Query OK, 5286 rows affected (1.31 sec)
Records: 5286  Duplicates: 0  Warnings: 0

+----------------+
| message        |
+----------------+
| created temp a |
+----------------+
1 row in set (0.01 sec)

Query OK, 5544 rows affected (0.59 sec)
Records: 5544  Duplicates: 0  Warnings: 0

+----------------+
| message        |
+----------------+
| created temp b |
+----------------+
1 row in set (0.00 sec)

Query OK, 0 rows affected, 1 warning (0.00 sec)

Query OK, 5637 rows affected (7.81 sec)
Records: 5637  Duplicates: 0  Warnings: 0

+--------------------------------+
| message                        |
+--------------------------------+
| created rcbill_my.tempcustmxk2 |
+--------------------------------+
1 row in set (0.00 sec)

Query OK, 0 rows affected (0.00 sec)

Query OK, 0 rows affected (0.00 sec)

Query OK, 0 rows affected, 1 warning (0.00 sec)

Query OK, 0 rows affected (0.02 sec)

Query OK, 6232 rows affected (0.32 sec)
Records: 6232  Duplicates: 0  Warnings: 0

+---------------------------------+
| message                         |
+---------------------------------+
| created rcbill_my.customers_mxk |
+---------------------------------+
1 row in set (0.00 sec)

Query OK, 0 rows affected (0.00 sec)

Query OK, 0 rows affected (0.00 sec)

Query OK, 13897 rows affected (6.12 sec)
Records: 13897  Duplicates: 0  Warnings: 0

+----------------+
| message        |
+----------------+
| created temp a |
+----------------+
1 row in set (0.00 sec)

Query OK, 20256 rows affected (2.15 sec)
Records: 20256  Duplicates: 0  Warnings: 0

+----------------+
| message        |
+----------------+
| created temp c |
+----------------+
1 row in set (0.00 sec)

Query OK, 0 rows affected, 1 warning (0.00 sec)

Query OK, 27909 rows affected (0.35 sec)
Records: 27909  Duplicates: 0  Warnings: 0

+---------------------------------+
| message                         |
+---------------------------------+
| created rcbill_my.tempcustcmts1 |
+---------------------------------+
1 row in set (0.00 sec)

Query OK, 0 rows affected (0.02 sec)

Query OK, 0 rows affected, 1 warning (0.00 sec)

Query OK, 0 rows affected (0.01 sec)

Query OK, 13897 rows affected (6.06 sec)
Records: 13897  Duplicates: 0  Warnings: 0

+----------------+
| message        |
+----------------+
| created temp a |
+----------------+
1 row in set (0.00 sec)

Query OK, 20256 rows affected (1.33 sec)
Records: 20256  Duplicates: 0  Warnings: 0

+----------------+
| message        |
+----------------+
| created temp c |
+----------------+
1 row in set (0.00 sec)

Query OK, 0 rows affected, 1 warning (0.00 sec)

Query OK, 21158 rows affected (0.28 sec)
Records: 21158  Duplicates: 0  Warnings: 0

+---------------------------------+
| message                         |
+---------------------------------+
| created rcbill_my.tempcustcmts2 |
+---------------------------------+
1 row in set (0.00 sec)

Query OK, 0 rows affected (0.02 sec)

Query OK, 0 rows affected, 1 warning (0.00 sec)

Query OK, 0 rows affected (0.00 sec)

Query OK, 0 rows affected (0.02 sec)

Query OK, 13955 rows affected (1.16 sec)
Records: 13955  Duplicates: 0  Warnings: 0

+----------------------------------+
| message                          |
+----------------------------------+
| created rcbill_my.customers_cmts |
+----------------------------------+
1 row in set (0.00 sec)

Query OK, 0 rows affected (0.02 sec)

Query OK, 0 rows affected (0.00 sec)

Query OK, 0 rows affected (0.00 sec)

Query OK, 17654 rows affected (1.00 sec)
Records: 17654  Duplicates: 0  Warnings: 0

+--------------------------------------+
| message                              |
+--------------------------------------+
| created rcbill_my.customers_cmts_mxk |
+--------------------------------------+
1 row in set (0.00 sec)

Query OK, 456884 rows affected (1 min 14.44 sec)
Records: 456884  Duplicates: 0  Warnings: 0

+----------------+
| message        |
+----------------+
| created temp a |
+----------------+
1 row in set (0.00 sec)

Query OK, 0 rows affected (0.01 sec)

Query OK, 457574 rows affected (13.80 sec)
Records: 457574  Duplicates: 0  Warnings: 0

+------------------------------------------------+
| message                                        |
+------------------------------------------------+
| created rcbill_my.customers_contracts_cmts_mxk |
+------------------------------------------------+
1 row in set (0.01 sec)

Query OK, 0 rows affected (0.03 sec)

Query OK, 0 rows affected, 1 warning (0.00 sec)

Query OK, 0 rows affected, 1 warning (0.00 sec)

Query OK, 0 rows affected (0.00 sec)

Query OK, 7901 rows affected (4.34 sec)
Rows matched: 7901  Changed: 7901  Warnings: 0

+------------------------------------------------+
| message                                        |
+------------------------------------------------+
| updated rcbill_my.customers_contracts_cmts_mxk |
+------------------------------------------------+
1 row in set (0.00 sec)

Query OK, 0 rows affected (0.04 sec)

Query OK, 1764530 rows affected (4 min 46.55 sec)
Records: 1764530  Duplicates: 0  Warnings: 0

+----------------------------------------+
| message                                |
+----------------------------------------+
| created rcbill_my.customers_collection |
+----------------------------------------+
1 row in set (0.00 sec)

Query OK, 0 rows affected (0.04 sec)

Query OK, 2033976 rows affected (2 min 35.32 sec)
Records: 2033976  Duplicates: 0  Warnings: 0

+------------------------------------------------+
| message                                        |
+------------------------------------------------+
| created rcbill_my.customers_cmts_mxk_cont_coll |
+------------------------------------------------+
1 row in set (0.00 sec)

Query OK, 0 rows affected (0.04 sec)

Query OK, 53770 rows affected (14.65 sec)
Records: 53770  Duplicates: 0  Warnings: 0

+------------------------------------------------------------+
| message                                                    |
+------------------------------------------------------------+
| created rcbill_my.customers_contracts_collection_pivot2019 |
+------------------------------------------------------------+
1 row in set (0.00 sec)

Query OK, 0 rows affected (0.01 sec)

Query OK, 20380 rows affected (12.90 sec)
Records: 20380  Duplicates: 0  Warnings: 0

+--------------------------------------------------+
| message                                          |
+--------------------------------------------------+
| created rcbill_my.customers_collection_pivot2019 |
+--------------------------------------------------+
1 row in set (0.00 sec)

Query OK, 0 rows affected (0.02 sec)

Query OK, 42952 rows affected (1.46 sec)
Records: 42952  Duplicates: 0  Warnings: 0

+------------------------------------------------+
| message                                        |
+------------------------------------------------+
| created rcbill_my.rep_customers_collection2019 |
+------------------------------------------------+
1 row in set (0.00 sec)

Query OK, 0 rows affected (0.00 sec)

Query OK, 0 rows affected, 1 warning (0.00 sec)

Query OK, 425940 rows affected (20.72 sec)
Records: 425940  Duplicates: 0  Warnings: 0

+-------------------------+
| message                 |
+-------------------------+
| created rcbill_my.tempa |
+-------------------------+
1 row in set (0.00 sec)

Query OK, 0 rows affected, 1 warning (0.00 sec)

Query OK, 102883 rows affected (11.41 sec)
Records: 102883  Duplicates: 0  Warnings: 0

+-------------------------+
| message                 |
+-------------------------+
| created rcbill_my.tempb |
+-------------------------+
1 row in set (0.00 sec)

Query OK, 425940 rows affected (11.14 sec)
Records: 425940  Duplicates: 0  Warnings: 0

+-----------+
| message   |
+-----------+
| created a |
+-----------+
1 row in set (0.02 sec)

Query OK, 102893 rows affected (8.04 sec)
Records: 102893  Duplicates: 0  Warnings: 0

+-----------+
| message   |
+-----------+
| created b |
+-----------+
1 row in set (0.00 sec)

Query OK, 0 rows affected (0.10 sec)

Query OK, 0 rows affected (0.00 sec)

Query OK, 0 rows affected (0.03 sec)

Query OK, 428944 rows affected (30.48 sec)
Records: 428944  Duplicates: 0  Warnings: 0

+----------------------------------------------+
| message                                      |
+----------------------------------------------+
| created rcbill_my.cust_cont_payment_cmts_mxk |
+----------------------------------------------+
1 row in set (0.00 sec)

Query OK, 0 rows affected (0.02 sec)

Query OK, 0 rows affected (0.02 sec)

Query OK, 0 rows affected, 1 warning (0.00 sec)

Query OK, 0 rows affected (0.00 sec)

Query OK, 42952 rows affected (14.03 sec)
Records: 42952  Duplicates: 0  Warnings: 0

+--------------------------------------------------+
| message                                          |
+--------------------------------------------------+
| created rcbill_my.rep_cust_cont_payment_cmts_mxk |
+--------------------------------------------------+
1 row in set (0.00 sec)

Query OK, 0 rows affected, 1 warning (0.00 sec)

Query OK, 0 rows affected, 1 warning (0.00 sec)

Query OK, 0 rows affected (0.02 sec)

Query OK, 42952 rows affected, 5 warnings (8.76 sec)
Records: 42952  Duplicates: 0  Warnings: 5

+----------------------+
| rep_custconsolidated |
+----------------------+
|                42952 |
+----------------------+
1 row in set (0.03 sec)

Query OK, 0 rows affected (0.00 sec)

Query OK, 0 rows affected (0.01 sec)

+----------------------------------------------+
| message                                      |
+----------------------------------------------+
| creating rcbill_my.retentioncustomeractivity |
+----------------------------------------------+
1 row in set (0.00 sec)

Query OK, 921 rows affected (0.09 sec)
Records: 921  Duplicates: 0  Warnings: 0

+---------------------------+
| retentioncustomeractivity |
+---------------------------+
|                       921 |
+---------------------------+
1 row in set (0.00 sec)

+-----------+------------------------------------+------------+-------------+-----------------+------------------+---------------------+-------------------+
| HFC_NODE  | NODENAME                           | CMTS_DATE  | INSERTED_ON | UNIQUE_ACCOUNTS | UNIQUE_CONTRACTS | UNIQUE_MAC_INRCBOSS | UNIQUE_MAC_INCMTS |
+-----------+------------------------------------+------------+-------------+-----------------+------------------+---------------------+-------------------+
| NULL      | NULL                               | NULL       | 2019-12-15  |            6359 |             6691 |                6718 |                 0 |
| C5/0/0/U0 | ANSE-BOILEAU-2                     | 2019-12-11 | 2019-12-15  |             169 |              173 |                 169 |               169 |
| C5/0/0/U1 | 500-C3-ANSE-BOILEAU                | 2019-12-11 | 2019-12-15  |             179 |              184 |                 179 |               179 |
| C5/0/1/U0 | 501-C4-LA-MISIERE-LEFT-I           | 2019-12-11 | 2019-12-15  |             147 |              156 |                 147 |               148 |
| C5/0/1/U1 | 501-C5-LA-MISIERE-RIGHT            | 2019-12-11 | 2019-12-15  |             105 |              108 |                 105 |               106 |
| C5/0/1/U2 | 501-C7-LA-MISIERE-LEFT-II          | 2019-12-11 | 2019-12-15  |             148 |              153 |                 147 |               149 |
| C5/0/2/U0 | 502-C8-LA-LOUISE                   | 2019-12-11 | 2019-12-15  |             139 |              140 |                 139 |               141 |
| C5/0/2/U1 | LA-LOUISE-2                        | 2019-12-11 | 2019-12-15  |             135 |              138 |                 135 |               137 |
| C5/0/3/U0 | 504-C6-PETIT-PARIS                 | 2019-12-11 | 2019-12-15  |             119 |              121 |                 119 |               121 |
| C5/0/3/U1 | PETIT-PARIS-23                     | 2019-12-11 | 2019-12-15  |             109 |              112 |                 109 |               110 |
| C5/0/4/U0 | FOUR-SEASONS                       | 2019-12-11 | 2019-12-15  |               3 |                3 |                   3 |                 3 |
| C5/0/4/U1 | ANCHOR-CAFE-I                      | 2019-12-11 | 2019-12-15  |             149 |              153 |                 149 |               151 |
| C5/0/4/U2 | ANCHOR-CAFE-II                     | 2019-12-11 | 2019-12-15  |             141 |              143 |                 141 |               141 |
| C5/1/0/U0 | POINTE-LARUE-AIRPORT-23            | 2019-12-11 | 2019-12-15  |              98 |              103 |                 101 |               102 |
| C5/1/0/U1 | PPROVIDENCE-23                     | 2019-12-11 | 2019-12-15  |              21 |               24 |                  22 |                22 |
| C5/1/0/U2 | ROSHE-CAIMAN-23                    | 2019-12-11 | 2019-12-15  |              10 |               11 |                  10 |                10 |
| C5/1/0/U3 | HEAD-OFFICE | HO-23                | 2019-12-11 | 2019-12-15  |              31 |               32 |                  31 |                31 |
| C5/1/1/U1 | C5-UNION-VALE                      | 2019-12-11 | 2019-12-15  |             190 |              195 |                 190 |               190 |
| C5/1/3/U0 | POINTE-LARUE-AIRPORT-27            | 2019-12-11 | 2019-12-15  |             140 |              144 |                 140 |               144 |
| C5/1/3/U1 | PPROVIDENCE-27                     | 2019-12-11 | 2019-12-15  |              29 |               29 |                  29 |                29 |
| C5/1/3/U2 | ROSHE-CAIMAN-27                    | 2019-12-11 | 2019-12-15  |              27 |               27 |                  27 |                27 |
| C5/1/3/U3 | HEAD-OFFICE | HO-27                | 2019-12-11 | 2019-12-15  |              14 |               15 |                  14 |                15 |
| C5/1/4/U0 | ANSE-ROYALE-27                     | 2019-12-11 | 2019-12-15  |              85 |               86 |                  85 |                85 |
| C5/1/4/U1 | GLACIS-2-57                        | 2019-12-11 | 2019-12-15  |             103 |              108 |                 103 |               104 |
| C5/1/4/U2 | NULL                               | 2019-12-11 | 2019-12-15  |              98 |              100 |                  98 |               100 |
| C5/1/4/U3 | GLACIS-1                           | 2019-12-11 | 2019-12-15  |              50 |               52 |                  50 |                50 |
| C6/0/1/U0 | SERRET-ROAD-RIGHT/CURIO/PASCAL     | 2019-12-11 | 2019-12-15  |             121 |              123 |                 121 |               121 |
| C6/0/1/U1 | SERRET-ROAD-LEFT/ST.LOUIS/TOWN     | 2019-12-11 | 2019-12-15  |             147 |              154 |                 147 |               148 |
| C6/0/1/U2 | SERRET-ROAD-RIGHT/CURIO/PASCAL-2   | 2019-12-11 | 2019-12-15  |             116 |              117 |                 116 |               116 |
| C6/0/1/U3 | SERRET-ROAD-LEFT/ST.LOUIS/TOWN-2   | 2019-12-11 | 2019-12-15  |             142 |              144 |                 142 |               143 |
| C6/0/2/U0 | SANS-SOUCIS-I                      | 2019-12-11 | 2019-12-15  |             143 |              147 |                 143 |               146 |
| C6/0/2/U1 | SANS-SOUCIS-II                     | 2019-12-11 | 2019-12-15  |              88 |               92 |                  87 |                88 |
| C6/0/2/U2 | BEL-AIR-27                         | 2019-12-11 | 2019-12-15  |             119 |              124 |                 119 |               123 |
| C6/0/2/U3 | BEL-AIR-38                         | 2019-12-11 | 2019-12-15  |              77 |               79 |                  77 |                77 |
| C6/0/3/U0 | LES-MAMELLES-23                    | 2019-12-11 | 2019-12-15  |             105 |              105 |                 105 |               105 |
| C6/0/3/U1 | VICTORIA-23                        | 2019-12-11 | 2019-12-15  |              30 |               36 |                  33 |                35 |
| C6/0/4/U0 | LES-MAMELLES-27                    | 2019-12-11 | 2019-12-15  |              44 |               44 |                  44 |                44 |
| C6/0/4/U1 | VICTORIA-27                        | 2019-12-11 | 2019-12-15  |              20 |               20 |                  20 |                21 |
| C7/1/0/U0 | LA-RETRAITE-23                     | 2019-12-11 | 2019-12-15  |             103 |              105 |                 103 |               103 |
| C7/1/0/U1 | TEA-FACTORY-23                     | 2019-12-11 | 2019-12-15  |              20 |               25 |                  21 |                21 |
| C7/1/0/U2 | PAS-23                             | 2019-12-11 | 2019-12-15  |              77 |               78 |                  77 |                77 |
| C7/1/1/U0 | REEF-ESTATE-23                     | 2019-12-11 | 2019-12-15  |              76 |               77 |                  76 |                78 |
| C7/1/1/U1 | BEL-OMBRE-NEW-23                   | 2019-12-11 | 2019-12-15  |               3 |                3 |                   3 |                 4 |
| C7/1/2/U0 | LA-RETRAITE-27                     | 2019-12-11 | 2019-12-15  |              84 |               88 |                  84 |                85 |
| C7/1/2/U1 | TEA-FACTORY-27                     | 2019-12-11 | 2019-12-15  |              25 |               27 |                  26 |                28 |
| C7/1/2/U2 | PAS-27                             | 2019-12-11 | 2019-12-15  |             121 |              125 |                 122 |               124 |
| C7/1/3/U0 | MT-BUXTON-27                       | 2019-12-11 | 2019-12-15  |             153 |              156 |                 153 |               154 |
| C7/1/3/U1 | MT-BUXTON-23                       | 2019-12-11 | 2019-12-15  |              71 |               72 |                  71 |                71 |
| C7/1/4/U0 | REEF-ESTATE-27                     | 2019-12-11 | 2019-12-15  |              69 |               69 |                  69 |                69 |
| C7/1/4/U1 | BEL-OMBRE-NEW-27                   | 2019-12-11 | 2019-12-15  |               6 |                6 |                   6 |                 6 |
| C8/0/0/U0 | POLICE-ACADEMY-1-27 - POINTE LARUE | 2019-12-11 | 2019-12-15  |             217 |              220 |                 216 |               216 |
| C8/0/0/U1 | NULL                               | 2019-12-11 | 2019-12-15  |             106 |              111 |                 106 |               107 |
| C8/0/1/U0 | NULL                               | 2019-12-11 | 2019-12-15  |             154 |              154 |                 154 |               156 |
| C8/0/1/U1 | POLICE-ACADEMY-2-27 - TURTLE BAY   | 2019-12-11 | 2019-12-15  |             152 |              154 |                 153 |               155 |
| C8/0/2/U0 | BEAU-VALLON-LEFT-1-57              | 2019-12-11 | 2019-12-15  |              75 |               79 |                  76 |                78 |
| C8/0/3/U1 | BEAU-VALLON-RIGHT-2-57             | 2019-12-11 | 2019-12-15  |             169 |              176 |                 169 |               170 |
| C8/1/0/U0 | MA-JOIE-NODE-27                    | 2019-12-11 | 2019-12-15  |             114 |              116 |                 113 |               114 |
| C8/1/0/U1 | BELONIE-27                         | 2019-12-11 | 2019-12-15  |             148 |              151 |                 147 |               147 |
| C8/1/0/U3 | MA-JOIE-NODE-23                    | 2019-12-11 | 2019-12-15  |             108 |              110 |                 108 |               108 |
| C8/1/1/U0 | 611-C1-ROJN I                      | 2019-12-11 | 2019-12-15  |             129 |              131 |                 129 |               129 |
| C8/1/1/U1 | 611-C5-ROJN II                     | 2019-12-11 | 2019-12-15  |             108 |              108 |                 108 |               109 |
| C8/1/2/U0 | 612-C2-ANSE-ETOILE                 | 2019-12-11 | 2019-12-15  |             152 |              156 |                 152 |               152 |
| C8/1/2/U1 | ANSE-ETOILE-U2                     | 2019-12-11 | 2019-12-15  |              77 |               79 |                  77 |                77 |
| C8/1/3/U0 | 613-C3-ANSE-GAULETTE I             | 2019-12-11 | 2019-12-15  |              69 |               75 |                  69 |                69 |
| C8/1/3/U1 | 613-C7-ANSE-GAULETTE II            | 2019-12-11 | 2019-12-15  |              67 |               71 |                  68 |                69 |
| C8/1/3/U2 | 613-C3-ANSE-GAULETTE III           | 2019-12-11 | 2019-12-15  |              34 |               38 |                  34 |                34 |
| C8/1/3/U3 | TAKAMAKA I                         | 2019-12-11 | 2019-12-15  |              98 |              101 |                  98 |                98 |
| C8/1/3/U4 | TAKAMAKA II                        | 2019-12-11 | 2019-12-15  |             108 |              109 |                 108 |               108 |
| C8/1/4/U0 | 614-BEOLIERE-NODE-1                | 2019-12-11 | 2019-12-15  |              87 |               90 |                  88 |                89 |
| C8/1/4/U1 | 614-BEOLIERE-NODE-2                | 2019-12-11 | 2019-12-15  |             107 |              112 |                 107 |               109 |
+-----------+------------------------------------+------------+-------------+-----------------+------------------+---------------------+-------------------+
70 rows in set (0.19 sec)

+------------------+------------+-------------+-----------------+------------------+----------------------+-------------------+
| MXK_NAME         | MXK_DATE   | INSERTED_ON | UNIQUE_ACCOUNTS | UNIQUE_CONTRACTS | UNIQUE_FSAN_INRCBOSS | UNIQUE_FSAN_INMXK |
+------------------+------------+-------------+-----------------+------------------+----------------------+-------------------+
| NULL             | NULL       | 2019-12-15  |             585 |              593 |                  581 |                 0 |
| MXK-ANSEETOILE   | 2019-12-11 | 2019-12-15  |             193 |              196 |                  196 |               207 |
| MXK-ANSEROYALE   | 2019-12-11 | 2019-12-15  |             144 |              144 |                  144 |               163 |
| MXK-BEAUVALLON   | 2019-12-11 | 2019-12-15  |            1219 |             1237 |                 1228 |              1285 |
| MXK-MAHE         | 2019-12-11 | 2019-12-15  |             912 |              940 |                  874 |              1109 |
| MXK-PERSEVERANCE | 2019-12-11 | 2019-12-15  |            1021 |             1028 |                 1027 |              1175 |
| MXK-PRASLIN      | 2019-12-11 | 2019-12-15  |            1210 |             1213 |                 1205 |              1349 |
+------------------+------------+-------------+-----------------+------------------+----------------------+-------------------+
7 rows in set (0.13 sec)

mysql> mysql \. C:\workspace\cloud\code\sql\_DailyScript\currenttime.sql
+---------------------+
| currenttime         |
+---------------------+
| 2019-12-15 18:44:30 |
+---------------------+
1 row in set (0.00 sec)

mysql> 
mysql> mysql \. C:\workspace\cloud\code\sql\Analysis\service_tickets_assignments.sql
Query OK, 0 rows affected (0.01 sec)

Query OK, 93546 rows affected (19.92 sec)
Records: 93546  Duplicates: 0  Warnings: 0

+-------------------------+
| rep_servicetickets_2019 |
+-------------------------+
|                   93546 |
+-------------------------+
1 row in set (1.70 sec)

mysql> mysql \. C:\workspace\cloud\code\sql\_DailyScript\currenttime.sql
+---------------------+
| currenttime         |
+---------------------+
| 2019-12-15 18:44:52 |
+---------------------+
1 row in set (0.00 sec)

mysql> 
mysql> 
mysql> exit
