    -> 
    -> mysql \. C:\workspace\cloud\code\sql\_DailyScript\_setdates.sql
Database changed
Query OK, 0 rows affected (0.00 sec)

Query OK, 0 rows affected (0.00 sec)

Query OK, 0 rows affected (0.00 sec)

Query OK, 0 rows affected (0.00 sec)

Query OK, 0 rows affected (0.00 sec)

Query OK, 0 rows affected (0.00 sec)

Query OK, 0 rows affected (0.00 sec)

Query OK, 0 rows affected (0.00 sec)

Query OK, 0 rows affected (0.00 sec)

Query OK, 0 rows affected (0.01 sec)

Query OK, 0 rows affected (0.00 sec)

Query OK, 0 rows affected (0.00 sec)

Query OK, 0 rows affected (0.00 sec)

Query OK, 0 rows affected (0.00 sec)

Query OK, 0 rows affected (0.00 sec)

Query OK, 0 rows affected (0.00 sec)

Query OK, 0 rows affected (0.00 sec)

Query OK, 0 rows affected (0.00 sec)

Query OK, 0 rows affected (0.00 sec)

Query OK, 0 rows affected (0.00 sec)

Query OK, 0 rows affected (0.00 sec)

mysql> mysql \. C:\workspace\cloud\code\sql\_DailyScript\currenttime.sql
+---------------------+
| currenttime         |
+---------------------+
| 2019-04-15 08:46:45 |
+---------------------+
1 row in set (0.00 sec)

mysql> 
mysql> mysql \. C:\workspace\cloud\code\sql\_DailyScript\load_RCB_VODTITLES.sql
Database changed
Query OK, 0 rows affected (0.00 sec)

Query OK, 4142 rows affected (0.14 sec)

Query OK, 4144 rows affected, 4144 warnings (0.25 sec)
Records: 4144  Deleted: 0  Skipped: 0  Warnings: 4144

Query OK, 0 rows affected (0.00 sec)

Query OK, 2 rows affected (0.01 sec)

+-----------+
| VODTITLES |
+-----------+
|      4603 |
+-----------+
1 row in set (0.00 sec)

+-----------+-----------+
| titletype | typecount |
+-----------+-----------+
| E         |      3053 |
| N         |       145 |
| T         |       944 |
| NULL      |      4142 |
+-----------+-----------+
4 rows in set (0.02 sec)

mysql> mysql \. C:\workspace\cloud\code\sql\_DailyScript\currenttime.sql
+---------------------+
| currenttime         |
+---------------------+
| 2019-04-15 08:46:46 |
+---------------------+
1 row in set (0.01 sec)

mysql> 
mysql> mysql \. C:\workspace\cloud\code\sql\_DailyScript\DAILY-SCRIPT-LIVETV-STATS.sql
Database changed
Query OK, 0 rows affected (0.25 sec)

Query OK, 72169 rows affected (1.28 sec)
Records: 72169  Duplicates: 0  Warnings: 0

+------------+------------+----------+--------------+--------------+-----------+-------------+----------+--------+------+------------+---------+---------------+
| Table      | Non_unique | Key_name | Seq_in_index | Column_name  | Collation | Cardinality | Sub_part | Packed | Null | Index_type | Comment | Index_comment |
+------------+------------+----------+--------------+--------------+-----------+-------------+----------+--------+------+------------+---------+---------------+
| templivetv |          1 | idxtv1   |            1 | device       | A         |       71746 |     NULL | NULL   | YES  | BTREE      |         |               |
| templivetv |          1 | idxtv2   |            1 | sessionstart | A         |       71746 |     NULL | NULL   | YES  | BTREE      |         |               |
+------------+------------+----------+--------------+--------------+-----------+-------------+----------+--------+------+------------+---------+---------------+
2 rows in set (0.01 sec)

Query OK, 72073 rows affected (28.75 sec)
Records: 72073  Duplicates: 0  Warnings: 0

Query OK, 2786 rows affected (0.80 sec)
Records: 2786  Duplicates: 0  Warnings: 0

Query OK, 0 rows affected (0.00 sec)

Query OK, 0 rows affected (0.00 sec)

Query OK, 141 rows affected (0.14 sec)
Records: 141  Duplicates: 0  Warnings: 0

Query OK, 0 rows affected (0.05 sec)

Query OK, 66307 rows affected (10 min 45.53 sec)
Records: 66307  Duplicates: 0  Warnings: 0

+-----------------+
| rep_livetvstats |
+-----------------+
|           66307 |
+-----------------+
1 row in set (0.13 sec)

mysql> mysql \. C:\workspace\cloud\code\sql\_DailyScript\currenttime.sql
+---------------------+
| currenttime         |
+---------------------+
| 2019-04-15 08:58:03 |
+---------------------+
1 row in set (0.00 sec)

mysql> 
mysql> mysql \. C:\workspace\cloud\code\sql\_DailyScript\DAILY-SCRIPT-VODTS-STATS.sql
Database changed
Query OK, 0 rows affected (0.08 sec)

Query OK, 3212 rows affected (28.74 sec)
Records: 3212  Duplicates: 0  Warnings: 0

+---------+------------+----------+--------------+--------------+-----------+-------------+----------+--------+------+------------+---------+---------------+
| Table   | Non_unique | Key_name | Seq_in_index | Column_name  | Collation | Cardinality | Sub_part | Packed | Null | Index_type | Comment | Index_comment |
+---------+------------+----------+--------------+--------------+-----------+-------------+----------+--------+------+------------+---------+---------------+
| tempvod |          1 | idxtvod1 |            1 | device       | A         |        3169 |     NULL | NULL   | YES  | BTREE      |         |               |
| tempvod |          1 | idxtvod2 |            1 | sessionstart | A         |        3169 |     NULL | NULL   | YES  | BTREE      |         |               |
+---------+------------+----------+--------------+--------------+-----------+-------------+----------+--------+------+------------+---------+---------------+
2 rows in set (0.01 sec)

Query OK, 3199 rows affected (1.78 sec)
Records: 3199  Duplicates: 0  Warnings: 0

Query OK, 0 rows affected (0.03 sec)

Query OK, 176979 rows affected (16.89 sec)
Records: 176979  Duplicates: 0  Warnings: 0

+--------------+
| rep_vodstats |
+--------------+
|       176979 |
+--------------+
1 row in set (0.06 sec)

Database changed
Query OK, 0 rows affected (0.00 sec)

Query OK, 14663 rows affected (3 min 41.37 sec)
Records: 14663  Duplicates: 0  Warnings: 0

+--------+------------+----------+--------------+--------------+-----------+-------------+----------+--------+------+------------+---------+---------------+
| Table  | Non_unique | Key_name | Seq_in_index | Column_name  | Collation | Cardinality | Sub_part | Packed | Null | Index_type | Comment | Index_comment |
+--------+------------+----------+--------------+--------------+-----------+-------------+----------+--------+------+------------+---------+---------------+
| tempts |          1 | idxtts1  |            1 | device       | A         |       14814 |     NULL | NULL   | YES  | BTREE      |         |               |
| tempts |          1 | idxtts2  |            1 | sessionstart | A         |       14814 |     NULL | NULL   | YES  | BTREE      |         |               |
+--------+------------+----------+--------------+--------------+-----------+-------------+----------+--------+------+------------+---------+---------------+
2 rows in set (0.00 sec)

Query OK, 14664 rows affected (13.70 sec)
Records: 14664  Duplicates: 0  Warnings: 0

Query OK, 0 rows affected (0.03 sec)

Query OK, 18177 rows affected (3 min 29.20 sec)
Records: 18177  Duplicates: 0  Warnings: 0

+-------------+
| rep_tsstats |
+-------------+
|       18177 |
+-------------+
1 row in set (0.00 sec)

mysql> mysql \. C:\workspace\cloud\code\sql\_DailyScript\currenttime.sql
+---------------------+
| currenttime         |
+---------------------+
| 2019-04-15 09:06:14 |
+---------------------+
1 row in set (0.00 sec)

mysql> 
mysql> mysql \. C:\workspace\cloud\code\sql\_DailyScript\DAILY-SCRIPT-RADIO-STATS.sql
Database changed
Query OK, 0 rows affected (0.03 sec)

Query OK, 137071 rows affected (3.53 sec)
Records: 137071  Duplicates: 0  Warnings: 0

+-----------+------------+----------+--------------+--------------+-----------+-------------+----------+--------+------+------------+---------+---------------+
| Table     | Non_unique | Key_name | Seq_in_index | Column_name  | Collation | Cardinality | Sub_part | Packed | Null | Index_type | Comment | Index_comment |
+-----------+------------+----------+--------------+--------------+-----------+-------------+----------+--------+------+------------+---------+---------------+
| tempradio |          1 | idxtrad1 |            1 | device       | A         |      136805 |     NULL | NULL   | YES  | BTREE      |         |               |
| tempradio |          1 | idxtrad2 |            1 | sessionstart | A         |      136805 |     NULL | NULL   | YES  | BTREE      |         |               |
+-----------+------------+----------+--------------+--------------+-----------+-------------+----------+--------+------+------------+---------+---------------+
2 rows in set (0.00 sec)

Query OK, 205 rows affected (2.33 sec)
Records: 205  Duplicates: 0  Warnings: 0

Query OK, 0 rows affected (0.00 sec)

Query OK, 2521 rows affected (0.34 sec)
Records: 2521  Duplicates: 0  Warnings: 0

+----------------+
| rep_radiostats |
+----------------+
|           2521 |
+----------------+
1 row in set (0.00 sec)

mysql> mysql \. C:\workspace\cloud\code\sql\_DailyScript\currenttime.sql
+---------------------+
| currenttime         |
+---------------------+
| 2019-04-15 09:06:21 |
+---------------------+
1 row in set (0.00 sec)

mysql> 
mysql> mysql \. C:\workspace\cloud\code\sql\_DailyScript\DAILY_SCRIPT_TELEMETRY_PIVOT.sql
Query OK, 0 rows affected (0.00 sec)

Query OK, 146 rows affected (0.19 sec)
Records: 146  Duplicates: 0  Warnings: 0

Query OK, 0 rows affected (0.02 sec)

Query OK, 3372 rows affected (0.80 sec)
Records: 3372  Duplicates: 0  Warnings: 0

Query OK, 0 rows affected (0.03 sec)

Query OK, 6 rows affected (0.06 sec)
Records: 6  Duplicates: 0  Warnings: 0

Query OK, 0 rows affected (0.11 sec)

Query OK, 54 rows affected (0.05 sec)
Records: 54  Duplicates: 0  Warnings: 0

mysql> mysql \. C:\workspace\cloud\code\sql\_DailyScript\currenttime.sql
+---------------------+
| currenttime         |
+---------------------+
| 2019-04-15 09:06:22 |
+---------------------+
1 row in set (0.00 sec)

mysql> 
mysql> mysql \. C:\workspace\cloud\code\sql\_DailyScript\telemetry_livetv_ranking2019.sql
Query OK, 0 rows affected (0.03 sec)

Query OK, 146 rows affected (0.03 sec)
Records: 146  Duplicates: 0  Warnings: 0

mysql> mysql \. C:\workspace\cloud\code\sql\_DailyScript\currenttime.sql
+---------------------+
| currenttime         |
+---------------------+
| 2019-04-15 09:06:22 |
+---------------------+
1 row in set (0.00 sec)

mysql> 
mysql> mysql \. C:\workspace\cloud\code\sql\_DailyScript\telemetry_radio_ranking2019.sql
Query OK, 0 rows affected (0.00 sec)

Query OK, 6 rows affected (0.02 sec)
Records: 6  Duplicates: 0  Warnings: 0

mysql> mysql \. C:\workspace\cloud\code\sql\_DailyScript\currenttime.sql
+---------------------+
| currenttime         |
+---------------------+
| 2019-04-15 09:06:22 |
+---------------------+
1 row in set (0.00 sec)

mysql> 
mysql> mysql \. C:\workspace\cloud\code\sql\_DailyScript\telemetry_ts_ranking2019.sql
Query OK, 0 rows affected (0.00 sec)

Query OK, 54 rows affected (0.02 sec)
Records: 54  Duplicates: 0  Warnings: 0

mysql> mysql \. C:\workspace\cloud\code\sql\_DailyScript\currenttime.sql
+---------------------+
| currenttime         |
+---------------------+
| 2019-04-15 09:06:22 |
+---------------------+
1 row in set (0.00 sec)

mysql> 
mysql> mysql \. C:\workspace\cloud\code\sql\_DailyScript\telemetry_vod_ranking2019.sql
Query OK, 0 rows affected (0.02 sec)

Query OK, 3372 rows affected (0.16 sec)
Records: 3372  Duplicates: 0  Warnings: 0

mysql> mysql \. C:\workspace\cloud\code\sql\_DailyScript\currenttime.sql
+---------------------+
| currenttime         |
+---------------------+
| 2019-04-15 09:06:23 |
+---------------------+
1 row in set (0.00 sec)

mysql> 
mysql> mysql \. C:\workspace\cloud\code\sql\_DailyScript\telemetry_vod_ranking2019_1.sql
Query OK, 0 rows affected (0.00 sec)

Query OK, 3372 rows affected (0.08 sec)
Records: 3372  Duplicates: 0  Warnings: 0

mysql> mysql \. C:\workspace\cloud\code\sql\_DailyScript\currenttime.sql
+---------------------+
| currenttime         |
+---------------------+
| 2019-04-15 09:06:23 |
+---------------------+
1 row in set (0.00 sec)

mysql> 
mysql> mysql \. C:\workspace\cloud\code\sql\_DailyScript\telemetry_vod_ranking2019_2.sql
Query OK, 0 rows affected (0.00 sec)

Query OK, 3372 rows affected (0.09 sec)
Records: 3372  Duplicates: 0  Warnings: 0

mysql> mysql \. C:\workspace\cloud\code\sql\_DailyScript\currenttime.sql
+---------------------+
| currenttime         |
+---------------------+
| 2019-04-15 09:06:23 |
+---------------------+
1 row in set (0.00 sec)

mysql> 
mysql> mysql \. C:\workspace\cloud\code\sql\_DailyScript\DAILY-SCRIPT-CREATE-LOAD.sql
Database changed
Database changed
Query OK, 0 rows affected (0.06 sec)

Query OK, 0 rows affected (0.01 sec)

Database changed
Query OK, 65137 rows affected (3.23 sec)
Records: 65137  Deleted: 0  Skipped: 0  Warnings: 0

Query OK, 0 rows affected (0.28 sec)
Records: 0  Duplicates: 0  Warnings: 0

Query OK, 0 rows affected (0.28 sec)
Records: 0  Duplicates: 0  Warnings: 0

Query OK, 0 rows affected (0.33 sec)
Records: 0  Duplicates: 0  Warnings: 0

Query OK, 0 rows affected (0.27 sec)
Records: 0  Duplicates: 0  Warnings: 0

+---------+
| clients |
+---------+
|   65137 |
+---------+
1 row in set (0.02 sec)

Query OK, 0 rows affected (0.08 sec)

Query OK, 1734 rows affected (0.38 sec)
Records: 1734  Duplicates: 0  Warnings: 0

+-------------------+
| rcb_clientparcels |
+-------------------+
|              1734 |
+-------------------+
1 row in set (0.01 sec)

Query OK, 0 rows affected (0.06 sec)

Query OK, 84398 rows affected (3.75 sec)
Records: 84398  Duplicates: 0  Warnings: 0

Query OK, 0 rows affected (0.39 sec)
Records: 0  Duplicates: 0  Warnings: 0

Query OK, 0 rows affected (0.08 sec)

Query OK, 65137 rows affected (3.13 sec)
Records: 65137  Duplicates: 0  Warnings: 0

Query OK, 0 rows affected (0.30 sec)
Records: 0  Duplicates: 0  Warnings: 0

Query OK, 0 rows affected (0.36 sec)
Records: 0  Duplicates: 0  Warnings: 0

Query OK, 0 rows affected (0.33 sec)
Records: 0  Duplicates: 0  Warnings: 0

+---------------+
| clientaddress |
+---------------+
|         65137 |
+---------------+
1 row in set (0.03 sec)

Database changed
Query OK, 0 rows affected (0.08 sec)

Query OK, 0 rows affected (0.00 sec)

Database changed
Query OK, 471846 rows affected, 65535 warnings (18.11 sec)
Records: 471846  Deleted: 0  Skipped: 0  Warnings: 182414

Query OK, 0 rows affected (4.59 sec)
Records: 0  Duplicates: 0  Warnings: 0

Query OK, 0 rows affected (3.92 sec)
Records: 0  Duplicates: 0  Warnings: 0

Query OK, 0 rows affected (1.95 sec)
Records: 0  Duplicates: 0  Warnings: 0

Query OK, 0 rows affected (0.06 sec)

Query OK, 471846 rows affected (51.27 sec)
Records: 471846  Duplicates: 0  Warnings: 0

Query OK, 0 rows affected (1.98 sec)
Records: 0  Duplicates: 0  Warnings: 0

Query OK, 0 rows affected (1.62 sec)
Records: 0  Duplicates: 0  Warnings: 0

+-----------+
| contracts |
+-----------+
|    471846 |
+-----------+
1 row in set (0.17 sec)

+-----------------+
| contractaddress |
+-----------------+
|          471846 |
+-----------------+
1 row in set (0.17 sec)

Database changed
Query OK, 0 rows affected (0.05 sec)

Query OK, 0 rows affected (0.00 sec)

Query OK, 6545 rows affected (0.16 sec)
Records: 6545  Deleted: 0  Skipped: 0  Warnings: 0

Query OK, 0 rows affected (0.03 sec)

Query OK, 6514 rows affected (1.36 sec)
Records: 6514  Duplicates: 0  Warnings: 0

Query OK, 0 rows affected (0.03 sec)
Records: 0  Duplicates: 0  Warnings: 0

Query OK, 0 rows affected (0.00 sec)

Query OK, 5367 rows affected (0.06 sec)
Records: 5367  Duplicates: 0  Warnings: 0

Query OK, 0 rows affected (0.08 sec)
Records: 0  Duplicates: 0  Warnings: 0

+-------------------+
| contractdiscounts |
+-------------------+
|              6545 |
+-------------------+
1 row in set (0.00 sec)

+-------------------------+
| clientcontractdiscounts |
+-------------------------+
|                    6514 |
+-------------------------+
1 row in set (0.00 sec)

+----------------------------+
| clientcontractlastdiscount |
+----------------------------+
|                       5367 |
+----------------------------+
1 row in set (0.00 sec)

Database changed
Query OK, 0 rows affected (0.06 sec)

Query OK, 0 rows affected (0.02 sec)

Database changed
Query OK, 127994 rows affected (3.72 sec)
Records: 127994  Deleted: 0  Skipped: 0  Warnings: 0

Query OK, 0 rows affected (0.39 sec)
Records: 0  Duplicates: 0  Warnings: 0

Query OK, 0 rows affected (0.39 sec)
Records: 0  Duplicates: 0  Warnings: 0

Query OK, 0 rows affected (0.42 sec)
Records: 0  Duplicates: 0  Warnings: 0

Query OK, 0 rows affected (0.67 sec)
Records: 0  Duplicates: 0  Warnings: 0

Query OK, 0 rows affected (0.56 sec)
Records: 0  Duplicates: 0  Warnings: 0

Query OK, 0 rows affected (0.64 sec)
Records: 0  Duplicates: 0  Warnings: 0

Query OK, 0 rows affected (0.08 sec)

Query OK, 1609638 rows affected (3 min 11.03 sec)
Records: 1609638  Duplicates: 0  Warnings: 0

+---------+
| devices |
+---------+
|  127994 |
+---------+
1 row in set (0.06 sec)

+-----------------------+
| clientcontractdevices |
+-----------------------+
|               1609638 |
+-----------------------+
1 row in set (0.95 sec)

Query OK, 0 rows affected (0.05 sec)

Query OK, 127958 rows affected (6.87 sec)
Records: 127958  Duplicates: 0  Warnings: 0

+---------------------------+
| rep_clientcontractdevices |
+---------------------------+
|                    127958 |
+---------------------------+
1 row in set (0.05 sec)

Database changed
Query OK, 0 rows affected (0.03 sec)

Query OK, 0 rows affected (0.00 sec)

Query OK, 240782 rows affected (7.50 sec)
Records: 240782  Deleted: 0  Skipped: 0  Warnings: 0

Query OK, 0 rows affected (0.91 sec)
Records: 0  Duplicates: 0  Warnings: 0

Query OK, 0 rows affected (0.73 sec)
Records: 0  Duplicates: 0  Warnings: 0

Query OK, 0 rows affected (0.67 sec)
Records: 0  Duplicates: 0  Warnings: 0

Query OK, 0 rows affected (0.78 sec)
Records: 0  Duplicates: 0  Warnings: 0

+---------+
| tickets |
+---------+
|  240782 |
+---------+
1 row in set (0.09 sec)

Database changed
Query OK, 0 rows affected (0.00 sec)

Query OK, 0 rows affected (0.01 sec)

Empty set (0.00 sec)

Query OK, 0 rows affected (0.02 sec)
Records: 0  Duplicates: 0  Warnings: 0

Query OK, 313 rows affected, 2 warnings (0.03 sec)
Records: 313  Deleted: 0  Skipped: 0  Warnings: 2

+-----------------+
| tickettechusers |
+-----------------+
|             313 |
+-----------------+
1 row in set (0.00 sec)

Database changed
Query OK, 0 rows affected (0.02 sec)

Query OK, 0 rows affected (0.01 sec)

Query OK, 0 rows affected (0.00 sec)
Records: 0  Duplicates: 0  Warnings: 0

Query OK, 496439 rows affected, 41529 warnings (9.34 sec)
Records: 496439  Deleted: 0  Skipped: 0  Warnings: 41529

+-------------------+
| ticketassignments |
+-------------------+
|            496439 |
+-------------------+
1 row in set (0.17 sec)

Database changed
Query OK, 0 rows affected (0.14 sec)

Query OK, 0 rows affected (0.00 sec)

Query OK, 1041813 rows affected (16.03 sec)
Records: 1041813  Deleted: 0  Skipped: 0  Warnings: 0

Query OK, 0 rows affected (6.11 sec)
Records: 0  Duplicates: 0  Warnings: 0

Query OK, 0 rows affected (3.08 sec)
Records: 0  Duplicates: 0  Warnings: 0

Query OK, 0 rows affected (2.66 sec)
Records: 0  Duplicates: 0  Warnings: 0

Query OK, 0 rows affected (3.17 sec)
Records: 0  Duplicates: 0  Warnings: 0

+----------------+
| ticketcomments |
+----------------+
|        1041813 |
+----------------+
1 row in set (0.41 sec)

Database changed
Query OK, 0 rows affected (0.03 sec)

Query OK, 0 rows affected (0.00 sec)

Query OK, 399100 rows affected (43.60 sec)
Records: 399100  Deleted: 0  Skipped: 0  Warnings: 0

Query OK, 0 rows affected (2.72 sec)
Records: 0  Duplicates: 0  Warnings: 0

+----------+
| comments |
+----------+
|   399100 |
+----------+
1 row in set (0.14 sec)

Database changed
Query OK, 0 rows affected (0.31 sec)

Query OK, 0 rows affected (0.03 sec)

Query OK, 719176 rows affected, 65535 warnings (1 min 0.39 sec)
Records: 719176  Deleted: 0  Skipped: 0  Warnings: 719177

Query OK, 0 rows affected (1.73 sec)
Records: 0  Duplicates: 0  Warnings: 0

Query OK, 0 rows affected (2.02 sec)
Records: 0  Duplicates: 0  Warnings: 0

Query OK, 0 rows affected (3.58 sec)
Records: 0  Duplicates: 0  Warnings: 0

Query OK, 0 rows affected (2.13 sec)
Records: 0  Duplicates: 0  Warnings: 0

Query OK, 0 rows affected (2.90 sec)
Records: 0  Duplicates: 0  Warnings: 0

+------------+
| devicesold |
+------------+
|     719176 |
+------------+
1 row in set (0.23 sec)

Database changed
Query OK, 0 rows affected (0.05 sec)

Query OK, 0 rows affected (0.00 sec)

Query OK, 1602977 rows affected (23.08 sec)
Records: 1602977  Deleted: 0  Skipped: 0  Warnings: 0

Query OK, 0 rows affected (7.11 sec)
Records: 0  Duplicates: 0  Warnings: 0

Query OK, 0 rows affected (4.33 sec)
Records: 0  Duplicates: 0  Warnings: 0

Query OK, 0 rows affected (4.89 sec)
Records: 0  Duplicates: 0  Warnings: 0

+------------------+
| contractservices |
+------------------+
|          1602977 |
+------------------+
1 row in set (0.53 sec)

Database changed
Query OK, 0 rows affected (0.25 sec)

Query OK, 0 rows affected (0.01 sec)

Query OK, 3558967 rows affected (1 min 50.60 sec)
Records: 3558967  Deleted: 0  Skipped: 0  Warnings: 0

Query OK, 0 rows affected (13.98 sec)
Records: 0  Duplicates: 0  Warnings: 0

Query OK, 0 rows affected (14.11 sec)
Records: 0  Duplicates: 0  Warnings: 0

Query OK, 0 rows affected (11.45 sec)
Records: 0  Duplicates: 0  Warnings: 0

Query OK, 0 rows affected (12.70 sec)
Records: 0  Duplicates: 0  Warnings: 0

+------------------+
| invoicescontents |
+------------------+
|          3558967 |
+------------------+
1 row in set (1.23 sec)

Database changed
Query OK, 0 rows affected (0.17 sec)

Query OK, 0 rows affected (0.00 sec)

Query OK, 2446817 rows affected (2 min 49.14 sec)
Records: 2446817  Deleted: 0  Skipped: 0  Warnings: 0

Query OK, 0 rows affected (15.54 sec)
Records: 0  Duplicates: 0  Warnings: 0

Query OK, 0 rows affected (12.84 sec)
Records: 0  Duplicates: 0  Warnings: 0

Query OK, 0 rows affected (10.04 sec)
Records: 0  Duplicates: 0  Warnings: 0

Query OK, 0 rows affected (11.12 sec)
Records: 0  Duplicates: 0  Warnings: 0

Query OK, 0 rows affected (10.55 sec)
Records: 0  Duplicates: 0  Warnings: 0

+----------------+
| invoicesheader |
+----------------+
|        2446817 |
+----------------+
1 row in set (0.81 sec)

Database changed
Query OK, 0 rows affected (0.06 sec)

Query OK, 0 rows affected (0.03 sec)

Query OK, 2585196 rows affected (1 min 11.91 sec)
Records: 2585196  Deleted: 0  Skipped: 0  Warnings: 0

Query OK, 0 rows affected (11.29 sec)
Records: 0  Duplicates: 0  Warnings: 0

Query OK, 0 rows affected (7.66 sec)
Records: 0  Duplicates: 0  Warnings: 0

Query OK, 0 rows affected (8.53 sec)
Records: 0  Duplicates: 0  Warnings: 0

Query OK, 0 rows affected (8.37 sec)
Records: 0  Duplicates: 0  Warnings: 0

+---------+
| casa    |
+---------+
| 2585196 |
+---------+
1 row in set (0.92 sec)

Query OK, 0 rows affected (0.02 sec)

Query OK, 12085 rows affected (1 min 16.17 sec)
Records: 12085  Duplicates: 0  Warnings: 0

+--------------------+
| rep_paycol_channel |
+--------------------+
|              12085 |
+--------------------+
1 row in set (0.02 sec)

Query OK, 0 rows affected (0.03 sec)

Query OK, 8247 rows affected (1 min 27.03 sec)
Records: 8247  Duplicates: 0  Warnings: 0

+----------------+
| rep_paycol_pos |
+----------------+
|           8247 |
+----------------+
1 row in set (0.00 sec)

Database changed
Query OK, 0 rows affected (0.03 sec)

Query OK, 0 rows affected (0.00 sec)

Database changed
Query OK, 37878 rows affected (0.89 sec)
Records: 37878  Deleted: 0  Skipped: 0  Warnings: 0

+-------+
| users |
+-------+
| 37878 |
+-------+
1 row in set (0.02 sec)

Database changed
Query OK, 0 rows affected (0.20 sec)

Query OK, 0 rows affected (0.01 sec)

Database changed
Query OK, 8799317 rows affected (1 min 49.54 sec)
Records: 8799317  Deleted: 0  Skipped: 0  Warnings: 0

Query OK, 0 rows affected (31.20 sec)
Records: 0  Duplicates: 0  Warnings: 0

Query OK, 0 rows affected (32.06 sec)
Records: 0  Duplicates: 0  Warnings: 0

Query OK, 0 rows affected (31.60 sec)
Records: 0  Duplicates: 0  Warnings: 0

Query OK, 0 rows affected (28.48 sec)
Records: 0  Duplicates: 0  Warnings: 0

+----------+
| ipusage1 |
+----------+
|  8799317 |
+----------+
1 row in set (7.86 sec)

Query OK, 0 rows affected (0.09 sec)

Query OK, 8866019 rows affected, 65535 warnings (11 min 44.34 sec)
Records: 8866019  Duplicates: 0  Warnings: 8856198

Query OK, 0 rows affected (1 min 10.53 sec)
Records: 0  Duplicates: 0  Warnings: 0

Query OK, 0 rows affected (36.35 sec)
Records: 0  Duplicates: 0  Warnings: 0

Query OK, 0 rows affected (29.45 sec)
Records: 0  Duplicates: 0  Warnings: 0

Query OK, 0 rows affected (30.13 sec)
Records: 0  Duplicates: 0  Warnings: 0

Query OK, 0 rows affected (42.86 sec)
Records: 0  Duplicates: 0  Warnings: 0

Query OK, 0 rows affected (49.20 sec)
Records: 0  Duplicates: 0  Warnings: 0

Query OK, 0 rows affected (41.21 sec)
Records: 0  Duplicates: 0  Warnings: 0

+---------+
| ipusage |
+---------+
| 8866019 |
+---------+
1 row in set (7.33 sec)

Query OK, 0 rows affected (0.22 sec)

Query OK, 3197180 rows affected (2 min 21.89 sec)
Records: 3197180  Duplicates: 0  Warnings: 0

Query OK, 0 rows affected (15.97 sec)
Records: 0  Duplicates: 0  Warnings: 0

Query OK, 0 rows affected (8.03 sec)
Records: 0  Duplicates: 0  Warnings: 0

Query OK, 0 rows affected (14.48 sec)
Records: 0  Duplicates: 0  Warnings: 0

Query OK, 0 rows affected (14.07 sec)
Records: 0  Duplicates: 0  Warnings: 0

Query OK, 0 rows affected (0.33 sec)

Query OK, 283947 rows affected (26.59 sec)
Records: 283947  Duplicates: 0  Warnings: 0

Query OK, 0 rows affected (1.09 sec)
Records: 0  Duplicates: 0  Warnings: 0

Query OK, 0 rows affected (1.00 sec)
Records: 0  Duplicates: 0  Warnings: 0

Query OK, 0 rows affected (1.19 sec)
Records: 0  Duplicates: 0  Warnings: 0

Query OK, 0 rows affected (0.66 sec)
Records: 0  Duplicates: 0  Warnings: 0

Query OK, 0 rows affected (0.64 sec)
Records: 0  Duplicates: 0  Warnings: 0

Query OK, 0 rows affected (0.05 sec)

Query OK, 1602934 rows affected (1 min 13.89 sec)
Records: 1602934  Duplicates: 0  Warnings: 0

Query OK, 0 rows affected (8.65 sec)
Records: 0  Duplicates: 0  Warnings: 0

Query OK, 0 rows affected (5.34 sec)
Records: 0  Duplicates: 0  Warnings: 0

Query OK, 0 rows affected (6.54 sec)
Records: 0  Duplicates: 0  Warnings: 0

mysql> mysql \. C:\workspace\cloud\code\sql\_DailyScript\currenttime.sql
+---------------------+
| currenttime         |
+---------------------+
| 2019-04-15 09:52:20 |
+---------------------+
1 row in set (0.00 sec)

mysql> 
mysql> mysql \. C:\workspace\cloud\code\sql\_DailyScript\ticket_analysis.sql
Database changed
Query OK, 0 rows affected (0.23 sec)

Query OK, 402796 rows affected (26.98 sec)
Records: 402796  Duplicates: 0  Warnings: 0

Query OK, 0 rows affected (4.89 sec)
Records: 0  Duplicates: 0  Warnings: 0

Query OK, 0 rows affected (1.41 sec)
Records: 0  Duplicates: 0  Warnings: 0

Query OK, 0 rows affected (1.16 sec)
Records: 0  Duplicates: 0  Warnings: 0

Query OK, 0 rows affected (0.06 sec)

Query OK, 14845 rows affected (8.65 sec)
Records: 14845  Duplicates: 0  Warnings: 0

Query OK, 0 rows affected, 1 warning (0.00 sec)

Query OK, 55214 rows affected (4.75 sec)
Records: 55214  Duplicates: 0  Warnings: 0

Query OK, 0 rows affected, 1 warning (0.00 sec)

Query OK, 286974 rows affected (8.44 sec)
Records: 286974  Duplicates: 0  Warnings: 0

Query OK, 0 rows affected, 1 warning (0.00 sec)

Query OK, 286974 rows affected (9.72 sec)
Records: 286974  Duplicates: 0  Warnings: 0

Query OK, 0 rows affected (0.03 sec)

Query OK, 55255 rows affected (3.52 sec)
Records: 55255  Duplicates: 0  Warnings: 0

Database changed
Query OK, 0 rows affected (0.00 sec)

Query OK, 0 rows affected (0.02 sec)

Query OK, 402796 rows affected (21.28 sec)
Records: 402796  Duplicates: 0  Warnings: 0

Query OK, 0 rows affected (0.03 sec)

Query OK, 188992 rows affected (13.12 sec)
Records: 188992  Duplicates: 0  Warnings: 0

+--------------------------+
| clientticket_cmmtjourney |
+--------------------------+
|                   402796 |
+--------------------------+
1 row in set (2.48 sec)

+---------------------------+
| clientticket_assgnjourney |
+---------------------------+
|                    188992 |
+---------------------------+
1 row in set (0.28 sec)

Query OK, 0 rows affected (0.02 sec)

Query OK, 67 rows affected (0.53 sec)
Records: 67  Duplicates: 0  Warnings: 0

mysql> mysql \. C:\workspace\cloud\code\sql\_DailyScript\currenttime.sql
+---------------------+
| currenttime         |
+---------------------+
| 2019-04-15 09:54:08 |
+---------------------+
1 row in set (0.00 sec)

mysql> 
mysql> mysql \. C:\workspace\cloud\code\sql\_DailyScript\load_DailyCalls.sql
Database changed
Query OK, 327 rows affected (0.22 sec)
Records: 327  Deleted: 0  Skipped: 0  Warnings: 0

Query OK, 0 rows affected, 1 warning (0.00 sec)

Query OK, 314 rows affected (0.08 sec)
Records: 314  Duplicates: 0  Warnings: 0

Query OK, 0 rows affected, 1 warning (0.00 sec)

Query OK, 66619 rows affected (0.52 sec)
Records: 66619  Duplicates: 0  Warnings: 0

+----------------------+
| callingclientsbefore |
+----------------------+
|               653782 |
+----------------------+
1 row in set (7.01 sec)

Query OK, 392 rows affected (7.73 sec)
Records: 392  Duplicates: 0  Warnings: 0

+---------------------+
| callingclientsafter |
+---------------------+
|              654174 |
+---------------------+
1 row in set (0.27 sec)

Query OK, 0 rows affected (0.02 sec)

Query OK, 208 rows affected (12.93 sec)
Records: 208  Duplicates: 0  Warnings: 0

Query OK, 0 rows affected (0.00 sec)

Query OK, 13543 rows affected (2.22 sec)
Records: 13543  Duplicates: 0  Warnings: 0

+-----------+
| callstats |
+-----------+
|     13543 |
+-----------+
1 row in set (0.00 sec)

mysql> mysql \. C:\workspace\cloud\code\sql\_DailyScript\currenttime.sql
+---------------------+
| currenttime         |
+---------------------+
| 2019-04-15 09:54:39 |
+---------------------+
1 row in set (0.00 sec)

mysql> 
mysql> mysql \. C:\workspace\cloud\code\sql\_DailyScript\DAILY-SCRIPT-USAGE.sql
Database changed
Query OK, 0 rows affected (0.00 sec)

Query OK, 6125 rows affected, 17722 warnings (3.92 sec)
Records: 6125  Deleted: 0  Skipped: 0  Warnings: 17722

Query OK, 0 rows affected (0.01 sec)

Query OK, 10610 rows affected, 30662 warnings (3.69 sec)
Records: 10610  Deleted: 0  Skipped: 0  Warnings: 30662

Query OK, 0 rows affected (0.00 sec)

Query OK, 39 rows affected, 135 warnings (0.02 sec)
Records: 39  Deleted: 0  Skipped: 0  Warnings: 135

Query OK, 0 rows affected (0.00 sec)

Query OK, 175 rows affected, 616 warnings (0.05 sec)
Records: 175  Deleted: 0  Skipped: 0  Warnings: 616

+------------+
| dailyusage |
+------------+
|    5235287 |
+------------+
1 row in set (16.98 sec)

+------------+------------+------------+---------+
| datestart  | dateend    | insertedon | records |
+------------+------------+------------+---------+
| 2019-04-14 | 2019-04-14 | 2019-04-15 |   16949 |
| 2019-04-13 | 2019-04-13 | 2019-04-14 |   17375 |
| 2019-04-12 | 2019-04-12 | 2019-04-13 |   17486 |
| 2019-04-11 | 2019-04-11 | 2019-04-12 |   17446 |
| 2019-04-10 | 2019-04-10 | 2019-04-11 |   17293 |
+------------+------------+------------+---------+
5 rows in set (2 min 32.95 sec)

mysql> mysql \. C:\workspace\cloud\code\sql\_DailyScript\currenttime.sql
+---------------------+
| currenttime         |
+---------------------+
| 2019-04-15 09:57:37 |
+---------------------+
1 row in set (0.00 sec)

mysql> 
mysql> mysql \. C:\workspace\cloud\code\sql\_DailyScript\DAILY-SCRIPT-SALES-TELEMETRY.sql
Database changed
Query OK, 32 rows affected, 2 warnings (0.11 sec)
Records: 32  Deleted: 0  Skipped: 0  Warnings: 2

+------------+
| dailysales |
+------------+
|     149037 |
+------------+
1 row in set (1.22 sec)

Query OK, 0 rows affected (0.09 sec)

Query OK, 149037 rows affected (16.54 sec)
Records: 149037  Duplicates: 0  Warnings: 0

+--------+
| sales  |
+--------+
| 149037 |
+--------+
1 row in set (0.08 sec)

Query OK, 0 rows affected (0.03 sec)

Query OK, 2368 rows affected (0.30 sec)
Records: 2368  Duplicates: 0  Warnings: 0

+----------------+
| rep_dailysales |
+----------------+
|           2368 |
+----------------+
1 row in set (0.00 sec)

Query OK, 0 rows affected (0.02 sec)

Query OK, 2368 rows affected (0.45 sec)
Records: 2368  Duplicates: 0  Warnings: 0

+-------------------+
| rep_dailysalesreg |
+-------------------+
|              2368 |
+-------------------+
1 row in set (0.02 sec)

Query OK, 0 rows affected (0.02 sec)

Query OK, 2367 rows affected (0.58 sec)
Records: 2367  Duplicates: 0  Warnings: 0

+-----------+
| saleslist |
+-----------+
|      2367 |
+-----------+
1 row in set (0.00 sec)

Database changed
ERROR 2 (HY000): File 'C:\ProgramData\MySQL\MySQL Server 5.7\Uploads\_csv\PrepaidCardSales-14042019-P1.csv' not found (Errcode: 2 - No such file or directory)
+------------------+
| dailysinglesales |
+------------------+
|             5640 |
+------------------+
1 row in set (0.11 sec)

Database changed
Query OK, 10 rows affected (0.04 sec)
Records: 10  Deleted: 0  Skipped: 0  Warnings: 0

+-----------------+
| dailyaddonsales |
+-----------------+
|           15376 |
+-----------------+
1 row in set (0.05 sec)

Query OK, 81 rows affected (0.07 sec)
Records: 81  Deleted: 0  Skipped: 0  Warnings: 0

+----------------+
| onlinepayments |
+----------------+
|          49320 |
+----------------+
1 row in set (0.07 sec)

+-------------+----------------+---------------------+
| paymentdate | onlinepayments | onlinepaymentamount |
+-------------+----------------+---------------------+
| 2019-04-14  |             81 |         46879.25000 |
| 2019-04-13  |             66 |         44108.54000 |
| 2019-04-12  |             71 |         48859.18000 |
| 2019-04-11  |             61 |         37418.76000 |
| 2019-04-10  |             70 |         45837.45000 |
+-------------+----------------+---------------------+
5 rows in set (2.63 sec)

+-------------+--------------+----------------+---------------------+
| paymentyear | paymentmonth | onlinepayments | onlinepaymentamount |
+-------------+--------------+----------------+---------------------+
|        2019 |            4 |           1258 |        838449.05000 |
|        2019 |            3 |           2821 |       1851177.84000 |
|        2019 |            2 |           2441 |       1600446.38000 |
|        2019 |            1 |           2609 |       1678277.98000 |
|        2019 |         NULL |           9129 |       5968351.25000 |
+-------------+--------------+----------------+---------------------+
5 rows in set (0.06 sec)

mysql> mysql \. C:\workspace\cloud\code\sql\_DailyScript\currenttime.sql
+---------------------+
| currenttime         |
+---------------------+
| 2019-04-15 09:57:59 |
+---------------------+
1 row in set (0.00 sec)

mysql> 
mysql> mysql \. C:\workspace\cloud\code\sql\_DailyScript\DAILY-SCRIPT-ACTIVENUMBERS.sql
Database changed
Query OK, 1334 rows affected (0.82 sec)
Records: 1334  Deleted: 0  Skipped: 0  Warnings: 0

+------------+----------+
| period     | count(1) |
+------------+----------+
| 2019-04-14 |     1334 |
| 2019-04-13 |     1334 |
| 2019-04-12 |     1333 |
| 2019-04-11 |     1333 |
| 2019-04-10 |     1334 |
| 2019-04-09 |     1336 |
+------------+----------+
6 rows in set (0.01 sec)

Query OK, 0 rows affected (0.03 sec)

Query OK, 87 rows affected (1.76 sec)
Records: 87  Duplicates: 0  Warnings: 0

+-------------+
| packagelist |
+-------------+
|          87 |
+-------------+
1 row in set (0.00 sec)

Database changed
Query OK, 0 rows affected (0.00 sec)

Query OK, 0 rows affected (0.00 sec)

Query OK, 0 rows affected (0.00 sec)

Query OK, 0 rows affected (0.00 sec)

Query OK, 26996 rows affected, 204 warnings (52.04 sec)
Records: 26996  Deleted: 0  Skipped: 0  Warnings: 204

+------------+----------+
| period     | count(1) |
+------------+----------+
| 2019-04-14 |    26996 |
| 2019-04-13 |    27173 |
| 2019-04-12 |    27223 |
| 2019-04-11 |    27171 |
| 2019-04-10 |    27247 |
+------------+----------+
5 rows in set (0.21 sec)

Query OK, 0 rows affected (0.10 sec)

Query OK, 26359 rows affected (2 min 27.28 sec)
Records: 26359  Duplicates: 0  Warnings: 0

Query OK, 0 rows affected (0.23 sec)
Records: 0  Duplicates: 0  Warnings: 0

Query OK, 0 rows affected (0.15 sec)
Records: 0  Duplicates: 0  Warnings: 0

Query OK, 0 rows affected (0.15 sec)
Records: 0  Duplicates: 0  Warnings: 0

Query OK, 0 rows affected (0.09 sec)
Records: 0  Duplicates: 0  Warnings: 0

Query OK, 0 rows affected (0.07 sec)
Records: 0  Duplicates: 0  Warnings: 0

Query OK, 0 rows affected (0.08 sec)
Records: 0  Duplicates: 0  Warnings: 0

+-------------+
| countbefore |
+-------------+
|    25272926 |
+-------------+
1 row in set (1 min 2.60 sec)

Query OK, 26359 rows affected (20.90 sec)
Records: 26359  Duplicates: 0  Warnings: 0

+------------+
| countafter |
+------------+
|   25299285 |
+------------+
1 row in set (20.75 sec)

+------------+--------------------------+
| period     | customercontractactivity |
+------------+--------------------------+
| 2019-04-14 |                    26359 |
| 2019-04-13 |                    26534 |
| 2019-04-12 |                    26585 |
| 2019-04-11 |                    26534 |
| 2019-04-10 |                    26610 |
+------------+--------------------------+
5 rows in set (0.07 sec)

Query OK, 0 rows affected (0.03 sec)

Query OK, 209575 rows affected (10 min 27.07 sec)
Records: 209575  Duplicates: 0  Warnings: 0

Query OK, 0 rows affected (0.96 sec)
Records: 0  Duplicates: 0  Warnings: 0

Query OK, 0 rows affected (1.00 sec)
Records: 0  Duplicates: 0  Warnings: 0

Query OK, 0 rows affected (0.96 sec)
Records: 0  Duplicates: 0  Warnings: 0

Query OK, 0 rows affected (0.05 sec)

Query OK, 243 rows affected (0.75 sec)
Records: 243  Duplicates: 0  Warnings: 0

Query OK, 0 rows affected (0.02 sec)

Query OK, 2376 rows affected (0.65 sec)
Records: 2376  Duplicates: 0  Warnings: 0

Query OK, 0 rows affected (0.03 sec)

Query OK, 26350 rows affected (0.65 sec)
Records: 26350  Duplicates: 0  Warnings: 0

Query OK, 0 rows affected (0.00 sec)

Query OK, 17000 rows affected (0.40 sec)
Records: 17000  Duplicates: 0  Warnings: 0

Query OK, 0 rows affected (0.02 sec)

Query OK, 17000 rows affected (0.15 sec)
Records: 17000  Duplicates: 0  Warnings: 0

Query OK, 0 rows affected (0.37 sec)

Query OK, 17000 rows affected (1.62 sec)
Records: 17000  Duplicates: 0  Warnings: 0

Query OK, 0 rows affected (0.07 sec)

Query OK, 17000 rows affected (50.01 sec)
Records: 17000  Duplicates: 0  Warnings: 0

+-------------+
| clientstats |
+-------------+
|       17000 |
+-------------+
1 row in set (0.00 sec)

Query OK, 0 rows affected (0.46 sec)

Query OK, 13 rows affected, 1 warning (0.12 sec)
Records: 13  Duplicates: 0  Warnings: 1

+-----------------------+-------------+-------------+----------------+-----------------+
| services              | activecount | allaccounts | uniqueaccounts | uniquecontracts |
+-----------------------+-------------+-------------+----------------+-----------------+
| All                   |         125 |          27 |             27 |              86 |
| Internet & Voice      |         419 |         192 |            192 |             375 |
| Internet Only         |        4176 |        4039 |           4034 |            4111 |
| OTT Only              |           1 |           1 |              1 |               1 |
| TV & Internet         |        9093 |        3939 |           3935 |            8017 |
| TV & Internet & OTT   |        1730 |         503 |            503 |            1022 |
| TV & Internet & Voice |         538 |         149 |            149 |             461 |
| TV & OTT              |          93 |          30 |             30 |              32 |
| TV & Voice            |         113 |          48 |             48 |             100 |
| TV & Voice & OTT      |          10 |           1 |              1 |               3 |
| TV Only               |       10642 |        7878 |           7871 |            8089 |
| Voice Only            |         194 |         193 |            193 |             194 |
| GRAND TOTAL           |       27134 |       17000 |          16943 |           22491 |
+-----------------------+-------------+-------------+----------------+-----------------+
13 rows in set (0.00 sec)

+-------------+-------------+-------------+----------------+-----------------+
| network     | activecount | allaccounts | uniqueaccounts | uniquecontracts |
+-------------+-------------+-------------+----------------+-----------------+
| ADDON       |          13 |           5 |              5 |               5 |
| GPON        |        6654 |        3404 |           3404 |            5139 |
| HFC         |       20467 |       13591 |          13591 |           17347 |
| GRAND TOTAL |       27134 |       17000 |          16943 |           22491 |
+-------------+-------------+-------------+----------------+-----------------+
4 rows in set, 1 warning (0.13 sec)

+-------------+-----------------------+-------------+-------------+----------------+-----------------+
| network     | services              | activecount | allaccounts | uniqueaccounts | uniquecontracts |
+-------------+-----------------------+-------------+-------------+----------------+-----------------+
| ADDON       | OTT Only              |           1 |           1 |              1 |               1 |
| ADDON       | TV & OTT              |           9 |           2 |              2 |               2 |
| ADDON       | TV Only               |           3 |           2 |              2 |               2 |
| ADDON       | Services Total        |          13 |           5 |              5 |               5 |
| GPON        | All                   |          35 |           7 |              7 |              24 |
| GPON        | Internet & Voice      |          55 |          22 |             22 |              45 |
| GPON        | Internet Only         |         895 |         815 |            815 |             833 |
| GPON        | TV & Internet         |        3020 |        1245 |           1245 |            2561 |
| GPON        | TV & Internet & OTT   |         777 |         218 |            218 |             448 |
| GPON        | TV & Internet & Voice |         120 |          31 |             31 |              94 |
| GPON        | TV & OTT              |          62 |          20 |             20 |              22 |
| GPON        | TV & Voice            |          49 |          19 |             19 |              42 |
| GPON        | TV Only               |        1632 |        1018 |           1018 |            1061 |
| GPON        | Voice Only            |           9 |           9 |              9 |               9 |
| GPON        | Services Total        |        6654 |        3404 |           3404 |            5139 |
| HFC         | All                   |          90 |          20 |             20 |              62 |
| HFC         | Internet & Voice      |         364 |         170 |            170 |             330 |
| HFC         | Internet Only         |        3281 |        3224 |           3224 |            3278 |
| HFC         | TV & Internet         |        6073 |        2694 |           2694 |            5456 |
| HFC         | TV & Internet & OTT   |         953 |         285 |            285 |             574 |
| HFC         | TV & Internet & Voice |         418 |         118 |            118 |             367 |
| HFC         | TV & OTT              |          22 |           8 |              8 |               8 |
| HFC         | TV & Voice            |          64 |          29 |             29 |              58 |
| HFC         | TV & Voice & OTT      |          10 |           1 |              1 |               3 |
| HFC         | TV Only               |        9007 |        6858 |           6858 |            7026 |
| HFC         | Voice Only            |         185 |         184 |            184 |             185 |
| HFC         | Services Total        |       20467 |       13591 |          13591 |           17347 |
| GRAND TOTAL | Services Total        |       27134 |       17000 |          16943 |           22491 |
+-------------+-----------------------+-------------+-------------+----------------+-----------------+
28 rows in set, 2 warnings (0.14 sec)

Query OK, 0 rows affected (0.05 sec)

Query OK, 44 rows affected, 3 warnings (0.20 sec)
Records: 44  Duplicates: 0  Warnings: 3

+-------------+---------------+-----------------------+-------------+-------------+----------------+-----------------+
| region      | network       | services              | activecount | allaccounts | uniqueaccounts | uniquecontracts |
+-------------+---------------+-----------------------+-------------+-------------+----------------+-----------------+
| Mahe        | ADDON         | OTT Only              |           1 |           1 |              1 |               1 |
| Mahe        | ADDON         | TV & OTT              |           4 |           1 |              1 |               1 |
| Mahe        | ADDON         | TV Only               |           3 |           2 |              2 |               2 |
| Mahe        | ADDON         | Services Total        |           8 |           4 |              4 |               4 |
| Mahe        | GPON          | All                   |          29 |           6 |              6 |              20 |
| Mahe        | GPON          | Internet & Voice      |          49 |          19 |             19 |              39 |
| Mahe        | GPON          | Internet Only         |         679 |         599 |            599 |             617 |
| Mahe        | GPON          | TV & Internet         |        2107 |         859 |            859 |            1763 |
| Mahe        | GPON          | TV & Internet & OTT   |         468 |         128 |            128 |             262 |
| Mahe        | GPON          | TV & Internet & Voice |          99 |          25 |             25 |              75 |
| Mahe        | GPON          | TV & OTT              |          37 |           9 |              9 |               9 |
| Mahe        | GPON          | TV & Voice            |          44 |          17 |             17 |              37 |
| Mahe        | GPON          | TV Only               |        1197 |         719 |            719 |             743 |
| Mahe        | GPON          | Voice Only            |           9 |           9 |              9 |               9 |
| Mahe        | GPON          | Services Total        |        4718 |        2390 |           2390 |            3574 |
| Mahe        | HFC           | All                   |          90 |          20 |             20 |              62 |
| Mahe        | HFC           | Internet & Voice      |         364 |         170 |            170 |             330 |
| Mahe        | HFC           | Internet Only         |        3281 |        3224 |           3224 |            3278 |
| Mahe        | HFC           | TV & Internet         |        6073 |        2694 |           2694 |            5456 |
| Mahe        | HFC           | TV & Internet & OTT   |         953 |         285 |            285 |             574 |
| Mahe        | HFC           | TV & Internet & Voice |         418 |         118 |            118 |             367 |
| Mahe        | HFC           | TV & OTT              |          22 |           8 |              8 |               8 |
| Mahe        | HFC           | TV & Voice            |          64 |          29 |             29 |              58 |
| Mahe        | HFC           | TV & Voice & OTT      |          10 |           1 |              1 |               3 |
| Mahe        | HFC           | TV Only               |        9003 |        6856 |           6856 |            7024 |
| Mahe        | HFC           | Voice Only            |         185 |         184 |            184 |             185 |
| Mahe        | HFC           | Services Total        |       20463 |       13589 |          13589 |           17345 |
| Mahe        | Network Total | Services Total        |       25189 |       15983 |          15928 |           20923 |
| Praslin     | ADDON         | TV & OTT              |           5 |           1 |              1 |               1 |
| Praslin     | ADDON         | Services Total        |           5 |           1 |              1 |               1 |
| Praslin     | GPON          | All                   |           6 |           1 |              1 |               4 |
| Praslin     | GPON          | Internet & Voice      |           6 |           3 |              3 |               6 |
| Praslin     | GPON          | Internet Only         |         216 |         216 |            216 |             216 |
| Praslin     | GPON          | TV & Internet         |         913 |         386 |            386 |             798 |
| Praslin     | GPON          | TV & Internet & OTT   |         309 |          90 |             90 |             186 |
| Praslin     | GPON          | TV & Internet & Voice |          21 |           6 |              6 |              19 |
| Praslin     | GPON          | TV & OTT              |          25 |          11 |             11 |              13 |
| Praslin     | GPON          | TV & Voice            |           5 |           2 |              2 |               5 |
| Praslin     | GPON          | TV Only               |         435 |         299 |            299 |             318 |
| Praslin     | GPON          | Services Total        |        1936 |        1014 |           1014 |            1565 |
| Praslin     | HFC           | TV Only               |           4 |           2 |              2 |               2 |
| Praslin     | HFC           | Services Total        |           4 |           2 |              2 |               2 |
| Praslin     | Network Total | Services Total        |        1945 |        1017 |           1015 |            1568 |
| GRAND TOTAL | Network Total | Services Total        |       27134 |       17000 |          16943 |           22491 |
+-------------+---------------+-----------------------+-------------+-------------+----------------+-----------------+
44 rows in set (0.00 sec)

Query OK, 0 rows affected (0.00 sec)

Query OK, 26350 rows affected (0.53 sec)
Records: 26350  Duplicates: 0  Warnings: 0

Query OK, 0 rows affected (0.00 sec)

Query OK, 1583 rows affected (9.11 sec)
Records: 1583  Duplicates: 0  Warnings: 0

+--------------------------------------+
| message                              |
+--------------------------------------+
| running rcbill_my.sp_ActiveNumber2() |
+--------------------------------------+
1 row in set (0.00 sec)

Query OK, 0 rows affected (2 min 41.97 sec)

mysql> mysql \. C:\workspace\cloud\code\sql\_DailyScript\currenttime.sql
+---------------------+
| currenttime         |
+---------------------+
| 2019-04-15 10:17:24 |
+---------------------+
1 row in set (0.00 sec)

mysql> 
mysql> mysql \. C:\workspace\cloud\code\sql\_DailyScript\GetActiveNumbers Average -Pivot.sql
Database changed
+-------------------------------------+
| @today := subdate(current_date(),1) |
+-------------------------------------+
| 2019-04-14                          |
+-------------------------------------+
1 row in set (0.00 sec)

+-------------------------------------+
| @lastdayofmonth := last_day(@today) |
+-------------------------------------+
| 2019-04-30                          |
+-------------------------------------+
1 row in set (0.00 sec)

Query OK, 0 rows affected (0.03 sec)

Query OK, 28661 rows affected, 60060 warnings (47.22 sec)
Records: 28661  Duplicates: 0  Warnings: 60060

Query OK, 0 rows affected (0.09 sec)
Records: 0  Duplicates: 0  Warnings: 0

Query OK, 0 rows affected (0.10 sec)
Records: 0  Duplicates: 0  Warnings: 0

Query OK, 0 rows affected (0.10 sec)
Records: 0  Duplicates: 0  Warnings: 0

+-----------------+
| activenumberavg |
+-----------------+
|           28661 |
+-----------------+
1 row in set (0.02 sec)

Query OK, 0 rows affected (0.01 sec)

Query OK, 1722 rows affected (0.38 sec)
Records: 1722  Duplicates: 0  Warnings: 0

+---------------------+
| rep_activenumberavg |
+---------------------+
|                1722 |
+---------------------+
1 row in set (0.01 sec)

+----------------------+
| rep_activenumberavg1 |
+----------------------+
|                  818 |
+----------------------+
1 row in set (0.01 sec)

Query OK, 0 rows affected (0.00 sec)

Query OK, 1447 rows affected (0.30 sec)
Records: 1447  Duplicates: 0  Warnings: 0

Query OK, 0 rows affected (0.02 sec)

Query OK, 7320 rows affected (0.52 sec)
Records: 7320  Duplicates: 0  Warnings: 0

Query OK, 0 rows affected (0.00 sec)

Query OK, 0 rows affected (0.01 sec)

Query OK, 0 rows affected (0.00 sec)

Query OK, 0 rows affected (0.00 sec)

Query OK, 0 rows affected (0.00 sec)
Statement prepared

Query OK, 52 rows affected (0.03 sec)
Records: 52  Duplicates: 0  Warnings: 0

Query OK, 0 rows affected (0.00 sec)

Query OK, 0 rows affected (0.02 sec)

+----------------------+
| rep_activenumberavg2 |
+----------------------+
|                 1447 |
+----------------------+
1 row in set (0.00 sec)

+------------------------+
| rep_activenumberavg_pv |
+------------------------+
|                     52 |
+------------------------+
1 row in set (0.00 sec)

Query OK, 0 rows affected (0.01 sec)

Query OK, 1447 rows affected (0.26 sec)
Records: 1447  Duplicates: 0  Warnings: 0

Query OK, 0 rows affected (0.00 sec)

Query OK, 0 rows affected (0.00 sec)

Query OK, 0 rows affected (0.02 sec)

Query OK, 0 rows affected (0.00 sec)

Query OK, 0 rows affected (0.00 sec)
Statement prepared

Query OK, 52 rows affected (0.04 sec)
Records: 52  Duplicates: 0  Warnings: 0

Query OK, 0 rows affected (0.00 sec)

Query OK, 0 rows affected (0.00 sec)

+-------------------------+
| rep_activenumberavgMahe |
+-------------------------+
|                    1447 |
+-------------------------+
1 row in set (0.00 sec)

+----------------------------+
| rep_activenumberavgMahe_pv |
+----------------------------+
|                         52 |
+----------------------------+
1 row in set (0.00 sec)

Query OK, 0 rows affected (0.00 sec)

Query OK, 934 rows affected (0.12 sec)
Records: 934  Duplicates: 0  Warnings: 0

Query OK, 0 rows affected (0.00 sec)

Query OK, 0 rows affected (0.00 sec)

Query OK, 0 rows affected (0.00 sec)

Query OK, 0 rows affected (0.00 sec)

Query OK, 0 rows affected (0.00 sec)
Statement prepared

Query OK, 38 rows affected (0.03 sec)
Records: 38  Duplicates: 0  Warnings: 0

Query OK, 0 rows affected (0.00 sec)

Query OK, 0 rows affected (0.00 sec)

+----------------------------+
| rep_activenumberavgPraslin |
+----------------------------+
|                        934 |
+----------------------------+
1 row in set (0.00 sec)

+-------------------------------+
| rep_activenumberavgPraslin_pv |
+-------------------------------+
|                            38 |
+-------------------------------+
1 row in set (0.00 sec)

mysql> mysql \. C:\workspace\cloud\code\sql\_DailyScript\currenttime.sql
+---------------------+
| currenttime         |
+---------------------+
| 2019-04-15 10:18:14 |
+---------------------+
1 row in set (0.00 sec)

mysql> 
mysql> mysql \. C:\workspace\cloud\code\sql\_DailyScript\budget_actual_analysis_2019.sql
Query OK, 0 rows affected (0.00 sec)

Query OK, 554 rows affected, 3 warnings (0.23 sec)
Records: 554  Duplicates: 0  Warnings: 3

+--------------------+
| budget_actual_2019 |
+--------------------+
|                554 |
+--------------------+
1 row in set (0.00 sec)

Query OK, 0 rows affected (0.00 sec)

Query OK, 47 rows affected (0.03 sec)
Records: 47  Duplicates: 0  Warnings: 0

+---------------------------+
| rep_budget_actual_2019_pv |
+---------------------------+
|                        47 |
+---------------------------+
1 row in set (0.02 sec)

mysql> mysql \. C:\workspace\cloud\code\sql\_DailyScript\currenttime.sql
+---------------------+
| currenttime         |
+---------------------+
| 2019-04-15 10:18:14 |
+---------------------+
1 row in set (0.00 sec)

mysql> 
mysql> mysql \. C:\workspace\cloud\code\sql\_DailyScript\reports-sales-addons-prepaid-camera.sql
Database changed
Query OK, 0 rows affected (0.03 sec)

Query OK, 3546 rows affected (0.33 sec)
Records: 3546  Duplicates: 0  Warnings: 0

Query OK, 0 rows affected (0.04 sec)

Query OK, 15385 rows affected (39.99 sec)
Records: 15385  Duplicates: 0  Warnings: 0

+--------------------+
| rep_prepaid_camera |
+--------------------+
|               3546 |
+--------------------+
1 row in set (0.02 sec)

+-----------+
| rep_addon |
+-----------+
|     15385 |
+-----------+
1 row in set (0.00 sec)

mysql> mysql \. C:\workspace\cloud\code\sql\_DailyScript\currenttime.sql
+---------------------+
| currenttime         |
+---------------------+
| 2019-04-15 10:18:55 |
+---------------------+
1 row in set (0.00 sec)

mysql> 
mysql> mysql \. C:\workspace\cloud\code\sql\_DailyScript\housing-estate-analysis.sql
Database changed
Query OK, 0 rows affected (0.03 sec)

Query OK, 2799 rows affected (29.60 sec)
Records: 2799  Duplicates: 0  Warnings: 0

+--------------------+
| rep_housingestates |
+--------------------+
|               2799 |
+--------------------+
1 row in set (0.00 sec)

mysql> mysql \. C:\workspace\cloud\code\sql\_DailyScript\currenttime.sql
+---------------------+
| currenttime         |
+---------------------+
| 2019-04-15 10:19:24 |
+---------------------+
1 row in set (0.00 sec)

mysql> 
mysql> mysql \. C:\workspace\cloud\code\sql\_DailyScript\RCB_ClientAnalyticsReport_Script.sql
Database changed
Query OK, 0 rows affected (0.01 sec)

Query OK, 0 rows affected (0.10 sec)

Query OK, 1646661 rows affected (2 min 15.08 sec)
Records: 1646661  Duplicates: 0  Warnings: 0

Query OK, 0 rows affected (7.89 sec)
Records: 0  Duplicates: 0  Warnings: 0

Query OK, 0 rows affected (5.22 sec)
Records: 0  Duplicates: 0  Warnings: 0

Query OK, 0 rows affected (9.40 sec)
Records: 0  Duplicates: 0  Warnings: 0

Query OK, 0 rows affected (9.26 sec)
Records: 0  Duplicates: 0  Warnings: 0

Query OK, 0 rows affected (9.69 sec)
Records: 0  Duplicates: 0  Warnings: 0

Query OK, 0 rows affected (8.48 sec)
Records: 0  Duplicates: 0  Warnings: 0

Query OK, 0 rows affected (0.00 sec)

Query OK, 434236 rows affected (14.61 sec)
Rows matched: 1646661  Changed: 434236  Warnings: 0

Query OK, 0 rows affected (0.19 sec)

Query OK, 27338 rows affected (4.67 sec)
Records: 27338  Duplicates: 0  Warnings: 0

Query OK, 0 rows affected (0.27 sec)

Query OK, 42109 rows affected (11 min 56.89 sec)
Records: 42109  Duplicates: 0  Warnings: 0

Query OK, 0 rows affected (0.36 sec)
Records: 0  Duplicates: 0  Warnings: 0

Query OK, 0 rows affected (0.17 sec)
Records: 0  Duplicates: 0  Warnings: 0

Query OK, 0 rows affected (0.10 sec)
Records: 0  Duplicates: 0  Warnings: 0

Query OK, 0 rows affected (0.30 sec)

Query OK, 409147 rows affected (13 min 39.24 sec)
Records: 409147  Duplicates: 0  Warnings: 0

Query OK, 0 rows affected (1.76 sec)
Records: 0  Duplicates: 0  Warnings: 0

Query OK, 0 rows affected (1.76 sec)
Records: 0  Duplicates: 0  Warnings: 0

Query OK, 0 rows affected (0.90 sec)
Records: 0  Duplicates: 0  Warnings: 0

Query OK, 0 rows affected (1.77 sec)
Records: 0  Duplicates: 0  Warnings: 0

Query OK, 0 rows affected (1.10 sec)
Records: 0  Duplicates: 0  Warnings: 0

Query OK, 0 rows affected (0.00 sec)

Query OK, 42109 rows affected (1 min 35.08 sec)
Records: 42109  Duplicates: 0  Warnings: 0

+--------------+
| clientreport |
+--------------+
|        42109 |
+--------------+
1 row in set (0.03 sec)

Query OK, 0 rows affected (0.01 sec)

Query OK, 42109 rows affected (9.13 sec)
Records: 42109  Duplicates: 0  Warnings: 0

+----------------------+
| clientextendedreport |
+----------------------+
|                42109 |
+----------------------+
1 row in set (0.02 sec)

Query OK, 0 rows affected (0.01 sec)

Query OK, 42109 rows affected (2 min 41.00 sec)
Records: 42109  Duplicates: 0  Warnings: 0

+---------+
| allcust |
+---------+
|   42109 |
+---------+
1 row in set (0.02 sec)

Query OK, 0 rows affected, 1 warning (0.00 sec)

Query OK, 5000 rows affected (1.53 sec)
Records: 5000  Duplicates: 0  Warnings: 0

Query OK, 0 rows affected (0.02 sec)

Query OK, 6999 rows affected (1.09 sec)
Records: 6999  Duplicates: 0  Warnings: 0

Query OK, 0 rows affected, 1 warning (0.00 sec)

Query OK, 5000 rows affected (0.22 sec)
Records: 5000  Duplicates: 0  Warnings: 0

Query OK, 0 rows affected (0.00 sec)

Query OK, 7398 rows affected (0.22 sec)
Records: 7398  Duplicates: 0  Warnings: 0

mysql> mysql \. C:\workspace\cloud\code\sql\_DailyScript\currenttime.sql
+---------------------+
| currenttime         |
+---------------------+
| 2019-04-15 10:53:02 |
+---------------------+
1 row in set (0.00 sec)

mysql> 
mysql> mysql \. C:\workspace\cloud\code\sql\_DailyScript\REVENUE_PER_NODE_MXK.sql
Query OK, 0 rows affected (0.03 sec)

Query OK, 0 rows affected (0.03 sec)

Query OK, 0 rows affected (0.00 sec)

Query OK, 4885 rows affected (1.44 sec)
Records: 4885  Duplicates: 0  Warnings: 0

+----------------------+
| message              |
+----------------------+
| created temp table a |
+----------------------+
1 row in set (0.00 sec)

Query OK, 4546 rows affected (0.73 sec)
Records: 4546  Duplicates: 0  Warnings: 0

+----------------------+
| message              |
+----------------------+
| created temp table b |
+----------------------+
1 row in set (0.00 sec)

Query OK, 0 rows affected, 1 warning (0.00 sec)

Query OK, 5039 rows affected (8.48 sec)
Records: 5039  Duplicates: 0  Warnings: 0

+--------------------------------+
| message                        |
+--------------------------------+
| created rcbill_my.tempcustmxk1 |
+--------------------------------+
1 row in set (0.00 sec)

Query OK, 0 rows affected (0.01 sec)

Query OK, 0 rows affected (0.00 sec)

Query OK, 0 rows affected, 1 warning (0.00 sec)

Query OK, 4885 rows affected (0.20 sec)
Records: 4885  Duplicates: 0  Warnings: 0

+----------------+
| message        |
+----------------+
| created temp a |
+----------------+
1 row in set (0.00 sec)

Query OK, 4546 rows affected (0.27 sec)
Records: 4546  Duplicates: 0  Warnings: 0

+----------------+
| message        |
+----------------+
| created temp b |
+----------------+
1 row in set (0.00 sec)

Query OK, 0 rows affected, 1 warning (0.00 sec)

Query OK, 4629 rows affected (5.84 sec)
Records: 4629  Duplicates: 0  Warnings: 0

+--------------------------------+
| message                        |
+--------------------------------+
| created rcbill_my.tempcustmxk2 |
+--------------------------------+
1 row in set (0.00 sec)

Query OK, 0 rows affected (0.00 sec)

Query OK, 0 rows affected (0.02 sec)

Query OK, 0 rows affected, 1 warning (0.00 sec)

Query OK, 0 rows affected (0.02 sec)

Query OK, 5310 rows affected (0.28 sec)
Records: 5310  Duplicates: 0  Warnings: 0

+---------------------------------+
| message                         |
+---------------------------------+
| created rcbill_my.customers_mxk |
+---------------------------------+
1 row in set (0.00 sec)

Query OK, 0 rows affected (0.01 sec)

Query OK, 0 rows affected (0.00 sec)

Query OK, 19421 rows affected (0.37 sec)
Records: 19421  Duplicates: 0  Warnings: 0

+----------------+
| message        |
+----------------+
| created temp a |
+----------------+
1 row in set (0.00 sec)

Query OK, 23982 rows affected (1.92 sec)
Records: 23982  Duplicates: 0  Warnings: 0

+----------------+
| message        |
+----------------+
| created temp c |
+----------------+
1 row in set (0.00 sec)

Query OK, 0 rows affected, 1 warning (0.00 sec)

Query OK, 36794 rows affected (0.60 sec)
Records: 36794  Duplicates: 0  Warnings: 0

+---------------------------------+
| message                         |
+---------------------------------+
| created rcbill_my.tempcustcmts1 |
+---------------------------------+
1 row in set (0.00 sec)

Query OK, 0 rows affected (0.00 sec)

Query OK, 0 rows affected, 1 warning (0.02 sec)

Query OK, 0 rows affected (0.00 sec)

Query OK, 19421 rows affected (0.55 sec)
Records: 19421  Duplicates: 0  Warnings: 0

+----------------+
| message        |
+----------------+
| created temp a |
+----------------+
1 row in set (0.00 sec)

Query OK, 23982 rows affected (1.12 sec)
Records: 23982  Duplicates: 0  Warnings: 0

+----------------+
| message        |
+----------------+
| created temp c |
+----------------+
1 row in set (0.02 sec)

Query OK, 0 rows affected, 1 warning (0.00 sec)

Query OK, 25381 rows affected (0.58 sec)
Records: 25381  Duplicates: 0  Warnings: 0

+---------------------------------+
| message                         |
+---------------------------------+
| created rcbill_my.tempcustcmts2 |
+---------------------------------+
1 row in set (0.00 sec)

Query OK, 0 rows affected (0.02 sec)

Query OK, 0 rows affected, 1 warning (0.00 sec)

Query OK, 0 rows affected (0.00 sec)

Query OK, 0 rows affected (0.01 sec)

Query OK, 19562 rows affected (1.42 sec)
Records: 19562  Duplicates: 0  Warnings: 0

+----------------------------------+
| message                          |
+----------------------------------+
| created rcbill_my.customers_cmts |
+----------------------------------+
1 row in set (0.00 sec)

Query OK, 0 rows affected (0.00 sec)

Query OK, 0 rows affected (0.01 sec)

Query OK, 0 rows affected (0.02 sec)

Query OK, 24872 rows affected (1.27 sec)
Records: 24872  Duplicates: 0  Warnings: 0

+--------------------------------------+
| message                              |
+--------------------------------------+
| created rcbill_my.customers_cmts_mxk |
+--------------------------------------+
1 row in set (0.00 sec)

Query OK, 430847 rows affected (24.43 sec)
Records: 430847  Duplicates: 0  Warnings: 0

+----------------+
| message        |
+----------------+
| created temp a |
+----------------+
1 row in set (0.00 sec)

Query OK, 0 rows affected (0.05 sec)

Query OK, 432283 rows affected (15.06 sec)
Records: 432283  Duplicates: 0  Warnings: 0

+------------------------------------------------+
| message                                        |
+------------------------------------------------+
| created rcbill_my.customers_contracts_cmts_mxk |
+------------------------------------------------+
1 row in set (0.00 sec)

Query OK, 0 rows affected (0.01 sec)

Query OK, 0 rows affected, 1 warning (0.00 sec)

Query OK, 0 rows affected, 1 warning (0.00 sec)

Query OK, 0 rows affected (0.00 sec)

Query OK, 8103 rows affected (3.22 sec)
Rows matched: 8103  Changed: 8103  Warnings: 0

+------------------------------------------------+
| message                                        |
+------------------------------------------------+
| updated rcbill_my.customers_contracts_cmts_mxk |
+------------------------------------------------+
1 row in set (0.00 sec)

Query OK, 0 rows affected (0.05 sec)

Query OK, 1596107 rows affected (4 min 26.35 sec)
Records: 1596107  Duplicates: 0  Warnings: 0

+----------------------------------------+
| message                                |
+----------------------------------------+
| created rcbill_my.customers_collection |
+----------------------------------------+
1 row in set (0.00 sec)

Query OK, 0 rows affected (0.59 sec)

Query OK, 1840673 rows affected (1 min 31.75 sec)
Records: 1840673  Duplicates: 0  Warnings: 0

+------------------------------------------------+
| message                                        |
+------------------------------------------------+
| created rcbill_my.customers_cmts_mxk_cont_coll |
+------------------------------------------------+
1 row in set (0.00 sec)

Query OK, 0 rows affected (0.08 sec)

Query OK, 30805 rows affected (8.07 sec)
Records: 30805  Duplicates: 0  Warnings: 0

+------------------------------------------------------------+
| message                                                    |
+------------------------------------------------------------+
| created rcbill_my.customers_contracts_collection_pivot2019 |
+------------------------------------------------------------+
1 row in set (0.00 sec)

Query OK, 0 rows affected (0.01 sec)

Query OK, 18434 rows affected (4.93 sec)
Records: 18434  Duplicates: 0  Warnings: 0

+--------------------------------------------------+
| message                                          |
+--------------------------------------------------+
| created rcbill_my.customers_collection_pivot2019 |
+--------------------------------------------------+
1 row in set (0.00 sec)

Query OK, 0 rows affected (0.22 sec)

Query OK, 42109 rows affected (1.53 sec)
Records: 42109  Duplicates: 0  Warnings: 0

+------------------------------------------------+
| message                                        |
+------------------------------------------------+
| created rcbill_my.rep_customers_collection2019 |
+------------------------------------------------+
1 row in set (0.00 sec)

Query OK, 0 rows affected (0.00 sec)

Query OK, 0 rows affected, 1 warning (0.00 sec)

Query OK, 403153 rows affected (19.20 sec)
Records: 403153  Duplicates: 0  Warnings: 0

+-------------------------+
| message                 |
+-------------------------+
| created rcbill_my.tempa |
+-------------------------+
1 row in set (0.00 sec)

Query OK, 0 rows affected, 1 warning (0.00 sec)

Query OK, 80368 rows affected (14.70 sec)
Records: 80368  Duplicates: 0  Warnings: 0

+-------------------------+
| message                 |
+-------------------------+
| created rcbill_my.tempb |
+-------------------------+
1 row in set (0.00 sec)

Query OK, 403153 rows affected (9.43 sec)
Records: 403153  Duplicates: 0  Warnings: 0

+-----------+
| message   |
+-----------+
| created a |
+-----------+
1 row in set (0.00 sec)

Query OK, 80479 rows affected (6.28 sec)
Records: 80479  Duplicates: 0  Warnings: 0

+-----------+
| message   |
+-----------+
| created b |
+-----------+
1 row in set (0.00 sec)

Query OK, 0 rows affected (0.10 sec)

Query OK, 0 rows affected (0.00 sec)

Query OK, 0 rows affected (0.02 sec)

Query OK, 405780 rows affected (26.58 sec)
Records: 405780  Duplicates: 0  Warnings: 0

+----------------------------------------------+
| message                                      |
+----------------------------------------------+
| created rcbill_my.cust_cont_payment_cmts_mxk |
+----------------------------------------------+
1 row in set (0.00 sec)

Query OK, 0 rows affected (0.00 sec)

Query OK, 0 rows affected (0.02 sec)

Query OK, 0 rows affected, 1 warning (0.00 sec)

Query OK, 0 rows affected (0.18 sec)

Query OK, 42109 rows affected (11.77 sec)
Records: 42109  Duplicates: 0  Warnings: 0

+--------------------------------------------------+
| message                                          |
+--------------------------------------------------+
| created rcbill_my.rep_cust_cont_payment_cmts_mxk |
+--------------------------------------------------+
1 row in set (0.00 sec)

Query OK, 0 rows affected, 1 warning (0.00 sec)

Query OK, 0 rows affected, 1 warning (0.00 sec)

Query OK, 0 rows affected (0.01 sec)

Query OK, 38109 rows affected, 5 warnings (6.49 sec)
Records: 38109  Duplicates: 0  Warnings: 5

+----------------------+
| rep_custconsolidated |
+----------------------+
|                38109 |
+----------------------+
1 row in set (0.03 sec)

Query OK, 0 rows affected (0.00 sec)

Query OK, 0 rows affected (0.01 sec)

+----------------------------------------------+
| message                                      |
+----------------------------------------------+
| creating rcbill_my.retentioncustomeractivity |
+----------------------------------------------+
1 row in set (0.00 sec)

Query OK, 503 rows affected (0.09 sec)
Records: 503  Duplicates: 0  Warnings: 0

+---------------------------+
| retentioncustomeractivity |
+---------------------------+
|                       503 |
+---------------------------+
1 row in set (0.00 sec)

+-----------+------------------------------------+------------+-------------+-----------------+------------------+---------------------+-------------------+
| HFC_NODE  | NODENAME                           | CMTS_DATE  | INSERTED_ON | UNIQUE_ACCOUNTS | UNIQUE_CONTRACTS | UNIQUE_MAC_INRCBOSS | UNIQUE_MAC_INCMTS |
+-----------+------------------------------------+------------+-------------+-----------------+------------------+---------------------+-------------------+
| NULL      | NULL                               | NULL       | 2019-04-15  |           10415 |            11104 |               11214 |                 0 |
| C5/0/0/U0 | ANSE-BOILEAU-2                     | 2019-02-04 | 2019-04-15  |             114 |              117 |                 114 |               118 |
| C5/0/0/U1 | 500-C3-ANSE-BOILEAU                | 2019-02-04 | 2019-04-15  |             227 |              235 |                 227 |               228 |
| C5/0/1/U0 | 501-C4-LA-MISIERE-LEFT-I           | 2019-02-04 | 2019-04-15  |             201 |              209 |                 200 |               206 |
| C5/0/1/U1 | 501-C5-LA-MISIERE-RIGHT            | 2019-02-04 | 2019-04-15  |              97 |              101 |                  97 |               100 |
| C5/0/1/U2 | 501-C7-LA-MISIERE-LEFT-II          | 2019-02-04 | 2019-04-15  |             102 |              107 |                 102 |               103 |
| C5/0/2/U0 | 502-C8-LA-LOUISE                   | 2019-02-04 | 2019-04-15  |             146 |              150 |                 146 |               149 |
| C5/0/2/U1 | LA-LOUISE-2                        | 2019-02-04 | 2019-04-15  |             151 |              153 |                 151 |               154 |
| C5/0/3/U0 | 504-C6-PETIT-PARIS                 | 2019-02-04 | 2019-04-15  |             154 |              156 |                 154 |               158 |
| C5/0/3/U1 | PETIT-PARIS-23                     | 2019-02-04 | 2019-04-15  |              75 |               78 |                  75 |                75 |
| C5/0/4/U0 | FOUR-SEASONS                       | 2019-02-04 | 2019-04-15  |               6 |               23 |                  23 |                23 |
| C5/0/4/U1 | ANCHOR-CAFE-I                      | 2019-02-04 | 2019-04-15  |             154 |              157 |                 154 |               155 |
| C5/0/4/U2 | ANCHOR-CAFE-II                     | 2019-02-04 | 2019-04-15  |             144 |              148 |                 143 |               145 |
| C5/1/0/U0 | POINTE-LARUE-AIRPORT-23            | 2019-02-04 | 2019-04-15  |             110 |              115 |                 110 |               112 |
| C5/1/0/U1 | PPROVIDENCE-23                     | 2019-02-04 | 2019-04-15  |              24 |               28 |                  25 |                25 |
| C5/1/0/U2 | ROSHE-CAIMAN-23                    | 2019-02-04 | 2019-04-15  |              11 |               12 |                  11 |                11 |
| C5/1/0/U3 | HEAD-OFFICE | HO-23                | 2019-02-04 | 2019-04-15  |              22 |               24 |                  23 |                25 |
| C5/1/1/U1 | C5-UNION-VALE                      | 2019-02-04 | 2019-04-15  |             192 |              200 |                 192 |               196 |
| C5/1/3/U0 | POINTE-LARUE-AIRPORT-27            | 2019-02-04 | 2019-04-15  |             141 |              147 |                 142 |               142 |
| C5/1/3/U1 | PPROVIDENCE-27                     | 2019-02-04 | 2019-04-15  |              33 |               33 |                  33 |                34 |
| C5/1/3/U2 | ROSHE-CAIMAN-27                    | 2019-02-04 | 2019-04-15  |              22 |               22 |                  22 |                22 |
| C5/1/3/U3 | HEAD-OFFICE | HO-27                | 2019-02-04 | 2019-04-15  |              21 |               21 |                  21 |                22 |
| C5/1/4/U0 | ANSE-ROYALE-27                     | 2019-02-04 | 2019-04-15  |             185 |              193 |                 186 |               188 |
| C5/1/4/U1 | GLACIS-2-57                        | 2019-02-04 | 2019-04-15  |             145 |              153 |                 145 |               148 |
| C5/1/4/U3 | GLACIS-1                           | 2019-02-04 | 2019-04-15  |              60 |               64 |                  60 |                62 |
| C6/0/1/U0 | SERRET-ROAD-RIGHT/CURIO/PASCAL     | 2019-02-04 | 2019-04-15  |             141 |              146 |                 141 |               146 |
| C6/0/1/U1 | SERRET-ROAD-LEFT/ST.LOUIS/TOWN     | 2019-02-04 | 2019-04-15  |             178 |              188 |                 178 |               182 |
| C6/0/1/U2 | SERRET-ROAD-RIGHT/CURIO/PASCAL-2   | 2019-02-04 | 2019-04-15  |             120 |              122 |                 120 |               123 |
| C6/0/1/U3 | SERRET-ROAD-LEFT/ST.LOUIS/TOWN-2   | 2019-02-04 | 2019-04-15  |             118 |              123 |                 118 |               118 |
| C6/0/2/U0 | SANS-SOUCIS-I                      | 2019-02-04 | 2019-04-15  |             124 |              126 |                 124 |               126 |
| C6/0/2/U1 | SANS-SOUCIS-II                     | 2019-02-04 | 2019-04-15  |             112 |              120 |                 111 |               112 |
| C6/0/2/U2 | BEL-AIR-27                         | 2019-02-04 | 2019-04-15  |             100 |              106 |                 100 |               101 |
| C6/0/2/U3 | BEL-AIR-38                         | 2019-02-04 | 2019-04-15  |             103 |              107 |                 103 |               106 |
| C6/0/3/U0 | LES-MAMELLES-23                    | 2019-02-04 | 2019-04-15  |              65 |               65 |                  65 |                68 |
| C6/0/3/U1 | VICTORIA-23                        | 2019-02-04 | 2019-04-15  |              29 |               34 |                  32 |                35 |
| C6/0/4/U0 | LES-MAMELLES-27                    | 2019-02-04 | 2019-04-15  |              84 |               85 |                  84 |                84 |
| C6/0/4/U1 | VICTORIA-27                        | 2019-02-04 | 2019-04-15  |              34 |               38 |                  34 |                36 |
| C7/1/0/U0 | LA-RETRAITE-23                     | 2019-02-04 | 2019-04-15  |             117 |              123 |                 118 |               119 |
| C7/1/0/U1 | TEA-FACTORY-23                     | 2019-02-04 | 2019-04-15  |              33 |               37 |                  33 |                34 |
| C7/1/0/U2 | PAS-23                             | 2019-02-04 | 2019-04-15  |              98 |              103 |                  98 |               101 |
| C7/1/1/U0 | REEF-ESTATE-23                     | 2019-02-04 | 2019-04-15  |              96 |               98 |                  96 |                97 |
| C7/1/1/U1 | BEL-OMBRE-NEW-23                   | 2019-02-04 | 2019-04-15  |              39 |               45 |                  43 |                44 |
| C7/1/2/U0 | LA-RETRAITE-27                     | 2019-02-04 | 2019-04-15  |             120 |              127 |                 119 |               120 |
| C7/1/2/U1 | TEA-FACTORY-27                     | 2019-02-04 | 2019-04-15  |              11 |               14 |                  12 |                14 |
| C7/1/2/U2 | PAS-27                             | 2019-02-04 | 2019-04-15  |             102 |              108 |                 101 |               108 |
| C7/1/3/U0 | MT-BUXTON-27                       | 2019-02-04 | 2019-04-15  |             117 |              121 |                 117 |               118 |
| C7/1/3/U1 | MT-BUXTON-23                       | 2019-02-04 | 2019-04-15  |             101 |              103 |                 100 |               105 |
| C7/1/4/U0 | REEF-ESTATE-27                     | 2019-02-04 | 2019-04-15  |              68 |               69 |                  68 |                69 |
| C7/1/4/U1 | BEL-OMBRE-NEW-27                   | 2019-02-04 | 2019-04-15  |              17 |               17 |                  17 |                17 |
| C8/0/0/U0 | POLICE-ACADEMY-1-27 - POINTE LARUE | 2019-02-04 | 2019-04-15  |             359 |              368 |                 359 |               365 |
| C8/0/1/U1 | POLICE-ACADEMY-2-27 - TURTLE BAY   | 2019-02-04 | 2019-04-15  |             263 |              275 |                 265 |               270 |
| C8/0/2/U0 | BEAU-VALLON-LEFT-1-57              | 2019-02-04 | 2019-04-15  |             105 |              110 |                 104 |               105 |
| C8/0/3/U1 | BEAU-VALLON-RIGHT-2-57             | 2019-02-04 | 2019-04-15  |             208 |              217 |                 208 |               210 |
| C8/1/0/U0 | MA-JOIE-NODE-27                    | 2019-02-04 | 2019-04-15  |             106 |              108 |                 106 |               109 |
| C8/1/0/U1 | BELONIE-27                         | 2019-02-04 | 2019-04-15  |             138 |              143 |                 136 |               139 |
| C8/1/0/U3 | MA-JOIE-NODE-23                    | 2019-02-04 | 2019-04-15  |             129 |              134 |                 129 |               133 |
| C8/1/1/U0 | 611-C1-ROJN I                      | 2019-02-04 | 2019-04-15  |             194 |              200 |                 194 |               200 |
| C8/1/1/U1 | 611-C5-ROJN II                     | 2019-02-04 | 2019-04-15  |              53 |               57 |                  53 |                54 |
| C8/1/2/U0 | 612-C2-ANSE-ETOILE                 | 2019-02-04 | 2019-04-15  |             196 |              202 |                 194 |               198 |
| C8/1/2/U1 | ANSE-ETOILE-U2                     | 2019-02-04 | 2019-04-15  |              90 |               93 |                  91 |                91 |
| C8/1/3/U0 | 613-C3-ANSE-GAULETTE I             | 2019-02-04 | 2019-04-15  |              51 |               55 |                  51 |                52 |
| C8/1/3/U1 | 613-C7-ANSE-GAULETTE II            | 2019-02-04 | 2019-04-15  |              68 |               74 |                  68 |                68 |
| C8/1/3/U2 | 613-C3-ANSE-GAULETTE III           | 2019-02-04 | 2019-04-15  |              53 |               58 |                  53 |                54 |
| C8/1/3/U3 | TAKAMAKA I                         | 2019-02-04 | 2019-04-15  |              98 |               99 |                  98 |                99 |
| C8/1/3/U4 | TAKAMAKA II                        | 2019-02-04 | 2019-04-15  |              99 |              101 |                  99 |               103 |
| C8/1/4/U0 | 614-BEOLIERE-NODE-1                | 2019-02-04 | 2019-04-15  |             140 |              148 |                 140 |               142 |
| C8/1/4/U1 | 614-BEOLIERE-NODE-2                | 2019-02-04 | 2019-04-15  |              81 |               85 |                  81 |                82 |
+-----------+------------------------------------+------------+-------------+-----------------+------------------+---------------------+-------------------+
67 rows in set (0.50 sec)

+------------------+------------+-------------+-----------------+------------------+----------------------+-------------------+
| MXK_NAME         | MXK_DATE   | INSERTED_ON | UNIQUE_ACCOUNTS | UNIQUE_CONTRACTS | UNIQUE_FSAN_INRCBOSS | UNIQUE_FSAN_INMXK |
+------------------+------------+-------------+-----------------+------------------+----------------------+-------------------+
| NULL             | NULL       | 2019-04-15  |             647 |              665 |                  654 |                 0 |
| MXK-ANSEETOILE   | 2019-02-04 | 2019-04-15  |              58 |               59 |                   59 |                62 |
| MXK-ANSEROYALE   | 2019-02-04 | 2019-04-15  |             121 |              122 |                  122 |               128 |
| MXK-BEAUVALLON   | 2019-02-04 | 2019-04-15  |             969 |              983 |                  978 |              1006 |
| MXK-MAHE         | 2019-02-04 | 2019-04-15  |             853 |              885 |                  834 |               951 |
| MXK-PERSEVERANCE | 2019-02-04 | 2019-04-15  |            1032 |             1051 |                 1046 |              1087 |
| MXK-PRASLIN      | 2019-02-04 | 2019-04-15  |            1155 |             1160 |                 1151 |              1199 |
+------------------+------------+-------------+-----------------+------------------+----------------------+-------------------+
7 rows in set (0.05 sec)

mysql> mysql \. C:\workspace\cloud\code\sql\_DailyScript\currenttime.sql
+---------------------+
| currenttime         |
+---------------------+
| 2019-04-15 11:01:59 |
+---------------------+
1 row in set (0.00 sec)

mysql> 
mysql> mysql \. C:\workspace\cloud\code\sql\Analysis\service_tickets_assignments.sql
Query OK, 0 rows affected (0.02 sec)

Query OK, 25921 rows affected (12.36 sec)
Records: 25921  Duplicates: 0  Warnings: 0

+-------------------------+
| rep_servicetickets_2019 |
+-------------------------+
|                   25921 |
+-------------------------+
1 row in set (0.03 sec)

mysql> mysql \. C:\workspace\cloud\code\sql\_DailyScript\currenttime.sql
+---------------------+
| currenttime         |
+---------------------+
| 2019-04-15 11:02:12 |
+---------------------+
1 row in set (0.00 sec)

mysql> 
mysql> mysql \. C:\workspace\cloud\code\sql\_DailyScript\sales-to-activenumber.sql
Database changed
+---------------------------------------+
| message                               |
+---------------------------------------+
| dropped table rcbill_my.salestoactive |
+---------------------------------------+
1 row in set (0.00 sec)

Query OK, 0 rows affected (0.00 sec)

Query OK, 13510 rows affected (39 min 1.89 sec)
Records: 13510  Duplicates: 0  Warnings: 0

+---------------------------------------+
| message                               |
+---------------------------------------+
| created table rcbill_my.salestoactive |
+---------------------------------------+
1 row in set (0.02 sec)

Query OK, 0 rows affected (0.13 sec)

+----------------------------------------------+
| message                                      |
+----------------------------------------------+
| dropped table rcbill_my.salestoactivejourney |
+----------------------------------------------+
1 row in set (0.00 sec)

Query OK, 47964 rows affected (52 min 3.64 sec)
Records: 47964  Duplicates: 0  Warnings: 0

+----------------------------------------------+
| message                                      |
+----------------------------------------------+
| created table rcbill_my.salestoactivejourney |
+----------------------------------------------+
1 row in set (0.02 sec)

mysql> mysql \. C:\workspace\cloud\code\sql\_DailyScript\currenttime.sql
+---------------------+
| currenttime         |
+---------------------+
| 2019-04-15 12:33:17 |
+---------------------+
1 row in set (0.00 sec)

mysql> 
mysql> exit
