    -> 
    -> mysql \. C:\workspace\cloud\code\sql\_DailyScript\_setdates.sql
Database changed
Query OK, 0 rows affected (0.00 sec)

Query OK, 0 rows affected (0.00 sec)

Query OK, 0 rows affected (0.00 sec)

Query OK, 0 rows affected (0.00 sec)

Query OK, 0 rows affected (0.00 sec)

Query OK, 0 rows affected (0.00 sec)

Query OK, 0 rows affected (0.00 sec)

Query OK, 0 rows affected (0.00 sec)

Query OK, 0 rows affected (0.00 sec)

Query OK, 0 rows affected (0.00 sec)

Query OK, 0 rows affected (0.00 sec)

Query OK, 0 rows affected (0.00 sec)

Query OK, 0 rows affected (0.00 sec)

Query OK, 0 rows affected (0.00 sec)

Query OK, 0 rows affected (0.00 sec)

Query OK, 0 rows affected (0.00 sec)

Query OK, 0 rows affected (0.00 sec)

Query OK, 0 rows affected (0.00 sec)

Query OK, 0 rows affected (0.00 sec)

Query OK, 0 rows affected (0.00 sec)

Query OK, 0 rows affected (0.00 sec)

mysql> mysql \. C:\workspace\cloud\code\sql\_DailyScript\currenttime.sql
+---------------------+
| currenttime         |
+---------------------+
| 2020-09-21 09:27:13 |
+---------------------+
1 row in set (0.00 sec)

mysql> 
mysql> mysql \. C:\workspace\cloud\code\sql\_DailyScript\load_RCB_VODTITLES.sql
Database changed
Query OK, 0 rows affected (0.00 sec)

Query OK, 12195 rows affected (0.15 sec)

Query OK, 12197 rows affected, 12197 warnings (0.30 sec)
Records: 12197  Deleted: 0  Skipped: 0  Warnings: 12197

Query OK, 0 rows affected (0.00 sec)

Query OK, 2 rows affected (0.01 sec)

+-----------+
| VODTITLES |
+-----------+
|     12655 |
+-----------+
1 row in set (0.00 sec)

+-----------+-----------+
| titletype | typecount |
+-----------+-----------+
| E         |      9831 |
| N         |       229 |
| T         |      2135 |
| NULL      |     12195 |
+-----------+-----------+
4 rows in set (0.03 sec)

mysql> mysql \. C:\workspace\cloud\code\sql\_DailyScript\currenttime.sql
+---------------------+
| currenttime         |
+---------------------+
| 2020-09-21 09:27:14 |
+---------------------+
1 row in set (0.00 sec)

mysql> 
mysql> mysql \. C:\workspace\cloud\code\sql\_DailyScript\DAILY-SCRIPT-LIVETV-STATS.sql
Database changed
Query OK, 0 rows affected (0.01 sec)

Query OK, 90674 rows affected (1.00 sec)
Records: 90674  Duplicates: 0  Warnings: 0

+------------+------------+----------+--------------+--------------+-----------+-------------+----------+--------+------+------------+---------+---------------+
| Table      | Non_unique | Key_name | Seq_in_index | Column_name  | Collation | Cardinality | Sub_part | Packed | Null | Index_type | Comment | Index_comment |
+------------+------------+----------+--------------+--------------+-----------+-------------+----------+--------+------+------------+---------+---------------+
| templivetv |          1 | idxtv1   |            1 | device       | A         |       90715 |     NULL | NULL   | YES  | BTREE      |         |               |
| templivetv |          1 | idxtv2   |            1 | sessionstart | A         |       90715 |     NULL | NULL   | YES  | BTREE      |         |               |
+------------+------------+----------+--------------+--------------+-----------+-------------+----------+--------+------+------------+---------+---------------+
2 rows in set (0.00 sec)

Query OK, 90562 rows affected (9.35 sec)
Records: 90562  Duplicates: 0  Warnings: 0

Query OK, 2843 rows affected (0.60 sec)
Records: 2843  Duplicates: 0  Warnings: 0

Query OK, 0 rows affected (0.00 sec)

Query OK, 0 rows affected (0.00 sec)

Query OK, 141 rows affected (0.03 sec)
Records: 141  Duplicates: 0  Warnings: 0

Query OK, 0 rows affected (0.01 sec)

Query OK, 35295 rows affected (1 min 50.07 sec)
Records: 35295  Duplicates: 0  Warnings: 0

+-----------------+
| rep_livetvstats |
+-----------------+
|           35295 |
+-----------------+
1 row in set (0.01 sec)

mysql> mysql \. C:\workspace\cloud\code\sql\_DailyScript\currenttime.sql
+---------------------+
| currenttime         |
+---------------------+
| 2020-09-21 09:29:15 |
+---------------------+
1 row in set (0.00 sec)

mysql> 
mysql> mysql \. C:\workspace\cloud\code\sql\_DailyScript\DAILY-SCRIPT-VODTS-STATS.sql
Database changed
Query OK, 0 rows affected (0.00 sec)

Query OK, 3367 rows affected (12.58 sec)
Records: 3367  Duplicates: 0  Warnings: 0

+---------+------------+----------+--------------+--------------+-----------+-------------+----------+--------+------+------------+---------+---------------+
| Table   | Non_unique | Key_name | Seq_in_index | Column_name  | Collation | Cardinality | Sub_part | Packed | Null | Index_type | Comment | Index_comment |
+---------+------------+----------+--------------+--------------+-----------+-------------+----------+--------+------+------------+---------+---------------+
| tempvod |          1 | idxtvod1 |            1 | device       | A         |        3320 |     NULL | NULL   | YES  | BTREE      |         |               |
| tempvod |          1 | idxtvod2 |            1 | sessionstart | A         |        3320 |     NULL | NULL   | YES  | BTREE      |         |               |
+---------+------------+----------+--------------+--------------+-----------+-------------+----------+--------+------+------------+---------+---------------+
2 rows in set (0.00 sec)

Query OK, 3326 rows affected (2.43 sec)
Records: 3326  Duplicates: 0  Warnings: 0

Query OK, 0 rows affected (0.01 sec)

Query OK, 815969 rows affected (1 min 4.15 sec)
Records: 815969  Duplicates: 0  Warnings: 0

+--------------+
| rep_vodstats |
+--------------+
|       815969 |
+--------------+
1 row in set (0.23 sec)

Database changed
Query OK, 0 rows affected (0.02 sec)

Query OK, 15462 rows affected (37.31 sec)
Records: 15462  Duplicates: 0  Warnings: 0

+--------+------------+----------+--------------+--------------+-----------+-------------+----------+--------+------+------------+---------+---------------+
| Table  | Non_unique | Key_name | Seq_in_index | Column_name  | Collation | Cardinality | Sub_part | Packed | Null | Index_type | Comment | Index_comment |
+--------+------------+----------+--------------+--------------+-----------+-------------+----------+--------+------+------------+---------+---------------+
| tempts |          1 | idxtts1  |            1 | device       | A         |       15619 |     NULL | NULL   | YES  | BTREE      |         |               |
| tempts |          1 | idxtts2  |            1 | sessionstart | A         |       15619 |     NULL | NULL   | YES  | BTREE      |         |               |
+--------+------------+----------+--------------+--------------+-----------+-------------+----------+--------+------+------------+---------+---------------+
2 rows in set (0.00 sec)

Query OK, 15421 rows affected (11.58 sec)
Records: 15421  Duplicates: 0  Warnings: 0

Query OK, 0 rows affected (0.00 sec)

Query OK, 38833 rows affected (36.19 sec)
Records: 38833  Duplicates: 0  Warnings: 0

+-------------+
| rep_tsstats |
+-------------+
|       38833 |
+-------------+
1 row in set (0.01 sec)

mysql> mysql \. C:\workspace\cloud\code\sql\_DailyScript\currenttime.sql
+---------------------+
| currenttime         |
+---------------------+
| 2020-09-21 09:31:59 |
+---------------------+
1 row in set (0.00 sec)

mysql> 
mysql> mysql \. C:\workspace\cloud\code\sql\_DailyScript\DAILY-SCRIPT-RADIO-STATS.sql
Database changed
Query OK, 0 rows affected (0.02 sec)

Query OK, 303612 rows affected (3.36 sec)
Records: 303612  Duplicates: 0  Warnings: 0

+-----------+------------+----------+--------------+--------------+-----------+-------------+----------+--------+------+------------+---------+---------------+
| Table     | Non_unique | Key_name | Seq_in_index | Column_name  | Collation | Cardinality | Sub_part | Packed | Null | Index_type | Comment | Index_comment |
+-----------+------------+----------+--------------+--------------+-----------+-------------+----------+--------+------+------------+---------+---------------+
| tempradio |          1 | idxtrad1 |            1 | device       | A         |      305493 |     NULL | NULL   | YES  | BTREE      |         |               |
| tempradio |          1 | idxtrad2 |            1 | sessionstart | A         |      305493 |     NULL | NULL   | YES  | BTREE      |         |               |
+-----------+------------+----------+--------------+--------------+-----------+-------------+----------+--------+------+------------+---------+---------------+
2 rows in set (0.00 sec)

Query OK, 432 rows affected (1.34 sec)
Records: 432  Duplicates: 0  Warnings: 0

Query OK, 0 rows affected (0.02 sec)

Query OK, 5224 rows affected (0.42 sec)
Records: 5224  Duplicates: 0  Warnings: 0

+----------------+
| rep_radiostats |
+----------------+
|           5224 |
+----------------+
1 row in set (0.00 sec)

mysql> mysql \. C:\workspace\cloud\code\sql\_DailyScript\currenttime.sql
+---------------------+
| currenttime         |
+---------------------+
| 2020-09-21 09:32:04 |
+---------------------+
1 row in set (0.00 sec)

mysql> 
mysql> mysql \. C:\workspace\cloud\code\sql\_DailyScript\DAILY_SCRIPT_TELEMETRY_PIVOT_2020.sql
Query OK, 0 rows affected (0.01 sec)

Query OK, 146 rows affected (0.19 sec)
Records: 146  Duplicates: 0  Warnings: 0

Query OK, 0 rows affected (0.01 sec)

Query OK, 10290 rows affected (2.43 sec)
Records: 10290  Duplicates: 0  Warnings: 0

Query OK, 0 rows affected (0.01 sec)

Query OK, 8 rows affected (0.03 sec)
Records: 8  Duplicates: 0  Warnings: 0

Query OK, 0 rows affected (0.01 sec)

Query OK, 47 rows affected (0.09 sec)
Records: 47  Duplicates: 0  Warnings: 0

mysql> mysql \. C:\workspace\cloud\code\sql\_DailyScript\currenttime.sql
+---------------------+
| currenttime         |
+---------------------+
| 2020-09-21 09:32:07 |
+---------------------+
1 row in set (0.00 sec)

mysql> 
mysql> mysql \. C:\workspace\cloud\code\sql\_DailyScript\telemetry_livetv_ranking2020.sql
Query OK, 0 rows affected (0.01 sec)

Query OK, 146 rows affected (0.02 sec)
Records: 146  Duplicates: 0  Warnings: 0

mysql> mysql \. C:\workspace\cloud\code\sql\_DailyScript\currenttime.sql
+---------------------+
| currenttime         |
+---------------------+
| 2020-09-21 09:32:07 |
+---------------------+
1 row in set (0.00 sec)

mysql> 
mysql> mysql \. C:\workspace\cloud\code\sql\_DailyScript\telemetry_radio_ranking2020.sql
Query OK, 0 rows affected (0.01 sec)

Query OK, 8 rows affected (0.02 sec)
Records: 8  Duplicates: 0  Warnings: 0

mysql> mysql \. C:\workspace\cloud\code\sql\_DailyScript\currenttime.sql
+---------------------+
| currenttime         |
+---------------------+
| 2020-09-21 09:32:07 |
+---------------------+
1 row in set (0.00 sec)

mysql> 
mysql> mysql \. C:\workspace\cloud\code\sql\_DailyScript\telemetry_ts_ranking2020.sql
Query OK, 0 rows affected (0.01 sec)

Query OK, 47 rows affected (0.02 sec)
Records: 47  Duplicates: 0  Warnings: 0

mysql> mysql \. C:\workspace\cloud\code\sql\_DailyScript\currenttime.sql
+---------------------+
| currenttime         |
+---------------------+
| 2020-09-21 09:32:07 |
+---------------------+
1 row in set (0.00 sec)

mysql> 
mysql> mysql \. C:\workspace\cloud\code\sql\_DailyScript\telemetry_vod_ranking2020.sql
Query OK, 0 rows affected (0.01 sec)

Query OK, 10290 rows affected (0.47 sec)
Records: 10290  Duplicates: 0  Warnings: 0

mysql> mysql \. C:\workspace\cloud\code\sql\_DailyScript\currenttime.sql
+---------------------+
| currenttime         |
+---------------------+
| 2020-09-21 09:32:08 |
+---------------------+
1 row in set (0.00 sec)

mysql> 
mysql> mysql \. C:\workspace\cloud\code\sql\_DailyScript\telemetry_vod_ranking2020_1.sql
Query OK, 0 rows affected (0.02 sec)

Query OK, 10290 rows affected (0.23 sec)
Records: 10290  Duplicates: 0  Warnings: 0

mysql> mysql \. C:\workspace\cloud\code\sql\_DailyScript\currenttime.sql
+---------------------+
| currenttime         |
+---------------------+
| 2020-09-21 09:32:08 |
+---------------------+
1 row in set (0.00 sec)

mysql> 
mysql> mysql \. C:\workspace\cloud\code\sql\_DailyScript\telemetry_vod_ranking2020_2.sql
Query OK, 0 rows affected (0.01 sec)

Query OK, 10290 rows affected (0.21 sec)
Records: 10290  Duplicates: 0  Warnings: 0

mysql> mysql \. C:\workspace\cloud\code\sql\_DailyScript\currenttime.sql
+---------------------+
| currenttime         |
+---------------------+
| 2020-09-21 09:32:08 |
+---------------------+
1 row in set (0.00 sec)

mysql> 
mysql> 
mysql> 
mysql> 
mysql> mysql \. C:\workspace\cloud\code\sql\_DailyScript\ticket_analysis.sql
Database changed
Query OK, 0 rows affected (0.03 sec)

Query OK, 682727 rows affected (26.39 sec)
Records: 682727  Duplicates: 0  Warnings: 0

Query OK, 0 rows affected (4.13 sec)
Records: 0  Duplicates: 0  Warnings: 0

Query OK, 0 rows affected (1.90 sec)
Records: 0  Duplicates: 0  Warnings: 0

Query OK, 0 rows affected (1.75 sec)
Records: 0  Duplicates: 0  Warnings: 0

Query OK, 0 rows affected (0.01 sec)

Query OK, 22061 rows affected (11.90 sec)
Records: 22061  Duplicates: 0  Warnings: 0

Query OK, 0 rows affected, 1 warning (0.00 sec)

Query OK, 96802 rows affected (6.62 sec)
Records: 96802  Duplicates: 0  Warnings: 0

Query OK, 0 rows affected, 1 warning (0.00 sec)

Query OK, 496039 rows affected (13.31 sec)
Records: 496039  Duplicates: 0  Warnings: 0

Query OK, 0 rows affected, 1 warning (0.00 sec)

Query OK, 496039 rows affected (14.23 sec)
Records: 496039  Duplicates: 0  Warnings: 0

Query OK, 0 rows affected (0.01 sec)

Query OK, 96886 rows affected (6.13 sec)
Records: 96886  Duplicates: 0  Warnings: 0

Database changed
Query OK, 0 rows affected (0.00 sec)

Query OK, 0 rows affected (0.03 sec)

Query OK, 682727 rows affected (22.45 sec)
Records: 682727  Duplicates: 0  Warnings: 0

Query OK, 0 rows affected (0.02 sec)

Query OK, 344423 rows affected (16.57 sec)
Records: 344423  Duplicates: 0  Warnings: 0

+--------------------------+
| clientticket_cmmtjourney |
+--------------------------+
|                   682727 |
+--------------------------+
1 row in set (2.25 sec)

+---------------------------+
| clientticket_assgnjourney |
+---------------------------+
|                    344423 |
+---------------------------+
1 row in set (0.38 sec)

Query OK, 0 rows affected (0.02 sec)

Query OK, 78 rows affected (0.08 sec)
Records: 78  Duplicates: 0  Warnings: 0

mysql> mysql \. C:\workspace\cloud\code\sql\_DailyScript\currenttime.sql
+---------------------+
| currenttime         |
+---------------------+
| 2020-09-21 09:34:17 |
+---------------------+
1 row in set (0.00 sec)

mysql> 
mysql> mysql \. C:\workspace\cloud\code\sql\_DailyScript\load_DailyCalls.sql
Database changed
Query OK, 330 rows affected (0.10 sec)
Records: 330  Deleted: 0  Skipped: 0  Warnings: 0

Query OK, 0 rows affected, 1 warning (0.00 sec)

Query OK, 324 rows affected (0.03 sec)
Records: 324  Duplicates: 0  Warnings: 0

Query OK, 0 rows affected, 1 warning (0.00 sec)

Query OK, 67618 rows affected (0.30 sec)
Records: 67618  Duplicates: 0  Warnings: 0

+----------------------+
| callingclientsbefore |
+----------------------+
|               999465 |
+----------------------+
1 row in set (0.40 sec)

Query OK, 541 rows affected (6.66 sec)
Records: 541  Duplicates: 0  Warnings: 0

+---------------------+
| callingclientsafter |
+---------------------+
|             1000006 |
+---------------------+
1 row in set (0.26 sec)

Query OK, 0 rows affected (0.01 sec)

Query OK, 223 rows affected (3.33 sec)
Records: 223  Duplicates: 0  Warnings: 0

Query OK, 0 rows affected (0.00 sec)

Query OK, 20088 rows affected (3.08 sec)
Records: 20088  Duplicates: 0  Warnings: 0

+-----------+
| callstats |
+-----------+
|     20088 |
+-----------+
1 row in set (0.01 sec)

Query OK, 0 rows affected, 1 warning (0.00 sec)

Query OK, 541 rows affected (2.53 sec)
Records: 541  Duplicates: 0  Warnings: 0

+------------------------+
| rep_cccallreportbefore |
+------------------------+
|                 999892 |
+------------------------+
1 row in set (0.34 sec)

Query OK, 707 rows affected (0.16 sec)
Records: 707  Duplicates: 0  Warnings: 0

+-----------------------+
| rep_cccallreportafter |
+-----------------------+
|               1000599 |
+-----------------------+
1 row in set (0.25 sec)

Query OK, 0 rows affected (0.01 sec)

mysql> mysql \. C:\workspace\cloud\code\sql\_DailyScript\currenttime.sql
+---------------------+
| currenttime         |
+---------------------+
| 2020-09-21 09:34:34 |
+---------------------+
1 row in set (0.00 sec)

mysql> 
mysql> mysql \. C:\workspace\cloud\code\sql\_DailyScript\DAILY-SCRIPT-USAGE.sql
Database changed
Query OK, 0 rows affected (0.00 sec)

Query OK, 8871 rows affected, 25663 warnings (1.44 sec)
Records: 8871  Deleted: 0  Skipped: 0  Warnings: 25663

Query OK, 0 rows affected (0.00 sec)

Query OK, 12826 rows affected, 37063 warnings (1.70 sec)
Records: 12826  Deleted: 0  Skipped: 0  Warnings: 37063

Query OK, 0 rows affected (0.00 sec)

Query OK, 329 rows affected, 1175 warnings (0.04 sec)
Records: 329  Deleted: 0  Skipped: 0  Warnings: 1175

Query OK, 0 rows affected (0.00 sec)

Query OK, 163 rows affected, 561 warnings (0.04 sec)
Records: 163  Deleted: 0  Skipped: 0  Warnings: 561

+------------+
| dailyusage |
+------------+
|   14759916 |
+------------+
1 row in set (6.47 sec)

+------------+------------+------------+---------+
| datestart  | dateend    | insertedon | records |
+------------+------------+------------+---------+
| 2020-09-19 | 2020-09-19 | 2020-09-21 |   22189 |
| 2020-09-18 | 2020-09-18 | 2020-09-21 |   22202 |
| 2020-09-17 | 2020-09-17 | 2020-09-18 |   21202 |
| 2020-09-16 | 2020-09-16 | 2020-09-17 |   21203 |
| 2020-09-15 | 2020-09-15 | 2020-09-16 |   21174 |
+------------+------------+------------+---------+
5 rows in set (14.13 sec)

+----------+------------+------------+------------+---------+
| category | datestart  | dateend    | insertedon | records |
+----------+------------+------------+------------+---------+
| UNCAPPED | 2020-09-19 | 2020-09-19 | 2020-09-21 |   12826 |
| PREPAID  | 2020-09-19 | 2020-09-19 | 2020-09-21 |     329 |
| HOTSPOT  | 2020-09-19 | 2020-09-19 | 2020-09-21 |     163 |
| CAPPED   | 2020-09-19 | 2020-09-19 | 2020-09-21 |    8871 |
| UNCAPPED | 2020-09-18 | 2020-09-18 | 2020-09-21 |   12852 |
| PREPAID  | 2020-09-18 | 2020-09-18 | 2020-09-21 |     305 |
| HOTSPOT  | 2020-09-18 | 2020-09-18 | 2020-09-21 |     196 |
| CAPPED   | 2020-09-18 | 2020-09-18 | 2020-09-21 |    8849 |
| UNCAPPED | 2020-09-17 | 2020-09-17 | 2020-09-18 |   12204 |
| PREPAID  | 2020-09-17 | 2020-09-17 | 2020-09-18 |     323 |
| HOTSPOT  | 2020-09-17 | 2020-09-17 | 2020-09-18 |     182 |
| CAPPED   | 2020-09-17 | 2020-09-17 | 2020-09-18 |    8493 |
| UNCAPPED | 2020-09-16 | 2020-09-16 | 2020-09-17 |   12193 |
| PREPAID  | 2020-09-16 | 2020-09-16 | 2020-09-17 |     323 |
| HOTSPOT  | 2020-09-16 | 2020-09-16 | 2020-09-17 |     189 |
| CAPPED   | 2020-09-16 | 2020-09-16 | 2020-09-17 |    8498 |
| UNCAPPED | 2020-09-15 | 2020-09-15 | 2020-09-16 |   12213 |
| PREPAID  | 2020-09-15 | 2020-09-15 | 2020-09-16 |     344 |
| HOTSPOT  | 2020-09-15 | 2020-09-15 | 2020-09-16 |     178 |
| CAPPED   | 2020-09-15 | 2020-09-15 | 2020-09-16 |    8439 |
+----------+------------+------------+------------+---------+
20 rows in set (21.61 sec)

mysql> mysql \. C:\workspace\cloud\code\sql\_DailyScript\currenttime.sql
+---------------------+
| currenttime         |
+---------------------+
| 2020-09-21 09:35:20 |
+---------------------+
1 row in set (0.00 sec)

mysql> 
mysql> mysql \. C:\workspace\cloud\code\sql\_DailyScript\DAILY-SCRIPT-SALES-TELEMETRY.sql
Database changed
Query OK, 72 rows affected, 4 warnings (0.02 sec)
Records: 72  Deleted: 0  Skipped: 0  Warnings: 4

+------------+
| dailysales |
+------------+
|     208221 |
+------------+
1 row in set (0.15 sec)

Query OK, 0 rows affected (0.01 sec)

Query OK, 208221 rows affected (12.91 sec)
Records: 208221  Duplicates: 0  Warnings: 0

+--------+
| sales  |
+--------+
| 208221 |
+--------+
1 row in set (0.09 sec)

Query OK, 0 rows affected (0.00 sec)

Query OK, 3374 rows affected (0.34 sec)
Records: 3374  Duplicates: 0  Warnings: 0

+----------------+
| rep_dailysales |
+----------------+
|           3374 |
+----------------+
1 row in set (0.00 sec)

Query OK, 0 rows affected (0.02 sec)

Query OK, 3374 rows affected (0.54 sec)
Records: 3374  Duplicates: 0  Warnings: 0

+-------------------+
| rep_dailysalesreg |
+-------------------+
|              3374 |
+-------------------+
1 row in set (0.00 sec)

Query OK, 0 rows affected (0.01 sec)

Query OK, 2809 rows affected (0.67 sec)
Records: 2809  Duplicates: 0  Warnings: 0

+-----------+
| saleslist |
+-----------+
|      2809 |
+-----------+
1 row in set (0.00 sec)

Database changed
ERROR 2 (HY000): File 'C:\ProgramData\MySQL\MySQL Server 5.7\Uploads\_csv\PrepaidCardSales-19092020-P1.csv' not found (Errcode: 2 - No such file or directory)
+------------------+
| dailysinglesales |
+------------------+
|             6362 |
+------------------+
1 row in set (0.00 sec)

Database changed
Query OK, 13 rows affected (0.02 sec)
Records: 13  Deleted: 0  Skipped: 0  Warnings: 0

+-----------------+
| dailyaddonsales |
+-----------------+
|           20599 |
+-----------------+
1 row in set (0.04 sec)

Query OK, 171 rows affected (0.03 sec)
Records: 171  Deleted: 0  Skipped: 0  Warnings: 0

+----------------+
| onlinepayments |
+----------------+
|         123526 |
+----------------+
1 row in set (0.09 sec)

+-------------+----------------+---------------------+
| paymentdate | onlinepayments | onlinepaymentamount |
+-------------+----------------+---------------------+
| 2020-09-19  |            171 |        101566.09000 |
| 2020-09-18  |            159 |        102258.25000 |
| 2020-09-17  |            119 |         79088.39000 |
| 2020-09-16  |            131 |         79009.90000 |
| 2020-09-15  |            112 |         75207.07000 |
+-------------+----------------+---------------------+
5 rows in set (0.43 sec)

+-------------+--------------+----------------+---------------------+
| paymentyear | paymentmonth | onlinepayments | onlinepaymentamount |
+-------------+--------------+----------------+---------------------+
|        2020 |            9 |           3018 |       1983469.48000 |
|        2020 |            8 |           6240 |       4098025.79000 |
|        2020 |            7 |           6291 |       4053825.83000 |
|        2020 |            6 |           6133 |       4006312.90000 |
|        2020 |            5 |           6399 |       4169369.14000 |
+-------------+--------------+----------------+---------------------+
5 rows in set (0.12 sec)

mysql> mysql \. C:\workspace\cloud\code\sql\_DailyScript\currenttime.sql
+---------------------+
| currenttime         |
+---------------------+
| 2020-09-21 09:35:35 |
+---------------------+
1 row in set (0.00 sec)

mysql> 
mysql> mysql \. C:\workspace\cloud\code\sql\_DailyScript\DAILY-SCRIPT-ACTIVENUMBERS.sql
Database changed
Query OK, 1172 rows affected (0.54 sec)
Records: 1172  Deleted: 0  Skipped: 0  Warnings: 0

+------------+----------+
| period     | count(1) |
+------------+----------+
| 2020-09-19 |     1172 |
| 2020-09-18 |     1172 |
| 2020-09-17 |     1172 |
| 2020-09-16 |     1171 |
| 2020-09-15 |     1171 |
+------------+----------+
5 rows in set (0.01 sec)

Query OK, 0 rows affected (0.01 sec)

Query OK, 79 rows affected (1.40 sec)
Records: 79  Duplicates: 0  Warnings: 0

+-------------+
| packagelist |
+-------------+
|          79 |
+-------------+
1 row in set (0.00 sec)

Database changed
Query OK, 0 rows affected (0.00 sec)

Query OK, 0 rows affected (0.00 sec)

Query OK, 0 rows affected (0.00 sec)

Query OK, 0 rows affected (0.00 sec)

Query OK, 27604 rows affected, 214 warnings (14.03 sec)
Records: 27604  Deleted: 0  Skipped: 0  Warnings: 214

+------------+----------+
| period     | count(1) |
+------------+----------+
| 2020-09-19 |    27604 |
| 2020-09-18 |    27593 |
| 2020-09-17 |    27557 |
| 2020-09-16 |    27576 |
| 2020-09-15 |    27484 |
+------------+----------+
5 rows in set (0.14 sec)

Query OK, 0 rows affected (0.00 sec)

Query OK, 27020 rows affected (43.77 sec)
Records: 27020  Duplicates: 0  Warnings: 0

Query OK, 0 rows affected (0.14 sec)
Records: 0  Duplicates: 0  Warnings: 0

Query OK, 0 rows affected (0.11 sec)
Records: 0  Duplicates: 0  Warnings: 0

Query OK, 0 rows affected (0.09 sec)
Records: 0  Duplicates: 0  Warnings: 0

Query OK, 0 rows affected (0.08 sec)
Records: 0  Duplicates: 0  Warnings: 0

Query OK, 0 rows affected (0.06 sec)
Records: 0  Duplicates: 0  Warnings: 0

Query OK, 0 rows affected (0.07 sec)
Records: 0  Duplicates: 0  Warnings: 0

+-------------+
| countbefore |
+-------------+
|    39261747 |
+-------------+
1 row in set (10.77 sec)

Query OK, 27020 rows affected (2.32 sec)
Records: 27020  Duplicates: 0  Warnings: 0

+------------+
| countafter |
+------------+
|   39288767 |
+------------+
1 row in set (13.32 sec)

+------------+--------------------------+
| period     | customercontractactivity |
+------------+--------------------------+
| 2020-09-19 |                    27020 |
| 2020-09-18 |                    27009 |
| 2020-09-17 |                    26971 |
| 2020-09-16 |                    26990 |
| 2020-09-15 |                    26899 |
+------------+--------------------------+
5 rows in set (0.06 sec)

Query OK, 0 rows affected (0.02 sec)

Query OK, 278453 rows affected (7 min 12.77 sec)
Records: 278453  Duplicates: 0  Warnings: 0

Query OK, 0 rows affected (0.97 sec)
Records: 0  Duplicates: 0  Warnings: 0

Query OK, 0 rows affected (1.01 sec)
Records: 0  Duplicates: 0  Warnings: 0

Query OK, 0 rows affected (1.03 sec)
Records: 0  Duplicates: 0  Warnings: 0

Query OK, 0 rows affected (0.01 sec)

Query OK, 230 rows affected (0.41 sec)
Records: 230  Duplicates: 0  Warnings: 0

Query OK, 0 rows affected (0.01 sec)

Query OK, 2620 rows affected (0.56 sec)
Records: 2620  Duplicates: 0  Warnings: 0

Query OK, 0 rows affected (0.01 sec)

Query OK, 27000 rows affected (0.52 sec)
Records: 27000  Duplicates: 0  Warnings: 0

Query OK, 0 rows affected (0.01 sec)

Query OK, 17013 rows affected (0.34 sec)
Records: 17013  Duplicates: 0  Warnings: 0

Query OK, 0 rows affected (0.02 sec)

Query OK, 17013 rows affected (0.12 sec)
Records: 17013  Duplicates: 0  Warnings: 0

Query OK, 0 rows affected (0.01 sec)

Query OK, 17013 rows affected (1.08 sec)
Records: 17013  Duplicates: 0  Warnings: 0

Query OK, 0 rows affected (0.01 sec)

Query OK, 17013 rows affected (42.67 sec)
Records: 17013  Duplicates: 0  Warnings: 0

+-------------+
| clientstats |
+-------------+
|       17013 |
+-------------+
1 row in set (0.00 sec)

Query OK, 0 rows affected (0.01 sec)

Query OK, 12 rows affected, 1 warning (0.09 sec)
Records: 12  Duplicates: 0  Warnings: 1

+-----------------------+-------------+-------------+----------------+-----------------+
| services              | activecount | allaccounts | uniqueaccounts | uniquecontracts |
+-----------------------+-------------+-------------+----------------+-----------------+
| All                   |         344 |          55 |             55 |             177 |
| Internet & Voice      |         372 |         167 |            167 |             327 |
| Internet Only         |        4348 |        4243 |           4233 |            4284 |
| OTT Only              |           1 |           1 |              1 |               1 |
| TV & Internet         |        9208 |        4159 |           4149 |            8459 |
| TV & Internet & OTT   |        3148 |         804 |            801 |            1678 |
| TV & Internet & Voice |         487 |         146 |            146 |             447 |
| TV & OTT              |         339 |          71 |             70 |              85 |
| TV & Voice            |          83 |          37 |             37 |              78 |
| TV Only               |        9214 |        7180 |           7170 |            7362 |
| Voice Only            |         151 |         150 |            149 |             151 |
| GRAND TOTAL           |       27695 |       17013 |          16938 |           23049 |
+-----------------------+-------------+-------------+----------------+-----------------+
12 rows in set (0.00 sec)

+-------------+-------------+-------------+----------------+-----------------+
| network     | activecount | allaccounts | uniqueaccounts | uniquecontracts |
+-------------+-------------+-------------+----------------+-----------------+
| GPON        |        9396 |        4808 |           4805 |            7450 |
| HFC         |       18299 |       12205 |          12205 |           15599 |
| GRAND TOTAL |       27695 |       17013 |          16938 |           23049 |
+-------------+-------------+-------------+----------------+-----------------+
3 rows in set, 1 warning (0.11 sec)

+-------------+-----------------------+-------------+-------------+----------------+-----------------+
| network     | services              | activecount | allaccounts | uniqueaccounts | uniquecontracts |
+-------------+-----------------------+-------------+-------------+----------------+-----------------+
| GPON        | All                   |         196 |          31 |             31 |              99 |
| GPON        | Internet & Voice      |          68 |          28 |             28 |              58 |
| GPON        | Internet Only         |        1217 |        1130 |           1130 |            1155 |
| GPON        | TV & Internet         |        3871 |        1712 |           1712 |            3510 |
| GPON        | TV & Internet & OTT   |        1810 |         456 |            456 |             961 |
| GPON        | TV & Internet & Voice |         203 |          60 |             60 |             186 |
| GPON        | TV & OTT              |         109 |          33 |             33 |              37 |
| GPON        | TV & Voice            |          42 |          18 |             18 |              39 |
| GPON        | TV Only               |        1866 |        1326 |           1326 |            1391 |
| GPON        | Voice Only            |          14 |          14 |             14 |              14 |
| GPON        | Services Total        |        9396 |        4808 |           4805 |            7450 |
| HFC         | All                   |         148 |          24 |             24 |              78 |
| HFC         | Internet & Voice      |         304 |         139 |            139 |             269 |
| HFC         | Internet Only         |        3131 |        3113 |           3113 |            3129 |
| HFC         | OTT Only              |           1 |           1 |              1 |               1 |
| HFC         | TV & Internet         |        5337 |        2447 |           2447 |            4949 |
| HFC         | TV & Internet & OTT   |        1338 |         348 |            348 |             717 |
| HFC         | TV & Internet & Voice |         284 |          86 |             86 |             261 |
| HFC         | TV & OTT              |         230 |          38 |             38 |              48 |
| HFC         | TV & Voice            |          41 |          19 |             19 |              39 |
| HFC         | TV Only               |        7348 |        5854 |           5854 |            5971 |
| HFC         | Voice Only            |         137 |         136 |            136 |             137 |
| HFC         | Services Total        |       18299 |       12205 |          12205 |           15599 |
| GRAND TOTAL | Services Total        |       27695 |       17013 |          16938 |           23049 |
+-------------+-----------------------+-------------+-------------+----------------+-----------------+
24 rows in set, 2 warnings (0.13 sec)

Query OK, 0 rows affected (0.00 sec)

Query OK, 41 rows affected, 3 warnings (0.17 sec)
Records: 41  Duplicates: 0  Warnings: 3

+-------------+---------------+-----------------------+-------------+-------------+----------------+-----------------+
| region      | network       | services              | activecount | allaccounts | uniqueaccounts | uniquecontracts |
+-------------+---------------+-----------------------+-------------+-------------+----------------+-----------------+
| Mahe        | GPON          | All                   |         175 |          28 |             28 |              90 |
| Mahe        | GPON          | Internet & Voice      |          54 |          21 |             21 |              44 |
| Mahe        | GPON          | Internet Only         |         989 |         902 |            902 |             927 |
| Mahe        | GPON          | TV & Internet         |        3080 |        1358 |           1358 |            2781 |
| Mahe        | GPON          | TV & Internet & OTT   |        1393 |         339 |            339 |             720 |
| Mahe        | GPON          | TV & Internet & Voice |         186 |          55 |             55 |             170 |
| Mahe        | GPON          | TV & OTT              |          89 |          24 |             24 |              28 |
| Mahe        | GPON          | TV & Voice            |          38 |          16 |             16 |              35 |
| Mahe        | GPON          | TV Only               |        1514 |        1044 |           1044 |            1102 |
| Mahe        | GPON          | Voice Only            |          13 |          13 |             13 |              13 |
| Mahe        | GPON          | Services Total        |        7531 |        3800 |           3800 |            5910 |
| Mahe        | HFC           | All                   |         148 |          24 |             24 |              78 |
| Mahe        | HFC           | Internet & Voice      |         304 |         139 |            139 |             269 |
| Mahe        | HFC           | Internet Only         |        3130 |        3112 |           3112 |            3128 |
| Mahe        | HFC           | OTT Only              |           1 |           1 |              1 |               1 |
| Mahe        | HFC           | TV & Internet         |        5335 |        2446 |           2446 |            4947 |
| Mahe        | HFC           | TV & Internet & OTT   |        1338 |         348 |            348 |             717 |
| Mahe        | HFC           | TV & Internet & Voice |         284 |          86 |             86 |             261 |
| Mahe        | HFC           | TV & OTT              |         230 |          38 |             38 |              48 |
| Mahe        | HFC           | TV & Voice            |          41 |          19 |             19 |              39 |
| Mahe        | HFC           | TV Only               |        7343 |        5851 |           5851 |            5968 |
| Mahe        | HFC           | Voice Only            |         137 |         136 |            136 |             137 |
| Mahe        | HFC           | Services Total        |       18291 |       12200 |          12200 |           15593 |
| Mahe        | Network Total | Services Total        |       25822 |       16000 |          15929 |           21503 |
| Praslin     | GPON          | All                   |          21 |           3 |              3 |               9 |
| Praslin     | GPON          | Internet & Voice      |          14 |           7 |              7 |              14 |
| Praslin     | GPON          | Internet Only         |         228 |         228 |            228 |             228 |
| Praslin     | GPON          | TV & Internet         |         791 |         354 |            354 |             729 |
| Praslin     | GPON          | TV & Internet & OTT   |         417 |         117 |            117 |             241 |
| Praslin     | GPON          | TV & Internet & Voice |          17 |           5 |              5 |              16 |
| Praslin     | GPON          | TV & OTT              |          20 |           9 |              9 |               9 |
| Praslin     | GPON          | TV & Voice            |           4 |           2 |              2 |               4 |
| Praslin     | GPON          | TV Only               |         352 |         282 |            282 |             289 |
| Praslin     | GPON          | Voice Only            |           1 |           1 |              1 |               1 |
| Praslin     | GPON          | Services Total        |        1865 |        1008 |           1008 |            1540 |
| Praslin     | HFC           | Internet Only         |           1 |           1 |              1 |               1 |
| Praslin     | HFC           | TV & Internet         |           2 |           1 |              1 |               2 |
| Praslin     | HFC           | TV Only               |           5 |           3 |              3 |               3 |
| Praslin     | HFC           | Services Total        |           8 |           5 |              5 |               6 |
| Praslin     | Network Total | Services Total        |        1873 |        1013 |           1012 |            1546 |
| GRAND TOTAL | Network Total | Services Total        |       27695 |       17013 |          16938 |           23049 |
+-------------+---------------+-----------------------+-------------+-------------+----------------+-----------------+
41 rows in set (0.00 sec)

Query OK, 0 rows affected (0.01 sec)

Query OK, 27001 rows affected (0.40 sec)
Records: 27001  Duplicates: 0  Warnings: 0

Query OK, 0 rows affected (0.01 sec)

Query OK, 2129 rows affected (1.47 sec)
Records: 2129  Duplicates: 0  Warnings: 0

+--------------------------------------+
| message                              |
+--------------------------------------+
| running rcbill_my.sp_ActiveNumber2() |
+--------------------------------------+
1 row in set (0.00 sec)

Query OK, 365 rows affected (1 min 43.22 sec)

mysql> mysql \. C:\workspace\cloud\code\sql\_DailyScript\currenttime.sql
+---------------------+
| currenttime         |
+---------------------+
| 2020-09-21 09:46:49 |
+---------------------+
1 row in set (0.00 sec)

mysql> 
mysql> mysql \. C:\workspace\cloud\code\sql\_DailyScript\GetActiveNumbers Average -Pivot.sql
Database changed
+-------------------------------------+
| @today := subdate(current_date(),1) |
+-------------------------------------+
| 2020-09-20                          |
+-------------------------------------+
1 row in set (0.00 sec)

+-------------------------------------+
| @lastdayofmonth := last_day(@today) |
+-------------------------------------+
| 2020-09-30                          |
+-------------------------------------+
1 row in set (0.00 sec)

Query OK, 0 rows affected (0.01 sec)

Query OK, 41757 rows affected, 65535 warnings (51.47 sec)
Records: 41757  Duplicates: 0  Warnings: 85076

Query OK, 0 rows affected (0.09 sec)
Records: 0  Duplicates: 0  Warnings: 0

Query OK, 0 rows affected (0.12 sec)
Records: 0  Duplicates: 0  Warnings: 0

Query OK, 0 rows affected (0.09 sec)
Records: 0  Duplicates: 0  Warnings: 0

+-----------------+
| activenumberavg |
+-----------------+
|           41757 |
+-----------------+
1 row in set (0.01 sec)

Query OK, 0 rows affected (0.02 sec)

Query OK, 1912 rows affected (0.49 sec)
Records: 1912  Duplicates: 0  Warnings: 0

+---------------------+
| rep_activenumberavg |
+---------------------+
|                1912 |
+---------------------+
1 row in set (0.01 sec)

+----------------------+
| rep_activenumberavg1 |
+----------------------+
|                  895 |
+----------------------+
1 row in set (0.00 sec)

Query OK, 0 rows affected (0.00 sec)

Query OK, 2174 rows affected (0.40 sec)
Records: 2174  Duplicates: 0  Warnings: 0

Query OK, 0 rows affected (0.00 sec)

Query OK, 11129 rows affected (0.68 sec)
Records: 11129  Duplicates: 0  Warnings: 0

Query OK, 0 rows affected (0.00 sec)

Query OK, 0 rows affected (0.01 sec)

Query OK, 0 rows affected (0.01 sec)

Query OK, 0 rows affected (0.00 sec)

Query OK, 0 rows affected (0.00 sec)
Statement prepared

Query OK, 53 rows affected (0.04 sec)
Records: 53  Duplicates: 0  Warnings: 0

Query OK, 0 rows affected (0.00 sec)

Query OK, 0 rows affected (0.00 sec)

+----------------------+
| rep_activenumberavg2 |
+----------------------+
|                 2174 |
+----------------------+
1 row in set (0.00 sec)

+------------------------+
| rep_activenumberavg_pv |
+------------------------+
|                     53 |
+------------------------+
1 row in set (0.00 sec)

Query OK, 0 rows affected (0.00 sec)

Query OK, 2173 rows affected (0.32 sec)
Records: 2173  Duplicates: 0  Warnings: 0

Query OK, 0 rows affected (0.00 sec)

Query OK, 0 rows affected (0.00 sec)

Query OK, 0 rows affected (0.01 sec)

Query OK, 0 rows affected (0.00 sec)

Query OK, 0 rows affected (0.00 sec)
Statement prepared

Query OK, 53 rows affected (0.04 sec)
Records: 53  Duplicates: 0  Warnings: 0

Query OK, 0 rows affected (0.00 sec)

Query OK, 0 rows affected (0.00 sec)

+-------------------------+
| rep_activenumberavgMahe |
+-------------------------+
|                    2173 |
+-------------------------+
1 row in set (0.00 sec)

+----------------------------+
| rep_activenumberavgMahe_pv |
+----------------------------+
|                         53 |
+----------------------------+
1 row in set (0.00 sec)

Query OK, 0 rows affected (0.00 sec)

Query OK, 1388 rows affected (0.15 sec)
Records: 1388  Duplicates: 0  Warnings: 0

Query OK, 0 rows affected (0.00 sec)

Query OK, 0 rows affected (0.00 sec)

Query OK, 0 rows affected (0.01 sec)

Query OK, 0 rows affected (0.00 sec)

Query OK, 0 rows affected (0.00 sec)
Statement prepared

Query OK, 40 rows affected (0.03 sec)
Records: 40  Duplicates: 0  Warnings: 0

Query OK, 0 rows affected (0.00 sec)

Query OK, 0 rows affected (0.00 sec)

+----------------------------+
| rep_activenumberavgPraslin |
+----------------------------+
|                       1388 |
+----------------------------+
1 row in set (0.00 sec)

+-------------------------------+
| rep_activenumberavgPraslin_pv |
+-------------------------------+
|                            40 |
+-------------------------------+
1 row in set (0.00 sec)

mysql> mysql \. C:\workspace\cloud\code\sql\_DailyScript\currenttime.sql
+---------------------+
| currenttime         |
+---------------------+
| 2020-09-21 09:47:44 |
+---------------------+
1 row in set (0.00 sec)

mysql> 
mysql> 
mysql> 
mysql> 
mysql> 
mysql> 
mysql> 
mysql> 
mysql> 
mysql> 
mysql> 
mysql> 
mysql> 
mysql> 
mysql> 
mysql> 
mysql> 
mysql> 
mysql> 
mysql> 
mysql> 
mysql> 
mysql> exit
