    -> 
    -> mysql \. C:\workspace\cloud\code\sql\_DailyScript\_setdates.sql
Query OK, 0 rows affected (0.00 sec)

Query OK, 0 rows affected (1.48 sec)

Database changed
Query OK, 0 rows affected (0.00 sec)

Query OK, 0 rows affected (0.00 sec)

Query OK, 0 rows affected (0.00 sec)

Query OK, 0 rows affected (0.00 sec)

Query OK, 0 rows affected (0.00 sec)

Query OK, 0 rows affected (0.00 sec)

Query OK, 0 rows affected (0.00 sec)

Query OK, 0 rows affected (0.00 sec)

Query OK, 0 rows affected (0.00 sec)

Query OK, 0 rows affected (0.00 sec)

Query OK, 0 rows affected (0.00 sec)

Query OK, 0 rows affected (0.00 sec)

Query OK, 0 rows affected (0.00 sec)

Query OK, 0 rows affected (0.00 sec)

Query OK, 0 rows affected (0.00 sec)

Query OK, 0 rows affected (0.00 sec)

Query OK, 0 rows affected (0.00 sec)

Query OK, 0 rows affected (0.00 sec)

Query OK, 0 rows affected (0.00 sec)

Query OK, 0 rows affected (0.00 sec)

Query OK, 0 rows affected (0.00 sec)

Query OK, 0 rows affected (0.00 sec)

mysql> mysql \. C:\workspace\cloud\code\sql\_DailyScript\currenttime.sql
+---------------------+
| currenttime         |
+---------------------+
| 2021-05-20 05:27:02 |
+---------------------+
1 row in set (0.00 sec)

mysql> 
mysql> mysql \. C:\workspace\cloud\code\sql\_DailyScript\load_RCB_VODTITLES.sql
Database changed
Query OK, 0 rows affected (0.00 sec)

Query OK, 14947 rows affected (0.17 sec)

Query OK, 14949 rows affected, 14949 warnings (0.35 sec)
Records: 14949  Deleted: 0  Skipped: 0  Warnings: 14949

Query OK, 0 rows affected (0.00 sec)

Query OK, 2 rows affected (0.01 sec)

+-----------+
| VODTITLES |
+-----------+
|     15407 |
+-----------+
1 row in set (0.01 sec)

+-----------+-----------+
| titletype | typecount |
+-----------+-----------+
| E         |     12626 |
| N         |       246 |
| T         |      2075 |
| NULL      |     14947 |
+-----------+-----------+
4 rows in set (0.05 sec)

mysql> mysql \. C:\workspace\cloud\code\sql\_DailyScript\currenttime.sql
+---------------------+
| currenttime         |
+---------------------+
| 2021-05-20 05:27:03 |
+---------------------+
1 row in set (0.00 sec)

mysql> 
mysql> mysql \. C:\workspace\cloud\code\sql\_DailyScript\DAILY-SCRIPT-LIVETV-STATS.sql
Database changed
Query OK, 0 rows affected (0.01 sec)

Query OK, 101627 rows affected (1.19 sec)
Records: 101627  Duplicates: 0  Warnings: 0

+------------+------------+----------+--------------+--------------+-----------+-------------+----------+--------+------+------------+---------+---------------+
| Table      | Non_unique | Key_name | Seq_in_index | Column_name  | Collation | Cardinality | Sub_part | Packed | Null | Index_type | Comment | Index_comment |
+------------+------------+----------+--------------+--------------+-----------+-------------+----------+--------+------+------------+---------+---------------+
| templivetv |          1 | idxtv1   |            1 | device       | A         |      101319 |     NULL | NULL   | YES  | BTREE      |         |               |
| templivetv |          1 | idxtv2   |            1 | sessionstart | A         |      101319 |     NULL | NULL   | YES  | BTREE      |         |               |
+------------+------------+----------+--------------+--------------+-----------+-------------+----------+--------+------+------------+---------+---------------+
2 rows in set (0.00 sec)

Query OK, 101710 rows affected (13.16 sec)
Records: 101710  Duplicates: 0  Warnings: 0

Query OK, 2606 rows affected (0.70 sec)
Records: 2606  Duplicates: 0  Warnings: 0

Query OK, 0 rows affected (0.00 sec)

Query OK, 0 rows affected (0.00 sec)

Query OK, 132 rows affected (0.03 sec)
Records: 132  Duplicates: 0  Warnings: 0

Query OK, 0 rows affected (0.00 sec)

Query OK, 66530 rows affected (7 min 0.22 sec)
Records: 66530  Duplicates: 0  Warnings: 0

+-----------------+
| rep_livetvstats |
+-----------------+
|           66530 |
+-----------------+
1 row in set (0.02 sec)

mysql> mysql \. C:\workspace\cloud\code\sql\_DailyScript\currenttime.sql
+---------------------+
| currenttime         |
+---------------------+
| 2021-05-20 05:34:18 |
+---------------------+
1 row in set (0.00 sec)

mysql> 
mysql> mysql \. C:\workspace\cloud\code\sql\_DailyScript\DAILY-SCRIPT-VODTS-STATS.sql
Database changed
Query OK, 0 rows affected (0.01 sec)

Query OK, 7656 rows affected (25.10 sec)
Records: 7656  Duplicates: 0  Warnings: 0

+---------+------------+----------+--------------+--------------+-----------+-------------+----------+--------+------+------------+---------+---------------+
| Table   | Non_unique | Key_name | Seq_in_index | Column_name  | Collation | Cardinality | Sub_part | Packed | Null | Index_type | Comment | Index_comment |
+---------+------------+----------+--------------+--------------+-----------+-------------+----------+--------+------+------------+---------+---------------+
| tempvod |          1 | idxtvod1 |            1 | device       | A         |        7890 |     NULL | NULL   | YES  | BTREE      |         |               |
| tempvod |          1 | idxtvod2 |            1 | sessionstart | A         |        7890 |     NULL | NULL   | YES  | BTREE      |         |               |
+---------+------------+----------+--------------+--------------+-----------+-------------+----------+--------+------+------------+---------+---------------+
2 rows in set (0.00 sec)

Query OK, 7683 rows affected (3.83 sec)
Records: 7683  Duplicates: 0  Warnings: 0

Query OK, 0 rows affected (0.02 sec)

Query OK, 1193452 rows affected (1 min 39.90 sec)
Records: 1193452  Duplicates: 0  Warnings: 0

+--------------+
| rep_vodstats |
+--------------+
|      1193452 |
+--------------+
1 row in set (0.34 sec)

Database changed
Query OK, 0 rows affected (0.01 sec)

Query OK, 23258 rows affected (46.04 sec)
Records: 23258  Duplicates: 0  Warnings: 0

+--------+------------+----------+--------------+--------------+-----------+-------------+----------+--------+------+------------+---------+---------------+
| Table  | Non_unique | Key_name | Seq_in_index | Column_name  | Collation | Cardinality | Sub_part | Packed | Null | Index_type | Comment | Index_comment |
+--------+------------+----------+--------------+--------------+-----------+-------------+----------+--------+------+------------+---------+---------------+
| tempts |          1 | idxtts1  |            1 | device       | A         |       23347 |     NULL | NULL   | YES  | BTREE      |         |               |
| tempts |          1 | idxtts2  |            1 | sessionstart | A         |       23347 |     NULL | NULL   | YES  | BTREE      |         |               |
+--------+------------+----------+--------------+--------------+-----------+-------------+----------+--------+------+------------+---------+---------------+
2 rows in set (0.00 sec)

Query OK, 23313 rows affected (14.96 sec)
Records: 23313  Duplicates: 0  Warnings: 0

Query OK, 0 rows affected (0.01 sec)

Query OK, 47957 rows affected (46.16 sec)
Records: 47957  Duplicates: 0  Warnings: 0

+-------------+
| rep_tsstats |
+-------------+
|       47957 |
+-------------+
1 row in set (0.02 sec)

mysql> mysql \. C:\workspace\cloud\code\sql\_DailyScript\currenttime.sql
+---------------------+
| currenttime         |
+---------------------+
| 2021-05-20 05:38:15 |
+---------------------+
1 row in set (0.00 sec)

mysql> 
mysql> mysql \. C:\workspace\cloud\code\sql\_DailyScript\DAILY-SCRIPT-RADIO-STATS.sql
Database changed
Query OK, 0 rows affected (0.01 sec)

Query OK, 390867 rows affected (4.55 sec)
Records: 390867  Duplicates: 0  Warnings: 0

+-----------+------------+----------+--------------+--------------+-----------+-------------+----------+--------+------+------------+---------+---------------+
| Table     | Non_unique | Key_name | Seq_in_index | Column_name  | Collation | Cardinality | Sub_part | Packed | Null | Index_type | Comment | Index_comment |
+-----------+------------+----------+--------------+--------------+-----------+-------------+----------+--------+------+------------+---------+---------------+
| tempradio |          1 | idxtrad1 |            1 | device       | A         |      391736 |     NULL | NULL   | YES  | BTREE      |         |               |
| tempradio |          1 | idxtrad2 |            1 | sessionstart | A         |      391736 |     NULL | NULL   | YES  | BTREE      |         |               |
+-----------+------------+----------+--------------+--------------+-----------+-------------+----------+--------+------+------------+---------+---------------+
2 rows in set (0.00 sec)

Query OK, 311 rows affected (0.79 sec)
Records: 311  Duplicates: 0  Warnings: 0

Query OK, 0 rows affected (0.01 sec)

Query OK, 6380 rows affected (0.51 sec)
Records: 6380  Duplicates: 0  Warnings: 0

+----------------+
| rep_radiostats |
+----------------+
|           6380 |
+----------------+
1 row in set (0.00 sec)

mysql> mysql \. C:\workspace\cloud\code\sql\_DailyScript\currenttime.sql
+---------------------+
| currenttime         |
+---------------------+
| 2021-05-20 05:38:21 |
+---------------------+
1 row in set (0.00 sec)

mysql> 
mysql> mysql \. C:\workspace\cloud\code\sql\_DailyScript\DAILY_SCRIPT_TELEMETRY_PIVOT_2021.sql
Query OK, 0 rows affected (0.01 sec)

Query OK, 140 rows affected (0.12 sec)
Records: 140  Duplicates: 0  Warnings: 0

Query OK, 0 rows affected (0.01 sec)

Query OK, 12199 rows affected (1.72 sec)
Records: 12199  Duplicates: 0  Warnings: 0

Query OK, 0 rows affected (0.01 sec)

Query OK, 5 rows affected (0.02 sec)
Records: 5  Duplicates: 0  Warnings: 0

Query OK, 0 rows affected (0.00 sec)

Query OK, 44 rows affected (0.05 sec)
Records: 44  Duplicates: 0  Warnings: 0

mysql> mysql \. C:\workspace\cloud\code\sql\_DailyScript\currenttime.sql
+---------------------+
| currenttime         |
+---------------------+
| 2021-05-20 05:38:22 |
+---------------------+
1 row in set (0.00 sec)

mysql> 
mysql> mysql \. C:\workspace\cloud\code\sql\_DailyScript\telemetry_livetv_ranking2021.sql
Query OK, 0 rows affected (0.00 sec)

Query OK, 140 rows affected (0.02 sec)
Records: 140  Duplicates: 0  Warnings: 0

mysql> mysql \. C:\workspace\cloud\code\sql\_DailyScript\currenttime.sql
+---------------------+
| currenttime         |
+---------------------+
| 2021-05-20 05:38:23 |
+---------------------+
1 row in set (0.00 sec)

mysql> 
mysql> mysql \. C:\workspace\cloud\code\sql\_DailyScript\telemetry_radio_ranking2021.sql
Query OK, 0 rows affected (0.00 sec)

Query OK, 5 rows affected (0.02 sec)
Records: 5  Duplicates: 0  Warnings: 0

mysql> mysql \. C:\workspace\cloud\code\sql\_DailyScript\currenttime.sql
+---------------------+
| currenttime         |
+---------------------+
| 2021-05-20 05:38:23 |
+---------------------+
1 row in set (0.00 sec)

mysql> 
mysql> mysql \. C:\workspace\cloud\code\sql\_DailyScript\telemetry_ts_ranking2021.sql
Query OK, 0 rows affected (0.01 sec)

Query OK, 44 rows affected (0.02 sec)
Records: 44  Duplicates: 0  Warnings: 0

mysql> mysql \. C:\workspace\cloud\code\sql\_DailyScript\currenttime.sql
+---------------------+
| currenttime         |
+---------------------+
| 2021-05-20 05:38:23 |
+---------------------+
1 row in set (0.00 sec)

mysql> 
mysql> mysql \. C:\workspace\cloud\code\sql\_DailyScript\telemetry_vod_ranking2021.sql
Query OK, 0 rows affected (0.01 sec)

Query OK, 12199 rows affected (0.63 sec)
Records: 12199  Duplicates: 0  Warnings: 0

mysql> mysql \. C:\workspace\cloud\code\sql\_DailyScript\currenttime.sql
+---------------------+
| currenttime         |
+---------------------+
| 2021-05-20 05:38:23 |
+---------------------+
1 row in set (0.00 sec)

mysql> 
mysql> mysql \. C:\workspace\cloud\code\sql\_DailyScript\telemetry_vod_ranking2021_1.sql
Query OK, 0 rows affected (0.00 sec)

Query OK, 12199 rows affected (0.30 sec)
Records: 12199  Duplicates: 0  Warnings: 0

mysql> mysql \. C:\workspace\cloud\code\sql\_DailyScript\currenttime.sql
+---------------------+
| currenttime         |
+---------------------+
| 2021-05-20 05:38:24 |
+---------------------+
1 row in set (0.00 sec)

mysql> 
mysql> mysql \. C:\workspace\cloud\code\sql\_DailyScript\telemetry_vod_ranking2021_2.sql
Query OK, 0 rows affected (0.01 sec)

Query OK, 12199 rows affected (0.28 sec)
Records: 12199  Duplicates: 0  Warnings: 0

mysql> mysql \. C:\workspace\cloud\code\sql\_DailyScript\currenttime.sql
+---------------------+
| currenttime         |
+---------------------+
| 2021-05-20 05:38:24 |
+---------------------+
1 row in set (0.00 sec)

mysql> 
mysql> mysql \. C:\workspace\cloud\code\sql\_DailyScript\DAILY-SCRIPT-CREATE-LOAD.sql
Database changed
Database changed
Query OK, 0 rows affected (0.01 sec)

Query OK, 0 rows affected (0.01 sec)

Database changed
Query OK, 68026 rows affected (2.36 sec)
Records: 68026  Deleted: 0  Skipped: 0  Warnings: 0

Query OK, 0 rows affected (0.14 sec)
Records: 0  Duplicates: 0  Warnings: 0

Query OK, 0 rows affected (0.24 sec)
Records: 0  Duplicates: 0  Warnings: 0

Query OK, 0 rows affected (0.25 sec)
Records: 0  Duplicates: 0  Warnings: 0

Query OK, 0 rows affected (0.22 sec)
Records: 0  Duplicates: 0  Warnings: 0

+---------+
| clients |
+---------+
|   68026 |
+---------+
1 row in set (0.02 sec)

Query OK, 0 rows affected (0.01 sec)

Query OK, 15339 rows affected (6.89 sec)
Records: 15339  Duplicates: 0  Warnings: 0

Query OK, 0 rows affected (0.05 sec)
Records: 0  Duplicates: 0  Warnings: 0

+-------------------+
| rcb_clientparcels |
+-------------------+
|             15339 |
+-------------------+
1 row in set (0.01 sec)

Query OK, 0 rows affected (0.01 sec)

Query OK, 83531 rows affected (3.22 sec)
Records: 83531  Duplicates: 0  Warnings: 0

Query OK, 0 rows affected (0.27 sec)
Records: 0  Duplicates: 0  Warnings: 0

Query OK, 0 rows affected (0.01 sec)

Query OK, 68026 rows affected (13.09 sec)
Records: 68026  Duplicates: 0  Warnings: 0

Query OK, 0 rows affected (0.20 sec)
Records: 0  Duplicates: 0  Warnings: 0

Query OK, 0 rows affected (0.22 sec)
Records: 0  Duplicates: 0  Warnings: 0

Query OK, 0 rows affected (0.17 sec)
Records: 0  Duplicates: 0  Warnings: 0

+---------------+
| clientaddress |
+---------------+
|         68026 |
+---------------+
1 row in set (0.02 sec)

Database changed
Query OK, 0 rows affected (0.01 sec)

Query OK, 0 rows affected (0.01 sec)

Database changed
Query OK, 547674 rows affected, 65535 warnings (15.25 sec)
Records: 547674  Deleted: 0  Skipped: 0  Warnings: 229381

Query OK, 0 rows affected (1.13 sec)
Records: 0  Duplicates: 0  Warnings: 0

Query OK, 0 rows affected (2.28 sec)
Records: 0  Duplicates: 0  Warnings: 0

Query OK, 0 rows affected (1.17 sec)
Records: 0  Duplicates: 0  Warnings: 0

Query OK, 0 rows affected (0.01 sec)

Query OK, 547674 rows affected (38.88 sec)
Records: 547674  Duplicates: 0  Warnings: 0

Query OK, 0 rows affected (1.84 sec)
Records: 0  Duplicates: 0  Warnings: 0

Query OK, 0 rows affected (1.40 sec)
Records: 0  Duplicates: 0  Warnings: 0

+-----------+
| contracts |
+-----------+
|    547674 |
+-----------+
1 row in set (0.15 sec)

+-----------------+
| contractaddress |
+-----------------+
|          547674 |
+-----------------+
1 row in set (0.15 sec)

Database changed
Query OK, 0 rows affected (0.01 sec)

Query OK, 0 rows affected (0.01 sec)

Query OK, 7943 rows affected (0.15 sec)
Records: 7943  Deleted: 0  Skipped: 0  Warnings: 0

Query OK, 0 rows affected (0.01 sec)

Query OK, 7910 rows affected (0.15 sec)
Records: 7910  Duplicates: 0  Warnings: 0

Query OK, 0 rows affected (0.05 sec)
Records: 0  Duplicates: 0  Warnings: 0

Query OK, 0 rows affected (0.03 sec)
Records: 0  Duplicates: 0  Warnings: 0

Query OK, 0 rows affected (0.03 sec)
Records: 0  Duplicates: 0  Warnings: 0

Query OK, 0 rows affected (0.01 sec)

Query OK, 5980 rows affected (0.04 sec)
Records: 5980  Duplicates: 0  Warnings: 0

Query OK, 0 rows affected (0.03 sec)
Records: 0  Duplicates: 0  Warnings: 0

+-------------------+
| contractdiscounts |
+-------------------+
|              7943 |
+-------------------+
1 row in set (0.01 sec)

+-------------------------+
| clientcontractdiscounts |
+-------------------------+
|                    7910 |
+-------------------------+
1 row in set (0.00 sec)

+----------------------------+
| clientcontractlastdiscount |
+----------------------------+
|                       5980 |
+----------------------------+
1 row in set (0.00 sec)

Database changed
Query OK, 0 rows affected (0.01 sec)

Query OK, 0 rows affected (0.01 sec)

Database changed
Query OK, 146522 rows affected, 8 warnings (2.51 sec)
Records: 146522  Deleted: 0  Skipped: 0  Warnings: 8

Query OK, 0 rows affected (0.25 sec)
Records: 0  Duplicates: 0  Warnings: 0

Query OK, 0 rows affected (0.27 sec)
Records: 0  Duplicates: 0  Warnings: 0

Query OK, 0 rows affected (0.29 sec)
Records: 0  Duplicates: 0  Warnings: 0

Query OK, 0 rows affected (0.27 sec)
Records: 0  Duplicates: 0  Warnings: 0

Query OK, 0 rows affected (0.35 sec)
Records: 0  Duplicates: 0  Warnings: 0

Query OK, 0 rows affected (0.51 sec)
Records: 0  Duplicates: 0  Warnings: 0

Query OK, 0 rows affected (0.03 sec)

Query OK, 1861917 rows affected (1 min 33.80 sec)
Records: 1861917  Duplicates: 0  Warnings: 0

Query OK, 0 rows affected (6.30 sec)
Records: 0  Duplicates: 0  Warnings: 0

+---------+
| devices |
+---------+
|  146522 |
+---------+
1 row in set (0.08 sec)

+-----------------------+
| clientcontractdevices |
+-----------------------+
|               1861917 |
+-----------------------+
1 row in set (0.88 sec)

Query OK, 0 rows affected (0.01 sec)

Query OK, 146448 rows affected (6.53 sec)
Records: 146448  Duplicates: 0  Warnings: 0

+---------------------------+
| rep_clientcontractdevices |
+---------------------------+
|                    146448 |
+---------------------------+
1 row in set (0.05 sec)

Database changed
Query OK, 0 rows affected (0.01 sec)

Query OK, 0 rows affected (0.01 sec)

Query OK, 325154 rows affected (7.50 sec)
Records: 325154  Deleted: 0  Skipped: 0  Warnings: 0

Query OK, 0 rows affected (0.74 sec)
Records: 0  Duplicates: 0  Warnings: 0

Query OK, 0 rows affected (0.67 sec)
Records: 0  Duplicates: 0  Warnings: 0

Query OK, 0 rows affected (0.65 sec)
Records: 0  Duplicates: 0  Warnings: 0

Query OK, 0 rows affected (0.56 sec)
Records: 0  Duplicates: 0  Warnings: 0

+---------+
| tickets |
+---------+
|  325154 |
+---------+
1 row in set (0.09 sec)

Database changed
Query OK, 0 rows affected (0.01 sec)

Query OK, 0 rows affected (0.01 sec)

Empty set (0.00 sec)

Query OK, 0 rows affected (0.01 sec)
Records: 0  Duplicates: 0  Warnings: 0

Query OK, 373 rows affected, 2 warnings (0.05 sec)
Records: 373  Deleted: 0  Skipped: 0  Warnings: 2

+-----------------+
| tickettechusers |
+-----------------+
|             373 |
+-----------------+
1 row in set (0.00 sec)

Database changed
Query OK, 0 rows affected (0.01 sec)

Query OK, 0 rows affected (0.01 sec)

Query OK, 0 rows affected (0.02 sec)
Records: 0  Duplicates: 0  Warnings: 0

Query OK, 724475 rows affected, 50310 warnings (11.42 sec)
Records: 724475  Deleted: 0  Skipped: 0  Warnings: 50310

+-------------------+
| ticketassignments |
+-------------------+
|            724475 |
+-------------------+
1 row in set (0.19 sec)

Database changed
Query OK, 0 rows affected (0.02 sec)

Query OK, 0 rows affected (0.02 sec)

Query OK, 1452011 rows affected (15.98 sec)
Records: 1452011  Deleted: 0  Skipped: 0  Warnings: 0

Query OK, 0 rows affected (2.68 sec)
Records: 0  Duplicates: 0  Warnings: 0

Query OK, 0 rows affected (2.53 sec)
Records: 0  Duplicates: 0  Warnings: 0

Query OK, 0 rows affected (2.21 sec)
Records: 0  Duplicates: 0  Warnings: 0

Query OK, 0 rows affected (2.76 sec)
Records: 0  Duplicates: 0  Warnings: 0

+----------------+
| ticketcomments |
+----------------+
|        1452011 |
+----------------+
1 row in set (0.38 sec)

Database changed
Query OK, 0 rows affected (0.01 sec)

Query OK, 0 rows affected (0.01 sec)

Query OK, 483238 rows affected (35.55 sec)
Records: 483238  Deleted: 0  Skipped: 0  Warnings: 0

Query OK, 0 rows affected (2.36 sec)
Records: 0  Duplicates: 0  Warnings: 0

+----------+
| comments |
+----------+
|   483238 |
+----------+
1 row in set (0.14 sec)

Database changed
Query OK, 0 rows affected (0.03 sec)

Query OK, 0 rows affected (0.01 sec)

Query OK, 1726959 rows affected, 65535 warnings (1 min 19.26 sec)
Records: 1726959  Deleted: 0  Skipped: 0  Warnings: 1727012

Query OK, 0 rows affected (3.16 sec)
Records: 0  Duplicates: 0  Warnings: 0

Query OK, 0 rows affected (3.69 sec)
Records: 0  Duplicates: 0  Warnings: 0

Query OK, 0 rows affected (3.60 sec)
Records: 0  Duplicates: 0  Warnings: 0

Query OK, 0 rows affected (3.53 sec)
Records: 0  Duplicates: 0  Warnings: 0

Query OK, 0 rows affected (5.57 sec)
Records: 0  Duplicates: 0  Warnings: 0

+------------+
| devicesold |
+------------+
|    1726959 |
+------------+
1 row in set (0.45 sec)

Database changed
Query OK, 0 rows affected (0.02 sec)

Query OK, 0 rows affected (0.01 sec)

Query OK, 1855220 rows affected (22.97 sec)
Records: 1855220  Deleted: 0  Skipped: 0  Warnings: 0

Query OK, 0 rows affected (3.44 sec)
Records: 0  Duplicates: 0  Warnings: 0

Query OK, 0 rows affected (3.77 sec)
Records: 0  Duplicates: 0  Warnings: 0

Query OK, 0 rows affected (3.84 sec)
Records: 0  Duplicates: 0  Warnings: 0

+------------------+
| contractservices |
+------------------+
|          1855220 |
+------------------+
1 row in set (0.49 sec)

Database changed
Query OK, 0 rows affected (0.05 sec)

Query OK, 0 rows affected (0.01 sec)

Query OK, 4638423 rows affected (1 min 56.55 sec)
Records: 4638423  Deleted: 0  Skipped: 0  Warnings: 0

Query OK, 0 rows affected (17.06 sec)
Records: 0  Duplicates: 0  Warnings: 0

Query OK, 0 rows affected (16.68 sec)
Records: 0  Duplicates: 0  Warnings: 0

Query OK, 0 rows affected (13.64 sec)
Records: 0  Duplicates: 0  Warnings: 0

Query OK, 0 rows affected (14.08 sec)
Records: 0  Duplicates: 0  Warnings: 0

Query OK, 0 rows affected (12.62 sec)
Records: 0  Duplicates: 0  Warnings: 0

+------------------+
| invoicescontents |
+------------------+
|          4638423 |
+------------------+
1 row in set (1.33 sec)

Database changed
Query OK, 0 rows affected (0.07 sec)

Query OK, 0 rows affected (0.01 sec)

Query OK, 3289059 rows affected (3 min 2.87 sec)
Records: 3289059  Deleted: 0  Skipped: 0  Warnings: 0

Query OK, 0 rows affected (16.78 sec)
Records: 0  Duplicates: 0  Warnings: 0

Query OK, 0 rows affected (12.53 sec)
Records: 0  Duplicates: 0  Warnings: 0

Query OK, 0 rows affected (11.82 sec)
Records: 0  Duplicates: 0  Warnings: 0

Query OK, 0 rows affected (14.59 sec)
Records: 0  Duplicates: 0  Warnings: 0

Query OK, 0 rows affected (12.93 sec)
Records: 0  Duplicates: 0  Warnings: 0

Query OK, 0 rows affected (11.81 sec)
Records: 0  Duplicates: 0  Warnings: 0

+----------------+
| invoicesheader |
+----------------+
|        3289059 |
+----------------+
1 row in set (0.94 sec)

Database changed
Query OK, 0 rows affected (0.05 sec)

Query OK, 0 rows affected (0.01 sec)

Query OK, 3270406 rows affected (1 min 23.19 sec)
Records: 3270406  Deleted: 0  Skipped: 0  Warnings: 0

Query OK, 0 rows affected (11.93 sec)
Records: 0  Duplicates: 0  Warnings: 0

Query OK, 0 rows affected (8.59 sec)
Records: 0  Duplicates: 0  Warnings: 0

Query OK, 0 rows affected (7.89 sec)
Records: 0  Duplicates: 0  Warnings: 0

Query OK, 0 rows affected (8.24 sec)
Records: 0  Duplicates: 0  Warnings: 0

Query OK, 0 rows affected (9.45 sec)
Records: 0  Duplicates: 0  Warnings: 0

+---------+
| casa    |
+---------+
| 3270406 |
+---------+
1 row in set (0.91 sec)

Query OK, 0 rows affected (0.00 sec)

Query OK, 1631 rows affected (5.35 sec)
Rows matched: 1631  Changed: 1631  Warnings: 0

Query OK, 0 rows affected (0.01 sec)

Query OK, 16160 rows affected (1 min 23.00 sec)
Records: 16160  Duplicates: 0  Warnings: 0

+--------------------+
| rep_paycol_channel |
+--------------------+
|              16160 |
+--------------------+
1 row in set (0.01 sec)

Query OK, 0 rows affected (0.01 sec)

Query OK, 12314 rows affected (1 min 40.89 sec)
Records: 12314  Duplicates: 0  Warnings: 0

+----------------+
| rep_paycol_pos |
+----------------+
|          12314 |
+----------------+
1 row in set (0.01 sec)

Database changed
Query OK, 0 rows affected (0.01 sec)

Query OK, 0 rows affected (0.01 sec)

Database changed
Query OK, 40267 rows affected (0.72 sec)
Records: 40267  Deleted: 0  Skipped: 0  Warnings: 0

+-------+
| users |
+-------+
| 40267 |
+-------+
1 row in set (0.01 sec)

Query OK, 0 rows affected (0.08 sec)
Records: 0  Duplicates: 0  Warnings: 0

Database changed
Query OK, 0 rows affected (0.03 sec)

Query OK, 0 rows affected (0.01 sec)

Query OK, 1872898 rows affected, 2 warnings (27.56 sec)
Records: 1872898  Deleted: 0  Skipped: 0  Warnings: 2

Query OK, 0 rows affected (3.52 sec)
Records: 0  Duplicates: 0  Warnings: 0

Query OK, 0 rows affected (3.65 sec)
Records: 0  Duplicates: 0  Warnings: 0

Query OK, 0 rows affected (3.69 sec)
Records: 0  Duplicates: 0  Warnings: 0

Query OK, 0 rows affected (3.34 sec)
Records: 0  Duplicates: 0  Warnings: 0

Query OK, 0 rows affected (3.12 sec)
Records: 0  Duplicates: 0  Warnings: 0

+-------------+
| useractions |
+-------------+
|     1872898 |
+-------------+
1 row in set (0.50 sec)

Database changed
Query OK, 0 rows affected (0.09 sec)

Query OK, 0 rows affected (0.01 sec)

Database changed
Query OK, 28833389 rows affected (4 min 57.13 sec)
Records: 28833389  Deleted: 0  Skipped: 0  Warnings: 0

Query OK, 0 rows affected (1 min 15.53 sec)
Records: 0  Duplicates: 0  Warnings: 0

Query OK, 0 rows affected (1 min 10.79 sec)
Records: 0  Duplicates: 0  Warnings: 0

Query OK, 0 rows affected (1 min 10.70 sec)
Records: 0  Duplicates: 0  Warnings: 0

Query OK, 0 rows affected (1 min 4.79 sec)
Records: 0  Duplicates: 0  Warnings: 0

Query OK, 0 rows affected (1 min 23.01 sec)
Records: 0  Duplicates: 0  Warnings: 0

+----------+
| ipusage1 |
+----------+
| 28833389 |
+----------+
1 row in set (9.86 sec)

Query OK, 0 rows affected (0.03 sec)

Query OK, 1855147 rows affected (23.02 sec)
Records: 1855147  Duplicates: 0  Warnings: 0

Query OK, 0 rows affected (8.66 sec)
Records: 0  Duplicates: 0  Warnings: 0

Query OK, 0 rows affected (3.39 sec)
Records: 0  Duplicates: 0  Warnings: 0

Query OK, 0 rows affected (5.06 sec)
Records: 0  Duplicates: 0  Warnings: 0

+------------------------------+
| contractsservicepackageprice |
+------------------------------+
|                      1855147 |
+------------------------------+
1 row in set (0.51 sec)

Query OK, 0 rows affected (0.05 sec)

Query OK, 1855430 rows affected (2 min 7.79 sec)
Records: 1855430  Duplicates: 0  Warnings: 0

Query OK, 0 rows affected (10.92 sec)
Records: 0  Duplicates: 0  Warnings: 0

Query OK, 0 rows affected (9.72 sec)
Records: 0  Duplicates: 0  Warnings: 0

Query OK, 0 rows affected (5.42 sec)
Records: 0  Duplicates: 0  Warnings: 0

Query OK, 0 rows affected (6.63 sec)
Records: 0  Duplicates: 0  Warnings: 0

+------------------------------------+
| clientcontractsservicepackageprice |
+------------------------------------+
|                            1855430 |
+------------------------------------+
1 row in set (0.48 sec)

mysql> mysql \. C:\workspace\cloud\code\sql\_DailyScript\currenttime.sql
+---------------------+
| currenttime         |
+---------------------+
| 2021-05-20 06:13:43 |
+---------------------+
1 row in set (0.00 sec)

mysql> 
mysql> mysql \. C:\workspace\cloud\code\sql\_DailyScript\ticket_analysis.sql
Database changed
Query OK, 0 rows affected (0.03 sec)

Query OK, 812971 rows affected (27.69 sec)
Records: 812971  Duplicates: 0  Warnings: 0

Query OK, 0 rows affected (3.11 sec)
Records: 0  Duplicates: 0  Warnings: 0

Query OK, 0 rows affected (1.58 sec)
Records: 0  Duplicates: 0  Warnings: 0

Query OK, 0 rows affected (1.54 sec)
Records: 0  Duplicates: 0  Warnings: 0

Query OK, 0 rows affected (0.01 sec)

Query OK, 25421 rows affected (13.14 sec)
Records: 25421  Duplicates: 0  Warnings: 0

Query OK, 0 rows affected, 1 warning (0.00 sec)

Query OK, 117576 rows affected (8.02 sec)
Records: 117576  Duplicates: 0  Warnings: 0

Query OK, 0 rows affected, 1 warning (0.00 sec)

Query OK, 598277 rows affected (15.88 sec)
Records: 598277  Duplicates: 0  Warnings: 0

Query OK, 0 rows affected, 1 warning (0.00 sec)

Query OK, 598277 rows affected (16.49 sec)
Records: 598277  Duplicates: 0  Warnings: 0

Query OK, 0 rows affected (0.01 sec)

Query OK, 117688 rows affected (6.93 sec)
Records: 117688  Duplicates: 0  Warnings: 0

Database changed
Query OK, 0 rows affected (0.00 sec)

Query OK, 0 rows affected (0.02 sec)

Query OK, 812971 rows affected (30.39 sec)
Records: 812971  Duplicates: 0  Warnings: 0

Query OK, 0 rows affected (0.01 sec)

Query OK, 417024 rows affected (15.25 sec)
Records: 417024  Duplicates: 0  Warnings: 0

+--------------------------+
| clientticket_cmmtjourney |
+--------------------------+
|                   812971 |
+--------------------------+
1 row in set (1.05 sec)

+---------------------------+
| clientticket_assgnjourney |
+---------------------------+
|                    417024 |
+---------------------------+
1 row in set (0.19 sec)

Query OK, 0 rows affected (0.01 sec)

Query OK, 87 rows affected (0.21 sec)
Records: 87  Duplicates: 0  Warnings: 0

mysql> mysql \. C:\workspace\cloud\code\sql\_DailyScript\currenttime.sql
+---------------------+
| currenttime         |
+---------------------+
| 2021-05-20 06:16:04 |
+---------------------+
1 row in set (0.00 sec)

mysql> 
mysql> mysql \. C:\workspace\cloud\code\sql\_DailyScript\load_DailyCalls.sql
Database changed
Query OK, 402 rows affected (0.14 sec)
Records: 402  Deleted: 0  Skipped: 0  Warnings: 0

Query OK, 0 rows affected, 1 warning (0.00 sec)

Query OK, 402 rows affected (0.03 sec)
Records: 402  Duplicates: 0  Warnings: 0

Query OK, 0 rows affected, 1 warning (0.00 sec)

Query OK, 69421 rows affected (0.28 sec)
Records: 69421  Duplicates: 0  Warnings: 0

+----------------------+
| callingclientsbefore |
+----------------------+
|              1193497 |
+----------------------+
1 row in set (0.49 sec)

Query OK, 590 rows affected (8.56 sec)
Records: 590  Duplicates: 0  Warnings: 0

+---------------------+
| callingclientsafter |
+---------------------+
|             1194087 |
+---------------------+
1 row in set (0.31 sec)

Query OK, 0 rows affected (0.00 sec)

Query OK, 285 rows affected (3.81 sec)
Records: 285  Duplicates: 0  Warnings: 0

Query OK, 0 rows affected (0.01 sec)

Query OK, 23259 rows affected (3.77 sec)
Records: 23259  Duplicates: 0  Warnings: 0

+-----------+
| callstats |
+-----------+
|     23259 |
+-----------+
1 row in set (0.01 sec)

Query OK, 0 rows affected, 1 warning (0.00 sec)

Query OK, 590 rows affected (2.52 sec)
Records: 590  Duplicates: 0  Warnings: 0

+------------------------+
| rep_cccallreportbefore |
+------------------------+
|                1195041 |
+------------------------+
1 row in set (0.31 sec)

Query OK, 618 rows affected (0.15 sec)
Records: 618  Duplicates: 0  Warnings: 0

+-----------------------+
| rep_cccallreportafter |
+-----------------------+
|               1195659 |
+-----------------------+
1 row in set (0.32 sec)

Query OK, 0 rows affected (0.01 sec)

mysql> mysql \. C:\workspace\cloud\code\sql\_DailyScript\currenttime.sql
+---------------------+
| currenttime         |
+---------------------+
| 2021-05-20 06:16:25 |
+---------------------+
1 row in set (0.00 sec)

mysql> 
mysql> mysql \. C:\workspace\cloud\code\sql\_DailyScript\DAILY-SCRIPT-USAGE.sql
Database changed
Query OK, 0 rows affected (0.00 sec)

Query OK, 4480 rows affected, 13007 warnings (0.95 sec)
Records: 4480  Deleted: 0  Skipped: 0  Warnings: 13007

Query OK, 0 rows affected (0.00 sec)

Query OK, 6805 rows affected, 19745 warnings (1.21 sec)
Records: 6805  Deleted: 0  Skipped: 0  Warnings: 19745

Query OK, 0 rows affected (0.00 sec)

Query OK, 280 rows affected, 1005 warnings (0.04 sec)
Records: 280  Deleted: 0  Skipped: 0  Warnings: 1005

Query OK, 0 rows affected (0.00 sec)

Query OK, 179 rows affected, 637 warnings (0.03 sec)
Records: 179  Deleted: 0  Skipped: 0  Warnings: 637

+------------+
| dailyusage |
+------------+
|   17580458 |
+------------+
1 row in set (6.72 sec)

+------------+------------+------------+---------+
| datestart  | dateend    | insertedon | records |
+------------+------------+------------+---------+
| 2021-05-19 | 2021-05-19 | 2021-05-20 |   11744 |
| 2021-05-18 | 2021-05-18 | 2021-05-19 |   11702 |
| 2021-05-17 | 2021-05-17 | 2021-05-18 |   11520 |
| 2021-05-16 | 2021-05-16 | 2021-05-17 |   11542 |
| 2021-05-15 | 2021-05-15 | 2021-05-17 |   11664 |
+------------+------------+------------+---------+
5 rows in set (32.99 sec)

+----------+------------+------------+------------+---------+
| category | datestart  | dateend    | insertedon | records |
+----------+------------+------------+------------+---------+
| UNCAPPED | 2021-05-19 | 2021-05-19 | 2021-05-20 |    6805 |
| PREPAID  | 2021-05-19 | 2021-05-19 | 2021-05-20 |     280 |
| HOTSPOT  | 2021-05-19 | 2021-05-19 | 2021-05-20 |     179 |
| CAPPED   | 2021-05-19 | 2021-05-19 | 2021-05-20 |    4480 |
| UNCAPPED | 2021-05-18 | 2021-05-18 | 2021-05-19 |    6862 |
| PREPAID  | 2021-05-18 | 2021-05-18 | 2021-05-19 |     280 |
| HOTSPOT  | 2021-05-18 | 2021-05-18 | 2021-05-19 |     118 |
| CAPPED   | 2021-05-18 | 2021-05-18 | 2021-05-19 |    4442 |
| UNCAPPED | 2021-05-17 | 2021-05-17 | 2021-05-18 |    6729 |
| PREPAID  | 2021-05-17 | 2021-05-17 | 2021-05-18 |     291 |
| HOTSPOT  | 2021-05-17 | 2021-05-17 | 2021-05-18 |     132 |
| CAPPED   | 2021-05-17 | 2021-05-17 | 2021-05-18 |    4368 |
| UNCAPPED | 2021-05-16 | 2021-05-16 | 2021-05-17 |    6704 |
| PREPAID  | 2021-05-16 | 2021-05-16 | 2021-05-17 |     314 |
| HOTSPOT  | 2021-05-16 | 2021-05-16 | 2021-05-17 |     133 |
| CAPPED   | 2021-05-16 | 2021-05-16 | 2021-05-17 |    4391 |
| UNCAPPED | 2021-05-15 | 2021-05-15 | 2021-05-17 |    6845 |
| PREPAID  | 2021-05-15 | 2021-05-15 | 2021-05-17 |     285 |
| HOTSPOT  | 2021-05-15 | 2021-05-15 | 2021-05-17 |     132 |
| CAPPED   | 2021-05-15 | 2021-05-15 | 2021-05-17 |    4402 |
+----------+------------+------------+------------+---------+
20 rows in set (25.91 sec)

mysql> mysql \. C:\workspace\cloud\code\sql\_DailyScript\currenttime.sql
+---------------------+
| currenttime         |
+---------------------+
| 2021-05-20 06:17:33 |
+---------------------+
1 row in set (0.00 sec)

mysql> 
mysql> mysql \. C:\workspace\cloud\code\sql\_DailyScript\DAILY-SCRIPT-SALES-TELEMETRY.sql
Database changed
Query OK, 93 rows affected, 42 warnings (0.03 sec)
Records: 93  Deleted: 0  Skipped: 0  Warnings: 42

+------------+
| dailysales |
+------------+
|     233409 |
+------------+
1 row in set (0.25 sec)

Query OK, 0 rows affected (0.01 sec)

Query OK, 233409 rows affected (16.17 sec)
Records: 233409  Duplicates: 0  Warnings: 0

+--------+
| sales  |
+--------+
| 233409 |
+--------+
1 row in set (0.09 sec)

Query OK, 0 rows affected (0.01 sec)

Query OK, 3860 rows affected (0.39 sec)
Records: 3860  Duplicates: 0  Warnings: 0

+----------------+
| rep_dailysales |
+----------------+
|           3860 |
+----------------+
1 row in set (0.00 sec)

Query OK, 0 rows affected (0.00 sec)

Query OK, 3860 rows affected (0.59 sec)
Records: 3860  Duplicates: 0  Warnings: 0

+-------------------+
| rep_dailysalesreg |
+-------------------+
|              3860 |
+-------------------+
1 row in set (0.00 sec)

Query OK, 0 rows affected (0.00 sec)

Query OK, 2926 rows affected (0.75 sec)
Records: 2926  Duplicates: 0  Warnings: 0

+-----------+
| saleslist |
+-----------+
|      2926 |
+-----------+
1 row in set (0.00 sec)

Database changed
ERROR 2 (HY000): File 'C:\ProgramData\MySQL\MySQL Server 5.7\Uploads\_csv\PrepaidCardSales-19052021-P1.csv' not found (Errcode: 2 - No such file or directory)
+------------------+
| dailysinglesales |
+------------------+
|             6512 |
+------------------+
1 row in set (0.01 sec)

Database changed
Query OK, 27 rows affected (0.04 sec)
Records: 27  Deleted: 0  Skipped: 0  Warnings: 0

+-----------------+
| dailyaddonsales |
+-----------------+
|           23502 |
+-----------------+
1 row in set (0.04 sec)

Query OK, 217 rows affected (0.05 sec)
Records: 217  Deleted: 0  Skipped: 0  Warnings: 0

+----------------+
| onlinepayments |
+----------------+
|         187887 |
+----------------+
1 row in set (0.12 sec)

+-------------+----------------+---------------------+
| paymentdate | onlinepayments | onlinepaymentamount |
+-------------+----------------+---------------------+
| 2021-05-19  |            217 |        129113.49000 |
| 2021-05-18  |            222 |        126289.44000 |
| 2021-05-17  |            253 |        160515.16000 |
| 2021-05-16  |            201 |        121346.08000 |
| 2021-05-15  |            223 |        139697.45000 |
+-------------+----------------+---------------------+
5 rows in set (0.52 sec)

+-------------+--------------+----------------+---------------------+
| paymentyear | paymentmonth | onlinepayments | onlinepaymentamount |
+-------------+--------------+----------------+---------------------+
|        2021 |            5 |           5147 |       3252528.85000 |
|        2021 |            4 |           8607 |       5573873.25000 |
|        2021 |            3 |           9164 |       5894594.15000 |
|        2021 |            2 |           8581 |       5454096.95000 |
|        2021 |            1 |           9124 |       5808374.04000 |
+-------------+--------------+----------------+---------------------+
5 rows in set (0.18 sec)

mysql> mysql \. C:\workspace\cloud\code\sql\_DailyScript\currenttime.sql
+---------------------+
| currenttime         |
+---------------------+
| 2021-05-20 06:17:52 |
+---------------------+
1 row in set (0.00 sec)

mysql> 
mysql> mysql \. C:\workspace\cloud\code\sql\_DailyScript\DAILY-SCRIPT-ACTIVENUMBERS.sql
Database changed
Query OK, 1125 rows affected (0.51 sec)
Records: 1125  Deleted: 0  Skipped: 0  Warnings: 0

+------------+----------+
| period     | count(1) |
+------------+----------+
| 2021-05-19 |     1125 |
| 2021-05-18 |     1124 |
| 2021-05-17 |     1126 |
| 2021-05-16 |     1128 |
| 2021-05-15 |     1129 |
+------------+----------+
5 rows in set (0.00 sec)

Query OK, 0 rows affected (0.00 sec)

Query OK, 76 rows affected (1.37 sec)
Records: 76  Duplicates: 0  Warnings: 0

+-------------+
| packagelist |
+-------------+
|          76 |
+-------------+
1 row in set (0.00 sec)

Database changed
Query OK, 0 rows affected (0.00 sec)

Query OK, 0 rows affected (0.00 sec)

Query OK, 0 rows affected (0.00 sec)

Query OK, 0 rows affected (0.00 sec)

Query OK, 28792 rows affected, 192 warnings (17.63 sec)
Records: 28792  Deleted: 0  Skipped: 0  Warnings: 192

+------------+----------+
| period     | count(1) |
+------------+----------+
| 2021-05-19 |    28792 |
| 2021-05-18 |    28816 |
| 2021-05-17 |    28708 |
| 2021-05-16 |    28594 |
| 2021-05-15 |    28768 |
+------------+----------+
5 rows in set (0.14 sec)

Query OK, 0 rows affected (0.01 sec)

Query OK, 28226 rows affected (52.10 sec)
Records: 28226  Duplicates: 0  Warnings: 0

Query OK, 0 rows affected (0.11 sec)
Records: 0  Duplicates: 0  Warnings: 0

Query OK, 0 rows affected (0.11 sec)
Records: 0  Duplicates: 0  Warnings: 0

Query OK, 0 rows affected (0.10 sec)
Records: 0  Duplicates: 0  Warnings: 0

Query OK, 0 rows affected (0.08 sec)
Records: 0  Duplicates: 0  Warnings: 0

Query OK, 0 rows affected (0.10 sec)
Records: 0  Duplicates: 0  Warnings: 0

Query OK, 0 rows affected (0.07 sec)
Records: 0  Duplicates: 0  Warnings: 0

+-------------+
| countbefore |
+-------------+
|    45953674 |
+-------------+
1 row in set (19.33 sec)

Query OK, 28226 rows affected (5.81 sec)
Records: 28226  Duplicates: 0  Warnings: 0

+------------+
| countafter |
+------------+
|   45981900 |
+------------+
1 row in set (15.09 sec)

+------------+--------------------------+
| period     | customercontractactivity |
+------------+--------------------------+
| 2021-05-19 |                    28226 |
| 2021-05-18 |                    28250 |
| 2021-05-17 |                    28141 |
| 2021-05-16 |                    28028 |
| 2021-05-15 |                    28201 |
+------------+--------------------------+
5 rows in set (0.06 sec)

Query OK, 0 rows affected (0.02 sec)

Query OK, 303656 rows affected (8 min 19.75 sec)
Records: 303656  Duplicates: 0  Warnings: 0

Query OK, 0 rows affected (1.01 sec)
Records: 0  Duplicates: 0  Warnings: 0

Query OK, 0 rows affected (1.16 sec)
Records: 0  Duplicates: 0  Warnings: 0

Query OK, 0 rows affected (1.16 sec)
Records: 0  Duplicates: 0  Warnings: 0

Query OK, 0 rows affected (0.01 sec)

Query OK, 185 rows affected (0.46 sec)
Records: 185  Duplicates: 0  Warnings: 0

Query OK, 0 rows affected (0.01 sec)

Query OK, 2617 rows affected (0.65 sec)
Records: 2617  Duplicates: 0  Warnings: 0

Query OK, 0 rows affected (0.01 sec)

Query OK, 28203 rows affected (0.59 sec)
Records: 28203  Duplicates: 0  Warnings: 0

Query OK, 0 rows affected (0.01 sec)

Query OK, 17247 rows affected (0.40 sec)
Records: 17247  Duplicates: 0  Warnings: 0

Query OK, 0 rows affected (0.01 sec)

Query OK, 17247 rows affected (0.13 sec)
Records: 17247  Duplicates: 0  Warnings: 0

Query OK, 0 rows affected (0.01 sec)

Query OK, 17247 rows affected (1.23 sec)
Records: 17247  Duplicates: 0  Warnings: 0

Query OK, 0 rows affected (0.03 sec)

Query OK, 17247 rows affected (45.39 sec)
Records: 17247  Duplicates: 0  Warnings: 0

+-------------+
| clientstats |
+-------------+
|       17247 |
+-------------+
1 row in set (0.01 sec)

Query OK, 0 rows affected (0.01 sec)

Query OK, 13 rows affected, 1 warning (0.11 sec)
Records: 13  Duplicates: 0  Warnings: 1

+-----------------------+-------------+-------------+----------------+-----------------+
| services              | activecount | allaccounts | uniqueaccounts | uniquecontracts |
+-----------------------+-------------+-------------+----------------+-----------------+
| All                   |         386 |          65 |             65 |             207 |
| Internet & OTT        |           4 |           2 |              2 |               2 |
| Internet & Voice      |         336 |         149 |            149 |             292 |
| Internet Only         |        4382 |        4264 |           4260 |            4308 |
| OTT Only              |           1 |           1 |              1 |               1 |
| TV & Internet         |        9957 |        4470 |           4464 |            9120 |
| TV & Internet & OTT   |        3742 |         964 |            962 |            1988 |
| TV & Internet & Voice |         520 |         146 |            146 |             449 |
| TV & OTT              |         537 |          78 |             76 |             101 |
| TV & Voice            |          72 |          32 |             32 |              66 |
| TV Only               |        8879 |        6957 |           6949 |            7150 |
| Voice Only            |         122 |         119 |            119 |             122 |
| GRAND TOTAL           |       28938 |       17247 |          17186 |           23806 |
+-----------------------+-------------+-------------+----------------+-----------------+
13 rows in set (0.00 sec)

+-------------+-------------+-------------+----------------+-----------------+
| network     | activecount | allaccounts | uniqueaccounts | uniquecontracts |
+-------------+-------------+-------------+----------------+-----------------+
| GPON        |       11823 |        5891 |           5888 |            9311 |
| HFC         |       17115 |       11356 |          11356 |           14495 |
| GRAND TOTAL |       28938 |       17247 |          17186 |           23806 |
+-------------+-------------+-------------+----------------+-----------------+
3 rows in set, 1 warning (0.12 sec)

+-------------+-----------------------+-------------+-------------+----------------+-----------------+
| network     | services              | activecount | allaccounts | uniqueaccounts | uniquecontracts |
+-------------+-----------------------+-------------+-------------+----------------+-----------------+
| GPON        | All                   |         266 |          48 |             48 |             150 |
| GPON        | Internet & Voice      |          88 |          37 |             37 |              78 |
| GPON        | Internet Only         |        1423 |        1324 |           1324 |            1350 |
| GPON        | TV & Internet         |        4945 |        2181 |           2181 |            4492 |
| GPON        | TV & Internet & OTT   |        2498 |         639 |            639 |            1326 |
| GPON        | TV & Internet & Voice |         253 |          66 |             66 |             206 |
| GPON        | TV & OTT              |         309 |          44 |             44 |              55 |
| GPON        | TV & Voice            |          50 |          22 |             22 |              46 |
| GPON        | TV Only               |        1980 |        1520 |           1520 |            1597 |
| GPON        | Voice Only            |          11 |          10 |             10 |              11 |
| GPON        | Services Total        |       11823 |        5891 |           5888 |            9311 |
| HFC         | All                   |         120 |          17 |             17 |              57 |
| HFC         | Internet & OTT        |           4 |           2 |              2 |               2 |
| HFC         | Internet & Voice      |         248 |         112 |            112 |             214 |
| HFC         | Internet Only         |        2959 |        2940 |           2940 |            2958 |
| HFC         | OTT Only              |           1 |           1 |              1 |               1 |
| HFC         | TV & Internet         |        5012 |        2289 |           2289 |            4628 |
| HFC         | TV & Internet & OTT   |        1244 |         325 |            325 |             662 |
| HFC         | TV & Internet & Voice |         267 |          80 |             80 |             243 |
| HFC         | TV & OTT              |         228 |          34 |             34 |              46 |
| HFC         | TV & Voice            |          22 |          10 |             10 |              20 |
| HFC         | TV Only               |        6899 |        5437 |           5437 |            5553 |
| HFC         | Voice Only            |         111 |         109 |            109 |             111 |
| HFC         | Services Total        |       17115 |       11356 |          11356 |           14495 |
| GRAND TOTAL | Services Total        |       28938 |       17247 |          17186 |           23806 |
+-------------+-----------------------+-------------+-------------+----------------+-----------------+
25 rows in set, 2 warnings (0.14 sec)

Query OK, 0 rows affected (0.01 sec)

Query OK, 44 rows affected, 3 warnings (0.18 sec)
Records: 44  Duplicates: 0  Warnings: 3

+-------------+---------------+-----------------------+-------------+-------------+----------------+-----------------+
| region      | network       | services              | activecount | allaccounts | uniqueaccounts | uniquecontracts |
+-------------+---------------+-----------------------+-------------+-------------+----------------+-----------------+
| Eden Island | GPON          | TV & Internet         |           2 |           1 |              1 |               2 |
| Eden Island | GPON          | Services Total        |           2 |           1 |              1 |               2 |
| Eden Island | Network Total | Services Total        |           2 |           1 |              1 |               2 |
| Mahe        | GPON          | All                   |         235 |          43 |             43 |             135 |
| Mahe        | GPON          | Internet & Voice      |          78 |          32 |             32 |              68 |
| Mahe        | GPON          | Internet Only         |        1192 |        1093 |           1093 |            1119 |
| Mahe        | GPON          | TV & Internet         |        4072 |        1793 |           1793 |            3692 |
| Mahe        | GPON          | TV & Internet & OTT   |        2142 |         540 |            540 |            1125 |
| Mahe        | GPON          | TV & Internet & Voice |         240 |          62 |             62 |             193 |
| Mahe        | GPON          | TV & OTT              |         283 |          34 |             34 |              45 |
| Mahe        | GPON          | TV & Voice            |          48 |          21 |             21 |              44 |
| Mahe        | GPON          | TV Only               |        1615 |        1230 |           1230 |            1291 |
| Mahe        | GPON          | Voice Only            |          11 |          10 |             10 |              11 |
| Mahe        | GPON          | Services Total        |        9916 |        4858 |           4858 |            7723 |
| Mahe        | HFC           | All                   |         120 |          17 |             17 |              57 |
| Mahe        | HFC           | Internet & OTT        |           4 |           2 |              2 |               2 |
| Mahe        | HFC           | Internet & Voice      |         248 |         112 |            112 |             214 |
| Mahe        | HFC           | Internet Only         |        2958 |        2939 |           2939 |            2957 |
| Mahe        | HFC           | OTT Only              |           1 |           1 |              1 |               1 |
| Mahe        | HFC           | TV & Internet         |        5010 |        2288 |           2288 |            4626 |
| Mahe        | HFC           | TV & Internet & OTT   |        1244 |         325 |            325 |             662 |
| Mahe        | HFC           | TV & Internet & Voice |         267 |          80 |             80 |             243 |
| Mahe        | HFC           | TV & OTT              |         228 |          34 |             34 |              46 |
| Mahe        | HFC           | TV & Voice            |          22 |          10 |             10 |              20 |
| Mahe        | HFC           | TV Only               |        6896 |        5435 |           5435 |            5551 |
| Mahe        | HFC           | Voice Only            |         111 |         109 |            109 |             111 |
| Mahe        | HFC           | Services Total        |       17109 |       11352 |          11352 |           14490 |
| Mahe        | Network Total | Services Total        |       27025 |       16210 |          16152 |           22213 |
| Praslin     | GPON          | All                   |          31 |           5 |              5 |              15 |
| Praslin     | GPON          | Internet & Voice      |          10 |           5 |              5 |              10 |
| Praslin     | GPON          | Internet Only         |         231 |         231 |            231 |             231 |
| Praslin     | GPON          | TV & Internet         |         871 |         387 |            387 |             798 |
| Praslin     | GPON          | TV & Internet & OTT   |         356 |          99 |             99 |             201 |
| Praslin     | GPON          | TV & Internet & Voice |          13 |           4 |              4 |              13 |
| Praslin     | GPON          | TV & OTT              |          26 |          10 |             10 |              10 |
| Praslin     | GPON          | TV & Voice            |           2 |           1 |              1 |               2 |
| Praslin     | GPON          | TV Only               |         365 |         290 |            290 |             306 |
| Praslin     | GPON          | Services Total        |        1905 |        1032 |           1032 |            1586 |
| Praslin     | HFC           | Internet Only         |           1 |           1 |              1 |               1 |
| Praslin     | HFC           | TV & Internet         |           2 |           1 |              1 |               2 |
| Praslin     | HFC           | TV Only               |           3 |           2 |              2 |               2 |
| Praslin     | HFC           | Services Total        |           6 |           4 |              4 |               5 |
| Praslin     | Network Total | Services Total        |        1911 |        1036 |           1036 |            1591 |
| GRAND TOTAL | Network Total | Services Total        |       28938 |       17247 |          17186 |           23806 |
+-------------+---------------+-----------------------+-------------+-------------+----------------+-----------------+
44 rows in set (0.00 sec)

Query OK, 0 rows affected (0.01 sec)

Query OK, 28204 rows affected (0.46 sec)
Records: 28204  Duplicates: 0  Warnings: 0

Query OK, 0 rows affected (0.01 sec)

Query OK, 2275 rows affected (1.49 sec)
Records: 2275  Duplicates: 0  Warnings: 0

+--------------------------------------+
| message                              |
+--------------------------------------+
| running rcbill_my.sp_ActiveNumber2() |
+--------------------------------------+
1 row in set (0.00 sec)

Query OK, 365 rows affected (1 min 58.28 sec)

mysql> mysql \. C:\workspace\cloud\code\sql\_DailyScript\currenttime.sql
+---------------------+
| currenttime         |
+---------------------+
| 2021-05-20 06:30:58 |
+---------------------+
1 row in set (0.00 sec)

mysql> 
mysql> mysql \. C:\workspace\cloud\code\sql\_DailyScript\GetActiveNumbers Average -Pivot.sql
Database changed
+-------------------------------------+
| @today := subdate(current_date(),1) |
+-------------------------------------+
| 2021-05-19                          |
+-------------------------------------+
1 row in set (0.00 sec)

+-------------------------------------+
| @lastdayofmonth := last_day(@today) |
+-------------------------------------+
| 2021-05-31                          |
+-------------------------------------+
1 row in set (0.00 sec)

Query OK, 0 rows affected (0.01 sec)

Query OK, 47663 rows affected, 65535 warnings (1 min 1.25 sec)
Records: 47663  Duplicates: 0  Warnings: 97835

Query OK, 0 rows affected (0.11 sec)
Records: 0  Duplicates: 0  Warnings: 0

Query OK, 0 rows affected (0.13 sec)
Records: 0  Duplicates: 0  Warnings: 0

Query OK, 0 rows affected (0.11 sec)
Records: 0  Duplicates: 0  Warnings: 0

+-----------------+
| activenumberavg |
+-----------------+
|           47663 |
+-----------------+
1 row in set (0.01 sec)

Query OK, 0 rows affected (0.01 sec)

Query OK, 1961 rows affected (0.55 sec)
Records: 1961  Duplicates: 0  Warnings: 0

+---------------------+
| rep_activenumberavg |
+---------------------+
|                1961 |
+---------------------+
1 row in set (0.00 sec)

+----------------------+
| rep_activenumberavg1 |
+----------------------+
|                  915 |
+----------------------+
1 row in set (0.00 sec)

Query OK, 0 rows affected (0.01 sec)

Query OK, 2507 rows affected (0.45 sec)
Records: 2507  Duplicates: 0  Warnings: 0

Query OK, 0 rows affected (0.01 sec)

Query OK, 12909 rows affected (0.81 sec)
Records: 12909  Duplicates: 0  Warnings: 0

Query OK, 0 rows affected (0.00 sec)

Query OK, 0 rows affected (0.01 sec)

Query OK, 0 rows affected (0.01 sec)

Query OK, 0 rows affected (0.00 sec)

Query OK, 0 rows affected (0.00 sec)
Statement prepared

Query OK, 53 rows affected (0.05 sec)
Records: 53  Duplicates: 0  Warnings: 0

Query OK, 0 rows affected (0.00 sec)

Query OK, 0 rows affected (0.00 sec)

+----------------------+
| rep_activenumberavg2 |
+----------------------+
|                 2507 |
+----------------------+
1 row in set (0.00 sec)

+------------------------+
| rep_activenumberavg_pv |
+------------------------+
|                     53 |
+------------------------+
1 row in set (0.00 sec)

Query OK, 0 rows affected (0.01 sec)

Query OK, 2506 rows affected (0.37 sec)
Records: 2506  Duplicates: 0  Warnings: 0

Query OK, 0 rows affected (0.00 sec)

Query OK, 0 rows affected (0.00 sec)

Query OK, 0 rows affected (0.01 sec)

Query OK, 0 rows affected (0.00 sec)

Query OK, 0 rows affected (0.00 sec)
Statement prepared

Query OK, 53 rows affected (0.05 sec)
Records: 53  Duplicates: 0  Warnings: 0

Query OK, 0 rows affected (0.00 sec)

Query OK, 0 rows affected (0.00 sec)

+-------------------------+
| rep_activenumberavgMahe |
+-------------------------+
|                    2506 |
+-------------------------+
1 row in set (0.00 sec)

+----------------------------+
| rep_activenumberavgMahe_pv |
+----------------------------+
|                         53 |
+----------------------------+
1 row in set (0.00 sec)

Query OK, 0 rows affected (0.01 sec)

Query OK, 1586 rows affected (0.17 sec)
Records: 1586  Duplicates: 0  Warnings: 0

Query OK, 0 rows affected (0.00 sec)

Query OK, 0 rows affected (0.00 sec)

Query OK, 0 rows affected (0.00 sec)

Query OK, 0 rows affected (0.00 sec)

Query OK, 0 rows affected (0.00 sec)
Statement prepared

Query OK, 40 rows affected (0.03 sec)
Records: 40  Duplicates: 0  Warnings: 0

Query OK, 0 rows affected (0.00 sec)

Query OK, 0 rows affected (0.00 sec)

+----------------------------+
| rep_activenumberavgPraslin |
+----------------------------+
|                       1586 |
+----------------------------+
1 row in set (0.00 sec)

+-------------------------------+
| rep_activenumberavgPraslin_pv |
+-------------------------------+
|                            40 |
+-------------------------------+
1 row in set (0.00 sec)

mysql> mysql \. C:\workspace\cloud\code\sql\_DailyScript\currenttime.sql
+---------------------+
| currenttime         |
+---------------------+
| 2021-05-20 06:32:02 |
+---------------------+
1 row in set (0.00 sec)

mysql> 
mysql> mysql \. C:\workspace\cloud\code\sql\_DailyScript\budget_actual_analysis_2021.sql
Query OK, 0 rows affected (0.01 sec)

Query OK, 755 rows affected, 3 warnings (0.13 sec)
Records: 755  Duplicates: 0  Warnings: 3

+--------------------+
| budget_actual_2021 |
+--------------------+
|                755 |
+--------------------+
1 row in set (0.00 sec)

Query OK, 0 rows affected (0.01 sec)

Query OK, 47 rows affected (0.04 sec)
Records: 47  Duplicates: 0  Warnings: 0

+---------------------------+
| rep_budget_actual_2021_pv |
+---------------------------+
|                        47 |
+---------------------------+
1 row in set (0.00 sec)

mysql> mysql \. C:\workspace\cloud\code\sql\_DailyScript\currenttime.sql
+---------------------+
| currenttime         |
+---------------------+
| 2021-05-20 06:32:02 |
+---------------------+
1 row in set (0.00 sec)

mysql> 
mysql> mysql \. C:\workspace\cloud\code\sql\_DailyScript\reports-sales-addons-prepaid-camera.sql
Database changed
Query OK, 0 rows affected (0.01 sec)

Query OK, 4285 rows affected (0.19 sec)
Records: 4285  Duplicates: 0  Warnings: 0

Query OK, 0 rows affected (0.01 sec)

Query OK, 23546 rows affected (13.76 sec)
Records: 23546  Duplicates: 0  Warnings: 0

+--------------------+
| rep_prepaid_camera |
+--------------------+
|               4285 |
+--------------------+
1 row in set (0.00 sec)

+-----------+
| rep_addon |
+-----------+
|     23546 |
+-----------+
1 row in set (0.01 sec)

mysql> mysql \. C:\workspace\cloud\code\sql\_DailyScript\currenttime.sql
+---------------------+
| currenttime         |
+---------------------+
| 2021-05-20 06:32:16 |
+---------------------+
1 row in set (0.00 sec)

mysql> 
mysql> mysql \. C:\workspace\cloud\code\sql\_DailyScript\RCB_ClientAnalyticsReport_Script.sql
Database changed
Query OK, 0 rows affected (0.00 sec)

Query OK, 0 rows affected (0.07 sec)

Query OK, 2065949 rows affected (1 min 10.16 sec)
Records: 2065949  Duplicates: 0  Warnings: 0

Query OK, 0 rows affected (9.37 sec)
Records: 0  Duplicates: 0  Warnings: 0

Query OK, 0 rows affected (6.12 sec)
Records: 0  Duplicates: 0  Warnings: 0

Query OK, 0 rows affected (8.32 sec)
Records: 0  Duplicates: 0  Warnings: 0

Query OK, 0 rows affected (8.74 sec)
Records: 0  Duplicates: 0  Warnings: 0

Query OK, 0 rows affected (10.02 sec)
Records: 0  Duplicates: 0  Warnings: 0

Query OK, 0 rows affected (7.22 sec)
Records: 0  Duplicates: 0  Warnings: 0

Query OK, 0 rows affected (0.00 sec)

Query OK, 513018 rows affected (12.48 sec)
Rows matched: 2065949  Changed: 513018  Warnings: 0

Query OK, 0 rows affected (0.01 sec)

Query OK, 29036 rows affected (8.04 sec)
Records: 29036  Duplicates: 0  Warnings: 0

+---------------------+
| clientcontractssubs |
+---------------------+
|               29036 |
+---------------------+
1 row in set (0.01 sec)

Query OK, 0 rows affected (0.01 sec)

Query OK, 44996 rows affected (11 min 13.84 sec)
Records: 44996  Duplicates: 0  Warnings: 0

Query OK, 0 rows affected (0.17 sec)
Records: 0  Duplicates: 0  Warnings: 0

Query OK, 0 rows affected (0.15 sec)
Records: 0  Duplicates: 0  Warnings: 0

Query OK, 0 rows affected (0.09 sec)
Records: 0  Duplicates: 0  Warnings: 0

+-----------------------+
| clientcontracthistory |
+-----------------------+
|                 44996 |
+-----------------------+
1 row in set (0.01 sec)

Query OK, 0 rows affected (0.02 sec)

Query OK, 2813983 rows affected (1 min 28.83 sec)
Records: 2813983  Duplicates: 0  Warnings: 0

Query OK, 0 rows affected (0.02 sec)

Query OK, 480555 rows affected (4 min 47.43 sec)
Records: 480555  Duplicates: 0  Warnings: 0

Query OK, 0 rows affected (1.53 sec)
Records: 0  Duplicates: 0  Warnings: 0

Query OK, 0 rows affected (0.79 sec)
Records: 0  Duplicates: 0  Warnings: 0

Query OK, 0 rows affected (1.92 sec)
Records: 0  Duplicates: 0  Warnings: 0

Query OK, 0 rows affected (0.88 sec)
Records: 0  Duplicates: 0  Warnings: 0

+--------------------------+
| clientcontractinvpmt_stg |
+--------------------------+
|                   480555 |
+--------------------------+
1 row in set (0.13 sec)

Query OK, 0 rows affected (0.02 sec)

Query OK, 480555 rows affected (11.05 sec)
Records: 480555  Duplicates: 0  Warnings: 0

Query OK, 0 rows affected (1.61 sec)
Records: 0  Duplicates: 0  Warnings: 0

Query OK, 0 rows affected (1.00 sec)
Records: 0  Duplicates: 0  Warnings: 0

Query OK, 0 rows affected (2.05 sec)
Records: 0  Duplicates: 0  Warnings: 0

Query OK, 0 rows affected (1.03 sec)
Records: 0  Duplicates: 0  Warnings: 0

+----------------------+
| clientcontractinvpmt |
+----------------------+
|               480555 |
+----------------------+
1 row in set (0.13 sec)

Query OK, 0 rows affected (0.04 sec)

Query OK, 44996 rows affected (1 min 28.55 sec)
Records: 44996  Duplicates: 0  Warnings: 0

+--------------+
| clientreport |
+--------------+
|        44996 |
+--------------+
1 row in set (0.02 sec)

Query OK, 0 rows affected (0.01 sec)

Query OK, 44996 rows affected (8.69 sec)
Records: 44996  Duplicates: 0  Warnings: 0

+----------------------+
| clientextendedreport |
+----------------------+
|                44996 |
+----------------------+
1 row in set (0.01 sec)

Query OK, 0 rows affected (0.01 sec)

Query OK, 44996 rows affected (1 min 4.45 sec)
Records: 44996  Duplicates: 0  Warnings: 0

+---------+
| allcust |
+---------+
|   44996 |
+---------+
1 row in set (0.02 sec)

Query OK, 0 rows affected, 1 warning (0.00 sec)

Query OK, 5000 rows affected (0.14 sec)
Records: 5000  Duplicates: 0  Warnings: 0

Query OK, 0 rows affected (0.01 sec)

Query OK, 6823 rows affected (0.28 sec)
Records: 6823  Duplicates: 0  Warnings: 0

Query OK, 0 rows affected, 1 warning (0.00 sec)

Query OK, 5000 rows affected (0.14 sec)
Records: 5000  Duplicates: 0  Warnings: 0

Query OK, 0 rows affected (0.01 sec)

Query OK, 7236 rows affected (0.17 sec)
Records: 7236  Duplicates: 0  Warnings: 0

mysql> mysql \. C:\workspace\cloud\code\sql\_DailyScript\currenttime.sql
+---------------------+
| currenttime         |
+---------------------+
| 2021-05-20 06:55:12 |
+---------------------+
1 row in set (0.00 sec)

mysql> 
mysql> 
mysql> mysql \. C:\workspace\cloud\code\sql\_DailyScript\REVENUE_PER_NODE_MXK.sql
Query OK, 0 rows affected (0.01 sec)

Query OK, 0 rows affected (0.01 sec)

Query OK, 0 rows affected (0.01 sec)

Query OK, 7969 rows affected (2.16 sec)
Records: 7969  Duplicates: 0  Warnings: 0

+----------------------+
| message              |
+----------------------+
| created temp table a |
+----------------------+
1 row in set (0.00 sec)

Query OK, 6786 rows affected (0.98 sec)
Records: 6786  Duplicates: 0  Warnings: 0

+----------------------+
| message              |
+----------------------+
| created temp table b |
+----------------------+
1 row in set (0.00 sec)

Query OK, 0 rows affected, 1 warning (0.00 sec)

Query OK, 8276 rows affected (22.26 sec)
Records: 8276  Duplicates: 0  Warnings: 0

+--------------------------------+
| message                        |
+--------------------------------+
| created rcbill_my.tempcustmxk1 |
+--------------------------------+
1 row in set (0.00 sec)

Query OK, 0 rows affected (0.01 sec)

Query OK, 0 rows affected (0.00 sec)

Query OK, 0 rows affected, 1 warning (0.00 sec)

Query OK, 7969 rows affected (1.87 sec)
Records: 7969  Duplicates: 0  Warnings: 0

+----------------+
| message        |
+----------------+
| created temp a |
+----------------+
1 row in set (0.00 sec)

Query OK, 6786 rows affected (0.85 sec)
Records: 6786  Duplicates: 0  Warnings: 0

+----------------+
| message        |
+----------------+
| created temp b |
+----------------+
1 row in set (0.00 sec)

Query OK, 0 rows affected, 1 warning (0.00 sec)

Query OK, 6913 rows affected (11.71 sec)
Records: 6913  Duplicates: 0  Warnings: 0

+--------------------------------+
| message                        |
+--------------------------------+
| created rcbill_my.tempcustmxk2 |
+--------------------------------+
1 row in set (0.00 sec)

Query OK, 0 rows affected (0.00 sec)

Query OK, 0 rows affected (0.00 sec)

Query OK, 0 rows affected, 1 warning (0.00 sec)

Query OK, 0 rows affected (0.01 sec)

Query OK, 9160 rows affected (0.42 sec)
Records: 9160  Duplicates: 0  Warnings: 0

+---------------------------------+
| message                         |
+---------------------------------+
| created rcbill_my.customers_mxk |
+---------------------------------+
1 row in set (0.00 sec)

Query OK, 0 rows affected (0.01 sec)

Query OK, 0 rows affected (0.00 sec)

Query OK, 14389 rows affected (5.92 sec)
Records: 14389  Duplicates: 0  Warnings: 0

+----------------+
| message        |
+----------------+
| created temp a |
+----------------+
1 row in set (0.00 sec)

Query OK, 17831 rows affected (1.84 sec)
Records: 17831  Duplicates: 0  Warnings: 0

+----------------+
| message        |
+----------------+
| created temp c |
+----------------+
1 row in set (0.00 sec)

Query OK, 0 rows affected, 1 warning (0.00 sec)

Query OK, 14389 rows affected (0.17 sec)
Records: 14389  Duplicates: 0  Warnings: 0

+---------------------------------+
| message                         |
+---------------------------------+
| created rcbill_my.tempcustcmts1 |
+---------------------------------+
1 row in set (0.00 sec)

Query OK, 0 rows affected (0.01 sec)

Query OK, 0 rows affected, 1 warning (0.00 sec)

Query OK, 0 rows affected (0.01 sec)

Query OK, 14389 rows affected (5.89 sec)
Records: 14389  Duplicates: 0  Warnings: 0

+----------------+
| message        |
+----------------+
| created temp a |
+----------------+
1 row in set (0.00 sec)

Query OK, 17831 rows affected (1.68 sec)
Records: 17831  Duplicates: 0  Warnings: 0

+----------------+
| message        |
+----------------+
| created temp c |
+----------------+
1 row in set (0.00 sec)

Query OK, 0 rows affected, 1 warning (0.00 sec)

Query OK, 17831 rows affected (0.16 sec)
Records: 17831  Duplicates: 0  Warnings: 0

+---------------------------------+
| message                         |
+---------------------------------+
| created rcbill_my.tempcustcmts2 |
+---------------------------------+
1 row in set (0.00 sec)

Query OK, 0 rows affected (0.01 sec)

Query OK, 0 rows affected, 1 warning (0.00 sec)

Query OK, 0 rows affected (0.01 sec)

Query OK, 0 rows affected (0.00 sec)

Query OK, 20772 rows affected (0.81 sec)
Records: 20772  Duplicates: 0  Warnings: 0

+----------------------------------+
| message                          |
+----------------------------------+
| created rcbill_my.customers_cmts |
+----------------------------------+
1 row in set (0.00 sec)

Query OK, 0 rows affected (0.01 sec)

Query OK, 0 rows affected (0.00 sec)

Query OK, 0 rows affected (0.01 sec)

Query OK, 25133 rows affected (0.97 sec)
Records: 25133  Duplicates: 0  Warnings: 0

+--------------------------------------+
| message                              |
+--------------------------------------+
| created rcbill_my.customers_cmts_mxk |
+--------------------------------------+
1 row in set (0.00 sec)

Query OK, 507923 rows affected (1 min 1.59 sec)
Records: 507923  Duplicates: 0  Warnings: 0

+----------------+
| message        |
+----------------+
| created temp a |
+----------------+
1 row in set (0.00 sec)

Query OK, 0 rows affected (0.01 sec)

Query OK, 508649 rows affected (9.76 sec)
Records: 508649  Duplicates: 0  Warnings: 0

+------------------------------------------------+
| message                                        |
+------------------------------------------------+
| created rcbill_my.customers_contracts_cmts_mxk |
+------------------------------------------------+
1 row in set (0.00 sec)

Query OK, 0 rows affected (0.03 sec)

Query OK, 0 rows affected, 1 warning (0.00 sec)

Query OK, 0 rows affected, 1 warning (0.00 sec)

Query OK, 0 rows affected (0.00 sec)

Query OK, 3994 rows affected (1.91 sec)
Rows matched: 3994  Changed: 3994  Warnings: 0

+------------------------------------------------+
| message                                        |
+------------------------------------------------+
| updated rcbill_my.customers_contracts_cmts_mxk |
+------------------------------------------------+
1 row in set (0.00 sec)

Query OK, 0 rows affected (0.03 sec)

Query OK, 2133229 rows affected (3 min 52.84 sec)
Records: 2133229  Duplicates: 0  Warnings: 0

+----------------------------------------+
| message                                |
+----------------------------------------+
| created rcbill_my.customers_collection |
+----------------------------------------+
1 row in set (0.00 sec)

Query OK, 0 rows affected (0.05 sec)

Query OK, 2466053 rows affected (1 min 48.39 sec)
Records: 2466053  Duplicates: 0  Warnings: 0

+------------------------------------------------+
| message                                        |
+------------------------------------------------+
| created rcbill_my.customers_cmts_mxk_cont_coll |
+------------------------------------------------+
1 row in set (0.00 sec)

Query OK, 0 rows affected (0.06 sec)

Query OK, 463077 rows affected (2 min 48.18 sec)
Records: 463077  Duplicates: 0  Warnings: 0

+--------------------------------------------------------+
| message                                                |
+--------------------------------------------------------+
| created rcbill_my.customers_contracts_collection_pivot |
+--------------------------------------------------------+
1 row in set (0.00 sec)

Query OK, 0 rows affected (0.03 sec)

Query OK, 41014 rows affected (2 min 54.21 sec)
Records: 41014  Duplicates: 0  Warnings: 0

+----------------------------------------------+
| message                                      |
+----------------------------------------------+
| created rcbill_my.customers_collection_pivot |
+----------------------------------------------+
1 row in set (0.00 sec)

Query OK, 0 rows affected (0.01 sec)

Query OK, 44996 rows affected (2.13 sec)
Records: 44996  Duplicates: 0  Warnings: 0

+--------------------------------------------+
| message                                    |
+--------------------------------------------+
| created rcbill_my.rep_customers_collection |
+--------------------------------------------+
1 row in set (0.00 sec)

Query OK, 0 rows affected (0.00 sec)

Query OK, 0 rows affected, 1 warning (0.00 sec)

Query OK, 471648 rows affected (14.51 sec)
Records: 471648  Duplicates: 0  Warnings: 0

+-------------------------+
| message                 |
+-------------------------+
| created rcbill_my.tempa |
+-------------------------+
1 row in set (0.00 sec)

Query OK, 0 rows affected, 1 warning (0.00 sec)

Query OK, 463077 rows affected (25.82 sec)
Records: 463077  Duplicates: 0  Warnings: 0

+-------------------------+
| message                 |
+-------------------------+
| created rcbill_my.tempb |
+-------------------------+
1 row in set (0.00 sec)

Query OK, 471648 rows affected (27.30 sec)
Records: 471648  Duplicates: 0  Warnings: 0

+-----------+
| message   |
+-----------+
| created a |
+-----------+
1 row in set (0.00 sec)

Query OK, 463077 rows affected (27.33 sec)
Records: 463077  Duplicates: 0  Warnings: 0

+-----------+
| message   |
+-----------+
| created b |
+-----------+
1 row in set (0.00 sec)

Query OK, 0 rows affected (0.05 sec)

Query OK, 0 rows affected (0.03 sec)

Query OK, 0 rows affected (0.04 sec)

Query OK, 508368 rows affected (59.54 sec)
Records: 508368  Duplicates: 0  Warnings: 0

+----------------------------------------------+
| message                                      |
+----------------------------------------------+
| created rcbill_my.cust_cont_payment_cmts_mxk |
+----------------------------------------------+
1 row in set (0.00 sec)

Query OK, 0 rows affected (0.02 sec)

Query OK, 0 rows affected (0.02 sec)

Query OK, 0 rows affected, 1 warning (0.00 sec)

Query OK, 0 rows affected (0.01 sec)

Query OK, 44996 rows affected (24.81 sec)
Records: 44996  Duplicates: 0  Warnings: 0

+--------------------------------------------------+
| message                                          |
+--------------------------------------------------+
| created rcbill_my.rep_cust_cont_payment_cmts_mxk |
+--------------------------------------------------+
1 row in set (0.00 sec)

Query OK, 0 rows affected, 1 warning (0.00 sec)

Query OK, 0 rows affected, 1 warning (0.00 sec)

Query OK, 0 rows affected (0.02 sec)

Query OK, 44996 rows affected (9.33 sec)
Records: 44996  Duplicates: 0  Warnings: 0

+----------------------+
| rep_custconsolidated |
+----------------------+
|                44996 |
+----------------------+
1 row in set (0.04 sec)

Query OK, 0 rows affected (0.03 sec)

+------------------------------------+
| message                            |
+------------------------------------+
| creating rcbill_my.rep_custextract |
+------------------------------------+
1 row in set (0.00 sec)

Query OK, 44996 rows affected (1.19 sec)
Records: 44996  Duplicates: 0  Warnings: 0

+-----------------+
| rep_custextract |
+-----------------+
|           44996 |
+-----------------+
1 row in set (0.01 sec)

Query OK, 0 rows affected (0.00 sec)

Query OK, 0 rows affected (0.01 sec)

+----------------------------------------------+
| message                                      |
+----------------------------------------------+
| creating rcbill_my.retentioncustomeractivity |
+----------------------------------------------+
1 row in set (0.00 sec)

Query OK, 907 rows affected (0.10 sec)
Records: 907  Duplicates: 0  Warnings: 0

+---------------------------+
| retentioncustomeractivity |
+---------------------------+
|                       907 |
+---------------------------+
1 row in set (0.00 sec)

+-----------+------------------------------------+------------+-------------+-----------------+------------------+---------------------+-------------------+
| HFC_NODE  | NODENAME                           | CMTS_DATE  | INSERTED_ON | UNIQUE_ACCOUNTS | UNIQUE_CONTRACTS | UNIQUE_MAC_INRCBOSS | UNIQUE_MAC_INCMTS |
+-----------+------------------------------------+------------+-------------+-----------------+------------------+---------------------+-------------------+
| NULL      | NULL                               | NULL       | 2021-05-20  |           12792 |            14002 |               13956 |                 0 |
| C5/0/0/U0 | ANSE-BOILEAU-2                     | 2021-03-10 | 2021-05-20  |               0 |                0 |                   0 |               204 |
| C5/0/0/U1 | 500-C3-ANSE-BOILEAU                | 2021-03-10 | 2021-05-20  |               0 |                0 |                   0 |               202 |
| C5/0/1/U0 | 501-C4-LA-MISIERE-LEFT-I           | 2021-03-10 | 2021-05-20  |               0 |                0 |                   0 |               164 |
| C5/0/1/U1 | 501-C5-LA-MISIERE-RIGHT            | 2021-03-10 | 2021-05-20  |               0 |                0 |                   0 |               115 |
| C5/0/1/U2 | 501-C7-LA-MISIERE-LEFT-II          | 2021-03-10 | 2021-05-20  |               0 |                0 |                   0 |               161 |
| C5/0/2/U0 | 502-C8-LA-LOUISE                   | 2021-03-10 | 2021-05-20  |               0 |                0 |                   0 |               139 |
| C5/0/2/U1 | LA-LOUISE-2                        | 2021-03-10 | 2021-05-20  |               0 |                0 |                   0 |               142 |
| C5/0/3/U0 | 504-C6-PETIT-PARIS                 | 2021-03-10 | 2021-05-20  |               0 |                0 |                   0 |               150 |
| C5/0/3/U1 | PETIT-PARIS-23                     | 2021-03-10 | 2021-05-20  |               0 |                0 |                   0 |                73 |
| C5/0/4/U0 | FOUR-SEASONS                       | 2021-03-10 | 2021-05-20  |               0 |                0 |                   0 |                 2 |
| C5/0/4/U1 | ANCHOR-CAFE-I                      | 2021-03-10 | 2021-05-20  |               0 |                0 |                   0 |               168 |
| C5/0/4/U2 | ANCHOR-CAFE-II                     | 2021-03-10 | 2021-05-20  |               0 |                0 |                   0 |               160 |
| C5/1/0/U0 | POINTE-LARUE-AIRPORT-23            | 2021-03-10 | 2021-05-20  |               0 |                0 |                   0 |               114 |
| C5/1/0/U1 | PPROVIDENCE-23                     | 2021-03-10 | 2021-05-20  |               0 |                0 |                   0 |                21 |
| C5/1/0/U2 | ROSHE-CAIMAN-23                    | 2021-03-10 | 2021-05-20  |               0 |                0 |                   0 |                11 |
| C5/1/0/U3 | HEAD-OFFICE | HO-23                | 2021-03-10 | 2021-05-20  |               0 |                0 |                   0 |                22 |
| C5/1/1/U1 | C5-UNION-VALE                      | 2021-03-10 | 2021-05-20  |               0 |                0 |                   0 |               187 |
| C5/1/3/U0 | POINTE-LARUE-AIRPORT-27            | 2021-03-10 | 2021-05-20  |               0 |                0 |                   0 |               149 |
| C5/1/3/U1 | PPROVIDENCE-27                     | 2021-03-10 | 2021-05-20  |               0 |                0 |                   0 |                23 |
| C5/1/3/U2 | ROSHE-CAIMAN-27                    | 2021-03-10 | 2021-05-20  |               0 |                0 |                   0 |                29 |
| C5/1/3/U3 | HEAD-OFFICE | HO-27                | 2021-03-10 | 2021-05-20  |               0 |                0 |                   0 |                21 |
| C5/1/4/U0 | ANSE-ROYALE-27                     | 2021-03-10 | 2021-05-20  |               0 |                0 |                   0 |                99 |
| C5/1/4/U1 | GLACIS-2-57                        | 2021-03-10 | 2021-05-20  |               0 |                0 |                   0 |                64 |
| C5/1/4/U2 | NULL                               | 2021-03-10 | 2021-05-20  |               0 |                0 |                   0 |               115 |
| C5/1/4/U3 | GLACIS-1                           | 2021-03-10 | 2021-05-20  |               0 |                0 |                   0 |                26 |
| C6/0/1/U0 | SERRET-ROAD-RIGHT/CURIO/PASCAL     | 2021-03-10 | 2021-05-20  |               0 |                0 |                   0 |               129 |
| C6/0/1/U1 | SERRET-ROAD-LEFT/ST.LOUIS/TOWN     | 2021-03-10 | 2021-05-20  |               0 |                0 |                   0 |                74 |
| C6/0/1/U2 | SERRET-ROAD-RIGHT/CURIO/PASCAL-2   | 2021-03-10 | 2021-05-20  |               0 |                0 |                   0 |               130 |
| C6/0/1/U3 | SERRET-ROAD-LEFT/ST.LOUIS/TOWN-2   | 2021-03-10 | 2021-05-20  |               0 |                0 |                   0 |                75 |
| C6/0/2/U0 | SANS-SOUCIS-I                      | 2021-03-10 | 2021-05-20  |               0 |                0 |                   0 |               134 |
| C6/0/2/U1 | SANS-SOUCIS-II                     | 2021-03-10 | 2021-05-20  |               0 |                0 |                   0 |                78 |
| C6/0/2/U2 | BEL-AIR-27                         | 2021-03-10 | 2021-05-20  |               0 |                0 |                   0 |                91 |
| C6/0/2/U3 | BEL-AIR-38                         | 2021-03-10 | 2021-05-20  |               0 |                0 |                   0 |                84 |
| C6/0/3/U0 | LES-MAMELLES-23                    | 2021-03-10 | 2021-05-20  |               0 |                0 |                   0 |                56 |
| C6/0/3/U1 | VICTORIA-23                        | 2021-03-10 | 2021-05-20  |               0 |                0 |                   0 |                22 |
| C6/0/4/U0 | LES-MAMELLES-27                    | 2021-03-10 | 2021-05-20  |               0 |                0 |                   0 |               100 |
| C6/0/4/U1 | VICTORIA-27                        | 2021-03-10 | 2021-05-20  |               0 |                0 |                   0 |                20 |
| C7/1/0/U0 | LA-RETRAITE-23                     | 2021-03-10 | 2021-05-20  |               0 |                0 |                   0 |                75 |
| C7/1/0/U1 | TEA-FACTORY-23                     | 2021-03-10 | 2021-05-20  |               0 |                0 |                   0 |                34 |
| C7/1/0/U2 | PAS-23                             | 2021-03-10 | 2021-05-20  |               0 |                0 |                   0 |                88 |
| C7/1/1/U0 | REEF-ESTATE-23                     | 2021-03-10 | 2021-05-20  |               0 |                0 |                   0 |                77 |
| C7/1/2/U0 | LA-RETRAITE-27                     | 2021-03-10 | 2021-05-20  |               0 |                0 |                   0 |                72 |
| C7/1/2/U1 | TEA-FACTORY-27                     | 2021-03-10 | 2021-05-20  |               0 |                0 |                   0 |                22 |
| C7/1/2/U2 | PAS-27                             | 2021-03-10 | 2021-05-20  |               0 |                0 |                   0 |               100 |
| C7/1/3/U0 | MT-BUXTON-27                       | 2021-03-10 | 2021-05-20  |               0 |                0 |                   0 |               156 |
| C7/1/3/U1 | MT-BUXTON-23                       | 2021-03-10 | 2021-05-20  |               0 |                0 |                   0 |                76 |
| C7/1/4/U0 | REEF-ESTATE-27                     | 2021-03-10 | 2021-05-20  |               0 |                0 |                   0 |                94 |
| C8/0/0/U0 | POLICE-ACADEMY-1-27 - POINTE LARUE | 2021-03-10 | 2021-05-20  |               0 |                0 |                   0 |                85 |
| C8/0/0/U1 | NULL                               | 2021-03-10 | 2021-05-20  |               0 |                0 |                   0 |               109 |
| C8/0/1/U0 | NULL                               | 2021-03-10 | 2021-05-20  |               0 |                0 |                   0 |               310 |
| C8/0/1/U1 | POLICE-ACADEMY-2-27 - TURTLE BAY   | 2021-03-10 | 2021-05-20  |               0 |                0 |                   0 |               165 |
| C8/1/0/U0 | MA-JOIE-NODE-27                    | 2021-03-10 | 2021-05-20  |               0 |                0 |                   0 |                92 |
| C8/1/0/U1 | BELONIE-27                         | 2021-03-10 | 2021-05-20  |               0 |                0 |                   0 |               146 |
| C8/1/0/U3 | MA-JOIE-NODE-23                    | 2021-03-10 | 2021-05-20  |               0 |                0 |                   0 |                91 |
| C8/1/1/U0 | 611-C1-ROJN I                      | 2021-03-10 | 2021-05-20  |               0 |                0 |                   0 |               116 |
| C8/1/1/U1 | 611-C5-ROJN II                     | 2021-03-10 | 2021-05-20  |               0 |                0 |                   0 |               118 |
| C8/1/2/U0 | 612-C2-ANSE-ETOILE                 | 2021-03-10 | 2021-05-20  |               0 |                0 |                   0 |               112 |
| C8/1/2/U1 | ANSE-ETOILE-U2                     | 2021-03-10 | 2021-05-20  |               0 |                0 |                   0 |                49 |
| C8/1/3/U0 | 613-C3-ANSE-GAULETTE I             | 2021-03-10 | 2021-05-20  |               0 |                0 |                   0 |                77 |
| C8/1/3/U1 | 613-C7-ANSE-GAULETTE II            | 2021-03-10 | 2021-05-20  |               0 |                0 |                   0 |                80 |
| C8/1/3/U2 | 613-C3-ANSE-GAULETTE III           | 2021-03-10 | 2021-05-20  |               0 |                0 |                   0 |                41 |
| C8/1/3/U3 | TAKAMAKA I                         | 2021-03-10 | 2021-05-20  |               0 |                0 |                   0 |               100 |
| C8/1/3/U4 | TAKAMAKA II                        | 2021-03-10 | 2021-05-20  |               0 |                0 |                   0 |               103 |
| C8/1/4/U0 | 614-BEOLIERE-NODE-1                | 2021-03-10 | 2021-05-20  |               0 |                0 |                   0 |               135 |
| C8/1/4/U1 | 614-BEOLIERE-NODE-2                | 2021-03-10 | 2021-05-20  |               0 |                0 |                   0 |               106 |
+-----------+------------------------------------+------------+-------------+-----------------+------------------+---------------------+-------------------+
66 rows in set (0.25 sec)

+-----------------------+------------+-------------+-----------------+------------------+----------------------+-------------------+
| MXK_NAME              | MXK_DATE   | INSERTED_ON | UNIQUE_ACCOUNTS | UNIQUE_CONTRACTS | UNIQUE_FSAN_INRCBOSS | UNIQUE_FSAN_INMXK |
+-----------------------+------------+-------------+-----------------+------------------+----------------------+-------------------+
| NULL                  | NULL       | 2021-05-20  |            2190 |             2243 |                 2229 |                 0 |
| MXK-MAHE-ANSEETOILE   | 2020-07-27 | 2021-05-20  |             376 |              380 |                  379 |               398 |
| MXK-MAHE-ANSEROYALE   | 2020-07-27 | 2021-05-20  |             170 |              172 |                  171 |               198 |
| MXK-MAHE-BEAUVALLON-1 | 2020-07-27 | 2021-05-20  |            1792 |             1821 |                 1809 |              1919 |
| MXK-MAHE-BEAUVALLON-2 | 2020-07-27 | 2021-05-20  |              26 |               26 |                   26 |                30 |
| MXK-MAHE-PERSEVERANCE | 2020-07-27 | 2021-05-20  |            1056 |             1081 |                 1067 |              1241 |
| MXK-MAHE-PROVIDENCE   | 2020-07-27 | 2021-05-20  |             994 |             1025 |                  944 |              1192 |
| MXK-PRASLIN-GRANDANSE | 2020-07-27 | 2021-05-20  |            1288 |             1292 |                 1284 |              1514 |
+-----------------------+------------+-------------+-----------------+------------------+----------------------+-------------------+
8 rows in set (0.11 sec)

mysql> mysql \. C:\workspace\cloud\code\sql\_DailyScript\currenttime.sql
+---------------------+
| currenttime         |
+---------------------+
| 2021-05-20 07:12:00 |
+---------------------+
1 row in set (0.00 sec)

mysql> 
mysql> mysql \. C:\workspace\cloud\code\sql\_DailyScript\housing-estate-analysis.sql
Database changed
Query OK, 0 rows affected (0.01 sec)

Query OK, 3719 rows affected (46.89 sec)
Records: 3719  Duplicates: 0  Warnings: 0

+--------------------+
| rep_housingestates |
+--------------------+
|               3719 |
+--------------------+
1 row in set (0.00 sec)

mysql> mysql \. C:\workspace\cloud\code\sql\_DailyScript\currenttime.sql
+---------------------+
| currenttime         |
+---------------------+
| 2021-05-20 07:12:47 |
+---------------------+
1 row in set (0.00 sec)

mysql> 
mysql> 
mysql> mysql \. C:\workspace\cloud\code\sql\Analysis\service_tickets_assignments.sql
Query OK, 0 rows affected (0.02 sec)

Query OK, 41414 rows affected (7.71 sec)
Records: 41414  Duplicates: 0  Warnings: 0

+-------------------------+
| rep_servicetickets_2021 |
+-------------------------+
|                   41414 |
+-------------------------+
1 row in set (0.05 sec)

mysql> mysql \. C:\workspace\cloud\code\sql\_DailyScript\currenttime.sql
+---------------------+
| currenttime         |
+---------------------+
| 2021-05-20 07:12:55 |
+---------------------+
1 row in set (0.00 sec)

mysql> 
mysql> mysql \. C:\workspace\cloud\code\sql\_DailyScript\DAILY-SCRIPT-USAGESTATS.sql
Database changed
Query OK, 0 rows affected (0.14 sec)

Query OK, 29150531 rows affected, 65535 warnings (7 min 1.72 sec)
Records: 29150531  Duplicates: 0  Warnings: 29141674

Query OK, 0 rows affected (1 min 21.12 sec)
Records: 0  Duplicates: 0  Warnings: 0

Query OK, 0 rows affected (1 min 18.74 sec)
Records: 0  Duplicates: 0  Warnings: 0

Query OK, 0 rows affected (1 min 17.60 sec)
Records: 0  Duplicates: 0  Warnings: 0

Query OK, 0 rows affected (1 min 11.46 sec)
Records: 0  Duplicates: 0  Warnings: 0

Query OK, 0 rows affected (1 min 56.78 sec)
Records: 0  Duplicates: 0  Warnings: 0

Query OK, 0 rows affected (2 min 4.31 sec)
Records: 0  Duplicates: 0  Warnings: 0

Query OK, 0 rows affected (1 min 49.09 sec)
Records: 0  Duplicates: 0  Warnings: 0

Query OK, 0 rows affected (1 min 15.95 sec)
Records: 0  Duplicates: 0  Warnings: 0

+----------+
| ipusage  |
+----------+
| 29150531 |
+----------+
1 row in set (9.13 sec)

Query OK, 0 rows affected (0.07 sec)

Query OK, 8004077 rows affected (7 min 31.79 sec)
Records: 8004077  Duplicates: 0  Warnings: 0

Query OK, 0 rows affected (30.16 sec)
Records: 0  Duplicates: 0  Warnings: 0

Query OK, 0 rows affected (18.58 sec)
Records: 0  Duplicates: 0  Warnings: 0

Query OK, 0 rows affected (30.04 sec)
Records: 0  Duplicates: 0  Warnings: 0

Query OK, 0 rows affected (33.85 sec)
Records: 0  Duplicates: 0  Warnings: 0

Query OK, 0 rows affected (20.24 sec)
Records: 0  Duplicates: 0  Warnings: 0

+------------------+
| clientcontractip |
+------------------+
|          8004077 |
+------------------+
1 row in set (2.21 sec)

Query OK, 0 rows affected (0.07 sec)

Query OK, 14321952 rows affected (2 min 41.63 sec)
Records: 14321952  Duplicates: 0  Warnings: 0

+---------------------------+
| clientcontractipusage_stg |
+---------------------------+
|                  14321952 |
+---------------------------+
1 row in set (6.00 sec)

+------------------------------------+
| clientcontractipusage_beforeinsert |
+------------------------------------+
|                           14321952 |
+------------------------------------+
1 row in set (7.62 sec)

Query OK, 11489 rows affected (11.77 sec)
Records: 11489  Duplicates: 0  Warnings: 0

+-----------------------------------+
| clientcontractipusage_afterinsert |
+-----------------------------------+
|                          14333441 |
+-----------------------------------+
1 row in set (5.33 sec)

+------------+----------+
| usagedate  | count(*) |
+------------+----------+
| 2021-05-19 |    11489 |
| 2021-05-18 |    11452 |
| 2021-05-17 |    11268 |
| 2021-05-16 |    11137 |
| 2021-05-15 |    11515 |
| 2021-05-14 |    11426 |
| 2021-05-13 |    11480 |
| 2021-05-12 |    11776 |
| 2021-05-11 |    10951 |
| 2021-05-10 |    10835 |
| 2021-05-09 |    10486 |
| 2021-05-08 |    10389 |
| 2021-05-07 |    10305 |
| 2021-05-06 |    10347 |
| 2021-05-05 |    10473 |
+------------+----------+
15 rows in set (0.07 sec)

Query OK, 0 rows affected (0.04 sec)

Query OK, 637501 rows affected (1 min 2.55 sec)
Records: 637501  Duplicates: 0  Warnings: 0

Query OK, 0 rows affected (2.10 sec)
Records: 0  Duplicates: 0  Warnings: 0

Query OK, 0 rows affected (1.90 sec)
Records: 0  Duplicates: 0  Warnings: 0

Query OK, 0 rows affected (2.22 sec)
Records: 0  Duplicates: 0  Warnings: 0

Query OK, 0 rows affected (1.15 sec)
Records: 0  Duplicates: 0  Warnings: 0

Query OK, 0 rows affected (1.13 sec)
Records: 0  Duplicates: 0  Warnings: 0

Query OK, 0 rows affected (1.12 sec)
Records: 0  Duplicates: 0  Warnings: 0

Query OK, 0 rows affected (1.14 sec)
Records: 0  Duplicates: 0  Warnings: 0

+-----------------------+
| clientcontractipmonth |
+-----------------------+
|                637501 |
+-----------------------+
1 row in set (0.17 sec)

mysql> mysql \. C:\workspace\cloud\code\sql\_DailyScript\currenttime.sql
+---------------------+
| currenttime         |
+---------------------+
| 2021-05-20 07:46:34 |
+---------------------+
1 row in set (0.00 sec)

mysql> 
mysql> exit
