    -> 
    -> mysql \. C:\workspace\cloud\code\sql\_DailyScript\_setdates.sql
Query OK, 0 rows affected (0.01 sec)

Query OK, 0 rows affected (1.75 sec)

Database changed
Query OK, 0 rows affected (0.00 sec)

Query OK, 0 rows affected (0.00 sec)

Query OK, 0 rows affected (0.00 sec)

Query OK, 0 rows affected (0.00 sec)

Query OK, 0 rows affected (0.00 sec)

Query OK, 0 rows affected (0.00 sec)

Query OK, 0 rows affected (0.00 sec)

Query OK, 0 rows affected (0.00 sec)

Query OK, 0 rows affected (0.00 sec)

Query OK, 0 rows affected (0.00 sec)

Query OK, 0 rows affected (0.00 sec)

Query OK, 0 rows affected (0.00 sec)

Query OK, 0 rows affected (0.00 sec)

Query OK, 0 rows affected (0.00 sec)

Query OK, 0 rows affected (0.00 sec)

Query OK, 0 rows affected (0.00 sec)

Query OK, 0 rows affected (0.00 sec)

Query OK, 0 rows affected (0.00 sec)

Query OK, 0 rows affected (0.00 sec)

Query OK, 0 rows affected (0.00 sec)

Query OK, 0 rows affected (0.00 sec)

Query OK, 0 rows affected (0.00 sec)

mysql> mysql \. C:\workspace\cloud\code\sql\_DailyScript\currenttime.sql
+---------------------+
| currenttime         |
+---------------------+
| 2021-11-29 10:14:56 |
+---------------------+
1 row in set (0.00 sec)

mysql> 
mysql> mysql \. C:\workspace\cloud\code\sql\_DailyScript\load_RCB_VODTITLES.sql
Database changed
Query OK, 0 rows affected (0.00 sec)

Query OK, 16870 rows affected (0.17 sec)

Query OK, 16872 rows affected, 16872 warnings (0.39 sec)
Records: 16872  Deleted: 0  Skipped: 0  Warnings: 16872

Query OK, 0 rows affected (0.00 sec)

Query OK, 2 rows affected (0.02 sec)

+-----------+
| VODTITLES |
+-----------+
|     17330 |
+-----------+
1 row in set (0.01 sec)

+-----------+-----------+
| titletype | typecount |
+-----------+-----------+
| E         |     14381 |
| N         |       245 |
| T         |      2244 |
| NULL      |     16870 |
+-----------+-----------+
4 rows in set (0.07 sec)

mysql> mysql \. C:\workspace\cloud\code\sql\_DailyScript\currenttime.sql
+---------------------+
| currenttime         |
+---------------------+
| 2021-11-29 10:14:56 |
+---------------------+
1 row in set (0.00 sec)

mysql> 
mysql> 
mysql> 
mysql> 
mysql> 
mysql> 
mysql> 
mysql> 
mysql> 
mysql> 
mysql> 
mysql> 
mysql> 
mysql> 
mysql> 
mysql> 
mysql> 
mysql> 
mysql> 
mysql> 
mysql> 
mysql> 
mysql> 
mysql> 
mysql> 
mysql> 
mysql> 
mysql> 
mysql> 
mysql> 
mysql> 
mysql> 
mysql> 
mysql> 
mysql> 
mysql> 
mysql> 
mysql> mysql \. C:\workspace\cloud\code\sql\_DailyScript\load_DailyCalls.sql
Database changed
Query OK, 403 rows affected (0.20 sec)
Records: 403  Deleted: 0  Skipped: 0  Warnings: 0

Query OK, 0 rows affected, 1 warning (0.00 sec)

Query OK, 400 rows affected (0.02 sec)
Records: 400  Duplicates: 0  Warnings: 0

Query OK, 0 rows affected, 1 warning (0.00 sec)

Query OK, 93793 rows affected (0.39 sec)
Records: 93793  Duplicates: 0  Warnings: 0

+----------------------+
| callingclientsbefore |
+----------------------+
|              1318999 |
+----------------------+
1 row in set (0.56 sec)

Query OK, 578 rows affected (10.57 sec)
Records: 578  Duplicates: 0  Warnings: 0

+---------------------+
| callingclientsafter |
+---------------------+
|             1319577 |
+---------------------+
1 row in set (0.35 sec)

Query OK, 0 rows affected (0.01 sec)

Query OK, 277 rows affected (4.12 sec)
Records: 277  Duplicates: 0  Warnings: 0

Query OK, 0 rows affected (0.01 sec)

Query OK, 25654 rows affected (4.23 sec)
Records: 25654  Duplicates: 0  Warnings: 0

+-----------+
| callstats |
+-----------+
|     25654 |
+-----------+
1 row in set (0.01 sec)

Query OK, 0 rows affected, 1 warning (0.00 sec)

Query OK, 578 rows affected (2.77 sec)
Records: 578  Duplicates: 0  Warnings: 0

+------------------------+
| rep_cccallreportbefore |
+------------------------+
|                1319247 |
+------------------------+
1 row in set (0.36 sec)

Query OK, 578 rows affected (0.14 sec)
Records: 578  Duplicates: 0  Warnings: 0

+-----------------------+
| rep_cccallreportafter |
+-----------------------+
|               1319825 |
+-----------------------+
1 row in set (0.34 sec)

Query OK, 0 rows affected (0.01 sec)

mysql> mysql \. C:\workspace\cloud\code\sql\_DailyScript\currenttime.sql
+---------------------+
| currenttime         |
+---------------------+
| 2021-11-29 10:15:31 |
+---------------------+
1 row in set (0.00 sec)

mysql> 
mysql> mysql \. C:\workspace\cloud\code\sql\_DailyScript\DAILY-SCRIPT-USAGE.sql
Database changed
Query OK, 0 rows affected (0.00 sec)

Query OK, 3981 rows affected, 11509 warnings (0.80 sec)
Records: 3981  Deleted: 0  Skipped: 0  Warnings: 11509

Query OK, 0 rows affected (0.00 sec)

Query OK, 6552 rows affected, 18932 warnings (0.84 sec)
Records: 6552  Deleted: 0  Skipped: 0  Warnings: 18932

Query OK, 0 rows affected (0.00 sec)

Query OK, 326 rows affected, 1160 warnings (0.68 sec)
Records: 326  Deleted: 0  Skipped: 0  Warnings: 1160

Query OK, 0 rows affected (0.00 sec)

Query OK, 175 rows affected, 600 warnings (0.03 sec)
Records: 175  Deleted: 0  Skipped: 0  Warnings: 600

+------------+
| dailyusage |
+------------+
|   19767237 |
+------------+
1 row in set (8.13 sec)

+------------+------------+------------+---------+
| datestart  | dateend    | insertedon | records |
+------------+------------+------------+---------+
| 2021-11-27 | 2021-11-27 | 2021-11-29 |   11034 |
| 2021-11-26 | 2021-11-26 | 2021-11-29 |   11069 |
| 2021-11-25 | 2021-11-25 | 2021-11-26 |   10940 |
| 2021-11-24 | 2021-11-24 | 2021-11-25 |   11074 |
| 2021-11-23 | 2021-11-23 | 2021-11-24 |   11999 |
+------------+------------+------------+---------+
5 rows in set (22.90 sec)

+----------+------------+------------+------------+---------+
| category | datestart  | dateend    | insertedon | records |
+----------+------------+------------+------------+---------+
| UNCAPPED | 2021-11-27 | 2021-11-27 | 2021-11-29 |    6552 |
| PREPAID  | 2021-11-27 | 2021-11-27 | 2021-11-29 |     326 |
| HOTSPOT  | 2021-11-27 | 2021-11-27 | 2021-11-29 |     175 |
| CAPPED   | 2021-11-27 | 2021-11-27 | 2021-11-29 |    3981 |
| UNCAPPED | 2021-11-26 | 2021-11-26 | 2021-11-29 |    6553 |
| PREPAID  | 2021-11-26 | 2021-11-26 | 2021-11-29 |     348 |
| HOTSPOT  | 2021-11-26 | 2021-11-26 | 2021-11-29 |     194 |
| CAPPED   | 2021-11-26 | 2021-11-26 | 2021-11-29 |    3974 |
| UNCAPPED | 2021-11-25 | 2021-11-25 | 2021-11-26 |    6398 |
| PREPAID  | 2021-11-25 | 2021-11-25 | 2021-11-26 |     348 |
| HOTSPOT  | 2021-11-25 | 2021-11-25 | 2021-11-26 |     211 |
| CAPPED   | 2021-11-25 | 2021-11-25 | 2021-11-26 |    3983 |
| UNCAPPED | 2021-11-24 | 2021-11-24 | 2021-11-25 |    6542 |
| PREPAID  | 2021-11-24 | 2021-11-24 | 2021-11-25 |     334 |
| HOTSPOT  | 2021-11-24 | 2021-11-24 | 2021-11-25 |     203 |
| CAPPED   | 2021-11-24 | 2021-11-24 | 2021-11-25 |    3995 |
| UNCAPPED | 2021-11-23 | 2021-11-23 | 2021-11-24 |    7215 |
| PREPAID  | 2021-11-23 | 2021-11-23 | 2021-11-24 |     351 |
| HOTSPOT  | 2021-11-23 | 2021-11-23 | 2021-11-24 |     195 |
| CAPPED   | 2021-11-23 | 2021-11-23 | 2021-11-24 |    4238 |
+----------+------------+------------+------------+---------+
20 rows in set (28.24 sec)

mysql> mysql \. C:\workspace\cloud\code\sql\_DailyScript\currenttime.sql
+---------------------+
| currenttime         |
+---------------------+
| 2021-11-29 10:16:32 |
+---------------------+
1 row in set (0.00 sec)

mysql> 
mysql> mysql \. C:\workspace\cloud\code\sql\_DailyScript\DAILY-SCRIPT-SALES-TELEMETRY.sql
Database changed
Query OK, 61 rows affected, 22 warnings (0.04 sec)
Records: 61  Deleted: 0  Skipped: 0  Warnings: 22

+------------+
| dailysales |
+------------+
|     254370 |
+------------+
1 row in set (0.22 sec)

Query OK, 0 rows affected (0.01 sec)

Query OK, 254370 rows affected (16.84 sec)
Records: 254370  Duplicates: 0  Warnings: 0

+--------+
| sales  |
+--------+
| 254370 |
+--------+
1 row in set (0.12 sec)

Query OK, 0 rows affected (0.01 sec)

Query OK, 4244 rows affected (0.43 sec)
Records: 4244  Duplicates: 0  Warnings: 0

+----------------+
| rep_dailysales |
+----------------+
|           4244 |
+----------------+
1 row in set (0.00 sec)

Query OK, 0 rows affected (0.00 sec)

Query OK, 4244 rows affected (0.68 sec)
Records: 4244  Duplicates: 0  Warnings: 0

+-------------------+
| rep_dailysalesreg |
+-------------------+
|              4244 |
+-------------------+
1 row in set (0.00 sec)

Query OK, 0 rows affected (0.01 sec)

Query OK, 3011 rows affected (0.79 sec)
Records: 3011  Duplicates: 0  Warnings: 0

+-----------+
| saleslist |
+-----------+
|      3011 |
+-----------+
1 row in set (0.00 sec)

Database changed
ERROR 2 (HY000): File 'C:\ProgramData\MySQL\MySQL Server 5.7\Uploads\_csv\PrepaidCardSales-27112021-P1.csv' not found (Errcode: 2 - No such file or directory)
+------------------+
| dailysinglesales |
+------------------+
|             6641 |
+------------------+
1 row in set (0.02 sec)

Database changed
Query OK, 16 rows affected (0.02 sec)
Records: 16  Deleted: 0  Skipped: 0  Warnings: 0

+-----------------+
| dailyaddonsales |
+-----------------+
|           25949 |
+-----------------+
1 row in set (0.04 sec)

Query OK, 378 rows affected (0.07 sec)
Records: 378  Deleted: 0  Skipped: 0  Warnings: 0

+----------------+
| onlinepayments |
+----------------+
|         243604 |
+----------------+
1 row in set (0.12 sec)

+-------------+----------------+---------------------+
| paymentdate | onlinepayments | onlinepaymentamount |
+-------------+----------------+---------------------+
| 2021-11-27  |            378 |        272145.16000 |
| 2021-11-26  |            474 |        328727.36000 |
| 2021-11-25  |            483 |        316843.69000 |
| 2021-11-24  |            426 |        312474.91000 |
| 2021-11-23  |            403 |        269490.83000 |
+-------------+----------------+---------------------+
5 rows in set (0.77 sec)

+-------------+--------------+----------------+---------------------+
| paymentyear | paymentmonth | onlinepayments | onlinepaymentamount |
+-------------+--------------+----------------+---------------------+
|        2021 |           11 |           7379 |       4873922.34000 |
|        2021 |           10 |           8715 |       5741511.04000 |
|        2021 |            9 |           8803 |       5663928.71000 |
|        2021 |            8 |           8864 |       5714008.87000 |
|        2021 |            7 |           8972 |       5795292.15000 |
+-------------+--------------+----------------+---------------------+
5 rows in set (0.24 sec)

mysql> mysql \. C:\workspace\cloud\code\sql\_DailyScript\currenttime.sql
+---------------------+
| currenttime         |
+---------------------+
| 2021-11-29 10:16:53 |
+---------------------+
1 row in set (0.00 sec)

mysql> 
mysql> mysql \. C:\workspace\cloud\code\sql\_DailyScript\DAILY-SCRIPT-ACTIVENUMBERS.sql
Database changed
Query OK, 1082 rows affected (0.42 sec)
Records: 1082  Deleted: 0  Skipped: 0  Warnings: 0

+------------+----------+
| period     | count(1) |
+------------+----------+
| 2021-11-28 |     1082 |
| 2021-11-26 |     1082 |
| 2021-11-25 |     1082 |
| 2021-11-24 |     1079 |
| 2021-11-23 |     1085 |
+------------+----------+
5 rows in set (0.01 sec)

Query OK, 0 rows affected (0.01 sec)

Query OK, 0 rows affected (0.01 sec)
Records: 0  Duplicates: 0  Warnings: 0

+-------------+
| packagelist |
+-------------+
|           0 |
+-------------+
1 row in set (0.00 sec)

Database changed
Query OK, 0 rows affected (0.00 sec)

Query OK, 0 rows affected (0.00 sec)

Query OK, 0 rows affected (0.00 sec)

Query OK, 0 rows affected (0.00 sec)

Query OK, 28714 rows affected, 181 warnings (12.85 sec)
Records: 28714  Deleted: 0  Skipped: 0  Warnings: 181

+------------+----------+
| period     | count(1) |
+------------+----------+
| 2021-11-28 |    28714 |
| 2021-11-26 |    29034 |
| 2021-11-25 |    28965 |
| 2021-11-24 |    29002 |
| 2021-11-23 |    28907 |
+------------+----------+
5 rows in set (0.16 sec)

Query OK, 0 rows affected (0.02 sec)

Query OK, 28158 rows affected (52.02 sec)
Records: 28158  Duplicates: 0  Warnings: 0

Query OK, 0 rows affected (0.12 sec)
Records: 0  Duplicates: 0  Warnings: 0

Query OK, 0 rows affected (0.11 sec)
Records: 0  Duplicates: 0  Warnings: 0

Query OK, 0 rows affected (0.11 sec)
Records: 0  Duplicates: 0  Warnings: 0

Query OK, 0 rows affected (0.09 sec)
Records: 0  Duplicates: 0  Warnings: 0

Query OK, 0 rows affected (0.07 sec)
Records: 0  Duplicates: 0  Warnings: 0

Query OK, 0 rows affected (0.07 sec)
Records: 0  Duplicates: 0  Warnings: 0

+-------------+
| countbefore |
+-------------+
|    51394308 |
+-------------+
1 row in set (15.51 sec)

Query OK, 28158 rows affected (2.71 sec)
Records: 28158  Duplicates: 0  Warnings: 0

+------------+
| countafter |
+------------+
|   51422466 |
+------------+
1 row in set (16.39 sec)

+------------+--------------------------+
| period     | customercontractactivity |
+------------+--------------------------+
| 2021-11-28 |                    28158 |
| 2021-11-26 |                    28478 |
| 2021-11-25 |                    28409 |
| 2021-11-24 |                    28446 |
| 2021-11-23 |                    28351 |
+------------+--------------------------+
5 rows in set (0.06 sec)

Query OK, 0 rows affected (0.01 sec)

Query OK, 324466 rows affected, 4 warnings (10 min 2.37 sec)
Records: 324466  Duplicates: 0  Warnings: 4

Query OK, 0 rows affected (1.07 sec)
Records: 0  Duplicates: 0  Warnings: 0

Query OK, 0 rows affected (1.23 sec)
Records: 0  Duplicates: 0  Warnings: 0

Query OK, 0 rows affected (1.23 sec)
Records: 0  Duplicates: 0  Warnings: 0

Query OK, 0 rows affected (0.01 sec)

Query OK, 226 rows affected (0.48 sec)
Records: 226  Duplicates: 0  Warnings: 0

Query OK, 0 rows affected (0.01 sec)

Query OK, 2612 rows affected (0.69 sec)
Records: 2612  Duplicates: 0  Warnings: 0

Query OK, 0 rows affected (0.01 sec)

Query OK, 28131 rows affected (0.61 sec)
Records: 28131  Duplicates: 0  Warnings: 0

Query OK, 0 rows affected (0.02 sec)

Query OK, 16945 rows affected (0.41 sec)
Records: 16945  Duplicates: 0  Warnings: 0

Query OK, 0 rows affected (0.00 sec)

Query OK, 16945 rows affected (0.13 sec)
Records: 16945  Duplicates: 0  Warnings: 0

Query OK, 0 rows affected (0.01 sec)

Query OK, 16945 rows affected (1.25 sec)
Records: 16945  Duplicates: 0  Warnings: 0

Query OK, 0 rows affected (0.01 sec)

Query OK, 16945 rows affected (44.26 sec)
Records: 16945  Duplicates: 0  Warnings: 0

+-------------+
| clientstats |
+-------------+
|       16945 |
+-------------+
1 row in set (0.01 sec)

Query OK, 0 rows affected (0.00 sec)

Query OK, 14 rows affected, 1 warning (0.11 sec)
Records: 14  Duplicates: 0  Warnings: 1

+-----------------------+-------------+-------------+----------------+-----------------+
| services              | activecount | allaccounts | uniqueaccounts | uniquecontracts |
+-----------------------+-------------+-------------+----------------+-----------------+
| All                   |         423 |          68 |             68 |             218 |
| Internet & OTT        |           6 |           3 |              3 |               3 |
| Internet & Voice      |         300 |         130 |            130 |             255 |
| Internet Only         |        4338 |        4243 |           4240 |            4276 |
| OTT Only              |           1 |           1 |              1 |               1 |
| TV & Internet         |        9834 |        4389 |           4377 |            8949 |
| TV & Internet & OTT   |        4456 |        1155 |           1152 |            2413 |
| TV & Internet & Voice |         516 |         149 |            149 |             456 |
| TV & OTT              |         374 |         103 |            101 |             113 |
| TV & Voice            |          94 |          42 |             42 |              85 |
| TV & Voice & OTT      |           7 |           2 |              2 |               4 |
| TV Only               |        8350 |        6549 |           6542 |            6749 |
| Voice Only            |         112 |         111 |            111 |             112 |
| GRAND TOTAL           |       28811 |       16945 |          16870 |           23634 |
+-----------------------+-------------+-------------+----------------+-----------------+
14 rows in set (0.00 sec)

+-------------+-------------+-------------+----------------+-----------------+
| network     | activecount | allaccounts | uniqueaccounts | uniquecontracts |
+-------------+-------------+-------------+----------------+-----------------+
| GPON        |       13870 |        6832 |           6829 |           10855 |
| HFC         |       14941 |       10113 |          10113 |           12779 |
| GRAND TOTAL |       28811 |       16945 |          16870 |           23634 |
+-------------+-------------+-------------+----------------+-----------------+
3 rows in set, 1 warning (0.12 sec)

+-------------+-----------------------+-------------+-------------+----------------+-----------------+
| network     | services              | activecount | allaccounts | uniqueaccounts | uniquecontracts |
+-------------+-----------------------+-------------+-------------+----------------+-----------------+
| GPON        | All                   |         323 |          55 |             55 |             175 |
| GPON        | Internet & OTT        |           2 |           1 |              1 |               1 |
| GPON        | Internet & Voice      |          81 |          33 |             33 |              70 |
| GPON        | Internet Only         |        1632 |        1550 |           1550 |            1571 |
| GPON        | TV & Internet         |        5585 |        2441 |           2441 |            5006 |
| GPON        | TV & Internet & OTT   |        3482 |         891 |            891 |            1872 |
| GPON        | TV & Internet & Voice |         301 |          83 |             83 |             256 |
| GPON        | TV & OTT              |         238 |          77 |             77 |              82 |
| GPON        | TV & Voice            |          57 |          26 |             26 |              53 |
| GPON        | TV & Voice & OTT      |           7 |           2 |              2 |               4 |
| GPON        | TV Only               |        2147 |        1659 |           1659 |            1750 |
| GPON        | Voice Only            |          15 |          14 |             14 |              15 |
| GPON        | Services Total        |       13870 |        6832 |           6829 |           10855 |
| HFC         | All                   |         100 |          13 |             13 |              43 |
| HFC         | Internet & OTT        |           4 |           2 |              2 |               2 |
| HFC         | Internet & Voice      |         219 |          97 |             97 |             185 |
| HFC         | Internet Only         |        2706 |        2693 |           2693 |            2705 |
| HFC         | OTT Only              |           1 |           1 |              1 |               1 |
| HFC         | TV & Internet         |        4249 |        1948 |           1948 |            3943 |
| HFC         | TV & Internet & OTT   |         974 |         264 |            264 |             541 |
| HFC         | TV & Internet & Voice |         215 |          66 |             66 |             200 |
| HFC         | TV & OTT              |         136 |          26 |             26 |              31 |
| HFC         | TV & Voice            |          37 |          16 |             16 |              32 |
| HFC         | TV Only               |        6203 |        4890 |           4890 |            4999 |
| HFC         | Voice Only            |          97 |          97 |             97 |              97 |
| HFC         | Services Total        |       14941 |       10113 |          10113 |           12779 |
| GRAND TOTAL | Services Total        |       28811 |       16945 |          16870 |           23634 |
+-------------+-----------------------+-------------+-------------+----------------+-----------------+
27 rows in set, 2 warnings (0.13 sec)

Query OK, 0 rows affected (0.01 sec)

Query OK, 42 rows affected, 3 warnings (0.19 sec)
Records: 42  Duplicates: 0  Warnings: 3

+-------------+---------------+-----------------------+-------------+-------------+----------------+-----------------+
| region      | network       | services              | activecount | allaccounts | uniqueaccounts | uniquecontracts |
+-------------+---------------+-----------------------+-------------+-------------+----------------+-----------------+
| Mahe        | GPON          | All                   |         287 |          49 |             49 |             156 |
| Mahe        | GPON          | Internet & OTT        |           2 |           1 |              1 |               1 |
| Mahe        | GPON          | Internet & Voice      |          73 |          29 |             29 |              62 |
| Mahe        | GPON          | Internet Only         |        1387 |        1305 |           1305 |            1326 |
| Mahe        | GPON          | TV & Internet         |        4849 |        2116 |           2116 |            4333 |
| Mahe        | GPON          | TV & Internet & OTT   |        2962 |         739 |            739 |            1560 |
| Mahe        | GPON          | TV & Internet & Voice |         289 |          79 |             79 |             244 |
| Mahe        | GPON          | TV & OTT              |         204 |          64 |             64 |              68 |
| Mahe        | GPON          | TV & Voice            |          54 |          25 |             25 |              50 |
| Mahe        | GPON          | TV & Voice & OTT      |           3 |           1 |              1 |               2 |
| Mahe        | GPON          | TV Only               |        1777 |        1373 |           1373 |            1450 |
| Mahe        | GPON          | Voice Only            |          15 |          14 |             14 |              15 |
| Mahe        | GPON          | Services Total        |       11902 |        5795 |           5795 |            9267 |
| Mahe        | HFC           | All                   |         100 |          13 |             13 |              43 |
| Mahe        | HFC           | Internet & OTT        |           4 |           2 |              2 |               2 |
| Mahe        | HFC           | Internet & Voice      |         219 |          97 |             97 |             185 |
| Mahe        | HFC           | Internet Only         |        2706 |        2693 |           2693 |            2705 |
| Mahe        | HFC           | OTT Only              |           1 |           1 |              1 |               1 |
| Mahe        | HFC           | TV & Internet         |        4249 |        1948 |           1948 |            3943 |
| Mahe        | HFC           | TV & Internet & OTT   |         974 |         264 |            264 |             541 |
| Mahe        | HFC           | TV & Internet & Voice |         215 |          66 |             66 |             200 |
| Mahe        | HFC           | TV & OTT              |         136 |          26 |             26 |              31 |
| Mahe        | HFC           | TV & Voice            |          37 |          16 |             16 |              32 |
| Mahe        | HFC           | TV Only               |        6202 |        4889 |           4889 |            4998 |
| Mahe        | HFC           | Voice Only            |          97 |          97 |             97 |              97 |
| Mahe        | HFC           | Services Total        |       14940 |       10112 |          10112 |           12778 |
| Mahe        | Network Total | Services Total        |       26842 |       15907 |          15835 |           22045 |
| Praslin     | GPON          | All                   |          36 |           6 |              6 |              19 |
| Praslin     | GPON          | Internet & Voice      |           8 |           4 |              4 |               8 |
| Praslin     | GPON          | Internet Only         |         245 |         245 |            245 |             245 |
| Praslin     | GPON          | TV & Internet         |         736 |         325 |            325 |             673 |
| Praslin     | GPON          | TV & Internet & OTT   |         520 |         152 |            152 |             312 |
| Praslin     | GPON          | TV & Internet & Voice |          12 |           4 |              4 |              12 |
| Praslin     | GPON          | TV & OTT              |          34 |          13 |             13 |              14 |
| Praslin     | GPON          | TV & Voice            |           3 |           1 |              1 |               3 |
| Praslin     | GPON          | TV & Voice & OTT      |           4 |           1 |              1 |               2 |
| Praslin     | GPON          | TV Only               |         370 |         286 |            286 |             300 |
| Praslin     | GPON          | Services Total        |        1968 |        1037 |           1037 |            1588 |
| Praslin     | HFC           | TV Only               |           1 |           1 |              1 |               1 |
| Praslin     | HFC           | Services Total        |           1 |           1 |              1 |               1 |
| Praslin     | Network Total | Services Total        |        1969 |        1038 |           1038 |            1589 |
| GRAND TOTAL | Network Total | Services Total        |       28811 |       16945 |          16870 |           23634 |
+-------------+---------------+-----------------------+-------------+-------------+----------------+-----------------+
42 rows in set (0.00 sec)

Query OK, 0 rows affected (0.01 sec)

Query OK, 28132 rows affected (0.47 sec)
Records: 28132  Duplicates: 0  Warnings: 0

Query OK, 0 rows affected (0.01 sec)

Query OK, 2346 rows affected (1.31 sec)
Records: 2346  Duplicates: 0  Warnings: 0

+--------------------------------------+
| message                              |
+--------------------------------------+
| running rcbill_my.sp_ActiveNumber2() |
+--------------------------------------+
1 row in set (0.00 sec)

Query OK, 365 rows affected (2 min 17.16 sec)

mysql> mysql \. C:\workspace\cloud\code\sql\_DailyScript\currenttime.sql
+---------------------+
| currenttime         |
+---------------------+
| 2021-11-29 10:31:47 |
+---------------------+
1 row in set (0.00 sec)

mysql> 
mysql> mysql \. C:\workspace\cloud\code\sql\_DailyScript\GetActiveNumbers Average -Pivot.sql
Database changed
+-------------------------------------+
| @today := subdate(current_date(),1) |
+-------------------------------------+
| 2021-11-28                          |
+-------------------------------------+
1 row in set (0.00 sec)

+-------------------------------------+
| @lastdayofmonth := last_day(@today) |
+-------------------------------------+
| 2021-11-30                          |
+-------------------------------------+
1 row in set (0.00 sec)

Query OK, 0 rows affected (0.02 sec)

Query OK, 51906 rows affected, 65535 warnings (1 min 6.26 sec)
Records: 51906  Duplicates: 0  Warnings: 106768

Query OK, 0 rows affected (0.12 sec)
Records: 0  Duplicates: 0  Warnings: 0

Query OK, 0 rows affected (0.15 sec)
Records: 0  Duplicates: 0  Warnings: 0

Query OK, 0 rows affected (0.12 sec)
Records: 0  Duplicates: 0  Warnings: 0

+-----------------+
| activenumberavg |
+-----------------+
|           51906 |
+-----------------+
1 row in set (0.01 sec)

Query OK, 0 rows affected (0.01 sec)

Query OK, 1996 rows affected (0.62 sec)
Records: 1996  Duplicates: 0  Warnings: 0

+---------------------+
| rep_activenumberavg |
+---------------------+
|                1996 |
+---------------------+
1 row in set (0.00 sec)

+----------------------+
| rep_activenumberavg1 |
+----------------------+
|                  928 |
+----------------------+
1 row in set (0.00 sec)

Query OK, 0 rows affected (0.01 sec)

Query OK, 2749 rows affected (0.48 sec)
Records: 2749  Duplicates: 0  Warnings: 0

Query OK, 0 rows affected (0.00 sec)

Query OK, 14218 rows affected (0.91 sec)
Records: 14218  Duplicates: 0  Warnings: 0

Query OK, 0 rows affected (0.00 sec)

Query OK, 246 rows affected (0.29 sec)
Records: 246  Duplicates: 0  Warnings: 0

Query OK, 0 rows affected (0.00 sec)

Query OK, 0 rows affected (0.01 sec)

Query OK, 0 rows affected (0.00 sec)

Query OK, 0 rows affected (0.00 sec)

Query OK, 0 rows affected (0.00 sec)
Statement prepared

Query OK, 53 rows affected (0.06 sec)
Records: 53  Duplicates: 0  Warnings: 0

Query OK, 0 rows affected (0.00 sec)

Query OK, 0 rows affected (0.00 sec)

+----------------------+
| rep_activenumberavg2 |
+----------------------+
|                 2749 |
+----------------------+
1 row in set (0.00 sec)

+------------------------+
| rep_activenumberavg_pv |
+------------------------+
|                     53 |
+------------------------+
1 row in set (0.00 sec)

Query OK, 0 rows affected (0.01 sec)

Query OK, 2746 rows affected (0.40 sec)
Records: 2746  Duplicates: 0  Warnings: 0

Query OK, 0 rows affected (0.00 sec)

Query OK, 0 rows affected (0.00 sec)

Query OK, 0 rows affected (0.01 sec)

Query OK, 0 rows affected (0.00 sec)

Query OK, 0 rows affected (0.00 sec)
Statement prepared

Query OK, 53 rows affected (0.06 sec)
Records: 53  Duplicates: 0  Warnings: 0

Query OK, 0 rows affected (0.00 sec)

Query OK, 0 rows affected (0.00 sec)

+-------------------------+
| rep_activenumberavgMahe |
+-------------------------+
|                    2746 |
+-------------------------+
1 row in set (0.00 sec)

+----------------------------+
| rep_activenumberavgMahe_pv |
+----------------------------+
|                         53 |
+----------------------------+
1 row in set (0.00 sec)

Query OK, 0 rows affected (0.00 sec)

Query OK, 1737 rows affected (0.18 sec)
Records: 1737  Duplicates: 0  Warnings: 0

Query OK, 0 rows affected (0.00 sec)

Query OK, 0 rows affected (0.00 sec)

Query OK, 0 rows affected (0.01 sec)

Query OK, 0 rows affected (0.00 sec)

Query OK, 0 rows affected (0.00 sec)
Statement prepared

Query OK, 40 rows affected (0.04 sec)
Records: 40  Duplicates: 0  Warnings: 0

Query OK, 0 rows affected (0.00 sec)

Query OK, 0 rows affected (0.00 sec)

+----------------------------+
| rep_activenumberavgPraslin |
+----------------------------+
|                       1737 |
+----------------------------+
1 row in set (0.00 sec)

+-------------------------------+
| rep_activenumberavgPraslin_pv |
+-------------------------------+
|                            40 |
+-------------------------------+
1 row in set (0.00 sec)

mysql> mysql \. C:\workspace\cloud\code\sql\_DailyScript\currenttime.sql
+---------------------+
| currenttime         |
+---------------------+
| 2021-11-29 10:32:57 |
+---------------------+
1 row in set (0.00 sec)

mysql> 
mysql> mysql \. C:\workspace\cloud\code\sql\Analysis\clients_contracts_creditpolicy_2.sql
Database changed
Query OK, 0 rows affected (0.00 sec)

Query OK, 1916104 rows affected (42.63 sec)
Records: 1916104  Duplicates: 0  Warnings: 0

Query OK, 0 rows affected (0.01 sec)

Query OK, 28158 rows affected (1.03 sec)
Records: 28158  Duplicates: 0  Warnings: 0

Query OK, 0 rows affected (0.01 sec)

Query OK, 28238 rows affected (8.47 sec)
Records: 28238  Duplicates: 0  Warnings: 0

+-------------------------+
| rep_cust_cont_creditpol |
+-------------------------+
|                   28238 |
+-------------------------+
1 row in set (0.01 sec)

mysql> mysql \. C:\workspace\cloud\code\sql\_DailyScript\currenttime.sql
+---------------------+
| currenttime         |
+---------------------+
| 2021-11-29 10:33:49 |
+---------------------+
1 row in set (0.00 sec)

mysql> 
mysql> 
mysql> 
mysql> 
mysql> 
mysql> 
mysql> 
mysql> 
mysql> 
mysql> 
mysql> 
mysql> 
mysql> 
mysql> 
mysql> 
mysql> 
mysql> 
mysql> 
mysql> 
mysql> 
mysql> 
mysql> 
mysql> 
mysql> 
mysql> 
mysql> 
mysql> exit
