    -> 
    -> mysql \. C:\workspace\cloud\code\sql\_DailyScript\_setdates.sql
Database changed
Query OK, 0 rows affected (0.00 sec)

Query OK, 0 rows affected (0.00 sec)

Query OK, 0 rows affected (0.00 sec)

Query OK, 0 rows affected (0.00 sec)

Query OK, 0 rows affected (0.00 sec)

Query OK, 0 rows affected (0.00 sec)

Query OK, 0 rows affected (0.00 sec)

Query OK, 0 rows affected (0.00 sec)

Query OK, 0 rows affected (0.00 sec)

Query OK, 0 rows affected (0.00 sec)

Query OK, 0 rows affected (0.00 sec)

Query OK, 0 rows affected (0.00 sec)

Query OK, 0 rows affected (0.00 sec)

Query OK, 0 rows affected (0.00 sec)

Query OK, 0 rows affected (0.00 sec)

Query OK, 0 rows affected (0.00 sec)

Query OK, 0 rows affected (0.00 sec)

Query OK, 0 rows affected (0.00 sec)

Query OK, 0 rows affected (0.00 sec)

Query OK, 0 rows affected (0.00 sec)

Query OK, 0 rows affected (0.00 sec)

mysql> mysql \. C:\workspace\cloud\code\sql\_DailyScript\currenttime.sql
+---------------------+
| currenttime         |
+---------------------+
| 2021-01-07 08:28:22 |
+---------------------+
1 row in set (0.00 sec)

mysql> 
mysql> mysql \. C:\workspace\cloud\code\sql\_DailyScript\load_RCB_VODTITLES.sql
Database changed
Query OK, 0 rows affected (0.00 sec)

Query OK, 13541 rows affected (0.17 sec)

Query OK, 13543 rows affected, 13543 warnings (0.25 sec)
Records: 13543  Deleted: 0  Skipped: 0  Warnings: 13543

Query OK, 0 rows affected (0.00 sec)

Query OK, 2 rows affected (0.01 sec)

+-----------+
| VODTITLES |
+-----------+
|     14001 |
+-----------+
1 row in set (0.01 sec)

+-----------+-----------+
| titletype | typecount |
+-----------+-----------+
| E         |     11351 |
| N         |       252 |
| T         |      1938 |
| NULL      |     13541 |
+-----------+-----------+
4 rows in set (0.04 sec)

mysql> mysql \. C:\workspace\cloud\code\sql\_DailyScript\currenttime.sql
+---------------------+
| currenttime         |
+---------------------+
| 2021-01-07 08:28:22 |
+---------------------+
1 row in set (0.00 sec)

mysql> 
mysql> mysql \. C:\workspace\cloud\code\sql\_DailyScript\DAILY-SCRIPT-LIVETV-STATS.sql
Database changed
Query OK, 0 rows affected (0.01 sec)

Query OK, 139523 rows affected (1.56 sec)
Records: 139523  Duplicates: 0  Warnings: 0

+------------+------------+----------+--------------+--------------+-----------+-------------+----------+--------+------+------------+---------+---------------+
| Table      | Non_unique | Key_name | Seq_in_index | Column_name  | Collation | Cardinality | Sub_part | Packed | Null | Index_type | Comment | Index_comment |
+------------+------------+----------+--------------+--------------+-----------+-------------+----------+--------+------+------------+---------+---------------+
| templivetv |          1 | idxtv1   |            1 | device       | A         |      134755 |     NULL | NULL   | YES  | BTREE      |         |               |
| templivetv |          1 | idxtv2   |            1 | sessionstart | A         |      134755 |     NULL | NULL   | YES  | BTREE      |         |               |
+------------+------------+----------+--------------+--------------+-----------+-------------+----------+--------+------+------------+---------+---------------+
2 rows in set (0.00 sec)

Query OK, 138910 rows affected (18.45 sec)
Records: 138910  Duplicates: 0  Warnings: 0

Query OK, 2586 rows affected (1.07 sec)
Records: 2586  Duplicates: 0  Warnings: 0

Query OK, 0 rows affected (0.00 sec)

Query OK, 0 rows affected (0.00 sec)

Query OK, 128 rows affected (0.04 sec)
Records: 128  Duplicates: 0  Warnings: 0

Query OK, 0 rows affected (0.01 sec)

Query OK, 49650 rows affected (2 min 24.79 sec)
Records: 49650  Duplicates: 0  Warnings: 0

+-----------------+
| rep_livetvstats |
+-----------------+
|           49650 |
+-----------------+
1 row in set (0.02 sec)

mysql> mysql \. C:\workspace\cloud\code\sql\_DailyScript\currenttime.sql
+---------------------+
| currenttime         |
+---------------------+
| 2021-01-07 08:31:08 |
+---------------------+
1 row in set (0.00 sec)

mysql> 
mysql> mysql \. C:\workspace\cloud\code\sql\_DailyScript\DAILY-SCRIPT-VODTS-STATS.sql
Database changed
Query OK, 0 rows affected (0.01 sec)

Query OK, 6609 rows affected (19.64 sec)
Records: 6609  Duplicates: 0  Warnings: 0

+---------+------------+----------+--------------+--------------+-----------+-------------+----------+--------+------+------------+---------+---------------+
| Table   | Non_unique | Key_name | Seq_in_index | Column_name  | Collation | Cardinality | Sub_part | Packed | Null | Index_type | Comment | Index_comment |
+---------+------------+----------+--------------+--------------+-----------+-------------+----------+--------+------+------------+---------+---------------+
| tempvod |          1 | idxtvod1 |            1 | device       | A         |        6763 |     NULL | NULL   | YES  | BTREE      |         |               |
| tempvod |          1 | idxtvod2 |            1 | sessionstart | A         |        6763 |     NULL | NULL   | YES  | BTREE      |         |               |
+---------+------------+----------+--------------+--------------+-----------+-------------+----------+--------+------+------------+---------+---------------+
2 rows in set (0.00 sec)

Query OK, 6453 rows affected (2.97 sec)
Records: 6453  Duplicates: 0  Warnings: 0

Query OK, 0 rows affected (0.03 sec)

Query OK, 942781 rows affected (1 min 14.88 sec)
Records: 942781  Duplicates: 0  Warnings: 0

+--------------+
| rep_vodstats |
+--------------+
|       942781 |
+--------------+
1 row in set (0.27 sec)

Database changed
Query OK, 0 rows affected (0.01 sec)

Query OK, 22264 rows affected (42.15 sec)
Records: 22264  Duplicates: 0  Warnings: 0

+--------+------------+----------+--------------+--------------+-----------+-------------+----------+--------+------+------------+---------+---------------+
| Table  | Non_unique | Key_name | Seq_in_index | Column_name  | Collation | Cardinality | Sub_part | Packed | Null | Index_type | Comment | Index_comment |
+--------+------------+----------+--------------+--------------+-----------+-------------+----------+--------+------+------------+---------+---------------+
| tempts |          1 | idxtts1  |            1 | device       | A         |       22381 |     NULL | NULL   | YES  | BTREE      |         |               |
| tempts |          1 | idxtts2  |            1 | sessionstart | A         |       22381 |     NULL | NULL   | YES  | BTREE      |         |               |
+--------+------------+----------+--------------+--------------+-----------+-------------+----------+--------+------+------------+---------+---------------+
2 rows in set (0.00 sec)

Query OK, 22187 rows affected (12.82 sec)
Records: 22187  Duplicates: 0  Warnings: 0

Query OK, 0 rows affected (0.01 sec)

Query OK, 42892 rows affected (43.63 sec)
Records: 42892  Duplicates: 0  Warnings: 0

+-------------+
| rep_tsstats |
+-------------+
|       42892 |
+-------------+
1 row in set (0.01 sec)

mysql> mysql \. C:\workspace\cloud\code\sql\_DailyScript\currenttime.sql
+---------------------+
| currenttime         |
+---------------------+
| 2021-01-07 08:34:25 |
+---------------------+
1 row in set (0.00 sec)

mysql> 
mysql> mysql \. C:\workspace\cloud\code\sql\_DailyScript\DAILY-SCRIPT-RADIO-STATS.sql
Database changed
Query OK, 0 rows affected (0.02 sec)

Query OK, 343789 rows affected (3.81 sec)
Records: 343789  Duplicates: 0  Warnings: 0

+-----------+------------+----------+--------------+--------------+-----------+-------------+----------+--------+------+------------+---------+---------------+
| Table     | Non_unique | Key_name | Seq_in_index | Column_name  | Collation | Cardinality | Sub_part | Packed | Null | Index_type | Comment | Index_comment |
+-----------+------------+----------+--------------+--------------+-----------+-------------+----------+--------+------+------------+---------+---------------+
| tempradio |          1 | idxtrad1 |            1 | device       | A         |      344506 |     NULL | NULL   | YES  | BTREE      |         |               |
| tempradio |          1 | idxtrad2 |            1 | sessionstart | A         |      344506 |     NULL | NULL   | YES  | BTREE      |         |               |
+-----------+------------+----------+--------------+--------------+-----------+-------------+----------+--------+------+------------+---------+---------------+
2 rows in set (0.00 sec)

Query OK, 410 rows affected (1.44 sec)
Records: 410  Duplicates: 0  Warnings: 0

Query OK, 0 rows affected (0.01 sec)

Query OK, 5749 rows affected (0.45 sec)
Records: 5749  Duplicates: 0  Warnings: 0

+----------------+
| rep_radiostats |
+----------------+
|           5749 |
+----------------+
1 row in set (0.00 sec)

mysql> mysql \. C:\workspace\cloud\code\sql\_DailyScript\currenttime.sql
+---------------------+
| currenttime         |
+---------------------+
| 2021-01-07 08:34:30 |
+---------------------+
1 row in set (0.00 sec)

mysql> 
mysql> mysql \. C:\workspace\cloud\code\sql\_DailyScript\DAILY_SCRIPT_TELEMETRY_PIVOT_2021.sql
Query OK, 0 rows affected (0.01 sec)

Query OK, 137 rows affected (0.10 sec)
Records: 137  Duplicates: 0  Warnings: 0

Query OK, 0 rows affected (0.01 sec)

Query OK, 5205 rows affected (1.24 sec)
Records: 5205  Duplicates: 0  Warnings: 0

Query OK, 0 rows affected (0.01 sec)

Query OK, 5 rows affected (0.01 sec)
Records: 5  Duplicates: 0  Warnings: 0

Query OK, 0 rows affected (0.01 sec)

Query OK, 43 rows affected (0.04 sec)
Records: 43  Duplicates: 0  Warnings: 0

mysql> mysql \. C:\workspace\cloud\code\sql\_DailyScript\currenttime.sql
+---------------------+
| currenttime         |
+---------------------+
| 2021-01-07 08:34:32 |
+---------------------+
1 row in set (0.00 sec)

mysql> 
mysql> mysql \. C:\workspace\cloud\code\sql\_DailyScript\telemetry_livetv_ranking2021.sql
Query OK, 0 rows affected (0.01 sec)

Query OK, 137 rows affected (0.02 sec)
Records: 137  Duplicates: 0  Warnings: 0

mysql> mysql \. C:\workspace\cloud\code\sql\_DailyScript\currenttime.sql
+---------------------+
| currenttime         |
+---------------------+
| 2021-01-07 08:34:32 |
+---------------------+
1 row in set (0.00 sec)

mysql> 
mysql> mysql \. C:\workspace\cloud\code\sql\_DailyScript\telemetry_radio_ranking2021.sql
Query OK, 0 rows affected (0.01 sec)

Query OK, 5 rows affected (0.01 sec)
Records: 5  Duplicates: 0  Warnings: 0

mysql> mysql \. C:\workspace\cloud\code\sql\_DailyScript\currenttime.sql
+---------------------+
| currenttime         |
+---------------------+
| 2021-01-07 08:34:32 |
+---------------------+
1 row in set (0.00 sec)

mysql> 
mysql> mysql \. C:\workspace\cloud\code\sql\_DailyScript\telemetry_ts_ranking2021.sql
Query OK, 0 rows affected (0.01 sec)

Query OK, 43 rows affected (0.01 sec)
Records: 43  Duplicates: 0  Warnings: 0

mysql> mysql \. C:\workspace\cloud\code\sql\_DailyScript\currenttime.sql
+---------------------+
| currenttime         |
+---------------------+
| 2021-01-07 08:34:32 |
+---------------------+
1 row in set (0.00 sec)

mysql> 
mysql> mysql \. C:\workspace\cloud\code\sql\_DailyScript\telemetry_vod_ranking2021.sql
Query OK, 0 rows affected (0.01 sec)

Query OK, 5205 rows affected (0.18 sec)
Records: 5205  Duplicates: 0  Warnings: 0

mysql> mysql \. C:\workspace\cloud\code\sql\_DailyScript\currenttime.sql
+---------------------+
| currenttime         |
+---------------------+
| 2021-01-07 08:34:32 |
+---------------------+
1 row in set (0.00 sec)

mysql> 
mysql> mysql \. C:\workspace\cloud\code\sql\_DailyScript\telemetry_vod_ranking2021_1.sql
Query OK, 0 rows affected (0.01 sec)

Query OK, 5205 rows affected (0.10 sec)
Records: 5205  Duplicates: 0  Warnings: 0

mysql> mysql \. C:\workspace\cloud\code\sql\_DailyScript\currenttime.sql
+---------------------+
| currenttime         |
+---------------------+
| 2021-01-07 08:34:32 |
+---------------------+
1 row in set (0.00 sec)

mysql> 
mysql> mysql \. C:\workspace\cloud\code\sql\_DailyScript\telemetry_vod_ranking2021_2.sql
Query OK, 0 rows affected (0.01 sec)

Query OK, 5205 rows affected (0.09 sec)
Records: 5205  Duplicates: 0  Warnings: 0

mysql> mysql \. C:\workspace\cloud\code\sql\_DailyScript\currenttime.sql
+---------------------+
| currenttime         |
+---------------------+
| 2021-01-07 08:34:32 |
+---------------------+
1 row in set (0.00 sec)

mysql> 
mysql> mysql \. C:\workspace\cloud\code\sql\_DailyScript\DAILY-SCRIPT-CREATE-LOAD.sql
Database changed
Database changed
Query OK, 0 rows affected (0.02 sec)

Query OK, 0 rows affected (0.02 sec)

Database changed
Query OK, 67544 rows affected (2.32 sec)
Records: 67544  Deleted: 0  Skipped: 0  Warnings: 0

Query OK, 0 rows affected (0.14 sec)
Records: 0  Duplicates: 0  Warnings: 0

Query OK, 0 rows affected (0.22 sec)
Records: 0  Duplicates: 0  Warnings: 0

Query OK, 0 rows affected (0.23 sec)
Records: 0  Duplicates: 0  Warnings: 0

Query OK, 0 rows affected (0.21 sec)
Records: 0  Duplicates: 0  Warnings: 0

+---------+
| clients |
+---------+
|   67544 |
+---------+
1 row in set (0.02 sec)

Query OK, 0 rows affected (0.01 sec)

Query OK, 14287 rows affected (6.39 sec)
Records: 14287  Duplicates: 0  Warnings: 0

Query OK, 0 rows affected (0.05 sec)
Records: 0  Duplicates: 0  Warnings: 0

+-------------------+
| rcb_clientparcels |
+-------------------+
|             14287 |
+-------------------+
1 row in set (0.01 sec)

Query OK, 0 rows affected (0.01 sec)

Query OK, 81933 rows affected (3.15 sec)
Records: 81933  Duplicates: 0  Warnings: 0

Query OK, 0 rows affected (0.26 sec)
Records: 0  Duplicates: 0  Warnings: 0

Query OK, 0 rows affected (0.01 sec)

Query OK, 67544 rows affected (36.53 sec)
Records: 67544  Duplicates: 0  Warnings: 0

Query OK, 0 rows affected (0.19 sec)
Records: 0  Duplicates: 0  Warnings: 0

Query OK, 0 rows affected (0.21 sec)
Records: 0  Duplicates: 0  Warnings: 0

Query OK, 0 rows affected (0.17 sec)
Records: 0  Duplicates: 0  Warnings: 0

+---------------+
| clientaddress |
+---------------+
|         67544 |
+---------------+
1 row in set (0.02 sec)

Database changed
Query OK, 0 rows affected (0.05 sec)

Query OK, 0 rows affected (0.01 sec)

Database changed
Query OK, 535635 rows affected, 65535 warnings (15.02 sec)
Records: 535635  Deleted: 0  Skipped: 0  Warnings: 221756

Query OK, 0 rows affected (2.78 sec)
Records: 0  Duplicates: 0  Warnings: 0

Query OK, 0 rows affected (2.39 sec)
Records: 0  Duplicates: 0  Warnings: 0

Query OK, 0 rows affected (1.41 sec)
Records: 0  Duplicates: 0  Warnings: 0

Query OK, 0 rows affected (0.03 sec)

Query OK, 535635 rows affected (41.20 sec)
Records: 535635  Duplicates: 0  Warnings: 0

Query OK, 0 rows affected (1.75 sec)
Records: 0  Duplicates: 0  Warnings: 0

Query OK, 0 rows affected (1.32 sec)
Records: 0  Duplicates: 0  Warnings: 0

+-----------+
| contracts |
+-----------+
|    535635 |
+-----------+
1 row in set (0.16 sec)

+-----------------+
| contractaddress |
+-----------------+
|          535635 |
+-----------------+
1 row in set (0.14 sec)

Database changed
Query OK, 0 rows affected (0.01 sec)

Query OK, 0 rows affected (0.01 sec)

Query OK, 7725 rows affected (0.14 sec)
Records: 7725  Deleted: 0  Skipped: 0  Warnings: 0

Query OK, 0 rows affected (0.01 sec)

Query OK, 7693 rows affected (0.96 sec)
Records: 7693  Duplicates: 0  Warnings: 0

Query OK, 0 rows affected (0.04 sec)
Records: 0  Duplicates: 0  Warnings: 0

Query OK, 0 rows affected (0.03 sec)
Records: 0  Duplicates: 0  Warnings: 0

Query OK, 0 rows affected (0.04 sec)
Records: 0  Duplicates: 0  Warnings: 0

Query OK, 0 rows affected (0.01 sec)

Query OK, 5856 rows affected (0.07 sec)
Records: 5856  Duplicates: 0  Warnings: 0

Query OK, 0 rows affected (0.04 sec)
Records: 0  Duplicates: 0  Warnings: 0

+-------------------+
| contractdiscounts |
+-------------------+
|              7725 |
+-------------------+
1 row in set (0.00 sec)

+-------------------------+
| clientcontractdiscounts |
+-------------------------+
|                    7693 |
+-------------------------+
1 row in set (0.00 sec)

+----------------------------+
| clientcontractlastdiscount |
+----------------------------+
|                       5856 |
+----------------------------+
1 row in set (0.00 sec)

Database changed
Query OK, 0 rows affected (0.03 sec)

Query OK, 0 rows affected (0.01 sec)

Database changed
Query OK, 143120 rows affected, 8 warnings (2.67 sec)
Records: 143120  Deleted: 0  Skipped: 0  Warnings: 8

Query OK, 0 rows affected (0.23 sec)
Records: 0  Duplicates: 0  Warnings: 0

Query OK, 0 rows affected (0.26 sec)
Records: 0  Duplicates: 0  Warnings: 0

Query OK, 0 rows affected (0.29 sec)
Records: 0  Duplicates: 0  Warnings: 0

Query OK, 0 rows affected (0.28 sec)
Records: 0  Duplicates: 0  Warnings: 0

Query OK, 0 rows affected (0.37 sec)
Records: 0  Duplicates: 0  Warnings: 0

Query OK, 0 rows affected (0.52 sec)
Records: 0  Duplicates: 0  Warnings: 0

Query OK, 0 rows affected (0.08 sec)

Query OK, 1822347 rows affected (3 min 48.56 sec)
Records: 1822347  Duplicates: 0  Warnings: 0

Query OK, 0 rows affected (4.66 sec)
Records: 0  Duplicates: 0  Warnings: 0

+---------+
| devices |
+---------+
|  143120 |
+---------+
1 row in set (0.05 sec)

+-----------------------+
| clientcontractdevices |
+-----------------------+
|               1822347 |
+-----------------------+
1 row in set (0.66 sec)

Query OK, 0 rows affected (0.02 sec)

Query OK, 143029 rows affected (6.92 sec)
Records: 143029  Duplicates: 0  Warnings: 0

+---------------------------+
| rep_clientcontractdevices |
+---------------------------+
|                    143029 |
+---------------------------+
1 row in set (0.04 sec)

Database changed
Query OK, 0 rows affected (0.02 sec)

Query OK, 0 rows affected (0.01 sec)

Query OK, 310229 rows affected (6.91 sec)
Records: 310229  Deleted: 0  Skipped: 0  Warnings: 0

Query OK, 0 rows affected (0.68 sec)
Records: 0  Duplicates: 0  Warnings: 0

Query OK, 0 rows affected (0.69 sec)
Records: 0  Duplicates: 0  Warnings: 0

Query OK, 0 rows affected (0.65 sec)
Records: 0  Duplicates: 0  Warnings: 0

Query OK, 0 rows affected (0.53 sec)
Records: 0  Duplicates: 0  Warnings: 0

+---------+
| tickets |
+---------+
|  310229 |
+---------+
1 row in set (0.09 sec)

Database changed
Query OK, 0 rows affected (0.00 sec)

Query OK, 0 rows affected (0.01 sec)

Empty set (0.00 sec)

Query OK, 0 rows affected (0.01 sec)
Records: 0  Duplicates: 0  Warnings: 0

Query OK, 372 rows affected, 2 warnings (0.02 sec)
Records: 372  Deleted: 0  Skipped: 0  Warnings: 2

+-----------------+
| tickettechusers |
+-----------------+
|             372 |
+-----------------+
1 row in set (0.00 sec)

Database changed
Query OK, 0 rows affected (0.01 sec)

Query OK, 0 rows affected (0.01 sec)

Query OK, 0 rows affected (0.02 sec)
Records: 0  Duplicates: 0  Warnings: 0

Query OK, 684091 rows affected, 48755 warnings (11.09 sec)
Records: 684091  Deleted: 0  Skipped: 0  Warnings: 48755

+-------------------+
| ticketassignments |
+-------------------+
|            684091 |
+-------------------+
1 row in set (0.19 sec)

Database changed
Query OK, 0 rows affected (0.02 sec)

Query OK, 0 rows affected (0.01 sec)

Query OK, 1381170 rows affected (15.38 sec)
Records: 1381170  Deleted: 0  Skipped: 0  Warnings: 0

Query OK, 0 rows affected (3.88 sec)
Records: 0  Duplicates: 0  Warnings: 0

Query OK, 0 rows affected (3.79 sec)
Records: 0  Duplicates: 0  Warnings: 0

Query OK, 0 rows affected (3.58 sec)
Records: 0  Duplicates: 0  Warnings: 0

Query OK, 0 rows affected (2.78 sec)
Records: 0  Duplicates: 0  Warnings: 0

+----------------+
| ticketcomments |
+----------------+
|        1381170 |
+----------------+
1 row in set (0.39 sec)

Database changed
Query OK, 0 rows affected (0.01 sec)

Query OK, 0 rows affected (0.01 sec)

Query OK, 470488 rows affected (34.22 sec)
Records: 470488  Deleted: 0  Skipped: 0  Warnings: 0

Query OK, 0 rows affected (2.36 sec)
Records: 0  Duplicates: 0  Warnings: 0

+----------+
| comments |
+----------+
|   470488 |
+----------+
1 row in set (0.13 sec)

Database changed
Query OK, 0 rows affected (0.03 sec)

Query OK, 0 rows affected (0.01 sec)

Query OK, 1569005 rows affected, 65535 warnings (1 min 15.61 sec)
Records: 1569005  Deleted: 0  Skipped: 0  Warnings: 1569040

Query OK, 0 rows affected (4.13 sec)
Records: 0  Duplicates: 0  Warnings: 0

Query OK, 0 rows affected (3.69 sec)
Records: 0  Duplicates: 0  Warnings: 0

Query OK, 0 rows affected (3.67 sec)
Records: 0  Duplicates: 0  Warnings: 0

Query OK, 0 rows affected (3.68 sec)
Records: 0  Duplicates: 0  Warnings: 0

Query OK, 0 rows affected (5.31 sec)
Records: 0  Duplicates: 0  Warnings: 0

+------------+
| devicesold |
+------------+
|    1569005 |
+------------+
1 row in set (0.44 sec)

Database changed
Query OK, 0 rows affected (0.02 sec)

Query OK, 0 rows affected (0.01 sec)

Query OK, 1815729 rows affected (23.40 sec)
Records: 1815729  Deleted: 0  Skipped: 0  Warnings: 0

Query OK, 0 rows affected (4.59 sec)
Records: 0  Duplicates: 0  Warnings: 0

Query OK, 0 rows affected (4.09 sec)
Records: 0  Duplicates: 0  Warnings: 0

Query OK, 0 rows affected (4.05 sec)
Records: 0  Duplicates: 0  Warnings: 0

+------------------+
| contractservices |
+------------------+
|          1815729 |
+------------------+
1 row in set (0.50 sec)

Database changed
Query OK, 0 rows affected (0.07 sec)

Query OK, 0 rows affected (0.01 sec)

Query OK, 4439200 rows affected (1 min 52.85 sec)
Records: 4439200  Deleted: 0  Skipped: 0  Warnings: 0

Query OK, 0 rows affected (12.07 sec)
Records: 0  Duplicates: 0  Warnings: 0

Query OK, 0 rows affected (15.68 sec)
Records: 0  Duplicates: 0  Warnings: 0

Query OK, 0 rows affected (11.35 sec)
Records: 0  Duplicates: 0  Warnings: 0

Query OK, 0 rows affected (12.21 sec)
Records: 0  Duplicates: 0  Warnings: 0

+------------------+
| invoicescontents |
+------------------+
|          4439200 |
+------------------+
1 row in set (1.45 sec)

Database changed
Query OK, 0 rows affected (0.14 sec)

Query OK, 0 rows affected (0.01 sec)

Query OK, 3134650 rows affected (2 min 52.64 sec)
Records: 3134650  Deleted: 0  Skipped: 0  Warnings: 0

Query OK, 0 rows affected (12.14 sec)
Records: 0  Duplicates: 0  Warnings: 0

Query OK, 0 rows affected (11.69 sec)
Records: 0  Duplicates: 0  Warnings: 0

Query OK, 0 rows affected (9.90 sec)
Records: 0  Duplicates: 0  Warnings: 0

Query OK, 0 rows affected (12.03 sec)
Records: 0  Duplicates: 0  Warnings: 0

Query OK, 0 rows affected (10.99 sec)
Records: 0  Duplicates: 0  Warnings: 0

+----------------+
| invoicesheader |
+----------------+
|        3134650 |
+----------------+
1 row in set (0.87 sec)

Database changed
Query OK, 0 rows affected (0.04 sec)

Query OK, 0 rows affected (0.01 sec)

Query OK, 3150536 rows affected (1 min 21.87 sec)
Records: 3150536  Deleted: 0  Skipped: 0  Warnings: 0

Query OK, 0 rows affected (8.02 sec)
Records: 0  Duplicates: 0  Warnings: 0

Query OK, 0 rows affected (7.91 sec)
Records: 0  Duplicates: 0  Warnings: 0

Query OK, 0 rows affected (7.94 sec)
Records: 0  Duplicates: 0  Warnings: 0

Query OK, 0 rows affected (7.72 sec)
Records: 0  Duplicates: 0  Warnings: 0

Query OK, 0 rows affected (9.45 sec)
Records: 0  Duplicates: 0  Warnings: 0

+---------+
| casa    |
+---------+
| 3150536 |
+---------+
1 row in set (0.86 sec)

Query OK, 0 rows affected (0.01 sec)

Query OK, 15430 rows affected (1 min 22.46 sec)
Records: 15430  Duplicates: 0  Warnings: 0

+--------------------+
| rep_paycol_channel |
+--------------------+
|              15430 |
+--------------------+
1 row in set (0.01 sec)

Query OK, 0 rows affected (0.01 sec)

Query OK, 11503 rows affected (1 min 40.20 sec)
Records: 11503  Duplicates: 0  Warnings: 0

+----------------+
| rep_paycol_pos |
+----------------+
|          11503 |
+----------------+
1 row in set (0.01 sec)

Database changed
Query OK, 0 rows affected (0.01 sec)

Query OK, 0 rows affected (0.01 sec)

Database changed
Query OK, 39893 rows affected (0.77 sec)
Records: 39893  Deleted: 0  Skipped: 0  Warnings: 0

+-------+
| users |
+-------+
| 39893 |
+-------+
1 row in set (0.01 sec)

Query OK, 0 rows affected (0.09 sec)
Records: 0  Duplicates: 0  Warnings: 0

Database changed
Query OK, 0 rows affected (0.02 sec)

Query OK, 0 rows affected (0.01 sec)

Query OK, 1872898 rows affected, 2 warnings (28.67 sec)
Records: 1872898  Deleted: 0  Skipped: 0  Warnings: 2

Query OK, 0 rows affected (4.91 sec)
Records: 0  Duplicates: 0  Warnings: 0

Query OK, 0 rows affected (4.48 sec)
Records: 0  Duplicates: 0  Warnings: 0

Query OK, 0 rows affected (4.35 sec)
Records: 0  Duplicates: 0  Warnings: 0

Query OK, 0 rows affected (3.97 sec)
Records: 0  Duplicates: 0  Warnings: 0

Query OK, 0 rows affected (3.84 sec)
Records: 0  Duplicates: 0  Warnings: 0

+-------------+
| useractions |
+-------------+
|     1872898 |
+-------------+
1 row in set (0.53 sec)

Database changed
Query OK, 0 rows affected (0.10 sec)

Query OK, 0 rows affected (0.01 sec)

Database changed
Query OK, 25912145 rows affected (4 min 35.22 sec)
Records: 25912145  Deleted: 0  Skipped: 0  Warnings: 0

Query OK, 0 rows affected (1 min 7.64 sec)
Records: 0  Duplicates: 0  Warnings: 0

Query OK, 0 rows affected (1 min 5.42 sec)
Records: 0  Duplicates: 0  Warnings: 0

Query OK, 0 rows affected (1 min 4.93 sec)
Records: 0  Duplicates: 0  Warnings: 0

Query OK, 0 rows affected (58.42 sec)
Records: 0  Duplicates: 0  Warnings: 0

Query OK, 0 rows affected (1 min 15.02 sec)
Records: 0  Duplicates: 0  Warnings: 0

+----------+
| ipusage1 |
+----------+
| 25912145 |
+----------+
1 row in set (8.19 sec)

Query OK, 0 rows affected (0.03 sec)

Query OK, 1815709 rows affected (49.97 sec)
Records: 1815709  Duplicates: 0  Warnings: 0

Query OK, 0 rows affected (7.48 sec)
Records: 0  Duplicates: 0  Warnings: 0

Query OK, 0 rows affected (3.87 sec)
Records: 0  Duplicates: 0  Warnings: 0

Query OK, 0 rows affected (5.20 sec)
Records: 0  Duplicates: 0  Warnings: 0

+------------------------------+
| contractsservicepackageprice |
+------------------------------+
|                      1815709 |
+------------------------------+
1 row in set (0.50 sec)

Query OK, 0 rows affected (0.03 sec)

Query OK, 1815932 rows affected (2 min 6.93 sec)
Records: 1815932  Duplicates: 0  Warnings: 0

Query OK, 0 rows affected (7.32 sec)
Records: 0  Duplicates: 0  Warnings: 0

Query OK, 0 rows affected (8.73 sec)
Records: 0  Duplicates: 0  Warnings: 0

Query OK, 0 rows affected (4.50 sec)
Records: 0  Duplicates: 0  Warnings: 0

Query OK, 0 rows affected (7.16 sec)
Records: 0  Duplicates: 0  Warnings: 0

+------------------------------------+
| clientcontractsservicepackageprice |
+------------------------------------+
|                            1815932 |
+------------------------------------+
1 row in set (0.50 sec)

mysql> mysql \. C:\workspace\cloud\code\sql\_DailyScript\currenttime.sql
+---------------------+
| currenttime         |
+---------------------+
| 2021-01-07 09:10:48 |
+---------------------+
1 row in set (0.00 sec)

mysql> 
mysql> mysql \. C:\workspace\cloud\code\sql\_DailyScript\ticket_analysis.sql
Database changed
Query OK, 0 rows affected (0.03 sec)

Query OK, 742130 rows affected (23.63 sec)
Records: 742130  Duplicates: 0  Warnings: 0

Query OK, 0 rows affected (4.42 sec)
Records: 0  Duplicates: 0  Warnings: 0

Query OK, 0 rows affected (2.00 sec)
Records: 0  Duplicates: 0  Warnings: 0

Query OK, 0 rows affected (1.93 sec)
Records: 0  Duplicates: 0  Warnings: 0

Query OK, 0 rows affected (0.01 sec)

Query OK, 23681 rows affected (12.57 sec)
Records: 23681  Duplicates: 0  Warnings: 0

Query OK, 0 rows affected, 1 warning (0.00 sec)

Query OK, 105906 rows affected (7.31 sec)
Records: 105906  Duplicates: 0  Warnings: 0

Query OK, 0 rows affected, 1 warning (0.00 sec)

Query OK, 541318 rows affected (14.93 sec)
Records: 541318  Duplicates: 0  Warnings: 0

Query OK, 0 rows affected, 1 warning (0.00 sec)

Query OK, 541318 rows affected (15.78 sec)
Records: 541318  Duplicates: 0  Warnings: 0

Query OK, 0 rows affected (0.01 sec)

Query OK, 106007 rows affected (8.31 sec)
Records: 106007  Duplicates: 0  Warnings: 0

Database changed
Query OK, 0 rows affected (0.00 sec)

Query OK, 0 rows affected (0.03 sec)

Query OK, 742130 rows affected (24.31 sec)
Records: 742130  Duplicates: 0  Warnings: 0

Query OK, 0 rows affected (0.02 sec)

Query OK, 376640 rows affected (15.37 sec)
Records: 376640  Duplicates: 0  Warnings: 0

+--------------------------+
| clientticket_cmmtjourney |
+--------------------------+
|                   742130 |
+--------------------------+
1 row in set (2.12 sec)

+---------------------------+
| clientticket_assgnjourney |
+---------------------------+
|                    376640 |
+---------------------------+
1 row in set (0.41 sec)

Query OK, 0 rows affected (0.01 sec)

Query OK, 75 rows affected (0.10 sec)
Records: 75  Duplicates: 0  Warnings: 0

mysql> mysql \. C:\workspace\cloud\code\sql\_DailyScript\currenttime.sql
+---------------------+
| currenttime         |
+---------------------+
| 2021-01-07 09:13:02 |
+---------------------+
1 row in set (0.00 sec)

mysql> 
mysql> mysql \. C:\workspace\cloud\code\sql\_DailyScript\load_DailyCalls.sql
Database changed
Query OK, 945 rows affected (0.20 sec)
Records: 945  Deleted: 0  Skipped: 0  Warnings: 0

Query OK, 0 rows affected, 1 warning (0.00 sec)

Query OK, 923 rows affected (0.03 sec)
Records: 923  Duplicates: 0  Warnings: 0

Query OK, 0 rows affected, 1 warning (0.00 sec)

Query OK, 68537 rows affected (0.29 sec)
Records: 68537  Duplicates: 0  Warnings: 0

+----------------------+
| callingclientsbefore |
+----------------------+
|              1079024 |
+----------------------+
1 row in set (0.45 sec)

Query OK, 1245 rows affected (19.37 sec)
Records: 1245  Duplicates: 0  Warnings: 0

+---------------------+
| callingclientsafter |
+---------------------+
|             1080269 |
+---------------------+
1 row in set (0.29 sec)

Query OK, 0 rows affected (0.01 sec)

Query OK, 553 rows affected (3.87 sec)
Records: 553  Duplicates: 0  Warnings: 0

Query OK, 0 rows affected (0.01 sec)

Query OK, 21486 rows affected (3.63 sec)
Records: 21486  Duplicates: 0  Warnings: 0

+-----------+
| callstats |
+-----------+
|     21486 |
+-----------+
1 row in set (0.01 sec)

Query OK, 0 rows affected, 1 warning (0.00 sec)

Query OK, 1245 rows affected (2.69 sec)
Records: 1245  Duplicates: 0  Warnings: 0

+------------------------+
| rep_cccallreportbefore |
+------------------------+
|                1080001 |
+------------------------+
1 row in set (0.38 sec)

Query OK, 1245 rows affected (0.22 sec)
Records: 1245  Duplicates: 0  Warnings: 0

+-----------------------+
| rep_cccallreportafter |
+-----------------------+
|               1081246 |
+-----------------------+
1 row in set (0.28 sec)

Query OK, 0 rows affected (0.01 sec)

mysql> mysql \. C:\workspace\cloud\code\sql\_DailyScript\currenttime.sql
+---------------------+
| currenttime         |
+---------------------+
| 2021-01-07 09:13:33 |
+---------------------+
1 row in set (0.00 sec)

mysql> 
mysql> mysql \. C:\workspace\cloud\code\sql\_DailyScript\DAILY-SCRIPT-USAGE.sql
Database changed
Query OK, 0 rows affected (0.00 sec)

Query OK, 4340 rows affected, 12515 warnings (1.08 sec)
Records: 4340  Deleted: 0  Skipped: 0  Warnings: 12515

Query OK, 0 rows affected (0.00 sec)

Query OK, 6281 rows affected, 18109 warnings (1.37 sec)
Records: 6281  Deleted: 0  Skipped: 0  Warnings: 18109

Query OK, 0 rows affected (0.00 sec)

Query OK, 303 rows affected, 1088 warnings (0.04 sec)
Records: 303  Deleted: 0  Skipped: 0  Warnings: 1088

Query OK, 0 rows affected (0.00 sec)

Query OK, 166 rows affected, 561 warnings (0.05 sec)
Records: 166  Deleted: 0  Skipped: 0  Warnings: 561

+------------+
| dailyusage |
+------------+
|   16103913 |
+------------+
1 row in set (6.53 sec)

+------------+------------+------------+---------+
| datestart  | dateend    | insertedon | records |
+------------+------------+------------+---------+
| 2021-01-06 | 2021-01-06 | 2021-01-07 |   11090 |
| 2021-01-05 | 2021-01-05 | 2021-01-06 |   11036 |
| 2021-01-04 | 2021-01-04 | 2021-01-05 |   10976 |
| 2021-01-03 | 2021-01-03 | 2021-01-04 |   10480 |
| 2021-01-02 | 2021-01-02 | 2021-01-03 |   10396 |
+------------+------------+------------+---------+
5 rows in set (34.72 sec)

+----------+------------+------------+------------+---------+
| category | datestart  | dateend    | insertedon | records |
+----------+------------+------------+------------+---------+
| UNCAPPED | 2021-01-06 | 2021-01-06 | 2021-01-07 |    6281 |
| PREPAID  | 2021-01-06 | 2021-01-06 | 2021-01-07 |     303 |
| HOTSPOT  | 2021-01-06 | 2021-01-06 | 2021-01-07 |     166 |
| CAPPED   | 2021-01-06 | 2021-01-06 | 2021-01-07 |    4340 |
| UNCAPPED | 2021-01-05 | 2021-01-05 | 2021-01-06 |    6220 |
| PREPAID  | 2021-01-05 | 2021-01-05 | 2021-01-06 |     304 |
| HOTSPOT  | 2021-01-05 | 2021-01-05 | 2021-01-06 |     173 |
| CAPPED   | 2021-01-05 | 2021-01-05 | 2021-01-06 |    4339 |
| UNCAPPED | 2021-01-04 | 2021-01-04 | 2021-01-05 |    6293 |
| PREPAID  | 2021-01-04 | 2021-01-04 | 2021-01-05 |     296 |
| HOTSPOT  | 2021-01-04 | 2021-01-04 | 2021-01-05 |     141 |
| CAPPED   | 2021-01-04 | 2021-01-04 | 2021-01-05 |    4246 |
| UNCAPPED | 2021-01-03 | 2021-01-03 | 2021-01-04 |    5905 |
| PREPAID  | 2021-01-03 | 2021-01-03 | 2021-01-04 |     299 |
| HOTSPOT  | 2021-01-03 | 2021-01-03 | 2021-01-04 |     167 |
| CAPPED   | 2021-01-03 | 2021-01-03 | 2021-01-04 |    4109 |
| UNCAPPED | 2021-01-02 | 2021-01-02 | 2021-01-03 |    5863 |
| PREPAID  | 2021-01-02 | 2021-01-02 | 2021-01-03 |     288 |
| HOTSPOT  | 2021-01-02 | 2021-01-02 | 2021-01-03 |     129 |
| CAPPED   | 2021-01-02 | 2021-01-02 | 2021-01-03 |    4116 |
+----------+------------+------------+------------+---------+
20 rows in set (23.72 sec)

mysql> mysql \. C:\workspace\cloud\code\sql\_DailyScript\currenttime.sql
+---------------------+
| currenttime         |
+---------------------+
| 2021-01-07 09:14:41 |
+---------------------+
1 row in set (0.00 sec)

mysql> 
mysql> mysql \. C:\workspace\cloud\code\sql\_DailyScript\DAILY-SCRIPT-SALES-TELEMETRY.sql
Database changed
Query OK, 133 rows affected, 21 warnings (0.04 sec)
Records: 133  Deleted: 0  Skipped: 0  Warnings: 21

+------------+
| dailysales |
+------------+
|     220076 |
+------------+
1 row in set (0.24 sec)

Query OK, 0 rows affected (0.01 sec)

Query OK, 220076 rows affected (13.90 sec)
Records: 220076  Duplicates: 0  Warnings: 0

+--------+
| sales  |
+--------+
| 220076 |
+--------+
1 row in set (0.24 sec)

Query OK, 0 rows affected (0.01 sec)

Query OK, 3583 rows affected (0.36 sec)
Records: 3583  Duplicates: 0  Warnings: 0

+----------------+
| rep_dailysales |
+----------------+
|           3583 |
+----------------+
1 row in set (0.00 sec)

Query OK, 0 rows affected (0.01 sec)

Query OK, 3583 rows affected (0.55 sec)
Records: 3583  Duplicates: 0  Warnings: 0

+-------------------+
| rep_dailysalesreg |
+-------------------+
|              3583 |
+-------------------+
1 row in set (0.00 sec)

Query OK, 0 rows affected (0.01 sec)

Query OK, 2859 rows affected (0.68 sec)
Records: 2859  Duplicates: 0  Warnings: 0

+-----------+
| saleslist |
+-----------+
|      2859 |
+-----------+
1 row in set (0.00 sec)

Database changed
ERROR 2 (HY000): File 'C:\ProgramData\MySQL\MySQL Server 5.7\Uploads\_csv\PrepaidCardSales-06012021-P1.csv' not found (Errcode: 2 - No such file or directory)
+------------------+
| dailysinglesales |
+------------------+
|             6441 |
+------------------+
1 row in set (0.02 sec)

Database changed
Query OK, 12 rows affected (0.03 sec)
Records: 12  Deleted: 0  Skipped: 0  Warnings: 0

+-----------------+
| dailyaddonsales |
+-----------------+
|           21587 |
+-----------------+
1 row in set (0.04 sec)

Query OK, 292 rows affected (0.11 sec)
Records: 292  Deleted: 0  Skipped: 0  Warnings: 0

+----------------+
| onlinepayments |
+----------------+
|         149053 |
+----------------+
1 row in set (0.11 sec)

+-------------+----------------+---------------------+
| paymentdate | onlinepayments | onlinepaymentamount |
+-------------+----------------+---------------------+
| 2021-01-06  |            292 |        187789.77000 |
| 2021-01-05  |            325 |        211632.05000 |
| 2021-01-04  |            364 |        229190.14000 |
| 2021-01-03  |            316 |        213947.80000 |
| 2021-01-02  |            226 |        154720.17000 |
+-------------+----------------+---------------------+
5 rows in set (0.55 sec)

+-------------+--------------+----------------+---------------------+
| paymentyear | paymentmonth | onlinepayments | onlinepaymentamount |
+-------------+--------------+----------------+---------------------+
|        2021 |            1 |           1789 |       1171105.50000 |
|        2021 |         NULL |           1789 |       1171105.50000 |
|        2020 |           12 |           7235 |       4780077.29000 |
|        2020 |           11 |           6424 |       4163507.90000 |
|        2020 |           10 |           6965 |       4508008.17000 |
+-------------+--------------+----------------+---------------------+
5 rows in set (0.14 sec)

mysql> mysql \. C:\workspace\cloud\code\sql\_DailyScript\currenttime.sql
+---------------------+
| currenttime         |
+---------------------+
| 2021-01-07 09:14:58 |
+---------------------+
1 row in set (0.00 sec)

mysql> 
mysql> mysql \. C:\workspace\cloud\code\sql\_DailyScript\DAILY-SCRIPT-ACTIVENUMBERS.sql
Database changed
Query OK, 1172 rows affected (0.54 sec)
Records: 1172  Deleted: 0  Skipped: 0  Warnings: 0

+------------+----------+
| period     | count(1) |
+------------+----------+
| 2021-01-06 |     1172 |
| 2021-01-05 |     1173 |
| 2021-01-04 |     1172 |
| 2021-01-03 |     1173 |
| 2021-01-02 |     1173 |
+------------+----------+
5 rows in set (0.01 sec)

Query OK, 0 rows affected (0.01 sec)

Query OK, 79 rows affected (1.40 sec)
Records: 79  Duplicates: 0  Warnings: 0

+-------------+
| packagelist |
+-------------+
|          79 |
+-------------+
1 row in set (0.00 sec)

Database changed
Query OK, 0 rows affected (0.01 sec)

Query OK, 0 rows affected (0.00 sec)

Query OK, 0 rows affected (0.00 sec)

Query OK, 0 rows affected (0.00 sec)

Query OK, 28480 rows affected, 216 warnings (23.45 sec)
Records: 28480  Deleted: 0  Skipped: 0  Warnings: 216

+------------+----------+
| period     | count(1) |
+------------+----------+
| 2021-01-06 |    28480 |
| 2021-01-05 |    28425 |
| 2021-01-04 |    28288 |
| 2021-01-03 |    27955 |
| 2021-01-02 |    28224 |
+------------+----------+
5 rows in set (0.13 sec)

Query OK, 0 rows affected (0.02 sec)

Query OK, 27909 rows affected (49.32 sec)
Records: 27909  Duplicates: 0  Warnings: 0

Query OK, 0 rows affected (0.14 sec)
Records: 0  Duplicates: 0  Warnings: 0

Query OK, 0 rows affected (0.10 sec)
Records: 0  Duplicates: 0  Warnings: 0

Query OK, 0 rows affected (0.10 sec)
Records: 0  Duplicates: 0  Warnings: 0

Query OK, 0 rows affected (0.08 sec)
Records: 0  Duplicates: 0  Warnings: 0

Query OK, 0 rows affected (0.07 sec)
Records: 0  Duplicates: 0  Warnings: 0

Query OK, 0 rows affected (0.09 sec)
Records: 0  Duplicates: 0  Warnings: 0

+-------------+
| countbefore |
+-------------+
|    42250285 |
+-------------+
1 row in set (17.23 sec)

Query OK, 27909 rows affected (5.77 sec)
Records: 27909  Duplicates: 0  Warnings: 0

+------------+
| countafter |
+------------+
|   42278194 |
+------------+
1 row in set (14.37 sec)

+------------+--------------------------+
| period     | customercontractactivity |
+------------+--------------------------+
| 2021-01-06 |                    27909 |
| 2021-01-05 |                    27854 |
| 2021-01-04 |                    27717 |
| 2021-01-03 |                    27384 |
| 2021-01-02 |                    27653 |
+------------+--------------------------+
5 rows in set (0.06 sec)

Query OK, 0 rows affected (0.02 sec)

Query OK, 290104 rows affected (7 min 49.53 sec)
Records: 290104  Duplicates: 0  Warnings: 0

Query OK, 0 rows affected (0.99 sec)
Records: 0  Duplicates: 0  Warnings: 0

Query OK, 0 rows affected (1.07 sec)
Records: 0  Duplicates: 0  Warnings: 0

Query OK, 0 rows affected (1.02 sec)
Records: 0  Duplicates: 0  Warnings: 0

Query OK, 0 rows affected (0.01 sec)

Query OK, 235 rows affected (0.41 sec)
Records: 235  Duplicates: 0  Warnings: 0

Query OK, 0 rows affected (0.01 sec)

Query OK, 2693 rows affected (0.57 sec)
Records: 2693  Duplicates: 0  Warnings: 0

Query OK, 0 rows affected (0.02 sec)

Query OK, 27884 rows affected (0.54 sec)
Records: 27884  Duplicates: 0  Warnings: 0

Query OK, 0 rows affected (0.01 sec)

Query OK, 17408 rows affected (0.33 sec)
Records: 17408  Duplicates: 0  Warnings: 0

Query OK, 0 rows affected (0.01 sec)

Query OK, 17408 rows affected (0.12 sec)
Records: 17408  Duplicates: 0  Warnings: 0

Query OK, 0 rows affected (0.03 sec)

Query OK, 17408 rows affected (1.13 sec)
Records: 17408  Duplicates: 0  Warnings: 0

Query OK, 0 rows affected (0.03 sec)

Query OK, 17408 rows affected (44.79 sec)
Records: 17408  Duplicates: 0  Warnings: 0

+-------------+
| clientstats |
+-------------+
|       17408 |
+-------------+
1 row in set (0.01 sec)

Query OK, 0 rows affected (0.01 sec)

Query OK, 14 rows affected, 1 warning (0.09 sec)
Records: 14  Duplicates: 0  Warnings: 1

+-----------------------+-------------+-------------+----------------+-----------------+
| services              | activecount | allaccounts | uniqueaccounts | uniquecontracts |
+-----------------------+-------------+-------------+----------------+-----------------+
| All                   |         370 |          63 |             63 |             200 |
| Internet & OTT        |           4 |           2 |              2 |               2 |
| Internet & Voice      |         362 |         163 |            162 |             318 |
| Internet Only         |        4378 |        4259 |           4251 |            4302 |
| OTT Only              |           1 |           1 |              1 |               1 |
| TV & Internet         |        9703 |        4385 |           4378 |            8937 |
| TV & Internet & OTT   |        3367 |         862 |            857 |            1790 |
| TV & Internet & Voice |         570 |         164 |            164 |             504 |
| TV & OTT              |         525 |          81 |             80 |              98 |
| TV & Voice            |          81 |          36 |             36 |              74 |
| TV & Voice & OTT      |           3 |           1 |              1 |               2 |
| TV Only               |        9094 |        7256 |           7249 |            7453 |
| Voice Only            |         137 |         135 |            135 |             137 |
| GRAND TOTAL           |       28595 |       17408 |          17335 |           23818 |
+-----------------------+-------------+-------------+----------------+-----------------+
14 rows in set (0.00 sec)

+-------------+-------------+-------------+----------------+-----------------+
| network     | activecount | allaccounts | uniqueaccounts | uniquecontracts |
+-------------+-------------+-------------+----------------+-----------------+
| GPON        |       10597 |        5361 |           5358 |            8401 |
| HFC         |       17998 |       12047 |          12047 |           15417 |
| GRAND TOTAL |       28595 |       17408 |          17335 |           23818 |
+-------------+-------------+-------------+----------------+-----------------+
3 rows in set, 1 warning (0.11 sec)

+-------------+-----------------------+-------------+-------------+----------------+-----------------+
| network     | services              | activecount | allaccounts | uniqueaccounts | uniquecontracts |
+-------------+-----------------------+-------------+-------------+----------------+-----------------+
| GPON        | All                   |         230 |          41 |             41 |             128 |
| GPON        | Internet & Voice      |          76 |          32 |             32 |              66 |
| GPON        | Internet Only         |        1297 |        1197 |           1197 |            1223 |
| GPON        | TV & Internet         |        4423 |        1951 |           1951 |            4020 |
| GPON        | TV & Internet & OTT   |        2044 |         515 |            515 |            1076 |
| GPON        | TV & Internet & Voice |         271 |          72 |             72 |             225 |
| GPON        | TV & OTT              |         294 |          46 |             46 |              52 |
| GPON        | TV & Voice            |          50 |          22 |             22 |              46 |
| GPON        | TV Only               |        1899 |        1473 |           1473 |            1552 |
| GPON        | Voice Only            |          13 |          12 |             12 |              13 |
| GPON        | Services Total        |       10597 |        5361 |           5358 |            8401 |
| HFC         | All                   |         140 |          22 |             22 |              72 |
| HFC         | Internet & OTT        |           4 |           2 |              2 |               2 |
| HFC         | Internet & Voice      |         286 |         131 |            131 |             252 |
| HFC         | Internet Only         |        3081 |        3062 |           3062 |            3079 |
| HFC         | OTT Only              |           1 |           1 |              1 |               1 |
| HFC         | TV & Internet         |        5280 |        2434 |           2434 |            4917 |
| HFC         | TV & Internet & OTT   |        1323 |         347 |            347 |             714 |
| HFC         | TV & Internet & Voice |         299 |          92 |             92 |             279 |
| HFC         | TV & OTT              |         231 |          35 |             35 |              46 |
| HFC         | TV & Voice            |          31 |          14 |             14 |              28 |
| HFC         | TV & Voice & OTT      |           3 |           1 |              1 |               2 |
| HFC         | TV Only               |        7195 |        5783 |           5783 |            5901 |
| HFC         | Voice Only            |         124 |         123 |            123 |             124 |
| HFC         | Services Total        |       17998 |       12047 |          12047 |           15417 |
| GRAND TOTAL | Services Total        |       28595 |       17408 |          17335 |           23818 |
+-------------+-----------------------+-------------+-------------+----------------+-----------------+
26 rows in set, 2 warnings (0.12 sec)

Query OK, 0 rows affected (0.01 sec)

Query OK, 44 rows affected, 3 warnings (0.17 sec)
Records: 44  Duplicates: 0  Warnings: 3

+-------------+---------------+-----------------------+-------------+-------------+----------------+-----------------+
| region      | network       | services              | activecount | allaccounts | uniqueaccounts | uniquecontracts |
+-------------+---------------+-----------------------+-------------+-------------+----------------+-----------------+
| Eden Island | GPON          | TV & Internet         |           2 |           1 |              1 |               2 |
| Eden Island | GPON          | Services Total        |           2 |           1 |              1 |               2 |
| Eden Island | Network Total | Services Total        |           2 |           1 |              1 |               2 |
| Mahe        | GPON          | All                   |         205 |          37 |             37 |             116 |
| Mahe        | GPON          | Internet & Voice      |          62 |          25 |             25 |              52 |
| Mahe        | GPON          | Internet Only         |        1067 |         967 |            967 |             993 |
| Mahe        | GPON          | TV & Internet         |        3629 |        1595 |           1595 |            3284 |
| Mahe        | GPON          | TV & Internet & OTT   |        1609 |         393 |            393 |             826 |
| Mahe        | GPON          | TV & Internet & Voice |         255 |          67 |             67 |             209 |
| Mahe        | GPON          | TV & OTT              |         264 |          35 |             35 |              40 |
| Mahe        | GPON          | TV & Voice            |          47 |          21 |             21 |              44 |
| Mahe        | GPON          | TV Only               |        1538 |        1179 |           1179 |            1241 |
| Mahe        | GPON          | Voice Only            |          13 |          12 |             12 |              13 |
| Mahe        | GPON          | Services Total        |        8689 |        4331 |           4331 |            6818 |
| Mahe        | HFC           | All                   |         140 |          22 |             22 |              72 |
| Mahe        | HFC           | Internet & OTT        |           4 |           2 |              2 |               2 |
| Mahe        | HFC           | Internet & Voice      |         286 |         131 |            131 |             252 |
| Mahe        | HFC           | Internet Only         |        3080 |        3061 |           3061 |            3078 |
| Mahe        | HFC           | OTT Only              |           1 |           1 |              1 |               1 |
| Mahe        | HFC           | TV & Internet         |        5280 |        2434 |           2434 |            4917 |
| Mahe        | HFC           | TV & Internet & OTT   |        1323 |         347 |            347 |             714 |
| Mahe        | HFC           | TV & Internet & Voice |         299 |          92 |             92 |             279 |
| Mahe        | HFC           | TV & OTT              |         231 |          35 |             35 |              46 |
| Mahe        | HFC           | TV & Voice            |          31 |          14 |             14 |              28 |
| Mahe        | HFC           | TV & Voice & OTT      |           3 |           1 |              1 |               2 |
| Mahe        | HFC           | TV Only               |        7192 |        5781 |           5781 |            5899 |
| Mahe        | HFC           | Voice Only            |         124 |         123 |            123 |             124 |
| Mahe        | HFC           | Services Total        |       17994 |       12044 |          12044 |           15414 |
| Mahe        | Network Total | Services Total        |       26683 |       16375 |          16305 |           22232 |
| Praslin     | GPON          | All                   |          25 |           4 |              4 |              12 |
| Praslin     | GPON          | Internet & Voice      |          14 |           7 |              7 |              14 |
| Praslin     | GPON          | Internet Only         |         230 |         230 |            230 |             230 |
| Praslin     | GPON          | TV & Internet         |         792 |         355 |            355 |             734 |
| Praslin     | GPON          | TV & Internet & OTT   |         435 |         122 |            122 |             250 |
| Praslin     | GPON          | TV & Internet & Voice |          16 |           5 |              5 |              16 |
| Praslin     | GPON          | TV & OTT              |          30 |          11 |             11 |              12 |
| Praslin     | GPON          | TV & Voice            |           3 |           1 |              1 |               2 |
| Praslin     | GPON          | TV Only               |         361 |         294 |            294 |             311 |
| Praslin     | GPON          | Services Total        |        1906 |        1029 |           1029 |            1581 |
| Praslin     | HFC           | Internet Only         |           1 |           1 |              1 |               1 |
| Praslin     | HFC           | TV Only               |           3 |           2 |              2 |               2 |
| Praslin     | HFC           | Services Total        |           4 |           3 |              3 |               3 |
| Praslin     | Network Total | Services Total        |        1910 |        1032 |           1032 |            1584 |
| GRAND TOTAL | Network Total | Services Total        |       28595 |       17408 |          17335 |           23818 |
+-------------+---------------+-----------------------+-------------+-------------+----------------+-----------------+
44 rows in set (0.00 sec)

Query OK, 0 rows affected (0.01 sec)

Query OK, 27885 rows affected (0.43 sec)
Records: 27885  Duplicates: 0  Warnings: 0

Query OK, 0 rows affected (0.01 sec)

Query OK, 2229 rows affected (1.64 sec)
Records: 2229  Duplicates: 0  Warnings: 0

+--------------------------------------+
| message                              |
+--------------------------------------+
| running rcbill_my.sp_ActiveNumber2() |
+--------------------------------------+
1 row in set (0.00 sec)

Query OK, 365 rows affected (1 min 54.67 sec)

mysql> mysql \. C:\workspace\cloud\code\sql\_DailyScript\currenttime.sql
+---------------------+
| currenttime         |
+---------------------+
| 2021-01-07 09:27:29 |
+---------------------+
1 row in set (0.00 sec)

mysql> 
mysql> mysql \. C:\workspace\cloud\code\sql\_DailyScript\GetActiveNumbers Average -Pivot.sql
Database changed
+-------------------------------------+
| @today := subdate(current_date(),1) |
+-------------------------------------+
| 2021-01-06                          |
+-------------------------------------+
1 row in set (0.00 sec)

+-------------------------------------+
| @lastdayofmonth := last_day(@today) |
+-------------------------------------+
| 2021-01-31                          |
+-------------------------------------+
1 row in set (0.00 sec)

Query OK, 0 rows affected (0.01 sec)

Query OK, 44733 rows affected, 65535 warnings (53.75 sec)
Records: 44733  Duplicates: 0  Warnings: 91528

Query OK, 0 rows affected (0.10 sec)
Records: 0  Duplicates: 0  Warnings: 0

Query OK, 0 rows affected (0.12 sec)
Records: 0  Duplicates: 0  Warnings: 0

Query OK, 0 rows affected (0.10 sec)
Records: 0  Duplicates: 0  Warnings: 0

+-----------------+
| activenumberavg |
+-----------------+
|           44733 |
+-----------------+
1 row in set (0.01 sec)

Query OK, 0 rows affected (0.01 sec)

Query OK, 1938 rows affected (0.52 sec)
Records: 1938  Duplicates: 0  Warnings: 0

+---------------------+
| rep_activenumberavg |
+---------------------+
|                1938 |
+---------------------+
1 row in set (0.00 sec)

+----------------------+
| rep_activenumberavg1 |
+----------------------+
|                  906 |
+----------------------+
1 row in set (0.00 sec)

Query OK, 0 rows affected (0.01 sec)

Query OK, 2341 rows affected (0.41 sec)
Records: 2341  Duplicates: 0  Warnings: 0

Query OK, 0 rows affected (0.01 sec)

Query OK, 12025 rows affected (0.75 sec)
Records: 12025  Duplicates: 0  Warnings: 0

Query OK, 0 rows affected (0.00 sec)

Query OK, 0 rows affected (0.01 sec)

Query OK, 0 rows affected (0.01 sec)

Query OK, 0 rows affected (0.00 sec)

Query OK, 0 rows affected (0.00 sec)
Statement prepared

Query OK, 53 rows affected (0.05 sec)
Records: 53  Duplicates: 0  Warnings: 0

Query OK, 0 rows affected (0.00 sec)

Query OK, 0 rows affected (0.00 sec)

+----------------------+
| rep_activenumberavg2 |
+----------------------+
|                 2341 |
+----------------------+
1 row in set (0.00 sec)

+------------------------+
| rep_activenumberavg_pv |
+------------------------+
|                     53 |
+------------------------+
1 row in set (0.00 sec)

Query OK, 0 rows affected (0.01 sec)

Query OK, 2340 rows affected (0.34 sec)
Records: 2340  Duplicates: 0  Warnings: 0

Query OK, 0 rows affected (0.00 sec)

Query OK, 0 rows affected (0.00 sec)

Query OK, 0 rows affected (0.00 sec)

Query OK, 0 rows affected (0.00 sec)

Query OK, 0 rows affected (0.00 sec)
Statement prepared

Query OK, 53 rows affected (0.05 sec)
Records: 53  Duplicates: 0  Warnings: 0

Query OK, 0 rows affected (0.00 sec)

Query OK, 0 rows affected (0.00 sec)

+-------------------------+
| rep_activenumberavgMahe |
+-------------------------+
|                    2340 |
+-------------------------+
1 row in set (0.00 sec)

+----------------------------+
| rep_activenumberavgMahe_pv |
+----------------------------+
|                         53 |
+----------------------------+
1 row in set (0.00 sec)

Query OK, 0 rows affected (0.01 sec)

Query OK, 1488 rows affected (0.16 sec)
Records: 1488  Duplicates: 0  Warnings: 0

Query OK, 0 rows affected (0.00 sec)

Query OK, 0 rows affected (0.00 sec)

Query OK, 0 rows affected (0.01 sec)

Query OK, 0 rows affected (0.00 sec)

Query OK, 0 rows affected (0.00 sec)
Statement prepared

Query OK, 40 rows affected (0.03 sec)
Records: 40  Duplicates: 0  Warnings: 0

Query OK, 0 rows affected (0.00 sec)

Query OK, 0 rows affected (0.00 sec)

+----------------------------+
| rep_activenumberavgPraslin |
+----------------------------+
|                       1488 |
+----------------------------+
1 row in set (0.00 sec)

+-------------------------------+
| rep_activenumberavgPraslin_pv |
+-------------------------------+
|                            40 |
+-------------------------------+
1 row in set (0.00 sec)

mysql> mysql \. C:\workspace\cloud\code\sql\_DailyScript\currenttime.sql
+---------------------+
| currenttime         |
+---------------------+
| 2021-01-07 09:28:26 |
+---------------------+
1 row in set (0.00 sec)

mysql> 
mysql> mysql \. C:\workspace\cloud\code\sql\_DailyScript\budget_actual_analysis_2021.sql
Query OK, 0 rows affected (0.01 sec)

Query OK, 593 rows affected, 3 warnings (0.06 sec)
Records: 593  Duplicates: 0  Warnings: 3

+--------------------+
| budget_actual_2021 |
+--------------------+
|                593 |
+--------------------+
1 row in set (0.00 sec)

Query OK, 0 rows affected (0.00 sec)

Query OK, 47 rows affected (0.03 sec)
Records: 47  Duplicates: 0  Warnings: 0

+---------------------------+
| rep_budget_actual_2021_pv |
+---------------------------+
|                        47 |
+---------------------------+
1 row in set (0.00 sec)

mysql> mysql \. C:\workspace\cloud\code\sql\_DailyScript\currenttime.sql
+---------------------+
| currenttime         |
+---------------------+
| 2021-01-07 09:28:26 |
+---------------------+
1 row in set (0.00 sec)

mysql> 
mysql> mysql \. C:\workspace\cloud\code\sql\_DailyScript\reports-sales-addons-prepaid-camera.sql
Database changed
Query OK, 0 rows affected (0.01 sec)

Query OK, 4226 rows affected (0.20 sec)
Records: 4226  Duplicates: 0  Warnings: 0

Query OK, 0 rows affected (0.01 sec)

Query OK, 21631 rows affected (16.88 sec)
Records: 21631  Duplicates: 0  Warnings: 0

+--------------------+
| rep_prepaid_camera |
+--------------------+
|               4226 |
+--------------------+
1 row in set (0.01 sec)

+-----------+
| rep_addon |
+-----------+
|     21631 |
+-----------+
1 row in set (0.01 sec)

mysql> mysql \. C:\workspace\cloud\code\sql\_DailyScript\currenttime.sql
+---------------------+
| currenttime         |
+---------------------+
| 2021-01-07 09:28:43 |
+---------------------+
1 row in set (0.00 sec)

mysql> 
mysql> mysql \. C:\workspace\cloud\code\sql\_DailyScript\RCB_ClientAnalyticsReport_Script.sql
Database changed
Query OK, 0 rows affected (0.00 sec)

Query OK, 0 rows affected (0.04 sec)

Query OK, 2012540 rows affected (1 min 15.92 sec)
Records: 2012540  Duplicates: 0  Warnings: 0

Query OK, 0 rows affected (5.90 sec)
Records: 0  Duplicates: 0  Warnings: 0

Query OK, 0 rows affected (4.84 sec)
Records: 0  Duplicates: 0  Warnings: 0

Query OK, 0 rows affected (10.24 sec)
Records: 0  Duplicates: 0  Warnings: 0

Query OK, 0 rows affected (7.40 sec)
Records: 0  Duplicates: 0  Warnings: 0

Query OK, 0 rows affected (9.65 sec)
Records: 0  Duplicates: 0  Warnings: 0

Query OK, 0 rows affected (6.92 sec)
Records: 0  Duplicates: 0  Warnings: 0

Query OK, 0 rows affected (0.00 sec)

Query OK, 500988 rows affected (16.07 sec)
Rows matched: 2012540  Changed: 500988  Warnings: 0

Query OK, 0 rows affected (0.01 sec)

Query OK, 28706 rows affected (4.29 sec)
Records: 28706  Duplicates: 0  Warnings: 0

+---------------------+
| clientcontractssubs |
+---------------------+
|               28706 |
+---------------------+
1 row in set (0.01 sec)

Query OK, 0 rows affected (0.01 sec)

Query OK, 44514 rows affected (10 min 33.62 sec)
Records: 44514  Duplicates: 0  Warnings: 0

Query OK, 0 rows affected (0.18 sec)
Records: 0  Duplicates: 0  Warnings: 0

Query OK, 0 rows affected (0.14 sec)
Records: 0  Duplicates: 0  Warnings: 0

Query OK, 0 rows affected (0.08 sec)
Records: 0  Duplicates: 0  Warnings: 0

+-----------------------+
| clientcontracthistory |
+-----------------------+
|                 44514 |
+-----------------------+
1 row in set (0.01 sec)

Query OK, 0 rows affected (0.02 sec)

Query OK, 2712342 rows affected (1 min 27.75 sec)
Records: 2712342  Duplicates: 0  Warnings: 0

Query OK, 0 rows affected (0.02 sec)

Query OK, 470035 rows affected (6 min 27.40 sec)
Records: 470035  Duplicates: 0  Warnings: 0

Query OK, 0 rows affected (1.58 sec)
Records: 0  Duplicates: 0  Warnings: 0

Query OK, 0 rows affected (0.75 sec)
Records: 0  Duplicates: 0  Warnings: 0

Query OK, 0 rows affected (1.69 sec)
Records: 0  Duplicates: 0  Warnings: 0

Query OK, 0 rows affected (0.81 sec)
Records: 0  Duplicates: 0  Warnings: 0

+--------------------------+
| clientcontractinvpmt_stg |
+--------------------------+
|                   470035 |
+--------------------------+
1 row in set (0.13 sec)

Query OK, 0 rows affected (0.03 sec)

Query OK, 470035 rows affected (12.83 sec)
Records: 470035  Duplicates: 0  Warnings: 0

Query OK, 0 rows affected (1.99 sec)
Records: 0  Duplicates: 0  Warnings: 0

Query OK, 0 rows affected (0.78 sec)
Records: 0  Duplicates: 0  Warnings: 0

Query OK, 0 rows affected (1.72 sec)
Records: 0  Duplicates: 0  Warnings: 0

Query OK, 0 rows affected (0.85 sec)
Records: 0  Duplicates: 0  Warnings: 0

+----------------------+
| clientcontractinvpmt |
+----------------------+
|               470035 |
+----------------------+
1 row in set (0.12 sec)

Query OK, 0 rows affected (0.03 sec)

Query OK, 44514 rows affected (1 min 26.77 sec)
Records: 44514  Duplicates: 0  Warnings: 0

+--------------+
| clientreport |
+--------------+
|        44514 |
+--------------+
1 row in set (0.02 sec)

Query OK, 0 rows affected (0.02 sec)

Query OK, 44514 rows affected (5.84 sec)
Records: 44514  Duplicates: 0  Warnings: 0

+----------------------+
| clientextendedreport |
+----------------------+
|                44514 |
+----------------------+
1 row in set (0.01 sec)

Query OK, 0 rows affected (0.01 sec)

Query OK, 44514 rows affected (1 min 3.58 sec)
Records: 44514  Duplicates: 0  Warnings: 0

+---------+
| allcust |
+---------+
|   44514 |
+---------+
1 row in set (0.01 sec)

Query OK, 0 rows affected, 1 warning (0.00 sec)

Query OK, 5000 rows affected (0.14 sec)
Records: 5000  Duplicates: 0  Warnings: 0

Query OK, 0 rows affected (0.01 sec)

Query OK, 6865 rows affected (0.30 sec)
Records: 6865  Duplicates: 0  Warnings: 0

Query OK, 0 rows affected, 1 warning (0.00 sec)

Query OK, 5000 rows affected (0.13 sec)
Records: 5000  Duplicates: 0  Warnings: 0

Query OK, 0 rows affected (0.01 sec)

Query OK, 7291 rows affected (0.17 sec)
Records: 7291  Duplicates: 0  Warnings: 0

mysql> mysql \. C:\workspace\cloud\code\sql\_DailyScript\currenttime.sql
+---------------------+
| currenttime         |
+---------------------+
| 2021-01-07 09:52:34 |
+---------------------+
1 row in set (0.00 sec)

mysql> 
mysql> 
mysql> mysql \. C:\workspace\cloud\code\sql\_DailyScript\REVENUE_PER_NODE_MXK.sql
Query OK, 0 rows affected (0.01 sec)

Query OK, 0 rows affected (0.01 sec)

Query OK, 0 rows affected (0.02 sec)

Query OK, 7240 rows affected (2.24 sec)
Records: 7240  Duplicates: 0  Warnings: 0

+----------------------+
| message              |
+----------------------+
| created temp table a |
+----------------------+
1 row in set (0.00 sec)

Query OK, 6786 rows affected (0.98 sec)
Records: 6786  Duplicates: 0  Warnings: 0

+----------------------+
| message              |
+----------------------+
| created temp table b |
+----------------------+
1 row in set (0.00 sec)

Query OK, 0 rows affected, 1 warning (0.00 sec)

Query OK, 7544 rows affected (18.05 sec)
Records: 7544  Duplicates: 0  Warnings: 0

+--------------------------------+
| message                        |
+--------------------------------+
| created rcbill_my.tempcustmxk1 |
+--------------------------------+
1 row in set (0.00 sec)

Query OK, 0 rows affected (0.01 sec)

Query OK, 0 rows affected (0.00 sec)

Query OK, 0 rows affected, 1 warning (0.00 sec)

Query OK, 7240 rows affected (1.61 sec)
Records: 7240  Duplicates: 0  Warnings: 0

+----------------+
| message        |
+----------------+
| created temp a |
+----------------+
1 row in set (0.00 sec)

Query OK, 6786 rows affected (0.82 sec)
Records: 6786  Duplicates: 0  Warnings: 0

+----------------+
| message        |
+----------------+
| created temp b |
+----------------+
1 row in set (0.00 sec)

Query OK, 0 rows affected, 1 warning (0.00 sec)

Query OK, 6889 rows affected (10.31 sec)
Records: 6889  Duplicates: 0  Warnings: 0

+--------------------------------+
| message                        |
+--------------------------------+
| created rcbill_my.tempcustmxk2 |
+--------------------------------+
1 row in set (0.00 sec)

Query OK, 0 rows affected (0.01 sec)

Query OK, 0 rows affected (0.00 sec)

Query OK, 0 rows affected, 1 warning (0.00 sec)

Query OK, 0 rows affected (0.01 sec)

Query OK, 8434 rows affected (0.40 sec)
Records: 8434  Duplicates: 0  Warnings: 0

+---------------------------------+
| message                         |
+---------------------------------+
| created rcbill_my.customers_mxk |
+---------------------------------+
1 row in set (0.00 sec)

Query OK, 0 rows affected (0.00 sec)

Query OK, 0 rows affected (0.01 sec)

Query OK, 14369 rows affected (5.71 sec)
Records: 14369  Duplicates: 0  Warnings: 0

+----------------+
| message        |
+----------------+
| created temp a |
+----------------+
1 row in set (0.00 sec)

Query OK, 19193 rows affected (1.72 sec)
Records: 19193  Duplicates: 0  Warnings: 0

+----------------+
| message        |
+----------------+
| created temp c |
+----------------+
1 row in set (0.00 sec)

Query OK, 0 rows affected, 1 warning (0.00 sec)

Query OK, 27210 rows affected (0.28 sec)
Records: 27210  Duplicates: 0  Warnings: 0

+---------------------------------+
| message                         |
+---------------------------------+
| created rcbill_my.tempcustcmts1 |
+---------------------------------+
1 row in set (0.00 sec)

Query OK, 0 rows affected (0.00 sec)

Query OK, 0 rows affected, 1 warning (0.00 sec)

Query OK, 0 rows affected (0.01 sec)

Query OK, 14369 rows affected (5.71 sec)
Records: 14369  Duplicates: 0  Warnings: 0

+----------------+
| message        |
+----------------+
| created temp a |
+----------------+
1 row in set (0.00 sec)

Query OK, 19193 rows affected (1.75 sec)
Records: 19193  Duplicates: 0  Warnings: 0

+----------------+
| message        |
+----------------+
| created temp c |
+----------------+
1 row in set (0.00 sec)

Query OK, 0 rows affected, 1 warning (0.00 sec)

Query OK, 19789 rows affected (0.28 sec)
Records: 19789  Duplicates: 0  Warnings: 0

+---------------------------------+
| message                         |
+---------------------------------+
| created rcbill_my.tempcustcmts2 |
+---------------------------------+
1 row in set (0.00 sec)

Query OK, 0 rows affected (0.01 sec)

Query OK, 0 rows affected, 1 warning (0.00 sec)

Query OK, 0 rows affected (0.01 sec)

Query OK, 0 rows affected (0.02 sec)

Query OK, 14469 rows affected (0.99 sec)
Records: 14469  Duplicates: 0  Warnings: 0

+----------------------------------+
| message                          |
+----------------------------------+
| created rcbill_my.customers_cmts |
+----------------------------------+
1 row in set (0.00 sec)

Query OK, 0 rows affected (0.00 sec)

Query OK, 0 rows affected (0.01 sec)

Query OK, 0 rows affected (0.01 sec)

Query OK, 18807 rows affected (0.81 sec)
Records: 18807  Duplicates: 0  Warnings: 0

+--------------------------------------+
| message                              |
+--------------------------------------+
| created rcbill_my.customers_cmts_mxk |
+--------------------------------------+
1 row in set (0.00 sec)

Query OK, 495928 rows affected (1 min 0.85 sec)
Records: 495928  Duplicates: 0  Warnings: 0

+----------------+
| message        |
+----------------+
| created temp a |
+----------------+
1 row in set (0.00 sec)

Query OK, 0 rows affected (0.03 sec)

Query OK, 496648 rows affected (11.43 sec)
Records: 496648  Duplicates: 0  Warnings: 0

+------------------------------------------------+
| message                                        |
+------------------------------------------------+
| created rcbill_my.customers_contracts_cmts_mxk |
+------------------------------------------------+
1 row in set (0.00 sec)

Query OK, 0 rows affected (0.04 sec)

Query OK, 0 rows affected, 1 warning (0.00 sec)

Query OK, 0 rows affected, 1 warning (0.00 sec)

Query OK, 0 rows affected (0.00 sec)

Query OK, 8407 rows affected (2.74 sec)
Rows matched: 8407  Changed: 8407  Warnings: 0

+------------------------------------------------+
| message                                        |
+------------------------------------------------+
| updated rcbill_my.customers_contracts_cmts_mxk |
+------------------------------------------------+
1 row in set (0.00 sec)

Query OK, 0 rows affected (0.06 sec)

Query OK, 2039259 rows affected (4 min 19.15 sec)
Records: 2039259  Duplicates: 0  Warnings: 0

+----------------------------------------+
| message                                |
+----------------------------------------+
| created rcbill_my.customers_collection |
+----------------------------------------+
1 row in set (0.00 sec)

Query OK, 0 rows affected (0.04 sec)

Query OK, 2355272 rows affected (1 min 54.99 sec)
Records: 2355272  Duplicates: 0  Warnings: 0

+------------------------------------------------+
| message                                        |
+------------------------------------------------+
| created rcbill_my.customers_cmts_mxk_cont_coll |
+------------------------------------------------+
1 row in set (0.00 sec)

Query OK, 0 rows affected (0.03 sec)

Query OK, 452869 rows affected (2 min 38.97 sec)
Records: 452869  Duplicates: 0  Warnings: 0

+--------------------------------------------------------+
| message                                                |
+--------------------------------------------------------+
| created rcbill_my.customers_contracts_collection_pivot |
+--------------------------------------------------------+
1 row in set (0.00 sec)

Query OK, 0 rows affected (0.02 sec)

Query OK, 40579 rows affected (2 min 41.12 sec)
Records: 40579  Duplicates: 0  Warnings: 0

+----------------------------------------------+
| message                                      |
+----------------------------------------------+
| created rcbill_my.customers_collection_pivot |
+----------------------------------------------+
1 row in set (0.00 sec)

Query OK, 0 rows affected (0.01 sec)

Query OK, 44514 rows affected (3.63 sec)
Records: 44514  Duplicates: 0  Warnings: 0

+--------------------------------------------+
| message                                    |
+--------------------------------------------+
| created rcbill_my.rep_customers_collection |
+--------------------------------------------+
1 row in set (0.00 sec)

Query OK, 0 rows affected (0.00 sec)

Query OK, 0 rows affected, 1 warning (0.00 sec)

Query OK, 461070 rows affected (13.23 sec)
Records: 461070  Duplicates: 0  Warnings: 0

+-------------------------+
| message                 |
+-------------------------+
| created rcbill_my.tempa |
+-------------------------+
1 row in set (0.00 sec)

Query OK, 0 rows affected, 1 warning (0.00 sec)

Query OK, 452869 rows affected (25.45 sec)
Records: 452869  Duplicates: 0  Warnings: 0

+-------------------------+
| message                 |
+-------------------------+
| created rcbill_my.tempb |
+-------------------------+
1 row in set (0.00 sec)

Query OK, 461070 rows affected (25.20 sec)
Records: 461070  Duplicates: 0  Warnings: 0

+-----------+
| message   |
+-----------+
| created a |
+-----------+
1 row in set (0.00 sec)

Query OK, 452874 rows affected (26.16 sec)
Records: 452874  Duplicates: 0  Warnings: 0

+-----------+
| message   |
+-----------+
| created b |
+-----------+
1 row in set (0.00 sec)

Query OK, 0 rows affected (0.02 sec)

Query OK, 0 rows affected (0.03 sec)

Query OK, 0 rows affected (0.03 sec)

Query OK, 497619 rows affected (1 min 3.81 sec)
Records: 497619  Duplicates: 0  Warnings: 0

+----------------------------------------------+
| message                                      |
+----------------------------------------------+
| created rcbill_my.cust_cont_payment_cmts_mxk |
+----------------------------------------------+
1 row in set (0.00 sec)

Query OK, 0 rows affected (0.03 sec)

Query OK, 0 rows affected (0.02 sec)

Query OK, 0 rows affected, 1 warning (0.00 sec)

Query OK, 0 rows affected (0.01 sec)

Query OK, 44514 rows affected (20.85 sec)
Records: 44514  Duplicates: 0  Warnings: 0

+--------------------------------------------------+
| message                                          |
+--------------------------------------------------+
| created rcbill_my.rep_cust_cont_payment_cmts_mxk |
+--------------------------------------------------+
1 row in set (0.00 sec)

Query OK, 0 rows affected, 1 warning (0.00 sec)

Query OK, 0 rows affected, 1 warning (0.00 sec)

Query OK, 0 rows affected (0.01 sec)

Query OK, 44514 rows affected (11.75 sec)
Records: 44514  Duplicates: 0  Warnings: 0

+----------------------+
| rep_custconsolidated |
+----------------------+
|                44514 |
+----------------------+
1 row in set (0.81 sec)

Query OK, 0 rows affected (0.01 sec)

+------------------------------------+
| message                            |
+------------------------------------+
| creating rcbill_my.rep_custextract |
+------------------------------------+
1 row in set (0.00 sec)

Query OK, 44514 rows affected (1.20 sec)
Records: 44514  Duplicates: 0  Warnings: 0

+-----------------+
| rep_custextract |
+-----------------+
|           44514 |
+-----------------+
1 row in set (0.01 sec)

Query OK, 0 rows affected (0.00 sec)

Query OK, 0 rows affected (0.01 sec)

+----------------------------------------------+
| message                                      |
+----------------------------------------------+
| creating rcbill_my.retentioncustomeractivity |
+----------------------------------------------+
1 row in set (0.00 sec)

Query OK, 876 rows affected (0.27 sec)
Records: 876  Duplicates: 0  Warnings: 0

+---------------------------+
| retentioncustomeractivity |
+---------------------------+
|                       876 |
+---------------------------+
1 row in set (0.00 sec)

+-----------+------------------------------------+------------+-------------+-----------------+------------------+---------------------+-------------------+
| HFC_NODE  | NODENAME                           | CMTS_DATE  | INSERTED_ON | UNIQUE_ACCOUNTS | UNIQUE_CONTRACTS | UNIQUE_MAC_INRCBOSS | UNIQUE_MAC_INCMTS |
+-----------+------------------------------------+------------+-------------+-----------------+------------------+---------------------+-------------------+
| NULL      | NULL                               | NULL       | 2021-01-07  |            7051 |             7431 |                7477 |                 0 |
| C5/0/0/U0 | ANSE-BOILEAU-2                     | 2020-11-23 | 2021-01-07  |             192 |              197 |                 192 |               194 |
| C5/0/0/U1 | 500-C3-ANSE-BOILEAU                | 2020-11-23 | 2021-01-07  |             203 |              207 |                 203 |               205 |
| C5/0/1/U0 | 501-C4-LA-MISIERE-LEFT-I           | 2020-11-23 | 2021-01-07  |             156 |              160 |                 156 |               157 |
| C5/0/1/U1 | 501-C5-LA-MISIERE-RIGHT            | 2020-11-23 | 2021-01-07  |             112 |              114 |                 112 |               114 |
| C5/0/1/U2 | 501-C7-LA-MISIERE-LEFT-II          | 2020-11-23 | 2021-01-07  |             160 |              163 |                 160 |               162 |
| C5/0/2/U0 | 502-C8-LA-LOUISE                   | 2020-11-23 | 2021-01-07  |             139 |              139 |                 139 |               139 |
| C5/0/2/U1 | LA-LOUISE-2                        | 2020-11-23 | 2021-01-07  |             140 |              142 |                 140 |               144 |
| C5/0/3/U0 | 504-C6-PETIT-PARIS                 | 2020-11-23 | 2021-01-07  |             159 |              162 |                 159 |               161 |
| C5/0/3/U1 | PETIT-PARIS-23                     | 2020-11-23 | 2021-01-07  |              75 |               77 |                  75 |                76 |
| C5/0/4/U0 | FOUR-SEASONS                       | 2020-11-23 | 2021-01-07  |               3 |                4 |                   4 |                 5 |
| C5/0/4/U1 | ANCHOR-CAFE-I                      | 2020-11-23 | 2021-01-07  |             160 |              164 |                 160 |               162 |
| C5/0/4/U2 | ANCHOR-CAFE-II                     | 2020-11-23 | 2021-01-07  |             161 |              162 |                 161 |               164 |
| C5/1/0/U0 | POINTE-LARUE-AIRPORT-23            | 2020-11-23 | 2021-01-07  |             108 |              114 |                 109 |               111 |
| C5/1/0/U1 | PPROVIDENCE-23                     | 2020-11-23 | 2021-01-07  |              20 |               23 |                  21 |                21 |
| C5/1/0/U2 | ROSHE-CAIMAN-23                    | 2020-11-23 | 2021-01-07  |              12 |               13 |                  12 |                12 |
| C5/1/0/U3 | HEAD-OFFICE | HO-23                | 2020-11-23 | 2021-01-07  |              27 |               27 |                  27 |                30 |
| C5/1/1/U1 | C5-UNION-VALE                      | 2020-11-23 | 2021-01-07  |             201 |              202 |                 201 |               204 |
| C5/1/3/U0 | POINTE-LARUE-AIRPORT-27            | 2020-11-23 | 2021-01-07  |             150 |              151 |                 150 |               155 |
| C5/1/3/U1 | PPROVIDENCE-27                     | 2020-11-23 | 2021-01-07  |              27 |               27 |                  27 |                27 |
| C5/1/3/U2 | ROSHE-CAIMAN-27                    | 2020-11-23 | 2021-01-07  |              27 |               27 |                  27 |                27 |
| C5/1/3/U3 | HEAD-OFFICE | HO-27                | 2020-11-23 | 2021-01-07  |              17 |               18 |                  17 |                19 |
| C5/1/4/U0 | ANSE-ROYALE-27                     | 2020-11-23 | 2021-01-07  |             103 |              105 |                 103 |               104 |
| C5/1/4/U1 | GLACIS-2-57                        | 2020-11-23 | 2021-01-07  |              69 |               72 |                  69 |                71 |
| C5/1/4/U2 | NULL                               | 2020-11-23 | 2021-01-07  |             108 |              111 |                 108 |               108 |
| C5/1/4/U3 | GLACIS-1                           | 2020-11-23 | 2021-01-07  |              34 |               36 |                  34 |                34 |
| C6/0/1/U0 | SERRET-ROAD-RIGHT/CURIO/PASCAL     | 2020-11-23 | 2021-01-07  |             127 |              129 |                 127 |               128 |
| C6/0/1/U1 | SERRET-ROAD-LEFT/ST.LOUIS/TOWN     | 2020-11-23 | 2021-01-07  |              85 |               90 |                  85 |                87 |
| C6/0/1/U2 | SERRET-ROAD-RIGHT/CURIO/PASCAL-2   | 2020-11-23 | 2021-01-07  |             124 |              126 |                 124 |               124 |
| C6/0/1/U3 | SERRET-ROAD-LEFT/ST.LOUIS/TOWN-2   | 2020-11-23 | 2021-01-07  |              77 |               79 |                  77 |                78 |
| C6/0/2/U0 | SANS-SOUCIS-I                      | 2020-11-23 | 2021-01-07  |             101 |              103 |                 102 |               103 |
| C6/0/2/U1 | SANS-SOUCIS-II                     | 2020-11-23 | 2021-01-07  |             116 |              120 |                 116 |               119 |
| C6/0/2/U2 | BEL-AIR-27                         | 2020-11-23 | 2021-01-07  |              99 |              100 |                  99 |               100 |
| C6/0/2/U3 | BEL-AIR-38                         | 2020-11-23 | 2021-01-07  |              83 |               87 |                  83 |                84 |
| C6/0/3/U0 | LES-MAMELLES-23                    | 2020-11-23 | 2021-01-07  |              86 |               86 |                  86 |                88 |
| C6/0/3/U1 | VICTORIA-23                        | 2020-11-23 | 2021-01-07  |              25 |               26 |                  26 |                29 |
| C6/0/4/U0 | LES-MAMELLES-27                    | 2020-11-23 | 2021-01-07  |              68 |               69 |                  68 |                68 |
| C6/0/4/U1 | VICTORIA-27                        | 2020-11-23 | 2021-01-07  |              16 |               16 |                  16 |                16 |
| C7/1/0/U0 | LA-RETRAITE-23                     | 2020-11-23 | 2021-01-07  |              83 |               88 |                  84 |                88 |
| C7/1/0/U1 | TEA-FACTORY-23                     | 2020-11-23 | 2021-01-07  |              24 |               31 |                  26 |                27 |
| C7/1/0/U2 | PAS-23                             | 2020-11-23 | 2021-01-07  |             103 |              108 |                 104 |               104 |
| C7/1/1/U0 | REEF-ESTATE-23                     | 2020-11-23 | 2021-01-07  |              78 |               80 |                  78 |                78 |
| C7/1/2/U0 | LA-RETRAITE-27                     | 2020-11-23 | 2021-01-07  |              70 |               70 |                  70 |                71 |
| C7/1/2/U1 | TEA-FACTORY-27                     | 2020-11-23 | 2021-01-07  |              28 |               33 |                  29 |                29 |
| C7/1/2/U2 | PAS-27                             | 2020-11-23 | 2021-01-07  |              83 |               84 |                  83 |                85 |
| C7/1/3/U0 | MT-BUXTON-27                       | 2020-11-23 | 2021-01-07  |             157 |              160 |                 157 |               158 |
| C7/1/3/U1 | MT-BUXTON-23                       | 2020-11-23 | 2021-01-07  |              86 |               87 |                  86 |                87 |
| C7/1/4/U0 | REEF-ESTATE-27                     | 2020-11-23 | 2021-01-07  |              92 |               93 |                  92 |                93 |
| C8/0/0/U0 | POLICE-ACADEMY-1-27 - POINTE LARUE | 2020-11-23 | 2021-01-07  |             249 |              249 |                 249 |               250 |
| C8/0/0/U1 | NULL                               | 2020-11-23 | 2021-01-07  |              75 |               79 |                  75 |                78 |
| C8/0/1/U0 | NULL                               | 2020-11-23 | 2021-01-07  |             155 |              158 |                 154 |               157 |
| C8/0/1/U1 | POLICE-ACADEMY-2-27 - TURTLE BAY   | 2020-11-23 | 2021-01-07  |             190 |              194 |                 191 |               192 |
| C8/0/2/U0 | BEAU-VALLON-LEFT-1-57              | 2020-11-23 | 2021-01-07  |              12 |               13 |                  13 |                13 |
| C8/0/3/U1 | BEAU-VALLON-RIGHT-2-57             | 2020-11-23 | 2021-01-07  |              11 |               11 |                  11 |                11 |
| C8/1/0/U0 | MA-JOIE-NODE-27                    | 2020-11-23 | 2021-01-07  |              96 |               97 |                  96 |                97 |
| C8/1/0/U1 | BELONIE-27                         | 2020-11-23 | 2021-01-07  |             146 |              148 |                 145 |               145 |
| C8/1/0/U3 | MA-JOIE-NODE-23                    | 2020-11-23 | 2021-01-07  |              88 |               89 |                  87 |                90 |
| C8/1/1/U0 | 611-C1-ROJN I                      | 2020-11-23 | 2021-01-07  |             128 |              129 |                 128 |               129 |
| C8/1/1/U1 | 611-C5-ROJN II                     | 2020-11-23 | 2021-01-07  |             113 |              114 |                 113 |               114 |
| C8/1/2/U0 | 612-C2-ANSE-ETOILE                 | 2020-11-23 | 2021-01-07  |             100 |              100 |                 100 |               103 |
| C8/1/2/U1 | ANSE-ETOILE-U2                     | 2020-11-23 | 2021-01-07  |              69 |               69 |                  69 |                70 |
| C8/1/3/U0 | 613-C3-ANSE-GAULETTE I             | 2020-11-23 | 2021-01-07  |              78 |               85 |                  78 |                80 |
| C8/1/3/U1 | 613-C7-ANSE-GAULETTE II            | 2020-11-23 | 2021-01-07  |              74 |               77 |                  74 |                78 |
| C8/1/3/U2 | 613-C3-ANSE-GAULETTE III           | 2020-11-23 | 2021-01-07  |              41 |               42 |                  41 |                41 |
| C8/1/3/U3 | TAKAMAKA I                         | 2020-11-23 | 2021-01-07  |             106 |              108 |                 106 |               108 |
| C8/1/3/U4 | TAKAMAKA II                        | 2020-11-23 | 2021-01-07  |              91 |               93 |                  91 |                95 |
| C8/1/4/U0 | 614-BEOLIERE-NODE-1                | 2020-11-23 | 2021-01-07  |              94 |               95 |                  94 |                96 |
| C8/1/4/U1 | 614-BEOLIERE-NODE-2                | 2020-11-23 | 2021-01-07  |             141 |              145 |                 141 |               143 |
+-----------+------------------------------------+------------+-------------+-----------------+------------------+---------------------+-------------------+
68 rows in set (0.17 sec)

+-----------------------+------------+-------------+-----------------+------------------+----------------------+-------------------+
| MXK_NAME              | MXK_DATE   | INSERTED_ON | UNIQUE_ACCOUNTS | UNIQUE_CONTRACTS | UNIQUE_FSAN_INRCBOSS | UNIQUE_FSAN_INMXK |
+-----------------------+------------+-------------+-----------------+------------------+----------------------+-------------------+
| NULL                  | NULL       | 2021-01-07  |            1498 |             1542 |                 1530 |                 0 |
| MXK-MAHE-ANSEETOILE   | 2020-07-27 | 2021-01-07  |             377 |              381 |                  379 |               398 |
| MXK-MAHE-ANSEROYALE   | 2020-07-27 | 2021-01-07  |             172 |              172 |                  171 |               198 |
| MXK-MAHE-BEAUVALLON-1 | 2020-07-27 | 2021-01-07  |            1790 |             1813 |                 1805 |              1919 |
| MXK-MAHE-BEAUVALLON-2 | 2020-07-27 | 2021-01-07  |              25 |               25 |                   25 |                30 |
| MXK-MAHE-PERSEVERANCE | 2020-07-27 | 2021-01-07  |            1058 |             1069 |                 1069 |              1241 |
| MXK-MAHE-PROVIDENCE   | 2020-07-27 | 2021-01-07  |             990 |             1018 |                  944 |              1192 |
| MXK-PRASLIN-GRANDANSE | 2020-07-27 | 2021-01-07  |            1287 |             1290 |                 1283 |              1514 |
+-----------------------+------------+-------------+-----------------+------------------+----------------------+-------------------+
8 rows in set (0.08 sec)

mysql> mysql \. C:\workspace\cloud\code\sql\_DailyScript\currenttime.sql
+---------------------+
| currenttime         |
+---------------------+
| 2021-01-07 10:09:28 |
+---------------------+
1 row in set (0.00 sec)

mysql> 
mysql> mysql \. C:\workspace\cloud\code\sql\_DailyScript\housing-estate-analysis.sql
Database changed
Query OK, 0 rows affected (0.01 sec)

Query OK, 3677 rows affected (1 min 29.54 sec)
Records: 3677  Duplicates: 0  Warnings: 0

+--------------------+
| rep_housingestates |
+--------------------+
|               3677 |
+--------------------+
1 row in set (0.00 sec)

mysql> mysql \. C:\workspace\cloud\code\sql\_DailyScript\currenttime.sql
+---------------------+
| currenttime         |
+---------------------+
| 2021-01-07 10:10:58 |
+---------------------+
1 row in set (0.00 sec)

mysql> 
mysql> 
mysql> mysql \. C:\workspace\cloud\code\sql\Analysis\service_tickets_assignments.sql
Query OK, 0 rows affected (0.01 sec)

Query OK, 1214 rows affected (1.88 sec)
Records: 1214  Duplicates: 0  Warnings: 0

+-------------------------+
| rep_servicetickets_2021 |
+-------------------------+
|                    1214 |
+-------------------------+
1 row in set (0.00 sec)

mysql> mysql \. C:\workspace\cloud\code\sql\_DailyScript\currenttime.sql
+---------------------+
| currenttime         |
+---------------------+
| 2021-01-07 10:11:00 |
+---------------------+
1 row in set (0.00 sec)

mysql> 
mysql> mysql \. C:\workspace\cloud\code\sql\_DailyScript\DAILY-SCRIPT-USAGESTATS.sql
Database changed
Query OK, 0 rows affected (0.14 sec)

Query OK, 26174493 rows affected, 65535 warnings (12 min 19.08 sec)
Records: 26174493  Duplicates: 0  Warnings: 26167435

Query OK, 0 rows affected (1 min 11.27 sec)
Records: 0  Duplicates: 0  Warnings: 0

Query OK, 0 rows affected (1 min 9.01 sec)
Records: 0  Duplicates: 0  Warnings: 0

Query OK, 0 rows affected (1 min 9.42 sec)
Records: 0  Duplicates: 0  Warnings: 0

Query OK, 0 rows affected (1 min 2.19 sec)
Records: 0  Duplicates: 0  Warnings: 0

Query OK, 0 rows affected (1 min 41.19 sec)
Records: 0  Duplicates: 0  Warnings: 0

Query OK, 0 rows affected (1 min 46.97 sec)
Records: 0  Duplicates: 0  Warnings: 0

Query OK, 0 rows affected (1 min 37.56 sec)
Records: 0  Duplicates: 0  Warnings: 0

Query OK, 0 rows affected (1 min 7.92 sec)
Records: 0  Duplicates: 0  Warnings: 0

+----------+
| ipusage  |
+----------+
| 26174493 |
+----------+
1 row in set (8.41 sec)

Query OK, 0 rows affected (0.06 sec)

Query OK, 6700624 rows affected (6 min 33.46 sec)
Records: 6700624  Duplicates: 0  Warnings: 0

Query OK, 0 rows affected (21.87 sec)
Records: 0  Duplicates: 0  Warnings: 0

Query OK, 0 rows affected (17.82 sec)
Records: 0  Duplicates: 0  Warnings: 0

Query OK, 0 rows affected (21.90 sec)
Records: 0  Duplicates: 0  Warnings: 0

Query OK, 0 rows affected (26.65 sec)
Records: 0  Duplicates: 0  Warnings: 0

Query OK, 0 rows affected (19.39 sec)
Records: 0  Duplicates: 0  Warnings: 0

+------------------+
| clientcontractip |
+------------------+
|          6700624 |
+------------------+
1 row in set (1.91 sec)

Query OK, 0 rows affected (0.07 sec)

Query OK, 12862438 rows affected (2 min 24.47 sec)
Records: 12862438  Duplicates: 0  Warnings: 0

+---------------------------+
| clientcontractipusage_stg |
+---------------------------+
|                  12862438 |
+---------------------------+
1 row in set (4.90 sec)

+------------------------------------+
| clientcontractipusage_beforeinsert |
+------------------------------------+
|                           12862438 |
+------------------------------------+
1 row in set (3.85 sec)

Query OK, 10826 rows affected (3.43 sec)
Records: 10826  Duplicates: 0  Warnings: 0

+-----------------------------------+
| clientcontractipusage_afterinsert |
+-----------------------------------+
|                          12873264 |
+-----------------------------------+
1 row in set (4.34 sec)

Query OK, 0 rows affected (0.03 sec)

Query OK, 548776 rows affected (50.84 sec)
Records: 548776  Duplicates: 0  Warnings: 0

Query OK, 0 rows affected (1.73 sec)
Records: 0  Duplicates: 0  Warnings: 0

Query OK, 0 rows affected (1.58 sec)
Records: 0  Duplicates: 0  Warnings: 0

Query OK, 0 rows affected (1.91 sec)
Records: 0  Duplicates: 0  Warnings: 0

Query OK, 0 rows affected (0.97 sec)
Records: 0  Duplicates: 0  Warnings: 0

Query OK, 0 rows affected (1.02 sec)
Records: 0  Duplicates: 0  Warnings: 0

Query OK, 0 rows affected (1.04 sec)
Records: 0  Duplicates: 0  Warnings: 0

Query OK, 0 rows affected (1.04 sec)
Records: 0  Duplicates: 0  Warnings: 0

+-----------------------+
| clientcontractipmonth |
+-----------------------+
|                548776 |
+-----------------------+
1 row in set (0.15 sec)

mysql> mysql \. C:\workspace\cloud\code\sql\_DailyScript\currenttime.sql
+---------------------+
| currenttime         |
+---------------------+
| 2021-01-07 10:46:17 |
+---------------------+
1 row in set (0.00 sec)

mysql> 
mysql> exit
