    -> 
    -> mysql \. C:\workspace\cloud\code\sql\_DailyScript\_setdates.sql
Database changed
Query OK, 0 rows affected (0.00 sec)

Query OK, 0 rows affected (0.00 sec)

Query OK, 0 rows affected (0.00 sec)

Query OK, 0 rows affected (0.00 sec)

Query OK, 0 rows affected (0.00 sec)

Query OK, 0 rows affected (0.00 sec)

Query OK, 0 rows affected (0.00 sec)

Query OK, 0 rows affected (0.00 sec)

Query OK, 0 rows affected (0.00 sec)

Query OK, 0 rows affected (0.00 sec)

Query OK, 0 rows affected (0.00 sec)

Query OK, 0 rows affected (0.00 sec)

Query OK, 0 rows affected (0.00 sec)

Query OK, 0 rows affected (0.00 sec)

Query OK, 0 rows affected (0.00 sec)

Query OK, 0 rows affected (0.00 sec)

Query OK, 0 rows affected (0.00 sec)

Query OK, 0 rows affected (0.00 sec)

Query OK, 0 rows affected (0.00 sec)

Query OK, 0 rows affected (0.00 sec)

Query OK, 0 rows affected (0.00 sec)

mysql> mysql \. C:\workspace\cloud\code\sql\_DailyScript\currenttime.sql
+---------------------+
| currenttime         |
+---------------------+
| 2019-06-19 07:54:48 |
+---------------------+
1 row in set (0.00 sec)

mysql> 
mysql> mysql \. C:\workspace\cloud\code\sql\_DailyScript\load_RCB_VODTITLES.sql
Database changed
Query OK, 0 rows affected (0.00 sec)

Query OK, 4856 rows affected (0.15 sec)

Query OK, 4856 rows affected, 4856 warnings (0.15 sec)
Records: 4856  Deleted: 0  Skipped: 0  Warnings: 4856

Query OK, 0 rows affected (0.00 sec)

Query OK, 0 rows affected (0.01 sec)

+-----------+
| VODTITLES |
+-----------+
|      5317 |
+-----------+
1 row in set (0.00 sec)

+-----------+-----------+
| titletype | typecount |
+-----------+-----------+
| NULL      |         1 |
| E         |      3635 |
| N         |       165 |
| T         |      1055 |
| NULL      |      4856 |
+-----------+-----------+
5 rows in set (0.02 sec)

mysql> mysql \. C:\workspace\cloud\code\sql\_DailyScript\currenttime.sql
+---------------------+
| currenttime         |
+---------------------+
| 2019-06-19 07:54:48 |
+---------------------+
1 row in set (0.00 sec)

mysql> 
mysql> mysql \. C:\workspace\cloud\code\sql\_DailyScript\DAILY-SCRIPT-LIVETV-STATS.sql
Database changed
Query OK, 0 rows affected (0.05 sec)

Query OK, 84450 rows affected (1.79 sec)
Records: 84450  Duplicates: 0  Warnings: 0

+------------+------------+----------+--------------+--------------+-----------+-------------+----------+--------+------+------------+---------+---------------+
| Table      | Non_unique | Key_name | Seq_in_index | Column_name  | Collation | Cardinality | Sub_part | Packed | Null | Index_type | Comment | Index_comment |
+------------+------------+----------+--------------+--------------+-----------+-------------+----------+--------+------+------------+---------+---------------+
| templivetv |          1 | idxtv1   |            1 | device       | A         |       84714 |     NULL | NULL   | YES  | BTREE      |         |               |
| templivetv |          1 | idxtv2   |            1 | sessionstart | A         |       84714 |     NULL | NULL   | YES  | BTREE      |         |               |
+------------+------------+----------+--------------+--------------+-----------+-------------+----------+--------+------+------------+---------+---------------+
2 rows in set (0.00 sec)

Query OK, 84284 rows affected (32.59 sec)
Records: 84284  Duplicates: 0  Warnings: 0

Query OK, 2813 rows affected (2.48 sec)
Records: 2813  Duplicates: 0  Warnings: 0

Query OK, 0 rows affected (0.00 sec)

Query OK, 0 rows affected (0.00 sec)

Query OK, 139 rows affected (0.08 sec)
Records: 139  Duplicates: 0  Warnings: 0

Query OK, 0 rows affected (0.04 sec)

Query OK, 75915 rows affected (16 min 23.18 sec)
Records: 75915  Duplicates: 0  Warnings: 0

+-----------------+
| rep_livetvstats |
+-----------------+
|           75915 |
+-----------------+
1 row in set (0.03 sec)

mysql> mysql \. C:\workspace\cloud\code\sql\_DailyScript\currenttime.sql
+---------------------+
| currenttime         |
+---------------------+
| 2019-06-19 08:11:49 |
+---------------------+
1 row in set (0.00 sec)

mysql> 
mysql> mysql \. C:\workspace\cloud\code\sql\_DailyScript\DAILY-SCRIPT-VODTS-STATS.sql
Database changed
Query OK, 0 rows affected (0.01 sec)

Query OK, 3299 rows affected (34.88 sec)
Records: 3299  Duplicates: 0  Warnings: 0

+---------+------------+----------+--------------+--------------+-----------+-------------+----------+--------+------+------------+---------+---------------+
| Table   | Non_unique | Key_name | Seq_in_index | Column_name  | Collation | Cardinality | Sub_part | Packed | Null | Index_type | Comment | Index_comment |
+---------+------------+----------+--------------+--------------+-----------+-------------+----------+--------+------+------------+---------+---------------+
| tempvod |          1 | idxtvod1 |            1 | device       | A         |        3382 |     NULL | NULL   | YES  | BTREE      |         |               |
| tempvod |          1 | idxtvod2 |            1 | sessionstart | A         |        3382 |     NULL | NULL   | YES  | BTREE      |         |               |
+---------+------------+----------+--------------+--------------+-----------+-------------+----------+--------+------+------------+---------+---------------+
2 rows in set (0.00 sec)

Query OK, 3291 rows affected (1.46 sec)
Records: 3291  Duplicates: 0  Warnings: 0

Query OK, 0 rows affected (0.02 sec)

Query OK, 234868 rows affected (26.11 sec)
Records: 234868  Duplicates: 0  Warnings: 0

+--------------+
| rep_vodstats |
+--------------+
|       234868 |
+--------------+
1 row in set (0.10 sec)

Database changed
Query OK, 0 rows affected (0.01 sec)

Query OK, 16829 rows affected (3 min 44.03 sec)
Records: 16829  Duplicates: 0  Warnings: 0

+--------+------------+----------+--------------+--------------+-----------+-------------+----------+--------+------+------------+---------+---------------+
| Table  | Non_unique | Key_name | Seq_in_index | Column_name  | Collation | Cardinality | Sub_part | Packed | Null | Index_type | Comment | Index_comment |
+--------+------------+----------+--------------+--------------+-----------+-------------+----------+--------+------+------------+---------+---------------+
| tempts |          1 | idxtts1  |            1 | device       | A         |       17068 |     NULL | NULL   | YES  | BTREE      |         |               |
| tempts |          1 | idxtts2  |            1 | sessionstart | A         |       17068 |     NULL | NULL   | YES  | BTREE      |         |               |
+--------+------------+----------+--------------+--------------+-----------+-------------+----------+--------+------+------------+---------+---------------+
2 rows in set (0.00 sec)

Query OK, 16789 rows affected (13.01 sec)
Records: 16789  Duplicates: 0  Warnings: 0

Query OK, 0 rows affected (0.01 sec)

Query OK, 20733 rows affected (3 min 7.57 sec)
Records: 20733  Duplicates: 0  Warnings: 0

+-------------+
| rep_tsstats |
+-------------+
|       20733 |
+-------------+
1 row in set (0.01 sec)

mysql> mysql \. C:\workspace\cloud\code\sql\_DailyScript\currenttime.sql
+---------------------+
| currenttime         |
+---------------------+
| 2019-06-19 08:19:56 |
+---------------------+
1 row in set (0.00 sec)

mysql> 
mysql> mysql \. C:\workspace\cloud\code\sql\_DailyScript\DAILY-SCRIPT-RADIO-STATS.sql
Database changed
Query OK, 0 rows affected (0.01 sec)

Query OK, 154202 rows affected (4.91 sec)
Records: 154202  Duplicates: 0  Warnings: 0

+-----------+------------+----------+--------------+--------------+-----------+-------------+----------+--------+------+------------+---------+---------------+
| Table     | Non_unique | Key_name | Seq_in_index | Column_name  | Collation | Cardinality | Sub_part | Packed | Null | Index_type | Comment | Index_comment |
+-----------+------------+----------+--------------+--------------+-----------+-------------+----------+--------+------+------------+---------+---------------+
| tempradio |          1 | idxtrad1 |            1 | device       | A         |      154799 |     NULL | NULL   | YES  | BTREE      |         |               |
| tempradio |          1 | idxtrad2 |            1 | sessionstart | A         |      154799 |     NULL | NULL   | YES  | BTREE      |         |               |
+-----------+------------+----------+--------------+--------------+-----------+-------------+----------+--------+------+------------+---------+---------------+
2 rows in set (0.00 sec)

Query OK, 240 rows affected (2.98 sec)
Records: 240  Duplicates: 0  Warnings: 0

Query OK, 0 rows affected (0.01 sec)

Query OK, 2847 rows affected (0.32 sec)
Records: 2847  Duplicates: 0  Warnings: 0

+----------------+
| rep_radiostats |
+----------------+
|           2847 |
+----------------+
1 row in set (0.00 sec)

mysql> mysql \. C:\workspace\cloud\code\sql\_DailyScript\currenttime.sql
+---------------------+
| currenttime         |
+---------------------+
| 2019-06-19 08:20:04 |
+---------------------+
1 row in set (0.00 sec)

mysql> 
mysql> mysql \. C:\workspace\cloud\code\sql\_DailyScript\DAILY_SCRIPT_TELEMETRY_PIVOT.sql
Query OK, 0 rows affected (0.00 sec)

Query OK, 146 rows affected (0.32 sec)
Records: 146  Duplicates: 0  Warnings: 0

Query OK, 0 rows affected (0.01 sec)

Query OK, 4441 rows affected (0.82 sec)
Records: 4441  Duplicates: 0  Warnings: 0

Query OK, 0 rows affected (0.01 sec)

Query OK, 6 rows affected (0.01 sec)
Records: 6  Duplicates: 0  Warnings: 0

Query OK, 0 rows affected (0.02 sec)

Query OK, 54 rows affected (0.04 sec)
Records: 54  Duplicates: 0  Warnings: 0

mysql> mysql \. C:\workspace\cloud\code\sql\_DailyScript\currenttime.sql
+---------------------+
| currenttime         |
+---------------------+
| 2019-06-19 08:20:05 |
+---------------------+
1 row in set (0.00 sec)

mysql> 
mysql> mysql \. C:\workspace\cloud\code\sql\_DailyScript\telemetry_livetv_ranking2019.sql
Query OK, 0 rows affected (0.00 sec)

Query OK, 146 rows affected (0.01 sec)
Records: 146  Duplicates: 0  Warnings: 0

mysql> mysql \. C:\workspace\cloud\code\sql\_DailyScript\currenttime.sql
+---------------------+
| currenttime         |
+---------------------+
| 2019-06-19 08:20:05 |
+---------------------+
1 row in set (0.00 sec)

mysql> 
mysql> mysql \. C:\workspace\cloud\code\sql\_DailyScript\telemetry_radio_ranking2019.sql
Query OK, 0 rows affected (0.00 sec)

Query OK, 6 rows affected (0.01 sec)
Records: 6  Duplicates: 0  Warnings: 0

mysql> mysql \. C:\workspace\cloud\code\sql\_DailyScript\currenttime.sql
+---------------------+
| currenttime         |
+---------------------+
| 2019-06-19 08:20:05 |
+---------------------+
1 row in set (0.00 sec)

mysql> 
mysql> mysql \. C:\workspace\cloud\code\sql\_DailyScript\telemetry_ts_ranking2019.sql
Query OK, 0 rows affected (0.00 sec)

Query OK, 54 rows affected (0.01 sec)
Records: 54  Duplicates: 0  Warnings: 0

mysql> mysql \. C:\workspace\cloud\code\sql\_DailyScript\currenttime.sql
+---------------------+
| currenttime         |
+---------------------+
| 2019-06-19 08:20:05 |
+---------------------+
1 row in set (0.00 sec)

mysql> 
mysql> mysql \. C:\workspace\cloud\code\sql\_DailyScript\telemetry_vod_ranking2019.sql
Query OK, 0 rows affected (0.01 sec)

Query OK, 4441 rows affected (0.21 sec)
Records: 4441  Duplicates: 0  Warnings: 0

mysql> mysql \. C:\workspace\cloud\code\sql\_DailyScript\currenttime.sql
+---------------------+
| currenttime         |
+---------------------+
| 2019-06-19 08:20:06 |
+---------------------+
1 row in set (0.00 sec)

mysql> 
mysql> mysql \. C:\workspace\cloud\code\sql\_DailyScript\telemetry_vod_ranking2019_1.sql
Query OK, 0 rows affected (0.00 sec)

Query OK, 4441 rows affected (0.12 sec)
Records: 4441  Duplicates: 0  Warnings: 0

mysql> mysql \. C:\workspace\cloud\code\sql\_DailyScript\currenttime.sql
+---------------------+
| currenttime         |
+---------------------+
| 2019-06-19 08:20:06 |
+---------------------+
1 row in set (0.00 sec)

mysql> 
mysql> mysql \. C:\workspace\cloud\code\sql\_DailyScript\telemetry_vod_ranking2019_2.sql
Query OK, 0 rows affected (0.01 sec)

Query OK, 4441 rows affected (0.12 sec)
Records: 4441  Duplicates: 0  Warnings: 0

mysql> mysql \. C:\workspace\cloud\code\sql\_DailyScript\currenttime.sql
+---------------------+
| currenttime         |
+---------------------+
| 2019-06-19 08:20:06 |
+---------------------+
1 row in set (0.00 sec)

mysql> 
mysql> mysql \. C:\workspace\cloud\code\sql\_DailyScript\DAILY-SCRIPT-CREATE-LOAD.sql
Database changed
Database changed
Query OK, 0 rows affected (0.04 sec)

Query OK, 0 rows affected (0.01 sec)

Database changed
Query OK, 65359 rows affected (4.19 sec)
Records: 65359  Deleted: 0  Skipped: 0  Warnings: 0

Query OK, 0 rows affected (0.18 sec)
Records: 0  Duplicates: 0  Warnings: 0

Query OK, 0 rows affected (0.80 sec)
Records: 0  Duplicates: 0  Warnings: 0

Query OK, 0 rows affected (0.57 sec)
Records: 0  Duplicates: 0  Warnings: 0

Query OK, 0 rows affected (0.52 sec)
Records: 0  Duplicates: 0  Warnings: 0

+---------+
| clients |
+---------+
|   65359 |
+---------+
1 row in set (0.03 sec)

Query OK, 0 rows affected (0.00 sec)

Query OK, 1928 rows affected (0.68 sec)
Records: 1928  Duplicates: 0  Warnings: 0

+-------------------+
| rcb_clientparcels |
+-------------------+
|              1928 |
+-------------------+
1 row in set (0.00 sec)

Query OK, 0 rows affected (0.17 sec)

Query OK, 84783 rows affected (4.95 sec)
Records: 84783  Duplicates: 0  Warnings: 0

Query OK, 0 rows affected (0.51 sec)
Records: 0  Duplicates: 0  Warnings: 0

Query OK, 0 rows affected (0.09 sec)

Query OK, 65359 rows affected (4.17 sec)
Records: 65359  Duplicates: 0  Warnings: 0

Query OK, 0 rows affected (0.56 sec)
Records: 0  Duplicates: 0  Warnings: 0

Query OK, 0 rows affected (0.46 sec)
Records: 0  Duplicates: 0  Warnings: 0

Query OK, 0 rows affected (0.23 sec)
Records: 0  Duplicates: 0  Warnings: 0

+---------------+
| clientaddress |
+---------------+
|         65359 |
+---------------+
1 row in set (0.03 sec)

Database changed
Query OK, 0 rows affected (0.30 sec)

Query OK, 0 rows affected (0.01 sec)

Database changed
Query OK, 477889 rows affected, 65535 warnings (23.66 sec)
Records: 477889  Deleted: 0  Skipped: 0  Warnings: 185846

Query OK, 0 rows affected (5.92 sec)
Records: 0  Duplicates: 0  Warnings: 0

Query OK, 0 rows affected (3.73 sec)
Records: 0  Duplicates: 0  Warnings: 0

Query OK, 0 rows affected (2.21 sec)
Records: 0  Duplicates: 0  Warnings: 0

Query OK, 0 rows affected (0.03 sec)

Query OK, 477889 rows affected (57.98 sec)
Records: 477889  Duplicates: 0  Warnings: 0

Query OK, 0 rows affected (2.29 sec)
Records: 0  Duplicates: 0  Warnings: 0

Query OK, 0 rows affected (2.21 sec)
Records: 0  Duplicates: 0  Warnings: 0

+-----------+
| contracts |
+-----------+
|    477889 |
+-----------+
1 row in set (0.20 sec)

+-----------------+
| contractaddress |
+-----------------+
|          477889 |
+-----------------+
1 row in set (0.18 sec)

Database changed
Query OK, 0 rows affected (0.01 sec)

Query OK, 0 rows affected (0.00 sec)

Query OK, 6618 rows affected (0.20 sec)
Records: 6618  Deleted: 0  Skipped: 0  Warnings: 0

Query OK, 0 rows affected (0.01 sec)

Query OK, 6587 rows affected (1.34 sec)
Records: 6587  Duplicates: 0  Warnings: 0

Query OK, 0 rows affected (0.04 sec)
Records: 0  Duplicates: 0  Warnings: 0

Query OK, 0 rows affected (0.01 sec)

Query OK, 5420 rows affected (0.11 sec)
Records: 5420  Duplicates: 0  Warnings: 0

Query OK, 0 rows affected (0.03 sec)
Records: 0  Duplicates: 0  Warnings: 0

+-------------------+
| contractdiscounts |
+-------------------+
|              6618 |
+-------------------+
1 row in set (0.00 sec)

+-------------------------+
| clientcontractdiscounts |
+-------------------------+
|                    6587 |
+-------------------------+
1 row in set (0.00 sec)

+----------------------------+
| clientcontractlastdiscount |
+----------------------------+
|                       5420 |
+----------------------------+
1 row in set (0.00 sec)

Database changed
Query OK, 0 rows affected (0.15 sec)

Query OK, 0 rows affected (0.03 sec)

Database changed
Query OK, 128899 rows affected (4.47 sec)
Records: 128899  Deleted: 0  Skipped: 0  Warnings: 0

Query OK, 0 rows affected (0.46 sec)
Records: 0  Duplicates: 0  Warnings: 0

Query OK, 0 rows affected (0.56 sec)
Records: 0  Duplicates: 0  Warnings: 0

Query OK, 0 rows affected (0.45 sec)
Records: 0  Duplicates: 0  Warnings: 0

Query OK, 0 rows affected (0.43 sec)
Records: 0  Duplicates: 0  Warnings: 0

Query OK, 0 rows affected (0.79 sec)
Records: 0  Duplicates: 0  Warnings: 0

Query OK, 0 rows affected (0.94 sec)
Records: 0  Duplicates: 0  Warnings: 0

Query OK, 0 rows affected (0.05 sec)

Query OK, 1630852 rows affected (3 min 21.32 sec)
Records: 1630852  Duplicates: 0  Warnings: 0

+---------+
| devices |
+---------+
|  128899 |
+---------+
1 row in set (0.06 sec)

+-----------------------+
| clientcontractdevices |
+-----------------------+
|               1630852 |
+-----------------------+
1 row in set (1.37 sec)

Query OK, 0 rows affected (0.08 sec)

Query OK, 128893 rows affected (8.73 sec)
Records: 128893  Duplicates: 0  Warnings: 0

+---------------------------+
| rep_clientcontractdevices |
+---------------------------+
|                    128893 |
+---------------------------+
1 row in set (0.05 sec)

Database changed
Query OK, 0 rows affected (0.03 sec)

Query OK, 0 rows affected (0.01 sec)

Query OK, 247303 rows affected (9.89 sec)
Records: 247303  Deleted: 0  Skipped: 0  Warnings: 0

Query OK, 0 rows affected (1.06 sec)
Records: 0  Duplicates: 0  Warnings: 0

Query OK, 0 rows affected (0.80 sec)
Records: 0  Duplicates: 0  Warnings: 0

Query OK, 0 rows affected (0.96 sec)
Records: 0  Duplicates: 0  Warnings: 0

Query OK, 0 rows affected (1.08 sec)
Records: 0  Duplicates: 0  Warnings: 0

+---------+
| tickets |
+---------+
|  247303 |
+---------+
1 row in set (0.09 sec)

Database changed
Query OK, 0 rows affected (0.00 sec)

Query OK, 0 rows affected (0.00 sec)

Empty set (0.00 sec)

Query OK, 0 rows affected (0.01 sec)
Records: 0  Duplicates: 0  Warnings: 0

Query OK, 314 rows affected, 2 warnings (0.08 sec)
Records: 314  Deleted: 0  Skipped: 0  Warnings: 2

+-----------------+
| tickettechusers |
+-----------------+
|             314 |
+-----------------+
1 row in set (0.00 sec)

Database changed
Query OK, 0 rows affected (0.01 sec)

Query OK, 0 rows affected (0.01 sec)

Query OK, 0 rows affected (0.03 sec)
Records: 0  Duplicates: 0  Warnings: 0

Query OK, 515147 rows affected, 42038 warnings (10.42 sec)
Records: 515147  Deleted: 0  Skipped: 0  Warnings: 42038

+-------------------+
| ticketassignments |
+-------------------+
|            515147 |
+-------------------+
1 row in set (0.19 sec)

Database changed
Query OK, 0 rows affected (0.13 sec)

Query OK, 0 rows affected (0.01 sec)

Query OK, 1075133 rows affected (17.66 sec)
Records: 1075133  Deleted: 0  Skipped: 0  Warnings: 0

Query OK, 0 rows affected (6.72 sec)
Records: 0  Duplicates: 0  Warnings: 0

Query OK, 0 rows affected (3.52 sec)
Records: 0  Duplicates: 0  Warnings: 0

Query OK, 0 rows affected (2.94 sec)
Records: 0  Duplicates: 0  Warnings: 0

Query OK, 0 rows affected (3.46 sec)
Records: 0  Duplicates: 0  Warnings: 0

+----------------+
| ticketcomments |
+----------------+
|        1075133 |
+----------------+
1 row in set (0.42 sec)

Database changed
Query OK, 0 rows affected (0.01 sec)

Query OK, 0 rows affected (0.01 sec)

Query OK, 406401 rows affected (46.91 sec)
Records: 406401  Deleted: 0  Skipped: 0  Warnings: 0

Query OK, 0 rows affected (2.66 sec)
Records: 0  Duplicates: 0  Warnings: 0

+----------+
| comments |
+----------+
|   406401 |
+----------+
1 row in set (0.16 sec)

Database changed
Query OK, 0 rows affected (0.29 sec)

Query OK, 0 rows affected (0.01 sec)

Query OK, 809148 rows affected, 65535 warnings (1 min 4.05 sec)
Records: 809148  Deleted: 0  Skipped: 0  Warnings: 809149

Query OK, 0 rows affected (4.31 sec)
Records: 0  Duplicates: 0  Warnings: 0

Query OK, 0 rows affected (2.57 sec)
Records: 0  Duplicates: 0  Warnings: 0

Query OK, 0 rows affected (3.36 sec)
Records: 0  Duplicates: 0  Warnings: 0

Query OK, 0 rows affected (2.65 sec)
Records: 0  Duplicates: 0  Warnings: 0

Query OK, 0 rows affected (4.14 sec)
Records: 0  Duplicates: 0  Warnings: 0

+------------+
| devicesold |
+------------+
|     809148 |
+------------+
1 row in set (0.34 sec)

Database changed
Query OK, 0 rows affected (0.08 sec)

Query OK, 0 rows affected (0.01 sec)

Query OK, 1624153 rows affected (28.05 sec)
Records: 1624153  Deleted: 0  Skipped: 0  Warnings: 0

Query OK, 0 rows affected (9.12 sec)
Records: 0  Duplicates: 0  Warnings: 0

Query OK, 0 rows affected (5.13 sec)
Records: 0  Duplicates: 0  Warnings: 0

Query OK, 0 rows affected (5.21 sec)
Records: 0  Duplicates: 0  Warnings: 0

+------------------+
| contractservices |
+------------------+
|          1624153 |
+------------------+
1 row in set (0.64 sec)

Database changed
Query OK, 0 rows affected (0.06 sec)

Query OK, 0 rows affected (0.01 sec)

Query OK, 3643624 rows affected (2 min 2.44 sec)
Records: 3643624  Deleted: 0  Skipped: 0  Warnings: 0

Query OK, 0 rows affected (17.91 sec)
Records: 0  Duplicates: 0  Warnings: 0

Query OK, 0 rows affected (17.69 sec)
Records: 0  Duplicates: 0  Warnings: 0

Query OK, 0 rows affected (13.87 sec)
Records: 0  Duplicates: 0  Warnings: 0

Query OK, 0 rows affected (14.70 sec)
Records: 0  Duplicates: 0  Warnings: 0

+------------------+
| invoicescontents |
+------------------+
|          3643624 |
+------------------+
1 row in set (1.48 sec)

Database changed
Query OK, 0 rows affected (0.14 sec)

Query OK, 0 rows affected (0.01 sec)

Query OK, 2513981 rows affected (3 min 24.65 sec)
Records: 2513981  Deleted: 0  Skipped: 0  Warnings: 0

Query OK, 0 rows affected (17.01 sec)
Records: 0  Duplicates: 0  Warnings: 0

Query OK, 0 rows affected (15.79 sec)
Records: 0  Duplicates: 0  Warnings: 0

Query OK, 0 rows affected (14.27 sec)
Records: 0  Duplicates: 0  Warnings: 0

Query OK, 0 rows affected (14.08 sec)
Records: 0  Duplicates: 0  Warnings: 0

Query OK, 0 rows affected (12.18 sec)
Records: 0  Duplicates: 0  Warnings: 0

+----------------+
| invoicesheader |
+----------------+
|        2513981 |
+----------------+
1 row in set (0.99 sec)

Database changed
Query OK, 0 rows affected (0.06 sec)

Query OK, 0 rows affected (0.01 sec)

Query OK, 2641235 rows affected (1 min 23.63 sec)
Records: 2641235  Deleted: 0  Skipped: 0  Warnings: 0

Query OK, 0 rows affected (13.89 sec)
Records: 0  Duplicates: 0  Warnings: 0

Query OK, 0 rows affected (10.53 sec)
Records: 0  Duplicates: 0  Warnings: 0

Query OK, 0 rows affected (10.57 sec)
Records: 0  Duplicates: 0  Warnings: 0

Query OK, 0 rows affected (10.72 sec)
Records: 0  Duplicates: 0  Warnings: 0

+---------+
| casa    |
+---------+
| 2641235 |
+---------+
1 row in set (1.03 sec)

Query OK, 0 rows affected (0.01 sec)

Query OK, 12408 rows affected (1 min 24.14 sec)
Records: 12408  Duplicates: 0  Warnings: 0

+--------------------+
| rep_paycol_channel |
+--------------------+
|              12408 |
+--------------------+
1 row in set (0.01 sec)

Query OK, 0 rows affected (0.03 sec)

Query OK, 8215 rows affected (1 min 35.78 sec)
Records: 8215  Duplicates: 0  Warnings: 0

+----------------+
| rep_paycol_pos |
+----------------+
|           8215 |
+----------------+
1 row in set (0.01 sec)

Database changed
Query OK, 0 rows affected (0.02 sec)

Query OK, 0 rows affected (0.01 sec)

Database changed
Query OK, 38106 rows affected (1.06 sec)
Records: 38106  Deleted: 0  Skipped: 0  Warnings: 0

+-------+
| users |
+-------+
| 38106 |
+-------+
1 row in set (0.02 sec)

Database changed
Query OK, 0 rows affected (0.05 sec)

Query OK, 0 rows affected (0.01 sec)

Database changed
Query OK, 11050172 rows affected (2 min 22.86 sec)
Records: 11050172  Deleted: 0  Skipped: 0  Warnings: 0

Query OK, 0 rows affected (41.84 sec)
Records: 0  Duplicates: 0  Warnings: 0

Query OK, 0 rows affected (42.51 sec)
Records: 0  Duplicates: 0  Warnings: 0

Query OK, 0 rows affected (43.32 sec)
Records: 0  Duplicates: 0  Warnings: 0

Query OK, 0 rows affected (38.27 sec)
Records: 0  Duplicates: 0  Warnings: 0

+----------+
| ipusage1 |
+----------+
| 11050172 |
+----------+
1 row in set (7.51 sec)

Query OK, 0 rows affected (0.08 sec)

Query OK, 11140999 rows affected, 65535 warnings (15 min 23.76 sec)
Records: 11140999  Duplicates: 0  Warnings: 11130623

Query OK, 0 rows affected (40.97 sec)
Records: 0  Duplicates: 0  Warnings: 0

Query OK, 0 rows affected (40.89 sec)
Records: 0  Duplicates: 0  Warnings: 0

Query OK, 0 rows affected (43.56 sec)
Records: 0  Duplicates: 0  Warnings: 0

Query OK, 0 rows affected (45.58 sec)
Records: 0  Duplicates: 0  Warnings: 0

Query OK, 0 rows affected (57.83 sec)
Records: 0  Duplicates: 0  Warnings: 0

Query OK, 0 rows affected (1 min 5.83 sec)
Records: 0  Duplicates: 0  Warnings: 0

Query OK, 0 rows affected (1 min 17.88 sec)
Records: 0  Duplicates: 0  Warnings: 0

+----------+
| ipusage  |
+----------+
| 11140999 |
+----------+
1 row in set (21.78 sec)

Query OK, 0 rows affected (0.20 sec)

Query OK, 3758616 rows affected (3 min 21.66 sec)
Records: 3758616  Duplicates: 0  Warnings: 0

Query OK, 0 rows affected (21.10 sec)
Records: 0  Duplicates: 0  Warnings: 0

Query OK, 0 rows affected (11.80 sec)
Records: 0  Duplicates: 0  Warnings: 0

Query OK, 0 rows affected (19.15 sec)
Records: 0  Duplicates: 0  Warnings: 0

Query OK, 0 rows affected (24.31 sec)
Records: 0  Duplicates: 0  Warnings: 0

Query OK, 0 rows affected (10.14 sec)
Records: 0  Duplicates: 0  Warnings: 0

Query OK, 0 rows affected (0.03 sec)

Query OK, 323369 rows affected (36.33 sec)
Records: 323369  Duplicates: 0  Warnings: 0

Query OK, 0 rows affected (1.41 sec)
Records: 0  Duplicates: 0  Warnings: 0

Query OK, 0 rows affected (1.36 sec)
Records: 0  Duplicates: 0  Warnings: 0

Query OK, 0 rows affected (1.79 sec)
Records: 0  Duplicates: 0  Warnings: 0

Query OK, 0 rows affected (0.83 sec)
Records: 0  Duplicates: 0  Warnings: 0

Query OK, 0 rows affected (0.81 sec)
Records: 0  Duplicates: 0  Warnings: 0

Query OK, 0 rows affected (0.03 sec)

Query OK, 1624084 rows affected (1 min 1.34 sec)
Records: 1624084  Duplicates: 0  Warnings: 0

Query OK, 0 rows affected (9.57 sec)
Records: 0  Duplicates: 0  Warnings: 0

Query OK, 0 rows affected (5.51 sec)
Records: 0  Duplicates: 0  Warnings: 0

Query OK, 0 rows affected (6.68 sec)
Records: 0  Duplicates: 0  Warnings: 0

mysql> mysql \. C:\workspace\cloud\code\sql\_DailyScript\currenttime.sql
+---------------------+
| currenttime         |
+---------------------+
| 2019-06-19 09:16:51 |
+---------------------+
1 row in set (0.00 sec)

mysql> 
mysql> mysql \. C:\workspace\cloud\code\sql\_DailyScript\ticket_analysis.sql
Database changed
Query OK, 0 rows affected (0.03 sec)

Query OK, 436113 rows affected (20.25 sec)
Records: 436113  Duplicates: 0  Warnings: 0

Query OK, 0 rows affected (5.42 sec)
Records: 0  Duplicates: 0  Warnings: 0

Query OK, 0 rows affected (1.57 sec)
Records: 0  Duplicates: 0  Warnings: 0

Query OK, 0 rows affected (1.52 sec)
Records: 0  Duplicates: 0  Warnings: 0

Query OK, 0 rows affected (0.01 sec)

Query OK, 15519 rows affected (10.73 sec)
Records: 15519  Duplicates: 0  Warnings: 0

Query OK, 0 rows affected, 1 warning (0.00 sec)

Query OK, 59864 rows affected (6.89 sec)
Records: 59864  Duplicates: 0  Warnings: 0

Query OK, 0 rows affected, 1 warning (0.00 sec)

Query OK, 311503 rows affected (10.20 sec)
Records: 311503  Duplicates: 0  Warnings: 0

Query OK, 0 rows affected, 1 warning (0.00 sec)

Query OK, 311503 rows affected (11.53 sec)
Records: 311503  Duplicates: 0  Warnings: 0

Query OK, 0 rows affected (0.01 sec)

Query OK, 59905 rows affected (3.74 sec)
Records: 59905  Duplicates: 0  Warnings: 0

Database changed
Query OK, 0 rows affected (0.00 sec)

Query OK, 0 rows affected (0.02 sec)

Query OK, 436113 rows affected (18.87 sec)
Records: 436113  Duplicates: 0  Warnings: 0

Query OK, 0 rows affected (0.01 sec)

Query OK, 207700 rows affected (12.70 sec)
Records: 207700  Duplicates: 0  Warnings: 0

+--------------------------+
| clientticket_cmmtjourney |
+--------------------------+
|                   436113 |
+--------------------------+
1 row in set (3.11 sec)

+---------------------------+
| clientticket_assgnjourney |
+---------------------------+
|                    207700 |
+---------------------------+
1 row in set (0.30 sec)

Query OK, 0 rows affected (0.01 sec)

Query OK, 67 rows affected (0.10 sec)
Records: 67  Duplicates: 0  Warnings: 0

mysql> mysql \. C:\workspace\cloud\code\sql\_DailyScript\currenttime.sql
+---------------------+
| currenttime         |
+---------------------+
| 2019-06-19 09:18:38 |
+---------------------+
1 row in set (0.00 sec)

mysql> 
mysql> mysql \. C:\workspace\cloud\code\sql\_DailyScript\load_DailyCalls.sql
Database changed
Query OK, 267 rows affected (0.21 sec)
Records: 267  Deleted: 0  Skipped: 0  Warnings: 0

Query OK, 0 rows affected, 1 warning (0.00 sec)

Query OK, 258 rows affected (0.07 sec)
Records: 258  Duplicates: 0  Warnings: 0

Query OK, 0 rows affected, 1 warning (0.00 sec)

Query OK, 66904 rows affected (0.46 sec)
Records: 66904  Duplicates: 0  Warnings: 0

+----------------------+
| callingclientsbefore |
+----------------------+
|               706174 |
+----------------------+
1 row in set (0.70 sec)

Query OK, 374 rows affected (8.24 sec)
Records: 374  Duplicates: 0  Warnings: 0

+---------------------+
| callingclientsafter |
+---------------------+
|              706548 |
+---------------------+
1 row in set (0.26 sec)

Query OK, 0 rows affected (0.01 sec)

Query OK, 193 rows affected (14.58 sec)
Records: 193  Duplicates: 0  Warnings: 0

Query OK, 0 rows affected (0.00 sec)

Query OK, 14371 rows affected (2.67 sec)
Records: 14371  Duplicates: 0  Warnings: 0

+-----------+
| callstats |
+-----------+
|     14371 |
+-----------+
1 row in set (0.01 sec)

Query OK, 0 rows affected, 1 warning (0.00 sec)

Query OK, 374 rows affected (2.89 sec)
Records: 374  Duplicates: 0  Warnings: 0

+------------------------+
| rep_cccallreportbefore |
+------------------------+
|                 709817 |
+------------------------+
1 row in set (0.26 sec)

Query OK, 374 rows affected (0.70 sec)
Records: 374  Duplicates: 0  Warnings: 0

+-----------------------+
| rep_cccallreportafter |
+-----------------------+
|                710191 |
+-----------------------+
1 row in set (0.27 sec)

Query OK, 0 rows affected (0.00 sec)

mysql> mysql \. C:\workspace\cloud\code\sql\_DailyScript\currenttime.sql
+---------------------+
| currenttime         |
+---------------------+
| 2019-06-19 09:19:10 |
+---------------------+
1 row in set (0.00 sec)

mysql> 
mysql> mysql \. C:\workspace\cloud\code\sql\_DailyScript\DAILY-SCRIPT-USAGE.sql
Database changed
Query OK, 0 rows affected (0.00 sec)

Query OK, 6385 rows affected, 18478 warnings (2.17 sec)
Records: 6385  Deleted: 0  Skipped: 0  Warnings: 18478

Query OK, 0 rows affected (0.00 sec)

Query OK, 10502 rows affected, 30401 warnings (2.99 sec)
Records: 10502  Deleted: 0  Skipped: 0  Warnings: 30401

Query OK, 0 rows affected (0.00 sec)

Query OK, 90 rows affected, 301 warnings (0.14 sec)
Records: 90  Deleted: 0  Skipped: 0  Warnings: 301

Query OK, 0 rows affected (0.00 sec)

Query OK, 153 rows affected, 545 warnings (0.05 sec)
Records: 153  Deleted: 0  Skipped: 0  Warnings: 545

+------------+
| dailyusage |
+------------+
|    6345877 |
+------------+
1 row in set (20.70 sec)

+------------+------------+------------+---------+
| datestart  | dateend    | insertedon | records |
+------------+------------+------------+---------+
| 2019-06-18 | 2019-06-18 | 2019-06-19 |   17130 |
| 2019-06-17 | 2019-06-17 | 2019-06-18 |   17283 |
| 2019-06-16 | 2019-06-16 | 2019-06-17 |   13063 |
| 2019-06-15 | 2019-06-15 | 2019-06-16 |   17344 |
| 2019-06-14 | 2019-06-14 | 2019-06-15 |   17537 |
+------------+------------+------------+---------+
5 rows in set (2 min 47.31 sec)

mysql> mysql \. C:\workspace\cloud\code\sql\_DailyScript\currenttime.sql
+---------------------+
| currenttime         |
+---------------------+
| 2019-06-19 09:22:23 |
+---------------------+
1 row in set (0.00 sec)

mysql> 
mysql> mysql \. C:\workspace\cloud\code\sql\_DailyScript\DAILY-SCRIPT-SALES-TELEMETRY.sql
Database changed
Query OK, 5 rows affected, 10 warnings (0.05 sec)
Records: 5  Deleted: 0  Skipped: 0  Warnings: 10

+------------+
| dailysales |
+------------+
|     156405 |
+------------+
1 row in set (0.25 sec)

Query OK, 0 rows affected (0.04 sec)

Query OK, 156405 rows affected (21.25 sec)
Records: 156405  Duplicates: 0  Warnings: 0

+--------+
| sales  |
+--------+
| 156405 |
+--------+
1 row in set (0.08 sec)

Query OK, 0 rows affected (0.00 sec)

Query OK, 2499 rows affected (0.35 sec)
Records: 2499  Duplicates: 0  Warnings: 0

+----------------+
| rep_dailysales |
+----------------+
|           2499 |
+----------------+
1 row in set (0.00 sec)

Query OK, 0 rows affected (0.02 sec)

Query OK, 2499 rows affected (0.57 sec)
Records: 2499  Duplicates: 0  Warnings: 0

+-------------------+
| rep_dailysalesreg |
+-------------------+
|              2499 |
+-------------------+
1 row in set (0.00 sec)

Query OK, 0 rows affected (0.00 sec)

Query OK, 2430 rows affected (0.72 sec)
Records: 2430  Duplicates: 0  Warnings: 0

+-----------+
| saleslist |
+-----------+
|      2430 |
+-----------+
1 row in set (0.00 sec)

Database changed
ERROR 2 (HY000): File 'C:\ProgramData\MySQL\MySQL Server 5.7\Uploads\_csv\PrepaidCardSales-18062019-P1.csv' not found (Errcode: 2 - No such file or directory)
+------------------+
| dailysinglesales |
+------------------+
|             5786 |
+------------------+
1 row in set (0.04 sec)

Database changed
Query OK, 13 rows affected (0.10 sec)
Records: 13  Deleted: 0  Skipped: 0  Warnings: 0

+-----------------+
| dailyaddonsales |
+-----------------+
|           15947 |
+-----------------+
1 row in set (0.08 sec)

Query OK, 71 rows affected (0.11 sec)
Records: 71  Deleted: 0  Skipped: 0  Warnings: 0

+----------------+
| onlinepayments |
+----------------+
|          55206 |
+----------------+
1 row in set (0.08 sec)

+-------------+----------------+---------------------+
| paymentdate | onlinepayments | onlinepaymentamount |
+-------------+----------------+---------------------+
| 2019-06-18  |             71 |         43416.95000 |
| 2019-06-17  |             71 |         44741.83000 |
| 2019-06-16  |             61 |         36837.86000 |
| 2019-06-15  |             58 |         33380.15000 |
| 2019-06-14  |             76 |         44954.70000 |
+-------------+----------------+---------------------+
5 rows in set (3.37 sec)

+-------------+--------------+----------------+---------------------+
| paymentyear | paymentmonth | onlinepayments | onlinepaymentamount |
+-------------+--------------+----------------+---------------------+
|        2019 |            6 |           1341 |        881781.00000 |
|        2019 |            5 |           2949 |       1930613.93000 |
|        2019 |            4 |           2854 |       1881797.80000 |
|        2019 |            3 |           2821 |       1851177.84000 |
|        2019 |            2 |           2441 |       1600446.38000 |
+-------------+--------------+----------------+---------------------+
5 rows in set (0.08 sec)

mysql> mysql \. C:\workspace\cloud\code\sql\_DailyScript\currenttime.sql
+---------------------+
| currenttime         |
+---------------------+
| 2019-06-19 09:22:50 |
+---------------------+
1 row in set (0.00 sec)

mysql> 
mysql> mysql \. C:\workspace\cloud\code\sql\_DailyScript\DAILY-SCRIPT-ACTIVENUMBERS.sql
Database changed
Query OK, 1300 rows affected (1.01 sec)
Records: 1300  Deleted: 0  Skipped: 0  Warnings: 0

+------------+----------+
| period     | count(1) |
+------------+----------+
| 2019-06-18 |     1300 |
| 2019-06-17 |     1303 |
| 2019-06-16 |     1305 |
| 2019-06-15 |     1306 |
| 2019-06-14 |     1306 |
| 2019-06-13 |     1307 |
+------------+----------+
6 rows in set (0.01 sec)

Query OK, 0 rows affected (0.00 sec)

Query OK, 83 rows affected (0.33 sec)
Records: 83  Duplicates: 0  Warnings: 0

+-------------+
| packagelist |
+-------------+
|          83 |
+-------------+
1 row in set (0.00 sec)

Database changed
Query OK, 0 rows affected (0.00 sec)

Query OK, 0 rows affected (0.00 sec)

Query OK, 0 rows affected (0.00 sec)

Query OK, 0 rows affected (0.00 sec)

Query OK, 26605 rows affected, 232 warnings (39.83 sec)
Records: 26605  Deleted: 0  Skipped: 0  Warnings: 232

+------------+----------+
| period     | count(1) |
+------------+----------+
| 2019-06-18 |    26605 |
| 2019-06-17 |    26845 |
| 2019-06-16 |    26737 |
| 2019-06-15 |    26829 |
| 2019-06-14 |    26870 |
+------------+----------+
5 rows in set (0.14 sec)

Query OK, 0 rows affected (0.02 sec)

Query OK, 25975 rows affected (2 min 1.80 sec)
Records: 25975  Duplicates: 0  Warnings: 0

Query OK, 0 rows affected (0.18 sec)
Records: 0  Duplicates: 0  Warnings: 0

Query OK, 0 rows affected (0.13 sec)
Records: 0  Duplicates: 0  Warnings: 0

Query OK, 0 rows affected (0.13 sec)
Records: 0  Duplicates: 0  Warnings: 0

Query OK, 0 rows affected (0.10 sec)
Records: 0  Duplicates: 0  Warnings: 0

Query OK, 0 rows affected (0.09 sec)
Records: 0  Duplicates: 0  Warnings: 0

Query OK, 0 rows affected (0.08 sec)
Records: 0  Duplicates: 0  Warnings: 0

+-------------+
| countbefore |
+-------------+
|    26979875 |
+-------------+
1 row in set (1 min 34.15 sec)

Query OK, 25975 rows affected (22.72 sec)
Records: 25975  Duplicates: 0  Warnings: 0

+------------+
| countafter |
+------------+
|   27005850 |
+------------+
1 row in set (13.37 sec)

+------------+--------------------------+
| period     | customercontractactivity |
+------------+--------------------------+
| 2019-06-18 |                    25975 |
| 2019-06-17 |                    26215 |
| 2019-06-16 |                    26107 |
| 2019-06-15 |                    26199 |
| 2019-06-14 |                    26240 |
+------------+--------------------------+
5 rows in set (0.07 sec)

Query OK, 0 rows affected (0.07 sec)

Query OK, 216880 rows affected (14 min 55.19 sec)
Records: 216880  Duplicates: 0  Warnings: 0

Query OK, 0 rows affected (1.13 sec)
Records: 0  Duplicates: 0  Warnings: 0

Query OK, 0 rows affected (1.15 sec)
Records: 0  Duplicates: 0  Warnings: 0

Query OK, 0 rows affected (1.14 sec)
Records: 0  Duplicates: 0  Warnings: 0

Query OK, 0 rows affected (0.01 sec)

Query OK, 248 rows affected (0.58 sec)
Records: 248  Duplicates: 0  Warnings: 0

Query OK, 0 rows affected (0.01 sec)

Query OK, 2382 rows affected (0.70 sec)
Records: 2382  Duplicates: 0  Warnings: 0

Query OK, 0 rows affected (0.02 sec)

Query OK, 25965 rows affected (0.70 sec)
Records: 25965  Duplicates: 0  Warnings: 0

Query OK, 0 rows affected (0.01 sec)

Query OK, 16703 rows affected (0.50 sec)
Records: 16703  Duplicates: 0  Warnings: 0

Query OK, 0 rows affected (0.01 sec)

Query OK, 16703 rows affected (0.15 sec)
Records: 16703  Duplicates: 0  Warnings: 0

Query OK, 0 rows affected (0.01 sec)

Query OK, 16703 rows affected (1.86 sec)
Records: 16703  Duplicates: 0  Warnings: 0

Query OK, 0 rows affected (0.01 sec)

Query OK, 16703 rows affected (55.95 sec)
Records: 16703  Duplicates: 0  Warnings: 0

+-------------+
| clientstats |
+-------------+
|       16703 |
+-------------+
1 row in set (0.01 sec)

Query OK, 0 rows affected (0.01 sec)

Query OK, 13 rows affected, 1 warning (0.12 sec)
Records: 13  Duplicates: 0  Warnings: 1

+-----------------------+-------------+-------------+----------------+-----------------+
| services              | activecount | allaccounts | uniqueaccounts | uniquecontracts |
+-----------------------+-------------+-------------+----------------+-----------------+
| All                   |         115 |          25 |             25 |              78 |
| Internet & Voice      |         426 |         195 |            195 |             381 |
| Internet Only         |        4153 |        4007 |           3999 |            4084 |
| OTT Only              |          20 |           4 |              4 |              20 |
| TV & Internet         |        8756 |        3797 |           3794 |            7732 |
| TV & Internet & OTT   |        1873 |         536 |            536 |            1092 |
| TV & Internet & Voice |         529 |         147 |            147 |             457 |
| TV & OTT              |         119 |          37 |             37 |              39 |
| TV & Voice            |         100 |          43 |             43 |              87 |
| TV & Voice & OTT      |          10 |           1 |              1 |               3 |
| TV Only               |       10485 |        7727 |           7720 |            7930 |
| Voice Only            |         185 |         184 |            184 |             185 |
| GRAND TOTAL           |       26771 |       16703 |          16643 |           22088 |
+-----------------------+-------------+-------------+----------------+-----------------+
13 rows in set (0.00 sec)

+-------------+-------------+-------------+----------------+-----------------+
| network     | activecount | allaccounts | uniqueaccounts | uniquecontracts |
+-------------+-------------+-------------+----------------+-----------------+
| ADDON       |           9 |           5 |              5 |               5 |
| GPON        |        6842 |        3466 |           3465 |            5232 |
| HFC         |       19902 |       13230 |          13230 |           16833 |
| MOBILE TV   |          18 |           2 |              2 |              18 |
| GRAND TOTAL |       26771 |       16703 |          16643 |           22088 |
+-------------+-------------+-------------+----------------+-----------------+
5 rows in set, 1 warning (0.15 sec)

+-------------+-----------------------+-------------+-------------+----------------+-----------------+
| network     | services              | activecount | allaccounts | uniqueaccounts | uniquecontracts |
+-------------+-----------------------+-------------+-------------+----------------+-----------------+
| ADDON       | OTT Only              |           2 |           2 |              2 |               2 |
| ADDON       | TV & OTT              |           4 |           1 |              1 |               1 |
| ADDON       | TV Only               |           3 |           2 |              2 |               2 |
| ADDON       | Services Total        |           9 |           5 |              5 |               5 |
| GPON        | All                   |          25 |           5 |              5 |              17 |
| GPON        | Internet & Voice      |          59 |          24 |             24 |              49 |
| GPON        | Internet Only         |         908 |         822 |            822 |             841 |
| GPON        | TV & Internet         |        2973 |        1231 |           1231 |            2533 |
| GPON        | TV & Internet & OTT   |         921 |         249 |            249 |             514 |
| GPON        | TV & Internet & Voice |         155 |          41 |             41 |             126 |
| GPON        | TV & OTT              |          86 |          26 |             26 |              27 |
| GPON        | TV & Voice            |          40 |          17 |             17 |              35 |
| GPON        | TV Only               |        1667 |        1043 |           1043 |            1082 |
| GPON        | Voice Only            |           8 |           8 |              8 |               8 |
| GPON        | Services Total        |        6842 |        3466 |           3465 |            5232 |
| HFC         | All                   |          90 |          20 |             20 |              61 |
| HFC         | Internet & Voice      |         367 |         171 |            171 |             332 |
| HFC         | Internet Only         |        3245 |        3185 |           3185 |            3243 |
| HFC         | TV & Internet         |        5783 |        2566 |           2566 |            5199 |
| HFC         | TV & Internet & OTT   |         952 |         287 |            287 |             578 |
| HFC         | TV & Internet & Voice |         374 |         106 |            106 |             331 |
| HFC         | TV & OTT              |          29 |          10 |             10 |              11 |
| HFC         | TV & Voice            |          60 |          26 |             26 |              52 |
| HFC         | TV & Voice & OTT      |          10 |           1 |              1 |               3 |
| HFC         | TV Only               |        8815 |        6682 |           6682 |            6846 |
| HFC         | Voice Only            |         177 |         176 |            176 |             177 |
| HFC         | Services Total        |       19902 |       13230 |          13230 |           16833 |
| MOBILE TV   | OTT Only              |          18 |           2 |              2 |              18 |
| MOBILE TV   | Services Total        |          18 |           2 |              2 |              18 |
| GRAND TOTAL | Services Total        |       26771 |       16703 |          16643 |           22088 |
+-------------+-----------------------+-------------+-------------+----------------+-----------------+
30 rows in set, 2 warnings (0.16 sec)

Query OK, 0 rows affected (0.00 sec)

Query OK, 43 rows affected, 3 warnings (0.23 sec)
Records: 43  Duplicates: 0  Warnings: 3

+-------------+---------------+-----------------------+-------------+-------------+----------------+-----------------+
| region      | network       | services              | activecount | allaccounts | uniqueaccounts | uniquecontracts |
+-------------+---------------+-----------------------+-------------+-------------+----------------+-----------------+
| Mahe        | ADDON         | OTT Only              |           2 |           2 |              2 |               2 |
| Mahe        | ADDON         | TV & OTT              |           4 |           1 |              1 |               1 |
| Mahe        | ADDON         | TV Only               |           3 |           2 |              2 |               2 |
| Mahe        | ADDON         | Services Total        |           9 |           5 |              5 |               5 |
| Mahe        | GPON          | All                   |          25 |           5 |              5 |              17 |
| Mahe        | GPON          | Internet & Voice      |          49 |          19 |             19 |              39 |
| Mahe        | GPON          | Internet Only         |         696 |         610 |            610 |             629 |
| Mahe        | GPON          | TV & Internet         |        2107 |         864 |            864 |            1768 |
| Mahe        | GPON          | TV & Internet & OTT   |         533 |         139 |            139 |             287 |
| Mahe        | GPON          | TV & Internet & Voice |         132 |          35 |             35 |             106 |
| Mahe        | GPON          | TV & OTT              |          62 |          17 |             17 |              17 |
| Mahe        | GPON          | TV & Voice            |          36 |          15 |             15 |              31 |
| Mahe        | GPON          | TV Only               |        1232 |         747 |            747 |             767 |
| Mahe        | GPON          | Voice Only            |           8 |           8 |              8 |               8 |
| Mahe        | GPON          | Services Total        |        4880 |        2459 |           2459 |            3669 |
| Mahe        | HFC           | All                   |          90 |          20 |             20 |              61 |
| Mahe        | HFC           | Internet & Voice      |         367 |         171 |            171 |             332 |
| Mahe        | HFC           | Internet Only         |        3245 |        3185 |           3185 |            3243 |
| Mahe        | HFC           | TV & Internet         |        5783 |        2566 |           2566 |            5199 |
| Mahe        | HFC           | TV & Internet & OTT   |         952 |         287 |            287 |             578 |
| Mahe        | HFC           | TV & Internet & Voice |         374 |         106 |            106 |             331 |
| Mahe        | HFC           | TV & OTT              |          29 |          10 |             10 |              11 |
| Mahe        | HFC           | TV & Voice            |          60 |          26 |             26 |              52 |
| Mahe        | HFC           | TV & Voice & OTT      |          10 |           1 |              1 |               3 |
| Mahe        | HFC           | TV Only               |        8810 |        6679 |           6679 |            6843 |
| Mahe        | HFC           | Voice Only            |         177 |         176 |            176 |             177 |
| Mahe        | HFC           | Services Total        |       19897 |       13227 |          13227 |           16830 |
| Mahe        | MOBILE TV     | OTT Only              |          18 |           2 |              2 |              18 |
| Mahe        | MOBILE TV     | Services Total        |          18 |           2 |              2 |              18 |
| Mahe        | Network Total | Services Total        |       24804 |       15693 |          15635 |           20522 |
| Praslin     | GPON          | Internet & Voice      |          10 |           5 |              5 |              10 |
| Praslin     | GPON          | Internet Only         |         212 |         212 |            212 |             212 |
| Praslin     | GPON          | TV & Internet         |         866 |         367 |            367 |             765 |
| Praslin     | GPON          | TV & Internet & OTT   |         388 |         110 |            110 |             227 |
| Praslin     | GPON          | TV & Internet & Voice |          23 |           6 |              6 |              20 |
| Praslin     | GPON          | TV & OTT              |          24 |           9 |              9 |              10 |
| Praslin     | GPON          | TV & Voice            |           4 |           2 |              2 |               4 |
| Praslin     | GPON          | TV Only               |         435 |         296 |            296 |             315 |
| Praslin     | GPON          | Services Total        |        1962 |        1007 |           1007 |            1563 |
| Praslin     | HFC           | TV Only               |           5 |           3 |              3 |               3 |
| Praslin     | HFC           | Services Total        |           5 |           3 |              3 |               3 |
| Praslin     | Network Total | Services Total        |        1967 |        1010 |           1009 |            1566 |
| GRAND TOTAL | Network Total | Services Total        |       26771 |       16703 |          16643 |           22088 |
+-------------+---------------+-----------------------+-------------+-------------+----------------+-----------------+
43 rows in set (0.00 sec)

Query OK, 0 rows affected (0.01 sec)

Query OK, 25966 rows affected (0.54 sec)
Records: 25966  Duplicates: 0  Warnings: 0

Query OK, 0 rows affected (0.21 sec)

Query OK, 1612 rows affected (8.51 sec)
Records: 1612  Duplicates: 0  Warnings: 0

+--------------------------------------+
| message                              |
+--------------------------------------+
| running rcbill_my.sp_ActiveNumber2() |
+--------------------------------------+
1 row in set (0.00 sec)

Query OK, 169 rows affected (2 min 50.00 sec)

mysql> mysql \. C:\workspace\cloud\code\sql\_DailyScript\currenttime.sql
+---------------------+
| currenttime         |
+---------------------+
| 2019-06-19 09:46:44 |
+---------------------+
1 row in set (0.00 sec)

mysql> 
mysql> mysql \. C:\workspace\cloud\code\sql\_DailyScript\GetActiveNumbers Average -Pivot.sql
Database changed
+-------------------------------------+
| @today := subdate(current_date(),1) |
+-------------------------------------+
| 2019-06-18                          |
+-------------------------------------+
1 row in set (0.00 sec)

+-------------------------------------+
| @lastdayofmonth := last_day(@today) |
+-------------------------------------+
| 2019-06-30                          |
+-------------------------------------+
1 row in set (0.00 sec)

Query OK, 0 rows affected (0.03 sec)

Query OK, 30299 rows affected, 63154 warnings (56.37 sec)
Records: 30299  Duplicates: 0  Warnings: 63154

Query OK, 0 rows affected (0.09 sec)
Records: 0  Duplicates: 0  Warnings: 0

Query OK, 0 rows affected (0.12 sec)
Records: 0  Duplicates: 0  Warnings: 0

Query OK, 0 rows affected (0.09 sec)
Records: 0  Duplicates: 0  Warnings: 0

+-----------------+
| activenumberavg |
+-----------------+
|           30299 |
+-----------------+
1 row in set (0.01 sec)

Query OK, 0 rows affected (0.01 sec)

Query OK, 1747 rows affected (0.46 sec)
Records: 1747  Duplicates: 0  Warnings: 0

+---------------------+
| rep_activenumberavg |
+---------------------+
|                1747 |
+---------------------+
1 row in set (0.00 sec)

+----------------------+
| rep_activenumberavg1 |
+----------------------+
|                  829 |
+----------------------+
1 row in set (0.00 sec)

Query OK, 0 rows affected (0.01 sec)

Query OK, 1536 rows affected (0.36 sec)
Records: 1536  Duplicates: 0  Warnings: 0

Query OK, 0 rows affected (0.00 sec)

Query OK, 7773 rows affected (0.64 sec)
Records: 7773  Duplicates: 0  Warnings: 0

Query OK, 0 rows affected (0.00 sec)

Query OK, 0 rows affected (0.00 sec)

Query OK, 0 rows affected (0.00 sec)

Query OK, 0 rows affected (0.00 sec)

Query OK, 0 rows affected (0.00 sec)
Statement prepared

Query OK, 53 rows affected (0.03 sec)
Records: 53  Duplicates: 0  Warnings: 0

Query OK, 0 rows affected (0.00 sec)

Query OK, 0 rows affected (0.00 sec)

+----------------------+
| rep_activenumberavg2 |
+----------------------+
|                 1536 |
+----------------------+
1 row in set (0.00 sec)

+------------------------+
| rep_activenumberavg_pv |
+------------------------+
|                     53 |
+------------------------+
1 row in set (0.00 sec)

Query OK, 0 rows affected (0.00 sec)

Query OK, 1536 rows affected (0.31 sec)
Records: 1536  Duplicates: 0  Warnings: 0

Query OK, 0 rows affected (0.00 sec)

Query OK, 0 rows affected (0.00 sec)

Query OK, 0 rows affected (0.00 sec)

Query OK, 0 rows affected (0.00 sec)

Query OK, 0 rows affected (0.00 sec)
Statement prepared

Query OK, 53 rows affected (0.03 sec)
Records: 53  Duplicates: 0  Warnings: 0

Query OK, 0 rows affected (0.00 sec)

Query OK, 0 rows affected (0.00 sec)

+-------------------------+
| rep_activenumberavgMahe |
+-------------------------+
|                    1536 |
+-------------------------+
1 row in set (0.00 sec)

+----------------------------+
| rep_activenumberavgMahe_pv |
+----------------------------+
|                         53 |
+----------------------------+
1 row in set (0.00 sec)

Query OK, 0 rows affected (0.00 sec)

Query OK, 986 rows affected (0.14 sec)
Records: 986  Duplicates: 0  Warnings: 0

Query OK, 0 rows affected (0.00 sec)

Query OK, 0 rows affected (0.00 sec)

Query OK, 0 rows affected (0.00 sec)

Query OK, 0 rows affected (0.00 sec)

Query OK, 0 rows affected (0.00 sec)
Statement prepared

Query OK, 38 rows affected (0.02 sec)
Records: 38  Duplicates: 0  Warnings: 0

Query OK, 0 rows affected (0.00 sec)

Query OK, 0 rows affected (0.00 sec)

+----------------------------+
| rep_activenumberavgPraslin |
+----------------------------+
|                        986 |
+----------------------------+
1 row in set (0.00 sec)

+-------------------------------+
| rep_activenumberavgPraslin_pv |
+-------------------------------+
|                            38 |
+-------------------------------+
1 row in set (0.00 sec)

mysql> mysql \. C:\workspace\cloud\code\sql\_DailyScript\currenttime.sql
+---------------------+
| currenttime         |
+---------------------+
| 2019-06-19 09:47:43 |
+---------------------+
1 row in set (0.00 sec)

mysql> 
mysql> mysql \. C:\workspace\cloud\code\sql\_DailyScript\budget_actual_analysis_2019.sql
Query OK, 0 rows affected (0.01 sec)

Query OK, 558 rows affected, 3 warnings (0.29 sec)
Records: 558  Duplicates: 0  Warnings: 3

+--------------------+
| budget_actual_2019 |
+--------------------+
|                558 |
+--------------------+
1 row in set (0.00 sec)

Query OK, 0 rows affected (0.00 sec)

Query OK, 48 rows affected (0.04 sec)
Records: 48  Duplicates: 0  Warnings: 0

+---------------------------+
| rep_budget_actual_2019_pv |
+---------------------------+
|                        48 |
+---------------------------+
1 row in set (0.00 sec)

mysql> mysql \. C:\workspace\cloud\code\sql\_DailyScript\currenttime.sql
+---------------------+
| currenttime         |
+---------------------+
| 2019-06-19 09:47:43 |
+---------------------+
1 row in set (0.00 sec)

mysql> 
mysql> mysql \. C:\workspace\cloud\code\sql\_DailyScript\reports-sales-addons-prepaid-camera.sql
Database changed
Query OK, 0 rows affected (0.00 sec)

Query OK, 3661 rows affected (0.27 sec)
Records: 3661  Duplicates: 0  Warnings: 0

Query OK, 0 rows affected (0.01 sec)

Query OK, 15956 rows affected (26.59 sec)
Records: 15956  Duplicates: 0  Warnings: 0

+--------------------+
| rep_prepaid_camera |
+--------------------+
|               3661 |
+--------------------+
1 row in set (0.01 sec)

+-----------+
| rep_addon |
+-----------+
|     15956 |
+-----------+
1 row in set (0.01 sec)

mysql> mysql \. C:\workspace\cloud\code\sql\_DailyScript\currenttime.sql
+---------------------+
| currenttime         |
+---------------------+
| 2019-06-19 09:48:10 |
+---------------------+
1 row in set (0.00 sec)

mysql> 
mysql> mysql \. C:\workspace\cloud\code\sql\_DailyScript\housing-estate-analysis.sql
Database changed
Query OK, 0 rows affected (0.02 sec)

Query OK, 2831 rows affected (27.52 sec)
Records: 2831  Duplicates: 0  Warnings: 0

+--------------------+
| rep_housingestates |
+--------------------+
|               2831 |
+--------------------+
1 row in set (0.00 sec)

mysql> mysql \. C:\workspace\cloud\code\sql\_DailyScript\currenttime.sql
+---------------------+
| currenttime         |
+---------------------+
| 2019-06-19 09:48:37 |
+---------------------+
1 row in set (0.00 sec)

mysql> 
mysql> mysql \. C:\workspace\cloud\code\sql\_DailyScript\RCB_ClientAnalyticsReport_Script.sql
Database changed
Query OK, 0 rows affected (0.00 sec)

Query OK, 0 rows affected (0.08 sec)

Query OK, 1684147 rows affected (1 min 34.83 sec)
Records: 1684147  Duplicates: 0  Warnings: 0

Query OK, 0 rows affected (14.29 sec)
Records: 0  Duplicates: 0  Warnings: 0

Query OK, 0 rows affected (6.68 sec)
Records: 0  Duplicates: 0  Warnings: 0

Query OK, 0 rows affected (10.94 sec)
Records: 0  Duplicates: 0  Warnings: 0

Query OK, 0 rows affected (11.95 sec)
Records: 0  Duplicates: 0  Warnings: 0

Query OK, 0 rows affected (10.54 sec)
Records: 0  Duplicates: 0  Warnings: 0

Query OK, 0 rows affected (8.84 sec)
Records: 0  Duplicates: 0  Warnings: 0

Query OK, 0 rows affected (0.00 sec)

Query OK, 441053 rows affected (16.95 sec)
Rows matched: 1684147  Changed: 441053  Warnings: 0

Query OK, 0 rows affected (0.01 sec)

Query OK, 26867 rows affected (4.95 sec)
Records: 26867  Duplicates: 0  Warnings: 0

Query OK, 0 rows affected (0.05 sec)

Query OK, 42329 rows affected (12 min 57.83 sec)
Records: 42329  Duplicates: 0  Warnings: 0

Query OK, 0 rows affected (0.20 sec)
Records: 0  Duplicates: 0  Warnings: 0

Query OK, 0 rows affected (0.19 sec)
Records: 0  Duplicates: 0  Warnings: 0

Query OK, 0 rows affected (0.12 sec)
Records: 0  Duplicates: 0  Warnings: 0

Query OK, 0 rows affected (0.03 sec)

Query OK, 415024 rows affected (13 min 37.76 sec)
Records: 415024  Duplicates: 0  Warnings: 0

Query OK, 0 rows affected (2.50 sec)
Records: 0  Duplicates: 0  Warnings: 0

Query OK, 0 rows affected (1.97 sec)
Records: 0  Duplicates: 0  Warnings: 0

Query OK, 0 rows affected (1.00 sec)
Records: 0  Duplicates: 0  Warnings: 0

Query OK, 0 rows affected (2.09 sec)
Records: 0  Duplicates: 0  Warnings: 0

Query OK, 0 rows affected (1.78 sec)
Records: 0  Duplicates: 0  Warnings: 0

Query OK, 0 rows affected (0.01 sec)

Query OK, 42329 rows affected (1 min 43.48 sec)
Records: 42329  Duplicates: 0  Warnings: 0

+--------------+
| clientreport |
+--------------+
|        42329 |
+--------------+
1 row in set (0.02 sec)

Query OK, 0 rows affected (0.01 sec)

Query OK, 42329 rows affected (8.11 sec)
Records: 42329  Duplicates: 0  Warnings: 0

+----------------------+
| clientextendedreport |
+----------------------+
|                42329 |
+----------------------+
1 row in set (0.02 sec)

Query OK, 0 rows affected (0.01 sec)

Query OK, 42329 rows affected (1 min 54.06 sec)
Records: 42329  Duplicates: 0  Warnings: 0

+---------+
| allcust |
+---------+
|   42329 |
+---------+
1 row in set (0.02 sec)

Query OK, 0 rows affected, 1 warning (0.00 sec)

Query OK, 5000 rows affected (0.32 sec)
Records: 5000  Duplicates: 0  Warnings: 0

Query OK, 0 rows affected (0.02 sec)

Query OK, 6958 rows affected (0.48 sec)
Records: 6958  Duplicates: 0  Warnings: 0

Query OK, 0 rows affected, 1 warning (0.00 sec)

Query OK, 5000 rows affected (0.17 sec)
Records: 5000  Duplicates: 0  Warnings: 0

Query OK, 0 rows affected (0.01 sec)

Query OK, 7356 rows affected (0.22 sec)
Records: 7356  Duplicates: 0  Warnings: 0

mysql> mysql \. C:\workspace\cloud\code\sql\_DailyScript\currenttime.sql
+---------------------+
| currenttime         |
+---------------------+
| 2019-06-19 10:22:10 |
+---------------------+
1 row in set (0.00 sec)

mysql> 
mysql> mysql \. C:\workspace\cloud\code\sql\_DailyScript\REVENUE_PER_NODE_MXK.sql
Query OK, 0 rows affected (0.01 sec)

Query OK, 0 rows affected (0.01 sec)

Query OK, 0 rows affected (0.01 sec)

Query OK, 5043 rows affected (0.55 sec)
Records: 5043  Duplicates: 0  Warnings: 0

+----------------------+
| message              |
+----------------------+
| created temp table a |
+----------------------+
1 row in set (0.00 sec)

Query OK, 3224 rows affected (1.14 sec)
Records: 3224  Duplicates: 0  Warnings: 0

+----------------------+
| message              |
+----------------------+
| created temp table b |
+----------------------+
1 row in set (0.00 sec)

Query OK, 0 rows affected, 1 warning (0.00 sec)

Query OK, 5182 rows affected (7.20 sec)
Records: 5182  Duplicates: 0  Warnings: 0

+--------------------------------+
| message                        |
+--------------------------------+
| created rcbill_my.tempcustmxk1 |
+--------------------------------+
1 row in set (0.00 sec)

Query OK, 0 rows affected (0.00 sec)

Query OK, 0 rows affected (0.00 sec)

Query OK, 0 rows affected, 1 warning (0.00 sec)

Query OK, 5043 rows affected (0.21 sec)
Records: 5043  Duplicates: 0  Warnings: 0

+----------------+
| message        |
+----------------+
| created temp a |
+----------------+
1 row in set (0.00 sec)

Query OK, 3224 rows affected (0.35 sec)
Records: 3224  Duplicates: 0  Warnings: 0

+----------------+
| message        |
+----------------+
| created temp b |
+----------------+
1 row in set (0.00 sec)

Query OK, 0 rows affected, 1 warning (0.00 sec)

Query OK, 3314 rows affected (4.71 sec)
Records: 3314  Duplicates: 0  Warnings: 0

+--------------------------------+
| message                        |
+--------------------------------+
| created rcbill_my.tempcustmxk2 |
+--------------------------------+
1 row in set (0.00 sec)

Query OK, 0 rows affected (0.00 sec)

Query OK, 0 rows affected (0.00 sec)

Query OK, 0 rows affected, 1 warning (0.00 sec)

Query OK, 0 rows affected (0.01 sec)

Query OK, 5431 rows affected (0.28 sec)
Records: 5431  Duplicates: 0  Warnings: 0

+---------------------------------+
| message                         |
+---------------------------------+
| created rcbill_my.customers_mxk |
+---------------------------------+
1 row in set (0.00 sec)

Query OK, 0 rows affected (0.00 sec)

Query OK, 0 rows affected (0.00 sec)

Query OK, 19528 rows affected (0.39 sec)
Records: 19528  Duplicates: 0  Warnings: 0

+----------------+
| message        |
+----------------+
| created temp a |
+----------------+
1 row in set (0.00 sec)

Query OK, 21440 rows affected (2.93 sec)
Records: 21440  Duplicates: 0  Warnings: 0

+----------------+
| message        |
+----------------+
| created temp c |
+----------------+
1 row in set (0.00 sec)

Query OK, 0 rows affected, 1 warning (0.00 sec)

Query OK, 34605 rows affected (0.57 sec)
Records: 34605  Duplicates: 0  Warnings: 0

+---------------------------------+
| message                         |
+---------------------------------+
| created rcbill_my.tempcustcmts1 |
+---------------------------------+
1 row in set (0.00 sec)

Query OK, 0 rows affected (0.00 sec)

Query OK, 0 rows affected, 1 warning (0.00 sec)

Query OK, 0 rows affected (0.01 sec)

Query OK, 19528 rows affected (0.44 sec)
Records: 19528  Duplicates: 0  Warnings: 0

+----------------+
| message        |
+----------------+
| created temp a |
+----------------+
1 row in set (0.00 sec)

Query OK, 21440 rows affected (1.19 sec)
Records: 21440  Duplicates: 0  Warnings: 0

+----------------+
| message        |
+----------------+
| created temp c |
+----------------+
1 row in set (0.00 sec)

Query OK, 0 rows affected, 1 warning (0.00 sec)

Query OK, 22691 rows affected (0.40 sec)
Records: 22691  Duplicates: 0  Warnings: 0

+---------------------------------+
| message                         |
+---------------------------------+
| created rcbill_my.tempcustcmts2 |
+---------------------------------+
1 row in set (0.00 sec)

Query OK, 0 rows affected (0.01 sec)

Query OK, 0 rows affected, 1 warning (0.00 sec)

Query OK, 0 rows affected (0.01 sec)

Query OK, 0 rows affected (0.00 sec)

Query OK, 19572 rows affected (1.50 sec)
Records: 19572  Duplicates: 0  Warnings: 0

+----------------------------------+
| message                          |
+----------------------------------+
| created rcbill_my.customers_cmts |
+----------------------------------+
1 row in set (0.00 sec)

Query OK, 0 rows affected (0.01 sec)

Query OK, 0 rows affected (0.00 sec)

Query OK, 0 rows affected (0.01 sec)

Query OK, 25003 rows affected (1.42 sec)
Records: 25003  Duplicates: 0  Warnings: 0

+--------------------------------------+
| message                              |
+--------------------------------------+
| created rcbill_my.customers_cmts_mxk |
+--------------------------------------+
1 row in set (0.00 sec)

Query OK, 437561 rows affected (28.09 sec)
Records: 437561  Duplicates: 0  Warnings: 0

+----------------+
| message        |
+----------------+
| created temp a |
+----------------+
1 row in set (0.00 sec)

Query OK, 0 rows affected (0.02 sec)

Query OK, 438985 rows affected (14.43 sec)
Records: 438985  Duplicates: 0  Warnings: 0

+------------------------------------------------+
| message                                        |
+------------------------------------------------+
| created rcbill_my.customers_contracts_cmts_mxk |
+------------------------------------------------+
1 row in set (0.00 sec)

Query OK, 0 rows affected (0.01 sec)

Query OK, 0 rows affected, 1 warning (0.00 sec)

Query OK, 0 rows affected, 1 warning (0.00 sec)

Query OK, 0 rows affected (0.00 sec)

Query OK, 6801 rows affected (4.26 sec)
Rows matched: 6801  Changed: 6801  Warnings: 0

+------------------------------------------------+
| message                                        |
+------------------------------------------------+
| updated rcbill_my.customers_contracts_cmts_mxk |
+------------------------------------------------+
1 row in set (0.00 sec)

Query OK, 0 rows affected (0.02 sec)

Query OK, 1639536 rows affected (4 min 58.17 sec)
Records: 1639536  Duplicates: 0  Warnings: 0

+----------------------------------------+
| message                                |
+----------------------------------------+
| created rcbill_my.customers_collection |
+----------------------------------------+
1 row in set (0.00 sec)

Query OK, 0 rows affected (0.04 sec)

Query OK, 1893084 rows affected (2 min 25.13 sec)
Records: 1893084  Duplicates: 0  Warnings: 0

+------------------------------------------------+
| message                                        |
+------------------------------------------------+
| created rcbill_my.customers_cmts_mxk_cont_coll |
+------------------------------------------------+
1 row in set (0.00 sec)

Query OK, 0 rows affected (0.01 sec)

Query OK, 36852 rows affected (10.92 sec)
Records: 36852  Duplicates: 0  Warnings: 0

+------------------------------------------------------------+
| message                                                    |
+------------------------------------------------------------+
| created rcbill_my.customers_contracts_collection_pivot2019 |
+------------------------------------------------------------+
1 row in set (0.00 sec)

Query OK, 0 rows affected (0.01 sec)

Query OK, 19115 rows affected (7.72 sec)
Records: 19115  Duplicates: 0  Warnings: 0

+--------------------------------------------------+
| message                                          |
+--------------------------------------------------+
| created rcbill_my.customers_collection_pivot2019 |
+--------------------------------------------------+
1 row in set (0.00 sec)

Query OK, 0 rows affected (0.05 sec)

Query OK, 42329 rows affected (1.66 sec)
Records: 42329  Duplicates: 0  Warnings: 0

+------------------------------------------------+
| message                                        |
+------------------------------------------------+
| created rcbill_my.rep_customers_collection2019 |
+------------------------------------------------+
1 row in set (0.01 sec)

Query OK, 0 rows affected (0.00 sec)

Query OK, 0 rows affected, 1 warning (0.00 sec)

Query OK, 408986 rows affected (20.95 sec)
Records: 408986  Duplicates: 0  Warnings: 0

+-------------------------+
| message                 |
+-------------------------+
| created rcbill_my.tempa |
+-------------------------+
1 row in set (0.00 sec)

Query OK, 0 rows affected, 1 warning (0.00 sec)

Query OK, 86187 rows affected (12.95 sec)
Records: 86187  Duplicates: 0  Warnings: 0

+-------------------------+
| message                 |
+-------------------------+
| created rcbill_my.tempb |
+-------------------------+
1 row in set (0.00 sec)

Query OK, 408986 rows affected (12.02 sec)
Records: 408986  Duplicates: 0  Warnings: 0

+-----------+
| message   |
+-----------+
| created a |
+-----------+
1 row in set (0.00 sec)

Query OK, 86284 rows affected (7.76 sec)
Records: 86284  Duplicates: 0  Warnings: 0

+-----------+
| message   |
+-----------+
| created b |
+-----------+
1 row in set (0.00 sec)

Query OK, 0 rows affected (0.10 sec)

Query OK, 0 rows affected (0.01 sec)

Query OK, 0 rows affected (0.01 sec)

Query OK, 411741 rows affected (28.59 sec)
Records: 411741  Duplicates: 0  Warnings: 0

+----------------------------------------------+
| message                                      |
+----------------------------------------------+
| created rcbill_my.cust_cont_payment_cmts_mxk |
+----------------------------------------------+
1 row in set (0.00 sec)

Query OK, 0 rows affected (0.01 sec)

Query OK, 0 rows affected (0.00 sec)

Query OK, 0 rows affected, 1 warning (0.00 sec)

Query OK, 0 rows affected (0.04 sec)

Query OK, 42329 rows affected (12.04 sec)
Records: 42329  Duplicates: 0  Warnings: 0

+--------------------------------------------------+
| message                                          |
+--------------------------------------------------+
| created rcbill_my.rep_cust_cont_payment_cmts_mxk |
+--------------------------------------------------+
1 row in set (0.00 sec)

Query OK, 0 rows affected, 1 warning (0.00 sec)

Query OK, 0 rows affected, 1 warning (0.00 sec)

Query OK, 0 rows affected (0.01 sec)

Query OK, 38304 rows affected, 5 warnings (4.88 sec)
Records: 38304  Duplicates: 0  Warnings: 5

+----------------------+
| rep_custconsolidated |
+----------------------+
|                38304 |
+----------------------+
1 row in set (0.03 sec)

Query OK, 0 rows affected (0.00 sec)

Query OK, 0 rows affected (0.01 sec)

+----------------------------------------------+
| message                                      |
+----------------------------------------------+
| creating rcbill_my.retentioncustomeractivity |
+----------------------------------------------+
1 row in set (0.00 sec)

Query OK, 634 rows affected (0.09 sec)
Records: 634  Duplicates: 0  Warnings: 0

+---------------------------+
| retentioncustomeractivity |
+---------------------------+
|                       634 |
+---------------------------+
1 row in set (0.00 sec)

+-----------+------------------------------------+------------+-------------+-----------------+------------------+---------------------+-------------------+
| HFC_NODE  | NODENAME                           | CMTS_DATE  | INSERTED_ON | UNIQUE_ACCOUNTS | UNIQUE_CONTRACTS | UNIQUE_MAC_INRCBOSS | UNIQUE_MAC_INCMTS |
+-----------+------------------------------------+------------+-------------+-----------------+------------------+---------------------+-------------------+
| NULL      | NULL                               | NULL       | 2019-06-19  |           10569 |            11273 |               11387 |                 0 |
| C5/0/0/U0 | ANSE-BOILEAU-2                     | 2019-06-03 | 2019-06-19  |             165 |              172 |                 165 |               166 |
| C5/0/0/U1 | 500-C3-ANSE-BOILEAU                | 2019-06-03 | 2019-06-19  |             172 |              176 |                 172 |               173 |
| C5/0/1/U0 | 501-C4-LA-MISIERE-LEFT-I           | 2019-06-03 | 2019-06-19  |             199 |              208 |                 198 |               199 |
| C5/0/1/U1 | 501-C5-LA-MISIERE-RIGHT            | 2019-06-03 | 2019-06-19  |             106 |              110 |                 106 |               106 |
| C5/0/1/U2 | 501-C7-LA-MISIERE-LEFT-II          | 2019-06-03 | 2019-06-19  |              99 |              103 |                  99 |                99 |
| C5/0/2/U0 | 502-C8-LA-LOUISE                   | 2019-06-03 | 2019-06-19  |             145 |              146 |                 145 |               145 |
| C5/0/2/U1 | LA-LOUISE-2                        | 2019-06-03 | 2019-06-19  |             147 |              152 |                 147 |               149 |
| C5/0/3/U0 | 504-C6-PETIT-PARIS                 | 2019-06-03 | 2019-06-19  |             161 |              164 |                 161 |               161 |
| C5/0/3/U1 | PETIT-PARIS-23                     | 2019-06-03 | 2019-06-19  |              80 |               83 |                  80 |                81 |
| C5/0/4/U0 | FOUR-SEASONS                       | 2019-06-03 | 2019-06-19  |               6 |               19 |                  19 |                19 |
| C5/0/4/U1 | ANCHOR-CAFE-I                      | 2019-06-03 | 2019-06-19  |             142 |              146 |                 142 |               142 |
| C5/0/4/U2 | ANCHOR-CAFE-II                     | 2019-06-03 | 2019-06-19  |             147 |              150 |                 147 |               149 |
| C5/1/0/U0 | POINTE-LARUE-AIRPORT-23            | 2019-06-03 | 2019-06-19  |             104 |              113 |                 105 |               108 |
| C5/1/0/U1 | PPROVIDENCE-23                     | 2019-06-03 | 2019-06-19  |              29 |               33 |                  30 |                30 |
| C5/1/0/U2 | ROSHE-CAIMAN-23                    | 2019-06-03 | 2019-06-19  |              12 |               13 |                  12 |                12 |
| C5/1/0/U3 | HEAD-OFFICE | HO-23                | 2019-06-03 | 2019-06-19  |              26 |               27 |                  28 |                28 |
| C5/1/1/U1 | C5-UNION-VALE                      | 2019-06-03 | 2019-06-19  |             197 |              204 |                 196 |               197 |
| C5/1/3/U0 | POINTE-LARUE-AIRPORT-27            | 2019-06-03 | 2019-06-19  |             131 |              134 |                 131 |               131 |
| C5/1/3/U1 | PPROVIDENCE-27                     | 2019-06-03 | 2019-06-19  |              36 |               37 |                  36 |                36 |
| C5/1/3/U2 | ROSHE-CAIMAN-27                    | 2019-06-03 | 2019-06-19  |              22 |               22 |                  22 |                22 |
| C5/1/3/U3 | HEAD-OFFICE | HO-27                | 2019-06-03 | 2019-06-19  |              21 |               22 |                  21 |                22 |
| C5/1/4/U0 | ANSE-ROYALE-27                     | 2019-06-03 | 2019-06-19  |             179 |              187 |                 180 |               182 |
| C5/1/4/U1 | GLACIS-2-57                        | 2019-06-03 | 2019-06-19  |             125 |              133 |                 125 |               126 |
| C5/1/4/U3 | GLACIS-1                           | 2019-06-03 | 2019-06-19  |              68 |               70 |                  68 |                69 |
| C6/0/1/U0 | SERRET-ROAD-RIGHT/CURIO/PASCAL     | 2019-06-03 | 2019-06-19  |             121 |              122 |                 121 |               122 |
| C6/0/1/U1 | SERRET-ROAD-LEFT/ST.LOUIS/TOWN     | 2019-06-03 | 2019-06-19  |             107 |              114 |                 107 |               107 |
| C6/0/1/U2 | SERRET-ROAD-RIGHT/CURIO/PASCAL-2   | 2019-06-03 | 2019-06-19  |             127 |              133 |                 127 |               127 |
| C6/0/1/U3 | SERRET-ROAD-LEFT/ST.LOUIS/TOWN-2   | 2019-06-03 | 2019-06-19  |             188 |              195 |                 188 |               189 |
| C6/0/2/U0 | SANS-SOUCIS-I                      | 2019-06-03 | 2019-06-19  |             119 |              123 |                 119 |               119 |
| C6/0/2/U1 | SANS-SOUCIS-II                     | 2019-06-03 | 2019-06-19  |             117 |              122 |                 116 |               116 |
| C6/0/2/U2 | BEL-AIR-27                         | 2019-06-03 | 2019-06-19  |             118 |              124 |                 118 |               119 |
| C6/0/2/U3 | BEL-AIR-38                         | 2019-06-03 | 2019-06-19  |              90 |               93 |                  90 |                91 |
| C6/0/3/U0 | LES-MAMELLES-23                    | 2019-06-03 | 2019-06-19  |              61 |               61 |                  61 |                62 |
| C6/0/3/U1 | VICTORIA-23                        | 2019-06-03 | 2019-06-19  |              23 |               25 |                  23 |                24 |
| C6/0/4/U0 | LES-MAMELLES-27                    | 2019-06-03 | 2019-06-19  |              96 |               97 |                  96 |                96 |
| C6/0/4/U1 | VICTORIA-27                        | 2019-06-03 | 2019-06-19  |              29 |               35 |                  32 |                33 |
| C7/1/0/U0 | LA-RETRAITE-23                     | 2019-06-03 | 2019-06-19  |              96 |               99 |                  96 |                96 |
| C7/1/0/U1 | TEA-FACTORY-23                     | 2019-06-03 | 2019-06-19  |              19 |               22 |                  19 |                19 |
| C7/1/0/U2 | PAS-23                             | 2019-06-03 | 2019-06-19  |              90 |               96 |                  90 |                90 |
| C7/1/1/U0 | REEF-ESTATE-23                     | 2019-06-03 | 2019-06-19  |              92 |               94 |                  93 |                93 |
| C7/1/1/U1 | BEL-OMBRE-NEW-23                   | 2019-06-03 | 2019-06-19  |              30 |               31 |                  32 |                33 |
| C7/1/2/U0 | LA-RETRAITE-27                     | 2019-06-03 | 2019-06-19  |             138 |              147 |                 138 |               138 |
| C7/1/2/U1 | TEA-FACTORY-27                     | 2019-06-03 | 2019-06-19  |              29 |               34 |                  32 |                32 |
| C7/1/2/U2 | PAS-27                             | 2019-06-03 | 2019-06-19  |             118 |              122 |                 118 |               118 |
| C7/1/3/U0 | MT-BUXTON-27                       | 2019-06-03 | 2019-06-19  |             161 |              165 |                 161 |               162 |
| C7/1/3/U1 | MT-BUXTON-23                       | 2019-06-03 | 2019-06-19  |              62 |               64 |                  61 |                62 |
| C7/1/4/U0 | REEF-ESTATE-27                     | 2019-06-03 | 2019-06-19  |              66 |               67 |                  66 |                66 |
| C7/1/4/U1 | BEL-OMBRE-NEW-27                   | 2019-06-03 | 2019-06-19  |              15 |               17 |                  16 |                16 |
| C8/0/0/U0 | POLICE-ACADEMY-1-27 - POINTE LARUE | 2019-06-03 | 2019-06-19  |             193 |              199 |                 193 |               194 |
| C8/0/0/U1 | NULL                               | 2019-06-03 | 2019-06-19  |             107 |              110 |                 107 |               109 |
| C8/0/1/U0 | NULL                               | 2019-06-03 | 2019-06-19  |             167 |              170 |                 167 |               168 |
| C8/0/1/U1 | POLICE-ACADEMY-2-27 - TURTLE BAY   | 2019-06-03 | 2019-06-19  |             152 |              158 |                 153 |               154 |
| C8/0/2/U0 | BEAU-VALLON-LEFT-1-57              | 2019-06-03 | 2019-06-19  |              98 |              103 |                  97 |                97 |
| C8/0/3/U1 | BEAU-VALLON-RIGHT-2-57             | 2019-06-03 | 2019-06-19  |             192 |              201 |                 192 |               193 |
| C8/1/0/U0 | MA-JOIE-NODE-27                    | 2019-06-03 | 2019-06-19  |             158 |              165 |                 158 |               160 |
| C8/1/0/U1 | BELONIE-27                         | 2019-06-03 | 2019-06-19  |             141 |              145 |                 139 |               140 |
| C8/1/0/U3 | MA-JOIE-NODE-23                    | 2019-06-03 | 2019-06-19  |              80 |               80 |                  80 |                80 |
| C8/1/1/U0 | 611-C1-ROJN I                      | 2019-06-03 | 2019-06-19  |             161 |              168 |                 161 |               164 |
| C8/1/1/U1 | 611-C5-ROJN II                     | 2019-06-03 | 2019-06-19  |              81 |               84 |                  81 |                81 |
| C8/1/2/U0 | 612-C2-ANSE-ETOILE                 | 2019-06-03 | 2019-06-19  |             204 |              215 |                 202 |               202 |
| C8/1/2/U1 | ANSE-ETOILE-U2                     | 2019-06-03 | 2019-06-19  |              85 |               85 |                  85 |                85 |
| C8/1/3/U0 | 613-C3-ANSE-GAULETTE I             | 2019-06-03 | 2019-06-19  |              71 |               79 |                  71 |                71 |
| C8/1/3/U1 | 613-C7-ANSE-GAULETTE II            | 2019-06-03 | 2019-06-19  |              65 |               70 |                  65 |                67 |
| C8/1/3/U2 | 613-C3-ANSE-GAULETTE III           | 2019-06-03 | 2019-06-19  |              33 |               35 |                  33 |                34 |
| C8/1/3/U3 | TAKAMAKA I                         | 2019-06-03 | 2019-06-19  |              95 |               98 |                  95 |                95 |
| C8/1/3/U4 | TAKAMAKA II                        | 2019-06-03 | 2019-06-19  |             105 |              106 |                 105 |               105 |
| C8/1/4/U0 | 614-BEOLIERE-NODE-1                | 2019-06-03 | 2019-06-19  |              86 |               90 |                  86 |                87 |
| C8/1/4/U1 | 614-BEOLIERE-NODE-2                | 2019-06-03 | 2019-06-19  |             137 |              144 |                 137 |               138 |
+-----------+------------------------------------+------------+-------------+-----------------+------------------+---------------------+-------------------+
69 rows in set (0.50 sec)

+------------------+------------+-------------+-----------------+------------------+----------------------+-------------------+
| MXK_NAME         | MXK_DATE   | INSERTED_ON | UNIQUE_ACCOUNTS | UNIQUE_CONTRACTS | UNIQUE_FSAN_INRCBOSS | UNIQUE_FSAN_INMXK |
+------------------+------------+-------------+-----------------+------------------+----------------------+-------------------+
| NULL             | NULL       | 2019-06-19  |            2031 |             2099 |                 2083 |                 0 |
| MXK-ANSEETOILE   | 2019-06-03 | 2019-06-19  |              84 |               85 |                   85 |                90 |
| MXK-ANSEROYALE   | 2019-06-03 | 2019-06-19  |             126 |              127 |                  127 |               141 |
| MXK-BEAUVALLON   | 2019-06-03 | 2019-06-19  |             973 |              986 |                  979 |              1016 |
| MXK-MAHE         | 2019-06-03 | 2019-06-19  |             839 |              867 |                  808 |               938 |
| MXK-PERSEVERANCE | 2019-06-03 | 2019-06-19  |             904 |              917 |                  910 |               946 |
+------------------+------------+-------------+-----------------+------------------+----------------------+-------------------+
6 rows in set (0.06 sec)

mysql> mysql \. C:\workspace\cloud\code\sql\_DailyScript\currenttime.sql
+---------------------+
| currenttime         |
+---------------------+
| 2019-06-19 10:32:44 |
+---------------------+
1 row in set (0.00 sec)

mysql> 
mysql> mysql \. C:\workspace\cloud\code\sql\Analysis\service_tickets_assignments.sql
Query OK, 0 rows affected (0.01 sec)

Query OK, 44563 rows affected (10.59 sec)
Records: 44563  Duplicates: 0  Warnings: 0

+-------------------------+
| rep_servicetickets_2019 |
+-------------------------+
|                   44563 |
+-------------------------+
1 row in set (0.05 sec)

mysql> mysql \. C:\workspace\cloud\code\sql\_DailyScript\currenttime.sql
+---------------------+
| currenttime         |
+---------------------+
| 2019-06-19 10:32:55 |
+---------------------+
1 row in set (0.00 sec)

mysql> 
mysql> 
mysql> 
mysql> 
mysql> exit
