    -> 
    -> mysql \. C:\workspace\cloud\code\sql\_DailyScript\_setdates.sql
Database changed
Query OK, 0 rows affected (0.00 sec)

Query OK, 0 rows affected (0.00 sec)

Query OK, 0 rows affected (0.00 sec)

Query OK, 0 rows affected (0.00 sec)

Query OK, 0 rows affected (0.00 sec)

Query OK, 0 rows affected (0.00 sec)

Query OK, 0 rows affected (0.00 sec)

Query OK, 0 rows affected (0.00 sec)

Query OK, 0 rows affected (0.00 sec)

Query OK, 0 rows affected (0.00 sec)

Query OK, 0 rows affected (0.00 sec)

Query OK, 0 rows affected (0.00 sec)

Query OK, 0 rows affected (0.00 sec)

Query OK, 0 rows affected (0.00 sec)

Query OK, 0 rows affected (0.00 sec)

Query OK, 0 rows affected (0.00 sec)

Query OK, 0 rows affected (0.00 sec)

Query OK, 0 rows affected (0.00 sec)

Query OK, 0 rows affected (0.00 sec)

Query OK, 0 rows affected (0.00 sec)

Query OK, 0 rows affected (0.00 sec)

mysql> mysql \. C:\workspace\cloud\code\sql\_DailyScript\currenttime.sql
+---------------------+
| currenttime         |
+---------------------+
| 2021-03-02 06:19:49 |
+---------------------+
1 row in set (0.00 sec)

mysql> 
mysql> mysql \. C:\workspace\cloud\code\sql\_DailyScript\load_RCB_VODTITLES.sql
Database changed
Query OK, 0 rows affected (0.00 sec)

Query OK, 14004 rows affected (0.13 sec)

Query OK, 14031 rows affected, 14031 warnings (0.28 sec)
Records: 14031  Deleted: 0  Skipped: 0  Warnings: 14031

Query OK, 0 rows affected (0.00 sec)

Query OK, 2 rows affected (0.01 sec)

+-----------+
| VODTITLES |
+-----------+
|     14489 |
+-----------+
1 row in set (0.01 sec)

+-----------+-----------+
| titletype | typecount |
+-----------+-----------+
| E         |     11777 |
| N         |       246 |
| T         |      2006 |
| NULL      |     14029 |
+-----------+-----------+
4 rows in set (0.04 sec)

mysql> mysql \. C:\workspace\cloud\code\sql\_DailyScript\currenttime.sql
+---------------------+
| currenttime         |
+---------------------+
| 2021-03-02 06:19:50 |
+---------------------+
1 row in set (0.00 sec)

mysql> 
mysql> mysql \. C:\workspace\cloud\code\sql\_DailyScript\DAILY-SCRIPT-LIVETV-STATS.sql
Database changed
Query OK, 0 rows affected (0.01 sec)

Query OK, 98418 rows affected (1.04 sec)
Records: 98418  Duplicates: 0  Warnings: 0

+------------+------------+----------+--------------+--------------+-----------+-------------+----------+--------+------+------------+---------+---------------+
| Table      | Non_unique | Key_name | Seq_in_index | Column_name  | Collation | Cardinality | Sub_part | Packed | Null | Index_type | Comment | Index_comment |
+------------+------------+----------+--------------+--------------+-----------+-------------+----------+--------+------+------------+---------+---------------+
| templivetv |          1 | idxtv1   |            1 | device       | A         |       98781 |     NULL | NULL   | YES  | BTREE      |         |               |
| templivetv |          1 | idxtv2   |            1 | sessionstart | A         |       98781 |     NULL | NULL   | YES  | BTREE      |         |               |
+------------+------------+----------+--------------+--------------+-----------+-------------+----------+--------+------+------------+---------+---------------+
2 rows in set (0.00 sec)

Query OK, 98375 rows affected (12.81 sec)
Records: 98375  Duplicates: 0  Warnings: 0

Query OK, 2592 rows affected (0.66 sec)
Records: 2592  Duplicates: 0  Warnings: 0

Query OK, 0 rows affected (0.00 sec)

Query OK, 0 rows affected (0.00 sec)

Query OK, 127 rows affected (0.03 sec)
Records: 127  Duplicates: 0  Warnings: 0

Query OK, 0 rows affected (0.01 sec)

Query OK, 56595 rows affected (3 min 49.26 sec)
Records: 56595  Duplicates: 0  Warnings: 0

+-----------------+
| rep_livetvstats |
+-----------------+
|           56595 |
+-----------------+
1 row in set (0.02 sec)

mysql> mysql \. C:\workspace\cloud\code\sql\_DailyScript\currenttime.sql
+---------------------+
| currenttime         |
+---------------------+
| 2021-03-02 06:23:54 |
+---------------------+
1 row in set (0.00 sec)

mysql> 
mysql> mysql \. C:\workspace\cloud\code\sql\_DailyScript\DAILY-SCRIPT-VODTS-STATS.sql
Database changed
Query OK, 0 rows affected (0.01 sec)

Query OK, 6062 rows affected (18.68 sec)
Records: 6062  Duplicates: 0  Warnings: 0

+---------+------------+----------+--------------+--------------+-----------+-------------+----------+--------+------+------------+---------+---------------+
| Table   | Non_unique | Key_name | Seq_in_index | Column_name  | Collation | Cardinality | Sub_part | Packed | Null | Index_type | Comment | Index_comment |
+---------+------------+----------+--------------+--------------+-----------+-------------+----------+--------+------+------------+---------+---------------+
| tempvod |          1 | idxtvod1 |            1 | device       | A         |        5617 |     NULL | NULL   | YES  | BTREE      |         |               |
| tempvod |          1 | idxtvod2 |            1 | sessionstart | A         |        5617 |     NULL | NULL   | YES  | BTREE      |         |               |
+---------+------------+----------+--------------+--------------+-----------+-------------+----------+--------+------+------------+---------+---------------+
2 rows in set (0.00 sec)

Query OK, 6070 rows affected (3.02 sec)
Records: 6070  Duplicates: 0  Warnings: 0

Query OK, 0 rows affected (0.01 sec)

Query OK, 1047672 rows affected (1 min 24.05 sec)
Records: 1047672  Duplicates: 0  Warnings: 0

+--------------+
| rep_vodstats |
+--------------+
|      1047672 |
+--------------+
1 row in set (0.30 sec)

Database changed
Query OK, 0 rows affected (0.01 sec)

Query OK, 21773 rows affected (42.07 sec)
Records: 21773  Duplicates: 0  Warnings: 0

+--------+------------+----------+--------------+--------------+-----------+-------------+----------+--------+------+------------+---------+---------------+
| Table  | Non_unique | Key_name | Seq_in_index | Column_name  | Collation | Cardinality | Sub_part | Packed | Null | Index_type | Comment | Index_comment |
+--------+------------+----------+--------------+--------------+-----------+-------------+----------+--------+------+------------+---------+---------------+
| tempts |          1 | idxtts1  |            1 | device       | A         |       21898 |     NULL | NULL   | YES  | BTREE      |         |               |
| tempts |          1 | idxtts2  |            1 | sessionstart | A         |       21898 |     NULL | NULL   | YES  | BTREE      |         |               |
+--------+------------+----------+--------------+--------------+-----------+-------------+----------+--------+------+------------+---------+---------------+
2 rows in set (0.00 sec)

Query OK, 21642 rows affected (13.15 sec)
Records: 21642  Duplicates: 0  Warnings: 0

Query OK, 0 rows affected (0.01 sec)

Query OK, 44982 rows affected (42.73 sec)
Records: 44982  Duplicates: 0  Warnings: 0

+-------------+
| rep_tsstats |
+-------------+
|       44982 |
+-------------+
1 row in set (0.01 sec)

mysql> mysql \. C:\workspace\cloud\code\sql\_DailyScript\currenttime.sql
+---------------------+
| currenttime         |
+---------------------+
| 2021-03-02 06:27:18 |
+---------------------+
1 row in set (0.00 sec)

mysql> 
mysql> mysql \. C:\workspace\cloud\code\sql\_DailyScript\DAILY-SCRIPT-RADIO-STATS.sql
Database changed
Query OK, 0 rows affected (0.01 sec)

Query OK, 365834 rows affected (4.08 sec)
Records: 365834  Duplicates: 0  Warnings: 0

+-----------+------------+----------+--------------+--------------+-----------+-------------+----------+--------+------+------------+---------+---------------+
| Table     | Non_unique | Key_name | Seq_in_index | Column_name  | Collation | Cardinality | Sub_part | Packed | Null | Index_type | Comment | Index_comment |
+-----------+------------+----------+--------------+--------------+-----------+-------------+----------+--------+------+------------+---------+---------------+
| tempradio |          1 | idxtrad1 |            1 | device       | A         |      365607 |     NULL | NULL   | YES  | BTREE      |         |               |
| tempradio |          1 | idxtrad2 |            1 | sessionstart | A         |      365607 |     NULL | NULL   | YES  | BTREE      |         |               |
+-----------+------------+----------+--------------+--------------+-----------+-------------+----------+--------+------+------------+---------+---------------+
2 rows in set (0.00 sec)

Query OK, 263 rows affected (1.57 sec)
Records: 263  Duplicates: 0  Warnings: 0

Query OK, 0 rows affected (0.01 sec)

Query OK, 6015 rows affected (0.49 sec)
Records: 6015  Duplicates: 0  Warnings: 0

+----------------+
| rep_radiostats |
+----------------+
|           6015 |
+----------------+
1 row in set (0.00 sec)

mysql> mysql \. C:\workspace\cloud\code\sql\_DailyScript\currenttime.sql
+---------------------+
| currenttime         |
+---------------------+
| 2021-03-02 06:27:24 |
+---------------------+
1 row in set (0.00 sec)

mysql> 
mysql> mysql \. C:\workspace\cloud\code\sql\_DailyScript\DAILY_SCRIPT_TELEMETRY_PIVOT_2021.sql
Query OK, 0 rows affected (0.01 sec)

Query OK, 140 rows affected (0.11 sec)
Records: 140  Duplicates: 0  Warnings: 0

Query OK, 0 rows affected (0.02 sec)

Query OK, 10658 rows affected (1.50 sec)
Records: 10658  Duplicates: 0  Warnings: 0

Query OK, 0 rows affected (0.01 sec)

Query OK, 5 rows affected (0.02 sec)
Records: 5  Duplicates: 0  Warnings: 0

Query OK, 0 rows affected (0.01 sec)

Query OK, 44 rows affected (0.07 sec)
Records: 44  Duplicates: 0  Warnings: 0

mysql> mysql \. C:\workspace\cloud\code\sql\_DailyScript\currenttime.sql
+---------------------+
| currenttime         |
+---------------------+
| 2021-03-02 06:27:26 |
+---------------------+
1 row in set (0.00 sec)

mysql> 
mysql> mysql \. C:\workspace\cloud\code\sql\_DailyScript\telemetry_livetv_ranking2021.sql
Query OK, 0 rows affected (0.01 sec)

Query OK, 140 rows affected (0.02 sec)
Records: 140  Duplicates: 0  Warnings: 0

mysql> mysql \. C:\workspace\cloud\code\sql\_DailyScript\currenttime.sql
+---------------------+
| currenttime         |
+---------------------+
| 2021-03-02 06:27:26 |
+---------------------+
1 row in set (0.00 sec)

mysql> 
mysql> mysql \. C:\workspace\cloud\code\sql\_DailyScript\telemetry_radio_ranking2021.sql
Query OK, 0 rows affected (0.01 sec)

Query OK, 5 rows affected (0.01 sec)
Records: 5  Duplicates: 0  Warnings: 0

mysql> mysql \. C:\workspace\cloud\code\sql\_DailyScript\currenttime.sql
+---------------------+
| currenttime         |
+---------------------+
| 2021-03-02 06:27:26 |
+---------------------+
1 row in set (0.00 sec)

mysql> 
mysql> mysql \. C:\workspace\cloud\code\sql\_DailyScript\telemetry_ts_ranking2021.sql
Query OK, 0 rows affected (0.00 sec)

Query OK, 44 rows affected (0.01 sec)
Records: 44  Duplicates: 0  Warnings: 0

mysql> mysql \. C:\workspace\cloud\code\sql\_DailyScript\currenttime.sql
+---------------------+
| currenttime         |
+---------------------+
| 2021-03-02 06:27:26 |
+---------------------+
1 row in set (0.00 sec)

mysql> 
mysql> mysql \. C:\workspace\cloud\code\sql\_DailyScript\telemetry_vod_ranking2021.sql
Query OK, 0 rows affected (0.01 sec)

Query OK, 10658 rows affected (0.47 sec)
Records: 10658  Duplicates: 0  Warnings: 0

mysql> mysql \. C:\workspace\cloud\code\sql\_DailyScript\currenttime.sql
+---------------------+
| currenttime         |
+---------------------+
| 2021-03-02 06:27:26 |
+---------------------+
1 row in set (0.00 sec)

mysql> 
mysql> mysql \. C:\workspace\cloud\code\sql\_DailyScript\telemetry_vod_ranking2021_1.sql
Query OK, 0 rows affected (0.01 sec)

Query OK, 10658 rows affected (0.25 sec)
Records: 10658  Duplicates: 0  Warnings: 0

mysql> mysql \. C:\workspace\cloud\code\sql\_DailyScript\currenttime.sql
+---------------------+
| currenttime         |
+---------------------+
| 2021-03-02 06:27:27 |
+---------------------+
1 row in set (0.00 sec)

mysql> 
mysql> mysql \. C:\workspace\cloud\code\sql\_DailyScript\telemetry_vod_ranking2021_2.sql
Query OK, 0 rows affected (0.01 sec)

Query OK, 10658 rows affected (0.22 sec)
Records: 10658  Duplicates: 0  Warnings: 0

mysql> mysql \. C:\workspace\cloud\code\sql\_DailyScript\currenttime.sql
+---------------------+
| currenttime         |
+---------------------+
| 2021-03-02 06:27:27 |
+---------------------+
1 row in set (0.00 sec)

mysql> 
mysql> mysql \. C:\workspace\cloud\code\sql\_DailyScript\DAILY-SCRIPT-CREATE-LOAD.sql
Database changed
Database changed
Query OK, 0 rows affected (0.02 sec)

Query OK, 0 rows affected (0.01 sec)

Database changed
Query OK, 67593 rows affected (2.25 sec)
Records: 67593  Deleted: 0  Skipped: 0  Warnings: 0

Query OK, 0 rows affected (0.13 sec)
Records: 0  Duplicates: 0  Warnings: 0

Query OK, 0 rows affected (0.22 sec)
Records: 0  Duplicates: 0  Warnings: 0

Query OK, 0 rows affected (0.24 sec)
Records: 0  Duplicates: 0  Warnings: 0

Query OK, 0 rows affected (0.22 sec)
Records: 0  Duplicates: 0  Warnings: 0

+---------+
| clients |
+---------+
|   67593 |
+---------+
1 row in set (0.02 sec)

Query OK, 0 rows affected (0.00 sec)

Query OK, 14530 rows affected (6.48 sec)
Records: 14530  Duplicates: 0  Warnings: 0

Query OK, 0 rows affected (0.05 sec)
Records: 0  Duplicates: 0  Warnings: 0

+-------------------+
| rcb_clientparcels |
+-------------------+
|             14530 |
+-------------------+
1 row in set (0.01 sec)

Query OK, 0 rows affected (0.02 sec)

Query OK, 82573 rows affected (2.97 sec)
Records: 82573  Duplicates: 0  Warnings: 0

Query OK, 0 rows affected (0.26 sec)
Records: 0  Duplicates: 0  Warnings: 0

Query OK, 0 rows affected (0.01 sec)

Query OK, 67593 rows affected (31.38 sec)
Records: 67593  Duplicates: 0  Warnings: 0

Query OK, 0 rows affected (0.19 sec)
Records: 0  Duplicates: 0  Warnings: 0

Query OK, 0 rows affected (0.20 sec)
Records: 0  Duplicates: 0  Warnings: 0

Query OK, 0 rows affected (0.17 sec)
Records: 0  Duplicates: 0  Warnings: 0

+---------------+
| clientaddress |
+---------------+
|         67593 |
+---------------+
1 row in set (0.02 sec)

Database changed
Query OK, 0 rows affected (0.01 sec)

Query OK, 0 rows affected (0.01 sec)

Database changed
Query OK, 540335 rows affected, 65535 warnings (15.16 sec)
Records: 540335  Deleted: 0  Skipped: 0  Warnings: 224677

Query OK, 0 rows affected (3.42 sec)
Records: 0  Duplicates: 0  Warnings: 0

Query OK, 0 rows affected (2.47 sec)
Records: 0  Duplicates: 0  Warnings: 0

Query OK, 0 rows affected (1.51 sec)
Records: 0  Duplicates: 0  Warnings: 0

Query OK, 0 rows affected (0.01 sec)

Query OK, 540335 rows affected (39.52 sec)
Records: 540335  Duplicates: 0  Warnings: 0

Query OK, 0 rows affected (1.80 sec)
Records: 0  Duplicates: 0  Warnings: 0

Query OK, 0 rows affected (1.36 sec)
Records: 0  Duplicates: 0  Warnings: 0

+-----------+
| contracts |
+-----------+
|    540335 |
+-----------+
1 row in set (0.16 sec)

+-----------------+
| contractaddress |
+-----------------+
|          540335 |
+-----------------+
1 row in set (0.14 sec)

Database changed
Query OK, 0 rows affected (0.01 sec)

Query OK, 0 rows affected (0.01 sec)

Query OK, 7822 rows affected (0.20 sec)
Records: 7822  Deleted: 0  Skipped: 0  Warnings: 0

Query OK, 0 rows affected (0.01 sec)

Query OK, 7790 rows affected (0.94 sec)
Records: 7790  Duplicates: 0  Warnings: 0

Query OK, 0 rows affected (0.04 sec)
Records: 0  Duplicates: 0  Warnings: 0

Query OK, 0 rows affected (0.05 sec)
Records: 0  Duplicates: 0  Warnings: 0

Query OK, 0 rows affected (0.02 sec)
Records: 0  Duplicates: 0  Warnings: 0

Query OK, 0 rows affected (0.01 sec)

Query OK, 5911 rows affected (0.04 sec)
Records: 5911  Duplicates: 0  Warnings: 0

Query OK, 0 rows affected (0.05 sec)
Records: 0  Duplicates: 0  Warnings: 0

+-------------------+
| contractdiscounts |
+-------------------+
|              7822 |
+-------------------+
1 row in set (0.01 sec)

+-------------------------+
| clientcontractdiscounts |
+-------------------------+
|                    7790 |
+-------------------------+
1 row in set (0.00 sec)

+----------------------------+
| clientcontractlastdiscount |
+----------------------------+
|                       5911 |
+----------------------------+
1 row in set (0.00 sec)

Database changed
Query OK, 0 rows affected (0.01 sec)

Query OK, 0 rows affected (0.02 sec)

Database changed
Query OK, 144059 rows affected, 8 warnings (2.60 sec)
Records: 144059  Deleted: 0  Skipped: 0  Warnings: 8

Query OK, 0 rows affected (0.29 sec)
Records: 0  Duplicates: 0  Warnings: 0

Query OK, 0 rows affected (0.26 sec)
Records: 0  Duplicates: 0  Warnings: 0

Query OK, 0 rows affected (0.33 sec)
Records: 0  Duplicates: 0  Warnings: 0

Query OK, 0 rows affected (0.29 sec)
Records: 0  Duplicates: 0  Warnings: 0

Query OK, 0 rows affected (0.39 sec)
Records: 0  Duplicates: 0  Warnings: 0

Query OK, 0 rows affected (0.55 sec)
Records: 0  Duplicates: 0  Warnings: 0

Query OK, 0 rows affected (0.03 sec)

Query OK, 1837078 rows affected (3 min 54.97 sec)
Records: 1837078  Duplicates: 0  Warnings: 0

Query OK, 0 rows affected (4.67 sec)
Records: 0  Duplicates: 0  Warnings: 0

+---------+
| devices |
+---------+
|  144059 |
+---------+
1 row in set (0.05 sec)

+-----------------------+
| clientcontractdevices |
+-----------------------+
|               1837078 |
+-----------------------+
1 row in set (0.66 sec)

Query OK, 0 rows affected (0.01 sec)

Query OK, 143871 rows affected (7.07 sec)
Records: 143871  Duplicates: 0  Warnings: 0

+---------------------------+
| rep_clientcontractdevices |
+---------------------------+
|                    143871 |
+---------------------------+
1 row in set (0.04 sec)

Database changed
Query OK, 0 rows affected (0.02 sec)

Query OK, 0 rows affected (0.01 sec)

Query OK, 315182 rows affected (7.04 sec)
Records: 315182  Deleted: 0  Skipped: 0  Warnings: 0

Query OK, 0 rows affected (0.72 sec)
Records: 0  Duplicates: 0  Warnings: 0

Query OK, 0 rows affected (0.70 sec)
Records: 0  Duplicates: 0  Warnings: 0

Query OK, 0 rows affected (0.64 sec)
Records: 0  Duplicates: 0  Warnings: 0

Query OK, 0 rows affected (0.59 sec)
Records: 0  Duplicates: 0  Warnings: 0

+---------+
| tickets |
+---------+
|  315182 |
+---------+
1 row in set (0.08 sec)

Database changed
Query OK, 0 rows affected (0.00 sec)

Query OK, 0 rows affected (0.01 sec)

Empty set (0.00 sec)

Query OK, 0 rows affected (0.02 sec)
Records: 0  Duplicates: 0  Warnings: 0

Query OK, 372 rows affected, 2 warnings (0.03 sec)
Records: 372  Deleted: 0  Skipped: 0  Warnings: 2

+-----------------+
| tickettechusers |
+-----------------+
|             372 |
+-----------------+
1 row in set (0.00 sec)

Database changed
Query OK, 0 rows affected (0.01 sec)

Query OK, 0 rows affected (0.01 sec)

Query OK, 0 rows affected (0.01 sec)
Records: 0  Duplicates: 0  Warnings: 0

Query OK, 697704 rows affected, 48950 warnings (11.33 sec)
Records: 697704  Deleted: 0  Skipped: 0  Warnings: 48950

+-------------------+
| ticketassignments |
+-------------------+
|            697704 |
+-------------------+
1 row in set (0.19 sec)

Database changed
Query OK, 0 rows affected (0.02 sec)

Query OK, 0 rows affected (0.01 sec)

Query OK, 1404747 rows affected (15.60 sec)
Records: 1404747  Deleted: 0  Skipped: 0  Warnings: 0

Query OK, 0 rows affected (3.87 sec)
Records: 0  Duplicates: 0  Warnings: 0

Query OK, 0 rows affected (3.11 sec)
Records: 0  Duplicates: 0  Warnings: 0

Query OK, 0 rows affected (2.89 sec)
Records: 0  Duplicates: 0  Warnings: 0

Query OK, 0 rows affected (3.22 sec)
Records: 0  Duplicates: 0  Warnings: 0

+----------------+
| ticketcomments |
+----------------+
|        1404747 |
+----------------+
1 row in set (0.39 sec)

Database changed
Query OK, 0 rows affected (0.01 sec)

Query OK, 0 rows affected (0.01 sec)

Query OK, 475000 rows affected (33.85 sec)
Records: 475000  Deleted: 0  Skipped: 0  Warnings: 0

Query OK, 0 rows affected (2.34 sec)
Records: 0  Duplicates: 0  Warnings: 0

+----------+
| comments |
+----------+
|   475000 |
+----------+
1 row in set (0.14 sec)

Database changed
Query OK, 0 rows affected (0.04 sec)

Query OK, 0 rows affected (0.01 sec)

Query OK, 1639741 rows affected, 65535 warnings (1 min 13.00 sec)
Records: 1639741  Deleted: 0  Skipped: 0  Warnings: 1639782

Query OK, 0 rows affected (4.04 sec)
Records: 0  Duplicates: 0  Warnings: 0

Query OK, 0 rows affected (3.94 sec)
Records: 0  Duplicates: 0  Warnings: 0

Query OK, 0 rows affected (3.88 sec)
Records: 0  Duplicates: 0  Warnings: 0

Query OK, 0 rows affected (3.90 sec)
Records: 0  Duplicates: 0  Warnings: 0

Query OK, 0 rows affected (5.66 sec)
Records: 0  Duplicates: 0  Warnings: 0

+------------+
| devicesold |
+------------+
|    1639741 |
+------------+
1 row in set (0.46 sec)

Database changed
Query OK, 0 rows affected (0.02 sec)

Query OK, 0 rows affected (0.01 sec)

Query OK, 1830671 rows affected (22.41 sec)
Records: 1830671  Deleted: 0  Skipped: 0  Warnings: 0

Query OK, 0 rows affected (4.91 sec)
Records: 0  Duplicates: 0  Warnings: 0

Query OK, 0 rows affected (4.19 sec)
Records: 0  Duplicates: 0  Warnings: 0

Query OK, 0 rows affected (4.19 sec)
Records: 0  Duplicates: 0  Warnings: 0

+------------------+
| contractservices |
+------------------+
|          1830671 |
+------------------+
1 row in set (0.51 sec)

Database changed
Query OK, 0 rows affected (0.07 sec)

Query OK, 0 rows affected (0.01 sec)

Query OK, 4519095 rows affected (1 min 51.97 sec)
Records: 4519095  Deleted: 0  Skipped: 0  Warnings: 0

Query OK, 0 rows affected (12.28 sec)
Records: 0  Duplicates: 0  Warnings: 0

Query OK, 0 rows affected (15.08 sec)
Records: 0  Duplicates: 0  Warnings: 0

Query OK, 0 rows affected (12.49 sec)
Records: 0  Duplicates: 0  Warnings: 0

Query OK, 0 rows affected (12.90 sec)
Records: 0  Duplicates: 0  Warnings: 0

Query OK, 0 rows affected (11.29 sec)
Records: 0  Duplicates: 0  Warnings: 0

+------------------+
| invoicescontents |
+------------------+
|          4519095 |
+------------------+
1 row in set (1.25 sec)

Database changed
Query OK, 0 rows affected (0.07 sec)

Query OK, 0 rows affected (0.01 sec)

Query OK, 3197376 rows affected (2 min 54.22 sec)
Records: 3197376  Deleted: 0  Skipped: 0  Warnings: 0

Query OK, 0 rows affected (12.92 sec)
Records: 0  Duplicates: 0  Warnings: 0

Query OK, 0 rows affected (13.22 sec)
Records: 0  Duplicates: 0  Warnings: 0

Query OK, 0 rows affected (10.26 sec)
Records: 0  Duplicates: 0  Warnings: 0

Query OK, 0 rows affected (11.99 sec)
Records: 0  Duplicates: 0  Warnings: 0

Query OK, 0 rows affected (12.51 sec)
Records: 0  Duplicates: 0  Warnings: 0

Query OK, 0 rows affected (10.45 sec)
Records: 0  Duplicates: 0  Warnings: 0

+----------------+
| invoicesheader |
+----------------+
|        3197376 |
+----------------+
1 row in set (0.88 sec)

Database changed
Query OK, 0 rows affected (0.04 sec)

Query OK, 0 rows affected (0.01 sec)

Query OK, 3200163 rows affected (1 min 20.20 sec)
Records: 3200163  Deleted: 0  Skipped: 0  Warnings: 0

Query OK, 0 rows affected (7.93 sec)
Records: 0  Duplicates: 0  Warnings: 0

Query OK, 0 rows affected (8.13 sec)
Records: 0  Duplicates: 0  Warnings: 0

Query OK, 0 rows affected (7.88 sec)
Records: 0  Duplicates: 0  Warnings: 0

Query OK, 0 rows affected (7.46 sec)
Records: 0  Duplicates: 0  Warnings: 0

Query OK, 0 rows affected (9.77 sec)
Records: 0  Duplicates: 0  Warnings: 0

+---------+
| casa    |
+---------+
| 3200163 |
+---------+
1 row in set (0.87 sec)

Query OK, 0 rows affected (0.01 sec)

Query OK, 15723 rows affected (1 min 17.00 sec)
Records: 15723  Duplicates: 0  Warnings: 0

+--------------------+
| rep_paycol_channel |
+--------------------+
|              15723 |
+--------------------+
1 row in set (0.01 sec)

Query OK, 0 rows affected (0.01 sec)

Query OK, 11818 rows affected (1 min 34.60 sec)
Records: 11818  Duplicates: 0  Warnings: 0

+----------------+
| rep_paycol_pos |
+----------------+
|          11818 |
+----------------+
1 row in set (0.01 sec)

Database changed
Query OK, 0 rows affected (0.01 sec)

Query OK, 0 rows affected (0.01 sec)

Database changed
Query OK, 39872 rows affected (0.70 sec)
Records: 39872  Deleted: 0  Skipped: 0  Warnings: 0

+-------+
| users |
+-------+
| 39872 |
+-------+
1 row in set (0.01 sec)

Query OK, 0 rows affected (0.08 sec)
Records: 0  Duplicates: 0  Warnings: 0

Database changed
Query OK, 0 rows affected (0.03 sec)

Query OK, 0 rows affected (0.01 sec)

Query OK, 1872898 rows affected, 2 warnings (27.57 sec)
Records: 1872898  Deleted: 0  Skipped: 0  Warnings: 2

Query OK, 0 rows affected (6.07 sec)
Records: 0  Duplicates: 0  Warnings: 0

Query OK, 0 rows affected (3.94 sec)
Records: 0  Duplicates: 0  Warnings: 0

Query OK, 0 rows affected (4.27 sec)
Records: 0  Duplicates: 0  Warnings: 0

Query OK, 0 rows affected (3.92 sec)
Records: 0  Duplicates: 0  Warnings: 0

Query OK, 0 rows affected (3.75 sec)
Records: 0  Duplicates: 0  Warnings: 0

+-------------+
| useractions |
+-------------+
|     1872898 |
+-------------+
1 row in set (0.51 sec)

Database changed
Query OK, 0 rows affected (0.09 sec)

Query OK, 0 rows affected (0.01 sec)

Database changed
Query OK, 27102684 rows affected (4 min 35.61 sec)
Records: 27102684  Deleted: 0  Skipped: 0  Warnings: 0

Query OK, 0 rows affected (1 min 15.20 sec)
Records: 0  Duplicates: 0  Warnings: 0

Query OK, 0 rows affected (1 min 8.78 sec)
Records: 0  Duplicates: 0  Warnings: 0

Query OK, 0 rows affected (1 min 9.26 sec)
Records: 0  Duplicates: 0  Warnings: 0

Query OK, 0 rows affected (1 min 1.61 sec)
Records: 0  Duplicates: 0  Warnings: 0

Query OK, 0 rows affected (1 min 19.28 sec)
Records: 0  Duplicates: 0  Warnings: 0

+----------+
| ipusage1 |
+----------+
| 27102684 |
+----------+
1 row in set (8.53 sec)

Query OK, 0 rows affected (0.02 sec)

Query OK, 1830626 rows affected (49.65 sec)
Records: 1830626  Duplicates: 0  Warnings: 0

Query OK, 0 rows affected (8.83 sec)
Records: 0  Duplicates: 0  Warnings: 0

Query OK, 0 rows affected (3.31 sec)
Records: 0  Duplicates: 0  Warnings: 0

Query OK, 0 rows affected (5.27 sec)
Records: 0  Duplicates: 0  Warnings: 0

+------------------------------+
| contractsservicepackageprice |
+------------------------------+
|                      1830626 |
+------------------------------+
1 row in set (0.51 sec)

Query OK, 0 rows affected (0.04 sec)

Query OK, 1830876 rows affected (2 min 5.22 sec)
Records: 1830876  Duplicates: 0  Warnings: 0

Query OK, 0 rows affected (8.59 sec)
Records: 0  Duplicates: 0  Warnings: 0

Query OK, 0 rows affected (8.37 sec)
Records: 0  Duplicates: 0  Warnings: 0

Query OK, 0 rows affected (4.79 sec)
Records: 0  Duplicates: 0  Warnings: 0

Query OK, 0 rows affected (6.97 sec)
Records: 0  Duplicates: 0  Warnings: 0

+------------------------------------+
| clientcontractsservicepackageprice |
+------------------------------------+
|                            1830876 |
+------------------------------------+
1 row in set (0.51 sec)

mysql> mysql \. C:\workspace\cloud\code\sql\_DailyScript\currenttime.sql
+---------------------+
| currenttime         |
+---------------------+
| 2021-03-02 07:04:19 |
+---------------------+
1 row in set (0.00 sec)

mysql> 
mysql> mysql \. C:\workspace\cloud\code\sql\_DailyScript\ticket_analysis.sql
Database changed
Query OK, 0 rows affected (0.02 sec)

Query OK, 765707 rows affected (24.39 sec)
Records: 765707  Duplicates: 0  Warnings: 0

Query OK, 0 rows affected (5.77 sec)
Records: 0  Duplicates: 0  Warnings: 0

Query OK, 0 rows affected (1.91 sec)
Records: 0  Duplicates: 0  Warnings: 0

Query OK, 0 rows affected (2.18 sec)
Records: 0  Duplicates: 0  Warnings: 0

Query OK, 0 rows affected (0.01 sec)

Query OK, 23903 rows affected (12.25 sec)
Records: 23903  Duplicates: 0  Warnings: 0

Query OK, 0 rows affected, 1 warning (0.00 sec)

Query OK, 110407 rows affected (7.36 sec)
Records: 110407  Duplicates: 0  Warnings: 0

Query OK, 0 rows affected, 1 warning (0.00 sec)

Query OK, 563013 rows affected (14.69 sec)
Records: 563013  Duplicates: 0  Warnings: 0

Query OK, 0 rows affected, 1 warning (0.00 sec)

Query OK, 563013 rows affected (14.58 sec)
Records: 563013  Duplicates: 0  Warnings: 0

Query OK, 0 rows affected (0.02 sec)

Query OK, 110511 rows affected (6.08 sec)
Records: 110511  Duplicates: 0  Warnings: 0

Database changed
Query OK, 0 rows affected (0.00 sec)

Query OK, 0 rows affected (0.04 sec)

Query OK, 765707 rows affected (23.69 sec)
Records: 765707  Duplicates: 0  Warnings: 0

Query OK, 0 rows affected (0.01 sec)

Query OK, 390253 rows affected (16.25 sec)
Records: 390253  Duplicates: 0  Warnings: 0

+--------------------------+
| clientticket_cmmtjourney |
+--------------------------+
|                   765707 |
+--------------------------+
1 row in set (2.15 sec)

+---------------------------+
| clientticket_assgnjourney |
+---------------------------+
|                    390253 |
+---------------------------+
1 row in set (0.42 sec)

Query OK, 0 rows affected (0.01 sec)

Query OK, 76 rows affected (0.09 sec)
Records: 76  Duplicates: 0  Warnings: 0

mysql> mysql \. C:\workspace\cloud\code\sql\_DailyScript\currenttime.sql
+---------------------+
| currenttime         |
+---------------------+
| 2021-03-02 07:06:30 |
+---------------------+
1 row in set (0.00 sec)

mysql> 
mysql> mysql \. C:\workspace\cloud\code\sql\_DailyScript\load_DailyCalls.sql
Database changed
Query OK, 1104 rows affected (0.19 sec)
Records: 1104  Deleted: 0  Skipped: 0  Warnings: 0

Query OK, 0 rows affected, 1 warning (0.00 sec)

Query OK, 1104 rows affected (0.04 sec)
Records: 1104  Duplicates: 0  Warnings: 0

Query OK, 0 rows affected, 1 warning (0.00 sec)

Query OK, 68687 rows affected (0.25 sec)
Records: 68687  Duplicates: 0  Warnings: 0

+----------------------+
| callingclientsbefore |
+----------------------+
|              1131619 |
+----------------------+
1 row in set (0.45 sec)

Query OK, 1612 rows affected (23.00 sec)
Records: 1612  Duplicates: 0  Warnings: 0

+---------------------+
| callingclientsafter |
+---------------------+
|             1133231 |
+---------------------+
1 row in set (0.29 sec)

Query OK, 0 rows affected (0.01 sec)

Query OK, 579 rows affected (3.64 sec)
Records: 579  Duplicates: 0  Warnings: 0

Query OK, 0 rows affected (0.01 sec)

Query OK, 22223 rows affected (3.67 sec)
Records: 22223  Duplicates: 0  Warnings: 0

+-----------+
| callstats |
+-----------+
|     22223 |
+-----------+
1 row in set (0.01 sec)

Query OK, 0 rows affected, 1 warning (0.00 sec)

Query OK, 1612 rows affected (2.67 sec)
Records: 1612  Duplicates: 0  Warnings: 0

+------------------------+
| rep_cccallreportbefore |
+------------------------+
|                1132644 |
+------------------------+
1 row in set (0.40 sec)

Query OK, 1612 rows affected (0.33 sec)
Records: 1612  Duplicates: 0  Warnings: 0

+-----------------------+
| rep_cccallreportafter |
+-----------------------+
|               1134256 |
+-----------------------+
1 row in set (0.30 sec)

Query OK, 0 rows affected (0.01 sec)

mysql> mysql \. C:\workspace\cloud\code\sql\_DailyScript\currenttime.sql
+---------------------+
| currenttime         |
+---------------------+
| 2021-03-02 07:07:06 |
+---------------------+
1 row in set (0.00 sec)

mysql> 
mysql> mysql \. C:\workspace\cloud\code\sql\_DailyScript\DAILY-SCRIPT-USAGE.sql
Database changed
Query OK, 0 rows affected (0.00 sec)

Query OK, 4218 rows affected, 12238 warnings (0.99 sec)
Records: 4218  Deleted: 0  Skipped: 0  Warnings: 12238

Query OK, 0 rows affected (0.00 sec)

Query OK, 5976 rows affected, 17222 warnings (1.12 sec)
Records: 5976  Deleted: 0  Skipped: 0  Warnings: 17222

Query OK, 0 rows affected (0.00 sec)

Query OK, 262 rows affected, 967 warnings (0.04 sec)
Records: 262  Deleted: 0  Skipped: 0  Warnings: 967

Query OK, 0 rows affected (0.00 sec)

Query OK, 167 rows affected, 581 warnings (0.03 sec)
Records: 167  Deleted: 0  Skipped: 0  Warnings: 581

+------------+
| dailyusage |
+------------+
|   16711194 |
+------------+
1 row in set (6.53 sec)

+------------+------------+------------+---------+
| datestart  | dateend    | insertedon | records |
+------------+------------+------------+---------+
| 2021-03-01 | 2021-03-01 | 2021-03-02 |   10623 |
| 2021-02-28 | 2021-02-28 | 2021-03-01 |   10514 |
| 2021-02-27 | 2021-02-27 | 2021-03-01 |   10639 |
| 2021-02-26 | 2021-02-26 | 2021-02-27 |   11205 |
| 2021-02-25 | 2021-02-25 | 2021-02-26 |   10656 |
+------------+------------+------------+---------+
5 rows in set (33.34 sec)

+----------+------------+------------+------------+---------+
| category | datestart  | dateend    | insertedon | records |
+----------+------------+------------+------------+---------+
| UNCAPPED | 2021-03-01 | 2021-03-01 | 2021-03-02 |    5976 |
| PREPAID  | 2021-03-01 | 2021-03-01 | 2021-03-02 |     262 |
| HOTSPOT  | 2021-03-01 | 2021-03-01 | 2021-03-02 |     167 |
| CAPPED   | 2021-03-01 | 2021-03-01 | 2021-03-02 |    4218 |
| UNCAPPED | 2021-02-28 | 2021-02-28 | 2021-03-01 |    5918 |
| PREPAID  | 2021-02-28 | 2021-02-28 | 2021-03-01 |     322 |
| HOTSPOT  | 2021-02-28 | 2021-02-28 | 2021-03-01 |     133 |
| CAPPED   | 2021-02-28 | 2021-02-28 | 2021-03-01 |    4141 |
| UNCAPPED | 2021-02-27 | 2021-02-27 | 2021-03-01 |    6058 |
| PREPAID  | 2021-02-27 | 2021-02-27 | 2021-03-01 |     268 |
| HOTSPOT  | 2021-02-27 | 2021-02-27 | 2021-03-01 |     127 |
| CAPPED   | 2021-02-27 | 2021-02-27 | 2021-03-01 |    4186 |
| UNCAPPED | 2021-02-26 | 2021-02-26 | 2021-02-27 |    6374 |
| PREPAID  | 2021-02-26 | 2021-02-26 | 2021-02-27 |     292 |
| HOTSPOT  | 2021-02-26 | 2021-02-26 | 2021-02-27 |     115 |
| CAPPED   | 2021-02-26 | 2021-02-26 | 2021-02-27 |    4424 |
| UNCAPPED | 2021-02-25 | 2021-02-25 | 2021-02-26 |    6154 |
| PREPAID  | 2021-02-25 | 2021-02-25 | 2021-02-26 |     285 |
| HOTSPOT  | 2021-02-25 | 2021-02-25 | 2021-02-26 |     110 |
| CAPPED   | 2021-02-25 | 2021-02-25 | 2021-02-26 |    4107 |
+----------+------------+------------+------------+---------+
20 rows in set (24.08 sec)

mysql> mysql \. C:\workspace\cloud\code\sql\_DailyScript\currenttime.sql
+---------------------+
| currenttime         |
+---------------------+
| 2021-03-02 07:08:12 |
+---------------------+
1 row in set (0.00 sec)

mysql> 
mysql> mysql \. C:\workspace\cloud\code\sql\_DailyScript\DAILY-SCRIPT-SALES-TELEMETRY.sql
Database changed
Query OK, 242 rows affected, 85 warnings (0.04 sec)
Records: 242  Deleted: 0  Skipped: 0  Warnings: 85

+------------+
| dailysales |
+------------+
|     225137 |
+------------+
1 row in set (0.18 sec)

Query OK, 0 rows affected (0.01 sec)

Query OK, 225137 rows affected (14.99 sec)
Records: 225137  Duplicates: 0  Warnings: 0

+--------+
| sales  |
+--------+
| 225137 |
+--------+
1 row in set (0.43 sec)

Query OK, 0 rows affected (0.01 sec)

Query OK, 3684 rows affected (0.37 sec)
Records: 3684  Duplicates: 0  Warnings: 0

+----------------+
| rep_dailysales |
+----------------+
|           3684 |
+----------------+
1 row in set (0.00 sec)

Query OK, 0 rows affected (0.01 sec)

Query OK, 3684 rows affected (0.56 sec)
Records: 3684  Duplicates: 0  Warnings: 0

+-------------------+
| rep_dailysalesreg |
+-------------------+
|              3684 |
+-------------------+
1 row in set (0.00 sec)

Query OK, 0 rows affected (0.01 sec)

Query OK, 2880 rows affected (0.71 sec)
Records: 2880  Duplicates: 0  Warnings: 0

+-----------+
| saleslist |
+-----------+
|      2880 |
+-----------+
1 row in set (0.00 sec)

Database changed
ERROR 2 (HY000): File 'C:\ProgramData\MySQL\MySQL Server 5.7\Uploads\_csv\PrepaidCardSales-01032021-P1.csv' not found (Errcode: 2 - No such file or directory)
+------------------+
| dailysinglesales |
+------------------+
|             6477 |
+------------------+
1 row in set (0.01 sec)

Database changed
Query OK, 9 rows affected (0.03 sec)
Records: 9  Deleted: 0  Skipped: 0  Warnings: 0

+-----------------+
| dailyaddonsales |
+-----------------+
|           22496 |
+-----------------+
1 row in set (0.03 sec)

Query OK, 775 rows affected (0.17 sec)
Records: 775  Deleted: 0  Skipped: 0  Warnings: 0

+----------------+
| onlinepayments |
+----------------+
|         165744 |
+----------------+
1 row in set (0.11 sec)

+-------------+----------------+---------------------+
| paymentdate | onlinepayments | onlinepaymentamount |
+-------------+----------------+---------------------+
| 2021-03-01  |            775 |        522141.09000 |
| 2021-02-28  |            434 |        299158.80000 |
| 2021-02-27  |            466 |        323406.84000 |
| 2021-02-26  |            533 |        360849.56000 |
| 2021-02-25  |            381 |        244370.25000 |
+-------------+----------------+---------------------+
5 rows in set (0.56 sec)

+-------------+--------------+----------------+---------------------+
| paymentyear | paymentmonth | onlinepayments | onlinepaymentamount |
+-------------+--------------+----------------+---------------------+
|        2021 |            3 |            775 |        522141.09000 |
|        2021 |            2 |           8581 |       5454096.95000 |
|        2021 |            1 |           9124 |       5808374.04000 |
|        2021 |         NULL |          18480 |      11784612.08000 |
|        2020 |           12 |           7235 |       4780077.29000 |
+-------------+--------------+----------------+---------------------+
5 rows in set (0.16 sec)

mysql> mysql \. C:\workspace\cloud\code\sql\_DailyScript\currenttime.sql
+---------------------+
| currenttime         |
+---------------------+
| 2021-03-02 07:08:30 |
+---------------------+
1 row in set (0.00 sec)

mysql> 
mysql> mysql \. C:\workspace\cloud\code\sql\_DailyScript\DAILY-SCRIPT-ACTIVENUMBERS.sql
Database changed
Query OK, 1144 rows affected (0.54 sec)
Records: 1144  Deleted: 0  Skipped: 0  Warnings: 0

+------------+----------+
| period     | count(1) |
+------------+----------+
| 2021-03-01 |     1144 |
| 2021-02-28 |     1144 |
| 2021-02-27 |     1147 |
| 2021-02-26 |     1147 |
| 2021-02-25 |     1146 |
+------------+----------+
5 rows in set (0.01 sec)

Query OK, 0 rows affected (0.01 sec)

Query OK, 78 rows affected (1.41 sec)
Records: 78  Duplicates: 0  Warnings: 0

+-------------+
| packagelist |
+-------------+
|          78 |
+-------------+
1 row in set (0.00 sec)

Database changed
Query OK, 0 rows affected (0.00 sec)

Query OK, 0 rows affected (0.00 sec)

Query OK, 0 rows affected (0.00 sec)

Query OK, 0 rows affected (0.00 sec)

Query OK, 27888 rows affected, 221 warnings (19.64 sec)
Records: 27888  Deleted: 0  Skipped: 0  Warnings: 221

+------------+----------+
| period     | count(1) |
+------------+----------+
| 2021-03-01 |    27888 |
| 2021-02-28 |    28200 |
| 2021-02-27 |    28419 |
| 2021-02-26 |    28454 |
| 2021-02-25 |    28341 |
+------------+----------+
5 rows in set (0.14 sec)

Query OK, 0 rows affected (0.01 sec)

Query OK, 27316 rows affected (46.64 sec)
Records: 27316  Duplicates: 0  Warnings: 0

Query OK, 0 rows affected (0.14 sec)
Records: 0  Duplicates: 0  Warnings: 0

Query OK, 0 rows affected (0.10 sec)
Records: 0  Duplicates: 0  Warnings: 0

Query OK, 0 rows affected (0.10 sec)
Records: 0  Duplicates: 0  Warnings: 0

Query OK, 0 rows affected (0.08 sec)
Records: 0  Duplicates: 0  Warnings: 0

Query OK, 0 rows affected (0.07 sec)
Records: 0  Duplicates: 0  Warnings: 0

Query OK, 0 rows affected (0.09 sec)
Records: 0  Duplicates: 0  Warnings: 0

+-------------+
| countbefore |
+-------------+
|    43746869 |
+-------------+
1 row in set (16.10 sec)

Query OK, 27316 rows affected (3.30 sec)
Records: 27316  Duplicates: 0  Warnings: 0

+------------+
| countafter |
+------------+
|   43774185 |
+------------+
1 row in set (13.21 sec)

+------------+--------------------------+
| period     | customercontractactivity |
+------------+--------------------------+
| 2021-03-01 |                    27316 |
| 2021-02-28 |                    27629 |
| 2021-02-27 |                    27847 |
| 2021-02-26 |                    27883 |
| 2021-02-25 |                    27770 |
+------------+--------------------------+
5 rows in set (0.06 sec)

Query OK, 0 rows affected (0.02 sec)

Query OK, 295241 rows affected (8 min 4.86 sec)
Records: 295241  Duplicates: 0  Warnings: 0

Query OK, 0 rows affected (1.03 sec)
Records: 0  Duplicates: 0  Warnings: 0

Query OK, 0 rows affected (1.07 sec)
Records: 0  Duplicates: 0  Warnings: 0

Query OK, 0 rows affected (1.09 sec)
Records: 0  Duplicates: 0  Warnings: 0

Query OK, 0 rows affected (0.01 sec)

Query OK, 233 rows affected (0.41 sec)
Records: 233  Duplicates: 0  Warnings: 0

Query OK, 0 rows affected (0.01 sec)

Query OK, 2679 rows affected (0.58 sec)
Records: 2679  Duplicates: 0  Warnings: 0

Query OK, 0 rows affected (0.01 sec)

Query OK, 27292 rows affected (0.53 sec)
Records: 27292  Duplicates: 0  Warnings: 0

Query OK, 0 rows affected (0.01 sec)

Query OK, 16917 rows affected (0.34 sec)
Records: 16917  Duplicates: 0  Warnings: 0

Query OK, 0 rows affected (0.01 sec)

Query OK, 16917 rows affected (0.13 sec)
Records: 16917  Duplicates: 0  Warnings: 0

Query OK, 0 rows affected (0.01 sec)

Query OK, 16917 rows affected (1.08 sec)
Records: 16917  Duplicates: 0  Warnings: 0

Query OK, 0 rows affected (0.02 sec)

Query OK, 16917 rows affected (42.96 sec)
Records: 16917  Duplicates: 0  Warnings: 0

+-------------+
| clientstats |
+-------------+
|       16917 |
+-------------+
1 row in set (0.01 sec)

Query OK, 0 rows affected (0.02 sec)

Query OK, 14 rows affected, 1 warning (0.10 sec)
Records: 14  Duplicates: 0  Warnings: 1

+-----------------------+-------------+-------------+----------------+-----------------+
| services              | activecount | allaccounts | uniqueaccounts | uniquecontracts |
+-----------------------+-------------+-------------+----------------+-----------------+
| All                   |         368 |          62 |             62 |             197 |
| Internet & OTT        |           2 |           1 |              1 |               1 |
| Internet & Voice      |         342 |         153 |            153 |             298 |
| Internet Only         |        4280 |        4166 |           4161 |            4209 |
| OTT Only              |           1 |           1 |              1 |               1 |
| TV & Internet         |        9459 |        4271 |           4263 |            8686 |
| TV & Internet & OTT   |        3418 |         860 |            856 |            1788 |
| TV & Internet & Voice |         529 |         151 |            151 |             466 |
| TV & OTT              |         529 |          88 |             86 |             106 |
| TV & Voice            |         103 |          46 |             46 |              95 |
| TV & Voice & OTT      |           3 |           1 |              1 |               2 |
| TV Only               |        8845 |        6988 |           6981 |            7160 |
| Voice Only            |         131 |         129 |            129 |             131 |
| GRAND TOTAL           |       28010 |       16917 |          16848 |           23140 |
+-----------------------+-------------+-------------+----------------+-----------------+
14 rows in set (0.00 sec)

+-------------+-------------+-------------+----------------+-----------------+
| network     | activecount | allaccounts | uniqueaccounts | uniquecontracts |
+-------------+-------------+-------------+----------------+-----------------+
| GPON        |       10489 |        5270 |           5267 |            8234 |
| HFC         |       17521 |       11647 |          11647 |           14906 |
| GRAND TOTAL |       28010 |       16917 |          16848 |           23140 |
+-------------+-------------+-------------+----------------+-----------------+
3 rows in set, 1 warning (0.11 sec)

+-------------+-----------------------+-------------+-------------+----------------+-----------------+
| network     | services              | activecount | allaccounts | uniqueaccounts | uniquecontracts |
+-------------+-----------------------+-------------+-------------+----------------+-----------------+
| GPON        | All                   |         232 |          41 |             41 |             128 |
| GPON        | Internet & Voice      |          74 |          31 |             31 |              64 |
| GPON        | Internet Only         |        1293 |        1196 |           1196 |            1223 |
| GPON        | TV & Internet         |        4334 |        1911 |           1911 |            3921 |
| GPON        | TV & Internet & OTT   |        2107 |         521 |            521 |            1090 |
| GPON        | TV & Internet & Voice |         250 |          65 |             65 |             205 |
| GPON        | TV & OTT              |         296 |          51 |             51 |              58 |
| GPON        | TV & Voice            |          64 |          28 |             28 |              59 |
| GPON        | TV Only               |        1828 |        1416 |           1416 |            1475 |
| GPON        | Voice Only            |          11 |          10 |             10 |              11 |
| GPON        | Services Total        |       10489 |        5270 |           5267 |            8234 |
| HFC         | All                   |         136 |          21 |             21 |              69 |
| HFC         | Internet & OTT        |           2 |           1 |              1 |               1 |
| HFC         | Internet & Voice      |         268 |         122 |            122 |             234 |
| HFC         | Internet Only         |        2987 |        2970 |           2970 |            2986 |
| HFC         | OTT Only              |           1 |           1 |              1 |               1 |
| HFC         | TV & Internet         |        5125 |        2360 |           2360 |            4765 |
| HFC         | TV & Internet & OTT   |        1311 |         339 |            339 |             698 |
| HFC         | TV & Internet & Voice |         279 |          86 |             86 |             261 |
| HFC         | TV & OTT              |         233 |          37 |             37 |              48 |
| HFC         | TV & Voice            |          39 |          18 |             18 |              36 |
| HFC         | TV & Voice & OTT      |           3 |           1 |              1 |               2 |
| HFC         | TV Only               |        7017 |        5572 |           5572 |            5685 |
| HFC         | Voice Only            |         120 |         119 |            119 |             120 |
| HFC         | Services Total        |       17521 |       11647 |          11647 |           14906 |
| GRAND TOTAL | Services Total        |       28010 |       16917 |          16848 |           23140 |
+-------------+-----------------------+-------------+-------------+----------------+-----------------+
26 rows in set, 2 warnings (0.13 sec)

Query OK, 0 rows affected (0.01 sec)

Query OK, 40 rows affected, 3 warnings (0.18 sec)
Records: 40  Duplicates: 0  Warnings: 3

+-------------+---------------+-----------------------+-------------+-------------+----------------+-----------------+
| region      | network       | services              | activecount | allaccounts | uniqueaccounts | uniquecontracts |
+-------------+---------------+-----------------------+-------------+-------------+----------------+-----------------+
| Mahe        | GPON          | All                   |         202 |          36 |             36 |             113 |
| Mahe        | GPON          | Internet & Voice      |          62 |          25 |             25 |              52 |
| Mahe        | GPON          | Internet Only         |        1074 |         977 |            977 |            1004 |
| Mahe        | GPON          | TV & Internet         |        3529 |        1549 |           1549 |            3176 |
| Mahe        | GPON          | TV & Internet & OTT   |        1682 |         404 |            404 |             850 |
| Mahe        | GPON          | TV & Internet & Voice |         235 |          60 |             60 |             190 |
| Mahe        | GPON          | TV & OTT              |         279 |          43 |             43 |              49 |
| Mahe        | GPON          | TV & Voice            |          64 |          28 |             28 |              59 |
| Mahe        | GPON          | TV Only               |        1481 |        1141 |           1141 |            1188 |
| Mahe        | GPON          | Voice Only            |          11 |          10 |             10 |              11 |
| Mahe        | GPON          | Services Total        |        8619 |        4273 |           4273 |            6692 |
| Mahe        | HFC           | All                   |         136 |          21 |             21 |              69 |
| Mahe        | HFC           | Internet & OTT        |           2 |           1 |              1 |               1 |
| Mahe        | HFC           | Internet & Voice      |         268 |         122 |            122 |             234 |
| Mahe        | HFC           | Internet Only         |        2986 |        2969 |           2969 |            2985 |
| Mahe        | HFC           | OTT Only              |           1 |           1 |              1 |               1 |
| Mahe        | HFC           | TV & Internet         |        5125 |        2360 |           2360 |            4765 |
| Mahe        | HFC           | TV & Internet & OTT   |        1311 |         339 |            339 |             698 |
| Mahe        | HFC           | TV & Internet & Voice |         279 |          86 |             86 |             261 |
| Mahe        | HFC           | TV & OTT              |         233 |          37 |             37 |              48 |
| Mahe        | HFC           | TV & Voice            |          39 |          18 |             18 |              36 |
| Mahe        | HFC           | TV & Voice & OTT      |           3 |           1 |              1 |               2 |
| Mahe        | HFC           | TV Only               |        7014 |        5570 |           5570 |            5683 |
| Mahe        | HFC           | Voice Only            |         120 |         119 |            119 |             120 |
| Mahe        | HFC           | Services Total        |       17517 |       11644 |          11644 |           14903 |
| Mahe        | Network Total | Services Total        |       26136 |       15917 |          15851 |           21595 |
| Praslin     | GPON          | All                   |          30 |           5 |              5 |              15 |
| Praslin     | GPON          | Internet & Voice      |          12 |           6 |              6 |              12 |
| Praslin     | GPON          | Internet Only         |         219 |         219 |            219 |             219 |
| Praslin     | GPON          | TV & Internet         |         805 |         362 |            362 |             745 |
| Praslin     | GPON          | TV & Internet & OTT   |         425 |         117 |            117 |             240 |
| Praslin     | GPON          | TV & Internet & Voice |          15 |           5 |              5 |              15 |
| Praslin     | GPON          | TV & OTT              |          17 |           8 |              8 |               9 |
| Praslin     | GPON          | TV Only               |         347 |         275 |            275 |             287 |
| Praslin     | GPON          | Services Total        |        1870 |         997 |            997 |            1542 |
| Praslin     | HFC           | Internet Only         |           1 |           1 |              1 |               1 |
| Praslin     | HFC           | TV Only               |           3 |           2 |              2 |               2 |
| Praslin     | HFC           | Services Total        |           4 |           3 |              3 |               3 |
| Praslin     | Network Total | Services Total        |        1874 |        1000 |           1000 |            1545 |
| GRAND TOTAL | Network Total | Services Total        |       28010 |       16917 |          16848 |           23140 |
+-------------+---------------+-----------------------+-------------+-------------+----------------+-----------------+
40 rows in set (0.00 sec)

Query OK, 0 rows affected (0.01 sec)

Query OK, 27293 rows affected (0.42 sec)
Records: 27293  Duplicates: 0  Warnings: 0

Query OK, 0 rows affected (0.01 sec)

Query OK, 2248 rows affected (1.31 sec)
Records: 2248  Duplicates: 0  Warnings: 0

+--------------------------------------+
| message                              |
+--------------------------------------+
| running rcbill_my.sp_ActiveNumber2() |
+--------------------------------------+
1 row in set (0.00 sec)

Query OK, 365 rows affected (1 min 57.22 sec)

mysql> mysql \. C:\workspace\cloud\code\sql\_DailyScript\currenttime.sql
+---------------------+
| currenttime         |
+---------------------+
| 2021-03-02 07:21:06 |
+---------------------+
1 row in set (0.00 sec)

mysql> 
mysql> mysql \. C:\workspace\cloud\code\sql\_DailyScript\GetActiveNumbers Average -Pivot.sql
Database changed
+-------------------------------------+
| @today := subdate(current_date(),1) |
+-------------------------------------+
| 2021-03-01                          |
+-------------------------------------+
1 row in set (0.00 sec)

+-------------------------------------+
| @lastdayofmonth := last_day(@today) |
+-------------------------------------+
| 2021-03-31                          |
+-------------------------------------+
1 row in set (0.00 sec)

Query OK, 0 rows affected (0.01 sec)

Query OK, 46178 rows affected, 65535 warnings (56.31 sec)
Records: 46178  Duplicates: 0  Warnings: 93673

Query OK, 0 rows affected (0.09 sec)
Records: 0  Duplicates: 0  Warnings: 0

Query OK, 0 rows affected (0.12 sec)
Records: 0  Duplicates: 0  Warnings: 0

Query OK, 0 rows affected (0.10 sec)
Records: 0  Duplicates: 0  Warnings: 0

+-----------------+
| activenumberavg |
+-----------------+
|           46178 |
+-----------------+
1 row in set (0.01 sec)

Query OK, 0 rows affected (0.01 sec)

Query OK, 1949 rows affected (0.53 sec)
Records: 1949  Duplicates: 0  Warnings: 0

+---------------------+
| rep_activenumberavg |
+---------------------+
|                1949 |
+---------------------+
1 row in set (0.00 sec)

+----------------------+
| rep_activenumberavg1 |
+----------------------+
|                  910 |
+----------------------+
1 row in set (0.00 sec)

Query OK, 0 rows affected (0.01 sec)

Query OK, 2425 rows affected (0.41 sec)
Records: 2425  Duplicates: 0  Warnings: 0

Query OK, 0 rows affected (0.01 sec)

Query OK, 12467 rows affected (0.75 sec)
Records: 12467  Duplicates: 0  Warnings: 0

Query OK, 0 rows affected (0.00 sec)

Query OK, 0 rows affected (0.01 sec)

Query OK, 0 rows affected (0.01 sec)

Query OK, 0 rows affected (0.00 sec)

Query OK, 0 rows affected (0.00 sec)
Statement prepared

Query OK, 53 rows affected (0.05 sec)
Records: 53  Duplicates: 0  Warnings: 0

Query OK, 0 rows affected (0.00 sec)

Query OK, 0 rows affected (0.00 sec)

+----------------------+
| rep_activenumberavg2 |
+----------------------+
|                 2425 |
+----------------------+
1 row in set (0.00 sec)

+------------------------+
| rep_activenumberavg_pv |
+------------------------+
|                     53 |
+------------------------+
1 row in set (0.00 sec)

Query OK, 0 rows affected (0.01 sec)

Query OK, 2424 rows affected (0.36 sec)
Records: 2424  Duplicates: 0  Warnings: 0

Query OK, 0 rows affected (0.00 sec)

Query OK, 0 rows affected (0.01 sec)

Query OK, 0 rows affected (0.01 sec)

Query OK, 0 rows affected (0.00 sec)

Query OK, 0 rows affected (0.00 sec)
Statement prepared

Query OK, 53 rows affected (0.05 sec)
Records: 53  Duplicates: 0  Warnings: 0

Query OK, 0 rows affected (0.00 sec)

Query OK, 0 rows affected (0.00 sec)

+-------------------------+
| rep_activenumberavgMahe |
+-------------------------+
|                    2424 |
+-------------------------+
1 row in set (0.00 sec)

+----------------------------+
| rep_activenumberavgMahe_pv |
+----------------------------+
|                         53 |
+----------------------------+
1 row in set (0.00 sec)

Query OK, 0 rows affected (0.01 sec)

Query OK, 1536 rows affected (0.16 sec)
Records: 1536  Duplicates: 0  Warnings: 0

Query OK, 0 rows affected (0.00 sec)

Query OK, 0 rows affected (0.00 sec)

Query OK, 0 rows affected (0.01 sec)

Query OK, 0 rows affected (0.00 sec)

Query OK, 0 rows affected (0.00 sec)
Statement prepared

Query OK, 40 rows affected (0.03 sec)
Records: 40  Duplicates: 0  Warnings: 0

Query OK, 0 rows affected (0.00 sec)

Query OK, 0 rows affected (0.00 sec)

+----------------------------+
| rep_activenumberavgPraslin |
+----------------------------+
|                       1536 |
+----------------------------+
1 row in set (0.00 sec)

+-------------------------------+
| rep_activenumberavgPraslin_pv |
+-------------------------------+
|                            40 |
+-------------------------------+
1 row in set (0.00 sec)

mysql> mysql \. C:\workspace\cloud\code\sql\_DailyScript\currenttime.sql
+---------------------+
| currenttime         |
+---------------------+
| 2021-03-02 07:22:05 |
+---------------------+
1 row in set (0.00 sec)

mysql> 
mysql> mysql \. C:\workspace\cloud\code\sql\_DailyScript\budget_actual_analysis_2021.sql
Query OK, 0 rows affected (0.00 sec)

Query OK, 675 rows affected, 3 warnings (0.09 sec)
Records: 675  Duplicates: 0  Warnings: 3

+--------------------+
| budget_actual_2021 |
+--------------------+
|                675 |
+--------------------+
1 row in set (0.00 sec)

Query OK, 0 rows affected (0.00 sec)

Query OK, 47 rows affected (0.04 sec)
Records: 47  Duplicates: 0  Warnings: 0

+---------------------------+
| rep_budget_actual_2021_pv |
+---------------------------+
|                        47 |
+---------------------------+
1 row in set (0.00 sec)

mysql> mysql \. C:\workspace\cloud\code\sql\_DailyScript\currenttime.sql
+---------------------+
| currenttime         |
+---------------------+
| 2021-03-02 07:22:05 |
+---------------------+
1 row in set (0.00 sec)

mysql> 
mysql> mysql \. C:\workspace\cloud\code\sql\_DailyScript\reports-sales-addons-prepaid-camera.sql
Database changed
Query OK, 0 rows affected (0.01 sec)

Query OK, 4255 rows affected (0.19 sec)
Records: 4255  Duplicates: 0  Warnings: 0

Query OK, 0 rows affected (0.02 sec)

Query OK, 22540 rows affected (9.92 sec)
Records: 22540  Duplicates: 0  Warnings: 0

+--------------------+
| rep_prepaid_camera |
+--------------------+
|               4255 |
+--------------------+
1 row in set (0.01 sec)

+-----------+
| rep_addon |
+-----------+
|     22540 |
+-----------+
1 row in set (0.01 sec)

mysql> mysql \. C:\workspace\cloud\code\sql\_DailyScript\currenttime.sql
+---------------------+
| currenttime         |
+---------------------+
| 2021-03-02 07:22:15 |
+---------------------+
1 row in set (0.00 sec)

mysql> 
mysql> mysql \. C:\workspace\cloud\code\sql\_DailyScript\RCB_ClientAnalyticsReport_Script.sql
Database changed
Query OK, 0 rows affected (0.00 sec)

Query OK, 0 rows affected (0.04 sec)

Query OK, 2031538 rows affected (1 min 11.81 sec)
Records: 2031538  Duplicates: 0  Warnings: 0

Query OK, 0 rows affected (5.96 sec)
Records: 0  Duplicates: 0  Warnings: 0

Query OK, 0 rows affected (5.18 sec)
Records: 0  Duplicates: 0  Warnings: 0

Query OK, 0 rows affected (8.16 sec)
Records: 0  Duplicates: 0  Warnings: 0

Query OK, 0 rows affected (8.57 sec)
Records: 0  Duplicates: 0  Warnings: 0

Query OK, 0 rows affected (9.19 sec)
Records: 0  Duplicates: 0  Warnings: 0

Query OK, 0 rows affected (7.15 sec)
Records: 0  Duplicates: 0  Warnings: 0

Query OK, 0 rows affected (0.00 sec)

Query OK, 505331 rows affected (16.18 sec)
Rows matched: 2031538  Changed: 505331  Warnings: 0

Query OK, 0 rows affected (0.01 sec)

Query OK, 28593 rows affected (4.10 sec)
Records: 28593  Duplicates: 0  Warnings: 0

+---------------------+
| clientcontractssubs |
+---------------------+
|               28593 |
+---------------------+
1 row in set (0.01 sec)

Query OK, 0 rows affected (0.02 sec)

Query OK, 44563 rows affected (10 min 29.39 sec)
Records: 44563  Duplicates: 0  Warnings: 0

Query OK, 0 rows affected (0.17 sec)
Records: 0  Duplicates: 0  Warnings: 0

Query OK, 0 rows affected (0.14 sec)
Records: 0  Duplicates: 0  Warnings: 0

Query OK, 0 rows affected (0.08 sec)
Records: 0  Duplicates: 0  Warnings: 0

+-----------------------+
| clientcontracthistory |
+-----------------------+
|                 44563 |
+-----------------------+
1 row in set (0.01 sec)

Query OK, 0 rows affected (0.03 sec)

Query OK, 2754782 rows affected (1 min 24.20 sec)
Records: 2754782  Duplicates: 0  Warnings: 0

Query OK, 0 rows affected (0.02 sec)

Query OK, 474061 rows affected (6 min 29.22 sec)
Records: 474061  Duplicates: 0  Warnings: 0

Query OK, 0 rows affected (1.71 sec)
Records: 0  Duplicates: 0  Warnings: 0

Query OK, 0 rows affected (0.78 sec)
Records: 0  Duplicates: 0  Warnings: 0

Query OK, 0 rows affected (1.74 sec)
Records: 0  Duplicates: 0  Warnings: 0

Query OK, 0 rows affected (0.85 sec)
Records: 0  Duplicates: 0  Warnings: 0

+--------------------------+
| clientcontractinvpmt_stg |
+--------------------------+
|                   474061 |
+--------------------------+
1 row in set (0.13 sec)

Query OK, 0 rows affected (0.02 sec)

Query OK, 474061 rows affected (12.55 sec)
Records: 474061  Duplicates: 0  Warnings: 0

Query OK, 0 rows affected (2.08 sec)
Records: 0  Duplicates: 0  Warnings: 0

Query OK, 0 rows affected (0.80 sec)
Records: 0  Duplicates: 0  Warnings: 0

Query OK, 0 rows affected (1.81 sec)
Records: 0  Duplicates: 0  Warnings: 0

Query OK, 0 rows affected (0.87 sec)
Records: 0  Duplicates: 0  Warnings: 0

+----------------------+
| clientcontractinvpmt |
+----------------------+
|               474061 |
+----------------------+
1 row in set (0.13 sec)

Query OK, 0 rows affected (0.01 sec)

Query OK, 44563 rows affected (1 min 23.68 sec)
Records: 44563  Duplicates: 0  Warnings: 0

+--------------+
| clientreport |
+--------------+
|        44563 |
+--------------+
1 row in set (0.02 sec)

Query OK, 0 rows affected (0.01 sec)

Query OK, 44563 rows affected (5.68 sec)
Records: 44563  Duplicates: 0  Warnings: 0

+----------------------+
| clientextendedreport |
+----------------------+
|                44563 |
+----------------------+
1 row in set (0.01 sec)

Query OK, 0 rows affected (0.01 sec)

Query OK, 44563 rows affected (56.58 sec)
Records: 44563  Duplicates: 0  Warnings: 0

+---------+
| allcust |
+---------+
|   44563 |
+---------+
1 row in set (0.01 sec)

Query OK, 0 rows affected, 1 warning (0.00 sec)

Query OK, 5000 rows affected (0.14 sec)
Records: 5000  Duplicates: 0  Warnings: 0

Query OK, 0 rows affected (0.01 sec)

Query OK, 6850 rows affected (0.28 sec)
Records: 6850  Duplicates: 0  Warnings: 0

Query OK, 0 rows affected, 1 warning (0.00 sec)

Query OK, 5000 rows affected (0.13 sec)
Records: 5000  Duplicates: 0  Warnings: 0

Query OK, 0 rows affected (0.01 sec)

Query OK, 7276 rows affected (0.17 sec)
Records: 7276  Duplicates: 0  Warnings: 0

mysql> mysql \. C:\workspace\cloud\code\sql\_DailyScript\currenttime.sql
+---------------------+
| currenttime         |
+---------------------+
| 2021-03-02 07:45:45 |
+---------------------+
1 row in set (0.00 sec)

mysql> 
mysql> 
mysql> mysql \. C:\workspace\cloud\code\sql\_DailyScript\REVENUE_PER_NODE_MXK.sql
Query OK, 0 rows affected (0.01 sec)

Query OK, 0 rows affected (0.01 sec)

Query OK, 0 rows affected (0.01 sec)

Query OK, 7313 rows affected (2.26 sec)
Records: 7313  Duplicates: 0  Warnings: 0

+----------------------+
| message              |
+----------------------+
| created temp table a |
+----------------------+
1 row in set (0.00 sec)

Query OK, 6786 rows affected (0.99 sec)
Records: 6786  Duplicates: 0  Warnings: 0

+----------------------+
| message              |
+----------------------+
| created temp table b |
+----------------------+
1 row in set (0.00 sec)

Query OK, 0 rows affected, 1 warning (0.00 sec)

Query OK, 7619 rows affected (19.19 sec)
Records: 7619  Duplicates: 0  Warnings: 0

+--------------------------------+
| message                        |
+--------------------------------+
| created rcbill_my.tempcustmxk1 |
+--------------------------------+
1 row in set (0.00 sec)

Query OK, 0 rows affected (0.01 sec)

Query OK, 0 rows affected (0.00 sec)

Query OK, 0 rows affected, 1 warning (0.00 sec)

Query OK, 7313 rows affected (1.63 sec)
Records: 7313  Duplicates: 0  Warnings: 0

+----------------+
| message        |
+----------------+
| created temp a |
+----------------+
1 row in set (0.00 sec)

Query OK, 6786 rows affected (0.83 sec)
Records: 6786  Duplicates: 0  Warnings: 0

+----------------+
| message        |
+----------------+
| created temp b |
+----------------+
1 row in set (0.00 sec)

Query OK, 0 rows affected, 1 warning (0.00 sec)

Query OK, 6893 rows affected (10.32 sec)
Records: 6893  Duplicates: 0  Warnings: 0

+--------------------------------+
| message                        |
+--------------------------------+
| created rcbill_my.tempcustmxk2 |
+--------------------------------+
1 row in set (0.00 sec)

Query OK, 0 rows affected (0.01 sec)

Query OK, 0 rows affected (0.00 sec)

Query OK, 0 rows affected, 1 warning (0.00 sec)

Query OK, 0 rows affected (0.01 sec)

Query OK, 8514 rows affected (0.37 sec)
Records: 8514  Duplicates: 0  Warnings: 0

+---------------------------------+
| message                         |
+---------------------------------+
| created rcbill_my.customers_mxk |
+---------------------------------+
1 row in set (0.00 sec)

Query OK, 0 rows affected (0.01 sec)

Query OK, 0 rows affected (0.01 sec)

Query OK, 14330 rows affected (5.53 sec)
Records: 14330  Duplicates: 0  Warnings: 0

+----------------+
| message        |
+----------------+
| created temp a |
+----------------+
1 row in set (0.00 sec)

Query OK, 19193 rows affected (1.65 sec)
Records: 19193  Duplicates: 0  Warnings: 0

+----------------+
| message        |
+----------------+
| created temp c |
+----------------+
1 row in set (0.00 sec)

Query OK, 0 rows affected, 1 warning (0.00 sec)

Query OK, 27033 rows affected (0.29 sec)
Records: 27033  Duplicates: 0  Warnings: 0

+---------------------------------+
| message                         |
+---------------------------------+
| created rcbill_my.tempcustcmts1 |
+---------------------------------+
1 row in set (0.00 sec)

Query OK, 0 rows affected (0.01 sec)

Query OK, 0 rows affected, 1 warning (0.00 sec)

Query OK, 0 rows affected (0.01 sec)

Query OK, 14330 rows affected (5.67 sec)
Records: 14330  Duplicates: 0  Warnings: 0

+----------------+
| message        |
+----------------+
| created temp a |
+----------------+
1 row in set (0.00 sec)

Query OK, 19193 rows affected (1.78 sec)
Records: 19193  Duplicates: 0  Warnings: 0

+----------------+
| message        |
+----------------+
| created temp c |
+----------------+
1 row in set (0.00 sec)

Query OK, 0 rows affected, 1 warning (0.00 sec)

Query OK, 19778 rows affected (0.26 sec)
Records: 19778  Duplicates: 0  Warnings: 0

+---------------------------------+
| message                         |
+---------------------------------+
| created rcbill_my.tempcustcmts2 |
+---------------------------------+
1 row in set (0.00 sec)

Query OK, 0 rows affected (0.01 sec)

Query OK, 0 rows affected, 1 warning (0.00 sec)

Query OK, 0 rows affected (0.01 sec)

Query OK, 0 rows affected (0.01 sec)

Query OK, 14502 rows affected (0.97 sec)
Records: 14502  Duplicates: 0  Warnings: 0

+----------------------------------+
| message                          |
+----------------------------------+
| created rcbill_my.customers_cmts |
+----------------------------------+
1 row in set (0.00 sec)

Query OK, 0 rows affected (0.01 sec)

Query OK, 0 rows affected (0.01 sec)

Query OK, 0 rows affected (0.02 sec)

Query OK, 18845 rows affected (0.76 sec)
Records: 18845  Duplicates: 0  Warnings: 0

+--------------------------------------+
| message                              |
+--------------------------------------+
| created rcbill_my.customers_cmts_mxk |
+--------------------------------------+
1 row in set (0.00 sec)

Query OK, 500463 rows affected (57.67 sec)
Records: 500463  Duplicates: 0  Warnings: 0

+----------------+
| message        |
+----------------+
| created temp a |
+----------------+
1 row in set (0.00 sec)

Query OK, 0 rows affected (0.02 sec)

Query OK, 501184 rows affected (11.46 sec)
Records: 501184  Duplicates: 0  Warnings: 0

+------------------------------------------------+
| message                                        |
+------------------------------------------------+
| created rcbill_my.customers_contracts_cmts_mxk |
+------------------------------------------------+
1 row in set (0.00 sec)

Query OK, 0 rows affected (0.01 sec)

Query OK, 0 rows affected, 1 warning (0.00 sec)

Query OK, 0 rows affected, 1 warning (0.00 sec)

Query OK, 0 rows affected (0.00 sec)

Query OK, 8179 rows affected (2.81 sec)
Rows matched: 8179  Changed: 8179  Warnings: 0

+------------------------------------------------+
| message                                        |
+------------------------------------------------+
| updated rcbill_my.customers_contracts_cmts_mxk |
+------------------------------------------------+
1 row in set (0.00 sec)

Query OK, 0 rows affected (0.02 sec)

Query OK, 2078879 rows affected (3 min 51.86 sec)
Records: 2078879  Duplicates: 0  Warnings: 0

+----------------------------------------+
| message                                |
+----------------------------------------+
| created rcbill_my.customers_collection |
+----------------------------------------+
1 row in set (0.03 sec)

Query OK, 0 rows affected (0.03 sec)

Query OK, 2401376 rows affected (1 min 57.67 sec)
Records: 2401376  Duplicates: 0  Warnings: 0

+------------------------------------------------+
| message                                        |
+------------------------------------------------+
| created rcbill_my.customers_cmts_mxk_cont_coll |
+------------------------------------------------+
1 row in set (0.00 sec)

Query OK, 0 rows affected (0.03 sec)

Query OK, 456770 rows affected (2 min 38.86 sec)
Records: 456770  Duplicates: 0  Warnings: 0

+--------------------------------------------------------+
| message                                                |
+--------------------------------------------------------+
| created rcbill_my.customers_contracts_collection_pivot |
+--------------------------------------------------------+
1 row in set (0.00 sec)

Query OK, 0 rows affected (0.03 sec)

Query OK, 40630 rows affected (2 min 44.87 sec)
Records: 40630  Duplicates: 0  Warnings: 0

+----------------------------------------------+
| message                                      |
+----------------------------------------------+
| created rcbill_my.customers_collection_pivot |
+----------------------------------------------+
1 row in set (0.00 sec)

Query OK, 0 rows affected (0.01 sec)

Query OK, 44563 rows affected (3.69 sec)
Records: 44563  Duplicates: 0  Warnings: 0

+--------------------------------------------+
| message                                    |
+--------------------------------------------+
| created rcbill_my.rep_customers_collection |
+--------------------------------------------+
1 row in set (0.00 sec)

Query OK, 0 rows affected (0.00 sec)

Query OK, 0 rows affected, 1 warning (0.00 sec)

Query OK, 465140 rows affected (13.26 sec)
Records: 465140  Duplicates: 0  Warnings: 0

+-------------------------+
| message                 |
+-------------------------+
| created rcbill_my.tempa |
+-------------------------+
1 row in set (0.00 sec)

Query OK, 0 rows affected, 1 warning (0.00 sec)

Query OK, 456770 rows affected (25.32 sec)
Records: 456770  Duplicates: 0  Warnings: 0

+-------------------------+
| message                 |
+-------------------------+
| created rcbill_my.tempb |
+-------------------------+
1 row in set (0.00 sec)

Query OK, 465140 rows affected (25.25 sec)
Records: 465140  Duplicates: 0  Warnings: 0

+-----------+
| message   |
+-----------+
| created a |
+-----------+
1 row in set (0.00 sec)

Query OK, 456775 rows affected (26.45 sec)
Records: 456775  Duplicates: 0  Warnings: 0

+-----------+
| message   |
+-----------+
| created b |
+-----------+
1 row in set (0.00 sec)

Query OK, 0 rows affected (0.02 sec)

Query OK, 0 rows affected (0.03 sec)

Query OK, 0 rows affected (0.03 sec)

Query OK, 501716 rows affected (1 min 3.27 sec)
Records: 501716  Duplicates: 0  Warnings: 0

+----------------------------------------------+
| message                                      |
+----------------------------------------------+
| created rcbill_my.cust_cont_payment_cmts_mxk |
+----------------------------------------------+
1 row in set (0.00 sec)

Query OK, 0 rows affected (0.03 sec)

Query OK, 0 rows affected (0.01 sec)

Query OK, 0 rows affected, 1 warning (0.00 sec)

Query OK, 0 rows affected (0.01 sec)

Query OK, 44563 rows affected (20.91 sec)
Records: 44563  Duplicates: 0  Warnings: 0

+--------------------------------------------------+
| message                                          |
+--------------------------------------------------+
| created rcbill_my.rep_cust_cont_payment_cmts_mxk |
+--------------------------------------------------+
1 row in set (0.00 sec)

Query OK, 0 rows affected, 1 warning (0.00 sec)

Query OK, 0 rows affected, 1 warning (0.00 sec)

Query OK, 0 rows affected (0.01 sec)

Query OK, 44563 rows affected (11.27 sec)
Records: 44563  Duplicates: 0  Warnings: 0

+----------------------+
| rep_custconsolidated |
+----------------------+
|                44563 |
+----------------------+
1 row in set (0.80 sec)

Query OK, 0 rows affected (0.01 sec)

+------------------------------------+
| message                            |
+------------------------------------+
| creating rcbill_my.rep_custextract |
+------------------------------------+
1 row in set (0.00 sec)

Query OK, 44563 rows affected (1.16 sec)
Records: 44563  Duplicates: 0  Warnings: 0

+-----------------+
| rep_custextract |
+-----------------+
|           44563 |
+-----------------+
1 row in set (0.01 sec)

Query OK, 0 rows affected (0.00 sec)

Query OK, 0 rows affected (0.01 sec)

+----------------------------------------------+
| message                                      |
+----------------------------------------------+
| creating rcbill_my.retentioncustomeractivity |
+----------------------------------------------+
1 row in set (0.00 sec)

Query OK, 875 rows affected (0.24 sec)
Records: 875  Duplicates: 0  Warnings: 0

+---------------------------+
| retentioncustomeractivity |
+---------------------------+
|                       875 |
+---------------------------+
1 row in set (0.00 sec)

+-----------+------------------------------------+------------+-------------+-----------------+------------------+---------------------+-------------------+
| HFC_NODE  | NODENAME                           | CMTS_DATE  | INSERTED_ON | UNIQUE_ACCOUNTS | UNIQUE_CONTRACTS | UNIQUE_MAC_INRCBOSS | UNIQUE_MAC_INCMTS |
+-----------+------------------------------------+------------+-------------+-----------------+------------------+---------------------+-------------------+
| NULL      | NULL                               | NULL       | 2021-03-02  |            7077 |             7465 |                7515 |                 0 |
| C5/0/0/U0 | ANSE-BOILEAU-2                     | 2020-11-23 | 2021-03-02  |             190 |              195 |                 190 |               194 |
| C5/0/0/U1 | 500-C3-ANSE-BOILEAU                | 2020-11-23 | 2021-03-02  |             200 |              204 |                 200 |               205 |
| C5/0/1/U0 | 501-C4-LA-MISIERE-LEFT-I           | 2020-11-23 | 2021-03-02  |             154 |              158 |                 154 |               157 |
| C5/0/1/U1 | 501-C5-LA-MISIERE-RIGHT            | 2020-11-23 | 2021-03-02  |             109 |              111 |                 109 |               114 |
| C5/0/1/U2 | 501-C7-LA-MISIERE-LEFT-II          | 2020-11-23 | 2021-03-02  |             160 |              163 |                 160 |               162 |
| C5/0/2/U0 | 502-C8-LA-LOUISE                   | 2020-11-23 | 2021-03-02  |             138 |              138 |                 138 |               139 |
| C5/0/2/U1 | LA-LOUISE-2                        | 2020-11-23 | 2021-03-02  |             141 |              142 |                 141 |               144 |
| C5/0/3/U0 | 504-C6-PETIT-PARIS                 | 2020-11-23 | 2021-03-02  |             157 |              160 |                 157 |               161 |
| C5/0/3/U1 | PETIT-PARIS-23                     | 2020-11-23 | 2021-03-02  |              74 |               76 |                  74 |                76 |
| C5/0/4/U0 | FOUR-SEASONS                       | 2020-11-23 | 2021-03-02  |               3 |                4 |                   4 |                 5 |
| C5/0/4/U1 | ANCHOR-CAFE-I                      | 2020-11-23 | 2021-03-02  |             158 |              162 |                 158 |               162 |
| C5/0/4/U2 | ANCHOR-CAFE-II                     | 2020-11-23 | 2021-03-02  |             159 |              160 |                 159 |               164 |
| C5/1/0/U0 | POINTE-LARUE-AIRPORT-23            | 2020-11-23 | 2021-03-02  |             109 |              115 |                 110 |               111 |
| C5/1/0/U1 | PPROVIDENCE-23                     | 2020-11-23 | 2021-03-02  |              18 |               21 |                  19 |                21 |
| C5/1/0/U2 | ROSHE-CAIMAN-23                    | 2020-11-23 | 2021-03-02  |              12 |               13 |                  12 |                12 |
| C5/1/0/U3 | HEAD-OFFICE | HO-23                | 2020-11-23 | 2021-03-02  |              26 |               26 |                  26 |                30 |
| C5/1/1/U1 | C5-UNION-VALE                      | 2020-11-23 | 2021-03-02  |             195 |              197 |                 195 |               204 |
| C5/1/3/U0 | POINTE-LARUE-AIRPORT-27            | 2020-11-23 | 2021-03-02  |             149 |              150 |                 149 |               155 |
| C5/1/3/U1 | PPROVIDENCE-27                     | 2020-11-23 | 2021-03-02  |              27 |               27 |                  27 |                27 |
| C5/1/3/U2 | ROSHE-CAIMAN-27                    | 2020-11-23 | 2021-03-02  |              27 |               27 |                  27 |                27 |
| C5/1/3/U3 | HEAD-OFFICE | HO-27                | 2020-11-23 | 2021-03-02  |              18 |               19 |                  18 |                19 |
| C5/1/4/U0 | ANSE-ROYALE-27                     | 2020-11-23 | 2021-03-02  |             102 |              104 |                 102 |               104 |
| C5/1/4/U1 | GLACIS-2-57                        | 2020-11-23 | 2021-03-02  |              68 |               71 |                  68 |                71 |
| C5/1/4/U2 | NULL                               | 2020-11-23 | 2021-03-02  |             107 |              110 |                 107 |               108 |
| C5/1/4/U3 | GLACIS-1                           | 2020-11-23 | 2021-03-02  |              33 |               34 |                  33 |                34 |
| C6/0/1/U0 | SERRET-ROAD-RIGHT/CURIO/PASCAL     | 2020-11-23 | 2021-03-02  |             128 |              130 |                 128 |               128 |
| C6/0/1/U1 | SERRET-ROAD-LEFT/ST.LOUIS/TOWN     | 2020-11-23 | 2021-03-02  |              83 |               88 |                  83 |                87 |
| C6/0/1/U2 | SERRET-ROAD-RIGHT/CURIO/PASCAL-2   | 2020-11-23 | 2021-03-02  |             124 |              126 |                 124 |               124 |
| C6/0/1/U3 | SERRET-ROAD-LEFT/ST.LOUIS/TOWN-2   | 2020-11-23 | 2021-03-02  |              76 |               78 |                  76 |                78 |
| C6/0/2/U0 | SANS-SOUCIS-I                      | 2020-11-23 | 2021-03-02  |             100 |              101 |                 100 |               103 |
| C6/0/2/U1 | SANS-SOUCIS-II                     | 2020-11-23 | 2021-03-02  |             114 |              118 |                 114 |               119 |
| C6/0/2/U2 | BEL-AIR-27                         | 2020-11-23 | 2021-03-02  |              97 |               98 |                  97 |               100 |
| C6/0/2/U3 | BEL-AIR-38                         | 2020-11-23 | 2021-03-02  |              84 |               89 |                  84 |                84 |
| C6/0/3/U0 | LES-MAMELLES-23                    | 2020-11-23 | 2021-03-02  |              84 |               84 |                  84 |                88 |
| C6/0/3/U1 | VICTORIA-23                        | 2020-11-23 | 2021-03-02  |              25 |               26 |                  26 |                29 |
| C6/0/4/U0 | LES-MAMELLES-27                    | 2020-11-23 | 2021-03-02  |              67 |               68 |                  67 |                68 |
| C6/0/4/U1 | VICTORIA-27                        | 2020-11-23 | 2021-03-02  |              16 |               16 |                  16 |                16 |
| C7/1/0/U0 | LA-RETRAITE-23                     | 2020-11-23 | 2021-03-02  |              82 |               87 |                  83 |                88 |
| C7/1/0/U1 | TEA-FACTORY-23                     | 2020-11-23 | 2021-03-02  |              23 |               30 |                  25 |                27 |
| C7/1/0/U2 | PAS-23                             | 2020-11-23 | 2021-03-02  |             102 |              107 |                 103 |               104 |
| C7/1/1/U0 | REEF-ESTATE-23                     | 2020-11-23 | 2021-03-02  |              78 |               80 |                  78 |                78 |
| C7/1/2/U0 | LA-RETRAITE-27                     | 2020-11-23 | 2021-03-02  |              70 |               70 |                  70 |                71 |
| C7/1/2/U1 | TEA-FACTORY-27                     | 2020-11-23 | 2021-03-02  |              28 |               34 |                  29 |                29 |
| C7/1/2/U2 | PAS-27                             | 2020-11-23 | 2021-03-02  |              82 |               83 |                  82 |                85 |
| C7/1/3/U0 | MT-BUXTON-27                       | 2020-11-23 | 2021-03-02  |             153 |              156 |                 153 |               158 |
| C7/1/3/U1 | MT-BUXTON-23                       | 2020-11-23 | 2021-03-02  |              85 |               86 |                  85 |                87 |
| C7/1/4/U0 | REEF-ESTATE-27                     | 2020-11-23 | 2021-03-02  |              92 |               93 |                  92 |                93 |
| C8/0/0/U0 | POLICE-ACADEMY-1-27 - POINTE LARUE | 2020-11-23 | 2021-03-02  |             245 |              245 |                 245 |               250 |
| C8/0/0/U1 | NULL                               | 2020-11-23 | 2021-03-02  |              74 |               78 |                  74 |                78 |
| C8/0/1/U0 | NULL                               | 2020-11-23 | 2021-03-02  |             151 |              154 |                 150 |               157 |
| C8/0/1/U1 | POLICE-ACADEMY-2-27 - TURTLE BAY   | 2020-11-23 | 2021-03-02  |             188 |              192 |                 189 |               192 |
| C8/0/2/U0 | BEAU-VALLON-LEFT-1-57              | 2020-11-23 | 2021-03-02  |              11 |               12 |                  12 |                13 |
| C8/0/3/U1 | BEAU-VALLON-RIGHT-2-57             | 2020-11-23 | 2021-03-02  |              10 |               10 |                  10 |                11 |
| C8/1/0/U0 | MA-JOIE-NODE-27                    | 2020-11-23 | 2021-03-02  |              95 |               96 |                  95 |                97 |
| C8/1/0/U1 | BELONIE-27                         | 2020-11-23 | 2021-03-02  |             141 |              143 |                 140 |               145 |
| C8/1/0/U3 | MA-JOIE-NODE-23                    | 2020-11-23 | 2021-03-02  |              90 |               91 |                  89 |                90 |
| C8/1/1/U0 | 611-C1-ROJN I                      | 2020-11-23 | 2021-03-02  |             126 |              127 |                 126 |               129 |
| C8/1/1/U1 | 611-C5-ROJN II                     | 2020-11-23 | 2021-03-02  |             112 |              113 |                 112 |               114 |
| C8/1/2/U0 | 612-C2-ANSE-ETOILE                 | 2020-11-23 | 2021-03-02  |             101 |              101 |                 101 |               103 |
| C8/1/2/U1 | ANSE-ETOILE-U2                     | 2020-11-23 | 2021-03-02  |              67 |               67 |                  67 |                70 |
| C8/1/3/U0 | 613-C3-ANSE-GAULETTE I             | 2020-11-23 | 2021-03-02  |              77 |               84 |                  77 |                80 |
| C8/1/3/U1 | 613-C7-ANSE-GAULETTE II            | 2020-11-23 | 2021-03-02  |              75 |               77 |                  75 |                78 |
| C8/1/3/U2 | 613-C3-ANSE-GAULETTE III           | 2020-11-23 | 2021-03-02  |              40 |               40 |                  40 |                41 |
| C8/1/3/U3 | TAKAMAKA I                         | 2020-11-23 | 2021-03-02  |             105 |              107 |                 105 |               108 |
| C8/1/3/U4 | TAKAMAKA II                        | 2020-11-23 | 2021-03-02  |              92 |               94 |                  92 |                95 |
| C8/1/4/U0 | 614-BEOLIERE-NODE-1                | 2020-11-23 | 2021-03-02  |              93 |               94 |                  93 |                96 |
| C8/1/4/U1 | 614-BEOLIERE-NODE-2                | 2020-11-23 | 2021-03-02  |             140 |              144 |                 140 |               143 |
+-----------+------------------------------------+------------+-------------+-----------------+------------------+---------------------+-------------------+
68 rows in set (0.17 sec)

+-----------------------+------------+-------------+-----------------+------------------+----------------------+-------------------+
| MXK_NAME              | MXK_DATE   | INSERTED_ON | UNIQUE_ACCOUNTS | UNIQUE_CONTRACTS | UNIQUE_FSAN_INRCBOSS | UNIQUE_FSAN_INMXK |
+-----------------------+------------+-------------+-----------------+------------------+----------------------+-------------------+
| NULL                  | NULL       | 2021-03-02  |            1571 |             1617 |                 1603 |                 0 |
| MXK-MAHE-ANSEETOILE   | 2020-07-27 | 2021-03-02  |             376 |              380 |                  378 |               398 |
| MXK-MAHE-ANSEROYALE   | 2020-07-27 | 2021-03-02  |             172 |              172 |                  172 |               198 |
| MXK-MAHE-BEAUVALLON-1 | 2020-07-27 | 2021-03-02  |            1792 |             1815 |                 1807 |              1919 |
| MXK-MAHE-BEAUVALLON-2 | 2020-07-27 | 2021-03-02  |              24 |               24 |                   24 |                30 |
| MXK-MAHE-PERSEVERANCE | 2020-07-27 | 2021-03-02  |            1053 |             1064 |                 1064 |              1241 |
| MXK-MAHE-PROVIDENCE   | 2020-07-27 | 2021-03-02  |             993 |             1022 |                  944 |              1192 |
| MXK-PRASLIN-GRANDANSE | 2020-07-27 | 2021-03-02  |            1287 |             1290 |                 1282 |              1514 |
+-----------------------+------------+-------------+-----------------+------------------+----------------------+-------------------+
8 rows in set (0.08 sec)

mysql> mysql \. C:\workspace\cloud\code\sql\_DailyScript\currenttime.sql
+---------------------+
| currenttime         |
+---------------------+
| 2021-03-02 08:02:16 |
+---------------------+
1 row in set (0.00 sec)

mysql> 
mysql> mysql \. C:\workspace\cloud\code\sql\_DailyScript\housing-estate-analysis.sql
Database changed
Query OK, 0 rows affected (0.01 sec)

Query OK, 3678 rows affected (1 min 18.01 sec)
Records: 3678  Duplicates: 0  Warnings: 0

+--------------------+
| rep_housingestates |
+--------------------+
|               3678 |
+--------------------+
1 row in set (0.00 sec)

mysql> mysql \. C:\workspace\cloud\code\sql\_DailyScript\currenttime.sql
+---------------------+
| currenttime         |
+---------------------+
| 2021-03-02 08:03:34 |
+---------------------+
1 row in set (0.00 sec)

mysql> 
mysql> 
mysql> mysql \. C:\workspace\cloud\code\sql\Analysis\service_tickets_assignments.sql
Query OK, 0 rows affected (0.01 sec)

Query OK, 14691 rows affected (3.18 sec)
Records: 14691  Duplicates: 0  Warnings: 0

+-------------------------+
| rep_servicetickets_2021 |
+-------------------------+
|                   14691 |
+-------------------------+
1 row in set (0.02 sec)

mysql> mysql \. C:\workspace\cloud\code\sql\_DailyScript\currenttime.sql
+---------------------+
| currenttime         |
+---------------------+
| 2021-03-02 08:03:37 |
+---------------------+
1 row in set (0.00 sec)

mysql> 
mysql> mysql \. C:\workspace\cloud\code\sql\_DailyScript\DAILY-SCRIPT-USAGESTATS.sql
Database changed
Query OK, 0 rows affected (0.14 sec)

Query OK, 27391127 rows affected, 65535 warnings (12 min 39.92 sec)
Records: 27391127  Duplicates: 0  Warnings: 27383207

Query OK, 0 rows affected (1 min 12.11 sec)
Records: 0  Duplicates: 0  Warnings: 0

Query OK, 0 rows affected (1 min 11.92 sec)
Records: 0  Duplicates: 0  Warnings: 0

Query OK, 0 rows affected (1 min 11.72 sec)
Records: 0  Duplicates: 0  Warnings: 0

Query OK, 0 rows affected (1 min 6.44 sec)
Records: 0  Duplicates: 0  Warnings: 0

Query OK, 0 rows affected (1 min 48.11 sec)
Records: 0  Duplicates: 0  Warnings: 0

Query OK, 0 rows affected (1 min 56.33 sec)
Records: 0  Duplicates: 0  Warnings: 0

Query OK, 0 rows affected (1 min 43.94 sec)
Records: 0  Duplicates: 0  Warnings: 0

Query OK, 0 rows affected (1 min 13.45 sec)
Records: 0  Duplicates: 0  Warnings: 0

+----------+
| ipusage  |
+----------+
| 27391127 |
+----------+
1 row in set (9.25 sec)

Query OK, 0 rows affected (0.05 sec)

Query OK, 7225784 rows affected (6 min 35.35 sec)
Records: 7225784  Duplicates: 0  Warnings: 0

Query OK, 0 rows affected (23.83 sec)
Records: 0  Duplicates: 0  Warnings: 0

Query OK, 0 rows affected (20.30 sec)
Records: 0  Duplicates: 0  Warnings: 0

Query OK, 0 rows affected (23.97 sec)
Records: 0  Duplicates: 0  Warnings: 0

Query OK, 0 rows affected (30.15 sec)
Records: 0  Duplicates: 0  Warnings: 0

Query OK, 0 rows affected (24.36 sec)
Records: 0  Duplicates: 0  Warnings: 0

+------------------+
| clientcontractip |
+------------------+
|          7225784 |
+------------------+
1 row in set (2.10 sec)

Query OK, 0 rows affected (0.07 sec)

Query OK, 13455758 rows affected (2 min 29.59 sec)
Records: 13455758  Duplicates: 0  Warnings: 0

+---------------------------+
| clientcontractipusage_stg |
+---------------------------+
|                  13455758 |
+---------------------------+
1 row in set (5.05 sec)

+------------------------------------+
| clientcontractipusage_beforeinsert |
+------------------------------------+
|                           13455758 |
+------------------------------------+
1 row in set (6.03 sec)

Query OK, 10482 rows affected (9.94 sec)
Records: 10482  Duplicates: 0  Warnings: 0

+-----------------------------------+
| clientcontractipusage_afterinsert |
+-----------------------------------+
|                          13466240 |
+-----------------------------------+
1 row in set (4.92 sec)

+------------+----------+
| usagedate  | count(*) |
+------------+----------+
| 2021-03-01 |    10482 |
| 2021-02-28 |    10187 |
| 2021-02-27 |    10423 |
| 2021-02-26 |    10942 |
| 2021-02-25 |    10374 |
| 2021-02-24 |    10194 |
| 2021-02-23 |    10716 |
| 2021-02-22 |    10160 |
| 2021-02-21 |    10251 |
| 2021-02-20 |    11059 |
| 2021-02-19 |    11494 |
| 2021-02-18 |    11449 |
| 2021-02-17 |    11420 |
| 2021-02-16 |    11335 |
| 2021-02-15 |    11624 |
+------------+----------+
15 rows in set (0.07 sec)

Query OK, 0 rows affected (0.03 sec)

Query OK, 584487 rows affected (53.44 sec)
Records: 584487  Duplicates: 0  Warnings: 0

Query OK, 0 rows affected (1.92 sec)
Records: 0  Duplicates: 0  Warnings: 0

Query OK, 0 rows affected (1.73 sec)
Records: 0  Duplicates: 0  Warnings: 0

Query OK, 0 rows affected (2.07 sec)
Records: 0  Duplicates: 0  Warnings: 0

Query OK, 0 rows affected (1.14 sec)
Records: 0  Duplicates: 0  Warnings: 0

Query OK, 0 rows affected (1.18 sec)
Records: 0  Duplicates: 0  Warnings: 0

Query OK, 0 rows affected (1.17 sec)
Records: 0  Duplicates: 0  Warnings: 0

Query OK, 0 rows affected (1.20 sec)
Records: 0  Duplicates: 0  Warnings: 0

+-----------------------+
| clientcontractipmonth |
+-----------------------+
|                584487 |
+-----------------------+
1 row in set (0.15 sec)

mysql> mysql \. C:\workspace\cloud\code\sql\_DailyScript\currenttime.sql
+---------------------+
| currenttime         |
+---------------------+
| 2021-03-02 08:40:30 |
+---------------------+
1 row in set (0.00 sec)

mysql> 
mysql> exit
