    -> 
    -> mysql \. C:\workspace\cloud\code\sql\_DailyScript\_setdates.sql
Database changed
Query OK, 0 rows affected (0.00 sec)

Query OK, 0 rows affected (0.00 sec)

Query OK, 0 rows affected (0.00 sec)

Query OK, 0 rows affected (0.00 sec)

Query OK, 0 rows affected (0.00 sec)

Query OK, 0 rows affected (0.00 sec)

Query OK, 0 rows affected (0.00 sec)

Query OK, 0 rows affected (0.00 sec)

mysql> 
mysql> mysql \. C:\workspace\cloud\code\sql\_DailyScript\load_RCB_VODTITLES.sql
Database changed
Query OK, 0 rows affected (0.00 sec)

Query OK, 1769 rows affected (0.33 sec)

Query OK, 1853 rows affected, 1853 warnings (0.11 sec)
Records: 1853  Deleted: 0  Skipped: 0  Warnings: 1853

Query OK, 0 rows affected (0.00 sec)

Query OK, 2 rows affected (0.03 sec)

+-----------+
| VODTITLES |
+-----------+
|      2312 |
+-----------+
1 row in set (0.00 sec)

mysql> 
mysql> mysql \. C:\workspace\cloud\code\sql\_DailyScript\DAILY-SCRIPT-LIVETV-STATS.sql
Database changed
Query OK, 0 rows affected (0.50 sec)

Query OK, 45005 rows affected (11 min 16.55 sec)
Records: 45005  Duplicates: 0  Warnings: 0

+------------+------------+----------+--------------+--------------+-----------+-------------+----------+--------+------+------------+---------+---------------+
| Table      | Non_unique | Key_name | Seq_in_index | Column_name  | Collation | Cardinality | Sub_part | Packed | Null | Index_type | Comment | Index_comment |
+------------+------------+----------+--------------+--------------+-----------+-------------+----------+--------+------+------------+---------+---------------+
| templivetv |          1 | idxtv1   |            1 | device       | A         |       45329 |     NULL | NULL   | YES  | BTREE      |         |               |
| templivetv |          1 | idxtv2   |            1 | sessionstart | A         |       45329 |     NULL | NULL   | YES  | BTREE      |         |               |
+------------+------------+----------+--------------+--------------+-----------+-------------+----------+--------+------+------------+---------+---------------+
2 rows in set (0.02 sec)

Query OK, 44922 rows affected (59.08 sec)
Records: 44922  Duplicates: 0  Warnings: 0

Query OK, 2656 rows affected (2.50 sec)
Records: 2656  Duplicates: 0  Warnings: 0

Query OK, 0 rows affected (0.00 sec)

Query OK, 0 rows affected (0.00 sec)

Query OK, 142 rows affected (0.11 sec)
Records: 142  Duplicates: 0  Warnings: 0

Query OK, 0 rows affected (0.45 sec)

Query OK, 43206 rows affected (8 min 32.99 sec)
Records: 43206  Duplicates: 0  Warnings: 0

+-----------------+
| rep_livetvstats |
+-----------------+
|           43206 |
+-----------------+
1 row in set (0.01 sec)

mysql> mysql \. C:\workspace\cloud\code\sql\_DailyScript\DAILY-SCRIPT-VODTS-STATS.sql
Database changed
Query OK, 0 rows affected (0.00 sec)

Query OK, 0 rows affected (0.03 sec)

Query OK, 611 rows affected (26.45 sec)
Records: 611  Duplicates: 0  Warnings: 0

+---------+------------+----------+--------------+--------------+-----------+-------------+----------+--------+------+------------+---------+---------------+
| Table   | Non_unique | Key_name | Seq_in_index | Column_name  | Collation | Cardinality | Sub_part | Packed | Null | Index_type | Comment | Index_comment |
+---------+------------+----------+--------------+--------------+-----------+-------------+----------+--------+------+------------+---------+---------------+
| tempvod |          1 | idxtvod1 |            1 | device       | A         |         806 |     NULL | NULL   | YES  | BTREE      |         |               |
| tempvod |          1 | idxtvod2 |            1 | sessionstart | A         |         806 |     NULL | NULL   | YES  | BTREE      |         |               |
+---------+------------+----------+--------------+--------------+-----------+-------------+----------+--------+------+------------+---------+---------------+
2 rows in set (0.00 sec)

Query OK, 611 rows affected (0.83 sec)
Records: 611  Duplicates: 0  Warnings: 0

Query OK, 0 rows affected (0.03 sec)

Query OK, 91639 rows affected (13.89 sec)
Records: 91639  Duplicates: 0  Warnings: 0

+--------------+
| rep_vodstats |
+--------------+
|        91639 |
+--------------+
1 row in set (0.03 sec)

Database changed
Query OK, 0 rows affected (0.03 sec)

Query OK, 8408 rows affected (4 min 41.48 sec)
Records: 8408  Duplicates: 0  Warnings: 0

+--------+------------+----------+--------------+--------------+-----------+-------------+----------+--------+------+------------+---------+---------------+
| Table  | Non_unique | Key_name | Seq_in_index | Column_name  | Collation | Cardinality | Sub_part | Packed | Null | Index_type | Comment | Index_comment |
+--------+------------+----------+--------------+--------------+-----------+-------------+----------+--------+------+------------+---------+---------------+
| tempts |          1 | idxtts1  |            1 | device       | A         |        8534 |     NULL | NULL   | YES  | BTREE      |         |               |
| tempts |          1 | idxtts2  |            1 | sessionstart | A         |        8534 |     NULL | NULL   | YES  | BTREE      |         |               |
+--------+------------+----------+--------------+--------------+-----------+-------------+----------+--------+------+------------+---------+---------------+
2 rows in set (0.00 sec)

Query OK, 8405 rows affected (11.07 sec)
Records: 8405  Duplicates: 0  Warnings: 0

Query OK, 0 rows affected (0.06 sec)

Query OK, 12680 rows affected (3 min 25.54 sec)
Records: 12680  Duplicates: 0  Warnings: 0

+-------------+
| rep_tsstats |
+-------------+
|       12680 |
+-------------+
1 row in set (0.00 sec)

mysql> mysql \. C:\workspace\cloud\code\sql\_DailyScript\DAILY-SCRIPT-RADIO-STATS.sql
Database changed
Query OK, 0 rows affected (0.05 sec)

Query OK, 96817 rows affected (4.84 sec)
Records: 96817  Duplicates: 0  Warnings: 0

+-----------+------------+----------+--------------+--------------+-----------+-------------+----------+--------+------+------------+---------+---------------+
| Table     | Non_unique | Key_name | Seq_in_index | Column_name  | Collation | Cardinality | Sub_part | Packed | Null | Index_type | Comment | Index_comment |
+-----------+------------+----------+--------------+--------------+-----------+-------------+----------+--------+------+------------+---------+---------------+
| tempradio |          1 | idxtrad1 |            1 | device       | A         |       97132 |     NULL | NULL   | YES  | BTREE      |         |               |
| tempradio |          1 | idxtrad2 |            1 | sessionstart | A         |       97132 |     NULL | NULL   | YES  | BTREE      |         |               |
+-----------+------------+----------+--------------+--------------+-----------+-------------+----------+--------+------+------------+---------+---------------+
2 rows in set (0.03 sec)

Query OK, 179 rows affected (4.09 sec)
Records: 179  Duplicates: 0  Warnings: 0

Query OK, 0 rows affected (0.02 sec)

Query OK, 1695 rows affected (0.25 sec)
Records: 1695  Duplicates: 0  Warnings: 0

+----------------+
| rep_radiostats |
+----------------+
|           1695 |
+----------------+
1 row in set (0.00 sec)

mysql> mysql \. C:\workspace\cloud\code\sql\_DailyScript\DAILY_SCRIPT_TELEMETRY_PIVOT.sql
Query OK, 0 rows affected (0.03 sec)

Query OK, 169 rows affected (0.55 sec)
Records: 169  Duplicates: 0  Warnings: 0

Query OK, 0 rows affected (0.05 sec)

Query OK, 1282 rows affected (1.13 sec)
Records: 1282  Duplicates: 0  Warnings: 0

Query OK, 0 rows affected (0.00 sec)

Query OK, 12 rows affected (0.03 sec)
Records: 12  Duplicates: 0  Warnings: 0

Query OK, 0 rows affected (0.00 sec)

Query OK, 47 rows affected (0.05 sec)
Records: 47  Duplicates: 0  Warnings: 0

mysql> 
mysql> mysql \. C:\workspace\cloud\code\sql\_DailyScript\telemetry_livetv_ranking2018.sql
Query OK, 0 rows affected (0.03 sec)

Query OK, 169 rows affected (0.05 sec)
Records: 169  Duplicates: 0  Warnings: 0

mysql> mysql \. C:\workspace\cloud\code\sql\_DailyScript\telemetry_radio_ranking2018.sql
Query OK, 0 rows affected (0.02 sec)

Query OK, 12 rows affected (0.01 sec)
Records: 12  Duplicates: 0  Warnings: 0

mysql> mysql \. C:\workspace\cloud\code\sql\_DailyScript\telemetry_ts_ranking2018.sql
Query OK, 0 rows affected (0.08 sec)

Query OK, 47 rows affected (0.14 sec)
Records: 47  Duplicates: 0  Warnings: 0

mysql> mysql \. C:\workspace\cloud\code\sql\_DailyScript\telemetry_vod_ranking2018.sql
Query OK, 0 rows affected (0.02 sec)

Query OK, 1282 rows affected (0.19 sec)
Records: 1282  Duplicates: 0  Warnings: 0

mysql> mysql \. C:\workspace\cloud\code\sql\_DailyScript\telemetry_vod_ranking2018_1.sql
Query OK, 0 rows affected (0.02 sec)

Query OK, 1282 rows affected (0.06 sec)
Records: 1282  Duplicates: 0  Warnings: 0

mysql> mysql \. C:\workspace\cloud\code\sql\_DailyScript\telemetry_vod_ranking2018_2.sql
Query OK, 0 rows affected (0.03 sec)

Query OK, 1282 rows affected (0.03 sec)
Records: 1282  Duplicates: 0  Warnings: 0

mysql> 
mysql> mysql \. C:\workspace\cloud\code\sql\_DailyScript\DAILY-SCRIPT-CREATE-LOAD.sql
Database changed
Database changed
Query OK, 0 rows affected (0.08 sec)

Query OK, 0 rows affected (0.02 sec)

Database changed
Query OK, 64278 rows affected (5.91 sec)
Records: 64278  Deleted: 0  Skipped: 0  Warnings: 0

Query OK, 0 rows affected (0.33 sec)
Records: 0  Duplicates: 0  Warnings: 0

Query OK, 0 rows affected (0.77 sec)
Records: 0  Duplicates: 0  Warnings: 0

Query OK, 0 rows affected (0.92 sec)
Records: 0  Duplicates: 0  Warnings: 0

Query OK, 0 rows affected (0.39 sec)
Records: 0  Duplicates: 0  Warnings: 0

Query OK, 0 rows affected (0.22 sec)

Query OK, 82266 rows affected (4.70 sec)
Records: 82266  Duplicates: 0  Warnings: 0

Query OK, 0 rows affected (0.34 sec)
Records: 0  Duplicates: 0  Warnings: 0

Query OK, 0 rows affected (0.28 sec)

Query OK, 64278 rows affected (3.00 sec)
Records: 64278  Duplicates: 0  Warnings: 0

Query OK, 0 rows affected (1.48 sec)
Records: 0  Duplicates: 0  Warnings: 0

Query OK, 0 rows affected (0.33 sec)
Records: 0  Duplicates: 0  Warnings: 0

Query OK, 0 rows affected (0.83 sec)
Records: 0  Duplicates: 0  Warnings: 0

+---------+
| clients |
+---------+
|   64278 |
+---------+
1 row in set (0.02 sec)

+---------------+
| clientaddress |
+---------------+
|         64278 |
+---------------+
1 row in set (0.02 sec)

Database changed
Query OK, 0 rows affected (0.20 sec)

Query OK, 0 rows affected (0.06 sec)

Database changed
Query OK, 453008 rows affected, 65535 warnings (32.32 sec)
Records: 453008  Deleted: 0  Skipped: 0  Warnings: 171269

Query OK, 0 rows affected (3.05 sec)
Records: 0  Duplicates: 0  Warnings: 0

Query OK, 0 rows affected (3.51 sec)
Records: 0  Duplicates: 0  Warnings: 0

Query OK, 0 rows affected (1.89 sec)
Records: 0  Duplicates: 0  Warnings: 0

Query OK, 0 rows affected (0.06 sec)

Query OK, 453008 rows affected (1 min 35.04 sec)
Records: 453008  Duplicates: 0  Warnings: 0

Query OK, 0 rows affected (3.30 sec)
Records: 0  Duplicates: 0  Warnings: 0

Query OK, 0 rows affected (2.36 sec)
Records: 0  Duplicates: 0  Warnings: 0

+-----------+
| contracts |
+-----------+
|    453008 |
+-----------+
1 row in set (0.67 sec)

+-----------------+
| contractaddress |
+-----------------+
|          453008 |
+-----------------+
1 row in set (0.14 sec)

Database changed
Query OK, 0 rows affected (1.31 sec)

Query OK, 0 rows affected (0.17 sec)

Query OK, 6285 rows affected (0.27 sec)
Records: 6285  Deleted: 0  Skipped: 0  Warnings: 0

Query OK, 0 rows affected (0.01 sec)

Query OK, 6254 rows affected (0.38 sec)
Records: 6254  Duplicates: 0  Warnings: 0

Query OK, 0 rows affected (0.44 sec)
Records: 0  Duplicates: 0  Warnings: 0

Query OK, 0 rows affected (0.03 sec)

Query OK, 5160 rows affected (0.09 sec)
Records: 5160  Duplicates: 0  Warnings: 0

Query OK, 0 rows affected (0.23 sec)
Records: 0  Duplicates: 0  Warnings: 0

+-------------------+
| contractdiscounts |
+-------------------+
|              6285 |
+-------------------+
1 row in set (0.00 sec)

+-------------------------+
| clientcontractdiscounts |
+-------------------------+
|                    6254 |
+-------------------------+
1 row in set (0.00 sec)

+----------------------------+
| clientcontractlastdiscount |
+----------------------------+
|                       5160 |
+----------------------------+
1 row in set (0.00 sec)

Database changed
Query OK, 0 rows affected (0.86 sec)

Query OK, 0 rows affected (0.00 sec)

Database changed
Query OK, 123937 rows affected (8.81 sec)
Records: 123937  Deleted: 0  Skipped: 0  Warnings: 0

Query OK, 0 rows affected (1.59 sec)
Records: 0  Duplicates: 0  Warnings: 0

Query OK, 0 rows affected (0.61 sec)
Records: 0  Duplicates: 0  Warnings: 0

Query OK, 0 rows affected (2.03 sec)
Records: 0  Duplicates: 0  Warnings: 0

Query OK, 0 rows affected (1.26 sec)
Records: 0  Duplicates: 0  Warnings: 0

Query OK, 0 rows affected (0.66 sec)
Records: 0  Duplicates: 0  Warnings: 0

Query OK, 0 rows affected (0.86 sec)
Records: 0  Duplicates: 0  Warnings: 0

Query OK, 0 rows affected (0.73 sec)

Query OK, 1543566 rows affected (4 min 20.00 sec)
Records: 1543566  Duplicates: 0  Warnings: 0

+---------+
| devices |
+---------+
|  123937 |
+---------+
1 row in set (0.05 sec)

+-----------------------+
| clientcontractdevices |
+-----------------------+
|               1543566 |
+-----------------------+
1 row in set (0.55 sec)

Query OK, 0 rows affected (0.02 sec)

Query OK, 123739 rows affected (10.75 sec)
Records: 123739  Duplicates: 0  Warnings: 0

+---------------------------+
| rep_clientcontractdevices |
+---------------------------+
|                    123739 |
+---------------------------+
1 row in set (0.03 sec)

Database changed
Query OK, 0 rows affected (0.05 sec)

Query OK, 0 rows affected (0.00 sec)

Query OK, 224159 rows affected (11.20 sec)
Records: 224159  Deleted: 0  Skipped: 0  Warnings: 0

Query OK, 0 rows affected (2.72 sec)
Records: 0  Duplicates: 0  Warnings: 0

Query OK, 0 rows affected (2.55 sec)
Records: 0  Duplicates: 0  Warnings: 0

Query OK, 0 rows affected (1.31 sec)
Records: 0  Duplicates: 0  Warnings: 0

Query OK, 0 rows affected (0.94 sec)
Records: 0  Duplicates: 0  Warnings: 0

+---------+
| tickets |
+---------+
|  224159 |
+---------+
1 row in set (0.08 sec)

Database changed
Query OK, 0 rows affected (0.01 sec)

Query OK, 0 rows affected (0.02 sec)

Empty set (0.00 sec)

Query OK, 0 rows affected (0.02 sec)
Records: 0  Duplicates: 0  Warnings: 0

Query OK, 301 rows affected, 2 warnings (0.11 sec)
Records: 301  Deleted: 0  Skipped: 0  Warnings: 2

+-----------------+
| tickettechusers |
+-----------------+
|             301 |
+-----------------+
1 row in set (0.00 sec)

Database changed
Query OK, 0 rows affected (0.00 sec)

Query OK, 0 rows affected (0.01 sec)

Query OK, 0 rows affected (0.02 sec)
Records: 0  Duplicates: 0  Warnings: 0

Query OK, 454152 rows affected, 39308 warnings (20.77 sec)
Records: 454152  Deleted: 0  Skipped: 0  Warnings: 39308

+-------------------+
| ticketassignments |
+-------------------+
|            454152 |
+-------------------+
1 row in set (0.15 sec)

Database changed
Query OK, 0 rows affected (0.19 sec)

Query OK, 0 rows affected (0.00 sec)

Query OK, 956350 rows affected (23.35 sec)
Records: 956350  Deleted: 0  Skipped: 0  Warnings: 0

Query OK, 0 rows affected (4.92 sec)
Records: 0  Duplicates: 0  Warnings: 0

Query OK, 0 rows affected (3.23 sec)
Records: 0  Duplicates: 0  Warnings: 0

Query OK, 0 rows affected (3.23 sec)
Records: 0  Duplicates: 0  Warnings: 0

Query OK, 0 rows affected (3.28 sec)
Records: 0  Duplicates: 0  Warnings: 0

+----------------+
| ticketcomments |
+----------------+
|         956350 |
+----------------+
1 row in set (0.31 sec)

Database changed
Query OK, 0 rows affected (0.00 sec)

Query OK, 0 rows affected (0.01 sec)

Query OK, 381023 rows affected (42.04 sec)
Records: 381023  Deleted: 0  Skipped: 0  Warnings: 0

Query OK, 0 rows affected (3.52 sec)
Records: 0  Duplicates: 0  Warnings: 0

+----------+
| comments |
+----------+
|   381023 |
+----------+
1 row in set (0.13 sec)

Database changed
Query OK, 0 rows affected (0.22 sec)

Query OK, 0 rows affected (0.00 sec)

Query OK, 489023 rows affected, 65535 warnings (1 min 2.27 sec)
Records: 489023  Deleted: 0  Skipped: 0  Warnings: 489024

Query OK, 0 rows affected (1.59 sec)
Records: 0  Duplicates: 0  Warnings: 0

Query OK, 0 rows affected (2.02 sec)
Records: 0  Duplicates: 0  Warnings: 0

Query OK, 0 rows affected (2.08 sec)
Records: 0  Duplicates: 0  Warnings: 0

Query OK, 0 rows affected (1.95 sec)
Records: 0  Duplicates: 0  Warnings: 0

Query OK, 0 rows affected (2.47 sec)
Records: 0  Duplicates: 0  Warnings: 0

+------------+
| devicesold |
+------------+
|     489023 |
+------------+
1 row in set (0.16 sec)

Database changed
Query OK, 0 rows affected (0.13 sec)

Query OK, 0 rows affected (0.03 sec)

Query OK, 1537419 rows affected (40.91 sec)
Records: 1537419  Deleted: 0  Skipped: 0  Warnings: 0

Query OK, 0 rows affected (6.20 sec)
Records: 0  Duplicates: 0  Warnings: 0

Query OK, 0 rows affected (6.94 sec)
Records: 0  Duplicates: 0  Warnings: 0

Query OK, 0 rows affected (7.78 sec)
Records: 0  Duplicates: 0  Warnings: 0

+------------------+
| contractservices |
+------------------+
|          1537419 |
+------------------+
1 row in set (0.56 sec)

Database changed
Query OK, 0 rows affected (0.30 sec)

Query OK, 0 rows affected (0.00 sec)

Query OK, 3335056 rows affected (3 min 1.93 sec)
Records: 3335056  Deleted: 0  Skipped: 0  Warnings: 0

Query OK, 0 rows affected (18.17 sec)
Records: 0  Duplicates: 0  Warnings: 0

Query OK, 0 rows affected (17.73 sec)
Records: 0  Duplicates: 0  Warnings: 0

Query OK, 0 rows affected (18.01 sec)
Records: 0  Duplicates: 0  Warnings: 0

Query OK, 0 rows affected (16.93 sec)
Records: 0  Duplicates: 0  Warnings: 0

+------------------+
| invoicescontents |
+------------------+
|          3335056 |
+------------------+
1 row in set (1.19 sec)

Database changed
Query OK, 0 rows affected (1.00 sec)

Query OK, 0 rows affected (0.08 sec)

Query OK, 2273078 rows affected (4 min 39.09 sec)
Records: 2273078  Deleted: 0  Skipped: 0  Warnings: 0

Query OK, 0 rows affected (2 min 13.64 sec)
Records: 0  Duplicates: 0  Warnings: 0

Query OK, 0 rows affected (1 min 58.60 sec)
Records: 0  Duplicates: 0  Warnings: 0

Query OK, 0 rows affected (1 min 23.15 sec)
Records: 0  Duplicates: 0  Warnings: 0

Query OK, 0 rows affected (23.51 sec)
Records: 0  Duplicates: 0  Warnings: 0

Query OK, 0 rows affected (34.06 sec)
Records: 0  Duplicates: 0  Warnings: 0

+----------------+
| invoicesheader |
+----------------+
|        2273078 |
+----------------+
1 row in set (3.31 sec)

Database changed
Query OK, 0 rows affected (0.56 sec)

Query OK, 0 rows affected (0.11 sec)

Query OK, 2437113 rows affected (3 min 32.59 sec)
Records: 2437113  Deleted: 0  Skipped: 0  Warnings: 0

Query OK, 0 rows affected (1 min 11.83 sec)
Records: 0  Duplicates: 0  Warnings: 0

Query OK, 0 rows affected (39.02 sec)
Records: 0  Duplicates: 0  Warnings: 0

Query OK, 0 rows affected (39.18 sec)
Records: 0  Duplicates: 0  Warnings: 0

Query OK, 0 rows affected (28.96 sec)
Records: 0  Duplicates: 0  Warnings: 0

+---------+
| casa    |
+---------+
| 2437113 |
+---------+
1 row in set (5.14 sec)

Database changed
Query OK, 0 rows affected (0.22 sec)

Query OK, 0 rows affected (0.23 sec)

Database changed
Query OK, 36972 rows affected (4.20 sec)
Records: 36972  Deleted: 0  Skipped: 0  Warnings: 0

+-------+
| users |
+-------+
| 36972 |
+-------+
1 row in set (0.02 sec)

Database changed
Query OK, 0 rows affected (0.59 sec)

Query OK, 0 rows affected (0.11 sec)

Database changed
Query OK, 5162944 rows affected (7 min 23.53 sec)
Records: 5162944  Deleted: 0  Skipped: 0  Warnings: 0

Query OK, 0 rows affected (1 min 46.59 sec)
Records: 0  Duplicates: 0  Warnings: 0

Query OK, 0 rows affected (32.36 sec)
Records: 0  Duplicates: 0  Warnings: 0

Query OK, 0 rows affected (28.88 sec)
Records: 0  Duplicates: 0  Warnings: 0

Query OK, 0 rows affected (19.13 sec)
Records: 0  Duplicates: 0  Warnings: 0

+----------+
| ipusage1 |
+----------+
|  5162944 |
+----------+
1 row in set (1.57 sec)

Query OK, 0 rows affected (0.19 sec)

Query OK, 5221179 rows affected, 65535 warnings (7 min 7.87 sec)
Records: 5221179  Duplicates: 0  Warnings: 5207530

Query OK, 0 rows affected (43.30 sec)
Records: 0  Duplicates: 0  Warnings: 0

Query OK, 0 rows affected (31.68 sec)
Records: 0  Duplicates: 0  Warnings: 0

Query OK, 0 rows affected (22.69 sec)
Records: 0  Duplicates: 0  Warnings: 0

Query OK, 0 rows affected (20.31 sec)
Records: 0  Duplicates: 0  Warnings: 0

Query OK, 0 rows affected (31.85 sec)
Records: 0  Duplicates: 0  Warnings: 0

Query OK, 0 rows affected (34.34 sec)
Records: 0  Duplicates: 0  Warnings: 0

Query OK, 0 rows affected (30.90 sec)
Records: 0  Duplicates: 0  Warnings: 0

+---------+
| ipusage |
+---------+
| 5221179 |
+---------+
1 row in set (1.80 sec)

Query OK, 0 rows affected (0.06 sec)

Query OK, 2394546 rows affected (1 min 44.47 sec)
Records: 2394546  Duplicates: 0  Warnings: 0

Query OK, 0 rows affected (12.69 sec)
Records: 0  Duplicates: 0  Warnings: 0

Query OK, 0 rows affected (9.24 sec)
Records: 0  Duplicates: 0  Warnings: 0

Query OK, 0 rows affected (11.13 sec)
Records: 0  Duplicates: 0  Warnings: 0

Query OK, 0 rows affected (16.27 sec)
Records: 0  Duplicates: 0  Warnings: 0

Query OK, 0 rows affected (0.02 sec)

Query OK, 245488 rows affected (22.59 sec)
Records: 245488  Duplicates: 0  Warnings: 0

Query OK, 0 rows affected (0.99 sec)
Records: 0  Duplicates: 0  Warnings: 0

Query OK, 0 rows affected (0.98 sec)
Records: 0  Duplicates: 0  Warnings: 0

Query OK, 0 rows affected (1.12 sec)
Records: 0  Duplicates: 0  Warnings: 0

Query OK, 0 rows affected (0.65 sec)
Records: 0  Duplicates: 0  Warnings: 0

Query OK, 0 rows affected (1.02 sec)
Records: 0  Duplicates: 0  Warnings: 0

mysql> mysql \. C:\workspace\cloud\code\sql\_DailyScript\ticket_analysis.sql
Database changed
Query OK, 0 rows affected (0.07 sec)

Query OK, 317340 rows affected (23.37 sec)
Records: 317340  Duplicates: 0  Warnings: 0

Query OK, 0 rows affected (1.34 sec)
Records: 0  Duplicates: 0  Warnings: 0

Query OK, 0 rows affected (0.90 sec)
Records: 0  Duplicates: 0  Warnings: 0

Query OK, 0 rows affected (1.17 sec)
Records: 0  Duplicates: 0  Warnings: 0

Query OK, 0 rows affected (0.03 sec)

Query OK, 12298 rows affected (6.45 sec)
Records: 12298  Duplicates: 0  Warnings: 0

Query OK, 0 rows affected, 1 warning (0.00 sec)

Query OK, 43439 rows affected (4.72 sec)
Records: 43439  Duplicates: 0  Warnings: 0

Query OK, 0 rows affected, 1 warning (0.00 sec)

Query OK, 223379 rows affected (9.51 sec)
Records: 223379  Duplicates: 0  Warnings: 0

Query OK, 0 rows affected, 1 warning (0.00 sec)

Query OK, 223379 rows affected (10.84 sec)
Records: 223379  Duplicates: 0  Warnings: 0

Query OK, 0 rows affected (0.37 sec)

Query OK, 43478 rows affected (3.03 sec)
Records: 43478  Duplicates: 0  Warnings: 0

Database changed
Query OK, 0 rows affected (0.00 sec)

Query OK, 0 rows affected (0.00 sec)

Query OK, 144758 rows affected (8.71 sec)
Records: 144758  Duplicates: 0  Warnings: 0

Query OK, 0 rows affected (0.07 sec)

Query OK, 68836 rows affected (6.36 sec)
Records: 68836  Duplicates: 0  Warnings: 0

+--------------------------+
| clientticket_cmmtjourney |
+--------------------------+
|                   144758 |
+--------------------------+
1 row in set (0.24 sec)

+---------------------------+
| clientticket_assgnjourney |
+---------------------------+
|                     68836 |
+---------------------------+
1 row in set (0.05 sec)

Query OK, 0 rows affected (0.02 sec)

Query OK, 69 rows affected (0.28 sec)
Records: 69  Duplicates: 0  Warnings: 0

mysql> mysql \. C:\workspace\cloud\code\sql\_DailyScript\load_DailyCalls.sql
Database changed
Query OK, 1037 rows affected (1.60 sec)
Records: 1037  Deleted: 0  Skipped: 0  Warnings: 0

Query OK, 0 rows affected, 1 warning (0.00 sec)

Query OK, 982 rows affected (0.14 sec)
Records: 982  Duplicates: 0  Warnings: 0

Query OK, 0 rows affected, 1 warning (0.00 sec)

Query OK, 65274 rows affected (1.12 sec)
Records: 65274  Duplicates: 0  Warnings: 0

Query OK, 1230 rows affected (23.00 sec)
Records: 1230  Duplicates: 0  Warnings: 0

Query OK, 0 rows affected (0.12 sec)

Query OK, 565 rows affected (8.98 sec)
Records: 565  Duplicates: 0  Warnings: 0

Query OK, 0 rows affected (0.00 sec)

Query OK, 11557 rows affected (1.86 sec)
Records: 11557  Duplicates: 0  Warnings: 0

+-----------+
| callstats |
+-----------+
|     11557 |
+-----------+
1 row in set (0.00 sec)

mysql> 
mysql> mysql \. C:\workspace\cloud\code\sql\_DailyScript\DAILY-SCRIPT-USAGE.sql
Database changed
Query OK, 0 rows affected (0.00 sec)

ERROR 2 (HY000): File 'C:\ProgramData\MySQL\MySQL Server 5.7\Uploads\DailyUsage\cdrUsageClient-Capped-29102018.csv' not found (Errcode: 2 - No such file or directory)
Query OK, 0 rows affected (0.00 sec)

ERROR 2 (HY000): File 'C:\ProgramData\MySQL\MySQL Server 5.7\Uploads\DailyUsage\cdrUsageClient-UnCapped-29102018.csv' not found (Errcode: 2 - No such file or directory)
Query OK, 0 rows affected (0.00 sec)

ERROR 2 (HY000): File 'C:\ProgramData\MySQL\MySQL Server 5.7\Uploads\DailyUsage\cdrUsageClient-PREPAID-29102018.csv' not found (Errcode: 2 - No such file or directory)
Query OK, 0 rows affected (0.02 sec)

ERROR 2 (HY000): File 'C:\ProgramData\MySQL\MySQL Server 5.7\Uploads\DailyUsage\cdrUsageClient-Hotspot-29102018.csv' not found (Errcode: 2 - No such file or directory)
+------------+
| dailyusage |
+------------+
|    3023139 |
+------------+
1 row in set (2.48 sec)

+------------+------------+------------+---------+
| datestart  | dateend    | insertedon | records |
+------------+------------+------------+---------+
| 2018-10-28 | 2018-10-28 | 2018-10-29 |    8782 |
| 2018-10-27 | 2018-10-27 | 2018-10-28 |    8910 |
| 2018-10-26 | 2018-10-26 | 2018-10-27 |    9194 |
| 2018-10-25 | 2018-10-25 | 2018-10-26 |    9083 |
| 2018-10-24 | 2018-10-24 | 2018-10-25 |    8968 |
+------------+------------+------------+---------+
5 rows in set (39.37 sec)

mysql> mysql \. C:\workspace\cloud\code\sql\_DailyScript\DAILY-SCRIPT-SALES-TELEMETRY.sql
Database changed
ERROR 2 (HY000): File 'C:\ProgramData\MySQL\MySQL Server 5.7\Uploads\DailySales\SalesReport-29102018-1.csv' not found (Errcode: 2 - No such file or directory)
+------------+
| dailysales |
+------------+
|     127198 |
+------------+
1 row in set (1.51 sec)

Query OK, 0 rows affected (0.13 sec)

Query OK, 127198 rows affected (11.40 sec)
Records: 127198  Duplicates: 0  Warnings: 0

+--------+
| sales  |
+--------+
| 127198 |
+--------+
1 row in set (0.07 sec)

Query OK, 0 rows affected (0.03 sec)

Query OK, 2136 rows affected (0.69 sec)
Records: 2136  Duplicates: 0  Warnings: 0

+-----------+
| saleslist |
+-----------+
|      2136 |
+-----------+
1 row in set (0.01 sec)

Database changed
ERROR 2 (HY000): File 'C:\ProgramData\MySQL\MySQL Server 5.7\Uploads\DailySales\PrepaidCardSales-29102018-P1.csv' not found (Errcode: 2 - No such file or directory)
+------------------+
| dailysinglesales |
+------------------+
|             4976 |
+------------------+
1 row in set (0.04 sec)

Database changed
ERROR 2 (HY000): File 'C:\ProgramData\MySQL\MySQL Server 5.7\Uploads\DailySales\Sales-Addon-29102018.csv' not found (Errcode: 2 - No such file or directory)
+-----------------+
| dailyaddonsales |
+-----------------+
|           13509 |
+-----------------+
1 row in set (0.09 sec)

ERROR 2 (HY000): File 'C:\ProgramData\MySQL\MySQL Server 5.7\Uploads\DailySales\eBarclays-PaymentsList-29102018.csv' not found (Errcode: 2 - No such file or directory)
+----------------+
| onlinepayments |
+----------------+
|          34837 |
+----------------+
1 row in set (0.06 sec)

+-------------+----------------+---------------------+
| paymentdate | onlinepayments | onlinepaymentamount |
+-------------+----------------+---------------------+
| 2018-10-28  |            112 |         65130.59000 |
| 2018-10-27  |            140 |         83673.89000 |
| 2018-10-26  |            114 |         73586.58000 |
| 2018-10-25  |             98 |         51785.70000 |
| 2018-10-24  |            109 |         71808.75000 |
+-------------+----------------+---------------------+
5 rows in set (1.17 sec)

+-------------+--------------+----------------+---------------------+
| paymentyear | paymentmonth | onlinepayments | onlinepaymentamount |
+-------------+--------------+----------------+---------------------+
|        2018 |           10 |           2405 |       1400729.87000 |
|        2018 |            9 |           2536 |       1488279.08000 |
|        2018 |            8 |           2677 |       1480347.51000 |
|        2018 |            7 |           2521 |       1406138.40000 |
|        2018 |            6 |           2465 |       1394365.47000 |
+-------------+--------------+----------------+---------------------+
5 rows in set (0.04 sec)

mysql> 
mysql> mysql \. C:\workspace\cloud\code\sql\_DailyScript\DAILY-SCRIPT-ACTIVENUMBERS.sql
Database changed
ERROR 2 (HY000): File 'C:\ProgramData\MySQL\MySQL Server 5.7\Uploads\activenumber\DailySubscriptionStats-29102018.csv' not found (Errcode: 2 - No such file or directory)
+------------+----------+
| period     | count(1) |
+------------+----------+
| 2018-10-28 |     1322 |
| 2018-10-27 |     1322 |
| 2018-10-26 |     1323 |
| 2018-10-25 |     1311 |
| 2018-10-24 |     1310 |
+------------+----------+
5 rows in set (0.01 sec)

Query OK, 0 rows affected (0.01 sec)

Query OK, 86 rows affected (1.73 sec)
Records: 86  Duplicates: 0  Warnings: 0

+-------------+
| packagelist |
+-------------+
|          86 |
+-------------+
1 row in set (0.00 sec)

Database changed
Query OK, 0 rows affected (0.00 sec)

Query OK, 0 rows affected (0.00 sec)

Query OK, 0 rows affected (0.00 sec)

Query OK, 0 rows affected (0.00 sec)

ERROR 2 (HY000): File 'C:\ProgramData\MySQL\MySQL Server 5.7\Uploads\ActiveContractsList\201810\2018-10-29;2018-10-29.csv' not found (Errcode: 2 - No such file or directory)
+------------+----------+
| period     | count(1) |
+------------+----------+
| 2018-10-28 |    26037 |
| 2018-10-27 |    26389 |
| 2018-10-26 |    26490 |
| 2018-10-25 |    26344 |
| 2018-10-24 |    26313 |
+------------+----------+
5 rows in set (0.13 sec)

Query OK, 0 rows affected (0.16 sec)

Query OK, 0 rows affected (0.05 sec)
Records: 0  Duplicates: 0  Warnings: 0

Query OK, 0 rows affected (0.02 sec)
Records: 0  Duplicates: 0  Warnings: 0

Query OK, 0 rows affected (0.02 sec)
Records: 0  Duplicates: 0  Warnings: 0

Query OK, 0 rows affected (0.01 sec)
Records: 0  Duplicates: 0  Warnings: 0

Query OK, 0 rows affected (0.02 sec)
Records: 0  Duplicates: 0  Warnings: 0

Query OK, 0 rows affected (0.02 sec)
Records: 0  Duplicates: 0  Warnings: 0

Query OK, 0 rows affected (0.01 sec)
Records: 0  Duplicates: 0  Warnings: 0

+----------+
| count(1) |
+----------+
| 20931623 |
+----------+
1 row in set (22.72 sec)

Query OK, 0 rows affected (0.00 sec)
Records: 0  Duplicates: 0  Warnings: 0

+----------+
| count(1) |
+----------+
| 20931623 |
+----------+
1 row in set (6.71 sec)

+------------+--------------------------+
| period     | customercontractactivity |
+------------+--------------------------+
| 2018-10-28 |                    25383 |
| 2018-10-27 |                    25735 |
| 2018-10-26 |                    25836 |
| 2018-10-25 |                    25690 |
| 2018-10-24 |                    25660 |
+------------+--------------------------+
5 rows in set (0.07 sec)

Query OK, 0 rows affected (0.01 sec)

Query OK, 189912 rows affected (4 min 7.86 sec)
Records: 189912  Duplicates: 0  Warnings: 0

Query OK, 0 rows affected (0.09 sec)

Query OK, 0 rows affected (0.00 sec)
Records: 0  Duplicates: 0  Warnings: 0

Query OK, 0 rows affected (0.04 sec)

Query OK, 0 rows affected (0.25 sec)
Records: 0  Duplicates: 0  Warnings: 0

Query OK, 0 rows affected (0.12 sec)

Query OK, 0 rows affected (0.04 sec)
Records: 0  Duplicates: 0  Warnings: 0

Query OK, 0 rows affected (0.05 sec)

Query OK, 0 rows affected (0.00 sec)
Records: 0  Duplicates: 0  Warnings: 0

Query OK, 0 rows affected (0.02 sec)

Query OK, 0 rows affected (0.00 sec)
Records: 0  Duplicates: 0  Warnings: 0

Query OK, 0 rows affected (0.05 sec)

Query OK, 0 rows affected (0.00 sec)
Records: 0  Duplicates: 0  Warnings: 0

Query OK, 0 rows affected (0.05 sec)

Query OK, 0 rows affected (0.02 sec)
Records: 0  Duplicates: 0  Warnings: 0

+-------------+
| clientstats |
+-------------+
|           0 |
+-------------+
1 row in set (0.00 sec)

Query OK, 0 rows affected (0.01 sec)

Query OK, 0 rows affected, 1 warning (0.00 sec)
Records: 0  Duplicates: 0  Warnings: 1

Empty set (0.00 sec)

Empty set, 1 warning (0.00 sec)

Empty set, 2 warnings (0.00 sec)

Query OK, 0 rows affected (0.00 sec)

Query OK, 0 rows affected, 3 warnings (0.01 sec)
Records: 0  Duplicates: 0  Warnings: 3

Empty set (0.00 sec)

Query OK, 0 rows affected (0.02 sec)

Query OK, 0 rows affected (0.01 sec)
Records: 0  Duplicates: 0  Warnings: 0

Query OK, 0 rows affected (0.02 sec)

Query OK, 0 rows affected (0.02 sec)
Records: 0  Duplicates: 0  Warnings: 0

Query OK, 58 rows affected (2 min 1.24 sec)

Query OK, 0 rows affected (0.11 sec)

Query OK, 410 rows affected (19 min 46.21 sec)
Records: 410  Duplicates: 0  Warnings: 0

+---------------------------+
| retentioncustomeractivity |
+---------------------------+
|                       410 |
+---------------------------+
1 row in set (0.00 sec)

mysql> 
mysql> 
mysql> mysql \. C:\workspace\cloud\code\sql\_DailyScript\reports-sales-addons-prepaid-camera.sql
Database changed
Query OK, 0 rows affected (0.03 sec)

Query OK, 3030 rows affected (0.18 sec)
Records: 3030  Duplicates: 0  Warnings: 0

Query OK, 0 rows affected (0.00 sec)

Query OK, 13518 rows affected (32.76 sec)
Records: 13518  Duplicates: 0  Warnings: 0

+--------------------+
| rep_prepaid_camera |
+--------------------+
|               3030 |
+--------------------+
1 row in set (0.02 sec)

+-----------+
| rep_addon |
+-----------+
|     13518 |
+-----------+
1 row in set (0.01 sec)

mysql> mysql \. C:\workspace\cloud\code\sql\_DailyScript\housing-estate-analysis.sql
Database changed
Query OK, 0 rows affected (0.02 sec)

Query OK, 2669 rows affected (32.67 sec)
Records: 2669  Duplicates: 0  Warnings: 0

+--------------------+
| rep_housingestates |
+--------------------+
|               2669 |
+--------------------+
1 row in set (0.00 sec)

mysql> 
mysql> mysql \. C:\workspace\cloud\code\sql\_DailyScript\RCB_ClientAnalyticsReport_Script.sql
Database changed
Query OK, 0 rows affected (0.00 sec)

Query OK, 0 rows affected (0.22 sec)

Query OK, 1551529 rows affected (2 min 25.71 sec)
Records: 1551529  Duplicates: 0  Warnings: 0

Query OK, 0 rows affected (5.57 sec)
Records: 0  Duplicates: 0  Warnings: 0

Query OK, 0 rows affected (5.46 sec)
Records: 0  Duplicates: 0  Warnings: 0

Query OK, 0 rows affected (10.12 sec)
Records: 0  Duplicates: 0  Warnings: 0

Query OK, 0 rows affected (9.23 sec)
Records: 0  Duplicates: 0  Warnings: 0

Query OK, 0 rows affected (10.16 sec)
Records: 0  Duplicates: 0  Warnings: 0

Query OK, 0 rows affected (8.35 sec)
Records: 0  Duplicates: 0  Warnings: 0

Query OK, 0 rows affected (0.00 sec)

Query OK, 413683 rows affected (20.75 sec)
Rows matched: 1551529  Changed: 413683  Warnings: 0

Query OK, 0 rows affected (0.03 sec)

Query OK, 26634 rows affected (2.44 sec)
Records: 26634  Duplicates: 0  Warnings: 0

Query OK, 0 rows affected (0.05 sec)

Query OK, 41250 rows affected (11 min 28.78 sec)
Records: 41250  Duplicates: 0  Warnings: 0

Query OK, 0 rows affected (0.44 sec)
Records: 0  Duplicates: 0  Warnings: 0

Query OK, 0 rows affected (0.24 sec)
Records: 0  Duplicates: 0  Warnings: 0

Query OK, 0 rows affected (0.12 sec)
Records: 0  Duplicates: 0  Warnings: 0

Query OK, 0 rows affected (0.10 sec)

Query OK, 391395 rows affected (10 min 8.88 sec)
Records: 391395  Duplicates: 0  Warnings: 0

Query OK, 0 rows affected (1.89 sec)
Records: 0  Duplicates: 0  Warnings: 0

Query OK, 0 rows affected (1.96 sec)
Records: 0  Duplicates: 0  Warnings: 0

Query OK, 0 rows affected (1.44 sec)
Records: 0  Duplicates: 0  Warnings: 0

Query OK, 0 rows affected (2.08 sec)
Records: 0  Duplicates: 0  Warnings: 0

Query OK, 0 rows affected (1.34 sec)
Records: 0  Duplicates: 0  Warnings: 0

Query OK, 0 rows affected (0.17 sec)

Query OK, 41250 rows affected (1 min 26.19 sec)
Records: 41250  Duplicates: 0  Warnings: 0

+--------------+
| clientreport |
+--------------+
|        41250 |
+--------------+
1 row in set (0.03 sec)

Query OK, 0 rows affected (0.03 sec)

Query OK, 41250 rows affected (8.56 sec)
Records: 41250  Duplicates: 0  Warnings: 0

+----------------------+
| clientextendedreport |
+----------------------+
|                41250 |
+----------------------+
1 row in set (0.02 sec)

Query OK, 0 rows affected (0.01 sec)

Query OK, 41250 rows affected (1 min 14.16 sec)
Records: 41250  Duplicates: 0  Warnings: 0

+---------+
| allcust |
+---------+
|   41250 |
+---------+
1 row in set (0.01 sec)

Query OK, 0 rows affected, 1 warning (0.12 sec)

Query OK, 5000 rows affected (0.99 sec)
Records: 5000  Duplicates: 0  Warnings: 0

Query OK, 0 rows affected (0.02 sec)

Query OK, 7065 rows affected (0.99 sec)
Records: 7065  Duplicates: 0  Warnings: 0

Query OK, 0 rows affected, 1 warning (0.00 sec)

Query OK, 5000 rows affected (0.49 sec)
Records: 5000  Duplicates: 0  Warnings: 0

Query OK, 0 rows affected (0.07 sec)

Query OK, 7411 rows affected (0.57 sec)
Records: 7411  Duplicates: 0  Warnings: 0

mysql> mysql \. C:\workspace\cloud\code\sql\_DailyScript\REVENUE_PER_NODE_MXK.sql
Query OK, 0 rows affected, 1 warning (0.00 sec)

Query OK, 4662 rows affected (4 min 39.04 sec)
Records: 4662  Duplicates: 0  Warnings: 0

Query OK, 0 rows affected, 1 warning (0.00 sec)

Query OK, 4685 rows affected (6 min 49.43 sec)
Records: 4685  Duplicates: 0  Warnings: 0

Query OK, 0 rows affected (0.05 sec)

Query OK, 4948 rows affected (0.26 sec)
Records: 4948  Duplicates: 0  Warnings: 0

Query OK, 0 rows affected (0.02 sec)

Query OK, 0 rows affected (0.00 sec)

Query OK, 0 rows affected, 1 warning (0.00 sec)

Query OK, 36715 rows affected (5 min 33.98 sec)
Records: 36715  Duplicates: 0  Warnings: 0

Query OK, 0 rows affected, 1 warning (0.00 sec)

Query OK, 26054 rows affected (3 min 57.47 sec)
Records: 26054  Duplicates: 0  Warnings: 0

Query OK, 0 rows affected (0.00 sec)

Query OK, 18767 rows affected (1.40 sec)
Records: 18767  Duplicates: 0  Warnings: 0

Query OK, 0 rows affected (0.07 sec)

Query OK, 0 rows affected (0.02 sec)

Query OK, 0 rows affected (0.12 sec)

Query OK, 23715 rows affected (2.27 sec)
Records: 23715  Duplicates: 0  Warnings: 0

Query OK, 0 rows affected (0.09 sec)

Query OK, 412529 rows affected (1 min 3.05 sec)
Records: 412529  Duplicates: 0  Warnings: 0

Query OK, 0 rows affected (0.02 sec)

Query OK, 7685 rows affected (2.09 sec)
Rows matched: 7685  Changed: 7685  Warnings: 0

Query OK, 0 rows affected (0.20 sec)

Query OK, 1480105 rows affected (5 min 33.24 sec)
Records: 1480105  Duplicates: 0  Warnings: 0

Query OK, 0 rows affected (0.57 sec)

Query OK, 1706443 rows affected (4 min 22.77 sec)
Records: 1706443  Duplicates: 0  Warnings: 0

Query OK, 0 rows affected (0.06 sec)

Query OK, 62661 rows affected (11.99 sec)
Records: 62661  Duplicates: 0  Warnings: 0

Query OK, 0 rows affected (0.02 sec)

Query OK, 20872 rows affected (11.72 sec)
Records: 20872  Duplicates: 0  Warnings: 0

Query OK, 0 rows affected (0.15 sec)

Query OK, 41250 rows affected (2.29 sec)
Records: 41250  Duplicates: 0  Warnings: 0

Query OK, 0 rows affected, 1 warning (0.00 sec)

Query OK, 385670 rows affected (48.38 sec)
Records: 385670  Duplicates: 0  Warnings: 0

Query OK, 0 rows affected, 1 warning (0.01 sec)

Query OK, 62661 rows affected (4.14 sec)
Records: 62661  Duplicates: 0  Warnings: 0

Query OK, 0 rows affected (0.09 sec)

Query OK, 387674 rows affected (30.17 sec)
Records: 387674  Duplicates: 0  Warnings: 0

Query OK, 0 rows affected (0.07 sec)

Query OK, 41282 rows affected (13.34 sec)
Records: 41282  Duplicates: 0  Warnings: 0

Query OK, 0 rows affected (0.00 sec)

Query OK, 0 rows affected (0.02 sec)

+-----------+------------------------------------+------------+-------------+-----------------+------------------+---------------------+-------------------+
| HFC_NODE  | NODENAME                           | CMTS_DATE  | REPORT_DATE | UNIQUE_ACCOUNTS | UNIQUE_CONTRACTS | UNIQUE_MAC_INRCBOSS | UNIQUE_MAC_INCMTS |
+-----------+------------------------------------+------------+-------------+-----------------+------------------+---------------------+-------------------+
| NULL      | NULL                               | NULL       | 2018-10-30  |            9628 |            10217 |               10359 |                 0 |
| C5/0/0/U0 | ANSE-BOILEAU-2                     | 2018-10-13 | 2018-10-30  |             115 |              118 |                 115 |               119 |
| C5/0/0/U1 | 500-C3-ANSE-BOILEAU                | 2018-10-13 | 2018-10-30  |             209 |              218 |                 208 |               208 |
| C5/0/1/U0 | 501-C4-LA-MISIERE-LEFT-I           | 2018-10-13 | 2018-10-30  |             196 |              207 |                 195 |               196 |
| C5/0/1/U1 | 501-C5-LA-MISIERE-RIGHT            | 2018-10-13 | 2018-10-30  |             102 |              107 |                 102 |               102 |
| C5/0/1/U2 | 501-C7-LA-MISIERE-LEFT-II          | 2018-10-13 | 2018-10-30  |             105 |              107 |                 105 |               106 |
| C5/0/2/U0 | 502-C8-LA-LOUISE                   | 2018-10-13 | 2018-10-30  |             153 |              154 |                 153 |               154 |
| C5/0/2/U1 | LA-LOUISE-2                        | 2018-10-13 | 2018-10-30  |             129 |              135 |                 129 |               130 |
| C5/0/3/U0 | 504-C6-PETIT-PARIS                 | 2018-10-13 | 2018-10-30  |             133 |              136 |                 133 |               136 |
| C5/0/3/U1 | PETIT-PARIS-23                     | 2018-10-13 | 2018-10-30  |              92 |               94 |                  92 |                93 |
| C5/1/0/U0 | POINTE-LARUE-AIRPORT-23            | 2018-10-13 | 2018-10-30  |             119 |              128 |                 121 |               122 |
| C5/1/0/U1 | PPROVIDENCE-23                     | 2018-10-13 | 2018-10-30  |              27 |               32 |                  28 |                29 |
| C5/1/0/U2 | ROSHE-CAIMAN-23                    | 2018-10-13 | 2018-10-30  |              11 |               12 |                  11 |                11 |
| C5/1/0/U3 | HEAD-OFFICE | HO-23                | 2018-10-13 | 2018-10-30  |              20 |               20 |                  22 |                22 |
| C5/1/1/U1 | C5-UNION-VALE                      | 2018-10-13 | 2018-10-30  |             185 |              192 |                 185 |               188 |
| C5/1/2/U0 | FOUR-SEASONS                       | 2018-10-13 | 2018-10-30  |               6 |               24 |                  24 |                24 |
| C5/1/2/U1 | C10-ANCHOR CAFE                    | 2018-10-13 | 2018-10-30  |             189 |              194 |                 189 |               191 |
| C5/1/2/U2 | ANCHOR-CAFE-23                     | 2018-10-13 | 2018-10-30  |             116 |              121 |                 115 |               116 |
| C5/1/3/U0 | POINTE-LARUE-AIRPORT-27            | 2018-10-13 | 2018-10-30  |             126 |              129 |                 126 |               127 |
| C5/1/3/U1 | PPROVIDENCE-27                     | 2018-10-13 | 2018-10-30  |              34 |               34 |                  34 |                34 |
| C5/1/3/U2 | ROSHE-CAIMAN-27                    | 2018-10-13 | 2018-10-30  |              20 |               20 |                  20 |                20 |
| C5/1/3/U3 | HEAD-OFFICE | HO-27                | 2018-10-13 | 2018-10-30  |              22 |               24 |                  22 |                22 |
| C5/1/4/U0 | ANSE-ROYALE-27                     | 2018-10-13 | 2018-10-30  |             186 |              196 |                 187 |               192 |
| C5/1/4/U1 | GLACIS-2-57                        | 2018-10-13 | 2018-10-30  |             154 |              163 |                 154 |               155 |
| C5/1/4/U3 | GLACIS-1                           | 2018-10-13 | 2018-10-30  |              53 |               55 |                  53 |                55 |
| C6/0/1/U0 | SERRET-ROAD-RIGHT/CURIO/PASCAL     | 2018-10-13 | 2018-10-30  |             115 |              118 |                 115 |               117 |
| C6/0/1/U1 | SERRET-ROAD-LEFT/ST.LOUIS/TOWN     | 2018-10-13 | 2018-10-30  |             161 |              169 |                 161 |               162 |
| C6/0/1/U2 | SERRET-ROAD-RIGHT/CURIO/PASCAL-2   | 2018-10-13 | 2018-10-30  |             144 |              148 |                 144 |               145 |
| C6/0/1/U3 | SERRET-ROAD-LEFT/ST.LOUIS/TOWN-2   | 2018-10-13 | 2018-10-30  |             139 |              145 |                 139 |               140 |
| C6/0/2/U0 | SANS-SOUCIS-I                      | 2018-10-13 | 2018-10-30  |             105 |              107 |                 105 |               106 |
| C6/0/2/U1 | SANS-SOUCIS-II                     | 2018-10-13 | 2018-10-30  |             124 |              132 |                 123 |               124 |
| C6/0/2/U2 | BEL-AIR-27                         | 2018-10-13 | 2018-10-30  |             107 |              110 |                 107 |               108 |
| C6/0/2/U3 | BEL-AIR-38                         | 2018-10-13 | 2018-10-30  |             108 |              115 |                 108 |               108 |
| C6/0/3/U0 | LES-MAMELLES-23                    | 2018-10-13 | 2018-10-30  |              65 |               66 |                  65 |                65 |
| C6/0/3/U1 | VICTORIA-23                        | 2018-10-13 | 2018-10-30  |              33 |               34 |                  33 |                34 |
| C6/0/4/U0 | LES-MAMELLES-27                    | 2018-10-13 | 2018-10-30  |              84 |               86 |                  84 |                86 |
| C6/0/4/U1 | VICTORIA-27                        | 2018-10-13 | 2018-10-30  |              38 |               44 |                  39 |                43 |
| C7/1/0/U0 | LA-RETRAITE-23                     | 2018-10-13 | 2018-10-30  |             123 |              128 |                 123 |               126 |
| C7/1/0/U1 | TEA-FACTORY-23                     | 2018-10-13 | 2018-10-30  |              33 |               40 |                  36 |                36 |
| C7/1/0/U2 | PAS-23                             | 2018-10-13 | 2018-10-30  |             121 |              128 |                 123 |               125 |
| C7/1/1/U0 | REEF-ESTATE-23                     | 2018-10-13 | 2018-10-30  |              85 |               88 |                  85 |                86 |
| C7/1/1/U1 | BEL-OMBRE-NEW-23                   | 2018-10-13 | 2018-10-30  |              45 |               54 |                  50 |                52 |
| C7/1/2/U0 | LA-RETRAITE-27                     | 2018-10-13 | 2018-10-30  |             118 |              128 |                 118 |               118 |
| C7/1/2/U1 | TEA-FACTORY-27                     | 2018-10-13 | 2018-10-30  |              12 |               15 |                  12 |                12 |
| C7/1/2/U2 | PAS-27                             | 2018-10-13 | 2018-10-30  |              88 |               95 |                  88 |                89 |
| C7/1/3/U0 | MT-BUXTON-27                       | 2018-10-13 | 2018-10-30  |             136 |              141 |                 135 |               139 |
| C7/1/3/U1 | MT-BUXTON-23                       | 2018-10-13 | 2018-10-30  |              84 |               86 |                  84 |                84 |
| C7/1/4/U0 | REEF-ESTATE-27                     | 2018-10-13 | 2018-10-30  |              74 |               75 |                  74 |                74 |
| C7/1/4/U1 | BEL-OMBRE-NEW-27                   | 2018-10-13 | 2018-10-30  |              49 |               50 |                  49 |                50 |
| C8/0/0/U0 | POLICE-ACADEMY-1-27 - POINTE LARUE | 2018-10-13 | 2018-10-30  |             357 |              369 |                 357 |               364 |
| C8/0/1/U1 | POLICE-ACADEMY-2-27 - TURTLE BAY   | 2018-10-13 | 2018-10-30  |             259 |              272 |                 261 |               265 |
| C8/0/2/U0 | BEAU-VALLON-LEFT-1-57              | 2018-10-13 | 2018-10-30  |             168 |              175 |                 167 |               169 |
| C8/0/3/U1 | BEAU-VALLON-RIGHT-2-57             | 2018-10-13 | 2018-10-30  |             218 |              228 |                 217 |               222 |
| C8/1/0/U0 | MA-JOIE-NODE-27                    | 2018-10-13 | 2018-10-30  |             137 |              142 |                 137 |               138 |
| C8/1/0/U1 | BELONIE-27                         | 2018-10-13 | 2018-10-30  |             144 |              149 |                 143 |               143 |
| C8/1/0/U3 | MA-JOIE-NODE-23                    | 2018-10-13 | 2018-10-30  |             104 |              106 |                 104 |               106 |
| C8/1/1/U0 | 611-C1-ROJN I                      | 2018-10-13 | 2018-10-30  |             167 |              173 |                 167 |               174 |
| C8/1/1/U1 | 611-C5-ROJN II                     | 2018-10-13 | 2018-10-30  |              77 |               81 |                  77 |                77 |
| C8/1/2/U0 | 612-C2-ANSE-ETOILE                 | 2018-10-13 | 2018-10-30  |             179 |              186 |                 178 |               180 |
| C8/1/2/U1 | ANSE-ETOILE-U2                     | 2018-10-13 | 2018-10-30  |              97 |              100 |                  96 |                99 |
| C8/1/3/U0 | 613-C3-ANSE-GAULETTE I             | 2018-10-13 | 2018-10-30  |              63 |               66 |                  63 |                63 |
| C8/1/3/U1 | 613-C7-ANSE-GAULETTE II            | 2018-10-13 | 2018-10-30  |              70 |               78 |                  70 |                70 |
| C8/1/3/U2 | NULL                               | 2018-10-13 | 2018-10-30  |              40 |               45 |                  40 |                40 |
| C8/1/3/U3 | NULL                               | 2018-10-13 | 2018-10-30  |             100 |              101 |                 100 |               102 |
| C8/1/3/U4 | NULL                               | 2018-10-13 | 2018-10-30  |              84 |               86 |                  84 |                86 |
| C8/1/4/U0 | 614-BEOLIERE-NODE-1                | 2018-10-13 | 2018-10-30  |             125 |              132 |                 125 |               126 |
| C8/1/4/U1 | 614-BEOLIERE-NODE-2                | 2018-10-13 | 2018-10-30  |              99 |              105 |                  99 |                99 |
+-----------+------------------------------------+------------+-------------+-----------------+------------------+---------------------+-------------------+
67 rows in set (0.32 sec)

+------------------+------------+-------------+-----------------+------------------+----------------------+-------------------+
| MXK_NAME         | MXK_DATE   | REPORT_DATE | UNIQUE_ACCOUNTS | UNIQUE_CONTRACTS | UNIQUE_FSAN_INRCBOSS | UNIQUE_FSAN_INMXK |
+------------------+------------+-------------+-----------------+------------------+----------------------+-------------------+
| NULL             | NULL       | 2018-10-30  |             241 |              247 |                  241 |                 0 |
| MXK-ANSEETOILE   | 2018-10-13 | 2018-10-30  |              52 |               53 |                   53 |                54 |
| MXK-ANSEROYALE   | 2018-10-13 | 2018-10-30  |             108 |              109 |                  109 |               113 |
| MXK-BEAUVALLON   | 2018-10-13 | 2018-10-30  |             728 |              739 |                  736 |               754 |
| MXK-MAHE         | 2018-10-13 | 2018-10-30  |             816 |              847 |                  811 |               907 |
| MXK-PERSEVERANCE | 2018-10-13 | 2018-10-30  |             996 |             1013 |                 1010 |              1042 |
| MXK-PRASLIN      | 2018-10-13 | 2018-10-30  |            1321 |             1340 |                 1332 |              1413 |
+------------------+------------+-------------+-----------------+------------------+----------------------+-------------------+
7 rows in set (0.20 sec)

mysql> 
mysql> mysql \. C:\workspace\cloud\code\sql\_DailyScript\sales-to-activenumber.sql
Database changed
Query OK, 0 rows affected (0.02 sec)

Query OK, 11187 rows affected (21 min 20.76 sec)
Records: 11187  Duplicates: 0  Warnings: 0

Query OK, 0 rows affected (0.16 sec)

Query OK, 35284 rows affected (25 min 16.24 sec)
Records: 35284  Duplicates: 0  Warnings: 0

mysql> 
mysql> exit
