    -> 
    -> mysql \. C:\workspace\cloud\code\sql\_DailyScript\_setdates.sql
Query OK, 0 rows affected (0.01 sec)

Query OK, 0 rows affected (1.84 sec)

Database changed
Query OK, 0 rows affected (0.00 sec)

Query OK, 0 rows affected (0.00 sec)

Query OK, 0 rows affected (0.00 sec)

Query OK, 0 rows affected (0.00 sec)

Query OK, 0 rows affected (0.00 sec)

Query OK, 0 rows affected (0.00 sec)

Query OK, 0 rows affected (0.00 sec)

Query OK, 0 rows affected (0.00 sec)

Query OK, 0 rows affected (0.00 sec)

Query OK, 0 rows affected (0.00 sec)

Query OK, 0 rows affected (0.00 sec)

Query OK, 0 rows affected (0.00 sec)

Query OK, 0 rows affected (0.00 sec)

Query OK, 0 rows affected (0.00 sec)

Query OK, 0 rows affected (0.00 sec)

Query OK, 0 rows affected (0.00 sec)

Query OK, 0 rows affected (0.00 sec)

Query OK, 0 rows affected (0.00 sec)

Query OK, 0 rows affected (0.00 sec)

Query OK, 0 rows affected (0.00 sec)

Query OK, 0 rows affected (0.00 sec)

Query OK, 0 rows affected (0.00 sec)

mysql> mysql \. C:\workspace\cloud\code\sql\_DailyScript\currenttime.sql
+---------------------+
| currenttime         |
+---------------------+
| 2021-12-27 10:27:02 |
+---------------------+
1 row in set (0.00 sec)

mysql> 
mysql> mysql \. C:\workspace\cloud\code\sql\_DailyScript\load_RCB_VODTITLES.sql
Database changed
Query OK, 0 rows affected (0.00 sec)

Query OK, 17185 rows affected (0.17 sec)

Query OK, 17187 rows affected, 17187 warnings (0.38 sec)
Records: 17187  Deleted: 0  Skipped: 0  Warnings: 17187

Query OK, 0 rows affected (0.00 sec)

Query OK, 2 rows affected (0.02 sec)

+-----------+
| VODTITLES |
+-----------+
|     17645 |
+-----------+
1 row in set (0.01 sec)

+-----------+-----------+
| titletype | typecount |
+-----------+-----------+
| E         |     14665 |
| N         |       245 |
| T         |      2275 |
| NULL      |     17185 |
+-----------+-----------+
4 rows in set (0.07 sec)

mysql> mysql \. C:\workspace\cloud\code\sql\_DailyScript\currenttime.sql
+---------------------+
| currenttime         |
+---------------------+
| 2021-12-27 10:27:02 |
+---------------------+
1 row in set (0.00 sec)

mysql> 
mysql> mysql \. C:\workspace\cloud\code\sql\_DailyScript\DAILY-SCRIPT-LIVETV-STATS.sql
Database changed
Query OK, 0 rows affected (0.01 sec)

Query OK, 320036 rows affected (5 min 39.98 sec)
Records: 320036  Duplicates: 0  Warnings: 0

+------------+------------+----------+--------------+--------------+-----------+-------------+----------+--------+------+------------+---------+---------------+
| Table      | Non_unique | Key_name | Seq_in_index | Column_name  | Collation | Cardinality | Sub_part | Packed | Null | Index_type | Comment | Index_comment |
+------------+------------+----------+--------------+--------------+-----------+-------------+----------+--------+------+------------+---------+---------------+
| templivetv |          1 | idxtv1   |            1 | device       | A         |      321536 |     NULL | NULL   | YES  | BTREE      |         |               |
| templivetv |          1 | idxtv2   |            1 | sessionstart | A         |      321536 |     NULL | NULL   | YES  | BTREE      |         |               |
+------------+------------+----------+--------------+--------------+-----------+-------------+----------+--------+------+------------+---------+---------------+
2 rows in set (0.01 sec)

Query OK, 320622 rows affected (3 min 11.78 sec)
Records: 320622  Duplicates: 0  Warnings: 0

Query OK, 7689 rows affected (3.03 sec)
Records: 7689  Duplicates: 0  Warnings: 0

Query OK, 0 rows affected (0.00 sec)

Query OK, 0 rows affected (0.00 sec)

Query OK, 374 rows affected (0.10 sec)
Records: 374  Duplicates: 0  Warnings: 0

Query OK, 0 rows affected (0.01 sec)

Query OK, 94385 rows affected (23 min 5.90 sec)
Records: 94385  Duplicates: 0  Warnings: 0

+-----------------+
| rep_livetvstats |
+-----------------+
|           94385 |
+-----------------+
1 row in set (0.03 sec)

mysql> mysql \. C:\workspace\cloud\code\sql\_DailyScript\currenttime.sql
+---------------------+
| currenttime         |
+---------------------+
| 2021-12-27 10:59:03 |
+---------------------+
1 row in set (0.00 sec)

mysql> 
mysql> mysql \. C:\workspace\cloud\code\sql\_DailyScript\DAILY-SCRIPT-VODTS-STATS.sql
Database changed
Query OK, 0 rows affected (0.02 sec)

Query OK, 22894 rows affected (1 min 1.48 sec)
Records: 22894  Duplicates: 0  Warnings: 0

+---------+------------+----------+--------------+--------------+-----------+-------------+----------+--------+------+------------+---------+---------------+
| Table   | Non_unique | Key_name | Seq_in_index | Column_name  | Collation | Cardinality | Sub_part | Packed | Null | Index_type | Comment | Index_comment |
+---------+------------+----------+--------------+--------------+-----------+-------------+----------+--------+------+------------+---------+---------------+
| tempvod |          1 | idxtvod1 |            1 | device       | A         |       23025 |     NULL | NULL   | YES  | BTREE      |         |               |
| tempvod |          1 | idxtvod2 |            1 | sessionstart | A         |       23025 |     NULL | NULL   | YES  | BTREE      |         |               |
+---------+------------+----------+--------------+--------------+-----------+-------------+----------+--------+------+------------+---------+---------------+
2 rows in set (0.00 sec)

Query OK, 22896 rows affected (8.07 sec)
Records: 22896  Duplicates: 0  Warnings: 0

Query OK, 0 rows affected (0.04 sec)

Query OK, 1676512 rows affected (2 min 36.37 sec)
Records: 1676512  Duplicates: 0  Warnings: 0

+--------------+
| rep_vodstats |
+--------------+
|      1676512 |
+--------------+
1 row in set (0.48 sec)

Database changed
Query OK, 0 rows affected (0.01 sec)

Query OK, 52674 rows affected (59.87 sec)
Records: 52674  Duplicates: 0  Warnings: 0

+--------+------------+----------+--------------+--------------+-----------+-------------+----------+--------+------+------------+---------+---------------+
| Table  | Non_unique | Key_name | Seq_in_index | Column_name  | Collation | Cardinality | Sub_part | Packed | Null | Index_type | Comment | Index_comment |
+--------+------------+----------+--------------+--------------+-----------+-------------+----------+--------+------+------------+---------+---------------+
| tempts |          1 | idxtts1  |            1 | device       | A         |       52813 |     NULL | NULL   | YES  | BTREE      |         |               |
| tempts |          1 | idxtts2  |            1 | sessionstart | A         |       52813 |     NULL | NULL   | YES  | BTREE      |         |               |
+--------+------------+----------+--------------+--------------+-----------+-------------+----------+--------+------+------------+---------+---------------+
2 rows in set (0.01 sec)

Query OK, 52571 rows affected (22.94 sec)
Records: 52571  Duplicates: 0  Warnings: 0

Query OK, 0 rows affected (0.01 sec)

Query OK, 56407 rows affected (1 min 24.60 sec)
Records: 56407  Duplicates: 0  Warnings: 0

+-------------+
| rep_tsstats |
+-------------+
|       56407 |
+-------------+
1 row in set (0.02 sec)

mysql> mysql \. C:\workspace\cloud\code\sql\_DailyScript\currenttime.sql
+---------------------+
| currenttime         |
+---------------------+
| 2021-12-27 11:05:37 |
+---------------------+
1 row in set (0.00 sec)

mysql> 
mysql> mysql \. C:\workspace\cloud\code\sql\_DailyScript\DAILY-SCRIPT-RADIO-STATS.sql
Database changed
Query OK, 0 rows affected (0.06 sec)

Query OK, 520178 rows affected (6.62 sec)
Records: 520178  Duplicates: 0  Warnings: 0

+-----------+------------+----------+--------------+--------------+-----------+-------------+----------+--------+------+------------+---------+---------------+
| Table     | Non_unique | Key_name | Seq_in_index | Column_name  | Collation | Cardinality | Sub_part | Packed | Null | Index_type | Comment | Index_comment |
+-----------+------------+----------+--------------+--------------+-----------+-------------+----------+--------+------+------------+---------+---------------+
| tempradio |          1 | idxtrad1 |            1 | device       | A         |      522967 |     NULL | NULL   | YES  | BTREE      |         |               |
| tempradio |          1 | idxtrad2 |            1 | sessionstart | A         |      522967 |     NULL | NULL   | YES  | BTREE      |         |               |
+-----------+------------+----------+--------------+--------------+-----------+-------------+----------+--------+------+------------+---------+---------------+
2 rows in set (0.00 sec)

Query OK, 2923 rows affected (1.51 sec)
Records: 2923  Duplicates: 0  Warnings: 0

Query OK, 0 rows affected (0.01 sec)

Query OK, 7382 rows affected (0.70 sec)
Records: 7382  Duplicates: 0  Warnings: 0

+----------------+
| rep_radiostats |
+----------------+
|           7382 |
+----------------+
1 row in set (0.00 sec)

mysql> mysql \. C:\workspace\cloud\code\sql\_DailyScript\currenttime.sql
+---------------------+
| currenttime         |
+---------------------+
| 2021-12-27 11:05:46 |
+---------------------+
1 row in set (0.00 sec)

mysql> 
mysql> mysql \. C:\workspace\cloud\code\sql\_DailyScript\DAILY_SCRIPT_TELEMETRY_PIVOT_2021.sql
Query OK, 0 rows affected (0.01 sec)

Query OK, 141 rows affected (0.23 sec)
Records: 141  Duplicates: 0  Warnings: 0

Query OK, 0 rows affected (0.01 sec)

Query OK, 15686 rows affected (3.74 sec)
Records: 15686  Duplicates: 0  Warnings: 0

Query OK, 0 rows affected (0.01 sec)

Query OK, 6 rows affected (0.02 sec)
Records: 6  Duplicates: 0  Warnings: 0

Query OK, 0 rows affected (0.01 sec)

Query OK, 46 rows affected (0.08 sec)
Records: 46  Duplicates: 0  Warnings: 0

mysql> mysql \. C:\workspace\cloud\code\sql\_DailyScript\currenttime.sql
+---------------------+
| currenttime         |
+---------------------+
| 2021-12-27 11:05:51 |
+---------------------+
1 row in set (0.00 sec)

mysql> 
mysql> mysql \. C:\workspace\cloud\code\sql\_DailyScript\telemetry_livetv_ranking2021.sql
Query OK, 0 rows affected (0.01 sec)

Query OK, 141 rows affected (0.03 sec)
Records: 141  Duplicates: 0  Warnings: 0

mysql> mysql \. C:\workspace\cloud\code\sql\_DailyScript\currenttime.sql
+---------------------+
| currenttime         |
+---------------------+
| 2021-12-27 11:05:51 |
+---------------------+
1 row in set (0.00 sec)

mysql> 
mysql> mysql \. C:\workspace\cloud\code\sql\_DailyScript\telemetry_radio_ranking2021.sql
Query OK, 0 rows affected (0.00 sec)

Query OK, 6 rows affected (0.02 sec)
Records: 6  Duplicates: 0  Warnings: 0

mysql> mysql \. C:\workspace\cloud\code\sql\_DailyScript\currenttime.sql
+---------------------+
| currenttime         |
+---------------------+
| 2021-12-27 11:05:51 |
+---------------------+
1 row in set (0.00 sec)

mysql> 
mysql> mysql \. C:\workspace\cloud\code\sql\_DailyScript\telemetry_ts_ranking2021.sql
Query OK, 0 rows affected (0.01 sec)

Query OK, 46 rows affected (0.01 sec)
Records: 46  Duplicates: 0  Warnings: 0

mysql> mysql \. C:\workspace\cloud\code\sql\_DailyScript\currenttime.sql
+---------------------+
| currenttime         |
+---------------------+
| 2021-12-27 11:05:51 |
+---------------------+
1 row in set (0.00 sec)

mysql> 
mysql> mysql \. C:\workspace\cloud\code\sql\_DailyScript\telemetry_vod_ranking2021.sql
Query OK, 0 rows affected (0.01 sec)

Query OK, 15686 rows affected (0.82 sec)
Records: 15686  Duplicates: 0  Warnings: 0

mysql> mysql \. C:\workspace\cloud\code\sql\_DailyScript\currenttime.sql
+---------------------+
| currenttime         |
+---------------------+
| 2021-12-27 11:05:52 |
+---------------------+
1 row in set (0.00 sec)

mysql> 
mysql> mysql \. C:\workspace\cloud\code\sql\_DailyScript\telemetry_vod_ranking2021_1.sql
Query OK, 0 rows affected (0.01 sec)

Query OK, 15686 rows affected (0.37 sec)
Records: 15686  Duplicates: 0  Warnings: 0

mysql> mysql \. C:\workspace\cloud\code\sql\_DailyScript\currenttime.sql
+---------------------+
| currenttime         |
+---------------------+
| 2021-12-27 11:05:52 |
+---------------------+
1 row in set (0.00 sec)

mysql> 
mysql> mysql \. C:\workspace\cloud\code\sql\_DailyScript\telemetry_vod_ranking2021_2.sql
Query OK, 0 rows affected (0.01 sec)

Query OK, 15686 rows affected (0.37 sec)
Records: 15686  Duplicates: 0  Warnings: 0

mysql> mysql \. C:\workspace\cloud\code\sql\_DailyScript\currenttime.sql
+---------------------+
| currenttime         |
+---------------------+
| 2021-12-27 11:05:52 |
+---------------------+
1 row in set (0.00 sec)

mysql> 
mysql> 
mysql> 
mysql> 
mysql> mysql \. C:\workspace\cloud\code\sql\_DailyScript\ticket_analysis.sql
Database changed
Query OK, 0 rows affected (0.16 sec)

Query OK, 924322 rows affected (36.72 sec)
Records: 924322  Duplicates: 0  Warnings: 0

Query OK, 0 rows affected (3.81 sec)
Records: 0  Duplicates: 0  Warnings: 0

Query OK, 0 rows affected (1.89 sec)
Records: 0  Duplicates: 0  Warnings: 0

Query OK, 0 rows affected (1.76 sec)
Records: 0  Duplicates: 0  Warnings: 0

Query OK, 0 rows affected (0.01 sec)

Query OK, 29012 rows affected (15.89 sec)
Records: 29012  Duplicates: 0  Warnings: 0

Query OK, 0 rows affected, 1 warning (0.00 sec)

Query OK, 135545 rows affected (10.03 sec)
Records: 135545  Duplicates: 0  Warnings: 0

Query OK, 0 rows affected, 1 warning (0.00 sec)

Query OK, 682917 rows affected (19.73 sec)
Records: 682917  Duplicates: 0  Warnings: 0

Query OK, 0 rows affected, 1 warning (0.00 sec)

Query OK, 682917 rows affected (20.01 sec)
Records: 682917  Duplicates: 0  Warnings: 0

Query OK, 0 rows affected (0.03 sec)

Query OK, 135690 rows affected (5.53 sec)
Records: 135690  Duplicates: 0  Warnings: 0

Database changed
Query OK, 0 rows affected (0.00 sec)

Query OK, 0 rows affected (0.05 sec)

Query OK, 924322 rows affected (32.79 sec)
Records: 924322  Duplicates: 0  Warnings: 0

Query OK, 0 rows affected (0.03 sec)

Query OK, 481305 rows affected (21.39 sec)
Records: 481305  Duplicates: 0  Warnings: 0

+--------------------------+
| clientticket_cmmtjourney |
+--------------------------+
|                   924322 |
+--------------------------+
1 row in set (2.55 sec)

+---------------------------+
| clientticket_assgnjourney |
+---------------------------+
|                    481305 |
+---------------------------+
1 row in set (3.25 sec)

Query OK, 0 rows affected (0.01 sec)

Query OK, 84 rows affected (0.11 sec)
Records: 84  Duplicates: 0  Warnings: 0

mysql> mysql \. C:\workspace\cloud\code\sql\_DailyScript\currenttime.sql
+---------------------+
| currenttime         |
+---------------------+
| 2021-12-27 11:08:48 |
+---------------------+
1 row in set (0.00 sec)

mysql> 
mysql> mysql \. C:\workspace\cloud\code\sql\_DailyScript\load_DailyCalls.sql
Database changed
Query OK, 326 rows affected (0.16 sec)
Records: 326  Deleted: 0  Skipped: 0  Warnings: 0

Query OK, 0 rows affected, 1 warning (0.00 sec)

Query OK, 326 rows affected (0.05 sec)
Records: 326  Duplicates: 0  Warnings: 0

Query OK, 0 rows affected, 1 warning (0.00 sec)

Query OK, 93974 rows affected (0.41 sec)
Records: 93974  Duplicates: 0  Warnings: 0

+----------------------+
| callingclientsbefore |
+----------------------+
|              1339636 |
+----------------------+
1 row in set (0.57 sec)

Query OK, 511 rows affected (8.74 sec)
Records: 511  Duplicates: 0  Warnings: 0

+---------------------+
| callingclientsafter |
+---------------------+
|             1340147 |
+---------------------+
1 row in set (0.35 sec)

Query OK, 0 rows affected (0.01 sec)

Query OK, 221 rows affected (4.79 sec)
Records: 221  Duplicates: 0  Warnings: 0

Query OK, 0 rows affected (0.00 sec)

Query OK, 25973 rows affected (4.41 sec)
Records: 25973  Duplicates: 0  Warnings: 0

+-----------+
| callstats |
+-----------+
|     25973 |
+-----------+
1 row in set (0.01 sec)

Query OK, 0 rows affected, 1 warning (0.00 sec)

Query OK, 511 rows affected (2.96 sec)
Records: 511  Duplicates: 0  Warnings: 0

+------------------------+
| rep_cccallreportbefore |
+------------------------+
|                1339884 |
+------------------------+
1 row in set (0.36 sec)

Query OK, 511 rows affected (0.15 sec)
Records: 511  Duplicates: 0  Warnings: 0

+-----------------------+
| rep_cccallreportafter |
+-----------------------+
|               1340395 |
+-----------------------+
1 row in set (0.36 sec)

Query OK, 0 rows affected (0.01 sec)

mysql> mysql \. C:\workspace\cloud\code\sql\_DailyScript\currenttime.sql
+---------------------+
| currenttime         |
+---------------------+
| 2021-12-27 11:09:12 |
+---------------------+
1 row in set (0.00 sec)

mysql> 
mysql> mysql \. C:\workspace\cloud\code\sql\_DailyScript\DAILY-SCRIPT-USAGE.sql
Database changed
Query OK, 0 rows affected (0.00 sec)

Query OK, 3931 rows affected, 11396 warnings (0.94 sec)
Records: 3931  Deleted: 0  Skipped: 0  Warnings: 11396

Query OK, 0 rows affected (0.00 sec)

Query OK, 6487 rows affected, 18723 warnings (1.10 sec)
Records: 6487  Deleted: 0  Skipped: 0  Warnings: 18723

Query OK, 0 rows affected (0.00 sec)

Query OK, 394 rows affected, 1410 warnings (0.05 sec)
Records: 394  Deleted: 0  Skipped: 0  Warnings: 1410

Query OK, 0 rows affected (0.00 sec)

Query OK, 157 rows affected, 530 warnings (0.03 sec)
Records: 157  Deleted: 0  Skipped: 0  Warnings: 530

+------------+
| dailyusage |
+------------+
|   20095647 |
+------------+
1 row in set (8.00 sec)

+------------+------------+------------+---------+
| datestart  | dateend    | insertedon | records |
+------------+------------+------------+---------+
| 2021-12-26 | 2021-12-26 | 2021-12-27 |   10969 |
| 2021-12-25 | 2021-12-25 | 2021-12-27 |   11050 |
| 2021-12-24 | 2021-12-24 | 2021-12-27 |   11131 |
| 2021-12-23 | 2021-12-23 | 2021-12-24 |   10996 |
| 2021-12-22 | 2021-12-22 | 2021-12-23 |   10935 |
+------------+------------+------------+---------+
5 rows in set (44.12 sec)

+----------+------------+------------+------------+---------+
| category | datestart  | dateend    | insertedon | records |
+----------+------------+------------+------------+---------+
| UNCAPPED | 2021-12-26 | 2021-12-26 | 2021-12-27 |    6487 |
| PREPAID  | 2021-12-26 | 2021-12-26 | 2021-12-27 |     394 |
| HOTSPOT  | 2021-12-26 | 2021-12-26 | 2021-12-27 |     157 |
| CAPPED   | 2021-12-26 | 2021-12-26 | 2021-12-27 |    3931 |
| UNCAPPED | 2021-12-25 | 2021-12-25 | 2021-12-27 |    6519 |
| PREPAID  | 2021-12-25 | 2021-12-25 | 2021-12-27 |     404 |
| HOTSPOT  | 2021-12-25 | 2021-12-25 | 2021-12-27 |     131 |
| CAPPED   | 2021-12-25 | 2021-12-25 | 2021-12-27 |    3996 |
| UNCAPPED | 2021-12-24 | 2021-12-24 | 2021-12-27 |    6589 |
| PREPAID  | 2021-12-24 | 2021-12-24 | 2021-12-27 |     346 |
| HOTSPOT  | 2021-12-24 | 2021-12-24 | 2021-12-27 |     141 |
| CAPPED   | 2021-12-24 | 2021-12-24 | 2021-12-27 |    4055 |
| UNCAPPED | 2021-12-23 | 2021-12-23 | 2021-12-24 |    6448 |
| PREPAID  | 2021-12-23 | 2021-12-23 | 2021-12-24 |     323 |
| HOTSPOT  | 2021-12-23 | 2021-12-23 | 2021-12-24 |     187 |
| CAPPED   | 2021-12-23 | 2021-12-23 | 2021-12-24 |    4038 |
| UNCAPPED | 2021-12-22 | 2021-12-22 | 2021-12-23 |    6434 |
| PREPAID  | 2021-12-22 | 2021-12-22 | 2021-12-23 |     336 |
| HOTSPOT  | 2021-12-22 | 2021-12-22 | 2021-12-23 |     218 |
| CAPPED   | 2021-12-22 | 2021-12-22 | 2021-12-23 |    3947 |
+----------+------------+------------+------------+---------+
20 rows in set (31.94 sec)

mysql> mysql \. C:\workspace\cloud\code\sql\_DailyScript\currenttime.sql
+---------------------+
| currenttime         |
+---------------------+
| 2021-12-27 11:10:38 |
+---------------------+
1 row in set (0.00 sec)

mysql> 
mysql> mysql \. C:\workspace\cloud\code\sql\_DailyScript\DAILY-SCRIPT-SALES-TELEMETRY.sql
Database changed
Query OK, 18 rows affected, 10 warnings (0.02 sec)
Records: 18  Deleted: 0  Skipped: 0  Warnings: 10

+------------+
| dailysales |
+------------+
|     245288 |
+------------+
1 row in set (0.25 sec)

+------------+---------+
| orderdate  | records |
+------------+---------+
| 2021-12-26 |      18 |
| 2021-12-25 |       8 |
| 2021-12-24 |     107 |
| 2021-12-23 |     153 |
| 2021-12-22 |     195 |
| 2021-12-21 |     157 |
| 2021-12-20 |     206 |
| 2021-12-19 |      36 |
| 2021-12-18 |      78 |
| 2021-12-17 |     131 |
| 2021-12-16 |     202 |
| 2021-12-15 |      89 |
| 2021-12-14 |     102 |
| 2021-12-13 |     188 |
| 2021-12-12 |      18 |
+------------+---------+
15 rows in set (0.60 sec)

Query OK, 0 rows affected (0.03 sec)

Query OK, 245288 rows affected (21.78 sec)
Records: 245288  Duplicates: 0  Warnings: 0

+--------+
| sales  |
+--------+
| 245288 |
+--------+
1 row in set (0.07 sec)

Query OK, 0 rows affected (0.01 sec)

Query OK, 6352 rows affected (0.43 sec)
Records: 6352  Duplicates: 0  Warnings: 0

+----------------+
| rep_dailysales |
+----------------+
|           6352 |
+----------------+
1 row in set (0.00 sec)

Query OK, 0 rows affected (0.01 sec)

Query OK, 6352 rows affected (0.75 sec)
Records: 6352  Duplicates: 0  Warnings: 0

+-------------------+
| rep_dailysalesreg |
+-------------------+
|              6352 |
+-------------------+
1 row in set (0.01 sec)

Query OK, 0 rows affected (0.01 sec)

Query OK, 2416 rows affected (0.74 sec)
Records: 2416  Duplicates: 0  Warnings: 0

+-----------+
| saleslist |
+-----------+
|      2416 |
+-----------+
1 row in set (0.00 sec)

Database changed
ERROR 2 (HY000): File 'C:\ProgramData\MySQL\MySQL Server 5.7\Uploads\_csv\PrepaidCardSales-26122021-P1.csv' not found (Errcode: 2 - No such file or directory)
+------------------+
| dailysinglesales |
+------------------+
|             6653 |
+------------------+
1 row in set (0.01 sec)

Database changed
Query OK, 14 rows affected (0.01 sec)
Records: 14  Deleted: 0  Skipped: 0  Warnings: 0

+-----------------+
| dailyaddonsales |
+-----------------+
|           26261 |
+-----------------+
1 row in set (0.05 sec)

Query OK, 357 rows affected (0.13 sec)
Records: 357  Deleted: 0  Skipped: 0  Warnings: 0

+----------------+
| onlinepayments |
+----------------+
|         252062 |
+----------------+
1 row in set (0.19 sec)

+-------------+----------------+---------------------+
| paymentdate | onlinepayments | onlinepaymentamount |
+-------------+----------------+---------------------+
| 2021-12-26  |            357 |        236681.33000 |
| 2021-12-25  |            338 |        220967.98000 |
| 2021-12-24  |            365 |        240526.48000 |
| 2021-12-23  |            366 |        236244.78000 |
| 2021-12-22  |            296 |        196233.11000 |
+-------------+----------------+---------------------+
5 rows in set (0.86 sec)

+-------------+--------------+----------------+---------------------+
| paymentyear | paymentmonth | onlinepayments | onlinepaymentamount |
+-------------+--------------+----------------+---------------------+
|        2021 |           12 |           7284 |       4726131.03000 |
|        2021 |           11 |           8553 |       5661260.44000 |
|        2021 |           10 |           8715 |       5741511.04000 |
|        2021 |            9 |           8803 |       5663928.71000 |
|        2021 |            8 |           8864 |       5714008.87000 |
+-------------+--------------+----------------+---------------------+
5 rows in set (0.26 sec)

mysql> mysql \. C:\workspace\cloud\code\sql\_DailyScript\currenttime.sql
+---------------------+
| currenttime         |
+---------------------+
| 2021-12-27 11:11:04 |
+---------------------+
1 row in set (0.00 sec)

mysql> 
mysql> mysql \. C:\workspace\cloud\code\sql\_DailyScript\DAILY-SCRIPT-ACTIVENUMBERS.sql
Database changed
Query OK, 1090 rows affected (0.55 sec)
Records: 1090  Deleted: 0  Skipped: 0  Warnings: 0

+------------+----------+
| period     | count(1) |
+------------+----------+
| 2021-12-26 |     1090 |
| 2021-12-25 |     1090 |
| 2021-12-24 |     1090 |
| 2021-12-23 |     1090 |
| 2021-12-22 |     1090 |
+------------+----------+
5 rows in set (0.01 sec)

Query OK, 0 rows affected (0.01 sec)

Query OK, 75 rows affected (1.43 sec)
Records: 75  Duplicates: 0  Warnings: 0

+-------------+
| packagelist |
+-------------+
|          75 |
+-------------+
1 row in set (0.00 sec)

Database changed
Query OK, 0 rows affected (0.00 sec)

Query OK, 0 rows affected (0.00 sec)

Query OK, 0 rows affected (0.00 sec)

Query OK, 0 rows affected (0.00 sec)

Query OK, 28820 rows affected, 190 warnings (18.08 sec)
Records: 28820  Deleted: 0  Skipped: 0  Warnings: 190

+------------+----------+
| period     | count(1) |
+------------+----------+
| 2021-12-26 |    28820 |
| 2021-12-25 |    29011 |
| 2021-12-24 |    29230 |
| 2021-12-23 |    29261 |
| 2021-12-22 |    29242 |
+------------+----------+
5 rows in set (0.12 sec)

Query OK, 0 rows affected (0.01 sec)

Query OK, 28260 rows affected (57.56 sec)
Records: 28260  Duplicates: 0  Warnings: 0

Query OK, 0 rows affected (0.11 sec)
Records: 0  Duplicates: 0  Warnings: 0

Query OK, 0 rows affected (0.12 sec)
Records: 0  Duplicates: 0  Warnings: 0

Query OK, 0 rows affected (0.10 sec)
Records: 0  Duplicates: 0  Warnings: 0

Query OK, 0 rows affected (0.09 sec)
Records: 0  Duplicates: 0  Warnings: 0

Query OK, 0 rows affected (0.07 sec)
Records: 0  Duplicates: 0  Warnings: 0

Query OK, 0 rows affected (0.07 sec)
Records: 0  Duplicates: 0  Warnings: 0

+-------------+
| countbefore |
+-------------+
|    52218678 |
+-------------+
1 row in set (22.50 sec)

Query OK, 28260 rows affected (5.95 sec)
Records: 28260  Duplicates: 0  Warnings: 0

+------------+
| countafter |
+------------+
|   52246938 |
+------------+
1 row in set (17.33 sec)

+------------+--------------------------+
| period     | customercontractactivity |
+------------+--------------------------+
| 2021-12-26 |                    28260 |
| 2021-12-25 |                    28451 |
| 2021-12-24 |                    28670 |
| 2021-12-23 |                    28701 |
| 2021-12-22 |                    28682 |
+------------+--------------------------+
5 rows in set (0.06 sec)

Query OK, 0 rows affected (0.03 sec)

Query OK, 327210 rows affected, 4 warnings (10 min 32.33 sec)
Records: 327210  Duplicates: 0  Warnings: 4

Query OK, 0 rows affected (1.10 sec)
Records: 0  Duplicates: 0  Warnings: 0

Query OK, 0 rows affected (1.39 sec)
Records: 0  Duplicates: 0  Warnings: 0

Query OK, 0 rows affected (1.31 sec)
Records: 0  Duplicates: 0  Warnings: 0

Query OK, 0 rows affected (0.01 sec)

Query OK, 224 rows affected (0.54 sec)
Records: 224  Duplicates: 0  Warnings: 0

Query OK, 0 rows affected (0.01 sec)

Query OK, 2603 rows affected (0.73 sec)
Records: 2603  Duplicates: 0  Warnings: 0

Query OK, 0 rows affected (0.01 sec)

Query OK, 28237 rows affected (0.71 sec)
Records: 28237  Duplicates: 0  Warnings: 0

Query OK, 0 rows affected (0.01 sec)

Query OK, 16881 rows affected (0.44 sec)
Records: 16881  Duplicates: 0  Warnings: 0

Query OK, 0 rows affected (0.01 sec)

Query OK, 16881 rows affected (0.13 sec)
Records: 16881  Duplicates: 0  Warnings: 0

Query OK, 0 rows affected (0.01 sec)

Query OK, 16881 rows affected (1.22 sec)
Records: 16881  Duplicates: 0  Warnings: 0

Query OK, 0 rows affected (0.01 sec)

Query OK, 16881 rows affected (42.93 sec)
Records: 16881  Duplicates: 0  Warnings: 0

+-------------+
| clientstats |
+-------------+
|       16881 |
+-------------+
1 row in set (0.01 sec)

Query OK, 0 rows affected (0.01 sec)

Query OK, 13 rows affected, 1 warning (0.15 sec)
Records: 13  Duplicates: 0  Warnings: 1

+-----------------------+-------------+-------------+----------------+-----------------+
| services              | activecount | allaccounts | uniqueaccounts | uniquecontracts |
+-----------------------+-------------+-------------+----------------+-----------------+
| All                   |         435 |          72 |             72 |             231 |
| Internet & OTT        |           6 |           3 |              3 |               3 |
| Internet & Voice      |         294 |         127 |            127 |             249 |
| Internet Only         |        4345 |        4248 |           4244 |            4284 |
| OTT Only              |           2 |           2 |              2 |               2 |
| TV & Internet         |        9814 |        4385 |           4376 |            8943 |
| TV & Internet & OTT   |        4785 |        1252 |           1249 |            2609 |
| TV & Internet & Voice |         522 |         147 |            147 |             454 |
| TV & OTT              |         349 |          91 |             89 |             103 |
| TV & Voice            |          81 |          36 |             36 |              73 |
| TV Only               |        8165 |        6407 |           6400 |            6610 |
| Voice Only            |         112 |         111 |            111 |             112 |
| GRAND TOTAL           |       28910 |       16881 |          16806 |           23673 |
+-----------------------+-------------+-------------+----------------+-----------------+
13 rows in set (0.00 sec)

+-------------+-------------+-------------+----------------+-----------------+
| network     | activecount | allaccounts | uniqueaccounts | uniquecontracts |
+-------------+-------------+-------------+----------------+-----------------+
| GPON        |       14254 |        6984 |           6981 |           11134 |
| HFC         |       14656 |        9897 |           9897 |           12539 |
| GRAND TOTAL |       28910 |       16881 |          16806 |           23673 |
+-------------+-------------+-------------+----------------+-----------------+
3 rows in set, 1 warning (0.12 sec)

+-------------+-----------------------+-------------+-------------+----------------+-----------------+
| network     | services              | activecount | allaccounts | uniqueaccounts | uniquecontracts |
+-------------+-----------------------+-------------+-------------+----------------+-----------------+
| GPON        | All                   |         339 |          59 |             59 |             188 |
| GPON        | Internet & OTT        |           2 |           1 |              1 |               1 |
| GPON        | Internet & Voice      |          81 |          33 |             33 |              70 |
| GPON        | Internet Only         |        1685 |        1603 |           1603 |            1625 |
| GPON        | OTT Only              |           1 |           1 |              1 |               1 |
| GPON        | TV & Internet         |        5596 |        2457 |           2457 |            5036 |
| GPON        | TV & Internet & OTT   |        3822 |         992 |            992 |            2078 |
| GPON        | TV & Internet & Voice |         303 |          80 |             80 |             250 |
| GPON        | TV & OTT              |         211 |          67 |             67 |              74 |
| GPON        | TV & Voice            |          48 |          22 |             22 |              45 |
| GPON        | TV Only               |        2154 |        1658 |           1658 |            1754 |
| GPON        | Voice Only            |          12 |          11 |             11 |              12 |
| GPON        | Services Total        |       14254 |        6984 |           6981 |           11134 |
| HFC         | All                   |          96 |          13 |             13 |              43 |
| HFC         | Internet & OTT        |           4 |           2 |              2 |               2 |
| HFC         | Internet & Voice      |         213 |          94 |             94 |             179 |
| HFC         | Internet Only         |        2660 |        2645 |           2645 |            2659 |
| HFC         | OTT Only              |           1 |           1 |              1 |               1 |
| HFC         | TV & Internet         |        4218 |        1928 |           1928 |            3907 |
| HFC         | TV & Internet & OTT   |         963 |         260 |            260 |             531 |
| HFC         | TV & Internet & Voice |         219 |          67 |             67 |             204 |
| HFC         | TV & OTT              |         138 |          24 |             24 |              29 |
| HFC         | TV & Voice            |          33 |          14 |             14 |              28 |
| HFC         | TV Only               |        6011 |        4749 |           4749 |            4856 |
| HFC         | Voice Only            |         100 |         100 |            100 |             100 |
| HFC         | Services Total        |       14656 |        9897 |           9897 |           12539 |
| GRAND TOTAL | Services Total        |       28910 |       16881 |          16806 |           23673 |
+-------------+-----------------------+-------------+-------------+----------------+-----------------+
27 rows in set, 2 warnings (0.14 sec)

Query OK, 0 rows affected (0.01 sec)

Query OK, 40 rows affected, 3 warnings (0.21 sec)
Records: 40  Duplicates: 0  Warnings: 3

+-------------+---------------+-----------------------+-------------+-------------+----------------+-----------------+
| region      | network       | services              | activecount | allaccounts | uniqueaccounts | uniquecontracts |
+-------------+---------------+-----------------------+-------------+-------------+----------------+-----------------+
| Mahe        | GPON          | All                   |         298 |          52 |             52 |             165 |
| Mahe        | GPON          | Internet & OTT        |           2 |           1 |              1 |               1 |
| Mahe        | GPON          | Internet & Voice      |          71 |          28 |             28 |              60 |
| Mahe        | GPON          | Internet Only         |        1435 |        1353 |           1353 |            1375 |
| Mahe        | GPON          | OTT Only              |           1 |           1 |              1 |               1 |
| Mahe        | GPON          | TV & Internet         |        4840 |        2121 |           2121 |            4343 |
| Mahe        | GPON          | TV & Internet & OTT   |        3178 |         804 |            804 |            1691 |
| Mahe        | GPON          | TV & Internet & Voice |         289 |          76 |             76 |             236 |
| Mahe        | GPON          | TV & OTT              |         183 |          54 |             54 |              59 |
| Mahe        | GPON          | TV & Voice            |          48 |          22 |             22 |              45 |
| Mahe        | GPON          | TV Only               |        1810 |        1392 |           1392 |            1476 |
| Mahe        | GPON          | Voice Only            |          12 |          11 |             11 |              12 |
| Mahe        | GPON          | Services Total        |       12167 |        5915 |           5915 |            9464 |
| Mahe        | HFC           | All                   |          96 |          13 |             13 |              43 |
| Mahe        | HFC           | Internet & OTT        |           4 |           2 |              2 |               2 |
| Mahe        | HFC           | Internet & Voice      |         213 |          94 |             94 |             179 |
| Mahe        | HFC           | Internet Only         |        2660 |        2645 |           2645 |            2659 |
| Mahe        | HFC           | OTT Only              |           1 |           1 |              1 |               1 |
| Mahe        | HFC           | TV & Internet         |        4218 |        1928 |           1928 |            3907 |
| Mahe        | HFC           | TV & Internet & OTT   |         963 |         260 |            260 |             531 |
| Mahe        | HFC           | TV & Internet & Voice |         219 |          67 |             67 |             204 |
| Mahe        | HFC           | TV & OTT              |         138 |          24 |             24 |              29 |
| Mahe        | HFC           | TV & Voice            |          33 |          14 |             14 |              28 |
| Mahe        | HFC           | TV Only               |        6010 |        4748 |           4748 |            4855 |
| Mahe        | HFC           | Voice Only            |         100 |         100 |            100 |             100 |
| Mahe        | HFC           | Services Total        |       14655 |        9896 |           9896 |           12538 |
| Mahe        | Network Total | Services Total        |       26822 |       15811 |          15739 |           22002 |
| Praslin     | GPON          | All                   |          41 |           7 |              7 |              23 |
| Praslin     | GPON          | Internet & Voice      |          10 |           5 |              5 |              10 |
| Praslin     | GPON          | Internet Only         |         250 |         250 |            250 |             250 |
| Praslin     | GPON          | TV & Internet         |         756 |         336 |            336 |             693 |
| Praslin     | GPON          | TV & Internet & OTT   |         644 |         188 |            188 |             387 |
| Praslin     | GPON          | TV & Internet & Voice |          14 |           4 |              4 |              14 |
| Praslin     | GPON          | TV & OTT              |          28 |          13 |             13 |              15 |
| Praslin     | GPON          | TV Only               |         344 |         266 |            266 |             278 |
| Praslin     | GPON          | Services Total        |        2087 |        1069 |           1069 |            1670 |
| Praslin     | HFC           | TV Only               |           1 |           1 |              1 |               1 |
| Praslin     | HFC           | Services Total        |           1 |           1 |              1 |               1 |
| Praslin     | Network Total | Services Total        |        2088 |        1070 |           1070 |            1671 |
| GRAND TOTAL | Network Total | Services Total        |       28910 |       16881 |          16806 |           23673 |
+-------------+---------------+-----------------------+-------------+-------------+----------------+-----------------+
40 rows in set (0.00 sec)

Query OK, 0 rows affected (0.02 sec)

Query OK, 28238 rows affected (0.48 sec)
Records: 28238  Duplicates: 0  Warnings: 0

Query OK, 0 rows affected (0.01 sec)

Query OK, 2378 rows affected (2.17 sec)
Records: 2378  Duplicates: 0  Warnings: 0

+--------------------------------------+
| message                              |
+--------------------------------------+
| running rcbill_my.sp_ActiveNumber2() |
+--------------------------------------+
1 row in set (0.00 sec)

Query OK, 365 rows affected (2 min 27.20 sec)

mysql> mysql \. C:\workspace\cloud\code\sql\_DailyScript\currenttime.sql
+---------------------+
| currenttime         |
+---------------------+
| 2021-12-27 11:27:02 |
+---------------------+
1 row in set (0.00 sec)

mysql> 
mysql> mysql \. C:\workspace\cloud\code\sql\_DailyScript\GetActiveNumbers Average -Pivot.sql
Database changed
+-------------------------------------+
| @today := subdate(current_date(),1) |
+-------------------------------------+
| 2021-12-26                          |
+-------------------------------------+
1 row in set (0.00 sec)

+-------------------------------------+
| @lastdayofmonth := last_day(@today) |
+-------------------------------------+
| 2021-12-31                          |
+-------------------------------------+
1 row in set (0.00 sec)

Query OK, 0 rows affected (0.01 sec)

Query OK, 52593 rows affected, 65535 warnings (1 min 9.59 sec)
Records: 52593  Duplicates: 0  Warnings: 107728

Query OK, 0 rows affected (0.12 sec)
Records: 0  Duplicates: 0  Warnings: 0

Query OK, 0 rows affected (0.15 sec)
Records: 0  Duplicates: 0  Warnings: 0

Query OK, 0 rows affected (0.12 sec)
Records: 0  Duplicates: 0  Warnings: 0

+-----------------+
| activenumberavg |
+-----------------+
|           52593 |
+-----------------+
1 row in set (0.02 sec)

Query OK, 0 rows affected (0.02 sec)

Query OK, 2006 rows affected (0.62 sec)
Records: 2006  Duplicates: 0  Warnings: 0

+---------------------+
| rep_activenumberavg |
+---------------------+
|                2006 |
+---------------------+
1 row in set (0.00 sec)

+----------------------+
| rep_activenumberavg1 |
+----------------------+
|                  932 |
+----------------------+
1 row in set (0.00 sec)

Query OK, 0 rows affected (0.01 sec)

Query OK, 2788 rows affected (0.50 sec)
Records: 2788  Duplicates: 0  Warnings: 0

Query OK, 0 rows affected (0.01 sec)

Query OK, 14438 rows affected (0.92 sec)
Records: 14438  Duplicates: 0  Warnings: 0

Query OK, 0 rows affected (0.02 sec)

Query OK, 250 rows affected (0.30 sec)
Records: 250  Duplicates: 0  Warnings: 0

Query OK, 0 rows affected (0.00 sec)

Query OK, 0 rows affected (0.01 sec)

Query OK, 0 rows affected (0.01 sec)

Query OK, 0 rows affected (0.00 sec)

Query OK, 0 rows affected (0.00 sec)
Statement prepared

Query OK, 53 rows affected (0.06 sec)
Records: 53  Duplicates: 0  Warnings: 0

Query OK, 0 rows affected (0.00 sec)

Query OK, 0 rows affected (0.00 sec)

+----------------------+
| rep_activenumberavg2 |
+----------------------+
|                 2788 |
+----------------------+
1 row in set (0.00 sec)

+------------------------+
| rep_activenumberavg_pv |
+------------------------+
|                     53 |
+------------------------+
1 row in set (0.00 sec)

Query OK, 0 rows affected (0.01 sec)

Query OK, 2785 rows affected (0.41 sec)
Records: 2785  Duplicates: 0  Warnings: 0

Query OK, 0 rows affected (0.01 sec)

Query OK, 0 rows affected (0.01 sec)

Query OK, 0 rows affected (0.01 sec)

Query OK, 0 rows affected (0.00 sec)

Query OK, 0 rows affected (0.00 sec)
Statement prepared

Query OK, 53 rows affected (0.06 sec)
Records: 53  Duplicates: 0  Warnings: 0

Query OK, 0 rows affected (0.00 sec)

Query OK, 0 rows affected (0.00 sec)

+-------------------------+
| rep_activenumberavgMahe |
+-------------------------+
|                    2785 |
+-------------------------+
1 row in set (0.00 sec)

+----------------------------+
| rep_activenumberavgMahe_pv |
+----------------------------+
|                         53 |
+----------------------------+
1 row in set (0.00 sec)

Query OK, 0 rows affected (0.00 sec)

Query OK, 1763 rows affected (0.19 sec)
Records: 1763  Duplicates: 0  Warnings: 0

Query OK, 0 rows affected (0.00 sec)

Query OK, 0 rows affected (0.00 sec)

Query OK, 0 rows affected (0.01 sec)

Query OK, 0 rows affected (0.00 sec)

Query OK, 0 rows affected (0.00 sec)
Statement prepared

Query OK, 40 rows affected (0.04 sec)
Records: 40  Duplicates: 0  Warnings: 0

Query OK, 0 rows affected (0.00 sec)

Query OK, 0 rows affected (0.00 sec)

+----------------------------+
| rep_activenumberavgPraslin |
+----------------------------+
|                       1763 |
+----------------------------+
1 row in set (0.00 sec)

+-------------------------------+
| rep_activenumberavgPraslin_pv |
+-------------------------------+
|                            40 |
+-------------------------------+
1 row in set (0.00 sec)

mysql> mysql \. C:\workspace\cloud\code\sql\_DailyScript\currenttime.sql
+---------------------+
| currenttime         |
+---------------------+
| 2021-12-27 11:28:15 |
+---------------------+
1 row in set (0.00 sec)

mysql> 
mysql> mysql \. C:\workspace\cloud\code\sql\Analysis\clients_contracts_creditpolicy_2.sql
Database changed
Query OK, 0 rows affected (0.00 sec)

Query OK, 1924215 rows affected (48.55 sec)
Records: 1924215  Duplicates: 0  Warnings: 0

Query OK, 0 rows affected (0.01 sec)

Query OK, 28260 rows affected (1.02 sec)
Records: 28260  Duplicates: 0  Warnings: 0

Query OK, 0 rows affected (0.01 sec)

Query OK, 28333 rows affected (14.77 sec)
Records: 28333  Duplicates: 0  Warnings: 0

+-------------------------+
| rep_cust_cont_creditpol |
+-------------------------+
|                   28333 |
+-------------------------+
1 row in set (0.01 sec)

mysql> mysql \. C:\workspace\cloud\code\sql\_DailyScript\currenttime.sql
+---------------------+
| currenttime         |
+---------------------+
| 2021-12-27 11:29:19 |
+---------------------+
1 row in set (0.00 sec)

mysql> 
mysql> mysql \. C:\workspace\cloud\code\sql\_DailyScript\budget_actual_analysis_2021.sql
Query OK, 0 rows affected (0.01 sec)

Query OK, 1027 rows affected, 3 warnings (0.29 sec)
Records: 1027  Duplicates: 0  Warnings: 3

+--------------------+
| budget_actual_2021 |
+--------------------+
|               1027 |
+--------------------+
1 row in set (0.00 sec)

Query OK, 0 rows affected (0.01 sec)

Query OK, 47 rows affected (0.05 sec)
Records: 47  Duplicates: 0  Warnings: 0

+---------------------------+
| rep_budget_actual_2021_pv |
+---------------------------+
|                        47 |
+---------------------------+
1 row in set (0.00 sec)

mysql> mysql \. C:\workspace\cloud\code\sql\_DailyScript\currenttime.sql
+---------------------+
| currenttime         |
+---------------------+
| 2021-12-27 11:29:20 |
+---------------------+
1 row in set (0.00 sec)

mysql> 
mysql> mysql \. C:\workspace\cloud\code\sql\_DailyScript\reports-sales-addons-prepaid-camera.sql
Database changed
Query OK, 0 rows affected (0.01 sec)

Query OK, 4412 rows affected (0.23 sec)
Records: 4412  Duplicates: 0  Warnings: 0

Query OK, 0 rows affected (0.01 sec)

Query OK, 26307 rows affected (21.38 sec)
Records: 26307  Duplicates: 0  Warnings: 0

+--------------------+
| rep_prepaid_camera |
+--------------------+
|               4412 |
+--------------------+
1 row in set (0.01 sec)

+-----------+
| rep_addon |
+-----------+
|     26307 |
+-----------+
1 row in set (0.01 sec)

mysql> mysql \. C:\workspace\cloud\code\sql\_DailyScript\currenttime.sql
+---------------------+
| currenttime         |
+---------------------+
| 2021-12-27 11:29:42 |
+---------------------+
1 row in set (0.00 sec)

mysql> 
mysql> mysql \. C:\workspace\cloud\code\sql\Analysis\addon_package_sales2.sql
Query OK, 0 rows affected (0.00 sec)

Query OK, 0 rows affected (0.01 sec)

Query OK, 0 rows affected (0.00 sec)

+------------+
| @startdate |
+------------+
| 2016-05-01 |
+------------+
1 row in set (0.00 sec)

+------------+
| @enddate   |
+------------+
| 2021-12-26 |
+------------+
1 row in set (0.00 sec)

+------------------------+
| IN ADDON PACKAGE SALES |
+------------------------+
| IN ADDON PACKAGE SALES |
+------------------------+
1 row in set (0.00 sec)

Query OK, 0 rows affected (0.00 sec)

Query OK, 0 rows affected (0.01 sec)

Query OK, 2103 rows affected (4 min 11.13 sec)
Records: 2103  Duplicates: 0  Warnings: 0

+------------------------+
| rep_newfirstactive_vod |
+------------------------+
|                   2103 |
+------------------------+
1 row in set (0.00 sec)

Query OK, 0 rows affected (0.00 sec)

Query OK, 0 rows affected (0.01 sec)

Query OK, 6618 rows affected (9 min 56.34 sec)
Records: 6618  Duplicates: 0  Warnings: 0

+------------------------+
| rep_newfirstactive_int |
+------------------------+
|                   6618 |
+------------------------+
1 row in set (0.01 sec)

Query OK, 0 rows affected (0.00 sec)

Query OK, 0 rows affected (0.02 sec)

Query OK, 406 rows affected (44.15 sec)
Records: 406  Duplicates: 0  Warnings: 0

+-----------------------+
| rep_newfirstactive_dv |
+-----------------------+
|                   406 |
+-----------------------+
1 row in set (0.00 sec)

Query OK, 0 rows affected (0.00 sec)

Query OK, 0 rows affected (0.01 sec)

Query OK, 41 rows affected (2.47 sec)
Records: 41  Duplicates: 0  Warnings: 0

+-----------------------+
| rep_newfirstactive_mv |
+-----------------------+
|                    41 |
+-----------------------+
1 row in set (0.00 sec)

Query OK, 0 rows affected (0.00 sec)

Query OK, 0 rows affected (0.01 sec)

Query OK, 711 rows affected (1 min 17.54 sec)
Records: 711  Duplicates: 0  Warnings: 0

+------------------------+
| rep_newfirstactive_igo |
+------------------------+
|                    711 |
+------------------------+
1 row in set (0.00 sec)

mysql> mysql \. C:\workspace\cloud\code\sql\_DailyScript\currenttime.sql
+---------------------+
| currenttime         |
+---------------------+
| 2021-12-27 11:45:53 |
+---------------------+
1 row in set (0.00 sec)

mysql> 
mysql> mysql \. C:\workspace\cloud\code\sql\_DailyScript\RCB_ClientAnalyticsReport_Script.sql
Database changed
Query OK, 0 rows affected (0.00 sec)

Query OK, 0 rows affected (0.60 sec)

Query OK, 2182590 rows affected (1 min 29.85 sec)
Records: 2182590  Duplicates: 0  Warnings: 0

Query OK, 0 rows affected (13.38 sec)
Records: 0  Duplicates: 0  Warnings: 0

Query OK, 0 rows affected (5.76 sec)
Records: 0  Duplicates: 0  Warnings: 0

Query OK, 0 rows affected (9.25 sec)
Records: 0  Duplicates: 0  Warnings: 0

Query OK, 0 rows affected (9.98 sec)
Records: 0  Duplicates: 0  Warnings: 0

Query OK, 0 rows affected (10.13 sec)
Records: 0  Duplicates: 0  Warnings: 0

Query OK, 0 rows affected (8.34 sec)
Records: 0  Duplicates: 0  Warnings: 0

Query OK, 0 rows affected (0.00 sec)

Query OK, 502419 rows affected, 30839 warnings (15.06 sec)
Rows matched: 2182590  Changed: 502419  Warnings: 30839

Query OK, 0 rows affected (0.01 sec)

Query OK, 29075 rows affected (11.03 sec)
Records: 29075  Duplicates: 0  Warnings: 0

+---------------------+
| clientcontractssubs |
+---------------------+
|               29075 |
+---------------------+
1 row in set (0.01 sec)

Query OK, 0 rows affected (0.02 sec)

Query OK, 45939 rows affected (11 min 44.50 sec)
Records: 45939  Duplicates: 0  Warnings: 0

Query OK, 0 rows affected (0.25 sec)
Records: 0  Duplicates: 0  Warnings: 0

Query OK, 0 rows affected (0.17 sec)
Records: 0  Duplicates: 0  Warnings: 0

Query OK, 0 rows affected (0.11 sec)
Records: 0  Duplicates: 0  Warnings: 0

+-----------------------+
| clientcontracthistory |
+-----------------------+
|                 45939 |
+-----------------------+
1 row in set (0.01 sec)

Query OK, 0 rows affected (0.06 sec)

Query OK, 2987984 rows affected (1 min 42.21 sec)
Records: 2987984  Duplicates: 0  Warnings: 0

Query OK, 0 rows affected (0.05 sec)

Query OK, 498551 rows affected (5 min 40.78 sec)
Records: 498551  Duplicates: 0  Warnings: 0

Query OK, 0 rows affected (1.65 sec)
Records: 0  Duplicates: 0  Warnings: 0

Query OK, 0 rows affected (0.84 sec)
Records: 0  Duplicates: 0  Warnings: 0

Query OK, 0 rows affected (1.95 sec)
Records: 0  Duplicates: 0  Warnings: 0

Query OK, 0 rows affected (1.02 sec)
Records: 0  Duplicates: 0  Warnings: 0

+--------------------------+
| clientcontractinvpmt_stg |
+--------------------------+
|                   498551 |
+--------------------------+
1 row in set (0.14 sec)

Query OK, 0 rows affected (0.05 sec)

Query OK, 498551 rows affected (13.56 sec)
Records: 498551  Duplicates: 0  Warnings: 0

Query OK, 0 rows affected (1.86 sec)
Records: 0  Duplicates: 0  Warnings: 0

Query OK, 0 rows affected (1.04 sec)
Records: 0  Duplicates: 0  Warnings: 0

Query OK, 0 rows affected (2.14 sec)
Records: 0  Duplicates: 0  Warnings: 0

Query OK, 0 rows affected (1.10 sec)
Records: 0  Duplicates: 0  Warnings: 0

+----------------------+
| clientcontractinvpmt |
+----------------------+
|               498551 |
+----------------------+
1 row in set (0.13 sec)

Query OK, 0 rows affected (0.07 sec)

Query OK, 45939 rows affected (1 min 38.64 sec)
Records: 45939  Duplicates: 0  Warnings: 0

+--------------+
| clientreport |
+--------------+
|        45939 |
+--------------+
1 row in set (0.02 sec)

Query OK, 0 rows affected (0.01 sec)

Query OK, 45939 rows affected (17.84 sec)
Records: 45939  Duplicates: 0  Warnings: 0

+----------------------+
| clientextendedreport |
+----------------------+
|                45939 |
+----------------------+
1 row in set (0.01 sec)

Query OK, 0 rows affected (0.01 sec)

Query OK, 45939 rows affected (1 min 34.77 sec)
Records: 45939  Duplicates: 0  Warnings: 0

+---------+
| allcust |
+---------+
|   45939 |
+---------+
1 row in set (0.01 sec)

Query OK, 0 rows affected, 1 warning (0.00 sec)

Query OK, 5000 rows affected (0.17 sec)
Records: 5000  Duplicates: 0  Warnings: 0

Query OK, 0 rows affected (0.01 sec)

Query OK, 6764 rows affected (0.35 sec)
Records: 6764  Duplicates: 0  Warnings: 0

Query OK, 0 rows affected, 1 warning (0.00 sec)

Query OK, 5000 rows affected (0.15 sec)
Records: 5000  Duplicates: 0  Warnings: 0

Query OK, 0 rows affected (0.01 sec)

Query OK, 7162 rows affected (0.20 sec)
Records: 7162  Duplicates: 0  Warnings: 0

mysql> mysql \. C:\workspace\cloud\code\sql\_DailyScript\currenttime.sql
+---------------------+
| currenttime         |
+---------------------+
| 2021-12-27 12:11:53 |
+---------------------+
1 row in set (0.00 sec)

mysql> 
mysql> mysql \. C:\workspace\cloud\code\sql\_DailyScript\REVENUE_PER_NODE_MXK.sql
Query OK, 0 rows affected (0.01 sec)

Query OK, 0 rows affected (0.02 sec)

Query OK, 0 rows affected (0.02 sec)

Query OK, 12878 rows affected (4.89 sec)
Records: 12878  Duplicates: 0  Warnings: 0

+----------------------+
| message              |
+----------------------+
| created temp table a |
+----------------------+
1 row in set (0.00 sec)

Query OK, 9585 rows affected (1.29 sec)
Records: 9585  Duplicates: 0  Warnings: 0

+----------------------+
| message              |
+----------------------+
| created temp table b |
+----------------------+
1 row in set (0.00 sec)

Query OK, 0 rows affected, 1 warning (0.00 sec)

Query OK, 13356 rows affected (51.02 sec)
Records: 13356  Duplicates: 0  Warnings: 0

+--------------------------------+
| message                        |
+--------------------------------+
| created rcbill_my.tempcustmxk1 |
+--------------------------------+
1 row in set (0.00 sec)

Query OK, 0 rows affected (0.01 sec)

Query OK, 0 rows affected (0.00 sec)

Query OK, 0 rows affected, 1 warning (0.00 sec)

Query OK, 12878 rows affected (4.21 sec)
Records: 12878  Duplicates: 0  Warnings: 0

+----------------+
| message        |
+----------------+
| created temp a |
+----------------+
1 row in set (0.00 sec)

Query OK, 9585 rows affected (1.20 sec)
Records: 9585  Duplicates: 0  Warnings: 0

+----------------+
| message        |
+----------------+
| created temp b |
+----------------+
1 row in set (0.00 sec)

Query OK, 0 rows affected, 1 warning (0.00 sec)

Query OK, 9736 rows affected (25.90 sec)
Records: 9736  Duplicates: 0  Warnings: 0

+--------------------------------+
| message                        |
+--------------------------------+
| created rcbill_my.tempcustmxk2 |
+--------------------------------+
1 row in set (0.00 sec)

Query OK, 0 rows affected (0.01 sec)

Query OK, 0 rows affected (0.00 sec)

Query OK, 0 rows affected, 1 warning (0.00 sec)

Query OK, 0 rows affected (0.01 sec)

Query OK, 14181 rows affected (0.71 sec)
Records: 14181  Duplicates: 0  Warnings: 0

+---------------------------------+
| message                         |
+---------------------------------+
| created rcbill_my.customers_mxk |
+---------------------------------+
1 row in set (0.00 sec)

Query OK, 0 rows affected (0.01 sec)

Query OK, 0 rows affected (0.01 sec)

Query OK, 25288 rows affected (7.40 sec)
Records: 25288  Duplicates: 0  Warnings: 0

+----------------+
| message        |
+----------------+
| created temp a |
+----------------+
1 row in set (0.00 sec)

Query OK, 15333 rows affected (1.96 sec)
Records: 15333  Duplicates: 0  Warnings: 0

+----------------+
| message        |
+----------------+
| created temp c |
+----------------+
1 row in set (0.00 sec)

Query OK, 0 rows affected, 1 warning (0.00 sec)

Query OK, 25288 rows affected (0.33 sec)
Records: 25288  Duplicates: 0  Warnings: 0

+---------------------------------+
| message                         |
+---------------------------------+
| created rcbill_my.tempcustcmts1 |
+---------------------------------+
1 row in set (0.00 sec)

Query OK, 0 rows affected (0.01 sec)

Query OK, 0 rows affected, 1 warning (0.00 sec)

Query OK, 0 rows affected (0.01 sec)

Query OK, 25288 rows affected (7.36 sec)
Records: 25288  Duplicates: 0  Warnings: 0

+----------------+
| message        |
+----------------+
| created temp a |
+----------------+
1 row in set (0.00 sec)

Query OK, 15333 rows affected (1.78 sec)
Records: 15333  Duplicates: 0  Warnings: 0

+----------------+
| message        |
+----------------+
| created temp c |
+----------------+
1 row in set (0.00 sec)

Query OK, 0 rows affected, 1 warning (0.00 sec)

Query OK, 15333 rows affected (0.16 sec)
Records: 15333  Duplicates: 0  Warnings: 0

+---------------------------------+
| message                         |
+---------------------------------+
| created rcbill_my.tempcustcmts2 |
+---------------------------------+
1 row in set (0.00 sec)

Query OK, 0 rows affected (0.01 sec)

Query OK, 0 rows affected, 1 warning (0.00 sec)

Query OK, 0 rows affected (0.01 sec)

Query OK, 0 rows affected (0.01 sec)

Query OK, 30696 rows affected (1.19 sec)
Records: 30696  Duplicates: 0  Warnings: 0

+----------------------------------+
| message                          |
+----------------------------------+
| created rcbill_my.customers_cmts |
+----------------------------------+
1 row in set (0.00 sec)

Query OK, 0 rows affected (0.01 sec)

Query OK, 0 rows affected (0.00 sec)

Query OK, 0 rows affected (0.01 sec)

Query OK, 40432 rows affected (1.70 sec)
Records: 40432  Duplicates: 0  Warnings: 0

+--------------------------------------+
| message                              |
+--------------------------------------+
| created rcbill_my.customers_cmts_mxk |
+--------------------------------------+
1 row in set (0.00 sec)

Query OK, 528532 rows affected (1 min 12.67 sec)
Records: 528532  Duplicates: 0  Warnings: 0

+----------------+
| message        |
+----------------+
| created temp a |
+----------------+
1 row in set (0.00 sec)

Query OK, 0 rows affected (0.03 sec)

Query OK, 533055 rows affected (11.52 sec)
Records: 533055  Duplicates: 0  Warnings: 0

+------------------------------------------------+
| message                                        |
+------------------------------------------------+
| created rcbill_my.customers_contracts_cmts_mxk |
+------------------------------------------------+
1 row in set (0.00 sec)

Query OK, 0 rows affected (0.03 sec)

Query OK, 0 rows affected, 1 warning (0.00 sec)

Query OK, 0 rows affected, 1 warning (0.00 sec)

Query OK, 0 rows affected (0.00 sec)

Query OK, 8087 rows affected (2.45 sec)
Rows matched: 8088  Changed: 8087  Warnings: 0

+------------------------------------------------+
| message                                        |
+------------------------------------------------+
| updated rcbill_my.customers_contracts_cmts_mxk |
+------------------------------------------------+
1 row in set (0.00 sec)

Query OK, 0 rows affected (0.06 sec)

Query OK, 2294370 rows affected (4 min 17.45 sec)
Records: 2294370  Duplicates: 0  Warnings: 0

+----------------------------------------+
| message                                |
+----------------------------------------+
| created rcbill_my.customers_collection |
+----------------------------------------+
1 row in set (0.00 sec)

Query OK, 0 rows affected (0.08 sec)

Query OK, 2752360 rows affected (2 min 10.94 sec)
Records: 2752360  Duplicates: 0  Warnings: 0

+------------------------------------------------+
| message                                        |
+------------------------------------------------+
| created rcbill_my.customers_cmts_mxk_cont_coll |
+------------------------------------------------+
1 row in set (0.00 sec)

Query OK, 0 rows affected (0.05 sec)

Query OK, 480640 rows affected (3 min 22.24 sec)
Records: 480640  Duplicates: 0  Warnings: 0

+--------------------------------------------------------+
| message                                                |
+--------------------------------------------------------+
| created rcbill_my.customers_contracts_collection_pivot |
+--------------------------------------------------------+
1 row in set (0.00 sec)

Query OK, 0 rows affected (0.02 sec)

Query OK, 41937 rows affected (3 min 16.16 sec)
Records: 41937  Duplicates: 0  Warnings: 0

+----------------------------------------------+
| message                                      |
+----------------------------------------------+
| created rcbill_my.customers_collection_pivot |
+----------------------------------------------+
1 row in set (0.00 sec)

Query OK, 0 rows affected (0.01 sec)

Query OK, 45939 rows affected (2.32 sec)
Records: 45939  Duplicates: 0  Warnings: 0

+--------------------------------------------+
| message                                    |
+--------------------------------------------+
| created rcbill_my.rep_customers_collection |
+--------------------------------------------+
1 row in set (0.00 sec)

Query OK, 0 rows affected (0.00 sec)

Query OK, 0 rows affected, 1 warning (0.00 sec)

Query OK, 490291 rows affected (15.87 sec)
Records: 490291  Duplicates: 0  Warnings: 0

+-------------------------+
| message                 |
+-------------------------+
| created rcbill_my.tempa |
+-------------------------+
1 row in set (0.00 sec)

Query OK, 0 rows affected, 1 warning (0.00 sec)

Query OK, 480640 rows affected (32.50 sec)
Records: 480640  Duplicates: 0  Warnings: 0

+-------------------------+
| message                 |
+-------------------------+
| created rcbill_my.tempb |
+-------------------------+
1 row in set (0.00 sec)

Query OK, 490291 rows affected (35.60 sec)
Records: 490291  Duplicates: 0  Warnings: 0

+-----------+
| message   |
+-----------+
| created a |
+-----------+
1 row in set (0.00 sec)

Query OK, 481043 rows affected (35.83 sec)
Records: 481043  Duplicates: 0  Warnings: 0

+-----------+
| message   |
+-----------+
| created b |
+-----------+
1 row in set (0.00 sec)

Query OK, 0 rows affected (0.06 sec)

Query OK, 0 rows affected (0.04 sec)

Query OK, 0 rows affected (0.04 sec)

Query OK, 527315 rows affected (1 min 8.14 sec)
Records: 527315  Duplicates: 0  Warnings: 0

+----------------------------------------------+
| message                                      |
+----------------------------------------------+
| created rcbill_my.cust_cont_payment_cmts_mxk |
+----------------------------------------------+
1 row in set (0.00 sec)

Query OK, 0 rows affected (0.03 sec)

Query OK, 0 rows affected (0.03 sec)

Query OK, 0 rows affected, 1 warning (0.00 sec)

Query OK, 0 rows affected (0.01 sec)

Query OK, 45939 rows affected (29.74 sec)
Records: 45939  Duplicates: 0  Warnings: 0

+--------------------------------------------------+
| message                                          |
+--------------------------------------------------+
| created rcbill_my.rep_cust_cont_payment_cmts_mxk |
+--------------------------------------------------+
1 row in set (0.00 sec)

Query OK, 0 rows affected, 1 warning (0.00 sec)

Query OK, 0 rows affected, 1 warning (0.00 sec)

Query OK, 0 rows affected (0.02 sec)

Query OK, 45939 rows affected (10.61 sec)
Records: 45939  Duplicates: 0  Warnings: 0

+----------------------+
| rep_custconsolidated |
+----------------------+
|                45939 |
+----------------------+
1 row in set (0.01 sec)

Query OK, 0 rows affected (0.01 sec)

Query OK, 37 rows affected (0.13 sec)
Records: 37  Duplicates: 0  Warnings: 0

+---------------------------------------+
| rep_activecustomerdistribution_level1 |
+---------------------------------------+
|                                    37 |
+---------------------------------------+
1 row in set (0.00 sec)

Query OK, 0 rows affected (0.01 sec)

Query OK, 225 rows affected (0.15 sec)
Records: 225  Duplicates: 0  Warnings: 0

+---------------------------------------+
| rep_activecustomerdistribution_level2 |
+---------------------------------------+
|                                   225 |
+---------------------------------------+
1 row in set (0.00 sec)

Query OK, 0 rows affected (0.01 sec)

Query OK, 45939 rows affected (10.81 sec)
Records: 45939  Duplicates: 0  Warnings: 0

+------------------------------+
| rep_custaddressparcelsprefix |
+------------------------------+
|                        45939 |
+------------------------------+
1 row in set (0.01 sec)

Query OK, 0 rows affected (0.01 sec)

Query OK, 16009 rows affected (0.88 sec)
Records: 16009  Duplicates: 0  Warnings: 0

+-------------------------------------+
| rep_residentialcustomers_tillasleep |
+-------------------------------------+
|                               16009 |
+-------------------------------------+
1 row in set (0.01 sec)

Query OK, 0 rows affected (0.01 sec)

+------------------------------------+
| message                            |
+------------------------------------+
| creating rcbill_my.rep_custextract |
+------------------------------------+
1 row in set (0.00 sec)

Query OK, 45939 rows affected (1.52 sec)
Records: 45939  Duplicates: 0  Warnings: 0

+-----------------+
| rep_custextract |
+-----------------+
|           45939 |
+-----------------+
1 row in set (0.01 sec)

Query OK, 0 rows affected (0.00 sec)

Query OK, 0 rows affected (0.01 sec)

+----------------------------------------------+
| message                                      |
+----------------------------------------------+
| creating rcbill_my.retentioncustomeractivity |
+----------------------------------------------+
1 row in set (0.00 sec)

Query OK, 1098 rows affected (0.11 sec)
Records: 1098  Duplicates: 0  Warnings: 0

+---------------------------+
| retentioncustomeractivity |
+---------------------------+
|                      1098 |
+---------------------------+
1 row in set (0.00 sec)

+-----------+------------------------------------+------------+-------------+-----------------+------------------+---------------------+-------------------+
| HFC_NODE  | NODENAME                           | CMTS_DATE  | INSERTED_ON | UNIQUE_ACCOUNTS | UNIQUE_CONTRACTS | UNIQUE_MAC_INRCBOSS | UNIQUE_MAC_INCMTS |
+-----------+------------------------------------+------------+-------------+-----------------+------------------+---------------------+-------------------+
| NULL      | NULL                               | NULL       | 2021-12-27  |           16569 |            22841 |               13946 |                 0 |
| C5/0/0/U0 | ANSE-BOILEAU-2                     | 2021-12-17 | 2021-12-27  |               0 |                0 |                   0 |               191 |
| C5/0/0/U1 | 500-C3-ANSE-BOILEAU                | 2021-12-17 | 2021-12-27  |               0 |                0 |                   0 |               205 |
| C5/0/1/U0 | 501-C4-LA-MISIERE-LEFT-I           | 2021-12-17 | 2021-12-27  |               0 |                0 |                   0 |               139 |
| C5/0/1/U1 | 501-C5-LA-MISIERE-RIGHT            | 2021-12-17 | 2021-12-27  |               0 |                0 |                   0 |                93 |
| C5/0/1/U2 | 501-C7-LA-MISIERE-LEFT-II          | 2021-12-17 | 2021-12-27  |               0 |                0 |                   0 |               142 |
| C5/0/2/U0 | 502-C8-LA-LOUISE                   | 2021-12-17 | 2021-12-27  |               0 |                0 |                   0 |               114 |
| C5/0/2/U1 | LA-LOUISE-2                        | 2021-12-17 | 2021-12-27  |               0 |                0 |                   0 |               103 |
| C5/0/3/U0 | 504-C6-PETIT-PARIS                 | 2021-12-17 | 2021-12-27  |               0 |                0 |                   0 |               126 |
| C5/0/3/U1 | PETIT-PARIS-23                     | 2021-12-17 | 2021-12-27  |               0 |                0 |                   0 |                60 |
| C5/0/4/U0 | FOUR-SEASONS                       | 2021-12-17 | 2021-12-27  |               0 |                0 |                   0 |                 1 |
| C5/0/4/U1 | ANCHOR-CAFE-I                      | 2021-12-17 | 2021-12-27  |               0 |                0 |                   0 |               150 |
| C5/0/4/U2 | ANCHOR-CAFE-II                     | 2021-12-17 | 2021-12-27  |               0 |                0 |                   0 |               161 |
| C5/1/0/U0 | POINTE-LARUE-AIRPORT-23            | 2021-12-17 | 2021-12-27  |               0 |                0 |                   0 |               110 |
| C5/1/0/U1 | PPROVIDENCE-23                     | 2021-12-17 | 2021-12-27  |               0 |                0 |                   0 |                14 |
| C5/1/0/U2 | ROSHE-CAIMAN-23                    | 2021-12-17 | 2021-12-27  |               0 |                0 |                   0 |                12 |
| C5/1/0/U3 | HEAD-OFFICE | HO-23                | 2021-12-17 | 2021-12-27  |               0 |                0 |                   0 |                13 |
| C5/1/1/U1 | C5-UNION-VALE                      | 2021-12-17 | 2021-12-27  |               0 |                0 |                   0 |               122 |
| C5/1/3/U0 | POINTE-LARUE-AIRPORT-27            | 2021-12-17 | 2021-12-27  |               0 |                0 |                   0 |               131 |
| C5/1/3/U1 | PPROVIDENCE-27                     | 2021-12-17 | 2021-12-27  |               0 |                0 |                   0 |                27 |
| C5/1/3/U2 | ROSHE-CAIMAN-27                    | 2021-12-17 | 2021-12-27  |               0 |                0 |                   0 |                31 |
| C5/1/3/U3 | HEAD-OFFICE | HO-27                | 2021-12-17 | 2021-12-27  |               0 |                0 |                   0 |                28 |
| C5/1/4/U0 | ANSE-ROYALE-27                     | 2021-12-17 | 2021-12-27  |               0 |                0 |                   0 |               102 |
| C5/1/4/U1 | GLACIS-2-57                        | 2021-12-17 | 2021-12-27  |               0 |                0 |                   0 |                46 |
| C5/1/4/U2 | NULL                               | 2021-12-17 | 2021-12-27  |               0 |                0 |                   0 |                98 |
| C5/1/4/U3 | GLACIS-1                           | 2021-12-17 | 2021-12-27  |               0 |                0 |                   0 |                16 |
| C6/0/1/U0 | SERRET-ROAD-RIGHT/CURIO/PASCAL     | 2021-12-17 | 2021-12-27  |               0 |                0 |                   0 |               100 |
| C6/0/1/U1 | SERRET-ROAD-LEFT/ST.LOUIS/TOWN     | 2021-12-17 | 2021-12-27  |               0 |                0 |                   0 |                52 |
| C6/0/1/U2 | SERRET-ROAD-RIGHT/CURIO/PASCAL-2   | 2021-12-17 | 2021-12-27  |               0 |                0 |                   0 |               103 |
| C6/0/1/U3 | SERRET-ROAD-LEFT/ST.LOUIS/TOWN-2   | 2021-12-17 | 2021-12-27  |               0 |                0 |                   0 |                55 |
| C6/0/2/U0 | SANS-SOUCIS-I                      | 2021-12-17 | 2021-12-27  |               0 |                0 |                   0 |                85 |
| C6/0/2/U1 | SANS-SOUCIS-II                     | 2021-12-17 | 2021-12-27  |               0 |                0 |                   0 |                72 |
| C6/0/2/U2 | BEL-AIR-27                         | 2021-12-17 | 2021-12-27  |               0 |                0 |                   0 |                64 |
| C6/0/2/U3 | BEL-AIR-38                         | 2021-12-17 | 2021-12-27  |               0 |                0 |                   0 |                66 |
| C6/0/3/U0 | LES-MAMELLES-23                    | 2021-12-17 | 2021-12-27  |               0 |                0 |                   0 |                37 |
| C6/0/3/U1 | VICTORIA-23                        | 2021-12-17 | 2021-12-27  |               0 |                0 |                   0 |                17 |
| C6/0/4/U0 | LES-MAMELLES-27                    | 2021-12-17 | 2021-12-27  |               0 |                0 |                   0 |                85 |
| C6/0/4/U1 | VICTORIA-27                        | 2021-12-17 | 2021-12-27  |               0 |                0 |                   0 |                13 |
| C7/1/0/U0 | LA-RETRAITE-23                     | 2021-12-17 | 2021-12-27  |               0 |                0 |                   0 |                76 |
| C7/1/0/U1 | TEA-FACTORY-23                     | 2021-12-17 | 2021-12-27  |               0 |                0 |                   0 |                23 |
| C7/1/0/U2 | PAS-23                             | 2021-12-17 | 2021-12-27  |               0 |                0 |                   0 |                94 |
| C7/1/1/U0 | REEF-ESTATE-23                     | 2021-12-17 | 2021-12-27  |               0 |                0 |                   0 |                65 |
| C7/1/2/U0 | LA-RETRAITE-27                     | 2021-12-17 | 2021-12-27  |               0 |                0 |                   0 |                44 |
| C7/1/2/U1 | TEA-FACTORY-27                     | 2021-12-17 | 2021-12-27  |               0 |                0 |                   0 |                20 |
| C7/1/2/U2 | PAS-27                             | 2021-12-17 | 2021-12-27  |               0 |                0 |                   0 |                83 |
| C7/1/3/U0 | MT-BUXTON-27                       | 2021-12-17 | 2021-12-27  |               0 |                0 |                   0 |               128 |
| C7/1/3/U1 | MT-BUXTON-23                       | 2021-12-17 | 2021-12-27  |               0 |                0 |                   0 |                64 |
| C7/1/4/U0 | REEF-ESTATE-27                     | 2021-12-17 | 2021-12-27  |               0 |                0 |                   0 |                78 |
| C8/0/0/U0 | POLICE-ACADEMY-1-27 - POINTE LARUE | 2021-12-17 | 2021-12-27  |               0 |                0 |                   0 |                83 |
| C8/0/0/U1 | NULL                               | 2021-12-17 | 2021-12-27  |               0 |                0 |                   0 |                99 |
| C8/0/1/U0 | NULL                               | 2021-12-17 | 2021-12-27  |               0 |                0 |                   0 |               246 |
| C8/0/1/U1 | POLICE-ACADEMY-2-27 - TURTLE BAY   | 2021-12-17 | 2021-12-27  |               0 |                0 |                   0 |               157 |
| C8/1/0/U0 | MA-JOIE-NODE-27                    | 2021-12-17 | 2021-12-27  |               0 |                0 |                   0 |                68 |
| C8/1/0/U1 | BELONIE-27                         | 2021-12-17 | 2021-12-27  |               0 |                0 |                   0 |               108 |
| C8/1/0/U3 | MA-JOIE-NODE-23                    | 2021-12-17 | 2021-12-27  |               0 |                0 |                   0 |                68 |
| C8/1/1/U0 | 611-C1-ROJN I                      | 2021-12-17 | 2021-12-27  |               0 |                0 |                   0 |                97 |
| C8/1/1/U1 | 611-C5-ROJN II                     | 2021-12-17 | 2021-12-27  |               0 |                0 |                   0 |                96 |
| C8/1/2/U0 | 612-C2-ANSE-ETOILE                 | 2021-12-17 | 2021-12-27  |               0 |                0 |                   0 |                81 |
| C8/1/2/U1 | ANSE-ETOILE-U2                     | 2021-12-17 | 2021-12-27  |               0 |                0 |                   0 |                44 |
| C8/1/3/U0 | 613-C3-ANSE-GAULETTE I             | 2021-12-17 | 2021-12-27  |               0 |                0 |                   0 |                88 |
| C8/1/3/U1 | 613-C7-ANSE-GAULETTE II            | 2021-12-17 | 2021-12-27  |               0 |                0 |                   0 |                78 |
| C8/1/3/U2 | 613-C3-ANSE-GAULETTE III           | 2021-12-17 | 2021-12-27  |               0 |                0 |                   0 |                35 |
| C8/1/3/U3 | TAKAMAKA I                         | 2021-12-17 | 2021-12-27  |               0 |                0 |                   0 |                91 |
| C8/1/3/U4 | TAKAMAKA II                        | 2021-12-17 | 2021-12-27  |               0 |                0 |                   0 |                97 |
| C8/1/4/U0 | 614-BEOLIERE-NODE-1                | 2021-12-17 | 2021-12-27  |               0 |                0 |                   0 |                98 |
| C8/1/4/U1 | 614-BEOLIERE-NODE-2                | 2021-12-17 | 2021-12-27  |               0 |                0 |                   0 |               115 |
+-----------+------------------------------------+------------+-------------+-----------------+------------------+---------------------+-------------------+
66 rows in set (0.65 sec)

+-----------------------+------------+-------------+-----------------+------------------+----------------------+-------------------+
| MXK_NAME              | MXK_DATE   | INSERTED_ON | UNIQUE_ACCOUNTS | UNIQUE_CONTRACTS | UNIQUE_FSAN_INRCBOSS | UNIQUE_FSAN_INMXK |
+-----------------------+------------+-------------+-----------------+------------------+----------------------+-------------------+
| NULL                  | NULL       | 2021-12-27  |            3010 |             4077 |                 1112 |                 0 |
| MXK-MAHE-ANSEAUXPINS  | 2021-12-20 | 2021-12-27  |             198 |              199 |                  199 |               219 |
| MXK-MAHE-ANSEETOILE   | 2021-12-20 | 2021-12-27  |             894 |              902 |                  895 |               939 |
| MXK-MAHE-ANSEROYALE   | 2021-12-20 | 2021-12-27  |             264 |              267 |                  266 |               300 |
| MXK-MAHE-ANSEROYALE-2 | 2021-12-20 | 2021-12-27  |              14 |               14 |                   14 |                14 |
| MXK-MAHE-BEAUVALLON-1 | 2021-12-20 | 2021-12-27  |            2171 |             2213 |                 2201 |              2305 |
| MXK-MAHE-BEAUVALLON-2 | 2021-12-20 | 2021-12-27  |             310 |              338 |                  348 |               380 |
| MXK-MAHE-GRANDANSE    | 2021-12-20 | 2021-12-27  |             127 |              127 |                  127 |               134 |
| MXK-MAHE-LAB          | 2021-12-20 | 2021-12-27  |               0 |                0 |                    0 |                11 |
| MXK-MAHE-MONTFLEURI   | 2021-12-20 | 2021-12-27  |             506 |              507 |                  507 |               534 |
| MXK-MAHE-PERSEVERANCE | 2021-12-20 | 2021-12-27  |            1223 |             1243 |                 1230 |              1332 |
| MXK-MAHE-PROVIDENCE   | 2021-12-20 | 2021-12-27  |            1365 |             1400 |                 1325 |              1539 |
| MXK-PRASLIN-GRANDANSE | 2021-12-20 | 2021-12-27  |            1395 |             1397 |                 1388 |              1572 |
+-----------------------+------------+-------------+-----------------+------------------+----------------------+-------------------+
13 rows in set (0.28 sec)

mysql> mysql \. C:\workspace\cloud\code\sql\_DailyScript\currenttime.sql
+---------------------+
| currenttime         |
+---------------------+
| 2021-12-27 12:32:24 |
+---------------------+
1 row in set (0.00 sec)

mysql> 
mysql> mysql \. C:\workspace\cloud\code\sql\_DailyScript\housing-estate-analysis.sql
Database changed
Query OK, 0 rows affected (0.01 sec)

Query OK, 3740 rows affected (15.14 sec)
Records: 3740  Duplicates: 0  Warnings: 0

+--------------------+
| rep_housingestates |
+--------------------+
|               3740 |
+--------------------+
1 row in set (0.00 sec)

mysql> mysql \. C:\workspace\cloud\code\sql\_DailyScript\currenttime.sql
+---------------------+
| currenttime         |
+---------------------+
| 2021-12-27 12:32:39 |
+---------------------+
1 row in set (0.00 sec)

mysql> 
mysql> 
mysql> mysql \. C:\workspace\cloud\code\sql\Analysis\service_tickets_assignments.sql
Query OK, 0 rows affected (0.03 sec)

Query OK, 105662 rows affected (17.36 sec)
Records: 105662  Duplicates: 0  Warnings: 0

+-------------------------+
| rep_servicetickets_2021 |
+-------------------------+
|                  105662 |
+-------------------------+
1 row in set (0.12 sec)

Query OK, 0 rows affected (0.01 sec)

Query OK, 16288 rows affected (3.01 sec)
Records: 16288  Duplicates: 0  Warnings: 0

+------------------+
| rep_tkt_f_level1 |
+------------------+
|            16288 |
+------------------+
1 row in set (0.01 sec)

Query OK, 0 rows affected (0.01 sec)

Query OK, 94801 rows affected (4.13 sec)
Records: 94801  Duplicates: 0  Warnings: 0

+------------------+
| rep_tkt_f_level2 |
+------------------+
|            94801 |
+------------------+
1 row in set (0.03 sec)

Query OK, 0 rows affected (0.02 sec)

Query OK, 135690 rows affected (4.99 sec)
Records: 135690  Duplicates: 0  Warnings: 0

+------------------+
| rep_tkt_f_level3 |
+------------------+
|           135690 |
+------------------+
1 row in set (0.04 sec)

Query OK, 0 rows affected (0.01 sec)

Query OK, 3617 rows affected (0.49 sec)
Records: 3617  Duplicates: 0  Warnings: 0

+--------------------+
| rep_tkt_irs_level1 |
+--------------------+
|               3617 |
+--------------------+
1 row in set (0.00 sec)

Query OK, 0 rows affected (0.01 sec)

Query OK, 17532 rows affected (0.79 sec)
Records: 17532  Duplicates: 0  Warnings: 0

+--------------------+
| rep_tkt_irs_level2 |
+--------------------+
|              17532 |
+--------------------+
1 row in set (0.01 sec)

Query OK, 0 rows affected (0.01 sec)

Query OK, 29012 rows affected (0.83 sec)
Records: 29012  Duplicates: 0  Warnings: 0

+--------------------+
| rep_tkt_irs_level3 |
+--------------------+
|              29012 |
+--------------------+
1 row in set (0.01 sec)

mysql> mysql \. C:\workspace\cloud\code\sql\_DailyScript\currenttime.sql
+---------------------+
| currenttime         |
+---------------------+
| 2021-12-27 12:33:11 |
+---------------------+
1 row in set (0.00 sec)

mysql> 
mysql> mysql \. C:\workspace\cloud\code\sql\_DailyScript\DAILY-SCRIPT-USAGESTATS.sql
Database changed
Query OK, 0 rows affected (0.20 sec)

Query OK, 34201916 rows affected, 65535 warnings (9 min 34.86 sec)
Records: 34201916  Duplicates: 0  Warnings: 34190523

Query OK, 0 rows affected (1 min 43.00 sec)
Records: 0  Duplicates: 0  Warnings: 0

Query OK, 0 rows affected (1 min 38.79 sec)
Records: 0  Duplicates: 0  Warnings: 0

Query OK, 0 rows affected (1 min 36.78 sec)
Records: 0  Duplicates: 0  Warnings: 0

Query OK, 0 rows affected (1 min 29.62 sec)
Records: 0  Duplicates: 0  Warnings: 0

Query OK, 0 rows affected (2 min 28.21 sec)
Records: 0  Duplicates: 0  Warnings: 0

Query OK, 0 rows affected (2 min 37.48 sec)
Records: 0  Duplicates: 0  Warnings: 0

Query OK, 0 rows affected (2 min 22.67 sec)
Records: 0  Duplicates: 0  Warnings: 0

Query OK, 0 rows affected (1 min 38.32 sec)
Records: 0  Duplicates: 0  Warnings: 0

+----------+
| ipusage  |
+----------+
| 34201916 |
+----------+
1 row in set (12.21 sec)

Query OK, 0 rows affected (0.09 sec)

Query OK, 10277069 rows affected (9 min 34.80 sec)
Records: 10277069  Duplicates: 0  Warnings: 0

Query OK, 0 rows affected (38.48 sec)
Records: 0  Duplicates: 0  Warnings: 0

Query OK, 0 rows affected (22.59 sec)
Records: 0  Duplicates: 0  Warnings: 0

Query OK, 0 rows affected (39.12 sec)
Records: 0  Duplicates: 0  Warnings: 0

Query OK, 0 rows affected (45.78 sec)
Records: 0  Duplicates: 0  Warnings: 0

Query OK, 0 rows affected (27.95 sec)
Records: 0  Duplicates: 0  Warnings: 0

+------------------+
| clientcontractip |
+------------------+
|         10277069 |
+------------------+
1 row in set (2.90 sec)

Query OK, 0 rows affected (0.10 sec)

Query OK, 16780059 rows affected (3 min 39.15 sec)
Records: 16780059  Duplicates: 0  Warnings: 0

+---------------------------+
| clientcontractipusage_stg |
+---------------------------+
|                  16780059 |
+---------------------------+
1 row in set (7.60 sec)

+------------------------------------+
| clientcontractipusage_beforeinsert |
+------------------------------------+
|                           16780059 |
+------------------------------------+
1 row in set (8.47 sec)

Query OK, 32364 rows affected (33.17 sec)
Records: 32364  Duplicates: 0  Warnings: 0

+-----------------------------------+
| clientcontractipusage_afterinsert |
+-----------------------------------+
|                          16812423 |
+-----------------------------------+
1 row in set (7.37 sec)

Query OK, 0 rows affected (0.00 sec)

+------------------------+
| info                   |
+------------------------+
| updating null packages |
+------------------------+
1 row in set (0.00 sec)

Query OK, 1 row affected (42.92 sec)
Rows matched: 201584  Changed: 1  Warnings: 0

+------------+----------+
| usagedate  | count(*) |
+------------+----------+
| 2021-12-26 |    10657 |
| 2021-12-25 |    10790 |
| 2021-12-24 |    10917 |
| 2021-12-23 |    10782 |
| 2021-12-22 |    11286 |
| 2021-12-21 |    10664 |
| 2021-12-20 |    10603 |
| 2021-12-19 |    10500 |
| 2021-12-18 |    10608 |
| 2021-12-17 |    11038 |
| 2021-12-16 |    10587 |
| 2021-12-15 |    11883 |
| 2021-12-14 |    12625 |
| 2021-12-13 |    12377 |
| 2021-12-12 |    12172 |
+------------+----------+
15 rows in set (0.07 sec)

Query OK, 0 rows affected (0.03 sec)

Query OK, 807851 rows affected (1 min 21.51 sec)
Records: 807851  Duplicates: 0  Warnings: 0

Query OK, 0 rows affected (2.79 sec)
Records: 0  Duplicates: 0  Warnings: 0

Query OK, 0 rows affected (2.45 sec)
Records: 0  Duplicates: 0  Warnings: 0

Query OK, 0 rows affected (2.88 sec)
Records: 0  Duplicates: 0  Warnings: 0

Query OK, 0 rows affected (1.55 sec)
Records: 0  Duplicates: 0  Warnings: 0

Query OK, 0 rows affected (1.52 sec)
Records: 0  Duplicates: 0  Warnings: 0

Query OK, 0 rows affected (1.49 sec)
Records: 0  Duplicates: 0  Warnings: 0

Query OK, 0 rows affected (1.52 sec)
Records: 0  Duplicates: 0  Warnings: 0

+-----------------------+
| clientcontractipmonth |
+-----------------------+
|                807851 |
+-----------------------+
1 row in set (0.21 sec)

Query OK, 0 rows affected (0.01 sec)

Query OK, 18074 rows affected (1 min 13.01 sec)
Records: 18074  Duplicates: 0  Warnings: 0

+-----------------------+
| rep_dailypackageusage |
+-----------------------+
|                 18074 |
+-----------------------+
1 row in set (0.01 sec)

mysql> mysql \. C:\workspace\cloud\code\sql\_DailyScript\currenttime.sql
+---------------------+
| currenttime         |
+---------------------+
| 2021-12-27 13:19:12 |
+---------------------+
1 row in set (0.00 sec)

mysql> 
mysql> mysql \. C:\workspace\cloud\code\sql\GIS\GetParcelExtract.sql
Database changed
Query OK, 0 rows affected (0.01 sec)

Query OK, 16382 rows affected (5.49 sec)
Records: 16382  Duplicates: 0  Warnings: 0

+-------------------------+
| IV_PARCELEXTRACTStaging |
+-------------------------+
|                   16382 |
+-------------------------+
1 row in set (0.01 sec)

Query OK, 0 rows affected (0.00 sec)

Query OK, 0 rows affected (0.01 sec)

Query OK, 9958 rows affected (0.29 sec)
Records: 9958  Duplicates: 0  Warnings: 0

+-----------------+
| IV_PARCELFORMAP |
+-----------------+
|            9958 |
+-----------------+
1 row in set (0.01 sec)

Query OK, 0 rows affected (0.01 sec)

Query OK, 364 rows affected (0.03 sec)
Records: 364  Duplicates: 0  Warnings: 0

+----------------------------+
| IV_PARCELFORMAP_Inactive_2 |
+----------------------------+
|                        364 |
+----------------------------+
1 row in set (0.00 sec)

Query OK, 0 rows affected (0.01 sec)

Query OK, 391 rows affected (0.03 sec)
Records: 391  Duplicates: 0  Warnings: 0

+----------------------------+
| IV_PARCELFORMAP_Inactive_3 |
+----------------------------+
|                        391 |
+----------------------------+
1 row in set (0.00 sec)

Query OK, 0 rows affected (0.01 sec)

Query OK, 503 rows affected (0.04 sec)
Records: 503  Duplicates: 0  Warnings: 0

+----------------------------+
| IV_PARCELFORMAP_Inactive_4 |
+----------------------------+
|                        503 |
+----------------------------+
1 row in set (0.00 sec)

Query OK, 0 rows affected (0.01 sec)

Query OK, 2726 rows affected (0.09 sec)
Records: 2726  Duplicates: 0  Warnings: 0

+----------------------------+
| IV_PARCELFORMAP_Inactive_5 |
+----------------------------+
|                       2726 |
+----------------------------+
1 row in set (0.00 sec)

Query OK, 0 rows affected (0.01 sec)

Query OK, 4125 rows affected (0.11 sec)
Records: 4125  Duplicates: 0  Warnings: 0

+---------------------+
| IV_PARCELFORMAP_HFC |
+---------------------+
|                4125 |
+---------------------+
1 row in set (0.00 sec)

Query OK, 0 rows affected (0.01 sec)

Query OK, 4482 rows affected (0.13 sec)
Records: 4482  Duplicates: 0  Warnings: 0

+----------------------+
| IV_PARCELFORMAP_GPON |
+----------------------+
|                 4482 |
+----------------------+
1 row in set (0.00 sec)

Query OK, 0 rows affected (0.01 sec)

Query OK, 52 rows affected (0.03 sec)
Records: 52  Duplicates: 0  Warnings: 0

+---------------------+
| IV_PARCELFORMAP_MIX |
+---------------------+
|                  52 |
+---------------------+
1 row in set (0.00 sec)

mysql> mysql \. C:\workspace\cloud\code\sql\_DailyScript\currenttime.sql
+---------------------+
| currenttime         |
+---------------------+
| 2021-12-27 13:19:19 |
+---------------------+
1 row in set (0.00 sec)

mysql> 
mysql> 
mysql> 
mysql> exit
