    -> 
    -> mysql \. C:\workspace\cloud\code\sql\_DailyScript\_setdates.sql
Query OK, 0 rows affected (0.00 sec)

Query OK, 0 rows affected (1.53 sec)

Database changed
Query OK, 0 rows affected (0.00 sec)

Query OK, 0 rows affected (0.00 sec)

Query OK, 0 rows affected (0.00 sec)

Query OK, 0 rows affected (0.00 sec)

Query OK, 0 rows affected (0.00 sec)

Query OK, 0 rows affected (0.00 sec)

Query OK, 0 rows affected (0.00 sec)

Query OK, 0 rows affected (0.00 sec)

Query OK, 0 rows affected (0.00 sec)

Query OK, 0 rows affected (0.00 sec)

Query OK, 0 rows affected (0.00 sec)

Query OK, 0 rows affected (0.00 sec)

Query OK, 0 rows affected (0.00 sec)

Query OK, 0 rows affected (0.00 sec)

Query OK, 0 rows affected (0.00 sec)

Query OK, 0 rows affected (0.00 sec)

Query OK, 0 rows affected (0.00 sec)

Query OK, 0 rows affected (0.00 sec)

Query OK, 0 rows affected (0.00 sec)

Query OK, 0 rows affected (0.00 sec)

Query OK, 0 rows affected (0.00 sec)

Query OK, 0 rows affected (0.00 sec)

mysql> mysql \. C:\workspace\cloud\code\sql\_DailyScript\currenttime.sql
+---------------------+
| currenttime         |
+---------------------+
| 2021-10-05 08:56:56 |
+---------------------+
1 row in set (0.00 sec)

mysql> 
mysql> mysql \. C:\workspace\cloud\code\sql\_DailyScript\load_RCB_VODTITLES.sql
Database changed
Query OK, 0 rows affected (0.00 sec)

Query OK, 16023 rows affected (0.13 sec)

Query OK, 16025 rows affected, 16025 warnings (0.41 sec)
Records: 16025  Deleted: 0  Skipped: 0  Warnings: 16025

Query OK, 0 rows affected (0.00 sec)

Query OK, 2 rows affected (0.01 sec)

+-----------+
| VODTITLES |
+-----------+
|     16483 |
+-----------+
1 row in set (0.00 sec)

+-----------+-----------+
| titletype | typecount |
+-----------+-----------+
| E         |     13617 |
| N         |       245 |
| T         |      2161 |
| NULL      |     16023 |
+-----------+-----------+
4 rows in set (0.04 sec)

mysql> mysql \. C:\workspace\cloud\code\sql\_DailyScript\currenttime.sql
+---------------------+
| currenttime         |
+---------------------+
| 2021-10-05 08:56:56 |
+---------------------+
1 row in set (0.00 sec)

mysql> 
mysql> 
mysql> 
mysql> 
mysql> 
mysql> 
mysql> 
mysql> 
mysql> 
mysql> 
mysql> 
mysql> 
mysql> 
mysql> 
mysql> 
mysql> 
mysql> 
mysql> 
mysql> 
mysql> 
mysql> 
mysql> 
mysql> 
mysql> 
mysql> 
mysql> 
mysql> 
mysql> 
mysql> 
mysql> 
mysql> 
mysql> 
mysql> 
mysql> 
mysql> 
mysql> 
mysql> 
mysql> mysql \. C:\workspace\cloud\code\sql\_DailyScript\load_DailyCalls.sql
Database changed
Query OK, 467 rows affected (0.10 sec)
Records: 467  Deleted: 0  Skipped: 0  Warnings: 0

Query OK, 0 rows affected, 1 warning (0.00 sec)

Query OK, 467 rows affected (0.01 sec)
Records: 467  Duplicates: 0  Warnings: 0

Query OK, 0 rows affected, 1 warning (0.00 sec)

Query OK, 70511 rows affected (0.26 sec)
Records: 70511  Duplicates: 0  Warnings: 0

+----------------------+
| callingclientsbefore |
+----------------------+
|              1279860 |
+----------------------+
1 row in set (0.35 sec)

Query OK, 630 rows affected (9.46 sec)
Records: 630  Duplicates: 0  Warnings: 0

+---------------------+
| callingclientsafter |
+---------------------+
|             1280490 |
+---------------------+
1 row in set (0.32 sec)

Query OK, 0 rows affected (0.01 sec)

Query OK, 340 rows affected (1.91 sec)
Records: 340  Duplicates: 0  Warnings: 0

Query OK, 0 rows affected (0.00 sec)

Query OK, 24915 rows affected (4.48 sec)
Records: 24915  Duplicates: 0  Warnings: 0

+-----------+
| callstats |
+-----------+
|     24915 |
+-----------+
1 row in set (0.01 sec)

Query OK, 0 rows affected, 1 warning (0.00 sec)

Query OK, 630 rows affected (1.47 sec)
Records: 630  Duplicates: 0  Warnings: 0

+------------------------+
| rep_cccallreportbefore |
+------------------------+
|                1281511 |
+------------------------+
1 row in set (0.32 sec)

Query OK, 630 rows affected (0.11 sec)
Records: 630  Duplicates: 0  Warnings: 0

+-----------------------+
| rep_cccallreportafter |
+-----------------------+
|               1282141 |
+-----------------------+
1 row in set (0.32 sec)

Query OK, 0 rows affected (0.00 sec)

mysql> mysql \. C:\workspace\cloud\code\sql\_DailyScript\currenttime.sql
+---------------------+
| currenttime         |
+---------------------+
| 2021-10-05 08:57:16 |
+---------------------+
1 row in set (0.00 sec)

mysql> 
mysql> mysql \. C:\workspace\cloud\code\sql\_DailyScript\DAILY-SCRIPT-USAGE.sql
Database changed
Query OK, 0 rows affected (0.00 sec)

Query OK, 3992 rows affected, 11598 warnings (0.55 sec)
Records: 3992  Deleted: 0  Skipped: 0  Warnings: 11598

Query OK, 0 rows affected (0.00 sec)

Query OK, 6130 rows affected, 17699 warnings (1.02 sec)
Records: 6130  Deleted: 0  Skipped: 0  Warnings: 17699

Query OK, 0 rows affected (0.00 sec)

Query OK, 274 rows affected, 984 warnings (0.04 sec)
Records: 274  Deleted: 0  Skipped: 0  Warnings: 984

Query OK, 0 rows affected (0.00 sec)

Query OK, 203 rows affected, 694 warnings (0.03 sec)
Records: 203  Deleted: 0  Skipped: 0  Warnings: 694

+------------+
| dailyusage |
+------------+
|   19077198 |
+------------+
1 row in set (5.43 sec)

+------------+------------+------------+---------+
| datestart  | dateend    | insertedon | records |
+------------+------------+------------+---------+
| 2021-09-28 | 2021-09-28 | 2021-10-05 |   10599 |
| 2021-09-27 | 2021-09-27 | 2021-10-05 |   10904 |
| 2021-09-26 | 2021-09-26 | 2021-10-05 |   11069 |
| 2021-09-25 | 2021-09-25 | 2021-10-05 |   11040 |
| 2021-09-24 | 2021-09-24 | 2021-10-05 |   11117 |
+------------+------------+------------+---------+
5 rows in set (17.11 sec)

+----------+------------+------------+------------+---------+
| category | datestart  | dateend    | insertedon | records |
+----------+------------+------------+------------+---------+
| UNCAPPED | 2021-09-28 | 2021-09-28 | 2021-10-05 |    6130 |
| PREPAID  | 2021-09-28 | 2021-09-28 | 2021-10-05 |     274 |
| HOTSPOT  | 2021-09-28 | 2021-09-28 | 2021-10-05 |     203 |
| CAPPED   | 2021-09-28 | 2021-09-28 | 2021-10-05 |    3992 |
| UNCAPPED | 2021-09-27 | 2021-09-27 | 2021-10-05 |    6438 |
| PREPAID  | 2021-09-27 | 2021-09-27 | 2021-10-05 |     281 |
| HOTSPOT  | 2021-09-27 | 2021-09-27 | 2021-10-05 |     242 |
| CAPPED   | 2021-09-27 | 2021-09-27 | 2021-10-05 |    3943 |
| UNCAPPED | 2021-09-26 | 2021-09-26 | 2021-10-05 |    6596 |
| PREPAID  | 2021-09-26 | 2021-09-26 | 2021-10-05 |     331 |
| HOTSPOT  | 2021-09-26 | 2021-09-26 | 2021-10-05 |     183 |
| CAPPED   | 2021-09-26 | 2021-09-26 | 2021-10-05 |    3959 |
| UNCAPPED | 2021-09-25 | 2021-09-25 | 2021-10-05 |    6599 |
| PREPAID  | 2021-09-25 | 2021-09-25 | 2021-10-05 |     272 |
| HOTSPOT  | 2021-09-25 | 2021-09-25 | 2021-10-05 |     199 |
| CAPPED   | 2021-09-25 | 2021-09-25 | 2021-10-05 |    3970 |
| UNCAPPED | 2021-09-24 | 2021-09-24 | 2021-10-05 |    6635 |
| PREPAID  | 2021-09-24 | 2021-09-24 | 2021-10-05 |     264 |
| HOTSPOT  | 2021-09-24 | 2021-09-24 | 2021-10-05 |     212 |
| CAPPED   | 2021-09-24 | 2021-09-24 | 2021-10-05 |    4006 |
+----------+------------+------------+------------+---------+
20 rows in set (25.58 sec)

mysql> mysql \. C:\workspace\cloud\code\sql\_DailyScript\currenttime.sql
+---------------------+
| currenttime         |
+---------------------+
| 2021-10-05 08:58:05 |
+---------------------+
1 row in set (0.00 sec)

mysql> 
mysql> mysql \. C:\workspace\cloud\code\sql\_DailyScript\DAILY-SCRIPT-SALES-TELEMETRY.sql
Database changed
Query OK, 187 rows affected, 125 warnings (0.05 sec)
Records: 187  Deleted: 0  Skipped: 0  Warnings: 125

+------------+
| dailysales |
+------------+
|     248294 |
+------------+
1 row in set (0.09 sec)

Query OK, 0 rows affected (0.01 sec)

Query OK, 248294 rows affected (15.45 sec)
Records: 248294  Duplicates: 0  Warnings: 0

+--------+
| sales  |
+--------+
| 248294 |
+--------+
1 row in set (0.10 sec)

Query OK, 0 rows affected (0.00 sec)

Query OK, 4125 rows affected (0.38 sec)
Records: 4125  Duplicates: 0  Warnings: 0

+----------------+
| rep_dailysales |
+----------------+
|           4125 |
+----------------+
1 row in set (0.00 sec)

Query OK, 0 rows affected (0.01 sec)

Query OK, 4125 rows affected (0.60 sec)
Records: 4125  Duplicates: 0  Warnings: 0

+-------------------+
| rep_dailysalesreg |
+-------------------+
|              4125 |
+-------------------+
1 row in set (0.00 sec)

Query OK, 0 rows affected (0.01 sec)

Query OK, 2986 rows affected (0.74 sec)
Records: 2986  Duplicates: 0  Warnings: 0

+-----------+
| saleslist |
+-----------+
|      2986 |
+-----------+
1 row in set (0.00 sec)

Database changed
ERROR 2 (HY000): File 'C:\ProgramData\MySQL\MySQL Server 5.7\Uploads\_csv\PrepaidCardSales-28092021-P1.csv' not found (Errcode: 2 - No such file or directory)
+------------------+
| dailysinglesales |
+------------------+
|             6603 |
+------------------+
1 row in set (0.00 sec)

Database changed
Query OK, 14 rows affected (0.04 sec)
Records: 14  Deleted: 0  Skipped: 0  Warnings: 0

+-----------------+
| dailyaddonsales |
+-----------------+
|           25285 |
+-----------------+
1 row in set (0.01 sec)

Query OK, 419 rows affected (0.06 sec)
Records: 419  Deleted: 0  Skipped: 0  Warnings: 0

+----------------+
| onlinepayments |
+----------------+
|         226710 |
+----------------+
1 row in set (0.08 sec)

+-------------+----------------+---------------------+
| paymentdate | onlinepayments | onlinepaymentamount |
+-------------+----------------+---------------------+
| 2021-09-28  |            419 |        287993.93000 |
| 2021-09-27  |            537 |        362335.65000 |
| 2021-09-26  |            338 |        214276.84000 |
| 2021-09-25  |            367 |        242342.93000 |
| 2021-09-24  |            497 |        337319.21000 |
+-------------+----------------+---------------------+
5 rows in set (0.28 sec)

+-------------+--------------+----------------+---------------------+
| paymentyear | paymentmonth | onlinepayments | onlinepaymentamount |
+-------------+--------------+----------------+---------------------+
|        2021 |            9 |           8003 |       5128288.66000 |
|        2021 |            8 |           8864 |       5714008.87000 |
|        2021 |            7 |           8972 |       5795292.15000 |
|        2021 |            6 |           8773 |       5686976.03000 |
|        2021 |            5 |           9358 |       5959322.66000 |
+-------------+--------------+----------------+---------------------+
5 rows in set (0.20 sec)

mysql> mysql \. C:\workspace\cloud\code\sql\_DailyScript\currenttime.sql
+---------------------+
| currenttime         |
+---------------------+
| 2021-10-05 08:58:24 |
+---------------------+
1 row in set (0.00 sec)

mysql> 
mysql> mysql \. C:\workspace\cloud\code\sql\_DailyScript\DAILY-SCRIPT-ACTIVENUMBERS.sql
Database changed
Query OK, 1102 rows affected (0.41 sec)
Records: 1102  Deleted: 0  Skipped: 0  Warnings: 0

+------------+----------+
| period     | count(1) |
+------------+----------+
| 2021-09-28 |     1102 |
| 2021-09-27 |     1101 |
| 2021-09-26 |     1101 |
| 2021-09-25 |     1101 |
| 2021-09-24 |     1102 |
+------------+----------+
5 rows in set (0.00 sec)

Query OK, 0 rows affected (0.00 sec)

Query OK, 76 rows affected (1.32 sec)
Records: 76  Duplicates: 0  Warnings: 0

+-------------+
| packagelist |
+-------------+
|          76 |
+-------------+
1 row in set (0.00 sec)

Database changed
Query OK, 0 rows affected (0.00 sec)

Query OK, 0 rows affected (0.00 sec)

Query OK, 0 rows affected (0.00 sec)

Query OK, 0 rows affected (0.00 sec)

Query OK, 28734 rows affected, 515 warnings (11.32 sec)
Records: 28734  Deleted: 0  Skipped: 0  Warnings: 515

+------------+----------+
| period     | count(1) |
+------------+----------+
| 2021-09-28 |    28734 |
| 2021-09-27 |    28660 |
| 2021-09-26 |    28591 |
| 2021-09-25 |    28851 |
| 2021-09-24 |    28846 |
+------------+----------+
5 rows in set (0.10 sec)

Query OK, 0 rows affected (0.01 sec)

Query OK, 28172 rows affected (35.96 sec)
Records: 28172  Duplicates: 0  Warnings: 0

Query OK, 0 rows affected (0.10 sec)
Records: 0  Duplicates: 0  Warnings: 0

Query OK, 0 rows affected (0.11 sec)
Records: 0  Duplicates: 0  Warnings: 0

Query OK, 0 rows affected (0.10 sec)
Records: 0  Duplicates: 0  Warnings: 0

Query OK, 0 rows affected (0.08 sec)
Records: 0  Duplicates: 0  Warnings: 0

Query OK, 0 rows affected (0.07 sec)
Records: 0  Duplicates: 0  Warnings: 0

Query OK, 0 rows affected (0.07 sec)
Records: 0  Duplicates: 0  Warnings: 0

+-------------+
| countbefore |
+-------------+
|    49693946 |
+-------------+
1 row in set (14.09 sec)

Query OK, 28172 rows affected (1.53 sec)
Records: 28172  Duplicates: 0  Warnings: 0

+------------+
| countafter |
+------------+
|   49722118 |
+------------+
1 row in set (15.11 sec)

+------------+--------------------------+
| period     | customercontractactivity |
+------------+--------------------------+
| 2021-09-28 |                    28172 |
| 2021-09-27 |                    28098 |
| 2021-09-26 |                    28029 |
| 2021-09-25 |                    28289 |
| 2021-09-24 |                    28284 |
+------------+--------------------------+
5 rows in set (0.06 sec)

Query OK, 0 rows affected (0.01 sec)

Query OK, 318186 rows affected, 4 warnings (7 min 43.34 sec)
Records: 318186  Duplicates: 0  Warnings: 4

Query OK, 0 rows affected (0.95 sec)
Records: 0  Duplicates: 0  Warnings: 0

Query OK, 0 rows affected (1.09 sec)
Records: 0  Duplicates: 0  Warnings: 0

Query OK, 0 rows affected (1.11 sec)
Records: 0  Duplicates: 0  Warnings: 0

Query OK, 0 rows affected (0.01 sec)

Query OK, 231 rows affected (0.41 sec)
Records: 231  Duplicates: 0  Warnings: 0

Query OK, 0 rows affected (0.00 sec)

Query OK, 2549 rows affected (0.57 sec)
Records: 2549  Duplicates: 0  Warnings: 0

Query OK, 0 rows affected (0.00 sec)

Query OK, 28145 rows affected (0.52 sec)
Records: 28145  Duplicates: 0  Warnings: 0

Query OK, 0 rows affected (0.02 sec)

Query OK, 17076 rows affected (0.34 sec)
Records: 17076  Duplicates: 0  Warnings: 0

Query OK, 0 rows affected (0.01 sec)

Query OK, 17076 rows affected (0.12 sec)
Records: 17076  Duplicates: 0  Warnings: 0

Query OK, 0 rows affected (0.00 sec)

Query OK, 17076 rows affected (1.06 sec)
Records: 17076  Duplicates: 0  Warnings: 0

Query OK, 0 rows affected (0.01 sec)

Query OK, 17076 rows affected (42.33 sec)
Records: 17076  Duplicates: 0  Warnings: 0

+-------------+
| clientstats |
+-------------+
|       17076 |
+-------------+
1 row in set (0.01 sec)

Query OK, 0 rows affected (0.00 sec)

Query OK, 13 rows affected, 1 warning (0.09 sec)
Records: 13  Duplicates: 0  Warnings: 1

+-----------------------+-------------+-------------+----------------+-----------------+
| services              | activecount | allaccounts | uniqueaccounts | uniquecontracts |
+-----------------------+-------------+-------------+----------------+-----------------+
| All                   |         445 |          72 |             72 |             233 |
| Internet & OTT        |           4 |           2 |              2 |               2 |
| Internet & Voice      |         321 |         141 |            141 |             277 |
| Internet Only         |        4436 |        4337 |           4331 |            4377 |
| OTT Only              |           1 |           1 |              1 |               1 |
| TV & Internet         |        9677 |        4338 |           4327 |            8843 |
| TV & Internet & OTT   |        4283 |        1112 |           1110 |            2312 |
| TV & Internet & Voice |         548 |         158 |            158 |             484 |
| TV & OTT              |         337 |          85 |             83 |              94 |
| TV & Voice            |          71 |          32 |             32 |              66 |
| TV Only               |        8507 |        6676 |           6671 |            6882 |
| Voice Only            |         124 |         122 |            122 |             124 |
| GRAND TOTAL           |       28754 |       17076 |          16986 |           23695 |
+-----------------------+-------------+-------------+----------------+-----------------+
13 rows in set (0.01 sec)

+-------------+-------------+-------------+----------------+-----------------+
| network     | activecount | allaccounts | uniqueaccounts | uniquecontracts |
+-------------+-------------+-------------+----------------+-----------------+
| GPON        |       12711 |        6361 |           6358 |           10035 |
| HFC         |       16043 |       10715 |          10715 |           13660 |
| GRAND TOTAL |       28754 |       17076 |          16986 |           23695 |
+-------------+-------------+-------------+----------------+-----------------+
3 rows in set, 1 warning (0.11 sec)

+-------------+-----------------------+-------------+-------------+----------------+-----------------+
| network     | services              | activecount | allaccounts | uniqueaccounts | uniquecontracts |
+-------------+-----------------------+-------------+-------------+----------------+-----------------+
| GPON        | All                   |         310 |          55 |             55 |             175 |
| GPON        | Internet & Voice      |          91 |          38 |             38 |              80 |
| GPON        | Internet Only         |        1635 |        1552 |           1552 |            1577 |
| GPON        | TV & Internet         |        5012 |        2203 |           2203 |            4523 |
| GPON        | TV & Internet & OTT   |        3150 |         816 |            816 |            1705 |
| GPON        | TV & Internet & Voice |         288 |          79 |             79 |             245 |
| GPON        | TV & OTT              |         158 |          56 |             56 |              57 |
| GPON        | TV & Voice            |          47 |          21 |             21 |              44 |
| GPON        | TV Only               |        2006 |        1528 |           1528 |            1615 |
| GPON        | Voice Only            |          14 |          13 |             13 |              14 |
| GPON        | Services Total        |       12711 |        6361 |           6358 |           10035 |
| HFC         | All                   |         135 |          17 |             17 |              58 |
| HFC         | Internet & OTT        |           4 |           2 |              2 |               2 |
| HFC         | Internet & Voice      |         230 |         103 |            103 |             197 |
| HFC         | Internet Only         |        2801 |        2785 |           2785 |            2800 |
| HFC         | OTT Only              |           1 |           1 |              1 |               1 |
| HFC         | TV & Internet         |        4665 |        2135 |           2135 |            4320 |
| HFC         | TV & Internet & OTT   |        1133 |         296 |            296 |             607 |
| HFC         | TV & Internet & Voice |         260 |          79 |             79 |             239 |
| HFC         | TV & OTT              |         179 |          29 |             29 |              37 |
| HFC         | TV & Voice            |          24 |          11 |             11 |              22 |
| HFC         | TV Only               |        6501 |        5148 |           5148 |            5267 |
| HFC         | Voice Only            |         110 |         109 |            109 |             110 |
| HFC         | Services Total        |       16043 |       10715 |          10715 |           13660 |
| GRAND TOTAL | Services Total        |       28754 |       17076 |          16986 |           23695 |
+-------------+-----------------------+-------------+-------------+----------------+-----------------+
25 rows in set, 2 warnings (0.12 sec)

Query OK, 0 rows affected (0.01 sec)

Query OK, 40 rows affected, 3 warnings (0.17 sec)
Records: 40  Duplicates: 0  Warnings: 3

+-------------+---------------+-----------------------+-------------+-------------+----------------+-----------------+
| region      | network       | services              | activecount | allaccounts | uniqueaccounts | uniquecontracts |
+-------------+---------------+-----------------------+-------------+-------------+----------------+-----------------+
| Mahe        | GPON          | All                   |         269 |          48 |             48 |             153 |
| Mahe        | GPON          | Internet & Voice      |          77 |          31 |             31 |              66 |
| Mahe        | GPON          | Internet Only         |        1392 |        1310 |           1310 |            1334 |
| Mahe        | GPON          | TV & Internet         |        4233 |        1855 |           1855 |            3803 |
| Mahe        | GPON          | TV & Internet & OTT   |        2605 |         661 |            661 |            1386 |
| Mahe        | GPON          | TV & Internet & Voice |         278 |          76 |             76 |             235 |
| Mahe        | GPON          | TV & OTT              |         133 |          46 |             46 |              47 |
| Mahe        | GPON          | TV & Voice            |          44 |          20 |             20 |              41 |
| Mahe        | GPON          | TV Only               |        1656 |        1264 |           1264 |            1339 |
| Mahe        | GPON          | Voice Only            |          13 |          12 |             12 |              13 |
| Mahe        | GPON          | Services Total        |       10700 |        5323 |           5323 |            8417 |
| Mahe        | HFC           | All                   |         135 |          17 |             17 |              58 |
| Mahe        | HFC           | Internet & OTT        |           4 |           2 |              2 |               2 |
| Mahe        | HFC           | Internet & Voice      |         230 |         103 |            103 |             197 |
| Mahe        | HFC           | Internet Only         |        2801 |        2785 |           2785 |            2800 |
| Mahe        | HFC           | OTT Only              |           1 |           1 |              1 |               1 |
| Mahe        | HFC           | TV & Internet         |        4665 |        2135 |           2135 |            4320 |
| Mahe        | HFC           | TV & Internet & OTT   |        1133 |         296 |            296 |             607 |
| Mahe        | HFC           | TV & Internet & Voice |         260 |          79 |             79 |             239 |
| Mahe        | HFC           | TV & OTT              |         179 |          29 |             29 |              37 |
| Mahe        | HFC           | TV & Voice            |          24 |          11 |             11 |              22 |
| Mahe        | HFC           | TV Only               |        6499 |        5146 |           5146 |            5265 |
| Mahe        | HFC           | Voice Only            |         110 |         109 |            109 |             110 |
| Mahe        | HFC           | Services Total        |       16041 |       10713 |          10713 |           13658 |
| Mahe        | Network Total | Services Total        |       26741 |       16036 |          15949 |           22075 |
| Praslin     | GPON          | All                   |          41 |           7 |              7 |              22 |
| Praslin     | GPON          | Internet & Voice      |          14 |           7 |              7 |              14 |
| Praslin     | GPON          | Internet Only         |         243 |         242 |            242 |             243 |
| Praslin     | GPON          | TV & Internet         |         779 |         348 |            348 |             720 |
| Praslin     | GPON          | TV & Internet & OTT   |         545 |         155 |            155 |             319 |
| Praslin     | GPON          | TV & Internet & Voice |          10 |           3 |              3 |              10 |
| Praslin     | GPON          | TV & OTT              |          25 |          10 |             10 |              10 |
| Praslin     | GPON          | TV & Voice            |           3 |           1 |              1 |               3 |
| Praslin     | GPON          | TV Only               |         350 |         264 |            264 |             276 |
| Praslin     | GPON          | Voice Only            |           1 |           1 |              1 |               1 |
| Praslin     | GPON          | Services Total        |        2011 |        1038 |           1038 |            1618 |
| Praslin     | HFC           | TV Only               |           2 |           2 |              2 |               2 |
| Praslin     | HFC           | Services Total        |           2 |           2 |              2 |               2 |
| Praslin     | Network Total | Services Total        |        2013 |        1040 |           1040 |            1620 |
| GRAND TOTAL | Network Total | Services Total        |       28754 |       17076 |          16986 |           23695 |
+-------------+---------------+-----------------------+-------------+-------------+----------------+-----------------+
40 rows in set (0.00 sec)

Query OK, 0 rows affected (0.01 sec)

Query OK, 28146 rows affected (0.37 sec)
Records: 28146  Duplicates: 0  Warnings: 0

Query OK, 0 rows affected (0.01 sec)

Query OK, 2323 rows affected (0.33 sec)
Records: 2323  Duplicates: 0  Warnings: 0

+--------------------------------------+
| message                              |
+--------------------------------------+
| running rcbill_my.sp_ActiveNumber2() |
+--------------------------------------+
1 row in set (0.00 sec)

Query OK, 365 rows affected (1 min 58.65 sec)

mysql> mysql \. C:\workspace\cloud\code\sql\_DailyScript\currenttime.sql
+---------------------+
| currenttime         |
+---------------------+
| 2021-10-05 09:10:16 |
+---------------------+
1 row in set (0.00 sec)

mysql> 
mysql> mysql \. C:\workspace\cloud\code\sql\_DailyScript\GetActiveNumbers Average -Pivot.sql
Database changed
+-------------------------------------+
| @today := subdate(current_date(),1) |
+-------------------------------------+
| 2021-10-04                          |
+-------------------------------------+
1 row in set (0.00 sec)

+-------------------------------------+
| @lastdayofmonth := last_day(@today) |
+-------------------------------------+
| 2021-10-31                          |
+-------------------------------------+
1 row in set (0.00 sec)

Query OK, 0 rows affected (0.01 sec)

Query OK, 50525 rows affected, 65535 warnings (1 min 1.70 sec)
Records: 50525  Duplicates: 0  Warnings: 103750

Query OK, 0 rows affected (0.11 sec)
Records: 0  Duplicates: 0  Warnings: 0

Query OK, 0 rows affected (0.13 sec)
Records: 0  Duplicates: 0  Warnings: 0

Query OK, 0 rows affected (0.11 sec)
Records: 0  Duplicates: 0  Warnings: 0

+-----------------+
| activenumberavg |
+-----------------+
|           50525 |
+-----------------+
1 row in set (0.01 sec)

Query OK, 0 rows affected (0.01 sec)

Query OK, 1988 rows affected (0.57 sec)
Records: 1988  Duplicates: 0  Warnings: 0

+---------------------+
| rep_activenumberavg |
+---------------------+
|                1988 |
+---------------------+
1 row in set (0.00 sec)

+----------------------+
| rep_activenumberavg1 |
+----------------------+
|                  926 |
+----------------------+
1 row in set (0.00 sec)

Query OK, 0 rows affected (0.01 sec)

Query OK, 2669 rows affected (0.47 sec)
Records: 2669  Duplicates: 0  Warnings: 0

Query OK, 0 rows affected (0.00 sec)

Query OK, 13785 rows affected (0.86 sec)
Records: 13785  Duplicates: 0  Warnings: 0

Query OK, 0 rows affected (0.00 sec)

Query OK, 238 rows affected (0.27 sec)
Records: 238  Duplicates: 0  Warnings: 0

Query OK, 0 rows affected (0.00 sec)

Query OK, 0 rows affected (0.00 sec)

Query OK, 0 rows affected (0.00 sec)

Query OK, 0 rows affected (0.00 sec)

Query OK, 0 rows affected (0.00 sec)
Statement prepared

Query OK, 53 rows affected (0.05 sec)
Records: 53  Duplicates: 0  Warnings: 0

Query OK, 0 rows affected (0.00 sec)

Query OK, 0 rows affected (0.00 sec)

+----------------------+
| rep_activenumberavg2 |
+----------------------+
|                 2669 |
+----------------------+
1 row in set (0.00 sec)

+------------------------+
| rep_activenumberavg_pv |
+------------------------+
|                     53 |
+------------------------+
1 row in set (0.00 sec)

Query OK, 0 rows affected (0.00 sec)

Query OK, 2666 rows affected (0.38 sec)
Records: 2666  Duplicates: 0  Warnings: 0

Query OK, 0 rows affected (0.00 sec)

Query OK, 0 rows affected (0.00 sec)

Query OK, 0 rows affected (0.00 sec)

Query OK, 0 rows affected (0.00 sec)

Query OK, 0 rows affected (0.00 sec)
Statement prepared

Query OK, 53 rows affected (0.05 sec)
Records: 53  Duplicates: 0  Warnings: 0

Query OK, 0 rows affected (0.00 sec)

Query OK, 0 rows affected (0.00 sec)

+-------------------------+
| rep_activenumberavgMahe |
+-------------------------+
|                    2666 |
+-------------------------+
1 row in set (0.00 sec)

+----------------------------+
| rep_activenumberavgMahe_pv |
+----------------------------+
|                         53 |
+----------------------------+
1 row in set (0.00 sec)

Query OK, 0 rows affected (0.00 sec)

Query OK, 1688 rows affected (0.17 sec)
Records: 1688  Duplicates: 0  Warnings: 0

Query OK, 0 rows affected (0.00 sec)

Query OK, 0 rows affected (0.00 sec)

Query OK, 0 rows affected (0.00 sec)

Query OK, 0 rows affected (0.00 sec)

Query OK, 0 rows affected (0.00 sec)
Statement prepared

Query OK, 40 rows affected (0.04 sec)
Records: 40  Duplicates: 0  Warnings: 0

Query OK, 0 rows affected (0.00 sec)

Query OK, 0 rows affected (0.00 sec)

+----------------------------+
| rep_activenumberavgPraslin |
+----------------------------+
|                       1688 |
+----------------------------+
1 row in set (0.00 sec)

+-------------------------------+
| rep_activenumberavgPraslin_pv |
+-------------------------------+
|                            40 |
+-------------------------------+
1 row in set (0.00 sec)

mysql> mysql \. C:\workspace\cloud\code\sql\_DailyScript\currenttime.sql
+---------------------+
| currenttime         |
+---------------------+
| 2021-10-05 09:11:21 |
+---------------------+
1 row in set (0.00 sec)

mysql> 
mysql> mysql \. C:\workspace\cloud\code\sql\Analysis\clients_contracts_creditpolicy_2.sql
Database changed
Query OK, 0 rows affected (0.00 sec)

Query OK, 1900145 rows affected (38.40 sec)
Records: 1900145  Duplicates: 0  Warnings: 0

Query OK, 0 rows affected (0.01 sec)

Query OK, 28172 rows affected (0.96 sec)
Records: 28172  Duplicates: 0  Warnings: 0

Query OK, 0 rows affected (0.09 sec)

Query OK, 28245 rows affected (8.01 sec)
Records: 28245  Duplicates: 0  Warnings: 0

+-------------------------+
| rep_cust_cont_creditpol |
+-------------------------+
|                   28245 |
+-------------------------+
1 row in set (0.01 sec)

mysql> mysql \. C:\workspace\cloud\code\sql\_DailyScript\currenttime.sql
+---------------------+
| currenttime         |
+---------------------+
| 2021-10-05 09:12:09 |
+---------------------+
1 row in set (0.00 sec)

mysql> 
mysql> 
mysql> 
mysql> 
mysql> 
mysql> 
mysql> 
mysql> 
mysql> 
mysql> 
mysql> 
mysql> 
mysql> 
mysql> 
mysql> 
mysql> 
mysql> 
mysql> 
mysql> 
mysql> 
mysql> 
mysql> 
mysql> 
mysql> 
mysql> 
mysql> 
mysql> 
mysql> exit
