    -> 
    -> mysql \. C:\workspace\cloud\code\sql\_DailyScript\_setdates.sql
Database changed
Query OK, 0 rows affected (0.00 sec)

Query OK, 0 rows affected (0.01 sec)

Query OK, 0 rows affected (0.00 sec)

Query OK, 0 rows affected (0.00 sec)

Query OK, 0 rows affected (0.00 sec)

Query OK, 0 rows affected (0.00 sec)

Query OK, 0 rows affected (0.00 sec)

Query OK, 0 rows affected (0.00 sec)

Query OK, 0 rows affected (0.00 sec)

Query OK, 0 rows affected (0.00 sec)

Query OK, 0 rows affected (0.00 sec)

Query OK, 0 rows affected (0.00 sec)

Query OK, 0 rows affected (0.00 sec)

Query OK, 0 rows affected (0.00 sec)

Query OK, 0 rows affected (0.00 sec)

Query OK, 0 rows affected (0.00 sec)

Query OK, 0 rows affected (0.00 sec)

Query OK, 0 rows affected (0.00 sec)

Query OK, 0 rows affected (0.00 sec)

Query OK, 0 rows affected (0.00 sec)

Query OK, 0 rows affected (0.00 sec)

mysql> mysql \. C:\workspace\cloud\code\sql\_DailyScript\currenttime.sql
+---------------------+
| currenttime         |
+---------------------+
| 2019-11-13 08:18:15 |
+---------------------+
1 row in set (0.00 sec)

mysql> 
mysql> mysql \. C:\workspace\cloud\code\sql\_DailyScript\load_RCB_VODTITLES.sql
Database changed
Query OK, 0 rows affected (0.00 sec)

Query OK, 7925 rows affected (0.24 sec)

Query OK, 7927 rows affected, 7927 warnings (0.30 sec)
Records: 7927  Deleted: 0  Skipped: 0  Warnings: 7927

Query OK, 0 rows affected (0.00 sec)

Query OK, 2 rows affected (0.01 sec)

+-----------+
| VODTITLES |
+-----------+
|      8385 |
+-----------+
1 row in set (0.00 sec)

+-----------+-----------+
| titletype | typecount |
+-----------+-----------+
| E         |      6380 |
| N         |       213 |
| T         |      1332 |
| NULL      |      7925 |
+-----------+-----------+
4 rows in set (0.04 sec)

mysql> mysql \. C:\workspace\cloud\code\sql\_DailyScript\currenttime.sql
+---------------------+
| currenttime         |
+---------------------+
| 2019-11-13 08:18:15 |
+---------------------+
1 row in set (0.00 sec)

mysql> 
mysql> mysql \. C:\workspace\cloud\code\sql\_DailyScript\DAILY-SCRIPT-LIVETV-STATS.sql
Database changed
Query OK, 0 rows affected (0.17 sec)

Query OK, 59762 rows affected (1.15 sec)
Records: 59762  Duplicates: 0  Warnings: 0

+------------+------------+----------+--------------+--------------+-----------+-------------+----------+--------+------+------------+---------+---------------+
| Table      | Non_unique | Key_name | Seq_in_index | Column_name  | Collation | Cardinality | Sub_part | Packed | Null | Index_type | Comment | Index_comment |
+------------+------------+----------+--------------+--------------+-----------+-------------+----------+--------+------+------------+---------+---------------+
| templivetv |          1 | idxtv1   |            1 | device       | A         |       59805 |     NULL | NULL   | YES  | BTREE      |         |               |
| templivetv |          1 | idxtv2   |            1 | sessionstart | A         |       59805 |     NULL | NULL   | YES  | BTREE      |         |               |
+------------+------------+----------+--------------+--------------+-----------+-------------+----------+--------+------+------------+---------+---------------+
2 rows in set (0.00 sec)

Query OK, 59680 rows affected (41.94 sec)
Records: 59680  Duplicates: 0  Warnings: 0

Query OK, 2620 rows affected (1.81 sec)
Records: 2620  Duplicates: 0  Warnings: 0

Query OK, 0 rows affected (0.00 sec)

Query OK, 0 rows affected (0.04 sec)

Query OK, 137 rows affected (0.45 sec)
Records: 137  Duplicates: 0  Warnings: 0

Query OK, 0 rows affected (0.41 sec)

Query OK, 96266 rows affected (26 min 56.02 sec)
Records: 96266  Duplicates: 0  Warnings: 0

+-----------------+
| rep_livetvstats |
+-----------------+
|           96266 |
+-----------------+
1 row in set (0.04 sec)

mysql> mysql \. C:\workspace\cloud\code\sql\_DailyScript\currenttime.sql
+---------------------+
| currenttime         |
+---------------------+
| 2019-11-13 08:45:57 |
+---------------------+
1 row in set (0.00 sec)

mysql> 
mysql> mysql \. C:\workspace\cloud\code\sql\_DailyScript\DAILY-SCRIPT-VODTS-STATS.sql
Database changed
Query OK, 0 rows affected (0.06 sec)

Query OK, 3031 rows affected (1 min 30.01 sec)
Records: 3031  Duplicates: 0  Warnings: 0

+---------+------------+----------+--------------+--------------+-----------+-------------+----------+--------+------+------------+---------+---------------+
| Table   | Non_unique | Key_name | Seq_in_index | Column_name  | Collation | Cardinality | Sub_part | Packed | Null | Index_type | Comment | Index_comment |
+---------+------------+----------+--------------+--------------+-----------+-------------+----------+--------+------+------------+---------+---------------+
| tempvod |          1 | idxtvod1 |            1 | device       | A         |        3221 |     NULL | NULL   | YES  | BTREE      |         |               |
| tempvod |          1 | idxtvod2 |            1 | sessionstart | A         |        3221 |     NULL | NULL   | YES  | BTREE      |         |               |
+---------+------------+----------+--------------+--------------+-----------+-------------+----------+--------+------+------------+---------+---------------+
2 rows in set (0.00 sec)

Query OK, 3029 rows affected (7.75 sec)
Records: 3029  Duplicates: 0  Warnings: 0

Query OK, 0 rows affected (0.01 sec)

Query OK, 391243 rows affected (40.73 sec)
Records: 391243  Duplicates: 0  Warnings: 0

+--------------+
| rep_vodstats |
+--------------+
|       391243 |
+--------------+
1 row in set (0.15 sec)

Database changed
Query OK, 0 rows affected (0.06 sec)

Query OK, 14811 rows affected (7 min 28.54 sec)
Records: 14811  Duplicates: 0  Warnings: 0

+--------+------------+----------+--------------+--------------+-----------+-------------+----------+--------+------+------------+---------+---------------+
| Table  | Non_unique | Key_name | Seq_in_index | Column_name  | Collation | Cardinality | Sub_part | Packed | Null | Index_type | Comment | Index_comment |
+--------+------------+----------+--------------+--------------+-----------+-------------+----------+--------+------+------------+---------+---------------+
| tempts |          1 | idxtts1  |            1 | device       | A         |       14975 |     NULL | NULL   | YES  | BTREE      |         |               |
| tempts |          1 | idxtts2  |            1 | sessionstart | A         |       14975 |     NULL | NULL   | YES  | BTREE      |         |               |
+--------+------------+----------+--------------+--------------+-----------+-------------+----------+--------+------+------------+---------+---------------+
2 rows in set (0.01 sec)

Query OK, 14797 rows affected (27.45 sec)
Records: 14797  Duplicates: 0  Warnings: 0

Query OK, 0 rows affected (0.01 sec)

Query OK, 26534 rows affected (7 min 42.40 sec)
Records: 26534  Duplicates: 0  Warnings: 0

+-------------+
| rep_tsstats |
+-------------+
|       26534 |
+-------------+
1 row in set (0.01 sec)

mysql> mysql \. C:\workspace\cloud\code\sql\_DailyScript\currenttime.sql
+---------------------+
| currenttime         |
+---------------------+
| 2019-11-13 09:03:55 |
+---------------------+
1 row in set (0.00 sec)

mysql> 
mysql> mysql \. C:\workspace\cloud\code\sql\_DailyScript\DAILY-SCRIPT-RADIO-STATS.sql
Database changed
Query OK, 0 rows affected (0.25 sec)

Query OK, 191506 rows affected (8.40 sec)
Records: 191506  Duplicates: 0  Warnings: 0

+-----------+------------+----------+--------------+--------------+-----------+-------------+----------+--------+------+------------+---------+---------------+
| Table     | Non_unique | Key_name | Seq_in_index | Column_name  | Collation | Cardinality | Sub_part | Packed | Null | Index_type | Comment | Index_comment |
+-----------+------------+----------+--------------+--------------+-----------+-------------+----------+--------+------+------------+---------+---------------+
| tempradio |          1 | idxtrad1 |            1 | device       | A         |      192068 |     NULL | NULL   | YES  | BTREE      |         |               |
| tempradio |          1 | idxtrad2 |            1 | sessionstart | A         |      192068 |     NULL | NULL   | YES  | BTREE      |         |               |
+-----------+------------+----------+--------------+--------------+-----------+-------------+----------+--------+------+------------+---------+---------------+
2 rows in set (0.00 sec)

Query OK, 178 rows affected (9.09 sec)
Records: 178  Duplicates: 0  Warnings: 0

Query OK, 0 rows affected (0.04 sec)

Query OK, 3573 rows affected (0.42 sec)
Records: 3573  Duplicates: 0  Warnings: 0

+----------------+
| rep_radiostats |
+----------------+
|           3573 |
+----------------+
1 row in set (0.00 sec)

mysql> mysql \. C:\workspace\cloud\code\sql\_DailyScript\currenttime.sql
+---------------------+
| currenttime         |
+---------------------+
| 2019-11-13 09:04:13 |
+---------------------+
1 row in set (0.00 sec)

mysql> 
mysql> mysql \. C:\workspace\cloud\code\sql\_DailyScript\DAILY_SCRIPT_TELEMETRY_PIVOT.sql
Query OK, 0 rows affected (0.05 sec)

Query OK, 148 rows affected (0.65 sec)
Records: 148  Duplicates: 0  Warnings: 0

Query OK, 0 rows affected (0.01 sec)

Query OK, 6999 rows affected (6.84 sec)
Records: 6999  Duplicates: 0  Warnings: 0

Query OK, 0 rows affected (0.11 sec)

Query OK, 6 rows affected (0.02 sec)
Records: 6  Duplicates: 0  Warnings: 0

Query OK, 0 rows affected (0.01 sec)

Query OK, 55 rows affected (0.23 sec)
Records: 55  Duplicates: 0  Warnings: 0

mysql> mysql \. C:\workspace\cloud\code\sql\_DailyScript\currenttime.sql
+---------------------+
| currenttime         |
+---------------------+
| 2019-11-13 09:04:21 |
+---------------------+
1 row in set (0.00 sec)

mysql> 
mysql> mysql \. C:\workspace\cloud\code\sql\_DailyScript\telemetry_livetv_ranking2019.sql
Query OK, 0 rows affected (0.00 sec)

Query OK, 148 rows affected (0.07 sec)
Records: 148  Duplicates: 0  Warnings: 0

mysql> mysql \. C:\workspace\cloud\code\sql\_DailyScript\currenttime.sql
+---------------------+
| currenttime         |
+---------------------+
| 2019-11-13 09:04:21 |
+---------------------+
1 row in set (0.00 sec)

mysql> 
mysql> mysql \. C:\workspace\cloud\code\sql\_DailyScript\telemetry_radio_ranking2019.sql
Query OK, 0 rows affected (0.04 sec)

Query OK, 6 rows affected (0.04 sec)
Records: 6  Duplicates: 0  Warnings: 0

mysql> mysql \. C:\workspace\cloud\code\sql\_DailyScript\currenttime.sql
+---------------------+
| currenttime         |
+---------------------+
| 2019-11-13 09:04:21 |
+---------------------+
1 row in set (0.00 sec)

mysql> 
mysql> mysql \. C:\workspace\cloud\code\sql\_DailyScript\telemetry_ts_ranking2019.sql
Query OK, 0 rows affected (0.00 sec)

Query OK, 55 rows affected (0.05 sec)
Records: 55  Duplicates: 0  Warnings: 0

mysql> mysql \. C:\workspace\cloud\code\sql\_DailyScript\currenttime.sql
+---------------------+
| currenttime         |
+---------------------+
| 2019-11-13 09:04:21 |
+---------------------+
1 row in set (0.00 sec)

mysql> 
mysql> mysql \. C:\workspace\cloud\code\sql\_DailyScript\telemetry_vod_ranking2019.sql
Query OK, 0 rows affected (0.04 sec)

Query OK, 6999 rows affected (0.84 sec)
Records: 6999  Duplicates: 0  Warnings: 0

mysql> mysql \. C:\workspace\cloud\code\sql\_DailyScript\currenttime.sql
+---------------------+
| currenttime         |
+---------------------+
| 2019-11-13 09:04:22 |
+---------------------+
1 row in set (0.00 sec)

mysql> 
mysql> mysql \. C:\workspace\cloud\code\sql\_DailyScript\telemetry_vod_ranking2019_1.sql
Query OK, 0 rows affected (0.01 sec)

Query OK, 6999 rows affected (0.20 sec)
Records: 6999  Duplicates: 0  Warnings: 0

mysql> mysql \. C:\workspace\cloud\code\sql\_DailyScript\currenttime.sql
+---------------------+
| currenttime         |
+---------------------+
| 2019-11-13 09:04:22 |
+---------------------+
1 row in set (0.00 sec)

mysql> 
mysql> mysql \. C:\workspace\cloud\code\sql\_DailyScript\telemetry_vod_ranking2019_2.sql
Query OK, 0 rows affected (0.13 sec)

Query OK, 6999 rows affected (0.19 sec)
Records: 6999  Duplicates: 0  Warnings: 0

mysql> mysql \. C:\workspace\cloud\code\sql\_DailyScript\currenttime.sql
+---------------------+
| currenttime         |
+---------------------+
| 2019-11-13 09:04:23 |
+---------------------+
1 row in set (0.00 sec)

mysql> 
mysql> mysql \. C:\workspace\cloud\code\sql\_DailyScript\DAILY-SCRIPT-CREATE-LOAD.sql
Database changed
Database changed
Query OK, 0 rows affected (0.52 sec)

Query OK, 0 rows affected (0.01 sec)

Database changed
Query OK, 65883 rows affected (4.00 sec)
Records: 65883  Deleted: 0  Skipped: 0  Warnings: 0

Query OK, 0 rows affected (0.16 sec)
Records: 0  Duplicates: 0  Warnings: 0

Query OK, 0 rows affected (0.43 sec)
Records: 0  Duplicates: 0  Warnings: 0

Query OK, 0 rows affected (0.62 sec)
Records: 0  Duplicates: 0  Warnings: 0

Query OK, 0 rows affected (0.66 sec)
Records: 0  Duplicates: 0  Warnings: 0

+---------+
| clients |
+---------+
|   65883 |
+---------+
1 row in set (0.02 sec)

Query OK, 0 rows affected (0.05 sec)

Query OK, 2620 rows affected (0.90 sec)
Records: 2620  Duplicates: 0  Warnings: 0

+-------------------+
| rcb_clientparcels |
+-------------------+
|              2620 |
+-------------------+
1 row in set (0.00 sec)

Query OK, 0 rows affected (0.02 sec)

Query OK, 85739 rows affected (4.19 sec)
Records: 85739  Duplicates: 0  Warnings: 0

Query OK, 0 rows affected (0.35 sec)
Records: 0  Duplicates: 0  Warnings: 0

Query OK, 0 rows affected (0.42 sec)

Query OK, 65883 rows affected (3.22 sec)
Records: 65883  Duplicates: 0  Warnings: 0

Query OK, 0 rows affected (0.23 sec)
Records: 0  Duplicates: 0  Warnings: 0

Query OK, 0 rows affected (0.43 sec)
Records: 0  Duplicates: 0  Warnings: 0

Query OK, 0 rows affected (0.45 sec)
Records: 0  Duplicates: 0  Warnings: 0

+---------------+
| clientaddress |
+---------------+
|         65883 |
+---------------+
1 row in set (0.15 sec)

Database changed
Query OK, 0 rows affected (0.23 sec)

Query OK, 0 rows affected (0.02 sec)

Database changed
Query OK, 492383 rows affected, 65535 warnings (20.36 sec)
Records: 492383  Deleted: 0  Skipped: 0  Warnings: 193974

Query OK, 0 rows affected (8.16 sec)
Records: 0  Duplicates: 0  Warnings: 0

Query OK, 0 rows affected (4.24 sec)
Records: 0  Duplicates: 0  Warnings: 0

Query OK, 0 rows affected (4.17 sec)
Records: 0  Duplicates: 0  Warnings: 0

Query OK, 0 rows affected (0.23 sec)

Query OK, 492383 rows affected (59.66 sec)
Records: 492383  Duplicates: 0  Warnings: 0

Query OK, 0 rows affected (2.38 sec)
Records: 0  Duplicates: 0  Warnings: 0

Query OK, 0 rows affected (1.81 sec)
Records: 0  Duplicates: 0  Warnings: 0

+-----------+
| contracts |
+-----------+
|    492383 |
+-----------+
1 row in set (0.21 sec)

+-----------------+
| contractaddress |
+-----------------+
|          492383 |
+-----------------+
1 row in set (0.17 sec)

Database changed
Query OK, 0 rows affected (0.01 sec)

Query OK, 0 rows affected (0.00 sec)

Query OK, 7125 rows affected (0.40 sec)
Records: 7125  Deleted: 0  Skipped: 0  Warnings: 0

Query OK, 0 rows affected (0.16 sec)

Query OK, 7094 rows affected (4.24 sec)
Records: 7094  Duplicates: 0  Warnings: 0

Query OK, 0 rows affected (0.07 sec)
Records: 0  Duplicates: 0  Warnings: 0

Query OK, 0 rows affected (0.02 sec)

Query OK, 5549 rows affected (0.11 sec)
Records: 5549  Duplicates: 0  Warnings: 0

Query OK, 0 rows affected (0.10 sec)
Records: 0  Duplicates: 0  Warnings: 0

+-------------------+
| contractdiscounts |
+-------------------+
|              7125 |
+-------------------+
1 row in set (0.01 sec)

+-------------------------+
| clientcontractdiscounts |
+-------------------------+
|                    7094 |
+-------------------------+
1 row in set (0.00 sec)

+----------------------------+
| clientcontractlastdiscount |
+----------------------------+
|                       5549 |
+----------------------------+
1 row in set (0.00 sec)

Database changed
Query OK, 0 rows affected (0.63 sec)

Query OK, 0 rows affected (0.01 sec)

Database changed
Query OK, 131236 rows affected (4.79 sec)
Records: 131236  Deleted: 0  Skipped: 0  Warnings: 0

Query OK, 0 rows affected (0.44 sec)
Records: 0  Duplicates: 0  Warnings: 0

Query OK, 0 rows affected (0.39 sec)
Records: 0  Duplicates: 0  Warnings: 0

Query OK, 0 rows affected (0.83 sec)
Records: 0  Duplicates: 0  Warnings: 0

Query OK, 0 rows affected (0.34 sec)
Records: 0  Duplicates: 0  Warnings: 0

Query OK, 0 rows affected (0.50 sec)
Records: 0  Duplicates: 0  Warnings: 0

Query OK, 0 rows affected (1.05 sec)
Records: 0  Duplicates: 0  Warnings: 0

Query OK, 0 rows affected (0.46 sec)

Query OK, 1681269 rows affected (3 min 52.32 sec)
Records: 1681269  Duplicates: 0  Warnings: 0

+---------+
| devices |
+---------+
|  131236 |
+---------+
1 row in set (0.06 sec)

+-----------------------+
| clientcontractdevices |
+-----------------------+
|               1681269 |
+-----------------------+
1 row in set (1.94 sec)

Query OK, 0 rows affected (0.25 sec)

Query OK, 131158 rows affected (14.59 sec)
Records: 131158  Duplicates: 0  Warnings: 0

+---------------------------+
| rep_clientcontractdevices |
+---------------------------+
|                    131158 |
+---------------------------+
1 row in set (0.06 sec)

Database changed
Query OK, 0 rows affected (0.19 sec)

Query OK, 0 rows affected (0.01 sec)

Query OK, 261960 rows affected (9.45 sec)
Records: 261960  Deleted: 0  Skipped: 0  Warnings: 0

Query OK, 0 rows affected (0.90 sec)
Records: 0  Duplicates: 0  Warnings: 0

Query OK, 0 rows affected (0.75 sec)
Records: 0  Duplicates: 0  Warnings: 0

Query OK, 0 rows affected (0.75 sec)
Records: 0  Duplicates: 0  Warnings: 0

Query OK, 0 rows affected (0.85 sec)
Records: 0  Duplicates: 0  Warnings: 0

+---------+
| tickets |
+---------+
|  261960 |
+---------+
1 row in set (0.09 sec)

Database changed
Query OK, 0 rows affected (0.01 sec)

Query OK, 0 rows affected (0.01 sec)

Empty set (0.00 sec)

Query OK, 0 rows affected (0.01 sec)
Records: 0  Duplicates: 0  Warnings: 0

Query OK, 316 rows affected, 2 warnings (0.03 sec)
Records: 316  Deleted: 0  Skipped: 0  Warnings: 2

+-----------------+
| tickettechusers |
+-----------------+
|             316 |
+-----------------+
1 row in set (0.00 sec)

Database changed
Query OK, 0 rows affected (0.15 sec)

Query OK, 0 rows affected (0.01 sec)

Query OK, 0 rows affected (0.01 sec)
Records: 0  Duplicates: 0  Warnings: 0

Query OK, 554280 rows affected, 43335 warnings (13.56 sec)
Records: 554280  Deleted: 0  Skipped: 0  Warnings: 43335

+-------------------+
| ticketassignments |
+-------------------+
|            554280 |
+-------------------+
1 row in set (0.19 sec)

Database changed
Query OK, 0 rows affected (0.67 sec)

Query OK, 0 rows affected (0.00 sec)

Query OK, 1148098 rows affected (22.50 sec)
Records: 1148098  Deleted: 0  Skipped: 0  Warnings: 0

Query OK, 0 rows affected (9.79 sec)
Records: 0  Duplicates: 0  Warnings: 0

Query OK, 0 rows affected (4.44 sec)
Records: 0  Duplicates: 0  Warnings: 0

Query OK, 0 rows affected (4.20 sec)
Records: 0  Duplicates: 0  Warnings: 0

Query OK, 0 rows affected (4.17 sec)
Records: 0  Duplicates: 0  Warnings: 0

+----------------+
| ticketcomments |
+----------------+
|        1148098 |
+----------------+
1 row in set (0.40 sec)

Database changed
Query OK, 0 rows affected (0.01 sec)

Query OK, 0 rows affected (0.01 sec)

Query OK, 424375 rows affected (52.82 sec)
Records: 424375  Deleted: 0  Skipped: 0  Warnings: 0

Query OK, 0 rows affected (3.16 sec)
Records: 0  Duplicates: 0  Warnings: 0

+----------+
| comments |
+----------+
|   424375 |
+----------+
1 row in set (0.15 sec)

Database changed
Query OK, 0 rows affected (0.14 sec)

Query OK, 0 rows affected (0.01 sec)

Query OK, 1017524 rows affected, 65535 warnings (1 min 9.97 sec)
Records: 1017524  Deleted: 0  Skipped: 0  Warnings: 1017540

Query OK, 0 rows affected (8.20 sec)
Records: 0  Duplicates: 0  Warnings: 0

Query OK, 0 rows affected (4.75 sec)
Records: 0  Duplicates: 0  Warnings: 0

Query OK, 0 rows affected (4.44 sec)
Records: 0  Duplicates: 0  Warnings: 0

Query OK, 0 rows affected (3.72 sec)
Records: 0  Duplicates: 0  Warnings: 0

Query OK, 0 rows affected (5.47 sec)
Records: 0  Duplicates: 0  Warnings: 0

+------------+
| devicesold |
+------------+
|    1017524 |
+------------+
1 row in set (0.49 sec)

Database changed
Query OK, 0 rows affected (0.04 sec)

Query OK, 0 rows affected (0.02 sec)

Query OK, 1674751 rows affected (30.30 sec)
Records: 1674751  Deleted: 0  Skipped: 0  Warnings: 0

Query OK, 0 rows affected (12.88 sec)
Records: 0  Duplicates: 0  Warnings: 0

Query OK, 0 rows affected (5.17 sec)
Records: 0  Duplicates: 0  Warnings: 0

Query OK, 0 rows affected (8.18 sec)
Records: 0  Duplicates: 0  Warnings: 0

+------------------+
| contractservices |
+------------------+
|          1674751 |
+------------------+
1 row in set (0.59 sec)

Database changed
Query OK, 0 rows affected (0.73 sec)

Query OK, 0 rows affected (0.01 sec)

Query OK, 3844152 rows affected (2 min 41.20 sec)
Records: 3844152  Deleted: 0  Skipped: 0  Warnings: 0

Query OK, 0 rows affected (19.79 sec)
Records: 0  Duplicates: 0  Warnings: 0

Query OK, 0 rows affected (18.95 sec)
Records: 0  Duplicates: 0  Warnings: 0

Query OK, 0 rows affected (18.47 sec)
Records: 0  Duplicates: 0  Warnings: 0

Query OK, 0 rows affected (17.99 sec)
Records: 0  Duplicates: 0  Warnings: 0

+------------------+
| invoicescontents |
+------------------+
|          3844152 |
+------------------+
1 row in set (1.61 sec)

Database changed
Query OK, 0 rows affected (0.45 sec)

Query OK, 0 rows affected (0.07 sec)

ERROR 2013 (HY000): Lost connection to MySQL server during query
ERROR 2006 (HY000): MySQL server has gone away
No connection. Trying to reconnect...
ERROR 2003 (HY000): Can't connect to MySQL server on '192.168.1.166' (10060)
ERROR: 
Can't connect to the server

No connection. Trying to reconnect...
ERROR 2003 (HY000): Can't connect to MySQL server on '192.168.1.166' (10060)
ERROR: 
Can't connect to the server

No connection. Trying to reconnect...
ERROR 2003 (HY000): Can't connect to MySQL server on '192.168.1.166' (10060)
ERROR: 
Can't connect to the server

No connection. Trying to reconnect...
ERROR 2003 (HY000): Can't connect to MySQL server on '192.168.1.166' (10060)
ERROR: 
Can't connect to the server

No connection. Trying to reconnect...
ERROR 2003 (HY000): Can't connect to MySQL server on '192.168.1.166' (10060)
ERROR: 
Can't connect to the server

No connection. Trying to reconnect...
ERROR 2003 (HY000): Can't connect to MySQL server on '192.168.1.166' (10060)
ERROR: 
Can't connect to the server

No connection. Trying to reconnect...
ERROR 2003 (HY000): Can't connect to MySQL server on '192.168.1.166' (10060)
ERROR: 
Can't connect to the server

No connection. Trying to reconnect...
ERROR 2003 (HY000): Can't connect to MySQL server on '192.168.1.166' (10060)
ERROR: 
Can't connect to the server

No connection. Trying to reconnect...
ERROR 2003 (HY000): Can't connect to MySQL server on '192.168.1.166' (10060)
ERROR: 
Can't connect to the server

No connection. Trying to reconnect...
ERROR 2003 (HY000): Can't connect to MySQL server on '192.168.1.166' (10060)
ERROR: 
Can't connect to the server

No connection. Trying to reconnect...
ERROR 2003 (HY000): Can't connect to MySQL server on '192.168.1.166' (10060)
ERROR: 
Can't connect to the server

No connection. Trying to reconnect...
ERROR 2003 (HY000): Can't connect to MySQL server on '192.168.1.166' (10060)
ERROR: 
Can't connect to the server

No connection. Trying to reconnect...
ERROR 2003 (HY000): Can't connect to MySQL server on '192.168.1.166' (10060)
ERROR: 
Can't connect to the server

No connection. Trying to reconnect...
ERROR 2003 (HY000): Can't connect to MySQL server on '192.168.1.166' (10060)
ERROR: 
Can't connect to the server

No connection. Trying to reconnect...
ERROR 2003 (HY000): Can't connect to MySQL server on '192.168.1.166' (10060)
ERROR: 
Can't connect to the server

No connection. Trying to reconnect...
ERROR 2003 (HY000): Can't connect to MySQL server on '192.168.1.166' (10060)
ERROR: 
Can't connect to the server

No connection. Trying to reconnect...
ERROR 2003 (HY000): Can't connect to MySQL server on '192.168.1.166' (10060)
ERROR: 
Can't connect to the server

No connection. Trying to reconnect...
ERROR 2003 (HY000): Can't connect to MySQL server on '192.168.1.166' (10060)
ERROR: 
Can't connect to the server

No connection. Trying to reconnect...
ERROR 2003 (HY000): Can't connect to MySQL server on '192.168.1.166' (10060)
ERROR: 
Can't connect to the server

No connection. Trying to reconnect...
ERROR 2003 (HY000): Can't connect to MySQL server on '192.168.1.166' (10060)
ERROR: 
Can't connect to the server

No connection. Trying to reconnect...
ERROR 2003 (HY000): Can't connect to MySQL server on '192.168.1.166' (10060)
ERROR: 
Can't connect to the server

No connection. Trying to reconnect...
ERROR 2003 (HY000): Can't connect to MySQL server on '192.168.1.166' (10060)
ERROR: 
Can't connect to the server

No connection. Trying to reconnect...
ERROR 2003 (HY000): Can't connect to MySQL server on '192.168.1.166' (10060)
ERROR: 
Can't connect to the server

No connection. Trying to reconnect...
ERROR 2003 (HY000): Can't connect to MySQL server on '192.168.1.166' (10060)
ERROR: 
Can't connect to the server

No connection. Trying to reconnect...
ERROR 2003 (HY000): Can't connect to MySQL server on '192.168.1.166' (10060)
ERROR: 
Can't connect to the server

No connection. Trying to reconnect...
ERROR 2003 (HY000): Can't connect to MySQL server on '192.168.1.166' (10060)
ERROR: 
Can't connect to the server

No connection. Trying to reconnect...
ERROR 2003 (HY000): Can't connect to MySQL server on '192.168.1.166' (10060)
ERROR: 
Can't connect to the server

No connection. Trying to reconnect...
ERROR 2003 (HY000): Can't connect to MySQL server on '192.168.1.166' (10060)
ERROR: 
Can't connect to the server

No connection. Trying to reconnect...
ERROR 2003 (HY000): Can't connect to MySQL server on '192.168.1.166' (10060)
ERROR: 
Can't connect to the server

No connection. Trying to reconnect...
ERROR 2003 (HY000): Can't connect to MySQL server on '192.168.1.166' (10060)
ERROR: 
Can't connect to the server

No connection. Trying to reconnect...
ERROR 2003 (HY000): Can't connect to MySQL server on '192.168.1.166' (10060)
ERROR: 
Can't connect to the server

No connection. Trying to reconnect...
ERROR 2003 (HY000): Can't connect to MySQL server on '192.168.1.166' (10060)
ERROR: 
Can't connect to the server

No connection. Trying to reconnect...
ERROR 2003 (HY000): Can't connect to MySQL server on '192.168.1.166' (10060)
ERROR: 
Can't connect to the server

No connection. Trying to reconnect...
ERROR 2003 (HY000): Can't connect to MySQL server on '192.168.1.166' (10060)
ERROR: 
Can't connect to the server

No connection. Trying to reconnect...
ERROR 2003 (HY000): Can't connect to MySQL server on '192.168.1.166' (10060)
ERROR: 
Can't connect to the server

No connection. Trying to reconnect...
ERROR 2003 (HY000): Can't connect to MySQL server on '192.168.1.166' (10060)
ERROR: 
Can't connect to the server

No connection. Trying to reconnect...
ERROR 2003 (HY000): Can't connect to MySQL server on '192.168.1.166' (10060)
ERROR: 
Can't connect to the server

No connection. Trying to reconnect...
ERROR 2003 (HY000): Can't connect to MySQL server on '192.168.1.166' (10060)
ERROR: 
Can't connect to the server

No connection. Trying to reconnect...
ERROR 2003 (HY000): Can't connect to MySQL server on '192.168.1.166' (10060)
ERROR: 
Can't connect to the server

No connection. Trying to reconnect...
ERROR 2003 (HY000): Can't connect to MySQL server on '192.168.1.166' (10060)
ERROR: 
Can't connect to the server

No connection. Trying to reconnect...
ERROR 2003 (HY000): Can't connect to MySQL server on '192.168.1.166' (10060)
ERROR: 
Can't connect to the server

No connection. Trying to reconnect...
ERROR 2003 (HY000): Can't connect to MySQL server on '192.168.1.166' (10060)
ERROR: 
Can't connect to the server

No connection. Trying to reconnect...
ERROR 2003 (HY000): Can't connect to MySQL server on '192.168.1.166' (10060)
ERROR: 
Can't connect to the server

No connection. Trying to reconnect...
ERROR 2003 (HY000): Can't connect to MySQL server on '192.168.1.166' (10060)
ERROR: 
Can't connect to the server

No connection. Trying to reconnect...
ERROR 2003 (HY000): Can't connect to MySQL server on '192.168.1.166' (10060)
ERROR: 
Can't connect to the server

No connection. Trying to reconnect...
ERROR 2003 (HY000): Can't connect to MySQL server on '192.168.1.166' (10060)
ERROR: 
Can't connect to the server

No connection. Trying to reconnect...
ERROR 2003 (HY000): Can't connect to MySQL server on '192.168.1.166' (10060)
ERROR: 
Can't connect to the server

No connection. Trying to reconnect...
ERROR 2003 (HY000): Can't connect to MySQL server on '192.168.1.166' (10060)
ERROR: 
Can't connect to the server

No connection. Trying to reconnect...
ERROR 2003 (HY000): Can't connect to MySQL server on '192.168.1.166' (10060)
ERROR: 
Can't connect to the server

No connection. Trying to reconnect...
ERROR 2003 (HY000): Can't connect to MySQL server on '192.168.1.166' (10060)
ERROR: 
Can't connect to the server

No connection. Trying to reconnect...
ERROR 2003 (HY000): Can't connect to MySQL server on '192.168.1.166' (10060)
ERROR: 
Can't connect to the server

No connection. Trying to reconnect...
ERROR 2003 (HY000): Can't connect to MySQL server on '192.168.1.166' (10060)
ERROR: 
Can't connect to the server

No connection. Trying to reconnect...
ERROR 2003 (HY000): Can't connect to MySQL server on '192.168.1.166' (10060)
ERROR: 
Can't connect to the server

No connection. Trying to reconnect...
ERROR 2003 (HY000): Can't connect to MySQL server on '192.168.1.166' (10060)
ERROR: 
Can't connect to the server

No connection. Trying to reconnect...
ERROR 2003 (HY000): Can't connect to MySQL server on '192.168.1.166' (10060)
ERROR: 
Can't connect to the server

No connection. Trying to reconnect...
ERROR 2003 (HY000): Can't connect to MySQL server on '192.168.1.166' (10060)
ERROR: 
Can't connect to the server

No connection. Trying to reconnect...
ERROR 2003 (HY000): Can't connect to MySQL server on '192.168.1.166' (10060)
ERROR: 
Can't connect to the server

No connection. Trying to reconnect...
ERROR 2003 (HY000): Can't connect to MySQL server on '192.168.1.166' (10060)
ERROR: 
Can't connect to the server

No connection. Trying to reconnect...
ERROR 2003 (HY000): Can't connect to MySQL server on '192.168.1.166' (10060)
ERROR: 
Can't connect to the server

No connection. Trying to reconnect...
ERROR 2003 (HY000): Can't connect to MySQL server on '192.168.1.166' (10060)
ERROR: 
Can't connect to the server

No connection. Trying to reconnect...
ERROR 2003 (HY000): Can't connect to MySQL server on '192.168.1.166' (10060)
ERROR: 
Can't connect to the server

No connection. Trying to reconnect...
ERROR 2003 (HY000): Can't connect to MySQL server on '192.168.1.166' (10060)
ERROR: 
Can't connect to the server

No connection. Trying to reconnect...
ERROR 2003 (HY000): Can't connect to MySQL server on '192.168.1.166' (10060)
ERROR: 
Can't connect to the server

No connection. Trying to reconnect...
ERROR 2003 (HY000): Can't connect to MySQL server on '192.168.1.166' (10060)
ERROR: 
Can't connect to the server

No connection. Trying to reconnect...
ERROR 2003 (HY000): Can't connect to MySQL server on '192.168.1.166' (10060)
ERROR: 
Can't connect to the server

No connection. Trying to reconnect...
ERROR 2003 (HY000): Can't connect to MySQL server on '192.168.1.166' (10060)
ERROR: 
Can't connect to the server

No connection. Trying to reconnect...
ERROR 2003 (HY000): Can't connect to MySQL server on '192.168.1.166' (10060)
ERROR: 
Can't connect to the server

No connection. Trying to reconnect...
ERROR 2003 (HY000): Can't connect to MySQL server on '192.168.1.166' (10060)
ERROR: 
Can't connect to the server

mysql> mysql \. C:\workspace\cloud\code\sql\_DailyScript\currenttime.sql
No connection. Trying to reconnect...
ERROR 2003 (HY000): Can't connect to MySQL server on '192.168.1.166' (10060)
ERROR: 
Can't connect to the server

mysql> 
mysql> mysql \. C:\workspace\cloud\code\sql\_DailyScript\ticket_analysis.sql
No connection. Trying to reconnect...
ERROR 2003 (HY000): Can't connect to MySQL server on '192.168.1.166' (10060)
ERROR: 
Can't connect to the server

No connection. Trying to reconnect...
ERROR 2003 (HY000): Can't connect to MySQL server on '192.168.1.166' (10060)
ERROR: 
Can't connect to the server

No connection. Trying to reconnect...
ERROR 2003 (HY000): Can't connect to MySQL server on '192.168.1.166' (10060)
ERROR: 
Can't connect to the server

No connection. Trying to reconnect...
ERROR 2003 (HY000): Can't connect to MySQL server on '192.168.1.166' (10060)
ERROR: 
Can't connect to the server

No connection. Trying to reconnect...
ERROR 2003 (HY000): Can't connect to MySQL server on '192.168.1.166' (10060)
ERROR: 
Can't connect to the server

No connection. Trying to reconnect...
ERROR 2003 (HY000): Can't connect to MySQL server on '192.168.1.166' (10060)
ERROR: 
Can't connect to the server

No connection. Trying to reconnect...
ERROR 2003 (HY000): Can't connect to MySQL server on '192.168.1.166' (10060)
ERROR: 
Can't connect to the server

No connection. Trying to reconnect...
ERROR 2003 (HY000): Can't connect to MySQL server on '192.168.1.166' (10060)
ERROR: 
Can't connect to the server

No connection. Trying to reconnect...
ERROR 2003 (HY000): Can't connect to MySQL server on '192.168.1.166' (10060)
ERROR: 
Can't connect to the server

No connection. Trying to reconnect...
ERROR 2003 (HY000): Can't connect to MySQL server on '192.168.1.166' (10060)
ERROR: 
Can't connect to the server

No connection. Trying to reconnect...
ERROR 2003 (HY000): Can't connect to MySQL server on '192.168.1.166' (10060)
ERROR: 
Can't connect to the server

No connection. Trying to reconnect...
ERROR 2003 (HY000): Can't connect to MySQL server on '192.168.1.166' (10060)
ERROR: 
Can't connect to the server

No connection. Trying to reconnect...
ERROR 2003 (HY000): Can't connect to MySQL server on '192.168.1.166' (10060)
ERROR: 
Can't connect to the server

No connection. Trying to reconnect...
ERROR 2003 (HY000): Can't connect to MySQL server on '192.168.1.166' (10060)
ERROR: 
Can't connect to the server

No connection. Trying to reconnect...
ERROR 2003 (HY000): Can't connect to MySQL server on '192.168.1.166' (10060)
ERROR: 
Can't connect to the server

No connection. Trying to reconnect...
ERROR 2003 (HY000): Can't connect to MySQL server on '192.168.1.166' (10060)
ERROR: 
Can't connect to the server

No connection. Trying to reconnect...
ERROR 2003 (HY000): Can't connect to MySQL server on '192.168.1.166' (10060)
ERROR: 
Can't connect to the server

No connection. Trying to reconnect...
ERROR 2003 (HY000): Can't connect to MySQL server on '192.168.1.166' (10060)
ERROR: 
Can't connect to the server

No connection. Trying to reconnect...
ERROR 2003 (HY000): Can't connect to MySQL server on '192.168.1.166' (10060)
ERROR: 
Can't connect to the server

No connection. Trying to reconnect...
ERROR 2003 (HY000): Can't connect to MySQL server on '192.168.1.166' (10060)
ERROR: 
Can't connect to the server

No connection. Trying to reconnect...
ERROR 2003 (HY000): Can't connect to MySQL server on '192.168.1.166' (10060)
ERROR: 
Can't connect to the server

No connection. Trying to reconnect...
ERROR 2003 (HY000): Can't connect to MySQL server on '192.168.1.166' (10060)
ERROR: 
Can't connect to the server

No connection. Trying to reconnect...
ERROR 2003 (HY000): Can't connect to MySQL server on '192.168.1.166' (10060)
ERROR: 
Can't connect to the server

No connection. Trying to reconnect...
ERROR 2003 (HY000): Can't connect to MySQL server on '192.168.1.166' (10060)
ERROR: 
Can't connect to the server

No connection. Trying to reconnect...
ERROR 2003 (HY000): Can't connect to MySQL server on '192.168.1.166' (10060)
ERROR: 
Can't connect to the server

No connection. Trying to reconnect...
ERROR 2003 (HY000): Can't connect to MySQL server on '192.168.1.166' (10060)
ERROR: 
Can't connect to the server

mysql> mysql \. C:\workspace\cloud\code\sql\_DailyScript\currenttime.sql
No connection. Trying to reconnect...
ERROR 2003 (HY000): Can't connect to MySQL server on '192.168.1.166' (10060)
ERROR: 
Can't connect to the server

mysql> 
mysql> mysql \. C:\workspace\cloud\code\sql\_DailyScript\load_DailyCalls.sql
No connection. Trying to reconnect...
ERROR 2003 (HY000): Can't connect to MySQL server on '192.168.1.166' (10060)
ERROR: 
Can't connect to the server

No connection. Trying to reconnect...
ERROR 2003 (HY000): Can't connect to MySQL server on '192.168.1.166' (10060)
ERROR: 
Can't connect to the server

No connection. Trying to reconnect...
ERROR 2003 (HY000): Can't connect to MySQL server on '192.168.1.166' (10060)
ERROR: 
Can't connect to the server

No connection. Trying to reconnect...
ERROR 2003 (HY000): Can't connect to MySQL server on '192.168.1.166' (10060)
ERROR: 
Can't connect to the server

No connection. Trying to reconnect...
ERROR 2003 (HY000): Can't connect to MySQL server on '192.168.1.166' (10060)
ERROR: 
Can't connect to the server

No connection. Trying to reconnect...
ERROR 2003 (HY000): Can't connect to MySQL server on '192.168.1.166' (10060)
ERROR: 
Can't connect to the server

No connection. Trying to reconnect...
ERROR 2003 (HY000): Can't connect to MySQL server on '192.168.1.166' (10060)
ERROR: 
Can't connect to the server

No connection. Trying to reconnect...
ERROR 2003 (HY000): Can't connect to MySQL server on '192.168.1.166' (10060)
ERROR: 
Can't connect to the server

No connection. Trying to reconnect...
ERROR 2003 (HY000): Can't connect to MySQL server on '192.168.1.166' (10060)
ERROR: 
Can't connect to the server

No connection. Trying to reconnect...
ERROR 2003 (HY000): Can't connect to MySQL server on '192.168.1.166' (10060)
ERROR: 
Can't connect to the server

No connection. Trying to reconnect...
ERROR 2003 (HY000): Can't connect to MySQL server on '192.168.1.166' (10060)
ERROR: 
Can't connect to the server

No connection. Trying to reconnect...
ERROR 2003 (HY000): Can't connect to MySQL server on '192.168.1.166' (10060)
ERROR: 
Can't connect to the server

No connection. Trying to reconnect...
ERROR 2003 (HY000): Can't connect to MySQL server on '192.168.1.166' (10060)
ERROR: 
Can't connect to the server

No connection. Trying to reconnect...
ERROR 2003 (HY000): Can't connect to MySQL server on '192.168.1.166' (10060)
ERROR: 
Can't connect to the server

No connection. Trying to reconnect...
ERROR 2003 (HY000): Can't connect to MySQL server on '192.168.1.166' (10060)
ERROR: 
Can't connect to the server

No connection. Trying to reconnect...
ERROR 2003 (HY000): Can't connect to MySQL server on '192.168.1.166' (10060)
ERROR: 
Can't connect to the server

No connection. Trying to reconnect...
ERROR 2003 (HY000): Can't connect to MySQL server on '192.168.1.166' (10060)
ERROR: 
Can't connect to the server

No connection. Trying to reconnect...
ERROR 2003 (HY000): Can't connect to MySQL server on '192.168.1.166' (10060)
ERROR: 
Can't connect to the server

No connection. Trying to reconnect...
ERROR 2003 (HY000): Can't connect to MySQL server on '192.168.1.166' (10060)
ERROR: 
Can't connect to the server

No connection. Trying to reconnect...
ERROR 2003 (HY000): Can't connect to MySQL server on '192.168.1.166' (10060)
ERROR: 
Can't connect to the server

mysql> mysql \. C:\workspace\cloud\code\sql\_DailyScript\currenttime.sql
No connection. Trying to reconnect...
ERROR 2003 (HY000): Can't connect to MySQL server on '192.168.1.166' (10060)
ERROR: 
Can't connect to the server

mysql> 
mysql> mysql \. C:\workspace\cloud\code\sql\_DailyScript\DAILY-SCRIPT-USAGE.sql
No connection. Trying to reconnect...
ERROR 2003 (HY000): Can't connect to MySQL server on '192.168.1.166' (10060)
ERROR: 
Can't connect to the server

No connection. Trying to reconnect...
ERROR 2003 (HY000): Can't connect to MySQL server on '192.168.1.166' (10060)
ERROR: 
Can't connect to the server

No connection. Trying to reconnect...
ERROR 2003 (HY000): Can't connect to MySQL server on '192.168.1.166' (10060)
ERROR: 
Can't connect to the server

No connection. Trying to reconnect...
ERROR 2003 (HY000): Can't connect to MySQL server on '192.168.1.166' (10060)
ERROR: 
Can't connect to the server

No connection. Trying to reconnect...
ERROR 2003 (HY000): Can't connect to MySQL server on '192.168.1.166' (10060)
ERROR: 
Can't connect to the server

No connection. Trying to reconnect...
ERROR 2003 (HY000): Can't connect to MySQL server on '192.168.1.166' (10060)
ERROR: 
Can't connect to the server

No connection. Trying to reconnect...
ERROR 2003 (HY000): Can't connect to MySQL server on '192.168.1.166' (10060)
ERROR: 
Can't connect to the server

No connection. Trying to reconnect...
ERROR 2003 (HY000): Can't connect to MySQL server on '192.168.1.166' (10060)
ERROR: 
Can't connect to the server

No connection. Trying to reconnect...
ERROR 2003 (HY000): Can't connect to MySQL server on '192.168.1.166' (10060)
ERROR: 
Can't connect to the server

No connection. Trying to reconnect...
ERROR 2003 (HY000): Can't connect to MySQL server on '192.168.1.166' (10060)
ERROR: 
Can't connect to the server

No connection. Trying to reconnect...
ERROR 2003 (HY000): Can't connect to MySQL server on '192.168.1.166' (10060)
ERROR: 
Can't connect to the server

mysql> mysql \. C:\workspace\cloud\code\sql\_DailyScript\currenttime.sql
No connection. Trying to reconnect...
ERROR 2003 (HY000): Can't connect to MySQL server on '192.168.1.166' (10060)
ERROR: 
Can't connect to the server

mysql> 
mysql> mysql \. C:\workspace\cloud\code\sql\_DailyScript\DAILY-SCRIPT-SALES-TELEMETRY.sql
No connection. Trying to reconnect...
ERROR 2003 (HY000): Can't connect to MySQL server on '192.168.1.166' (10060)
ERROR: 
Can't connect to the server

No connection. Trying to reconnect...
ERROR 2003 (HY000): Can't connect to MySQL server on '192.168.1.166' (10060)
ERROR: 
Can't connect to the server

No connection. Trying to reconnect...
ERROR 2003 (HY000): Can't connect to MySQL server on '192.168.1.166' (10060)
ERROR: 
Can't connect to the server

No connection. Trying to reconnect...
ERROR 2003 (HY000): Can't connect to MySQL server on '192.168.1.166' (10060)
ERROR: 
Can't connect to the server

No connection. Trying to reconnect...
ERROR 2003 (HY000): Can't connect to MySQL server on '192.168.1.166' (10060)
ERROR: 
Can't connect to the server

No connection. Trying to reconnect...
ERROR 2003 (HY000): Can't connect to MySQL server on '192.168.1.166' (10060)
ERROR: 
Can't connect to the server

No connection. Trying to reconnect...
ERROR 2003 (HY000): Can't connect to MySQL server on '192.168.1.166' (10060)
ERROR: 
Can't connect to the server

No connection. Trying to reconnect...
ERROR 2003 (HY000): Can't connect to MySQL server on '192.168.1.166' (10060)
ERROR: 
Can't connect to the server

No connection. Trying to reconnect...
ERROR 2003 (HY000): Can't connect to MySQL server on '192.168.1.166' (10060)
ERROR: 
Can't connect to the server

No connection. Trying to reconnect...
ERROR 2003 (HY000): Can't connect to MySQL server on '192.168.1.166' (10060)
ERROR: 
Can't connect to the server

No connection. Trying to reconnect...
ERROR 2003 (HY000): Can't connect to MySQL server on '192.168.1.166' (10060)
ERROR: 
Can't connect to the server

No connection. Trying to reconnect...
ERROR 2003 (HY000): Can't connect to MySQL server on '192.168.1.166' (10060)
ERROR: 
Can't connect to the server

No connection. Trying to reconnect...
ERROR 2003 (HY000): Can't connect to MySQL server on '192.168.1.166' (10060)
ERROR: 
Can't connect to the server

No connection. Trying to reconnect...
ERROR 2003 (HY000): Can't connect to MySQL server on '192.168.1.166' (10060)
ERROR: 
Can't connect to the server

No connection. Trying to reconnect...
ERROR 2003 (HY000): Can't connect to MySQL server on '192.168.1.166' (10060)
ERROR: 
Can't connect to the server

No connection. Trying to reconnect...
ERROR 2003 (HY000): Can't connect to MySQL server on '192.168.1.166' (10060)
ERROR: 
Can't connect to the server

No connection. Trying to reconnect...
ERROR 2003 (HY000): Can't connect to MySQL server on '192.168.1.166' (10060)
ERROR: 
Can't connect to the server

No connection. Trying to reconnect...
ERROR 2003 (HY000): Can't connect to MySQL server on '192.168.1.166' (10060)
ERROR: 
Can't connect to the server

No connection. Trying to reconnect...
ERROR 2003 (HY000): Can't connect to MySQL server on '192.168.1.166' (10060)
ERROR: 
Can't connect to the server

No connection. Trying to reconnect...
ERROR 2003 (HY000): Can't connect to MySQL server on '192.168.1.166' (10060)
ERROR: 
Can't connect to the server

No connection. Trying to reconnect...
ERROR 2003 (HY000): Can't connect to MySQL server on '192.168.1.166' (10060)
ERROR: 
Can't connect to the server

No connection. Trying to reconnect...
ERROR 2003 (HY000): Can't connect to MySQL server on '192.168.1.166' (10060)
ERROR: 
Can't connect to the server

No connection. Trying to reconnect...
ERROR 2003 (HY000): Can't connect to MySQL server on '192.168.1.166' (10060)
ERROR: 
Can't connect to the server

No connection. Trying to reconnect...
ERROR 2003 (HY000): Can't connect to MySQL server on '192.168.1.166' (10060)
ERROR: 
Can't connect to the server

No connection. Trying to reconnect...
ERROR 2003 (HY000): Can't connect to MySQL server on '192.168.1.166' (10060)
ERROR: 
Can't connect to the server

mysql> mysql \. C:\workspace\cloud\code\sql\_DailyScript\currenttime.sql
No connection. Trying to reconnect...
ERROR 2003 (HY000): Can't connect to MySQL server on '192.168.1.166' (10060)
ERROR: 
Can't connect to the server

mysql> 
mysql> mysql \. C:\workspace\cloud\code\sql\_DailyScript\DAILY-SCRIPT-ACTIVENUMBERS.sql
No connection. Trying to reconnect...
ERROR 2003 (HY000): Can't connect to MySQL server on '192.168.1.166' (10060)
ERROR: 
Can't connect to the server

No connection. Trying to reconnect...
ERROR 2003 (HY000): Can't connect to MySQL server on '192.168.1.166' (10060)
ERROR: 
Can't connect to the server

No connection. Trying to reconnect...
ERROR 2003 (HY000): Can't connect to MySQL server on '192.168.1.166' (10060)
ERROR: 
Can't connect to the server

No connection. Trying to reconnect...
ERROR 2003 (HY000): Can't connect to MySQL server on '192.168.1.166' (10060)
ERROR: 
Can't connect to the server

No connection. Trying to reconnect...
ERROR 2003 (HY000): Can't connect to MySQL server on '192.168.1.166' (10060)
ERROR: 
Can't connect to the server

No connection. Trying to reconnect...
ERROR 2003 (HY000): Can't connect to MySQL server on '192.168.1.166' (10060)
ERROR: 
Can't connect to the server

No connection. Trying to reconnect...
ERROR 2003 (HY000): Can't connect to MySQL server on '192.168.1.166' (10060)
ERROR: 
Can't connect to the server

No connection. Trying to reconnect...
ERROR 2003 (HY000): Can't connect to MySQL server on '192.168.1.166' (10060)
ERROR: 
Can't connect to the server

No connection. Trying to reconnect...
ERROR 2003 (HY000): Can't connect to MySQL server on '192.168.1.166' (10060)
ERROR: 
Can't connect to the server

No connection. Trying to reconnect...
ERROR 2003 (HY000): Can't connect to MySQL server on '192.168.1.166' (10060)
ERROR: 
Can't connect to the server

No connection. Trying to reconnect...
ERROR 2003 (HY000): Can't connect to MySQL server on '192.168.1.166' (10060)
ERROR: 
Can't connect to the server

No connection. Trying to reconnect...
ERROR 2003 (HY000): Can't connect to MySQL server on '192.168.1.166' (10060)
ERROR: 
Can't connect to the server

No connection. Trying to reconnect...
ERROR 2003 (HY000): Can't connect to MySQL server on '192.168.1.166' (10060)
ERROR: 
Can't connect to the server

No connection. Trying to reconnect...
ERROR 2003 (HY000): Can't connect to MySQL server on '192.168.1.166' (10060)
ERROR: 
Can't connect to the server

No connection. Trying to reconnect...
ERROR 2003 (HY000): Can't connect to MySQL server on '192.168.1.166' (10060)
ERROR: 
Can't connect to the server

No connection. Trying to reconnect...
ERROR 2003 (HY000): Can't connect to MySQL server on '192.168.1.166' (10060)
ERROR: 
Can't connect to the server

No connection. Trying to reconnect...
ERROR 2003 (HY000): Can't connect to MySQL server on '192.168.1.166' (10060)
ERROR: 
Can't connect to the server

No connection. Trying to reconnect...
ERROR 2003 (HY000): Can't connect to MySQL server on '192.168.1.166' (10060)
ERROR: 
Can't connect to the server

No connection. Trying to reconnect...
ERROR 2003 (HY000): Can't connect to MySQL server on '192.168.1.166' (10060)
ERROR: 
Can't connect to the server

No connection. Trying to reconnect...
ERROR 2003 (HY000): Can't connect to MySQL server on '192.168.1.166' (10060)
ERROR: 
Can't connect to the server

No connection. Trying to reconnect...
ERROR 2003 (HY000): Can't connect to MySQL server on '192.168.1.166' (10060)
ERROR: 
Can't connect to the server

No connection. Trying to reconnect...
ERROR 2003 (HY000): Can't connect to MySQL server on '192.168.1.166' (10060)
ERROR: 
Can't connect to the server

No connection. Trying to reconnect...
ERROR 2003 (HY000): Can't connect to MySQL server on '192.168.1.166' (10060)
ERROR: 
Can't connect to the server

No connection. Trying to reconnect...
ERROR 2003 (HY000): Can't connect to MySQL server on '192.168.1.166' (10060)
ERROR: 
Can't connect to the server

No connection. Trying to reconnect...
ERROR 2003 (HY000): Can't connect to MySQL server on '192.168.1.166' (10060)
ERROR: 
Can't connect to the server

No connection. Trying to reconnect...
ERROR 2003 (HY000): Can't connect to MySQL server on '192.168.1.166' (10060)
ERROR: 
Can't connect to the server

No connection. Trying to reconnect...
ERROR 2003 (HY000): Can't connect to MySQL server on '192.168.1.166' (10060)
ERROR: 
Can't connect to the server

No connection. Trying to reconnect...
ERROR 2003 (HY000): Can't connect to MySQL server on '192.168.1.166' (10060)
ERROR: 
Can't connect to the server

No connection. Trying to reconnect...
ERROR 2003 (HY000): Can't connect to MySQL server on '192.168.1.166' (10060)
ERROR: 
Can't connect to the server

No connection. Trying to reconnect...
ERROR 2003 (HY000): Can't connect to MySQL server on '192.168.1.166' (10060)
ERROR: 
Can't connect to the server

No connection. Trying to reconnect...
ERROR 2003 (HY000): Can't connect to MySQL server on '192.168.1.166' (10060)
ERROR: 
Can't connect to the server

No connection. Trying to reconnect...
ERROR 2003 (HY000): Can't connect to MySQL server on '192.168.1.166' (10060)
ERROR: 
Can't connect to the server

No connection. Trying to reconnect...
ERROR 2003 (HY000): Can't connect to MySQL server on '192.168.1.166' (10060)
ERROR: 
Can't connect to the server

No connection. Trying to reconnect...
ERROR 2003 (HY000): Can't connect to MySQL server on '192.168.1.166' (10060)
ERROR: 
Can't connect to the server

No connection. Trying to reconnect...
ERROR 2003 (HY000): Can't connect to MySQL server on '192.168.1.166' (10060)
ERROR: 
Can't connect to the server

No connection. Trying to reconnect...
ERROR 2003 (HY000): Can't connect to MySQL server on '192.168.1.166' (10060)
ERROR: 
Can't connect to the server

No connection. Trying to reconnect...
ERROR 2003 (HY000): Can't connect to MySQL server on '192.168.1.166' (10060)
ERROR: 
Can't connect to the server

No connection. Trying to reconnect...
ERROR 2003 (HY000): Can't connect to MySQL server on '192.168.1.166' (10060)
ERROR: 
Can't connect to the server

No connection. Trying to reconnect...
ERROR 2003 (HY000): Can't connect to MySQL server on '192.168.1.166' (10060)
ERROR: 
Can't connect to the server

No connection. Trying to reconnect...
ERROR 2003 (HY000): Can't connect to MySQL server on '192.168.1.166' (10060)
ERROR: 
Can't connect to the server

No connection. Trying to reconnect...
ERROR 2003 (HY000): Can't connect to MySQL server on '192.168.1.166' (10060)
ERROR: 
Can't connect to the server

No connection. Trying to reconnect...
ERROR 2003 (HY000): Can't connect to MySQL server on '192.168.1.166' (10060)
ERROR: 
Can't connect to the server

No connection. Trying to reconnect...
ERROR 2003 (HY000): Can't connect to MySQL server on '192.168.1.166' (10060)
ERROR: 
Can't connect to the server

No connection. Trying to reconnect...
ERROR 2003 (HY000): Can't connect to MySQL server on '192.168.1.166' (10060)
ERROR: 
Can't connect to the server

No connection. Trying to reconnect...
ERROR 2003 (HY000): Can't connect to MySQL server on '192.168.1.166' (10060)
ERROR: 
Can't connect to the server

No connection. Trying to reconnect...
ERROR 2003 (HY000): Can't connect to MySQL server on '192.168.1.166' (10060)
ERROR: 
Can't connect to the server

No connection. Trying to reconnect...
ERROR 2003 (HY000): Can't connect to MySQL server on '192.168.1.166' (10060)
ERROR: 
Can't connect to the server

No connection. Trying to reconnect...
ERROR 2003 (HY000): Can't connect to MySQL server on '192.168.1.166' (10060)
ERROR: 
Can't connect to the server

No connection. Trying to reconnect...
ERROR 2003 (HY000): Can't connect to MySQL server on '192.168.1.166' (10060)
ERROR: 
Can't connect to the server

No connection. Trying to reconnect...
ERROR 2003 (HY000): Can't connect to MySQL server on '192.168.1.166' (10060)
ERROR: 
Can't connect to the server

No connection. Trying to reconnect...
ERROR 2003 (HY000): Can't connect to MySQL server on '192.168.1.166' (10060)
ERROR: 
Can't connect to the server

No connection. Trying to reconnect...
ERROR 2003 (HY000): Can't connect to MySQL server on '192.168.1.166' (10060)
ERROR: 
Can't connect to the server

No connection. Trying to reconnect...
ERROR 2003 (HY000): Can't connect to MySQL server on '192.168.1.166' (10060)
ERROR: 
Can't connect to the server

No connection. Trying to reconnect...
ERROR 2003 (HY000): Can't connect to MySQL server on '192.168.1.166' (10060)
ERROR: 
Can't connect to the server

No connection. Trying to reconnect...
ERROR 2003 (HY000): Can't connect to MySQL server on '192.168.1.166' (10060)
ERROR: 
Can't connect to the server

No connection. Trying to reconnect...
ERROR 2003 (HY000): Can't connect to MySQL server on '192.168.1.166' (10060)
ERROR: 
Can't connect to the server

No connection. Trying to reconnect...
ERROR 2003 (HY000): Can't connect to MySQL server on '192.168.1.166' (10060)
ERROR: 
Can't connect to the server

No connection. Trying to reconnect...
ERROR 2003 (HY000): Can't connect to MySQL server on '192.168.1.166' (10060)
ERROR: 
Can't connect to the server

No connection. Trying to reconnect...
ERROR 2003 (HY000): Can't connect to MySQL server on '192.168.1.166' (10060)
ERROR: 
Can't connect to the server

mysql> mysql \. C:\workspace\cloud\code\sql\_DailyScript\currenttime.sql
No connection. Trying to reconnect...
ERROR 2003 (HY000): Can't connect to MySQL server on '192.168.1.166' (10060)
ERROR: 
Can't connect to the server

mysql> 
mysql> mysql \. C:\workspace\cloud\code\sql\_DailyScript\GetActiveNumbers Average -Pivot.sql
No connection. Trying to reconnect...
ERROR 2003 (HY000): Can't connect to MySQL server on '192.168.1.166' (10060)
ERROR: 
Can't connect to the server

No connection. Trying to reconnect...
ERROR 2003 (HY000): Can't connect to MySQL server on '192.168.1.166' (10060)
ERROR: 
Can't connect to the server

No connection. Trying to reconnect...
ERROR 2003 (HY000): Can't connect to MySQL server on '192.168.1.166' (10060)
ERROR: 
Can't connect to the server

No connection. Trying to reconnect...
ERROR 2003 (HY000): Can't connect to MySQL server on '192.168.1.166' (10060)
ERROR: 
Can't connect to the server

No connection. Trying to reconnect...
ERROR 2003 (HY000): Can't connect to MySQL server on '192.168.1.166' (10060)
ERROR: 
Can't connect to the server

No connection. Trying to reconnect...
ERROR 2003 (HY000): Can't connect to MySQL server on '192.168.1.166' (10060)
ERROR: 
Can't connect to the server

No connection. Trying to reconnect...
ERROR 2003 (HY000): Can't connect to MySQL server on '192.168.1.166' (10060)
ERROR: 
Can't connect to the server

No connection. Trying to reconnect...
ERROR 2003 (HY000): Can't connect to MySQL server on '192.168.1.166' (10060)
ERROR: 
Can't connect to the server

No connection. Trying to reconnect...
ERROR 2003 (HY000): Can't connect to MySQL server on '192.168.1.166' (10060)
ERROR: 
Can't connect to the server

No connection. Trying to reconnect...
ERROR 2003 (HY000): Can't connect to MySQL server on '192.168.1.166' (10060)
ERROR: 
Can't connect to the server

No connection. Trying to reconnect...
ERROR 2003 (HY000): Can't connect to MySQL server on '192.168.1.166' (10060)
ERROR: 
Can't connect to the server

No connection. Trying to reconnect...
ERROR 2003 (HY000): Can't connect to MySQL server on '192.168.1.166' (10060)
ERROR: 
Can't connect to the server

No connection. Trying to reconnect...
ERROR 2003 (HY000): Can't connect to MySQL server on '192.168.1.166' (10060)
ERROR: 
Can't connect to the server

No connection. Trying to reconnect...
ERROR 2003 (HY000): Can't connect to MySQL server on '192.168.1.166' (10060)
ERROR: 
Can't connect to the server

No connection. Trying to reconnect...
ERROR 2003 (HY000): Can't connect to MySQL server on '192.168.1.166' (10060)
ERROR: 
Can't connect to the server

No connection. Trying to reconnect...
ERROR 2003 (HY000): Can't connect to MySQL server on '192.168.1.166' (10060)
ERROR: 
Can't connect to the server

No connection. Trying to reconnect...
ERROR 2003 (HY000): Can't connect to MySQL server on '192.168.1.166' (10060)
ERROR: 
Can't connect to the server

No connection. Trying to reconnect...
ERROR 2003 (HY000): Can't connect to MySQL server on '192.168.1.166' (10060)
ERROR: 
Can't connect to the server

No connection. Trying to reconnect...
ERROR 2003 (HY000): Can't connect to MySQL server on '192.168.1.166' (10060)
ERROR: 
Can't connect to the server

No connection. Trying to reconnect...
ERROR 2003 (HY000): Can't connect to MySQL server on '192.168.1.166' (10060)
ERROR: 
Can't connect to the server

No connection. Trying to reconnect...
ERROR 2003 (HY000): Can't connect to MySQL server on '192.168.1.166' (10060)
ERROR: 
Can't connect to the server

No connection. Trying to reconnect...
ERROR 2003 (HY000): Can't connect to MySQL server on '192.168.1.166' (10060)
ERROR: 
Can't connect to the server

No connection. Trying to reconnect...
ERROR 2003 (HY000): Can't connect to MySQL server on '192.168.1.166' (10060)
ERROR: 
Can't connect to the server

No connection. Trying to reconnect...
ERROR 2003 (HY000): Can't connect to MySQL server on '192.168.1.166' (10060)
ERROR: 
Can't connect to the server

No connection. Trying to reconnect...
ERROR 2003 (HY000): Can't connect to MySQL server on '192.168.1.166' (10060)
ERROR: 
Can't connect to the server

No connection. Trying to reconnect...
ERROR 2003 (HY000): Can't connect to MySQL server on '192.168.1.166' (10060)
ERROR: 
Can't connect to the server

No connection. Trying to reconnect...
ERROR 2003 (HY000): Can't connect to MySQL server on '192.168.1.166' (10060)
ERROR: 
Can't connect to the server

No connection. Trying to reconnect...
ERROR 2003 (HY000): Can't connect to MySQL server on '192.168.1.166' (10060)
ERROR: 
Can't connect to the server

No connection. Trying to reconnect...
ERROR 2003 (HY000): Can't connect to MySQL server on '192.168.1.166' (10060)
ERROR: 
Can't connect to the server

No connection. Trying to reconnect...
ERROR 2003 (HY000): Can't connect to MySQL server on '192.168.1.166' (10060)
ERROR: 
Can't connect to the server

No connection. Trying to reconnect...
ERROR 2003 (HY000): Can't connect to MySQL server on '192.168.1.166' (10060)
ERROR: 
Can't connect to the server

No connection. Trying to reconnect...
ERROR 2003 (HY000): Can't connect to MySQL server on '192.168.1.166' (10060)
ERROR: 
Can't connect to the server

No connection. Trying to reconnect...
ERROR 2003 (HY000): Can't connect to MySQL server on '192.168.1.166' (10060)
ERROR: 
Can't connect to the server

No connection. Trying to reconnect...
ERROR 2003 (HY000): Can't connect to MySQL server on '192.168.1.166' (10060)
ERROR: 
Can't connect to the server

No connection. Trying to reconnect...
ERROR 2003 (HY000): Can't connect to MySQL server on '192.168.1.166' (10060)
ERROR: 
Can't connect to the server

No connection. Trying to reconnect...
ERROR 2003 (HY000): Can't connect to MySQL server on '192.168.1.166' (10060)
ERROR: 
Can't connect to the server

No connection. Trying to reconnect...
ERROR 2003 (HY000): Can't connect to MySQL server on '192.168.1.166' (10060)
ERROR: 
Can't connect to the server

No connection. Trying to reconnect...
ERROR 2003 (HY000): Can't connect to MySQL server on '192.168.1.166' (10060)
ERROR: 
Can't connect to the server

No connection. Trying to reconnect...
ERROR 2003 (HY000): Can't connect to MySQL server on '192.168.1.166' (10060)
ERROR: 
Can't connect to the server

No connection. Trying to reconnect...
ERROR 2003 (HY000): Can't connect to MySQL server on '192.168.1.166' (10060)
ERROR: 
Can't connect to the server

No connection. Trying to reconnect...
ERROR 2003 (HY000): Can't connect to MySQL server on '192.168.1.166' (10060)
ERROR: 
Can't connect to the server

No connection. Trying to reconnect...
ERROR 2003 (HY000): Can't connect to MySQL server on '192.168.1.166' (10060)
ERROR: 
Can't connect to the server

No connection. Trying to reconnect...
ERROR 2003 (HY000): Can't connect to MySQL server on '192.168.1.166' (10060)
ERROR: 
Can't connect to the server

No connection. Trying to reconnect...
ERROR 2003 (HY000): Can't connect to MySQL server on '192.168.1.166' (10060)
ERROR: 
Can't connect to the server

No connection. Trying to reconnect...
ERROR 2003 (HY000): Can't connect to MySQL server on '192.168.1.166' (10060)
ERROR: 
Can't connect to the server

No connection. Trying to reconnect...
ERROR 2003 (HY000): Can't connect to MySQL server on '192.168.1.166' (10060)
ERROR: 
Can't connect to the server

No connection. Trying to reconnect...
ERROR 2003 (HY000): Can't connect to MySQL server on '192.168.1.166' (10060)
ERROR: 
Can't connect to the server

No connection. Trying to reconnect...
ERROR 2003 (HY000): Can't connect to MySQL server on '192.168.1.166' (10060)
ERROR: 
Can't connect to the server

No connection. Trying to reconnect...
ERROR 2003 (HY000): Can't connect to MySQL server on '192.168.1.166' (10060)
ERROR: 
Can't connect to the server

No connection. Trying to reconnect...
ERROR 2003 (HY000): Can't connect to MySQL server on '192.168.1.166' (10060)
ERROR: 
Can't connect to the server

No connection. Trying to reconnect...
ERROR 2003 (HY000): Can't connect to MySQL server on '192.168.1.166' (10060)
ERROR: 
Can't connect to the server

mysql> mysql \. C:\workspace\cloud\code\sql\_DailyScript\currenttime.sql
No connection. Trying to reconnect...
ERROR 2003 (HY000): Can't connect to MySQL server on '192.168.1.166' (10060)
ERROR: 
Can't connect to the server

mysql> 
mysql> mysql \. C:\workspace\cloud\code\sql\_DailyScript\budget_actual_analysis_2019.sql
No connection. Trying to reconnect...
ERROR 2003 (HY000): Can't connect to MySQL server on '192.168.1.166' (10060)
ERROR: 
Can't connect to the server

No connection. Trying to reconnect...
ERROR 2003 (HY000): Can't connect to MySQL server on '192.168.1.166' (10060)
ERROR: 
Can't connect to the server

No connection. Trying to reconnect...
ERROR 2003 (HY000): Can't connect to MySQL server on '192.168.1.166' (10060)
ERROR: 
Can't connect to the server

No connection. Trying to reconnect...
ERROR 2003 (HY000): Can't connect to MySQL server on '192.168.1.166' (10060)
ERROR: 
Can't connect to the server

No connection. Trying to reconnect...
ERROR 2003 (HY000): Can't connect to MySQL server on '192.168.1.166' (10060)
ERROR: 
Can't connect to the server

No connection. Trying to reconnect...
ERROR 2003 (HY000): Can't connect to MySQL server on '192.168.1.166' (10060)
ERROR: 
Can't connect to the server

mysql> mysql \. C:\workspace\cloud\code\sql\_DailyScript\currenttime.sql
No connection. Trying to reconnect...
ERROR 2003 (HY000): Can't connect to MySQL server on '192.168.1.166' (10060)
ERROR: 
Can't connect to the server

mysql> 
mysql> mysql \. C:\workspace\cloud\code\sql\_DailyScript\reports-sales-addons-prepaid-camera.sql
No connection. Trying to reconnect...
ERROR 2003 (HY000): Can't connect to MySQL server on '192.168.1.166' (10060)
ERROR: 
Can't connect to the server

No connection. Trying to reconnect...
ERROR 2003 (HY000): Can't connect to MySQL server on '192.168.1.166' (10060)
ERROR: 
Can't connect to the server

No connection. Trying to reconnect...
ERROR 2003 (HY000): Can't connect to MySQL server on '192.168.1.166' (10060)
ERROR: 
Can't connect to the server

No connection. Trying to reconnect...
ERROR 2003 (HY000): Can't connect to MySQL server on '192.168.1.166' (10060)
ERROR: 
Can't connect to the server

No connection. Trying to reconnect...
ERROR 2003 (HY000): Can't connect to MySQL server on '192.168.1.166' (10060)
ERROR: 
Can't connect to the server

No connection. Trying to reconnect...
ERROR 2003 (HY000): Can't connect to MySQL server on '192.168.1.166' (10060)
ERROR: 
Can't connect to the server

No connection. Trying to reconnect...
ERROR 2003 (HY000): Can't connect to MySQL server on '192.168.1.166' (10060)
ERROR: 
Can't connect to the server

mysql> mysql \. C:\workspace\cloud\code\sql\_DailyScript\currenttime.sql
No connection. Trying to reconnect...
ERROR 2003 (HY000): Can't connect to MySQL server on '192.168.1.166' (10060)
ERROR: 
Can't connect to the server

mysql> 
mysql> mysql \. C:\workspace\cloud\code\sql\_DailyScript\housing-estate-analysis.sql
No connection. Trying to reconnect...
ERROR 2003 (HY000): Can't connect to MySQL server on '192.168.1.166' (10060)
ERROR: 
Can't connect to the server

No connection. Trying to reconnect...
ERROR 2003 (HY000): Can't connect to MySQL server on '192.168.1.166' (10060)
ERROR: 
Can't connect to the server

No connection. Trying to reconnect...
ERROR 2003 (HY000): Can't connect to MySQL server on '192.168.1.166' (10060)
ERROR: 
Can't connect to the server

No connection. Trying to reconnect...
ERROR 2003 (HY000): Can't connect to MySQL server on '192.168.1.166' (10060)
ERROR: 
Can't connect to the server

mysql> mysql \. C:\workspace\cloud\code\sql\_DailyScript\currenttime.sql
No connection. Trying to reconnect...
ERROR 2003 (HY000): Can't connect to MySQL server on '192.168.1.166' (10060)
ERROR: 
Can't connect to the server

mysql> 
mysql> mysql \. C:\workspace\cloud\code\sql\_DailyScript\RCB_ClientAnalyticsReport_Script.sql
No connection. Trying to reconnect...
ERROR 2003 (HY000): Can't connect to MySQL server on '192.168.1.166' (10060)
ERROR: 
Can't connect to the server

No connection. Trying to reconnect...
ERROR 2003 (HY000): Can't connect to MySQL server on '192.168.1.166' (10060)
ERROR: 
Can't connect to the server

No connection. Trying to reconnect...
ERROR 2003 (HY000): Can't connect to MySQL server on '192.168.1.166' (10060)
ERROR: 
Can't connect to the server

No connection. Trying to reconnect...
ERROR 2003 (HY000): Can't connect to MySQL server on '192.168.1.166' (10060)
ERROR: 
Can't connect to the server

No connection. Trying to reconnect...
ERROR 2003 (HY000): Can't connect to MySQL server on '192.168.1.166' (10060)
ERROR: 
Can't connect to the server

No connection. Trying to reconnect...
ERROR 2003 (HY000): Can't connect to MySQL server on '192.168.1.166' (10060)
ERROR: 
Can't connect to the server

No connection. Trying to reconnect...
ERROR 2003 (HY000): Can't connect to MySQL server on '192.168.1.166' (10060)
ERROR: 
Can't connect to the server

No connection. Trying to reconnect...
ERROR 2003 (HY000): Can't connect to MySQL server on '192.168.1.166' (10060)
ERROR: 
Can't connect to the server

No connection. Trying to reconnect...
ERROR 2003 (HY000): Can't connect to MySQL server on '192.168.1.166' (10060)
ERROR: 
Can't connect to the server

No connection. Trying to reconnect...
ERROR 2003 (HY000): Can't connect to MySQL server on '192.168.1.166' (10060)
ERROR: 
Can't connect to the server

No connection. Trying to reconnect...
ERROR 2003 (HY000): Can't connect to MySQL server on '192.168.1.166' (10060)
ERROR: 
Can't connect to the server

No connection. Trying to reconnect...
ERROR 2003 (HY000): Can't connect to MySQL server on '192.168.1.166' (10060)
ERROR: 
Can't connect to the server

No connection. Trying to reconnect...
ERROR 2003 (HY000): Can't connect to MySQL server on '192.168.1.166' (10060)
ERROR: 
Can't connect to the server

No connection. Trying to reconnect...
ERROR 2003 (HY000): Can't connect to MySQL server on '192.168.1.166' (10060)
ERROR: 
Can't connect to the server

No connection. Trying to reconnect...
ERROR 2003 (HY000): Can't connect to MySQL server on '192.168.1.166' (10060)
ERROR: 
Can't connect to the server

No connection. Trying to reconnect...
ERROR 2003 (HY000): Can't connect to MySQL server on '192.168.1.166' (10060)
ERROR: 
Can't connect to the server

No connection. Trying to reconnect...
ERROR 2003 (HY000): Can't connect to MySQL server on '192.168.1.166' (10060)
ERROR: 
Can't connect to the server

No connection. Trying to reconnect...
ERROR 2003 (HY000): Can't connect to MySQL server on '192.168.1.166' (10060)
ERROR: 
Can't connect to the server

No connection. Trying to reconnect...
ERROR 2003 (HY000): Can't connect to MySQL server on '192.168.1.166' (10060)
ERROR: 
Can't connect to the server

No connection. Trying to reconnect...
ERROR 2003 (HY000): Can't connect to MySQL server on '192.168.1.166' (10060)
ERROR: 
Can't connect to the server

No connection. Trying to reconnect...
ERROR 2003 (HY000): Can't connect to MySQL server on '192.168.1.166' (10060)
ERROR: 
Can't connect to the server

No connection. Trying to reconnect...
ERROR 2003 (HY000): Can't connect to MySQL server on '192.168.1.166' (10060)
ERROR: 
Can't connect to the server

No connection. Trying to reconnect...
ERROR 2003 (HY000): Can't connect to MySQL server on '192.168.1.166' (10060)
ERROR: 
Can't connect to the server

No connection. Trying to reconnect...
ERROR 2003 (HY000): Can't connect to MySQL server on '192.168.1.166' (10060)
ERROR: 
Can't connect to the server

No connection. Trying to reconnect...
ERROR 2003 (HY000): Can't connect to MySQL server on '192.168.1.166' (10060)
ERROR: 
Can't connect to the server

No connection. Trying to reconnect...
ERROR 2003 (HY000): Can't connect to MySQL server on '192.168.1.166' (10060)
ERROR: 
Can't connect to the server

No connection. Trying to reconnect...
ERROR 2003 (HY000): Can't connect to MySQL server on '192.168.1.166' (10060)
ERROR: 
Can't connect to the server

No connection. Trying to reconnect...
ERROR 2003 (HY000): Can't connect to MySQL server on '192.168.1.166' (10060)
ERROR: 
Can't connect to the server

No connection. Trying to reconnect...
ERROR 2003 (HY000): Can't connect to MySQL server on '192.168.1.166' (10060)
ERROR: 
Can't connect to the server

No connection. Trying to reconnect...
ERROR 2003 (HY000): Can't connect to MySQL server on '192.168.1.166' (10060)
ERROR: 
Can't connect to the server

No connection. Trying to reconnect...
ERROR 2003 (HY000): Can't connect to MySQL server on '192.168.1.166' (10060)
ERROR: 
Can't connect to the server

No connection. Trying to reconnect...
ERROR 2003 (HY000): Can't connect to MySQL server on '192.168.1.166' (10060)
ERROR: 
Can't connect to the server

No connection. Trying to reconnect...
ERROR 2003 (HY000): Can't connect to MySQL server on '192.168.1.166' (10060)
ERROR: 
Can't connect to the server

No connection. Trying to reconnect...
ERROR 2003 (HY000): Can't connect to MySQL server on '192.168.1.166' (10060)
ERROR: 
Can't connect to the server

No connection. Trying to reconnect...
ERROR 2003 (HY000): Can't connect to MySQL server on '192.168.1.166' (10060)
ERROR: 
Can't connect to the server

No connection. Trying to reconnect...
ERROR 2003 (HY000): Can't connect to MySQL server on '192.168.1.166' (10060)
ERROR: 
Can't connect to the server

No connection. Trying to reconnect...
ERROR 2003 (HY000): Can't connect to MySQL server on '192.168.1.166' (10060)
ERROR: 
Can't connect to the server

No connection. Trying to reconnect...
ERROR 2003 (HY000): Can't connect to MySQL server on '192.168.1.166' (10060)
ERROR: 
Can't connect to the server

No connection. Trying to reconnect...
ERROR 2003 (HY000): Can't connect to MySQL server on '192.168.1.166' (10060)
ERROR: 
Can't connect to the server

No connection. Trying to reconnect...
ERROR 2003 (HY000): Can't connect to MySQL server on '192.168.1.166' (10060)
ERROR: 
Can't connect to the server

No connection. Trying to reconnect...
ERROR 2003 (HY000): Can't connect to MySQL server on '192.168.1.166' (10060)
ERROR: 
Can't connect to the server

No connection. Trying to reconnect...
ERROR 2003 (HY000): Can't connect to MySQL server on '192.168.1.166' (10060)
ERROR: 
Can't connect to the server

No connection. Trying to reconnect...
ERROR 2003 (HY000): Can't connect to MySQL server on '192.168.1.166' (10060)
ERROR: 
Can't connect to the server

mysql> mysql \. C:\workspace\cloud\code\sql\_DailyScript\currenttime.sql
No connection. Trying to reconnect...
ERROR 2003 (HY000): Can't connect to MySQL server on '192.168.1.166' (10060)
ERROR: 
Can't connect to the server

mysql> 
mysql> mysql \. C:\workspace\cloud\code\sql\_DailyScript\REVENUE_PER_NODE_MXK.sql
No connection. Trying to reconnect...
ERROR 2003 (HY000): Can't connect to MySQL server on '192.168.1.166' (10060)
ERROR: 
Can't connect to the server

No connection. Trying to reconnect...
ERROR 2003 (HY000): Can't connect to MySQL server on '192.168.1.166' (10060)
ERROR: 
Can't connect to the server

No connection. Trying to reconnect...
ERROR 2003 (HY000): Can't connect to MySQL server on '192.168.1.166' (10060)
ERROR: 
Can't connect to the server

No connection. Trying to reconnect...
ERROR 2003 (HY000): Can't connect to MySQL server on '192.168.1.166' (10060)
ERROR: 
Can't connect to the server

No connection. Trying to reconnect...
ERROR 2003 (HY000): Can't connect to MySQL server on '192.168.1.166' (10060)
ERROR: 
Can't connect to the server

No connection. Trying to reconnect...
ERROR 2003 (HY000): Can't connect to MySQL server on '192.168.1.166' (10060)
ERROR: 
Can't connect to the server

No connection. Trying to reconnect...
ERROR 2003 (HY000): Can't connect to MySQL server on '192.168.1.166' (10060)
ERROR: 
Can't connect to the server

No connection. Trying to reconnect...
ERROR 2003 (HY000): Can't connect to MySQL server on '192.168.1.166' (10060)
ERROR: 
Can't connect to the server

No connection. Trying to reconnect...
ERROR 2003 (HY000): Can't connect to MySQL server on '192.168.1.166' (10060)
ERROR: 
Can't connect to the server

No connection. Trying to reconnect...
ERROR 2003 (HY000): Can't connect to MySQL server on '192.168.1.166' (10060)
ERROR: 
Can't connect to the server

No connection. Trying to reconnect...
ERROR 2003 (HY000): Can't connect to MySQL server on '192.168.1.166' (10060)
ERROR: 
Can't connect to the server

No connection. Trying to reconnect...
ERROR 2003 (HY000): Can't connect to MySQL server on '192.168.1.166' (10060)
ERROR: 
Can't connect to the server

No connection. Trying to reconnect...
ERROR 2003 (HY000): Can't connect to MySQL server on '192.168.1.166' (10060)
ERROR: 
Can't connect to the server

No connection. Trying to reconnect...
ERROR 2003 (HY000): Can't connect to MySQL server on '192.168.1.166' (10060)
ERROR: 
Can't connect to the server

No connection. Trying to reconnect...
ERROR 2003 (HY000): Can't connect to MySQL server on '192.168.1.166' (10060)
ERROR: 
Can't connect to the server

No connection. Trying to reconnect...
ERROR 2003 (HY000): Can't connect to MySQL server on '192.168.1.166' (10060)
ERROR: 
Can't connect to the server

No connection. Trying to reconnect...
ERROR 2003 (HY000): Can't connect to MySQL server on '192.168.1.166' (10060)
ERROR: 
Can't connect to the server

No connection. Trying to reconnect...
ERROR 2003 (HY000): Can't connect to MySQL server on '192.168.1.166' (10060)
ERROR: 
Can't connect to the server

No connection. Trying to reconnect...
ERROR 2003 (HY000): Can't connect to MySQL server on '192.168.1.166' (10060)
ERROR: 
Can't connect to the server

No connection. Trying to reconnect...
ERROR 2003 (HY000): Can't connect to MySQL server on '192.168.1.166' (10060)
ERROR: 
Can't connect to the server

No connection. Trying to reconnect...
ERROR 2003 (HY000): Can't connect to MySQL server on '192.168.1.166' (10060)
ERROR: 
Can't connect to the server

No connection. Trying to reconnect...
ERROR 2003 (HY000): Can't connect to MySQL server on '192.168.1.166' (10060)
ERROR: 
Can't connect to the server

No connection. Trying to reconnect...
ERROR 2003 (HY000): Can't connect to MySQL server on '192.168.1.166' (10060)
ERROR: 
Can't connect to the server

No connection. Trying to reconnect...
ERROR 2003 (HY000): Can't connect to MySQL server on '192.168.1.166' (10060)
ERROR: 
Can't connect to the server

No connection. Trying to reconnect...
ERROR 2003 (HY000): Can't connect to MySQL server on '192.168.1.166' (10060)
ERROR: 
Can't connect to the server

No connection. Trying to reconnect...
ERROR 2003 (HY000): Can't connect to MySQL server on '192.168.1.166' (10060)
ERROR: 
Can't connect to the server

No connection. Trying to reconnect...
ERROR 2003 (HY000): Can't connect to MySQL server on '192.168.1.166' (10060)
ERROR: 
Can't connect to the server

No connection. Trying to reconnect...
ERROR 2003 (HY000): Can't connect to MySQL server on '192.168.1.166' (10060)
ERROR: 
Can't connect to the server

No connection. Trying to reconnect...
ERROR 2003 (HY000): Can't connect to MySQL server on '192.168.1.166' (10060)
ERROR: 
Can't connect to the server

No connection. Trying to reconnect...
ERROR 2003 (HY000): Can't connect to MySQL server on '192.168.1.166' (10060)
ERROR: 
Can't connect to the server

No connection. Trying to reconnect...
ERROR 2003 (HY000): Can't connect to MySQL server on '192.168.1.166' (10060)
ERROR: 
Can't connect to the server

No connection. Trying to reconnect...
ERROR 2003 (HY000): Can't connect to MySQL server on '192.168.1.166' (10060)
ERROR: 
Can't connect to the server

No connection. Trying to reconnect...
ERROR 2003 (HY000): Can't connect to MySQL server on '192.168.1.166' (10060)
ERROR: 
Can't connect to the server

No connection. Trying to reconnect...
ERROR 2003 (HY000): Can't connect to MySQL server on '192.168.1.166' (10060)
ERROR: 
Can't connect to the server

No connection. Trying to reconnect...
ERROR 2003 (HY000): Can't connect to MySQL server on '192.168.1.166' (10060)
ERROR: 
Can't connect to the server

No connection. Trying to reconnect...
ERROR 2003 (HY000): Can't connect to MySQL server on '192.168.1.166' (10060)
ERROR: 
Can't connect to the server

No connection. Trying to reconnect...
ERROR 2003 (HY000): Can't connect to MySQL server on '192.168.1.166' (10060)
ERROR: 
Can't connect to the server

No connection. Trying to reconnect...
ERROR 2003 (HY000): Can't connect to MySQL server on '192.168.1.166' (10060)
ERROR: 
Can't connect to the server

No connection. Trying to reconnect...
ERROR 2003 (HY000): Can't connect to MySQL server on '192.168.1.166' (10060)
ERROR: 
Can't connect to the server

No connection. Trying to reconnect...
ERROR 2003 (HY000): Can't connect to MySQL server on '192.168.1.166' (10060)
ERROR: 
Can't connect to the server

No connection. Trying to reconnect...
ERROR 2003 (HY000): Can't connect to MySQL server on '192.168.1.166' (10060)
ERROR: 
Can't connect to the server

No connection. Trying to reconnect...
ERROR 2003 (HY000): Can't connect to MySQL server on '192.168.1.166' (10060)
ERROR: 
Can't connect to the server

No connection. Trying to reconnect...
ERROR 2003 (HY000): Can't connect to MySQL server on '192.168.1.166' (10060)
ERROR: 
Can't connect to the server

No connection. Trying to reconnect...
ERROR 2003 (HY000): Can't connect to MySQL server on '192.168.1.166' (10060)
ERROR: 
Can't connect to the server

No connection. Trying to reconnect...
ERROR 2003 (HY000): Can't connect to MySQL server on '192.168.1.166' (10060)
ERROR: 
Can't connect to the server

No connection. Trying to reconnect...
ERROR 2003 (HY000): Can't connect to MySQL server on '192.168.1.166' (10060)
ERROR: 
Can't connect to the server

No connection. Trying to reconnect...
ERROR 2003 (HY000): Can't connect to MySQL server on '192.168.1.166' (10060)
ERROR: 
Can't connect to the server

No connection. Trying to reconnect...
ERROR 2003 (HY000): Can't connect to MySQL server on '192.168.1.166' (10060)
ERROR: 
Can't connect to the server

No connection. Trying to reconnect...
ERROR 2003 (HY000): Can't connect to MySQL server on '192.168.1.166' (10060)
ERROR: 
Can't connect to the server

No connection. Trying to reconnect...
ERROR 2003 (HY000): Can't connect to MySQL server on '192.168.1.166' (10060)
ERROR: 
Can't connect to the server

No connection. Trying to reconnect...
ERROR 2003 (HY000): Can't connect to MySQL server on '192.168.1.166' (10060)
ERROR: 
Can't connect to the server

No connection. Trying to reconnect...
ERROR 2003 (HY000): Can't connect to MySQL server on '192.168.1.166' (10060)
ERROR: 
Can't connect to the server

No connection. Trying to reconnect...
ERROR 2003 (HY000): Can't connect to MySQL server on '192.168.1.166' (10060)
ERROR: 
Can't connect to the server

No connection. Trying to reconnect...
ERROR 2003 (HY000): Can't connect to MySQL server on '192.168.1.166' (10060)
ERROR: 
Can't connect to the server

No connection. Trying to reconnect...
ERROR 2003 (HY000): Can't connect to MySQL server on '192.168.1.166' (10060)
ERROR: 
Can't connect to the server

No connection. Trying to reconnect...
ERROR 2003 (HY000): Can't connect to MySQL server on '192.168.1.166' (10060)
ERROR: 
Can't connect to the server

No connection. Trying to reconnect...
ERROR 2003 (HY000): Can't connect to MySQL server on '192.168.1.166' (10060)
ERROR: 
Can't connect to the server

No connection. Trying to reconnect...
ERROR 2003 (HY000): Can't connect to MySQL server on '192.168.1.166' (10060)
ERROR: 
Can't connect to the server

No connection. Trying to reconnect...
ERROR 2003 (HY000): Can't connect to MySQL server on '192.168.1.166' (10060)
ERROR: 
Can't connect to the server

No connection. Trying to reconnect...
ERROR 2003 (HY000): Can't connect to MySQL server on '192.168.1.166' (10060)
ERROR: 
Can't connect to the server

No connection. Trying to reconnect...
ERROR 2003 (HY000): Can't connect to MySQL server on '192.168.1.166' (10060)
ERROR: 
Can't connect to the server

No connection. Trying to reconnect...
ERROR 2003 (HY000): Can't connect to MySQL server on '192.168.1.166' (10060)
ERROR: 
Can't connect to the server

No connection. Trying to reconnect...
ERROR 2003 (HY000): Can't connect to MySQL server on '192.168.1.166' (10060)
ERROR: 
Can't connect to the server

No connection. Trying to reconnect...
ERROR 2003 (HY000): Can't connect to MySQL server on '192.168.1.166' (10060)
ERROR: 
Can't connect to the server

No connection. Trying to reconnect...
ERROR 2003 (HY000): Can't connect to MySQL server on '192.168.1.166' (10060)
ERROR: 
Can't connect to the server

No connection. Trying to reconnect...
ERROR 2003 (HY000): Can't connect to MySQL server on '192.168.1.166' (10060)
ERROR: 
Can't connect to the server

No connection. Trying to reconnect...
ERROR 2003 (HY000): Can't connect to MySQL server on '192.168.1.166' (10060)
ERROR: 
Can't connect to the server

No connection. Trying to reconnect...
ERROR 2003 (HY000): Can't connect to MySQL server on '192.168.1.166' (10060)
ERROR: 
Can't connect to the server

No connection. Trying to reconnect...
ERROR 2003 (HY000): Can't connect to MySQL server on '192.168.1.166' (10060)
ERROR: 
Can't connect to the server

No connection. Trying to reconnect...
ERROR 2003 (HY000): Can't connect to MySQL server on '192.168.1.166' (10060)
ERROR: 
Can't connect to the server

No connection. Trying to reconnect...
ERROR 2003 (HY000): Can't connect to MySQL server on '192.168.1.166' (10060)
ERROR: 
Can't connect to the server

No connection. Trying to reconnect...
ERROR 2003 (HY000): Can't connect to MySQL server on '192.168.1.166' (10060)
ERROR: 
Can't connect to the server

No connection. Trying to reconnect...
ERROR 2003 (HY000): Can't connect to MySQL server on '192.168.1.166' (10060)
ERROR: 
Can't connect to the server

No connection. Trying to reconnect...
ERROR 2003 (HY000): Can't connect to MySQL server on '192.168.1.166' (10060)
ERROR: 
Can't connect to the server

No connection. Trying to reconnect...
ERROR 2003 (HY000): Can't connect to MySQL server on '192.168.1.166' (10060)
ERROR: 
Can't connect to the server

No connection. Trying to reconnect...
ERROR 2003 (HY000): Can't connect to MySQL server on '192.168.1.166' (10060)
ERROR: 
Can't connect to the server

No connection. Trying to reconnect...
ERROR 2003 (HY000): Can't connect to MySQL server on '192.168.1.166' (10060)
ERROR: 
Can't connect to the server

No connection. Trying to reconnect...
ERROR 2003 (HY000): Can't connect to MySQL server on '192.168.1.166' (10060)
ERROR: 
Can't connect to the server

No connection. Trying to reconnect...
ERROR 2003 (HY000): Can't connect to MySQL server on '192.168.1.166' (10060)
ERROR: 
Can't connect to the server

No connection. Trying to reconnect...
ERROR 2003 (HY000): Can't connect to MySQL server on '192.168.1.166' (10060)
ERROR: 
Can't connect to the server

No connection. Trying to reconnect...
ERROR 2003 (HY000): Can't connect to MySQL server on '192.168.1.166' (10060)
ERROR: 
Can't connect to the server

No connection. Trying to reconnect...
ERROR 2003 (HY000): Can't connect to MySQL server on '192.168.1.166' (10060)
ERROR: 
Can't connect to the server

No connection. Trying to reconnect...
ERROR 2003 (HY000): Can't connect to MySQL server on '192.168.1.166' (10060)
ERROR: 
Can't connect to the server

No connection. Trying to reconnect...
ERROR 2003 (HY000): Can't connect to MySQL server on '192.168.1.166' (10060)
ERROR: 
Can't connect to the server

No connection. Trying to reconnect...
ERROR 2003 (HY000): Can't connect to MySQL server on '192.168.1.166' (10060)
ERROR: 
Can't connect to the server

No connection. Trying to reconnect...
ERROR 2003 (HY000): Can't connect to MySQL server on '192.168.1.166' (10060)
ERROR: 
Can't connect to the server

No connection. Trying to reconnect...
ERROR 2003 (HY000): Can't connect to MySQL server on '192.168.1.166' (10060)
ERROR: 
Can't connect to the server

No connection. Trying to reconnect...
ERROR 2003 (HY000): Can't connect to MySQL server on '192.168.1.166' (10060)
ERROR: 
Can't connect to the server

No connection. Trying to reconnect...
ERROR 2003 (HY000): Can't connect to MySQL server on '192.168.1.166' (10060)
ERROR: 
Can't connect to the server

No connection. Trying to reconnect...
ERROR 2003 (HY000): Can't connect to MySQL server on '192.168.1.166' (10060)
ERROR: 
Can't connect to the server

No connection. Trying to reconnect...
ERROR 2003 (HY000): Can't connect to MySQL server on '192.168.1.166' (10060)
ERROR: 
Can't connect to the server

No connection. Trying to reconnect...
ERROR 2003 (HY000): Can't connect to MySQL server on '192.168.1.166' (10060)
ERROR: 
Can't connect to the server

No connection. Trying to reconnect...
ERROR 2003 (HY000): Can't connect to MySQL server on '192.168.1.166' (10060)
ERROR: 
Can't connect to the server

No connection. Trying to reconnect...
ERROR 2003 (HY000): Can't connect to MySQL server on '192.168.1.166' (10060)
ERROR: 
Can't connect to the server

No connection. Trying to reconnect...
ERROR 2003 (HY000): Can't connect to MySQL server on '192.168.1.166' (10060)
ERROR: 
Can't connect to the server

No connection. Trying to reconnect...
ERROR 2003 (HY000): Can't connect to MySQL server on '192.168.1.166' (10060)
ERROR: 
Can't connect to the server

No connection. Trying to reconnect...
ERROR 2003 (HY000): Can't connect to MySQL server on '192.168.1.166' (10060)
ERROR: 
Can't connect to the server

No connection. Trying to reconnect...
ERROR 2003 (HY000): Can't connect to MySQL server on '192.168.1.166' (10060)
ERROR: 
Can't connect to the server

No connection. Trying to reconnect...
ERROR 2003 (HY000): Can't connect to MySQL server on '192.168.1.166' (10060)
ERROR: 
Can't connect to the server

No connection. Trying to reconnect...
ERROR 2003 (HY000): Can't connect to MySQL server on '192.168.1.166' (10060)
ERROR: 
Can't connect to the server

No connection. Trying to reconnect...
ERROR 2003 (HY000): Can't connect to MySQL server on '192.168.1.166' (10060)
ERROR: 
Can't connect to the server

No connection. Trying to reconnect...
ERROR 2003 (HY000): Can't connect to MySQL server on '192.168.1.166' (10060)
ERROR: 
Can't connect to the server

No connection. Trying to reconnect...
ERROR 2003 (HY000): Can't connect to MySQL server on '192.168.1.166' (10060)
ERROR: 
Can't connect to the server

No connection. Trying to reconnect...
ERROR 2003 (HY000): Can't connect to MySQL server on '192.168.1.166' (10060)
ERROR: 
Can't connect to the server

No connection. Trying to reconnect...
ERROR 2003 (HY000): Can't connect to MySQL server on '192.168.1.166' (10060)
ERROR: 
Can't connect to the server

No connection. Trying to reconnect...
ERROR 2003 (HY000): Can't connect to MySQL server on '192.168.1.166' (10060)
ERROR: 
Can't connect to the server

No connection. Trying to reconnect...
ERROR 2003 (HY000): Can't connect to MySQL server on '192.168.1.166' (10060)
ERROR: 
Can't connect to the server

No connection. Trying to reconnect...
ERROR 2003 (HY000): Can't connect to MySQL server on '192.168.1.166' (10060)
ERROR: 
Can't connect to the server

No connection. Trying to reconnect...
ERROR 2003 (HY000): Can't connect to MySQL server on '192.168.1.166' (10060)
ERROR: 
Can't connect to the server

No connection. Trying to reconnect...
ERROR 2003 (HY000): Can't connect to MySQL server on '192.168.1.166' (10060)
ERROR: 
Can't connect to the server

No connection. Trying to reconnect...
ERROR 2003 (HY000): Can't connect to MySQL server on '192.168.1.166' (10060)
ERROR: 
Can't connect to the server

No connection. Trying to reconnect...
ERROR 2003 (HY000): Can't connect to MySQL server on '192.168.1.166' (10060)
ERROR: 
Can't connect to the server

No connection. Trying to reconnect...
ERROR 2003 (HY000): Can't connect to MySQL server on '192.168.1.166' (10060)
ERROR: 
Can't connect to the server

No connection. Trying to reconnect...
ERROR 2003 (HY000): Can't connect to MySQL server on '192.168.1.166' (10060)
ERROR: 
Can't connect to the server

No connection. Trying to reconnect...
ERROR 2003 (HY000): Can't connect to MySQL server on '192.168.1.166' (10060)
ERROR: 
Can't connect to the server

No connection. Trying to reconnect...
ERROR 2003 (HY000): Can't connect to MySQL server on '192.168.1.166' (10060)
ERROR: 
Can't connect to the server

mysql> mysql \. C:\workspace\cloud\code\sql\_DailyScript\currenttime.sql
No connection. Trying to reconnect...
ERROR 2003 (HY000): Can't connect to MySQL server on '192.168.1.166' (10060)
ERROR: 
Can't connect to the server

mysql> 
mysql> mysql \. C:\workspace\cloud\code\sql\Analysis\service_tickets_assignments.sql
No connection. Trying to reconnect...
ERROR 2003 (HY000): Can't connect to MySQL server on '192.168.1.166' (10060)
ERROR: 
Can't connect to the server

No connection. Trying to reconnect...
ERROR 2003 (HY000): Can't connect to MySQL server on '192.168.1.166' (10060)
ERROR: 
Can't connect to the server

No connection. Trying to reconnect...
ERROR 2003 (HY000): Can't connect to MySQL server on '192.168.1.166' (10060)
ERROR: 
Can't connect to the server

mysql> mysql \. C:\workspace\cloud\code\sql\_DailyScript\currenttime.sql
No connection. Trying to reconnect...
ERROR 2003 (HY000): Can't connect to MySQL server on '192.168.1.166' (10060)
ERROR: 
Can't connect to the server

mysql> 
mysql> 
mysql> exit
