    -> 
    -> mysql \. C:\workspace\cloud\code\sql\_DailyScript\_setdates.sql
Database changed
Query OK, 0 rows affected (0.00 sec)

Query OK, 0 rows affected (0.00 sec)

Query OK, 0 rows affected (0.00 sec)

Query OK, 0 rows affected (0.00 sec)

Query OK, 0 rows affected (0.00 sec)

Query OK, 0 rows affected (0.00 sec)

Query OK, 0 rows affected (0.00 sec)

Query OK, 0 rows affected (0.00 sec)

Query OK, 0 rows affected (0.00 sec)

Query OK, 0 rows affected (0.00 sec)

Query OK, 0 rows affected (0.00 sec)

Query OK, 0 rows affected (0.00 sec)

Query OK, 0 rows affected (0.00 sec)

Query OK, 0 rows affected (0.00 sec)

Query OK, 0 rows affected (0.00 sec)

Query OK, 0 rows affected (0.00 sec)

Query OK, 0 rows affected (0.00 sec)

Query OK, 0 rows affected (0.00 sec)

Query OK, 0 rows affected (0.00 sec)

Query OK, 0 rows affected (0.00 sec)

Query OK, 0 rows affected (0.00 sec)

mysql> mysql \. C:\workspace\cloud\code\sql\_DailyScript\currenttime.sql
+---------------------+
| currenttime         |
+---------------------+
| 2020-12-22 08:46:07 |
+---------------------+
1 row in set (0.00 sec)

mysql> 
mysql> mysql \. C:\workspace\cloud\code\sql\_DailyScript\load_RCB_VODTITLES.sql
Database changed
Query OK, 0 rows affected (0.00 sec)

Query OK, 13435 rows affected (0.14 sec)

Query OK, 13437 rows affected, 13437 warnings (0.22 sec)
Records: 13437  Deleted: 0  Skipped: 0  Warnings: 13437

Query OK, 0 rows affected (0.00 sec)

Query OK, 2 rows affected (0.01 sec)

+-----------+
| VODTITLES |
+-----------+
|     13895 |
+-----------+
1 row in set (0.01 sec)

+-----------+-----------+
| titletype | typecount |
+-----------+-----------+
| E         |     11257 |
| N         |       236 |
| T         |      1942 |
| NULL      |     13435 |
+-----------+-----------+
4 rows in set (0.10 sec)

mysql> mysql \. C:\workspace\cloud\code\sql\_DailyScript\currenttime.sql
+---------------------+
| currenttime         |
+---------------------+
| 2020-12-22 08:46:07 |
+---------------------+
1 row in set (0.00 sec)

mysql> 
mysql> mysql \. C:\workspace\cloud\code\sql\_DailyScript\DAILY-SCRIPT-LIVETV-STATS.sql
Database changed
Query OK, 0 rows affected (0.02 sec)

Query OK, 86395 rows affected (0.92 sec)
Records: 86395  Duplicates: 0  Warnings: 0

+------------+------------+----------+--------------+--------------+-----------+-------------+----------+--------+------+------------+---------+---------------+
| Table      | Non_unique | Key_name | Seq_in_index | Column_name  | Collation | Cardinality | Sub_part | Packed | Null | Index_type | Comment | Index_comment |
+------------+------------+----------+--------------+--------------+-----------+-------------+----------+--------+------+------------+---------+---------------+
| templivetv |          1 | idxtv1   |            1 | device       | A         |       86081 |     NULL | NULL   | YES  | BTREE      |         |               |
| templivetv |          1 | idxtv2   |            1 | sessionstart | A         |       86081 |     NULL | NULL   | YES  | BTREE      |         |               |
+------------+------------+----------+--------------+--------------+-----------+-------------+----------+--------+------+------------+---------+---------------+
2 rows in set (0.00 sec)

Query OK, 86546 rows affected (13.35 sec)
Records: 86546  Duplicates: 0  Warnings: 0

Query OK, 2699 rows affected (0.56 sec)
Records: 2699  Duplicates: 0  Warnings: 0

Query OK, 0 rows affected (0.00 sec)

Query OK, 0 rows affected (0.00 sec)

Query OK, 133 rows affected (0.03 sec)
Records: 133  Duplicates: 0  Warnings: 0

Query OK, 0 rows affected (0.03 sec)

Query OK, 47529 rows affected (2 min 20.63 sec)
Records: 47529  Duplicates: 0  Warnings: 0

+-----------------+
| rep_livetvstats |
+-----------------+
|           47529 |
+-----------------+
1 row in set (0.02 sec)

mysql> mysql \. C:\workspace\cloud\code\sql\_DailyScript\currenttime.sql
+---------------------+
| currenttime         |
+---------------------+
| 2020-12-22 08:48:43 |
+---------------------+
1 row in set (0.00 sec)

mysql> 
mysql> mysql \. C:\workspace\cloud\code\sql\_DailyScript\DAILY-SCRIPT-VODTS-STATS.sql
Database changed
Query OK, 0 rows affected (0.01 sec)

Query OK, 5004 rows affected (16.90 sec)
Records: 5004  Duplicates: 0  Warnings: 0

+---------+------------+----------+--------------+--------------+-----------+-------------+----------+--------+------+------------+---------+---------------+
| Table   | Non_unique | Key_name | Seq_in_index | Column_name  | Collation | Cardinality | Sub_part | Packed | Null | Index_type | Comment | Index_comment |
+---------+------------+----------+--------------+--------------+-----------+-------------+----------+--------+------+------------+---------+---------------+
| tempvod |          1 | idxtvod1 |            1 | device       | A         |        4829 |     NULL | NULL   | YES  | BTREE      |         |               |
| tempvod |          1 | idxtvod2 |            1 | sessionstart | A         |        4829 |     NULL | NULL   | YES  | BTREE      |         |               |
+---------+------------+----------+--------------+--------------+-----------+-------------+----------+--------+------+------------+---------+---------------+
2 rows in set (0.00 sec)

Query OK, 5004 rows affected (2.94 sec)
Records: 5004  Duplicates: 0  Warnings: 0

Query OK, 0 rows affected (0.02 sec)

Query OK, 918618 rows affected (1 min 13.04 sec)
Records: 918618  Duplicates: 0  Warnings: 0

+--------------+
| rep_vodstats |
+--------------+
|       918618 |
+--------------+
1 row in set (0.26 sec)

Database changed
Query OK, 0 rows affected (0.02 sec)

Query OK, 17431 rows affected (41.55 sec)
Records: 17431  Duplicates: 0  Warnings: 0

+--------+------------+----------+--------------+--------------+-----------+-------------+----------+--------+------+------------+---------+---------------+
| Table  | Non_unique | Key_name | Seq_in_index | Column_name  | Collation | Cardinality | Sub_part | Packed | Null | Index_type | Comment | Index_comment |
+--------+------------+----------+--------------+--------------+-----------+-------------+----------+--------+------+------------+---------+---------------+
| tempts |          1 | idxtts1  |            1 | device       | A         |       17551 |     NULL | NULL   | YES  | BTREE      |         |               |
| tempts |          1 | idxtts2  |            1 | sessionstart | A         |       17551 |     NULL | NULL   | YES  | BTREE      |         |               |
+--------+------------+----------+--------------+--------------+-----------+-------------+----------+--------+------+------------+---------+---------------+
2 rows in set (0.00 sec)

Query OK, 17440 rows affected (12.76 sec)
Records: 17440  Duplicates: 0  Warnings: 0

Query OK, 0 rows affected (0.01 sec)

Query OK, 42289 rows affected (41.38 sec)
Records: 42289  Duplicates: 0  Warnings: 0

+-------------+
| rep_tsstats |
+-------------+
|       42289 |
+-------------+
1 row in set (0.01 sec)

mysql> mysql \. C:\workspace\cloud\code\sql\_DailyScript\currenttime.sql
+---------------------+
| currenttime         |
+---------------------+
| 2020-12-22 08:51:52 |
+---------------------+
1 row in set (0.00 sec)

mysql> 
mysql> mysql \. C:\workspace\cloud\code\sql\_DailyScript\DAILY-SCRIPT-RADIO-STATS.sql
Database changed
Query OK, 0 rows affected (0.01 sec)

Query OK, 336041 rows affected (3.62 sec)
Records: 336041  Duplicates: 0  Warnings: 0

+-----------+------------+----------+--------------+--------------+-----------+-------------+----------+--------+------+------------+---------+---------------+
| Table     | Non_unique | Key_name | Seq_in_index | Column_name  | Collation | Cardinality | Sub_part | Packed | Null | Index_type | Comment | Index_comment |
+-----------+------------+----------+--------------+--------------+-----------+-------------+----------+--------+------+------------+---------+---------------+
| tempradio |          1 | idxtrad1 |            1 | device       | A         |      336197 |     NULL | NULL   | YES  | BTREE      |         |               |
| tempradio |          1 | idxtrad2 |            1 | sessionstart | A         |      336197 |     NULL | NULL   | YES  | BTREE      |         |               |
+-----------+------------+----------+--------------+--------------+-----------+-------------+----------+--------+------+------------+---------+---------------+
2 rows in set (0.00 sec)

Query OK, 439 rows affected (1.42 sec)
Records: 439  Duplicates: 0  Warnings: 0

Query OK, 0 rows affected (0.01 sec)

Query OK, 5671 rows affected (0.44 sec)
Records: 5671  Duplicates: 0  Warnings: 0

+----------------+
| rep_radiostats |
+----------------+
|           5671 |
+----------------+
1 row in set (0.00 sec)

mysql> mysql \. C:\workspace\cloud\code\sql\_DailyScript\currenttime.sql
+---------------------+
| currenttime         |
+---------------------+
| 2020-12-22 08:51:57 |
+---------------------+
1 row in set (0.00 sec)

mysql> 
mysql> mysql \. C:\workspace\cloud\code\sql\_DailyScript\DAILY_SCRIPT_TELEMETRY_PIVOT_2020.sql
Query OK, 0 rows affected (0.01 sec)

Query OK, 146 rows affected (0.21 sec)
Records: 146  Duplicates: 0  Warnings: 0

Query OK, 0 rows affected (0.01 sec)

Query OK, 11187 rows affected (2.48 sec)
Records: 11187  Duplicates: 0  Warnings: 0

Query OK, 0 rows affected (0.01 sec)

Query OK, 8 rows affected (0.02 sec)
Records: 8  Duplicates: 0  Warnings: 0

Query OK, 0 rows affected (0.01 sec)

Query OK, 47 rows affected (0.08 sec)
Records: 47  Duplicates: 0  Warnings: 0

mysql> mysql \. C:\workspace\cloud\code\sql\_DailyScript\currenttime.sql
+---------------------+
| currenttime         |
+---------------------+
| 2020-12-22 08:52:00 |
+---------------------+
1 row in set (0.00 sec)

mysql> 
mysql> mysql \. C:\workspace\cloud\code\sql\_DailyScript\telemetry_livetv_ranking2020.sql
Query OK, 0 rows affected (0.01 sec)

Query OK, 146 rows affected (0.03 sec)
Records: 146  Duplicates: 0  Warnings: 0

mysql> mysql \. C:\workspace\cloud\code\sql\_DailyScript\currenttime.sql
+---------------------+
| currenttime         |
+---------------------+
| 2020-12-22 08:52:00 |
+---------------------+
1 row in set (0.00 sec)

mysql> 
mysql> mysql \. C:\workspace\cloud\code\sql\_DailyScript\telemetry_radio_ranking2020.sql
Query OK, 0 rows affected (0.01 sec)

Query OK, 8 rows affected (0.01 sec)
Records: 8  Duplicates: 0  Warnings: 0

mysql> mysql \. C:\workspace\cloud\code\sql\_DailyScript\currenttime.sql
+---------------------+
| currenttime         |
+---------------------+
| 2020-12-22 08:52:00 |
+---------------------+
1 row in set (0.00 sec)

mysql> 
mysql> mysql \. C:\workspace\cloud\code\sql\_DailyScript\telemetry_ts_ranking2020.sql
Query OK, 0 rows affected (0.01 sec)

Query OK, 47 rows affected (0.03 sec)
Records: 47  Duplicates: 0  Warnings: 0

mysql> mysql \. C:\workspace\cloud\code\sql\_DailyScript\currenttime.sql
+---------------------+
| currenttime         |
+---------------------+
| 2020-12-22 08:52:00 |
+---------------------+
1 row in set (0.00 sec)

mysql> 
mysql> mysql \. C:\workspace\cloud\code\sql\_DailyScript\telemetry_vod_ranking2020.sql
Query OK, 0 rows affected (0.01 sec)

Query OK, 11187 rows affected (0.49 sec)
Records: 11187  Duplicates: 0  Warnings: 0

mysql> mysql \. C:\workspace\cloud\code\sql\_DailyScript\currenttime.sql
+---------------------+
| currenttime         |
+---------------------+
| 2020-12-22 08:52:01 |
+---------------------+
1 row in set (0.00 sec)

mysql> 
mysql> mysql \. C:\workspace\cloud\code\sql\_DailyScript\telemetry_vod_ranking2020_1.sql
Query OK, 0 rows affected (0.01 sec)

Query OK, 11187 rows affected (0.24 sec)
Records: 11187  Duplicates: 0  Warnings: 0

mysql> mysql \. C:\workspace\cloud\code\sql\_DailyScript\currenttime.sql
+---------------------+
| currenttime         |
+---------------------+
| 2020-12-22 08:52:01 |
+---------------------+
1 row in set (0.00 sec)

mysql> 
mysql> mysql \. C:\workspace\cloud\code\sql\_DailyScript\telemetry_vod_ranking2020_2.sql
Query OK, 0 rows affected (0.01 sec)

Query OK, 11187 rows affected (0.23 sec)
Records: 11187  Duplicates: 0  Warnings: 0

mysql> mysql \. C:\workspace\cloud\code\sql\_DailyScript\currenttime.sql
+---------------------+
| currenttime         |
+---------------------+
| 2020-12-22 08:52:01 |
+---------------------+
1 row in set (0.00 sec)

mysql> 
mysql> mysql \. C:\workspace\cloud\code\sql\_DailyScript\DAILY-SCRIPT-CREATE-LOAD.sql
Database changed
Database changed
Query OK, 0 rows affected (0.01 sec)

Query OK, 0 rows affected (0.01 sec)

Database changed
Query OK, 67485 rows affected (2.41 sec)
Records: 67485  Deleted: 0  Skipped: 0  Warnings: 0

Query OK, 0 rows affected (0.13 sec)
Records: 0  Duplicates: 0  Warnings: 0

Query OK, 0 rows affected (0.22 sec)
Records: 0  Duplicates: 0  Warnings: 0

Query OK, 0 rows affected (0.23 sec)
Records: 0  Duplicates: 0  Warnings: 0

Query OK, 0 rows affected (0.22 sec)
Records: 0  Duplicates: 0  Warnings: 0

+---------+
| clients |
+---------+
|   67485 |
+---------+
1 row in set (0.02 sec)

Query OK, 0 rows affected (0.01 sec)

Query OK, 14146 rows affected (6.40 sec)
Records: 14146  Duplicates: 0  Warnings: 0

Query OK, 0 rows affected (0.05 sec)
Records: 0  Duplicates: 0  Warnings: 0

+-------------------+
| rcb_clientparcels |
+-------------------+
|             14146 |
+-------------------+
1 row in set (0.01 sec)

Query OK, 0 rows affected (0.01 sec)

Query OK, 81658 rows affected (3.21 sec)
Records: 81658  Duplicates: 0  Warnings: 0

Query OK, 0 rows affected (0.25 sec)
Records: 0  Duplicates: 0  Warnings: 0

Query OK, 0 rows affected (0.01 sec)

Query OK, 67485 rows affected (35.95 sec)
Records: 67485  Duplicates: 0  Warnings: 0

Query OK, 0 rows affected (0.19 sec)
Records: 0  Duplicates: 0  Warnings: 0

Query OK, 0 rows affected (0.20 sec)
Records: 0  Duplicates: 0  Warnings: 0

Query OK, 0 rows affected (0.17 sec)
Records: 0  Duplicates: 0  Warnings: 0

+---------------+
| clientaddress |
+---------------+
|         67485 |
+---------------+
1 row in set (0.02 sec)

Database changed
Query OK, 0 rows affected (0.02 sec)

Query OK, 0 rows affected (0.01 sec)

Database changed
Query OK, 534178 rows affected, 65535 warnings (15.12 sec)
Records: 534178  Deleted: 0  Skipped: 0  Warnings: 220814

Query OK, 0 rows affected (2.55 sec)
Records: 0  Duplicates: 0  Warnings: 0

Query OK, 0 rows affected (2.39 sec)
Records: 0  Duplicates: 0  Warnings: 0

Query OK, 0 rows affected (1.48 sec)
Records: 0  Duplicates: 0  Warnings: 0

Query OK, 0 rows affected (0.02 sec)

Query OK, 534178 rows affected (40.79 sec)
Records: 534178  Duplicates: 0  Warnings: 0

Query OK, 0 rows affected (1.74 sec)
Records: 0  Duplicates: 0  Warnings: 0

Query OK, 0 rows affected (1.31 sec)
Records: 0  Duplicates: 0  Warnings: 0

+-----------+
| contracts |
+-----------+
|    534178 |
+-----------+
1 row in set (0.16 sec)

+-----------------+
| contractaddress |
+-----------------+
|          534178 |
+-----------------+
1 row in set (0.14 sec)

Database changed
Query OK, 0 rows affected (0.01 sec)

Query OK, 0 rows affected (0.01 sec)

Query OK, 7687 rows affected (0.16 sec)
Records: 7687  Deleted: 0  Skipped: 0  Warnings: 0

Query OK, 0 rows affected (0.01 sec)

Query OK, 7655 rows affected (1.06 sec)
Records: 7655  Duplicates: 0  Warnings: 0

Query OK, 0 rows affected (0.04 sec)
Records: 0  Duplicates: 0  Warnings: 0

Query OK, 0 rows affected (0.02 sec)
Records: 0  Duplicates: 0  Warnings: 0

Query OK, 0 rows affected (0.05 sec)
Records: 0  Duplicates: 0  Warnings: 0

Query OK, 0 rows affected (0.01 sec)

Query OK, 5839 rows affected (0.05 sec)
Records: 5839  Duplicates: 0  Warnings: 0

Query OK, 0 rows affected (0.03 sec)
Records: 0  Duplicates: 0  Warnings: 0

+-------------------+
| contractdiscounts |
+-------------------+
|              7687 |
+-------------------+
1 row in set (0.00 sec)

+-------------------------+
| clientcontractdiscounts |
+-------------------------+
|                    7655 |
+-------------------------+
1 row in set (0.00 sec)

+----------------------------+
| clientcontractlastdiscount |
+----------------------------+
|                       5839 |
+----------------------------+
1 row in set (0.00 sec)

Database changed
Query OK, 0 rows affected (0.04 sec)

Query OK, 0 rows affected (0.01 sec)

Database changed
Query OK, 142901 rows affected, 8 warnings (2.53 sec)
Records: 142901  Deleted: 0  Skipped: 0  Warnings: 8

Query OK, 0 rows affected (0.26 sec)
Records: 0  Duplicates: 0  Warnings: 0

Query OK, 0 rows affected (0.29 sec)
Records: 0  Duplicates: 0  Warnings: 0

Query OK, 0 rows affected (0.32 sec)
Records: 0  Duplicates: 0  Warnings: 0

Query OK, 0 rows affected (0.26 sec)
Records: 0  Duplicates: 0  Warnings: 0

Query OK, 0 rows affected (0.38 sec)
Records: 0  Duplicates: 0  Warnings: 0

Query OK, 0 rows affected (0.54 sec)
Records: 0  Duplicates: 0  Warnings: 0

Query OK, 0 rows affected (0.08 sec)

Query OK, 1817054 rows affected (3 min 48.25 sec)
Records: 1817054  Duplicates: 0  Warnings: 0

Query OK, 0 rows affected (4.27 sec)
Records: 0  Duplicates: 0  Warnings: 0

+---------+
| devices |
+---------+
|  142901 |
+---------+
1 row in set (0.04 sec)

+-----------------------+
| clientcontractdevices |
+-----------------------+
|               1817054 |
+-----------------------+
1 row in set (0.64 sec)

Query OK, 0 rows affected (0.01 sec)

Query OK, 142755 rows affected (6.72 sec)
Records: 142755  Duplicates: 0  Warnings: 0

+---------------------------+
| rep_clientcontractdevices |
+---------------------------+
|                    142755 |
+---------------------------+
1 row in set (0.04 sec)

Database changed
Query OK, 0 rows affected (0.02 sec)

Query OK, 0 rows affected (0.01 sec)

Query OK, 308590 rows affected (6.97 sec)
Records: 308590  Deleted: 0  Skipped: 0  Warnings: 0

Query OK, 0 rows affected (0.72 sec)
Records: 0  Duplicates: 0  Warnings: 0

Query OK, 0 rows affected (0.64 sec)
Records: 0  Duplicates: 0  Warnings: 0

Query OK, 0 rows affected (0.62 sec)
Records: 0  Duplicates: 0  Warnings: 0

Query OK, 0 rows affected (0.54 sec)
Records: 0  Duplicates: 0  Warnings: 0

+---------+
| tickets |
+---------+
|  308590 |
+---------+
1 row in set (0.08 sec)

Database changed
Query OK, 0 rows affected (0.01 sec)

Query OK, 0 rows affected (0.01 sec)

Empty set (0.00 sec)

Query OK, 0 rows affected (0.02 sec)
Records: 0  Duplicates: 0  Warnings: 0

Query OK, 370 rows affected, 2 warnings (0.03 sec)
Records: 370  Deleted: 0  Skipped: 0  Warnings: 2

+-----------------+
| tickettechusers |
+-----------------+
|             370 |
+-----------------+
1 row in set (0.00 sec)

Database changed
Query OK, 0 rows affected (0.01 sec)

Query OK, 0 rows affected (0.01 sec)

Query OK, 0 rows affected (0.01 sec)
Records: 0  Duplicates: 0  Warnings: 0

Query OK, 679756 rows affected, 48585 warnings (11.08 sec)
Records: 679756  Deleted: 0  Skipped: 0  Warnings: 48585

+-------------------+
| ticketassignments |
+-------------------+
|            679756 |
+-------------------+
1 row in set (0.18 sec)

Database changed
Query OK, 0 rows affected (0.04 sec)

Query OK, 0 rows affected (0.01 sec)

Query OK, 1373448 rows affected (15.51 sec)
Records: 1373448  Deleted: 0  Skipped: 0  Warnings: 0

Query OK, 0 rows affected (4.61 sec)
Records: 0  Duplicates: 0  Warnings: 0

Query OK, 0 rows affected (2.44 sec)
Records: 0  Duplicates: 0  Warnings: 0

Query OK, 0 rows affected (2.46 sec)
Records: 0  Duplicates: 0  Warnings: 0

Query OK, 0 rows affected (2.86 sec)
Records: 0  Duplicates: 0  Warnings: 0

+----------------+
| ticketcomments |
+----------------+
|        1373448 |
+----------------+
1 row in set (0.38 sec)

Database changed
Query OK, 0 rows affected (0.02 sec)

Query OK, 0 rows affected (0.01 sec)

Query OK, 469031 rows affected (35.02 sec)
Records: 469031  Deleted: 0  Skipped: 0  Warnings: 0

Query OK, 0 rows affected (2.21 sec)
Records: 0  Duplicates: 0  Warnings: 0

+----------+
| comments |
+----------+
|   469031 |
+----------+
1 row in set (0.13 sec)

Database changed
Query OK, 0 rows affected (0.04 sec)

Query OK, 0 rows affected (0.01 sec)

Query OK, 1534904 rows affected, 65535 warnings (1 min 13.97 sec)
Records: 1534904  Deleted: 0  Skipped: 0  Warnings: 1534939

Query OK, 0 rows affected (4.30 sec)
Records: 0  Duplicates: 0  Warnings: 0

Query OK, 0 rows affected (3.64 sec)
Records: 0  Duplicates: 0  Warnings: 0

Query OK, 0 rows affected (3.52 sec)
Records: 0  Duplicates: 0  Warnings: 0

Query OK, 0 rows affected (3.65 sec)
Records: 0  Duplicates: 0  Warnings: 0

Query OK, 0 rows affected (5.21 sec)
Records: 0  Duplicates: 0  Warnings: 0

+------------+
| devicesold |
+------------+
|    1534904 |
+------------+
1 row in set (0.42 sec)

Database changed
Query OK, 0 rows affected (0.02 sec)

Query OK, 0 rows affected (0.01 sec)

Query OK, 1810578 rows affected (23.10 sec)
Records: 1810578  Deleted: 0  Skipped: 0  Warnings: 0

Query OK, 0 rows affected (4.78 sec)
Records: 0  Duplicates: 0  Warnings: 0

Query OK, 0 rows affected (4.05 sec)
Records: 0  Duplicates: 0  Warnings: 0

Query OK, 0 rows affected (4.02 sec)
Records: 0  Duplicates: 0  Warnings: 0

+------------------+
| contractservices |
+------------------+
|          1810578 |
+------------------+
1 row in set (0.50 sec)

Database changed
Query OK, 0 rows affected (0.06 sec)

Query OK, 0 rows affected (0.01 sec)

Query OK, 4412654 rows affected (1 min 51.84 sec)
Records: 4412654  Deleted: 0  Skipped: 0  Warnings: 0

Query OK, 0 rows affected (11.63 sec)
Records: 0  Duplicates: 0  Warnings: 0

Query OK, 0 rows affected (14.17 sec)
Records: 0  Duplicates: 0  Warnings: 0

Query OK, 0 rows affected (11.51 sec)
Records: 0  Duplicates: 0  Warnings: 0

Query OK, 0 rows affected (12.37 sec)
Records: 0  Duplicates: 0  Warnings: 0

+------------------+
| invoicescontents |
+------------------+
|          4412654 |
+------------------+
1 row in set (1.22 sec)

Database changed
Query OK, 0 rows affected (0.07 sec)

Query OK, 0 rows affected (0.01 sec)

Query OK, 3114210 rows affected (2 min 54.11 sec)
Records: 3114210  Deleted: 0  Skipped: 0  Warnings: 0

Query OK, 0 rows affected (14.69 sec)
Records: 0  Duplicates: 0  Warnings: 0

Query OK, 0 rows affected (10.38 sec)
Records: 0  Duplicates: 0  Warnings: 0

Query OK, 0 rows affected (10.70 sec)
Records: 0  Duplicates: 0  Warnings: 0

Query OK, 0 rows affected (11.97 sec)
Records: 0  Duplicates: 0  Warnings: 0

Query OK, 0 rows affected (10.89 sec)
Records: 0  Duplicates: 0  Warnings: 0

+----------------+
| invoicesheader |
+----------------+
|        3114210 |
+----------------+
1 row in set (0.85 sec)

Database changed
Query OK, 0 rows affected (0.04 sec)

Query OK, 0 rows affected (0.01 sec)

Query OK, 3133742 rows affected (1 min 19.35 sec)
Records: 3133742  Deleted: 0  Skipped: 0  Warnings: 0

Query OK, 0 rows affected (7.81 sec)
Records: 0  Duplicates: 0  Warnings: 0

Query OK, 0 rows affected (7.90 sec)
Records: 0  Duplicates: 0  Warnings: 0

Query OK, 0 rows affected (7.84 sec)
Records: 0  Duplicates: 0  Warnings: 0

Query OK, 0 rows affected (7.52 sec)
Records: 0  Duplicates: 0  Warnings: 0

Query OK, 0 rows affected (9.26 sec)
Records: 0  Duplicates: 0  Warnings: 0

+---------+
| casa    |
+---------+
| 3133742 |
+---------+
1 row in set (0.86 sec)

Query OK, 0 rows affected (0.01 sec)

Query OK, 15357 rows affected (1 min 20.91 sec)
Records: 15357  Duplicates: 0  Warnings: 0

+--------------------+
| rep_paycol_channel |
+--------------------+
|              15357 |
+--------------------+
1 row in set (0.01 sec)

Query OK, 0 rows affected (0.01 sec)

Query OK, 11422 rows affected (1 min 37.00 sec)
Records: 11422  Duplicates: 0  Warnings: 0

+----------------+
| rep_paycol_pos |
+----------------+
|          11422 |
+----------------+
1 row in set (0.01 sec)

Database changed
Query OK, 0 rows affected (0.01 sec)

Query OK, 0 rows affected (0.01 sec)

Database changed
Query OK, 39860 rows affected (0.80 sec)
Records: 39860  Deleted: 0  Skipped: 0  Warnings: 0

+-------+
| users |
+-------+
| 39860 |
+-------+
1 row in set (0.01 sec)

Query OK, 0 rows affected (0.08 sec)
Records: 0  Duplicates: 0  Warnings: 0

Database changed
Query OK, 0 rows affected (0.03 sec)

Query OK, 0 rows affected (0.01 sec)

Query OK, 1872898 rows affected, 2 warnings (28.56 sec)
Records: 1872898  Deleted: 0  Skipped: 0  Warnings: 2

Query OK, 0 rows affected (4.98 sec)
Records: 0  Duplicates: 0  Warnings: 0

Query OK, 0 rows affected (4.32 sec)
Records: 0  Duplicates: 0  Warnings: 0

Query OK, 0 rows affected (4.49 sec)
Records: 0  Duplicates: 0  Warnings: 0

Query OK, 0 rows affected (3.51 sec)
Records: 0  Duplicates: 0  Warnings: 0

Query OK, 0 rows affected (3.78 sec)
Records: 0  Duplicates: 0  Warnings: 0

+-------------+
| useractions |
+-------------+
|     1872898 |
+-------------+
1 row in set (0.51 sec)

Database changed
Query OK, 0 rows affected (0.09 sec)

Query OK, 0 rows affected (0.01 sec)

Database changed
Query OK, 25559271 rows affected (4 min 27.09 sec)
Records: 25559271  Deleted: 0  Skipped: 0  Warnings: 0

Query OK, 0 rows affected (1 min 5.34 sec)
Records: 0  Duplicates: 0  Warnings: 0

Query OK, 0 rows affected (1 min 3.02 sec)
Records: 0  Duplicates: 0  Warnings: 0

Query OK, 0 rows affected (1 min 3.83 sec)
Records: 0  Duplicates: 0  Warnings: 0

Query OK, 0 rows affected (56.45 sec)
Records: 0  Duplicates: 0  Warnings: 0

Query OK, 0 rows affected (1 min 13.52 sec)
Records: 0  Duplicates: 0  Warnings: 0

+----------+
| ipusage1 |
+----------+
| 25559271 |
+----------+
1 row in set (8.12 sec)

Query OK, 0 rows affected (0.03 sec)

Query OK, 1810558 rows affected (49.27 sec)
Records: 1810558  Duplicates: 0  Warnings: 0

Query OK, 0 rows affected (7.41 sec)
Records: 0  Duplicates: 0  Warnings: 0

Query OK, 0 rows affected (3.84 sec)
Records: 0  Duplicates: 0  Warnings: 0

Query OK, 0 rows affected (5.25 sec)
Records: 0  Duplicates: 0  Warnings: 0

+------------------------------+
| contractsservicepackageprice |
+------------------------------+
|                      1810558 |
+------------------------------+
1 row in set (0.50 sec)

Query OK, 0 rows affected (0.04 sec)

Query OK, 1810782 rows affected (2 min 4.74 sec)
Records: 1810782  Duplicates: 0  Warnings: 0

Query OK, 0 rows affected (7.39 sec)
Records: 0  Duplicates: 0  Warnings: 0

Query OK, 0 rows affected (8.19 sec)
Records: 0  Duplicates: 0  Warnings: 0

Query OK, 0 rows affected (4.81 sec)
Records: 0  Duplicates: 0  Warnings: 0

Query OK, 0 rows affected (8.76 sec)
Records: 0  Duplicates: 0  Warnings: 0

+------------------------------------+
| clientcontractsservicepackageprice |
+------------------------------------+
|                            1810782 |
+------------------------------------+
1 row in set (0.51 sec)

mysql> mysql \. C:\workspace\cloud\code\sql\_DailyScript\currenttime.sql
+---------------------+
| currenttime         |
+---------------------+
| 2020-12-22 09:27:46 |
+---------------------+
1 row in set (0.00 sec)

mysql> 
mysql> mysql \. C:\workspace\cloud\code\sql\_DailyScript\ticket_analysis.sql
Database changed
Query OK, 0 rows affected (0.03 sec)

Query OK, 734409 rows affected (22.39 sec)
Records: 734409  Duplicates: 0  Warnings: 0

Query OK, 0 rows affected (4.44 sec)
Records: 0  Duplicates: 0  Warnings: 0

Query OK, 0 rows affected (1.98 sec)
Records: 0  Duplicates: 0  Warnings: 0

Query OK, 0 rows affected (1.89 sec)
Records: 0  Duplicates: 0  Warnings: 0

Query OK, 0 rows affected (0.01 sec)

Query OK, 23493 rows affected (12.33 sec)
Records: 23493  Duplicates: 0  Warnings: 0

Query OK, 0 rows affected, 1 warning (0.00 sec)

Query OK, 104620 rows affected (6.95 sec)
Records: 104620  Duplicates: 0  Warnings: 0

Query OK, 0 rows affected, 1 warning (0.00 sec)

Query OK, 535030 rows affected (15.43 sec)
Records: 535030  Duplicates: 0  Warnings: 0

Query OK, 0 rows affected, 1 warning (0.00 sec)

Query OK, 535030 rows affected (17.27 sec)
Records: 535030  Duplicates: 0  Warnings: 0

Query OK, 0 rows affected (0.01 sec)

Query OK, 104718 rows affected (5.88 sec)
Records: 104718  Duplicates: 0  Warnings: 0

Database changed
Query OK, 0 rows affected (0.00 sec)

Query OK, 0 rows affected (0.03 sec)

Query OK, 734409 rows affected (22.56 sec)
Records: 734409  Duplicates: 0  Warnings: 0

Query OK, 0 rows affected (0.01 sec)

Query OK, 372305 rows affected (14.57 sec)
Records: 372305  Duplicates: 0  Warnings: 0

+--------------------------+
| clientticket_cmmtjourney |
+--------------------------+
|                   734409 |
+--------------------------+
1 row in set (2.25 sec)

+---------------------------+
| clientticket_assgnjourney |
+---------------------------+
|                    372305 |
+---------------------------+
1 row in set (0.40 sec)

Query OK, 0 rows affected (0.01 sec)

Query OK, 75 rows affected (0.09 sec)
Records: 75  Duplicates: 0  Warnings: 0

mysql> mysql \. C:\workspace\cloud\code\sql\_DailyScript\currenttime.sql
+---------------------+
| currenttime         |
+---------------------+
| 2020-12-22 09:29:54 |
+---------------------+
1 row in set (0.00 sec)

mysql> 
mysql> mysql \. C:\workspace\cloud\code\sql\_DailyScript\load_DailyCalls.sql
Database changed
Query OK, 494 rows affected (0.13 sec)
Records: 494  Deleted: 0  Skipped: 0  Warnings: 0

Query OK, 0 rows affected, 1 warning (0.00 sec)

Query OK, 474 rows affected (0.03 sec)
Records: 474  Duplicates: 0  Warnings: 0

Query OK, 0 rows affected, 1 warning (0.00 sec)

Query OK, 68406 rows affected (0.24 sec)
Records: 68406  Duplicates: 0  Warnings: 0

+----------------------+
| callingclientsbefore |
+----------------------+
|              1065635 |
+----------------------+
1 row in set (0.42 sec)

Query OK, 619 rows affected (9.93 sec)
Records: 619  Duplicates: 0  Warnings: 0

+---------------------+
| callingclientsafter |
+---------------------+
|             1066254 |
+---------------------+
1 row in set (0.28 sec)

Query OK, 0 rows affected (0.01 sec)

Query OK, 315 rows affected (3.78 sec)
Records: 315  Duplicates: 0  Warnings: 0

Query OK, 0 rows affected (0.01 sec)

Query OK, 21270 rows affected (3.23 sec)
Records: 21270  Duplicates: 0  Warnings: 0

+-----------+
| callstats |
+-----------+
|     21270 |
+-----------+
1 row in set (0.01 sec)

Query OK, 0 rows affected, 1 warning (0.00 sec)

Query OK, 619 rows affected (2.66 sec)
Records: 619  Duplicates: 0  Warnings: 0

+------------------------+
| rep_cccallreportbefore |
+------------------------+
|                1066431 |
+------------------------+
1 row in set (0.37 sec)

Query OK, 723 rows affected (0.16 sec)
Records: 723  Duplicates: 0  Warnings: 0

+-----------------------+
| rep_cccallreportafter |
+-----------------------+
|               1067154 |
+-----------------------+
1 row in set (0.28 sec)

Query OK, 0 rows affected (0.01 sec)

mysql> mysql \. C:\workspace\cloud\code\sql\_DailyScript\currenttime.sql
+---------------------+
| currenttime         |
+---------------------+
| 2020-12-22 09:30:16 |
+---------------------+
1 row in set (0.00 sec)

mysql> 
mysql> mysql \. C:\workspace\cloud\code\sql\_DailyScript\DAILY-SCRIPT-USAGE.sql
Database changed
Query OK, 0 rows affected (0.00 sec)

Query OK, 4531 rows affected, 13162 warnings (1.14 sec)
Records: 4531  Deleted: 0  Skipped: 0  Warnings: 13162

Query OK, 0 rows affected (0.00 sec)

Query OK, 6621 rows affected, 19158 warnings (1.36 sec)
Records: 6621  Deleted: 0  Skipped: 0  Warnings: 19158

Query OK, 0 rows affected (0.00 sec)

Query OK, 275 rows affected, 986 warnings (0.04 sec)
Records: 275  Deleted: 0  Skipped: 0  Warnings: 986

Query OK, 0 rows affected (0.00 sec)

Query OK, 190 rows affected, 633 warnings (0.03 sec)
Records: 190  Deleted: 0  Skipped: 0  Warnings: 633

+------------+
| dailyusage |
+------------+
|   15923852 |
+------------+
1 row in set (6.32 sec)

+------------+------------+------------+---------+
| datestart  | dateend    | insertedon | records |
+------------+------------+------------+---------+
| 2020-12-21 | 2020-12-21 | 2020-12-22 |   11617 |
| 2020-12-20 | 2020-12-20 | 2020-12-21 |   10329 |
| 2020-12-19 | 2020-12-19 | 2020-12-20 |   10419 |
| 2020-12-18 | 2020-12-18 | 2020-12-20 |   10508 |
| 2020-12-17 | 2020-12-17 | 2020-12-18 |   10845 |
+------------+------------+------------+---------+
5 rows in set (33.52 sec)

+----------+------------+------------+------------+---------+
| category | datestart  | dateend    | insertedon | records |
+----------+------------+------------+------------+---------+
| UNCAPPED | 2020-12-21 | 2020-12-21 | 2020-12-22 |    6621 |
| PREPAID  | 2020-12-21 | 2020-12-21 | 2020-12-22 |     275 |
| HOTSPOT  | 2020-12-21 | 2020-12-21 | 2020-12-22 |     190 |
| CAPPED   | 2020-12-21 | 2020-12-21 | 2020-12-22 |    4531 |
| UNCAPPED | 2020-12-20 | 2020-12-20 | 2020-12-21 |    5835 |
| PREPAID  | 2020-12-20 | 2020-12-20 | 2020-12-21 |     291 |
| HOTSPOT  | 2020-12-20 | 2020-12-20 | 2020-12-21 |     128 |
| CAPPED   | 2020-12-20 | 2020-12-20 | 2020-12-21 |    4075 |
| UNCAPPED | 2020-12-19 | 2020-12-19 | 2020-12-20 |    5874 |
| PREPAID  | 2020-12-19 | 2020-12-19 | 2020-12-20 |     272 |
| HOTSPOT  | 2020-12-19 | 2020-12-19 | 2020-12-20 |     162 |
| CAPPED   | 2020-12-19 | 2020-12-19 | 2020-12-20 |    4111 |
| UNCAPPED | 2020-12-18 | 2020-12-18 | 2020-12-20 |    5911 |
| PREPAID  | 2020-12-18 | 2020-12-18 | 2020-12-20 |     283 |
| HOTSPOT  | 2020-12-18 | 2020-12-18 | 2020-12-20 |     159 |
| CAPPED   | 2020-12-18 | 2020-12-18 | 2020-12-20 |    4155 |
| UNCAPPED | 2020-12-17 | 2020-12-17 | 2020-12-18 |    6106 |
| PREPAID  | 2020-12-17 | 2020-12-17 | 2020-12-18 |     284 |
| HOTSPOT  | 2020-12-17 | 2020-12-17 | 2020-12-18 |     177 |
| CAPPED   | 2020-12-17 | 2020-12-17 | 2020-12-18 |    4278 |
+----------+------------+------------+------------+---------+
20 rows in set (23.85 sec)

mysql> mysql \. C:\workspace\cloud\code\sql\_DailyScript\currenttime.sql
+---------------------+
| currenttime         |
+---------------------+
| 2020-12-22 09:31:22 |
+---------------------+
1 row in set (0.00 sec)

mysql> 
mysql> mysql \. C:\workspace\cloud\code\sql\_DailyScript\DAILY-SCRIPT-SALES-TELEMETRY.sql
Database changed
Query OK, 194 rows affected, 90 warnings (0.04 sec)
Records: 194  Deleted: 0  Skipped: 0  Warnings: 90

+------------+
| dailysales |
+------------+
|     218278 |
+------------+
1 row in set (0.24 sec)

Query OK, 0 rows affected (0.01 sec)

Query OK, 218278 rows affected (13.59 sec)
Records: 218278  Duplicates: 0  Warnings: 0

+--------+
| sales  |
+--------+
| 218278 |
+--------+
1 row in set (0.22 sec)

Query OK, 0 rows affected (0.01 sec)

Query OK, 3555 rows affected (0.35 sec)
Records: 3555  Duplicates: 0  Warnings: 0

+----------------+
| rep_dailysales |
+----------------+
|           3555 |
+----------------+
1 row in set (0.00 sec)

Query OK, 0 rows affected (0.01 sec)

Query OK, 3555 rows affected (0.56 sec)
Records: 3555  Duplicates: 0  Warnings: 0

+-------------------+
| rep_dailysalesreg |
+-------------------+
|              3555 |
+-------------------+
1 row in set (0.00 sec)

Query OK, 0 rows affected (0.01 sec)

Query OK, 2852 rows affected (0.70 sec)
Records: 2852  Duplicates: 0  Warnings: 0

+-----------+
| saleslist |
+-----------+
|      2852 |
+-----------+
1 row in set (0.00 sec)

Database changed
ERROR 2 (HY000): File 'C:\ProgramData\MySQL\MySQL Server 5.7\Uploads\_csv\PrepaidCardSales-21122020-P1.csv' not found (Errcode: 2 - No such file or directory)
+------------------+
| dailysinglesales |
+------------------+
|             6430 |
+------------------+
1 row in set (0.01 sec)

Database changed
Query OK, 10 rows affected (0.02 sec)
Records: 10  Deleted: 0  Skipped: 0  Warnings: 0

+-----------------+
| dailyaddonsales |
+-----------------+
|           21432 |
+-----------------+
1 row in set (0.04 sec)

Query OK, 328 rows affected (0.10 sec)
Records: 328  Deleted: 0  Skipped: 0  Warnings: 0

+----------------+
| onlinepayments |
+----------------+
|         144307 |
+----------------+
1 row in set (0.11 sec)

+-------------+----------------+---------------------+
| paymentdate | onlinepayments | onlinepaymentamount |
+-------------+----------------+---------------------+
| 2020-12-21  |            328 |        213919.23000 |
| 2020-12-20  |            211 |        142083.30000 |
| 2020-12-19  |            204 |        120958.02000 |
| 2020-12-18  |            219 |        132649.32000 |
| 2020-12-17  |            222 |        129571.65000 |
+-------------+----------------+---------------------+
5 rows in set (0.58 sec)

+-------------+--------------+----------------+---------------------+
| paymentyear | paymentmonth | onlinepayments | onlinepaymentamount |
+-------------+--------------+----------------+---------------------+
|        2020 |           12 |           4278 |       2797486.88000 |
|        2020 |           11 |           6424 |       4163507.90000 |
|        2020 |           10 |           6965 |       4508008.17000 |
|        2020 |            9 |           6132 |       3998941.54000 |
|        2020 |            8 |           6240 |       4098025.79000 |
+-------------+--------------+----------------+---------------------+
5 rows in set (0.14 sec)

mysql> mysql \. C:\workspace\cloud\code\sql\_DailyScript\currenttime.sql
+---------------------+
| currenttime         |
+---------------------+
| 2020-12-22 09:31:39 |
+---------------------+
1 row in set (0.00 sec)

mysql> 
mysql> mysql \. C:\workspace\cloud\code\sql\_DailyScript\DAILY-SCRIPT-ACTIVENUMBERS.sql
Database changed
Query OK, 1167 rows affected (0.52 sec)
Records: 1167  Deleted: 0  Skipped: 0  Warnings: 0

+------------+----------+
| period     | count(1) |
+------------+----------+
| 2020-12-21 |     1167 |
| 2020-12-20 |     1170 |
| 2020-12-19 |     1170 |
| 2020-12-18 |     1170 |
| 2020-12-17 |     1171 |
+------------+----------+
5 rows in set (0.01 sec)

Query OK, 0 rows affected (0.01 sec)

Query OK, 79 rows affected (1.40 sec)
Records: 79  Duplicates: 0  Warnings: 0

+-------------+
| packagelist |
+-------------+
|          79 |
+-------------+
1 row in set (0.00 sec)

Database changed
Query OK, 0 rows affected (0.01 sec)

Query OK, 0 rows affected (0.00 sec)

Query OK, 0 rows affected (0.00 sec)

Query OK, 0 rows affected (0.00 sec)

Query OK, 28262 rows affected, 214 warnings (19.99 sec)
Records: 28262  Deleted: 0  Skipped: 0  Warnings: 214

+------------+----------+
| period     | count(1) |
+------------+----------+
| 2020-12-21 |    28262 |
| 2020-12-20 |    28097 |
| 2020-12-19 |    28232 |
| 2020-12-18 |    28263 |
| 2020-12-17 |    28134 |
+------------+----------+
5 rows in set (0.13 sec)

Query OK, 0 rows affected (0.05 sec)

Query OK, 27689 rows affected (48.87 sec)
Records: 27689  Duplicates: 0  Warnings: 0

Query OK, 0 rows affected (0.14 sec)
Records: 0  Duplicates: 0  Warnings: 0

Query OK, 0 rows affected (0.11 sec)
Records: 0  Duplicates: 0  Warnings: 0

Query OK, 0 rows affected (0.10 sec)
Records: 0  Duplicates: 0  Warnings: 0

Query OK, 0 rows affected (0.08 sec)
Records: 0  Duplicates: 0  Warnings: 0

Query OK, 0 rows affected (0.07 sec)
Records: 0  Duplicates: 0  Warnings: 0

Query OK, 0 rows affected (0.09 sec)
Records: 0  Duplicates: 0  Warnings: 0

+-------------+
| countbefore |
+-------------+
|    41806111 |
+-------------+
1 row in set (16.67 sec)

Query OK, 27689 rows affected (5.55 sec)
Records: 27689  Duplicates: 0  Warnings: 0

+------------+
| countafter |
+------------+
|   41833800 |
+------------+
1 row in set (13.64 sec)

+------------+--------------------------+
| period     | customercontractactivity |
+------------+--------------------------+
| 2020-12-21 |                    27689 |
| 2020-12-20 |                    27524 |
| 2020-12-19 |                    27658 |
| 2020-12-18 |                    27689 |
| 2020-12-17 |                    27560 |
+------------+--------------------------+
5 rows in set (0.06 sec)

Query OK, 0 rows affected (0.05 sec)

Query OK, 288239 rows affected (7 min 45.86 sec)
Records: 288239  Duplicates: 0  Warnings: 0

Query OK, 0 rows affected (0.97 sec)
Records: 0  Duplicates: 0  Warnings: 0

Query OK, 0 rows affected (1.08 sec)
Records: 0  Duplicates: 0  Warnings: 0

Query OK, 0 rows affected (1.04 sec)
Records: 0  Duplicates: 0  Warnings: 0

Query OK, 0 rows affected (0.01 sec)

Query OK, 235 rows affected (0.41 sec)
Records: 235  Duplicates: 0  Warnings: 0

Query OK, 0 rows affected (0.01 sec)

Query OK, 2672 rows affected (0.56 sec)
Records: 2672  Duplicates: 0  Warnings: 0

Query OK, 0 rows affected (0.01 sec)

Query OK, 27665 rows affected (0.52 sec)
Records: 27665  Duplicates: 0  Warnings: 0

Query OK, 0 rows affected (0.02 sec)

Query OK, 17316 rows affected (0.37 sec)
Records: 17316  Duplicates: 0  Warnings: 0

Query OK, 0 rows affected (0.01 sec)

Query OK, 17316 rows affected (0.13 sec)
Records: 17316  Duplicates: 0  Warnings: 0

Query OK, 0 rows affected (0.02 sec)

Query OK, 17316 rows affected (1.06 sec)
Records: 17316  Duplicates: 0  Warnings: 0

Query OK, 0 rows affected (0.01 sec)

Query OK, 17316 rows affected (43.94 sec)
Records: 17316  Duplicates: 0  Warnings: 0

+-------------+
| clientstats |
+-------------+
|       17316 |
+-------------+
1 row in set (0.01 sec)

Query OK, 0 rows affected (0.01 sec)

Query OK, 14 rows affected, 1 warning (0.09 sec)
Records: 14  Duplicates: 0  Warnings: 1

+-----------------------+-------------+-------------+----------------+-----------------+
| services              | activecount | allaccounts | uniqueaccounts | uniquecontracts |
+-----------------------+-------------+-------------+----------------+-----------------+
| All                   |         362 |          61 |             61 |             194 |
| Internet & OTT        |           2 |           1 |              1 |               2 |
| Internet & Voice      |         368 |         166 |            165 |             324 |
| Internet Only         |        4400 |        4278 |           4270 |            4321 |
| OTT Only              |           1 |           1 |              1 |               1 |
| TV & Internet         |        9519 |        4312 |           4304 |            8767 |
| TV & Internet & OTT   |        3313 |         849 |            846 |            1767 |
| TV & Internet & Voice |         548 |         161 |            161 |             495 |
| TV & OTT              |         530 |          78 |             77 |              96 |
| TV & Voice            |          82 |          37 |             37 |              75 |
| TV & Voice & OTT      |           3 |           1 |              1 |               2 |
| TV Only               |        9107 |        7242 |           7232 |            7449 |
| Voice Only            |         131 |         129 |            129 |             131 |
| GRAND TOTAL           |       28366 |       17316 |          17239 |           23624 |
+-----------------------+-------------+-------------+----------------+-----------------+
14 rows in set (0.00 sec)

+-------------+-------------+-------------+----------------+-----------------+
| network     | activecount | allaccounts | uniqueaccounts | uniquecontracts |
+-------------+-------------+-------------+----------------+-----------------+
| GPON        |       10399 |        5303 |           5300 |            8271 |
| HFC         |       17967 |       12013 |          12013 |           15353 |
| GRAND TOTAL |       28366 |       17316 |          17239 |           23624 |
+-------------+-------------+-------------+----------------+-----------------+
3 rows in set, 1 warning (0.11 sec)

+-------------+-----------------------+-------------+-------------+----------------+-----------------+
| network     | services              | activecount | allaccounts | uniqueaccounts | uniquecontracts |
+-------------+-----------------------+-------------+-------------+----------------+-----------------+
| GPON        | All                   |         220 |          39 |             39 |             122 |
| GPON        | Internet & OTT        |           2 |           1 |              1 |               2 |
| GPON        | Internet & Voice      |          74 |          31 |             31 |              64 |
| GPON        | Internet Only         |        1291 |        1189 |           1189 |            1215 |
| GPON        | TV & Internet         |        4315 |        1912 |           1912 |            3920 |
| GPON        | TV & Internet & OTT   |        1973 |         499 |            499 |            1046 |
| GPON        | TV & Internet & Voice |         250 |          70 |             70 |             219 |
| GPON        | TV & OTT              |         292 |          42 |             42 |              48 |
| GPON        | TV & Voice            |          54 |          24 |             24 |              49 |
| GPON        | TV Only               |        1914 |        1483 |           1483 |            1572 |
| GPON        | Voice Only            |          14 |          13 |             13 |              14 |
| GPON        | Services Total        |       10399 |        5303 |           5300 |            8271 |
| HFC         | All                   |         142 |          22 |             22 |              72 |
| HFC         | Internet & Voice      |         294 |         135 |            135 |             260 |
| HFC         | Internet Only         |        3109 |        3089 |           3089 |            3106 |
| HFC         | OTT Only              |           1 |           1 |              1 |               1 |
| HFC         | TV & Internet         |        5204 |        2400 |           2400 |            4847 |
| HFC         | TV & Internet & OTT   |        1340 |         350 |            350 |             721 |
| HFC         | TV & Internet & Voice |         298 |          91 |             91 |             276 |
| HFC         | TV & OTT              |         238 |          36 |             36 |              48 |
| HFC         | TV & Voice            |          28 |          13 |             13 |              26 |
| HFC         | TV & Voice & OTT      |           3 |           1 |              1 |               2 |
| HFC         | TV Only               |        7193 |        5759 |           5759 |            5877 |
| HFC         | Voice Only            |         117 |         116 |            116 |             117 |
| HFC         | Services Total        |       17967 |       12013 |          12013 |           15353 |
| GRAND TOTAL | Services Total        |       28366 |       17316 |          17239 |           23624 |
+-------------+-----------------------+-------------+-------------+----------------+-----------------+
26 rows in set, 2 warnings (0.12 sec)

Query OK, 0 rows affected (0.01 sec)

Query OK, 44 rows affected, 3 warnings (0.18 sec)
Records: 44  Duplicates: 0  Warnings: 3

+-------------+---------------+-----------------------+-------------+-------------+----------------+-----------------+
| region      | network       | services              | activecount | allaccounts | uniqueaccounts | uniquecontracts |
+-------------+---------------+-----------------------+-------------+-------------+----------------+-----------------+
| Eden Island | GPON          | TV & Internet         |           2 |           1 |              1 |               2 |
| Eden Island | GPON          | Services Total        |           2 |           1 |              1 |               2 |
| Eden Island | Network Total | Services Total        |           2 |           1 |              1 |               2 |
| Mahe        | GPON          | All                   |         195 |          35 |             35 |             110 |
| Mahe        | GPON          | Internet & OTT        |           2 |           1 |              1 |               2 |
| Mahe        | GPON          | Internet & Voice      |          64 |          26 |             26 |              54 |
| Mahe        | GPON          | Internet Only         |        1062 |         960 |            960 |             986 |
| Mahe        | GPON          | TV & Internet         |        3544 |        1564 |           1564 |            3203 |
| Mahe        | GPON          | TV & Internet & OTT   |        1553 |         383 |            383 |             803 |
| Mahe        | GPON          | TV & Internet & Voice |         234 |          65 |             65 |             203 |
| Mahe        | GPON          | TV & OTT              |         267 |          33 |             33 |              39 |
| Mahe        | GPON          | TV & Voice            |          54 |          24 |             24 |              49 |
| Mahe        | GPON          | TV Only               |        1537 |        1178 |           1178 |            1249 |
| Mahe        | GPON          | Voice Only            |          11 |          10 |             10 |              11 |
| Mahe        | GPON          | Services Total        |        8523 |        4279 |           4279 |            6709 |
| Mahe        | HFC           | All                   |         142 |          22 |             22 |              72 |
| Mahe        | HFC           | Internet & Voice      |         294 |         135 |            135 |             260 |
| Mahe        | HFC           | Internet Only         |        3108 |        3088 |           3088 |            3105 |
| Mahe        | HFC           | OTT Only              |           1 |           1 |              1 |               1 |
| Mahe        | HFC           | TV & Internet         |        5204 |        2400 |           2400 |            4847 |
| Mahe        | HFC           | TV & Internet & OTT   |        1340 |         350 |            350 |             721 |
| Mahe        | HFC           | TV & Internet & Voice |         298 |          91 |             91 |             276 |
| Mahe        | HFC           | TV & OTT              |         238 |          36 |             36 |              48 |
| Mahe        | HFC           | TV & Voice            |          28 |          13 |             13 |              26 |
| Mahe        | HFC           | TV & Voice & OTT      |           3 |           1 |              1 |               2 |
| Mahe        | HFC           | TV Only               |        7190 |        5757 |           5757 |            5875 |
| Mahe        | HFC           | Voice Only            |         117 |         116 |            116 |             117 |
| Mahe        | HFC           | Services Total        |       17963 |       12010 |          12010 |           15350 |
| Mahe        | Network Total | Services Total        |       26486 |       16289 |          16215 |           22059 |
| Praslin     | GPON          | All                   |          25 |           4 |              4 |              12 |
| Praslin     | GPON          | Internet & Voice      |          10 |           5 |              5 |              10 |
| Praslin     | GPON          | Internet Only         |         229 |         229 |            229 |             229 |
| Praslin     | GPON          | TV & Internet         |         769 |         347 |            347 |             715 |
| Praslin     | GPON          | TV & Internet & OTT   |         420 |         116 |            116 |             243 |
| Praslin     | GPON          | TV & Internet & Voice |          16 |           5 |              5 |              16 |
| Praslin     | GPON          | TV & OTT              |          25 |           9 |              9 |               9 |
| Praslin     | GPON          | TV Only               |         377 |         305 |            305 |             323 |
| Praslin     | GPON          | Voice Only            |           3 |           3 |              3 |               3 |
| Praslin     | GPON          | Services Total        |        1874 |        1023 |           1023 |            1560 |
| Praslin     | HFC           | Internet Only         |           1 |           1 |              1 |               1 |
| Praslin     | HFC           | TV Only               |           3 |           2 |              2 |               2 |
| Praslin     | HFC           | Services Total        |           4 |           3 |              3 |               3 |
| Praslin     | Network Total | Services Total        |        1878 |        1026 |           1026 |            1563 |
| GRAND TOTAL | Network Total | Services Total        |       28366 |       17316 |          17239 |           23624 |
+-------------+---------------+-----------------------+-------------+-------------+----------------+-----------------+
44 rows in set (0.00 sec)

Query OK, 0 rows affected (0.01 sec)

Query OK, 27666 rows affected (0.40 sec)
Records: 27666  Duplicates: 0  Warnings: 0

Query OK, 0 rows affected (0.01 sec)

Query OK, 2217 rows affected (1.58 sec)
Records: 2217  Duplicates: 0  Warnings: 0

+--------------------------------------+
| message                              |
+--------------------------------------+
| running rcbill_my.sp_ActiveNumber2() |
+--------------------------------------+
1 row in set (0.00 sec)

Query OK, 365 rows affected (1 min 54.25 sec)

mysql> mysql \. C:\workspace\cloud\code\sql\_DailyScript\currenttime.sql
+---------------------+
| currenttime         |
+---------------------+
| 2020-12-22 09:44:00 |
+---------------------+
1 row in set (0.00 sec)

mysql> 
mysql> mysql \. C:\workspace\cloud\code\sql\_DailyScript\GetActiveNumbers Average -Pivot.sql
Database changed
+-------------------------------------+
| @today := subdate(current_date(),1) |
+-------------------------------------+
| 2020-12-21                          |
+-------------------------------------+
1 row in set (0.00 sec)

+-------------------------------------+
| @lastdayofmonth := last_day(@today) |
+-------------------------------------+
| 2020-12-31                          |
+-------------------------------------+
1 row in set (0.00 sec)

Query OK, 0 rows affected (0.02 sec)

Query OK, 43995 rows affected, 65535 warnings (52.85 sec)
Records: 43995  Duplicates: 0  Warnings: 90612

Query OK, 0 rows affected (0.10 sec)
Records: 0  Duplicates: 0  Warnings: 0

Query OK, 0 rows affected (0.12 sec)
Records: 0  Duplicates: 0  Warnings: 0

Query OK, 0 rows affected (0.10 sec)
Records: 0  Duplicates: 0  Warnings: 0

+-----------------+
| activenumberavg |
+-----------------+
|           43995 |
+-----------------+
1 row in set (0.01 sec)

Query OK, 0 rows affected (0.01 sec)

Query OK, 1933 rows affected (0.52 sec)
Records: 1933  Duplicates: 0  Warnings: 0

+---------------------+
| rep_activenumberavg |
+---------------------+
|                1933 |
+---------------------+
1 row in set (0.00 sec)

+----------------------+
| rep_activenumberavg1 |
+----------------------+
|                  903 |
+----------------------+
1 row in set (0.00 sec)

Query OK, 0 rows affected (0.01 sec)

Query OK, 2300 rows affected (0.41 sec)
Records: 2300  Duplicates: 0  Warnings: 0

Query OK, 0 rows affected (0.01 sec)

Query OK, 11802 rows affected (0.73 sec)
Records: 11802  Duplicates: 0  Warnings: 0

Query OK, 0 rows affected (0.00 sec)

Query OK, 0 rows affected (0.00 sec)

Query OK, 0 rows affected (0.01 sec)

Query OK, 0 rows affected (0.00 sec)

Query OK, 0 rows affected (0.00 sec)
Statement prepared

Query OK, 53 rows affected (0.04 sec)
Records: 53  Duplicates: 0  Warnings: 0

Query OK, 0 rows affected (0.00 sec)

Query OK, 0 rows affected (0.00 sec)

+----------------------+
| rep_activenumberavg2 |
+----------------------+
|                 2300 |
+----------------------+
1 row in set (0.00 sec)

+------------------------+
| rep_activenumberavg_pv |
+------------------------+
|                     53 |
+------------------------+
1 row in set (0.00 sec)

Query OK, 0 rows affected (0.01 sec)

Query OK, 2299 rows affected (0.34 sec)
Records: 2299  Duplicates: 0  Warnings: 0

Query OK, 0 rows affected (0.00 sec)

Query OK, 0 rows affected (0.00 sec)

Query OK, 0 rows affected (0.01 sec)

Query OK, 0 rows affected (0.00 sec)

Query OK, 0 rows affected (0.00 sec)
Statement prepared

Query OK, 53 rows affected (0.05 sec)
Records: 53  Duplicates: 0  Warnings: 0

Query OK, 0 rows affected (0.00 sec)

Query OK, 0 rows affected (0.00 sec)

+-------------------------+
| rep_activenumberavgMahe |
+-------------------------+
|                    2299 |
+-------------------------+
1 row in set (0.00 sec)

+----------------------------+
| rep_activenumberavgMahe_pv |
+----------------------------+
|                         53 |
+----------------------------+
1 row in set (0.00 sec)

Query OK, 0 rows affected (0.01 sec)

Query OK, 1464 rows affected (0.15 sec)
Records: 1464  Duplicates: 0  Warnings: 0

Query OK, 0 rows affected (0.00 sec)

Query OK, 0 rows affected (0.00 sec)

Query OK, 0 rows affected (0.01 sec)

Query OK, 0 rows affected (0.00 sec)

Query OK, 0 rows affected (0.00 sec)
Statement prepared

Query OK, 40 rows affected (0.03 sec)
Records: 40  Duplicates: 0  Warnings: 0

Query OK, 0 rows affected (0.00 sec)

Query OK, 0 rows affected (0.00 sec)

+----------------------------+
| rep_activenumberavgPraslin |
+----------------------------+
|                       1464 |
+----------------------------+
1 row in set (0.00 sec)

+-------------------------------+
| rep_activenumberavgPraslin_pv |
+-------------------------------+
|                            40 |
+-------------------------------+
1 row in set (0.00 sec)

mysql> mysql \. C:\workspace\cloud\code\sql\_DailyScript\currenttime.sql
+---------------------+
| currenttime         |
+---------------------+
| 2020-12-22 09:44:55 |
+---------------------+
1 row in set (0.00 sec)

mysql> 
mysql> mysql \. C:\workspace\cloud\code\sql\_DailyScript\budget_actual_analysis_2020.sql
Query OK, 0 rows affected (0.01 sec)

Query OK, 1046 rows affected, 3 warnings (0.26 sec)
Records: 1046  Duplicates: 0  Warnings: 3

+--------------------+
| budget_actual_2020 |
+--------------------+
|               1046 |
+--------------------+
1 row in set (0.00 sec)

Query OK, 0 rows affected (0.01 sec)

Query OK, 48 rows affected (0.04 sec)
Records: 48  Duplicates: 0  Warnings: 0

+---------------------------+
| rep_budget_actual_2020_pv |
+---------------------------+
|                        48 |
+---------------------------+
1 row in set (0.00 sec)

mysql> mysql \. C:\workspace\cloud\code\sql\_DailyScript\currenttime.sql
+---------------------+
| currenttime         |
+---------------------+
| 2020-12-22 09:44:56 |
+---------------------+
1 row in set (0.00 sec)

mysql> 
mysql> mysql \. C:\workspace\cloud\code\sql\_DailyScript\reports-sales-addons-prepaid-camera.sql
Database changed
Query OK, 0 rows affected (0.01 sec)

Query OK, 4216 rows affected (0.19 sec)
Records: 4216  Duplicates: 0  Warnings: 0

Query OK, 0 rows affected (0.01 sec)

Query OK, 21476 rows affected (16.51 sec)
Records: 21476  Duplicates: 0  Warnings: 0

+--------------------+
| rep_prepaid_camera |
+--------------------+
|               4216 |
+--------------------+
1 row in set (0.01 sec)

+-----------+
| rep_addon |
+-----------+
|     21476 |
+-----------+
1 row in set (0.01 sec)

mysql> mysql \. C:\workspace\cloud\code\sql\_DailyScript\currenttime.sql
+---------------------+
| currenttime         |
+---------------------+
| 2020-12-22 09:45:12 |
+---------------------+
1 row in set (0.00 sec)

mysql> 
mysql> mysql \. C:\workspace\cloud\code\sql\_DailyScript\RCB_ClientAnalyticsReport_Script.sql
Database changed
Query OK, 0 rows affected (0.00 sec)

Query OK, 0 rows affected (0.07 sec)

Query OK, 2004576 rows affected (1 min 13.99 sec)
Records: 2004576  Duplicates: 0  Warnings: 0

Query OK, 0 rows affected (5.81 sec)
Records: 0  Duplicates: 0  Warnings: 0

Query OK, 0 rows affected (4.70 sec)
Records: 0  Duplicates: 0  Warnings: 0

Query OK, 0 rows affected (7.81 sec)
Records: 0  Duplicates: 0  Warnings: 0

Query OK, 0 rows affected (8.13 sec)
Records: 0  Duplicates: 0  Warnings: 0

Query OK, 0 rows affected (9.04 sec)
Records: 0  Duplicates: 0  Warnings: 0

Query OK, 0 rows affected (7.25 sec)
Records: 0  Duplicates: 0  Warnings: 0

Query OK, 0 rows affected (0.00 sec)

Query OK, 499391 rows affected (18.49 sec)
Rows matched: 2004576  Changed: 499391  Warnings: 0

Query OK, 0 rows affected (0.01 sec)

Query OK, 28551 rows affected (4.56 sec)
Records: 28551  Duplicates: 0  Warnings: 0

+---------------------+
| clientcontractssubs |
+---------------------+
|               28551 |
+---------------------+
1 row in set (0.01 sec)

Query OK, 0 rows affected (0.01 sec)

Query OK, 44455 rows affected (10 min 30.60 sec)
Records: 44455  Duplicates: 0  Warnings: 0

Query OK, 0 rows affected (0.17 sec)
Records: 0  Duplicates: 0  Warnings: 0

Query OK, 0 rows affected (0.14 sec)
Records: 0  Duplicates: 0  Warnings: 0

Query OK, 0 rows affected (0.10 sec)
Records: 0  Duplicates: 0  Warnings: 0

+-----------------------+
| clientcontracthistory |
+-----------------------+
|                 44455 |
+-----------------------+
1 row in set (0.01 sec)

Query OK, 0 rows affected (0.02 sec)

Query OK, 2698027 rows affected (1 min 20.89 sec)
Records: 2698027  Duplicates: 0  Warnings: 0

Query OK, 0 rows affected (0.04 sec)

Query OK, 468615 rows affected (6 min 23.16 sec)
Records: 468615  Duplicates: 0  Warnings: 0

Query OK, 0 rows affected (1.62 sec)
Records: 0  Duplicates: 0  Warnings: 0

Query OK, 0 rows affected (0.76 sec)
Records: 0  Duplicates: 0  Warnings: 0

Query OK, 0 rows affected (1.70 sec)
Records: 0  Duplicates: 0  Warnings: 0

Query OK, 0 rows affected (0.83 sec)
Records: 0  Duplicates: 0  Warnings: 0

+--------------------------+
| clientcontractinvpmt_stg |
+--------------------------+
|                   468615 |
+--------------------------+
1 row in set (0.13 sec)

Query OK, 0 rows affected (0.03 sec)

Query OK, 468615 rows affected (12.52 sec)
Records: 468615  Duplicates: 0  Warnings: 0

Query OK, 0 rows affected (1.94 sec)
Records: 0  Duplicates: 0  Warnings: 0

Query OK, 0 rows affected (0.83 sec)
Records: 0  Duplicates: 0  Warnings: 0

Query OK, 0 rows affected (1.70 sec)
Records: 0  Duplicates: 0  Warnings: 0

Query OK, 0 rows affected (0.84 sec)
Records: 0  Duplicates: 0  Warnings: 0

+----------------------+
| clientcontractinvpmt |
+----------------------+
|               468615 |
+----------------------+
1 row in set (0.13 sec)

Query OK, 0 rows affected (0.01 sec)

Query OK, 44455 rows affected (1 min 23.22 sec)
Records: 44455  Duplicates: 0  Warnings: 0

+--------------+
| clientreport |
+--------------+
|        44455 |
+--------------+
1 row in set (0.02 sec)

Query OK, 0 rows affected (0.01 sec)

Query OK, 44455 rows affected (5.72 sec)
Records: 44455  Duplicates: 0  Warnings: 0

+----------------------+
| clientextendedreport |
+----------------------+
|                44455 |
+----------------------+
1 row in set (0.01 sec)

Query OK, 0 rows affected (0.01 sec)

Query OK, 44455 rows affected (1 min 3.12 sec)
Records: 44455  Duplicates: 0  Warnings: 0

+---------+
| allcust |
+---------+
|   44455 |
+---------+
1 row in set (0.01 sec)

Query OK, 0 rows affected, 1 warning (0.00 sec)

Query OK, 5000 rows affected (0.14 sec)
Records: 5000  Duplicates: 0  Warnings: 0

Query OK, 0 rows affected (0.01 sec)

Query OK, 6854 rows affected (0.29 sec)
Records: 6854  Duplicates: 0  Warnings: 0

Query OK, 0 rows affected, 1 warning (0.00 sec)

Query OK, 5000 rows affected (0.13 sec)
Records: 5000  Duplicates: 0  Warnings: 0

Query OK, 0 rows affected (0.01 sec)

Query OK, 7286 rows affected (0.17 sec)
Records: 7286  Duplicates: 0  Warnings: 0

mysql> mysql \. C:\workspace\cloud\code\sql\_DailyScript\currenttime.sql
+---------------------+
| currenttime         |
+---------------------+
| 2020-12-22 10:08:43 |
+---------------------+
1 row in set (0.00 sec)

mysql> 
mysql> 
mysql> mysql \. C:\workspace\cloud\code\sql\_DailyScript\REVENUE_PER_NODE_MXK.sql
Query OK, 0 rows affected (0.01 sec)

Query OK, 0 rows affected (0.02 sec)

Query OK, 0 rows affected (0.01 sec)

Query OK, 7178 rows affected (2.30 sec)
Records: 7178  Duplicates: 0  Warnings: 0

+----------------------+
| message              |
+----------------------+
| created temp table a |
+----------------------+
1 row in set (0.00 sec)

Query OK, 6786 rows affected (0.99 sec)
Records: 6786  Duplicates: 0  Warnings: 0

+----------------------+
| message              |
+----------------------+
| created temp table b |
+----------------------+
1 row in set (0.00 sec)

Query OK, 0 rows affected, 1 warning (0.00 sec)

Query OK, 7485 rows affected (18.16 sec)
Records: 7485  Duplicates: 0  Warnings: 0

+--------------------------------+
| message                        |
+--------------------------------+
| created rcbill_my.tempcustmxk1 |
+--------------------------------+
1 row in set (0.00 sec)

Query OK, 0 rows affected (0.01 sec)

Query OK, 0 rows affected (0.00 sec)

Query OK, 0 rows affected, 1 warning (0.00 sec)

Query OK, 7178 rows affected (1.60 sec)
Records: 7178  Duplicates: 0  Warnings: 0

+----------------+
| message        |
+----------------+
| created temp a |
+----------------+
1 row in set (0.00 sec)

Query OK, 6786 rows affected (0.82 sec)
Records: 6786  Duplicates: 0  Warnings: 0

+----------------+
| message        |
+----------------+
| created temp b |
+----------------+
1 row in set (0.00 sec)

Query OK, 0 rows affected, 1 warning (0.00 sec)

Query OK, 6886 rows affected (10.15 sec)
Records: 6886  Duplicates: 0  Warnings: 0

+--------------------------------+
| message                        |
+--------------------------------+
| created rcbill_my.tempcustmxk2 |
+--------------------------------+
1 row in set (0.00 sec)

Query OK, 0 rows affected (0.21 sec)

Query OK, 0 rows affected (0.01 sec)

Query OK, 0 rows affected, 1 warning (0.00 sec)

Query OK, 0 rows affected (0.01 sec)

Query OK, 8376 rows affected (0.38 sec)
Records: 8376  Duplicates: 0  Warnings: 0

+---------------------------------+
| message                         |
+---------------------------------+
| created rcbill_my.customers_mxk |
+---------------------------------+
1 row in set (0.00 sec)

Query OK, 0 rows affected (0.01 sec)

Query OK, 0 rows affected (0.01 sec)

Query OK, 14361 rows affected (5.68 sec)
Records: 14361  Duplicates: 0  Warnings: 0

+----------------+
| message        |
+----------------+
| created temp a |
+----------------+
1 row in set (0.00 sec)

Query OK, 19193 rows affected (1.71 sec)
Records: 19193  Duplicates: 0  Warnings: 0

+----------------+
| message        |
+----------------+
| created temp c |
+----------------+
1 row in set (0.00 sec)

Query OK, 0 rows affected, 1 warning (0.00 sec)

Query OK, 27229 rows affected (0.30 sec)
Records: 27229  Duplicates: 0  Warnings: 0

+---------------------------------+
| message                         |
+---------------------------------+
| created rcbill_my.tempcustcmts1 |
+---------------------------------+
1 row in set (0.00 sec)

Query OK, 0 rows affected (0.01 sec)

Query OK, 0 rows affected, 1 warning (0.00 sec)

Query OK, 0 rows affected (0.01 sec)

Query OK, 14361 rows affected (5.69 sec)
Records: 14361  Duplicates: 0  Warnings: 0

+----------------+
| message        |
+----------------+
| created temp a |
+----------------+
1 row in set (0.00 sec)

Query OK, 19193 rows affected (1.74 sec)
Records: 19193  Duplicates: 0  Warnings: 0

+----------------+
| message        |
+----------------+
| created temp c |
+----------------+
1 row in set (0.00 sec)

Query OK, 0 rows affected, 1 warning (0.00 sec)

Query OK, 19797 rows affected (0.26 sec)
Records: 19797  Duplicates: 0  Warnings: 0

+---------------------------------+
| message                         |
+---------------------------------+
| created rcbill_my.tempcustcmts2 |
+---------------------------------+
1 row in set (0.00 sec)

Query OK, 0 rows affected (0.01 sec)

Query OK, 0 rows affected, 1 warning (0.00 sec)

Query OK, 0 rows affected (0.01 sec)

Query OK, 0 rows affected (0.01 sec)

Query OK, 14454 rows affected (0.95 sec)
Records: 14454  Duplicates: 0  Warnings: 0

+----------------------------------+
| message                          |
+----------------------------------+
| created rcbill_my.customers_cmts |
+----------------------------------+
1 row in set (0.00 sec)

Query OK, 0 rows affected (0.01 sec)

Query OK, 0 rows affected (0.01 sec)

Query OK, 0 rows affected (0.01 sec)

Query OK, 18789 rows affected (0.79 sec)
Records: 18789  Duplicates: 0  Warnings: 0

+--------------------------------------+
| message                              |
+--------------------------------------+
| created rcbill_my.customers_cmts_mxk |
+--------------------------------------+
1 row in set (0.00 sec)

Query OK, 494287 rows affected (59.14 sec)
Records: 494287  Duplicates: 0  Warnings: 0

+----------------+
| message        |
+----------------+
| created temp a |
+----------------+
1 row in set (0.00 sec)

Query OK, 0 rows affected (0.03 sec)

Query OK, 495014 rows affected (10.92 sec)
Records: 495014  Duplicates: 0  Warnings: 0

+------------------------------------------------+
| message                                        |
+------------------------------------------------+
| created rcbill_my.customers_contracts_cmts_mxk |
+------------------------------------------------+
1 row in set (0.00 sec)

Query OK, 0 rows affected (0.03 sec)

Query OK, 0 rows affected, 1 warning (0.00 sec)

Query OK, 0 rows affected, 1 warning (0.00 sec)

Query OK, 0 rows affected (0.00 sec)

Query OK, 8378 rows affected (2.67 sec)
Rows matched: 8378  Changed: 8378  Warnings: 0

+------------------------------------------------+
| message                                        |
+------------------------------------------------+
| updated rcbill_my.customers_contracts_cmts_mxk |
+------------------------------------------------+
1 row in set (0.00 sec)

Query OK, 0 rows affected (0.05 sec)

Query OK, 2026855 rows affected (3 min 42.82 sec)
Records: 2026855  Duplicates: 0  Warnings: 0

+----------------------------------------+
| message                                |
+----------------------------------------+
| created rcbill_my.customers_collection |
+----------------------------------------+
1 row in set (0.00 sec)

Query OK, 0 rows affected (0.04 sec)

Query OK, 2341096 rows affected (1 min 54.06 sec)
Records: 2341096  Duplicates: 0  Warnings: 0

+------------------------------------------------+
| message                                        |
+------------------------------------------------+
| created rcbill_my.customers_cmts_mxk_cont_coll |
+------------------------------------------------+
1 row in set (0.00 sec)

Query OK, 0 rows affected (0.06 sec)

Query OK, 451485 rows affected (2 min 12.68 sec)
Records: 451485  Duplicates: 0  Warnings: 0

+--------------------------------------------------------+
| message                                                |
+--------------------------------------------------------+
| created rcbill_my.customers_contracts_collection_pivot |
+--------------------------------------------------------+
1 row in set (0.00 sec)

Query OK, 0 rows affected (0.03 sec)

Query OK, 40521 rows affected (2 min 22.78 sec)
Records: 40521  Duplicates: 0  Warnings: 0

+----------------------------------------------+
| message                                      |
+----------------------------------------------+
| created rcbill_my.customers_collection_pivot |
+----------------------------------------------+
1 row in set (0.00 sec)

Query OK, 0 rows affected (0.01 sec)

Query OK, 44455 rows affected (2.23 sec)
Records: 44455  Duplicates: 0  Warnings: 0

+--------------------------------------------+
| message                                    |
+--------------------------------------------+
| created rcbill_my.rep_customers_collection |
+--------------------------------------------+
1 row in set (0.00 sec)

Query OK, 0 rows affected (0.00 sec)

Query OK, 0 rows affected, 1 warning (0.00 sec)

Query OK, 459620 rows affected (12.93 sec)
Records: 459620  Duplicates: 0  Warnings: 0

+-------------------------+
| message                 |
+-------------------------+
| created rcbill_my.tempa |
+-------------------------+
1 row in set (0.00 sec)

Query OK, 0 rows affected, 1 warning (0.00 sec)

Query OK, 451485 rows affected (19.04 sec)
Records: 451485  Duplicates: 0  Warnings: 0

+-------------------------+
| message                 |
+-------------------------+
| created rcbill_my.tempb |
+-------------------------+
1 row in set (0.00 sec)

Query OK, 459620 rows affected (20.26 sec)
Records: 459620  Duplicates: 0  Warnings: 0

+-----------+
| message   |
+-----------+
| created a |
+-----------+
1 row in set (0.00 sec)

Query OK, 451490 rows affected (21.00 sec)
Records: 451490  Duplicates: 0  Warnings: 0

+-----------+
| message   |
+-----------+
| created b |
+-----------+
1 row in set (0.00 sec)

Query OK, 0 rows affected (0.02 sec)

Query OK, 0 rows affected (0.02 sec)

Query OK, 0 rows affected (0.03 sec)

Query OK, 496161 rows affected (53.80 sec)
Records: 496161  Duplicates: 0  Warnings: 0

+----------------------------------------------+
| message                                      |
+----------------------------------------------+
| created rcbill_my.cust_cont_payment_cmts_mxk |
+----------------------------------------------+
1 row in set (0.00 sec)

Query OK, 0 rows affected (0.02 sec)

Query OK, 0 rows affected (0.01 sec)

Query OK, 0 rows affected, 1 warning (0.00 sec)

Query OK, 0 rows affected (0.03 sec)

Query OK, 44455 rows affected (17.27 sec)
Records: 44455  Duplicates: 0  Warnings: 0

+--------------------------------------------------+
| message                                          |
+--------------------------------------------------+
| created rcbill_my.rep_cust_cont_payment_cmts_mxk |
+--------------------------------------------------+
1 row in set (0.00 sec)

Query OK, 0 rows affected, 1 warning (0.00 sec)

Query OK, 0 rows affected, 1 warning (0.00 sec)

Query OK, 0 rows affected (0.02 sec)

Query OK, 44455 rows affected (10.62 sec)
Records: 44455  Duplicates: 0  Warnings: 0

+----------------------+
| rep_custconsolidated |
+----------------------+
|                44455 |
+----------------------+
1 row in set (0.61 sec)

Query OK, 0 rows affected (0.01 sec)

+------------------------------------+
| message                            |
+------------------------------------+
| creating rcbill_my.rep_custextract |
+------------------------------------+
1 row in set (0.00 sec)

Query OK, 44455 rows affected (1.08 sec)
Records: 44455  Duplicates: 0  Warnings: 0

+-----------------+
| rep_custextract |
+-----------------+
|           44455 |
+-----------------+
1 row in set (0.01 sec)

Query OK, 0 rows affected (0.00 sec)

Query OK, 0 rows affected (0.01 sec)

+----------------------------------------------+
| message                                      |
+----------------------------------------------+
| creating rcbill_my.retentioncustomeractivity |
+----------------------------------------------+
1 row in set (0.00 sec)

Query OK, 876 rows affected (0.09 sec)
Records: 876  Duplicates: 0  Warnings: 0

+---------------------------+
| retentioncustomeractivity |
+---------------------------+
|                       876 |
+---------------------------+
1 row in set (0.00 sec)

+-----------+------------------------------------+------------+-------------+-----------------+------------------+---------------------+-------------------+
| HFC_NODE  | NODENAME                           | CMTS_DATE  | INSERTED_ON | UNIQUE_ACCOUNTS | UNIQUE_CONTRACTS | UNIQUE_MAC_INRCBOSS | UNIQUE_MAC_INCMTS |
+-----------+------------------------------------+------------+-------------+-----------------+------------------+---------------------+-------------------+
| NULL      | NULL                               | NULL       | 2020-12-22  |            7027 |             7410 |                7458 |                 0 |
| C5/0/0/U0 | ANSE-BOILEAU-2                     | 2020-11-23 | 2020-12-22  |             190 |              195 |                 190 |               194 |
| C5/0/0/U1 | 500-C3-ANSE-BOILEAU                | 2020-11-23 | 2020-12-22  |             203 |              207 |                 203 |               205 |
| C5/0/1/U0 | 501-C4-LA-MISIERE-LEFT-I           | 2020-11-23 | 2020-12-22  |             156 |              160 |                 156 |               157 |
| C5/0/1/U1 | 501-C5-LA-MISIERE-RIGHT            | 2020-11-23 | 2020-12-22  |             112 |              114 |                 112 |               114 |
| C5/0/1/U2 | 501-C7-LA-MISIERE-LEFT-II          | 2020-11-23 | 2020-12-22  |             161 |              164 |                 161 |               162 |
| C5/0/2/U0 | 502-C8-LA-LOUISE                   | 2020-11-23 | 2020-12-22  |             139 |              139 |                 139 |               139 |
| C5/0/2/U1 | LA-LOUISE-2                        | 2020-11-23 | 2020-12-22  |             142 |              144 |                 142 |               144 |
| C5/0/3/U0 | 504-C6-PETIT-PARIS                 | 2020-11-23 | 2020-12-22  |             160 |              163 |                 160 |               161 |
| C5/0/3/U1 | PETIT-PARIS-23                     | 2020-11-23 | 2020-12-22  |              75 |               77 |                  75 |                76 |
| C5/0/4/U0 | FOUR-SEASONS                       | 2020-11-23 | 2020-12-22  |               3 |                4 |                   4 |                 5 |
| C5/0/4/U1 | ANCHOR-CAFE-I                      | 2020-11-23 | 2020-12-22  |             158 |              162 |                 158 |               162 |
| C5/0/4/U2 | ANCHOR-CAFE-II                     | 2020-11-23 | 2020-12-22  |             162 |              163 |                 162 |               164 |
| C5/1/0/U0 | POINTE-LARUE-AIRPORT-23            | 2020-11-23 | 2020-12-22  |             108 |              114 |                 109 |               111 |
| C5/1/0/U1 | PPROVIDENCE-23                     | 2020-11-23 | 2020-12-22  |              20 |               23 |                  21 |                21 |
| C5/1/0/U2 | ROSHE-CAIMAN-23                    | 2020-11-23 | 2020-12-22  |              12 |               13 |                  12 |                12 |
| C5/1/0/U3 | HEAD-OFFICE | HO-23                | 2020-11-23 | 2020-12-22  |              27 |               27 |                  27 |                30 |
| C5/1/1/U1 | C5-UNION-VALE                      | 2020-11-23 | 2020-12-22  |             202 |              204 |                 202 |               204 |
| C5/1/3/U0 | POINTE-LARUE-AIRPORT-27            | 2020-11-23 | 2020-12-22  |             149 |              150 |                 149 |               155 |
| C5/1/3/U1 | PPROVIDENCE-27                     | 2020-11-23 | 2020-12-22  |              27 |               27 |                  27 |                27 |
| C5/1/3/U2 | ROSHE-CAIMAN-27                    | 2020-11-23 | 2020-12-22  |              27 |               27 |                  27 |                27 |
| C5/1/3/U3 | HEAD-OFFICE | HO-27                | 2020-11-23 | 2020-12-22  |              17 |               18 |                  17 |                19 |
| C5/1/4/U0 | ANSE-ROYALE-27                     | 2020-11-23 | 2020-12-22  |             104 |              106 |                 104 |               104 |
| C5/1/4/U1 | GLACIS-2-57                        | 2020-11-23 | 2020-12-22  |              70 |               74 |                  70 |                71 |
| C5/1/4/U2 | NULL                               | 2020-11-23 | 2020-12-22  |             108 |              111 |                 108 |               108 |
| C5/1/4/U3 | GLACIS-1                           | 2020-11-23 | 2020-12-22  |              34 |               36 |                  34 |                34 |
| C6/0/1/U0 | SERRET-ROAD-RIGHT/CURIO/PASCAL     | 2020-11-23 | 2020-12-22  |             127 |              129 |                 127 |               128 |
| C6/0/1/U1 | SERRET-ROAD-LEFT/ST.LOUIS/TOWN     | 2020-11-23 | 2020-12-22  |              85 |               91 |                  85 |                87 |
| C6/0/1/U2 | SERRET-ROAD-RIGHT/CURIO/PASCAL-2   | 2020-11-23 | 2020-12-22  |             124 |              126 |                 124 |               124 |
| C6/0/1/U3 | SERRET-ROAD-LEFT/ST.LOUIS/TOWN-2   | 2020-11-23 | 2020-12-22  |              77 |               79 |                  77 |                78 |
| C6/0/2/U0 | SANS-SOUCIS-I                      | 2020-11-23 | 2020-12-22  |             101 |              103 |                 102 |               103 |
| C6/0/2/U1 | SANS-SOUCIS-II                     | 2020-11-23 | 2020-12-22  |             115 |              119 |                 115 |               119 |
| C6/0/2/U2 | BEL-AIR-27                         | 2020-11-23 | 2020-12-22  |              98 |               99 |                  98 |               100 |
| C6/0/2/U3 | BEL-AIR-38                         | 2020-11-23 | 2020-12-22  |              84 |               88 |                  84 |                84 |
| C6/0/3/U0 | LES-MAMELLES-23                    | 2020-11-23 | 2020-12-22  |              85 |               85 |                  85 |                88 |
| C6/0/3/U1 | VICTORIA-23                        | 2020-11-23 | 2020-12-22  |              25 |               26 |                  26 |                29 |
| C6/0/4/U0 | LES-MAMELLES-27                    | 2020-11-23 | 2020-12-22  |              68 |               69 |                  68 |                68 |
| C6/0/4/U1 | VICTORIA-27                        | 2020-11-23 | 2020-12-22  |              16 |               16 |                  16 |                16 |
| C7/1/0/U0 | LA-RETRAITE-23                     | 2020-11-23 | 2020-12-22  |              83 |               88 |                  84 |                88 |
| C7/1/0/U1 | TEA-FACTORY-23                     | 2020-11-23 | 2020-12-22  |              24 |               31 |                  26 |                27 |
| C7/1/0/U2 | PAS-23                             | 2020-11-23 | 2020-12-22  |             103 |              107 |                 104 |               104 |
| C7/1/1/U0 | REEF-ESTATE-23                     | 2020-11-23 | 2020-12-22  |              78 |               80 |                  78 |                78 |
| C7/1/2/U0 | LA-RETRAITE-27                     | 2020-11-23 | 2020-12-22  |              68 |               68 |                  68 |                71 |
| C7/1/2/U1 | TEA-FACTORY-27                     | 2020-11-23 | 2020-12-22  |              28 |               33 |                  29 |                29 |
| C7/1/2/U2 | PAS-27                             | 2020-11-23 | 2020-12-22  |              83 |               84 |                  83 |                85 |
| C7/1/3/U0 | MT-BUXTON-27                       | 2020-11-23 | 2020-12-22  |             157 |              160 |                 157 |               158 |
| C7/1/3/U1 | MT-BUXTON-23                       | 2020-11-23 | 2020-12-22  |              87 |               88 |                  87 |                87 |
| C7/1/4/U0 | REEF-ESTATE-27                     | 2020-11-23 | 2020-12-22  |              91 |               92 |                  91 |                93 |
| C8/0/0/U0 | POLICE-ACADEMY-1-27 - POINTE LARUE | 2020-11-23 | 2020-12-22  |             249 |              249 |                 249 |               250 |
| C8/0/0/U1 | NULL                               | 2020-11-23 | 2020-12-22  |              76 |               80 |                  76 |                78 |
| C8/0/1/U0 | NULL                               | 2020-11-23 | 2020-12-22  |             155 |              158 |                 154 |               157 |
| C8/0/1/U1 | POLICE-ACADEMY-2-27 - TURTLE BAY   | 2020-11-23 | 2020-12-22  |             190 |              194 |                 191 |               192 |
| C8/0/2/U0 | BEAU-VALLON-LEFT-1-57              | 2020-11-23 | 2020-12-22  |              12 |               13 |                  13 |                13 |
| C8/0/3/U1 | BEAU-VALLON-RIGHT-2-57             | 2020-11-23 | 2020-12-22  |              11 |               11 |                  11 |                11 |
| C8/1/0/U0 | MA-JOIE-NODE-27                    | 2020-11-23 | 2020-12-22  |              96 |               97 |                  96 |                97 |
| C8/1/0/U1 | BELONIE-27                         | 2020-11-23 | 2020-12-22  |             144 |              146 |                 143 |               145 |
| C8/1/0/U3 | MA-JOIE-NODE-23                    | 2020-11-23 | 2020-12-22  |              90 |               91 |                  89 |                90 |
| C8/1/1/U0 | 611-C1-ROJN I                      | 2020-11-23 | 2020-12-22  |             128 |              129 |                 128 |               129 |
| C8/1/1/U1 | 611-C5-ROJN II                     | 2020-11-23 | 2020-12-22  |             112 |              113 |                 112 |               114 |
| C8/1/2/U0 | 612-C2-ANSE-ETOILE                 | 2020-11-23 | 2020-12-22  |             103 |              103 |                 103 |               103 |
| C8/1/2/U1 | ANSE-ETOILE-U2                     | 2020-11-23 | 2020-12-22  |              70 |               70 |                  70 |                70 |
| C8/1/3/U0 | 613-C3-ANSE-GAULETTE I             | 2020-11-23 | 2020-12-22  |              79 |               86 |                  79 |                80 |
| C8/1/3/U1 | 613-C7-ANSE-GAULETTE II            | 2020-11-23 | 2020-12-22  |              75 |               78 |                  75 |                78 |
| C8/1/3/U2 | 613-C3-ANSE-GAULETTE III           | 2020-11-23 | 2020-12-22  |              41 |               42 |                  41 |                41 |
| C8/1/3/U3 | TAKAMAKA I                         | 2020-11-23 | 2020-12-22  |             106 |              108 |                 106 |               108 |
| C8/1/3/U4 | TAKAMAKA II                        | 2020-11-23 | 2020-12-22  |              93 |               95 |                  93 |                95 |
| C8/1/4/U0 | 614-BEOLIERE-NODE-1                | 2020-11-23 | 2020-12-22  |              94 |               95 |                  94 |                96 |
| C8/1/4/U1 | 614-BEOLIERE-NODE-2                | 2020-11-23 | 2020-12-22  |             141 |              144 |                 141 |               143 |
+-----------+------------------------------------+------------+-------------+-----------------+------------------+---------------------+-------------------+
68 rows in set (0.17 sec)

+-----------------------+------------+-------------+-----------------+------------------+----------------------+-------------------+
| MXK_NAME              | MXK_DATE   | INSERTED_ON | UNIQUE_ACCOUNTS | UNIQUE_CONTRACTS | UNIQUE_FSAN_INRCBOSS | UNIQUE_FSAN_INMXK |
+-----------------------+------------+-------------+-----------------+------------------+----------------------+-------------------+
| NULL                  | NULL       | 2020-12-22  |            1442 |             1487 |                 1475 |                 0 |
| MXK-MAHE-ANSEETOILE   | 2020-07-27 | 2020-12-22  |             378 |              382 |                  380 |               398 |
| MXK-MAHE-ANSEROYALE   | 2020-07-27 | 2020-12-22  |             172 |              172 |                  171 |               198 |
| MXK-MAHE-BEAUVALLON-1 | 2020-07-27 | 2020-12-22  |            1793 |             1815 |                 1807 |              1919 |
| MXK-MAHE-BEAUVALLON-2 | 2020-07-27 | 2020-12-22  |              25 |               25 |                   25 |                30 |
| MXK-MAHE-PERSEVERANCE | 2020-07-27 | 2020-12-22  |            1053 |             1064 |                 1065 |              1241 |
| MXK-MAHE-PROVIDENCE   | 2020-07-27 | 2020-12-22  |             984 |             1013 |                  941 |              1192 |
| MXK-PRASLIN-GRANDANSE | 2020-07-27 | 2020-12-22  |            1289 |             1292 |                 1285 |              1514 |
+-----------------------+------------+-------------+-----------------+------------------+----------------------+-------------------+
8 rows in set (0.07 sec)

mysql> mysql \. C:\workspace\cloud\code\sql\_DailyScript\currenttime.sql
+---------------------+
| currenttime         |
+---------------------+
| 2020-12-22 10:23:41 |
+---------------------+
1 row in set (0.00 sec)

mysql> 
mysql> mysql \. C:\workspace\cloud\code\sql\_DailyScript\housing-estate-analysis.sql
Database changed
Query OK, 0 rows affected (0.01 sec)

Query OK, 3671 rows affected (1 min 24.34 sec)
Records: 3671  Duplicates: 0  Warnings: 0

+--------------------+
| rep_housingestates |
+--------------------+
|               3671 |
+--------------------+
1 row in set (0.00 sec)

mysql> mysql \. C:\workspace\cloud\code\sql\_DailyScript\currenttime.sql
+---------------------+
| currenttime         |
+---------------------+
| 2020-12-22 10:25:05 |
+---------------------+
1 row in set (0.00 sec)

mysql> 
mysql> 
mysql> mysql \. C:\workspace\cloud\code\sql\Analysis\service_tickets_assignments.sql
Query OK, 0 rows affected (0.02 sec)

Query OK, 109784 rows affected (17.61 sec)
Records: 109784  Duplicates: 0  Warnings: 0

+-------------------------+
| rep_servicetickets_2020 |
+-------------------------+
|                  109784 |
+-------------------------+
1 row in set (2.14 sec)

mysql> mysql \. C:\workspace\cloud\code\sql\_DailyScript\currenttime.sql
+---------------------+
| currenttime         |
+---------------------+
| 2020-12-22 10:25:25 |
+---------------------+
1 row in set (0.00 sec)

mysql> 
mysql> mysql \. C:\workspace\cloud\code\sql\_DailyScript\DAILY-SCRIPT-USAGESTATS.sql
Database changed
Query OK, 0 rows affected (0.14 sec)

Query OK, 25818318 rows affected, 65535 warnings (11 min 48.46 sec)
Records: 25818318  Duplicates: 0  Warnings: 25811405

Query OK, 0 rows affected (1 min 8.55 sec)
Records: 0  Duplicates: 0  Warnings: 0

Query OK, 0 rows affected (1 min 7.12 sec)
Records: 0  Duplicates: 0  Warnings: 0

Query OK, 0 rows affected (1 min 7.78 sec)
Records: 0  Duplicates: 0  Warnings: 0

Query OK, 0 rows affected (1 min 1.07 sec)
Records: 0  Duplicates: 0  Warnings: 0

Query OK, 0 rows affected (1 min 37.59 sec)
Records: 0  Duplicates: 0  Warnings: 0

Query OK, 0 rows affected (1 min 43.08 sec)
Records: 0  Duplicates: 0  Warnings: 0

Query OK, 0 rows affected (1 min 34.33 sec)
Records: 0  Duplicates: 0  Warnings: 0

Query OK, 0 rows affected (1 min 5.96 sec)
Records: 0  Duplicates: 0  Warnings: 0

+----------+
| ipusage  |
+----------+
| 25818318 |
+----------+
1 row in set (8.22 sec)

Query OK, 0 rows affected (0.05 sec)

Query OK, 6544112 rows affected (6 min 20.83 sec)
Records: 6544112  Duplicates: 0  Warnings: 0

Query OK, 0 rows affected (20.70 sec)
Records: 0  Duplicates: 0  Warnings: 0

Query OK, 0 rows affected (17.24 sec)
Records: 0  Duplicates: 0  Warnings: 0

Query OK, 0 rows affected (21.15 sec)
Records: 0  Duplicates: 0  Warnings: 0

Query OK, 0 rows affected (26.14 sec)
Records: 0  Duplicates: 0  Warnings: 0

Query OK, 0 rows affected (20.65 sec)
Records: 0  Duplicates: 0  Warnings: 0

+------------------+
| clientcontractip |
+------------------+
|          6544112 |
+------------------+
1 row in set (1.88 sec)

Query OK, 0 rows affected (0.05 sec)

Query OK, 12685341 rows affected (2 min 16.25 sec)
Records: 12685341  Duplicates: 0  Warnings: 0

Query OK, 11388 rows affected (6.26 sec)
Records: 11388  Duplicates: 0  Warnings: 0

+-----------------------+
| clientcontractipusage |
+-----------------------+
|              12696729 |
+-----------------------+
1 row in set (4.96 sec)

Query OK, 0 rows affected (0.03 sec)

Query OK, 533873 rows affected (47.22 sec)
Records: 533873  Duplicates: 0  Warnings: 0

Query OK, 0 rows affected (1.69 sec)
Records: 0  Duplicates: 0  Warnings: 0

Query OK, 0 rows affected (1.54 sec)
Records: 0  Duplicates: 0  Warnings: 0

Query OK, 0 rows affected (1.82 sec)
Records: 0  Duplicates: 0  Warnings: 0

Query OK, 0 rows affected (0.95 sec)
Records: 0  Duplicates: 0  Warnings: 0

Query OK, 0 rows affected (0.97 sec)
Records: 0  Duplicates: 0  Warnings: 0

Query OK, 0 rows affected (1.04 sec)
Records: 0  Duplicates: 0  Warnings: 0

Query OK, 0 rows affected (1.04 sec)
Records: 0  Duplicates: 0  Warnings: 0

+-----------------------+
| clientcontractipmonth |
+-----------------------+
|                533873 |
+-----------------------+
1 row in set (0.14 sec)

mysql> mysql \. C:\workspace\cloud\code\sql\_DailyScript\currenttime.sql
+---------------------+
| currenttime         |
+---------------------+
| 2020-12-22 10:59:20 |
+---------------------+
1 row in set (0.00 sec)

mysql> 
mysql> exit
