    -> 
    -> mysql \. C:\workspace\cloud\code\sql\_DailyScript\_setdates.sql
Query OK, 0 rows affected (0.01 sec)

Query OK, 0 rows affected (1.82 sec)

Database changed
Query OK, 0 rows affected (0.00 sec)

Query OK, 0 rows affected (0.00 sec)

Query OK, 0 rows affected (0.00 sec)

Query OK, 0 rows affected (0.00 sec)

Query OK, 0 rows affected (0.00 sec)

Query OK, 0 rows affected (0.00 sec)

Query OK, 0 rows affected (0.00 sec)

Query OK, 0 rows affected (0.00 sec)

Query OK, 0 rows affected (0.00 sec)

Query OK, 0 rows affected (0.00 sec)

Query OK, 0 rows affected (0.00 sec)

Query OK, 0 rows affected (0.00 sec)

Query OK, 0 rows affected (0.00 sec)

Query OK, 0 rows affected (0.00 sec)

Query OK, 0 rows affected (0.00 sec)

Query OK, 0 rows affected (0.00 sec)

Query OK, 0 rows affected (0.00 sec)

Query OK, 0 rows affected (0.00 sec)

Query OK, 0 rows affected (0.00 sec)

Query OK, 0 rows affected (0.00 sec)

Query OK, 0 rows affected (0.00 sec)

Query OK, 0 rows affected (0.00 sec)

mysql> mysql \. C:\workspace\cloud\code\sql\_DailyScript\currenttime.sql
+---------------------+
| currenttime         |
+---------------------+
| 2021-12-27 09:56:45 |
+---------------------+
1 row in set (0.00 sec)

mysql> 
mysql> mysql \. C:\workspace\cloud\code\sql\_DailyScript\load_RCB_VODTITLES.sql
Database changed
Query OK, 0 rows affected (0.00 sec)

Query OK, 17185 rows affected (0.20 sec)

Query OK, 17187 rows affected, 17187 warnings (0.36 sec)
Records: 17187  Deleted: 0  Skipped: 0  Warnings: 17187

Query OK, 0 rows affected (0.00 sec)

Query OK, 2 rows affected (0.02 sec)

+-----------+
| VODTITLES |
+-----------+
|     17645 |
+-----------+
1 row in set (0.01 sec)

+-----------+-----------+
| titletype | typecount |
+-----------+-----------+
| E         |     14665 |
| N         |       245 |
| T         |      2275 |
| NULL      |     17185 |
+-----------+-----------+
4 rows in set (0.08 sec)

mysql> mysql \. C:\workspace\cloud\code\sql\_DailyScript\currenttime.sql
+---------------------+
| currenttime         |
+---------------------+
| 2021-12-27 09:56:45 |
+---------------------+
1 row in set (0.00 sec)

mysql> 
mysql> 
mysql> 
mysql> 
mysql> 
mysql> 
mysql> 
mysql> 
mysql> 
mysql> 
mysql> 
mysql> 
mysql> 
mysql> 
mysql> 
mysql> 
mysql> 
mysql> 
mysql> 
mysql> 
mysql> 
mysql> 
mysql> 
mysql> 
mysql> 
mysql> 
mysql> 
mysql> 
mysql> 
mysql> 
mysql> 
mysql> 
mysql> 
mysql> 
mysql> 
mysql> 
mysql> 
mysql> mysql \. C:\workspace\cloud\code\sql\_DailyScript\load_DailyCalls.sql
Database changed
Query OK, 300 rows affected (0.08 sec)
Records: 300  Deleted: 0  Skipped: 0  Warnings: 0

Query OK, 0 rows affected, 1 warning (0.00 sec)

Query OK, 300 rows affected (0.05 sec)
Records: 300  Duplicates: 0  Warnings: 0

Query OK, 0 rows affected, 1 warning (0.00 sec)

Query OK, 93974 rows affected (0.38 sec)
Records: 93974  Duplicates: 0  Warnings: 0

+----------------------+
| callingclientsbefore |
+----------------------+
|              1339153 |
+----------------------+
1 row in set (0.43 sec)

Query OK, 483 rows affected (7.97 sec)
Records: 483  Duplicates: 0  Warnings: 0

+---------------------+
| callingclientsafter |
+---------------------+
|             1339636 |
+---------------------+
1 row in set (0.36 sec)

Query OK, 0 rows affected (0.01 sec)

Query OK, 202 rows affected (3.06 sec)
Records: 202  Duplicates: 0  Warnings: 0

Query OK, 0 rows affected (0.01 sec)

Query OK, 25965 rows affected (4.50 sec)
Records: 25965  Duplicates: 0  Warnings: 0

+-----------+
| callstats |
+-----------+
|     25965 |
+-----------+
1 row in set (0.01 sec)

Query OK, 0 rows affected, 1 warning (0.00 sec)

Query OK, 483 rows affected (2.24 sec)
Records: 483  Duplicates: 0  Warnings: 0

+------------------------+
| rep_cccallreportbefore |
+------------------------+
|                1339401 |
+------------------------+
1 row in set (0.38 sec)

Query OK, 483 rows affected (0.09 sec)
Records: 483  Duplicates: 0  Warnings: 0

+-----------------------+
| rep_cccallreportafter |
+-----------------------+
|               1339884 |
+-----------------------+
1 row in set (0.39 sec)

Query OK, 0 rows affected (0.00 sec)

mysql> mysql \. C:\workspace\cloud\code\sql\_DailyScript\currenttime.sql
+---------------------+
| currenttime         |
+---------------------+
| 2021-12-27 09:57:05 |
+---------------------+
1 row in set (0.00 sec)

mysql> 
mysql> mysql \. C:\workspace\cloud\code\sql\_DailyScript\DAILY-SCRIPT-USAGE.sql
Database changed
Query OK, 0 rows affected (0.00 sec)

Query OK, 3996 rows affected, 11509 warnings (0.69 sec)
Records: 3996  Deleted: 0  Skipped: 0  Warnings: 11509

Query OK, 0 rows affected (0.00 sec)

Query OK, 6519 rows affected, 18825 warnings (0.79 sec)
Records: 6519  Deleted: 0  Skipped: 0  Warnings: 18825

Query OK, 0 rows affected (0.00 sec)

Query OK, 404 rows affected, 1420 warnings (8.06 sec)
Records: 404  Deleted: 0  Skipped: 0  Warnings: 1420

Query OK, 0 rows affected (0.01 sec)

Query OK, 131 rows affected, 445 warnings (0.46 sec)
Records: 131  Deleted: 0  Skipped: 0  Warnings: 445

+------------+
| dailyusage |
+------------+
|   20084678 |
+------------+
1 row in set (7.76 sec)

+------------+------------+------------+---------+
| datestart  | dateend    | insertedon | records |
+------------+------------+------------+---------+
| 2021-12-25 | 2021-12-25 | 2021-12-27 |   11050 |
| 2021-12-24 | 2021-12-24 | 2021-12-27 |   11131 |
| 2021-12-23 | 2021-12-23 | 2021-12-24 |   10996 |
| 2021-12-22 | 2021-12-22 | 2021-12-23 |   10935 |
| 2021-12-21 | 2021-12-21 | 2021-12-22 |   10828 |
+------------+------------+------------+---------+
5 rows in set (23.51 sec)

+----------+------------+------------+------------+---------+
| category | datestart  | dateend    | insertedon | records |
+----------+------------+------------+------------+---------+
| UNCAPPED | 2021-12-25 | 2021-12-25 | 2021-12-27 |    6519 |
| PREPAID  | 2021-12-25 | 2021-12-25 | 2021-12-27 |     404 |
| HOTSPOT  | 2021-12-25 | 2021-12-25 | 2021-12-27 |     131 |
| CAPPED   | 2021-12-25 | 2021-12-25 | 2021-12-27 |    3996 |
| UNCAPPED | 2021-12-24 | 2021-12-24 | 2021-12-27 |    6589 |
| PREPAID  | 2021-12-24 | 2021-12-24 | 2021-12-27 |     346 |
| HOTSPOT  | 2021-12-24 | 2021-12-24 | 2021-12-27 |     141 |
| CAPPED   | 2021-12-24 | 2021-12-24 | 2021-12-27 |    4055 |
| UNCAPPED | 2021-12-23 | 2021-12-23 | 2021-12-24 |    6448 |
| PREPAID  | 2021-12-23 | 2021-12-23 | 2021-12-24 |     323 |
| HOTSPOT  | 2021-12-23 | 2021-12-23 | 2021-12-24 |     187 |
| CAPPED   | 2021-12-23 | 2021-12-23 | 2021-12-24 |    4038 |
| UNCAPPED | 2021-12-22 | 2021-12-22 | 2021-12-23 |    6434 |
| PREPAID  | 2021-12-22 | 2021-12-22 | 2021-12-23 |     336 |
| HOTSPOT  | 2021-12-22 | 2021-12-22 | 2021-12-23 |     218 |
| CAPPED   | 2021-12-22 | 2021-12-22 | 2021-12-23 |    3947 |
| UNCAPPED | 2021-12-21 | 2021-12-21 | 2021-12-22 |    6383 |
| PREPAID  | 2021-12-21 | 2021-12-21 | 2021-12-22 |     314 |
| HOTSPOT  | 2021-12-21 | 2021-12-21 | 2021-12-22 |     191 |
| CAPPED   | 2021-12-21 | 2021-12-21 | 2021-12-22 |    3940 |
+----------+------------+------------+------------+---------+
20 rows in set (29.50 sec)

mysql> mysql \. C:\workspace\cloud\code\sql\_DailyScript\currenttime.sql
+---------------------+
| currenttime         |
+---------------------+
| 2021-12-27 09:58:16 |
+---------------------+
1 row in set (0.00 sec)

mysql> 
mysql> mysql \. C:\workspace\cloud\code\sql\_DailyScript\DAILY-SCRIPT-SALES-TELEMETRY.sql
Database changed
Query OK, 8 rows affected, 2 warnings (0.02 sec)
Records: 8  Deleted: 0  Skipped: 0  Warnings: 2

+------------+
| dailysales |
+------------+
|     245270 |
+------------+
1 row in set (0.21 sec)

+------------+---------+
| orderdate  | records |
+------------+---------+
| 2021-12-25 |       8 |
| 2021-12-24 |     107 |
| 2021-12-23 |     153 |
| 2021-12-22 |     195 |
| 2021-12-21 |     157 |
| 2021-12-20 |     206 |
| 2021-12-19 |      36 |
| 2021-12-18 |      78 |
| 2021-12-17 |     131 |
| 2021-12-16 |     202 |
| 2021-12-15 |      89 |
| 2021-12-14 |     102 |
| 2021-12-13 |     188 |
| 2021-12-12 |      18 |
| 2021-12-11 |      86 |
+------------+---------+
15 rows in set (0.57 sec)

Query OK, 0 rows affected (0.01 sec)

Query OK, 245270 rows affected (21.10 sec)
Records: 245270  Duplicates: 0  Warnings: 0

+--------+
| sales  |
+--------+
| 245270 |
+--------+
1 row in set (0.07 sec)

Query OK, 0 rows affected (0.01 sec)

Query OK, 6350 rows affected (0.46 sec)
Records: 6350  Duplicates: 0  Warnings: 0

+----------------+
| rep_dailysales |
+----------------+
|           6350 |
+----------------+
1 row in set (0.00 sec)

Query OK, 0 rows affected (0.01 sec)

Query OK, 6350 rows affected (0.77 sec)
Records: 6350  Duplicates: 0  Warnings: 0

+-------------------+
| rep_dailysalesreg |
+-------------------+
|              6350 |
+-------------------+
1 row in set (0.00 sec)

Query OK, 0 rows affected (0.01 sec)

Query OK, 2416 rows affected (0.78 sec)
Records: 2416  Duplicates: 0  Warnings: 0

+-----------+
| saleslist |
+-----------+
|      2416 |
+-----------+
1 row in set (0.00 sec)

Database changed
ERROR 2 (HY000): File 'C:\ProgramData\MySQL\MySQL Server 5.7\Uploads\_csv\PrepaidCardSales-25122021-P1.csv' not found (Errcode: 2 - No such file or directory)
+------------------+
| dailysinglesales |
+------------------+
|             6653 |
+------------------+
1 row in set (0.02 sec)

Database changed
Query OK, 22 rows affected (0.01 sec)
Records: 22  Deleted: 0  Skipped: 0  Warnings: 0

+-----------------+
| dailyaddonsales |
+-----------------+
|           26247 |
+-----------------+
1 row in set (0.04 sec)

Query OK, 338 rows affected (0.08 sec)
Records: 338  Deleted: 0  Skipped: 0  Warnings: 0

+----------------+
| onlinepayments |
+----------------+
|         251705 |
+----------------+
1 row in set (0.14 sec)

+-------------+----------------+---------------------+
| paymentdate | onlinepayments | onlinepaymentamount |
+-------------+----------------+---------------------+
| 2021-12-25  |            338 |        220967.98000 |
| 2021-12-24  |            365 |        240526.48000 |
| 2021-12-23  |            366 |        236244.78000 |
| 2021-12-22  |            296 |        196233.11000 |
| 2021-12-21  |            272 |        193061.62000 |
+-------------+----------------+---------------------+
5 rows in set (0.89 sec)

+-------------+--------------+----------------+---------------------+
| paymentyear | paymentmonth | onlinepayments | onlinepaymentamount |
+-------------+--------------+----------------+---------------------+
|        2021 |           12 |           6927 |       4489449.70000 |
|        2021 |           11 |           8553 |       5661260.44000 |
|        2021 |           10 |           8715 |       5741511.04000 |
|        2021 |            9 |           8803 |       5663928.71000 |
|        2021 |            8 |           8864 |       5714008.87000 |
+-------------+--------------+----------------+---------------------+
5 rows in set (0.27 sec)

mysql> mysql \. C:\workspace\cloud\code\sql\_DailyScript\currenttime.sql
+---------------------+
| currenttime         |
+---------------------+
| 2021-12-27 09:58:42 |
+---------------------+
1 row in set (0.00 sec)

mysql> 
mysql> mysql \. C:\workspace\cloud\code\sql\_DailyScript\DAILY-SCRIPT-ACTIVENUMBERS.sql
Database changed
Query OK, 1090 rows affected (0.44 sec)
Records: 1090  Deleted: 0  Skipped: 0  Warnings: 0

+------------+----------+
| period     | count(1) |
+------------+----------+
| 2021-12-25 |     1090 |
| 2021-12-24 |     1090 |
| 2021-12-23 |     1090 |
| 2021-12-22 |     1090 |
| 2021-12-21 |     1091 |
+------------+----------+
5 rows in set (0.01 sec)

Query OK, 0 rows affected (0.01 sec)

Query OK, 75 rows affected (1.39 sec)
Records: 75  Duplicates: 0  Warnings: 0

+-------------+
| packagelist |
+-------------+
|          75 |
+-------------+
1 row in set (0.00 sec)

Database changed
Query OK, 0 rows affected (0.00 sec)

Query OK, 0 rows affected (0.00 sec)

Query OK, 0 rows affected (0.00 sec)

Query OK, 0 rows affected (0.00 sec)

Query OK, 29011 rows affected, 213 warnings (13.02 sec)
Records: 29011  Deleted: 0  Skipped: 0  Warnings: 213

+------------+----------+
| period     | count(1) |
+------------+----------+
| 2021-12-25 |    29011 |
| 2021-12-24 |    29230 |
| 2021-12-23 |    29261 |
| 2021-12-22 |    29242 |
| 2021-12-21 |    29255 |
+------------+----------+
5 rows in set (0.10 sec)

Query OK, 0 rows affected (0.02 sec)

Query OK, 28451 rows affected (53.24 sec)
Records: 28451  Duplicates: 0  Warnings: 0

Query OK, 0 rows affected (0.14 sec)
Records: 0  Duplicates: 0  Warnings: 0

Query OK, 0 rows affected (0.12 sec)
Records: 0  Duplicates: 0  Warnings: 0

Query OK, 0 rows affected (0.11 sec)
Records: 0  Duplicates: 0  Warnings: 0

Query OK, 0 rows affected (0.09 sec)
Records: 0  Duplicates: 0  Warnings: 0

Query OK, 0 rows affected (0.08 sec)
Records: 0  Duplicates: 0  Warnings: 0

Query OK, 0 rows affected (0.14 sec)
Records: 0  Duplicates: 0  Warnings: 0

+-------------+
| countbefore |
+-------------+
|    52190227 |
+-------------+
1 row in set (17.18 sec)

Query OK, 28451 rows affected (2.33 sec)
Records: 28451  Duplicates: 0  Warnings: 0

+------------+
| countafter |
+------------+
|   52218678 |
+------------+
1 row in set (16.99 sec)

+------------+--------------------------+
| period     | customercontractactivity |
+------------+--------------------------+
| 2021-12-25 |                    28451 |
| 2021-12-24 |                    28670 |
| 2021-12-23 |                    28701 |
| 2021-12-22 |                    28682 |
| 2021-12-21 |                    28695 |
+------------+--------------------------+
5 rows in set (0.06 sec)

Query OK, 0 rows affected (0.01 sec)

Query OK, 327169 rows affected, 4 warnings (10 min 24.54 sec)
Records: 327169  Duplicates: 0  Warnings: 4

Query OK, 0 rows affected (1.15 sec)
Records: 0  Duplicates: 0  Warnings: 0

Query OK, 0 rows affected (1.32 sec)
Records: 0  Duplicates: 0  Warnings: 0

Query OK, 0 rows affected (1.29 sec)
Records: 0  Duplicates: 0  Warnings: 0

Query OK, 0 rows affected (0.01 sec)

Query OK, 224 rows affected (0.52 sec)
Records: 224  Duplicates: 0  Warnings: 0

Query OK, 0 rows affected (0.01 sec)

Query OK, 2608 rows affected (0.71 sec)
Records: 2608  Duplicates: 0  Warnings: 0

Query OK, 0 rows affected (0.01 sec)

Query OK, 28428 rows affected (0.64 sec)
Records: 28428  Duplicates: 0  Warnings: 0

Query OK, 0 rows affected (0.01 sec)

Query OK, 16990 rows affected (0.41 sec)
Records: 16990  Duplicates: 0  Warnings: 0

Query OK, 0 rows affected (0.01 sec)

Query OK, 16990 rows affected (0.14 sec)
Records: 16990  Duplicates: 0  Warnings: 0

Query OK, 0 rows affected (0.02 sec)

Query OK, 16990 rows affected (1.24 sec)
Records: 16990  Duplicates: 0  Warnings: 0

Query OK, 0 rows affected (0.01 sec)

Query OK, 16990 rows affected (43.70 sec)
Records: 16990  Duplicates: 0  Warnings: 0

+-------------+
| clientstats |
+-------------+
|       16990 |
+-------------+
1 row in set (0.01 sec)

Query OK, 0 rows affected (0.01 sec)

Query OK, 14 rows affected, 1 warning (0.12 sec)
Records: 14  Duplicates: 0  Warnings: 1

+-----------------------+-------------+-------------+----------------+-----------------+
| services              | activecount | allaccounts | uniqueaccounts | uniquecontracts |
+-----------------------+-------------+-------------+----------------+-----------------+
| All                   |         431 |          71 |             71 |             228 |
| Internet & OTT        |           4 |           2 |              2 |               2 |
| Internet & Voice      |         288 |         124 |            124 |             243 |
| Internet Only         |        4375 |        4278 |           4274 |            4314 |
| OTT Only              |           1 |           1 |              1 |               1 |
| TV & Internet         |        9905 |        4426 |           4417 |            9025 |
| TV & Internet & OTT   |        4826 |        1265 |           1262 |            2634 |
| TV & Internet & Voice |         528 |         149 |            149 |             460 |
| TV & OTT              |         340 |          87 |             85 |              99 |
| TV & Voice            |          82 |          36 |             36 |              73 |
| TV & Voice & OTT      |           3 |           1 |              1 |               2 |
| TV Only               |        8205 |        6438 |           6431 |            6642 |
| Voice Only            |         113 |         112 |            112 |             113 |
| GRAND TOTAL           |       29101 |       16990 |          16917 |           23836 |
+-----------------------+-------------+-------------+----------------+-----------------+
14 rows in set (0.00 sec)

+-------------+-------------+-------------+----------------+-----------------+
| network     | activecount | allaccounts | uniqueaccounts | uniquecontracts |
+-------------+-------------+-------------+----------------+-----------------+
| GPON        |       14337 |        7022 |           7019 |           11205 |
| HFC         |       14764 |        9968 |           9968 |           12631 |
| GRAND TOTAL |       29101 |       16990 |          16917 |           23836 |
+-------------+-------------+-------------+----------------+-----------------+
3 rows in set, 1 warning (0.12 sec)

+-------------+-----------------------+-------------+-------------+----------------+-----------------+
| network     | services              | activecount | allaccounts | uniqueaccounts | uniquecontracts |
+-------------+-----------------------+-------------+-------------+----------------+-----------------+
| GPON        | All                   |         335 |          58 |             58 |             185 |
| GPON        | Internet & Voice      |          81 |          33 |             33 |              70 |
| GPON        | Internet Only         |        1691 |        1609 |           1609 |            1631 |
| GPON        | TV & Internet         |        5650 |        2479 |           2479 |            5081 |
| GPON        | TV & Internet & OTT   |        3856 |        1003 |           1003 |            2099 |
| GPON        | TV & Internet & Voice |         303 |          80 |             80 |             250 |
| GPON        | TV & OTT              |         202 |          63 |             63 |              70 |
| GPON        | TV & Voice            |          48 |          22 |             22 |              45 |
| GPON        | TV & Voice & OTT      |           3 |           1 |              1 |               2 |
| GPON        | TV Only               |        2156 |        1663 |           1663 |            1760 |
| GPON        | Voice Only            |          12 |          11 |             11 |              12 |
| GPON        | Services Total        |       14337 |        7022 |           7019 |           11205 |
| HFC         | All                   |          96 |          13 |             13 |              43 |
| HFC         | Internet & OTT        |           4 |           2 |              2 |               2 |
| HFC         | Internet & Voice      |         207 |          91 |             91 |             173 |
| HFC         | Internet Only         |        2684 |        2669 |           2669 |            2683 |
| HFC         | OTT Only              |           1 |           1 |              1 |               1 |
| HFC         | TV & Internet         |        4255 |        1947 |           1947 |            3944 |
| HFC         | TV & Internet & OTT   |         970 |         262 |            262 |             535 |
| HFC         | TV & Internet & Voice |         225 |          69 |             69 |             210 |
| HFC         | TV & OTT              |         138 |          24 |             24 |              29 |
| HFC         | TV & Voice            |          34 |          14 |             14 |              28 |
| HFC         | TV Only               |        6049 |        4775 |           4775 |            4882 |
| HFC         | Voice Only            |         101 |         101 |            101 |             101 |
| HFC         | Services Total        |       14764 |        9968 |           9968 |           12631 |
| GRAND TOTAL | Services Total        |       29101 |       16990 |          16917 |           23836 |
+-------------+-----------------------+-------------+-------------+----------------+-----------------+
26 rows in set, 2 warnings (0.14 sec)

Query OK, 0 rows affected (0.01 sec)

Query OK, 39 rows affected, 3 warnings (0.20 sec)
Records: 39  Duplicates: 0  Warnings: 3

+-------------+---------------+-----------------------+-------------+-------------+----------------+-----------------+
| region      | network       | services              | activecount | allaccounts | uniqueaccounts | uniquecontracts |
+-------------+---------------+-----------------------+-------------+-------------+----------------+-----------------+
| Mahe        | GPON          | All                   |         294 |          51 |             51 |             162 |
| Mahe        | GPON          | Internet & Voice      |          71 |          28 |             28 |              60 |
| Mahe        | GPON          | Internet Only         |        1442 |        1360 |           1360 |            1382 |
| Mahe        | GPON          | TV & Internet         |        4885 |        2139 |           2139 |            4380 |
| Mahe        | GPON          | TV & Internet & OTT   |        3213 |         815 |            815 |            1713 |
| Mahe        | GPON          | TV & Internet & Voice |         289 |          76 |             76 |             236 |
| Mahe        | GPON          | TV & OTT              |         174 |          50 |             50 |              55 |
| Mahe        | GPON          | TV & Voice            |          48 |          22 |             22 |              45 |
| Mahe        | GPON          | TV & Voice & OTT      |           3 |           1 |              1 |               2 |
| Mahe        | GPON          | TV Only               |        1807 |        1392 |           1392 |            1477 |
| Mahe        | GPON          | Voice Only            |          12 |          11 |             11 |              12 |
| Mahe        | GPON          | Services Total        |       12238 |        5945 |           5945 |            9524 |
| Mahe        | HFC           | All                   |          96 |          13 |             13 |              43 |
| Mahe        | HFC           | Internet & OTT        |           4 |           2 |              2 |               2 |
| Mahe        | HFC           | Internet & Voice      |         207 |          91 |             91 |             173 |
| Mahe        | HFC           | Internet Only         |        2684 |        2669 |           2669 |            2683 |
| Mahe        | HFC           | OTT Only              |           1 |           1 |              1 |               1 |
| Mahe        | HFC           | TV & Internet         |        4255 |        1947 |           1947 |            3944 |
| Mahe        | HFC           | TV & Internet & OTT   |         970 |         262 |            262 |             535 |
| Mahe        | HFC           | TV & Internet & Voice |         225 |          69 |             69 |             210 |
| Mahe        | HFC           | TV & OTT              |         138 |          24 |             24 |              29 |
| Mahe        | HFC           | TV & Voice            |          34 |          14 |             14 |              28 |
| Mahe        | HFC           | TV Only               |        6048 |        4774 |           4774 |            4881 |
| Mahe        | HFC           | Voice Only            |         101 |         101 |            101 |             101 |
| Mahe        | HFC           | Services Total        |       14763 |        9967 |           9967 |           12630 |
| Mahe        | Network Total | Services Total        |       27001 |       15912 |          15842 |           22154 |
| Praslin     | GPON          | All                   |          41 |           7 |              7 |              23 |
| Praslin     | GPON          | Internet & Voice      |          10 |           5 |              5 |              10 |
| Praslin     | GPON          | Internet Only         |         249 |         249 |            249 |             249 |
| Praslin     | GPON          | TV & Internet         |         765 |         340 |            340 |             701 |
| Praslin     | GPON          | TV & Internet & OTT   |         643 |         188 |            188 |             386 |
| Praslin     | GPON          | TV & Internet & Voice |          14 |           4 |              4 |              14 |
| Praslin     | GPON          | TV & OTT              |          28 |          13 |             13 |              15 |
| Praslin     | GPON          | TV Only               |         349 |         271 |            271 |             283 |
| Praslin     | GPON          | Services Total        |        2099 |        1077 |           1077 |            1681 |
| Praslin     | HFC           | TV Only               |           1 |           1 |              1 |               1 |
| Praslin     | HFC           | Services Total        |           1 |           1 |              1 |               1 |
| Praslin     | Network Total | Services Total        |        2100 |        1078 |           1078 |            1682 |
| GRAND TOTAL | Network Total | Services Total        |       29101 |       16990 |          16917 |           23836 |
+-------------+---------------+-----------------------+-------------+-------------+----------------+-----------------+
39 rows in set (0.00 sec)

Query OK, 0 rows affected (0.01 sec)

Query OK, 28429 rows affected (0.49 sec)
Records: 28429  Duplicates: 0  Warnings: 0

Query OK, 0 rows affected (0.01 sec)

Query OK, 2376 rows affected (1.53 sec)
Records: 2376  Duplicates: 0  Warnings: 0

+--------------------------------------+
| message                              |
+--------------------------------------+
| running rcbill_my.sp_ActiveNumber2() |
+--------------------------------------+
1 row in set (0.00 sec)

Query OK, 365 rows affected (2 min 23.21 sec)

mysql> mysql \. C:\workspace\cloud\code\sql\_DailyScript\currenttime.sql
+---------------------+
| currenttime         |
+---------------------+
| 2021-12-27 10:14:09 |
+---------------------+
1 row in set (0.00 sec)

mysql> 
mysql> mysql \. C:\workspace\cloud\code\sql\_DailyScript\GetActiveNumbers Average -Pivot.sql
Database changed
+-------------------------------------+
| @today := subdate(current_date(),1) |
+-------------------------------------+
| 2021-12-26                          |
+-------------------------------------+
1 row in set (0.00 sec)

+-------------------------------------+
| @lastdayofmonth := last_day(@today) |
+-------------------------------------+
| 2021-12-31                          |
+-------------------------------------+
1 row in set (0.00 sec)

Query OK, 0 rows affected (0.01 sec)

Query OK, 52591 rows affected, 65535 warnings (1 min 8.93 sec)
Records: 52591  Duplicates: 0  Warnings: 107967

Query OK, 0 rows affected (0.12 sec)
Records: 0  Duplicates: 0  Warnings: 0

Query OK, 0 rows affected (0.16 sec)
Records: 0  Duplicates: 0  Warnings: 0

Query OK, 0 rows affected (0.12 sec)
Records: 0  Duplicates: 0  Warnings: 0

+-----------------+
| activenumberavg |
+-----------------+
|           52591 |
+-----------------+
1 row in set (0.01 sec)

Query OK, 0 rows affected (0.01 sec)

Query OK, 2006 rows affected (0.64 sec)
Records: 2006  Duplicates: 0  Warnings: 0

+---------------------+
| rep_activenumberavg |
+---------------------+
|                2006 |
+---------------------+
1 row in set (0.00 sec)

+----------------------+
| rep_activenumberavg1 |
+----------------------+
|                  932 |
+----------------------+
1 row in set (0.00 sec)

Query OK, 0 rows affected (0.01 sec)

Query OK, 2788 rows affected (0.53 sec)
Records: 2788  Duplicates: 0  Warnings: 0

Query OK, 0 rows affected (0.01 sec)

Query OK, 14438 rows affected (0.96 sec)
Records: 14438  Duplicates: 0  Warnings: 0

Query OK, 0 rows affected (0.01 sec)

Query OK, 250 rows affected (0.32 sec)
Records: 250  Duplicates: 0  Warnings: 0

Query OK, 0 rows affected (0.00 sec)

Query OK, 0 rows affected (0.00 sec)

Query OK, 0 rows affected (0.00 sec)

Query OK, 0 rows affected (0.00 sec)

Query OK, 0 rows affected (0.00 sec)
Statement prepared

Query OK, 53 rows affected (0.06 sec)
Records: 53  Duplicates: 0  Warnings: 0

Query OK, 0 rows affected (0.00 sec)

Query OK, 0 rows affected (0.00 sec)

+----------------------+
| rep_activenumberavg2 |
+----------------------+
|                 2788 |
+----------------------+
1 row in set (0.00 sec)

+------------------------+
| rep_activenumberavg_pv |
+------------------------+
|                     53 |
+------------------------+
1 row in set (0.00 sec)

Query OK, 0 rows affected (0.01 sec)

Query OK, 2785 rows affected (0.43 sec)
Records: 2785  Duplicates: 0  Warnings: 0

Query OK, 0 rows affected (0.00 sec)

Query OK, 0 rows affected (0.01 sec)

Query OK, 0 rows affected (0.01 sec)

Query OK, 0 rows affected (0.00 sec)

Query OK, 0 rows affected (0.00 sec)
Statement prepared

Query OK, 53 rows affected (0.06 sec)
Records: 53  Duplicates: 0  Warnings: 0

Query OK, 0 rows affected (0.00 sec)

Query OK, 0 rows affected (0.00 sec)

+-------------------------+
| rep_activenumberavgMahe |
+-------------------------+
|                    2785 |
+-------------------------+
1 row in set (0.00 sec)

+----------------------------+
| rep_activenumberavgMahe_pv |
+----------------------------+
|                         53 |
+----------------------------+
1 row in set (0.00 sec)

Query OK, 0 rows affected (0.01 sec)

Query OK, 1763 rows affected (0.20 sec)
Records: 1763  Duplicates: 0  Warnings: 0

Query OK, 0 rows affected (0.00 sec)

Query OK, 0 rows affected (0.01 sec)

Query OK, 0 rows affected (0.01 sec)

Query OK, 0 rows affected (0.00 sec)

Query OK, 0 rows affected (0.00 sec)
Statement prepared

Query OK, 40 rows affected (0.04 sec)
Records: 40  Duplicates: 0  Warnings: 0

Query OK, 0 rows affected (0.00 sec)

Query OK, 0 rows affected (0.00 sec)

+----------------------------+
| rep_activenumberavgPraslin |
+----------------------------+
|                       1763 |
+----------------------------+
1 row in set (0.00 sec)

+-------------------------------+
| rep_activenumberavgPraslin_pv |
+-------------------------------+
|                            40 |
+-------------------------------+
1 row in set (0.00 sec)

mysql> mysql \. C:\workspace\cloud\code\sql\_DailyScript\currenttime.sql
+---------------------+
| currenttime         |
+---------------------+
| 2021-12-27 10:15:22 |
+---------------------+
1 row in set (0.00 sec)

mysql> 
mysql> 
mysql> 
mysql> 
mysql> 
mysql> mysql \. C:\workspace\cloud\code\sql\Analysis\clients_contracts_creditpolicy_2.sql
Database changed
Query OK, 0 rows affected (0.00 sec)

Query OK, 1924215 rows affected (46.31 sec)
Records: 1924215  Duplicates: 0  Warnings: 0

Query OK, 0 rows affected (0.01 sec)

Query OK, 28451 rows affected (1.09 sec)
Records: 28451  Duplicates: 0  Warnings: 0

Query OK, 0 rows affected (0.01 sec)

Query OK, 28524 rows affected (15.16 sec)
Records: 28524  Duplicates: 0  Warnings: 0

+-------------------------+
| rep_cust_cont_creditpol |
+-------------------------+
|                   28524 |
+-------------------------+
1 row in set (0.01 sec)

mysql> mysql \. C:\workspace\cloud\code\sql\_DailyScript\currenttime.sql
+---------------------+
| currenttime         |
+---------------------+
| 2021-12-27 10:16:24 |
+---------------------+
1 row in set (0.00 sec)

mysql> 
mysql> 
mysql> 
mysql> 
mysql> 
mysql> 
mysql> 
mysql> 
mysql> 
mysql> 
mysql> 
mysql> 
mysql> 
mysql> 
mysql> 
mysql> 
mysql> 
mysql> 
mysql> 
mysql> 
mysql> 
mysql> 
mysql> 
mysql> 
mysql> 
mysql> 
mysql> 
mysql> 
mysql> exit
