    -> 
    -> mysql \. C:\workspace\cloud\code\sql\_DailyScript\_setdates.sql
Query OK, 0 rows affected (0.01 sec)

Query OK, 0 rows affected (1.50 sec)

Database changed
Query OK, 0 rows affected (0.00 sec)

Query OK, 0 rows affected (0.00 sec)

Query OK, 0 rows affected (0.00 sec)

Query OK, 0 rows affected (0.00 sec)

Query OK, 0 rows affected (0.00 sec)

Query OK, 0 rows affected (0.00 sec)

Query OK, 0 rows affected (0.00 sec)

Query OK, 0 rows affected (0.00 sec)

Query OK, 0 rows affected (0.00 sec)

Query OK, 0 rows affected (0.00 sec)

Query OK, 0 rows affected (0.00 sec)

Query OK, 0 rows affected (0.00 sec)

Query OK, 0 rows affected (0.00 sec)

Query OK, 0 rows affected (0.00 sec)

Query OK, 0 rows affected (0.00 sec)

Query OK, 0 rows affected (0.00 sec)

Query OK, 0 rows affected (0.00 sec)

Query OK, 0 rows affected (0.00 sec)

Query OK, 0 rows affected (0.00 sec)

Query OK, 0 rows affected (0.00 sec)

Query OK, 0 rows affected (0.00 sec)

Query OK, 0 rows affected (0.00 sec)

mysql> mysql \. C:\workspace\cloud\code\sql\_DailyScript\currenttime.sql
+---------------------+
| currenttime         |
+---------------------+
| 2021-07-12 05:57:40 |
+---------------------+
1 row in set (0.00 sec)

mysql> 
mysql> mysql \. C:\workspace\cloud\code\sql\_DailyScript\load_RCB_VODTITLES.sql
Database changed
Query OK, 0 rows affected (0.00 sec)

Query OK, 15540 rows affected (0.16 sec)

Query OK, 15542 rows affected, 15542 warnings (0.41 sec)
Records: 15542  Deleted: 0  Skipped: 0  Warnings: 15542

Query OK, 0 rows affected (0.00 sec)

Query OK, 2 rows affected (0.01 sec)

+-----------+
| VODTITLES |
+-----------+
|     16000 |
+-----------+
1 row in set (0.01 sec)

+-----------+-----------+
| titletype | typecount |
+-----------+-----------+
| E         |     13134 |
| N         |       246 |
| T         |      2160 |
| NULL      |     15540 |
+-----------+-----------+
4 rows in set (0.05 sec)

mysql> mysql \. C:\workspace\cloud\code\sql\_DailyScript\currenttime.sql
+---------------------+
| currenttime         |
+---------------------+
| 2021-07-12 05:57:41 |
+---------------------+
1 row in set (0.00 sec)

mysql> 
mysql> mysql \. C:\workspace\cloud\code\sql\_DailyScript\DAILY-SCRIPT-LIVETV-STATS.sql
Database changed
Query OK, 0 rows affected (0.01 sec)

Query OK, 92507 rows affected (1.00 sec)
Records: 92507  Duplicates: 0  Warnings: 0

+------------+------------+----------+--------------+--------------+-----------+-------------+----------+--------+------+------------+---------+---------------+
| Table      | Non_unique | Key_name | Seq_in_index | Column_name  | Collation | Cardinality | Sub_part | Packed | Null | Index_type | Comment | Index_comment |
+------------+------------+----------+--------------+--------------+-----------+-------------+----------+--------+------+------------+---------+---------------+
| templivetv |          1 | idxtv1   |            1 | device       | A         |       92500 |     NULL | NULL   | YES  | BTREE      |         |               |
| templivetv |          1 | idxtv2   |            1 | sessionstart | A         |       92500 |     NULL | NULL   | YES  | BTREE      |         |               |
+------------+------------+----------+--------------+--------------+-----------+-------------+----------+--------+------+------------+---------+---------------+
2 rows in set (0.00 sec)

Query OK, 92531 rows affected (10.77 sec)
Records: 92531  Duplicates: 0  Warnings: 0

Query OK, 2526 rows affected (0.66 sec)
Records: 2526  Duplicates: 0  Warnings: 0

Query OK, 0 rows affected (0.00 sec)

Query OK, 0 rows affected (0.00 sec)

Query OK, 126 rows affected (0.04 sec)
Records: 126  Duplicates: 0  Warnings: 0

Query OK, 0 rows affected (0.02 sec)

Query OK, 73015 rows affected (9 min 40.78 sec)
Records: 73015  Duplicates: 0  Warnings: 0

+-----------------+
| rep_livetvstats |
+-----------------+
|           73015 |
+-----------------+
1 row in set (0.02 sec)

mysql> mysql \. C:\workspace\cloud\code\sql\_DailyScript\currenttime.sql
+---------------------+
| currenttime         |
+---------------------+
| 2021-07-12 06:07:34 |
+---------------------+
1 row in set (0.00 sec)

mysql> 
mysql> mysql \. C:\workspace\cloud\code\sql\_DailyScript\DAILY-SCRIPT-VODTS-STATS.sql
Database changed
Query OK, 0 rows affected (0.03 sec)

Query OK, 9710 rows affected (29.98 sec)
Records: 9710  Duplicates: 0  Warnings: 0

+---------+------------+----------+--------------+--------------+-----------+-------------+----------+--------+------+------------+---------+---------------+
| Table   | Non_unique | Key_name | Seq_in_index | Column_name  | Collation | Cardinality | Sub_part | Packed | Null | Index_type | Comment | Index_comment |
+---------+------------+----------+--------------+--------------+-----------+-------------+----------+--------+------+------------+---------+---------------+
| tempvod |          1 | idxtvod1 |            1 | device       | A         |        9822 |     NULL | NULL   | YES  | BTREE      |         |               |
| tempvod |          1 | idxtvod2 |            1 | sessionstart | A         |        9822 |     NULL | NULL   | YES  | BTREE      |         |               |
+---------+------------+----------+--------------+--------------+-----------+-------------+----------+--------+------+------------+---------+---------------+
2 rows in set (0.00 sec)

Query OK, 9746 rows affected (4.17 sec)
Records: 9746  Duplicates: 0  Warnings: 0

Query OK, 0 rows affected (0.07 sec)

Query OK, 1301366 rows affected (1 min 52.65 sec)
Records: 1301366  Duplicates: 0  Warnings: 0

+--------------+
| rep_vodstats |
+--------------+
|      1301366 |
+--------------+
1 row in set (0.38 sec)

Database changed
Query OK, 0 rows affected (0.01 sec)

Query OK, 21502 rows affected (50.85 sec)
Records: 21502  Duplicates: 0  Warnings: 0

+--------+------------+----------+--------------+--------------+-----------+-------------+----------+--------+------+------------+---------+---------------+
| Table  | Non_unique | Key_name | Seq_in_index | Column_name  | Collation | Cardinality | Sub_part | Packed | Null | Index_type | Comment | Index_comment |
+--------+------------+----------+--------------+--------------+-----------+-------------+----------+--------+------+------------+---------+---------------+
| tempts |          1 | idxtts1  |            1 | device       | A         |       21737 |     NULL | NULL   | YES  | BTREE      |         |               |
| tempts |          1 | idxtts2  |            1 | sessionstart | A         |       21737 |     NULL | NULL   | YES  | BTREE      |         |               |
+--------+------------+----------+--------------+--------------+-----------+-------------+----------+--------+------+------------+---------+---------------+
2 rows in set (0.00 sec)

Query OK, 21450 rows affected (15.48 sec)
Records: 21450  Duplicates: 0  Warnings: 0

Query OK, 0 rows affected (0.02 sec)

Query OK, 49946 rows affected (51.30 sec)
Records: 49946  Duplicates: 0  Warnings: 0

+-------------+
| rep_tsstats |
+-------------+
|       49946 |
+-------------+
1 row in set (0.02 sec)

mysql> mysql \. C:\workspace\cloud\code\sql\_DailyScript\currenttime.sql
+---------------------+
| currenttime         |
+---------------------+
| 2021-07-12 06:11:59 |
+---------------------+
1 row in set (0.00 sec)

mysql> 
mysql> mysql \. C:\workspace\cloud\code\sql\_DailyScript\DAILY-SCRIPT-RADIO-STATS.sql
Database changed
Query OK, 0 rows affected (0.06 sec)

Query OK, 409108 rows affected (4.91 sec)
Records: 409108  Duplicates: 0  Warnings: 0

+-----------+------------+----------+--------------+--------------+-----------+-------------+----------+--------+------+------------+---------+---------------+
| Table     | Non_unique | Key_name | Seq_in_index | Column_name  | Collation | Cardinality | Sub_part | Packed | Null | Index_type | Comment | Index_comment |
+-----------+------------+----------+--------------+--------------+-----------+-------------+----------+--------+------+------------+---------+---------------+
| tempradio |          1 | idxtrad1 |            1 | device       | A         |      410720 |     NULL | NULL   | YES  | BTREE      |         |               |
| tempradio |          1 | idxtrad2 |            1 | sessionstart | A         |      410720 |     NULL | NULL   | YES  | BTREE      |         |               |
+-----------+------------+----------+--------------+--------------+-----------+-------------+----------+--------+------+------------+---------+---------------+
2 rows in set (0.00 sec)

Query OK, 414 rows affected (0.94 sec)
Records: 414  Duplicates: 0  Warnings: 0

Query OK, 0 rows affected (0.01 sec)

Query OK, 6583 rows affected (0.54 sec)
Records: 6583  Duplicates: 0  Warnings: 0

+----------------+
| rep_radiostats |
+----------------+
|           6583 |
+----------------+
1 row in set (0.00 sec)

mysql> mysql \. C:\workspace\cloud\code\sql\_DailyScript\currenttime.sql
+---------------------+
| currenttime         |
+---------------------+
| 2021-07-12 06:12:06 |
+---------------------+
1 row in set (0.00 sec)

mysql> 
mysql> mysql \. C:\workspace\cloud\code\sql\_DailyScript\DAILY_SCRIPT_TELEMETRY_PIVOT_2021.sql
Query OK, 0 rows affected (0.01 sec)

Query OK, 140 rows affected (0.13 sec)
Records: 140  Duplicates: 0  Warnings: 0

Query OK, 0 rows affected (0.01 sec)

Query OK, 13269 rows affected (2.19 sec)
Records: 13269  Duplicates: 0  Warnings: 0

Query OK, 0 rows affected (0.01 sec)

Query OK, 5 rows affected (0.02 sec)
Records: 5  Duplicates: 0  Warnings: 0

Query OK, 0 rows affected (0.01 sec)

Query OK, 44 rows affected (0.06 sec)
Records: 44  Duplicates: 0  Warnings: 0

mysql> mysql \. C:\workspace\cloud\code\sql\_DailyScript\currenttime.sql
+---------------------+
| currenttime         |
+---------------------+
| 2021-07-12 06:12:08 |
+---------------------+
1 row in set (0.00 sec)

mysql> 
mysql> mysql \. C:\workspace\cloud\code\sql\_DailyScript\telemetry_livetv_ranking2021.sql
Query OK, 0 rows affected (0.01 sec)

Query OK, 140 rows affected (0.02 sec)
Records: 140  Duplicates: 0  Warnings: 0

mysql> mysql \. C:\workspace\cloud\code\sql\_DailyScript\currenttime.sql
+---------------------+
| currenttime         |
+---------------------+
| 2021-07-12 06:12:08 |
+---------------------+
1 row in set (0.00 sec)

mysql> 
mysql> mysql \. C:\workspace\cloud\code\sql\_DailyScript\telemetry_radio_ranking2021.sql
Query OK, 0 rows affected (0.01 sec)

Query OK, 5 rows affected (0.02 sec)
Records: 5  Duplicates: 0  Warnings: 0

mysql> mysql \. C:\workspace\cloud\code\sql\_DailyScript\currenttime.sql
+---------------------+
| currenttime         |
+---------------------+
| 2021-07-12 06:12:08 |
+---------------------+
1 row in set (0.00 sec)

mysql> 
mysql> mysql \. C:\workspace\cloud\code\sql\_DailyScript\telemetry_ts_ranking2021.sql
Query OK, 0 rows affected (0.01 sec)

Query OK, 44 rows affected (0.02 sec)
Records: 44  Duplicates: 0  Warnings: 0

mysql> mysql \. C:\workspace\cloud\code\sql\_DailyScript\currenttime.sql
+---------------------+
| currenttime         |
+---------------------+
| 2021-07-12 06:12:08 |
+---------------------+
1 row in set (0.00 sec)

mysql> 
mysql> mysql \. C:\workspace\cloud\code\sql\_DailyScript\telemetry_vod_ranking2021.sql
Query OK, 0 rows affected (0.00 sec)

Query OK, 13269 rows affected (0.70 sec)
Records: 13269  Duplicates: 0  Warnings: 0

mysql> mysql \. C:\workspace\cloud\code\sql\_DailyScript\currenttime.sql
+---------------------+
| currenttime         |
+---------------------+
| 2021-07-12 06:12:09 |
+---------------------+
1 row in set (0.00 sec)

mysql> 
mysql> mysql \. C:\workspace\cloud\code\sql\_DailyScript\telemetry_vod_ranking2021_1.sql
Query OK, 0 rows affected (0.01 sec)

Query OK, 13269 rows affected (0.32 sec)
Records: 13269  Duplicates: 0  Warnings: 0

mysql> mysql \. C:\workspace\cloud\code\sql\_DailyScript\currenttime.sql
+---------------------+
| currenttime         |
+---------------------+
| 2021-07-12 06:12:09 |
+---------------------+
1 row in set (0.00 sec)

mysql> 
mysql> mysql \. C:\workspace\cloud\code\sql\_DailyScript\telemetry_vod_ranking2021_2.sql
Query OK, 0 rows affected (0.01 sec)

Query OK, 13269 rows affected (0.28 sec)
Records: 13269  Duplicates: 0  Warnings: 0

mysql> mysql \. C:\workspace\cloud\code\sql\_DailyScript\currenttime.sql
+---------------------+
| currenttime         |
+---------------------+
| 2021-07-12 06:12:10 |
+---------------------+
1 row in set (0.00 sec)

mysql> 
mysql> 
mysql> 
mysql> 
mysql> mysql \. C:\workspace\cloud\code\sql\_DailyScript\ticket_analysis.sql
Database changed
Query OK, 0 rows affected (0.08 sec)

Query OK, 840863 rows affected (27.53 sec)
Records: 840863  Duplicates: 0  Warnings: 0

Query OK, 0 rows affected (3.36 sec)
Records: 0  Duplicates: 0  Warnings: 0

Query OK, 0 rows affected (1.69 sec)
Records: 0  Duplicates: 0  Warnings: 0

Query OK, 0 rows affected (1.55 sec)
Records: 0  Duplicates: 0  Warnings: 0

Query OK, 0 rows affected (0.02 sec)

Query OK, 26470 rows affected (13.63 sec)
Records: 26470  Duplicates: 0  Warnings: 0

Query OK, 0 rows affected, 1 warning (0.00 sec)

Query OK, 121996 rows affected (8.37 sec)
Records: 121996  Duplicates: 0  Warnings: 0

Query OK, 0 rows affected, 1 warning (0.00 sec)

Query OK, 618822 rows affected (16.50 sec)
Records: 618822  Duplicates: 0  Warnings: 0

Query OK, 0 rows affected, 1 warning (0.00 sec)

Query OK, 618822 rows affected (16.51 sec)
Records: 618822  Duplicates: 0  Warnings: 0

Query OK, 0 rows affected (0.01 sec)

Query OK, 122117 rows affected (4.18 sec)
Records: 122117  Duplicates: 0  Warnings: 0

Database changed
Query OK, 0 rows affected (0.00 sec)

Query OK, 0 rows affected (0.03 sec)

Query OK, 840863 rows affected (29.27 sec)
Records: 840863  Duplicates: 0  Warnings: 0

Query OK, 0 rows affected (0.01 sec)

Query OK, 433001 rows affected (18.76 sec)
Records: 433001  Duplicates: 0  Warnings: 0

+--------------------------+
| clientticket_cmmtjourney |
+--------------------------+
|                   840863 |
+--------------------------+
1 row in set (1.15 sec)

+---------------------------+
| clientticket_assgnjourney |
+---------------------------+
|                    433001 |
+---------------------------+
1 row in set (1.44 sec)

Query OK, 0 rows affected (0.05 sec)

Query OK, 87 rows affected (0.14 sec)
Records: 87  Duplicates: 0  Warnings: 0

mysql> mysql \. C:\workspace\cloud\code\sql\_DailyScript\currenttime.sql
+---------------------+
| currenttime         |
+---------------------+
| 2021-07-12 06:14:34 |
+---------------------+
1 row in set (0.00 sec)

mysql> 
mysql> mysql \. C:\workspace\cloud\code\sql\_DailyScript\load_DailyCalls.sql
Database changed
Query OK, 457 rows affected (0.16 sec)
Records: 457  Deleted: 0  Skipped: 0  Warnings: 0

Query OK, 0 rows affected, 1 warning (0.00 sec)

Query OK, 457 rows affected (0.03 sec)
Records: 457  Duplicates: 0  Warnings: 0

Query OK, 0 rows affected, 1 warning (0.00 sec)

Query OK, 69941 rows affected (0.30 sec)
Records: 69941  Duplicates: 0  Warnings: 0

+----------------------+
| callingclientsbefore |
+----------------------+
|              1228161 |
+----------------------+
1 row in set (0.57 sec)

Query OK, 679 rows affected (10.07 sec)
Records: 679  Duplicates: 0  Warnings: 0

+---------------------+
| callingclientsafter |
+---------------------+
|             1228840 |
+---------------------+
1 row in set (0.33 sec)

Query OK, 0 rows affected (0.01 sec)

Query OK, 312 rows affected (5.67 sec)
Records: 312  Duplicates: 0  Warnings: 0

Query OK, 0 rows affected (0.00 sec)

Query OK, 23866 rows affected (4.01 sec)
Records: 23866  Duplicates: 0  Warnings: 0

+-----------+
| callstats |
+-----------+
|     23866 |
+-----------+
1 row in set (0.01 sec)

Query OK, 0 rows affected, 1 warning (0.00 sec)

Query OK, 679 rows affected (2.80 sec)
Records: 679  Duplicates: 0  Warnings: 0

+------------------------+
| rep_cccallreportbefore |
+------------------------+
|                1229776 |
+------------------------+
1 row in set (0.33 sec)

Query OK, 679 rows affected (0.15 sec)
Records: 679  Duplicates: 0  Warnings: 0

+-----------------------+
| rep_cccallreportafter |
+-----------------------+
|               1230455 |
+-----------------------+
1 row in set (0.33 sec)

Query OK, 0 rows affected (0.01 sec)

mysql> mysql \. C:\workspace\cloud\code\sql\_DailyScript\currenttime.sql
+---------------------+
| currenttime         |
+---------------------+
| 2021-07-12 06:14:59 |
+---------------------+
1 row in set (0.00 sec)

mysql> 
mysql> mysql \. C:\workspace\cloud\code\sql\_DailyScript\DAILY-SCRIPT-USAGE.sql
Database changed
Query OK, 0 rows affected (0.00 sec)

Query OK, 4419 rows affected, 12751 warnings (0.95 sec)
Records: 4419  Deleted: 0  Skipped: 0  Warnings: 12751

Query OK, 0 rows affected (0.00 sec)

Query OK, 6916 rows affected, 19870 warnings (1.13 sec)
Records: 6916  Deleted: 0  Skipped: 0  Warnings: 19870

Query OK, 0 rows affected (0.00 sec)

Query OK, 271 rows affected, 957 warnings (0.03 sec)
Records: 271  Deleted: 0  Skipped: 0  Warnings: 957

Query OK, 0 rows affected (0.00 sec)

Query OK, 171 rows affected, 576 warnings (0.04 sec)
Records: 171  Deleted: 0  Skipped: 0  Warnings: 576

+------------+
| dailyusage |
+------------+
|   18141613 |
+------------+
1 row in set (6.86 sec)

+------------+------------+------------+---------+
| datestart  | dateend    | insertedon | records |
+------------+------------+------------+---------+
| 2021-07-09 | 2021-07-09 | 2021-07-12 |   11777 |
| 2021-07-08 | 2021-07-08 | 2021-07-09 |   12413 |
| 2021-07-07 | 2021-07-07 | 2021-07-08 |   12243 |
| 2021-07-06 | 2021-07-06 | 2021-07-07 |   12617 |
| 2021-07-05 | 2021-07-05 | 2021-07-06 |   12503 |
+------------+------------+------------+---------+
5 rows in set (35.24 sec)

+----------+------------+------------+------------+---------+
| category | datestart  | dateend    | insertedon | records |
+----------+------------+------------+------------+---------+
| UNCAPPED | 2021-07-09 | 2021-07-09 | 2021-07-12 |    6916 |
| PREPAID  | 2021-07-09 | 2021-07-09 | 2021-07-12 |     271 |
| HOTSPOT  | 2021-07-09 | 2021-07-09 | 2021-07-12 |     171 |
| CAPPED   | 2021-07-09 | 2021-07-09 | 2021-07-12 |    4419 |
| UNCAPPED | 2021-07-08 | 2021-07-08 | 2021-07-09 |    7317 |
| PREPAID  | 2021-07-08 | 2021-07-08 | 2021-07-09 |     268 |
| HOTSPOT  | 2021-07-08 | 2021-07-08 | 2021-07-09 |     160 |
| CAPPED   | 2021-07-08 | 2021-07-08 | 2021-07-09 |    4668 |
| UNCAPPED | 2021-07-07 | 2021-07-07 | 2021-07-08 |    7251 |
| PREPAID  | 2021-07-07 | 2021-07-07 | 2021-07-08 |     252 |
| HOTSPOT  | 2021-07-07 | 2021-07-07 | 2021-07-08 |     158 |
| CAPPED   | 2021-07-07 | 2021-07-07 | 2021-07-08 |    4582 |
| UNCAPPED | 2021-07-06 | 2021-07-06 | 2021-07-07 |    7503 |
| PREPAID  | 2021-07-06 | 2021-07-06 | 2021-07-07 |     263 |
| HOTSPOT  | 2021-07-06 | 2021-07-06 | 2021-07-07 |     154 |
| CAPPED   | 2021-07-06 | 2021-07-06 | 2021-07-07 |    4697 |
| UNCAPPED | 2021-07-05 | 2021-07-05 | 2021-07-06 |    7394 |
| PREPAID  | 2021-07-05 | 2021-07-05 | 2021-07-06 |     258 |
| HOTSPOT  | 2021-07-05 | 2021-07-05 | 2021-07-06 |     155 |
| CAPPED   | 2021-07-05 | 2021-07-05 | 2021-07-06 |    4696 |
+----------+------------+------------+------------+---------+
20 rows in set (26.79 sec)

mysql> mysql \. C:\workspace\cloud\code\sql\_DailyScript\currenttime.sql
+---------------------+
| currenttime         |
+---------------------+
| 2021-07-12 06:16:10 |
+---------------------+
1 row in set (0.00 sec)

mysql> 
mysql> mysql \. C:\workspace\cloud\code\sql\_DailyScript\DAILY-SCRIPT-SALES-TELEMETRY.sql
Database changed
Query OK, 123 rows affected, 127 warnings (0.04 sec)
Records: 123  Deleted: 0  Skipped: 0  Warnings: 127

+------------+
| dailysales |
+------------+
|     239650 |
+------------+
1 row in set (0.27 sec)

Query OK, 0 rows affected (0.02 sec)

Query OK, 239650 rows affected (16.20 sec)
Records: 239650  Duplicates: 0  Warnings: 0

+--------+
| sales  |
+--------+
| 239650 |
+--------+
1 row in set (0.10 sec)

Query OK, 0 rows affected (0.01 sec)

Query OK, 3964 rows affected (0.40 sec)
Records: 3964  Duplicates: 0  Warnings: 0

+----------------+
| rep_dailysales |
+----------------+
|           3964 |
+----------------+
1 row in set (0.00 sec)

Query OK, 0 rows affected (0.01 sec)

Query OK, 3964 rows affected (0.60 sec)
Records: 3964  Duplicates: 0  Warnings: 0

+-------------------+
| rep_dailysalesreg |
+-------------------+
|              3964 |
+-------------------+
1 row in set (0.00 sec)

Query OK, 0 rows affected (0.03 sec)

Query OK, 2950 rows affected (0.77 sec)
Records: 2950  Duplicates: 0  Warnings: 0

+-----------+
| saleslist |
+-----------+
|      2950 |
+-----------+
1 row in set (0.00 sec)

Database changed
ERROR 2 (HY000): File 'C:\ProgramData\MySQL\MySQL Server 5.7\Uploads\_csv\PrepaidCardSales-09072021-P1.csv' not found (Errcode: 2 - No such file or directory)
+------------------+
| dailysinglesales |
+------------------+
|             6546 |
+------------------+
1 row in set (0.02 sec)

Database changed
Query OK, 9 rows affected (0.03 sec)
Records: 9  Deleted: 0  Skipped: 0  Warnings: 0

+-----------------+
| dailyaddonsales |
+-----------------+
|           24213 |
+-----------------+
1 row in set (0.06 sec)

Query OK, 210 rows affected (0.08 sec)
Records: 210  Deleted: 0  Skipped: 0  Warnings: 0

+----------------+
| onlinepayments |
+----------------+
|         203607 |
+----------------+
1 row in set (0.13 sec)

+-------------+----------------+---------------------+
| paymentdate | onlinepayments | onlinepaymentamount |
+-------------+----------------+---------------------+
| 2021-07-09  |            210 |        124852.58000 |
| 2021-07-08  |            232 |        139259.44000 |
| 2021-07-07  |            285 |        184963.14000 |
| 2021-07-06  |            290 |        176449.69000 |
| 2021-07-05  |            273 |        178421.16000 |
+-------------+----------------+---------------------+
5 rows in set (0.61 sec)

+-------------+--------------+----------------+---------------------+
| paymentyear | paymentmonth | onlinepayments | onlinepaymentamount |
+-------------+--------------+----------------+---------------------+
|        2021 |            7 |           2736 |       1776461.65000 |
|        2021 |            6 |           8773 |       5686976.03000 |
|        2021 |            5 |           9358 |       5959322.66000 |
|        2021 |            4 |           8607 |       5573873.25000 |
|        2021 |            3 |           9164 |       5894594.15000 |
+-------------+--------------+----------------+---------------------+
5 rows in set (0.20 sec)

mysql> mysql \. C:\workspace\cloud\code\sql\_DailyScript\currenttime.sql
+---------------------+
| currenttime         |
+---------------------+
| 2021-07-12 06:16:30 |
+---------------------+
1 row in set (0.00 sec)

mysql> 
mysql> mysql \. C:\workspace\cloud\code\sql\_DailyScript\DAILY-SCRIPT-ACTIVENUMBERS.sql
Database changed
Query OK, 1129 rows affected (0.50 sec)
Records: 1129  Deleted: 0  Skipped: 0  Warnings: 0

+------------+----------+
| period     | count(1) |
+------------+----------+
| 2021-07-09 |     1129 |
| 2021-07-08 |     1131 |
| 2021-07-07 |     1129 |
| 2021-07-06 |     1128 |
| 2021-07-05 |     1127 |
+------------+----------+
5 rows in set (0.01 sec)

Query OK, 0 rows affected (0.01 sec)

Query OK, 74 rows affected (1.43 sec)
Records: 74  Duplicates: 0  Warnings: 0

+-------------+
| packagelist |
+-------------+
|          74 |
+-------------+
1 row in set (0.00 sec)

Database changed
Query OK, 0 rows affected (0.00 sec)

Query OK, 0 rows affected (0.00 sec)

Query OK, 0 rows affected (0.00 sec)

Query OK, 0 rows affected (0.00 sec)

Query OK, 29213 rows affected, 271 warnings (17.61 sec)
Records: 29213  Deleted: 0  Skipped: 0  Warnings: 271

+------------+----------+
| period     | count(1) |
+------------+----------+
| 2021-07-09 |    29213 |
| 2021-07-08 |    29172 |
| 2021-07-07 |    29167 |
| 2021-07-06 |    29186 |
| 2021-07-05 |    29076 |
+------------+----------+
5 rows in set (0.12 sec)

Query OK, 0 rows affected (0.01 sec)

Query OK, 28637 rows affected (51.59 sec)
Records: 28637  Duplicates: 0  Warnings: 0

Query OK, 0 rows affected (0.11 sec)
Records: 0  Duplicates: 0  Warnings: 0

Query OK, 0 rows affected (0.11 sec)
Records: 0  Duplicates: 0  Warnings: 0

Query OK, 0 rows affected (0.10 sec)
Records: 0  Duplicates: 0  Warnings: 0

Query OK, 0 rows affected (0.08 sec)
Records: 0  Duplicates: 0  Warnings: 0

Query OK, 0 rows affected (0.07 sec)
Records: 0  Duplicates: 0  Warnings: 0

Query OK, 0 rows affected (0.07 sec)
Records: 0  Duplicates: 0  Warnings: 0

+-------------+
| countbefore |
+-------------+
|    47398338 |
+-------------+
1 row in set (19.18 sec)

Query OK, 28637 rows affected (5.49 sec)
Records: 28637  Duplicates: 0  Warnings: 0

+------------+
| countafter |
+------------+
|   47426975 |
+------------+
1 row in set (15.26 sec)

+------------+--------------------------+
| period     | customercontractactivity |
+------------+--------------------------+
| 2021-07-09 |                    28637 |
| 2021-07-08 |                    28604 |
| 2021-07-07 |                    28601 |
| 2021-07-06 |                    28620 |
| 2021-07-05 |                    28507 |
+------------+--------------------------+
5 rows in set (0.06 sec)

Query OK, 0 rows affected (0.03 sec)

Query OK, 310055 rows affected (8 min 41.59 sec)
Records: 310055  Duplicates: 0  Warnings: 0

Query OK, 0 rows affected (1.04 sec)
Records: 0  Duplicates: 0  Warnings: 0

Query OK, 0 rows affected (1.20 sec)
Records: 0  Duplicates: 0  Warnings: 0

Query OK, 0 rows affected (1.19 sec)
Records: 0  Duplicates: 0  Warnings: 0

Query OK, 0 rows affected (0.01 sec)

Query OK, 235 rows affected (0.46 sec)
Records: 235  Duplicates: 0  Warnings: 0

Query OK, 0 rows affected (0.01 sec)

Query OK, 2548 rows affected (0.64 sec)
Records: 2548  Duplicates: 0  Warnings: 0

Query OK, 0 rows affected (0.01 sec)

Query OK, 28613 rows affected (0.56 sec)
Records: 28613  Duplicates: 0  Warnings: 0

Query OK, 0 rows affected (0.01 sec)

Query OK, 17353 rows affected (0.38 sec)
Records: 17353  Duplicates: 0  Warnings: 0

Query OK, 0 rows affected (0.01 sec)

Query OK, 17353 rows affected (0.13 sec)
Records: 17353  Duplicates: 0  Warnings: 0

Query OK, 0 rows affected (0.01 sec)

Query OK, 17353 rows affected (1.19 sec)
Records: 17353  Duplicates: 0  Warnings: 0

Query OK, 0 rows affected (0.01 sec)

Query OK, 17353 rows affected (45.23 sec)
Records: 17353  Duplicates: 0  Warnings: 0

+-------------+
| clientstats |
+-------------+
|       17353 |
+-------------+
1 row in set (0.01 sec)

Query OK, 0 rows affected (0.01 sec)

Query OK, 12 rows affected, 1 warning (0.10 sec)
Records: 12  Duplicates: 0  Warnings: 1

+-----------------------+-------------+-------------+----------------+-----------------+
| services              | activecount | allaccounts | uniqueaccounts | uniquecontracts |
+-----------------------+-------------+-------------+----------------+-----------------+
| All                   |         402 |          67 |             67 |             216 |
| Internet & Voice      |         321 |         141 |            141 |             277 |
| Internet Only         |        4406 |        4284 |           4278 |            4328 |
| OTT Only              |           3 |           2 |              2 |               2 |
| TV & Internet         |       10109 |        4534 |           4525 |            9248 |
| TV & Internet & OTT   |        4188 |        1078 |           1076 |            2236 |
| TV & Internet & Voice |         534 |         151 |            151 |             464 |
| TV & OTT              |         460 |          69 |             67 |              81 |
| TV & Voice            |          71 |          32 |             32 |              65 |
| TV Only               |        8739 |        6867 |           6858 |            7078 |
| Voice Only            |         130 |         128 |            128 |             130 |
| GRAND TOTAL           |       29363 |       17353 |          17280 |           24125 |
+-----------------------+-------------+-------------+----------------+-----------------+
12 rows in set (0.00 sec)

+-------------+-------------+-------------+----------------+-----------------+
| network     | activecount | allaccounts | uniqueaccounts | uniquecontracts |
+-------------+-------------+-------------+----------------+-----------------+
| GPON        |       12616 |        6233 |           6230 |            9916 |
| HFC         |       16747 |       11120 |          11120 |           14209 |
| GRAND TOTAL |       29363 |       17353 |          17280 |           24125 |
+-------------+-------------+-------------+----------------+-----------------+
3 rows in set, 1 warning (0.12 sec)

+-------------+-----------------------+-------------+-------------+----------------+-----------------+
| network     | services              | activecount | allaccounts | uniqueaccounts | uniquecontracts |
+-------------+-----------------------+-------------+-------------+----------------+-----------------+
| GPON        | All                   |         273 |          49 |             49 |             155 |
| GPON        | Internet & Voice      |          78 |          32 |             32 |              68 |
| GPON        | Internet Only         |        1507 |        1405 |           1405 |            1430 |
| GPON        | TV & Internet         |        5227 |        2305 |           2305 |            4736 |
| GPON        | TV & Internet & OTT   |        2934 |         756 |            756 |            1575 |
| GPON        | TV & Internet & Voice |         266 |          70 |             70 |             218 |
| GPON        | TV & OTT              |         267 |          39 |             39 |              43 |
| GPON        | TV & Voice            |          47 |          21 |             21 |              43 |
| GPON        | TV Only               |        2004 |        1544 |           1544 |            1635 |
| GPON        | Voice Only            |          13 |          12 |             12 |              13 |
| GPON        | Services Total        |       12616 |        6233 |           6230 |            9916 |
| HFC         | All                   |         129 |          18 |             18 |              61 |
| HFC         | Internet & Voice      |         243 |         109 |            109 |             209 |
| HFC         | Internet Only         |        2899 |        2879 |           2879 |            2898 |
| HFC         | OTT Only              |           3 |           2 |              2 |               2 |
| HFC         | TV & Internet         |        4882 |        2229 |           2229 |            4512 |
| HFC         | TV & Internet & OTT   |        1254 |         322 |            322 |             661 |
| HFC         | TV & Internet & Voice |         268 |          81 |             81 |             246 |
| HFC         | TV & OTT              |         193 |          30 |             30 |              38 |
| HFC         | TV & Voice            |          24 |          11 |             11 |              22 |
| HFC         | TV Only               |        6735 |        5323 |           5323 |            5443 |
| HFC         | Voice Only            |         117 |         116 |            116 |             117 |
| HFC         | Services Total        |       16747 |       11120 |          11120 |           14209 |
| GRAND TOTAL | Services Total        |       29363 |       17353 |          17280 |           24125 |
+-------------+-----------------------+-------------+-------------+----------------+-----------------+
24 rows in set, 2 warnings (0.13 sec)

Query OK, 0 rows affected (0.01 sec)

Query OK, 43 rows affected, 3 warnings (0.20 sec)
Records: 43  Duplicates: 0  Warnings: 3

+-------------+---------------+-----------------------+-------------+-------------+----------------+-----------------+
| region      | network       | services              | activecount | allaccounts | uniqueaccounts | uniquecontracts |
+-------------+---------------+-----------------------+-------------+-------------+----------------+-----------------+
| Eden Island | GPON          | TV & Internet         |           2 |           1 |              1 |               2 |
| Eden Island | GPON          | Services Total        |           2 |           1 |              1 |               2 |
| Eden Island | Network Total | Services Total        |           2 |           1 |              1 |               2 |
| Mahe        | GPON          | All                   |         235 |          43 |             43 |             136 |
| Mahe        | GPON          | Internet & Voice      |          70 |          28 |             28 |              60 |
| Mahe        | GPON          | Internet Only         |        1264 |        1162 |           1162 |            1187 |
| Mahe        | GPON          | TV & Internet         |        4444 |        1957 |           1957 |            4017 |
| Mahe        | GPON          | TV & Internet & OTT   |        2376 |         599 |            599 |            1254 |
| Mahe        | GPON          | TV & Internet & Voice |         260 |          68 |             68 |             212 |
| Mahe        | GPON          | TV & OTT              |         256 |          34 |             34 |              38 |
| Mahe        | GPON          | TV & Voice            |          44 |          20 |             20 |              40 |
| Mahe        | GPON          | TV Only               |        1662 |        1278 |           1278 |            1351 |
| Mahe        | GPON          | Voice Only            |          12 |          11 |             11 |              12 |
| Mahe        | GPON          | Services Total        |       10623 |        5200 |           5200 |            8307 |
| Mahe        | HFC           | All                   |         129 |          18 |             18 |              61 |
| Mahe        | HFC           | Internet & Voice      |         243 |         109 |            109 |             209 |
| Mahe        | HFC           | Internet Only         |        2899 |        2879 |           2879 |            2898 |
| Mahe        | HFC           | OTT Only              |           3 |           2 |              2 |               2 |
| Mahe        | HFC           | TV & Internet         |        4880 |        2228 |           2228 |            4510 |
| Mahe        | HFC           | TV & Internet & OTT   |        1254 |         322 |            322 |             661 |
| Mahe        | HFC           | TV & Internet & Voice |         268 |          81 |             81 |             246 |
| Mahe        | HFC           | TV & OTT              |         193 |          30 |             30 |              38 |
| Mahe        | HFC           | TV & Voice            |          24 |          11 |             11 |              22 |
| Mahe        | HFC           | TV Only               |        6732 |        5321 |           5321 |            5441 |
| Mahe        | HFC           | Voice Only            |         117 |         116 |            116 |             117 |
| Mahe        | HFC           | Services Total        |       16742 |       11117 |          11117 |           14205 |
| Mahe        | Network Total | Services Total        |       27365 |       16317 |          16247 |           22512 |
| Praslin     | GPON          | All                   |          38 |           6 |              6 |              19 |
| Praslin     | GPON          | Internet & Voice      |           8 |           4 |              4 |               8 |
| Praslin     | GPON          | Internet Only         |         243 |         243 |            243 |             243 |
| Praslin     | GPON          | TV & Internet         |         781 |         347 |            347 |             717 |
| Praslin     | GPON          | TV & Internet & OTT   |         558 |         157 |            157 |             321 |
| Praslin     | GPON          | TV & Internet & Voice |           6 |           2 |              2 |               6 |
| Praslin     | GPON          | TV & OTT              |          11 |           5 |              5 |               5 |
| Praslin     | GPON          | TV & Voice            |           3 |           1 |              1 |               3 |
| Praslin     | GPON          | TV Only               |         342 |         266 |            266 |             284 |
| Praslin     | GPON          | Voice Only            |           1 |           1 |              1 |               1 |
| Praslin     | GPON          | Services Total        |        1991 |        1032 |           1032 |            1607 |
| Praslin     | HFC           | TV & Internet         |           2 |           1 |              1 |               2 |
| Praslin     | HFC           | TV Only               |           3 |           2 |              2 |               2 |
| Praslin     | HFC           | Services Total        |           5 |           3 |              3 |               4 |
| Praslin     | Network Total | Services Total        |        1996 |        1035 |           1035 |            1611 |
| GRAND TOTAL | Network Total | Services Total        |       29363 |       17353 |          17280 |           24125 |
+-------------+---------------+-----------------------+-------------+-------------+----------------+-----------------+
43 rows in set (0.00 sec)

Query OK, 0 rows affected (0.01 sec)

Query OK, 28614 rows affected (0.46 sec)
Records: 28614  Duplicates: 0  Warnings: 0

Query OK, 0 rows affected (0.01 sec)

Query OK, 2319 rows affected (1.60 sec)
Records: 2319  Duplicates: 0  Warnings: 0

+--------------------------------------+
| message                              |
+--------------------------------------+
| running rcbill_my.sp_ActiveNumber2() |
+--------------------------------------+
1 row in set (0.00 sec)

Query OK, 365 rows affected (2 min 0.14 sec)

mysql> mysql \. C:\workspace\cloud\code\sql\_DailyScript\currenttime.sql
+---------------------+
| currenttime         |
+---------------------+
| 2021-07-12 06:29:58 |
+---------------------+
1 row in set (0.00 sec)

mysql> 
mysql> mysql \. C:\workspace\cloud\code\sql\_DailyScript\GetActiveNumbers Average -Pivot.sql
Database changed
+-------------------------------------+
| @today := subdate(current_date(),1) |
+-------------------------------------+
| 2021-07-11                          |
+-------------------------------------+
1 row in set (0.00 sec)

+-------------------------------------+
| @lastdayofmonth := last_day(@today) |
+-------------------------------------+
| 2021-07-31                          |
+-------------------------------------+
1 row in set (0.00 sec)

Query OK, 0 rows affected (0.01 sec)

Query OK, 49079 rows affected, 65535 warnings (1 min 1.94 sec)
Records: 49079  Duplicates: 0  Warnings: 100586

Query OK, 0 rows affected (0.11 sec)
Records: 0  Duplicates: 0  Warnings: 0

Query OK, 0 rows affected (0.15 sec)
Records: 0  Duplicates: 0  Warnings: 0

Query OK, 0 rows affected (0.11 sec)
Records: 0  Duplicates: 0  Warnings: 0

+-----------------+
| activenumberavg |
+-----------------+
|           49079 |
+-----------------+
1 row in set (0.02 sec)

Query OK, 0 rows affected (0.01 sec)

Query OK, 1970 rows affected (0.57 sec)
Records: 1970  Duplicates: 0  Warnings: 0

+---------------------+
| rep_activenumberavg |
+---------------------+
|                1970 |
+---------------------+
1 row in set (0.00 sec)

+----------------------+
| rep_activenumberavg1 |
+----------------------+
|                  919 |
+----------------------+
1 row in set (0.00 sec)

Query OK, 0 rows affected (0.01 sec)

Query OK, 2585 rows affected (0.48 sec)
Records: 2585  Duplicates: 0  Warnings: 0

Query OK, 0 rows affected (0.01 sec)

Query OK, 13339 rows affected (0.85 sec)
Records: 13339  Duplicates: 0  Warnings: 0

Query OK, 0 rows affected (0.00 sec)

Query OK, 0 rows affected (0.01 sec)

Query OK, 0 rows affected (0.01 sec)

Query OK, 0 rows affected (0.00 sec)

Query OK, 0 rows affected (0.00 sec)
Statement prepared

Query OK, 53 rows affected (0.05 sec)
Records: 53  Duplicates: 0  Warnings: 0

Query OK, 0 rows affected (0.00 sec)

Query OK, 0 rows affected (0.00 sec)

+----------------------+
| rep_activenumberavg2 |
+----------------------+
|                 2585 |
+----------------------+
1 row in set (0.00 sec)

+------------------------+
| rep_activenumberavg_pv |
+------------------------+
|                     53 |
+------------------------+
1 row in set (0.00 sec)

Query OK, 0 rows affected (0.00 sec)

Query OK, 2584 rows affected (0.39 sec)
Records: 2584  Duplicates: 0  Warnings: 0

Query OK, 0 rows affected (0.00 sec)

Query OK, 0 rows affected (0.01 sec)

Query OK, 0 rows affected (0.01 sec)

Query OK, 0 rows affected (0.00 sec)

Query OK, 0 rows affected (0.00 sec)
Statement prepared

Query OK, 53 rows affected (0.05 sec)
Records: 53  Duplicates: 0  Warnings: 0

Query OK, 0 rows affected (0.00 sec)

Query OK, 0 rows affected (0.00 sec)

+-------------------------+
| rep_activenumberavgMahe |
+-------------------------+
|                    2584 |
+-------------------------+
1 row in set (0.00 sec)

+----------------------------+
| rep_activenumberavgMahe_pv |
+----------------------------+
|                         53 |
+----------------------------+
1 row in set (0.00 sec)

Query OK, 0 rows affected (0.01 sec)

Query OK, 1636 rows affected (0.18 sec)
Records: 1636  Duplicates: 0  Warnings: 0

Query OK, 0 rows affected (0.00 sec)

Query OK, 0 rows affected (0.00 sec)

Query OK, 0 rows affected (0.00 sec)

Query OK, 0 rows affected (0.00 sec)

Query OK, 0 rows affected (0.00 sec)
Statement prepared

Query OK, 40 rows affected (0.03 sec)
Records: 40  Duplicates: 0  Warnings: 0

Query OK, 0 rows affected (0.00 sec)

Query OK, 0 rows affected (0.00 sec)

+----------------------------+
| rep_activenumberavgPraslin |
+----------------------------+
|                       1636 |
+----------------------------+
1 row in set (0.00 sec)

+-------------------------------+
| rep_activenumberavgPraslin_pv |
+-------------------------------+
|                            40 |
+-------------------------------+
1 row in set (0.00 sec)

mysql> mysql \. C:\workspace\cloud\code\sql\_DailyScript\currenttime.sql
+---------------------+
| currenttime         |
+---------------------+
| 2021-07-12 06:31:03 |
+---------------------+
1 row in set (0.00 sec)

mysql> 
mysql> 
mysql> 
mysql> 
mysql> 
mysql> 
mysql> 
mysql> 
mysql> 
mysql> 
mysql> 
mysql> 
mysql> 
mysql> 
mysql> 
mysql> 
mysql> 
mysql> 
mysql> 
mysql> 
mysql> 
mysql> 
mysql> 
mysql> 
mysql> 
mysql> 
mysql> 
mysql> 
mysql> 
mysql> exit
