    -> 
    -> mysql \. C:\workspace\cloud\code\sql\_DailyScript\_setdates.sql
Query OK, 0 rows affected (0.01 sec)

Query OK, 0 rows affected (1.66 sec)

Database changed
Query OK, 0 rows affected (0.00 sec)

Query OK, 0 rows affected (0.00 sec)

Query OK, 0 rows affected (0.00 sec)

Query OK, 0 rows affected (0.00 sec)

Query OK, 0 rows affected (0.00 sec)

Query OK, 0 rows affected (0.00 sec)

Query OK, 0 rows affected (0.00 sec)

Query OK, 0 rows affected (0.00 sec)

Query OK, 0 rows affected (0.00 sec)

Query OK, 0 rows affected (0.00 sec)

Query OK, 0 rows affected (0.00 sec)

Query OK, 0 rows affected (0.00 sec)

Query OK, 0 rows affected (0.00 sec)

Query OK, 0 rows affected (0.00 sec)

Query OK, 0 rows affected (0.00 sec)

Query OK, 0 rows affected (0.00 sec)

Query OK, 0 rows affected (0.00 sec)

Query OK, 0 rows affected (0.00 sec)

Query OK, 0 rows affected (0.00 sec)

Query OK, 0 rows affected (0.00 sec)

Query OK, 0 rows affected (0.00 sec)

Query OK, 0 rows affected (0.00 sec)

mysql> mysql \. C:\workspace\cloud\code\sql\_DailyScript\currenttime.sql
+---------------------+
| currenttime         |
+---------------------+
| 2021-08-09 12:44:53 |
+---------------------+
1 row in set (0.00 sec)

mysql> 
mysql> mysql \. C:\workspace\cloud\code\sql\_DailyScript\load_RCB_VODTITLES.sql
Database changed
Query OK, 0 rows affected (0.00 sec)

Query OK, 15821 rows affected (0.20 sec)

Query OK, 15823 rows affected, 15823 warnings (0.44 sec)
Records: 15823  Deleted: 0  Skipped: 0  Warnings: 15823

Query OK, 0 rows affected (0.00 sec)

Query OK, 2 rows affected (0.04 sec)

+-----------+
| VODTITLES |
+-----------+
|     16281 |
+-----------+
1 row in set (0.01 sec)

+-----------+-----------+
| titletype | typecount |
+-----------+-----------+
| E         |     13379 |
| N         |       246 |
| T         |      2196 |
| NULL      |     15821 |
+-----------+-----------+
4 rows in set (0.08 sec)

mysql> mysql \. C:\workspace\cloud\code\sql\_DailyScript\currenttime.sql
+---------------------+
| currenttime         |
+---------------------+
| 2021-08-09 12:44:54 |
+---------------------+
1 row in set (0.00 sec)

mysql> 
mysql> mysql \. C:\workspace\cloud\code\sql\_DailyScript\DAILY-SCRIPT-LIVETV-STATS.sql
Database changed
Query OK, 0 rows affected (0.01 sec)

Query OK, 105332 rows affected (1.35 sec)
Records: 105332  Duplicates: 0  Warnings: 0

+------------+------------+----------+--------------+--------------+-----------+-------------+----------+--------+------+------------+---------+---------------+
| Table      | Non_unique | Key_name | Seq_in_index | Column_name  | Collation | Cardinality | Sub_part | Packed | Null | Index_type | Comment | Index_comment |
+------------+------------+----------+--------------+--------------+-----------+-------------+----------+--------+------+------------+---------+---------------+
| templivetv |          1 | idxtv1   |            1 | device       | A         |      105542 |     NULL | NULL   | YES  | BTREE      |         |               |
| templivetv |          1 | idxtv2   |            1 | sessionstart | A         |      105542 |     NULL | NULL   | YES  | BTREE      |         |               |
+------------+------------+----------+--------------+--------------+-----------+-------------+----------+--------+------+------------+---------+---------------+
2 rows in set (0.00 sec)

Query OK, 105524 rows affected (12.03 sec)
Records: 105524  Duplicates: 0  Warnings: 0

Query OK, 2533 rows affected (0.60 sec)
Records: 2533  Duplicates: 0  Warnings: 0

Query OK, 0 rows affected (0.00 sec)

Query OK, 0 rows affected (0.00 sec)

Query OK, 129 rows affected (0.04 sec)
Records: 129  Duplicates: 0  Warnings: 0

Query OK, 0 rows affected (0.00 sec)

Query OK, 76527 rows affected (11 min 15.52 sec)
Records: 76527  Duplicates: 0  Warnings: 0

+-----------------+
| rep_livetvstats |
+-----------------+
|           76527 |
+-----------------+
1 row in set (0.04 sec)

mysql> mysql \. C:\workspace\cloud\code\sql\_DailyScript\currenttime.sql
+---------------------+
| currenttime         |
+---------------------+
| 2021-08-09 12:56:24 |
+---------------------+
1 row in set (0.00 sec)

mysql> 
mysql> mysql \. C:\workspace\cloud\code\sql\_DailyScript\DAILY-SCRIPT-VODTS-STATS.sql
Database changed
Query OK, 0 rows affected (0.02 sec)

Query OK, 8093 rows affected (35.05 sec)
Records: 8093  Duplicates: 0  Warnings: 0

+---------+------------+----------+--------------+--------------+-----------+-------------+----------+--------+------+------------+---------+---------------+
| Table   | Non_unique | Key_name | Seq_in_index | Column_name  | Collation | Cardinality | Sub_part | Packed | Null | Index_type | Comment | Index_comment |
+---------+------------+----------+--------------+--------------+-----------+-------------+----------+--------+------+------------+---------+---------------+
| tempvod |          1 | idxtvod1 |            1 | device       | A         |        8212 |     NULL | NULL   | YES  | BTREE      |         |               |
| tempvod |          1 | idxtvod2 |            1 | sessionstart | A         |        8212 |     NULL | NULL   | YES  | BTREE      |         |               |
+---------+------------+----------+--------------+--------------+-----------+-------------+----------+--------+------+------------+---------+---------------+
2 rows in set (0.01 sec)

Query OK, 8089 rows affected (5.56 sec)
Records: 8089  Duplicates: 0  Warnings: 0

Query OK, 0 rows affected (0.03 sec)

Query OK, 1363346 rows affected (1 min 50.91 sec)
Records: 1363346  Duplicates: 0  Warnings: 0

+--------------+
| rep_vodstats |
+--------------+
|      1363346 |
+--------------+
1 row in set (0.38 sec)

Database changed
Query OK, 0 rows affected (0.03 sec)

Query OK, 22010 rows affected (1 min 2.84 sec)
Records: 22010  Duplicates: 0  Warnings: 0

+--------+------------+----------+--------------+--------------+-----------+-------------+----------+--------+------+------------+---------+---------------+
| Table  | Non_unique | Key_name | Seq_in_index | Column_name  | Collation | Cardinality | Sub_part | Packed | Null | Index_type | Comment | Index_comment |
+--------+------------+----------+--------------+--------------+-----------+-------------+----------+--------+------+------------+---------+---------------+
| tempts |          1 | idxtts1  |            1 | device       | A         |       20029 |     NULL | NULL   | YES  | BTREE      |         |               |
| tempts |          1 | idxtts2  |            1 | sessionstart | A         |       20029 |     NULL | NULL   | YES  | BTREE      |         |               |
+--------+------------+----------+--------------+--------------+-----------+-------------+----------+--------+------+------------+---------+---------------+
2 rows in set (0.00 sec)

Query OK, 22006 rows affected (16.13 sec)
Records: 22006  Duplicates: 0  Warnings: 0

Query OK, 0 rows affected (0.01 sec)

Query OK, 50991 rows affected (1 min 1.02 sec)
Records: 50991  Duplicates: 0  Warnings: 0

+-------------+
| rep_tsstats |
+-------------+
|       50991 |
+-------------+
1 row in set (0.04 sec)

mysql> mysql \. C:\workspace\cloud\code\sql\_DailyScript\currenttime.sql
+---------------------+
| currenttime         |
+---------------------+
| 2021-08-09 13:01:16 |
+---------------------+
1 row in set (0.00 sec)

mysql> 
mysql> mysql \. C:\workspace\cloud\code\sql\_DailyScript\DAILY-SCRIPT-RADIO-STATS.sql
Database changed
Query OK, 0 rows affected (0.03 sec)

Query OK, 421359 rows affected (4.88 sec)
Records: 421359  Duplicates: 0  Warnings: 0

+-----------+------------+----------+--------------+--------------+-----------+-------------+----------+--------+------+------------+---------+---------------+
| Table     | Non_unique | Key_name | Seq_in_index | Column_name  | Collation | Cardinality | Sub_part | Packed | Null | Index_type | Comment | Index_comment |
+-----------+------------+----------+--------------+--------------+-----------+-------------+----------+--------+------+------------+---------+---------------+
| tempradio |          1 | idxtrad1 |            1 | device       | A         |      424324 |     NULL | NULL   | YES  | BTREE      |         |               |
| tempradio |          1 | idxtrad2 |            1 | sessionstart | A         |      424324 |     NULL | NULL   | YES  | BTREE      |         |               |
+-----------+------------+----------+--------------+--------------+-----------+-------------+----------+--------+------+------------+---------+---------------+
2 rows in set (0.00 sec)

Query OK, 585 rows affected (1.35 sec)
Records: 585  Duplicates: 0  Warnings: 0

Query OK, 0 rows affected (0.01 sec)

Query OK, 6695 rows affected (0.67 sec)
Records: 6695  Duplicates: 0  Warnings: 0

+----------------+
| rep_radiostats |
+----------------+
|           6695 |
+----------------+
1 row in set (0.01 sec)

mysql> mysql \. C:\workspace\cloud\code\sql\_DailyScript\currenttime.sql
+---------------------+
| currenttime         |
+---------------------+
| 2021-08-09 13:01:23 |
+---------------------+
1 row in set (0.00 sec)

mysql> 
mysql> mysql \. C:\workspace\cloud\code\sql\_DailyScript\DAILY_SCRIPT_TELEMETRY_PIVOT_2021.sql
Query OK, 0 rows affected (0.01 sec)

Query OK, 140 rows affected (0.15 sec)
Records: 140  Duplicates: 0  Warnings: 0

Query OK, 0 rows affected (0.01 sec)

Query OK, 13732 rows affected (2.28 sec)
Records: 13732  Duplicates: 0  Warnings: 0

Query OK, 0 rows affected (0.01 sec)

Query OK, 5 rows affected (0.04 sec)
Records: 5  Duplicates: 0  Warnings: 0

Query OK, 0 rows affected (0.01 sec)

Query OK, 44 rows affected (0.11 sec)
Records: 44  Duplicates: 0  Warnings: 0

mysql> mysql \. C:\workspace\cloud\code\sql\_DailyScript\currenttime.sql
+---------------------+
| currenttime         |
+---------------------+
| 2021-08-09 13:01:25 |
+---------------------+
1 row in set (0.00 sec)

mysql> 
mysql> mysql \. C:\workspace\cloud\code\sql\_DailyScript\telemetry_livetv_ranking2021.sql
Query OK, 0 rows affected (0.01 sec)

Query OK, 140 rows affected (0.04 sec)
Records: 140  Duplicates: 0  Warnings: 0

mysql> mysql \. C:\workspace\cloud\code\sql\_DailyScript\currenttime.sql
+---------------------+
| currenttime         |
+---------------------+
| 2021-08-09 13:01:25 |
+---------------------+
1 row in set (0.00 sec)

mysql> 
mysql> mysql \. C:\workspace\cloud\code\sql\_DailyScript\telemetry_radio_ranking2021.sql
Query OK, 0 rows affected (0.01 sec)

Query OK, 5 rows affected (0.02 sec)
Records: 5  Duplicates: 0  Warnings: 0

mysql> mysql \. C:\workspace\cloud\code\sql\_DailyScript\currenttime.sql
+---------------------+
| currenttime         |
+---------------------+
| 2021-08-09 13:01:25 |
+---------------------+
1 row in set (0.00 sec)

mysql> 
mysql> mysql \. C:\workspace\cloud\code\sql\_DailyScript\telemetry_ts_ranking2021.sql
Query OK, 0 rows affected (0.01 sec)

Query OK, 44 rows affected (0.03 sec)
Records: 44  Duplicates: 0  Warnings: 0

mysql> mysql \. C:\workspace\cloud\code\sql\_DailyScript\currenttime.sql
+---------------------+
| currenttime         |
+---------------------+
| 2021-08-09 13:01:25 |
+---------------------+
1 row in set (0.00 sec)

mysql> 
mysql> mysql \. C:\workspace\cloud\code\sql\_DailyScript\telemetry_vod_ranking2021.sql
Query OK, 0 rows affected (0.01 sec)

Query OK, 13732 rows affected (0.71 sec)
Records: 13732  Duplicates: 0  Warnings: 0

mysql> mysql \. C:\workspace\cloud\code\sql\_DailyScript\currenttime.sql
+---------------------+
| currenttime         |
+---------------------+
| 2021-08-09 13:01:26 |
+---------------------+
1 row in set (0.00 sec)

mysql> 
mysql> mysql \. C:\workspace\cloud\code\sql\_DailyScript\telemetry_vod_ranking2021_1.sql
Query OK, 0 rows affected (0.01 sec)

Query OK, 13732 rows affected (0.41 sec)
Records: 13732  Duplicates: 0  Warnings: 0

mysql> mysql \. C:\workspace\cloud\code\sql\_DailyScript\currenttime.sql
+---------------------+
| currenttime         |
+---------------------+
| 2021-08-09 13:01:27 |
+---------------------+
1 row in set (0.00 sec)

mysql> 
mysql> mysql \. C:\workspace\cloud\code\sql\_DailyScript\telemetry_vod_ranking2021_2.sql
Query OK, 0 rows affected (0.01 sec)

Query OK, 13732 rows affected (0.36 sec)
Records: 13732  Duplicates: 0  Warnings: 0

mysql> mysql \. C:\workspace\cloud\code\sql\_DailyScript\currenttime.sql
+---------------------+
| currenttime         |
+---------------------+
| 2021-08-09 13:01:27 |
+---------------------+
1 row in set (0.00 sec)

mysql> 
mysql> 
mysql> 
mysql> 
mysql> mysql \. C:\workspace\cloud\code\sql\_DailyScript\ticket_analysis.sql
Database changed
Query OK, 0 rows affected (0.06 sec)

Query OK, 855209 rows affected (30.87 sec)
Records: 855209  Duplicates: 0  Warnings: 0

Query OK, 0 rows affected (3.78 sec)
Records: 0  Duplicates: 0  Warnings: 0

Query OK, 0 rows affected (1.85 sec)
Records: 0  Duplicates: 0  Warnings: 0

Query OK, 0 rows affected (1.98 sec)
Records: 0  Duplicates: 0  Warnings: 0

Query OK, 0 rows affected (0.02 sec)

Query OK, 26878 rows affected (12.83 sec)
Records: 26878  Duplicates: 0  Warnings: 0

Query OK, 0 rows affected, 1 warning (0.00 sec)

Query OK, 124285 rows affected (8.16 sec)
Records: 124285  Duplicates: 0  Warnings: 0

Query OK, 0 rows affected, 1 warning (0.00 sec)

Query OK, 630280 rows affected (14.67 sec)
Records: 630280  Duplicates: 0  Warnings: 0

Query OK, 0 rows affected, 1 warning (0.00 sec)

Query OK, 630280 rows affected (14.36 sec)
Records: 630280  Duplicates: 0  Warnings: 0

Query OK, 0 rows affected (0.02 sec)

Query OK, 124410 rows affected (4.11 sec)
Records: 124410  Duplicates: 0  Warnings: 0

Database changed
Query OK, 0 rows affected (0.00 sec)

Query OK, 0 rows affected (0.04 sec)

Query OK, 855209 rows affected (29.71 sec)
Records: 855209  Duplicates: 0  Warnings: 0

Query OK, 0 rows affected (0.04 sec)

Query OK, 441263 rows affected (17.08 sec)
Records: 441263  Duplicates: 0  Warnings: 0

+--------------------------+
| clientticket_cmmtjourney |
+--------------------------+
|                   855209 |
+--------------------------+
1 row in set (3.27 sec)

+---------------------------+
| clientticket_assgnjourney |
+---------------------------+
|                    441263 |
+---------------------------+
1 row in set (6.18 sec)

Query OK, 0 rows affected (0.02 sec)

Query OK, 78 rows affected (0.20 sec)
Records: 78  Duplicates: 0  Warnings: 0

mysql> mysql \. C:\workspace\cloud\code\sql\_DailyScript\currenttime.sql
+---------------------+
| currenttime         |
+---------------------+
| 2021-08-09 13:03:56 |
+---------------------+
1 row in set (0.00 sec)

mysql> 
mysql> mysql \. C:\workspace\cloud\code\sql\_DailyScript\load_DailyCalls.sql
Database changed
Query OK, 256 rows affected (0.22 sec)
Records: 256  Deleted: 0  Skipped: 0  Warnings: 0

Query OK, 0 rows affected, 1 warning (0.00 sec)

Query OK, 256 rows affected (0.06 sec)
Records: 256  Duplicates: 0  Warnings: 0

Query OK, 0 rows affected, 1 warning (0.00 sec)

Query OK, 70140 rows affected (0.44 sec)
Records: 70140  Duplicates: 0  Warnings: 0

+----------------------+
| callingclientsbefore |
+----------------------+
|              1247651 |
+----------------------+
1 row in set (0.69 sec)

Query OK, 375 rows affected (5.49 sec)
Records: 375  Duplicates: 0  Warnings: 0

+---------------------+
| callingclientsafter |
+---------------------+
|             1248026 |
+---------------------+
1 row in set (0.43 sec)

Query OK, 0 rows affected (0.02 sec)

Query OK, 205 rows affected (6.03 sec)
Records: 205  Duplicates: 0  Warnings: 0

Query OK, 0 rows affected (0.01 sec)

Query OK, 24244 rows affected (3.68 sec)
Records: 24244  Duplicates: 0  Warnings: 0

+-----------+
| callstats |
+-----------+
|     24244 |
+-----------+
1 row in set (0.01 sec)

Query OK, 0 rows affected, 1 warning (0.00 sec)

Query OK, 375 rows affected (3.80 sec)
Records: 375  Duplicates: 0  Warnings: 0

+------------------------+
| rep_cccallreportbefore |
+------------------------+
|                1249302 |
+------------------------+
1 row in set (0.45 sec)

Query OK, 375 rows affected (0.23 sec)
Records: 375  Duplicates: 0  Warnings: 0

+-----------------------+
| rep_cccallreportafter |
+-----------------------+
|               1249677 |
+-----------------------+
1 row in set (0.47 sec)

Query OK, 0 rows affected (0.01 sec)

mysql> mysql \. C:\workspace\cloud\code\sql\_DailyScript\currenttime.sql
+---------------------+
| currenttime         |
+---------------------+
| 2021-08-09 13:04:18 |
+---------------------+
1 row in set (0.00 sec)

mysql> 
mysql> mysql \. C:\workspace\cloud\code\sql\_DailyScript\DAILY-SCRIPT-USAGE.sql
Database changed
Query OK, 0 rows affected (0.00 sec)

Query OK, 4033 rows affected, 11692 warnings (1.22 sec)
Records: 4033  Deleted: 0  Skipped: 0  Warnings: 11692

Query OK, 0 rows affected (0.00 sec)

Query OK, 6245 rows affected, 18073 warnings (1.48 sec)
Records: 6245  Deleted: 0  Skipped: 0  Warnings: 18073

Query OK, 0 rows affected (0.00 sec)

Query OK, 263 rows affected, 935 warnings (0.09 sec)
Records: 263  Deleted: 0  Skipped: 0  Warnings: 935

Query OK, 0 rows affected (0.00 sec)

Query OK, 174 rows affected, 604 warnings (0.06 sec)
Records: 174  Deleted: 0  Skipped: 0  Warnings: 604

+------------+
| dailyusage |
+------------+
|   18473936 |
+------------+
1 row in set (7.59 sec)

+------------+------------+------------+---------+
| datestart  | dateend    | insertedon | records |
+------------+------------+------------+---------+
| 2021-08-07 | 2021-08-07 | 2021-08-09 |   10715 |
| 2021-08-06 | 2021-08-06 | 2021-08-09 |   10841 |
| 2021-08-05 | 2021-08-05 | 2021-08-06 |   10976 |
| 2021-08-04 | 2021-08-04 | 2021-08-05 |   10730 |
| 2021-08-03 | 2021-08-03 | 2021-08-04 |   10773 |
+------------+------------+------------+---------+
5 rows in set (44.36 sec)

+----------+------------+------------+------------+---------+
| category | datestart  | dateend    | insertedon | records |
+----------+------------+------------+------------+---------+
| UNCAPPED | 2021-08-07 | 2021-08-07 | 2021-08-09 |    6245 |
| PREPAID  | 2021-08-07 | 2021-08-07 | 2021-08-09 |     263 |
| HOTSPOT  | 2021-08-07 | 2021-08-07 | 2021-08-09 |     174 |
| CAPPED   | 2021-08-07 | 2021-08-07 | 2021-08-09 |    4033 |
| UNCAPPED | 2021-08-06 | 2021-08-06 | 2021-08-09 |    6254 |
| PREPAID  | 2021-08-06 | 2021-08-06 | 2021-08-09 |     254 |
| HOTSPOT  | 2021-08-06 | 2021-08-06 | 2021-08-09 |     211 |
| CAPPED   | 2021-08-06 | 2021-08-06 | 2021-08-09 |    4122 |
| UNCAPPED | 2021-08-05 | 2021-08-05 | 2021-08-06 |    6436 |
| PREPAID  | 2021-08-05 | 2021-08-05 | 2021-08-06 |     246 |
| HOTSPOT  | 2021-08-05 | 2021-08-05 | 2021-08-06 |     191 |
| CAPPED   | 2021-08-05 | 2021-08-05 | 2021-08-06 |    4103 |
| UNCAPPED | 2021-08-04 | 2021-08-04 | 2021-08-05 |    6230 |
| PREPAID  | 2021-08-04 | 2021-08-04 | 2021-08-05 |     257 |
| HOTSPOT  | 2021-08-04 | 2021-08-04 | 2021-08-05 |     187 |
| CAPPED   | 2021-08-04 | 2021-08-04 | 2021-08-05 |    4056 |
| UNCAPPED | 2021-08-03 | 2021-08-03 | 2021-08-04 |    6225 |
| PREPAID  | 2021-08-03 | 2021-08-03 | 2021-08-04 |     293 |
| HOTSPOT  | 2021-08-03 | 2021-08-03 | 2021-08-04 |     198 |
| CAPPED   | 2021-08-03 | 2021-08-03 | 2021-08-04 |    4057 |
+----------+------------+------------+------------+---------+
20 rows in set (27.09 sec)

mysql> mysql \. C:\workspace\cloud\code\sql\_DailyScript\currenttime.sql
+---------------------+
| currenttime         |
+---------------------+
| 2021-08-09 13:05:40 |
+---------------------+
1 row in set (0.00 sec)

mysql> 
mysql> mysql \. C:\workspace\cloud\code\sql\_DailyScript\DAILY-SCRIPT-SALES-TELEMETRY.sql
Database changed
Query OK, 59 rows affected, 29 warnings (0.06 sec)
Records: 59  Deleted: 0  Skipped: 0  Warnings: 29

+------------+
| dailysales |
+------------+
|     242834 |
+------------+
1 row in set (0.41 sec)

Query OK, 0 rows affected (0.02 sec)

Query OK, 242834 rows affected (15.54 sec)
Records: 242834  Duplicates: 0  Warnings: 0

+--------+
| sales  |
+--------+
| 242834 |
+--------+
1 row in set (0.09 sec)

Query OK, 0 rows affected (0.01 sec)

Query OK, 4023 rows affected (0.40 sec)
Records: 4023  Duplicates: 0  Warnings: 0

+----------------+
| rep_dailysales |
+----------------+
|           4023 |
+----------------+
1 row in set (0.01 sec)

Query OK, 0 rows affected (0.01 sec)

Query OK, 4023 rows affected (0.60 sec)
Records: 4023  Duplicates: 0  Warnings: 0

+-------------------+
| rep_dailysalesreg |
+-------------------+
|              4023 |
+-------------------+
1 row in set (0.01 sec)

Query OK, 0 rows affected (0.01 sec)

Query OK, 2963 rows affected (0.75 sec)
Records: 2963  Duplicates: 0  Warnings: 0

+-----------+
| saleslist |
+-----------+
|      2963 |
+-----------+
1 row in set (0.00 sec)

Database changed
ERROR 2 (HY000): File 'C:\ProgramData\MySQL\MySQL Server 5.7\Uploads\_csv\PrepaidCardSales-07082021-P1.csv' not found (Errcode: 2 - No such file or directory)
+------------------+
| dailysinglesales |
+------------------+
|             6566 |
+------------------+
1 row in set (0.02 sec)

Database changed
Query OK, 11 rows affected (0.03 sec)
Records: 11  Deleted: 0  Skipped: 0  Warnings: 0

+-----------------+
| dailyaddonsales |
+-----------------+
|           24541 |
+-----------------+
1 row in set (0.04 sec)

Query OK, 263 rows affected (0.09 sec)
Records: 263  Deleted: 0  Skipped: 0  Warnings: 0

+----------------+
| onlinepayments |
+----------------+
|         211926 |
+----------------+
1 row in set (0.09 sec)

+-------------+----------------+---------------------+
| paymentdate | onlinepayments | onlinepaymentamount |
+-------------+----------------+---------------------+
| 2021-08-07  |            263 |        169211.10000 |
| 2021-08-06  |            244 |        147138.14000 |
| 2021-08-05  |            238 |        142875.20000 |
| 2021-08-04  |            260 |        170963.82000 |
| 2021-08-03  |            307 |        202367.62000 |
+-------------+----------------+---------------------+
5 rows in set (0.92 sec)

+-------------+--------------+----------------+---------------------+
| paymentyear | paymentmonth | onlinepayments | onlinepaymentamount |
+-------------+--------------+----------------+---------------------+
|        2021 |            8 |           2083 |       1351374.87000 |
|        2021 |            7 |           8972 |       5795292.15000 |
|        2021 |            6 |           8773 |       5686976.03000 |
|        2021 |            5 |           9358 |       5959322.66000 |
|        2021 |            4 |           8607 |       5573873.25000 |
+-------------+--------------+----------------+---------------------+
5 rows in set (0.29 sec)

mysql> mysql \. C:\workspace\cloud\code\sql\_DailyScript\currenttime.sql
+---------------------+
| currenttime         |
+---------------------+
| 2021-08-09 13:06:00 |
+---------------------+
1 row in set (0.00 sec)

mysql> 
mysql> mysql \. C:\workspace\cloud\code\sql\_DailyScript\DAILY-SCRIPT-ACTIVENUMBERS.sql
Database changed
Query OK, 1121 rows affected (0.60 sec)
Records: 1121  Deleted: 0  Skipped: 0  Warnings: 0

+------------+----------+
| period     | count(1) |
+------------+----------+
| 2021-08-07 |     1121 |
| 2021-08-06 |     1121 |
| 2021-08-05 |     1123 |
| 2021-08-04 |     1124 |
| 2021-08-03 |     1125 |
+------------+----------+
5 rows in set (0.01 sec)

Query OK, 0 rows affected (0.01 sec)

Query OK, 74 rows affected (1.28 sec)
Records: 74  Duplicates: 0  Warnings: 0

+-------------+
| packagelist |
+-------------+
|          74 |
+-------------+
1 row in set (0.00 sec)

Database changed
Query OK, 0 rows affected (0.00 sec)

Query OK, 0 rows affected (0.00 sec)

Query OK, 0 rows affected (0.00 sec)

Query OK, 0 rows affected (0.00 sec)

Query OK, 28948 rows affected, 217 warnings (12.15 sec)
Records: 28948  Deleted: 0  Skipped: 0  Warnings: 217

+------------+----------+
| period     | count(1) |
+------------+----------+
| 2021-08-07 |    28948 |
| 2021-08-06 |    28991 |
| 2021-08-05 |    28976 |
| 2021-08-04 |    29003 |
| 2021-08-03 |    28968 |
+------------+----------+
5 rows in set (0.25 sec)

Query OK, 0 rows affected (0.02 sec)

Query OK, 28384 rows affected (1 min 9.71 sec)
Records: 28384  Duplicates: 0  Warnings: 0

Query OK, 0 rows affected (0.12 sec)
Records: 0  Duplicates: 0  Warnings: 0

Query OK, 0 rows affected (0.12 sec)
Records: 0  Duplicates: 0  Warnings: 0

Query OK, 0 rows affected (0.10 sec)
Records: 0  Duplicates: 0  Warnings: 0

Query OK, 0 rows affected (0.13 sec)
Records: 0  Duplicates: 0  Warnings: 0

Query OK, 0 rows affected (0.14 sec)
Records: 0  Duplicates: 0  Warnings: 0

Query OK, 0 rows affected (0.12 sec)
Records: 0  Duplicates: 0  Warnings: 0

+-------------+
| countbefore |
+-------------+
|    48225004 |
+-------------+
1 row in set (19.67 sec)

Query OK, 28384 rows affected (2.76 sec)
Records: 28384  Duplicates: 0  Warnings: 0

+------------+
| countafter |
+------------+
|   48253388 |
+------------+
1 row in set (19.42 sec)

+------------+--------------------------+
| period     | customercontractactivity |
+------------+--------------------------+
| 2021-08-07 |                    28384 |
| 2021-08-06 |                    28427 |
| 2021-08-05 |                    28412 |
| 2021-08-04 |                    28439 |
| 2021-08-03 |                    28403 |
+------------+--------------------------+
5 rows in set (0.06 sec)

Query OK, 0 rows affected (0.02 sec)

Query OK, 313059 rows affected (8 min 36.93 sec)
Records: 313059  Duplicates: 0  Warnings: 0

Query OK, 0 rows affected (1.18 sec)
Records: 0  Duplicates: 0  Warnings: 0

Query OK, 0 rows affected (1.68 sec)
Records: 0  Duplicates: 0  Warnings: 0

Query OK, 0 rows affected (1.43 sec)
Records: 0  Duplicates: 0  Warnings: 0

Query OK, 0 rows affected (0.02 sec)

Query OK, 232 rows affected (0.45 sec)
Records: 232  Duplicates: 0  Warnings: 0

Query OK, 0 rows affected (0.01 sec)

Query OK, 2554 rows affected (0.62 sec)
Records: 2554  Duplicates: 0  Warnings: 0

Query OK, 0 rows affected (0.02 sec)

Query OK, 28363 rows affected (0.59 sec)
Records: 28363  Duplicates: 0  Warnings: 0

Query OK, 0 rows affected (0.03 sec)

Query OK, 17218 rows affected (0.48 sec)
Records: 17218  Duplicates: 0  Warnings: 0

Query OK, 0 rows affected (0.01 sec)

Query OK, 17218 rows affected (0.20 sec)
Records: 17218  Duplicates: 0  Warnings: 0

Query OK, 0 rows affected (0.05 sec)

Query OK, 17218 rows affected (1.50 sec)
Records: 17218  Duplicates: 0  Warnings: 0

Query OK, 0 rows affected (0.02 sec)

Query OK, 17218 rows affected (42.26 sec)
Records: 17218  Duplicates: 0  Warnings: 0

+-------------+
| clientstats |
+-------------+
|       17218 |
+-------------+
1 row in set (0.01 sec)

Query OK, 0 rows affected (0.01 sec)

Query OK, 13 rows affected, 1 warning (0.15 sec)
Records: 13  Duplicates: 0  Warnings: 1

+-----------------------+-------------+-------------+----------------+-----------------+
| services              | activecount | allaccounts | uniqueaccounts | uniquecontracts |
+-----------------------+-------------+-------------+----------------+-----------------+
| All                   |         403 |          65 |             65 |             209 |
| Internet & Voice      |         335 |         148 |            148 |             291 |
| Internet Only         |        4416 |        4312 |           4309 |            4354 |
| OTT Only              |           1 |           1 |              1 |               1 |
| TV & Internet         |        9938 |        4454 |           4448 |            9065 |
| TV & Internet & OTT   |        4186 |        1082 |           1081 |            2249 |
| TV & Internet & Voice |         506 |         150 |            150 |             460 |
| TV & OTT              |         403 |          76 |             74 |              88 |
| TV & Voice            |          88 |          39 |             39 |              81 |
| TV & Voice & OTT      |           3 |           1 |              1 |               2 |
| TV Only               |        8634 |        6770 |           6761 |            6982 |
| Voice Only            |         122 |         120 |            120 |             122 |
| GRAND TOTAL           |       29035 |       17218 |          17159 |           23904 |
+-----------------------+-------------+-------------+----------------+-----------------+
13 rows in set (0.00 sec)

+-------------+-------------+-------------+----------------+-----------------+
| network     | activecount | allaccounts | uniqueaccounts | uniquecontracts |
+-------------+-------------+-------------+----------------+-----------------+
| GPON        |       12586 |        6266 |           6263 |            9936 |
| HFC         |       16449 |       10952 |          10952 |           13968 |
| GRAND TOTAL |       29035 |       17218 |          17159 |           23904 |
+-------------+-------------+-------------+----------------+-----------------+
3 rows in set, 1 warning (0.15 sec)

+-------------+-----------------------+-------------+-------------+----------------+-----------------+
| network     | services              | activecount | allaccounts | uniqueaccounts | uniquecontracts |
+-------------+-----------------------+-------------+-------------+----------------+-----------------+
| GPON        | All                   |         270 |          49 |             49 |             154 |
| GPON        | Internet & Voice      |          89 |          37 |             37 |              78 |
| GPON        | Internet Only         |        1527 |        1441 |           1441 |            1466 |
| GPON        | TV & Internet         |        5185 |        2284 |           2284 |            4677 |
| GPON        | TV & Internet & OTT   |        2990 |         770 |            770 |            1609 |
| GPON        | TV & Internet & Voice |         242 |          71 |             71 |             220 |
| GPON        | TV & OTT              |         212 |          47 |             47 |              50 |
| GPON        | TV & Voice            |          58 |          25 |             25 |              53 |
| GPON        | TV Only               |        2000 |        1530 |           1530 |            1616 |
| GPON        | Voice Only            |          13 |          12 |             12 |              13 |
| GPON        | Services Total        |       12586 |        6266 |           6263 |            9936 |
| HFC         | All                   |         133 |          16 |             16 |              55 |
| HFC         | Internet & Voice      |         246 |         111 |            111 |             213 |
| HFC         | Internet Only         |        2889 |        2871 |           2871 |            2888 |
| HFC         | OTT Only              |           1 |           1 |              1 |               1 |
| HFC         | TV & Internet         |        4753 |        2170 |           2170 |            4388 |
| HFC         | TV & Internet & OTT   |        1196 |         312 |            312 |             640 |
| HFC         | TV & Internet & Voice |         264 |          79 |             79 |             240 |
| HFC         | TV & OTT              |         191 |          29 |             29 |              38 |
| HFC         | TV & Voice            |          30 |          14 |             14 |              28 |
| HFC         | TV & Voice & OTT      |           3 |           1 |              1 |               2 |
| HFC         | TV Only               |        6634 |        5240 |           5240 |            5366 |
| HFC         | Voice Only            |         109 |         108 |            108 |             109 |
| HFC         | Services Total        |       16449 |       10952 |          10952 |           13968 |
| GRAND TOTAL | Services Total        |       29035 |       17218 |          17159 |           23904 |
+-------------+-----------------------+-------------+-------------+----------------+-----------------+
25 rows in set, 2 warnings (0.16 sec)

Query OK, 0 rows affected (0.01 sec)

Query OK, 43 rows affected, 3 warnings (0.26 sec)
Records: 43  Duplicates: 0  Warnings: 3

+-------------+---------------+-----------------------+-------------+-------------+----------------+-----------------+
| region      | network       | services              | activecount | allaccounts | uniqueaccounts | uniquecontracts |
+-------------+---------------+-----------------------+-------------+-------------+----------------+-----------------+
| Eden Island | GPON          | TV & Internet         |           2 |           1 |              1 |               2 |
| Eden Island | GPON          | Services Total        |           2 |           1 |              1 |               2 |
| Eden Island | Network Total | Services Total        |           2 |           1 |              1 |               2 |
| Mahe        | GPON          | All                   |         229 |          42 |             42 |             132 |
| Mahe        | GPON          | Internet & Voice      |          77 |          31 |             31 |              66 |
| Mahe        | GPON          | Internet Only         |        1280 |        1194 |           1194 |            1219 |
| Mahe        | GPON          | TV & Internet         |        4451 |        1955 |           1955 |            3999 |
| Mahe        | GPON          | TV & Internet & OTT   |        2469 |         623 |            623 |            1307 |
| Mahe        | GPON          | TV & Internet & Voice |         239 |          70 |             70 |             217 |
| Mahe        | GPON          | TV & OTT              |         186 |          38 |             38 |              41 |
| Mahe        | GPON          | TV & Voice            |          53 |          23 |             23 |              48 |
| Mahe        | GPON          | TV Only               |        1645 |        1248 |           1248 |            1320 |
| Mahe        | GPON          | Voice Only            |          13 |          12 |             12 |              13 |
| Mahe        | GPON          | Services Total        |       10642 |        5236 |           5236 |            8362 |
| Mahe        | HFC           | All                   |         133 |          16 |             16 |              55 |
| Mahe        | HFC           | Internet & Voice      |         246 |         111 |            111 |             213 |
| Mahe        | HFC           | Internet Only         |        2888 |        2870 |           2870 |            2887 |
| Mahe        | HFC           | OTT Only              |           1 |           1 |              1 |               1 |
| Mahe        | HFC           | TV & Internet         |        4753 |        2170 |           2170 |            4388 |
| Mahe        | HFC           | TV & Internet & OTT   |        1196 |         312 |            312 |             640 |
| Mahe        | HFC           | TV & Internet & Voice |         264 |          79 |             79 |             240 |
| Mahe        | HFC           | TV & OTT              |         191 |          29 |             29 |              38 |
| Mahe        | HFC           | TV & Voice            |          30 |          14 |             14 |              28 |
| Mahe        | HFC           | TV & Voice & OTT      |           3 |           1 |              1 |               2 |
| Mahe        | HFC           | TV Only               |        6631 |        5238 |           5238 |            5364 |
| Mahe        | HFC           | Voice Only            |         109 |         108 |            108 |             109 |
| Mahe        | HFC           | Services Total        |       16445 |       10949 |          10949 |           13965 |
| Mahe        | Network Total | Services Total        |       27087 |       16185 |          16129 |           22327 |
| Praslin     | GPON          | All                   |          41 |           7 |              7 |              22 |
| Praslin     | GPON          | Internet & Voice      |          12 |           6 |              6 |              12 |
| Praslin     | GPON          | Internet Only         |         247 |         247 |            247 |             247 |
| Praslin     | GPON          | TV & Internet         |         732 |         328 |            328 |             676 |
| Praslin     | GPON          | TV & Internet & OTT   |         521 |         147 |            147 |             302 |
| Praslin     | GPON          | TV & Internet & Voice |           3 |           1 |              1 |               3 |
| Praslin     | GPON          | TV & OTT              |          26 |           9 |              9 |               9 |
| Praslin     | GPON          | TV & Voice            |           5 |           2 |              2 |               5 |
| Praslin     | GPON          | TV Only               |         355 |         282 |            282 |             296 |
| Praslin     | GPON          | Services Total        |        1942 |        1029 |           1029 |            1572 |
| Praslin     | HFC           | Internet Only         |           1 |           1 |              1 |               1 |
| Praslin     | HFC           | TV Only               |           3 |           2 |              2 |               2 |
| Praslin     | HFC           | Services Total        |           4 |           3 |              3 |               3 |
| Praslin     | Network Total | Services Total        |        1946 |        1032 |           1032 |            1575 |
| GRAND TOTAL | Network Total | Services Total        |       29035 |       17218 |          17159 |           23904 |
+-------------+---------------+-----------------------+-------------+-------------+----------------+-----------------+
43 rows in set (0.00 sec)

Query OK, 0 rows affected (0.01 sec)

Query OK, 28364 rows affected (0.58 sec)
Records: 28364  Duplicates: 0  Warnings: 0

Query OK, 0 rows affected (0.01 sec)

Query OK, 2314 rows affected (3.41 sec)
Records: 2314  Duplicates: 0  Warnings: 0

+--------------------------------------+
| message                              |
+--------------------------------------+
| running rcbill_my.sp_ActiveNumber2() |
+--------------------------------------+
1 row in set (0.00 sec)

Query OK, 365 rows affected (2 min 31.00 sec)

mysql> mysql \. C:\workspace\cloud\code\sql\_DailyScript\currenttime.sql
+---------------------+
| currenttime         |
+---------------------+
| 2021-08-09 13:20:10 |
+---------------------+
1 row in set (0.00 sec)

mysql> 
mysql> mysql \. C:\workspace\cloud\code\sql\_DailyScript\GetActiveNumbers Average -Pivot.sql
Database changed
+-------------------------------------+
| @today := subdate(current_date(),1) |
+-------------------------------------+
| 2021-08-08                          |
+-------------------------------------+
1 row in set (0.00 sec)

+-------------------------------------+
| @lastdayofmonth := last_day(@today) |
+-------------------------------------+
| 2021-08-31                          |
+-------------------------------------+
1 row in set (0.00 sec)

Query OK, 0 rows affected (0.04 sec)

Query OK, 49801 rows affected, 65535 warnings (1 min 3.62 sec)
Records: 49801  Duplicates: 0  Warnings: 100836

Query OK, 0 rows affected (0.12 sec)
Records: 0  Duplicates: 0  Warnings: 0

Query OK, 0 rows affected (0.20 sec)
Records: 0  Duplicates: 0  Warnings: 0

Query OK, 0 rows affected (0.18 sec)
Records: 0  Duplicates: 0  Warnings: 0

+-----------------+
| activenumberavg |
+-----------------+
|           49801 |
+-----------------+
1 row in set (0.04 sec)

Query OK, 0 rows affected (0.02 sec)

Query OK, 1980 rows affected (0.76 sec)
Records: 1980  Duplicates: 0  Warnings: 0

+---------------------+
| rep_activenumberavg |
+---------------------+
|                1980 |
+---------------------+
1 row in set (0.00 sec)

+----------------------+
| rep_activenumberavg1 |
+----------------------+
|                  923 |
+----------------------+
1 row in set (0.00 sec)

Query OK, 0 rows affected (0.01 sec)

Query OK, 2627 rows affected (0.62 sec)
Records: 2627  Duplicates: 0  Warnings: 0

Query OK, 0 rows affected (0.01 sec)

Query OK, 13561 rows affected (0.81 sec)
Records: 13561  Duplicates: 0  Warnings: 0

Query OK, 0 rows affected (0.01 sec)

Query OK, 234 rows affected (0.27 sec)
Records: 234  Duplicates: 0  Warnings: 0

Query OK, 0 rows affected (0.00 sec)

Query OK, 0 rows affected (0.01 sec)

Query OK, 0 rows affected (0.01 sec)

Query OK, 0 rows affected (0.00 sec)

Query OK, 0 rows affected (0.00 sec)
Statement prepared

Query OK, 53 rows affected (0.09 sec)
Records: 53  Duplicates: 0  Warnings: 0

Query OK, 0 rows affected (0.00 sec)

Query OK, 0 rows affected (0.00 sec)

+----------------------+
| rep_activenumberavg2 |
+----------------------+
|                 2627 |
+----------------------+
1 row in set (0.00 sec)

+------------------------+
| rep_activenumberavg_pv |
+------------------------+
|                     53 |
+------------------------+
1 row in set (0.00 sec)

Query OK, 0 rows affected (0.01 sec)

Query OK, 2626 rows affected (0.41 sec)
Records: 2626  Duplicates: 0  Warnings: 0

Query OK, 0 rows affected (0.00 sec)

Query OK, 0 rows affected (0.01 sec)

Query OK, 0 rows affected (0.01 sec)

Query OK, 0 rows affected (0.00 sec)

Query OK, 0 rows affected (0.00 sec)
Statement prepared

Query OK, 53 rows affected (0.09 sec)
Records: 53  Duplicates: 0  Warnings: 0

Query OK, 0 rows affected (0.00 sec)

Query OK, 0 rows affected (0.00 sec)

+-------------------------+
| rep_activenumberavgMahe |
+-------------------------+
|                    2626 |
+-------------------------+
1 row in set (0.00 sec)

+----------------------------+
| rep_activenumberavgMahe_pv |
+----------------------------+
|                         53 |
+----------------------------+
1 row in set (0.00 sec)

Query OK, 0 rows affected (0.01 sec)

Query OK, 1661 rows affected (0.24 sec)
Records: 1661  Duplicates: 0  Warnings: 0

Query OK, 0 rows affected (0.00 sec)

Query OK, 0 rows affected (0.01 sec)

Query OK, 0 rows affected (0.01 sec)

Query OK, 0 rows affected (0.00 sec)

Query OK, 0 rows affected (0.00 sec)
Statement prepared

Query OK, 40 rows affected (0.09 sec)
Records: 40  Duplicates: 0  Warnings: 0

Query OK, 0 rows affected (0.00 sec)

Query OK, 0 rows affected (0.00 sec)

+----------------------------+
| rep_activenumberavgPraslin |
+----------------------------+
|                       1661 |
+----------------------------+
1 row in set (0.00 sec)

+-------------------------------+
| rep_activenumberavgPraslin_pv |
+-------------------------------+
|                            40 |
+-------------------------------+
1 row in set (0.00 sec)

mysql> mysql \. C:\workspace\cloud\code\sql\_DailyScript\currenttime.sql
+---------------------+
| currenttime         |
+---------------------+
| 2021-08-09 13:21:18 |
+---------------------+
1 row in set (0.00 sec)

mysql> 
mysql> mysql \. C:\workspace\cloud\code\sql\Analysis\clients_contracts_creditpolicy_2.sql
Database changed
Query OK, 0 rows affected (0.01 sec)

Query OK, 1882706 rows affected (58.74 sec)
Records: 1882706  Duplicates: 0  Warnings: 0

Query OK, 0 rows affected (0.01 sec)

Query OK, 28384 rows affected (1.66 sec)
Records: 28384  Duplicates: 0  Warnings: 0

Query OK, 0 rows affected (0.02 sec)

Query OK, 28444 rows affected (20.15 sec)
Records: 28444  Duplicates: 0  Warnings: 0

+-------------------------+
| rep_cust_cont_creditpol |
+-------------------------+
|                   28444 |
+-------------------------+
1 row in set (0.03 sec)

mysql> mysql \. C:\workspace\cloud\code\sql\_DailyScript\currenttime.sql
+---------------------+
| currenttime         |
+---------------------+
| 2021-08-09 13:22:39 |
+---------------------+
1 row in set (0.00 sec)

mysql> 
mysql> mysql \. C:\workspace\cloud\code\sql\_DailyScript\budget_actual_analysis_2021.sql
Query OK, 0 rows affected (0.01 sec)

Query OK, 871 rows affected, 3 warnings (0.25 sec)
Records: 871  Duplicates: 0  Warnings: 3

+--------------------+
| budget_actual_2021 |
+--------------------+
|                871 |
+--------------------+
1 row in set (0.00 sec)

Query OK, 0 rows affected (0.01 sec)

Query OK, 47 rows affected (0.10 sec)
Records: 47  Duplicates: 0  Warnings: 0

+---------------------------+
| rep_budget_actual_2021_pv |
+---------------------------+
|                        47 |
+---------------------------+
1 row in set (0.00 sec)

mysql> mysql \. C:\workspace\cloud\code\sql\_DailyScript\currenttime.sql
+---------------------+
| currenttime         |
+---------------------+
| 2021-08-09 13:22:39 |
+---------------------+
1 row in set (0.00 sec)

mysql> 
mysql> mysql \. C:\workspace\cloud\code\sql\_DailyScript\reports-sales-addons-prepaid-camera.sql
Database changed
Query OK, 0 rows affected (0.01 sec)

Query OK, 4336 rows affected (0.33 sec)
Records: 4336  Duplicates: 0  Warnings: 0

Query OK, 0 rows affected (0.02 sec)

Query OK, 24585 rows affected (15.27 sec)
Records: 24585  Duplicates: 0  Warnings: 0

+--------------------+
| rep_prepaid_camera |
+--------------------+
|               4336 |
+--------------------+
1 row in set (0.01 sec)

+-----------+
| rep_addon |
+-----------+
|     24585 |
+-----------+
1 row in set (0.02 sec)

mysql> mysql \. C:\workspace\cloud\code\sql\_DailyScript\currenttime.sql
+---------------------+
| currenttime         |
+---------------------+
| 2021-08-09 13:22:55 |
+---------------------+
1 row in set (0.00 sec)

mysql> 
mysql> 
mysql> 
mysql> 
mysql> 
mysql> 
mysql> 
mysql> 
mysql> 
mysql> 
mysql> 
mysql> 
mysql> 
mysql> 
mysql> 
mysql> 
mysql> 
mysql> 
mysql> 
mysql> 
mysql> 
mysql> exit
