    -> 
    -> mysql \. C:\workspace\cloud\code\sql\_DailyScript\_setdates.sql
Query OK, 0 rows affected (0.01 sec)

Query OK, 0 rows affected (1.52 sec)

Database changed
Query OK, 0 rows affected (0.00 sec)

Query OK, 0 rows affected (0.00 sec)

Query OK, 0 rows affected (0.00 sec)

Query OK, 0 rows affected (0.00 sec)

Query OK, 0 rows affected (0.00 sec)

Query OK, 0 rows affected (0.00 sec)

Query OK, 0 rows affected (0.00 sec)

Query OK, 0 rows affected (0.00 sec)

Query OK, 0 rows affected (0.00 sec)

Query OK, 0 rows affected (0.00 sec)

Query OK, 0 rows affected (0.00 sec)

Query OK, 0 rows affected (0.00 sec)

Query OK, 0 rows affected (0.00 sec)

Query OK, 0 rows affected (0.00 sec)

Query OK, 0 rows affected (0.00 sec)

Query OK, 0 rows affected (0.00 sec)

Query OK, 0 rows affected (0.00 sec)

Query OK, 0 rows affected (0.00 sec)

Query OK, 0 rows affected (0.00 sec)

Query OK, 0 rows affected (0.00 sec)

Query OK, 0 rows affected (0.00 sec)

Query OK, 0 rows affected (0.00 sec)

mysql> mysql \. C:\workspace\cloud\code\sql\_DailyScript\currenttime.sql
+---------------------+
| currenttime         |
+---------------------+
| 2021-10-05 11:45:45 |
+---------------------+
1 row in set (0.00 sec)

mysql> 
mysql> mysql \. C:\workspace\cloud\code\sql\_DailyScript\load_RCB_VODTITLES.sql
Database changed
Query OK, 0 rows affected (0.00 sec)

Query OK, 16021 rows affected (0.13 sec)

Query OK, 16023 rows affected, 16023 warnings (0.37 sec)
Records: 16023  Deleted: 0  Skipped: 0  Warnings: 16023

Query OK, 0 rows affected (0.00 sec)

Query OK, 2 rows affected (0.01 sec)

+-----------+
| VODTITLES |
+-----------+
|     16481 |
+-----------+
1 row in set (0.00 sec)

+-----------+-----------+
| titletype | typecount |
+-----------+-----------+
| E         |     13617 |
| N         |       245 |
| T         |      2159 |
| NULL      |     16021 |
+-----------+-----------+
4 rows in set (0.04 sec)

mysql> mysql \. C:\workspace\cloud\code\sql\_DailyScript\currenttime.sql
+---------------------+
| currenttime         |
+---------------------+
| 2021-10-05 11:45:45 |
+---------------------+
1 row in set (0.00 sec)

mysql> 
mysql> 
mysql> 
mysql> 
mysql> 
mysql> 
mysql> 
mysql> 
mysql> 
mysql> 
mysql> 
mysql> 
mysql> 
mysql> 
mysql> 
mysql> 
mysql> 
mysql> 
mysql> 
mysql> 
mysql> 
mysql> 
mysql> 
mysql> 
mysql> 
mysql> 
mysql> 
mysql> 
mysql> 
mysql> 
mysql> 
mysql> 
mysql> 
mysql> 
mysql> 
mysql> 
mysql> 
mysql> mysql \. C:\workspace\cloud\code\sql\_DailyScript\load_DailyCalls.sql
Database changed
Query OK, 287 rows affected (0.07 sec)
Records: 287  Deleted: 0  Skipped: 0  Warnings: 0

Query OK, 0 rows affected, 1 warning (0.00 sec)

Query OK, 287 rows affected (0.01 sec)
Records: 287  Duplicates: 0  Warnings: 0

Query OK, 0 rows affected, 1 warning (0.00 sec)

Query OK, 70511 rows affected (0.27 sec)
Records: 70511  Duplicates: 0  Warnings: 0

+----------------------+
| callingclientsbefore |
+----------------------+
|              1283250 |
+----------------------+
1 row in set (0.35 sec)

Query OK, 401 rows affected (5.91 sec)
Records: 401  Duplicates: 0  Warnings: 0

+---------------------+
| callingclientsafter |
+---------------------+
|             1283651 |
+---------------------+
1 row in set (0.31 sec)

Query OK, 0 rows affected (0.00 sec)

Query OK, 200 rows affected (2.18 sec)
Records: 200  Duplicates: 0  Warnings: 0

Query OK, 0 rows affected (0.01 sec)

Query OK, 24984 rows affected (3.93 sec)
Records: 24984  Duplicates: 0  Warnings: 0

+-----------+
| callstats |
+-----------+
|     24984 |
+-----------+
1 row in set (0.01 sec)

Query OK, 0 rows affected, 1 warning (0.00 sec)

Query OK, 401 rows affected (1.40 sec)
Records: 401  Duplicates: 0  Warnings: 0

+------------------------+
| rep_cccallreportbefore |
+------------------------+
|                1284901 |
+------------------------+
1 row in set (0.33 sec)

Query OK, 401 rows affected (0.06 sec)
Records: 401  Duplicates: 0  Warnings: 0

+-----------------------+
| rep_cccallreportafter |
+-----------------------+
|               1285302 |
+-----------------------+
1 row in set (0.33 sec)

Query OK, 0 rows affected (0.00 sec)

mysql> mysql \. C:\workspace\cloud\code\sql\_DailyScript\currenttime.sql
+---------------------+
| currenttime         |
+---------------------+
| 2021-10-05 11:46:01 |
+---------------------+
1 row in set (0.00 sec)

mysql> 
mysql> mysql \. C:\workspace\cloud\code\sql\_DailyScript\DAILY-SCRIPT-USAGE.sql
Database changed
Query OK, 0 rows affected (0.00 sec)

Query OK, 3981 rows affected, 11564 warnings (0.57 sec)
Records: 3981  Deleted: 0  Skipped: 0  Warnings: 11564

Query OK, 0 rows affected (0.00 sec)

Query OK, 6335 rows affected, 18270 warnings (0.67 sec)
Records: 6335  Deleted: 0  Skipped: 0  Warnings: 18270

Query OK, 0 rows affected (0.00 sec)

Query OK, 317 rows affected, 1104 warnings (0.05 sec)
Records: 317  Deleted: 0  Skipped: 0  Warnings: 1104

Query OK, 0 rows affected (0.00 sec)

Query OK, 158 rows affected, 549 warnings (0.04 sec)
Records: 158  Deleted: 0  Skipped: 0  Warnings: 549

+------------+
| dailyusage |
+------------+
|   19130657 |
+------------+
1 row in set (5.50 sec)

+------------+------------+------------+---------+
| datestart  | dateend    | insertedon | records |
+------------+------------+------------+---------+
| 2021-10-03 | 2021-10-03 | 2021-10-05 |   10791 |
| 2021-10-02 | 2021-10-02 | 2021-10-05 |   10640 |
| 2021-10-01 | 2021-10-01 | 2021-10-05 |   10700 |
| 2021-09-30 | 2021-09-30 | 2021-10-05 |   10676 |
| 2021-09-29 | 2021-09-29 | 2021-10-05 |   10652 |
+------------+------------+------------+---------+
5 rows in set (17.38 sec)

+----------+------------+------------+------------+---------+
| category | datestart  | dateend    | insertedon | records |
+----------+------------+------------+------------+---------+
| UNCAPPED | 2021-10-03 | 2021-10-03 | 2021-10-05 |    6335 |
| PREPAID  | 2021-10-03 | 2021-10-03 | 2021-10-05 |     317 |
| HOTSPOT  | 2021-10-03 | 2021-10-03 | 2021-10-05 |     158 |
| CAPPED   | 2021-10-03 | 2021-10-03 | 2021-10-05 |    3981 |
| UNCAPPED | 2021-10-02 | 2021-10-02 | 2021-10-05 |    6152 |
| PREPAID  | 2021-10-02 | 2021-10-02 | 2021-10-05 |     301 |
| HOTSPOT  | 2021-10-02 | 2021-10-02 | 2021-10-05 |     180 |
| CAPPED   | 2021-10-02 | 2021-10-02 | 2021-10-05 |    4007 |
| UNCAPPED | 2021-10-01 | 2021-10-01 | 2021-10-05 |    6171 |
| PREPAID  | 2021-10-01 | 2021-10-01 | 2021-10-05 |     280 |
| HOTSPOT  | 2021-10-01 | 2021-10-01 | 2021-10-05 |     185 |
| CAPPED   | 2021-10-01 | 2021-10-01 | 2021-10-05 |    4064 |
| UNCAPPED | 2021-09-30 | 2021-09-30 | 2021-10-05 |    6168 |
| PREPAID  | 2021-09-30 | 2021-09-30 | 2021-10-05 |     289 |
| HOTSPOT  | 2021-09-30 | 2021-09-30 | 2021-10-05 |     220 |
| CAPPED   | 2021-09-30 | 2021-09-30 | 2021-10-05 |    3999 |
| UNCAPPED | 2021-09-29 | 2021-09-29 | 2021-10-05 |    6142 |
| PREPAID  | 2021-09-29 | 2021-09-29 | 2021-10-05 |     276 |
| HOTSPOT  | 2021-09-29 | 2021-09-29 | 2021-10-05 |     224 |
| CAPPED   | 2021-09-29 | 2021-09-29 | 2021-10-05 |    4010 |
+----------+------------+------------+------------+---------+
20 rows in set (26.33 sec)

mysql> mysql \. C:\workspace\cloud\code\sql\_DailyScript\currenttime.sql
+---------------------+
| currenttime         |
+---------------------+
| 2021-10-05 11:46:51 |
+---------------------+
1 row in set (0.00 sec)

mysql> 
mysql> mysql \. C:\workspace\cloud\code\sql\_DailyScript\DAILY-SCRIPT-SALES-TELEMETRY.sql
Database changed
Query OK, 25 rows affected, 10 warnings (0.03 sec)
Records: 25  Deleted: 0  Skipped: 0  Warnings: 10

+------------+
| dailysales |
+------------+
|     248891 |
+------------+
1 row in set (0.09 sec)

Query OK, 0 rows affected (0.01 sec)

Query OK, 248891 rows affected (15.06 sec)
Records: 248891  Duplicates: 0  Warnings: 0

+--------+
| sales  |
+--------+
| 248891 |
+--------+
1 row in set (0.10 sec)

Query OK, 0 rows affected (0.00 sec)

Query OK, 4134 rows affected (0.39 sec)
Records: 4134  Duplicates: 0  Warnings: 0

+----------------+
| rep_dailysales |
+----------------+
|           4134 |
+----------------+
1 row in set (0.00 sec)

Query OK, 0 rows affected (0.01 sec)

Query OK, 4134 rows affected (0.60 sec)
Records: 4134  Duplicates: 0  Warnings: 0

+-------------------+
| rep_dailysalesreg |
+-------------------+
|              4134 |
+-------------------+
1 row in set (0.00 sec)

Query OK, 0 rows affected (0.01 sec)

Query OK, 2986 rows affected (0.72 sec)
Records: 2986  Duplicates: 0  Warnings: 0

+-----------+
| saleslist |
+-----------+
|      2986 |
+-----------+
1 row in set (0.00 sec)

Database changed
ERROR 2 (HY000): File 'C:\ProgramData\MySQL\MySQL Server 5.7\Uploads\_csv\PrepaidCardSales-03102021-P1.csv' not found (Errcode: 2 - No such file or directory)
+------------------+
| dailysinglesales |
+------------------+
|             6603 |
+------------------+
1 row in set (0.01 sec)

Database changed
Query OK, 11 rows affected (0.04 sec)
Records: 11  Deleted: 0  Skipped: 0  Warnings: 0

+-----------------+
| dailyaddonsales |
+-----------------+
|           25348 |
+-----------------+
1 row in set (0.01 sec)

Query OK, 258 rows affected (0.04 sec)
Records: 258  Deleted: 0  Skipped: 0  Warnings: 0

+----------------+
| onlinepayments |
+----------------+
|         228602 |
+----------------+
1 row in set (0.08 sec)

+-------------+----------------+---------------------+
| paymentdate | onlinepayments | onlinepaymentamount |
+-------------+----------------+---------------------+
| 2021-10-03  |            258 |        178263.53000 |
| 2021-10-02  |            357 |        234832.31000 |
| 2021-10-01  |            477 |        337911.87000 |
| 2021-09-30  |            476 |        322990.66000 |
| 2021-09-29  |            324 |        212649.39000 |
+-------------+----------------+---------------------+
5 rows in set (0.29 sec)

+-------------+--------------+----------------+---------------------+
| paymentyear | paymentmonth | onlinepayments | onlinepaymentamount |
+-------------+--------------+----------------+---------------------+
|        2021 |           10 |           1092 |        751007.71000 |
|        2021 |            9 |           8803 |       5663928.71000 |
|        2021 |            8 |           8864 |       5714008.87000 |
|        2021 |            7 |           8972 |       5795292.15000 |
|        2021 |            6 |           8773 |       5686976.03000 |
+-------------+--------------+----------------+---------------------+
5 rows in set (0.20 sec)

mysql> mysql \. C:\workspace\cloud\code\sql\_DailyScript\currenttime.sql
+---------------------+
| currenttime         |
+---------------------+
| 2021-10-05 11:47:09 |
+---------------------+
1 row in set (0.00 sec)

mysql> 
mysql> mysql \. C:\workspace\cloud\code\sql\_DailyScript\DAILY-SCRIPT-ACTIVENUMBERS.sql
Database changed
Query OK, 1102 rows affected (0.39 sec)
Records: 1102  Deleted: 0  Skipped: 0  Warnings: 0

+------------+----------+
| period     | count(1) |
+------------+----------+
| 2021-10-03 |     1102 |
| 2021-10-02 |     1103 |
| 2021-10-01 |     1101 |
| 2021-09-30 |     1101 |
| 2021-09-29 |     1100 |
+------------+----------+
5 rows in set (0.00 sec)

Query OK, 0 rows affected (0.00 sec)

Query OK, 75 rows affected (1.31 sec)
Records: 75  Duplicates: 0  Warnings: 0

+-------------+
| packagelist |
+-------------+
|          75 |
+-------------+
1 row in set (0.00 sec)

Database changed
Query OK, 0 rows affected (0.00 sec)

Query OK, 0 rows affected (0.00 sec)

Query OK, 0 rows affected (0.00 sec)

Query OK, 0 rows affected (0.00 sec)

Query OK, 28617 rows affected, 204 warnings (11.12 sec)
Records: 28617  Deleted: 0  Skipped: 0  Warnings: 204

+------------+----------+
| period     | count(1) |
+------------+----------+
| 2021-10-03 |    28617 |
| 2021-10-02 |    28784 |
| 2021-10-01 |    28816 |
| 2021-09-30 |    28750 |
| 2021-09-29 |    28877 |
+------------+----------+
5 rows in set (0.10 sec)

Query OK, 0 rows affected (0.01 sec)

Query OK, 28055 rows affected (36.00 sec)
Records: 28055  Duplicates: 0  Warnings: 0

Query OK, 0 rows affected (0.10 sec)
Records: 0  Duplicates: 0  Warnings: 0

Query OK, 0 rows affected (0.10 sec)
Records: 0  Duplicates: 0  Warnings: 0

Query OK, 0 rows affected (0.10 sec)
Records: 0  Duplicates: 0  Warnings: 0

Query OK, 0 rows affected (0.08 sec)
Records: 0  Duplicates: 0  Warnings: 0

Query OK, 0 rows affected (0.07 sec)
Records: 0  Duplicates: 0  Warnings: 0

Query OK, 0 rows affected (0.07 sec)
Records: 0  Duplicates: 0  Warnings: 0

+-------------+
| countbefore |
+-------------+
|    49835095 |
+-------------+
1 row in set (14.10 sec)

Query OK, 28055 rows affected (1.60 sec)
Records: 28055  Duplicates: 0  Warnings: 0

+------------+
| countafter |
+------------+
|   49863150 |
+------------+
1 row in set (15.72 sec)

+------------+--------------------------+
| period     | customercontractactivity |
+------------+--------------------------+
| 2021-10-03 |                    28055 |
| 2021-10-02 |                    28221 |
| 2021-10-01 |                    28254 |
| 2021-09-30 |                    28188 |
| 2021-09-29 |                    28314 |
+------------+--------------------------+
5 rows in set (0.07 sec)

Query OK, 0 rows affected (0.01 sec)

Query OK, 318838 rows affected, 4 warnings (7 min 40.47 sec)
Records: 318838  Duplicates: 0  Warnings: 4

Query OK, 0 rows affected (0.96 sec)
Records: 0  Duplicates: 0  Warnings: 0

Query OK, 0 rows affected (1.13 sec)
Records: 0  Duplicates: 0  Warnings: 0

Query OK, 0 rows affected (1.12 sec)
Records: 0  Duplicates: 0  Warnings: 0

Query OK, 0 rows affected (0.01 sec)

Query OK, 232 rows affected (0.42 sec)
Records: 232  Duplicates: 0  Warnings: 0

Query OK, 0 rows affected (0.01 sec)

Query OK, 2552 rows affected (0.60 sec)
Records: 2552  Duplicates: 0  Warnings: 0

Query OK, 0 rows affected (0.01 sec)

Query OK, 28029 rows affected (0.56 sec)
Records: 28029  Duplicates: 0  Warnings: 0

Query OK, 0 rows affected (0.01 sec)

Query OK, 16944 rows affected (0.36 sec)
Records: 16944  Duplicates: 0  Warnings: 0

Query OK, 0 rows affected (0.01 sec)

Query OK, 16944 rows affected (0.12 sec)
Records: 16944  Duplicates: 0  Warnings: 0

Query OK, 0 rows affected (0.01 sec)

Query OK, 16944 rows affected (1.11 sec)
Records: 16944  Duplicates: 0  Warnings: 0

Query OK, 0 rows affected (0.01 sec)

Query OK, 16944 rows affected (40.99 sec)
Records: 16944  Duplicates: 0  Warnings: 0

+-------------+
| clientstats |
+-------------+
|       16944 |
+-------------+
1 row in set (0.01 sec)

Query OK, 0 rows affected (0.01 sec)

Query OK, 14 rows affected, 1 warning (0.17 sec)
Records: 14  Duplicates: 0  Warnings: 1

+-----------------------+-------------+-------------+----------------+-----------------+
| services              | activecount | allaccounts | uniqueaccounts | uniquecontracts |
+-----------------------+-------------+-------------+----------------+-----------------+
| All                   |         435 |          70 |             70 |             227 |
| Internet & OTT        |           4 |           2 |              2 |               2 |
| Internet & Voice      |         315 |         138 |            138 |             271 |
| Internet Only         |        4339 |        4238 |           4234 |            4279 |
| OTT Only              |           1 |           1 |              1 |               1 |
| TV & Internet         |        9680 |        4344 |           4335 |            8843 |
| TV & Internet & OTT   |        4338 |        1131 |           1129 |            2353 |
| TV & Internet & Voice |         539 |         155 |            155 |             476 |
| TV & OTT              |         360 |          92 |             90 |             101 |
| TV & Voice            |          84 |          38 |             38 |              78 |
| TV & Voice & OTT      |           3 |           1 |              1 |               2 |
| TV Only               |        8430 |        6612 |           6605 |            6810 |
| Voice Only            |         124 |         122 |            122 |             124 |
| GRAND TOTAL           |       28652 |       16944 |          16867 |           23567 |
+-----------------------+-------------+-------------+----------------+-----------------+
14 rows in set (0.00 sec)

+-------------+-------------+-------------+----------------+-----------------+
| network     | activecount | allaccounts | uniqueaccounts | uniquecontracts |
+-------------+-------------+-------------+----------------+-----------------+
| GPON        |       12804 |        6364 |           6361 |           10086 |
| HFC         |       15848 |       10580 |          10580 |           13481 |
| GRAND TOTAL |       28652 |       16944 |          16867 |           23567 |
+-------------+-------------+-------------+----------------+-----------------+
3 rows in set, 1 warning (0.12 sec)

+-------------+-----------------------+-------------+-------------+----------------+-----------------+
| network     | services              | activecount | allaccounts | uniqueaccounts | uniquecontracts |
+-------------+-----------------------+-------------+-------------+----------------+-----------------+
| GPON        | All                   |         301 |          53 |             53 |             169 |
| GPON        | Internet & Voice      |          77 |          31 |             31 |              66 |
| GPON        | Internet Only         |        1550 |        1466 |           1466 |            1491 |
| GPON        | TV & Internet         |        5111 |        2251 |           2251 |            4608 |
| GPON        | TV & Internet & OTT   |        3212 |         836 |            836 |            1747 |
| GPON        | TV & Internet & Voice |         285 |          78 |             78 |             242 |
| GPON        | TV & OTT              |         175 |          61 |             61 |              62 |
| GPON        | TV & Voice            |          56 |          25 |             25 |              52 |
| GPON        | TV & Voice & OTT      |           3 |           1 |              1 |               2 |
| GPON        | TV Only               |        2018 |        1547 |           1547 |            1631 |
| GPON        | Voice Only            |          16 |          15 |             15 |              16 |
| GPON        | Services Total        |       12804 |        6364 |           6361 |           10086 |
| HFC         | All                   |         134 |          17 |             17 |              58 |
| HFC         | Internet & OTT        |           4 |           2 |              2 |               2 |
| HFC         | Internet & Voice      |         238 |         107 |            107 |             205 |
| HFC         | Internet Only         |        2789 |        2772 |           2772 |            2788 |
| HFC         | OTT Only              |           1 |           1 |              1 |               1 |
| HFC         | TV & Internet         |        4569 |        2093 |           2093 |            4235 |
| HFC         | TV & Internet & OTT   |        1126 |         295 |            295 |             606 |
| HFC         | TV & Internet & Voice |         254 |          77 |             77 |             234 |
| HFC         | TV & OTT              |         185 |          31 |             31 |              39 |
| HFC         | TV & Voice            |          28 |          13 |             13 |              26 |
| HFC         | TV Only               |        6412 |        5065 |           5065 |            5179 |
| HFC         | Voice Only            |         108 |         107 |            107 |             108 |
| HFC         | Services Total        |       15848 |       10580 |          10580 |           13481 |
| GRAND TOTAL | Services Total        |       28652 |       16944 |          16867 |           23567 |
+-------------+-----------------------+-------------+-------------+----------------+-----------------+
26 rows in set, 2 warnings (0.14 sec)

Query OK, 0 rows affected (0.01 sec)

Query OK, 41 rows affected, 3 warnings (0.20 sec)
Records: 41  Duplicates: 0  Warnings: 3

+-------------+---------------+-----------------------+-------------+-------------+----------------+-----------------+
| region      | network       | services              | activecount | allaccounts | uniqueaccounts | uniquecontracts |
+-------------+---------------+-----------------------+-------------+-------------+----------------+-----------------+
| Mahe        | GPON          | All                   |         260 |          46 |             46 |             147 |
| Mahe        | GPON          | Internet & Voice      |          67 |          26 |             26 |              56 |
| Mahe        | GPON          | Internet Only         |        1309 |        1226 |           1226 |            1250 |
| Mahe        | GPON          | TV & Internet         |        4337 |        1906 |           1906 |            3894 |
| Mahe        | GPON          | TV & Internet & OTT   |        2677 |         682 |            682 |            1429 |
| Mahe        | GPON          | TV & Internet & Voice |         275 |          75 |             75 |             232 |
| Mahe        | GPON          | TV & OTT              |         145 |          51 |             51 |              52 |
| Mahe        | GPON          | TV & Voice            |          53 |          24 |             24 |              49 |
| Mahe        | GPON          | TV & Voice & OTT      |           3 |           1 |              1 |               2 |
| Mahe        | GPON          | TV Only               |        1670 |        1283 |           1283 |            1355 |
| Mahe        | GPON          | Voice Only            |          14 |          13 |             13 |              14 |
| Mahe        | GPON          | Services Total        |       10810 |        5333 |           5333 |            8480 |
| Mahe        | HFC           | All                   |         134 |          17 |             17 |              58 |
| Mahe        | HFC           | Internet & OTT        |           4 |           2 |              2 |               2 |
| Mahe        | HFC           | Internet & Voice      |         238 |         107 |            107 |             205 |
| Mahe        | HFC           | Internet Only         |        2789 |        2772 |           2772 |            2788 |
| Mahe        | HFC           | OTT Only              |           1 |           1 |              1 |               1 |
| Mahe        | HFC           | TV & Internet         |        4569 |        2093 |           2093 |            4235 |
| Mahe        | HFC           | TV & Internet & OTT   |        1126 |         295 |            295 |             606 |
| Mahe        | HFC           | TV & Internet & Voice |         254 |          77 |             77 |             234 |
| Mahe        | HFC           | TV & OTT              |         185 |          31 |             31 |              39 |
| Mahe        | HFC           | TV & Voice            |          28 |          13 |             13 |              26 |
| Mahe        | HFC           | TV Only               |        6411 |        5064 |           5064 |            5178 |
| Mahe        | HFC           | Voice Only            |         108 |         107 |            107 |             108 |
| Mahe        | HFC           | Services Total        |       15847 |       10579 |          10579 |           13480 |
| Mahe        | Network Total | Services Total        |       26657 |       15912 |          15838 |           21960 |
| Praslin     | GPON          | All                   |          41 |           7 |              7 |              22 |
| Praslin     | GPON          | Internet & Voice      |          10 |           5 |              5 |              10 |
| Praslin     | GPON          | Internet Only         |         241 |         240 |            240 |             241 |
| Praslin     | GPON          | TV & Internet         |         774 |         345 |            345 |             714 |
| Praslin     | GPON          | TV & Internet & OTT   |         535 |         154 |            154 |             318 |
| Praslin     | GPON          | TV & Internet & Voice |          10 |           3 |              3 |              10 |
| Praslin     | GPON          | TV & OTT              |          30 |          10 |             10 |              10 |
| Praslin     | GPON          | TV & Voice            |           3 |           1 |              1 |               3 |
| Praslin     | GPON          | TV Only               |         348 |         264 |            264 |             276 |
| Praslin     | GPON          | Voice Only            |           2 |           2 |              2 |               2 |
| Praslin     | GPON          | Services Total        |        1994 |        1031 |           1031 |            1606 |
| Praslin     | HFC           | TV Only               |           1 |           1 |              1 |               1 |
| Praslin     | HFC           | Services Total        |           1 |           1 |              1 |               1 |
| Praslin     | Network Total | Services Total        |        1995 |        1032 |           1032 |            1607 |
| GRAND TOTAL | Network Total | Services Total        |       28652 |       16944 |          16867 |           23567 |
+-------------+---------------+-----------------------+-------------+-------------+----------------+-----------------+
41 rows in set (0.01 sec)

Query OK, 0 rows affected (0.01 sec)

Query OK, 28030 rows affected (0.40 sec)
Records: 28030  Duplicates: 0  Warnings: 0

Query OK, 0 rows affected (0.01 sec)

Query OK, 2325 rows affected (0.50 sec)
Records: 2325  Duplicates: 0  Warnings: 0

+--------------------------------------+
| message                              |
+--------------------------------------+
| running rcbill_my.sp_ActiveNumber2() |
+--------------------------------------+
1 row in set (0.00 sec)

Query OK, 365 rows affected (1 min 58.31 sec)

mysql> mysql \. C:\workspace\cloud\code\sql\_DailyScript\currenttime.sql
+---------------------+
| currenttime         |
+---------------------+
| 2021-10-05 11:58:58 |
+---------------------+
1 row in set (0.00 sec)

mysql> 
mysql> mysql \. C:\workspace\cloud\code\sql\_DailyScript\GetActiveNumbers Average -Pivot.sql
Database changed
+-------------------------------------+
| @today := subdate(current_date(),1) |
+-------------------------------------+
| 2021-10-04                          |
+-------------------------------------+
1 row in set (0.00 sec)

+-------------------------------------+
| @lastdayofmonth := last_day(@today) |
+-------------------------------------+
| 2021-10-31                          |
+-------------------------------------+
1 row in set (0.01 sec)

Query OK, 0 rows affected (0.01 sec)

Query OK, 51195 rows affected, 65535 warnings (1 min 0.96 sec)
Records: 51195  Duplicates: 0  Warnings: 103611

Query OK, 0 rows affected (0.11 sec)
Records: 0  Duplicates: 0  Warnings: 0

Query OK, 0 rows affected (0.13 sec)
Records: 0  Duplicates: 0  Warnings: 0

Query OK, 0 rows affected (0.11 sec)
Records: 0  Duplicates: 0  Warnings: 0

+-----------------+
| activenumberavg |
+-----------------+
|           51195 |
+-----------------+
1 row in set (0.02 sec)

Query OK, 0 rows affected (0.01 sec)

Query OK, 1988 rows affected (0.56 sec)
Records: 1988  Duplicates: 0  Warnings: 0

+---------------------+
| rep_activenumberavg |
+---------------------+
|                1988 |
+---------------------+
1 row in set (0.00 sec)

+----------------------+
| rep_activenumberavg1 |
+----------------------+
|                  926 |
+----------------------+
1 row in set (0.00 sec)

Query OK, 0 rows affected (0.00 sec)

Query OK, 2708 rows affected (0.46 sec)
Records: 2708  Duplicates: 0  Warnings: 0

Query OK, 0 rows affected (0.00 sec)

Query OK, 13997 rows affected (0.84 sec)
Records: 13997  Duplicates: 0  Warnings: 0

Query OK, 0 rows affected (0.00 sec)

Query OK, 242 rows affected (0.28 sec)
Records: 242  Duplicates: 0  Warnings: 0

Query OK, 0 rows affected (0.00 sec)

Query OK, 0 rows affected (0.00 sec)

Query OK, 0 rows affected (0.00 sec)

Query OK, 0 rows affected (0.00 sec)

Query OK, 0 rows affected (0.00 sec)
Statement prepared

Query OK, 53 rows affected (0.06 sec)
Records: 53  Duplicates: 0  Warnings: 0

Query OK, 0 rows affected (0.00 sec)

Query OK, 0 rows affected (0.00 sec)

+----------------------+
| rep_activenumberavg2 |
+----------------------+
|                 2708 |
+----------------------+
1 row in set (0.00 sec)

+------------------------+
| rep_activenumberavg_pv |
+------------------------+
|                     53 |
+------------------------+
1 row in set (0.00 sec)

Query OK, 0 rows affected (0.00 sec)

Query OK, 2705 rows affected (0.38 sec)
Records: 2705  Duplicates: 0  Warnings: 0

Query OK, 0 rows affected (0.00 sec)

Query OK, 0 rows affected (0.01 sec)

Query OK, 0 rows affected (0.00 sec)

Query OK, 0 rows affected (0.00 sec)

Query OK, 0 rows affected (0.00 sec)
Statement prepared

Query OK, 53 rows affected (0.05 sec)
Records: 53  Duplicates: 0  Warnings: 0

Query OK, 0 rows affected (0.00 sec)

Query OK, 0 rows affected (0.00 sec)

+-------------------------+
| rep_activenumberavgMahe |
+-------------------------+
|                    2705 |
+-------------------------+
1 row in set (0.00 sec)

+----------------------------+
| rep_activenumberavgMahe_pv |
+----------------------------+
|                         53 |
+----------------------------+
1 row in set (0.00 sec)

Query OK, 0 rows affected (0.00 sec)

Query OK, 1711 rows affected (0.17 sec)
Records: 1711  Duplicates: 0  Warnings: 0

Query OK, 0 rows affected (0.00 sec)

Query OK, 0 rows affected (0.00 sec)

Query OK, 0 rows affected (0.01 sec)

Query OK, 0 rows affected (0.00 sec)

Query OK, 0 rows affected (0.00 sec)
Statement prepared

Query OK, 40 rows affected (0.04 sec)
Records: 40  Duplicates: 0  Warnings: 0

Query OK, 0 rows affected (0.00 sec)

Query OK, 0 rows affected (0.00 sec)

+----------------------------+
| rep_activenumberavgPraslin |
+----------------------------+
|                       1711 |
+----------------------------+
1 row in set (0.00 sec)

+-------------------------------+
| rep_activenumberavgPraslin_pv |
+-------------------------------+
|                            40 |
+-------------------------------+
1 row in set (0.00 sec)

mysql> mysql \. C:\workspace\cloud\code\sql\_DailyScript\currenttime.sql
+---------------------+
| currenttime         |
+---------------------+
| 2021-10-05 12:00:02 |
+---------------------+
1 row in set (0.00 sec)

mysql> 
mysql> mysql \. C:\workspace\cloud\code\sql\Analysis\clients_contracts_creditpolicy_2.sql
Database changed
Query OK, 0 rows affected (0.00 sec)

Query OK, 1900145 rows affected (38.09 sec)
Records: 1900145  Duplicates: 0  Warnings: 0

Query OK, 0 rows affected (0.01 sec)

Query OK, 28055 rows affected (0.96 sec)
Records: 28055  Duplicates: 0  Warnings: 0

Query OK, 0 rows affected (0.01 sec)

Query OK, 28125 rows affected (7.63 sec)
Records: 28125  Duplicates: 0  Warnings: 0

+-------------------------+
| rep_cust_cont_creditpol |
+-------------------------+
|                   28125 |
+-------------------------+
1 row in set (0.01 sec)

mysql> mysql \. C:\workspace\cloud\code\sql\_DailyScript\currenttime.sql
+---------------------+
| currenttime         |
+---------------------+
| 2021-10-05 12:00:49 |
+---------------------+
1 row in set (0.00 sec)

mysql> 
mysql> 
mysql> 
mysql> 
mysql> 
mysql> 
mysql> 
mysql> 
mysql> 
mysql> 
mysql> 
mysql> 
mysql> 
mysql> 
mysql> 
mysql> 
mysql> 
mysql> 
mysql> 
mysql> 
mysql> 
mysql> 
mysql> 
mysql> 
mysql> 
mysql> 
mysql> 
mysql> exit
