    -> 
    -> mysql \. C:\workspace\cloud\code\sql\_DailyScript\_setdates.sql
Query OK, 0 rows affected (0.01 sec)

Query OK, 0 rows affected (1.57 sec)

Database changed
Query OK, 0 rows affected (0.00 sec)

Query OK, 0 rows affected (0.00 sec)

Query OK, 0 rows affected (0.00 sec)

Query OK, 0 rows affected (0.00 sec)

Query OK, 0 rows affected (0.00 sec)

Query OK, 0 rows affected (0.00 sec)

Query OK, 0 rows affected (0.00 sec)

Query OK, 0 rows affected (0.00 sec)

Query OK, 0 rows affected (0.00 sec)

Query OK, 0 rows affected (0.00 sec)

Query OK, 0 rows affected (0.00 sec)

Query OK, 0 rows affected (0.00 sec)

Query OK, 0 rows affected (0.00 sec)

Query OK, 0 rows affected (0.00 sec)

Query OK, 0 rows affected (0.00 sec)

Query OK, 0 rows affected (0.00 sec)

Query OK, 0 rows affected (0.00 sec)

Query OK, 0 rows affected (0.00 sec)

Query OK, 0 rows affected (0.00 sec)

Query OK, 0 rows affected (0.00 sec)

Query OK, 0 rows affected (0.00 sec)

Query OK, 0 rows affected (0.00 sec)

mysql> mysql \. C:\workspace\cloud\code\sql\_DailyScript\currenttime.sql
+---------------------+
| currenttime         |
+---------------------+
| 2021-10-05 09:16:00 |
+---------------------+
1 row in set (0.00 sec)

mysql> 
mysql> mysql \. C:\workspace\cloud\code\sql\_DailyScript\load_RCB_VODTITLES.sql
Database changed
Query OK, 0 rows affected (0.00 sec)

Query OK, 16023 rows affected (0.15 sec)

Query OK, 16025 rows affected, 16025 warnings (0.46 sec)
Records: 16025  Deleted: 0  Skipped: 0  Warnings: 16025

Query OK, 0 rows affected (0.00 sec)

Query OK, 2 rows affected (0.02 sec)

+-----------+
| VODTITLES |
+-----------+
|     16483 |
+-----------+
1 row in set (0.01 sec)

+-----------+-----------+
| titletype | typecount |
+-----------+-----------+
| E         |     13617 |
| N         |       245 |
| T         |      2161 |
| NULL      |     16023 |
+-----------+-----------+
4 rows in set (0.04 sec)

mysql> mysql \. C:\workspace\cloud\code\sql\_DailyScript\currenttime.sql
+---------------------+
| currenttime         |
+---------------------+
| 2021-10-05 09:16:01 |
+---------------------+
1 row in set (0.00 sec)

mysql> 
mysql> 
mysql> 
mysql> 
mysql> 
mysql> 
mysql> 
mysql> 
mysql> 
mysql> 
mysql> 
mysql> 
mysql> 
mysql> 
mysql> 
mysql> 
mysql> 
mysql> 
mysql> 
mysql> 
mysql> 
mysql> 
mysql> 
mysql> 
mysql> 
mysql> 
mysql> 
mysql> 
mysql> 
mysql> 
mysql> 
mysql> 
mysql> 
mysql> 
mysql> 
mysql> 
mysql> 
mysql> mysql \. C:\workspace\cloud\code\sql\_DailyScript\load_DailyCalls.sql
Database changed
Query OK, 457 rows affected (0.09 sec)
Records: 457  Deleted: 0  Skipped: 0  Warnings: 0

Query OK, 0 rows affected, 1 warning (0.00 sec)

Query OK, 457 rows affected (0.01 sec)
Records: 457  Duplicates: 0  Warnings: 0

Query OK, 0 rows affected, 1 warning (0.00 sec)

Query OK, 70511 rows affected (0.26 sec)
Records: 70511  Duplicates: 0  Warnings: 0

+----------------------+
| callingclientsbefore |
+----------------------+
|              1280490 |
+----------------------+
1 row in set (0.35 sec)

Query OK, 625 rows affected (9.41 sec)
Records: 625  Duplicates: 0  Warnings: 0

+---------------------+
| callingclientsafter |
+---------------------+
|             1281115 |
+---------------------+
1 row in set (0.32 sec)

Query OK, 0 rows affected (0.01 sec)

Query OK, 341 rows affected (2.19 sec)
Records: 341  Duplicates: 0  Warnings: 0

Query OK, 0 rows affected (0.00 sec)

Query OK, 24932 rows affected (3.96 sec)
Records: 24932  Duplicates: 0  Warnings: 0

+-----------+
| callstats |
+-----------+
|     24932 |
+-----------+
1 row in set (0.01 sec)

Query OK, 0 rows affected, 1 warning (0.00 sec)

Query OK, 625 rows affected (1.46 sec)
Records: 625  Duplicates: 0  Warnings: 0

+------------------------+
| rep_cccallreportbefore |
+------------------------+
|                1282141 |
+------------------------+
1 row in set (0.32 sec)

Query OK, 625 rows affected (0.09 sec)
Records: 625  Duplicates: 0  Warnings: 0

+-----------------------+
| rep_cccallreportafter |
+-----------------------+
|               1282766 |
+-----------------------+
1 row in set (0.33 sec)

Query OK, 0 rows affected (0.01 sec)

mysql> mysql \. C:\workspace\cloud\code\sql\_DailyScript\currenttime.sql
+---------------------+
| currenttime         |
+---------------------+
| 2021-10-05 09:16:20 |
+---------------------+
1 row in set (0.00 sec)

mysql> 
mysql> mysql \. C:\workspace\cloud\code\sql\_DailyScript\DAILY-SCRIPT-USAGE.sql
Database changed
Query OK, 0 rows affected (0.00 sec)

Query OK, 4010 rows affected, 11616 warnings (0.58 sec)
Records: 4010  Deleted: 0  Skipped: 0  Warnings: 11616

Query OK, 0 rows affected (0.00 sec)

Query OK, 6142 rows affected, 17659 warnings (0.66 sec)
Records: 6142  Deleted: 0  Skipped: 0  Warnings: 17659

Query OK, 0 rows affected (0.00 sec)

Query OK, 276 rows affected, 1015 warnings (0.04 sec)
Records: 276  Deleted: 0  Skipped: 0  Warnings: 1015

Query OK, 0 rows affected (0.00 sec)

Query OK, 224 rows affected, 786 warnings (0.03 sec)
Records: 224  Deleted: 0  Skipped: 0  Warnings: 786

+------------+
| dailyusage |
+------------+
|   19087850 |
+------------+
1 row in set (5.43 sec)

+------------+------------+------------+---------+
| datestart  | dateend    | insertedon | records |
+------------+------------+------------+---------+
| 2021-09-29 | 2021-09-29 | 2021-10-05 |   10652 |
| 2021-09-28 | 2021-09-28 | 2021-10-05 |   10599 |
| 2021-09-27 | 2021-09-27 | 2021-10-05 |   10904 |
| 2021-09-26 | 2021-09-26 | 2021-10-05 |   11069 |
| 2021-09-25 | 2021-09-25 | 2021-10-05 |   11040 |
+------------+------------+------------+---------+
5 rows in set (17.04 sec)

+----------+------------+------------+------------+---------+
| category | datestart  | dateend    | insertedon | records |
+----------+------------+------------+------------+---------+
| UNCAPPED | 2021-09-29 | 2021-09-29 | 2021-10-05 |    6142 |
| PREPAID  | 2021-09-29 | 2021-09-29 | 2021-10-05 |     276 |
| HOTSPOT  | 2021-09-29 | 2021-09-29 | 2021-10-05 |     224 |
| CAPPED   | 2021-09-29 | 2021-09-29 | 2021-10-05 |    4010 |
| UNCAPPED | 2021-09-28 | 2021-09-28 | 2021-10-05 |    6130 |
| PREPAID  | 2021-09-28 | 2021-09-28 | 2021-10-05 |     274 |
| HOTSPOT  | 2021-09-28 | 2021-09-28 | 2021-10-05 |     203 |
| CAPPED   | 2021-09-28 | 2021-09-28 | 2021-10-05 |    3992 |
| UNCAPPED | 2021-09-27 | 2021-09-27 | 2021-10-05 |    6438 |
| PREPAID  | 2021-09-27 | 2021-09-27 | 2021-10-05 |     281 |
| HOTSPOT  | 2021-09-27 | 2021-09-27 | 2021-10-05 |     242 |
| CAPPED   | 2021-09-27 | 2021-09-27 | 2021-10-05 |    3943 |
| UNCAPPED | 2021-09-26 | 2021-09-26 | 2021-10-05 |    6596 |
| PREPAID  | 2021-09-26 | 2021-09-26 | 2021-10-05 |     331 |
| HOTSPOT  | 2021-09-26 | 2021-09-26 | 2021-10-05 |     183 |
| CAPPED   | 2021-09-26 | 2021-09-26 | 2021-10-05 |    3959 |
| UNCAPPED | 2021-09-25 | 2021-09-25 | 2021-10-05 |    6599 |
| PREPAID  | 2021-09-25 | 2021-09-25 | 2021-10-05 |     272 |
| HOTSPOT  | 2021-09-25 | 2021-09-25 | 2021-10-05 |     199 |
| CAPPED   | 2021-09-25 | 2021-09-25 | 2021-10-05 |    3970 |
+----------+------------+------------+------------+---------+
20 rows in set (25.54 sec)

mysql> mysql \. C:\workspace\cloud\code\sql\_DailyScript\currenttime.sql
+---------------------+
| currenttime         |
+---------------------+
| 2021-10-05 09:17:09 |
+---------------------+
1 row in set (0.00 sec)

mysql> 
mysql> mysql \. C:\workspace\cloud\code\sql\_DailyScript\DAILY-SCRIPT-SALES-TELEMETRY.sql
Database changed
Query OK, 156 rows affected, 85 warnings (0.04 sec)
Records: 156  Deleted: 0  Skipped: 0  Warnings: 85

+------------+
| dailysales |
+------------+
|     248450 |
+------------+
1 row in set (0.10 sec)

Query OK, 0 rows affected (0.01 sec)

Query OK, 248450 rows affected (15.17 sec)
Records: 248450  Duplicates: 0  Warnings: 0

+--------+
| sales  |
+--------+
| 248450 |
+--------+
1 row in set (0.10 sec)

Query OK, 0 rows affected (0.01 sec)

Query OK, 4127 rows affected (0.39 sec)
Records: 4127  Duplicates: 0  Warnings: 0

+----------------+
| rep_dailysales |
+----------------+
|           4127 |
+----------------+
1 row in set (0.00 sec)

Query OK, 0 rows affected (0.01 sec)

Query OK, 4127 rows affected (0.61 sec)
Records: 4127  Duplicates: 0  Warnings: 0

+-------------------+
| rep_dailysalesreg |
+-------------------+
|              4127 |
+-------------------+
1 row in set (0.00 sec)

Query OK, 0 rows affected (0.00 sec)

Query OK, 2986 rows affected (0.75 sec)
Records: 2986  Duplicates: 0  Warnings: 0

+-----------+
| saleslist |
+-----------+
|      2986 |
+-----------+
1 row in set (0.00 sec)

Database changed
ERROR 2 (HY000): File 'C:\ProgramData\MySQL\MySQL Server 5.7\Uploads\_csv\PrepaidCardSales-29092021-P1.csv' not found (Errcode: 2 - No such file or directory)
+------------------+
| dailysinglesales |
+------------------+
|             6603 |
+------------------+
1 row in set (0.01 sec)

Database changed
Query OK, 14 rows affected (0.04 sec)
Records: 14  Deleted: 0  Skipped: 0  Warnings: 0

+-----------------+
| dailyaddonsales |
+-----------------+
|           25299 |
+-----------------+
1 row in set (0.01 sec)

Query OK, 324 rows affected (0.04 sec)
Records: 324  Deleted: 0  Skipped: 0  Warnings: 0

+----------------+
| onlinepayments |
+----------------+
|         227034 |
+----------------+
1 row in set (0.08 sec)

+-------------+----------------+---------------------+
| paymentdate | onlinepayments | onlinepaymentamount |
+-------------+----------------+---------------------+
| 2021-09-29  |            324 |        212649.39000 |
| 2021-09-28  |            419 |        287993.93000 |
| 2021-09-27  |            537 |        362335.65000 |
| 2021-09-26  |            338 |        214276.84000 |
| 2021-09-25  |            367 |        242342.93000 |
+-------------+----------------+---------------------+
5 rows in set (0.28 sec)

+-------------+--------------+----------------+---------------------+
| paymentyear | paymentmonth | onlinepayments | onlinepaymentamount |
+-------------+--------------+----------------+---------------------+
|        2021 |            9 |           8327 |       5340938.05000 |
|        2021 |            8 |           8864 |       5714008.87000 |
|        2021 |            7 |           8972 |       5795292.15000 |
|        2021 |            6 |           8773 |       5686976.03000 |
|        2021 |            5 |           9358 |       5959322.66000 |
+-------------+--------------+----------------+---------------------+
5 rows in set (0.20 sec)

mysql> mysql \. C:\workspace\cloud\code\sql\_DailyScript\currenttime.sql
+---------------------+
| currenttime         |
+---------------------+
| 2021-10-05 09:17:27 |
+---------------------+
1 row in set (0.00 sec)

mysql> 
mysql> mysql \. C:\workspace\cloud\code\sql\_DailyScript\DAILY-SCRIPT-ACTIVENUMBERS.sql
Database changed
Query OK, 1100 rows affected (0.40 sec)
Records: 1100  Deleted: 0  Skipped: 0  Warnings: 0

+------------+----------+
| period     | count(1) |
+------------+----------+
| 2021-09-29 |     1100 |
| 2021-09-28 |     1102 |
| 2021-09-27 |     1101 |
| 2021-09-26 |     1101 |
| 2021-09-25 |     1101 |
+------------+----------+
5 rows in set (0.00 sec)

Query OK, 0 rows affected (0.00 sec)

Query OK, 75 rows affected (1.38 sec)
Records: 75  Duplicates: 0  Warnings: 0

+-------------+
| packagelist |
+-------------+
|          75 |
+-------------+
1 row in set (0.00 sec)

Database changed
Query OK, 0 rows affected (0.00 sec)

Query OK, 0 rows affected (0.00 sec)

Query OK, 0 rows affected (0.00 sec)

Query OK, 0 rows affected (0.00 sec)

Query OK, 28877 rows affected, 452 warnings (11.46 sec)
Records: 28877  Deleted: 0  Skipped: 0  Warnings: 452

+------------+----------+
| period     | count(1) |
+------------+----------+
| 2021-09-29 |    28877 |
| 2021-09-28 |    28734 |
| 2021-09-27 |    28660 |
| 2021-09-26 |    28591 |
| 2021-09-25 |    28851 |
+------------+----------+
5 rows in set (0.06 sec)

Query OK, 0 rows affected (0.01 sec)

Query OK, 28314 rows affected (36.02 sec)
Records: 28314  Duplicates: 0  Warnings: 0

Query OK, 0 rows affected (0.10 sec)
Records: 0  Duplicates: 0  Warnings: 0

Query OK, 0 rows affected (0.10 sec)
Records: 0  Duplicates: 0  Warnings: 0

Query OK, 0 rows affected (0.10 sec)
Records: 0  Duplicates: 0  Warnings: 0

Query OK, 0 rows affected (0.08 sec)
Records: 0  Duplicates: 0  Warnings: 0

Query OK, 0 rows affected (0.07 sec)
Records: 0  Duplicates: 0  Warnings: 0

Query OK, 0 rows affected (0.07 sec)
Records: 0  Duplicates: 0  Warnings: 0

+-------------+
| countbefore |
+-------------+
|    49722118 |
+-------------+
1 row in set (14.04 sec)

Query OK, 28314 rows affected (1.58 sec)
Records: 28314  Duplicates: 0  Warnings: 0

+------------+
| countafter |
+------------+
|   49750432 |
+------------+
1 row in set (14.93 sec)

+------------+--------------------------+
| period     | customercontractactivity |
+------------+--------------------------+
| 2021-09-29 |                    28314 |
| 2021-09-28 |                    28172 |
| 2021-09-27 |                    28098 |
| 2021-09-26 |                    28029 |
| 2021-09-25 |                    28289 |
+------------+--------------------------+
5 rows in set (0.06 sec)

Query OK, 0 rows affected (0.01 sec)

Query OK, 318327 rows affected, 4 warnings (7 min 38.96 sec)
Records: 318327  Duplicates: 0  Warnings: 4

Query OK, 0 rows affected (0.97 sec)
Records: 0  Duplicates: 0  Warnings: 0

Query OK, 0 rows affected (1.11 sec)
Records: 0  Duplicates: 0  Warnings: 0

Query OK, 0 rows affected (1.13 sec)
Records: 0  Duplicates: 0  Warnings: 0

Query OK, 0 rows affected (0.01 sec)

Query OK, 233 rows affected (0.41 sec)
Records: 233  Duplicates: 0  Warnings: 0

Query OK, 0 rows affected (0.00 sec)

Query OK, 2560 rows affected (0.59 sec)
Records: 2560  Duplicates: 0  Warnings: 0

Query OK, 0 rows affected (0.00 sec)

Query OK, 28286 rows affected (0.53 sec)
Records: 28286  Duplicates: 0  Warnings: 0

Query OK, 0 rows affected (0.01 sec)

Query OK, 17145 rows affected (0.36 sec)
Records: 17145  Duplicates: 0  Warnings: 0

Query OK, 0 rows affected (0.01 sec)

Query OK, 17145 rows affected (0.14 sec)
Records: 17145  Duplicates: 0  Warnings: 0

Query OK, 0 rows affected (0.01 sec)

Query OK, 17145 rows affected (1.12 sec)
Records: 17145  Duplicates: 0  Warnings: 0

Query OK, 0 rows affected (0.01 sec)

Query OK, 17145 rows affected (44.62 sec)
Records: 17145  Duplicates: 0  Warnings: 0

+-------------+
| clientstats |
+-------------+
|       17145 |
+-------------+
1 row in set (0.01 sec)

Query OK, 0 rows affected (0.01 sec)

Query OK, 13 rows affected, 1 warning (0.09 sec)
Records: 13  Duplicates: 0  Warnings: 1

+-----------------------+-------------+-------------+----------------+-----------------+
| services              | activecount | allaccounts | uniqueaccounts | uniquecontracts |
+-----------------------+-------------+-------------+----------------+-----------------+
| All                   |         440 |          71 |             71 |             230 |
| Internet & OTT        |           4 |           2 |              2 |               2 |
| Internet & Voice      |         319 |         140 |            140 |             275 |
| Internet Only         |        4423 |        4325 |           4321 |            4364 |
| OTT Only              |           1 |           1 |              1 |               1 |
| TV & Internet         |        9763 |        4373 |           4361 |            8908 |
| TV & Internet & OTT   |        4350 |        1131 |           1129 |            2353 |
| TV & Internet & Voice |         546 |         157 |            157 |             482 |
| TV & OTT              |         331 |          83 |             81 |              92 |
| TV & Voice            |          75 |          34 |             34 |              70 |
| TV Only               |        8539 |        6705 |           6701 |            6911 |
| Voice Only            |         125 |         123 |            123 |             125 |
| GRAND TOTAL           |       28916 |       17145 |          17053 |           23813 |
+-----------------------+-------------+-------------+----------------+-----------------+
13 rows in set (0.00 sec)

+-------------+-------------+-------------+----------------+-----------------+
| network     | activecount | allaccounts | uniqueaccounts | uniquecontracts |
+-------------+-------------+-------------+----------------+-----------------+
| GPON        |       12824 |        6396 |           6393 |           10107 |
| HFC         |       16092 |       10749 |          10749 |           13706 |
| GRAND TOTAL |       28916 |       17145 |          17053 |           23813 |
+-------------+-------------+-------------+----------------+-----------------+
3 rows in set, 1 warning (0.11 sec)

+-------------+-----------------------+-------------+-------------+----------------+-----------------+
| network     | services              | activecount | allaccounts | uniqueaccounts | uniquecontracts |
+-------------+-----------------------+-------------+-------------+----------------+-----------------+
| GPON        | All                   |         305 |          54 |             54 |             172 |
| GPON        | Internet & Voice      |          91 |          38 |             38 |              80 |
| GPON        | Internet Only         |        1620 |        1537 |           1537 |            1562 |
| GPON        | TV & Internet         |        5080 |        2229 |           2229 |            4570 |
| GPON        | TV & Internet & OTT   |        3214 |         834 |            834 |            1743 |
| GPON        | TV & Internet & Voice |         285 |          78 |             78 |             242 |
| GPON        | TV & OTT              |         152 |          54 |             54 |              55 |
| GPON        | TV & Voice            |          49 |          22 |             22 |              46 |
| GPON        | TV Only               |        2014 |        1537 |           1537 |            1623 |
| GPON        | Voice Only            |          14 |          13 |             13 |              14 |
| GPON        | Services Total        |       12824 |        6396 |           6393 |           10107 |
| HFC         | All                   |         135 |          17 |             17 |              58 |
| HFC         | Internet & OTT        |           4 |           2 |              2 |               2 |
| HFC         | Internet & Voice      |         228 |         102 |            102 |             195 |
| HFC         | Internet Only         |        2803 |        2788 |           2788 |            2802 |
| HFC         | OTT Only              |           1 |           1 |              1 |               1 |
| HFC         | TV & Internet         |        4683 |        2144 |           2144 |            4338 |
| HFC         | TV & Internet & OTT   |        1136 |         297 |            297 |             610 |
| HFC         | TV & Internet & Voice |         261 |          79 |             79 |             240 |
| HFC         | TV & OTT              |         179 |          29 |             29 |              37 |
| HFC         | TV & Voice            |          26 |          12 |             12 |              24 |
| HFC         | TV Only               |        6525 |        5168 |           5168 |            5288 |
| HFC         | Voice Only            |         111 |         110 |            110 |             111 |
| HFC         | Services Total        |       16092 |       10749 |          10749 |           13706 |
| GRAND TOTAL | Services Total        |       28916 |       17145 |          17053 |           23813 |
+-------------+-----------------------+-------------+-------------+----------------+-----------------+
25 rows in set, 2 warnings (0.13 sec)

Query OK, 0 rows affected (0.01 sec)

Query OK, 40 rows affected, 3 warnings (0.17 sec)
Records: 40  Duplicates: 0  Warnings: 3

+-------------+---------------+-----------------------+-------------+-------------+----------------+-----------------+
| region      | network       | services              | activecount | allaccounts | uniqueaccounts | uniquecontracts |
+-------------+---------------+-----------------------+-------------+-------------+----------------+-----------------+
| Mahe        | GPON          | All                   |         264 |          47 |             47 |             150 |
| Mahe        | GPON          | Internet & Voice      |          77 |          31 |             31 |              66 |
| Mahe        | GPON          | Internet Only         |        1380 |        1298 |           1298 |            1322 |
| Mahe        | GPON          | TV & Internet         |        4302 |        1882 |           1882 |            3851 |
| Mahe        | GPON          | TV & Internet & OTT   |        2650 |         673 |            673 |            1411 |
| Mahe        | GPON          | TV & Internet & Voice |         275 |          75 |             75 |             232 |
| Mahe        | GPON          | TV & OTT              |         133 |          46 |             46 |              47 |
| Mahe        | GPON          | TV & Voice            |          46 |          21 |             21 |              43 |
| Mahe        | GPON          | TV Only               |        1659 |        1268 |           1268 |            1342 |
| Mahe        | GPON          | Voice Only            |          13 |          12 |             12 |              13 |
| Mahe        | GPON          | Services Total        |       10799 |        5353 |           5353 |            8477 |
| Mahe        | HFC           | All                   |         135 |          17 |             17 |              58 |
| Mahe        | HFC           | Internet & OTT        |           4 |           2 |              2 |               2 |
| Mahe        | HFC           | Internet & Voice      |         228 |         102 |            102 |             195 |
| Mahe        | HFC           | Internet Only         |        2803 |        2788 |           2788 |            2802 |
| Mahe        | HFC           | OTT Only              |           1 |           1 |              1 |               1 |
| Mahe        | HFC           | TV & Internet         |        4683 |        2144 |           2144 |            4338 |
| Mahe        | HFC           | TV & Internet & OTT   |        1136 |         297 |            297 |             610 |
| Mahe        | HFC           | TV & Internet & Voice |         261 |          79 |             79 |             240 |
| Mahe        | HFC           | TV & OTT              |         179 |          29 |             29 |              37 |
| Mahe        | HFC           | TV & Voice            |          26 |          12 |             12 |              24 |
| Mahe        | HFC           | TV Only               |        6523 |        5166 |           5166 |            5286 |
| Mahe        | HFC           | Voice Only            |         111 |         110 |            110 |             111 |
| Mahe        | HFC           | Services Total        |       16090 |       10747 |          10747 |           13704 |
| Mahe        | Network Total | Services Total        |       26889 |       16100 |          16011 |           22181 |
| Praslin     | GPON          | All                   |          41 |           7 |              7 |              22 |
| Praslin     | GPON          | Internet & Voice      |          14 |           7 |              7 |              14 |
| Praslin     | GPON          | Internet Only         |         240 |         239 |            239 |             240 |
| Praslin     | GPON          | TV & Internet         |         778 |         347 |            347 |             719 |
| Praslin     | GPON          | TV & Internet & OTT   |         564 |         161 |            161 |             332 |
| Praslin     | GPON          | TV & Internet & Voice |          10 |           3 |              3 |              10 |
| Praslin     | GPON          | TV & OTT              |          19 |           8 |              8 |               8 |
| Praslin     | GPON          | TV & Voice            |           3 |           1 |              1 |               3 |
| Praslin     | GPON          | TV Only               |         355 |         269 |            269 |             281 |
| Praslin     | GPON          | Voice Only            |           1 |           1 |              1 |               1 |
| Praslin     | GPON          | Services Total        |        2025 |        1043 |           1043 |            1630 |
| Praslin     | HFC           | TV Only               |           2 |           2 |              2 |               2 |
| Praslin     | HFC           | Services Total        |           2 |           2 |              2 |               2 |
| Praslin     | Network Total | Services Total        |        2027 |        1045 |           1045 |            1632 |
| GRAND TOTAL | Network Total | Services Total        |       28916 |       17145 |          17053 |           23813 |
+-------------+---------------+-----------------------+-------------+-------------+----------------+-----------------+
40 rows in set (0.00 sec)

Query OK, 0 rows affected (0.01 sec)

Query OK, 28287 rows affected (0.37 sec)
Records: 28287  Duplicates: 0  Warnings: 0

Query OK, 0 rows affected (0.01 sec)

Query OK, 2328 rows affected (0.34 sec)
Records: 2328  Duplicates: 0  Warnings: 0

+--------------------------------------+
| message                              |
+--------------------------------------+
| running rcbill_my.sp_ActiveNumber2() |
+--------------------------------------+
1 row in set (0.00 sec)

Query OK, 365 rows affected (1 min 59.99 sec)

mysql> mysql \. C:\workspace\cloud\code\sql\_DailyScript\currenttime.sql
+---------------------+
| currenttime         |
+---------------------+
| 2021-10-05 09:29:19 |
+---------------------+
1 row in set (0.00 sec)

mysql> 
mysql> mysql \. C:\workspace\cloud\code\sql\_DailyScript\GetActiveNumbers Average -Pivot.sql
Database changed
+-------------------------------------+
| @today := subdate(current_date(),1) |
+-------------------------------------+
| 2021-10-04                          |
+-------------------------------------+
1 row in set (0.00 sec)

+-------------------------------------+
| @lastdayofmonth := last_day(@today) |
+-------------------------------------+
| 2021-10-31                          |
+-------------------------------------+
1 row in set (0.00 sec)

Query OK, 0 rows affected (0.01 sec)

Query OK, 50527 rows affected, 65535 warnings (1 min 0.74 sec)
Records: 50527  Duplicates: 0  Warnings: 103775

Query OK, 0 rows affected (0.10 sec)
Records: 0  Duplicates: 0  Warnings: 0

Query OK, 0 rows affected (0.13 sec)
Records: 0  Duplicates: 0  Warnings: 0

Query OK, 0 rows affected (0.10 sec)
Records: 0  Duplicates: 0  Warnings: 0

+-----------------+
| activenumberavg |
+-----------------+
|           50527 |
+-----------------+
1 row in set (0.01 sec)

Query OK, 0 rows affected (0.00 sec)

Query OK, 1988 rows affected (0.55 sec)
Records: 1988  Duplicates: 0  Warnings: 0

+---------------------+
| rep_activenumberavg |
+---------------------+
|                1988 |
+---------------------+
1 row in set (0.00 sec)

+----------------------+
| rep_activenumberavg1 |
+----------------------+
|                  926 |
+----------------------+
1 row in set (0.00 sec)

Query OK, 0 rows affected (0.00 sec)

Query OK, 2669 rows affected (0.45 sec)
Records: 2669  Duplicates: 0  Warnings: 0

Query OK, 0 rows affected (0.00 sec)

Query OK, 13785 rows affected (0.83 sec)
Records: 13785  Duplicates: 0  Warnings: 0

Query OK, 0 rows affected (0.00 sec)

Query OK, 238 rows affected (0.27 sec)
Records: 238  Duplicates: 0  Warnings: 0

Query OK, 0 rows affected (0.00 sec)

Query OK, 0 rows affected (0.01 sec)

Query OK, 0 rows affected (0.00 sec)

Query OK, 0 rows affected (0.00 sec)

Query OK, 0 rows affected (0.00 sec)
Statement prepared

Query OK, 53 rows affected (0.06 sec)
Records: 53  Duplicates: 0  Warnings: 0

Query OK, 0 rows affected (0.00 sec)

Query OK, 0 rows affected (0.00 sec)

+----------------------+
| rep_activenumberavg2 |
+----------------------+
|                 2669 |
+----------------------+
1 row in set (0.00 sec)

+------------------------+
| rep_activenumberavg_pv |
+------------------------+
|                     53 |
+------------------------+
1 row in set (0.00 sec)

Query OK, 0 rows affected (0.00 sec)

Query OK, 2666 rows affected (0.37 sec)
Records: 2666  Duplicates: 0  Warnings: 0

Query OK, 0 rows affected (0.00 sec)

Query OK, 0 rows affected (0.00 sec)

Query OK, 0 rows affected (0.00 sec)

Query OK, 0 rows affected (0.00 sec)

Query OK, 0 rows affected (0.00 sec)
Statement prepared

Query OK, 53 rows affected (0.05 sec)
Records: 53  Duplicates: 0  Warnings: 0

Query OK, 0 rows affected (0.00 sec)

Query OK, 0 rows affected (0.00 sec)

+-------------------------+
| rep_activenumberavgMahe |
+-------------------------+
|                    2666 |
+-------------------------+
1 row in set (0.00 sec)

+----------------------------+
| rep_activenumberavgMahe_pv |
+----------------------------+
|                         53 |
+----------------------------+
1 row in set (0.00 sec)

Query OK, 0 rows affected (0.00 sec)

Query OK, 1688 rows affected (0.17 sec)
Records: 1688  Duplicates: 0  Warnings: 0

Query OK, 0 rows affected (0.00 sec)

Query OK, 0 rows affected (0.00 sec)

Query OK, 0 rows affected (0.00 sec)

Query OK, 0 rows affected (0.00 sec)

Query OK, 0 rows affected (0.00 sec)
Statement prepared

Query OK, 40 rows affected (0.04 sec)
Records: 40  Duplicates: 0  Warnings: 0

Query OK, 0 rows affected (0.00 sec)

Query OK, 0 rows affected (0.00 sec)

+----------------------------+
| rep_activenumberavgPraslin |
+----------------------------+
|                       1688 |
+----------------------------+
1 row in set (0.00 sec)

+-------------------------------+
| rep_activenumberavgPraslin_pv |
+-------------------------------+
|                            40 |
+-------------------------------+
1 row in set (0.00 sec)

mysql> mysql \. C:\workspace\cloud\code\sql\_DailyScript\currenttime.sql
+---------------------+
| currenttime         |
+---------------------+
| 2021-10-05 09:30:23 |
+---------------------+
1 row in set (0.00 sec)

mysql> 
mysql> mysql \. C:\workspace\cloud\code\sql\Analysis\clients_contracts_creditpolicy_2.sql
Database changed
Query OK, 0 rows affected (0.00 sec)

Query OK, 1900145 rows affected (38.42 sec)
Records: 1900145  Duplicates: 0  Warnings: 0

Query OK, 0 rows affected (0.01 sec)

Query OK, 28314 rows affected (0.95 sec)
Records: 28314  Duplicates: 0  Warnings: 0

Query OK, 0 rows affected (0.01 sec)

Query OK, 28388 rows affected (7.64 sec)
Records: 28388  Duplicates: 0  Warnings: 0

+-------------------------+
| rep_cust_cont_creditpol |
+-------------------------+
|                   28388 |
+-------------------------+
1 row in set (0.01 sec)

mysql> mysql \. C:\workspace\cloud\code\sql\_DailyScript\currenttime.sql
+---------------------+
| currenttime         |
+---------------------+
| 2021-10-05 09:31:10 |
+---------------------+
1 row in set (0.00 sec)

mysql> 
mysql> 
mysql> 
mysql> 
mysql> 
mysql> 
mysql> 
mysql> 
mysql> 
mysql> 
mysql> 
mysql> 
mysql> 
mysql> 
mysql> 
mysql> 
mysql> 
mysql> 
mysql> 
mysql> 
mysql> 
mysql> 
mysql> 
mysql> 
mysql> 
mysql> 
mysql> 
mysql> exit
