    -> 
    -> mysql \. C:\workspace\cloud\code\sql\_DailyScript\_setdates.sql
Database changed
Query OK, 0 rows affected (0.00 sec)

Query OK, 0 rows affected (0.00 sec)

Query OK, 0 rows affected (0.00 sec)

Query OK, 0 rows affected (0.00 sec)

Query OK, 0 rows affected (0.01 sec)

Query OK, 0 rows affected (0.00 sec)

Query OK, 0 rows affected (0.00 sec)

Query OK, 0 rows affected (0.00 sec)

Query OK, 0 rows affected (0.00 sec)

Query OK, 0 rows affected (0.00 sec)

Query OK, 0 rows affected (0.00 sec)

Query OK, 0 rows affected (0.00 sec)

Query OK, 0 rows affected (0.00 sec)

Query OK, 0 rows affected (0.00 sec)

Query OK, 0 rows affected (0.00 sec)

Query OK, 0 rows affected (0.01 sec)

Query OK, 0 rows affected (0.00 sec)

Query OK, 0 rows affected (0.00 sec)

Query OK, 0 rows affected (0.00 sec)

Query OK, 0 rows affected (0.00 sec)

Query OK, 0 rows affected (0.00 sec)

mysql> mysql \. C:\workspace\cloud\code\sql\_DailyScript\currenttime.sql
+---------------------+
| currenttime         |
+---------------------+
| 2019-10-27 16:09:50 |
+---------------------+
1 row in set (0.00 sec)

mysql> 
mysql> mysql \. C:\workspace\cloud\code\sql\_DailyScript\load_RCB_VODTITLES.sql
Database changed
Query OK, 0 rows affected (0.00 sec)

Query OK, 7686 rows affected (0.20 sec)

Query OK, 7688 rows affected, 7688 warnings (0.22 sec)
Records: 7688  Deleted: 0  Skipped: 0  Warnings: 7688

Query OK, 0 rows affected (0.00 sec)

Query OK, 2 rows affected (0.02 sec)

+-----------+
| VODTITLES |
+-----------+
|      8146 |
+-----------+
1 row in set (0.01 sec)

+-----------+-----------+
| titletype | typecount |
+-----------+-----------+
| E         |      6176 |
| N         |       213 |
| T         |      1297 |
| NULL      |      7686 |
+-----------+-----------+
4 rows in set (0.02 sec)

mysql> mysql \. C:\workspace\cloud\code\sql\_DailyScript\currenttime.sql
+---------------------+
| currenttime         |
+---------------------+
| 2019-10-27 16:09:51 |
+---------------------+
1 row in set (0.00 sec)

mysql> 
mysql> mysql \. C:\workspace\cloud\code\sql\_DailyScript\DAILY-SCRIPT-LIVETV-STATS.sql
Database changed
Query OK, 0 rows affected (0.05 sec)

Query OK, 69867 rows affected (1.09 sec)
Records: 69867  Duplicates: 0  Warnings: 0

+------------+------------+----------+--------------+--------------+-----------+-------------+----------+--------+------+------------+---------+---------------+
| Table      | Non_unique | Key_name | Seq_in_index | Column_name  | Collation | Cardinality | Sub_part | Packed | Null | Index_type | Comment | Index_comment |
+------------+------------+----------+--------------+--------------+-----------+-------------+----------+--------+------+------------+---------+---------------+
| templivetv |          1 | idxtv1   |            1 | device       | A         |       69823 |     NULL | NULL   | YES  | BTREE      |         |               |
| templivetv |          1 | idxtv2   |            1 | sessionstart | A         |       69823 |     NULL | NULL   | YES  | BTREE      |         |               |
+------------+------------+----------+--------------+--------------+-----------+-------------+----------+--------+------+------------+---------+---------------+
2 rows in set (0.00 sec)

Query OK, 69298 rows affected (40.00 sec)
Records: 69298  Duplicates: 0  Warnings: 0

Query OK, 2760 rows affected (2.04 sec)
Records: 2760  Duplicates: 0  Warnings: 0

Query OK, 0 rows affected (0.00 sec)

Query OK, 0 rows affected (0.00 sec)

Query OK, 144 rows affected (0.11 sec)
Records: 144  Duplicates: 0  Warnings: 0

Query OK, 0 rows affected (0.02 sec)

Query OK, 93873 rows affected (22 min 42.34 sec)
Records: 93873  Duplicates: 0  Warnings: 0

+-----------------+
| rep_livetvstats |
+-----------------+
|           93873 |
+-----------------+
1 row in set (0.03 sec)

mysql> mysql \. C:\workspace\cloud\code\sql\_DailyScript\currenttime.sql
+---------------------+
| currenttime         |
+---------------------+
| 2019-10-27 16:33:16 |
+---------------------+
1 row in set (0.00 sec)

mysql> 
mysql> mysql \. C:\workspace\cloud\code\sql\_DailyScript\DAILY-SCRIPT-VODTS-STATS.sql
Database changed
Query OK, 0 rows affected (0.04 sec)

Query OK, 4131 rows affected (49.76 sec)
Records: 4131  Duplicates: 0  Warnings: 0

+---------+------------+----------+--------------+--------------+-----------+-------------+----------+--------+------+------------+---------+---------------+
| Table   | Non_unique | Key_name | Seq_in_index | Column_name  | Collation | Cardinality | Sub_part | Packed | Null | Index_type | Comment | Index_comment |
+---------+------------+----------+--------------+--------------+-----------+-------------+----------+--------+------+------------+---------+---------------+
| tempvod |          1 | idxtvod1 |            1 | device       | A         |        4348 |     NULL | NULL   | YES  | BTREE      |         |               |
| tempvod |          1 | idxtvod2 |            1 | sessionstart | A         |        4348 |     NULL | NULL   | YES  | BTREE      |         |               |
+---------+------------+----------+--------------+--------------+-----------+-------------+----------+--------+------+------------+---------+---------------+
2 rows in set (0.00 sec)

Query OK, 4060 rows affected (2.88 sec)
Records: 4060  Duplicates: 0  Warnings: 0

Query OK, 0 rows affected (0.03 sec)

Query OK, 371852 rows affected (40.82 sec)
Records: 371852  Duplicates: 0  Warnings: 0

+--------------+
| rep_vodstats |
+--------------+
|       371852 |
+--------------+
1 row in set (0.16 sec)

Database changed
Query OK, 0 rows affected (0.02 sec)

Query OK, 13039 rows affected (4 min 28.10 sec)
Records: 13039  Duplicates: 0  Warnings: 0

+--------+------------+----------+--------------+--------------+-----------+-------------+----------+--------+------+------------+---------+---------------+
| Table  | Non_unique | Key_name | Seq_in_index | Column_name  | Collation | Cardinality | Sub_part | Packed | Null | Index_type | Comment | Index_comment |
+--------+------------+----------+--------------+--------------+-----------+-------------+----------+--------+------+------------+---------+---------------+
| tempts |          1 | idxtts1  |            1 | device       | A         |       13204 |     NULL | NULL   | YES  | BTREE      |         |               |
| tempts |          1 | idxtts2  |            1 | sessionstart | A         |       13204 |     NULL | NULL   | YES  | BTREE      |         |               |
+--------+------------+----------+--------------+--------------+-----------+-------------+----------+--------+------+------------+---------+---------------+
2 rows in set (0.00 sec)

Query OK, 12974 rows affected (13.29 sec)
Records: 12974  Duplicates: 0  Warnings: 0

Query OK, 0 rows affected (0.02 sec)

Query OK, 25837 rows affected (4 min 36.29 sec)
Records: 25837  Duplicates: 0  Warnings: 0

+-------------+
| rep_tsstats |
+-------------+
|       25837 |
+-------------+
1 row in set (0.01 sec)

mysql> mysql \. C:\workspace\cloud\code\sql\_DailyScript\currenttime.sql
+---------------------+
| currenttime         |
+---------------------+
| 2019-10-27 16:44:08 |
+---------------------+
1 row in set (0.00 sec)

mysql> 
mysql> mysql \. C:\workspace\cloud\code\sql\_DailyScript\DAILY-SCRIPT-RADIO-STATS.sql
Database changed
Query OK, 0 rows affected (0.02 sec)

Query OK, 187524 rows affected (5.72 sec)
Records: 187524  Duplicates: 0  Warnings: 0

+-----------+------------+----------+--------------+--------------+-----------+-------------+----------+--------+------+------------+---------+---------------+
| Table     | Non_unique | Key_name | Seq_in_index | Column_name  | Collation | Cardinality | Sub_part | Packed | Null | Index_type | Comment | Index_comment |
+-----------+------------+----------+--------------+--------------+-----------+-------------+----------+--------+------+------------+---------+---------------+
| tempradio |          1 | idxtrad1 |            1 | device       | A         |      187820 |     NULL | NULL   | YES  | BTREE      |         |               |
| tempradio |          1 | idxtrad2 |            1 | sessionstart | A         |      187820 |     NULL | NULL   | YES  | BTREE      |         |               |
+-----------+------------+----------+--------------+--------------+-----------+-------------+----------+--------+------+------------+---------+---------------+
2 rows in set (0.00 sec)

Query OK, 377 rows affected (3.71 sec)
Records: 377  Duplicates: 0  Warnings: 0

Query OK, 0 rows affected (0.02 sec)

Query OK, 3487 rows affected (0.37 sec)
Records: 3487  Duplicates: 0  Warnings: 0

+----------------+
| rep_radiostats |
+----------------+
|           3487 |
+----------------+
1 row in set (0.00 sec)

mysql> mysql \. C:\workspace\cloud\code\sql\_DailyScript\currenttime.sql
+---------------------+
| currenttime         |
+---------------------+
| 2019-10-27 16:44:18 |
+---------------------+
1 row in set (0.00 sec)

mysql> 
mysql> mysql \. C:\workspace\cloud\code\sql\_DailyScript\DAILY_SCRIPT_TELEMETRY_PIVOT.sql
Query OK, 0 rows affected (0.01 sec)

Query OK, 148 rows affected (0.26 sec)
Records: 148  Duplicates: 0  Warnings: 0

Query OK, 0 rows affected (0.02 sec)

Query OK, 6576 rows affected (1.63 sec)
Records: 6576  Duplicates: 0  Warnings: 0

Query OK, 0 rows affected (0.00 sec)

Query OK, 6 rows affected (0.02 sec)
Records: 6  Duplicates: 0  Warnings: 0

Query OK, 0 rows affected (0.01 sec)

Query OK, 55 rows affected (0.09 sec)
Records: 55  Duplicates: 0  Warnings: 0

mysql> mysql \. C:\workspace\cloud\code\sql\_DailyScript\currenttime.sql
+---------------------+
| currenttime         |
+---------------------+
| 2019-10-27 16:44:20 |
+---------------------+
1 row in set (0.00 sec)

mysql> 
mysql> mysql \. C:\workspace\cloud\code\sql\_DailyScript\telemetry_livetv_ranking2019.sql
Query OK, 0 rows affected (0.00 sec)

Query OK, 148 rows affected (0.02 sec)
Records: 148  Duplicates: 0  Warnings: 0

mysql> mysql \. C:\workspace\cloud\code\sql\_DailyScript\currenttime.sql
+---------------------+
| currenttime         |
+---------------------+
| 2019-10-27 16:44:20 |
+---------------------+
1 row in set (0.00 sec)

mysql> 
mysql> mysql \. C:\workspace\cloud\code\sql\_DailyScript\telemetry_radio_ranking2019.sql
Query OK, 0 rows affected (0.00 sec)

Query OK, 6 rows affected (0.02 sec)
Records: 6  Duplicates: 0  Warnings: 0

mysql> mysql \. C:\workspace\cloud\code\sql\_DailyScript\currenttime.sql
+---------------------+
| currenttime         |
+---------------------+
| 2019-10-27 16:44:20 |
+---------------------+
1 row in set (0.00 sec)

mysql> 
mysql> mysql \. C:\workspace\cloud\code\sql\_DailyScript\telemetry_ts_ranking2019.sql
Query OK, 0 rows affected (0.00 sec)

Query OK, 55 rows affected (0.01 sec)
Records: 55  Duplicates: 0  Warnings: 0

mysql> mysql \. C:\workspace\cloud\code\sql\_DailyScript\currenttime.sql
+---------------------+
| currenttime         |
+---------------------+
| 2019-10-27 16:44:20 |
+---------------------+
1 row in set (0.00 sec)

mysql> 
mysql> mysql \. C:\workspace\cloud\code\sql\_DailyScript\telemetry_vod_ranking2019.sql
Query OK, 0 rows affected (0.02 sec)

Query OK, 6576 rows affected (0.42 sec)
Records: 6576  Duplicates: 0  Warnings: 0

mysql> mysql \. C:\workspace\cloud\code\sql\_DailyScript\currenttime.sql
+---------------------+
| currenttime         |
+---------------------+
| 2019-10-27 16:44:20 |
+---------------------+
1 row in set (0.00 sec)

mysql> 
mysql> mysql \. C:\workspace\cloud\code\sql\_DailyScript\telemetry_vod_ranking2019_1.sql
Query OK, 0 rows affected (0.02 sec)

Query OK, 6576 rows affected (0.17 sec)
Records: 6576  Duplicates: 0  Warnings: 0

mysql> mysql \. C:\workspace\cloud\code\sql\_DailyScript\currenttime.sql
+---------------------+
| currenttime         |
+---------------------+
| 2019-10-27 16:44:20 |
+---------------------+
1 row in set (0.01 sec)

mysql> 
mysql> mysql \. C:\workspace\cloud\code\sql\_DailyScript\telemetry_vod_ranking2019_2.sql
Query OK, 0 rows affected (0.00 sec)

Query OK, 6576 rows affected (0.17 sec)
Records: 6576  Duplicates: 0  Warnings: 0

mysql> mysql \. C:\workspace\cloud\code\sql\_DailyScript\currenttime.sql
+---------------------+
| currenttime         |
+---------------------+
| 2019-10-27 16:44:21 |
+---------------------+
1 row in set (0.00 sec)

mysql> 
mysql> mysql \. C:\workspace\cloud\code\sql\_DailyScript\DAILY-SCRIPT-CREATE-LOAD.sql
Database changed
Database changed
Query OK, 0 rows affected (0.07 sec)

Query OK, 0 rows affected (0.06 sec)

Database changed
Query OK, 65809 rows affected (3.21 sec)
Records: 65809  Deleted: 0  Skipped: 0  Warnings: 0

Query OK, 0 rows affected (0.23 sec)
Records: 0  Duplicates: 0  Warnings: 0

Query OK, 0 rows affected (0.32 sec)
Records: 0  Duplicates: 0  Warnings: 0

Query OK, 0 rows affected (0.32 sec)
Records: 0  Duplicates: 0  Warnings: 0

Query OK, 0 rows affected (0.30 sec)
Records: 0  Duplicates: 0  Warnings: 0

+---------+
| clients |
+---------+
|   65809 |
+---------+
1 row in set (0.03 sec)

Query OK, 0 rows affected (0.01 sec)

Query OK, 2445 rows affected (0.53 sec)
Records: 2445  Duplicates: 0  Warnings: 0

+-------------------+
| rcb_clientparcels |
+-------------------+
|              2445 |
+-------------------+
1 row in set (0.00 sec)

Query OK, 0 rows affected (0.02 sec)

Query OK, 85694 rows affected (4.50 sec)
Records: 85694  Duplicates: 0  Warnings: 0

Query OK, 0 rows affected (0.37 sec)
Records: 0  Duplicates: 0  Warnings: 0

Query OK, 0 rows affected (0.01 sec)

Query OK, 65809 rows affected (3.67 sec)
Records: 65809  Duplicates: 0  Warnings: 0

Query OK, 0 rows affected (0.24 sec)
Records: 0  Duplicates: 0  Warnings: 0

Query OK, 0 rows affected (0.28 sec)
Records: 0  Duplicates: 0  Warnings: 0

Query OK, 0 rows affected (0.39 sec)
Records: 0  Duplicates: 0  Warnings: 0

+---------------+
| clientaddress |
+---------------+
|         65809 |
+---------------+
1 row in set (0.02 sec)

Database changed
Query OK, 0 rows affected (0.07 sec)

Query OK, 0 rows affected (0.02 sec)

Database changed
Query OK, 490754 rows affected, 65535 warnings (21.40 sec)
Records: 490754  Deleted: 0  Skipped: 0  Warnings: 193021

Query OK, 0 rows affected (5.00 sec)
Records: 0  Duplicates: 0  Warnings: 0

Query OK, 0 rows affected (3.48 sec)
Records: 0  Duplicates: 0  Warnings: 0

Query OK, 0 rows affected (2.02 sec)
Records: 0  Duplicates: 0  Warnings: 0

Query OK, 0 rows affected (0.22 sec)

Query OK, 490754 rows affected (1 min 1.83 sec)
Records: 490754  Duplicates: 0  Warnings: 0

Query OK, 0 rows affected (2.26 sec)
Records: 0  Duplicates: 0  Warnings: 0

Query OK, 0 rows affected (2.01 sec)
Records: 0  Duplicates: 0  Warnings: 0

+-----------+
| contracts |
+-----------+
|    490754 |
+-----------+
1 row in set (0.23 sec)

+-----------------+
| contractaddress |
+-----------------+
|          490754 |
+-----------------+
1 row in set (0.19 sec)

Database changed
Query OK, 0 rows affected (0.00 sec)

Query OK, 0 rows affected (0.02 sec)

Query OK, 7081 rows affected (0.22 sec)
Records: 7081  Deleted: 0  Skipped: 0  Warnings: 0

Query OK, 0 rows affected (0.05 sec)

Query OK, 7050 rows affected (1.58 sec)
Records: 7050  Duplicates: 0  Warnings: 0

Query OK, 0 rows affected (0.06 sec)
Records: 0  Duplicates: 0  Warnings: 0

Query OK, 0 rows affected (0.00 sec)

Query OK, 5523 rows affected (0.20 sec)
Records: 5523  Duplicates: 0  Warnings: 0

Query OK, 0 rows affected (0.04 sec)
Records: 0  Duplicates: 0  Warnings: 0

+-------------------+
| contractdiscounts |
+-------------------+
|              7081 |
+-------------------+
1 row in set (0.00 sec)

+-------------------------+
| clientcontractdiscounts |
+-------------------------+
|                    7050 |
+-------------------------+
1 row in set (0.00 sec)

+----------------------------+
| clientcontractlastdiscount |
+----------------------------+
|                       5523 |
+----------------------------+
1 row in set (0.02 sec)

Database changed
Query OK, 0 rows affected (0.06 sec)

Query OK, 0 rows affected (0.00 sec)

Database changed
Query OK, 130891 rows affected (4.47 sec)
Records: 130891  Deleted: 0  Skipped: 0  Warnings: 0

Query OK, 0 rows affected (0.50 sec)
Records: 0  Duplicates: 0  Warnings: 0

Query OK, 0 rows affected (0.44 sec)
Records: 0  Duplicates: 0  Warnings: 0

Query OK, 0 rows affected (0.50 sec)
Records: 0  Duplicates: 0  Warnings: 0

Query OK, 0 rows affected (0.46 sec)
Records: 0  Duplicates: 0  Warnings: 0

Query OK, 0 rows affected (0.79 sec)
Records: 0  Duplicates: 0  Warnings: 0

Query OK, 0 rows affected (0.79 sec)
Records: 0  Duplicates: 0  Warnings: 0

Query OK, 0 rows affected (0.07 sec)

Query OK, 1675447 rows affected (3 min 24.51 sec)
Records: 1675447  Duplicates: 0  Warnings: 0

+---------+
| devices |
+---------+
|  130891 |
+---------+
1 row in set (0.04 sec)

+-----------------------+
| clientcontractdevices |
+-----------------------+
|               1675447 |
+-----------------------+
1 row in set (0.83 sec)

Query OK, 0 rows affected (0.04 sec)

Query OK, 130798 rows affected (7.70 sec)
Records: 130798  Duplicates: 0  Warnings: 0

+---------------------------+
| rep_clientcontractdevices |
+---------------------------+
|                    130798 |
+---------------------------+
1 row in set (0.05 sec)

Database changed
Query OK, 0 rows affected (0.05 sec)

Query OK, 0 rows affected (0.00 sec)

Query OK, 260038 rows affected (9.28 sec)
Records: 260038  Deleted: 0  Skipped: 0  Warnings: 0

Query OK, 0 rows affected (0.79 sec)
Records: 0  Duplicates: 0  Warnings: 0

Query OK, 0 rows affected (1.20 sec)
Records: 0  Duplicates: 0  Warnings: 0

Query OK, 0 rows affected (0.87 sec)
Records: 0  Duplicates: 0  Warnings: 0

Query OK, 0 rows affected (1.57 sec)
Records: 0  Duplicates: 0  Warnings: 0

+---------+
| tickets |
+---------+
|  260038 |
+---------+
1 row in set (0.10 sec)

Database changed
Query OK, 0 rows affected (0.02 sec)

Query OK, 0 rows affected (0.00 sec)

Empty set (0.00 sec)

Query OK, 0 rows affected (0.01 sec)
Records: 0  Duplicates: 0  Warnings: 0

Query OK, 316 rows affected, 2 warnings (0.02 sec)
Records: 316  Deleted: 0  Skipped: 0  Warnings: 2

+-----------------+
| tickettechusers |
+-----------------+
|             316 |
+-----------------+
1 row in set (0.00 sec)

Database changed
Query OK, 0 rows affected (0.02 sec)

Query OK, 0 rows affected (0.00 sec)

Query OK, 0 rows affected (0.01 sec)
Records: 0  Duplicates: 0  Warnings: 0

Query OK, 549297 rows affected, 43108 warnings (16.22 sec)
Records: 549297  Deleted: 0  Skipped: 0  Warnings: 43108

+-------------------+
| ticketassignments |
+-------------------+
|            549297 |
+-------------------+
1 row in set (0.31 sec)

Database changed
Query OK, 0 rows affected (0.10 sec)

Query OK, 0 rows affected (0.00 sec)

Query OK, 1139061 rows affected (19.44 sec)
Records: 1139061  Deleted: 0  Skipped: 0  Warnings: 0

Query OK, 0 rows affected (9.40 sec)
Records: 0  Duplicates: 0  Warnings: 0

Query OK, 0 rows affected (4.14 sec)
Records: 0  Duplicates: 0  Warnings: 0

Query OK, 0 rows affected (3.34 sec)
Records: 0  Duplicates: 0  Warnings: 0

Query OK, 0 rows affected (3.40 sec)
Records: 0  Duplicates: 0  Warnings: 0

+----------------+
| ticketcomments |
+----------------+
|        1139061 |
+----------------+
1 row in set (0.55 sec)

Database changed
Query OK, 0 rows affected (0.02 sec)

Query OK, 0 rows affected (0.00 sec)

Query OK, 422270 rows affected (50.27 sec)
Records: 422270  Deleted: 0  Skipped: 0  Warnings: 0

Query OK, 0 rows affected (3.18 sec)
Records: 0  Duplicates: 0  Warnings: 0

+----------+
| comments |
+----------+
|   422270 |
+----------+
1 row in set (0.16 sec)

Database changed
Query OK, 0 rows affected (0.08 sec)

Query OK, 0 rows affected (0.00 sec)

Query OK, 983863 rows affected, 65535 warnings (1 min 10.14 sec)
Records: 983863  Deleted: 0  Skipped: 0  Warnings: 983864

Query OK, 0 rows affected (5.11 sec)
Records: 0  Duplicates: 0  Warnings: 0

Query OK, 0 rows affected (3.16 sec)
Records: 0  Duplicates: 0  Warnings: 0

Query OK, 0 rows affected (3.47 sec)
Records: 0  Duplicates: 0  Warnings: 0

Query OK, 0 rows affected (3.63 sec)
Records: 0  Duplicates: 0  Warnings: 0

Query OK, 0 rows affected (4.31 sec)
Records: 0  Duplicates: 0  Warnings: 0

+------------+
| devicesold |
+------------+
|     983863 |
+------------+
1 row in set (0.36 sec)

Database changed
Query OK, 0 rows affected (0.04 sec)

Query OK, 0 rows affected (0.00 sec)

Query OK, 1668965 rows affected (28.89 sec)
Records: 1668965  Deleted: 0  Skipped: 0  Warnings: 0

Query OK, 0 rows affected (8.28 sec)
Records: 0  Duplicates: 0  Warnings: 0

Query OK, 0 rows affected (4.84 sec)
Records: 0  Duplicates: 0  Warnings: 0

Query OK, 0 rows affected (5.31 sec)
Records: 0  Duplicates: 0  Warnings: 0

+------------------+
| contractservices |
+------------------+
|          1668965 |
+------------------+
1 row in set (0.60 sec)

Database changed
Query OK, 0 rows affected (0.05 sec)

Query OK, 0 rows affected (0.00 sec)

Query OK, 3819550 rows affected (2 min 16.63 sec)
Records: 3819550  Deleted: 0  Skipped: 0  Warnings: 0

Query OK, 0 rows affected (16.14 sec)
Records: 0  Duplicates: 0  Warnings: 0

Query OK, 0 rows affected (18.17 sec)
Records: 0  Duplicates: 0  Warnings: 0

Query OK, 0 rows affected (13.99 sec)
Records: 0  Duplicates: 0  Warnings: 0

Query OK, 0 rows affected (14.51 sec)
Records: 0  Duplicates: 0  Warnings: 0

+------------------+
| invoicescontents |
+------------------+
|          3819550 |
+------------------+
1 row in set (1.54 sec)

Database changed
Query OK, 0 rows affected (0.12 sec)

Query OK, 0 rows affected (0.02 sec)

Query OK, 2653185 rows affected (3 min 51.42 sec)
Records: 2653185  Deleted: 0  Skipped: 0  Warnings: 0

Query OK, 0 rows affected (18.21 sec)
Records: 0  Duplicates: 0  Warnings: 0

Query OK, 0 rows affected (16.32 sec)
Records: 0  Duplicates: 0  Warnings: 0

Query OK, 0 rows affected (14.20 sec)
Records: 0  Duplicates: 0  Warnings: 0

Query OK, 0 rows affected (14.06 sec)
Records: 0  Duplicates: 0  Warnings: 0

Query OK, 0 rows affected (12.06 sec)
Records: 0  Duplicates: 0  Warnings: 0

+----------------+
| invoicesheader |
+----------------+
|        2653185 |
+----------------+
1 row in set (1.17 sec)

Database changed
Query OK, 0 rows affected (0.16 sec)

Query OK, 0 rows affected (0.00 sec)

Query OK, 2757809 rows affected (1 min 34.31 sec)
Records: 2757809  Deleted: 0  Skipped: 0  Warnings: 0

Query OK, 0 rows affected (13.50 sec)
Records: 0  Duplicates: 0  Warnings: 0

Query OK, 0 rows affected (11.08 sec)
Records: 0  Duplicates: 0  Warnings: 0

Query OK, 0 rows affected (11.21 sec)
Records: 0  Duplicates: 0  Warnings: 0

Query OK, 0 rows affected (9.67 sec)
Records: 0  Duplicates: 0  Warnings: 0

+---------+
| casa    |
+---------+
| 2757809 |
+---------+
1 row in set (1.05 sec)

Query OK, 0 rows affected (0.02 sec)

Query OK, 13096 rows affected (1 min 39.37 sec)
Records: 13096  Duplicates: 0  Warnings: 0

+--------------------+
| rep_paycol_channel |
+--------------------+
|              13096 |
+--------------------+
1 row in set (0.00 sec)

Query OK, 0 rows affected (0.02 sec)

Query OK, 8824 rows affected (1 min 48.77 sec)
Records: 8824  Duplicates: 0  Warnings: 0

+----------------+
| rep_paycol_pos |
+----------------+
|           8824 |
+----------------+
1 row in set (0.01 sec)

Database changed
Query OK, 0 rows affected (0.02 sec)

Query OK, 0 rows affected (0.01 sec)

Database changed
Query OK, 38583 rows affected (0.98 sec)
Records: 38583  Deleted: 0  Skipped: 0  Warnings: 0

+-------+
| users |
+-------+
| 38583 |
+-------+
1 row in set (0.02 sec)

Database changed
Query OK, 0 rows affected (0.08 sec)

Query OK, 0 rows affected (0.01 sec)

Database changed
Query OK, 10523749 rows affected (2 min 29.26 sec)
Records: 10523749  Deleted: 0  Skipped: 0  Warnings: 0

Query OK, 0 rows affected (39.60 sec)
Records: 0  Duplicates: 0  Warnings: 0

Query OK, 0 rows affected (40.28 sec)
Records: 0  Duplicates: 0  Warnings: 0

Query OK, 0 rows affected (38.51 sec)
Records: 0  Duplicates: 0  Warnings: 0

Query OK, 0 rows affected (36.91 sec)
Records: 0  Duplicates: 0  Warnings: 0

+----------+
| ipusage1 |
+----------+
| 10523749 |
+----------+
1 row in set (7.15 sec)

Query OK, 0 rows affected (0.12 sec)

Query OK, 10616118 rows affected, 65535 warnings (14 min 34.36 sec)
Records: 10616118  Duplicates: 0  Warnings: 10613064

Query OK, 0 rows affected (37.77 sec)
Records: 0  Duplicates: 0  Warnings: 0

Query OK, 0 rows affected (40.29 sec)
Records: 0  Duplicates: 0  Warnings: 0

Query OK, 0 rows affected (41.61 sec)
Records: 0  Duplicates: 0  Warnings: 0

Query OK, 0 rows affected (43.54 sec)
Records: 0  Duplicates: 0  Warnings: 0

Query OK, 0 rows affected (55.15 sec)
Records: 0  Duplicates: 0  Warnings: 0

Query OK, 0 rows affected (1 min 2.41 sec)
Records: 0  Duplicates: 0  Warnings: 0

Query OK, 0 rows affected (57.15 sec)
Records: 0  Duplicates: 0  Warnings: 0

+----------+
| ipusage  |
+----------+
| 10616118 |
+----------+
1 row in set (8.52 sec)

Query OK, 0 rows affected (0.07 sec)

Query OK, 2699027 rows affected (3 min 33.23 sec)
Records: 2699027  Duplicates: 0  Warnings: 0

Query OK, 0 rows affected (13.44 sec)
Records: 0  Duplicates: 0  Warnings: 0

Query OK, 0 rows affected (9.73 sec)
Records: 0  Duplicates: 0  Warnings: 0

Query OK, 0 rows affected (11.43 sec)
Records: 0  Duplicates: 0  Warnings: 0

Query OK, 0 rows affected (14.58 sec)
Records: 0  Duplicates: 0  Warnings: 0

Query OK, 0 rows affected (7.05 sec)
Records: 0  Duplicates: 0  Warnings: 0

Query OK, 0 rows affected (0.39 sec)

Query OK, 204644 rows affected (25.19 sec)
Records: 204644  Duplicates: 0  Warnings: 0

Query OK, 0 rows affected (0.89 sec)
Records: 0  Duplicates: 0  Warnings: 0

Query OK, 0 rows affected (0.99 sec)
Records: 0  Duplicates: 0  Warnings: 0

Query OK, 0 rows affected (0.91 sec)
Records: 0  Duplicates: 0  Warnings: 0

Query OK, 0 rows affected (0.51 sec)
Records: 0  Duplicates: 0  Warnings: 0

Query OK, 0 rows affected (0.52 sec)
Records: 0  Duplicates: 0  Warnings: 0

Query OK, 0 rows affected (0.48 sec)
Records: 0  Duplicates: 0  Warnings: 0

Query OK, 0 rows affected (0.50 sec)
Records: 0  Duplicates: 0  Warnings: 0

Query OK, 0 rows affected (0.05 sec)

Query OK, 1668782 rows affected (1 min 4.55 sec)
Records: 1668782  Duplicates: 0  Warnings: 0

Query OK, 0 rows affected (9.48 sec)
Records: 0  Duplicates: 0  Warnings: 0

Query OK, 0 rows affected (6.28 sec)
Records: 0  Duplicates: 0  Warnings: 0

Query OK, 0 rows affected (8.20 sec)
Records: 0  Duplicates: 0  Warnings: 0

mysql> mysql \. C:\workspace\cloud\code\sql\_DailyScript\currenttime.sql
+---------------------+
| currenttime         |
+---------------------+
| 2019-10-27 17:40:40 |
+---------------------+
1 row in set (0.00 sec)

mysql> 
mysql> mysql \. C:\workspace\cloud\code\sql\_DailyScript\ticket_analysis.sql
Database changed
Query OK, 0 rows affected (0.07 sec)

Query OK, 500041 rows affected (30.37 sec)
Records: 500041  Duplicates: 0  Warnings: 0

Query OK, 0 rows affected (7.80 sec)
Records: 0  Duplicates: 0  Warnings: 0

Query OK, 0 rows affected (1.75 sec)
Records: 0  Duplicates: 0  Warnings: 0

Query OK, 0 rows affected (1.67 sec)
Records: 0  Duplicates: 0  Warnings: 0

Query OK, 0 rows affected (0.02 sec)

Query OK, 17079 rows affected (11.91 sec)
Records: 17079  Duplicates: 0  Warnings: 0

Query OK, 0 rows affected, 1 warning (0.00 sec)

Query OK, 68789 rows affected (7.35 sec)
Records: 68789  Duplicates: 0  Warnings: 0

Query OK, 0 rows affected, 1 warning (0.00 sec)

Query OK, 358024 rows affected (13.25 sec)
Records: 358024  Duplicates: 0  Warnings: 0

Query OK, 0 rows affected, 1 warning (0.00 sec)

Query OK, 358024 rows affected (14.64 sec)
Records: 358024  Duplicates: 0  Warnings: 0

Query OK, 0 rows affected (0.05 sec)

Query OK, 68840 rows affected (5.60 sec)
Records: 68840  Duplicates: 0  Warnings: 0

Database changed
Query OK, 0 rows affected (0.00 sec)

Query OK, 0 rows affected (0.01 sec)

Query OK, 500041 rows affected (26.93 sec)
Records: 500041  Duplicates: 0  Warnings: 0

Query OK, 0 rows affected (0.04 sec)

Query OK, 241850 rows affected (16.10 sec)
Records: 241850  Duplicates: 0  Warnings: 0

+--------------------------+
| clientticket_cmmtjourney |
+--------------------------+
|                   500041 |
+--------------------------+
1 row in set (3.79 sec)

+---------------------------+
| clientticket_assgnjourney |
+---------------------------+
|                    241850 |
+---------------------------+
1 row in set (0.33 sec)

Query OK, 0 rows affected (0.02 sec)

Query OK, 68 rows affected (0.10 sec)
Records: 68  Duplicates: 0  Warnings: 0

mysql> mysql \. C:\workspace\cloud\code\sql\_DailyScript\currenttime.sql
+---------------------+
| currenttime         |
+---------------------+
| 2019-10-27 17:43:02 |
+---------------------+
1 row in set (0.00 sec)

mysql> 
mysql> mysql \. C:\workspace\cloud\code\sql\_DailyScript\load_DailyCalls.sql
Database changed
Query OK, 336 rows affected (0.53 sec)
Records: 336  Deleted: 0  Skipped: 0  Warnings: 0

Query OK, 0 rows affected, 1 warning (0.02 sec)

Query OK, 324 rows affected (0.17 sec)
Records: 324  Duplicates: 0  Warnings: 0

Query OK, 0 rows affected, 1 warning (0.00 sec)

Query OK, 67614 rows affected (0.46 sec)
Records: 67614  Duplicates: 0  Warnings: 0

+----------------------+
| callingclientsbefore |
+----------------------+
|               771633 |
+----------------------+
1 row in set (1.13 sec)

Query OK, 505 rows affected (9.53 sec)
Records: 505  Duplicates: 0  Warnings: 0

+---------------------+
| callingclientsafter |
+---------------------+
|              772138 |
+---------------------+
1 row in set (0.26 sec)

Query OK, 0 rows affected (0.01 sec)

Query OK, 232 rows affected (12.46 sec)
Records: 232  Duplicates: 0  Warnings: 0

Query OK, 0 rows affected (0.00 sec)

Query OK, 15983 rows affected (3.03 sec)
Records: 15983  Duplicates: 0  Warnings: 0

+-----------+
| callstats |
+-----------+
|     15983 |
+-----------+
1 row in set (0.02 sec)

Query OK, 0 rows affected, 1 warning (0.00 sec)

Query OK, 505 rows affected (7.91 sec)
Records: 505  Duplicates: 0  Warnings: 0

+------------------------+
| rep_cccallreportbefore |
+------------------------+
|                 775470 |
+------------------------+
1 row in set (0.28 sec)

Query OK, 505 rows affected (1.25 sec)
Records: 505  Duplicates: 0  Warnings: 0

+-----------------------+
| rep_cccallreportafter |
+-----------------------+
|                775975 |
+-----------------------+
1 row in set (0.27 sec)

Query OK, 0 rows affected (0.00 sec)

mysql> mysql \. C:\workspace\cloud\code\sql\_DailyScript\currenttime.sql
+---------------------+
| currenttime         |
+---------------------+
| 2019-10-27 17:43:39 |
+---------------------+
1 row in set (0.00 sec)

mysql> 
mysql> mysql \. C:\workspace\cloud\code\sql\_DailyScript\DAILY-SCRIPT-USAGE.sql
Database changed
Query OK, 0 rows affected (0.00 sec)

Query OK, 6785 rows affected, 19569 warnings (3.02 sec)
Records: 6785  Deleted: 0  Skipped: 0  Warnings: 19569

Query OK, 0 rows affected (0.00 sec)

Query OK, 10440 rows affected, 30182 warnings (3.79 sec)
Records: 10440  Deleted: 0  Skipped: 0  Warnings: 30182

Query OK, 0 rows affected (0.00 sec)

Query OK, 33 rows affected, 105 warnings (0.04 sec)
Records: 33  Deleted: 0  Skipped: 0  Warnings: 105

Query OK, 0 rows affected (0.00 sec)

Query OK, 205 rows affected, 720 warnings (0.06 sec)
Records: 205  Deleted: 0  Skipped: 0  Warnings: 720

+------------+
| dailyusage |
+------------+
|    8474605 |
+------------+
1 row in set (24.70 sec)

+------------+------------+------------+---------+
| datestart  | dateend    | insertedon | records |
+------------+------------+------------+---------+
| 2019-10-26 | 2019-10-26 | 2019-10-27 |   17463 |
| 2019-10-25 | 2019-10-25 | 2019-10-26 |   17583 |
| 2019-10-24 | 2019-10-24 | 2019-10-25 |   17422 |
| 2019-10-23 | 2019-10-23 | 2019-10-24 |   17519 |
| 2019-10-22 | 2019-10-22 | 2019-10-23 |   17381 |
+------------+------------+------------+---------+
5 rows in set (3 min 5.49 sec)

mysql> mysql \. C:\workspace\cloud\code\sql\_DailyScript\currenttime.sql
+---------------------+
| currenttime         |
+---------------------+
| 2019-10-27 17:47:17 |
+---------------------+
1 row in set (0.00 sec)

mysql> 
mysql> mysql \. C:\workspace\cloud\code\sql\_DailyScript\DAILY-SCRIPT-SALES-TELEMETRY.sql
Database changed
Query OK, 118 rows affected, 22 warnings (0.06 sec)
Records: 118  Deleted: 0  Skipped: 0  Warnings: 22

+------------+
| dailysales |
+------------+
|     171528 |
+------------+
1 row in set (0.44 sec)

Query OK, 0 rows affected (0.13 sec)

Query OK, 171528 rows affected (22.14 sec)
Records: 171528  Duplicates: 0  Warnings: 0

+--------+
| sales  |
+--------+
| 171528 |
+--------+
1 row in set (0.09 sec)

Query OK, 0 rows affected (0.01 sec)

Query OK, 2756 rows affected (0.50 sec)
Records: 2756  Duplicates: 0  Warnings: 0

+----------------+
| rep_dailysales |
+----------------+
|           2756 |
+----------------+
1 row in set (0.02 sec)

Query OK, 0 rows affected (0.00 sec)

Query OK, 2756 rows affected (0.60 sec)
Records: 2756  Duplicates: 0  Warnings: 0

+-------------------+
| rep_dailysalesreg |
+-------------------+
|              2756 |
+-------------------+
1 row in set (0.01 sec)

Query OK, 0 rows affected (0.00 sec)

Query OK, 2554 rows affected (0.79 sec)
Records: 2554  Duplicates: 0  Warnings: 0

+-----------+
| saleslist |
+-----------+
|      2554 |
+-----------+
1 row in set (0.02 sec)

Database changed
ERROR 2 (HY000): File 'C:\ProgramData\MySQL\MySQL Server 5.7\Uploads\_csv\PrepaidCardSales-26102019-P1.csv' not found (Errcode: 2 - No such file or directory)
+------------------+
| dailysinglesales |
+------------------+
|             6012 |
+------------------+
1 row in set (0.08 sec)

Database changed
Query OK, 14 rows affected (0.05 sec)
Records: 14  Deleted: 0  Skipped: 0  Warnings: 0

+-----------------+
| dailyaddonsales |
+-----------------+
|           17402 |
+-----------------+
1 row in set (0.20 sec)

Query OK, 206 rows affected (0.23 sec)
Records: 206  Deleted: 0  Skipped: 0  Warnings: 0

+----------------+
| onlinepayments |
+----------------+
|          68585 |
+----------------+
1 row in set (0.13 sec)

+-------------+----------------+---------------------+
| paymentdate | onlinepayments | onlinepaymentamount |
+-------------+----------------+---------------------+
| 2019-10-26  |            206 |        131076.43000 |
| 2019-10-25  |            170 |        102130.22000 |
| 2019-10-24  |            152 |        100946.75000 |
| 2019-10-23  |            107 |         73607.09000 |
| 2019-10-22  |             87 |        125164.77000 |
+-------------+----------------+---------------------+
5 rows in set (2.80 sec)

+-------------+--------------+----------------+---------------------+
| paymentyear | paymentmonth | onlinepayments | onlinepaymentamount |
+-------------+--------------+----------------+---------------------+
|        2019 |           10 |           2610 |       1741782.31000 |
|        2019 |            9 |           3167 |       2039048.12000 |
|        2019 |            8 |           3117 |       1993718.27000 |
|        2019 |            7 |           3028 |       2000847.29000 |
|        2019 |            6 |           2798 |       1782990.54000 |
+-------------+--------------+----------------+---------------------+
5 rows in set (0.10 sec)

mysql> mysql \. C:\workspace\cloud\code\sql\_DailyScript\currenttime.sql
+---------------------+
| currenttime         |
+---------------------+
| 2019-10-27 17:47:45 |
+---------------------+
1 row in set (0.00 sec)

mysql> 
mysql> mysql \. C:\workspace\cloud\code\sql\_DailyScript\DAILY-SCRIPT-ACTIVENUMBERS.sql
Database changed
Query OK, 1253 rows affected (1.16 sec)
Records: 1253  Deleted: 0  Skipped: 0  Warnings: 0

+------------+----------+
| period     | count(1) |
+------------+----------+
| 2019-10-26 |     1253 |
| 2019-10-25 |     1250 |
| 2019-10-24 |     1250 |
| 2019-10-23 |     1251 |
| 2019-10-22 |     1251 |
| 2019-10-21 |     1247 |
+------------+----------+
6 rows in set (0.02 sec)

Query OK, 0 rows affected (0.00 sec)

Query OK, 81 rows affected (1.87 sec)
Records: 81  Duplicates: 0  Warnings: 0

+-------------+
| packagelist |
+-------------+
|          81 |
+-------------+
1 row in set (0.00 sec)

Database changed
Query OK, 0 rows affected (0.02 sec)

Query OK, 0 rows affected (0.00 sec)

Query OK, 0 rows affected (0.00 sec)

Query OK, 0 rows affected (0.00 sec)

Query OK, 26942 rows affected, 224 warnings (1 min 0.63 sec)
Records: 26942  Deleted: 0  Skipped: 0  Warnings: 224

+------------+----------+
| period     | count(1) |
+------------+----------+
| 2019-10-26 |    26942 |
| 2019-10-25 |    27023 |
| 2019-10-24 |    26897 |
| 2019-10-23 |    26847 |
| 2019-10-22 |    26941 |
+------------+----------+
5 rows in set (0.18 sec)

Query OK, 0 rows affected (0.06 sec)

Query OK, 26322 rows affected (2 min 48.99 sec)
Records: 26322  Duplicates: 0  Warnings: 0

Query OK, 0 rows affected (0.19 sec)
Records: 0  Duplicates: 0  Warnings: 0

Query OK, 0 rows affected (0.16 sec)
Records: 0  Duplicates: 0  Warnings: 0

Query OK, 0 rows affected (0.12 sec)
Records: 0  Duplicates: 0  Warnings: 0

Query OK, 0 rows affected (0.10 sec)
Records: 0  Duplicates: 0  Warnings: 0

Query OK, 0 rows affected (0.08 sec)
Records: 0  Duplicates: 0  Warnings: 0

Query OK, 0 rows affected (0.08 sec)
Records: 0  Duplicates: 0  Warnings: 0

+-------------+
| countbefore |
+-------------+
|    30431856 |
+-------------+
1 row in set (1 min 21.53 sec)

Query OK, 26322 rows affected (29.98 sec)
Records: 26322  Duplicates: 0  Warnings: 0

+------------+
| countafter |
+------------+
|   30458178 |
+------------+
1 row in set (14.97 sec)

+------------+--------------------------+
| period     | customercontractactivity |
+------------+--------------------------+
| 2019-10-26 |                    26322 |
| 2019-10-25 |                    26403 |
| 2019-10-24 |                    26277 |
| 2019-10-23 |                    26227 |
| 2019-10-22 |                    26321 |
+------------+--------------------------+
5 rows in set (0.06 sec)

Query OK, 0 rows affected (0.03 sec)

Query OK, 236057 rows affected (15 min 59.07 sec)
Records: 236057  Duplicates: 0  Warnings: 0

Query OK, 0 rows affected (1.10 sec)
Records: 0  Duplicates: 0  Warnings: 0

Query OK, 0 rows affected (1.14 sec)
Records: 0  Duplicates: 0  Warnings: 0

Query OK, 0 rows affected (1.18 sec)
Records: 0  Duplicates: 0  Warnings: 0

Query OK, 0 rows affected (0.02 sec)

Query OK, 252 rows affected (0.62 sec)
Records: 252  Duplicates: 0  Warnings: 0

Query OK, 0 rows affected (0.00 sec)

Query OK, 2509 rows affected (0.92 sec)
Records: 2509  Duplicates: 0  Warnings: 0

Query OK, 0 rows affected (0.00 sec)

Query OK, 26310 rows affected (0.73 sec)
Records: 26310  Duplicates: 0  Warnings: 0

Query OK, 0 rows affected (0.02 sec)

Query OK, 16786 rows affected (0.44 sec)
Records: 16786  Duplicates: 0  Warnings: 0

Query OK, 0 rows affected (0.01 sec)

Query OK, 16786 rows affected (0.15 sec)
Records: 16786  Duplicates: 0  Warnings: 0

Query OK, 0 rows affected (0.00 sec)

Query OK, 16786 rows affected (1.59 sec)
Records: 16786  Duplicates: 0  Warnings: 0

Query OK, 0 rows affected (0.00 sec)

Query OK, 16786 rows affected (56.58 sec)
Records: 16786  Duplicates: 0  Warnings: 0

+-------------+
| clientstats |
+-------------+
|       16786 |
+-------------+
1 row in set (0.01 sec)

Query OK, 0 rows affected (0.00 sec)

Query OK, 12 rows affected, 1 warning (0.13 sec)
Records: 12  Duplicates: 0  Warnings: 1

+-----------------------+-------------+-------------+----------------+-----------------+
| services              | activecount | allaccounts | uniqueaccounts | uniquecontracts |
+-----------------------+-------------+-------------+----------------+-----------------+
| All                   |         257 |          45 |             45 |             145 |
| Internet & Voice      |         435 |         200 |            200 |             390 |
| Internet Only         |        4197 |        4090 |           4086 |            4137 |
| OTT Only              |           5 |           3 |              3 |               5 |
| TV & Internet         |        8710 |        3829 |           3819 |            7790 |
| TV & Internet & OTT   |        2369 |         634 |            633 |            1304 |
| TV & Internet & Voice |         482 |         140 |            140 |             431 |
| TV & OTT              |         328 |          62 |             62 |              78 |
| TV & Voice            |         103 |          45 |             45 |              92 |
| TV Only               |       10025 |        7566 |           7562 |            7750 |
| Voice Only            |         173 |         172 |            172 |             173 |
| GRAND TOTAL           |       27084 |       16786 |          16717 |           22295 |
+-----------------------+-------------+-------------+----------------+-----------------+
12 rows in set (0.00 sec)

+-------------+-------------+-------------+----------------+-----------------+
| network     | activecount | allaccounts | uniqueaccounts | uniquecontracts |
+-------------+-------------+-------------+----------------+-----------------+
| ADDON       |          14 |          10 |             10 |              10 |
| GPON        |        7375 |        3701 |           3698 |            5660 |
| HFC         |       19692 |       13074 |          13074 |           16622 |
| MOBILE TV   |           3 |           1 |              1 |               3 |
| GRAND TOTAL |       27084 |       16786 |          16717 |           22295 |
+-------------+-------------+-------------+----------------+-----------------+
5 rows in set, 1 warning (0.15 sec)

+-------------+-----------------------+-------------+-------------+----------------+-----------------+
| network     | services              | activecount | allaccounts | uniqueaccounts | uniquecontracts |
+-------------+-----------------------+-------------+-------------+----------------+-----------------+
| ADDON       | OTT Only              |           2 |           2 |              2 |               2 |
| ADDON       | TV & OTT              |           4 |           1 |              1 |               1 |
| ADDON       | TV Only               |           8 |           7 |              7 |               7 |
| ADDON       | Services Total        |          14 |          10 |             10 |              10 |
| GPON        | All                   |         126 |          21 |             21 |              67 |
| GPON        | Internet & Voice      |          67 |          28 |             28 |              57 |
| GPON        | Internet Only         |         963 |         883 |            883 |             905 |
| GPON        | TV & Internet         |        3103 |        1304 |           1304 |            2674 |
| GPON        | TV & Internet & OTT   |        1209 |         320 |            320 |             661 |
| GPON        | TV & Internet & Voice |         152 |          42 |             42 |             131 |
| GPON        | TV & OTT              |          70 |          24 |             24 |              25 |
| GPON        | TV & Voice            |          43 |          18 |             18 |              37 |
| GPON        | TV Only               |        1632 |        1051 |           1051 |            1093 |
| GPON        | Voice Only            |          10 |          10 |             10 |              10 |
| GPON        | Services Total        |        7375 |        3701 |           3698 |            5660 |
| HFC         | All                   |         131 |          24 |             24 |              78 |
| HFC         | Internet & Voice      |         368 |         172 |            172 |             333 |
| HFC         | Internet Only         |        3234 |        3207 |           3207 |            3232 |
| HFC         | TV & Internet         |        5607 |        2525 |           2525 |            5116 |
| HFC         | TV & Internet & OTT   |        1160 |         314 |            314 |             643 |
| HFC         | TV & Internet & Voice |         330 |          98 |             98 |             300 |
| HFC         | TV & OTT              |         254 |          37 |             37 |              52 |
| HFC         | TV & Voice            |          60 |          27 |             27 |              55 |
| HFC         | TV Only               |        8385 |        6508 |           6508 |            6650 |
| HFC         | Voice Only            |         163 |         162 |            162 |             163 |
| HFC         | Services Total        |       19692 |       13074 |          13074 |           16622 |
| MOBILE TV   | OTT Only              |           3 |           1 |              1 |               3 |
| MOBILE TV   | Services Total        |           3 |           1 |              1 |               3 |
| GRAND TOTAL | Services Total        |       27084 |       16786 |          16717 |           22295 |
+-------------+-----------------------+-------------+-------------+----------------+-----------------+
29 rows in set, 2 warnings (0.16 sec)

Query OK, 0 rows affected (0.01 sec)

Query OK, 46 rows affected, 3 warnings (0.22 sec)
Records: 46  Duplicates: 0  Warnings: 3

+-------------+---------------+-----------------------+-------------+-------------+----------------+-----------------+
| region      | network       | services              | activecount | allaccounts | uniqueaccounts | uniquecontracts |
+-------------+---------------+-----------------------+-------------+-------------+----------------+-----------------+
| Mahe        | ADDON         | OTT Only              |           2 |           2 |              2 |               2 |
| Mahe        | ADDON         | TV & OTT              |           4 |           1 |              1 |               1 |
| Mahe        | ADDON         | TV Only               |           4 |           3 |              3 |               3 |
| Mahe        | ADDON         | Services Total        |          10 |           6 |              6 |               6 |
| Mahe        | GPON          | All                   |         105 |          17 |             17 |              55 |
| Mahe        | GPON          | Internet & Voice      |          55 |          22 |             22 |              45 |
| Mahe        | GPON          | Internet Only         |         753 |         673 |            673 |             695 |
| Mahe        | GPON          | TV & Internet         |        2266 |         939 |            939 |            1918 |
| Mahe        | GPON          | TV & Internet & OTT   |         822 |         210 |            210 |             431 |
| Mahe        | GPON          | TV & Internet & Voice |         134 |          37 |             37 |             114 |
| Mahe        | GPON          | TV & OTT              |          53 |          16 |             16 |              17 |
| Mahe        | GPON          | TV & Voice            |          40 |          17 |             17 |              34 |
| Mahe        | GPON          | TV Only               |        1216 |         758 |            758 |             782 |
| Mahe        | GPON          | Voice Only            |          10 |          10 |             10 |              10 |
| Mahe        | GPON          | Services Total        |        5454 |        2699 |           2699 |            4101 |
| Mahe        | HFC           | All                   |         131 |          24 |             24 |              78 |
| Mahe        | HFC           | Internet & Voice      |         368 |         172 |            172 |             333 |
| Mahe        | HFC           | Internet Only         |        3233 |        3206 |           3206 |            3231 |
| Mahe        | HFC           | TV & Internet         |        5607 |        2525 |           2525 |            5116 |
| Mahe        | HFC           | TV & Internet & OTT   |        1160 |         314 |            314 |             643 |
| Mahe        | HFC           | TV & Internet & Voice |         330 |          98 |             98 |             300 |
| Mahe        | HFC           | TV & OTT              |         254 |          37 |             37 |              52 |
| Mahe        | HFC           | TV & Voice            |          60 |          27 |             27 |              55 |
| Mahe        | HFC           | TV Only               |        8380 |        6505 |           6505 |            6647 |
| Mahe        | HFC           | Voice Only            |         163 |         162 |            162 |             163 |
| Mahe        | HFC           | Services Total        |       19686 |       13070 |          13070 |           16618 |
| Mahe        | MOBILE TV     | OTT Only              |           3 |           1 |              1 |               3 |
| Mahe        | MOBILE TV     | Services Total        |           3 |           1 |              1 |               3 |
| Mahe        | Network Total | Services Total        |       25153 |       15776 |          15713 |           20728 |
| Praslin     | ADDON         | TV Only               |           4 |           4 |              4 |               4 |
| Praslin     | ADDON         | Services Total        |           4 |           4 |              4 |               4 |
| Praslin     | GPON          | All                   |          21 |           4 |              4 |              12 |
| Praslin     | GPON          | Internet & Voice      |          12 |           6 |              6 |              12 |
| Praslin     | GPON          | Internet Only         |         210 |         210 |            210 |             210 |
| Praslin     | GPON          | TV & Internet         |         837 |         365 |            365 |             756 |
| Praslin     | GPON          | TV & Internet & OTT   |         387 |         110 |            110 |             230 |
| Praslin     | GPON          | TV & Internet & Voice |          18 |           5 |              5 |              17 |
| Praslin     | GPON          | TV & OTT              |          17 |           8 |              8 |               8 |
| Praslin     | GPON          | TV & Voice            |           3 |           1 |              1 |               3 |
| Praslin     | GPON          | TV Only               |         416 |         293 |            293 |             311 |
| Praslin     | GPON          | Services Total        |        1921 |        1002 |           1002 |            1559 |
| Praslin     | HFC           | Internet Only         |           1 |           1 |              1 |               1 |
| Praslin     | HFC           | TV Only               |           5 |           3 |              3 |               3 |
| Praslin     | HFC           | Services Total        |           6 |           4 |              4 |               4 |
| Praslin     | Network Total | Services Total        |        1931 |        1010 |           1007 |            1567 |
| GRAND TOTAL | Network Total | Services Total        |       27084 |       16786 |          16717 |           22295 |
+-------------+---------------+-----------------------+-------------+-------------+----------------+-----------------+
46 rows in set (0.00 sec)

Query OK, 0 rows affected (0.01 sec)

Query OK, 26311 rows affected (0.52 sec)
Records: 26311  Duplicates: 0  Warnings: 0

Query OK, 0 rows affected (0.08 sec)

Query OK, 1938 rows affected (12.77 sec)
Records: 1938  Duplicates: 0  Warnings: 0

+--------------------------------------+
| message                              |
+--------------------------------------+
| running rcbill_my.sp_ActiveNumber2() |
+--------------------------------------+
1 row in set (0.01 sec)

Query OK, 299 rows affected (3 min 5.19 sec)

mysql> mysql \. C:\workspace\cloud\code\sql\_DailyScript\currenttime.sql
+---------------------+
| currenttime         |
+---------------------+
| 2019-10-27 18:14:08 |
+---------------------+
1 row in set (0.00 sec)

mysql> 
mysql> mysql \. C:\workspace\cloud\code\sql\_DailyScript\GetActiveNumbers Average -Pivot.sql
Database changed
+-------------------------------------+
| @today := subdate(current_date(),1) |
+-------------------------------------+
| 2019-10-26                          |
+-------------------------------------+
1 row in set (0.00 sec)

+-------------------------------------+
| @lastdayofmonth := last_day(@today) |
+-------------------------------------+
| 2019-10-31                          |
+-------------------------------------+
1 row in set (0.00 sec)

Query OK, 0 rows affected (0.02 sec)

Query OK, 33436 rows affected, 65535 warnings (1 min 4.27 sec)
Records: 33436  Duplicates: 0  Warnings: 69512

Query OK, 0 rows affected (0.10 sec)
Records: 0  Duplicates: 0  Warnings: 0

Query OK, 0 rows affected (0.12 sec)
Records: 0  Duplicates: 0  Warnings: 0

Query OK, 0 rows affected (0.12 sec)
Records: 0  Duplicates: 0  Warnings: 0

+-----------------+
| activenumberavg |
+-----------------+
|           33436 |
+-----------------+
1 row in set (0.00 sec)

Query OK, 0 rows affected (0.04 sec)

Query OK, 1788 rows affected (0.56 sec)
Records: 1788  Duplicates: 0  Warnings: 0

+---------------------+
| rep_activenumberavg |
+---------------------+
|                1788 |
+---------------------+
1 row in set (0.00 sec)

+----------------------+
| rep_activenumberavg1 |
+----------------------+
|                  848 |
+----------------------+
1 row in set (0.01 sec)

Query OK, 0 rows affected (0.00 sec)

Query OK, 1711 rows affected (0.40 sec)
Records: 1711  Duplicates: 0  Warnings: 0

Query OK, 0 rows affected (0.02 sec)

Query OK, 8672 rows affected (0.76 sec)
Records: 8672  Duplicates: 0  Warnings: 0

Query OK, 0 rows affected (0.00 sec)

Query OK, 0 rows affected (0.00 sec)

Query OK, 0 rows affected (0.00 sec)

Query OK, 0 rows affected (0.00 sec)

Query OK, 0 rows affected (0.00 sec)
Statement prepared

Query OK, 53 rows affected (0.04 sec)
Records: 53  Duplicates: 0  Warnings: 0

Query OK, 0 rows affected (0.00 sec)

Query OK, 0 rows affected (0.00 sec)

+----------------------+
| rep_activenumberavg2 |
+----------------------+
|                 1711 |
+----------------------+
1 row in set (0.00 sec)

+------------------------+
| rep_activenumberavg_pv |
+------------------------+
|                     53 |
+------------------------+
1 row in set (0.00 sec)

Query OK, 0 rows affected (0.00 sec)

Query OK, 1711 rows affected (0.33 sec)
Records: 1711  Duplicates: 0  Warnings: 0

Query OK, 0 rows affected (0.00 sec)

Query OK, 0 rows affected (0.02 sec)

Query OK, 0 rows affected (0.00 sec)

Query OK, 0 rows affected (0.00 sec)

Query OK, 0 rows affected (0.00 sec)
Statement prepared

Query OK, 53 rows affected (0.04 sec)
Records: 53  Duplicates: 0  Warnings: 0

Query OK, 0 rows affected (0.00 sec)

Query OK, 0 rows affected (0.00 sec)

+-------------------------+
| rep_activenumberavgMahe |
+-------------------------+
|                    1711 |
+-------------------------+
1 row in set (0.00 sec)

+----------------------------+
| rep_activenumberavgMahe_pv |
+----------------------------+
|                         53 |
+----------------------------+
1 row in set (0.00 sec)

Query OK, 0 rows affected (0.01 sec)

Query OK, 1094 rows affected (0.17 sec)
Records: 1094  Duplicates: 0  Warnings: 0

Query OK, 0 rows affected (0.00 sec)

Query OK, 0 rows affected (0.00 sec)

Query OK, 0 rows affected (0.03 sec)

Query OK, 0 rows affected (0.00 sec)

Query OK, 0 rows affected (0.00 sec)
Statement prepared

Query OK, 39 rows affected (0.03 sec)
Records: 39  Duplicates: 0  Warnings: 0

Query OK, 0 rows affected (0.00 sec)

Query OK, 0 rows affected (0.00 sec)

+----------------------------+
| rep_activenumberavgPraslin |
+----------------------------+
|                       1094 |
+----------------------------+
1 row in set (0.00 sec)

+-------------------------------+
| rep_activenumberavgPraslin_pv |
+-------------------------------+
|                            39 |
+-------------------------------+
1 row in set (0.00 sec)

mysql> mysql \. C:\workspace\cloud\code\sql\_DailyScript\currenttime.sql
+---------------------+
| currenttime         |
+---------------------+
| 2019-10-27 18:15:15 |
+---------------------+
1 row in set (0.00 sec)

mysql> 
mysql> mysql \. C:\workspace\cloud\code\sql\_DailyScript\budget_actual_analysis_2019.sql
Query OK, 0 rows affected (0.00 sec)

Query OK, 566 rows affected, 3 warnings (0.72 sec)
Records: 566  Duplicates: 0  Warnings: 3

+--------------------+
| budget_actual_2019 |
+--------------------+
|                566 |
+--------------------+
1 row in set (0.02 sec)

Query OK, 0 rows affected (0.00 sec)

Query OK, 48 rows affected (0.04 sec)
Records: 48  Duplicates: 0  Warnings: 0

+---------------------------+
| rep_budget_actual_2019_pv |
+---------------------------+
|                        48 |
+---------------------------+
1 row in set (0.00 sec)

mysql> mysql \. C:\workspace\cloud\code\sql\_DailyScript\currenttime.sql
+---------------------+
| currenttime         |
+---------------------+
| 2019-10-27 18:15:16 |
+---------------------+
1 row in set (0.00 sec)

mysql> 
mysql> mysql \. C:\workspace\cloud\code\sql\_DailyScript\reports-sales-addons-prepaid-camera.sql
Database changed
Query OK, 0 rows affected (0.00 sec)

Query OK, 3848 rows affected (0.87 sec)
Records: 3848  Duplicates: 0  Warnings: 0

Query OK, 0 rows affected (0.00 sec)

Query OK, 17423 rows affected (49.04 sec)
Records: 17423  Duplicates: 0  Warnings: 0

+--------------------+
| rep_prepaid_camera |
+--------------------+
|               3848 |
+--------------------+
1 row in set (0.00 sec)

+-----------+
| rep_addon |
+-----------+
|     17423 |
+-----------+
1 row in set (0.02 sec)

mysql> mysql \. C:\workspace\cloud\code\sql\_DailyScript\currenttime.sql
+---------------------+
| currenttime         |
+---------------------+
| 2019-10-27 18:16:06 |
+---------------------+
1 row in set (0.00 sec)

mysql> 
mysql> mysql \. C:\workspace\cloud\code\sql\_DailyScript\housing-estate-analysis.sql
Database changed
Query OK, 0 rows affected (0.01 sec)

Query OK, 2893 rows affected (37.59 sec)
Records: 2893  Duplicates: 0  Warnings: 0

+--------------------+
| rep_housingestates |
+--------------------+
|               2893 |
+--------------------+
1 row in set (0.00 sec)

mysql> mysql \. C:\workspace\cloud\code\sql\_DailyScript\currenttime.sql
+---------------------+
| currenttime         |
+---------------------+
| 2019-10-27 18:16:44 |
+---------------------+
1 row in set (0.00 sec)

mysql> 
mysql> mysql \. C:\workspace\cloud\code\sql\_DailyScript\RCB_ClientAnalyticsReport_Script.sql
Database changed
Query OK, 0 rows affected (0.00 sec)

Query OK, 0 rows affected (0.06 sec)

Query OK, 1761503 rows affected (1 min 43.58 sec)
Records: 1761503  Duplicates: 0  Warnings: 0

Query OK, 0 rows affected (9.73 sec)
Records: 0  Duplicates: 0  Warnings: 0

Query OK, 0 rows affected (6.74 sec)
Records: 0  Duplicates: 0  Warnings: 0

Query OK, 0 rows affected (11.03 sec)
Records: 0  Duplicates: 0  Warnings: 0

Query OK, 0 rows affected (12.77 sec)
Records: 0  Duplicates: 0  Warnings: 0

Query OK, 0 rows affected (11.73 sec)
Records: 0  Duplicates: 0  Warnings: 0

Query OK, 0 rows affected (9.19 sec)
Records: 0  Duplicates: 0  Warnings: 0

Query OK, 0 rows affected (0.00 sec)

Query OK, 455708 rows affected (17.29 sec)
Rows matched: 1761503  Changed: 455708  Warnings: 0

Query OK, 0 rows affected (0.02 sec)

Query OK, 27238 rows affected (5.09 sec)
Records: 27238  Duplicates: 0  Warnings: 0

Query OK, 0 rows affected (0.01 sec)

Query OK, 42779 rows affected (12 min 57.40 sec)
Records: 42779  Duplicates: 0  Warnings: 0

Query OK, 0 rows affected (0.21 sec)
Records: 0  Duplicates: 0  Warnings: 0

Query OK, 0 rows affected (0.18 sec)
Records: 0  Duplicates: 0  Warnings: 0

Query OK, 0 rows affected (0.11 sec)
Records: 0  Duplicates: 0  Warnings: 0

Query OK, 0 rows affected (0.06 sec)

Query OK, 427606 rows affected (15 min 21.90 sec)
Records: 427606  Duplicates: 0  Warnings: 0

Query OK, 0 rows affected (1.70 sec)
Records: 0  Duplicates: 0  Warnings: 0

Query OK, 0 rows affected (1.66 sec)
Records: 0  Duplicates: 0  Warnings: 0

Query OK, 0 rows affected (0.88 sec)
Records: 0  Duplicates: 0  Warnings: 0

Query OK, 0 rows affected (1.94 sec)
Records: 0  Duplicates: 0  Warnings: 0

Query OK, 0 rows affected (1.40 sec)
Records: 0  Duplicates: 0  Warnings: 0

Query OK, 0 rows affected (0.03 sec)

Query OK, 42779 rows affected (1 min 31.87 sec)
Records: 42779  Duplicates: 0  Warnings: 0

+--------------+
| clientreport |
+--------------+
|        42779 |
+--------------+
1 row in set (0.01 sec)

Query OK, 0 rows affected (0.02 sec)

Query OK, 42779 rows affected (6.27 sec)
Records: 42779  Duplicates: 0  Warnings: 0

+----------------------+
| clientextendedreport |
+----------------------+
|                42779 |
+----------------------+
1 row in set (0.01 sec)

Query OK, 0 rows affected (0.02 sec)

Query OK, 42779 rows affected (1 min 41.48 sec)
Records: 42779  Duplicates: 0  Warnings: 0

+---------+
| allcust |
+---------+
|   42779 |
+---------+
1 row in set (0.02 sec)

Query OK, 0 rows affected, 1 warning (0.00 sec)

Query OK, 5000 rows affected (0.16 sec)
Records: 5000  Duplicates: 0  Warnings: 0

Query OK, 0 rows affected (0.03 sec)

Query OK, 6881 rows affected (0.33 sec)
Records: 6881  Duplicates: 0  Warnings: 0

Query OK, 0 rows affected, 1 warning (0.00 sec)

Query OK, 5000 rows affected (0.14 sec)
Records: 5000  Duplicates: 0  Warnings: 0

Query OK, 0 rows affected (0.01 sec)

Query OK, 7303 rows affected (0.19 sec)
Records: 7303  Duplicates: 0  Warnings: 0

mysql> mysql \. C:\workspace\cloud\code\sql\_DailyScript\currenttime.sql
+---------------------+
| currenttime         |
+---------------------+
| 2019-10-27 18:51:39 |
+---------------------+
1 row in set (0.00 sec)

mysql> 
mysql> mysql \. C:\workspace\cloud\code\sql\_DailyScript\REVENUE_PER_NODE_MXK.sql
Query OK, 0 rows affected (0.01 sec)

Query OK, 0 rows affected (0.01 sec)

Query OK, 0 rows affected (0.01 sec)

Query OK, 5001 rows affected (2.39 sec)
Records: 5001  Duplicates: 0  Warnings: 0

+----------------------+
| message              |
+----------------------+
| created temp table a |
+----------------------+
1 row in set (0.00 sec)

Query OK, 5367 rows affected (1.79 sec)
Records: 5367  Duplicates: 0  Warnings: 0

+----------------------+
| message              |
+----------------------+
| created temp table b |
+----------------------+
1 row in set (0.01 sec)

Query OK, 0 rows affected, 1 warning (0.00 sec)

Query OK, 5277 rows affected (9.53 sec)
Records: 5277  Duplicates: 0  Warnings: 0

+--------------------------------+
| message                        |
+--------------------------------+
| created rcbill_my.tempcustmxk1 |
+--------------------------------+
1 row in set (0.00 sec)

Query OK, 0 rows affected (0.01 sec)

Query OK, 0 rows affected (0.00 sec)

Query OK, 0 rows affected, 1 warning (0.00 sec)

Query OK, 5001 rows affected (1.14 sec)
Records: 5001  Duplicates: 0  Warnings: 0

+----------------+
| message        |
+----------------+
| created temp a |
+----------------+
1 row in set (0.00 sec)

Query OK, 5367 rows affected (0.45 sec)
Records: 5367  Duplicates: 0  Warnings: 0

+----------------+
| message        |
+----------------+
| created temp b |
+----------------+
1 row in set (0.00 sec)

Query OK, 0 rows affected, 1 warning (0.00 sec)

Query OK, 5449 rows affected (6.47 sec)
Records: 5449  Duplicates: 0  Warnings: 0

+--------------------------------+
| message                        |
+--------------------------------+
| created rcbill_my.tempcustmxk2 |
+--------------------------------+
1 row in set (0.00 sec)

Query OK, 0 rows affected (0.00 sec)

Query OK, 0 rows affected (0.00 sec)

Query OK, 0 rows affected, 1 warning (0.00 sec)

Query OK, 0 rows affected (0.02 sec)

Query OK, 5921 rows affected (0.30 sec)
Records: 5921  Duplicates: 0  Warnings: 0

+---------------------------------+
| message                         |
+---------------------------------+
| created rcbill_my.customers_mxk |
+---------------------------------+
1 row in set (0.01 sec)

Query OK, 0 rows affected (0.00 sec)

Query OK, 0 rows affected (0.00 sec)

Query OK, 13835 rows affected (6.03 sec)
Records: 13835  Duplicates: 0  Warnings: 0

+----------------+
| message        |
+----------------+
| created temp a |
+----------------+
1 row in set (0.00 sec)

Query OK, 21067 rows affected (1.94 sec)
Records: 21067  Duplicates: 0  Warnings: 0

+----------------+
| message        |
+----------------+
| created temp c |
+----------------+
1 row in set (0.00 sec)

Query OK, 0 rows affected, 1 warning (0.00 sec)

Query OK, 28358 rows affected (0.33 sec)
Records: 28358  Duplicates: 0  Warnings: 0

+---------------------------------+
| message                         |
+---------------------------------+
| created rcbill_my.tempcustcmts1 |
+---------------------------------+
1 row in set (0.00 sec)

Query OK, 0 rows affected (0.00 sec)

Query OK, 0 rows affected, 1 warning (0.00 sec)

Query OK, 0 rows affected (0.02 sec)

Query OK, 13835 rows affected (5.60 sec)
Records: 13835  Duplicates: 0  Warnings: 0

+----------------+
| message        |
+----------------+
| created temp a |
+----------------+
1 row in set (0.00 sec)

Query OK, 21067 rows affected (1.16 sec)
Records: 21067  Duplicates: 0  Warnings: 0

+----------------+
| message        |
+----------------+
| created temp c |
+----------------+
1 row in set (0.00 sec)

Query OK, 0 rows affected, 1 warning (0.00 sec)

Query OK, 22053 rows affected (0.28 sec)
Records: 22053  Duplicates: 0  Warnings: 0

+---------------------------------+
| message                         |
+---------------------------------+
| created rcbill_my.tempcustcmts2 |
+---------------------------------+
1 row in set (0.00 sec)

Query OK, 0 rows affected (0.01 sec)

Query OK, 0 rows affected, 1 warning (0.00 sec)

Query OK, 0 rows affected (0.00 sec)

Query OK, 0 rows affected (0.02 sec)

Query OK, 13955 rows affected (1.29 sec)
Records: 13955  Duplicates: 0  Warnings: 0

+----------------------------------+
| message                          |
+----------------------------------+
| created rcbill_my.customers_cmts |
+----------------------------------+
1 row in set (0.00 sec)

Query OK, 0 rows affected (0.01 sec)

Query OK, 0 rows affected (0.00 sec)

Query OK, 0 rows affected (0.04 sec)

Query OK, 17445 rows affected (1.00 sec)
Records: 17445  Duplicates: 0  Warnings: 0

+--------------------------------------+
| message                              |
+--------------------------------------+
| created rcbill_my.customers_cmts_mxk |
+--------------------------------------+
1 row in set (0.00 sec)

Query OK, 451808 rows affected (1 min 21.72 sec)
Records: 451808  Duplicates: 0  Warnings: 0

+----------------+
| message        |
+----------------+
| created temp a |
+----------------+
1 row in set (0.01 sec)

Query OK, 0 rows affected (0.03 sec)

Query OK, 452489 rows affected (15.14 sec)
Records: 452489  Duplicates: 0  Warnings: 0

+------------------------------------------------+
| message                                        |
+------------------------------------------------+
| created rcbill_my.customers_contracts_cmts_mxk |
+------------------------------------------------+
1 row in set (0.02 sec)

Query OK, 0 rows affected (0.00 sec)

Query OK, 0 rows affected, 1 warning (0.00 sec)

Query OK, 0 rows affected, 1 warning (0.00 sec)

Query OK, 0 rows affected (0.00 sec)

Query OK, 7715 rows affected (3.54 sec)
Rows matched: 7715  Changed: 7715  Warnings: 0

+------------------------------------------------+
| message                                        |
+------------------------------------------------+
| updated rcbill_my.customers_contracts_cmts_mxk |
+------------------------------------------------+
1 row in set (0.00 sec)

Query OK, 0 rows affected (0.03 sec)

Query OK, 1730630 rows affected (5 min 17.85 sec)
Records: 1730630  Duplicates: 0  Warnings: 0

+----------------------------------------+
| message                                |
+----------------------------------------+
| created rcbill_my.customers_collection |
+----------------------------------------+
1 row in set (0.00 sec)

Query OK, 0 rows affected (0.02 sec)

Query OK, 1993990 rows affected (2 min 43.45 sec)
Records: 1993990  Duplicates: 0  Warnings: 0

+------------------------------------------------+
| message                                        |
+------------------------------------------------+
| created rcbill_my.customers_cmts_mxk_cont_coll |
+------------------------------------------------+
1 row in set (0.00 sec)

Query OK, 0 rows affected (0.03 sec)

Query OK, 49427 rows affected (13.35 sec)
Records: 49427  Duplicates: 0  Warnings: 0

+------------------------------------------------------------+
| message                                                    |
+------------------------------------------------------------+
| created rcbill_my.customers_contracts_collection_pivot2019 |
+------------------------------------------------------------+
1 row in set (0.00 sec)

Query OK, 0 rows affected (0.02 sec)

Query OK, 20082 rows affected (12.43 sec)
Records: 20082  Duplicates: 0  Warnings: 0

+--------------------------------------------------+
| message                                          |
+--------------------------------------------------+
| created rcbill_my.customers_collection_pivot2019 |
+--------------------------------------------------+
1 row in set (0.00 sec)

Query OK, 0 rows affected (0.02 sec)

Query OK, 42779 rows affected (1.58 sec)
Records: 42779  Duplicates: 0  Warnings: 0

+------------------------------------------------+
| message                                        |
+------------------------------------------------+
| created rcbill_my.rep_customers_collection2019 |
+------------------------------------------------+
1 row in set (0.00 sec)

Query OK, 0 rows affected (0.00 sec)

Query OK, 0 rows affected, 1 warning (0.00 sec)

Query OK, 421390 rows affected (28.82 sec)
Records: 421390  Duplicates: 0  Warnings: 0

+-------------------------+
| message                 |
+-------------------------+
| created rcbill_my.tempa |
+-------------------------+
1 row in set (0.00 sec)

Query OK, 0 rows affected, 1 warning (0.00 sec)

Query OK, 98584 rows affected (13.80 sec)
Records: 98584  Duplicates: 0  Warnings: 0

+-------------------------+
| message                 |
+-------------------------+
| created rcbill_my.tempb |
+-------------------------+
1 row in set (0.00 sec)

Query OK, 421390 rows affected (11.44 sec)
Records: 421390  Duplicates: 0  Warnings: 0

+-----------+
| message   |
+-----------+
| created a |
+-----------+
1 row in set (0.00 sec)

Query OK, 98594 rows affected (6.43 sec)
Records: 98594  Duplicates: 0  Warnings: 0

+-----------+
| message   |
+-----------+
| created b |
+-----------+
1 row in set (0.00 sec)

Query OK, 0 rows affected (0.12 sec)

Query OK, 0 rows affected (0.00 sec)

Query OK, 0 rows affected (0.04 sec)

Query OK, 424345 rows affected (35.32 sec)
Records: 424345  Duplicates: 0  Warnings: 0

+----------------------------------------------+
| message                                      |
+----------------------------------------------+
| created rcbill_my.cust_cont_payment_cmts_mxk |
+----------------------------------------------+
1 row in set (0.00 sec)

Query OK, 0 rows affected (0.02 sec)

Query OK, 0 rows affected (0.00 sec)

Query OK, 0 rows affected, 1 warning (0.00 sec)

Query OK, 0 rows affected (0.02 sec)

Query OK, 42779 rows affected (15.69 sec)
Records: 42779  Duplicates: 0  Warnings: 0

+--------------------------------------------------+
| message                                          |
+--------------------------------------------------+
| created rcbill_my.rep_cust_cont_payment_cmts_mxk |
+--------------------------------------------------+
1 row in set (0.00 sec)

Query OK, 0 rows affected, 1 warning (0.00 sec)

Query OK, 0 rows affected, 1 warning (0.00 sec)

Query OK, 0 rows affected (0.06 sec)

Query OK, 42779 rows affected, 5 warnings (9.72 sec)
Records: 42779  Duplicates: 0  Warnings: 5

+----------------------+
| rep_custconsolidated |
+----------------------+
|                42779 |
+----------------------+
1 row in set (0.02 sec)

Query OK, 0 rows affected (0.00 sec)

Query OK, 0 rows affected (0.01 sec)

+----------------------------------------------+
| message                                      |
+----------------------------------------------+
| creating rcbill_my.retentioncustomeractivity |
+----------------------------------------------+
1 row in set (0.00 sec)

Query OK, 881 rows affected (0.10 sec)
Records: 881  Duplicates: 0  Warnings: 0

+---------------------------+
| retentioncustomeractivity |
+---------------------------+
|                       881 |
+---------------------------+
1 row in set (0.00 sec)

+-----------+------------------------------------+------------+-------------+-----------------+------------------+---------------------+-------------------+
| HFC_NODE  | NODENAME                           | CMTS_DATE  | INSERTED_ON | UNIQUE_ACCOUNTS | UNIQUE_CONTRACTS | UNIQUE_MAC_INRCBOSS | UNIQUE_MAC_INCMTS |
+-----------+------------------------------------+------------+-------------+-----------------+------------------+---------------------+-------------------+
| NULL      | NULL                               | NULL       | 2019-10-27  |            6140 |             6434 |                6477 |                 0 |
| C5/0/0/U0 | ANSE-BOILEAU-2                     | 2019-10-01 | 2019-10-27  |             176 |              178 |                 176 |               176 |
| C5/0/0/U1 | 500-C3-ANSE-BOILEAU                | 2019-10-01 | 2019-10-27  |             176 |              184 |                 176 |               181 |
| C5/0/1/U0 | 501-C4-LA-MISIERE-LEFT-I           | 2019-10-01 | 2019-10-27  |             149 |              155 |                 148 |               150 |
| C5/0/1/U1 | 501-C5-LA-MISIERE-RIGHT            | 2019-10-01 | 2019-10-27  |             110 |              113 |                 110 |               111 |
| C5/0/1/U2 | 501-C7-LA-MISIERE-LEFT-II          | 2019-10-01 | 2019-10-27  |             151 |              158 |                 151 |               154 |
| C5/0/2/U0 | 502-C8-LA-LOUISE                   | 2019-10-01 | 2019-10-27  |             138 |              140 |                 138 |               141 |
| C5/0/2/U1 | LA-LOUISE-2                        | 2019-10-01 | 2019-10-27  |             145 |              149 |                 145 |               147 |
| C5/0/3/U0 | 504-C6-PETIT-PARIS                 | 2019-10-01 | 2019-10-27  |             156 |              159 |                 156 |               158 |
| C5/0/3/U1 | PETIT-PARIS-23                     | 2019-10-01 | 2019-10-27  |              71 |               73 |                  71 |                73 |
| C5/0/4/U0 | FOUR-SEASONS                       | 2019-10-01 | 2019-10-27  |               4 |               12 |                  12 |                12 |
| C5/0/4/U1 | ANCHOR-CAFE-I                      | 2019-10-01 | 2019-10-27  |             143 |              146 |                 143 |               146 |
| C5/0/4/U2 | ANCHOR-CAFE-II                     | 2019-10-01 | 2019-10-27  |             148 |              151 |                 148 |               150 |
| C5/1/0/U0 | POINTE-LARUE-AIRPORT-23            | 2019-10-01 | 2019-10-27  |              98 |              104 |                 100 |               104 |
| C5/1/0/U1 | PPROVIDENCE-23                     | 2019-10-01 | 2019-10-27  |              25 |               27 |                  25 |                25 |
| C5/1/0/U2 | ROSHE-CAIMAN-23                    | 2019-10-01 | 2019-10-27  |              10 |               11 |                  10 |                10 |
| C5/1/0/U3 | HEAD-OFFICE | HO-23                | 2019-10-01 | 2019-10-27  |              30 |               30 |                  30 |                32 |
| C5/1/1/U1 | C5-UNION-VALE                      | 2019-10-01 | 2019-10-27  |             184 |              189 |                 184 |               188 |
| C5/1/3/U0 | POINTE-LARUE-AIRPORT-27            | 2019-10-01 | 2019-10-27  |             135 |              140 |                 135 |               136 |
| C5/1/3/U1 | PPROVIDENCE-27                     | 2019-10-01 | 2019-10-27  |              37 |               38 |                  37 |                37 |
| C5/1/3/U2 | ROSHE-CAIMAN-27                    | 2019-10-01 | 2019-10-27  |              25 |               25 |                  25 |                26 |
| C5/1/3/U3 | HEAD-OFFICE | HO-27                | 2019-10-01 | 2019-10-27  |              12 |               13 |                  12 |                13 |
| C5/1/4/U0 | ANSE-ROYALE-27                     | 2019-10-01 | 2019-10-27  |              94 |               98 |                  94 |                95 |
| C5/1/4/U1 | GLACIS-2-57                        | 2019-10-01 | 2019-10-27  |             116 |              122 |                 116 |               119 |
| C5/1/4/U2 | NULL                               | 2019-10-01 | 2019-10-27  |              94 |               95 |                  94 |                95 |
| C5/1/4/U3 | GLACIS-1                           | 2019-10-01 | 2019-10-27  |              43 |               44 |                  43 |                46 |
| C6/0/1/U0 | SERRET-ROAD-RIGHT/CURIO/PASCAL     | 2019-10-01 | 2019-10-27  |             119 |              122 |                 119 |               122 |
| C6/0/1/U1 | SERRET-ROAD-LEFT/ST.LOUIS/TOWN     | 2019-10-01 | 2019-10-27  |             138 |              142 |                 138 |               141 |
| C6/0/1/U2 | SERRET-ROAD-RIGHT/CURIO/PASCAL-2   | 2019-10-01 | 2019-10-27  |             121 |              121 |                 121 |               123 |
| C6/0/1/U3 | SERRET-ROAD-LEFT/ST.LOUIS/TOWN-2   | 2019-10-01 | 2019-10-27  |             144 |              148 |                 144 |               146 |
| C6/0/2/U0 | SANS-SOUCIS-I                      | 2019-10-01 | 2019-10-27  |             120 |              126 |                 120 |               125 |
| C6/0/2/U1 | SANS-SOUCIS-II                     | 2019-10-01 | 2019-10-27  |             100 |              102 |                 100 |               101 |
| C6/0/2/U2 | BEL-AIR-27                         | 2019-10-01 | 2019-10-27  |              91 |               93 |                  91 |                93 |
| C6/0/2/U3 | BEL-AIR-38                         | 2019-10-01 | 2019-10-27  |             104 |              109 |                 104 |               108 |
| C6/0/3/U0 | LES-MAMELLES-23                    | 2019-10-01 | 2019-10-27  |              74 |               74 |                  74 |                75 |
| C6/0/3/U1 | VICTORIA-23                        | 2019-10-01 | 2019-10-27  |              22 |               24 |                  22 |                25 |
| C6/0/4/U0 | LES-MAMELLES-27                    | 2019-10-01 | 2019-10-27  |              83 |               83 |                  83 |                83 |
| C6/0/4/U1 | VICTORIA-27                        | 2019-10-01 | 2019-10-27  |              32 |               35 |                  31 |                31 |
| C7/1/0/U0 | LA-RETRAITE-23                     | 2019-10-01 | 2019-10-27  |              81 |               87 |                  81 |                82 |
| C7/1/0/U1 | TEA-FACTORY-23                     | 2019-10-01 | 2019-10-27  |              21 |               25 |                  21 |                21 |
| C7/1/0/U2 | PAS-23                             | 2019-10-01 | 2019-10-27  |             102 |              103 |                 102 |               104 |
| C7/1/1/U0 | REEF-ESTATE-23                     | 2019-10-01 | 2019-10-27  |              90 |               91 |                  90 |                91 |
| C7/1/1/U1 | BEL-OMBRE-NEW-23                   | 2019-10-01 | 2019-10-27  |              16 |               16 |                  16 |                19 |
| C7/1/2/U0 | LA-RETRAITE-27                     | 2019-10-01 | 2019-10-27  |             125 |              129 |                 126 |               128 |
| C7/1/2/U1 | TEA-FACTORY-27                     | 2019-10-01 | 2019-10-27  |              27 |               31 |                  30 |                31 |
| C7/1/2/U2 | PAS-27                             | 2019-10-01 | 2019-10-27  |              98 |              102 |                  98 |                99 |
| C7/1/3/U0 | MT-BUXTON-27                       | 2019-10-01 | 2019-10-27  |             142 |              144 |                 142 |               143 |
| C7/1/3/U1 | MT-BUXTON-23                       | 2019-10-01 | 2019-10-27  |              75 |               77 |                  75 |                75 |
| C7/1/4/U0 | REEF-ESTATE-27                     | 2019-10-01 | 2019-10-27  |              65 |               66 |                  65 |                65 |
| C7/1/4/U1 | BEL-OMBRE-NEW-27                   | 2019-10-01 | 2019-10-27  |              21 |               21 |                  21 |                23 |
| C8/0/0/U0 | POLICE-ACADEMY-1-27 - POINTE LARUE | 2019-10-01 | 2019-10-27  |             220 |              223 |                 220 |               222 |
| C8/0/0/U1 | NULL                               | 2019-10-01 | 2019-10-27  |              93 |               97 |                  93 |               100 |
| C8/0/1/U0 | NULL                               | 2019-10-01 | 2019-10-27  |             154 |              155 |                 154 |               154 |
| C8/0/1/U1 | POLICE-ACADEMY-2-27 - TURTLE BAY   | 2019-10-01 | 2019-10-27  |             165 |              167 |                 165 |               165 |
| C8/0/2/U0 | BEAU-VALLON-LEFT-1-57              | 2019-10-01 | 2019-10-27  |              95 |               98 |                  95 |                96 |
| C8/0/3/U1 | BEAU-VALLON-RIGHT-2-57             | 2019-10-01 | 2019-10-27  |             171 |              178 |                 171 |               175 |
| C8/1/0/U0 | MA-JOIE-NODE-27                    | 2019-10-01 | 2019-10-27  |             117 |              121 |                 117 |               118 |
| C8/1/0/U1 | BELONIE-27                         | 2019-10-01 | 2019-10-27  |             156 |              159 |                 155 |               155 |
| C8/1/0/U3 | MA-JOIE-NODE-23                    | 2019-10-01 | 2019-10-27  |             105 |              105 |                 105 |               106 |
| C8/1/1/U0 | 611-C1-ROJN I                      | 2019-10-01 | 2019-10-27  |             136 |              138 |                 136 |               141 |
| C8/1/1/U1 | 611-C5-ROJN II                     | 2019-10-01 | 2019-10-27  |             104 |              105 |                 104 |               104 |
| C8/1/2/U0 | 612-C2-ANSE-ETOILE                 | 2019-10-01 | 2019-10-27  |             190 |              196 |                 190 |               192 |
| C8/1/2/U1 | ANSE-ETOILE-U2                     | 2019-10-01 | 2019-10-27  |              58 |               59 |                  58 |                58 |
| C8/1/3/U0 | 613-C3-ANSE-GAULETTE I             | 2019-10-01 | 2019-10-27  |              71 |               77 |                  71 |                71 |
| C8/1/3/U1 | 613-C7-ANSE-GAULETTE II            | 2019-10-01 | 2019-10-27  |              72 |               79 |                  72 |                73 |
| C8/1/3/U2 | 613-C3-ANSE-GAULETTE III           | 2019-10-01 | 2019-10-27  |              38 |               39 |                  38 |                38 |
| C8/1/3/U3 | TAKAMAKA I                         | 2019-10-01 | 2019-10-27  |             102 |              106 |                 102 |               106 |
| C8/1/3/U4 | TAKAMAKA II                        | 2019-10-01 | 2019-10-27  |             100 |              100 |                 100 |               101 |
| C8/1/4/U0 | 614-BEOLIERE-NODE-1                | 2019-10-01 | 2019-10-27  |             128 |              134 |                 128 |               130 |
| C8/1/4/U1 | 614-BEOLIERE-NODE-2                | 2019-10-01 | 2019-10-27  |              97 |              100 |                  97 |               100 |
+-----------+------------------------------------+------------+-------------+-----------------+------------------+---------------------+-------------------+
70 rows in set (0.24 sec)

+------------------+------------+-------------+-----------------+------------------+----------------------+-------------------+
| MXK_NAME         | MXK_DATE   | INSERTED_ON | UNIQUE_ACCOUNTS | UNIQUE_CONTRACTS | UNIQUE_FSAN_INRCBOSS | UNIQUE_FSAN_INMXK |
+------------------+------------+-------------+-----------------+------------------+----------------------+-------------------+
| NULL             | NULL       | 2019-10-27  |             461 |              466 |                  457 |                 0 |
| MXK-ANSEETOILE   | 2019-10-01 | 2019-10-27  |             149 |              151 |                  151 |               156 |
| MXK-ANSEROYALE   | 2019-10-01 | 2019-10-27  |             138 |              138 |                  138 |               156 |
| MXK-BEAUVALLON   | 2019-10-01 | 2019-10-27  |            1189 |             1209 |                 1202 |              1271 |
| MXK-MAHE         | 2019-10-01 | 2019-10-27  |             902 |              929 |                  869 |              1092 |
| MXK-PERSEVERANCE | 2019-10-01 | 2019-10-27  |             987 |              993 |                  992 |              1141 |
| MXK-PRASLIN      | 2019-10-01 | 2019-10-27  |            1166 |             1169 |                 1162 |              1277 |
+------------------+------------+-------------+-----------------+------------------+----------------------+-------------------+
7 rows in set (0.07 sec)

mysql> mysql \. C:\workspace\cloud\code\sql\_DailyScript\currenttime.sql
+---------------------+
| currenttime         |
+---------------------+
| 2019-10-27 19:04:30 |
+---------------------+
1 row in set (0.00 sec)

mysql> 
mysql> mysql \. C:\workspace\cloud\code\sql\Analysis\service_tickets_assignments.sql
Query OK, 0 rows affected (0.02 sec)

Query OK, 78785 rows affected (19.46 sec)
Records: 78785  Duplicates: 0  Warnings: 0

+-------------------------+
| rep_servicetickets_2019 |
+-------------------------+
|                   78785 |
+-------------------------+
1 row in set (1.83 sec)

mysql> mysql \. C:\workspace\cloud\code\sql\_DailyScript\currenttime.sql
+---------------------+
| currenttime         |
+---------------------+
| 2019-10-27 19:04:52 |
+---------------------+
1 row in set (0.00 sec)

mysql> 
mysql> 
mysql> exit
