    -> 
    -> mysql \. C:\workspace\cloud\code\sql\_DailyScript\_setdates.sql
Database changed
Query OK, 0 rows affected (0.00 sec)

Query OK, 0 rows affected (0.00 sec)

Query OK, 0 rows affected (0.00 sec)

Query OK, 0 rows affected (0.00 sec)

Query OK, 0 rows affected (0.00 sec)

Query OK, 0 rows affected (0.00 sec)

Query OK, 0 rows affected (0.00 sec)

Query OK, 0 rows affected (0.00 sec)

Query OK, 0 rows affected (0.00 sec)

Query OK, 0 rows affected (0.00 sec)

Query OK, 0 rows affected (0.00 sec)

Query OK, 0 rows affected (0.00 sec)

Query OK, 0 rows affected (0.00 sec)

Query OK, 0 rows affected (0.00 sec)

Query OK, 0 rows affected (0.00 sec)

Query OK, 0 rows affected (0.00 sec)

Query OK, 0 rows affected (0.00 sec)

Query OK, 0 rows affected (0.00 sec)

Query OK, 0 rows affected (0.00 sec)

Query OK, 0 rows affected (0.00 sec)

Query OK, 0 rows affected (0.00 sec)

mysql> mysql \. C:\workspace\cloud\code\sql\_DailyScript\currenttime.sql
+---------------------+
| currenttime         |
+---------------------+
| 2021-04-19 06:47:44 |
+---------------------+
1 row in set (0.00 sec)

mysql> 
mysql> mysql \. C:\workspace\cloud\code\sql\_DailyScript\load_RCB_VODTITLES.sql
Database changed
Query OK, 0 rows affected (0.00 sec)

Query OK, 14519 rows affected (0.12 sec)

Query OK, 14521 rows affected, 14521 warnings (0.36 sec)
Records: 14521  Deleted: 0  Skipped: 0  Warnings: 14521

Query OK, 0 rows affected (0.00 sec)

Query OK, 2 rows affected (0.01 sec)

+-----------+
| VODTITLES |
+-----------+
|     14979 |
+-----------+
1 row in set (0.01 sec)

+-----------+-----------+
| titletype | typecount |
+-----------+-----------+
| E         |     12206 |
| N         |       246 |
| T         |      2067 |
| NULL      |     14519 |
+-----------+-----------+
4 rows in set (0.05 sec)

mysql> mysql \. C:\workspace\cloud\code\sql\_DailyScript\currenttime.sql
+---------------------+
| currenttime         |
+---------------------+
| 2021-04-19 06:47:44 |
+---------------------+
1 row in set (0.00 sec)

mysql> 
mysql> mysql \. C:\workspace\cloud\code\sql\_DailyScript\DAILY-SCRIPT-LIVETV-STATS.sql
Database changed
Query OK, 0 rows affected (0.02 sec)

Query OK, 107751 rows affected (1.27 sec)
Records: 107751  Duplicates: 0  Warnings: 0

+------------+------------+----------+--------------+--------------+-----------+-------------+----------+--------+------+------------+---------+---------------+
| Table      | Non_unique | Key_name | Seq_in_index | Column_name  | Collation | Cardinality | Sub_part | Packed | Null | Index_type | Comment | Index_comment |
+------------+------------+----------+--------------+--------------+-----------+-------------+----------+--------+------+------------+---------+---------------+
| templivetv |          1 | idxtv1   |            1 | device       | A         |      107206 |     NULL | NULL   | YES  | BTREE      |         |               |
| templivetv |          1 | idxtv2   |            1 | sessionstart | A         |      107206 |     NULL | NULL   | YES  | BTREE      |         |               |
+------------+------------+----------+--------------+--------------+-----------+-------------+----------+--------+------+------------+---------+---------------+
2 rows in set (0.00 sec)

Query OK, 107993 rows affected (10.08 sec)
Records: 107993  Duplicates: 0  Warnings: 0

Query OK, 2659 rows affected (0.67 sec)
Records: 2659  Duplicates: 0  Warnings: 0

Query OK, 0 rows affected (0.00 sec)

Query OK, 0 rows affected (0.00 sec)

Query OK, 131 rows affected (0.03 sec)
Records: 131  Duplicates: 0  Warnings: 0

Query OK, 0 rows affected (0.01 sec)

Query OK, 62734 rows affected (5 min 32.70 sec)
Records: 62734  Duplicates: 0  Warnings: 0

+-----------------+
| rep_livetvstats |
+-----------------+
|           62734 |
+-----------------+
1 row in set (0.03 sec)

mysql> mysql \. C:\workspace\cloud\code\sql\_DailyScript\currenttime.sql
+---------------------+
| currenttime         |
+---------------------+
| 2021-04-19 06:53:29 |
+---------------------+
1 row in set (0.00 sec)

mysql> 
mysql> mysql \. C:\workspace\cloud\code\sql\_DailyScript\DAILY-SCRIPT-VODTS-STATS.sql
Database changed
Query OK, 0 rows affected (0.01 sec)

Query OK, 9246 rows affected (22.27 sec)
Records: 9246  Duplicates: 0  Warnings: 0

+---------+------------+----------+--------------+--------------+-----------+-------------+----------+--------+------+------------+---------+---------------+
| Table   | Non_unique | Key_name | Seq_in_index | Column_name  | Collation | Cardinality | Sub_part | Packed | Null | Index_type | Comment | Index_comment |
+---------+------------+----------+--------------+--------------+-----------+-------------+----------+--------+------+------------+---------+---------------+
| tempvod |          1 | idxtvod1 |            1 | device       | A         |        9259 |     NULL | NULL   | YES  | BTREE      |         |               |
| tempvod |          1 | idxtvod2 |            1 | sessionstart | A         |        9259 |     NULL | NULL   | YES  | BTREE      |         |               |
+---------+------------+----------+--------------+--------------+-----------+-------------+----------+--------+------+------------+---------+---------------+
2 rows in set (0.00 sec)

Query OK, 9136 rows affected (3.56 sec)
Records: 9136  Duplicates: 0  Warnings: 0

Query OK, 0 rows affected (0.02 sec)

Query OK, 1130186 rows affected (1 min 33.28 sec)
Records: 1130186  Duplicates: 0  Warnings: 0

+--------------+
| rep_vodstats |
+--------------+
|      1130186 |
+--------------+
1 row in set (0.33 sec)

Database changed
Query OK, 0 rows affected (0.01 sec)

Query OK, 17215 rows affected (40.24 sec)
Records: 17215  Duplicates: 0  Warnings: 0

+--------+------------+----------+--------------+--------------+-----------+-------------+----------+--------+------+------------+---------+---------------+
| Table  | Non_unique | Key_name | Seq_in_index | Column_name  | Collation | Cardinality | Sub_part | Packed | Null | Index_type | Comment | Index_comment |
+--------+------------+----------+--------------+--------------+-----------+-------------+----------+--------+------+------------+---------+---------------+
| tempts |          1 | idxtts1  |            1 | device       | A         |       17390 |     NULL | NULL   | YES  | BTREE      |         |               |
| tempts |          1 | idxtts2  |            1 | sessionstart | A         |       17390 |     NULL | NULL   | YES  | BTREE      |         |               |
+--------+------------+----------+--------------+--------------+-----------+-------------+----------+--------+------+------------+---------+---------------+
2 rows in set (0.00 sec)

Query OK, 17302 rows affected (13.28 sec)
Records: 17302  Duplicates: 0  Warnings: 0

Query OK, 0 rows affected (0.01 sec)

Query OK, 46829 rows affected (40.28 sec)
Records: 46829  Duplicates: 0  Warnings: 0

+-------------+
| rep_tsstats |
+-------------+
|       46829 |
+-------------+
1 row in set (0.02 sec)

mysql> mysql \. C:\workspace\cloud\code\sql\_DailyScript\currenttime.sql
+---------------------+
| currenttime         |
+---------------------+
| 2021-04-19 06:57:02 |
+---------------------+
1 row in set (0.00 sec)

mysql> 
mysql> mysql \. C:\workspace\cloud\code\sql\_DailyScript\DAILY-SCRIPT-RADIO-STATS.sql
Database changed
Query OK, 0 rows affected (0.01 sec)

Query OK, 381268 rows affected (4.38 sec)
Records: 381268  Duplicates: 0  Warnings: 0

+-----------+------------+----------+--------------+--------------+-----------+-------------+----------+--------+------+------------+---------+---------------+
| Table     | Non_unique | Key_name | Seq_in_index | Column_name  | Collation | Cardinality | Sub_part | Packed | Null | Index_type | Comment | Index_comment |
+-----------+------------+----------+--------------+--------------+-----------+-------------+----------+--------+------+------------+---------+---------------+
| tempradio |          1 | idxtrad1 |            1 | device       | A         |      383972 |     NULL | NULL   | YES  | BTREE      |         |               |
| tempradio |          1 | idxtrad2 |            1 | sessionstart | A         |      383972 |     NULL | NULL   | YES  | BTREE      |         |               |
+-----------+------------+----------+--------------+--------------+-----------+-------------+----------+--------+------+------------+---------+---------------+
2 rows in set (0.00 sec)

Query OK, 352 rows affected (0.75 sec)
Records: 352  Duplicates: 0  Warnings: 0

Query OK, 0 rows affected (0.01 sec)

Query OK, 6247 rows affected (0.50 sec)
Records: 6247  Duplicates: 0  Warnings: 0

+----------------+
| rep_radiostats |
+----------------+
|           6247 |
+----------------+
1 row in set (0.00 sec)

mysql> mysql \. C:\workspace\cloud\code\sql\_DailyScript\currenttime.sql
+---------------------+
| currenttime         |
+---------------------+
| 2021-04-19 06:57:08 |
+---------------------+
1 row in set (0.00 sec)

mysql> 
mysql> mysql \. C:\workspace\cloud\code\sql\_DailyScript\DAILY_SCRIPT_TELEMETRY_PIVOT_2021.sql
Query OK, 0 rows affected (0.00 sec)

Query OK, 140 rows affected (0.10 sec)
Records: 140  Duplicates: 0  Warnings: 0

Query OK, 0 rows affected (0.01 sec)

Query OK, 11698 rows affected (1.44 sec)
Records: 11698  Duplicates: 0  Warnings: 0

Query OK, 0 rows affected (0.01 sec)

Query OK, 5 rows affected (0.02 sec)
Records: 5  Duplicates: 0  Warnings: 0

Query OK, 0 rows affected (0.00 sec)

Query OK, 44 rows affected (0.05 sec)
Records: 44  Duplicates: 0  Warnings: 0

mysql> mysql \. C:\workspace\cloud\code\sql\_DailyScript\currenttime.sql
+---------------------+
| currenttime         |
+---------------------+
| 2021-04-19 06:57:10 |
+---------------------+
1 row in set (0.00 sec)

mysql> 
mysql> mysql \. C:\workspace\cloud\code\sql\_DailyScript\telemetry_livetv_ranking2021.sql
Query OK, 0 rows affected (0.01 sec)

Query OK, 140 rows affected (0.02 sec)
Records: 140  Duplicates: 0  Warnings: 0

mysql> mysql \. C:\workspace\cloud\code\sql\_DailyScript\currenttime.sql
+---------------------+
| currenttime         |
+---------------------+
| 2021-04-19 06:57:10 |
+---------------------+
1 row in set (0.00 sec)

mysql> 
mysql> mysql \. C:\workspace\cloud\code\sql\_DailyScript\telemetry_radio_ranking2021.sql
Query OK, 0 rows affected (0.01 sec)

Query OK, 5 rows affected (0.02 sec)
Records: 5  Duplicates: 0  Warnings: 0

mysql> mysql \. C:\workspace\cloud\code\sql\_DailyScript\currenttime.sql
+---------------------+
| currenttime         |
+---------------------+
| 2021-04-19 06:57:10 |
+---------------------+
1 row in set (0.00 sec)

mysql> 
mysql> mysql \. C:\workspace\cloud\code\sql\_DailyScript\telemetry_ts_ranking2021.sql
Query OK, 0 rows affected (0.00 sec)

Query OK, 44 rows affected (0.02 sec)
Records: 44  Duplicates: 0  Warnings: 0

mysql> mysql \. C:\workspace\cloud\code\sql\_DailyScript\currenttime.sql
+---------------------+
| currenttime         |
+---------------------+
| 2021-04-19 06:57:10 |
+---------------------+
1 row in set (0.00 sec)

mysql> 
mysql> mysql \. C:\workspace\cloud\code\sql\_DailyScript\telemetry_vod_ranking2021.sql
Query OK, 0 rows affected (0.00 sec)

Query OK, 11698 rows affected (0.52 sec)
Records: 11698  Duplicates: 0  Warnings: 0

mysql> mysql \. C:\workspace\cloud\code\sql\_DailyScript\currenttime.sql
+---------------------+
| currenttime         |
+---------------------+
| 2021-04-19 06:57:10 |
+---------------------+
1 row in set (0.00 sec)

mysql> 
mysql> mysql \. C:\workspace\cloud\code\sql\_DailyScript\telemetry_vod_ranking2021_1.sql
Query OK, 0 rows affected (0.01 sec)

Query OK, 11698 rows affected (0.26 sec)
Records: 11698  Duplicates: 0  Warnings: 0

mysql> mysql \. C:\workspace\cloud\code\sql\_DailyScript\currenttime.sql
+---------------------+
| currenttime         |
+---------------------+
| 2021-04-19 06:57:11 |
+---------------------+
1 row in set (0.00 sec)

mysql> 
mysql> mysql \. C:\workspace\cloud\code\sql\_DailyScript\telemetry_vod_ranking2021_2.sql
Query OK, 0 rows affected (0.01 sec)

Query OK, 11698 rows affected (0.25 sec)
Records: 11698  Duplicates: 0  Warnings: 0

mysql> mysql \. C:\workspace\cloud\code\sql\_DailyScript\currenttime.sql
+---------------------+
| currenttime         |
+---------------------+
| 2021-04-19 06:57:11 |
+---------------------+
1 row in set (0.00 sec)

mysql> 
mysql> 
mysql> 
mysql> 
mysql> mysql \. C:\workspace\cloud\code\sql\_DailyScript\ticket_analysis.sql
Database changed
Query OK, 0 rows affected (0.03 sec)

Query OK, 794336 rows affected (25.18 sec)
Records: 794336  Duplicates: 0  Warnings: 0

Query OK, 0 rows affected (3.09 sec)
Records: 0  Duplicates: 0  Warnings: 0

Query OK, 0 rows affected (1.61 sec)
Records: 0  Duplicates: 0  Warnings: 0

Query OK, 0 rows affected (1.48 sec)
Records: 0  Duplicates: 0  Warnings: 0

Query OK, 0 rows affected (0.01 sec)

Query OK, 24819 rows affected (13.09 sec)
Records: 24819  Duplicates: 0  Warnings: 0

Query OK, 0 rows affected, 1 warning (0.00 sec)

Query OK, 114803 rows affected (7.83 sec)
Records: 114803  Duplicates: 0  Warnings: 0

Query OK, 0 rows affected, 1 warning (0.00 sec)

Query OK, 584594 rows affected (15.70 sec)
Records: 584594  Duplicates: 0  Warnings: 0

Query OK, 0 rows affected, 1 warning (0.00 sec)

Query OK, 584594 rows affected (15.69 sec)
Records: 584594  Duplicates: 0  Warnings: 0

Query OK, 0 rows affected (0.01 sec)

Query OK, 114912 rows affected (3.93 sec)
Records: 114912  Duplicates: 0  Warnings: 0

Database changed
Query OK, 0 rows affected (0.00 sec)

Query OK, 0 rows affected (0.05 sec)

Query OK, 794336 rows affected (25.19 sec)
Records: 794336  Duplicates: 0  Warnings: 0

Query OK, 0 rows affected (0.01 sec)

Query OK, 406315 rows affected (16.45 sec)
Records: 406315  Duplicates: 0  Warnings: 0

+--------------------------+
| clientticket_cmmtjourney |
+--------------------------+
|                   794336 |
+--------------------------+
1 row in set (1.08 sec)

+---------------------------+
| clientticket_assgnjourney |
+---------------------------+
|                    406315 |
+---------------------------+
1 row in set (0.19 sec)

Query OK, 0 rows affected (0.01 sec)

Query OK, 86 rows affected (0.12 sec)
Records: 86  Duplicates: 0  Warnings: 0

mysql> mysql \. C:\workspace\cloud\code\sql\_DailyScript\currenttime.sql
+---------------------+
| currenttime         |
+---------------------+
| 2021-04-19 06:59:22 |
+---------------------+
1 row in set (0.00 sec)

mysql> 
mysql> mysql \. C:\workspace\cloud\code\sql\_DailyScript\load_DailyCalls.sql
Database changed
Query OK, 360 rows affected (0.12 sec)
Records: 360  Deleted: 0  Skipped: 0  Warnings: 0

Query OK, 0 rows affected, 1 warning (0.00 sec)

Query OK, 359 rows affected (0.04 sec)
Records: 359  Duplicates: 0  Warnings: 0

Query OK, 0 rows affected, 1 warning (0.00 sec)

Query OK, 69154 rows affected (0.49 sec)
Records: 69154  Duplicates: 0  Warnings: 0

+----------------------+
| callingclientsbefore |
+----------------------+
|              1169336 |
+----------------------+
1 row in set (0.44 sec)

Query OK, 488 rows affected (7.47 sec)
Records: 488  Duplicates: 0  Warnings: 0

+---------------------+
| callingclientsafter |
+---------------------+
|             1169824 |
+---------------------+
1 row in set (0.31 sec)

Query OK, 0 rows affected (0.01 sec)

Query OK, 233 rows affected (3.35 sec)
Records: 233  Duplicates: 0  Warnings: 0

Query OK, 0 rows affected (0.00 sec)

Query OK, 22887 rows affected (3.71 sec)
Records: 22887  Duplicates: 0  Warnings: 0

+-----------+
| callstats |
+-----------+
|     22887 |
+-----------+
1 row in set (0.01 sec)

Query OK, 0 rows affected, 1 warning (0.00 sec)

Query OK, 488 rows affected (2.19 sec)
Records: 488  Duplicates: 0  Warnings: 0

+------------------------+
| rep_cccallreportbefore |
+------------------------+
|                1170805 |
+------------------------+
1 row in set (0.32 sec)

Query OK, 488 rows affected (0.14 sec)
Records: 488  Duplicates: 0  Warnings: 0

+-----------------------+
| rep_cccallreportafter |
+-----------------------+
|               1171293 |
+-----------------------+
1 row in set (0.31 sec)

Query OK, 0 rows affected (0.00 sec)

mysql> mysql \. C:\workspace\cloud\code\sql\_DailyScript\currenttime.sql
+---------------------+
| currenttime         |
+---------------------+
| 2021-04-19 06:59:41 |
+---------------------+
1 row in set (0.00 sec)

mysql> 
mysql> mysql \. C:\workspace\cloud\code\sql\_DailyScript\DAILY-SCRIPT-USAGE.sql
Database changed
Query OK, 0 rows affected (0.00 sec)

Query OK, 4165 rows affected, 12105 warnings (0.67 sec)
Records: 4165  Deleted: 0  Skipped: 0  Warnings: 12105

Query OK, 0 rows affected (0.00 sec)

Query OK, 6245 rows affected, 18104 warnings (0.73 sec)
Records: 6245  Deleted: 0  Skipped: 0  Warnings: 18104

Query OK, 0 rows affected (0.00 sec)

Query OK, 309 rows affected, 1092 warnings (0.04 sec)
Records: 309  Deleted: 0  Skipped: 0  Warnings: 1092

Query OK, 0 rows affected (0.00 sec)

Query OK, 155 rows affected, 546 warnings (0.04 sec)
Records: 155  Deleted: 0  Skipped: 0  Warnings: 546

+------------+
| dailyusage |
+------------+
|   17232037 |
+------------+
1 row in set (6.18 sec)

+------------+------------+------------+---------+
| datestart  | dateend    | insertedon | records |
+------------+------------+------------+---------+
| 2021-04-18 | 2021-04-18 | 2021-04-19 |   10874 |
| 2021-04-17 | 2021-04-17 | 2021-04-19 |   11473 |
| 2021-04-16 | 2021-04-16 | 2021-04-17 |   10620 |
| 2021-04-15 | 2021-04-15 | 2021-04-16 |   14513 |
| 2021-04-14 | 2021-04-14 | 2021-04-15 |     174 |
+------------+------------+------------+---------+
5 rows in set (16.99 sec)

+----------+------------+------------+------------+---------+
| category | datestart  | dateend    | insertedon | records |
+----------+------------+------------+------------+---------+
| UNCAPPED | 2021-04-18 | 2021-04-18 | 2021-04-19 |    6245 |
| PREPAID  | 2021-04-18 | 2021-04-18 | 2021-04-19 |     309 |
| HOTSPOT  | 2021-04-18 | 2021-04-18 | 2021-04-19 |     155 |
| CAPPED   | 2021-04-18 | 2021-04-18 | 2021-04-19 |    4165 |
| UNCAPPED | 2021-04-17 | 2021-04-17 | 2021-04-19 |    6657 |
| PREPAID  | 2021-04-17 | 2021-04-17 | 2021-04-19 |     295 |
| HOTSPOT  | 2021-04-17 | 2021-04-17 | 2021-04-19 |     157 |
| CAPPED   | 2021-04-17 | 2021-04-17 | 2021-04-19 |    4364 |
| UNCAPPED | 2021-04-16 | 2021-04-16 | 2021-04-17 |    6043 |
| PREPAID  | 2021-04-16 | 2021-04-16 | 2021-04-17 |     311 |
| HOTSPOT  | 2021-04-16 | 2021-04-16 | 2021-04-17 |     172 |
| CAPPED   | 2021-04-16 | 2021-04-16 | 2021-04-17 |    4094 |
| UNCAPPED | 2021-04-15 | 2021-04-15 | 2021-04-16 |    8677 |
| PREPAID  | 2021-04-15 | 2021-04-15 | 2021-04-16 |     276 |
| HOTSPOT  | 2021-04-15 | 2021-04-15 | 2021-04-16 |     138 |
| CAPPED   | 2021-04-15 | 2021-04-15 | 2021-04-16 |    5422 |
| PREPAID  | 2021-04-14 | 2021-04-14 | 2021-04-15 |     120 |
| HOTSPOT  | 2021-04-14 | 2021-04-14 | 2021-04-15 |      50 |
| CAPPED   | 2021-04-14 | 2021-04-14 | 2021-04-15 |       4 |
| UNCAPPED | 2021-04-13 | 2021-04-13 | 2021-04-14 |    6013 |
+----------+------------+------------+------------+---------+
20 rows in set (24.52 sec)

mysql> mysql \. C:\workspace\cloud\code\sql\_DailyScript\currenttime.sql
+---------------------+
| currenttime         |
+---------------------+
| 2021-04-19 07:00:30 |
+---------------------+
1 row in set (0.00 sec)

mysql> 
mysql> mysql \. C:\workspace\cloud\code\sql\_DailyScript\DAILY-SCRIPT-SALES-TELEMETRY.sql
Database changed
Query OK, 24 rows affected, 8 warnings (0.03 sec)
Records: 24  Deleted: 0  Skipped: 0  Warnings: 8

+------------+
| dailysales |
+------------+
|     230043 |
+------------+
1 row in set (0.20 sec)

Query OK, 0 rows affected (0.01 sec)

Query OK, 230043 rows affected (15.62 sec)
Records: 230043  Duplicates: 0  Warnings: 0

+--------+
| sales  |
+--------+
| 230043 |
+--------+
1 row in set (0.10 sec)

Query OK, 0 rows affected (0.00 sec)

Query OK, 3787 rows affected (0.37 sec)
Records: 3787  Duplicates: 0  Warnings: 0

+----------------+
| rep_dailysales |
+----------------+
|           3787 |
+----------------+
1 row in set (0.00 sec)

Query OK, 0 rows affected (0.00 sec)

Query OK, 3787 rows affected (0.56 sec)
Records: 3787  Duplicates: 0  Warnings: 0

+-------------------+
| rep_dailysalesreg |
+-------------------+
|              3787 |
+-------------------+
1 row in set (0.00 sec)

Query OK, 0 rows affected (0.02 sec)

Query OK, 2907 rows affected (0.71 sec)
Records: 2907  Duplicates: 0  Warnings: 0

+-----------+
| saleslist |
+-----------+
|      2907 |
+-----------+
1 row in set (0.00 sec)

Database changed
ERROR 2 (HY000): File 'C:\ProgramData\MySQL\MySQL Server 5.7\Uploads\_csv\PrepaidCardSales-18042021-P1.csv' not found (Errcode: 2 - No such file or directory)
+------------------+
| dailysinglesales |
+------------------+
|             6497 |
+------------------+
1 row in set (0.01 sec)

Database changed
Query OK, 15 rows affected (0.05 sec)
Records: 15  Deleted: 0  Skipped: 0  Warnings: 0

+-----------------+
| dailyaddonsales |
+-----------------+
|           23051 |
+-----------------+
1 row in set (0.04 sec)

Query OK, 155 rows affected (0.05 sec)
Records: 155  Deleted: 0  Skipped: 0  Warnings: 0

+----------------+
| onlinepayments |
+----------------+
|         178560 |
+----------------+
1 row in set (0.09 sec)

+-------------+----------------+---------------------+
| paymentdate | onlinepayments | onlinepaymentamount |
+-------------+----------------+---------------------+
| 2021-04-18  |            155 |         92343.25000 |
| 2021-04-17  |            169 |        111073.16000 |
| 2021-04-16  |            182 |        114409.40000 |
| 2021-04-15  |            182 |        120007.25000 |
| 2021-04-14  |            138 |         97475.60000 |
+-------------+----------------+---------------------+
5 rows in set (0.49 sec)

+-------------+--------------+----------------+---------------------+
| paymentyear | paymentmonth | onlinepayments | onlinepaymentamount |
+-------------+--------------+----------------+---------------------+
|        2021 |            4 |           4427 |       2869239.27000 |
|        2021 |            3 |           9164 |       5894594.15000 |
|        2021 |            2 |           8581 |       5454096.95000 |
|        2021 |            1 |           9124 |       5808374.04000 |
|        2021 |         NULL |          31296 |      20026304.41000 |
+-------------+--------------+----------------+---------------------+
5 rows in set (0.17 sec)

mysql> mysql \. C:\workspace\cloud\code\sql\_DailyScript\currenttime.sql
+---------------------+
| currenttime         |
+---------------------+
| 2021-04-19 07:00:49 |
+---------------------+
1 row in set (0.00 sec)

mysql> 
mysql> mysql \. C:\workspace\cloud\code\sql\_DailyScript\DAILY-SCRIPT-ACTIVENUMBERS.sql
Database changed
Query OK, 1143 rows affected (0.49 sec)
Records: 1143  Deleted: 0  Skipped: 0  Warnings: 0

+------------+----------+
| period     | count(1) |
+------------+----------+
| 2021-04-18 |     1143 |
| 2021-04-17 |     1143 |
| 2021-04-16 |     1143 |
| 2021-04-15 |     1143 |
| 2021-04-14 |     1143 |
+------------+----------+
5 rows in set (0.01 sec)

Query OK, 0 rows affected (0.00 sec)

Query OK, 78 rows affected (1.45 sec)
Records: 78  Duplicates: 0  Warnings: 0

+-------------+
| packagelist |
+-------------+
|          78 |
+-------------+
1 row in set (0.00 sec)

Database changed
Query OK, 0 rows affected (0.00 sec)

Query OK, 0 rows affected (0.00 sec)

Query OK, 0 rows affected (0.00 sec)

Query OK, 0 rows affected (0.00 sec)

Query OK, 28558 rows affected, 201 warnings (12.58 sec)
Records: 28558  Deleted: 0  Skipped: 0  Warnings: 201

+------------+----------+
| period     | count(1) |
+------------+----------+
| 2021-04-18 |    28558 |
| 2021-04-17 |    28681 |
| 2021-04-16 |    28704 |
| 2021-04-15 |    28706 |
| 2021-04-14 |    28688 |
+------------+----------+
5 rows in set (0.10 sec)

Query OK, 0 rows affected (0.01 sec)

Query OK, 27991 rows affected (45.54 sec)
Records: 27991  Duplicates: 0  Warnings: 0

Query OK, 0 rows affected (0.11 sec)
Records: 0  Duplicates: 0  Warnings: 0

Query OK, 0 rows affected (0.10 sec)
Records: 0  Duplicates: 0  Warnings: 0

Query OK, 0 rows affected (0.10 sec)
Records: 0  Duplicates: 0  Warnings: 0

Query OK, 0 rows affected (0.08 sec)
Records: 0  Duplicates: 0  Warnings: 0

Query OK, 0 rows affected (0.07 sec)
Records: 0  Duplicates: 0  Warnings: 0

Query OK, 0 rows affected (0.09 sec)
Records: 0  Duplicates: 0  Warnings: 0

+-------------+
| countbefore |
+-------------+
|    45081440 |
+-------------+
1 row in set (12.75 sec)

Query OK, 27991 rows affected (1.78 sec)
Records: 27991  Duplicates: 0  Warnings: 0

+------------+
| countafter |
+------------+
|   45109431 |
+------------+
1 row in set (13.60 sec)

+------------+--------------------------+
| period     | customercontractactivity |
+------------+--------------------------+
| 2021-04-18 |                    27991 |
| 2021-04-17 |                    28114 |
| 2021-04-16 |                    28137 |
| 2021-04-15 |                    28140 |
| 2021-04-14 |                    28121 |
+------------+--------------------------+
5 rows in set (0.06 sec)

Query OK, 0 rows affected (0.01 sec)

Query OK, 300194 rows affected (7 min 52.41 sec)
Records: 300194  Duplicates: 0  Warnings: 0

Query OK, 0 rows affected (1.00 sec)
Records: 0  Duplicates: 0  Warnings: 0

Query OK, 0 rows affected (1.15 sec)
Records: 0  Duplicates: 0  Warnings: 0

Query OK, 0 rows affected (1.12 sec)
Records: 0  Duplicates: 0  Warnings: 0

Query OK, 0 rows affected (0.00 sec)

Query OK, 233 rows affected (0.47 sec)
Records: 233  Duplicates: 0  Warnings: 0

Query OK, 0 rows affected (0.00 sec)

Query OK, 2733 rows affected (0.65 sec)
Records: 2733  Duplicates: 0  Warnings: 0

Query OK, 0 rows affected (0.01 sec)

Query OK, 27968 rows affected (0.59 sec)
Records: 27968  Duplicates: 0  Warnings: 0

Query OK, 0 rows affected (0.01 sec)

Query OK, 17180 rows affected (0.38 sec)
Records: 17180  Duplicates: 0  Warnings: 0

Query OK, 0 rows affected (0.01 sec)

Query OK, 17180 rows affected (0.13 sec)
Records: 17180  Duplicates: 0  Warnings: 0

Query OK, 0 rows affected (0.00 sec)

Query OK, 17180 rows affected (1.16 sec)
Records: 17180  Duplicates: 0  Warnings: 0

Query OK, 0 rows affected (0.00 sec)

Query OK, 17180 rows affected (43.59 sec)
Records: 17180  Duplicates: 0  Warnings: 0

+-------------+
| clientstats |
+-------------+
|       17180 |
+-------------+
1 row in set (0.01 sec)

Query OK, 0 rows affected (0.00 sec)

Query OK, 13 rows affected, 1 warning (0.11 sec)
Records: 13  Duplicates: 0  Warnings: 1

+-----------------------+-------------+-------------+----------------+-----------------+
| services              | activecount | allaccounts | uniqueaccounts | uniquecontracts |
+-----------------------+-------------+-------------+----------------+-----------------+
| All                   |         375 |          63 |             63 |             201 |
| Internet & OTT        |           2 |           1 |              1 |               1 |
| Internet & Voice      |         338 |         150 |            150 |             294 |
| Internet Only         |        4351 |        4234 |           4229 |            4277 |
| OTT Only              |           1 |           1 |              1 |               1 |
| TV & Internet         |        9798 |        4398 |           4391 |            8973 |
| TV & Internet & OTT   |        3642 |         934 |            932 |            1935 |
| TV & Internet & Voice |         510 |         145 |            145 |             446 |
| TV & OTT              |         547 |          83 |             81 |             104 |
| TV & Voice            |          81 |          37 |             37 |              75 |
| TV Only               |        8933 |        7017 |           7009 |            7207 |
| Voice Only            |         120 |         117 |            117 |             120 |
| GRAND TOTAL           |       28698 |       17180 |          17118 |           23634 |
+-----------------------+-------------+-------------+----------------+-----------------+
13 rows in set (0.00 sec)

+-------------+-------------+-------------+----------------+-----------------+
| network     | activecount | allaccounts | uniqueaccounts | uniquecontracts |
+-------------+-------------+-------------+----------------+-----------------+
| GPON        |       11377 |        5666 |           5663 |            8938 |
| HFC         |       17321 |       11514 |          11514 |           14696 |
| GRAND TOTAL |       28698 |       17180 |          17118 |           23634 |
+-------------+-------------+-------------+----------------+-----------------+
3 rows in set, 1 warning (0.13 sec)

+-------------+-----------------------+-------------+-------------+----------------+-----------------+
| network     | services              | activecount | allaccounts | uniqueaccounts | uniquecontracts |
+-------------+-----------------------+-------------+-------------+----------------+-----------------+
| GPON        | All                   |         243 |          43 |             43 |             135 |
| GPON        | Internet & Voice      |          82 |          34 |             34 |              72 |
| GPON        | Internet Only         |        1375 |        1278 |           1278 |            1304 |
| GPON        | TV & Internet         |        4746 |        2089 |           2089 |            4301 |
| GPON        | TV & Internet & OTT   |        2380 |         604 |            604 |            1259 |
| GPON        | TV & Internet & Voice |         246 |          64 |             64 |             200 |
| GPON        | TV & OTT              |         316 |          46 |             46 |              57 |
| GPON        | TV & Voice            |          55 |          25 |             25 |              51 |
| GPON        | TV Only               |        1922 |        1472 |           1472 |            1547 |
| GPON        | Voice Only            |          12 |          11 |             11 |              12 |
| GPON        | Services Total        |       11377 |        5666 |           5663 |            8938 |
| HFC         | All                   |         132 |          20 |             20 |              66 |
| HFC         | Internet & OTT        |           2 |           1 |              1 |               1 |
| HFC         | Internet & Voice      |         256 |         116 |            116 |             222 |
| HFC         | Internet Only         |        2976 |        2956 |           2956 |            2973 |
| HFC         | OTT Only              |           1 |           1 |              1 |               1 |
| HFC         | TV & Internet         |        5052 |        2309 |           2309 |            4672 |
| HFC         | TV & Internet & OTT   |        1262 |         330 |            330 |             676 |
| HFC         | TV & Internet & Voice |         264 |          81 |             81 |             246 |
| HFC         | TV & OTT              |         231 |          37 |             37 |              47 |
| HFC         | TV & Voice            |          26 |          12 |             12 |              24 |
| HFC         | TV Only               |        7011 |        5545 |           5545 |            5660 |
| HFC         | Voice Only            |         108 |         106 |            106 |             108 |
| HFC         | Services Total        |       17321 |       11514 |          11514 |           14696 |
| GRAND TOTAL | Services Total        |       28698 |       17180 |          17118 |           23634 |
+-------------+-----------------------+-------------+-------------+----------------+-----------------+
25 rows in set, 2 warnings (0.14 sec)

Query OK, 0 rows affected (0.01 sec)

Query OK, 44 rows affected, 3 warnings (0.20 sec)
Records: 44  Duplicates: 0  Warnings: 3

+-------------+---------------+-----------------------+-------------+-------------+----------------+-----------------+
| region      | network       | services              | activecount | allaccounts | uniqueaccounts | uniquecontracts |
+-------------+---------------+-----------------------+-------------+-------------+----------------+-----------------+
| Eden Island | GPON          | TV & Internet         |           2 |           1 |              1 |               2 |
| Eden Island | GPON          | Services Total        |           2 |           1 |              1 |               2 |
| Eden Island | Network Total | Services Total        |           2 |           1 |              1 |               2 |
| Mahe        | GPON          | All                   |         212 |          38 |             38 |             120 |
| Mahe        | GPON          | Internet & Voice      |          70 |          28 |             28 |              60 |
| Mahe        | GPON          | Internet Only         |        1140 |        1043 |           1043 |            1069 |
| Mahe        | GPON          | TV & Internet         |        3910 |        1718 |           1718 |            3536 |
| Mahe        | GPON          | TV & Internet & OTT   |        1989 |         495 |            495 |            1036 |
| Mahe        | GPON          | TV & Internet & Voice |         236 |          61 |             61 |             190 |
| Mahe        | GPON          | TV & OTT              |         290 |          36 |             36 |              47 |
| Mahe        | GPON          | TV & Voice            |          53 |          24 |             24 |              49 |
| Mahe        | GPON          | TV Only               |        1562 |        1188 |           1188 |            1246 |
| Mahe        | GPON          | Voice Only            |          12 |          11 |             11 |              12 |
| Mahe        | GPON          | Services Total        |        9474 |        4642 |           4642 |            7365 |
| Mahe        | HFC           | All                   |         132 |          20 |             20 |              66 |
| Mahe        | HFC           | Internet & OTT        |           2 |           1 |              1 |               1 |
| Mahe        | HFC           | Internet & Voice      |         256 |         116 |            116 |             222 |
| Mahe        | HFC           | Internet Only         |        2975 |        2955 |           2955 |            2972 |
| Mahe        | HFC           | OTT Only              |           1 |           1 |              1 |               1 |
| Mahe        | HFC           | TV & Internet         |        5050 |        2308 |           2308 |            4670 |
| Mahe        | HFC           | TV & Internet & OTT   |        1262 |         330 |            330 |             676 |
| Mahe        | HFC           | TV & Internet & Voice |         264 |          81 |             81 |             246 |
| Mahe        | HFC           | TV & OTT              |         231 |          37 |             37 |              47 |
| Mahe        | HFC           | TV & Voice            |          26 |          12 |             12 |              24 |
| Mahe        | HFC           | TV Only               |        7008 |        5543 |           5543 |            5658 |
| Mahe        | HFC           | Voice Only            |         108 |         106 |            106 |             108 |
| Mahe        | HFC           | Services Total        |       17315 |       11510 |          11510 |           14691 |
| Mahe        | Network Total | Services Total        |       26789 |       16152 |          16093 |           22056 |
| Praslin     | GPON          | All                   |          31 |           5 |              5 |              15 |
| Praslin     | GPON          | Internet & Voice      |          12 |           6 |              6 |              12 |
| Praslin     | GPON          | Internet Only         |         235 |         235 |            235 |             235 |
| Praslin     | GPON          | TV & Internet         |         834 |         370 |            370 |             763 |
| Praslin     | GPON          | TV & Internet & OTT   |         391 |         109 |            109 |             223 |
| Praslin     | GPON          | TV & Internet & Voice |          10 |           3 |              3 |              10 |
| Praslin     | GPON          | TV & OTT              |          26 |          10 |             10 |              10 |
| Praslin     | GPON          | TV & Voice            |           2 |           1 |              1 |               2 |
| Praslin     | GPON          | TV Only               |         360 |         284 |            284 |             301 |
| Praslin     | GPON          | Services Total        |        1901 |        1023 |           1023 |            1571 |
| Praslin     | HFC           | Internet Only         |           1 |           1 |              1 |               1 |
| Praslin     | HFC           | TV & Internet         |           2 |           1 |              1 |               2 |
| Praslin     | HFC           | TV Only               |           3 |           2 |              2 |               2 |
| Praslin     | HFC           | Services Total        |           6 |           4 |              4 |               5 |
| Praslin     | Network Total | Services Total        |        1907 |        1027 |           1027 |            1576 |
| GRAND TOTAL | Network Total | Services Total        |       28698 |       17180 |          17118 |           23634 |
+-------------+---------------+-----------------------+-------------+-------------+----------------+-----------------+
44 rows in set (0.00 sec)

Query OK, 0 rows affected (0.00 sec)

Query OK, 27969 rows affected (0.42 sec)
Records: 27969  Duplicates: 0  Warnings: 0

Query OK, 0 rows affected (0.01 sec)

Query OK, 2269 rows affected (0.67 sec)
Records: 2269  Duplicates: 0  Warnings: 0

+--------------------------------------+
| message                              |
+--------------------------------------+
| running rcbill_my.sp_ActiveNumber2() |
+--------------------------------------+
1 row in set (0.00 sec)

Query OK, 365 rows affected (1 min 47.45 sec)

mysql> mysql \. C:\workspace\cloud\code\sql\_DailyScript\currenttime.sql
+---------------------+
| currenttime         |
+---------------------+
| 2021-04-19 07:12:50 |
+---------------------+
1 row in set (0.00 sec)

mysql> 
mysql> mysql \. C:\workspace\cloud\code\sql\_DailyScript\GetActiveNumbers Average -Pivot.sql
Database changed
+-------------------------------------+
| @today := subdate(current_date(),1) |
+-------------------------------------+
| 2021-04-18                          |
+-------------------------------------+
1 row in set (0.00 sec)

+-------------------------------------+
| @lastdayofmonth := last_day(@today) |
+-------------------------------------+
| 2021-04-30                          |
+-------------------------------------+
1 row in set (0.00 sec)

Query OK, 0 rows affected (0.01 sec)

Query OK, 46946 rows affected, 65535 warnings (1 min 0.06 sec)
Records: 46946  Duplicates: 0  Warnings: 96463

Query OK, 0 rows affected (0.12 sec)
Records: 0  Duplicates: 0  Warnings: 0

Query OK, 0 rows affected (0.12 sec)
Records: 0  Duplicates: 0  Warnings: 0

Query OK, 0 rows affected (0.13 sec)
Records: 0  Duplicates: 0  Warnings: 0

+-----------------+
| activenumberavg |
+-----------------+
|           46946 |
+-----------------+
1 row in set (0.01 sec)

Query OK, 0 rows affected (0.01 sec)

Query OK, 1959 rows affected (0.55 sec)
Records: 1959  Duplicates: 0  Warnings: 0

+---------------------+
| rep_activenumberavg |
+---------------------+
|                1959 |
+---------------------+
1 row in set (0.00 sec)

+----------------------+
| rep_activenumberavg1 |
+----------------------+
|                  915 |
+----------------------+
1 row in set (0.00 sec)

Query OK, 0 rows affected (0.01 sec)

Query OK, 2466 rows affected (0.44 sec)
Records: 2466  Duplicates: 0  Warnings: 0

Query OK, 0 rows affected (0.01 sec)

Query OK, 12691 rows affected (0.79 sec)
Records: 12691  Duplicates: 0  Warnings: 0

Query OK, 0 rows affected (0.00 sec)

Query OK, 0 rows affected (0.01 sec)

Query OK, 0 rows affected (0.01 sec)

Query OK, 0 rows affected (0.00 sec)

Query OK, 0 rows affected (0.00 sec)
Statement prepared

Query OK, 53 rows affected (0.05 sec)
Records: 53  Duplicates: 0  Warnings: 0

Query OK, 0 rows affected (0.00 sec)

Query OK, 0 rows affected (0.00 sec)

+----------------------+
| rep_activenumberavg2 |
+----------------------+
|                 2466 |
+----------------------+
1 row in set (0.00 sec)

+------------------------+
| rep_activenumberavg_pv |
+------------------------+
|                     53 |
+------------------------+
1 row in set (0.00 sec)

Query OK, 0 rows affected (0.00 sec)

Query OK, 2465 rows affected (0.36 sec)
Records: 2465  Duplicates: 0  Warnings: 0

Query OK, 0 rows affected (0.00 sec)

Query OK, 0 rows affected (0.01 sec)

Query OK, 0 rows affected (0.01 sec)

Query OK, 0 rows affected (0.00 sec)

Query OK, 0 rows affected (0.00 sec)
Statement prepared

Query OK, 53 rows affected (0.05 sec)
Records: 53  Duplicates: 0  Warnings: 0

Query OK, 0 rows affected (0.00 sec)

Query OK, 0 rows affected (0.00 sec)

+-------------------------+
| rep_activenumberavgMahe |
+-------------------------+
|                    2465 |
+-------------------------+
1 row in set (0.00 sec)

+----------------------------+
| rep_activenumberavgMahe_pv |
+----------------------------+
|                         53 |
+----------------------------+
1 row in set (0.00 sec)

Query OK, 0 rows affected (0.00 sec)

Query OK, 1561 rows affected (0.16 sec)
Records: 1561  Duplicates: 0  Warnings: 0

Query OK, 0 rows affected (0.00 sec)

Query OK, 0 rows affected (0.00 sec)

Query OK, 0 rows affected (0.00 sec)

Query OK, 0 rows affected (0.00 sec)

Query OK, 0 rows affected (0.00 sec)
Statement prepared

Query OK, 40 rows affected (0.04 sec)
Records: 40  Duplicates: 0  Warnings: 0

Query OK, 0 rows affected (0.00 sec)

Query OK, 0 rows affected (0.00 sec)

+----------------------------+
| rep_activenumberavgPraslin |
+----------------------------+
|                       1561 |
+----------------------------+
1 row in set (0.00 sec)

+-------------------------------+
| rep_activenumberavgPraslin_pv |
+-------------------------------+
|                            40 |
+-------------------------------+
1 row in set (0.00 sec)

mysql> mysql \. C:\workspace\cloud\code\sql\_DailyScript\currenttime.sql
+---------------------+
| currenttime         |
+---------------------+
| 2021-04-19 07:13:53 |
+---------------------+
1 row in set (0.00 sec)

mysql> 
mysql> mysql \. C:\workspace\cloud\code\sql\_DailyScript\budget_actual_analysis_2021.sql
Query OK, 0 rows affected (0.01 sec)

Query OK, 716 rows affected, 3 warnings (0.11 sec)
Records: 716  Duplicates: 0  Warnings: 3

+--------------------+
| budget_actual_2021 |
+--------------------+
|                716 |
+--------------------+
1 row in set (0.00 sec)

Query OK, 0 rows affected (0.01 sec)

Query OK, 47 rows affected (0.04 sec)
Records: 47  Duplicates: 0  Warnings: 0

+---------------------------+
| rep_budget_actual_2021_pv |
+---------------------------+
|                        47 |
+---------------------------+
1 row in set (0.00 sec)

mysql> mysql \. C:\workspace\cloud\code\sql\_DailyScript\currenttime.sql
+---------------------+
| currenttime         |
+---------------------+
| 2021-04-19 07:13:53 |
+---------------------+
1 row in set (0.00 sec)

mysql> 
mysql> mysql \. C:\workspace\cloud\code\sql\_DailyScript\reports-sales-addons-prepaid-camera.sql
Database changed
Query OK, 0 rows affected (0.01 sec)

Query OK, 4274 rows affected (0.19 sec)
Records: 4274  Duplicates: 0  Warnings: 0

Query OK, 0 rows affected (0.01 sec)

Query OK, 23095 rows affected (5.37 sec)
Records: 23095  Duplicates: 0  Warnings: 0

+--------------------+
| rep_prepaid_camera |
+--------------------+
|               4274 |
+--------------------+
1 row in set (0.00 sec)

+-----------+
| rep_addon |
+-----------+
|     23095 |
+-----------+
1 row in set (0.01 sec)

mysql> mysql \. C:\workspace\cloud\code\sql\_DailyScript\currenttime.sql
+---------------------+
| currenttime         |
+---------------------+
| 2021-04-19 07:13:58 |
+---------------------+
1 row in set (0.00 sec)

mysql> 
