    -> 
    -> mysql \. C:\workspace\cloud\code\sql\_DailyScript\_setdates.sql
Database changed
Query OK, 0 rows affected (0.00 sec)

Query OK, 0 rows affected (0.00 sec)

Query OK, 0 rows affected (0.00 sec)

Query OK, 0 rows affected (0.00 sec)

Query OK, 0 rows affected (0.00 sec)

Query OK, 0 rows affected (0.00 sec)

Query OK, 0 rows affected (0.00 sec)

Query OK, 0 rows affected (0.00 sec)

Query OK, 0 rows affected (0.00 sec)

Query OK, 0 rows affected (0.00 sec)

Query OK, 0 rows affected (0.00 sec)

Query OK, 0 rows affected (0.00 sec)

Query OK, 0 rows affected (0.00 sec)

Query OK, 0 rows affected (0.00 sec)

Query OK, 0 rows affected (0.00 sec)

Query OK, 0 rows affected (0.00 sec)

Query OK, 0 rows affected (0.00 sec)

Query OK, 0 rows affected (0.00 sec)

Query OK, 0 rows affected (0.00 sec)

Query OK, 0 rows affected (0.00 sec)

Query OK, 0 rows affected (0.00 sec)

mysql> mysql \. C:\workspace\cloud\code\sql\_DailyScript\currenttime.sql
+---------------------+
| currenttime         |
+---------------------+
| 2020-10-05 11:22:05 |
+---------------------+
1 row in set (0.00 sec)

mysql> 
mysql> mysql \. C:\workspace\cloud\code\sql\_DailyScript\load_RCB_VODTITLES.sql
Database changed
Query OK, 0 rows affected (0.00 sec)

Query OK, 12861 rows affected (0.14 sec)

Query OK, 12863 rows affected, 12863 warnings (0.30 sec)
Records: 12863  Deleted: 0  Skipped: 0  Warnings: 12863

Query OK, 0 rows affected (0.00 sec)

Query OK, 2 rows affected (0.01 sec)

+-----------+
| VODTITLES |
+-----------+
|     13321 |
+-----------+
1 row in set (0.00 sec)

+-----------+-----------+
| titletype | typecount |
+-----------+-----------+
| E         |     10505 |
| N         |       235 |
| T         |      2121 |
| NULL      |     12861 |
+-----------+-----------+
4 rows in set (0.04 sec)

mysql> mysql \. C:\workspace\cloud\code\sql\_DailyScript\currenttime.sql
+---------------------+
| currenttime         |
+---------------------+
| 2020-10-05 11:22:05 |
+---------------------+
1 row in set (0.00 sec)

mysql> 
mysql> mysql \. C:\workspace\cloud\code\sql\_DailyScript\DAILY-SCRIPT-LIVETV-STATS.sql
Database changed
Query OK, 0 rows affected (0.01 sec)

Query OK, 105570 rows affected (1.17 sec)
Records: 105570  Duplicates: 0  Warnings: 0

+------------+------------+----------+--------------+--------------+-----------+-------------+----------+--------+------+------------+---------+---------------+
| Table      | Non_unique | Key_name | Seq_in_index | Column_name  | Collation | Cardinality | Sub_part | Packed | Null | Index_type | Comment | Index_comment |
+------------+------------+----------+--------------+--------------+-----------+-------------+----------+--------+------+------------+---------+---------------+
| templivetv |          1 | idxtv1   |            1 | device       | A         |      105382 |     NULL | NULL   | YES  | BTREE      |         |               |
| templivetv |          1 | idxtv2   |            1 | sessionstart | A         |      105382 |     NULL | NULL   | YES  | BTREE      |         |               |
+------------+------------+----------+--------------+--------------+-----------+-------------+----------+--------+------+------------+---------+---------------+
2 rows in set (0.00 sec)

Query OK, 104430 rows affected (13.90 sec)
Records: 104430  Duplicates: 0  Warnings: 0

Query OK, 2829 rows affected (0.68 sec)
Records: 2829  Duplicates: 0  Warnings: 0

Query OK, 0 rows affected (0.00 sec)

Query OK, 0 rows affected (0.00 sec)

Query OK, 136 rows affected (0.04 sec)
Records: 136  Duplicates: 0  Warnings: 0

Query OK, 0 rows affected (0.01 sec)

Query OK, 37340 rows affected (1 min 55.95 sec)
Records: 37340  Duplicates: 0  Warnings: 0

+-----------------+
| rep_livetvstats |
+-----------------+
|           37340 |
+-----------------+
1 row in set (0.01 sec)

mysql> mysql \. C:\workspace\cloud\code\sql\_DailyScript\currenttime.sql
+---------------------+
| currenttime         |
+---------------------+
| 2020-10-05 11:24:17 |
+---------------------+
1 row in set (0.00 sec)

mysql> 
mysql> mysql \. C:\workspace\cloud\code\sql\_DailyScript\DAILY-SCRIPT-VODTS-STATS.sql
Database changed
Query OK, 0 rows affected (0.01 sec)

Query OK, 4848 rows affected (14.43 sec)
Records: 4848  Duplicates: 0  Warnings: 0

+---------+------------+----------+--------------+--------------+-----------+-------------+----------+--------+------+------------+---------+---------------+
| Table   | Non_unique | Key_name | Seq_in_index | Column_name  | Collation | Cardinality | Sub_part | Packed | Null | Index_type | Comment | Index_comment |
+---------+------------+----------+--------------+--------------+-----------+-------------+----------+--------+------+------------+---------+---------------+
| tempvod |          1 | idxtvod1 |            1 | device       | A         |        4992 |     NULL | NULL   | YES  | BTREE      |         |               |
| tempvod |          1 | idxtvod2 |            1 | sessionstart | A         |        4992 |     NULL | NULL   | YES  | BTREE      |         |               |
+---------+------------+----------+--------------+--------------+-----------+-------------+----------+--------+------+------------+---------+---------------+
2 rows in set (0.00 sec)

Query OK, 4798 rows affected (2.63 sec)
Records: 4798  Duplicates: 0  Warnings: 0

Query OK, 0 rows affected (0.01 sec)

Query OK, 830781 rows affected (1 min 5.93 sec)
Records: 830781  Duplicates: 0  Warnings: 0

+--------------+
| rep_vodstats |
+--------------+
|       830781 |
+--------------+
1 row in set (0.44 sec)

Database changed
Query OK, 0 rows affected (0.01 sec)

Query OK, 15259 rows affected (36.65 sec)
Records: 15259  Duplicates: 0  Warnings: 0

+--------+------------+----------+--------------+--------------+-----------+-------------+----------+--------+------+------------+---------+---------------+
| Table  | Non_unique | Key_name | Seq_in_index | Column_name  | Collation | Cardinality | Sub_part | Packed | Null | Index_type | Comment | Index_comment |
+--------+------------+----------+--------------+--------------+-----------+-------------+----------+--------+------+------------+---------+---------------+
| tempts |          1 | idxtts1  |            1 | device       | A         |       15458 |     NULL | NULL   | YES  | BTREE      |         |               |
| tempts |          1 | idxtts2  |            1 | sessionstart | A         |       15458 |     NULL | NULL   | YES  | BTREE      |         |               |
+--------+------------+----------+--------------+--------------+-----------+-------------+----------+--------+------+------------+---------+---------------+
2 rows in set (0.00 sec)

Query OK, 15003 rows affected (11.68 sec)
Records: 15003  Duplicates: 0  Warnings: 0

Query OK, 0 rows affected (0.01 sec)

Query OK, 39407 rows affected (35.56 sec)
Records: 39407  Duplicates: 0  Warnings: 0

+-------------+
| rep_tsstats |
+-------------+
|       39407 |
+-------------+
1 row in set (0.01 sec)

mysql> mysql \. C:\workspace\cloud\code\sql\_DailyScript\currenttime.sql
+---------------------+
| currenttime         |
+---------------------+
| 2020-10-05 11:27:04 |
+---------------------+
1 row in set (0.00 sec)

mysql> 
mysql> mysql \. C:\workspace\cloud\code\sql\_DailyScript\DAILY-SCRIPT-RADIO-STATS.sql
Database changed
Query OK, 0 rows affected (0.01 sec)

Query OK, 309306 rows affected (3.40 sec)
Records: 309306  Duplicates: 0  Warnings: 0

+-----------+------------+----------+--------------+--------------+-----------+-------------+----------+--------+------+------------+---------+---------------+
| Table     | Non_unique | Key_name | Seq_in_index | Column_name  | Collation | Cardinality | Sub_part | Packed | Null | Index_type | Comment | Index_comment |
+-----------+------------+----------+--------------+--------------+-----------+-------------+----------+--------+------+------------+---------+---------------+
| tempradio |          1 | idxtrad1 |            1 | device       | A         |      307382 |     NULL | NULL   | YES  | BTREE      |         |               |
| tempradio |          1 | idxtrad2 |            1 | sessionstart | A         |      307382 |     NULL | NULL   | YES  | BTREE      |         |               |
+-----------+------------+----------+--------------+--------------+-----------+-------------+----------+--------+------+------------+---------+---------------+
2 rows in set (0.00 sec)

Query OK, 453 rows affected (1.26 sec)
Records: 453  Duplicates: 0  Warnings: 0

Query OK, 0 rows affected (0.01 sec)

Query OK, 5298 rows affected (0.44 sec)
Records: 5298  Duplicates: 0  Warnings: 0

+----------------+
| rep_radiostats |
+----------------+
|           5298 |
+----------------+
1 row in set (0.01 sec)

mysql> mysql \. C:\workspace\cloud\code\sql\_DailyScript\currenttime.sql
+---------------------+
| currenttime         |
+---------------------+
| 2020-10-05 11:27:09 |
+---------------------+
1 row in set (0.00 sec)

mysql> 
mysql> mysql \. C:\workspace\cloud\code\sql\_DailyScript\DAILY_SCRIPT_TELEMETRY_PIVOT_2020.sql
Query OK, 0 rows affected (0.01 sec)

Query OK, 146 rows affected (0.17 sec)
Records: 146  Duplicates: 0  Warnings: 0

Query OK, 0 rows affected (0.01 sec)

Query OK, 10490 rows affected (2.44 sec)
Records: 10490  Duplicates: 0  Warnings: 0

Query OK, 0 rows affected (0.01 sec)

Query OK, 8 rows affected (0.02 sec)
Records: 8  Duplicates: 0  Warnings: 0

Query OK, 0 rows affected (0.00 sec)

Query OK, 47 rows affected (0.07 sec)
Records: 47  Duplicates: 0  Warnings: 0

mysql> mysql \. C:\workspace\cloud\code\sql\_DailyScript\currenttime.sql
+---------------------+
| currenttime         |
+---------------------+
| 2020-10-05 11:27:12 |
+---------------------+
1 row in set (0.00 sec)

mysql> 
mysql> mysql \. C:\workspace\cloud\code\sql\_DailyScript\telemetry_livetv_ranking2020.sql
Query OK, 0 rows affected (0.00 sec)

Query OK, 146 rows affected (0.02 sec)
Records: 146  Duplicates: 0  Warnings: 0

mysql> mysql \. C:\workspace\cloud\code\sql\_DailyScript\currenttime.sql
+---------------------+
| currenttime         |
+---------------------+
| 2020-10-05 11:27:12 |
+---------------------+
1 row in set (0.00 sec)

mysql> 
mysql> mysql \. C:\workspace\cloud\code\sql\_DailyScript\telemetry_radio_ranking2020.sql
Query OK, 0 rows affected (0.00 sec)

Query OK, 8 rows affected (0.01 sec)
Records: 8  Duplicates: 0  Warnings: 0

mysql> mysql \. C:\workspace\cloud\code\sql\_DailyScript\currenttime.sql
+---------------------+
| currenttime         |
+---------------------+
| 2020-10-05 11:27:12 |
+---------------------+
1 row in set (0.00 sec)

mysql> 
mysql> mysql \. C:\workspace\cloud\code\sql\_DailyScript\telemetry_ts_ranking2020.sql
Query OK, 0 rows affected (0.01 sec)

Query OK, 47 rows affected (0.03 sec)
Records: 47  Duplicates: 0  Warnings: 0

mysql> mysql \. C:\workspace\cloud\code\sql\_DailyScript\currenttime.sql
+---------------------+
| currenttime         |
+---------------------+
| 2020-10-05 11:27:12 |
+---------------------+
1 row in set (0.00 sec)

mysql> 
mysql> mysql \. C:\workspace\cloud\code\sql\_DailyScript\telemetry_vod_ranking2020.sql
Query OK, 0 rows affected (0.01 sec)

Query OK, 10490 rows affected (0.47 sec)
Records: 10490  Duplicates: 0  Warnings: 0

mysql> mysql \. C:\workspace\cloud\code\sql\_DailyScript\currenttime.sql
+---------------------+
| currenttime         |
+---------------------+
| 2020-10-05 11:27:13 |
+---------------------+
1 row in set (0.00 sec)

mysql> 
mysql> mysql \. C:\workspace\cloud\code\sql\_DailyScript\telemetry_vod_ranking2020_1.sql
Query OK, 0 rows affected (0.01 sec)

Query OK, 10490 rows affected (0.26 sec)
Records: 10490  Duplicates: 0  Warnings: 0

mysql> mysql \. C:\workspace\cloud\code\sql\_DailyScript\currenttime.sql
+---------------------+
| currenttime         |
+---------------------+
| 2020-10-05 11:27:13 |
+---------------------+
1 row in set (0.00 sec)

mysql> 
mysql> mysql \. C:\workspace\cloud\code\sql\_DailyScript\telemetry_vod_ranking2020_2.sql
Query OK, 0 rows affected (0.01 sec)

Query OK, 10490 rows affected (0.22 sec)
Records: 10490  Duplicates: 0  Warnings: 0

mysql> mysql \. C:\workspace\cloud\code\sql\_DailyScript\currenttime.sql
+---------------------+
| currenttime         |
+---------------------+
| 2020-10-05 11:27:13 |
+---------------------+
1 row in set (0.00 sec)

mysql> 
mysql> 
mysql> 
mysql> 
mysql> mysql \. C:\workspace\cloud\code\sql\_DailyScript\ticket_analysis.sql
Database changed
Query OK, 0 rows affected (0.04 sec)

Query OK, 691047 rows affected (25.46 sec)
Records: 691047  Duplicates: 0  Warnings: 0

Query OK, 0 rows affected (4.47 sec)
Records: 0  Duplicates: 0  Warnings: 0

Query OK, 0 rows affected (1.89 sec)
Records: 0  Duplicates: 0  Warnings: 0

Query OK, 0 rows affected (1.80 sec)
Records: 0  Duplicates: 0  Warnings: 0

Query OK, 0 rows affected (0.02 sec)

Query OK, 22306 rows affected (12.14 sec)
Records: 22306  Duplicates: 0  Warnings: 0

Query OK, 0 rows affected, 1 warning (0.00 sec)

Query OK, 98131 rows affected (7.03 sec)
Records: 98131  Duplicates: 0  Warnings: 0

Query OK, 0 rows affected, 1 warning (0.00 sec)

Query OK, 502332 rows affected (13.90 sec)
Records: 502332  Duplicates: 0  Warnings: 0

Query OK, 0 rows affected, 1 warning (0.00 sec)

Query OK, 502332 rows affected (13.96 sec)
Records: 502332  Duplicates: 0  Warnings: 0

Query OK, 0 rows affected (0.01 sec)

Query OK, 98217 rows affected (6.22 sec)
Records: 98217  Duplicates: 0  Warnings: 0

Database changed
Query OK, 0 rows affected (0.00 sec)

Query OK, 0 rows affected (0.02 sec)

Query OK, 691047 rows affected (22.67 sec)
Records: 691047  Duplicates: 0  Warnings: 0

Query OK, 0 rows affected (0.11 sec)

Query OK, 348931 rows affected (16.63 sec)
Records: 348931  Duplicates: 0  Warnings: 0

+--------------------------+
| clientticket_cmmtjourney |
+--------------------------+
|                   691047 |
+--------------------------+
1 row in set (2.18 sec)

+---------------------------+
| clientticket_assgnjourney |
+---------------------------+
|                    348931 |
+---------------------------+
1 row in set (0.38 sec)

Query OK, 0 rows affected (0.01 sec)

Query OK, 80 rows affected (0.08 sec)
Records: 80  Duplicates: 0  Warnings: 0

mysql> mysql \. C:\workspace\cloud\code\sql\_DailyScript\currenttime.sql
+---------------------+
| currenttime         |
+---------------------+
| 2020-10-05 11:29:22 |
+---------------------+
1 row in set (0.00 sec)

mysql> 
mysql> mysql \. C:\workspace\cloud\code\sql\_DailyScript\load_DailyCalls.sql
Database changed
Query OK, 322 rows affected (0.10 sec)
Records: 322  Deleted: 0  Skipped: 0  Warnings: 0

Query OK, 0 rows affected, 1 warning (0.00 sec)

Query OK, 311 rows affected (0.03 sec)
Records: 311  Duplicates: 0  Warnings: 0

Query OK, 0 rows affected, 1 warning (0.00 sec)

Query OK, 67779 rows affected (0.27 sec)
Records: 67779  Duplicates: 0  Warnings: 0

+----------------------+
| callingclientsbefore |
+----------------------+
|              1010703 |
+----------------------+
1 row in set (0.38 sec)

Query OK, 425 rows affected (6.43 sec)
Records: 425  Duplicates: 0  Warnings: 0

+---------------------+
| callingclientsafter |
+---------------------+
|             1011128 |
+---------------------+
1 row in set (0.26 sec)

Query OK, 0 rows affected (0.01 sec)

Query OK, 224 rows affected (3.35 sec)
Records: 224  Duplicates: 0  Warnings: 0

Query OK, 0 rows affected (0.00 sec)

Query OK, 20276 rows affected (3.21 sec)
Records: 20276  Duplicates: 0  Warnings: 0

+-----------+
| callstats |
+-----------+
|     20276 |
+-----------+
1 row in set (0.01 sec)

Query OK, 0 rows affected, 1 warning (0.00 sec)

Query OK, 425 rows affected (2.59 sec)
Records: 425  Duplicates: 0  Warnings: 0

+------------------------+
| rep_cccallreportbefore |
+------------------------+
|                1011339 |
+------------------------+
1 row in set (0.36 sec)

Query OK, 425 rows affected (0.11 sec)
Records: 425  Duplicates: 0  Warnings: 0

+-----------------------+
| rep_cccallreportafter |
+-----------------------+
|               1011764 |
+-----------------------+
1 row in set (0.26 sec)

Query OK, 0 rows affected (0.01 sec)

mysql> mysql \. C:\workspace\cloud\code\sql\_DailyScript\currenttime.sql
+---------------------+
| currenttime         |
+---------------------+
| 2020-10-05 11:29:40 |
+---------------------+
1 row in set (0.00 sec)

mysql> 
mysql> mysql \. C:\workspace\cloud\code\sql\_DailyScript\DAILY-SCRIPT-USAGE.sql
Database changed
Query OK, 0 rows affected (0.00 sec)

Query OK, 7946 rows affected, 23005 warnings (1.55 sec)
Records: 7946  Deleted: 0  Skipped: 0  Warnings: 23005

Query OK, 0 rows affected (0.00 sec)

Query OK, 11651 rows affected, 33615 warnings (1.89 sec)
Records: 11651  Deleted: 0  Skipped: 0  Warnings: 33615

Query OK, 0 rows affected (0.00 sec)

Query OK, 292 rows affected, 1051 warnings (0.05 sec)
Records: 292  Deleted: 0  Skipped: 0  Warnings: 1051

Query OK, 0 rows affected (0.00 sec)

Query OK, 152 rows affected, 506 warnings (0.04 sec)
Records: 152  Deleted: 0  Skipped: 0  Warnings: 506

+------------+
| dailyusage |
+------------+
|   15080365 |
+------------+
1 row in set (6.00 sec)

+------------+------------+------------+---------+
| datestart  | dateend    | insertedon | records |
+------------+------------+------------+---------+
| 2020-10-04 | 2020-10-04 | 2020-10-05 |   20041 |
| 2020-10-03 | 2020-10-03 | 2020-10-05 |   20083 |
| 2020-10-02 | 2020-10-02 | 2020-10-05 |   21698 |
| 2020-10-01 | 2020-10-01 | 2020-10-05 |   21421 |
| 2020-09-30 | 2020-09-30 | 2020-10-01 |   22013 |
+------------+------------+------------+---------+
5 rows in set (25.06 sec)

+----------+------------+------------+------------+---------+
| category | datestart  | dateend    | insertedon | records |
+----------+------------+------------+------------+---------+
| UNCAPPED | 2020-10-04 | 2020-10-04 | 2020-10-05 |   11651 |
| PREPAID  | 2020-10-04 | 2020-10-04 | 2020-10-05 |     292 |
| HOTSPOT  | 2020-10-04 | 2020-10-04 | 2020-10-05 |     152 |
| CAPPED   | 2020-10-04 | 2020-10-04 | 2020-10-05 |    7946 |
| UNCAPPED | 2020-10-03 | 2020-10-03 | 2020-10-05 |   11677 |
| PREPAID  | 2020-10-03 | 2020-10-03 | 2020-10-05 |     268 |
| HOTSPOT  | 2020-10-03 | 2020-10-03 | 2020-10-05 |     144 |
| CAPPED   | 2020-10-03 | 2020-10-03 | 2020-10-05 |    7994 |
| UNCAPPED | 2020-10-02 | 2020-10-02 | 2020-10-05 |   12535 |
| PREPAID  | 2020-10-02 | 2020-10-02 | 2020-10-05 |     306 |
| HOTSPOT  | 2020-10-02 | 2020-10-02 | 2020-10-05 |     168 |
| CAPPED   | 2020-10-02 | 2020-10-02 | 2020-10-05 |    8689 |
| UNCAPPED | 2020-10-01 | 2020-10-01 | 2020-10-05 |   12343 |
| PREPAID  | 2020-10-01 | 2020-10-01 | 2020-10-05 |     294 |
| HOTSPOT  | 2020-10-01 | 2020-10-01 | 2020-10-05 |     159 |
| CAPPED   | 2020-10-01 | 2020-10-01 | 2020-10-05 |    8625 |
| UNCAPPED | 2020-09-30 | 2020-09-30 | 2020-10-01 |   12673 |
| PREPAID  | 2020-09-30 | 2020-09-30 | 2020-10-01 |     297 |
| HOTSPOT  | 2020-09-30 | 2020-09-30 | 2020-10-01 |     225 |
| CAPPED   | 2020-09-30 | 2020-09-30 | 2020-10-01 |    8818 |
+----------+------------+------------+------------+---------+
20 rows in set (22.66 sec)

mysql> mysql \. C:\workspace\cloud\code\sql\_DailyScript\currenttime.sql
+---------------------+
| currenttime         |
+---------------------+
| 2020-10-05 11:30:37 |
+---------------------+
1 row in set (0.00 sec)

mysql> 
mysql> mysql \. C:\workspace\cloud\code\sql\_DailyScript\DAILY-SCRIPT-SALES-TELEMETRY.sql
Database changed
Query OK, 19 rows affected, 6 warnings (0.03 sec)
Records: 19  Deleted: 0  Skipped: 0  Warnings: 6

+------------+
| dailysales |
+------------+
|     209971 |
+------------+
1 row in set (0.20 sec)

Query OK, 0 rows affected (0.01 sec)

Query OK, 209971 rows affected (13.24 sec)
Records: 209971  Duplicates: 0  Warnings: 0

+--------+
| sales  |
+--------+
| 209971 |
+--------+
1 row in set (0.09 sec)

Query OK, 0 rows affected (0.01 sec)

Query OK, 3404 rows affected (0.34 sec)
Records: 3404  Duplicates: 0  Warnings: 0

+----------------+
| rep_dailysales |
+----------------+
|           3404 |
+----------------+
1 row in set (0.00 sec)

Query OK, 0 rows affected (0.00 sec)

Query OK, 3404 rows affected (0.52 sec)
Records: 3404  Duplicates: 0  Warnings: 0

+-------------------+
| rep_dailysalesreg |
+-------------------+
|              3404 |
+-------------------+
1 row in set (0.00 sec)

Query OK, 0 rows affected (0.01 sec)

Query OK, 2819 rows affected (0.66 sec)
Records: 2819  Duplicates: 0  Warnings: 0

+-----------+
| saleslist |
+-----------+
|      2819 |
+-----------+
1 row in set (0.00 sec)

Database changed
ERROR 2 (HY000): File 'C:\ProgramData\MySQL\MySQL Server 5.7\Uploads\_csv\PrepaidCardSales-04102020-P1.csv' not found (Errcode: 2 - No such file or directory)
+------------------+
| dailysinglesales |
+------------------+
|             6377 |
+------------------+
1 row in set (0.01 sec)

Database changed
Query OK, 3 rows affected (0.03 sec)
Records: 3  Deleted: 0  Skipped: 0  Warnings: 0

+-----------------+
| dailyaddonsales |
+-----------------+
|           20729 |
+-----------------+
1 row in set (0.03 sec)

Query OK, 171 rows affected (0.05 sec)
Records: 171  Deleted: 0  Skipped: 0  Warnings: 0

+----------------+
| onlinepayments |
+----------------+
|         127609 |
+----------------+
1 row in set (0.09 sec)

+-------------+----------------+---------------------+
| paymentdate | onlinepayments | onlinepaymentamount |
+-------------+----------------+---------------------+
| 2020-10-04  |            171 |        132073.63000 |
| 2020-10-03  |            200 |        142130.50000 |
| 2020-10-02  |            250 |        165598.33000 |
| 2020-10-01  |            348 |        218072.94000 |
| 2020-09-30  |            352 |        233705.96000 |
+-------------+----------------+---------------------+
5 rows in set (0.44 sec)

+-------------+--------------+----------------+---------------------+
| paymentyear | paymentmonth | onlinepayments | onlinepaymentamount |
+-------------+--------------+----------------+---------------------+
|        2020 |           10 |            969 |        657875.40000 |
|        2020 |            9 |           6132 |       3998941.54000 |
|        2020 |            8 |           6240 |       4098025.79000 |
|        2020 |            7 |           6291 |       4053825.83000 |
|        2020 |            6 |           6133 |       4006312.90000 |
+-------------+--------------+----------------+---------------------+
5 rows in set (0.13 sec)

mysql> mysql \. C:\workspace\cloud\code\sql\_DailyScript\currenttime.sql
+---------------------+
| currenttime         |
+---------------------+
| 2020-10-05 11:30:53 |
+---------------------+
1 row in set (0.00 sec)

mysql> 
mysql> mysql \. C:\workspace\cloud\code\sql\_DailyScript\DAILY-SCRIPT-ACTIVENUMBERS.sql
Database changed
Query OK, 1165 rows affected (0.56 sec)
Records: 1165  Deleted: 0  Skipped: 0  Warnings: 0

+------------+----------+
| period     | count(1) |
+------------+----------+
| 2020-10-04 |     1165 |
| 2020-10-03 |     1165 |
| 2020-10-02 |     1168 |
| 2020-10-01 |     1172 |
| 2020-09-30 |     1175 |
+------------+----------+
5 rows in set (0.00 sec)

Query OK, 0 rows affected (0.00 sec)

Query OK, 79 rows affected (1.36 sec)
Records: 79  Duplicates: 0  Warnings: 0

+-------------+
| packagelist |
+-------------+
|          79 |
+-------------+
1 row in set (0.00 sec)

Database changed
Query OK, 0 rows affected (0.00 sec)

Query OK, 0 rows affected (0.00 sec)

Query OK, 0 rows affected (0.00 sec)

Query OK, 0 rows affected (0.00 sec)

Query OK, 27454 rows affected, 191 warnings (17.47 sec)
Records: 27454  Deleted: 0  Skipped: 0  Warnings: 191

+------------+----------+
| period     | count(1) |
+------------+----------+
| 2020-10-04 |    27454 |
| 2020-10-03 |    27670 |
| 2020-10-02 |    27747 |
| 2020-10-01 |    27729 |
| 2020-09-30 |    27705 |
+------------+----------+
5 rows in set (0.10 sec)

Query OK, 0 rows affected (0.02 sec)

Query OK, 26872 rows affected (43.14 sec)
Records: 26872  Duplicates: 0  Warnings: 0

Query OK, 0 rows affected (0.12 sec)
Records: 0  Duplicates: 0  Warnings: 0

Query OK, 0 rows affected (0.10 sec)
Records: 0  Duplicates: 0  Warnings: 0

Query OK, 0 rows affected (0.10 sec)
Records: 0  Duplicates: 0  Warnings: 0

Query OK, 0 rows affected (0.09 sec)
Records: 0  Duplicates: 0  Warnings: 0

Query OK, 0 rows affected (0.07 sec)
Records: 0  Duplicates: 0  Warnings: 0

Query OK, 0 rows affected (0.07 sec)
Records: 0  Duplicates: 0  Warnings: 0

+-------------+
| countbefore |
+-------------+
|    39667820 |
+-------------+
1 row in set (11.00 sec)

Query OK, 26872 rows affected (3.26 sec)
Records: 26872  Duplicates: 0  Warnings: 0

+------------+
| countafter |
+------------+
|   39694692 |
+------------+
1 row in set (14.40 sec)

+------------+--------------------------+
| period     | customercontractactivity |
+------------+--------------------------+
| 2020-10-04 |                    26872 |
| 2020-10-03 |                    27088 |
| 2020-10-02 |                    27165 |
| 2020-10-01 |                    27147 |
| 2020-09-30 |                    27123 |
+------------+--------------------------+
5 rows in set (0.08 sec)

Query OK, 0 rows affected (0.02 sec)

Query OK, 280157 rows affected (7 min 12.59 sec)
Records: 280157  Duplicates: 0  Warnings: 0

Query OK, 0 rows affected (0.94 sec)
Records: 0  Duplicates: 0  Warnings: 0

Query OK, 0 rows affected (0.99 sec)
Records: 0  Duplicates: 0  Warnings: 0

Query OK, 0 rows affected (1.02 sec)
Records: 0  Duplicates: 0  Warnings: 0

Query OK, 0 rows affected (0.01 sec)

Query OK, 229 rows affected (0.40 sec)
Records: 229  Duplicates: 0  Warnings: 0

Query OK, 0 rows affected (0.00 sec)

Query OK, 2629 rows affected (0.58 sec)
Records: 2629  Duplicates: 0  Warnings: 0

Query OK, 0 rows affected (0.01 sec)

Query OK, 26853 rows affected (0.52 sec)
Records: 26853  Duplicates: 0  Warnings: 0

Query OK, 0 rows affected (0.00 sec)

Query OK, 16931 rows affected (0.35 sec)
Records: 16931  Duplicates: 0  Warnings: 0

Query OK, 0 rows affected (0.01 sec)

Query OK, 16931 rows affected (0.12 sec)
Records: 16931  Duplicates: 0  Warnings: 0

Query OK, 0 rows affected (0.01 sec)

Query OK, 16931 rows affected (1.05 sec)
Records: 16931  Duplicates: 0  Warnings: 0

Query OK, 0 rows affected (0.02 sec)

Query OK, 16931 rows affected (43.21 sec)
Records: 16931  Duplicates: 0  Warnings: 0

+-------------+
| clientstats |
+-------------+
|       16931 |
+-------------+
1 row in set (0.00 sec)

Query OK, 0 rows affected (0.00 sec)

Query OK, 13 rows affected, 1 warning (0.09 sec)
Records: 13  Duplicates: 0  Warnings: 1

+-----------------------+-------------+-------------+----------------+-----------------+
| services              | activecount | allaccounts | uniqueaccounts | uniquecontracts |
+-----------------------+-------------+-------------+----------------+-----------------+
| All                   |         343 |          55 |             55 |             176 |
| Internet & Voice      |         365 |         164 |            164 |             320 |
| Internet Only         |        4251 |        4137 |           4130 |            4179 |
| OTT Only              |           1 |           1 |              1 |               1 |
| TV & Internet         |        9110 |        4123 |           4114 |            8385 |
| TV & Internet & OTT   |        3070 |         786 |            784 |            1635 |
| TV & Internet & Voice |         502 |         151 |            151 |             462 |
| TV & OTT              |         364 |          75 |             74 |              91 |
| TV & Voice            |          83 |          38 |             38 |              78 |
| TV & Voice & OTT      |           4 |           1 |              1 |               3 |
| TV Only               |        9307 |        7244 |           7231 |            7436 |
| Voice Only            |         157 |         156 |            155 |             157 |
| GRAND TOTAL           |       27557 |       16931 |          16856 |           22923 |
+-----------------------+-------------+-------------+----------------+-----------------+
13 rows in set (0.00 sec)

+-------------+-------------+-------------+----------------+-----------------+
| network     | activecount | allaccounts | uniqueaccounts | uniquecontracts |
+-------------+-------------+-------------+----------------+-----------------+
| GPON        |        9440 |        4859 |           4856 |            7484 |
| HFC         |       18117 |       12072 |          12072 |           15439 |
| GRAND TOTAL |       27557 |       16931 |          16856 |           22923 |
+-------------+-------------+-------------+----------------+-----------------+
3 rows in set, 1 warning (0.11 sec)

+-------------+-----------------------+-------------+-------------+----------------+-----------------+
| network     | services              | activecount | allaccounts | uniqueaccounts | uniquecontracts |
+-------------+-----------------------+-------------+-------------+----------------+-----------------+
| GPON        | All                   |         196 |          31 |             31 |              98 |
| GPON        | Internet & Voice      |          66 |          27 |             27 |              56 |
| GPON        | Internet Only         |        1217 |        1121 |           1121 |            1146 |
| GPON        | TV & Internet         |        3845 |        1703 |           1703 |            3490 |
| GPON        | TV & Internet & OTT   |        1749 |         442 |            442 |             926 |
| GPON        | TV & Internet & Voice |         209 |          61 |             61 |             190 |
| GPON        | TV & OTT              |         140 |          40 |             40 |              46 |
| GPON        | TV & Voice            |          49 |          22 |             22 |              46 |
| GPON        | TV & Voice & OTT      |           4 |           1 |              1 |               3 |
| GPON        | TV Only               |        1948 |        1394 |           1394 |            1466 |
| GPON        | Voice Only            |          17 |          17 |             17 |              17 |
| GPON        | Services Total        |        9440 |        4859 |           4856 |            7484 |
| HFC         | All                   |         147 |          24 |             24 |              78 |
| HFC         | Internet & Voice      |         299 |         137 |            137 |             264 |
| HFC         | Internet Only         |        3034 |        3016 |           3016 |            3033 |
| HFC         | OTT Only              |           1 |           1 |              1 |               1 |
| HFC         | TV & Internet         |        5265 |        2420 |           2420 |            4895 |
| HFC         | TV & Internet & OTT   |        1321 |         344 |            344 |             709 |
| HFC         | TV & Internet & Voice |         293 |          90 |             90 |             272 |
| HFC         | TV & OTT              |         224 |          35 |             35 |              45 |
| HFC         | TV & Voice            |          34 |          16 |             16 |              32 |
| HFC         | TV Only               |        7359 |        5850 |           5850 |            5970 |
| HFC         | Voice Only            |         140 |         139 |            139 |             140 |
| HFC         | Services Total        |       18117 |       12072 |          12072 |           15439 |
| GRAND TOTAL | Services Total        |       27557 |       16931 |          16856 |           22923 |
+-------------+-----------------------+-------------+-------------+----------------+-----------------+
25 rows in set, 2 warnings (0.13 sec)

Query OK, 0 rows affected (0.00 sec)

Query OK, 41 rows affected, 3 warnings (0.17 sec)
Records: 41  Duplicates: 0  Warnings: 3

+-------------+---------------+-----------------------+-------------+-------------+----------------+-----------------+
| region      | network       | services              | activecount | allaccounts | uniqueaccounts | uniquecontracts |
+-------------+---------------+-----------------------+-------------+-------------+----------------+-----------------+
| Mahe        | GPON          | All                   |         170 |          27 |             27 |              86 |
| Mahe        | GPON          | Internet & Voice      |          54 |          21 |             21 |              44 |
| Mahe        | GPON          | Internet Only         |         996 |         900 |            900 |             925 |
| Mahe        | GPON          | TV & Internet         |        3094 |        1365 |           1365 |            2798 |
| Mahe        | GPON          | TV & Internet & OTT   |        1374 |         333 |            333 |             705 |
| Mahe        | GPON          | TV & Internet & Voice |         195 |          57 |             57 |             177 |
| Mahe        | GPON          | TV & OTT              |          93 |          24 |             24 |              28 |
| Mahe        | GPON          | TV & Voice            |          43 |          19 |             19 |              40 |
| Mahe        | GPON          | TV & Voice & OTT      |           4 |           1 |              1 |               3 |
| Mahe        | GPON          | TV Only               |        1567 |        1093 |           1093 |            1152 |
| Mahe        | GPON          | Voice Only            |          16 |          16 |             16 |              16 |
| Mahe        | GPON          | Services Total        |        7606 |        3856 |           3856 |            5974 |
| Mahe        | HFC           | All                   |         147 |          24 |             24 |              78 |
| Mahe        | HFC           | Internet & Voice      |         299 |         137 |            137 |             264 |
| Mahe        | HFC           | Internet Only         |        3033 |        3015 |           3015 |            3032 |
| Mahe        | HFC           | OTT Only              |           1 |           1 |              1 |               1 |
| Mahe        | HFC           | TV & Internet         |        5265 |        2420 |           2420 |            4895 |
| Mahe        | HFC           | TV & Internet & OTT   |        1321 |         344 |            344 |             709 |
| Mahe        | HFC           | TV & Internet & Voice |         293 |          90 |             90 |             272 |
| Mahe        | HFC           | TV & OTT              |         224 |          35 |             35 |              45 |
| Mahe        | HFC           | TV & Voice            |          34 |          16 |             16 |              32 |
| Mahe        | HFC           | TV Only               |        7354 |        5847 |           5847 |            5967 |
| Mahe        | HFC           | Voice Only            |         140 |         139 |            139 |             140 |
| Mahe        | HFC           | Services Total        |       18111 |       12068 |          12068 |           15435 |
| Mahe        | Network Total | Services Total        |       25717 |       15924 |          15853 |           21409 |
| Praslin     | GPON          | All                   |          26 |           4 |              4 |              12 |
| Praslin     | GPON          | Internet & Voice      |          12 |           6 |              6 |              12 |
| Praslin     | GPON          | Internet Only         |         221 |         221 |            221 |             221 |
| Praslin     | GPON          | TV & Internet         |         751 |         338 |            338 |             692 |
| Praslin     | GPON          | TV & Internet & OTT   |         375 |         109 |            109 |             221 |
| Praslin     | GPON          | TV & Internet & Voice |          14 |           4 |              4 |              13 |
| Praslin     | GPON          | TV & OTT              |          47 |          16 |             16 |              18 |
| Praslin     | GPON          | TV & Voice            |           6 |           3 |              3 |               6 |
| Praslin     | GPON          | TV Only               |         381 |         301 |            301 |             314 |
| Praslin     | GPON          | Voice Only            |           1 |           1 |              1 |               1 |
| Praslin     | GPON          | Services Total        |        1834 |        1003 |           1003 |            1510 |
| Praslin     | HFC           | Internet Only         |           1 |           1 |              1 |               1 |
| Praslin     | HFC           | TV Only               |           5 |           3 |              3 |               3 |
| Praslin     | HFC           | Services Total        |           6 |           4 |              4 |               4 |
| Praslin     | Network Total | Services Total        |        1840 |        1007 |           1006 |            1514 |
| GRAND TOTAL | Network Total | Services Total        |       27557 |       16931 |          16856 |           22923 |
+-------------+---------------+-----------------------+-------------+-------------+----------------+-----------------+
41 rows in set (0.00 sec)

Query OK, 0 rows affected (0.00 sec)

Query OK, 26854 rows affected (0.41 sec)
Records: 26854  Duplicates: 0  Warnings: 0

Query OK, 0 rows affected (0.01 sec)

Query OK, 2145 rows affected (1.22 sec)
Records: 2145  Duplicates: 0  Warnings: 0

+--------------------------------------+
| message                              |
+--------------------------------------+
| running rcbill_my.sp_ActiveNumber2() |
+--------------------------------------+
1 row in set (0.00 sec)

Query OK, 365 rows affected (1 min 43.95 sec)

mysql> mysql \. C:\workspace\cloud\code\sql\_DailyScript\currenttime.sql
+---------------------+
| currenttime         |
+---------------------+
| 2020-10-05 11:42:13 |
+---------------------+
1 row in set (0.00 sec)

mysql> 
mysql> mysql \. C:\workspace\cloud\code\sql\_DailyScript\GetActiveNumbers Average -Pivot.sql
Database changed
+-------------------------------------+
| @today := subdate(current_date(),1) |
+-------------------------------------+
| 2020-10-04                          |
+-------------------------------------+
1 row in set (0.00 sec)

+-------------------------------------+
| @lastdayofmonth := last_day(@today) |
+-------------------------------------+
| 2020-10-31                          |
+-------------------------------------+
1 row in set (0.00 sec)

Query OK, 0 rows affected (0.02 sec)

Query OK, 42482 rows affected, 65535 warnings (51.81 sec)
Records: 42482  Duplicates: 0  Warnings: 86344

Query OK, 0 rows affected (0.09 sec)
Records: 0  Duplicates: 0  Warnings: 0

Query OK, 0 rows affected (0.13 sec)
Records: 0  Duplicates: 0  Warnings: 0

Query OK, 0 rows affected (0.09 sec)
Records: 0  Duplicates: 0  Warnings: 0

+-----------------+
| activenumberavg |
+-----------------+
|           42482 |
+-----------------+
1 row in set (0.00 sec)

Query OK, 0 rows affected (0.00 sec)

Query OK, 1916 rows affected (0.49 sec)
Records: 1916  Duplicates: 0  Warnings: 0

+---------------------+
| rep_activenumberavg |
+---------------------+
|                1916 |
+---------------------+
1 row in set (0.02 sec)

+----------------------+
| rep_activenumberavg1 |
+----------------------+
|                  897 |
+----------------------+
1 row in set (0.00 sec)

Query OK, 0 rows affected (0.01 sec)

Query OK, 2215 rows affected (0.39 sec)
Records: 2215  Duplicates: 0  Warnings: 0

Query OK, 0 rows affected (0.00 sec)

Query OK, 11351 rows affected (0.69 sec)
Records: 11351  Duplicates: 0  Warnings: 0

Query OK, 0 rows affected (0.01 sec)

Query OK, 0 rows affected (0.00 sec)

Query OK, 0 rows affected (0.00 sec)

Query OK, 0 rows affected (0.00 sec)

Query OK, 0 rows affected (0.02 sec)
Statement prepared

Query OK, 53 rows affected (0.03 sec)
Records: 53  Duplicates: 0  Warnings: 0

Query OK, 0 rows affected (0.00 sec)

Query OK, 0 rows affected (0.00 sec)

+----------------------+
| rep_activenumberavg2 |
+----------------------+
|                 2215 |
+----------------------+
1 row in set (0.00 sec)

+------------------------+
| rep_activenumberavg_pv |
+------------------------+
|                     53 |
+------------------------+
1 row in set (0.00 sec)

Query OK, 0 rows affected (0.01 sec)

Query OK, 2214 rows affected (0.33 sec)
Records: 2214  Duplicates: 0  Warnings: 0

Query OK, 0 rows affected (0.00 sec)

Query OK, 0 rows affected (0.00 sec)

Query OK, 0 rows affected (0.02 sec)

Query OK, 0 rows affected (0.00 sec)

Query OK, 0 rows affected (0.00 sec)
Statement prepared

Query OK, 53 rows affected (0.05 sec)
Records: 53  Duplicates: 0  Warnings: 0

Query OK, 0 rows affected (0.00 sec)

Query OK, 0 rows affected (0.00 sec)

+-------------------------+
| rep_activenumberavgMahe |
+-------------------------+
|                    2214 |
+-------------------------+
1 row in set (0.01 sec)

+----------------------------+
| rep_activenumberavgMahe_pv |
+----------------------------+
|                         53 |
+----------------------------+
1 row in set (0.00 sec)

Query OK, 0 rows affected (0.00 sec)

Query OK, 1414 rows affected (0.14 sec)
Records: 1414  Duplicates: 0  Warnings: 0

Query OK, 0 rows affected (0.00 sec)

Query OK, 0 rows affected (0.00 sec)

Query OK, 0 rows affected (0.00 sec)

Query OK, 0 rows affected (0.02 sec)

Query OK, 0 rows affected (0.00 sec)
Statement prepared

Query OK, 40 rows affected (0.03 sec)
Records: 40  Duplicates: 0  Warnings: 0

Query OK, 0 rows affected (0.00 sec)

Query OK, 0 rows affected (0.00 sec)

+----------------------------+
| rep_activenumberavgPraslin |
+----------------------------+
|                       1414 |
+----------------------------+
1 row in set (0.00 sec)

+-------------------------------+
| rep_activenumberavgPraslin_pv |
+-------------------------------+
|                            40 |
+-------------------------------+
1 row in set (0.00 sec)

mysql> mysql \. C:\workspace\cloud\code\sql\_DailyScript\currenttime.sql
+---------------------+
| currenttime         |
+---------------------+
| 2020-10-05 11:43:07 |
+---------------------+
1 row in set (0.00 sec)

mysql> 
mysql> mysql \. C:\workspace\cloud\code\sql\_DailyScript\budget_actual_analysis_2020.sql
Query OK, 0 rows affected (0.02 sec)

Query OK, 922 rows affected, 3 warnings (0.22 sec)
Records: 922  Duplicates: 0  Warnings: 3

+--------------------+
| budget_actual_2020 |
+--------------------+
|                922 |
+--------------------+
1 row in set (0.00 sec)

Query OK, 0 rows affected (0.00 sec)

Query OK, 48 rows affected (0.05 sec)
Records: 48  Duplicates: 0  Warnings: 0

+---------------------------+
| rep_budget_actual_2020_pv |
+---------------------------+
|                        48 |
+---------------------------+
1 row in set (0.00 sec)

mysql> mysql \. C:\workspace\cloud\code\sql\_DailyScript\currenttime.sql
+---------------------+
| currenttime         |
+---------------------+
| 2020-10-05 11:43:08 |
+---------------------+
1 row in set (0.00 sec)

mysql> 
mysql> mysql \. C:\workspace\cloud\code\sql\_DailyScript\reports-sales-addons-prepaid-camera.sql
Database changed
Query OK, 0 rows affected (0.02 sec)

Query OK, 4171 rows affected (0.19 sec)
Records: 4171  Duplicates: 0  Warnings: 0

Query OK, 0 rows affected (0.01 sec)

Query OK, 20772 rows affected (14.46 sec)
Records: 20772  Duplicates: 0  Warnings: 0

+--------------------+
| rep_prepaid_camera |
+--------------------+
|               4171 |
+--------------------+
1 row in set (0.00 sec)

+-----------+
| rep_addon |
+-----------+
|     20772 |
+-----------+
1 row in set (0.01 sec)

mysql> mysql \. C:\workspace\cloud\code\sql\_DailyScript\currenttime.sql
+---------------------+
| currenttime         |
+---------------------+
| 2020-10-05 11:43:22 |
+---------------------+
1 row in set (0.00 sec)

mysql> 
mysql> mysql \. C:\workspace\cloud\code\sql\_DailyScript\housing-estate-analysis.sql
Database changed
Query OK, 0 rows affected (0.00 sec)

Query OK, 3229 rows affected (15.45 sec)
Records: 3229  Duplicates: 0  Warnings: 0

+--------------------+
| rep_housingestates |
+--------------------+
|               3229 |
+--------------------+
1 row in set (0.00 sec)

mysql> mysql \. C:\workspace\cloud\code\sql\_DailyScript\currenttime.sql
+---------------------+
| currenttime         |
+---------------------+
| 2020-10-05 11:43:38 |
+---------------------+
1 row in set (0.00 sec)

mysql> 
mysql> mysql \. C:\workspace\cloud\code\sql\_DailyScript\RCB_ClientAnalyticsReport_Script.sql
Database changed
Query OK, 0 rows affected (0.00 sec)

Query OK, 0 rows affected (0.03 sec)

Query OK, 1961945 rows affected (1 min 15.61 sec)
Records: 1961945  Duplicates: 0  Warnings: 0

Query OK, 0 rows affected (5.83 sec)
Records: 0  Duplicates: 0  Warnings: 0

Query OK, 0 rows affected (4.81 sec)
Records: 0  Duplicates: 0  Warnings: 0

Query OK, 0 rows affected (7.73 sec)
Records: 0  Duplicates: 0  Warnings: 0

Query OK, 0 rows affected (8.23 sec)
Records: 0  Duplicates: 0  Warnings: 0

Query OK, 0 rows affected (9.04 sec)
Records: 0  Duplicates: 0  Warnings: 0

Query OK, 0 rows affected (6.91 sec)
Records: 0  Duplicates: 0  Warnings: 0

Query OK, 0 rows affected (0.00 sec)

Query OK, 492238 rows affected (15.50 sec)
Rows matched: 1961945  Changed: 492238  Warnings: 0

Query OK, 0 rows affected (0.02 sec)

Query OK, 27749 rows affected (4.30 sec)
Records: 27749  Duplicates: 0  Warnings: 0

Query OK, 0 rows affected (0.02 sec)

Query OK, 44126 rows affected (10 min 21.34 sec)
Records: 44126  Duplicates: 0  Warnings: 0

Query OK, 0 rows affected (0.17 sec)
Records: 0  Duplicates: 0  Warnings: 0

Query OK, 0 rows affected (0.14 sec)
Records: 0  Duplicates: 0  Warnings: 0

Query OK, 0 rows affected (0.08 sec)
Records: 0  Duplicates: 0  Warnings: 0

Query OK, 0 rows affected (0.02 sec)

Query OK, 459467 rows affected (15 min 6.02 sec)
Records: 459467  Duplicates: 0  Warnings: 0

Query OK, 0 rows affected (1.54 sec)
Records: 0  Duplicates: 0  Warnings: 0

Query OK, 0 rows affected (1.52 sec)
Records: 0  Duplicates: 0  Warnings: 0

Query OK, 0 rows affected (0.83 sec)
Records: 0  Duplicates: 0  Warnings: 0

Query OK, 0 rows affected (1.83 sec)
Records: 0  Duplicates: 0  Warnings: 0

Query OK, 0 rows affected (1.47 sec)
Records: 0  Duplicates: 0  Warnings: 0

Query OK, 0 rows affected (0.00 sec)

Query OK, 44126 rows affected (1 min 25.28 sec)
Records: 44126  Duplicates: 0  Warnings: 0

+--------------+
| clientreport |
+--------------+
|        44126 |
+--------------+
1 row in set (0.03 sec)

Query OK, 0 rows affected (0.02 sec)

Query OK, 44126 rows affected (5.74 sec)
Records: 44126  Duplicates: 0  Warnings: 0

+----------------------+
| clientextendedreport |
+----------------------+
|                44126 |
+----------------------+
1 row in set (0.01 sec)

Query OK, 0 rows affected (0.00 sec)

Query OK, 44126 rows affected (1 min 0.37 sec)
Records: 44126  Duplicates: 0  Warnings: 0

+---------+
| allcust |
+---------+
|   44126 |
+---------+
1 row in set (0.02 sec)

Query OK, 0 rows affected, 1 warning (0.01 sec)

Query OK, 5000 rows affected (0.13 sec)
Records: 5000  Duplicates: 0  Warnings: 0

Query OK, 0 rows affected (0.00 sec)

Query OK, 6860 rows affected (0.33 sec)
Records: 6860  Duplicates: 0  Warnings: 0

Query OK, 0 rows affected, 1 warning (0.00 sec)

Query OK, 5000 rows affected (0.13 sec)
Records: 5000  Duplicates: 0  Warnings: 0

Query OK, 0 rows affected (0.00 sec)

Query OK, 7270 rows affected (0.19 sec)
Records: 7270  Duplicates: 0  Warnings: 0

mysql> mysql \. C:\workspace\cloud\code\sql\_DailyScript\currenttime.sql
+---------------------+
| currenttime         |
+---------------------+
| 2020-10-05 12:14:03 |
+---------------------+
1 row in set (0.00 sec)

mysql> 
mysql> 
mysql> mysql \. C:\workspace\cloud\code\sql\_DailyScript\REVENUE_PER_NODE_MXK.sql
Query OK, 0 rows affected (0.02 sec)

Query OK, 0 rows affected (0.00 sec)

Query OK, 0 rows affected (0.01 sec)

Query OK, 6677 rows affected (2.05 sec)
Records: 6677  Duplicates: 0  Warnings: 0

+----------------------+
| message              |
+----------------------+
| created temp table a |
+----------------------+
1 row in set (0.00 sec)

Query OK, 6786 rows affected (0.98 sec)
Records: 6786  Duplicates: 0  Warnings: 0

+----------------------+
| message              |
+----------------------+
| created temp table b |
+----------------------+
1 row in set (0.00 sec)

Query OK, 0 rows affected, 1 warning (0.00 sec)

Query OK, 6985 rows affected (14.10 sec)
Records: 6985  Duplicates: 0  Warnings: 0

+--------------------------------+
| message                        |
+--------------------------------+
| created rcbill_my.tempcustmxk1 |
+--------------------------------+
1 row in set (0.00 sec)

Query OK, 0 rows affected (0.00 sec)

Query OK, 0 rows affected (0.02 sec)

Query OK, 0 rows affected, 1 warning (0.00 sec)

Query OK, 6677 rows affected (1.45 sec)
Records: 6677  Duplicates: 0  Warnings: 0

+----------------+
| message        |
+----------------+
| created temp a |
+----------------+
1 row in set (0.00 sec)

Query OK, 6786 rows affected (0.83 sec)
Records: 6786  Duplicates: 0  Warnings: 0

+----------------+
| message        |
+----------------+
| created temp b |
+----------------+
1 row in set (0.00 sec)

Query OK, 0 rows affected, 1 warning (0.00 sec)

Query OK, 6884 rows affected (9.28 sec)
Records: 6884  Duplicates: 0  Warnings: 0

+--------------------------------+
| message                        |
+--------------------------------+
| created rcbill_my.tempcustmxk2 |
+--------------------------------+
1 row in set (0.00 sec)

Query OK, 0 rows affected (0.01 sec)

Query OK, 0 rows affected (0.01 sec)

Query OK, 0 rows affected, 1 warning (0.00 sec)

Query OK, 0 rows affected (0.01 sec)

Query OK, 7871 rows affected (0.35 sec)
Records: 7871  Duplicates: 0  Warnings: 0

+---------------------------------+
| message                         |
+---------------------------------+
| created rcbill_my.customers_mxk |
+---------------------------------+
1 row in set (0.00 sec)

Query OK, 0 rows affected (0.01 sec)

Query OK, 0 rows affected (0.00 sec)

Query OK, 14237 rows affected (5.43 sec)
Records: 14237  Duplicates: 0  Warnings: 0

+----------------+
| message        |
+----------------+
| created temp a |
+----------------+
1 row in set (0.00 sec)

Query OK, 19587 rows affected (1.59 sec)
Records: 19587  Duplicates: 0  Warnings: 0

+----------------+
| message        |
+----------------+
| created temp c |
+----------------+
1 row in set (0.00 sec)

Query OK, 0 rows affected, 1 warning (0.00 sec)

Query OK, 27189 rows affected (0.27 sec)
Records: 27189  Duplicates: 0  Warnings: 0

+---------------------------------+
| message                         |
+---------------------------------+
| created rcbill_my.tempcustcmts1 |
+---------------------------------+
1 row in set (0.01 sec)

Query OK, 0 rows affected (0.00 sec)

Query OK, 0 rows affected, 1 warning (0.00 sec)

Query OK, 0 rows affected (0.02 sec)

Query OK, 14237 rows affected (5.48 sec)
Records: 14237  Duplicates: 0  Warnings: 0

+----------------+
| message        |
+----------------+
| created temp a |
+----------------+
1 row in set (0.00 sec)

Query OK, 19587 rows affected (1.48 sec)
Records: 19587  Duplicates: 0  Warnings: 0

+----------------+
| message        |
+----------------+
| created temp c |
+----------------+
1 row in set (0.00 sec)

Query OK, 0 rows affected, 1 warning (0.00 sec)

Query OK, 20281 rows affected (0.33 sec)
Records: 20281  Duplicates: 0  Warnings: 0

+---------------------------------+
| message                         |
+---------------------------------+
| created rcbill_my.tempcustcmts2 |
+---------------------------------+
1 row in set (0.00 sec)

Query OK, 0 rows affected (0.01 sec)

Query OK, 0 rows affected, 1 warning (0.00 sec)

Query OK, 0 rows affected (0.00 sec)

Query OK, 0 rows affected (0.02 sec)

Query OK, 14423 rows affected (0.95 sec)
Records: 14423  Duplicates: 0  Warnings: 0

+----------------------------------+
| message                          |
+----------------------------------+
| created rcbill_my.customers_cmts |
+----------------------------------+
1 row in set (0.02 sec)

Query OK, 0 rows affected (0.00 sec)

Query OK, 0 rows affected (0.00 sec)

Query OK, 0 rows affected (0.02 sec)

Query OK, 18756 rows affected (0.80 sec)
Records: 18756  Duplicates: 0  Warnings: 0

+--------------------------------------+
| message                              |
+--------------------------------------+
| created rcbill_my.customers_cmts_mxk |
+--------------------------------------+
1 row in set (0.00 sec)

Query OK, 487198 rows affected (1 min 0.47 sec)
Records: 487198  Duplicates: 0  Warnings: 0

+----------------+
| message        |
+----------------+
| created temp a |
+----------------+
1 row in set (0.00 sec)

Query OK, 0 rows affected (0.02 sec)

Query OK, 487945 rows affected (12.37 sec)
Records: 487945  Duplicates: 0  Warnings: 0

+------------------------------------------------+
| message                                        |
+------------------------------------------------+
| created rcbill_my.customers_contracts_cmts_mxk |
+------------------------------------------------+
1 row in set (0.00 sec)

Query OK, 0 rows affected (0.03 sec)

Query OK, 0 rows affected, 1 warning (0.00 sec)

Query OK, 0 rows affected, 1 warning (0.00 sec)

Query OK, 0 rows affected (0.00 sec)

Query OK, 8315 rows affected (2.70 sec)
Rows matched: 8316  Changed: 8315  Warnings: 0

+------------------------------------------------+
| message                                        |
+------------------------------------------------+
| updated rcbill_my.customers_contracts_cmts_mxk |
+------------------------------------------------+
1 row in set (0.00 sec)

Query OK, 0 rows affected (0.03 sec)

Query OK, 1972115 rows affected (3 min 51.37 sec)
Records: 1972115  Duplicates: 0  Warnings: 0

+----------------------------------------+
| message                                |
+----------------------------------------+
| created rcbill_my.customers_collection |
+----------------------------------------+
1 row in set (0.00 sec)

Query OK, 0 rows affected (0.04 sec)

Query OK, 2277810 rows affected (1 min 53.38 sec)
Records: 2277810  Duplicates: 0  Warnings: 0

+------------------------------------------------+
| message                                        |
+------------------------------------------------+
| created rcbill_my.customers_cmts_mxk_cont_coll |
+------------------------------------------------+
1 row in set (0.00 sec)

Query OK, 0 rows affected (0.03 sec)

Query OK, 445270 rows affected (2 min 13.96 sec)
Records: 445270  Duplicates: 0  Warnings: 0

+--------------------------------------------------------+
| message                                                |
+--------------------------------------------------------+
| created rcbill_my.customers_contracts_collection_pivot |
+--------------------------------------------------------+
1 row in set (0.00 sec)

Query OK, 0 rows affected (0.02 sec)

Query OK, 40193 rows affected (2 min 20.92 sec)
Records: 40193  Duplicates: 0  Warnings: 0

+----------------------------------------------+
| message                                      |
+----------------------------------------------+
| created rcbill_my.customers_collection_pivot |
+----------------------------------------------+
1 row in set (0.00 sec)

Query OK, 0 rows affected (0.00 sec)

Query OK, 44126 rows affected (2.17 sec)
Records: 44126  Duplicates: 0  Warnings: 0

+--------------------------------------------+
| message                                    |
+--------------------------------------------+
| created rcbill_my.rep_customers_collection |
+--------------------------------------------+
1 row in set (0.00 sec)

Query OK, 0 rows affected (0.00 sec)

Query OK, 0 rows affected, 1 warning (0.02 sec)

Query OK, 453230 rows affected (14.35 sec)
Records: 453230  Duplicates: 0  Warnings: 0

+-------------------------+
| message                 |
+-------------------------+
| created rcbill_my.tempa |
+-------------------------+
1 row in set (0.00 sec)

Query OK, 0 rows affected, 1 warning (0.00 sec)

Query OK, 445270 rows affected (19.74 sec)
Records: 445270  Duplicates: 0  Warnings: 0

+-------------------------+
| message                 |
+-------------------------+
| created rcbill_my.tempb |
+-------------------------+
1 row in set (0.00 sec)

Query OK, 453230 rows affected (20.86 sec)
Records: 453230  Duplicates: 0  Warnings: 0

+-----------+
| message   |
+-----------+
| created a |
+-----------+
1 row in set (0.00 sec)

Query OK, 445280 rows affected (21.21 sec)
Records: 445280  Duplicates: 0  Warnings: 0

+-----------+
| message   |
+-----------+
| created b |
+-----------+
1 row in set (0.00 sec)

Query OK, 0 rows affected (0.02 sec)

Query OK, 0 rows affected (0.02 sec)

Query OK, 0 rows affected (0.03 sec)

Query OK, 489689 rows affected (55.74 sec)
Records: 489689  Duplicates: 0  Warnings: 0

+----------------------------------------------+
| message                                      |
+----------------------------------------------+
| created rcbill_my.cust_cont_payment_cmts_mxk |
+----------------------------------------------+
1 row in set (0.00 sec)

Query OK, 0 rows affected (0.01 sec)

Query OK, 0 rows affected (0.02 sec)

Query OK, 0 rows affected, 1 warning (0.00 sec)

Query OK, 0 rows affected (0.01 sec)

Query OK, 44126 rows affected (17.67 sec)
Records: 44126  Duplicates: 0  Warnings: 0

+--------------------------------------------------+
| message                                          |
+--------------------------------------------------+
| created rcbill_my.rep_cust_cont_payment_cmts_mxk |
+--------------------------------------------------+
1 row in set (0.00 sec)

Query OK, 0 rows affected, 1 warning (0.00 sec)

Query OK, 0 rows affected, 1 warning (0.00 sec)

Query OK, 0 rows affected (0.02 sec)

Query OK, 44126 rows affected, 5 warnings (8.05 sec)
Records: 44126  Duplicates: 0  Warnings: 5

+----------------------+
| rep_custconsolidated |
+----------------------+
|                44126 |
+----------------------+
1 row in set (0.49 sec)

Query OK, 0 rows affected (0.01 sec)

+------------------------------------+
| message                            |
+------------------------------------+
| creating rcbill_my.rep_custextract |
+------------------------------------+
1 row in set (0.00 sec)

Query OK, 44126 rows affected (1.16 sec)
Records: 44126  Duplicates: 0  Warnings: 0

+-----------------+
| rep_custextract |
+-----------------+
|           44126 |
+-----------------+
1 row in set (0.02 sec)

Query OK, 0 rows affected (0.00 sec)

Query OK, 0 rows affected (0.01 sec)

+----------------------------------------------+
| message                                      |
+----------------------------------------------+
| creating rcbill_my.retentioncustomeractivity |
+----------------------------------------------+
1 row in set (0.00 sec)

Query OK, 876 rows affected (0.09 sec)
Records: 876  Duplicates: 0  Warnings: 0

+---------------------------+
| retentioncustomeractivity |
+---------------------------+
|                       876 |
+---------------------------+
1 row in set (0.00 sec)

+-----------+------------------------------------+------------+-------------+-----------------+------------------+---------------------+-------------------+
| HFC_NODE  | NODENAME                           | CMTS_DATE  | INSERTED_ON | UNIQUE_ACCOUNTS | UNIQUE_CONTRACTS | UNIQUE_MAC_INRCBOSS | UNIQUE_MAC_INCMTS |
+-----------+------------------------------------+------------+-------------+-----------------+------------------+---------------------+-------------------+
| NULL      | NULL                               | NULL       | 2020-10-05  |            6820 |             7192 |                7242 |                 0 |
| C5/0/0/U0 | ANSE-BOILEAU-2                     | 2020-07-27 | 2020-10-05  |             185 |              189 |                 185 |               188 |
| C5/0/0/U1 | 500-C3-ANSE-BOILEAU                | 2020-07-27 | 2020-10-05  |             182 |              186 |                 182 |               191 |
| C5/0/1/U0 | 501-C4-LA-MISIERE-LEFT-I           | 2020-07-27 | 2020-10-05  |             155 |              160 |                 155 |               161 |
| C5/0/1/U1 | 501-C5-LA-MISIERE-RIGHT            | 2020-07-27 | 2020-10-05  |             109 |              111 |                 109 |               115 |
| C5/0/1/U2 | 501-C7-LA-MISIERE-LEFT-II          | 2020-07-27 | 2020-10-05  |             152 |              155 |                 152 |               161 |
| C5/0/2/U0 | 502-C8-LA-LOUISE                   | 2020-07-27 | 2020-10-05  |             149 |              149 |                 149 |               151 |
| C5/0/2/U1 | LA-LOUISE-2                        | 2020-07-27 | 2020-10-05  |             145 |              147 |                 145 |               146 |
| C5/0/3/U0 | 504-C6-PETIT-PARIS                 | 2020-07-27 | 2020-10-05  |             158 |              161 |                 158 |               163 |
| C5/0/3/U1 | PETIT-PARIS-23                     | 2020-07-27 | 2020-10-05  |              80 |               82 |                  80 |                80 |
| C5/0/4/U0 | FOUR-SEASONS                       | 2020-07-27 | 2020-10-05  |               4 |                4 |                   4 |                 4 |
| C5/0/4/U1 | ANCHOR-CAFE-I                      | 2020-07-27 | 2020-10-05  |             148 |              152 |                 148 |               149 |
| C5/0/4/U2 | ANCHOR-CAFE-II                     | 2020-07-27 | 2020-10-05  |             156 |              157 |                 156 |               158 |
| C5/1/0/U0 | POINTE-LARUE-AIRPORT-23            | 2020-07-27 | 2020-10-05  |             102 |              105 |                 103 |               109 |
| C5/1/0/U1 | PPROVIDENCE-23                     | 2020-07-27 | 2020-10-05  |              20 |               22 |                  20 |                20 |
| C5/1/0/U2 | ROSHE-CAIMAN-23                    | 2020-07-27 | 2020-10-05  |              10 |               10 |                  10 |                10 |
| C5/1/0/U3 | HEAD-OFFICE | HO-23                | 2020-07-27 | 2020-10-05  |              22 |               22 |                  22 |                23 |
| C5/1/1/U1 | C5-UNION-VALE                      | 2020-07-27 | 2020-10-05  |             195 |              198 |                 195 |               198 |
| C5/1/3/U0 | POINTE-LARUE-AIRPORT-27            | 2020-07-27 | 2020-10-05  |             147 |              152 |                 147 |               153 |
| C5/1/3/U1 | PPROVIDENCE-27                     | 2020-07-27 | 2020-10-05  |              24 |               24 |                  24 |                24 |
| C5/1/3/U2 | ROSHE-CAIMAN-27                    | 2020-07-27 | 2020-10-05  |              30 |               31 |                  30 |                30 |
| C5/1/3/U3 | HEAD-OFFICE | HO-27                | 2020-07-27 | 2020-10-05  |              19 |               20 |                  19 |                19 |
| C5/1/4/U0 | ANSE-ROYALE-27                     | 2020-07-27 | 2020-10-05  |              99 |              101 |                  99 |               102 |
| C5/1/4/U1 | GLACIS-2-57                        | 2020-07-27 | 2020-10-05  |              59 |               64 |                  59 |                60 |
| C5/1/4/U2 | NULL                               | 2020-07-27 | 2020-10-05  |             104 |              106 |                 104 |               104 |
| C5/1/4/U3 | GLACIS-1                           | 2020-07-27 | 2020-10-05  |              48 |               50 |                  48 |                48 |
| C6/0/1/U0 | SERRET-ROAD-RIGHT/CURIO/PASCAL     | 2020-07-27 | 2020-10-05  |             129 |              132 |                 129 |               134 |
| C6/0/1/U1 | SERRET-ROAD-LEFT/ST.LOUIS/TOWN     | 2020-07-27 | 2020-10-05  |             107 |              113 |                 108 |               112 |
| C6/0/1/U2 | SERRET-ROAD-RIGHT/CURIO/PASCAL-2   | 2020-07-27 | 2020-10-05  |             124 |              125 |                 124 |               125 |
| C6/0/1/U3 | SERRET-ROAD-LEFT/ST.LOUIS/TOWN-2   | 2020-07-27 | 2020-10-05  |             107 |              111 |                 107 |               109 |
| C6/0/2/U0 | SANS-SOUCIS-I                      | 2020-07-27 | 2020-10-05  |             106 |              107 |                 104 |               110 |
| C6/0/2/U1 | SANS-SOUCIS-II                     | 2020-07-27 | 2020-10-05  |              99 |              102 |                  99 |               107 |
| C6/0/2/U2 | BEL-AIR-27                         | 2020-07-27 | 2020-10-05  |             117 |              124 |                 117 |               121 |
| C6/0/2/U3 | BEL-AIR-38                         | 2020-07-27 | 2020-10-05  |              72 |               73 |                  72 |                76 |
| C6/0/3/U0 | LES-MAMELLES-23                    | 2020-07-27 | 2020-10-05  |              72 |               72 |                  72 |                76 |
| C6/0/3/U1 | VICTORIA-23                        | 2020-07-27 | 2020-10-05  |               9 |                9 |                   9 |                12 |
| C6/0/4/U0 | LES-MAMELLES-27                    | 2020-07-27 | 2020-10-05  |              82 |               82 |                  82 |                83 |
| C6/0/4/U1 | VICTORIA-27                        | 2020-07-27 | 2020-10-05  |              35 |               36 |                  36 |                36 |
| C7/1/0/U0 | LA-RETRAITE-23                     | 2020-07-27 | 2020-10-05  |             100 |              104 |                 101 |               102 |
| C7/1/0/U1 | TEA-FACTORY-23                     | 2020-07-27 | 2020-10-05  |              17 |               20 |                  19 |                22 |
| C7/1/0/U2 | PAS-23                             | 2020-07-27 | 2020-10-05  |              84 |               87 |                  84 |                87 |
| C7/1/1/U0 | REEF-ESTATE-23                     | 2020-07-27 | 2020-10-05  |              81 |               83 |                  81 |                83 |
| C7/1/2/U0 | LA-RETRAITE-27                     | 2020-07-27 | 2020-10-05  |              80 |               80 |                  80 |                84 |
| C7/1/2/U1 | TEA-FACTORY-27                     | 2020-07-27 | 2020-10-05  |              34 |               44 |                  35 |                37 |
| C7/1/2/U2 | PAS-27                             | 2020-07-27 | 2020-10-05  |             107 |              109 |                 107 |               110 |
| C7/1/3/U0 | MT-BUXTON-27                       | 2020-07-27 | 2020-10-05  |             161 |              163 |                 161 |               166 |
| C7/1/3/U1 | MT-BUXTON-23                       | 2020-07-27 | 2020-10-05  |              74 |               76 |                  74 |                76 |
| C7/1/4/U0 | REEF-ESTATE-27                     | 2020-07-27 | 2020-10-05  |              97 |               98 |                  97 |                99 |
| C8/0/0/U0 | POLICE-ACADEMY-1-27 - POINTE LARUE | 2020-07-27 | 2020-10-05  |             218 |              219 |                 218 |               219 |
| C8/0/0/U1 | NULL                               | 2020-07-27 | 2020-10-05  |             100 |              104 |                 100 |               103 |
| C8/0/1/U0 | NULL                               | 2020-07-27 | 2020-10-05  |             194 |              196 |                 193 |               196 |
| C8/0/1/U1 | POLICE-ACADEMY-2-27 - TURTLE BAY   | 2020-07-27 | 2020-10-05  |             158 |              162 |                 159 |               161 |
| C8/0/2/U0 | BEAU-VALLON-LEFT-1-57              | 2020-07-27 | 2020-10-05  |              29 |               29 |                  29 |                29 |
| C8/0/3/U1 | BEAU-VALLON-RIGHT-2-57             | 2020-07-27 | 2020-10-05  |              52 |               56 |                  52 |                54 |
| C8/1/0/U0 | MA-JOIE-NODE-27                    | 2020-07-27 | 2020-10-05  |              93 |               94 |                  93 |                97 |
| C8/1/0/U1 | BELONIE-27                         | 2020-07-27 | 2020-10-05  |             146 |              148 |                 145 |               150 |
| C8/1/0/U3 | MA-JOIE-NODE-23                    | 2020-07-27 | 2020-10-05  |             103 |              104 |                 102 |               105 |
| C8/1/1/U0 | 611-C1-ROJN I                      | 2020-07-27 | 2020-10-05  |             115 |              115 |                 115 |               115 |
| C8/1/1/U1 | 611-C5-ROJN II                     | 2020-07-27 | 2020-10-05  |             132 |              134 |                 132 |               136 |
| C8/1/2/U0 | 612-C2-ANSE-ETOILE                 | 2020-07-27 | 2020-10-05  |             129 |              129 |                 129 |               132 |
| C8/1/2/U1 | ANSE-ETOILE-U2                     | 2020-07-27 | 2020-10-05  |              70 |               71 |                  70 |                73 |
| C8/1/3/U0 | 613-C3-ANSE-GAULETTE I             | 2020-07-27 | 2020-10-05  |              71 |               75 |                  71 |                74 |
| C8/1/3/U1 | 613-C7-ANSE-GAULETTE II            | 2020-07-27 | 2020-10-05  |              69 |               73 |                  69 |                69 |
| C8/1/3/U2 | 613-C3-ANSE-GAULETTE III           | 2020-07-27 | 2020-10-05  |              35 |               38 |                  35 |                35 |
| C8/1/3/U3 | TAKAMAKA I                         | 2020-07-27 | 2020-10-05  |              96 |               99 |                  96 |               101 |
| C8/1/3/U4 | TAKAMAKA II                        | 2020-07-27 | 2020-10-05  |             101 |              103 |                 101 |               102 |
| C8/1/4/U0 | 614-BEOLIERE-NODE-1                | 2020-07-27 | 2020-10-05  |             119 |              125 |                 120 |               126 |
| C8/1/4/U1 | 614-BEOLIERE-NODE-2                | 2020-07-27 | 2020-10-05  |              99 |               99 |                  99 |               104 |
+-----------+------------------------------------+------------+-------------+-----------------+------------------+---------------------+-------------------+
68 rows in set (0.18 sec)

+-----------------------+------------+-------------+-----------------+------------------+----------------------+-------------------+
| MXK_NAME              | MXK_DATE   | INSERTED_ON | UNIQUE_ACCOUNTS | UNIQUE_CONTRACTS | UNIQUE_FSAN_INRCBOSS | UNIQUE_FSAN_INMXK |
+-----------------------+------------+-------------+-----------------+------------------+----------------------+-------------------+
| NULL                  | NULL       | 2020-10-05  |             972 |              984 |                  973 |                 0 |
| MXK-MAHE-ANSEETOILE   | 2020-07-27 | 2020-10-05  |             376 |              379 |                  378 |               398 |
| MXK-MAHE-ANSEROYALE   | 2020-07-27 | 2020-10-05  |             173 |              173 |                  172 |               198 |
| MXK-MAHE-BEAUVALLON-1 | 2020-07-27 | 2020-10-05  |            1789 |             1811 |                 1801 |              1919 |
| MXK-MAHE-BEAUVALLON-2 | 2020-07-27 | 2020-10-05  |              25 |               25 |                   25 |                30 |
| MXK-MAHE-PERSEVERANCE | 2020-07-27 | 2020-10-05  |            1059 |             1069 |                 1070 |              1241 |
| MXK-MAHE-PROVIDENCE   | 2020-07-27 | 2020-10-05  |             983 |             1011 |                  942 |              1192 |
| MXK-PRASLIN-GRANDANSE | 2020-07-27 | 2020-10-05  |            1294 |             1298 |                 1291 |              1514 |
+-----------------------+------------+-------------+-----------------+------------------+----------------------+-------------------+
8 rows in set (0.09 sec)

mysql> mysql \. C:\workspace\cloud\code\sql\_DailyScript\currenttime.sql
+---------------------+
| currenttime         |
+---------------------+
| 2020-10-05 12:29:06 |
+---------------------+
1 row in set (0.00 sec)

mysql> 
mysql> 
mysql> mysql \. C:\workspace\cloud\code\sql\Analysis\service_tickets_assignments.sql
Query OK, 0 rows affected (0.05 sec)

Query OK, 86426 rows affected (13.72 sec)
Records: 86426  Duplicates: 0  Warnings: 0

+-------------------------+
| rep_servicetickets_2020 |
+-------------------------+
|                   86426 |
+-------------------------+
1 row in set (2.14 sec)

mysql> mysql \. C:\workspace\cloud\code\sql\_DailyScript\currenttime.sql
+---------------------+
| currenttime         |
+---------------------+
| 2020-10-05 12:29:22 |
+---------------------+
1 row in set (0.00 sec)

mysql> 
mysql> 
mysql> exit
