    -> 
    -> mysql \. C:\workspace\cloud\code\sql\_DailyScript\_setdates.sql
Database changed
Query OK, 0 rows affected (0.00 sec)

Query OK, 0 rows affected (0.00 sec)

Query OK, 0 rows affected (0.00 sec)

Query OK, 0 rows affected (0.00 sec)

Query OK, 0 rows affected (0.00 sec)

Query OK, 0 rows affected (0.00 sec)

Query OK, 0 rows affected (0.00 sec)

Query OK, 0 rows affected (0.00 sec)

Query OK, 0 rows affected (0.00 sec)

Query OK, 0 rows affected (0.00 sec)

Query OK, 0 rows affected (0.00 sec)

Query OK, 0 rows affected (0.00 sec)

Query OK, 0 rows affected (0.00 sec)

Query OK, 0 rows affected (0.00 sec)

Query OK, 0 rows affected (0.00 sec)

Query OK, 0 rows affected (0.00 sec)

Query OK, 0 rows affected (0.00 sec)

Query OK, 0 rows affected (0.00 sec)

Query OK, 0 rows affected (0.00 sec)

Query OK, 0 rows affected (0.00 sec)

Query OK, 0 rows affected (0.00 sec)

mysql> mysql \. C:\workspace\cloud\code\sql\_DailyScript\currenttime.sql
+---------------------+
| currenttime         |
+---------------------+
| 2019-09-11 08:48:55 |
+---------------------+
1 row in set (0.00 sec)

mysql> 
mysql> mysql \. C:\workspace\cloud\code\sql\_DailyScript\load_RCB_VODTITLES.sql
Database changed
Query OK, 0 rows affected (0.00 sec)

Query OK, 7000 rows affected (0.49 sec)

Query OK, 7012 rows affected, 7012 warnings (0.20 sec)
Records: 7012  Deleted: 0  Skipped: 0  Warnings: 7012

Query OK, 0 rows affected (0.00 sec)

Query OK, 2 rows affected (0.01 sec)

+-----------+
| VODTITLES |
+-----------+
|      7470 |
+-----------+
1 row in set (0.00 sec)

+-----------+-----------+
| titletype | typecount |
+-----------+-----------+
| E         |      5582 |
| N         |       213 |
| T         |      1215 |
| NULL      |      7010 |
+-----------+-----------+
4 rows in set (0.03 sec)

mysql> mysql \. C:\workspace\cloud\code\sql\_DailyScript\currenttime.sql
+---------------------+
| currenttime         |
+---------------------+
| 2019-09-11 08:48:56 |
+---------------------+
1 row in set (0.00 sec)

mysql> 
mysql> mysql \. C:\workspace\cloud\code\sql\_DailyScript\DAILY-SCRIPT-LIVETV-STATS.sql
Database changed
Query OK, 0 rows affected (0.05 sec)

Query OK, 66484 rows affected (1.01 sec)
Records: 66484  Duplicates: 0  Warnings: 0

+------------+------------+----------+--------------+--------------+-----------+-------------+----------+--------+------+------------+---------+---------------+
| Table      | Non_unique | Key_name | Seq_in_index | Column_name  | Collation | Cardinality | Sub_part | Packed | Null | Index_type | Comment | Index_comment |
+------------+------------+----------+--------------+--------------+-----------+-------------+----------+--------+------+------------+---------+---------------+
| templivetv |          1 | idxtv1   |            1 | device       | A         |       66790 |     NULL | NULL   | YES  | BTREE      |         |               |
| templivetv |          1 | idxtv2   |            1 | sessionstart | A         |       66790 |     NULL | NULL   | YES  | BTREE      |         |               |
+------------+------------+----------+--------------+--------------+-----------+-------------+----------+--------+------+------------+---------+---------------+
2 rows in set (0.00 sec)

Query OK, 66060 rows affected (20.62 sec)
Records: 66060  Duplicates: 0  Warnings: 0

Query OK, 2702 rows affected (1.13 sec)
Records: 2702  Duplicates: 0  Warnings: 0

Query OK, 0 rows affected (0.00 sec)

Query OK, 0 rows affected (0.02 sec)

Query OK, 136 rows affected (0.17 sec)
Records: 136  Duplicates: 0  Warnings: 0

Query OK, 0 rows affected (0.06 sec)

Query OK, 87543 rows affected (20 min 14.75 sec)
Records: 87543  Duplicates: 0  Warnings: 0

+-----------------+
| rep_livetvstats |
+-----------------+
|           87543 |
+-----------------+
1 row in set (0.03 sec)

mysql> mysql \. C:\workspace\cloud\code\sql\_DailyScript\currenttime.sql
+---------------------+
| currenttime         |
+---------------------+
| 2019-09-11 09:09:34 |
+---------------------+
1 row in set (0.00 sec)

mysql> 
mysql> mysql \. C:\workspace\cloud\code\sql\_DailyScript\DAILY-SCRIPT-VODTS-STATS.sql
Database changed
Query OK, 0 rows affected (0.04 sec)

Query OK, 2642 rows affected (52.35 sec)
Records: 2642  Duplicates: 0  Warnings: 0

+---------+------------+----------+--------------+--------------+-----------+-------------+----------+--------+------+------------+---------+---------------+
| Table   | Non_unique | Key_name | Seq_in_index | Column_name  | Collation | Cardinality | Sub_part | Packed | Null | Index_type | Comment | Index_comment |
+---------+------------+----------+--------------+--------------+-----------+-------------+----------+--------+------+------------+---------+---------------+
| tempvod |          1 | idxtvod1 |            1 | device       | A         |        2393 |     NULL | NULL   | YES  | BTREE      |         |               |
| tempvod |          1 | idxtvod2 |            1 | sessionstart | A         |        2393 |     NULL | NULL   | YES  | BTREE      |         |               |
+---------+------------+----------+--------------+--------------+-----------+-------------+----------+--------+------+------------+---------+---------------+
2 rows in set (0.00 sec)

Query OK, 2642 rows affected (2.39 sec)
Records: 2642  Duplicates: 0  Warnings: 0

Query OK, 0 rows affected (0.24 sec)

Query OK, 325804 rows affected (33.24 sec)
Records: 325804  Duplicates: 0  Warnings: 0

+--------------+
| rep_vodstats |
+--------------+
|       325804 |
+--------------+
1 row in set (0.11 sec)

Database changed
Query OK, 0 rows affected (0.01 sec)

Query OK, 15348 rows affected (3 min 52.06 sec)
Records: 15348  Duplicates: 0  Warnings: 0

+--------+------------+----------+--------------+--------------+-----------+-------------+----------+--------+------+------------+---------+---------------+
| Table  | Non_unique | Key_name | Seq_in_index | Column_name  | Collation | Cardinality | Sub_part | Packed | Null | Index_type | Comment | Index_comment |
+--------+------------+----------+--------------+--------------+-----------+-------------+----------+--------+------+------------+---------+---------------+
| tempts |          1 | idxtts1  |            1 | device       | A         |       15458 |     NULL | NULL   | YES  | BTREE      |         |               |
| tempts |          1 | idxtts2  |            1 | sessionstart | A         |       15458 |     NULL | NULL   | YES  | BTREE      |         |               |
+--------+------------+----------+--------------+--------------+-----------+-------------+----------+--------+------+------------+---------+---------------+
2 rows in set (0.00 sec)

Query OK, 15343 rows affected (11.73 sec)
Records: 15343  Duplicates: 0  Warnings: 0

Query OK, 0 rows affected (0.02 sec)

Query OK, 23988 rows affected (4 min 5.35 sec)
Records: 23988  Duplicates: 0  Warnings: 0

+-------------+
| rep_tsstats |
+-------------+
|       23988 |
+-------------+
1 row in set (0.01 sec)

mysql> mysql \. C:\workspace\cloud\code\sql\_DailyScript\currenttime.sql
+---------------------+
| currenttime         |
+---------------------+
| 2019-09-11 09:19:12 |
+---------------------+
1 row in set (0.00 sec)

mysql> 
mysql> mysql \. C:\workspace\cloud\code\sql\_DailyScript\DAILY-SCRIPT-RADIO-STATS.sql
Database changed
Query OK, 0 rows affected (0.03 sec)

Query OK, 176117 rows affected (6.05 sec)
Records: 176117  Duplicates: 0  Warnings: 0

+-----------+------------+----------+--------------+--------------+-----------+-------------+----------+--------+------+------------+---------+---------------+
| Table     | Non_unique | Key_name | Seq_in_index | Column_name  | Collation | Cardinality | Sub_part | Packed | Null | Index_type | Comment | Index_comment |
+-----------+------------+----------+--------------+--------------+-----------+-------------+----------+--------+------+------------+---------+---------------+
| tempradio |          1 | idxtrad1 |            1 | device       | A         |      176939 |     NULL | NULL   | YES  | BTREE      |         |               |
| tempradio |          1 | idxtrad2 |            1 | sessionstart | A         |      176939 |     NULL | NULL   | YES  | BTREE      |         |               |
+-----------+------------+----------+--------------+--------------+-----------+-------------+----------+--------+------+------------+---------+---------------+
2 rows in set (0.00 sec)

Query OK, 202 rows affected (2.62 sec)
Records: 202  Duplicates: 0  Warnings: 0

Query OK, 0 rows affected (0.01 sec)

Query OK, 3262 rows affected (0.30 sec)
Records: 3262  Duplicates: 0  Warnings: 0

+----------------+
| rep_radiostats |
+----------------+
|           3262 |
+----------------+
1 row in set (0.00 sec)

mysql> mysql \. C:\workspace\cloud\code\sql\_DailyScript\currenttime.sql
+---------------------+
| currenttime         |
+---------------------+
| 2019-09-11 09:19:21 |
+---------------------+
1 row in set (0.00 sec)

mysql> 
mysql> mysql \. C:\workspace\cloud\code\sql\_DailyScript\DAILY_SCRIPT_TELEMETRY_PIVOT.sql
Query OK, 0 rows affected (0.01 sec)

Query OK, 147 rows affected (0.26 sec)
Records: 147  Duplicates: 0  Warnings: 0

Query OK, 0 rows affected (0.00 sec)

Query OK, 5794 rows affected (1.57 sec)
Records: 5794  Duplicates: 0  Warnings: 0

Query OK, 0 rows affected (0.01 sec)

Query OK, 6 rows affected (0.03 sec)
Records: 6  Duplicates: 0  Warnings: 0

Query OK, 0 rows affected (0.01 sec)

Query OK, 55 rows affected (0.07 sec)
Records: 55  Duplicates: 0  Warnings: 0

mysql> mysql \. C:\workspace\cloud\code\sql\_DailyScript\currenttime.sql
+---------------------+
| currenttime         |
+---------------------+
| 2019-09-11 09:19:23 |
+---------------------+
1 row in set (0.00 sec)

mysql> 
mysql> mysql \. C:\workspace\cloud\code\sql\_DailyScript\telemetry_livetv_ranking2019.sql
Query OK, 0 rows affected (0.00 sec)

Query OK, 147 rows affected (0.01 sec)
Records: 147  Duplicates: 0  Warnings: 0

mysql> mysql \. C:\workspace\cloud\code\sql\_DailyScript\currenttime.sql
+---------------------+
| currenttime         |
+---------------------+
| 2019-09-11 09:19:23 |
+---------------------+
1 row in set (0.00 sec)

mysql> 
mysql> mysql \. C:\workspace\cloud\code\sql\_DailyScript\telemetry_radio_ranking2019.sql
Query OK, 0 rows affected (0.01 sec)

Query OK, 6 rows affected (0.02 sec)
Records: 6  Duplicates: 0  Warnings: 0

mysql> mysql \. C:\workspace\cloud\code\sql\_DailyScript\currenttime.sql
+---------------------+
| currenttime         |
+---------------------+
| 2019-09-11 09:19:23 |
+---------------------+
1 row in set (0.00 sec)

mysql> 
mysql> mysql \. C:\workspace\cloud\code\sql\_DailyScript\telemetry_ts_ranking2019.sql
Query OK, 0 rows affected (0.17 sec)

Query OK, 55 rows affected (0.01 sec)
Records: 55  Duplicates: 0  Warnings: 0

mysql> mysql \. C:\workspace\cloud\code\sql\_DailyScript\currenttime.sql
+---------------------+
| currenttime         |
+---------------------+
| 2019-09-11 09:19:23 |
+---------------------+
1 row in set (0.00 sec)

mysql> 
mysql> mysql \. C:\workspace\cloud\code\sql\_DailyScript\telemetry_vod_ranking2019.sql
Query OK, 0 rows affected (0.00 sec)

Query OK, 5794 rows affected (0.56 sec)
Records: 5794  Duplicates: 0  Warnings: 0

mysql> mysql \. C:\workspace\cloud\code\sql\_DailyScript\currenttime.sql
+---------------------+
| currenttime         |
+---------------------+
| 2019-09-11 09:19:23 |
+---------------------+
1 row in set (0.00 sec)

mysql> 
mysql> mysql \. C:\workspace\cloud\code\sql\_DailyScript\telemetry_vod_ranking2019_1.sql
Query OK, 0 rows affected (0.01 sec)

Query OK, 5794 rows affected (0.14 sec)
Records: 5794  Duplicates: 0  Warnings: 0

mysql> mysql \. C:\workspace\cloud\code\sql\_DailyScript\currenttime.sql
+---------------------+
| currenttime         |
+---------------------+
| 2019-09-11 09:19:24 |
+---------------------+
1 row in set (0.00 sec)

mysql> 
mysql> mysql \. C:\workspace\cloud\code\sql\_DailyScript\telemetry_vod_ranking2019_2.sql
Query OK, 0 rows affected (0.08 sec)

Query OK, 5794 rows affected (0.27 sec)
Records: 5794  Duplicates: 0  Warnings: 0

mysql> mysql \. C:\workspace\cloud\code\sql\_DailyScript\currenttime.sql
+---------------------+
| currenttime         |
+---------------------+
| 2019-09-11 09:19:24 |
+---------------------+
1 row in set (0.00 sec)

mysql> 
mysql> mysql \. C:\workspace\cloud\code\sql\_DailyScript\DAILY-SCRIPT-CREATE-LOAD.sql
Database changed
Database changed
Query OK, 0 rows affected (0.02 sec)

Query OK, 0 rows affected (0.03 sec)

Database changed
Query OK, 65650 rows affected (4.04 sec)
Records: 65650  Deleted: 0  Skipped: 0  Warnings: 0

Query OK, 0 rows affected (0.17 sec)
Records: 0  Duplicates: 0  Warnings: 0

Query OK, 0 rows affected (0.43 sec)
Records: 0  Duplicates: 0  Warnings: 0

Query OK, 0 rows affected (0.35 sec)
Records: 0  Duplicates: 0  Warnings: 0

Query OK, 0 rows affected (0.27 sec)
Records: 0  Duplicates: 0  Warnings: 0

+---------+
| clients |
+---------+
|   65650 |
+---------+
1 row in set (0.02 sec)

Query OK, 0 rows affected (0.06 sec)

Query OK, 2270 rows affected (0.53 sec)
Records: 2270  Duplicates: 0  Warnings: 0

+-------------------+
| rcb_clientparcels |
+-------------------+
|              2270 |
+-------------------+
1 row in set (0.00 sec)

Query OK, 0 rows affected (0.05 sec)

Query OK, 85523 rows affected (3.98 sec)
Records: 85523  Duplicates: 0  Warnings: 0

Query OK, 0 rows affected (0.36 sec)
Records: 0  Duplicates: 0  Warnings: 0

Query OK, 0 rows affected (0.09 sec)

Query OK, 65650 rows affected (3.14 sec)
Records: 65650  Duplicates: 0  Warnings: 0

Query OK, 0 rows affected (0.37 sec)
Records: 0  Duplicates: 0  Warnings: 0

Query OK, 0 rows affected (0.27 sec)
Records: 0  Duplicates: 0  Warnings: 0

Query OK, 0 rows affected (0.41 sec)
Records: 0  Duplicates: 0  Warnings: 0

+---------------+
| clientaddress |
+---------------+
|         65650 |
+---------------+
1 row in set (0.02 sec)

Database changed
Query OK, 0 rows affected (0.06 sec)

Query OK, 0 rows affected (0.01 sec)

Database changed
Query OK, 486571 rows affected, 65535 warnings (20.34 sec)
Records: 486571  Deleted: 0  Skipped: 0  Warnings: 190777

Query OK, 0 rows affected (6.80 sec)
Records: 0  Duplicates: 0  Warnings: 0

Query OK, 0 rows affected (4.51 sec)
Records: 0  Duplicates: 0  Warnings: 0

Query OK, 0 rows affected (3.88 sec)
Records: 0  Duplicates: 0  Warnings: 0

Query OK, 0 rows affected (0.04 sec)

Query OK, 486571 rows affected (56.61 sec)
Records: 486571  Duplicates: 0  Warnings: 0

Query OK, 0 rows affected (2.18 sec)
Records: 0  Duplicates: 0  Warnings: 0

Query OK, 0 rows affected (1.69 sec)
Records: 0  Duplicates: 0  Warnings: 0

+-----------+
| contracts |
+-----------+
|    486571 |
+-----------+
1 row in set (0.20 sec)

+-----------------+
| contractaddress |
+-----------------+
|          486571 |
+-----------------+
1 row in set (0.16 sec)

Database changed
Query OK, 0 rows affected (0.01 sec)

Query OK, 0 rows affected (0.01 sec)

Query OK, 7050 rows affected (0.34 sec)
Records: 7050  Deleted: 0  Skipped: 0  Warnings: 0

Query OK, 0 rows affected (0.01 sec)

Query OK, 7019 rows affected (2.01 sec)
Records: 7019  Duplicates: 0  Warnings: 0

Query OK, 0 rows affected (0.06 sec)
Records: 0  Duplicates: 0  Warnings: 0

Query OK, 0 rows affected (0.01 sec)

Query OK, 5514 rows affected (0.09 sec)
Records: 5514  Duplicates: 0  Warnings: 0

Query OK, 0 rows affected (0.03 sec)
Records: 0  Duplicates: 0  Warnings: 0

+-------------------+
| contractdiscounts |
+-------------------+
|              7050 |
+-------------------+
1 row in set (0.01 sec)

+-------------------------+
| clientcontractdiscounts |
+-------------------------+
|                    7019 |
+-------------------------+
1 row in set (0.00 sec)

+----------------------------+
| clientcontractlastdiscount |
+----------------------------+
|                       5514 |
+----------------------------+
1 row in set (0.00 sec)

Database changed
Query OK, 0 rows affected (0.32 sec)

Query OK, 0 rows affected (0.01 sec)

Database changed
Query OK, 130308 rows affected (3.91 sec)
Records: 130308  Deleted: 0  Skipped: 0  Warnings: 0

Query OK, 0 rows affected (0.65 sec)
Records: 0  Duplicates: 0  Warnings: 0

Query OK, 0 rows affected (0.44 sec)
Records: 0  Duplicates: 0  Warnings: 0

Query OK, 0 rows affected (0.38 sec)
Records: 0  Duplicates: 0  Warnings: 0

Query OK, 0 rows affected (0.65 sec)
Records: 0  Duplicates: 0  Warnings: 0

Query OK, 0 rows affected (0.85 sec)
Records: 0  Duplicates: 0  Warnings: 0

Query OK, 0 rows affected (0.62 sec)
Records: 0  Duplicates: 0  Warnings: 0

Query OK, 0 rows affected (0.27 sec)

Query OK, 1660863 rows affected (3 min 9.53 sec)
Records: 1660863  Duplicates: 0  Warnings: 0

+---------+
| devices |
+---------+
|  130308 |
+---------+
1 row in set (0.07 sec)

+-----------------------+
| clientcontractdevices |
+-----------------------+
|               1660863 |
+-----------------------+
1 row in set (0.76 sec)

Query OK, 0 rows affected (0.05 sec)

Query OK, 130223 rows affected (8.14 sec)
Records: 130223  Duplicates: 0  Warnings: 0

+---------------------------+
| rep_clientcontractdevices |
+---------------------------+
|                    130223 |
+---------------------------+
1 row in set (0.04 sec)

Database changed
Query OK, 0 rows affected (0.03 sec)

Query OK, 0 rows affected (0.01 sec)

Query OK, 255554 rows affected (8.59 sec)
Records: 255554  Deleted: 0  Skipped: 0  Warnings: 0

Query OK, 0 rows affected (0.80 sec)
Records: 0  Duplicates: 0  Warnings: 0

Query OK, 0 rows affected (1.02 sec)
Records: 0  Duplicates: 0  Warnings: 0

Query OK, 0 rows affected (0.82 sec)
Records: 0  Duplicates: 0  Warnings: 0

Query OK, 0 rows affected (0.66 sec)
Records: 0  Duplicates: 0  Warnings: 0

+---------+
| tickets |
+---------+
|  255554 |
+---------+
1 row in set (0.08 sec)

Database changed
Query OK, 0 rows affected (0.00 sec)

Query OK, 0 rows affected (0.01 sec)

Empty set (0.00 sec)

Query OK, 0 rows affected (0.01 sec)
Records: 0  Duplicates: 0  Warnings: 0

Query OK, 315 rows affected, 2 warnings (0.01 sec)
Records: 315  Deleted: 0  Skipped: 0  Warnings: 2

+-----------------+
| tickettechusers |
+-----------------+
|             315 |
+-----------------+
1 row in set (0.00 sec)

Database changed
Query OK, 0 rows affected (0.02 sec)

Query OK, 0 rows affected (0.01 sec)

Query OK, 0 rows affected (0.01 sec)
Records: 0  Duplicates: 0  Warnings: 0

Query OK, 537709 rows affected, 42716 warnings (11.94 sec)
Records: 537709  Deleted: 0  Skipped: 0  Warnings: 42716

+-------------------+
| ticketassignments |
+-------------------+
|            537709 |
+-------------------+
1 row in set (0.17 sec)

Database changed
Query OK, 0 rows affected (0.05 sec)

Query OK, 0 rows affected (0.01 sec)

Query OK, 1116640 rows affected (18.24 sec)
Records: 1116640  Deleted: 0  Skipped: 0  Warnings: 0

Query OK, 0 rows affected (10.82 sec)
Records: 0  Duplicates: 0  Warnings: 0

Query OK, 0 rows affected (3.79 sec)
Records: 0  Duplicates: 0  Warnings: 0

Query OK, 0 rows affected (3.29 sec)
Records: 0  Duplicates: 0  Warnings: 0

Query OK, 0 rows affected (3.17 sec)
Records: 0  Duplicates: 0  Warnings: 0

+----------------+
| ticketcomments |
+----------------+
|        1116640 |
+----------------+
1 row in set (0.38 sec)

Database changed
Query OK, 0 rows affected (0.01 sec)

Query OK, 0 rows affected (0.01 sec)

Query OK, 416707 rows affected (45.80 sec)
Records: 416707  Deleted: 0  Skipped: 0  Warnings: 0

Query OK, 0 rows affected (2.82 sec)
Records: 0  Duplicates: 0  Warnings: 0

+----------+
| comments |
+----------+
|   416707 |
+----------+
1 row in set (0.15 sec)

Database changed
Query OK, 0 rows affected (0.09 sec)

Query OK, 0 rows affected (0.01 sec)

Query OK, 942412 rows affected, 65535 warnings (1 min 7.94 sec)
Records: 942412  Deleted: 0  Skipped: 0  Warnings: 942413

Query OK, 0 rows affected (5.04 sec)
Records: 0  Duplicates: 0  Warnings: 0

Query OK, 0 rows affected (3.30 sec)
Records: 0  Duplicates: 0  Warnings: 0

Query OK, 0 rows affected (2.90 sec)
Records: 0  Duplicates: 0  Warnings: 0

Query OK, 0 rows affected (3.35 sec)
Records: 0  Duplicates: 0  Warnings: 0

Query OK, 0 rows affected (5.65 sec)
Records: 0  Duplicates: 0  Warnings: 0

+------------+
| devicesold |
+------------+
|     942412 |
+------------+
1 row in set (0.36 sec)

Database changed
Query OK, 0 rows affected (0.02 sec)

Query OK, 0 rows affected (0.01 sec)

Query OK, 1654359 rows affected (27.10 sec)
Records: 1654359  Deleted: 0  Skipped: 0  Warnings: 0

Query OK, 0 rows affected (7.71 sec)
Records: 0  Duplicates: 0  Warnings: 0

Query OK, 0 rows affected (5.24 sec)
Records: 0  Duplicates: 0  Warnings: 0

Query OK, 0 rows affected (4.96 sec)
Records: 0  Duplicates: 0  Warnings: 0

+------------------+
| contractservices |
+------------------+
|          1654359 |
+------------------+
1 row in set (0.56 sec)

Database changed
Query OK, 0 rows affected (0.10 sec)

Query OK, 0 rows affected (0.01 sec)

Query OK, 3760541 rows affected (2 min 6.54 sec)
Records: 3760541  Deleted: 0  Skipped: 0  Warnings: 0

Query OK, 0 rows affected (16.58 sec)
Records: 0  Duplicates: 0  Warnings: 0

Query OK, 0 rows affected (16.79 sec)
Records: 0  Duplicates: 0  Warnings: 0

Query OK, 0 rows affected (12.03 sec)
Records: 0  Duplicates: 0  Warnings: 0

Query OK, 0 rows affected (16.26 sec)
Records: 0  Duplicates: 0  Warnings: 0

+------------------+
| invoicescontents |
+------------------+
|          3760541 |
+------------------+
1 row in set (1.32 sec)

Database changed
Query OK, 0 rows affected (0.07 sec)

Query OK, 0 rows affected (0.01 sec)

Query OK, 2606053 rows affected (3 min 7.25 sec)
Records: 2606053  Deleted: 0  Skipped: 0  Warnings: 0

Query OK, 0 rows affected (15.33 sec)
Records: 0  Duplicates: 0  Warnings: 0

Query OK, 0 rows affected (13.90 sec)
Records: 0  Duplicates: 0  Warnings: 0

Query OK, 0 rows affected (12.13 sec)
Records: 0  Duplicates: 0  Warnings: 0

Query OK, 0 rows affected (10.82 sec)
Records: 0  Duplicates: 0  Warnings: 0

Query OK, 0 rows affected (12.11 sec)
Records: 0  Duplicates: 0  Warnings: 0

+----------------+
| invoicesheader |
+----------------+
|        2606053 |
+----------------+
1 row in set (0.92 sec)

Database changed
Query OK, 0 rows affected (0.06 sec)

Query OK, 0 rows affected (0.01 sec)

Query OK, 2718624 rows affected (1 min 24.90 sec)
Records: 2718624  Deleted: 0  Skipped: 0  Warnings: 0

Query OK, 0 rows affected (12.09 sec)
Records: 0  Duplicates: 0  Warnings: 0

Query OK, 0 rows affected (9.71 sec)
Records: 0  Duplicates: 0  Warnings: 0

Query OK, 0 rows affected (9.90 sec)
Records: 0  Duplicates: 0  Warnings: 0

Query OK, 0 rows affected (9.13 sec)
Records: 0  Duplicates: 0  Warnings: 0

+---------+
| casa    |
+---------+
| 2718624 |
+---------+
1 row in set (1.00 sec)

Query OK, 0 rows affected (0.01 sec)

Query OK, 12852 rows affected (1 min 26.21 sec)
Records: 12852  Duplicates: 0  Warnings: 0

+--------------------+
| rep_paycol_channel |
+--------------------+
|              12852 |
+--------------------+
1 row in set (0.01 sec)

Query OK, 0 rows affected (0.01 sec)

Query OK, 8607 rows affected (1 min 39.33 sec)
Records: 8607  Duplicates: 0  Warnings: 0

+----------------+
| rep_paycol_pos |
+----------------+
|           8607 |
+----------------+
1 row in set (0.01 sec)

Database changed
Query OK, 0 rows affected (0.02 sec)

Query OK, 0 rows affected (0.01 sec)

Database changed
Query OK, 38419 rows affected (1.01 sec)
Records: 38419  Deleted: 0  Skipped: 0  Warnings: 0

+-------+
| users |
+-------+
| 38419 |
+-------+
1 row in set (0.02 sec)

Database changed
Query OK, 0 rows affected (0.05 sec)

Query OK, 0 rows affected (0.00 sec)

Database changed
Query OK, 8888013 rows affected (2 min 4.58 sec)
Records: 8888013  Deleted: 0  Skipped: 0  Warnings: 0

Query OK, 0 rows affected (33.27 sec)
Records: 0  Duplicates: 0  Warnings: 0

Query OK, 0 rows affected (33.29 sec)
Records: 0  Duplicates: 0  Warnings: 0

Query OK, 0 rows affected (35.26 sec)
Records: 0  Duplicates: 0  Warnings: 0

Query OK, 0 rows affected (32.92 sec)
Records: 0  Duplicates: 0  Warnings: 0

+----------+
| ipusage1 |
+----------+
|  8888013 |
+----------+
1 row in set (8.00 sec)

Query OK, 0 rows affected (0.09 sec)

Query OK, 8962975 rows affected, 65535 warnings (11 min 38.21 sec)
Records: 8962975  Duplicates: 0  Warnings: 8960438

Query OK, 0 rows affected (28.85 sec)
Records: 0  Duplicates: 0  Warnings: 0

Query OK, 0 rows affected (32.75 sec)
Records: 0  Duplicates: 0  Warnings: 0

Query OK, 0 rows affected (31.62 sec)
Records: 0  Duplicates: 0  Warnings: 0

Query OK, 0 rows affected (32.00 sec)
Records: 0  Duplicates: 0  Warnings: 0

Query OK, 0 rows affected (47.66 sec)
Records: 0  Duplicates: 0  Warnings: 0

Query OK, 0 rows affected (51.76 sec)
Records: 0  Duplicates: 0  Warnings: 0

Query OK, 0 rows affected (45.72 sec)
Records: 0  Duplicates: 0  Warnings: 0

+---------+
| ipusage |
+---------+
| 8962975 |
+---------+
1 row in set (6.84 sec)

Query OK, 0 rows affected (0.11 sec)

Query OK, 2298201 rows affected (2 min 39.32 sec)
Records: 2298201  Duplicates: 0  Warnings: 0

Query OK, 0 rows affected (9.84 sec)
Records: 0  Duplicates: 0  Warnings: 0

Query OK, 0 rows affected (6.87 sec)
Records: 0  Duplicates: 0  Warnings: 0

Query OK, 0 rows affected (10.01 sec)
Records: 0  Duplicates: 0  Warnings: 0

Query OK, 0 rows affected (12.77 sec)
Records: 0  Duplicates: 0  Warnings: 0

Query OK, 0 rows affected (6.12 sec)
Records: 0  Duplicates: 0  Warnings: 0

Query OK, 0 rows affected (0.02 sec)

Query OK, 177638 rows affected (19.71 sec)
Records: 177638  Duplicates: 0  Warnings: 0

Query OK, 0 rows affected (0.69 sec)
Records: 0  Duplicates: 0  Warnings: 0

Query OK, 0 rows affected (0.65 sec)
Records: 0  Duplicates: 0  Warnings: 0

Query OK, 0 rows affected (0.71 sec)
Records: 0  Duplicates: 0  Warnings: 0

Query OK, 0 rows affected (0.41 sec)
Records: 0  Duplicates: 0  Warnings: 0

Query OK, 0 rows affected (0.39 sec)
Records: 0  Duplicates: 0  Warnings: 0

Query OK, 0 rows affected (0.04 sec)

Query OK, 1654181 rows affected (1 min 3.70 sec)
Records: 1654181  Duplicates: 0  Warnings: 0

Query OK, 0 rows affected (9.57 sec)
Records: 0  Duplicates: 0  Warnings: 0

Query OK, 0 rows affected (4.15 sec)
Records: 0  Duplicates: 0  Warnings: 0

Query OK, 0 rows affected (6.86 sec)
Records: 0  Duplicates: 0  Warnings: 0

mysql> mysql \. C:\workspace\cloud\code\sql\_DailyScript\currenttime.sql
+---------------------+
| currenttime         |
+---------------------+
| 2019-09-11 10:07:22 |
+---------------------+
1 row in set (0.00 sec)

mysql> 
mysql> mysql \. C:\workspace\cloud\code\sql\_DailyScript\ticket_analysis.sql
Database changed
Query OK, 0 rows affected (0.02 sec)

Query OK, 477620 rows affected (21.59 sec)
Records: 477620  Duplicates: 0  Warnings: 0

Query OK, 0 rows affected (6.41 sec)
Records: 0  Duplicates: 0  Warnings: 0

Query OK, 0 rows affected (1.68 sec)
Records: 0  Duplicates: 0  Warnings: 0

Query OK, 0 rows affected (1.80 sec)
Records: 0  Duplicates: 0  Warnings: 0

Query OK, 0 rows affected (0.02 sec)

Query OK, 16456 rows affected (10.99 sec)
Records: 16456  Duplicates: 0  Warnings: 0

Query OK, 0 rows affected, 1 warning (0.00 sec)

Query OK, 65668 rows affected (6.81 sec)
Records: 65668  Duplicates: 0  Warnings: 0

Query OK, 0 rows affected, 1 warning (0.00 sec)

Query OK, 341681 rows affected (13.45 sec)
Records: 341681  Duplicates: 0  Warnings: 0

Query OK, 0 rows affected, 1 warning (0.00 sec)

Query OK, 341681 rows affected (11.65 sec)
Records: 341681  Duplicates: 0  Warnings: 0

Query OK, 0 rows affected (0.07 sec)

Query OK, 65713 rows affected (5.46 sec)
Records: 65713  Duplicates: 0  Warnings: 0

Database changed
Query OK, 0 rows affected (0.00 sec)

Query OK, 0 rows affected (0.13 sec)

Query OK, 477620 rows affected (20.44 sec)
Records: 477620  Duplicates: 0  Warnings: 0

Query OK, 0 rows affected (0.02 sec)

Query OK, 230262 rows affected (16.27 sec)
Records: 230262  Duplicates: 0  Warnings: 0

+--------------------------+
| clientticket_cmmtjourney |
+--------------------------+
|                   477620 |
+--------------------------+
1 row in set (3.68 sec)

+---------------------------+
| clientticket_assgnjourney |
+---------------------------+
|                    230262 |
+---------------------------+
1 row in set (0.29 sec)

Query OK, 0 rows affected (0.01 sec)

Query OK, 82 rows affected (0.10 sec)
Records: 82  Duplicates: 0  Warnings: 0

mysql> mysql \. C:\workspace\cloud\code\sql\_DailyScript\currenttime.sql
+---------------------+
| currenttime         |
+---------------------+
| 2019-09-11 10:09:23 |
+---------------------+
1 row in set (0.00 sec)

mysql> 
mysql> mysql \. C:\workspace\cloud\code\sql\_DailyScript\load_DailyCalls.sql
Database changed
Query OK, 368 rows affected (0.54 sec)
Records: 368  Deleted: 0  Skipped: 0  Warnings: 0

Query OK, 0 rows affected, 1 warning (0.00 sec)

Query OK, 352 rows affected (0.14 sec)
Records: 352  Duplicates: 0  Warnings: 0

Query OK, 0 rows affected, 1 warning (0.00 sec)

Query OK, 67411 rows affected (0.38 sec)
Records: 67411  Duplicates: 0  Warnings: 0

+----------------------+
| callingclientsbefore |
+----------------------+
|               750632 |
+----------------------+
1 row in set (1.02 sec)

Query OK, 464 rows affected (9.16 sec)
Records: 464  Duplicates: 0  Warnings: 0

+---------------------+
| callingclientsafter |
+---------------------+
|              751096 |
+---------------------+
1 row in set (0.23 sec)

Query OK, 0 rows affected (0.01 sec)

Query OK, 259 rows affected (11.75 sec)
Records: 259  Duplicates: 0  Warnings: 0

Query OK, 0 rows affected (0.00 sec)

Query OK, 15422 rows affected (2.60 sec)
Records: 15422  Duplicates: 0  Warnings: 0

+-----------+
| callstats |
+-----------+
|     15422 |
+-----------+
1 row in set (0.01 sec)

Query OK, 0 rows affected, 1 warning (0.00 sec)

Query OK, 464 rows affected (8.54 sec)
Records: 464  Duplicates: 0  Warnings: 0

+------------------------+
| rep_cccallreportbefore |
+------------------------+
|                 754469 |
+------------------------+
1 row in set (0.25 sec)

Query OK, 464 rows affected (1.24 sec)
Records: 464  Duplicates: 0  Warnings: 0

+-----------------------+
| rep_cccallreportafter |
+-----------------------+
|                754933 |
+-----------------------+
1 row in set (0.23 sec)

Query OK, 0 rows affected (0.01 sec)

mysql> mysql \. C:\workspace\cloud\code\sql\_DailyScript\currenttime.sql
+---------------------+
| currenttime         |
+---------------------+
| 2019-09-11 10:09:59 |
+---------------------+
1 row in set (0.00 sec)

mysql> 
mysql> mysql \. C:\workspace\cloud\code\sql\_DailyScript\DAILY-SCRIPT-USAGE.sql
Database changed
Query OK, 0 rows affected (0.00 sec)

ERROR 2 (HY000): File 'C:\ProgramData\MySQL\MySQL Server 5.7\Uploads\_csv\cdrUsageClient-Capped-10092019.csv' not found (Errcode: 2 - No such file or directory)
Query OK, 0 rows affected (0.00 sec)

ERROR 2 (HY000): File 'C:\ProgramData\MySQL\MySQL Server 5.7\Uploads\_csv\cdrUsageClient-UnCapped-10092019.csv' not found (Errcode: 2 - No such file or directory)
Query OK, 0 rows affected (0.00 sec)

ERROR 2 (HY000): File 'C:\ProgramData\MySQL\MySQL Server 5.7\Uploads\_csv\cdrUsageClient-PREPAID-10092019.csv' not found (Errcode: 2 - No such file or directory)
Query OK, 0 rows affected (0.00 sec)

ERROR 2 (HY000): File 'C:\ProgramData\MySQL\MySQL Server 5.7\Uploads\_csv\cdrUsageClient-Hotspot-10092019.csv' not found (Errcode: 2 - No such file or directory)
+------------+
| dailyusage |
+------------+
|    7651224 |
+------------+
1 row in set (32.16 sec)

+------------+------------+------------+---------+
| datestart  | dateend    | insertedon | records |
+------------+------------+------------+---------+
| 2019-09-09 | 2019-09-09 | 2019-09-10 |   17438 |
| 2019-09-08 | 2019-09-08 | 2019-09-09 |   17181 |
| 2019-09-07 | 2019-09-07 | 2019-09-08 |   17246 |
| 2019-09-06 | 2019-09-06 | 2019-09-07 |   17481 |
| 2019-09-05 | 2019-09-05 | 2019-09-06 |   17532 |
+------------+------------+------------+---------+
5 rows in set (2 min 34.11 sec)

mysql> mysql \. C:\workspace\cloud\code\sql\_DailyScript\currenttime.sql
+---------------------+
| currenttime         |
+---------------------+
| 2019-09-11 10:13:06 |
+---------------------+
1 row in set (0.00 sec)

mysql> 
mysql> mysql \. C:\workspace\cloud\code\sql\_DailyScript\DAILY-SCRIPT-SALES-TELEMETRY.sql
Database changed
ERROR 2 (HY000): File 'C:\ProgramData\MySQL\MySQL Server 5.7\Uploads\_csv\SalesReport-10092019-1.csv' not found (Errcode: 2 - No such file or directory)
+------------+
| dailysales |
+------------+
|     166491 |
+------------+
1 row in set (0.44 sec)

Query OK, 0 rows affected (0.01 sec)

Query OK, 166491 rows affected (21.04 sec)
Records: 166491  Duplicates: 0  Warnings: 0

+--------+
| sales  |
+--------+
| 166491 |
+--------+
1 row in set (0.08 sec)

Query OK, 0 rows affected (0.01 sec)

Query OK, 2661 rows affected (0.33 sec)
Records: 2661  Duplicates: 0  Warnings: 0

+----------------+
| rep_dailysales |
+----------------+
|           2661 |
+----------------+
1 row in set (0.00 sec)

Query OK, 0 rows affected (0.01 sec)

Query OK, 2661 rows affected (0.53 sec)
Records: 2661  Duplicates: 0  Warnings: 0

+-------------------+
| rep_dailysalesreg |
+-------------------+
|              2661 |
+-------------------+
1 row in set (0.00 sec)

Query OK, 0 rows affected (0.00 sec)

Query OK, 2510 rows affected (0.68 sec)
Records: 2510  Duplicates: 0  Warnings: 0

+-----------+
| saleslist |
+-----------+
|      2510 |
+-----------+
1 row in set (0.00 sec)

Database changed
ERROR 2 (HY000): File 'C:\ProgramData\MySQL\MySQL Server 5.7\Uploads\_csv\PrepaidCardSales-10092019-P1.csv' not found (Errcode: 2 - No such file or directory)
+------------------+
| dailysinglesales |
+------------------+
|             5936 |
+------------------+
1 row in set (0.35 sec)

Database changed
ERROR 2 (HY000): File 'C:\ProgramData\MySQL\MySQL Server 5.7\Uploads\_csv\Sales-Addon-10092019.csv' not found (Errcode: 2 - No such file or directory)
+-----------------+
| dailyaddonsales |
+-----------------+
|           16860 |
+-----------------+
1 row in set (0.19 sec)

ERROR 2 (HY000): File 'C:\ProgramData\MySQL\MySQL Server 5.7\Uploads\_csv\eBarclays-PaymentsList-10092019.csv' not found (Errcode: 2 - No such file or directory)
+----------------+
| onlinepayments |
+----------------+
|          63760 |
+----------------+
1 row in set (0.09 sec)

+-------------+----------------+---------------------+
| paymentdate | onlinepayments | onlinepaymentamount |
+-------------+----------------+---------------------+
| 2019-09-09  |             97 |         56917.70000 |
| 2019-09-08  |             77 |         42859.41000 |
| 2019-09-07  |             84 |         50614.81000 |
| 2019-09-06  |             98 |         67714.50000 |
| 2019-09-05  |            113 |         67516.85000 |
+-------------+----------------+---------------------+
5 rows in set (2.29 sec)

+-------------+--------------+----------------+---------------------+
| paymentyear | paymentmonth | onlinepayments | onlinepaymentamount |
+-------------+--------------+----------------+---------------------+
|        2019 |            9 |            952 |        637818.51000 |
|        2019 |            8 |           3117 |       1993718.27000 |
|        2019 |            7 |           3028 |       2000847.29000 |
|        2019 |            6 |           2798 |       1782990.54000 |
|        2019 |            5 |           2949 |       1930613.93000 |
+-------------+--------------+----------------+---------------------+
5 rows in set (0.07 sec)

mysql> mysql \. C:\workspace\cloud\code\sql\_DailyScript\currenttime.sql
+---------------------+
| currenttime         |
+---------------------+
| 2019-09-11 10:13:32 |
+---------------------+
1 row in set (0.00 sec)

mysql> 
mysql> mysql \. C:\workspace\cloud\code\sql\_DailyScript\DAILY-SCRIPT-ACTIVENUMBERS.sql
Database changed
ERROR 2 (HY000): File 'C:\ProgramData\MySQL\MySQL Server 5.7\Uploads\_csv\DailySubscriptionStats-10092019.csv' not found (Errcode: 2 - No such file or directory)
+------------+----------+
| period     | count(1) |
+------------+----------+
| 2019-09-09 |     1262 |
| 2019-09-08 |     1261 |
| 2019-09-07 |     1261 |
| 2019-09-06 |     1260 |
| 2019-09-05 |     1259 |
| 2019-09-04 |     1259 |
+------------+----------+
6 rows in set (0.01 sec)

Query OK, 0 rows affected (0.01 sec)

Query OK, 0 rows affected (0.02 sec)
Records: 0  Duplicates: 0  Warnings: 0

+-------------+
| packagelist |
+-------------+
|           0 |
+-------------+
1 row in set (0.00 sec)

Database changed
Query OK, 0 rows affected (0.00 sec)

Query OK, 0 rows affected (0.00 sec)

Query OK, 0 rows affected (0.00 sec)

Query OK, 0 rows affected (0.00 sec)

ERROR 2 (HY000): File 'C:\ProgramData\MySQL\MySQL Server 5.7\Uploads\_csv\2019-09-10;2019-09-10.csv' not found (Errcode: 2 - No such file or directory)
+------------+----------+
| period     | count(1) |
+------------+----------+
| 2019-09-09 |    26952 |
| 2019-09-08 |    26837 |
| 2019-09-07 |    27037 |
| 2019-09-06 |    27080 |
| 2019-09-05 |    27069 |
+------------+----------+
5 rows in set (0.14 sec)

Query OK, 0 rows affected (0.02 sec)

Query OK, 0 rows affected (0.02 sec)
Records: 0  Duplicates: 0  Warnings: 0

Query OK, 0 rows affected (0.01 sec)
Records: 0  Duplicates: 0  Warnings: 0

Query OK, 0 rows affected (0.01 sec)
Records: 0  Duplicates: 0  Warnings: 0

Query OK, 0 rows affected (0.02 sec)
Records: 0  Duplicates: 0  Warnings: 0

Query OK, 0 rows affected (0.02 sec)
Records: 0  Duplicates: 0  Warnings: 0

Query OK, 0 rows affected (0.02 sec)
Records: 0  Duplicates: 0  Warnings: 0

Query OK, 0 rows affected (0.01 sec)
Records: 0  Duplicates: 0  Warnings: 0

+-------------+
| countbefore |
+-------------+
|    29221814 |
+-------------+
1 row in set (51.87 sec)

Query OK, 0 rows affected (0.00 sec)
Records: 0  Duplicates: 0  Warnings: 0

+------------+
| countafter |
+------------+
|   29221814 |
+------------+
1 row in set (9.38 sec)

+------------+--------------------------+
| period     | customercontractactivity |
+------------+--------------------------+
| 2019-09-09 |                    26322 |
| 2019-09-08 |                    26207 |
| 2019-09-07 |                    26407 |
| 2019-09-06 |                    26450 |
| 2019-09-05 |                    26439 |
+------------+--------------------------+
5 rows in set (0.08 sec)

Query OK, 0 rows affected (0.03 sec)

Query OK, 227283 rows affected (13 min 11.89 sec)
Records: 227283  Duplicates: 0  Warnings: 0

Query OK, 0 rows affected (1.06 sec)
Records: 0  Duplicates: 0  Warnings: 0

Query OK, 0 rows affected (1.06 sec)
Records: 0  Duplicates: 0  Warnings: 0

Query OK, 0 rows affected (1.04 sec)
Records: 0  Duplicates: 0  Warnings: 0

Query OK, 0 rows affected (0.01 sec)

Query OK, 0 rows affected (0.03 sec)
Records: 0  Duplicates: 0  Warnings: 0

Query OK, 0 rows affected (0.01 sec)

Query OK, 0 rows affected (0.00 sec)
Records: 0  Duplicates: 0  Warnings: 0

Query OK, 0 rows affected (0.01 sec)

Query OK, 0 rows affected (0.01 sec)
Records: 0  Duplicates: 0  Warnings: 0

Query OK, 0 rows affected (0.01 sec)

Query OK, 0 rows affected (0.01 sec)
Records: 0  Duplicates: 0  Warnings: 0

Query OK, 0 rows affected (0.01 sec)

Query OK, 0 rows affected (0.01 sec)
Records: 0  Duplicates: 0  Warnings: 0

Query OK, 0 rows affected (0.02 sec)

Query OK, 0 rows affected (0.01 sec)
Records: 0  Duplicates: 0  Warnings: 0

Query OK, 0 rows affected (0.03 sec)

Query OK, 0 rows affected (0.01 sec)
Records: 0  Duplicates: 0  Warnings: 0

+-------------+
| clientstats |
+-------------+
|           0 |
+-------------+
1 row in set (0.00 sec)

Query OK, 0 rows affected (0.01 sec)

Query OK, 0 rows affected, 1 warning (0.01 sec)
Records: 0  Duplicates: 0  Warnings: 1

Empty set (0.00 sec)

Empty set, 1 warning (0.00 sec)

Empty set, 2 warnings (0.00 sec)

Query OK, 0 rows affected (0.00 sec)

Query OK, 0 rows affected, 3 warnings (0.00 sec)
Records: 0  Duplicates: 0  Warnings: 3

Empty set (0.00 sec)

Query OK, 0 rows affected (0.00 sec)

Query OK, 0 rows affected (0.00 sec)
Records: 0  Duplicates: 0  Warnings: 0

Query OK, 0 rows affected (0.02 sec)

Query OK, 0 rows affected (0.00 sec)
Records: 0  Duplicates: 0  Warnings: 0

+--------------------------------------+
| message                              |
+--------------------------------------+
| running rcbill_my.sp_ActiveNumber2() |
+--------------------------------------+
1 row in set (0.00 sec)

Query OK, 252 rows affected (2 min 37.65 sec)

mysql> mysql \. C:\workspace\cloud\code\sql\_DailyScript\currenttime.sql
+---------------------+
| currenttime         |
+---------------------+
| 2019-09-11 10:30:27 |
+---------------------+
1 row in set (0.00 sec)

mysql> 
mysql> mysql \. C:\workspace\cloud\code\sql\_DailyScript\GetActiveNumbers Average -Pivot.sql
Database changed
+-------------------------------------+
| @today := subdate(current_date(),1) |
+-------------------------------------+
| 2019-09-10                          |
+-------------------------------------+
1 row in set (0.00 sec)

+-------------------------------------+
| @lastdayofmonth := last_day(@today) |
+-------------------------------------+
| 2019-09-30                          |
+-------------------------------------+
1 row in set (0.00 sec)

Query OK, 0 rows affected (0.08 sec)

Query OK, 32627 rows affected, 65535 warnings (55.45 sec)
Records: 32627  Duplicates: 0  Warnings: 66613

Query OK, 0 rows affected (0.09 sec)
Records: 0  Duplicates: 0  Warnings: 0

Query OK, 0 rows affected (0.10 sec)
Records: 0  Duplicates: 0  Warnings: 0

Query OK, 0 rows affected (0.09 sec)
Records: 0  Duplicates: 0  Warnings: 0

+-----------------+
| activenumberavg |
+-----------------+
|           32627 |
+-----------------+
1 row in set (0.01 sec)

Query OK, 0 rows affected (0.01 sec)

Query OK, 1773 rows affected (0.45 sec)
Records: 1773  Duplicates: 0  Warnings: 0

+---------------------+
| rep_activenumberavg |
+---------------------+
|                1773 |
+---------------------+
1 row in set (0.00 sec)

+----------------------+
| rep_activenumberavg1 |
+----------------------+
|                  842 |
+----------------------+
1 row in set (0.00 sec)

Query OK, 0 rows affected (0.02 sec)

Query OK, 1669 rows affected (0.36 sec)
Records: 1669  Duplicates: 0  Warnings: 0

Query OK, 0 rows affected (0.02 sec)

Query OK, 8444 rows affected (0.76 sec)
Records: 8444  Duplicates: 0  Warnings: 0

Query OK, 0 rows affected (0.00 sec)

Query OK, 0 rows affected (0.00 sec)

Query OK, 0 rows affected (0.01 sec)

Query OK, 0 rows affected (0.00 sec)

Query OK, 0 rows affected (0.00 sec)
Statement prepared

Query OK, 53 rows affected (0.03 sec)
Records: 53  Duplicates: 0  Warnings: 0

Query OK, 0 rows affected (0.00 sec)

Query OK, 0 rows affected (0.00 sec)

+----------------------+
| rep_activenumberavg2 |
+----------------------+
|                 1669 |
+----------------------+
1 row in set (0.00 sec)

+------------------------+
| rep_activenumberavg_pv |
+------------------------+
|                     53 |
+------------------------+
1 row in set (0.00 sec)

Query OK, 0 rows affected (0.00 sec)

Query OK, 1669 rows affected (0.30 sec)
Records: 1669  Duplicates: 0  Warnings: 0

Query OK, 0 rows affected (0.00 sec)

Query OK, 0 rows affected (0.00 sec)

Query OK, 0 rows affected (0.02 sec)

Query OK, 0 rows affected (0.00 sec)

Query OK, 0 rows affected (0.00 sec)
Statement prepared

Query OK, 53 rows affected (0.03 sec)
Records: 53  Duplicates: 0  Warnings: 0

Query OK, 0 rows affected (0.00 sec)

Query OK, 0 rows affected (0.00 sec)

+-------------------------+
| rep_activenumberavgMahe |
+-------------------------+
|                    1669 |
+-------------------------+
1 row in set (0.00 sec)

+----------------------------+
| rep_activenumberavgMahe_pv |
+----------------------------+
|                         53 |
+----------------------------+
1 row in set (0.00 sec)

Query OK, 0 rows affected (0.00 sec)

Query OK, 1068 rows affected (0.14 sec)
Records: 1068  Duplicates: 0  Warnings: 0

Query OK, 0 rows affected (0.00 sec)

Query OK, 0 rows affected (0.00 sec)

Query OK, 0 rows affected (0.00 sec)

Query OK, 0 rows affected (0.00 sec)

Query OK, 0 rows affected (0.00 sec)
Statement prepared

Query OK, 39 rows affected (0.02 sec)
Records: 39  Duplicates: 0  Warnings: 0

Query OK, 0 rows affected (0.00 sec)

Query OK, 0 rows affected (0.00 sec)

+----------------------------+
| rep_activenumberavgPraslin |
+----------------------------+
|                       1068 |
+----------------------------+
1 row in set (0.00 sec)

+-------------------------------+
| rep_activenumberavgPraslin_pv |
+-------------------------------+
|                            39 |
+-------------------------------+
1 row in set (0.00 sec)

mysql> mysql \. C:\workspace\cloud\code\sql\_DailyScript\currenttime.sql
+---------------------+
| currenttime         |
+---------------------+
| 2019-09-11 10:31:25 |
+---------------------+
1 row in set (0.00 sec)

mysql> 
mysql> mysql \. C:\workspace\cloud\code\sql\_DailyScript\budget_actual_analysis_2019.sql
Query OK, 0 rows affected (0.00 sec)

Query OK, 562 rows affected, 3 warnings (0.44 sec)
Records: 562  Duplicates: 0  Warnings: 3

+--------------------+
| budget_actual_2019 |
+--------------------+
|                562 |
+--------------------+
1 row in set (0.00 sec)

Query OK, 0 rows affected (0.02 sec)

Query OK, 48 rows affected (0.03 sec)
Records: 48  Duplicates: 0  Warnings: 0

+---------------------------+
| rep_budget_actual_2019_pv |
+---------------------------+
|                        48 |
+---------------------------+
1 row in set (0.00 sec)

mysql> mysql \. C:\workspace\cloud\code\sql\_DailyScript\currenttime.sql
+---------------------+
| currenttime         |
+---------------------+
| 2019-09-11 10:31:25 |
+---------------------+
1 row in set (0.00 sec)

mysql> 
mysql> mysql \. C:\workspace\cloud\code\sql\_DailyScript\reports-sales-addons-prepaid-camera.sql
Database changed
Query OK, 0 rows affected (0.01 sec)

Query OK, 3780 rows affected (0.28 sec)
Records: 3780  Duplicates: 0  Warnings: 0

Query OK, 0 rows affected (0.02 sec)

Query OK, 16881 rows affected (26.08 sec)
Records: 16881  Duplicates: 0  Warnings: 0

+--------------------+
| rep_prepaid_camera |
+--------------------+
|               3780 |
+--------------------+
1 row in set (0.01 sec)

+-----------+
| rep_addon |
+-----------+
|     16881 |
+-----------+
1 row in set (0.01 sec)

mysql> mysql \. C:\workspace\cloud\code\sql\_DailyScript\currenttime.sql
+---------------------+
| currenttime         |
+---------------------+
| 2019-09-11 10:31:52 |
+---------------------+
1 row in set (0.00 sec)

mysql> 
mysql> mysql \. C:\workspace\cloud\code\sql\_DailyScript\housing-estate-analysis.sql
Database changed
Query OK, 0 rows affected (0.01 sec)

Query OK, 2873 rows affected (33.40 sec)
Records: 2873  Duplicates: 0  Warnings: 0

+--------------------+
| rep_housingestates |
+--------------------+
|               2873 |
+--------------------+
1 row in set (0.00 sec)

mysql> mysql \. C:\workspace\cloud\code\sql\_DailyScript\currenttime.sql
+---------------------+
| currenttime         |
+---------------------+
| 2019-09-11 10:32:25 |
+---------------------+
1 row in set (0.00 sec)

mysql> 
mysql> mysql \. C:\workspace\cloud\code\sql\_DailyScript\RCB_ClientAnalyticsReport_Script.sql
Database changed
Query OK, 0 rows affected (0.00 sec)

Query OK, 0 rows affected (0.08 sec)

Query OK, 1730920 rows affected (1 min 38.07 sec)
Records: 1730920  Duplicates: 0  Warnings: 0

Query OK, 0 rows affected (9.68 sec)
Records: 0  Duplicates: 0  Warnings: 0

Query OK, 0 rows affected (6.30 sec)
Records: 0  Duplicates: 0  Warnings: 0

Query OK, 0 rows affected (10.25 sec)
Records: 0  Duplicates: 0  Warnings: 0

Query OK, 0 rows affected (10.93 sec)
Records: 0  Duplicates: 0  Warnings: 0

Query OK, 0 rows affected (11.61 sec)
Records: 0  Duplicates: 0  Warnings: 0

Query OK, 0 rows affected (8.52 sec)
Records: 0  Duplicates: 0  Warnings: 0

Query OK, 0 rows affected (0.00 sec)

Query OK, 450948 rows affected (29.87 sec)
Rows matched: 1730920  Changed: 450948  Warnings: 0

Query OK, 0 rows affected (0.08 sec)

Query OK, 27186 rows affected (5.49 sec)
Records: 27186  Duplicates: 0  Warnings: 0

Query OK, 0 rows affected (0.35 sec)

Query OK, 42620 rows affected (11 min 40.24 sec)
Records: 42620  Duplicates: 0  Warnings: 0

Query OK, 0 rows affected (0.18 sec)
Records: 0  Duplicates: 0  Warnings: 0

Query OK, 0 rows affected (0.15 sec)
Records: 0  Duplicates: 0  Warnings: 0

Query OK, 0 rows affected (0.09 sec)
Records: 0  Duplicates: 0  Warnings: 0

Query OK, 0 rows affected (0.14 sec)

Query OK, 423476 rows affected (13 min 37.06 sec)
Records: 423476  Duplicates: 0  Warnings: 0

Query OK, 0 rows affected (1.92 sec)
Records: 0  Duplicates: 0  Warnings: 0

Query OK, 0 rows affected (1.83 sec)
Records: 0  Duplicates: 0  Warnings: 0

Query OK, 0 rows affected (0.94 sec)
Records: 0  Duplicates: 0  Warnings: 0

Query OK, 0 rows affected (2.72 sec)
Records: 0  Duplicates: 0  Warnings: 0

Query OK, 0 rows affected (1.35 sec)
Records: 0  Duplicates: 0  Warnings: 0

Query OK, 0 rows affected (0.03 sec)

Query OK, 42620 rows affected (1 min 37.43 sec)
Records: 42620  Duplicates: 0  Warnings: 0

+--------------+
| clientreport |
+--------------+
|        42620 |
+--------------+
1 row in set (0.02 sec)

Query OK, 0 rows affected (0.04 sec)

Query OK, 42620 rows affected (7.08 sec)
Records: 42620  Duplicates: 0  Warnings: 0

+----------------------+
| clientextendedreport |
+----------------------+
|                42620 |
+----------------------+
1 row in set (0.01 sec)

Query OK, 0 rows affected (0.01 sec)

Query OK, 42620 rows affected (1 min 24.69 sec)
Records: 42620  Duplicates: 0  Warnings: 0

+---------+
| allcust |
+---------+
|   42620 |
+---------+
1 row in set (0.02 sec)

Query OK, 0 rows affected, 1 warning (0.00 sec)

Query OK, 5000 rows affected (0.16 sec)
Records: 5000  Duplicates: 0  Warnings: 0

Query OK, 0 rows affected (0.03 sec)

Query OK, 6914 rows affected (0.39 sec)
Records: 6914  Duplicates: 0  Warnings: 0

Query OK, 0 rows affected, 1 warning (0.00 sec)

Query OK, 5000 rows affected (0.15 sec)
Records: 5000  Duplicates: 0  Warnings: 0

Query OK, 0 rows affected (0.03 sec)

Query OK, 7309 rows affected (0.21 sec)
Records: 7309  Duplicates: 0  Warnings: 0

mysql> mysql \. C:\workspace\cloud\code\sql\_DailyScript\currenttime.sql
+---------------------+
| currenttime         |
+---------------------+
| 2019-09-11 11:04:13 |
+---------------------+
1 row in set (0.00 sec)

mysql> 
mysql> mysql \. C:\workspace\cloud\code\sql\_DailyScript\REVENUE_PER_NODE_MXK.sql
Query OK, 0 rows affected (0.01 sec)

Query OK, 0 rows affected (0.01 sec)

Query OK, 0 rows affected (0.01 sec)

Query OK, 4860 rows affected (2.97 sec)
Records: 4860  Duplicates: 0  Warnings: 0

+----------------------+
| message              |
+----------------------+
| created temp table a |
+----------------------+
1 row in set (0.00 sec)

Query OK, 5311 rows affected (1.63 sec)
Records: 5311  Duplicates: 0  Warnings: 0

+----------------------+
| message              |
+----------------------+
| created temp table b |
+----------------------+
1 row in set (0.00 sec)

Query OK, 0 rows affected, 1 warning (0.00 sec)

Query OK, 5146 rows affected (10.09 sec)
Records: 5146  Duplicates: 0  Warnings: 0

+--------------------------------+
| message                        |
+--------------------------------+
| created rcbill_my.tempcustmxk1 |
+--------------------------------+
1 row in set (0.00 sec)

Query OK, 0 rows affected (0.00 sec)

Query OK, 0 rows affected (0.00 sec)

Query OK, 0 rows affected, 1 warning (0.00 sec)

Query OK, 4860 rows affected (1.18 sec)
Records: 4860  Duplicates: 0  Warnings: 0

+----------------+
| message        |
+----------------+
| created temp a |
+----------------+
1 row in set (0.00 sec)

Query OK, 5311 rows affected (0.45 sec)
Records: 5311  Duplicates: 0  Warnings: 0

+----------------+
| message        |
+----------------+
| created temp b |
+----------------+
1 row in set (0.00 sec)

Query OK, 0 rows affected, 1 warning (0.00 sec)

Query OK, 5404 rows affected (6.91 sec)
Records: 5404  Duplicates: 0  Warnings: 0

+--------------------------------+
| message                        |
+--------------------------------+
| created rcbill_my.tempcustmxk2 |
+--------------------------------+
1 row in set (0.00 sec)

Query OK, 0 rows affected (0.00 sec)

Query OK, 0 rows affected (0.00 sec)

Query OK, 0 rows affected, 1 warning (0.00 sec)

Query OK, 0 rows affected (0.01 sec)

Query OK, 5797 rows affected (0.32 sec)
Records: 5797  Duplicates: 0  Warnings: 0

+---------------------------------+
| message                         |
+---------------------------------+
| created rcbill_my.customers_mxk |
+---------------------------------+
1 row in set (0.00 sec)

Query OK, 0 rows affected (0.00 sec)

Query OK, 0 rows affected (0.00 sec)

Query OK, 13289 rows affected (6.59 sec)
Records: 13289  Duplicates: 0  Warnings: 0

+----------------+
| message        |
+----------------+
| created temp a |
+----------------+
1 row in set (0.00 sec)

Query OK, 20750 rows affected (2.38 sec)
Records: 20750  Duplicates: 0  Warnings: 0

+----------------+
| message        |
+----------------+
| created temp c |
+----------------+
1 row in set (0.00 sec)

Query OK, 0 rows affected, 1 warning (0.00 sec)

Query OK, 27423 rows affected (0.37 sec)
Records: 27423  Duplicates: 0  Warnings: 0

+---------------------------------+
| message                         |
+---------------------------------+
| created rcbill_my.tempcustcmts1 |
+---------------------------------+
1 row in set (0.00 sec)

Query OK, 0 rows affected (0.00 sec)

Query OK, 0 rows affected, 1 warning (0.00 sec)

Query OK, 0 rows affected (0.01 sec)

Query OK, 13289 rows affected (6.20 sec)
Records: 13289  Duplicates: 0  Warnings: 0

+----------------+
| message        |
+----------------+
| created temp a |
+----------------+
1 row in set (0.00 sec)

Query OK, 20750 rows affected (1.29 sec)
Records: 20750  Duplicates: 0  Warnings: 0

+----------------+
| message        |
+----------------+
| created temp c |
+----------------+
1 row in set (0.00 sec)

Query OK, 0 rows affected, 1 warning (0.00 sec)

Query OK, 21662 rows affected (0.41 sec)
Records: 21662  Duplicates: 0  Warnings: 0

+---------------------------------+
| message                         |
+---------------------------------+
| created rcbill_my.tempcustcmts2 |
+---------------------------------+
1 row in set (0.00 sec)

Query OK, 0 rows affected (0.01 sec)

Query OK, 0 rows affected, 1 warning (0.00 sec)

Query OK, 0 rows affected (0.01 sec)

Query OK, 0 rows affected (0.03 sec)

Query OK, 13401 rows affected (1.36 sec)
Records: 13401  Duplicates: 0  Warnings: 0

+----------------------------------+
| message                          |
+----------------------------------+
| created rcbill_my.customers_cmts |
+----------------------------------+
1 row in set (0.00 sec)

Query OK, 0 rows affected (0.01 sec)

Query OK, 0 rows affected (0.00 sec)

Query OK, 0 rows affected (0.01 sec)

Query OK, 16773 rows affected (1.04 sec)
Records: 16773  Duplicates: 0  Warnings: 0

+--------------------------------------+
| message                              |
+--------------------------------------+
| created rcbill_my.customers_cmts_mxk |
+--------------------------------------+
1 row in set (0.00 sec)

Query OK, 447262 rows affected (1 min 19.12 sec)
Records: 447262  Duplicates: 0  Warnings: 0

+----------------+
| message        |
+----------------+
| created temp a |
+----------------+
1 row in set (0.00 sec)

Query OK, 0 rows affected (0.02 sec)

Query OK, 447940 rows affected (18.92 sec)
Records: 447940  Duplicates: 0  Warnings: 0

+------------------------------------------------+
| message                                        |
+------------------------------------------------+
| created rcbill_my.customers_contracts_cmts_mxk |
+------------------------------------------------+
1 row in set (0.00 sec)

Query OK, 0 rows affected (0.01 sec)

Query OK, 0 rows affected, 1 warning (0.00 sec)

Query OK, 0 rows affected, 1 warning (0.00 sec)

Query OK, 0 rows affected (0.00 sec)

Query OK, 7777 rows affected (3.09 sec)
Rows matched: 7777  Changed: 7777  Warnings: 0

+------------------------------------------------+
| message                                        |
+------------------------------------------------+
| updated rcbill_my.customers_contracts_cmts_mxk |
+------------------------------------------------+
1 row in set (0.00 sec)

Query OK, 0 rows affected (0.06 sec)

Query OK, 1699531 rows affected (4 min 56.23 sec)
Records: 1699531  Duplicates: 0  Warnings: 0

+----------------------------------------+
| message                                |
+----------------------------------------+
| created rcbill_my.customers_collection |
+----------------------------------------+
1 row in set (0.00 sec)

Query OK, 0 rows affected (0.04 sec)

Query OK, 1957347 rows affected (2 min 24.50 sec)
Records: 1957347  Duplicates: 0  Warnings: 0

+------------------------------------------------+
| message                                        |
+------------------------------------------------+
| created rcbill_my.customers_cmts_mxk_cont_coll |
+------------------------------------------------+
1 row in set (0.00 sec)

Query OK, 0 rows affected (0.13 sec)

Query OK, 45316 rows affected (12.82 sec)
Records: 45316  Duplicates: 0  Warnings: 0

+------------------------------------------------------------+
| message                                                    |
+------------------------------------------------------------+
| created rcbill_my.customers_contracts_collection_pivot2019 |
+------------------------------------------------------------+
1 row in set (0.00 sec)

Query OK, 0 rows affected (0.02 sec)

Query OK, 19794 rows affected (10.22 sec)
Records: 19794  Duplicates: 0  Warnings: 0

+--------------------------------------------------+
| message                                          |
+--------------------------------------------------+
| created rcbill_my.customers_collection_pivot2019 |
+--------------------------------------------------+
1 row in set (0.00 sec)

Query OK, 0 rows affected (0.04 sec)

Query OK, 42620 rows affected (1.58 sec)
Records: 42620  Duplicates: 0  Warnings: 0

+------------------------------------------------+
| message                                        |
+------------------------------------------------+
| created rcbill_my.rep_customers_collection2019 |
+------------------------------------------------+
1 row in set (0.00 sec)

Query OK, 0 rows affected (0.00 sec)

Query OK, 0 rows affected, 1 warning (0.00 sec)

Query OK, 417261 rows affected (25.89 sec)
Records: 417261  Duplicates: 0  Warnings: 0

+-------------------------+
| message                 |
+-------------------------+
| created rcbill_my.tempa |
+-------------------------+
1 row in set (0.00 sec)

Query OK, 0 rows affected, 1 warning (0.00 sec)

Query OK, 94517 rows affected (13.25 sec)
Records: 94517  Duplicates: 0  Warnings: 0

+-------------------------+
| message                 |
+-------------------------+
| created rcbill_my.tempb |
+-------------------------+
1 row in set (0.00 sec)

Query OK, 417261 rows affected (17.11 sec)
Records: 417261  Duplicates: 0  Warnings: 0

+-----------+
| message   |
+-----------+
| created a |
+-----------+
1 row in set (0.00 sec)

Query OK, 94525 rows affected (11.59 sec)
Records: 94525  Duplicates: 0  Warnings: 0

+-----------+
| message   |
+-----------+
| created b |
+-----------+
1 row in set (0.00 sec)

Query OK, 0 rows affected (0.12 sec)

Query OK, 0 rows affected (0.01 sec)

Query OK, 0 rows affected (0.02 sec)

Query OK, 420162 rows affected (33.89 sec)
Records: 420162  Duplicates: 0  Warnings: 0

+----------------------------------------------+
| message                                      |
+----------------------------------------------+
| created rcbill_my.cust_cont_payment_cmts_mxk |
+----------------------------------------------+
1 row in set (0.00 sec)

Query OK, 0 rows affected (0.01 sec)

Query OK, 0 rows affected (0.01 sec)

Query OK, 0 rows affected, 1 warning (0.00 sec)

Query OK, 0 rows affected (0.03 sec)

Query OK, 42620 rows affected (13.03 sec)
Records: 42620  Duplicates: 0  Warnings: 0

+--------------------------------------------------+
| message                                          |
+--------------------------------------------------+
| created rcbill_my.rep_cust_cont_payment_cmts_mxk |
+--------------------------------------------------+
1 row in set (0.00 sec)

Query OK, 0 rows affected, 1 warning (0.00 sec)

Query OK, 0 rows affected, 1 warning (0.00 sec)

Query OK, 0 rows affected (0.01 sec)

Query OK, 42620 rows affected, 5 warnings (6.08 sec)
Records: 42620  Duplicates: 0  Warnings: 5

+----------------------+
| rep_custconsolidated |
+----------------------+
|                42620 |
+----------------------+
1 row in set (0.04 sec)

Query OK, 0 rows affected (0.00 sec)

Query OK, 0 rows affected (0.01 sec)

+----------------------------------------------+
| message                                      |
+----------------------------------------------+
| creating rcbill_my.retentioncustomeractivity |
+----------------------------------------------+
1 row in set (0.00 sec)

Query OK, 789 rows affected (0.09 sec)
Records: 789  Duplicates: 0  Warnings: 0

+---------------------------+
| retentioncustomeractivity |
+---------------------------+
|                       789 |
+---------------------------+
1 row in set (0.00 sec)

+-----------+------------------------------------+------------+-------------+-----------------+------------------+---------------------+-------------------+
| HFC_NODE  | NODENAME                           | CMTS_DATE  | INSERTED_ON | UNIQUE_ACCOUNTS | UNIQUE_CONTRACTS | UNIQUE_MAC_INRCBOSS | UNIQUE_MAC_INCMTS |
+-----------+------------------------------------+------------+-------------+-----------------+------------------+---------------------+-------------------+
| NULL      | NULL                               | NULL       | 2019-09-11  |            5613 |             5882 |                5929 |                 0 |
| C5/0/0/U0 | ANSE-BOILEAU-2                     | 2019-09-06 | 2019-09-11  |             179 |              184 |                 179 |               181 |
| C5/0/0/U1 | 500-C3-ANSE-BOILEAU                | 2019-09-06 | 2019-09-11  |             172 |              178 |                 172 |               172 |
| C5/0/1/U0 | 501-C4-LA-MISIERE-LEFT-I           | 2019-09-06 | 2019-09-11  |             148 |              150 |                 148 |               152 |
| C5/0/1/U1 | 501-C5-LA-MISIERE-RIGHT            | 2019-09-06 | 2019-09-11  |             112 |              115 |                 112 |               113 |
| C5/0/1/U2 | 501-C7-LA-MISIERE-LEFT-II          | 2019-09-06 | 2019-09-11  |             154 |              163 |                 154 |               156 |
| C5/0/2/U0 | 502-C8-LA-LOUISE                   | 2019-09-06 | 2019-09-11  |             141 |              144 |                 141 |               144 |
| C5/0/2/U1 | LA-LOUISE-2                        | 2019-09-06 | 2019-09-11  |             134 |              136 |                 134 |               136 |
| C5/0/3/U0 | 504-C6-PETIT-PARIS                 | 2019-09-06 | 2019-09-11  |             153 |              156 |                 153 |               155 |
| C5/0/3/U1 | PETIT-PARIS-23                     | 2019-09-06 | 2019-09-11  |              78 |               80 |                  78 |                81 |
| C5/0/4/U0 | FOUR-SEASONS                       | 2019-09-06 | 2019-09-11  |               6 |               17 |                  17 |                17 |
| C5/0/4/U1 | ANCHOR-CAFE-I                      | 2019-09-06 | 2019-09-11  |             141 |              142 |                 142 |               143 |
| C5/0/4/U2 | ANCHOR-CAFE-II                     | 2019-09-06 | 2019-09-11  |             148 |              153 |                 148 |               152 |
| C5/1/0/U0 | POINTE-LARUE-AIRPORT-23            | 2019-09-06 | 2019-09-11  |              97 |              102 |                  99 |               103 |
| C5/1/0/U1 | PPROVIDENCE-23                     | 2019-09-06 | 2019-09-11  |              27 |               30 |                  27 |                27 |
| C5/1/0/U2 | ROSHE-CAIMAN-23                    | 2019-09-06 | 2019-09-11  |               8 |                9 |                   8 |                 8 |
| C5/1/0/U3 | HEAD-OFFICE | HO-23                | 2019-09-06 | 2019-09-11  |              28 |               28 |                  28 |                31 |
| C5/1/1/U1 | C5-UNION-VALE                      | 2019-09-06 | 2019-09-11  |             187 |              193 |                 187 |               187 |
| C5/1/3/U0 | POINTE-LARUE-AIRPORT-27            | 2019-09-06 | 2019-09-11  |             130 |              134 |                 130 |               134 |
| C5/1/3/U1 | PPROVIDENCE-27                     | 2019-09-06 | 2019-09-11  |              37 |               37 |                  37 |                37 |
| C5/1/3/U2 | ROSHE-CAIMAN-27                    | 2019-09-06 | 2019-09-11  |              26 |               26 |                  26 |                26 |
| C5/1/3/U3 | HEAD-OFFICE | HO-27                | 2019-09-06 | 2019-09-11  |              14 |               15 |                  14 |                14 |
| C5/1/4/U0 | ANSE-ROYALE-27                     | 2019-09-06 | 2019-09-11  |              95 |               97 |                  95 |                96 |
| C5/1/4/U1 | GLACIS-2-57                        | 2019-09-06 | 2019-09-11  |             119 |              123 |                 119 |               119 |
| C5/1/4/U2 | NULL                               | 2019-09-06 | 2019-09-11  |              94 |               97 |                  94 |                95 |
| C5/1/4/U3 | GLACIS-1                           | 2019-09-06 | 2019-09-11  |              54 |               56 |                  54 |                55 |
| C6/0/1/U0 | SERRET-ROAD-RIGHT/CURIO/PASCAL     | 2019-09-06 | 2019-09-11  |             117 |              119 |                 117 |               119 |
| C6/0/1/U1 | SERRET-ROAD-LEFT/ST.LOUIS/TOWN     | 2019-09-06 | 2019-09-11  |             143 |              147 |                 143 |               143 |
| C6/0/1/U2 | SERRET-ROAD-RIGHT/CURIO/PASCAL-2   | 2019-09-06 | 2019-09-11  |             125 |              126 |                 125 |               126 |
| C6/0/1/U3 | SERRET-ROAD-LEFT/ST.LOUIS/TOWN-2   | 2019-09-06 | 2019-09-11  |             140 |              145 |                 140 |               143 |
| C6/0/2/U0 | SANS-SOUCIS-I                      | 2019-09-06 | 2019-09-11  |              76 |               78 |                  75 |                76 |
| C6/0/2/U1 | SANS-SOUCIS-II                     | 2019-09-06 | 2019-09-11  |             144 |              146 |                 144 |               149 |
| C6/0/2/U2 | BEL-AIR-27                         | 2019-09-06 | 2019-09-11  |             119 |              125 |                 119 |               120 |
| C6/0/2/U3 | BEL-AIR-38                         | 2019-09-06 | 2019-09-11  |              80 |               81 |                  80 |                83 |
| C6/0/3/U0 | LES-MAMELLES-23                    | 2019-09-06 | 2019-09-11  |              89 |               89 |                  89 |                92 |
| C6/0/3/U1 | VICTORIA-23                        | 2019-09-06 | 2019-09-11  |              34 |               39 |                  37 |                42 |
| C6/0/4/U0 | LES-MAMELLES-27                    | 2019-09-06 | 2019-09-11  |              63 |               63 |                  63 |                63 |
| C6/0/4/U1 | VICTORIA-27                        | 2019-09-06 | 2019-09-11  |              14 |               15 |                  14 |                14 |
| C7/1/0/U0 | LA-RETRAITE-23                     | 2019-09-06 | 2019-09-11  |              85 |               90 |                  85 |                86 |
| C7/1/0/U1 | TEA-FACTORY-23                     | 2019-09-06 | 2019-09-11  |              23 |               28 |                  24 |                25 |
| C7/1/0/U2 | PAS-23                             | 2019-09-06 | 2019-09-11  |              86 |               90 |                  86 |                89 |
| C7/1/1/U0 | REEF-ESTATE-23                     | 2019-09-06 | 2019-09-11  |              91 |               93 |                  91 |                92 |
| C7/1/1/U1 | BEL-OMBRE-NEW-23                   | 2019-09-06 | 2019-09-11  |              12 |               12 |                  12 |                16 |
| C7/1/2/U0 | LA-RETRAITE-27                     | 2019-09-06 | 2019-09-11  |             126 |              131 |                 127 |               128 |
| C7/1/2/U1 | TEA-FACTORY-27                     | 2019-09-06 | 2019-09-11  |              27 |               31 |                  28 |                29 |
| C7/1/2/U2 | PAS-27                             | 2019-09-06 | 2019-09-11  |             111 |              111 |                 111 |               112 |
| C7/1/3/U0 | MT-BUXTON-27                       | 2019-09-06 | 2019-09-11  |             145 |              147 |                 145 |               147 |
| C7/1/3/U1 | MT-BUXTON-23                       | 2019-09-06 | 2019-09-11  |              76 |               78 |                  76 |                79 |
| C7/1/4/U0 | REEF-ESTATE-27                     | 2019-09-06 | 2019-09-11  |              66 |               66 |                  66 |                66 |
| C7/1/4/U1 | BEL-OMBRE-NEW-27                   | 2019-09-06 | 2019-09-11  |              25 |               25 |                  25 |                28 |
| C8/0/0/U0 | POLICE-ACADEMY-1-27 - POINTE LARUE | 2019-09-06 | 2019-09-11  |             198 |              199 |                 198 |               198 |
| C8/0/0/U1 | NULL                               | 2019-09-06 | 2019-09-11  |             136 |              142 |                 137 |               139 |
| C8/0/1/U0 | NULL                               | 2019-09-06 | 2019-09-11  |             180 |              184 |                 180 |               181 |
| C8/0/1/U1 | POLICE-ACADEMY-2-27 - TURTLE BAY   | 2019-09-06 | 2019-09-11  |             121 |              122 |                 121 |               125 |
| C8/0/2/U0 | BEAU-VALLON-LEFT-1-57              | 2019-09-06 | 2019-09-11  |              90 |               94 |                  91 |                92 |
| C8/0/3/U1 | BEAU-VALLON-RIGHT-2-57             | 2019-09-06 | 2019-09-11  |             179 |              188 |                 179 |               182 |
| C8/1/0/U0 | MA-JOIE-NODE-27                    | 2019-09-06 | 2019-09-11  |             114 |              114 |                 114 |               115 |
| C8/1/0/U1 | BELONIE-27                         | 2019-09-06 | 2019-09-11  |             152 |              154 |                 151 |               151 |
| C8/1/0/U3 | MA-JOIE-NODE-23                    | 2019-09-06 | 2019-09-11  |             112 |              117 |                 112 |               113 |
| C8/1/1/U0 | 611-C1-ROJN I                      | 2019-09-06 | 2019-09-11  |             178 |              179 |                 178 |               180 |
| C8/1/1/U1 | 611-C5-ROJN II                     | 2019-09-06 | 2019-09-11  |              70 |               71 |                  70 |                72 |
| C8/1/2/U0 | 612-C2-ANSE-ETOILE                 | 2019-09-06 | 2019-09-11  |             180 |              183 |                 180 |               181 |
| C8/1/2/U1 | ANSE-ETOILE-U2                     | 2019-09-06 | 2019-09-11  |              72 |               73 |                  72 |                72 |
| C8/1/3/U0 | 613-C3-ANSE-GAULETTE I             | 2019-09-06 | 2019-09-11  |              62 |               67 |                  62 |                65 |
| C8/1/3/U1 | 613-C7-ANSE-GAULETTE II            | 2019-09-06 | 2019-09-11  |              75 |               80 |                  75 |                75 |
| C8/1/3/U2 | 613-C3-ANSE-GAULETTE III           | 2019-09-06 | 2019-09-11  |              34 |               38 |                  34 |                36 |
| C8/1/3/U3 | TAKAMAKA I                         | 2019-09-06 | 2019-09-11  |             101 |              104 |                 101 |               101 |
| C8/1/3/U4 | TAKAMAKA II                        | 2019-09-06 | 2019-09-11  |              95 |               96 |                  95 |                96 |
| C8/1/4/U0 | 614-BEOLIERE-NODE-1                | 2019-09-06 | 2019-09-11  |              98 |              100 |                  98 |               100 |
| C8/1/4/U1 | 614-BEOLIERE-NODE-2                | 2019-09-06 | 2019-09-11  |             125 |              131 |                 125 |               128 |
+-----------+------------------------------------+------------+-------------+-----------------+------------------+---------------------+-------------------+
70 rows in set (0.25 sec)

+------------------+------------+-------------+-----------------+------------------+----------------------+-------------------+
| MXK_NAME         | MXK_DATE   | INSERTED_ON | UNIQUE_ACCOUNTS | UNIQUE_CONTRACTS | UNIQUE_FSAN_INRCBOSS | UNIQUE_FSAN_INMXK |
+------------------+------------+-------------+-----------------+------------------+----------------------+-------------------+
| NULL             | NULL       | 2019-09-11  |             385 |              390 |                  377 |                 0 |
| MXK-ANSEETOILE   | 2019-09-06 | 2019-09-11  |             137 |              139 |                  139 |               146 |
| MXK-ANSEROYALE   | 2019-09-06 | 2019-09-11  |             136 |              137 |                  137 |               153 |
| MXK-BEAUVALLON   | 2019-09-06 | 2019-09-11  |            1173 |             1191 |                 1183 |              1247 |
| MXK-MAHE         | 2019-09-06 | 2019-09-11  |             883 |              905 |                  843 |              1079 |
| MXK-PERSEVERANCE | 2019-09-06 | 2019-09-11  |             996 |             1000 |                  995 |              1143 |
| MXK-PRASLIN      | 2019-09-06 | 2019-09-11  |            1162 |             1165 |                 1158 |              1273 |
+------------------+------------+-------------+-----------------+------------------+----------------------+-------------------+
7 rows in set (0.07 sec)

mysql> mysql \. C:\workspace\cloud\code\sql\_DailyScript\currenttime.sql
+---------------------+
| currenttime         |
+---------------------+
| 2019-09-11 11:16:25 |
+---------------------+
1 row in set (0.00 sec)

mysql> 
mysql> mysql \. C:\workspace\cloud\code\sql\Analysis\service_tickets_assignments.sql
Query OK, 0 rows affected (0.04 sec)

Query OK, 67205 rows affected (14.75 sec)
Records: 67205  Duplicates: 0  Warnings: 0

+-------------------------+
| rep_servicetickets_2019 |
+-------------------------+
|                   67205 |
+-------------------------+
1 row in set (4.12 sec)

mysql> mysql \. C:\workspace\cloud\code\sql\_DailyScript\currenttime.sql
+---------------------+
| currenttime         |
+---------------------+
| 2019-09-11 11:16:44 |
+---------------------+
1 row in set (0.00 sec)

mysql> 
mysql> 
mysql> exit
