    -> 
    -> mysql \. C:\workspace\cloud\code\sql\_DailyScript\_setdates.sql
Database changed
Query OK, 0 rows affected (0.00 sec)

Query OK, 0 rows affected (0.00 sec)

Query OK, 0 rows affected (0.00 sec)

Query OK, 0 rows affected (0.00 sec)

Query OK, 0 rows affected (0.00 sec)

Query OK, 0 rows affected (0.00 sec)

Query OK, 0 rows affected (0.00 sec)

Query OK, 0 rows affected (0.00 sec)

Query OK, 0 rows affected (0.00 sec)

Query OK, 0 rows affected (0.00 sec)

Query OK, 0 rows affected (0.00 sec)

Query OK, 0 rows affected (0.00 sec)

Query OK, 0 rows affected (0.00 sec)

Query OK, 0 rows affected (0.00 sec)

Query OK, 0 rows affected (0.00 sec)

Query OK, 0 rows affected (0.00 sec)

Query OK, 0 rows affected (0.00 sec)

Query OK, 0 rows affected (0.00 sec)

Query OK, 0 rows affected (0.00 sec)

Query OK, 0 rows affected (0.00 sec)

Query OK, 0 rows affected (0.00 sec)

mysql> mysql \. C:\workspace\cloud\code\sql\_DailyScript\currenttime.sql
+---------------------+
| currenttime         |
+---------------------+
| 2019-05-14 08:50:24 |
+---------------------+
1 row in set (0.00 sec)

mysql> 
mysql> mysql \. C:\workspace\cloud\code\sql\_DailyScript\load_RCB_VODTITLES.sql
Database changed
Query OK, 0 rows affected (0.00 sec)

Query OK, 4592 rows affected (1.45 sec)

Query OK, 4594 rows affected, 4594 warnings (0.18 sec)
Records: 4594  Deleted: 0  Skipped: 0  Warnings: 4594

Query OK, 0 rows affected (0.00 sec)

Query OK, 2 rows affected (0.01 sec)

+-----------+
| VODTITLES |
+-----------+
|      5053 |
+-----------+
1 row in set (0.00 sec)

+-----------+-----------+
| titletype | typecount |
+-----------+-----------+
| E         |      3423 |
| N         |       165 |
| T         |      1004 |
| NULL      |      4592 |
+-----------+-----------+
4 rows in set (0.02 sec)

mysql> mysql \. C:\workspace\cloud\code\sql\_DailyScript\currenttime.sql
+---------------------+
| currenttime         |
+---------------------+
| 2019-05-14 08:50:26 |
+---------------------+
1 row in set (0.00 sec)

mysql> 
mysql> mysql \. C:\workspace\cloud\code\sql\_DailyScript\DAILY-SCRIPT-LIVETV-STATS.sql
Database changed
Query OK, 0 rows affected (0.38 sec)

Query OK, 55392 rows affected (2.39 sec)
Records: 55392  Duplicates: 0  Warnings: 0

+------------+------------+----------+--------------+--------------+-----------+-------------+----------+--------+------+------------+---------+---------------+
| Table      | Non_unique | Key_name | Seq_in_index | Column_name  | Collation | Cardinality | Sub_part | Packed | Null | Index_type | Comment | Index_comment |
+------------+------------+----------+--------------+--------------+-----------+-------------+----------+--------+------+------------+---------+---------------+
| templivetv |          1 | idxtv1   |            1 | device       | A         |       55869 |     NULL | NULL   | YES  | BTREE      |         |               |
| templivetv |          1 | idxtv2   |            1 | sessionstart | A         |       55869 |     NULL | NULL   | YES  | BTREE      |         |               |
+------------+------------+----------+--------------+--------------+-----------+-------------+----------+--------+------+------------+---------+---------------+
2 rows in set (0.00 sec)

Query OK, 55336 rows affected (56.83 sec)
Records: 55336  Duplicates: 0  Warnings: 0

Query OK, 2689 rows affected (1.62 sec)
Records: 2689  Duplicates: 0  Warnings: 0

Query OK, 0 rows affected (0.00 sec)

Query OK, 0 rows affected (0.03 sec)

Query OK, 142 rows affected (0.15 sec)
Records: 142  Duplicates: 0  Warnings: 0

Query OK, 0 rows affected (0.03 sec)

Query OK, 71015 rows affected (15 min 26.98 sec)
Records: 71015  Duplicates: 0  Warnings: 0

+-----------------+
| rep_livetvstats |
+-----------------+
|           71015 |
+-----------------+
1 row in set (0.03 sec)

mysql> mysql \. C:\workspace\cloud\code\sql\_DailyScript\currenttime.sql
+---------------------+
| currenttime         |
+---------------------+
| 2019-05-14 09:06:54 |
+---------------------+
1 row in set (0.01 sec)

mysql> 
mysql> mysql \. C:\workspace\cloud\code\sql\_DailyScript\DAILY-SCRIPT-VODTS-STATS.sql
Database changed
Query OK, 0 rows affected (0.15 sec)

Query OK, 4045 rows affected (50.33 sec)
Records: 4045  Duplicates: 0  Warnings: 0

+---------+------------+----------+--------------+--------------+-----------+-------------+----------+--------+------+------------+---------+---------------+
| Table   | Non_unique | Key_name | Seq_in_index | Column_name  | Collation | Cardinality | Sub_part | Packed | Null | Index_type | Comment | Index_comment |
+---------+------------+----------+--------------+--------------+-----------+-------------+----------+--------+------+------------+---------+---------------+
| tempvod |          1 | idxtvod1 |            1 | device       | A         |        3992 |     NULL | NULL   | YES  | BTREE      |         |               |
| tempvod |          1 | idxtvod2 |            1 | sessionstart | A         |        3992 |     NULL | NULL   | YES  | BTREE      |         |               |
+---------+------------+----------+--------------+--------------+-----------+-------------+----------+--------+------+------------+---------+---------------+
2 rows in set (0.00 sec)

Query OK, 4029 rows affected (4.47 sec)
Records: 4029  Duplicates: 0  Warnings: 0

Query OK, 0 rows affected (0.05 sec)

Query OK, 204283 rows affected (27.61 sec)
Records: 204283  Duplicates: 0  Warnings: 0

+--------------+
| rep_vodstats |
+--------------+
|       204283 |
+--------------+
1 row in set (0.09 sec)

Database changed
Query OK, 0 rows affected (0.05 sec)

Query OK, 11095 rows affected (5 min 27.29 sec)
Records: 11095  Duplicates: 0  Warnings: 0

+--------+------------+----------+--------------+--------------+-----------+-------------+----------+--------+------+------------+---------+---------------+
| Table  | Non_unique | Key_name | Seq_in_index | Column_name  | Collation | Cardinality | Sub_part | Packed | Null | Index_type | Comment | Index_comment |
+--------+------------+----------+--------------+--------------+-----------+-------------+----------+--------+------+------------+---------+---------------+
| tempts |          1 | idxtts1  |            1 | device       | A         |       11271 |     NULL | NULL   | YES  | BTREE      |         |               |
| tempts |          1 | idxtts2  |            1 | sessionstart | A         |       11271 |     NULL | NULL   | YES  | BTREE      |         |               |
+--------+------------+----------+--------------+--------------+-----------+-------------+----------+--------+------+------------+---------+---------------+
2 rows in set (0.00 sec)

Query OK, 11090 rows affected (41.81 sec)
Records: 11090  Duplicates: 0  Warnings: 0

Query OK, 0 rows affected (0.04 sec)

Query OK, 19371 rows affected (6 min 28.15 sec)
Records: 19371  Duplicates: 0  Warnings: 0

+-------------+
| rep_tsstats |
+-------------+
|       19371 |
+-------------+
1 row in set (0.01 sec)

mysql> mysql \. C:\workspace\cloud\code\sql\_DailyScript\currenttime.sql
+---------------------+
| currenttime         |
+---------------------+
| 2019-05-14 09:20:54 |
+---------------------+
1 row in set (0.00 sec)

mysql> 
mysql> mysql \. C:\workspace\cloud\code\sql\_DailyScript\DAILY-SCRIPT-RADIO-STATS.sql
Database changed
Query OK, 0 rows affected (0.39 sec)

Query OK, 144674 rows affected (6.05 sec)
Records: 144674  Duplicates: 0  Warnings: 0

+-----------+------------+----------+--------------+--------------+-----------+-------------+----------+--------+------+------------+---------+---------------+
| Table     | Non_unique | Key_name | Seq_in_index | Column_name  | Collation | Cardinality | Sub_part | Packed | Null | Index_type | Comment | Index_comment |
+-----------+------------+----------+--------------+--------------+-----------+-------------+----------+--------+------+------------+---------+---------------+
| tempradio |          1 | idxtrad1 |            1 | device       | A         |      144940 |     NULL | NULL   | YES  | BTREE      |         |               |
| tempradio |          1 | idxtrad2 |            1 | sessionstart | A         |      144940 |     NULL | NULL   | YES  | BTREE      |         |               |
+-----------+------------+----------+--------------+--------------+-----------+-------------+----------+--------+------+------------+---------+---------------+
2 rows in set (0.00 sec)

Query OK, 293 rows affected (10.14 sec)
Records: 293  Duplicates: 0  Warnings: 0

Query OK, 0 rows affected (0.03 sec)

Query OK, 2669 rows affected (0.28 sec)
Records: 2669  Duplicates: 0  Warnings: 0

+----------------+
| rep_radiostats |
+----------------+
|           2669 |
+----------------+
1 row in set (0.00 sec)

mysql> mysql \. C:\workspace\cloud\code\sql\_DailyScript\currenttime.sql
+---------------------+
| currenttime         |
+---------------------+
| 2019-05-14 09:21:11 |
+---------------------+
1 row in set (0.00 sec)

mysql> 
mysql> mysql \. C:\workspace\cloud\code\sql\_DailyScript\DAILY_SCRIPT_TELEMETRY_PIVOT.sql
Query OK, 0 rows affected (0.05 sec)

Query OK, 146 rows affected (0.41 sec)
Records: 146  Duplicates: 0  Warnings: 0

Query OK, 0 rows affected (0.05 sec)

Query OK, 3887 rows affected (1.29 sec)
Records: 3887  Duplicates: 0  Warnings: 0

Query OK, 0 rows affected (0.10 sec)

Query OK, 6 rows affected (0.11 sec)
Records: 6  Duplicates: 0  Warnings: 0

Query OK, 0 rows affected (0.01 sec)

Query OK, 54 rows affected (0.06 sec)
Records: 54  Duplicates: 0  Warnings: 0

mysql> mysql \. C:\workspace\cloud\code\sql\_DailyScript\currenttime.sql
+---------------------+
| currenttime         |
+---------------------+
| 2019-05-14 09:21:13 |
+---------------------+
1 row in set (0.00 sec)

mysql> 
mysql> mysql \. C:\workspace\cloud\code\sql\_DailyScript\telemetry_livetv_ranking2019.sql
Query OK, 0 rows affected (0.01 sec)

Query OK, 146 rows affected (0.06 sec)
Records: 146  Duplicates: 0  Warnings: 0

mysql> mysql \. C:\workspace\cloud\code\sql\_DailyScript\currenttime.sql
+---------------------+
| currenttime         |
+---------------------+
| 2019-05-14 09:21:13 |
+---------------------+
1 row in set (0.00 sec)

mysql> 
mysql> mysql \. C:\workspace\cloud\code\sql\_DailyScript\telemetry_radio_ranking2019.sql
Query OK, 0 rows affected (0.01 sec)

Query OK, 6 rows affected (0.06 sec)
Records: 6  Duplicates: 0  Warnings: 0

mysql> mysql \. C:\workspace\cloud\code\sql\_DailyScript\currenttime.sql
+---------------------+
| currenttime         |
+---------------------+
| 2019-05-14 09:21:13 |
+---------------------+
1 row in set (0.00 sec)

mysql> 
mysql> mysql \. C:\workspace\cloud\code\sql\_DailyScript\telemetry_ts_ranking2019.sql
Query OK, 0 rows affected (0.17 sec)

Query OK, 54 rows affected (0.05 sec)
Records: 54  Duplicates: 0  Warnings: 0

mysql> mysql \. C:\workspace\cloud\code\sql\_DailyScript\currenttime.sql
+---------------------+
| currenttime         |
+---------------------+
| 2019-05-14 09:21:14 |
+---------------------+
1 row in set (0.00 sec)

mysql> 
mysql> mysql \. C:\workspace\cloud\code\sql\_DailyScript\telemetry_vod_ranking2019.sql
Query OK, 0 rows affected (0.01 sec)

Query OK, 3887 rows affected (0.17 sec)
Records: 3887  Duplicates: 0  Warnings: 0

mysql> mysql \. C:\workspace\cloud\code\sql\_DailyScript\currenttime.sql
+---------------------+
| currenttime         |
+---------------------+
| 2019-05-14 09:21:14 |
+---------------------+
1 row in set (0.00 sec)

mysql> 
mysql> mysql \. C:\workspace\cloud\code\sql\_DailyScript\telemetry_vod_ranking2019_1.sql
Query OK, 0 rows affected (0.12 sec)

Query OK, 3887 rows affected (0.13 sec)
Records: 3887  Duplicates: 0  Warnings: 0

mysql> mysql \. C:\workspace\cloud\code\sql\_DailyScript\currenttime.sql
+---------------------+
| currenttime         |
+---------------------+
| 2019-05-14 09:21:14 |
+---------------------+
1 row in set (0.00 sec)

mysql> 
mysql> mysql \. C:\workspace\cloud\code\sql\_DailyScript\telemetry_vod_ranking2019_2.sql
Query OK, 0 rows affected (0.01 sec)

Query OK, 3887 rows affected (0.22 sec)
Records: 3887  Duplicates: 0  Warnings: 0

mysql> mysql \. C:\workspace\cloud\code\sql\_DailyScript\currenttime.sql
+---------------------+
| currenttime         |
+---------------------+
| 2019-05-14 09:21:14 |
+---------------------+
1 row in set (0.00 sec)

mysql> 
mysql> mysql \. C:\workspace\cloud\code\sql\_DailyScript\DAILY-SCRIPT-CREATE-LOAD.sql
Database changed
Database changed
Query OK, 0 rows affected (0.22 sec)

Query OK, 0 rows affected (0.08 sec)

Database changed
Query OK, 65233 rows affected (2.91 sec)
Records: 65233  Deleted: 0  Skipped: 0  Warnings: 0

Query OK, 0 rows affected (0.22 sec)
Records: 0  Duplicates: 0  Warnings: 0

Query OK, 0 rows affected (0.29 sec)
Records: 0  Duplicates: 0  Warnings: 0

Query OK, 0 rows affected (0.36 sec)
Records: 0  Duplicates: 0  Warnings: 0

Query OK, 0 rows affected (0.42 sec)
Records: 0  Duplicates: 0  Warnings: 0

+---------+
| clients |
+---------+
|   65233 |
+---------+
1 row in set (0.02 sec)

Query OK, 0 rows affected (0.07 sec)

Query OK, 1819 rows affected (0.50 sec)
Records: 1819  Duplicates: 0  Warnings: 0

+-------------------+
| rcb_clientparcels |
+-------------------+
|              1819 |
+-------------------+
1 row in set (0.00 sec)

Query OK, 0 rows affected (0.14 sec)

Query OK, 84516 rows affected (4.73 sec)
Records: 84516  Duplicates: 0  Warnings: 0

Query OK, 0 rows affected (0.40 sec)
Records: 0  Duplicates: 0  Warnings: 0

Query OK, 0 rows affected (0.07 sec)

Query OK, 65233 rows affected (3.43 sec)
Records: 65233  Duplicates: 0  Warnings: 0

Query OK, 0 rows affected (0.32 sec)
Records: 0  Duplicates: 0  Warnings: 0

Query OK, 0 rows affected (0.27 sec)
Records: 0  Duplicates: 0  Warnings: 0

Query OK, 0 rows affected (0.25 sec)
Records: 0  Duplicates: 0  Warnings: 0

+---------------+
| clientaddress |
+---------------+
|         65233 |
+---------------+
1 row in set (0.03 sec)

Database changed
Query OK, 0 rows affected (0.14 sec)

Query OK, 0 rows affected (0.07 sec)

Database changed
Query OK, 474584 rows affected, 65535 warnings (19.15 sec)
Records: 474584  Deleted: 0  Skipped: 0  Warnings: 183954

Query OK, 0 rows affected (7.01 sec)
Records: 0  Duplicates: 0  Warnings: 0

Query OK, 0 rows affected (3.83 sec)
Records: 0  Duplicates: 0  Warnings: 0

Query OK, 0 rows affected (2.00 sec)
Records: 0  Duplicates: 0  Warnings: 0

Query OK, 0 rows affected (0.10 sec)

Query OK, 474584 rows affected (54.59 sec)
Records: 474584  Duplicates: 0  Warnings: 0

Query OK, 0 rows affected (2.20 sec)
Records: 0  Duplicates: 0  Warnings: 0

Query OK, 0 rows affected (1.70 sec)
Records: 0  Duplicates: 0  Warnings: 0

+-----------+
| contracts |
+-----------+
|    474584 |
+-----------+
1 row in set (0.54 sec)

+-----------------+
| contractaddress |
+-----------------+
|          474584 |
+-----------------+
1 row in set (0.17 sec)

Database changed
Query OK, 0 rows affected (0.03 sec)

Query OK, 0 rows affected (0.00 sec)

Query OK, 6558 rows affected (0.22 sec)
Records: 6558  Deleted: 0  Skipped: 0  Warnings: 0

Query OK, 0 rows affected (0.00 sec)

Query OK, 6527 rows affected (2.54 sec)
Records: 6527  Duplicates: 0  Warnings: 0

Query OK, 0 rows affected (0.05 sec)
Records: 0  Duplicates: 0  Warnings: 0

Query OK, 0 rows affected (0.16 sec)

Query OK, 5376 rows affected (0.13 sec)
Records: 5376  Duplicates: 0  Warnings: 0

Query OK, 0 rows affected (0.03 sec)
Records: 0  Duplicates: 0  Warnings: 0

+-------------------+
| contractdiscounts |
+-------------------+
|              6558 |
+-------------------+
1 row in set (0.01 sec)

+-------------------------+
| clientcontractdiscounts |
+-------------------------+
|                    6527 |
+-------------------------+
1 row in set (0.00 sec)

+----------------------------+
| clientcontractlastdiscount |
+----------------------------+
|                       5376 |
+----------------------------+
1 row in set (0.00 sec)

Database changed
Query OK, 0 rows affected (0.45 sec)

Query OK, 0 rows affected (0.01 sec)

Database changed
Query OK, 128385 rows affected (4.91 sec)
Records: 128385  Deleted: 0  Skipped: 0  Warnings: 0

Query OK, 0 rows affected (0.51 sec)
Records: 0  Duplicates: 0  Warnings: 0

Query OK, 0 rows affected (0.56 sec)
Records: 0  Duplicates: 0  Warnings: 0

Query OK, 0 rows affected (0.46 sec)
Records: 0  Duplicates: 0  Warnings: 0

Query OK, 0 rows affected (0.35 sec)
Records: 0  Duplicates: 0  Warnings: 0

Query OK, 0 rows affected (0.42 sec)
Records: 0  Duplicates: 0  Warnings: 0

Query OK, 0 rows affected (0.62 sec)
Records: 0  Duplicates: 0  Warnings: 0

Query OK, 0 rows affected (0.17 sec)

Query OK, 1619116 rows affected (4 min 33.72 sec)
Records: 1619116  Duplicates: 0  Warnings: 0

+---------+
| devices |
+---------+
|  128385 |
+---------+
1 row in set (0.17 sec)

+-----------------------+
| clientcontractdevices |
+-----------------------+
|               1619116 |
+-----------------------+
1 row in set (1.16 sec)

Query OK, 0 rows affected (0.23 sec)

Query OK, 128274 rows affected (10.07 sec)
Records: 128274  Duplicates: 0  Warnings: 0

+---------------------------+
| rep_clientcontractdevices |
+---------------------------+
|                    128274 |
+---------------------------+
1 row in set (0.05 sec)

Database changed
Query OK, 0 rows affected (0.19 sec)

Query OK, 0 rows affected (0.01 sec)

Query OK, 243653 rows affected (7.51 sec)
Records: 243653  Deleted: 0  Skipped: 0  Warnings: 0

Query OK, 0 rows affected (0.76 sec)
Records: 0  Duplicates: 0  Warnings: 0

Query OK, 0 rows affected (0.70 sec)
Records: 0  Duplicates: 0  Warnings: 0

Query OK, 0 rows affected (0.72 sec)
Records: 0  Duplicates: 0  Warnings: 0

Query OK, 0 rows affected (0.66 sec)
Records: 0  Duplicates: 0  Warnings: 0

+---------+
| tickets |
+---------+
|  243653 |
+---------+
1 row in set (0.09 sec)

Database changed
Query OK, 0 rows affected (0.00 sec)

Query OK, 0 rows affected (0.02 sec)

Empty set (0.00 sec)

Query OK, 0 rows affected (0.01 sec)
Records: 0  Duplicates: 0  Warnings: 0

Query OK, 313 rows affected, 2 warnings (0.01 sec)
Records: 313  Deleted: 0  Skipped: 0  Warnings: 2

+-----------------+
| tickettechusers |
+-----------------+
|             313 |
+-----------------+
1 row in set (0.00 sec)

Database changed
Query OK, 0 rows affected (0.11 sec)

Query OK, 0 rows affected (0.00 sec)

Query OK, 0 rows affected (0.01 sec)
Records: 0  Duplicates: 0  Warnings: 0

Query OK, 504499 rows affected, 41737 warnings (10.84 sec)
Records: 504499  Deleted: 0  Skipped: 0  Warnings: 41737

+-------------------+
| ticketassignments |
+-------------------+
|            504499 |
+-------------------+
1 row in set (0.18 sec)

Database changed
Query OK, 0 rows affected (0.17 sec)

Query OK, 0 rows affected (0.04 sec)

Query OK, 1056148 rows affected (21.13 sec)
Records: 1056148  Deleted: 0  Skipped: 0  Warnings: 0

Query OK, 0 rows affected (13.14 sec)
Records: 0  Duplicates: 0  Warnings: 0

Query OK, 0 rows affected (3.99 sec)
Records: 0  Duplicates: 0  Warnings: 0

Query OK, 0 rows affected (4.09 sec)
Records: 0  Duplicates: 0  Warnings: 0

Query OK, 0 rows affected (3.69 sec)
Records: 0  Duplicates: 0  Warnings: 0

+----------------+
| ticketcomments |
+----------------+
|        1056148 |
+----------------+
1 row in set (0.46 sec)

Database changed
Query OK, 0 rows affected (0.03 sec)

Query OK, 0 rows affected (0.01 sec)

Query OK, 402160 rows affected (49.38 sec)
Records: 402160  Deleted: 0  Skipped: 0  Warnings: 0

Query OK, 0 rows affected (3.12 sec)
Records: 0  Duplicates: 0  Warnings: 0

+----------+
| comments |
+----------+
|   402160 |
+----------+
1 row in set (0.16 sec)

Database changed
Query OK, 0 rows affected (0.16 sec)

Query OK, 0 rows affected (0.02 sec)

Query OK, 769138 rows affected, 65535 warnings (1 min 1.96 sec)
Records: 769138  Deleted: 0  Skipped: 0  Warnings: 769139

Query OK, 0 rows affected (4.44 sec)
Records: 0  Duplicates: 0  Warnings: 0

Query OK, 0 rows affected (4.35 sec)
Records: 0  Duplicates: 0  Warnings: 0

Query OK, 0 rows affected (3.02 sec)
Records: 0  Duplicates: 0  Warnings: 0

Query OK, 0 rows affected (3.04 sec)
Records: 0  Duplicates: 0  Warnings: 0

Query OK, 0 rows affected (4.20 sec)
Records: 0  Duplicates: 0  Warnings: 0

+------------+
| devicesold |
+------------+
|     769138 |
+------------+
1 row in set (0.32 sec)

Database changed
Query OK, 0 rows affected (0.28 sec)

Query OK, 0 rows affected (0.01 sec)

Query OK, 1612660 rows affected (26.52 sec)
Records: 1612660  Deleted: 0  Skipped: 0  Warnings: 0

Query OK, 0 rows affected (10.87 sec)
Records: 0  Duplicates: 0  Warnings: 0

Query OK, 0 rows affected (6.28 sec)
Records: 0  Duplicates: 0  Warnings: 0

Query OK, 0 rows affected (6.67 sec)
Records: 0  Duplicates: 0  Warnings: 0

+------------------+
| contractservices |
+------------------+
|          1612660 |
+------------------+
1 row in set (0.61 sec)

Database changed
Query OK, 0 rows affected (0.19 sec)

Query OK, 0 rows affected (0.02 sec)

Query OK, 3598369 rows affected (2 min 23.17 sec)
Records: 3598369  Deleted: 0  Skipped: 0  Warnings: 0

Query OK, 0 rows affected (22.06 sec)
Records: 0  Duplicates: 0  Warnings: 0

Query OK, 0 rows affected (21.50 sec)
Records: 0  Duplicates: 0  Warnings: 0

Query OK, 0 rows affected (27.51 sec)
Records: 0  Duplicates: 0  Warnings: 0

Query OK, 0 rows affected (16.42 sec)
Records: 0  Duplicates: 0  Warnings: 0

+------------------+
| invoicescontents |
+------------------+
|          3598369 |
+------------------+
1 row in set (1.39 sec)

Database changed
Query OK, 0 rows affected (0.82 sec)

Query OK, 0 rows affected (0.04 sec)

Query OK, 2478335 rows affected (3 min 33.21 sec)
Records: 2478335  Deleted: 0  Skipped: 0  Warnings: 0

Query OK, 0 rows affected (17.20 sec)
Records: 0  Duplicates: 0  Warnings: 0

Query OK, 0 rows affected (16.05 sec)
Records: 0  Duplicates: 0  Warnings: 0

Query OK, 0 rows affected (18.22 sec)
Records: 0  Duplicates: 0  Warnings: 0

Query OK, 0 rows affected (15.63 sec)
Records: 0  Duplicates: 0  Warnings: 0

Query OK, 0 rows affected (15.34 sec)
Records: 0  Duplicates: 0  Warnings: 0

+----------------+
| invoicesheader |
+----------------+
|        2478335 |
+----------------+
1 row in set (0.95 sec)

Database changed
Query OK, 0 rows affected (0.69 sec)

Query OK, 0 rows affected (0.03 sec)

Query OK, 2611917 rows affected (1 min 23.21 sec)
Records: 2611917  Deleted: 0  Skipped: 0  Warnings: 0

Query OK, 0 rows affected (14.14 sec)
Records: 0  Duplicates: 0  Warnings: 0

Query OK, 0 rows affected (11.17 sec)
Records: 0  Duplicates: 0  Warnings: 0

Query OK, 0 rows affected (10.30 sec)
Records: 0  Duplicates: 0  Warnings: 0

Query OK, 0 rows affected (10.68 sec)
Records: 0  Duplicates: 0  Warnings: 0

+---------+
| casa    |
+---------+
| 2611917 |
+---------+
1 row in set (1.02 sec)

Query OK, 0 rows affected (0.08 sec)

Query OK, 12227 rows affected (1 min 22.17 sec)
Records: 12227  Duplicates: 0  Warnings: 0

+--------------------+
| rep_paycol_channel |
+--------------------+
|              12227 |
+--------------------+
1 row in set (0.01 sec)

Query OK, 0 rows affected (0.05 sec)

Query OK, 8387 rows affected (1 min 34.83 sec)
Records: 8387  Duplicates: 0  Warnings: 0

+----------------+
| rep_paycol_pos |
+----------------+
|           8387 |
+----------------+
1 row in set (0.00 sec)

Database changed
Query OK, 0 rows affected (0.01 sec)

Query OK, 0 rows affected (0.01 sec)

Database changed
Query OK, 37978 rows affected (0.86 sec)
Records: 37978  Deleted: 0  Skipped: 0  Warnings: 0

+-------+
| users |
+-------+
| 37978 |
+-------+
1 row in set (0.02 sec)

Database changed
Query OK, 0 rows affected (0.38 sec)

Query OK, 0 rows affected (0.02 sec)

Database changed
Query OK, 9798881 rows affected (2 min 23.97 sec)
Records: 9798881  Deleted: 0  Skipped: 0  Warnings: 0

Query OK, 0 rows affected (43.34 sec)
Records: 0  Duplicates: 0  Warnings: 0

Query OK, 0 rows affected (42.36 sec)
Records: 0  Duplicates: 0  Warnings: 0

Query OK, 0 rows affected (50.48 sec)
Records: 0  Duplicates: 0  Warnings: 0

Query OK, 0 rows affected (41.46 sec)
Records: 0  Duplicates: 0  Warnings: 0

+----------+
| ipusage1 |
+----------+
|  9798881 |
+----------+
1 row in set (10.88 sec)

Query OK, 0 rows affected (0.61 sec)

Query OK, 9874093 rows affected, 65535 warnings (15 min 29.46 sec)
Records: 9874093  Duplicates: 0  Warnings: 9864014

Query OK, 0 rows affected (2 min 13.79 sec)
Records: 0  Duplicates: 0  Warnings: 0

Query OK, 0 rows affected (47.52 sec)
Records: 0  Duplicates: 0  Warnings: 0

Query OK, 0 rows affected (56.21 sec)
Records: 0  Duplicates: 0  Warnings: 0

Query OK, 0 rows affected (45.40 sec)
Records: 0  Duplicates: 0  Warnings: 0

Query OK, 0 rows affected (1 min 7.25 sec)
Records: 0  Duplicates: 0  Warnings: 0

Query OK, 0 rows affected (1 min 12.14 sec)
Records: 0  Duplicates: 0  Warnings: 0

Query OK, 0 rows affected (1 min 21.41 sec)
Records: 0  Duplicates: 0  Warnings: 0

+---------+
| ipusage |
+---------+
| 9874093 |
+---------+
1 row in set (12.44 sec)

Query OK, 0 rows affected (1.27 sec)

Query OK, 3446581 rows affected (3 min 4.56 sec)
Records: 3446581  Duplicates: 0  Warnings: 0

Query OK, 0 rows affected (20.59 sec)
Records: 0  Duplicates: 0  Warnings: 0

Query OK, 0 rows affected (15.43 sec)
Records: 0  Duplicates: 0  Warnings: 0

Query OK, 0 rows affected (13.02 sec)
Records: 0  Duplicates: 0  Warnings: 0

Query OK, 0 rows affected (24.83 sec)
Records: 0  Duplicates: 0  Warnings: 0

Query OK, 0 rows affected (0.90 sec)

Query OK, 301484 rows affected (38.46 sec)
Records: 301484  Duplicates: 0  Warnings: 0

Query OK, 0 rows affected (1.33 sec)
Records: 0  Duplicates: 0  Warnings: 0

Query OK, 0 rows affected (1.26 sec)
Records: 0  Duplicates: 0  Warnings: 0

Query OK, 0 rows affected (1.70 sec)
Records: 0  Duplicates: 0  Warnings: 0

Query OK, 0 rows affected (0.74 sec)
Records: 0  Duplicates: 0  Warnings: 0

Query OK, 0 rows affected (0.75 sec)
Records: 0  Duplicates: 0  Warnings: 0

Query OK, 0 rows affected (0.82 sec)

Query OK, 1612602 rows affected (2 min 5.37 sec)
Records: 1612602  Duplicates: 0  Warnings: 0

Query OK, 0 rows affected (9.94 sec)
Records: 0  Duplicates: 0  Warnings: 0

Query OK, 0 rows affected (4.60 sec)
Records: 0  Duplicates: 0  Warnings: 0

Query OK, 0 rows affected (9.21 sec)
Records: 0  Duplicates: 0  Warnings: 0

mysql> mysql \. C:\workspace\cloud\code\sql\_DailyScript\currenttime.sql
+---------------------+
| currenttime         |
+---------------------+
| 2019-05-14 10:23:25 |
+---------------------+
1 row in set (0.00 sec)

mysql> 
mysql> mysql \. C:\workspace\cloud\code\sql\_DailyScript\ticket_analysis.sql
Database changed
Query OK, 0 rows affected (0.48 sec)

Query OK, 417130 rows affected (37.58 sec)
Records: 417130  Duplicates: 0  Warnings: 0

Query OK, 0 rows affected (9.41 sec)
Records: 0  Duplicates: 0  Warnings: 0

Query OK, 0 rows affected (1.93 sec)
Records: 0  Duplicates: 0  Warnings: 0

Query OK, 0 rows affected (2.08 sec)
Records: 0  Duplicates: 0  Warnings: 0

Query OK, 0 rows affected (0.22 sec)

Query OK, 15118 rows affected (11.10 sec)
Records: 15118  Duplicates: 0  Warnings: 0

Query OK, 0 rows affected, 1 warning (0.00 sec)

Query OK, 57279 rows affected (6.41 sec)
Records: 57279  Duplicates: 0  Warnings: 0

Query OK, 0 rows affected, 1 warning (0.00 sec)

Query OK, 297700 rows affected (9.41 sec)
Records: 297700  Duplicates: 0  Warnings: 0

Query OK, 0 rows affected, 1 warning (0.00 sec)

Query OK, 297700 rows affected (11.52 sec)
Records: 297700  Duplicates: 0  Warnings: 0

Query OK, 0 rows affected (0.22 sec)

Query OK, 57320 rows affected (5.66 sec)
Records: 57320  Duplicates: 0  Warnings: 0

Database changed
Query OK, 0 rows affected (0.00 sec)

Query OK, 0 rows affected (0.12 sec)

Query OK, 417130 rows affected (23.27 sec)
Records: 417130  Duplicates: 0  Warnings: 0

Query OK, 0 rows affected (0.33 sec)

Query OK, 197052 rows affected (30.41 sec)
Records: 197052  Duplicates: 0  Warnings: 0

+--------------------------+
| clientticket_cmmtjourney |
+--------------------------+
|                   417130 |
+--------------------------+
1 row in set (6.35 sec)

+---------------------------+
| clientticket_assgnjourney |
+---------------------------+
|                    197052 |
+---------------------------+
1 row in set (0.46 sec)

Query OK, 0 rows affected (0.03 sec)

Query OK, 75 rows affected (0.31 sec)
Records: 75  Duplicates: 0  Warnings: 0

mysql> mysql \. C:\workspace\cloud\code\sql\_DailyScript\currenttime.sql
+---------------------+
| currenttime         |
+---------------------+
| 2019-05-14 10:26:02 |
+---------------------+
1 row in set (0.00 sec)

mysql> 
mysql> mysql \. C:\workspace\cloud\code\sql\_DailyScript\load_DailyCalls.sql
Database changed
ERROR 2 (HY000): File 'C:\ProgramData\MySQL\MySQL Server 5.7\Uploads\CC\distribution_detail-CC-13052019.csv' not found (Errcode: 2 - No such file or directory)
Query OK, 0 rows affected, 1 warning (0.00 sec)

Query OK, 0 rows affected (0.57 sec)
Records: 0  Duplicates: 0  Warnings: 0

Query OK, 0 rows affected, 1 warning (0.00 sec)

Query OK, 66726 rows affected (1.27 sec)
Records: 66726  Duplicates: 0  Warnings: 0

+----------------------+
| callingclientsbefore |
+----------------------+
|               668984 |
+----------------------+
1 row in set (13.64 sec)

Query OK, 0 rows affected (0.04 sec)
Records: 0  Duplicates: 0  Warnings: 0

+---------------------+
| callingclientsafter |
+---------------------+
|              668984 |
+---------------------+
1 row in set (0.31 sec)

Query OK, 0 rows affected (0.25 sec)

Query OK, 0 rows affected (28.92 sec)
Records: 0  Duplicates: 0  Warnings: 0

Query OK, 0 rows affected (0.21 sec)

Query OK, 13900 rows affected (2.70 sec)
Records: 13900  Duplicates: 0  Warnings: 0

+-----------+
| callstats |
+-----------+
|     13900 |
+-----------+
1 row in set (0.01 sec)

mysql> mysql \. C:\workspace\cloud\code\sql\_DailyScript\currenttime.sql
+---------------------+
| currenttime         |
+---------------------+
| 2019-05-14 10:26:50 |
+---------------------+
1 row in set (0.00 sec)

mysql> 
mysql> mysql \. C:\workspace\cloud\code\sql\_DailyScript\DAILY-SCRIPT-USAGE.sql
Database changed
Query OK, 0 rows affected (0.00 sec)

Query OK, 6279 rows affected, 18185 warnings (8.58 sec)
Records: 6279  Deleted: 0  Skipped: 0  Warnings: 18185

Query OK, 0 rows affected (0.00 sec)

Query OK, 10537 rows affected, 30485 warnings (6.62 sec)
Records: 10537  Deleted: 0  Skipped: 0  Warnings: 30485

Query OK, 0 rows affected (0.00 sec)

Query OK, 57 rows affected, 190 warnings (0.20 sec)
Records: 57  Deleted: 0  Skipped: 0  Warnings: 190

Query OK, 0 rows affected (0.00 sec)

Query OK, 301 rows affected, 1085 warnings (0.25 sec)
Records: 301  Deleted: 0  Skipped: 0  Warnings: 1085

+------------+
| dailyusage |
+------------+
|    5730886 |
+------------+
1 row in set (30.41 sec)

+------------+------------+------------+---------+
| datestart  | dateend    | insertedon | records |
+------------+------------+------------+---------+
| 2019-05-13 | 2019-05-13 | 2019-05-14 |   17174 |
| 2019-05-12 | 2019-05-12 | 2019-05-13 |   16858 |
| 2019-05-11 | 2019-05-11 | 2019-05-12 |   17054 |
| 2019-05-10 | 2019-05-10 | 2019-05-11 |   17210 |
| 2019-05-09 | 2019-05-09 | 2019-05-10 |   17259 |
+------------+------------+------------+---------+
5 rows in set (4 min 10.86 sec)

mysql> mysql \. C:\workspace\cloud\code\sql\_DailyScript\currenttime.sql
+---------------------+
| currenttime         |
+---------------------+
| 2019-05-14 10:31:47 |
+---------------------+
1 row in set (0.00 sec)

mysql> 
mysql> mysql \. C:\workspace\cloud\code\sql\_DailyScript\DAILY-SCRIPT-SALES-TELEMETRY.sql
Database changed
Query OK, 121 rows affected, 51 warnings (0.29 sec)
Records: 121  Deleted: 0  Skipped: 0  Warnings: 51

+------------+
| dailysales |
+------------+
|     152398 |
+------------+
1 row in set (1.24 sec)

Query OK, 0 rows affected (0.18 sec)

Query OK, 152398 rows affected (24.14 sec)
Records: 152398  Duplicates: 0  Warnings: 0

+--------+
| sales  |
+--------+
| 152398 |
+--------+
1 row in set (0.08 sec)

Query OK, 0 rows affected (0.03 sec)

Query OK, 2425 rows affected (0.35 sec)
Records: 2425  Duplicates: 0  Warnings: 0

+----------------+
| rep_dailysales |
+----------------+
|           2425 |
+----------------+
1 row in set (0.00 sec)

Query OK, 0 rows affected (0.01 sec)

Query OK, 2425 rows affected (0.51 sec)
Records: 2425  Duplicates: 0  Warnings: 0

+-------------------+
| rep_dailysalesreg |
+-------------------+
|              2425 |
+-------------------+
1 row in set (0.00 sec)

Query OK, 0 rows affected (0.04 sec)

Query OK, 2391 rows affected (0.89 sec)
Records: 2391  Duplicates: 0  Warnings: 0

+-----------+
| saleslist |
+-----------+
|      2391 |
+-----------+
1 row in set (0.00 sec)

Database changed
Query OK, 2 rows affected (0.15 sec)
Records: 2  Deleted: 0  Skipped: 0  Warnings: 0

+------------------+
| dailysinglesales |
+------------------+
|             5711 |
+------------------+
1 row in set (0.15 sec)

Database changed
Query OK, 7 rows affected (0.15 sec)
Records: 7  Deleted: 0  Skipped: 0  Warnings: 0

+-----------------+
| dailyaddonsales |
+-----------------+
|           15648 |
+-----------------+
1 row in set (0.33 sec)

Query OK, 49 rows affected (0.44 sec)
Records: 49  Deleted: 0  Skipped: 0  Warnings: 0

+----------------+
| onlinepayments |
+----------------+
|          52175 |
+----------------+
1 row in set (0.42 sec)

+-------------+----------------+---------------------+
| paymentdate | onlinepayments | onlinepaymentamount |
+-------------+----------------+---------------------+
| 2019-05-13  |             49 |         37277.09000 |
| 2019-05-12  |             51 |         36634.15000 |
| 2019-05-11  |             90 |         56738.60000 |
| 2019-05-10  |             64 |         40920.29000 |
| 2019-05-09  |             72 |         41730.99000 |
+-------------+----------------+---------------------+
5 rows in set (4.36 sec)

+-------------+--------------+----------------+---------------------+
| paymentyear | paymentmonth | onlinepayments | onlinepaymentamount |
+-------------+--------------+----------------+---------------------+
|        2019 |            5 |           1259 |        843015.75000 |
|        2019 |            4 |           2854 |       1881797.80000 |
|        2019 |            3 |           2821 |       1851177.84000 |
|        2019 |            2 |           2441 |       1600446.38000 |
|        2019 |            1 |           2609 |       1678277.98000 |
+-------------+--------------+----------------+---------------------+
5 rows in set (0.07 sec)

mysql> mysql \. C:\workspace\cloud\code\sql\_DailyScript\currenttime.sql
+---------------------+
| currenttime         |
+---------------------+
| 2019-05-14 10:32:21 |
+---------------------+
1 row in set (0.00 sec)

mysql> 
mysql> mysql \. C:\workspace\cloud\code\sql\_DailyScript\DAILY-SCRIPT-ACTIVENUMBERS.sql
Database changed
Query OK, 1328 rows affected (2.87 sec)
Records: 1328  Deleted: 0  Skipped: 0  Warnings: 0

+------------+----------+
| period     | count(1) |
+------------+----------+
| 2019-05-13 |     1328 |
| 2019-05-12 |     1329 |
| 2019-05-11 |     1329 |
| 2019-05-10 |     1330 |
| 2019-05-09 |     1333 |
| 2019-05-08 |     1334 |
+------------+----------+
6 rows in set (0.01 sec)

Query OK, 0 rows affected (0.03 sec)

Query OK, 82 rows affected (2.10 sec)
Records: 82  Duplicates: 0  Warnings: 0

+-------------+
| packagelist |
+-------------+
|          82 |
+-------------+
1 row in set (0.00 sec)

Database changed
Query OK, 0 rows affected (0.00 sec)

Query OK, 0 rows affected (0.00 sec)

Query OK, 0 rows affected (0.00 sec)

Query OK, 0 rows affected (0.00 sec)

Query OK, 26966 rows affected, 210 warnings (2 min 33.92 sec)
Records: 26966  Deleted: 0  Skipped: 0  Warnings: 210

+------------+----------+
| period     | count(1) |
+------------+----------+
| 2019-05-13 |    26966 |
| 2019-05-12 |    26840 |
| 2019-05-11 |    27041 |
| 2019-05-10 |    27080 |
| 2019-05-09 |    27036 |
+------------+----------+
5 rows in set (0.24 sec)

Query OK, 0 rows affected (0.26 sec)

Query OK, 26328 rows affected (6 min 33.75 sec)
Records: 26328  Duplicates: 0  Warnings: 0

Query OK, 0 rows affected (1.19 sec)
Records: 0  Duplicates: 0  Warnings: 0

Query OK, 0 rows affected (0.19 sec)
Records: 0  Duplicates: 0  Warnings: 0

Query OK, 0 rows affected (0.20 sec)
Records: 0  Duplicates: 0  Warnings: 0

Query OK, 0 rows affected (0.81 sec)
Records: 0  Duplicates: 0  Warnings: 0

Query OK, 0 rows affected (0.08 sec)
Records: 0  Duplicates: 0  Warnings: 0

Query OK, 0 rows affected (0.08 sec)
Records: 0  Duplicates: 0  Warnings: 0

+-------------+
| countbefore |
+-------------+
|    26036024 |
+-------------+
1 row in set (2 min 4.48 sec)

Query OK, 26328 rows affected (1 min 18.32 sec)
Records: 26328  Duplicates: 0  Warnings: 0

+------------+
| countafter |
+------------+
|   26062352 |
+------------+
1 row in set (1 min 17.91 sec)

+------------+--------------------------+
| period     | customercontractactivity |
+------------+--------------------------+
| 2019-05-13 |                    26328 |
| 2019-05-12 |                    26202 |
| 2019-05-11 |                    26403 |
| 2019-05-10 |                    26442 |
| 2019-05-09 |                    26398 |
+------------+--------------------------+
5 rows in set (0.07 sec)

Query OK, 0 rows affected (1.19 sec)

Query OK, 212923 rows affected (26 min 24.31 sec)
Records: 212923  Duplicates: 0  Warnings: 0

Query OK, 0 rows affected (1.31 sec)
Records: 0  Duplicates: 0  Warnings: 0

Query OK, 0 rows affected (1.09 sec)
Records: 0  Duplicates: 0  Warnings: 0

Query OK, 0 rows affected (1.27 sec)
Records: 0  Duplicates: 0  Warnings: 0

Query OK, 0 rows affected (0.52 sec)

Query OK, 248 rows affected (0.78 sec)
Records: 248  Duplicates: 0  Warnings: 0

Query OK, 0 rows affected (0.10 sec)

Query OK, 2379 rows affected (0.77 sec)
Records: 2379  Duplicates: 0  Warnings: 0

Query OK, 0 rows affected (0.10 sec)

Query OK, 26316 rows affected (0.79 sec)
Records: 26316  Duplicates: 0  Warnings: 0

Query OK, 0 rows affected (0.27 sec)

Query OK, 16888 rows affected (0.51 sec)
Records: 16888  Duplicates: 0  Warnings: 0

Query OK, 0 rows affected (0.27 sec)

Query OK, 16888 rows affected (0.21 sec)
Records: 16888  Duplicates: 0  Warnings: 0

Query OK, 0 rows affected (0.16 sec)

Query OK, 16888 rows affected (3.01 sec)
Records: 16888  Duplicates: 0  Warnings: 0

Query OK, 0 rows affected (0.34 sec)

Query OK, 16888 rows affected (57.94 sec)
Records: 16888  Duplicates: 0  Warnings: 0

+-------------+
| clientstats |
+-------------+
|       16888 |
+-------------+
1 row in set (0.01 sec)

Query OK, 0 rows affected (0.61 sec)

Query OK, 13 rows affected, 1 warning (0.19 sec)
Records: 13  Duplicates: 0  Warnings: 1

+-----------------------+-------------+-------------+----------------+-----------------+
| services              | activecount | allaccounts | uniqueaccounts | uniquecontracts |
+-----------------------+-------------+-------------+----------------+-----------------+
| All                   |         118 |          25 |             25 |              80 |
| Internet & Voice      |         456 |         210 |            210 |             411 |
| Internet Only         |        4139 |        3999 |           3996 |            4071 |
| OTT Only              |           2 |           2 |              2 |               2 |
| TV & Internet         |        9025 |        3906 |           3900 |            7958 |
| TV & Internet & OTT   |        1856 |         531 |            531 |            1080 |
| TV & Internet & Voice |         534 |         147 |            147 |             455 |
| TV & OTT              |         100 |          31 |             31 |              32 |
| TV & Voice            |         114 |          48 |             48 |              98 |
| TV & Voice & OTT      |          10 |           1 |              1 |               3 |
| TV Only               |       10570 |        7798 |           7790 |            7995 |
| Voice Only            |         191 |         190 |            190 |             191 |
| GRAND TOTAL           |       27115 |       16888 |          16834 |           22376 |
+-----------------------+-------------+-------------+----------------+-----------------+
13 rows in set (0.00 sec)

+-------------+-------------+-------------+----------------+-----------------+
| network     | activecount | allaccounts | uniqueaccounts | uniquecontracts |
+-------------+-------------+-------------+----------------+-----------------+
| ADDON       |          14 |           6 |              6 |               6 |
| GPON        |        6768 |        3427 |           3426 |            5186 |
| HFC         |       20333 |       13455 |          13455 |           17184 |
| GRAND TOTAL |       27115 |       16888 |          16834 |           22376 |
+-------------+-------------+-------------+----------------+-----------------+
4 rows in set, 1 warning (0.14 sec)

+-------------+-----------------------+-------------+-------------+----------------+-----------------+
| network     | services              | activecount | allaccounts | uniqueaccounts | uniquecontracts |
+-------------+-----------------------+-------------+-------------+----------------+-----------------+
| ADDON       | OTT Only              |           2 |           2 |              2 |               2 |
| ADDON       | TV & OTT              |           9 |           2 |              2 |               2 |
| ADDON       | TV Only               |           3 |           2 |              2 |               2 |
| ADDON       | Services Total        |          14 |           6 |              6 |               6 |
| GPON        | All                   |          31 |           6 |              6 |              21 |
| GPON        | Internet & Voice      |          65 |          27 |             27 |              55 |
| GPON        | Internet Only         |         891 |         811 |            811 |             829 |
| GPON        | TV & Internet         |        3004 |        1235 |           1235 |            2552 |
| GPON        | TV & Internet & OTT   |         881 |         241 |            241 |             495 |
| GPON        | TV & Internet & Voice |         132 |          34 |             34 |             104 |
| GPON        | TV & OTT              |          63 |          19 |             19 |              20 |
| GPON        | TV & Voice            |          44 |          17 |             17 |              36 |
| GPON        | TV Only               |        1648 |        1028 |           1028 |            1065 |
| GPON        | Voice Only            |           9 |           9 |              9 |               9 |
| GPON        | Services Total        |        6768 |        3427 |           3426 |            5186 |
| HFC         | All                   |          87 |          19 |             19 |              59 |
| HFC         | Internet & Voice      |         391 |         183 |            183 |             356 |
| HFC         | Internet Only         |        3248 |        3188 |           3188 |            3242 |
| HFC         | TV & Internet         |        6021 |        2671 |           2671 |            5406 |
| HFC         | TV & Internet & OTT   |         975 |         290 |            290 |             585 |
| HFC         | TV & Internet & Voice |         402 |         113 |            113 |             351 |
| HFC         | TV & OTT              |          28 |          10 |             10 |              10 |
| HFC         | TV & Voice            |          70 |          31 |             31 |              62 |
| HFC         | TV & Voice & OTT      |          10 |           1 |              1 |               3 |
| HFC         | TV Only               |        8919 |        6768 |           6768 |            6928 |
| HFC         | Voice Only            |         182 |         181 |            181 |             182 |
| HFC         | Services Total        |       20333 |       13455 |          13455 |           17184 |
| GRAND TOTAL | Services Total        |       27115 |       16888 |          16834 |           22376 |
+-------------+-----------------------+-------------+-------------+----------------+-----------------+
28 rows in set, 2 warnings (0.16 sec)

Query OK, 0 rows affected (0.01 sec)

Query OK, 44 rows affected, 3 warnings (0.35 sec)
Records: 44  Duplicates: 0  Warnings: 3

+-------------+---------------+-----------------------+-------------+-------------+----------------+-----------------+
| region      | network       | services              | activecount | allaccounts | uniqueaccounts | uniquecontracts |
+-------------+---------------+-----------------------+-------------+-------------+----------------+-----------------+
| Mahe        | ADDON         | OTT Only              |           2 |           2 |              2 |               2 |
| Mahe        | ADDON         | TV & OTT              |           4 |           1 |              1 |               1 |
| Mahe        | ADDON         | TV Only               |           3 |           2 |              2 |               2 |
| Mahe        | ADDON         | Services Total        |           9 |           5 |              5 |               5 |
| Mahe        | GPON          | All                   |          25 |           5 |              5 |              17 |
| Mahe        | GPON          | Internet & Voice      |          53 |          21 |             21 |              43 |
| Mahe        | GPON          | Internet Only         |         679 |         599 |            599 |             617 |
| Mahe        | GPON          | TV & Internet         |        2122 |         865 |            865 |            1780 |
| Mahe        | GPON          | TV & Internet & OTT   |         518 |         137 |            137 |             281 |
| Mahe        | GPON          | TV & Internet & Voice |         114 |          29 |             29 |              88 |
| Mahe        | GPON          | TV & OTT              |          42 |          10 |             10 |              10 |
| Mahe        | GPON          | TV & Voice            |          38 |          15 |             15 |              31 |
| Mahe        | GPON          | TV Only               |        1210 |         724 |            724 |             745 |
| Mahe        | GPON          | Voice Only            |           9 |           9 |              9 |               9 |
| Mahe        | GPON          | Services Total        |        4810 |        2414 |           2414 |            3621 |
| Mahe        | HFC           | All                   |          87 |          19 |             19 |              59 |
| Mahe        | HFC           | Internet & Voice      |         391 |         183 |            183 |             356 |
| Mahe        | HFC           | Internet Only         |        3248 |        3188 |           3188 |            3242 |
| Mahe        | HFC           | TV & Internet         |        6021 |        2671 |           2671 |            5406 |
| Mahe        | HFC           | TV & Internet & OTT   |         975 |         290 |            290 |             585 |
| Mahe        | HFC           | TV & Internet & Voice |         402 |         113 |            113 |             351 |
| Mahe        | HFC           | TV & OTT              |          28 |          10 |             10 |              10 |
| Mahe        | HFC           | TV & Voice            |          70 |          31 |             31 |              62 |
| Mahe        | HFC           | TV & Voice & OTT      |          10 |           1 |              1 |               3 |
| Mahe        | HFC           | TV Only               |        8914 |        6765 |           6765 |            6925 |
| Mahe        | HFC           | Voice Only            |         182 |         181 |            181 |             182 |
| Mahe        | HFC           | Services Total        |       20328 |       13452 |          13452 |           17181 |
| Mahe        | Network Total | Services Total        |       25147 |       15871 |          15820 |           20807 |
| Praslin     | ADDON         | TV & OTT              |           5 |           1 |              1 |               1 |
| Praslin     | ADDON         | Services Total        |           5 |           1 |              1 |               1 |
| Praslin     | GPON          | All                   |           6 |           1 |              1 |               4 |
| Praslin     | GPON          | Internet & Voice      |          12 |           6 |              6 |              12 |
| Praslin     | GPON          | Internet Only         |         212 |         212 |            212 |             212 |
| Praslin     | GPON          | TV & Internet         |         882 |         370 |            370 |             772 |
| Praslin     | GPON          | TV & Internet & OTT   |         363 |         104 |            104 |             214 |
| Praslin     | GPON          | TV & Internet & Voice |          18 |           5 |              5 |              16 |
| Praslin     | GPON          | TV & OTT              |          21 |           9 |              9 |              10 |
| Praslin     | GPON          | TV & Voice            |           6 |           2 |              2 |               5 |
| Praslin     | GPON          | TV Only               |         438 |         304 |            304 |             320 |
| Praslin     | GPON          | Services Total        |        1958 |        1013 |           1013 |            1565 |
| Praslin     | HFC           | TV Only               |           5 |           3 |              3 |               3 |
| Praslin     | HFC           | Services Total        |           5 |           3 |              3 |               3 |
| Praslin     | Network Total | Services Total        |        1968 |        1017 |           1015 |            1569 |
| GRAND TOTAL | Network Total | Services Total        |       27115 |       16888 |          16834 |           22376 |
+-------------+---------------+-----------------------+-------------+-------------+----------------+-----------------+
44 rows in set (0.00 sec)

Query OK, 0 rows affected (0.17 sec)

Query OK, 26316 rows affected (1.09 sec)
Records: 26316  Duplicates: 0  Warnings: 0

Query OK, 0 rows affected (0.10 sec)

Query OK, 1610 rows affected (22.92 sec)
Records: 1610  Duplicates: 0  Warnings: 0

+--------------------------------------+
| message                              |
+--------------------------------------+
| running rcbill_my.sp_ActiveNumber2() |
+--------------------------------------+
1 row in set (0.00 sec)

Query OK, 0 rows affected (3 min 33.72 sec)

mysql> mysql \. C:\workspace\cloud\code\sql\_DailyScript\currenttime.sql
+---------------------+
| currenttime         |
+---------------------+
| 2019-05-14 11:17:52 |
+---------------------+
1 row in set (0.00 sec)

mysql> 
mysql> mysql \. C:\workspace\cloud\code\sql\_DailyScript\GetActiveNumbers Average -Pivot.sql
Database changed
+-------------------------------------+
| @today := subdate(current_date(),1) |
+-------------------------------------+
| 2019-05-13                          |
+-------------------------------------+
1 row in set (0.00 sec)

+-------------------------------------+
| @lastdayofmonth := last_day(@today) |
+-------------------------------------+
| 2019-05-31                          |
+-------------------------------------+
1 row in set (0.00 sec)

Query OK, 0 rows affected (0.42 sec)

Query OK, 29480 rows affected, 61424 warnings (54.60 sec)
Records: 29480  Duplicates: 0  Warnings: 61424

Query OK, 0 rows affected (0.17 sec)
Records: 0  Duplicates: 0  Warnings: 0

Query OK, 0 rows affected (0.11 sec)
Records: 0  Duplicates: 0  Warnings: 0

Query OK, 0 rows affected (0.10 sec)
Records: 0  Duplicates: 0  Warnings: 0

+-----------------+
| activenumberavg |
+-----------------+
|           29480 |
+-----------------+
1 row in set (0.01 sec)

Query OK, 0 rows affected (0.07 sec)

Query OK, 1736 rows affected (0.50 sec)
Records: 1736  Duplicates: 0  Warnings: 0

+---------------------+
| rep_activenumberavg |
+---------------------+
|                1736 |
+---------------------+
1 row in set (0.00 sec)

+----------------------+
| rep_activenumberavg1 |
+----------------------+
|                  824 |
+----------------------+
1 row in set (0.00 sec)

Query OK, 0 rows affected (0.03 sec)

Query OK, 1492 rows affected (0.42 sec)
Records: 1492  Duplicates: 0  Warnings: 0

Query OK, 0 rows affected (0.00 sec)

Query OK, 7546 rows affected (0.68 sec)
Records: 7546  Duplicates: 0  Warnings: 0

Query OK, 0 rows affected (0.00 sec)

Query OK, 0 rows affected (0.01 sec)

Query OK, 0 rows affected (0.03 sec)

Query OK, 0 rows affected (0.00 sec)

Query OK, 0 rows affected (0.00 sec)
Statement prepared

Query OK, 52 rows affected (0.07 sec)
Records: 52  Duplicates: 0  Warnings: 0

Query OK, 0 rows affected (0.00 sec)

Query OK, 0 rows affected (0.00 sec)

+----------------------+
| rep_activenumberavg2 |
+----------------------+
|                 1492 |
+----------------------+
1 row in set (0.00 sec)

+------------------------+
| rep_activenumberavg_pv |
+------------------------+
|                     52 |
+------------------------+
1 row in set (0.00 sec)

Query OK, 0 rows affected (0.03 sec)

Query OK, 1492 rows affected (0.34 sec)
Records: 1492  Duplicates: 0  Warnings: 0

Query OK, 0 rows affected (0.00 sec)

Query OK, 0 rows affected (0.01 sec)

Query OK, 0 rows affected (0.03 sec)

Query OK, 0 rows affected (0.00 sec)

Query OK, 0 rows affected (0.00 sec)
Statement prepared

Query OK, 52 rows affected (0.03 sec)
Records: 52  Duplicates: 0  Warnings: 0

Query OK, 0 rows affected (0.00 sec)

Query OK, 0 rows affected (0.00 sec)

+-------------------------+
| rep_activenumberavgMahe |
+-------------------------+
|                    1492 |
+-------------------------+
1 row in set (0.00 sec)

+----------------------------+
| rep_activenumberavgMahe_pv |
+----------------------------+
|                         52 |
+----------------------------+
1 row in set (0.00 sec)

Query OK, 0 rows affected (0.00 sec)

Query OK, 960 rows affected (0.19 sec)
Records: 960  Duplicates: 0  Warnings: 0

Query OK, 0 rows affected (0.00 sec)

Query OK, 0 rows affected (0.00 sec)

Query OK, 0 rows affected (0.02 sec)

Query OK, 0 rows affected (0.00 sec)

Query OK, 0 rows affected (0.00 sec)
Statement prepared

Query OK, 38 rows affected (0.04 sec)
Records: 38  Duplicates: 0  Warnings: 0

Query OK, 0 rows affected (0.00 sec)

Query OK, 0 rows affected (0.00 sec)

+----------------------------+
| rep_activenumberavgPraslin |
+----------------------------+
|                        960 |
+----------------------------+
1 row in set (0.00 sec)

+-------------------------------+
| rep_activenumberavgPraslin_pv |
+-------------------------------+
|                            38 |
+-------------------------------+
1 row in set (0.00 sec)

mysql> mysql \. C:\workspace\cloud\code\sql\_DailyScript\currenttime.sql
+---------------------+
| currenttime         |
+---------------------+
| 2019-05-14 11:18:50 |
+---------------------+
1 row in set (0.00 sec)

mysql> 
mysql> mysql \. C:\workspace\cloud\code\sql\_DailyScript\budget_actual_analysis_2019.sql
Query OK, 0 rows affected (0.00 sec)

Query OK, 555 rows affected, 3 warnings (0.79 sec)
Records: 555  Duplicates: 0  Warnings: 3

+--------------------+
| budget_actual_2019 |
+--------------------+
|                555 |
+--------------------+
1 row in set (0.00 sec)

Query OK, 0 rows affected (0.00 sec)

Query OK, 47 rows affected (0.09 sec)
Records: 47  Duplicates: 0  Warnings: 0

+---------------------------+
| rep_budget_actual_2019_pv |
+---------------------------+
|                        47 |
+---------------------------+
1 row in set (0.00 sec)

mysql> mysql \. C:\workspace\cloud\code\sql\_DailyScript\currenttime.sql
+---------------------+
| currenttime         |
+---------------------+
| 2019-05-14 11:18:51 |
+---------------------+
1 row in set (0.00 sec)

mysql> 
mysql> mysql \. C:\workspace\cloud\code\sql\_DailyScript\reports-sales-addons-prepaid-camera.sql
Database changed
Query OK, 0 rows affected (0.02 sec)

Query OK, 3603 rows affected (0.65 sec)
Records: 3603  Duplicates: 0  Warnings: 0

Query OK, 0 rows affected (0.04 sec)

Query OK, 15657 rows affected (4 min 22.24 sec)
Records: 15657  Duplicates: 0  Warnings: 0

+--------------------+
| rep_prepaid_camera |
+--------------------+
|               3603 |
+--------------------+
1 row in set (0.01 sec)

+-----------+
| rep_addon |
+-----------+
|     15657 |
+-----------+
1 row in set (0.01 sec)

mysql> mysql \. C:\workspace\cloud\code\sql\_DailyScript\currenttime.sql
+---------------------+
| currenttime         |
+---------------------+
| 2019-05-14 11:23:14 |
+---------------------+
1 row in set (0.00 sec)

mysql> 
mysql> mysql \. C:\workspace\cloud\code\sql\_DailyScript\housing-estate-analysis.sql
Database changed
Query OK, 0 rows affected (0.28 sec)

Query OK, 2814 rows affected (1 min 34.93 sec)
Records: 2814  Duplicates: 0  Warnings: 0

+--------------------+
| rep_housingestates |
+--------------------+
|               2814 |
+--------------------+
1 row in set (0.00 sec)

mysql> mysql \. C:\workspace\cloud\code\sql\_DailyScript\currenttime.sql
+---------------------+
| currenttime         |
+---------------------+
| 2019-05-14 11:24:49 |
+---------------------+
1 row in set (0.00 sec)

mysql> 
mysql> mysql \. C:\workspace\cloud\code\sql\_DailyScript\RCB_ClientAnalyticsReport_Script.sql
Database changed
Query OK, 0 rows affected (0.00 sec)

Query OK, 0 rows affected (0.89 sec)

Query OK, 1666073 rows affected (3 min 6.62 sec)
Records: 1666073  Duplicates: 0  Warnings: 0

Query OK, 0 rows affected (11.56 sec)
Records: 0  Duplicates: 0  Warnings: 0

Query OK, 0 rows affected (7.12 sec)
Records: 0  Duplicates: 0  Warnings: 0

Query OK, 0 rows affected (10.82 sec)
Records: 0  Duplicates: 0  Warnings: 0

Query OK, 0 rows affected (10.64 sec)
Records: 0  Duplicates: 0  Warnings: 0

Query OK, 0 rows affected (13.28 sec)
Records: 0  Duplicates: 0  Warnings: 0

Query OK, 0 rows affected (8.25 sec)
Records: 0  Duplicates: 0  Warnings: 0

Query OK, 0 rows affected (0.00 sec)

Query OK, 437337 rows affected (19.78 sec)
Rows matched: 1666073  Changed: 437337  Warnings: 0

Query OK, 0 rows affected (0.12 sec)

Query OK, 27147 rows affected (6.76 sec)
Records: 27147  Duplicates: 0  Warnings: 0

Query OK, 0 rows affected (0.37 sec)

Query OK, 42204 rows affected (12 min 59.06 sec)
Records: 42204  Duplicates: 0  Warnings: 0

Query OK, 0 rows affected (0.42 sec)
Records: 0  Duplicates: 0  Warnings: 0

Query OK, 0 rows affected (0.42 sec)
Records: 0  Duplicates: 0  Warnings: 0

Query OK, 0 rows affected (0.34 sec)
Records: 0  Duplicates: 0  Warnings: 0

Query OK, 0 rows affected (0.87 sec)

Query OK, 411840 rows affected (15 min 48.70 sec)
Records: 411840  Duplicates: 0  Warnings: 0

Query OK, 0 rows affected (2.67 sec)
Records: 0  Duplicates: 0  Warnings: 0

Query OK, 0 rows affected (2.46 sec)
Records: 0  Duplicates: 0  Warnings: 0

Query OK, 0 rows affected (1.52 sec)
Records: 0  Duplicates: 0  Warnings: 0

Query OK, 0 rows affected (2.62 sec)
Records: 0  Duplicates: 0  Warnings: 0

Query OK, 0 rows affected (2.01 sec)
Records: 0  Duplicates: 0  Warnings: 0

Query OK, 0 rows affected (0.16 sec)

Query OK, 42204 rows affected (1 min 45.08 sec)
Records: 42204  Duplicates: 0  Warnings: 0

+--------------+
| clientreport |
+--------------+
|        42204 |
+--------------+
1 row in set (0.02 sec)

Query OK, 0 rows affected (0.04 sec)

Query OK, 42204 rows affected (13.57 sec)
Records: 42204  Duplicates: 0  Warnings: 0

+----------------------+
| clientextendedreport |
+----------------------+
|                42204 |
+----------------------+
1 row in set (0.02 sec)

Query OK, 0 rows affected (0.08 sec)

Query OK, 42204 rows affected (12 min 44.12 sec)
Records: 42204  Duplicates: 0  Warnings: 0

+---------+
| allcust |
+---------+
|   42204 |
+---------+
1 row in set (0.02 sec)

Query OK, 0 rows affected, 1 warning (0.00 sec)

Query OK, 5000 rows affected (1.19 sec)
Records: 5000  Duplicates: 0  Warnings: 0

Query OK, 0 rows affected (0.05 sec)

Query OK, 6994 rows affected (1.48 sec)
Records: 6994  Duplicates: 0  Warnings: 0

Query OK, 0 rows affected, 1 warning (0.00 sec)

Query OK, 5000 rows affected (0.19 sec)
Records: 5000  Duplicates: 0  Warnings: 0

Query OK, 0 rows affected (0.28 sec)

Query OK, 7340 rows affected (0.46 sec)
Records: 7340  Duplicates: 0  Warnings: 0

mysql> mysql \. C:\workspace\cloud\code\sql\_DailyScript\currenttime.sql
+---------------------+
| currenttime         |
+---------------------+
| 2019-05-14 12:13:13 |
+---------------------+
1 row in set (0.00 sec)

mysql> 
mysql> mysql \. C:\workspace\cloud\code\sql\_DailyScript\REVENUE_PER_NODE_MXK.sql
Query OK, 0 rows affected (0.10 sec)

Query OK, 0 rows affected (0.04 sec)

Query OK, 0 rows affected (0.03 sec)

Query OK, 4914 rows affected (3.21 sec)
Records: 4914  Duplicates: 0  Warnings: 0

+----------------------+
| message              |
+----------------------+
| created temp table a |
+----------------------+
1 row in set (0.00 sec)

Query OK, 4614 rows affected (1.74 sec)
Records: 4614  Duplicates: 0  Warnings: 0

+----------------------+
| message              |
+----------------------+
| created temp table b |
+----------------------+
1 row in set (0.00 sec)

Query OK, 0 rows affected, 1 warning (0.00 sec)

Query OK, 5072 rows affected (10.00 sec)
Records: 5072  Duplicates: 0  Warnings: 0

+--------------------------------+
| message                        |
+--------------------------------+
| created rcbill_my.tempcustmxk1 |
+--------------------------------+
1 row in set (0.00 sec)

Query OK, 0 rows affected (0.00 sec)

Query OK, 0 rows affected (0.00 sec)

Query OK, 0 rows affected, 1 warning (0.00 sec)

Query OK, 4914 rows affected (0.59 sec)
Records: 4914  Duplicates: 0  Warnings: 0

+----------------+
| message        |
+----------------+
| created temp a |
+----------------+
1 row in set (0.00 sec)

Query OK, 4614 rows affected (0.39 sec)
Records: 4614  Duplicates: 0  Warnings: 0

+----------------+
| message        |
+----------------+
| created temp b |
+----------------+
1 row in set (0.00 sec)

Query OK, 0 rows affected, 1 warning (0.00 sec)

Query OK, 4708 rows affected (6.85 sec)
Records: 4708  Duplicates: 0  Warnings: 0

+--------------------------------+
| message                        |
+--------------------------------+
| created rcbill_my.tempcustmxk2 |
+--------------------------------+
1 row in set (0.00 sec)

Query OK, 0 rows affected (0.00 sec)

Query OK, 0 rows affected (0.00 sec)

Query OK, 0 rows affected, 1 warning (0.00 sec)

Query OK, 0 rows affected (0.09 sec)

Query OK, 5403 rows affected (0.53 sec)
Records: 5403  Duplicates: 0  Warnings: 0

+---------------------------------+
| message                         |
+---------------------------------+
| created rcbill_my.customers_mxk |
+---------------------------------+
1 row in set (0.00 sec)

Query OK, 0 rows affected (0.00 sec)

Query OK, 0 rows affected (0.00 sec)

Query OK, 19446 rows affected (0.52 sec)
Records: 19446  Duplicates: 0  Warnings: 0

+----------------+
| message        |
+----------------+
| created temp a |
+----------------+
1 row in set (0.00 sec)

Query OK, 21986 rows affected (3.59 sec)
Records: 21986  Duplicates: 0  Warnings: 0

+----------------+
| message        |
+----------------+
| created temp c |
+----------------+
1 row in set (0.00 sec)

Query OK, 0 rows affected, 1 warning (0.00 sec)

Query OK, 34814 rows affected (1.21 sec)
Records: 34814  Duplicates: 0  Warnings: 0

+---------------------------------+
| message                         |
+---------------------------------+
| created rcbill_my.tempcustcmts1 |
+---------------------------------+
1 row in set (0.00 sec)

Query OK, 0 rows affected (0.00 sec)

Query OK, 0 rows affected, 1 warning (0.00 sec)

Query OK, 0 rows affected (0.01 sec)

Query OK, 19446 rows affected (0.69 sec)
Records: 19446  Duplicates: 0  Warnings: 0

+----------------+
| message        |
+----------------+
| created temp a |
+----------------+
1 row in set (0.00 sec)

Query OK, 21986 rows affected (1.32 sec)
Records: 21986  Duplicates: 0  Warnings: 0

+----------------+
| message        |
+----------------+
| created temp c |
+----------------+
1 row in set (0.00 sec)

Query OK, 0 rows affected, 1 warning (0.00 sec)

Query OK, 23197 rows affected (0.78 sec)
Records: 23197  Duplicates: 0  Warnings: 0

+---------------------------------+
| message                         |
+---------------------------------+
| created rcbill_my.tempcustcmts2 |
+---------------------------------+
1 row in set (0.00 sec)

Query OK, 0 rows affected (0.01 sec)

Query OK, 0 rows affected, 1 warning (0.00 sec)

Query OK, 0 rows affected (0.01 sec)

Query OK, 0 rows affected (0.28 sec)

Query OK, 19564 rows affected (1.64 sec)
Records: 19564  Duplicates: 0  Warnings: 0

+----------------------------------+
| message                          |
+----------------------------------+
| created rcbill_my.customers_cmts |
+----------------------------------+
1 row in set (0.00 sec)

Query OK, 0 rows affected (0.00 sec)

Query OK, 0 rows affected (0.00 sec)

Query OK, 0 rows affected (0.55 sec)

Query OK, 24967 rows affected (1.74 sec)
Records: 24967  Duplicates: 0  Warnings: 0

+--------------------------------------+
| message                              |
+--------------------------------------+
| created rcbill_my.customers_cmts_mxk |
+--------------------------------------+
1 row in set (0.00 sec)

Query OK, 433953 rows affected (29.32 sec)
Records: 433953  Duplicates: 0  Warnings: 0

+----------------+
| message        |
+----------------+
| created temp a |
+----------------+
1 row in set (0.00 sec)

Query OK, 0 rows affected (0.79 sec)

Query OK, 435387 rows affected (22.22 sec)
Records: 435387  Duplicates: 0  Warnings: 0

+------------------------------------------------+
| message                                        |
+------------------------------------------------+
| created rcbill_my.customers_contracts_cmts_mxk |
+------------------------------------------------+
1 row in set (0.00 sec)

Query OK, 0 rows affected (0.01 sec)

Query OK, 0 rows affected, 1 warning (0.00 sec)

Query OK, 0 rows affected, 1 warning (0.00 sec)

Query OK, 0 rows affected (0.00 sec)

Query OK, 8020 rows affected (4.21 sec)
Rows matched: 8020  Changed: 8020  Warnings: 0

+------------------------------------------------+
| message                                        |
+------------------------------------------------+
| updated rcbill_my.customers_contracts_cmts_mxk |
+------------------------------------------------+
1 row in set (0.00 sec)

Query OK, 0 rows affected (0.21 sec)

Query OK, 1616599 rows affected (5 min 22.99 sec)
Records: 1616599  Duplicates: 0  Warnings: 0

+----------------------------------------+
| message                                |
+----------------------------------------+
| created rcbill_my.customers_collection |
+----------------------------------------+
1 row in set (0.00 sec)

Query OK, 0 rows affected (1.05 sec)

Query OK, 1865431 rows affected (2 min 43.54 sec)
Records: 1865431  Duplicates: 0  Warnings: 0

+------------------------------------------------+
| message                                        |
+------------------------------------------------+
| created rcbill_my.customers_cmts_mxk_cont_coll |
+------------------------------------------------+
1 row in set (0.00 sec)

Query OK, 0 rows affected (0.01 sec)

Query OK, 33634 rows affected (9.63 sec)
Records: 33634  Duplicates: 0  Warnings: 0

+------------------------------------------------------------+
| message                                                    |
+------------------------------------------------------------+
| created rcbill_my.customers_contracts_collection_pivot2019 |
+------------------------------------------------------------+
1 row in set (0.00 sec)

Query OK, 0 rows affected (0.13 sec)

Query OK, 18779 rows affected (7.68 sec)
Records: 18779  Duplicates: 0  Warnings: 0

+--------------------------------------------------+
| message                                          |
+--------------------------------------------------+
| created rcbill_my.customers_collection_pivot2019 |
+--------------------------------------------------+
1 row in set (0.00 sec)

Query OK, 0 rows affected (0.06 sec)

Query OK, 42204 rows affected (1.70 sec)
Records: 42204  Duplicates: 0  Warnings: 0

+------------------------------------------------+
| message                                        |
+------------------------------------------------+
| created rcbill_my.rep_customers_collection2019 |
+------------------------------------------------+
1 row in set (0.00 sec)

Query OK, 0 rows affected (0.00 sec)

Query OK, 0 rows affected, 1 warning (0.00 sec)

Query OK, 405839 rows affected (25.12 sec)
Records: 405839  Duplicates: 0  Warnings: 0

+-------------------------+
| message                 |
+-------------------------+
| created rcbill_my.tempa |
+-------------------------+
1 row in set (0.00 sec)

Query OK, 0 rows affected, 1 warning (0.00 sec)

Query OK, 83059 rows affected (14.94 sec)
Records: 83059  Duplicates: 0  Warnings: 0

+-------------------------+
| message                 |
+-------------------------+
| created rcbill_my.tempb |
+-------------------------+
1 row in set (0.00 sec)

Query OK, 405839 rows affected (11.88 sec)
Records: 405839  Duplicates: 0  Warnings: 0

+-----------+
| message   |
+-----------+
| created a |
+-----------+
1 row in set (0.00 sec)

Query OK, 83171 rows affected (8.21 sec)
Records: 83171  Duplicates: 0  Warnings: 0

+-----------+
| message   |
+-----------+
| created b |
+-----------+
1 row in set (0.00 sec)

Query OK, 0 rows affected (0.11 sec)

Query OK, 0 rows affected (0.01 sec)

Query OK, 0 rows affected (0.08 sec)

Query OK, 408519 rows affected (29.08 sec)
Records: 408519  Duplicates: 0  Warnings: 0

+----------------------------------------------+
| message                                      |
+----------------------------------------------+
| created rcbill_my.cust_cont_payment_cmts_mxk |
+----------------------------------------------+
1 row in set (0.00 sec)

Query OK, 0 rows affected (0.01 sec)

Query OK, 0 rows affected (0.00 sec)

Query OK, 0 rows affected, 1 warning (0.00 sec)

Query OK, 0 rows affected (0.40 sec)

Query OK, 42204 rows affected (15.80 sec)
Records: 42204  Duplicates: 0  Warnings: 0

+--------------------------------------------------+
| message                                          |
+--------------------------------------------------+
| created rcbill_my.rep_cust_cont_payment_cmts_mxk |
+--------------------------------------------------+
1 row in set (0.00 sec)

Query OK, 0 rows affected, 1 warning (0.00 sec)

Query OK, 0 rows affected, 1 warning (0.00 sec)

Query OK, 0 rows affected (0.02 sec)

Query OK, 38180 rows affected, 5 warnings (11.66 sec)
Records: 38180  Duplicates: 0  Warnings: 5

+----------------------+
| rep_custconsolidated |
+----------------------+
|                38180 |
+----------------------+
1 row in set (0.03 sec)

Query OK, 0 rows affected (0.00 sec)

Query OK, 0 rows affected (0.01 sec)

+----------------------------------------------+
| message                                      |
+----------------------------------------------+
| creating rcbill_my.retentioncustomeractivity |
+----------------------------------------------+
1 row in set (0.00 sec)

Query OK, 568 rows affected (0.37 sec)
Records: 568  Duplicates: 0  Warnings: 0

+---------------------------+
| retentioncustomeractivity |
+---------------------------+
|                       568 |
+---------------------------+
1 row in set (0.00 sec)

+-----------+------------------------------------+------------+-------------+-----------------+------------------+---------------------+-------------------+
| HFC_NODE  | NODENAME                           | CMTS_DATE  | INSERTED_ON | UNIQUE_ACCOUNTS | UNIQUE_CONTRACTS | UNIQUE_MAC_INRCBOSS | UNIQUE_MAC_INCMTS |
+-----------+------------------------------------+------------+-------------+-----------------+------------------+---------------------+-------------------+
| NULL      | NULL                               | NULL       | 2019-05-14  |           10483 |            11181 |               11278 |                 0 |
| C5/0/0/U0 | ANSE-BOILEAU-2                     | 2019-04-15 | 2019-05-14  |             173 |              179 |                 173 |               176 |
| C5/0/0/U1 | 500-C3-ANSE-BOILEAU                | 2019-04-15 | 2019-05-14  |             176 |              181 |                 176 |               177 |
| C5/0/1/U0 | 501-C4-LA-MISIERE-LEFT-I           | 2019-04-15 | 2019-05-14  |             200 |              206 |                 200 |               201 |
| C5/0/1/U1 | 501-C5-LA-MISIERE-RIGHT            | 2019-04-15 | 2019-05-14  |             103 |              107 |                 103 |               107 |
| C5/0/1/U2 | 501-C7-LA-MISIERE-LEFT-II          | 2019-04-15 | 2019-05-14  |              99 |              105 |                  99 |               102 |
| C5/0/2/U0 | 502-C8-LA-LOUISE                   | 2019-04-15 | 2019-05-14  |             140 |              143 |                 141 |               142 |
| C5/0/2/U1 | LA-LOUISE-2                        | 2019-04-15 | 2019-05-14  |             146 |              149 |                 146 |               148 |
| C5/0/3/U0 | 504-C6-PETIT-PARIS                 | 2019-04-15 | 2019-05-14  |             156 |              161 |                 156 |               157 |
| C5/0/3/U1 | PETIT-PARIS-23                     | 2019-04-15 | 2019-05-14  |              84 |               84 |                  84 |                85 |
| C5/0/4/U0 | FOUR-SEASONS                       | 2019-04-15 | 2019-05-14  |               6 |               22 |                  22 |                23 |
| C5/0/4/U1 | ANCHOR-CAFE-I                      | 2019-04-15 | 2019-05-14  |             154 |              158 |                 154 |               159 |
| C5/0/4/U2 | ANCHOR-CAFE-II                     | 2019-04-15 | 2019-05-14  |             137 |              140 |                 136 |               145 |
| C5/1/0/U0 | POINTE-LARUE-AIRPORT-23            | 2019-04-15 | 2019-05-14  |             106 |              116 |                 108 |               111 |
| C5/1/0/U1 | PPROVIDENCE-23                     | 2019-04-15 | 2019-05-14  |              29 |               32 |                  29 |                29 |
| C5/1/0/U2 | ROSHE-CAIMAN-23                    | 2019-04-15 | 2019-05-14  |              10 |               10 |                  10 |                10 |
| C5/1/0/U3 | HEAD-OFFICE | HO-23                | 2019-04-15 | 2019-05-14  |              23 |               24 |                  23 |                23 |
| C5/1/1/U1 | C5-UNION-VALE                      | 2019-04-15 | 2019-05-14  |             183 |              191 |                 184 |               185 |
| C5/1/3/U0 | POINTE-LARUE-AIRPORT-27            | 2019-04-15 | 2019-05-14  |             125 |              126 |                 125 |               128 |
| C5/1/3/U1 | PPROVIDENCE-27                     | 2019-04-15 | 2019-05-14  |              37 |               38 |                  37 |                37 |
| C5/1/3/U2 | ROSHE-CAIMAN-27                    | 2019-04-15 | 2019-05-14  |              25 |               26 |                  25 |                25 |
| C5/1/3/U3 | HEAD-OFFICE | HO-27                | 2019-04-15 | 2019-05-14  |              25 |               25 |                  25 |                26 |
| C5/1/4/U0 | ANSE-ROYALE-27                     | 2019-04-15 | 2019-05-14  |             191 |              200 |                 192 |               193 |
| C5/1/4/U1 | GLACIS-2-57                        | 2019-04-15 | 2019-05-14  |             136 |              143 |                 135 |               138 |
| C5/1/4/U3 | GLACIS-1                           | 2019-04-15 | 2019-05-14  |              65 |               67 |                  65 |                65 |
| C6/0/1/U0 | SERRET-ROAD-RIGHT/CURIO/PASCAL     | 2019-04-15 | 2019-05-14  |             139 |              143 |                 139 |               140 |
| C6/0/1/U1 | SERRET-ROAD-LEFT/ST.LOUIS/TOWN     | 2019-04-15 | 2019-05-14  |             143 |              151 |                 143 |               144 |
| C6/0/1/U2 | SERRET-ROAD-RIGHT/CURIO/PASCAL-2   | 2019-04-15 | 2019-05-14  |             113 |              116 |                 113 |               114 |
| C6/0/1/U3 | SERRET-ROAD-LEFT/ST.LOUIS/TOWN-2   | 2019-04-15 | 2019-05-14  |             143 |              149 |                 143 |               143 |
| C6/0/2/U0 | SANS-SOUCIS-I                      | 2019-04-15 | 2019-05-14  |             119 |              126 |                 119 |               121 |
| C6/0/2/U1 | SANS-SOUCIS-II                     | 2019-04-15 | 2019-05-14  |             110 |              113 |                 109 |               109 |
| C6/0/2/U2 | BEL-AIR-27                         | 2019-04-15 | 2019-05-14  |              97 |              102 |                  97 |                97 |
| C6/0/2/U3 | BEL-AIR-38                         | 2019-04-15 | 2019-05-14  |             109 |              113 |                 109 |               111 |
| C6/0/3/U0 | LES-MAMELLES-23                    | 2019-04-15 | 2019-05-14  |              95 |               96 |                  95 |                96 |
| C6/0/3/U1 | VICTORIA-23                        | 2019-04-15 | 2019-05-14  |              23 |               27 |                  25 |                28 |
| C6/0/4/U0 | LES-MAMELLES-27                    | 2019-04-15 | 2019-05-14  |              58 |               58 |                  58 |                58 |
| C6/0/4/U1 | VICTORIA-27                        | 2019-04-15 | 2019-05-14  |              37 |               42 |                  38 |                38 |
| C7/1/0/U0 | LA-RETRAITE-23                     | 2019-04-15 | 2019-05-14  |             105 |              110 |                 105 |               107 |
| C7/1/0/U1 | TEA-FACTORY-23                     | 2019-04-15 | 2019-05-14  |              20 |               24 |                  20 |                21 |
| C7/1/0/U2 | PAS-23                             | 2019-04-15 | 2019-05-14  |             118 |              121 |                 119 |               120 |
| C7/1/1/U0 | REEF-ESTATE-23                     | 2019-04-15 | 2019-05-14  |             102 |              104 |                 102 |               103 |
| C7/1/1/U1 | BEL-OMBRE-NEW-23                   | 2019-04-15 | 2019-05-14  |              20 |               26 |                  25 |                26 |
| C7/1/2/U0 | LA-RETRAITE-27                     | 2019-04-15 | 2019-05-14  |             120 |              126 |                 120 |               121 |
| C7/1/2/U1 | TEA-FACTORY-27                     | 2019-04-15 | 2019-05-14  |              25 |               30 |                  28 |                28 |
| C7/1/2/U2 | PAS-27                             | 2019-04-15 | 2019-05-14  |              91 |               97 |                  91 |                91 |
| C7/1/3/U0 | MT-BUXTON-27                       | 2019-04-15 | 2019-05-14  |             171 |              175 |                 170 |               174 |
| C7/1/3/U1 | MT-BUXTON-23                       | 2019-04-15 | 2019-05-14  |              49 |               50 |                  49 |                51 |
| C7/1/4/U0 | REEF-ESTATE-27                     | 2019-04-15 | 2019-05-14  |              61 |               62 |                  61 |                61 |
| C7/1/4/U1 | BEL-OMBRE-NEW-27                   | 2019-04-15 | 2019-05-14  |              30 |               30 |                  30 |                30 |
| C8/0/0/U0 | POLICE-ACADEMY-1-27 - POINTE LARUE | 2019-04-15 | 2019-05-14  |             200 |              202 |                 200 |               202 |
| C8/0/0/U1 | NULL                               | 2019-04-15 | 2019-05-14  |             117 |              123 |                 118 |               119 |
| C8/0/1/U0 | NULL                               | 2019-04-15 | 2019-05-14  |             170 |              178 |                 170 |               173 |
| C8/0/1/U1 | POLICE-ACADEMY-2-27 - TURTLE BAY   | 2019-04-15 | 2019-05-14  |             140 |              143 |                 140 |               143 |
| C8/0/2/U0 | BEAU-VALLON-LEFT-1-57              | 2019-04-15 | 2019-05-14  |             101 |              107 |                 101 |               101 |
| C8/0/3/U1 | BEAU-VALLON-RIGHT-2-57             | 2019-04-15 | 2019-05-14  |             204 |              212 |                 204 |               210 |
| C8/1/0/U0 | MA-JOIE-NODE-27                    | 2019-04-15 | 2019-05-14  |             141 |              146 |                 141 |               143 |
| C8/1/0/U1 | BELONIE-27                         | 2019-04-15 | 2019-05-14  |             148 |              152 |                 146 |               147 |
| C8/1/0/U3 | MA-JOIE-NODE-23                    | 2019-04-15 | 2019-05-14  |              95 |               96 |                  95 |                99 |
| C8/1/1/U0 | 611-C1-ROJN I                      | 2019-04-15 | 2019-05-14  |             175 |              183 |                 175 |               179 |
| C8/1/1/U1 | 611-C5-ROJN II                     | 2019-04-15 | 2019-05-14  |              66 |               68 |                  66 |                68 |
| C8/1/2/U0 | 612-C2-ANSE-ETOILE                 | 2019-04-15 | 2019-05-14  |             184 |              193 |                 183 |               186 |
| C8/1/2/U1 | ANSE-ETOILE-U2                     | 2019-04-15 | 2019-05-14  |              95 |               97 |                  95 |                95 |
| C8/1/3/U0 | 613-C3-ANSE-GAULETTE I             | 2019-04-15 | 2019-05-14  |              72 |               79 |                  72 |                72 |
| C8/1/3/U1 | 613-C7-ANSE-GAULETTE II            | 2019-04-15 | 2019-05-14  |              58 |               62 |                  58 |                59 |
| C8/1/3/U2 | 613-C3-ANSE-GAULETTE III           | 2019-04-15 | 2019-05-14  |              47 |               49 |                  47 |                48 |
| C8/1/3/U3 | TAKAMAKA I                         | 2019-04-15 | 2019-05-14  |              94 |               96 |                  94 |               104 |
| C8/1/3/U4 | TAKAMAKA II                        | 2019-04-15 | 2019-05-14  |              97 |               99 |                  97 |               102 |
| C8/1/4/U0 | 614-BEOLIERE-NODE-1                | 2019-04-15 | 2019-05-14  |             101 |              106 |                 101 |               103 |
| C8/1/4/U1 | 614-BEOLIERE-NODE-2                | 2019-04-15 | 2019-05-14  |             126 |              134 |                 126 |               126 |
+-----------+------------------------------------+------------+-------------+-----------------+------------------+---------------------+-------------------+
69 rows in set (0.72 sec)

+------------------+------------+-------------+-----------------+------------------+----------------------+-------------------+
| MXK_NAME         | MXK_DATE   | INSERTED_ON | UNIQUE_ACCOUNTS | UNIQUE_CONTRACTS | UNIQUE_FSAN_INRCBOSS | UNIQUE_FSAN_INMXK |
+------------------+------------+-------------+-----------------+------------------+----------------------+-------------------+
| NULL             | NULL       | 2019-05-14  |             656 |              679 |                  669 |                 0 |
| MXK-ANSEETOILE   | 2019-04-15 | 2019-05-14  |              67 |               68 |                   68 |                72 |
| MXK-ANSEROYALE   | 2019-04-15 | 2019-05-14  |             130 |              131 |                  131 |               140 |
| MXK-BEAUVALLON   | 2019-04-15 | 2019-05-14  |             987 |             1000 |                  994 |              1031 |
| MXK-MAHE         | 2019-04-15 | 2019-05-14  |             860 |              891 |                  834 |               965 |
| MXK-PERSEVERANCE | 2019-04-15 | 2019-05-14  |            1016 |             1032 |                 1026 |              1068 |
| MXK-PRASLIN      | 2019-04-15 | 2019-05-14  |            1143 |             1148 |                 1139 |              1210 |
+------------------+------------+-------------+-----------------+------------------+----------------------+-------------------+
7 rows in set (0.34 sec)

mysql> mysql \. C:\workspace\cloud\code\sql\_DailyScript\currenttime.sql
+---------------------+
| currenttime         |
+---------------------+
| 2019-05-14 12:25:12 |
+---------------------+
1 row in set (0.00 sec)

mysql> 
mysql> mysql \. C:\workspace\cloud\code\sql\Analysis\service_tickets_assignments.sql
Query OK, 0 rows affected (0.12 sec)

Query OK, 33900 rows affected (41.49 sec)
Records: 33900  Duplicates: 0  Warnings: 0

+-------------------------+
| rep_servicetickets_2019 |
+-------------------------+
|                   33900 |
+-------------------------+
1 row in set (0.04 sec)

mysql> mysql \. C:\workspace\cloud\code\sql\_DailyScript\currenttime.sql
+---------------------+
| currenttime         |
+---------------------+
| 2019-05-14 12:25:53 |
+---------------------+
1 row in set (0.00 sec)

mysql> 
mysql> 
mysql> 
mysql> 
mysql> exit
