    -> 
    -> mysql \. C:\workspace\cloud\code\sql\_DailyScript\_setdates.sql
Query OK, 0 rows affected (0.01 sec)

Query OK, 0 rows affected (1.81 sec)

Database changed
Query OK, 0 rows affected (0.00 sec)

Query OK, 0 rows affected (0.00 sec)

Query OK, 0 rows affected (0.00 sec)

Query OK, 0 rows affected (0.00 sec)

Query OK, 0 rows affected (0.00 sec)

Query OK, 0 rows affected (0.00 sec)

Query OK, 0 rows affected (0.00 sec)

Query OK, 0 rows affected (0.00 sec)

Query OK, 0 rows affected (0.00 sec)

Query OK, 0 rows affected (0.00 sec)

Query OK, 0 rows affected (0.00 sec)

Query OK, 0 rows affected (0.00 sec)

Query OK, 0 rows affected (0.00 sec)

Query OK, 0 rows affected (0.00 sec)

Query OK, 0 rows affected (0.00 sec)

Query OK, 0 rows affected (0.00 sec)

Query OK, 0 rows affected (0.00 sec)

Query OK, 0 rows affected (0.00 sec)

Query OK, 0 rows affected (0.00 sec)

Query OK, 0 rows affected (0.00 sec)

Query OK, 0 rows affected (0.00 sec)

Query OK, 0 rows affected (0.00 sec)

mysql> mysql \. C:\workspace\cloud\code\sql\_DailyScript\currenttime.sql
+---------------------+
| currenttime         |
+---------------------+
| 2022-01-04 12:58:26 |
+---------------------+
1 row in set (0.00 sec)

mysql> 
mysql> mysql \. C:\workspace\cloud\code\sql\_DailyScript\load_RCB_VODTITLES.sql
Database changed
Query OK, 0 rows affected (0.00 sec)

Query OK, 17202 rows affected (0.26 sec)

Query OK, 17204 rows affected, 17204 warnings (0.38 sec)
Records: 17204  Deleted: 0  Skipped: 0  Warnings: 17204

Query OK, 0 rows affected (0.00 sec)

Query OK, 2 rows affected (0.02 sec)

+-----------+
| VODTITLES |
+-----------+
|     17662 |
+-----------+
1 row in set (0.01 sec)

+-----------+-----------+
| titletype | typecount |
+-----------+-----------+
| E         |     14682 |
| N         |       245 |
| T         |      2275 |
| NULL      |     17202 |
+-----------+-----------+
4 rows in set (0.07 sec)

mysql> mysql \. C:\workspace\cloud\code\sql\_DailyScript\currenttime.sql
+---------------------+
| currenttime         |
+---------------------+
| 2022-01-04 12:58:26 |
+---------------------+
1 row in set (0.00 sec)

mysql> 
mysql> 
mysql> 
mysql> 
mysql> 
mysql> 
mysql> 
mysql> 
mysql> 
mysql> 
mysql> 
mysql> 
mysql> 
mysql> 
mysql> 
mysql> 
mysql> 
mysql> 
mysql> 
mysql> 
mysql> 
mysql> 
mysql> 
mysql> 
mysql> 
mysql> 
mysql> 
mysql> 
mysql> 
mysql> 
mysql> 
mysql> 
mysql> 
mysql> 
mysql> 
mysql> 
mysql> 
mysql> mysql \. C:\workspace\cloud\code\sql\_DailyScript\load_DailyCalls.sql
Database changed
Query OK, 641 rows affected (0.21 sec)
Records: 641  Deleted: 0  Skipped: 0  Warnings: 0

Query OK, 0 rows affected, 1 warning (0.00 sec)

Query OK, 636 rows affected (0.04 sec)
Records: 636  Duplicates: 0  Warnings: 0

Query OK, 0 rows affected, 1 warning (0.00 sec)

Query OK, 94004 rows affected (0.50 sec)
Records: 94004  Duplicates: 0  Warnings: 0

+----------------------+
| callingclientsbefore |
+----------------------+
|              1348028 |
+----------------------+
1 row in set (0.71 sec)

Query OK, 892 rows affected (16.81 sec)
Records: 892  Duplicates: 0  Warnings: 0

+---------------------+
| callingclientsafter |
+---------------------+
|             1348920 |
+---------------------+
1 row in set (0.35 sec)

Query OK, 0 rows affected (0.03 sec)

Query OK, 365 rows affected (6.14 sec)
Records: 365  Duplicates: 0  Warnings: 0

Query OK, 0 rows affected (0.00 sec)

Query OK, 26033 rows affected (4.42 sec)
Records: 26033  Duplicates: 0  Warnings: 0

+-----------+
| callstats |
+-----------+
|     26033 |
+-----------+
1 row in set (0.01 sec)

Query OK, 0 rows affected, 1 warning (0.00 sec)

Query OK, 892 rows affected (4.17 sec)
Records: 892  Duplicates: 0  Warnings: 0

+------------------------+
| rep_cccallreportbefore |
+------------------------+
|                1348276 |
+------------------------+
1 row in set (0.43 sec)

Query OK, 892 rows affected (0.21 sec)
Records: 892  Duplicates: 0  Warnings: 0

+-----------------------+
| rep_cccallreportafter |
+-----------------------+
|               1349168 |
+-----------------------+
1 row in set (0.36 sec)

Query OK, 0 rows affected (0.01 sec)

mysql> mysql \. C:\workspace\cloud\code\sql\_DailyScript\currenttime.sql
+---------------------+
| currenttime         |
+---------------------+
| 2022-01-04 12:59:01 |
+---------------------+
1 row in set (0.00 sec)

mysql> 
mysql> mysql \. C:\workspace\cloud\code\sql\_DailyScript\DAILY-SCRIPT-USAGE.sql
Database changed
Query OK, 0 rows affected (0.00 sec)

Query OK, 3996 rows affected, 11586 warnings (1.45 sec)
Records: 3996  Deleted: 0  Skipped: 0  Warnings: 11586

Query OK, 0 rows affected (0.00 sec)

Query OK, 6277 rows affected, 18112 warnings (1.15 sec)
Records: 6277  Deleted: 0  Skipped: 0  Warnings: 18112

Query OK, 0 rows affected (0.00 sec)

Query OK, 493 rows affected, 1741 warnings (0.06 sec)
Records: 493  Deleted: 0  Skipped: 0  Warnings: 1741

Query OK, 0 rows affected (0.00 sec)

Query OK, 148 rows affected, 519 warnings (0.07 sec)
Records: 148  Deleted: 0  Skipped: 0  Warnings: 519

+------------+
| dailyusage |
+------------+
|   20161563 |
+------------+
1 row in set (8.60 sec)

+------------+------------+------------+---------+
| datestart  | dateend    | insertedon | records |
+------------+------------+------------+---------+
| 2022-01-01 | 2022-01-01 | 2022-01-04 |   10914 |
| 2021-12-31 | 2021-12-31 | 2022-01-04 |   10988 |
| 2021-12-30 | 2021-12-30 | 2021-12-31 |   10973 |
| 2021-12-29 | 2021-12-29 | 2021-12-30 |   11221 |
| 2021-12-28 | 2021-12-28 | 2021-12-29 |   10906 |
+------------+------------+------------+---------+
5 rows in set (45.86 sec)

+----------+------------+------------+------------+---------+
| category | datestart  | dateend    | insertedon | records |
+----------+------------+------------+------------+---------+
| UNCAPPED | 2022-01-01 | 2022-01-01 | 2022-01-04 |    6277 |
| PREPAID  | 2022-01-01 | 2022-01-01 | 2022-01-04 |     493 |
| HOTSPOT  | 2022-01-01 | 2022-01-01 | 2022-01-04 |     148 |
| CAPPED   | 2022-01-01 | 2022-01-01 | 2022-01-04 |    3996 |
| UNCAPPED | 2021-12-31 | 2021-12-31 | 2022-01-04 |    6501 |
| PREPAID  | 2021-12-31 | 2021-12-31 | 2022-01-04 |     342 |
| HOTSPOT  | 2021-12-31 | 2021-12-31 | 2022-01-04 |     176 |
| CAPPED   | 2021-12-31 | 2021-12-31 | 2022-01-04 |    3969 |
| UNCAPPED | 2021-12-30 | 2021-12-30 | 2021-12-31 |    6368 |
| PREPAID  | 2021-12-30 | 2021-12-30 | 2021-12-31 |     357 |
| HOTSPOT  | 2021-12-30 | 2021-12-30 | 2021-12-31 |     214 |
| CAPPED   | 2021-12-30 | 2021-12-30 | 2021-12-31 |    4034 |
| UNCAPPED | 2021-12-29 | 2021-12-29 | 2021-12-30 |    6605 |
| PREPAID  | 2021-12-29 | 2021-12-29 | 2021-12-30 |     346 |
| HOTSPOT  | 2021-12-29 | 2021-12-29 | 2021-12-30 |     213 |
| CAPPED   | 2021-12-29 | 2021-12-29 | 2021-12-30 |    4057 |
| UNCAPPED | 2021-12-28 | 2021-12-28 | 2021-12-29 |    6360 |
| PREPAID  | 2021-12-28 | 2021-12-28 | 2021-12-29 |     356 |
| HOTSPOT  | 2021-12-28 | 2021-12-28 | 2021-12-29 |     185 |
| CAPPED   | 2021-12-28 | 2021-12-28 | 2021-12-29 |    4005 |
+----------+------------+------------+------------+---------+
20 rows in set (30.68 sec)

mysql> mysql \. C:\workspace\cloud\code\sql\_DailyScript\currenttime.sql
+---------------------+
| currenttime         |
+---------------------+
| 2022-01-04 13:00:29 |
+---------------------+
1 row in set (0.00 sec)

mysql> 
mysql> mysql \. C:\workspace\cloud\code\sql\_DailyScript\DAILY-SCRIPT-SALES-TELEMETRY.sql
Database changed
Query OK, 12 rows affected, 2 warnings (0.03 sec)
Records: 12  Deleted: 0  Skipped: 0  Warnings: 2

+------------+
| dailysales |
+------------+
|     246314 |
+------------+
1 row in set (0.28 sec)

+------------+---------+
| orderdate  | records |
+------------+---------+
| 2022-01-01 |      12 |
| 2021-12-31 |     147 |
| 2021-12-30 |     188 |
| 2021-12-29 |     193 |
| 2021-12-28 |     206 |
| 2021-12-27 |     280 |
| 2021-12-26 |      18 |
| 2021-12-25 |       8 |
| 2021-12-24 |     107 |
| 2021-12-23 |     153 |
| 2021-12-22 |     195 |
| 2021-12-21 |     157 |
| 2021-12-20 |     206 |
| 2021-12-19 |      36 |
| 2021-12-18 |      78 |
+------------+---------+
15 rows in set (0.58 sec)

Query OK, 0 rows affected (0.02 sec)

Query OK, 246314 rows affected (21.52 sec)
Records: 246314  Duplicates: 0  Warnings: 0

+--------+
| sales  |
+--------+
| 246314 |
+--------+
1 row in set (0.07 sec)

Query OK, 0 rows affected (0.01 sec)

Query OK, 6373 rows affected (0.43 sec)
Records: 6373  Duplicates: 0  Warnings: 0

+----------------+
| rep_dailysales |
+----------------+
|           6373 |
+----------------+
1 row in set (0.00 sec)

Query OK, 0 rows affected (0.01 sec)

Query OK, 6373 rows affected (0.83 sec)
Records: 6373  Duplicates: 0  Warnings: 0

+-------------------+
| rep_dailysalesreg |
+-------------------+
|              6373 |
+-------------------+
1 row in set (0.00 sec)

Query OK, 0 rows affected (0.01 sec)

Query OK, 2431 rows affected (0.75 sec)
Records: 2431  Duplicates: 0  Warnings: 0

+-----------+
| saleslist |
+-----------+
|      2431 |
+-----------+
1 row in set (0.00 sec)

Database changed
ERROR 2 (HY000): File 'C:\ProgramData\MySQL\MySQL Server 5.7\Uploads\_csv\PrepaidCardSales-01012022-P1.csv' not found (Errcode: 2 - No such file or directory)
+------------------+
| dailysinglesales |
+------------------+
|             6655 |
+------------------+
1 row in set (0.01 sec)

Database changed
Query OK, 7 rows affected (0.03 sec)
Records: 7  Deleted: 0  Skipped: 0  Warnings: 0

+-----------------+
| dailyaddonsales |
+-----------------+
|           26342 |
+-----------------+
1 row in set (0.04 sec)

Query OK, 366 rows affected (0.11 sec)
Records: 366  Deleted: 0  Skipped: 0  Warnings: 0

+----------------+
| onlinepayments |
+----------------+
|         254132 |
+----------------+
1 row in set (0.21 sec)

+-------------+----------------+---------------------+
| paymentdate | onlinepayments | onlinepaymentamount |
+-------------+----------------+---------------------+
| 2022-01-01  |            366 |        273123.82000 |
| 2021-12-31  |            311 |        208087.60000 |
| 2021-12-30  |            319 |        208581.75000 |
| 2021-12-29  |            277 |        178976.20000 |
| 2021-12-28  |            379 |        271534.25000 |
+-------------+----------------+---------------------+
5 rows in set (0.86 sec)

+-------------+--------------+----------------+---------------------+
| paymentyear | paymentmonth | onlinepayments | onlinepaymentamount |
+-------------+--------------+----------------+---------------------+
|        2022 |            1 |            366 |        273123.82000 |
|        2022 |         NULL |            366 |        273123.82000 |
|        2021 |           12 |           8988 |       5882874.20000 |
|        2021 |           11 |           8553 |       5661260.44000 |
|        2021 |           10 |           8715 |       5741511.04000 |
+-------------+--------------+----------------+---------------------+
5 rows in set (0.26 sec)

mysql> mysql \. C:\workspace\cloud\code\sql\_DailyScript\currenttime.sql
+---------------------+
| currenttime         |
+---------------------+
| 2022-01-04 13:00:55 |
+---------------------+
1 row in set (0.00 sec)

mysql> 
mysql> mysql \. C:\workspace\cloud\code\sql\_DailyScript\DAILY-SCRIPT-ACTIVENUMBERS.sql
Database changed
Query OK, 1083 rows affected (0.56 sec)
Records: 1083  Deleted: 0  Skipped: 0  Warnings: 0

+------------+----------+
| period     | count(1) |
+------------+----------+
| 2022-01-01 |     1083 |
| 2021-12-31 |     1082 |
| 2021-12-30 |     1083 |
| 2021-12-29 |     1085 |
| 2021-12-28 |     1088 |
+------------+----------+
5 rows in set (0.00 sec)

Query OK, 0 rows affected (0.01 sec)

Query OK, 75 rows affected (1.42 sec)
Records: 75  Duplicates: 0  Warnings: 0

+-------------+
| packagelist |
+-------------+
|          75 |
+-------------+
1 row in set (0.00 sec)

Database changed
Query OK, 0 rows affected (0.00 sec)

Query OK, 0 rows affected (0.00 sec)

Query OK, 0 rows affected (0.00 sec)

Query OK, 0 rows affected (0.00 sec)

Query OK, 28969 rows affected, 242 warnings (18.81 sec)
Records: 28969  Deleted: 0  Skipped: 0  Warnings: 242

+------------+----------+
| period     | count(1) |
+------------+----------+
| 2022-01-01 |    28969 |
| 2021-12-31 |    29250 |
| 2021-12-30 |    29050 |
| 2021-12-29 |    29050 |
| 2021-12-28 |    29052 |
+------------+----------+
5 rows in set (0.17 sec)

Query OK, 0 rows affected (0.05 sec)

Query OK, 28410 rows affected (57.74 sec)
Records: 28410  Duplicates: 0  Warnings: 0

Query OK, 0 rows affected (0.12 sec)
Records: 0  Duplicates: 0  Warnings: 0

Query OK, 0 rows affected (0.11 sec)
Records: 0  Duplicates: 0  Warnings: 0

Query OK, 0 rows affected (0.11 sec)
Records: 0  Duplicates: 0  Warnings: 0

Query OK, 0 rows affected (0.09 sec)
Records: 0  Duplicates: 0  Warnings: 0

Query OK, 0 rows affected (0.10 sec)
Records: 0  Duplicates: 0  Warnings: 0

Query OK, 0 rows affected (0.07 sec)
Records: 0  Duplicates: 0  Warnings: 0

+-------------+
| countbefore |
+-------------+
|    52389536 |
+-------------+
1 row in set (22.18 sec)

Query OK, 28410 rows affected (5.60 sec)
Records: 28410  Duplicates: 0  Warnings: 0

+------------+
| countafter |
+------------+
|   52417946 |
+------------+
1 row in set (17.15 sec)

+------------+--------------------------+
| period     | customercontractactivity |
+------------+--------------------------+
| 2022-01-01 |                    28410 |
| 2021-12-31 |                    28691 |
| 2021-12-30 |                    28491 |
| 2021-12-29 |                    28491 |
| 2021-12-28 |                    28493 |
+------------+--------------------------+
5 rows in set (0.06 sec)

Query OK, 0 rows affected (0.03 sec)

Query OK, 327957 rows affected, 4 warnings (10 min 40.96 sec)
Records: 327957  Duplicates: 0  Warnings: 4

Query OK, 0 rows affected (1.11 sec)
Records: 0  Duplicates: 0  Warnings: 0

Query OK, 0 rows affected (1.32 sec)
Records: 0  Duplicates: 0  Warnings: 0

Query OK, 0 rows affected (1.27 sec)
Records: 0  Duplicates: 0  Warnings: 0

Query OK, 0 rows affected (0.01 sec)

Query OK, 224 rows affected (0.55 sec)
Records: 224  Duplicates: 0  Warnings: 0

Query OK, 0 rows affected (0.01 sec)

Query OK, 2601 rows affected (0.73 sec)
Records: 2601  Duplicates: 0  Warnings: 0

Query OK, 0 rows affected (0.01 sec)

Query OK, 28388 rows affected (0.66 sec)
Records: 28388  Duplicates: 0  Warnings: 0

Query OK, 0 rows affected (0.01 sec)

Query OK, 16972 rows affected (0.44 sec)
Records: 16972  Duplicates: 0  Warnings: 0

Query OK, 0 rows affected (0.01 sec)

Query OK, 16972 rows affected (0.14 sec)
Records: 16972  Duplicates: 0  Warnings: 0

Query OK, 0 rows affected (0.01 sec)

Query OK, 16972 rows affected (1.30 sec)
Records: 16972  Duplicates: 0  Warnings: 0

Query OK, 0 rows affected (0.04 sec)

Query OK, 16972 rows affected (43.69 sec)
Records: 16972  Duplicates: 0  Warnings: 0

+-------------+
| clientstats |
+-------------+
|       16972 |
+-------------+
1 row in set (0.01 sec)

Query OK, 0 rows affected (0.01 sec)

Query OK, 13 rows affected, 1 warning (0.14 sec)
Records: 13  Duplicates: 0  Warnings: 1

+-----------------------+-------------+-------------+----------------+-----------------+
| services              | activecount | allaccounts | uniqueaccounts | uniquecontracts |
+-----------------------+-------------+-------------+----------------+-----------------+
| All                   |         450 |          74 |             74 |             238 |
| Internet & OTT        |           6 |           3 |              3 |               3 |
| Internet & Voice      |         300 |         130 |            130 |             255 |
| Internet Only         |        4342 |        4244 |           4240 |            4281 |
| OTT Only              |           3 |           3 |              3 |               3 |
| TV & Internet         |        9889 |        4417 |           4408 |            9014 |
| TV & Internet & OTT   |        4779 |        1251 |           1249 |            2607 |
| TV & Internet & Voice |         522 |         146 |            146 |             451 |
| TV & OTT              |         341 |          88 |             86 |             100 |
| TV & Voice            |          90 |          40 |             40 |              82 |
| TV Only               |        8241 |        6466 |           6458 |            6667 |
| Voice Only            |         111 |         110 |            110 |             111 |
| GRAND TOTAL           |       29074 |       16972 |          16900 |           23812 |
+-----------------------+-------------+-------------+----------------+-----------------+
13 rows in set (0.00 sec)

+-------------+-------------+-------------+----------------+-----------------+
| network     | activecount | allaccounts | uniqueaccounts | uniquecontracts |
+-------------+-------------+-------------+----------------+-----------------+
| GPON        |       14383 |        7049 |           7046 |           11236 |
| HFC         |       14691 |        9923 |           9923 |           12576 |
| GRAND TOTAL |       29074 |       16972 |          16900 |           23812 |
+-------------+-------------+-------------+----------------+-----------------+
3 rows in set, 1 warning (0.13 sec)

+-------------+-----------------------+-------------+-------------+----------------+-----------------+
| network     | services              | activecount | allaccounts | uniqueaccounts | uniquecontracts |
+-------------+-----------------------+-------------+-------------+----------------+-----------------+
| GPON        | All                   |         354 |          61 |             61 |             195 |
| GPON        | Internet & OTT        |           2 |           1 |              1 |               1 |
| GPON        | Internet & Voice      |          81 |          33 |             33 |              70 |
| GPON        | Internet Only         |        1708 |        1627 |           1627 |            1648 |
| GPON        | OTT Only              |           2 |           2 |              2 |               2 |
| GPON        | TV & Internet         |        5669 |        2484 |           2484 |            5099 |
| GPON        | TV & Internet & OTT   |        3834 |         994 |            994 |            2083 |
| GPON        | TV & Internet & Voice |         299 |          78 |             78 |             244 |
| GPON        | TV & OTT              |         212 |          66 |             66 |              73 |
| GPON        | TV & Voice            |          53 |          24 |             24 |              50 |
| GPON        | TV Only               |        2155 |        1666 |           1666 |            1757 |
| GPON        | Voice Only            |          14 |          13 |             13 |              14 |
| GPON        | Services Total        |       14383 |        7049 |           7046 |           11236 |
| HFC         | All                   |          96 |          13 |             13 |              43 |
| HFC         | Internet & OTT        |           4 |           2 |              2 |               2 |
| HFC         | Internet & Voice      |         219 |          97 |             97 |             185 |
| HFC         | Internet Only         |        2634 |        2617 |           2617 |            2633 |
| HFC         | OTT Only              |           1 |           1 |              1 |               1 |
| HFC         | TV & Internet         |        4220 |        1933 |           1933 |            3915 |
| HFC         | TV & Internet & OTT   |         945 |         257 |            257 |             524 |
| HFC         | TV & Internet & Voice |         223 |          68 |             68 |             207 |
| HFC         | TV & OTT              |         129 |          22 |             22 |              27 |
| HFC         | TV & Voice            |          37 |          16 |             16 |              32 |
| HFC         | TV Only               |        6086 |        4800 |           4800 |            4910 |
| HFC         | Voice Only            |          97 |          97 |             97 |              97 |
| HFC         | Services Total        |       14691 |        9923 |           9923 |           12576 |
| GRAND TOTAL | Services Total        |       29074 |       16972 |          16900 |           23812 |
+-------------+-----------------------+-------------+-------------+----------------+-----------------+
27 rows in set, 2 warnings (0.14 sec)

Query OK, 0 rows affected (0.01 sec)

Query OK, 45 rows affected, 3 warnings (0.21 sec)
Records: 45  Duplicates: 0  Warnings: 3

+-------------+---------------+-----------------------+-------------+-------------+----------------+-----------------+
| region      | network       | services              | activecount | allaccounts | uniqueaccounts | uniquecontracts |
+-------------+---------------+-----------------------+-------------+-------------+----------------+-----------------+
| Eden Island | GPON          | TV & Internet         |           2 |           1 |              1 |               2 |
| Eden Island | GPON          | Services Total        |           2 |           1 |              1 |               2 |
| Eden Island | Network Total | Services Total        |           2 |           1 |              1 |               2 |
| Mahe        | GPON          | All                   |         313 |          54 |             54 |             172 |
| Mahe        | GPON          | Internet & OTT        |           2 |           1 |              1 |               1 |
| Mahe        | GPON          | Internet & Voice      |          75 |          30 |             30 |              64 |
| Mahe        | GPON          | Internet Only         |        1455 |        1374 |           1374 |            1395 |
| Mahe        | GPON          | OTT Only              |           1 |           1 |              1 |               1 |
| Mahe        | GPON          | TV & Internet         |        4897 |        2142 |           2142 |            4394 |
| Mahe        | GPON          | TV & Internet & OTT   |        3194 |         806 |            806 |            1697 |
| Mahe        | GPON          | TV & Internet & Voice |         281 |          73 |             73 |             226 |
| Mahe        | GPON          | TV & OTT              |         190 |          56 |             56 |              62 |
| Mahe        | GPON          | TV & Voice            |          53 |          24 |             24 |              50 |
| Mahe        | GPON          | TV Only               |        1813 |        1401 |           1401 |            1478 |
| Mahe        | GPON          | Voice Only            |          13 |          12 |             12 |              13 |
| Mahe        | GPON          | Services Total        |       12287 |        5974 |           5974 |            9553 |
| Mahe        | HFC           | All                   |          96 |          13 |             13 |              43 |
| Mahe        | HFC           | Internet & OTT        |           4 |           2 |              2 |               2 |
| Mahe        | HFC           | Internet & Voice      |         219 |          97 |             97 |             185 |
| Mahe        | HFC           | Internet Only         |        2634 |        2617 |           2617 |            2633 |
| Mahe        | HFC           | OTT Only              |           1 |           1 |              1 |               1 |
| Mahe        | HFC           | TV & Internet         |        4220 |        1933 |           1933 |            3915 |
| Mahe        | HFC           | TV & Internet & OTT   |         945 |         257 |            257 |             524 |
| Mahe        | HFC           | TV & Internet & Voice |         223 |          68 |             68 |             207 |
| Mahe        | HFC           | TV & OTT              |         129 |          22 |             22 |              27 |
| Mahe        | HFC           | TV & Voice            |          37 |          16 |             16 |              32 |
| Mahe        | HFC           | TV Only               |        6085 |        4799 |           4799 |            4909 |
| Mahe        | HFC           | Voice Only            |          97 |          97 |             97 |              97 |
| Mahe        | HFC           | Services Total        |       14690 |        9922 |           9922 |           12575 |
| Mahe        | Network Total | Services Total        |       26977 |       15896 |          15827 |           22128 |
| Praslin     | GPON          | All                   |          41 |           7 |              7 |              23 |
| Praslin     | GPON          | Internet & Voice      |           6 |           3 |              3 |               6 |
| Praslin     | GPON          | Internet Only         |         253 |         253 |            253 |             253 |
| Praslin     | GPON          | OTT Only              |           1 |           1 |              1 |               1 |
| Praslin     | GPON          | TV & Internet         |         770 |         341 |            341 |             703 |
| Praslin     | GPON          | TV & Internet & OTT   |         640 |         188 |            188 |             386 |
| Praslin     | GPON          | TV & Internet & Voice |          18 |           5 |              5 |              18 |
| Praslin     | GPON          | TV & OTT              |          22 |          10 |             10 |              11 |
| Praslin     | GPON          | TV Only               |         342 |         265 |            265 |             279 |
| Praslin     | GPON          | Voice Only            |           1 |           1 |              1 |               1 |
| Praslin     | GPON          | Services Total        |        2094 |        1074 |           1074 |            1681 |
| Praslin     | HFC           | TV Only               |           1 |           1 |              1 |               1 |
| Praslin     | HFC           | Services Total        |           1 |           1 |              1 |               1 |
| Praslin     | Network Total | Services Total        |        2095 |        1075 |           1075 |            1682 |
| GRAND TOTAL | Network Total | Services Total        |       29074 |       16972 |          16900 |           23812 |
+-------------+---------------+-----------------------+-------------+-------------+----------------+-----------------+
45 rows in set (0.00 sec)

Query OK, 0 rows affected (0.01 sec)

Query OK, 28389 rows affected (0.48 sec)
Records: 28389  Duplicates: 0  Warnings: 0

Query OK, 0 rows affected (0.01 sec)

Query OK, 2371 rows affected (2.22 sec)
Records: 2371  Duplicates: 0  Warnings: 0

+--------------------------------------+
| message                              |
+--------------------------------------+
| running rcbill_my.sp_ActiveNumber2() |
+--------------------------------------+
1 row in set (0.00 sec)

Query OK, 365 rows affected (2 min 31.93 sec)

mysql> mysql \. C:\workspace\cloud\code\sql\_DailyScript\currenttime.sql
+---------------------+
| currenttime         |
+---------------------+
| 2022-01-04 13:17:07 |
+---------------------+
1 row in set (0.00 sec)

mysql> 
mysql> mysql \. C:\workspace\cloud\code\sql\_DailyScript\GetActiveNumbers Average -Pivot.sql
Database changed
+-------------------------------------+
| @today := subdate(current_date(),1) |
+-------------------------------------+
| 2022-01-03                          |
+-------------------------------------+
1 row in set (0.00 sec)

+-------------------------------------+
| @lastdayofmonth := last_day(@today) |
+-------------------------------------+
| 2022-01-31                          |
+-------------------------------------+
1 row in set (0.00 sec)

Query OK, 0 rows affected (0.01 sec)

Query OK, 53243 rows affected, 65535 warnings (1 min 7.99 sec)
Records: 53243  Duplicates: 0  Warnings: 108447

Query OK, 0 rows affected (0.13 sec)
Records: 0  Duplicates: 0  Warnings: 0

Query OK, 0 rows affected (0.15 sec)
Records: 0  Duplicates: 0  Warnings: 0

Query OK, 0 rows affected (0.13 sec)
Records: 0  Duplicates: 0  Warnings: 0

+-----------------+
| activenumberavg |
+-----------------+
|           53243 |
+-----------------+
1 row in set (0.01 sec)

Query OK, 0 rows affected (0.01 sec)

Query OK, 2006 rows affected (0.64 sec)
Records: 2006  Duplicates: 0  Warnings: 0

+---------------------+
| rep_activenumberavg |
+---------------------+
|                2006 |
+---------------------+
1 row in set (0.00 sec)

+----------------------+
| rep_activenumberavg1 |
+----------------------+
|                  932 |
+----------------------+
1 row in set (0.00 sec)

Query OK, 0 rows affected (0.01 sec)

Query OK, 2827 rows affected (0.55 sec)
Records: 2827  Duplicates: 0  Warnings: 0

Query OK, 0 rows affected (0.01 sec)

Query OK, 14654 rows affected (0.95 sec)
Records: 14654  Duplicates: 0  Warnings: 0

Query OK, 0 rows affected (0.01 sec)

Query OK, 254 rows affected (0.31 sec)
Records: 254  Duplicates: 0  Warnings: 0

Query OK, 0 rows affected (0.00 sec)

Query OK, 0 rows affected (0.01 sec)

Query OK, 0 rows affected (0.01 sec)

Query OK, 0 rows affected (0.00 sec)

Query OK, 0 rows affected (0.00 sec)
Statement prepared

Query OK, 53 rows affected (0.06 sec)
Records: 53  Duplicates: 0  Warnings: 0

Query OK, 0 rows affected (0.00 sec)

Query OK, 0 rows affected (0.00 sec)

+----------------------+
| rep_activenumberavg2 |
+----------------------+
|                 2827 |
+----------------------+
1 row in set (0.00 sec)

+------------------------+
| rep_activenumberavg_pv |
+------------------------+
|                     53 |
+------------------------+
1 row in set (0.00 sec)

Query OK, 0 rows affected (0.01 sec)

Query OK, 2824 rows affected (0.42 sec)
Records: 2824  Duplicates: 0  Warnings: 0

Query OK, 0 rows affected (0.00 sec)

Query OK, 0 rows affected (0.01 sec)

Query OK, 0 rows affected (0.01 sec)

Query OK, 0 rows affected (0.00 sec)

Query OK, 0 rows affected (0.00 sec)
Statement prepared

Query OK, 53 rows affected (0.06 sec)
Records: 53  Duplicates: 0  Warnings: 0

Query OK, 0 rows affected (0.00 sec)

Query OK, 0 rows affected (0.00 sec)

+-------------------------+
| rep_activenumberavgMahe |
+-------------------------+
|                    2824 |
+-------------------------+
1 row in set (0.00 sec)

+----------------------------+
| rep_activenumberavgMahe_pv |
+----------------------------+
|                         53 |
+----------------------------+
1 row in set (0.00 sec)

Query OK, 0 rows affected (0.01 sec)

Query OK, 1787 rows affected (0.20 sec)
Records: 1787  Duplicates: 0  Warnings: 0

Query OK, 0 rows affected (0.00 sec)

Query OK, 0 rows affected (0.00 sec)

Query OK, 0 rows affected (0.01 sec)

Query OK, 0 rows affected (0.00 sec)

Query OK, 0 rows affected (0.00 sec)
Statement prepared

Query OK, 40 rows affected (0.04 sec)
Records: 40  Duplicates: 0  Warnings: 0

Query OK, 0 rows affected (0.00 sec)

Query OK, 0 rows affected (0.00 sec)

+----------------------------+
| rep_activenumberavgPraslin |
+----------------------------+
|                       1787 |
+----------------------------+
1 row in set (0.00 sec)

+-------------------------------+
| rep_activenumberavgPraslin_pv |
+-------------------------------+
|                            40 |
+-------------------------------+
1 row in set (0.00 sec)

mysql> mysql \. C:\workspace\cloud\code\sql\_DailyScript\currenttime.sql
+---------------------+
| currenttime         |
+---------------------+
| 2022-01-04 13:18:19 |
+---------------------+
1 row in set (0.00 sec)

mysql> 
mysql> mysql \. C:\workspace\cloud\code\sql\Analysis\clients_contracts_creditpolicy_2.sql
Database changed
Query OK, 0 rows affected (0.01 sec)

Query OK, 1926445 rows affected (48.94 sec)
Records: 1926445  Duplicates: 0  Warnings: 0

Query OK, 0 rows affected (0.01 sec)

Query OK, 28410 rows affected (1.05 sec)
Records: 28410  Duplicates: 0  Warnings: 0

Query OK, 0 rows affected (0.05 sec)

Query OK, 28485 rows affected (15.38 sec)
Records: 28485  Duplicates: 0  Warnings: 0

+-------------------------+
| rep_cust_cont_creditpol |
+-------------------------+
|                   28485 |
+-------------------------+
1 row in set (0.01 sec)

mysql> mysql \. C:\workspace\cloud\code\sql\_DailyScript\currenttime.sql
+---------------------+
| currenttime         |
+---------------------+
| 2022-01-04 13:19:24 |
+---------------------+
1 row in set (0.00 sec)

mysql> 
mysql> 
mysql> 
mysql> 
mysql> 
mysql> 
mysql> 
mysql> 
mysql> 
mysql> 
mysql> 
mysql> 
mysql> 
mysql> 
mysql> 
mysql> 
mysql> 
mysql> 
mysql> 
mysql> 
mysql> 
mysql> 
mysql> 
mysql> 
mysql> 
mysql> 
mysql> 
mysql> 
mysql> 
mysql> 
mysql> 
mysql> exit
