    -> 
    -> mysql \. C:\workspace\cloud\code\sql\_DailyScript\_setdates.sql
Database changed
Query OK, 0 rows affected (0.00 sec)

Query OK, 0 rows affected (0.00 sec)

Query OK, 0 rows affected (0.00 sec)

Query OK, 0 rows affected (0.00 sec)

Query OK, 0 rows affected (0.00 sec)

Query OK, 0 rows affected (0.00 sec)

Query OK, 0 rows affected (0.00 sec)

Query OK, 0 rows affected (0.00 sec)

Query OK, 0 rows affected (0.00 sec)

Query OK, 0 rows affected (0.00 sec)

Query OK, 0 rows affected (0.00 sec)

Query OK, 0 rows affected (0.00 sec)

Query OK, 0 rows affected (0.00 sec)

Query OK, 0 rows affected (0.00 sec)

Query OK, 0 rows affected (0.00 sec)

Query OK, 0 rows affected (0.00 sec)

Query OK, 0 rows affected (0.00 sec)

Query OK, 0 rows affected (0.00 sec)

Query OK, 0 rows affected (0.00 sec)

Query OK, 0 rows affected (0.00 sec)

Query OK, 0 rows affected (0.00 sec)

mysql> mysql \. C:\workspace\cloud\code\sql\_DailyScript\currenttime.sql
+---------------------+
| currenttime         |
+---------------------+
| 2020-10-05 10:05:39 |
+---------------------+
1 row in set (0.00 sec)

mysql> 
mysql> mysql \. C:\workspace\cloud\code\sql\_DailyScript\load_RCB_VODTITLES.sql
Database changed
Query OK, 0 rows affected (0.00 sec)

Query OK, 12865 rows affected (0.14 sec)

Query OK, 12863 rows affected, 12863 warnings (0.31 sec)
Records: 12863  Deleted: 0  Skipped: 0  Warnings: 12863

Query OK, 0 rows affected (0.00 sec)

Query OK, 2 rows affected (0.01 sec)

+-----------+
| VODTITLES |
+-----------+
|     13321 |
+-----------+
1 row in set (0.01 sec)

+-----------+-----------+
| titletype | typecount |
+-----------+-----------+
| E         |     10505 |
| N         |       235 |
| T         |      2121 |
| NULL      |     12861 |
+-----------+-----------+
4 rows in set (0.04 sec)

mysql> mysql \. C:\workspace\cloud\code\sql\_DailyScript\currenttime.sql
+---------------------+
| currenttime         |
+---------------------+
| 2020-10-05 10:05:39 |
+---------------------+
1 row in set (0.00 sec)

mysql> 
mysql> mysql \. C:\workspace\cloud\code\sql\_DailyScript\DAILY-SCRIPT-LIVETV-STATS.sql
Database changed
Query OK, 0 rows affected (0.01 sec)

Query OK, 90385 rows affected (1.02 sec)
Records: 90385  Duplicates: 0  Warnings: 0

+------------+------------+----------+--------------+--------------+-----------+-------------+----------+--------+------+------------+---------+---------------+
| Table      | Non_unique | Key_name | Seq_in_index | Column_name  | Collation | Cardinality | Sub_part | Packed | Null | Index_type | Comment | Index_comment |
+------------+------------+----------+--------------+--------------+-----------+-------------+----------+--------+------+------------+---------+---------------+
| templivetv |          1 | idxtv1   |            1 | device       | A         |       89915 |     NULL | NULL   | YES  | BTREE      |         |               |
| templivetv |          1 | idxtv2   |            1 | sessionstart | A         |       89915 |     NULL | NULL   | YES  | BTREE      |         |               |
+------------+------------+----------+--------------+--------------+-----------+-------------+----------+--------+------+------------+---------+---------------+
2 rows in set (0.00 sec)

Query OK, 89442 rows affected (9.29 sec)
Records: 89442  Duplicates: 0  Warnings: 0

Query OK, 2781 rows affected (0.56 sec)
Records: 2781  Duplicates: 0  Warnings: 0

Query OK, 0 rows affected (0.00 sec)

Query OK, 0 rows affected (0.00 sec)

Query OK, 135 rows affected (0.03 sec)
Records: 135  Duplicates: 0  Warnings: 0

Query OK, 0 rows affected (0.03 sec)

Query OK, 37204 rows affected (1 min 54.24 sec)
Records: 37204  Duplicates: 0  Warnings: 0

+-----------------+
| rep_livetvstats |
+-----------------+
|           37204 |
+-----------------+
1 row in set (0.01 sec)

mysql> mysql \. C:\workspace\cloud\code\sql\_DailyScript\currenttime.sql
+---------------------+
| currenttime         |
+---------------------+
| 2020-10-05 10:07:44 |
+---------------------+
1 row in set (0.00 sec)

mysql> 
mysql> mysql \. C:\workspace\cloud\code\sql\_DailyScript\DAILY-SCRIPT-VODTS-STATS.sql
Database changed
Query OK, 0 rows affected (0.01 sec)

Query OK, 4983 rows affected (12.93 sec)
Records: 4983  Duplicates: 0  Warnings: 0

+---------+------------+----------+--------------+--------------+-----------+-------------+----------+--------+------+------------+---------+---------------+
| Table   | Non_unique | Key_name | Seq_in_index | Column_name  | Collation | Cardinality | Sub_part | Packed | Null | Index_type | Comment | Index_comment |
+---------+------------+----------+--------------+--------------+-----------+-------------+----------+--------+------+------------+---------+---------------+
| tempvod |          1 | idxtvod1 |            1 | device       | A         |        5153 |     NULL | NULL   | YES  | BTREE      |         |               |
| tempvod |          1 | idxtvod2 |            1 | sessionstart | A         |        5153 |     NULL | NULL   | YES  | BTREE      |         |               |
+---------+------------+----------+--------------+--------------+-----------+-------------+----------+--------+------+------------+---------+---------------+
2 rows in set (0.00 sec)

Query OK, 4953 rows affected (2.41 sec)
Records: 4953  Duplicates: 0  Warnings: 0

Query OK, 0 rows affected (0.01 sec)

Query OK, 829682 rows affected (1 min 5.17 sec)
Records: 829682  Duplicates: 0  Warnings: 0

+--------------+
| rep_vodstats |
+--------------+
|       829682 |
+--------------+
1 row in set (0.24 sec)

Database changed
Query OK, 0 rows affected (0.01 sec)

Query OK, 14586 rows affected (34.93 sec)
Records: 14586  Duplicates: 0  Warnings: 0

+--------+------------+----------+--------------+--------------+-----------+-------------+----------+--------+------+------------+---------+---------------+
| Table  | Non_unique | Key_name | Seq_in_index | Column_name  | Collation | Cardinality | Sub_part | Packed | Null | Index_type | Comment | Index_comment |
+--------+------------+----------+--------------+--------------+-----------+-------------+----------+--------+------+------------+---------+---------------+
| tempts |          1 | idxtts1  |            1 | device       | A         |       14814 |     NULL | NULL   | YES  | BTREE      |         |               |
| tempts |          1 | idxtts2  |            1 | sessionstart | A         |       14814 |     NULL | NULL   | YES  | BTREE      |         |               |
+--------+------------+----------+--------------+--------------+-----------+-------------+----------+--------+------+------------+---------+---------------+
2 rows in set (0.00 sec)

Query OK, 14456 rows affected (10.58 sec)
Records: 14456  Duplicates: 0  Warnings: 0

Query OK, 0 rows affected (0.01 sec)

Query OK, 39370 rows affected (34.88 sec)
Records: 39370  Duplicates: 0  Warnings: 0

+-------------+
| rep_tsstats |
+-------------+
|       39370 |
+-------------+
1 row in set (0.01 sec)

mysql> mysql \. C:\workspace\cloud\code\sql\_DailyScript\currenttime.sql
+---------------------+
| currenttime         |
+---------------------+
| 2020-10-05 10:10:26 |
+---------------------+
1 row in set (0.00 sec)

mysql> 
mysql> mysql \. C:\workspace\cloud\code\sql\_DailyScript\DAILY-SCRIPT-RADIO-STATS.sql
Database changed
Query OK, 0 rows affected (0.03 sec)

Query OK, 308850 rows affected (3.36 sec)
Records: 308850  Duplicates: 0  Warnings: 0

+-----------+------------+----------+--------------+--------------+-----------+-------------+----------+--------+------+------------+---------+---------------+
| Table     | Non_unique | Key_name | Seq_in_index | Column_name  | Collation | Cardinality | Sub_part | Packed | Null | Index_type | Comment | Index_comment |
+-----------+------------+----------+--------------+--------------+-----------+-------------+----------+--------+------+------------+---------+---------------+
| tempradio |          1 | idxtrad1 |            1 | device       | A         |      298969 |     NULL | NULL   | YES  | BTREE      |         |               |
| tempradio |          1 | idxtrad2 |            1 | sessionstart | A         |      298969 |     NULL | NULL   | YES  | BTREE      |         |               |
+-----------+------------+----------+--------------+--------------+-----------+-------------+----------+--------+------+------------+---------+---------------+
2 rows in set (0.00 sec)

Query OK, 540 rows affected (1.24 sec)
Records: 540  Duplicates: 0  Warnings: 0

Query OK, 0 rows affected (0.01 sec)

Query OK, 5293 rows affected (0.41 sec)
Records: 5293  Duplicates: 0  Warnings: 0

+----------------+
| rep_radiostats |
+----------------+
|           5293 |
+----------------+
1 row in set (0.00 sec)

mysql> mysql \. C:\workspace\cloud\code\sql\_DailyScript\currenttime.sql
+---------------------+
| currenttime         |
+---------------------+
| 2020-10-05 10:10:31 |
+---------------------+
1 row in set (0.00 sec)

mysql> 
mysql> mysql \. C:\workspace\cloud\code\sql\_DailyScript\DAILY_SCRIPT_TELEMETRY_PIVOT_2020.sql
Query OK, 0 rows affected (0.01 sec)

Query OK, 146 rows affected (0.17 sec)
Records: 146  Duplicates: 0  Warnings: 0

Query OK, 0 rows affected (0.01 sec)

Query OK, 10456 rows affected (2.20 sec)
Records: 10456  Duplicates: 0  Warnings: 0

Query OK, 0 rows affected (0.01 sec)

Query OK, 8 rows affected (0.02 sec)
Records: 8  Duplicates: 0  Warnings: 0

Query OK, 0 rows affected (0.01 sec)

Query OK, 47 rows affected (0.07 sec)
Records: 47  Duplicates: 0  Warnings: 0

mysql> mysql \. C:\workspace\cloud\code\sql\_DailyScript\currenttime.sql
+---------------------+
| currenttime         |
+---------------------+
| 2020-10-05 10:10:33 |
+---------------------+
1 row in set (0.00 sec)

mysql> 
mysql> mysql \. C:\workspace\cloud\code\sql\_DailyScript\telemetry_livetv_ranking2020.sql
Query OK, 0 rows affected (0.00 sec)

Query OK, 146 rows affected (0.02 sec)
Records: 146  Duplicates: 0  Warnings: 0

mysql> mysql \. C:\workspace\cloud\code\sql\_DailyScript\currenttime.sql
+---------------------+
| currenttime         |
+---------------------+
| 2020-10-05 10:10:33 |
+---------------------+
1 row in set (0.00 sec)

mysql> 
mysql> mysql \. C:\workspace\cloud\code\sql\_DailyScript\telemetry_radio_ranking2020.sql
Query OK, 0 rows affected (0.00 sec)

Query OK, 8 rows affected (0.02 sec)
Records: 8  Duplicates: 0  Warnings: 0

mysql> mysql \. C:\workspace\cloud\code\sql\_DailyScript\currenttime.sql
+---------------------+
| currenttime         |
+---------------------+
| 2020-10-05 10:10:33 |
+---------------------+
1 row in set (0.00 sec)

mysql> 
mysql> mysql \. C:\workspace\cloud\code\sql\_DailyScript\telemetry_ts_ranking2020.sql
Query OK, 0 rows affected (0.00 sec)

Query OK, 47 rows affected (0.01 sec)
Records: 47  Duplicates: 0  Warnings: 0

mysql> mysql \. C:\workspace\cloud\code\sql\_DailyScript\currenttime.sql
+---------------------+
| currenttime         |
+---------------------+
| 2020-10-05 10:10:33 |
+---------------------+
1 row in set (0.00 sec)

mysql> 
mysql> mysql \. C:\workspace\cloud\code\sql\_DailyScript\telemetry_vod_ranking2020.sql
Query OK, 0 rows affected (0.00 sec)

Query OK, 10456 rows affected (0.47 sec)
Records: 10456  Duplicates: 0  Warnings: 0

mysql> mysql \. C:\workspace\cloud\code\sql\_DailyScript\currenttime.sql
+---------------------+
| currenttime         |
+---------------------+
| 2020-10-05 10:10:34 |
+---------------------+
1 row in set (0.00 sec)

mysql> 
mysql> mysql \. C:\workspace\cloud\code\sql\_DailyScript\telemetry_vod_ranking2020_1.sql
Query OK, 0 rows affected (0.00 sec)

Query OK, 10456 rows affected (0.23 sec)
Records: 10456  Duplicates: 0  Warnings: 0

mysql> mysql \. C:\workspace\cloud\code\sql\_DailyScript\currenttime.sql
+---------------------+
| currenttime         |
+---------------------+
| 2020-10-05 10:10:34 |
+---------------------+
1 row in set (0.00 sec)

mysql> 
mysql> mysql \. C:\workspace\cloud\code\sql\_DailyScript\telemetry_vod_ranking2020_2.sql
Query OK, 0 rows affected (0.01 sec)

Query OK, 10456 rows affected (0.22 sec)
Records: 10456  Duplicates: 0  Warnings: 0

mysql> mysql \. C:\workspace\cloud\code\sql\_DailyScript\currenttime.sql
+---------------------+
| currenttime         |
+---------------------+
| 2020-10-05 10:10:34 |
+---------------------+
1 row in set (0.00 sec)

mysql> 
mysql> 
mysql> 
mysql> 
mysql> mysql \. C:\workspace\cloud\code\sql\_DailyScript\ticket_analysis.sql
Database changed
Query OK, 0 rows affected (0.06 sec)

Query OK, 691047 rows affected (21.61 sec)
Records: 691047  Duplicates: 0  Warnings: 0

Query OK, 0 rows affected (4.39 sec)
Records: 0  Duplicates: 0  Warnings: 0

Query OK, 0 rows affected (1.90 sec)
Records: 0  Duplicates: 0  Warnings: 0

Query OK, 0 rows affected (1.77 sec)
Records: 0  Duplicates: 0  Warnings: 0

Query OK, 0 rows affected (0.01 sec)

Query OK, 22306 rows affected (11.86 sec)
Records: 22306  Duplicates: 0  Warnings: 0

Query OK, 0 rows affected, 1 warning (0.00 sec)

Query OK, 98131 rows affected (6.75 sec)
Records: 98131  Duplicates: 0  Warnings: 0

Query OK, 0 rows affected, 1 warning (0.00 sec)

Query OK, 502332 rows affected (14.68 sec)
Records: 502332  Duplicates: 0  Warnings: 0

Query OK, 0 rows affected, 1 warning (0.00 sec)

Query OK, 502332 rows affected (15.84 sec)
Records: 502332  Duplicates: 0  Warnings: 0

Query OK, 0 rows affected (0.01 sec)

Query OK, 98217 rows affected (6.18 sec)
Records: 98217  Duplicates: 0  Warnings: 0

Database changed
Query OK, 0 rows affected (0.00 sec)

Query OK, 0 rows affected (0.03 sec)

Query OK, 691047 rows affected (23.45 sec)
Records: 691047  Duplicates: 0  Warnings: 0

Query OK, 0 rows affected (0.01 sec)

Query OK, 348931 rows affected (16.35 sec)
Records: 348931  Duplicates: 0  Warnings: 0

+--------------------------+
| clientticket_cmmtjourney |
+--------------------------+
|                   691047 |
+--------------------------+
1 row in set (2.63 sec)

+---------------------------+
| clientticket_assgnjourney |
+---------------------------+
|                    348931 |
+---------------------------+
1 row in set (0.38 sec)

Query OK, 0 rows affected (0.01 sec)

Query OK, 80 rows affected (0.08 sec)
Records: 80  Duplicates: 0  Warnings: 0

mysql> mysql \. C:\workspace\cloud\code\sql\_DailyScript\currenttime.sql
+---------------------+
| currenttime         |
+---------------------+
| 2020-10-05 10:12:41 |
+---------------------+
1 row in set (0.00 sec)

mysql> 
mysql> mysql \. C:\workspace\cloud\code\sql\_DailyScript\load_DailyCalls.sql
Database changed
Query OK, 522 rows affected (0.15 sec)
Records: 522  Deleted: 0  Skipped: 0  Warnings: 0

Query OK, 0 rows affected, 1 warning (0.00 sec)

Query OK, 511 rows affected (0.01 sec)
Records: 511  Duplicates: 0  Warnings: 0

Query OK, 0 rows affected, 1 warning (0.00 sec)

Query OK, 67779 rows affected (0.29 sec)
Records: 67779  Duplicates: 0  Warnings: 0

+----------------------+
| callingclientsbefore |
+----------------------+
|              1009979 |
+----------------------+
1 row in set (0.37 sec)

Query OK, 724 rows affected (10.53 sec)
Records: 724  Duplicates: 0  Warnings: 0

+---------------------+
| callingclientsafter |
+---------------------+
|             1010703 |
+---------------------+
1 row in set (0.26 sec)

Query OK, 0 rows affected (0.01 sec)

Query OK, 332 rows affected (3.06 sec)
Records: 332  Duplicates: 0  Warnings: 0

Query OK, 0 rows affected (0.00 sec)

Query OK, 20266 rows affected (3.42 sec)
Records: 20266  Duplicates: 0  Warnings: 0

+-----------+
| callstats |
+-----------+
|     20266 |
+-----------+
1 row in set (0.01 sec)

Query OK, 0 rows affected, 1 warning (0.00 sec)

Query OK, 724 rows affected (1.85 sec)
Records: 724  Duplicates: 0  Warnings: 0

+------------------------+
| rep_cccallreportbefore |
+------------------------+
|                1010615 |
+------------------------+
1 row in set (0.36 sec)

Query OK, 724 rows affected (0.12 sec)
Records: 724  Duplicates: 0  Warnings: 0

+-----------------------+
| rep_cccallreportafter |
+-----------------------+
|               1011339 |
+-----------------------+
1 row in set (0.27 sec)

Query OK, 0 rows affected (0.01 sec)

mysql> mysql \. C:\workspace\cloud\code\sql\_DailyScript\currenttime.sql
+---------------------+
| currenttime         |
+---------------------+
| 2020-10-05 10:13:02 |
+---------------------+
1 row in set (0.00 sec)

mysql> 
mysql> mysql \. C:\workspace\cloud\code\sql\_DailyScript\DAILY-SCRIPT-USAGE.sql
Database changed
Query OK, 0 rows affected (0.00 sec)

Query OK, 7994 rows affected, 23140 warnings (1.12 sec)
Records: 7994  Deleted: 0  Skipped: 0  Warnings: 23140

Query OK, 0 rows affected (0.00 sec)

Query OK, 11677 rows affected, 33684 warnings (1.33 sec)
Records: 11677  Deleted: 0  Skipped: 0  Warnings: 33684

Query OK, 0 rows affected (0.00 sec)

Query OK, 268 rows affected, 979 warnings (0.04 sec)
Records: 268  Deleted: 0  Skipped: 0  Warnings: 979

Query OK, 0 rows affected (0.00 sec)

Query OK, 144 rows affected, 492 warnings (0.04 sec)
Records: 144  Deleted: 0  Skipped: 0  Warnings: 492

+------------+
| dailyusage |
+------------+
|   15060324 |
+------------+
1 row in set (5.78 sec)

+------------+------------+------------+---------+
| datestart  | dateend    | insertedon | records |
+------------+------------+------------+---------+
| 2020-10-03 | 2020-10-03 | 2020-10-05 |   20083 |
| 2020-10-02 | 2020-10-02 | 2020-10-05 |   21698 |
| 2020-10-01 | 2020-10-01 | 2020-10-05 |   21421 |
| 2020-09-30 | 2020-09-30 | 2020-10-01 |   22013 |
| 2020-09-29 | 2020-09-29 | 2020-09-30 |   21351 |
+------------+------------+------------+---------+
5 rows in set (20.46 sec)

+----------+------------+------------+------------+---------+
| category | datestart  | dateend    | insertedon | records |
+----------+------------+------------+------------+---------+
| UNCAPPED | 2020-10-03 | 2020-10-03 | 2020-10-05 |   11677 |
| PREPAID  | 2020-10-03 | 2020-10-03 | 2020-10-05 |     268 |
| HOTSPOT  | 2020-10-03 | 2020-10-03 | 2020-10-05 |     144 |
| CAPPED   | 2020-10-03 | 2020-10-03 | 2020-10-05 |    7994 |
| UNCAPPED | 2020-10-02 | 2020-10-02 | 2020-10-05 |   12535 |
| PREPAID  | 2020-10-02 | 2020-10-02 | 2020-10-05 |     306 |
| HOTSPOT  | 2020-10-02 | 2020-10-02 | 2020-10-05 |     168 |
| CAPPED   | 2020-10-02 | 2020-10-02 | 2020-10-05 |    8689 |
| UNCAPPED | 2020-10-01 | 2020-10-01 | 2020-10-05 |   12343 |
| PREPAID  | 2020-10-01 | 2020-10-01 | 2020-10-05 |     294 |
| HOTSPOT  | 2020-10-01 | 2020-10-01 | 2020-10-05 |     159 |
| CAPPED   | 2020-10-01 | 2020-10-01 | 2020-10-05 |    8625 |
| UNCAPPED | 2020-09-30 | 2020-09-30 | 2020-10-01 |   12673 |
| PREPAID  | 2020-09-30 | 2020-09-30 | 2020-10-01 |     297 |
| HOTSPOT  | 2020-09-30 | 2020-09-30 | 2020-10-01 |     225 |
| CAPPED   | 2020-09-30 | 2020-09-30 | 2020-10-01 |    8818 |
| UNCAPPED | 2020-09-29 | 2020-09-29 | 2020-09-30 |   12390 |
| PREPAID  | 2020-09-29 | 2020-09-29 | 2020-09-30 |     309 |
| HOTSPOT  | 2020-09-29 | 2020-09-29 | 2020-09-30 |     186 |
| CAPPED   | 2020-09-29 | 2020-09-29 | 2020-09-30 |    8466 |
+----------+------------+------------+------------+---------+
20 rows in set (21.77 sec)

mysql> mysql \. C:\workspace\cloud\code\sql\_DailyScript\currenttime.sql
+---------------------+
| currenttime         |
+---------------------+
| 2020-10-05 10:13:52 |
+---------------------+
1 row in set (0.00 sec)

mysql> 
mysql> mysql \. C:\workspace\cloud\code\sql\_DailyScript\DAILY-SCRIPT-SALES-TELEMETRY.sql
Database changed
Query OK, 71 rows affected, 57 warnings (0.02 sec)
Records: 71  Deleted: 0  Skipped: 0  Warnings: 57

+------------+
| dailysales |
+------------+
|     209952 |
+------------+
1 row in set (0.16 sec)

Query OK, 0 rows affected (0.01 sec)

Query OK, 209952 rows affected (13.37 sec)
Records: 209952  Duplicates: 0  Warnings: 0

+--------+
| sales  |
+--------+
| 209952 |
+--------+
1 row in set (0.09 sec)

Query OK, 0 rows affected (0.01 sec)

Query OK, 3403 rows affected (0.35 sec)
Records: 3403  Duplicates: 0  Warnings: 0

+----------------+
| rep_dailysales |
+----------------+
|           3403 |
+----------------+
1 row in set (0.00 sec)

Query OK, 0 rows affected (0.00 sec)

Query OK, 3403 rows affected (0.52 sec)
Records: 3403  Duplicates: 0  Warnings: 0

+-------------------+
| rep_dailysalesreg |
+-------------------+
|              3403 |
+-------------------+
1 row in set (0.00 sec)

Query OK, 0 rows affected (0.01 sec)

Query OK, 2819 rows affected (0.67 sec)
Records: 2819  Duplicates: 0  Warnings: 0

+-----------+
| saleslist |
+-----------+
|      2819 |
+-----------+
1 row in set (0.00 sec)

Database changed
ERROR 2 (HY000): File 'C:\ProgramData\MySQL\MySQL Server 5.7\Uploads\_csv\PrepaidCardSales-03102020-P1.csv' not found (Errcode: 2 - No such file or directory)
+------------------+
| dailysinglesales |
+------------------+
|             6377 |
+------------------+
1 row in set (0.01 sec)

Database changed
Query OK, 5 rows affected (0.04 sec)
Records: 5  Deleted: 0  Skipped: 0  Warnings: 0

+-----------------+
| dailyaddonsales |
+-----------------+
|           20726 |
+-----------------+
1 row in set (0.04 sec)

Query OK, 200 rows affected (0.05 sec)
Records: 200  Deleted: 0  Skipped: 0  Warnings: 0

+----------------+
| onlinepayments |
+----------------+
|         127438 |
+----------------+
1 row in set (0.09 sec)

+-------------+----------------+---------------------+
| paymentdate | onlinepayments | onlinepaymentamount |
+-------------+----------------+---------------------+
| 2020-10-03  |            200 |        142130.50000 |
| 2020-10-02  |            250 |        165598.33000 |
| 2020-10-01  |            348 |        218072.94000 |
| 2020-09-30  |            352 |        233705.96000 |
| 2020-09-29  |            250 |        163342.60000 |
+-------------+----------------+---------------------+
5 rows in set (0.38 sec)

+-------------+--------------+----------------+---------------------+
| paymentyear | paymentmonth | onlinepayments | onlinepaymentamount |
+-------------+--------------+----------------+---------------------+
|        2020 |           10 |            798 |        525801.77000 |
|        2020 |            9 |           6132 |       3998941.54000 |
|        2020 |            8 |           6240 |       4098025.79000 |
|        2020 |            7 |           6291 |       4053825.83000 |
|        2020 |            6 |           6133 |       4006312.90000 |
+-------------+--------------+----------------+---------------------+
5 rows in set (0.12 sec)

mysql> mysql \. C:\workspace\cloud\code\sql\_DailyScript\currenttime.sql
+---------------------+
| currenttime         |
+---------------------+
| 2020-10-05 10:14:08 |
+---------------------+
1 row in set (0.00 sec)

mysql> 
mysql> mysql \. C:\workspace\cloud\code\sql\_DailyScript\DAILY-SCRIPT-ACTIVENUMBERS.sql
Database changed
Query OK, 1165 rows affected (0.55 sec)
Records: 1165  Deleted: 0  Skipped: 0  Warnings: 0

+------------+----------+
| period     | count(1) |
+------------+----------+
| 2020-10-03 |     1165 |
| 2020-10-02 |     1168 |
| 2020-10-01 |     1172 |
| 2020-09-30 |     1175 |
| 2020-09-29 |     1177 |
+------------+----------+
5 rows in set (0.01 sec)

Query OK, 0 rows affected (0.01 sec)

Query OK, 79 rows affected (1.39 sec)
Records: 79  Duplicates: 0  Warnings: 0

+-------------+
| packagelist |
+-------------+
|          79 |
+-------------+
1 row in set (0.00 sec)

Database changed
Query OK, 0 rows affected (0.00 sec)

Query OK, 0 rows affected (0.00 sec)

Query OK, 0 rows affected (0.00 sec)

Query OK, 0 rows affected (0.00 sec)

Query OK, 27670 rows affected, 221 warnings (20.67 sec)
Records: 27670  Deleted: 0  Skipped: 0  Warnings: 221

+------------+----------+
| period     | count(1) |
+------------+----------+
| 2020-10-03 |    27670 |
| 2020-10-02 |    27747 |
| 2020-10-01 |    27729 |
| 2020-09-30 |    27705 |
| 2020-09-29 |    27758 |
+------------+----------+
5 rows in set (0.16 sec)

Query OK, 0 rows affected (0.01 sec)

Query OK, 27088 rows affected (46.06 sec)
Records: 27088  Duplicates: 0  Warnings: 0

Query OK, 0 rows affected (0.14 sec)
Records: 0  Duplicates: 0  Warnings: 0

Query OK, 0 rows affected (0.10 sec)
Records: 0  Duplicates: 0  Warnings: 0

Query OK, 0 rows affected (0.12 sec)
Records: 0  Duplicates: 0  Warnings: 0

Query OK, 0 rows affected (0.08 sec)
Records: 0  Duplicates: 0  Warnings: 0

Query OK, 0 rows affected (0.07 sec)
Records: 0  Duplicates: 0  Warnings: 0

Query OK, 0 rows affected (0.09 sec)
Records: 0  Duplicates: 0  Warnings: 0

+-------------+
| countbefore |
+-------------+
|    39640732 |
+-------------+
1 row in set (14.17 sec)

Query OK, 27088 rows affected (6.76 sec)
Records: 27088  Duplicates: 0  Warnings: 0

+------------+
| countafter |
+------------+
|   39667820 |
+------------+
1 row in set (12.44 sec)

+------------+--------------------------+
| period     | customercontractactivity |
+------------+--------------------------+
| 2020-10-03 |                    27088 |
| 2020-10-02 |                    27165 |
| 2020-10-01 |                    27147 |
| 2020-09-30 |                    27123 |
| 2020-09-29 |                    27175 |
+------------+--------------------------+
5 rows in set (0.06 sec)

Query OK, 0 rows affected (0.02 sec)

Query OK, 280119 rows affected (7 min 25.18 sec)
Records: 280119  Duplicates: 0  Warnings: 0

Query OK, 0 rows affected (0.98 sec)
Records: 0  Duplicates: 0  Warnings: 0

Query OK, 0 rows affected (1.00 sec)
Records: 0  Duplicates: 0  Warnings: 0

Query OK, 0 rows affected (1.05 sec)
Records: 0  Duplicates: 0  Warnings: 0

Query OK, 0 rows affected (0.01 sec)

Query OK, 229 rows affected (0.41 sec)
Records: 229  Duplicates: 0  Warnings: 0

Query OK, 0 rows affected (0.01 sec)

Query OK, 2631 rows affected (0.58 sec)
Records: 2631  Duplicates: 0  Warnings: 0

Query OK, 0 rows affected (0.01 sec)

Query OK, 27068 rows affected (0.52 sec)
Records: 27068  Duplicates: 0  Warnings: 0

Query OK, 0 rows affected (0.01 sec)

Query OK, 17055 rows affected (0.34 sec)
Records: 17055  Duplicates: 0  Warnings: 0

Query OK, 0 rows affected (0.01 sec)

Query OK, 17055 rows affected (0.12 sec)
Records: 17055  Duplicates: 0  Warnings: 0

Query OK, 0 rows affected (0.01 sec)

Query OK, 17055 rows affected (1.08 sec)
Records: 17055  Duplicates: 0  Warnings: 0

Query OK, 0 rows affected (0.02 sec)

Query OK, 17055 rows affected (42.72 sec)
Records: 17055  Duplicates: 0  Warnings: 0

+-------------+
| clientstats |
+-------------+
|       17055 |
+-------------+
1 row in set (0.01 sec)

Query OK, 0 rows affected (0.01 sec)

Query OK, 13 rows affected, 1 warning (0.09 sec)
Records: 13  Duplicates: 0  Warnings: 1

+-----------------------+-------------+-------------+----------------+-----------------+
| services              | activecount | allaccounts | uniqueaccounts | uniquecontracts |
+-----------------------+-------------+-------------+----------------+-----------------+
| All                   |         342 |          55 |             55 |             176 |
| Internet & Voice      |         365 |         164 |            164 |             320 |
| Internet Only         |        4284 |        4170 |           4162 |            4212 |
| OTT Only              |           1 |           1 |              1 |               1 |
| TV & Internet         |        9228 |        4177 |           4167 |            8495 |
| TV & Internet & OTT   |        3099 |         795 |            793 |            1651 |
| TV & Internet & Voice |         509 |         153 |            153 |             468 |
| TV & OTT              |         360 |          74 |             73 |              90 |
| TV & Voice            |          81 |          37 |             37 |              76 |
| TV & Voice & OTT      |           4 |           1 |              1 |               3 |
| TV Only               |        9346 |        7274 |           7259 |            7469 |
| Voice Only            |         155 |         154 |            153 |             155 |
| GRAND TOTAL           |       27774 |       17055 |          16972 |           23116 |
+-----------------------+-------------+-------------+----------------+-----------------+
13 rows in set (0.00 sec)

+-------------+-------------+-------------+----------------+-----------------+
| network     | activecount | allaccounts | uniqueaccounts | uniquecontracts |
+-------------+-------------+-------------+----------------+-----------------+
| GPON        |        9522 |        4896 |           4893 |            7556 |
| HFC         |       18252 |       12159 |          12159 |           15560 |
| GRAND TOTAL |       27774 |       17055 |          16972 |           23116 |
+-------------+-------------+-------------+----------------+-----------------+
3 rows in set, 1 warning (0.11 sec)

+-------------+-----------------------+-------------+-------------+----------------+-----------------+
| network     | services              | activecount | allaccounts | uniqueaccounts | uniquecontracts |
+-------------+-----------------------+-------------+-------------+----------------+-----------------+
| GPON        | All                   |         195 |          31 |             31 |              98 |
| GPON        | Internet & Voice      |          64 |          26 |             26 |              54 |
| GPON        | Internet Only         |        1224 |        1128 |           1128 |            1153 |
| GPON        | TV & Internet         |        3905 |        1731 |           1731 |            3547 |
| GPON        | TV & Internet & OTT   |        1764 |         447 |            447 |             935 |
| GPON        | TV & Internet & Voice |         213 |          62 |             62 |             193 |
| GPON        | TV & OTT              |         139 |          40 |             40 |              46 |
| GPON        | TV & Voice            |          47 |          21 |             21 |              44 |
| GPON        | TV & Voice & OTT      |           4 |           1 |              1 |               3 |
| GPON        | TV Only               |        1950 |        1392 |           1392 |            1466 |
| GPON        | Voice Only            |          17 |          17 |             17 |              17 |
| GPON        | Services Total        |        9522 |        4896 |           4893 |            7556 |
| HFC         | All                   |         147 |          24 |             24 |              78 |
| HFC         | Internet & Voice      |         301 |         138 |            138 |             266 |
| HFC         | Internet Only         |        3060 |        3042 |           3042 |            3059 |
| HFC         | OTT Only              |           1 |           1 |              1 |               1 |
| HFC         | TV & Internet         |        5323 |        2446 |           2446 |            4948 |
| HFC         | TV & Internet & OTT   |        1335 |         348 |            348 |             716 |
| HFC         | TV & Internet & Voice |         296 |          91 |             91 |             275 |
| HFC         | TV & OTT              |         221 |          34 |             34 |              44 |
| HFC         | TV & Voice            |          34 |          16 |             16 |              32 |
| HFC         | TV Only               |        7396 |        5882 |           5882 |            6003 |
| HFC         | Voice Only            |         138 |         137 |            137 |             138 |
| HFC         | Services Total        |       18252 |       12159 |          12159 |           15560 |
| GRAND TOTAL | Services Total        |       27774 |       17055 |          16972 |           23116 |
+-------------+-----------------------+-------------+-------------+----------------+-----------------+
25 rows in set, 2 warnings (0.13 sec)

Query OK, 0 rows affected (0.01 sec)

Query OK, 41 rows affected, 3 warnings (0.17 sec)
Records: 41  Duplicates: 0  Warnings: 3

+-------------+---------------+-----------------------+-------------+-------------+----------------+-----------------+
| region      | network       | services              | activecount | allaccounts | uniqueaccounts | uniquecontracts |
+-------------+---------------+-----------------------+-------------+-------------+----------------+-----------------+
| Mahe        | GPON          | All                   |         170 |          27 |             27 |              86 |
| Mahe        | GPON          | Internet & Voice      |          52 |          20 |             20 |              42 |
| Mahe        | GPON          | Internet Only         |        1001 |         905 |            905 |             930 |
| Mahe        | GPON          | TV & Internet         |        3127 |        1380 |           1380 |            2828 |
| Mahe        | GPON          | TV & Internet & OTT   |        1383 |         336 |            336 |             710 |
| Mahe        | GPON          | TV & Internet & Voice |         199 |          58 |             58 |             180 |
| Mahe        | GPON          | TV & OTT              |          94 |          25 |             25 |              29 |
| Mahe        | GPON          | TV & Voice            |          41 |          18 |             18 |              38 |
| Mahe        | GPON          | TV & Voice & OTT      |           4 |           1 |              1 |               3 |
| Mahe        | GPON          | TV Only               |        1571 |        1093 |           1093 |            1154 |
| Mahe        | GPON          | Voice Only            |          16 |          16 |             16 |              16 |
| Mahe        | GPON          | Services Total        |        7658 |        3879 |           3879 |            6016 |
| Mahe        | HFC           | All                   |         147 |          24 |             24 |              78 |
| Mahe        | HFC           | Internet & Voice      |         301 |         138 |            138 |             266 |
| Mahe        | HFC           | Internet Only         |        3059 |        3041 |           3041 |            3058 |
| Mahe        | HFC           | OTT Only              |           1 |           1 |              1 |               1 |
| Mahe        | HFC           | TV & Internet         |        5323 |        2446 |           2446 |            4948 |
| Mahe        | HFC           | TV & Internet & OTT   |        1335 |         348 |            348 |             716 |
| Mahe        | HFC           | TV & Internet & Voice |         296 |          91 |             91 |             275 |
| Mahe        | HFC           | TV & OTT              |         221 |          34 |             34 |              44 |
| Mahe        | HFC           | TV & Voice            |          34 |          16 |             16 |              32 |
| Mahe        | HFC           | TV Only               |        7391 |        5879 |           5879 |            6000 |
| Mahe        | HFC           | Voice Only            |         138 |         137 |            137 |             138 |
| Mahe        | HFC           | Services Total        |       18246 |       12155 |          12155 |           15556 |
| Mahe        | Network Total | Services Total        |       25904 |       16034 |          15955 |           21572 |
| Praslin     | GPON          | All                   |          25 |           4 |              4 |              12 |
| Praslin     | GPON          | Internet & Voice      |          12 |           6 |              6 |              12 |
| Praslin     | GPON          | Internet Only         |         223 |         223 |            223 |             223 |
| Praslin     | GPON          | TV & Internet         |         778 |         351 |            351 |             719 |
| Praslin     | GPON          | TV & Internet & OTT   |         381 |         111 |            111 |             225 |
| Praslin     | GPON          | TV & Internet & Voice |          14 |           4 |              4 |              13 |
| Praslin     | GPON          | TV & OTT              |          45 |          15 |             15 |              17 |
| Praslin     | GPON          | TV & Voice            |           6 |           3 |              3 |               6 |
| Praslin     | GPON          | TV Only               |         379 |         299 |            299 |             312 |
| Praslin     | GPON          | Voice Only            |           1 |           1 |              1 |               1 |
| Praslin     | GPON          | Services Total        |        1864 |        1017 |           1017 |            1540 |
| Praslin     | HFC           | Internet Only         |           1 |           1 |              1 |               1 |
| Praslin     | HFC           | TV Only               |           5 |           3 |              3 |               3 |
| Praslin     | HFC           | Services Total        |           6 |           4 |              4 |               4 |
| Praslin     | Network Total | Services Total        |        1870 |        1021 |           1020 |            1544 |
| GRAND TOTAL | Network Total | Services Total        |       27774 |       17055 |          16972 |           23116 |
+-------------+---------------+-----------------------+-------------+-------------+----------------+-----------------+
41 rows in set (0.00 sec)

Query OK, 0 rows affected (0.01 sec)

Query OK, 27069 rows affected (0.43 sec)
Records: 27069  Duplicates: 0  Warnings: 0

Query OK, 0 rows affected (0.02 sec)

Query OK, 2144 rows affected (1.28 sec)
Records: 2144  Duplicates: 0  Warnings: 0

+--------------------------------------+
| message                              |
+--------------------------------------+
| running rcbill_my.sp_ActiveNumber2() |
+--------------------------------------+
1 row in set (0.00 sec)

Query OK, 365 rows affected (1 min 48.83 sec)

mysql> mysql \. C:\workspace\cloud\code\sql\_DailyScript\currenttime.sql
+---------------------+
| currenttime         |
+---------------------+
| 2020-10-05 10:25:57 |
+---------------------+
1 row in set (0.00 sec)

mysql> 
mysql> mysql \. C:\workspace\cloud\code\sql\_DailyScript\GetActiveNumbers Average -Pivot.sql
Database changed
+-------------------------------------+
| @today := subdate(current_date(),1) |
+-------------------------------------+
| 2020-10-04                          |
+-------------------------------------+
1 row in set (0.00 sec)

+-------------------------------------+
| @lastdayofmonth := last_day(@today) |
+-------------------------------------+
| 2020-10-31                          |
+-------------------------------------+
1 row in set (0.00 sec)

Query OK, 0 rows affected (0.01 sec)

Query OK, 42480 rows affected, 65535 warnings (50.90 sec)
Records: 42480  Duplicates: 0  Warnings: 86344

Query OK, 0 rows affected (0.09 sec)
Records: 0  Duplicates: 0  Warnings: 0

Query OK, 0 rows affected (0.12 sec)
Records: 0  Duplicates: 0  Warnings: 0

Query OK, 0 rows affected (0.10 sec)
Records: 0  Duplicates: 0  Warnings: 0

+-----------------+
| activenumberavg |
+-----------------+
|           42480 |
+-----------------+
1 row in set (0.01 sec)

Query OK, 0 rows affected (0.01 sec)

Query OK, 1916 rows affected (0.50 sec)
Records: 1916  Duplicates: 0  Warnings: 0

+---------------------+
| rep_activenumberavg |
+---------------------+
|                1916 |
+---------------------+
1 row in set (0.00 sec)

+----------------------+
| rep_activenumberavg1 |
+----------------------+
|                  897 |
+----------------------+
1 row in set (0.00 sec)

Query OK, 0 rows affected (0.00 sec)

Query OK, 2215 rows affected (0.39 sec)
Records: 2215  Duplicates: 0  Warnings: 0

Query OK, 0 rows affected (0.01 sec)

Query OK, 11350 rows affected (0.71 sec)
Records: 11350  Duplicates: 0  Warnings: 0

Query OK, 0 rows affected (0.00 sec)

Query OK, 0 rows affected (0.01 sec)

Query OK, 0 rows affected (0.01 sec)

Query OK, 0 rows affected (0.00 sec)

Query OK, 0 rows affected (0.00 sec)
Statement prepared

Query OK, 53 rows affected (0.04 sec)
Records: 53  Duplicates: 0  Warnings: 0

Query OK, 0 rows affected (0.00 sec)

Query OK, 0 rows affected (0.00 sec)

+----------------------+
| rep_activenumberavg2 |
+----------------------+
|                 2215 |
+----------------------+
1 row in set (0.00 sec)

+------------------------+
| rep_activenumberavg_pv |
+------------------------+
|                     53 |
+------------------------+
1 row in set (0.00 sec)

Query OK, 0 rows affected (0.01 sec)

Query OK, 2214 rows affected (0.34 sec)
Records: 2214  Duplicates: 0  Warnings: 0

Query OK, 0 rows affected (0.00 sec)

Query OK, 0 rows affected (0.00 sec)

Query OK, 0 rows affected (0.01 sec)

Query OK, 0 rows affected (0.00 sec)

Query OK, 0 rows affected (0.00 sec)
Statement prepared

Query OK, 53 rows affected (0.05 sec)
Records: 53  Duplicates: 0  Warnings: 0

Query OK, 0 rows affected (0.00 sec)

Query OK, 0 rows affected (0.00 sec)

+-------------------------+
| rep_activenumberavgMahe |
+-------------------------+
|                    2214 |
+-------------------------+
1 row in set (0.00 sec)

+----------------------------+
| rep_activenumberavgMahe_pv |
+----------------------------+
|                         53 |
+----------------------------+
1 row in set (0.00 sec)

Query OK, 0 rows affected (0.00 sec)

Query OK, 1414 rows affected (0.15 sec)
Records: 1414  Duplicates: 0  Warnings: 0

Query OK, 0 rows affected (0.00 sec)

Query OK, 0 rows affected (0.00 sec)

Query OK, 0 rows affected (0.00 sec)

Query OK, 0 rows affected (0.00 sec)

Query OK, 0 rows affected (0.00 sec)
Statement prepared

Query OK, 40 rows affected (0.03 sec)
Records: 40  Duplicates: 0  Warnings: 0

Query OK, 0 rows affected (0.00 sec)

Query OK, 0 rows affected (0.00 sec)

+----------------------------+
| rep_activenumberavgPraslin |
+----------------------------+
|                       1414 |
+----------------------------+
1 row in set (0.00 sec)

+-------------------------------+
| rep_activenumberavgPraslin_pv |
+-------------------------------+
|                            40 |
+-------------------------------+
1 row in set (0.00 sec)

mysql> mysql \. C:\workspace\cloud\code\sql\_DailyScript\currenttime.sql
+---------------------+
| currenttime         |
+---------------------+
| 2020-10-05 10:26:50 |
+---------------------+
1 row in set (0.00 sec)

mysql> 
mysql> 
mysql> 
mysql> 
mysql> 
mysql> 
mysql> 
mysql> 
mysql> 
mysql> 
mysql> 
mysql> 
mysql> 
mysql> 
mysql> 
mysql> 
mysql> 
mysql> 
mysql> 
mysql> 
mysql> 
mysql> 
mysql> exit
