    -> 
    -> mysql \. C:\workspace\cloud\code\sql\_DailyScript\_setdates.sql
Database changed
Query OK, 0 rows affected (0.00 sec)

Query OK, 0 rows affected (0.00 sec)

Query OK, 0 rows affected (0.00 sec)

Query OK, 0 rows affected (0.00 sec)

Query OK, 0 rows affected (0.00 sec)

Query OK, 0 rows affected (0.00 sec)

Query OK, 0 rows affected (0.00 sec)

Query OK, 0 rows affected (0.00 sec)

Query OK, 0 rows affected (0.00 sec)

Query OK, 0 rows affected (0.00 sec)

Query OK, 0 rows affected (0.00 sec)

Query OK, 0 rows affected (0.00 sec)

Query OK, 0 rows affected (0.00 sec)

Query OK, 0 rows affected (0.00 sec)

Query OK, 0 rows affected (0.00 sec)

Query OK, 0 rows affected (0.00 sec)

Query OK, 0 rows affected (0.00 sec)

Query OK, 0 rows affected (0.00 sec)

Query OK, 0 rows affected (0.00 sec)

Query OK, 0 rows affected (0.00 sec)

Query OK, 0 rows affected (0.00 sec)

mysql> mysql \. C:\workspace\cloud\code\sql\_DailyScript\currenttime.sql
+---------------------+
| currenttime         |
+---------------------+
| 2019-08-11 16:11:29 |
+---------------------+
1 row in set (0.00 sec)

mysql> 
mysql> mysql \. C:\workspace\cloud\code\sql\_DailyScript\load_RCB_VODTITLES.sql
Database changed
Query OK, 0 rows affected (0.00 sec)

Query OK, 6562 rows affected (0.14 sec)

Query OK, 6564 rows affected, 6564 warnings (0.19 sec)
Records: 6564  Deleted: 0  Skipped: 0  Warnings: 6564

Query OK, 0 rows affected (0.00 sec)

Query OK, 2 rows affected (0.00 sec)

+-----------+
| VODTITLES |
+-----------+
|      7022 |
+-----------+
1 row in set (0.02 sec)

+-----------+-----------+
| titletype | typecount |
+-----------+-----------+
| E         |      5203 |
| N         |       165 |
| T         |      1194 |
| NULL      |      6562 |
+-----------+-----------+
4 rows in set (0.03 sec)

mysql> mysql \. C:\workspace\cloud\code\sql\_DailyScript\currenttime.sql
+---------------------+
| currenttime         |
+---------------------+
| 2019-08-11 16:11:30 |
+---------------------+
1 row in set (0.00 sec)

mysql> 
mysql> mysql \. C:\workspace\cloud\code\sql\_DailyScript\DAILY-SCRIPT-LIVETV-STATS.sql
Database changed
Query OK, 0 rows affected (0.03 sec)

Query OK, 65481 rows affected (1.03 sec)
Records: 65481  Duplicates: 0  Warnings: 0

+------------+------------+----------+--------------+--------------+-----------+-------------+----------+--------+------+------------+---------+---------------+
| Table      | Non_unique | Key_name | Seq_in_index | Column_name  | Collation | Cardinality | Sub_part | Packed | Null | Index_type | Comment | Index_comment |
+------------+------------+----------+--------------+--------------+-----------+-------------+----------+--------+------+------------+---------+---------------+
| templivetv |          1 | idxtv1   |            1 | device       | A         |       65787 |     NULL | NULL   | YES  | BTREE      |         |               |
| templivetv |          1 | idxtv2   |            1 | sessionstart | A         |       65787 |     NULL | NULL   | YES  | BTREE      |         |               |
+------------+------------+----------+--------------+--------------+-----------+-------------+----------+--------+------+------------+---------+---------------+
2 rows in set (0.00 sec)

Query OK, 65288 rows affected (27.41 sec)
Records: 65288  Duplicates: 0  Warnings: 0

Query OK, 2687 rows affected (0.94 sec)
Records: 2687  Duplicates: 0  Warnings: 0

Query OK, 0 rows affected (0.00 sec)

Query OK, 0 rows affected (0.02 sec)

Query OK, 140 rows affected (0.16 sec)
Records: 140  Duplicates: 0  Warnings: 0

Query OK, 0 rows affected (0.02 sec)

Query OK, 83234 rows affected (19 min 0.38 sec)
Records: 83234  Duplicates: 0  Warnings: 0

+-----------------+
| rep_livetvstats |
+-----------------+
|           83234 |
+-----------------+
1 row in set (0.04 sec)

mysql> mysql \. C:\workspace\cloud\code\sql\_DailyScript\currenttime.sql
+---------------------+
| currenttime         |
+---------------------+
| 2019-08-11 16:31:00 |
+---------------------+
1 row in set (0.00 sec)

mysql> 
mysql> mysql \. C:\workspace\cloud\code\sql\_DailyScript\DAILY-SCRIPT-VODTS-STATS.sql
Database changed
Query OK, 0 rows affected (0.26 sec)

Query OK, 3386 rows affected (46.02 sec)
Records: 3386  Duplicates: 0  Warnings: 0

+---------+------------+----------+--------------+--------------+-----------+-------------+----------+--------+------+------------+---------+---------------+
| Table   | Non_unique | Key_name | Seq_in_index | Column_name  | Collation | Cardinality | Sub_part | Packed | Null | Index_type | Comment | Index_comment |
+---------+------------+----------+--------------+--------------+-----------+-------------+----------+--------+------+------------+---------+---------------+
| tempvod |          1 | idxtvod1 |            1 | device       | A         |        3336 |     NULL | NULL   | YES  | BTREE      |         |               |
| tempvod |          1 | idxtvod2 |            1 | sessionstart | A         |        3336 |     NULL | NULL   | YES  | BTREE      |         |               |
+---------+------------+----------+--------------+--------------+-----------+-------------+----------+--------+------+------------+---------+---------------+
2 rows in set (0.00 sec)

Query OK, 3349 rows affected (3.94 sec)
Records: 3349  Duplicates: 0  Warnings: 0

Query OK, 0 rows affected (0.02 sec)

Query OK, 283304 rows affected (32.18 sec)
Records: 283304  Duplicates: 0  Warnings: 0

+--------------+
| rep_vodstats |
+--------------+
|       283304 |
+--------------+
1 row in set (0.12 sec)

Database changed
Query OK, 0 rows affected (0.02 sec)

Query OK, 10088 rows affected (4 min 47.69 sec)
Records: 10088  Duplicates: 0  Warnings: 0

+--------+------------+----------+--------------+--------------+-----------+-------------+----------+--------+------+------------+---------+---------------+
| Table  | Non_unique | Key_name | Seq_in_index | Column_name  | Collation | Cardinality | Sub_part | Packed | Null | Index_type | Comment | Index_comment |
+--------+------------+----------+--------------+--------------+-----------+-------------+----------+--------+------+------------+---------+---------------+
| tempts |          1 | idxtts1  |            1 | device       | A         |       10305 |     NULL | NULL   | YES  | BTREE      |         |               |
| tempts |          1 | idxtts2  |            1 | sessionstart | A         |       10305 |     NULL | NULL   | YES  | BTREE      |         |               |
+--------+------------+----------+--------------+--------------+-----------+-------------+----------+--------+------+------------+---------+---------------+
2 rows in set (0.00 sec)

Query OK, 10050 rows affected (14.54 sec)
Records: 10050  Duplicates: 0  Warnings: 0

Query OK, 0 rows affected (0.03 sec)

Query OK, 22774 rows affected (4 min 36.67 sec)
Records: 22774  Duplicates: 0  Warnings: 0

+-------------+
| rep_tsstats |
+-------------+
|       22774 |
+-------------+
1 row in set (0.00 sec)

mysql> mysql \. C:\workspace\cloud\code\sql\_DailyScript\currenttime.sql
+---------------------+
| currenttime         |
+---------------------+
| 2019-08-11 16:42:01 |
+---------------------+
1 row in set (0.00 sec)

mysql> 
mysql> mysql \. C:\workspace\cloud\code\sql\_DailyScript\DAILY-SCRIPT-RADIO-STATS.sql
Database changed
Query OK, 0 rows affected (0.03 sec)

Query OK, 168199 rows affected (5.25 sec)
Records: 168199  Duplicates: 0  Warnings: 0

+-----------+------------+----------+--------------+--------------+-----------+-------------+----------+--------+------+------------+---------+---------------+
| Table     | Non_unique | Key_name | Seq_in_index | Column_name  | Collation | Cardinality | Sub_part | Packed | Null | Index_type | Comment | Index_comment |
+-----------+------------+----------+--------------+--------------+-----------+-------------+----------+--------+------+------------+---------+---------------+
| tempradio |          1 | idxtrad1 |            1 | device       | A         |      167971 |     NULL | NULL   | YES  | BTREE      |         |               |
| tempradio |          1 | idxtrad2 |            1 | sessionstart | A         |      167971 |     NULL | NULL   | YES  | BTREE      |         |               |
+-----------+------------+----------+--------------+--------------+-----------+-------------+----------+--------+------+------------+---------+---------------+
2 rows in set (0.00 sec)

Query OK, 309 rows affected (6.71 sec)
Records: 309  Duplicates: 0  Warnings: 0

Query OK, 0 rows affected (0.05 sec)

Query OK, 3106 rows affected (0.35 sec)
Records: 3106  Duplicates: 0  Warnings: 0

+----------------+
| rep_radiostats |
+----------------+
|           3106 |
+----------------+
1 row in set (0.00 sec)

mysql> mysql \. C:\workspace\cloud\code\sql\_DailyScript\currenttime.sql
+---------------------+
| currenttime         |
+---------------------+
| 2019-08-11 16:42:14 |
+---------------------+
1 row in set (0.00 sec)

mysql> 
mysql> mysql \. C:\workspace\cloud\code\sql\_DailyScript\DAILY_SCRIPT_TELEMETRY_PIVOT.sql
Query OK, 0 rows affected (0.03 sec)

Query OK, 147 rows affected (0.33 sec)
Records: 147  Duplicates: 0  Warnings: 0

Query OK, 0 rows affected (0.00 sec)

Query OK, 5145 rows affected (1.02 sec)
Records: 5145  Duplicates: 0  Warnings: 0

Query OK, 0 rows affected (0.01 sec)

Query OK, 6 rows affected (0.02 sec)
Records: 6  Duplicates: 0  Warnings: 0

Query OK, 0 rows affected (0.00 sec)

Query OK, 55 rows affected (0.07 sec)
Records: 55  Duplicates: 0  Warnings: 0

mysql> mysql \. C:\workspace\cloud\code\sql\_DailyScript\currenttime.sql
+---------------------+
| currenttime         |
+---------------------+
| 2019-08-11 16:42:15 |
+---------------------+
1 row in set (0.00 sec)

mysql> 
mysql> mysql \. C:\workspace\cloud\code\sql\_DailyScript\telemetry_livetv_ranking2019.sql
Query OK, 0 rows affected (0.00 sec)

Query OK, 147 rows affected (0.02 sec)
Records: 147  Duplicates: 0  Warnings: 0

mysql> mysql \. C:\workspace\cloud\code\sql\_DailyScript\currenttime.sql
+---------------------+
| currenttime         |
+---------------------+
| 2019-08-11 16:42:15 |
+---------------------+
1 row in set (0.00 sec)

mysql> 
mysql> mysql \. C:\workspace\cloud\code\sql\_DailyScript\telemetry_radio_ranking2019.sql
Query OK, 0 rows affected (0.00 sec)

Query OK, 6 rows affected (0.09 sec)
Records: 6  Duplicates: 0  Warnings: 0

mysql> mysql \. C:\workspace\cloud\code\sql\_DailyScript\currenttime.sql
+---------------------+
| currenttime         |
+---------------------+
| 2019-08-11 16:42:15 |
+---------------------+
1 row in set (0.00 sec)

mysql> 
mysql> mysql \. C:\workspace\cloud\code\sql\_DailyScript\telemetry_ts_ranking2019.sql
Query OK, 0 rows affected (0.01 sec)

Query OK, 55 rows affected (0.06 sec)
Records: 55  Duplicates: 0  Warnings: 0

mysql> mysql \. C:\workspace\cloud\code\sql\_DailyScript\currenttime.sql
+---------------------+
| currenttime         |
+---------------------+
| 2019-08-11 16:42:15 |
+---------------------+
1 row in set (0.00 sec)

mysql> 
mysql> mysql \. C:\workspace\cloud\code\sql\_DailyScript\telemetry_vod_ranking2019.sql
Query OK, 0 rows affected (0.01 sec)

Query OK, 5145 rows affected (0.43 sec)
Records: 5145  Duplicates: 0  Warnings: 0

mysql> mysql \. C:\workspace\cloud\code\sql\_DailyScript\currenttime.sql
+---------------------+
| currenttime         |
+---------------------+
| 2019-08-11 16:42:16 |
+---------------------+
1 row in set (0.00 sec)

mysql> 
mysql> mysql \. C:\workspace\cloud\code\sql\_DailyScript\telemetry_vod_ranking2019_1.sql
Query OK, 0 rows affected (0.04 sec)

Query OK, 5145 rows affected (0.19 sec)
Records: 5145  Duplicates: 0  Warnings: 0

mysql> mysql \. C:\workspace\cloud\code\sql\_DailyScript\currenttime.sql
+---------------------+
| currenttime         |
+---------------------+
| 2019-08-11 16:42:16 |
+---------------------+
1 row in set (0.00 sec)

mysql> 
mysql> mysql \. C:\workspace\cloud\code\sql\_DailyScript\telemetry_vod_ranking2019_2.sql
Query OK, 0 rows affected (0.00 sec)

Query OK, 5145 rows affected (0.19 sec)
Records: 5145  Duplicates: 0  Warnings: 0

mysql> mysql \. C:\workspace\cloud\code\sql\_DailyScript\currenttime.sql
+---------------------+
| currenttime         |
+---------------------+
| 2019-08-11 16:42:16 |
+---------------------+
1 row in set (0.00 sec)

mysql> 
mysql> mysql \. C:\workspace\cloud\code\sql\_DailyScript\DAILY-SCRIPT-CREATE-LOAD.sql
Database changed
Database changed
Query OK, 0 rows affected (0.06 sec)

Query OK, 0 rows affected (0.00 sec)

Database changed
Query OK, 65531 rows affected (3.27 sec)
Records: 65531  Deleted: 0  Skipped: 0  Warnings: 0

Query OK, 0 rows affected (0.27 sec)
Records: 0  Duplicates: 0  Warnings: 0

Query OK, 0 rows affected (0.43 sec)
Records: 0  Duplicates: 0  Warnings: 0

Query OK, 0 rows affected (0.30 sec)
Records: 0  Duplicates: 0  Warnings: 0

Query OK, 0 rows affected (0.28 sec)
Records: 0  Duplicates: 0  Warnings: 0

+---------+
| clients |
+---------+
|   65531 |
+---------+
1 row in set (0.02 sec)

Query OK, 0 rows affected (0.03 sec)

Query OK, 2153 rows affected (0.65 sec)
Records: 2153  Duplicates: 0  Warnings: 0

+-------------------+
| rcb_clientparcels |
+-------------------+
|              2153 |
+-------------------+
1 row in set (0.00 sec)

Query OK, 0 rows affected (0.16 sec)

Query OK, 85136 rows affected (4.37 sec)
Records: 85136  Duplicates: 0  Warnings: 0

Query OK, 0 rows affected (0.37 sec)
Records: 0  Duplicates: 0  Warnings: 0

Query OK, 0 rows affected (0.10 sec)

Query OK, 65531 rows affected (3.50 sec)
Records: 65531  Duplicates: 0  Warnings: 0

Query OK, 0 rows affected (0.26 sec)
Records: 0  Duplicates: 0  Warnings: 0

Query OK, 0 rows affected (0.27 sec)
Records: 0  Duplicates: 0  Warnings: 0

Query OK, 0 rows affected (0.24 sec)
Records: 0  Duplicates: 0  Warnings: 0

+---------------+
| clientaddress |
+---------------+
|         65531 |
+---------------+
1 row in set (0.03 sec)

Database changed
Query OK, 0 rows affected (0.07 sec)

Query OK, 0 rows affected (0.01 sec)

Database changed
Query OK, 483484 rows affected, 65535 warnings (20.04 sec)
Records: 483484  Deleted: 0  Skipped: 0  Warnings: 189121

Query OK, 0 rows affected (5.82 sec)
Records: 0  Duplicates: 0  Warnings: 0

Query OK, 0 rows affected (3.38 sec)
Records: 0  Duplicates: 0  Warnings: 0

Query OK, 0 rows affected (2.47 sec)
Records: 0  Duplicates: 0  Warnings: 0

Query OK, 0 rows affected (0.05 sec)

Query OK, 483484 rows affected (57.75 sec)
Records: 483484  Duplicates: 0  Warnings: 0

Query OK, 0 rows affected (2.31 sec)
Records: 0  Duplicates: 0  Warnings: 0

Query OK, 0 rows affected (2.13 sec)
Records: 0  Duplicates: 0  Warnings: 0

+-----------+
| contracts |
+-----------+
|    483484 |
+-----------+
1 row in set (0.22 sec)

+-----------------+
| contractaddress |
+-----------------+
|          483484 |
+-----------------+
1 row in set (0.19 sec)

Database changed
Query OK, 0 rows affected (0.05 sec)

Query OK, 0 rows affected (0.01 sec)

Query OK, 6946 rows affected (0.15 sec)
Records: 6946  Deleted: 0  Skipped: 0  Warnings: 0

Query OK, 0 rows affected (0.03 sec)

Query OK, 6915 rows affected (2.10 sec)
Records: 6915  Duplicates: 0  Warnings: 0

Query OK, 0 rows affected (0.04 sec)
Records: 0  Duplicates: 0  Warnings: 0

Query OK, 0 rows affected (0.05 sec)

Query OK, 5479 rows affected (0.07 sec)
Records: 5479  Duplicates: 0  Warnings: 0

Query OK, 0 rows affected (0.05 sec)
Records: 0  Duplicates: 0  Warnings: 0

+-------------------+
| contractdiscounts |
+-------------------+
|              6946 |
+-------------------+
1 row in set (0.00 sec)

+-------------------------+
| clientcontractdiscounts |
+-------------------------+
|                    6915 |
+-------------------------+
1 row in set (0.00 sec)

+----------------------------+
| clientcontractlastdiscount |
+----------------------------+
|                       5479 |
+----------------------------+
1 row in set (0.00 sec)

Database changed
Query OK, 0 rows affected (0.27 sec)

Query OK, 0 rows affected (0.02 sec)

Database changed
Query OK, 129816 rows affected (3.91 sec)
Records: 129816  Deleted: 0  Skipped: 0  Warnings: 0

Query OK, 0 rows affected (0.38 sec)
Records: 0  Duplicates: 0  Warnings: 0

Query OK, 0 rows affected (0.41 sec)
Records: 0  Duplicates: 0  Warnings: 0

Query OK, 0 rows affected (0.43 sec)
Records: 0  Duplicates: 0  Warnings: 0

Query OK, 0 rows affected (0.43 sec)
Records: 0  Duplicates: 0  Warnings: 0

Query OK, 0 rows affected (0.92 sec)
Records: 0  Duplicates: 0  Warnings: 0

Query OK, 0 rows affected (0.69 sec)
Records: 0  Duplicates: 0  Warnings: 0

Query OK, 0 rows affected (0.05 sec)

Query OK, 1650057 rows affected (3 min 43.34 sec)
Records: 1650057  Duplicates: 0  Warnings: 0

+---------+
| devices |
+---------+
|  129816 |
+---------+
1 row in set (0.06 sec)

+-----------------------+
| clientcontractdevices |
+-----------------------+
|               1650057 |
+-----------------------+
1 row in set (1.20 sec)

Query OK, 0 rows affected (0.01 sec)

Query OK, 129740 rows affected (9.43 sec)
Records: 129740  Duplicates: 0  Warnings: 0

+---------------------------+
| rep_clientcontractdevices |
+---------------------------+
|                    129740 |
+---------------------------+
1 row in set (0.05 sec)

Database changed
Query OK, 0 rows affected (0.05 sec)

Query OK, 0 rows affected (0.01 sec)

Query OK, 252607 rows affected (8.82 sec)
Records: 252607  Deleted: 0  Skipped: 0  Warnings: 0

Query OK, 0 rows affected (0.90 sec)
Records: 0  Duplicates: 0  Warnings: 0

Query OK, 0 rows affected (0.73 sec)
Records: 0  Duplicates: 0  Warnings: 0

Query OK, 0 rows affected (0.74 sec)
Records: 0  Duplicates: 0  Warnings: 0

Query OK, 0 rows affected (0.69 sec)
Records: 0  Duplicates: 0  Warnings: 0

+---------+
| tickets |
+---------+
|  252607 |
+---------+
1 row in set (0.09 sec)

Database changed
Query OK, 0 rows affected (0.03 sec)

Query OK, 0 rows affected (0.02 sec)

Empty set (0.00 sec)

Query OK, 0 rows affected (0.00 sec)
Records: 0  Duplicates: 0  Warnings: 0

Query OK, 315 rows affected, 2 warnings (0.03 sec)
Records: 315  Deleted: 0  Skipped: 0  Warnings: 2

+-----------------+
| tickettechusers |
+-----------------+
|             315 |
+-----------------+
1 row in set (0.00 sec)

Database changed
Query OK, 0 rows affected (0.12 sec)

Query OK, 0 rows affected (0.01 sec)

Query OK, 0 rows affected (0.01 sec)
Records: 0  Duplicates: 0  Warnings: 0

Query OK, 529809 rows affected, 42459 warnings (11.04 sec)
Records: 529809  Deleted: 0  Skipped: 0  Warnings: 42459

+-------------------+
| ticketassignments |
+-------------------+
|            529809 |
+-------------------+
1 row in set (0.18 sec)

Database changed
Query OK, 0 rows affected (0.09 sec)

Query OK, 0 rows affected (0.02 sec)

Query OK, 1101590 rows affected (20.51 sec)
Records: 1101590  Deleted: 0  Skipped: 0  Warnings: 0

Query OK, 0 rows affected (7.77 sec)
Records: 0  Duplicates: 0  Warnings: 0

Query OK, 0 rows affected (3.93 sec)
Records: 0  Duplicates: 0  Warnings: 0

Query OK, 0 rows affected (3.13 sec)
Records: 0  Duplicates: 0  Warnings: 0

Query OK, 0 rows affected (4.51 sec)
Records: 0  Duplicates: 0  Warnings: 0

+----------------+
| ticketcomments |
+----------------+
|        1101590 |
+----------------+
1 row in set (0.42 sec)

Database changed
Query OK, 0 rows affected (0.16 sec)

Query OK, 0 rows affected (0.02 sec)

Query OK, 413256 rows affected (47.56 sec)
Records: 413256  Deleted: 0  Skipped: 0  Warnings: 0

Query OK, 0 rows affected (3.13 sec)
Records: 0  Duplicates: 0  Warnings: 0

+----------+
| comments |
+----------+
|   413256 |
+----------+
1 row in set (0.16 sec)

Database changed
Query OK, 0 rows affected (0.14 sec)

Query OK, 0 rows affected (0.02 sec)

Query OK, 889505 rows affected, 65535 warnings (1 min 15.99 sec)
Records: 889505  Deleted: 0  Skipped: 0  Warnings: 889506

Query OK, 0 rows affected (6.97 sec)
Records: 0  Duplicates: 0  Warnings: 0

Query OK, 0 rows affected (3.67 sec)
Records: 0  Duplicates: 0  Warnings: 0

Query OK, 0 rows affected (2.71 sec)
Records: 0  Duplicates: 0  Warnings: 0

Query OK, 0 rows affected (3.86 sec)
Records: 0  Duplicates: 0  Warnings: 0

Query OK, 0 rows affected (4.58 sec)
Records: 0  Duplicates: 0  Warnings: 0

+------------+
| devicesold |
+------------+
|     889505 |
+------------+
1 row in set (0.34 sec)

Database changed
Query OK, 0 rows affected (0.10 sec)

Query OK, 0 rows affected (0.02 sec)

Query OK, 1643602 rows affected (29.18 sec)
Records: 1643602  Deleted: 0  Skipped: 0  Warnings: 0

Query OK, 0 rows affected (8.95 sec)
Records: 0  Duplicates: 0  Warnings: 0

Query OK, 0 rows affected (5.93 sec)
Records: 0  Duplicates: 0  Warnings: 0

Query OK, 0 rows affected (5.94 sec)
Records: 0  Duplicates: 0  Warnings: 0

+------------------+
| contractservices |
+------------------+
|          1643602 |
+------------------+
1 row in set (0.61 sec)

Database changed
Query OK, 0 rows affected (0.07 sec)

Query OK, 0 rows affected (0.01 sec)

Query OK, 3719704 rows affected (2 min 15.49 sec)
Records: 3719704  Deleted: 0  Skipped: 0  Warnings: 0

Query OK, 0 rows affected (18.78 sec)
Records: 0  Duplicates: 0  Warnings: 0

Query OK, 0 rows affected (21.50 sec)
Records: 0  Duplicates: 0  Warnings: 0

Query OK, 0 rows affected (22.93 sec)
Records: 0  Duplicates: 0  Warnings: 0

Query OK, 0 rows affected (17.28 sec)
Records: 0  Duplicates: 0  Warnings: 0

+------------------+
| invoicescontents |
+------------------+
|          3719704 |
+------------------+
1 row in set (1.40 sec)

Database changed
Query OK, 0 rows affected (0.16 sec)

Query OK, 0 rows affected (0.01 sec)

Query OK, 2573718 rows affected (3 min 22.31 sec)
Records: 2573718  Deleted: 0  Skipped: 0  Warnings: 0

Query OK, 0 rows affected (18.28 sec)
Records: 0  Duplicates: 0  Warnings: 0

Query OK, 0 rows affected (15.55 sec)
Records: 0  Duplicates: 0  Warnings: 0

Query OK, 0 rows affected (15.65 sec)
Records: 0  Duplicates: 0  Warnings: 0

Query OK, 0 rows affected (15.19 sec)
Records: 0  Duplicates: 0  Warnings: 0

Query OK, 0 rows affected (15.88 sec)
Records: 0  Duplicates: 0  Warnings: 0

+----------------+
| invoicesheader |
+----------------+
|        2573718 |
+----------------+
1 row in set (1.13 sec)

Database changed
Query OK, 0 rows affected (0.20 sec)

Query OK, 0 rows affected (0.13 sec)

Query OK, 2691829 rows affected (1 min 27.73 sec)
Records: 2691829  Deleted: 0  Skipped: 0  Warnings: 0

Query OK, 0 rows affected (13.16 sec)
Records: 0  Duplicates: 0  Warnings: 0

Query OK, 0 rows affected (11.11 sec)
Records: 0  Duplicates: 0  Warnings: 0

Query OK, 0 rows affected (9.82 sec)
Records: 0  Duplicates: 0  Warnings: 0

Query OK, 0 rows affected (10.31 sec)
Records: 0  Duplicates: 0  Warnings: 0

+---------+
| casa    |
+---------+
| 2691829 |
+---------+
1 row in set (1.12 sec)

Query OK, 0 rows affected (0.00 sec)

Query OK, 12691 rows affected (1 min 28.41 sec)
Records: 12691  Duplicates: 0  Warnings: 0

+--------------------+
| rep_paycol_channel |
+--------------------+
|              12691 |
+--------------------+
1 row in set (0.00 sec)

Query OK, 0 rows affected (0.06 sec)

Query OK, 8462 rows affected (1 min 40.88 sec)
Records: 8462  Duplicates: 0  Warnings: 0

+----------------+
| rep_paycol_pos |
+----------------+
|           8462 |
+----------------+
1 row in set (0.01 sec)

Database changed
Query OK, 0 rows affected (0.02 sec)

Query OK, 0 rows affected (0.00 sec)

Database changed
Query OK, 38296 rows affected (0.99 sec)
Records: 38296  Deleted: 0  Skipped: 0  Warnings: 0

+-------+
| users |
+-------+
| 38296 |
+-------+
1 row in set (0.02 sec)

Database changed
Query OK, 0 rows affected (0.20 sec)

Query OK, 0 rows affected (0.00 sec)

Database changed
Query OK, 7789943 rows affected (2 min 0.77 sec)
Records: 7789943  Deleted: 0  Skipped: 0  Warnings: 0

Query OK, 0 rows affected (32.30 sec)
Records: 0  Duplicates: 0  Warnings: 0

Query OK, 0 rows affected (32.83 sec)
Records: 0  Duplicates: 0  Warnings: 0

Query OK, 0 rows affected (33.51 sec)
Records: 0  Duplicates: 0  Warnings: 0

Query OK, 0 rows affected (33.05 sec)
Records: 0  Duplicates: 0  Warnings: 0

+----------+
| ipusage1 |
+----------+
|  7789943 |
+----------+
1 row in set (2.82 sec)

Query OK, 0 rows affected (0.66 sec)

Query OK, 7858155 rows affected, 65535 warnings (11 min 5.51 sec)
Records: 7858155  Duplicates: 0  Warnings: 7855989

Query OK, 0 rows affected (28.77 sec)
Records: 0  Duplicates: 0  Warnings: 0

Query OK, 0 rows affected (30.27 sec)
Records: 0  Duplicates: 0  Warnings: 0

Query OK, 0 rows affected (32.31 sec)
Records: 0  Duplicates: 0  Warnings: 0

Query OK, 0 rows affected (32.13 sec)
Records: 0  Duplicates: 0  Warnings: 0

Query OK, 0 rows affected (44.42 sec)
Records: 0  Duplicates: 0  Warnings: 0

Query OK, 0 rows affected (52.92 sec)
Records: 0  Duplicates: 0  Warnings: 0

Query OK, 0 rows affected (48.36 sec)
Records: 0  Duplicates: 0  Warnings: 0

+---------+
| ipusage |
+---------+
| 7858155 |
+---------+
1 row in set (7.53 sec)

Query OK, 0 rows affected (0.75 sec)

Query OK, 2028407 rows affected (2 min 7.33 sec)
Records: 2028407  Duplicates: 0  Warnings: 0

Query OK, 0 rows affected (11.94 sec)
Records: 0  Duplicates: 0  Warnings: 0

Query OK, 0 rows affected (7.23 sec)
Records: 0  Duplicates: 0  Warnings: 0

Query OK, 0 rows affected (8.62 sec)
Records: 0  Duplicates: 0  Warnings: 0

Query OK, 0 rows affected (11.44 sec)
Records: 0  Duplicates: 0  Warnings: 0

Query OK, 0 rows affected (5.44 sec)
Records: 0  Duplicates: 0  Warnings: 0

Query OK, 0 rows affected (0.15 sec)

Query OK, 155018 rows affected (18.90 sec)
Records: 155018  Duplicates: 0  Warnings: 0

Query OK, 0 rows affected (0.60 sec)
Records: 0  Duplicates: 0  Warnings: 0

Query OK, 0 rows affected (0.60 sec)
Records: 0  Duplicates: 0  Warnings: 0

Query OK, 0 rows affected (0.65 sec)
Records: 0  Duplicates: 0  Warnings: 0

Query OK, 0 rows affected (0.35 sec)
Records: 0  Duplicates: 0  Warnings: 0

Query OK, 0 rows affected (0.33 sec)
Records: 0  Duplicates: 0  Warnings: 0

Query OK, 0 rows affected (0.17 sec)

Query OK, 1643444 rows affected (1 min 8.51 sec)
Records: 1643444  Duplicates: 0  Warnings: 0

Query OK, 0 rows affected (11.93 sec)
Records: 0  Duplicates: 0  Warnings: 0

Query OK, 0 rows affected (4.29 sec)
Records: 0  Duplicates: 0  Warnings: 0

Query OK, 0 rows affected (7.86 sec)
Records: 0  Duplicates: 0  Warnings: 0

mysql> mysql \. C:\workspace\cloud\code\sql\_DailyScript\currenttime.sql
+---------------------+
| currenttime         |
+---------------------+
| 2019-08-11 17:31:05 |
+---------------------+
1 row in set (0.00 sec)

mysql> 
mysql> mysql \. C:\workspace\cloud\code\sql\_DailyScript\ticket_analysis.sql
Database changed
Query OK, 0 rows affected (0.15 sec)

Query OK, 462570 rows affected (22.61 sec)
Records: 462570  Duplicates: 0  Warnings: 0

Query OK, 0 rows affected (7.60 sec)
Records: 0  Duplicates: 0  Warnings: 0

Query OK, 0 rows affected (1.85 sec)
Records: 0  Duplicates: 0  Warnings: 0

Query OK, 0 rows affected (1.97 sec)
Records: 0  Duplicates: 0  Warnings: 0

Query OK, 0 rows affected (0.03 sec)

Query OK, 16066 rows affected (10.87 sec)
Records: 16066  Duplicates: 0  Warnings: 0

Query OK, 0 rows affected, 1 warning (0.00 sec)

Query OK, 63657 rows affected (6.95 sec)
Records: 63657  Duplicates: 0  Warnings: 0

Query OK, 0 rows affected, 1 warning (0.00 sec)

Query OK, 330869 rows affected (11.37 sec)
Records: 330869  Duplicates: 0  Warnings: 0

Query OK, 0 rows affected, 1 warning (0.00 sec)

Query OK, 330869 rows affected (14.18 sec)
Records: 330869  Duplicates: 0  Warnings: 0

Query OK, 0 rows affected (0.05 sec)

Query OK, 63700 rows affected (5.74 sec)
Records: 63700  Duplicates: 0  Warnings: 0

Database changed
Query OK, 0 rows affected (0.00 sec)

Query OK, 0 rows affected (0.07 sec)

Query OK, 462570 rows affected (22.14 sec)
Records: 462570  Duplicates: 0  Warnings: 0

Query OK, 0 rows affected (0.07 sec)

Query OK, 222362 rows affected (16.84 sec)
Records: 222362  Duplicates: 0  Warnings: 0

+--------------------------+
| clientticket_cmmtjourney |
+--------------------------+
|                   462570 |
+--------------------------+
1 row in set (5.54 sec)

+---------------------------+
| clientticket_assgnjourney |
+---------------------------+
|                    222362 |
+---------------------------+
1 row in set (0.30 sec)

Query OK, 0 rows affected (0.05 sec)

Query OK, 79 rows affected (0.09 sec)
Records: 79  Duplicates: 0  Warnings: 0

mysql> mysql \. C:\workspace\cloud\code\sql\_DailyScript\currenttime.sql
+---------------------+
| currenttime         |
+---------------------+
| 2019-08-11 17:33:13 |
+---------------------+
1 row in set (0.00 sec)

mysql> 
mysql> mysql \. C:\workspace\cloud\code\sql\_DailyScript\load_DailyCalls.sql
Database changed
Query OK, 318 rows affected (0.83 sec)
Records: 318  Deleted: 0  Skipped: 0  Warnings: 0

Query OK, 0 rows affected, 1 warning (0.00 sec)

Query OK, 310 rows affected (0.22 sec)
Records: 310  Duplicates: 0  Warnings: 0

Query OK, 0 rows affected, 1 warning (0.00 sec)

Query OK, 67166 rows affected (0.67 sec)
Records: 67166  Duplicates: 0  Warnings: 0

+----------------------+
| callingclientsbefore |
+----------------------+
|               735847 |
+----------------------+
1 row in set (1.39 sec)

Query OK, 475 rows affected (8.95 sec)
Records: 475  Duplicates: 0  Warnings: 0

+---------------------+
| callingclientsafter |
+---------------------+
|              736322 |
+---------------------+
1 row in set (0.25 sec)

Query OK, 0 rows affected (0.02 sec)

Query OK, 221 rows affected (19.75 sec)
Records: 221  Duplicates: 0  Warnings: 0

Query OK, 0 rows affected (0.00 sec)

Query OK, 15033 rows affected (2.77 sec)
Records: 15033  Duplicates: 0  Warnings: 0

+-----------+
| callstats |
+-----------+
|     15033 |
+-----------+
1 row in set (0.02 sec)

Query OK, 0 rows affected, 1 warning (0.00 sec)

Query OK, 475 rows affected (8.19 sec)
Records: 475  Duplicates: 0  Warnings: 0

+------------------------+
| rep_cccallreportbefore |
+------------------------+
|                 739526 |
+------------------------+
1 row in set (0.25 sec)

Query OK, 475 rows affected (1.32 sec)
Records: 475  Duplicates: 0  Warnings: 0

+-----------------------+
| rep_cccallreportafter |
+-----------------------+
|                740001 |
+-----------------------+
1 row in set (0.25 sec)

Query OK, 0 rows affected (0.02 sec)

mysql> mysql \. C:\workspace\cloud\code\sql\_DailyScript\currenttime.sql
+---------------------+
| currenttime         |
+---------------------+
| 2019-08-11 17:33:58 |
+---------------------+
1 row in set (0.00 sec)

mysql> 
mysql> mysql \. C:\workspace\cloud\code\sql\_DailyScript\DAILY-SCRIPT-USAGE.sql
Database changed
Query OK, 0 rows affected (0.00 sec)

Query OK, 6664 rows affected, 19306 warnings (3.99 sec)
Records: 6664  Deleted: 0  Skipped: 0  Warnings: 19306

Query OK, 0 rows affected (0.00 sec)

Query OK, 10211 rows affected, 29542 warnings (5.57 sec)
Records: 10211  Deleted: 0  Skipped: 0  Warnings: 29542

Query OK, 0 rows affected (0.00 sec)

Query OK, 95 rows affected, 327 warnings (0.05 sec)
Records: 95  Deleted: 0  Skipped: 0  Warnings: 327

Query OK, 0 rows affected (0.00 sec)

Query OK, 304 rows affected, 1047 warnings (0.08 sec)
Records: 304  Deleted: 0  Skipped: 0  Warnings: 1047

+------------+
| dailyusage |
+------------+
|    7265872 |
+------------+
1 row in set (24.84 sec)

+------------+------------+------------+---------+
| datestart  | dateend    | insertedon | records |
+------------+------------+------------+---------+
| 2019-08-10 | 2019-08-10 | 2019-08-11 |   17274 |
| 2019-08-09 | 2019-08-09 | 2019-08-10 |   17601 |
| 2019-08-08 | 2019-08-08 | 2019-08-09 |   17627 |
| 2019-08-07 | 2019-08-07 | 2019-08-08 |   17587 |
| 2019-08-06 | 2019-08-06 | 2019-08-07 |   17582 |
+------------+------------+------------+---------+
5 rows in set (3 min 33.38 sec)

mysql> mysql \. C:\workspace\cloud\code\sql\_DailyScript\currenttime.sql
+---------------------+
| currenttime         |
+---------------------+
| 2019-08-11 17:38:06 |
+---------------------+
1 row in set (0.00 sec)

mysql> 
mysql> mysql \. C:\workspace\cloud\code\sql\_DailyScript\DAILY-SCRIPT-SALES-TELEMETRY.sql
Database changed
Query OK, 91 rows affected, 34 warnings (0.40 sec)
Records: 91  Deleted: 0  Skipped: 0  Warnings: 34

+------------+
| dailysales |
+------------+
|     163017 |
+------------+
1 row in set (0.75 sec)

Query OK, 0 rows affected (0.04 sec)

Query OK, 163017 rows affected (21.31 sec)
Records: 163017  Duplicates: 0  Warnings: 0

+--------+
| sales  |
+--------+
| 163017 |
+--------+
1 row in set (0.09 sec)

Query OK, 0 rows affected (0.00 sec)

Query OK, 2605 rows affected (0.39 sec)
Records: 2605  Duplicates: 0  Warnings: 0

+----------------+
| rep_dailysales |
+----------------+
|           2605 |
+----------------+
1 row in set (0.01 sec)

Query OK, 0 rows affected (0.00 sec)

Query OK, 2605 rows affected (0.62 sec)
Records: 2605  Duplicates: 0  Warnings: 0

+-------------------+
| rep_dailysalesreg |
+-------------------+
|              2605 |
+-------------------+
1 row in set (0.00 sec)

Query OK, 0 rows affected (0.00 sec)

Query OK, 2486 rows affected (0.70 sec)
Records: 2486  Duplicates: 0  Warnings: 0

+-----------+
| saleslist |
+-----------+
|      2486 |
+-----------+
1 row in set (0.00 sec)

Database changed
ERROR 2 (HY000): File 'C:\ProgramData\MySQL\MySQL Server 5.7\Uploads\_csv\PrepaidCardSales-10082019-P1.csv' not found (Errcode: 2 - No such file or directory)
+------------------+
| dailysinglesales |
+------------------+
|             5886 |
+------------------+
1 row in set (0.22 sec)

Database changed
Query OK, 6 rows affected (0.09 sec)
Records: 6  Deleted: 0  Skipped: 0  Warnings: 0

+-----------------+
| dailyaddonsales |
+-----------------+
|           16488 |
+-----------------+
1 row in set (0.30 sec)

Query OK, 80 rows affected (0.19 sec)
Records: 80  Deleted: 0  Skipped: 0  Warnings: 0

+----------------+
| onlinepayments |
+----------------+
|          60662 |
+----------------+
1 row in set (0.30 sec)

+-------------+----------------+---------------------+
| paymentdate | onlinepayments | onlinepaymentamount |
+-------------+----------------+---------------------+
| 2019-08-10  |             80 |         60554.95000 |
| 2019-08-09  |             70 |         43145.20000 |
| 2019-08-08  |             86 |         51871.25000 |
| 2019-08-07  |             71 |         38614.46000 |
| 2019-08-06  |             77 |         52710.90000 |
+-------------+----------------+---------------------+
5 rows in set (3.13 sec)

+-------------+--------------+----------------+---------------------+
| paymentyear | paymentmonth | onlinepayments | onlinepaymentamount |
+-------------+--------------+----------------+---------------------+
|        2019 |            8 |            971 |        652414.67000 |
|        2019 |            7 |           3028 |       2000847.29000 |
|        2019 |            6 |           2798 |       1782990.54000 |
|        2019 |            5 |           2949 |       1930613.93000 |
|        2019 |            4 |           2854 |       1881797.80000 |
+-------------+--------------+----------------+---------------------+
5 rows in set (0.08 sec)

mysql> mysql \. C:\workspace\cloud\code\sql\_DailyScript\currenttime.sql
+---------------------+
| currenttime         |
+---------------------+
| 2019-08-11 17:38:35 |
+---------------------+
1 row in set (0.00 sec)

mysql> 
mysql> mysql \. C:\workspace\cloud\code\sql\_DailyScript\DAILY-SCRIPT-ACTIVENUMBERS.sql
Database changed
Query OK, 1268 rows affected (1.66 sec)
Records: 1268  Deleted: 0  Skipped: 0  Warnings: 0

+------------+----------+
| period     | count(1) |
+------------+----------+
| 2019-08-10 |     1268 |
| 2019-08-09 |     1267 |
| 2019-08-08 |     1269 |
| 2019-08-07 |     1270 |
| 2019-08-06 |     1272 |
| 2019-08-05 |     1273 |
+------------+----------+
6 rows in set (0.01 sec)

Query OK, 0 rows affected (0.02 sec)

Query OK, 83 rows affected (0.44 sec)
Records: 83  Duplicates: 0  Warnings: 0

+-------------+
| packagelist |
+-------------+
|          83 |
+-------------+
1 row in set (0.00 sec)

Database changed
Query OK, 0 rows affected (0.02 sec)

Query OK, 0 rows affected (0.00 sec)

Query OK, 0 rows affected (0.00 sec)

Query OK, 0 rows affected (0.00 sec)

Query OK, 27312 rows affected, 262 warnings (1 min 14.17 sec)
Records: 27312  Deleted: 0  Skipped: 0  Warnings: 262

+------------+----------+
| period     | count(1) |
+------------+----------+
| 2019-08-10 |    27312 |
| 2019-08-09 |    27327 |
| 2019-08-08 |    27251 |
| 2019-08-07 |    27343 |
| 2019-08-06 |    27181 |
+------------+----------+
5 rows in set (0.48 sec)

Query OK, 0 rows affected (0.36 sec)

Query OK, 26683 rows affected (4 min 34.62 sec)
Records: 26683  Duplicates: 0  Warnings: 0

Query OK, 0 rows affected (0.54 sec)
Records: 0  Duplicates: 0  Warnings: 0

Query OK, 0 rows affected (0.43 sec)
Records: 0  Duplicates: 0  Warnings: 0

Query OK, 0 rows affected (0.17 sec)
Records: 0  Duplicates: 0  Warnings: 0

Query OK, 0 rows affected (0.10 sec)
Records: 0  Duplicates: 0  Warnings: 0

Query OK, 0 rows affected (0.09 sec)
Records: 0  Duplicates: 0  Warnings: 0

Query OK, 0 rows affected (0.08 sec)
Records: 0  Duplicates: 0  Warnings: 0

+-------------+
| countbefore |
+-------------+
|    28400461 |
+-------------+
1 row in set (2 min 22.17 sec)

Query OK, 26683 rows affected (48.34 sec)
Records: 26683  Duplicates: 0  Warnings: 0

+------------+
| countafter |
+------------+
|   28427144 |
+------------+
1 row in set (31.72 sec)

+------------+--------------------------+
| period     | customercontractactivity |
+------------+--------------------------+
| 2019-08-10 |                    26683 |
| 2019-08-09 |                    26698 |
| 2019-08-08 |                    26622 |
| 2019-08-07 |                    26715 |
| 2019-08-06 |                    26553 |
+------------+--------------------------+
5 rows in set (0.07 sec)

Query OK, 0 rows affected (0.05 sec)

Query OK, 223764 rows affected (20 min 2.04 sec)
Records: 223764  Duplicates: 0  Warnings: 0

Query OK, 0 rows affected (1.26 sec)
Records: 0  Duplicates: 0  Warnings: 0

Query OK, 0 rows affected (1.24 sec)
Records: 0  Duplicates: 0  Warnings: 0

Query OK, 0 rows affected (1.12 sec)
Records: 0  Duplicates: 0  Warnings: 0

Query OK, 0 rows affected (0.06 sec)

Query OK, 250 rows affected (0.71 sec)
Records: 250  Duplicates: 0  Warnings: 0

Query OK, 0 rows affected (0.05 sec)

Query OK, 2490 rows affected (0.73 sec)
Records: 2490  Duplicates: 0  Warnings: 0

Query OK, 0 rows affected (0.14 sec)

Query OK, 26670 rows affected (0.79 sec)
Records: 26670  Duplicates: 0  Warnings: 0

Query OK, 0 rows affected (0.05 sec)

Query OK, 16986 rows affected (0.50 sec)
Records: 16986  Duplicates: 0  Warnings: 0

Query OK, 0 rows affected (0.15 sec)

Query OK, 16986 rows affected (0.20 sec)
Records: 16986  Duplicates: 0  Warnings: 0

Query OK, 0 rows affected (0.18 sec)

Query OK, 16986 rows affected (1.96 sec)
Records: 16986  Duplicates: 0  Warnings: 0

Query OK, 0 rows affected (0.17 sec)

Query OK, 16986 rows affected (55.11 sec)
Records: 16986  Duplicates: 0  Warnings: 0

+-------------+
| clientstats |
+-------------+
|       16986 |
+-------------+
1 row in set (0.00 sec)

Query OK, 0 rows affected (0.00 sec)

Query OK, 13 rows affected, 1 warning (0.15 sec)
Records: 13  Duplicates: 0  Warnings: 1

+-----------------------+-------------+-------------+----------------+-----------------+
| services              | activecount | allaccounts | uniqueaccounts | uniquecontracts |
+-----------------------+-------------+-------------+----------------+-----------------+
| All                   |         205 |          37 |             37 |             120 |
| Internet & Voice      |         450 |         206 |            206 |             403 |
| Internet Only         |        4213 |        4062 |           4055 |            4138 |
| OTT Only              |          38 |           3 |              3 |              38 |
| TV & Internet         |        8684 |        3800 |           3791 |            7733 |
| TV & Internet & OTT   |        2257 |         604 |            604 |            1238 |
| TV & Internet & Voice |         510 |         145 |            145 |             450 |
| TV & OTT              |         288 |          55 |             55 |              67 |
| TV & Voice            |         113 |          48 |             48 |              98 |
| TV & Voice & OTT      |           3 |           1 |              1 |               2 |
| TV Only               |       10483 |        7844 |           7835 |            8029 |
| Voice Only            |         182 |         181 |            181 |             182 |
| GRAND TOTAL           |       27426 |       16986 |          16918 |           22498 |
+-----------------------+-------------+-------------+----------------+-----------------+
13 rows in set (0.01 sec)

+-------------+-------------+-------------+----------------+-----------------+
| network     | activecount | allaccounts | uniqueaccounts | uniquecontracts |
+-------------+-------------+-------------+----------------+-----------------+
| ADDON       |          12 |           8 |              8 |               8 |
| GPON        |        7142 |        3607 |           3604 |            5456 |
| HFC         |       20236 |       13370 |          13370 |           16998 |
| MOBILE TV   |          36 |           1 |              1 |              36 |
| GRAND TOTAL |       27426 |       16986 |          16918 |           22498 |
+-------------+-------------+-------------+----------------+-----------------+
5 rows in set, 1 warning (0.15 sec)

+-------------+-----------------------+-------------+-------------+----------------+-----------------+
| network     | services              | activecount | allaccounts | uniqueaccounts | uniquecontracts |
+-------------+-----------------------+-------------+-------------+----------------+-----------------+
| ADDON       | OTT Only              |           2 |           2 |              2 |               2 |
| ADDON       | TV & OTT              |           4 |           1 |              1 |               1 |
| ADDON       | TV Only               |           6 |           5 |              5 |               5 |
| ADDON       | Services Total        |          12 |           8 |              8 |               8 |
| GPON        | All                   |          90 |          17 |             17 |              53 |
| GPON        | Internet & Voice      |          61 |          25 |             25 |              51 |
| GPON        | Internet Only         |         943 |         852 |            852 |             871 |
| GPON        | TV & Internet         |        2979 |        1252 |           1252 |            2571 |
| GPON        | TV & Internet & OTT   |        1134 |         294 |            294 |             605 |
| GPON        | TV & Internet & Voice |         135 |          36 |             36 |             114 |
| GPON        | TV & OTT              |          66 |          21 |             21 |              21 |
| GPON        | TV & Voice            |          49 |          20 |             20 |              41 |
| GPON        | TV Only               |        1676 |        1081 |           1081 |            1120 |
| GPON        | Voice Only            |           9 |           9 |              9 |               9 |
| GPON        | Services Total        |        7142 |        3607 |           3604 |            5456 |
| HFC         | All                   |         115 |          20 |             20 |              67 |
| HFC         | Internet & Voice      |         389 |         181 |            181 |             352 |
| HFC         | Internet Only         |        3270 |        3210 |           3210 |            3267 |
| HFC         | TV & Internet         |        5705 |        2548 |           2548 |            5162 |
| HFC         | TV & Internet & OTT   |        1123 |         310 |            310 |             633 |
| HFC         | TV & Internet & Voice |         375 |         109 |            109 |             336 |
| HFC         | TV & OTT              |         218 |          33 |             33 |              45 |
| HFC         | TV & Voice            |          64 |          28 |             28 |              57 |
| HFC         | TV & Voice & OTT      |           3 |           1 |              1 |               2 |
| HFC         | TV Only               |        8801 |        6758 |           6758 |            6904 |
| HFC         | Voice Only            |         173 |         172 |            172 |             173 |
| HFC         | Services Total        |       20236 |       13370 |          13370 |           16998 |
| MOBILE TV   | OTT Only              |          36 |           1 |              1 |              36 |
| MOBILE TV   | Services Total        |          36 |           1 |              1 |              36 |
| GRAND TOTAL | Services Total        |       27426 |       16986 |          16918 |           22498 |
+-------------+-----------------------+-------------+-------------+----------------+-----------------+
30 rows in set, 2 warnings (0.19 sec)

Query OK, 0 rows affected (0.10 sec)

Query OK, 45 rows affected, 3 warnings (0.23 sec)
Records: 45  Duplicates: 0  Warnings: 3

+-------------+---------------+-----------------------+-------------+-------------+----------------+-----------------+
| region      | network       | services              | activecount | allaccounts | uniqueaccounts | uniquecontracts |
+-------------+---------------+-----------------------+-------------+-------------+----------------+-----------------+
| Mahe        | ADDON         | OTT Only              |           2 |           2 |              2 |               2 |
| Mahe        | ADDON         | TV & OTT              |           4 |           1 |              1 |               1 |
| Mahe        | ADDON         | TV Only               |           4 |           3 |              3 |               3 |
| Mahe        | ADDON         | Services Total        |          10 |           6 |              6 |               6 |
| Mahe        | GPON          | All                   |          67 |          13 |             13 |              41 |
| Mahe        | GPON          | Internet & Voice      |          49 |          19 |             19 |              39 |
| Mahe        | GPON          | Internet Only         |         731 |         640 |            640 |             659 |
| Mahe        | GPON          | TV & Internet         |        2127 |         893 |            893 |            1826 |
| Mahe        | GPON          | TV & Internet & OTT   |         729 |         180 |            180 |             370 |
| Mahe        | GPON          | TV & Internet & Voice |         113 |          30 |             30 |              93 |
| Mahe        | GPON          | TV & OTT              |          46 |          13 |             13 |              13 |
| Mahe        | GPON          | TV & Voice            |          49 |          20 |             20 |              41 |
| Mahe        | GPON          | TV Only               |        1240 |         773 |            773 |             793 |
| Mahe        | GPON          | Voice Only            |           9 |           9 |              9 |               9 |
| Mahe        | GPON          | Services Total        |        5160 |        2590 |           2590 |            3884 |
| Mahe        | HFC           | All                   |         115 |          20 |             20 |              67 |
| Mahe        | HFC           | Internet & Voice      |         389 |         181 |            181 |             352 |
| Mahe        | HFC           | Internet Only         |        3270 |        3210 |           3210 |            3267 |
| Mahe        | HFC           | TV & Internet         |        5705 |        2548 |           2548 |            5162 |
| Mahe        | HFC           | TV & Internet & OTT   |        1123 |         310 |            310 |             633 |
| Mahe        | HFC           | TV & Internet & Voice |         375 |         109 |            109 |             336 |
| Mahe        | HFC           | TV & OTT              |         218 |          33 |             33 |              45 |
| Mahe        | HFC           | TV & Voice            |          64 |          28 |             28 |              57 |
| Mahe        | HFC           | TV & Voice & OTT      |           3 |           1 |              1 |               2 |
| Mahe        | HFC           | TV Only               |        8796 |        6755 |           6755 |            6901 |
| Mahe        | HFC           | Voice Only            |         173 |         172 |            172 |             173 |
| Mahe        | HFC           | Services Total        |       20231 |       13367 |          13367 |           16995 |
| Mahe        | MOBILE TV     | OTT Only              |          36 |           1 |              1 |              36 |
| Mahe        | MOBILE TV     | Services Total        |          36 |           1 |              1 |              36 |
| Mahe        | Network Total | Services Total        |       25437 |       15964 |          15900 |           20921 |
| Praslin     | ADDON         | TV Only               |           2 |           2 |              2 |               2 |
| Praslin     | ADDON         | Services Total        |           2 |           2 |              2 |               2 |
| Praslin     | GPON          | All                   |          23 |           4 |              4 |              12 |
| Praslin     | GPON          | Internet & Voice      |          12 |           6 |              6 |              12 |
| Praslin     | GPON          | Internet Only         |         212 |         212 |            212 |             212 |
| Praslin     | GPON          | TV & Internet         |         852 |         359 |            359 |             745 |
| Praslin     | GPON          | TV & Internet & OTT   |         405 |         114 |            114 |             235 |
| Praslin     | GPON          | TV & Internet & Voice |          22 |           6 |              6 |              21 |
| Praslin     | GPON          | TV & OTT              |          20 |           8 |              8 |               8 |
| Praslin     | GPON          | TV Only               |         436 |         308 |            308 |             327 |
| Praslin     | GPON          | Services Total        |        1982 |        1017 |           1017 |            1572 |
| Praslin     | HFC           | TV Only               |           5 |           3 |              3 |               3 |
| Praslin     | HFC           | Services Total        |           5 |           3 |              3 |               3 |
| Praslin     | Network Total | Services Total        |        1989 |        1022 |           1021 |            1577 |
| GRAND TOTAL | Network Total | Services Total        |       27426 |       16986 |          16918 |           22498 |
+-------------+---------------+-----------------------+-------------+-------------+----------------+-----------------+
45 rows in set (0.00 sec)

Query OK, 0 rows affected (0.03 sec)

Query OK, 26671 rows affected (0.85 sec)
Records: 26671  Duplicates: 0  Warnings: 0

Query OK, 0 rows affected (0.08 sec)

Query OK, 1895 rows affected (18.51 sec)
Records: 1895  Duplicates: 0  Warnings: 0

+--------------------------------------+
| message                              |
+--------------------------------------+
| running rcbill_my.sp_ActiveNumber2() |
+--------------------------------------+
1 row in set (0.00 sec)

Query OK, 222 rows affected (3 min 33.94 sec)

mysql> mysql \. C:\workspace\cloud\code\sql\_DailyScript\currenttime.sql
+---------------------+
| currenttime         |
+---------------------+
| 2019-08-11 18:13:11 |
+---------------------+
1 row in set (0.00 sec)

mysql> 
mysql> mysql \. C:\workspace\cloud\code\sql\_DailyScript\GetActiveNumbers Average -Pivot.sql
Database changed
+-------------------------------------+
| @today := subdate(current_date(),1) |
+-------------------------------------+
| 2019-08-10                          |
+-------------------------------------+
1 row in set (0.00 sec)

+-------------------------------------+
| @lastdayofmonth := last_day(@today) |
+-------------------------------------+
| 2019-08-31                          |
+-------------------------------------+
1 row in set (0.01 sec)

Query OK, 0 rows affected (0.06 sec)

Query OK, 31858 rows affected, 64844 warnings (59.21 sec)
Records: 31858  Duplicates: 0  Warnings: 64844

Query OK, 0 rows affected (0.16 sec)
Records: 0  Duplicates: 0  Warnings: 0

Query OK, 0 rows affected (0.15 sec)
Records: 0  Duplicates: 0  Warnings: 0

Query OK, 0 rows affected (0.12 sec)
Records: 0  Duplicates: 0  Warnings: 0

+-----------------+
| activenumberavg |
+-----------------+
|           31858 |
+-----------------+
1 row in set (0.02 sec)

Query OK, 0 rows affected (0.05 sec)

Query OK, 1767 rows affected (0.46 sec)
Records: 1767  Duplicates: 0  Warnings: 0

+---------------------+
| rep_activenumberavg |
+---------------------+
|                1767 |
+---------------------+
1 row in set (0.00 sec)

+----------------------+
| rep_activenumberavg1 |
+----------------------+
|                  841 |
+----------------------+
1 row in set (0.00 sec)

Query OK, 0 rows affected (0.02 sec)

Query OK, 1626 rows affected (0.40 sec)
Records: 1626  Duplicates: 0  Warnings: 0

Query OK, 0 rows affected (0.02 sec)

Query OK, 8223 rows affected (0.75 sec)
Records: 8223  Duplicates: 0  Warnings: 0

Query OK, 0 rows affected (0.00 sec)

Query OK, 0 rows affected (0.02 sec)

Query OK, 0 rows affected (0.00 sec)

Query OK, 0 rows affected (0.00 sec)

Query OK, 0 rows affected (0.00 sec)
Statement prepared

Query OK, 53 rows affected (0.04 sec)
Records: 53  Duplicates: 0  Warnings: 0

Query OK, 0 rows affected (0.00 sec)

Query OK, 0 rows affected (0.00 sec)

+----------------------+
| rep_activenumberavg2 |
+----------------------+
|                 1626 |
+----------------------+
1 row in set (0.00 sec)

+------------------------+
| rep_activenumberavg_pv |
+------------------------+
|                     53 |
+------------------------+
1 row in set (0.00 sec)

Query OK, 0 rows affected (0.00 sec)

Query OK, 1626 rows affected (0.33 sec)
Records: 1626  Duplicates: 0  Warnings: 0

Query OK, 0 rows affected (0.00 sec)

Query OK, 0 rows affected (0.02 sec)

Query OK, 0 rows affected (0.00 sec)

Query OK, 0 rows affected (0.00 sec)

Query OK, 0 rows affected (0.01 sec)
Statement prepared

Query OK, 53 rows affected (0.02 sec)
Records: 53  Duplicates: 0  Warnings: 0

Query OK, 0 rows affected (0.00 sec)

Query OK, 0 rows affected (0.00 sec)

+-------------------------+
| rep_activenumberavgMahe |
+-------------------------+
|                    1626 |
+-------------------------+
1 row in set (0.00 sec)

+----------------------------+
| rep_activenumberavgMahe_pv |
+----------------------------+
|                         53 |
+----------------------------+
1 row in set (0.00 sec)

Query OK, 0 rows affected (0.02 sec)

Query OK, 1041 rows affected (0.15 sec)
Records: 1041  Duplicates: 0  Warnings: 0

Query OK, 0 rows affected (0.00 sec)

Query OK, 0 rows affected (0.00 sec)

Query OK, 0 rows affected (0.01 sec)

Query OK, 0 rows affected (0.00 sec)

Query OK, 0 rows affected (0.00 sec)
Statement prepared

Query OK, 39 rows affected (0.09 sec)
Records: 39  Duplicates: 0  Warnings: 0

Query OK, 0 rows affected (0.00 sec)

Query OK, 0 rows affected (0.00 sec)

+----------------------------+
| rep_activenumberavgPraslin |
+----------------------------+
|                       1041 |
+----------------------------+
1 row in set (0.00 sec)

+-------------------------------+
| rep_activenumberavgPraslin_pv |
+-------------------------------+
|                            39 |
+-------------------------------+
1 row in set (0.00 sec)

mysql> mysql \. C:\workspace\cloud\code\sql\_DailyScript\currenttime.sql
+---------------------+
| currenttime         |
+---------------------+
| 2019-08-11 18:14:13 |
+---------------------+
1 row in set (0.00 sec)

mysql> 
mysql> mysql \. C:\workspace\cloud\code\sql\_DailyScript\budget_actual_analysis_2019.sql
Query OK, 0 rows affected (0.00 sec)

Query OK, 563 rows affected, 3 warnings (0.52 sec)
Records: 563  Duplicates: 0  Warnings: 3

+--------------------+
| budget_actual_2019 |
+--------------------+
|                563 |
+--------------------+
1 row in set (0.00 sec)

Query OK, 0 rows affected (0.00 sec)

Query OK, 49 rows affected (0.05 sec)
Records: 49  Duplicates: 0  Warnings: 0

+---------------------------+
| rep_budget_actual_2019_pv |
+---------------------------+
|                        49 |
+---------------------------+
1 row in set (0.00 sec)

mysql> mysql \. C:\workspace\cloud\code\sql\_DailyScript\currenttime.sql
+---------------------+
| currenttime         |
+---------------------+
| 2019-08-11 18:14:14 |
+---------------------+
1 row in set (0.00 sec)

mysql> 
mysql> mysql \. C:\workspace\cloud\code\sql\_DailyScript\reports-sales-addons-prepaid-camera.sql
Database changed
Query OK, 0 rows affected (0.03 sec)

Query OK, 3738 rows affected (0.51 sec)
Records: 3738  Duplicates: 0  Warnings: 0

Query OK, 0 rows affected (0.09 sec)

Query OK, 16509 rows affected (2 min 36.79 sec)
Records: 16509  Duplicates: 0  Warnings: 0

+--------------------+
| rep_prepaid_camera |
+--------------------+
|               3738 |
+--------------------+
1 row in set (0.00 sec)

+-----------+
| rep_addon |
+-----------+
|     16509 |
+-----------+
1 row in set (0.01 sec)

mysql> mysql \. C:\workspace\cloud\code\sql\_DailyScript\currenttime.sql
+---------------------+
| currenttime         |
+---------------------+
| 2019-08-11 18:16:51 |
+---------------------+
1 row in set (0.00 sec)

mysql> 
mysql> mysql \. C:\workspace\cloud\code\sql\_DailyScript\housing-estate-analysis.sql
Database changed
Query OK, 0 rows affected (0.03 sec)

Query OK, 2859 rows affected (6 min 49.28 sec)
Records: 2859  Duplicates: 0  Warnings: 0

+--------------------+
| rep_housingestates |
+--------------------+
|               2859 |
+--------------------+
1 row in set (0.00 sec)

mysql> mysql \. C:\workspace\cloud\code\sql\_DailyScript\currenttime.sql
+---------------------+
| currenttime         |
+---------------------+
| 2019-08-11 18:23:40 |
+---------------------+
1 row in set (0.00 sec)

mysql> 
mysql> mysql \. C:\workspace\cloud\code\sql\_DailyScript\RCB_ClientAnalyticsReport_Script.sql
Database changed
Query OK, 0 rows affected (0.00 sec)

Query OK, 0 rows affected (0.27 sec)

Query OK, 1715374 rows affected (1 min 47.69 sec)
Records: 1715374  Duplicates: 0  Warnings: 0

Query OK, 0 rows affected (14.43 sec)
Records: 0  Duplicates: 0  Warnings: 0

Query OK, 0 rows affected (7.42 sec)
Records: 0  Duplicates: 0  Warnings: 0

Query OK, 0 rows affected (11.44 sec)
Records: 0  Duplicates: 0  Warnings: 0

Query OK, 0 rows affected (10.21 sec)
Records: 0  Duplicates: 0  Warnings: 0

Query OK, 0 rows affected (14.65 sec)
Records: 0  Duplicates: 0  Warnings: 0

Query OK, 0 rows affected (8.83 sec)
Records: 0  Duplicates: 0  Warnings: 0

Query OK, 0 rows affected (0.00 sec)

Query OK, 447432 rows affected (20.60 sec)
Rows matched: 1715374  Changed: 447432  Warnings: 0

Query OK, 0 rows affected (0.02 sec)

Query OK, 27463 rows affected (6.06 sec)
Records: 27463  Duplicates: 0  Warnings: 0

Query OK, 0 rows affected (0.30 sec)

Query OK, 42501 rows affected (12 min 48.06 sec)
Records: 42501  Duplicates: 0  Warnings: 0

Query OK, 0 rows affected (0.33 sec)
Records: 0  Duplicates: 0  Warnings: 0

Query OK, 0 rows affected (0.17 sec)
Records: 0  Duplicates: 0  Warnings: 0

Query OK, 0 rows affected (0.10 sec)
Records: 0  Duplicates: 0  Warnings: 0

Query OK, 0 rows affected (0.17 sec)

Query OK, 420452 rows affected (14 min 50.06 sec)
Records: 420452  Duplicates: 0  Warnings: 0

Query OK, 0 rows affected (2.02 sec)
Records: 0  Duplicates: 0  Warnings: 0

Query OK, 0 rows affected (1.89 sec)
Records: 0  Duplicates: 0  Warnings: 0

Query OK, 0 rows affected (1.04 sec)
Records: 0  Duplicates: 0  Warnings: 0

Query OK, 0 rows affected (2.40 sec)
Records: 0  Duplicates: 0  Warnings: 0

Query OK, 0 rows affected (2.23 sec)
Records: 0  Duplicates: 0  Warnings: 0

Query OK, 0 rows affected (0.04 sec)

Query OK, 42501 rows affected (1 min 42.63 sec)
Records: 42501  Duplicates: 0  Warnings: 0

+--------------+
| clientreport |
+--------------+
|        42501 |
+--------------+
1 row in set (0.02 sec)

Query OK, 0 rows affected (0.05 sec)

Query OK, 42501 rows affected (7.50 sec)
Records: 42501  Duplicates: 0  Warnings: 0

+----------------------+
| clientextendedreport |
+----------------------+
|                42501 |
+----------------------+
1 row in set (0.02 sec)

Query OK, 0 rows affected (0.05 sec)

Query OK, 42501 rows affected (2 min 13.74 sec)
Records: 42501  Duplicates: 0  Warnings: 0

+---------+
| allcust |
+---------+
|   42501 |
+---------+
1 row in set (0.03 sec)

Query OK, 0 rows affected, 1 warning (0.00 sec)

Query OK, 5000 rows affected (0.23 sec)
Records: 5000  Duplicates: 0  Warnings: 0

Query OK, 0 rows affected (0.05 sec)

Query OK, 6933 rows affected (0.55 sec)
Records: 6933  Duplicates: 0  Warnings: 0

Query OK, 0 rows affected, 1 warning (0.00 sec)

Query OK, 5000 rows affected (0.19 sec)
Records: 5000  Duplicates: 0  Warnings: 0

Query OK, 0 rows affected (0.03 sec)

Query OK, 7330 rows affected (0.22 sec)
Records: 7330  Duplicates: 0  Warnings: 0

mysql> mysql \. C:\workspace\cloud\code\sql\_DailyScript\currenttime.sql
+---------------------+
| currenttime         |
+---------------------+
| 2019-08-11 18:58:56 |
+---------------------+
1 row in set (0.00 sec)

mysql> 
mysql> mysql \. C:\workspace\cloud\code\sql\_DailyScript\REVENUE_PER_NODE_MXK.sql
Query OK, 0 rows affected (0.05 sec)

Query OK, 0 rows affected (0.00 sec)

Query OK, 0 rows affected (0.01 sec)

Query OK, 4782 rows affected (3.32 sec)
Records: 4782  Duplicates: 0  Warnings: 0

+----------------------+
| message              |
+----------------------+
| created temp table a |
+----------------------+
1 row in set (0.00 sec)

Query OK, 5092 rows affected (2.35 sec)
Records: 5092  Duplicates: 0  Warnings: 0

+----------------------+
| message              |
+----------------------+
| created temp table b |
+----------------------+
1 row in set (0.00 sec)

Query OK, 0 rows affected, 1 warning (0.00 sec)

Query OK, 5022 rows affected (10.59 sec)
Records: 5022  Duplicates: 0  Warnings: 0

+--------------------------------+
| message                        |
+--------------------------------+
| created rcbill_my.tempcustmxk1 |
+--------------------------------+
1 row in set (0.00 sec)

Query OK, 0 rows affected (0.01 sec)

Query OK, 0 rows affected (0.00 sec)

Query OK, 0 rows affected, 1 warning (0.00 sec)

Query OK, 4782 rows affected (1.17 sec)
Records: 4782  Duplicates: 0  Warnings: 0

+----------------+
| message        |
+----------------+
| created temp a |
+----------------+
1 row in set (0.00 sec)

Query OK, 5092 rows affected (0.54 sec)
Records: 5092  Duplicates: 0  Warnings: 0

+----------------+
| message        |
+----------------+
| created temp b |
+----------------+
1 row in set (0.00 sec)

Query OK, 0 rows affected, 1 warning (0.00 sec)

Query OK, 5183 rows affected (7.01 sec)
Records: 5183  Duplicates: 0  Warnings: 0

+--------------------------------+
| message                        |
+--------------------------------+
| created rcbill_my.tempcustmxk2 |
+--------------------------------+
1 row in set (0.00 sec)

Query OK, 0 rows affected (0.00 sec)

Query OK, 0 rows affected (0.00 sec)

Query OK, 0 rows affected, 1 warning (0.00 sec)

Query OK, 0 rows affected (0.05 sec)

Query OK, 5681 rows affected (0.30 sec)
Records: 5681  Duplicates: 0  Warnings: 0

+---------------------------------+
| message                         |
+---------------------------------+
| created rcbill_my.customers_mxk |
+---------------------------------+
1 row in set (0.00 sec)

Query OK, 0 rows affected (0.01 sec)

Query OK, 0 rows affected (0.00 sec)

Query OK, 13248 rows affected (6.48 sec)
Records: 13248  Duplicates: 0  Warnings: 0

+----------------+
| message        |
+----------------+
| created temp a |
+----------------+
1 row in set (0.00 sec)

Query OK, 21275 rows affected (3.17 sec)
Records: 21275  Duplicates: 0  Warnings: 0

+----------------+
| message        |
+----------------+
| created temp c |
+----------------+
1 row in set (0.00 sec)

Query OK, 0 rows affected, 1 warning (0.00 sec)

Query OK, 27802 rows affected (0.37 sec)
Records: 27802  Duplicates: 0  Warnings: 0

+---------------------------------+
| message                         |
+---------------------------------+
| created rcbill_my.tempcustcmts1 |
+---------------------------------+
1 row in set (0.00 sec)

Query OK, 0 rows affected (0.00 sec)

Query OK, 0 rows affected, 1 warning (0.00 sec)

Query OK, 0 rows affected (0.02 sec)

Query OK, 13248 rows affected (6.49 sec)
Records: 13248  Duplicates: 0  Warnings: 0

+----------------+
| message        |
+----------------+
| created temp a |
+----------------+
1 row in set (0.00 sec)

Query OK, 21275 rows affected (1.20 sec)
Records: 21275  Duplicates: 0  Warnings: 0

+----------------+
| message        |
+----------------+
| created temp c |
+----------------+
1 row in set (0.01 sec)

Query OK, 0 rows affected, 1 warning (0.00 sec)

Query OK, 22233 rows affected (0.33 sec)
Records: 22233  Duplicates: 0  Warnings: 0

+---------------------------------+
| message                         |
+---------------------------------+
| created rcbill_my.tempcustcmts2 |
+---------------------------------+
1 row in set (0.00 sec)

Query OK, 0 rows affected (0.01 sec)

Query OK, 0 rows affected, 1 warning (0.00 sec)

Query OK, 0 rows affected (0.00 sec)

Query OK, 0 rows affected (0.02 sec)

Query OK, 13443 rows affected (1.12 sec)
Records: 13443  Duplicates: 0  Warnings: 0

+----------------------------------+
| message                          |
+----------------------------------+
| created rcbill_my.customers_cmts |
+----------------------------------+
1 row in set (0.00 sec)

Query OK, 0 rows affected (0.00 sec)

Query OK, 0 rows affected (0.00 sec)

Query OK, 0 rows affected (0.04 sec)

Query OK, 19124 rows affected (1.12 sec)
Records: 19124  Duplicates: 0  Warnings: 0

+--------------------------------------+
| message                              |
+--------------------------------------+
| created rcbill_my.customers_cmts_mxk |
+--------------------------------------+
1 row in set (0.00 sec)

Query OK, 443869 rows affected (1 min 23.33 sec)
Records: 443869  Duplicates: 0  Warnings: 0

+----------------+
| message        |
+----------------+
| created temp a |
+----------------+
1 row in set (0.00 sec)

Query OK, 0 rows affected (0.13 sec)

Query OK, 444800 rows affected (19.37 sec)
Records: 444800  Duplicates: 0  Warnings: 0

+------------------------------------------------+
| message                                        |
+------------------------------------------------+
| created rcbill_my.customers_contracts_cmts_mxk |
+------------------------------------------------+
1 row in set (0.00 sec)

Query OK, 0 rows affected (0.22 sec)

Query OK, 0 rows affected, 1 warning (0.01 sec)

Query OK, 0 rows affected, 1 warning (0.00 sec)

Query OK, 0 rows affected (0.00 sec)

Query OK, 8156 rows affected (4.32 sec)
Rows matched: 8156  Changed: 8156  Warnings: 0

+------------------------------------------------+
| message                                        |
+------------------------------------------------+
| updated rcbill_my.customers_contracts_cmts_mxk |
+------------------------------------------------+
1 row in set (0.00 sec)

Query OK, 0 rows affected (0.20 sec)

Query OK, 1678632 rows affected (5 min 20.68 sec)
Records: 1678632  Duplicates: 0  Warnings: 0

+----------------------------------------+
| message                                |
+----------------------------------------+
| created rcbill_my.customers_collection |
+----------------------------------------+
1 row in set (0.00 sec)

Query OK, 0 rows affected (0.07 sec)

Query OK, 1934424 rows affected (2 min 26.17 sec)
Records: 1934424  Duplicates: 0  Warnings: 0

+------------------------------------------------+
| message                                        |
+------------------------------------------------+
| created rcbill_my.customers_cmts_mxk_cont_coll |
+------------------------------------------------+
1 row in set (0.00 sec)

Query OK, 0 rows affected (0.12 sec)

Query OK, 42287 rows affected (11.66 sec)
Records: 42287  Duplicates: 0  Warnings: 0

+------------------------------------------------------------+
| message                                                    |
+------------------------------------------------------------+
| created rcbill_my.customers_contracts_collection_pivot2019 |
+------------------------------------------------------------+
1 row in set (0.00 sec)

Query OK, 0 rows affected (0.06 sec)

Query OK, 19566 rows affected (10.04 sec)
Records: 19566  Duplicates: 0  Warnings: 0

+--------------------------------------------------+
| message                                          |
+--------------------------------------------------+
| created rcbill_my.customers_collection_pivot2019 |
+--------------------------------------------------+
1 row in set (0.00 sec)

Query OK, 0 rows affected (0.02 sec)

Query OK, 42501 rows affected (1.79 sec)
Records: 42501  Duplicates: 0  Warnings: 0

+------------------------------------------------+
| message                                        |
+------------------------------------------------+
| created rcbill_my.rep_customers_collection2019 |
+------------------------------------------------+
1 row in set (0.00 sec)

Query OK, 0 rows affected (0.00 sec)

Query OK, 0 rows affected, 1 warning (0.00 sec)

Query OK, 414483 rows affected (25.32 sec)
Records: 414483  Duplicates: 0  Warnings: 0

+-------------------------+
| message                 |
+-------------------------+
| created rcbill_my.tempa |
+-------------------------+
1 row in set (0.00 sec)

Query OK, 0 rows affected, 1 warning (0.00 sec)

Query OK, 91523 rows affected (20.72 sec)
Records: 91523  Duplicates: 0  Warnings: 0

+-------------------------+
| message                 |
+-------------------------+
| created rcbill_my.tempb |
+-------------------------+
1 row in set (0.00 sec)

Query OK, 414483 rows affected (14.55 sec)
Records: 414483  Duplicates: 0  Warnings: 0

+-----------+
| message   |
+-----------+
| created a |
+-----------+
1 row in set (0.00 sec)

Query OK, 91729 rows affected (7.93 sec)
Records: 91729  Duplicates: 0  Warnings: 0

+-----------+
| message   |
+-----------+
| created b |
+-----------+
1 row in set (0.00 sec)

Query OK, 0 rows affected (0.12 sec)

Query OK, 0 rows affected (0.02 sec)

Query OK, 0 rows affected (0.20 sec)

Query OK, 417338 rows affected (33.72 sec)
Records: 417338  Duplicates: 0  Warnings: 0

+----------------------------------------------+
| message                                      |
+----------------------------------------------+
| created rcbill_my.cust_cont_payment_cmts_mxk |
+----------------------------------------------+
1 row in set (0.00 sec)

Query OK, 0 rows affected (0.01 sec)

Query OK, 0 rows affected (0.00 sec)

Query OK, 0 rows affected, 1 warning (0.00 sec)

Query OK, 0 rows affected (0.05 sec)

Query OK, 42501 rows affected (16.63 sec)
Records: 42501  Duplicates: 0  Warnings: 0

+--------------------------------------------------+
| message                                          |
+--------------------------------------------------+
| created rcbill_my.rep_cust_cont_payment_cmts_mxk |
+--------------------------------------------------+
1 row in set (0.02 sec)

Query OK, 0 rows affected, 1 warning (0.00 sec)

Query OK, 0 rows affected, 1 warning (0.00 sec)

Query OK, 0 rows affected (0.08 sec)

Query OK, 42501 rows affected, 5 warnings (11.25 sec)
Records: 42501  Duplicates: 0  Warnings: 5

+----------------------+
| rep_custconsolidated |
+----------------------+
|                42501 |
+----------------------+
1 row in set (0.05 sec)

Query OK, 0 rows affected (0.01 sec)

Query OK, 0 rows affected (0.02 sec)

+----------------------------------------------+
| message                                      |
+----------------------------------------------+
| creating rcbill_my.retentioncustomeractivity |
+----------------------------------------------+
1 row in set (0.00 sec)

Query OK, 733 rows affected (0.10 sec)
Records: 733  Duplicates: 0  Warnings: 0

+---------------------------+
| retentioncustomeractivity |
+---------------------------+
|                       733 |
+---------------------------+
1 row in set (0.01 sec)

+-----------+------------------------------------+------------+-------------+-----------------+------------------+---------------------+-------------------+
| HFC_NODE  | NODENAME                           | CMTS_DATE  | INSERTED_ON | UNIQUE_ACCOUNTS | UNIQUE_CONTRACTS | UNIQUE_MAC_INRCBOSS | UNIQUE_MAC_INCMTS |
+-----------+------------------------------------+------------+-------------+-----------------+------------------+---------------------+-------------------+
| NULL      | NULL                               | NULL       | 2019-08-11  |            5597 |             5863 |                5917 |                 0 |
| C5/0/0/U0 | ANSE-BOILEAU-2                     | 2019-06-26 | 2019-08-11  |             175 |              179 |                 175 |               176 |
| C5/0/0/U1 | 500-C3-ANSE-BOILEAU                | 2019-06-26 | 2019-08-11  |             169 |              177 |                 169 |               171 |
| C5/0/1/U0 | 501-C4-LA-MISIERE-LEFT-I           | 2019-06-26 | 2019-08-11  |             209 |              219 |                 208 |               215 |
| C5/0/1/U1 | 501-C5-LA-MISIERE-RIGHT            | 2019-06-26 | 2019-08-11  |             100 |              103 |                 100 |               102 |
| C5/0/1/U2 | 501-C7-LA-MISIERE-LEFT-II          | 2019-06-26 | 2019-08-11  |              83 |               84 |                  83 |                86 |
| C5/0/2/U0 | 502-C8-LA-LOUISE                   | 2019-06-26 | 2019-08-11  |             138 |              140 |                 138 |               142 |
| C5/0/2/U1 | LA-LOUISE-2                        | 2019-06-26 | 2019-08-11  |             136 |              140 |                 136 |               144 |
| C5/0/3/U0 | 504-C6-PETIT-PARIS                 | 2019-06-26 | 2019-08-11  |             157 |              159 |                 157 |               161 |
| C5/0/3/U1 | PETIT-PARIS-23                     | 2019-06-26 | 2019-08-11  |              78 |               81 |                  78 |                84 |
| C5/0/4/U0 | FOUR-SEASONS                       | 2019-06-26 | 2019-08-11  |               6 |               18 |                  18 |                18 |
| C5/0/4/U1 | ANCHOR-CAFE-I                      | 2019-06-26 | 2019-08-11  |             140 |              142 |                 140 |               143 |
| C5/0/4/U2 | ANCHOR-CAFE-II                     | 2019-06-26 | 2019-08-11  |             149 |              152 |                 149 |               154 |
| C5/1/0/U0 | POINTE-LARUE-AIRPORT-23            | 2019-06-26 | 2019-08-11  |              99 |              107 |                 101 |               105 |
| C5/1/0/U1 | PPROVIDENCE-23                     | 2019-06-26 | 2019-08-11  |              26 |               29 |                  27 |                28 |
| C5/1/0/U2 | ROSHE-CAIMAN-23                    | 2019-06-26 | 2019-08-11  |              11 |               12 |                  11 |                12 |
| C5/1/0/U3 | HEAD-OFFICE | HO-23                | 2019-06-26 | 2019-08-11  |              26 |               26 |                  26 |                31 |
| C5/1/1/U1 | C5-UNION-VALE                      | 2019-06-26 | 2019-08-11  |             197 |              202 |                 197 |               197 |
| C5/1/3/U0 | POINTE-LARUE-AIRPORT-27            | 2019-06-26 | 2019-08-11  |             132 |              134 |                 132 |               135 |
| C5/1/3/U1 | PPROVIDENCE-27                     | 2019-06-26 | 2019-08-11  |              35 |               35 |                  35 |                35 |
| C5/1/3/U2 | ROSHE-CAIMAN-27                    | 2019-06-26 | 2019-08-11  |              23 |               23 |                  23 |                23 |
| C5/1/3/U3 | HEAD-OFFICE | HO-27                | 2019-06-26 | 2019-08-11  |              20 |               21 |                  20 |                21 |
| C5/1/4/U0 | ANSE-ROYALE-27                     | 2019-06-26 | 2019-08-11  |             172 |              178 |                 172 |               177 |
| C5/1/4/U1 | GLACIS-2-57                        | 2019-06-26 | 2019-08-11  |              92 |               96 |                  92 |                96 |
| C5/1/4/U3 | GLACIS-1                           | 2019-06-26 | 2019-08-11  |              94 |               98 |                  94 |               105 |
| C6/0/1/U0 | SERRET-ROAD-RIGHT/CURIO/PASCAL     | 2019-06-26 | 2019-08-11  |             119 |              119 |                 119 |               121 |
| C6/0/1/U1 | SERRET-ROAD-LEFT/ST.LOUIS/TOWN     | 2019-06-26 | 2019-08-11  |             140 |              146 |                 140 |               142 |
| C6/0/1/U2 | SERRET-ROAD-RIGHT/CURIO/PASCAL-2   | 2019-06-26 | 2019-08-11  |             125 |              130 |                 125 |               129 |
| C6/0/1/U3 | SERRET-ROAD-LEFT/ST.LOUIS/TOWN-2   | 2019-06-26 | 2019-08-11  |             136 |              140 |                 136 |               139 |
| C6/0/2/U0 | SANS-SOUCIS-I                      | 2019-06-26 | 2019-08-11  |             125 |              129 |                 125 |               128 |
| C6/0/2/U1 | SANS-SOUCIS-II                     | 2019-06-26 | 2019-08-11  |             106 |              108 |                 105 |               110 |
| C6/0/2/U2 | BEL-AIR-27                         | 2019-06-26 | 2019-08-11  |              88 |               90 |                  88 |                93 |
| C6/0/2/U3 | BEL-AIR-38                         | 2019-06-26 | 2019-08-11  |             114 |              119 |                 114 |               118 |
| C6/0/3/U0 | LES-MAMELLES-23                    | 2019-06-26 | 2019-08-11  |              99 |               99 |                  99 |               101 |
| C6/0/3/U1 | VICTORIA-23                        | 2019-06-26 | 2019-08-11  |              31 |               32 |                  31 |                34 |
| C6/0/4/U0 | LES-MAMELLES-27                    | 2019-06-26 | 2019-08-11  |              54 |               54 |                  54 |                55 |
| C6/0/4/U1 | VICTORIA-27                        | 2019-06-26 | 2019-08-11  |              18 |               23 |                  21 |                23 |
| C7/1/0/U0 | LA-RETRAITE-23                     | 2019-06-26 | 2019-08-11  |              96 |              102 |                  96 |               100 |
| C7/1/0/U1 | TEA-FACTORY-23                     | 2019-06-26 | 2019-08-11  |              28 |               33 |                  29 |                30 |
| C7/1/0/U2 | PAS-23                             | 2019-06-26 | 2019-08-11  |             103 |              105 |                 103 |               105 |
| C7/1/1/U0 | REEF-ESTATE-23                     | 2019-06-26 | 2019-08-11  |              87 |               88 |                  87 |                90 |
| C7/1/1/U1 | BEL-OMBRE-NEW-23                   | 2019-06-26 | 2019-08-11  |              21 |               21 |                  21 |                25 |
| C7/1/2/U0 | LA-RETRAITE-27                     | 2019-06-26 | 2019-08-11  |             125 |              130 |                 126 |               127 |
| C7/1/2/U1 | TEA-FACTORY-27                     | 2019-06-26 | 2019-08-11  |              20 |               23 |                  21 |                21 |
| C7/1/2/U2 | PAS-27                             | 2019-06-26 | 2019-08-11  |              90 |               93 |                  90 |                92 |
| C7/1/3/U0 | MT-BUXTON-27                       | 2019-06-26 | 2019-08-11  |             155 |              159 |                 155 |               158 |
| C7/1/3/U1 | MT-BUXTON-23                       | 2019-06-26 | 2019-08-11  |              62 |               63 |                  62 |                63 |
| C7/1/4/U0 | REEF-ESTATE-27                     | 2019-06-26 | 2019-08-11  |              61 |               62 |                  61 |                61 |
| C7/1/4/U1 | BEL-OMBRE-NEW-27                   | 2019-06-26 | 2019-08-11  |              17 |               17 |                  17 |                20 |
| C8/0/0/U0 | POLICE-ACADEMY-1-27 - POINTE LARUE | 2019-06-26 | 2019-08-11  |             175 |              177 |                 175 |               175 |
| C8/0/0/U1 | NULL                               | 2019-06-26 | 2019-08-11  |             100 |              103 |                 100 |               110 |
| C8/0/1/U0 | NULL                               | 2019-06-26 | 2019-08-11  |             194 |              197 |                 194 |               196 |
| C8/0/1/U1 | POLICE-ACADEMY-2-27 - TURTLE BAY   | 2019-06-26 | 2019-08-11  |             143 |              147 |                 144 |               145 |
| C8/0/2/U0 | BEAU-VALLON-LEFT-1-57              | 2019-06-26 | 2019-08-11  |              92 |               95 |                  92 |                93 |
| C8/0/3/U1 | BEAU-VALLON-RIGHT-2-57             | 2019-06-26 | 2019-08-11  |             196 |              205 |                 196 |               201 |
| C8/1/0/U0 | MA-JOIE-NODE-27                    | 2019-06-26 | 2019-08-11  |             114 |              115 |                 114 |               115 |
| C8/1/0/U1 | BELONIE-27                         | 2019-06-26 | 2019-08-11  |             136 |              138 |                 135 |               147 |
| C8/1/0/U3 | MA-JOIE-NODE-23                    | 2019-06-26 | 2019-08-11  |             115 |              118 |                 115 |               115 |
| C8/1/1/U0 | 611-C1-ROJN I                      | 2019-06-26 | 2019-08-11  |             148 |              149 |                 148 |               152 |
| C8/1/1/U1 | 611-C5-ROJN II                     | 2019-06-26 | 2019-08-11  |              88 |               90 |                  88 |                89 |
| C8/1/2/U0 | 612-C2-ANSE-ETOILE                 | 2019-06-26 | 2019-08-11  |             230 |              233 |                 230 |               230 |
| C8/1/2/U1 | ANSE-ETOILE-U2                     | 2019-06-26 | 2019-08-11  |              44 |               45 |                  44 |                45 |
| C8/1/3/U0 | 613-C3-ANSE-GAULETTE I             | 2019-06-26 | 2019-08-11  |              69 |               72 |                  69 |                69 |
| C8/1/3/U1 | 613-C7-ANSE-GAULETTE II            | 2019-06-26 | 2019-08-11  |              70 |               78 |                  70 |                75 |
| C8/1/3/U2 | 613-C3-ANSE-GAULETTE III           | 2019-06-26 | 2019-08-11  |              33 |               36 |                  33 |                35 |
| C8/1/3/U3 | TAKAMAKA I                         | 2019-06-26 | 2019-08-11  |              97 |               98 |                  97 |                97 |
| C8/1/3/U4 | TAKAMAKA II                        | 2019-06-26 | 2019-08-11  |             100 |              102 |                 100 |               100 |
| C8/1/4/U0 | 614-BEOLIERE-NODE-1                | 2019-06-26 | 2019-08-11  |             153 |              163 |                 153 |               161 |
| C8/1/4/U1 | 614-BEOLIERE-NODE-2                | 2019-06-26 | 2019-08-11  |              59 |               60 |                  59 |                61 |
+-----------+------------------------------------+------------+-------------+-----------------+------------------+---------------------+-------------------+
69 rows in set (0.24 sec)

+------------------+------------+-------------+-----------------+------------------+----------------------+-------------------+
| MXK_NAME         | MXK_DATE   | INSERTED_ON | UNIQUE_ACCOUNTS | UNIQUE_CONTRACTS | UNIQUE_FSAN_INRCBOSS | UNIQUE_FSAN_INMXK |
+------------------+------------+-------------+-----------------+------------------+----------------------+-------------------+
| NULL             | NULL       | 2019-08-11  |             486 |              495 |                  481 |                 0 |
| MXK-ANSEETOILE   | 2019-06-26 | 2019-08-11  |              99 |              100 |                  100 |               105 |
| MXK-ANSEROYALE   | 2019-06-26 | 2019-08-11  |             132 |              133 |                  133 |               149 |
| MXK-BEAUVALLON   | 2019-06-26 | 2019-08-11  |            1088 |             1103 |                 1095 |              1151 |
| MXK-MAHE         | 2019-06-26 | 2019-08-11  |             845 |              866 |                  807 |              1030 |
| MXK-PERSEVERANCE | 2019-06-26 | 2019-08-11  |             961 |              966 |                  961 |              1107 |
| MXK-PRASLIN      | 2019-06-26 | 2019-08-11  |            1180 |             1183 |                 1175 |              1325 |
+------------------+------------+-------------+-----------------+------------------+----------------------+-------------------+
7 rows in set (0.07 sec)

mysql> mysql \. C:\workspace\cloud\code\sql\_DailyScript\currenttime.sql
+---------------------+
| currenttime         |
+---------------------+
| 2019-08-11 19:11:52 |
+---------------------+
1 row in set (0.02 sec)

mysql> 
mysql> mysql \. C:\workspace\cloud\code\sql\Analysis\service_tickets_assignments.sql
Query OK, 0 rows affected (0.01 sec)

Query OK, 59318 rows affected (13.27 sec)
Records: 59318  Duplicates: 0  Warnings: 0

+-------------------------+
| rep_servicetickets_2019 |
+-------------------------+
|                   59318 |
+-------------------------+
1 row in set (0.09 sec)

mysql> mysql \. C:\workspace\cloud\code\sql\_DailyScript\currenttime.sql
+---------------------+
| currenttime         |
+---------------------+
| 2019-08-11 19:12:05 |
+---------------------+
1 row in set (0.00 sec)

mysql> 
mysql> 
mysql> exit
