    -> 
    -> mysql \. C:\workspace\cloud\code\sql\_DailyScript\_setdates.sql
Database changed
Query OK, 0 rows affected (0.00 sec)

Query OK, 0 rows affected (0.00 sec)

Query OK, 0 rows affected (0.00 sec)

Query OK, 0 rows affected (0.00 sec)

Query OK, 0 rows affected (0.00 sec)

Query OK, 0 rows affected (0.00 sec)

Query OK, 0 rows affected (0.00 sec)

Query OK, 0 rows affected (0.00 sec)

Query OK, 0 rows affected (0.00 sec)

Query OK, 0 rows affected (0.00 sec)

Query OK, 0 rows affected (0.00 sec)

Query OK, 0 rows affected (0.00 sec)

Query OK, 0 rows affected (0.00 sec)

Query OK, 0 rows affected (0.00 sec)

Query OK, 0 rows affected (0.00 sec)

Query OK, 0 rows affected (0.00 sec)

Query OK, 0 rows affected (0.00 sec)

Query OK, 0 rows affected (0.00 sec)

Query OK, 0 rows affected (0.00 sec)

Query OK, 0 rows affected (0.00 sec)

Query OK, 0 rows affected (0.00 sec)

mysql> mysql \. C:\workspace\cloud\code\sql\_DailyScript\currenttime.sql
+---------------------+
| currenttime         |
+---------------------+
| 2021-04-13 05:26:36 |
+---------------------+
1 row in set (0.00 sec)

mysql> 
mysql> mysql \. C:\workspace\cloud\code\sql\_DailyScript\load_RCB_VODTITLES.sql
Database changed
Query OK, 0 rows affected (0.00 sec)

Query OK, 14519 rows affected (0.09 sec)

Query OK, 14521 rows affected, 14521 warnings (0.44 sec)
Records: 14521  Deleted: 0  Skipped: 0  Warnings: 14521

Query OK, 0 rows affected (0.00 sec)

Query OK, 2 rows affected (0.01 sec)

+-----------+
| VODTITLES |
+-----------+
|     14979 |
+-----------+
1 row in set (0.01 sec)

+-----------+-----------+
| titletype | typecount |
+-----------+-----------+
| E         |     12206 |
| N         |       246 |
| T         |      2067 |
| NULL      |     14519 |
+-----------+-----------+
4 rows in set (0.05 sec)

mysql> mysql \. C:\workspace\cloud\code\sql\_DailyScript\currenttime.sql
+---------------------+
| currenttime         |
+---------------------+
| 2021-04-13 05:26:36 |
+---------------------+
1 row in set (0.00 sec)

mysql> 
mysql> mysql \. C:\workspace\cloud\code\sql\_DailyScript\DAILY-SCRIPT-LIVETV-STATS.sql
Database changed
Query OK, 0 rows affected (0.01 sec)

Query OK, 87508 rows affected (1.07 sec)
Records: 87508  Duplicates: 0  Warnings: 0

+------------+------------+----------+--------------+--------------+-----------+-------------+----------+--------+------+------------+---------+---------------+
| Table      | Non_unique | Key_name | Seq_in_index | Column_name  | Collation | Cardinality | Sub_part | Packed | Null | Index_type | Comment | Index_comment |
+------------+------------+----------+--------------+--------------+-----------+-------------+----------+--------+------+------------+---------+---------------+
| templivetv |          1 | idxtv1   |            1 | device       | A         |       82711 |     NULL | NULL   | YES  | BTREE      |         |               |
| templivetv |          1 | idxtv2   |            1 | sessionstart | A         |       82711 |     NULL | NULL   | YES  | BTREE      |         |               |
+------------+------------+----------+--------------+--------------+-----------+-------------+----------+--------+------+------------+---------+---------------+
2 rows in set (0.00 sec)

Query OK, 87702 rows affected (10.87 sec)
Records: 87702  Duplicates: 0  Warnings: 0

Query OK, 2618 rows affected (0.62 sec)
Records: 2618  Duplicates: 0  Warnings: 0

Query OK, 0 rows affected (0.00 sec)

Query OK, 0 rows affected (0.00 sec)

Query OK, 132 rows affected (0.04 sec)
Records: 132  Duplicates: 0  Warnings: 0

Query OK, 0 rows affected (0.01 sec)

Query OK, 61945 rows affected (5 min 23.77 sec)
Records: 61945  Duplicates: 0  Warnings: 0

+-----------------+
| rep_livetvstats |
+-----------------+
|           61945 |
+-----------------+
1 row in set (0.02 sec)

mysql> mysql \. C:\workspace\cloud\code\sql\_DailyScript\currenttime.sql
+---------------------+
| currenttime         |
+---------------------+
| 2021-04-13 05:32:13 |
+---------------------+
1 row in set (0.00 sec)

mysql> 
mysql> mysql \. C:\workspace\cloud\code\sql\_DailyScript\DAILY-SCRIPT-VODTS-STATS.sql
Database changed
Query OK, 0 rows affected (0.01 sec)

Query OK, 5525 rows affected (20.27 sec)
Records: 5525  Duplicates: 0  Warnings: 0

+---------+------------+----------+--------------+--------------+-----------+-------------+----------+--------+------+------------+---------+---------------+
| Table   | Non_unique | Key_name | Seq_in_index | Column_name  | Collation | Cardinality | Sub_part | Packed | Null | Index_type | Comment | Index_comment |
+---------+------------+----------+--------------+--------------+-----------+-------------+----------+--------+------+------------+---------+---------------+
| tempvod |          1 | idxtvod1 |            1 | device       | A         |        5636 |     NULL | NULL   | YES  | BTREE      |         |               |
| tempvod |          1 | idxtvod2 |            1 | sessionstart | A         |        5636 |     NULL | NULL   | YES  | BTREE      |         |               |
+---------+------------+----------+--------------+--------------+-----------+-------------+----------+--------+------+------------+---------+---------------+
2 rows in set (0.00 sec)

Query OK, 5525 rows affected (3.39 sec)
Records: 5525  Duplicates: 0  Warnings: 0

Query OK, 0 rows affected (0.01 sec)

Query OK, 1118329 rows affected (1 min 31.92 sec)
Records: 1118329  Duplicates: 0  Warnings: 0

+--------------+
| rep_vodstats |
+--------------+
|      1118329 |
+--------------+
1 row in set (0.33 sec)

Database changed
Query OK, 0 rows affected (0.01 sec)

Query OK, 19614 rows affected (45.80 sec)
Records: 19614  Duplicates: 0  Warnings: 0

+--------+------------+----------+--------------+--------------+-----------+-------------+----------+--------+------+------------+---------+---------------+
| Table  | Non_unique | Key_name | Seq_in_index | Column_name  | Collation | Cardinality | Sub_part | Packed | Null | Index_type | Comment | Index_comment |
+--------+------------+----------+--------------+--------------+-----------+-------------+----------+--------+------+------------+---------+---------------+
| tempts |          1 | idxtts1  |            1 | device       | A         |       19805 |     NULL | NULL   | YES  | BTREE      |         |               |
| tempts |          1 | idxtts2  |            1 | sessionstart | A         |       19805 |     NULL | NULL   | YES  | BTREE      |         |               |
+--------+------------+----------+--------------+--------------+-----------+-------------+----------+--------+------+------------+---------+---------------+
2 rows in set (0.00 sec)

Query OK, 19729 rows affected (14.17 sec)
Records: 19729  Duplicates: 0  Warnings: 0

Query OK, 0 rows affected (0.01 sec)

Query OK, 46593 rows affected (44.84 sec)
Records: 46593  Duplicates: 0  Warnings: 0

+-------------+
| rep_tsstats |
+-------------+
|       46593 |
+-------------+
1 row in set (0.02 sec)

mysql> mysql \. C:\workspace\cloud\code\sql\_DailyScript\currenttime.sql
+---------------------+
| currenttime         |
+---------------------+
| 2021-04-13 05:35:54 |
+---------------------+
1 row in set (0.00 sec)

mysql> 
mysql> mysql \. C:\workspace\cloud\code\sql\_DailyScript\DAILY-SCRIPT-RADIO-STATS.sql
Database changed
Query OK, 0 rows affected (0.03 sec)

Query OK, 379182 rows affected (4.33 sec)
Records: 379182  Duplicates: 0  Warnings: 0

+-----------+------------+----------+--------------+--------------+-----------+-------------+----------+--------+------+------------+---------+---------------+
| Table     | Non_unique | Key_name | Seq_in_index | Column_name  | Collation | Cardinality | Sub_part | Packed | Null | Index_type | Comment | Index_comment |
+-----------+------------+----------+--------------+--------------+-----------+-------------+----------+--------+------+------------+---------+---------------+
| tempradio |          1 | idxtrad1 |            1 | device       | A         |      380126 |     NULL | NULL   | YES  | BTREE      |         |               |
| tempradio |          1 | idxtrad2 |            1 | sessionstart | A         |      380126 |     NULL | NULL   | YES  | BTREE      |         |               |
+-----------+------------+----------+--------------+--------------+-----------+-------------+----------+--------+------+------------+---------+---------------+
2 rows in set (0.00 sec)

Query OK, 257 rows affected (0.77 sec)
Records: 257  Duplicates: 0  Warnings: 0

Query OK, 0 rows affected (0.01 sec)

Query OK, 6217 rows affected (0.50 sec)
Records: 6217  Duplicates: 0  Warnings: 0

+----------------+
| rep_radiostats |
+----------------+
|           6217 |
+----------------+
1 row in set (0.00 sec)

mysql> mysql \. C:\workspace\cloud\code\sql\_DailyScript\currenttime.sql
+---------------------+
| currenttime         |
+---------------------+
| 2021-04-13 05:35:59 |
+---------------------+
1 row in set (0.00 sec)

mysql> 
mysql> mysql \. C:\workspace\cloud\code\sql\_DailyScript\DAILY_SCRIPT_TELEMETRY_PIVOT_2021.sql
Query OK, 0 rows affected (0.01 sec)

Query OK, 140 rows affected (0.10 sec)
Records: 140  Duplicates: 0  Warnings: 0

Query OK, 0 rows affected (0.01 sec)

Query OK, 11428 rows affected (1.36 sec)
Records: 11428  Duplicates: 0  Warnings: 0

Query OK, 0 rows affected (0.01 sec)

Query OK, 5 rows affected (0.02 sec)
Records: 5  Duplicates: 0  Warnings: 0

Query OK, 0 rows affected (0.01 sec)

Query OK, 44 rows affected (0.04 sec)
Records: 44  Duplicates: 0  Warnings: 0

mysql> mysql \. C:\workspace\cloud\code\sql\_DailyScript\currenttime.sql
+---------------------+
| currenttime         |
+---------------------+
| 2021-04-13 05:36:01 |
+---------------------+
1 row in set (0.00 sec)

mysql> 
mysql> mysql \. C:\workspace\cloud\code\sql\_DailyScript\telemetry_livetv_ranking2021.sql
Query OK, 0 rows affected (0.01 sec)

Query OK, 140 rows affected (0.02 sec)
Records: 140  Duplicates: 0  Warnings: 0

mysql> mysql \. C:\workspace\cloud\code\sql\_DailyScript\currenttime.sql
+---------------------+
| currenttime         |
+---------------------+
| 2021-04-13 05:36:01 |
+---------------------+
1 row in set (0.00 sec)

mysql> 
mysql> mysql \. C:\workspace\cloud\code\sql\_DailyScript\telemetry_radio_ranking2021.sql
Query OK, 0 rows affected (0.00 sec)

Query OK, 5 rows affected (0.01 sec)
Records: 5  Duplicates: 0  Warnings: 0

mysql> mysql \. C:\workspace\cloud\code\sql\_DailyScript\currenttime.sql
+---------------------+
| currenttime         |
+---------------------+
| 2021-04-13 05:36:01 |
+---------------------+
1 row in set (0.00 sec)

mysql> 
mysql> mysql \. C:\workspace\cloud\code\sql\_DailyScript\telemetry_ts_ranking2021.sql
Query OK, 0 rows affected (0.01 sec)

Query OK, 44 rows affected (0.01 sec)
Records: 44  Duplicates: 0  Warnings: 0

mysql> mysql \. C:\workspace\cloud\code\sql\_DailyScript\currenttime.sql
+---------------------+
| currenttime         |
+---------------------+
| 2021-04-13 05:36:01 |
+---------------------+
1 row in set (0.00 sec)

mysql> 
mysql> mysql \. C:\workspace\cloud\code\sql\_DailyScript\telemetry_vod_ranking2021.sql
Query OK, 0 rows affected (0.01 sec)

Query OK, 11428 rows affected (0.51 sec)
Records: 11428  Duplicates: 0  Warnings: 0

mysql> mysql \. C:\workspace\cloud\code\sql\_DailyScript\currenttime.sql
+---------------------+
| currenttime         |
+---------------------+
| 2021-04-13 05:36:02 |
+---------------------+
1 row in set (0.00 sec)

mysql> 
mysql> mysql \. C:\workspace\cloud\code\sql\_DailyScript\telemetry_vod_ranking2021_1.sql
Query OK, 0 rows affected (0.01 sec)

Query OK, 11428 rows affected (0.25 sec)
Records: 11428  Duplicates: 0  Warnings: 0

mysql> mysql \. C:\workspace\cloud\code\sql\_DailyScript\currenttime.sql
+---------------------+
| currenttime         |
+---------------------+
| 2021-04-13 05:36:02 |
+---------------------+
1 row in set (0.00 sec)

mysql> 
mysql> mysql \. C:\workspace\cloud\code\sql\_DailyScript\telemetry_vod_ranking2021_2.sql
Query OK, 0 rows affected (0.00 sec)

Query OK, 11428 rows affected (0.22 sec)
Records: 11428  Duplicates: 0  Warnings: 0

mysql> mysql \. C:\workspace\cloud\code\sql\_DailyScript\currenttime.sql
+---------------------+
| currenttime         |
+---------------------+
| 2021-04-13 05:36:02 |
+---------------------+
1 row in set (0.00 sec)

mysql> 
mysql> mysql \. C:\workspace\cloud\code\sql\_DailyScript\DAILY-SCRIPT-CREATE-LOAD.sql
Database changed
Database changed
Query OK, 0 rows affected (0.02 sec)

Query OK, 0 rows affected (0.01 sec)

Database changed
Query OK, 67857 rows affected (2.33 sec)
Records: 67857  Deleted: 0  Skipped: 0  Warnings: 0

Query OK, 0 rows affected (0.13 sec)
Records: 0  Duplicates: 0  Warnings: 0

Query OK, 0 rows affected (0.22 sec)
Records: 0  Duplicates: 0  Warnings: 0

Query OK, 0 rows affected (0.24 sec)
Records: 0  Duplicates: 0  Warnings: 0

Query OK, 0 rows affected (0.22 sec)
Records: 0  Duplicates: 0  Warnings: 0

+---------+
| clients |
+---------+
|   67857 |
+---------+
1 row in set (0.02 sec)

Query OK, 0 rows affected (0.01 sec)

Query OK, 14989 rows affected (6.75 sec)
Records: 14989  Duplicates: 0  Warnings: 0

Query OK, 0 rows affected (0.05 sec)
Records: 0  Duplicates: 0  Warnings: 0

+-------------------+
| rcb_clientparcels |
+-------------------+
|             14989 |
+-------------------+
1 row in set (0.01 sec)

Query OK, 0 rows affected (0.01 sec)

Query OK, 83182 rows affected (3.17 sec)
Records: 83182  Duplicates: 0  Warnings: 0

Query OK, 0 rows affected (0.27 sec)
Records: 0  Duplicates: 0  Warnings: 0

Query OK, 0 rows affected (0.01 sec)

Query OK, 67857 rows affected (33.02 sec)
Records: 67857  Duplicates: 0  Warnings: 0

Query OK, 0 rows affected (0.20 sec)
Records: 0  Duplicates: 0  Warnings: 0

Query OK, 0 rows affected (0.22 sec)
Records: 0  Duplicates: 0  Warnings: 0

Query OK, 0 rows affected (0.17 sec)
Records: 0  Duplicates: 0  Warnings: 0

+---------------+
| clientaddress |
+---------------+
|         67857 |
+---------------+
1 row in set (0.02 sec)

Database changed
Query OK, 0 rows affected (0.02 sec)

Query OK, 0 rows affected (0.01 sec)

Database changed
Query OK, 544147 rows affected, 65535 warnings (15.13 sec)
Records: 544147  Deleted: 0  Skipped: 0  Warnings: 227164

Query OK, 0 rows affected (1.13 sec)
Records: 0  Duplicates: 0  Warnings: 0

Query OK, 0 rows affected (2.23 sec)
Records: 0  Duplicates: 0  Warnings: 0

Query OK, 0 rows affected (1.19 sec)
Records: 0  Duplicates: 0  Warnings: 0

Query OK, 0 rows affected (0.01 sec)

Query OK, 544147 rows affected (41.69 sec)
Records: 544147  Duplicates: 0  Warnings: 0

Query OK, 0 rows affected (1.86 sec)
Records: 0  Duplicates: 0  Warnings: 0

Query OK, 0 rows affected (1.39 sec)
Records: 0  Duplicates: 0  Warnings: 0

+-----------+
| contracts |
+-----------+
|    544147 |
+-----------+
1 row in set (0.14 sec)

+-----------------+
| contractaddress |
+-----------------+
|          544147 |
+-----------------+
1 row in set (0.15 sec)

Database changed
Query OK, 0 rows affected (0.00 sec)

Query OK, 0 rows affected (0.01 sec)

Query OK, 7915 rows affected (0.13 sec)
Records: 7915  Deleted: 0  Skipped: 0  Warnings: 0

Query OK, 0 rows affected (0.01 sec)

Query OK, 7883 rows affected (0.15 sec)
Records: 7883  Duplicates: 0  Warnings: 0

Query OK, 0 rows affected (0.04 sec)
Records: 0  Duplicates: 0  Warnings: 0

Query OK, 0 rows affected (0.03 sec)
Records: 0  Duplicates: 0  Warnings: 0

Query OK, 0 rows affected (0.02 sec)
Records: 0  Duplicates: 0  Warnings: 0

Query OK, 0 rows affected (0.01 sec)

Query OK, 5957 rows affected (0.05 sec)
Records: 5957  Duplicates: 0  Warnings: 0

Query OK, 0 rows affected (0.03 sec)
Records: 0  Duplicates: 0  Warnings: 0

+-------------------+
| contractdiscounts |
+-------------------+
|              7915 |
+-------------------+
1 row in set (0.00 sec)

+-------------------------+
| clientcontractdiscounts |
+-------------------------+
|                    7883 |
+-------------------------+
1 row in set (0.00 sec)

+----------------------------+
| clientcontractlastdiscount |
+----------------------------+
|                       5957 |
+----------------------------+
1 row in set (0.00 sec)

Database changed
Query OK, 0 rows affected (0.02 sec)

Query OK, 0 rows affected (0.01 sec)

Database changed
Query OK, 145353 rows affected, 8 warnings (2.46 sec)
Records: 145353  Deleted: 0  Skipped: 0  Warnings: 8

Query OK, 0 rows affected (0.24 sec)
Records: 0  Duplicates: 0  Warnings: 0

Query OK, 0 rows affected (0.28 sec)
Records: 0  Duplicates: 0  Warnings: 0

Query OK, 0 rows affected (0.28 sec)
Records: 0  Duplicates: 0  Warnings: 0

Query OK, 0 rows affected (0.27 sec)
Records: 0  Duplicates: 0  Warnings: 0

Query OK, 0 rows affected (0.35 sec)
Records: 0  Duplicates: 0  Warnings: 0

Query OK, 0 rows affected (0.52 sec)
Records: 0  Duplicates: 0  Warnings: 0

Query OK, 0 rows affected (0.04 sec)

Query OK, 1849940 rows affected (1 min 31.85 sec)
Records: 1849940  Duplicates: 0  Warnings: 0

Query OK, 0 rows affected (6.40 sec)
Records: 0  Duplicates: 0  Warnings: 0

+---------+
| devices |
+---------+
|  145353 |
+---------+
1 row in set (0.05 sec)

+-----------------------+
| clientcontractdevices |
+-----------------------+
|               1849940 |
+-----------------------+
1 row in set (0.71 sec)

Query OK, 0 rows affected (0.02 sec)

Query OK, 145261 rows affected (5.74 sec)
Records: 145261  Duplicates: 0  Warnings: 0

+---------------------------+
| rep_clientcontractdevices |
+---------------------------+
|                    145261 |
+---------------------------+
1 row in set (0.04 sec)

Database changed
Query OK, 0 rows affected (0.01 sec)

Query OK, 0 rows affected (0.01 sec)

Query OK, 320454 rows affected (7.25 sec)
Records: 320454  Deleted: 0  Skipped: 0  Warnings: 0

Query OK, 0 rows affected (0.73 sec)
Records: 0  Duplicates: 0  Warnings: 0

Query OK, 0 rows affected (0.64 sec)
Records: 0  Duplicates: 0  Warnings: 0

Query OK, 0 rows affected (0.63 sec)
Records: 0  Duplicates: 0  Warnings: 0

Query OK, 0 rows affected (0.57 sec)
Records: 0  Duplicates: 0  Warnings: 0

+---------+
| tickets |
+---------+
|  320454 |
+---------+
1 row in set (0.09 sec)

Database changed
Query OK, 0 rows affected (0.01 sec)

Query OK, 0 rows affected (0.01 sec)

Empty set (0.00 sec)

Query OK, 0 rows affected (0.01 sec)
Records: 0  Duplicates: 0  Warnings: 0

Query OK, 372 rows affected, 2 warnings (0.02 sec)
Records: 372  Deleted: 0  Skipped: 0  Warnings: 2

+-----------------+
| tickettechusers |
+-----------------+
|             372 |
+-----------------+
1 row in set (0.00 sec)

Database changed
Query OK, 0 rows affected (0.01 sec)

Query OK, 0 rows affected (0.01 sec)

Query OK, 0 rows affected (0.01 sec)
Records: 0  Duplicates: 0  Warnings: 0

Query OK, 711879 rows affected, 49680 warnings (11.34 sec)
Records: 711879  Deleted: 0  Skipped: 0  Warnings: 49680

+-------------------+
| ticketassignments |
+-------------------+
|            711879 |
+-------------------+
1 row in set (0.20 sec)

Database changed
Query OK, 0 rows affected (0.02 sec)

Query OK, 0 rows affected (0.01 sec)

Query OK, 1429917 rows affected (15.74 sec)
Records: 1429917  Deleted: 0  Skipped: 0  Warnings: 0

Query OK, 0 rows affected (2.41 sec)
Records: 0  Duplicates: 0  Warnings: 0

Query OK, 0 rows affected (2.52 sec)
Records: 0  Duplicates: 0  Warnings: 0

Query OK, 0 rows affected (2.32 sec)
Records: 0  Duplicates: 0  Warnings: 0

Query OK, 0 rows affected (2.80 sec)
Records: 0  Duplicates: 0  Warnings: 0

+----------------+
| ticketcomments |
+----------------+
|        1429917 |
+----------------+
1 row in set (0.40 sec)

Database changed
Query OK, 0 rows affected (0.01 sec)

Query OK, 0 rows affected (0.01 sec)

Query OK, 479932 rows affected (36.38 sec)
Records: 479932  Deleted: 0  Skipped: 0  Warnings: 0

Query OK, 0 rows affected (2.17 sec)
Records: 0  Duplicates: 0  Warnings: 0

+----------+
| comments |
+----------+
|   479932 |
+----------+
1 row in set (0.14 sec)

Database changed
Query OK, 0 rows affected (0.03 sec)

Query OK, 0 rows affected (0.01 sec)

Query OK, 1686691 rows affected, 65535 warnings (1 min 16.09 sec)
Records: 1686691  Deleted: 0  Skipped: 0  Warnings: 1686744

Query OK, 0 rows affected (3.05 sec)
Records: 0  Duplicates: 0  Warnings: 0

Query OK, 0 rows affected (3.50 sec)
Records: 0  Duplicates: 0  Warnings: 0

Query OK, 0 rows affected (3.52 sec)
Records: 0  Duplicates: 0  Warnings: 0

Query OK, 0 rows affected (3.43 sec)
Records: 0  Duplicates: 0  Warnings: 0

Query OK, 0 rows affected (5.51 sec)
Records: 0  Duplicates: 0  Warnings: 0

+------------+
| devicesold |
+------------+
|    1686691 |
+------------+
1 row in set (0.45 sec)

Database changed
Query OK, 0 rows affected (0.02 sec)

Query OK, 0 rows affected (0.01 sec)

Query OK, 1843270 rows affected (22.51 sec)
Records: 1843270  Deleted: 0  Skipped: 0  Warnings: 0

Query OK, 0 rows affected (3.37 sec)
Records: 0  Duplicates: 0  Warnings: 0

Query OK, 0 rows affected (3.79 sec)
Records: 0  Duplicates: 0  Warnings: 0

Query OK, 0 rows affected (3.73 sec)
Records: 0  Duplicates: 0  Warnings: 0

+------------------+
| contractservices |
+------------------+
|          1843270 |
+------------------+
1 row in set (0.49 sec)

Database changed
Query OK, 0 rows affected (0.06 sec)

Query OK, 0 rows affected (0.01 sec)

Query OK, 4584209 rows affected (1 min 54.75 sec)
Records: 4584209  Deleted: 0  Skipped: 0  Warnings: 0

Query OK, 0 rows affected (16.19 sec)
Records: 0  Duplicates: 0  Warnings: 0

Query OK, 0 rows affected (16.51 sec)
Records: 0  Duplicates: 0  Warnings: 0

Query OK, 0 rows affected (13.55 sec)
Records: 0  Duplicates: 0  Warnings: 0

Query OK, 0 rows affected (13.13 sec)
Records: 0  Duplicates: 0  Warnings: 0

Query OK, 0 rows affected (10.97 sec)
Records: 0  Duplicates: 0  Warnings: 0

+------------------+
| invoicescontents |
+------------------+
|          4584209 |
+------------------+
1 row in set (1.27 sec)

Database changed
Query OK, 0 rows affected (0.07 sec)

Query OK, 0 rows affected (0.01 sec)

Query OK, 3247421 rows affected (2 min 59.76 sec)
Records: 3247421  Deleted: 0  Skipped: 0  Warnings: 0

Query OK, 0 rows affected (17.12 sec)
Records: 0  Duplicates: 0  Warnings: 0

Query OK, 0 rows affected (13.32 sec)
Records: 0  Duplicates: 0  Warnings: 0

Query OK, 0 rows affected (10.78 sec)
Records: 0  Duplicates: 0  Warnings: 0

Query OK, 0 rows affected (13.41 sec)
Records: 0  Duplicates: 0  Warnings: 0

Query OK, 0 rows affected (13.13 sec)
Records: 0  Duplicates: 0  Warnings: 0

Query OK, 0 rows affected (11.03 sec)
Records: 0  Duplicates: 0  Warnings: 0

+----------------+
| invoicesheader |
+----------------+
|        3247421 |
+----------------+
1 row in set (0.91 sec)

Database changed
Query OK, 0 rows affected (0.05 sec)

Query OK, 0 rows affected (0.01 sec)

Query OK, 3237326 rows affected (1 min 21.00 sec)
Records: 3237326  Deleted: 0  Skipped: 0  Warnings: 0

Query OK, 0 rows affected (11.31 sec)
Records: 0  Duplicates: 0  Warnings: 0

Query OK, 0 rows affected (8.64 sec)
Records: 0  Duplicates: 0  Warnings: 0

Query OK, 0 rows affected (8.10 sec)
Records: 0  Duplicates: 0  Warnings: 0

Query OK, 0 rows affected (7.63 sec)
Records: 0  Duplicates: 0  Warnings: 0

Query OK, 0 rows affected (9.70 sec)
Records: 0  Duplicates: 0  Warnings: 0

+---------+
| casa    |
+---------+
| 3237326 |
+---------+
1 row in set (0.89 sec)

Query OK, 0 rows affected (0.01 sec)

Query OK, 15954 rows affected (1 min 22.89 sec)
Records: 15954  Duplicates: 0  Warnings: 0

+--------------------+
| rep_paycol_channel |
+--------------------+
|              15954 |
+--------------------+
1 row in set (0.01 sec)

Query OK, 0 rows affected (0.01 sec)

Query OK, 12078 rows affected (1 min 42.24 sec)
Records: 12078  Duplicates: 0  Warnings: 0

+----------------+
| rep_paycol_pos |
+----------------+
|          12078 |
+----------------+
1 row in set (0.01 sec)

Database changed
Query OK, 0 rows affected (0.01 sec)

Query OK, 0 rows affected (0.01 sec)

Database changed
Query OK, 40108 rows affected (0.74 sec)
Records: 40108  Deleted: 0  Skipped: 0  Warnings: 0

+-------+
| users |
+-------+
| 40108 |
+-------+
1 row in set (0.01 sec)

Query OK, 0 rows affected (0.08 sec)
Records: 0  Duplicates: 0  Warnings: 0

Database changed
Query OK, 0 rows affected (0.03 sec)

Query OK, 0 rows affected (0.01 sec)

Query OK, 1872898 rows affected, 2 warnings (27.58 sec)
Records: 1872898  Deleted: 0  Skipped: 0  Warnings: 2

Query OK, 0 rows affected (3.24 sec)
Records: 0  Duplicates: 0  Warnings: 0

Query OK, 0 rows affected (3.67 sec)
Records: 0  Duplicates: 0  Warnings: 0

Query OK, 0 rows affected (3.67 sec)
Records: 0  Duplicates: 0  Warnings: 0

Query OK, 0 rows affected (3.20 sec)
Records: 0  Duplicates: 0  Warnings: 0

Query OK, 0 rows affected (3.14 sec)
Records: 0  Duplicates: 0  Warnings: 0

+-------------+
| useractions |
+-------------+
|     1872898 |
+-------------+
1 row in set (0.49 sec)

Database changed
Query OK, 0 rows affected (0.08 sec)

Query OK, 0 rows affected (0.01 sec)

Database changed
Query OK, 28037947 rows affected (4 min 51.02 sec)
Records: 28037947  Deleted: 0  Skipped: 0  Warnings: 0

Query OK, 0 rows affected (1 min 13.34 sec)
Records: 0  Duplicates: 0  Warnings: 0

Query OK, 0 rows affected (1 min 9.54 sec)
Records: 0  Duplicates: 0  Warnings: 0

Query OK, 0 rows affected (1 min 14.10 sec)
Records: 0  Duplicates: 0  Warnings: 0

Query OK, 0 rows affected (1 min 3.00 sec)
Records: 0  Duplicates: 0  Warnings: 0

Query OK, 0 rows affected (1 min 20.64 sec)
Records: 0  Duplicates: 0  Warnings: 0

+----------+
| ipusage1 |
+----------+
| 28037947 |
+----------+
1 row in set (9.43 sec)

Query OK, 0 rows affected (0.03 sec)

Query OK, 1843212 rows affected (22.36 sec)
Records: 1843212  Duplicates: 0  Warnings: 0

Query OK, 0 rows affected (12.04 sec)
Records: 0  Duplicates: 0  Warnings: 0

Query OK, 0 rows affected (3.50 sec)
Records: 0  Duplicates: 0  Warnings: 0

Query OK, 0 rows affected (4.98 sec)
Records: 0  Duplicates: 0  Warnings: 0

+------------------------------+
| contractsservicepackageprice |
+------------------------------+
|                      1843212 |
+------------------------------+
1 row in set (0.48 sec)

Query OK, 0 rows affected (0.04 sec)

Query OK, 1843475 rows affected (2 min 5.39 sec)
Records: 1843475  Duplicates: 0  Warnings: 0

Query OK, 0 rows affected (10.85 sec)
Records: 0  Duplicates: 0  Warnings: 0

Query OK, 0 rows affected (9.58 sec)
Records: 0  Duplicates: 0  Warnings: 0

Query OK, 0 rows affected (4.54 sec)
Records: 0  Duplicates: 0  Warnings: 0

Query OK, 0 rows affected (7.53 sec)
Records: 0  Duplicates: 0  Warnings: 0

+------------------------------------+
| clientcontractsservicepackageprice |
+------------------------------------+
|                            1843475 |
+------------------------------------+
1 row in set (0.48 sec)

mysql> mysql \. C:\workspace\cloud\code\sql\_DailyScript\currenttime.sql
+---------------------+
| currenttime         |
+---------------------+
| 2021-04-13 06:11:07 |
+---------------------+
1 row in set (0.00 sec)

mysql> 
mysql> mysql \. C:\workspace\cloud\code\sql\_DailyScript\ticket_analysis.sql
Database changed
Query OK, 0 rows affected (0.03 sec)

Query OK, 790877 rows affected (22.61 sec)
Records: 790877  Duplicates: 0  Warnings: 0

Query OK, 0 rows affected (3.10 sec)
Records: 0  Duplicates: 0  Warnings: 0

Query OK, 0 rows affected (1.59 sec)
Records: 0  Duplicates: 0  Warnings: 0

Query OK, 0 rows affected (1.52 sec)
Records: 0  Duplicates: 0  Warnings: 0

Query OK, 0 rows affected (0.01 sec)

Query OK, 24715 rows affected (12.62 sec)
Records: 24715  Duplicates: 0  Warnings: 0

Query OK, 0 rows affected, 1 warning (0.00 sec)

Query OK, 114216 rows affected (7.87 sec)
Records: 114216  Duplicates: 0  Warnings: 0

Query OK, 0 rows affected, 1 warning (0.00 sec)

Query OK, 581865 rows affected (15.37 sec)
Records: 581865  Duplicates: 0  Warnings: 0

Query OK, 0 rows affected, 1 warning (0.00 sec)

Query OK, 581865 rows affected (15.76 sec)
Records: 581865  Duplicates: 0  Warnings: 0

Query OK, 0 rows affected (0.01 sec)

Query OK, 114324 rows affected (5.44 sec)
Records: 114324  Duplicates: 0  Warnings: 0

Database changed
Query OK, 0 rows affected (0.00 sec)

Query OK, 0 rows affected (0.02 sec)

Query OK, 790877 rows affected (24.59 sec)
Records: 790877  Duplicates: 0  Warnings: 0

Query OK, 0 rows affected (0.01 sec)

Query OK, 404428 rows affected (15.34 sec)
Records: 404428  Duplicates: 0  Warnings: 0

+--------------------------+
| clientticket_cmmtjourney |
+--------------------------+
|                   790877 |
+--------------------------+
1 row in set (0.99 sec)

+---------------------------+
| clientticket_assgnjourney |
+---------------------------+
|                    404428 |
+---------------------------+
1 row in set (0.18 sec)

Query OK, 0 rows affected (0.01 sec)

Query OK, 82 rows affected (0.12 sec)
Records: 82  Duplicates: 0  Warnings: 0

mysql> mysql \. C:\workspace\cloud\code\sql\_DailyScript\currenttime.sql
+---------------------+
| currenttime         |
+---------------------+
| 2021-04-13 06:13:15 |
+---------------------+
1 row in set (0.00 sec)

mysql> 
mysql> mysql \. C:\workspace\cloud\code\sql\_DailyScript\load_DailyCalls.sql
Database changed
Query OK, 536 rows affected (0.16 sec)
Records: 536  Deleted: 0  Skipped: 0  Warnings: 0

Query OK, 0 rows affected, 1 warning (0.00 sec)

Query OK, 536 rows affected (0.03 sec)
Records: 536  Duplicates: 0  Warnings: 0

Query OK, 0 rows affected, 1 warning (0.00 sec)

Query OK, 69108 rows affected (0.37 sec)
Records: 69108  Duplicates: 0  Warnings: 0

+----------------------+
| callingclientsbefore |
+----------------------+
|              1165088 |
+----------------------+
1 row in set (0.49 sec)

Query OK, 686 rows affected (11.55 sec)
Records: 686  Duplicates: 0  Warnings: 0

+---------------------+
| callingclientsafter |
+---------------------+
|             1165774 |
+---------------------+
1 row in set (0.32 sec)

Query OK, 0 rows affected (0.01 sec)

Query OK, 349 rows affected (4.04 sec)
Records: 349  Duplicates: 0  Warnings: 0

Query OK, 0 rows affected (0.00 sec)

Query OK, 22812 rows affected (3.70 sec)
Records: 22812  Duplicates: 0  Warnings: 0

+-----------+
| callstats |
+-----------+
|     22812 |
+-----------+
1 row in set (0.01 sec)

Query OK, 0 rows affected, 1 warning (0.00 sec)

Query OK, 686 rows affected (2.94 sec)
Records: 686  Duplicates: 0  Warnings: 0

+------------------------+
| rep_cccallreportbefore |
+------------------------+
|                1166525 |
+------------------------+
1 row in set (0.31 sec)

Query OK, 686 rows affected (0.18 sec)
Records: 686  Duplicates: 0  Warnings: 0

+-----------------------+
| rep_cccallreportafter |
+-----------------------+
|               1167211 |
+-----------------------+
1 row in set (0.31 sec)

Query OK, 0 rows affected (0.00 sec)

mysql> mysql \. C:\workspace\cloud\code\sql\_DailyScript\currenttime.sql
+---------------------+
| currenttime         |
+---------------------+
| 2021-04-13 06:13:39 |
+---------------------+
1 row in set (0.00 sec)

mysql> 
mysql> mysql \. C:\workspace\cloud\code\sql\_DailyScript\DAILY-SCRIPT-USAGE.sql
Database changed
Query OK, 0 rows affected (0.00 sec)

Query OK, 4175 rows affected, 12075 warnings (0.95 sec)
Records: 4175  Deleted: 0  Skipped: 0  Warnings: 12075

Query OK, 0 rows affected (0.00 sec)

Query OK, 6291 rows affected, 18112 warnings (1.04 sec)
Records: 6291  Deleted: 0  Skipped: 0  Warnings: 18112

Query OK, 0 rows affected (0.00 sec)

Query OK, 272 rows affected, 965 warnings (0.03 sec)
Records: 272  Deleted: 0  Skipped: 0  Warnings: 965

Query OK, 0 rows affected (0.00 sec)

Query OK, 152 rows affected, 530 warnings (0.02 sec)
Records: 152  Deleted: 0  Skipped: 0  Warnings: 530

+------------+
| dailyusage |
+------------+
|   17174155 |
+------------+
1 row in set (6.24 sec)

+------------+------------+------------+---------+
| datestart  | dateend    | insertedon | records |
+------------+------------+------------+---------+
| 2021-04-12 | 2021-04-12 | 2021-04-13 |   10890 |
| 2021-04-11 | 2021-04-11 | 2021-04-12 |   10671 |
| 2021-04-10 | 2021-04-10 | 2021-04-11 |   10810 |
| 2021-04-09 | 2021-04-09 | 2021-04-10 |   10700 |
| 2021-04-08 | 2021-04-08 | 2021-04-09 |   10725 |
+------------+------------+------------+---------+
5 rows in set (33.15 sec)

+----------+------------+------------+------------+---------+
| category | datestart  | dateend    | insertedon | records |
+----------+------------+------------+------------+---------+
| UNCAPPED | 2021-04-12 | 2021-04-12 | 2021-04-13 |    6291 |
| PREPAID  | 2021-04-12 | 2021-04-12 | 2021-04-13 |     272 |
| HOTSPOT  | 2021-04-12 | 2021-04-12 | 2021-04-13 |     152 |
| CAPPED   | 2021-04-12 | 2021-04-12 | 2021-04-13 |    4175 |
| UNCAPPED | 2021-04-11 | 2021-04-11 | 2021-04-12 |    6102 |
| PREPAID  | 2021-04-11 | 2021-04-11 | 2021-04-12 |     278 |
| HOTSPOT  | 2021-04-11 | 2021-04-11 | 2021-04-12 |     159 |
| CAPPED   | 2021-04-11 | 2021-04-11 | 2021-04-12 |    4132 |
| UNCAPPED | 2021-04-10 | 2021-04-10 | 2021-04-11 |    6256 |
| PREPAID  | 2021-04-10 | 2021-04-10 | 2021-04-11 |     260 |
| HOTSPOT  | 2021-04-10 | 2021-04-10 | 2021-04-11 |     143 |
| CAPPED   | 2021-04-10 | 2021-04-10 | 2021-04-11 |    4151 |
| UNCAPPED | 2021-04-09 | 2021-04-09 | 2021-04-10 |    6113 |
| PREPAID  | 2021-04-09 | 2021-04-09 | 2021-04-10 |     264 |
| HOTSPOT  | 2021-04-09 | 2021-04-09 | 2021-04-10 |     162 |
| CAPPED   | 2021-04-09 | 2021-04-09 | 2021-04-10 |    4161 |
| UNCAPPED | 2021-04-08 | 2021-04-08 | 2021-04-09 |    6110 |
| PREPAID  | 2021-04-08 | 2021-04-08 | 2021-04-09 |     264 |
| HOTSPOT  | 2021-04-08 | 2021-04-08 | 2021-04-09 |     169 |
| CAPPED   | 2021-04-08 | 2021-04-08 | 2021-04-09 |    4182 |
+----------+------------+------------+------------+---------+
20 rows in set (25.42 sec)

mysql> mysql \. C:\workspace\cloud\code\sql\_DailyScript\currenttime.sql
+---------------------+
| currenttime         |
+---------------------+
| 2021-04-13 06:14:46 |
+---------------------+
1 row in set (0.00 sec)

mysql> 
mysql> mysql \. C:\workspace\cloud\code\sql\_DailyScript\DAILY-SCRIPT-SALES-TELEMETRY.sql
Database changed
Query OK, 105 rows affected, 71 warnings (0.03 sec)
Records: 105  Deleted: 0  Skipped: 0  Warnings: 71

+------------+
| dailysales |
+------------+
|     229578 |
+------------+
1 row in set (0.24 sec)

Query OK, 0 rows affected (0.01 sec)

Query OK, 229578 rows affected (15.97 sec)
Records: 229578  Duplicates: 0  Warnings: 0

+--------+
| sales  |
+--------+
| 229578 |
+--------+
1 row in set (0.10 sec)

Query OK, 0 rows affected (0.01 sec)

Query OK, 3773 rows affected (0.37 sec)
Records: 3773  Duplicates: 0  Warnings: 0

+----------------+
| rep_dailysales |
+----------------+
|           3773 |
+----------------+
1 row in set (0.00 sec)

Query OK, 0 rows affected (0.01 sec)

Query OK, 3773 rows affected (0.61 sec)
Records: 3773  Duplicates: 0  Warnings: 0

+-------------------+
| rep_dailysalesreg |
+-------------------+
|              3773 |
+-------------------+
1 row in set (0.00 sec)

Query OK, 0 rows affected (0.01 sec)

Query OK, 2905 rows affected (0.72 sec)
Records: 2905  Duplicates: 0  Warnings: 0

+-----------+
| saleslist |
+-----------+
|      2905 |
+-----------+
1 row in set (0.00 sec)

Database changed
ERROR 2 (HY000): File 'C:\ProgramData\MySQL\MySQL Server 5.7\Uploads\_csv\PrepaidCardSales-12042021-P1.csv' not found (Errcode: 2 - No such file or directory)
+------------------+
| dailysinglesales |
+------------------+
|             6495 |
+------------------+
1 row in set (0.01 sec)

Database changed
Query OK, 5 rows affected (0.07 sec)
Records: 5  Deleted: 0  Skipped: 0  Warnings: 0

+-----------------+
| dailyaddonsales |
+-----------------+
|           22996 |
+-----------------+
1 row in set (0.03 sec)

Query OK, 211 rows affected (0.08 sec)
Records: 211  Deleted: 0  Skipped: 0  Warnings: 0

+----------------+
| onlinepayments |
+----------------+
|         177529 |
+----------------+
1 row in set (0.12 sec)

+-------------+----------------+---------------------+
| paymentdate | onlinepayments | onlinepaymentamount |
+-------------+----------------+---------------------+
| 2021-04-12  |            211 |        138096.64000 |
| 2021-04-11  |            177 |        110574.69000 |
| 2021-04-10  |            217 |        143548.30000 |
| 2021-04-09  |            210 |        137418.31000 |
| 2021-04-08  |            261 |        159685.21000 |
+-------------+----------------+---------------------+
5 rows in set (0.53 sec)

+-------------+--------------+----------------+---------------------+
| paymentyear | paymentmonth | onlinepayments | onlinepaymentamount |
+-------------+--------------+----------------+---------------------+
|        2021 |            4 |           3396 |       2202328.35000 |
|        2021 |            3 |           9164 |       5894594.15000 |
|        2021 |            2 |           8581 |       5454096.95000 |
|        2021 |            1 |           9124 |       5808374.04000 |
|        2021 |         NULL |          30265 |      19359393.49000 |
+-------------+--------------+----------------+---------------------+
5 rows in set (0.17 sec)

mysql> mysql \. C:\workspace\cloud\code\sql\_DailyScript\currenttime.sql
+---------------------+
| currenttime         |
+---------------------+
| 2021-04-13 06:15:05 |
+---------------------+
1 row in set (0.01 sec)

mysql> 
mysql> mysql \. C:\workspace\cloud\code\sql\_DailyScript\DAILY-SCRIPT-ACTIVENUMBERS.sql
Database changed
Query OK, 1140 rows affected (0.50 sec)
Records: 1140  Deleted: 0  Skipped: 0  Warnings: 0

+------------+----------+
| period     | count(1) |
+------------+----------+
| 2021-04-12 |     1140 |
| 2021-04-11 |     1141 |
| 2021-04-10 |     1141 |
| 2021-04-09 |     1142 |
| 2021-04-08 |     1139 |
+------------+----------+
5 rows in set (0.01 sec)

Query OK, 0 rows affected (0.01 sec)

Query OK, 78 rows affected (1.40 sec)
Records: 78  Duplicates: 0  Warnings: 0

+-------------+
| packagelist |
+-------------+
|          78 |
+-------------+
1 row in set (0.00 sec)

Database changed
Query OK, 0 rows affected (0.00 sec)

Query OK, 0 rows affected (0.00 sec)

Query OK, 0 rows affected (0.00 sec)

Query OK, 0 rows affected (0.00 sec)

Query OK, 28596 rows affected, 223 warnings (18.26 sec)
Records: 28596  Deleted: 0  Skipped: 0  Warnings: 223

+------------+----------+
| period     | count(1) |
+------------+----------+
| 2021-04-12 |    28596 |
| 2021-04-11 |    28515 |
| 2021-04-10 |    28619 |
| 2021-04-09 |    28645 |
| 2021-04-08 |    28583 |
+------------+----------+
5 rows in set (0.12 sec)

Query OK, 0 rows affected (0.01 sec)

Query OK, 28024 rows affected (49.17 sec)
Records: 28024  Duplicates: 0  Warnings: 0

Query OK, 0 rows affected (0.11 sec)
Records: 0  Duplicates: 0  Warnings: 0

Query OK, 0 rows affected (0.13 sec)
Records: 0  Duplicates: 0  Warnings: 0

Query OK, 0 rows affected (0.10 sec)
Records: 0  Duplicates: 0  Warnings: 0

Query OK, 0 rows affected (0.08 sec)
Records: 0  Duplicates: 0  Warnings: 0

Query OK, 0 rows affected (0.07 sec)
Records: 0  Duplicates: 0  Warnings: 0

Query OK, 0 rows affected (0.07 sec)
Records: 0  Duplicates: 0  Warnings: 0

+-------------+
| countbefore |
+-------------+
|    44912790 |
+-------------+
1 row in set (17.65 sec)

Query OK, 28024 rows affected (5.31 sec)
Records: 28024  Duplicates: 0  Warnings: 0

+------------+
| countafter |
+------------+
|   44940814 |
+------------+
1 row in set (15.40 sec)

+------------+--------------------------+
| period     | customercontractactivity |
+------------+--------------------------+
| 2021-04-12 |                    28024 |
| 2021-04-11 |                    27943 |
| 2021-04-10 |                    28047 |
| 2021-04-09 |                    28073 |
| 2021-04-08 |                    28011 |
+------------+--------------------------+
5 rows in set (0.06 sec)

Query OK, 0 rows affected (0.01 sec)

Query OK, 299704 rows affected (8 min 8.27 sec)
Records: 299704  Duplicates: 0  Warnings: 0

Query OK, 0 rows affected (0.97 sec)
Records: 0  Duplicates: 0  Warnings: 0

Query OK, 0 rows affected (1.14 sec)
Records: 0  Duplicates: 0  Warnings: 0

Query OK, 0 rows affected (1.11 sec)
Records: 0  Duplicates: 0  Warnings: 0

Query OK, 0 rows affected (0.01 sec)

Query OK, 234 rows affected (0.45 sec)
Records: 234  Duplicates: 0  Warnings: 0

Query OK, 0 rows affected (0.01 sec)

Query OK, 2727 rows affected (0.63 sec)
Records: 2727  Duplicates: 0  Warnings: 0

Query OK, 0 rows affected (0.01 sec)

Query OK, 28001 rows affected (0.56 sec)
Records: 28001  Duplicates: 0  Warnings: 0

Query OK, 0 rows affected (0.01 sec)

Query OK, 17210 rows affected (0.38 sec)
Records: 17210  Duplicates: 0  Warnings: 0

Query OK, 0 rows affected (0.01 sec)

Query OK, 17210 rows affected (0.13 sec)
Records: 17210  Duplicates: 0  Warnings: 0

Query OK, 0 rows affected (0.01 sec)

Query OK, 17210 rows affected (1.23 sec)
Records: 17210  Duplicates: 0  Warnings: 0

Query OK, 0 rows affected (0.01 sec)

Query OK, 17210 rows affected (44.55 sec)
Records: 17210  Duplicates: 0  Warnings: 0

+-------------+
| clientstats |
+-------------+
|       17210 |
+-------------+
1 row in set (0.01 sec)

Query OK, 0 rows affected (0.00 sec)

Query OK, 13 rows affected, 1 warning (0.09 sec)
Records: 13  Duplicates: 0  Warnings: 1

+-----------------------+-------------+-------------+----------------+-----------------+
| services              | activecount | allaccounts | uniqueaccounts | uniquecontracts |
+-----------------------+-------------+-------------+----------------+-----------------+
| All                   |         389 |          66 |             66 |             210 |
| Internet & OTT        |           2 |           1 |              1 |               1 |
| Internet & Voice      |         352 |         157 |            157 |             308 |
| Internet Only         |        4340 |        4225 |           4220 |            4267 |
| OTT Only              |           6 |           2 |              2 |               6 |
| TV & Internet         |        9772 |        4392 |           4386 |            8964 |
| TV & Internet & OTT   |        3599 |         916 |            911 |            1904 |
| TV & Internet & Voice |         530 |         151 |            151 |             463 |
| TV & OTT              |         553 |          88 |             86 |             109 |
| TV & Voice            |          82 |          38 |             38 |              77 |
| TV Only               |        8967 |        7044 |           7034 |            7232 |
| Voice Only            |         132 |         130 |            130 |             132 |
| GRAND TOTAL           |       28724 |       17210 |          17147 |           23673 |
+-----------------------+-------------+-------------+----------------+-----------------+
13 rows in set (0.00 sec)

+-------------+-------------+-------------+----------------+-----------------+
| network     | activecount | allaccounts | uniqueaccounts | uniquecontracts |
+-------------+-------------+-------------+----------------+-----------------+
| GPON        |       11289 |        5620 |           5617 |            8884 |
| HFC         |       17435 |       11590 |          11590 |           14789 |
| GRAND TOTAL |       28724 |       17210 |          17147 |           23673 |
+-------------+-------------+-------------+----------------+-----------------+
3 rows in set, 1 warning (0.12 sec)

+-------------+-----------------------+-------------+-------------+----------------+-----------------+
| network     | services              | activecount | allaccounts | uniqueaccounts | uniquecontracts |
+-------------+-----------------------+-------------+-------------+----------------+-----------------+
| GPON        | All                   |         247 |          44 |             44 |             138 |
| GPON        | Internet & Voice      |          88 |          37 |             37 |              78 |
| GPON        | Internet Only         |        1349 |        1252 |           1252 |            1278 |
| GPON        | TV & Internet         |        4730 |        2084 |           2084 |            4295 |
| GPON        | TV & Internet & OTT   |        2318 |         584 |            584 |            1223 |
| GPON        | TV & Internet & Voice |         257 |          68 |             68 |             211 |
| GPON        | TV & OTT              |         326 |          51 |             51 |              62 |
| GPON        | TV & Voice            |          50 |          23 |             23 |              47 |
| GPON        | TV Only               |        1910 |        1464 |           1464 |            1538 |
| GPON        | Voice Only            |          14 |          13 |             13 |              14 |
| GPON        | Services Total        |       11289 |        5620 |           5617 |            8884 |
| HFC         | All                   |         142 |          22 |             22 |              72 |
| HFC         | Internet & OTT        |           2 |           1 |              1 |               1 |
| HFC         | Internet & Voice      |         264 |         120 |            120 |             230 |
| HFC         | Internet Only         |        2991 |        2973 |           2973 |            2989 |
| HFC         | OTT Only              |           6 |           2 |              2 |               6 |
| HFC         | TV & Internet         |        5042 |        2308 |           2308 |            4669 |
| HFC         | TV & Internet & OTT   |        1281 |         332 |            332 |             681 |
| HFC         | TV & Internet & Voice |         273 |          83 |             83 |             252 |
| HFC         | TV & OTT              |         227 |          37 |             37 |              47 |
| HFC         | TV & Voice            |          32 |          15 |             15 |              30 |
| HFC         | TV Only               |        7057 |        5580 |           5580 |            5694 |
| HFC         | Voice Only            |         118 |         117 |            117 |             118 |
| HFC         | Services Total        |       17435 |       11590 |          11590 |           14789 |
| GRAND TOTAL | Services Total        |       28724 |       17210 |          17147 |           23673 |
+-------------+-----------------------+-------------+-------------+----------------+-----------------+
25 rows in set, 2 warnings (0.14 sec)

Query OK, 0 rows affected (0.01 sec)

Query OK, 44 rows affected, 3 warnings (0.18 sec)
Records: 44  Duplicates: 0  Warnings: 3

+-------------+---------------+-----------------------+-------------+-------------+----------------+-----------------+
| region      | network       | services              | activecount | allaccounts | uniqueaccounts | uniquecontracts |
+-------------+---------------+-----------------------+-------------+-------------+----------------+-----------------+
| Eden Island | GPON          | TV & Internet         |           2 |           1 |              1 |               2 |
| Eden Island | GPON          | Services Total        |           2 |           1 |              1 |               2 |
| Eden Island | Network Total | Services Total        |           2 |           1 |              1 |               2 |
| Mahe        | GPON          | All                   |         216 |          39 |             39 |             123 |
| Mahe        | GPON          | Internet & Voice      |          74 |          30 |             30 |              64 |
| Mahe        | GPON          | Internet Only         |        1114 |        1017 |           1017 |            1043 |
| Mahe        | GPON          | TV & Internet         |        3885 |        1709 |           1709 |            3518 |
| Mahe        | GPON          | TV & Internet & OTT   |        1935 |         477 |            477 |            1004 |
| Mahe        | GPON          | TV & Internet & Voice |         247 |          65 |             65 |             201 |
| Mahe        | GPON          | TV & OTT              |         295 |          39 |             39 |              50 |
| Mahe        | GPON          | TV & Voice            |          48 |          22 |             22 |              45 |
| Mahe        | GPON          | TV Only               |        1552 |        1180 |           1180 |            1239 |
| Mahe        | GPON          | Voice Only            |          14 |          13 |             13 |              14 |
| Mahe        | GPON          | Services Total        |        9380 |        4591 |           4591 |            7301 |
| Mahe        | HFC           | All                   |         142 |          22 |             22 |              72 |
| Mahe        | HFC           | Internet & OTT        |           2 |           1 |              1 |               1 |
| Mahe        | HFC           | Internet & Voice      |         264 |         120 |            120 |             230 |
| Mahe        | HFC           | Internet Only         |        2990 |        2972 |           2972 |            2988 |
| Mahe        | HFC           | OTT Only              |           6 |           2 |              2 |               6 |
| Mahe        | HFC           | TV & Internet         |        5040 |        2307 |           2307 |            4667 |
| Mahe        | HFC           | TV & Internet & OTT   |        1281 |         332 |            332 |             681 |
| Mahe        | HFC           | TV & Internet & Voice |         273 |          83 |             83 |             252 |
| Mahe        | HFC           | TV & OTT              |         227 |          37 |             37 |              47 |
| Mahe        | HFC           | TV & Voice            |          32 |          15 |             15 |              30 |
| Mahe        | HFC           | TV Only               |        7054 |        5578 |           5578 |            5692 |
| Mahe        | HFC           | Voice Only            |         118 |         117 |            117 |             118 |
| Mahe        | HFC           | Services Total        |       17429 |       11586 |          11586 |           14784 |
| Mahe        | Network Total | Services Total        |       26809 |       16177 |          16117 |           22085 |
| Praslin     | GPON          | All                   |          31 |           5 |              5 |              15 |
| Praslin     | GPON          | Internet & Voice      |          14 |           7 |              7 |              14 |
| Praslin     | GPON          | Internet Only         |         235 |         235 |            235 |             235 |
| Praslin     | GPON          | TV & Internet         |         843 |         374 |            374 |             775 |
| Praslin     | GPON          | TV & Internet & OTT   |         383 |         107 |            107 |             219 |
| Praslin     | GPON          | TV & Internet & Voice |          10 |           3 |              3 |              10 |
| Praslin     | GPON          | TV & OTT              |          31 |          12 |             12 |              12 |
| Praslin     | GPON          | TV & Voice            |           2 |           1 |              1 |               2 |
| Praslin     | GPON          | TV Only               |         358 |         284 |            284 |             299 |
| Praslin     | GPON          | Services Total        |        1907 |        1028 |           1028 |            1581 |
| Praslin     | HFC           | Internet Only         |           1 |           1 |              1 |               1 |
| Praslin     | HFC           | TV & Internet         |           2 |           1 |              1 |               2 |
| Praslin     | HFC           | TV Only               |           3 |           2 |              2 |               2 |
| Praslin     | HFC           | Services Total        |           6 |           4 |              4 |               5 |
| Praslin     | Network Total | Services Total        |        1913 |        1032 |           1032 |            1586 |
| GRAND TOTAL | Network Total | Services Total        |       28724 |       17210 |          17147 |           23673 |
+-------------+---------------+-----------------------+-------------+-------------+----------------+-----------------+
44 rows in set (0.00 sec)

Query OK, 0 rows affected (0.01 sec)

Query OK, 28002 rows affected (0.42 sec)
Records: 28002  Duplicates: 0  Warnings: 0

Query OK, 0 rows affected (0.01 sec)

Query OK, 2270 rows affected (1.21 sec)
Records: 2270  Duplicates: 0  Warnings: 0

+--------------------------------------+
| message                              |
+--------------------------------------+
| running rcbill_my.sp_ActiveNumber2() |
+--------------------------------------+
1 row in set (0.00 sec)

Query OK, 365 rows affected (1 min 53.28 sec)

mysql> mysql \. C:\workspace\cloud\code\sql\_DailyScript\currenttime.sql
+---------------------+
| currenttime         |
+---------------------+
| 2021-04-13 06:27:49 |
+---------------------+
1 row in set (0.00 sec)

mysql> 
mysql> mysql \. C:\workspace\cloud\code\sql\_DailyScript\GetActiveNumbers Average -Pivot.sql
Database changed
+-------------------------------------+
| @today := subdate(current_date(),1) |
+-------------------------------------+
| 2021-04-12                          |
+-------------------------------------+
1 row in set (0.00 sec)

+-------------------------------------+
| @lastdayofmonth := last_day(@today) |
+-------------------------------------+
| 2021-04-30                          |
+-------------------------------------+
1 row in set (0.00 sec)

Query OK, 0 rows affected (0.01 sec)

Query OK, 46934 rows affected, 65535 warnings (58.90 sec)
Records: 46934  Duplicates: 0  Warnings: 96130

Query OK, 0 rows affected (0.10 sec)
Records: 0  Duplicates: 0  Warnings: 0

Query OK, 0 rows affected (0.13 sec)
Records: 0  Duplicates: 0  Warnings: 0

Query OK, 0 rows affected (0.12 sec)
Records: 0  Duplicates: 0  Warnings: 0

+-----------------+
| activenumberavg |
+-----------------+
|           46934 |
+-----------------+
1 row in set (0.01 sec)

Query OK, 0 rows affected (0.01 sec)

Query OK, 1956 rows affected (0.54 sec)
Records: 1956  Duplicates: 0  Warnings: 0

+---------------------+
| rep_activenumberavg |
+---------------------+
|                1956 |
+---------------------+
1 row in set (0.00 sec)

+----------------------+
| rep_activenumberavg1 |
+----------------------+
|                  913 |
+----------------------+
1 row in set (0.00 sec)

Query OK, 0 rows affected (0.01 sec)

Query OK, 2466 rows affected (0.45 sec)
Records: 2466  Duplicates: 0  Warnings: 0

Query OK, 0 rows affected (0.01 sec)

Query OK, 12689 rows affected (0.78 sec)
Records: 12689  Duplicates: 0  Warnings: 0

Query OK, 0 rows affected (0.00 sec)

Query OK, 0 rows affected (0.00 sec)

Query OK, 0 rows affected (0.01 sec)

Query OK, 0 rows affected (0.00 sec)

Query OK, 0 rows affected (0.00 sec)
Statement prepared

Query OK, 53 rows affected (0.05 sec)
Records: 53  Duplicates: 0  Warnings: 0

Query OK, 0 rows affected (0.00 sec)

Query OK, 0 rows affected (0.00 sec)

+----------------------+
| rep_activenumberavg2 |
+----------------------+
|                 2466 |
+----------------------+
1 row in set (0.00 sec)

+------------------------+
| rep_activenumberavg_pv |
+------------------------+
|                     53 |
+------------------------+
1 row in set (0.00 sec)

Query OK, 0 rows affected (0.00 sec)

Query OK, 2465 rows affected (0.37 sec)
Records: 2465  Duplicates: 0  Warnings: 0

Query OK, 0 rows affected (0.00 sec)

Query OK, 0 rows affected (0.01 sec)

Query OK, 0 rows affected (0.00 sec)

Query OK, 0 rows affected (0.00 sec)

Query OK, 0 rows affected (0.00 sec)
Statement prepared

Query OK, 53 rows affected (0.05 sec)
Records: 53  Duplicates: 0  Warnings: 0

Query OK, 0 rows affected (0.00 sec)

Query OK, 0 rows affected (0.00 sec)

+-------------------------+
| rep_activenumberavgMahe |
+-------------------------+
|                    2465 |
+-------------------------+
1 row in set (0.00 sec)

+----------------------------+
| rep_activenumberavgMahe_pv |
+----------------------------+
|                         53 |
+----------------------------+
1 row in set (0.00 sec)

Query OK, 0 rows affected (0.01 sec)

Query OK, 1561 rows affected (0.16 sec)
Records: 1561  Duplicates: 0  Warnings: 0

Query OK, 0 rows affected (0.00 sec)

Query OK, 0 rows affected (0.00 sec)

Query OK, 0 rows affected (0.01 sec)

Query OK, 0 rows affected (0.00 sec)

Query OK, 0 rows affected (0.00 sec)
Statement prepared

Query OK, 40 rows affected (0.03 sec)
Records: 40  Duplicates: 0  Warnings: 0

Query OK, 0 rows affected (0.00 sec)

Query OK, 0 rows affected (0.00 sec)

+----------------------------+
| rep_activenumberavgPraslin |
+----------------------------+
|                       1561 |
+----------------------------+
1 row in set (0.00 sec)

+-------------------------------+
| rep_activenumberavgPraslin_pv |
+-------------------------------+
|                            40 |
+-------------------------------+
1 row in set (0.00 sec)

mysql> mysql \. C:\workspace\cloud\code\sql\_DailyScript\currenttime.sql
+---------------------+
| currenttime         |
+---------------------+
| 2021-04-13 06:28:51 |
+---------------------+
1 row in set (0.00 sec)

mysql> 
mysql> mysql \. C:\workspace\cloud\code\sql\_DailyScript\budget_actual_analysis_2021.sql
Query OK, 0 rows affected (0.01 sec)

Query OK, 716 rows affected, 3 warnings (0.11 sec)
Records: 716  Duplicates: 0  Warnings: 3

+--------------------+
| budget_actual_2021 |
+--------------------+
|                716 |
+--------------------+
1 row in set (0.00 sec)

Query OK, 0 rows affected (0.01 sec)

Query OK, 47 rows affected (0.04 sec)
Records: 47  Duplicates: 0  Warnings: 0

+---------------------------+
| rep_budget_actual_2021_pv |
+---------------------------+
|                        47 |
+---------------------------+
1 row in set (0.00 sec)

mysql> mysql \. C:\workspace\cloud\code\sql\_DailyScript\currenttime.sql
+---------------------+
| currenttime         |
+---------------------+
| 2021-04-13 06:28:51 |
+---------------------+
1 row in set (0.00 sec)

mysql> 
mysql> mysql \. C:\workspace\cloud\code\sql\_DailyScript\reports-sales-addons-prepaid-camera.sql
Database changed
Query OK, 0 rows affected (0.01 sec)

Query OK, 4272 rows affected (0.19 sec)
Records: 4272  Duplicates: 0  Warnings: 0

Query OK, 0 rows affected (0.01 sec)

Query OK, 23040 rows affected (5.89 sec)
Records: 23040  Duplicates: 0  Warnings: 0

+--------------------+
| rep_prepaid_camera |
+--------------------+
|               4272 |
+--------------------+
1 row in set (0.00 sec)

+-----------+
| rep_addon |
+-----------+
|     23040 |
+-----------+
1 row in set (0.01 sec)

mysql> mysql \. C:\workspace\cloud\code\sql\_DailyScript\currenttime.sql
+---------------------+
| currenttime         |
+---------------------+
| 2021-04-13 06:28:57 |
+---------------------+
1 row in set (0.00 sec)

mysql> 
mysql> mysql \. C:\workspace\cloud\code\sql\_DailyScript\RCB_ClientAnalyticsReport_Script.sql
Database changed
Query OK, 0 rows affected (0.00 sec)

Query OK, 0 rows affected (0.04 sec)

Query OK, 2051693 rows affected (1 min 10.63 sec)
Records: 2051693  Duplicates: 0  Warnings: 0

Query OK, 0 rows affected (9.55 sec)
Records: 0  Duplicates: 0  Warnings: 0

Query OK, 0 rows affected (5.21 sec)
Records: 0  Duplicates: 0  Warnings: 0

Query OK, 0 rows affected (8.22 sec)
Records: 0  Duplicates: 0  Warnings: 0

Query OK, 0 rows affected (8.76 sec)
Records: 0  Duplicates: 0  Warnings: 0

Query OK, 0 rows affected (8.88 sec)
Records: 0  Duplicates: 0  Warnings: 0

Query OK, 0 rows affected (7.39 sec)
Records: 0  Duplicates: 0  Warnings: 0

Query OK, 0 rows affected (0.00 sec)

Query OK, 509407 rows affected (12.06 sec)
Rows matched: 2051693  Changed: 509407  Warnings: 0

Query OK, 0 rows affected (0.01 sec)

Query OK, 28818 rows affected (8.26 sec)
Records: 28818  Duplicates: 0  Warnings: 0

+---------------------+
| clientcontractssubs |
+---------------------+
|               28818 |
+---------------------+
1 row in set (0.01 sec)

Query OK, 0 rows affected (0.02 sec)

Query OK, 44827 rows affected (10 min 57.95 sec)
Records: 44827  Duplicates: 0  Warnings: 0

Query OK, 0 rows affected (0.17 sec)
Records: 0  Duplicates: 0  Warnings: 0

Query OK, 0 rows affected (0.15 sec)
Records: 0  Duplicates: 0  Warnings: 0

Query OK, 0 rows affected (0.09 sec)
Records: 0  Duplicates: 0  Warnings: 0

+-----------------------+
| clientcontracthistory |
+-----------------------+
|                 44827 |
+-----------------------+
1 row in set (0.01 sec)

Query OK, 0 rows affected (0.02 sec)

Query OK, 2786160 rows affected (1 min 28.13 sec)
Records: 2786160  Duplicates: 0  Warnings: 0

Query OK, 0 rows affected (0.03 sec)

Query OK, 477480 rows affected (4 min 42.83 sec)
Records: 477480  Duplicates: 0  Warnings: 0

Query OK, 0 rows affected (1.57 sec)
Records: 0  Duplicates: 0  Warnings: 0

Query OK, 0 rows affected (0.80 sec)
Records: 0  Duplicates: 0  Warnings: 0

Query OK, 0 rows affected (1.83 sec)
Records: 0  Duplicates: 0  Warnings: 0

Query OK, 0 rows affected (0.93 sec)
Records: 0  Duplicates: 0  Warnings: 0

+--------------------------+
| clientcontractinvpmt_stg |
+--------------------------+
|                   477480 |
+--------------------------+
1 row in set (0.13 sec)

Query OK, 0 rows affected (0.02 sec)

Query OK, 477480 rows affected (11.07 sec)
Records: 477480  Duplicates: 0  Warnings: 0

Query OK, 0 rows affected (1.72 sec)
Records: 0  Duplicates: 0  Warnings: 0

Query OK, 0 rows affected (0.94 sec)
Records: 0  Duplicates: 0  Warnings: 0

Query OK, 0 rows affected (2.05 sec)
Records: 0  Duplicates: 0  Warnings: 0

Query OK, 0 rows affected (1.02 sec)
Records: 0  Duplicates: 0  Warnings: 0

+----------------------+
| clientcontractinvpmt |
+----------------------+
|               477480 |
+----------------------+
1 row in set (0.13 sec)

Query OK, 0 rows affected (0.02 sec)

Query OK, 44827 rows affected (1 min 30.27 sec)
Records: 44827  Duplicates: 0  Warnings: 0

+--------------+
| clientreport |
+--------------+
|        44827 |
+--------------+
1 row in set (0.02 sec)

Query OK, 0 rows affected (0.01 sec)

Query OK, 44827 rows affected (6.11 sec)
Records: 44827  Duplicates: 0  Warnings: 0

+----------------------+
| clientextendedreport |
+----------------------+
|                44827 |
+----------------------+
1 row in set (0.01 sec)

Query OK, 0 rows affected (0.01 sec)

Query OK, 44827 rows affected (1 min 2.32 sec)
Records: 44827  Duplicates: 0  Warnings: 0

+---------+
| allcust |
+---------+
|   44827 |
+---------+
1 row in set (0.01 sec)

Query OK, 0 rows affected, 1 warning (0.00 sec)

Query OK, 5000 rows affected (0.14 sec)
Records: 5000  Duplicates: 0  Warnings: 0

Query OK, 0 rows affected (0.01 sec)

Query OK, 6833 rows affected (0.33 sec)
Records: 6833  Duplicates: 0  Warnings: 0

Query OK, 0 rows affected, 1 warning (0.00 sec)

Query OK, 5000 rows affected (0.14 sec)
Records: 5000  Duplicates: 0  Warnings: 0

Query OK, 0 rows affected (0.01 sec)

Query OK, 7245 rows affected (0.18 sec)
Records: 7245  Duplicates: 0  Warnings: 0

mysql> mysql \. C:\workspace\cloud\code\sql\_DailyScript\currenttime.sql
+---------------------+
| currenttime         |
+---------------------+
| 2021-04-13 06:51:27 |
+---------------------+
1 row in set (0.00 sec)

mysql> 
mysql> 
mysql> mysql \. C:\workspace\cloud\code\sql\_DailyScript\REVENUE_PER_NODE_MXK.sql
Query OK, 0 rows affected (0.01 sec)

Query OK, 0 rows affected (0.01 sec)

Query OK, 0 rows affected (0.01 sec)

Query OK, 7649 rows affected (2.22 sec)
Records: 7649  Duplicates: 0  Warnings: 0

+----------------------+
| message              |
+----------------------+
| created temp table a |
+----------------------+
1 row in set (0.00 sec)

Query OK, 6786 rows affected (0.98 sec)
Records: 6786  Duplicates: 0  Warnings: 0

+----------------------+
| message              |
+----------------------+
| created temp table b |
+----------------------+
1 row in set (0.00 sec)

Query OK, 0 rows affected, 1 warning (0.00 sec)

Query OK, 7955 rows affected (21.06 sec)
Records: 7955  Duplicates: 0  Warnings: 0

+--------------------------------+
| message                        |
+--------------------------------+
| created rcbill_my.tempcustmxk1 |
+--------------------------------+
1 row in set (0.00 sec)

Query OK, 0 rows affected (0.01 sec)

Query OK, 0 rows affected (0.00 sec)

Query OK, 0 rows affected, 1 warning (0.00 sec)

Query OK, 7649 rows affected (1.77 sec)
Records: 7649  Duplicates: 0  Warnings: 0

+----------------+
| message        |
+----------------+
| created temp a |
+----------------+
1 row in set (0.00 sec)

Query OK, 6786 rows affected (0.85 sec)
Records: 6786  Duplicates: 0  Warnings: 0

+----------------+
| message        |
+----------------+
| created temp b |
+----------------+
1 row in set (0.00 sec)

Query OK, 0 rows affected, 1 warning (0.00 sec)

Query OK, 6913 rows affected (11.11 sec)
Records: 6913  Duplicates: 0  Warnings: 0

+--------------------------------+
| message                        |
+--------------------------------+
| created rcbill_my.tempcustmxk2 |
+--------------------------------+
1 row in set (0.00 sec)

Query OK, 0 rows affected (0.01 sec)

Query OK, 0 rows affected (0.00 sec)

Query OK, 0 rows affected, 1 warning (0.00 sec)

Query OK, 0 rows affected (0.01 sec)

Query OK, 8832 rows affected (0.41 sec)
Records: 8832  Duplicates: 0  Warnings: 0

+---------------------------------+
| message                         |
+---------------------------------+
| created rcbill_my.customers_mxk |
+---------------------------------+
1 row in set (0.00 sec)

Query OK, 0 rows affected (0.01 sec)

Query OK, 0 rows affected (0.00 sec)

Query OK, 14399 rows affected (5.77 sec)
Records: 14399  Duplicates: 0  Warnings: 0

+----------------+
| message        |
+----------------+
| created temp a |
+----------------+
1 row in set (0.00 sec)

Query OK, 17831 rows affected (1.83 sec)
Records: 17831  Duplicates: 0  Warnings: 0

+----------------+
| message        |
+----------------+
| created temp c |
+----------------+
1 row in set (0.00 sec)

Query OK, 0 rows affected, 1 warning (0.00 sec)

Query OK, 14399 rows affected (0.16 sec)
Records: 14399  Duplicates: 0  Warnings: 0

+---------------------------------+
| message                         |
+---------------------------------+
| created rcbill_my.tempcustcmts1 |
+---------------------------------+
1 row in set (0.00 sec)

Query OK, 0 rows affected (0.01 sec)

Query OK, 0 rows affected, 1 warning (0.00 sec)

Query OK, 0 rows affected (0.01 sec)

Query OK, 14399 rows affected (5.91 sec)
Records: 14399  Duplicates: 0  Warnings: 0

+----------------+
| message        |
+----------------+
| created temp a |
+----------------+
1 row in set (0.00 sec)

Query OK, 17831 rows affected (1.70 sec)
Records: 17831  Duplicates: 0  Warnings: 0

+----------------+
| message        |
+----------------+
| created temp c |
+----------------+
1 row in set (0.00 sec)

Query OK, 0 rows affected, 1 warning (0.00 sec)

Query OK, 17831 rows affected (0.15 sec)
Records: 17831  Duplicates: 0  Warnings: 0

+---------------------------------+
| message                         |
+---------------------------------+
| created rcbill_my.tempcustcmts2 |
+---------------------------------+
1 row in set (0.00 sec)

Query OK, 0 rows affected (0.01 sec)

Query OK, 0 rows affected, 1 warning (0.00 sec)

Query OK, 0 rows affected (0.01 sec)

Query OK, 0 rows affected (0.01 sec)

Query OK, 20782 rows affected (0.81 sec)
Records: 20782  Duplicates: 0  Warnings: 0

+----------------------------------+
| message                          |
+----------------------------------+
| created rcbill_my.customers_cmts |
+----------------------------------+
1 row in set (0.00 sec)

Query OK, 0 rows affected (0.01 sec)

Query OK, 0 rows affected (0.00 sec)

Query OK, 0 rows affected (0.01 sec)

Query OK, 25143 rows affected (1.03 sec)
Records: 25143  Duplicates: 0  Warnings: 0

+--------------------------------------+
| message                              |
+--------------------------------------+
| created rcbill_my.customers_cmts_mxk |
+--------------------------------------+
1 row in set (0.00 sec)

Query OK, 504398 rows affected (1 min 1.19 sec)
Records: 504398  Duplicates: 0  Warnings: 0

+----------------+
| message        |
+----------------+
| created temp a |
+----------------+
1 row in set (0.00 sec)

Query OK, 0 rows affected (0.01 sec)

Query OK, 505128 rows affected (9.95 sec)
Records: 505128  Duplicates: 0  Warnings: 0

+------------------------------------------------+
| message                                        |
+------------------------------------------------+
| created rcbill_my.customers_contracts_cmts_mxk |
+------------------------------------------------+
1 row in set (0.00 sec)

Query OK, 0 rows affected (0.04 sec)

Query OK, 0 rows affected, 1 warning (0.00 sec)

Query OK, 0 rows affected, 1 warning (0.00 sec)

Query OK, 0 rows affected (0.00 sec)

Query OK, 3976 rows affected (1.90 sec)
Rows matched: 3976  Changed: 3976  Warnings: 0

+------------------------------------------------+
| message                                        |
+------------------------------------------------+
| updated rcbill_my.customers_contracts_cmts_mxk |
+------------------------------------------------+
1 row in set (0.00 sec)

Query OK, 0 rows affected (0.03 sec)

Query OK, 2107460 rows affected (3 min 54.17 sec)
Records: 2107460  Duplicates: 0  Warnings: 0

+----------------------------------------+
| message                                |
+----------------------------------------+
| created rcbill_my.customers_collection |
+----------------------------------------+
1 row in set (0.00 sec)

Query OK, 0 rows affected (0.07 sec)

Query OK, 2435142 rows affected (1 min 44.63 sec)
Records: 2435142  Duplicates: 0  Warnings: 0

+------------------------------------------------+
| message                                        |
+------------------------------------------------+
| created rcbill_my.customers_cmts_mxk_cont_coll |
+------------------------------------------------+
1 row in set (0.00 sec)

Query OK, 0 rows affected (0.03 sec)

Query OK, 460090 rows affected (2 min 44.50 sec)
Records: 460090  Duplicates: 0  Warnings: 0

+--------------------------------------------------------+
| message                                                |
+--------------------------------------------------------+
| created rcbill_my.customers_contracts_collection_pivot |
+--------------------------------------------------------+
1 row in set (0.00 sec)

Query OK, 0 rows affected (0.01 sec)

Query OK, 40844 rows affected (2 min 52.08 sec)
Records: 40844  Duplicates: 0  Warnings: 0

+----------------------------------------------+
| message                                      |
+----------------------------------------------+
| created rcbill_my.customers_collection_pivot |
+----------------------------------------------+
1 row in set (0.00 sec)

Query OK, 0 rows affected (0.02 sec)

Query OK, 44827 rows affected (1.95 sec)
Records: 44827  Duplicates: 0  Warnings: 0

+--------------------------------------------+
| message                                    |
+--------------------------------------------+
| created rcbill_my.rep_customers_collection |
+--------------------------------------------+
1 row in set (0.00 sec)

Query OK, 0 rows affected (0.00 sec)

Query OK, 0 rows affected, 1 warning (0.00 sec)

Query OK, 468538 rows affected (13.10 sec)
Records: 468538  Duplicates: 0  Warnings: 0

+-------------------------+
| message                 |
+-------------------------+
| created rcbill_my.tempa |
+-------------------------+
1 row in set (0.00 sec)

Query OK, 0 rows affected, 1 warning (0.00 sec)

Query OK, 460090 rows affected (24.84 sec)
Records: 460090  Duplicates: 0  Warnings: 0

+-------------------------+
| message                 |
+-------------------------+
| created rcbill_my.tempb |
+-------------------------+
1 row in set (0.00 sec)

Query OK, 468538 rows affected (27.43 sec)
Records: 468538  Duplicates: 0  Warnings: 0

+-----------+
| message   |
+-----------+
| created a |
+-----------+
1 row in set (0.00 sec)

Query OK, 460090 rows affected (27.18 sec)
Records: 460090  Duplicates: 0  Warnings: 0

+-----------+
| message   |
+-----------+
| created b |
+-----------+
1 row in set (0.00 sec)

Query OK, 0 rows affected (0.05 sec)

Query OK, 0 rows affected (0.03 sec)

Query OK, 0 rows affected (0.03 sec)

Query OK, 505246 rows affected (57.98 sec)
Records: 505246  Duplicates: 0  Warnings: 0

+----------------------------------------------+
| message                                      |
+----------------------------------------------+
| created rcbill_my.cust_cont_payment_cmts_mxk |
+----------------------------------------------+
1 row in set (0.00 sec)

Query OK, 0 rows affected (0.02 sec)

Query OK, 0 rows affected (0.02 sec)

Query OK, 0 rows affected, 1 warning (0.00 sec)

Query OK, 0 rows affected (0.01 sec)

Query OK, 44827 rows affected (24.96 sec)
Records: 44827  Duplicates: 0  Warnings: 0

+--------------------------------------------------+
| message                                          |
+--------------------------------------------------+
| created rcbill_my.rep_cust_cont_payment_cmts_mxk |
+--------------------------------------------------+
1 row in set (0.00 sec)

Query OK, 0 rows affected, 1 warning (0.00 sec)

Query OK, 0 rows affected, 1 warning (0.00 sec)

Query OK, 0 rows affected (0.01 sec)

Query OK, 44827 rows affected (9.27 sec)
Records: 44827  Duplicates: 0  Warnings: 0

+----------------------+
| rep_custconsolidated |
+----------------------+
|                44827 |
+----------------------+
1 row in set (0.04 sec)

Query OK, 0 rows affected (0.01 sec)

+------------------------------------+
| message                            |
+------------------------------------+
| creating rcbill_my.rep_custextract |
+------------------------------------+
1 row in set (0.00 sec)

Query OK, 44827 rows affected (1.22 sec)
Records: 44827  Duplicates: 0  Warnings: 0

+-----------------+
| rep_custextract |
+-----------------+
|           44827 |
+-----------------+
1 row in set (0.01 sec)

Query OK, 0 rows affected (0.00 sec)

Query OK, 0 rows affected (0.01 sec)

+----------------------------------------------+
| message                                      |
+----------------------------------------------+
| creating rcbill_my.retentioncustomeractivity |
+----------------------------------------------+
1 row in set (0.00 sec)

Query OK, 879 rows affected (0.10 sec)
Records: 879  Duplicates: 0  Warnings: 0

+---------------------------+
| retentioncustomeractivity |
+---------------------------+
|                       879 |
+---------------------------+
1 row in set (0.00 sec)

+-----------+------------------------------------+------------+-------------+-----------------+------------------+---------------------+-------------------+
| HFC_NODE  | NODENAME                           | CMTS_DATE  | INSERTED_ON | UNIQUE_ACCOUNTS | UNIQUE_CONTRACTS | UNIQUE_MAC_INRCBOSS | UNIQUE_MAC_INCMTS |
+-----------+------------------------------------+------------+-------------+-----------------+------------------+---------------------+-------------------+
| NULL      | NULL                               | NULL       | 2021-04-13  |           12790 |            14011 |               13961 |                 0 |
| C5/0/0/U0 | ANSE-BOILEAU-2                     | 2021-03-10 | 2021-04-13  |               0 |                0 |                   0 |               204 |
| C5/0/0/U1 | 500-C3-ANSE-BOILEAU                | 2021-03-10 | 2021-04-13  |               0 |                0 |                   0 |               202 |
| C5/0/1/U0 | 501-C4-LA-MISIERE-LEFT-I           | 2021-03-10 | 2021-04-13  |               0 |                0 |                   0 |               164 |
| C5/0/1/U1 | 501-C5-LA-MISIERE-RIGHT            | 2021-03-10 | 2021-04-13  |               0 |                0 |                   0 |               115 |
| C5/0/1/U2 | 501-C7-LA-MISIERE-LEFT-II          | 2021-03-10 | 2021-04-13  |               0 |                0 |                   0 |               161 |
| C5/0/2/U0 | 502-C8-LA-LOUISE                   | 2021-03-10 | 2021-04-13  |               0 |                0 |                   0 |               139 |
| C5/0/2/U1 | LA-LOUISE-2                        | 2021-03-10 | 2021-04-13  |               0 |                0 |                   0 |               142 |
| C5/0/3/U0 | 504-C6-PETIT-PARIS                 | 2021-03-10 | 2021-04-13  |               0 |                0 |                   0 |               150 |
| C5/0/3/U1 | PETIT-PARIS-23                     | 2021-03-10 | 2021-04-13  |               0 |                0 |                   0 |                73 |
| C5/0/4/U0 | FOUR-SEASONS                       | 2021-03-10 | 2021-04-13  |               0 |                0 |                   0 |                 2 |
| C5/0/4/U1 | ANCHOR-CAFE-I                      | 2021-03-10 | 2021-04-13  |               0 |                0 |                   0 |               168 |
| C5/0/4/U2 | ANCHOR-CAFE-II                     | 2021-03-10 | 2021-04-13  |               0 |                0 |                   0 |               160 |
| C5/1/0/U0 | POINTE-LARUE-AIRPORT-23            | 2021-03-10 | 2021-04-13  |               0 |                0 |                   0 |               114 |
| C5/1/0/U1 | PPROVIDENCE-23                     | 2021-03-10 | 2021-04-13  |               0 |                0 |                   0 |                21 |
| C5/1/0/U2 | ROSHE-CAIMAN-23                    | 2021-03-10 | 2021-04-13  |               0 |                0 |                   0 |                11 |
| C5/1/0/U3 | HEAD-OFFICE | HO-23                | 2021-03-10 | 2021-04-13  |               0 |                0 |                   0 |                22 |
| C5/1/1/U1 | C5-UNION-VALE                      | 2021-03-10 | 2021-04-13  |               0 |                0 |                   0 |               187 |
| C5/1/3/U0 | POINTE-LARUE-AIRPORT-27            | 2021-03-10 | 2021-04-13  |               0 |                0 |                   0 |               149 |
| C5/1/3/U1 | PPROVIDENCE-27                     | 2021-03-10 | 2021-04-13  |               0 |                0 |                   0 |                23 |
| C5/1/3/U2 | ROSHE-CAIMAN-27                    | 2021-03-10 | 2021-04-13  |               0 |                0 |                   0 |                29 |
| C5/1/3/U3 | HEAD-OFFICE | HO-27                | 2021-03-10 | 2021-04-13  |               0 |                0 |                   0 |                21 |
| C5/1/4/U0 | ANSE-ROYALE-27                     | 2021-03-10 | 2021-04-13  |               0 |                0 |                   0 |                99 |
| C5/1/4/U1 | GLACIS-2-57                        | 2021-03-10 | 2021-04-13  |               0 |                0 |                   0 |                64 |
| C5/1/4/U2 | NULL                               | 2021-03-10 | 2021-04-13  |               0 |                0 |                   0 |               115 |
| C5/1/4/U3 | GLACIS-1                           | 2021-03-10 | 2021-04-13  |               0 |                0 |                   0 |                26 |
| C6/0/1/U0 | SERRET-ROAD-RIGHT/CURIO/PASCAL     | 2021-03-10 | 2021-04-13  |               0 |                0 |                   0 |               129 |
| C6/0/1/U1 | SERRET-ROAD-LEFT/ST.LOUIS/TOWN     | 2021-03-10 | 2021-04-13  |               0 |                0 |                   0 |                74 |
| C6/0/1/U2 | SERRET-ROAD-RIGHT/CURIO/PASCAL-2   | 2021-03-10 | 2021-04-13  |               0 |                0 |                   0 |               130 |
| C6/0/1/U3 | SERRET-ROAD-LEFT/ST.LOUIS/TOWN-2   | 2021-03-10 | 2021-04-13  |               0 |                0 |                   0 |                75 |
| C6/0/2/U0 | SANS-SOUCIS-I                      | 2021-03-10 | 2021-04-13  |               0 |                0 |                   0 |               134 |
| C6/0/2/U1 | SANS-SOUCIS-II                     | 2021-03-10 | 2021-04-13  |               0 |                0 |                   0 |                78 |
| C6/0/2/U2 | BEL-AIR-27                         | 2021-03-10 | 2021-04-13  |               0 |                0 |                   0 |                91 |
| C6/0/2/U3 | BEL-AIR-38                         | 2021-03-10 | 2021-04-13  |               0 |                0 |                   0 |                84 |
| C6/0/3/U0 | LES-MAMELLES-23                    | 2021-03-10 | 2021-04-13  |               0 |                0 |                   0 |                56 |
| C6/0/3/U1 | VICTORIA-23                        | 2021-03-10 | 2021-04-13  |               0 |                0 |                   0 |                22 |
| C6/0/4/U0 | LES-MAMELLES-27                    | 2021-03-10 | 2021-04-13  |               0 |                0 |                   0 |               100 |
| C6/0/4/U1 | VICTORIA-27                        | 2021-03-10 | 2021-04-13  |               0 |                0 |                   0 |                20 |
| C7/1/0/U0 | LA-RETRAITE-23                     | 2021-03-10 | 2021-04-13  |               0 |                0 |                   0 |                75 |
| C7/1/0/U1 | TEA-FACTORY-23                     | 2021-03-10 | 2021-04-13  |               0 |                0 |                   0 |                34 |
| C7/1/0/U2 | PAS-23                             | 2021-03-10 | 2021-04-13  |               0 |                0 |                   0 |                88 |
| C7/1/1/U0 | REEF-ESTATE-23                     | 2021-03-10 | 2021-04-13  |               0 |                0 |                   0 |                77 |
| C7/1/2/U0 | LA-RETRAITE-27                     | 2021-03-10 | 2021-04-13  |               0 |                0 |                   0 |                72 |
| C7/1/2/U1 | TEA-FACTORY-27                     | 2021-03-10 | 2021-04-13  |               0 |                0 |                   0 |                22 |
| C7/1/2/U2 | PAS-27                             | 2021-03-10 | 2021-04-13  |               0 |                0 |                   0 |               100 |
| C7/1/3/U0 | MT-BUXTON-27                       | 2021-03-10 | 2021-04-13  |               0 |                0 |                   0 |               156 |
| C7/1/3/U1 | MT-BUXTON-23                       | 2021-03-10 | 2021-04-13  |               0 |                0 |                   0 |                76 |
| C7/1/4/U0 | REEF-ESTATE-27                     | 2021-03-10 | 2021-04-13  |               0 |                0 |                   0 |                94 |
| C8/0/0/U0 | POLICE-ACADEMY-1-27 - POINTE LARUE | 2021-03-10 | 2021-04-13  |               0 |                0 |                   0 |                85 |
| C8/0/0/U1 | NULL                               | 2021-03-10 | 2021-04-13  |               0 |                0 |                   0 |               109 |
| C8/0/1/U0 | NULL                               | 2021-03-10 | 2021-04-13  |               0 |                0 |                   0 |               310 |
| C8/0/1/U1 | POLICE-ACADEMY-2-27 - TURTLE BAY   | 2021-03-10 | 2021-04-13  |               0 |                0 |                   0 |               165 |
| C8/1/0/U0 | MA-JOIE-NODE-27                    | 2021-03-10 | 2021-04-13  |               0 |                0 |                   0 |                92 |
| C8/1/0/U1 | BELONIE-27                         | 2021-03-10 | 2021-04-13  |               0 |                0 |                   0 |               146 |
| C8/1/0/U3 | MA-JOIE-NODE-23                    | 2021-03-10 | 2021-04-13  |               0 |                0 |                   0 |                91 |
| C8/1/1/U0 | 611-C1-ROJN I                      | 2021-03-10 | 2021-04-13  |               0 |                0 |                   0 |               116 |
| C8/1/1/U1 | 611-C5-ROJN II                     | 2021-03-10 | 2021-04-13  |               0 |                0 |                   0 |               118 |
| C8/1/2/U0 | 612-C2-ANSE-ETOILE                 | 2021-03-10 | 2021-04-13  |               0 |                0 |                   0 |               112 |
| C8/1/2/U1 | ANSE-ETOILE-U2                     | 2021-03-10 | 2021-04-13  |               0 |                0 |                   0 |                49 |
| C8/1/3/U0 | 613-C3-ANSE-GAULETTE I             | 2021-03-10 | 2021-04-13  |               0 |                0 |                   0 |                77 |
| C8/1/3/U1 | 613-C7-ANSE-GAULETTE II            | 2021-03-10 | 2021-04-13  |               0 |                0 |                   0 |                80 |
| C8/1/3/U2 | 613-C3-ANSE-GAULETTE III           | 2021-03-10 | 2021-04-13  |               0 |                0 |                   0 |                41 |
| C8/1/3/U3 | TAKAMAKA I                         | 2021-03-10 | 2021-04-13  |               0 |                0 |                   0 |               100 |
| C8/1/3/U4 | TAKAMAKA II                        | 2021-03-10 | 2021-04-13  |               0 |                0 |                   0 |               103 |
| C8/1/4/U0 | 614-BEOLIERE-NODE-1                | 2021-03-10 | 2021-04-13  |               0 |                0 |                   0 |               135 |
| C8/1/4/U1 | 614-BEOLIERE-NODE-2                | 2021-03-10 | 2021-04-13  |               0 |                0 |                   0 |               106 |
+-----------+------------------------------------+------------+-------------+-----------------+------------------+---------------------+-------------------+
66 rows in set (0.25 sec)

+-----------------------+------------+-------------+-----------------+------------------+----------------------+-------------------+
| MXK_NAME              | MXK_DATE   | INSERTED_ON | UNIQUE_ACCOUNTS | UNIQUE_CONTRACTS | UNIQUE_FSAN_INRCBOSS | UNIQUE_FSAN_INMXK |
+-----------------------+------------+-------------+-----------------+------------------+----------------------+-------------------+
| NULL                  | NULL       | 2021-04-13  |            1867 |             1916 |                 1902 |                 0 |
| MXK-MAHE-ANSEETOILE   | 2020-07-27 | 2021-04-13  |             377 |              381 |                  380 |               398 |
| MXK-MAHE-ANSEROYALE   | 2020-07-27 | 2021-04-13  |             171 |              173 |                  172 |               198 |
| MXK-MAHE-BEAUVALLON-1 | 2020-07-27 | 2021-04-13  |            1799 |             1828 |                 1816 |              1919 |
| MXK-MAHE-BEAUVALLON-2 | 2020-07-27 | 2021-04-13  |              26 |               26 |                   26 |                30 |
| MXK-MAHE-PERSEVERANCE | 2020-07-27 | 2021-04-13  |            1057 |             1082 |                 1068 |              1241 |
| MXK-MAHE-PROVIDENCE   | 2020-07-27 | 2021-04-13  |             997 |             1027 |                  946 |              1192 |
| MXK-PRASLIN-GRANDANSE | 2020-07-27 | 2021-04-13  |            1285 |             1289 |                 1281 |              1514 |
+-----------------------+------------+-------------+-----------------+------------------+----------------------+-------------------+
8 rows in set (0.09 sec)

mysql> mysql \. C:\workspace\cloud\code\sql\_DailyScript\currenttime.sql
+---------------------+
| currenttime         |
+---------------------+
| 2021-04-13 07:08:01 |
+---------------------+
1 row in set (0.00 sec)

mysql> 
mysql> mysql \. C:\workspace\cloud\code\sql\_DailyScript\housing-estate-analysis.sql
Database changed
Query OK, 0 rows affected (0.01 sec)

Query OK, 3718 rows affected (44.87 sec)
Records: 3718  Duplicates: 0  Warnings: 0

+--------------------+
| rep_housingestates |
+--------------------+
|               3718 |
+--------------------+
1 row in set (0.00 sec)

mysql> mysql \. C:\workspace\cloud\code\sql\_DailyScript\currenttime.sql
+---------------------+
| currenttime         |
+---------------------+
| 2021-04-13 07:08:46 |
+---------------------+
1 row in set (0.00 sec)

mysql> 
mysql> 
mysql> mysql \. C:\workspace\cloud\code\sql\Analysis\service_tickets_assignments.sql
Query OK, 0 rows affected (0.01 sec)

Query OK, 28831 rows affected (5.56 sec)
Records: 28831  Duplicates: 0  Warnings: 0

+-------------------------+
| rep_servicetickets_2021 |
+-------------------------+
|                   28831 |
+-------------------------+
1 row in set (0.04 sec)

mysql> mysql \. C:\workspace\cloud\code\sql\_DailyScript\currenttime.sql
+---------------------+
| currenttime         |
+---------------------+
| 2021-04-13 07:08:51 |
+---------------------+
1 row in set (0.00 sec)

mysql> 
mysql> mysql \. C:\workspace\cloud\code\sql\_DailyScript\DAILY-SCRIPT-USAGESTATS.sql
Database changed
Query OK, 0 rows affected (0.16 sec)

Query OK, 28338520 rows affected, 65535 warnings (6 min 54.70 sec)
Records: 28338520  Duplicates: 0  Warnings: 28330120

Query OK, 0 rows affected (1 min 17.64 sec)
Records: 0  Duplicates: 0  Warnings: 0

Query OK, 0 rows affected (1 min 16.64 sec)
Records: 0  Duplicates: 0  Warnings: 0

Query OK, 0 rows affected (1 min 18.82 sec)
Records: 0  Duplicates: 0  Warnings: 0

Query OK, 0 rows affected (1 min 9.30 sec)
Records: 0  Duplicates: 0  Warnings: 0

Query OK, 0 rows affected (1 min 51.37 sec)
Records: 0  Duplicates: 0  Warnings: 0

Query OK, 0 rows affected (2 min 1.86 sec)
Records: 0  Duplicates: 0  Warnings: 0

Query OK, 0 rows affected (1 min 49.04 sec)
Records: 0  Duplicates: 0  Warnings: 0

Query OK, 0 rows affected (1 min 15.79 sec)
Records: 0  Duplicates: 0  Warnings: 0

+----------+
| ipusage  |
+----------+
| 28338520 |
+----------+
1 row in set (8.84 sec)

Query OK, 0 rows affected (0.06 sec)

Query OK, 7641209 rows affected (7 min 17.53 sec)
Records: 7641209  Duplicates: 0  Warnings: 0

Query OK, 0 rows affected (27.69 sec)
Records: 0  Duplicates: 0  Warnings: 0

Query OK, 0 rows affected (17.22 sec)
Records: 0  Duplicates: 0  Warnings: 0

Query OK, 0 rows affected (28.39 sec)
Records: 0  Duplicates: 0  Warnings: 0

Query OK, 0 rows affected (32.33 sec)
Records: 0  Duplicates: 0  Warnings: 0

Query OK, 0 rows affected (20.76 sec)
Records: 0  Duplicates: 0  Warnings: 0

+------------------+
| clientcontractip |
+------------------+
|          7641209 |
+------------------+
1 row in set (2.12 sec)

Query OK, 0 rows affected (0.08 sec)

Query OK, 13922610 rows affected (2 min 35.10 sec)
Records: 13922610  Duplicates: 0  Warnings: 0

+---------------------------+
| clientcontractipusage_stg |
+---------------------------+
|                  13922610 |
+---------------------------+
1 row in set (5.11 sec)

+------------------------------------+
| clientcontractipusage_beforeinsert |
+------------------------------------+
|                           13922610 |
+------------------------------------+
1 row in set (6.60 sec)

Query OK, 10747 rows affected (11.01 sec)
Records: 10747  Duplicates: 0  Warnings: 0

+-----------------------------------+
| clientcontractipusage_afterinsert |
+-----------------------------------+
|                          13933357 |
+-----------------------------------+
1 row in set (5.09 sec)

+------------+----------+
| usagedate  | count(*) |
+------------+----------+
| 2021-04-12 |    10747 |
| 2021-04-11 |    10440 |
| 2021-04-10 |    10666 |
| 2021-04-09 |    10551 |
| 2021-04-08 |    10594 |
| 2021-04-07 |    11005 |
| 2021-04-06 |    11581 |
| 2021-04-05 |    11464 |
| 2021-04-04 |    11718 |
| 2021-04-03 |    11741 |
| 2021-04-02 |    11990 |
| 2021-04-01 |    12104 |
| 2021-03-31 |    11643 |
| 2021-03-30 |    11576 |
| 2021-03-29 |    11468 |
+------------+----------+
15 rows in set (0.07 sec)

Query OK, 0 rows affected (0.03 sec)

Query OK, 612124 rows affected (1 min 0.91 sec)
Records: 612124  Duplicates: 0  Warnings: 0

Query OK, 0 rows affected (2.00 sec)
Records: 0  Duplicates: 0  Warnings: 0

Query OK, 0 rows affected (1.91 sec)
Records: 0  Duplicates: 0  Warnings: 0

Query OK, 0 rows affected (2.19 sec)
Records: 0  Duplicates: 0  Warnings: 0

Query OK, 0 rows affected (1.12 sec)
Records: 0  Duplicates: 0  Warnings: 0

Query OK, 0 rows affected (1.13 sec)
Records: 0  Duplicates: 0  Warnings: 0

Query OK, 0 rows affected (1.13 sec)
Records: 0  Duplicates: 0  Warnings: 0

Query OK, 0 rows affected (1.13 sec)
Records: 0  Duplicates: 0  Warnings: 0

+-----------------------+
| clientcontractipmonth |
+-----------------------+
|                612124 |
+-----------------------+
1 row in set (0.16 sec)

mysql> mysql \. C:\workspace\cloud\code\sql\_DailyScript\currenttime.sql
+---------------------+
| currenttime         |
+---------------------+
| 2021-04-13 07:41:36 |
+---------------------+
1 row in set (0.00 sec)

mysql> 
mysql> exit
