    -> 
    -> mysql \. C:\workspace\cloud\code\sql\_DailyScript\_setdates.sql
Database changed
Query OK, 0 rows affected (0.00 sec)

Query OK, 0 rows affected (0.00 sec)

Query OK, 0 rows affected (0.00 sec)

Query OK, 0 rows affected (0.00 sec)

Query OK, 0 rows affected (0.00 sec)

Query OK, 0 rows affected (0.00 sec)

Query OK, 0 rows affected (0.00 sec)

Query OK, 0 rows affected (0.00 sec)

Query OK, 0 rows affected (0.00 sec)

Query OK, 0 rows affected (0.00 sec)

Query OK, 0 rows affected (0.00 sec)

Query OK, 0 rows affected (0.00 sec)

Query OK, 0 rows affected (0.00 sec)

Query OK, 0 rows affected (0.00 sec)

Query OK, 0 rows affected (0.00 sec)

Query OK, 0 rows affected (0.00 sec)

Query OK, 0 rows affected (0.00 sec)

Query OK, 0 rows affected (0.00 sec)

Query OK, 0 rows affected (0.00 sec)

Query OK, 0 rows affected (0.00 sec)

Query OK, 0 rows affected (0.00 sec)

mysql> mysql \. C:\workspace\cloud\code\sql\_DailyScript\currenttime.sql
+---------------------+
| currenttime         |
+---------------------+
| 2021-03-29 06:06:53 |
+---------------------+
1 row in set (0.00 sec)

mysql> 
mysql> mysql \. C:\workspace\cloud\code\sql\_DailyScript\load_RCB_VODTITLES.sql
Database changed
Query OK, 0 rows affected (0.00 sec)

Query OK, 14302 rows affected (0.17 sec)

Query OK, 14304 rows affected, 14304 warnings (0.35 sec)
Records: 14304  Deleted: 0  Skipped: 0  Warnings: 14304

Query OK, 0 rows affected (0.00 sec)

Query OK, 2 rows affected (0.01 sec)

+-----------+
| VODTITLES |
+-----------+
|     14762 |
+-----------+
1 row in set (0.01 sec)

+-----------+-----------+
| titletype | typecount |
+-----------+-----------+
| E         |     12022 |
| N         |       246 |
| T         |      2034 |
| NULL      |     14302 |
+-----------+-----------+
4 rows in set (0.05 sec)

mysql> mysql \. C:\workspace\cloud\code\sql\_DailyScript\currenttime.sql
+---------------------+
| currenttime         |
+---------------------+
| 2021-03-29 06:06:53 |
+---------------------+
1 row in set (0.00 sec)

mysql> 
mysql> mysql \. C:\workspace\cloud\code\sql\_DailyScript\DAILY-SCRIPT-LIVETV-STATS.sql
Database changed
Query OK, 0 rows affected (0.01 sec)

Query OK, 350170 rows affected (4.27 sec)
Records: 350170  Duplicates: 0  Warnings: 0

+------------+------------+----------+--------------+--------------+-----------+-------------+----------+--------+------+------------+---------+---------------+
| Table      | Non_unique | Key_name | Seq_in_index | Column_name  | Collation | Cardinality | Sub_part | Packed | Null | Index_type | Comment | Index_comment |
+------------+------------+----------+--------------+--------------+-----------+-------------+----------+--------+------+------------+---------+---------------+
| templivetv |          1 | idxtv1   |            1 | device       | A         |      348385 |     NULL | NULL   | YES  | BTREE      |         |               |
| templivetv |          1 | idxtv2   |            1 | sessionstart | A         |      348385 |     NULL | NULL   | YES  | BTREE      |         |               |
+------------+------------+----------+--------------+--------------+-----------+-------------+----------+--------+------+------------+---------+---------------+
2 rows in set (0.00 sec)

Query OK, 0 rows affected (0.96 sec)
Records: 0  Duplicates: 0  Warnings: 0

Query OK, 2522 rows affected (0.79 sec)
Records: 2522  Duplicates: 0  Warnings: 0

Query OK, 0 rows affected (0.00 sec)

Query OK, 0 rows affected (0.00 sec)

Query OK, 124 rows affected (0.04 sec)
Records: 124  Duplicates: 0  Warnings: 0

Query OK, 0 rows affected (0.01 sec)

Query OK, 59264 rows affected (4 min 49.94 sec)
Records: 59264  Duplicates: 0  Warnings: 0

+-----------------+
| rep_livetvstats |
+-----------------+
|           59264 |
+-----------------+
1 row in set (0.02 sec)

mysql> mysql \. C:\workspace\cloud\code\sql\_DailyScript\currenttime.sql
+---------------------+
| currenttime         |
+---------------------+
| 2021-03-29 06:11:49 |
+---------------------+
1 row in set (0.00 sec)

mysql> 
mysql> mysql \. C:\workspace\cloud\code\sql\_DailyScript\DAILY-SCRIPT-VODTS-STATS.sql
Database changed
Query OK, 0 rows affected (0.01 sec)

Query OK, 19078 rows affected (40.40 sec)
Records: 19078  Duplicates: 0  Warnings: 0

+---------+------------+----------+--------------+--------------+-----------+-------------+----------+--------+------+------------+---------+---------------+
| Table   | Non_unique | Key_name | Seq_in_index | Column_name  | Collation | Cardinality | Sub_part | Packed | Null | Index_type | Comment | Index_comment |
+---------+------------+----------+--------------+--------------+-----------+-------------+----------+--------+------+------------+---------+---------------+
| tempvod |          1 | idxtvod1 |            1 | device       | A         |       19161 |     NULL | NULL   | YES  | BTREE      |         |               |
| tempvod |          1 | idxtvod2 |            1 | sessionstart | A         |       19161 |     NULL | NULL   | YES  | BTREE      |         |               |
+---------+------------+----------+--------------+--------------+-----------+-------------+----------+--------+------+------------+---------+---------------+
2 rows in set (0.00 sec)

Query OK, 0 rows affected (2.70 sec)
Records: 0  Duplicates: 0  Warnings: 0

Query OK, 0 rows affected (0.01 sec)

Query OK, 1084316 rows affected (1 min 28.51 sec)
Records: 1084316  Duplicates: 0  Warnings: 0

+--------------+
| rep_vodstats |
+--------------+
|      1084316 |
+--------------+
1 row in set (0.31 sec)

Database changed
Query OK, 0 rows affected (0.01 sec)

Query OK, 79723 rows affected (46.53 sec)
Records: 79723  Duplicates: 0  Warnings: 0

+--------+------------+----------+--------------+--------------+-----------+-------------+----------+--------+------+------------+---------+---------------+
| Table  | Non_unique | Key_name | Seq_in_index | Column_name  | Collation | Cardinality | Sub_part | Packed | Null | Index_type | Comment | Index_comment |
+--------+------------+----------+--------------+--------------+-----------+-------------+----------+--------+------+------------+---------+---------------+
| tempts |          1 | idxtts1  |            1 | device       | A         |       79863 |     NULL | NULL   | YES  | BTREE      |         |               |
| tempts |          1 | idxtts2  |            1 | sessionstart | A         |       79863 |     NULL | NULL   | YES  | BTREE      |         |               |
+--------+------------+----------+--------------+--------------+-----------+-------------+----------+--------+------+------------+---------+---------------+
2 rows in set (0.00 sec)

Query OK, 0 rows affected (11.79 sec)
Records: 0  Duplicates: 0  Warnings: 0

Query OK, 0 rows affected (0.01 sec)

Query OK, 45777 rows affected (44.72 sec)
Records: 45777  Duplicates: 0  Warnings: 0

+-------------+
| rep_tsstats |
+-------------+
|       45777 |
+-------------+
1 row in set (0.01 sec)

mysql> mysql \. C:\workspace\cloud\code\sql\_DailyScript\currenttime.sql
+---------------------+
| currenttime         |
+---------------------+
| 2021-03-29 06:15:44 |
+---------------------+
1 row in set (0.00 sec)

mysql> 
mysql> mysql \. C:\workspace\cloud\code\sql\_DailyScript\DAILY-SCRIPT-RADIO-STATS.sql
Database changed
Query OK, 0 rows affected (0.01 sec)

Query OK, 373637 rows affected (4.26 sec)
Records: 373637  Duplicates: 0  Warnings: 0

+-----------+------------+----------+--------------+--------------+-----------+-------------+----------+--------+------+------------+---------+---------------+
| Table     | Non_unique | Key_name | Seq_in_index | Column_name  | Collation | Cardinality | Sub_part | Packed | Null | Index_type | Comment | Index_comment |
+-----------+------------+----------+--------------+--------------+-----------+-------------+----------+--------+------+------------+---------+---------------+
| tempradio |          1 | idxtrad1 |            1 | device       | A         |      374946 |     NULL | NULL   | YES  | BTREE      |         |               |
| tempradio |          1 | idxtrad2 |            1 | sessionstart | A         |      374946 |     NULL | NULL   | YES  | BTREE      |         |               |
+-----------+------------+----------+--------------+--------------+-----------+-------------+----------+--------+------+------------+---------+---------------+
2 rows in set (0.00 sec)

Query OK, 0 rows affected (1.48 sec)
Records: 0  Duplicates: 0  Warnings: 0

Query OK, 0 rows affected (0.01 sec)

Query OK, 6118 rows affected (0.51 sec)
Records: 6118  Duplicates: 0  Warnings: 0

+----------------+
| rep_radiostats |
+----------------+
|           6118 |
+----------------+
1 row in set (0.00 sec)

mysql> mysql \. C:\workspace\cloud\code\sql\_DailyScript\currenttime.sql
+---------------------+
| currenttime         |
+---------------------+
| 2021-03-29 06:15:51 |
+---------------------+
1 row in set (0.00 sec)

mysql> 
mysql> mysql \. C:\workspace\cloud\code\sql\_DailyScript\DAILY_SCRIPT_TELEMETRY_PIVOT_2021.sql
Query OK, 0 rows affected (0.01 sec)

Query OK, 140 rows affected (0.12 sec)
Records: 140  Duplicates: 0  Warnings: 0

Query OK, 0 rows affected (0.01 sec)

Query OK, 11259 rows affected (1.55 sec)
Records: 11259  Duplicates: 0  Warnings: 0

Query OK, 0 rows affected (0.01 sec)

Query OK, 5 rows affected (0.02 sec)
Records: 5  Duplicates: 0  Warnings: 0

Query OK, 0 rows affected (0.01 sec)

Query OK, 44 rows affected (0.05 sec)
Records: 44  Duplicates: 0  Warnings: 0

mysql> mysql \. C:\workspace\cloud\code\sql\_DailyScript\currenttime.sql
+---------------------+
| currenttime         |
+---------------------+
| 2021-03-29 06:15:52 |
+---------------------+
1 row in set (0.00 sec)

mysql> 
mysql> mysql \. C:\workspace\cloud\code\sql\_DailyScript\telemetry_livetv_ranking2021.sql
Query OK, 0 rows affected (0.00 sec)

Query OK, 140 rows affected (0.02 sec)
Records: 140  Duplicates: 0  Warnings: 0

mysql> mysql \. C:\workspace\cloud\code\sql\_DailyScript\currenttime.sql
+---------------------+
| currenttime         |
+---------------------+
| 2021-03-29 06:15:52 |
+---------------------+
1 row in set (0.00 sec)

mysql> 
mysql> mysql \. C:\workspace\cloud\code\sql\_DailyScript\telemetry_radio_ranking2021.sql
Query OK, 0 rows affected (0.01 sec)

Query OK, 5 rows affected (0.01 sec)
Records: 5  Duplicates: 0  Warnings: 0

mysql> mysql \. C:\workspace\cloud\code\sql\_DailyScript\currenttime.sql
+---------------------+
| currenttime         |
+---------------------+
| 2021-03-29 06:15:52 |
+---------------------+
1 row in set (0.00 sec)

mysql> 
mysql> mysql \. C:\workspace\cloud\code\sql\_DailyScript\telemetry_ts_ranking2021.sql
Query OK, 0 rows affected (0.00 sec)

Query OK, 44 rows affected (0.01 sec)
Records: 44  Duplicates: 0  Warnings: 0

mysql> mysql \. C:\workspace\cloud\code\sql\_DailyScript\currenttime.sql
+---------------------+
| currenttime         |
+---------------------+
| 2021-03-29 06:15:53 |
+---------------------+
1 row in set (0.00 sec)

mysql> 
mysql> mysql \. C:\workspace\cloud\code\sql\_DailyScript\telemetry_vod_ranking2021.sql
Query OK, 0 rows affected (0.00 sec)

Query OK, 11259 rows affected (0.53 sec)
Records: 11259  Duplicates: 0  Warnings: 0

mysql> mysql \. C:\workspace\cloud\code\sql\_DailyScript\currenttime.sql
+---------------------+
| currenttime         |
+---------------------+
| 2021-03-29 06:15:53 |
+---------------------+
1 row in set (0.00 sec)

mysql> 
mysql> mysql \. C:\workspace\cloud\code\sql\_DailyScript\telemetry_vod_ranking2021_1.sql
Query OK, 0 rows affected (0.01 sec)

Query OK, 11259 rows affected (0.25 sec)
Records: 11259  Duplicates: 0  Warnings: 0

mysql> mysql \. C:\workspace\cloud\code\sql\_DailyScript\currenttime.sql
+---------------------+
| currenttime         |
+---------------------+
| 2021-03-29 06:15:53 |
+---------------------+
1 row in set (0.00 sec)

mysql> 
mysql> mysql \. C:\workspace\cloud\code\sql\_DailyScript\telemetry_vod_ranking2021_2.sql
Query OK, 0 rows affected (0.01 sec)

Query OK, 11259 rows affected (0.23 sec)
Records: 11259  Duplicates: 0  Warnings: 0

mysql> mysql \. C:\workspace\cloud\code\sql\_DailyScript\currenttime.sql
+---------------------+
| currenttime         |
+---------------------+
| 2021-03-29 06:15:54 |
+---------------------+
1 row in set (0.00 sec)

mysql> 
mysql> 
mysql> 
mysql> 
mysql> mysql \. C:\workspace\cloud\code\sql\_DailyScript\ticket_analysis.sql
Database changed
Query OK, 0 rows affected (0.02 sec)

Query OK, 782488 rows affected (25.29 sec)
Records: 782488  Duplicates: 0  Warnings: 0

Query OK, 0 rows affected (4.90 sec)
Records: 0  Duplicates: 0  Warnings: 0

Query OK, 0 rows affected (2.27 sec)
Records: 0  Duplicates: 0  Warnings: 0

Query OK, 0 rows affected (2.08 sec)
Records: 0  Duplicates: 0  Warnings: 0

Query OK, 0 rows affected (0.01 sec)

Query OK, 24464 rows affected (12.92 sec)
Records: 24464  Duplicates: 0  Warnings: 0

Query OK, 0 rows affected, 1 warning (0.00 sec)

Query OK, 112900 rows affected (7.96 sec)
Records: 112900  Duplicates: 0  Warnings: 0

Query OK, 0 rows affected, 1 warning (0.00 sec)

Query OK, 575508 rows affected (15.05 sec)
Records: 575508  Duplicates: 0  Warnings: 0

Query OK, 0 rows affected, 1 warning (0.00 sec)

Query OK, 575508 rows affected (14.89 sec)
Records: 575508  Duplicates: 0  Warnings: 0

Query OK, 0 rows affected (0.01 sec)

Query OK, 113007 rows affected (6.90 sec)
Records: 113007  Duplicates: 0  Warnings: 0

Database changed
Query OK, 0 rows affected (0.00 sec)

Query OK, 0 rows affected (0.04 sec)

Query OK, 782488 rows affected (25.05 sec)
Records: 782488  Duplicates: 0  Warnings: 0

Query OK, 0 rows affected (0.02 sec)

Query OK, 399691 rows affected (17.95 sec)
Records: 399691  Duplicates: 0  Warnings: 0

+--------------------------+
| clientticket_cmmtjourney |
+--------------------------+
|                   782488 |
+--------------------------+
1 row in set (2.46 sec)

+---------------------------+
| clientticket_assgnjourney |
+---------------------------+
|                    399691 |
+---------------------------+
1 row in set (0.44 sec)

Query OK, 0 rows affected (0.01 sec)

Query OK, 81 rows affected (0.10 sec)
Records: 81  Duplicates: 0  Warnings: 0

mysql> mysql \. C:\workspace\cloud\code\sql\_DailyScript\currenttime.sql
+---------------------+
| currenttime         |
+---------------------+
| 2021-03-29 06:18:12 |
+---------------------+
1 row in set (0.00 sec)

mysql> 
mysql> mysql \. C:\workspace\cloud\code\sql\_DailyScript\load_DailyCalls.sql
Database changed
Query OK, 588 rows affected (0.14 sec)
Records: 588  Deleted: 0  Skipped: 0  Warnings: 0

Query OK, 0 rows affected, 1 warning (0.00 sec)

Query OK, 588 rows affected (0.04 sec)
Records: 588  Duplicates: 0  Warnings: 0

Query OK, 0 rows affected, 1 warning (0.00 sec)

Query OK, 68978 rows affected (0.28 sec)
Records: 68978  Duplicates: 0  Warnings: 0

+----------------------+
| callingclientsbefore |
+----------------------+
|              1153287 |
+----------------------+
1 row in set (0.46 sec)

Query OK, 769 rows affected (12.49 sec)
Records: 769  Duplicates: 0  Warnings: 0

+---------------------+
| callingclientsafter |
+---------------------+
|             1154056 |
+---------------------+
1 row in set (0.31 sec)

Query OK, 0 rows affected (0.01 sec)

Query OK, 358 rows affected (4.05 sec)
Records: 358  Duplicates: 0  Warnings: 0

Query OK, 0 rows affected (0.01 sec)

Query OK, 22580 rows affected (3.79 sec)
Records: 22580  Duplicates: 0  Warnings: 0

+-----------+
| callstats |
+-----------+
|     22580 |
+-----------+
1 row in set (0.01 sec)

Query OK, 0 rows affected, 1 warning (0.00 sec)

Query OK, 769 rows affected (2.85 sec)
Records: 769  Duplicates: 0  Warnings: 0

+------------------------+
| rep_cccallreportbefore |
+------------------------+
|                1154625 |
+------------------------+
1 row in set (0.42 sec)

Query OK, 769 rows affected (0.23 sec)
Records: 769  Duplicates: 0  Warnings: 0

+-----------------------+
| rep_cccallreportafter |
+-----------------------+
|               1155394 |
+-----------------------+
1 row in set (0.31 sec)

Query OK, 0 rows affected (0.01 sec)

mysql> mysql \. C:\workspace\cloud\code\sql\_DailyScript\currenttime.sql
+---------------------+
| currenttime         |
+---------------------+
| 2021-03-29 06:18:38 |
+---------------------+
1 row in set (0.00 sec)

mysql> 
mysql> mysql \. C:\workspace\cloud\code\sql\_DailyScript\DAILY-SCRIPT-USAGE.sql
Database changed
Query OK, 0 rows affected (0.00 sec)

Query OK, 4329 rows affected, 12496 warnings (0.96 sec)
Records: 4329  Deleted: 0  Skipped: 0  Warnings: 12496

Query OK, 0 rows affected (0.00 sec)

Query OK, 6377 rows affected, 18468 warnings (1.14 sec)
Records: 6377  Deleted: 0  Skipped: 0  Warnings: 18468

Query OK, 0 rows affected (0.00 sec)

Query OK, 278 rows affected, 1000 warnings (0.05 sec)
Records: 278  Deleted: 0  Skipped: 0  Warnings: 1000

Query OK, 0 rows affected (0.00 sec)

Query OK, 143 rows affected, 481 warnings (0.03 sec)
Records: 143  Deleted: 0  Skipped: 0  Warnings: 481

+------------+
| dailyusage |
+------------+
|   16978825 |
+------------+
1 row in set (6.76 sec)

+------------+------------+------------+---------+
| datestart  | dateend    | insertedon | records |
+------------+------------+------------+---------+
| 2021-03-26 | 2021-03-26 | 2021-03-29 |   11127 |
| 2021-03-25 | 2021-03-25 | 2021-03-26 |   10472 |
| 2021-03-24 | 2021-03-24 | 2021-03-25 |   10812 |
| 2021-03-23 | 2021-03-23 | 2021-03-24 |   10373 |
| 2021-03-22 | 2021-03-22 | 2021-03-23 |   10362 |
+------------+------------+------------+---------+
5 rows in set (33.82 sec)

+----------+------------+------------+------------+---------+
| category | datestart  | dateend    | insertedon | records |
+----------+------------+------------+------------+---------+
| UNCAPPED | 2021-03-26 | 2021-03-26 | 2021-03-29 |    6377 |
| PREPAID  | 2021-03-26 | 2021-03-26 | 2021-03-29 |     278 |
| HOTSPOT  | 2021-03-26 | 2021-03-26 | 2021-03-29 |     143 |
| CAPPED   | 2021-03-26 | 2021-03-26 | 2021-03-29 |    4329 |
| UNCAPPED | 2021-03-25 | 2021-03-25 | 2021-03-26 |    5912 |
| PREPAID  | 2021-03-25 | 2021-03-25 | 2021-03-26 |     301 |
| HOTSPOT  | 2021-03-25 | 2021-03-25 | 2021-03-26 |     154 |
| CAPPED   | 2021-03-25 | 2021-03-25 | 2021-03-26 |    4105 |
| UNCAPPED | 2021-03-24 | 2021-03-24 | 2021-03-25 |    6240 |
| PREPAID  | 2021-03-24 | 2021-03-24 | 2021-03-25 |     300 |
| HOTSPOT  | 2021-03-24 | 2021-03-24 | 2021-03-25 |     162 |
| CAPPED   | 2021-03-24 | 2021-03-24 | 2021-03-25 |    4110 |
| UNCAPPED | 2021-03-23 | 2021-03-23 | 2021-03-24 |    5891 |
| PREPAID  | 2021-03-23 | 2021-03-23 | 2021-03-24 |     291 |
| HOTSPOT  | 2021-03-23 | 2021-03-23 | 2021-03-24 |     154 |
| CAPPED   | 2021-03-23 | 2021-03-23 | 2021-03-24 |    4037 |
| UNCAPPED | 2021-03-22 | 2021-03-22 | 2021-03-23 |    5920 |
| PREPAID  | 2021-03-22 | 2021-03-22 | 2021-03-23 |     290 |
| HOTSPOT  | 2021-03-22 | 2021-03-22 | 2021-03-23 |     166 |
| CAPPED   | 2021-03-22 | 2021-03-22 | 2021-03-23 |    3986 |
+----------+------------+------------+------------+---------+
20 rows in set (25.05 sec)

mysql> mysql \. C:\workspace\cloud\code\sql\_DailyScript\currenttime.sql
+---------------------+
| currenttime         |
+---------------------+
| 2021-03-29 06:19:45 |
+---------------------+
1 row in set (0.00 sec)

mysql> 
mysql> mysql \. C:\workspace\cloud\code\sql\_DailyScript\DAILY-SCRIPT-SALES-TELEMETRY.sql
Database changed
Query OK, 218 rows affected, 83 warnings (0.05 sec)
Records: 218  Deleted: 0  Skipped: 0  Warnings: 83

+------------+
| dailysales |
+------------+
|     227769 |
+------------+
1 row in set (0.23 sec)

Query OK, 0 rows affected (0.01 sec)

Query OK, 227769 rows affected (15.74 sec)
Records: 227769  Duplicates: 0  Warnings: 0

+--------+
| sales  |
+--------+
| 227769 |
+--------+
1 row in set (0.23 sec)

Query OK, 0 rows affected (0.01 sec)

Query OK, 3735 rows affected (0.39 sec)
Records: 3735  Duplicates: 0  Warnings: 0

+----------------+
| rep_dailysales |
+----------------+
|           3735 |
+----------------+
1 row in set (0.00 sec)

Query OK, 0 rows affected (0.01 sec)

Query OK, 3735 rows affected (0.60 sec)
Records: 3735  Duplicates: 0  Warnings: 0

+-------------------+
| rep_dailysalesreg |
+-------------------+
|              3735 |
+-------------------+
1 row in set (0.00 sec)

Query OK, 0 rows affected (0.01 sec)

Query OK, 2890 rows affected (0.72 sec)
Records: 2890  Duplicates: 0  Warnings: 0

+-----------+
| saleslist |
+-----------+
|      2890 |
+-----------+
1 row in set (0.00 sec)

Database changed
ERROR 2 (HY000): File 'C:\ProgramData\MySQL\MySQL Server 5.7\Uploads\_csv\PrepaidCardSales-26032021-P1.csv' not found (Errcode: 2 - No such file or directory)
+------------------+
| dailysinglesales |
+------------------+
|             6485 |
+------------------+
1 row in set (0.01 sec)

Database changed
Query OK, 26 rows affected (0.01 sec)
Records: 26  Deleted: 0  Skipped: 0  Warnings: 0

+-----------------+
| dailyaddonsales |
+-----------------+
|           22818 |
+-----------------+
1 row in set (0.04 sec)

Query OK, 521 rows affected (0.17 sec)
Records: 521  Deleted: 0  Skipped: 0  Warnings: 0

+----------------+
| onlinepayments |
+----------------+
|         172582 |
+----------------+
1 row in set (0.10 sec)

+-------------+----------------+---------------------+
| paymentdate | onlinepayments | onlinepaymentamount |
+-------------+----------------+---------------------+
| 2021-03-26  |            521 |        341782.49000 |
| 2021-03-25  |            497 |        312677.97000 |
| 2021-03-24  |            464 |        298162.62000 |
| 2021-03-23  |            331 |        212174.14000 |
| 2021-03-22  |            275 |        183912.47000 |
+-------------+----------------+---------------------+
5 rows in set (0.58 sec)

+-------------+--------------+----------------+---------------------+
| paymentyear | paymentmonth | onlinepayments | onlinepaymentamount |
+-------------+--------------+----------------+---------------------+
|        2021 |            3 |           7613 |       4894846.49000 |
|        2021 |            2 |           8581 |       5454096.95000 |
|        2021 |            1 |           9124 |       5808374.04000 |
|        2021 |         NULL |          25318 |      16157317.48000 |
|        2020 |           12 |           7235 |       4780077.29000 |
+-------------+--------------+----------------+---------------------+
5 rows in set (0.17 sec)

mysql> mysql \. C:\workspace\cloud\code\sql\_DailyScript\currenttime.sql
+---------------------+
| currenttime         |
+---------------------+
| 2021-03-29 06:20:05 |
+---------------------+
1 row in set (0.00 sec)

mysql> 
mysql> mysql \. C:\workspace\cloud\code\sql\_DailyScript\DAILY-SCRIPT-ACTIVENUMBERS.sql
Database changed
Query OK, 1143 rows affected (0.53 sec)
Records: 1143  Deleted: 0  Skipped: 0  Warnings: 0

+------------+----------+
| period     | count(1) |
+------------+----------+
| 2021-03-26 |     1143 |
| 2021-03-25 |     1142 |
| 2021-03-24 |     1142 |
| 2021-03-23 |     1145 |
| 2021-03-22 |     1146 |
+------------+----------+
5 rows in set (0.01 sec)

Query OK, 0 rows affected (0.00 sec)

Query OK, 78 rows affected (1.44 sec)
Records: 78  Duplicates: 0  Warnings: 0

+-------------+
| packagelist |
+-------------+
|          78 |
+-------------+
1 row in set (0.00 sec)

Database changed
Query OK, 0 rows affected (0.00 sec)

Query OK, 0 rows affected (0.00 sec)

Query OK, 0 rows affected (0.00 sec)

Query OK, 0 rows affected (0.00 sec)

Query OK, 28335 rows affected, 266 warnings (21.57 sec)
Records: 28335  Deleted: 0  Skipped: 0  Warnings: 266

+------------+----------+
| period     | count(1) |
+------------+----------+
| 2021-03-26 |    28335 |
| 2021-03-25 |    28209 |
| 2021-03-24 |    28147 |
| 2021-03-23 |    27987 |
| 2021-03-22 |    28024 |
+------------+----------+
5 rows in set (0.14 sec)

Query OK, 0 rows affected (0.03 sec)

Query OK, 27764 rows affected (49.58 sec)
Records: 27764  Duplicates: 0  Warnings: 0

Query OK, 0 rows affected (0.18 sec)
Records: 0  Duplicates: 0  Warnings: 0

Query OK, 0 rows affected (0.11 sec)
Records: 0  Duplicates: 0  Warnings: 0

Query OK, 0 rows affected (0.10 sec)
Records: 0  Duplicates: 0  Warnings: 0

Query OK, 0 rows affected (0.09 sec)
Records: 0  Duplicates: 0  Warnings: 0

Query OK, 0 rows affected (0.07 sec)
Records: 0  Duplicates: 0  Warnings: 0

Query OK, 0 rows affected (0.07 sec)
Records: 0  Duplicates: 0  Warnings: 0

+-------------+
| countbefore |
+-------------+
|    44438134 |
+-------------+
1 row in set (16.91 sec)

Query OK, 27764 rows affected (5.45 sec)
Records: 27764  Duplicates: 0  Warnings: 0

+------------+
| countafter |
+------------+
|   44465898 |
+------------+
1 row in set (15.41 sec)

+------------+--------------------------+
| period     | customercontractactivity |
+------------+--------------------------+
| 2021-03-26 |                    27764 |
| 2021-03-25 |                    27641 |
| 2021-03-24 |                    27579 |
| 2021-03-23 |                    27418 |
| 2021-03-22 |                    27456 |
+------------+--------------------------+
5 rows in set (0.06 sec)

Query OK, 0 rows affected (0.01 sec)

Query OK, 297832 rows affected (8 min 30.97 sec)
Records: 297832  Duplicates: 0  Warnings: 0

Query OK, 0 rows affected (1.08 sec)
Records: 0  Duplicates: 0  Warnings: 0

Query OK, 0 rows affected (1.17 sec)
Records: 0  Duplicates: 0  Warnings: 0

Query OK, 0 rows affected (1.14 sec)
Records: 0  Duplicates: 0  Warnings: 0

Query OK, 0 rows affected (0.01 sec)

Query OK, 234 rows affected (0.47 sec)
Records: 234  Duplicates: 0  Warnings: 0

Query OK, 0 rows affected (0.01 sec)

Query OK, 2701 rows affected (0.64 sec)
Records: 2701  Duplicates: 0  Warnings: 0

Query OK, 0 rows affected (0.01 sec)

Query OK, 27741 rows affected (0.57 sec)
Records: 27741  Duplicates: 0  Warnings: 0

Query OK, 0 rows affected (0.02 sec)

Query OK, 17146 rows affected (0.35 sec)
Records: 17146  Duplicates: 0  Warnings: 0

Query OK, 0 rows affected (0.01 sec)

Query OK, 17146 rows affected (0.13 sec)
Records: 17146  Duplicates: 0  Warnings: 0

Query OK, 0 rows affected (0.02 sec)

Query OK, 17146 rows affected (1.14 sec)
Records: 17146  Duplicates: 0  Warnings: 0

Query OK, 0 rows affected (0.01 sec)

Query OK, 17146 rows affected (43.91 sec)
Records: 17146  Duplicates: 0  Warnings: 0

+-------------+
| clientstats |
+-------------+
|       17146 |
+-------------+
1 row in set (0.01 sec)

Query OK, 0 rows affected (0.01 sec)

Query OK, 14 rows affected, 1 warning (0.11 sec)
Records: 14  Duplicates: 0  Warnings: 1

+-----------------------+-------------+-------------+----------------+-----------------+
| services              | activecount | allaccounts | uniqueaccounts | uniquecontracts |
+-----------------------+-------------+-------------+----------------+-----------------+
| All                   |         361 |          60 |             60 |             191 |
| Internet & OTT        |           4 |           2 |              2 |               2 |
| Internet & Voice      |         342 |         153 |            153 |             298 |
| Internet Only         |        4312 |        4196 |           4189 |            4238 |
| OTT Only              |           6 |           2 |              2 |               6 |
| TV & Internet         |        9718 |        4381 |           4374 |            8926 |
| TV & Internet & OTT   |        3438 |         868 |            866 |            1805 |
| TV & Internet & Voice |         534 |         153 |            153 |             470 |
| TV & OTT              |         541 |          82 |             80 |             103 |
| TV & Voice            |          85 |          39 |             39 |              79 |
| TV & Voice & OTT      |           3 |           1 |              1 |               2 |
| TV Only               |        8989 |        7086 |           7078 |            7270 |
| Voice Only            |         125 |         123 |            123 |             125 |
| GRAND TOTAL           |       28458 |       17146 |          17080 |           23515 |
+-----------------------+-------------+-------------+----------------+-----------------+
14 rows in set (0.00 sec)

+-------------+-------------+-------------+----------------+-----------------+
| network     | activecount | allaccounts | uniqueaccounts | uniquecontracts |
+-------------+-------------+-------------+----------------+-----------------+
| GPON        |       10934 |        5494 |           5491 |            8639 |
| HFC         |       17524 |       11652 |          11652 |           14876 |
| GRAND TOTAL |       28458 |       17146 |          17080 |           23515 |
+-------------+-------------+-------------+----------------+-----------------+
3 rows in set, 1 warning (0.11 sec)

+-------------+-----------------------+-------------+-------------+----------------+-----------------+
| network     | services              | activecount | allaccounts | uniqueaccounts | uniquecontracts |
+-------------+-----------------------+-------------+-------------+----------------+-----------------+
| GPON        | All                   |         225 |          39 |             39 |             122 |
| GPON        | Internet & Voice      |          74 |          31 |             31 |              64 |
| GPON        | Internet Only         |        1327 |        1228 |           1228 |            1254 |
| GPON        | TV & Internet         |        4624 |        2046 |           2046 |            4207 |
| GPON        | TV & Internet & OTT   |        2129 |         531 |            531 |            1111 |
| GPON        | TV & Internet & Voice |         278 |          75 |             75 |             234 |
| GPON        | TV & OTT              |         309 |          44 |             44 |              55 |
| GPON        | TV & Voice            |          50 |          23 |             23 |              47 |
| GPON        | TV & Voice & OTT      |           3 |           1 |              1 |               2 |
| GPON        | TV Only               |        1905 |        1467 |           1467 |            1533 |
| GPON        | Voice Only            |          10 |           9 |              9 |              10 |
| GPON        | Services Total        |       10934 |        5494 |           5491 |            8639 |
| HFC         | All                   |         136 |          21 |             21 |              69 |
| HFC         | Internet & OTT        |           4 |           2 |              2 |               2 |
| HFC         | Internet & Voice      |         268 |         122 |            122 |             234 |
| HFC         | Internet Only         |        2985 |        2968 |           2968 |            2984 |
| HFC         | OTT Only              |           6 |           2 |              2 |               6 |
| HFC         | TV & Internet         |        5094 |        2335 |           2335 |            4719 |
| HFC         | TV & Internet & OTT   |        1309 |         337 |            337 |             694 |
| HFC         | TV & Internet & Voice |         256 |          78 |             78 |             236 |
| HFC         | TV & OTT              |         232 |          38 |             38 |              48 |
| HFC         | TV & Voice            |          35 |          16 |             16 |              32 |
| HFC         | TV Only               |        7084 |        5619 |           5619 |            5737 |
| HFC         | Voice Only            |         115 |         114 |            114 |             115 |
| HFC         | Services Total        |       17524 |       11652 |          11652 |           14876 |
| GRAND TOTAL | Services Total        |       28458 |       17146 |          17080 |           23515 |
+-------------+-----------------------+-------------+-------------+----------------+-----------------+
26 rows in set, 2 warnings (0.13 sec)

Query OK, 0 rows affected (0.01 sec)

Query OK, 45 rows affected, 3 warnings (0.19 sec)
Records: 45  Duplicates: 0  Warnings: 3

+-------------+---------------+-----------------------+-------------+-------------+----------------+-----------------+
| region      | network       | services              | activecount | allaccounts | uniqueaccounts | uniquecontracts |
+-------------+---------------+-----------------------+-------------+-------------+----------------+-----------------+
| Eden Island | GPON          | TV & Internet         |           2 |           1 |              1 |               2 |
| Eden Island | GPON          | Services Total        |           2 |           1 |              1 |               2 |
| Eden Island | Network Total | Services Total        |           2 |           1 |              1 |               2 |
| Mahe        | GPON          | All                   |         194 |          34 |             34 |             107 |
| Mahe        | GPON          | Internet & Voice      |          62 |          25 |             25 |              52 |
| Mahe        | GPON          | Internet Only         |        1099 |        1000 |           1000 |            1026 |
| Mahe        | GPON          | TV & Internet         |        3808 |        1683 |           1683 |            3455 |
| Mahe        | GPON          | TV & Internet & OTT   |        1744 |         425 |            425 |             892 |
| Mahe        | GPON          | TV & Internet & Voice |         265 |          71 |             71 |             221 |
| Mahe        | GPON          | TV & OTT              |         285 |          35 |             35 |              46 |
| Mahe        | GPON          | TV & Voice            |          48 |          22 |             22 |              45 |
| Mahe        | GPON          | TV & Voice & OTT      |           3 |           1 |              1 |               2 |
| Mahe        | GPON          | TV Only               |        1539 |        1175 |           1175 |            1225 |
| Mahe        | GPON          | Voice Only            |          10 |           9 |              9 |              10 |
| Mahe        | GPON          | Services Total        |        9057 |        4480 |           4480 |            7081 |
| Mahe        | HFC           | All                   |         136 |          21 |             21 |              69 |
| Mahe        | HFC           | Internet & OTT        |           4 |           2 |              2 |               2 |
| Mahe        | HFC           | Internet & Voice      |         268 |         122 |            122 |             234 |
| Mahe        | HFC           | Internet Only         |        2984 |        2967 |           2967 |            2983 |
| Mahe        | HFC           | OTT Only              |           6 |           2 |              2 |               6 |
| Mahe        | HFC           | TV & Internet         |        5092 |        2334 |           2334 |            4717 |
| Mahe        | HFC           | TV & Internet & OTT   |        1309 |         337 |            337 |             694 |
| Mahe        | HFC           | TV & Internet & Voice |         256 |          78 |             78 |             236 |
| Mahe        | HFC           | TV & OTT              |         232 |          38 |             38 |              48 |
| Mahe        | HFC           | TV & Voice            |          35 |          16 |             16 |              32 |
| Mahe        | HFC           | TV Only               |        7081 |        5617 |           5617 |            5735 |
| Mahe        | HFC           | Voice Only            |         115 |         114 |            114 |             115 |
| Mahe        | HFC           | Services Total        |       17518 |       11648 |          11648 |           14871 |
| Mahe        | Network Total | Services Total        |       26575 |       16128 |          16065 |           21952 |
| Praslin     | GPON          | All                   |          31 |           5 |              5 |              15 |
| Praslin     | GPON          | Internet & Voice      |          12 |           6 |              6 |              12 |
| Praslin     | GPON          | Internet Only         |         228 |         228 |            228 |             228 |
| Praslin     | GPON          | TV & Internet         |         814 |         362 |            362 |             750 |
| Praslin     | GPON          | TV & Internet & OTT   |         385 |         106 |            106 |             219 |
| Praslin     | GPON          | TV & Internet & Voice |          13 |           4 |              4 |              13 |
| Praslin     | GPON          | TV & OTT              |          24 |           9 |              9 |               9 |
| Praslin     | GPON          | TV & Voice            |           2 |           1 |              1 |               2 |
| Praslin     | GPON          | TV Only               |         366 |         292 |            292 |             308 |
| Praslin     | GPON          | Services Total        |        1875 |        1013 |           1013 |            1556 |
| Praslin     | HFC           | Internet Only         |           1 |           1 |              1 |               1 |
| Praslin     | HFC           | TV & Internet         |           2 |           1 |              1 |               2 |
| Praslin     | HFC           | TV Only               |           3 |           2 |              2 |               2 |
| Praslin     | HFC           | Services Total        |           6 |           4 |              4 |               5 |
| Praslin     | Network Total | Services Total        |        1881 |        1017 |           1017 |            1561 |
| GRAND TOTAL | Network Total | Services Total        |       28458 |       17146 |          17080 |           23515 |
+-------------+---------------+-----------------------+-------------+-------------+----------------+-----------------+
45 rows in set (0.00 sec)

Query OK, 0 rows affected (0.01 sec)

Query OK, 27742 rows affected (0.42 sec)
Records: 27742  Duplicates: 0  Warnings: 0

Query OK, 0 rows affected (0.02 sec)

Query OK, 2256 rows affected (1.34 sec)
Records: 2256  Duplicates: 0  Warnings: 0

+--------------------------------------+
| message                              |
+--------------------------------------+
| running rcbill_my.sp_ActiveNumber2() |
+--------------------------------------+
1 row in set (0.00 sec)

Query OK, 365 rows affected (2 min 1.19 sec)

mysql> mysql \. C:\workspace\cloud\code\sql\_DailyScript\currenttime.sql
+---------------------+
| currenttime         |
+---------------------+
| 2021-03-29 06:33:22 |
+---------------------+
1 row in set (0.00 sec)

mysql> 
mysql> mysql \. C:\workspace\cloud\code\sql\_DailyScript\GetActiveNumbers Average -Pivot.sql
Database changed
+-------------------------------------+
| @today := subdate(current_date(),1) |
+-------------------------------------+
| 2021-03-28                          |
+-------------------------------------+
1 row in set (0.00 sec)

+-------------------------------------+
| @lastdayofmonth := last_day(@today) |
+-------------------------------------+
| 2021-03-31                          |
+-------------------------------------+
1 row in set (0.00 sec)

Query OK, 0 rows affected (0.01 sec)

Query OK, 46220 rows affected, 65535 warnings (59.29 sec)
Records: 46220  Duplicates: 0  Warnings: 95262

Query OK, 0 rows affected (0.10 sec)
Records: 0  Duplicates: 0  Warnings: 0

Query OK, 0 rows affected (0.12 sec)
Records: 0  Duplicates: 0  Warnings: 0

Query OK, 0 rows affected (0.10 sec)
Records: 0  Duplicates: 0  Warnings: 0

+-----------------+
| activenumberavg |
+-----------------+
|           46220 |
+-----------------+
1 row in set (0.01 sec)

Query OK, 0 rows affected (0.01 sec)

Query OK, 1951 rows affected (0.53 sec)
Records: 1951  Duplicates: 0  Warnings: 0

+---------------------+
| rep_activenumberavg |
+---------------------+
|                1951 |
+---------------------+
1 row in set (0.00 sec)

+----------------------+
| rep_activenumberavg1 |
+----------------------+
|                  911 |
+----------------------+
1 row in set (0.00 sec)

Query OK, 0 rows affected (0.01 sec)

Query OK, 2425 rows affected (0.42 sec)
Records: 2425  Duplicates: 0  Warnings: 0

Query OK, 0 rows affected (0.01 sec)

Query OK, 12470 rows affected (0.77 sec)
Records: 12470  Duplicates: 0  Warnings: 0

Query OK, 0 rows affected (0.00 sec)

Query OK, 0 rows affected (0.00 sec)

Query OK, 0 rows affected (0.01 sec)

Query OK, 0 rows affected (0.00 sec)

Query OK, 0 rows affected (0.00 sec)
Statement prepared

Query OK, 53 rows affected (0.05 sec)
Records: 53  Duplicates: 0  Warnings: 0

Query OK, 0 rows affected (0.00 sec)

Query OK, 0 rows affected (0.00 sec)

+----------------------+
| rep_activenumberavg2 |
+----------------------+
|                 2425 |
+----------------------+
1 row in set (0.00 sec)

+------------------------+
| rep_activenumberavg_pv |
+------------------------+
|                     53 |
+------------------------+
1 row in set (0.00 sec)

Query OK, 0 rows affected (0.01 sec)

Query OK, 2424 rows affected (0.37 sec)
Records: 2424  Duplicates: 0  Warnings: 0

Query OK, 0 rows affected (0.00 sec)

Query OK, 0 rows affected (0.00 sec)

Query OK, 0 rows affected (0.00 sec)

Query OK, 0 rows affected (0.00 sec)

Query OK, 0 rows affected (0.00 sec)
Statement prepared

Query OK, 53 rows affected (0.05 sec)
Records: 53  Duplicates: 0  Warnings: 0

Query OK, 0 rows affected (0.00 sec)

Query OK, 0 rows affected (0.00 sec)

+-------------------------+
| rep_activenumberavgMahe |
+-------------------------+
|                    2424 |
+-------------------------+
1 row in set (0.00 sec)

+----------------------------+
| rep_activenumberavgMahe_pv |
+----------------------------+
|                         53 |
+----------------------------+
1 row in set (0.00 sec)

Query OK, 0 rows affected (0.00 sec)

Query OK, 1536 rows affected (0.16 sec)
Records: 1536  Duplicates: 0  Warnings: 0

Query OK, 0 rows affected (0.00 sec)

Query OK, 0 rows affected (0.00 sec)

Query OK, 0 rows affected (0.00 sec)

Query OK, 0 rows affected (0.00 sec)

Query OK, 0 rows affected (0.00 sec)
Statement prepared

Query OK, 40 rows affected (0.04 sec)
Records: 40  Duplicates: 0  Warnings: 0

Query OK, 0 rows affected (0.00 sec)

Query OK, 0 rows affected (0.00 sec)

+----------------------------+
| rep_activenumberavgPraslin |
+----------------------------+
|                       1536 |
+----------------------------+
1 row in set (0.00 sec)

+-------------------------------+
| rep_activenumberavgPraslin_pv |
+-------------------------------+
|                            40 |
+-------------------------------+
1 row in set (0.00 sec)

mysql> mysql \. C:\workspace\cloud\code\sql\_DailyScript\currenttime.sql
+---------------------+
| currenttime         |
+---------------------+
| 2021-03-29 06:34:24 |
+---------------------+
1 row in set (0.00 sec)

mysql> 
mysql> 
mysql> 
mysql> 
mysql> 
mysql> 
mysql> 
mysql> 
mysql> 
mysql> 
mysql> 
mysql> 
mysql> 
mysql> 
mysql> 
mysql> 
mysql> 
mysql> 
mysql> 
mysql> 
mysql> 
mysql> 
mysql> 
mysql> 
mysql> exit
