    -> 
    -> mysql \. C:\workspace\cloud\code\sql\_DailyScript\_setdates.sql
Database changed
Query OK, 0 rows affected (0.00 sec)

Query OK, 0 rows affected (0.01 sec)

Query OK, 0 rows affected (0.00 sec)

Query OK, 0 rows affected (0.00 sec)

Query OK, 0 rows affected (0.00 sec)

Query OK, 0 rows affected (0.00 sec)

Query OK, 0 rows affected (0.00 sec)

Query OK, 0 rows affected (0.01 sec)

Query OK, 0 rows affected (0.00 sec)

Query OK, 0 rows affected (0.00 sec)

Query OK, 0 rows affected (0.01 sec)

Query OK, 0 rows affected (0.00 sec)

Query OK, 0 rows affected (0.00 sec)

Query OK, 0 rows affected (0.00 sec)

Query OK, 0 rows affected (0.00 sec)

Query OK, 0 rows affected (0.00 sec)

Query OK, 0 rows affected (0.00 sec)

Query OK, 0 rows affected (0.00 sec)

Query OK, 0 rows affected (0.00 sec)

Query OK, 0 rows affected (0.00 sec)

Query OK, 0 rows affected (0.00 sec)

mysql> mysql \. C:\workspace\cloud\code\sql\_DailyScript\currenttime.sql
+---------------------+
| currenttime         |
+---------------------+
| 2021-01-31 13:11:05 |
+---------------------+
1 row in set (0.00 sec)

mysql> 
mysql> mysql \. C:\workspace\cloud\code\sql\_DailyScript\load_RCB_VODTITLES.sql
Database changed
Query OK, 0 rows affected (0.00 sec)

Query OK, 13703 rows affected (0.15 sec)

Query OK, 13705 rows affected, 13705 warnings (0.32 sec)
Records: 13705  Deleted: 0  Skipped: 0  Warnings: 13705

Query OK, 0 rows affected (0.00 sec)

Query OK, 2 rows affected (0.01 sec)

+-----------+
| VODTITLES |
+-----------+
|     14163 |
+-----------+
1 row in set (0.01 sec)

+-----------+-----------+
| titletype | typecount |
+-----------+-----------+
| E         |     11468 |
| N         |       252 |
| T         |      1983 |
| NULL      |     13703 |
+-----------+-----------+
4 rows in set (0.04 sec)

mysql> mysql \. C:\workspace\cloud\code\sql\_DailyScript\currenttime.sql
+---------------------+
| currenttime         |
+---------------------+
| 2021-01-31 13:11:05 |
+---------------------+
1 row in set (0.00 sec)

mysql> 
mysql> mysql \. C:\workspace\cloud\code\sql\_DailyScript\DAILY-SCRIPT-LIVETV-STATS.sql
Database changed
Query OK, 0 rows affected (0.01 sec)

Query OK, 122069 rows affected (1.34 sec)
Records: 122069  Duplicates: 0  Warnings: 0

+------------+------------+----------+--------------+--------------+-----------+-------------+----------+--------+------+------------+---------+---------------+
| Table      | Non_unique | Key_name | Seq_in_index | Column_name  | Collation | Cardinality | Sub_part | Packed | Null | Index_type | Comment | Index_comment |
+------------+------------+----------+--------------+--------------+-----------+-------------+----------+--------+------+------------+---------+---------------+
| templivetv |          1 | idxtv1   |            1 | device       | A         |      122386 |     NULL | NULL   | YES  | BTREE      |         |               |
| templivetv |          1 | idxtv2   |            1 | sessionstart | A         |      122386 |     NULL | NULL   | YES  | BTREE      |         |               |
+------------+------------+----------+--------------+--------------+-----------+-------------+----------+--------+------+------------+---------+---------------+
2 rows in set (0.00 sec)

Query OK, 122009 rows affected (15.84 sec)
Records: 122009  Duplicates: 0  Warnings: 0

Query OK, 2638 rows affected (0.79 sec)
Records: 2638  Duplicates: 0  Warnings: 0

Query OK, 0 rows affected (0.00 sec)

Query OK, 0 rows affected (0.00 sec)

Query OK, 127 rows affected (0.04 sec)
Records: 127  Duplicates: 0  Warnings: 0

Query OK, 0 rows affected (0.01 sec)

Query OK, 52759 rows affected (2 min 51.89 sec)
Records: 52759  Duplicates: 0  Warnings: 0

+-----------------+
| rep_livetvstats |
+-----------------+
|           52759 |
+-----------------+
1 row in set (0.02 sec)

mysql> mysql \. C:\workspace\cloud\code\sql\_DailyScript\currenttime.sql
+---------------------+
| currenttime         |
+---------------------+
| 2021-01-31 13:14:15 |
+---------------------+
1 row in set (0.00 sec)

mysql> 
mysql> mysql \. C:\workspace\cloud\code\sql\_DailyScript\DAILY-SCRIPT-VODTS-STATS.sql
Database changed
Query OK, 0 rows affected (0.01 sec)

Query OK, 6665 rows affected (19.95 sec)
Records: 6665  Duplicates: 0  Warnings: 0

+---------+------------+----------+--------------+--------------+-----------+-------------+----------+--------+------+------------+---------+---------------+
| Table   | Non_unique | Key_name | Seq_in_index | Column_name  | Collation | Cardinality | Sub_part | Packed | Null | Index_type | Comment | Index_comment |
+---------+------------+----------+--------------+--------------+-----------+-------------+----------+--------+------+------------+---------+---------------+
| tempvod |          1 | idxtvod1 |            1 | device       | A         |        6763 |     NULL | NULL   | YES  | BTREE      |         |               |
| tempvod |          1 | idxtvod2 |            1 | sessionstart | A         |        6763 |     NULL | NULL   | YES  | BTREE      |         |               |
+---------+------------+----------+--------------+--------------+-----------+-------------+----------+--------+------+------------+---------+---------------+
2 rows in set (0.00 sec)

Query OK, 6660 rows affected (3.08 sec)
Records: 6660  Duplicates: 0  Warnings: 0

Query OK, 0 rows affected (0.01 sec)

Query OK, 990487 rows affected (1 min 19.99 sec)
Records: 990487  Duplicates: 0  Warnings: 0

+--------------+
| rep_vodstats |
+--------------+
|       990487 |
+--------------+
1 row in set (0.30 sec)

Database changed
Query OK, 0 rows affected (0.01 sec)

Query OK, 21470 rows affected (44.58 sec)
Records: 21470  Duplicates: 0  Warnings: 0

+--------+------------+----------+--------------+--------------+-----------+-------------+----------+--------+------+------------+---------+---------------+
| Table  | Non_unique | Key_name | Seq_in_index | Column_name  | Collation | Cardinality | Sub_part | Packed | Null | Index_type | Comment | Index_comment |
+--------+------------+----------+--------------+--------------+-----------+-------------+----------+--------+------+------------+---------+---------------+
| tempts |          1 | idxtts1  |            1 | device       | A         |       21576 |     NULL | NULL   | YES  | BTREE      |         |               |
| tempts |          1 | idxtts2  |            1 | sessionstart | A         |       21576 |     NULL | NULL   | YES  | BTREE      |         |               |
+--------+------------+----------+--------------+--------------+-----------+-------------+----------+--------+------+------------+---------+---------------+
2 rows in set (0.00 sec)

Query OK, 21440 rows affected (13.32 sec)
Records: 21440  Duplicates: 0  Warnings: 0

Query OK, 0 rows affected (0.01 sec)

Query OK, 43821 rows affected (42.98 sec)
Records: 43821  Duplicates: 0  Warnings: 0

+-------------+
| rep_tsstats |
+-------------+
|       43821 |
+-------------+
1 row in set (0.01 sec)

mysql> mysql \. C:\workspace\cloud\code\sql\_DailyScript\currenttime.sql
+---------------------+
| currenttime         |
+---------------------+
| 2021-01-31 13:17:40 |
+---------------------+
1 row in set (0.00 sec)

mysql> 
mysql> mysql \. C:\workspace\cloud\code\sql\_DailyScript\DAILY-SCRIPT-RADIO-STATS.sql
Database changed
Query OK, 0 rows affected (0.03 sec)

Query OK, 355256 rows affected (4.11 sec)
Records: 355256  Duplicates: 0  Warnings: 0

+-----------+------------+----------+--------------+--------------+-----------+-------------+----------+--------+------+------------+---------+---------------+
| Table     | Non_unique | Key_name | Seq_in_index | Column_name  | Collation | Cardinality | Sub_part | Packed | Null | Index_type | Comment | Index_comment |
+-----------+------------+----------+--------------+--------------+-----------+-------------+----------+--------+------+------------+---------+---------------+
| tempradio |          1 | idxtrad1 |            1 | device       | A         |      356634 |     NULL | NULL   | YES  | BTREE      |         |               |
| tempradio |          1 | idxtrad2 |            1 | sessionstart | A         |      356634 |     NULL | NULL   | YES  | BTREE      |         |               |
+-----------+------------+----------+--------------+--------------+-----------+-------------+----------+--------+------+------------+---------+---------------+
2 rows in set (0.00 sec)

Query OK, 782 rows affected (1.52 sec)
Records: 782  Duplicates: 0  Warnings: 0

Query OK, 0 rows affected (0.01 sec)

Query OK, 5869 rows affected (0.48 sec)
Records: 5869  Duplicates: 0  Warnings: 0

+----------------+
| rep_radiostats |
+----------------+
|           5869 |
+----------------+
1 row in set (0.00 sec)

mysql> mysql \. C:\workspace\cloud\code\sql\_DailyScript\currenttime.sql
+---------------------+
| currenttime         |
+---------------------+
| 2021-01-31 13:17:46 |
+---------------------+
1 row in set (0.00 sec)

mysql> 
mysql> mysql \. C:\workspace\cloud\code\sql\_DailyScript\DAILY_SCRIPT_TELEMETRY_PIVOT_2021.sql
Query OK, 0 rows affected (0.01 sec)

Query OK, 140 rows affected (0.13 sec)
Records: 140  Duplicates: 0  Warnings: 0

Query OK, 0 rows affected (0.01 sec)

Query OK, 9169 rows affected (1.58 sec)
Records: 9169  Duplicates: 0  Warnings: 0

Query OK, 0 rows affected (0.01 sec)

Query OK, 5 rows affected (0.02 sec)
Records: 5  Duplicates: 0  Warnings: 0

Query OK, 0 rows affected (0.01 sec)

Query OK, 44 rows affected (0.06 sec)
Records: 44  Duplicates: 0  Warnings: 0

mysql> mysql \. C:\workspace\cloud\code\sql\_DailyScript\currenttime.sql
+---------------------+
| currenttime         |
+---------------------+
| 2021-01-31 13:17:48 |
+---------------------+
1 row in set (0.00 sec)

mysql> 
mysql> mysql \. C:\workspace\cloud\code\sql\_DailyScript\telemetry_livetv_ranking2021.sql
Query OK, 0 rows affected (0.01 sec)

Query OK, 140 rows affected (0.02 sec)
Records: 140  Duplicates: 0  Warnings: 0

mysql> mysql \. C:\workspace\cloud\code\sql\_DailyScript\currenttime.sql
+---------------------+
| currenttime         |
+---------------------+
| 2021-01-31 13:17:48 |
+---------------------+
1 row in set (0.00 sec)

mysql> 
mysql> mysql \. C:\workspace\cloud\code\sql\_DailyScript\telemetry_radio_ranking2021.sql
Query OK, 0 rows affected (0.01 sec)

Query OK, 5 rows affected (0.01 sec)
Records: 5  Duplicates: 0  Warnings: 0

mysql> mysql \. C:\workspace\cloud\code\sql\_DailyScript\currenttime.sql
+---------------------+
| currenttime         |
+---------------------+
| 2021-01-31 13:17:48 |
+---------------------+
1 row in set (0.00 sec)

mysql> 
mysql> mysql \. C:\workspace\cloud\code\sql\_DailyScript\telemetry_ts_ranking2021.sql
Query OK, 0 rows affected (0.00 sec)

Query OK, 44 rows affected (0.01 sec)
Records: 44  Duplicates: 0  Warnings: 0

mysql> mysql \. C:\workspace\cloud\code\sql\_DailyScript\currenttime.sql
+---------------------+
| currenttime         |
+---------------------+
| 2021-01-31 13:17:48 |
+---------------------+
1 row in set (0.00 sec)

mysql> 
mysql> mysql \. C:\workspace\cloud\code\sql\_DailyScript\telemetry_vod_ranking2021.sql
Query OK, 0 rows affected (0.01 sec)

Query OK, 9169 rows affected (0.37 sec)
Records: 9169  Duplicates: 0  Warnings: 0

mysql> mysql \. C:\workspace\cloud\code\sql\_DailyScript\currenttime.sql
+---------------------+
| currenttime         |
+---------------------+
| 2021-01-31 13:17:48 |
+---------------------+
1 row in set (0.00 sec)

mysql> 
mysql> mysql \. C:\workspace\cloud\code\sql\_DailyScript\telemetry_vod_ranking2021_1.sql
Query OK, 0 rows affected (0.01 sec)

Query OK, 9169 rows affected (0.20 sec)
Records: 9169  Duplicates: 0  Warnings: 0

mysql> mysql \. C:\workspace\cloud\code\sql\_DailyScript\currenttime.sql
+---------------------+
| currenttime         |
+---------------------+
| 2021-01-31 13:17:48 |
+---------------------+
1 row in set (0.00 sec)

mysql> 
mysql> mysql \. C:\workspace\cloud\code\sql\_DailyScript\telemetry_vod_ranking2021_2.sql
Query OK, 0 rows affected (0.01 sec)

Query OK, 9169 rows affected (0.18 sec)
Records: 9169  Duplicates: 0  Warnings: 0

mysql> mysql \. C:\workspace\cloud\code\sql\_DailyScript\currenttime.sql
+---------------------+
| currenttime         |
+---------------------+
| 2021-01-31 13:17:48 |
+---------------------+
1 row in set (0.00 sec)

mysql> 
mysql> mysql \. C:\workspace\cloud\code\sql\_DailyScript\DAILY-SCRIPT-CREATE-LOAD.sql
Database changed
Database changed
Query OK, 0 rows affected (0.03 sec)

Query OK, 0 rows affected (0.01 sec)

Database changed
Query OK, 67550 rows affected (2.72 sec)
Records: 67550  Deleted: 0  Skipped: 0  Warnings: 0

Query OK, 0 rows affected (0.14 sec)
Records: 0  Duplicates: 0  Warnings: 0

Query OK, 0 rows affected (0.24 sec)
Records: 0  Duplicates: 0  Warnings: 0

Query OK, 0 rows affected (0.26 sec)
Records: 0  Duplicates: 0  Warnings: 0

Query OK, 0 rows affected (0.23 sec)
Records: 0  Duplicates: 0  Warnings: 0

+---------+
| clients |
+---------+
|   67550 |
+---------+
1 row in set (0.02 sec)

Query OK, 0 rows affected (0.01 sec)

Query OK, 14371 rows affected (6.50 sec)
Records: 14371  Duplicates: 0  Warnings: 0

Query OK, 0 rows affected (0.05 sec)
Records: 0  Duplicates: 0  Warnings: 0

+-------------------+
| rcb_clientparcels |
+-------------------+
|             14371 |
+-------------------+
1 row in set (0.01 sec)

Query OK, 0 rows affected (0.01 sec)

Query OK, 82234 rows affected (3.08 sec)
Records: 82234  Duplicates: 0  Warnings: 0

Query OK, 0 rows affected (0.28 sec)
Records: 0  Duplicates: 0  Warnings: 0

Query OK, 0 rows affected (0.02 sec)

Query OK, 67550 rows affected (35.49 sec)
Records: 67550  Duplicates: 0  Warnings: 0

Query OK, 0 rows affected (0.19 sec)
Records: 0  Duplicates: 0  Warnings: 0

Query OK, 0 rows affected (0.24 sec)
Records: 0  Duplicates: 0  Warnings: 0

Query OK, 0 rows affected (0.16 sec)
Records: 0  Duplicates: 0  Warnings: 0

+---------------+
| clientaddress |
+---------------+
|         67550 |
+---------------+
1 row in set (0.02 sec)

Database changed
Query OK, 0 rows affected (0.07 sec)

Query OK, 0 rows affected (0.01 sec)

Database changed
Query OK, 537828 rows affected, 65535 warnings (16.20 sec)
Records: 537828  Deleted: 0  Skipped: 0  Warnings: 223174

Query OK, 0 rows affected (2.65 sec)
Records: 0  Duplicates: 0  Warnings: 0

Query OK, 0 rows affected (2.43 sec)
Records: 0  Duplicates: 0  Warnings: 0

Query OK, 0 rows affected (1.42 sec)
Records: 0  Duplicates: 0  Warnings: 0

Query OK, 0 rows affected (0.03 sec)

Query OK, 537828 rows affected (41.19 sec)
Records: 537828  Duplicates: 0  Warnings: 0

Query OK, 0 rows affected (1.85 sec)
Records: 0  Duplicates: 0  Warnings: 0

Query OK, 0 rows affected (1.46 sec)
Records: 0  Duplicates: 0  Warnings: 0

+-----------+
| contracts |
+-----------+
|    537828 |
+-----------+
1 row in set (0.17 sec)

+-----------------+
| contractaddress |
+-----------------+
|          537828 |
+-----------------+
1 row in set (0.15 sec)

Database changed
Query OK, 0 rows affected (0.01 sec)

Query OK, 0 rows affected (0.01 sec)

Query OK, 7750 rows affected (0.20 sec)
Records: 7750  Deleted: 0  Skipped: 0  Warnings: 0

Query OK, 0 rows affected (0.01 sec)

Query OK, 7718 rows affected (0.96 sec)
Records: 7718  Duplicates: 0  Warnings: 0

Query OK, 0 rows affected (0.04 sec)
Records: 0  Duplicates: 0  Warnings: 0

Query OK, 0 rows affected (0.03 sec)
Records: 0  Duplicates: 0  Warnings: 0

Query OK, 0 rows affected (0.05 sec)
Records: 0  Duplicates: 0  Warnings: 0

Query OK, 0 rows affected (0.01 sec)

Query OK, 5875 rows affected (0.05 sec)
Records: 5875  Duplicates: 0  Warnings: 0

Query OK, 0 rows affected (0.03 sec)
Records: 0  Duplicates: 0  Warnings: 0

+-------------------+
| contractdiscounts |
+-------------------+
|              7750 |
+-------------------+
1 row in set (0.00 sec)

+-------------------------+
| clientcontractdiscounts |
+-------------------------+
|                    7718 |
+-------------------------+
1 row in set (0.00 sec)

+----------------------------+
| clientcontractlastdiscount |
+----------------------------+
|                       5875 |
+----------------------------+
1 row in set (0.00 sec)

Database changed
Query OK, 0 rows affected (0.04 sec)

Query OK, 0 rows affected (0.01 sec)

Database changed
Query OK, 143625 rows affected, 8 warnings (2.92 sec)
Records: 143625  Deleted: 0  Skipped: 0  Warnings: 8

Query OK, 0 rows affected (0.28 sec)
Records: 0  Duplicates: 0  Warnings: 0

Query OK, 0 rows affected (0.29 sec)
Records: 0  Duplicates: 0  Warnings: 0

Query OK, 0 rows affected (0.31 sec)
Records: 0  Duplicates: 0  Warnings: 0

Query OK, 0 rows affected (0.32 sec)
Records: 0  Duplicates: 0  Warnings: 0

Query OK, 0 rows affected (0.38 sec)
Records: 0  Duplicates: 0  Warnings: 0

Query OK, 0 rows affected (0.56 sec)
Records: 0  Duplicates: 0  Warnings: 0

Query OK, 0 rows affected (0.08 sec)

Query OK, 1828998 rows affected (3 min 53.09 sec)
Records: 1828998  Duplicates: 0  Warnings: 0

Query OK, 0 rows affected (4.68 sec)
Records: 0  Duplicates: 0  Warnings: 0

+---------+
| devices |
+---------+
|  143625 |
+---------+
1 row in set (0.05 sec)

+-----------------------+
| clientcontractdevices |
+-----------------------+
|               1828998 |
+-----------------------+
1 row in set (0.67 sec)

Query OK, 0 rows affected (0.05 sec)

Query OK, 143542 rows affected (7.14 sec)
Records: 143542  Duplicates: 0  Warnings: 0

+---------------------------+
| rep_clientcontractdevices |
+---------------------------+
|                    143542 |
+---------------------------+
1 row in set (0.04 sec)

Database changed
Query OK, 0 rows affected (0.02 sec)

Query OK, 0 rows affected (0.01 sec)

Query OK, 312381 rows affected (7.06 sec)
Records: 312381  Deleted: 0  Skipped: 0  Warnings: 0

Query OK, 0 rows affected (0.71 sec)
Records: 0  Duplicates: 0  Warnings: 0

Query OK, 0 rows affected (0.63 sec)
Records: 0  Duplicates: 0  Warnings: 0

Query OK, 0 rows affected (0.67 sec)
Records: 0  Duplicates: 0  Warnings: 0

Query OK, 0 rows affected (0.56 sec)
Records: 0  Duplicates: 0  Warnings: 0

+---------+
| tickets |
+---------+
|  312381 |
+---------+
1 row in set (0.08 sec)

Database changed
Query OK, 0 rows affected (0.01 sec)

Query OK, 0 rows affected (0.01 sec)

Empty set (0.00 sec)

Query OK, 0 rows affected (0.02 sec)
Records: 0  Duplicates: 0  Warnings: 0

Query OK, 372 rows affected, 2 warnings (0.04 sec)
Records: 372  Deleted: 0  Skipped: 0  Warnings: 2

+-----------------+
| tickettechusers |
+-----------------+
|             372 |
+-----------------+
1 row in set (0.00 sec)

Database changed
Query OK, 0 rows affected (0.01 sec)

Query OK, 0 rows affected (0.01 sec)

Query OK, 0 rows affected (0.02 sec)
Records: 0  Duplicates: 0  Warnings: 0

Query OK, 689876 rows affected, 48792 warnings (11.43 sec)
Records: 689876  Deleted: 0  Skipped: 0  Warnings: 48792

+-------------------+
| ticketassignments |
+-------------------+
|            689876 |
+-------------------+
1 row in set (0.19 sec)

Database changed
Query OK, 0 rows affected (0.03 sec)

Query OK, 0 rows affected (0.01 sec)

Query OK, 1390876 rows affected (15.88 sec)
Records: 1390876  Deleted: 0  Skipped: 0  Warnings: 0

Query OK, 0 rows affected (4.20 sec)
Records: 0  Duplicates: 0  Warnings: 0

Query OK, 0 rows affected (3.14 sec)
Records: 0  Duplicates: 0  Warnings: 0

Query OK, 0 rows affected (4.06 sec)
Records: 0  Duplicates: 0  Warnings: 0

Query OK, 0 rows affected (2.81 sec)
Records: 0  Duplicates: 0  Warnings: 0

+----------------+
| ticketcomments |
+----------------+
|        1390876 |
+----------------+
1 row in set (0.47 sec)

Database changed
Query OK, 0 rows affected (0.02 sec)

Query OK, 0 rows affected (0.01 sec)

Query OK, 472489 rows affected (34.68 sec)
Records: 472489  Deleted: 0  Skipped: 0  Warnings: 0

Query OK, 0 rows affected (2.26 sec)
Records: 0  Duplicates: 0  Warnings: 0

+----------+
| comments |
+----------+
|   472489 |
+----------+
1 row in set (0.13 sec)

Database changed
Query OK, 0 rows affected (0.03 sec)

Query OK, 0 rows affected (0.01 sec)

Query OK, 1574672 rows affected, 65535 warnings (1 min 15.29 sec)
Records: 1574672  Deleted: 0  Skipped: 0  Warnings: 1574707

Query OK, 0 rows affected (4.25 sec)
Records: 0  Duplicates: 0  Warnings: 0

Query OK, 0 rows affected (3.82 sec)
Records: 0  Duplicates: 0  Warnings: 0

Query OK, 0 rows affected (3.86 sec)
Records: 0  Duplicates: 0  Warnings: 0

Query OK, 0 rows affected (3.88 sec)
Records: 0  Duplicates: 0  Warnings: 0

Query OK, 0 rows affected (5.34 sec)
Records: 0  Duplicates: 0  Warnings: 0

+------------+
| devicesold |
+------------+
|    1574672 |
+------------+
1 row in set (0.45 sec)

Database changed
Query OK, 0 rows affected (0.02 sec)

Query OK, 0 rows affected (0.01 sec)

Query OK, 1822301 rows affected (23.02 sec)
Records: 1822301  Deleted: 0  Skipped: 0  Warnings: 0

Query OK, 0 rows affected (4.59 sec)
Records: 0  Duplicates: 0  Warnings: 0

Query OK, 0 rows affected (4.08 sec)
Records: 0  Duplicates: 0  Warnings: 0

Query OK, 0 rows affected (4.27 sec)
Records: 0  Duplicates: 0  Warnings: 0

+------------------+
| contractservices |
+------------------+
|          1822301 |
+------------------+
1 row in set (0.51 sec)

Database changed
Query OK, 0 rows affected (0.06 sec)

Query OK, 0 rows affected (0.01 sec)

Query OK, 4470936 rows affected (1 min 51.71 sec)
Records: 4470936  Deleted: 0  Skipped: 0  Warnings: 0

Query OK, 0 rows affected (12.41 sec)
Records: 0  Duplicates: 0  Warnings: 0

Query OK, 0 rows affected (14.52 sec)
Records: 0  Duplicates: 0  Warnings: 0

Query OK, 0 rows affected (12.70 sec)
Records: 0  Duplicates: 0  Warnings: 0

Query OK, 0 rows affected (12.28 sec)
Records: 0  Duplicates: 0  Warnings: 0

+------------------+
| invoicescontents |
+------------------+
|          4470936 |
+------------------+
1 row in set (1.23 sec)

Database changed
Query OK, 0 rows affected (0.07 sec)

Query OK, 0 rows affected (0.01 sec)

Query OK, 3161269 rows affected (2 min 52.98 sec)
Records: 3161269  Deleted: 0  Skipped: 0  Warnings: 0

Query OK, 0 rows affected (12.46 sec)
Records: 0  Duplicates: 0  Warnings: 0

Query OK, 0 rows affected (13.44 sec)
Records: 0  Duplicates: 0  Warnings: 0

Query OK, 0 rows affected (10.18 sec)
Records: 0  Duplicates: 0  Warnings: 0

Query OK, 0 rows affected (12.82 sec)
Records: 0  Duplicates: 0  Warnings: 0

Query OK, 0 rows affected (11.10 sec)
Records: 0  Duplicates: 0  Warnings: 0

+----------------+
| invoicesheader |
+----------------+
|        3161269 |
+----------------+
1 row in set (0.88 sec)

Database changed
Query OK, 0 rows affected (0.05 sec)

Query OK, 0 rows affected (0.01 sec)

Query OK, 3172187 rows affected (1 min 22.96 sec)
Records: 3172187  Deleted: 0  Skipped: 0  Warnings: 0

Query OK, 0 rows affected (8.88 sec)
Records: 0  Duplicates: 0  Warnings: 0

Query OK, 0 rows affected (7.87 sec)
Records: 0  Duplicates: 0  Warnings: 0

Query OK, 0 rows affected (8.14 sec)
Records: 0  Duplicates: 0  Warnings: 0

Query OK, 0 rows affected (7.63 sec)
Records: 0  Duplicates: 0  Warnings: 0

Query OK, 0 rows affected (9.35 sec)
Records: 0  Duplicates: 0  Warnings: 0

+---------+
| casa    |
+---------+
| 3172187 |
+---------+
1 row in set (0.87 sec)

Query OK, 0 rows affected (0.01 sec)

Query OK, 15562 rows affected (1 min 16.63 sec)
Records: 15562  Duplicates: 0  Warnings: 0

+--------------------+
| rep_paycol_channel |
+--------------------+
|              15562 |
+--------------------+
1 row in set (0.01 sec)

Query OK, 0 rows affected (0.01 sec)

Query OK, 11638 rows affected (1 min 33.16 sec)
Records: 11638  Duplicates: 0  Warnings: 0

+----------------+
| rep_paycol_pos |
+----------------+
|          11638 |
+----------------+
1 row in set (0.01 sec)

Database changed
Query OK, 0 rows affected (0.03 sec)

Query OK, 0 rows affected (0.01 sec)

Database changed
Query OK, 39859 rows affected (0.78 sec)
Records: 39859  Deleted: 0  Skipped: 0  Warnings: 0

+-------+
| users |
+-------+
| 39859 |
+-------+
1 row in set (0.01 sec)

Query OK, 0 rows affected (0.08 sec)
Records: 0  Duplicates: 0  Warnings: 0

Database changed
Query OK, 0 rows affected (0.02 sec)

Query OK, 0 rows affected (0.01 sec)

Query OK, 1872898 rows affected, 2 warnings (27.95 sec)
Records: 1872898  Deleted: 0  Skipped: 0  Warnings: 2

Query OK, 0 rows affected (5.46 sec)
Records: 0  Duplicates: 0  Warnings: 0

Query OK, 0 rows affected (4.03 sec)
Records: 0  Duplicates: 0  Warnings: 0

Query OK, 0 rows affected (4.51 sec)
Records: 0  Duplicates: 0  Warnings: 0

Query OK, 0 rows affected (4.05 sec)
Records: 0  Duplicates: 0  Warnings: 0

Query OK, 0 rows affected (3.94 sec)
Records: 0  Duplicates: 0  Warnings: 0

+-------------+
| useractions |
+-------------+
|     1872898 |
+-------------+
1 row in set (0.54 sec)

Database changed
Query OK, 0 rows affected (0.09 sec)

Query OK, 0 rows affected (0.01 sec)

Database changed
Query OK, 26439297 rows affected (4 min 37.88 sec)
Records: 26439297  Deleted: 0  Skipped: 0  Warnings: 0

Query OK, 0 rows affected (1 min 9.81 sec)
Records: 0  Duplicates: 0  Warnings: 0

Query OK, 0 rows affected (1 min 7.05 sec)
Records: 0  Duplicates: 0  Warnings: 0

Query OK, 0 rows affected (1 min 6.50 sec)
Records: 0  Duplicates: 0  Warnings: 0

Query OK, 0 rows affected (59.63 sec)
Records: 0  Duplicates: 0  Warnings: 0

Query OK, 0 rows affected (1 min 16.70 sec)
Records: 0  Duplicates: 0  Warnings: 0

+----------+
| ipusage1 |
+----------+
| 26439297 |
+----------+
1 row in set (8.46 sec)

Query OK, 0 rows affected (0.03 sec)

Query OK, 1822263 rows affected (49.59 sec)
Records: 1822263  Duplicates: 0  Warnings: 0

Query OK, 0 rows affected (9.16 sec)
Records: 0  Duplicates: 0  Warnings: 0

Query OK, 0 rows affected (3.40 sec)
Records: 0  Duplicates: 0  Warnings: 0

Query OK, 0 rows affected (5.38 sec)
Records: 0  Duplicates: 0  Warnings: 0

+------------------------------+
| contractsservicepackageprice |
+------------------------------+
|                      1822263 |
+------------------------------+
1 row in set (0.52 sec)

Query OK, 0 rows affected (0.04 sec)

Query OK, 1822505 rows affected (2 min 4.72 sec)
Records: 1822505  Duplicates: 0  Warnings: 0

Query OK, 0 rows affected (8.99 sec)
Records: 0  Duplicates: 0  Warnings: 0

Query OK, 0 rows affected (8.33 sec)
Records: 0  Duplicates: 0  Warnings: 0

Query OK, 0 rows affected (4.90 sec)
Records: 0  Duplicates: 0  Warnings: 0

Query OK, 0 rows affected (7.91 sec)
Records: 0  Duplicates: 0  Warnings: 0

+------------------------------------+
| clientcontractsservicepackageprice |
+------------------------------------+
|                            1822505 |
+------------------------------------+
1 row in set (0.50 sec)

mysql> mysql \. C:\workspace\cloud\code\sql\_DailyScript\currenttime.sql
+---------------------+
| currenttime         |
+---------------------+
| 2021-01-31 13:54:16 |
+---------------------+
1 row in set (0.00 sec)

mysql> 
mysql> mysql \. C:\workspace\cloud\code\sql\_DailyScript\ticket_analysis.sql
Database changed
Query OK, 0 rows affected (0.03 sec)

Query OK, 751836 rows affected (22.55 sec)
Records: 751836  Duplicates: 0  Warnings: 0

Query OK, 0 rows affected (4.57 sec)
Records: 0  Duplicates: 0  Warnings: 0

Query OK, 0 rows affected (2.07 sec)
Records: 0  Duplicates: 0  Warnings: 0

Query OK, 0 rows affected (1.99 sec)
Records: 0  Duplicates: 0  Warnings: 0

Query OK, 0 rows affected (0.01 sec)

Query OK, 23721 rows affected (12.74 sec)
Records: 23721  Duplicates: 0  Warnings: 0

Query OK, 0 rows affected, 1 warning (0.00 sec)

Query OK, 107944 rows affected (7.50 sec)
Records: 107944  Duplicates: 0  Warnings: 0

Query OK, 0 rows affected, 1 warning (0.00 sec)

Query OK, 550481 rows affected (14.47 sec)
Records: 550481  Duplicates: 0  Warnings: 0

Query OK, 0 rows affected, 1 warning (0.00 sec)

Query OK, 550481 rows affected (14.50 sec)
Records: 550481  Duplicates: 0  Warnings: 0

Query OK, 0 rows affected (0.01 sec)

Query OK, 108048 rows affected (6.09 sec)
Records: 108048  Duplicates: 0  Warnings: 0

Database changed
Query OK, 0 rows affected (0.00 sec)

Query OK, 0 rows affected (0.02 sec)

Query OK, 751836 rows affected (23.44 sec)
Records: 751836  Duplicates: 0  Warnings: 0

Query OK, 0 rows affected (0.02 sec)

Query OK, 382425 rows affected (15.24 sec)
Records: 382425  Duplicates: 0  Warnings: 0

+--------------------------+
| clientticket_cmmtjourney |
+--------------------------+
|                   751836 |
+--------------------------+
1 row in set (2.13 sec)

+---------------------------+
| clientticket_assgnjourney |
+---------------------------+
|                    382425 |
+---------------------------+
1 row in set (0.41 sec)

Query OK, 0 rows affected (0.01 sec)

Query OK, 73 rows affected (0.09 sec)
Records: 73  Duplicates: 0  Warnings: 0

mysql> mysql \. C:\workspace\cloud\code\sql\_DailyScript\currenttime.sql
+---------------------+
| currenttime         |
+---------------------+
| 2021-01-31 13:56:24 |
+---------------------+
1 row in set (0.00 sec)

mysql> 
mysql> mysql \. C:\workspace\cloud\code\sql\_DailyScript\load_DailyCalls.sql
Database changed
Query OK, 684 rows affected (0.15 sec)
Records: 684  Deleted: 0  Skipped: 0  Warnings: 0

Query OK, 0 rows affected, 1 warning (0.00 sec)

Query OK, 684 rows affected (0.04 sec)
Records: 684  Duplicates: 0  Warnings: 0

Query OK, 0 rows affected, 1 warning (0.00 sec)

Query OK, 68584 rows affected (0.29 sec)
Records: 68584  Duplicates: 0  Warnings: 0

+----------------------+
| callingclientsbefore |
+----------------------+
|              1105770 |
+----------------------+
1 row in set (0.47 sec)

Query OK, 917 rows affected (14.46 sec)
Records: 917  Duplicates: 0  Warnings: 0

+---------------------+
| callingclientsafter |
+---------------------+
|             1106687 |
+---------------------+
1 row in set (0.29 sec)

Query OK, 0 rows affected (0.01 sec)

Query OK, 410 rows affected (4.13 sec)
Records: 410  Duplicates: 0  Warnings: 0

Query OK, 0 rows affected (0.01 sec)

Query OK, 21799 rows affected (3.44 sec)
Records: 21799  Duplicates: 0  Warnings: 0

+-----------+
| callstats |
+-----------+
|     21799 |
+-----------+
1 row in set (0.01 sec)

Query OK, 0 rows affected, 1 warning (0.00 sec)

Query OK, 917 rows affected (2.81 sec)
Records: 917  Duplicates: 0  Warnings: 0

+------------------------+
| rep_cccallreportbefore |
+------------------------+
|                1106747 |
+------------------------+
1 row in set (0.39 sec)

Query OK, 917 rows affected (0.23 sec)
Records: 917  Duplicates: 0  Warnings: 0

+-----------------------+
| rep_cccallreportafter |
+-----------------------+
|               1107664 |
+-----------------------+
1 row in set (0.30 sec)

Query OK, 0 rows affected (0.01 sec)

mysql> mysql \. C:\workspace\cloud\code\sql\_DailyScript\currenttime.sql
+---------------------+
| currenttime         |
+---------------------+
| 2021-01-31 13:56:51 |
+---------------------+
1 row in set (0.00 sec)

mysql> 
mysql> mysql \. C:\workspace\cloud\code\sql\_DailyScript\DAILY-SCRIPT-USAGE.sql
Database changed
Query OK, 0 rows affected (0.00 sec)

Query OK, 4706 rows affected, 13602 warnings (1.15 sec)
Records: 4706  Deleted: 0  Skipped: 0  Warnings: 13602

Query OK, 0 rows affected (0.00 sec)

Query OK, 6871 rows affected, 19866 warnings (1.39 sec)
Records: 6871  Deleted: 0  Skipped: 0  Warnings: 19866

Query OK, 0 rows affected (0.00 sec)

Query OK, 297 rows affected, 1075 warnings (0.04 sec)
Records: 297  Deleted: 0  Skipped: 0  Warnings: 1075

Query OK, 0 rows affected (0.00 sec)

Query OK, 122 rows affected, 411 warnings (0.03 sec)
Records: 122  Deleted: 0  Skipped: 0  Warnings: 411

+------------+
| dailyusage |
+------------+
|   16371714 |
+------------+
1 row in set (6.70 sec)

+------------+------------+------------+---------+
| datestart  | dateend    | insertedon | records |
+------------+------------+------------+---------+
| 2021-01-30 | 2021-01-30 | 2021-01-31 |   11996 |
| 2021-01-29 | 2021-01-29 | 2021-01-30 |   12040 |
| 2021-01-28 | 2021-01-28 | 2021-01-29 |   11396 |
| 2021-01-27 | 2021-01-27 | 2021-01-28 |   10986 |
| 2021-01-26 | 2021-01-26 | 2021-01-27 |   11865 |
+------------+------------+------------+---------+
5 rows in set (37.69 sec)

+----------+------------+------------+------------+---------+
| category | datestart  | dateend    | insertedon | records |
+----------+------------+------------+------------+---------+
| UNCAPPED | 2021-01-30 | 2021-01-30 | 2021-01-31 |    6871 |
| PREPAID  | 2021-01-30 | 2021-01-30 | 2021-01-31 |     297 |
| HOTSPOT  | 2021-01-30 | 2021-01-30 | 2021-01-31 |     122 |
| CAPPED   | 2021-01-30 | 2021-01-30 | 2021-01-31 |    4706 |
| UNCAPPED | 2021-01-29 | 2021-01-29 | 2021-01-30 |    6880 |
| PREPAID  | 2021-01-29 | 2021-01-29 | 2021-01-30 |     313 |
| HOTSPOT  | 2021-01-29 | 2021-01-29 | 2021-01-30 |     165 |
| CAPPED   | 2021-01-29 | 2021-01-29 | 2021-01-30 |    4682 |
| UNCAPPED | 2021-01-28 | 2021-01-28 | 2021-01-29 |    6470 |
| PREPAID  | 2021-01-28 | 2021-01-28 | 2021-01-29 |     293 |
| HOTSPOT  | 2021-01-28 | 2021-01-28 | 2021-01-29 |     149 |
| CAPPED   | 2021-01-28 | 2021-01-28 | 2021-01-29 |    4484 |
| UNCAPPED | 2021-01-27 | 2021-01-27 | 2021-01-28 |    6151 |
| PREPAID  | 2021-01-27 | 2021-01-27 | 2021-01-28 |     299 |
| HOTSPOT  | 2021-01-27 | 2021-01-27 | 2021-01-28 |     135 |
| CAPPED   | 2021-01-27 | 2021-01-27 | 2021-01-28 |    4401 |
| UNCAPPED | 2021-01-26 | 2021-01-26 | 2021-01-27 |    6756 |
| PREPAID  | 2021-01-26 | 2021-01-26 | 2021-01-27 |     304 |
| HOTSPOT  | 2021-01-26 | 2021-01-26 | 2021-01-27 |     145 |
| CAPPED   | 2021-01-26 | 2021-01-26 | 2021-01-27 |    4660 |
+----------+------------+------------+------------+---------+
20 rows in set (23.40 sec)

mysql> mysql \. C:\workspace\cloud\code\sql\_DailyScript\currenttime.sql
+---------------------+
| currenttime         |
+---------------------+
| 2021-01-31 13:58:02 |
+---------------------+
1 row in set (0.00 sec)

mysql> 
mysql> mysql \. C:\workspace\cloud\code\sql\_DailyScript\DAILY-SCRIPT-SALES-TELEMETRY.sql
Database changed
Query OK, 108 rows affected, 26 warnings (0.04 sec)
Records: 108  Deleted: 0  Skipped: 0  Warnings: 26

+------------+
| dailysales |
+------------+
|     222257 |
+------------+
1 row in set (0.22 sec)

Query OK, 0 rows affected (0.01 sec)

Query OK, 222257 rows affected (14.36 sec)
Records: 222257  Duplicates: 0  Warnings: 0

+--------+
| sales  |
+--------+
| 222257 |
+--------+
1 row in set (0.21 sec)

Query OK, 0 rows affected (0.01 sec)

Query OK, 3629 rows affected (0.36 sec)
Records: 3629  Duplicates: 0  Warnings: 0

+----------------+
| rep_dailysales |
+----------------+
|           3629 |
+----------------+
1 row in set (0.00 sec)

Query OK, 0 rows affected (0.01 sec)

Query OK, 3629 rows affected (0.55 sec)
Records: 3629  Duplicates: 0  Warnings: 0

+-------------------+
| rep_dailysalesreg |
+-------------------+
|              3629 |
+-------------------+
1 row in set (0.00 sec)

Query OK, 0 rows affected (0.00 sec)

Query OK, 2871 rows affected (0.70 sec)
Records: 2871  Duplicates: 0  Warnings: 0

+-----------+
| saleslist |
+-----------+
|      2871 |
+-----------+
1 row in set (0.00 sec)

Database changed
ERROR 2 (HY000): File 'C:\ProgramData\MySQL\MySQL Server 5.7\Uploads\_csv\PrepaidCardSales-30012021-P1.csv' not found (Errcode: 2 - No such file or directory)
+------------------+
| dailysinglesales |
+------------------+
|             6455 |
+------------------+
1 row in set (0.01 sec)

Database changed
Query OK, 28 rows affected (0.03 sec)
Records: 28  Deleted: 0  Skipped: 0  Warnings: 0

+-----------------+
| dailyaddonsales |
+-----------------+
|           21991 |
+-----------------+
1 row in set (0.04 sec)

Query OK, 373 rows affected (0.10 sec)
Records: 373  Deleted: 0  Skipped: 0  Warnings: 0

+----------------+
| onlinepayments |
+----------------+
|         156188 |
+----------------+
1 row in set (0.11 sec)

+-------------+----------------+---------------------+
| paymentdate | onlinepayments | onlinepaymentamount |
+-------------+----------------+---------------------+
| 2021-01-30  |            373 |        247860.60000 |
| 2021-01-29  |            418 |        268372.60000 |
| 2021-01-28  |            407 |        256865.28000 |
| 2021-01-27  |            407 |        279833.54000 |
| 2021-01-26  |            460 |        294133.71000 |
+-------------+----------------+---------------------+
5 rows in set (0.61 sec)

+-------------+--------------+----------------+---------------------+
| paymentyear | paymentmonth | onlinepayments | onlinepaymentamount |
+-------------+--------------+----------------+---------------------+
|        2021 |            1 |           8924 |       5675128.72000 |
|        2021 |         NULL |           8924 |       5675128.72000 |
|        2020 |           12 |           7235 |       4780077.29000 |
|        2020 |           11 |           6424 |       4163507.90000 |
|        2020 |           10 |           6965 |       4508008.17000 |
+-------------+--------------+----------------+---------------------+
5 rows in set (0.16 sec)

mysql> mysql \. C:\workspace\cloud\code\sql\_DailyScript\currenttime.sql
+---------------------+
| currenttime         |
+---------------------+
| 2021-01-31 13:58:19 |
+---------------------+
1 row in set (0.00 sec)

mysql> 
mysql> mysql \. C:\workspace\cloud\code\sql\_DailyScript\DAILY-SCRIPT-ACTIVENUMBERS.sql
Database changed
Query OK, 1160 rows affected (0.52 sec)
Records: 1160  Deleted: 0  Skipped: 0  Warnings: 0

+------------+----------+
| period     | count(1) |
+------------+----------+
| 2021-01-30 |     1160 |
| 2021-01-29 |     1161 |
| 2021-01-28 |     1163 |
| 2021-01-27 |     1164 |
| 2021-01-26 |     1164 |
+------------+----------+
5 rows in set (0.01 sec)

Query OK, 0 rows affected (0.01 sec)

Query OK, 78 rows affected (1.40 sec)
Records: 78  Duplicates: 0  Warnings: 0

+-------------+
| packagelist |
+-------------+
|          78 |
+-------------+
1 row in set (0.00 sec)

Database changed
Query OK, 0 rows affected (0.00 sec)

Query OK, 0 rows affected (0.00 sec)

Query OK, 0 rows affected (0.00 sec)

Query OK, 0 rows affected (0.00 sec)

Query OK, 28280 rows affected, 214 warnings (22.15 sec)
Records: 28280  Deleted: 0  Skipped: 0  Warnings: 214

+------------+----------+
| period     | count(1) |
+------------+----------+
| 2021-01-30 |    28280 |
| 2021-01-29 |    28355 |
| 2021-01-28 |    28294 |
| 2021-01-27 |    28350 |
| 2021-01-26 |    28212 |
+------------+----------+
5 rows in set (0.11 sec)

Query OK, 0 rows affected (0.01 sec)

Query OK, 27709 rows affected (49.33 sec)
Records: 27709  Duplicates: 0  Warnings: 0

Query OK, 0 rows affected (0.14 sec)
Records: 0  Duplicates: 0  Warnings: 0

Query OK, 0 rows affected (0.10 sec)
Records: 0  Duplicates: 0  Warnings: 0

Query OK, 0 rows affected (0.10 sec)
Records: 0  Duplicates: 0  Warnings: 0

Query OK, 0 rows affected (0.08 sec)
Records: 0  Duplicates: 0  Warnings: 0

Query OK, 0 rows affected (0.09 sec)
Records: 0  Duplicates: 0  Warnings: 0

Query OK, 0 rows affected (0.07 sec)
Records: 0  Duplicates: 0  Warnings: 0

+-------------+
| countbefore |
+-------------+
|    42914776 |
+-------------+
1 row in set (16.98 sec)

Query OK, 27709 rows affected (5.92 sec)
Records: 27709  Duplicates: 0  Warnings: 0

+------------+
| countafter |
+------------+
|   42942485 |
+------------+
1 row in set (13.57 sec)

+------------+--------------------------+
| period     | customercontractactivity |
+------------+--------------------------+
| 2021-01-30 |                    27709 |
| 2021-01-29 |                    27785 |
| 2021-01-28 |                    27724 |
| 2021-01-27 |                    27780 |
| 2021-01-26 |                    27642 |
+------------+--------------------------+
5 rows in set (0.06 sec)

Query OK, 0 rows affected (0.02 sec)

Query OK, 292360 rows affected (8 min 5.89 sec)
Records: 292360  Duplicates: 0  Warnings: 0

Query OK, 0 rows affected (1.02 sec)
Records: 0  Duplicates: 0  Warnings: 0

Query OK, 0 rows affected (1.10 sec)
Records: 0  Duplicates: 0  Warnings: 0

Query OK, 0 rows affected (1.05 sec)
Records: 0  Duplicates: 0  Warnings: 0

Query OK, 0 rows affected (0.01 sec)

Query OK, 233 rows affected (0.42 sec)
Records: 233  Duplicates: 0  Warnings: 0

Query OK, 0 rows affected (0.02 sec)

Query OK, 2653 rows affected (0.58 sec)
Records: 2653  Duplicates: 0  Warnings: 0

Query OK, 0 rows affected (0.01 sec)

Query OK, 27684 rows affected (0.55 sec)
Records: 27684  Duplicates: 0  Warnings: 0

Query OK, 0 rows affected (0.01 sec)

Query OK, 17193 rows affected (0.33 sec)
Records: 17193  Duplicates: 0  Warnings: 0

Query OK, 0 rows affected (0.01 sec)

Query OK, 17193 rows affected (0.12 sec)
Records: 17193  Duplicates: 0  Warnings: 0

Query OK, 0 rows affected (0.03 sec)

Query OK, 17193 rows affected (1.06 sec)
Records: 17193  Duplicates: 0  Warnings: 0

Query OK, 0 rows affected (0.02 sec)

Query OK, 17193 rows affected (43.53 sec)
Records: 17193  Duplicates: 0  Warnings: 0

+-------------+
| clientstats |
+-------------+
|       17193 |
+-------------+
1 row in set (0.01 sec)

Query OK, 0 rows affected (0.01 sec)

Query OK, 14 rows affected, 1 warning (0.09 sec)
Records: 14  Duplicates: 0  Warnings: 1

+-----------------------+-------------+-------------+----------------+-----------------+
| services              | activecount | allaccounts | uniqueaccounts | uniquecontracts |
+-----------------------+-------------+-------------+----------------+-----------------+
| All                   |         372 |          63 |             63 |             201 |
| Internet & OTT        |           4 |           2 |              2 |               2 |
| Internet & Voice      |         347 |         155 |            155 |             303 |
| Internet Only         |        4319 |        4199 |           4192 |            4242 |
| OTT Only              |           1 |           1 |              1 |               1 |
| TV & Internet         |        9771 |        4416 |           4408 |            8990 |
| TV & Internet & OTT   |        3382 |         866 |            863 |            1799 |
| TV & Internet & Voice |         539 |         155 |            155 |             477 |
| TV & OTT              |         521 |          77 |             76 |              95 |
| TV & Voice            |          95 |          41 |             41 |              85 |
| TV & Voice & OTT      |           3 |           1 |              1 |               2 |
| TV Only               |        8914 |        7084 |           7075 |            7273 |
| Voice Only            |         135 |         133 |            133 |             135 |
| GRAND TOTAL           |       28403 |       17193 |          17125 |           23605 |
+-----------------------+-------------+-------------+----------------+-----------------+
14 rows in set (0.00 sec)

+-------------+-------------+-------------+----------------+-----------------+
| network     | activecount | allaccounts | uniqueaccounts | uniquecontracts |
+-------------+-------------+-------------+----------------+-----------------+
| GPON        |       10520 |        5270 |           5267 |            8312 |
| HFC         |       17883 |       11923 |          11923 |           15293 |
| GRAND TOTAL |       28403 |       17193 |          17125 |           23605 |
+-------------+-------------+-------------+----------------+-----------------+
3 rows in set, 1 warning (0.11 sec)

+-------------+-----------------------+-------------+-------------+----------------+-----------------+
| network     | services              | activecount | allaccounts | uniqueaccounts | uniquecontracts |
+-------------+-----------------------+-------------+-------------+----------------+-----------------+
| GPON        | All                   |         235 |          42 |             42 |             132 |
| GPON        | Internet & Voice      |          62 |          25 |             25 |              52 |
| GPON        | Internet Only         |        1269 |        1169 |           1169 |            1195 |
| GPON        | TV & Internet         |        4452 |        1965 |           1965 |            4047 |
| GPON        | TV & Internet & OTT   |        2062 |         518 |            518 |            1083 |
| GPON        | TV & Internet & Voice |         263 |          70 |             70 |             219 |
| GPON        | TV & OTT              |         287 |          44 |             44 |              51 |
| GPON        | TV & Voice            |          56 |          23 |             23 |              48 |
| GPON        | TV Only               |        1818 |        1399 |           1399 |            1469 |
| GPON        | Voice Only            |          16 |          15 |             15 |              16 |
| GPON        | Services Total        |       10520 |        5270 |           5267 |            8312 |
| HFC         | All                   |         137 |          21 |             21 |              69 |
| HFC         | Internet & OTT        |           4 |           2 |              2 |               2 |
| HFC         | Internet & Voice      |         285 |         130 |            130 |             251 |
| HFC         | Internet Only         |        3050 |        3030 |           3030 |            3047 |
| HFC         | OTT Only              |           1 |           1 |              1 |               1 |
| HFC         | TV & Internet         |        5319 |        2451 |           2451 |            4943 |
| HFC         | TV & Internet & OTT   |        1320 |         348 |            348 |             716 |
| HFC         | TV & Internet & Voice |         276 |          85 |             85 |             258 |
| HFC         | TV & OTT              |         234 |          33 |             33 |              44 |
| HFC         | TV & Voice            |          39 |          18 |             18 |              37 |
| HFC         | TV & Voice & OTT      |           3 |           1 |              1 |               2 |
| HFC         | TV Only               |        7096 |        5685 |           5685 |            5804 |
| HFC         | Voice Only            |         119 |         118 |            118 |             119 |
| HFC         | Services Total        |       17883 |       11923 |          11923 |           15293 |
| GRAND TOTAL | Services Total        |       28403 |       17193 |          17125 |           23605 |
+-------------+-----------------------+-------------+-------------+----------------+-----------------+
26 rows in set, 2 warnings (0.13 sec)

Query OK, 0 rows affected (0.01 sec)

Query OK, 42 rows affected, 3 warnings (0.17 sec)
Records: 42  Duplicates: 0  Warnings: 3

+-------------+---------------+-----------------------+-------------+-------------+----------------+-----------------+
| region      | network       | services              | activecount | allaccounts | uniqueaccounts | uniquecontracts |
+-------------+---------------+-----------------------+-------------+-------------+----------------+-----------------+
| Mahe        | GPON          | All                   |         205 |          37 |             37 |             117 |
| Mahe        | GPON          | Internet & Voice      |          54 |          21 |             21 |              44 |
| Mahe        | GPON          | Internet Only         |        1051 |         951 |            951 |             977 |
| Mahe        | GPON          | TV & Internet         |        3644 |        1602 |           1602 |            3299 |
| Mahe        | GPON          | TV & Internet & OTT   |        1660 |         404 |            404 |             850 |
| Mahe        | GPON          | TV & Internet & Voice |         244 |          64 |             64 |             200 |
| Mahe        | GPON          | TV & OTT              |         266 |          37 |             37 |              44 |
| Mahe        | GPON          | TV & Voice            |          53 |          22 |             22 |              46 |
| Mahe        | GPON          | TV Only               |        1461 |        1115 |           1115 |            1167 |
| Mahe        | GPON          | Voice Only            |          14 |          13 |             13 |              14 |
| Mahe        | GPON          | Services Total        |        8652 |        4266 |           4266 |            6758 |
| Mahe        | HFC           | All                   |         137 |          21 |             21 |              69 |
| Mahe        | HFC           | Internet & OTT        |           4 |           2 |              2 |               2 |
| Mahe        | HFC           | Internet & Voice      |         285 |         130 |            130 |             251 |
| Mahe        | HFC           | Internet Only         |        3050 |        3030 |           3030 |            3047 |
| Mahe        | HFC           | OTT Only              |           1 |           1 |              1 |               1 |
| Mahe        | HFC           | TV & Internet         |        5317 |        2450 |           2450 |            4941 |
| Mahe        | HFC           | TV & Internet & OTT   |        1320 |         348 |            348 |             716 |
| Mahe        | HFC           | TV & Internet & Voice |         276 |          85 |             85 |             258 |
| Mahe        | HFC           | TV & OTT              |         234 |          33 |             33 |              44 |
| Mahe        | HFC           | TV & Voice            |          39 |          18 |             18 |              37 |
| Mahe        | HFC           | TV & Voice & OTT      |           3 |           1 |              1 |               2 |
| Mahe        | HFC           | TV Only               |        7093 |        5683 |           5683 |            5802 |
| Mahe        | HFC           | Voice Only            |         119 |         118 |            118 |             119 |
| Mahe        | HFC           | Services Total        |       17878 |       11920 |          11920 |           15289 |
| Mahe        | Network Total | Services Total        |       26530 |       16186 |          16121 |           22047 |
| Praslin     | GPON          | All                   |          30 |           5 |              5 |              15 |
| Praslin     | GPON          | Internet & Voice      |           8 |           4 |              4 |               8 |
| Praslin     | GPON          | Internet Only         |         218 |         218 |            218 |             218 |
| Praslin     | GPON          | TV & Internet         |         808 |         363 |            363 |             748 |
| Praslin     | GPON          | TV & Internet & OTT   |         402 |         114 |            114 |             233 |
| Praslin     | GPON          | TV & Internet & Voice |          19 |           6 |              6 |              19 |
| Praslin     | GPON          | TV & OTT              |          21 |           7 |              7 |               7 |
| Praslin     | GPON          | TV & Voice            |           3 |           1 |              1 |               2 |
| Praslin     | GPON          | TV Only               |         357 |         284 |            284 |             302 |
| Praslin     | GPON          | Voice Only            |           2 |           2 |              2 |               2 |
| Praslin     | GPON          | Services Total        |        1868 |        1004 |           1004 |            1554 |
| Praslin     | HFC           | TV & Internet         |           2 |           1 |              1 |               2 |
| Praslin     | HFC           | TV Only               |           3 |           2 |              2 |               2 |
| Praslin     | HFC           | Services Total        |           5 |           3 |              3 |               4 |
| Praslin     | Network Total | Services Total        |        1873 |        1007 |           1007 |            1558 |
| GRAND TOTAL | Network Total | Services Total        |       28403 |       17193 |          17125 |           23605 |
+-------------+---------------+-----------------------+-------------+-------------+----------------+-----------------+
42 rows in set (0.00 sec)

Query OK, 0 rows affected (0.01 sec)

Query OK, 27685 rows affected (0.40 sec)
Records: 27685  Duplicates: 0  Warnings: 0

Query OK, 0 rows affected (0.01 sec)

Query OK, 2221 rows affected (1.55 sec)
Records: 2221  Duplicates: 0  Warnings: 0

+--------------------------------------+
| message                              |
+--------------------------------------+
| running rcbill_my.sp_ActiveNumber2() |
+--------------------------------------+
1 row in set (0.00 sec)

Query OK, 365 rows affected (1 min 56.13 sec)

mysql> mysql \. C:\workspace\cloud\code\sql\_DailyScript\currenttime.sql
+---------------------+
| currenttime         |
+---------------------+
| 2021-01-31 14:11:05 |
+---------------------+
1 row in set (0.00 sec)

mysql> 
mysql> mysql \. C:\workspace\cloud\code\sql\_DailyScript\GetActiveNumbers Average -Pivot.sql
Database changed
+-------------------------------------+
| @today := subdate(current_date(),1) |
+-------------------------------------+
| 2021-01-30                          |
+-------------------------------------+
1 row in set (0.00 sec)

+-------------------------------------+
| @lastdayofmonth := last_day(@today) |
+-------------------------------------+
| 2021-01-31                          |
+-------------------------------------+
1 row in set (0.00 sec)

Query OK, 0 rows affected (0.02 sec)

Query OK, 44763 rows affected, 65535 warnings (54.74 sec)
Records: 44763  Duplicates: 0  Warnings: 92021

Query OK, 0 rows affected (0.11 sec)
Records: 0  Duplicates: 0  Warnings: 0

Query OK, 0 rows affected (0.12 sec)
Records: 0  Duplicates: 0  Warnings: 0

Query OK, 0 rows affected (0.10 sec)
Records: 0  Duplicates: 0  Warnings: 0

+-----------------+
| activenumberavg |
+-----------------+
|           44763 |
+-----------------+
1 row in set (0.01 sec)

Query OK, 0 rows affected (0.02 sec)

Query OK, 1945 rows affected (0.53 sec)
Records: 1945  Duplicates: 0  Warnings: 0

+---------------------+
| rep_activenumberavg |
+---------------------+
|                1945 |
+---------------------+
1 row in set (0.00 sec)

+----------------------+
| rep_activenumberavg1 |
+----------------------+
|                  907 |
+----------------------+
1 row in set (0.00 sec)

Query OK, 0 rows affected (0.01 sec)

Query OK, 2342 rows affected (0.42 sec)
Records: 2342  Duplicates: 0  Warnings: 0

Query OK, 0 rows affected (0.01 sec)

Query OK, 12026 rows affected (0.74 sec)
Records: 12026  Duplicates: 0  Warnings: 0

Query OK, 0 rows affected (0.00 sec)

Query OK, 0 rows affected (0.00 sec)

Query OK, 0 rows affected (0.01 sec)

Query OK, 0 rows affected (0.00 sec)

Query OK, 0 rows affected (0.00 sec)
Statement prepared

Query OK, 53 rows affected (0.04 sec)
Records: 53  Duplicates: 0  Warnings: 0

Query OK, 0 rows affected (0.00 sec)

Query OK, 0 rows affected (0.00 sec)

+----------------------+
| rep_activenumberavg2 |
+----------------------+
|                 2342 |
+----------------------+
1 row in set (0.00 sec)

+------------------------+
| rep_activenumberavg_pv |
+------------------------+
|                     53 |
+------------------------+
1 row in set (0.00 sec)

Query OK, 0 rows affected (0.01 sec)

Query OK, 2341 rows affected (0.34 sec)
Records: 2341  Duplicates: 0  Warnings: 0

Query OK, 0 rows affected (0.00 sec)

Query OK, 0 rows affected (0.00 sec)

Query OK, 0 rows affected (0.01 sec)

Query OK, 0 rows affected (0.00 sec)

Query OK, 0 rows affected (0.00 sec)
Statement prepared

Query OK, 53 rows affected (0.04 sec)
Records: 53  Duplicates: 0  Warnings: 0

Query OK, 0 rows affected (0.00 sec)

Query OK, 0 rows affected (0.00 sec)

+-------------------------+
| rep_activenumberavgMahe |
+-------------------------+
|                    2341 |
+-------------------------+
1 row in set (0.00 sec)

+----------------------------+
| rep_activenumberavgMahe_pv |
+----------------------------+
|                         53 |
+----------------------------+
1 row in set (0.00 sec)

Query OK, 0 rows affected (0.00 sec)

Query OK, 1488 rows affected (0.15 sec)
Records: 1488  Duplicates: 0  Warnings: 0

Query OK, 0 rows affected (0.00 sec)

Query OK, 0 rows affected (0.00 sec)

Query OK, 0 rows affected (0.01 sec)

Query OK, 0 rows affected (0.00 sec)

Query OK, 0 rows affected (0.00 sec)
Statement prepared

Query OK, 40 rows affected (0.03 sec)
Records: 40  Duplicates: 0  Warnings: 0

Query OK, 0 rows affected (0.00 sec)

Query OK, 0 rows affected (0.00 sec)

+----------------------------+
| rep_activenumberavgPraslin |
+----------------------------+
|                       1488 |
+----------------------------+
1 row in set (0.00 sec)

+-------------------------------+
| rep_activenumberavgPraslin_pv |
+-------------------------------+
|                            40 |
+-------------------------------+
1 row in set (0.00 sec)

mysql> mysql \. C:\workspace\cloud\code\sql\_DailyScript\currenttime.sql
+---------------------+
| currenttime         |
+---------------------+
| 2021-01-31 14:12:02 |
+---------------------+
1 row in set (0.00 sec)

mysql> 
mysql> mysql \. C:\workspace\cloud\code\sql\_DailyScript\budget_actual_analysis_2021.sql
Query OK, 0 rows affected (0.01 sec)

Query OK, 593 rows affected, 3 warnings (0.06 sec)
Records: 593  Duplicates: 0  Warnings: 3

+--------------------+
| budget_actual_2021 |
+--------------------+
|                593 |
+--------------------+
1 row in set (0.00 sec)

Query OK, 0 rows affected (0.01 sec)

Query OK, 47 rows affected (0.03 sec)
Records: 47  Duplicates: 0  Warnings: 0

+---------------------------+
| rep_budget_actual_2021_pv |
+---------------------------+
|                        47 |
+---------------------------+
1 row in set (0.00 sec)

mysql> mysql \. C:\workspace\cloud\code\sql\_DailyScript\currenttime.sql
+---------------------+
| currenttime         |
+---------------------+
| 2021-01-31 14:12:02 |
+---------------------+
1 row in set (0.00 sec)

mysql> 
mysql> mysql \. C:\workspace\cloud\code\sql\_DailyScript\reports-sales-addons-prepaid-camera.sql
Database changed
Query OK, 0 rows affected (0.01 sec)

Query OK, 4239 rows affected (0.19 sec)
Records: 4239  Duplicates: 0  Warnings: 0

Query OK, 0 rows affected (0.01 sec)

Query OK, 22035 rows affected (17.25 sec)
Records: 22035  Duplicates: 0  Warnings: 0

+--------------------+
| rep_prepaid_camera |
+--------------------+
|               4239 |
+--------------------+
1 row in set (0.01 sec)

+-----------+
| rep_addon |
+-----------+
|     22035 |
+-----------+
1 row in set (0.01 sec)

mysql> mysql \. C:\workspace\cloud\code\sql\_DailyScript\currenttime.sql
+---------------------+
| currenttime         |
+---------------------+
| 2021-01-31 14:12:20 |
+---------------------+
1 row in set (0.00 sec)

mysql> 
mysql> mysql \. C:\workspace\cloud\code\sql\_DailyScript\RCB_ClientAnalyticsReport_Script.sql
Database changed
Query OK, 0 rows affected (0.00 sec)

Query OK, 0 rows affected (0.05 sec)

Query OK, 2019576 rows affected (1 min 16.92 sec)
Records: 2019576  Duplicates: 0  Warnings: 0

Query OK, 0 rows affected (6.50 sec)
Records: 0  Duplicates: 0  Warnings: 0

Query OK, 0 rows affected (5.09 sec)
Records: 0  Duplicates: 0  Warnings: 0

Query OK, 0 rows affected (8.02 sec)
Records: 0  Duplicates: 0  Warnings: 0

Query OK, 0 rows affected (8.32 sec)
Records: 0  Duplicates: 0  Warnings: 0

Query OK, 0 rows affected (9.23 sec)
Records: 0  Duplicates: 0  Warnings: 0

Query OK, 0 rows affected (7.76 sec)
Records: 0  Duplicates: 0  Warnings: 0

Query OK, 0 rows affected (0.00 sec)

Query OK, 502925 rows affected (16.72 sec)
Rows matched: 2019576  Changed: 502925  Warnings: 0

Query OK, 0 rows affected (0.01 sec)

Query OK, 28545 rows affected (4.21 sec)
Records: 28545  Duplicates: 0  Warnings: 0

+---------------------+
| clientcontractssubs |
+---------------------+
|               28545 |
+---------------------+
1 row in set (0.01 sec)

Query OK, 0 rows affected (0.01 sec)

Query OK, 44520 rows affected (10 min 37.89 sec)
Records: 44520  Duplicates: 0  Warnings: 0

Query OK, 0 rows affected (0.17 sec)
Records: 0  Duplicates: 0  Warnings: 0

Query OK, 0 rows affected (0.15 sec)
Records: 0  Duplicates: 0  Warnings: 0

Query OK, 0 rows affected (0.09 sec)
Records: 0  Duplicates: 0  Warnings: 0

+-----------------------+
| clientcontracthistory |
+-----------------------+
|                 44520 |
+-----------------------+
1 row in set (0.01 sec)

Query OK, 0 rows affected (0.03 sec)

Query OK, 2730831 rows affected (1 min 24.33 sec)
Records: 2730831  Duplicates: 0  Warnings: 0

Query OK, 0 rows affected (0.02 sec)

Query OK, 471781 rows affected (6 min 31.18 sec)
Records: 471781  Duplicates: 0  Warnings: 0

Query OK, 0 rows affected (1.68 sec)
Records: 0  Duplicates: 0  Warnings: 0

Query OK, 0 rows affected (0.77 sec)
Records: 0  Duplicates: 0  Warnings: 0

Query OK, 0 rows affected (1.72 sec)
Records: 0  Duplicates: 0  Warnings: 0

Query OK, 0 rows affected (0.83 sec)
Records: 0  Duplicates: 0  Warnings: 0

+--------------------------+
| clientcontractinvpmt_stg |
+--------------------------+
|                   471781 |
+--------------------------+
1 row in set (0.12 sec)

Query OK, 0 rows affected (0.03 sec)

Query OK, 471781 rows affected (12.07 sec)
Records: 471781  Duplicates: 0  Warnings: 0

Query OK, 0 rows affected (2.11 sec)
Records: 0  Duplicates: 0  Warnings: 0

Query OK, 0 rows affected (0.86 sec)
Records: 0  Duplicates: 0  Warnings: 0

Query OK, 0 rows affected (1.85 sec)
Records: 0  Duplicates: 0  Warnings: 0

Query OK, 0 rows affected (0.86 sec)
Records: 0  Duplicates: 0  Warnings: 0

+----------------------+
| clientcontractinvpmt |
+----------------------+
|               471781 |
+----------------------+
1 row in set (0.13 sec)

Query OK, 0 rows affected (0.01 sec)

Query OK, 44520 rows affected (1 min 23.55 sec)
Records: 44520  Duplicates: 0  Warnings: 0

+--------------+
| clientreport |
+--------------+
|        44520 |
+--------------+
1 row in set (0.02 sec)

Query OK, 0 rows affected (0.01 sec)

Query OK, 44520 rows affected (5.84 sec)
Records: 44520  Duplicates: 0  Warnings: 0

+----------------------+
| clientextendedreport |
+----------------------+
|                44520 |
+----------------------+
1 row in set (0.01 sec)

Query OK, 0 rows affected (0.01 sec)

Query OK, 44520 rows affected (1 min 4.98 sec)
Records: 44520  Duplicates: 0  Warnings: 0

+---------+
| allcust |
+---------+
|   44520 |
+---------+
1 row in set (0.01 sec)

Query OK, 0 rows affected, 1 warning (0.00 sec)

Query OK, 5000 rows affected (0.14 sec)
Records: 5000  Duplicates: 0  Warnings: 0

Query OK, 0 rows affected (0.01 sec)

Query OK, 6862 rows affected (0.29 sec)
Records: 6862  Duplicates: 0  Warnings: 0

Query OK, 0 rows affected, 1 warning (0.00 sec)

Query OK, 5000 rows affected (0.13 sec)
Records: 5000  Duplicates: 0  Warnings: 0

Query OK, 0 rows affected (0.01 sec)

Query OK, 7286 rows affected (0.17 sec)
Records: 7286  Duplicates: 0  Warnings: 0

mysql> mysql \. C:\workspace\cloud\code\sql\_DailyScript\currenttime.sql
+---------------------+
| currenttime         |
+---------------------+
| 2021-01-31 14:36:15 |
+---------------------+
1 row in set (0.00 sec)

mysql> 
mysql> 
mysql> mysql \. C:\workspace\cloud\code\sql\_DailyScript\REVENUE_PER_NODE_MXK.sql
Query OK, 0 rows affected (0.01 sec)

Query OK, 0 rows affected (0.01 sec)

Query OK, 0 rows affected (0.01 sec)

Query OK, 7256 rows affected (2.30 sec)
Records: 7256  Duplicates: 0  Warnings: 0

+----------------------+
| message              |
+----------------------+
| created temp table a |
+----------------------+
1 row in set (0.00 sec)

Query OK, 6786 rows affected (1.03 sec)
Records: 6786  Duplicates: 0  Warnings: 0

+----------------------+
| message              |
+----------------------+
| created temp table b |
+----------------------+
1 row in set (0.00 sec)

Query OK, 0 rows affected, 1 warning (0.00 sec)

Query OK, 7562 rows affected (18.79 sec)
Records: 7562  Duplicates: 0  Warnings: 0

+--------------------------------+
| message                        |
+--------------------------------+
| created rcbill_my.tempcustmxk1 |
+--------------------------------+
1 row in set (0.00 sec)

Query OK, 0 rows affected (0.01 sec)

Query OK, 0 rows affected (0.01 sec)

Query OK, 0 rows affected, 1 warning (0.00 sec)

Query OK, 7256 rows affected (1.65 sec)
Records: 7256  Duplicates: 0  Warnings: 0

+----------------+
| message        |
+----------------+
| created temp a |
+----------------+
1 row in set (0.00 sec)

Query OK, 6786 rows affected (0.85 sec)
Records: 6786  Duplicates: 0  Warnings: 0

+----------------+
| message        |
+----------------+
| created temp b |
+----------------+
1 row in set (0.00 sec)

Query OK, 0 rows affected, 1 warning (0.00 sec)

Query OK, 6889 rows affected (10.11 sec)
Records: 6889  Duplicates: 0  Warnings: 0

+--------------------------------+
| message                        |
+--------------------------------+
| created rcbill_my.tempcustmxk2 |
+--------------------------------+
1 row in set (0.00 sec)

Query OK, 0 rows affected (0.00 sec)

Query OK, 0 rows affected (0.00 sec)

Query OK, 0 rows affected, 1 warning (0.00 sec)

Query OK, 0 rows affected (0.01 sec)

Query OK, 8446 rows affected (0.38 sec)
Records: 8446  Duplicates: 0  Warnings: 0

+---------------------------------+
| message                         |
+---------------------------------+
| created rcbill_my.customers_mxk |
+---------------------------------+
1 row in set (0.00 sec)

Query OK, 0 rows affected (0.01 sec)

Query OK, 0 rows affected (0.01 sec)

Query OK, 14368 rows affected (5.78 sec)
Records: 14368  Duplicates: 0  Warnings: 0

+----------------+
| message        |
+----------------+
| created temp a |
+----------------+
1 row in set (0.00 sec)

Query OK, 19193 rows affected (1.72 sec)
Records: 19193  Duplicates: 0  Warnings: 0

+----------------+
| message        |
+----------------+
| created temp c |
+----------------+
1 row in set (0.00 sec)

Query OK, 0 rows affected, 1 warning (0.00 sec)

Query OK, 27191 rows affected (0.31 sec)
Records: 27191  Duplicates: 0  Warnings: 0

+---------------------------------+
| message                         |
+---------------------------------+
| created rcbill_my.tempcustcmts1 |
+---------------------------------+
1 row in set (0.00 sec)

Query OK, 0 rows affected (0.01 sec)

Query OK, 0 rows affected, 1 warning (0.00 sec)

Query OK, 0 rows affected (0.01 sec)

Query OK, 14368 rows affected (5.66 sec)
Records: 14368  Duplicates: 0  Warnings: 0

+----------------+
| message        |
+----------------+
| created temp a |
+----------------+
1 row in set (0.00 sec)

Query OK, 19193 rows affected (1.81 sec)
Records: 19193  Duplicates: 0  Warnings: 0

+----------------+
| message        |
+----------------+
| created temp c |
+----------------+
1 row in set (0.00 sec)

Query OK, 0 rows affected, 1 warning (0.00 sec)

Query OK, 19782 rows affected (0.25 sec)
Records: 19782  Duplicates: 0  Warnings: 0

+---------------------------------+
| message                         |
+---------------------------------+
| created rcbill_my.tempcustcmts2 |
+---------------------------------+
1 row in set (0.00 sec)

Query OK, 0 rows affected (0.01 sec)

Query OK, 0 rows affected, 1 warning (0.00 sec)

Query OK, 0 rows affected (0.01 sec)

Query OK, 0 rows affected (0.01 sec)

Query OK, 14482 rows affected (0.95 sec)
Records: 14482  Duplicates: 0  Warnings: 0

+----------------------------------+
| message                          |
+----------------------------------+
| created rcbill_my.customers_cmts |
+----------------------------------+
1 row in set (0.00 sec)

Query OK, 0 rows affected (0.00 sec)

Query OK, 0 rows affected (0.01 sec)

Query OK, 0 rows affected (0.01 sec)

Query OK, 18820 rows affected (0.78 sec)
Records: 18820  Duplicates: 0  Warnings: 0

+--------------------------------------+
| message                              |
+--------------------------------------+
| created rcbill_my.customers_cmts_mxk |
+--------------------------------------+
1 row in set (0.00 sec)

Query OK, 497890 rows affected (57.85 sec)
Records: 497890  Duplicates: 0  Warnings: 0

+----------------+
| message        |
+----------------+
| created temp a |
+----------------+
1 row in set (0.00 sec)

Query OK, 0 rows affected (0.01 sec)

Query OK, 498612 rows affected (11.04 sec)
Records: 498612  Duplicates: 0  Warnings: 0

+------------------------------------------------+
| message                                        |
+------------------------------------------------+
| created rcbill_my.customers_contracts_cmts_mxk |
+------------------------------------------------+
1 row in set (0.00 sec)

Query OK, 0 rows affected (0.01 sec)

Query OK, 0 rows affected, 1 warning (0.00 sec)

Query OK, 0 rows affected, 1 warning (0.00 sec)

Query OK, 0 rows affected (0.00 sec)

Query OK, 8329 rows affected (2.71 sec)
Rows matched: 8329  Changed: 8329  Warnings: 0

+------------------------------------------------+
| message                                        |
+------------------------------------------------+
| updated rcbill_my.customers_contracts_cmts_mxk |
+------------------------------------------------+
1 row in set (0.00 sec)

Query OK, 0 rows affected (0.03 sec)

Query OK, 2056392 rows affected (3 min 50.04 sec)
Records: 2056392  Duplicates: 0  Warnings: 0

+----------------------------------------+
| message                                |
+----------------------------------------+
| created rcbill_my.customers_collection |
+----------------------------------------+
1 row in set (0.00 sec)

Query OK, 0 rows affected (0.04 sec)

Query OK, 2374890 rows affected (1 min 55.76 sec)
Records: 2374890  Duplicates: 0  Warnings: 0

+------------------------------------------------+
| message                                        |
+------------------------------------------------+
| created rcbill_my.customers_cmts_mxk_cont_coll |
+------------------------------------------------+
1 row in set (0.00 sec)

Query OK, 0 rows affected (0.04 sec)

Query OK, 454577 rows affected (2 min 39.21 sec)
Records: 454577  Duplicates: 0  Warnings: 0

+--------------------------------------------------------+
| message                                                |
+--------------------------------------------------------+
| created rcbill_my.customers_contracts_collection_pivot |
+--------------------------------------------------------+
1 row in set (0.01 sec)

Query OK, 0 rows affected (0.02 sec)

Query OK, 40584 rows affected (2 min 41.56 sec)
Records: 40584  Duplicates: 0  Warnings: 0

+----------------------------------------------+
| message                                      |
+----------------------------------------------+
| created rcbill_my.customers_collection_pivot |
+----------------------------------------------+
1 row in set (0.00 sec)

Query OK, 0 rows affected (0.01 sec)

Query OK, 44520 rows affected (3.60 sec)
Records: 44520  Duplicates: 0  Warnings: 0

+--------------------------------------------+
| message                                    |
+--------------------------------------------+
| created rcbill_my.rep_customers_collection |
+--------------------------------------------+
1 row in set (0.00 sec)

Query OK, 0 rows affected (0.00 sec)

Query OK, 0 rows affected, 1 warning (0.00 sec)

Query OK, 462850 rows affected (14.02 sec)
Records: 462850  Duplicates: 0  Warnings: 0

+-------------------------+
| message                 |
+-------------------------+
| created rcbill_my.tempa |
+-------------------------+
1 row in set (0.00 sec)

Query OK, 0 rows affected, 1 warning (0.00 sec)

Query OK, 454577 rows affected (25.61 sec)
Records: 454577  Duplicates: 0  Warnings: 0

+-------------------------+
| message                 |
+-------------------------+
| created rcbill_my.tempb |
+-------------------------+
1 row in set (0.00 sec)

Query OK, 462850 rows affected (24.78 sec)
Records: 462850  Duplicates: 0  Warnings: 0

+-----------+
| message   |
+-----------+
| created a |
+-----------+
1 row in set (0.00 sec)

Query OK, 454585 rows affected (27.19 sec)
Records: 454585  Duplicates: 0  Warnings: 0

+-----------+
| message   |
+-----------+
| created b |
+-----------+
1 row in set (0.00 sec)

Query OK, 0 rows affected (0.02 sec)

Query OK, 0 rows affected (0.03 sec)

Query OK, 0 rows affected (0.03 sec)

Query OK, 499413 rows affected (1 min 3.93 sec)
Records: 499413  Duplicates: 0  Warnings: 0

+----------------------------------------------+
| message                                      |
+----------------------------------------------+
| created rcbill_my.cust_cont_payment_cmts_mxk |
+----------------------------------------------+
1 row in set (0.00 sec)

Query OK, 0 rows affected (0.02 sec)

Query OK, 0 rows affected (0.01 sec)

Query OK, 0 rows affected, 1 warning (0.00 sec)

Query OK, 0 rows affected (0.01 sec)

Query OK, 44520 rows affected (21.12 sec)
Records: 44520  Duplicates: 0  Warnings: 0

+--------------------------------------------------+
| message                                          |
+--------------------------------------------------+
| created rcbill_my.rep_cust_cont_payment_cmts_mxk |
+--------------------------------------------------+
1 row in set (0.00 sec)

Query OK, 0 rows affected, 1 warning (0.00 sec)

Query OK, 0 rows affected, 1 warning (0.00 sec)

Query OK, 0 rows affected (0.01 sec)

Query OK, 44520 rows affected (11.53 sec)
Records: 44520  Duplicates: 0  Warnings: 0

+----------------------+
| rep_custconsolidated |
+----------------------+
|                44520 |
+----------------------+
1 row in set (0.80 sec)

Query OK, 0 rows affected (0.01 sec)

+------------------------------------+
| message                            |
+------------------------------------+
| creating rcbill_my.rep_custextract |
+------------------------------------+
1 row in set (0.00 sec)

Query OK, 44520 rows affected (1.23 sec)
Records: 44520  Duplicates: 0  Warnings: 0

+-----------------+
| rep_custextract |
+-----------------+
|           44520 |
+-----------------+
1 row in set (0.01 sec)

Query OK, 0 rows affected (0.00 sec)

Query OK, 0 rows affected (0.01 sec)

+----------------------------------------------+
| message                                      |
+----------------------------------------------+
| creating rcbill_my.retentioncustomeractivity |
+----------------------------------------------+
1 row in set (0.00 sec)

Query OK, 875 rows affected (0.28 sec)
Records: 875  Duplicates: 0  Warnings: 0

+---------------------------+
| retentioncustomeractivity |
+---------------------------+
|                       875 |
+---------------------------+
1 row in set (0.00 sec)

+-----------+------------------------------------+------------+-------------+-----------------+------------------+---------------------+-------------------+
| HFC_NODE  | NODENAME                           | CMTS_DATE  | INSERTED_ON | UNIQUE_ACCOUNTS | UNIQUE_CONTRACTS | UNIQUE_MAC_INRCBOSS | UNIQUE_MAC_INCMTS |
+-----------+------------------------------------+------------+-------------+-----------------+------------------+---------------------+-------------------+
| NULL      | NULL                               | NULL       | 2021-01-31  |            7063 |             7446 |                7493 |                 0 |
| C5/0/0/U0 | ANSE-BOILEAU-2                     | 2020-11-23 | 2021-01-31  |             193 |              198 |                 193 |               194 |
| C5/0/0/U1 | 500-C3-ANSE-BOILEAU                | 2020-11-23 | 2021-01-31  |             203 |              207 |                 203 |               205 |
| C5/0/1/U0 | 501-C4-LA-MISIERE-LEFT-I           | 2020-11-23 | 2021-01-31  |             156 |              160 |                 156 |               157 |
| C5/0/1/U1 | 501-C5-LA-MISIERE-RIGHT            | 2020-11-23 | 2021-01-31  |             111 |              113 |                 111 |               114 |
| C5/0/1/U2 | 501-C7-LA-MISIERE-LEFT-II          | 2020-11-23 | 2021-01-31  |             160 |              163 |                 160 |               162 |
| C5/0/2/U0 | 502-C8-LA-LOUISE                   | 2020-11-23 | 2021-01-31  |             139 |              139 |                 139 |               139 |
| C5/0/2/U1 | LA-LOUISE-2                        | 2020-11-23 | 2021-01-31  |             140 |              141 |                 140 |               144 |
| C5/0/3/U0 | 504-C6-PETIT-PARIS                 | 2020-11-23 | 2021-01-31  |             158 |              161 |                 158 |               161 |
| C5/0/3/U1 | PETIT-PARIS-23                     | 2020-11-23 | 2021-01-31  |              75 |               77 |                  75 |                76 |
| C5/0/4/U0 | FOUR-SEASONS                       | 2020-11-23 | 2021-01-31  |               3 |                4 |                   4 |                 5 |
| C5/0/4/U1 | ANCHOR-CAFE-I                      | 2020-11-23 | 2021-01-31  |             160 |              164 |                 160 |               162 |
| C5/0/4/U2 | ANCHOR-CAFE-II                     | 2020-11-23 | 2021-01-31  |             160 |              161 |                 160 |               164 |
| C5/1/0/U0 | POINTE-LARUE-AIRPORT-23            | 2020-11-23 | 2021-01-31  |             109 |              115 |                 110 |               111 |
| C5/1/0/U1 | PPROVIDENCE-23                     | 2020-11-23 | 2021-01-31  |              19 |               22 |                  20 |                21 |
| C5/1/0/U2 | ROSHE-CAIMAN-23                    | 2020-11-23 | 2021-01-31  |              12 |               13 |                  12 |                12 |
| C5/1/0/U3 | HEAD-OFFICE | HO-23                | 2020-11-23 | 2021-01-31  |              27 |               27 |                  27 |                30 |
| C5/1/1/U1 | C5-UNION-VALE                      | 2020-11-23 | 2021-01-31  |             199 |              201 |                 199 |               204 |
| C5/1/3/U0 | POINTE-LARUE-AIRPORT-27            | 2020-11-23 | 2021-01-31  |             149 |              150 |                 149 |               155 |
| C5/1/3/U1 | PPROVIDENCE-27                     | 2020-11-23 | 2021-01-31  |              27 |               27 |                  27 |                27 |
| C5/1/3/U2 | ROSHE-CAIMAN-27                    | 2020-11-23 | 2021-01-31  |              27 |               27 |                  27 |                27 |
| C5/1/3/U3 | HEAD-OFFICE | HO-27                | 2020-11-23 | 2021-01-31  |              18 |               19 |                  18 |                19 |
| C5/1/4/U0 | ANSE-ROYALE-27                     | 2020-11-23 | 2021-01-31  |             104 |              106 |                 104 |               104 |
| C5/1/4/U1 | GLACIS-2-57                        | 2020-11-23 | 2021-01-31  |              68 |               71 |                  68 |                71 |
| C5/1/4/U2 | NULL                               | 2020-11-23 | 2021-01-31  |             108 |              111 |                 108 |               108 |
| C5/1/4/U3 | GLACIS-1                           | 2020-11-23 | 2021-01-31  |              34 |               36 |                  34 |                34 |
| C6/0/1/U0 | SERRET-ROAD-RIGHT/CURIO/PASCAL     | 2020-11-23 | 2021-01-31  |             128 |              130 |                 128 |               128 |
| C6/0/1/U1 | SERRET-ROAD-LEFT/ST.LOUIS/TOWN     | 2020-11-23 | 2021-01-31  |              86 |               91 |                  86 |                87 |
| C6/0/1/U2 | SERRET-ROAD-RIGHT/CURIO/PASCAL-2   | 2020-11-23 | 2021-01-31  |             124 |              126 |                 124 |               124 |
| C6/0/1/U3 | SERRET-ROAD-LEFT/ST.LOUIS/TOWN-2   | 2020-11-23 | 2021-01-31  |              77 |               79 |                  77 |                78 |
| C6/0/2/U0 | SANS-SOUCIS-I                      | 2020-11-23 | 2021-01-31  |             102 |              103 |                 102 |               103 |
| C6/0/2/U1 | SANS-SOUCIS-II                     | 2020-11-23 | 2021-01-31  |             116 |              120 |                 116 |               119 |
| C6/0/2/U2 | BEL-AIR-27                         | 2020-11-23 | 2021-01-31  |              98 |               99 |                  98 |               100 |
| C6/0/2/U3 | BEL-AIR-38                         | 2020-11-23 | 2021-01-31  |              84 |               89 |                  84 |                84 |
| C6/0/3/U0 | LES-MAMELLES-23                    | 2020-11-23 | 2021-01-31  |              84 |               84 |                  84 |                88 |
| C6/0/3/U1 | VICTORIA-23                        | 2020-11-23 | 2021-01-31  |              25 |               26 |                  26 |                29 |
| C6/0/4/U0 | LES-MAMELLES-27                    | 2020-11-23 | 2021-01-31  |              68 |               69 |                  68 |                68 |
| C6/0/4/U1 | VICTORIA-27                        | 2020-11-23 | 2021-01-31  |              16 |               16 |                  16 |                16 |
| C7/1/0/U0 | LA-RETRAITE-23                     | 2020-11-23 | 2021-01-31  |              80 |               84 |                  81 |                88 |
| C7/1/0/U1 | TEA-FACTORY-23                     | 2020-11-23 | 2021-01-31  |              24 |               31 |                  26 |                27 |
| C7/1/0/U2 | PAS-23                             | 2020-11-23 | 2021-01-31  |             101 |              106 |                 102 |               104 |
| C7/1/1/U0 | REEF-ESTATE-23                     | 2020-11-23 | 2021-01-31  |              77 |               79 |                  77 |                78 |
| C7/1/2/U0 | LA-RETRAITE-27                     | 2020-11-23 | 2021-01-31  |              70 |               70 |                  70 |                71 |
| C7/1/2/U1 | TEA-FACTORY-27                     | 2020-11-23 | 2021-01-31  |              28 |               33 |                  29 |                29 |
| C7/1/2/U2 | PAS-27                             | 2020-11-23 | 2021-01-31  |              83 |               84 |                  83 |                85 |
| C7/1/3/U0 | MT-BUXTON-27                       | 2020-11-23 | 2021-01-31  |             156 |              159 |                 156 |               158 |
| C7/1/3/U1 | MT-BUXTON-23                       | 2020-11-23 | 2021-01-31  |              87 |               88 |                  87 |                87 |
| C7/1/4/U0 | REEF-ESTATE-27                     | 2020-11-23 | 2021-01-31  |              92 |               93 |                  92 |                93 |
| C8/0/0/U0 | POLICE-ACADEMY-1-27 - POINTE LARUE | 2020-11-23 | 2021-01-31  |             248 |              248 |                 248 |               250 |
| C8/0/0/U1 | NULL                               | 2020-11-23 | 2021-01-31  |              74 |               78 |                  74 |                78 |
| C8/0/1/U0 | NULL                               | 2020-11-23 | 2021-01-31  |             156 |              159 |                 155 |               157 |
| C8/0/1/U1 | POLICE-ACADEMY-2-27 - TURTLE BAY   | 2020-11-23 | 2021-01-31  |             190 |              194 |                 191 |               192 |
| C8/0/2/U0 | BEAU-VALLON-LEFT-1-57              | 2020-11-23 | 2021-01-31  |              11 |               12 |                  12 |                13 |
| C8/0/3/U1 | BEAU-VALLON-RIGHT-2-57             | 2020-11-23 | 2021-01-31  |              10 |               10 |                  10 |                11 |
| C8/1/0/U0 | MA-JOIE-NODE-27                    | 2020-11-23 | 2021-01-31  |              95 |               96 |                  95 |                97 |
| C8/1/0/U1 | BELONIE-27                         | 2020-11-23 | 2021-01-31  |             142 |              144 |                 141 |               145 |
| C8/1/0/U3 | MA-JOIE-NODE-23                    | 2020-11-23 | 2021-01-31  |              90 |               91 |                  89 |                90 |
| C8/1/1/U0 | 611-C1-ROJN I                      | 2020-11-23 | 2021-01-31  |             126 |              127 |                 126 |               129 |
| C8/1/1/U1 | 611-C5-ROJN II                     | 2020-11-23 | 2021-01-31  |             113 |              114 |                 113 |               114 |
| C8/1/2/U0 | 612-C2-ANSE-ETOILE                 | 2020-11-23 | 2021-01-31  |             103 |              103 |                 103 |               103 |
| C8/1/2/U1 | ANSE-ETOILE-U2                     | 2020-11-23 | 2021-01-31  |              69 |               69 |                  69 |                70 |
| C8/1/3/U0 | 613-C3-ANSE-GAULETTE I             | 2020-11-23 | 2021-01-31  |              78 |               85 |                  78 |                80 |
| C8/1/3/U1 | 613-C7-ANSE-GAULETTE II            | 2020-11-23 | 2021-01-31  |              75 |               77 |                  75 |                78 |
| C8/1/3/U2 | 613-C3-ANSE-GAULETTE III           | 2020-11-23 | 2021-01-31  |              41 |               42 |                  41 |                41 |
| C8/1/3/U3 | TAKAMAKA I                         | 2020-11-23 | 2021-01-31  |             105 |              107 |                 105 |               108 |
| C8/1/3/U4 | TAKAMAKA II                        | 2020-11-23 | 2021-01-31  |              92 |               94 |                  92 |                95 |
| C8/1/4/U0 | 614-BEOLIERE-NODE-1                | 2020-11-23 | 2021-01-31  |              94 |               95 |                  94 |                96 |
| C8/1/4/U1 | 614-BEOLIERE-NODE-2                | 2020-11-23 | 2021-01-31  |             141 |              145 |                 141 |               143 |
+-----------+------------------------------------+------------+-------------+-----------------+------------------+---------------------+-------------------+
68 rows in set (0.18 sec)

+-----------------------+------------+-------------+-----------------+------------------+----------------------+-------------------+
| MXK_NAME              | MXK_DATE   | INSERTED_ON | UNIQUE_ACCOUNTS | UNIQUE_CONTRACTS | UNIQUE_FSAN_INRCBOSS | UNIQUE_FSAN_INMXK |
+-----------------------+------------+-------------+-----------------+------------------+----------------------+-------------------+
| NULL                  | NULL       | 2021-01-31  |            1508 |             1553 |                 1541 |                 0 |
| MXK-MAHE-ANSEETOILE   | 2020-07-27 | 2021-01-31  |             378 |              382 |                  380 |               398 |
| MXK-MAHE-ANSEROYALE   | 2020-07-27 | 2021-01-31  |             171 |              171 |                  171 |               198 |
| MXK-MAHE-BEAUVALLON-1 | 2020-07-27 | 2021-01-31  |            1794 |             1817 |                 1809 |              1919 |
| MXK-MAHE-BEAUVALLON-2 | 2020-07-27 | 2021-01-31  |              25 |               25 |                   25 |                30 |
| MXK-MAHE-PERSEVERANCE | 2020-07-27 | 2021-01-31  |            1057 |             1068 |                 1068 |              1241 |
| MXK-MAHE-PROVIDENCE   | 2020-07-27 | 2021-01-31  |             991 |             1020 |                  945 |              1192 |
| MXK-PRASLIN-GRANDANSE | 2020-07-27 | 2021-01-31  |            1288 |             1291 |                 1284 |              1514 |
+-----------------------+------------+-------------+-----------------+------------------+----------------------+-------------------+
8 rows in set (0.09 sec)

mysql> mysql \. C:\workspace\cloud\code\sql\_DailyScript\currenttime.sql
+---------------------+
| currenttime         |
+---------------------+
| 2021-01-31 14:52:41 |
+---------------------+
1 row in set (0.00 sec)

mysql> 
mysql> mysql \. C:\workspace\cloud\code\sql\_DailyScript\housing-estate-analysis.sql
Database changed
Query OK, 0 rows affected (0.01 sec)

Query OK, 3677 rows affected (47.95 sec)
Records: 3677  Duplicates: 0  Warnings: 0

+--------------------+
| rep_housingestates |
+--------------------+
|               3677 |
+--------------------+
1 row in set (0.00 sec)

mysql> mysql \. C:\workspace\cloud\code\sql\_DailyScript\currenttime.sql
+---------------------+
| currenttime         |
+---------------------+
| 2021-01-31 14:53:29 |
+---------------------+
1 row in set (0.00 sec)

mysql> 
mysql> 
mysql> mysql \. C:\workspace\cloud\code\sql\Analysis\service_tickets_assignments.sql
Query OK, 0 rows affected (0.01 sec)

Query OK, 6945 rows affected (3.02 sec)
Records: 6945  Duplicates: 0  Warnings: 0

+-------------------------+
| rep_servicetickets_2021 |
+-------------------------+
|                    6945 |
+-------------------------+
1 row in set (0.01 sec)

mysql> mysql \. C:\workspace\cloud\code\sql\_DailyScript\currenttime.sql
+---------------------+
| currenttime         |
+---------------------+
| 2021-01-31 14:53:32 |
+---------------------+
1 row in set (0.00 sec)

mysql> 
mysql> mysql \. C:\workspace\cloud\code\sql\_DailyScript\DAILY-SCRIPT-USAGESTATS.sql
Database changed
Query OK, 0 rows affected (0.13 sec)

Query OK, 26723357 rows affected, 65535 warnings (12 min 31.87 sec)
Records: 26723357  Duplicates: 0  Warnings: 26715915

Query OK, 0 rows affected (1 min 13.14 sec)
Records: 0  Duplicates: 0  Warnings: 0

Query OK, 0 rows affected (1 min 11.62 sec)
Records: 0  Duplicates: 0  Warnings: 0

Query OK, 0 rows affected (1 min 12.43 sec)
Records: 0  Duplicates: 0  Warnings: 0

Query OK, 0 rows affected (1 min 4.58 sec)
Records: 0  Duplicates: 0  Warnings: 0

Query OK, 0 rows affected (1 min 45.02 sec)
Records: 0  Duplicates: 0  Warnings: 0

Query OK, 0 rows affected (1 min 53.58 sec)
Records: 0  Duplicates: 0  Warnings: 0

Query OK, 0 rows affected (1 min 41.39 sec)
Records: 0  Duplicates: 0  Warnings: 0

Query OK, 0 rows affected (1 min 9.67 sec)
Records: 0  Duplicates: 0  Warnings: 0

+----------+
| ipusage  |
+----------+
| 26723357 |
+----------+
1 row in set (8.61 sec)

Query OK, 0 rows affected (0.05 sec)

Query OK, 6933328 rows affected (6 min 19.85 sec)
Records: 6933328  Duplicates: 0  Warnings: 0

Query OK, 0 rows affected (22.50 sec)
Records: 0  Duplicates: 0  Warnings: 0

Query OK, 0 rows affected (18.70 sec)
Records: 0  Duplicates: 0  Warnings: 0

Query OK, 0 rows affected (23.34 sec)
Records: 0  Duplicates: 0  Warnings: 0

Query OK, 0 rows affected (28.78 sec)
Records: 0  Duplicates: 0  Warnings: 0

Query OK, 0 rows affected (22.73 sec)
Records: 0  Duplicates: 0  Warnings: 0

+------------------+
| clientcontractip |
+------------------+
|          6933328 |
+------------------+
1 row in set (2.04 sec)

Query OK, 0 rows affected (0.07 sec)

Query OK, 13123443 rows affected (2 min 23.76 sec)
Records: 13123443  Duplicates: 0  Warnings: 0

+---------------------------+
| clientcontractipusage_stg |
+---------------------------+
|                  13123443 |
+---------------------------+
1 row in set (4.42 sec)

+------------------------------------+
| clientcontractipusage_beforeinsert |
+------------------------------------+
|                           13123443 |
+------------------------------------+
1 row in set (3.94 sec)

Query OK, 11694 rows affected (3.57 sec)
Records: 11694  Duplicates: 0  Warnings: 0

+-----------------------------------+
| clientcontractipusage_afterinsert |
+-----------------------------------+
|                          13135137 |
+-----------------------------------+
1 row in set (4.56 sec)

+------------+----------+
| usagedate  | count(*) |
+------------+----------+
| 2021-01-30 |    11694 |
| 2021-01-29 |    11786 |
| 2021-01-28 |    11069 |
| 2021-01-27 |    10787 |
| 2021-01-26 |    11572 |
| 2021-01-25 |    11445 |
| 2021-01-24 |    11002 |
| 2021-01-23 |    11521 |
| 2021-01-22 |    11469 |
| 2021-01-21 |    11087 |
| 2021-01-20 |    11576 |
| 2021-01-19 |    11337 |
| 2021-01-18 |    10585 |
| 2021-01-17 |    10264 |
| 2021-01-16 |    10238 |
+------------+----------+
15 rows in set (0.07 sec)

Query OK, 0 rows affected (0.02 sec)

Query OK, 556710 rows affected (51.15 sec)
Records: 556710  Duplicates: 0  Warnings: 0

Query OK, 0 rows affected (1.76 sec)
Records: 0  Duplicates: 0  Warnings: 0

Query OK, 0 rows affected (1.66 sec)
Records: 0  Duplicates: 0  Warnings: 0

Query OK, 0 rows affected (1.91 sec)
Records: 0  Duplicates: 0  Warnings: 0

Query OK, 0 rows affected (1.01 sec)
Records: 0  Duplicates: 0  Warnings: 0

Query OK, 0 rows affected (1.06 sec)
Records: 0  Duplicates: 0  Warnings: 0

Query OK, 0 rows affected (1.05 sec)
Records: 0  Duplicates: 0  Warnings: 0

Query OK, 0 rows affected (1.07 sec)
Records: 0  Duplicates: 0  Warnings: 0

+-----------------------+
| clientcontractipmonth |
+-----------------------+
|                556710 |
+-----------------------+
1 row in set (0.15 sec)

mysql> mysql \. C:\workspace\cloud\code\sql\_DailyScript\currenttime.sql
+---------------------+
| currenttime         |
+---------------------+
| 2021-01-31 15:29:23 |
+---------------------+
1 row in set (0.00 sec)

mysql> 
mysql> exit
