    -> 
    -> mysql \. C:\workspace\cloud\code\sql\_DailyScript\_setdates.sql
Query OK, 0 rows affected (0.01 sec)

Query OK, 0 rows affected (1.91 sec)

Database changed
Query OK, 0 rows affected (0.00 sec)

Query OK, 0 rows affected (0.00 sec)

Query OK, 0 rows affected (0.00 sec)

Query OK, 0 rows affected (0.00 sec)

Query OK, 0 rows affected (0.00 sec)

Query OK, 0 rows affected (0.00 sec)

Query OK, 0 rows affected (0.00 sec)

Query OK, 0 rows affected (0.00 sec)

Query OK, 0 rows affected (0.00 sec)

Query OK, 0 rows affected (0.00 sec)

Query OK, 0 rows affected (0.00 sec)

Query OK, 0 rows affected (0.00 sec)

Query OK, 0 rows affected (0.00 sec)

Query OK, 0 rows affected (0.00 sec)

Query OK, 0 rows affected (0.00 sec)

Query OK, 0 rows affected (0.00 sec)

Query OK, 0 rows affected (0.00 sec)

Query OK, 0 rows affected (0.00 sec)

Query OK, 0 rows affected (0.00 sec)

Query OK, 0 rows affected (0.00 sec)

Query OK, 0 rows affected (0.00 sec)

Query OK, 0 rows affected (0.00 sec)

mysql> mysql \. C:\workspace\cloud\code\sql\_DailyScript\currenttime.sql
+---------------------+
| currenttime         |
+---------------------+
| 2022-02-07 10:30:25 |
+---------------------+
1 row in set (0.00 sec)

mysql> 
mysql> mysql \. C:\workspace\cloud\code\sql\_DailyScript\load_RCB_VODTITLES.sql
Database changed
Query OK, 0 rows affected (0.00 sec)

Query OK, 17462 rows affected (0.32 sec)

Query OK, 17464 rows affected, 17464 warnings (0.57 sec)
Records: 17464  Deleted: 0  Skipped: 0  Warnings: 17464

Query OK, 0 rows affected (0.00 sec)

Query OK, 2 rows affected (0.02 sec)

+-----------+
| VODTITLES |
+-----------+
|     17922 |
+-----------+
1 row in set (0.01 sec)

+-----------+-----------+
| titletype | typecount |
+-----------+-----------+
| E         |     14935 |
| N         |       245 |
| T         |      2282 |
| NULL      |     17462 |
+-----------+-----------+
4 rows in set (0.08 sec)

mysql> mysql \. C:\workspace\cloud\code\sql\_DailyScript\currenttime.sql
+---------------------+
| currenttime         |
+---------------------+
| 2022-02-07 10:30:26 |
+---------------------+
1 row in set (0.00 sec)

mysql> 
mysql> 
mysql> 
mysql> 
mysql> 
mysql> mysql \. C:\workspace\cloud\code\sql\_DailyScript\load_DailyCalls.sql
Database changed
Query OK, 447 rows affected (0.15 sec)
Records: 447  Deleted: 0  Skipped: 0  Warnings: 0

Query OK, 0 rows affected, 1 warning (0.00 sec)

Query OK, 445 rows affected (0.15 sec)
Records: 445  Duplicates: 0  Warnings: 0

Query OK, 0 rows affected, 1 warning (0.00 sec)

Query OK, 94140 rows affected (0.61 sec)
Records: 94140  Duplicates: 0  Warnings: 0

+----------------------+
| callingclientsbefore |
+----------------------+
|              1378511 |
+----------------------+
1 row in set (0.78 sec)

Query OK, 620 rows affected (11.91 sec)
Records: 620  Duplicates: 0  Warnings: 0

+---------------------+
| callingclientsafter |
+---------------------+
|             1379131 |
+---------------------+
1 row in set (0.37 sec)

Query OK, 0 rows affected (0.01 sec)

Query OK, 287 rows affected (9.36 sec)
Records: 287  Duplicates: 0  Warnings: 0

Query OK, 0 rows affected (0.00 sec)

Query OK, 26415 rows affected (5.16 sec)
Records: 26415  Duplicates: 0  Warnings: 0

+-----------+
| callstats |
+-----------+
|     26415 |
+-----------+
1 row in set (0.01 sec)

Query OK, 0 rows affected, 1 warning (0.00 sec)

Query OK, 620 rows affected (6.20 sec)
Records: 620  Duplicates: 0  Warnings: 0

+------------------------+
| rep_cccallreportbefore |
+------------------------+
|                1378923 |
+------------------------+
1 row in set (0.35 sec)

Query OK, 620 rows affected (0.31 sec)
Records: 620  Duplicates: 0  Warnings: 0

+-----------------------+
| rep_cccallreportafter |
+-----------------------+
|               1379543 |
+-----------------------+
1 row in set (0.36 sec)

Query OK, 0 rows affected (0.00 sec)

mysql> mysql \. C:\workspace\cloud\code\sql\_DailyScript\currenttime.sql
+---------------------+
| currenttime         |
+---------------------+
| 2022-02-07 10:31:02 |
+---------------------+
1 row in set (0.00 sec)

mysql> 
mysql> mysql \. C:\workspace\cloud\code\sql\_DailyScript\DAILY-SCRIPT-USAGE.sql
Database changed
Query OK, 0 rows affected (0.00 sec)

Query OK, 4078 rows affected, 11846 warnings (0.91 sec)
Records: 4078  Deleted: 0  Skipped: 0  Warnings: 11846

Query OK, 0 rows affected (0.00 sec)

Query OK, 6556 rows affected, 18894 warnings (0.92 sec)
Records: 6556  Deleted: 0  Skipped: 0  Warnings: 18894

Query OK, 0 rows affected (0.00 sec)

Query OK, 342 rows affected, 1226 warnings (0.06 sec)
Records: 342  Deleted: 0  Skipped: 0  Warnings: 1226

Query OK, 0 rows affected (0.00 sec)

Query OK, 138 rows affected, 486 warnings (0.04 sec)
Records: 138  Deleted: 0  Skipped: 0  Warnings: 486

+------------+
| dailyusage |
+------------+
|   20557156 |
+------------+
1 row in set (17.33 sec)

+------------+------------+------------+---------+
| datestart  | dateend    | insertedon | records |
+------------+------------+------------+---------+
| 2022-02-05 | 2022-02-05 | 2022-02-07 |   11114 |
| 2022-02-04 | 2022-02-05 | 2022-02-07 |   11203 |
| 2022-02-03 | 2022-02-03 | 2022-02-04 |   11242 |
| 2022-02-02 | 2022-02-02 | 2022-02-03 |   10998 |
| 2022-02-01 | 2022-02-01 | 2022-02-02 |   11102 |
+------------+------------+------------+---------+
5 rows in set (33.85 sec)

+----------+------------+------------+------------+---------+
| category | datestart  | dateend    | insertedon | records |
+----------+------------+------------+------------+---------+
| UNCAPPED | 2022-02-05 | 2022-02-05 | 2022-02-07 |    6556 |
| PREPAID  | 2022-02-05 | 2022-02-05 | 2022-02-07 |     342 |
| HOTSPOT  | 2022-02-05 | 2022-02-05 | 2022-02-07 |     138 |
| CAPPED   | 2022-02-05 | 2022-02-05 | 2022-02-07 |    4078 |
| UNCAPPED | 2022-02-04 | 2022-02-05 | 2022-02-07 |    6572 |
| PREPAID  | 2022-02-04 | 2022-02-05 | 2022-02-07 |     364 |
| HOTSPOT  | 2022-02-04 | 2022-02-05 | 2022-02-07 |     193 |
| CAPPED   | 2022-02-04 | 2022-02-05 | 2022-02-07 |    4074 |
| UNCAPPED | 2022-02-03 | 2022-02-03 | 2022-02-04 |    6696 |
| PREPAID  | 2022-02-03 | 2022-02-03 | 2022-02-04 |     338 |
| HOTSPOT  | 2022-02-03 | 2022-02-03 | 2022-02-04 |     147 |
| CAPPED   | 2022-02-03 | 2022-02-03 | 2022-02-04 |    4061 |
| UNCAPPED | 2022-02-02 | 2022-02-02 | 2022-02-03 |    6421 |
| PREPAID  | 2022-02-02 | 2022-02-02 | 2022-02-03 |     359 |
| HOTSPOT  | 2022-02-02 | 2022-02-02 | 2022-02-03 |     161 |
| CAPPED   | 2022-02-02 | 2022-02-02 | 2022-02-03 |    4057 |
| UNCAPPED | 2022-02-01 | 2022-02-01 | 2022-02-02 |    6426 |
| PREPAID  | 2022-02-01 | 2022-02-01 | 2022-02-02 |     440 |
| HOTSPOT  | 2022-02-01 | 2022-02-01 | 2022-02-02 |     162 |
| CAPPED   | 2022-02-01 | 2022-02-01 | 2022-02-02 |    4074 |
+----------+------------+------------+------------+---------+
20 rows in set (30.53 sec)

mysql> mysql \. C:\workspace\cloud\code\sql\_DailyScript\currenttime.sql
+---------------------+
| currenttime         |
+---------------------+
| 2022-02-07 10:32:26 |
+---------------------+
1 row in set (0.00 sec)

mysql> 
mysql> mysql \. C:\workspace\cloud\code\sql\_DailyScript\DAILY-SCRIPT-SALES-TELEMETRY.sql
Database changed
Query OK, 68 rows affected, 62 warnings (0.05 sec)
Records: 68  Deleted: 0  Skipped: 0  Warnings: 62

+------------+
| dailysales |
+------------+
|     250811 |
+------------+
1 row in set (0.49 sec)

+------------+---------+
| orderdate  | records |
+------------+---------+
| 2022-02-05 |      68 |
| 2022-02-04 |     164 |
| 2022-02-03 |     177 |
| 2022-02-02 |     193 |
| 2022-02-01 |     233 |
| 2022-01-31 |     293 |
| 2022-01-30 |      12 |
| 2022-01-29 |     131 |
| 2022-01-28 |     266 |
| 2022-01-27 |     196 |
| 2022-01-26 |     219 |
| 2022-01-25 |     172 |
| 2022-01-24 |     214 |
| 2022-01-23 |       3 |
| 2022-01-22 |      80 |
+------------+---------+
15 rows in set (1.76 sec)

Query OK, 0 rows affected (0.04 sec)

Query OK, 250811 rows affected (21.54 sec)
Records: 250811  Duplicates: 0  Warnings: 0

+--------+
| sales  |
+--------+
| 250811 |
+--------+
1 row in set (0.07 sec)

Query OK, 0 rows affected (0.01 sec)

Query OK, 6503 rows affected (0.42 sec)
Records: 6503  Duplicates: 0  Warnings: 0

+----------------+
| rep_dailysales |
+----------------+
|           6503 |
+----------------+
1 row in set (0.00 sec)

Query OK, 0 rows affected (0.00 sec)

Query OK, 6503 rows affected (0.81 sec)
Records: 6503  Duplicates: 0  Warnings: 0

+-------------------+
| rep_dailysalesreg |
+-------------------+
|              6503 |
+-------------------+
1 row in set (0.03 sec)

Query OK, 0 rows affected (0.01 sec)

Query OK, 2475 rows affected (0.74 sec)
Records: 2475  Duplicates: 0  Warnings: 0

+-----------+
| saleslist |
+-----------+
|      2475 |
+-----------+
1 row in set (0.01 sec)

Database changed
ERROR 2 (HY000): File 'C:\ProgramData\MySQL\MySQL Server 5.7\Uploads\_csv\PrepaidCardSales-05022022-P1.csv' not found (Errcode: 2 - No such file or directory)
+------------------+
| dailysinglesales |
+------------------+
|             6666 |
+------------------+
1 row in set (0.03 sec)

Database changed
Query OK, 8 rows affected (0.06 sec)
Records: 8  Deleted: 0  Skipped: 0  Warnings: 0

+-----------------+
| dailyaddonsales |
+-----------------+
|           26729 |
+-----------------+
1 row in set (0.08 sec)

Query OK, 235 rows affected (0.27 sec)
Records: 235  Deleted: 0  Skipped: 0  Warnings: 0

+----------------+
| onlinepayments |
+----------------+
|         264598 |
+----------------+
1 row in set (0.16 sec)

+-------------+----------------+---------------------+
| paymentdate | onlinepayments | onlinepaymentamount |
+-------------+----------------+---------------------+
| 2022-02-05  |            235 |        154852.60000 |
| 2022-02-04  |            315 |        204703.78000 |
| 2022-02-03  |            261 |        196264.43000 |
| 2022-02-02  |            316 |        208279.44000 |
| 2022-02-01  |            433 |        313262.79000 |
+-------------+----------------+---------------------+
5 rows in set (2.89 sec)

+-------------+--------------+----------------+---------------------+
| paymentyear | paymentmonth | onlinepayments | onlinepaymentamount |
+-------------+--------------+----------------+---------------------+
|        2022 |            2 |           1560 |       1077363.04000 |
|        2022 |            1 |           9272 |       6152673.88000 |
|        2022 |         NULL |          10832 |       7230036.92000 |
|        2021 |           12 |           8988 |       5882874.20000 |
|        2021 |           11 |           8553 |       5661260.44000 |
+-------------+--------------+----------------+---------------------+
5 rows in set (0.27 sec)

mysql> mysql \. C:\workspace\cloud\code\sql\_DailyScript\currenttime.sql
+---------------------+
| currenttime         |
+---------------------+
| 2022-02-07 10:32:55 |
+---------------------+
1 row in set (0.00 sec)

mysql> 
mysql> mysql \. C:\workspace\cloud\code\sql\_DailyScript\DAILY-SCRIPT-ACTIVENUMBERS.sql
Database changed
Query OK, 1068 rows affected (0.54 sec)
Records: 1068  Deleted: 0  Skipped: 0  Warnings: 0

+------------+----------+
| period     | count(1) |
+------------+----------+
| 2022-02-05 |     1068 |
| 2022-02-04 |     1068 |
| 2022-02-03 |     1068 |
| 2022-02-02 |     1067 |
| 2022-02-01 |     1070 |
+------------+----------+
5 rows in set (0.01 sec)

Query OK, 0 rows affected (0.00 sec)

Query OK, 75 rows affected (1.34 sec)
Records: 75  Duplicates: 0  Warnings: 0

+-------------+
| packagelist |
+-------------+
|          75 |
+-------------+
1 row in set (0.00 sec)

Database changed
Query OK, 0 rows affected (0.00 sec)

Query OK, 0 rows affected (0.00 sec)

Query OK, 0 rows affected (0.00 sec)

Query OK, 0 rows affected (0.00 sec)

Query OK, 28987 rows affected, 199 warnings (14.77 sec)
Records: 28987  Deleted: 0  Skipped: 0  Warnings: 199

+------------+----------+
| period     | count(1) |
+------------+----------+
| 2022-02-05 |    28987 |
| 2022-02-04 |    29026 |
| 2022-02-03 |    29079 |
| 2022-02-02 |    29018 |
| 2022-02-01 |    28937 |
+------------+----------+
5 rows in set (0.14 sec)

Query OK, 0 rows affected (0.05 sec)

Query OK, 28429 rows affected (1 min 41.03 sec)
Records: 28429  Duplicates: 0  Warnings: 0

Query OK, 0 rows affected (0.12 sec)
Records: 0  Duplicates: 0  Warnings: 0

Query OK, 0 rows affected (0.13 sec)
Records: 0  Duplicates: 0  Warnings: 0

Query OK, 0 rows affected (0.12 sec)
Records: 0  Duplicates: 0  Warnings: 0

Query OK, 0 rows affected (0.09 sec)
Records: 0  Duplicates: 0  Warnings: 0

Query OK, 0 rows affected (0.08 sec)
Records: 0  Duplicates: 0  Warnings: 0

Query OK, 0 rows affected (0.07 sec)
Records: 0  Duplicates: 0  Warnings: 0

+-------------+
| countbefore |
+-------------+
|    53377294 |
+-------------+
1 row in set (39.09 sec)

Query OK, 28429 rows affected (5.73 sec)
Records: 28429  Duplicates: 0  Warnings: 0

+------------+
| countafter |
+------------+
|   53405723 |
+------------+
1 row in set (39.24 sec)

+------------+--------------------------+
| period     | customercontractactivity |
+------------+--------------------------+
| 2022-02-05 |                    28429 |
| 2022-02-04 |                    28467 |
| 2022-02-03 |                    28521 |
| 2022-02-02 |                    28460 |
| 2022-02-01 |                    28379 |
+------------+--------------------------+
5 rows in set (0.06 sec)

Query OK, 0 rows affected (0.01 sec)

Query OK, 331050 rows affected, 4 warnings (12 min 52.44 sec)
Records: 331050  Duplicates: 0  Warnings: 4

+-----------------+
| message         |
+-----------------+
| table A created |
+-----------------+
1 row in set (0.01 sec)

Query OK, 0 rows affected (0.03 sec)

Query OK, 331376 rows affected (10.59 sec)
Records: 331376  Duplicates: 0  Warnings: 0

+--------------------------+
| customercontractsnapshot |
+--------------------------+
|                   331376 |
+--------------------------+
1 row in set (0.12 sec)

Query OK, 0 rows affected (0.05 sec)

Query OK, 0 rows affected (1.12 sec)
Records: 0  Duplicates: 0  Warnings: 0

Query OK, 0 rows affected (1.37 sec)
Records: 0  Duplicates: 0  Warnings: 0

Query OK, 0 rows affected (1.25 sec)
Records: 0  Duplicates: 0  Warnings: 0

Query OK, 0 rows affected (0.01 sec)

Query OK, 227 rows affected (0.49 sec)
Records: 227  Duplicates: 0  Warnings: 0

Query OK, 0 rows affected (0.01 sec)

Query OK, 2620 rows affected (0.71 sec)
Records: 2620  Duplicates: 0  Warnings: 0

Query OK, 0 rows affected (0.03 sec)

Query OK, 28406 rows affected (0.75 sec)
Records: 28406  Duplicates: 0  Warnings: 0

Query OK, 0 rows affected (0.00 sec)

Query OK, 16968 rows affected (0.50 sec)
Records: 16968  Duplicates: 0  Warnings: 0

Query OK, 0 rows affected (0.00 sec)

Query OK, 16968 rows affected (0.18 sec)
Records: 16968  Duplicates: 0  Warnings: 0

Query OK, 0 rows affected (0.01 sec)

Query OK, 16968 rows affected (1.60 sec)
Records: 16968  Duplicates: 0  Warnings: 0

Query OK, 0 rows affected (0.01 sec)

Query OK, 16968 rows affected (44.55 sec)
Records: 16968  Duplicates: 0  Warnings: 0

+-------------+
| clientstats |
+-------------+
|       16968 |
+-------------+
1 row in set (0.01 sec)

Query OK, 0 rows affected (0.01 sec)

Query OK, 13 rows affected, 1 warning (0.14 sec)
Records: 13  Duplicates: 0  Warnings: 1

+-----------------------+-------------+-------------+----------------+-----------------+
| services              | activecount | allaccounts | uniqueaccounts | uniquecontracts |
+-----------------------+-------------+-------------+----------------+-----------------+
| All                   |         441 |          72 |             72 |             230 |
| Internet & OTT        |           6 |           3 |              3 |               4 |
| Internet & Voice      |         305 |         133 |            133 |             261 |
| Internet Only         |        4468 |        4370 |           4365 |            4407 |
| OTT Only              |           1 |           1 |              1 |               1 |
| TV & Internet         |        9861 |        4398 |           4389 |            8980 |
| TV & Internet & OTT   |        4850 |        1286 |           1284 |            2668 |
| TV & Internet & Voice |         509 |         145 |            144 |             446 |
| TV & OTT              |         364 |          92 |             90 |             105 |
| TV & Voice            |          92 |          41 |             41 |              84 |
| TV Only               |        8057 |        6311 |           6295 |            6515 |
| Voice Only            |         117 |         116 |            116 |             117 |
| GRAND TOTAL           |       29071 |       16968 |          16863 |           23818 |
+-----------------------+-------------+-------------+----------------+-----------------+
13 rows in set (0.00 sec)

+-------------+-------------+-------------+----------------+-----------------+
| network     | activecount | allaccounts | uniqueaccounts | uniquecontracts |
+-------------+-------------+-------------+----------------+-----------------+
| GPON        |       14684 |        7198 |           7195 |           11491 |
| HFC         |       14387 |        9770 |           9770 |           12327 |
| GRAND TOTAL |       29071 |       16968 |          16863 |           23818 |
+-------------+-------------+-------------+----------------+-----------------+
3 rows in set, 1 warning (0.15 sec)

+-------------+-----------------------+-------------+-------------+----------------+-----------------+
| network     | services              | activecount | allaccounts | uniqueaccounts | uniquecontracts |
+-------------+-----------------------+-------------+-------------+----------------+-----------------+
| GPON        | All                   |         362 |          62 |             62 |             197 |
| GPON        | Internet & Voice      |          87 |          36 |             36 |              76 |
| GPON        | Internet Only         |        1778 |        1694 |           1694 |            1718 |
| GPON        | TV & Internet         |        5754 |        2526 |           2526 |            5183 |
| GPON        | TV & Internet & OTT   |        3933 |        1038 |           1038 |            2164 |
| GPON        | TV & Internet & Voice |         313 |          83 |             83 |             259 |
| GPON        | TV & OTT              |         240 |          71 |             71 |              79 |
| GPON        | TV & Voice            |          66 |          29 |             29 |              60 |
| GPON        | TV Only               |        2138 |        1647 |           1647 |            1742 |
| GPON        | Voice Only            |          13 |          12 |             12 |              13 |
| GPON        | Services Total        |       14684 |        7198 |           7195 |           11491 |
| HFC         | All                   |          79 |          10 |             10 |              33 |
| HFC         | Internet & OTT        |           6 |           3 |              3 |               4 |
| HFC         | Internet & Voice      |         218 |          97 |             97 |             185 |
| HFC         | Internet Only         |        2690 |        2676 |           2676 |            2689 |
| HFC         | OTT Only              |           1 |           1 |              1 |               1 |
| HFC         | TV & Internet         |        4107 |        1872 |           1872 |            3797 |
| HFC         | TV & Internet & OTT   |         917 |         248 |            248 |             504 |
| HFC         | TV & Internet & Voice |         196 |          62 |             62 |             187 |
| HFC         | TV & OTT              |         124 |          21 |             21 |              26 |
| HFC         | TV & Voice            |          26 |          12 |             12 |              24 |
| HFC         | TV Only               |        5919 |        4664 |           4664 |            4773 |
| HFC         | Voice Only            |         104 |         104 |            104 |             104 |
| HFC         | Services Total        |       14387 |        9770 |           9770 |           12327 |
| GRAND TOTAL | Services Total        |       29071 |       16968 |          16863 |           23818 |
+-------------+-----------------------+-------------+-------------+----------------+-----------------+
25 rows in set, 2 warnings (0.17 sec)

Query OK, 0 rows affected (0.01 sec)

Query OK, 40 rows affected, 3 warnings (0.22 sec)
Records: 40  Duplicates: 0  Warnings: 3

+-------------+---------------+-----------------------+-------------+-------------+----------------+-----------------+
| region      | network       | services              | activecount | allaccounts | uniqueaccounts | uniquecontracts |
+-------------+---------------+-----------------------+-------------+-------------+----------------+-----------------+
| Mahe        | GPON          | All                   |         325 |          55 |             55 |             176 |
| Mahe        | GPON          | Internet & Voice      |          81 |          33 |             33 |              70 |
| Mahe        | GPON          | Internet Only         |        1519 |        1437 |           1437 |            1459 |
| Mahe        | GPON          | TV & Internet         |        4974 |        2180 |           2180 |            4465 |
| Mahe        | GPON          | TV & Internet & OTT   |        3310 |         853 |            853 |            1786 |
| Mahe        | GPON          | TV & Internet & Voice |         303 |          80 |             80 |             249 |
| Mahe        | GPON          | TV & OTT              |         211 |          60 |             60 |              68 |
| Mahe        | GPON          | TV & Voice            |          63 |          28 |             28 |              57 |
| Mahe        | GPON          | TV Only               |        1812 |        1399 |           1399 |            1481 |
| Mahe        | GPON          | Voice Only            |          12 |          11 |             11 |              12 |
| Mahe        | GPON          | Services Total        |       12610 |        6136 |           6136 |            9823 |
| Mahe        | HFC           | All                   |          79 |          10 |             10 |              33 |
| Mahe        | HFC           | Internet & OTT        |           6 |           3 |              3 |               4 |
| Mahe        | HFC           | Internet & Voice      |         218 |          97 |             97 |             185 |
| Mahe        | HFC           | Internet Only         |        2690 |        2676 |           2676 |            2689 |
| Mahe        | HFC           | OTT Only              |           1 |           1 |              1 |               1 |
| Mahe        | HFC           | TV & Internet         |        4107 |        1872 |           1872 |            3797 |
| Mahe        | HFC           | TV & Internet & OTT   |         917 |         248 |            248 |             504 |
| Mahe        | HFC           | TV & Internet & Voice |         196 |          62 |             62 |             187 |
| Mahe        | HFC           | TV & OTT              |         124 |          21 |             21 |              26 |
| Mahe        | HFC           | TV & Voice            |          26 |          12 |             12 |              24 |
| Mahe        | HFC           | TV Only               |        5918 |        4663 |           4663 |            4772 |
| Mahe        | HFC           | Voice Only            |         104 |         104 |            104 |             104 |
| Mahe        | HFC           | Services Total        |       14386 |        9769 |           9769 |           12326 |
| Mahe        | Network Total | Services Total        |       26996 |       15905 |          15803 |           22149 |
| Praslin     | GPON          | All                   |          37 |           7 |              7 |              21 |
| Praslin     | GPON          | Internet & Voice      |           6 |           3 |              3 |               6 |
| Praslin     | GPON          | Internet Only         |         259 |         257 |            257 |             259 |
| Praslin     | GPON          | TV & Internet         |         780 |         346 |            346 |             718 |
| Praslin     | GPON          | TV & Internet & OTT   |         623 |         185 |            185 |             378 |
| Praslin     | GPON          | TV & Internet & Voice |          10 |           3 |              3 |              10 |
| Praslin     | GPON          | TV & OTT              |          29 |          11 |             11 |              11 |
| Praslin     | GPON          | TV & Voice            |           3 |           1 |              1 |               3 |
| Praslin     | GPON          | TV Only               |         326 |         248 |            248 |             261 |
| Praslin     | GPON          | Voice Only            |           1 |           1 |              1 |               1 |
| Praslin     | GPON          | Services Total        |        2074 |        1062 |           1062 |            1668 |
| Praslin     | HFC           | TV Only               |           1 |           1 |              1 |               1 |
| Praslin     | HFC           | Services Total        |           1 |           1 |              1 |               1 |
| Praslin     | Network Total | Services Total        |        2075 |        1063 |           1063 |            1669 |
| GRAND TOTAL | Network Total | Services Total        |       29071 |       16968 |          16863 |           23818 |
+-------------+---------------+-----------------------+-------------+-------------+----------------+-----------------+
40 rows in set (0.00 sec)

Query OK, 0 rows affected (0.01 sec)

Query OK, 28407 rows affected (0.65 sec)
Records: 28407  Duplicates: 0  Warnings: 0

Query OK, 0 rows affected (0.01 sec)

Query OK, 2355 rows affected (2.19 sec)
Records: 2355  Duplicates: 0  Warnings: 0

+--------------------------------------+
| message                              |
+--------------------------------------+
| running rcbill_my.sp_ActiveNumber2() |
+--------------------------------------+
1 row in set (0.00 sec)

Query OK, 365 rows affected (2 min 53.74 sec)

mysql> mysql \. C:\workspace\cloud\code\sql\_DailyScript\currenttime.sql
+---------------------+
| currenttime         |
+---------------------+
| 2022-02-07 10:53:11 |
+---------------------+
1 row in set (0.00 sec)

mysql> 
mysql> mysql \. C:\workspace\cloud\code\sql\_DailyScript\GetActiveNumbers Average -Pivot.sql
Database changed
+-------------------------------------+
| @today := subdate(current_date(),1) |
+-------------------------------------+
| 2022-02-06                          |
+-------------------------------------+
1 row in set (0.00 sec)

+-------------------------------------+
| @lastdayofmonth := last_day(@today) |
+-------------------------------------+
| 2022-02-28                          |
+-------------------------------------+
1 row in set (0.00 sec)

Query OK, 0 rows affected (0.01 sec)

Query OK, 53936 rows affected, 65535 warnings (1 min 15.96 sec)
Records: 53936  Duplicates: 0  Warnings: 110273

Query OK, 0 rows affected (0.16 sec)
Records: 0  Duplicates: 0  Warnings: 0

Query OK, 0 rows affected (0.17 sec)
Records: 0  Duplicates: 0  Warnings: 0

Query OK, 0 rows affected (0.13 sec)
Records: 0  Duplicates: 0  Warnings: 0

+-----------------+
| activenumberavg |
+-----------------+
|           53936 |
+-----------------+
1 row in set (0.02 sec)

Query OK, 0 rows affected (0.01 sec)

Query OK, 2011 rows affected (0.71 sec)
Records: 2011  Duplicates: 0  Warnings: 0

+---------------------+
| rep_activenumberavg |
+---------------------+
|                2011 |
+---------------------+
1 row in set (0.00 sec)

+----------------------+
| rep_activenumberavg1 |
+----------------------+
|                  934 |
+----------------------+
1 row in set (0.00 sec)

Query OK, 0 rows affected (0.01 sec)

Query OK, 2866 rows affected (0.54 sec)
Records: 2866  Duplicates: 0  Warnings: 0

Query OK, 0 rows affected (0.00 sec)

Query OK, 14875 rows affected (1.01 sec)
Records: 14875  Duplicates: 0  Warnings: 0

Query OK, 0 rows affected (0.01 sec)

Query OK, 258 rows affected (0.34 sec)
Records: 258  Duplicates: 0  Warnings: 0

Query OK, 0 rows affected (0.00 sec)

Query OK, 0 rows affected (0.01 sec)

Query OK, 0 rows affected (0.01 sec)

Query OK, 0 rows affected (0.01 sec)

Query OK, 0 rows affected (0.00 sec)
Statement prepared

Query OK, 53 rows affected (0.06 sec)
Records: 53  Duplicates: 0  Warnings: 0

Query OK, 0 rows affected (0.00 sec)

Query OK, 0 rows affected (0.00 sec)

+----------------------+
| rep_activenumberavg2 |
+----------------------+
|                 2866 |
+----------------------+
1 row in set (0.00 sec)

+------------------------+
| rep_activenumberavg_pv |
+------------------------+
|                     53 |
+------------------------+
1 row in set (0.00 sec)

Query OK, 0 rows affected (0.01 sec)

Query OK, 2863 rows affected (0.48 sec)
Records: 2863  Duplicates: 0  Warnings: 0

Query OK, 0 rows affected (0.00 sec)

Query OK, 0 rows affected (0.01 sec)

Query OK, 0 rows affected (0.01 sec)

Query OK, 0 rows affected (0.00 sec)

Query OK, 0 rows affected (0.00 sec)
Statement prepared

Query OK, 53 rows affected (0.06 sec)
Records: 53  Duplicates: 0  Warnings: 0

Query OK, 0 rows affected (0.00 sec)

Query OK, 0 rows affected (0.00 sec)

+-------------------------+
| rep_activenumberavgMahe |
+-------------------------+
|                    2863 |
+-------------------------+
1 row in set (0.00 sec)

+----------------------------+
| rep_activenumberavgMahe_pv |
+----------------------------+
|                         53 |
+----------------------------+
1 row in set (0.00 sec)

Query OK, 0 rows affected (0.00 sec)

Query OK, 1812 rows affected (0.20 sec)
Records: 1812  Duplicates: 0  Warnings: 0

Query OK, 0 rows affected (0.00 sec)

Query OK, 0 rows affected (0.00 sec)

Query OK, 0 rows affected (0.00 sec)

Query OK, 0 rows affected (0.00 sec)

Query OK, 0 rows affected (0.00 sec)
Statement prepared

Query OK, 41 rows affected (0.04 sec)
Records: 41  Duplicates: 0  Warnings: 0

Query OK, 0 rows affected (0.00 sec)

Query OK, 0 rows affected (0.00 sec)

+----------------------------+
| rep_activenumberavgPraslin |
+----------------------------+
|                       1812 |
+----------------------------+
1 row in set (0.00 sec)

+-------------------------------+
| rep_activenumberavgPraslin_pv |
+-------------------------------+
|                            41 |
+-------------------------------+
1 row in set (0.00 sec)

mysql> mysql \. C:\workspace\cloud\code\sql\_DailyScript\currenttime.sql
+---------------------+
| currenttime         |
+---------------------+
| 2022-02-07 10:54:31 |
+---------------------+
1 row in set (0.00 sec)

mysql> 
mysql> mysql \. C:\workspace\cloud\code\sql\Analysis\clients_contracts_creditpolicy_2.sql
Database changed
Query OK, 0 rows affected, 1 warning (0.00 sec)

Query OK, 1936519 rows affected (1 min 6.62 sec)
Records: 1936519  Duplicates: 0  Warnings: 0

Query OK, 0 rows affected (0.02 sec)

Query OK, 28429 rows affected (1.86 sec)
Records: 28429  Duplicates: 0  Warnings: 0

Query OK, 0 rows affected (0.01 sec)

Query OK, 28504 rows affected (30.83 sec)
Records: 28504  Duplicates: 0  Warnings: 0

+-------------------------+
| rep_cust_cont_creditpol |
+-------------------------+
|                   28504 |
+-------------------------+
1 row in set (0.01 sec)

mysql> mysql \. C:\workspace\cloud\code\sql\_DailyScript\currenttime.sql
+---------------------+
| currenttime         |
+---------------------+
| 2022-02-07 10:56:11 |
+---------------------+
1 row in set (0.00 sec)

mysql> 
mysql> 
mysql> 
mysql> 
mysql> 
mysql> 
mysql> 
mysql> 
mysql> 
mysql> 
mysql> 
mysql> 
mysql> 
mysql> 
mysql> 
mysql> 
mysql> 
mysql> 
mysql> 
mysql> 
mysql> 
mysql> 
mysql> 
mysql> 
mysql> 
mysql> 
mysql> 
mysql> 
mysql> 
mysql> 
mysql> 
mysql> 
mysql> 
mysql> 
mysql> 
mysql> 
mysql> 
mysql> 
mysql> 
mysql> 
mysql> 
mysql> 
mysql> 
mysql> 
mysql> 
mysql> 
mysql> 
mysql> 
mysql> 
mysql> 
mysql> 
mysql> 
mysql> 
mysql> 
mysql> 
mysql> 
mysql> 
mysql> 
mysql> 
mysql> 
mysql> 
mysql> 
mysql> exit
