    -> 
    -> mysql \. C:\workspace\cloud\code\sql\_DailyScript\_setdates.sql
Query OK, 0 rows affected (0.01 sec)

Query OK, 0 rows affected (1.82 sec)

Database changed
Query OK, 0 rows affected (0.01 sec)

Query OK, 0 rows affected (0.00 sec)

Query OK, 0 rows affected (0.00 sec)

Query OK, 0 rows affected (0.00 sec)

Query OK, 0 rows affected (0.00 sec)

Query OK, 0 rows affected (0.00 sec)

Query OK, 0 rows affected (0.00 sec)

Query OK, 0 rows affected (0.00 sec)

Query OK, 0 rows affected (0.00 sec)

Query OK, 0 rows affected (0.01 sec)

Query OK, 0 rows affected (0.00 sec)

Query OK, 0 rows affected (0.00 sec)

Query OK, 0 rows affected (0.01 sec)

Query OK, 0 rows affected (0.00 sec)

Query OK, 0 rows affected (0.00 sec)

Query OK, 0 rows affected (0.00 sec)

Query OK, 0 rows affected (0.00 sec)

Query OK, 0 rows affected (0.00 sec)

Query OK, 0 rows affected (0.00 sec)

Query OK, 0 rows affected (0.00 sec)

Query OK, 0 rows affected (0.00 sec)

Query OK, 0 rows affected (0.00 sec)

mysql> mysql \. C:\workspace\cloud\code\sql\_DailyScript\currenttime.sql
+---------------------+
| currenttime         |
+---------------------+
| 2022-01-24 09:17:42 |
+---------------------+
1 row in set (0.00 sec)

mysql> 
mysql> mysql \. C:\workspace\cloud\code\sql\_DailyScript\load_RCB_VODTITLES.sql
Database changed
Query OK, 0 rows affected (0.00 sec)

Query OK, 17380 rows affected (0.23 sec)

Query OK, 17382 rows affected, 17382 warnings (0.45 sec)
Records: 17382  Deleted: 0  Skipped: 0  Warnings: 17382

Query OK, 0 rows affected (0.00 sec)

Query OK, 2 rows affected (0.04 sec)

+-----------+
| VODTITLES |
+-----------+
|     17840 |
+-----------+
1 row in set (0.01 sec)

+-----------+-----------+
| titletype | typecount |
+-----------+-----------+
| E         |     14846 |
| N         |       245 |
| T         |      2289 |
| NULL      |     17380 |
+-----------+-----------+
4 rows in set (0.08 sec)

mysql> mysql \. C:\workspace\cloud\code\sql\_DailyScript\currenttime.sql
+---------------------+
| currenttime         |
+---------------------+
| 2022-01-24 09:17:43 |
+---------------------+
1 row in set (0.00 sec)

mysql> 
mysql> 
mysql> 
mysql> 
mysql> 
mysql> 
mysql> 
mysql> 
mysql> 
mysql> 
mysql> 
mysql> 
mysql> 
mysql> 
mysql> 
mysql> 
mysql> 
mysql> 
mysql> 
mysql> 
mysql> 
mysql> 
mysql> 
mysql> 
mysql> 
mysql> 
mysql> 
mysql> 
mysql> 
mysql> 
mysql> 
mysql> 
mysql> 
mysql> 
mysql> mysql \. C:\workspace\cloud\code\sql\_DailyScript\load_DailyCalls.sql
Database changed
Query OK, 471 rows affected (0.20 sec)
Records: 471  Deleted: 0  Skipped: 0  Warnings: 0

Query OK, 0 rows affected, 1 warning (0.00 sec)

Query OK, 470 rows affected (0.05 sec)
Records: 470  Duplicates: 0  Warnings: 0

Query OK, 0 rows affected, 1 warning (0.00 sec)

Query OK, 94022 rows affected (0.51 sec)
Records: 94022  Duplicates: 0  Warnings: 0

+----------------------+
| callingclientsbefore |
+----------------------+
|              1363130 |
+----------------------+
1 row in set (1.27 sec)

Query OK, 596 rows affected (12.85 sec)
Records: 596  Duplicates: 0  Warnings: 0

+---------------------+
| callingclientsafter |
+---------------------+
|             1363726 |
+---------------------+
1 row in set (0.37 sec)

Query OK, 0 rows affected (0.01 sec)

Query OK, 312 rows affected (11.77 sec)
Records: 312  Duplicates: 0  Warnings: 0

Query OK, 0 rows affected (0.00 sec)

Query OK, 26246 rows affected (4.81 sec)
Records: 26246  Duplicates: 0  Warnings: 0

+-----------+
| callstats |
+-----------+
|     26246 |
+-----------+
1 row in set (0.01 sec)

Query OK, 0 rows affected, 1 warning (0.00 sec)

Query OK, 596 rows affected (8.29 sec)
Records: 596  Duplicates: 0  Warnings: 0

+------------------------+
| rep_cccallreportbefore |
+------------------------+
|                1363542 |
+------------------------+
1 row in set (0.38 sec)

Query OK, 596 rows affected (0.31 sec)
Records: 596  Duplicates: 0  Warnings: 0

+-----------------------+
| rep_cccallreportafter |
+-----------------------+
|               1364138 |
+-----------------------+
1 row in set (0.37 sec)

Query OK, 0 rows affected (0.01 sec)

mysql> mysql \. C:\workspace\cloud\code\sql\_DailyScript\currenttime.sql
+---------------------+
| currenttime         |
+---------------------+
| 2022-01-24 09:18:24 |
+---------------------+
1 row in set (0.00 sec)

mysql> 
mysql> mysql \. C:\workspace\cloud\code\sql\_DailyScript\DAILY-SCRIPT-USAGE.sql
Database changed
Query OK, 0 rows affected (0.00 sec)

Query OK, 4583 rows affected, 13367 warnings (1.32 sec)
Records: 4583  Deleted: 0  Skipped: 0  Warnings: 13367

Query OK, 0 rows affected (0.00 sec)

Query OK, 7659 rows affected, 22271 warnings (1.75 sec)
Records: 7659  Deleted: 0  Skipped: 0  Warnings: 22271

Query OK, 0 rows affected (0.00 sec)

Query OK, 364 rows affected, 1316 warnings (0.07 sec)
Records: 364  Deleted: 0  Skipped: 0  Warnings: 1316

Query OK, 0 rows affected (0.01 sec)

Query OK, 184 rows affected, 649 warnings (0.04 sec)
Records: 184  Deleted: 0  Skipped: 0  Warnings: 649

+------------+
| dailyusage |
+------------+
|   20387042 |
+------------+
1 row in set (14.56 sec)

+------------+------------+------------+---------+
| datestart  | dateend    | insertedon | records |
+------------+------------+------------+---------+
| 2022-01-21 | 2022-01-21 | 2022-01-24 |   12790 |
| 2022-01-20 | 2022-01-20 | 2022-01-21 |   13671 |
| 2022-01-19 | 2022-01-19 | 2022-01-20 |   12631 |
| 2022-01-18 | 2022-01-18 | 2022-01-19 |   14465 |
| 2022-01-17 | 2022-01-17 | 2022-01-18 |   10755 |
+------------+------------+------------+---------+
5 rows in set (2 min 51.81 sec)

+----------+------------+------------+------------+---------+
| category | datestart  | dateend    | insertedon | records |
+----------+------------+------------+------------+---------+
| UNCAPPED | 2022-01-21 | 2022-01-21 | 2022-01-24 |    7659 |
| PREPAID  | 2022-01-21 | 2022-01-21 | 2022-01-24 |     364 |
| HOTSPOT  | 2022-01-21 | 2022-01-21 | 2022-01-24 |     184 |
| CAPPED   | 2022-01-21 | 2022-01-21 | 2022-01-24 |    4583 |
| UNCAPPED | 2022-01-20 | 2022-01-20 | 2022-01-21 |    8363 |
| PREPAID  | 2022-01-20 | 2022-01-20 | 2022-01-21 |     381 |
| HOTSPOT  | 2022-01-20 | 2022-01-20 | 2022-01-21 |     168 |
| CAPPED   | 2022-01-20 | 2022-01-20 | 2022-01-21 |    4759 |
| UNCAPPED | 2022-01-19 | 2022-01-19 | 2022-01-20 |    7531 |
| PREPAID  | 2022-01-19 | 2022-01-19 | 2022-01-20 |     395 |
| HOTSPOT  | 2022-01-19 | 2022-01-19 | 2022-01-20 |     198 |
| CAPPED   | 2022-01-19 | 2022-01-19 | 2022-01-20 |    4507 |
| UNCAPPED | 2022-01-18 | 2022-01-18 | 2022-01-19 |    8956 |
| PREPAID  | 2022-01-18 | 2022-01-18 | 2022-01-19 |     376 |
| HOTSPOT  | 2022-01-18 | 2022-01-18 | 2022-01-19 |     186 |
| CAPPED   | 2022-01-18 | 2022-01-18 | 2022-01-19 |    4947 |
| UNCAPPED | 2022-01-17 | 2022-01-17 | 2022-01-18 |    6277 |
| PREPAID  | 2022-01-17 | 2022-01-17 | 2022-01-18 |     341 |
| HOTSPOT  | 2022-01-17 | 2022-01-17 | 2022-01-18 |     199 |
| CAPPED   | 2022-01-17 | 2022-01-17 | 2022-01-18 |    3938 |
+----------+------------+------------+------------+---------+
20 rows in set (32.81 sec)

mysql> mysql \. C:\workspace\cloud\code\sql\_DailyScript\currenttime.sql
+---------------------+
| currenttime         |
+---------------------+
| 2022-01-24 09:22:06 |
+---------------------+
1 row in set (0.00 sec)

mysql> 
mysql> mysql \. C:\workspace\cloud\code\sql\_DailyScript\DAILY-SCRIPT-SALES-TELEMETRY.sql
Database changed
Query OK, 153 rows affected, 119 warnings (0.04 sec)
Records: 153  Deleted: 0  Skipped: 0  Warnings: 119

+------------+
| dailysales |
+------------+
|     248390 |
+------------+
1 row in set (0.50 sec)

+------------+---------+
| orderdate  | records |
+------------+---------+
| 2022-01-21 |     153 |
| 2022-01-20 |      91 |
| 2022-01-19 |     125 |
| 2022-01-18 |     110 |
| 2022-01-17 |     150 |
| 2022-01-16 |       6 |
| 2022-01-15 |      77 |
| 2022-01-14 |     100 |
| 2022-01-13 |      98 |
| 2022-01-12 |     110 |
| 2022-01-11 |      95 |
| 2022-01-10 |     143 |
| 2022-01-09 |       9 |
| 2022-01-08 |      49 |
| 2022-01-07 |     183 |
+------------+---------+
15 rows in set (1.92 sec)

Query OK, 0 rows affected (0.02 sec)

Query OK, 248390 rows affected (22.10 sec)
Records: 248390  Duplicates: 0  Warnings: 0

+--------+
| sales  |
+--------+
| 248390 |
+--------+
1 row in set (0.07 sec)

Query OK, 0 rows affected (0.01 sec)

Query OK, 6447 rows affected (0.45 sec)
Records: 6447  Duplicates: 0  Warnings: 0

+----------------+
| rep_dailysales |
+----------------+
|           6447 |
+----------------+
1 row in set (0.00 sec)

Query OK, 0 rows affected (0.01 sec)

Query OK, 6447 rows affected (0.87 sec)
Records: 6447  Duplicates: 0  Warnings: 0

+-------------------+
| rep_dailysalesreg |
+-------------------+
|              6447 |
+-------------------+
1 row in set (0.00 sec)

Query OK, 0 rows affected (0.01 sec)

Query OK, 2440 rows affected (0.75 sec)
Records: 2440  Duplicates: 0  Warnings: 0

+-----------+
| saleslist |
+-----------+
|      2440 |
+-----------+
1 row in set (0.00 sec)

Database changed
ERROR 2 (HY000): File 'C:\ProgramData\MySQL\MySQL Server 5.7\Uploads\_csv\PrepaidCardSales-21012022-P1.csv' not found (Errcode: 2 - No such file or directory)
+------------------+
| dailysinglesales |
+------------------+
|             6662 |
+------------------+
1 row in set (0.03 sec)

Database changed
Query OK, 14 rows affected (0.02 sec)
Records: 14  Deleted: 0  Skipped: 0  Warnings: 0

+-----------------+
| dailyaddonsales |
+-----------------+
|           26577 |
+-----------------+
1 row in set (0.12 sec)

Query OK, 280 rows affected (0.15 sec)
Records: 280  Deleted: 0  Skipped: 0  Warnings: 0

+----------------+
| onlinepayments |
+----------------+
|         259245 |
+----------------+
1 row in set (0.56 sec)

+-------------+----------------+---------------------+
| paymentdate | onlinepayments | onlinepaymentamount |
+-------------+----------------+---------------------+
| 2022-01-21  |            280 |        184102.60000 |
| 2022-01-20  |            295 |        187428.15000 |
| 2022-01-19  |            223 |        156378.46000 |
| 2022-01-18  |            240 |        142631.93000 |
| 2022-01-17  |            271 |        191610.68000 |
+-------------+----------------+---------------------+
5 rows in set (3.12 sec)

+-------------+--------------+----------------+---------------------+
| paymentyear | paymentmonth | onlinepayments | onlinepaymentamount |
+-------------+--------------+----------------+---------------------+
|        2022 |            1 |           5479 |       3623661.45000 |
|        2022 |         NULL |           5479 |       3623661.45000 |
|        2021 |           12 |           8988 |       5882874.20000 |
|        2021 |           11 |           8553 |       5661260.44000 |
|        2021 |           10 |           8715 |       5741511.04000 |
+-------------+--------------+----------------+---------------------+
5 rows in set (0.25 sec)

mysql> mysql \. C:\workspace\cloud\code\sql\_DailyScript\currenttime.sql
+---------------------+
| currenttime         |
+---------------------+
| 2022-01-24 09:22:37 |
+---------------------+
1 row in set (0.00 sec)

mysql> 
mysql> mysql \. C:\workspace\cloud\code\sql\_DailyScript\DAILY-SCRIPT-ACTIVENUMBERS.sql
Database changed
Query OK, 1076 rows affected (0.58 sec)
Records: 1076  Deleted: 0  Skipped: 0  Warnings: 0

+------------+----------+
| period     | count(1) |
+------------+----------+
| 2022-01-21 |     1076 |
| 2022-01-20 |     1077 |
| 2022-01-19 |     1077 |
| 2022-01-18 |     1079 |
| 2022-01-17 |     1078 |
+------------+----------+
5 rows in set (0.00 sec)

Query OK, 0 rows affected (0.01 sec)

Query OK, 75 rows affected (1.43 sec)
Records: 75  Duplicates: 0  Warnings: 0

+-------------+
| packagelist |
+-------------+
|          75 |
+-------------+
1 row in set (0.00 sec)

Database changed
Query OK, 0 rows affected (0.00 sec)

Query OK, 0 rows affected (0.00 sec)

Query OK, 0 rows affected (0.00 sec)

Query OK, 0 rows affected (0.00 sec)

Query OK, 28734 rows affected, 214 warnings (23.01 sec)
Records: 28734  Deleted: 0  Skipped: 0  Warnings: 214

+------------+----------+
| period     | count(1) |
+------------+----------+
| 2022-01-21 |    28734 |
| 2022-01-20 |    28713 |
| 2022-01-19 |    28779 |
| 2022-01-18 |    28720 |
| 2022-01-17 |    28735 |
+------------+----------+
5 rows in set (0.37 sec)

Query OK, 0 rows affected (0.03 sec)

Query OK, 28176 rows affected (1 min 55.81 sec)
Records: 28176  Duplicates: 0  Warnings: 0

Query OK, 0 rows affected (0.13 sec)
Records: 0  Duplicates: 0  Warnings: 0

Query OK, 0 rows affected (0.19 sec)
Records: 0  Duplicates: 0  Warnings: 0

Query OK, 0 rows affected (0.30 sec)
Records: 0  Duplicates: 0  Warnings: 0

Query OK, 0 rows affected (0.10 sec)
Records: 0  Duplicates: 0  Warnings: 0

Query OK, 0 rows affected (0.08 sec)
Records: 0  Duplicates: 0  Warnings: 0

Query OK, 0 rows affected (0.08 sec)
Records: 0  Duplicates: 0  Warnings: 0

+-------------+
| countbefore |
+-------------+
|    52953623 |
+-------------+
1 row in set (55.66 sec)

Query OK, 28176 rows affected (10.52 sec)
Records: 28176  Duplicates: 0  Warnings: 0

+------------+
| countafter |
+------------+
|   52981799 |
+------------+
1 row in set (35.61 sec)

+------------+--------------------------+
| period     | customercontractactivity |
+------------+--------------------------+
| 2022-01-21 |                    28176 |
| 2022-01-20 |                    28155 |
| 2022-01-19 |                    28221 |
| 2022-01-18 |                    28162 |
| 2022-01-17 |                    28178 |
+------------+--------------------------+
5 rows in set (0.06 sec)

Query OK, 0 rows affected (0.02 sec)

Query OK, 329616 rows affected, 4 warnings (13 min 34.58 sec)
Records: 329616  Duplicates: 0  Warnings: 4

Query OK, 0 rows affected (1.14 sec)
Records: 0  Duplicates: 0  Warnings: 0

Query OK, 0 rows affected (1.32 sec)
Records: 0  Duplicates: 0  Warnings: 0

Query OK, 0 rows affected (1.29 sec)
Records: 0  Duplicates: 0  Warnings: 0

Query OK, 0 rows affected (0.07 sec)

Query OK, 226 rows affected (0.52 sec)
Records: 226  Duplicates: 0  Warnings: 0

Query OK, 0 rows affected (0.01 sec)

Query OK, 2600 rows affected (0.69 sec)
Records: 2600  Duplicates: 0  Warnings: 0

Query OK, 0 rows affected (0.01 sec)

Query OK, 28152 rows affected (0.74 sec)
Records: 28152  Duplicates: 0  Warnings: 0

Query OK, 0 rows affected (0.01 sec)

Query OK, 16820 rows affected (0.49 sec)
Records: 16820  Duplicates: 0  Warnings: 0

Query OK, 0 rows affected (0.02 sec)

Query OK, 16820 rows affected (0.17 sec)
Records: 16820  Duplicates: 0  Warnings: 0

Query OK, 0 rows affected (0.01 sec)

Query OK, 16820 rows affected (1.60 sec)
Records: 16820  Duplicates: 0  Warnings: 0

Query OK, 0 rows affected (0.02 sec)

Query OK, 16820 rows affected (43.37 sec)
Records: 16820  Duplicates: 0  Warnings: 0

+-------------+
| clientstats |
+-------------+
|       16820 |
+-------------+
1 row in set (0.01 sec)

Query OK, 0 rows affected (0.01 sec)

Query OK, 13 rows affected, 1 warning (0.35 sec)
Records: 13  Duplicates: 0  Warnings: 1

+-----------------------+-------------+-------------+----------------+-----------------+
| services              | activecount | allaccounts | uniqueaccounts | uniquecontracts |
+-----------------------+-------------+-------------+----------------+-----------------+
| All                   |         412 |          68 |             68 |             216 |
| Internet & OTT        |           8 |           4 |              4 |               5 |
| Internet & Voice      |         303 |         132 |            132 |             259 |
| Internet Only         |        4384 |        4285 |           4283 |            4323 |
| OTT Only              |           2 |           2 |              2 |               2 |
| TV & Internet         |        9743 |        4357 |           4350 |            8893 |
| TV & Internet & OTT   |        4790 |        1257 |           1255 |            2615 |
| TV & Internet & Voice |         505 |         143 |            143 |             442 |
| TV & OTT              |         362 |          97 |             95 |             108 |
| TV & Voice            |          87 |          39 |             39 |              80 |
| TV Only               |        8120 |        6328 |           6321 |            6534 |
| Voice Only            |         109 |         108 |            108 |             109 |
| GRAND TOTAL           |       28825 |       16820 |          16759 |           23586 |
+-----------------------+-------------+-------------+----------------+-----------------+
13 rows in set (0.00 sec)

+-------------+-------------+-------------+----------------+-----------------+
| network     | activecount | allaccounts | uniqueaccounts | uniquecontracts |
+-------------+-------------+-------------+----------------+-----------------+
| GPON        |       14415 |        7077 |           7074 |           11264 |
| HFC         |       14410 |        9743 |           9743 |           12322 |
| GRAND TOTAL |       28825 |       16820 |          16759 |           23586 |
+-------------+-------------+-------------+----------------+-----------------+
3 rows in set, 1 warning (0.13 sec)

+-------------+-----------------------+-------------+-------------+----------------+-----------------+
| network     | services              | activecount | allaccounts | uniqueaccounts | uniquecontracts |
+-------------+-----------------------+-------------+-------------+----------------+-----------------+
| GPON        | All                   |         333 |          57 |             57 |             180 |
| GPON        | Internet & OTT        |           2 |           1 |              1 |               1 |
| GPON        | Internet & Voice      |          83 |          34 |             34 |              72 |
| GPON        | Internet Only         |        1740 |        1657 |           1657 |            1680 |
| GPON        | OTT Only              |           1 |           1 |              1 |               1 |
| GPON        | TV & Internet         |        5640 |        2478 |           2478 |            5086 |
| GPON        | TV & Internet & OTT   |        3860 |        1004 |           1004 |            2101 |
| GPON        | TV & Internet & Voice |         297 |          79 |             79 |             248 |
| GPON        | TV & OTT              |         231 |          73 |             73 |              79 |
| GPON        | TV & Voice            |          61 |          27 |             27 |              56 |
| GPON        | TV Only               |        2156 |        1656 |           1656 |            1749 |
| GPON        | Voice Only            |          11 |          10 |             10 |              11 |
| GPON        | Services Total        |       14415 |        7077 |           7074 |           11264 |
| HFC         | All                   |          79 |          11 |             11 |              36 |
| HFC         | Internet & OTT        |           6 |           3 |              3 |               4 |
| HFC         | Internet & Voice      |         220 |          98 |             98 |             187 |
| HFC         | Internet Only         |        2644 |        2628 |           2628 |            2643 |
| HFC         | OTT Only              |           1 |           1 |              1 |               1 |
| HFC         | TV & Internet         |        4103 |        1879 |           1879 |            3807 |
| HFC         | TV & Internet & OTT   |         930 |         253 |            253 |             514 |
| HFC         | TV & Internet & Voice |         208 |          64 |             64 |             194 |
| HFC         | TV & OTT              |         131 |          24 |             24 |              29 |
| HFC         | TV & Voice            |          26 |          12 |             12 |              24 |
| HFC         | TV Only               |        5964 |        4672 |           4672 |            4785 |
| HFC         | Voice Only            |          98 |          98 |             98 |              98 |
| HFC         | Services Total        |       14410 |        9743 |           9743 |           12322 |
| GRAND TOTAL | Services Total        |       28825 |       16820 |          16759 |           23586 |
+-------------+-----------------------+-------------+-------------+----------------+-----------------+
27 rows in set, 2 warnings (0.14 sec)

Query OK, 0 rows affected (0.01 sec)

Query OK, 44 rows affected, 3 warnings (0.23 sec)
Records: 44  Duplicates: 0  Warnings: 3

+-------------+---------------+-----------------------+-------------+-------------+----------------+-----------------+
| region      | network       | services              | activecount | allaccounts | uniqueaccounts | uniquecontracts |
+-------------+---------------+-----------------------+-------------+-------------+----------------+-----------------+
| Eden Island | GPON          | TV & Internet         |           2 |           1 |              1 |               2 |
| Eden Island | GPON          | Services Total        |           2 |           1 |              1 |               2 |
| Eden Island | Network Total | Services Total        |           2 |           1 |              1 |               2 |
| Mahe        | GPON          | All                   |         299 |          51 |             51 |             162 |
| Mahe        | GPON          | Internet & OTT        |           2 |           1 |              1 |               1 |
| Mahe        | GPON          | Internet & Voice      |          77 |          31 |             31 |              66 |
| Mahe        | GPON          | Internet Only         |        1481 |        1399 |           1399 |            1421 |
| Mahe        | GPON          | TV & Internet         |        4869 |        2133 |           2133 |            4373 |
| Mahe        | GPON          | TV & Internet & OTT   |        3252 |         823 |            823 |            1731 |
| Mahe        | GPON          | TV & Internet & Voice |         280 |          74 |             74 |             231 |
| Mahe        | GPON          | TV & OTT              |         197 |          60 |             60 |              65 |
| Mahe        | GPON          | TV & Voice            |          58 |          26 |             26 |              53 |
| Mahe        | GPON          | TV Only               |        1828 |        1403 |           1403 |            1484 |
| Mahe        | GPON          | Voice Only            |          11 |          10 |             10 |              11 |
| Mahe        | GPON          | Services Total        |       12354 |        6011 |           6011 |            9598 |
| Mahe        | HFC           | All                   |          79 |          11 |             11 |              36 |
| Mahe        | HFC           | Internet & OTT        |           6 |           3 |              3 |               4 |
| Mahe        | HFC           | Internet & Voice      |         220 |          98 |             98 |             187 |
| Mahe        | HFC           | Internet Only         |        2644 |        2628 |           2628 |            2643 |
| Mahe        | HFC           | OTT Only              |           1 |           1 |              1 |               1 |
| Mahe        | HFC           | TV & Internet         |        4103 |        1879 |           1879 |            3807 |
| Mahe        | HFC           | TV & Internet & OTT   |         930 |         253 |            253 |             514 |
| Mahe        | HFC           | TV & Internet & Voice |         208 |          64 |             64 |             194 |
| Mahe        | HFC           | TV & OTT              |         131 |          24 |             24 |              29 |
| Mahe        | HFC           | TV & Voice            |          26 |          12 |             12 |              24 |
| Mahe        | HFC           | TV Only               |        5963 |        4671 |           4671 |            4784 |
| Mahe        | HFC           | Voice Only            |          98 |          98 |             98 |              98 |
| Mahe        | HFC           | Services Total        |       14409 |        9742 |           9742 |           12321 |
| Mahe        | Network Total | Services Total        |       26763 |       15753 |          15695 |           21919 |
| Praslin     | GPON          | All                   |          34 |           6 |              6 |              18 |
| Praslin     | GPON          | Internet & Voice      |           6 |           3 |              3 |               6 |
| Praslin     | GPON          | Internet Only         |         259 |         258 |            258 |             259 |
| Praslin     | GPON          | OTT Only              |           1 |           1 |              1 |               1 |
| Praslin     | GPON          | TV & Internet         |         769 |         344 |            344 |             711 |
| Praslin     | GPON          | TV & Internet & OTT   |         608 |         181 |            181 |             370 |
| Praslin     | GPON          | TV & Internet & Voice |          17 |           5 |              5 |              17 |
| Praslin     | GPON          | TV & OTT              |          34 |          13 |             13 |              14 |
| Praslin     | GPON          | TV & Voice            |           3 |           1 |              1 |               3 |
| Praslin     | GPON          | TV Only               |         328 |         253 |            253 |             265 |
| Praslin     | GPON          | Services Total        |        2059 |        1065 |           1065 |            1664 |
| Praslin     | HFC           | TV Only               |           1 |           1 |              1 |               1 |
| Praslin     | HFC           | Services Total        |           1 |           1 |              1 |               1 |
| Praslin     | Network Total | Services Total        |        2060 |        1066 |           1066 |            1665 |
| GRAND TOTAL | Network Total | Services Total        |       28825 |       16820 |          16759 |           23586 |
+-------------+---------------+-----------------------+-------------+-------------+----------------+-----------------+
44 rows in set (0.01 sec)

Query OK, 0 rows affected (0.01 sec)

Query OK, 28153 rows affected (0.65 sec)
Records: 28153  Duplicates: 0  Warnings: 0

Query OK, 0 rows affected (0.01 sec)

Query OK, 2346 rows affected (3.62 sec)
Records: 2346  Duplicates: 0  Warnings: 0

+--------------------------------------+
| message                              |
+--------------------------------------+
| running rcbill_my.sp_ActiveNumber2() |
+--------------------------------------+
1 row in set (0.00 sec)

Query OK, 365 rows affected (3 min 8.26 sec)

mysql> mysql \. C:\workspace\cloud\code\sql\_DailyScript\currenttime.sql
+---------------------+
| currenttime         |
+---------------------+
| 2022-01-24 09:44:21 |
+---------------------+
1 row in set (0.01 sec)

mysql> 
mysql> mysql \. C:\workspace\cloud\code\sql\_DailyScript\GetActiveNumbers Average -Pivot.sql
Database changed
+-------------------------------------+
| @today := subdate(current_date(),1) |
+-------------------------------------+
| 2022-01-23                          |
+-------------------------------------+
1 row in set (0.00 sec)

+-------------------------------------+
| @lastdayofmonth := last_day(@today) |
+-------------------------------------+
| 2022-01-31                          |
+-------------------------------------+
1 row in set (0.00 sec)

Query OK, 0 rows affected (0.02 sec)

Query OK, 53270 rows affected, 65535 warnings (1 min 13.24 sec)
Records: 53270  Duplicates: 0  Warnings: 109331

Query OK, 0 rows affected (0.13 sec)
Records: 0  Duplicates: 0  Warnings: 0

Query OK, 0 rows affected (0.16 sec)
Records: 0  Duplicates: 0  Warnings: 0

Query OK, 0 rows affected (0.14 sec)
Records: 0  Duplicates: 0  Warnings: 0

+-----------------+
| activenumberavg |
+-----------------+
|           53270 |
+-----------------+
1 row in set (0.02 sec)

Query OK, 0 rows affected (0.01 sec)

Query OK, 2008 rows affected (0.68 sec)
Records: 2008  Duplicates: 0  Warnings: 0

+---------------------+
| rep_activenumberavg |
+---------------------+
|                2008 |
+---------------------+
1 row in set (0.01 sec)

+----------------------+
| rep_activenumberavg1 |
+----------------------+
|                  933 |
+----------------------+
1 row in set (0.00 sec)

Query OK, 0 rows affected (0.01 sec)

Query OK, 2827 rows affected (0.54 sec)
Records: 2827  Duplicates: 0  Warnings: 0

Query OK, 0 rows affected (0.01 sec)

Query OK, 14658 rows affected (0.98 sec)
Records: 14658  Duplicates: 0  Warnings: 0

Query OK, 0 rows affected (0.01 sec)

Query OK, 254 rows affected (0.31 sec)
Records: 254  Duplicates: 0  Warnings: 0

Query OK, 0 rows affected (0.00 sec)

Query OK, 0 rows affected (0.01 sec)

Query OK, 0 rows affected (0.01 sec)

Query OK, 0 rows affected (0.00 sec)

Query OK, 0 rows affected (0.00 sec)
Statement prepared

Query OK, 53 rows affected (0.06 sec)
Records: 53  Duplicates: 0  Warnings: 0

Query OK, 0 rows affected (0.00 sec)

Query OK, 0 rows affected (0.00 sec)

+----------------------+
| rep_activenumberavg2 |
+----------------------+
|                 2827 |
+----------------------+
1 row in set (0.00 sec)

+------------------------+
| rep_activenumberavg_pv |
+------------------------+
|                     53 |
+------------------------+
1 row in set (0.00 sec)

Query OK, 0 rows affected (0.01 sec)

Query OK, 2824 rows affected (0.44 sec)
Records: 2824  Duplicates: 0  Warnings: 0

Query OK, 0 rows affected (0.00 sec)

Query OK, 0 rows affected (0.01 sec)

Query OK, 0 rows affected (0.01 sec)

Query OK, 0 rows affected (0.00 sec)

Query OK, 0 rows affected (0.00 sec)
Statement prepared

Query OK, 53 rows affected (0.07 sec)
Records: 53  Duplicates: 0  Warnings: 0

Query OK, 0 rows affected (0.00 sec)

Query OK, 0 rows affected (0.00 sec)

+-------------------------+
| rep_activenumberavgMahe |
+-------------------------+
|                    2824 |
+-------------------------+
1 row in set (0.00 sec)

+----------------------------+
| rep_activenumberavgMahe_pv |
+----------------------------+
|                         53 |
+----------------------------+
1 row in set (0.00 sec)

Query OK, 0 rows affected (0.01 sec)

Query OK, 1788 rows affected (0.20 sec)
Records: 1788  Duplicates: 0  Warnings: 0

Query OK, 0 rows affected (0.00 sec)

Query OK, 0 rows affected (0.01 sec)

Query OK, 0 rows affected (0.01 sec)

Query OK, 0 rows affected (0.00 sec)

Query OK, 0 rows affected (0.00 sec)
Statement prepared

Query OK, 41 rows affected (0.05 sec)
Records: 41  Duplicates: 0  Warnings: 0

Query OK, 0 rows affected (0.00 sec)

Query OK, 0 rows affected (0.00 sec)

+----------------------------+
| rep_activenumberavgPraslin |
+----------------------------+
|                       1788 |
+----------------------------+
1 row in set (0.00 sec)

+-------------------------------+
| rep_activenumberavgPraslin_pv |
+-------------------------------+
|                            41 |
+-------------------------------+
1 row in set (0.00 sec)

mysql> mysql \. C:\workspace\cloud\code\sql\_DailyScript\currenttime.sql
+---------------------+
| currenttime         |
+---------------------+
| 2022-01-24 09:45:38 |
+---------------------+
1 row in set (0.00 sec)

mysql> 
mysql> mysql \. C:\workspace\cloud\code\sql\Analysis\clients_contracts_creditpolicy_2.sql
Database changed
Query OK, 0 rows affected (0.01 sec)

Query OK, 1931372 rows affected (1 min 5.11 sec)
Records: 1931372  Duplicates: 0  Warnings: 0

Query OK, 0 rows affected (0.05 sec)

Query OK, 28176 rows affected (1.76 sec)
Records: 28176  Duplicates: 0  Warnings: 0

Query OK, 0 rows affected (0.02 sec)

Query OK, 28253 rows affected (29.94 sec)
Records: 28253  Duplicates: 0  Warnings: 0

+-------------------------+
| rep_cust_cont_creditpol |
+-------------------------+
|                   28253 |
+-------------------------+
1 row in set (0.01 sec)

mysql> mysql \. C:\workspace\cloud\code\sql\_DailyScript\currenttime.sql
+---------------------+
| currenttime         |
+---------------------+
| 2022-01-24 09:47:15 |
+---------------------+
1 row in set (0.00 sec)

mysql> 
mysql> 
mysql> 
mysql> 
mysql> 
mysql> 
mysql> 
mysql> 
mysql> 
mysql> 
mysql> 
mysql> 
mysql> 
mysql> 
mysql> 
mysql> 
mysql> 
mysql> 
mysql> 
mysql> 
mysql> 
mysql> 
mysql> 
mysql> 
mysql> 
mysql> 
mysql> 
mysql> 
mysql> 
mysql> 
mysql> 
mysql> 
mysql> 
mysql> exit
