    -> 
    -> mysql \. C:\workspace\cloud\code\sql\_DailyScript\load_RCB_VODTITLES.sql
Database changed
Query OK, 0 rows affected (0.00 sec)

Query OK, 866 rows affected (0.17 sec)

Query OK, 964 rows affected, 964 warnings (0.03 sec)
Records: 964  Deleted: 0  Skipped: 0  Warnings: 964

Query OK, 0 rows affected (0.00 sec)

Query OK, 2 rows affected (0.00 sec)

+-----------+
| VODTITLES |
+-----------+
|      1423 |
+-----------+
1 row in set (0.00 sec)

mysql> 
mysql> mysql \. C:\workspace\cloud\code\sql\_DailyScript\DAILY-SCRIPT-LIVETV-STATS.sql
Database changed
Query OK, 0 rows affected (0.12 sec)

Query OK, 64238 rows affected (12 min 50.45 sec)
Records: 64238  Duplicates: 0  Warnings: 0

+------------+------------+----------+--------------+-------------+-----------+-------------+----------+--------+------+------------+---------+---------------+
| Table      | Non_unique | Key_name | Seq_in_index | Column_name | Collation | Cardinality | Sub_part | Packed | Null | Index_type | Comment | Index_comment |
+------------+------------+----------+--------------+-------------+-----------+-------------+----------+--------+------+------------+---------+---------------+
| templivetv |          1 | idxtv1   |            1 | device      | A         |       64589 |     NULL | NULL   | YES  | BTREE      |         |               |
+------------+------------+----------+--------------+-------------+-----------+-------------+----------+--------+------+------------+---------+---------------+
1 row in set (0.00 sec)

Query OK, 64065 rows affected (54.67 sec)
Records: 64065  Duplicates: 0  Warnings: 0

Query OK, 2699 rows affected (0.94 sec)
Records: 2699  Duplicates: 0  Warnings: 0

Query OK, 0 rows affected (0.00 sec)

Query OK, 0 rows affected (0.00 sec)

Query OK, 135 rows affected (0.05 sec)
Records: 135  Duplicates: 0  Warnings: 0

Query OK, 0 rows affected (0.26 sec)

Query OK, 35368 rows affected (53.27 sec)
Records: 35368  Duplicates: 0  Warnings: 0

+-----------------+
| rep_livetvstats |
+-----------------+
|           35368 |
+-----------------+
1 row in set (0.03 sec)

mysql> mysql \. C:\workspace\cloud\code\sql\_DailyScript\DAILY-SCRIPT-VODTS-STATS.sql
Database changed
Query OK, 0 rows affected (0.00 sec)

Query OK, 0 rows affected (0.18 sec)

Query OK, 587 rows affected (20.97 sec)
Records: 587  Duplicates: 0  Warnings: 0

+---------+------------+----------+--------------+-------------+-----------+-------------+----------+--------+------+------------+---------+---------------+
| Table   | Non_unique | Key_name | Seq_in_index | Column_name | Collation | Cardinality | Sub_part | Packed | Null | Index_type | Comment | Index_comment |
+---------+------------+----------+--------------+-------------+-----------+-------------+----------+--------+------+------------+---------+---------------+
| tempvod |          1 | idxtv1   |            1 | device      | A         |         510 |     NULL | NULL   | YES  | BTREE      |         |               |
+---------+------------+----------+--------------+-------------+-----------+-------------+----------+--------+------+------------+---------+---------------+
1 row in set (0.00 sec)

Query OK, 585 rows affected (0.45 sec)
Records: 585  Duplicates: 0  Warnings: 0

Query OK, 0 rows affected (0.01 sec)

Query OK, 78439 rows affected (8.42 sec)
Records: 78439  Duplicates: 0  Warnings: 0

+--------------+
| rep_vodstats |
+--------------+
|        78439 |
+--------------+
1 row in set (0.03 sec)

Database changed
Query OK, 0 rows affected (0.37 sec)

Query OK, 12825 rows affected (6 min 8.50 sec)
Records: 12825  Duplicates: 0  Warnings: 0

+--------+------------+----------+--------------+-------------+-----------+-------------+----------+--------+------+------------+---------+---------------+
| Table  | Non_unique | Key_name | Seq_in_index | Column_name | Collation | Cardinality | Sub_part | Packed | Null | Index_type | Comment | Index_comment |
+--------+------------+----------+--------------+-------------+-----------+-------------+----------+--------+------+------------+---------+---------------+
| tempts |          1 | idxtv1   |            1 | device      | A         |       13043 |     NULL | NULL   | YES  | BTREE      |         |               |
+--------+------------+----------+--------------+-------------+-----------+-------------+----------+--------+------+------------+---------+---------------+
1 row in set (0.00 sec)

Query OK, 12821 rows affected (32.68 sec)
Records: 12821  Duplicates: 0  Warnings: 0

Query OK, 0 rows affected (0.12 sec)

Query OK, 10851 rows affected (32.04 sec)
Records: 10851  Duplicates: 0  Warnings: 0

+-------------+
| rep_tsstats |
+-------------+
|       10851 |
+-------------+
1 row in set (0.01 sec)

mysql> mysql \. C:\workspace\cloud\code\sql\_DailyScript\DAILY-SCRIPT-RADIO-STATS.sql
Database changed
Query OK, 0 rows affected (0.03 sec)

Query OK, 78860 rows affected (1.82 sec)
Records: 78860  Duplicates: 0  Warnings: 0

+-----------+------------+----------+--------------+-------------+-----------+-------------+----------+--------+------+------------+---------+---------------+
| Table     | Non_unique | Key_name | Seq_in_index | Column_name | Collation | Cardinality | Sub_part | Packed | Null | Index_type | Comment | Index_comment |
+-----------+------------+----------+--------------+-------------+-----------+-------------+----------+--------+------+------------+---------+---------------+
| tempradio |          1 | idxrad1  |            1 | device      | A         |       78943 |     NULL | NULL   | YES  | BTREE      |         |               |
+-----------+------------+----------+--------------+-------------+-----------+-------------+----------+--------+------+------------+---------+---------------+
1 row in set (0.00 sec)

Query OK, 376 rows affected (3.21 sec)
Records: 376  Duplicates: 0  Warnings: 0

Query OK, 0 rows affected (0.03 sec)

Query OK, 1382 rows affected (0.16 sec)
Records: 1382  Duplicates: 0  Warnings: 0

+----------------+
| rep_radiostats |
+----------------+
|           1382 |
+----------------+
1 row in set (0.00 sec)

mysql> mysql \. C:\workspace\cloud\code\sql\_DailyScript\DAILY_SCRIPT_TELEMETRY_PIVOT.sql
Query OK, 0 rows affected (0.14 sec)

Query OK, 169 rows affected (0.78 sec)
Records: 169  Duplicates: 0  Warnings: 0

Query OK, 0 rows affected (0.23 sec)

Query OK, 847 rows affected (0.65 sec)
Records: 847  Duplicates: 0  Warnings: 0

Query OK, 0 rows affected (0.02 sec)

Query OK, 12 rows affected (0.17 sec)
Records: 12  Duplicates: 0  Warnings: 0

Query OK, 0 rows affected (0.00 sec)

Query OK, 47 rows affected (0.05 sec)
Records: 47  Duplicates: 0  Warnings: 0

mysql> 
mysql> mysql \. C:\workspace\cloud\code\sql\_DailyScript\telemetry_livetv_ranking2018.sql
Query OK, 0 rows affected (0.00 sec)

Query OK, 169 rows affected (0.03 sec)
Records: 169  Duplicates: 0  Warnings: 0

mysql> mysql \. C:\workspace\cloud\code\sql\_DailyScript\telemetry_radio_ranking2018.sql
Query OK, 0 rows affected (0.00 sec)

Query OK, 12 rows affected (0.04 sec)
Records: 12  Duplicates: 0  Warnings: 0

mysql> mysql \. C:\workspace\cloud\code\sql\_DailyScript\telemetry_ts_ranking2018.sql
Query OK, 0 rows affected (0.00 sec)

Query OK, 47 rows affected (0.01 sec)
Records: 47  Duplicates: 0  Warnings: 0

mysql> mysql \. C:\workspace\cloud\code\sql\_DailyScript\telemetry_vod_ranking2018.sql
Query OK, 0 rows affected (0.08 sec)

Query OK, 847 rows affected (0.10 sec)
Records: 847  Duplicates: 0  Warnings: 0

mysql> mysql \. C:\workspace\cloud\code\sql\_DailyScript\telemetry_vod_ranking2018_1.sql
Query OK, 0 rows affected (0.01 sec)

Query OK, 847 rows affected (0.04 sec)
Records: 847  Duplicates: 0  Warnings: 0

mysql> mysql \. C:\workspace\cloud\code\sql\_DailyScript\telemetry_vod_ranking2018_2.sql
Query OK, 0 rows affected (0.01 sec)

Query OK, 847 rows affected (0.03 sec)
Records: 847  Duplicates: 0  Warnings: 0

mysql> 
mysql> mysql \. C:\workspace\cloud\code\sql\_DailyScript\DAILY-SCRIPT-CREATE-LOAD.sql
Database changed
Query OK, 0 rows affected (0.01 sec)

Query OK, 0 rows affected (0.00 sec)

Query OK, 0 rows affected (0.00 sec)

Database changed
Query OK, 0 rows affected (0.12 sec)

Query OK, 0 rows affected (0.97 sec)

Database changed
Query OK, 63964 rows affected (4.90 sec)
Records: 63964  Deleted: 0  Skipped: 0  Warnings: 0

Query OK, 0 rows affected (0.21 sec)
Records: 0  Duplicates: 0  Warnings: 0

Query OK, 0 rows affected (0.37 sec)
Records: 0  Duplicates: 0  Warnings: 0

Query OK, 0 rows affected (0.56 sec)
Records: 0  Duplicates: 0  Warnings: 0

Query OK, 0 rows affected (0.46 sec)
Records: 0  Duplicates: 0  Warnings: 0

Query OK, 0 rows affected (0.03 sec)

Query OK, 81692 rows affected (4.08 sec)
Records: 81692  Duplicates: 0  Warnings: 0

Query OK, 0 rows affected (0.50 sec)
Records: 0  Duplicates: 0  Warnings: 0

Query OK, 0 rows affected (0.07 sec)

Query OK, 63964 rows affected (3.33 sec)
Records: 63964  Duplicates: 0  Warnings: 0

Query OK, 0 rows affected (0.57 sec)
Records: 0  Duplicates: 0  Warnings: 0

Query OK, 0 rows affected (0.29 sec)
Records: 0  Duplicates: 0  Warnings: 0

Query OK, 0 rows affected (0.22 sec)
Records: 0  Duplicates: 0  Warnings: 0

+---------+
| clients |
+---------+
|   63964 |
+---------+
1 row in set (0.02 sec)

+---------------+
| clientaddress |
+---------------+
|         63964 |
+---------------+
1 row in set (0.02 sec)

Database changed
Query OK, 0 rows affected (0.02 sec)

Query OK, 0 rows affected (0.01 sec)

Database changed
Query OK, 445944 rows affected, 65535 warnings (26.31 sec)
Records: 445944  Deleted: 0  Skipped: 0  Warnings: 167413

Query OK, 0 rows affected (2.18 sec)
Records: 0  Duplicates: 0  Warnings: 0

Query OK, 0 rows affected (3.06 sec)
Records: 0  Duplicates: 0  Warnings: 0

Query OK, 0 rows affected (2.37 sec)
Records: 0  Duplicates: 0  Warnings: 0

Query OK, 0 rows affected (0.05 sec)

Query OK, 445944 rows affected (1 min 30.15 sec)
Records: 445944  Duplicates: 0  Warnings: 0

Query OK, 0 rows affected (3.15 sec)
Records: 0  Duplicates: 0  Warnings: 0

Query OK, 0 rows affected (1.65 sec)
Records: 0  Duplicates: 0  Warnings: 0

+-----------+
| contracts |
+-----------+
|    445944 |
+-----------+
1 row in set (1.21 sec)

+-----------------+
| contractaddress |
+-----------------+
|          445944 |
+-----------------+
1 row in set (0.15 sec)

Database changed
Query OK, 0 rows affected (0.01 sec)

Query OK, 0 rows affected (0.03 sec)

Query OK, 6205 rows affected (0.12 sec)
Records: 6205  Deleted: 0  Skipped: 0  Warnings: 0

Query OK, 0 rows affected (0.01 sec)

Query OK, 6175 rows affected (0.43 sec)
Records: 6175  Duplicates: 0  Warnings: 0

Query OK, 0 rows affected (0.04 sec)
Records: 0  Duplicates: 0  Warnings: 0

Query OK, 0 rows affected (0.01 sec)

Query OK, 5090 rows affected (0.24 sec)
Records: 5090  Duplicates: 0  Warnings: 0

Query OK, 0 rows affected (0.03 sec)
Records: 0  Duplicates: 0  Warnings: 0

+-------------------+
| contractdiscounts |
+-------------------+
|              6205 |
+-------------------+
1 row in set (0.00 sec)

+-------------------------+
| clientcontractdiscounts |
+-------------------------+
|                    6175 |
+-------------------------+
1 row in set (0.00 sec)

+----------------------------+
| clientcontractlastdiscount |
+----------------------------+
|                       5090 |
+----------------------------+
1 row in set (0.00 sec)

Database changed
Query OK, 0 rows affected (0.26 sec)

Query OK, 0 rows affected (0.01 sec)

Database changed
Query OK, 122402 rows affected (5.58 sec)
Records: 122402  Deleted: 0  Skipped: 0  Warnings: 0

Query OK, 0 rows affected (0.45 sec)
Records: 0  Duplicates: 0  Warnings: 0

Query OK, 0 rows affected (0.49 sec)
Records: 0  Duplicates: 0  Warnings: 0

Query OK, 0 rows affected (0.38 sec)
Records: 0  Duplicates: 0  Warnings: 0

Query OK, 0 rows affected (0.61 sec)
Records: 0  Duplicates: 0  Warnings: 0

Query OK, 0 rows affected (1.01 sec)
Records: 0  Duplicates: 0  Warnings: 0

Query OK, 0 rows affected (0.57 sec)
Records: 0  Duplicates: 0  Warnings: 0

Query OK, 0 rows affected (0.04 sec)

Query OK, 1517580 rows affected (3 min 52.86 sec)
Records: 1517580  Duplicates: 0  Warnings: 0

+---------+
| devices |
+---------+
|  122402 |
+---------+
1 row in set (0.06 sec)

+-----------------------+
| clientcontractdevices |
+-----------------------+
|               1517580 |
+-----------------------+
1 row in set (0.63 sec)

Query OK, 0 rows affected (0.02 sec)

Query OK, 122233 rows affected (8.03 sec)
Records: 122233  Duplicates: 0  Warnings: 0

+---------------------------+
| rep_clientcontractdevices |
+---------------------------+
|                    122233 |
+---------------------------+
1 row in set (0.04 sec)

Database changed
Query OK, 0 rows affected (0.02 sec)

Query OK, 0 rows affected (0.03 sec)

Query OK, 218430 rows affected (9.50 sec)
Records: 218430  Deleted: 0  Skipped: 0  Warnings: 0

Query OK, 0 rows affected (0.88 sec)
Records: 0  Duplicates: 0  Warnings: 0

Query OK, 0 rows affected (1.08 sec)
Records: 0  Duplicates: 0  Warnings: 0

Query OK, 0 rows affected (0.70 sec)
Records: 0  Duplicates: 0  Warnings: 0

Query OK, 0 rows affected (0.69 sec)
Records: 0  Duplicates: 0  Warnings: 0

+---------+
| tickets |
+---------+
|  218430 |
+---------+
1 row in set (0.07 sec)

Database changed
Query OK, 0 rows affected (0.02 sec)

Query OK, 0 rows affected (0.04 sec)

Query OK, 0 rows affected (0.02 sec)
Records: 0  Duplicates: 0  Warnings: 0

Query OK, 440759 rows affected, 38369 warnings (12.80 sec)
Records: 440759  Deleted: 0  Skipped: 0  Warnings: 38369

+-------------------+
| ticketassignments |
+-------------------+
|            440759 |
+-------------------+
1 row in set (0.15 sec)

Database changed
Query OK, 0 rows affected (0.07 sec)

Query OK, 0 rows affected (0.01 sec)

Query OK, 928917 rows affected (22.89 sec)
Records: 928917  Deleted: 0  Skipped: 0  Warnings: 0

Query OK, 0 rows affected (4.56 sec)
Records: 0  Duplicates: 0  Warnings: 0

Query OK, 0 rows affected (3.46 sec)
Records: 0  Duplicates: 0  Warnings: 0

Query OK, 0 rows affected (2.75 sec)
Records: 0  Duplicates: 0  Warnings: 0

Query OK, 0 rows affected (3.80 sec)
Records: 0  Duplicates: 0  Warnings: 0

+----------------+
| ticketcomments |
+----------------+
|         928917 |
+----------------+
1 row in set (0.42 sec)

Database changed
Query OK, 0 rows affected (0.01 sec)

Query OK, 0 rows affected (0.01 sec)

Query OK, 376548 rows affected (41.60 sec)
Records: 376548  Deleted: 0  Skipped: 0  Warnings: 0

Query OK, 0 rows affected (3.01 sec)
Records: 0  Duplicates: 0  Warnings: 0

+----------+
| comments |
+----------+
|   376548 |
+----------+
1 row in set (0.14 sec)

Database changed
Query OK, 0 rows affected (0.33 sec)

Query OK, 0 rows affected (0.02 sec)

Query OK, 441590 rows affected, 65535 warnings (1 min 0.28 sec)
Records: 441590  Deleted: 0  Skipped: 0  Warnings: 441591

Query OK, 0 rows affected (1.73 sec)
Records: 0  Duplicates: 0  Warnings: 0

Query OK, 0 rows affected (1.91 sec)
Records: 0  Duplicates: 0  Warnings: 0

Query OK, 0 rows affected (1.76 sec)
Records: 0  Duplicates: 0  Warnings: 0

Query OK, 0 rows affected (1.88 sec)
Records: 0  Duplicates: 0  Warnings: 0

Query OK, 0 rows affected (2.19 sec)
Records: 0  Duplicates: 0  Warnings: 0

+------------+
| devicesold |
+------------+
|     441590 |
+------------+
1 row in set (0.15 sec)

Database changed
Query OK, 0 rows affected (0.14 sec)

Query OK, 0 rows affected (0.02 sec)

Query OK, 1511334 rows affected (41.92 sec)
Records: 1511334  Deleted: 0  Skipped: 0  Warnings: 0

Query OK, 0 rows affected (5.42 sec)
Records: 0  Duplicates: 0  Warnings: 0

Query OK, 0 rows affected (6.24 sec)
Records: 0  Duplicates: 0  Warnings: 0

Query OK, 0 rows affected (7.21 sec)
Records: 0  Duplicates: 0  Warnings: 0

+------------------+
| contractservices |
+------------------+
|          1511334 |
+------------------+
1 row in set (0.60 sec)

Database changed
Query OK, 0 rows affected (0.11 sec)

Query OK, 0 rows affected (0.01 sec)

Query OK, 3261858 rows affected (4 min 11.98 sec)
Records: 3261858  Deleted: 0  Skipped: 0  Warnings: 0

Query OK, 0 rows affected (16.52 sec)
Records: 0  Duplicates: 0  Warnings: 0

Query OK, 0 rows affected (15.16 sec)
Records: 0  Duplicates: 0  Warnings: 0

Query OK, 0 rows affected (14.00 sec)
Records: 0  Duplicates: 0  Warnings: 0

Query OK, 0 rows affected (20.03 sec)
Records: 0  Duplicates: 0  Warnings: 0

+------------------+
| invoicescontents |
+------------------+
|          3261858 |
+------------------+
1 row in set (1.17 sec)

Database changed
Query OK, 0 rows affected (0.05 sec)

Query OK, 0 rows affected (0.01 sec)

Query OK, 2216543 rows affected (4 min 7.66 sec)
Records: 2216543  Deleted: 0  Skipped: 0  Warnings: 0

Query OK, 0 rows affected (1 min 8.60 sec)
Records: 0  Duplicates: 0  Warnings: 0

Query OK, 0 rows affected (23.34 sec)
Records: 0  Duplicates: 0  Warnings: 0

Query OK, 0 rows affected (19.23 sec)
Records: 0  Duplicates: 0  Warnings: 0

Query OK, 0 rows affected (21.74 sec)
Records: 0  Duplicates: 0  Warnings: 0

Query OK, 0 rows affected (14.16 sec)
Records: 0  Duplicates: 0  Warnings: 0

+----------------+
| invoicesheader |
+----------------+
|        2216543 |
+----------------+
1 row in set (0.84 sec)

Database changed
Query OK, 0 rows affected (1.06 sec)

Query OK, 0 rows affected (0.02 sec)

Query OK, 2388550 rows affected (1 min 51.92 sec)
Records: 2388550  Deleted: 0  Skipped: 0  Warnings: 0

Query OK, 0 rows affected (9.85 sec)
Records: 0  Duplicates: 0  Warnings: 0

Query OK, 0 rows affected (10.80 sec)
Records: 0  Duplicates: 0  Warnings: 0

Query OK, 0 rows affected (10.77 sec)
Records: 0  Duplicates: 0  Warnings: 0

Query OK, 0 rows affected (8.80 sec)
Records: 0  Duplicates: 0  Warnings: 0

+---------+
| casa    |
+---------+
| 2388550 |
+---------+
1 row in set (0.95 sec)

Database changed
Query OK, 0 rows affected (0.15 sec)

Query OK, 0 rows affected (0.03 sec)

Database changed
Query OK, 36654 rows affected (1.29 sec)
Records: 36654  Deleted: 0  Skipped: 0  Warnings: 0

+-------+
| users |
+-------+
| 36654 |
+-------+
1 row in set (0.02 sec)

Database changed
Query OK, 0 rows affected (0.02 sec)

Query OK, 0 rows affected (0.01 sec)

Database changed
Query OK, 4138797 rows affected (1 min 31.35 sec)
Records: 4138797  Deleted: 0  Skipped: 0  Warnings: 0

+---------+
| ipusage |
+---------+
| 4138797 |
+---------+
1 row in set (2.06 sec)

mysql> mysql \. C:\workspace\cloud\code\sql\_DailyScript\ticket_analysis.sql
Database changed
Query OK, 0 rows affected (0.06 sec)

Query OK, 289908 rows affected (27.19 sec)
Records: 289908  Duplicates: 0  Warnings: 0

Query OK, 0 rows affected (1.67 sec)
Records: 0  Duplicates: 0  Warnings: 0

Query OK, 0 rows affected (0.81 sec)
Records: 0  Duplicates: 0  Warnings: 0

Query OK, 0 rows affected (1.18 sec)
Records: 0  Duplicates: 0  Warnings: 0

Query OK, 0 rows affected (0.36 sec)

Query OK, 11280 rows affected (6.28 sec)
Records: 11280  Duplicates: 0  Warnings: 0

Query OK, 0 rows affected, 1 warning (0.00 sec)

Query OK, 39545 rows affected (3.96 sec)
Records: 39545  Duplicates: 0  Warnings: 0

Query OK, 0 rows affected, 1 warning (0.00 sec)

Query OK, 203620 rows affected (9.04 sec)
Records: 203620  Duplicates: 0  Warnings: 0

Query OK, 0 rows affected, 1 warning (0.00 sec)

Query OK, 203620 rows affected (9.52 sec)
Records: 203620  Duplicates: 0  Warnings: 0

Query OK, 0 rows affected (0.02 sec)

Query OK, 39581 rows affected (3.30 sec)
Records: 39581  Duplicates: 0  Warnings: 0

Query OK, 0 rows affected (0.03 sec)

Query OK, 67 rows affected (0.07 sec)
Records: 67  Duplicates: 0  Warnings: 0

mysql> mysql \. C:\workspace\cloud\code\sql\_DailyScript\load_DailyCalls.sql
Database changed
Query OK, 0 rows affected (0.00 sec)

Query OK, 0 rows affected (0.00 sec)

ERROR 2 (HY000): File 'C:\ProgramData\MySQL\MySQL Server 5.7\Uploads\CC\distribution_detail-CC-04092018.csv' not found (Errcode: 2 - No such file or directory)
Query OK, 0 rows affected, 1 warning (0.00 sec)

Query OK, 0 rows affected (0.20 sec)
Records: 0  Duplicates: 0  Warnings: 0

Query OK, 0 rows affected, 1 warning (0.00 sec)

Query OK, 64787 rows affected (1.47 sec)
Records: 64787  Duplicates: 0  Warnings: 0

Query OK, 0 rows affected (0.00 sec)
Records: 0  Duplicates: 0  Warnings: 0

Query OK, 0 rows affected (0.01 sec)

Query OK, 0 rows affected (16.63 sec)
Records: 0  Duplicates: 0  Warnings: 0

Query OK, 0 rows affected (0.37 sec)

Query OK, 10809 rows affected (1.61 sec)
Records: 10809  Duplicates: 0  Warnings: 0

+-----------+
| callstats |
+-----------+
|     10809 |
+-----------+
1 row in set (0.00 sec)

mysql> 
mysql> mysql \. C:\workspace\cloud\code\sql\_DailyScript\DAILY-SCRIPT-USAGE.sql
Database changed
Query OK, 0 rows affected (0.00 sec)

Query OK, 0 rows affected (0.00 sec)

Query OK, 0 rows affected (0.00 sec)

Query OK, 2906 rows affected, 8395 warnings (1.48 sec)
Records: 2906  Deleted: 0  Skipped: 0  Warnings: 8395

Query OK, 0 rows affected (0.00 sec)

Query OK, 5941 rows affected, 17047 warnings (2.31 sec)
Records: 5941  Deleted: 0  Skipped: 0  Warnings: 17047

Query OK, 0 rows affected (0.00 sec)

Query OK, 83 rows affected, 297 warnings (0.03 sec)
Records: 83  Deleted: 0  Skipped: 0  Warnings: 297

Query OK, 0 rows affected (0.00 sec)

Query OK, 516 rows affected, 1774 warnings (0.43 sec)
Records: 516  Deleted: 0  Skipped: 0  Warnings: 1774

+------------+
| dailyusage |
+------------+
|    2522409 |
+------------+
1 row in set (6.89 sec)

+------------+------------+------------+---------+
| datestart  | dateend    | insertedon | records |
+------------+------------+------------+---------+
| 2018-09-03 | 2018-09-03 | 2018-09-04 |    9446 |
| 2018-09-02 | 2018-09-02 | 2018-09-03 |    8975 |
| 2018-09-01 | 2018-09-01 | 2018-09-02 |    9112 |
| 2018-08-31 | 2018-08-31 | 2018-09-01 |    9123 |
| 2018-08-30 | 2018-08-30 | 2018-08-31 |    9190 |
+------------+------------+------------+---------+
5 rows in set (1 min 21.30 sec)

mysql> mysql \. C:\workspace\cloud\code\sql\_DailyScript\DAILY-SCRIPT-SALES-TELEMETRY.sql
Database changed
Query OK, 213 rows affected, 133 warnings (0.44 sec)
Records: 213  Deleted: 0  Skipped: 0  Warnings: 133

+------------+
| dailysales |
+------------+
|     119212 |
+------------+
1 row in set (1.87 sec)

Query OK, 0 rows affected (0.49 sec)

Query OK, 119212 rows affected (15.53 sec)
Records: 119212  Duplicates: 0  Warnings: 0

+--------+
| sales  |
+--------+
| 119212 |
+--------+
1 row in set (0.07 sec)

Query OK, 0 rows affected (0.00 sec)

Query OK, 2072 rows affected (0.52 sec)
Records: 2072  Duplicates: 0  Warnings: 0

+-----------+
| saleslist |
+-----------+
|      2072 |
+-----------+
1 row in set (0.00 sec)

Database changed
Query OK, 8 rows affected (0.16 sec)
Records: 8  Deleted: 0  Skipped: 0  Warnings: 0

+------------------+
| dailysinglesales |
+------------------+
|             4641 |
+------------------+
1 row in set (0.02 sec)

Database changed
Query OK, 18 rows affected (0.09 sec)
Records: 18  Deleted: 0  Skipped: 0  Warnings: 0

+-----------------+
| dailyaddonsales |
+-----------------+
|           12304 |
+-----------------+
1 row in set (0.93 sec)

Query OK, 90 rows affected (0.14 sec)
Records: 90  Deleted: 0  Skipped: 0  Warnings: 0

+----------------+
| onlinepayments |
+----------------+
|          30226 |
+----------------+
1 row in set (0.08 sec)

+-------------+----------------+---------------------+
| paymentdate | onlinepayments | onlinepaymentamount |
+-------------+----------------+---------------------+
| 2018-09-03  |             90 |         51823.68000 |
| 2018-09-02  |            115 |         78151.14000 |
| 2018-09-01  |            125 |         91023.32000 |
| 2018-08-31  |             99 |         57810.00000 |
| 2018-08-30  |             93 |         48238.25000 |
+-------------+----------------+---------------------+
5 rows in set (1.37 sec)

+-------------+--------------+----------------+---------------------+
| paymentyear | paymentmonth | onlinepayments | onlinepaymentamount |
+-------------+--------------+----------------+---------------------+
|        2018 |            9 |            330 |        220998.14000 |
|        2018 |            8 |           2677 |       1480347.51000 |
|        2018 |            7 |           2521 |       1406138.40000 |
|        2018 |            6 |           2465 |       1394365.47000 |
|        2018 |            5 |           2330 |       1252012.49000 |
+-------------+--------------+----------------+---------------------+
5 rows in set (0.03 sec)

mysql> 
mysql> mysql \. C:\workspace\cloud\code\sql\_DailyScript\DAILY-SCRIPT-ACTIVENUMBERS.sql
Database changed
Query OK, 0 rows affected (0.00 sec)

Query OK, 1323 rows affected (1.69 sec)
Records: 1323  Deleted: 0  Skipped: 0  Warnings: 0

Query OK, 0 rows affected (0.02 sec)

Query OK, 87 rows affected (1.84 sec)
Records: 87  Duplicates: 0  Warnings: 0

+------------+----------+
| period     | count(1) |
+------------+----------+
| 2018-09-03 |     1323 |
| 2018-09-02 |     1323 |
| 2018-09-01 |     1324 |
| 2018-08-31 |     1326 |
| 2018-08-30 |     1321 |
+------------+----------+
5 rows in set (0.01 sec)

Database changed
Query OK, 0 rows affected (0.00 sec)

Query OK, 0 rows affected (0.00 sec)

Query OK, 0 rows affected (0.00 sec)

Query OK, 0 rows affected (0.00 sec)

Query OK, 26595 rows affected, 258 warnings (2 min 6.61 sec)
Records: 26595  Deleted: 0  Skipped: 0  Warnings: 258

+------------+----------+
| period     | count(1) |
+------------+----------+
| 2018-09-03 |    26595 |
| 2018-09-02 |    26467 |
| 2018-09-01 |    26691 |
| 2018-08-31 |    26745 |
| 2018-08-30 |    26661 |
+------------+----------+
5 rows in set (0.10 sec)

Query OK, 0 rows affected (0.17 sec)

Query OK, 25934 rows affected (2 min 35.13 sec)
Records: 25934  Duplicates: 0  Warnings: 0

Query OK, 0 rows affected (0.35 sec)
Records: 0  Duplicates: 0  Warnings: 0

Query OK, 0 rows affected (0.33 sec)
Records: 0  Duplicates: 0  Warnings: 0

Query OK, 0 rows affected (0.38 sec)
Records: 0  Duplicates: 0  Warnings: 0

Query OK, 0 rows affected (0.21 sec)
Records: 0  Duplicates: 0  Warnings: 0

Query OK, 0 rows affected (0.11 sec)
Records: 0  Duplicates: 0  Warnings: 0

Query OK, 0 rows affected (0.43 sec)
Records: 0  Duplicates: 0  Warnings: 0

+----------+
| count(1) |
+----------+
| 19486842 |
+----------+
1 row in set (57.57 sec)

Query OK, 25934 rows affected (1 min 7.36 sec)
Records: 25934  Duplicates: 0  Warnings: 0

+----------+
| count(1) |
+----------+
| 19512776 |
+----------+
1 row in set (12.45 sec)

+------------+--------------------------+
| period     | customercontractactivity |
+------------+--------------------------+
| 2018-09-03 |                    25934 |
| 2018-09-02 |                    25807 |
| 2018-09-01 |                    26031 |
| 2018-08-31 |                    26085 |
| 2018-08-30 |                    26002 |
+------------+--------------------------+
5 rows in set (0.07 sec)

Query OK, 0 rows affected (0.14 sec)

Query OK, 181951 rows affected (10 min 19.46 sec)
Records: 181951  Duplicates: 0  Warnings: 0

Query OK, 0 rows affected (0.02 sec)

Query OK, 246 rows affected (0.69 sec)
Records: 246  Duplicates: 0  Warnings: 0

Query OK, 0 rows affected (0.01 sec)

Query OK, 2312 rows affected (0.64 sec)
Records: 2312  Duplicates: 0  Warnings: 0

Query OK, 0 rows affected (0.02 sec)

Query OK, 25927 rows affected (0.85 sec)
Records: 25927  Duplicates: 0  Warnings: 0

Query OK, 0 rows affected (0.02 sec)

Query OK, 17107 rows affected (0.62 sec)
Records: 17107  Duplicates: 0  Warnings: 0

Query OK, 0 rows affected (0.01 sec)

Query OK, 17107 rows affected (0.52 sec)
Records: 17107  Duplicates: 0  Warnings: 0

Query OK, 0 rows affected (0.03 sec)

Query OK, 17107 rows affected (2.11 sec)
Records: 17107  Duplicates: 0  Warnings: 0

Query OK, 0 rows affected (0.02 sec)

Query OK, 17107 rows affected (58.77 sec)
Records: 17107  Duplicates: 0  Warnings: 0

+-------------+
| clientstats |
+-------------+
|       17107 |
+-------------+
1 row in set (0.03 sec)

Query OK, 0 rows affected (0.15 sec)

Query OK, 8 rows affected, 1 warning (0.27 sec)
Records: 8  Duplicates: 0  Warnings: 1

+------------------+-------------+-------------+----------------+-----------------+
| services         | activecount | allaccounts | uniqueaccounts | uniquecontracts |
+------------------+-------------+-------------+----------------+-----------------+
| All              |         665 |         184 |            184 |             572 |
| Internet & Voice |         495 |         231 |            231 |             456 |
| Internet Only    |        4150 |        4015 |           4006 |            4091 |
| TV & Internet    |        9930 |        4194 |           4190 |            8558 |
| TV & Voice       |         122 |          48 |             48 |              98 |
| TV Only          |       11070 |        8211 |           8202 |            8417 |
| Voice Only       |         225 |         224 |            224 |             225 |
| GRAND TOTAL      |       26657 |       17107 |          17055 |           22417 |
+------------------+-------------+-------------+----------------+-----------------+
8 rows in set (0.00 sec)

+-------------+-------------+-------------+----------------+-----------------+
| network     | activecount | allaccounts | uniqueaccounts | uniquecontracts |
+-------------+-------------+-------------+----------------+-----------------+
| ADDON       |           7 |           3 |              3 |               3 |
| GPON        |        5689 |        2920 |           2920 |            4427 |
| HFC         |       20961 |       14184 |          14184 |           17987 |
| GRAND TOTAL |       26657 |       17107 |          17055 |           22417 |
+-------------+-------------+-------------+----------------+-----------------+
4 rows in set, 1 warning (0.12 sec)

+-------------+------------------+-------------+-------------+----------------+-----------------+
| network     | services         | activecount | allaccounts | uniqueaccounts | uniquecontracts |
+-------------+------------------+-------------+-------------+----------------+-----------------+
| ADDON       | TV Only          |           7 |           3 |              3 |               3 |
| ADDON       | Services Total   |           7 |           3 |              3 |               3 |
| GPON        | All              |         128 |          34 |             34 |             106 |
| GPON        | Internet & Voice |          48 |          18 |             18 |              38 |
| GPON        | Internet Only    |         701 |         623 |            623 |             643 |
| GPON        | TV & Internet    |        3184 |        1255 |           1255 |            2594 |
| GPON        | TV & Voice       |          34 |          14 |             14 |              29 |
| GPON        | TV Only          |        1585 |         967 |            967 |            1008 |
| GPON        | Voice Only       |           9 |           9 |              9 |               9 |
| GPON        | Services Total   |        5689 |        2920 |           2920 |            4427 |
| HFC         | All              |         537 |         150 |            150 |             466 |
| HFC         | Internet & Voice |         447 |         213 |            213 |             418 |
| HFC         | Internet Only    |        3449 |        3392 |           3392 |            3448 |
| HFC         | TV & Internet    |        6746 |        2939 |           2939 |            5964 |
| HFC         | TV & Voice       |          88 |          34 |             34 |              69 |
| HFC         | TV Only          |        9478 |        7241 |           7241 |            7406 |
| HFC         | Voice Only       |         216 |         215 |            215 |             216 |
| HFC         | Services Total   |       20961 |       14184 |          14184 |           17987 |
| GRAND TOTAL | Services Total   |       26657 |       17107 |          17055 |           22417 |
+-------------+------------------+-------------+-------------+----------------+-----------------+
19 rows in set, 2 warnings (0.15 sec)

Query OK, 0 rows affected (0.00 sec)

Query OK, 32 rows affected, 3 warnings (0.22 sec)
Records: 32  Duplicates: 0  Warnings: 3

+-------------+---------------+------------------+-------------+-------------+----------------+-----------------+
| region      | network       | services         | activecount | allaccounts | uniqueaccounts | uniquecontracts |
+-------------+---------------+------------------+-------------+-------------+----------------+-----------------+
| Mahe        | ADDON         | TV Only          |           6 |           2 |              2 |               2 |
| Mahe        | ADDON         | Services Total   |           6 |           2 |              2 |               2 |
| Mahe        | GPON          | All              |          95 |          25 |             25 |              76 |
| Mahe        | GPON          | Internet & Voice |          42 |          15 |             15 |              32 |
| Mahe        | GPON          | Internet Only    |         517 |         440 |            440 |             459 |
| Mahe        | GPON          | TV & Internet    |        2000 |         773 |            773 |            1593 |
| Mahe        | GPON          | TV & Voice       |          34 |          14 |             14 |              29 |
| Mahe        | GPON          | TV Only          |        1113 |         645 |            645 |             665 |
| Mahe        | GPON          | Voice Only       |           5 |           5 |              5 |               5 |
| Mahe        | GPON          | Services Total   |        3806 |        1917 |           1917 |            2859 |
| Mahe        | HFC           | All              |         537 |         150 |            150 |             466 |
| Mahe        | HFC           | Internet & Voice |         447 |         213 |            213 |             418 |
| Mahe        | HFC           | Internet Only    |        3449 |        3392 |           3392 |            3448 |
| Mahe        | HFC           | TV & Internet    |        6746 |        2939 |           2939 |            5964 |
| Mahe        | HFC           | TV & Voice       |          88 |          34 |             34 |              69 |
| Mahe        | HFC           | TV Only          |        9476 |        7240 |           7240 |            7405 |
| Mahe        | HFC           | Voice Only       |         216 |         215 |            215 |             216 |
| Mahe        | HFC           | Services Total   |       20959 |       14183 |          14183 |           17986 |
| Mahe        | Network Total | Services Total   |       24771 |       16102 |          16051 |           20847 |
| Praslin     | ADDON         | TV Only          |           1 |           1 |              1 |               1 |
| Praslin     | ADDON         | Services Total   |           1 |           1 |              1 |               1 |
| Praslin     | GPON          | All              |          33 |           9 |              9 |              30 |
| Praslin     | GPON          | Internet & Voice |           6 |           3 |              3 |               6 |
| Praslin     | GPON          | Internet Only    |         184 |         183 |            183 |             184 |
| Praslin     | GPON          | TV & Internet    |        1184 |         482 |            482 |            1001 |
| Praslin     | GPON          | TV Only          |         472 |         322 |            322 |             343 |
| Praslin     | GPON          | Voice Only       |           4 |           4 |              4 |               4 |
| Praslin     | GPON          | Services Total   |        1883 |        1003 |           1003 |            1568 |
| Praslin     | HFC           | TV Only          |           2 |           1 |              1 |               1 |
| Praslin     | HFC           | Services Total   |           2 |           1 |              1 |               1 |
| Praslin     | Network Total | Services Total   |        1886 |        1005 |           1004 |            1570 |
| GRAND TOTAL | Network Total | Services Total   |       26657 |       17107 |          17055 |           22417 |
+-------------+---------------+------------------+-------------+-------------+----------------+-----------------+
32 rows in set (0.00 sec)

Query OK, 0 rows affected (0.01 sec)

Query OK, 25928 rows affected (0.95 sec)
Records: 25928  Duplicates: 0  Warnings: 0

Query OK, 0 rows affected (0.00 sec)

Query OK, 1550 rows affected (3.44 sec)
Records: 1550  Duplicates: 0  Warnings: 0

Query OK, 856 rows affected (2 min 3.73 sec)

Query OK, 0 rows affected (0.00 sec)

Query OK, 400 rows affected (18 min 37.30 sec)
Records: 400  Duplicates: 0  Warnings: 0

+---------------------------+
| retentioncustomeractivity |
+---------------------------+
|                       400 |
+---------------------------+
1 row in set (0.01 sec)

mysql> 
mysql> 
mysql> mysql \. C:\workspace\cloud\code\sql\_DailyScript\reports-sales-addons-prepaid-camera.sql
Database changed
Query OK, 0 rows affected (0.03 sec)

Query OK, 2798 rows affected (0.18 sec)
Records: 2798  Duplicates: 0  Warnings: 0

Query OK, 0 rows affected (0.03 sec)

Query OK, 12313 rows affected (17.57 sec)
Records: 12313  Duplicates: 0  Warnings: 0

+--------------------+
| rep_prepaid_camera |
+--------------------+
|               2798 |
+--------------------+
1 row in set (0.00 sec)

+-----------+
| rep_addon |
+-----------+
|     12313 |
+-----------+
1 row in set (0.01 sec)

mysql> mysql \. C:\workspace\cloud\code\sql\_DailyScript\housing-estate-analysis.sql
Database changed
Query OK, 0 rows affected (0.01 sec)

Query OK, 2619 rows affected (17.09 sec)
Records: 2619  Duplicates: 0  Warnings: 0

+--------------------+
| rep_housingestates |
+--------------------+
|               2619 |
+--------------------+
1 row in set (0.00 sec)

mysql> 
mysql> mysql \. C:\workspace\cloud\code\sql\_DailyScript\sales-to-activenumber.sql
Database changed
Query OK, 0 rows affected (0.01 sec)

Query OK, 10224 rows affected (19 min 35.23 sec)
Records: 10224  Duplicates: 0  Warnings: 0

Query OK, 0 rows affected (0.06 sec)

Query OK, 30544 rows affected (19 min 44.99 sec)
Records: 30544  Duplicates: 0  Warnings: 0

mysql> mysql \. C:\workspace\cloud\code\sql\_DailyScript\RCB_ClientAnalyticsReport_Script.sql
Database changed
Query OK, 0 rows affected (0.00 sec)

Query OK, 0 rows affected (0.28 sec)

Query OK, 1514564 rows affected (2 min 56.27 sec)
Records: 1514564  Duplicates: 0  Warnings: 0

Query OK, 0 rows affected (7.59 sec)
Records: 0  Duplicates: 0  Warnings: 0

Query OK, 0 rows affected (6.34 sec)
Records: 0  Duplicates: 0  Warnings: 0

Query OK, 0 rows affected (12.86 sec)
Records: 0  Duplicates: 0  Warnings: 0

Query OK, 0 rows affected (11.01 sec)
Records: 0  Duplicates: 0  Warnings: 0

Query OK, 0 rows affected (10.81 sec)
Records: 0  Duplicates: 0  Warnings: 0

Query OK, 0 rows affected (11.68 sec)
Records: 0  Duplicates: 0  Warnings: 0

Query OK, 0 rows affected (0.00 sec)

Query OK, 406065 rows affected (32.83 sec)
Rows matched: 1514564  Changed: 406065  Warnings: 0

Query OK, 0 rows affected (0.02 sec)

Query OK, 26910 rows affected (2.84 sec)
Records: 26910  Duplicates: 0  Warnings: 0

Query OK, 0 rows affected (0.01 sec)

Query OK, 40936 rows affected (11 min 50.57 sec)
Records: 40936  Duplicates: 0  Warnings: 0

Query OK, 0 rows affected (0.42 sec)
Records: 0  Duplicates: 0  Warnings: 0

Query OK, 0 rows affected (0.17 sec)
Records: 0  Duplicates: 0  Warnings: 0

Query OK, 0 rows affected (0.11 sec)
Records: 0  Duplicates: 0  Warnings: 0

Query OK, 0 rows affected (0.12 sec)

Query OK, 384642 rows affected (7 min 0.62 sec)
Records: 384642  Duplicates: 0  Warnings: 0

Query OK, 0 rows affected (1.85 sec)
Records: 0  Duplicates: 0  Warnings: 0

Query OK, 0 rows affected (2.20 sec)
Records: 0  Duplicates: 0  Warnings: 0

Query OK, 0 rows affected (1.09 sec)
Records: 0  Duplicates: 0  Warnings: 0

Query OK, 0 rows affected (2.51 sec)
Records: 0  Duplicates: 0  Warnings: 0

Query OK, 0 rows affected (1.67 sec)
Records: 0  Duplicates: 0  Warnings: 0

Query OK, 0 rows affected (0.01 sec)

Query OK, 40936 rows affected (1 min 24.41 sec)
Records: 40936  Duplicates: 0  Warnings: 0

+--------------+
| clientreport |
+--------------+
|        40936 |
+--------------+
1 row in set (0.02 sec)

Query OK, 0 rows affected (0.08 sec)

Query OK, 40936 rows affected (10.27 sec)
Records: 40936  Duplicates: 0  Warnings: 0

+----------------------+
| clientextendedreport |
+----------------------+
|                40936 |
+----------------------+
1 row in set (0.02 sec)

Query OK, 0 rows affected (0.02 sec)

Query OK, 40936 rows affected (48.51 sec)
Records: 40936  Duplicates: 0  Warnings: 0

+---------+
| allcust |
+---------+
|   40936 |
+---------+
1 row in set (0.02 sec)

Query OK, 0 rows affected, 1 warning (0.01 sec)

Query OK, 5000 rows affected (0.90 sec)
Records: 5000  Duplicates: 0  Warnings: 0

Query OK, 0 rows affected (0.04 sec)

Query OK, 7094 rows affected (1.92 sec)
Records: 7094  Duplicates: 0  Warnings: 0

Query OK, 0 rows affected, 1 warning (0.01 sec)

Query OK, 5000 rows affected (0.25 sec)
Records: 5000  Duplicates: 0  Warnings: 0

Query OK, 0 rows affected (0.01 sec)

Query OK, 7435 rows affected (1.13 sec)
Records: 7435  Duplicates: 0  Warnings: 0

mysql> 
mysql> 
mysql> exit
