    -> 
    -> mysql \. C:\workspace\cloud\code\sql\_DailyScript\_setdates.sql
Database changed
Query OK, 0 rows affected (0.01 sec)

Query OK, 0 rows affected (0.00 sec)

Query OK, 0 rows affected (0.00 sec)

Query OK, 0 rows affected (0.00 sec)

Query OK, 0 rows affected (0.00 sec)

Query OK, 0 rows affected (0.00 sec)

Query OK, 0 rows affected (0.00 sec)

Query OK, 0 rows affected (0.00 sec)

Query OK, 0 rows affected (0.00 sec)

Query OK, 0 rows affected (0.00 sec)

Query OK, 0 rows affected (0.00 sec)

Query OK, 0 rows affected (0.00 sec)

Query OK, 0 rows affected (0.00 sec)

Query OK, 0 rows affected (0.00 sec)

Query OK, 0 rows affected (0.00 sec)

Query OK, 0 rows affected (0.00 sec)

Query OK, 0 rows affected (0.00 sec)

Query OK, 0 rows affected (0.00 sec)

Query OK, 0 rows affected (0.00 sec)

Query OK, 0 rows affected (0.00 sec)

Query OK, 0 rows affected (0.00 sec)

mysql> mysql \. C:\workspace\cloud\code\sql\_DailyScript\currenttime.sql
+---------------------+
| currenttime         |
+---------------------+
| 2021-02-19 08:54:39 |
+---------------------+
1 row in set (0.00 sec)

mysql> 
mysql> mysql \. C:\workspace\cloud\code\sql\_DailyScript\load_RCB_VODTITLES.sql
Database changed
Query OK, 0 rows affected (0.00 sec)

Query OK, 13756 rows affected (0.17 sec)

Query OK, 13758 rows affected, 13758 warnings (0.34 sec)
Records: 13758  Deleted: 0  Skipped: 0  Warnings: 13758

Query OK, 0 rows affected (0.00 sec)

Query OK, 2 rows affected (0.01 sec)

+-----------+
| VODTITLES |
+-----------+
|     14216 |
+-----------+
1 row in set (0.02 sec)

+-----------+-----------+
| titletype | typecount |
+-----------+-----------+
| E         |     11498 |
| N         |       252 |
| T         |      2006 |
| NULL      |     13756 |
+-----------+-----------+
4 rows in set (0.03 sec)

mysql> mysql \. C:\workspace\cloud\code\sql\_DailyScript\currenttime.sql
+---------------------+
| currenttime         |
+---------------------+
| 2021-02-19 08:54:39 |
+---------------------+
1 row in set (0.00 sec)

mysql> 
mysql> mysql \. C:\workspace\cloud\code\sql\_DailyScript\DAILY-SCRIPT-LIVETV-STATS.sql
Database changed
Query OK, 0 rows affected (0.02 sec)

Query OK, 109031 rows affected (1.25 sec)
Records: 109031  Duplicates: 0  Warnings: 0

+------------+------------+----------+--------------+--------------+-----------+-------------+----------+--------+------+------------+---------+---------------+
| Table      | Non_unique | Key_name | Seq_in_index | Column_name  | Collation | Cardinality | Sub_part | Packed | Null | Index_type | Comment | Index_comment |
+------------+------------+----------+--------------+--------------+-----------+-------------+----------+--------+------+------------+---------+---------------+
| templivetv |          1 | idxtv1   |            1 | device       | A         |      109526 |     NULL | NULL   | YES  | BTREE      |         |               |
| templivetv |          1 | idxtv2   |            1 | sessionstart | A         |      109526 |     NULL | NULL   | YES  | BTREE      |         |               |
+------------+------------+----------+--------------+--------------+-----------+-------------+----------+--------+------+------------+---------+---------------+
2 rows in set (0.00 sec)

Query OK, 109218 rows affected (15.27 sec)
Records: 109218  Duplicates: 0  Warnings: 0

Query OK, 2626 rows affected (0.75 sec)
Records: 2626  Duplicates: 0  Warnings: 0

Query OK, 0 rows affected (0.00 sec)

Query OK, 0 rows affected (0.00 sec)

Query OK, 127 rows affected (0.04 sec)
Records: 127  Duplicates: 0  Warnings: 0

Query OK, 0 rows affected (0.01 sec)

Query OK, 55191 rows affected (3 min 35.25 sec)
Records: 55191  Duplicates: 0  Warnings: 0

+-----------------+
| rep_livetvstats |
+-----------------+
|           55191 |
+-----------------+
1 row in set (0.03 sec)

mysql> mysql \. C:\workspace\cloud\code\sql\_DailyScript\currenttime.sql
+---------------------+
| currenttime         |
+---------------------+
| 2021-02-19 08:58:32 |
+---------------------+
1 row in set (0.00 sec)

mysql> 
mysql> mysql \. C:\workspace\cloud\code\sql\_DailyScript\DAILY-SCRIPT-VODTS-STATS.sql
Database changed
Query OK, 0 rows affected (0.01 sec)

Query OK, 5514 rows affected (19.56 sec)
Records: 5514  Duplicates: 0  Warnings: 0

+---------+------------+----------+--------------+--------------+-----------+-------------+----------+--------+------+------------+---------+---------------+
| Table   | Non_unique | Key_name | Seq_in_index | Column_name  | Collation | Cardinality | Sub_part | Packed | Null | Index_type | Comment | Index_comment |
+---------+------------+----------+--------------+--------------+-----------+-------------+----------+--------+------+------------+---------+---------------+
| tempvod |          1 | idxtvod1 |            1 | device       | A         |        5636 |     NULL | NULL   | YES  | BTREE      |         |               |
| tempvod |          1 | idxtvod2 |            1 | sessionstart | A         |        5636 |     NULL | NULL   | YES  | BTREE      |         |               |
+---------+------------+----------+--------------+--------------+-----------+-------------+----------+--------+------+------------+---------+---------------+
2 rows in set (0.00 sec)

Query OK, 5529 rows affected (3.08 sec)
Records: 5529  Duplicates: 0  Warnings: 0

Query OK, 0 rows affected (0.01 sec)

Query OK, 1027378 rows affected (1 min 23.92 sec)
Records: 1027378  Duplicates: 0  Warnings: 0

+--------------+
| rep_vodstats |
+--------------+
|      1027378 |
+--------------+
1 row in set (0.30 sec)

Database changed
Query OK, 0 rows affected (0.01 sec)

Query OK, 22539 rows affected (45.01 sec)
Records: 22539  Duplicates: 0  Warnings: 0

+--------+------------+----------+--------------+--------------+-----------+-------------+----------+--------+------+------------+---------+---------------+
| Table  | Non_unique | Key_name | Seq_in_index | Column_name  | Collation | Cardinality | Sub_part | Packed | Null | Index_type | Comment | Index_comment |
+--------+------------+----------+--------------+--------------+-----------+-------------+----------+--------+------+------------+---------+---------------+
| tempts |          1 | idxtts1  |            1 | device       | A         |       22703 |     NULL | NULL   | YES  | BTREE      |         |               |
| tempts |          1 | idxtts2  |            1 | sessionstart | A         |       22703 |     NULL | NULL   | YES  | BTREE      |         |               |
+--------+------------+----------+--------------+--------------+-----------+-------------+----------+--------+------+------------+---------+---------------+
2 rows in set (0.00 sec)

Query OK, 22536 rows affected (13.34 sec)
Records: 22536  Duplicates: 0  Warnings: 0

Query OK, 0 rows affected (0.01 sec)

Query OK, 44553 rows affected (44.98 sec)
Records: 44553  Duplicates: 0  Warnings: 0

+-------------+
| rep_tsstats |
+-------------+
|       44553 |
+-------------+
1 row in set (0.02 sec)

mysql> mysql \. C:\workspace\cloud\code\sql\_DailyScript\currenttime.sql
+---------------------+
| currenttime         |
+---------------------+
| 2021-02-19 09:02:02 |
+---------------------+
1 row in set (0.00 sec)

mysql> 
mysql> mysql \. C:\workspace\cloud\code\sql\_DailyScript\DAILY-SCRIPT-RADIO-STATS.sql
Database changed
Query OK, 0 rows affected (0.04 sec)

Query OK, 362007 rows affected (3.98 sec)
Records: 362007  Duplicates: 0  Warnings: 0

+-----------+------------+----------+--------------+--------------+-----------+-------------+----------+--------+------+------------+---------+---------------+
| Table     | Non_unique | Key_name | Seq_in_index | Column_name  | Collation | Cardinality | Sub_part | Packed | Null | Index_type | Comment | Index_comment |
+-----------+------------+----------+--------------+--------------+-----------+-------------+----------+--------+------+------------+---------+---------------+
| tempradio |          1 | idxtrad1 |            1 | device       | A         |      363571 |     NULL | NULL   | YES  | BTREE      |         |               |
| tempradio |          1 | idxtrad2 |            1 | sessionstart | A         |      363571 |     NULL | NULL   | YES  | BTREE      |         |               |
+-----------+------------+----------+--------------+--------------+-----------+-------------+----------+--------+------+------------+---------+---------------+
2 rows in set (0.00 sec)

Query OK, 245 rows affected (1.50 sec)
Records: 245  Duplicates: 0  Warnings: 0

Query OK, 0 rows affected (0.01 sec)

Query OK, 5963 rows affected (0.50 sec)
Records: 5963  Duplicates: 0  Warnings: 0

+----------------+
| rep_radiostats |
+----------------+
|           5963 |
+----------------+
1 row in set (0.00 sec)

mysql> mysql \. C:\workspace\cloud\code\sql\_DailyScript\currenttime.sql
+---------------------+
| currenttime         |
+---------------------+
| 2021-02-19 09:02:08 |
+---------------------+
1 row in set (0.00 sec)

mysql> 
mysql> mysql \. C:\workspace\cloud\code\sql\_DailyScript\DAILY_SCRIPT_TELEMETRY_PIVOT_2021.sql
Query OK, 0 rows affected (0.01 sec)

Query OK, 140 rows affected (0.14 sec)
Records: 140  Duplicates: 0  Warnings: 0

Query OK, 0 rows affected (0.01 sec)

Query OK, 10224 rows affected (1.73 sec)
Records: 10224  Duplicates: 0  Warnings: 0

Query OK, 0 rows affected (0.01 sec)

Query OK, 5 rows affected (0.02 sec)
Records: 5  Duplicates: 0  Warnings: 0

Query OK, 0 rows affected (0.01 sec)

Query OK, 44 rows affected (0.06 sec)
Records: 44  Duplicates: 0  Warnings: 0

mysql> mysql \. C:\workspace\cloud\code\sql\_DailyScript\currenttime.sql
+---------------------+
| currenttime         |
+---------------------+
| 2021-02-19 09:02:10 |
+---------------------+
1 row in set (0.00 sec)

mysql> 
mysql> mysql \. C:\workspace\cloud\code\sql\_DailyScript\telemetry_livetv_ranking2021.sql
Query OK, 0 rows affected (0.01 sec)

Query OK, 140 rows affected (0.02 sec)
Records: 140  Duplicates: 0  Warnings: 0

mysql> mysql \. C:\workspace\cloud\code\sql\_DailyScript\currenttime.sql
+---------------------+
| currenttime         |
+---------------------+
| 2021-02-19 09:02:10 |
+---------------------+
1 row in set (0.00 sec)

mysql> 
mysql> mysql \. C:\workspace\cloud\code\sql\_DailyScript\telemetry_radio_ranking2021.sql
Query OK, 0 rows affected (0.01 sec)

Query OK, 5 rows affected (0.01 sec)
Records: 5  Duplicates: 0  Warnings: 0

mysql> mysql \. C:\workspace\cloud\code\sql\_DailyScript\currenttime.sql
+---------------------+
| currenttime         |
+---------------------+
| 2021-02-19 09:02:10 |
+---------------------+
1 row in set (0.00 sec)

mysql> 
mysql> mysql \. C:\workspace\cloud\code\sql\_DailyScript\telemetry_ts_ranking2021.sql
Query OK, 0 rows affected (0.01 sec)

Query OK, 44 rows affected (0.02 sec)
Records: 44  Duplicates: 0  Warnings: 0

mysql> mysql \. C:\workspace\cloud\code\sql\_DailyScript\currenttime.sql
+---------------------+
| currenttime         |
+---------------------+
| 2021-02-19 09:02:10 |
+---------------------+
1 row in set (0.00 sec)

mysql> 
mysql> mysql \. C:\workspace\cloud\code\sql\_DailyScript\telemetry_vod_ranking2021.sql
Query OK, 0 rows affected (0.01 sec)

Query OK, 10224 rows affected (0.45 sec)
Records: 10224  Duplicates: 0  Warnings: 0

mysql> mysql \. C:\workspace\cloud\code\sql\_DailyScript\currenttime.sql
+---------------------+
| currenttime         |
+---------------------+
| 2021-02-19 09:02:11 |
+---------------------+
1 row in set (0.00 sec)

mysql> 
mysql> mysql \. C:\workspace\cloud\code\sql\_DailyScript\telemetry_vod_ranking2021_1.sql
Query OK, 0 rows affected (0.01 sec)

Query OK, 10224 rows affected (0.22 sec)
Records: 10224  Duplicates: 0  Warnings: 0

mysql> mysql \. C:\workspace\cloud\code\sql\_DailyScript\currenttime.sql
+---------------------+
| currenttime         |
+---------------------+
| 2021-02-19 09:02:11 |
+---------------------+
1 row in set (0.00 sec)

mysql> 
mysql> mysql \. C:\workspace\cloud\code\sql\_DailyScript\telemetry_vod_ranking2021_2.sql
Query OK, 0 rows affected (0.01 sec)

Query OK, 10224 rows affected (0.21 sec)
Records: 10224  Duplicates: 0  Warnings: 0

mysql> mysql \. C:\workspace\cloud\code\sql\_DailyScript\currenttime.sql
+---------------------+
| currenttime         |
+---------------------+
| 2021-02-19 09:02:11 |
+---------------------+
1 row in set (0.00 sec)

mysql> 
mysql> mysql \. C:\workspace\cloud\code\sql\_DailyScript\DAILY-SCRIPT-CREATE-LOAD.sql
Database changed
Database changed
Query OK, 0 rows affected (0.01 sec)

Query OK, 0 rows affected (0.01 sec)

Database changed
Query OK, 67559 rows affected (2.61 sec)
Records: 67559  Deleted: 0  Skipped: 0  Warnings: 0

Query OK, 0 rows affected (0.13 sec)
Records: 0  Duplicates: 0  Warnings: 0

Query OK, 0 rows affected (0.22 sec)
Records: 0  Duplicates: 0  Warnings: 0

Query OK, 0 rows affected (0.25 sec)
Records: 0  Duplicates: 0  Warnings: 0

Query OK, 0 rows affected (0.22 sec)
Records: 0  Duplicates: 0  Warnings: 0

+---------+
| clients |
+---------+
|   67559 |
+---------+
1 row in set (0.02 sec)

Query OK, 0 rows affected (0.02 sec)

Query OK, 14437 rows affected (6.43 sec)
Records: 14437  Duplicates: 0  Warnings: 0

Query OK, 0 rows affected (0.05 sec)
Records: 0  Duplicates: 0  Warnings: 0

+-------------------+
| rcb_clientparcels |
+-------------------+
|             14437 |
+-------------------+
1 row in set (0.01 sec)

Query OK, 0 rows affected (0.01 sec)

Query OK, 82380 rows affected (3.10 sec)
Records: 82380  Duplicates: 0  Warnings: 0

Query OK, 0 rows affected (0.26 sec)
Records: 0  Duplicates: 0  Warnings: 0

Query OK, 0 rows affected (0.02 sec)

Query OK, 67559 rows affected (36.38 sec)
Records: 67559  Duplicates: 0  Warnings: 0

Query OK, 0 rows affected (0.19 sec)
Records: 0  Duplicates: 0  Warnings: 0

Query OK, 0 rows affected (0.21 sec)
Records: 0  Duplicates: 0  Warnings: 0

Query OK, 0 rows affected (0.17 sec)
Records: 0  Duplicates: 0  Warnings: 0

+---------------+
| clientaddress |
+---------------+
|         67559 |
+---------------+
1 row in set (0.02 sec)

Database changed
Query OK, 0 rows affected (0.01 sec)

Query OK, 0 rows affected (0.01 sec)

Database changed
Query OK, 539272 rows affected, 65535 warnings (15.59 sec)
Records: 539272  Deleted: 0  Skipped: 0  Warnings: 224054

Query OK, 0 rows affected (2.97 sec)
Records: 0  Duplicates: 0  Warnings: 0

Query OK, 0 rows affected (2.46 sec)
Records: 0  Duplicates: 0  Warnings: 0

Query OK, 0 rows affected (1.47 sec)
Records: 0  Duplicates: 0  Warnings: 0

Query OK, 0 rows affected (0.02 sec)

Query OK, 539272 rows affected (42.35 sec)
Records: 539272  Duplicates: 0  Warnings: 0

Query OK, 0 rows affected (1.75 sec)
Records: 0  Duplicates: 0  Warnings: 0

Query OK, 0 rows affected (1.33 sec)
Records: 0  Duplicates: 0  Warnings: 0

+-----------+
| contracts |
+-----------+
|    539272 |
+-----------+
1 row in set (0.16 sec)

+-----------------+
| contractaddress |
+-----------------+
|          539272 |
+-----------------+
1 row in set (0.14 sec)

Database changed
Query OK, 0 rows affected (0.01 sec)

Query OK, 0 rows affected (0.02 sec)

Query OK, 7820 rows affected (0.17 sec)
Records: 7820  Deleted: 0  Skipped: 0  Warnings: 0

Query OK, 0 rows affected (0.01 sec)

Query OK, 7788 rows affected (0.94 sec)
Records: 7788  Duplicates: 0  Warnings: 0

Query OK, 0 rows affected (0.04 sec)
Records: 0  Duplicates: 0  Warnings: 0

Query OK, 0 rows affected (0.03 sec)
Records: 0  Duplicates: 0  Warnings: 0

Query OK, 0 rows affected (0.03 sec)
Records: 0  Duplicates: 0  Warnings: 0

Query OK, 0 rows affected (0.01 sec)

Query OK, 5904 rows affected (0.07 sec)
Records: 5904  Duplicates: 0  Warnings: 0

Query OK, 0 rows affected (0.03 sec)
Records: 0  Duplicates: 0  Warnings: 0

+-------------------+
| contractdiscounts |
+-------------------+
|              7820 |
+-------------------+
1 row in set (0.00 sec)

+-------------------------+
| clientcontractdiscounts |
+-------------------------+
|                    7788 |
+-------------------------+
1 row in set (0.00 sec)

+----------------------------+
| clientcontractlastdiscount |
+----------------------------+
|                       5904 |
+----------------------------+
1 row in set (0.00 sec)

Database changed
Query OK, 0 rows affected (0.01 sec)

Query OK, 0 rows affected (0.03 sec)

Database changed
Query OK, 143915 rows affected, 8 warnings (2.65 sec)
Records: 143915  Deleted: 0  Skipped: 0  Warnings: 8

Query OK, 0 rows affected (0.26 sec)
Records: 0  Duplicates: 0  Warnings: 0

Query OK, 0 rows affected (0.28 sec)
Records: 0  Duplicates: 0  Warnings: 0

Query OK, 0 rows affected (0.30 sec)
Records: 0  Duplicates: 0  Warnings: 0

Query OK, 0 rows affected (0.28 sec)
Records: 0  Duplicates: 0  Warnings: 0

Query OK, 0 rows affected (0.38 sec)
Records: 0  Duplicates: 0  Warnings: 0

Query OK, 0 rows affected (0.53 sec)
Records: 0  Duplicates: 0  Warnings: 0

Query OK, 0 rows affected (0.11 sec)

Query OK, 1833636 rows affected (4 min 43.50 sec)
Records: 1833636  Duplicates: 0  Warnings: 0

Query OK, 0 rows affected (4.81 sec)
Records: 0  Duplicates: 0  Warnings: 0

+---------+
| devices |
+---------+
|  143915 |
+---------+
1 row in set (0.07 sec)

+-----------------------+
| clientcontractdevices |
+-----------------------+
|               1833636 |
+-----------------------+
1 row in set (1.12 sec)

Query OK, 0 rows affected (0.02 sec)

Query OK, 143647 rows affected (7.15 sec)
Records: 143647  Duplicates: 0  Warnings: 0

+---------------------------+
| rep_clientcontractdevices |
+---------------------------+
|                    143647 |
+---------------------------+
1 row in set (0.29 sec)

Database changed
Query OK, 0 rows affected (0.02 sec)

Query OK, 0 rows affected (0.01 sec)

Query OK, 314029 rows affected (7.31 sec)
Records: 314029  Deleted: 0  Skipped: 0  Warnings: 0

Query OK, 0 rows affected (0.98 sec)
Records: 0  Duplicates: 0  Warnings: 0

Query OK, 0 rows affected (0.72 sec)
Records: 0  Duplicates: 0  Warnings: 0

Query OK, 0 rows affected (0.68 sec)
Records: 0  Duplicates: 0  Warnings: 0

Query OK, 0 rows affected (0.63 sec)
Records: 0  Duplicates: 0  Warnings: 0

+---------+
| tickets |
+---------+
|  314029 |
+---------+
1 row in set (0.55 sec)

Database changed
Query OK, 0 rows affected (0.03 sec)

Query OK, 0 rows affected (0.01 sec)

Empty set (0.00 sec)

Query OK, 0 rows affected (0.02 sec)
Records: 0  Duplicates: 0  Warnings: 0

Query OK, 372 rows affected, 2 warnings (0.03 sec)
Records: 372  Deleted: 0  Skipped: 0  Warnings: 2

+-----------------+
| tickettechusers |
+-----------------+
|             372 |
+-----------------+
1 row in set (0.00 sec)

Database changed
Query OK, 0 rows affected (0.01 sec)

Query OK, 0 rows affected (0.01 sec)

Query OK, 0 rows affected (0.02 sec)
Records: 0  Duplicates: 0  Warnings: 0

Query OK, 694464 rows affected, 48836 warnings (11.04 sec)
Records: 694464  Deleted: 0  Skipped: 0  Warnings: 48836

+-------------------+
| ticketassignments |
+-------------------+
|            694464 |
+-------------------+
1 row in set (1.77 sec)

Database changed
Query OK, 0 rows affected (0.04 sec)

Query OK, 0 rows affected (0.01 sec)

Query OK, 1399119 rows affected (16.54 sec)
Records: 1399119  Deleted: 0  Skipped: 0  Warnings: 0

Query OK, 0 rows affected (4.63 sec)
Records: 0  Duplicates: 0  Warnings: 0

Query OK, 0 rows affected (2.97 sec)
Records: 0  Duplicates: 0  Warnings: 0

Query OK, 0 rows affected (3.03 sec)
Records: 0  Duplicates: 0  Warnings: 0

Query OK, 0 rows affected (3.55 sec)
Records: 0  Duplicates: 0  Warnings: 0

+----------------+
| ticketcomments |
+----------------+
|        1399119 |
+----------------+
1 row in set (2.86 sec)

Database changed
Query OK, 0 rows affected (0.02 sec)

Query OK, 0 rows affected (0.01 sec)

Query OK, 474087 rows affected (40.68 sec)
Records: 474087  Deleted: 0  Skipped: 0  Warnings: 0

Query OK, 0 rows affected (2.55 sec)
Records: 0  Duplicates: 0  Warnings: 0

+----------+
| comments |
+----------+
|   474087 |
+----------+
1 row in set (1.28 sec)

Database changed
Query OK, 0 rows affected (0.04 sec)

Query OK, 0 rows affected (0.01 sec)

Query OK, 1607565 rows affected, 65535 warnings (1 min 24.14 sec)
Records: 1607565  Deleted: 0  Skipped: 0  Warnings: 1607606

Query OK, 0 rows affected (3.83 sec)
Records: 0  Duplicates: 0  Warnings: 0

Query OK, 0 rows affected (4.19 sec)
Records: 0  Duplicates: 0  Warnings: 0

Query OK, 0 rows affected (4.20 sec)
Records: 0  Duplicates: 0  Warnings: 0

Query OK, 0 rows affected (4.27 sec)
Records: 0  Duplicates: 0  Warnings: 0

Query OK, 0 rows affected (6.05 sec)
Records: 0  Duplicates: 0  Warnings: 0

+------------+
| devicesold |
+------------+
|    1607565 |
+------------+
1 row in set (2.85 sec)

Database changed
Query OK, 0 rows affected (0.05 sec)

Query OK, 0 rows affected (0.01 sec)

Query OK, 1826918 rows affected (24.47 sec)
Records: 1826918  Deleted: 0  Skipped: 0  Warnings: 0

Query OK, 0 rows affected (4.21 sec)
Records: 0  Duplicates: 0  Warnings: 0

Query OK, 0 rows affected (4.70 sec)
Records: 0  Duplicates: 0  Warnings: 0

Query OK, 0 rows affected (4.42 sec)
Records: 0  Duplicates: 0  Warnings: 0

+------------------+
| contractservices |
+------------------+
|          1826918 |
+------------------+
1 row in set (5.80 sec)

Database changed
Query OK, 0 rows affected (0.09 sec)

Query OK, 0 rows affected (0.01 sec)

Query OK, 4495909 rows affected (2 min 3.09 sec)
Records: 4495909  Deleted: 0  Skipped: 0  Warnings: 0

Query OK, 0 rows affected (12.12 sec)
Records: 0  Duplicates: 0  Warnings: 0

Query OK, 0 rows affected (14.57 sec)
Records: 0  Duplicates: 0  Warnings: 0

Query OK, 0 rows affected (11.80 sec)
Records: 0  Duplicates: 0  Warnings: 0

Query OK, 0 rows affected (11.89 sec)
Records: 0  Duplicates: 0  Warnings: 0

Query OK, 0 rows affected (11.99 sec)
Records: 0  Duplicates: 0  Warnings: 0

+------------------+
| invoicescontents |
+------------------+
|          4495909 |
+------------------+
1 row in set (1.24 sec)

Database changed
Query OK, 0 rows affected (0.08 sec)

Query OK, 0 rows affected (0.01 sec)

Query OK, 3179759 rows affected (2 min 57.51 sec)
Records: 3179759  Deleted: 0  Skipped: 0  Warnings: 0

Query OK, 0 rows affected (12.76 sec)
Records: 0  Duplicates: 0  Warnings: 0

Query OK, 0 rows affected (13.31 sec)
Records: 0  Duplicates: 0  Warnings: 0

Query OK, 0 rows affected (10.48 sec)
Records: 0  Duplicates: 0  Warnings: 0

Query OK, 0 rows affected (12.76 sec)
Records: 0  Duplicates: 0  Warnings: 0

Query OK, 0 rows affected (10.90 sec)
Records: 0  Duplicates: 0  Warnings: 0

Query OK, 0 rows affected (11.43 sec)
Records: 0  Duplicates: 0  Warnings: 0

+----------------+
| invoicesheader |
+----------------+
|        3179759 |
+----------------+
1 row in set (0.89 sec)

Database changed
Query OK, 0 rows affected (0.04 sec)

Query OK, 0 rows affected (0.01 sec)

Query OK, 3185867 rows affected (1 min 28.17 sec)
Records: 3185867  Deleted: 0  Skipped: 0  Warnings: 0

Query OK, 0 rows affected (7.84 sec)
Records: 0  Duplicates: 0  Warnings: 0

Query OK, 0 rows affected (8.28 sec)
Records: 0  Duplicates: 0  Warnings: 0

Query OK, 0 rows affected (8.15 sec)
Records: 0  Duplicates: 0  Warnings: 0

Query OK, 0 rows affected (7.84 sec)
Records: 0  Duplicates: 0  Warnings: 0

Query OK, 0 rows affected (9.79 sec)
Records: 0  Duplicates: 0  Warnings: 0

+---------+
| casa    |
+---------+
| 3185867 |
+---------+
1 row in set (1.42 sec)

Query OK, 0 rows affected (0.01 sec)

Query OK, 15664 rows affected (1 min 21.16 sec)
Records: 15664  Duplicates: 0  Warnings: 0

+--------------------+
| rep_paycol_channel |
+--------------------+
|              15664 |
+--------------------+
1 row in set (0.01 sec)

Query OK, 0 rows affected (0.01 sec)

Query OK, 11749 rows affected (1 min 38.28 sec)
Records: 11749  Duplicates: 0  Warnings: 0

+----------------+
| rep_paycol_pos |
+----------------+
|          11749 |
+----------------+
1 row in set (0.01 sec)

Database changed
Query OK, 0 rows affected (0.01 sec)

Query OK, 0 rows affected (0.01 sec)

Database changed
Query OK, 39843 rows affected (0.79 sec)
Records: 39843  Deleted: 0  Skipped: 0  Warnings: 0

+-------+
| users |
+-------+
| 39843 |
+-------+
1 row in set (0.02 sec)

Query OK, 0 rows affected (0.08 sec)
Records: 0  Duplicates: 0  Warnings: 0

Database changed
Query OK, 0 rows affected (0.04 sec)

Query OK, 0 rows affected (0.01 sec)

Query OK, 1872898 rows affected, 2 warnings (28.54 sec)
Records: 1872898  Deleted: 0  Skipped: 0  Warnings: 2

Query OK, 0 rows affected (5.13 sec)
Records: 0  Duplicates: 0  Warnings: 0

Query OK, 0 rows affected (4.69 sec)
Records: 0  Duplicates: 0  Warnings: 0

Query OK, 0 rows affected (4.54 sec)
Records: 0  Duplicates: 0  Warnings: 0

Query OK, 0 rows affected (4.15 sec)
Records: 0  Duplicates: 0  Warnings: 0

Query OK, 0 rows affected (3.97 sec)
Records: 0  Duplicates: 0  Warnings: 0

+-------------+
| useractions |
+-------------+
|     1872898 |
+-------------+
1 row in set (0.52 sec)

Database changed
Query OK, 0 rows affected (0.10 sec)

Query OK, 0 rows affected (0.01 sec)

Database changed
Query OK, 26865888 rows affected (4 min 45.69 sec)
Records: 26865888  Deleted: 0  Skipped: 0  Warnings: 0

Query OK, 0 rows affected (1 min 10.97 sec)
Records: 0  Duplicates: 0  Warnings: 0

Query OK, 0 rows affected (1 min 8.18 sec)
Records: 0  Duplicates: 0  Warnings: 0

Query OK, 0 rows affected (1 min 10.29 sec)
Records: 0  Duplicates: 0  Warnings: 0

Query OK, 0 rows affected (1 min 1.19 sec)
Records: 0  Duplicates: 0  Warnings: 0

Query OK, 0 rows affected (1 min 17.56 sec)
Records: 0  Duplicates: 0  Warnings: 0

+----------+
| ipusage1 |
+----------+
| 26865888 |
+----------+
1 row in set (8.46 sec)

Query OK, 0 rows affected (0.03 sec)

Query OK, 1826880 rows affected (49.52 sec)
Records: 1826880  Duplicates: 0  Warnings: 0

Query OK, 0 rows affected (11.69 sec)
Records: 0  Duplicates: 0  Warnings: 0

Query OK, 0 rows affected (3.28 sec)
Records: 0  Duplicates: 0  Warnings: 0

Query OK, 0 rows affected (5.34 sec)
Records: 0  Duplicates: 0  Warnings: 0

+------------------------------+
| contractsservicepackageprice |
+------------------------------+
|                      1826880 |
+------------------------------+
1 row in set (0.54 sec)

Query OK, 0 rows affected (0.03 sec)

Query OK, 1827123 rows affected (2 min 5.06 sec)
Records: 1827123  Duplicates: 0  Warnings: 0

Query OK, 0 rows affected (10.93 sec)
Records: 0  Duplicates: 0  Warnings: 0

Query OK, 0 rows affected (8.42 sec)
Records: 0  Duplicates: 0  Warnings: 0

Query OK, 0 rows affected (4.75 sec)
Records: 0  Duplicates: 0  Warnings: 0

Query OK, 0 rows affected (7.43 sec)
Records: 0  Duplicates: 0  Warnings: 0

+------------------------------------+
| clientcontractsservicepackageprice |
+------------------------------------+
|                            1827123 |
+------------------------------------+
1 row in set (0.50 sec)

mysql> mysql \. C:\workspace\cloud\code\sql\_DailyScript\currenttime.sql
+---------------------+
| currenttime         |
+---------------------+
| 2021-02-19 09:41:19 |
+---------------------+
1 row in set (0.00 sec)

mysql> 
mysql> mysql \. C:\workspace\cloud\code\sql\_DailyScript\ticket_analysis.sql
Database changed
Query OK, 0 rows affected (0.02 sec)

Query OK, 760079 rows affected (22.88 sec)
Records: 760079  Duplicates: 0  Warnings: 0

Query OK, 0 rows affected (4.60 sec)
Records: 0  Duplicates: 0  Warnings: 0

Query OK, 0 rows affected (2.08 sec)
Records: 0  Duplicates: 0  Warnings: 0

Query OK, 0 rows affected (1.99 sec)
Records: 0  Duplicates: 0  Warnings: 0

Query OK, 0 rows affected (0.01 sec)

Query OK, 23771 rows affected (12.83 sec)
Records: 23771  Duplicates: 0  Warnings: 0

Query OK, 0 rows affected, 1 warning (0.00 sec)

Query OK, 109487 rows affected (7.56 sec)
Records: 109487  Duplicates: 0  Warnings: 0

Query OK, 0 rows affected, 1 warning (0.00 sec)

Query OK, 558289 rows affected (15.31 sec)
Records: 558289  Duplicates: 0  Warnings: 0

Query OK, 0 rows affected, 1 warning (0.00 sec)

Query OK, 558289 rows affected (15.80 sec)
Records: 558289  Duplicates: 0  Warnings: 0

Query OK, 0 rows affected (0.01 sec)

Query OK, 109591 rows affected (5.88 sec)
Records: 109591  Duplicates: 0  Warnings: 0

Database changed
Query OK, 0 rows affected (0.00 sec)

Query OK, 0 rows affected (0.05 sec)

Query OK, 760079 rows affected (23.44 sec)
Records: 760079  Duplicates: 0  Warnings: 0

Query OK, 0 rows affected (0.01 sec)

Query OK, 387013 rows affected (15.60 sec)
Records: 387013  Duplicates: 0  Warnings: 0

+--------------------------+
| clientticket_cmmtjourney |
+--------------------------+
|                   760079 |
+--------------------------+
1 row in set (2.17 sec)

+---------------------------+
| clientticket_assgnjourney |
+---------------------------+
|                    387013 |
+---------------------------+
1 row in set (0.43 sec)

Query OK, 0 rows affected (0.01 sec)

Query OK, 73 rows affected (0.09 sec)
Records: 73  Duplicates: 0  Warnings: 0

mysql> mysql \. C:\workspace\cloud\code\sql\_DailyScript\currenttime.sql
+---------------------+
| currenttime         |
+---------------------+
| 2021-02-19 09:43:30 |
+---------------------+
1 row in set (0.00 sec)

mysql> 
mysql> mysql \. C:\workspace\cloud\code\sql\_DailyScript\load_DailyCalls.sql
Database changed
Query OK, 927 rows affected (0.20 sec)
Records: 927  Deleted: 0  Skipped: 0  Warnings: 0

Query OK, 0 rows affected, 1 warning (0.00 sec)

Query OK, 926 rows affected (0.04 sec)
Records: 926  Duplicates: 0  Warnings: 0

Query OK, 0 rows affected, 1 warning (0.00 sec)

Query OK, 68616 rows affected (0.29 sec)
Records: 68616  Duplicates: 0  Warnings: 0

+----------------------+
| callingclientsbefore |
+----------------------+
|              1121774 |
+----------------------+
1 row in set (0.47 sec)

Query OK, 1151 rows affected (19.31 sec)
Records: 1151  Duplicates: 0  Warnings: 0

+---------------------+
| callingclientsafter |
+---------------------+
|             1122925 |
+---------------------+
1 row in set (0.30 sec)

Query OK, 0 rows affected (0.01 sec)

Query OK, 578 rows affected (4.04 sec)
Records: 578  Duplicates: 0  Warnings: 0

Query OK, 0 rows affected (0.01 sec)

Query OK, 22068 rows affected (3.59 sec)
Records: 22068  Duplicates: 0  Warnings: 0

+-----------+
| callstats |
+-----------+
|     22068 |
+-----------+
1 row in set (0.01 sec)

Query OK, 0 rows affected, 1 warning (0.00 sec)

Query OK, 1151 rows affected (2.83 sec)
Records: 1151  Duplicates: 0  Warnings: 0

+------------------------+
| rep_cccallreportbefore |
+------------------------+
|                1122751 |
+------------------------+
1 row in set (0.40 sec)

Query OK, 1151 rows affected (0.30 sec)
Records: 1151  Duplicates: 0  Warnings: 0

+-----------------------+
| rep_cccallreportafter |
+-----------------------+
|               1123902 |
+-----------------------+
1 row in set (0.29 sec)

Query OK, 0 rows affected (0.01 sec)

mysql> mysql \. C:\workspace\cloud\code\sql\_DailyScript\currenttime.sql
+---------------------+
| currenttime         |
+---------------------+
| 2021-02-19 09:44:02 |
+---------------------+
1 row in set (0.00 sec)

mysql> 
mysql> mysql \. C:\workspace\cloud\code\sql\_DailyScript\DAILY-SCRIPT-USAGE.sql
Database changed
Query OK, 0 rows affected (0.00 sec)

Query OK, 4507 rows affected, 13116 warnings (1.18 sec)
Records: 4507  Deleted: 0  Skipped: 0  Warnings: 13116

Query OK, 0 rows affected (0.00 sec)

Query OK, 6802 rows affected, 19687 warnings (1.36 sec)
Records: 6802  Deleted: 0  Skipped: 0  Warnings: 19687

Query OK, 0 rows affected (0.00 sec)

Query OK, 291 rows affected, 1050 warnings (0.06 sec)
Records: 291  Deleted: 0  Skipped: 0  Warnings: 1050

Query OK, 0 rows affected (0.00 sec)

Query OK, 143 rows affected, 498 warnings (0.02 sec)
Records: 143  Deleted: 0  Skipped: 0  Warnings: 498

+------------+
| dailyusage |
+------------+
|   16591740 |
+------------+
1 row in set (6.64 sec)

+------------+------------+------------+---------+
| datestart  | dateend    | insertedon | records |
+------------+------------+------------+---------+
| 2021-02-18 | 2021-02-18 | 2021-02-19 |   11743 |
| 2021-02-17 | 2021-02-17 | 2021-02-18 |   11696 |
| 2021-02-16 | 2021-02-16 | 2021-02-17 |   11621 |
| 2021-02-15 | 2021-02-15 | 2021-02-16 |   11958 |
| 2021-02-14 | 2021-02-14 | 2021-02-15 |   12119 |
+------------+------------+------------+---------+
5 rows in set (36.67 sec)

+----------+------------+------------+------------+---------+
| category | datestart  | dateend    | insertedon | records |
+----------+------------+------------+------------+---------+
| UNCAPPED | 2021-02-18 | 2021-02-18 | 2021-02-19 |    6802 |
| PREPAID  | 2021-02-18 | 2021-02-18 | 2021-02-19 |     291 |
| HOTSPOT  | 2021-02-18 | 2021-02-18 | 2021-02-19 |     143 |
| CAPPED   | 2021-02-18 | 2021-02-18 | 2021-02-19 |    4507 |
| UNCAPPED | 2021-02-17 | 2021-02-17 | 2021-02-18 |    6816 |
| PREPAID  | 2021-02-17 | 2021-02-17 | 2021-02-18 |     265 |
| HOTSPOT  | 2021-02-17 | 2021-02-17 | 2021-02-18 |     138 |
| CAPPED   | 2021-02-17 | 2021-02-17 | 2021-02-18 |    4477 |
| UNCAPPED | 2021-02-16 | 2021-02-16 | 2021-02-17 |    6760 |
| PREPAID  | 2021-02-16 | 2021-02-16 | 2021-02-17 |     270 |
| HOTSPOT  | 2021-02-16 | 2021-02-16 | 2021-02-17 |     134 |
| CAPPED   | 2021-02-16 | 2021-02-16 | 2021-02-17 |    4457 |
| UNCAPPED | 2021-02-15 | 2021-02-15 | 2021-02-16 |    6953 |
| PREPAID  | 2021-02-15 | 2021-02-15 | 2021-02-16 |     300 |
| HOTSPOT  | 2021-02-15 | 2021-02-15 | 2021-02-16 |     136 |
| CAPPED   | 2021-02-15 | 2021-02-15 | 2021-02-16 |    4569 |
| UNCAPPED | 2021-02-14 | 2021-02-14 | 2021-02-15 |    7096 |
| PREPAID  | 2021-02-14 | 2021-02-14 | 2021-02-15 |     312 |
| HOTSPOT  | 2021-02-14 | 2021-02-14 | 2021-02-15 |     149 |
| CAPPED   | 2021-02-14 | 2021-02-14 | 2021-02-15 |    4562 |
+----------+------------+------------+------------+---------+
20 rows in set (24.57 sec)

mysql> mysql \. C:\workspace\cloud\code\sql\_DailyScript\currenttime.sql
+---------------------+
| currenttime         |
+---------------------+
| 2021-02-19 09:45:13 |
+---------------------+
1 row in set (0.00 sec)

mysql> 
mysql> mysql \. C:\workspace\cloud\code\sql\_DailyScript\DAILY-SCRIPT-SALES-TELEMETRY.sql
Database changed
Query OK, 103 rows affected, 58 warnings (0.05 sec)
Records: 103  Deleted: 0  Skipped: 0  Warnings: 58

+------------+
| dailysales |
+------------+
|     223839 |
+------------+
1 row in set (0.25 sec)

Query OK, 0 rows affected (0.01 sec)

Query OK, 223839 rows affected (14.50 sec)
Records: 223839  Duplicates: 0  Warnings: 0

+--------+
| sales  |
+--------+
| 223839 |
+--------+
1 row in set (0.22 sec)

Query OK, 0 rows affected (0.01 sec)

Query OK, 3662 rows affected (0.37 sec)
Records: 3662  Duplicates: 0  Warnings: 0

+----------------+
| rep_dailysales |
+----------------+
|           3662 |
+----------------+
1 row in set (0.00 sec)

Query OK, 0 rows affected (0.01 sec)

Query OK, 3662 rows affected (0.56 sec)
Records: 3662  Duplicates: 0  Warnings: 0

+-------------------+
| rep_dailysalesreg |
+-------------------+
|              3662 |
+-------------------+
1 row in set (0.00 sec)

Query OK, 0 rows affected (0.01 sec)

Query OK, 2876 rows affected (0.71 sec)
Records: 2876  Duplicates: 0  Warnings: 0

+-----------+
| saleslist |
+-----------+
|      2876 |
+-----------+
1 row in set (0.00 sec)

Database changed
ERROR 2 (HY000): File 'C:\ProgramData\MySQL\MySQL Server 5.7\Uploads\_csv\PrepaidCardSales-18022021-P1.csv' not found (Errcode: 2 - No such file or directory)
+------------------+
| dailysinglesales |
+------------------+
|             6473 |
+------------------+
1 row in set (0.01 sec)

Database changed
Query OK, 19 rows affected (0.03 sec)
Records: 19  Deleted: 0  Skipped: 0  Warnings: 0

+-----------------+
| dailyaddonsales |
+-----------------+
|           22316 |
+-----------------+
1 row in set (0.04 sec)

Query OK, 257 rows affected (0.09 sec)
Records: 257  Deleted: 0  Skipped: 0  Warnings: 0

+----------------+
| onlinepayments |
+----------------+
|         161139 |
+----------------+
1 row in set (0.11 sec)

+-------------+----------------+---------------------+
| paymentdate | onlinepayments | onlinepaymentamount |
+-------------+----------------+---------------------+
| 2021-02-18  |            257 |        166887.26000 |
| 2021-02-17  |            193 |        113730.57000 |
| 2021-02-16  |            221 |        130936.42000 |
| 2021-02-15  |            256 |        152579.99000 |
| 2021-02-14  |            182 |         98942.03000 |
+-------------+----------------+---------------------+
5 rows in set (0.60 sec)

+-------------+--------------+----------------+---------------------+
| paymentyear | paymentmonth | onlinepayments | onlinepaymentamount |
+-------------+--------------+----------------+---------------------+
|        2021 |            2 |           4751 |       2955681.94000 |
|        2021 |            1 |           9124 |       5808374.04000 |
|        2021 |         NULL |          13875 |       8764055.98000 |
|        2020 |           12 |           7235 |       4780077.29000 |
|        2020 |           11 |           6424 |       4163507.90000 |
+-------------+--------------+----------------+---------------------+
5 rows in set (0.16 sec)

mysql> mysql \. C:\workspace\cloud\code\sql\_DailyScript\currenttime.sql
+---------------------+
| currenttime         |
+---------------------+
| 2021-02-19 09:45:31 |
+---------------------+
1 row in set (0.00 sec)

mysql> 
mysql> mysql \. C:\workspace\cloud\code\sql\_DailyScript\DAILY-SCRIPT-ACTIVENUMBERS.sql
Database changed
Query OK, 1152 rows affected (0.56 sec)
Records: 1152  Deleted: 0  Skipped: 0  Warnings: 0

+------------+----------+
| period     | count(1) |
+------------+----------+
| 2021-02-18 |     1152 |
| 2021-02-17 |     1152 |
| 2021-02-16 |     1152 |
| 2021-02-15 |     1152 |
| 2021-02-14 |     1151 |
+------------+----------+
5 rows in set (0.01 sec)

Query OK, 0 rows affected (0.01 sec)

Query OK, 78 rows affected (1.39 sec)
Records: 78  Duplicates: 0  Warnings: 0

+-------------+
| packagelist |
+-------------+
|          78 |
+-------------+
1 row in set (0.00 sec)

Database changed
Query OK, 0 rows affected (0.00 sec)

Query OK, 0 rows affected (0.00 sec)

Query OK, 0 rows affected (0.00 sec)

Query OK, 0 rows affected (0.00 sec)

Query OK, 28324 rows affected, 190 warnings (21.10 sec)
Records: 28324  Deleted: 0  Skipped: 0  Warnings: 190

+------------+----------+
| period     | count(1) |
+------------+----------+
| 2021-02-18 |    28324 |
| 2021-02-17 |    28399 |
| 2021-02-16 |    28318 |
| 2021-02-15 |    28275 |
| 2021-02-14 |    28218 |
+------------+----------+
5 rows in set (0.16 sec)

Query OK, 0 rows affected (0.02 sec)

Query OK, 27752 rows affected (49.83 sec)
Records: 27752  Duplicates: 0  Warnings: 0

Query OK, 0 rows affected (0.14 sec)
Records: 0  Duplicates: 0  Warnings: 0

Query OK, 0 rows affected (0.12 sec)
Records: 0  Duplicates: 0  Warnings: 0

Query OK, 0 rows affected (0.12 sec)
Records: 0  Duplicates: 0  Warnings: 0

Query OK, 0 rows affected (0.11 sec)
Records: 0  Duplicates: 0  Warnings: 0

Query OK, 0 rows affected (0.07 sec)
Records: 0  Duplicates: 0  Warnings: 0

Query OK, 0 rows affected (0.08 sec)
Records: 0  Duplicates: 0  Warnings: 0

+-------------+
| countbefore |
+-------------+
|    43441891 |
+-------------+
1 row in set (18.76 sec)

Query OK, 27752 rows affected (5.73 sec)
Records: 27752  Duplicates: 0  Warnings: 0

+------------+
| countafter |
+------------+
|   43469643 |
+------------+
1 row in set (13.68 sec)

+------------+--------------------------+
| period     | customercontractactivity |
+------------+--------------------------+
| 2021-02-18 |                    27752 |
| 2021-02-17 |                    27827 |
| 2021-02-16 |                    27746 |
| 2021-02-15 |                    27703 |
| 2021-02-14 |                    27646 |
+------------+--------------------------+
5 rows in set (0.06 sec)

Query OK, 0 rows affected (0.04 sec)

Query OK, 293999 rows affected (8 min 24.89 sec)
Records: 293999  Duplicates: 0  Warnings: 0

Query OK, 0 rows affected (1.02 sec)
Records: 0  Duplicates: 0  Warnings: 0

Query OK, 0 rows affected (1.22 sec)
Records: 0  Duplicates: 0  Warnings: 0

Query OK, 0 rows affected (1.13 sec)
Records: 0  Duplicates: 0  Warnings: 0

Query OK, 0 rows affected (0.03 sec)

Query OK, 232 rows affected (0.43 sec)
Records: 232  Duplicates: 0  Warnings: 0

Query OK, 0 rows affected (0.01 sec)

Query OK, 2643 rows affected (0.59 sec)
Records: 2643  Duplicates: 0  Warnings: 0

Query OK, 0 rows affected (0.01 sec)

Query OK, 27727 rows affected (0.55 sec)
Records: 27727  Duplicates: 0  Warnings: 0

Query OK, 0 rows affected (0.01 sec)

Query OK, 17191 rows affected (0.36 sec)
Records: 17191  Duplicates: 0  Warnings: 0

Query OK, 0 rows affected (0.01 sec)

Query OK, 17191 rows affected (0.12 sec)
Records: 17191  Duplicates: 0  Warnings: 0

Query OK, 0 rows affected (0.01 sec)

Query OK, 17191 rows affected (1.13 sec)
Records: 17191  Duplicates: 0  Warnings: 0

Query OK, 0 rows affected (0.03 sec)

Query OK, 17191 rows affected (44.78 sec)
Records: 17191  Duplicates: 0  Warnings: 0

+-------------+
| clientstats |
+-------------+
|       17191 |
+-------------+
1 row in set (0.01 sec)

Query OK, 0 rows affected (0.01 sec)

Query OK, 15 rows affected, 1 warning (0.12 sec)
Records: 15  Duplicates: 0  Warnings: 1

+------------------------+-------------+-------------+----------------+-----------------+
| services               | activecount | allaccounts | uniqueaccounts | uniquecontracts |
+------------------------+-------------+-------------+----------------+-----------------+
| All                    |         358 |          60 |             60 |             191 |
| Internet & OTT         |           4 |           2 |              2 |               2 |
| Internet & Voice       |         342 |         153 |            153 |             298 |
| Internet & Voice & OTT |           3 |           1 |              1 |               3 |
| Internet Only          |        4338 |        4222 |           4215 |            4265 |
| OTT Only               |           1 |           1 |              1 |               1 |
| TV & Internet          |        9816 |        4434 |           4427 |            9020 |
| TV & Internet & OTT    |        3416 |         865 |            862 |            1798 |
| TV & Internet & Voice  |         546 |         156 |            156 |             482 |
| TV & OTT               |         513 |          78 |             76 |              95 |
| TV & Voice             |          77 |          33 |             33 |              69 |
| TV & Voice & OTT       |           3 |           1 |              1 |               2 |
| TV Only                |        8908 |        7064 |           7058 |            7243 |
| Voice Only             |         123 |         121 |            121 |             123 |
| GRAND TOTAL            |       28448 |       17191 |          17132 |           23592 |
+------------------------+-------------+-------------+----------------+-----------------+
15 rows in set (0.00 sec)

+-------------+-------------+-------------+----------------+-----------------+
| network     | activecount | allaccounts | uniqueaccounts | uniquecontracts |
+-------------+-------------+-------------+----------------+-----------------+
| GPON        |       10563 |        5279 |           5276 |            8335 |
| HFC         |       17885 |       11912 |          11912 |           15257 |
| GRAND TOTAL |       28448 |       17191 |          17132 |           23592 |
+-------------+-------------+-------------+----------------+-----------------+
3 rows in set, 1 warning (0.11 sec)

+-------------+------------------------+-------------+-------------+----------------+-----------------+
| network     | services               | activecount | allaccounts | uniqueaccounts | uniquecontracts |
+-------------+------------------------+-------------+-------------+----------------+-----------------+
| GPON        | All                    |         222 |          39 |             39 |             122 |
| GPON        | Internet & Voice       |          72 |          30 |             30 |              62 |
| GPON        | Internet & Voice & OTT |           3 |           1 |              1 |               3 |
| GPON        | Internet Only          |        1263 |        1167 |           1167 |            1193 |
| GPON        | TV & Internet          |        4483 |        1983 |           1983 |            4073 |
| GPON        | TV & Internet & OTT    |        2124 |         530 |            530 |            1109 |
| GPON        | TV & Internet & Voice  |         269 |          71 |             71 |             224 |
| GPON        | TV & OTT               |         271 |          40 |             40 |              45 |
| GPON        | TV & Voice             |          43 |          18 |             18 |              38 |
| GPON        | TV Only                |        1802 |        1390 |           1390 |            1455 |
| GPON        | Voice Only             |          11 |          10 |             10 |              11 |
| GPON        | Services Total         |       10563 |        5279 |           5276 |            8335 |
| HFC         | All                    |         136 |          21 |             21 |              69 |
| HFC         | Internet & OTT         |           4 |           2 |              2 |               2 |
| HFC         | Internet & Voice       |         270 |         123 |            123 |             236 |
| HFC         | Internet Only          |        3075 |        3055 |           3055 |            3072 |
| HFC         | OTT Only               |           1 |           1 |              1 |               1 |
| HFC         | TV & Internet          |        5333 |        2451 |           2451 |            4947 |
| HFC         | TV & Internet & OTT    |        1292 |         335 |            335 |             689 |
| HFC         | TV & Internet & Voice  |         277 |          85 |             85 |             258 |
| HFC         | TV & OTT               |         242 |          38 |             38 |              50 |
| HFC         | TV & Voice             |          34 |          15 |             15 |              31 |
| HFC         | TV & Voice & OTT       |           3 |           1 |              1 |               2 |
| HFC         | TV Only                |        7106 |        5674 |           5674 |            5788 |
| HFC         | Voice Only             |         112 |         111 |            111 |             112 |
| HFC         | Services Total         |       17885 |       11912 |          11912 |           15257 |
| GRAND TOTAL | Services Total         |       28448 |       17191 |          17132 |           23592 |
+-------------+------------------------+-------------+-------------+----------------+-----------------+
27 rows in set, 2 warnings (0.13 sec)

Query OK, 0 rows affected (0.01 sec)

Query OK, 41 rows affected, 3 warnings (0.18 sec)
Records: 41  Duplicates: 0  Warnings: 3

+-------------+---------------+------------------------+-------------+-------------+----------------+-----------------+
| region      | network       | services               | activecount | allaccounts | uniqueaccounts | uniquecontracts |
+-------------+---------------+------------------------+-------------+-------------+----------------+-----------------+
| Mahe        | GPON          | All                    |         192 |          34 |             34 |             107 |
| Mahe        | GPON          | Internet & Voice       |          60 |          24 |             24 |              50 |
| Mahe        | GPON          | Internet & Voice & OTT |           3 |           1 |              1 |               3 |
| Mahe        | GPON          | Internet Only          |        1047 |         951 |            951 |             977 |
| Mahe        | GPON          | TV & Internet          |        3653 |        1612 |           1612 |            3305 |
| Mahe        | GPON          | TV & Internet & OTT    |        1696 |         412 |            412 |             868 |
| Mahe        | GPON          | TV & Internet & Voice  |         250 |          65 |             65 |             205 |
| Mahe        | GPON          | TV & OTT               |         259 |          34 |             34 |              39 |
| Mahe        | GPON          | TV & Voice             |          43 |          18 |             18 |              38 |
| Mahe        | GPON          | TV Only                |        1446 |        1106 |           1106 |            1157 |
| Mahe        | GPON          | Voice Only             |          11 |          10 |             10 |              11 |
| Mahe        | GPON          | Services Total         |        8660 |        4267 |           4267 |            6760 |
| Mahe        | HFC           | All                    |         136 |          21 |             21 |              69 |
| Mahe        | HFC           | Internet & OTT         |           4 |           2 |              2 |               2 |
| Mahe        | HFC           | Internet & Voice       |         270 |         123 |            123 |             236 |
| Mahe        | HFC           | Internet Only          |        3074 |        3054 |           3054 |            3071 |
| Mahe        | HFC           | OTT Only               |           1 |           1 |              1 |               1 |
| Mahe        | HFC           | TV & Internet          |        5333 |        2451 |           2451 |            4947 |
| Mahe        | HFC           | TV & Internet & OTT    |        1292 |         335 |            335 |             689 |
| Mahe        | HFC           | TV & Internet & Voice  |         277 |          85 |             85 |             258 |
| Mahe        | HFC           | TV & OTT               |         242 |          38 |             38 |              50 |
| Mahe        | HFC           | TV & Voice             |          34 |          15 |             15 |              31 |
| Mahe        | HFC           | TV & Voice & OTT       |           3 |           1 |              1 |               2 |
| Mahe        | HFC           | TV Only                |        7103 |        5672 |           5672 |            5786 |
| Mahe        | HFC           | Voice Only             |         112 |         111 |            111 |             112 |
| Mahe        | HFC           | Services Total         |       17881 |       11909 |          11909 |           15254 |
| Mahe        | Network Total | Services Total         |       26541 |       16176 |          16120 |           22014 |
| Praslin     | GPON          | All                    |          30 |           5 |              5 |              15 |
| Praslin     | GPON          | Internet & Voice       |          12 |           6 |              6 |              12 |
| Praslin     | GPON          | Internet Only          |         216 |         216 |            216 |             216 |
| Praslin     | GPON          | TV & Internet          |         830 |         371 |            371 |             768 |
| Praslin     | GPON          | TV & Internet & OTT    |         428 |         118 |            118 |             241 |
| Praslin     | GPON          | TV & Internet & Voice  |          19 |           6 |              6 |              19 |
| Praslin     | GPON          | TV & OTT               |          12 |           6 |              6 |               6 |
| Praslin     | GPON          | TV Only                |         356 |         284 |            284 |             298 |
| Praslin     | GPON          | Services Total         |        1903 |        1012 |           1012 |            1575 |
| Praslin     | HFC           | Internet Only          |           1 |           1 |              1 |               1 |
| Praslin     | HFC           | TV Only                |           3 |           2 |              2 |               2 |
| Praslin     | HFC           | Services Total         |           4 |           3 |              3 |               3 |
| Praslin     | Network Total | Services Total         |        1907 |        1015 |           1015 |            1578 |
| GRAND TOTAL | Network Total | Services Total         |       28448 |       17191 |          17132 |           23592 |
+-------------+---------------+------------------------+-------------+-------------+----------------+-----------------+
41 rows in set (0.00 sec)

Query OK, 0 rows affected (0.01 sec)

Query OK, 27728 rows affected (0.45 sec)
Records: 27728  Duplicates: 0  Warnings: 0

Query OK, 0 rows affected (0.01 sec)

Query OK, 2240 rows affected (1.67 sec)
Records: 2240  Duplicates: 0  Warnings: 0

+--------------------------------------+
| message                              |
+--------------------------------------+
| running rcbill_my.sp_ActiveNumber2() |
+--------------------------------------+
1 row in set (0.00 sec)

Query OK, 365 rows affected (1 min 58.89 sec)

mysql> mysql \. C:\workspace\cloud\code\sql\_DailyScript\currenttime.sql
+---------------------+
| currenttime         |
+---------------------+
| 2021-02-19 09:58:41 |
+---------------------+
1 row in set (0.00 sec)

mysql> 
mysql> mysql \. C:\workspace\cloud\code\sql\_DailyScript\GetActiveNumbers Average -Pivot.sql
Database changed
+-------------------------------------+
| @today := subdate(current_date(),1) |
+-------------------------------------+
| 2021-02-18                          |
+-------------------------------------+
1 row in set (0.00 sec)

+-------------------------------------+
| @lastdayofmonth := last_day(@today) |
+-------------------------------------+
| 2021-02-28                          |
+-------------------------------------+
1 row in set (0.00 sec)

Query OK, 0 rows affected (0.02 sec)

Query OK, 45488 rows affected, 65535 warnings (56.00 sec)
Records: 45488  Duplicates: 0  Warnings: 93455

Query OK, 0 rows affected (0.11 sec)
Records: 0  Duplicates: 0  Warnings: 0

Query OK, 0 rows affected (0.14 sec)
Records: 0  Duplicates: 0  Warnings: 0

Query OK, 0 rows affected (0.11 sec)
Records: 0  Duplicates: 0  Warnings: 0

+-----------------+
| activenumberavg |
+-----------------+
|           45488 |
+-----------------+
1 row in set (0.09 sec)

Query OK, 0 rows affected (0.01 sec)

Query OK, 1949 rows affected (0.56 sec)
Records: 1949  Duplicates: 0  Warnings: 0

+---------------------+
| rep_activenumberavg |
+---------------------+
|                1949 |
+---------------------+
1 row in set (0.01 sec)

+----------------------+
| rep_activenumberavg1 |
+----------------------+
|                  910 |
+----------------------+
1 row in set (0.01 sec)

Query OK, 0 rows affected (0.03 sec)

Query OK, 2384 rows affected (0.81 sec)
Records: 2384  Duplicates: 0  Warnings: 0

Query OK, 0 rows affected (0.01 sec)

Query OK, 12249 rows affected (0.86 sec)
Records: 12249  Duplicates: 0  Warnings: 0

Query OK, 0 rows affected (0.00 sec)

Query OK, 0 rows affected (0.01 sec)

Query OK, 0 rows affected (0.01 sec)

Query OK, 0 rows affected (0.00 sec)

Query OK, 0 rows affected (0.00 sec)
Statement prepared

Query OK, 53 rows affected (0.05 sec)
Records: 53  Duplicates: 0  Warnings: 0

Query OK, 0 rows affected (0.00 sec)

Query OK, 0 rows affected (0.00 sec)

+----------------------+
| rep_activenumberavg2 |
+----------------------+
|                 2384 |
+----------------------+
1 row in set (0.00 sec)

+------------------------+
| rep_activenumberavg_pv |
+------------------------+
|                     53 |
+------------------------+
1 row in set (0.00 sec)

Query OK, 0 rows affected (0.01 sec)

Query OK, 2383 rows affected (0.36 sec)
Records: 2383  Duplicates: 0  Warnings: 0

Query OK, 0 rows affected (0.00 sec)

Query OK, 0 rows affected (0.00 sec)

Query OK, 0 rows affected (0.00 sec)

Query OK, 0 rows affected (0.00 sec)

Query OK, 0 rows affected (0.00 sec)
Statement prepared

Query OK, 53 rows affected (0.05 sec)
Records: 53  Duplicates: 0  Warnings: 0

Query OK, 0 rows affected (0.00 sec)

Query OK, 0 rows affected (0.00 sec)

+-------------------------+
| rep_activenumberavgMahe |
+-------------------------+
|                    2383 |
+-------------------------+
1 row in set (0.00 sec)

+----------------------------+
| rep_activenumberavgMahe_pv |
+----------------------------+
|                         53 |
+----------------------------+
1 row in set (0.00 sec)

Query OK, 0 rows affected (0.00 sec)

Query OK, 1512 rows affected (0.16 sec)
Records: 1512  Duplicates: 0  Warnings: 0

Query OK, 0 rows affected (0.00 sec)

Query OK, 0 rows affected (0.00 sec)

Query OK, 0 rows affected (0.01 sec)

Query OK, 0 rows affected (0.00 sec)

Query OK, 0 rows affected (0.00 sec)
Statement prepared

Query OK, 40 rows affected (0.03 sec)
Records: 40  Duplicates: 0  Warnings: 0

Query OK, 0 rows affected (0.00 sec)

Query OK, 0 rows affected (0.00 sec)

+----------------------------+
| rep_activenumberavgPraslin |
+----------------------------+
|                       1512 |
+----------------------------+
1 row in set (0.00 sec)

+-------------------------------+
| rep_activenumberavgPraslin_pv |
+-------------------------------+
|                            40 |
+-------------------------------+
1 row in set (0.00 sec)

mysql> mysql \. C:\workspace\cloud\code\sql\_DailyScript\currenttime.sql
+---------------------+
| currenttime         |
+---------------------+
| 2021-02-19 09:59:40 |
+---------------------+
1 row in set (0.00 sec)

mysql> 
mysql> mysql \. C:\workspace\cloud\code\sql\_DailyScript\budget_actual_analysis_2021.sql
Query OK, 0 rows affected (0.01 sec)

Query OK, 634 rows affected, 3 warnings (0.09 sec)
Records: 634  Duplicates: 0  Warnings: 3

+--------------------+
| budget_actual_2021 |
+--------------------+
|                634 |
+--------------------+
1 row in set (0.00 sec)

Query OK, 0 rows affected (0.01 sec)

Query OK, 47 rows affected (0.04 sec)
Records: 47  Duplicates: 0  Warnings: 0

+---------------------------+
| rep_budget_actual_2021_pv |
+---------------------------+
|                        47 |
+---------------------------+
1 row in set (0.00 sec)

mysql> mysql \. C:\workspace\cloud\code\sql\_DailyScript\currenttime.sql
+---------------------+
| currenttime         |
+---------------------+
| 2021-02-19 09:59:40 |
+---------------------+
1 row in set (0.00 sec)

mysql> 
mysql> mysql \. C:\workspace\cloud\code\sql\_DailyScript\reports-sales-addons-prepaid-camera.sql
Database changed
Query OK, 0 rows affected (0.01 sec)

Query OK, 4251 rows affected (0.22 sec)
Records: 4251  Duplicates: 0  Warnings: 0

Query OK, 0 rows affected (0.01 sec)

Query OK, 22360 rows affected (17.34 sec)
Records: 22360  Duplicates: 0  Warnings: 0

+--------------------+
| rep_prepaid_camera |
+--------------------+
|               4251 |
+--------------------+
1 row in set (0.01 sec)

+-----------+
| rep_addon |
+-----------+
|     22360 |
+-----------+
1 row in set (0.01 sec)

mysql> mysql \. C:\workspace\cloud\code\sql\_DailyScript\currenttime.sql
+---------------------+
| currenttime         |
+---------------------+
| 2021-02-19 09:59:58 |
+---------------------+
1 row in set (0.00 sec)

mysql> 
mysql> mysql \. C:\workspace\cloud\code\sql\_DailyScript\RCB_ClientAnalyticsReport_Script.sql
Database changed
Query OK, 0 rows affected (0.00 sec)

Query OK, 0 rows affected (0.06 sec)

Query OK, 2025840 rows affected (1 min 14.04 sec)
Records: 2025840  Duplicates: 0  Warnings: 0

Query OK, 0 rows affected (5.84 sec)
Records: 0  Duplicates: 0  Warnings: 0

Query OK, 0 rows affected (4.85 sec)
Records: 0  Duplicates: 0  Warnings: 0

Query OK, 0 rows affected (7.92 sec)
Records: 0  Duplicates: 0  Warnings: 0

Query OK, 0 rows affected (8.34 sec)
Records: 0  Duplicates: 0  Warnings: 0

Query OK, 0 rows affected (9.16 sec)
Records: 0  Duplicates: 0  Warnings: 0

Query OK, 0 rows affected (7.74 sec)
Records: 0  Duplicates: 0  Warnings: 0

Query OK, 0 rows affected (0.00 sec)

Query OK, 504298 rows affected (16.55 sec)
Rows matched: 2025840  Changed: 504298  Warnings: 0

Query OK, 0 rows affected (0.01 sec)

Query OK, 28575 rows affected (4.36 sec)
Records: 28575  Duplicates: 0  Warnings: 0

+---------------------+
| clientcontractssubs |
+---------------------+
|               28575 |
+---------------------+
1 row in set (0.01 sec)

Query OK, 0 rows affected (0.02 sec)

Query OK, 44529 rows affected (11 min 26.78 sec)
Records: 44529  Duplicates: 0  Warnings: 0

Query OK, 0 rows affected (0.17 sec)
Records: 0  Duplicates: 0  Warnings: 0

Query OK, 0 rows affected (0.17 sec)
Records: 0  Duplicates: 0  Warnings: 0

Query OK, 0 rows affected (0.09 sec)
Records: 0  Duplicates: 0  Warnings: 0

+-----------------------+
| clientcontracthistory |
+-----------------------+
|                 44529 |
+-----------------------+
1 row in set (0.01 sec)

Query OK, 0 rows affected (0.03 sec)

Query OK, 2742636 rows affected (1 min 42.24 sec)
Records: 2742636  Duplicates: 0  Warnings: 0

Query OK, 0 rows affected (0.04 sec)

Query OK, 473007 rows affected (12 min 46.41 sec)
Records: 473007  Duplicates: 0  Warnings: 0

Query OK, 0 rows affected (1.69 sec)
Records: 0  Duplicates: 0  Warnings: 0

Query OK, 0 rows affected (1.00 sec)
Records: 0  Duplicates: 0  Warnings: 0

Query OK, 0 rows affected (2.08 sec)
Records: 0  Duplicates: 0  Warnings: 0

Query OK, 0 rows affected (1.08 sec)
Records: 0  Duplicates: 0  Warnings: 0

+--------------------------+
| clientcontractinvpmt_stg |
+--------------------------+
|                   473007 |
+--------------------------+
1 row in set (0.83 sec)

Query OK, 0 rows affected (0.03 sec)

Query OK, 473007 rows affected (11.09 sec)
Records: 473007  Duplicates: 0  Warnings: 0

Query OK, 0 rows affected (1.76 sec)
Records: 0  Duplicates: 0  Warnings: 0

Query OK, 0 rows affected (0.99 sec)
Records: 0  Duplicates: 0  Warnings: 0

Query OK, 0 rows affected (2.01 sec)
Records: 0  Duplicates: 0  Warnings: 0

Query OK, 0 rows affected (1.04 sec)
Records: 0  Duplicates: 0  Warnings: 0

+----------------------+
| clientcontractinvpmt |
+----------------------+
|               473007 |
+----------------------+
1 row in set (0.79 sec)

Query OK, 0 rows affected (0.01 sec)

Query OK, 44529 rows affected (1 min 42.50 sec)
Records: 44529  Duplicates: 0  Warnings: 0

+--------------+
| clientreport |
+--------------+
|        44529 |
+--------------+
1 row in set (0.02 sec)

Query OK, 0 rows affected (0.01 sec)

Query OK, 44529 rows affected (5.88 sec)
Records: 44529  Duplicates: 0  Warnings: 0

+----------------------+
| clientextendedreport |
+----------------------+
|                44529 |
+----------------------+
1 row in set (0.01 sec)

Query OK, 0 rows affected (0.01 sec)

Query OK, 44529 rows affected (1 min 5.49 sec)
Records: 44529  Duplicates: 0  Warnings: 0

+---------+
| allcust |
+---------+
|   44529 |
+---------+
1 row in set (0.01 sec)

Query OK, 0 rows affected, 1 warning (0.00 sec)

Query OK, 5000 rows affected (0.15 sec)
Records: 5000  Duplicates: 0  Warnings: 0

Query OK, 0 rows affected (0.01 sec)

Query OK, 6850 rows affected (0.26 sec)
Records: 6850  Duplicates: 0  Warnings: 0

Query OK, 0 rows affected, 1 warning (0.00 sec)

Query OK, 5000 rows affected (0.13 sec)
Records: 5000  Duplicates: 0  Warnings: 0

Query OK, 0 rows affected (0.01 sec)

Query OK, 7273 rows affected (0.17 sec)
Records: 7273  Duplicates: 0  Warnings: 0

mysql> mysql \. C:\workspace\cloud\code\sql\_DailyScript\currenttime.sql
+---------------------+
| currenttime         |
+---------------------+
| 2021-02-19 10:31:32 |
+---------------------+
1 row in set (0.00 sec)

mysql> 
mysql> 
mysql> mysql \. C:\workspace\cloud\code\sql\_DailyScript\REVENUE_PER_NODE_MXK.sql
Query OK, 0 rows affected (0.01 sec)

Query OK, 0 rows affected (0.03 sec)

Query OK, 0 rows affected (0.01 sec)

Query OK, 7265 rows affected (2.28 sec)
Records: 7265  Duplicates: 0  Warnings: 0

+----------------------+
| message              |
+----------------------+
| created temp table a |
+----------------------+
1 row in set (0.00 sec)

Query OK, 6786 rows affected (1.00 sec)
Records: 6786  Duplicates: 0  Warnings: 0

+----------------------+
| message              |
+----------------------+
| created temp table b |
+----------------------+
1 row in set (0.00 sec)

Query OK, 0 rows affected, 1 warning (0.00 sec)

Query OK, 7571 rows affected (18.90 sec)
Records: 7571  Duplicates: 0  Warnings: 0

+--------------------------------+
| message                        |
+--------------------------------+
| created rcbill_my.tempcustmxk1 |
+--------------------------------+
1 row in set (0.00 sec)

Query OK, 0 rows affected (0.01 sec)

Query OK, 0 rows affected (0.01 sec)

Query OK, 0 rows affected, 1 warning (0.00 sec)

Query OK, 7265 rows affected (1.79 sec)
Records: 7265  Duplicates: 0  Warnings: 0

+----------------+
| message        |
+----------------+
| created temp a |
+----------------+
1 row in set (0.00 sec)

Query OK, 6786 rows affected (0.92 sec)
Records: 6786  Duplicates: 0  Warnings: 0

+----------------+
| message        |
+----------------+
| created temp b |
+----------------+
1 row in set (0.00 sec)

Query OK, 0 rows affected, 1 warning (0.00 sec)

Query OK, 6890 rows affected (10.57 sec)
Records: 6890  Duplicates: 0  Warnings: 0

+--------------------------------+
| message                        |
+--------------------------------+
| created rcbill_my.tempcustmxk2 |
+--------------------------------+
1 row in set (0.00 sec)

Query OK, 0 rows affected (0.01 sec)

Query OK, 0 rows affected (0.00 sec)

Query OK, 0 rows affected, 1 warning (0.00 sec)

Query OK, 0 rows affected (0.01 sec)

Query OK, 8461 rows affected (0.41 sec)
Records: 8461  Duplicates: 0  Warnings: 0

+---------------------------------+
| message                         |
+---------------------------------+
| created rcbill_my.customers_mxk |
+---------------------------------+
1 row in set (0.00 sec)

Query OK, 0 rows affected (0.00 sec)

Query OK, 0 rows affected (0.00 sec)

Query OK, 14355 rows affected (5.96 sec)
Records: 14355  Duplicates: 0  Warnings: 0

+----------------+
| message        |
+----------------+
| created temp a |
+----------------+
1 row in set (0.00 sec)

Query OK, 19193 rows affected (1.91 sec)
Records: 19193  Duplicates: 0  Warnings: 0

+----------------+
| message        |
+----------------+
| created temp c |
+----------------+
1 row in set (0.00 sec)

Query OK, 0 rows affected, 1 warning (0.00 sec)

Query OK, 27128 rows affected (0.40 sec)
Records: 27128  Duplicates: 0  Warnings: 0

+---------------------------------+
| message                         |
+---------------------------------+
| created rcbill_my.tempcustcmts1 |
+---------------------------------+
1 row in set (0.00 sec)

Query OK, 0 rows affected (0.01 sec)

Query OK, 0 rows affected, 1 warning (0.00 sec)

Query OK, 0 rows affected (0.01 sec)

Query OK, 14355 rows affected (5.99 sec)
Records: 14355  Duplicates: 0  Warnings: 0

+----------------+
| message        |
+----------------+
| created temp a |
+----------------+
1 row in set (0.00 sec)

Query OK, 19193 rows affected (1.75 sec)
Records: 19193  Duplicates: 0  Warnings: 0

+----------------+
| message        |
+----------------+
| created temp c |
+----------------+
1 row in set (0.00 sec)

Query OK, 0 rows affected, 1 warning (0.00 sec)

Query OK, 19777 rows affected (0.32 sec)
Records: 19777  Duplicates: 0  Warnings: 0

+---------------------------------+
| message                         |
+---------------------------------+
| created rcbill_my.tempcustcmts2 |
+---------------------------------+
1 row in set (0.00 sec)

Query OK, 0 rows affected (0.01 sec)

Query OK, 0 rows affected, 1 warning (0.00 sec)

Query OK, 0 rows affected (0.01 sec)

Query OK, 0 rows affected (0.01 sec)

Query OK, 14493 rows affected (0.98 sec)
Records: 14493  Duplicates: 0  Warnings: 0

+----------------------------------+
| message                          |
+----------------------------------+
| created rcbill_my.customers_cmts |
+----------------------------------+
1 row in set (0.00 sec)

Query OK, 0 rows affected (0.00 sec)

Query OK, 0 rows affected (0.01 sec)

Query OK, 0 rows affected (0.01 sec)

Query OK, 18832 rows affected (0.80 sec)
Records: 18832  Duplicates: 0  Warnings: 0

+--------------------------------------+
| message                              |
+--------------------------------------+
| created rcbill_my.customers_cmts_mxk |
+--------------------------------------+
1 row in set (0.00 sec)

Query OK, 499284 rows affected (1 min 7.16 sec)
Records: 499284  Duplicates: 0  Warnings: 0

+----------------+
| message        |
+----------------+
| created temp a |
+----------------+
1 row in set (0.00 sec)

Query OK, 0 rows affected (0.02 sec)

Query OK, 500006 rows affected (14.26 sec)
Records: 500006  Duplicates: 0  Warnings: 0

+------------------------------------------------+
| message                                        |
+------------------------------------------------+
| created rcbill_my.customers_contracts_cmts_mxk |
+------------------------------------------------+
1 row in set (0.00 sec)

Query OK, 0 rows affected (0.01 sec)

Query OK, 0 rows affected, 1 warning (0.00 sec)

Query OK, 0 rows affected, 1 warning (0.00 sec)

Query OK, 0 rows affected (0.00 sec)

Query OK, 8300 rows affected (3.45 sec)
Rows matched: 8300  Changed: 8300  Warnings: 0

+------------------------------------------------+
| message                                        |
+------------------------------------------------+
| updated rcbill_my.customers_contracts_cmts_mxk |
+------------------------------------------------+
1 row in set (0.00 sec)

Query OK, 0 rows affected (0.13 sec)

Query OK, 2067729 rows affected (5 min 48.91 sec)
Records: 2067729  Duplicates: 0  Warnings: 0

+----------------------------------------+
| message                                |
+----------------------------------------+
| created rcbill_my.customers_collection |
+----------------------------------------+
1 row in set (0.00 sec)

Query OK, 0 rows affected (0.09 sec)

Query OK, 2387850 rows affected (3 min 27.47 sec)
Records: 2387850  Duplicates: 0  Warnings: 0

+------------------------------------------------+
| message                                        |
+------------------------------------------------+
| created rcbill_my.customers_cmts_mxk_cont_coll |
+------------------------------------------------+
1 row in set (0.00 sec)

Query OK, 0 rows affected (0.04 sec)

Query OK, 455763 rows affected (2 min 43.12 sec)
Records: 455763  Duplicates: 0  Warnings: 0

+--------------------------------------------------------+
| message                                                |
+--------------------------------------------------------+
| created rcbill_my.customers_contracts_collection_pivot |
+--------------------------------------------------------+
1 row in set (0.00 sec)

Query OK, 0 rows affected (0.02 sec)

Query OK, 40594 rows affected (2 min 43.93 sec)
Records: 40594  Duplicates: 0  Warnings: 0

+----------------------------------------------+
| message                                      |
+----------------------------------------------+
| created rcbill_my.customers_collection_pivot |
+----------------------------------------------+
1 row in set (0.00 sec)

Query OK, 0 rows affected (0.03 sec)

Query OK, 44529 rows affected (3.79 sec)
Records: 44529  Duplicates: 0  Warnings: 0

+--------------------------------------------+
| message                                    |
+--------------------------------------------+
| created rcbill_my.rep_customers_collection |
+--------------------------------------------+
1 row in set (0.00 sec)

Query OK, 0 rows affected (0.00 sec)

Query OK, 0 rows affected, 1 warning (0.00 sec)

Query OK, 464080 rows affected (13.62 sec)
Records: 464080  Duplicates: 0  Warnings: 0

+-------------------------+
| message                 |
+-------------------------+
| created rcbill_my.tempa |
+-------------------------+
1 row in set (0.00 sec)

Query OK, 0 rows affected, 1 warning (0.00 sec)

Query OK, 455763 rows affected (26.38 sec)
Records: 455763  Duplicates: 0  Warnings: 0

+-------------------------+
| message                 |
+-------------------------+
| created rcbill_my.tempb |
+-------------------------+
1 row in set (0.00 sec)

Query OK, 464080 rows affected (30.23 sec)
Records: 464080  Duplicates: 0  Warnings: 0

+-----------+
| message   |
+-----------+
| created a |
+-----------+
1 row in set (0.00 sec)

Query OK, 455769 rows affected (31.57 sec)
Records: 455769  Duplicates: 0  Warnings: 0

+-----------+
| message   |
+-----------+
| created b |
+-----------+
1 row in set (0.00 sec)

Query OK, 0 rows affected (0.04 sec)

Query OK, 0 rows affected (0.05 sec)

Query OK, 0 rows affected (0.03 sec)

Query OK, 500655 rows affected (1 min 4.94 sec)
Records: 500655  Duplicates: 0  Warnings: 0

+----------------------------------------------+
| message                                      |
+----------------------------------------------+
| created rcbill_my.cust_cont_payment_cmts_mxk |
+----------------------------------------------+
1 row in set (0.00 sec)

Query OK, 0 rows affected (0.01 sec)

Query OK, 0 rows affected (0.01 sec)

Query OK, 0 rows affected, 1 warning (0.00 sec)

Query OK, 0 rows affected (0.01 sec)

Query OK, 44529 rows affected (20.91 sec)
Records: 44529  Duplicates: 0  Warnings: 0

+--------------------------------------------------+
| message                                          |
+--------------------------------------------------+
| created rcbill_my.rep_cust_cont_payment_cmts_mxk |
+--------------------------------------------------+
1 row in set (0.00 sec)

Query OK, 0 rows affected, 1 warning (0.00 sec)

Query OK, 0 rows affected, 1 warning (0.00 sec)

Query OK, 0 rows affected (0.01 sec)

Query OK, 44529 rows affected (11.61 sec)
Records: 44529  Duplicates: 0  Warnings: 0

+----------------------+
| rep_custconsolidated |
+----------------------+
|                44529 |
+----------------------+
1 row in set (0.77 sec)

Query OK, 0 rows affected (0.01 sec)

+------------------------------------+
| message                            |
+------------------------------------+
| creating rcbill_my.rep_custextract |
+------------------------------------+
1 row in set (0.00 sec)

Query OK, 44529 rows affected (1.26 sec)
Records: 44529  Duplicates: 0  Warnings: 0

+-----------------+
| rep_custextract |
+-----------------+
|           44529 |
+-----------------+
1 row in set (0.01 sec)

Query OK, 0 rows affected (0.00 sec)

Query OK, 0 rows affected (0.01 sec)

+----------------------------------------------+
| message                                      |
+----------------------------------------------+
| creating rcbill_my.retentioncustomeractivity |
+----------------------------------------------+
1 row in set (0.00 sec)

Query OK, 875 rows affected (0.25 sec)
Records: 875  Duplicates: 0  Warnings: 0

+---------------------------+
| retentioncustomeractivity |
+---------------------------+
|                       875 |
+---------------------------+
1 row in set (0.00 sec)

+-----------+------------------------------------+------------+-------------+-----------------+------------------+---------------------+-------------------+
| HFC_NODE  | NODENAME                           | CMTS_DATE  | INSERTED_ON | UNIQUE_ACCOUNTS | UNIQUE_CONTRACTS | UNIQUE_MAC_INRCBOSS | UNIQUE_MAC_INCMTS |
+-----------+------------------------------------+------------+-------------+-----------------+------------------+---------------------+-------------------+
| NULL      | NULL                               | NULL       | 2021-02-19  |            7070 |             7457 |                7506 |                 0 |
| C5/0/0/U0 | ANSE-BOILEAU-2                     | 2020-11-23 | 2021-02-19  |             192 |              196 |                 192 |               194 |
| C5/0/0/U1 | 500-C3-ANSE-BOILEAU                | 2020-11-23 | 2021-02-19  |             202 |              206 |                 202 |               205 |
| C5/0/1/U0 | 501-C4-LA-MISIERE-LEFT-I           | 2020-11-23 | 2021-02-19  |             155 |              159 |                 155 |               157 |
| C5/0/1/U1 | 501-C5-LA-MISIERE-RIGHT            | 2020-11-23 | 2021-02-19  |             110 |              112 |                 110 |               114 |
| C5/0/1/U2 | 501-C7-LA-MISIERE-LEFT-II          | 2020-11-23 | 2021-02-19  |             160 |              163 |                 160 |               162 |
| C5/0/2/U0 | 502-C8-LA-LOUISE                   | 2020-11-23 | 2021-02-19  |             139 |              139 |                 139 |               139 |
| C5/0/2/U1 | LA-LOUISE-2                        | 2020-11-23 | 2021-02-19  |             141 |              142 |                 141 |               144 |
| C5/0/3/U0 | 504-C6-PETIT-PARIS                 | 2020-11-23 | 2021-02-19  |             158 |              161 |                 158 |               161 |
| C5/0/3/U1 | PETIT-PARIS-23                     | 2020-11-23 | 2021-02-19  |              74 |               76 |                  74 |                76 |
| C5/0/4/U0 | FOUR-SEASONS                       | 2020-11-23 | 2021-02-19  |               3 |                4 |                   4 |                 5 |
| C5/0/4/U1 | ANCHOR-CAFE-I                      | 2020-11-23 | 2021-02-19  |             160 |              164 |                 160 |               162 |
| C5/0/4/U2 | ANCHOR-CAFE-II                     | 2020-11-23 | 2021-02-19  |             162 |              163 |                 162 |               164 |
| C5/1/0/U0 | POINTE-LARUE-AIRPORT-23            | 2020-11-23 | 2021-02-19  |             109 |              115 |                 110 |               111 |
| C5/1/0/U1 | PPROVIDENCE-23                     | 2020-11-23 | 2021-02-19  |              19 |               22 |                  20 |                21 |
| C5/1/0/U2 | ROSHE-CAIMAN-23                    | 2020-11-23 | 2021-02-19  |              12 |               13 |                  12 |                12 |
| C5/1/0/U3 | HEAD-OFFICE | HO-23                | 2020-11-23 | 2021-02-19  |              27 |               27 |                  27 |                30 |
| C5/1/1/U1 | C5-UNION-VALE                      | 2020-11-23 | 2021-02-19  |             199 |              201 |                 199 |               204 |
| C5/1/3/U0 | POINTE-LARUE-AIRPORT-27            | 2020-11-23 | 2021-02-19  |             150 |              151 |                 150 |               155 |
| C5/1/3/U1 | PPROVIDENCE-27                     | 2020-11-23 | 2021-02-19  |              27 |               27 |                  27 |                27 |
| C5/1/3/U2 | ROSHE-CAIMAN-27                    | 2020-11-23 | 2021-02-19  |              26 |               26 |                  26 |                27 |
| C5/1/3/U3 | HEAD-OFFICE | HO-27                | 2020-11-23 | 2021-02-19  |              18 |               19 |                  18 |                19 |
| C5/1/4/U0 | ANSE-ROYALE-27                     | 2020-11-23 | 2021-02-19  |             104 |              106 |                 104 |               104 |
| C5/1/4/U1 | GLACIS-2-57                        | 2020-11-23 | 2021-02-19  |              69 |               72 |                  69 |                71 |
| C5/1/4/U2 | NULL                               | 2020-11-23 | 2021-02-19  |             107 |              110 |                 107 |               108 |
| C5/1/4/U3 | GLACIS-1                           | 2020-11-23 | 2021-02-19  |              34 |               35 |                  34 |                34 |
| C6/0/1/U0 | SERRET-ROAD-RIGHT/CURIO/PASCAL     | 2020-11-23 | 2021-02-19  |             128 |              130 |                 128 |               128 |
| C6/0/1/U1 | SERRET-ROAD-LEFT/ST.LOUIS/TOWN     | 2020-11-23 | 2021-02-19  |              84 |               89 |                  84 |                87 |
| C6/0/1/U2 | SERRET-ROAD-RIGHT/CURIO/PASCAL-2   | 2020-11-23 | 2021-02-19  |             124 |              126 |                 124 |               124 |
| C6/0/1/U3 | SERRET-ROAD-LEFT/ST.LOUIS/TOWN-2   | 2020-11-23 | 2021-02-19  |              77 |               79 |                  77 |                78 |
| C6/0/2/U0 | SANS-SOUCIS-I                      | 2020-11-23 | 2021-02-19  |              98 |               99 |                  98 |               103 |
| C6/0/2/U1 | SANS-SOUCIS-II                     | 2020-11-23 | 2021-02-19  |             114 |              118 |                 114 |               119 |
| C6/0/2/U2 | BEL-AIR-27                         | 2020-11-23 | 2021-02-19  |              95 |               96 |                  95 |               100 |
| C6/0/2/U3 | BEL-AIR-38                         | 2020-11-23 | 2021-02-19  |              84 |               89 |                  84 |                84 |
| C6/0/3/U0 | LES-MAMELLES-23                    | 2020-11-23 | 2021-02-19  |              84 |               84 |                  84 |                88 |
| C6/0/3/U1 | VICTORIA-23                        | 2020-11-23 | 2021-02-19  |              25 |               26 |                  26 |                29 |
| C6/0/4/U0 | LES-MAMELLES-27                    | 2020-11-23 | 2021-02-19  |              68 |               69 |                  68 |                68 |
| C6/0/4/U1 | VICTORIA-27                        | 2020-11-23 | 2021-02-19  |              16 |               16 |                  16 |                16 |
| C7/1/0/U0 | LA-RETRAITE-23                     | 2020-11-23 | 2021-02-19  |              81 |               86 |                  82 |                88 |
| C7/1/0/U1 | TEA-FACTORY-23                     | 2020-11-23 | 2021-02-19  |              23 |               30 |                  25 |                27 |
| C7/1/0/U2 | PAS-23                             | 2020-11-23 | 2021-02-19  |             101 |              106 |                 102 |               104 |
| C7/1/1/U0 | REEF-ESTATE-23                     | 2020-11-23 | 2021-02-19  |              77 |               79 |                  77 |                78 |
| C7/1/2/U0 | LA-RETRAITE-27                     | 2020-11-23 | 2021-02-19  |              70 |               70 |                  70 |                71 |
| C7/1/2/U1 | TEA-FACTORY-27                     | 2020-11-23 | 2021-02-19  |              28 |               34 |                  29 |                29 |
| C7/1/2/U2 | PAS-27                             | 2020-11-23 | 2021-02-19  |              82 |               83 |                  82 |                85 |
| C7/1/3/U0 | MT-BUXTON-27                       | 2020-11-23 | 2021-02-19  |             154 |              157 |                 154 |               158 |
| C7/1/3/U1 | MT-BUXTON-23                       | 2020-11-23 | 2021-02-19  |              86 |               87 |                  86 |                87 |
| C7/1/4/U0 | REEF-ESTATE-27                     | 2020-11-23 | 2021-02-19  |              92 |               93 |                  92 |                93 |
| C8/0/0/U0 | POLICE-ACADEMY-1-27 - POINTE LARUE | 2020-11-23 | 2021-02-19  |             246 |              246 |                 246 |               250 |
| C8/0/0/U1 | NULL                               | 2020-11-23 | 2021-02-19  |              74 |               78 |                  74 |                78 |
| C8/0/1/U0 | NULL                               | 2020-11-23 | 2021-02-19  |             156 |              159 |                 155 |               157 |
| C8/0/1/U1 | POLICE-ACADEMY-2-27 - TURTLE BAY   | 2020-11-23 | 2021-02-19  |             190 |              194 |                 191 |               192 |
| C8/0/2/U0 | BEAU-VALLON-LEFT-1-57              | 2020-11-23 | 2021-02-19  |              11 |               12 |                  12 |                13 |
| C8/0/3/U1 | BEAU-VALLON-RIGHT-2-57             | 2020-11-23 | 2021-02-19  |              10 |               10 |                  10 |                11 |
| C8/1/0/U0 | MA-JOIE-NODE-27                    | 2020-11-23 | 2021-02-19  |              93 |               94 |                  93 |                97 |
| C8/1/0/U1 | BELONIE-27                         | 2020-11-23 | 2021-02-19  |             142 |              144 |                 141 |               145 |
| C8/1/0/U3 | MA-JOIE-NODE-23                    | 2020-11-23 | 2021-02-19  |              89 |               90 |                  88 |                90 |
| C8/1/1/U0 | 611-C1-ROJN I                      | 2020-11-23 | 2021-02-19  |             127 |              128 |                 127 |               129 |
| C8/1/1/U1 | 611-C5-ROJN II                     | 2020-11-23 | 2021-02-19  |             113 |              114 |                 113 |               114 |
| C8/1/2/U0 | 612-C2-ANSE-ETOILE                 | 2020-11-23 | 2021-02-19  |             102 |              102 |                 102 |               103 |
| C8/1/2/U1 | ANSE-ETOILE-U2                     | 2020-11-23 | 2021-02-19  |              69 |               69 |                  69 |                70 |
| C8/1/3/U0 | 613-C3-ANSE-GAULETTE I             | 2020-11-23 | 2021-02-19  |              78 |               85 |                  78 |                80 |
| C8/1/3/U1 | 613-C7-ANSE-GAULETTE II            | 2020-11-23 | 2021-02-19  |              75 |               77 |                  75 |                78 |
| C8/1/3/U2 | 613-C3-ANSE-GAULETTE III           | 2020-11-23 | 2021-02-19  |              40 |               40 |                  40 |                41 |
| C8/1/3/U3 | TAKAMAKA I                         | 2020-11-23 | 2021-02-19  |             105 |              107 |                 105 |               108 |
| C8/1/3/U4 | TAKAMAKA II                        | 2020-11-23 | 2021-02-19  |              92 |               94 |                  92 |                95 |
| C8/1/4/U0 | 614-BEOLIERE-NODE-1                | 2020-11-23 | 2021-02-19  |              94 |               95 |                  94 |                96 |
| C8/1/4/U1 | 614-BEOLIERE-NODE-2                | 2020-11-23 | 2021-02-19  |             140 |              144 |                 140 |               143 |
+-----------+------------------------------------+------------+-------------+-----------------+------------------+---------------------+-------------------+
68 rows in set (0.18 sec)

+-----------------------+------------+-------------+-----------------+------------------+----------------------+-------------------+
| MXK_NAME              | MXK_DATE   | INSERTED_ON | UNIQUE_ACCOUNTS | UNIQUE_CONTRACTS | UNIQUE_FSAN_INRCBOSS | UNIQUE_FSAN_INMXK |
+-----------------------+------------+-------------+-----------------+------------------+----------------------+-------------------+
| NULL                  | NULL       | 2021-02-19  |            1521 |             1567 |                 1554 |                 0 |
| MXK-MAHE-ANSEETOILE   | 2020-07-27 | 2021-02-19  |             376 |              380 |                  378 |               398 |
| MXK-MAHE-ANSEROYALE   | 2020-07-27 | 2021-02-19  |             172 |              172 |                  172 |               198 |
| MXK-MAHE-BEAUVALLON-1 | 2020-07-27 | 2021-02-19  |            1791 |             1814 |                 1806 |              1919 |
| MXK-MAHE-BEAUVALLON-2 | 2020-07-27 | 2021-02-19  |              25 |               25 |                   25 |                30 |
| MXK-MAHE-PERSEVERANCE | 2020-07-27 | 2021-02-19  |            1058 |             1069 |                 1069 |              1241 |
| MXK-MAHE-PROVIDENCE   | 2020-07-27 | 2021-02-19  |             992 |             1021 |                  945 |              1192 |
| MXK-PRASLIN-GRANDANSE | 2020-07-27 | 2021-02-19  |            1285 |             1288 |                 1281 |              1514 |
+-----------------------+------------+-------------+-----------------+------------------+----------------------+-------------------+
8 rows in set (0.09 sec)

mysql> mysql \. C:\workspace\cloud\code\sql\_DailyScript\currenttime.sql
+---------------------+
| currenttime         |
+---------------------+
| 2021-02-19 10:52:01 |
+---------------------+
1 row in set (0.00 sec)

mysql> 
mysql> mysql \. C:\workspace\cloud\code\sql\_DailyScript\housing-estate-analysis.sql
Database changed
Query OK, 0 rows affected (0.00 sec)

Query OK, 3675 rows affected (52.84 sec)
Records: 3675  Duplicates: 0  Warnings: 0

+--------------------+
| rep_housingestates |
+--------------------+
|               3675 |
+--------------------+
1 row in set (0.00 sec)

mysql> mysql \. C:\workspace\cloud\code\sql\_DailyScript\currenttime.sql
+---------------------+
| currenttime         |
+---------------------+
| 2021-02-19 10:52:54 |
+---------------------+
1 row in set (0.00 sec)

mysql> 
mysql> 
mysql> mysql \. C:\workspace\cloud\code\sql\Analysis\service_tickets_assignments.sql
Query OK, 0 rows affected (0.01 sec)

Query OK, 11525 rows affected (3.55 sec)
Records: 11525  Duplicates: 0  Warnings: 0

+-------------------------+
| rep_servicetickets_2021 |
+-------------------------+
|                   11525 |
+-------------------------+
1 row in set (0.01 sec)

mysql> mysql \. C:\workspace\cloud\code\sql\_DailyScript\currenttime.sql
+---------------------+
| currenttime         |
+---------------------+
| 2021-02-19 10:52:58 |
+---------------------+
1 row in set (0.00 sec)

mysql> 
mysql> mysql \. C:\workspace\cloud\code\sql\_DailyScript\DAILY-SCRIPT-USAGESTATS.sql
Database changed
Query OK, 0 rows affected (0.15 sec)

Query OK, 27153142 rows affected, 65535 warnings (12 min 44.59 sec)
Records: 27153142  Duplicates: 0  Warnings: 27145396

Query OK, 0 rows affected (1 min 15.63 sec)
Records: 0  Duplicates: 0  Warnings: 0

Query OK, 0 rows affected (1 min 12.05 sec)
Records: 0  Duplicates: 0  Warnings: 0

Query OK, 0 rows affected (1 min 13.21 sec)
Records: 0  Duplicates: 0  Warnings: 0

Query OK, 0 rows affected (1 min 5.06 sec)
Records: 0  Duplicates: 0  Warnings: 0

Query OK, 0 rows affected (1 min 45.28 sec)
Records: 0  Duplicates: 0  Warnings: 0

Query OK, 0 rows affected (1 min 53.95 sec)
Records: 0  Duplicates: 0  Warnings: 0

Query OK, 0 rows affected (1 min 45.86 sec)
Records: 0  Duplicates: 0  Warnings: 0

Query OK, 0 rows affected (1 min 11.27 sec)
Records: 0  Duplicates: 0  Warnings: 0

+----------+
| ipusage  |
+----------+
| 27153142 |
+----------+
1 row in set (8.77 sec)

Query OK, 0 rows affected (0.05 sec)

Query OK, 7119176 rows affected (6 min 42.10 sec)
Records: 7119176  Duplicates: 0  Warnings: 0

Query OK, 0 rows affected (23.44 sec)
Records: 0  Duplicates: 0  Warnings: 0

Query OK, 0 rows affected (19.37 sec)
Records: 0  Duplicates: 0  Warnings: 0

Query OK, 0 rows affected (26.66 sec)
Records: 0  Duplicates: 0  Warnings: 0

Query OK, 0 rows affected (29.38 sec)
Records: 0  Duplicates: 0  Warnings: 0

Query OK, 0 rows affected (23.69 sec)
Records: 0  Duplicates: 0  Warnings: 0

+------------------+
| clientcontractip |
+------------------+
|          7119176 |
+------------------+
1 row in set (2.06 sec)

Query OK, 0 rows affected (0.07 sec)

Query OK, 13338509 rows affected (2 min 30.45 sec)
Records: 13338509  Duplicates: 0  Warnings: 0

+---------------------------+
| clientcontractipusage_stg |
+---------------------------+
|                  13338509 |
+---------------------------+
1 row in set (4.99 sec)

+------------------------------------+
| clientcontractipusage_beforeinsert |
+------------------------------------+
|                           13338509 |
+------------------------------------+
1 row in set (6.63 sec)

Query OK, 11449 rows affected (21.77 sec)
Records: 11449  Duplicates: 0  Warnings: 0

+-----------------------------------+
| clientcontractipusage_afterinsert |
+-----------------------------------+
|                          13349958 |
+-----------------------------------+
1 row in set (5.22 sec)

+------------+----------+
| usagedate  | count(*) |
+------------+----------+
| 2021-02-18 |    11449 |
| 2021-02-17 |    11420 |
| 2021-02-16 |    11335 |
| 2021-02-15 |    11624 |
| 2021-02-14 |    11807 |
| 2021-02-13 |    12100 |
| 2021-02-12 |    11519 |
| 2021-02-11 |    11519 |
| 2021-02-10 |    10393 |
| 2021-02-09 |    11025 |
| 2021-02-08 |    11568 |
| 2021-02-07 |    11313 |
| 2021-02-06 |    11486 |
| 2021-02-05 |    11545 |
| 2021-02-04 |    11394 |
+------------+----------+
15 rows in set (0.07 sec)

Query OK, 0 rows affected (0.02 sec)

Query OK, 571637 rows affected (54.59 sec)
Records: 571637  Duplicates: 0  Warnings: 0

Query OK, 0 rows affected (1.84 sec)
Records: 0  Duplicates: 0  Warnings: 0

Query OK, 0 rows affected (1.68 sec)
Records: 0  Duplicates: 0  Warnings: 0

Query OK, 0 rows affected (1.98 sec)
Records: 0  Duplicates: 0  Warnings: 0

Query OK, 0 rows affected (1.11 sec)
Records: 0  Duplicates: 0  Warnings: 0

Query OK, 0 rows affected (1.13 sec)
Records: 0  Duplicates: 0  Warnings: 0

Query OK, 0 rows affected (1.12 sec)
Records: 0  Duplicates: 0  Warnings: 0

Query OK, 0 rows affected (1.11 sec)
Records: 0  Duplicates: 0  Warnings: 0

+-----------------------+
| clientcontractipmonth |
+-----------------------+
|                571637 |
+-----------------------+
1 row in set (0.15 sec)

mysql> mysql \. C:\workspace\cloud\code\sql\_DailyScript\currenttime.sql
+---------------------+
| currenttime         |
+---------------------+
| 2021-02-19 11:30:14 |
+---------------------+
1 row in set (0.00 sec)

mysql> 
mysql> exit
