    -> 
    -> mysql \. C:\workspace\cloud\code\sql\_DailyScript\_setdates.sql
Query OK, 0 rows affected (0.01 sec)

Query OK, 0 rows affected (1.78 sec)

Database changed
Query OK, 0 rows affected (0.00 sec)

Query OK, 0 rows affected (0.00 sec)

Query OK, 0 rows affected (0.00 sec)

Query OK, 0 rows affected (0.00 sec)

Query OK, 0 rows affected (0.00 sec)

Query OK, 0 rows affected (0.00 sec)

Query OK, 0 rows affected (0.00 sec)

Query OK, 0 rows affected (0.00 sec)

Query OK, 0 rows affected (0.00 sec)

Query OK, 0 rows affected (0.00 sec)

Query OK, 0 rows affected (0.00 sec)

Query OK, 0 rows affected (0.00 sec)

Query OK, 0 rows affected (0.00 sec)

Query OK, 0 rows affected (0.00 sec)

Query OK, 0 rows affected (0.00 sec)

Query OK, 0 rows affected (0.00 sec)

Query OK, 0 rows affected (0.00 sec)

Query OK, 0 rows affected (0.00 sec)

Query OK, 0 rows affected (0.00 sec)

Query OK, 0 rows affected (0.00 sec)

Query OK, 0 rows affected (0.00 sec)

Query OK, 0 rows affected (0.00 sec)

mysql> mysql \. C:\workspace\cloud\code\sql\_DailyScript\currenttime.sql
+---------------------+
| currenttime         |
+---------------------+
| 2021-12-28 08:08:40 |
+---------------------+
1 row in set (0.00 sec)

mysql> 
mysql> mysql \. C:\workspace\cloud\code\sql\_DailyScript\load_RCB_VODTITLES.sql
Database changed
Query OK, 0 rows affected (0.00 sec)

Query OK, 17185 rows affected (0.24 sec)

Query OK, 17187 rows affected, 17187 warnings (0.47 sec)
Records: 17187  Deleted: 0  Skipped: 0  Warnings: 17187

Query OK, 0 rows affected (0.00 sec)

Query OK, 2 rows affected (0.02 sec)

+-----------+
| VODTITLES |
+-----------+
|     17645 |
+-----------+
1 row in set (0.01 sec)

+-----------+-----------+
| titletype | typecount |
+-----------+-----------+
| E         |     14665 |
| N         |       245 |
| T         |      2275 |
| NULL      |     17185 |
+-----------+-----------+
4 rows in set (0.08 sec)

mysql> mysql \. C:\workspace\cloud\code\sql\_DailyScript\currenttime.sql
+---------------------+
| currenttime         |
+---------------------+
| 2021-12-28 08:08:41 |
+---------------------+
1 row in set (0.00 sec)

mysql> 
mysql> mysql \. C:\workspace\cloud\code\sql\_DailyScript\DAILY-SCRIPT-LIVETV-STATS.sql
Database changed
Query OK, 0 rows affected (0.03 sec)

Query OK, 112710 rows affected (6 min 18.32 sec)
Records: 112710  Duplicates: 0  Warnings: 0

+------------+------------+----------+--------------+--------------+-----------+-------------+----------+--------+------+------------+---------+---------------+
| Table      | Non_unique | Key_name | Seq_in_index | Column_name  | Collation | Cardinality | Sub_part | Packed | Null | Index_type | Comment | Index_comment |
+------------+------------+----------+--------------+--------------+-----------+-------------+----------+--------+------+------------+---------+---------------+
| templivetv |          1 | idxtv1   |            1 | device       | A         |      112511 |     NULL | NULL   | YES  | BTREE      |         |               |
| templivetv |          1 | idxtv2   |            1 | sessionstart | A         |      112511 |     NULL | NULL   | YES  | BTREE      |         |               |
+------------+------------+----------+--------------+--------------+-----------+-------------+----------+--------+------+------------+---------+---------------+
2 rows in set (0.00 sec)

Query OK, 112958 rows affected (2 min 59.11 sec)
Records: 112958  Duplicates: 0  Warnings: 0

Query OK, 2544 rows affected (0.85 sec)
Records: 2544  Duplicates: 0  Warnings: 0

Query OK, 0 rows affected (0.00 sec)

Query OK, 0 rows affected (0.00 sec)

Query OK, 125 rows affected (0.03 sec)
Records: 125  Duplicates: 0  Warnings: 0

Query OK, 0 rows affected (0.04 sec)

Query OK, 94510 rows affected (23 min 20.22 sec)
Records: 94510  Duplicates: 0  Warnings: 0

+-----------------+
| rep_livetvstats |
+-----------------+
|           94510 |
+-----------------+
1 row in set (0.03 sec)

mysql> mysql \. C:\workspace\cloud\code\sql\_DailyScript\currenttime.sql
+---------------------+
| currenttime         |
+---------------------+
| 2021-12-28 08:41:20 |
+---------------------+
1 row in set (0.00 sec)

mysql> 
mysql> mysql \. C:\workspace\cloud\code\sql\_DailyScript\DAILY-SCRIPT-VODTS-STATS.sql
Database changed
Query OK, 0 rows affected (0.02 sec)

Query OK, 10495 rows affected (38.70 sec)
Records: 10495  Duplicates: 0  Warnings: 0

+---------+------------+----------+--------------+--------------+-----------+-------------+----------+--------+------+------------+---------+---------------+
| Table   | Non_unique | Key_name | Seq_in_index | Column_name  | Collation | Cardinality | Sub_part | Packed | Null | Index_type | Comment | Index_comment |
+---------+------------+----------+--------------+--------------+-----------+-------------+----------+--------+------+------------+---------+---------------+
| tempvod |          1 | idxtvod1 |            1 | device       | A         |       10627 |     NULL | NULL   | YES  | BTREE      |         |               |
| tempvod |          1 | idxtvod2 |            1 | sessionstart | A         |       10627 |     NULL | NULL   | YES  | BTREE      |         |               |
+---------+------------+----------+--------------+--------------+-----------+-------------+----------+--------+------+------------+---------+---------------+
2 rows in set (0.00 sec)

Query OK, 10624 rows affected (6.26 sec)
Records: 10624  Duplicates: 0  Warnings: 0

Query OK, 0 rows affected (0.06 sec)

Query OK, 1679083 rows affected (2 min 36.79 sec)
Records: 1679083  Duplicates: 0  Warnings: 0

+--------------+
| rep_vodstats |
+--------------+
|      1679083 |
+--------------+
1 row in set (0.50 sec)

Database changed
Query OK, 0 rows affected (0.02 sec)

Query OK, 19200 rows affected (1 min 1.05 sec)
Records: 19200  Duplicates: 0  Warnings: 0

+--------+------------+----------+--------------+--------------+-----------+-------------+----------+--------+------+------------+---------+---------------+
| Table  | Non_unique | Key_name | Seq_in_index | Column_name  | Collation | Cardinality | Sub_part | Packed | Null | Index_type | Comment | Index_comment |
+--------+------------+----------+--------------+--------------+-----------+-------------+----------+--------+------+------------+---------+---------------+
| tempts |          1 | idxtts1  |            1 | device       | A         |       19322 |     NULL | NULL   | YES  | BTREE      |         |               |
| tempts |          1 | idxtts2  |            1 | sessionstart | A         |       19322 |     NULL | NULL   | YES  | BTREE      |         |               |
+--------+------------+----------+--------------+--------------+-----------+-------------+----------+--------+------+------------+---------+---------------+
2 rows in set (0.00 sec)

Query OK, 19185 rows affected (18.80 sec)
Records: 19185  Duplicates: 0  Warnings: 0

Query OK, 0 rows affected (0.02 sec)

Query OK, 56448 rows affected (1 min 24.67 sec)
Records: 56448  Duplicates: 0  Warnings: 0

+-------------+
| rep_tsstats |
+-------------+
|       56448 |
+-------------+
1 row in set (0.02 sec)

mysql> mysql \. C:\workspace\cloud\code\sql\_DailyScript\currenttime.sql
+---------------------+
| currenttime         |
+---------------------+
| 2021-12-28 08:47:27 |
+---------------------+
1 row in set (0.00 sec)

mysql> 
mysql> mysql \. C:\workspace\cloud\code\sql\_DailyScript\DAILY-SCRIPT-RADIO-STATS.sql
Database changed
Query OK, 0 rows affected (0.03 sec)

Query OK, 520861 rows affected (8.45 sec)
Records: 520861  Duplicates: 0  Warnings: 0

+-----------+------------+----------+--------------+--------------+-----------+-------------+----------+--------+------+------------+---------+---------------+
| Table     | Non_unique | Key_name | Seq_in_index | Column_name  | Collation | Cardinality | Sub_part | Packed | Null | Index_type | Comment | Index_comment |
+-----------+------------+----------+--------------+--------------+-----------+-------------+----------+--------+------+------------+---------+---------------+
| tempradio |          1 | idxtrad1 |            1 | device       | A         |      520056 |     NULL | NULL   | YES  | BTREE      |         |               |
| tempradio |          1 | idxtrad2 |            1 | sessionstart | A         |      520056 |     NULL | NULL   | YES  | BTREE      |         |               |
+-----------+------------+----------+--------------+--------------+-----------+-------------+----------+--------+------+------------+---------+---------------+
2 rows in set (0.00 sec)

Query OK, 683 rows affected (1.65 sec)
Records: 683  Duplicates: 0  Warnings: 0

Query OK, 0 rows affected (0.01 sec)

Query OK, 7387 rows affected (0.96 sec)
Records: 7387  Duplicates: 0  Warnings: 0

+----------------+
| rep_radiostats |
+----------------+
|           7387 |
+----------------+
1 row in set (0.01 sec)

mysql> mysql \. C:\workspace\cloud\code\sql\_DailyScript\currenttime.sql
+---------------------+
| currenttime         |
+---------------------+
| 2021-12-28 08:47:38 |
+---------------------+
1 row in set (0.00 sec)

mysql> 
mysql> mysql \. C:\workspace\cloud\code\sql\_DailyScript\DAILY_SCRIPT_TELEMETRY_PIVOT_2021.sql
Query OK, 0 rows affected (0.01 sec)

Query OK, 141 rows affected (0.33 sec)
Records: 141  Duplicates: 0  Warnings: 0

Query OK, 0 rows affected (0.01 sec)

Query OK, 15701 rows affected (4.71 sec)
Records: 15701  Duplicates: 0  Warnings: 0

Query OK, 0 rows affected (0.01 sec)

Query OK, 6 rows affected (0.03 sec)
Records: 6  Duplicates: 0  Warnings: 0

Query OK, 0 rows affected (0.01 sec)

Query OK, 46 rows affected (0.08 sec)
Records: 46  Duplicates: 0  Warnings: 0

mysql> mysql \. C:\workspace\cloud\code\sql\_DailyScript\currenttime.sql
+---------------------+
| currenttime         |
+---------------------+
| 2021-12-28 08:47:43 |
+---------------------+
1 row in set (0.00 sec)

mysql> 
mysql> mysql \. C:\workspace\cloud\code\sql\_DailyScript\telemetry_livetv_ranking2021.sql
Query OK, 0 rows affected (0.01 sec)

Query OK, 141 rows affected (0.03 sec)
Records: 141  Duplicates: 0  Warnings: 0

mysql> mysql \. C:\workspace\cloud\code\sql\_DailyScript\currenttime.sql
+---------------------+
| currenttime         |
+---------------------+
| 2021-12-28 08:47:43 |
+---------------------+
1 row in set (0.00 sec)

mysql> 
mysql> mysql \. C:\workspace\cloud\code\sql\_DailyScript\telemetry_radio_ranking2021.sql
Query OK, 0 rows affected (0.01 sec)

Query OK, 6 rows affected (0.02 sec)
Records: 6  Duplicates: 0  Warnings: 0

mysql> mysql \. C:\workspace\cloud\code\sql\_DailyScript\currenttime.sql
+---------------------+
| currenttime         |
+---------------------+
| 2021-12-28 08:47:43 |
+---------------------+
1 row in set (0.00 sec)

mysql> 
mysql> mysql \. C:\workspace\cloud\code\sql\_DailyScript\telemetry_ts_ranking2021.sql
Query OK, 0 rows affected (0.01 sec)

Query OK, 46 rows affected (0.02 sec)
Records: 46  Duplicates: 0  Warnings: 0

mysql> mysql \. C:\workspace\cloud\code\sql\_DailyScript\currenttime.sql
+---------------------+
| currenttime         |
+---------------------+
| 2021-12-28 08:47:43 |
+---------------------+
1 row in set (0.00 sec)

mysql> 
mysql> mysql \. C:\workspace\cloud\code\sql\_DailyScript\telemetry_vod_ranking2021.sql
Query OK, 0 rows affected (0.01 sec)

Query OK, 15701 rows affected (0.93 sec)
Records: 15701  Duplicates: 0  Warnings: 0

mysql> mysql \. C:\workspace\cloud\code\sql\_DailyScript\currenttime.sql
+---------------------+
| currenttime         |
+---------------------+
| 2021-12-28 08:47:44 |
+---------------------+
1 row in set (0.00 sec)

mysql> 
mysql> mysql \. C:\workspace\cloud\code\sql\_DailyScript\telemetry_vod_ranking2021_1.sql
Query OK, 0 rows affected (0.03 sec)

Query OK, 15701 rows affected (0.42 sec)
Records: 15701  Duplicates: 0  Warnings: 0

mysql> mysql \. C:\workspace\cloud\code\sql\_DailyScript\currenttime.sql
+---------------------+
| currenttime         |
+---------------------+
| 2021-12-28 08:47:45 |
+---------------------+
1 row in set (0.00 sec)

mysql> 
mysql> mysql \. C:\workspace\cloud\code\sql\_DailyScript\telemetry_vod_ranking2021_2.sql
Query OK, 0 rows affected (0.01 sec)

Query OK, 15701 rows affected (0.41 sec)
Records: 15701  Duplicates: 0  Warnings: 0

mysql> mysql \. C:\workspace\cloud\code\sql\_DailyScript\currenttime.sql
+---------------------+
| currenttime         |
+---------------------+
| 2021-12-28 08:47:45 |
+---------------------+
1 row in set (0.00 sec)

mysql> 
mysql> mysql \. C:\workspace\cloud\code\sql\_DailyScript\DAILY-SCRIPT-CREATE-LOAD.sql
Database changed
Database changed
Query OK, 0 rows affected (0.03 sec)

Query OK, 0 rows affected (0.02 sec)

Database changed
Query OK, 68980 rows affected, 65535 warnings (2.87 sec)
Records: 68980  Deleted: 0  Skipped: 0  Warnings: 206583

Query OK, 0 rows affected (0.15 sec)
Records: 0  Duplicates: 0  Warnings: 0

Query OK, 0 rows affected (0.27 sec)
Records: 0  Duplicates: 0  Warnings: 0

Query OK, 0 rows affected (0.27 sec)
Records: 0  Duplicates: 0  Warnings: 0

Query OK, 0 rows affected (0.25 sec)
Records: 0  Duplicates: 0  Warnings: 0

+---------+
| clients |
+---------+
|   68980 |
+---------+
1 row in set (0.02 sec)

Query OK, 0 rows affected (0.01 sec)

Query OK, 17173 rows affected (7.75 sec)
Records: 17173  Duplicates: 0  Warnings: 0

Query OK, 0 rows affected (0.07 sec)
Records: 0  Duplicates: 0  Warnings: 0

+-------------------+
| rcb_clientparcels |
+-------------------+
|             17173 |
+-------------------+
1 row in set (0.01 sec)

Query OK, 0 rows affected (0.02 sec)

Query OK, 109236 rows affected (4.17 sec)
Records: 109236  Duplicates: 0  Warnings: 0

Query OK, 0 rows affected (0.33 sec)
Records: 0  Duplicates: 0  Warnings: 0

Query OK, 0 rows affected (0.02 sec)

Query OK, 68980 rows affected (1 min 17.39 sec)
Records: 68980  Duplicates: 0  Warnings: 0

Query OK, 0 rows affected (0.22 sec)
Records: 0  Duplicates: 0  Warnings: 0

Query OK, 0 rows affected (0.23 sec)
Records: 0  Duplicates: 0  Warnings: 0

Query OK, 0 rows affected (0.19 sec)
Records: 0  Duplicates: 0  Warnings: 0

+---------------+
| clientaddress |
+---------------+
|         68980 |
+---------------+
1 row in set (0.02 sec)

Database changed
Query OK, 0 rows affected (0.12 sec)

Query OK, 0 rows affected (0.01 sec)

Database changed
Query OK, 568760 rows affected, 65535 warnings (18.32 sec)
Records: 568760  Deleted: 0  Skipped: 0  Warnings: 3337847

Query OK, 0 rows affected (1.27 sec)
Records: 0  Duplicates: 0  Warnings: 0

Query OK, 0 rows affected (2.44 sec)
Records: 0  Duplicates: 0  Warnings: 0

Query OK, 0 rows affected (1.26 sec)
Records: 0  Duplicates: 0  Warnings: 0

Query OK, 0 rows affected (0.06 sec)

Query OK, 568760 rows affected (44.11 sec)
Records: 568760  Duplicates: 0  Warnings: 0

Query OK, 0 rows affected (2.01 sec)
Records: 0  Duplicates: 0  Warnings: 0

Query OK, 0 rows affected (1.59 sec)
Records: 0  Duplicates: 0  Warnings: 0

+-----------+
| contracts |
+-----------+
|    568760 |
+-----------+
1 row in set (0.16 sec)

+-----------------+
| contractaddress |
+-----------------+
|          568760 |
+-----------------+
1 row in set (0.15 sec)

Database changed
Query OK, 0 rows affected (0.01 sec)

Query OK, 0 rows affected (0.01 sec)

Query OK, 8369 rows affected, 33352 warnings (0.15 sec)
Records: 8369  Deleted: 0  Skipped: 0  Warnings: 33352

Query OK, 0 rows affected (0.01 sec)

Query OK, 8336 rows affected (0.19 sec)
Records: 8336  Duplicates: 0  Warnings: 0

Query OK, 0 rows affected (0.05 sec)
Records: 0  Duplicates: 0  Warnings: 0

Query OK, 0 rows affected (0.03 sec)
Records: 0  Duplicates: 0  Warnings: 0

Query OK, 0 rows affected (0.03 sec)
Records: 0  Duplicates: 0  Warnings: 0

Query OK, 0 rows affected (0.01 sec)

Query OK, 6209 rows affected (0.06 sec)
Records: 6209  Duplicates: 0  Warnings: 0

Query OK, 0 rows affected (0.06 sec)
Records: 0  Duplicates: 0  Warnings: 0

+-------------------+
| contractdiscounts |
+-------------------+
|              8369 |
+-------------------+
1 row in set (0.00 sec)

+-------------------------+
| clientcontractdiscounts |
+-------------------------+
|                    8336 |
+-------------------------+
1 row in set (0.00 sec)

+----------------------------+
| clientcontractlastdiscount |
+----------------------------+
|                       6209 |
+----------------------------+
1 row in set (0.00 sec)

Database changed
Query OK, 0 rows affected (0.03 sec)

Query OK, 0 rows affected (0.01 sec)

Database changed
Query OK, 153318 rows affected, 65535 warnings (2.98 sec)
Records: 153318  Deleted: 0  Skipped: 0  Warnings: 249680

Query OK, 0 rows affected (0.28 sec)
Records: 0  Duplicates: 0  Warnings: 0

Query OK, 0 rows affected (0.31 sec)
Records: 0  Duplicates: 0  Warnings: 0

Query OK, 0 rows affected (0.33 sec)
Records: 0  Duplicates: 0  Warnings: 0

Query OK, 0 rows affected (0.31 sec)
Records: 0  Duplicates: 0  Warnings: 0

Query OK, 0 rows affected (0.43 sec)
Records: 0  Duplicates: 0  Warnings: 0

Query OK, 0 rows affected (0.56 sec)
Records: 0  Duplicates: 0  Warnings: 0

Query OK, 0 rows affected (0.14 sec)

Query OK, 1931082 rows affected (1 min 47.78 sec)
Records: 1931082  Duplicates: 0  Warnings: 0

Query OK, 0 rows affected (8.89 sec)
Records: 0  Duplicates: 0  Warnings: 0

+---------+
| devices |
+---------+
|  153318 |
+---------+
1 row in set (0.06 sec)

+-----------------------+
| clientcontractdevices |
+-----------------------+
|               1931082 |
+-----------------------+
1 row in set (0.82 sec)

Query OK, 0 rows affected (0.03 sec)

Query OK, 153157 rows affected (7.01 sec)
Records: 153157  Duplicates: 0  Warnings: 0

+---------------------------+
| rep_clientcontractdevices |
+---------------------------+
|                    153157 |
+---------------------------+
1 row in set (0.04 sec)

Database changed
Query OK, 0 rows affected (0.03 sec)

Query OK, 0 rows affected (0.01 sec)

Query OK, 349259 rows affected (8.01 sec)
Records: 349259  Deleted: 0  Skipped: 0  Warnings: 0

Query OK, 0 rows affected (0.92 sec)
Records: 0  Duplicates: 0  Warnings: 0

Query OK, 0 rows affected (0.79 sec)
Records: 0  Duplicates: 0  Warnings: 0

Query OK, 0 rows affected (0.77 sec)
Records: 0  Duplicates: 0  Warnings: 0

Query OK, 0 rows affected (0.65 sec)
Records: 0  Duplicates: 0  Warnings: 0

+---------+
| tickets |
+---------+
|  349259 |
+---------+
1 row in set (0.09 sec)

Database changed
Query OK, 0 rows affected (0.01 sec)

Query OK, 0 rows affected (0.01 sec)

Empty set (0.00 sec)

Query OK, 0 rows affected (0.03 sec)
Records: 0  Duplicates: 0  Warnings: 0

Query OK, 392 rows affected, 2 warnings (0.04 sec)
Records: 392  Deleted: 0  Skipped: 0  Warnings: 2

+-----------------+
| tickettechusers |
+-----------------+
|             392 |
+-----------------+
1 row in set (0.00 sec)

Database changed
Query OK, 0 rows affected (0.02 sec)

Query OK, 0 rows affected (0.01 sec)

Query OK, 0 rows affected (0.02 sec)
Records: 0  Duplicates: 0  Warnings: 0

Query OK, 789176 rows affected, 2 warnings (12.98 sec)
Records: 789176  Deleted: 0  Skipped: 0  Warnings: 2

+-------------------+
| ticketassignments |
+-------------------+
|            789176 |
+-------------------+
1 row in set (0.21 sec)

Database changed
Query OK, 0 rows affected (0.04 sec)

Query OK, 0 rows affected (0.01 sec)

Query OK, 1564063 rows affected, 65535 warnings (18.99 sec)
Records: 1564063  Deleted: 0  Skipped: 0  Warnings: 1564079

Query OK, 0 rows affected (3.13 sec)
Records: 0  Duplicates: 0  Warnings: 0

Query OK, 0 rows affected (3.02 sec)
Records: 0  Duplicates: 0  Warnings: 0

Query OK, 0 rows affected (2.75 sec)
Records: 0  Duplicates: 0  Warnings: 0

Query OK, 0 rows affected (3.30 sec)
Records: 0  Duplicates: 0  Warnings: 0

+----------------+
| ticketcomments |
+----------------+
|        1564063 |
+----------------+
1 row in set (0.40 sec)

Database changed
Query OK, 0 rows affected (0.02 sec)

Query OK, 0 rows affected (0.01 sec)

Query OK, 501584 rows affected (39.63 sec)
Records: 501584  Deleted: 0  Skipped: 0  Warnings: 0

Query OK, 0 rows affected (2.84 sec)
Records: 0  Duplicates: 0  Warnings: 0

+----------+
| comments |
+----------+
|   501584 |
+----------+
1 row in set (0.15 sec)

Database changed
Query OK, 0 rows affected (0.12 sec)

Query OK, 0 rows affected (0.01 sec)

Query OK, 1997204 rows affected, 65535 warnings (1 min 23.66 sec)
Records: 1997204  Deleted: 0  Skipped: 0  Warnings: 1997299

Query OK, 0 rows affected (3.69 sec)
Records: 0  Duplicates: 0  Warnings: 0

Query OK, 0 rows affected (4.31 sec)
Records: 0  Duplicates: 0  Warnings: 0

Query OK, 0 rows affected (4.45 sec)
Records: 0  Duplicates: 0  Warnings: 0

Query OK, 0 rows affected (4.51 sec)
Records: 0  Duplicates: 0  Warnings: 0

Query OK, 0 rows affected (6.68 sec)
Records: 0  Duplicates: 0  Warnings: 0

+------------+
| devicesold |
+------------+
|    1997204 |
+------------+
1 row in set (0.56 sec)

Database changed
Query OK, 0 rows affected (0.06 sec)

Query OK, 0 rows affected (0.01 sec)

Query OK, 1924558 rows affected, 1 warning (25.43 sec)
Records: 1924558  Deleted: 0  Skipped: 0  Warnings: 1

Query OK, 0 rows affected (3.57 sec)
Records: 0  Duplicates: 0  Warnings: 0

Query OK, 0 rows affected (3.96 sec)
Records: 0  Duplicates: 0  Warnings: 0

Query OK, 0 rows affected (3.96 sec)
Records: 0  Duplicates: 0  Warnings: 0

+------------------+
| contractservices |
+------------------+
|          1924558 |
+------------------+
1 row in set (0.50 sec)

Database changed
Query OK, 0 rows affected (0.09 sec)

Query OK, 0 rows affected (0.01 sec)

Query OK, 4969197 rows affected (2 min 7.31 sec)
Records: 4969197  Deleted: 0  Skipped: 0  Warnings: 0

Query OK, 0 rows affected (23.00 sec)
Records: 0  Duplicates: 0  Warnings: 0

Query OK, 0 rows affected (15.02 sec)
Records: 0  Duplicates: 0  Warnings: 0

Query OK, 0 rows affected (15.91 sec)
Records: 0  Duplicates: 0  Warnings: 0

Query OK, 0 rows affected (19.33 sec)
Records: 0  Duplicates: 0  Warnings: 0

Query OK, 0 rows affected (12.38 sec)
Records: 0  Duplicates: 0  Warnings: 0

+------------------+
| invoicescontents |
+------------------+
|          4969197 |
+------------------+
1 row in set (1.42 sec)

Database changed
Query OK, 0 rows affected (0.11 sec)

Query OK, 0 rows affected (0.01 sec)

Query OK, 3546061 rows affected (3 min 20.35 sec)
Records: 3546061  Deleted: 0  Skipped: 0  Warnings: 0

Query OK, 0 rows affected (22.62 sec)
Records: 0  Duplicates: 0  Warnings: 0

Query OK, 0 rows affected (14.15 sec)
Records: 0  Duplicates: 0  Warnings: 0

Query OK, 0 rows affected (15.47 sec)
Records: 0  Duplicates: 0  Warnings: 0

Query OK, 0 rows affected (12.71 sec)
Records: 0  Duplicates: 0  Warnings: 0

Query OK, 0 rows affected (12.48 sec)
Records: 0  Duplicates: 0  Warnings: 0

Query OK, 0 rows affected (15.70 sec)
Records: 0  Duplicates: 0  Warnings: 0

Query OK, 0 rows affected (14.05 sec)
Records: 0  Duplicates: 0  Warnings: 0

+----------------+
| invoicesheader |
+----------------+
|        3546061 |
+----------------+
1 row in set (0.99 sec)

Database changed
Query OK, 0 rows affected (0.06 sec)

Query OK, 0 rows affected (0.01 sec)

Query OK, 3478392 rows affected (1 min 29.97 sec)
Records: 3478392  Deleted: 0  Skipped: 0  Warnings: 0

Query OK, 0 rows affected (16.79 sec)
Records: 0  Duplicates: 0  Warnings: 0

Query OK, 0 rows affected (9.90 sec)
Records: 0  Duplicates: 0  Warnings: 0

Query OK, 0 rows affected (8.54 sec)
Records: 0  Duplicates: 0  Warnings: 0

Query OK, 0 rows affected (9.11 sec)
Records: 0  Duplicates: 0  Warnings: 0

Query OK, 0 rows affected (10.71 sec)
Records: 0  Duplicates: 0  Warnings: 0

+---------+
| casa    |
+---------+
| 3478392 |
+---------+
1 row in set (0.97 sec)

Query OK, 0 rows affected (0.00 sec)

Query OK, 1631 rows affected (6.50 sec)
Rows matched: 1631  Changed: 1631  Warnings: 0

Query OK, 0 rows affected (0.01 sec)

Query OK, 17368 rows affected (1 min 33.87 sec)
Records: 17368  Duplicates: 0  Warnings: 0

+--------------------+
| rep_paycol_channel |
+--------------------+
|              17368 |
+--------------------+
1 row in set (0.01 sec)

Query OK, 0 rows affected (0.01 sec)

Query OK, 13720 rows affected (1 min 58.25 sec)
Records: 13720  Duplicates: 0  Warnings: 0

+----------------+
| rep_paycol_pos |
+----------------+
|          13720 |
+----------------+
1 row in set (0.01 sec)

Database changed
Query OK, 0 rows affected (0.01 sec)

Query OK, 0 rows affected (0.01 sec)

Database changed
Query OK, 41191 rows affected (1.53 sec)
Records: 41191  Deleted: 0  Skipped: 0  Warnings: 0

+-------+
| users |
+-------+
| 41191 |
+-------+
1 row in set (0.02 sec)

Query OK, 0 rows affected (0.10 sec)
Records: 0  Duplicates: 0  Warnings: 0

Database changed
Query OK, 0 rows affected (0.07 sec)

Query OK, 0 rows affected (0.01 sec)

Query OK, 6353196 rows affected, 2 warnings (1 min 34.84 sec)
Records: 6353196  Deleted: 0  Skipped: 0  Warnings: 2

Query OK, 0 rows affected (22.42 sec)
Records: 0  Duplicates: 0  Warnings: 0

Query OK, 0 rows affected (17.56 sec)
Records: 0  Duplicates: 0  Warnings: 0

Query OK, 0 rows affected (17.33 sec)
Records: 0  Duplicates: 0  Warnings: 0

Query OK, 0 rows affected (19.16 sec)
Records: 0  Duplicates: 0  Warnings: 0

Query OK, 0 rows affected (14.86 sec)
Records: 0  Duplicates: 0  Warnings: 0

+-------------+
| useractions |
+-------------+
|     6353196 |
+-------------+
1 row in set (1.75 sec)

Database changed
Query OK, 0 rows affected (0.16 sec)

Query OK, 0 rows affected (0.01 sec)

Database changed
Query OK, 33830901 rows affected (6 min 2.95 sec)
Records: 33830901  Deleted: 0  Skipped: 0  Warnings: 0

Query OK, 0 rows affected (2 min 7.09 sec)
Records: 0  Duplicates: 0  Warnings: 0

Query OK, 0 rows affected (1 min 23.46 sec)
Records: 0  Duplicates: 0  Warnings: 0

Query OK, 0 rows affected (1 min 32.27 sec)
Records: 0  Duplicates: 0  Warnings: 0

Query OK, 0 rows affected (1 min 22.25 sec)
Records: 0  Duplicates: 0  Warnings: 0

Query OK, 0 rows affected (1 min 48.59 sec)
Records: 0  Duplicates: 0  Warnings: 0

+----------+
| ipusage1 |
+----------+
| 33830901 |
+----------+
1 row in set (14.15 sec)

Query OK, 0 rows affected (0.03 sec)

Query OK, 1924376 rows affected (26.25 sec)
Records: 1924376  Duplicates: 0  Warnings: 0

Query OK, 0 rows affected (10.38 sec)
Records: 0  Duplicates: 0  Warnings: 0

Query OK, 0 rows affected (3.74 sec)
Records: 0  Duplicates: 0  Warnings: 0

Query OK, 0 rows affected (5.28 sec)
Records: 0  Duplicates: 0  Warnings: 0

+------------------------------+
| contractsservicepackageprice |
+------------------------------+
|                      1924376 |
+------------------------------+
1 row in set (0.52 sec)

Query OK, 0 rows affected (0.05 sec)

Query OK, 1924780 rows affected (2 min 17.07 sec)
Records: 1924780  Duplicates: 0  Warnings: 0

Query OK, 0 rows affected (12.67 sec)
Records: 0  Duplicates: 0  Warnings: 0

Query OK, 0 rows affected (9.98 sec)
Records: 0  Duplicates: 0  Warnings: 0

Query OK, 0 rows affected (5.21 sec)
Records: 0  Duplicates: 0  Warnings: 0

Query OK, 0 rows affected (7.94 sec)
Records: 0  Duplicates: 0  Warnings: 0

+------------------------------------+
| clientcontractsservicepackageprice |
+------------------------------------+
|                            1924780 |
+------------------------------------+
1 row in set (0.53 sec)

mysql> mysql \. C:\workspace\cloud\code\sql\_DailyScript\currenttime.sql
+---------------------+
| currenttime         |
+---------------------+
| 2021-12-28 09:32:54 |
+---------------------+
1 row in set (0.00 sec)

mysql> 
mysql> mysql \. C:\workspace\cloud\code\sql\_DailyScript\ticket_analysis.sql
Database changed
Query OK, 0 rows affected (0.03 sec)

Query OK, 925019 rows affected (28.49 sec)
Records: 925019  Duplicates: 0  Warnings: 0

Query OK, 0 rows affected (3.75 sec)
Records: 0  Duplicates: 0  Warnings: 0

Query OK, 0 rows affected (1.86 sec)
Records: 0  Duplicates: 0  Warnings: 0

Query OK, 0 rows affected (1.81 sec)
Records: 0  Duplicates: 0  Warnings: 0

Query OK, 0 rows affected (0.01 sec)

Query OK, 29050 rows affected (16.49 sec)
Records: 29050  Duplicates: 0  Warnings: 0

Query OK, 0 rows affected, 1 warning (0.00 sec)

Query OK, 135661 rows affected (10.04 sec)
Records: 135661  Duplicates: 0  Warnings: 0

Query OK, 0 rows affected, 1 warning (0.00 sec)

Query OK, 683441 rows affected (19.14 sec)
Records: 683441  Duplicates: 0  Warnings: 0

Query OK, 0 rows affected, 1 warning (0.00 sec)

Query OK, 683441 rows affected (19.54 sec)
Records: 683441  Duplicates: 0  Warnings: 0

Query OK, 0 rows affected (0.01 sec)

Query OK, 135806 rows affected (5.38 sec)
Records: 135806  Duplicates: 0  Warnings: 0

Database changed
Query OK, 0 rows affected (0.00 sec)

Query OK, 0 rows affected (0.02 sec)

Query OK, 925019 rows affected (31.89 sec)
Records: 925019  Duplicates: 0  Warnings: 0

Query OK, 0 rows affected (0.03 sec)

Query OK, 481725 rows affected (18.40 sec)
Records: 481725  Duplicates: 0  Warnings: 0

+--------------------------+
| clientticket_cmmtjourney |
+--------------------------+
|                   925019 |
+--------------------------+
1 row in set (2.36 sec)

+---------------------------+
| clientticket_assgnjourney |
+---------------------------+
|                    481725 |
+---------------------------+
1 row in set (3.23 sec)

Query OK, 0 rows affected (0.01 sec)

Query OK, 86 rows affected (0.12 sec)
Records: 86  Duplicates: 0  Warnings: 0

mysql> mysql \. C:\workspace\cloud\code\sql\_DailyScript\currenttime.sql
+---------------------+
| currenttime         |
+---------------------+
| 2021-12-28 09:35:37 |
+---------------------+
1 row in set (0.00 sec)

mysql> 
mysql> mysql \. C:\workspace\cloud\code\sql\_DailyScript\load_DailyCalls.sql
Database changed
Query OK, 801 rows affected (0.19 sec)
Records: 801  Deleted: 0  Skipped: 0  Warnings: 0

Query OK, 0 rows affected, 1 warning (0.00 sec)

Query OK, 799 rows affected (0.04 sec)
Records: 799  Duplicates: 0  Warnings: 0

Query OK, 0 rows affected, 1 warning (0.00 sec)

Query OK, 93992 rows affected (0.39 sec)
Records: 93992  Duplicates: 0  Warnings: 0

+----------------------+
| callingclientsbefore |
+----------------------+
|              1340147 |
+----------------------+
1 row in set (0.59 sec)

Query OK, 1171 rows affected (21.66 sec)
Records: 1171  Duplicates: 0  Warnings: 0

+---------------------+
| callingclientsafter |
+---------------------+
|             1341318 |
+---------------------+
1 row in set (0.36 sec)

Query OK, 0 rows affected (0.01 sec)

Query OK, 459 rows affected (4.67 sec)
Records: 459  Duplicates: 0  Warnings: 0

Query OK, 0 rows affected (0.01 sec)

Query OK, 25984 rows affected (4.46 sec)
Records: 25984  Duplicates: 0  Warnings: 0

+-----------+
| callstats |
+-----------+
|     25984 |
+-----------+
1 row in set (0.01 sec)

Query OK, 0 rows affected, 1 warning (0.00 sec)

Query OK, 1171 rows affected (3.06 sec)
Records: 1171  Duplicates: 0  Warnings: 0

+------------------------+
| rep_cccallreportbefore |
+------------------------+
|                1340395 |
+------------------------+
1 row in set (0.36 sec)

Query OK, 1171 rows affected (0.24 sec)
Records: 1171  Duplicates: 0  Warnings: 0

+-----------------------+
| rep_cccallreportafter |
+-----------------------+
|               1341566 |
+-----------------------+
1 row in set (0.37 sec)

Query OK, 0 rows affected (0.01 sec)

mysql> mysql \. C:\workspace\cloud\code\sql\_DailyScript\currenttime.sql
+---------------------+
| currenttime         |
+---------------------+
| 2021-12-28 09:36:13 |
+---------------------+
1 row in set (0.00 sec)

mysql> 
mysql> mysql \. C:\workspace\cloud\code\sql\_DailyScript\DAILY-SCRIPT-USAGE.sql
Database changed
Query OK, 0 rows affected (0.00 sec)

Query OK, 3978 rows affected, 11515 warnings (0.95 sec)
Records: 3978  Deleted: 0  Skipped: 0  Warnings: 11515

Query OK, 0 rows affected (0.00 sec)

Query OK, 6398 rows affected, 18473 warnings (1.15 sec)
Records: 6398  Deleted: 0  Skipped: 0  Warnings: 18473

Query OK, 0 rows affected (0.00 sec)

Query OK, 360 rows affected, 1285 warnings (0.05 sec)
Records: 360  Deleted: 0  Skipped: 0  Warnings: 1285

Query OK, 0 rows affected (0.00 sec)

Query OK, 178 rows affected, 625 warnings (0.03 sec)
Records: 178  Deleted: 0  Skipped: 0  Warnings: 625

+------------+
| dailyusage |
+------------+
|   20106561 |
+------------+
1 row in set (8.16 sec)

+------------+------------+------------+---------+
| datestart  | dateend    | insertedon | records |
+------------+------------+------------+---------+
| 2021-12-27 | 2021-12-27 | 2021-12-28 |   10914 |
| 2021-12-26 | 2021-12-26 | 2021-12-27 |   10969 |
| 2021-12-25 | 2021-12-25 | 2021-12-27 |   11050 |
| 2021-12-24 | 2021-12-24 | 2021-12-27 |   11131 |
| 2021-12-23 | 2021-12-23 | 2021-12-24 |   10996 |
+------------+------------+------------+---------+
5 rows in set (48.66 sec)

+----------+------------+------------+------------+---------+
| category | datestart  | dateend    | insertedon | records |
+----------+------------+------------+------------+---------+
| UNCAPPED | 2021-12-27 | 2021-12-27 | 2021-12-28 |    6398 |
| PREPAID  | 2021-12-27 | 2021-12-27 | 2021-12-28 |     360 |
| HOTSPOT  | 2021-12-27 | 2021-12-27 | 2021-12-28 |     178 |
| CAPPED   | 2021-12-27 | 2021-12-27 | 2021-12-28 |    3978 |
| UNCAPPED | 2021-12-26 | 2021-12-26 | 2021-12-27 |    6487 |
| PREPAID  | 2021-12-26 | 2021-12-26 | 2021-12-27 |     394 |
| HOTSPOT  | 2021-12-26 | 2021-12-26 | 2021-12-27 |     157 |
| CAPPED   | 2021-12-26 | 2021-12-26 | 2021-12-27 |    3931 |
| UNCAPPED | 2021-12-25 | 2021-12-25 | 2021-12-27 |    6519 |
| PREPAID  | 2021-12-25 | 2021-12-25 | 2021-12-27 |     404 |
| HOTSPOT  | 2021-12-25 | 2021-12-25 | 2021-12-27 |     131 |
| CAPPED   | 2021-12-25 | 2021-12-25 | 2021-12-27 |    3996 |
| UNCAPPED | 2021-12-24 | 2021-12-24 | 2021-12-27 |    6589 |
| PREPAID  | 2021-12-24 | 2021-12-24 | 2021-12-27 |     346 |
| HOTSPOT  | 2021-12-24 | 2021-12-24 | 2021-12-27 |     141 |
| CAPPED   | 2021-12-24 | 2021-12-24 | 2021-12-27 |    4055 |
| UNCAPPED | 2021-12-23 | 2021-12-23 | 2021-12-24 |    6448 |
| PREPAID  | 2021-12-23 | 2021-12-23 | 2021-12-24 |     323 |
| HOTSPOT  | 2021-12-23 | 2021-12-23 | 2021-12-24 |     187 |
| CAPPED   | 2021-12-23 | 2021-12-23 | 2021-12-24 |    4038 |
+----------+------------+------------+------------+---------+
20 rows in set (30.58 sec)

mysql> mysql \. C:\workspace\cloud\code\sql\_DailyScript\currenttime.sql
+---------------------+
| currenttime         |
+---------------------+
| 2021-12-28 09:37:43 |
+---------------------+
1 row in set (0.00 sec)

mysql> 
mysql> mysql \. C:\workspace\cloud\code\sql\_DailyScript\DAILY-SCRIPT-SALES-TELEMETRY.sql
Database changed
Query OK, 280 rows affected, 247 warnings (0.07 sec)
Records: 280  Deleted: 0  Skipped: 0  Warnings: 247

+------------+
| dailysales |
+------------+
|     245568 |
+------------+
1 row in set (0.25 sec)

+------------+---------+
| orderdate  | records |
+------------+---------+
| 2021-12-27 |     280 |
| 2021-12-26 |      18 |
| 2021-12-25 |       8 |
| 2021-12-24 |     107 |
| 2021-12-23 |     153 |
| 2021-12-22 |     195 |
| 2021-12-21 |     157 |
| 2021-12-20 |     206 |
| 2021-12-19 |      36 |
| 2021-12-18 |      78 |
| 2021-12-17 |     131 |
| 2021-12-16 |     202 |
| 2021-12-15 |      89 |
| 2021-12-14 |     102 |
| 2021-12-13 |     188 |
+------------+---------+
15 rows in set (0.55 sec)

Query OK, 0 rows affected (0.02 sec)

Query OK, 245568 rows affected (21.76 sec)
Records: 245568  Duplicates: 0  Warnings: 0

+--------+
| sales  |
+--------+
| 245568 |
+--------+
1 row in set (0.07 sec)

Query OK, 0 rows affected (0.01 sec)

Query OK, 6355 rows affected (0.43 sec)
Records: 6355  Duplicates: 0  Warnings: 0

+----------------+
| rep_dailysales |
+----------------+
|           6355 |
+----------------+
1 row in set (0.00 sec)

Query OK, 0 rows affected (0.01 sec)

Query OK, 6355 rows affected (0.75 sec)
Records: 6355  Duplicates: 0  Warnings: 0

+-------------------+
| rep_dailysalesreg |
+-------------------+
|              6355 |
+-------------------+
1 row in set (0.00 sec)

Query OK, 0 rows affected (0.01 sec)

Query OK, 2422 rows affected (0.74 sec)
Records: 2422  Duplicates: 0  Warnings: 0

+-----------+
| saleslist |
+-----------+
|      2422 |
+-----------+
1 row in set (0.00 sec)

Database changed
ERROR 2 (HY000): File 'C:\ProgramData\MySQL\MySQL Server 5.7\Uploads\_csv\PrepaidCardSales-27122021-P1.csv' not found (Errcode: 2 - No such file or directory)
+------------------+
| dailysinglesales |
+------------------+
|             6653 |
+------------------+
1 row in set (0.02 sec)

Database changed
Query OK, 14 rows affected (0.03 sec)
Records: 14  Deleted: 0  Skipped: 0  Warnings: 0

+-----------------+
| dailyaddonsales |
+-----------------+
|           26275 |
+-----------------+
1 row in set (0.04 sec)

Query OK, 418 rows affected (0.11 sec)
Records: 418  Deleted: 0  Skipped: 0  Warnings: 0

+----------------+
| onlinepayments |
+----------------+
|         252480 |
+----------------+
1 row in set (0.21 sec)

+-------------+----------------+---------------------+
| paymentdate | onlinepayments | onlinepaymentamount |
+-------------+----------------+---------------------+
| 2021-12-27  |            418 |        289563.37000 |
| 2021-12-26  |            357 |        236681.33000 |
| 2021-12-25  |            338 |        220967.98000 |
| 2021-12-24  |            365 |        240526.48000 |
| 2021-12-23  |            366 |        236244.78000 |
+-------------+----------------+---------------------+
5 rows in set (0.83 sec)

+-------------+--------------+----------------+---------------------+
| paymentyear | paymentmonth | onlinepayments | onlinepaymentamount |
+-------------+--------------+----------------+---------------------+
|        2021 |           12 |           7702 |       5015694.40000 |
|        2021 |           11 |           8553 |       5661260.44000 |
|        2021 |           10 |           8715 |       5741511.04000 |
|        2021 |            9 |           8803 |       5663928.71000 |
|        2021 |            8 |           8864 |       5714008.87000 |
+-------------+--------------+----------------+---------------------+
5 rows in set (0.25 sec)

mysql> mysql \. C:\workspace\cloud\code\sql\_DailyScript\currenttime.sql
+---------------------+
| currenttime         |
+---------------------+
| 2021-12-28 09:38:09 |
+---------------------+
1 row in set (0.00 sec)

mysql> 
mysql> mysql \. C:\workspace\cloud\code\sql\_DailyScript\DAILY-SCRIPT-ACTIVENUMBERS.sql
Database changed
Query OK, 1087 rows affected (0.53 sec)
Records: 1087  Deleted: 0  Skipped: 0  Warnings: 0

+------------+----------+
| period     | count(1) |
+------------+----------+
| 2021-12-27 |     1087 |
| 2021-12-26 |     1090 |
| 2021-12-25 |     1090 |
| 2021-12-24 |     1090 |
| 2021-12-23 |     1090 |
+------------+----------+
5 rows in set (0.01 sec)

Query OK, 0 rows affected (0.01 sec)

Query OK, 75 rows affected (1.43 sec)
Records: 75  Duplicates: 0  Warnings: 0

+-------------+
| packagelist |
+-------------+
|          75 |
+-------------+
1 row in set (0.00 sec)

Database changed
Query OK, 0 rows affected (0.00 sec)

Query OK, 0 rows affected (0.00 sec)

Query OK, 0 rows affected (0.00 sec)

Query OK, 0 rows affected (0.00 sec)

Query OK, 28991 rows affected, 192 warnings (18.06 sec)
Records: 28991  Deleted: 0  Skipped: 0  Warnings: 192

+------------+----------+
| period     | count(1) |
+------------+----------+
| 2021-12-27 |    28991 |
| 2021-12-26 |    28820 |
| 2021-12-25 |    29011 |
| 2021-12-24 |    29230 |
| 2021-12-23 |    29261 |
+------------+----------+
5 rows in set (0.13 sec)

Query OK, 0 rows affected (0.01 sec)

Query OK, 28432 rows affected (59.89 sec)
Records: 28432  Duplicates: 0  Warnings: 0

Query OK, 0 rows affected (0.12 sec)
Records: 0  Duplicates: 0  Warnings: 0

Query OK, 0 rows affected (0.12 sec)
Records: 0  Duplicates: 0  Warnings: 0

Query OK, 0 rows affected (0.11 sec)
Records: 0  Duplicates: 0  Warnings: 0

Query OK, 0 rows affected (0.09 sec)
Records: 0  Duplicates: 0  Warnings: 0

Query OK, 0 rows affected (0.11 sec)
Records: 0  Duplicates: 0  Warnings: 0

Query OK, 0 rows affected (0.08 sec)
Records: 0  Duplicates: 0  Warnings: 0

+-------------+
| countbefore |
+-------------+
|    52246938 |
+-------------+
1 row in set (22.10 sec)

Query OK, 28432 rows affected (6.01 sec)
Records: 28432  Duplicates: 0  Warnings: 0

+------------+
| countafter |
+------------+
|   52275370 |
+------------+
1 row in set (18.79 sec)

+------------+--------------------------+
| period     | customercontractactivity |
+------------+--------------------------+
| 2021-12-27 |                    28432 |
| 2021-12-26 |                    28260 |
| 2021-12-25 |                    28451 |
| 2021-12-24 |                    28670 |
| 2021-12-23 |                    28701 |
+------------+--------------------------+
5 rows in set (0.07 sec)

Query OK, 0 rows affected (0.03 sec)

Query OK, 327391 rows affected, 4 warnings (10 min 35.26 sec)
Records: 327391  Duplicates: 0  Warnings: 4

Query OK, 0 rows affected (1.06 sec)
Records: 0  Duplicates: 0  Warnings: 0

Query OK, 0 rows affected (1.27 sec)
Records: 0  Duplicates: 0  Warnings: 0

Query OK, 0 rows affected (1.31 sec)
Records: 0  Duplicates: 0  Warnings: 0

Query OK, 0 rows affected (0.02 sec)

Query OK, 224 rows affected (0.50 sec)
Records: 224  Duplicates: 0  Warnings: 0

Query OK, 0 rows affected (0.01 sec)

Query OK, 2603 rows affected (0.69 sec)
Records: 2603  Duplicates: 0  Warnings: 0

Query OK, 0 rows affected (0.01 sec)

Query OK, 28408 rows affected (0.66 sec)
Records: 28408  Duplicates: 0  Warnings: 0

Query OK, 0 rows affected (0.01 sec)

Query OK, 16966 rows affected (0.46 sec)
Records: 16966  Duplicates: 0  Warnings: 0

Query OK, 0 rows affected (0.01 sec)

Query OK, 16966 rows affected (0.14 sec)
Records: 16966  Duplicates: 0  Warnings: 0

Query OK, 0 rows affected (0.01 sec)

Query OK, 16966 rows affected (1.24 sec)
Records: 16966  Duplicates: 0  Warnings: 0

Query OK, 0 rows affected (0.01 sec)

Query OK, 16966 rows affected (43.93 sec)
Records: 16966  Duplicates: 0  Warnings: 0

+-------------+
| clientstats |
+-------------+
|       16966 |
+-------------+
1 row in set (0.01 sec)

Query OK, 0 rows affected (0.01 sec)

Query OK, 14 rows affected, 1 warning (0.18 sec)
Records: 14  Duplicates: 0  Warnings: 1

+-----------------------+-------------+-------------+----------------+-----------------+
| services              | activecount | allaccounts | uniqueaccounts | uniquecontracts |
+-----------------------+-------------+-------------+----------------+-----------------+
| All                   |         422 |          69 |             69 |             222 |
| Internet & OTT        |           6 |           3 |              3 |               3 |
| Internet & Voice      |         292 |         126 |            126 |             247 |
| Internet Only         |        4344 |        4246 |           4241 |            4283 |
| OTT Only              |           2 |           2 |              2 |               2 |
| TV & Internet         |        9935 |        4444 |           4435 |            9063 |
| TV & Internet & OTT   |        4811 |        1262 |           1259 |            2630 |
| TV & Internet & Voice |         537 |         152 |            152 |             469 |
| TV & OTT              |         335 |          86 |             84 |              96 |
| TV & Voice            |          79 |          35 |             35 |              71 |
| TV & Voice & OTT      |           7 |           2 |              2 |               4 |
| TV Only               |        8200 |        6428 |           6421 |            6634 |
| Voice Only            |         112 |         111 |            111 |             112 |
| GRAND TOTAL           |       29082 |       16966 |          16887 |           23836 |
+-----------------------+-------------+-------------+----------------+-----------------+
14 rows in set (0.00 sec)

+-------------+-------------+-------------+----------------+-----------------+
| network     | activecount | allaccounts | uniqueaccounts | uniquecontracts |
+-------------+-------------+-------------+----------------+-----------------+
| GPON        |       14358 |        7029 |           7026 |           11233 |
| HFC         |       14724 |        9937 |           9937 |           12603 |
| GRAND TOTAL |       29082 |       16966 |          16887 |           23836 |
+-------------+-------------+-------------+----------------+-----------------+
3 rows in set, 1 warning (0.12 sec)

+-------------+-----------------------+-------------+-------------+----------------+-----------------+
| network     | services              | activecount | allaccounts | uniqueaccounts | uniquecontracts |
+-------------+-----------------------+-------------+-------------+----------------+-----------------+
| GPON        | All                   |         326 |          56 |             56 |             179 |
| GPON        | Internet & OTT        |           2 |           1 |              1 |               1 |
| GPON        | Internet & Voice      |          79 |          32 |             32 |              68 |
| GPON        | Internet Only         |        1682 |        1600 |           1600 |            1622 |
| GPON        | OTT Only              |           1 |           1 |              1 |               1 |
| GPON        | TV & Internet         |        5682 |        2497 |           2497 |            5118 |
| GPON        | TV & Internet & OTT   |        3854 |        1003 |           1003 |            2101 |
| GPON        | TV & Internet & Voice |         309 |          82 |             82 |             256 |
| GPON        | TV & OTT              |         198 |          62 |             62 |              67 |
| GPON        | TV & Voice            |          48 |          22 |             22 |              45 |
| GPON        | TV & Voice & OTT      |           7 |           2 |              2 |               4 |
| GPON        | TV Only               |        2157 |        1659 |           1659 |            1758 |
| GPON        | Voice Only            |          13 |          12 |             12 |              13 |
| GPON        | Services Total        |       14358 |        7029 |           7026 |           11233 |
| HFC         | All                   |          96 |          13 |             13 |              43 |
| HFC         | Internet & OTT        |           4 |           2 |              2 |               2 |
| HFC         | Internet & Voice      |         213 |          94 |             94 |             179 |
| HFC         | Internet Only         |        2662 |        2646 |           2646 |            2661 |
| HFC         | OTT Only              |           1 |           1 |              1 |               1 |
| HFC         | TV & Internet         |        4253 |        1947 |           1947 |            3945 |
| HFC         | TV & Internet & OTT   |         957 |         259 |            259 |             529 |
| HFC         | TV & Internet & Voice |         228 |          70 |             70 |             213 |
| HFC         | TV & OTT              |         137 |          24 |             24 |              29 |
| HFC         | TV & Voice            |          31 |          13 |             13 |              26 |
| HFC         | TV Only               |        6043 |        4769 |           4769 |            4876 |
| HFC         | Voice Only            |          99 |          99 |             99 |              99 |
| HFC         | Services Total        |       14724 |        9937 |           9937 |           12603 |
| GRAND TOTAL | Services Total        |       29082 |       16966 |          16887 |           23836 |
+-------------+-----------------------+-------------+-------------+----------------+-----------------+
28 rows in set, 2 warnings (0.14 sec)

Query OK, 0 rows affected (0.01 sec)

Query OK, 41 rows affected, 3 warnings (0.22 sec)
Records: 41  Duplicates: 0  Warnings: 3

+-------------+---------------+-----------------------+-------------+-------------+----------------+-----------------+
| region      | network       | services              | activecount | allaccounts | uniqueaccounts | uniquecontracts |
+-------------+---------------+-----------------------+-------------+-------------+----------------+-----------------+
| Mahe        | GPON          | All                   |         285 |          49 |             49 |             156 |
| Mahe        | GPON          | Internet & OTT        |           2 |           1 |              1 |               1 |
| Mahe        | GPON          | Internet & Voice      |          71 |          28 |             28 |              60 |
| Mahe        | GPON          | Internet Only         |        1432 |        1350 |           1350 |            1372 |
| Mahe        | GPON          | OTT Only              |           1 |           1 |              1 |               1 |
| Mahe        | GPON          | TV & Internet         |        4913 |        2156 |           2156 |            4415 |
| Mahe        | GPON          | TV & Internet & OTT   |        3210 |         814 |            814 |            1713 |
| Mahe        | GPON          | TV & Internet & Voice |         292 |          77 |             77 |             239 |
| Mahe        | GPON          | TV & OTT              |         172 |          50 |             50 |              54 |
| Mahe        | GPON          | TV & Voice            |          48 |          22 |             22 |              45 |
| Mahe        | GPON          | TV & Voice & OTT      |           7 |           2 |              2 |               4 |
| Mahe        | GPON          | TV Only               |        1811 |        1391 |           1391 |            1477 |
| Mahe        | GPON          | Voice Only            |          13 |          12 |             12 |              13 |
| Mahe        | GPON          | Services Total        |       12257 |        5953 |           5953 |            9550 |
| Mahe        | HFC           | All                   |          96 |          13 |             13 |              43 |
| Mahe        | HFC           | Internet & OTT        |           4 |           2 |              2 |               2 |
| Mahe        | HFC           | Internet & Voice      |         213 |          94 |             94 |             179 |
| Mahe        | HFC           | Internet Only         |        2662 |        2646 |           2646 |            2661 |
| Mahe        | HFC           | OTT Only              |           1 |           1 |              1 |               1 |
| Mahe        | HFC           | TV & Internet         |        4253 |        1947 |           1947 |            3945 |
| Mahe        | HFC           | TV & Internet & OTT   |         957 |         259 |            259 |             529 |
| Mahe        | HFC           | TV & Internet & Voice |         228 |          70 |             70 |             213 |
| Mahe        | HFC           | TV & OTT              |         137 |          24 |             24 |              29 |
| Mahe        | HFC           | TV & Voice            |          31 |          13 |             13 |              26 |
| Mahe        | HFC           | TV Only               |        6042 |        4768 |           4768 |            4875 |
| Mahe        | HFC           | Voice Only            |          99 |          99 |             99 |              99 |
| Mahe        | HFC           | Services Total        |       14723 |        9936 |           9936 |           12602 |
| Mahe        | Network Total | Services Total        |       26980 |       15889 |          15813 |           22152 |
| Praslin     | GPON          | All                   |          41 |           7 |              7 |              23 |
| Praslin     | GPON          | Internet & Voice      |           8 |           4 |              4 |               8 |
| Praslin     | GPON          | Internet Only         |         250 |         250 |            250 |             250 |
| Praslin     | GPON          | TV & Internet         |         769 |         341 |            341 |             703 |
| Praslin     | GPON          | TV & Internet & OTT   |         644 |         189 |            189 |             388 |
| Praslin     | GPON          | TV & Internet & Voice |          17 |           5 |              5 |              17 |
| Praslin     | GPON          | TV & OTT              |          26 |          12 |             12 |              13 |
| Praslin     | GPON          | TV Only               |         346 |         268 |            268 |             281 |
| Praslin     | GPON          | Services Total        |        2101 |        1076 |           1076 |            1683 |
| Praslin     | HFC           | TV Only               |           1 |           1 |              1 |               1 |
| Praslin     | HFC           | Services Total        |           1 |           1 |              1 |               1 |
| Praslin     | Network Total | Services Total        |        2102 |        1077 |           1077 |            1684 |
| GRAND TOTAL | Network Total | Services Total        |       29082 |       16966 |          16887 |           23836 |
+-------------+---------------+-----------------------+-------------+-------------+----------------+-----------------+
41 rows in set (0.00 sec)

Query OK, 0 rows affected (0.01 sec)

Query OK, 28409 rows affected (0.51 sec)
Records: 28409  Duplicates: 0  Warnings: 0

Query OK, 0 rows affected (0.01 sec)

Query OK, 2371 rows affected (2.31 sec)
Records: 2371  Duplicates: 0  Warnings: 0

+--------------------------------------+
| message                              |
+--------------------------------------+
| running rcbill_my.sp_ActiveNumber2() |
+--------------------------------------+
1 row in set (0.00 sec)

Query OK, 365 rows affected (2 min 25.97 sec)

mysql> mysql \. C:\workspace\cloud\code\sql\_DailyScript\currenttime.sql
+---------------------+
| currenttime         |
+---------------------+
| 2021-12-28 09:54:13 |
+---------------------+
1 row in set (0.00 sec)

mysql> 
mysql> mysql \. C:\workspace\cloud\code\sql\_DailyScript\GetActiveNumbers Average -Pivot.sql
Database changed
+-------------------------------------+
| @today := subdate(current_date(),1) |
+-------------------------------------+
| 2021-12-27                          |
+-------------------------------------+
1 row in set (0.00 sec)

+-------------------------------------+
| @lastdayofmonth := last_day(@today) |
+-------------------------------------+
| 2021-12-31                          |
+-------------------------------------+
1 row in set (0.00 sec)

Query OK, 0 rows affected (0.01 sec)

Query OK, 52593 rows affected, 65535 warnings (1 min 9.52 sec)
Records: 52593  Duplicates: 0  Warnings: 107765

Query OK, 0 rows affected (0.12 sec)
Records: 0  Duplicates: 0  Warnings: 0

Query OK, 0 rows affected (0.16 sec)
Records: 0  Duplicates: 0  Warnings: 0

Query OK, 0 rows affected (0.12 sec)
Records: 0  Duplicates: 0  Warnings: 0

+-----------------+
| activenumberavg |
+-----------------+
|           52593 |
+-----------------+
1 row in set (0.02 sec)

Query OK, 0 rows affected (0.01 sec)

Query OK, 2006 rows affected (0.65 sec)
Records: 2006  Duplicates: 0  Warnings: 0

+---------------------+
| rep_activenumberavg |
+---------------------+
|                2006 |
+---------------------+
1 row in set (0.00 sec)

+----------------------+
| rep_activenumberavg1 |
+----------------------+
|                  932 |
+----------------------+
1 row in set (0.00 sec)

Query OK, 0 rows affected (0.01 sec)

Query OK, 2788 rows affected (0.51 sec)
Records: 2788  Duplicates: 0  Warnings: 0

Query OK, 0 rows affected (0.01 sec)

Query OK, 14438 rows affected (0.94 sec)
Records: 14438  Duplicates: 0  Warnings: 0

Query OK, 0 rows affected (0.01 sec)

Query OK, 250 rows affected (0.31 sec)
Records: 250  Duplicates: 0  Warnings: 0

Query OK, 0 rows affected (0.00 sec)

Query OK, 0 rows affected (0.01 sec)

Query OK, 0 rows affected (0.01 sec)

Query OK, 0 rows affected (0.00 sec)

Query OK, 0 rows affected (0.00 sec)
Statement prepared

Query OK, 53 rows affected (0.06 sec)
Records: 53  Duplicates: 0  Warnings: 0

Query OK, 0 rows affected (0.00 sec)

Query OK, 0 rows affected (0.00 sec)

+----------------------+
| rep_activenumberavg2 |
+----------------------+
|                 2788 |
+----------------------+
1 row in set (0.00 sec)

+------------------------+
| rep_activenumberavg_pv |
+------------------------+
|                     53 |
+------------------------+
1 row in set (0.00 sec)

Query OK, 0 rows affected (0.01 sec)

Query OK, 2785 rows affected (0.44 sec)
Records: 2785  Duplicates: 0  Warnings: 0

Query OK, 0 rows affected (0.00 sec)

Query OK, 0 rows affected (0.00 sec)

Query OK, 0 rows affected (0.00 sec)

Query OK, 0 rows affected (0.00 sec)

Query OK, 0 rows affected (0.00 sec)
Statement prepared

Query OK, 53 rows affected (0.06 sec)
Records: 53  Duplicates: 0  Warnings: 0

Query OK, 0 rows affected (0.00 sec)

Query OK, 0 rows affected (0.00 sec)

+-------------------------+
| rep_activenumberavgMahe |
+-------------------------+
|                    2785 |
+-------------------------+
1 row in set (0.00 sec)

+----------------------------+
| rep_activenumberavgMahe_pv |
+----------------------------+
|                         53 |
+----------------------------+
1 row in set (0.00 sec)

Query OK, 0 rows affected (0.01 sec)

Query OK, 1763 rows affected (0.19 sec)
Records: 1763  Duplicates: 0  Warnings: 0

Query OK, 0 rows affected (0.00 sec)

Query OK, 0 rows affected (0.00 sec)

Query OK, 0 rows affected (0.01 sec)

Query OK, 0 rows affected (0.00 sec)

Query OK, 0 rows affected (0.00 sec)
Statement prepared

Query OK, 40 rows affected (0.04 sec)
Records: 40  Duplicates: 0  Warnings: 0

Query OK, 0 rows affected (0.00 sec)

Query OK, 0 rows affected (0.00 sec)

+----------------------------+
| rep_activenumberavgPraslin |
+----------------------------+
|                       1763 |
+----------------------------+
1 row in set (0.00 sec)

+-------------------------------+
| rep_activenumberavgPraslin_pv |
+-------------------------------+
|                            40 |
+-------------------------------+
1 row in set (0.00 sec)

mysql> mysql \. C:\workspace\cloud\code\sql\_DailyScript\currenttime.sql
+---------------------+
| currenttime         |
+---------------------+
| 2021-12-28 09:55:26 |
+---------------------+
1 row in set (0.00 sec)

mysql> 
mysql> mysql \. C:\workspace\cloud\code\sql\Analysis\clients_contracts_creditpolicy_2.sql
Database changed
Query OK, 0 rows affected (0.00 sec)

Query OK, 1924780 rows affected (46.61 sec)
Records: 1924780  Duplicates: 0  Warnings: 0

Query OK, 0 rows affected (0.01 sec)

Query OK, 28432 rows affected (1.14 sec)
Records: 28432  Duplicates: 0  Warnings: 0

Query OK, 0 rows affected (0.01 sec)

Query OK, 28507 rows affected (14.96 sec)
Records: 28507  Duplicates: 0  Warnings: 0

+-------------------------+
| rep_cust_cont_creditpol |
+-------------------------+
|                   28507 |
+-------------------------+
1 row in set (0.01 sec)

mysql> mysql \. C:\workspace\cloud\code\sql\_DailyScript\currenttime.sql
+---------------------+
| currenttime         |
+---------------------+
| 2021-12-28 09:56:29 |
+---------------------+
1 row in set (0.00 sec)

mysql> 
mysql> mysql \. C:\workspace\cloud\code\sql\_DailyScript\budget_actual_analysis_2021.sql
Query OK, 0 rows affected (0.01 sec)

Query OK, 1027 rows affected, 3 warnings (0.29 sec)
Records: 1027  Duplicates: 0  Warnings: 3

+--------------------+
| budget_actual_2021 |
+--------------------+
|               1027 |
+--------------------+
1 row in set (0.00 sec)

Query OK, 0 rows affected (0.01 sec)

Query OK, 47 rows affected (0.05 sec)
Records: 47  Duplicates: 0  Warnings: 0

+---------------------------+
| rep_budget_actual_2021_pv |
+---------------------------+
|                        47 |
+---------------------------+
1 row in set (0.00 sec)

mysql> mysql \. C:\workspace\cloud\code\sql\_DailyScript\currenttime.sql
+---------------------+
| currenttime         |
+---------------------+
| 2021-12-28 09:56:30 |
+---------------------+
1 row in set (0.00 sec)

mysql> 
mysql> mysql \. C:\workspace\cloud\code\sql\_DailyScript\reports-sales-addons-prepaid-camera.sql
Database changed
Query OK, 0 rows affected (0.01 sec)

Query OK, 4412 rows affected (0.24 sec)
Records: 4412  Duplicates: 0  Warnings: 0

Query OK, 0 rows affected (0.01 sec)

Query OK, 26321 rows affected (21.76 sec)
Records: 26321  Duplicates: 0  Warnings: 0

+--------------------+
| rep_prepaid_camera |
+--------------------+
|               4412 |
+--------------------+
1 row in set (0.01 sec)

+-----------+
| rep_addon |
+-----------+
|     26321 |
+-----------+
1 row in set (0.01 sec)

mysql> mysql \. C:\workspace\cloud\code\sql\_DailyScript\currenttime.sql
+---------------------+
| currenttime         |
+---------------------+
| 2021-12-28 09:56:52 |
+---------------------+
1 row in set (0.00 sec)

mysql> 
mysql> mysql \. C:\workspace\cloud\code\sql\Analysis\addon_package_sales2.sql
Query OK, 0 rows affected (0.00 sec)

Query OK, 0 rows affected (0.01 sec)

Query OK, 0 rows affected (0.00 sec)

+------------+
| @startdate |
+------------+
| 2016-05-01 |
+------------+
1 row in set (0.00 sec)

+------------+
| @enddate   |
+------------+
| 2021-12-27 |
+------------+
1 row in set (0.00 sec)

+------------------------+
| IN ADDON PACKAGE SALES |
+------------------------+
| IN ADDON PACKAGE SALES |
+------------------------+
1 row in set (0.00 sec)

Query OK, 0 rows affected (0.00 sec)

Query OK, 0 rows affected (0.01 sec)

Query OK, 2105 rows affected (4 min 12.26 sec)
Records: 2105  Duplicates: 0  Warnings: 0

+------------------------+
| rep_newfirstactive_vod |
+------------------------+
|                   2105 |
+------------------------+
1 row in set (0.00 sec)

Query OK, 0 rows affected (0.00 sec)

Query OK, 0 rows affected (0.01 sec)

Query OK, 6619 rows affected (10 min 1.78 sec)
Records: 6619  Duplicates: 0  Warnings: 0

+------------------------+
| rep_newfirstactive_int |
+------------------------+
|                   6619 |
+------------------------+
1 row in set (0.01 sec)

Query OK, 0 rows affected (0.00 sec)

Query OK, 0 rows affected (0.01 sec)

Query OK, 406 rows affected (43.60 sec)
Records: 406  Duplicates: 0  Warnings: 0

+-----------------------+
| rep_newfirstactive_dv |
+-----------------------+
|                   406 |
+-----------------------+
1 row in set (0.00 sec)

Query OK, 0 rows affected (0.00 sec)

Query OK, 0 rows affected (0.01 sec)

Query OK, 41 rows affected (2.44 sec)
Records: 41  Duplicates: 0  Warnings: 0

+-----------------------+
| rep_newfirstactive_mv |
+-----------------------+
|                    41 |
+-----------------------+
1 row in set (0.00 sec)

Query OK, 0 rows affected (0.00 sec)

Query OK, 0 rows affected (0.01 sec)

Query OK, 711 rows affected (1 min 17.27 sec)
Records: 711  Duplicates: 0  Warnings: 0

+------------------------+
| rep_newfirstactive_igo |
+------------------------+
|                    711 |
+------------------------+
1 row in set (0.00 sec)

mysql> mysql \. C:\workspace\cloud\code\sql\_DailyScript\currenttime.sql
+---------------------+
| currenttime         |
+---------------------+
| 2021-12-28 10:13:09 |
+---------------------+
1 row in set (0.00 sec)

mysql> 
mysql> mysql \. C:\workspace\cloud\code\sql\_DailyScript\RCB_ClientAnalyticsReport_Script.sql
Database changed
Query OK, 0 rows affected (0.00 sec)

Query OK, 0 rows affected (0.15 sec)

Query OK, 2183121 rows affected (1 min 30.37 sec)
Records: 2183121  Duplicates: 0  Warnings: 0

Query OK, 0 rows affected (13.62 sec)
Records: 0  Duplicates: 0  Warnings: 0

Query OK, 0 rows affected (5.82 sec)
Records: 0  Duplicates: 0  Warnings: 0

Query OK, 0 rows affected (9.49 sec)
Records: 0  Duplicates: 0  Warnings: 0

Query OK, 0 rows affected (9.94 sec)
Records: 0  Duplicates: 0  Warnings: 0

Query OK, 0 rows affected (10.13 sec)
Records: 0  Duplicates: 0  Warnings: 0

Query OK, 0 rows affected (8.08 sec)
Records: 0  Duplicates: 0  Warnings: 0

Query OK, 0 rows affected (0.00 sec)

Query OK, 502432 rows affected, 30974 warnings (15.40 sec)
Rows matched: 2183121  Changed: 502432  Warnings: 30974

Query OK, 0 rows affected (0.01 sec)

Query OK, 29210 rows affected (10.59 sec)
Records: 29210  Duplicates: 0  Warnings: 0

+---------------------+
| clientcontractssubs |
+---------------------+
|               29210 |
+---------------------+
1 row in set (0.01 sec)

Query OK, 0 rows affected (0.01 sec)

Query OK, 45950 rows affected (11 min 48.15 sec)
Records: 45950  Duplicates: 0  Warnings: 0

Query OK, 0 rows affected (0.23 sec)
Records: 0  Duplicates: 0  Warnings: 0

Query OK, 0 rows affected (0.18 sec)
Records: 0  Duplicates: 0  Warnings: 0

Query OK, 0 rows affected (0.11 sec)
Records: 0  Duplicates: 0  Warnings: 0

+-----------------------+
| clientcontracthistory |
+-----------------------+
|                 45950 |
+-----------------------+
1 row in set (0.01 sec)

Query OK, 0 rows affected (0.03 sec)

Query OK, 2989600 rows affected (1 min 41.06 sec)
Records: 2989600  Duplicates: 0  Warnings: 0

Query OK, 0 rows affected (0.03 sec)

Query OK, 498715 rows affected (5 min 43.06 sec)
Records: 498715  Duplicates: 0  Warnings: 0

Query OK, 0 rows affected (1.72 sec)
Records: 0  Duplicates: 0  Warnings: 0

Query OK, 0 rows affected (0.88 sec)
Records: 0  Duplicates: 0  Warnings: 0

Query OK, 0 rows affected (1.97 sec)
Records: 0  Duplicates: 0  Warnings: 0

Query OK, 0 rows affected (0.99 sec)
Records: 0  Duplicates: 0  Warnings: 0

+--------------------------+
| clientcontractinvpmt_stg |
+--------------------------+
|                   498715 |
+--------------------------+
1 row in set (0.14 sec)

Query OK, 0 rows affected (0.03 sec)

Query OK, 498715 rows affected (13.59 sec)
Records: 498715  Duplicates: 0  Warnings: 0

Query OK, 0 rows affected (1.87 sec)
Records: 0  Duplicates: 0  Warnings: 0

Query OK, 0 rows affected (1.00 sec)
Records: 0  Duplicates: 0  Warnings: 0

Query OK, 0 rows affected (2.19 sec)
Records: 0  Duplicates: 0  Warnings: 0

Query OK, 0 rows affected (1.10 sec)
Records: 0  Duplicates: 0  Warnings: 0

+----------------------+
| clientcontractinvpmt |
+----------------------+
|               498715 |
+----------------------+
1 row in set (0.13 sec)

Query OK, 0 rows affected (0.06 sec)

Query OK, 45950 rows affected (1 min 38.75 sec)
Records: 45950  Duplicates: 0  Warnings: 0

+--------------+
| clientreport |
+--------------+
|        45950 |
+--------------+
1 row in set (0.03 sec)

Query OK, 0 rows affected (0.01 sec)

Query OK, 45950 rows affected (17.99 sec)
Records: 45950  Duplicates: 0  Warnings: 0

+----------------------+
| clientextendedreport |
+----------------------+
|                45950 |
+----------------------+
1 row in set (0.01 sec)

Query OK, 0 rows affected (0.01 sec)

Query OK, 45950 rows affected (1 min 36.03 sec)
Records: 45950  Duplicates: 0  Warnings: 0

+---------+
| allcust |
+---------+
|   45950 |
+---------+
1 row in set (0.01 sec)

Query OK, 0 rows affected, 1 warning (0.00 sec)

Query OK, 5000 rows affected (0.16 sec)
Records: 5000  Duplicates: 0  Warnings: 0

Query OK, 0 rows affected (0.01 sec)

Query OK, 6763 rows affected (0.33 sec)
Records: 6763  Duplicates: 0  Warnings: 0

Query OK, 0 rows affected, 1 warning (0.00 sec)

Query OK, 5000 rows affected (0.15 sec)
Records: 5000  Duplicates: 0  Warnings: 0

Query OK, 0 rows affected (0.01 sec)

Query OK, 7174 rows affected (0.22 sec)
Records: 7174  Duplicates: 0  Warnings: 0

mysql> mysql \. C:\workspace\cloud\code\sql\_DailyScript\currenttime.sql
+---------------------+
| currenttime         |
+---------------------+
| 2021-12-28 10:39:15 |
+---------------------+
1 row in set (0.00 sec)

mysql> 
mysql> mysql \. C:\workspace\cloud\code\sql\_DailyScript\REVENUE_PER_NODE_MXK.sql
Query OK, 0 rows affected (0.02 sec)

Query OK, 0 rows affected (0.02 sec)

Query OK, 0 rows affected (0.02 sec)

Query OK, 12866 rows affected (4.49 sec)
Records: 12866  Duplicates: 0  Warnings: 0

+----------------------+
| message              |
+----------------------+
| created temp table a |
+----------------------+
1 row in set (0.00 sec)

Query OK, 9585 rows affected (1.25 sec)
Records: 9585  Duplicates: 0  Warnings: 0

+----------------------+
| message              |
+----------------------+
| created temp table b |
+----------------------+
1 row in set (0.00 sec)

Query OK, 0 rows affected, 1 warning (0.00 sec)

Query OK, 13343 rows affected (51.48 sec)
Records: 13343  Duplicates: 0  Warnings: 0

+--------------------------------+
| message                        |
+--------------------------------+
| created rcbill_my.tempcustmxk1 |
+--------------------------------+
1 row in set (0.00 sec)

Query OK, 0 rows affected (0.01 sec)

Query OK, 0 rows affected (0.01 sec)

Query OK, 0 rows affected, 1 warning (0.00 sec)

Query OK, 12866 rows affected (3.94 sec)
Records: 12866  Duplicates: 0  Warnings: 0

+----------------+
| message        |
+----------------+
| created temp a |
+----------------+
1 row in set (0.00 sec)

Query OK, 9585 rows affected (1.15 sec)
Records: 9585  Duplicates: 0  Warnings: 0

+----------------+
| message        |
+----------------+
| created temp b |
+----------------+
1 row in set (0.00 sec)

Query OK, 0 rows affected, 1 warning (0.00 sec)

Query OK, 9738 rows affected (25.48 sec)
Records: 9738  Duplicates: 0  Warnings: 0

+--------------------------------+
| message                        |
+--------------------------------+
| created rcbill_my.tempcustmxk2 |
+--------------------------------+
1 row in set (0.00 sec)

Query OK, 0 rows affected (0.01 sec)

Query OK, 0 rows affected (0.00 sec)

Query OK, 0 rows affected, 1 warning (0.00 sec)

Query OK, 0 rows affected (0.01 sec)

Query OK, 14194 rows affected (0.69 sec)
Records: 14194  Duplicates: 0  Warnings: 0

+---------------------------------+
| message                         |
+---------------------------------+
| created rcbill_my.customers_mxk |
+---------------------------------+
1 row in set (0.00 sec)

Query OK, 0 rows affected (0.01 sec)

Query OK, 0 rows affected (0.01 sec)

Query OK, 25281 rows affected (7.40 sec)
Records: 25281  Duplicates: 0  Warnings: 0

+----------------+
| message        |
+----------------+
| created temp a |
+----------------+
1 row in set (0.00 sec)

Query OK, 15333 rows affected (1.95 sec)
Records: 15333  Duplicates: 0  Warnings: 0

+----------------+
| message        |
+----------------+
| created temp c |
+----------------+
1 row in set (0.00 sec)

Query OK, 0 rows affected, 1 warning (0.00 sec)

Query OK, 25281 rows affected (0.34 sec)
Records: 25281  Duplicates: 0  Warnings: 0

+---------------------------------+
| message                         |
+---------------------------------+
| created rcbill_my.tempcustcmts1 |
+---------------------------------+
1 row in set (0.00 sec)

Query OK, 0 rows affected (0.01 sec)

Query OK, 0 rows affected, 1 warning (0.00 sec)

Query OK, 0 rows affected (0.01 sec)

Query OK, 25281 rows affected (7.37 sec)
Records: 25281  Duplicates: 0  Warnings: 0

+----------------+
| message        |
+----------------+
| created temp a |
+----------------+
1 row in set (0.00 sec)

Query OK, 15333 rows affected (1.74 sec)
Records: 15333  Duplicates: 0  Warnings: 0

+----------------+
| message        |
+----------------+
| created temp c |
+----------------+
1 row in set (0.00 sec)

Query OK, 0 rows affected, 1 warning (0.00 sec)

Query OK, 15333 rows affected (0.19 sec)
Records: 15333  Duplicates: 0  Warnings: 0

+---------------------------------+
| message                         |
+---------------------------------+
| created rcbill_my.tempcustcmts2 |
+---------------------------------+
1 row in set (0.00 sec)

Query OK, 0 rows affected (0.01 sec)

Query OK, 0 rows affected, 1 warning (0.00 sec)

Query OK, 0 rows affected (0.01 sec)

Query OK, 0 rows affected (0.01 sec)

Query OK, 30689 rows affected (1.18 sec)
Records: 30689  Duplicates: 0  Warnings: 0

+----------------------------------+
| message                          |
+----------------------------------+
| created rcbill_my.customers_cmts |
+----------------------------------+
1 row in set (0.00 sec)

Query OK, 0 rows affected (0.01 sec)

Query OK, 0 rows affected (0.00 sec)

Query OK, 0 rows affected (0.01 sec)

Query OK, 40427 rows affected (1.69 sec)
Records: 40427  Duplicates: 0  Warnings: 0

+--------------------------------------+
| message                              |
+--------------------------------------+
| created rcbill_my.customers_cmts_mxk |
+--------------------------------------+
1 row in set (0.00 sec)

Query OK, 528712 rows affected (1 min 10.25 sec)
Records: 528712  Duplicates: 0  Warnings: 0

+----------------+
| message        |
+----------------+
| created temp a |
+----------------+
1 row in set (0.00 sec)

Query OK, 0 rows affected (0.03 sec)

Query OK, 533233 rows affected (10.96 sec)
Records: 533233  Duplicates: 0  Warnings: 0

+------------------------------------------------+
| message                                        |
+------------------------------------------------+
| created rcbill_my.customers_contracts_cmts_mxk |
+------------------------------------------------+
1 row in set (0.00 sec)

Query OK, 0 rows affected (0.03 sec)

Query OK, 0 rows affected, 1 warning (0.00 sec)

Query OK, 0 rows affected, 1 warning (0.00 sec)

Query OK, 0 rows affected (0.00 sec)

Query OK, 8102 rows affected (2.48 sec)
Rows matched: 8102  Changed: 8102  Warnings: 0

+------------------------------------------------+
| message                                        |
+------------------------------------------------+
| updated rcbill_my.customers_contracts_cmts_mxk |
+------------------------------------------------+
1 row in set (0.00 sec)

Query OK, 0 rows affected (0.05 sec)

Query OK, 2295794 rows affected (4 min 16.58 sec)
Records: 2295794  Duplicates: 0  Warnings: 0

+----------------------------------------+
| message                                |
+----------------------------------------+
| created rcbill_my.customers_collection |
+----------------------------------------+
1 row in set (0.01 sec)

Query OK, 0 rows affected (0.12 sec)

Query OK, 2754105 rows affected (2 min 10.86 sec)
Records: 2754105  Duplicates: 0  Warnings: 0

+------------------------------------------------+
| message                                        |
+------------------------------------------------+
| created rcbill_my.customers_cmts_mxk_cont_coll |
+------------------------------------------------+
1 row in set (0.00 sec)

Query OK, 0 rows affected (0.06 sec)

Query OK, 480807 rows affected (3 min 19.95 sec)
Records: 480807  Duplicates: 0  Warnings: 0

+--------------------------------------------------------+
| message                                                |
+--------------------------------------------------------+
| created rcbill_my.customers_contracts_collection_pivot |
+--------------------------------------------------------+
1 row in set (0.00 sec)

Query OK, 0 rows affected (0.02 sec)

Query OK, 41946 rows affected (3 min 17.47 sec)
Records: 41946  Duplicates: 0  Warnings: 0

+----------------------------------------------+
| message                                      |
+----------------------------------------------+
| created rcbill_my.customers_collection_pivot |
+----------------------------------------------+
1 row in set (0.00 sec)

Query OK, 0 rows affected (0.02 sec)

Query OK, 45950 rows affected (2.35 sec)
Records: 45950  Duplicates: 0  Warnings: 0

+--------------------------------------------+
| message                                    |
+--------------------------------------------+
| created rcbill_my.rep_customers_collection |
+--------------------------------------------+
1 row in set (0.00 sec)

Query OK, 0 rows affected (0.00 sec)

Query OK, 0 rows affected, 1 warning (0.00 sec)

Query OK, 490451 rows affected (15.73 sec)
Records: 490451  Duplicates: 0  Warnings: 0

+-------------------------+
| message                 |
+-------------------------+
| created rcbill_my.tempa |
+-------------------------+
1 row in set (0.00 sec)

Query OK, 0 rows affected, 1 warning (0.00 sec)

Query OK, 480807 rows affected (36.14 sec)
Records: 480807  Duplicates: 0  Warnings: 0

+-------------------------+
| message                 |
+-------------------------+
| created rcbill_my.tempb |
+-------------------------+
1 row in set (0.00 sec)

Query OK, 490451 rows affected (35.50 sec)
Records: 490451  Duplicates: 0  Warnings: 0

+-----------+
| message   |
+-----------+
| created a |
+-----------+
1 row in set (0.00 sec)

Query OK, 481209 rows affected (35.36 sec)
Records: 481209  Duplicates: 0  Warnings: 0

+-----------+
| message   |
+-----------+
| created b |
+-----------+
1 row in set (0.00 sec)

Query OK, 0 rows affected (0.05 sec)

Query OK, 0 rows affected (0.03 sec)

Query OK, 0 rows affected (0.03 sec)

Query OK, 527489 rows affected (1 min 9.78 sec)
Records: 527489  Duplicates: 0  Warnings: 0

+----------------------------------------------+
| message                                      |
+----------------------------------------------+
| created rcbill_my.cust_cont_payment_cmts_mxk |
+----------------------------------------------+
1 row in set (0.00 sec)

Query OK, 0 rows affected (0.03 sec)

Query OK, 0 rows affected (0.02 sec)

Query OK, 0 rows affected, 1 warning (0.00 sec)

Query OK, 0 rows affected (0.01 sec)

Query OK, 45950 rows affected (29.46 sec)
Records: 45950  Duplicates: 0  Warnings: 0

+--------------------------------------------------+
| message                                          |
+--------------------------------------------------+
| created rcbill_my.rep_cust_cont_payment_cmts_mxk |
+--------------------------------------------------+
1 row in set (0.00 sec)

Query OK, 0 rows affected, 1 warning (0.00 sec)

Query OK, 0 rows affected, 1 warning (0.00 sec)

Query OK, 0 rows affected (0.02 sec)

Query OK, 45950 rows affected (10.97 sec)
Records: 45950  Duplicates: 0  Warnings: 0

+----------------------+
| rep_custconsolidated |
+----------------------+
|                45950 |
+----------------------+
1 row in set (0.02 sec)

Query OK, 0 rows affected (0.01 sec)

Query OK, 37 rows affected (0.15 sec)
Records: 37  Duplicates: 0  Warnings: 0

+---------------------------------------+
| rep_activecustomerdistribution_level1 |
+---------------------------------------+
|                                    37 |
+---------------------------------------+
1 row in set (0.00 sec)

Query OK, 0 rows affected (0.01 sec)

Query OK, 224 rows affected (0.14 sec)
Records: 224  Duplicates: 0  Warnings: 0

+---------------------------------------+
| rep_activecustomerdistribution_level2 |
+---------------------------------------+
|                                   224 |
+---------------------------------------+
1 row in set (0.00 sec)

Query OK, 0 rows affected (0.01 sec)

Query OK, 45950 rows affected (10.99 sec)
Records: 45950  Duplicates: 0  Warnings: 0

+------------------------------+
| rep_custaddressparcelsprefix |
+------------------------------+
|                        45950 |
+------------------------------+
1 row in set (0.01 sec)

Query OK, 0 rows affected (0.01 sec)

Query OK, 16019 rows affected (0.92 sec)
Records: 16019  Duplicates: 0  Warnings: 0

+-------------------------------------+
| rep_residentialcustomers_tillasleep |
+-------------------------------------+
|                               16019 |
+-------------------------------------+
1 row in set (0.01 sec)

Query OK, 0 rows affected (0.01 sec)

+------------------------------------+
| message                            |
+------------------------------------+
| creating rcbill_my.rep_custextract |
+------------------------------------+
1 row in set (0.00 sec)

Query OK, 45950 rows affected (1.56 sec)
Records: 45950  Duplicates: 0  Warnings: 0

+-----------------+
| rep_custextract |
+-----------------+
|           45950 |
+-----------------+
1 row in set (0.01 sec)

Query OK, 0 rows affected (0.00 sec)

Query OK, 0 rows affected (0.01 sec)

+----------------------------------------------+
| message                                      |
+----------------------------------------------+
| creating rcbill_my.retentioncustomeractivity |
+----------------------------------------------+
1 row in set (0.00 sec)

Query OK, 1098 rows affected (0.11 sec)
Records: 1098  Duplicates: 0  Warnings: 0

+---------------------------+
| retentioncustomeractivity |
+---------------------------+
|                      1098 |
+---------------------------+
1 row in set (0.00 sec)

+-----------+------------------------------------+------------+-------------+-----------------+------------------+---------------------+-------------------+
| HFC_NODE  | NODENAME                           | CMTS_DATE  | INSERTED_ON | UNIQUE_ACCOUNTS | UNIQUE_CONTRACTS | UNIQUE_MAC_INRCBOSS | UNIQUE_MAC_INCMTS |
+-----------+------------------------------------+------------+-------------+-----------------+------------------+---------------------+-------------------+
| NULL      | NULL                               | NULL       | 2021-12-28  |           16564 |            22834 |               13936 |                 0 |
| C5/0/0/U0 | ANSE-BOILEAU-2                     | 2021-12-17 | 2021-12-28  |               0 |                0 |                   0 |               191 |
| C5/0/0/U1 | 500-C3-ANSE-BOILEAU                | 2021-12-17 | 2021-12-28  |               0 |                0 |                   0 |               205 |
| C5/0/1/U0 | 501-C4-LA-MISIERE-LEFT-I           | 2021-12-17 | 2021-12-28  |               0 |                0 |                   0 |               139 |
| C5/0/1/U1 | 501-C5-LA-MISIERE-RIGHT            | 2021-12-17 | 2021-12-28  |               0 |                0 |                   0 |                93 |
| C5/0/1/U2 | 501-C7-LA-MISIERE-LEFT-II          | 2021-12-17 | 2021-12-28  |               0 |                0 |                   0 |               142 |
| C5/0/2/U0 | 502-C8-LA-LOUISE                   | 2021-12-17 | 2021-12-28  |               0 |                0 |                   0 |               114 |
| C5/0/2/U1 | LA-LOUISE-2                        | 2021-12-17 | 2021-12-28  |               0 |                0 |                   0 |               103 |
| C5/0/3/U0 | 504-C6-PETIT-PARIS                 | 2021-12-17 | 2021-12-28  |               0 |                0 |                   0 |               126 |
| C5/0/3/U1 | PETIT-PARIS-23                     | 2021-12-17 | 2021-12-28  |               0 |                0 |                   0 |                60 |
| C5/0/4/U0 | FOUR-SEASONS                       | 2021-12-17 | 2021-12-28  |               0 |                0 |                   0 |                 1 |
| C5/0/4/U1 | ANCHOR-CAFE-I                      | 2021-12-17 | 2021-12-28  |               0 |                0 |                   0 |               150 |
| C5/0/4/U2 | ANCHOR-CAFE-II                     | 2021-12-17 | 2021-12-28  |               0 |                0 |                   0 |               161 |
| C5/1/0/U0 | POINTE-LARUE-AIRPORT-23            | 2021-12-17 | 2021-12-28  |               0 |                0 |                   0 |               110 |
| C5/1/0/U1 | PPROVIDENCE-23                     | 2021-12-17 | 2021-12-28  |               0 |                0 |                   0 |                14 |
| C5/1/0/U2 | ROSHE-CAIMAN-23                    | 2021-12-17 | 2021-12-28  |               0 |                0 |                   0 |                12 |
| C5/1/0/U3 | HEAD-OFFICE | HO-23                | 2021-12-17 | 2021-12-28  |               0 |                0 |                   0 |                13 |
| C5/1/1/U1 | C5-UNION-VALE                      | 2021-12-17 | 2021-12-28  |               0 |                0 |                   0 |               122 |
| C5/1/3/U0 | POINTE-LARUE-AIRPORT-27            | 2021-12-17 | 2021-12-28  |               0 |                0 |                   0 |               131 |
| C5/1/3/U1 | PPROVIDENCE-27                     | 2021-12-17 | 2021-12-28  |               0 |                0 |                   0 |                27 |
| C5/1/3/U2 | ROSHE-CAIMAN-27                    | 2021-12-17 | 2021-12-28  |               0 |                0 |                   0 |                31 |
| C5/1/3/U3 | HEAD-OFFICE | HO-27                | 2021-12-17 | 2021-12-28  |               0 |                0 |                   0 |                28 |
| C5/1/4/U0 | ANSE-ROYALE-27                     | 2021-12-17 | 2021-12-28  |               0 |                0 |                   0 |               102 |
| C5/1/4/U1 | GLACIS-2-57                        | 2021-12-17 | 2021-12-28  |               0 |                0 |                   0 |                46 |
| C5/1/4/U2 | NULL                               | 2021-12-17 | 2021-12-28  |               0 |                0 |                   0 |                98 |
| C5/1/4/U3 | GLACIS-1                           | 2021-12-17 | 2021-12-28  |               0 |                0 |                   0 |                16 |
| C6/0/1/U0 | SERRET-ROAD-RIGHT/CURIO/PASCAL     | 2021-12-17 | 2021-12-28  |               0 |                0 |                   0 |               100 |
| C6/0/1/U1 | SERRET-ROAD-LEFT/ST.LOUIS/TOWN     | 2021-12-17 | 2021-12-28  |               0 |                0 |                   0 |                52 |
| C6/0/1/U2 | SERRET-ROAD-RIGHT/CURIO/PASCAL-2   | 2021-12-17 | 2021-12-28  |               0 |                0 |                   0 |               103 |
| C6/0/1/U3 | SERRET-ROAD-LEFT/ST.LOUIS/TOWN-2   | 2021-12-17 | 2021-12-28  |               0 |                0 |                   0 |                55 |
| C6/0/2/U0 | SANS-SOUCIS-I                      | 2021-12-17 | 2021-12-28  |               0 |                0 |                   0 |                85 |
| C6/0/2/U1 | SANS-SOUCIS-II                     | 2021-12-17 | 2021-12-28  |               0 |                0 |                   0 |                72 |
| C6/0/2/U2 | BEL-AIR-27                         | 2021-12-17 | 2021-12-28  |               0 |                0 |                   0 |                64 |
| C6/0/2/U3 | BEL-AIR-38                         | 2021-12-17 | 2021-12-28  |               0 |                0 |                   0 |                66 |
| C6/0/3/U0 | LES-MAMELLES-23                    | 2021-12-17 | 2021-12-28  |               0 |                0 |                   0 |                37 |
| C6/0/3/U1 | VICTORIA-23                        | 2021-12-17 | 2021-12-28  |               0 |                0 |                   0 |                17 |
| C6/0/4/U0 | LES-MAMELLES-27                    | 2021-12-17 | 2021-12-28  |               0 |                0 |                   0 |                85 |
| C6/0/4/U1 | VICTORIA-27                        | 2021-12-17 | 2021-12-28  |               0 |                0 |                   0 |                13 |
| C7/1/0/U0 | LA-RETRAITE-23                     | 2021-12-17 | 2021-12-28  |               0 |                0 |                   0 |                76 |
| C7/1/0/U1 | TEA-FACTORY-23                     | 2021-12-17 | 2021-12-28  |               0 |                0 |                   0 |                23 |
| C7/1/0/U2 | PAS-23                             | 2021-12-17 | 2021-12-28  |               0 |                0 |                   0 |                94 |
| C7/1/1/U0 | REEF-ESTATE-23                     | 2021-12-17 | 2021-12-28  |               0 |                0 |                   0 |                65 |
| C7/1/2/U0 | LA-RETRAITE-27                     | 2021-12-17 | 2021-12-28  |               0 |                0 |                   0 |                44 |
| C7/1/2/U1 | TEA-FACTORY-27                     | 2021-12-17 | 2021-12-28  |               0 |                0 |                   0 |                20 |
| C7/1/2/U2 | PAS-27                             | 2021-12-17 | 2021-12-28  |               0 |                0 |                   0 |                83 |
| C7/1/3/U0 | MT-BUXTON-27                       | 2021-12-17 | 2021-12-28  |               0 |                0 |                   0 |               128 |
| C7/1/3/U1 | MT-BUXTON-23                       | 2021-12-17 | 2021-12-28  |               0 |                0 |                   0 |                64 |
| C7/1/4/U0 | REEF-ESTATE-27                     | 2021-12-17 | 2021-12-28  |               0 |                0 |                   0 |                78 |
| C8/0/0/U0 | POLICE-ACADEMY-1-27 - POINTE LARUE | 2021-12-17 | 2021-12-28  |               0 |                0 |                   0 |                83 |
| C8/0/0/U1 | NULL                               | 2021-12-17 | 2021-12-28  |               0 |                0 |                   0 |                99 |
| C8/0/1/U0 | NULL                               | 2021-12-17 | 2021-12-28  |               0 |                0 |                   0 |               246 |
| C8/0/1/U1 | POLICE-ACADEMY-2-27 - TURTLE BAY   | 2021-12-17 | 2021-12-28  |               0 |                0 |                   0 |               157 |
| C8/1/0/U0 | MA-JOIE-NODE-27                    | 2021-12-17 | 2021-12-28  |               0 |                0 |                   0 |                68 |
| C8/1/0/U1 | BELONIE-27                         | 2021-12-17 | 2021-12-28  |               0 |                0 |                   0 |               108 |
| C8/1/0/U3 | MA-JOIE-NODE-23                    | 2021-12-17 | 2021-12-28  |               0 |                0 |                   0 |                68 |
| C8/1/1/U0 | 611-C1-ROJN I                      | 2021-12-17 | 2021-12-28  |               0 |                0 |                   0 |                97 |
| C8/1/1/U1 | 611-C5-ROJN II                     | 2021-12-17 | 2021-12-28  |               0 |                0 |                   0 |                96 |
| C8/1/2/U0 | 612-C2-ANSE-ETOILE                 | 2021-12-17 | 2021-12-28  |               0 |                0 |                   0 |                81 |
| C8/1/2/U1 | ANSE-ETOILE-U2                     | 2021-12-17 | 2021-12-28  |               0 |                0 |                   0 |                44 |
| C8/1/3/U0 | 613-C3-ANSE-GAULETTE I             | 2021-12-17 | 2021-12-28  |               0 |                0 |                   0 |                88 |
| C8/1/3/U1 | 613-C7-ANSE-GAULETTE II            | 2021-12-17 | 2021-12-28  |               0 |                0 |                   0 |                78 |
| C8/1/3/U2 | 613-C3-ANSE-GAULETTE III           | 2021-12-17 | 2021-12-28  |               0 |                0 |                   0 |                35 |
| C8/1/3/U3 | TAKAMAKA I                         | 2021-12-17 | 2021-12-28  |               0 |                0 |                   0 |                91 |
| C8/1/3/U4 | TAKAMAKA II                        | 2021-12-17 | 2021-12-28  |               0 |                0 |                   0 |                97 |
| C8/1/4/U0 | 614-BEOLIERE-NODE-1                | 2021-12-17 | 2021-12-28  |               0 |                0 |                   0 |                98 |
| C8/1/4/U1 | 614-BEOLIERE-NODE-2                | 2021-12-17 | 2021-12-28  |               0 |                0 |                   0 |               115 |
+-----------+------------------------------------+------------+-------------+-----------------+------------------+---------------------+-------------------+
66 rows in set (0.62 sec)

+-----------------------+------------+-------------+-----------------+------------------+----------------------+-------------------+
| MXK_NAME              | MXK_DATE   | INSERTED_ON | UNIQUE_ACCOUNTS | UNIQUE_CONTRACTS | UNIQUE_FSAN_INRCBOSS | UNIQUE_FSAN_INMXK |
+-----------------------+------------+-------------+-----------------+------------------+----------------------+-------------------+
| NULL                  | NULL       | 2021-12-28  |            3020 |             4088 |                 1122 |                 0 |
| MXK-MAHE-ANSEAUXPINS  | 2021-12-20 | 2021-12-28  |             197 |              198 |                  198 |               219 |
| MXK-MAHE-ANSEETOILE   | 2021-12-20 | 2021-12-28  |             889 |              897 |                  890 |               939 |
| MXK-MAHE-ANSEROYALE   | 2021-12-20 | 2021-12-28  |             264 |              267 |                  266 |               300 |
| MXK-MAHE-ANSEROYALE-2 | 2021-12-20 | 2021-12-28  |              14 |               14 |                   14 |                14 |
| MXK-MAHE-BEAUVALLON-1 | 2021-12-20 | 2021-12-28  |            2167 |             2208 |                 2196 |              2305 |
| MXK-MAHE-BEAUVALLON-2 | 2021-12-20 | 2021-12-28  |             310 |              338 |                  348 |               380 |
| MXK-MAHE-GRANDANSE    | 2021-12-20 | 2021-12-28  |             125 |              125 |                  125 |               134 |
| MXK-MAHE-LAB          | 2021-12-20 | 2021-12-28  |               0 |                0 |                    0 |                11 |
| MXK-MAHE-MONTFLEURI   | 2021-12-20 | 2021-12-28  |             499 |              500 |                  500 |               534 |
| MXK-MAHE-PERSEVERANCE | 2021-12-20 | 2021-12-28  |            1224 |             1244 |                 1231 |              1332 |
| MXK-MAHE-PROVIDENCE   | 2021-12-20 | 2021-12-28  |            1367 |             1402 |                 1325 |              1539 |
| MXK-PRASLIN-GRANDANSE | 2021-12-20 | 2021-12-28  |            1389 |             1391 |                 1382 |              1572 |
+-----------------------+------------+-------------+-----------------+------------------+----------------------+-------------------+
13 rows in set (0.23 sec)

mysql> mysql \. C:\workspace\cloud\code\sql\_DailyScript\currenttime.sql
+---------------------+
| currenttime         |
+---------------------+
| 2021-12-28 10:59:45 |
+---------------------+
1 row in set (0.00 sec)

mysql> 
mysql> mysql \. C:\workspace\cloud\code\sql\_DailyScript\housing-estate-analysis.sql
Database changed
Query OK, 0 rows affected (0.04 sec)

Query OK, 3741 rows affected (14.46 sec)
Records: 3741  Duplicates: 0  Warnings: 0

+--------------------+
| rep_housingestates |
+--------------------+
|               3741 |
+--------------------+
1 row in set (0.00 sec)

mysql> mysql \. C:\workspace\cloud\code\sql\_DailyScript\currenttime.sql
+---------------------+
| currenttime         |
+---------------------+
| 2021-12-28 11:00:00 |
+---------------------+
1 row in set (0.00 sec)

mysql> 
mysql> 
mysql> mysql \. C:\workspace\cloud\code\sql\Analysis\service_tickets_assignments.sql
Query OK, 0 rows affected (0.02 sec)

Query OK, 106082 rows affected (17.45 sec)
Records: 106082  Duplicates: 0  Warnings: 0

+-------------------------+
| rep_servicetickets_2021 |
+-------------------------+
|                  106082 |
+-------------------------+
1 row in set (0.14 sec)

Query OK, 0 rows affected (0.01 sec)

Query OK, 16299 rows affected (3.07 sec)
Records: 16299  Duplicates: 0  Warnings: 0

+------------------+
| rep_tkt_f_level1 |
+------------------+
|            16299 |
+------------------+
1 row in set (0.01 sec)

Query OK, 0 rows affected (0.01 sec)

Query OK, 94863 rows affected (4.22 sec)
Records: 94863  Duplicates: 0  Warnings: 0

+------------------+
| rep_tkt_f_level2 |
+------------------+
|            94863 |
+------------------+
1 row in set (0.03 sec)

Query OK, 0 rows affected (0.02 sec)

Query OK, 135806 rows affected (4.87 sec)
Records: 135806  Duplicates: 0  Warnings: 0

+------------------+
| rep_tkt_f_level3 |
+------------------+
|           135806 |
+------------------+
1 row in set (0.04 sec)

Query OK, 0 rows affected (0.02 sec)

Query OK, 3621 rows affected (0.54 sec)
Records: 3621  Duplicates: 0  Warnings: 0

+--------------------+
| rep_tkt_irs_level1 |
+--------------------+
|               3621 |
+--------------------+
1 row in set (0.00 sec)

Query OK, 0 rows affected (0.01 sec)

Query OK, 17550 rows affected (0.76 sec)
Records: 17550  Duplicates: 0  Warnings: 0

+--------------------+
| rep_tkt_irs_level2 |
+--------------------+
|              17550 |
+--------------------+
1 row in set (0.01 sec)

Query OK, 0 rows affected (0.01 sec)

Query OK, 29050 rows affected (0.90 sec)
Records: 29050  Duplicates: 0  Warnings: 0

+--------------------+
| rep_tkt_irs_level3 |
+--------------------+
|              29050 |
+--------------------+
1 row in set (0.01 sec)

mysql> mysql \. C:\workspace\cloud\code\sql\_DailyScript\currenttime.sql
+---------------------+
| currenttime         |
+---------------------+
| 2021-12-28 11:00:32 |
+---------------------+
1 row in set (0.00 sec)

mysql> 
mysql> mysql \. C:\workspace\cloud\code\sql\_DailyScript\DAILY-SCRIPT-USAGESTATS.sql
Database changed
Query OK, 0 rows affected (0.25 sec)

Query OK, 34227609 rows affected, 65535 warnings (9 min 35.76 sec)
Records: 34227609  Duplicates: 0  Warnings: 34216203

Query OK, 0 rows affected (1 min 41.67 sec)
Records: 0  Duplicates: 0  Warnings: 0

Query OK, 0 rows affected (1 min 40.61 sec)
Records: 0  Duplicates: 0  Warnings: 0

Query OK, 0 rows affected (1 min 37.11 sec)
Records: 0  Duplicates: 0  Warnings: 0

Query OK, 0 rows affected (1 min 31.02 sec)
Records: 0  Duplicates: 0  Warnings: 0

Query OK, 0 rows affected (2 min 33.70 sec)
Records: 0  Duplicates: 0  Warnings: 0

Query OK, 0 rows affected (2 min 38.13 sec)
Records: 0  Duplicates: 0  Warnings: 0

Query OK, 0 rows affected (2 min 20.03 sec)
Records: 0  Duplicates: 0  Warnings: 0

Query OK, 0 rows affected (1 min 40.04 sec)
Records: 0  Duplicates: 0  Warnings: 0

+----------+
| ipusage  |
+----------+
| 34227609 |
+----------+
1 row in set (11.24 sec)

Query OK, 0 rows affected (0.09 sec)

Query OK, 10287672 rows affected (9 min 44.25 sec)
Records: 10287672  Duplicates: 0  Warnings: 0

Query OK, 0 rows affected (38.39 sec)
Records: 0  Duplicates: 0  Warnings: 0

Query OK, 0 rows affected (22.85 sec)
Records: 0  Duplicates: 0  Warnings: 0

Query OK, 0 rows affected (39.15 sec)
Records: 0  Duplicates: 0  Warnings: 0

Query OK, 0 rows affected (44.86 sec)
Records: 0  Duplicates: 0  Warnings: 0

Query OK, 0 rows affected (29.02 sec)
Records: 0  Duplicates: 0  Warnings: 0

+------------------+
| clientcontractip |
+------------------+
|         10287672 |
+------------------+
1 row in set (2.81 sec)

Query OK, 0 rows affected (0.09 sec)

Query OK, 16812423 rows affected (3 min 35.53 sec)
Records: 16812423  Duplicates: 0  Warnings: 0

+---------------------------+
| clientcontractipusage_stg |
+---------------------------+
|                  16812423 |
+---------------------------+
1 row in set (6.18 sec)

+------------------------------------+
| clientcontractipusage_beforeinsert |
+------------------------------------+
|                           16812423 |
+------------------------------------+
1 row in set (9.98 sec)

Query OK, 10741 rows affected (25.36 sec)
Records: 10741  Duplicates: 0  Warnings: 0

+-----------------------------------+
| clientcontractipusage_afterinsert |
+-----------------------------------+
|                          16823164 |
+-----------------------------------+
1 row in set (6.57 sec)

Query OK, 0 rows affected (0.00 sec)

+------------------------+
| info                   |
+------------------------+
| updating null packages |
+------------------------+
1 row in set (0.00 sec)

Query OK, 0 rows affected (43.78 sec)
Rows matched: 201916  Changed: 0  Warnings: 0

+------------+----------+
| usagedate  | count(*) |
+------------+----------+
| 2021-12-27 |    10741 |
| 2021-12-26 |    10657 |
| 2021-12-25 |    10790 |
| 2021-12-24 |    10917 |
| 2021-12-23 |    10782 |
| 2021-12-22 |    11286 |
| 2021-12-21 |    10664 |
| 2021-12-20 |    10603 |
| 2021-12-19 |    10500 |
| 2021-12-18 |    10608 |
| 2021-12-17 |    11038 |
| 2021-12-16 |    10587 |
| 2021-12-15 |    11883 |
| 2021-12-14 |    12625 |
| 2021-12-13 |    12377 |
+------------+----------+
15 rows in set (0.07 sec)

Query OK, 0 rows affected (0.03 sec)

Query OK, 808326 rows affected (1 min 23.07 sec)
Records: 808326  Duplicates: 0  Warnings: 0

Query OK, 0 rows affected (2.80 sec)
Records: 0  Duplicates: 0  Warnings: 0

Query OK, 0 rows affected (2.59 sec)
Records: 0  Duplicates: 0  Warnings: 0

Query OK, 0 rows affected (3.12 sec)
Records: 0  Duplicates: 0  Warnings: 0

Query OK, 0 rows affected (1.58 sec)
Records: 0  Duplicates: 0  Warnings: 0

Query OK, 0 rows affected (1.62 sec)
Records: 0  Duplicates: 0  Warnings: 0

Query OK, 0 rows affected (1.62 sec)
Records: 0  Duplicates: 0  Warnings: 0

Query OK, 0 rows affected (1.60 sec)
Records: 0  Duplicates: 0  Warnings: 0

+-----------------------+
| clientcontractipmonth |
+-----------------------+
|                808326 |
+-----------------------+
1 row in set (0.21 sec)

Query OK, 0 rows affected (0.01 sec)

Query OK, 18120 rows affected (1 min 10.70 sec)
Records: 18120  Duplicates: 0  Warnings: 0

+-----------------------+
| rep_dailypackageusage |
+-----------------------+
|                 18120 |
+-----------------------+
1 row in set (0.01 sec)

mysql> mysql \. C:\workspace\cloud\code\sql\_DailyScript\currenttime.sql
+---------------------+
| currenttime         |
+---------------------+
| 2021-12-28 11:46:40 |
+---------------------+
1 row in set (0.00 sec)

mysql> 
mysql> mysql \. C:\workspace\cloud\code\sql\GIS\GetParcelExtract.sql
Database changed
Query OK, 0 rows affected (0.01 sec)

Query OK, 16382 rows affected (5.33 sec)
Records: 16382  Duplicates: 0  Warnings: 0

+-------------------------+
| IV_PARCELEXTRACTStaging |
+-------------------------+
|                   16382 |
+-------------------------+
1 row in set (0.01 sec)

Query OK, 0 rows affected (0.00 sec)

Query OK, 0 rows affected (0.01 sec)

Query OK, 9958 rows affected (0.29 sec)
Records: 9958  Duplicates: 0  Warnings: 0

+-----------------+
| IV_PARCELFORMAP |
+-----------------+
|            9958 |
+-----------------+
1 row in set (0.01 sec)

Query OK, 0 rows affected (0.01 sec)

Query OK, 303 rows affected (0.03 sec)
Records: 303  Duplicates: 0  Warnings: 0

+----------------------------+
| IV_PARCELFORMAP_Inactive_2 |
+----------------------------+
|                        303 |
+----------------------------+
1 row in set (0.00 sec)

Query OK, 0 rows affected (0.01 sec)

Query OK, 396 rows affected (0.03 sec)
Records: 396  Duplicates: 0  Warnings: 0

+----------------------------+
| IV_PARCELFORMAP_Inactive_3 |
+----------------------------+
|                        396 |
+----------------------------+
1 row in set (0.00 sec)

Query OK, 0 rows affected (0.01 sec)

Query OK, 498 rows affected (0.04 sec)
Records: 498  Duplicates: 0  Warnings: 0

+----------------------------+
| IV_PARCELFORMAP_Inactive_4 |
+----------------------------+
|                        498 |
+----------------------------+
1 row in set (0.00 sec)

Query OK, 0 rows affected (0.01 sec)

Query OK, 2733 rows affected (0.09 sec)
Records: 2733  Duplicates: 0  Warnings: 0

+----------------------------+
| IV_PARCELFORMAP_Inactive_5 |
+----------------------------+
|                       2733 |
+----------------------------+
1 row in set (0.00 sec)

Query OK, 0 rows affected (0.01 sec)

Query OK, 4138 rows affected (0.12 sec)
Records: 4138  Duplicates: 0  Warnings: 0

+---------------------+
| IV_PARCELFORMAP_HFC |
+---------------------+
|                4138 |
+---------------------+
1 row in set (0.00 sec)

Query OK, 0 rows affected (0.01 sec)

Query OK, 4502 rows affected (0.13 sec)
Records: 4502  Duplicates: 0  Warnings: 0

+----------------------+
| IV_PARCELFORMAP_GPON |
+----------------------+
|                 4502 |
+----------------------+
1 row in set (0.00 sec)

Query OK, 0 rows affected (0.01 sec)

Query OK, 53 rows affected (0.02 sec)
Records: 53  Duplicates: 0  Warnings: 0

+---------------------+
| IV_PARCELFORMAP_MIX |
+---------------------+
|                  53 |
+---------------------+
1 row in set (0.00 sec)

mysql> mysql \. C:\workspace\cloud\code\sql\_DailyScript\currenttime.sql
+---------------------+
| currenttime         |
+---------------------+
| 2021-12-28 11:46:46 |
+---------------------+
1 row in set (0.00 sec)

mysql> 
mysql> 
mysql> 
mysql> exit
