    -> 
    -> mysql \. C:\workspace\cloud\code\sql\_DailyScript\_setdates.sql
Database changed
Query OK, 0 rows affected (0.00 sec)

Query OK, 0 rows affected (0.00 sec)

Query OK, 0 rows affected (0.00 sec)

Query OK, 0 rows affected (0.00 sec)

Query OK, 0 rows affected (0.00 sec)

Query OK, 0 rows affected (0.00 sec)

Query OK, 0 rows affected (0.00 sec)

Query OK, 0 rows affected (0.00 sec)

Query OK, 0 rows affected (0.00 sec)

Query OK, 0 rows affected (0.00 sec)

Query OK, 0 rows affected (0.00 sec)

Query OK, 0 rows affected (0.00 sec)

Query OK, 0 rows affected (0.00 sec)

Query OK, 0 rows affected (0.00 sec)

Query OK, 0 rows affected (0.00 sec)

Query OK, 0 rows affected (0.00 sec)

Query OK, 0 rows affected (0.00 sec)

Query OK, 0 rows affected (0.00 sec)

Query OK, 0 rows affected (0.00 sec)

Query OK, 0 rows affected (0.00 sec)

Query OK, 0 rows affected (0.00 sec)

mysql> mysql \. C:\workspace\cloud\code\sql\_DailyScript\currenttime.sql
+---------------------+
| currenttime         |
+---------------------+
| 2021-04-26 06:15:10 |
+---------------------+
1 row in set (0.00 sec)

mysql> 
mysql> mysql \. C:\workspace\cloud\code\sql\_DailyScript\load_RCB_VODTITLES.sql
Database changed
Query OK, 0 rows affected (0.00 sec)

Query OK, 14702 rows affected (0.14 sec)

Query OK, 14704 rows affected, 14704 warnings (0.38 sec)
Records: 14704  Deleted: 0  Skipped: 0  Warnings: 14704

Query OK, 0 rows affected (0.00 sec)

Query OK, 2 rows affected (0.02 sec)

+-----------+
| VODTITLES |
+-----------+
|     15162 |
+-----------+
1 row in set (0.01 sec)

+-----------+-----------+
| titletype | typecount |
+-----------+-----------+
| E         |     12389 |
| N         |       246 |
| T         |      2067 |
| NULL      |     14702 |
+-----------+-----------+
4 rows in set (0.04 sec)

mysql> mysql \. C:\workspace\cloud\code\sql\_DailyScript\currenttime.sql
+---------------------+
| currenttime         |
+---------------------+
| 2021-04-26 06:15:11 |
+---------------------+
1 row in set (0.00 sec)

mysql> 
mysql> mysql \. C:\workspace\cloud\code\sql\_DailyScript\DAILY-SCRIPT-LIVETV-STATS.sql
Database changed
Query OK, 0 rows affected (0.01 sec)

Query OK, 105632 rows affected (1.25 sec)
Records: 105632  Duplicates: 0  Warnings: 0

+------------+------------+----------+--------------+--------------+-----------+-------------+----------+--------+------+------------+---------+---------------+
| Table      | Non_unique | Key_name | Seq_in_index | Column_name  | Collation | Cardinality | Sub_part | Packed | Null | Index_type | Comment | Index_comment |
+------------+------------+----------+--------------+--------------+-----------+-------------+----------+--------+------+------------+---------+---------------+
| templivetv |          1 | idxtv1   |            1 | device       | A         |      106023 |     NULL | NULL   | YES  | BTREE      |         |               |
| templivetv |          1 | idxtv2   |            1 | sessionstart | A         |      106023 |     NULL | NULL   | YES  | BTREE      |         |               |
+------------+------------+----------+--------------+--------------+-----------+-------------+----------+--------+------+------------+---------+---------------+
2 rows in set (0.00 sec)

Query OK, 105184 rows affected (9.70 sec)
Records: 105184  Duplicates: 0  Warnings: 0

Query OK, 2693 rows affected (0.69 sec)
Records: 2693  Duplicates: 0  Warnings: 0

Query OK, 0 rows affected (0.00 sec)

Query OK, 0 rows affected (0.00 sec)

Query OK, 130 rows affected (0.03 sec)
Records: 130  Duplicates: 0  Warnings: 0

Query OK, 0 rows affected (0.01 sec)

Query OK, 63521 rows affected (5 min 48.27 sec)
Records: 63521  Duplicates: 0  Warnings: 0

+-----------------+
| rep_livetvstats |
+-----------------+
|           63521 |
+-----------------+
1 row in set (0.02 sec)

mysql> mysql \. C:\workspace\cloud\code\sql\_DailyScript\currenttime.sql
+---------------------+
| currenttime         |
+---------------------+
| 2021-04-26 06:21:11 |
+---------------------+
1 row in set (0.00 sec)

mysql> 
mysql> mysql \. C:\workspace\cloud\code\sql\_DailyScript\DAILY-SCRIPT-VODTS-STATS.sql
Database changed
Query OK, 0 rows affected (0.01 sec)

Query OK, 7963 rows affected (20.49 sec)
Records: 7963  Duplicates: 0  Warnings: 0

+---------+------------+----------+--------------+--------------+-----------+-------------+----------+--------+------+------------+---------+---------------+
| Table   | Non_unique | Key_name | Seq_in_index | Column_name  | Collation | Cardinality | Sub_part | Packed | Null | Index_type | Comment | Index_comment |
+---------+------------+----------+--------------+--------------+-----------+-------------+----------+--------+------+------------+---------+---------------+
| tempvod |          1 | idxtvod1 |            1 | device       | A         |        8013 |     NULL | NULL   | YES  | BTREE      |         |               |
| tempvod |          1 | idxtvod2 |            1 | sessionstart | A         |        8013 |     NULL | NULL   | YES  | BTREE      |         |               |
+---------+------------+----------+--------------+--------------+-----------+-------------+----------+--------+------+------------+---------+---------------+
2 rows in set (0.00 sec)

Query OK, 7921 rows affected (3.39 sec)
Records: 7921  Duplicates: 0  Warnings: 0

Query OK, 0 rows affected (0.01 sec)

Query OK, 1142483 rows affected (1 min 34.65 sec)
Records: 1142483  Duplicates: 0  Warnings: 0

+--------------+
| rep_vodstats |
+--------------+
|      1142483 |
+--------------+
1 row in set (0.33 sec)

Database changed
Query OK, 0 rows affected (0.02 sec)

Query OK, 22772 rows affected (39.92 sec)
Records: 22772  Duplicates: 0  Warnings: 0

+--------+------------+----------+--------------+--------------+-----------+-------------+----------+--------+------+------------+---------+---------------+
| Table  | Non_unique | Key_name | Seq_in_index | Column_name  | Collation | Cardinality | Sub_part | Packed | Null | Index_type | Comment | Index_comment |
+--------+------------+----------+--------------+--------------+-----------+-------------+----------+--------+------+------------+---------+---------------+
| tempts |          1 | idxtts1  |            1 | device       | A         |       22864 |     NULL | NULL   | YES  | BTREE      |         |               |
| tempts |          1 | idxtts2  |            1 | sessionstart | A         |       22864 |     NULL | NULL   | YES  | BTREE      |         |               |
+--------+------------+----------+--------------+--------------+-----------+-------------+----------+--------+------+------------+---------+---------------+
2 rows in set (0.00 sec)

Query OK, 22700 rows affected (13.96 sec)
Records: 22700  Duplicates: 0  Warnings: 0

Query OK, 0 rows affected (0.01 sec)

Query OK, 47061 rows affected (42.58 sec)
Records: 47061  Duplicates: 0  Warnings: 0

+-------------+
| rep_tsstats |
+-------------+
|       47061 |
+-------------+
1 row in set (0.02 sec)

mysql> mysql \. C:\workspace\cloud\code\sql\_DailyScript\currenttime.sql
+---------------------+
| currenttime         |
+---------------------+
| 2021-04-26 06:24:46 |
+---------------------+
1 row in set (0.00 sec)

mysql> 
mysql> mysql \. C:\workspace\cloud\code\sql\_DailyScript\DAILY-SCRIPT-RADIO-STATS.sql
Database changed
Query OK, 0 rows affected (0.01 sec)

Query OK, 383216 rows affected (4.50 sec)
Records: 383216  Duplicates: 0  Warnings: 0

+-----------+------------+----------+--------------+--------------+-----------+-------------+----------+--------+------+------------+---------+---------------+
| Table     | Non_unique | Key_name | Seq_in_index | Column_name  | Collation | Cardinality | Sub_part | Packed | Null | Index_type | Comment | Index_comment |
+-----------+------------+----------+--------------+--------------+-----------+-------------+----------+--------+------+------------+---------+---------------+
| tempradio |          1 | idxtrad1 |            1 | device       | A         |      386109 |     NULL | NULL   | YES  | BTREE      |         |               |
| tempradio |          1 | idxtrad2 |            1 | sessionstart | A         |      386109 |     NULL | NULL   | YES  | BTREE      |         |               |
+-----------+------------+----------+--------------+--------------+-----------+-------------+----------+--------+------+------------+---------+---------------+
2 rows in set (0.00 sec)

Query OK, 522 rows affected (0.78 sec)
Records: 522  Duplicates: 0  Warnings: 0

Query OK, 0 rows affected (0.01 sec)

Query OK, 6274 rows affected (0.52 sec)
Records: 6274  Duplicates: 0  Warnings: 0

+----------------+
| rep_radiostats |
+----------------+
|           6274 |
+----------------+
1 row in set (0.00 sec)

mysql> mysql \. C:\workspace\cloud\code\sql\_DailyScript\currenttime.sql
+---------------------+
| currenttime         |
+---------------------+
| 2021-04-26 06:24:52 |
+---------------------+
1 row in set (0.00 sec)

mysql> 
mysql> mysql \. C:\workspace\cloud\code\sql\_DailyScript\DAILY_SCRIPT_TELEMETRY_PIVOT_2021.sql
Query OK, 0 rows affected (0.01 sec)

Query OK, 140 rows affected (0.12 sec)
Records: 140  Duplicates: 0  Warnings: 0

Query OK, 0 rows affected (0.01 sec)

Query OK, 11794 rows affected (1.54 sec)
Records: 11794  Duplicates: 0  Warnings: 0

Query OK, 0 rows affected (0.01 sec)

Query OK, 5 rows affected (0.02 sec)
Records: 5  Duplicates: 0  Warnings: 0

Query OK, 0 rows affected (0.01 sec)

Query OK, 44 rows affected (0.05 sec)
Records: 44  Duplicates: 0  Warnings: 0

mysql> mysql \. C:\workspace\cloud\code\sql\_DailyScript\currenttime.sql
+---------------------+
| currenttime         |
+---------------------+
| 2021-04-26 06:24:54 |
+---------------------+
1 row in set (0.00 sec)

mysql> 
mysql> mysql \. C:\workspace\cloud\code\sql\_DailyScript\telemetry_livetv_ranking2021.sql
Query OK, 0 rows affected (0.01 sec)

Query OK, 140 rows affected (0.02 sec)
Records: 140  Duplicates: 0  Warnings: 0

mysql> mysql \. C:\workspace\cloud\code\sql\_DailyScript\currenttime.sql
+---------------------+
| currenttime         |
+---------------------+
| 2021-04-26 06:24:54 |
+---------------------+
1 row in set (0.00 sec)

mysql> 
mysql> mysql \. C:\workspace\cloud\code\sql\_DailyScript\telemetry_radio_ranking2021.sql
Query OK, 0 rows affected (0.02 sec)

Query OK, 5 rows affected (0.02 sec)
Records: 5  Duplicates: 0  Warnings: 0

mysql> mysql \. C:\workspace\cloud\code\sql\_DailyScript\currenttime.sql
+---------------------+
| currenttime         |
+---------------------+
| 2021-04-26 06:24:54 |
+---------------------+
1 row in set (0.00 sec)

mysql> 
mysql> mysql \. C:\workspace\cloud\code\sql\_DailyScript\telemetry_ts_ranking2021.sql
Query OK, 0 rows affected (0.00 sec)

Query OK, 44 rows affected (0.02 sec)
Records: 44  Duplicates: 0  Warnings: 0

mysql> mysql \. C:\workspace\cloud\code\sql\_DailyScript\currenttime.sql
+---------------------+
| currenttime         |
+---------------------+
| 2021-04-26 06:24:54 |
+---------------------+
1 row in set (0.00 sec)

mysql> 
mysql> mysql \. C:\workspace\cloud\code\sql\_DailyScript\telemetry_vod_ranking2021.sql
Query OK, 0 rows affected (0.00 sec)

Query OK, 11794 rows affected (0.52 sec)
Records: 11794  Duplicates: 0  Warnings: 0

mysql> mysql \. C:\workspace\cloud\code\sql\_DailyScript\currenttime.sql
+---------------------+
| currenttime         |
+---------------------+
| 2021-04-26 06:24:55 |
+---------------------+
1 row in set (0.00 sec)

mysql> 
mysql> mysql \. C:\workspace\cloud\code\sql\_DailyScript\telemetry_vod_ranking2021_1.sql
Query OK, 0 rows affected (0.01 sec)

Query OK, 11794 rows affected (0.26 sec)
Records: 11794  Duplicates: 0  Warnings: 0

mysql> mysql \. C:\workspace\cloud\code\sql\_DailyScript\currenttime.sql
+---------------------+
| currenttime         |
+---------------------+
| 2021-04-26 06:24:55 |
+---------------------+
1 row in set (0.00 sec)

mysql> 
mysql> mysql \. C:\workspace\cloud\code\sql\_DailyScript\telemetry_vod_ranking2021_2.sql
Query OK, 0 rows affected (0.00 sec)

Query OK, 11794 rows affected (0.26 sec)
Records: 11794  Duplicates: 0  Warnings: 0

mysql> mysql \. C:\workspace\cloud\code\sql\_DailyScript\currenttime.sql
+---------------------+
| currenttime         |
+---------------------+
| 2021-04-26 06:24:55 |
+---------------------+
1 row in set (0.00 sec)

mysql> 
mysql> 
mysql> 
mysql> 
mysql> mysql \. C:\workspace\cloud\code\sql\_DailyScript\ticket_analysis.sql
Database changed
Query OK, 0 rows affected (0.02 sec)

Query OK, 799280 rows affected (26.25 sec)
Records: 799280  Duplicates: 0  Warnings: 0

Query OK, 0 rows affected (3.20 sec)
Records: 0  Duplicates: 0  Warnings: 0

Query OK, 0 rows affected (1.65 sec)
Records: 0  Duplicates: 0  Warnings: 0

Query OK, 0 rows affected (1.51 sec)
Records: 0  Duplicates: 0  Warnings: 0

Query OK, 0 rows affected (0.01 sec)

Query OK, 24986 rows affected (13.07 sec)
Records: 24986  Duplicates: 0  Warnings: 0

Query OK, 0 rows affected, 1 warning (0.00 sec)

Query OK, 115534 rows affected (8.45 sec)
Records: 115534  Duplicates: 0  Warnings: 0

Query OK, 0 rows affected, 1 warning (0.00 sec)

Query OK, 588223 rows affected (16.31 sec)
Records: 588223  Duplicates: 0  Warnings: 0

Query OK, 0 rows affected, 1 warning (0.00 sec)

Query OK, 588223 rows affected (15.62 sec)
Records: 588223  Duplicates: 0  Warnings: 0

Query OK, 0 rows affected (0.01 sec)

Query OK, 115644 rows affected (4.19 sec)
Records: 115644  Duplicates: 0  Warnings: 0

Database changed
Query OK, 0 rows affected (0.00 sec)

Query OK, 0 rows affected (0.02 sec)

Query OK, 799280 rows affected (25.74 sec)
Records: 799280  Duplicates: 0  Warnings: 0

Query OK, 0 rows affected (0.01 sec)

Query OK, 409108 rows affected (17.21 sec)
Records: 409108  Duplicates: 0  Warnings: 0

+--------------------------+
| clientticket_cmmtjourney |
+--------------------------+
|                   799280 |
+--------------------------+
1 row in set (1.01 sec)

+---------------------------+
| clientticket_assgnjourney |
+---------------------------+
|                    409108 |
+---------------------------+
1 row in set (0.19 sec)

Query OK, 0 rows affected (0.01 sec)

Query OK, 88 rows affected (0.16 sec)
Records: 88  Duplicates: 0  Warnings: 0

mysql> mysql \. C:\workspace\cloud\code\sql\_DailyScript\currenttime.sql
+---------------------+
| currenttime         |
+---------------------+
| 2021-04-26 06:27:10 |
+---------------------+
1 row in set (0.00 sec)

mysql> 
mysql> mysql \. C:\workspace\cloud\code\sql\_DailyScript\load_DailyCalls.sql
Database changed
Query OK, 571 rows affected (0.13 sec)
Records: 571  Deleted: 0  Skipped: 0  Warnings: 0

Query OK, 0 rows affected, 1 warning (0.00 sec)

Query OK, 569 rows affected (0.03 sec)
Records: 569  Duplicates: 0  Warnings: 0

Query OK, 0 rows affected, 1 warning (0.00 sec)

Query OK, 69208 rows affected (0.35 sec)
Records: 69208  Duplicates: 0  Warnings: 0

+----------------------+
| callingclientsbefore |
+----------------------+
|              1176028 |
+----------------------+
1 row in set (0.42 sec)

Query OK, 763 rows affected (12.10 sec)
Records: 763  Duplicates: 0  Warnings: 0

+---------------------+
| callingclientsafter |
+---------------------+
|             1176791 |
+---------------------+
1 row in set (0.31 sec)

Query OK, 0 rows affected (0.01 sec)

Query OK, 375 rows affected (3.24 sec)
Records: 375  Duplicates: 0  Warnings: 0

Query OK, 0 rows affected (0.00 sec)

Query OK, 22969 rows affected (3.73 sec)
Records: 22969  Duplicates: 0  Warnings: 0

+-----------+
| callstats |
+-----------+
|     22969 |
+-----------+
1 row in set (0.01 sec)

Query OK, 0 rows affected, 1 warning (0.00 sec)

Query OK, 763 rows affected (2.15 sec)
Records: 763  Duplicates: 0  Warnings: 0

+------------------------+
| rep_cccallreportbefore |
+------------------------+
|                1177497 |
+------------------------+
1 row in set (0.33 sec)

Query OK, 763 rows affected (0.14 sec)
Records: 763  Duplicates: 0  Warnings: 0

+-----------------------+
| rep_cccallreportafter |
+-----------------------+
|               1178260 |
+-----------------------+
1 row in set (0.32 sec)

Query OK, 0 rows affected (0.00 sec)

mysql> mysql \. C:\workspace\cloud\code\sql\_DailyScript\currenttime.sql
+---------------------+
| currenttime         |
+---------------------+
| 2021-04-26 06:27:33 |
+---------------------+
1 row in set (0.00 sec)

mysql> 
mysql> mysql \. C:\workspace\cloud\code\sql\_DailyScript\DAILY-SCRIPT-USAGE.sql
Database changed
Query OK, 0 rows affected (0.00 sec)

Query OK, 4407 rows affected, 12837 warnings (0.68 sec)
Records: 4407  Deleted: 0  Skipped: 0  Warnings: 12837

Query OK, 0 rows affected (0.00 sec)

Query OK, 6724 rows affected, 19498 warnings (0.83 sec)
Records: 6724  Deleted: 0  Skipped: 0  Warnings: 19498

Query OK, 0 rows affected (0.00 sec)

Query OK, 273 rows affected, 958 warnings (0.04 sec)
Records: 273  Deleted: 0  Skipped: 0  Warnings: 958

Query OK, 0 rows affected (0.00 sec)

Query OK, 123 rows affected, 433 warnings (0.03 sec)
Records: 123  Deleted: 0  Skipped: 0  Warnings: 433

+------------+
| dailyusage |
+------------+
|   17300684 |
+------------+
1 row in set (6.06 sec)

+------------+------------+------------+---------+
| datestart  | dateend    | insertedon | records |
+------------+------------+------------+---------+
| 2021-04-24 | 2021-04-24 | 2021-04-26 |   11527 |
| 2021-04-23 | 2021-04-23 | 2021-04-26 |   11719 |
| 2021-04-22 | 2021-04-22 | 2021-04-23 |   11372 |
| 2021-04-21 | 2021-04-21 | 2021-04-22 |   11412 |
| 2021-04-20 | 2021-04-20 | 2021-04-21 |   11355 |
+------------+------------+------------+---------+
5 rows in set (18.04 sec)

+----------+------------+------------+------------+---------+
| category | datestart  | dateend    | insertedon | records |
+----------+------------+------------+------------+---------+
| UNCAPPED | 2021-04-24 | 2021-04-24 | 2021-04-26 |    6724 |
| PREPAID  | 2021-04-24 | 2021-04-24 | 2021-04-26 |     273 |
| HOTSPOT  | 2021-04-24 | 2021-04-24 | 2021-04-26 |     123 |
| CAPPED   | 2021-04-24 | 2021-04-24 | 2021-04-26 |    4407 |
| UNCAPPED | 2021-04-23 | 2021-04-23 | 2021-04-26 |    6905 |
| PREPAID  | 2021-04-23 | 2021-04-23 | 2021-04-26 |     288 |
| HOTSPOT  | 2021-04-23 | 2021-04-23 | 2021-04-26 |     161 |
| CAPPED   | 2021-04-23 | 2021-04-23 | 2021-04-26 |    4365 |
| UNCAPPED | 2021-04-22 | 2021-04-22 | 2021-04-23 |    6637 |
| PREPAID  | 2021-04-22 | 2021-04-22 | 2021-04-23 |     313 |
| HOTSPOT  | 2021-04-22 | 2021-04-22 | 2021-04-23 |     155 |
| CAPPED   | 2021-04-22 | 2021-04-22 | 2021-04-23 |    4267 |
| UNCAPPED | 2021-04-21 | 2021-04-21 | 2021-04-22 |    6641 |
| PREPAID  | 2021-04-21 | 2021-04-21 | 2021-04-22 |     281 |
| HOTSPOT  | 2021-04-21 | 2021-04-21 | 2021-04-22 |     175 |
| CAPPED   | 2021-04-21 | 2021-04-21 | 2021-04-22 |    4315 |
| UNCAPPED | 2021-04-20 | 2021-04-20 | 2021-04-21 |    6614 |
| PREPAID  | 2021-04-20 | 2021-04-20 | 2021-04-21 |     298 |
| HOTSPOT  | 2021-04-20 | 2021-04-20 | 2021-04-21 |     164 |
| CAPPED   | 2021-04-20 | 2021-04-20 | 2021-04-21 |    4279 |
+----------+------------+------------+------------+---------+
20 rows in set (24.94 sec)

mysql> mysql \. C:\workspace\cloud\code\sql\_DailyScript\currenttime.sql
+---------------------+
| currenttime         |
+---------------------+
| 2021-04-26 06:28:24 |
+---------------------+
1 row in set (0.00 sec)

mysql> 
mysql> mysql \. C:\workspace\cloud\code\sql\_DailyScript\DAILY-SCRIPT-SALES-TELEMETRY.sql
Database changed
Query OK, 109 rows affected, 33 warnings (0.02 sec)
Records: 109  Deleted: 0  Skipped: 0  Warnings: 33

+------------+
| dailysales |
+------------+
|     230718 |
+------------+
1 row in set (0.17 sec)

Query OK, 0 rows affected (0.01 sec)

Query OK, 230718 rows affected (15.65 sec)
Records: 230718  Duplicates: 0  Warnings: 0

+--------+
| sales  |
+--------+
| 230718 |
+--------+
1 row in set (0.10 sec)

Query OK, 0 rows affected (0.00 sec)

Query OK, 3801 rows affected (0.38 sec)
Records: 3801  Duplicates: 0  Warnings: 0

+----------------+
| rep_dailysales |
+----------------+
|           3801 |
+----------------+
1 row in set (0.00 sec)

Query OK, 0 rows affected (0.01 sec)

Query OK, 3801 rows affected (0.59 sec)
Records: 3801  Duplicates: 0  Warnings: 0

+-------------------+
| rep_dailysalesreg |
+-------------------+
|              3801 |
+-------------------+
1 row in set (0.00 sec)

Query OK, 0 rows affected (0.00 sec)

Query OK, 2910 rows affected (0.74 sec)
Records: 2910  Duplicates: 0  Warnings: 0

+-----------+
| saleslist |
+-----------+
|      2910 |
+-----------+
1 row in set (0.00 sec)

Database changed
ERROR 2 (HY000): File 'C:\ProgramData\MySQL\MySQL Server 5.7\Uploads\_csv\PrepaidCardSales-24042021-P1.csv' not found (Errcode: 2 - No such file or directory)
+------------------+
| dailysinglesales |
+------------------+
|             6497 |
+------------------+
1 row in set (0.01 sec)

Database changed
Query OK, 22 rows affected (0.03 sec)
Records: 22  Deleted: 0  Skipped: 0  Warnings: 0

+-----------------+
| dailyaddonsales |
+-----------------+
|           23144 |
+-----------------+
1 row in set (0.04 sec)

Query OK, 412 rows affected (0.07 sec)
Records: 412  Deleted: 0  Skipped: 0  Warnings: 0

+----------------+
| onlinepayments |
+----------------+
|         180363 |
+----------------+
1 row in set (0.08 sec)

+-------------+----------------+---------------------+
| paymentdate | onlinepayments | onlinepaymentamount |
+-------------+----------------+---------------------+
| 2021-04-24  |            412 |        264180.47000 |
| 2021-04-23  |            434 |        281457.55000 |
| 2021-04-22  |            275 |        174404.15000 |
| 2021-04-21  |            211 |        143038.62000 |
| 2021-04-20  |            245 |        143306.51000 |
+-------------+----------------+---------------------+
5 rows in set (0.48 sec)

+-------------+--------------+----------------+---------------------+
| paymentyear | paymentmonth | onlinepayments | onlinepaymentamount |
+-------------+--------------+----------------+---------------------+
|        2021 |            4 |           6230 |       4012536.32000 |
|        2021 |            3 |           9164 |       5894594.15000 |
|        2021 |            2 |           8581 |       5454096.95000 |
|        2021 |            1 |           9124 |       5808374.04000 |
|        2021 |         NULL |          33099 |      21169601.46000 |
+-------------+--------------+----------------+---------------------+
5 rows in set (0.17 sec)

mysql> mysql \. C:\workspace\cloud\code\sql\_DailyScript\currenttime.sql
+---------------------+
| currenttime         |
+---------------------+
| 2021-04-26 06:28:42 |
+---------------------+
1 row in set (0.00 sec)

mysql> 
mysql> mysql \. C:\workspace\cloud\code\sql\_DailyScript\DAILY-SCRIPT-ACTIVENUMBERS.sql
Database changed
Query OK, 1138 rows affected (0.50 sec)
Records: 1138  Deleted: 0  Skipped: 0  Warnings: 0

+------------+----------+
| period     | count(1) |
+------------+----------+
| 2021-04-24 |     1138 |
| 2021-04-23 |     1138 |
| 2021-04-22 |     1139 |
| 2021-04-21 |     1139 |
| 2021-04-20 |     1141 |
+------------+----------+
5 rows in set (0.01 sec)

Query OK, 0 rows affected (0.00 sec)

Query OK, 77 rows affected (1.38 sec)
Records: 77  Duplicates: 0  Warnings: 0

+-------------+
| packagelist |
+-------------+
|          77 |
+-------------+
1 row in set (0.00 sec)

Database changed
Query OK, 0 rows affected (0.00 sec)

Query OK, 0 rows affected (0.00 sec)

Query OK, 0 rows affected (0.00 sec)

Query OK, 0 rows affected (0.00 sec)

Query OK, 28699 rows affected, 235 warnings (12.37 sec)
Records: 28699  Deleted: 0  Skipped: 0  Warnings: 235

+------------+----------+
| period     | count(1) |
+------------+----------+
| 2021-04-24 |    28699 |
| 2021-04-23 |    28764 |
| 2021-04-22 |    28690 |
| 2021-04-21 |    28733 |
| 2021-04-20 |    28724 |
+------------+----------+
5 rows in set (0.12 sec)

Query OK, 0 rows affected (0.01 sec)

Query OK, 28131 rows affected (46.90 sec)
Records: 28131  Duplicates: 0  Warnings: 0

Query OK, 0 rows affected (0.11 sec)
Records: 0  Duplicates: 0  Warnings: 0

Query OK, 0 rows affected (0.11 sec)
Records: 0  Duplicates: 0  Warnings: 0

Query OK, 0 rows affected (0.10 sec)
Records: 0  Duplicates: 0  Warnings: 0

Query OK, 0 rows affected (0.09 sec)
Records: 0  Duplicates: 0  Warnings: 0

Query OK, 0 rows affected (0.07 sec)
Records: 0  Duplicates: 0  Warnings: 0

Query OK, 0 rows affected (0.07 sec)
Records: 0  Duplicates: 0  Warnings: 0

+-------------+
| countbefore |
+-------------+
|    45250182 |
+-------------+
1 row in set (13.32 sec)

Query OK, 28131 rows affected (2.00 sec)
Records: 28131  Duplicates: 0  Warnings: 0

+------------+
| countafter |
+------------+
|   45278313 |
+------------+
1 row in set (14.35 sec)

+------------+--------------------------+
| period     | customercontractactivity |
+------------+--------------------------+
| 2021-04-24 |                    28131 |
| 2021-04-23 |                    28196 |
| 2021-04-22 |                    28122 |
| 2021-04-21 |                    28165 |
| 2021-04-20 |                    28157 |
+------------+--------------------------+
5 rows in set (0.07 sec)

Query OK, 0 rows affected (0.02 sec)

Query OK, 300848 rows affected (7 min 48.00 sec)
Records: 300848  Duplicates: 0  Warnings: 0

Query OK, 0 rows affected (0.97 sec)
Records: 0  Duplicates: 0  Warnings: 0

Query OK, 0 rows affected (1.13 sec)
Records: 0  Duplicates: 0  Warnings: 0

Query OK, 0 rows affected (1.12 sec)
Records: 0  Duplicates: 0  Warnings: 0

Query OK, 0 rows affected (0.01 sec)

Query OK, 232 rows affected (0.44 sec)
Records: 232  Duplicates: 0  Warnings: 0

Query OK, 0 rows affected (0.01 sec)

Query OK, 2734 rows affected (0.61 sec)
Records: 2734  Duplicates: 0  Warnings: 0

Query OK, 0 rows affected (0.01 sec)

Query OK, 28108 rows affected (0.58 sec)
Records: 28108  Duplicates: 0  Warnings: 0

Query OK, 0 rows affected (0.01 sec)

Query OK, 17239 rows affected (0.38 sec)
Records: 17239  Duplicates: 0  Warnings: 0

Query OK, 0 rows affected (0.01 sec)

Query OK, 17239 rows affected (0.13 sec)
Records: 17239  Duplicates: 0  Warnings: 0

Query OK, 0 rows affected (0.01 sec)

Query OK, 17239 rows affected (1.13 sec)
Records: 17239  Duplicates: 0  Warnings: 0

Query OK, 0 rows affected (0.01 sec)

Query OK, 17239 rows affected (45.41 sec)
Records: 17239  Duplicates: 0  Warnings: 0

+-------------+
| clientstats |
+-------------+
|       17239 |
+-------------+
1 row in set (0.01 sec)

Query OK, 0 rows affected (0.01 sec)

Query OK, 13 rows affected, 1 warning (0.10 sec)
Records: 13  Duplicates: 0  Warnings: 1

+-----------------------+-------------+-------------+----------------+-----------------+
| services              | activecount | allaccounts | uniqueaccounts | uniquecontracts |
+-----------------------+-------------+-------------+----------------+-----------------+
| All                   |         388 |          66 |             66 |             210 |
| Internet & OTT        |           2 |           1 |              1 |               1 |
| Internet & Voice      |         336 |         149 |            149 |             292 |
| Internet Only         |        4355 |        4239 |           4232 |            4282 |
| OTT Only              |           1 |           1 |              1 |               1 |
| TV & Internet         |        9827 |        4405 |           4397 |            8996 |
| TV & Internet & OTT   |        3728 |         957 |            955 |            1985 |
| TV & Internet & Voice |         498 |         141 |            141 |             434 |
| TV & OTT              |         530 |          78 |             76 |              99 |
| TV & Voice            |          86 |          39 |             39 |              79 |
| TV Only               |        8961 |        7040 |           7030 |            7232 |
| Voice Only            |         126 |         123 |            123 |             126 |
| GRAND TOTAL           |       28838 |       17239 |          17160 |           23737 |
+-----------------------+-------------+-------------+----------------+-----------------+
13 rows in set (0.00 sec)

+-------------+-------------+-------------+----------------+-----------------+
| network     | activecount | allaccounts | uniqueaccounts | uniquecontracts |
+-------------+-------------+-------------+----------------+-----------------+
| GPON        |       11496 |        5727 |           5724 |            9037 |
| HFC         |       17342 |       11512 |          11512 |           14700 |
| GRAND TOTAL |       28838 |       17239 |          17160 |           23737 |
+-------------+-------------+-------------+----------------+-----------------+
3 rows in set, 1 warning (0.12 sec)

+-------------+-----------------------+-------------+-------------+----------------+-----------------+
| network     | services              | activecount | allaccounts | uniqueaccounts | uniquecontracts |
+-------------+-----------------------+-------------+-------------+----------------+-----------------+
| GPON        | All                   |         256 |          46 |             46 |             144 |
| GPON        | Internet & Voice      |          76 |          31 |             31 |              66 |
| GPON        | Internet Only         |        1403 |        1306 |           1306 |            1332 |
| GPON        | TV & Internet         |        4768 |        2094 |           2094 |            4319 |
| GPON        | TV & Internet & OTT   |        2437 |         621 |            621 |            1297 |
| GPON        | TV & Internet & Voice |         247 |          64 |             64 |             200 |
| GPON        | TV & OTT              |         308 |          43 |             43 |              54 |
| GPON        | TV & Voice            |          54 |          24 |             24 |              49 |
| GPON        | TV Only               |        1935 |        1487 |           1487 |            1564 |
| GPON        | Voice Only            |          12 |          11 |             11 |              12 |
| GPON        | Services Total        |       11496 |        5727 |           5724 |            9037 |
| HFC         | All                   |         132 |          20 |             20 |              66 |
| HFC         | Internet & OTT        |           2 |           1 |              1 |               1 |
| HFC         | Internet & Voice      |         260 |         118 |            118 |             226 |
| HFC         | Internet Only         |        2952 |        2933 |           2933 |            2950 |
| HFC         | OTT Only              |           1 |           1 |              1 |               1 |
| HFC         | TV & Internet         |        5059 |        2311 |           2311 |            4677 |
| HFC         | TV & Internet & OTT   |        1291 |         336 |            336 |             688 |
| HFC         | TV & Internet & Voice |         251 |          77 |             77 |             234 |
| HFC         | TV & OTT              |         222 |          35 |             35 |              45 |
| HFC         | TV & Voice            |          32 |          15 |             15 |              30 |
| HFC         | TV Only               |        7026 |        5553 |           5553 |            5668 |
| HFC         | Voice Only            |         114 |         112 |            112 |             114 |
| HFC         | Services Total        |       17342 |       11512 |          11512 |           14700 |
| GRAND TOTAL | Services Total        |       28838 |       17239 |          17160 |           23737 |
+-------------+-----------------------+-------------+-------------+----------------+-----------------+
25 rows in set, 2 warnings (0.14 sec)

Query OK, 0 rows affected (0.01 sec)

Query OK, 44 rows affected, 3 warnings (0.19 sec)
Records: 44  Duplicates: 0  Warnings: 3

+-------------+---------------+-----------------------+-------------+-------------+----------------+-----------------+
| region      | network       | services              | activecount | allaccounts | uniqueaccounts | uniquecontracts |
+-------------+---------------+-----------------------+-------------+-------------+----------------+-----------------+
| Eden Island | GPON          | TV & Internet         |           2 |           1 |              1 |               2 |
| Eden Island | GPON          | Services Total        |           2 |           1 |              1 |               2 |
| Eden Island | Network Total | Services Total        |           2 |           1 |              1 |               2 |
| Mahe        | GPON          | All                   |         225 |          41 |             41 |             129 |
| Mahe        | GPON          | Internet & Voice      |          64 |          25 |             25 |              54 |
| Mahe        | GPON          | Internet Only         |        1165 |        1068 |           1068 |            1094 |
| Mahe        | GPON          | TV & Internet         |        3916 |        1717 |           1717 |            3539 |
| Mahe        | GPON          | TV & Internet & OTT   |        2040 |         510 |            510 |            1070 |
| Mahe        | GPON          | TV & Internet & Voice |         237 |          61 |             61 |             190 |
| Mahe        | GPON          | TV & OTT              |         284 |          34 |             34 |              45 |
| Mahe        | GPON          | TV & Voice            |          52 |          23 |             23 |              47 |
| Mahe        | GPON          | TV Only               |        1564 |        1193 |           1193 |            1252 |
| Mahe        | GPON          | Voice Only            |          12 |          11 |             11 |              12 |
| Mahe        | GPON          | Services Total        |        9559 |        4683 |           4683 |            7432 |
| Mahe        | HFC           | All                   |         132 |          20 |             20 |              66 |
| Mahe        | HFC           | Internet & OTT        |           2 |           1 |              1 |               1 |
| Mahe        | HFC           | Internet & Voice      |         260 |         118 |            118 |             226 |
| Mahe        | HFC           | Internet Only         |        2951 |        2932 |           2932 |            2949 |
| Mahe        | HFC           | OTT Only              |           1 |           1 |              1 |               1 |
| Mahe        | HFC           | TV & Internet         |        5057 |        2310 |           2310 |            4675 |
| Mahe        | HFC           | TV & Internet & OTT   |        1291 |         336 |            336 |             688 |
| Mahe        | HFC           | TV & Internet & Voice |         251 |          77 |             77 |             234 |
| Mahe        | HFC           | TV & OTT              |         222 |          35 |             35 |              45 |
| Mahe        | HFC           | TV & Voice            |          32 |          15 |             15 |              30 |
| Mahe        | HFC           | TV Only               |        7023 |        5551 |           5551 |            5666 |
| Mahe        | HFC           | Voice Only            |         114 |         112 |            112 |             114 |
| Mahe        | HFC           | Services Total        |       17336 |       11508 |          11508 |           14695 |
| Mahe        | Network Total | Services Total        |       26895 |       16191 |          16115 |           22127 |
| Praslin     | GPON          | All                   |          31 |           5 |              5 |              15 |
| Praslin     | GPON          | Internet & Voice      |          12 |           6 |              6 |              12 |
| Praslin     | GPON          | Internet Only         |         238 |         238 |            238 |             238 |
| Praslin     | GPON          | TV & Internet         |         850 |         376 |            376 |             778 |
| Praslin     | GPON          | TV & Internet & OTT   |         397 |         111 |            111 |             227 |
| Praslin     | GPON          | TV & Internet & Voice |          10 |           3 |              3 |              10 |
| Praslin     | GPON          | TV & OTT              |          24 |           9 |              9 |               9 |
| Praslin     | GPON          | TV & Voice            |           2 |           1 |              1 |               2 |
| Praslin     | GPON          | TV Only               |         371 |         294 |            294 |             312 |
| Praslin     | GPON          | Services Total        |        1935 |        1043 |           1043 |            1603 |
| Praslin     | HFC           | Internet Only         |           1 |           1 |              1 |               1 |
| Praslin     | HFC           | TV & Internet         |           2 |           1 |              1 |               2 |
| Praslin     | HFC           | TV Only               |           3 |           2 |              2 |               2 |
| Praslin     | HFC           | Services Total        |           6 |           4 |              4 |               5 |
| Praslin     | Network Total | Services Total        |        1941 |        1047 |           1047 |            1608 |
| GRAND TOTAL | Network Total | Services Total        |       28838 |       17239 |          17160 |           23737 |
+-------------+---------------+-----------------------+-------------+-------------+----------------+-----------------+
44 rows in set (0.00 sec)

Query OK, 0 rows affected (0.01 sec)

Query OK, 28109 rows affected (0.43 sec)
Records: 28109  Duplicates: 0  Warnings: 0

Query OK, 0 rows affected (0.01 sec)

Query OK, 2270 rows affected (0.94 sec)
Records: 2270  Duplicates: 0  Warnings: 0

+--------------------------------------+
| message                              |
+--------------------------------------+
| running rcbill_my.sp_ActiveNumber2() |
+--------------------------------------+
1 row in set (0.00 sec)

Query OK, 365 rows affected (1 min 53.19 sec)

mysql> mysql \. C:\workspace\cloud\code\sql\_DailyScript\currenttime.sql
+---------------------+
| currenttime         |
+---------------------+
| 2021-04-26 06:40:49 |
+---------------------+
1 row in set (0.00 sec)

mysql> 
mysql> mysql \. C:\workspace\cloud\code\sql\_DailyScript\GetActiveNumbers Average -Pivot.sql
Database changed
+-------------------------------------+
| @today := subdate(current_date(),1) |
+-------------------------------------+
| 2021-04-25                          |
+-------------------------------------+
1 row in set (0.00 sec)

+-------------------------------------+
| @lastdayofmonth := last_day(@today) |
+-------------------------------------+
| 2021-04-30                          |
+-------------------------------------+
1 row in set (0.00 sec)

Query OK, 0 rows affected (0.01 sec)

Query OK, 46950 rows affected, 65535 warnings (59.08 sec)
Records: 46950  Duplicates: 0  Warnings: 95182

Query OK, 0 rows affected (0.10 sec)
Records: 0  Duplicates: 0  Warnings: 0

Query OK, 0 rows affected (0.13 sec)
Records: 0  Duplicates: 0  Warnings: 0

Query OK, 0 rows affected (0.10 sec)
Records: 0  Duplicates: 0  Warnings: 0

+-----------------+
| activenumberavg |
+-----------------+
|           46950 |
+-----------------+
1 row in set (0.02 sec)

Query OK, 0 rows affected (0.01 sec)

Query OK, 1960 rows affected (0.54 sec)
Records: 1960  Duplicates: 0  Warnings: 0

+---------------------+
| rep_activenumberavg |
+---------------------+
|                1960 |
+---------------------+
1 row in set (0.00 sec)

+----------------------+
| rep_activenumberavg1 |
+----------------------+
|                  915 |
+----------------------+
1 row in set (0.00 sec)

Query OK, 0 rows affected (0.01 sec)

Query OK, 2466 rows affected (0.43 sec)
Records: 2466  Duplicates: 0  Warnings: 0

Query OK, 0 rows affected (0.01 sec)

Query OK, 12691 rows affected (0.78 sec)
Records: 12691  Duplicates: 0  Warnings: 0

Query OK, 0 rows affected (0.00 sec)

Query OK, 0 rows affected (0.01 sec)

Query OK, 0 rows affected (0.01 sec)

Query OK, 0 rows affected (0.00 sec)

Query OK, 0 rows affected (0.00 sec)
Statement prepared

Query OK, 53 rows affected (0.05 sec)
Records: 53  Duplicates: 0  Warnings: 0

Query OK, 0 rows affected (0.00 sec)

Query OK, 0 rows affected (0.00 sec)

+----------------------+
| rep_activenumberavg2 |
+----------------------+
|                 2466 |
+----------------------+
1 row in set (0.00 sec)

+------------------------+
| rep_activenumberavg_pv |
+------------------------+
|                     53 |
+------------------------+
1 row in set (0.00 sec)

Query OK, 0 rows affected (0.00 sec)

Query OK, 2465 rows affected (0.35 sec)
Records: 2465  Duplicates: 0  Warnings: 0

Query OK, 0 rows affected (0.00 sec)

Query OK, 0 rows affected (0.01 sec)

Query OK, 0 rows affected (0.01 sec)

Query OK, 0 rows affected (0.00 sec)

Query OK, 0 rows affected (0.00 sec)
Statement prepared

Query OK, 53 rows affected (0.05 sec)
Records: 53  Duplicates: 0  Warnings: 0

Query OK, 0 rows affected (0.00 sec)

Query OK, 0 rows affected (0.00 sec)

+-------------------------+
| rep_activenumberavgMahe |
+-------------------------+
|                    2465 |
+-------------------------+
1 row in set (0.00 sec)

+----------------------------+
| rep_activenumberavgMahe_pv |
+----------------------------+
|                         53 |
+----------------------------+
1 row in set (0.00 sec)

Query OK, 0 rows affected (0.01 sec)

Query OK, 1561 rows affected (0.17 sec)
Records: 1561  Duplicates: 0  Warnings: 0

Query OK, 0 rows affected (0.00 sec)

Query OK, 0 rows affected (0.00 sec)

Query OK, 0 rows affected (0.00 sec)

Query OK, 0 rows affected (0.00 sec)

Query OK, 0 rows affected (0.00 sec)
Statement prepared

Query OK, 40 rows affected (0.03 sec)
Records: 40  Duplicates: 0  Warnings: 0

Query OK, 0 rows affected (0.00 sec)

Query OK, 0 rows affected (0.00 sec)

+----------------------------+
| rep_activenumberavgPraslin |
+----------------------------+
|                       1561 |
+----------------------------+
1 row in set (0.00 sec)

+-------------------------------+
| rep_activenumberavgPraslin_pv |
+-------------------------------+
|                            40 |
+-------------------------------+
1 row in set (0.00 sec)

mysql> mysql \. C:\workspace\cloud\code\sql\_DailyScript\currenttime.sql
+---------------------+
| currenttime         |
+---------------------+
| 2021-04-26 06:41:51 |
+---------------------+
1 row in set (0.00 sec)

mysql> 
mysql> 
mysql> 
mysql> 
mysql> 
mysql> 
mysql> 
mysql> 
mysql> 
mysql> 
mysql> 
mysql> 
mysql> 
mysql> 
mysql> 
mysql> 
mysql> 
mysql> 
mysql> 
mysql> 
mysql> 
mysql> 
mysql> 
mysql> 
mysql> exit
