    -> 
    -> mysql \. C:\workspace\cloud\code\sql\_DailyScript\_setdates.sql
Database changed
Query OK, 0 rows affected (0.00 sec)

Query OK, 0 rows affected (0.00 sec)

Query OK, 0 rows affected (0.00 sec)

Query OK, 0 rows affected (0.00 sec)

Query OK, 0 rows affected (0.00 sec)

Query OK, 0 rows affected (0.00 sec)

Query OK, 0 rows affected (0.00 sec)

Query OK, 0 rows affected (0.00 sec)

Query OK, 0 rows affected (0.00 sec)

Query OK, 0 rows affected (0.00 sec)

Query OK, 0 rows affected (0.00 sec)

Query OK, 0 rows affected (0.00 sec)

Query OK, 0 rows affected (0.00 sec)

Query OK, 0 rows affected (0.00 sec)

Query OK, 0 rows affected (0.00 sec)

Query OK, 0 rows affected (0.00 sec)

Query OK, 0 rows affected (0.00 sec)

Query OK, 0 rows affected (0.00 sec)

Query OK, 0 rows affected (0.00 sec)

Query OK, 0 rows affected (0.00 sec)

Query OK, 0 rows affected (0.00 sec)

mysql> mysql \. C:\workspace\cloud\code\sql\_DailyScript\currenttime.sql
+---------------------+
| currenttime         |
+---------------------+
| 2020-11-15 13:31:45 |
+---------------------+
1 row in set (0.00 sec)

mysql> 
mysql> mysql \. C:\workspace\cloud\code\sql\_DailyScript\load_RCB_VODTITLES.sql
Database changed
Query OK, 0 rows affected (0.00 sec)

Query OK, 13380 rows affected (0.13 sec)

Query OK, 13400 rows affected, 13400 warnings (0.37 sec)
Records: 13400  Deleted: 0  Skipped: 0  Warnings: 13400

Query OK, 0 rows affected (0.00 sec)

Query OK, 2 rows affected (0.02 sec)

+-----------+
| VODTITLES |
+-----------+
|     13858 |
+-----------+
1 row in set (0.01 sec)

+-----------+-----------+
| titletype | typecount |
+-----------+-----------+
| E         |     11257 |
| N         |       236 |
| T         |      1905 |
| NULL      |     13398 |
+-----------+-----------+
4 rows in set (0.04 sec)

mysql> mysql \. C:\workspace\cloud\code\sql\_DailyScript\currenttime.sql
+---------------------+
| currenttime         |
+---------------------+
| 2020-11-15 13:31:45 |
+---------------------+
1 row in set (0.00 sec)

mysql> 
mysql> mysql \. C:\workspace\cloud\code\sql\_DailyScript\DAILY-SCRIPT-LIVETV-STATS.sql
Database changed
Query OK, 0 rows affected (0.01 sec)

Query OK, 88745 rows affected (1.01 sec)
Records: 88745  Duplicates: 0  Warnings: 0

+------------+------------+----------+--------------+--------------+-----------+-------------+----------+--------+------+------------+---------+---------------+
| Table      | Non_unique | Key_name | Seq_in_index | Column_name  | Collation | Cardinality | Sub_part | Packed | Null | Index_type | Comment | Index_comment |
+------------+------------+----------+--------------+--------------+-----------+-------------+----------+--------+------+------------+---------+---------------+
| templivetv |          1 | idxtv1   |            1 | device       | A         |       88758 |     NULL | NULL   | YES  | BTREE      |         |               |
| templivetv |          1 | idxtv2   |            1 | sessionstart | A         |       88758 |     NULL | NULL   | YES  | BTREE      |         |               |
+------------+------------+----------+--------------+--------------+-----------+-------------+----------+--------+------+------------+---------+---------------+
2 rows in set (0.01 sec)

Query OK, 88614 rows affected (11.34 sec)
Records: 88614  Duplicates: 0  Warnings: 0

Query OK, 2655 rows affected (0.60 sec)
Records: 2655  Duplicates: 0  Warnings: 0

Query OK, 0 rows affected (0.00 sec)

Query OK, 0 rows affected (0.00 sec)

Query OK, 134 rows affected (0.03 sec)
Records: 134  Duplicates: 0  Warnings: 0

Query OK, 0 rows affected (0.01 sec)

Query OK, 42574 rows affected (2 min 8.20 sec)
Records: 42574  Duplicates: 0  Warnings: 0

+-----------------+
| rep_livetvstats |
+-----------------+
|           42574 |
+-----------------+
1 row in set (0.01 sec)

mysql> mysql \. C:\workspace\cloud\code\sql\_DailyScript\currenttime.sql
+---------------------+
| currenttime         |
+---------------------+
| 2020-11-15 13:34:07 |
+---------------------+
1 row in set (0.00 sec)

mysql> 
mysql> mysql \. C:\workspace\cloud\code\sql\_DailyScript\DAILY-SCRIPT-VODTS-STATS.sql
Database changed
Query OK, 0 rows affected (0.01 sec)

Query OK, 3657 rows affected (14.60 sec)
Records: 3657  Duplicates: 0  Warnings: 0

+---------+------------+----------+--------------+--------------+-----------+-------------+----------+--------+------+------------+---------+---------------+
| Table   | Non_unique | Key_name | Seq_in_index | Column_name  | Collation | Cardinality | Sub_part | Packed | Null | Index_type | Comment | Index_comment |
+---------+------------+----------+--------------+--------------+-----------+-------------+----------+--------+------+------------+---------+---------------+
| tempvod |          1 | idxtvod1 |            1 | device       | A         |        3487 |     NULL | NULL   | YES  | BTREE      |         |               |
| tempvod |          1 | idxtvod2 |            1 | sessionstart | A         |        3487 |     NULL | NULL   | YES  | BTREE      |         |               |
+---------+------------+----------+--------------+--------------+-----------+-------------+----------+--------+------+------------+---------+---------------+
2 rows in set (0.00 sec)

Query OK, 3655 rows affected (2.60 sec)
Records: 3655  Duplicates: 0  Warnings: 0

Query OK, 0 rows affected (0.01 sec)

Query OK, 872070 rows affected (1 min 8.91 sec)
Records: 872070  Duplicates: 0  Warnings: 0

+--------------+
| rep_vodstats |
+--------------+
|       872070 |
+--------------+
1 row in set (0.26 sec)

Database changed
Query OK, 0 rows affected (0.01 sec)

Query OK, 16699 rows affected (40.46 sec)
Records: 16699  Duplicates: 0  Warnings: 0

+--------+------------+----------+--------------+--------------+-----------+-------------+----------+--------+------+------------+---------+---------------+
| Table  | Non_unique | Key_name | Seq_in_index | Column_name  | Collation | Cardinality | Sub_part | Packed | Null | Index_type | Comment | Index_comment |
+--------+------------+----------+--------------+--------------+-----------+-------------+----------+--------+------+------------+---------+---------------+
| tempts |          1 | idxtts1  |            1 | device       | A         |       16907 |     NULL | NULL   | YES  | BTREE      |         |               |
| tempts |          1 | idxtts2  |            1 | sessionstart | A         |       16907 |     NULL | NULL   | YES  | BTREE      |         |               |
+--------+------------+----------+--------------+--------------+-----------+-------------+----------+--------+------+------------+---------+---------------+
2 rows in set (0.00 sec)

Query OK, 16676 rows affected (11.87 sec)
Records: 16676  Duplicates: 0  Warnings: 0

Query OK, 0 rows affected (0.01 sec)

Query OK, 40904 rows affected (40.59 sec)
Records: 40904  Duplicates: 0  Warnings: 0

+-------------+
| rep_tsstats |
+-------------+
|       40904 |
+-------------+
1 row in set (0.02 sec)

mysql> mysql \. C:\workspace\cloud\code\sql\_DailyScript\currenttime.sql
+---------------------+
| currenttime         |
+---------------------+
| 2020-11-15 13:37:06 |
+---------------------+
1 row in set (0.00 sec)

mysql> 
mysql> mysql \. C:\workspace\cloud\code\sql\_DailyScript\DAILY-SCRIPT-RADIO-STATS.sql
Database changed
Query OK, 0 rows affected (0.01 sec)

Query OK, 322252 rows affected (3.67 sec)
Records: 322252  Duplicates: 0  Warnings: 0

+-----------+------------+----------+--------------+--------------+-----------+-------------+----------+--------+------+------------+---------+---------------+
| Table     | Non_unique | Key_name | Seq_in_index | Column_name  | Collation | Cardinality | Sub_part | Packed | Null | Index_type | Comment | Index_comment |
+-----------+------------+----------+--------------+--------------+-----------+-------------+----------+--------+------+------------+---------+---------------+
| tempradio |          1 | idxtrad1 |            1 | device       | A         |      325144 |     NULL | NULL   | YES  | BTREE      |         |               |
| tempradio |          1 | idxtrad2 |            1 | sessionstart | A         |      325144 |     NULL | NULL   | YES  | BTREE      |         |               |
+-----------+------------+----------+--------------+--------------+-----------+-------------+----------+--------+------+------------+---------+---------------+
2 rows in set (0.00 sec)

Query OK, 238 rows affected (1.31 sec)
Records: 238  Duplicates: 0  Warnings: 0

Query OK, 0 rows affected (0.01 sec)

Query OK, 5489 rows affected (0.45 sec)
Records: 5489  Duplicates: 0  Warnings: 0

+----------------+
| rep_radiostats |
+----------------+
|           5489 |
+----------------+
1 row in set (0.00 sec)

mysql> mysql \. C:\workspace\cloud\code\sql\_DailyScript\currenttime.sql
+---------------------+
| currenttime         |
+---------------------+
| 2020-11-15 13:37:12 |
+---------------------+
1 row in set (0.00 sec)

mysql> 
mysql> mysql \. C:\workspace\cloud\code\sql\_DailyScript\DAILY_SCRIPT_TELEMETRY_PIVOT_2020.sql
Query OK, 0 rows affected (0.01 sec)

Query OK, 146 rows affected (0.19 sec)
Records: 146  Duplicates: 0  Warnings: 0

Query OK, 0 rows affected (0.01 sec)

Query OK, 10901 rows affected (2.75 sec)
Records: 10901  Duplicates: 0  Warnings: 0

Query OK, 0 rows affected (0.01 sec)

Query OK, 8 rows affected (0.02 sec)
Records: 8  Duplicates: 0  Warnings: 0

Query OK, 0 rows affected (0.00 sec)

Query OK, 47 rows affected (0.07 sec)
Records: 47  Duplicates: 0  Warnings: 0

mysql> mysql \. C:\workspace\cloud\code\sql\_DailyScript\currenttime.sql
+---------------------+
| currenttime         |
+---------------------+
| 2020-11-15 13:37:15 |
+---------------------+
1 row in set (0.00 sec)

mysql> 
mysql> mysql \. C:\workspace\cloud\code\sql\_DailyScript\telemetry_livetv_ranking2020.sql
Query OK, 0 rows affected (0.01 sec)

Query OK, 146 rows affected (0.03 sec)
Records: 146  Duplicates: 0  Warnings: 0

mysql> mysql \. C:\workspace\cloud\code\sql\_DailyScript\currenttime.sql
+---------------------+
| currenttime         |
+---------------------+
| 2020-11-15 13:37:15 |
+---------------------+
1 row in set (0.01 sec)

mysql> 
mysql> mysql \. C:\workspace\cloud\code\sql\_DailyScript\telemetry_radio_ranking2020.sql
Query OK, 0 rows affected (0.00 sec)

Query OK, 8 rows affected (0.01 sec)
Records: 8  Duplicates: 0  Warnings: 0

mysql> mysql \. C:\workspace\cloud\code\sql\_DailyScript\currenttime.sql
+---------------------+
| currenttime         |
+---------------------+
| 2020-11-15 13:37:15 |
+---------------------+
1 row in set (0.00 sec)

mysql> 
mysql> mysql \. C:\workspace\cloud\code\sql\_DailyScript\telemetry_ts_ranking2020.sql
Query OK, 0 rows affected (0.01 sec)

Query OK, 47 rows affected (0.01 sec)
Records: 47  Duplicates: 0  Warnings: 0

mysql> mysql \. C:\workspace\cloud\code\sql\_DailyScript\currenttime.sql
+---------------------+
| currenttime         |
+---------------------+
| 2020-11-15 13:37:15 |
+---------------------+
1 row in set (0.00 sec)

mysql> 
mysql> mysql \. C:\workspace\cloud\code\sql\_DailyScript\telemetry_vod_ranking2020.sql
Query OK, 0 rows affected (0.01 sec)

Query OK, 10901 rows affected (0.50 sec)
Records: 10901  Duplicates: 0  Warnings: 0

mysql> mysql \. C:\workspace\cloud\code\sql\_DailyScript\currenttime.sql
+---------------------+
| currenttime         |
+---------------------+
| 2020-11-15 13:37:16 |
+---------------------+
1 row in set (0.01 sec)

mysql> 
mysql> mysql \. C:\workspace\cloud\code\sql\_DailyScript\telemetry_vod_ranking2020_1.sql
Query OK, 0 rows affected (0.01 sec)

Query OK, 10901 rows affected (0.25 sec)
Records: 10901  Duplicates: 0  Warnings: 0

mysql> mysql \. C:\workspace\cloud\code\sql\_DailyScript\currenttime.sql
+---------------------+
| currenttime         |
+---------------------+
| 2020-11-15 13:37:16 |
+---------------------+
1 row in set (0.00 sec)

mysql> 
mysql> mysql \. C:\workspace\cloud\code\sql\_DailyScript\telemetry_vod_ranking2020_2.sql
Query OK, 0 rows affected (0.01 sec)

Query OK, 10901 rows affected (0.25 sec)
Records: 10901  Duplicates: 0  Warnings: 0

mysql> mysql \. C:\workspace\cloud\code\sql\_DailyScript\currenttime.sql
+---------------------+
| currenttime         |
+---------------------+
| 2020-11-15 13:37:16 |
+---------------------+
1 row in set (0.00 sec)

mysql> 
mysql> 
mysql> 
mysql> 
mysql> mysql \. C:\workspace\cloud\code\sql\_DailyScript\ticket_analysis.sql
Database changed
Query OK, 0 rows affected (0.03 sec)

Query OK, 714662 rows affected (28.73 sec)
Records: 714662  Duplicates: 0  Warnings: 0

Query OK, 0 rows affected (5.52 sec)
Records: 0  Duplicates: 0  Warnings: 0

Query OK, 0 rows affected (1.74 sec)
Records: 0  Duplicates: 0  Warnings: 0

Query OK, 0 rows affected (1.87 sec)
Records: 0  Duplicates: 0  Warnings: 0

Query OK, 0 rows affected (0.01 sec)

Query OK, 22874 rows affected (12.28 sec)
Records: 22874  Duplicates: 0  Warnings: 0

Query OK, 0 rows affected, 1 warning (0.00 sec)

Query OK, 101542 rows affected (7.13 sec)
Records: 101542  Duplicates: 0  Warnings: 0

Query OK, 0 rows affected, 1 warning (0.00 sec)

Query OK, 519905 rows affected (14.53 sec)
Records: 519905  Duplicates: 0  Warnings: 0

Query OK, 0 rows affected, 1 warning (0.00 sec)

Query OK, 519905 rows affected (15.11 sec)
Records: 519905  Duplicates: 0  Warnings: 0

Query OK, 0 rows affected (0.01 sec)

Query OK, 101635 rows affected (6.37 sec)
Records: 101635  Duplicates: 0  Warnings: 0

Database changed
Query OK, 0 rows affected (0.00 sec)

Query OK, 0 rows affected (0.02 sec)

Query OK, 714662 rows affected (26.16 sec)
Records: 714662  Duplicates: 0  Warnings: 0

Query OK, 0 rows affected (0.01 sec)

Query OK, 361447 rows affected (17.18 sec)
Records: 361447  Duplicates: 0  Warnings: 0

+--------------------------+
| clientticket_cmmtjourney |
+--------------------------+
|                   714662 |
+--------------------------+
1 row in set (2.33 sec)

+---------------------------+
| clientticket_assgnjourney |
+---------------------------+
|                    361447 |
+---------------------------+
1 row in set (0.39 sec)

Query OK, 0 rows affected (0.02 sec)

Query OK, 76 rows affected (0.09 sec)
Records: 76  Duplicates: 0  Warnings: 0

mysql> mysql \. C:\workspace\cloud\code\sql\_DailyScript\currenttime.sql
+---------------------+
| currenttime         |
+---------------------+
| 2020-11-15 13:39:36 |
+---------------------+
1 row in set (0.00 sec)

mysql> 
mysql> mysql \. C:\workspace\cloud\code\sql\_DailyScript\load_DailyCalls.sql
Database changed
Query OK, 530 rows affected (0.14 sec)
Records: 530  Deleted: 0  Skipped: 0  Warnings: 0

Query OK, 0 rows affected, 1 warning (0.01 sec)

Query OK, 516 rows affected (0.04 sec)
Records: 516  Duplicates: 0  Warnings: 0

Query OK, 0 rows affected, 1 warning (0.00 sec)

Query OK, 68093 rows affected (0.28 sec)
Records: 68093  Duplicates: 0  Warnings: 0

+----------------------+
| callingclientsbefore |
+----------------------+
|              1044013 |
+----------------------+
1 row in set (0.42 sec)

Query OK, 712 rows affected (11.03 sec)
Records: 712  Duplicates: 0  Warnings: 0

+---------------------+
| callingclientsafter |
+---------------------+
|             1044725 |
+---------------------+
1 row in set (0.28 sec)

Query OK, 0 rows affected (0.01 sec)

Query OK, 366 rows affected (3.83 sec)
Records: 366  Duplicates: 0  Warnings: 0

Query OK, 0 rows affected (0.01 sec)

Query OK, 20789 rows affected (3.65 sec)
Records: 20789  Duplicates: 0  Warnings: 0

+-----------+
| callstats |
+-----------+
|     20789 |
+-----------+
1 row in set (0.01 sec)

Query OK, 0 rows affected, 1 warning (0.00 sec)

Query OK, 712 rows affected (2.95 sec)
Records: 712  Duplicates: 0  Warnings: 0

+------------------------+
| rep_cccallreportbefore |
+------------------------+
|                1044723 |
+------------------------+
1 row in set (0.41 sec)

Query OK, 712 rows affected (0.21 sec)
Records: 712  Duplicates: 0  Warnings: 0

+-----------------------+
| rep_cccallreportafter |
+-----------------------+
|               1045435 |
+-----------------------+
1 row in set (0.28 sec)

Query OK, 0 rows affected (0.01 sec)

mysql> mysql \. C:\workspace\cloud\code\sql\_DailyScript\currenttime.sql
+---------------------+
| currenttime         |
+---------------------+
| 2020-11-15 13:40:00 |
+---------------------+
1 row in set (0.00 sec)

mysql> 
mysql> mysql \. C:\workspace\cloud\code\sql\_DailyScript\DAILY-SCRIPT-USAGE.sql
Database changed
Query OK, 0 rows affected (0.00 sec)

Query OK, 4168 rows affected, 12031 warnings (1.08 sec)
Records: 4168  Deleted: 0  Skipped: 0  Warnings: 12031

Query OK, 0 rows affected (0.00 sec)

Query OK, 5777 rows affected, 16662 warnings (1.26 sec)
Records: 5777  Deleted: 0  Skipped: 0  Warnings: 16662

Query OK, 0 rows affected (0.00 sec)

Query OK, 276 rows affected, 984 warnings (0.04 sec)
Records: 276  Deleted: 0  Skipped: 0  Warnings: 984

Query OK, 0 rows affected (0.00 sec)

Query OK, 175 rows affected, 599 warnings (0.03 sec)
Records: 175  Deleted: 0  Skipped: 0  Warnings: 599

+------------+
| dailyusage |
+------------+
|   15551288 |
+------------+
1 row in set (6.30 sec)

+------------+------------+------------+---------+
| datestart  | dateend    | insertedon | records |
+------------+------------+------------+---------+
| 2020-11-13 | 2020-11-13 | 2020-11-15 |   10396 |
| 2020-11-12 | 2020-11-12 | 2020-11-13 |   10387 |
| 2020-11-11 | 2020-11-11 | 2020-11-12 |   10394 |
| 2020-11-10 | 2020-11-10 | 2020-11-11 |   10407 |
| 2020-11-09 | 2020-11-09 | 2020-11-10 |   10368 |
+------------+------------+------------+---------+
5 rows in set (31.16 sec)

+----------+------------+------------+------------+---------+
| category | datestart  | dateend    | insertedon | records |
+----------+------------+------------+------------+---------+
| UNCAPPED | 2020-11-13 | 2020-11-13 | 2020-11-15 |    5777 |
| PREPAID  | 2020-11-13 | 2020-11-13 | 2020-11-15 |     276 |
| HOTSPOT  | 2020-11-13 | 2020-11-13 | 2020-11-15 |     175 |
| CAPPED   | 2020-11-13 | 2020-11-13 | 2020-11-15 |    4168 |
| UNCAPPED | 2020-11-12 | 2020-11-12 | 2020-11-13 |    5770 |
| PREPAID  | 2020-11-12 | 2020-11-12 | 2020-11-13 |     255 |
| HOTSPOT  | 2020-11-12 | 2020-11-12 | 2020-11-13 |     186 |
| CAPPED   | 2020-11-12 | 2020-11-12 | 2020-11-13 |    4176 |
| UNCAPPED | 2020-11-11 | 2020-11-11 | 2020-11-12 |    5788 |
| PREPAID  | 2020-11-11 | 2020-11-11 | 2020-11-12 |     259 |
| HOTSPOT  | 2020-11-11 | 2020-11-11 | 2020-11-12 |     172 |
| CAPPED   | 2020-11-11 | 2020-11-11 | 2020-11-12 |    4175 |
| UNCAPPED | 2020-11-10 | 2020-11-10 | 2020-11-11 |    5795 |
| PREPAID  | 2020-11-10 | 2020-11-10 | 2020-11-11 |     249 |
| HOTSPOT  | 2020-11-10 | 2020-11-10 | 2020-11-11 |     183 |
| CAPPED   | 2020-11-10 | 2020-11-10 | 2020-11-11 |    4180 |
| UNCAPPED | 2020-11-09 | 2020-11-09 | 2020-11-10 |    5788 |
| PREPAID  | 2020-11-09 | 2020-11-09 | 2020-11-10 |     240 |
| HOTSPOT  | 2020-11-09 | 2020-11-09 | 2020-11-10 |     173 |
| CAPPED   | 2020-11-09 | 2020-11-09 | 2020-11-10 |    4167 |
+----------+------------+------------+------------+---------+
20 rows in set (23.85 sec)

mysql> mysql \. C:\workspace\cloud\code\sql\_DailyScript\currenttime.sql
+---------------------+
| currenttime         |
+---------------------+
| 2020-11-15 13:41:03 |
+---------------------+
1 row in set (0.00 sec)

mysql> 
mysql> mysql \. C:\workspace\cloud\code\sql\_DailyScript\DAILY-SCRIPT-SALES-TELEMETRY.sql
Database changed
Query OK, 105 rows affected, 78 warnings (0.04 sec)
Records: 105  Deleted: 0  Skipped: 0  Warnings: 78

+------------+
| dailysales |
+------------+
|     214212 |
+------------+
1 row in set (0.23 sec)

Query OK, 0 rows affected (0.02 sec)

Query OK, 214212 rows affected (13.56 sec)
Records: 214212  Duplicates: 0  Warnings: 0

+--------+
| sales  |
+--------+
| 214212 |
+--------+
1 row in set (0.20 sec)

Query OK, 0 rows affected (0.01 sec)

Query OK, 3481 rows affected (0.36 sec)
Records: 3481  Duplicates: 0  Warnings: 0

+----------------+
| rep_dailysales |
+----------------+
|           3481 |
+----------------+
1 row in set (0.00 sec)

Query OK, 0 rows affected (0.01 sec)

Query OK, 3481 rows affected (0.53 sec)
Records: 3481  Duplicates: 0  Warnings: 0

+-------------------+
| rep_dailysalesreg |
+-------------------+
|              3481 |
+-------------------+
1 row in set (0.00 sec)

Query OK, 0 rows affected (0.01 sec)

Query OK, 2833 rows affected (0.68 sec)
Records: 2833  Duplicates: 0  Warnings: 0

+-----------+
| saleslist |
+-----------+
|      2833 |
+-----------+
1 row in set (0.00 sec)

Database changed
Query OK, 1 row affected (0.01 sec)
Records: 1  Deleted: 0  Skipped: 0  Warnings: 0

+------------------+
| dailysinglesales |
+------------------+
|             6408 |
+------------------+
1 row in set (0.01 sec)

Database changed
ERROR 2 (HY000): File 'C:\ProgramData\MySQL\MySQL Server 5.7\Uploads\_csv\Sales-Addon-13112020.csv' not found (Errcode: 2 - No such file or directory)
+-----------------+
| dailyaddonsales |
+-----------------+
|           21137 |
+-----------------+
1 row in set (0.04 sec)

Query OK, 130 rows affected (0.06 sec)
Records: 130  Deleted: 0  Skipped: 0  Warnings: 0

+----------------+
| onlinepayments |
+----------------+
|         136071 |
+----------------+
1 row in set (0.10 sec)

+-------------+----------------+---------------------+
| paymentdate | onlinepayments | onlinepaymentamount |
+-------------+----------------+---------------------+
| 2020-11-13  |            130 |         84962.03000 |
| 2020-11-12  |            147 |         85019.24000 |
| 2020-11-11  |            145 |         86271.71000 |
| 2020-11-10  |            173 |        101477.66000 |
| 2020-11-09  |            182 |        113155.97000 |
+-------------+----------------+---------------------+
5 rows in set (0.47 sec)

+-------------+--------------+----------------+---------------------+
| paymentyear | paymentmonth | onlinepayments | onlinepaymentamount |
+-------------+--------------+----------------+---------------------+
|        2020 |           11 |           2466 |       1560460.58000 |
|        2020 |           10 |           6965 |       4508008.17000 |
|        2020 |            9 |           6132 |       3998941.54000 |
|        2020 |            8 |           6240 |       4098025.79000 |
|        2020 |            7 |           6291 |       4053825.83000 |
+-------------+--------------+----------------+---------------------+
5 rows in set (0.13 sec)

mysql> mysql \. C:\workspace\cloud\code\sql\_DailyScript\currenttime.sql
+---------------------+
| currenttime         |
+---------------------+
| 2020-11-15 13:41:20 |
+---------------------+
1 row in set (0.00 sec)

mysql> 
mysql> mysql \. C:\workspace\cloud\code\sql\_DailyScript\DAILY-SCRIPT-ACTIVENUMBERS.sql
Database changed
Query OK, 1172 rows affected (0.53 sec)
Records: 1172  Deleted: 0  Skipped: 0  Warnings: 0

+------------+----------+
| period     | count(1) |
+------------+----------+
| 2020-11-13 |     1172 |
| 2020-11-12 |     1173 |
| 2020-11-11 |     1174 |
| 2020-11-10 |     1175 |
| 2020-11-09 |     1174 |
+------------+----------+
5 rows in set (0.01 sec)

Query OK, 0 rows affected (0.01 sec)

Query OK, 79 rows affected (1.39 sec)
Records: 79  Duplicates: 0  Warnings: 0

+-------------+
| packagelist |
+-------------+
|          79 |
+-------------+
1 row in set (0.00 sec)

Database changed
Query OK, 0 rows affected (0.00 sec)

Query OK, 0 rows affected (0.00 sec)

Query OK, 0 rows affected (0.00 sec)

Query OK, 0 rows affected (0.00 sec)

Query OK, 28246 rows affected, 237 warnings (20.86 sec)
Records: 28246  Deleted: 0  Skipped: 0  Warnings: 237

+------------+----------+
| period     | count(1) |
+------------+----------+
| 2020-11-13 |    28246 |
| 2020-11-12 |    28260 |
| 2020-11-11 |    28272 |
| 2020-11-10 |    28217 |
| 2020-11-09 |    28219 |
+------------+----------+
5 rows in set (0.20 sec)

Query OK, 0 rows affected (0.02 sec)

Query OK, 27667 rows affected (48.28 sec)
Records: 27667  Duplicates: 0  Warnings: 0

Query OK, 0 rows affected (0.16 sec)
Records: 0  Duplicates: 0  Warnings: 0

Query OK, 0 rows affected (0.10 sec)
Records: 0  Duplicates: 0  Warnings: 0

Query OK, 0 rows affected (0.10 sec)
Records: 0  Duplicates: 0  Warnings: 0

Query OK, 0 rows affected (0.11 sec)
Records: 0  Duplicates: 0  Warnings: 0

Query OK, 0 rows affected (0.07 sec)
Records: 0  Duplicates: 0  Warnings: 0

Query OK, 0 rows affected (0.07 sec)
Records: 0  Duplicates: 0  Warnings: 0

+-------------+
| countbefore |
+-------------+
|    40763930 |
+-------------+
1 row in set (15.71 sec)

Query OK, 27667 rows affected (6.14 sec)
Records: 27667  Duplicates: 0  Warnings: 0

+------------+
| countafter |
+------------+
|   40791597 |
+------------+
1 row in set (12.91 sec)

+------------+--------------------------+
| period     | customercontractactivity |
+------------+--------------------------+
| 2020-11-13 |                    27667 |
| 2020-11-12 |                    27681 |
| 2020-11-11 |                    27693 |
| 2020-11-10 |                    27638 |
| 2020-11-09 |                    27641 |
+------------+--------------------------+
5 rows in set (0.06 sec)

Query OK, 0 rows affected (0.04 sec)

Query OK, 284318 rows affected (7 min 29.95 sec)
Records: 284318  Duplicates: 0  Warnings: 0

Query OK, 0 rows affected (0.96 sec)
Records: 0  Duplicates: 0  Warnings: 0

Query OK, 0 rows affected (1.05 sec)
Records: 0  Duplicates: 0  Warnings: 0

Query OK, 0 rows affected (1.07 sec)
Records: 0  Duplicates: 0  Warnings: 0

Query OK, 0 rows affected (0.01 sec)

Query OK, 234 rows affected (0.42 sec)
Records: 234  Duplicates: 0  Warnings: 0

Query OK, 0 rows affected (0.01 sec)

Query OK, 2661 rows affected (0.57 sec)
Records: 2661  Duplicates: 0  Warnings: 0

Query OK, 0 rows affected (0.01 sec)

Query OK, 27646 rows affected (0.58 sec)
Records: 27646  Duplicates: 0  Warnings: 0

Query OK, 0 rows affected (0.01 sec)

Query OK, 17331 rows affected (0.35 sec)
Records: 17331  Duplicates: 0  Warnings: 0

Query OK, 0 rows affected (0.01 sec)

Query OK, 17331 rows affected (0.13 sec)
Records: 17331  Duplicates: 0  Warnings: 0

Query OK, 0 rows affected (0.01 sec)

Query OK, 17331 rows affected (1.16 sec)
Records: 17331  Duplicates: 0  Warnings: 0

Query OK, 0 rows affected (0.05 sec)

Query OK, 17331 rows affected (44.35 sec)
Records: 17331  Duplicates: 0  Warnings: 0

+-------------+
| clientstats |
+-------------+
|       17331 |
+-------------+
1 row in set (0.01 sec)

Query OK, 0 rows affected (0.00 sec)

Query OK, 12 rows affected, 1 warning (0.09 sec)
Records: 12  Duplicates: 0  Warnings: 1

+-----------------------+-------------+-------------+----------------+-----------------+
| services              | activecount | allaccounts | uniqueaccounts | uniquecontracts |
+-----------------------+-------------+-------------+----------------+-----------------+
| All                   |         372 |          61 |             61 |             196 |
| Internet & Voice      |         358 |         161 |            161 |             314 |
| Internet Only         |        4323 |        4230 |           4223 |            4272 |
| OTT Only              |           1 |           1 |              1 |               1 |
| TV & Internet         |        9653 |        4364 |           4357 |            8872 |
| TV & Internet & OTT   |        3200 |         819 |            817 |            1700 |
| TV & Internet & Voice |         508 |         153 |            153 |             470 |
| TV & OTT              |         346 |          69 |             68 |              83 |
| TV & Voice            |          95 |          43 |             43 |              89 |
| TV Only               |        9324 |        7283 |           7271 |            7483 |
| Voice Only            |         149 |         147 |            147 |             149 |
| GRAND TOTAL           |       28329 |       17331 |          17265 |           23629 |
+-----------------------+-------------+-------------+----------------+-----------------+
12 rows in set (0.00 sec)

+-------------+-------------+-------------+----------------+-----------------+
| network     | activecount | allaccounts | uniqueaccounts | uniquecontracts |
+-------------+-------------+-------------+----------------+-----------------+
| GPON        |       10022 |        5153 |           5150 |            8008 |
| HFC         |       18307 |       12178 |          12178 |           15621 |
| GRAND TOTAL |       28329 |       17331 |          17265 |           23629 |
+-------------+-------------+-------------+----------------+-----------------+
3 rows in set, 1 warning (0.11 sec)

+-------------+-----------------------+-------------+-------------+----------------+-----------------+
| network     | services              | activecount | allaccounts | uniqueaccounts | uniquecontracts |
+-------------+-----------------------+-------------+-------------+----------------+-----------------+
| GPON        | All                   |         225 |          38 |             38 |             120 |
| GPON        | Internet & Voice      |          68 |          28 |             28 |              58 |
| GPON        | Internet Only         |        1238 |        1164 |           1164 |            1188 |
| GPON        | TV & Internet         |        4234 |        1882 |           1882 |            3854 |
| GPON        | TV & Internet & OTT   |        1838 |         462 |            462 |             967 |
| GPON        | TV & Internet & Voice |         206 |          60 |             60 |             188 |
| GPON        | TV & OTT              |         122 |          37 |             37 |              40 |
| GPON        | TV & Voice            |          57 |          25 |             25 |              53 |
| GPON        | TV Only               |        2020 |        1444 |           1444 |            1526 |
| GPON        | Voice Only            |          14 |          13 |             13 |              14 |
| GPON        | Services Total        |       10022 |        5153 |           5150 |            8008 |
| HFC         | All                   |         147 |          23 |             23 |              76 |
| HFC         | Internet & Voice      |         290 |         133 |            133 |             256 |
| HFC         | Internet Only         |        3085 |        3066 |           3066 |            3084 |
| HFC         | OTT Only              |           1 |           1 |              1 |               1 |
| HFC         | TV & Internet         |        5419 |        2482 |           2482 |            5018 |
| HFC         | TV & Internet & OTT   |        1362 |         357 |            357 |             733 |
| HFC         | TV & Internet & Voice |         302 |          93 |             93 |             282 |
| HFC         | TV & OTT              |         224 |          32 |             32 |              43 |
| HFC         | TV & Voice            |          38 |          18 |             18 |              36 |
| HFC         | TV Only               |        7304 |        5839 |           5839 |            5957 |
| HFC         | Voice Only            |         135 |         134 |            134 |             135 |
| HFC         | Services Total        |       18307 |       12178 |          12178 |           15621 |
| GRAND TOTAL | Services Total        |       28329 |       17331 |          17265 |           23629 |
+-------------+-----------------------+-------------+-------------+----------------+-----------------+
24 rows in set, 2 warnings (0.13 sec)

Query OK, 0 rows affected (0.00 sec)

Query OK, 39 rows affected, 3 warnings (0.18 sec)
Records: 39  Duplicates: 0  Warnings: 3

+-------------+---------------+-----------------------+-------------+-------------+----------------+-----------------+
| region      | network       | services              | activecount | allaccounts | uniqueaccounts | uniquecontracts |
+-------------+---------------+-----------------------+-------------+-------------+----------------+-----------------+
| Mahe        | GPON          | All                   |         195 |          33 |             33 |             105 |
| Mahe        | GPON          | Internet & Voice      |          56 |          22 |             22 |              46 |
| Mahe        | GPON          | Internet Only         |        1005 |         931 |            931 |             955 |
| Mahe        | GPON          | TV & Internet         |        3435 |        1519 |           1519 |            3111 |
| Mahe        | GPON          | TV & Internet & OTT   |        1458 |         354 |            354 |             745 |
| Mahe        | GPON          | TV & Internet & Voice |         193 |          56 |             56 |             175 |
| Mahe        | GPON          | TV & OTT              |          85 |          24 |             24 |              27 |
| Mahe        | GPON          | TV & Voice            |          52 |          23 |             23 |              49 |
| Mahe        | GPON          | TV Only               |        1646 |        1145 |           1145 |            1209 |
| Mahe        | GPON          | Voice Only            |          14 |          13 |             13 |              14 |
| Mahe        | GPON          | Services Total        |        8139 |        4120 |           4120 |            6436 |
| Mahe        | HFC           | All                   |         147 |          23 |             23 |              76 |
| Mahe        | HFC           | Internet & Voice      |         290 |         133 |            133 |             256 |
| Mahe        | HFC           | Internet Only         |        3084 |        3065 |           3065 |            3083 |
| Mahe        | HFC           | OTT Only              |           1 |           1 |              1 |               1 |
| Mahe        | HFC           | TV & Internet         |        5419 |        2482 |           2482 |            5018 |
| Mahe        | HFC           | TV & Internet & OTT   |        1362 |         357 |            357 |             733 |
| Mahe        | HFC           | TV & Internet & Voice |         302 |          93 |             93 |             282 |
| Mahe        | HFC           | TV & OTT              |         224 |          32 |             32 |              43 |
| Mahe        | HFC           | TV & Voice            |          38 |          18 |             18 |              36 |
| Mahe        | HFC           | TV Only               |        7299 |        5836 |           5836 |            5954 |
| Mahe        | HFC           | Voice Only            |         135 |         134 |            134 |             135 |
| Mahe        | HFC           | Services Total        |       18301 |       12174 |          12174 |           15617 |
| Mahe        | Network Total | Services Total        |       26440 |       16294 |          16232 |           22053 |
| Praslin     | GPON          | All                   |          30 |           5 |              5 |              15 |
| Praslin     | GPON          | Internet & Voice      |          12 |           6 |              6 |              12 |
| Praslin     | GPON          | Internet Only         |         233 |         233 |            233 |             233 |
| Praslin     | GPON          | TV & Internet         |         799 |         363 |            363 |             743 |
| Praslin     | GPON          | TV & Internet & OTT   |         380 |         108 |            108 |             222 |
| Praslin     | GPON          | TV & Internet & Voice |          13 |           4 |              4 |              13 |
| Praslin     | GPON          | TV & OTT              |          37 |          13 |             13 |              13 |
| Praslin     | GPON          | TV & Voice            |           5 |           2 |              2 |               4 |
| Praslin     | GPON          | TV Only               |         374 |         299 |            299 |             317 |
| Praslin     | GPON          | Services Total        |        1883 |        1033 |           1033 |            1572 |
| Praslin     | HFC           | Internet Only         |           1 |           1 |              1 |               1 |
| Praslin     | HFC           | TV Only               |           5 |           3 |              3 |               3 |
| Praslin     | HFC           | Services Total        |           6 |           4 |              4 |               4 |
| Praslin     | Network Total | Services Total        |        1889 |        1037 |           1036 |            1576 |
| GRAND TOTAL | Network Total | Services Total        |       28329 |       17331 |          17265 |           23629 |
+-------------+---------------+-----------------------+-------------+-------------+----------------+-----------------+
39 rows in set (0.00 sec)

Query OK, 0 rows affected (0.01 sec)

Query OK, 27647 rows affected (0.42 sec)
Records: 27647  Duplicates: 0  Warnings: 0

Query OK, 0 rows affected (0.01 sec)

Query OK, 2177 rows affected (1.50 sec)
Records: 2177  Duplicates: 0  Warnings: 0

+--------------------------------------+
| message                              |
+--------------------------------------+
| running rcbill_my.sp_ActiveNumber2() |
+--------------------------------------+
1 row in set (0.00 sec)

Query OK, 365 rows affected (1 min 51.51 sec)

mysql> mysql \. C:\workspace\cloud\code\sql\_DailyScript\currenttime.sql
+---------------------+
| currenttime         |
+---------------------+
| 2020-11-15 13:53:22 |
+---------------------+
1 row in set (0.00 sec)

mysql> 
mysql> mysql \. C:\workspace\cloud\code\sql\_DailyScript\GetActiveNumbers Average -Pivot.sql
Database changed
+-------------------------------------+
| @today := subdate(current_date(),1) |
+-------------------------------------+
| 2020-11-14                          |
+-------------------------------------+
1 row in set (0.00 sec)

+-------------------------------------+
| @lastdayofmonth := last_day(@today) |
+-------------------------------------+
| 2020-11-30                          |
+-------------------------------------+
1 row in set (0.00 sec)

Query OK, 0 rows affected (0.02 sec)

Query OK, 43247 rows affected, 65535 warnings (54.52 sec)
Records: 43247  Duplicates: 0  Warnings: 89281

Query OK, 0 rows affected (0.10 sec)
Records: 0  Duplicates: 0  Warnings: 0

Query OK, 0 rows affected (0.12 sec)
Records: 0  Duplicates: 0  Warnings: 0

Query OK, 0 rows affected (0.10 sec)
Records: 0  Duplicates: 0  Warnings: 0

+-----------------+
| activenumberavg |
+-----------------+
|           43247 |
+-----------------+
1 row in set (0.01 sec)

Query OK, 0 rows affected (0.01 sec)

Query OK, 1926 rows affected (0.51 sec)
Records: 1926  Duplicates: 0  Warnings: 0

+---------------------+
| rep_activenumberavg |
+---------------------+
|                1926 |
+---------------------+
1 row in set (0.00 sec)

+----------------------+
| rep_activenumberavg1 |
+----------------------+
|                  900 |
+----------------------+
1 row in set (0.00 sec)

Query OK, 0 rows affected (0.01 sec)

Query OK, 2258 rows affected (0.39 sec)
Records: 2258  Duplicates: 0  Warnings: 0

Query OK, 0 rows affected (0.01 sec)

Query OK, 11578 rows affected (0.72 sec)
Records: 11578  Duplicates: 0  Warnings: 0

Query OK, 0 rows affected (0.00 sec)

Query OK, 0 rows affected (0.00 sec)

Query OK, 0 rows affected (0.01 sec)

Query OK, 0 rows affected (0.00 sec)

Query OK, 0 rows affected (0.00 sec)
Statement prepared

Query OK, 53 rows affected (0.04 sec)
Records: 53  Duplicates: 0  Warnings: 0

Query OK, 0 rows affected (0.00 sec)

Query OK, 0 rows affected (0.00 sec)

+----------------------+
| rep_activenumberavg2 |
+----------------------+
|                 2258 |
+----------------------+
1 row in set (0.00 sec)

+------------------------+
| rep_activenumberavg_pv |
+------------------------+
|                     53 |
+------------------------+
1 row in set (0.00 sec)

Query OK, 0 rows affected (0.01 sec)

Query OK, 2257 rows affected (0.34 sec)
Records: 2257  Duplicates: 0  Warnings: 0

Query OK, 0 rows affected (0.00 sec)

Query OK, 0 rows affected (0.01 sec)

Query OK, 0 rows affected (0.02 sec)

Query OK, 0 rows affected (0.00 sec)

Query OK, 0 rows affected (0.00 sec)
Statement prepared

Query OK, 53 rows affected (0.04 sec)
Records: 53  Duplicates: 0  Warnings: 0

Query OK, 0 rows affected (0.00 sec)

Query OK, 0 rows affected (0.00 sec)

+-------------------------+
| rep_activenumberavgMahe |
+-------------------------+
|                    2257 |
+-------------------------+
1 row in set (0.00 sec)

+----------------------------+
| rep_activenumberavgMahe_pv |
+----------------------------+
|                         53 |
+----------------------------+
1 row in set (0.00 sec)

Query OK, 0 rows affected (0.00 sec)

Query OK, 1439 rows affected (0.15 sec)
Records: 1439  Duplicates: 0  Warnings: 0

Query OK, 0 rows affected (0.00 sec)

Query OK, 0 rows affected (0.00 sec)

Query OK, 0 rows affected (0.01 sec)

Query OK, 0 rows affected (0.00 sec)

Query OK, 0 rows affected (0.00 sec)
Statement prepared

Query OK, 40 rows affected (0.04 sec)
Records: 40  Duplicates: 0  Warnings: 0

Query OK, 0 rows affected (0.00 sec)

Query OK, 0 rows affected (0.00 sec)

+----------------------------+
| rep_activenumberavgPraslin |
+----------------------------+
|                       1439 |
+----------------------------+
1 row in set (0.00 sec)

+-------------------------------+
| rep_activenumberavgPraslin_pv |
+-------------------------------+
|                            40 |
+-------------------------------+
1 row in set (0.00 sec)

mysql> mysql \. C:\workspace\cloud\code\sql\_DailyScript\currenttime.sql
+---------------------+
| currenttime         |
+---------------------+
| 2020-11-15 13:54:19 |
+---------------------+
1 row in set (0.00 sec)

mysql> 
mysql> 
mysql> 
mysql> 
mysql> 
mysql> 
mysql> 
mysql> 
mysql> 
mysql> 
mysql> 
mysql> 
mysql> 
mysql> 
mysql> 
mysql> 
mysql> 
mysql> 
mysql> 
mysql> 
mysql> 
mysql> 
mysql> exit
