    -> 
    -> mysql \. C:\workspace\cloud\code\sql\_DailyScript\_setdates.sql
Query OK, 0 rows affected (0.01 sec)

Query OK, 0 rows affected (1.58 sec)

Database changed
Query OK, 0 rows affected (0.00 sec)

Query OK, 0 rows affected (0.00 sec)

Query OK, 0 rows affected (0.00 sec)

Query OK, 0 rows affected (0.00 sec)

Query OK, 0 rows affected (0.00 sec)

Query OK, 0 rows affected (0.00 sec)

Query OK, 0 rows affected (0.00 sec)

Query OK, 0 rows affected (0.00 sec)

Query OK, 0 rows affected (0.00 sec)

Query OK, 0 rows affected (0.00 sec)

Query OK, 0 rows affected (0.00 sec)

Query OK, 0 rows affected (0.00 sec)

Query OK, 0 rows affected (0.00 sec)

Query OK, 0 rows affected (0.00 sec)

Query OK, 0 rows affected (0.00 sec)

Query OK, 0 rows affected (0.00 sec)

Query OK, 0 rows affected (0.00 sec)

Query OK, 0 rows affected (0.00 sec)

Query OK, 0 rows affected (0.00 sec)

Query OK, 0 rows affected (0.00 sec)

Query OK, 0 rows affected (0.00 sec)

Query OK, 0 rows affected (0.00 sec)

mysql> mysql \. C:\workspace\cloud\code\sql\_DailyScript\currenttime.sql
+---------------------+
| currenttime         |
+---------------------+
| 2021-10-05 11:25:08 |
+---------------------+
1 row in set (0.00 sec)

mysql> 
mysql> mysql \. C:\workspace\cloud\code\sql\_DailyScript\load_RCB_VODTITLES.sql
Database changed
Query OK, 0 rows affected (0.00 sec)

Query OK, 16021 rows affected (0.13 sec)

Query OK, 16023 rows affected, 16023 warnings (0.34 sec)
Records: 16023  Deleted: 0  Skipped: 0  Warnings: 16023

Query OK, 0 rows affected (0.00 sec)

Query OK, 2 rows affected (0.02 sec)

+-----------+
| VODTITLES |
+-----------+
|     16481 |
+-----------+
1 row in set (0.01 sec)

+-----------+-----------+
| titletype | typecount |
+-----------+-----------+
| E         |     13617 |
| N         |       245 |
| T         |      2159 |
| NULL      |     16021 |
+-----------+-----------+
4 rows in set (0.04 sec)

mysql> mysql \. C:\workspace\cloud\code\sql\_DailyScript\currenttime.sql
+---------------------+
| currenttime         |
+---------------------+
| 2021-10-05 11:25:09 |
+---------------------+
1 row in set (0.00 sec)

mysql> 
mysql> 
mysql> 
mysql> 
mysql> 
mysql> 
mysql> 
mysql> 
mysql> 
mysql> 
mysql> 
mysql> 
mysql> 
mysql> 
mysql> 
mysql> 
mysql> 
mysql> 
mysql> 
mysql> 
mysql> 
mysql> 
mysql> 
mysql> 
mysql> 
mysql> 
mysql> 
mysql> 
mysql> 
mysql> 
mysql> 
mysql> 
mysql> 
mysql> 
mysql> 
mysql> 
mysql> 
mysql> mysql \. C:\workspace\cloud\code\sql\_DailyScript\load_DailyCalls.sql
Database changed
Query OK, 536 rows affected (0.06 sec)
Records: 536  Deleted: 0  Skipped: 0  Warnings: 0

Query OK, 0 rows affected, 1 warning (0.00 sec)

Query OK, 535 rows affected (0.01 sec)
Records: 535  Duplicates: 0  Warnings: 0

Query OK, 0 rows affected, 1 warning (0.00 sec)

Query OK, 70511 rows affected (0.26 sec)
Records: 70511  Duplicates: 0  Warnings: 0

+----------------------+
| callingclientsbefore |
+----------------------+
|              1282466 |
+----------------------+
1 row in set (0.35 sec)

Query OK, 784 rows affected (11.13 sec)
Records: 784  Duplicates: 0  Warnings: 0

+---------------------+
| callingclientsafter |
+---------------------+
|             1283250 |
+---------------------+
1 row in set (0.33 sec)

Query OK, 0 rows affected (0.01 sec)

Query OK, 362 rows affected (1.94 sec)
Records: 362  Duplicates: 0  Warnings: 0

Query OK, 0 rows affected (0.00 sec)

Query OK, 24975 rows affected (3.94 sec)
Records: 24975  Duplicates: 0  Warnings: 0

+-----------+
| callstats |
+-----------+
|     24975 |
+-----------+
1 row in set (0.01 sec)

Query OK, 0 rows affected, 1 warning (0.00 sec)

Query OK, 784 rows affected (1.49 sec)
Records: 784  Duplicates: 0  Warnings: 0

+------------------------+
| rep_cccallreportbefore |
+------------------------+
|                1284117 |
+------------------------+
1 row in set (0.33 sec)

Query OK, 784 rows affected (0.12 sec)
Records: 784  Duplicates: 0  Warnings: 0

+-----------------------+
| rep_cccallreportafter |
+-----------------------+
|               1284901 |
+-----------------------+
1 row in set (0.33 sec)

Query OK, 0 rows affected (0.00 sec)

mysql> mysql \. C:\workspace\cloud\code\sql\_DailyScript\currenttime.sql
+---------------------+
| currenttime         |
+---------------------+
| 2021-10-05 11:25:29 |
+---------------------+
1 row in set (0.00 sec)

mysql> 
mysql> mysql \. C:\workspace\cloud\code\sql\_DailyScript\DAILY-SCRIPT-USAGE.sql
Database changed
Query OK, 0 rows affected (0.00 sec)

Query OK, 4007 rows affected, 11646 warnings (0.53 sec)
Records: 4007  Deleted: 0  Skipped: 0  Warnings: 11646

Query OK, 0 rows affected (0.00 sec)

Query OK, 6152 rows affected, 17765 warnings (0.66 sec)
Records: 6152  Deleted: 0  Skipped: 0  Warnings: 17765

Query OK, 0 rows affected (0.00 sec)

Query OK, 301 rows affected, 1078 warnings (0.04 sec)
Records: 301  Deleted: 0  Skipped: 0  Warnings: 1078

Query OK, 0 rows affected (0.00 sec)

Query OK, 180 rows affected, 617 warnings (0.03 sec)
Records: 180  Deleted: 0  Skipped: 0  Warnings: 617

+------------+
| dailyusage |
+------------+
|   19119866 |
+------------+
1 row in set (5.57 sec)

+------------+------------+------------+---------+
| datestart  | dateend    | insertedon | records |
+------------+------------+------------+---------+
| 2021-10-02 | 2021-10-02 | 2021-10-05 |   10640 |
| 2021-10-01 | 2021-10-01 | 2021-10-05 |   10700 |
| 2021-09-30 | 2021-09-30 | 2021-10-05 |   10676 |
| 2021-09-29 | 2021-09-29 | 2021-10-05 |   10652 |
| 2021-09-28 | 2021-09-28 | 2021-10-05 |   10599 |
+------------+------------+------------+---------+
5 rows in set (17.57 sec)

+----------+------------+------------+------------+---------+
| category | datestart  | dateend    | insertedon | records |
+----------+------------+------------+------------+---------+
| UNCAPPED | 2021-10-02 | 2021-10-02 | 2021-10-05 |    6152 |
| PREPAID  | 2021-10-02 | 2021-10-02 | 2021-10-05 |     301 |
| HOTSPOT  | 2021-10-02 | 2021-10-02 | 2021-10-05 |     180 |
| CAPPED   | 2021-10-02 | 2021-10-02 | 2021-10-05 |    4007 |
| UNCAPPED | 2021-10-01 | 2021-10-01 | 2021-10-05 |    6171 |
| PREPAID  | 2021-10-01 | 2021-10-01 | 2021-10-05 |     280 |
| HOTSPOT  | 2021-10-01 | 2021-10-01 | 2021-10-05 |     185 |
| CAPPED   | 2021-10-01 | 2021-10-01 | 2021-10-05 |    4064 |
| UNCAPPED | 2021-09-30 | 2021-09-30 | 2021-10-05 |    6168 |
| PREPAID  | 2021-09-30 | 2021-09-30 | 2021-10-05 |     289 |
| HOTSPOT  | 2021-09-30 | 2021-09-30 | 2021-10-05 |     220 |
| CAPPED   | 2021-09-30 | 2021-09-30 | 2021-10-05 |    3999 |
| UNCAPPED | 2021-09-29 | 2021-09-29 | 2021-10-05 |    6142 |
| PREPAID  | 2021-09-29 | 2021-09-29 | 2021-10-05 |     276 |
| HOTSPOT  | 2021-09-29 | 2021-09-29 | 2021-10-05 |     224 |
| CAPPED   | 2021-09-29 | 2021-09-29 | 2021-10-05 |    4010 |
| UNCAPPED | 2021-09-28 | 2021-09-28 | 2021-10-05 |    6130 |
| PREPAID  | 2021-09-28 | 2021-09-28 | 2021-10-05 |     274 |
| HOTSPOT  | 2021-09-28 | 2021-09-28 | 2021-10-05 |     203 |
| CAPPED   | 2021-09-28 | 2021-09-28 | 2021-10-05 |    3992 |
+----------+------------+------------+------------+---------+
20 rows in set (25.72 sec)

mysql> mysql \. C:\workspace\cloud\code\sql\_DailyScript\currenttime.sql
+---------------------+
| currenttime         |
+---------------------+
| 2021-10-05 11:26:19 |
+---------------------+
1 row in set (0.00 sec)

mysql> 
mysql> mysql \. C:\workspace\cloud\code\sql\_DailyScript\DAILY-SCRIPT-SALES-TELEMETRY.sql
Database changed
Query OK, 60 rows affected, 19 warnings (0.03 sec)
Records: 60  Deleted: 0  Skipped: 0  Warnings: 19

+------------+
| dailysales |
+------------+
|     248866 |
+------------+
1 row in set (0.09 sec)

Query OK, 0 rows affected (0.01 sec)

Query OK, 248866 rows affected (15.26 sec)
Records: 248866  Duplicates: 0  Warnings: 0

+--------+
| sales  |
+--------+
| 248866 |
+--------+
1 row in set (0.10 sec)

Query OK, 0 rows affected (0.00 sec)

Query OK, 4133 rows affected (0.38 sec)
Records: 4133  Duplicates: 0  Warnings: 0

+----------------+
| rep_dailysales |
+----------------+
|           4133 |
+----------------+
1 row in set (0.00 sec)

Query OK, 0 rows affected (0.00 sec)

Query OK, 4133 rows affected (0.58 sec)
Records: 4133  Duplicates: 0  Warnings: 0

+-------------------+
| rep_dailysalesreg |
+-------------------+
|              4133 |
+-------------------+
1 row in set (0.00 sec)

Query OK, 0 rows affected (0.00 sec)

Query OK, 2986 rows affected (0.73 sec)
Records: 2986  Duplicates: 0  Warnings: 0

+-----------+
| saleslist |
+-----------+
|      2986 |
+-----------+
1 row in set (0.00 sec)

Database changed
ERROR 2 (HY000): File 'C:\ProgramData\MySQL\MySQL Server 5.7\Uploads\_csv\PrepaidCardSales-02102021-P1.csv' not found (Errcode: 2 - No such file or directory)
+------------------+
| dailysinglesales |
+------------------+
|             6603 |
+------------------+
1 row in set (0.00 sec)

Database changed
Query OK, 11 rows affected (0.05 sec)
Records: 11  Deleted: 0  Skipped: 0  Warnings: 0

+-----------------+
| dailyaddonsales |
+-----------------+
|           25337 |
+-----------------+
1 row in set (0.01 sec)

Query OK, 357 rows affected (0.04 sec)
Records: 357  Deleted: 0  Skipped: 0  Warnings: 0

+----------------+
| onlinepayments |
+----------------+
|         228344 |
+----------------+
1 row in set (0.08 sec)

+-------------+----------------+---------------------+
| paymentdate | onlinepayments | onlinepaymentamount |
+-------------+----------------+---------------------+
| 2021-10-02  |            357 |        234832.31000 |
| 2021-10-01  |            477 |        337911.87000 |
| 2021-09-30  |            476 |        322990.66000 |
| 2021-09-29  |            324 |        212649.39000 |
| 2021-09-28  |            419 |        287993.93000 |
+-------------+----------------+---------------------+
5 rows in set (0.28 sec)

+-------------+--------------+----------------+---------------------+
| paymentyear | paymentmonth | onlinepayments | onlinepaymentamount |
+-------------+--------------+----------------+---------------------+
|        2021 |           10 |            834 |        572744.18000 |
|        2021 |            9 |           8803 |       5663928.71000 |
|        2021 |            8 |           8864 |       5714008.87000 |
|        2021 |            7 |           8972 |       5795292.15000 |
|        2021 |            6 |           8773 |       5686976.03000 |
+-------------+--------------+----------------+---------------------+
5 rows in set (0.21 sec)

mysql> mysql \. C:\workspace\cloud\code\sql\_DailyScript\currenttime.sql
+---------------------+
| currenttime         |
+---------------------+
| 2021-10-05 11:26:37 |
+---------------------+
1 row in set (0.00 sec)

mysql> 
mysql> mysql \. C:\workspace\cloud\code\sql\_DailyScript\DAILY-SCRIPT-ACTIVENUMBERS.sql
Database changed
Query OK, 1103 rows affected (0.40 sec)
Records: 1103  Deleted: 0  Skipped: 0  Warnings: 0

+------------+----------+
| period     | count(1) |
+------------+----------+
| 2021-10-02 |     1103 |
| 2021-10-01 |     1101 |
| 2021-09-30 |     1101 |
| 2021-09-29 |     1100 |
| 2021-09-28 |     1102 |
+------------+----------+
5 rows in set (0.00 sec)

Query OK, 0 rows affected (0.00 sec)

Query OK, 75 rows affected (1.33 sec)
Records: 75  Duplicates: 0  Warnings: 0

+-------------+
| packagelist |
+-------------+
|          75 |
+-------------+
1 row in set (0.00 sec)

Database changed
Query OK, 0 rows affected (0.00 sec)

Query OK, 0 rows affected (0.00 sec)

Query OK, 0 rows affected (0.00 sec)

Query OK, 0 rows affected (0.00 sec)

Query OK, 28784 rows affected, 228 warnings (11.55 sec)
Records: 28784  Deleted: 0  Skipped: 0  Warnings: 228

+------------+----------+
| period     | count(1) |
+------------+----------+
| 2021-10-02 |    28784 |
| 2021-10-01 |    28816 |
| 2021-09-30 |    28750 |
| 2021-09-29 |    28877 |
| 2021-09-28 |    28734 |
+------------+----------+
5 rows in set (0.06 sec)

Query OK, 0 rows affected (0.01 sec)

Query OK, 28221 rows affected (35.84 sec)
Records: 28221  Duplicates: 0  Warnings: 0

Query OK, 0 rows affected (0.11 sec)
Records: 0  Duplicates: 0  Warnings: 0

Query OK, 0 rows affected (0.10 sec)
Records: 0  Duplicates: 0  Warnings: 0

Query OK, 0 rows affected (0.10 sec)
Records: 0  Duplicates: 0  Warnings: 0

Query OK, 0 rows affected (0.11 sec)
Records: 0  Duplicates: 0  Warnings: 0

Query OK, 0 rows affected (0.07 sec)
Records: 0  Duplicates: 0  Warnings: 0

Query OK, 0 rows affected (0.07 sec)
Records: 0  Duplicates: 0  Warnings: 0

+-------------+
| countbefore |
+-------------+
|    49806874 |
+-------------+
1 row in set (14.55 sec)

Query OK, 28221 rows affected (1.92 sec)
Records: 28221  Duplicates: 0  Warnings: 0

+------------+
| countafter |
+------------+
|   49835095 |
+------------+
1 row in set (15.35 sec)

+------------+--------------------------+
| period     | customercontractactivity |
+------------+--------------------------+
| 2021-10-02 |                    28221 |
| 2021-10-01 |                    28254 |
| 2021-09-30 |                    28188 |
| 2021-09-29 |                    28314 |
| 2021-09-28 |                    28172 |
+------------+--------------------------+
5 rows in set (0.06 sec)

Query OK, 0 rows affected (0.01 sec)

Query OK, 318792 rows affected, 4 warnings (7 min 40.45 sec)
Records: 318792  Duplicates: 0  Warnings: 4

Query OK, 0 rows affected (1.02 sec)
Records: 0  Duplicates: 0  Warnings: 0

Query OK, 0 rows affected (1.11 sec)
Records: 0  Duplicates: 0  Warnings: 0

Query OK, 0 rows affected (1.12 sec)
Records: 0  Duplicates: 0  Warnings: 0

Query OK, 0 rows affected (0.01 sec)

Query OK, 234 rows affected (0.41 sec)
Records: 234  Duplicates: 0  Warnings: 0

Query OK, 0 rows affected (0.00 sec)

Query OK, 2557 rows affected (0.58 sec)
Records: 2557  Duplicates: 0  Warnings: 0

Query OK, 0 rows affected (0.01 sec)

Query OK, 28195 rows affected (0.53 sec)
Records: 28195  Duplicates: 0  Warnings: 0

Query OK, 0 rows affected (0.01 sec)

Query OK, 17044 rows affected (0.33 sec)
Records: 17044  Duplicates: 0  Warnings: 0

Query OK, 0 rows affected (0.00 sec)

Query OK, 17044 rows affected (0.12 sec)
Records: 17044  Duplicates: 0  Warnings: 0

Query OK, 0 rows affected (0.01 sec)

Query OK, 17044 rows affected (1.04 sec)
Records: 17044  Duplicates: 0  Warnings: 0

Query OK, 0 rows affected (0.01 sec)

Query OK, 17044 rows affected (42.07 sec)
Records: 17044  Duplicates: 0  Warnings: 0

+-------------+
| clientstats |
+-------------+
|       17044 |
+-------------+
1 row in set (0.01 sec)

Query OK, 0 rows affected (0.00 sec)

Query OK, 14 rows affected, 1 warning (0.09 sec)
Records: 14  Duplicates: 0  Warnings: 1

+-----------------------+-------------+-------------+----------------+-----------------+
| services              | activecount | allaccounts | uniqueaccounts | uniquecontracts |
+-----------------------+-------------+-------------+----------------+-----------------+
| All                   |         439 |          71 |             71 |             230 |
| Internet & OTT        |           4 |           2 |              2 |               2 |
| Internet & Voice      |         319 |         140 |            140 |             275 |
| Internet Only         |        4359 |        4257 |           4251 |            4299 |
| OTT Only              |           1 |           1 |              1 |               1 |
| TV & Internet         |        9741 |        4372 |           4363 |            8899 |
| TV & Internet & OTT   |        4368 |        1141 |           1139 |            2374 |
| TV & Internet & Voice |         542 |         156 |            156 |             479 |
| TV & OTT              |         349 |          87 |             85 |              96 |
| TV & Voice            |          84 |          38 |             38 |              78 |
| TV & Voice & OTT      |           3 |           1 |              1 |               2 |
| TV Only               |        8483 |        6656 |           6646 |            6855 |
| Voice Only            |         124 |         122 |            122 |             124 |
| GRAND TOTAL           |       28816 |       17044 |          16961 |           23714 |
+-----------------------+-------------+-------------+----------------+-----------------+
14 rows in set (0.00 sec)

+-------------+-------------+-------------+----------------+-----------------+
| network     | activecount | allaccounts | uniqueaccounts | uniquecontracts |
+-------------+-------------+-------------+----------------+-----------------+
| GPON        |       12871 |        6395 |           6392 |           10146 |
| HFC         |       15945 |       10649 |          10649 |           13568 |
| GRAND TOTAL |       28816 |       17044 |          16961 |           23714 |
+-------------+-------------+-------------+----------------+-----------------+
3 rows in set, 1 warning (0.11 sec)

+-------------+-----------------------+-------------+-------------+----------------+-----------------+
| network     | services              | activecount | allaccounts | uniqueaccounts | uniquecontracts |
+-------------+-----------------------+-------------+-------------+----------------+-----------------+
| GPON        | All                   |         305 |          54 |             54 |             172 |
| GPON        | Internet & Voice      |          81 |          33 |             33 |              70 |
| GPON        | Internet Only         |        1555 |        1471 |           1471 |            1496 |
| GPON        | TV & Internet         |        5139 |        2264 |           2264 |            4634 |
| GPON        | TV & Internet & OTT   |        3236 |         844 |            844 |            1764 |
| GPON        | TV & Internet & Voice |         288 |          79 |             79 |             245 |
| GPON        | TV & OTT              |         166 |          57 |             57 |              58 |
| GPON        | TV & Voice            |          56 |          25 |             25 |              52 |
| GPON        | TV & Voice & OTT      |           3 |           1 |              1 |               2 |
| GPON        | TV Only               |        2026 |        1552 |           1552 |            1637 |
| GPON        | Voice Only            |          16 |          15 |             15 |              16 |
| GPON        | Services Total        |       12871 |        6395 |           6392 |           10146 |
| HFC         | All                   |         134 |          17 |             17 |              58 |
| HFC         | Internet & OTT        |           4 |           2 |              2 |               2 |
| HFC         | Internet & Voice      |         238 |         107 |            107 |             205 |
| HFC         | Internet Only         |        2804 |        2786 |           2786 |            2803 |
| HFC         | OTT Only              |           1 |           1 |              1 |               1 |
| HFC         | TV & Internet         |        4602 |        2108 |           2108 |            4265 |
| HFC         | TV & Internet & OTT   |        1132 |         297 |            297 |             610 |
| HFC         | TV & Internet & Voice |         254 |          77 |             77 |             234 |
| HFC         | TV & OTT              |         183 |          30 |             30 |              38 |
| HFC         | TV & Voice            |          28 |          13 |             13 |              26 |
| HFC         | TV Only               |        6457 |        5104 |           5104 |            5218 |
| HFC         | Voice Only            |         108 |         107 |            107 |             108 |
| HFC         | Services Total        |       15945 |       10649 |          10649 |           13568 |
| GRAND TOTAL | Services Total        |       28816 |       17044 |          16961 |           23714 |
+-------------+-----------------------+-------------+-------------+----------------+-----------------+
26 rows in set, 2 warnings (0.13 sec)

Query OK, 0 rows affected (0.01 sec)

Query OK, 41 rows affected, 3 warnings (0.17 sec)
Records: 41  Duplicates: 0  Warnings: 3

+-------------+---------------+-----------------------+-------------+-------------+----------------+-----------------+
| region      | network       | services              | activecount | allaccounts | uniqueaccounts | uniquecontracts |
+-------------+---------------+-----------------------+-------------+-------------+----------------+-----------------+
| Mahe        | GPON          | All                   |         264 |          47 |             47 |             150 |
| Mahe        | GPON          | Internet & Voice      |          69 |          27 |             27 |              58 |
| Mahe        | GPON          | Internet Only         |        1318 |        1235 |           1235 |            1259 |
| Mahe        | GPON          | TV & Internet         |        4352 |        1913 |           1913 |            3908 |
| Mahe        | GPON          | TV & Internet & OTT   |        2688 |         686 |            686 |            1437 |
| Mahe        | GPON          | TV & Internet & Voice |         278 |          76 |             76 |             235 |
| Mahe        | GPON          | TV & OTT              |         136 |          47 |             47 |              48 |
| Mahe        | GPON          | TV & Voice            |          53 |          24 |             24 |              49 |
| Mahe        | GPON          | TV & Voice & OTT      |           3 |           1 |              1 |               2 |
| Mahe        | GPON          | TV Only               |        1679 |        1288 |           1288 |            1361 |
| Mahe        | GPON          | Voice Only            |          14 |          13 |             13 |              14 |
| Mahe        | GPON          | Services Total        |       10854 |        5357 |           5357 |            8521 |
| Mahe        | HFC           | All                   |         134 |          17 |             17 |              58 |
| Mahe        | HFC           | Internet & OTT        |           4 |           2 |              2 |               2 |
| Mahe        | HFC           | Internet & Voice      |         238 |         107 |            107 |             205 |
| Mahe        | HFC           | Internet Only         |        2804 |        2786 |           2786 |            2803 |
| Mahe        | HFC           | OTT Only              |           1 |           1 |              1 |               1 |
| Mahe        | HFC           | TV & Internet         |        4602 |        2108 |           2108 |            4265 |
| Mahe        | HFC           | TV & Internet & OTT   |        1132 |         297 |            297 |             610 |
| Mahe        | HFC           | TV & Internet & Voice |         254 |          77 |             77 |             234 |
| Mahe        | HFC           | TV & OTT              |         183 |          30 |             30 |              38 |
| Mahe        | HFC           | TV & Voice            |          28 |          13 |             13 |              26 |
| Mahe        | HFC           | TV Only               |        6455 |        5102 |           5102 |            5216 |
| Mahe        | HFC           | Voice Only            |         108 |         107 |            107 |             108 |
| Mahe        | HFC           | Services Total        |       15943 |       10647 |          10647 |           13566 |
| Mahe        | Network Total | Services Total        |       26797 |       16004 |          15924 |           22087 |
| Praslin     | GPON          | All                   |          41 |           7 |              7 |              22 |
| Praslin     | GPON          | Internet & Voice      |          12 |           6 |              6 |              12 |
| Praslin     | GPON          | Internet Only         |         237 |         236 |            236 |             237 |
| Praslin     | GPON          | TV & Internet         |         787 |         351 |            351 |             726 |
| Praslin     | GPON          | TV & Internet & OTT   |         548 |         158 |            158 |             327 |
| Praslin     | GPON          | TV & Internet & Voice |          10 |           3 |              3 |              10 |
| Praslin     | GPON          | TV & OTT              |          30 |          10 |             10 |              10 |
| Praslin     | GPON          | TV & Voice            |           3 |           1 |              1 |               3 |
| Praslin     | GPON          | TV Only               |         347 |         264 |            264 |             276 |
| Praslin     | GPON          | Voice Only            |           2 |           2 |              2 |               2 |
| Praslin     | GPON          | Services Total        |        2017 |        1038 |           1038 |            1625 |
| Praslin     | HFC           | TV Only               |           2 |           2 |              2 |               2 |
| Praslin     | HFC           | Services Total        |           2 |           2 |              2 |               2 |
| Praslin     | Network Total | Services Total        |        2019 |        1040 |           1040 |            1627 |
| GRAND TOTAL | Network Total | Services Total        |       28816 |       17044 |          16961 |           23714 |
+-------------+---------------+-----------------------+-------------+-------------+----------------+-----------------+
41 rows in set (0.00 sec)

Query OK, 0 rows affected (0.00 sec)

Query OK, 28196 rows affected (0.36 sec)
Records: 28196  Duplicates: 0  Warnings: 0

Query OK, 0 rows affected (0.00 sec)

Query OK, 2325 rows affected (0.35 sec)
Records: 2325  Duplicates: 0  Warnings: 0

+--------------------------------------+
| message                              |
+--------------------------------------+
| running rcbill_my.sp_ActiveNumber2() |
+--------------------------------------+
1 row in set (0.00 sec)

Query OK, 365 rows affected (1 min 58.04 sec)

mysql> mysql \. C:\workspace\cloud\code\sql\_DailyScript\currenttime.sql
+---------------------+
| currenttime         |
+---------------------+
| 2021-10-05 11:38:27 |
+---------------------+
1 row in set (0.00 sec)

mysql> 
mysql> mysql \. C:\workspace\cloud\code\sql\_DailyScript\GetActiveNumbers Average -Pivot.sql
Database changed
+-------------------------------------+
| @today := subdate(current_date(),1) |
+-------------------------------------+
| 2021-10-04                          |
+-------------------------------------+
1 row in set (0.00 sec)

+-------------------------------------+
| @lastdayofmonth := last_day(@today) |
+-------------------------------------+
| 2021-10-31                          |
+-------------------------------------+
1 row in set (0.00 sec)

Query OK, 0 rows affected (0.01 sec)

Query OK, 51192 rows affected, 65535 warnings (59.70 sec)
Records: 51192  Duplicates: 0  Warnings: 103611

Query OK, 0 rows affected (0.11 sec)
Records: 0  Duplicates: 0  Warnings: 0

Query OK, 0 rows affected (0.13 sec)
Records: 0  Duplicates: 0  Warnings: 0

Query OK, 0 rows affected (0.11 sec)
Records: 0  Duplicates: 0  Warnings: 0

+-----------------+
| activenumberavg |
+-----------------+
|           51192 |
+-----------------+
1 row in set (0.01 sec)

Query OK, 0 rows affected (0.01 sec)

Query OK, 1988 rows affected (0.56 sec)
Records: 1988  Duplicates: 0  Warnings: 0

+---------------------+
| rep_activenumberavg |
+---------------------+
|                1988 |
+---------------------+
1 row in set (0.00 sec)

+----------------------+
| rep_activenumberavg1 |
+----------------------+
|                  926 |
+----------------------+
1 row in set (0.00 sec)

Query OK, 0 rows affected (0.01 sec)

Query OK, 2708 rows affected (0.46 sec)
Records: 2708  Duplicates: 0  Warnings: 0

Query OK, 0 rows affected (0.00 sec)

Query OK, 13997 rows affected (0.83 sec)
Records: 13997  Duplicates: 0  Warnings: 0

Query OK, 0 rows affected (0.01 sec)

Query OK, 242 rows affected (0.27 sec)
Records: 242  Duplicates: 0  Warnings: 0

Query OK, 0 rows affected (0.00 sec)

Query OK, 0 rows affected (0.01 sec)

Query OK, 0 rows affected (0.00 sec)

Query OK, 0 rows affected (0.00 sec)

Query OK, 0 rows affected (0.00 sec)
Statement prepared

Query OK, 53 rows affected (0.05 sec)
Records: 53  Duplicates: 0  Warnings: 0

Query OK, 0 rows affected (0.00 sec)

Query OK, 0 rows affected (0.00 sec)

+----------------------+
| rep_activenumberavg2 |
+----------------------+
|                 2708 |
+----------------------+
1 row in set (0.00 sec)

+------------------------+
| rep_activenumberavg_pv |
+------------------------+
|                     53 |
+------------------------+
1 row in set (0.00 sec)

Query OK, 0 rows affected (0.00 sec)

Query OK, 2705 rows affected (0.38 sec)
Records: 2705  Duplicates: 0  Warnings: 0

Query OK, 0 rows affected (0.00 sec)

Query OK, 0 rows affected (0.01 sec)

Query OK, 0 rows affected (0.00 sec)

Query OK, 0 rows affected (0.00 sec)

Query OK, 0 rows affected (0.00 sec)
Statement prepared

Query OK, 53 rows affected (0.06 sec)
Records: 53  Duplicates: 0  Warnings: 0

Query OK, 0 rows affected (0.00 sec)

Query OK, 0 rows affected (0.00 sec)

+-------------------------+
| rep_activenumberavgMahe |
+-------------------------+
|                    2705 |
+-------------------------+
1 row in set (0.00 sec)

+----------------------------+
| rep_activenumberavgMahe_pv |
+----------------------------+
|                         53 |
+----------------------------+
1 row in set (0.00 sec)

Query OK, 0 rows affected (0.00 sec)

Query OK, 1711 rows affected (0.17 sec)
Records: 1711  Duplicates: 0  Warnings: 0

Query OK, 0 rows affected (0.00 sec)

Query OK, 0 rows affected (0.00 sec)

Query OK, 0 rows affected (0.00 sec)

Query OK, 0 rows affected (0.00 sec)

Query OK, 0 rows affected (0.00 sec)
Statement prepared

Query OK, 40 rows affected (0.04 sec)
Records: 40  Duplicates: 0  Warnings: 0

Query OK, 0 rows affected (0.00 sec)

Query OK, 0 rows affected (0.00 sec)

+----------------------------+
| rep_activenumberavgPraslin |
+----------------------------+
|                       1711 |
+----------------------------+
1 row in set (0.00 sec)

+-------------------------------+
| rep_activenumberavgPraslin_pv |
+-------------------------------+
|                            40 |
+-------------------------------+
1 row in set (0.00 sec)

mysql> mysql \. C:\workspace\cloud\code\sql\_DailyScript\currenttime.sql
+---------------------+
| currenttime         |
+---------------------+
| 2021-10-05 11:39:30 |
+---------------------+
1 row in set (0.00 sec)

mysql> 
mysql> mysql \. C:\workspace\cloud\code\sql\Analysis\clients_contracts_creditpolicy_2.sql
Database changed
Query OK, 0 rows affected (0.00 sec)

Query OK, 1900145 rows affected (37.33 sec)
Records: 1900145  Duplicates: 0  Warnings: 0

Query OK, 0 rows affected (0.01 sec)

Query OK, 28221 rows affected (0.96 sec)
Records: 28221  Duplicates: 0  Warnings: 0

Query OK, 0 rows affected (0.01 sec)

Query OK, 28291 rows affected (7.61 sec)
Records: 28291  Duplicates: 0  Warnings: 0

+-------------------------+
| rep_cust_cont_creditpol |
+-------------------------+
|                   28291 |
+-------------------------+
1 row in set (0.01 sec)

mysql> mysql \. C:\workspace\cloud\code\sql\_DailyScript\currenttime.sql
+---------------------+
| currenttime         |
+---------------------+
| 2021-10-05 11:40:16 |
+---------------------+
1 row in set (0.00 sec)

mysql> 
mysql> 
mysql> 
mysql> 
mysql> 
mysql> 
mysql> 
mysql> 
mysql> 
mysql> 
mysql> 
mysql> 
mysql> 
mysql> 
mysql> 
mysql> 
mysql> 
mysql> 
mysql> 
mysql> 
mysql> 
mysql> 
mysql> 
mysql> 
mysql> 
mysql> 
mysql> 
mysql> exit
