    -> 
    -> mysql \. C:\workspace\cloud\code\sql\_DailyScript\_setdates.sql
Database changed
Query OK, 0 rows affected (0.00 sec)

Query OK, 0 rows affected (0.00 sec)

Query OK, 0 rows affected (0.00 sec)

Query OK, 0 rows affected (0.00 sec)

Query OK, 0 rows affected (0.00 sec)

Query OK, 0 rows affected (0.00 sec)

Query OK, 0 rows affected (0.00 sec)

Query OK, 0 rows affected (0.00 sec)

Query OK, 0 rows affected (0.00 sec)

Query OK, 0 rows affected (0.00 sec)

Query OK, 0 rows affected (0.00 sec)

Query OK, 0 rows affected (0.00 sec)

Query OK, 0 rows affected (0.00 sec)

Query OK, 0 rows affected (0.00 sec)

Query OK, 0 rows affected (0.00 sec)

Query OK, 0 rows affected (0.00 sec)

Query OK, 0 rows affected (0.00 sec)

Query OK, 0 rows affected (0.00 sec)

Query OK, 0 rows affected (0.00 sec)

Query OK, 0 rows affected (0.00 sec)

Query OK, 0 rows affected (0.00 sec)

mysql> mysql \. C:\workspace\cloud\code\sql\_DailyScript\currenttime.sql
+---------------------+
| currenttime         |
+---------------------+
| 2020-05-14 08:12:07 |
+---------------------+
1 row in set (0.00 sec)

mysql> 
mysql> mysql \. C:\workspace\cloud\code\sql\_DailyScript\load_RCB_VODTITLES.sql
Database changed
Query OK, 0 rows affected (0.00 sec)

Query OK, 10892 rows affected (0.46 sec)

Query OK, 10942 rows affected, 10942 warnings (0.30 sec)
Records: 10942  Deleted: 0  Skipped: 0  Warnings: 10942

Query OK, 0 rows affected (0.00 sec)

Query OK, 2 rows affected (0.01 sec)

+-----------+
| VODTITLES |
+-----------+
|     11400 |
+-----------+
1 row in set (0.00 sec)

+-----------+-----------+
| titletype | typecount |
+-----------+-----------+
| E         |      9099 |
| N         |       213 |
| T         |      1628 |
| NULL      |     10940 |
+-----------+-----------+
4 rows in set (0.04 sec)

mysql> mysql \. C:\workspace\cloud\code\sql\_DailyScript\currenttime.sql
+---------------------+
| currenttime         |
+---------------------+
| 2020-05-14 08:12:07 |
+---------------------+
1 row in set (0.00 sec)

mysql> 
mysql> mysql \. C:\workspace\cloud\code\sql\_DailyScript\DAILY-SCRIPT-LIVETV-STATS.sql
Database changed
Query OK, 0 rows affected (0.01 sec)

Query OK, 89090 rows affected (2.00 sec)
Records: 89090  Duplicates: 0  Warnings: 0

+------------+------------+----------+--------------+--------------+-----------+-------------+----------+--------+------+------------+---------+---------------+
| Table      | Non_unique | Key_name | Seq_in_index | Column_name  | Collation | Cardinality | Sub_part | Packed | Null | Index_type | Comment | Index_comment |
+------------+------------+----------+--------------+--------------+-----------+-------------+----------+--------+------+------------+---------+---------------+
| templivetv |          1 | idxtv1   |            1 | device       | A         |       88881 |     NULL | NULL   | YES  | BTREE      |         |               |
| templivetv |          1 | idxtv2   |            1 | sessionstart | A         |       88881 |     NULL | NULL   | YES  | BTREE      |         |               |
+------------+------------+----------+--------------+--------------+-----------+-------------+----------+--------+------+------------+---------+---------------+
2 rows in set (0.03 sec)

Query OK, 89026 rows affected (44.61 sec)
Records: 89026  Duplicates: 0  Warnings: 0

Query OK, 2708 rows affected (1.59 sec)
Records: 2708  Duplicates: 0  Warnings: 0

Query OK, 0 rows affected (0.00 sec)

Query OK, 0 rows affected (0.00 sec)

Query OK, 137 rows affected (0.13 sec)
Records: 137  Duplicates: 0  Warnings: 0

Query OK, 0 rows affected (0.10 sec)

Query OK, 18054 rows affected (18 min 53.93 sec)
Records: 18054  Duplicates: 0  Warnings: 0

+-----------------+
| rep_livetvstats |
+-----------------+
|           18054 |
+-----------------+
1 row in set (0.01 sec)

mysql> mysql \. C:\workspace\cloud\code\sql\_DailyScript\currenttime.sql
+---------------------+
| currenttime         |
+---------------------+
| 2020-05-14 08:31:50 |
+---------------------+
1 row in set (0.00 sec)

mysql> 
mysql> mysql \. C:\workspace\cloud\code\sql\_DailyScript\DAILY-SCRIPT-VODTS-STATS.sql
Database changed
Query OK, 0 rows affected (0.03 sec)

Query OK, 5972 rows affected (1 min 35.67 sec)
Records: 5972  Duplicates: 0  Warnings: 0

+---------+------------+----------+--------------+--------------+-----------+-------------+----------+--------+------+------------+---------+---------------+
| Table   | Non_unique | Key_name | Seq_in_index | Column_name  | Collation | Cardinality | Sub_part | Packed | Null | Index_type | Comment | Index_comment |
+---------+------------+----------+--------------+--------------+-----------+-------------+----------+--------+------+------------+---------+---------------+
| tempvod |          1 | idxtvod1 |            1 | device       | A         |        6119 |     NULL | NULL   | YES  | BTREE      |         |               |
| tempvod |          1 | idxtvod2 |            1 | sessionstart | A         |        6119 |     NULL | NULL   | YES  | BTREE      |         |               |
+---------+------------+----------+--------------+--------------+-----------+-------------+----------+--------+------+------------+---------+---------------+
2 rows in set (0.00 sec)

Query OK, 5944 rows affected (5.84 sec)
Records: 5944  Duplicates: 0  Warnings: 0

Query OK, 0 rows affected (0.02 sec)

Query OK, 642491 rows affected (1 min 2.85 sec)
Records: 642491  Duplicates: 0  Warnings: 0

+--------------+
| rep_vodstats |
+--------------+
|       642491 |
+--------------+
1 row in set (0.23 sec)

Database changed
Query OK, 0 rows affected (0.01 sec)

Query OK, 17304 rows affected (6 min 43.98 sec)
Records: 17304  Duplicates: 0  Warnings: 0

+--------+------------+----------+--------------+--------------+-----------+-------------+----------+--------+------+------------+---------+---------------+
| Table  | Non_unique | Key_name | Seq_in_index | Column_name  | Collation | Cardinality | Sub_part | Packed | Null | Index_type | Comment | Index_comment |
+--------+------------+----------+--------------+--------------+-----------+-------------+----------+--------+------+------------+---------+---------------+
| tempts |          1 | idxtts1  |            1 | device       | A         |       17390 |     NULL | NULL   | YES  | BTREE      |         |               |
| tempts |          1 | idxtts2  |            1 | sessionstart | A         |       17390 |     NULL | NULL   | YES  | BTREE      |         |               |
+--------+------------+----------+--------------+--------------+-----------+-------------+----------+--------+------+------------+---------+---------------+
2 rows in set (0.00 sec)

Query OK, 17295 rows affected (20.54 sec)
Records: 17295  Duplicates: 0  Warnings: 0

Query OK, 0 rows affected (0.02 sec)

Query OK, 33875 rows affected (6 min 20.83 sec)
Records: 33875  Duplicates: 0  Warnings: 0

+-------------+
| rep_tsstats |
+-------------+
|       33875 |
+-------------+
1 row in set (0.02 sec)

mysql> mysql \. C:\workspace\cloud\code\sql\_DailyScript\currenttime.sql
+---------------------+
| currenttime         |
+---------------------+
| 2020-05-14 08:48:00 |
+---------------------+
1 row in set (0.00 sec)

mysql> 
mysql> mysql \. C:\workspace\cloud\code\sql\_DailyScript\DAILY-SCRIPT-RADIO-STATS.sql
Database changed
Query OK, 0 rows affected (0.03 sec)

Query OK, 258752 rows affected (7.32 sec)
Records: 258752  Duplicates: 0  Warnings: 0

+-----------+------------+----------+--------------+--------------+-----------+-------------+----------+--------+------+------------+---------+---------------+
| Table     | Non_unique | Key_name | Seq_in_index | Column_name  | Collation | Cardinality | Sub_part | Packed | Null | Index_type | Comment | Index_comment |
+-----------+------------+----------+--------------+--------------+-----------+-------------+----------+--------+------+------------+---------+---------------+
| tempradio |          1 | idxtrad1 |            1 | device       | A         |      258498 |     NULL | NULL   | YES  | BTREE      |         |               |
| tempradio |          1 | idxtrad2 |            1 | sessionstart | A         |      258498 |     NULL | NULL   | YES  | BTREE      |         |               |
+-----------+------------+----------+--------------+--------------+-----------+-------------+----------+--------+------+------------+---------+---------------+
2 rows in set (0.00 sec)

Query OK, 291 rows affected (9.99 sec)
Records: 291  Duplicates: 0  Warnings: 0

Query OK, 0 rows affected (0.00 sec)

Query OK, 4597 rows affected (0.42 sec)
Records: 4597  Duplicates: 0  Warnings: 0

+----------------+
| rep_radiostats |
+----------------+
|           4597 |
+----------------+
1 row in set (0.00 sec)

mysql> mysql \. C:\workspace\cloud\code\sql\_DailyScript\currenttime.sql
+---------------------+
| currenttime         |
+---------------------+
| 2020-05-14 08:48:18 |
+---------------------+
1 row in set (0.00 sec)

mysql> 
mysql> mysql \. C:\workspace\cloud\code\sql\_DailyScript\DAILY_SCRIPT_TELEMETRY_PIVOT_2020.sql
Query OK, 0 rows affected (0.00 sec)

Query OK, 144 rows affected (0.11 sec)
Records: 144  Duplicates: 0  Warnings: 0

Query OK, 0 rows affected (0.02 sec)

Query OK, 9400 rows affected (1.43 sec)
Records: 9400  Duplicates: 0  Warnings: 0

Query OK, 0 rows affected (0.01 sec)

Query OK, 8 rows affected (0.09 sec)
Records: 8  Duplicates: 0  Warnings: 0

Query OK, 0 rows affected (0.02 sec)

Query OK, 47 rows affected (0.12 sec)
Records: 47  Duplicates: 0  Warnings: 0

mysql> mysql \. C:\workspace\cloud\code\sql\_DailyScript\currenttime.sql
+---------------------+
| currenttime         |
+---------------------+
| 2020-05-14 08:48:20 |
+---------------------+
1 row in set (0.00 sec)

mysql> 
mysql> mysql \. C:\workspace\cloud\code\sql\_DailyScript\telemetry_livetv_ranking2020.sql
Query OK, 0 rows affected (0.02 sec)

Query OK, 144 rows affected (0.01 sec)
Records: 144  Duplicates: 0  Warnings: 0

mysql> mysql \. C:\workspace\cloud\code\sql\_DailyScript\currenttime.sql
+---------------------+
| currenttime         |
+---------------------+
| 2020-05-14 08:48:20 |
+---------------------+
1 row in set (0.00 sec)

mysql> 
mysql> mysql \. C:\workspace\cloud\code\sql\_DailyScript\telemetry_radio_ranking2020.sql
Query OK, 0 rows affected (0.00 sec)

Query OK, 8 rows affected (0.06 sec)
Records: 8  Duplicates: 0  Warnings: 0

mysql> mysql \. C:\workspace\cloud\code\sql\_DailyScript\currenttime.sql
+---------------------+
| currenttime         |
+---------------------+
| 2020-05-14 08:48:20 |
+---------------------+
1 row in set (0.00 sec)

mysql> 
mysql> mysql \. C:\workspace\cloud\code\sql\_DailyScript\telemetry_ts_ranking2020.sql
Query OK, 0 rows affected (0.00 sec)

Query OK, 47 rows affected (0.04 sec)
Records: 47  Duplicates: 0  Warnings: 0

mysql> mysql \. C:\workspace\cloud\code\sql\_DailyScript\currenttime.sql
+---------------------+
| currenttime         |
+---------------------+
| 2020-05-14 08:48:20 |
+---------------------+
1 row in set (0.00 sec)

mysql> 
mysql> mysql \. C:\workspace\cloud\code\sql\_DailyScript\telemetry_vod_ranking2020.sql
Query OK, 0 rows affected (0.00 sec)

Query OK, 9400 rows affected (0.45 sec)
Records: 9400  Duplicates: 0  Warnings: 0

mysql> mysql \. C:\workspace\cloud\code\sql\_DailyScript\currenttime.sql
+---------------------+
| currenttime         |
+---------------------+
| 2020-05-14 08:48:20 |
+---------------------+
1 row in set (0.00 sec)

mysql> 
mysql> mysql \. C:\workspace\cloud\code\sql\_DailyScript\telemetry_vod_ranking2020_1.sql
Query OK, 0 rows affected (0.02 sec)

Query OK, 9400 rows affected (0.24 sec)
Records: 9400  Duplicates: 0  Warnings: 0

mysql> mysql \. C:\workspace\cloud\code\sql\_DailyScript\currenttime.sql
+---------------------+
| currenttime         |
+---------------------+
| 2020-05-14 08:48:21 |
+---------------------+
1 row in set (0.00 sec)

mysql> 
mysql> mysql \. C:\workspace\cloud\code\sql\_DailyScript\telemetry_vod_ranking2020_2.sql
Query OK, 0 rows affected (0.01 sec)

Query OK, 9400 rows affected (0.23 sec)
Records: 9400  Duplicates: 0  Warnings: 0

mysql> mysql \. C:\workspace\cloud\code\sql\_DailyScript\currenttime.sql
+---------------------+
| currenttime         |
+---------------------+
| 2020-05-14 08:48:21 |
+---------------------+
1 row in set (0.00 sec)

mysql> 
mysql> mysql \. C:\workspace\cloud\code\sql\_DailyScript\DAILY-SCRIPT-CREATE-LOAD.sql
Database changed
Database changed
Query OK, 0 rows affected (0.06 sec)

Query OK, 0 rows affected (0.05 sec)

Database changed
Query OK, 66497 rows affected (3.15 sec)
Records: 66497  Deleted: 0  Skipped: 0  Warnings: 0

Query OK, 0 rows affected (0.15 sec)
Records: 0  Duplicates: 0  Warnings: 0

Query OK, 0 rows affected (0.26 sec)
Records: 0  Duplicates: 0  Warnings: 0

Query OK, 0 rows affected (0.56 sec)
Records: 0  Duplicates: 0  Warnings: 0

Query OK, 0 rows affected (0.27 sec)
Records: 0  Duplicates: 0  Warnings: 0

+---------+
| clients |
+---------+
|   66497 |
+---------+
1 row in set (0.02 sec)

Query OK, 0 rows affected (0.01 sec)

Query OK, 9352 rows affected (5.68 sec)
Records: 9352  Duplicates: 0  Warnings: 0

Query OK, 0 rows affected (0.08 sec)
Records: 0  Duplicates: 0  Warnings: 0

+-------------------+
| rcb_clientparcels |
+-------------------+
|              9352 |
+-------------------+
1 row in set (0.00 sec)

Query OK, 0 rows affected (0.01 sec)

Query OK, 80658 rows affected (3.54 sec)
Records: 80658  Duplicates: 0  Warnings: 0

Query OK, 0 rows affected (0.29 sec)
Records: 0  Duplicates: 0  Warnings: 0

Query OK, 0 rows affected (0.02 sec)

Query OK, 66497 rows affected (17.76 sec)
Records: 66497  Duplicates: 0  Warnings: 0

Query OK, 0 rows affected (0.25 sec)
Records: 0  Duplicates: 0  Warnings: 0

Query OK, 0 rows affected (0.25 sec)
Records: 0  Duplicates: 0  Warnings: 0

Query OK, 0 rows affected (0.21 sec)
Records: 0  Duplicates: 0  Warnings: 0

+---------------+
| clientaddress |
+---------------+
|         66497 |
+---------------+
1 row in set (0.02 sec)

Database changed
Query OK, 0 rows affected (0.02 sec)

Query OK, 0 rows affected (0.01 sec)

Database changed
Query OK, 512788 rows affected, 65535 warnings (18.99 sec)
Records: 512788  Deleted: 0  Skipped: 0  Warnings: 206882

Query OK, 0 rows affected (6.73 sec)
Records: 0  Duplicates: 0  Warnings: 0

Query OK, 0 rows affected (3.11 sec)
Records: 0  Duplicates: 0  Warnings: 0

Query OK, 0 rows affected (2.22 sec)
Records: 0  Duplicates: 0  Warnings: 0

Query OK, 0 rows affected (0.04 sec)

Query OK, 512788 rows affected (53.96 sec)
Records: 512788  Duplicates: 0  Warnings: 0

Query OK, 0 rows affected (2.51 sec)
Records: 0  Duplicates: 0  Warnings: 0

Query OK, 0 rows affected (1.79 sec)
Records: 0  Duplicates: 0  Warnings: 0

+-----------+
| contracts |
+-----------+
|    512788 |
+-----------+
1 row in set (0.28 sec)

+-----------------+
| contractaddress |
+-----------------+
|          512788 |
+-----------------+
1 row in set (0.14 sec)

Database changed
Query OK, 0 rows affected (0.02 sec)

Query OK, 0 rows affected (0.02 sec)

Query OK, 7370 rows affected (0.23 sec)
Records: 7370  Deleted: 0  Skipped: 0  Warnings: 0

Query OK, 0 rows affected (0.03 sec)

Query OK, 7339 rows affected (3.08 sec)
Records: 7339  Duplicates: 0  Warnings: 0

Query OK, 0 rows affected (0.04 sec)
Records: 0  Duplicates: 0  Warnings: 0

Query OK, 0 rows affected (0.01 sec)

Query OK, 5679 rows affected (0.04 sec)
Records: 5679  Duplicates: 0  Warnings: 0

Query OK, 0 rows affected (0.03 sec)
Records: 0  Duplicates: 0  Warnings: 0

+-------------------+
| contractdiscounts |
+-------------------+
|              7370 |
+-------------------+
1 row in set (0.01 sec)

+-------------------------+
| clientcontractdiscounts |
+-------------------------+
|                    7339 |
+-------------------------+
1 row in set (0.00 sec)

+----------------------------+
| clientcontractlastdiscount |
+----------------------------+
|                       5679 |
+----------------------------+
1 row in set (0.00 sec)

Database changed
Query OK, 0 rows affected (0.17 sec)

Query OK, 0 rows affected (0.00 sec)

Database changed
Query OK, 136551 rows affected, 4 warnings (5.32 sec)
Records: 136551  Deleted: 0  Skipped: 0  Warnings: 4

Query OK, 0 rows affected (0.57 sec)
Records: 0  Duplicates: 0  Warnings: 0

Query OK, 0 rows affected (0.74 sec)
Records: 0  Duplicates: 0  Warnings: 0

Query OK, 0 rows affected (0.39 sec)
Records: 0  Duplicates: 0  Warnings: 0

Query OK, 0 rows affected (0.73 sec)
Records: 0  Duplicates: 0  Warnings: 0

Query OK, 0 rows affected (0.59 sec)
Records: 0  Duplicates: 0  Warnings: 0

Query OK, 0 rows affected (0.80 sec)
Records: 0  Duplicates: 0  Warnings: 0

Query OK, 0 rows affected (0.17 sec)

Query OK, 1746937 rows affected (5 min 21.44 sec)
Records: 1746937  Duplicates: 0  Warnings: 0

Query OK, 0 rows affected (6.31 sec)
Records: 0  Duplicates: 0  Warnings: 0

+---------+
| devices |
+---------+
|  136551 |
+---------+
1 row in set (0.05 sec)

+-----------------------+
| clientcontractdevices |
+-----------------------+
|               1746937 |
+-----------------------+
1 row in set (0.76 sec)

Query OK, 0 rows affected (0.12 sec)

Query OK, 136471 rows affected (7.57 sec)
Records: 136471  Duplicates: 0  Warnings: 0

+---------------------------+
| rep_clientcontractdevices |
+---------------------------+
|                    136471 |
+---------------------------+
1 row in set (0.05 sec)

Database changed
Query OK, 0 rows affected (0.02 sec)

Query OK, 0 rows affected (0.01 sec)

Query OK, 283542 rows affected (9.08 sec)
Records: 283542  Deleted: 0  Skipped: 0  Warnings: 0

Query OK, 0 rows affected (0.74 sec)
Records: 0  Duplicates: 0  Warnings: 0

Query OK, 0 rows affected (0.67 sec)
Records: 0  Duplicates: 0  Warnings: 0

Query OK, 0 rows affected (0.69 sec)
Records: 0  Duplicates: 0  Warnings: 0

Query OK, 0 rows affected (0.61 sec)
Records: 0  Duplicates: 0  Warnings: 0

+---------+
| tickets |
+---------+
|  283542 |
+---------+
1 row in set (0.09 sec)

Database changed
Query OK, 0 rows affected (0.00 sec)

Query OK, 0 rows affected (0.03 sec)

Empty set (0.01 sec)

Query OK, 0 rows affected (0.01 sec)
Records: 0  Duplicates: 0  Warnings: 0

Query OK, 354 rows affected, 2 warnings (0.01 sec)
Records: 354  Deleted: 0  Skipped: 0  Warnings: 2

+-----------------+
| tickettechusers |
+-----------------+
|             354 |
+-----------------+
1 row in set (0.00 sec)

Database changed
Query OK, 0 rows affected (0.01 sec)

Query OK, 0 rows affected (0.01 sec)

Query OK, 0 rows affected (0.01 sec)
Records: 0  Duplicates: 0  Warnings: 0

Query OK, 613362 rows affected, 45565 warnings (12.28 sec)
Records: 613362  Deleted: 0  Skipped: 0  Warnings: 45565

+-------------------+
| ticketassignments |
+-------------------+
|            613362 |
+-------------------+
1 row in set (0.19 sec)

Database changed
Query OK, 0 rows affected (0.05 sec)

Query OK, 0 rows affected (0.00 sec)

Query OK, 1251732 rows affected (17.75 sec)
Records: 1251732  Deleted: 0  Skipped: 0  Warnings: 0

Query OK, 0 rows affected (6.11 sec)
Records: 0  Duplicates: 0  Warnings: 0

Query OK, 0 rows affected (3.79 sec)
Records: 0  Duplicates: 0  Warnings: 0

Query OK, 0 rows affected (2.37 sec)
Records: 0  Duplicates: 0  Warnings: 0

Query OK, 0 rows affected (3.32 sec)
Records: 0  Duplicates: 0  Warnings: 0

+----------------+
| ticketcomments |
+----------------+
|        1251732 |
+----------------+
1 row in set (0.41 sec)

Database changed
Query OK, 0 rows affected (0.01 sec)

Query OK, 0 rows affected (0.01 sec)

Query OK, 446267 rows affected (47.39 sec)
Records: 446267  Deleted: 0  Skipped: 0  Warnings: 0

Query OK, 0 rows affected (2.52 sec)
Records: 0  Duplicates: 0  Warnings: 0

+----------+
| comments |
+----------+
|   446267 |
+----------+
1 row in set (0.16 sec)

Database changed
Query OK, 0 rows affected (0.04 sec)

Query OK, 0 rows affected (0.00 sec)

Query OK, 1248463 rows affected, 65535 warnings (1 min 12.68 sec)
Records: 1248463  Deleted: 0  Skipped: 0  Warnings: 1248479

Query OK, 0 rows affected (6.84 sec)
Records: 0  Duplicates: 0  Warnings: 0

Query OK, 0 rows affected (3.56 sec)
Records: 0  Duplicates: 0  Warnings: 0

Query OK, 0 rows affected (3.42 sec)
Records: 0  Duplicates: 0  Warnings: 0

Query OK, 0 rows affected (3.51 sec)
Records: 0  Duplicates: 0  Warnings: 0

Query OK, 0 rows affected (5.26 sec)
Records: 0  Duplicates: 0  Warnings: 0

+------------+
| devicesold |
+------------+
|    1248463 |
+------------+
1 row in set (0.44 sec)

Database changed
Query OK, 0 rows affected (0.03 sec)

Query OK, 0 rows affected (0.00 sec)

Query OK, 1740339 rows affected (28.65 sec)
Records: 1740339  Deleted: 0  Skipped: 0  Warnings: 0

Query OK, 0 rows affected (9.43 sec)
Records: 0  Duplicates: 0  Warnings: 0

Query OK, 0 rows affected (7.02 sec)
Records: 0  Duplicates: 0  Warnings: 0

Query OK, 0 rows affected (6.38 sec)
Records: 0  Duplicates: 0  Warnings: 0

+------------------+
| contractservices |
+------------------+
|          1740339 |
+------------------+
1 row in set (0.65 sec)

Database changed
Query OK, 0 rows affected (0.12 sec)

Query OK, 0 rows affected (0.04 sec)

Query OK, 4102553 rows affected (2 min 29.03 sec)
Records: 4102553  Deleted: 0  Skipped: 0  Warnings: 0

Query OK, 0 rows affected (15.47 sec)
Records: 0  Duplicates: 0  Warnings: 0

Query OK, 0 rows affected (16.48 sec)
Records: 0  Duplicates: 0  Warnings: 0

Query OK, 0 rows affected (15.82 sec)
Records: 0  Duplicates: 0  Warnings: 0

Query OK, 0 rows affected (15.23 sec)
Records: 0  Duplicates: 0  Warnings: 0

+------------------+
| invoicescontents |
+------------------+
|          4102553 |
+------------------+
1 row in set (1.67 sec)

Database changed
Query OK, 0 rows affected (0.23 sec)

Query OK, 0 rows affected (0.01 sec)

Query OK, 2872013 rows affected (3 min 35.02 sec)
Records: 2872013  Deleted: 0  Skipped: 0  Warnings: 0

Query OK, 0 rows affected (14.73 sec)
Records: 0  Duplicates: 0  Warnings: 0

Query OK, 0 rows affected (11.47 sec)
Records: 0  Duplicates: 0  Warnings: 0

Query OK, 0 rows affected (12.11 sec)
Records: 0  Duplicates: 0  Warnings: 0

Query OK, 0 rows affected (14.07 sec)
Records: 0  Duplicates: 0  Warnings: 0

Query OK, 0 rows affected (11.93 sec)
Records: 0  Duplicates: 0  Warnings: 0

+----------------+
| invoicesheader |
+----------------+
|        2872013 |
+----------------+
1 row in set (0.95 sec)

Database changed
Query OK, 0 rows affected (0.10 sec)

Query OK, 0 rows affected (0.01 sec)

Query OK, 2936750 rows affected (1 min 33.46 sec)
Records: 2936750  Deleted: 0  Skipped: 0  Warnings: 0

Query OK, 0 rows affected (9.49 sec)
Records: 0  Duplicates: 0  Warnings: 0

Query OK, 0 rows affected (9.95 sec)
Records: 0  Duplicates: 0  Warnings: 0

Query OK, 0 rows affected (9.69 sec)
Records: 0  Duplicates: 0  Warnings: 0

Query OK, 0 rows affected (9.90 sec)
Records: 0  Duplicates: 0  Warnings: 0

+---------+
| casa    |
+---------+
| 2936750 |
+---------+
1 row in set (0.95 sec)

Query OK, 0 rows affected (0.00 sec)

Query OK, 14135 rows affected (1 min 32.45 sec)
Records: 14135  Duplicates: 0  Warnings: 0

+--------------------+
| rep_paycol_channel |
+--------------------+
|              14135 |
+--------------------+
1 row in set (0.01 sec)

Query OK, 0 rows affected (0.01 sec)

Query OK, 10168 rows affected (1 min 48.40 sec)
Records: 10168  Duplicates: 0  Warnings: 0

+----------------+
| rep_paycol_pos |
+----------------+
|          10168 |
+----------------+
1 row in set (0.00 sec)

Database changed
Query OK, 0 rows affected (0.01 sec)

Query OK, 0 rows affected (0.04 sec)

Database changed
Query OK, 39172 rows affected (0.98 sec)
Records: 39172  Deleted: 0  Skipped: 0  Warnings: 0

+-------+
| users |
+-------+
| 39172 |
+-------+
1 row in set (0.02 sec)

Query OK, 0 rows affected (0.07 sec)
Records: 0  Duplicates: 0  Warnings: 0

Database changed
Query OK, 0 rows affected (0.05 sec)

Query OK, 0 rows affected (0.00 sec)

Query OK, 1872898 rows affected, 2 warnings (34.92 sec)
Records: 1872898  Deleted: 0  Skipped: 0  Warnings: 2

Query OK, 0 rows affected (7.49 sec)
Records: 0  Duplicates: 0  Warnings: 0

Query OK, 0 rows affected (5.75 sec)
Records: 0  Duplicates: 0  Warnings: 0

Query OK, 0 rows affected (5.71 sec)
Records: 0  Duplicates: 0  Warnings: 0

Query OK, 0 rows affected (5.76 sec)
Records: 0  Duplicates: 0  Warnings: 0

Query OK, 0 rows affected (5.87 sec)
Records: 0  Duplicates: 0  Warnings: 0

+-------------+
| useractions |
+-------------+
|     1872898 |
+-------------+
1 row in set (0.62 sec)

Database changed
Query OK, 0 rows affected (0.44 sec)

Query OK, 0 rows affected (0.00 sec)

Database changed
Query OK, 18153703 rows affected (4 min 12.34 sec)
Records: 18153703  Deleted: 0  Skipped: 0  Warnings: 0

Query OK, 0 rows affected (1 min 21.21 sec)
Records: 0  Duplicates: 0  Warnings: 0

Query OK, 0 rows affected (1 min 15.92 sec)
Records: 0  Duplicates: 0  Warnings: 0

Query OK, 0 rows affected (1 min 18.24 sec)
Records: 0  Duplicates: 0  Warnings: 0

Query OK, 0 rows affected (1 min 14.13 sec)
Records: 0  Duplicates: 0  Warnings: 0

Query OK, 0 rows affected (1 min 46.96 sec)
Records: 0  Duplicates: 0  Warnings: 0

+----------+
| ipusage1 |
+----------+
| 18153703 |
+----------+
1 row in set (33.57 sec)

Query OK, 0 rows affected (0.37 sec)

Query OK, 18325094 rows affected, 65535 warnings (14 min 0.40 sec)
Records: 18325094  Duplicates: 0  Warnings: 18320136

Query OK, 0 rows affected (1 min 18.27 sec)
Records: 0  Duplicates: 0  Warnings: 0

Query OK, 0 rows affected (1 min 19.54 sec)
Records: 0  Duplicates: 0  Warnings: 0

Query OK, 0 rows affected (1 min 25.07 sec)
Records: 0  Duplicates: 0  Warnings: 0

Query OK, 0 rows affected (1 min 13.97 sec)
Records: 0  Duplicates: 0  Warnings: 0

Query OK, 0 rows affected (1 min 58.66 sec)
Records: 0  Duplicates: 0  Warnings: 0

Query OK, 0 rows affected (2 min 5.29 sec)
Records: 0  Duplicates: 0  Warnings: 0

Query OK, 0 rows affected (2 min 3.82 sec)
Records: 0  Duplicates: 0  Warnings: 0

+----------+
| ipusage  |
+----------+
| 18325094 |
+----------+
1 row in set (10.95 sec)

Query OK, 0 rows affected (0.33 sec)

Query OK, 4529140 rows affected (4 min 53.48 sec)
Records: 4529140  Duplicates: 0  Warnings: 0

Query OK, 0 rows affected (19.18 sec)
Records: 0  Duplicates: 0  Warnings: 0

Query OK, 0 rows affected (13.72 sec)
Records: 0  Duplicates: 0  Warnings: 0

Query OK, 0 rows affected (21.19 sec)
Records: 0  Duplicates: 0  Warnings: 0

Query OK, 0 rows affected (27.96 sec)
Records: 0  Duplicates: 0  Warnings: 0

Query OK, 0 rows affected (16.75 sec)
Records: 0  Duplicates: 0  Warnings: 0

Query OK, 0 rows affected (0.23 sec)

Query OK, 381133 rows affected (38.62 sec)
Records: 381133  Duplicates: 0  Warnings: 0

Query OK, 0 rows affected (1.51 sec)
Records: 0  Duplicates: 0  Warnings: 0

Query OK, 0 rows affected (1.25 sec)
Records: 0  Duplicates: 0  Warnings: 0

Query OK, 0 rows affected (1.46 sec)
Records: 0  Duplicates: 0  Warnings: 0

Query OK, 0 rows affected (0.84 sec)
Records: 0  Duplicates: 0  Warnings: 0

Query OK, 0 rows affected (0.81 sec)
Records: 0  Duplicates: 0  Warnings: 0

Query OK, 0 rows affected (0.99 sec)
Records: 0  Duplicates: 0  Warnings: 0

Query OK, 0 rows affected (0.84 sec)
Records: 0  Duplicates: 0  Warnings: 0

Query OK, 0 rows affected (0.01 sec)

Query OK, 1740134 rows affected (1 min 46.98 sec)
Records: 1740134  Duplicates: 0  Warnings: 0

Query OK, 0 rows affected (8.96 sec)
Records: 0  Duplicates: 0  Warnings: 0

Query OK, 0 rows affected (3.91 sec)
Records: 0  Duplicates: 0  Warnings: 0

Query OK, 0 rows affected (6.59 sec)
Records: 0  Duplicates: 0  Warnings: 0

mysql> mysql \. C:\workspace\cloud\code\sql\_DailyScript\currenttime.sql
+---------------------+
| currenttime         |
+---------------------+
| 2020-05-14 10:02:10 |
+---------------------+
1 row in set (0.00 sec)

mysql> 
mysql> mysql \. C:\workspace\cloud\code\sql\_DailyScript\ticket_analysis.sql
Database changed
Query OK, 0 rows affected (0.08 sec)

Query OK, 612702 rows affected (31.70 sec)
Records: 612702  Duplicates: 0  Warnings: 0

Query OK, 0 rows affected (6.10 sec)
Records: 0  Duplicates: 0  Warnings: 0

Query OK, 0 rows affected (1.71 sec)
Records: 0  Duplicates: 0  Warnings: 0

Query OK, 0 rows affected (2.22 sec)
Records: 0  Duplicates: 0  Warnings: 0

Query OK, 0 rows affected (0.01 sec)

Query OK, 20009 rows affected (12.76 sec)
Records: 20009  Duplicates: 0  Warnings: 0

Query OK, 0 rows affected, 1 warning (0.00 sec)

Query OK, 86168 rows affected (7.34 sec)
Records: 86168  Duplicates: 0  Warnings: 0

Query OK, 0 rows affected, 1 warning (0.00 sec)

Query OK, 443265 rows affected (13.75 sec)
Records: 443265  Duplicates: 0  Warnings: 0

Query OK, 0 rows affected, 1 warning (0.00 sec)

Query OK, 443265 rows affected (14.52 sec)
Records: 443265  Duplicates: 0  Warnings: 0

Query OK, 0 rows affected (0.02 sec)

Query OK, 86236 rows affected (5.82 sec)
Records: 86236  Duplicates: 0  Warnings: 0

Database changed
Query OK, 0 rows affected (0.00 sec)

Query OK, 0 rows affected (0.03 sec)

Query OK, 612702 rows affected (25.36 sec)
Records: 612702  Duplicates: 0  Warnings: 0

Query OK, 0 rows affected (0.04 sec)

Query OK, 305914 rows affected (19.54 sec)
Records: 305914  Duplicates: 0  Warnings: 0

+--------------------------+
| clientticket_cmmtjourney |
+--------------------------+
|                   612702 |
+--------------------------+
1 row in set (4.89 sec)

+---------------------------+
| clientticket_assgnjourney |
+---------------------------+
|                    305914 |
+---------------------------+
1 row in set (0.41 sec)

Query OK, 0 rows affected (0.01 sec)

Query OK, 73 rows affected (0.11 sec)
Records: 73  Duplicates: 0  Warnings: 0

mysql> mysql \. C:\workspace\cloud\code\sql\_DailyScript\currenttime.sql
+---------------------+
| currenttime         |
+---------------------+
| 2020-05-14 10:04:36 |
+---------------------+
1 row in set (0.00 sec)

mysql> 
mysql> mysql \. C:\workspace\cloud\code\sql\_DailyScript\load_DailyCalls.sql
Database changed
Query OK, 372 rows affected (1.03 sec)
Records: 372  Deleted: 0  Skipped: 0  Warnings: 0

Query OK, 0 rows affected, 1 warning (0.00 sec)

Query OK, 366 rows affected (0.38 sec)
Records: 366  Duplicates: 0  Warnings: 0

Query OK, 0 rows affected, 1 warning (0.00 sec)

Query OK, 66733 rows affected (0.86 sec)
Records: 66733  Duplicates: 0  Warnings: 0

+----------------------+
| callingclientsbefore |
+----------------------+
|               922412 |
+----------------------+
1 row in set (2.08 sec)

Query OK, 503 rows affected (9.26 sec)
Records: 503  Duplicates: 0  Warnings: 0

+---------------------+
| callingclientsafter |
+---------------------+
|              922915 |
+---------------------+
1 row in set (0.30 sec)

Query OK, 0 rows affected (0.02 sec)

Query OK, 260 rows affected (56.52 sec)
Records: 260  Duplicates: 0  Warnings: 0

Query OK, 0 rows affected (0.00 sec)

Query OK, 18468 rows affected (3.97 sec)
Records: 18468  Duplicates: 0  Warnings: 0

+-----------+
| callstats |
+-----------+
|     18468 |
+-----------+
1 row in set (0.01 sec)

Query OK, 0 rows affected, 1 warning (0.00 sec)

Query OK, 503 rows affected (24.42 sec)
Records: 503  Duplicates: 0  Warnings: 0

+------------------------+
| rep_cccallreportbefore |
+------------------------+
|                 926966 |
+------------------------+
1 row in set (0.37 sec)

Query OK, 503 rows affected (0.66 sec)
Records: 503  Duplicates: 0  Warnings: 0

+-----------------------+
| rep_cccallreportafter |
+-----------------------+
|                927469 |
+-----------------------+
1 row in set (0.28 sec)

Query OK, 0 rows affected (0.01 sec)

mysql> mysql \. C:\workspace\cloud\code\sql\_DailyScript\currenttime.sql
+---------------------+
| currenttime         |
+---------------------+
| 2020-05-14 10:06:17 |
+---------------------+
1 row in set (0.00 sec)

mysql> 
mysql> mysql \. C:\workspace\cloud\code\sql\_DailyScript\DAILY-SCRIPT-USAGE.sql
Database changed
Query OK, 0 rows affected (0.00 sec)

Query OK, 8487 rows affected, 24605 warnings (5.55 sec)
Records: 8487  Deleted: 0  Skipped: 0  Warnings: 24605

Query OK, 0 rows affected (0.00 sec)

Query OK, 13208 rows affected, 38175 warnings (5.63 sec)
Records: 13208  Deleted: 0  Skipped: 0  Warnings: 38175

Query OK, 0 rows affected (0.00 sec)

Query OK, 306 rows affected, 1091 warnings (0.07 sec)
Records: 306  Deleted: 0  Skipped: 0  Warnings: 1091

Query OK, 0 rows affected (0.00 sec)

Query OK, 212 rows affected, 719 warnings (0.28 sec)
Records: 212  Deleted: 0  Skipped: 0  Warnings: 719

+------------+
| dailyusage |
+------------+
|   12198464 |
+------------+
1 row in set (45.15 sec)

+------------+------------+------------+---------+
| datestart  | dateend    | insertedon | records |
+------------+------------+------------+---------+
| 2020-05-13 | 2020-05-13 | 2020-05-14 |   22213 |
| 2020-05-12 | 2020-05-12 | 2020-05-13 |   23052 |
| 2020-05-11 | 2020-05-11 | 2020-05-12 |   22018 |
| 2020-05-10 | 2020-05-10 | 2020-05-11 |   22145 |
| 2020-05-09 | 2020-05-09 | 2020-05-10 |   22923 |
+------------+------------+------------+---------+
5 rows in set (5 min 57.58 sec)

mysql> mysql \. C:\workspace\cloud\code\sql\_DailyScript\currenttime.sql
+---------------------+
| currenttime         |
+---------------------+
| 2020-05-14 10:13:11 |
+---------------------+
1 row in set (0.01 sec)

mysql> 
mysql> mysql \. C:\workspace\cloud\code\sql\_DailyScript\DAILY-SCRIPT-SALES-TELEMETRY.sql
Database changed
Query OK, 96 rows affected, 94 warnings (0.11 sec)
Records: 96  Deleted: 0  Skipped: 0  Warnings: 94

+------------+
| dailysales |
+------------+
|     194976 |
+------------+
1 row in set (0.72 sec)

Query OK, 0 rows affected (0.01 sec)

Query OK, 194976 rows affected (22.64 sec)
Records: 194976  Duplicates: 0  Warnings: 0

+--------+
| sales  |
+--------+
| 194976 |
+--------+
1 row in set (0.09 sec)

Query OK, 0 rows affected (0.04 sec)

Query OK, 3132 rows affected (0.38 sec)
Records: 3132  Duplicates: 0  Warnings: 0

+----------------+
| rep_dailysales |
+----------------+
|           3132 |
+----------------+
1 row in set (0.00 sec)

Query OK, 0 rows affected (0.00 sec)

Query OK, 3132 rows affected (0.56 sec)
Records: 3132  Duplicates: 0  Warnings: 0

+-------------------+
| rep_dailysalesreg |
+-------------------+
|              3132 |
+-------------------+
1 row in set (0.00 sec)

Query OK, 0 rows affected (0.00 sec)

Query OK, 2721 rows affected (0.85 sec)
Records: 2721  Duplicates: 0  Warnings: 0

+-----------+
| saleslist |
+-----------+
|      2721 |
+-----------+
1 row in set (0.00 sec)

Database changed
ERROR 2 (HY000): File 'C:\ProgramData\MySQL\MySQL Server 5.7\Uploads\_csv\PrepaidCardSales-13052020-P1.csv' not found (Errcode: 2 - No such file or directory)
+------------------+
| dailysinglesales |
+------------------+
|             6266 |
+------------------+
1 row in set (0.21 sec)

Database changed
Query OK, 14 rows affected (0.06 sec)
Records: 14  Deleted: 0  Skipped: 0  Warnings: 0

+-----------------+
| dailyaddonsales |
+-----------------+
|           19386 |
+-----------------+
1 row in set (0.33 sec)

Query OK, 152 rows affected (0.60 sec)
Records: 152  Deleted: 0  Skipped: 0  Warnings: 0

+----------------+
| onlinepayments |
+----------------+
|          98111 |
+----------------+
1 row in set (0.34 sec)

+-------------+----------------+---------------------+
| paymentdate | onlinepayments | onlinepaymentamount |
+-------------+----------------+---------------------+
| 2020-05-13  |            152 |         90016.06000 |
| 2020-05-12  |            157 |         88675.47000 |
| 2020-05-11  |            154 |         98326.56000 |
| 2020-05-10  |            104 |         65830.72000 |
| 2020-05-09  |            149 |         93753.25000 |
+-------------+----------------+---------------------+
5 rows in set (6.45 sec)

+-------------+--------------+----------------+---------------------+
| paymentyear | paymentmonth | onlinepayments | onlinepaymentamount |
+-------------+--------------+----------------+---------------------+
|        2020 |            5 |           2666 |       1720677.34000 |
|        2020 |            4 |           7837 |       4979458.33000 |
|        2020 |            3 |           4932 |       3198124.05000 |
|        2020 |            2 |           3434 |       2334711.58000 |
|        2020 |            1 |           3598 |       2395112.36000 |
+-------------+--------------+----------------+---------------------+
5 rows in set (0.11 sec)

mysql> mysql \. C:\workspace\cloud\code\sql\_DailyScript\currenttime.sql
+---------------------+
| currenttime         |
+---------------------+
| 2020-05-14 10:13:45 |
+---------------------+
1 row in set (0.00 sec)

mysql> 
mysql> mysql \. C:\workspace\cloud\code\sql\_DailyScript\DAILY-SCRIPT-ACTIVENUMBERS.sql
Database changed
Query OK, 1154 rows affected (1.50 sec)
Records: 1154  Deleted: 0  Skipped: 0  Warnings: 0

+------------+----------+
| period     | count(1) |
+------------+----------+
| 2020-05-13 |     1154 |
| 2020-05-12 |     1152 |
| 2020-05-11 |     1150 |
| 2020-05-10 |     1148 |
| 2020-05-09 |     1148 |
+------------+----------+
5 rows in set (0.01 sec)

Query OK, 0 rows affected (0.06 sec)

Query OK, 81 rows affected (1.67 sec)
Records: 81  Duplicates: 0  Warnings: 0

+-------------+
| packagelist |
+-------------+
|          81 |
+-------------+
1 row in set (0.00 sec)

Database changed
Query OK, 0 rows affected (0.02 sec)

Query OK, 0 rows affected (0.00 sec)

Query OK, 0 rows affected (0.00 sec)

Query OK, 0 rows affected (0.00 sec)

Query OK, 27776 rows affected, 208 warnings (1 min 30.59 sec)
Records: 27776  Deleted: 0  Skipped: 0  Warnings: 208

+------------+----------+
| period     | count(1) |
+------------+----------+
| 2020-05-13 |    27776 |
| 2020-05-12 |    27722 |
| 2020-05-11 |    27664 |
| 2020-05-10 |    27522 |
| 2020-05-09 |    27585 |
+------------+----------+
5 rows in set (0.47 sec)

Query OK, 0 rows affected (0.07 sec)

Query OK, 27180 rows affected (6 min 14.07 sec)
Records: 27180  Duplicates: 0  Warnings: 0

Query OK, 0 rows affected (0.76 sec)
Records: 0  Duplicates: 0  Warnings: 0

Query OK, 0 rows affected (0.24 sec)
Records: 0  Duplicates: 0  Warnings: 0

Query OK, 0 rows affected (0.11 sec)
Records: 0  Duplicates: 0  Warnings: 0

Query OK, 0 rows affected (0.09 sec)
Records: 0  Duplicates: 0  Warnings: 0

Query OK, 0 rows affected (0.07 sec)
Records: 0  Duplicates: 0  Warnings: 0

Query OK, 0 rows affected (0.15 sec)
Records: 0  Duplicates: 0  Warnings: 0

+-------------+
| countbefore |
+-------------+
|    35796457 |
+-------------+
1 row in set (2 min 12.80 sec)

Query OK, 27180 rows affected (57.14 sec)
Records: 27180  Duplicates: 0  Warnings: 0

+------------+
| countafter |
+------------+
|   35823637 |
+------------+
1 row in set (21.98 sec)

+------------+--------------------------+
| period     | customercontractactivity |
+------------+--------------------------+
| 2020-05-13 |                    27180 |
| 2020-05-12 |                    27127 |
| 2020-05-11 |                    27069 |
| 2020-05-10 |                    26928 |
| 2020-05-09 |                    26991 |
+------------+--------------------------+
5 rows in set (0.06 sec)

Query OK, 0 rows affected (0.10 sec)

Query OK, 264257 rows affected (27 min 17.37 sec)
Records: 264257  Duplicates: 0  Warnings: 0

Query OK, 0 rows affected (1.02 sec)
Records: 0  Duplicates: 0  Warnings: 0

Query OK, 0 rows affected (1.10 sec)
Records: 0  Duplicates: 0  Warnings: 0

Query OK, 0 rows affected (1.21 sec)
Records: 0  Duplicates: 0  Warnings: 0

Query OK, 0 rows affected (0.01 sec)

Query OK, 181 rows affected (0.58 sec)
Records: 181  Duplicates: 0  Warnings: 0

Query OK, 0 rows affected (0.01 sec)

Query OK, 2541 rows affected (0.63 sec)
Records: 2541  Duplicates: 0  Warnings: 0

Query OK, 0 rows affected (0.01 sec)

Query OK, 27162 rows affected (0.76 sec)
Records: 27162  Duplicates: 0  Warnings: 0

Query OK, 0 rows affected (0.01 sec)

Query OK, 17120 rows affected (0.43 sec)
Records: 17120  Duplicates: 0  Warnings: 0

Query OK, 0 rows affected (0.00 sec)

Query OK, 17120 rows affected (0.14 sec)
Records: 17120  Duplicates: 0  Warnings: 0

Query OK, 0 rows affected (0.02 sec)

Query OK, 17120 rows affected (1.94 sec)
Records: 17120  Duplicates: 0  Warnings: 0

Query OK, 0 rows affected (0.03 sec)

Query OK, 17120 rows affected (50.47 sec)
Records: 17120  Duplicates: 0  Warnings: 0

+-------------+
| clientstats |
+-------------+
|       17120 |
+-------------+
1 row in set (0.01 sec)

Query OK, 0 rows affected (0.00 sec)

Query OK, 12 rows affected, 1 warning (0.10 sec)
Records: 12  Duplicates: 0  Warnings: 1

+-----------------------+-------------+-------------+----------------+-----------------+
| services              | activecount | allaccounts | uniqueaccounts | uniquecontracts |
+-----------------------+-------------+-------------+----------------+-----------------+
| All                   |         303 |          51 |             51 |             163 |
| Internet & Voice      |         424 |         194 |            194 |             379 |
| Internet Only         |        4327 |        4237 |           4232 |            4278 |
| OTT Only              |           2 |           2 |              2 |               2 |
| TV & Internet         |        9440 |        4225 |           4218 |            8578 |
| TV & Internet & OTT   |        2993 |         794 |            794 |            1636 |
| TV & Internet & Voice |         512 |         151 |            151 |             462 |
| TV & OTT              |         360 |          63 |             62 |              81 |
| TV & Voice            |          82 |          38 |             38 |              77 |
| TV Only               |        9300 |        7216 |           7208 |            7400 |
| Voice Only            |         150 |         149 |            149 |             150 |
| GRAND TOTAL           |       27893 |       17120 |          17050 |           23206 |
+-----------------------+-------------+-------------+----------------+-----------------+
12 rows in set (0.00 sec)

+-------------+-------------+-------------+----------------+-----------------+
| network     | activecount | allaccounts | uniqueaccounts | uniquecontracts |
+-------------+-------------+-------------+----------------+-----------------+
| ADDON       |          16 |          11 |             11 |              11 |
| GPON        |        8751 |        4366 |           4363 |            6859 |
| HFC         |       19126 |       12743 |          12743 |           16336 |
| GRAND TOTAL |       27893 |       17120 |          17050 |           23206 |
+-------------+-------------+-------------+----------------+-----------------+
4 rows in set, 1 warning (0.12 sec)

+-------------+-----------------------+-------------+-------------+----------------+-----------------+
| network     | services              | activecount | allaccounts | uniqueaccounts | uniquecontracts |
+-------------+-----------------------+-------------+-------------+----------------+-----------------+
| ADDON       | OTT Only              |           2 |           2 |              2 |               2 |
| ADDON       | TV & OTT              |           8 |           3 |              3 |               3 |
| ADDON       | TV Only               |           6 |           6 |              6 |               6 |
| ADDON       | Services Total        |          16 |          11 |             11 |              11 |
| GPON        | All                   |         165 |          28 |             28 |              89 |
| GPON        | Internet & Voice      |          77 |          33 |             33 |              67 |
| GPON        | Internet Only         |        1093 |        1021 |           1021 |            1046 |
| GPON        | TV & Internet         |        3713 |        1610 |           1610 |            3306 |
| GPON        | TV & Internet & OTT   |        1729 |         453 |            453 |             941 |
| GPON        | TV & Internet & Voice |         203 |          59 |             59 |             183 |
| GPON        | TV & OTT              |         112 |          23 |             23 |              27 |
| GPON        | TV & Voice            |          28 |          12 |             12 |              25 |
| GPON        | TV Only               |        1618 |        1114 |           1114 |            1162 |
| GPON        | Voice Only            |          13 |          13 |             13 |              13 |
| GPON        | Services Total        |        8751 |        4366 |           4363 |            6859 |
| HFC         | All                   |         138 |          23 |             23 |              74 |
| HFC         | Internet & Voice      |         347 |         161 |            161 |             312 |
| HFC         | Internet Only         |        3234 |        3216 |           3216 |            3232 |
| HFC         | TV & Internet         |        5727 |        2615 |           2615 |            5272 |
| HFC         | TV & Internet & OTT   |        1264 |         341 |            341 |             695 |
| HFC         | TV & Internet & Voice |         309 |          92 |             92 |             279 |
| HFC         | TV & OTT              |         240 |          37 |             37 |              51 |
| HFC         | TV & Voice            |          54 |          26 |             26 |              52 |
| HFC         | TV Only               |        7676 |        6096 |           6096 |            6232 |
| HFC         | Voice Only            |         137 |         136 |            136 |             137 |
| HFC         | Services Total        |       19126 |       12743 |          12743 |           16336 |
| GRAND TOTAL | Services Total        |       27893 |       17120 |          17050 |           23206 |
+-------------+-----------------------+-------------+-------------+----------------+-----------------+
27 rows in set, 2 warnings (0.15 sec)

Query OK, 0 rows affected (0.00 sec)

Query OK, 47 rows affected, 3 warnings (0.20 sec)
Records: 47  Duplicates: 0  Warnings: 3

+-------------+---------------+-----------------------+-------------+-------------+----------------+-----------------+
| region      | network       | services              | activecount | allaccounts | uniqueaccounts | uniquecontracts |
+-------------+---------------+-----------------------+-------------+-------------+----------------+-----------------+
| Eden Island | GPON          | TV & Internet         |           2 |           1 |              1 |               2 |
| Eden Island | GPON          | Services Total        |           2 |           1 |              1 |               2 |
| Eden Island | Network Total | Services Total        |           2 |           1 |              1 |               2 |
| Mahe        | ADDON         | OTT Only              |           2 |           2 |              2 |               2 |
| Mahe        | ADDON         | TV & OTT              |           8 |           3 |              3 |               3 |
| Mahe        | ADDON         | TV Only               |           2 |           2 |              2 |               2 |
| Mahe        | ADDON         | Services Total        |          12 |           7 |              7 |               7 |
| Mahe        | GPON          | All                   |         152 |          26 |             26 |              83 |
| Mahe        | GPON          | Internet & Voice      |          65 |          27 |             27 |              55 |
| Mahe        | GPON          | Internet Only         |         879 |         809 |            809 |             832 |
| Mahe        | GPON          | TV & Internet         |        2854 |        1227 |           1227 |            2523 |
| Mahe        | GPON          | TV & Internet & OTT   |        1281 |         326 |            326 |             675 |
| Mahe        | GPON          | TV & Internet & Voice |         184 |          54 |             54 |             166 |
| Mahe        | GPON          | TV & OTT              |         102 |          18 |             18 |              22 |
| Mahe        | GPON          | TV & Voice            |          28 |          12 |             12 |              25 |
| Mahe        | GPON          | TV Only               |        1288 |         868 |            868 |             906 |
| Mahe        | GPON          | Voice Only            |          11 |          11 |             11 |              11 |
| Mahe        | GPON          | Services Total        |        6844 |        3378 |           3378 |            5298 |
| Mahe        | HFC           | All                   |         138 |          23 |             23 |              74 |
| Mahe        | HFC           | Internet & Voice      |         347 |         161 |            161 |             312 |
| Mahe        | HFC           | Internet Only         |        3233 |        3215 |           3215 |            3231 |
| Mahe        | HFC           | TV & Internet         |        5727 |        2615 |           2615 |            5272 |
| Mahe        | HFC           | TV & Internet & OTT   |        1264 |         341 |            341 |             695 |
| Mahe        | HFC           | TV & Internet & Voice |         309 |          92 |             92 |             279 |
| Mahe        | HFC           | TV & OTT              |         240 |          37 |             37 |              51 |
| Mahe        | HFC           | TV & Voice            |          54 |          26 |             26 |              52 |
| Mahe        | HFC           | TV Only               |        7671 |        6093 |           6093 |            6229 |
| Mahe        | HFC           | Voice Only            |         137 |         136 |            136 |             137 |
| Mahe        | HFC           | Services Total        |       19120 |       12739 |          12739 |           16332 |
| Mahe        | Network Total | Services Total        |       25976 |       16124 |          16060 |           21637 |
| Praslin     | ADDON         | TV Only               |           4 |           4 |              4 |               4 |
| Praslin     | ADDON         | Services Total        |           4 |           4 |              4 |               4 |
| Praslin     | GPON          | All                   |          13 |           2 |              2 |               6 |
| Praslin     | GPON          | Internet & Voice      |          12 |           6 |              6 |              12 |
| Praslin     | GPON          | Internet Only         |         214 |         212 |            212 |             214 |
| Praslin     | GPON          | TV & Internet         |         857 |         382 |            382 |             781 |
| Praslin     | GPON          | TV & Internet & OTT   |         448 |         127 |            127 |             266 |
| Praslin     | GPON          | TV & Internet & Voice |          19 |           5 |              5 |              17 |
| Praslin     | GPON          | TV & OTT              |          10 |           5 |              5 |               5 |
| Praslin     | GPON          | TV Only               |         330 |         246 |            246 |             256 |
| Praslin     | GPON          | Voice Only            |           2 |           2 |              2 |               2 |
| Praslin     | GPON          | Services Total        |        1905 |         987 |            987 |            1559 |
| Praslin     | HFC           | Internet Only         |           1 |           1 |              1 |               1 |
| Praslin     | HFC           | TV Only               |           5 |           3 |              3 |               3 |
| Praslin     | HFC           | Services Total        |           6 |           4 |              4 |               4 |
| Praslin     | Network Total | Services Total        |        1915 |         995 |            992 |            1567 |
| GRAND TOTAL | Network Total | Services Total        |       27893 |       17120 |          17050 |           23206 |
+-------------+---------------+-----------------------+-------------+-------------+----------------+-----------------+
47 rows in set (0.00 sec)

Query OK, 0 rows affected (0.01 sec)

Query OK, 27163 rows affected (0.60 sec)
Records: 27163  Duplicates: 0  Warnings: 0

Query OK, 0 rows affected (0.01 sec)

Query OK, 2033 rows affected (18.77 sec)
Records: 2033  Duplicates: 0  Warnings: 0

+--------------------------------------+
| message                              |
+--------------------------------------+
| running rcbill_my.sp_ActiveNumber2() |
+--------------------------------------+
1 row in set (0.00 sec)

Query OK, 365 rows affected (4 min 3.35 sec)

mysql> mysql \. C:\workspace\cloud\code\sql\_DailyScript\currenttime.sql
+---------------------+
| currenttime         |
+---------------------+
| 2020-05-14 10:57:46 |
+---------------------+
1 row in set (0.00 sec)

mysql> 
mysql> mysql \. C:\workspace\cloud\code\sql\_DailyScript\GetActiveNumbers Average -Pivot.sql
Database changed
+-------------------------------------+
| @today := subdate(current_date(),1) |
+-------------------------------------+
| 2020-05-13                          |
+-------------------------------------+
1 row in set (0.00 sec)

+-------------------------------------+
| @lastdayofmonth := last_day(@today) |
+-------------------------------------+
| 2020-05-31                          |
+-------------------------------------+
1 row in set (0.00 sec)

Query OK, 0 rows affected (0.01 sec)

Query OK, 38766 rows affected, 65535 warnings (1 min 3.73 sec)
Records: 38766  Duplicates: 0  Warnings: 79902

Query OK, 0 rows affected (0.33 sec)
Records: 0  Duplicates: 0  Warnings: 0

Query OK, 0 rows affected (0.18 sec)
Records: 0  Duplicates: 0  Warnings: 0

Query OK, 0 rows affected (0.12 sec)
Records: 0  Duplicates: 0  Warnings: 0

+-----------------+
| activenumberavg |
+-----------------+
|           38766 |
+-----------------+
1 row in set (0.01 sec)

Query OK, 0 rows affected (0.01 sec)

Query OK, 1860 rows affected (0.57 sec)
Records: 1860  Duplicates: 0  Warnings: 0

+---------------------+
| rep_activenumberavg |
+---------------------+
|                1860 |
+---------------------+
1 row in set (0.00 sec)

+----------------------+
| rep_activenumberavg1 |
+----------------------+
|                  873 |
+----------------------+
1 row in set (0.00 sec)

Query OK, 0 rows affected (0.00 sec)

Query OK, 2005 rows affected (0.42 sec)
Records: 2005  Duplicates: 0  Warnings: 0

Query OK, 0 rows affected (0.11 sec)

Query OK, 10228 rows affected (0.76 sec)
Records: 10228  Duplicates: 0  Warnings: 0

Query OK, 0 rows affected (0.00 sec)

Query OK, 0 rows affected (0.00 sec)

Query OK, 0 rows affected (0.01 sec)

Query OK, 0 rows affected (0.00 sec)

Query OK, 0 rows affected (0.00 sec)
Statement prepared

Query OK, 53 rows affected (0.04 sec)
Records: 53  Duplicates: 0  Warnings: 0

Query OK, 0 rows affected (0.00 sec)

Query OK, 0 rows affected (0.00 sec)

+----------------------+
| rep_activenumberavg2 |
+----------------------+
|                 2005 |
+----------------------+
1 row in set (0.00 sec)

+------------------------+
| rep_activenumberavg_pv |
+------------------------+
|                     53 |
+------------------------+
1 row in set (0.00 sec)

Query OK, 0 rows affected (0.01 sec)

Query OK, 2005 rows affected (0.36 sec)
Records: 2005  Duplicates: 0  Warnings: 0

Query OK, 0 rows affected (0.00 sec)

Query OK, 0 rows affected (0.01 sec)

Query OK, 0 rows affected (0.01 sec)

Query OK, 0 rows affected (0.00 sec)

Query OK, 0 rows affected (0.00 sec)
Statement prepared

Query OK, 53 rows affected (0.05 sec)
Records: 53  Duplicates: 0  Warnings: 0

Query OK, 0 rows affected (0.00 sec)

Query OK, 0 rows affected (0.00 sec)

+-------------------------+
| rep_activenumberavgMahe |
+-------------------------+
|                    2005 |
+-------------------------+
1 row in set (0.00 sec)

+----------------------------+
| rep_activenumberavgMahe_pv |
+----------------------------+
|                         53 |
+----------------------------+
1 row in set (0.00 sec)

Query OK, 0 rows affected (0.00 sec)

Query OK, 1283 rows affected (0.16 sec)
Records: 1283  Duplicates: 0  Warnings: 0

Query OK, 0 rows affected (0.00 sec)

Query OK, 0 rows affected (0.00 sec)

Query OK, 0 rows affected (0.00 sec)

Query OK, 0 rows affected (0.00 sec)

Query OK, 0 rows affected (0.00 sec)
Statement prepared

Query OK, 40 rows affected (0.03 sec)
Records: 40  Duplicates: 0  Warnings: 0

Query OK, 0 rows affected (0.00 sec)

Query OK, 0 rows affected (0.00 sec)

+----------------------------+
| rep_activenumberavgPraslin |
+----------------------------+
|                       1283 |
+----------------------------+
1 row in set (0.00 sec)

+-------------------------------+
| rep_activenumberavgPraslin_pv |
+-------------------------------+
|                            40 |
+-------------------------------+
1 row in set (0.00 sec)

mysql> mysql \. C:\workspace\cloud\code\sql\_DailyScript\currenttime.sql
+---------------------+
| currenttime         |
+---------------------+
| 2020-05-14 10:58:53 |
+---------------------+
1 row in set (0.00 sec)

mysql> 
mysql> mysql \. C:\workspace\cloud\code\sql\_DailyScript\budget_actual_analysis_2020.sql
Query OK, 0 rows affected (0.00 sec)

Query OK, 757 rows affected, 3 warnings (0.33 sec)
Records: 757  Duplicates: 0  Warnings: 3

+--------------------+
| budget_actual_2020 |
+--------------------+
|                757 |
+--------------------+
1 row in set (0.00 sec)

Query OK, 0 rows affected (0.01 sec)

Query OK, 47 rows affected (0.04 sec)
Records: 47  Duplicates: 0  Warnings: 0

+---------------------------+
| rep_budget_actual_2020_pv |
+---------------------------+
|                        47 |
+---------------------------+
1 row in set (0.00 sec)

mysql> mysql \. C:\workspace\cloud\code\sql\_DailyScript\currenttime.sql
+---------------------+
| currenttime         |
+---------------------+
| 2020-05-14 10:58:53 |
+---------------------+
1 row in set (0.00 sec)

mysql> 
mysql> mysql \. C:\workspace\cloud\code\sql\_DailyScript\reports-sales-addons-prepaid-camera.sql
Database changed
Query OK, 0 rows affected (0.01 sec)

Query OK, 4069 rows affected (0.74 sec)
Records: 4069  Duplicates: 0  Warnings: 0

Query OK, 0 rows affected (0.01 sec)

Query OK, 19429 rows affected (4 min 4.55 sec)
Records: 19429  Duplicates: 0  Warnings: 0

+--------------------+
| rep_prepaid_camera |
+--------------------+
|               4069 |
+--------------------+
1 row in set (0.01 sec)

+-----------+
| rep_addon |
+-----------+
|     19429 |
+-----------+
1 row in set (0.01 sec)

mysql> mysql \. C:\workspace\cloud\code\sql\_DailyScript\currenttime.sql
+---------------------+
| currenttime         |
+---------------------+
| 2020-05-14 11:02:59 |
+---------------------+
1 row in set (0.00 sec)

mysql> 
mysql> mysql \. C:\workspace\cloud\code\sql\_DailyScript\housing-estate-analysis.sql
Database changed
Query OK, 0 rows affected (0.02 sec)

Query OK, 3099 rows affected (8 min 44.97 sec)
Records: 3099  Duplicates: 0  Warnings: 0

+--------------------+
| rep_housingestates |
+--------------------+
|               3099 |
+--------------------+
1 row in set (0.00 sec)

mysql> mysql \. C:\workspace\cloud\code\sql\_DailyScript\currenttime.sql
+---------------------+
| currenttime         |
+---------------------+
| 2020-05-14 11:11:44 |
+---------------------+
1 row in set (0.00 sec)

mysql> 
mysql> mysql \. C:\workspace\cloud\code\sql\_DailyScript\RCB_ClientAnalyticsReport_Script.sql
Database changed
Query OK, 0 rows affected (0.00 sec)

Query OK, 0 rows affected (0.11 sec)

Query OK, 1878400 rows affected (1 min 41.02 sec)
Records: 1878400  Duplicates: 0  Warnings: 0

Query OK, 0 rows affected (7.56 sec)
Records: 0  Duplicates: 0  Warnings: 0

Query OK, 0 rows affected (5.81 sec)
Records: 0  Duplicates: 0  Warnings: 0

Query OK, 0 rows affected (9.47 sec)
Records: 0  Duplicates: 0  Warnings: 0

Query OK, 0 rows affected (9.69 sec)
Records: 0  Duplicates: 0  Warnings: 0

Query OK, 0 rows affected (9.84 sec)
Records: 0  Duplicates: 0  Warnings: 0

Query OK, 0 rows affected (9.01 sec)
Records: 0  Duplicates: 0  Warnings: 0

Query OK, 0 rows affected (0.00 sec)

Query OK, 478040 rows affected (17.48 sec)
Rows matched: 1878400  Changed: 478040  Warnings: 0

Query OK, 0 rows affected (0.02 sec)

Query OK, 28013 rows affected (4.85 sec)
Records: 28013  Duplicates: 0  Warnings: 0

Query OK, 0 rows affected (0.02 sec)

Query OK, 43467 rows affected (11 min 38.72 sec)
Records: 43467  Duplicates: 0  Warnings: 0

Query OK, 0 rows affected (0.21 sec)
Records: 0  Duplicates: 0  Warnings: 0

Query OK, 0 rows affected (0.18 sec)
Records: 0  Duplicates: 0  Warnings: 0

Query OK, 0 rows affected (0.11 sec)
Records: 0  Duplicates: 0  Warnings: 0

Query OK, 0 rows affected (0.02 sec)

Query OK, 447158 rows affected (15 min 48.58 sec)
Records: 447158  Duplicates: 0  Warnings: 0

Query OK, 0 rows affected (2.13 sec)
Records: 0  Duplicates: 0  Warnings: 0

Query OK, 0 rows affected (1.80 sec)
Records: 0  Duplicates: 0  Warnings: 0

Query OK, 0 rows affected (0.91 sec)
Records: 0  Duplicates: 0  Warnings: 0

Query OK, 0 rows affected (3.08 sec)
Records: 0  Duplicates: 0  Warnings: 0

Query OK, 0 rows affected (1.47 sec)
Records: 0  Duplicates: 0  Warnings: 0

Query OK, 0 rows affected (0.07 sec)

Query OK, 43467 rows affected (1 min 36.94 sec)
Records: 43467  Duplicates: 0  Warnings: 0

+--------------+
| clientreport |
+--------------+
|        43467 |
+--------------+
1 row in set (0.02 sec)

Query OK, 0 rows affected (0.02 sec)

Query OK, 43467 rows affected (6.80 sec)
Records: 43467  Duplicates: 0  Warnings: 0

+----------------------+
| clientextendedreport |
+----------------------+
|                43467 |
+----------------------+
1 row in set (0.02 sec)

Query OK, 0 rows affected (0.05 sec)

Query OK, 43467 rows affected (4 min 55.08 sec)
Records: 43467  Duplicates: 0  Warnings: 0

+---------+
| allcust |
+---------+
|   43467 |
+---------+
1 row in set (0.02 sec)

Query OK, 0 rows affected, 1 warning (0.00 sec)

Query OK, 5000 rows affected (0.19 sec)
Records: 5000  Duplicates: 0  Warnings: 0

Query OK, 0 rows affected (0.00 sec)

Query OK, 6880 rows affected (0.48 sec)
Records: 6880  Duplicates: 0  Warnings: 0

Query OK, 0 rows affected, 1 warning (0.00 sec)

Query OK, 5000 rows affected (0.15 sec)
Records: 5000  Duplicates: 0  Warnings: 0

Query OK, 0 rows affected (0.01 sec)

Query OK, 7291 rows affected (0.19 sec)
Records: 7291  Duplicates: 0  Warnings: 0

mysql> mysql \. C:\workspace\cloud\code\sql\_DailyScript\currenttime.sql
+---------------------+
| currenttime         |
+---------------------+
| 2020-05-14 11:48:56 |
+---------------------+
1 row in set (0.00 sec)

mysql> 
mysql> 
mysql> mysql \. C:\workspace\cloud\code\sql\_DailyScript\REVENUE_PER_NODE_MXK.sql
Query OK, 0 rows affected (0.01 sec)

Query OK, 0 rows affected (0.01 sec)

Query OK, 0 rows affected (0.01 sec)

Query OK, 5969 rows affected (3.45 sec)
Records: 5969  Duplicates: 0  Warnings: 0

+----------------------+
| message              |
+----------------------+
| created temp table a |
+----------------------+
1 row in set (0.00 sec)

Query OK, 6250 rows affected (2.18 sec)
Records: 6250  Duplicates: 0  Warnings: 0

+----------------------+
| message              |
+----------------------+
| created temp table b |
+----------------------+
1 row in set (0.00 sec)

Query OK, 0 rows affected, 1 warning (0.00 sec)

Query OK, 6289 rows affected (13.77 sec)
Records: 6289  Duplicates: 0  Warnings: 0

+--------------------------------+
| message                        |
+--------------------------------+
| created rcbill_my.tempcustmxk1 |
+--------------------------------+
1 row in set (0.00 sec)

Query OK, 0 rows affected (0.00 sec)

Query OK, 0 rows affected (0.00 sec)

Query OK, 0 rows affected, 1 warning (0.00 sec)

Query OK, 5969 rows affected (1.41 sec)
Records: 5969  Duplicates: 0  Warnings: 0

+----------------+
| message        |
+----------------+
| created temp a |
+----------------+
1 row in set (0.00 sec)

Query OK, 6250 rows affected (0.74 sec)
Records: 6250  Duplicates: 0  Warnings: 0

+----------------+
| message        |
+----------------+
| created temp b |
+----------------+
1 row in set (0.00 sec)

Query OK, 0 rows affected, 1 warning (0.00 sec)

Query OK, 6349 rows affected (9.10 sec)
Records: 6349  Duplicates: 0  Warnings: 0

+--------------------------------+
| message                        |
+--------------------------------+
| created rcbill_my.tempcustmxk2 |
+--------------------------------+
1 row in set (0.00 sec)

Query OK, 0 rows affected (0.00 sec)

Query OK, 0 rows affected (0.00 sec)

Query OK, 0 rows affected, 1 warning (0.00 sec)

Query OK, 0 rows affected (0.02 sec)

Query OK, 7084 rows affected (0.35 sec)
Records: 7084  Duplicates: 0  Warnings: 0

+---------------------------------+
| message                         |
+---------------------------------+
| created rcbill_my.customers_mxk |
+---------------------------------+
1 row in set (0.00 sec)

Query OK, 0 rows affected (0.00 sec)

Query OK, 0 rows affected (0.00 sec)

Query OK, 14082 rows affected (5.99 sec)
Records: 14082  Duplicates: 0  Warnings: 0

+----------------+
| message        |
+----------------+
| created temp a |
+----------------+
1 row in set (0.00 sec)

Query OK, 20149 rows affected (3.91 sec)
Records: 20149  Duplicates: 0  Warnings: 0

+----------------+
| message        |
+----------------+
| created temp c |
+----------------+
1 row in set (0.00 sec)

Query OK, 0 rows affected, 1 warning (0.00 sec)

Query OK, 27626 rows affected (0.58 sec)
Records: 27626  Duplicates: 0  Warnings: 0

+---------------------------------+
| message                         |
+---------------------------------+
| created rcbill_my.tempcustcmts1 |
+---------------------------------+
1 row in set (0.00 sec)

Query OK, 0 rows affected (0.00 sec)

Query OK, 0 rows affected, 1 warning (0.00 sec)

Query OK, 0 rows affected (0.01 sec)

Query OK, 14082 rows affected (5.87 sec)
Records: 14082  Duplicates: 0  Warnings: 0

+----------------+
| message        |
+----------------+
| created temp a |
+----------------+
1 row in set (0.00 sec)

Query OK, 20149 rows affected (1.45 sec)
Records: 20149  Duplicates: 0  Warnings: 0

+----------------+
| message        |
+----------------+
| created temp c |
+----------------+
1 row in set (0.00 sec)

Query OK, 0 rows affected, 1 warning (0.00 sec)

Query OK, 20840 rows affected (0.30 sec)
Records: 20840  Duplicates: 0  Warnings: 0

+---------------------------------+
| message                         |
+---------------------------------+
| created rcbill_my.tempcustcmts2 |
+---------------------------------+
1 row in set (0.00 sec)

Query OK, 0 rows affected (0.01 sec)

Query OK, 0 rows affected, 1 warning (0.00 sec)

Query OK, 0 rows affected (0.01 sec)

Query OK, 0 rows affected (0.01 sec)

Query OK, 14184 rows affected (1.05 sec)
Records: 14184  Duplicates: 0  Warnings: 0

+----------------------------------+
| message                          |
+----------------------------------+
| created rcbill_my.customers_cmts |
+----------------------------------+
1 row in set (0.00 sec)

Query OK, 0 rows affected (0.00 sec)

Query OK, 0 rows affected (0.00 sec)

Query OK, 0 rows affected (0.13 sec)

Query OK, 18305 rows affected (0.87 sec)
Records: 18305  Duplicates: 0  Warnings: 0

+--------------------------------------+
| message                              |
+--------------------------------------+
| created rcbill_my.customers_cmts_mxk |
+--------------------------------------+
1 row in set (0.00 sec)

Query OK, 473496 rows affected (1 min 16.16 sec)
Records: 473496  Duplicates: 0  Warnings: 0

+----------------+
| message        |
+----------------+
| created temp a |
+----------------+
1 row in set (0.00 sec)

Query OK, 0 rows affected (0.40 sec)

Query OK, 474204 rows affected (15.38 sec)
Records: 474204  Duplicates: 0  Warnings: 0

+------------------------------------------------+
| message                                        |
+------------------------------------------------+
| created rcbill_my.customers_contracts_cmts_mxk |
+------------------------------------------------+
1 row in set (0.00 sec)

Query OK, 0 rows affected (0.01 sec)

Query OK, 0 rows affected, 1 warning (0.00 sec)

Query OK, 0 rows affected, 1 warning (0.00 sec)

Query OK, 0 rows affected (0.00 sec)

Query OK, 8426 rows affected (3.49 sec)
Rows matched: 8426  Changed: 8426  Warnings: 0

+------------------------------------------------+
| message                                        |
+------------------------------------------------+
| updated rcbill_my.customers_contracts_cmts_mxk |
+------------------------------------------------+
1 row in set (0.00 sec)

Query OK, 0 rows affected (0.15 sec)

Query OK, 1870556 rows affected (4 min 50.80 sec)
Records: 1870556  Duplicates: 0  Warnings: 0

+----------------------------------------+
| message                                |
+----------------------------------------+
| created rcbill_my.customers_collection |
+----------------------------------------+
1 row in set (0.00 sec)

Query OK, 0 rows affected (0.04 sec)

Query OK, 2158702 rows affected (2 min 10.02 sec)
Records: 2158702  Duplicates: 0  Warnings: 0

+------------------------------------------------+
| message                                        |
+------------------------------------------------+
| created rcbill_my.customers_cmts_mxk_cont_coll |
+------------------------------------------------+
1 row in set (0.00 sec)

Query OK, 0 rows affected (0.08 sec)

Query OK, 433534 rows affected (2 min 58.50 sec)
Records: 433534  Duplicates: 0  Warnings: 0

+--------------------------------------------------------+
| message                                                |
+--------------------------------------------------------+
| created rcbill_my.customers_contracts_collection_pivot |
+--------------------------------------------------------+
1 row in set (0.00 sec)

Query OK, 0 rows affected (0.17 sec)

Query OK, 39540 rows affected (2 min 45.95 sec)
Records: 39540  Duplicates: 0  Warnings: 0

+----------------------------------------------+
| message                                      |
+----------------------------------------------+
| created rcbill_my.customers_collection_pivot |
+----------------------------------------------+
1 row in set (0.00 sec)

Query OK, 0 rows affected (0.03 sec)

Query OK, 43467 rows affected (3.57 sec)
Records: 43467  Duplicates: 0  Warnings: 0

+--------------------------------------------+
| message                                    |
+--------------------------------------------+
| created rcbill_my.rep_customers_collection |
+--------------------------------------------+
1 row in set (0.00 sec)

Query OK, 0 rows affected (0.00 sec)

Query OK, 0 rows affected, 1 warning (0.00 sec)

Query OK, 440930 rows affected (17.14 sec)
Records: 440930  Duplicates: 0  Warnings: 0

+-------------------------+
| message                 |
+-------------------------+
| created rcbill_my.tempa |
+-------------------------+
1 row in set (0.00 sec)

Query OK, 0 rows affected, 1 warning (0.00 sec)

Query OK, 433534 rows affected (26.76 sec)
Records: 433534  Duplicates: 0  Warnings: 0

+-------------------------+
| message                 |
+-------------------------+
| created rcbill_my.tempb |
+-------------------------+
1 row in set (0.00 sec)

Query OK, 440930 rows affected (37.09 sec)
Records: 440930  Duplicates: 0  Warnings: 0

+-----------+
| message   |
+-----------+
| created a |
+-----------+
1 row in set (0.00 sec)

Query OK, 433544 rows affected (38.31 sec)
Records: 433544  Duplicates: 0  Warnings: 0

+-----------+
| message   |
+-----------+
| created b |
+-----------+
1 row in set (0.00 sec)

Query OK, 0 rows affected (0.02 sec)

Query OK, 0 rows affected (0.02 sec)

Query OK, 0 rows affected (0.06 sec)

Query OK, 477330 rows affected (59.86 sec)
Records: 477330  Duplicates: 0  Warnings: 0

+----------------------------------------------+
| message                                      |
+----------------------------------------------+
| created rcbill_my.cust_cont_payment_cmts_mxk |
+----------------------------------------------+
1 row in set (0.00 sec)

Query OK, 0 rows affected (0.02 sec)

Query OK, 0 rows affected (0.01 sec)

Query OK, 0 rows affected, 1 warning (0.00 sec)

Query OK, 0 rows affected (0.20 sec)

Query OK, 43467 rows affected (21.32 sec)
Records: 43467  Duplicates: 0  Warnings: 0

+--------------------------------------------------+
| message                                          |
+--------------------------------------------------+
| created rcbill_my.rep_cust_cont_payment_cmts_mxk |
+--------------------------------------------------+
1 row in set (0.00 sec)

Query OK, 0 rows affected, 1 warning (0.00 sec)

Query OK, 0 rows affected, 1 warning (0.00 sec)

Query OK, 0 rows affected (0.01 sec)

Query OK, 43467 rows affected, 5 warnings (12.49 sec)
Records: 43467  Duplicates: 0  Warnings: 5

+----------------------+
| rep_custconsolidated |
+----------------------+
|                43467 |
+----------------------+
1 row in set (1.09 sec)

Query OK, 0 rows affected (0.00 sec)

Query OK, 0 rows affected (0.01 sec)

+----------------------------------------------+
| message                                      |
+----------------------------------------------+
| creating rcbill_my.retentioncustomeractivity |
+----------------------------------------------+
1 row in set (0.00 sec)

Query OK, 865 rows affected (0.16 sec)
Records: 865  Duplicates: 0  Warnings: 0

+---------------------------+
| retentioncustomeractivity |
+---------------------------+
|                       865 |
+---------------------------+
1 row in set (0.00 sec)

+-----------+------------------------------------+------------+-------------+-----------------+------------------+---------------------+-------------------+
| HFC_NODE  | NODENAME                           | CMTS_DATE  | INSERTED_ON | UNIQUE_ACCOUNTS | UNIQUE_CONTRACTS | UNIQUE_MAC_INRCBOSS | UNIQUE_MAC_INCMTS |
+-----------+------------------------------------+------------+-------------+-----------------+------------------+---------------------+-------------------+
| NULL      | NULL                               | NULL       | 2020-05-14  |            6492 |             6838 |                6869 |                 0 |
| C5/0/0/U0 | ANSE-BOILEAU-2                     | 2020-04-22 | 2020-05-14  |             187 |              194 |                 187 |               188 |
| C5/0/0/U1 | 500-C3-ANSE-BOILEAU                | 2020-04-22 | 2020-05-14  |             184 |              187 |                 184 |               185 |
| C5/0/1/U0 | 501-C4-LA-MISIERE-LEFT-I           | 2020-04-22 | 2020-05-14  |             166 |              173 |                 166 |               170 |
| C5/0/1/U1 | 501-C5-LA-MISIERE-RIGHT            | 2020-04-22 | 2020-05-14  |             110 |              114 |                 111 |               115 |
| C5/0/1/U2 | 501-C7-LA-MISIERE-LEFT-II          | 2020-04-22 | 2020-05-14  |             155 |              157 |                 155 |               157 |
| C5/0/2/U0 | 502-C8-LA-LOUISE                   | 2020-04-22 | 2020-05-14  |             150 |              150 |                 150 |               154 |
| C5/0/2/U1 | LA-LOUISE-2                        | 2020-04-22 | 2020-05-14  |             139 |              141 |                 139 |               142 |
| C5/0/3/U0 | 504-C6-PETIT-PARIS                 | 2020-04-22 | 2020-05-14  |             155 |              160 |                 155 |               158 |
| C5/0/3/U1 | PETIT-PARIS-23                     | 2020-04-22 | 2020-05-14  |              79 |               80 |                  79 |                81 |
| C5/0/4/U0 | FOUR-SEASONS                       | 2020-04-22 | 2020-05-14  |               1 |                1 |                   1 |                 1 |
| C5/0/4/U1 | ANCHOR-CAFE-I                      | 2020-04-22 | 2020-05-14  |             145 |              147 |                 145 |               147 |
| C5/0/4/U2 | ANCHOR-CAFE-II                     | 2020-04-22 | 2020-05-14  |             161 |              165 |                 161 |               161 |
| C5/1/0/U0 | POINTE-LARUE-AIRPORT-23            | 2020-04-22 | 2020-05-14  |              82 |               87 |                  83 |                84 |
| C5/1/0/U1 | PPROVIDENCE-23                     | 2020-04-22 | 2020-05-14  |              17 |               18 |                  18 |                19 |
| C5/1/0/U2 | ROSHE-CAIMAN-23                    | 2020-04-22 | 2020-05-14  |               6 |                7 |                   6 |                 6 |
| C5/1/0/U3 | HEAD-OFFICE | HO-23                | 2020-04-22 | 2020-05-14  |              22 |               23 |                  22 |                22 |
| C5/1/1/U1 | C5-UNION-VALE                      | 2020-04-22 | 2020-05-14  |             202 |              205 |                 202 |               203 |
| C5/1/3/U0 | POINTE-LARUE-AIRPORT-27            | 2020-04-22 | 2020-05-14  |             165 |              168 |                 165 |               171 |
| C5/1/3/U1 | PPROVIDENCE-27                     | 2020-04-22 | 2020-05-14  |              21 |               21 |                  21 |                21 |
| C5/1/3/U2 | ROSHE-CAIMAN-27                    | 2020-04-22 | 2020-05-14  |              35 |               35 |                  34 |                35 |
| C5/1/3/U3 | HEAD-OFFICE | HO-27                | 2020-04-22 | 2020-05-14  |              17 |               17 |                  17 |                17 |
| C5/1/4/U0 | ANSE-ROYALE-27                     | 2020-04-22 | 2020-05-14  |             102 |              103 |                 102 |               103 |
| C5/1/4/U1 | GLACIS-2-57                        | 2020-04-22 | 2020-05-14  |              82 |               87 |                  82 |                82 |
| C5/1/4/U2 | NULL                               | 2020-04-22 | 2020-05-14  |              96 |               99 |                  96 |                98 |
| C5/1/4/U3 | GLACIS-1                           | 2020-04-22 | 2020-05-14  |              41 |               43 |                  41 |                43 |
| C6/0/1/U0 | SERRET-ROAD-RIGHT/CURIO/PASCAL     | 2020-04-22 | 2020-05-14  |             126 |              126 |                 126 |               127 |
| C6/0/1/U1 | SERRET-ROAD-LEFT/ST.LOUIS/TOWN     | 2020-04-22 | 2020-05-14  |             132 |              136 |                 132 |               134 |
| C6/0/1/U2 | SERRET-ROAD-RIGHT/CURIO/PASCAL-2   | 2020-04-22 | 2020-05-14  |             121 |              124 |                 121 |               122 |
| C6/0/1/U3 | SERRET-ROAD-LEFT/ST.LOUIS/TOWN-2   | 2020-04-22 | 2020-05-14  |             134 |              139 |                 134 |               135 |
| C6/0/2/U0 | SANS-SOUCIS-I                      | 2020-04-22 | 2020-05-14  |              91 |               94 |                  92 |                92 |
| C6/0/2/U1 | SANS-SOUCIS-II                     | 2020-04-22 | 2020-05-14  |             130 |              133 |                 129 |               133 |
| C6/0/2/U2 | BEL-AIR-27                         | 2020-04-22 | 2020-05-14  |              99 |              101 |                  99 |               101 |
| C6/0/2/U3 | BEL-AIR-38                         | 2020-04-22 | 2020-05-14  |              99 |              104 |                  99 |               103 |
| C6/0/3/U0 | LES-MAMELLES-23                    | 2020-04-22 | 2020-05-14  |              78 |               78 |                  78 |                80 |
| C6/0/3/U1 | VICTORIA-23                        | 2020-04-22 | 2020-05-14  |              34 |               35 |                  35 |                38 |
| C6/0/4/U0 | LES-MAMELLES-27                    | 2020-04-22 | 2020-05-14  |              76 |               76 |                  76 |                79 |
| C6/0/4/U1 | VICTORIA-27                        | 2020-04-22 | 2020-05-14  |              10 |               11 |                  10 |                10 |
| C7/1/0/U0 | LA-RETRAITE-23                     | 2020-04-22 | 2020-05-14  |             111 |              117 |                 111 |               111 |
| C7/1/0/U1 | TEA-FACTORY-23                     | 2020-04-22 | 2020-05-14  |              22 |               27 |                  22 |                22 |
| C7/1/0/U2 | PAS-23                             | 2020-04-22 | 2020-05-14  |              85 |               89 |                  85 |                87 |
| C7/1/1/U0 | REEF-ESTATE-23                     | 2020-04-22 | 2020-05-14  |              76 |               78 |                  76 |                77 |
| C7/1/2/U0 | LA-RETRAITE-27                     | 2020-04-22 | 2020-05-14  |              81 |               82 |                  81 |                82 |
| C7/1/2/U1 | TEA-FACTORY-27                     | 2020-04-22 | 2020-05-14  |              27 |               32 |                  30 |                31 |
| C7/1/2/U2 | PAS-27                             | 2020-04-22 | 2020-05-14  |             105 |              106 |                 105 |               109 |
| C7/1/3/U0 | MT-BUXTON-27                       | 2020-04-22 | 2020-05-14  |             162 |              163 |                 162 |               164 |
| C7/1/3/U1 | MT-BUXTON-23                       | 2020-04-22 | 2020-05-14  |              80 |               81 |                  80 |                80 |
| C7/1/4/U0 | REEF-ESTATE-27                     | 2020-04-22 | 2020-05-14  |              91 |               91 |                  91 |                91 |
| C8/0/0/U0 | POLICE-ACADEMY-1-27 - POINTE LARUE | 2020-04-22 | 2020-05-14  |             229 |              231 |                 228 |               232 |
| C8/0/0/U1 | NULL                               | 2020-04-22 | 2020-05-14  |             113 |              118 |                 114 |               117 |
| C8/0/1/U0 | NULL                               | 2020-04-22 | 2020-05-14  |             176 |              177 |                 176 |               177 |
| C8/0/1/U1 | POLICE-ACADEMY-2-27 - TURTLE BAY   | 2020-04-22 | 2020-05-14  |             143 |              146 |                 144 |               147 |
| C8/0/2/U0 | BEAU-VALLON-LEFT-1-57              | 2020-04-22 | 2020-05-14  |              39 |               40 |                  39 |                40 |
| C8/0/3/U1 | BEAU-VALLON-RIGHT-2-57             | 2020-04-22 | 2020-05-14  |              92 |               97 |                  92 |                93 |
| C8/1/0/U0 | MA-JOIE-NODE-27                    | 2020-04-22 | 2020-05-14  |             109 |              112 |                 109 |               109 |
| C8/1/0/U1 | BELONIE-27                         | 2020-04-22 | 2020-05-14  |             152 |              155 |                 151 |               151 |
| C8/1/0/U3 | MA-JOIE-NODE-23                    | 2020-04-22 | 2020-05-14  |             102 |              103 |                 101 |               102 |
| C8/1/1/U0 | 611-C1-ROJN I                      | 2020-04-22 | 2020-05-14  |             123 |              125 |                 123 |               126 |
| C8/1/1/U1 | 611-C5-ROJN II                     | 2020-04-22 | 2020-05-14  |             117 |              117 |                 117 |               119 |
| C8/1/2/U0 | 612-C2-ANSE-ETOILE                 | 2020-04-22 | 2020-05-14  |             137 |              138 |                 137 |               137 |
| C8/1/2/U1 | ANSE-ETOILE-U2                     | 2020-04-22 | 2020-05-14  |              83 |               85 |                  83 |                83 |
| C8/1/3/U0 | 613-C3-ANSE-GAULETTE I             | 2020-04-22 | 2020-05-14  |              73 |               76 |                  73 |                74 |
| C8/1/3/U1 | 613-C7-ANSE-GAULETTE II            | 2020-04-22 | 2020-05-14  |              78 |               84 |                  79 |                79 |
| C8/1/3/U2 | 613-C3-ANSE-GAULETTE III           | 2020-04-22 | 2020-05-14  |              36 |               38 |                  36 |                36 |
| C8/1/3/U3 | TAKAMAKA I                         | 2020-04-22 | 2020-05-14  |             108 |              108 |                 108 |               108 |
| C8/1/3/U4 | TAKAMAKA II                        | 2020-04-22 | 2020-05-14  |             108 |              112 |                 108 |               109 |
| C8/1/4/U0 | 614-BEOLIERE-NODE-1                | 2020-04-22 | 2020-05-14  |             106 |              108 |                 106 |               111 |
| C8/1/4/U1 | 614-BEOLIERE-NODE-2                | 2020-04-22 | 2020-05-14  |             119 |              124 |                 120 |               121 |
+-----------+------------------------------------+------------+-------------+-----------------+------------------+---------------------+-------------------+
68 rows in set (0.38 sec)

+------------------+------------+-------------+-----------------+------------------+----------------------+-------------------+
| MXK_NAME         | MXK_DATE   | INSERTED_ON | UNIQUE_ACCOUNTS | UNIQUE_CONTRACTS | UNIQUE_FSAN_INRCBOSS | UNIQUE_FSAN_INMXK |
+------------------+------------+-------------+-----------------+------------------+----------------------+-------------------+
| NULL             | NULL       | 2020-05-14  |             715 |              731 |                  720 |                 0 |
| MXK-ANSEETOILE   | 2020-04-22 | 2020-05-14  |             293 |              297 |                  296 |               308 |
| MXK-ANSEROYALE   | 2020-04-22 | 2020-05-14  |             132 |              132 |                  132 |               154 |
| MXK-BEAUVALLON   | 2020-04-22 | 2020-05-14  |            1701 |             1723 |                 1714 |              1812 |
| MXK-MAHE         | 2020-04-22 | 2020-05-14  |             912 |              937 |                  869 |              1105 |
| MXK-PERSEVERANCE | 2020-04-22 | 2020-05-14  |             973 |              983 |                  982 |              1138 |
| MXK-PRASLIN      | 2020-04-22 | 2020-05-14  |            1238 |             1242 |                 1235 |              1435 |
+------------------+------------+-------------+-----------------+------------------+----------------------+-------------------+
7 rows in set (0.09 sec)

mysql> mysql \. C:\workspace\cloud\code\sql\_DailyScript\currenttime.sql
+---------------------+
| currenttime         |
+---------------------+
| 2020-05-14 12:07:47 |
+---------------------+
1 row in set (0.00 sec)

mysql> 
mysql> 
mysql> mysql \. C:\workspace\cloud\code\sql\Analysis\service_tickets_assignments.sql
Query OK, 0 rows affected (0.02 sec)

Query OK, 43448 rows affected (18.57 sec)
Records: 43448  Duplicates: 0  Warnings: 0

+-------------------------+
| rep_servicetickets_2020 |
+-------------------------+
|                   43448 |
+-------------------------+
1 row in set (0.05 sec)

mysql> mysql \. C:\workspace\cloud\code\sql\_DailyScript\currenttime.sql
+---------------------+
| currenttime         |
+---------------------+
| 2020-05-14 12:08:06 |
+---------------------+
1 row in set (0.00 sec)

mysql> 
mysql> 
mysql> exit
