    -> 
    -> mysql \. C:\workspace\cloud\code\sql\_DailyScript\_setdates.sql
Database changed
Query OK, 0 rows affected (0.00 sec)

Query OK, 0 rows affected (0.00 sec)

Query OK, 0 rows affected (0.00 sec)

Query OK, 0 rows affected (0.00 sec)

Query OK, 0 rows affected (0.00 sec)

Query OK, 0 rows affected (0.00 sec)

Query OK, 0 rows affected (0.00 sec)

Query OK, 0 rows affected (0.00 sec)

Query OK, 0 rows affected (0.00 sec)

Query OK, 0 rows affected (0.00 sec)

Query OK, 0 rows affected (0.00 sec)

Query OK, 0 rows affected (0.00 sec)

Query OK, 0 rows affected (0.00 sec)

Query OK, 0 rows affected (0.00 sec)

Query OK, 0 rows affected (0.00 sec)

Query OK, 0 rows affected (0.00 sec)

Query OK, 0 rows affected (0.00 sec)

Query OK, 0 rows affected (0.00 sec)

Query OK, 0 rows affected (0.00 sec)

Query OK, 0 rows affected (0.00 sec)

Query OK, 0 rows affected (0.00 sec)

mysql> mysql \. C:\workspace\cloud\code\sql\_DailyScript\currenttime.sql
+---------------------+
| currenttime         |
+---------------------+
| 2019-09-14 15:17:41 |
+---------------------+
1 row in set (0.00 sec)

mysql> 
mysql> mysql \. C:\workspace\cloud\code\sql\_DailyScript\DAILY-SCRIPT-TELEMETRY.sql
Database changed
ERROR 1064 (42000): You have an error in your SQL syntax; check the manual that corresponds to your MariaDB server version for the right syntax to use near '﻿ID ,
@Device ,
@Type ,
@Resource ,
@StartPosition ,
@EndTime ,
@Duration' at line 6
+------+-------------+------------------+-------+---------------+------------+---------+------+---------+-------------+
| id   | select_type | table            | type  | possible_keys | key        | key_len | ref  | rows    | Extra       |
+------+-------------+------------------+-------+---------------+------------+---------+------+---------+-------------+
|    1 | SIMPLE      | rcb_vodtelemetry | index | NULL          | IDXvodtel3 | 9       | NULL | 1486549 | Using index |
+------+-------------+------------------+-------+---------------+------------+---------+------+---------+-------------+
1 row in set (0.01 sec)

Database changed
ERROR 1064 (42000): You have an error in your SQL syntax; check the manual that corresponds to your MariaDB server version for the right syntax to use near '﻿ID ,
@Device ,
@Type ,
@Resource ,
@StartPosition ,
@EndTime ,
@Duration' at line 6
+------+-------------+------------------+-------+---------------+------------+---------+------+---------+-------------+
| id   | select_type | table            | type  | possible_keys | key        | key_len | ref  | rows    | Extra       |
+------+-------------+------------------+-------+---------------+------------+---------+------+---------+-------------+
|    1 | SIMPLE      | rcb_vodtelemetry | index | NULL          | IDXvodtel3 | 9       | NULL | 1486549 | Using index |
+------+-------------+------------------+-------+---------------+------------+---------+------+---------+-------------+
1 row in set (0.00 sec)

Database changed
ERROR 1064 (42000): You have an error in your SQL syntax; check the manual that corresponds to your MariaDB server version for the right syntax to use near '﻿ID ,
@Device ,
@Type ,
@Resource ,
@StartPosition ,
@EndTime ,
@Duration' at line 6
+------+-------------+-----------------+-------+---------------+-----------+---------+------+----------+-------------+
| id   | select_type | table           | type  | possible_keys | key       | key_len | ref  | rows     | Extra       |
+------+-------------+-----------------+-------+---------------+-----------+---------+------+----------+-------------+
|    1 | SIMPLE      | rcb_tstelemetry | index | NULL          | IDXtstel3 | 9       | NULL | 15527386 | Using index |
+------+-------------+-----------------+-------+---------------+-----------+---------+------+----------+-------------+
1 row in set (0.00 sec)

Database changed
ERROR 1064 (42000): You have an error in your SQL syntax; check the manual that corresponds to your MariaDB server version for the right syntax to use near '﻿ID ,
@Device ,
@Type ,
@Resource ,
@StartPosition ,
@EndTime ,
@Duration' at line 6
+------+-------------+---------------------+-------+---------------+---------------+---------+------+----------+-------------+
| id   | select_type | table               | type  | possible_keys | key           | key_len | ref  | rows     | Extra       |
+------+-------------+---------------------+-------+---------------+---------------+---------+------+----------+-------------+
|    1 | SIMPLE      | rcb_livetvtelemetry | index | NULL          | IDXlivetvtel3 | 9       | NULL | 44462445 | Using index |
+------+-------------+---------------------+-------+---------------+---------------+---------+------+----------+-------------+
1 row in set (0.00 sec)

Database changed
ERROR 1064 (42000): You have an error in your SQL syntax; check the manual that corresponds to your MariaDB server version for the right syntax to use near '﻿ID ,
@Device ,
@Type ,
@Resource ,
@StartPosition ,
@EndTime ,
@Duration' at line 6
+------+-------------+--------------------+-------+---------------+--------------+---------+------+--------+-------------+
| id   | select_type | table              | type  | possible_keys | key          | key_len | ref  | rows   | Extra       |
+------+-------------+--------------------+-------+---------------+--------------+---------+------+--------+-------------+
|    1 | SIMPLE      | rcb_radiotelemetry | index | NULL          | IDXradiotel3 | 9       | NULL | 182845 | Using index |
+------+-------------+--------------------+-------+---------------+--------------+---------+------+--------+-------------+
1 row in set (0.00 sec)

mysql> mysql \. C:\workspace\cloud\code\sql\_DailyScript\currenttime.sql
+---------------------+
| currenttime         |
+---------------------+
| 2019-09-14 15:17:41 |
+---------------------+
1 row in set (0.00 sec)

mysql> 
mysql> 
mysql> 
mysql> 
mysql> 
mysql> 
mysql> 
mysql> 
mysql> 
mysql> 
mysql> 
mysql> 
mysql> 
mysql> 
mysql> 
mysql> 
mysql> 
mysql> 
mysql> 
mysql> 
mysql> 
mysql> 
mysql> 
mysql> 
mysql> 
mysql> 
mysql> 
mysql> 
mysql> 
mysql> 
mysql> 
mysql> 
mysql> 
mysql> 
mysql> 
mysql> 
mysql> 
mysql> 
mysql> 
mysql> 
mysql> 
mysql> 
mysql> 
mysql> 
mysql> 
mysql> 
mysql> 
mysql> 
mysql> 
mysql> 
mysql> 
mysql> 
mysql> 
mysql> 
mysql> 
mysql> 
mysql> 
mysql> 
mysql> 
mysql> 
mysql> 
mysql> 
mysql> 
mysql> 
mysql> 
mysql> 
mysql> 
mysql> 
mysql> 
mysql> 
mysql> 
mysql> 
mysql> 
mysql> 
mysql> exit
    -> 
    -> mysql \. C:\workspace\cloud\code\sql\_DailyScript\_setdates.sql
Database changed
Query OK, 0 rows affected (0.00 sec)

Query OK, 0 rows affected (0.00 sec)

Query OK, 0 rows affected (0.00 sec)

Query OK, 0 rows affected (0.00 sec)

Query OK, 0 rows affected (0.00 sec)

Query OK, 0 rows affected (0.00 sec)

Query OK, 0 rows affected (0.00 sec)

Query OK, 0 rows affected (0.00 sec)

Query OK, 0 rows affected (0.00 sec)

Query OK, 0 rows affected (0.00 sec)

Query OK, 0 rows affected (0.00 sec)

Query OK, 0 rows affected (0.00 sec)

Query OK, 0 rows affected (0.00 sec)

Query OK, 0 rows affected (0.00 sec)

Query OK, 0 rows affected (0.00 sec)

Query OK, 0 rows affected (0.00 sec)

Query OK, 0 rows affected (0.00 sec)

Query OK, 0 rows affected (0.00 sec)

Query OK, 0 rows affected (0.00 sec)

Query OK, 0 rows affected (0.00 sec)

Query OK, 0 rows affected (0.00 sec)

mysql> mysql \. C:\workspace\cloud\code\sql\_DailyScript\currenttime.sql
+---------------------+
| currenttime         |
+---------------------+
| 2019-09-14 15:22:59 |
+---------------------+
1 row in set (0.00 sec)

mysql> 
mysql> mysql \. C:\workspace\cloud\code\sql\_DailyScript\DAILY-SCRIPT-TELEMETRY.sql
Database changed
ERROR 1064 (42000): You have an error in your SQL syntax; check the manual that corresponds to your MariaDB server version for the right syntax to use near '﻿ID ,
@Device ,
@Type ,
@Resource ,
@StartPosition ,
@EndTime ,
@Duration' at line 7
+------+-------------+------------------+-------+---------------+------------+---------+------+---------+-------------+
| id   | select_type | table            | type  | possible_keys | key        | key_len | ref  | rows    | Extra       |
+------+-------------+------------------+-------+---------------+------------+---------+------+---------+-------------+
|    1 | SIMPLE      | rcb_vodtelemetry | index | NULL          | IDXvodtel3 | 9       | NULL | 1486549 | Using index |
+------+-------------+------------------+-------+---------------+------------+---------+------+---------+-------------+
1 row in set (0.00 sec)

Database changed
ERROR 1064 (42000): You have an error in your SQL syntax; check the manual that corresponds to your MariaDB server version for the right syntax to use near '﻿ID ,
@Device ,
@Type ,
@Resource ,
@StartPosition ,
@EndTime ,
@Duration' at line 7
+------+-------------+------------------+-------+---------------+------------+---------+------+---------+-------------+
| id   | select_type | table            | type  | possible_keys | key        | key_len | ref  | rows    | Extra       |
+------+-------------+------------------+-------+---------------+------------+---------+------+---------+-------------+
|    1 | SIMPLE      | rcb_vodtelemetry | index | NULL          | IDXvodtel3 | 9       | NULL | 1486549 | Using index |
+------+-------------+------------------+-------+---------------+------------+---------+------+---------+-------------+
1 row in set (0.00 sec)

Database changed
ERROR 1064 (42000): You have an error in your SQL syntax; check the manual that corresponds to your MariaDB server version for the right syntax to use near '﻿ID ,
@Device ,
@Type ,
@Resource ,
@StartPosition ,
@EndTime ,
@Duration' at line 7
+------+-------------+-----------------+-------+---------------+-----------+---------+------+----------+-------------+
| id   | select_type | table           | type  | possible_keys | key       | key_len | ref  | rows     | Extra       |
+------+-------------+-----------------+-------+---------------+-----------+---------+------+----------+-------------+
|    1 | SIMPLE      | rcb_tstelemetry | index | NULL          | IDXtstel3 | 9       | NULL | 15527386 | Using index |
+------+-------------+-----------------+-------+---------------+-----------+---------+------+----------+-------------+
1 row in set (0.00 sec)

Database changed
ERROR 1064 (42000): You have an error in your SQL syntax; check the manual that corresponds to your MariaDB server version for the right syntax to use near '﻿ID ,
@Device ,
@Type ,
@Resource ,
@StartPosition ,
@EndTime ,
@Duration' at line 7
+------+-------------+---------------------+-------+---------------+---------------+---------+------+----------+-------------+
| id   | select_type | table               | type  | possible_keys | key           | key_len | ref  | rows     | Extra       |
+------+-------------+---------------------+-------+---------------+---------------+---------+------+----------+-------------+
|    1 | SIMPLE      | rcb_livetvtelemetry | index | NULL          | IDXlivetvtel3 | 9       | NULL | 44462445 | Using index |
+------+-------------+---------------------+-------+---------------+---------------+---------+------+----------+-------------+
1 row in set (0.00 sec)

Database changed
ERROR 1064 (42000): You have an error in your SQL syntax; check the manual that corresponds to your MariaDB server version for the right syntax to use near '﻿ID ,
@Device ,
@Type ,
@Resource ,
@StartPosition ,
@EndTime ,
@Duration' at line 7
+------+-------------+--------------------+-------+---------------+--------------+---------+------+--------+-------------+
| id   | select_type | table              | type  | possible_keys | key          | key_len | ref  | rows   | Extra       |
+------+-------------+--------------------+-------+---------------+--------------+---------+------+--------+-------------+
|    1 | SIMPLE      | rcb_radiotelemetry | index | NULL          | IDXradiotel3 | 9       | NULL | 182845 | Using index |
+------+-------------+--------------------+-------+---------------+--------------+---------+------+--------+-------------+
1 row in set (0.00 sec)

mysql> mysql \. C:\workspace\cloud\code\sql\_DailyScript\currenttime.sql
+---------------------+
| currenttime         |
+---------------------+
| 2019-09-14 15:22:59 |
+---------------------+
1 row in set (0.00 sec)

mysql> 
mysql> 
mysql> 
mysql> 
mysql> 
mysql> 
mysql> 
mysql> 
mysql> 
mysql> 
mysql> 
mysql> 
mysql> 
mysql> 
mysql> 
mysql> 
mysql> 
mysql> 
mysql> 
mysql> 
mysql> 
mysql> 
mysql> 
mysql> 
mysql> 
mysql> 
mysql> 
mysql> 
mysql> 
mysql> 
mysql> 
mysql> 
mysql> 
mysql> 
mysql> 
mysql> 
mysql> 
mysql> 
mysql> 
mysql> 
mysql> 
mysql> 
mysql> 
mysql> 
mysql> 
mysql> 
mysql> 
mysql> 
mysql> 
mysql> 
mysql> 
mysql> 
mysql> 
mysql> 
mysql> 
mysql> 
mysql> 
mysql> 
mysql> 
mysql> 
mysql> 
mysql> 
mysql> 
mysql> 
mysql> 
mysql> 
mysql> 
mysql> 
mysql> 
mysql> 
mysql> 
mysql> 
mysql> 
mysql> 
mysql> exit
    -> 
    -> mysql \. C:\workspace\cloud\code\sql\_DailyScript\_setdates.sql
Database changed
Query OK, 0 rows affected (0.00 sec)

Query OK, 0 rows affected (0.00 sec)

Query OK, 0 rows affected (0.00 sec)

Query OK, 0 rows affected (0.00 sec)

Query OK, 0 rows affected (0.00 sec)

Query OK, 0 rows affected (0.00 sec)

Query OK, 0 rows affected (0.00 sec)

Query OK, 0 rows affected (0.00 sec)

Query OK, 0 rows affected (0.00 sec)

Query OK, 0 rows affected (0.00 sec)

Query OK, 0 rows affected (0.00 sec)

Query OK, 0 rows affected (0.00 sec)

Query OK, 0 rows affected (0.00 sec)

Query OK, 0 rows affected (0.00 sec)

Query OK, 0 rows affected (0.00 sec)

Query OK, 0 rows affected (0.00 sec)

Query OK, 0 rows affected (0.00 sec)

Query OK, 0 rows affected (0.00 sec)

Query OK, 0 rows affected (0.00 sec)

Query OK, 0 rows affected (0.00 sec)

Query OK, 0 rows affected (0.00 sec)

mysql> mysql \. C:\workspace\cloud\code\sql\_DailyScript\currenttime.sql
+---------------------+
| currenttime         |
+---------------------+
| 2019-09-14 15:24:17 |
+---------------------+
1 row in set (0.00 sec)

mysql> 
mysql> mysql \. C:\workspace\cloud\code\sql\_DailyScript\DAILY-SCRIPT-TELEMETRY.sql
Database changed
ERROR 1064 (42000): You have an error in your SQL syntax; check the manual that corresponds to your MariaDB server version for the right syntax to use near '﻿ID ,
@Device ,
@Type ,
@Resource ,
@StartPosition ,
@EndTime ,
@Duration' at line 7
+------+-------------+------------------+-------+---------------+------------+---------+------+---------+-------------+
| id   | select_type | table            | type  | possible_keys | key        | key_len | ref  | rows    | Extra       |
+------+-------------+------------------+-------+---------------+------------+---------+------+---------+-------------+
|    1 | SIMPLE      | rcb_vodtelemetry | index | NULL          | IDXvodtel3 | 9       | NULL | 1486549 | Using index |
+------+-------------+------------------+-------+---------------+------------+---------+------+---------+-------------+
1 row in set (0.00 sec)

Database changed
ERROR 1064 (42000): You have an error in your SQL syntax; check the manual that corresponds to your MariaDB server version for the right syntax to use near '﻿ID ,
@Device ,
@Type ,
@Resource ,
@StartPosition ,
@EndTime ,
@Duration' at line 7
+------+-------------+------------------+-------+---------------+------------+---------+------+---------+-------------+
| id   | select_type | table            | type  | possible_keys | key        | key_len | ref  | rows    | Extra       |
+------+-------------+------------------+-------+---------------+------------+---------+------+---------+-------------+
|    1 | SIMPLE      | rcb_vodtelemetry | index | NULL          | IDXvodtel3 | 9       | NULL | 1486549 | Using index |
+------+-------------+------------------+-------+---------------+------------+---------+------+---------+-------------+
1 row in set (0.00 sec)

Database changed
ERROR 1064 (42000): You have an error in your SQL syntax; check the manual that corresponds to your MariaDB server version for the right syntax to use near '﻿ID ,
@Device ,
@Type ,
@Resource ,
@StartPosition ,
@EndTime ,
@Duration' at line 7
+------+-------------+-----------------+-------+---------------+-----------+---------+------+----------+-------------+
| id   | select_type | table           | type  | possible_keys | key       | key_len | ref  | rows     | Extra       |
+------+-------------+-----------------+-------+---------------+-----------+---------+------+----------+-------------+
|    1 | SIMPLE      | rcb_tstelemetry | index | NULL          | IDXtstel3 | 9       | NULL | 15527386 | Using index |
+------+-------------+-----------------+-------+---------------+-----------+---------+------+----------+-------------+
1 row in set (0.00 sec)

Database changed
ERROR 1064 (42000): You have an error in your SQL syntax; check the manual that corresponds to your MariaDB server version for the right syntax to use near '﻿ID ,
@Device ,
@Type ,
@Resource ,
@StartPosition ,
@EndTime ,
@Duration' at line 7
+------+-------------+---------------------+-------+---------------+---------------+---------+------+----------+-------------+
| id   | select_type | table               | type  | possible_keys | key           | key_len | ref  | rows     | Extra       |
+------+-------------+---------------------+-------+---------------+---------------+---------+------+----------+-------------+
|    1 | SIMPLE      | rcb_livetvtelemetry | index | NULL          | IDXlivetvtel3 | 9       | NULL | 44462445 | Using index |
+------+-------------+---------------------+-------+---------------+---------------+---------+------+----------+-------------+
1 row in set (0.00 sec)

Database changed
ERROR 1064 (42000): You have an error in your SQL syntax; check the manual that corresponds to your MariaDB server version for the right syntax to use near '﻿ID ,
@Device ,
@Type ,
@Resource ,
@StartPosition ,
@EndTime ,
@Duration' at line 7
+------+-------------+--------------------+-------+---------------+--------------+---------+------+--------+-------------+
| id   | select_type | table              | type  | possible_keys | key          | key_len | ref  | rows   | Extra       |
+------+-------------+--------------------+-------+---------------+--------------+---------+------+--------+-------------+
|    1 | SIMPLE      | rcb_radiotelemetry | index | NULL          | IDXradiotel3 | 9       | NULL | 182845 | Using index |
+------+-------------+--------------------+-------+---------------+--------------+---------+------+--------+-------------+
1 row in set (0.00 sec)

mysql> mysql \. C:\workspace\cloud\code\sql\_DailyScript\currenttime.sql
+---------------------+
| currenttime         |
+---------------------+
| 2019-09-14 15:24:17 |
+---------------------+
1 row in set (0.00 sec)

mysql> 
mysql> 
mysql> 
mysql> 
mysql> 
mysql> 
mysql> 
mysql> 
mysql> 
mysql> 
mysql> 
mysql> 
mysql> 
mysql> 
mysql> 
mysql> 
mysql> 
mysql> 
mysql> 
mysql> 
mysql> 
mysql> 
mysql> 
mysql> 
mysql> 
mysql> 
mysql> 
mysql> 
mysql> 
mysql> 
mysql> 
mysql> 
mysql> 
mysql> 
mysql> 
mysql> 
mysql> 
mysql> 
mysql> 
mysql> 
mysql> 
mysql> 
mysql> 
mysql> 
mysql> 
mysql> 
mysql> 
mysql> 
mysql> 
mysql> 
mysql> 
mysql> 
mysql> 
mysql> 
mysql> 
mysql> 
mysql> 
mysql> 
mysql> 
mysql> 
mysql> 
mysql> 
mysql> 
mysql> 
mysql> 
mysql> 
mysql> 
mysql> 
mysql> 
mysql> 
mysql> 
mysql> 
mysql> 
mysql> 
mysql> exit
    -> 
    -> mysql \. C:\workspace\cloud\code\sql\_DailyScript\_setdates.sql
Database changed
Query OK, 0 rows affected (0.00 sec)

Query OK, 0 rows affected (0.00 sec)

Query OK, 0 rows affected (0.00 sec)

Query OK, 0 rows affected (0.00 sec)

Query OK, 0 rows affected (0.00 sec)

Query OK, 0 rows affected (0.00 sec)

Query OK, 0 rows affected (0.00 sec)

Query OK, 0 rows affected (0.00 sec)

Query OK, 0 rows affected (0.00 sec)

Query OK, 0 rows affected (0.00 sec)

Query OK, 0 rows affected (0.00 sec)

Query OK, 0 rows affected (0.00 sec)

Query OK, 0 rows affected (0.00 sec)

Query OK, 0 rows affected (0.00 sec)

Query OK, 0 rows affected (0.00 sec)

Query OK, 0 rows affected (0.00 sec)

Query OK, 0 rows affected (0.00 sec)

Query OK, 0 rows affected (0.00 sec)

Query OK, 0 rows affected (0.00 sec)

Query OK, 0 rows affected (0.00 sec)

Query OK, 0 rows affected (0.00 sec)

mysql> mysql \. C:\workspace\cloud\code\sql\_DailyScript\currenttime.sql
+---------------------+
| currenttime         |
+---------------------+
| 2019-09-14 15:32:41 |
+---------------------+
1 row in set (0.00 sec)

mysql> 
mysql> mysql \. C:\workspace\cloud\code\sql\_DailyScript\load_RCB_VODTITLES.sql
Database changed
Query OK, 0 rows affected (0.00 sec)

Query OK, 7010 rows affected (0.10 sec)

Query OK, 7012 rows affected, 7012 warnings (0.20 sec)
Records: 7012  Deleted: 0  Skipped: 0  Warnings: 7012

Query OK, 0 rows affected (0.00 sec)

Query OK, 2 rows affected (0.01 sec)

+-----------+
| VODTITLES |
+-----------+
|      7470 |
+-----------+
1 row in set (0.01 sec)

+-----------+-----------+
| titletype | typecount |
+-----------+-----------+
| E         |      5582 |
| N         |       213 |
| T         |      1215 |
| NULL      |      7010 |
+-----------+-----------+
4 rows in set (0.03 sec)

mysql> mysql \. C:\workspace\cloud\code\sql\_DailyScript\currenttime.sql
+---------------------+
| currenttime         |
+---------------------+
| 2019-09-14 15:32:41 |
+---------------------+
1 row in set (0.00 sec)

mysql> 
mysql> mysql \. C:\workspace\cloud\code\sql\_DailyScript\DAILY-SCRIPT-LIVETV-STATS.sql
Database changed
Query OK, 0 rows affected (0.13 sec)

Query OK, 65958 rows affected (1.31 sec)
Records: 65958  Duplicates: 0  Warnings: 0

+------------+------------+----------+--------------+--------------+-----------+-------------+----------+--------+------+------------+---------+---------------+
| Table      | Non_unique | Key_name | Seq_in_index | Column_name  | Collation | Cardinality | Sub_part | Packed | Null | Index_type | Comment | Index_comment |
+------------+------------+----------+--------------+--------------+-----------+-------------+----------+--------+------+------------+---------+---------------+
| templivetv |          1 | idxtv1   |            1 | device       | A         |       66375 |     NULL | NULL   | YES  | BTREE      |         |               |
| templivetv |          1 | idxtv2   |            1 | sessionstart | A         |       66375 |     NULL | NULL   | YES  | BTREE      |         |               |
+------------+------------+----------+--------------+--------------+-----------+-------------+----------+--------+------+------------+---------+---------------+
2 rows in set (0.00 sec)

Query OK, 65793 rows affected (16.79 sec)
Records: 65793  Duplicates: 0  Warnings: 0

Query OK, 2703 rows affected (0.92 sec)
Records: 2703  Duplicates: 0  Warnings: 0

Query OK, 0 rows affected (0.00 sec)

Query OK, 0 rows affected (0.02 sec)

Query OK, 142 rows affected (0.07 sec)
Records: 142  Duplicates: 0  Warnings: 0

Query OK, 0 rows affected (0.00 sec)

Query OK, 87964 rows affected (19 min 55.28 sec)
Records: 87964  Duplicates: 0  Warnings: 0

+-----------------+
| rep_livetvstats |
+-----------------+
|           87964 |
+-----------------+
1 row in set (0.04 sec)

mysql> mysql \. C:\workspace\cloud\code\sql\_DailyScript\currenttime.sql
+---------------------+
| currenttime         |
+---------------------+
| 2019-09-14 15:52:56 |
+---------------------+
1 row in set (0.00 sec)

mysql> 
mysql> mysql \. C:\workspace\cloud\code\sql\_DailyScript\DAILY-SCRIPT-VODTS-STATS.sql
Database changed
Query OK, 0 rows affected (0.06 sec)

Query OK, 2574 rows affected (22.70 sec)
Records: 2574  Duplicates: 0  Warnings: 0

+---------+------------+----------+--------------+--------------+-----------+-------------+----------+--------+------+------------+---------+---------------+
| Table   | Non_unique | Key_name | Seq_in_index | Column_name  | Collation | Cardinality | Sub_part | Packed | Null | Index_type | Comment | Index_comment |
+---------+------------+----------+--------------+--------------+-----------+-------------+----------+--------+------+------------+---------+---------------+
| tempvod |          1 | idxtvod1 |            1 | device       | A         |        2565 |     NULL | NULL   | YES  | BTREE      |         |               |
| tempvod |          1 | idxtvod2 |            1 | sessionstart | A         |        2565 |     NULL | NULL   | YES  | BTREE      |         |               |
+---------+------------+----------+--------------+--------------+-----------+-------------+----------+--------+------+------------+---------+---------------+
2 rows in set (0.00 sec)

Query OK, 2571 rows affected (2.32 sec)
Records: 2571  Duplicates: 0  Warnings: 0

Query OK, 0 rows affected (0.01 sec)

Query OK, 328743 rows affected (36.43 sec)
Records: 328743  Duplicates: 0  Warnings: 0

+--------------+
| rep_vodstats |
+--------------+
|       328743 |
+--------------+
1 row in set (0.14 sec)

Database changed
Query OK, 0 rows affected (0.05 sec)

Query OK, 12752 rows affected (4 min 29.61 sec)
Records: 12752  Duplicates: 0  Warnings: 0

+--------+------------+----------+--------------+--------------+-----------+-------------+----------+--------+------+------------+---------+---------------+
| Table  | Non_unique | Key_name | Seq_in_index | Column_name  | Collation | Cardinality | Sub_part | Packed | Null | Index_type | Comment | Index_comment |
+--------+------------+----------+--------------+--------------+-----------+-------------+----------+--------+------+------------+---------+---------------+
| tempts |          1 | idxtts1  |            1 | device       | A         |       12882 |     NULL | NULL   | YES  | BTREE      |         |               |
| tempts |          1 | idxtts2  |            1 | sessionstart | A         |       12882 |     NULL | NULL   | YES  | BTREE      |         |               |
+--------+------------+----------+--------------+--------------+-----------+-------------+----------+--------+------+------------+---------+---------------+
2 rows in set (0.00 sec)

Query OK, 12734 rows affected (11.95 sec)
Records: 12734  Duplicates: 0  Warnings: 0

Query OK, 0 rows affected (0.01 sec)

Query OK, 24110 rows affected (4 min 24.05 sec)
Records: 24110  Duplicates: 0  Warnings: 0

+-------------+
| rep_tsstats |
+-------------+
|       24110 |
+-------------+
1 row in set (0.01 sec)

mysql> mysql \. C:\workspace\cloud\code\sql\_DailyScript\currenttime.sql
+---------------------+
| currenttime         |
+---------------------+
| 2019-09-14 16:03:03 |
+---------------------+
1 row in set (0.00 sec)

mysql> 
mysql> mysql \. C:\workspace\cloud\code\sql\_DailyScript\DAILY-SCRIPT-RADIO-STATS.sql
Database changed
Query OK, 0 rows affected (0.02 sec)

Query OK, 176871 rows affected (5.79 sec)
Records: 176871  Duplicates: 0  Warnings: 0

+-----------+------------+----------+--------------+--------------+-----------+-------------+----------+--------+------+------------+---------+---------------+
| Table     | Non_unique | Key_name | Seq_in_index | Column_name  | Collation | Cardinality | Sub_part | Packed | Null | Index_type | Comment | Index_comment |
+-----------+------------+----------+--------------+--------------+-----------+-------------+----------+--------+------+------------+---------+---------------+
| tempradio |          1 | idxtrad1 |            1 | device       | A         |      177098 |     NULL | NULL   | YES  | BTREE      |         |               |
| tempradio |          1 | idxtrad2 |            1 | sessionstart | A         |      177098 |     NULL | NULL   | YES  | BTREE      |         |               |
+-----------+------------+----------+--------------+--------------+-----------+-------------+----------+--------+------+------------+---------+---------------+
2 rows in set (0.00 sec)

Query OK, 318 rows affected (3.46 sec)
Records: 318  Duplicates: 0  Warnings: 0

Query OK, 0 rows affected (0.01 sec)

Query OK, 3278 rows affected (0.31 sec)
Records: 3278  Duplicates: 0  Warnings: 0

+----------------+
| rep_radiostats |
+----------------+
|           3278 |
+----------------+
1 row in set (0.00 sec)

mysql> mysql \. C:\workspace\cloud\code\sql\_DailyScript\currenttime.sql
+---------------------+
| currenttime         |
+---------------------+
| 2019-09-14 16:03:13 |
+---------------------+
1 row in set (0.00 sec)

mysql> 
mysql> mysql \. C:\workspace\cloud\code\sql\_DailyScript\DAILY_SCRIPT_TELEMETRY_PIVOT.sql
Query OK, 0 rows affected (0.01 sec)

Query OK, 147 rows affected (0.30 sec)
Records: 147  Duplicates: 0  Warnings: 0

Query OK, 0 rows affected (0.00 sec)

Query OK, 5805 rows affected (1.53 sec)
Records: 5805  Duplicates: 0  Warnings: 0

Query OK, 0 rows affected (0.01 sec)

Query OK, 6 rows affected (0.01 sec)
Records: 6  Duplicates: 0  Warnings: 0

Query OK, 0 rows affected (0.00 sec)

Query OK, 55 rows affected (0.08 sec)
Records: 55  Duplicates: 0  Warnings: 0

mysql> mysql \. C:\workspace\cloud\code\sql\_DailyScript\currenttime.sql
+---------------------+
| currenttime         |
+---------------------+
| 2019-09-14 16:03:15 |
+---------------------+
1 row in set (0.00 sec)

mysql> 
mysql> mysql \. C:\workspace\cloud\code\sql\_DailyScript\telemetry_livetv_ranking2019.sql
Query OK, 0 rows affected (0.00 sec)

Query OK, 147 rows affected (0.01 sec)
Records: 147  Duplicates: 0  Warnings: 0

mysql> mysql \. C:\workspace\cloud\code\sql\_DailyScript\currenttime.sql
+---------------------+
| currenttime         |
+---------------------+
| 2019-09-14 16:03:15 |
+---------------------+
1 row in set (0.00 sec)

mysql> 
mysql> mysql \. C:\workspace\cloud\code\sql\_DailyScript\telemetry_radio_ranking2019.sql
Query OK, 0 rows affected (0.00 sec)

Query OK, 6 rows affected (0.01 sec)
Records: 6  Duplicates: 0  Warnings: 0

mysql> mysql \. C:\workspace\cloud\code\sql\_DailyScript\currenttime.sql
+---------------------+
| currenttime         |
+---------------------+
| 2019-09-14 16:03:15 |
+---------------------+
1 row in set (0.00 sec)

mysql> 
mysql> mysql \. C:\workspace\cloud\code\sql\_DailyScript\telemetry_ts_ranking2019.sql
Query OK, 0 rows affected (0.00 sec)

Query OK, 55 rows affected (0.01 sec)
Records: 55  Duplicates: 0  Warnings: 0

mysql> mysql \. C:\workspace\cloud\code\sql\_DailyScript\currenttime.sql
+---------------------+
| currenttime         |
+---------------------+
| 2019-09-14 16:03:15 |
+---------------------+
1 row in set (0.00 sec)

mysql> 
mysql> mysql \. C:\workspace\cloud\code\sql\_DailyScript\telemetry_vod_ranking2019.sql
Query OK, 0 rows affected (0.01 sec)

Query OK, 5805 rows affected (0.33 sec)
Records: 5805  Duplicates: 0  Warnings: 0

mysql> mysql \. C:\workspace\cloud\code\sql\_DailyScript\currenttime.sql
+---------------------+
| currenttime         |
+---------------------+
| 2019-09-14 16:03:15 |
+---------------------+
1 row in set (0.00 sec)

mysql> 
mysql> mysql \. C:\workspace\cloud\code\sql\_DailyScript\telemetry_vod_ranking2019_1.sql
Query OK, 0 rows affected (0.01 sec)

Query OK, 5805 rows affected (0.47 sec)
Records: 5805  Duplicates: 0  Warnings: 0

mysql> mysql \. C:\workspace\cloud\code\sql\_DailyScript\currenttime.sql
+---------------------+
| currenttime         |
+---------------------+
| 2019-09-14 16:03:15 |
+---------------------+
1 row in set (0.00 sec)

mysql> 
mysql> mysql \. C:\workspace\cloud\code\sql\_DailyScript\telemetry_vod_ranking2019_2.sql
Query OK, 0 rows affected (0.03 sec)

Query OK, 5805 rows affected (0.14 sec)
Records: 5805  Duplicates: 0  Warnings: 0

mysql> mysql \. C:\workspace\cloud\code\sql\_DailyScript\currenttime.sql
+---------------------+
| currenttime         |
+---------------------+
| 2019-09-14 16:03:16 |
+---------------------+
1 row in set (0.00 sec)

mysql> 
mysql> mysql \. C:\workspace\cloud\code\sql\_DailyScript\DAILY-SCRIPT-CREATE-LOAD.sql
Database changed
Database changed
Query OK, 0 rows affected (0.07 sec)

Query OK, 0 rows affected (0.01 sec)

Database changed
Query OK, 65663 rows affected (3.32 sec)
Records: 65663  Deleted: 0  Skipped: 0  Warnings: 0

Query OK, 0 rows affected (0.20 sec)
Records: 0  Duplicates: 0  Warnings: 0

Query OK, 0 rows affected (0.32 sec)
Records: 0  Duplicates: 0  Warnings: 0

Query OK, 0 rows affected (0.72 sec)
Records: 0  Duplicates: 0  Warnings: 0

Query OK, 0 rows affected (0.42 sec)
Records: 0  Duplicates: 0  Warnings: 0

+---------+
| clients |
+---------+
|   65663 |
+---------+
1 row in set (0.02 sec)

Query OK, 0 rows affected (0.00 sec)

Query OK, 2280 rows affected (0.71 sec)
Records: 2280  Duplicates: 0  Warnings: 0

+-------------------+
| rcb_clientparcels |
+-------------------+
|              2280 |
+-------------------+
1 row in set (0.00 sec)

Query OK, 0 rows affected (0.01 sec)

Query OK, 85554 rows affected (4.44 sec)
Records: 85554  Duplicates: 0  Warnings: 0

Query OK, 0 rows affected (0.37 sec)
Records: 0  Duplicates: 0  Warnings: 0

Query OK, 0 rows affected (0.03 sec)

Query OK, 65663 rows affected (3.78 sec)
Records: 65663  Duplicates: 0  Warnings: 0

Query OK, 0 rows affected (0.25 sec)
Records: 0  Duplicates: 0  Warnings: 0

Query OK, 0 rows affected (0.29 sec)
Records: 0  Duplicates: 0  Warnings: 0

Query OK, 0 rows affected (0.21 sec)
Records: 0  Duplicates: 0  Warnings: 0

+---------------+
| clientaddress |
+---------------+
|         65663 |
+---------------+
1 row in set (0.02 sec)

Database changed
Query OK, 0 rows affected (0.04 sec)

Query OK, 0 rows affected (0.01 sec)

Database changed
Query OK, 486833 rows affected, 65535 warnings (20.16 sec)
Records: 486833  Deleted: 0  Skipped: 0  Warnings: 190926

Query OK, 0 rows affected (5.58 sec)
Records: 0  Duplicates: 0  Warnings: 0

Query OK, 0 rows affected (3.27 sec)
Records: 0  Duplicates: 0  Warnings: 0

Query OK, 0 rows affected (1.75 sec)
Records: 0  Duplicates: 0  Warnings: 0

Query OK, 0 rows affected (0.02 sec)

Query OK, 486833 rows affected (56.57 sec)
Records: 486833  Duplicates: 0  Warnings: 0

Query OK, 0 rows affected (2.12 sec)
Records: 0  Duplicates: 0  Warnings: 0

Query OK, 0 rows affected (1.86 sec)
Records: 0  Duplicates: 0  Warnings: 0

+-----------+
| contracts |
+-----------+
|    486833 |
+-----------+
1 row in set (0.21 sec)

+-----------------+
| contractaddress |
+-----------------+
|          486833 |
+-----------------+
1 row in set (0.19 sec)

Database changed
Query OK, 0 rows affected (0.02 sec)

Query OK, 0 rows affected (0.01 sec)

Query OK, 7049 rows affected (0.20 sec)
Records: 7049  Deleted: 0  Skipped: 0  Warnings: 0

Query OK, 0 rows affected (0.02 sec)

Query OK, 7018 rows affected (1.27 sec)
Records: 7018  Duplicates: 0  Warnings: 0

Query OK, 0 rows affected (0.05 sec)
Records: 0  Duplicates: 0  Warnings: 0

Query OK, 0 rows affected (0.01 sec)

Query OK, 5512 rows affected (0.18 sec)
Records: 5512  Duplicates: 0  Warnings: 0

Query OK, 0 rows affected (0.03 sec)
Records: 0  Duplicates: 0  Warnings: 0

+-------------------+
| contractdiscounts |
+-------------------+
|              7049 |
+-------------------+
1 row in set (0.00 sec)

+-------------------------+
| clientcontractdiscounts |
+-------------------------+
|                    7018 |
+-------------------------+
1 row in set (0.00 sec)

+----------------------------+
| clientcontractlastdiscount |
+----------------------------+
|                       5512 |
+----------------------------+
1 row in set (0.00 sec)

Database changed
Query OK, 0 rows affected (0.06 sec)

Query OK, 0 rows affected (0.01 sec)

Database changed
Query OK, 130342 rows affected (4.87 sec)
Records: 130342  Deleted: 0  Skipped: 0  Warnings: 0

Query OK, 0 rows affected (0.95 sec)
Records: 0  Duplicates: 0  Warnings: 0

Query OK, 0 rows affected (0.59 sec)
Records: 0  Duplicates: 0  Warnings: 0

Query OK, 0 rows affected (0.57 sec)
Records: 0  Duplicates: 0  Warnings: 0

Query OK, 0 rows affected (0.79 sec)
Records: 0  Duplicates: 0  Warnings: 0

Query OK, 0 rows affected (0.56 sec)
Records: 0  Duplicates: 0  Warnings: 0

Query OK, 0 rows affected (1.82 sec)
Records: 0  Duplicates: 0  Warnings: 0

Query OK, 0 rows affected (0.02 sec)

Query OK, 1661730 rows affected (3 min 23.20 sec)
Records: 1661730  Duplicates: 0  Warnings: 0

+---------+
| devices |
+---------+
|  130342 |
+---------+
1 row in set (0.06 sec)

+-----------------------+
| clientcontractdevices |
+-----------------------+
|               1661730 |
+-----------------------+
1 row in set (0.79 sec)

Query OK, 0 rows affected (0.04 sec)

Query OK, 130245 rows affected (7.79 sec)
Records: 130245  Duplicates: 0  Warnings: 0

+---------------------------+
| rep_clientcontractdevices |
+---------------------------+
|                    130245 |
+---------------------------+
1 row in set (0.05 sec)

Database changed
Query OK, 0 rows affected (0.04 sec)

Query OK, 0 rows affected (0.01 sec)

Query OK, 255810 rows affected (8.24 sec)
Records: 255810  Deleted: 0  Skipped: 0  Warnings: 0

Query OK, 0 rows affected (0.86 sec)
Records: 0  Duplicates: 0  Warnings: 0

Query OK, 0 rows affected (0.76 sec)
Records: 0  Duplicates: 0  Warnings: 0

Query OK, 0 rows affected (0.88 sec)
Records: 0  Duplicates: 0  Warnings: 0

Query OK, 0 rows affected (0.77 sec)
Records: 0  Duplicates: 0  Warnings: 0

+---------+
| tickets |
+---------+
|  255810 |
+---------+
1 row in set (0.08 sec)

Database changed
Query OK, 0 rows affected (0.00 sec)

Query OK, 0 rows affected (0.00 sec)

Empty set (0.00 sec)

Query OK, 0 rows affected (0.01 sec)
Records: 0  Duplicates: 0  Warnings: 0

Query OK, 315 rows affected, 2 warnings (0.01 sec)
Records: 315  Deleted: 0  Skipped: 0  Warnings: 2

+-----------------+
| tickettechusers |
+-----------------+
|             315 |
+-----------------+
1 row in set (0.00 sec)

Database changed
Query OK, 0 rows affected (0.01 sec)

Query OK, 0 rows affected (0.00 sec)

Query OK, 0 rows affected (0.01 sec)
Records: 0  Duplicates: 0  Warnings: 0

Query OK, 538401 rows affected, 42737 warnings (10.60 sec)
Records: 538401  Deleted: 0  Skipped: 0  Warnings: 42737

+-------------------+
| ticketassignments |
+-------------------+
|            538401 |
+-------------------+
1 row in set (0.19 sec)

Database changed
Query OK, 0 rows affected (0.09 sec)

Query OK, 0 rows affected (0.01 sec)

Query OK, 1118029 rows affected (16.59 sec)
Records: 1118029  Deleted: 0  Skipped: 0  Warnings: 0

Query OK, 0 rows affected (6.33 sec)
Records: 0  Duplicates: 0  Warnings: 0

Query OK, 0 rows affected (3.60 sec)
Records: 0  Duplicates: 0  Warnings: 0

Query OK, 0 rows affected (2.87 sec)
Records: 0  Duplicates: 0  Warnings: 0

Query OK, 0 rows affected (3.40 sec)
Records: 0  Duplicates: 0  Warnings: 0

+----------------+
| ticketcomments |
+----------------+
|        1118029 |
+----------------+
1 row in set (0.41 sec)

Database changed
Query OK, 0 rows affected (0.01 sec)

Query OK, 0 rows affected (0.00 sec)

Query OK, 417033 rows affected (48.51 sec)
Records: 417033  Deleted: 0  Skipped: 0  Warnings: 0

Query OK, 0 rows affected (3.09 sec)
Records: 0  Duplicates: 0  Warnings: 0

+----------+
| comments |
+----------+
|   417033 |
+----------+
1 row in set (0.17 sec)

Database changed
Query OK, 0 rows affected (0.05 sec)

Query OK, 0 rows affected (0.01 sec)

Query OK, 943231 rows affected, 65535 warnings (1 min 9.64 sec)
Records: 943231  Deleted: 0  Skipped: 0  Warnings: 943232

Query OK, 0 rows affected (5.50 sec)
Records: 0  Duplicates: 0  Warnings: 0

Query OK, 0 rows affected (3.44 sec)
Records: 0  Duplicates: 0  Warnings: 0

Query OK, 0 rows affected (2.96 sec)
Records: 0  Duplicates: 0  Warnings: 0

Query OK, 0 rows affected (3.08 sec)
Records: 0  Duplicates: 0  Warnings: 0

Query OK, 0 rows affected (4.57 sec)
Records: 0  Duplicates: 0  Warnings: 0

+------------+
| devicesold |
+------------+
|     943231 |
+------------+
1 row in set (0.35 sec)

Database changed
Query OK, 0 rows affected (0.04 sec)

Query OK, 0 rows affected (0.01 sec)

Query OK, 1655251 rows affected (29.03 sec)
Records: 1655251  Deleted: 0  Skipped: 0  Warnings: 0

Query OK, 0 rows affected (6.68 sec)
Records: 0  Duplicates: 0  Warnings: 0

Query OK, 0 rows affected (5.11 sec)
Records: 0  Duplicates: 0  Warnings: 0

Query OK, 0 rows affected (5.15 sec)
Records: 0  Duplicates: 0  Warnings: 0

+------------------+
| contractservices |
+------------------+
|          1655251 |
+------------------+
1 row in set (0.61 sec)

Database changed
Query OK, 0 rows affected (0.05 sec)

Query OK, 0 rows affected (0.01 sec)

Query OK, 3763493 rows affected (2 min 9.90 sec)
Records: 3763493  Deleted: 0  Skipped: 0  Warnings: 0

Query OK, 0 rows affected (17.18 sec)
Records: 0  Duplicates: 0  Warnings: 0

Query OK, 0 rows affected (17.34 sec)
Records: 0  Duplicates: 0  Warnings: 0

Query OK, 0 rows affected (18.01 sec)
Records: 0  Duplicates: 0  Warnings: 0

Query OK, 0 rows affected (13.31 sec)
Records: 0  Duplicates: 0  Warnings: 0

+------------------+
| invoicescontents |
+------------------+
|          3763493 |
+------------------+
1 row in set (1.54 sec)

Database changed
Query OK, 0 rows affected (0.07 sec)

Query OK, 0 rows affected (0.01 sec)

Query OK, 2608366 rows affected (3 min 32.64 sec)
Records: 2608366  Deleted: 0  Skipped: 0  Warnings: 0

Query OK, 0 rows affected (17.89 sec)
Records: 0  Duplicates: 0  Warnings: 0

Query OK, 0 rows affected (16.18 sec)
Records: 0  Duplicates: 0  Warnings: 0

Query OK, 0 rows affected (15.07 sec)
Records: 0  Duplicates: 0  Warnings: 0

Query OK, 0 rows affected (14.02 sec)
Records: 0  Duplicates: 0  Warnings: 0

Query OK, 0 rows affected (11.78 sec)
Records: 0  Duplicates: 0  Warnings: 0

+----------------+
| invoicesheader |
+----------------+
|        2608366 |
+----------------+
1 row in set (0.97 sec)

Database changed
Query OK, 0 rows affected (0.11 sec)

Query OK, 0 rows affected (0.01 sec)

Query OK, 2720495 rows affected (1 min 33.00 sec)
Records: 2720495  Deleted: 0  Skipped: 0  Warnings: 0

Query OK, 0 rows affected (13.09 sec)
Records: 0  Duplicates: 0  Warnings: 0

Query OK, 0 rows affected (10.43 sec)
Records: 0  Duplicates: 0  Warnings: 0

Query OK, 0 rows affected (10.33 sec)
Records: 0  Duplicates: 0  Warnings: 0

Query OK, 0 rows affected (8.37 sec)
Records: 0  Duplicates: 0  Warnings: 0

+---------+
| casa    |
+---------+
| 2720495 |
+---------+
1 row in set (0.97 sec)

Query OK, 0 rows affected (0.01 sec)

Query OK, 12869 rows affected (1 min 33.42 sec)
Records: 12869  Duplicates: 0  Warnings: 0

+--------------------+
| rep_paycol_channel |
+--------------------+
|              12869 |
+--------------------+
1 row in set (0.01 sec)

Query OK, 0 rows affected (0.01 sec)

Query OK, 8622 rows affected (1 min 46.45 sec)
Records: 8622  Duplicates: 0  Warnings: 0

+----------------+
| rep_paycol_pos |
+----------------+
|           8622 |
+----------------+
1 row in set (0.01 sec)

Database changed
Query OK, 0 rows affected (0.01 sec)

Query OK, 0 rows affected (0.01 sec)

Database changed
Query OK, 38435 rows affected (1.07 sec)
Records: 38435  Deleted: 0  Skipped: 0  Warnings: 0

+-------+
| users |
+-------+
| 38435 |
+-------+
1 row in set (0.02 sec)

Database changed
Query OK, 0 rows affected (0.07 sec)

Query OK, 0 rows affected (0.00 sec)

Database changed
Query OK, 8994135 rows affected (2 min 8.20 sec)
Records: 8994135  Deleted: 0  Skipped: 0  Warnings: 0

Query OK, 0 rows affected (32.26 sec)
Records: 0  Duplicates: 0  Warnings: 0

Query OK, 0 rows affected (33.57 sec)
Records: 0  Duplicates: 0  Warnings: 0

Query OK, 0 rows affected (34.35 sec)
Records: 0  Duplicates: 0  Warnings: 0

Query OK, 0 rows affected (33.52 sec)
Records: 0  Duplicates: 0  Warnings: 0

+----------+
| ipusage1 |
+----------+
|  8994135 |
+----------+
1 row in set (7.92 sec)

Query OK, 0 rows affected (0.10 sec)

Query OK, 9069663 rows affected, 65535 warnings (12 min 17.73 sec)
Records: 9069663  Duplicates: 0  Warnings: 9067101

Query OK, 0 rows affected (31.52 sec)
Records: 0  Duplicates: 0  Warnings: 0

Query OK, 0 rows affected (34.40 sec)
Records: 0  Duplicates: 0  Warnings: 0

Query OK, 0 rows affected (34.83 sec)
Records: 0  Duplicates: 0  Warnings: 0

Query OK, 0 rows affected (34.70 sec)
Records: 0  Duplicates: 0  Warnings: 0

Query OK, 0 rows affected (49.40 sec)
Records: 0  Duplicates: 0  Warnings: 0

Query OK, 0 rows affected (53.23 sec)
Records: 0  Duplicates: 0  Warnings: 0

Query OK, 0 rows affected (49.41 sec)
Records: 0  Duplicates: 0  Warnings: 0

+---------+
| ipusage |
+---------+
| 9069663 |
+---------+
1 row in set (7.13 sec)

Query OK, 0 rows affected (0.05 sec)

Query OK, 2324367 rows affected (3 min 6.53 sec)
Records: 2324367  Duplicates: 0  Warnings: 0

Query OK, 0 rows affected (11.02 sec)
Records: 0  Duplicates: 0  Warnings: 0

Query OK, 0 rows affected (7.39 sec)
Records: 0  Duplicates: 0  Warnings: 0

Query OK, 0 rows affected (8.84 sec)
Records: 0  Duplicates: 0  Warnings: 0

Query OK, 0 rows affected (13.30 sec)
Records: 0  Duplicates: 0  Warnings: 0

Query OK, 0 rows affected (6.17 sec)
Records: 0  Duplicates: 0  Warnings: 0

Query OK, 0 rows affected (0.04 sec)

Query OK, 178878 rows affected (20.25 sec)
Records: 178878  Duplicates: 0  Warnings: 0

Query OK, 0 rows affected (0.68 sec)
Records: 0  Duplicates: 0  Warnings: 0

Query OK, 0 rows affected (0.70 sec)
Records: 0  Duplicates: 0  Warnings: 0

Query OK, 0 rows affected (0.79 sec)
Records: 0  Duplicates: 0  Warnings: 0

Query OK, 0 rows affected (0.43 sec)
Records: 0  Duplicates: 0  Warnings: 0

Query OK, 0 rows affected (0.42 sec)
Records: 0  Duplicates: 0  Warnings: 0

Query OK, 0 rows affected (0.03 sec)

Query OK, 1655073 rows affected (1 min 3.61 sec)
Records: 1655073  Duplicates: 0  Warnings: 0

Query OK, 0 rows affected (9.79 sec)
Records: 0  Duplicates: 0  Warnings: 0

Query OK, 0 rows affected (4.38 sec)
Records: 0  Duplicates: 0  Warnings: 0

Query OK, 0 rows affected (7.52 sec)
Records: 0  Duplicates: 0  Warnings: 0

mysql> mysql \. C:\workspace\cloud\code\sql\_DailyScript\currenttime.sql
+---------------------+
| currenttime         |
+---------------------+
| 2019-09-14 16:53:58 |
+---------------------+
1 row in set (0.00 sec)

mysql> 
mysql> mysql \. C:\workspace\cloud\code\sql\_DailyScript\ticket_analysis.sql
Database changed
Query OK, 0 rows affected (0.05 sec)

Query OK, 479009 rows affected (21.63 sec)
Records: 479009  Duplicates: 0  Warnings: 0

Query OK, 0 rows affected (5.59 sec)
Records: 0  Duplicates: 0  Warnings: 0

Query OK, 0 rows affected (1.86 sec)
Records: 0  Duplicates: 0  Warnings: 0

Query OK, 0 rows affected (1.51 sec)
Records: 0  Duplicates: 0  Warnings: 0

Query OK, 0 rows affected (0.01 sec)

Query OK, 16493 rows affected (11.46 sec)
Records: 16493  Duplicates: 0  Warnings: 0

Query OK, 0 rows affected, 1 warning (0.00 sec)

Query OK, 65822 rows affected (6.78 sec)
Records: 65822  Duplicates: 0  Warnings: 0

Query OK, 0 rows affected, 1 warning (0.00 sec)

Query OK, 342561 rows affected (13.32 sec)
Records: 342561  Duplicates: 0  Warnings: 0

Query OK, 0 rows affected, 1 warning (0.00 sec)

Query OK, 342561 rows affected (13.32 sec)
Records: 342561  Duplicates: 0  Warnings: 0

Query OK, 0 rows affected (0.01 sec)

Query OK, 65868 rows affected (4.68 sec)
Records: 65868  Duplicates: 0  Warnings: 0

Database changed
Query OK, 0 rows affected (0.00 sec)

Query OK, 0 rows affected (0.02 sec)

Query OK, 479009 rows affected (20.71 sec)
Records: 479009  Duplicates: 0  Warnings: 0

Query OK, 0 rows affected (0.04 sec)

Query OK, 230954 rows affected (14.07 sec)
Records: 230954  Duplicates: 0  Warnings: 0

+--------------------------+
| clientticket_cmmtjourney |
+--------------------------+
|                   479009 |
+--------------------------+
1 row in set (2.76 sec)

+---------------------------+
| clientticket_assgnjourney |
+---------------------------+
|                    230954 |
+---------------------------+
1 row in set (0.31 sec)

Query OK, 0 rows affected (0.01 sec)

Query OK, 82 rows affected (0.11 sec)
Records: 82  Duplicates: 0  Warnings: 0

mysql> mysql \. C:\workspace\cloud\code\sql\_DailyScript\currenttime.sql
+---------------------+
| currenttime         |
+---------------------+
| 2019-09-14 16:55:57 |
+---------------------+
1 row in set (0.00 sec)

mysql> 
mysql> mysql \. C:\workspace\cloud\code\sql\_DailyScript\load_DailyCalls.sql
Database changed
Query OK, 234 rows affected (0.26 sec)
Records: 234  Deleted: 0  Skipped: 0  Warnings: 0

Query OK, 0 rows affected, 1 warning (0.00 sec)

Query OK, 231 rows affected (0.08 sec)
Records: 231  Duplicates: 0  Warnings: 0

Query OK, 0 rows affected, 1 warning (0.00 sec)

Query OK, 67431 rows affected (0.47 sec)
Records: 67431  Duplicates: 0  Warnings: 0

+----------------------+
| callingclientsbefore |
+----------------------+
|               751780 |
+----------------------+
1 row in set (1.75 sec)

Query OK, 357 rows affected (6.95 sec)
Records: 357  Duplicates: 0  Warnings: 0

+---------------------+
| callingclientsafter |
+---------------------+
|              752137 |
+---------------------+
1 row in set (0.27 sec)

Query OK, 0 rows affected (0.02 sec)

Query OK, 187 rows affected (13.15 sec)
Records: 187  Duplicates: 0  Warnings: 0

Query OK, 0 rows affected (0.00 sec)

Query OK, 15460 rows affected (2.82 sec)
Records: 15460  Duplicates: 0  Warnings: 0

+-----------+
| callstats |
+-----------+
|     15460 |
+-----------+
1 row in set (0.01 sec)

Query OK, 0 rows affected, 1 warning (0.00 sec)

Query OK, 357 rows affected (7.47 sec)
Records: 357  Duplicates: 0  Warnings: 0

+------------------------+
| rep_cccallreportbefore |
+------------------------+
|                 755617 |
+------------------------+
1 row in set (0.27 sec)

Query OK, 357 rows affected (0.99 sec)
Records: 357  Duplicates: 0  Warnings: 0

+-----------------------+
| rep_cccallreportafter |
+-----------------------+
|                755974 |
+-----------------------+
1 row in set (0.29 sec)

Query OK, 0 rows affected (0.00 sec)

mysql> mysql \. C:\workspace\cloud\code\sql\_DailyScript\currenttime.sql
+---------------------+
| currenttime         |
+---------------------+
| 2019-09-14 16:56:32 |
+---------------------+
1 row in set (0.00 sec)

mysql> 
mysql> mysql \. C:\workspace\cloud\code\sql\_DailyScript\DAILY-SCRIPT-USAGE.sql
Database changed
Query OK, 0 rows affected (0.00 sec)

Query OK, 6532 rows affected, 18923 warnings (2.89 sec)
Records: 6532  Deleted: 0  Skipped: 0  Warnings: 18923

Query OK, 0 rows affected (0.00 sec)

Query OK, 10427 rows affected, 30156 warnings (3.69 sec)
Records: 10427  Deleted: 0  Skipped: 0  Warnings: 30156

Query OK, 0 rows affected (0.00 sec)

Query OK, 59 rows affected, 210 warnings (0.03 sec)
Records: 59  Deleted: 0  Skipped: 0  Warnings: 210

Query OK, 0 rows affected (0.00 sec)

Query OK, 292 rows affected, 1016 warnings (0.06 sec)
Records: 292  Deleted: 0  Skipped: 0  Warnings: 1016

+------------+
| dailyusage |
+------------+
|    7720715 |
+------------+
1 row in set (20.07 sec)

+------------+------------+------------+---------+
| datestart  | dateend    | insertedon | records |
+------------+------------+------------+---------+
| 2019-09-13 | 2019-09-13 | 2019-09-14 |   17310 |
| 2019-09-12 | 2019-09-12 | 2019-09-13 |   17387 |
| 2019-09-11 | 2019-09-11 | 2019-09-12 |   17372 |
| 2019-09-10 | 2019-09-10 | 2019-09-11 |   17422 |
| 2019-09-09 | 2019-09-09 | 2019-09-10 |   17438 |
+------------+------------+------------+---------+
5 rows in set (2 min 22.56 sec)

mysql> mysql \. C:\workspace\cloud\code\sql\_DailyScript\currenttime.sql
+---------------------+
| currenttime         |
+---------------------+
| 2019-09-14 16:59:21 |
+---------------------+
1 row in set (0.00 sec)

mysql> 
mysql> mysql \. C:\workspace\cloud\code\sql\_DailyScript\DAILY-SCRIPT-SALES-TELEMETRY.sql
Database changed
Query OK, 107 rows affected, 33 warnings (0.05 sec)
Records: 107  Deleted: 0  Skipped: 0  Warnings: 33

+------------+
| dailysales |
+------------+
|     166885 |
+------------+
1 row in set (0.45 sec)

Query OK, 0 rows affected (0.01 sec)

Query OK, 166885 rows affected (19.42 sec)
Records: 166885  Duplicates: 0  Warnings: 0

+--------+
| sales  |
+--------+
| 166885 |
+--------+
1 row in set (0.09 sec)

Query OK, 0 rows affected (0.01 sec)

Query OK, 2669 rows affected (0.36 sec)
Records: 2669  Duplicates: 0  Warnings: 0

+----------------+
| rep_dailysales |
+----------------+
|           2669 |
+----------------+
1 row in set (0.00 sec)

Query OK, 0 rows affected (0.00 sec)

Query OK, 2669 rows affected (0.57 sec)
Records: 2669  Duplicates: 0  Warnings: 0

+-------------------+
| rep_dailysalesreg |
+-------------------+
|              2669 |
+-------------------+
1 row in set (0.00 sec)

Query OK, 0 rows affected (0.00 sec)

Query OK, 2511 rows affected (0.71 sec)
Records: 2511  Duplicates: 0  Warnings: 0

+-----------+
| saleslist |
+-----------+
|      2511 |
+-----------+
1 row in set (0.00 sec)

Database changed
Query OK, 6 rows affected (0.07 sec)
Records: 6  Deleted: 0  Skipped: 0  Warnings: 0

+------------------+
| dailysinglesales |
+------------------+
|             5948 |
+------------------+
1 row in set (0.04 sec)

Database changed
Query OK, 16 rows affected (0.08 sec)
Records: 16  Deleted: 0  Skipped: 0  Warnings: 0

+-----------------+
| dailyaddonsales |
+-----------------+
|           16905 |
+-----------------+
1 row in set (0.14 sec)

Query OK, 79 rows affected (0.06 sec)
Records: 79  Deleted: 0  Skipped: 0  Warnings: 0

+----------------+
| onlinepayments |
+----------------+
|          64082 |
+----------------+
1 row in set (0.17 sec)

+-------------+----------------+---------------------+
| paymentdate | onlinepayments | onlinepaymentamount |
+-------------+----------------+---------------------+
| 2019-09-13  |             79 |         47164.18000 |
| 2019-09-12  |             86 |         53759.85000 |
| 2019-09-11  |             65 |         40673.29000 |
| 2019-09-10  |             92 |         61721.00000 |
| 2019-09-09  |             97 |         56917.70000 |
+-------------+----------------+---------------------+
5 rows in set (3.17 sec)

+-------------+--------------+----------------+---------------------+
| paymentyear | paymentmonth | onlinepayments | onlinepaymentamount |
+-------------+--------------+----------------+---------------------+
|        2019 |            9 |           1274 |        841136.83000 |
|        2019 |            8 |           3117 |       1993718.27000 |
|        2019 |            7 |           3028 |       2000847.29000 |
|        2019 |            6 |           2798 |       1782990.54000 |
|        2019 |            5 |           2949 |       1930613.93000 |
+-------------+--------------+----------------+---------------------+
5 rows in set (0.09 sec)

mysql> mysql \. C:\workspace\cloud\code\sql\_DailyScript\currenttime.sql
+---------------------+
| currenttime         |
+---------------------+
| 2019-09-14 16:59:47 |
+---------------------+
1 row in set (0.00 sec)

mysql> 
mysql> mysql \. C:\workspace\cloud\code\sql\_DailyScript\DAILY-SCRIPT-ACTIVENUMBERS.sql
Database changed
Query OK, 1261 rows affected (1.03 sec)
Records: 1261  Deleted: 0  Skipped: 0  Warnings: 0

+------------+----------+
| period     | count(1) |
+------------+----------+
| 2019-09-13 |     1261 |
| 2019-09-12 |     1261 |
| 2019-09-11 |     1262 |
| 2019-09-10 |     1262 |
| 2019-09-09 |     1262 |
| 2019-09-08 |     1261 |
+------------+----------+
6 rows in set (0.01 sec)

Query OK, 0 rows affected (0.01 sec)

Query OK, 80 rows affected (1.85 sec)
Records: 80  Duplicates: 0  Warnings: 0

+-------------+
| packagelist |
+-------------+
|          80 |
+-------------+
1 row in set (0.00 sec)

Database changed
Query OK, 0 rows affected (0.00 sec)

Query OK, 0 rows affected (0.00 sec)

Query OK, 0 rows affected (0.00 sec)

Query OK, 0 rows affected (0.00 sec)

Query OK, 27114 rows affected, 232 warnings (1 min 3.63 sec)
Records: 27114  Deleted: 0  Skipped: 0  Warnings: 232

+------------+----------+
| period     | count(1) |
+------------+----------+
| 2019-09-13 |    27114 |
| 2019-09-12 |    27065 |
| 2019-09-11 |    27073 |
| 2019-09-10 |    26993 |
| 2019-09-09 |    26952 |
+------------+----------+
5 rows in set (0.17 sec)

Query OK, 0 rows affected (0.05 sec)

Query OK, 26484 rows affected (2 min 10.97 sec)
Records: 26484  Duplicates: 0  Warnings: 0

Query OK, 0 rows affected (0.17 sec)
Records: 0  Duplicates: 0  Warnings: 0

Query OK, 0 rows affected (0.15 sec)
Records: 0  Duplicates: 0  Warnings: 0

Query OK, 0 rows affected (0.12 sec)
Records: 0  Duplicates: 0  Warnings: 0

Query OK, 0 rows affected (0.09 sec)
Records: 0  Duplicates: 0  Warnings: 0

Query OK, 0 rows affected (0.08 sec)
Records: 0  Duplicates: 0  Warnings: 0

Query OK, 0 rows affected (0.08 sec)
Records: 0  Duplicates: 0  Warnings: 0

+-------------+
| countbefore |
+-------------+
|    29301055 |
+-------------+
1 row in set (1 min 16.93 sec)

Query OK, 26484 rows affected (26.49 sec)
Records: 26484  Duplicates: 0  Warnings: 0

+------------+
| countafter |
+------------+
|   29327539 |
+------------+
1 row in set (16.87 sec)

+------------+--------------------------+
| period     | customercontractactivity |
+------------+--------------------------+
| 2019-09-13 |                    26484 |
| 2019-09-12 |                    26435 |
| 2019-09-11 |                    26443 |
| 2019-09-10 |                    26363 |
| 2019-09-09 |                    26322 |
+------------+--------------------------+
5 rows in set (0.07 sec)

Query OK, 0 rows affected (0.13 sec)

Query OK, 227688 rows affected (15 min 0.77 sec)
Records: 227688  Duplicates: 0  Warnings: 0

Query OK, 0 rows affected (1.42 sec)
Records: 0  Duplicates: 0  Warnings: 0

Query OK, 0 rows affected (1.20 sec)
Records: 0  Duplicates: 0  Warnings: 0

Query OK, 0 rows affected (1.11 sec)
Records: 0  Duplicates: 0  Warnings: 0

Query OK, 0 rows affected (0.02 sec)

Query OK, 251 rows affected (0.61 sec)
Records: 251  Duplicates: 0  Warnings: 0

Query OK, 0 rows affected (0.01 sec)

Query OK, 2493 rows affected (0.69 sec)
Records: 2493  Duplicates: 0  Warnings: 0

Query OK, 0 rows affected (0.01 sec)

Query OK, 26474 rows affected (0.76 sec)
Records: 26474  Duplicates: 0  Warnings: 0

Query OK, 0 rows affected (0.06 sec)

Query OK, 16899 rows affected (0.66 sec)
Records: 16899  Duplicates: 0  Warnings: 0

Query OK, 0 rows affected (0.02 sec)

Query OK, 16899 rows affected (0.15 sec)
Records: 16899  Duplicates: 0  Warnings: 0

Query OK, 0 rows affected (0.01 sec)

Query OK, 16899 rows affected (2.46 sec)
Records: 16899  Duplicates: 0  Warnings: 0

Query OK, 0 rows affected (0.01 sec)

Query OK, 16899 rows affected (52.55 sec)
Records: 16899  Duplicates: 0  Warnings: 0

+-------------+
| clientstats |
+-------------+
|       16899 |
+-------------+
1 row in set (0.01 sec)

Query OK, 0 rows affected (0.00 sec)

Query OK, 13 rows affected, 1 warning (0.13 sec)
Records: 13  Duplicates: 0  Warnings: 1

+-----------------------+-------------+-------------+----------------+-----------------+
| services              | activecount | allaccounts | uniqueaccounts | uniquecontracts |
+-----------------------+-------------+-------------+----------------+-----------------+
| All                   |         214 |          39 |             39 |             126 |
| Internet & Voice      |         442 |         203 |            203 |             397 |
| Internet Only         |        4195 |        4095 |           4089 |            4139 |
| OTT Only              |           3 |           3 |              3 |               3 |
| TV & Internet         |        8715 |        3817 |           3807 |            7757 |
| TV & Internet & OTT   |        2324 |         620 |            620 |            1276 |
| TV & Internet & Voice |         488 |         139 |            139 |             428 |
| TV & OTT              |         347 |          67 |             67 |              83 |
| TV & Voice            |         108 |          46 |             46 |              95 |
| TV & Voice & OTT      |           3 |           1 |              1 |               2 |
| TV Only               |       10214 |        7679 |           7673 |            7862 |
| Voice Only            |         191 |         190 |            190 |             191 |
| GRAND TOTAL           |       27244 |       16899 |          16827 |           22359 |
+-----------------------+-------------+-------------+----------------+-----------------+
13 rows in set (0.00 sec)

+-------------+-------------+-------------+----------------+-----------------+
| network     | activecount | allaccounts | uniqueaccounts | uniquecontracts |
+-------------+-------------+-------------+----------------+-----------------+
| ADDON       |          14 |          10 |             10 |              10 |
| GPON        |        7216 |        3635 |           3632 |            5519 |
| HFC         |       20013 |       13253 |          13253 |           16829 |
| MOBILE TV   |           1 |           1 |              1 |               1 |
| GRAND TOTAL |       27244 |       16899 |          16827 |           22359 |
+-------------+-------------+-------------+----------------+-----------------+
5 rows in set, 1 warning (0.15 sec)

+-------------+-----------------------+-------------+-------------+----------------+-----------------+
| network     | services              | activecount | allaccounts | uniqueaccounts | uniquecontracts |
+-------------+-----------------------+-------------+-------------+----------------+-----------------+
| ADDON       | OTT Only              |           2 |           2 |              2 |               2 |
| ADDON       | TV & OTT              |           4 |           1 |              1 |               1 |
| ADDON       | TV Only               |           8 |           7 |              7 |               7 |
| ADDON       | Services Total        |          14 |          10 |             10 |              10 |
| GPON        | All                   |          94 |          18 |             18 |              56 |
| GPON        | Internet & Voice      |          67 |          28 |             28 |              57 |
| GPON        | Internet Only         |         951 |         878 |            878 |             898 |
| GPON        | TV & Internet         |        3016 |        1259 |           1259 |            2581 |
| GPON        | TV & Internet & OTT   |        1205 |         317 |            317 |             657 |
| GPON        | TV & Internet & Voice |         128 |          35 |             35 |             108 |
| GPON        | TV & OTT              |          76 |          24 |             24 |              25 |
| GPON        | TV & Voice            |          50 |          20 |             20 |              42 |
| GPON        | TV Only               |        1619 |        1046 |           1046 |            1085 |
| GPON        | Voice Only            |          10 |          10 |             10 |              10 |
| GPON        | Services Total        |        7216 |        3635 |           3632 |            5519 |
| HFC         | All                   |         120 |          21 |             21 |              70 |
| HFC         | Internet & Voice      |         375 |         175 |            175 |             340 |
| HFC         | Internet Only         |        3244 |        3217 |           3217 |            3241 |
| HFC         | TV & Internet         |        5699 |        2558 |           2558 |            5176 |
| HFC         | TV & Internet & OTT   |        1119 |         303 |            303 |             619 |
| HFC         | TV & Internet & Voice |         360 |         104 |            104 |             320 |
| HFC         | TV & OTT              |         267 |          42 |             42 |              57 |
| HFC         | TV & Voice            |          58 |          26 |             26 |              53 |
| HFC         | TV & Voice & OTT      |           3 |           1 |              1 |               2 |
| HFC         | TV Only               |        8587 |        6626 |           6626 |            6770 |
| HFC         | Voice Only            |         181 |         180 |            180 |             181 |
| HFC         | Services Total        |       20013 |       13253 |          13253 |           16829 |
| MOBILE TV   | OTT Only              |           1 |           1 |              1 |               1 |
| MOBILE TV   | Services Total        |           1 |           1 |              1 |               1 |
| GRAND TOTAL | Services Total        |       27244 |       16899 |          16827 |           22359 |
+-------------+-----------------------+-------------+-------------+----------------+-----------------+
30 rows in set, 2 warnings (0.16 sec)

Query OK, 0 rows affected (0.00 sec)

Query OK, 46 rows affected, 3 warnings (0.23 sec)
Records: 46  Duplicates: 0  Warnings: 3

+-------------+---------------+-----------------------+-------------+-------------+----------------+-----------------+
| region      | network       | services              | activecount | allaccounts | uniqueaccounts | uniquecontracts |
+-------------+---------------+-----------------------+-------------+-------------+----------------+-----------------+
| Mahe        | ADDON         | OTT Only              |           2 |           2 |              2 |               2 |
| Mahe        | ADDON         | TV & OTT              |           4 |           1 |              1 |               1 |
| Mahe        | ADDON         | TV Only               |           4 |           3 |              3 |               3 |
| Mahe        | ADDON         | Services Total        |          10 |           6 |              6 |               6 |
| Mahe        | GPON          | All                   |          73 |          14 |             14 |              44 |
| Mahe        | GPON          | Internet & Voice      |          53 |          21 |             21 |              43 |
| Mahe        | GPON          | Internet Only         |         742 |         669 |            669 |             689 |
| Mahe        | GPON          | TV & Internet         |        2169 |         898 |            898 |            1831 |
| Mahe        | GPON          | TV & Internet & OTT   |         800 |         201 |            201 |             416 |
| Mahe        | GPON          | TV & Internet & Voice |         113 |          31 |             31 |              94 |
| Mahe        | GPON          | TV & OTT              |          43 |          12 |             12 |              12 |
| Mahe        | GPON          | TV & Voice            |          47 |          19 |             19 |              39 |
| Mahe        | GPON          | TV Only               |        1211 |         760 |            760 |             782 |
| Mahe        | GPON          | Voice Only            |          10 |          10 |             10 |              10 |
| Mahe        | GPON          | Services Total        |        5261 |        2635 |           2635 |            3960 |
| Mahe        | HFC           | All                   |         120 |          21 |             21 |              70 |
| Mahe        | HFC           | Internet & Voice      |         375 |         175 |            175 |             340 |
| Mahe        | HFC           | Internet Only         |        3244 |        3217 |           3217 |            3241 |
| Mahe        | HFC           | TV & Internet         |        5699 |        2558 |           2558 |            5176 |
| Mahe        | HFC           | TV & Internet & OTT   |        1119 |         303 |            303 |             619 |
| Mahe        | HFC           | TV & Internet & Voice |         360 |         104 |            104 |             320 |
| Mahe        | HFC           | TV & OTT              |         267 |          42 |             42 |              57 |
| Mahe        | HFC           | TV & Voice            |          58 |          26 |             26 |              53 |
| Mahe        | HFC           | TV & Voice & OTT      |           3 |           1 |              1 |               2 |
| Mahe        | HFC           | TV Only               |        8582 |        6623 |           6623 |            6767 |
| Mahe        | HFC           | Voice Only            |         181 |         180 |            180 |             181 |
| Mahe        | HFC           | Services Total        |       20008 |       13250 |          13250 |           16826 |
| Mahe        | MOBILE TV     | OTT Only              |           1 |           1 |              1 |               1 |
| Mahe        | MOBILE TV     | Services Total        |           1 |           1 |              1 |               1 |
| Mahe        | Network Total | Services Total        |       25280 |       15892 |          15826 |           20793 |
| Praslin     | ADDON         | TV Only               |           4 |           4 |              4 |               4 |
| Praslin     | ADDON         | Services Total        |           4 |           4 |              4 |               4 |
| Praslin     | GPON          | All                   |          21 |           4 |              4 |              12 |
| Praslin     | GPON          | Internet & Voice      |          14 |           7 |              7 |              14 |
| Praslin     | GPON          | Internet Only         |         209 |         209 |            209 |             209 |
| Praslin     | GPON          | TV & Internet         |         847 |         361 |            361 |             750 |
| Praslin     | GPON          | TV & Internet & OTT   |         405 |         116 |            116 |             241 |
| Praslin     | GPON          | TV & Internet & Voice |          15 |           4 |              4 |              14 |
| Praslin     | GPON          | TV & OTT              |          33 |          12 |             12 |              13 |
| Praslin     | GPON          | TV & Voice            |           3 |           1 |              1 |               3 |
| Praslin     | GPON          | TV Only               |         408 |         286 |            286 |             303 |
| Praslin     | GPON          | Services Total        |        1955 |        1000 |           1000 |            1559 |
| Praslin     | HFC           | TV Only               |           5 |           3 |              3 |               3 |
| Praslin     | HFC           | Services Total        |           5 |           3 |              3 |               3 |
| Praslin     | Network Total | Services Total        |        1964 |        1007 |           1004 |            1566 |
| GRAND TOTAL | Network Total | Services Total        |       27244 |       16899 |          16827 |           22359 |
+-------------+---------------+-----------------------+-------------+-------------+----------------+-----------------+
46 rows in set (0.00 sec)

Query OK, 0 rows affected (0.01 sec)

Query OK, 26475 rows affected (0.54 sec)
Records: 26475  Duplicates: 0  Warnings: 0

Query OK, 0 rows affected (0.01 sec)

Query OK, 1939 rows affected (9.04 sec)
Records: 1939  Duplicates: 0  Warnings: 0

+--------------------------------------+
| message                              |
+--------------------------------------+
| running rcbill_my.sp_ActiveNumber2() |
+--------------------------------------+
1 row in set (0.00 sec)

Query OK, 256 rows affected (2 min 37.91 sec)

mysql> mysql \. C:\workspace\cloud\code\sql\_DailyScript\currenttime.sql
+---------------------+
| currenttime         |
+---------------------+
| 2019-09-14 17:23:57 |
+---------------------+
1 row in set (0.00 sec)

mysql> 
mysql> mysql \. C:\workspace\cloud\code\sql\_DailyScript\GetActiveNumbers Average -Pivot.sql
Database changed
+-------------------------------------+
| @today := subdate(current_date(),1) |
+-------------------------------------+
| 2019-09-13                          |
+-------------------------------------+
1 row in set (0.00 sec)

+-------------------------------------+
| @lastdayofmonth := last_day(@today) |
+-------------------------------------+
| 2019-09-30                          |
+-------------------------------------+
1 row in set (0.00 sec)

Query OK, 0 rows affected (0.04 sec)

Query OK, 32632 rows affected, 65535 warnings (1 min 2.25 sec)
Records: 32632  Duplicates: 0  Warnings: 67794

Query OK, 0 rows affected (0.09 sec)
Records: 0  Duplicates: 0  Warnings: 0

Query OK, 0 rows affected (0.11 sec)
Records: 0  Duplicates: 0  Warnings: 0

Query OK, 0 rows affected (0.10 sec)
Records: 0  Duplicates: 0  Warnings: 0

+-----------------+
| activenumberavg |
+-----------------+
|           32632 |
+-----------------+
1 row in set (0.01 sec)

Query OK, 0 rows affected (0.01 sec)

Query OK, 1775 rows affected (0.48 sec)
Records: 1775  Duplicates: 0  Warnings: 0

+---------------------+
| rep_activenumberavg |
+---------------------+
|                1775 |
+---------------------+
1 row in set (0.00 sec)

+----------------------+
| rep_activenumberavg1 |
+----------------------+
|                  842 |
+----------------------+
1 row in set (0.00 sec)

Query OK, 0 rows affected (0.00 sec)

Query OK, 1669 rows affected (0.40 sec)
Records: 1669  Duplicates: 0  Warnings: 0

Query OK, 0 rows affected (0.00 sec)

Query OK, 8445 rows affected (0.66 sec)
Records: 8445  Duplicates: 0  Warnings: 0

Query OK, 0 rows affected (0.00 sec)

Query OK, 0 rows affected (0.01 sec)

Query OK, 0 rows affected (0.00 sec)

Query OK, 0 rows affected (0.00 sec)

Query OK, 0 rows affected (0.00 sec)
Statement prepared

Query OK, 53 rows affected (0.03 sec)
Records: 53  Duplicates: 0  Warnings: 0

Query OK, 0 rows affected (0.00 sec)

Query OK, 0 rows affected (0.00 sec)

+----------------------+
| rep_activenumberavg2 |
+----------------------+
|                 1669 |
+----------------------+
1 row in set (0.00 sec)

+------------------------+
| rep_activenumberavg_pv |
+------------------------+
|                     53 |
+------------------------+
1 row in set (0.00 sec)

Query OK, 0 rows affected (0.01 sec)

Query OK, 1669 rows affected (0.33 sec)
Records: 1669  Duplicates: 0  Warnings: 0

Query OK, 0 rows affected (0.00 sec)

Query OK, 0 rows affected (0.00 sec)

Query OK, 0 rows affected (0.00 sec)

Query OK, 0 rows affected (0.00 sec)

Query OK, 0 rows affected (0.00 sec)
Statement prepared

Query OK, 53 rows affected (0.04 sec)
Records: 53  Duplicates: 0  Warnings: 0

Query OK, 0 rows affected (0.00 sec)

Query OK, 0 rows affected (0.00 sec)

+-------------------------+
| rep_activenumberavgMahe |
+-------------------------+
|                    1669 |
+-------------------------+
1 row in set (0.00 sec)

+----------------------------+
| rep_activenumberavgMahe_pv |
+----------------------------+
|                         53 |
+----------------------------+
1 row in set (0.00 sec)

Query OK, 0 rows affected (0.01 sec)

Query OK, 1068 rows affected (0.15 sec)
Records: 1068  Duplicates: 0  Warnings: 0

Query OK, 0 rows affected (0.00 sec)

Query OK, 0 rows affected (0.00 sec)

Query OK, 0 rows affected (0.01 sec)

Query OK, 0 rows affected (0.00 sec)

Query OK, 0 rows affected (0.00 sec)
Statement prepared

Query OK, 39 rows affected (0.04 sec)
Records: 39  Duplicates: 0  Warnings: 0

Query OK, 0 rows affected (0.00 sec)

Query OK, 0 rows affected (0.00 sec)

+----------------------------+
| rep_activenumberavgPraslin |
+----------------------------+
|                       1068 |
+----------------------------+
1 row in set (0.00 sec)

+-------------------------------+
| rep_activenumberavgPraslin_pv |
+-------------------------------+
|                            39 |
+-------------------------------+
1 row in set (0.00 sec)

mysql> mysql \. C:\workspace\cloud\code\sql\_DailyScript\currenttime.sql
+---------------------+
| currenttime         |
+---------------------+
| 2019-09-14 17:25:01 |
+---------------------+
1 row in set (0.00 sec)

mysql> 
mysql> mysql \. C:\workspace\cloud\code\sql\_DailyScript\budget_actual_analysis_2019.sql
Query OK, 0 rows affected (0.00 sec)

Query OK, 564 rows affected, 3 warnings (0.31 sec)
Records: 564  Duplicates: 0  Warnings: 3

+--------------------+
| budget_actual_2019 |
+--------------------+
|                564 |
+--------------------+
1 row in set (0.00 sec)

Query OK, 0 rows affected (0.02 sec)

Query OK, 48 rows affected (0.04 sec)
Records: 48  Duplicates: 0  Warnings: 0

+---------------------------+
| rep_budget_actual_2019_pv |
+---------------------------+
|                        48 |
+---------------------------+
1 row in set (0.00 sec)

mysql> mysql \. C:\workspace\cloud\code\sql\_DailyScript\currenttime.sql
+---------------------+
| currenttime         |
+---------------------+
| 2019-09-14 17:25:02 |
+---------------------+
1 row in set (0.00 sec)

mysql> 
mysql> mysql \. C:\workspace\cloud\code\sql\_DailyScript\reports-sales-addons-prepaid-camera.sql
Database changed
Query OK, 0 rows affected (0.01 sec)

Query OK, 3789 rows affected (0.33 sec)
Records: 3789  Duplicates: 0  Warnings: 0

Query OK, 0 rows affected (0.01 sec)

Query OK, 16926 rows affected (41.57 sec)
Records: 16926  Duplicates: 0  Warnings: 0

+--------------------+
| rep_prepaid_camera |
+--------------------+
|               3789 |
+--------------------+
1 row in set (0.01 sec)

+-----------+
| rep_addon |
+-----------+
|     16926 |
+-----------+
1 row in set (0.01 sec)

mysql> mysql \. C:\workspace\cloud\code\sql\_DailyScript\currenttime.sql
+---------------------+
| currenttime         |
+---------------------+
| 2019-09-14 17:25:44 |
+---------------------+
1 row in set (0.00 sec)

mysql> 
mysql> mysql \. C:\workspace\cloud\code\sql\_DailyScript\housing-estate-analysis.sql
Database changed
Query OK, 0 rows affected (0.02 sec)

Query OK, 2876 rows affected (32.96 sec)
Records: 2876  Duplicates: 0  Warnings: 0

+--------------------+
| rep_housingestates |
+--------------------+
|               2876 |
+--------------------+
1 row in set (0.00 sec)

mysql> mysql \. C:\workspace\cloud\code\sql\_DailyScript\currenttime.sql
+---------------------+
| currenttime         |
+---------------------+
| 2019-09-14 17:26:17 |
+---------------------+
1 row in set (0.00 sec)

mysql> 
mysql> mysql \. C:\workspace\cloud\code\sql\_DailyScript\RCB_ClientAnalyticsReport_Script.sql
Database changed
Query OK, 0 rows affected (0.00 sec)

Query OK, 0 rows affected (0.05 sec)

Query OK, 1733782 rows affected (1 min 40.73 sec)
Records: 1733782  Duplicates: 0  Warnings: 0

Query OK, 0 rows affected (10.29 sec)
Records: 0  Duplicates: 0  Warnings: 0

Query OK, 0 rows affected (6.23 sec)
Records: 0  Duplicates: 0  Warnings: 0

Query OK, 0 rows affected (10.44 sec)
Records: 0  Duplicates: 0  Warnings: 0

Query OK, 0 rows affected (11.96 sec)
Records: 0  Duplicates: 0  Warnings: 0

Query OK, 0 rows affected (10.68 sec)
Records: 0  Duplicates: 0  Warnings: 0

Query OK, 0 rows affected (8.60 sec)
Records: 0  Duplicates: 0  Warnings: 0

Query OK, 0 rows affected (0.00 sec)

Query OK, 451273 rows affected (17.41 sec)
Rows matched: 1733782  Changed: 451273  Warnings: 0

Query OK, 0 rows affected (0.01 sec)

Query OK, 27267 rows affected (5.82 sec)
Records: 27267  Duplicates: 0  Warnings: 0

Query OK, 0 rows affected (0.02 sec)

Query OK, 42633 rows affected (12 min 38.59 sec)
Records: 42633  Duplicates: 0  Warnings: 0

Query OK, 0 rows affected (0.19 sec)
Records: 0  Duplicates: 0  Warnings: 0

Query OK, 0 rows affected (0.19 sec)
Records: 0  Duplicates: 0  Warnings: 0

Query OK, 0 rows affected (0.11 sec)
Records: 0  Duplicates: 0  Warnings: 0

Query OK, 0 rows affected (0.05 sec)

Query OK, 423731 rows affected (14 min 24.93 sec)
Records: 423731  Duplicates: 0  Warnings: 0

Query OK, 0 rows affected (1.99 sec)
Records: 0  Duplicates: 0  Warnings: 0

Query OK, 0 rows affected (1.88 sec)
Records: 0  Duplicates: 0  Warnings: 0

Query OK, 0 rows affected (1.21 sec)
Records: 0  Duplicates: 0  Warnings: 0

Query OK, 0 rows affected (2.19 sec)
Records: 0  Duplicates: 0  Warnings: 0

Query OK, 0 rows affected (1.28 sec)
Records: 0  Duplicates: 0  Warnings: 0

Query OK, 0 rows affected (0.01 sec)

Query OK, 42633 rows affected (1 min 42.58 sec)
Records: 42633  Duplicates: 0  Warnings: 0

+--------------+
| clientreport |
+--------------+
|        42633 |
+--------------+
1 row in set (0.02 sec)

Query OK, 0 rows affected (0.03 sec)

Query OK, 42633 rows affected (7.10 sec)
Records: 42633  Duplicates: 0  Warnings: 0

+----------------------+
| clientextendedreport |
+----------------------+
|                42633 |
+----------------------+
1 row in set (0.02 sec)

Query OK, 0 rows affected (0.01 sec)

Query OK, 42633 rows affected (1 min 17.85 sec)
Records: 42633  Duplicates: 0  Warnings: 0

+---------+
| allcust |
+---------+
|   42633 |
+---------+
1 row in set (0.02 sec)

Query OK, 0 rows affected, 1 warning (0.00 sec)

Query OK, 5000 rows affected (0.18 sec)
Records: 5000  Duplicates: 0  Warnings: 0

Query OK, 0 rows affected (0.01 sec)

Query OK, 6911 rows affected (0.38 sec)
Records: 6911  Duplicates: 0  Warnings: 0

Query OK, 0 rows affected, 1 warning (0.00 sec)

Query OK, 5000 rows affected (0.17 sec)
Records: 5000  Duplicates: 0  Warnings: 0

Query OK, 0 rows affected (0.02 sec)

Query OK, 7322 rows affected (0.22 sec)
Records: 7322  Duplicates: 0  Warnings: 0

mysql> mysql \. C:\workspace\cloud\code\sql\_DailyScript\currenttime.sql
+---------------------+
| currenttime         |
+---------------------+
| 2019-09-14 17:59:40 |
+---------------------+
1 row in set (0.00 sec)

mysql> 
mysql> mysql \. C:\workspace\cloud\code\sql\_DailyScript\REVENUE_PER_NODE_MXK.sql
Query OK, 0 rows affected (0.01 sec)

Query OK, 0 rows affected (0.01 sec)

Query OK, 0 rows affected (0.01 sec)

Query OK, 4871 rows affected (2.67 sec)
Records: 4871  Duplicates: 0  Warnings: 0

+----------------------+
| message              |
+----------------------+
| created temp table a |
+----------------------+
1 row in set (0.00 sec)

Query OK, 5311 rows affected (1.42 sec)
Records: 5311  Duplicates: 0  Warnings: 0

+----------------------+
| message              |
+----------------------+
| created temp table b |
+----------------------+
1 row in set (0.00 sec)

Query OK, 0 rows affected, 1 warning (0.00 sec)

Query OK, 5158 rows affected (10.73 sec)
Records: 5158  Duplicates: 0  Warnings: 0

+--------------------------------+
| message                        |
+--------------------------------+
| created rcbill_my.tempcustmxk1 |
+--------------------------------+
1 row in set (0.00 sec)

Query OK, 0 rows affected (0.00 sec)

Query OK, 0 rows affected (0.00 sec)

Query OK, 0 rows affected, 1 warning (0.00 sec)

Query OK, 4871 rows affected (1.27 sec)
Records: 4871  Duplicates: 0  Warnings: 0

+----------------+
| message        |
+----------------+
| created temp a |
+----------------+
1 row in set (0.00 sec)

Query OK, 5311 rows affected (0.52 sec)
Records: 5311  Duplicates: 0  Warnings: 0

+----------------+
| message        |
+----------------+
| created temp b |
+----------------+
1 row in set (0.00 sec)

Query OK, 0 rows affected, 1 warning (0.00 sec)

Query OK, 5404 rows affected (7.31 sec)
Records: 5404  Duplicates: 0  Warnings: 0

+--------------------------------+
| message                        |
+--------------------------------+
| created rcbill_my.tempcustmxk2 |
+--------------------------------+
1 row in set (0.00 sec)

Query OK, 0 rows affected (0.00 sec)

Query OK, 0 rows affected (0.00 sec)

Query OK, 0 rows affected, 1 warning (0.00 sec)

Query OK, 0 rows affected (0.01 sec)

Query OK, 5812 rows affected (0.36 sec)
Records: 5812  Duplicates: 0  Warnings: 0

+---------------------------------+
| message                         |
+---------------------------------+
| created rcbill_my.customers_mxk |
+---------------------------------+
1 row in set (0.00 sec)

Query OK, 0 rows affected (0.00 sec)

Query OK, 0 rows affected (0.00 sec)

Query OK, 13289 rows affected (6.84 sec)
Records: 13289  Duplicates: 0  Warnings: 0

+----------------+
| message        |
+----------------+
| created temp a |
+----------------+
1 row in set (0.00 sec)

Query OK, 20750 rows affected (3.57 sec)
Records: 20750  Duplicates: 0  Warnings: 0

+----------------+
| message        |
+----------------+
| created temp c |
+----------------+
1 row in set (0.00 sec)

Query OK, 0 rows affected, 1 warning (0.00 sec)

Query OK, 27426 rows affected (0.40 sec)
Records: 27426  Duplicates: 0  Warnings: 0

+---------------------------------+
| message                         |
+---------------------------------+
| created rcbill_my.tempcustcmts1 |
+---------------------------------+
1 row in set (0.00 sec)

Query OK, 0 rows affected (0.00 sec)

Query OK, 0 rows affected, 1 warning (0.00 sec)

Query OK, 0 rows affected (0.01 sec)

Query OK, 13289 rows affected (6.45 sec)
Records: 13289  Duplicates: 0  Warnings: 0

+----------------+
| message        |
+----------------+
| created temp a |
+----------------+
1 row in set (0.00 sec)

Query OK, 20750 rows affected (1.21 sec)
Records: 20750  Duplicates: 0  Warnings: 0

+----------------+
| message        |
+----------------+
| created temp c |
+----------------+
1 row in set (0.00 sec)

Query OK, 0 rows affected, 1 warning (0.00 sec)

Query OK, 21663 rows affected (0.33 sec)
Records: 21663  Duplicates: 0  Warnings: 0

+---------------------------------+
| message                         |
+---------------------------------+
| created rcbill_my.tempcustcmts2 |
+---------------------------------+
1 row in set (0.00 sec)

Query OK, 0 rows affected (0.01 sec)

Query OK, 0 rows affected, 1 warning (0.00 sec)

Query OK, 0 rows affected (0.01 sec)

Query OK, 0 rows affected (0.01 sec)

Query OK, 13407 rows affected (1.20 sec)
Records: 13407  Duplicates: 0  Warnings: 0

+----------------------------------+
| message                          |
+----------------------------------+
| created rcbill_my.customers_cmts |
+----------------------------------+
1 row in set (0.00 sec)

Query OK, 0 rows affected (0.00 sec)

Query OK, 0 rows affected (0.00 sec)

Query OK, 0 rows affected (0.01 sec)

Query OK, 16779 rows affected (0.95 sec)
Records: 16779  Duplicates: 0  Warnings: 0

+--------------------------------------+
| message                              |
+--------------------------------------+
| created rcbill_my.customers_cmts_mxk |
+--------------------------------------+
1 row in set (0.00 sec)

Query OK, 447536 rows affected (1 min 22.07 sec)
Records: 447536  Duplicates: 0  Warnings: 0

+----------------+
| message        |
+----------------+
| created temp a |
+----------------+
1 row in set (0.00 sec)

Query OK, 0 rows affected (0.02 sec)

Query OK, 448213 rows affected (15.00 sec)
Records: 448213  Duplicates: 0  Warnings: 0

+------------------------------------------------+
| message                                        |
+------------------------------------------------+
| created rcbill_my.customers_contracts_cmts_mxk |
+------------------------------------------------+
1 row in set (0.00 sec)

Query OK, 0 rows affected (0.01 sec)

Query OK, 0 rows affected, 1 warning (0.00 sec)

Query OK, 0 rows affected, 1 warning (0.00 sec)

Query OK, 0 rows affected (0.00 sec)

Query OK, 7795 rows affected (4.09 sec)
Rows matched: 7795  Changed: 7795  Warnings: 0

+------------------------------------------------+
| message                                        |
+------------------------------------------------+
| updated rcbill_my.customers_contracts_cmts_mxk |
+------------------------------------------------+
1 row in set (0.00 sec)

Query OK, 0 rows affected (0.03 sec)

Query OK, 1701075 rows affected (4 min 58.21 sec)
Records: 1701075  Duplicates: 0  Warnings: 0

+----------------------------------------+
| message                                |
+----------------------------------------+
| created rcbill_my.customers_collection |
+----------------------------------------+
1 row in set (0.00 sec)

Query OK, 0 rows affected (0.03 sec)

Query OK, 1959110 rows affected (2 min 23.44 sec)
Records: 1959110  Duplicates: 0  Warnings: 0

+------------------------------------------------+
| message                                        |
+------------------------------------------------+
| created rcbill_my.customers_cmts_mxk_cont_coll |
+------------------------------------------------+
1 row in set (0.00 sec)

Query OK, 0 rows affected (0.02 sec)

Query OK, 45585 rows affected (12.16 sec)
Records: 45585  Duplicates: 0  Warnings: 0

+------------------------------------------------------------+
| message                                                    |
+------------------------------------------------------------+
| created rcbill_my.customers_contracts_collection_pivot2019 |
+------------------------------------------------------------+
1 row in set (0.00 sec)

Query OK, 0 rows affected (0.01 sec)

Query OK, 19819 rows affected (10.66 sec)
Records: 19819  Duplicates: 0  Warnings: 0

+--------------------------------------------------+
| message                                          |
+--------------------------------------------------+
| created rcbill_my.customers_collection_pivot2019 |
+--------------------------------------------------+
1 row in set (0.00 sec)

Query OK, 0 rows affected (0.01 sec)

Query OK, 42633 rows affected (1.63 sec)
Records: 42633  Duplicates: 0  Warnings: 0

+------------------------------------------------+
| message                                        |
+------------------------------------------------+
| created rcbill_my.rep_customers_collection2019 |
+------------------------------------------------+
1 row in set (0.00 sec)

Query OK, 0 rows affected (0.00 sec)

Query OK, 0 rows affected, 1 warning (0.00 sec)

Query OK, 417516 rows affected (28.19 sec)
Records: 417516  Duplicates: 0  Warnings: 0

+-------------------------+
| message                 |
+-------------------------+
| created rcbill_my.tempa |
+-------------------------+
1 row in set (0.00 sec)

Query OK, 0 rows affected, 1 warning (0.00 sec)

Query OK, 94778 rows affected (17.41 sec)
Records: 94778  Duplicates: 0  Warnings: 0

+-------------------------+
| message                 |
+-------------------------+
| created rcbill_my.tempb |
+-------------------------+
1 row in set (0.00 sec)

Query OK, 417516 rows affected (11.39 sec)
Records: 417516  Duplicates: 0  Warnings: 0

+-----------+
| message   |
+-----------+
| created a |
+-----------+
1 row in set (0.00 sec)

Query OK, 94786 rows affected (7.95 sec)
Records: 94786  Duplicates: 0  Warnings: 0

+-----------+
| message   |
+-----------+
| created b |
+-----------+
1 row in set (0.00 sec)

Query OK, 0 rows affected (0.11 sec)

Query OK, 0 rows affected (0.01 sec)

Query OK, 0 rows affected (0.04 sec)

Query OK, 420425 rows affected (35.00 sec)
Records: 420425  Duplicates: 0  Warnings: 0

+----------------------------------------------+
| message                                      |
+----------------------------------------------+
| created rcbill_my.cust_cont_payment_cmts_mxk |
+----------------------------------------------+
1 row in set (0.00 sec)

Query OK, 0 rows affected (0.01 sec)

Query OK, 0 rows affected (0.00 sec)

Query OK, 0 rows affected, 1 warning (0.00 sec)

Query OK, 0 rows affected (0.01 sec)

Query OK, 42633 rows affected (14.98 sec)
Records: 42633  Duplicates: 0  Warnings: 0

+--------------------------------------------------+
| message                                          |
+--------------------------------------------------+
| created rcbill_my.rep_cust_cont_payment_cmts_mxk |
+--------------------------------------------------+
1 row in set (0.00 sec)

Query OK, 0 rows affected, 1 warning (0.00 sec)

Query OK, 0 rows affected, 1 warning (0.00 sec)

Query OK, 0 rows affected (0.01 sec)

Query OK, 42633 rows affected, 5 warnings (9.87 sec)
Records: 42633  Duplicates: 0  Warnings: 5

+----------------------+
| rep_custconsolidated |
+----------------------+
|                42633 |
+----------------------+
1 row in set (0.04 sec)

Query OK, 0 rows affected (0.00 sec)

Query OK, 0 rows affected (0.01 sec)

+----------------------------------------------+
| message                                      |
+----------------------------------------------+
| creating rcbill_my.retentioncustomeractivity |
+----------------------------------------------+
1 row in set (0.00 sec)

Query OK, 796 rows affected (0.10 sec)
Records: 796  Duplicates: 0  Warnings: 0

+---------------------------+
| retentioncustomeractivity |
+---------------------------+
|                       796 |
+---------------------------+
1 row in set (0.00 sec)

+-----------+------------------------------------+------------+-------------+-----------------+------------------+---------------------+-------------------+
| HFC_NODE  | NODENAME                           | CMTS_DATE  | INSERTED_ON | UNIQUE_ACCOUNTS | UNIQUE_CONTRACTS | UNIQUE_MAC_INRCBOSS | UNIQUE_MAC_INCMTS |
+-----------+------------------------------------+------------+-------------+-----------------+------------------+---------------------+-------------------+
| NULL      | NULL                               | NULL       | 2019-09-14  |            5620 |             5889 |                5934 |                 0 |
| C5/0/0/U0 | ANSE-BOILEAU-2                     | 2019-09-06 | 2019-09-14  |             179 |              184 |                 179 |               181 |
| C5/0/0/U1 | 500-C3-ANSE-BOILEAU                | 2019-09-06 | 2019-09-14  |             172 |              178 |                 172 |               172 |
| C5/0/1/U0 | 501-C4-LA-MISIERE-LEFT-I           | 2019-09-06 | 2019-09-14  |             150 |              152 |                 150 |               152 |
| C5/0/1/U1 | 501-C5-LA-MISIERE-RIGHT            | 2019-09-06 | 2019-09-14  |             111 |              114 |                 111 |               113 |
| C5/0/1/U2 | 501-C7-LA-MISIERE-LEFT-II          | 2019-09-06 | 2019-09-14  |             153 |              162 |                 153 |               156 |
| C5/0/2/U0 | 502-C8-LA-LOUISE                   | 2019-09-06 | 2019-09-14  |             140 |              143 |                 140 |               144 |
| C5/0/2/U1 | LA-LOUISE-2                        | 2019-09-06 | 2019-09-14  |             133 |              135 |                 133 |               136 |
| C5/0/3/U0 | 504-C6-PETIT-PARIS                 | 2019-09-06 | 2019-09-14  |             153 |              156 |                 153 |               155 |
| C5/0/3/U1 | PETIT-PARIS-23                     | 2019-09-06 | 2019-09-14  |              79 |               81 |                  79 |                81 |
| C5/0/4/U0 | FOUR-SEASONS                       | 2019-09-06 | 2019-09-14  |               6 |               17 |                  17 |                17 |
| C5/0/4/U1 | ANCHOR-CAFE-I                      | 2019-09-06 | 2019-09-14  |             141 |              142 |                 142 |               143 |
| C5/0/4/U2 | ANCHOR-CAFE-II                     | 2019-09-06 | 2019-09-14  |             149 |              154 |                 149 |               152 |
| C5/1/0/U0 | POINTE-LARUE-AIRPORT-23            | 2019-09-06 | 2019-09-14  |              99 |              104 |                 101 |               103 |
| C5/1/0/U1 | PPROVIDENCE-23                     | 2019-09-06 | 2019-09-14  |              27 |               30 |                  27 |                27 |
| C5/1/0/U2 | ROSHE-CAIMAN-23                    | 2019-09-06 | 2019-09-14  |               8 |                9 |                   8 |                 8 |
| C5/1/0/U3 | HEAD-OFFICE | HO-23                | 2019-09-06 | 2019-09-14  |              28 |               28 |                  28 |                31 |
| C5/1/1/U1 | C5-UNION-VALE                      | 2019-09-06 | 2019-09-14  |             186 |              192 |                 186 |               187 |
| C5/1/3/U0 | POINTE-LARUE-AIRPORT-27            | 2019-09-06 | 2019-09-14  |             131 |              135 |                 131 |               134 |
| C5/1/3/U1 | PPROVIDENCE-27                     | 2019-09-06 | 2019-09-14  |              37 |               37 |                  37 |                37 |
| C5/1/3/U2 | ROSHE-CAIMAN-27                    | 2019-09-06 | 2019-09-14  |              25 |               25 |                  25 |                26 |
| C5/1/3/U3 | HEAD-OFFICE | HO-27                | 2019-09-06 | 2019-09-14  |              14 |               15 |                  14 |                14 |
| C5/1/4/U0 | ANSE-ROYALE-27                     | 2019-09-06 | 2019-09-14  |              95 |               97 |                  95 |                96 |
| C5/1/4/U1 | GLACIS-2-57                        | 2019-09-06 | 2019-09-14  |             118 |              122 |                 118 |               119 |
| C5/1/4/U2 | NULL                               | 2019-09-06 | 2019-09-14  |              94 |               97 |                  94 |                95 |
| C5/1/4/U3 | GLACIS-1                           | 2019-09-06 | 2019-09-14  |              54 |               56 |                  54 |                55 |
| C6/0/1/U0 | SERRET-ROAD-RIGHT/CURIO/PASCAL     | 2019-09-06 | 2019-09-14  |             117 |              119 |                 117 |               119 |
| C6/0/1/U1 | SERRET-ROAD-LEFT/ST.LOUIS/TOWN     | 2019-09-06 | 2019-09-14  |             143 |              147 |                 143 |               143 |
| C6/0/1/U2 | SERRET-ROAD-RIGHT/CURIO/PASCAL-2   | 2019-09-06 | 2019-09-14  |             125 |              126 |                 125 |               126 |
| C6/0/1/U3 | SERRET-ROAD-LEFT/ST.LOUIS/TOWN-2   | 2019-09-06 | 2019-09-14  |             140 |              145 |                 140 |               143 |
| C6/0/2/U0 | SANS-SOUCIS-I                      | 2019-09-06 | 2019-09-14  |              74 |               76 |                  73 |                76 |
| C6/0/2/U1 | SANS-SOUCIS-II                     | 2019-09-06 | 2019-09-14  |             145 |              147 |                 145 |               149 |
| C6/0/2/U2 | BEL-AIR-27                         | 2019-09-06 | 2019-09-14  |             119 |              125 |                 119 |               120 |
| C6/0/2/U3 | BEL-AIR-38                         | 2019-09-06 | 2019-09-14  |              79 |               80 |                  79 |                83 |
| C6/0/3/U0 | LES-MAMELLES-23                    | 2019-09-06 | 2019-09-14  |              88 |               88 |                  88 |                92 |
| C6/0/3/U1 | VICTORIA-23                        | 2019-09-06 | 2019-09-14  |              34 |               39 |                  37 |                42 |
| C6/0/4/U0 | LES-MAMELLES-27                    | 2019-09-06 | 2019-09-14  |              62 |               62 |                  62 |                63 |
| C6/0/4/U1 | VICTORIA-27                        | 2019-09-06 | 2019-09-14  |              14 |               15 |                  14 |                14 |
| C7/1/0/U0 | LA-RETRAITE-23                     | 2019-09-06 | 2019-09-14  |              84 |               89 |                  84 |                86 |
| C7/1/0/U1 | TEA-FACTORY-23                     | 2019-09-06 | 2019-09-14  |              23 |               28 |                  24 |                25 |
| C7/1/0/U2 | PAS-23                             | 2019-09-06 | 2019-09-14  |              87 |               91 |                  87 |                89 |
| C7/1/1/U0 | REEF-ESTATE-23                     | 2019-09-06 | 2019-09-14  |              91 |               92 |                  91 |                92 |
| C7/1/1/U1 | BEL-OMBRE-NEW-23                   | 2019-09-06 | 2019-09-14  |              12 |               12 |                  12 |                16 |
| C7/1/2/U0 | LA-RETRAITE-27                     | 2019-09-06 | 2019-09-14  |             126 |              131 |                 127 |               128 |
| C7/1/2/U1 | TEA-FACTORY-27                     | 2019-09-06 | 2019-09-14  |              27 |               31 |                  28 |                29 |
| C7/1/2/U2 | PAS-27                             | 2019-09-06 | 2019-09-14  |             110 |              110 |                 110 |               112 |
| C7/1/3/U0 | MT-BUXTON-27                       | 2019-09-06 | 2019-09-14  |             146 |              148 |                 146 |               147 |
| C7/1/3/U1 | MT-BUXTON-23                       | 2019-09-06 | 2019-09-14  |              76 |               78 |                  76 |                79 |
| C7/1/4/U0 | REEF-ESTATE-27                     | 2019-09-06 | 2019-09-14  |              64 |               64 |                  64 |                66 |
| C7/1/4/U1 | BEL-OMBRE-NEW-27                   | 2019-09-06 | 2019-09-14  |              25 |               25 |                  25 |                28 |
| C8/0/0/U0 | POLICE-ACADEMY-1-27 - POINTE LARUE | 2019-09-06 | 2019-09-14  |             198 |              198 |                 197 |               198 |
| C8/0/0/U1 | NULL                               | 2019-09-06 | 2019-09-14  |             138 |              144 |                 139 |               139 |
| C8/0/1/U0 | NULL                               | 2019-09-06 | 2019-09-14  |             179 |              183 |                 179 |               181 |
| C8/0/1/U1 | POLICE-ACADEMY-2-27 - TURTLE BAY   | 2019-09-06 | 2019-09-14  |             122 |              123 |                 122 |               125 |
| C8/0/2/U0 | BEAU-VALLON-LEFT-1-57              | 2019-09-06 | 2019-09-14  |              89 |               93 |                  90 |                92 |
| C8/0/3/U1 | BEAU-VALLON-RIGHT-2-57             | 2019-09-06 | 2019-09-14  |             180 |              189 |                 180 |               182 |
| C8/1/0/U0 | MA-JOIE-NODE-27                    | 2019-09-06 | 2019-09-14  |             114 |              114 |                 114 |               115 |
| C8/1/0/U1 | BELONIE-27                         | 2019-09-06 | 2019-09-14  |             151 |              153 |                 150 |               151 |
| C8/1/0/U3 | MA-JOIE-NODE-23                    | 2019-09-06 | 2019-09-14  |             112 |              117 |                 112 |               113 |
| C8/1/1/U0 | 611-C1-ROJN I                      | 2019-09-06 | 2019-09-14  |             178 |              179 |                 178 |               180 |
| C8/1/1/U1 | 611-C5-ROJN II                     | 2019-09-06 | 2019-09-14  |              69 |               70 |                  69 |                72 |
| C8/1/2/U0 | 612-C2-ANSE-ETOILE                 | 2019-09-06 | 2019-09-14  |             180 |              183 |                 180 |               181 |
| C8/1/2/U1 | ANSE-ETOILE-U2                     | 2019-09-06 | 2019-09-14  |              72 |               73 |                  72 |                72 |
| C8/1/3/U0 | 613-C3-ANSE-GAULETTE I             | 2019-09-06 | 2019-09-14  |              63 |               68 |                  63 |                65 |
| C8/1/3/U1 | 613-C7-ANSE-GAULETTE II            | 2019-09-06 | 2019-09-14  |              75 |               80 |                  75 |                75 |
| C8/1/3/U2 | 613-C3-ANSE-GAULETTE III           | 2019-09-06 | 2019-09-14  |              35 |               39 |                  35 |                36 |
| C8/1/3/U3 | TAKAMAKA I                         | 2019-09-06 | 2019-09-14  |             100 |              103 |                 100 |               101 |
| C8/1/3/U4 | TAKAMAKA II                        | 2019-09-06 | 2019-09-14  |              95 |               96 |                  95 |                96 |
| C8/1/4/U0 | 614-BEOLIERE-NODE-1                | 2019-09-06 | 2019-09-14  |              98 |              100 |                  98 |               100 |
| C8/1/4/U1 | 614-BEOLIERE-NODE-2                | 2019-09-06 | 2019-09-14  |             125 |              131 |                 125 |               128 |
+-----------+------------------------------------+------------+-------------+-----------------+------------------+---------------------+-------------------+
70 rows in set (0.23 sec)

+------------------+------------+-------------+-----------------+------------------+----------------------+-------------------+
| MXK_NAME         | MXK_DATE   | INSERTED_ON | UNIQUE_ACCOUNTS | UNIQUE_CONTRACTS | UNIQUE_FSAN_INRCBOSS | UNIQUE_FSAN_INMXK |
+------------------+------------+-------------+-----------------+------------------+----------------------+-------------------+
| NULL             | NULL       | 2019-09-14  |             400 |              405 |                  392 |                 0 |
| MXK-ANSEETOILE   | 2019-09-06 | 2019-09-14  |             138 |              140 |                  140 |               146 |
| MXK-ANSEROYALE   | 2019-09-06 | 2019-09-14  |             136 |              136 |                  136 |               153 |
| MXK-BEAUVALLON   | 2019-09-06 | 2019-09-14  |            1170 |             1188 |                 1180 |              1247 |
| MXK-MAHE         | 2019-09-06 | 2019-09-14  |             886 |              908 |                  846 |              1079 |
| MXK-PERSEVERANCE | 2019-09-06 | 2019-09-14  |             994 |              999 |                  994 |              1143 |
| MXK-PRASLIN      | 2019-09-06 | 2019-09-14  |            1160 |             1163 |                 1156 |              1273 |
+------------------+------------+-------------+-----------------+------------------+----------------------+-------------------+
7 rows in set (0.07 sec)

mysql> mysql \. C:\workspace\cloud\code\sql\_DailyScript\currenttime.sql
+---------------------+
| currenttime         |
+---------------------+
| 2019-09-14 18:11:59 |
+---------------------+
1 row in set (0.00 sec)

mysql> 
mysql> mysql \. C:\workspace\cloud\code\sql\Analysis\service_tickets_assignments.sql
Query OK, 0 rows affected (0.01 sec)

Query OK, 67897 rows affected (15.05 sec)
Records: 67897  Duplicates: 0  Warnings: 0

+-------------------------+
| rep_servicetickets_2019 |
+-------------------------+
|                   67897 |
+-------------------------+
1 row in set (2.31 sec)

mysql> mysql \. C:\workspace\cloud\code\sql\_DailyScript\currenttime.sql
+---------------------+
| currenttime         |
+---------------------+
| 2019-09-14 18:12:16 |
+---------------------+
1 row in set (0.00 sec)

mysql> 
mysql> 
mysql> exit
