    -> 
    -> mysql \. C:\workspace\cloud\code\sql\_DailyScript\_setdates.sql
Database changed
Query OK, 0 rows affected (0.00 sec)

Query OK, 0 rows affected (0.00 sec)

Query OK, 0 rows affected (0.00 sec)

Query OK, 0 rows affected (0.00 sec)

Query OK, 0 rows affected (0.00 sec)

Query OK, 0 rows affected (0.00 sec)

Query OK, 0 rows affected (0.01 sec)

Query OK, 0 rows affected (0.00 sec)

mysql> 
mysql> mysql \. C:\workspace\cloud\code\sql\_DailyScript\load_RCB_VODTITLES.sql
Database changed
Query OK, 0 rows affected (0.00 sec)

Query OK, 1627 rows affected (0.22 sec)

Query OK, 1629 rows affected, 1629 warnings (0.68 sec)
Records: 1629  Deleted: 0  Skipped: 0  Warnings: 1629

Query OK, 0 rows affected (0.00 sec)

Query OK, 2 rows affected (0.00 sec)

+-----------+
| VODTITLES |
+-----------+
|      2088 |
+-----------+
1 row in set (0.00 sec)

mysql> 
mysql> mysql \. C:\workspace\cloud\code\sql\_DailyScript\DAILY-SCRIPT-LIVETV-STATS.sql
Database changed
Query OK, 0 rows affected (0.43 sec)

Query OK, 70835 rows affected (11 min 40.34 sec)
Records: 70835  Duplicates: 0  Warnings: 0

+------------+------------+----------+--------------+--------------+-----------+-------------+----------+--------+------+------------+---------+---------------+
| Table      | Non_unique | Key_name | Seq_in_index | Column_name  | Collation | Cardinality | Sub_part | Packed | Null | Index_type | Comment | Index_comment |
+------------+------------+----------+--------------+--------------+-----------+-------------+----------+--------+------+------------+---------+---------------+
| templivetv |          1 | idxtv1   |            1 | device       | A         |       71348 |     NULL | NULL   | YES  | BTREE      |         |               |
| templivetv |          1 | idxtv2   |            1 | sessionstart | A         |       71348 |     NULL | NULL   | YES  | BTREE      |         |               |
+------------+------------+----------+--------------+--------------+-----------+-------------+----------+--------+------+------------+---------+---------------+
2 rows in set (0.02 sec)

Query OK, 70739 rows affected (1 min 23.19 sec)
Records: 70739  Duplicates: 0  Warnings: 0

Query OK, 2785 rows affected (1.07 sec)
Records: 2785  Duplicates: 0  Warnings: 0

Query OK, 0 rows affected (0.00 sec)

Query OK, 0 rows affected (0.00 sec)

Query OK, 137 rows affected (0.07 sec)
Records: 137  Duplicates: 0  Warnings: 0

Query OK, 0 rows affected (0.29 sec)

Query OK, 42083 rows affected (7 min 37.57 sec)
Records: 42083  Duplicates: 0  Warnings: 0

+-----------------+
| rep_livetvstats |
+-----------------+
|           42083 |
+-----------------+
1 row in set (0.02 sec)

mysql> mysql \. C:\workspace\cloud\code\sql\_DailyScript\DAILY-SCRIPT-VODTS-STATS.sql
Database changed
Query OK, 0 rows affected (0.00 sec)

Query OK, 0 rows affected (0.18 sec)

Query OK, 933 rows affected (31.30 sec)
Records: 933  Duplicates: 0  Warnings: 0

+---------+------------+----------+--------------+--------------+-----------+-------------+----------+--------+------+------------+---------+---------------+
| Table   | Non_unique | Key_name | Seq_in_index | Column_name  | Collation | Cardinality | Sub_part | Packed | Null | Index_type | Comment | Index_comment |
+---------+------------+----------+--------------+--------------+-----------+-------------+----------+--------+------+------------+---------+---------------+
| tempvod |          1 | idxtvod1 |            1 | device       | A         |         788 |     NULL | NULL   | YES  | BTREE      |         |               |
| tempvod |          1 | idxtvod2 |            1 | sessionstart | A         |         788 |     NULL | NULL   | YES  | BTREE      |         |               |
+---------+------------+----------+--------------+--------------+-----------+-------------+----------+--------+------+------------+---------+---------------+
2 rows in set (0.00 sec)

Query OK, 933 rows affected (1.03 sec)
Records: 933  Duplicates: 0  Warnings: 0

Query OK, 0 rows affected (0.00 sec)

Query OK, 89477 rows affected (8.77 sec)
Records: 89477  Duplicates: 0  Warnings: 0

+--------------+
| rep_vodstats |
+--------------+
|        89477 |
+--------------+
1 row in set (0.04 sec)

Database changed
Query OK, 0 rows affected (0.01 sec)

Query OK, 11907 rows affected (4 min 9.94 sec)
Records: 11907  Duplicates: 0  Warnings: 0

+--------+------------+----------+--------------+--------------+-----------+-------------+----------+--------+------+------------+---------+---------------+
| Table  | Non_unique | Key_name | Seq_in_index | Column_name  | Collation | Cardinality | Sub_part | Packed | Null | Index_type | Comment | Index_comment |
+--------+------------+----------+--------------+--------------+-----------+-------------+----------+--------+------+------------+---------+---------------+
| tempts |          1 | idxtts1  |            1 | device       | A         |       12076 |     NULL | NULL   | YES  | BTREE      |         |               |
| tempts |          1 | idxtts2  |            1 | sessionstart | A         |       12076 |     NULL | NULL   | YES  | BTREE      |         |               |
+--------+------------+----------+--------------+--------------+-----------+-------------+----------+--------+------+------------+---------+---------------+
2 rows in set (0.00 sec)

Query OK, 11882 rows affected (17.21 sec)
Records: 11882  Duplicates: 0  Warnings: 0

Query OK, 0 rows affected (0.12 sec)

Query OK, 12412 rows affected (2 min 51.70 sec)
Records: 12412  Duplicates: 0  Warnings: 0

+-------------+
| rep_tsstats |
+-------------+
|       12412 |
+-------------+
1 row in set (0.00 sec)

mysql> mysql \. C:\workspace\cloud\code\sql\_DailyScript\DAILY-SCRIPT-RADIO-STATS.sql
Database changed
Query OK, 0 rows affected (0.08 sec)

Query OK, 94686 rows affected (2.99 sec)
Records: 94686  Duplicates: 0  Warnings: 0

+-----------+------------+----------+--------------+--------------+-----------+-------------+----------+--------+------+------------+---------+---------------+
| Table     | Non_unique | Key_name | Seq_in_index | Column_name  | Collation | Cardinality | Sub_part | Packed | Null | Index_type | Comment | Index_comment |
+-----------+------------+----------+--------------+--------------+-----------+-------------+----------+--------+------+------------+---------+---------------+
| tempradio |          1 | idxtrad1 |            1 | device       | A         |       94376 |     NULL | NULL   | YES  | BTREE      |         |               |
| tempradio |          1 | idxtrad2 |            1 | sessionstart | A         |       94376 |     NULL | NULL   | YES  | BTREE      |         |               |
+-----------+------------+----------+--------------+--------------+-----------+-------------+----------+--------+------+------------+---------+---------------+
2 rows in set (0.00 sec)

Query OK, 255 rows affected (3.84 sec)
Records: 255  Duplicates: 0  Warnings: 0

Query OK, 0 rows affected (0.02 sec)

Query OK, 1654 rows affected (0.19 sec)
Records: 1654  Duplicates: 0  Warnings: 0

+----------------+
| rep_radiostats |
+----------------+
|           1654 |
+----------------+
1 row in set (0.00 sec)

mysql> mysql \. C:\workspace\cloud\code\sql\_DailyScript\DAILY_SCRIPT_TELEMETRY_PIVOT.sql
Query OK, 0 rows affected (0.01 sec)

Query OK, 169 rows affected (0.66 sec)
Records: 169  Duplicates: 0  Warnings: 0

Query OK, 0 rows affected (0.17 sec)

Query OK, 1142 rows affected (0.30 sec)
Records: 1142  Duplicates: 0  Warnings: 0

Query OK, 0 rows affected (0.02 sec)

Query OK, 12 rows affected (0.01 sec)
Records: 12  Duplicates: 0  Warnings: 0

Query OK, 0 rows affected (0.00 sec)

Query OK, 47 rows affected (0.05 sec)
Records: 47  Duplicates: 0  Warnings: 0

mysql> 
mysql> mysql \. C:\workspace\cloud\code\sql\_DailyScript\telemetry_livetv_ranking2018.sql
Query OK, 0 rows affected (0.02 sec)

Query OK, 169 rows affected (0.02 sec)
Records: 169  Duplicates: 0  Warnings: 0

mysql> mysql \. C:\workspace\cloud\code\sql\_DailyScript\telemetry_radio_ranking2018.sql
Query OK, 0 rows affected (0.02 sec)

Query OK, 12 rows affected (0.02 sec)
Records: 12  Duplicates: 0  Warnings: 0

mysql> mysql \. C:\workspace\cloud\code\sql\_DailyScript\telemetry_ts_ranking2018.sql
Query OK, 0 rows affected (0.03 sec)

Query OK, 47 rows affected (0.02 sec)
Records: 47  Duplicates: 0  Warnings: 0

mysql> mysql \. C:\workspace\cloud\code\sql\_DailyScript\telemetry_vod_ranking2018.sql
Query OK, 0 rows affected (0.05 sec)

Query OK, 1142 rows affected (0.05 sec)
Records: 1142  Duplicates: 0  Warnings: 0

mysql> mysql \. C:\workspace\cloud\code\sql\_DailyScript\telemetry_vod_ranking2018_1.sql
Query OK, 0 rows affected (0.01 sec)

Query OK, 1142 rows affected (0.03 sec)
Records: 1142  Duplicates: 0  Warnings: 0

mysql> mysql \. C:\workspace\cloud\code\sql\_DailyScript\telemetry_vod_ranking2018_2.sql
Query OK, 0 rows affected (0.02 sec)

Query OK, 1142 rows affected (0.03 sec)
Records: 1142  Duplicates: 0  Warnings: 0

mysql> 
mysql> mysql \. C:\workspace\cloud\code\sql\_DailyScript\DAILY-SCRIPT-CREATE-LOAD.sql
Database changed
Database changed
Query OK, 0 rows affected (0.05 sec)

Query OK, 0 rows affected (0.02 sec)

Database changed
Query OK, 64227 rows affected (5.27 sec)
Records: 64227  Deleted: 0  Skipped: 0  Warnings: 0

Query OK, 0 rows affected (0.26 sec)
Records: 0  Duplicates: 0  Warnings: 0

Query OK, 0 rows affected (0.63 sec)
Records: 0  Duplicates: 0  Warnings: 0

Query OK, 0 rows affected (0.30 sec)
Records: 0  Duplicates: 0  Warnings: 0

Query OK, 0 rows affected (0.84 sec)
Records: 0  Duplicates: 0  Warnings: 0

Query OK, 0 rows affected (0.16 sec)

Query OK, 82127 rows affected (4.75 sec)
Records: 82127  Duplicates: 0  Warnings: 0

Query OK, 0 rows affected (0.34 sec)
Records: 0  Duplicates: 0  Warnings: 0

Query OK, 0 rows affected (0.06 sec)

Query OK, 64227 rows affected (2.96 sec)
Records: 64227  Duplicates: 0  Warnings: 0

Query OK, 0 rows affected (1.03 sec)
Records: 0  Duplicates: 0  Warnings: 0

Query OK, 0 rows affected (0.28 sec)
Records: 0  Duplicates: 0  Warnings: 0

Query OK, 0 rows affected (0.25 sec)
Records: 0  Duplicates: 0  Warnings: 0

+---------+
| clients |
+---------+
|   64227 |
+---------+
1 row in set (0.02 sec)

+---------------+
| clientaddress |
+---------------+
|         64227 |
+---------------+
1 row in set (0.02 sec)

Database changed
Query OK, 0 rows affected (0.14 sec)

Query OK, 0 rows affected (0.00 sec)

Database changed
Query OK, 451782 rows affected, 65535 warnings (25.59 sec)
Records: 451782  Deleted: 0  Skipped: 0  Warnings: 170608

Query OK, 0 rows affected (2.05 sec)
Records: 0  Duplicates: 0  Warnings: 0

Query OK, 0 rows affected (4.08 sec)
Records: 0  Duplicates: 0  Warnings: 0

Query OK, 0 rows affected (1.79 sec)
Records: 0  Duplicates: 0  Warnings: 0

Query OK, 0 rows affected (0.28 sec)

Query OK, 451782 rows affected (1 min 32.05 sec)
Records: 451782  Duplicates: 0  Warnings: 0

Query OK, 0 rows affected (2.71 sec)
Records: 0  Duplicates: 0  Warnings: 0

Query OK, 0 rows affected (2.10 sec)
Records: 0  Duplicates: 0  Warnings: 0

+-----------+
| contracts |
+-----------+
|    451782 |
+-----------+
1 row in set (0.37 sec)

+-----------------+
| contractaddress |
+-----------------+
|          451782 |
+-----------------+
1 row in set (0.15 sec)

Database changed
Query OK, 0 rows affected (0.02 sec)

Query OK, 0 rows affected (0.01 sec)

Query OK, 6262 rows affected (0.13 sec)
Records: 6262  Deleted: 0  Skipped: 0  Warnings: 0

Query OK, 0 rows affected (0.15 sec)

Query OK, 6231 rows affected (0.58 sec)
Records: 6231  Duplicates: 0  Warnings: 0

Query OK, 0 rows affected (0.05 sec)
Records: 0  Duplicates: 0  Warnings: 0

Query OK, 0 rows affected (0.48 sec)

Query OK, 5140 rows affected (0.43 sec)
Records: 5140  Duplicates: 0  Warnings: 0

Query OK, 0 rows affected (0.05 sec)
Records: 0  Duplicates: 0  Warnings: 0

+-------------------+
| contractdiscounts |
+-------------------+
|              6262 |
+-------------------+
1 row in set (0.01 sec)

+-------------------------+
| clientcontractdiscounts |
+-------------------------+
|                    6231 |
+-------------------------+
1 row in set (0.00 sec)

+----------------------------+
| clientcontractlastdiscount |
+----------------------------+
|                       5140 |
+----------------------------+
1 row in set (0.00 sec)

Database changed
Query OK, 0 rows affected (0.18 sec)

Query OK, 0 rows affected (0.01 sec)

Database changed
Query OK, 123691 rows affected (5.10 sec)
Records: 123691  Deleted: 0  Skipped: 0  Warnings: 0

Query OK, 0 rows affected (0.34 sec)
Records: 0  Duplicates: 0  Warnings: 0

Query OK, 0 rows affected (0.45 sec)
Records: 0  Duplicates: 0  Warnings: 0

Query OK, 0 rows affected (0.96 sec)
Records: 0  Duplicates: 0  Warnings: 0

Query OK, 0 rows affected (0.37 sec)
Records: 0  Duplicates: 0  Warnings: 0

Query OK, 0 rows affected (0.43 sec)
Records: 0  Duplicates: 0  Warnings: 0

Query OK, 0 rows affected (1.19 sec)
Records: 0  Duplicates: 0  Warnings: 0

Query OK, 0 rows affected (0.04 sec)

Query OK, 1539546 rows affected (4 min 4.93 sec)
Records: 1539546  Duplicates: 0  Warnings: 0

+---------+
| devices |
+---------+
|  123691 |
+---------+
1 row in set (0.07 sec)

+-----------------------+
| clientcontractdevices |
+-----------------------+
|               1539546 |
+-----------------------+
1 row in set (0.58 sec)

Query OK, 0 rows affected (0.04 sec)

Query OK, 123662 rows affected (10.70 sec)
Records: 123662  Duplicates: 0  Warnings: 0

+---------------------------+
| rep_clientcontractdevices |
+---------------------------+
|                    123662 |
+---------------------------+
1 row in set (0.04 sec)

Database changed
Query OK, 0 rows affected (0.28 sec)

Query OK, 0 rows affected (0.01 sec)

Query OK, 223301 rows affected (11.72 sec)
Records: 223301  Deleted: 0  Skipped: 0  Warnings: 0

Query OK, 0 rows affected (0.77 sec)
Records: 0  Duplicates: 0  Warnings: 0

Query OK, 0 rows affected (0.70 sec)
Records: 0  Duplicates: 0  Warnings: 0

Query OK, 0 rows affected (1.03 sec)
Records: 0  Duplicates: 0  Warnings: 0

Query OK, 0 rows affected (0.67 sec)
Records: 0  Duplicates: 0  Warnings: 0

+---------+
| tickets |
+---------+
|  223301 |
+---------+
1 row in set (0.09 sec)

Database changed
Query OK, 0 rows affected (0.16 sec)

Query OK, 0 rows affected (0.02 sec)

Empty set (0.00 sec)

Query OK, 0 rows affected (0.02 sec)
Records: 0  Duplicates: 0  Warnings: 0

Query OK, 301 rows affected, 2 warnings (0.00 sec)
Records: 301  Deleted: 0  Skipped: 0  Warnings: 2

+-----------------+
| tickettechusers |
+-----------------+
|             301 |
+-----------------+
1 row in set (0.00 sec)

Database changed
Query OK, 0 rows affected (0.08 sec)

Query OK, 0 rows affected (0.04 sec)

Query OK, 0 rows affected (0.17 sec)
Records: 0  Duplicates: 0  Warnings: 0

Query OK, 452285 rows affected, 39167 warnings (15.12 sec)
Records: 452285  Deleted: 0  Skipped: 0  Warnings: 39167

+-------------------+
| ticketassignments |
+-------------------+
|            452285 |
+-------------------+
1 row in set (0.13 sec)

Database changed
Query OK, 0 rows affected (0.05 sec)

Query OK, 0 rows affected (0.01 sec)

Query OK, 952724 rows affected (26.80 sec)
Records: 952724  Deleted: 0  Skipped: 0  Warnings: 0

Query OK, 0 rows affected (5.21 sec)
Records: 0  Duplicates: 0  Warnings: 0

Query OK, 0 rows affected (4.08 sec)
Records: 0  Duplicates: 0  Warnings: 0

Query OK, 0 rows affected (4.49 sec)
Records: 0  Duplicates: 0  Warnings: 0

Query OK, 0 rows affected (3.54 sec)
Records: 0  Duplicates: 0  Warnings: 0

+----------------+
| ticketcomments |
+----------------+
|         952724 |
+----------------+
1 row in set (0.35 sec)

Database changed
Query OK, 0 rows affected (0.34 sec)

Query OK, 0 rows affected (0.01 sec)

Query OK, 380261 rows affected (44.38 sec)
Records: 380261  Deleted: 0  Skipped: 0  Warnings: 0

Query OK, 0 rows affected (3.16 sec)
Records: 0  Duplicates: 0  Warnings: 0

+----------+
| comments |
+----------+
|   380261 |
+----------+
1 row in set (0.12 sec)

Database changed
Query OK, 0 rows affected (0.19 sec)

Query OK, 0 rows affected (0.01 sec)

Query OK, 486021 rows affected, 65535 warnings (1 min 2.54 sec)
Records: 486021  Deleted: 0  Skipped: 0  Warnings: 486022

Query OK, 0 rows affected (2.11 sec)
Records: 0  Duplicates: 0  Warnings: 0

Query OK, 0 rows affected (1.82 sec)
Records: 0  Duplicates: 0  Warnings: 0

Query OK, 0 rows affected (1.71 sec)
Records: 0  Duplicates: 0  Warnings: 0

Query OK, 0 rows affected (1.94 sec)
Records: 0  Duplicates: 0  Warnings: 0

Query OK, 0 rows affected (2.91 sec)
Records: 0  Duplicates: 0  Warnings: 0

+------------+
| devicesold |
+------------+
|     486021 |
+------------+
1 row in set (0.17 sec)

Database changed
Query OK, 0 rows affected (0.03 sec)

Query OK, 0 rows affected (0.00 sec)

Query OK, 1532908 rows affected (45.44 sec)
Records: 1532908  Deleted: 0  Skipped: 0  Warnings: 0

Query OK, 0 rows affected (6.45 sec)
Records: 0  Duplicates: 0  Warnings: 0

Query OK, 0 rows affected (5.61 sec)
Records: 0  Duplicates: 0  Warnings: 0

Query OK, 0 rows affected (10.67 sec)
Records: 0  Duplicates: 0  Warnings: 0

+------------------+
| contractservices |
+------------------+
|          1532908 |
+------------------+
1 row in set (0.53 sec)

Database changed
Query OK, 0 rows affected (0.56 sec)

Query OK, 0 rows affected (0.65 sec)

Query OK, 3322000 rows affected (3 min 24.82 sec)
Records: 3322000  Deleted: 0  Skipped: 0  Warnings: 0

Query OK, 0 rows affected (17.67 sec)
Records: 0  Duplicates: 0  Warnings: 0

Query OK, 0 rows affected (20.06 sec)
Records: 0  Duplicates: 0  Warnings: 0

Query OK, 0 rows affected (16.55 sec)
Records: 0  Duplicates: 0  Warnings: 0

Query OK, 0 rows affected (15.14 sec)
Records: 0  Duplicates: 0  Warnings: 0

+------------------+
| invoicescontents |
+------------------+
|          3322000 |
+------------------+
1 row in set (1.08 sec)

Database changed
Query OK, 0 rows affected (0.17 sec)

Query OK, 0 rows affected (0.00 sec)

Query OK, 2262324 rows affected (4 min 31.94 sec)
Records: 2262324  Deleted: 0  Skipped: 0  Warnings: 0

Query OK, 0 rows affected (1 min 19.72 sec)
Records: 0  Duplicates: 0  Warnings: 0

Query OK, 0 rows affected (24.44 sec)
Records: 0  Duplicates: 0  Warnings: 0

Query OK, 0 rows affected (18.89 sec)
Records: 0  Duplicates: 0  Warnings: 0

Query OK, 0 rows affected (21.51 sec)
Records: 0  Duplicates: 0  Warnings: 0

Query OK, 0 rows affected (18.18 sec)
Records: 0  Duplicates: 0  Warnings: 0

+----------------+
| invoicesheader |
+----------------+
|        2262324 |
+----------------+
1 row in set (0.76 sec)

Database changed
Query OK, 0 rows affected (0.20 sec)

Query OK, 0 rows affected (0.10 sec)

Query OK, 2427203 rows affected (1 min 47.81 sec)
Records: 2427203  Deleted: 0  Skipped: 0  Warnings: 0

Query OK, 0 rows affected (10.01 sec)
Records: 0  Duplicates: 0  Warnings: 0

Query OK, 0 rows affected (9.53 sec)
Records: 0  Duplicates: 0  Warnings: 0

Query OK, 0 rows affected (11.07 sec)
Records: 0  Duplicates: 0  Warnings: 0

Query OK, 0 rows affected (10.54 sec)
Records: 0  Duplicates: 0  Warnings: 0

+---------+
| casa    |
+---------+
| 2427203 |
+---------+
1 row in set (0.82 sec)

Database changed
Query OK, 0 rows affected (0.02 sec)

Query OK, 0 rows affected (0.02 sec)

Database changed
Query OK, 36921 rows affected (1.99 sec)
Records: 36921  Deleted: 0  Skipped: 0  Warnings: 0

+-------+
| users |
+-------+
| 36921 |
+-------+
1 row in set (0.01 sec)

Database changed
Query OK, 0 rows affected (0.10 sec)

Query OK, 0 rows affected (0.02 sec)

Database changed
Query OK, 5017540 rows affected (2 min 17.45 sec)
Records: 5017540  Deleted: 0  Skipped: 0  Warnings: 0

Query OK, 0 rows affected (25.62 sec)
Records: 0  Duplicates: 0  Warnings: 0

Query OK, 0 rows affected (20.72 sec)
Records: 0  Duplicates: 0  Warnings: 0

Query OK, 0 rows affected (20.83 sec)
Records: 0  Duplicates: 0  Warnings: 0

Query OK, 0 rows affected (20.45 sec)
Records: 0  Duplicates: 0  Warnings: 0

+----------+
| ipusage1 |
+----------+
|  5017540 |
+----------+
1 row in set (1.69 sec)

Query OK, 0 rows affected (0.09 sec)

Query OK, 5074219 rows affected, 65535 warnings (7 min 58.86 sec)
Records: 5074219  Duplicates: 0  Warnings: 5061014

Query OK, 0 rows affected (40.63 sec)
Records: 0  Duplicates: 0  Warnings: 0

Query OK, 0 rows affected (21.34 sec)
Records: 0  Duplicates: 0  Warnings: 0

Query OK, 0 rows affected (21.31 sec)
Records: 0  Duplicates: 0  Warnings: 0

Query OK, 0 rows affected (20.59 sec)
Records: 0  Duplicates: 0  Warnings: 0

Query OK, 0 rows affected (32.94 sec)
Records: 0  Duplicates: 0  Warnings: 0

Query OK, 0 rows affected (41.95 sec)
Records: 0  Duplicates: 0  Warnings: 0

Query OK, 0 rows affected (36.17 sec)
Records: 0  Duplicates: 0  Warnings: 0

+---------+
| ipusage |
+---------+
| 5074219 |
+---------+
1 row in set (2.10 sec)

mysql> mysql \. C:\workspace\cloud\code\sql\_DailyScript\ticket_analysis.sql
Database changed
Query OK, 0 rows affected (0.33 sec)

Query OK, 313715 rows affected (27.64 sec)
Records: 313715  Duplicates: 0  Warnings: 0

Query OK, 0 rows affected (1.83 sec)
Records: 0  Duplicates: 0  Warnings: 0

Query OK, 0 rows affected (0.99 sec)
Records: 0  Duplicates: 0  Warnings: 0

Query OK, 0 rows affected (0.95 sec)
Records: 0  Duplicates: 0  Warnings: 0

Query OK, 0 rows affected (0.08 sec)

Query OK, 12144 rows affected (6.68 sec)
Records: 12144  Duplicates: 0  Warnings: 0

Query OK, 0 rows affected, 1 warning (0.00 sec)

Query OK, 42836 rows affected (5.06 sec)
Records: 42836  Duplicates: 0  Warnings: 0

Query OK, 0 rows affected, 1 warning (0.00 sec)

Query OK, 220696 rows affected (8.49 sec)
Records: 220696  Duplicates: 0  Warnings: 0

Query OK, 0 rows affected, 1 warning (0.00 sec)

Query OK, 220696 rows affected (8.12 sec)
Records: 220696  Duplicates: 0  Warnings: 0

Query OK, 0 rows affected (0.12 sec)

Query OK, 42874 rows affected (2.81 sec)
Records: 42874  Duplicates: 0  Warnings: 0

Database changed
Query OK, 0 rows affected (0.00 sec)

Query OK, 0 rows affected (0.10 sec)

Query OK, 141133 rows affected (6.91 sec)
Records: 141133  Duplicates: 0  Warnings: 0

Query OK, 0 rows affected (0.04 sec)

Query OK, 66969 rows affected (4.49 sec)
Records: 66969  Duplicates: 0  Warnings: 0

+--------------------------+
| clientticket_cmmtjourney |
+--------------------------+
|                   141133 |
+--------------------------+
1 row in set (0.18 sec)

+---------------------------+
| clientticket_assgnjourney |
+---------------------------+
|                     66969 |
+---------------------------+
1 row in set (0.02 sec)

Query OK, 0 rows affected (0.00 sec)

Query OK, 67 rows affected (0.09 sec)
Records: 67  Duplicates: 0  Warnings: 0

mysql> mysql \. C:\workspace\cloud\code\sql\_DailyScript\load_DailyCalls.sql
Database changed
Query OK, 164 rows affected (0.37 sec)
Records: 164  Deleted: 0  Skipped: 0  Warnings: 0

Query OK, 0 rows affected, 1 warning (0.00 sec)

Query OK, 159 rows affected (0.38 sec)
Records: 159  Duplicates: 0  Warnings: 0

Query OK, 0 rows affected, 1 warning (0.00 sec)

Query OK, 65189 rows affected (0.83 sec)
Records: 65189  Duplicates: 0  Warnings: 0

Query OK, 236 rows affected (3.94 sec)
Records: 236  Duplicates: 0  Warnings: 0

Query OK, 0 rows affected (0.01 sec)

Query OK, 126 rows affected (18.88 sec)
Records: 126  Duplicates: 0  Warnings: 0

Query OK, 0 rows affected (0.02 sec)

Query OK, 11453 rows affected (1.60 sec)
Records: 11453  Duplicates: 0  Warnings: 0

+-----------+
| callstats |
+-----------+
|     11453 |
+-----------+
1 row in set (0.00 sec)

mysql> 
mysql> mysql \. C:\workspace\cloud\code\sql\_DailyScript\DAILY-SCRIPT-USAGE.sql
Database changed
Query OK, 0 rows affected (0.00 sec)

ERROR 2 (HY000): File 'C:\ProgramData\MySQL\MySQL Server 5.7\Uploads\DailyUsage\cdrUsageClient-Capped-21102018.csv' not found (Errcode: 2 - No such file or directory)
Query OK, 0 rows affected (0.00 sec)

ERROR 2 (HY000): File 'C:\ProgramData\MySQL\MySQL Server 5.7\Uploads\DailyUsage\cdrUsageClient-UnCapped-21102018.csv' not found (Errcode: 2 - No such file or directory)
Query OK, 0 rows affected (0.00 sec)

ERROR 2 (HY000): File 'C:\ProgramData\MySQL\MySQL Server 5.7\Uploads\DailyUsage\cdrUsageClient-PREPAID-21102018.csv' not found (Errcode: 2 - No such file or directory)
Query OK, 0 rows affected (0.00 sec)

ERROR 2 (HY000): File 'C:\ProgramData\MySQL\MySQL Server 5.7\Uploads\DailyUsage\cdrUsageClient-Hotspot-21102018.csv' not found (Errcode: 2 - No such file or directory)
+------------+
| dailyusage |
+------------+
|    2951273 |
+------------+
1 row in set (4.47 sec)

+------------+------------+------------+---------+
| datestart  | dateend    | insertedon | records |
+------------+------------+------------+---------+
| 2018-10-20 | 2018-10-20 | 2018-10-21 |    9246 |
| 2018-10-19 | 2018-10-19 | 2018-10-20 |    9081 |
| 2018-10-18 | 2018-10-18 | 2018-10-19 |    8969 |
| 2018-10-17 | 2018-10-17 | 2018-10-18 |    8949 |
| 2018-10-16 | 2018-10-16 | 2018-10-17 |    9154 |
+------------+------------+------------+---------+
5 rows in set (1 min 24.15 sec)

mysql> mysql \. C:\workspace\cloud\code\sql\_DailyScript\DAILY-SCRIPT-SALES-TELEMETRY.sql
Database changed
ERROR 2 (HY000): File 'C:\ProgramData\MySQL\MySQL Server 5.7\Uploads\DailySales\SalesReport-21102018-1.csv' not found (Errcode: 2 - No such file or directory)
+------------+
| dailysales |
+------------+
|     126031 |
+------------+
1 row in set (2.96 sec)

Query OK, 0 rows affected (0.64 sec)

Query OK, 126031 rows affected (13.67 sec)
Records: 126031  Duplicates: 0  Warnings: 0

+--------+
| sales  |
+--------+
| 126031 |
+--------+
1 row in set (0.07 sec)

Query OK, 0 rows affected (0.16 sec)

Query OK, 2130 rows affected (0.55 sec)
Records: 2130  Duplicates: 0  Warnings: 0

+-----------+
| saleslist |
+-----------+
|      2130 |
+-----------+
1 row in set (0.01 sec)

Database changed
ERROR 2 (HY000): File 'C:\ProgramData\MySQL\MySQL Server 5.7\Uploads\DailySales\PrepaidCardSales-21102018-P1.csv' not found (Errcode: 2 - No such file or directory)
+------------------+
| dailysinglesales |
+------------------+
|             4916 |
+------------------+
1 row in set (0.06 sec)

Database changed
ERROR 2 (HY000): File 'C:\ProgramData\MySQL\MySQL Server 5.7\Uploads\DailySales\Sales-Addon-21102018.csv' not found (Errcode: 2 - No such file or directory)
+-----------------+
| dailyaddonsales |
+-----------------+
|           13303 |
+-----------------+
1 row in set (0.18 sec)

ERROR 2 (HY000): File 'C:\ProgramData\MySQL\MySQL Server 5.7\Uploads\DailySales\eBarclays-PaymentsList-21102018.csv' not found (Errcode: 2 - No such file or directory)
+----------------+
| onlinepayments |
+----------------+
|          34010 |
+----------------+
1 row in set (0.08 sec)

+-------------+----------------+---------------------+
| paymentdate | onlinepayments | onlinepaymentamount |
+-------------+----------------+---------------------+
| 2018-10-20  |             83 |         38729.87000 |
| 2018-10-19  |             69 |         37532.52000 |
| 2018-10-18  |             55 |         26731.05000 |
| 2018-10-17  |             81 |         41833.70000 |
| 2018-10-16  |             58 |         34791.75000 |
+-------------+----------------+---------------------+
5 rows in set (1.97 sec)

+-------------+--------------+----------------+---------------------+
| paymentyear | paymentmonth | onlinepayments | onlinepaymentamount |
+-------------+--------------+----------------+---------------------+
|        2018 |           10 |           1578 |        921323.70000 |
|        2018 |            9 |           2536 |       1488279.08000 |
|        2018 |            8 |           2677 |       1480347.51000 |
|        2018 |            7 |           2521 |       1406138.40000 |
|        2018 |            6 |           2465 |       1394365.47000 |
+-------------+--------------+----------------+---------------------+
5 rows in set (0.04 sec)

mysql> 
mysql> mysql \. C:\workspace\cloud\code\sql\_DailyScript\DAILY-SCRIPT-ACTIVENUMBERS.sql
Database changed
ERROR 2 (HY000): File 'C:\ProgramData\MySQL\MySQL Server 5.7\Uploads\activenumber\DailySubscriptionStats-21102018.csv' not found (Errcode: 2 - No such file or directory)
+------------+----------+
| period     | count(1) |
+------------+----------+
| 2018-10-20 |     1309 |
| 2018-10-19 |     1309 |
| 2018-10-18 |     1309 |
| 2018-10-17 |     1307 |
| 2018-10-16 |     1305 |
+------------+----------+
5 rows in set (0.02 sec)

Query OK, 0 rows affected (0.06 sec)

Query OK, 86 rows affected (1.87 sec)
Records: 86  Duplicates: 0  Warnings: 0

+-------------+
| packagelist |
+-------------+
|          86 |
+-------------+
1 row in set (0.01 sec)

Database changed
Query OK, 0 rows affected (0.00 sec)

Query OK, 0 rows affected (0.00 sec)

Query OK, 0 rows affected (0.00 sec)

Query OK, 0 rows affected (0.00 sec)

ERROR 2 (HY000): File 'C:\ProgramData\MySQL\MySQL Server 5.7\Uploads\ActiveContractsList\201810\2018-10-21;2018-10-21.csv' not found (Errcode: 2 - No such file or directory)
+------------+----------+
| period     | count(1) |
+------------+----------+
| 2018-10-20 |    26398 |
| 2018-10-19 |    26461 |
| 2018-10-18 |    26454 |
| 2018-10-17 |    26441 |
| 2018-10-16 |    26463 |
+------------+----------+
5 rows in set (0.53 sec)

Query OK, 0 rows affected (0.47 sec)

Query OK, 0 rows affected (0.29 sec)
Records: 0  Duplicates: 0  Warnings: 0

Query OK, 0 rows affected (0.02 sec)
Records: 0  Duplicates: 0  Warnings: 0

Query OK, 0 rows affected (0.02 sec)
Records: 0  Duplicates: 0  Warnings: 0

Query OK, 0 rows affected (0.01 sec)
Records: 0  Duplicates: 0  Warnings: 0

Query OK, 0 rows affected (0.02 sec)
Records: 0  Duplicates: 0  Warnings: 0

Query OK, 0 rows affected (0.01 sec)
Records: 0  Duplicates: 0  Warnings: 0

Query OK, 0 rows affected (0.02 sec)
Records: 0  Duplicates: 0  Warnings: 0

+----------+
| count(1) |
+----------+
| 20726470 |
+----------+
1 row in set (54.40 sec)

Query OK, 0 rows affected (0.00 sec)
Records: 0  Duplicates: 0  Warnings: 0

+----------+
| count(1) |
+----------+
| 20726470 |
+----------+
1 row in set (6.87 sec)

+------------+--------------------------+
| period     | customercontractactivity |
+------------+--------------------------+
| 2018-10-20 |                    25746 |
| 2018-10-19 |                    25809 |
| 2018-10-18 |                    25802 |
| 2018-10-17 |                    25788 |
| 2018-10-16 |                    25812 |
+------------+--------------------------+
5 rows in set (0.05 sec)

Query OK, 0 rows affected (0.02 sec)

Query OK, 188780 rows affected (9 min 34.47 sec)
Records: 188780  Duplicates: 0  Warnings: 0

Query OK, 0 rows affected (0.12 sec)

Query OK, 0 rows affected (0.00 sec)
Records: 0  Duplicates: 0  Warnings: 0

Query OK, 0 rows affected (0.00 sec)

Query OK, 0 rows affected (0.00 sec)
Records: 0  Duplicates: 0  Warnings: 0

Query OK, 0 rows affected (0.02 sec)

Query OK, 0 rows affected (0.24 sec)
Records: 0  Duplicates: 0  Warnings: 0

Query OK, 0 rows affected (0.06 sec)

Query OK, 0 rows affected (0.10 sec)
Records: 0  Duplicates: 0  Warnings: 0

Query OK, 0 rows affected (0.02 sec)

Query OK, 0 rows affected (0.02 sec)
Records: 0  Duplicates: 0  Warnings: 0

Query OK, 0 rows affected (0.01 sec)

Query OK, 0 rows affected (0.02 sec)
Records: 0  Duplicates: 0  Warnings: 0

Query OK, 0 rows affected (0.02 sec)

Query OK, 0 rows affected (0.01 sec)
Records: 0  Duplicates: 0  Warnings: 0

+-------------+
| clientstats |
+-------------+
|           0 |
+-------------+
1 row in set (0.00 sec)

Query OK, 0 rows affected (0.02 sec)

Query OK, 0 rows affected, 1 warning (0.04 sec)
Records: 0  Duplicates: 0  Warnings: 1

Empty set (0.00 sec)

Empty set, 1 warning (0.00 sec)

Empty set, 2 warnings (0.00 sec)

Query OK, 0 rows affected (0.00 sec)

Query OK, 0 rows affected, 3 warnings (0.01 sec)
Records: 0  Duplicates: 0  Warnings: 3

Empty set (0.00 sec)

Query OK, 0 rows affected (0.02 sec)

Query OK, 0 rows affected (0.02 sec)
Records: 0  Duplicates: 0  Warnings: 0

Query OK, 0 rows affected (0.08 sec)

Query OK, 0 rows affected (0.00 sec)
Records: 0  Duplicates: 0  Warnings: 0

Query OK, 50 rows affected (2 min 6.69 sec)

Query OK, 0 rows affected (0.28 sec)

Query OK, 410 rows affected (24 min 48.86 sec)
Records: 410  Duplicates: 0  Warnings: 0

+---------------------------+
| retentioncustomeractivity |
+---------------------------+
|                       410 |
+---------------------------+
1 row in set (0.00 sec)

mysql> 
mysql> 
mysql> mysql \. C:\workspace\cloud\code\sql\_DailyScript\reports-sales-addons-prepaid-camera.sql
Database changed
Query OK, 0 rows affected (0.06 sec)

Query OK, 2996 rows affected (0.32 sec)
Records: 2996  Duplicates: 0  Warnings: 0

Query OK, 0 rows affected (0.15 sec)

Query OK, 13312 rows affected (30.89 sec)
Records: 13312  Duplicates: 0  Warnings: 0

+--------------------+
| rep_prepaid_camera |
+--------------------+
|               2996 |
+--------------------+
1 row in set (0.02 sec)

+-----------+
| rep_addon |
+-----------+
|     13312 |
+-----------+
1 row in set (0.00 sec)

mysql> mysql \. C:\workspace\cloud\code\sql\_DailyScript\housing-estate-analysis.sql
Database changed
Query OK, 0 rows affected (0.02 sec)

Query OK, 2665 rows affected (30.11 sec)
Records: 2665  Duplicates: 0  Warnings: 0

+--------------------+
| rep_housingestates |
+--------------------+
|               2665 |
+--------------------+
1 row in set (0.02 sec)

mysql> 
mysql> mysql \. C:\workspace\cloud\code\sql\_DailyScript\RCB_ClientAnalyticsReport_Script.sql
Database changed
Query OK, 0 rows affected (0.00 sec)

Query OK, 0 rows affected (0.22 sec)

Query OK, 1545979 rows affected (3 min 15.53 sec)
Records: 1545979  Duplicates: 0  Warnings: 0

Query OK, 0 rows affected (6.73 sec)
Records: 0  Duplicates: 0  Warnings: 0

Query OK, 0 rows affected (6.90 sec)
Records: 0  Duplicates: 0  Warnings: 0

Query OK, 0 rows affected (10.04 sec)
Records: 0  Duplicates: 0  Warnings: 0

Query OK, 0 rows affected (9.82 sec)
Records: 0  Duplicates: 0  Warnings: 0

Query OK, 0 rows affected (10.59 sec)
Records: 0  Duplicates: 0  Warnings: 0

Query OK, 0 rows affected (8.33 sec)
Records: 0  Duplicates: 0  Warnings: 0

Query OK, 0 rows affected (0.00 sec)

Query OK, 412438 rows affected (23.09 sec)
Rows matched: 1545979  Changed: 412438  Warnings: 0

Query OK, 0 rows affected (0.01 sec)

Query OK, 26581 rows affected (2.59 sec)
Records: 26581  Duplicates: 0  Warnings: 0

Query OK, 0 rows affected (0.03 sec)

Query OK, 41199 rows affected (11 min 34.88 sec)
Records: 41199  Duplicates: 0  Warnings: 0

Query OK, 0 rows affected (0.98 sec)
Records: 0  Duplicates: 0  Warnings: 0

Query OK, 0 rows affected (0.17 sec)
Records: 0  Duplicates: 0  Warnings: 0

Query OK, 0 rows affected (0.24 sec)
Records: 0  Duplicates: 0  Warnings: 0

Query OK, 0 rows affected (0.15 sec)

Query OK, 390227 rows affected (10 min 33.42 sec)
Records: 390227  Duplicates: 0  Warnings: 0

Query OK, 0 rows affected (1.78 sec)
Records: 0  Duplicates: 0  Warnings: 0

Query OK, 0 rows affected (1.84 sec)
Records: 0  Duplicates: 0  Warnings: 0

Query OK, 0 rows affected (1.43 sec)
Records: 0  Duplicates: 0  Warnings: 0

Query OK, 0 rows affected (1.94 sec)
Records: 0  Duplicates: 0  Warnings: 0

Query OK, 0 rows affected (1.29 sec)
Records: 0  Duplicates: 0  Warnings: 0

Query OK, 0 rows affected (0.02 sec)

Query OK, 41199 rows affected (1 min 25.38 sec)
Records: 41199  Duplicates: 0  Warnings: 0

+--------------+
| clientreport |
+--------------+
|        41199 |
+--------------+
1 row in set (0.02 sec)

Query OK, 0 rows affected (0.03 sec)

Query OK, 41199 rows affected (9.83 sec)
Records: 41199  Duplicates: 0  Warnings: 0

+----------------------+
| clientextendedreport |
+----------------------+
|                41199 |
+----------------------+
1 row in set (0.01 sec)

Query OK, 0 rows affected (0.03 sec)

Query OK, 41199 rows affected (1 min 14.83 sec)
Records: 41199  Duplicates: 0  Warnings: 0

+---------+
| allcust |
+---------+
|   41199 |
+---------+
1 row in set (0.04 sec)

Query OK, 0 rows affected, 1 warning (0.00 sec)

Query OK, 5000 rows affected (0.56 sec)
Records: 5000  Duplicates: 0  Warnings: 0

Query OK, 0 rows affected (0.00 sec)

Query OK, 7074 rows affected (1.05 sec)
Records: 7074  Duplicates: 0  Warnings: 0

Query OK, 0 rows affected, 1 warning (0.00 sec)

Query OK, 5000 rows affected (0.25 sec)
Records: 5000  Duplicates: 0  Warnings: 0

Query OK, 0 rows affected (0.00 sec)

Query OK, 7406 rows affected (0.49 sec)
Records: 7406  Duplicates: 0  Warnings: 0

mysql> mysql \. C:\workspace\cloud\code\sql\_DailyScript\REVENUE_PER_NODE_MXK.sql
Query OK, 0 rows affected, 1 warning (0.00 sec)

Query OK, 4654 rows affected (4 min 49.56 sec)
Records: 4654  Duplicates: 0  Warnings: 0

Query OK, 0 rows affected, 1 warning (0.02 sec)

Query OK, 4680 rows affected (6 min 56.51 sec)
Records: 4680  Duplicates: 0  Warnings: 0

Query OK, 0 rows affected (0.16 sec)

Query OK, 4922 rows affected (0.33 sec)
Records: 4922  Duplicates: 0  Warnings: 0

Query OK, 0 rows affected (0.00 sec)

Query OK, 0 rows affected (0.00 sec)

Query OK, 0 rows affected, 1 warning (0.00 sec)

Query OK, 36894 rows affected (6 min 3.51 sec)
Records: 36894  Duplicates: 0  Warnings: 0

Query OK, 0 rows affected, 1 warning (0.00 sec)

Query OK, 26065 rows affected (4 min 0.85 sec)
Records: 26065  Duplicates: 0  Warnings: 0

Query OK, 0 rows affected (0.02 sec)

Query OK, 18736 rows affected (1.39 sec)
Records: 18736  Duplicates: 0  Warnings: 0

Query OK, 0 rows affected (0.00 sec)

Query OK, 0 rows affected (0.00 sec)

Query OK, 0 rows affected (0.01 sec)

Query OK, 23658 rows affected (1.64 sec)
Records: 23658  Duplicates: 0  Warnings: 0

Query OK, 0 rows affected (0.05 sec)

Query OK, 411238 rows affected (1 min 1.43 sec)
Records: 411238  Duplicates: 0  Warnings: 0

Query OK, 0 rows affected (0.00 sec)

Query OK, 7661 rows affected (2.15 sec)
Rows matched: 7661  Changed: 7661  Warnings: 0

Query OK, 0 rows affected (0.12 sec)

Query OK, 1472649 rows affected (5 min 50.71 sec)
Records: 1472649  Duplicates: 0  Warnings: 0

Query OK, 0 rows affected (0.07 sec)

Query OK, 1697589 rows affected (4 min 12.76 sec)
Records: 1697589  Duplicates: 0  Warnings: 0

Query OK, 0 rows affected (0.02 sec)

Query OK, 61441 rows affected (15.11 sec)
Records: 61441  Duplicates: 0  Warnings: 0

Query OK, 0 rows affected (0.25 sec)

Query OK, 20797 rows affected (10.45 sec)
Records: 20797  Duplicates: 0  Warnings: 0

Query OK, 0 rows affected (0.01 sec)

Query OK, 41199 rows affected (4.09 sec)
Records: 41199  Duplicates: 0  Warnings: 0

Query OK, 0 rows affected, 1 warning (0.00 sec)

Query OK, 384504 rows affected (55.21 sec)
Records: 384504  Duplicates: 0  Warnings: 0

Query OK, 0 rows affected, 1 warning (0.02 sec)

Query OK, 61441 rows affected (4.31 sec)
Records: 61441  Duplicates: 0  Warnings: 0

Query OK, 0 rows affected (0.10 sec)

Query OK, 386451 rows affected (33.91 sec)
Records: 386451  Duplicates: 0  Warnings: 0

Query OK, 0 rows affected (0.08 sec)

Query OK, 41232 rows affected (12.49 sec)
Records: 41232  Duplicates: 0  Warnings: 0

Query OK, 0 rows affected (0.16 sec)

Query OK, 0 rows affected (0.00 sec)

+-----------+------------------------------------+------------+-------------+-----------------+------------------+---------------------+-------------------+
| HFC_NODE  | NODENAME                           | CMTS_DATE  | REPORT_DATE | UNIQUE_ACCOUNTS | UNIQUE_CONTRACTS | UNIQUE_MAC_INRCBOSS | UNIQUE_MAC_INCMTS |
+-----------+------------------------------------+------------+-------------+-----------------+------------------+---------------------+-------------------+
| NULL      | NULL                               | NULL       | 2018-10-22  |            9600 |            10186 |               10325 |                 0 |
| C5/0/0/U0 | ANSE-BOILEAU-2                     | 2018-10-13 | 2018-10-22  |             118 |              121 |                 118 |               119 |
| C5/0/0/U1 | 500-C3-ANSE-BOILEAU                | 2018-10-13 | 2018-10-22  |             209 |              218 |                 208 |               208 |
| C5/0/1/U0 | 501-C4-LA-MISIERE-LEFT-I           | 2018-10-13 | 2018-10-22  |             197 |              208 |                 196 |               196 |
| C5/0/1/U1 | 501-C5-LA-MISIERE-RIGHT            | 2018-10-13 | 2018-10-22  |             101 |              106 |                 101 |               102 |
| C5/0/1/U2 | 501-C7-LA-MISIERE-LEFT-II          | 2018-10-13 | 2018-10-22  |             106 |              108 |                 106 |               106 |
| C5/0/2/U0 | 502-C8-LA-LOUISE                   | 2018-10-13 | 2018-10-22  |             154 |              155 |                 154 |               154 |
| C5/0/2/U1 | LA-LOUISE-2                        | 2018-10-13 | 2018-10-22  |             130 |              136 |                 130 |               130 |
| C5/0/3/U0 | 504-C6-PETIT-PARIS                 | 2018-10-13 | 2018-10-22  |             135 |              138 |                 135 |               136 |
| C5/0/3/U1 | PETIT-PARIS-23                     | 2018-10-13 | 2018-10-22  |              92 |               94 |                  92 |                93 |
| C5/1/0/U0 | POINTE-LARUE-AIRPORT-23            | 2018-10-13 | 2018-10-22  |             119 |              128 |                 121 |               122 |
| C5/1/0/U1 | PPROVIDENCE-23                     | 2018-10-13 | 2018-10-22  |              28 |               33 |                  29 |                29 |
| C5/1/0/U2 | ROSHE-CAIMAN-23                    | 2018-10-13 | 2018-10-22  |              11 |               12 |                  11 |                11 |
| C5/1/0/U3 | HEAD-OFFICE | HO-23                | 2018-10-13 | 2018-10-22  |              20 |               20 |                  22 |                22 |
| C5/1/1/U1 | C5-UNION-VALE                      | 2018-10-13 | 2018-10-22  |             186 |              193 |                 186 |               188 |
| C5/1/2/U0 | FOUR-SEASONS                       | 2018-10-13 | 2018-10-22  |               6 |               24 |                  24 |                24 |
| C5/1/2/U1 | C10-ANCHOR CAFE                    | 2018-10-13 | 2018-10-22  |             190 |              195 |                 190 |               191 |
| C5/1/2/U2 | ANCHOR-CAFE-23                     | 2018-10-13 | 2018-10-22  |             116 |              121 |                 115 |               116 |
| C5/1/3/U0 | POINTE-LARUE-AIRPORT-27            | 2018-10-13 | 2018-10-22  |             127 |              130 |                 127 |               127 |
| C5/1/3/U1 | PPROVIDENCE-27                     | 2018-10-13 | 2018-10-22  |              34 |               34 |                  34 |                34 |
| C5/1/3/U2 | ROSHE-CAIMAN-27                    | 2018-10-13 | 2018-10-22  |              20 |               20 |                  20 |                20 |
| C5/1/3/U3 | HEAD-OFFICE | HO-27                | 2018-10-13 | 2018-10-22  |              22 |               24 |                  22 |                22 |
| C5/1/4/U0 | ANSE-ROYALE-27                     | 2018-10-13 | 2018-10-22  |             187 |              197 |                 188 |               192 |
| C5/1/4/U1 | GLACIS-2-57                        | 2018-10-13 | 2018-10-22  |             152 |              162 |                 152 |               155 |
| C5/1/4/U3 | GLACIS-1                           | 2018-10-13 | 2018-10-22  |              54 |               56 |                  54 |                55 |
| C6/0/1/U0 | SERRET-ROAD-RIGHT/CURIO/PASCAL     | 2018-10-13 | 2018-10-22  |             116 |              119 |                 116 |               117 |
| C6/0/1/U1 | SERRET-ROAD-LEFT/ST.LOUIS/TOWN     | 2018-10-13 | 2018-10-22  |             162 |              170 |                 162 |               162 |
| C6/0/1/U2 | SERRET-ROAD-RIGHT/CURIO/PASCAL-2   | 2018-10-13 | 2018-10-22  |             145 |              149 |                 145 |               145 |
| C6/0/1/U3 | SERRET-ROAD-LEFT/ST.LOUIS/TOWN-2   | 2018-10-13 | 2018-10-22  |             139 |              145 |                 139 |               140 |
| C6/0/2/U0 | SANS-SOUCIS-I                      | 2018-10-13 | 2018-10-22  |             106 |              108 |                 106 |               106 |
| C6/0/2/U1 | SANS-SOUCIS-II                     | 2018-10-13 | 2018-10-22  |             125 |              133 |                 124 |               124 |
| C6/0/2/U2 | BEL-AIR-27                         | 2018-10-13 | 2018-10-22  |             108 |              111 |                 108 |               108 |
| C6/0/2/U3 | BEL-AIR-38                         | 2018-10-13 | 2018-10-22  |             107 |              114 |                 107 |               108 |
| C6/0/3/U0 | LES-MAMELLES-23                    | 2018-10-13 | 2018-10-22  |              65 |               66 |                  65 |                65 |
| C6/0/3/U1 | VICTORIA-23                        | 2018-10-13 | 2018-10-22  |              34 |               35 |                  34 |                34 |
| C6/0/4/U0 | LES-MAMELLES-27                    | 2018-10-13 | 2018-10-22  |              86 |               88 |                  86 |                86 |
| C6/0/4/U1 | VICTORIA-27                        | 2018-10-13 | 2018-10-22  |              39 |               45 |                  40 |                43 |
| C7/1/0/U0 | LA-RETRAITE-23                     | 2018-10-13 | 2018-10-22  |             125 |              130 |                 125 |               126 |
| C7/1/0/U1 | TEA-FACTORY-23                     | 2018-10-13 | 2018-10-22  |              33 |               40 |                  36 |                36 |
| C7/1/0/U2 | PAS-23                             | 2018-10-13 | 2018-10-22  |             122 |              129 |                 124 |               125 |
| C7/1/1/U0 | REEF-ESTATE-23                     | 2018-10-13 | 2018-10-22  |              85 |               88 |                  85 |                86 |
| C7/1/1/U1 | BEL-OMBRE-NEW-23                   | 2018-10-13 | 2018-10-22  |              46 |               55 |                  51 |                52 |
| C7/1/2/U0 | LA-RETRAITE-27                     | 2018-10-13 | 2018-10-22  |             118 |              128 |                 118 |               118 |
| C7/1/2/U1 | TEA-FACTORY-27                     | 2018-10-13 | 2018-10-22  |              12 |               15 |                  12 |                12 |
| C7/1/2/U2 | PAS-27                             | 2018-10-13 | 2018-10-22  |              89 |               96 |                  89 |                89 |
| C7/1/3/U0 | MT-BUXTON-27                       | 2018-10-13 | 2018-10-22  |             138 |              143 |                 137 |               139 |
| C7/1/3/U1 | MT-BUXTON-23                       | 2018-10-13 | 2018-10-22  |              84 |               86 |                  84 |                84 |
| C7/1/4/U0 | REEF-ESTATE-27                     | 2018-10-13 | 2018-10-22  |              74 |               75 |                  74 |                74 |
| C7/1/4/U1 | BEL-OMBRE-NEW-27                   | 2018-10-13 | 2018-10-22  |              50 |               51 |                  50 |                50 |
| C8/0/0/U0 | POLICE-ACADEMY-1-27 - POINTE LARUE | 2018-10-13 | 2018-10-22  |             362 |              374 |                 362 |               364 |
| C8/0/1/U1 | POLICE-ACADEMY-2-27 - TURTLE BAY   | 2018-10-13 | 2018-10-22  |             263 |              276 |                 265 |               265 |
| C8/0/2/U0 | BEAU-VALLON-LEFT-1-57              | 2018-10-13 | 2018-10-22  |             170 |              177 |                 169 |               169 |
| C8/0/3/U1 | BEAU-VALLON-RIGHT-2-57             | 2018-10-13 | 2018-10-22  |             221 |              231 |                 220 |               222 |
| C8/1/0/U0 | MA-JOIE-NODE-27                    | 2018-10-13 | 2018-10-22  |             137 |              142 |                 137 |               138 |
| C8/1/0/U1 | BELONIE-27                         | 2018-10-13 | 2018-10-22  |             144 |              149 |                 143 |               143 |
| C8/1/0/U3 | MA-JOIE-NODE-23                    | 2018-10-13 | 2018-10-22  |             104 |              106 |                 104 |               106 |
| C8/1/1/U0 | 611-C1-ROJN I                      | 2018-10-13 | 2018-10-22  |             170 |              177 |                 170 |               174 |
| C8/1/1/U1 | 611-C5-ROJN II                     | 2018-10-13 | 2018-10-22  |              77 |               81 |                  77 |                77 |
| C8/1/2/U0 | 612-C2-ANSE-ETOILE                 | 2018-10-13 | 2018-10-22  |             181 |              188 |                 180 |               180 |
| C8/1/2/U1 | ANSE-ETOILE-U2                     | 2018-10-13 | 2018-10-22  |             100 |              103 |                  99 |                99 |
| C8/1/3/U0 | 613-C3-ANSE-GAULETTE I             | 2018-10-13 | 2018-10-22  |              63 |               67 |                  63 |                63 |
| C8/1/3/U1 | 613-C7-ANSE-GAULETTE II            | 2018-10-13 | 2018-10-22  |              70 |               78 |                  70 |                70 |
| C8/1/3/U2 | NULL                               | 2018-10-13 | 2018-10-22  |              40 |               45 |                  40 |                40 |
| C8/1/3/U3 | NULL                               | 2018-10-13 | 2018-10-22  |             102 |              103 |                 102 |               102 |
| C8/1/3/U4 | NULL                               | 2018-10-13 | 2018-10-22  |              85 |               86 |                  85 |                86 |
| C8/1/4/U0 | 614-BEOLIERE-NODE-1                | 2018-10-13 | 2018-10-22  |             125 |              132 |                 125 |               126 |
| C8/1/4/U1 | 614-BEOLIERE-NODE-2                | 2018-10-13 | 2018-10-22  |              99 |              105 |                  99 |                99 |
+-----------+------------------------------------+------------+-------------+-----------------+------------------+---------------------+-------------------+
67 rows in set (0.32 sec)

+------------------+------------+-------------+-----------------+------------------+----------------------+-------------------+
| MXK_NAME         | MXK_DATE   | REPORT_DATE | UNIQUE_ACCOUNTS | UNIQUE_CONTRACTS | UNIQUE_FSAN_INRCBOSS | UNIQUE_FSAN_INMXK |
+------------------+------------+-------------+-----------------+------------------+----------------------+-------------------+
| NULL             | NULL       | 2018-10-22  |             220 |              226 |                  220 |                 0 |
| MXK-ANSEETOILE   | 2018-10-13 | 2018-10-22  |              52 |               53 |                   53 |                54 |
| MXK-ANSEROYALE   | 2018-10-13 | 2018-10-22  |             108 |              109 |                  109 |               113 |
| MXK-BEAUVALLON   | 2018-10-13 | 2018-10-22  |             728 |              740 |                  738 |               754 |
| MXK-MAHE         | 2018-10-13 | 2018-10-22  |             817 |              847 |                  814 |               907 |
| MXK-PERSEVERANCE | 2018-10-13 | 2018-10-22  |            1000 |             1018 |                 1015 |              1042 |
| MXK-PRASLIN      | 2018-10-13 | 2018-10-22  |            1326 |             1345 |                 1337 |              1413 |
+------------------+------------+-------------+-----------------+------------------+----------------------+-------------------+
7 rows in set (0.15 sec)

mysql> 
mysql> mysql \. C:\workspace\cloud\code\sql\_DailyScript\sales-to-activenumber.sql
Database changed
Query OK, 0 rows affected (0.00 sec)

Query OK, 11075 rows affected (22 min 31.56 sec)
Records: 11075  Duplicates: 0  Warnings: 0

Query OK, 0 rows affected (0.05 sec)

Query OK, 34789 rows affected (24 min 42.73 sec)
Records: 34789  Duplicates: 0  Warnings: 0

mysql> 
mysql> exit
