    -> 
    -> mysql \. C:\workspace\cloud\code\sql\_DailyScript\_setdates.sql
Query OK, 0 rows affected (0.00 sec)

Query OK, 0 rows affected (1.43 sec)

Database changed
Query OK, 0 rows affected (0.00 sec)

Query OK, 0 rows affected (0.00 sec)

Query OK, 0 rows affected (0.00 sec)

Query OK, 0 rows affected (0.00 sec)

Query OK, 0 rows affected (0.00 sec)

Query OK, 0 rows affected (0.00 sec)

Query OK, 0 rows affected (0.00 sec)

Query OK, 0 rows affected (0.00 sec)

Query OK, 0 rows affected (0.00 sec)

Query OK, 0 rows affected (0.00 sec)

Query OK, 0 rows affected (0.00 sec)

Query OK, 0 rows affected (0.00 sec)

Query OK, 0 rows affected (0.00 sec)

Query OK, 0 rows affected (0.00 sec)

Query OK, 0 rows affected (0.00 sec)

Query OK, 0 rows affected (0.00 sec)

Query OK, 0 rows affected (0.00 sec)

Query OK, 0 rows affected (0.00 sec)

Query OK, 0 rows affected (0.00 sec)

Query OK, 0 rows affected (0.00 sec)

Query OK, 0 rows affected (0.00 sec)

Query OK, 0 rows affected (0.00 sec)

mysql> mysql \. C:\workspace\cloud\code\sql\_DailyScript\currenttime.sql
+---------------------+
| currenttime         |
+---------------------+
| 2021-06-04 06:34:01 |
+---------------------+
1 row in set (0.00 sec)

mysql> 
mysql> mysql \. C:\workspace\cloud\code\sql\_DailyScript\load_RCB_VODTITLES.sql
Database changed
Query OK, 0 rows affected (0.00 sec)

Query OK, 15108 rows affected (0.13 sec)

Query OK, 15110 rows affected, 15110 warnings (0.41 sec)
Records: 15110  Deleted: 0  Skipped: 0  Warnings: 15110

Query OK, 0 rows affected (0.00 sec)

Query OK, 2 rows affected (0.01 sec)

+-----------+
| VODTITLES |
+-----------+
|     15568 |
+-----------+
1 row in set (0.01 sec)

+-----------+-----------+
| titletype | typecount |
+-----------+-----------+
| E         |     12765 |
| N         |       246 |
| T         |      2097 |
| NULL      |     15108 |
+-----------+-----------+
4 rows in set (0.05 sec)

mysql> mysql \. C:\workspace\cloud\code\sql\_DailyScript\currenttime.sql
+---------------------+
| currenttime         |
+---------------------+
| 2021-06-04 06:34:01 |
+---------------------+
1 row in set (0.00 sec)

mysql> 
mysql> mysql \. C:\workspace\cloud\code\sql\_DailyScript\DAILY-SCRIPT-LIVETV-STATS.sql
Database changed
Query OK, 0 rows affected (0.01 sec)

Query OK, 125247 rows affected (1.51 sec)
Records: 125247  Duplicates: 0  Warnings: 0

+------------+------------+----------+--------------+--------------+-----------+-------------+----------+--------+------+------------+---------+---------------+
| Table      | Non_unique | Key_name | Seq_in_index | Column_name  | Collation | Cardinality | Sub_part | Packed | Null | Index_type | Comment | Index_comment |
+------------+------------+----------+--------------+--------------+-----------+-------------+----------+--------+------+------------+---------+---------------+
| templivetv |          1 | idxtv1   |            1 | device       | A         |      123962 |     NULL | NULL   | YES  | BTREE      |         |               |
| templivetv |          1 | idxtv2   |            1 | sessionstart | A         |      123962 |     NULL | NULL   | YES  | BTREE      |         |               |
+------------+------------+----------+--------------+--------------+-----------+-------------+----------+--------+------+------------+---------+---------------+
2 rows in set (0.00 sec)

Query OK, 125257 rows affected (11.51 sec)
Records: 125257  Duplicates: 0  Warnings: 0

Query OK, 2614 rows affected (0.78 sec)
Records: 2614  Duplicates: 0  Warnings: 0

Query OK, 0 rows affected (0.00 sec)

Query OK, 0 rows affected (0.00 sec)

Query OK, 128 rows affected (0.02 sec)
Records: 128  Duplicates: 0  Warnings: 0

Query OK, 0 rows affected (0.00 sec)

Query OK, 68453 rows affected (7 min 38.10 sec)
Records: 68453  Duplicates: 0  Warnings: 0

+-----------------+
| rep_livetvstats |
+-----------------+
|           68453 |
+-----------------+
1 row in set (0.03 sec)

mysql> mysql \. C:\workspace\cloud\code\sql\_DailyScript\currenttime.sql
+---------------------+
| currenttime         |
+---------------------+
| 2021-06-04 06:41:53 |
+---------------------+
1 row in set (0.00 sec)

mysql> 
mysql> mysql \. C:\workspace\cloud\code\sql\_DailyScript\DAILY-SCRIPT-VODTS-STATS.sql
Database changed
Query OK, 0 rows affected (0.01 sec)

Query OK, 9823 rows affected (24.42 sec)
Records: 9823  Duplicates: 0  Warnings: 0

+---------+------------+----------+--------------+--------------+-----------+-------------+----------+--------+------+------------+---------+---------------+
| Table   | Non_unique | Key_name | Seq_in_index | Column_name  | Collation | Cardinality | Sub_part | Packed | Null | Index_type | Comment | Index_comment |
+---------+------------+----------+--------------+--------------+-----------+-------------+----------+--------+------+------------+---------+---------------+
| tempvod |          1 | idxtvod1 |            1 | device       | A         |        9355 |     NULL | NULL   | YES  | BTREE      |         |               |
| tempvod |          1 | idxtvod2 |            1 | sessionstart | A         |        9355 |     NULL | NULL   | YES  | BTREE      |         |               |
+---------+------------+----------+--------------+--------------+-----------+-------------+----------+--------+------+------------+---------+---------------+
2 rows in set (0.00 sec)

Query OK, 9814 rows affected (3.74 sec)
Records: 9814  Duplicates: 0  Warnings: 0

Query OK, 0 rows affected (0.03 sec)

Query OK, 1225397 rows affected (1 min 43.92 sec)
Records: 1225397  Duplicates: 0  Warnings: 0

+--------------+
| rep_vodstats |
+--------------+
|      1225397 |
+--------------+
1 row in set (0.36 sec)

Database changed
Query OK, 0 rows affected (0.01 sec)

Query OK, 21905 rows affected (41.74 sec)
Records: 21905  Duplicates: 0  Warnings: 0

+--------+------------+----------+--------------+--------------+-----------+-------------+----------+--------+------+------------+---------+---------------+
| Table  | Non_unique | Key_name | Seq_in_index | Column_name  | Collation | Cardinality | Sub_part | Packed | Null | Index_type | Comment | Index_comment |
+--------+------------+----------+--------------+--------------+-----------+-------------+----------+--------+------+------------+---------+---------------+
| tempts |          1 | idxtts1  |            1 | device       | A         |       22059 |     NULL | NULL   | YES  | BTREE      |         |               |
| tempts |          1 | idxtts2  |            1 | sessionstart | A         |       22059 |     NULL | NULL   | YES  | BTREE      |         |               |
+--------+------------+----------+--------------+--------------+-----------+-------------+----------+--------+------+------------+---------+---------------+
2 rows in set (0.00 sec)

Query OK, 21982 rows affected (14.39 sec)
Records: 21982  Duplicates: 0  Warnings: 0

Query OK, 0 rows affected (0.01 sec)

Query OK, 48533 rows affected (43.80 sec)
Records: 48533  Duplicates: 0  Warnings: 0

+-------------+
| rep_tsstats |
+-------------+
|       48533 |
+-------------+
1 row in set (0.02 sec)

mysql> mysql \. C:\workspace\cloud\code\sql\_DailyScript\currenttime.sql
+---------------------+
| currenttime         |
+---------------------+
| 2021-06-04 06:45:46 |
+---------------------+
1 row in set (0.00 sec)

mysql> 
mysql> mysql \. C:\workspace\cloud\code\sql\_DailyScript\DAILY-SCRIPT-RADIO-STATS.sql
Database changed
Query OK, 0 rows affected (0.02 sec)

Query OK, 395947 rows affected (4.75 sec)
Records: 395947  Duplicates: 0  Warnings: 0

+-----------+------------+----------+--------------+--------------+-----------+-------------+----------+--------+------+------------+---------+---------------+
| Table     | Non_unique | Key_name | Seq_in_index | Column_name  | Collation | Cardinality | Sub_part | Packed | Null | Index_type | Comment | Index_comment |
+-----------+------------+----------+--------------+--------------+-----------+-------------+----------+--------+------+------------+---------+---------------+
| tempradio |          1 | idxtrad1 |            1 | device       | A         |      392553 |     NULL | NULL   | YES  | BTREE      |         |               |
| tempradio |          1 | idxtrad2 |            1 | sessionstart | A         |      392553 |     NULL | NULL   | YES  | BTREE      |         |               |
+-----------+------------+----------+--------------+--------------+-----------+-------------+----------+--------+------+------------+---------+---------------+
2 rows in set (0.00 sec)

Query OK, 369 rows affected (0.79 sec)
Records: 369  Duplicates: 0  Warnings: 0

Query OK, 0 rows affected (0.01 sec)

Query OK, 6440 rows affected (0.54 sec)
Records: 6440  Duplicates: 0  Warnings: 0

+----------------+
| rep_radiostats |
+----------------+
|           6440 |
+----------------+
1 row in set (0.01 sec)

mysql> mysql \. C:\workspace\cloud\code\sql\_DailyScript\currenttime.sql
+---------------------+
| currenttime         |
+---------------------+
| 2021-06-04 06:45:52 |
+---------------------+
1 row in set (0.00 sec)

mysql> 
mysql> mysql \. C:\workspace\cloud\code\sql\_DailyScript\DAILY_SCRIPT_TELEMETRY_PIVOT_2021.sql
Query OK, 0 rows affected (0.01 sec)

Query OK, 140 rows affected (0.12 sec)
Records: 140  Duplicates: 0  Warnings: 0

Query OK, 0 rows affected (0.01 sec)

Query OK, 12523 rows affected (1.91 sec)
Records: 12523  Duplicates: 0  Warnings: 0

Query OK, 0 rows affected (0.01 sec)

Query OK, 5 rows affected (0.02 sec)
Records: 5  Duplicates: 0  Warnings: 0

Query OK, 0 rows affected (0.01 sec)

Query OK, 44 rows affected (0.06 sec)
Records: 44  Duplicates: 0  Warnings: 0

mysql> mysql \. C:\workspace\cloud\code\sql\_DailyScript\currenttime.sql
+---------------------+
| currenttime         |
+---------------------+
| 2021-06-04 06:45:54 |
+---------------------+
1 row in set (0.00 sec)

mysql> 
mysql> mysql \. C:\workspace\cloud\code\sql\_DailyScript\telemetry_livetv_ranking2021.sql
Query OK, 0 rows affected (0.00 sec)

Query OK, 140 rows affected (0.02 sec)
Records: 140  Duplicates: 0  Warnings: 0

mysql> mysql \. C:\workspace\cloud\code\sql\_DailyScript\currenttime.sql
+---------------------+
| currenttime         |
+---------------------+
| 2021-06-04 06:45:54 |
+---------------------+
1 row in set (0.00 sec)

mysql> 
mysql> mysql \. C:\workspace\cloud\code\sql\_DailyScript\telemetry_radio_ranking2021.sql
Query OK, 0 rows affected (0.00 sec)

Query OK, 5 rows affected (0.02 sec)
Records: 5  Duplicates: 0  Warnings: 0

mysql> mysql \. C:\workspace\cloud\code\sql\_DailyScript\currenttime.sql
+---------------------+
| currenttime         |
+---------------------+
| 2021-06-04 06:45:54 |
+---------------------+
1 row in set (0.00 sec)

mysql> 
mysql> mysql \. C:\workspace\cloud\code\sql\_DailyScript\telemetry_ts_ranking2021.sql
Query OK, 0 rows affected (0.00 sec)

Query OK, 44 rows affected (0.02 sec)
Records: 44  Duplicates: 0  Warnings: 0

mysql> mysql \. C:\workspace\cloud\code\sql\_DailyScript\currenttime.sql
+---------------------+
| currenttime         |
+---------------------+
| 2021-06-04 06:45:54 |
+---------------------+
1 row in set (0.00 sec)

mysql> 
mysql> mysql \. C:\workspace\cloud\code\sql\_DailyScript\telemetry_vod_ranking2021.sql
Query OK, 0 rows affected (0.00 sec)

Query OK, 12523 rows affected (0.61 sec)
Records: 12523  Duplicates: 0  Warnings: 0

mysql> mysql \. C:\workspace\cloud\code\sql\_DailyScript\currenttime.sql
+---------------------+
| currenttime         |
+---------------------+
| 2021-06-04 06:45:55 |
+---------------------+
1 row in set (0.00 sec)

mysql> 
mysql> mysql \. C:\workspace\cloud\code\sql\_DailyScript\telemetry_vod_ranking2021_1.sql
Query OK, 0 rows affected (0.01 sec)

Query OK, 12523 rows affected (0.32 sec)
Records: 12523  Duplicates: 0  Warnings: 0

mysql> mysql \. C:\workspace\cloud\code\sql\_DailyScript\currenttime.sql
+---------------------+
| currenttime         |
+---------------------+
| 2021-06-04 06:45:55 |
+---------------------+
1 row in set (0.00 sec)

mysql> 
mysql> mysql \. C:\workspace\cloud\code\sql\_DailyScript\telemetry_vod_ranking2021_2.sql
Query OK, 0 rows affected (0.01 sec)

Query OK, 12523 rows affected (0.27 sec)
Records: 12523  Duplicates: 0  Warnings: 0

mysql> mysql \. C:\workspace\cloud\code\sql\_DailyScript\currenttime.sql
+---------------------+
| currenttime         |
+---------------------+
| 2021-06-04 06:45:55 |
+---------------------+
1 row in set (0.00 sec)

mysql> 
mysql> 
mysql> 
mysql> 
mysql> mysql \. C:\workspace\cloud\code\sql\_DailyScript\ticket_analysis.sql
Database changed
Query OK, 0 rows affected (0.04 sec)

Query OK, 820526 rows affected (26.50 sec)
Records: 820526  Duplicates: 0  Warnings: 0

Query OK, 0 rows affected (3.23 sec)
Records: 0  Duplicates: 0  Warnings: 0

Query OK, 0 rows affected (1.62 sec)
Records: 0  Duplicates: 0  Warnings: 0

Query OK, 0 rows affected (1.49 sec)
Records: 0  Duplicates: 0  Warnings: 0

Query OK, 0 rows affected (0.01 sec)

Query OK, 25753 rows affected (13.18 sec)
Records: 25753  Duplicates: 0  Warnings: 0

Query OK, 0 rows affected, 1 warning (0.00 sec)

Query OK, 118812 rows affected (8.07 sec)
Records: 118812  Duplicates: 0  Warnings: 0

Query OK, 0 rows affected, 1 warning (0.00 sec)

Query OK, 603742 rows affected (15.96 sec)
Records: 603742  Duplicates: 0  Warnings: 0

Query OK, 0 rows affected, 1 warning (0.00 sec)

Query OK, 603742 rows affected (15.98 sec)
Records: 603742  Duplicates: 0  Warnings: 0

Query OK, 0 rows affected (0.01 sec)

Query OK, 118925 rows affected (4.07 sec)
Records: 118925  Duplicates: 0  Warnings: 0

Database changed
Query OK, 0 rows affected (0.00 sec)

Query OK, 0 rows affected (0.04 sec)

Query OK, 820526 rows affected (26.50 sec)
Records: 820526  Duplicates: 0  Warnings: 0

Query OK, 0 rows affected (0.01 sec)

Query OK, 421487 rows affected (17.14 sec)
Records: 421487  Duplicates: 0  Warnings: 0

+--------------------------+
| clientticket_cmmtjourney |
+--------------------------+
|                   820526 |
+--------------------------+
1 row in set (1.25 sec)

+---------------------------+
| clientticket_assgnjourney |
+---------------------------+
|                    421487 |
+---------------------------+
1 row in set (0.20 sec)

Query OK, 0 rows affected (0.13 sec)

Query OK, 92 rows affected (0.26 sec)
Records: 92  Duplicates: 0  Warnings: 0

mysql> mysql \. C:\workspace\cloud\code\sql\_DailyScript\currenttime.sql
+---------------------+
| currenttime         |
+---------------------+
| 2021-06-04 06:48:11 |
+---------------------+
1 row in set (0.00 sec)

mysql> 
mysql> mysql \. C:\workspace\cloud\code\sql\_DailyScript\load_DailyCalls.sql
Database changed
Query OK, 435 rows affected (0.11 sec)
Records: 435  Deleted: 0  Skipped: 0  Warnings: 0

Query OK, 0 rows affected, 1 warning (0.00 sec)

Query OK, 435 rows affected (0.03 sec)
Records: 435  Duplicates: 0  Warnings: 0

Query OK, 0 rows affected, 1 warning (0.00 sec)

Query OK, 69572 rows affected (0.51 sec)
Records: 69572  Duplicates: 0  Warnings: 0

+----------------------+
| callingclientsbefore |
+----------------------+
|              1203405 |
+----------------------+
1 row in set (0.44 sec)

Query OK, 650 rows affected (9.43 sec)
Records: 650  Duplicates: 0  Warnings: 0

+---------------------+
| callingclientsafter |
+---------------------+
|             1204055 |
+---------------------+
1 row in set (0.32 sec)

Query OK, 0 rows affected (0.01 sec)

Query OK, 299 rows affected (3.55 sec)
Records: 299  Duplicates: 0  Warnings: 0

Query OK, 0 rows affected (0.00 sec)

Query OK, 23434 rows affected (3.91 sec)
Records: 23434  Duplicates: 0  Warnings: 0

+-----------+
| callstats |
+-----------+
|     23434 |
+-----------+
1 row in set (0.01 sec)

Query OK, 0 rows affected, 1 warning (0.00 sec)

Query OK, 650 rows affected (2.38 sec)
Records: 650  Duplicates: 0  Warnings: 0

+------------------------+
| rep_cccallreportbefore |
+------------------------+
|                1204977 |
+------------------------+
1 row in set (0.33 sec)

Query OK, 650 rows affected (0.15 sec)
Records: 650  Duplicates: 0  Warnings: 0

+-----------------------+
| rep_cccallreportafter |
+-----------------------+
|               1205627 |
+-----------------------+
1 row in set (0.33 sec)

Query OK, 0 rows affected (0.01 sec)

mysql> mysql \. C:\workspace\cloud\code\sql\_DailyScript\currenttime.sql
+---------------------+
| currenttime         |
+---------------------+
| 2021-06-04 06:48:33 |
+---------------------+
1 row in set (0.00 sec)

mysql> 
mysql> mysql \. C:\workspace\cloud\code\sql\_DailyScript\DAILY-SCRIPT-USAGE.sql
Database changed
Query OK, 0 rows affected (0.00 sec)

Query OK, 4144 rows affected, 12030 warnings (0.68 sec)
Records: 4144  Deleted: 0  Skipped: 0  Warnings: 12030

Query OK, 0 rows affected (0.00 sec)

Query OK, 6175 rows affected, 17897 warnings (0.72 sec)
Records: 6175  Deleted: 0  Skipped: 0  Warnings: 17897

Query OK, 0 rows affected (0.00 sec)

Query OK, 297 rows affected, 1061 warnings (0.04 sec)
Records: 297  Deleted: 0  Skipped: 0  Warnings: 1061

Query OK, 0 rows affected (0.00 sec)

Query OK, 151 rows affected, 509 warnings (0.04 sec)
Records: 151  Deleted: 0  Skipped: 0  Warnings: 509

+------------+
| dailyusage |
+------------+
|   17733977 |
+------------+
1 row in set (6.37 sec)

+------------+------------+------------+---------+
| datestart  | dateend    | insertedon | records |
+------------+------------+------------+---------+
| 2021-06-03 | 2021-06-03 | 2021-06-04 |   10767 |
| 2021-06-02 | 2021-06-02 | 2021-06-04 |   10860 |
| 2021-06-01 | 2021-06-01 | 2021-06-02 |   10699 |
| 2021-05-31 | 2021-05-31 | 2021-06-01 |   10595 |
| 2021-05-30 | 2021-05-30 | 2021-05-31 |   10604 |
+------------+------------+------------+---------+
5 rows in set (19.05 sec)

+----------+------------+------------+------------+---------+
| category | datestart  | dateend    | insertedon | records |
+----------+------------+------------+------------+---------+
| UNCAPPED | 2021-06-03 | 2021-06-03 | 2021-06-04 |    6175 |
| PREPAID  | 2021-06-03 | 2021-06-03 | 2021-06-04 |     297 |
| HOTSPOT  | 2021-06-03 | 2021-06-03 | 2021-06-04 |     151 |
| CAPPED   | 2021-06-03 | 2021-06-03 | 2021-06-04 |    4144 |
| UNCAPPED | 2021-06-02 | 2021-06-02 | 2021-06-04 |    6251 |
| PREPAID  | 2021-06-02 | 2021-06-02 | 2021-06-04 |     307 |
| HOTSPOT  | 2021-06-02 | 2021-06-02 | 2021-06-04 |     146 |
| CAPPED   | 2021-06-02 | 2021-06-02 | 2021-06-04 |    4156 |
| UNCAPPED | 2021-06-01 | 2021-06-01 | 2021-06-02 |    6080 |
| PREPAID  | 2021-06-01 | 2021-06-01 | 2021-06-02 |     300 |
| HOTSPOT  | 2021-06-01 | 2021-06-01 | 2021-06-02 |     151 |
| CAPPED   | 2021-06-01 | 2021-06-01 | 2021-06-02 |    4168 |
| UNCAPPED | 2021-05-31 | 2021-05-31 | 2021-06-01 |    6071 |
| PREPAID  | 2021-05-31 | 2021-05-31 | 2021-06-01 |     317 |
| HOTSPOT  | 2021-05-31 | 2021-05-31 | 2021-06-01 |     147 |
| CAPPED   | 2021-05-31 | 2021-05-31 | 2021-06-01 |    4060 |
| UNCAPPED | 2021-05-30 | 2021-05-30 | 2021-05-31 |    6019 |
| PREPAID  | 2021-05-30 | 2021-05-30 | 2021-05-31 |     352 |
| HOTSPOT  | 2021-05-30 | 2021-05-30 | 2021-05-31 |     145 |
| CAPPED   | 2021-05-30 | 2021-05-30 | 2021-05-31 |    4088 |
+----------+------------+------------+------------+---------+
20 rows in set (25.59 sec)

mysql> mysql \. C:\workspace\cloud\code\sql\_DailyScript\currenttime.sql
+---------------------+
| currenttime         |
+---------------------+
| 2021-06-04 06:49:25 |
+---------------------+
1 row in set (0.00 sec)

mysql> 
mysql> mysql \. C:\workspace\cloud\code\sql\_DailyScript\DAILY-SCRIPT-SALES-TELEMETRY.sql
Database changed
Query OK, 19 rows affected, 10 warnings (0.03 sec)
Records: 19  Deleted: 0  Skipped: 0  Warnings: 10

+------------+
| dailysales |
+------------+
|     235333 |
+------------+
1 row in set (0.18 sec)

Query OK, 0 rows affected (0.01 sec)

Query OK, 235333 rows affected (16.40 sec)
Records: 235333  Duplicates: 0  Warnings: 0

+--------+
| sales  |
+--------+
| 235333 |
+--------+
1 row in set (0.10 sec)

Query OK, 0 rows affected (0.01 sec)

Query OK, 3892 rows affected (0.40 sec)
Records: 3892  Duplicates: 0  Warnings: 0

+----------------+
| rep_dailysales |
+----------------+
|           3892 |
+----------------+
1 row in set (0.00 sec)

Query OK, 0 rows affected (0.00 sec)

Query OK, 3892 rows affected (0.62 sec)
Records: 3892  Duplicates: 0  Warnings: 0

+-------------------+
| rep_dailysalesreg |
+-------------------+
|              3892 |
+-------------------+
1 row in set (0.00 sec)

Query OK, 0 rows affected (0.01 sec)

Query OK, 2934 rows affected (0.75 sec)
Records: 2934  Duplicates: 0  Warnings: 0

+-----------+
| saleslist |
+-----------+
|      2934 |
+-----------+
1 row in set (0.00 sec)

Database changed
ERROR 2 (HY000): File 'C:\ProgramData\MySQL\MySQL Server 5.7\Uploads\_csv\PrepaidCardSales-03062021-P1.csv' not found (Errcode: 2 - No such file or directory)
+------------------+
| dailysinglesales |
+------------------+
|             6520 |
+------------------+
1 row in set (0.01 sec)

Database changed
Query OK, 8 rows affected (0.03 sec)
Records: 8  Deleted: 0  Skipped: 0  Warnings: 0

+-----------------+
| dailyaddonsales |
+-----------------+
|           23732 |
+-----------------+
1 row in set (0.04 sec)

Query OK, 317 rows affected (0.05 sec)
Records: 317  Deleted: 0  Skipped: 0  Warnings: 0

+----------------+
| onlinepayments |
+----------------+
|         193191 |
+----------------+
1 row in set (0.09 sec)

+-------------+----------------+---------------------+
| paymentdate | onlinepayments | onlinepaymentamount |
+-------------+----------------+---------------------+
| 2021-06-03  |            317 |        234306.55000 |
| 2021-06-02  |            331 |        229053.58000 |
| 2021-06-01  |            445 |        314548.42000 |
| 2021-05-31  |            297 |        191034.21000 |
| 2021-05-30  |            255 |        151417.32000 |
+-------------+----------------+---------------------+
5 rows in set (0.53 sec)

+-------------+--------------+----------------+---------------------+
| paymentyear | paymentmonth | onlinepayments | onlinepaymentamount |
+-------------+--------------+----------------+---------------------+
|        2021 |            6 |           1093 |        777908.55000 |
|        2021 |            5 |           9358 |       5959322.66000 |
|        2021 |            4 |           8607 |       5573873.25000 |
|        2021 |            3 |           9164 |       5894594.15000 |
|        2021 |            2 |           8581 |       5454096.95000 |
+-------------+--------------+----------------+---------------------+
5 rows in set (0.19 sec)

mysql> mysql \. C:\workspace\cloud\code\sql\_DailyScript\currenttime.sql
+---------------------+
| currenttime         |
+---------------------+
| 2021-06-04 06:49:45 |
+---------------------+
1 row in set (0.00 sec)

mysql> 
mysql> mysql \. C:\workspace\cloud\code\sql\_DailyScript\DAILY-SCRIPT-ACTIVENUMBERS.sql
Database changed
Query OK, 1117 rows affected (0.47 sec)
Records: 1117  Deleted: 0  Skipped: 0  Warnings: 0

+------------+----------+
| period     | count(1) |
+------------+----------+
| 2021-06-03 |     1117 |
| 2021-06-02 |     1119 |
| 2021-06-01 |     1118 |
| 2021-05-31 |     1119 |
| 2021-05-30 |     1118 |
+------------+----------+
5 rows in set (0.00 sec)

Query OK, 0 rows affected (0.00 sec)

Query OK, 75 rows affected (1.41 sec)
Records: 75  Duplicates: 0  Warnings: 0

+-------------+
| packagelist |
+-------------+
|          75 |
+-------------+
1 row in set (0.00 sec)

Database changed
Query OK, 0 rows affected (0.00 sec)

Query OK, 0 rows affected (0.00 sec)

Query OK, 0 rows affected (0.00 sec)

Query OK, 0 rows affected (0.00 sec)

Query OK, 28897 rows affected, 206 warnings (13.14 sec)
Records: 28897  Deleted: 0  Skipped: 0  Warnings: 206

+------------+----------+
| period     | count(1) |
+------------+----------+
| 2021-06-03 |    28897 |
| 2021-06-02 |    29112 |
| 2021-06-01 |    28988 |
| 2021-05-31 |    29026 |
| 2021-05-30 |    28794 |
+------------+----------+
5 rows in set (0.12 sec)

Query OK, 0 rows affected (0.01 sec)

Query OK, 28328 rows affected (46.63 sec)
Records: 28328  Duplicates: 0  Warnings: 0

Query OK, 0 rows affected (0.11 sec)
Records: 0  Duplicates: 0  Warnings: 0

Query OK, 0 rows affected (0.12 sec)
Records: 0  Duplicates: 0  Warnings: 0

Query OK, 0 rows affected (0.10 sec)
Records: 0  Duplicates: 0  Warnings: 0

Query OK, 0 rows affected (0.08 sec)
Records: 0  Duplicates: 0  Warnings: 0

Query OK, 0 rows affected (0.07 sec)
Records: 0  Duplicates: 0  Warnings: 0

Query OK, 0 rows affected (0.07 sec)
Records: 0  Duplicates: 0  Warnings: 0

+-------------+
| countbefore |
+-------------+
|    46377986 |
+-------------+
1 row in set (13.15 sec)

Query OK, 28328 rows affected (2.19 sec)
Records: 28328  Duplicates: 0  Warnings: 0

+------------+
| countafter |
+------------+
|   46406314 |
+------------+
1 row in set (14.07 sec)

+------------+--------------------------+
| period     | customercontractactivity |
+------------+--------------------------+
| 2021-06-03 |                    28328 |
| 2021-06-02 |                    28543 |
| 2021-06-01 |                    28419 |
| 2021-05-31 |                    28457 |
| 2021-05-30 |                    28225 |
+------------+--------------------------+
5 rows in set (0.06 sec)

Query OK, 0 rows affected (0.02 sec)

Query OK, 305747 rows affected (8 min 12.44 sec)
Records: 305747  Duplicates: 0  Warnings: 0

Query OK, 0 rows affected (1.00 sec)
Records: 0  Duplicates: 0  Warnings: 0

Query OK, 0 rows affected (1.18 sec)
Records: 0  Duplicates: 0  Warnings: 0

Query OK, 0 rows affected (1.16 sec)
Records: 0  Duplicates: 0  Warnings: 0

Query OK, 0 rows affected (0.01 sec)

Query OK, 235 rows affected (0.46 sec)
Records: 235  Duplicates: 0  Warnings: 0

Query OK, 0 rows affected (0.00 sec)

Query OK, 2539 rows affected (0.64 sec)
Records: 2539  Duplicates: 0  Warnings: 0

Query OK, 0 rows affected (0.01 sec)

Query OK, 28303 rows affected (0.58 sec)
Records: 28303  Duplicates: 0  Warnings: 0

Query OK, 0 rows affected (0.00 sec)

Query OK, 17216 rows affected (0.38 sec)
Records: 17216  Duplicates: 0  Warnings: 0

Query OK, 0 rows affected (0.01 sec)

Query OK, 17216 rows affected (0.13 sec)
Records: 17216  Duplicates: 0  Warnings: 0

Query OK, 0 rows affected (0.01 sec)

Query OK, 17216 rows affected (1.17 sec)
Records: 17216  Duplicates: 0  Warnings: 0

Query OK, 0 rows affected (0.01 sec)

Query OK, 17216 rows affected (46.22 sec)
Records: 17216  Duplicates: 0  Warnings: 0

+-------------+
| clientstats |
+-------------+
|       17216 |
+-------------+
1 row in set (0.01 sec)

Query OK, 0 rows affected (0.01 sec)

Query OK, 13 rows affected, 1 warning (0.11 sec)
Records: 13  Duplicates: 0  Warnings: 1

+-----------------------+-------------+-------------+----------------+-----------------+
| services              | activecount | allaccounts | uniqueaccounts | uniquecontracts |
+-----------------------+-------------+-------------+----------------+-----------------+
| All                   |         391 |          66 |             66 |             211 |
| Internet & OTT        |           2 |           1 |              1 |               1 |
| Internet & Voice      |         323 |         142 |            142 |             279 |
| Internet Only         |        4382 |        4265 |           4261 |            4308 |
| OTT Only              |           1 |           1 |              1 |               1 |
| TV & Internet         |       10029 |        4497 |           4490 |            9177 |
| TV & Internet & OTT   |        3903 |        1005 |           1003 |            2082 |
| TV & Internet & Voice |         550 |         155 |            155 |             477 |
| TV & OTT              |         497 |          64 |             62 |              85 |
| TV & Voice            |          69 |          31 |             31 |              62 |
| TV Only               |        8763 |        6861 |           6853 |            7054 |
| Voice Only            |         131 |         128 |            128 |             131 |
| GRAND TOTAL           |       29041 |       17216 |          17153 |           23868 |
+-----------------------+-------------+-------------+----------------+-----------------+
13 rows in set (0.00 sec)

+-------------+-------------+-------------+----------------+-----------------+
| network     | activecount | allaccounts | uniqueaccounts | uniquecontracts |
+-------------+-------------+-------------+----------------+-----------------+
| GPON        |       12096 |        5997 |           5994 |            9533 |
| HFC         |       16945 |       11219 |          11219 |           14335 |
| GRAND TOTAL |       29041 |       17216 |          17153 |           23868 |
+-------------+-------------+-------------+----------------+-----------------+
3 rows in set, 1 warning (0.13 sec)

+-------------+-----------------------+-------------+-------------+----------------+-----------------+
| network     | services              | activecount | allaccounts | uniqueaccounts | uniquecontracts |
+-------------+-----------------------+-------------+-------------+----------------+-----------------+
| GPON        | All                   |         272 |          49 |             49 |             154 |
| GPON        | Internet & Voice      |          82 |          34 |             34 |              72 |
| GPON        | Internet Only         |        1440 |        1341 |           1341 |            1367 |
| GPON        | TV & Internet         |        5088 |        2242 |           2242 |            4615 |
| GPON        | TV & Internet & OTT   |        2632 |         680 |            680 |            1414 |
| GPON        | TV & Internet & Voice |         262 |          68 |             68 |             213 |
| GPON        | TV & OTT              |         291 |          32 |             32 |              44 |
| GPON        | TV & Voice            |          44 |          20 |             20 |              40 |
| GPON        | TV Only               |        1969 |        1516 |           1516 |            1598 |
| GPON        | Voice Only            |          16 |          15 |             15 |              16 |
| GPON        | Services Total        |       12096 |        5997 |           5994 |            9533 |
| HFC         | All                   |         119 |          17 |             17 |              57 |
| HFC         | Internet & OTT        |           2 |           1 |              1 |               1 |
| HFC         | Internet & Voice      |         241 |         108 |            108 |             207 |
| HFC         | Internet Only         |        2942 |        2924 |           2924 |            2941 |
| HFC         | OTT Only              |           1 |           1 |              1 |               1 |
| HFC         | TV & Internet         |        4941 |        2255 |           2255 |            4562 |
| HFC         | TV & Internet & OTT   |        1271 |         325 |            325 |             668 |
| HFC         | TV & Internet & Voice |         288 |          87 |             87 |             264 |
| HFC         | TV & OTT              |         206 |          32 |             32 |              41 |
| HFC         | TV & Voice            |          25 |          11 |             11 |              22 |
| HFC         | TV Only               |        6794 |        5345 |           5345 |            5456 |
| HFC         | Voice Only            |         115 |         113 |            113 |             115 |
| HFC         | Services Total        |       16945 |       11219 |          11219 |           14335 |
| GRAND TOTAL | Services Total        |       29041 |       17216 |          17153 |           23868 |
+-------------+-----------------------+-------------+-------------+----------------+-----------------+
25 rows in set, 2 warnings (0.14 sec)

Query OK, 0 rows affected (0.00 sec)

Query OK, 44 rows affected, 3 warnings (0.19 sec)
Records: 44  Duplicates: 0  Warnings: 3

+-------------+---------------+-----------------------+-------------+-------------+----------------+-----------------+
| region      | network       | services              | activecount | allaccounts | uniqueaccounts | uniquecontracts |
+-------------+---------------+-----------------------+-------------+-------------+----------------+-----------------+
| Eden Island | GPON          | TV & Internet         |           2 |           1 |              1 |               2 |
| Eden Island | GPON          | Services Total        |           2 |           1 |              1 |               2 |
| Eden Island | Network Total | Services Total        |           2 |           1 |              1 |               2 |
| Mahe        | GPON          | All                   |         235 |          43 |             43 |             135 |
| Mahe        | GPON          | Internet & Voice      |          72 |          29 |             29 |              62 |
| Mahe        | GPON          | Internet Only         |        1202 |        1103 |           1103 |            1129 |
| Mahe        | GPON          | TV & Internet         |        4231 |        1860 |           1860 |            3827 |
| Mahe        | GPON          | TV & Internet & OTT   |        2181 |         553 |            553 |            1155 |
| Mahe        | GPON          | TV & Internet & Voice |         253 |          65 |             65 |             204 |
| Mahe        | GPON          | TV & OTT              |         276 |          28 |             28 |              40 |
| Mahe        | GPON          | TV & Voice            |          42 |          19 |             19 |              38 |
| Mahe        | GPON          | TV Only               |        1608 |        1229 |           1229 |            1293 |
| Mahe        | GPON          | Voice Only            |          16 |          15 |             15 |              16 |
| Mahe        | GPON          | Services Total        |       10116 |        4944 |           4944 |            7899 |
| Mahe        | HFC           | All                   |         119 |          17 |             17 |              57 |
| Mahe        | HFC           | Internet & OTT        |           2 |           1 |              1 |               1 |
| Mahe        | HFC           | Internet & Voice      |         241 |         108 |            108 |             207 |
| Mahe        | HFC           | Internet Only         |        2941 |        2923 |           2923 |            2940 |
| Mahe        | HFC           | OTT Only              |           1 |           1 |              1 |               1 |
| Mahe        | HFC           | TV & Internet         |        4939 |        2254 |           2254 |            4560 |
| Mahe        | HFC           | TV & Internet & OTT   |        1271 |         325 |            325 |             668 |
| Mahe        | HFC           | TV & Internet & Voice |         288 |          87 |             87 |             264 |
| Mahe        | HFC           | TV & OTT              |         206 |          32 |             32 |              41 |
| Mahe        | HFC           | TV & Voice            |          25 |          11 |             11 |              22 |
| Mahe        | HFC           | TV Only               |        6791 |        5343 |           5343 |            5454 |
| Mahe        | HFC           | Voice Only            |         115 |         113 |            113 |             115 |
| Mahe        | HFC           | Services Total        |       16939 |       11215 |          11215 |           14330 |
| Mahe        | Network Total | Services Total        |       27055 |       16159 |          16099 |           22229 |
| Praslin     | GPON          | All                   |          37 |           6 |              6 |              19 |
| Praslin     | GPON          | Internet & Voice      |          10 |           5 |              5 |              10 |
| Praslin     | GPON          | Internet Only         |         238 |         238 |            238 |             238 |
| Praslin     | GPON          | TV & Internet         |         855 |         381 |            381 |             786 |
| Praslin     | GPON          | TV & Internet & OTT   |         451 |         127 |            127 |             259 |
| Praslin     | GPON          | TV & Internet & Voice |           9 |           3 |              3 |               9 |
| Praslin     | GPON          | TV & OTT              |          15 |           4 |              4 |               4 |
| Praslin     | GPON          | TV & Voice            |           2 |           1 |              1 |               2 |
| Praslin     | GPON          | TV Only               |         361 |         287 |            287 |             305 |
| Praslin     | GPON          | Services Total        |        1978 |        1052 |           1052 |            1632 |
| Praslin     | HFC           | Internet Only         |           1 |           1 |              1 |               1 |
| Praslin     | HFC           | TV & Internet         |           2 |           1 |              1 |               2 |
| Praslin     | HFC           | TV Only               |           3 |           2 |              2 |               2 |
| Praslin     | HFC           | Services Total        |           6 |           4 |              4 |               5 |
| Praslin     | Network Total | Services Total        |        1984 |        1056 |           1056 |            1637 |
| GRAND TOTAL | Network Total | Services Total        |       29041 |       17216 |          17153 |           23868 |
+-------------+---------------+-----------------------+-------------+-------------+----------------+-----------------+
44 rows in set (0.00 sec)

Query OK, 0 rows affected (0.01 sec)

Query OK, 28304 rows affected (0.42 sec)
Records: 28304  Duplicates: 0  Warnings: 0

Query OK, 0 rows affected (0.00 sec)

Query OK, 2274 rows affected (0.97 sec)
Records: 2274  Duplicates: 0  Warnings: 0

+--------------------------------------+
| message                              |
+--------------------------------------+
| running rcbill_my.sp_ActiveNumber2() |
+--------------------------------------+
1 row in set (0.00 sec)

Query OK, 365 rows affected (1 min 52.41 sec)

mysql> mysql \. C:\workspace\cloud\code\sql\_DailyScript\currenttime.sql
+---------------------+
| currenttime         |
+---------------------+
| 2021-06-04 07:02:16 |
+---------------------+
1 row in set (0.00 sec)

mysql> 
mysql> mysql \. C:\workspace\cloud\code\sql\_DailyScript\GetActiveNumbers Average -Pivot.sql
Database changed
+-------------------------------------+
| @today := subdate(current_date(),1) |
+-------------------------------------+
| 2021-06-03                          |
+-------------------------------------+
1 row in set (0.00 sec)

+-------------------------------------+
| @lastdayofmonth := last_day(@today) |
+-------------------------------------+
| 2021-06-30                          |
+-------------------------------------+
1 row in set (0.00 sec)

Query OK, 0 rows affected (0.01 sec)

Query OK, 48346 rows affected, 65535 warnings (59.60 sec)
Records: 48346  Duplicates: 0  Warnings: 98627

Query OK, 0 rows affected (0.11 sec)
Records: 0  Duplicates: 0  Warnings: 0

Query OK, 0 rows affected (0.13 sec)
Records: 0  Duplicates: 0  Warnings: 0

Query OK, 0 rows affected (0.11 sec)
Records: 0  Duplicates: 0  Warnings: 0

+-----------------+
| activenumberavg |
+-----------------+
|           48346 |
+-----------------+
1 row in set (0.01 sec)

Query OK, 0 rows affected (0.01 sec)

Query OK, 1968 rows affected (0.55 sec)
Records: 1968  Duplicates: 0  Warnings: 0

+---------------------+
| rep_activenumberavg |
+---------------------+
|                1968 |
+---------------------+
1 row in set (0.00 sec)

+----------------------+
| rep_activenumberavg1 |
+----------------------+
|                  919 |
+----------------------+
1 row in set (0.00 sec)

Query OK, 0 rows affected (0.00 sec)

Query OK, 2546 rows affected (0.45 sec)
Records: 2546  Duplicates: 0  Warnings: 0

Query OK, 0 rows affected (0.01 sec)

Query OK, 13122 rows affected (0.82 sec)
Records: 13122  Duplicates: 0  Warnings: 0

Query OK, 0 rows affected (0.00 sec)

Query OK, 0 rows affected (0.01 sec)

Query OK, 0 rows affected (0.01 sec)

Query OK, 0 rows affected (0.00 sec)

Query OK, 0 rows affected (0.00 sec)
Statement prepared

Query OK, 53 rows affected (0.05 sec)
Records: 53  Duplicates: 0  Warnings: 0

Query OK, 0 rows affected (0.00 sec)

Query OK, 0 rows affected (0.00 sec)

+----------------------+
| rep_activenumberavg2 |
+----------------------+
|                 2546 |
+----------------------+
1 row in set (0.00 sec)

+------------------------+
| rep_activenumberavg_pv |
+------------------------+
|                     53 |
+------------------------+
1 row in set (0.00 sec)

Query OK, 0 rows affected (0.01 sec)

Query OK, 2545 rows affected (0.37 sec)
Records: 2545  Duplicates: 0  Warnings: 0

Query OK, 0 rows affected (0.00 sec)

Query OK, 0 rows affected (0.00 sec)

Query OK, 0 rows affected (0.00 sec)

Query OK, 0 rows affected (0.00 sec)

Query OK, 0 rows affected (0.00 sec)
Statement prepared

Query OK, 53 rows affected (0.05 sec)
Records: 53  Duplicates: 0  Warnings: 0

Query OK, 0 rows affected (0.00 sec)

Query OK, 0 rows affected (0.00 sec)

+-------------------------+
| rep_activenumberavgMahe |
+-------------------------+
|                    2545 |
+-------------------------+
1 row in set (0.00 sec)

+----------------------------+
| rep_activenumberavgMahe_pv |
+----------------------------+
|                         53 |
+----------------------------+
1 row in set (0.00 sec)

Query OK, 0 rows affected (0.00 sec)

Query OK, 1611 rows affected (0.17 sec)
Records: 1611  Duplicates: 0  Warnings: 0

Query OK, 0 rows affected (0.00 sec)

Query OK, 0 rows affected (0.00 sec)

Query OK, 0 rows affected (0.02 sec)

Query OK, 0 rows affected (0.00 sec)

Query OK, 0 rows affected (0.00 sec)
Statement prepared

Query OK, 40 rows affected (0.04 sec)
Records: 40  Duplicates: 0  Warnings: 0

Query OK, 0 rows affected (0.00 sec)

Query OK, 0 rows affected (0.00 sec)

+----------------------------+
| rep_activenumberavgPraslin |
+----------------------------+
|                       1611 |
+----------------------------+
1 row in set (0.00 sec)

+-------------------------------+
| rep_activenumberavgPraslin_pv |
+-------------------------------+
|                            40 |
+-------------------------------+
1 row in set (0.00 sec)

mysql> mysql \. C:\workspace\cloud\code\sql\_DailyScript\currenttime.sql
+---------------------+
| currenttime         |
+---------------------+
| 2021-06-04 07:03:19 |
+---------------------+
1 row in set (0.00 sec)

mysql> 
mysql> mysql \. C:\workspace\cloud\code\sql\_DailyScript\budget_actual_analysis_2021.sql
Query OK, 0 rows affected (0.01 sec)

Query OK, 793 rows affected, 3 warnings (0.14 sec)
Records: 793  Duplicates: 0  Warnings: 3

+--------------------+
| budget_actual_2021 |
+--------------------+
|                793 |
+--------------------+
1 row in set (0.00 sec)

Query OK, 0 rows affected (0.01 sec)

Query OK, 47 rows affected (0.04 sec)
Records: 47  Duplicates: 0  Warnings: 0

+---------------------------+
| rep_budget_actual_2021_pv |
+---------------------------+
|                        47 |
+---------------------------+
1 row in set (0.00 sec)

mysql> mysql \. C:\workspace\cloud\code\sql\_DailyScript\currenttime.sql
+---------------------+
| currenttime         |
+---------------------+
| 2021-06-04 07:03:19 |
+---------------------+
1 row in set (0.00 sec)

mysql> 
mysql> mysql \. C:\workspace\cloud\code\sql\_DailyScript\reports-sales-addons-prepaid-camera.sql
Database changed
Query OK, 0 rows affected (0.00 sec)

Query OK, 4292 rows affected (0.20 sec)
Records: 4292  Duplicates: 0  Warnings: 0

Query OK, 0 rows affected (0.01 sec)

Query OK, 23776 rows affected (6.18 sec)
Records: 23776  Duplicates: 0  Warnings: 0

+--------------------+
| rep_prepaid_camera |
+--------------------+
|               4292 |
+--------------------+
1 row in set (0.00 sec)

+-----------+
| rep_addon |
+-----------+
|     23776 |
+-----------+
1 row in set (0.01 sec)

mysql> mysql \. C:\workspace\cloud\code\sql\_DailyScript\currenttime.sql
+---------------------+
| currenttime         |
+---------------------+
| 2021-06-04 07:03:26 |
+---------------------+
1 row in set (0.00 sec)

mysql> 
