    -> 
    -> mysql \. C:\workspace\cloud\code\sql\_DailyScript\_setdates.sql
Query OK, 0 rows affected (0.01 sec)

Query OK, 0 rows affected (1.76 sec)

Database changed
Query OK, 0 rows affected (0.00 sec)

Query OK, 0 rows affected (0.00 sec)

Query OK, 0 rows affected (0.00 sec)

Query OK, 0 rows affected (0.00 sec)

Query OK, 0 rows affected (0.00 sec)

Query OK, 0 rows affected (0.00 sec)

Query OK, 0 rows affected (0.00 sec)

Query OK, 0 rows affected (0.00 sec)

Query OK, 0 rows affected (0.00 sec)

Query OK, 0 rows affected (0.00 sec)

Query OK, 0 rows affected (0.00 sec)

Query OK, 0 rows affected (0.00 sec)

Query OK, 0 rows affected (0.00 sec)

Query OK, 0 rows affected (0.00 sec)

Query OK, 0 rows affected (0.00 sec)

Query OK, 0 rows affected (0.00 sec)

Query OK, 0 rows affected (0.01 sec)

Query OK, 0 rows affected (0.00 sec)

Query OK, 0 rows affected (0.00 sec)

Query OK, 0 rows affected (0.01 sec)

Query OK, 0 rows affected (0.00 sec)

Query OK, 0 rows affected (0.00 sec)

mysql> mysql \. C:\workspace\cloud\code\sql\_DailyScript\currenttime.sql
+---------------------+
| currenttime         |
+---------------------+
| 2021-12-09 09:46:49 |
+---------------------+
1 row in set (0.00 sec)

mysql> 
mysql> mysql \. C:\workspace\cloud\code\sql\_DailyScript\load_RCB_VODTITLES.sql
Database changed
Query OK, 0 rows affected (0.00 sec)

Query OK, 16963 rows affected (0.18 sec)

Query OK, 16965 rows affected, 16965 warnings (0.44 sec)
Records: 16965  Deleted: 0  Skipped: 0  Warnings: 16965

Query OK, 0 rows affected (0.00 sec)

Query OK, 2 rows affected (0.02 sec)

+-----------+
| VODTITLES |
+-----------+
|     17423 |
+-----------+
1 row in set (0.01 sec)

+-----------+-----------+
| titletype | typecount |
+-----------+-----------+
| E         |     14453 |
| N         |       245 |
| T         |      2265 |
| NULL      |     16963 |
+-----------+-----------+
4 rows in set (0.08 sec)

mysql> mysql \. C:\workspace\cloud\code\sql\_DailyScript\currenttime.sql
+---------------------+
| currenttime         |
+---------------------+
| 2021-12-09 09:46:50 |
+---------------------+
1 row in set (0.00 sec)

mysql> 
mysql> 
mysql> 
mysql> 
mysql> 
mysql> 
mysql> 
mysql> 
mysql> 
mysql> 
mysql> 
mysql> 
mysql> 
mysql> 
mysql> 
mysql> 
mysql> 
mysql> 
mysql> 
mysql> 
mysql> 
mysql> 
mysql> 
mysql> 
mysql> 
mysql> 
mysql> 
mysql> 
mysql> 
mysql> 
mysql> 
mysql> 
mysql> 
mysql> 
mysql> 
mysql> 
mysql> 
mysql> mysql \. C:\workspace\cloud\code\sql\_DailyScript\load_DailyCalls.sql
Database changed
Query OK, 540 rows affected (0.20 sec)
Records: 540  Deleted: 0  Skipped: 0  Warnings: 0

Query OK, 0 rows affected, 1 warning (0.00 sec)

Query OK, 539 rows affected (0.04 sec)
Records: 539  Duplicates: 0  Warnings: 0

Query OK, 0 rows affected, 1 warning (0.00 sec)

Query OK, 93876 rows affected (0.44 sec)
Records: 93876  Duplicates: 0  Warnings: 0

+----------------------+
| callingclientsbefore |
+----------------------+
|              1326619 |
+----------------------+
1 row in set (0.61 sec)

Query OK, 684 rows affected (14.58 sec)
Records: 684  Duplicates: 0  Warnings: 0

+---------------------+
| callingclientsafter |
+---------------------+
|             1327303 |
+---------------------+
1 row in set (0.35 sec)

Query OK, 0 rows affected (0.01 sec)

Query OK, 323 rows affected (4.95 sec)
Records: 323  Duplicates: 0  Warnings: 0

Query OK, 0 rows affected (0.00 sec)

Query OK, 25760 rows affected (4.27 sec)
Records: 25760  Duplicates: 0  Warnings: 0

+-----------+
| callstats |
+-----------+
|     25760 |
+-----------+
1 row in set (0.01 sec)

Query OK, 0 rows affected, 1 warning (0.00 sec)

Query OK, 684 rows affected (3.44 sec)
Records: 684  Duplicates: 0  Warnings: 0

+------------------------+
| rep_cccallreportbefore |
+------------------------+
|                1326867 |
+------------------------+
1 row in set (0.34 sec)

Query OK, 684 rows affected (0.16 sec)
Records: 684  Duplicates: 0  Warnings: 0

+-----------------------+
| rep_cccallreportafter |
+-----------------------+
|               1327551 |
+-----------------------+
1 row in set (0.35 sec)

Query OK, 0 rows affected (0.01 sec)

mysql> mysql \. C:\workspace\cloud\code\sql\_DailyScript\currenttime.sql
+---------------------+
| currenttime         |
+---------------------+
| 2021-12-09 09:47:33 |
+---------------------+
1 row in set (0.01 sec)

mysql> 
mysql> mysql \. C:\workspace\cloud\code\sql\_DailyScript\DAILY-SCRIPT-USAGE.sql
Database changed
Query OK, 0 rows affected (0.01 sec)

Query OK, 4029 rows affected, 11692 warnings (1.21 sec)
Records: 4029  Deleted: 0  Skipped: 0  Warnings: 11692

Query OK, 0 rows affected (0.00 sec)

Query OK, 6333 rows affected, 18298 warnings (1.27 sec)
Records: 6333  Deleted: 0  Skipped: 0  Warnings: 18298

Query OK, 0 rows affected (0.00 sec)

Query OK, 304 rows affected, 1079 warnings (0.25 sec)
Records: 304  Deleted: 0  Skipped: 0  Warnings: 1079

Query OK, 0 rows affected (0.00 sec)

Query OK, 208 rows affected, 712 warnings (0.03 sec)
Records: 208  Deleted: 0  Skipped: 0  Warnings: 712

+------------+
| dailyusage |
+------------+
|   19876094 |
+------------+
1 row in set (8.42 sec)

+------------+------------+------------+---------+
| datestart  | dateend    | insertedon | records |
+------------+------------+------------+---------+
| 2021-12-07 | 2021-12-07 | 2021-12-09 |   10874 |
| 2021-12-06 | 2021-12-06 | 2021-12-07 |   10753 |
| 2021-12-05 | 2021-12-05 | 2021-12-06 |   10680 |
| 2021-12-04 | 2021-12-04 | 2021-12-06 |   10768 |
| 2021-12-03 | 2021-12-03 | 2021-12-06 |   10862 |
+------------+------------+------------+---------+
5 rows in set (43.57 sec)

+----------+------------+------------+------------+---------+
| category | datestart  | dateend    | insertedon | records |
+----------+------------+------------+------------+---------+
| UNCAPPED | 2021-12-07 | 2021-12-07 | 2021-12-09 |    6333 |
| PREPAID  | 2021-12-07 | 2021-12-07 | 2021-12-09 |     304 |
| HOTSPOT  | 2021-12-07 | 2021-12-07 | 2021-12-09 |     208 |
| CAPPED   | 2021-12-07 | 2021-12-07 | 2021-12-09 |    4029 |
| UNCAPPED | 2021-12-06 | 2021-12-06 | 2021-12-07 |    6279 |
| PREPAID  | 2021-12-06 | 2021-12-06 | 2021-12-07 |     332 |
| HOTSPOT  | 2021-12-06 | 2021-12-06 | 2021-12-07 |     208 |
| CAPPED   | 2021-12-06 | 2021-12-06 | 2021-12-07 |    3934 |
| UNCAPPED | 2021-12-05 | 2021-12-05 | 2021-12-06 |    6190 |
| PREPAID  | 2021-12-05 | 2021-12-05 | 2021-12-06 |     360 |
| HOTSPOT  | 2021-12-05 | 2021-12-05 | 2021-12-06 |     169 |
| CAPPED   | 2021-12-05 | 2021-12-05 | 2021-12-06 |    3961 |
| UNCAPPED | 2021-12-04 | 2021-12-04 | 2021-12-06 |    6238 |
| PREPAID  | 2021-12-04 | 2021-12-04 | 2021-12-06 |     389 |
| HOTSPOT  | 2021-12-04 | 2021-12-04 | 2021-12-06 |     133 |
| CAPPED   | 2021-12-04 | 2021-12-04 | 2021-12-06 |    4008 |
| UNCAPPED | 2021-12-03 | 2021-12-03 | 2021-12-06 |    6305 |
| PREPAID  | 2021-12-03 | 2021-12-03 | 2021-12-06 |     346 |
| HOTSPOT  | 2021-12-03 | 2021-12-03 | 2021-12-06 |     176 |
| CAPPED   | 2021-12-03 | 2021-12-03 | 2021-12-06 |    4035 |
+----------+------------+------------+------------+---------+
20 rows in set (28.61 sec)

mysql> mysql \. C:\workspace\cloud\code\sql\_DailyScript\currenttime.sql
+---------------------+
| currenttime         |
+---------------------+
| 2021-12-09 09:48:56 |
+---------------------+
1 row in set (0.00 sec)

mysql> 
mysql> mysql \. C:\workspace\cloud\code\sql\_DailyScript\DAILY-SCRIPT-SALES-TELEMETRY.sql
Database changed
Query OK, 142 rows affected, 116 warnings (0.05 sec)
Records: 142  Deleted: 0  Skipped: 0  Warnings: 116

+------------+
| dailysales |
+------------+
|     255534 |
+------------+
1 row in set (0.28 sec)

Query OK, 0 rows affected (0.01 sec)

Query OK, 255534 rows affected (17.17 sec)
Records: 255534  Duplicates: 0  Warnings: 0

+--------+
| sales  |
+--------+
| 255534 |
+--------+
1 row in set (0.10 sec)

Query OK, 0 rows affected (0.01 sec)

Query OK, 4263 rows affected (0.42 sec)
Records: 4263  Duplicates: 0  Warnings: 0

+----------------+
| rep_dailysales |
+----------------+
|           4263 |
+----------------+
1 row in set (0.00 sec)

Query OK, 0 rows affected (0.00 sec)

Query OK, 4263 rows affected (0.70 sec)
Records: 4263  Duplicates: 0  Warnings: 0

+-------------------+
| rep_dailysalesreg |
+-------------------+
|              4263 |
+-------------------+
1 row in set (0.00 sec)

Query OK, 0 rows affected (0.01 sec)

Query OK, 3016 rows affected (0.84 sec)
Records: 3016  Duplicates: 0  Warnings: 0

+-----------+
| saleslist |
+-----------+
|      3016 |
+-----------+
1 row in set (0.00 sec)

Database changed
ERROR 2 (HY000): File 'C:\ProgramData\MySQL\MySQL Server 5.7\Uploads\_csv\PrepaidCardSales-07122021-P1.csv' not found (Errcode: 2 - No such file or directory)
+------------------+
| dailysinglesales |
+------------------+
|             6645 |
+------------------+
1 row in set (0.01 sec)

Database changed
Query OK, 10 rows affected (0.01 sec)
Records: 10  Deleted: 0  Skipped: 0  Warnings: 0

+-----------------+
| dailyaddonsales |
+-----------------+
|           26033 |
+-----------------+
1 row in set (0.04 sec)

Query OK, 285 rows affected (0.10 sec)
Records: 285  Deleted: 0  Skipped: 0  Warnings: 0

+----------------+
| onlinepayments |
+----------------+
|         246965 |
+----------------+
1 row in set (0.19 sec)

+-------------+----------------+---------------------+
| paymentdate | onlinepayments | onlinepaymentamount |
+-------------+----------------+---------------------+
| 2021-12-07  |            285 |        177576.04000 |
| 2021-12-06  |            207 |        130984.79000 |
| 2021-12-05  |            255 |        165157.69000 |
| 2021-12-04  |            292 |        182595.03000 |
| 2021-12-03  |            251 |        171376.48000 |
+-------------+----------------+---------------------+
5 rows in set (0.85 sec)

+-------------+--------------+----------------+---------------------+
| paymentyear | paymentmonth | onlinepayments | onlinepaymentamount |
+-------------+--------------+----------------+---------------------+
|        2021 |           12 |           2187 |       1447848.95000 |
|        2021 |           11 |           8553 |       5661260.44000 |
|        2021 |           10 |           8715 |       5741511.04000 |
|        2021 |            9 |           8803 |       5663928.71000 |
|        2021 |            8 |           8864 |       5714008.87000 |
+-------------+--------------+----------------+---------------------+
5 rows in set (0.25 sec)

mysql> mysql \. C:\workspace\cloud\code\sql\_DailyScript\currenttime.sql
+---------------------+
| currenttime         |
+---------------------+
| 2021-12-09 09:49:18 |
+---------------------+
1 row in set (0.00 sec)

mysql> 
mysql> mysql \. C:\workspace\cloud\code\sql\_DailyScript\DAILY-SCRIPT-ACTIVENUMBERS.sql
Database changed
Query OK, 1086 rows affected (0.52 sec)
Records: 1086  Deleted: 0  Skipped: 0  Warnings: 0

+------------+----------+
| period     | count(1) |
+------------+----------+
| 2021-12-07 |     1086 |
| 2021-12-06 |     1084 |
| 2021-12-05 |     1086 |
| 2021-12-04 |     1086 |
| 2021-12-03 |     1086 |
+------------+----------+
5 rows in set (0.01 sec)

Query OK, 0 rows affected (0.00 sec)

Query OK, 75 rows affected (1.37 sec)
Records: 75  Duplicates: 0  Warnings: 0

+-------------+
| packagelist |
+-------------+
|          75 |
+-------------+
1 row in set (0.00 sec)

Database changed
Query OK, 0 rows affected (0.00 sec)

Query OK, 0 rows affected (0.00 sec)

Query OK, 0 rows affected (0.00 sec)

Query OK, 0 rows affected (0.00 sec)

Query OK, 29026 rows affected, 197 warnings (18.53 sec)
Records: 29026  Deleted: 0  Skipped: 0  Warnings: 197

+------------+----------+
| period     | count(1) |
+------------+----------+
| 2021-12-07 |    29026 |
| 2021-12-06 |    28863 |
| 2021-12-05 |    28745 |
| 2021-12-04 |    28892 |
| 2021-12-03 |    28927 |
+------------+----------+
5 rows in set (0.16 sec)

Query OK, 0 rows affected (0.01 sec)

Query OK, 28467 rows affected (56.59 sec)
Records: 28467  Duplicates: 0  Warnings: 0

Query OK, 0 rows affected (0.12 sec)
Records: 0  Duplicates: 0  Warnings: 0

Query OK, 0 rows affected (0.12 sec)
Records: 0  Duplicates: 0  Warnings: 0

Query OK, 0 rows affected (0.11 sec)
Records: 0  Duplicates: 0  Warnings: 0

Query OK, 0 rows affected (0.09 sec)
Records: 0  Duplicates: 0  Warnings: 0

Query OK, 0 rows affected (0.07 sec)
Records: 0  Duplicates: 0  Warnings: 0

Query OK, 0 rows affected (0.08 sec)
Records: 0  Duplicates: 0  Warnings: 0

+-------------+
| countbefore |
+-------------+
|    51677350 |
+-------------+
1 row in set (21.06 sec)

Query OK, 28467 rows affected (5.51 sec)
Records: 28467  Duplicates: 0  Warnings: 0

+------------+
| countafter |
+------------+
|   51705817 |
+------------+
1 row in set (16.88 sec)

+------------+--------------------------+
| period     | customercontractactivity |
+------------+--------------------------+
| 2021-12-07 |                    28467 |
| 2021-12-06 |                    28304 |
| 2021-12-05 |                    28187 |
| 2021-12-04 |                    28334 |
| 2021-12-03 |                    28369 |
+------------+--------------------------+
5 rows in set (0.06 sec)

Query OK, 0 rows affected (0.01 sec)

Query OK, 325599 rows affected, 4 warnings (10 min 2.24 sec)
Records: 325599  Duplicates: 0  Warnings: 4

Query OK, 0 rows affected (1.05 sec)
Records: 0  Duplicates: 0  Warnings: 0

Query OK, 0 rows affected (1.22 sec)
Records: 0  Duplicates: 0  Warnings: 0

Query OK, 0 rows affected (1.23 sec)
Records: 0  Duplicates: 0  Warnings: 0

Query OK, 0 rows affected (0.01 sec)

Query OK, 224 rows affected (0.46 sec)
Records: 224  Duplicates: 0  Warnings: 0

Query OK, 0 rows affected (0.01 sec)

Query OK, 2616 rows affected (0.63 sec)
Records: 2616  Duplicates: 0  Warnings: 0

Query OK, 0 rows affected (0.01 sec)

Query OK, 28441 rows affected (0.61 sec)
Records: 28441  Duplicates: 0  Warnings: 0

Query OK, 0 rows affected (0.01 sec)

Query OK, 17057 rows affected (0.41 sec)
Records: 17057  Duplicates: 0  Warnings: 0

Query OK, 0 rows affected (0.01 sec)

Query OK, 17057 rows affected (0.14 sec)
Records: 17057  Duplicates: 0  Warnings: 0

Query OK, 0 rows affected (0.01 sec)

Query OK, 17057 rows affected (1.26 sec)
Records: 17057  Duplicates: 0  Warnings: 0

Query OK, 0 rows affected (0.01 sec)

Query OK, 17057 rows affected (43.10 sec)
Records: 17057  Duplicates: 0  Warnings: 0

+-------------+
| clientstats |
+-------------+
|       17057 |
+-------------+
1 row in set (0.01 sec)

Query OK, 0 rows affected (0.01 sec)

Query OK, 14 rows affected, 1 warning (0.10 sec)
Records: 14  Duplicates: 0  Warnings: 1

+-----------------------+-------------+-------------+----------------+-----------------+
| services              | activecount | allaccounts | uniqueaccounts | uniquecontracts |
+-----------------------+-------------+-------------+----------------+-----------------+
| All                   |         431 |          71 |             71 |             227 |
| Internet & OTT        |           8 |           4 |              4 |               5 |
| Internet & Voice      |         306 |         133 |            133 |             261 |
| Internet Only         |        4372 |        4273 |           4268 |            4308 |
| OTT Only              |           1 |           1 |              1 |               1 |
| TV & Internet         |        9960 |        4452 |           4442 |            9076 |
| TV & Internet & OTT   |        4641 |        1212 |           1207 |            2527 |
| TV & Internet & Voice |         512 |         150 |            150 |             459 |
| TV & OTT              |         342 |          89 |             87 |              98 |
| TV & Voice            |          91 |          40 |             40 |              82 |
| TV & Voice & OTT      |           4 |           1 |              1 |               2 |
| TV Only               |        8314 |        6519 |           6513 |            6725 |
| Voice Only            |         113 |         112 |            112 |             113 |
| GRAND TOTAL           |       29095 |       17057 |          16985 |           23884 |
+-----------------------+-------------+-------------+----------------+-----------------+
14 rows in set (0.00 sec)

+-------------+-------------+-------------+----------------+-----------------+
| network     | activecount | allaccounts | uniqueaccounts | uniquecontracts |
+-------------+-------------+-------------+----------------+-----------------+
| GPON        |       14203 |        7008 |           7005 |           11141 |
| HFC         |       14892 |       10049 |          10049 |           12743 |
| GRAND TOTAL |       29095 |       17057 |          16985 |           23884 |
+-------------+-------------+-------------+----------------+-----------------+
3 rows in set, 1 warning (0.12 sec)

+-------------+-----------------------+-------------+-------------+----------------+-----------------+
| network     | services              | activecount | allaccounts | uniqueaccounts | uniquecontracts |
+-------------+-----------------------+-------------+-------------+----------------+-----------------+
| GPON        | All                   |         339 |          59 |             59 |             187 |
| GPON        | Internet & OTT        |           2 |           1 |              1 |               1 |
| GPON        | Internet & Voice      |          85 |          35 |             35 |              74 |
| GPON        | Internet Only         |        1685 |        1603 |           1603 |            1624 |
| GPON        | TV & Internet         |        5648 |        2480 |           2480 |            5082 |
| GPON        | TV & Internet & OTT   |        3662 |         948 |            948 |            1988 |
| GPON        | TV & Internet & Voice |         295 |          83 |             83 |             256 |
| GPON        | TV & OTT              |         218 |          68 |             68 |              72 |
| GPON        | TV & Voice            |          58 |          26 |             26 |              54 |
| GPON        | TV Only               |        2199 |        1694 |           1694 |            1791 |
| GPON        | Voice Only            |          12 |          11 |             11 |              12 |
| GPON        | Services Total        |       14203 |        7008 |           7005 |           11141 |
| HFC         | All                   |          92 |          12 |             12 |              40 |
| HFC         | Internet & OTT        |           6 |           3 |              3 |               4 |
| HFC         | Internet & Voice      |         221 |          98 |             98 |             187 |
| HFC         | Internet Only         |        2687 |        2670 |           2670 |            2684 |
| HFC         | OTT Only              |           1 |           1 |              1 |               1 |
| HFC         | TV & Internet         |        4312 |        1972 |           1972 |            3994 |
| HFC         | TV & Internet & OTT   |         979 |         264 |            264 |             539 |
| HFC         | TV & Internet & Voice |         217 |          67 |             67 |             203 |
| HFC         | TV & OTT              |         124 |          21 |             21 |              26 |
| HFC         | TV & Voice            |          33 |          14 |             14 |              28 |
| HFC         | TV & Voice & OTT      |           4 |           1 |              1 |               2 |
| HFC         | TV Only               |        6115 |        4825 |           4825 |            4934 |
| HFC         | Voice Only            |         101 |         101 |            101 |             101 |
| HFC         | Services Total        |       14892 |       10049 |          10049 |           12743 |
| GRAND TOTAL | Services Total        |       29095 |       17057 |          16985 |           23884 |
+-------------+-----------------------+-------------+-------------+----------------+-----------------+
27 rows in set, 2 warnings (0.14 sec)

Query OK, 0 rows affected (0.01 sec)

Query OK, 41 rows affected, 3 warnings (0.20 sec)
Records: 41  Duplicates: 0  Warnings: 3

+-------------+---------------+-----------------------+-------------+-------------+----------------+-----------------+
| region      | network       | services              | activecount | allaccounts | uniqueaccounts | uniquecontracts |
+-------------+---------------+-----------------------+-------------+-------------+----------------+-----------------+
| Mahe        | GPON          | All                   |         298 |          52 |             52 |             165 |
| Mahe        | GPON          | Internet & OTT        |           2 |           1 |              1 |               1 |
| Mahe        | GPON          | Internet & Voice      |          75 |          30 |             30 |              64 |
| Mahe        | GPON          | Internet Only         |        1425 |        1343 |           1343 |            1364 |
| Mahe        | GPON          | TV & Internet         |        4897 |        2148 |           2148 |            4398 |
| Mahe        | GPON          | TV & Internet & OTT   |        3089 |         779 |            779 |            1641 |
| Mahe        | GPON          | TV & Internet & Voice |         286 |          80 |             80 |             247 |
| Mahe        | GPON          | TV & OTT              |         190 |          58 |             58 |              62 |
| Mahe        | GPON          | TV & Voice            |          55 |          25 |             25 |              51 |
| Mahe        | GPON          | TV Only               |        1833 |        1409 |           1409 |            1493 |
| Mahe        | GPON          | Voice Only            |          12 |          11 |             11 |              12 |
| Mahe        | GPON          | Services Total        |       12162 |        5936 |           5936 |            9498 |
| Mahe        | HFC           | All                   |          92 |          12 |             12 |              40 |
| Mahe        | HFC           | Internet & OTT        |           6 |           3 |              3 |               4 |
| Mahe        | HFC           | Internet & Voice      |         221 |          98 |             98 |             187 |
| Mahe        | HFC           | Internet Only         |        2687 |        2670 |           2670 |            2684 |
| Mahe        | HFC           | OTT Only              |           1 |           1 |              1 |               1 |
| Mahe        | HFC           | TV & Internet         |        4312 |        1972 |           1972 |            3994 |
| Mahe        | HFC           | TV & Internet & OTT   |         979 |         264 |            264 |             539 |
| Mahe        | HFC           | TV & Internet & Voice |         217 |          67 |             67 |             203 |
| Mahe        | HFC           | TV & OTT              |         124 |          21 |             21 |              26 |
| Mahe        | HFC           | TV & Voice            |          33 |          14 |             14 |              28 |
| Mahe        | HFC           | TV & Voice & OTT      |           4 |           1 |              1 |               2 |
| Mahe        | HFC           | TV Only               |        6114 |        4824 |           4824 |            4933 |
| Mahe        | HFC           | Voice Only            |         101 |         101 |            101 |             101 |
| Mahe        | HFC           | Services Total        |       14891 |       10048 |          10048 |           12742 |
| Mahe        | Network Total | Services Total        |       27053 |       15984 |          15915 |           22240 |
| Praslin     | GPON          | All                   |          41 |           7 |              7 |              22 |
| Praslin     | GPON          | Internet & Voice      |          10 |           5 |              5 |              10 |
| Praslin     | GPON          | Internet Only         |         260 |         260 |            260 |             260 |
| Praslin     | GPON          | TV & Internet         |         751 |         332 |            332 |             684 |
| Praslin     | GPON          | TV & Internet & OTT   |         573 |         169 |            169 |             347 |
| Praslin     | GPON          | TV & Internet & Voice |           9 |           3 |              3 |               9 |
| Praslin     | GPON          | TV & OTT              |          28 |          10 |             10 |              10 |
| Praslin     | GPON          | TV & Voice            |           3 |           1 |              1 |               3 |
| Praslin     | GPON          | TV Only               |         366 |         285 |            285 |             298 |
| Praslin     | GPON          | Services Total        |        2041 |        1072 |           1072 |            1643 |
| Praslin     | HFC           | TV Only               |           1 |           1 |              1 |               1 |
| Praslin     | HFC           | Services Total        |           1 |           1 |              1 |               1 |
| Praslin     | Network Total | Services Total        |        2042 |        1073 |           1073 |            1644 |
| GRAND TOTAL | Network Total | Services Total        |       29095 |       17057 |          16985 |           23884 |
+-------------+---------------+-----------------------+-------------+-------------+----------------+-----------------+
41 rows in set (0.00 sec)

Query OK, 0 rows affected (0.02 sec)

Query OK, 28442 rows affected (0.48 sec)
Records: 28442  Duplicates: 0  Warnings: 0

Query OK, 0 rows affected (0.01 sec)

Query OK, 2358 rows affected (2.40 sec)
Records: 2358  Duplicates: 0  Warnings: 0

+--------------------------------------+
| message                              |
+--------------------------------------+
| running rcbill_my.sp_ActiveNumber2() |
+--------------------------------------+
1 row in set (0.00 sec)

Query OK, 365 rows affected (2 min 23.29 sec)

mysql> mysql \. C:\workspace\cloud\code\sql\_DailyScript\currenttime.sql
+---------------------+
| currenttime         |
+---------------------+
| 2021-12-09 10:04:38 |
+---------------------+
1 row in set (0.00 sec)

mysql> 
mysql> mysql \. C:\workspace\cloud\code\sql\_DailyScript\GetActiveNumbers Average -Pivot.sql
Database changed
+-------------------------------------+
| @today := subdate(current_date(),1) |
+-------------------------------------+
| 2021-12-08                          |
+-------------------------------------+
1 row in set (0.00 sec)

+-------------------------------------+
| @lastdayofmonth := last_day(@today) |
+-------------------------------------+
| 2021-12-31                          |
+-------------------------------------+
1 row in set (0.00 sec)

Query OK, 0 rows affected (0.01 sec)

Query OK, 52566 rows affected, 65535 warnings (1 min 6.28 sec)
Records: 52566  Duplicates: 0  Warnings: 106398

Query OK, 0 rows affected (0.12 sec)
Records: 0  Duplicates: 0  Warnings: 0

Query OK, 0 rows affected (0.35 sec)
Records: 0  Duplicates: 0  Warnings: 0

Query OK, 0 rows affected (0.12 sec)
Records: 0  Duplicates: 0  Warnings: 0

+-----------------+
| activenumberavg |
+-----------------+
|           52566 |
+-----------------+
1 row in set (0.01 sec)

Query OK, 0 rows affected (0.01 sec)

Query OK, 1998 rows affected (0.62 sec)
Records: 1998  Duplicates: 0  Warnings: 0

+---------------------+
| rep_activenumberavg |
+---------------------+
|                1998 |
+---------------------+
1 row in set (0.01 sec)

+----------------------+
| rep_activenumberavg1 |
+----------------------+
|                  930 |
+----------------------+
1 row in set (0.00 sec)

Query OK, 0 rows affected (0.01 sec)

Query OK, 2788 rows affected (0.50 sec)
Records: 2788  Duplicates: 0  Warnings: 0

Query OK, 0 rows affected (0.01 sec)

Query OK, 14436 rows affected (0.91 sec)
Records: 14436  Duplicates: 0  Warnings: 0

Query OK, 0 rows affected (0.01 sec)

Query OK, 250 rows affected (0.30 sec)
Records: 250  Duplicates: 0  Warnings: 0

Query OK, 0 rows affected (0.00 sec)

Query OK, 0 rows affected (0.01 sec)

Query OK, 0 rows affected (0.01 sec)

Query OK, 0 rows affected (0.00 sec)

Query OK, 0 rows affected (0.00 sec)
Statement prepared

Query OK, 53 rows affected (0.06 sec)
Records: 53  Duplicates: 0  Warnings: 0

Query OK, 0 rows affected (0.00 sec)

Query OK, 0 rows affected (0.00 sec)

+----------------------+
| rep_activenumberavg2 |
+----------------------+
|                 2788 |
+----------------------+
1 row in set (0.00 sec)

+------------------------+
| rep_activenumberavg_pv |
+------------------------+
|                     53 |
+------------------------+
1 row in set (0.00 sec)

Query OK, 0 rows affected (0.01 sec)

Query OK, 2785 rows affected (0.42 sec)
Records: 2785  Duplicates: 0  Warnings: 0

Query OK, 0 rows affected (0.00 sec)

Query OK, 0 rows affected (0.01 sec)

Query OK, 0 rows affected (0.01 sec)

Query OK, 0 rows affected (0.00 sec)

Query OK, 0 rows affected (0.00 sec)
Statement prepared

Query OK, 53 rows affected (0.06 sec)
Records: 53  Duplicates: 0  Warnings: 0

Query OK, 0 rows affected (0.00 sec)

Query OK, 0 rows affected (0.00 sec)

+-------------------------+
| rep_activenumberavgMahe |
+-------------------------+
|                    2785 |
+-------------------------+
1 row in set (0.00 sec)

+----------------------------+
| rep_activenumberavgMahe_pv |
+----------------------------+
|                         53 |
+----------------------------+
1 row in set (0.00 sec)

Query OK, 0 rows affected (0.01 sec)

Query OK, 1763 rows affected (0.19 sec)
Records: 1763  Duplicates: 0  Warnings: 0

Query OK, 0 rows affected (0.00 sec)

Query OK, 0 rows affected (0.00 sec)

Query OK, 0 rows affected (0.01 sec)

Query OK, 0 rows affected (0.00 sec)

Query OK, 0 rows affected (0.00 sec)
Statement prepared

Query OK, 40 rows affected (0.04 sec)
Records: 40  Duplicates: 0  Warnings: 0

Query OK, 0 rows affected (0.00 sec)

Query OK, 0 rows affected (0.00 sec)

+----------------------------+
| rep_activenumberavgPraslin |
+----------------------------+
|                       1763 |
+----------------------------+
1 row in set (0.00 sec)

+-------------------------------+
| rep_activenumberavgPraslin_pv |
+-------------------------------+
|                            40 |
+-------------------------------+
1 row in set (0.00 sec)

mysql> mysql \. C:\workspace\cloud\code\sql\_DailyScript\currenttime.sql
+---------------------+
| currenttime         |
+---------------------+
| 2021-12-09 10:05:48 |
+---------------------+
1 row in set (0.00 sec)

mysql> 
mysql> mysql \. C:\workspace\cloud\code\sql\Analysis\clients_contracts_creditpolicy_2.sql
Database changed
Query OK, 0 rows affected (0.00 sec)

Query OK, 1919343 rows affected (44.56 sec)
Records: 1919343  Duplicates: 0  Warnings: 0

Query OK, 0 rows affected (0.01 sec)

Query OK, 28467 rows affected (1.04 sec)
Records: 28467  Duplicates: 0  Warnings: 0

Query OK, 0 rows affected (0.01 sec)

Query OK, 28546 rows affected (14.40 sec)
Records: 28546  Duplicates: 0  Warnings: 0

+-------------------------+
| rep_cust_cont_creditpol |
+-------------------------+
|                   28546 |
+-------------------------+
1 row in set (0.01 sec)

mysql> mysql \. C:\workspace\cloud\code\sql\_DailyScript\currenttime.sql
+---------------------+
| currenttime         |
+---------------------+
| 2021-12-09 10:06:49 |
+---------------------+
1 row in set (0.00 sec)

mysql> 
mysql> 
mysql> 
mysql> 
mysql> 
mysql> 
mysql> 
mysql> 
mysql> 
mysql> 
mysql> 
mysql> 
mysql> 
mysql> 
mysql> 
mysql> 
mysql> 
mysql> 
mysql> 
mysql> 
mysql> 
mysql> 
mysql> 
mysql> 
mysql> 
mysql> 
mysql> 
mysql> 
mysql> exit
