    -> 
    -> mysql \. C:\workspace\cloud\code\sql\_DailyScript\_setdates.sql
Query OK, 0 rows affected (0.01 sec)

Query OK, 0 rows affected (1.67 sec)

Database changed
Query OK, 0 rows affected (0.00 sec)

Query OK, 0 rows affected (0.00 sec)

Query OK, 0 rows affected (0.00 sec)

Query OK, 0 rows affected (0.00 sec)

Query OK, 0 rows affected (0.00 sec)

Query OK, 0 rows affected (0.00 sec)

Query OK, 0 rows affected (0.00 sec)

Query OK, 0 rows affected (0.00 sec)

Query OK, 0 rows affected (0.00 sec)

Query OK, 0 rows affected (0.00 sec)

Query OK, 0 rows affected (0.00 sec)

Query OK, 0 rows affected (0.00 sec)

Query OK, 0 rows affected (0.00 sec)

Query OK, 0 rows affected (0.00 sec)

Query OK, 0 rows affected (0.00 sec)

Query OK, 0 rows affected (0.00 sec)

Query OK, 0 rows affected (0.00 sec)

Query OK, 0 rows affected (0.00 sec)

Query OK, 0 rows affected (0.00 sec)

Query OK, 0 rows affected (0.00 sec)

Query OK, 0 rows affected (0.00 sec)

Query OK, 0 rows affected (0.00 sec)

mysql> mysql \. C:\workspace\cloud\code\sql\_DailyScript\currenttime.sql
+---------------------+
| currenttime         |
+---------------------+
| 2021-10-22 08:08:16 |
+---------------------+
1 row in set (0.00 sec)

mysql> 
mysql> mysql \. C:\workspace\cloud\code\sql\_DailyScript\load_RCB_VODTITLES.sql
Database changed
Query OK, 0 rows affected (0.00 sec)

Query OK, 16591 rows affected (0.21 sec)

Query OK, 16593 rows affected, 16593 warnings (0.42 sec)
Records: 16593  Deleted: 0  Skipped: 0  Warnings: 16593

Query OK, 0 rows affected (0.00 sec)

Query OK, 2 rows affected (0.02 sec)

+-----------+
| VODTITLES |
+-----------+
|     17051 |
+-----------+
1 row in set (0.01 sec)

+-----------+-----------+
| titletype | typecount |
+-----------+-----------+
| E         |     14143 |
| N         |       245 |
| T         |      2203 |
| NULL      |     16591 |
+-----------+-----------+
4 rows in set (0.13 sec)

mysql> mysql \. C:\workspace\cloud\code\sql\_DailyScript\currenttime.sql
+---------------------+
| currenttime         |
+---------------------+
| 2021-10-22 08:08:17 |
+---------------------+
1 row in set (0.00 sec)

mysql> 
mysql> mysql \. C:\workspace\cloud\code\sql\_DailyScript\DAILY-SCRIPT-LIVETV-STATS.sql
Database changed
Query OK, 0 rows affected (0.01 sec)

Query OK, 95943 rows affected (5 min 29.20 sec)
Records: 95943  Duplicates: 0  Warnings: 0

+------------+------------+----------+--------------+--------------+-----------+-------------+----------+--------+------+------------+---------+---------------+
| Table      | Non_unique | Key_name | Seq_in_index | Column_name  | Collation | Cardinality | Sub_part | Packed | Null | Index_type | Comment | Index_comment |
+------------+------------+----------+--------------+--------------+-----------+-------------+----------+--------+------+------------+---------+---------------+
| templivetv |          1 | idxtv1   |            1 | device       | A         |       96055 |     NULL | NULL   | YES  | BTREE      |         |               |
| templivetv |          1 | idxtv2   |            1 | sessionstart | A         |       96055 |     NULL | NULL   | YES  | BTREE      |         |               |
+------------+------------+----------+--------------+--------------+-----------+-------------+----------+--------+------+------------+---------+---------------+
2 rows in set (0.01 sec)

Query OK, 95972 rows affected (2 min 43.34 sec)
Records: 95972  Duplicates: 0  Warnings: 0

Query OK, 2508 rows affected (0.69 sec)
Records: 2508  Duplicates: 0  Warnings: 0

Query OK, 0 rows affected (0.00 sec)

Query OK, 0 rows affected (0.00 sec)

Query OK, 121 rows affected (0.03 sec)
Records: 121  Duplicates: 0  Warnings: 0

Query OK, 0 rows affected (0.02 sec)

Query OK, 86114 rows affected (20 min 32.48 sec)
Records: 86114  Duplicates: 0  Warnings: 0

+-----------------+
| rep_livetvstats |
+-----------------+
|           86114 |
+-----------------+
1 row in set (0.03 sec)

mysql> mysql \. C:\workspace\cloud\code\sql\_DailyScript\currenttime.sql
+---------------------+
| currenttime         |
+---------------------+
| 2021-10-22 08:37:03 |
+---------------------+
1 row in set (0.00 sec)

mysql> 
mysql> mysql \. C:\workspace\cloud\code\sql\_DailyScript\DAILY-SCRIPT-VODTS-STATS.sql
Database changed
Query OK, 0 rows affected (0.04 sec)

Query OK, 7670 rows affected (31.96 sec)
Records: 7670  Duplicates: 0  Warnings: 0

+---------+------------+----------+--------------+--------------+-----------+-------------+----------+--------+------+------------+---------+---------------+
| Table   | Non_unique | Key_name | Seq_in_index | Column_name  | Collation | Cardinality | Sub_part | Packed | Null | Index_type | Comment | Index_comment |
+---------+------------+----------+--------------+--------------+-----------+-------------+----------+--------+------+------------+---------+---------------+
| tempvod |          1 | idxtvod1 |            1 | device       | A         |        7890 |     NULL | NULL   | YES  | BTREE      |         |               |
| tempvod |          1 | idxtvod2 |            1 | sessionstart | A         |        7890 |     NULL | NULL   | YES  | BTREE      |         |               |
+---------+------------+----------+--------------+--------------+-----------+-------------+----------+--------+------+------------+---------+---------------+
2 rows in set (0.00 sec)

Query OK, 7689 rows affected (5.18 sec)
Records: 7689  Duplicates: 0  Warnings: 0

Query OK, 0 rows affected (0.06 sec)

Query OK, 1529274 rows affected (2 min 20.89 sec)
Records: 1529274  Duplicates: 0  Warnings: 0

+--------------+
| rep_vodstats |
+--------------+
|      1529274 |
+--------------+
1 row in set (0.47 sec)

Database changed
Query OK, 0 rows affected (0.01 sec)

Query OK, 20013 rows affected (56.36 sec)
Records: 20013  Duplicates: 0  Warnings: 0

+--------+------------+----------+--------------+--------------+-----------+-------------+----------+--------+------+------------+---------+---------------+
| Table  | Non_unique | Key_name | Seq_in_index | Column_name  | Collation | Cardinality | Sub_part | Packed | Null | Index_type | Comment | Index_comment |
+--------+------------+----------+--------------+--------------+-----------+-------------+----------+--------+------+------------+---------+---------------+
| tempts |          1 | idxtts1  |            1 | device       | A         |       20127 |     NULL | NULL   | YES  | BTREE      |         |               |
| tempts |          1 | idxtts2  |            1 | sessionstart | A         |       20127 |     NULL | NULL   | YES  | BTREE      |         |               |
+--------+------------+----------+--------------+--------------+-----------+-------------+----------+--------+------+------------+---------+---------------+
2 rows in set (0.00 sec)

Query OK, 20016 rows affected (17.39 sec)
Records: 20016  Duplicates: 0  Warnings: 0

Query OK, 0 rows affected (0.01 sec)

Query OK, 53892 rows affected (57.45 sec)
Records: 53892  Duplicates: 0  Warnings: 0

+-------------+
| rep_tsstats |
+-------------+
|       53892 |
+-------------+
1 row in set (0.02 sec)

mysql> mysql \. C:\workspace\cloud\code\sql\_DailyScript\currenttime.sql
+---------------------+
| currenttime         |
+---------------------+
| 2021-10-22 08:42:13 |
+---------------------+
1 row in set (0.00 sec)

mysql> 
mysql> mysql \. C:\workspace\cloud\code\sql\_DailyScript\DAILY-SCRIPT-RADIO-STATS.sql
Database changed
Query OK, 0 rows affected (0.03 sec)

Query OK, 471089 rows affected (5.65 sec)
Records: 471089  Duplicates: 0  Warnings: 0

+-----------+------------+----------+--------------+--------------+-----------+-------------+----------+--------+------+------------+---------+---------------+
| Table     | Non_unique | Key_name | Seq_in_index | Column_name  | Collation | Cardinality | Sub_part | Packed | Null | Index_type | Comment | Index_comment |
+-----------+------------+----------+--------------+--------------+-----------+-------------+----------+--------+------+------------+---------+---------------+
| tempradio |          1 | idxtrad1 |            1 | device       | A         |      469114 |     NULL | NULL   | YES  | BTREE      |         |               |
| tempradio |          1 | idxtrad2 |            1 | sessionstart | A         |      469114 |     NULL | NULL   | YES  | BTREE      |         |               |
+-----------+------------+----------+--------------+--------------+-----------+-------------+----------+--------+------+------------+---------+---------------+
2 rows in set (0.00 sec)

Query OK, 599 rows affected (1.17 sec)
Records: 599  Duplicates: 0  Warnings: 0

Query OK, 0 rows affected (0.02 sec)

Query OK, 7056 rows affected (0.64 sec)
Records: 7056  Duplicates: 0  Warnings: 0

+----------------+
| rep_radiostats |
+----------------+
|           7056 |
+----------------+
1 row in set (0.00 sec)

mysql> mysql \. C:\workspace\cloud\code\sql\_DailyScript\currenttime.sql
+---------------------+
| currenttime         |
+---------------------+
| 2021-10-22 08:42:20 |
+---------------------+
1 row in set (0.00 sec)

mysql> 
mysql> mysql \. C:\workspace\cloud\code\sql\_DailyScript\DAILY_SCRIPT_TELEMETRY_PIVOT_2021.sql
Query OK, 0 rows affected (0.01 sec)

Query OK, 140 rows affected (0.18 sec)
Records: 140  Duplicates: 0  Warnings: 0

Query OK, 0 rows affected (0.01 sec)

Query OK, 14726 rows affected (3.23 sec)
Records: 14726  Duplicates: 0  Warnings: 0

Query OK, 0 rows affected (0.01 sec)

Query OK, 6 rows affected (0.02 sec)
Records: 6  Duplicates: 0  Warnings: 0

Query OK, 0 rows affected (0.01 sec)

Query OK, 44 rows affected (0.07 sec)
Records: 44  Duplicates: 0  Warnings: 0

mysql> mysql \. C:\workspace\cloud\code\sql\_DailyScript\currenttime.sql
+---------------------+
| currenttime         |
+---------------------+
| 2021-10-22 08:42:24 |
+---------------------+
1 row in set (0.00 sec)

mysql> 
mysql> mysql \. C:\workspace\cloud\code\sql\_DailyScript\telemetry_livetv_ranking2021.sql
Query OK, 0 rows affected (0.01 sec)

Query OK, 140 rows affected (0.02 sec)
Records: 140  Duplicates: 0  Warnings: 0

mysql> mysql \. C:\workspace\cloud\code\sql\_DailyScript\currenttime.sql
+---------------------+
| currenttime         |
+---------------------+
| 2021-10-22 08:42:24 |
+---------------------+
1 row in set (0.00 sec)

mysql> 
mysql> mysql \. C:\workspace\cloud\code\sql\_DailyScript\telemetry_radio_ranking2021.sql
Query OK, 0 rows affected (0.01 sec)

Query OK, 6 rows affected (0.02 sec)
Records: 6  Duplicates: 0  Warnings: 0

mysql> mysql \. C:\workspace\cloud\code\sql\_DailyScript\currenttime.sql
+---------------------+
| currenttime         |
+---------------------+
| 2021-10-22 08:42:24 |
+---------------------+
1 row in set (0.00 sec)

mysql> 
mysql> mysql \. C:\workspace\cloud\code\sql\_DailyScript\telemetry_ts_ranking2021.sql
Query OK, 0 rows affected (0.01 sec)

Query OK, 44 rows affected (0.01 sec)
Records: 44  Duplicates: 0  Warnings: 0

mysql> mysql \. C:\workspace\cloud\code\sql\_DailyScript\currenttime.sql
+---------------------+
| currenttime         |
+---------------------+
| 2021-10-22 08:42:24 |
+---------------------+
1 row in set (0.00 sec)

mysql> 
mysql> mysql \. C:\workspace\cloud\code\sql\_DailyScript\telemetry_vod_ranking2021.sql
Query OK, 0 rows affected (0.02 sec)

Query OK, 14726 rows affected (0.80 sec)
Records: 14726  Duplicates: 0  Warnings: 0

mysql> mysql \. C:\workspace\cloud\code\sql\_DailyScript\currenttime.sql
+---------------------+
| currenttime         |
+---------------------+
| 2021-10-22 08:42:25 |
+---------------------+
1 row in set (0.00 sec)

mysql> 
mysql> mysql \. C:\workspace\cloud\code\sql\_DailyScript\telemetry_vod_ranking2021_1.sql
Query OK, 0 rows affected (0.01 sec)

Query OK, 14726 rows affected (0.35 sec)
Records: 14726  Duplicates: 0  Warnings: 0

mysql> mysql \. C:\workspace\cloud\code\sql\_DailyScript\currenttime.sql
+---------------------+
| currenttime         |
+---------------------+
| 2021-10-22 08:42:25 |
+---------------------+
1 row in set (0.00 sec)

mysql> 
mysql> mysql \. C:\workspace\cloud\code\sql\_DailyScript\telemetry_vod_ranking2021_2.sql
Query OK, 0 rows affected (0.01 sec)

Query OK, 14726 rows affected (0.37 sec)
Records: 14726  Duplicates: 0  Warnings: 0

mysql> mysql \. C:\workspace\cloud\code\sql\_DailyScript\currenttime.sql
+---------------------+
| currenttime         |
+---------------------+
| 2021-10-22 08:42:25 |
+---------------------+
1 row in set (0.00 sec)

mysql> 
mysql> mysql \. C:\workspace\cloud\code\sql\_DailyScript\DAILY-SCRIPT-CREATE-LOAD.sql
Database changed
Database changed
Query OK, 0 rows affected (0.03 sec)

Query OK, 0 rows affected (0.01 sec)

Database changed
Query OK, 68720 rows affected (2.59 sec)
Records: 68720  Deleted: 0  Skipped: 0  Warnings: 0

Query OK, 0 rows affected (0.15 sec)
Records: 0  Duplicates: 0  Warnings: 0

Query OK, 0 rows affected (0.25 sec)
Records: 0  Duplicates: 0  Warnings: 0

Query OK, 0 rows affected (0.26 sec)
Records: 0  Duplicates: 0  Warnings: 0

Query OK, 0 rows affected (0.24 sec)
Records: 0  Duplicates: 0  Warnings: 0

+---------+
| clients |
+---------+
|   68720 |
+---------+
1 row in set (0.02 sec)

Query OK, 0 rows affected (0.01 sec)

Query OK, 16676 rows affected (7.63 sec)
Records: 16676  Duplicates: 0  Warnings: 0

Query OK, 0 rows affected (0.07 sec)
Records: 0  Duplicates: 0  Warnings: 0

+-------------------+
| rcb_clientparcels |
+-------------------+
|             16676 |
+-------------------+
1 row in set (0.01 sec)

Query OK, 0 rows affected (0.01 sec)

Query OK, 85656 rows affected (3.35 sec)
Records: 85656  Duplicates: 0  Warnings: 0

Query OK, 0 rows affected (0.30 sec)
Records: 0  Duplicates: 0  Warnings: 0

Query OK, 0 rows affected (0.01 sec)

Query OK, 68720 rows affected (1 min 17.38 sec)
Records: 68720  Duplicates: 0  Warnings: 0

Query OK, 0 rows affected (0.22 sec)
Records: 0  Duplicates: 0  Warnings: 0

Query OK, 0 rows affected (0.24 sec)
Records: 0  Duplicates: 0  Warnings: 0

Query OK, 0 rows affected (0.16 sec)
Records: 0  Duplicates: 0  Warnings: 0

+---------------+
| clientaddress |
+---------------+
|         68720 |
+---------------+
1 row in set (0.02 sec)

Database changed
Query OK, 0 rows affected (0.05 sec)

Query OK, 0 rows affected (0.01 sec)

Database changed
Query OK, 562688 rows affected, 65535 warnings (16.48 sec)
Records: 562688  Deleted: 0  Skipped: 0  Warnings: 238741

Query OK, 0 rows affected (1.31 sec)
Records: 0  Duplicates: 0  Warnings: 0

Query OK, 0 rows affected (2.40 sec)
Records: 0  Duplicates: 0  Warnings: 0

Query OK, 0 rows affected (1.24 sec)
Records: 0  Duplicates: 0  Warnings: 0

Query OK, 0 rows affected (0.03 sec)

Query OK, 562688 rows affected (42.20 sec)
Records: 562688  Duplicates: 0  Warnings: 0

Query OK, 0 rows affected (1.99 sec)
Records: 0  Duplicates: 0  Warnings: 0

Query OK, 0 rows affected (1.52 sec)
Records: 0  Duplicates: 0  Warnings: 0

+-----------+
| contracts |
+-----------+
|    562688 |
+-----------+
1 row in set (0.15 sec)

+-----------------+
| contractaddress |
+-----------------+
|          562688 |
+-----------------+
1 row in set (0.15 sec)

Database changed
Query OK, 0 rows affected (0.01 sec)

Query OK, 0 rows affected (0.01 sec)

Query OK, 8189 rows affected (0.17 sec)
Records: 8189  Deleted: 0  Skipped: 0  Warnings: 0

Query OK, 0 rows affected (0.01 sec)

Query OK, 8156 rows affected (0.17 sec)
Records: 8156  Duplicates: 0  Warnings: 0

Query OK, 0 rows affected (0.04 sec)
Records: 0  Duplicates: 0  Warnings: 0

Query OK, 0 rows affected (0.03 sec)
Records: 0  Duplicates: 0  Warnings: 0

Query OK, 0 rows affected (0.03 sec)
Records: 0  Duplicates: 0  Warnings: 0

Query OK, 0 rows affected (0.01 sec)

Query OK, 6128 rows affected (0.05 sec)
Records: 6128  Duplicates: 0  Warnings: 0

Query OK, 0 rows affected (0.03 sec)
Records: 0  Duplicates: 0  Warnings: 0

+-------------------+
| contractdiscounts |
+-------------------+
|              8189 |
+-------------------+
1 row in set (0.00 sec)

+-------------------------+
| clientcontractdiscounts |
+-------------------------+
|                    8156 |
+-------------------------+
1 row in set (0.00 sec)

+----------------------------+
| clientcontractlastdiscount |
+----------------------------+
|                       6128 |
+----------------------------+
1 row in set (0.00 sec)

Database changed
Query OK, 0 rows affected (0.03 sec)

Query OK, 0 rows affected (0.01 sec)

Database changed
Query OK, 151072 rows affected, 20 warnings (2.66 sec)
Records: 151072  Deleted: 0  Skipped: 0  Warnings: 20

Query OK, 0 rows affected (0.32 sec)
Records: 0  Duplicates: 0  Warnings: 0

Query OK, 0 rows affected (0.30 sec)
Records: 0  Duplicates: 0  Warnings: 0

Query OK, 0 rows affected (0.33 sec)
Records: 0  Duplicates: 0  Warnings: 0

Query OK, 0 rows affected (0.29 sec)
Records: 0  Duplicates: 0  Warnings: 0

Query OK, 0 rows affected (0.39 sec)
Records: 0  Duplicates: 0  Warnings: 0

Query OK, 0 rows affected (0.55 sec)
Records: 0  Duplicates: 0  Warnings: 0

Query OK, 0 rows affected (0.12 sec)

Query OK, 1911339 rows affected (1 min 44.42 sec)
Records: 1911339  Duplicates: 0  Warnings: 0

Query OK, 0 rows affected (9.13 sec)
Records: 0  Duplicates: 0  Warnings: 0

+---------+
| devices |
+---------+
|  151072 |
+---------+
1 row in set (0.06 sec)

+-----------------------+
| clientcontractdevices |
+-----------------------+
|               1911339 |
+-----------------------+
1 row in set (0.77 sec)

Query OK, 0 rows affected (0.02 sec)

Query OK, 150978 rows affected (6.72 sec)
Records: 150978  Duplicates: 0  Warnings: 0

+---------------------------+
| rep_clientcontractdevices |
+---------------------------+
|                    150978 |
+---------------------------+
1 row in set (0.04 sec)

Database changed
Query OK, 0 rows affected (0.02 sec)

Query OK, 0 rows affected (0.01 sec)

Query OK, 342032 rows affected (8.12 sec)
Records: 342032  Deleted: 0  Skipped: 0  Warnings: 0

Query OK, 0 rows affected (0.88 sec)
Records: 0  Duplicates: 0  Warnings: 0

Query OK, 0 rows affected (0.76 sec)
Records: 0  Duplicates: 0  Warnings: 0

Query OK, 0 rows affected (0.78 sec)
Records: 0  Duplicates: 0  Warnings: 0

Query OK, 0 rows affected (0.63 sec)
Records: 0  Duplicates: 0  Warnings: 0

+---------+
| tickets |
+---------+
|  342032 |
+---------+
1 row in set (0.09 sec)

Database changed
Query OK, 0 rows affected (0.01 sec)

Query OK, 0 rows affected (0.01 sec)

Empty set (0.00 sec)

Query OK, 0 rows affected (0.02 sec)
Records: 0  Duplicates: 0  Warnings: 0

Query OK, 388 rows affected, 2 warnings (0.07 sec)
Records: 388  Deleted: 0  Skipped: 0  Warnings: 2

+-----------------+
| tickettechusers |
+-----------------+
|             388 |
+-----------------+
1 row in set (0.00 sec)

Database changed
Query OK, 0 rows affected (0.01 sec)

Query OK, 0 rows affected (0.01 sec)

Query OK, 0 rows affected (0.02 sec)
Records: 0  Duplicates: 0  Warnings: 0

Query OK, 769539 rows affected, 52519 warnings (13.51 sec)
Records: 769539  Deleted: 0  Skipped: 0  Warnings: 52519

+-------------------+
| ticketassignments |
+-------------------+
|            769539 |
+-------------------+
1 row in set (0.21 sec)

Database changed
Query OK, 0 rows affected (0.05 sec)

Query OK, 0 rows affected (0.01 sec)

Query OK, 1530615 rows affected (17.34 sec)
Records: 1530615  Deleted: 0  Skipped: 0  Warnings: 0

Query OK, 0 rows affected (3.07 sec)
Records: 0  Duplicates: 0  Warnings: 0

Query OK, 0 rows affected (2.72 sec)
Records: 0  Duplicates: 0  Warnings: 0

Query OK, 0 rows affected (2.59 sec)
Records: 0  Duplicates: 0  Warnings: 0

Query OK, 0 rows affected (3.29 sec)
Records: 0  Duplicates: 0  Warnings: 0

+----------------+
| ticketcomments |
+----------------+
|        1530615 |
+----------------+
1 row in set (0.41 sec)

Database changed
Query OK, 0 rows affected (0.02 sec)

Query OK, 0 rows affected (0.02 sec)

Query OK, 496227 rows affected (35.86 sec)
Records: 496227  Deleted: 0  Skipped: 0  Warnings: 0

Query OK, 0 rows affected (2.54 sec)
Records: 0  Duplicates: 0  Warnings: 0

+----------+
| comments |
+----------+
|   496227 |
+----------+
1 row in set (0.14 sec)

Database changed
Query OK, 0 rows affected (0.07 sec)

Query OK, 0 rows affected (0.01 sec)

Query OK, 1918886 rows affected, 65535 warnings (1 min 27.23 sec)
Records: 1918886  Deleted: 0  Skipped: 0  Warnings: 1918981

Query OK, 0 rows affected (3.52 sec)
Records: 0  Duplicates: 0  Warnings: 0

Query OK, 0 rows affected (4.09 sec)
Records: 0  Duplicates: 0  Warnings: 0

Query OK, 0 rows affected (4.06 sec)
Records: 0  Duplicates: 0  Warnings: 0

Query OK, 0 rows affected (3.99 sec)
Records: 0  Duplicates: 0  Warnings: 0

Query OK, 0 rows affected (6.56 sec)
Records: 0  Duplicates: 0  Warnings: 0

+------------+
| devicesold |
+------------+
|    1918886 |
+------------+
1 row in set (0.51 sec)

Database changed
Query OK, 0 rows affected (0.02 sec)

Query OK, 0 rows affected (0.01 sec)

Query OK, 1904654 rows affected, 1 warning (25.51 sec)
Records: 1904654  Deleted: 0  Skipped: 0  Warnings: 1

Query OK, 0 rows affected (3.68 sec)
Records: 0  Duplicates: 0  Warnings: 0

Query OK, 0 rows affected (3.90 sec)
Records: 0  Duplicates: 0  Warnings: 0

Query OK, 0 rows affected (3.89 sec)
Records: 0  Duplicates: 0  Warnings: 0

+------------------+
| contractservices |
+------------------+
|          1904654 |
+------------------+
1 row in set (0.51 sec)

Database changed
Query OK, 0 rows affected (0.09 sec)

Query OK, 0 rows affected (0.01 sec)

Query OK, 4868271 rows affected (2 min 8.82 sec)
Records: 4868271  Deleted: 0  Skipped: 0  Warnings: 0

Query OK, 0 rows affected (21.47 sec)
Records: 0  Duplicates: 0  Warnings: 0

Query OK, 0 rows affected (15.04 sec)
Records: 0  Duplicates: 0  Warnings: 0

Query OK, 0 rows affected (20.83 sec)
Records: 0  Duplicates: 0  Warnings: 0

Query OK, 0 rows affected (15.22 sec)
Records: 0  Duplicates: 0  Warnings: 0

Query OK, 0 rows affected (11.97 sec)
Records: 0  Duplicates: 0  Warnings: 0

+------------------+
| invoicescontents |
+------------------+
|          4868271 |
+------------------+
1 row in set (1.40 sec)

Database changed
Query OK, 0 rows affected (0.09 sec)

Query OK, 0 rows affected (0.01 sec)

Query OK, 3467303 rows affected (3 min 19.26 sec)
Records: 3467303  Deleted: 0  Skipped: 0  Warnings: 0

Query OK, 0 rows affected (22.20 sec)
Records: 0  Duplicates: 0  Warnings: 0

Query OK, 0 rows affected (13.63 sec)
Records: 0  Duplicates: 0  Warnings: 0

Query OK, 0 rows affected (14.14 sec)
Records: 0  Duplicates: 0  Warnings: 0

Query OK, 0 rows affected (12.80 sec)
Records: 0  Duplicates: 0  Warnings: 0

Query OK, 0 rows affected (12.08 sec)
Records: 0  Duplicates: 0  Warnings: 0

Query OK, 0 rows affected (14.48 sec)
Records: 0  Duplicates: 0  Warnings: 0

+----------------+
| invoicesheader |
+----------------+
|        3467303 |
+----------------+
1 row in set (1.02 sec)

Database changed
Query OK, 0 rows affected (0.05 sec)

Query OK, 0 rows affected (0.01 sec)

Query OK, 3413844 rows affected (1 min 28.49 sec)
Records: 3413844  Deleted: 0  Skipped: 0  Warnings: 0

Query OK, 0 rows affected (15.62 sec)
Records: 0  Duplicates: 0  Warnings: 0

Query OK, 0 rows affected (9.64 sec)
Records: 0  Duplicates: 0  Warnings: 0

Query OK, 0 rows affected (8.33 sec)
Records: 0  Duplicates: 0  Warnings: 0

Query OK, 0 rows affected (8.73 sec)
Records: 0  Duplicates: 0  Warnings: 0

Query OK, 0 rows affected (11.12 sec)
Records: 0  Duplicates: 0  Warnings: 0

+---------+
| casa    |
+---------+
| 3413844 |
+---------+
1 row in set (1.00 sec)

Query OK, 0 rows affected (0.00 sec)

Query OK, 1631 rows affected (5.71 sec)
Rows matched: 1631  Changed: 1631  Warnings: 0

Query OK, 0 rows affected (0.01 sec)

Query OK, 17014 rows affected (1 min 31.03 sec)
Records: 17014  Duplicates: 0  Warnings: 0

+--------------------+
| rep_paycol_channel |
+--------------------+
|              17014 |
+--------------------+
1 row in set (0.01 sec)

Query OK, 0 rows affected (0.01 sec)

Query OK, 13300 rows affected (1 min 52.64 sec)
Records: 13300  Duplicates: 0  Warnings: 0

+----------------+
| rep_paycol_pos |
+----------------+
|          13300 |
+----------------+
1 row in set (0.01 sec)

Database changed
Query OK, 0 rows affected (0.01 sec)

Query OK, 0 rows affected (0.01 sec)

Database changed
Query OK, 40924 rows affected (0.84 sec)
Records: 40924  Deleted: 0  Skipped: 0  Warnings: 0

+-------+
| users |
+-------+
| 40924 |
+-------+
1 row in set (0.01 sec)

Query OK, 0 rows affected (0.09 sec)
Records: 0  Duplicates: 0  Warnings: 0

Database changed
Query OK, 0 rows affected (0.03 sec)

Query OK, 0 rows affected (0.01 sec)

Query OK, 1872898 rows affected, 2 warnings (28.18 sec)
Records: 1872898  Deleted: 0  Skipped: 0  Warnings: 2

Query OK, 0 rows affected (3.34 sec)
Records: 0  Duplicates: 0  Warnings: 0

Query OK, 0 rows affected (3.75 sec)
Records: 0  Duplicates: 0  Warnings: 0

Query OK, 0 rows affected (3.96 sec)
Records: 0  Duplicates: 0  Warnings: 0

Query OK, 0 rows affected (3.33 sec)
Records: 0  Duplicates: 0  Warnings: 0

Query OK, 0 rows affected (3.15 sec)
Records: 0  Duplicates: 0  Warnings: 0

+-------------+
| useractions |
+-------------+
|     1872898 |
+-------------+
1 row in set (0.50 sec)

Database changed
Query OK, 0 rows affected (0.11 sec)

Query OK, 0 rows affected (0.01 sec)

Database changed
Query OK, 32295134 rows affected (5 min 59.33 sec)
Records: 32295134  Deleted: 0  Skipped: 0  Warnings: 0

Query OK, 0 rows affected (1 min 31.95 sec)
Records: 0  Duplicates: 0  Warnings: 0

Query OK, 0 rows affected (1 min 27.06 sec)
Records: 0  Duplicates: 0  Warnings: 0

Query OK, 0 rows affected (1 min 29.73 sec)
Records: 0  Duplicates: 0  Warnings: 0

Query OK, 0 rows affected (1 min 8.55 sec)
Records: 0  Duplicates: 0  Warnings: 0

Query OK, 0 rows affected (1 min 42.22 sec)
Records: 0  Duplicates: 0  Warnings: 0

+----------+
| ipusage1 |
+----------+
| 32295134 |
+----------+
1 row in set (11.82 sec)

Query OK, 0 rows affected (0.04 sec)

Query OK, 1904488 rows affected (25.76 sec)
Records: 1904488  Duplicates: 0  Warnings: 0

Query OK, 0 rows affected (14.03 sec)
Records: 0  Duplicates: 0  Warnings: 0

Query OK, 0 rows affected (3.72 sec)
Records: 0  Duplicates: 0  Warnings: 0

Query OK, 0 rows affected (5.22 sec)
Records: 0  Duplicates: 0  Warnings: 0

+------------------------------+
| contractsservicepackageprice |
+------------------------------+
|                      1904488 |
+------------------------------+
1 row in set (0.51 sec)

Query OK, 0 rows affected (0.05 sec)

Query OK, 1904873 rows affected (2 min 21.75 sec)
Records: 1904873  Duplicates: 0  Warnings: 0

Query OK, 0 rows affected (12.34 sec)
Records: 0  Duplicates: 0  Warnings: 0

Query OK, 0 rows affected (8.98 sec)
Records: 0  Duplicates: 0  Warnings: 0

Query OK, 0 rows affected (4.62 sec)
Records: 0  Duplicates: 0  Warnings: 0

Query OK, 0 rows affected (8.05 sec)
Records: 0  Duplicates: 0  Warnings: 0

+------------------------------------+
| clientcontractsservicepackageprice |
+------------------------------------+
|                            1904873 |
+------------------------------------+
1 row in set (0.54 sec)

mysql> mysql \. C:\workspace\cloud\code\sql\_DailyScript\currenttime.sql
+---------------------+
| currenttime         |
+---------------------+
| 2021-10-22 09:23:34 |
+---------------------+
1 row in set (0.00 sec)

mysql> 
mysql> mysql \. C:\workspace\cloud\code\sql\_DailyScript\ticket_analysis.sql
Database changed
Query OK, 0 rows affected (0.03 sec)

Query OK, 891572 rows affected (26.85 sec)
Records: 891572  Duplicates: 0  Warnings: 0

Query OK, 0 rows affected (3.52 sec)
Records: 0  Duplicates: 0  Warnings: 0

Query OK, 0 rows affected (1.84 sec)
Records: 0  Duplicates: 0  Warnings: 0

Query OK, 0 rows affected (1.68 sec)
Records: 0  Duplicates: 0  Warnings: 0

Query OK, 0 rows affected (0.01 sec)

Query OK, 27881 rows affected (15.00 sec)
Records: 27881  Duplicates: 0  Warnings: 0

Query OK, 0 rows affected, 1 warning (0.00 sec)

Query OK, 130197 rows affected (9.40 sec)
Records: 130197  Duplicates: 0  Warnings: 0

Query OK, 0 rows affected, 1 warning (0.00 sec)

Query OK, 658065 rows affected (18.42 sec)
Records: 658065  Duplicates: 0  Warnings: 0

Query OK, 0 rows affected, 1 warning (0.00 sec)

Query OK, 658065 rows affected (18.58 sec)
Records: 658065  Duplicates: 0  Warnings: 0

Query OK, 0 rows affected (0.01 sec)

Query OK, 130329 rows affected (5.17 sec)
Records: 130329  Duplicates: 0  Warnings: 0

Database changed
Query OK, 0 rows affected (0.00 sec)

Query OK, 0 rows affected (0.03 sec)

Query OK, 891572 rows affected (30.32 sec)
Records: 891572  Duplicates: 0  Warnings: 0

Query OK, 0 rows affected (0.05 sec)

Query OK, 462088 rows affected (17.85 sec)
Records: 462088  Duplicates: 0  Warnings: 0

+--------------------------+
| clientticket_cmmtjourney |
+--------------------------+
|                   891572 |
+--------------------------+
1 row in set (1.99 sec)

+---------------------------+
| clientticket_assgnjourney |
+---------------------------+
|                    462088 |
+---------------------------+
1 row in set (3.65 sec)

Query OK, 0 rows affected (0.01 sec)

Query OK, 89 rows affected (0.12 sec)
Records: 89  Duplicates: 0  Warnings: 0

mysql> mysql \. C:\workspace\cloud\code\sql\_DailyScript\currenttime.sql
+---------------------+
| currenttime         |
+---------------------+
| 2021-10-22 09:26:09 |
+---------------------+
1 row in set (0.00 sec)

mysql> 
mysql> mysql \. C:\workspace\cloud\code\sql\_DailyScript\load_DailyCalls.sql
Database changed
Query OK, 408 rows affected (1.30 sec)
Records: 408  Deleted: 0  Skipped: 0  Warnings: 0

Query OK, 0 rows affected, 1 warning (0.00 sec)

Query OK, 408 rows affected (0.03 sec)
Records: 408  Duplicates: 0  Warnings: 0

Query OK, 0 rows affected, 1 warning (0.00 sec)

Query OK, 70640 rows affected (0.31 sec)
Records: 70640  Duplicates: 0  Warnings: 0

+----------------------+
| callingclientsbefore |
+----------------------+
|              1296599 |
+----------------------+
1 row in set (0.54 sec)

Query OK, 562 rows affected (8.77 sec)
Records: 562  Duplicates: 0  Warnings: 0

+---------------------+
| callingclientsafter |
+---------------------+
|             1297161 |
+---------------------+
1 row in set (0.35 sec)

Query OK, 0 rows affected (0.01 sec)

Query OK, 287 rows affected (4.43 sec)
Records: 287  Duplicates: 0  Warnings: 0

Query OK, 0 rows affected (0.00 sec)

Query OK, 25237 rows affected (4.20 sec)
Records: 25237  Duplicates: 0  Warnings: 0

+-----------+
| callstats |
+-----------+
|     25237 |
+-----------+
1 row in set (0.01 sec)

Query OK, 0 rows affected, 1 warning (0.00 sec)

Query OK, 562 rows affected (2.96 sec)
Records: 562  Duplicates: 0  Warnings: 0

+------------------------+
| rep_cccallreportbefore |
+------------------------+
|                1296382 |
+------------------------+
1 row in set (0.34 sec)

Query OK, 562 rows affected (0.17 sec)
Records: 562  Duplicates: 0  Warnings: 0

+-----------------------+
| rep_cccallreportafter |
+-----------------------+
|               1296944 |
+-----------------------+
1 row in set (0.35 sec)

Query OK, 0 rows affected (0.00 sec)

mysql> mysql \. C:\workspace\cloud\code\sql\_DailyScript\currenttime.sql
+---------------------+
| currenttime         |
+---------------------+
| 2021-10-22 09:26:33 |
+---------------------+
1 row in set (0.00 sec)

mysql> 
mysql> mysql \. C:\workspace\cloud\code\sql\_DailyScript\DAILY-SCRIPT-USAGE.sql
Database changed
Query OK, 0 rows affected (0.00 sec)

Query OK, 3977 rows affected, 11522 warnings (1.48 sec)
Records: 3977  Deleted: 0  Skipped: 0  Warnings: 11522

Query OK, 0 rows affected (0.00 sec)

Query OK, 6548 rows affected, 18883 warnings (1.15 sec)
Records: 6548  Deleted: 0  Skipped: 0  Warnings: 18883

Query OK, 0 rows affected (0.00 sec)

Query OK, 281 rows affected, 1006 warnings (0.07 sec)
Records: 281  Deleted: 0  Skipped: 0  Warnings: 1006

Query OK, 0 rows affected (0.00 sec)

Query OK, 193 rows affected, 676 warnings (0.04 sec)
Records: 193  Deleted: 0  Skipped: 0  Warnings: 676

+------------+
| dailyusage |
+------------+
|   19337542 |
+------------+
1 row in set (7.69 sec)

+------------+------------+------------+---------+
| datestart  | dateend    | insertedon | records |
+------------+------------+------------+---------+
| 2021-10-21 | 2021-10-21 | 2021-10-22 |   10999 |
| 2021-10-20 | 2021-10-20 | 2021-10-21 |   11070 |
| 2021-10-19 | 2021-10-19 | 2021-10-20 |   11062 |
| 2021-10-18 | 2021-10-18 | 2021-10-19 |   11005 |
| 2021-10-17 | 2021-10-17 | 2021-10-18 |   11010 |
+------------+------------+------------+---------+
5 rows in set (42.74 sec)

+----------+------------+------------+------------+---------+
| category | datestart  | dateend    | insertedon | records |
+----------+------------+------------+------------+---------+
| UNCAPPED | 2021-10-21 | 2021-10-21 | 2021-10-22 |    6548 |
| PREPAID  | 2021-10-21 | 2021-10-21 | 2021-10-22 |     281 |
| HOTSPOT  | 2021-10-21 | 2021-10-21 | 2021-10-22 |     193 |
| CAPPED   | 2021-10-21 | 2021-10-21 | 2021-10-22 |    3977 |
| UNCAPPED | 2021-10-20 | 2021-10-20 | 2021-10-21 |    6558 |
| PREPAID  | 2021-10-20 | 2021-10-20 | 2021-10-21 |     330 |
| HOTSPOT  | 2021-10-20 | 2021-10-20 | 2021-10-21 |     182 |
| CAPPED   | 2021-10-20 | 2021-10-20 | 2021-10-21 |    4000 |
| UNCAPPED | 2021-10-19 | 2021-10-19 | 2021-10-20 |    6557 |
| PREPAID  | 2021-10-19 | 2021-10-19 | 2021-10-20 |     320 |
| HOTSPOT  | 2021-10-19 | 2021-10-19 | 2021-10-20 |     201 |
| CAPPED   | 2021-10-19 | 2021-10-19 | 2021-10-20 |    3984 |
| UNCAPPED | 2021-10-18 | 2021-10-18 | 2021-10-19 |    6539 |
| PREPAID  | 2021-10-18 | 2021-10-18 | 2021-10-19 |     299 |
| HOTSPOT  | 2021-10-18 | 2021-10-18 | 2021-10-19 |     183 |
| CAPPED   | 2021-10-18 | 2021-10-18 | 2021-10-19 |    3984 |
| UNCAPPED | 2021-10-17 | 2021-10-17 | 2021-10-18 |    6574 |
| PREPAID  | 2021-10-17 | 2021-10-17 | 2021-10-18 |     322 |
| HOTSPOT  | 2021-10-17 | 2021-10-17 | 2021-10-18 |     164 |
| CAPPED   | 2021-10-17 | 2021-10-17 | 2021-10-18 |    3950 |
+----------+------------+------------+------------+---------+
20 rows in set (28.96 sec)

mysql> mysql \. C:\workspace\cloud\code\sql\_DailyScript\currenttime.sql
+---------------------+
| currenttime         |
+---------------------+
| 2021-10-22 09:27:55 |
+---------------------+
1 row in set (0.00 sec)

mysql> 
mysql> mysql \. C:\workspace\cloud\code\sql\_DailyScript\DAILY-SCRIPT-SALES-TELEMETRY.sql
Database changed
Query OK, 105 rows affected, 41 warnings (0.07 sec)
Records: 105  Deleted: 0  Skipped: 0  Warnings: 41

+------------+
| dailysales |
+------------+
|     250468 |
+------------+
1 row in set (0.29 sec)

Query OK, 0 rows affected (0.01 sec)

Query OK, 250468 rows affected (17.66 sec)
Records: 250468  Duplicates: 0  Warnings: 0

+--------+
| sales  |
+--------+
| 250468 |
+--------+
1 row in set (0.10 sec)

Query OK, 0 rows affected (0.01 sec)

Query OK, 4169 rows affected (0.42 sec)
Records: 4169  Duplicates: 0  Warnings: 0

+----------------+
| rep_dailysales |
+----------------+
|           4169 |
+----------------+
1 row in set (0.00 sec)

Query OK, 0 rows affected (0.01 sec)

Query OK, 4169 rows affected (0.66 sec)
Records: 4169  Duplicates: 0  Warnings: 0

+-------------------+
| rep_dailysalesreg |
+-------------------+
|              4169 |
+-------------------+
1 row in set (0.00 sec)

Query OK, 0 rows affected (0.01 sec)

Query OK, 2990 rows affected (0.79 sec)
Records: 2990  Duplicates: 0  Warnings: 0

+-----------+
| saleslist |
+-----------+
|      2990 |
+-----------+
1 row in set (0.00 sec)

Database changed
ERROR 2 (HY000): File 'C:\ProgramData\MySQL\MySQL Server 5.7\Uploads\_csv\PrepaidCardSales-21102021-P1.csv' not found (Errcode: 2 - No such file or directory)
+------------------+
| dailysinglesales |
+------------------+
|             6618 |
+------------------+
1 row in set (0.01 sec)

Database changed
Query OK, 7 rows affected (0.25 sec)
Records: 7  Deleted: 0  Skipped: 0  Warnings: 0

+-----------------+
| dailyaddonsales |
+-----------------+
|           25542 |
+-----------------+
1 row in set (0.04 sec)

Query OK, 221 rows affected (0.14 sec)
Records: 221  Deleted: 0  Skipped: 0  Warnings: 0

+----------------+
| onlinepayments |
+----------------+
|         232436 |
+----------------+
1 row in set (0.16 sec)

+-------------+----------------+---------------------+
| paymentdate | onlinepayments | onlinepaymentamount |
+-------------+----------------+---------------------+
| 2021-10-21  |            221 |        140677.40000 |
| 2021-10-20  |            261 |        163716.93000 |
| 2021-10-19  |            210 |        113530.53000 |
| 2021-10-18  |            223 |        139402.93000 |
| 2021-10-17  |            178 |        114516.90000 |
+-------------+----------------+---------------------+
5 rows in set (0.79 sec)

+-------------+--------------+----------------+---------------------+
| paymentyear | paymentmonth | onlinepayments | onlinepaymentamount |
+-------------+--------------+----------------+---------------------+
|        2021 |           10 |           4926 |       3199457.69000 |
|        2021 |            9 |           8803 |       5663928.71000 |
|        2021 |            8 |           8864 |       5714008.87000 |
|        2021 |            7 |           8972 |       5795292.15000 |
|        2021 |            6 |           8773 |       5686976.03000 |
+-------------+--------------+----------------+---------------------+
5 rows in set (0.23 sec)

mysql> mysql \. C:\workspace\cloud\code\sql\_DailyScript\currenttime.sql
+---------------------+
| currenttime         |
+---------------------+
| 2021-10-22 09:28:17 |
+---------------------+
1 row in set (0.00 sec)

mysql> 
mysql> mysql \. C:\workspace\cloud\code\sql\_DailyScript\DAILY-SCRIPT-ACTIVENUMBERS.sql
Database changed
Query OK, 1091 rows affected (0.55 sec)
Records: 1091  Deleted: 0  Skipped: 0  Warnings: 0

+------------+----------+
| period     | count(1) |
+------------+----------+
| 2021-10-21 |     1091 |
| 2021-10-20 |     1094 |
| 2021-10-19 |     1095 |
| 2021-10-18 |     1097 |
| 2021-10-17 |     1097 |
+------------+----------+
5 rows in set (0.01 sec)

Query OK, 0 rows affected (0.01 sec)

Query OK, 75 rows affected (1.39 sec)
Records: 75  Duplicates: 0  Warnings: 0

+-------------+
| packagelist |
+-------------+
|          75 |
+-------------+
1 row in set (0.00 sec)

Database changed
Query OK, 0 rows affected (0.00 sec)

Query OK, 0 rows affected (0.00 sec)

Query OK, 0 rows affected (0.00 sec)

Query OK, 0 rows affected (0.00 sec)

Query OK, 28885 rows affected, 187 warnings (18.12 sec)
Records: 28885  Deleted: 0  Skipped: 0  Warnings: 187

+------------+----------+
| period     | count(1) |
+------------+----------+
| 2021-10-21 |    28885 |
| 2021-10-20 |    28849 |
| 2021-10-19 |    28867 |
| 2021-10-18 |    28782 |
| 2021-10-17 |    28660 |
+------------+----------+
5 rows in set (0.13 sec)

Query OK, 0 rows affected (0.02 sec)

Query OK, 28328 rows affected (54.63 sec)
Records: 28328  Duplicates: 0  Warnings: 0

Query OK, 0 rows affected (0.12 sec)
Records: 0  Duplicates: 0  Warnings: 0

Query OK, 0 rows affected (0.12 sec)
Records: 0  Duplicates: 0  Warnings: 0

Query OK, 0 rows affected (0.11 sec)
Records: 0  Duplicates: 0  Warnings: 0

Query OK, 0 rows affected (0.11 sec)
Records: 0  Duplicates: 0  Warnings: 0

Query OK, 0 rows affected (0.07 sec)
Records: 0  Duplicates: 0  Warnings: 0

Query OK, 0 rows affected (0.07 sec)
Records: 0  Duplicates: 0  Warnings: 0

+-------------+
| countbefore |
+-------------+
|    50344098 |
+-------------+
1 row in set (20.41 sec)

Query OK, 28328 rows affected (5.83 sec)
Records: 28328  Duplicates: 0  Warnings: 0

+------------+
| countafter |
+------------+
|   50372426 |
+------------+
1 row in set (18.21 sec)

+------------+--------------------------+
| period     | customercontractactivity |
+------------+--------------------------+
| 2021-10-21 |                    28328 |
| 2021-10-20 |                    28292 |
| 2021-10-19 |                    28309 |
| 2021-10-18 |                    28225 |
| 2021-10-17 |                    28103 |
+------------+--------------------------+
5 rows in set (0.07 sec)

Query OK, 0 rows affected (0.01 sec)

Query OK, 320640 rows affected, 4 warnings (10 min 10.03 sec)
Records: 320640  Duplicates: 0  Warnings: 4

Query OK, 0 rows affected (1.08 sec)
Records: 0  Duplicates: 0  Warnings: 0

Query OK, 0 rows affected (1.28 sec)
Records: 0  Duplicates: 0  Warnings: 0

Query OK, 0 rows affected (1.29 sec)
Records: 0  Duplicates: 0  Warnings: 0

Query OK, 0 rows affected (0.01 sec)

Query OK, 230 rows affected (0.48 sec)
Records: 230  Duplicates: 0  Warnings: 0

Query OK, 0 rows affected (0.01 sec)

Query OK, 2565 rows affected (0.66 sec)
Records: 2565  Duplicates: 0  Warnings: 0

Query OK, 0 rows affected (0.01 sec)

Query OK, 28304 rows affected (0.59 sec)
Records: 28304  Duplicates: 0  Warnings: 0

Query OK, 0 rows affected (0.01 sec)

Query OK, 17067 rows affected (0.39 sec)
Records: 17067  Duplicates: 0  Warnings: 0

Query OK, 0 rows affected (0.00 sec)

Query OK, 17067 rows affected (0.13 sec)
Records: 17067  Duplicates: 0  Warnings: 0

Query OK, 0 rows affected (0.01 sec)

Query OK, 17067 rows affected (1.24 sec)
Records: 17067  Duplicates: 0  Warnings: 0

Query OK, 0 rows affected (0.01 sec)

Query OK, 17067 rows affected (45.54 sec)
Records: 17067  Duplicates: 0  Warnings: 0

+-------------+
| clientstats |
+-------------+
|       17067 |
+-------------+
1 row in set (0.01 sec)

Query OK, 0 rows affected (0.01 sec)

Query OK, 13 rows affected, 1 warning (0.12 sec)
Records: 13  Duplicates: 0  Warnings: 1

+-----------------------+-------------+-------------+----------------+-----------------+
| services              | activecount | allaccounts | uniqueaccounts | uniquecontracts |
+-----------------------+-------------+-------------+----------------+-----------------+
| All                   |         440 |          72 |             72 |             231 |
| Internet & OTT        |           6 |           3 |              3 |               3 |
| Internet & Voice      |         317 |         139 |            139 |             273 |
| Internet Only         |        4347 |        4267 |           4263 |            4307 |
| OTT Only              |           1 |           1 |              1 |               1 |
| TV & Internet         |        9844 |        4403 |           4391 |            8971 |
| TV & Internet & OTT   |        4416 |        1158 |           1156 |            2409 |
| TV & Internet & Voice |         533 |         152 |            152 |             468 |
| TV & OTT              |         363 |          92 |             90 |             104 |
| TV & Voice            |          85 |          38 |             38 |              78 |
| TV Only               |        8442 |        6633 |           6624 |            6826 |
| Voice Only            |         111 |         109 |            109 |             111 |
| GRAND TOTAL           |       28905 |       17067 |          16979 |           23782 |
+-----------------------+-------------+-------------+----------------+-----------------+
13 rows in set (0.00 sec)

+-------------+-------------+-------------+----------------+-----------------+
| network     | activecount | allaccounts | uniqueaccounts | uniquecontracts |
+-------------+-------------+-------------+----------------+-----------------+
| GPON        |       13278 |        6615 |           6612 |           10493 |
| HFC         |       15627 |       10452 |          10452 |           13289 |
| GRAND TOTAL |       28905 |       17067 |          16979 |           23782 |
+-------------+-------------+-------------+----------------+-----------------+
3 rows in set, 1 warning (0.14 sec)

+-------------+-----------------------+-------------+-------------+----------------+-----------------+
| network     | services              | activecount | allaccounts | uniqueaccounts | uniquecontracts |
+-------------+-----------------------+-------------+-------------+----------------+-----------------+
| GPON        | All                   |         320 |          57 |             57 |             180 |
| GPON        | Internet & OTT        |           2 |           1 |              1 |               1 |
| GPON        | Internet & Voice      |          85 |          35 |             35 |              74 |
| GPON        | Internet Only         |        1573 |        1508 |           1508 |            1534 |
| GPON        | TV & Internet         |        5373 |        2358 |           2358 |            4828 |
| GPON        | TV & Internet & OTT   |        3299 |         862 |            862 |            1800 |
| GPON        | TV & Internet & Voice |         298 |          82 |             82 |             255 |
| GPON        | TV & OTT              |         180 |          59 |             59 |              63 |
| GPON        | TV & Voice            |          50 |          22 |             22 |              46 |
| GPON        | TV Only               |        2086 |        1620 |           1620 |            1700 |
| GPON        | Voice Only            |          12 |          11 |             11 |              12 |
| GPON        | Services Total        |       13278 |        6615 |           6612 |           10493 |
| HFC         | All                   |         120 |          15 |             15 |              51 |
| HFC         | Internet & OTT        |           4 |           2 |              2 |               2 |
| HFC         | Internet & Voice      |         232 |         104 |            104 |             199 |
| HFC         | Internet Only         |        2774 |        2759 |           2759 |            2773 |
| HFC         | OTT Only              |           1 |           1 |              1 |               1 |
| HFC         | TV & Internet         |        4471 |        2045 |           2045 |            4143 |
| HFC         | TV & Internet & OTT   |        1117 |         296 |            296 |             609 |
| HFC         | TV & Internet & Voice |         235 |          70 |             70 |             213 |
| HFC         | TV & OTT              |         183 |          33 |             33 |              41 |
| HFC         | TV & Voice            |          35 |          16 |             16 |              32 |
| HFC         | TV Only               |        6356 |        5013 |           5013 |            5126 |
| HFC         | Voice Only            |          99 |          98 |             98 |              99 |
| HFC         | Services Total        |       15627 |       10452 |          10452 |           13289 |
| GRAND TOTAL | Services Total        |       28905 |       17067 |          16979 |           23782 |
+-------------+-----------------------+-------------+-------------+----------------+-----------------+
26 rows in set, 2 warnings (0.14 sec)

Query OK, 0 rows affected (0.00 sec)

Query OK, 43 rows affected, 3 warnings (0.20 sec)
Records: 43  Duplicates: 0  Warnings: 3

+-------------+---------------+-----------------------+-------------+-------------+----------------+-----------------+
| region      | network       | services              | activecount | allaccounts | uniqueaccounts | uniquecontracts |
+-------------+---------------+-----------------------+-------------+-------------+----------------+-----------------+
| Eden Island | GPON          | TV & Internet         |           2 |           1 |              1 |               2 |
| Eden Island | GPON          | Services Total        |           2 |           1 |              1 |               2 |
| Eden Island | Network Total | Services Total        |           2 |           1 |              1 |               2 |
| Mahe        | GPON          | All                   |         279 |          50 |             50 |             158 |
| Mahe        | GPON          | Internet & OTT        |           2 |           1 |              1 |               1 |
| Mahe        | GPON          | Internet & Voice      |          75 |          30 |             30 |              64 |
| Mahe        | GPON          | Internet Only         |        1331 |        1267 |           1267 |            1292 |
| Mahe        | GPON          | TV & Internet         |        4595 |        2012 |           2012 |            4114 |
| Mahe        | GPON          | TV & Internet & OTT   |        2777 |         710 |            710 |            1487 |
| Mahe        | GPON          | TV & Internet & Voice |         285 |          78 |             78 |             242 |
| Mahe        | GPON          | TV & OTT              |         154 |          50 |             50 |              54 |
| Mahe        | GPON          | TV & Voice            |          47 |          21 |             21 |              43 |
| Mahe        | GPON          | TV Only               |        1740 |        1345 |           1345 |            1414 |
| Mahe        | GPON          | Voice Only            |          12 |          11 |             11 |              12 |
| Mahe        | GPON          | Services Total        |       11297 |        5575 |           5575 |            8881 |
| Mahe        | HFC           | All                   |         120 |          15 |             15 |              51 |
| Mahe        | HFC           | Internet & OTT        |           4 |           2 |              2 |               2 |
| Mahe        | HFC           | Internet & Voice      |         232 |         104 |            104 |             199 |
| Mahe        | HFC           | Internet Only         |        2774 |        2759 |           2759 |            2773 |
| Mahe        | HFC           | OTT Only              |           1 |           1 |              1 |               1 |
| Mahe        | HFC           | TV & Internet         |        4471 |        2045 |           2045 |            4143 |
| Mahe        | HFC           | TV & Internet & OTT   |        1117 |         296 |            296 |             609 |
| Mahe        | HFC           | TV & Internet & Voice |         235 |          70 |             70 |             213 |
| Mahe        | HFC           | TV & OTT              |         183 |          33 |             33 |              41 |
| Mahe        | HFC           | TV & Voice            |          35 |          16 |             16 |              32 |
| Mahe        | HFC           | TV Only               |        6354 |        5011 |           5011 |            5124 |
| Mahe        | HFC           | Voice Only            |          99 |          98 |             98 |              99 |
| Mahe        | HFC           | Services Total        |       15625 |       10450 |          10450 |           13287 |
| Mahe        | Network Total | Services Total        |       26922 |       16025 |          15940 |           22168 |
| Praslin     | GPON          | All                   |          41 |           7 |              7 |              22 |
| Praslin     | GPON          | Internet & Voice      |          10 |           5 |              5 |              10 |
| Praslin     | GPON          | Internet Only         |         242 |         241 |            241 |             242 |
| Praslin     | GPON          | TV & Internet         |         776 |         345 |            345 |             712 |
| Praslin     | GPON          | TV & Internet & OTT   |         522 |         152 |            152 |             313 |
| Praslin     | GPON          | TV & Internet & Voice |          13 |           4 |              4 |              13 |
| Praslin     | GPON          | TV & OTT              |          26 |           9 |              9 |               9 |
| Praslin     | GPON          | TV & Voice            |           3 |           1 |              1 |               3 |
| Praslin     | GPON          | TV Only               |         346 |         275 |            275 |             286 |
| Praslin     | GPON          | Services Total        |        1979 |        1039 |           1039 |            1610 |
| Praslin     | HFC           | TV Only               |           2 |           2 |              2 |               2 |
| Praslin     | HFC           | Services Total        |           2 |           2 |              2 |               2 |
| Praslin     | Network Total | Services Total        |        1981 |        1041 |           1041 |            1612 |
| GRAND TOTAL | Network Total | Services Total        |       28905 |       17067 |          16979 |           23782 |
+-------------+---------------+-----------------------+-------------+-------------+----------------+-----------------+
43 rows in set (0.00 sec)

Query OK, 0 rows affected (0.01 sec)

Query OK, 28305 rows affected (0.49 sec)
Records: 28305  Duplicates: 0  Warnings: 0

Query OK, 0 rows affected (0.01 sec)

Query OK, 2353 rows affected (1.89 sec)
Records: 2353  Duplicates: 0  Warnings: 0

+--------------------------------------+
| message                              |
+--------------------------------------+
| running rcbill_my.sp_ActiveNumber2() |
+--------------------------------------+
1 row in set (0.00 sec)

Query OK, 365 rows affected (2 min 22.72 sec)

mysql> mysql \. C:\workspace\cloud\code\sql\_DailyScript\currenttime.sql
+---------------------+
| currenttime         |
+---------------------+
| 2021-10-22 09:43:46 |
+---------------------+
1 row in set (0.00 sec)

mysql> 
mysql> mysql \. C:\workspace\cloud\code\sql\_DailyScript\GetActiveNumbers Average -Pivot.sql
Database changed
+-------------------------------------+
| @today := subdate(current_date(),1) |
+-------------------------------------+
| 2021-10-21                          |
+-------------------------------------+
1 row in set (0.00 sec)

+-------------------------------------+
| @lastdayofmonth := last_day(@today) |
+-------------------------------------+
| 2021-10-31                          |
+-------------------------------------+
1 row in set (0.00 sec)

Query OK, 0 rows affected (0.01 sec)

Query OK, 51219 rows affected, 65535 warnings (1 min 8.65 sec)
Records: 51219  Duplicates: 0  Warnings: 104940

Query OK, 0 rows affected (0.12 sec)
Records: 0  Duplicates: 0  Warnings: 0

Query OK, 0 rows affected (0.14 sec)
Records: 0  Duplicates: 0  Warnings: 0

Query OK, 0 rows affected (0.12 sec)
Records: 0  Duplicates: 0  Warnings: 0

+-----------------+
| activenumberavg |
+-----------------+
|           51219 |
+-----------------+
1 row in set (0.01 sec)

Query OK, 0 rows affected (0.01 sec)

Query OK, 1989 rows affected (0.61 sec)
Records: 1989  Duplicates: 0  Warnings: 0

+---------------------+
| rep_activenumberavg |
+---------------------+
|                1989 |
+---------------------+
1 row in set (0.00 sec)

+----------------------+
| rep_activenumberavg1 |
+----------------------+
|                  926 |
+----------------------+
1 row in set (0.00 sec)

Query OK, 0 rows affected (0.01 sec)

Query OK, 2708 rows affected (0.49 sec)
Records: 2708  Duplicates: 0  Warnings: 0

Query OK, 0 rows affected (0.01 sec)

Query OK, 13999 rows affected (0.89 sec)
Records: 13999  Duplicates: 0  Warnings: 0

Query OK, 0 rows affected (0.01 sec)

Query OK, 242 rows affected (0.30 sec)
Records: 242  Duplicates: 0  Warnings: 0

Query OK, 0 rows affected (0.00 sec)

Query OK, 0 rows affected (0.00 sec)

Query OK, 0 rows affected (0.01 sec)

Query OK, 0 rows affected (0.00 sec)

Query OK, 0 rows affected (0.00 sec)
Statement prepared

Query OK, 53 rows affected (0.06 sec)
Records: 53  Duplicates: 0  Warnings: 0

Query OK, 0 rows affected (0.00 sec)

Query OK, 0 rows affected (0.00 sec)

+----------------------+
| rep_activenumberavg2 |
+----------------------+
|                 2708 |
+----------------------+
1 row in set (0.00 sec)

+------------------------+
| rep_activenumberavg_pv |
+------------------------+
|                     53 |
+------------------------+
1 row in set (0.00 sec)

Query OK, 0 rows affected (0.02 sec)

Query OK, 2705 rows affected (0.41 sec)
Records: 2705  Duplicates: 0  Warnings: 0

Query OK, 0 rows affected (0.00 sec)

Query OK, 0 rows affected (0.01 sec)

Query OK, 0 rows affected (0.01 sec)

Query OK, 0 rows affected (0.00 sec)

Query OK, 0 rows affected (0.00 sec)
Statement prepared

Query OK, 53 rows affected (0.06 sec)
Records: 53  Duplicates: 0  Warnings: 0

Query OK, 0 rows affected (0.00 sec)

Query OK, 0 rows affected (0.00 sec)

+-------------------------+
| rep_activenumberavgMahe |
+-------------------------+
|                    2705 |
+-------------------------+
1 row in set (0.00 sec)

+----------------------------+
| rep_activenumberavgMahe_pv |
+----------------------------+
|                         53 |
+----------------------------+
1 row in set (0.00 sec)

Query OK, 0 rows affected (0.01 sec)

Query OK, 1712 rows affected (0.19 sec)
Records: 1712  Duplicates: 0  Warnings: 0

Query OK, 0 rows affected (0.00 sec)

Query OK, 0 rows affected (0.00 sec)

Query OK, 0 rows affected (0.01 sec)

Query OK, 0 rows affected (0.00 sec)

Query OK, 0 rows affected (0.00 sec)
Statement prepared

Query OK, 40 rows affected (0.05 sec)
Records: 40  Duplicates: 0  Warnings: 0

Query OK, 0 rows affected (0.00 sec)

Query OK, 0 rows affected (0.00 sec)

+----------------------------+
| rep_activenumberavgPraslin |
+----------------------------+
|                       1712 |
+----------------------------+
1 row in set (0.00 sec)

+-------------------------------+
| rep_activenumberavgPraslin_pv |
+-------------------------------+
|                            40 |
+-------------------------------+
1 row in set (0.00 sec)

mysql> mysql \. C:\workspace\cloud\code\sql\_DailyScript\currenttime.sql
+---------------------+
| currenttime         |
+---------------------+
| 2021-10-22 09:44:58 |
+---------------------+
1 row in set (0.00 sec)

mysql> 
mysql> mysql \. C:\workspace\cloud\code\sql\Analysis\clients_contracts_creditpolicy_2.sql
Database changed
Query OK, 0 rows affected (0.01 sec)

Query OK, 1904873 rows affected (43.67 sec)
Records: 1904873  Duplicates: 0  Warnings: 0

Query OK, 0 rows affected (0.01 sec)

Query OK, 28328 rows affected (1.14 sec)
Records: 28328  Duplicates: 0  Warnings: 0

Query OK, 0 rows affected (0.01 sec)

Query OK, 28400 rows affected (9.09 sec)
Records: 28400  Duplicates: 0  Warnings: 0

+-------------------------+
| rep_cust_cont_creditpol |
+-------------------------+
|                   28400 |
+-------------------------+
1 row in set (0.01 sec)

mysql> mysql \. C:\workspace\cloud\code\sql\_DailyScript\currenttime.sql
+---------------------+
| currenttime         |
+---------------------+
| 2021-10-22 09:45:52 |
+---------------------+
1 row in set (0.00 sec)

mysql> 
mysql> mysql \. C:\workspace\cloud\code\sql\_DailyScript\budget_actual_analysis_2021.sql
Query OK, 0 rows affected (0.01 sec)

Query OK, 949 rows affected, 3 warnings (0.28 sec)
Records: 949  Duplicates: 0  Warnings: 3

+--------------------+
| budget_actual_2021 |
+--------------------+
|                949 |
+--------------------+
1 row in set (0.00 sec)

Query OK, 0 rows affected (0.01 sec)

Query OK, 47 rows affected (0.07 sec)
Records: 47  Duplicates: 0  Warnings: 0

+---------------------------+
| rep_budget_actual_2021_pv |
+---------------------------+
|                        47 |
+---------------------------+
1 row in set (0.00 sec)

mysql> mysql \. C:\workspace\cloud\code\sql\_DailyScript\currenttime.sql
+---------------------+
| currenttime         |
+---------------------+
| 2021-10-22 09:45:53 |
+---------------------+
1 row in set (0.00 sec)

mysql> 
mysql> mysql \. C:\workspace\cloud\code\sql\_DailyScript\reports-sales-addons-prepaid-camera.sql
Database changed
Query OK, 0 rows affected (0.01 sec)

Query OK, 4381 rows affected (0.27 sec)
Records: 4381  Duplicates: 0  Warnings: 0

Query OK, 0 rows affected (0.01 sec)

Query OK, 25586 rows affected (20.71 sec)
Records: 25586  Duplicates: 0  Warnings: 0

+--------------------+
| rep_prepaid_camera |
+--------------------+
|               4381 |
+--------------------+
1 row in set (0.01 sec)

+-----------+
| rep_addon |
+-----------+
|     25586 |
+-----------+
1 row in set (0.01 sec)

mysql> mysql \. C:\workspace\cloud\code\sql\_DailyScript\currenttime.sql
+---------------------+
| currenttime         |
+---------------------+
| 2021-10-22 09:46:14 |
+---------------------+
1 row in set (0.00 sec)

mysql> 
mysql> mysql \. C:\workspace\cloud\code\sql\_DailyScript\RCB_ClientAnalyticsReport_Script.sql
Database changed
Query OK, 0 rows affected (0.00 sec)

Query OK, 0 rows affected (0.06 sec)

Query OK, 2149056 rows affected (1 min 20.24 sec)
Records: 2149056  Duplicates: 0  Warnings: 0

Query OK, 0 rows affected (15.92 sec)
Records: 0  Duplicates: 0  Warnings: 0

Query OK, 0 rows affected (6.22 sec)
Records: 0  Duplicates: 0  Warnings: 0

Query OK, 0 rows affected (9.34 sec)
Records: 0  Duplicates: 0  Warnings: 0

Query OK, 0 rows affected (8.96 sec)
Records: 0  Duplicates: 0  Warnings: 0

Query OK, 0 rows affected (9.80 sec)
Records: 0  Duplicates: 0  Warnings: 0

Query OK, 0 rows affected (9.49 sec)
Records: 0  Duplicates: 0  Warnings: 0

Query OK, 0 rows affected (0.00 sec)

Query OK, 527623 rows affected (14.87 sec)
Rows matched: 2149056  Changed: 527623  Warnings: 0

Query OK, 0 rows affected (0.02 sec)

Query OK, 29018 rows affected (10.69 sec)
Records: 29018  Duplicates: 0  Warnings: 0

+---------------------+
| clientcontractssubs |
+---------------------+
|               29018 |
+---------------------+
1 row in set (0.01 sec)

Query OK, 0 rows affected (0.01 sec)

Query OK, 45690 rows affected (11 min 45.35 sec)
Records: 45690  Duplicates: 0  Warnings: 0

Query OK, 0 rows affected (0.23 sec)
Records: 0  Duplicates: 0  Warnings: 0

Query OK, 0 rows affected (0.17 sec)
Records: 0  Duplicates: 0  Warnings: 0

Query OK, 0 rows affected (0.10 sec)
Records: 0  Duplicates: 0  Warnings: 0

+-----------------------+
| clientcontracthistory |
+-----------------------+
|                 45690 |
+-----------------------+
1 row in set (0.01 sec)

Query OK, 0 rows affected (0.02 sec)

Query OK, 2935103 rows affected (1 min 37.26 sec)
Records: 2935103  Duplicates: 0  Warnings: 0

Query OK, 0 rows affected (0.02 sec)

Query OK, 493489 rows affected (5 min 24.39 sec)
Records: 493489  Duplicates: 0  Warnings: 0

Query OK, 0 rows affected (1.67 sec)
Records: 0  Duplicates: 0  Warnings: 0

Query OK, 0 rows affected (0.87 sec)
Records: 0  Duplicates: 0  Warnings: 0

Query OK, 0 rows affected (1.92 sec)
Records: 0  Duplicates: 0  Warnings: 0

Query OK, 0 rows affected (0.94 sec)
Records: 0  Duplicates: 0  Warnings: 0

+--------------------------+
| clientcontractinvpmt_stg |
+--------------------------+
|                   493489 |
+--------------------------+
1 row in set (0.13 sec)

Query OK, 0 rows affected (0.03 sec)

Query OK, 493489 rows affected (13.56 sec)
Records: 493489  Duplicates: 0  Warnings: 0

Query OK, 0 rows affected (1.75 sec)
Records: 0  Duplicates: 0  Warnings: 0

Query OK, 0 rows affected (0.96 sec)
Records: 0  Duplicates: 0  Warnings: 0

Query OK, 0 rows affected (2.06 sec)
Records: 0  Duplicates: 0  Warnings: 0

Query OK, 0 rows affected (1.05 sec)
Records: 0  Duplicates: 0  Warnings: 0

+----------------------+
| clientcontractinvpmt |
+----------------------+
|               493489 |
+----------------------+
1 row in set (0.13 sec)

Query OK, 0 rows affected (0.01 sec)

Query OK, 45690 rows affected (1 min 36.42 sec)
Records: 45690  Duplicates: 0  Warnings: 0

+--------------+
| clientreport |
+--------------+
|        45690 |
+--------------+
1 row in set (0.02 sec)

Query OK, 0 rows affected (0.01 sec)

Query OK, 45690 rows affected (16.82 sec)
Records: 45690  Duplicates: 0  Warnings: 0

+----------------------+
| clientextendedreport |
+----------------------+
|                45690 |
+----------------------+
1 row in set (0.02 sec)

Query OK, 0 rows affected (0.01 sec)

Query OK, 45690 rows affected (1 min 21.36 sec)
Records: 45690  Duplicates: 0  Warnings: 0

+---------+
| allcust |
+---------+
|   45690 |
+---------+
1 row in set (0.01 sec)

Query OK, 0 rows affected, 1 warning (0.00 sec)

Query OK, 5000 rows affected (0.14 sec)
Records: 5000  Duplicates: 0  Warnings: 0

Query OK, 0 rows affected (0.01 sec)

Query OK, 6787 rows affected (0.34 sec)
Records: 6787  Duplicates: 0  Warnings: 0

Query OK, 0 rows affected, 1 warning (0.00 sec)

Query OK, 5000 rows affected (0.15 sec)
Records: 5000  Duplicates: 0  Warnings: 0

Query OK, 0 rows affected (0.01 sec)

Query OK, 7190 rows affected (0.19 sec)
Records: 7190  Duplicates: 0  Warnings: 0

mysql> mysql \. C:\workspace\cloud\code\sql\_DailyScript\currenttime.sql
+---------------------+
| currenttime         |
+---------------------+
| 2021-10-22 10:11:28 |
+---------------------+
1 row in set (0.00 sec)

mysql> 
mysql> mysql \. C:\workspace\cloud\code\sql\_DailyScript\REVENUE_PER_NODE_MXK.sql
Query OK, 0 rows affected (0.01 sec)

Query OK, 0 rows affected (0.01 sec)

Query OK, 0 rows affected (0.01 sec)

Query OK, 9020 rows affected (2.59 sec)
Records: 9020  Duplicates: 0  Warnings: 0

+----------------------+
| message              |
+----------------------+
| created temp table a |
+----------------------+
1 row in set (0.00 sec)

Query OK, 6786 rows affected (0.97 sec)
Records: 6786  Duplicates: 0  Warnings: 0

+----------------------+
| message              |
+----------------------+
| created temp table b |
+----------------------+
1 row in set (0.00 sec)

Query OK, 0 rows affected, 1 warning (0.00 sec)

Query OK, 9326 rows affected (24.98 sec)
Records: 9326  Duplicates: 0  Warnings: 0

+--------------------------------+
| message                        |
+--------------------------------+
| created rcbill_my.tempcustmxk1 |
+--------------------------------+
1 row in set (0.00 sec)

Query OK, 0 rows affected (0.01 sec)

Query OK, 0 rows affected (0.00 sec)

Query OK, 0 rows affected, 1 warning (0.00 sec)

Query OK, 9020 rows affected (2.15 sec)
Records: 9020  Duplicates: 0  Warnings: 0

+----------------+
| message        |
+----------------+
| created temp a |
+----------------+
1 row in set (0.00 sec)

Query OK, 6786 rows affected (0.84 sec)
Records: 6786  Duplicates: 0  Warnings: 0

+----------------+
| message        |
+----------------+
| created temp b |
+----------------+
1 row in set (0.00 sec)

Query OK, 0 rows affected, 1 warning (0.00 sec)

Query OK, 6916 rows affected (13.02 sec)
Records: 6916  Duplicates: 0  Warnings: 0

+--------------------------------+
| message                        |
+--------------------------------+
| created rcbill_my.tempcustmxk2 |
+--------------------------------+
1 row in set (0.00 sec)

Query OK, 0 rows affected (0.01 sec)

Query OK, 0 rows affected (0.00 sec)

Query OK, 0 rows affected, 1 warning (0.00 sec)

Query OK, 0 rows affected (0.03 sec)

Query OK, 10250 rows affected (0.54 sec)
Records: 10250  Duplicates: 0  Warnings: 0

+---------------------------------+
| message                         |
+---------------------------------+
| created rcbill_my.customers_mxk |
+---------------------------------+
1 row in set (0.00 sec)

Query OK, 0 rows affected (0.00 sec)

Query OK, 0 rows affected (0.00 sec)

Query OK, 14428 rows affected (6.18 sec)
Records: 14428  Duplicates: 0  Warnings: 0

+----------------+
| message        |
+----------------+
| created temp a |
+----------------+
1 row in set (0.00 sec)

Query OK, 17831 rows affected (1.88 sec)
Records: 17831  Duplicates: 0  Warnings: 0

+----------------+
| message        |
+----------------+
| created temp c |
+----------------+
1 row in set (0.00 sec)

Query OK, 0 rows affected, 1 warning (0.00 sec)

Query OK, 14428 rows affected (0.18 sec)
Records: 14428  Duplicates: 0  Warnings: 0

+---------------------------------+
| message                         |
+---------------------------------+
| created rcbill_my.tempcustcmts1 |
+---------------------------------+
1 row in set (0.00 sec)

Query OK, 0 rows affected (0.01 sec)

Query OK, 0 rows affected, 1 warning (0.00 sec)

Query OK, 0 rows affected (0.01 sec)

Query OK, 14428 rows affected (6.24 sec)
Records: 14428  Duplicates: 0  Warnings: 0

+----------------+
| message        |
+----------------+
| created temp a |
+----------------+
1 row in set (0.00 sec)

Query OK, 17831 rows affected (1.79 sec)
Records: 17831  Duplicates: 0  Warnings: 0

+----------------+
| message        |
+----------------+
| created temp c |
+----------------+
1 row in set (0.00 sec)

Query OK, 0 rows affected, 1 warning (0.00 sec)

Query OK, 17831 rows affected (0.16 sec)
Records: 17831  Duplicates: 0  Warnings: 0

+---------------------------------+
| message                         |
+---------------------------------+
| created rcbill_my.tempcustcmts2 |
+---------------------------------+
1 row in set (0.00 sec)

Query OK, 0 rows affected (0.01 sec)

Query OK, 0 rows affected, 1 warning (0.00 sec)

Query OK, 0 rows affected (0.01 sec)

Query OK, 0 rows affected (0.01 sec)

Query OK, 20811 rows affected (0.88 sec)
Records: 20811  Duplicates: 0  Warnings: 0

+----------------------------------+
| message                          |
+----------------------------------+
| created rcbill_my.customers_cmts |
+----------------------------------+
1 row in set (0.00 sec)

Query OK, 0 rows affected (0.01 sec)

Query OK, 0 rows affected (0.00 sec)

Query OK, 0 rows affected (0.01 sec)

Query OK, 25174 rows affected (1.05 sec)
Records: 25174  Duplicates: 0  Warnings: 0

+--------------------------------------+
| message                              |
+--------------------------------------+
| created rcbill_my.customers_cmts_mxk |
+--------------------------------------+
1 row in set (0.00 sec)

Query OK, 522753 rows affected (1 min 9.78 sec)
Records: 522753  Duplicates: 0  Warnings: 0

+----------------+
| message        |
+----------------+
| created temp a |
+----------------+
1 row in set (0.00 sec)

Query OK, 0 rows affected (0.02 sec)

Query OK, 523479 rows affected (10.32 sec)
Records: 523479  Duplicates: 0  Warnings: 0

+------------------------------------------------+
| message                                        |
+------------------------------------------------+
| created rcbill_my.customers_contracts_cmts_mxk |
+------------------------------------------------+
1 row in set (0.00 sec)

Query OK, 0 rows affected (0.03 sec)

Query OK, 0 rows affected, 1 warning (0.00 sec)

Query OK, 0 rows affected, 1 warning (0.00 sec)

Query OK, 0 rows affected (0.00 sec)

Query OK, 3948 rows affected (2.06 sec)
Rows matched: 3948  Changed: 3948  Warnings: 0

+------------------------------------------------+
| message                                        |
+------------------------------------------------+
| updated rcbill_my.customers_contracts_cmts_mxk |
+------------------------------------------------+
1 row in set (0.00 sec)

Query OK, 0 rows affected (0.02 sec)

Query OK, 2245292 rows affected (4 min 13.20 sec)
Records: 2245292  Duplicates: 0  Warnings: 0

+----------------------------------------+
| message                                |
+----------------------------------------+
| created rcbill_my.customers_collection |
+----------------------------------------+
1 row in set (0.00 sec)

Query OK, 0 rows affected (0.05 sec)

Query OK, 2599908 rows affected (2 min 2.79 sec)
Records: 2599908  Duplicates: 0  Warnings: 0

+------------------------------------------------+
| message                                        |
+------------------------------------------------+
| created rcbill_my.customers_cmts_mxk_cont_coll |
+------------------------------------------------+
1 row in set (0.00 sec)

Query OK, 0 rows affected (0.14 sec)

Query OK, 475702 rows affected (3 min 15.47 sec)
Records: 475702  Duplicates: 0  Warnings: 0

+--------------------------------------------------------+
| message                                                |
+--------------------------------------------------------+
| created rcbill_my.customers_contracts_collection_pivot |
+--------------------------------------------------------+
1 row in set (0.00 sec)

Query OK, 0 rows affected (0.02 sec)

Query OK, 41676 rows affected (3 min 14.06 sec)
Records: 41676  Duplicates: 0  Warnings: 0

+----------------------------------------------+
| message                                      |
+----------------------------------------------+
| created rcbill_my.customers_collection_pivot |
+----------------------------------------------+
1 row in set (0.00 sec)

Query OK, 0 rows affected (0.01 sec)

Query OK, 45690 rows affected (2.43 sec)
Records: 45690  Duplicates: 0  Warnings: 0

+--------------------------------------------+
| message                                    |
+--------------------------------------------+
| created rcbill_my.rep_customers_collection |
+--------------------------------------------+
1 row in set (0.00 sec)

Query OK, 0 rows affected (0.00 sec)

Query OK, 0 rows affected, 1 warning (0.00 sec)

Query OK, 484806 rows affected (15.65 sec)
Records: 484806  Duplicates: 0  Warnings: 0

+-------------------------+
| message                 |
+-------------------------+
| created rcbill_my.tempa |
+-------------------------+
1 row in set (0.00 sec)

Query OK, 0 rows affected, 1 warning (0.00 sec)

Query OK, 475702 rows affected (32.40 sec)
Records: 475702  Duplicates: 0  Warnings: 0

+-------------------------+
| message                 |
+-------------------------+
| created rcbill_my.tempb |
+-------------------------+
1 row in set (0.00 sec)

Query OK, 484806 rows affected (35.19 sec)
Records: 484806  Duplicates: 0  Warnings: 0

+-----------+
| message   |
+-----------+
| created a |
+-----------+
1 row in set (0.00 sec)

Query OK, 475702 rows affected (34.88 sec)
Records: 475702  Duplicates: 0  Warnings: 0

+-----------+
| message   |
+-----------+
| created b |
+-----------+
1 row in set (0.00 sec)

Query OK, 0 rows affected (0.05 sec)

Query OK, 0 rows affected (0.03 sec)

Query OK, 0 rows affected (0.04 sec)

Query OK, 521632 rows affected (1 min 6.59 sec)
Records: 521632  Duplicates: 0  Warnings: 0

+----------------------------------------------+
| message                                      |
+----------------------------------------------+
| created rcbill_my.cust_cont_payment_cmts_mxk |
+----------------------------------------------+
1 row in set (0.00 sec)

Query OK, 0 rows affected (0.03 sec)

Query OK, 0 rows affected (0.02 sec)

Query OK, 0 rows affected, 1 warning (0.00 sec)

Query OK, 0 rows affected (0.01 sec)

Query OK, 45690 rows affected (29.14 sec)
Records: 45690  Duplicates: 0  Warnings: 0

+--------------------------------------------------+
| message                                          |
+--------------------------------------------------+
| created rcbill_my.rep_cust_cont_payment_cmts_mxk |
+--------------------------------------------------+
1 row in set (0.00 sec)

Query OK, 0 rows affected, 1 warning (0.00 sec)

Query OK, 0 rows affected, 1 warning (0.00 sec)

Query OK, 0 rows affected (0.01 sec)

Query OK, 45690 rows affected (10.28 sec)
Records: 45690  Duplicates: 0  Warnings: 0

+----------------------+
| rep_custconsolidated |
+----------------------+
|                45690 |
+----------------------+
1 row in set (0.01 sec)

Query OK, 0 rows affected (0.01 sec)

Query OK, 37 rows affected (0.14 sec)
Records: 37  Duplicates: 0  Warnings: 0

+---------------------------------------+
| rep_activecustomerdistribution_level1 |
+---------------------------------------+
|                                    37 |
+---------------------------------------+
1 row in set (0.00 sec)

Query OK, 0 rows affected (0.00 sec)

Query OK, 226 rows affected (0.16 sec)
Records: 226  Duplicates: 0  Warnings: 0

+---------------------------------------+
| rep_activecustomerdistribution_level2 |
+---------------------------------------+
|                                   226 |
+---------------------------------------+
1 row in set (0.00 sec)

Query OK, 0 rows affected (0.01 sec)

Query OK, 45690 rows affected (8.56 sec)
Records: 45690  Duplicates: 0  Warnings: 0

+------------------------------+
| rep_custaddressparcelsprefix |
+------------------------------+
|                        45690 |
+------------------------------+
1 row in set (0.01 sec)

Query OK, 0 rows affected (0.01 sec)

Query OK, 16013 rows affected (0.89 sec)
Records: 16013  Duplicates: 0  Warnings: 0

+-------------------------------------+
| rep_residentialcustomers_tillasleep |
+-------------------------------------+
|                               16013 |
+-------------------------------------+
1 row in set (0.01 sec)

Query OK, 0 rows affected (0.01 sec)

+------------------------------------+
| message                            |
+------------------------------------+
| creating rcbill_my.rep_custextract |
+------------------------------------+
1 row in set (0.00 sec)

Query OK, 45690 rows affected (1.59 sec)
Records: 45690  Duplicates: 0  Warnings: 0

+-----------------+
| rep_custextract |
+-----------------+
|           45690 |
+-----------------+
1 row in set (0.01 sec)

Query OK, 0 rows affected (0.00 sec)

Query OK, 0 rows affected (0.01 sec)

+----------------------------------------------+
| message                                      |
+----------------------------------------------+
| creating rcbill_my.retentioncustomeractivity |
+----------------------------------------------+
1 row in set (0.00 sec)

Query OK, 1088 rows affected (0.11 sec)
Records: 1088  Duplicates: 0  Warnings: 0

+---------------------------+
| retentioncustomeractivity |
+---------------------------+
|                      1088 |
+---------------------------+
1 row in set (0.00 sec)

+-----------+------------------------------------+------------+-------------+-----------------+------------------+---------------------+-------------------+
| HFC_NODE  | NODENAME                           | CMTS_DATE  | INSERTED_ON | UNIQUE_ACCOUNTS | UNIQUE_CONTRACTS | UNIQUE_MAC_INRCBOSS | UNIQUE_MAC_INCMTS |
+-----------+------------------------------------+------------+-------------+-----------------+------------------+---------------------+-------------------+
| NULL      | NULL                               | NULL       | 2021-10-22  |           12837 |            14044 |               14007 |                 0 |
| C5/0/0/U0 | ANSE-BOILEAU-2                     | 2021-03-10 | 2021-10-22  |               0 |                0 |                   0 |               204 |
| C5/0/0/U1 | 500-C3-ANSE-BOILEAU                | 2021-03-10 | 2021-10-22  |               0 |                0 |                   0 |               202 |
| C5/0/1/U0 | 501-C4-LA-MISIERE-LEFT-I           | 2021-03-10 | 2021-10-22  |               0 |                0 |                   0 |               164 |
| C5/0/1/U1 | 501-C5-LA-MISIERE-RIGHT            | 2021-03-10 | 2021-10-22  |               0 |                0 |                   0 |               115 |
| C5/0/1/U2 | 501-C7-LA-MISIERE-LEFT-II          | 2021-03-10 | 2021-10-22  |               0 |                0 |                   0 |               161 |
| C5/0/2/U0 | 502-C8-LA-LOUISE                   | 2021-03-10 | 2021-10-22  |               0 |                0 |                   0 |               139 |
| C5/0/2/U1 | LA-LOUISE-2                        | 2021-03-10 | 2021-10-22  |               0 |                0 |                   0 |               142 |
| C5/0/3/U0 | 504-C6-PETIT-PARIS                 | 2021-03-10 | 2021-10-22  |               0 |                0 |                   0 |               150 |
| C5/0/3/U1 | PETIT-PARIS-23                     | 2021-03-10 | 2021-10-22  |               0 |                0 |                   0 |                73 |
| C5/0/4/U0 | FOUR-SEASONS                       | 2021-03-10 | 2021-10-22  |               0 |                0 |                   0 |                 2 |
| C5/0/4/U1 | ANCHOR-CAFE-I                      | 2021-03-10 | 2021-10-22  |               0 |                0 |                   0 |               168 |
| C5/0/4/U2 | ANCHOR-CAFE-II                     | 2021-03-10 | 2021-10-22  |               0 |                0 |                   0 |               160 |
| C5/1/0/U0 | POINTE-LARUE-AIRPORT-23            | 2021-03-10 | 2021-10-22  |               0 |                0 |                   0 |               114 |
| C5/1/0/U1 | PPROVIDENCE-23                     | 2021-03-10 | 2021-10-22  |               0 |                0 |                   0 |                21 |
| C5/1/0/U2 | ROSHE-CAIMAN-23                    | 2021-03-10 | 2021-10-22  |               0 |                0 |                   0 |                11 |
| C5/1/0/U3 | HEAD-OFFICE | HO-23                | 2021-03-10 | 2021-10-22  |               0 |                0 |                   0 |                22 |
| C5/1/1/U1 | C5-UNION-VALE                      | 2021-03-10 | 2021-10-22  |               0 |                0 |                   0 |               187 |
| C5/1/3/U0 | POINTE-LARUE-AIRPORT-27            | 2021-03-10 | 2021-10-22  |               0 |                0 |                   0 |               149 |
| C5/1/3/U1 | PPROVIDENCE-27                     | 2021-03-10 | 2021-10-22  |               0 |                0 |                   0 |                23 |
| C5/1/3/U2 | ROSHE-CAIMAN-27                    | 2021-03-10 | 2021-10-22  |               0 |                0 |                   0 |                29 |
| C5/1/3/U3 | HEAD-OFFICE | HO-27                | 2021-03-10 | 2021-10-22  |               0 |                0 |                   0 |                21 |
| C5/1/4/U0 | ANSE-ROYALE-27                     | 2021-03-10 | 2021-10-22  |               0 |                0 |                   0 |                99 |
| C5/1/4/U1 | GLACIS-2-57                        | 2021-03-10 | 2021-10-22  |               0 |                0 |                   0 |                64 |
| C5/1/4/U2 | NULL                               | 2021-03-10 | 2021-10-22  |               0 |                0 |                   0 |               115 |
| C5/1/4/U3 | GLACIS-1                           | 2021-03-10 | 2021-10-22  |               0 |                0 |                   0 |                26 |
| C6/0/1/U0 | SERRET-ROAD-RIGHT/CURIO/PASCAL     | 2021-03-10 | 2021-10-22  |               0 |                0 |                   0 |               129 |
| C6/0/1/U1 | SERRET-ROAD-LEFT/ST.LOUIS/TOWN     | 2021-03-10 | 2021-10-22  |               0 |                0 |                   0 |                74 |
| C6/0/1/U2 | SERRET-ROAD-RIGHT/CURIO/PASCAL-2   | 2021-03-10 | 2021-10-22  |               0 |                0 |                   0 |               130 |
| C6/0/1/U3 | SERRET-ROAD-LEFT/ST.LOUIS/TOWN-2   | 2021-03-10 | 2021-10-22  |               0 |                0 |                   0 |                75 |
| C6/0/2/U0 | SANS-SOUCIS-I                      | 2021-03-10 | 2021-10-22  |               0 |                0 |                   0 |               134 |
| C6/0/2/U1 | SANS-SOUCIS-II                     | 2021-03-10 | 2021-10-22  |               0 |                0 |                   0 |                78 |
| C6/0/2/U2 | BEL-AIR-27                         | 2021-03-10 | 2021-10-22  |               0 |                0 |                   0 |                91 |
| C6/0/2/U3 | BEL-AIR-38                         | 2021-03-10 | 2021-10-22  |               0 |                0 |                   0 |                84 |
| C6/0/3/U0 | LES-MAMELLES-23                    | 2021-03-10 | 2021-10-22  |               0 |                0 |                   0 |                56 |
| C6/0/3/U1 | VICTORIA-23                        | 2021-03-10 | 2021-10-22  |               0 |                0 |                   0 |                22 |
| C6/0/4/U0 | LES-MAMELLES-27                    | 2021-03-10 | 2021-10-22  |               0 |                0 |                   0 |               100 |
| C6/0/4/U1 | VICTORIA-27                        | 2021-03-10 | 2021-10-22  |               0 |                0 |                   0 |                20 |
| C7/1/0/U0 | LA-RETRAITE-23                     | 2021-03-10 | 2021-10-22  |               0 |                0 |                   0 |                75 |
| C7/1/0/U1 | TEA-FACTORY-23                     | 2021-03-10 | 2021-10-22  |               0 |                0 |                   0 |                34 |
| C7/1/0/U2 | PAS-23                             | 2021-03-10 | 2021-10-22  |               0 |                0 |                   0 |                88 |
| C7/1/1/U0 | REEF-ESTATE-23                     | 2021-03-10 | 2021-10-22  |               0 |                0 |                   0 |                77 |
| C7/1/2/U0 | LA-RETRAITE-27                     | 2021-03-10 | 2021-10-22  |               0 |                0 |                   0 |                72 |
| C7/1/2/U1 | TEA-FACTORY-27                     | 2021-03-10 | 2021-10-22  |               0 |                0 |                   0 |                22 |
| C7/1/2/U2 | PAS-27                             | 2021-03-10 | 2021-10-22  |               0 |                0 |                   0 |               100 |
| C7/1/3/U0 | MT-BUXTON-27                       | 2021-03-10 | 2021-10-22  |               0 |                0 |                   0 |               156 |
| C7/1/3/U1 | MT-BUXTON-23                       | 2021-03-10 | 2021-10-22  |               0 |                0 |                   0 |                76 |
| C7/1/4/U0 | REEF-ESTATE-27                     | 2021-03-10 | 2021-10-22  |               0 |                0 |                   0 |                94 |
| C8/0/0/U0 | POLICE-ACADEMY-1-27 - POINTE LARUE | 2021-03-10 | 2021-10-22  |               0 |                0 |                   0 |                85 |
| C8/0/0/U1 | NULL                               | 2021-03-10 | 2021-10-22  |               0 |                0 |                   0 |               109 |
| C8/0/1/U0 | NULL                               | 2021-03-10 | 2021-10-22  |               0 |                0 |                   0 |               310 |
| C8/0/1/U1 | POLICE-ACADEMY-2-27 - TURTLE BAY   | 2021-03-10 | 2021-10-22  |               0 |                0 |                   0 |               165 |
| C8/1/0/U0 | MA-JOIE-NODE-27                    | 2021-03-10 | 2021-10-22  |               0 |                0 |                   0 |                92 |
| C8/1/0/U1 | BELONIE-27                         | 2021-03-10 | 2021-10-22  |               0 |                0 |                   0 |               146 |
| C8/1/0/U3 | MA-JOIE-NODE-23                    | 2021-03-10 | 2021-10-22  |               0 |                0 |                   0 |                91 |
| C8/1/1/U0 | 611-C1-ROJN I                      | 2021-03-10 | 2021-10-22  |               0 |                0 |                   0 |               116 |
| C8/1/1/U1 | 611-C5-ROJN II                     | 2021-03-10 | 2021-10-22  |               0 |                0 |                   0 |               118 |
| C8/1/2/U0 | 612-C2-ANSE-ETOILE                 | 2021-03-10 | 2021-10-22  |               0 |                0 |                   0 |               112 |
| C8/1/2/U1 | ANSE-ETOILE-U2                     | 2021-03-10 | 2021-10-22  |               0 |                0 |                   0 |                49 |
| C8/1/3/U0 | 613-C3-ANSE-GAULETTE I             | 2021-03-10 | 2021-10-22  |               0 |                0 |                   0 |                77 |
| C8/1/3/U1 | 613-C7-ANSE-GAULETTE II            | 2021-03-10 | 2021-10-22  |               0 |                0 |                   0 |                80 |
| C8/1/3/U2 | 613-C3-ANSE-GAULETTE III           | 2021-03-10 | 2021-10-22  |               0 |                0 |                   0 |                41 |
| C8/1/3/U3 | TAKAMAKA I                         | 2021-03-10 | 2021-10-22  |               0 |                0 |                   0 |               100 |
| C8/1/3/U4 | TAKAMAKA II                        | 2021-03-10 | 2021-10-22  |               0 |                0 |                   0 |               103 |
| C8/1/4/U0 | 614-BEOLIERE-NODE-1                | 2021-03-10 | 2021-10-22  |               0 |                0 |                   0 |               135 |
| C8/1/4/U1 | 614-BEOLIERE-NODE-2                | 2021-03-10 | 2021-10-22  |               0 |                0 |                   0 |               106 |
+-----------+------------------------------------+------------+-------------+-----------------+------------------+---------------------+-------------------+
66 rows in set (0.38 sec)

+-----------------------+------------+-------------+-----------------+------------------+----------------------+-------------------+
| MXK_NAME              | MXK_DATE   | INSERTED_ON | UNIQUE_ACCOUNTS | UNIQUE_CONTRACTS | UNIQUE_FSAN_INRCBOSS | UNIQUE_FSAN_INMXK |
+-----------------------+------------+-------------+-----------------+------------------+----------------------+-------------------+
| NULL                  | NULL       | 2021-10-22  |            3256 |             3317 |                 3314 |                 0 |
| MXK-MAHE-ANSEETOILE   | 2020-07-27 | 2021-10-22  |             374 |              378 |                  377 |               398 |
| MXK-MAHE-ANSEROYALE   | 2020-07-27 | 2021-10-22  |             171 |              173 |                  172 |               198 |
| MXK-MAHE-BEAUVALLON-1 | 2020-07-27 | 2021-10-22  |            1779 |             1807 |                 1795 |              1919 |
| MXK-MAHE-BEAUVALLON-2 | 2020-07-27 | 2021-10-22  |              24 |               24 |                   24 |                30 |
| MXK-MAHE-PERSEVERANCE | 2020-07-27 | 2021-10-22  |            1053 |             1078 |                 1064 |              1241 |
| MXK-MAHE-PROVIDENCE   | 2020-07-27 | 2021-10-22  |             993 |             1024 |                  941 |              1192 |
| MXK-PRASLIN-GRANDANSE | 2020-07-27 | 2021-10-22  |            1273 |             1277 |                 1268 |              1514 |
+-----------------------+------------+-------------+-----------------+------------------+----------------------+-------------------+
8 rows in set (0.17 sec)

mysql> mysql \. C:\workspace\cloud\code\sql\_DailyScript\currenttime.sql
+---------------------+
| currenttime         |
+---------------------+
| 2021-10-22 10:30:38 |
+---------------------+
1 row in set (0.00 sec)

mysql> 
mysql> mysql \. C:\workspace\cloud\code\sql\_DailyScript\housing-estate-analysis.sql
Database changed
Query OK, 0 rows affected (0.00 sec)

Query OK, 3710 rows affected (12.99 sec)
Records: 3710  Duplicates: 0  Warnings: 0

+--------------------+
| rep_housingestates |
+--------------------+
|               3710 |
+--------------------+
1 row in set (0.00 sec)

mysql> mysql \. C:\workspace\cloud\code\sql\_DailyScript\currenttime.sql
+---------------------+
| currenttime         |
+---------------------+
| 2021-10-22 10:30:51 |
+---------------------+
1 row in set (0.00 sec)

mysql> 
mysql> 
mysql> mysql \. C:\workspace\cloud\code\sql\Analysis\service_tickets_assignments.sql
Query OK, 0 rows affected (0.01 sec)

Query OK, 86453 rows affected (14.32 sec)
Records: 86453  Duplicates: 0  Warnings: 0

+-------------------------+
| rep_servicetickets_2021 |
+-------------------------+
|                   86453 |
+-------------------------+
1 row in set (0.09 sec)

Query OK, 0 rows affected (0.01 sec)

Query OK, 15776 rows affected (2.40 sec)
Records: 15776  Duplicates: 0  Warnings: 0

+------------------+
| rep_tkt_f_level1 |
+------------------+
|            15776 |
+------------------+
1 row in set (0.01 sec)

Query OK, 0 rows affected (0.01 sec)

Query OK, 91424 rows affected (3.49 sec)
Records: 91424  Duplicates: 0  Warnings: 0

+------------------+
| rep_tkt_f_level2 |
+------------------+
|            91424 |
+------------------+
1 row in set (0.03 sec)

Query OK, 0 rows affected (0.01 sec)

Query OK, 130329 rows affected (4.54 sec)
Records: 130329  Duplicates: 0  Warnings: 0

+------------------+
| rep_tkt_f_level3 |
+------------------+
|           130329 |
+------------------+
1 row in set (0.04 sec)

Query OK, 0 rows affected (0.01 sec)

Query OK, 3503 rows affected (0.77 sec)
Records: 3503  Duplicates: 0  Warnings: 0

+--------------------+
| rep_tkt_irs_level1 |
+--------------------+
|               3503 |
+--------------------+
1 row in set (0.00 sec)

Query OK, 0 rows affected (0.01 sec)

Query OK, 16929 rows affected (0.83 sec)
Records: 16929  Duplicates: 0  Warnings: 0

+--------------------+
| rep_tkt_irs_level2 |
+--------------------+
|              16929 |
+--------------------+
1 row in set (0.01 sec)

Query OK, 0 rows affected (0.01 sec)

Query OK, 27881 rows affected (1.24 sec)
Records: 27881  Duplicates: 0  Warnings: 0

+--------------------+
| rep_tkt_irs_level3 |
+--------------------+
|              27881 |
+--------------------+
1 row in set (0.01 sec)

mysql> mysql \. C:\workspace\cloud\code\sql\_DailyScript\currenttime.sql
+---------------------+
| currenttime         |
+---------------------+
| 2021-10-22 10:31:19 |
+---------------------+
1 row in set (0.00 sec)

mysql> 
mysql> mysql \. C:\workspace\cloud\code\sql\_DailyScript\DAILY-SCRIPT-USAGESTATS.sql
Database changed
Query OK, 0 rows affected (0.35 sec)

Query OK, 32666581 rows affected, 65535 warnings (8 min 52.29 sec)
Records: 32666581  Duplicates: 0  Warnings: 32655852

Query OK, 0 rows affected (1 min 37.04 sec)
Records: 0  Duplicates: 0  Warnings: 0

Query OK, 0 rows affected (1 min 33.44 sec)
Records: 0  Duplicates: 0  Warnings: 0

Query OK, 0 rows affected (1 min 33.79 sec)
Records: 0  Duplicates: 0  Warnings: 0

Query OK, 0 rows affected (1 min 25.88 sec)
Records: 0  Duplicates: 0  Warnings: 0

Query OK, 0 rows affected (2 min 21.10 sec)
Records: 0  Duplicates: 0  Warnings: 0

Query OK, 0 rows affected (2 min 30.67 sec)
Records: 0  Duplicates: 0  Warnings: 0

Query OK, 0 rows affected (2 min 11.69 sec)
Records: 0  Duplicates: 0  Warnings: 0

Query OK, 0 rows affected (1 min 32.21 sec)
Records: 0  Duplicates: 0  Warnings: 0

+----------+
| ipusage  |
+----------+
| 32666581 |
+----------+
1 row in set (10.37 sec)

Query OK, 0 rows affected (0.08 sec)

Query OK, 9584606 rows affected (9 min 1.16 sec)
Records: 9584606  Duplicates: 0  Warnings: 0

Query OK, 0 rows affected (35.28 sec)
Records: 0  Duplicates: 0  Warnings: 0

Query OK, 0 rows affected (21.39 sec)
Records: 0  Duplicates: 0  Warnings: 0

Query OK, 0 rows affected (37.03 sec)
Records: 0  Duplicates: 0  Warnings: 0

Query OK, 0 rows affected (42.20 sec)
Records: 0  Duplicates: 0  Warnings: 0

Query OK, 0 rows affected (26.10 sec)
Records: 0  Duplicates: 0  Warnings: 0

+------------------+
| clientcontractip |
+------------------+
|          9584606 |
+------------------+
1 row in set (2.71 sec)

Query OK, 0 rows affected (0.11 sec)

Query OK, 16053290 rows affected (3 min 31.24 sec)
Records: 16053290  Duplicates: 0  Warnings: 0

+---------------------------+
| clientcontractipusage_stg |
+---------------------------+
|                  16053290 |
+---------------------------+
1 row in set (5.57 sec)

+------------------------------------+
| clientcontractipusage_beforeinsert |
+------------------------------------+
|                           16053290 |
+------------------------------------+
1 row in set (7.90 sec)

Query OK, 10797 rows affected (13.05 sec)
Records: 10797  Duplicates: 0  Warnings: 0

+-----------------------------------+
| clientcontractipusage_afterinsert |
+-----------------------------------+
|                          16064087 |
+-----------------------------------+
1 row in set (7.94 sec)

Query OK, 0 rows affected (0.00 sec)

+------------------------+
| info                   |
+------------------------+
| updating null packages |
+------------------------+
1 row in set (0.00 sec)

Query OK, 0 rows affected (36.38 sec)
Rows matched: 181821  Changed: 0  Warnings: 0

+------------+----------+
| usagedate  | count(*) |
+------------+----------+
| 2021-10-21 |    10797 |
| 2021-10-20 |    10839 |
| 2021-10-19 |    10830 |
| 2021-10-18 |    10840 |
| 2021-10-17 |    10815 |
| 2021-10-16 |    10749 |
| 2021-10-15 |    10432 |
| 2021-10-14 |    10457 |
| 2021-10-13 |    10476 |
| 2021-10-12 |    11459 |
| 2021-10-11 |    12403 |
| 2021-10-10 |    12376 |
| 2021-10-09 |    12236 |
| 2021-10-08 |    12347 |
| 2021-10-07 |    12086 |
+------------+----------+
15 rows in set (0.07 sec)

Query OK, 0 rows affected (0.02 sec)

Query OK, 752782 rows affected (1 min 13.98 sec)
Records: 752782  Duplicates: 0  Warnings: 0

Query OK, 0 rows affected (2.54 sec)
Records: 0  Duplicates: 0  Warnings: 0

Query OK, 0 rows affected (2.32 sec)
Records: 0  Duplicates: 0  Warnings: 0

Query OK, 0 rows affected (2.74 sec)
Records: 0  Duplicates: 0  Warnings: 0

Query OK, 0 rows affected (1.44 sec)
Records: 0  Duplicates: 0  Warnings: 0

Query OK, 0 rows affected (1.44 sec)
Records: 0  Duplicates: 0  Warnings: 0

Query OK, 0 rows affected (1.45 sec)
Records: 0  Duplicates: 0  Warnings: 0

Query OK, 0 rows affected (1.38 sec)
Records: 0  Duplicates: 0  Warnings: 0

+-----------------------+
| clientcontractipmonth |
+-----------------------+
|                752782 |
+-----------------------+
1 row in set (0.20 sec)

Query OK, 0 rows affected (0.01 sec)

Query OK, 14881 rows affected (59.12 sec)
Records: 14881  Duplicates: 0  Warnings: 0

+-----------------------+
| rep_dailypackageusage |
+-----------------------+
|                 14881 |
+-----------------------+
1 row in set (0.01 sec)

mysql> mysql \. C:\workspace\cloud\code\sql\_DailyScript\currenttime.sql
+---------------------+
| currenttime         |
+---------------------+
| 2021-10-22 11:14:03 |
+---------------------+
1 row in set (0.00 sec)

mysql> 
mysql> mysql \. C:\workspace\cloud\code\sql\GIS\GetParcelExtract.sql
Database changed
Query OK, 0 rows affected (0.01 sec)

Query OK, 15853 rows affected (5.13 sec)
Records: 15853  Duplicates: 0  Warnings: 0

+-------------------------+
| IV_PARCELEXTRACTStaging |
+-------------------------+
|                   15853 |
+-------------------------+
1 row in set (0.01 sec)

Query OK, 0 rows affected (0.00 sec)

Query OK, 0 rows affected (0.01 sec)

Query OK, 9699 rows affected (0.26 sec)
Records: 9699  Duplicates: 0  Warnings: 0

+-----------------+
| IV_PARCELFORMAP |
+-----------------+
|            9699 |
+-----------------+
1 row in set (0.01 sec)

Query OK, 0 rows affected (0.01 sec)

Query OK, 188 rows affected (0.03 sec)
Records: 188  Duplicates: 0  Warnings: 0

+----------------------------+
| IV_PARCELFORMAP_Inactive_2 |
+----------------------------+
|                        188 |
+----------------------------+
1 row in set (0.00 sec)

Query OK, 0 rows affected (0.01 sec)

Query OK, 437 rows affected (0.03 sec)
Records: 437  Duplicates: 0  Warnings: 0

+----------------------------+
| IV_PARCELFORMAP_Inactive_3 |
+----------------------------+
|                        437 |
+----------------------------+
1 row in set (0.00 sec)

Query OK, 0 rows affected (0.01 sec)

Query OK, 511 rows affected (0.03 sec)
Records: 511  Duplicates: 0  Warnings: 0

+----------------------------+
| IV_PARCELFORMAP_Inactive_4 |
+----------------------------+
|                        511 |
+----------------------------+
1 row in set (0.00 sec)

Query OK, 0 rows affected (0.01 sec)

Query OK, 2562 rows affected (0.08 sec)
Records: 2562  Duplicates: 0  Warnings: 0

+----------------------------+
| IV_PARCELFORMAP_Inactive_5 |
+----------------------------+
|                       2562 |
+----------------------------+
1 row in set (0.00 sec)

Query OK, 0 rows affected (0.01 sec)

Query OK, 4244 rows affected (0.12 sec)
Records: 4244  Duplicates: 0  Warnings: 0

+---------------------+
| IV_PARCELFORMAP_HFC |
+---------------------+
|                4244 |
+---------------------+
1 row in set (0.00 sec)

Query OK, 0 rows affected (0.01 sec)

Query OK, 4149 rows affected (0.11 sec)
Records: 4149  Duplicates: 0  Warnings: 0

+----------------------+
| IV_PARCELFORMAP_GPON |
+----------------------+
|                 4149 |
+----------------------+
1 row in set (0.00 sec)

Query OK, 0 rows affected (0.01 sec)

Query OK, 61 rows affected (0.02 sec)
Records: 61  Duplicates: 0  Warnings: 0

+---------------------+
| IV_PARCELFORMAP_MIX |
+---------------------+
|                  61 |
+---------------------+
1 row in set (0.00 sec)

mysql> mysql \. C:\workspace\cloud\code\sql\_DailyScript\currenttime.sql
+---------------------+
| currenttime         |
+---------------------+
| 2021-10-22 11:14:09 |
+---------------------+
1 row in set (0.00 sec)

mysql> 
mysql> exit
