    -> 
    -> mysql \. C:\workspace\cloud\code\sql\_DailyScript\_setdates.sql
Database changed
Query OK, 0 rows affected (0.00 sec)

Query OK, 0 rows affected (0.00 sec)

Query OK, 0 rows affected (0.00 sec)

Query OK, 0 rows affected (0.00 sec)

Query OK, 0 rows affected (0.00 sec)

Query OK, 0 rows affected (0.00 sec)

Query OK, 0 rows affected (0.00 sec)

Query OK, 0 rows affected (0.00 sec)

Query OK, 0 rows affected (0.00 sec)

Query OK, 0 rows affected (0.00 sec)

Query OK, 0 rows affected (0.00 sec)

Query OK, 0 rows affected (0.00 sec)

Query OK, 0 rows affected (0.00 sec)

Query OK, 0 rows affected (0.00 sec)

Query OK, 0 rows affected (0.00 sec)

Query OK, 0 rows affected (0.00 sec)

Query OK, 0 rows affected (0.00 sec)

Query OK, 0 rows affected (0.00 sec)

Query OK, 0 rows affected (0.00 sec)

Query OK, 0 rows affected (0.00 sec)

Query OK, 0 rows affected (0.00 sec)

mysql> mysql \. C:\workspace\cloud\code\sql\_DailyScript\currenttime.sql
+---------------------+
| currenttime         |
+---------------------+
| 2021-02-15 12:51:27 |
+---------------------+
1 row in set (0.00 sec)

mysql> 
mysql> mysql \. C:\workspace\cloud\code\sql\_DailyScript\load_RCB_VODTITLES.sql
Database changed
Query OK, 0 rows affected (0.00 sec)

Query OK, 0 rows affected (0.00 sec)

ERROR 2 (HY000): File 'C:\ProgramData\MySQL\MySQL Server 5.7\Uploads\rcbill\ALLVOD2TITLES-13022021.csv' not found (Errcode: 2 - No such file or directory)
Query OK, 0 rows affected (0.00 sec)

Query OK, 0 rows affected (0.00 sec)

+-----------+
| VODTITLES |
+-----------+
|       460 |
+-----------+
1 row in set (0.00 sec)

Empty set (0.00 sec)

mysql> mysql \. C:\workspace\cloud\code\sql\_DailyScript\currenttime.sql
+---------------------+
| currenttime         |
+---------------------+
| 2021-02-15 12:51:27 |
+---------------------+
1 row in set (0.00 sec)

mysql> 
mysql> mysql \. C:\workspace\cloud\code\sql\_DailyScript\DAILY-SCRIPT-LIVETV-STATS.sql
Database changed
Query OK, 0 rows affected (0.01 sec)

Query OK, 120366 rows affected (1.41 sec)
Records: 120366  Duplicates: 0  Warnings: 0

+------------+------------+----------+--------------+--------------+-----------+-------------+----------+--------+------+------------+---------+---------------+
| Table      | Non_unique | Key_name | Seq_in_index | Column_name  | Collation | Cardinality | Sub_part | Packed | Null | Index_type | Comment | Index_comment |
+------------+------------+----------+--------------+--------------+-----------+-------------+----------+--------+------+------------+---------+---------------+
| templivetv |          1 | idxtv1   |            1 | device       | A         |      112684 |     NULL | NULL   | YES  | BTREE      |         |               |
| templivetv |          1 | idxtv2   |            1 | sessionstart | A         |      112684 |     NULL | NULL   | YES  | BTREE      |         |               |
+------------+------------+----------+--------------+--------------+-----------+-------------+----------+--------+------+------------+---------+---------------+
2 rows in set (0.00 sec)

Query OK, 120360 rows affected (15.20 sec)
Records: 120360  Duplicates: 0  Warnings: 0

Query OK, 2625 rows affected (0.74 sec)
Records: 2625  Duplicates: 0  Warnings: 0

Query OK, 0 rows affected (0.00 sec)

Query OK, 0 rows affected (0.00 sec)

Query OK, 127 rows affected (0.03 sec)
Records: 127  Duplicates: 0  Warnings: 0

Query OK, 0 rows affected (0.03 sec)

Query OK, 54555 rows affected (3 min 20.52 sec)
Records: 54555  Duplicates: 0  Warnings: 0

+-----------------+
| rep_livetvstats |
+-----------------+
|           54555 |
+-----------------+
1 row in set (0.02 sec)

mysql> mysql \. C:\workspace\cloud\code\sql\_DailyScript\currenttime.sql
+---------------------+
| currenttime         |
+---------------------+
| 2021-02-15 12:55:05 |
+---------------------+
1 row in set (0.00 sec)

mysql> 
mysql> mysql \. C:\workspace\cloud\code\sql\_DailyScript\DAILY-SCRIPT-VODTS-STATS.sql
Database changed
Query OK, 0 rows affected (0.02 sec)

Query OK, 6343 rows affected (11.28 sec)
Records: 6343  Duplicates: 0  Warnings: 0

+---------+------------+----------+--------------+--------------+-----------+-------------+----------+--------+------+------------+---------+---------------+
| Table   | Non_unique | Key_name | Seq_in_index | Column_name  | Collation | Cardinality | Sub_part | Packed | Null | Index_type | Comment | Index_comment |
+---------+------------+----------+--------------+--------------+-----------+-------------+----------+--------+------+------------+---------+---------------+
| tempvod |          1 | idxtvod1 |            1 | device       | A         |        6441 |     NULL | NULL   | YES  | BTREE      |         |               |
| tempvod |          1 | idxtvod2 |            1 | sessionstart | A         |        6441 |     NULL | NULL   | YES  | BTREE      |         |               |
+---------+------------+----------+--------------+--------------+-----------+-------------+----------+--------+------+------------+---------+---------------+
2 rows in set (0.00 sec)

Query OK, 6355 rows affected (3.26 sec)
Records: 6355  Duplicates: 0  Warnings: 0

Query OK, 0 rows affected (0.06 sec)

Query OK, 1017751 rows affected (1 min 22.95 sec)
Records: 1017751  Duplicates: 0  Warnings: 0

+--------------+
| rep_vodstats |
+--------------+
|      1017751 |
+--------------+
1 row in set (0.30 sec)

Database changed
Query OK, 0 rows affected (0.01 sec)

Query OK, 23887 rows affected (42.84 sec)
Records: 23887  Duplicates: 0  Warnings: 0

+--------+------------+----------+--------------+--------------+-----------+-------------+----------+--------+------+------------+---------+---------------+
| Table  | Non_unique | Key_name | Seq_in_index | Column_name  | Collation | Cardinality | Sub_part | Packed | Null | Index_type | Comment | Index_comment |
+--------+------------+----------+--------------+--------------+-----------+-------------+----------+--------+------+------------+---------+---------------+
| tempts |          1 | idxtts1  |            1 | device       | A         |       23991 |     NULL | NULL   | YES  | BTREE      |         |               |
| tempts |          1 | idxtts2  |            1 | sessionstart | A         |       23991 |     NULL | NULL   | YES  | BTREE      |         |               |
+--------+------------+----------+--------------+--------------+-----------+-------------+----------+--------+------+------------+---------+---------------+
2 rows in set (0.00 sec)

Query OK, 23827 rows affected (14.11 sec)
Records: 23827  Duplicates: 0  Warnings: 0

Query OK, 0 rows affected (0.01 sec)

Query OK, 44361 rows affected (44.01 sec)
Records: 44361  Duplicates: 0  Warnings: 0

+-------------+
| rep_tsstats |
+-------------+
|       44361 |
+-------------+
1 row in set (0.01 sec)

mysql> mysql \. C:\workspace\cloud\code\sql\_DailyScript\currenttime.sql
+---------------------+
| currenttime         |
+---------------------+
| 2021-02-15 12:58:24 |
+---------------------+
1 row in set (0.00 sec)

mysql> 
mysql> mysql \. C:\workspace\cloud\code\sql\_DailyScript\DAILY-SCRIPT-RADIO-STATS.sql
Database changed
Query OK, 0 rows affected (0.02 sec)

Query OK, 360483 rows affected (3.89 sec)
Records: 360483  Duplicates: 0  Warnings: 0

+-----------+------------+----------+--------------+--------------+-----------+-------------+----------+--------+------+------------+---------+---------------+
| Table     | Non_unique | Key_name | Seq_in_index | Column_name  | Collation | Cardinality | Sub_part | Packed | Null | Index_type | Comment | Index_comment |
+-----------+------------+----------+--------------+--------------+-----------+-------------+----------+--------+------+------------+---------+---------------+
| tempradio |          1 | idxtrad1 |            1 | device       | A         |      361106 |     NULL | NULL   | YES  | BTREE      |         |               |
| tempradio |          1 | idxtrad2 |            1 | sessionstart | A         |      361106 |     NULL | NULL   | YES  | BTREE      |         |               |
+-----------+------------+----------+--------------+--------------+-----------+-------------+----------+--------+------+------------+---------+---------------+
2 rows in set (0.00 sec)

Query OK, 577 rows affected (1.55 sec)
Records: 577  Duplicates: 0  Warnings: 0

Query OK, 0 rows affected (0.01 sec)

Query OK, 5939 rows affected (0.50 sec)
Records: 5939  Duplicates: 0  Warnings: 0

+----------------+
| rep_radiostats |
+----------------+
|           5939 |
+----------------+
1 row in set (0.00 sec)

mysql> mysql \. C:\workspace\cloud\code\sql\_DailyScript\currenttime.sql
+---------------------+
| currenttime         |
+---------------------+
| 2021-02-15 12:58:30 |
+---------------------+
1 row in set (0.00 sec)

mysql> 
mysql> mysql \. C:\workspace\cloud\code\sql\_DailyScript\DAILY_SCRIPT_TELEMETRY_PIVOT_2021.sql
Query OK, 0 rows affected (0.01 sec)

Query OK, 140 rows affected (0.13 sec)
Records: 140  Duplicates: 0  Warnings: 0

Query OK, 0 rows affected (0.01 sec)

Query OK, 10059 rows affected (1.78 sec)
Records: 10059  Duplicates: 0  Warnings: 0

Query OK, 0 rows affected (0.01 sec)

Query OK, 5 rows affected (0.02 sec)
Records: 5  Duplicates: 0  Warnings: 0

Query OK, 0 rows affected (0.01 sec)

Query OK, 44 rows affected (0.06 sec)
Records: 44  Duplicates: 0  Warnings: 0

mysql> mysql \. C:\workspace\cloud\code\sql\_DailyScript\currenttime.sql
+---------------------+
| currenttime         |
+---------------------+
| 2021-02-15 12:58:32 |
+---------------------+
1 row in set (0.00 sec)

mysql> 
mysql> mysql \. C:\workspace\cloud\code\sql\_DailyScript\telemetry_livetv_ranking2021.sql
Query OK, 0 rows affected (0.01 sec)

Query OK, 140 rows affected (0.02 sec)
Records: 140  Duplicates: 0  Warnings: 0

mysql> mysql \. C:\workspace\cloud\code\sql\_DailyScript\currenttime.sql
+---------------------+
| currenttime         |
+---------------------+
| 2021-02-15 12:58:32 |
+---------------------+
1 row in set (0.00 sec)

mysql> 
mysql> mysql \. C:\workspace\cloud\code\sql\_DailyScript\telemetry_radio_ranking2021.sql
Query OK, 0 rows affected (0.01 sec)

Query OK, 5 rows affected (0.01 sec)
Records: 5  Duplicates: 0  Warnings: 0

mysql> mysql \. C:\workspace\cloud\code\sql\_DailyScript\currenttime.sql
+---------------------+
| currenttime         |
+---------------------+
| 2021-02-15 12:58:32 |
+---------------------+
1 row in set (0.00 sec)

mysql> 
mysql> mysql \. C:\workspace\cloud\code\sql\_DailyScript\telemetry_ts_ranking2021.sql
Query OK, 0 rows affected (0.00 sec)

Query OK, 44 rows affected (0.02 sec)
Records: 44  Duplicates: 0  Warnings: 0

mysql> mysql \. C:\workspace\cloud\code\sql\_DailyScript\currenttime.sql
+---------------------+
| currenttime         |
+---------------------+
| 2021-02-15 12:58:32 |
+---------------------+
1 row in set (0.00 sec)

mysql> 
mysql> mysql \. C:\workspace\cloud\code\sql\_DailyScript\telemetry_vod_ranking2021.sql
Query OK, 0 rows affected (0.01 sec)

Query OK, 10059 rows affected (0.48 sec)
Records: 10059  Duplicates: 0  Warnings: 0

mysql> mysql \. C:\workspace\cloud\code\sql\_DailyScript\currenttime.sql
+---------------------+
| currenttime         |
+---------------------+
| 2021-02-15 12:58:32 |
+---------------------+
1 row in set (0.00 sec)

mysql> 
mysql> mysql \. C:\workspace\cloud\code\sql\_DailyScript\telemetry_vod_ranking2021_1.sql
Query OK, 0 rows affected (0.01 sec)

Query OK, 10059 rows affected (0.22 sec)
Records: 10059  Duplicates: 0  Warnings: 0

mysql> mysql \. C:\workspace\cloud\code\sql\_DailyScript\currenttime.sql
+---------------------+
| currenttime         |
+---------------------+
| 2021-02-15 12:58:33 |
+---------------------+
1 row in set (0.00 sec)

mysql> 
mysql> mysql \. C:\workspace\cloud\code\sql\_DailyScript\telemetry_vod_ranking2021_2.sql
Query OK, 0 rows affected (0.01 sec)

Query OK, 10059 rows affected (0.20 sec)
Records: 10059  Duplicates: 0  Warnings: 0

mysql> mysql \. C:\workspace\cloud\code\sql\_DailyScript\currenttime.sql
+---------------------+
| currenttime         |
+---------------------+
| 2021-02-15 12:58:33 |
+---------------------+
1 row in set (0.00 sec)

mysql> 
mysql> 
mysql> 
mysql> 
mysql> mysql \. C:\workspace\cloud\code\sql\_DailyScript\ticket_analysis.sql
Database changed
Query OK, 0 rows affected (0.12 sec)

Query OK, 757928 rows affected (27.37 sec)
Records: 757928  Duplicates: 0  Warnings: 0

Query OK, 0 rows affected (4.59 sec)
Records: 0  Duplicates: 0  Warnings: 0

Query OK, 0 rows affected (2.70 sec)
Records: 0  Duplicates: 0  Warnings: 0

Query OK, 0 rows affected (1.81 sec)
Records: 0  Duplicates: 0  Warnings: 0

Query OK, 0 rows affected (0.03 sec)

Query OK, 23759 rows affected (12.66 sec)
Records: 23759  Duplicates: 0  Warnings: 0

Query OK, 0 rows affected, 1 warning (0.00 sec)

Query OK, 109090 rows affected (7.57 sec)
Records: 109090  Duplicates: 0  Warnings: 0

Query OK, 0 rows affected, 1 warning (0.00 sec)

Query OK, 556274 rows affected (15.19 sec)
Records: 556274  Duplicates: 0  Warnings: 0

Query OK, 0 rows affected, 1 warning (0.00 sec)

Query OK, 556274 rows affected (14.73 sec)
Records: 556274  Duplicates: 0  Warnings: 0

Query OK, 0 rows affected (0.01 sec)

Query OK, 109194 rows affected (5.93 sec)
Records: 109194  Duplicates: 0  Warnings: 0

Database changed
Query OK, 0 rows affected (0.00 sec)

Query OK, 0 rows affected (0.04 sec)

Query OK, 757928 rows affected (23.96 sec)
Records: 757928  Duplicates: 0  Warnings: 0

Query OK, 0 rows affected (0.02 sec)

Query OK, 385832 rows affected (17.45 sec)
Records: 385832  Duplicates: 0  Warnings: 0

+--------------------------+
| clientticket_cmmtjourney |
+--------------------------+
|                   757928 |
+--------------------------+
1 row in set (2.19 sec)

+---------------------------+
| clientticket_assgnjourney |
+---------------------------+
|                    385832 |
+---------------------------+
1 row in set (0.42 sec)

Query OK, 0 rows affected (0.01 sec)

Query OK, 73 rows affected (0.09 sec)
Records: 73  Duplicates: 0  Warnings: 0

mysql> mysql \. C:\workspace\cloud\code\sql\_DailyScript\currenttime.sql
+---------------------+
| currenttime         |
+---------------------+
| 2021-02-15 13:00:50 |
+---------------------+
1 row in set (0.00 sec)

mysql> 
mysql> mysql \. C:\workspace\cloud\code\sql\_DailyScript\load_DailyCalls.sql
Database changed
Query OK, 477 rows affected (0.16 sec)
Records: 477  Deleted: 0  Skipped: 0  Warnings: 0

Query OK, 0 rows affected, 1 warning (0.00 sec)

Query OK, 476 rows affected (0.03 sec)
Records: 476  Duplicates: 0  Warnings: 0

Query OK, 0 rows affected, 1 warning (0.00 sec)

Query OK, 68617 rows affected (0.32 sec)
Records: 68617  Duplicates: 0  Warnings: 0

+----------------------+
| callingclientsbefore |
+----------------------+
|              1118053 |
+----------------------+
1 row in set (0.44 sec)

Query OK, 649 rows affected (9.96 sec)
Records: 649  Duplicates: 0  Warnings: 0

+---------------------+
| callingclientsafter |
+---------------------+
|             1118702 |
+---------------------+
1 row in set (0.29 sec)

Query OK, 0 rows affected (0.01 sec)

Query OK, 291 rows affected (3.68 sec)
Records: 291  Duplicates: 0  Warnings: 0

Query OK, 0 rows affected (0.01 sec)

Query OK, 21989 rows affected (3.65 sec)
Records: 21989  Duplicates: 0  Warnings: 0

+-----------+
| callstats |
+-----------+
|     21989 |
+-----------+
1 row in set (0.01 sec)

Query OK, 0 rows affected, 1 warning (0.00 sec)

Query OK, 649 rows affected (2.70 sec)
Records: 649  Duplicates: 0  Warnings: 0

+------------------------+
| rep_cccallreportbefore |
+------------------------+
|                1119030 |
+------------------------+
1 row in set (0.39 sec)

Query OK, 649 rows affected (0.17 sec)
Records: 649  Duplicates: 0  Warnings: 0

+-----------------------+
| rep_cccallreportafter |
+-----------------------+
|               1119679 |
+-----------------------+
1 row in set (0.29 sec)

Query OK, 0 rows affected (0.01 sec)

mysql> mysql \. C:\workspace\cloud\code\sql\_DailyScript\currenttime.sql
+---------------------+
| currenttime         |
+---------------------+
| 2021-02-15 13:01:12 |
+---------------------+
1 row in set (0.00 sec)

mysql> 
mysql> mysql \. C:\workspace\cloud\code\sql\_DailyScript\DAILY-SCRIPT-USAGE.sql
Database changed
Query OK, 0 rows affected (0.00 sec)

Query OK, 4738 rows affected, 13727 warnings (1.18 sec)
Records: 4738  Deleted: 0  Skipped: 0  Warnings: 13727

Query OK, 0 rows affected (0.00 sec)

Query OK, 7137 rows affected, 20643 warnings (1.43 sec)
Records: 7137  Deleted: 0  Skipped: 0  Warnings: 20643

Query OK, 0 rows affected (0.00 sec)

Query OK, 292 rows affected, 1046 warnings (0.07 sec)
Records: 292  Deleted: 0  Skipped: 0  Warnings: 1046

Query OK, 0 rows affected (0.00 sec)

Query OK, 150 rows affected, 518 warnings (0.06 sec)
Records: 150  Deleted: 0  Skipped: 0  Warnings: 518

+------------+
| dailyusage |
+------------+
|   16532603 |
+------------+
1 row in set (6.48 sec)

+------------+------------+------------+---------+
| datestart  | dateend    | insertedon | records |
+------------+------------+------------+---------+
| 2021-02-13 | 2021-02-13 | 2021-02-15 |   12317 |
| 2021-02-12 | 2021-02-12 | 2021-02-15 |   11751 |
| 2021-02-11 | 2021-02-11 | 2021-02-12 |   11781 |
| 2021-02-10 | 2021-02-10 | 2021-02-11 |   10681 |
| 2021-02-09 | 2021-02-09 | 2021-02-10 |   11272 |
+------------+------------+------------+---------+
5 rows in set (18.02 sec)

+----------+------------+------------+------------+---------+
| category | datestart  | dateend    | insertedon | records |
+----------+------------+------------+------------+---------+
| UNCAPPED | 2021-02-13 | 2021-02-13 | 2021-02-15 |    7137 |
| PREPAID  | 2021-02-13 | 2021-02-13 | 2021-02-15 |     292 |
| HOTSPOT  | 2021-02-13 | 2021-02-13 | 2021-02-15 |     150 |
| CAPPED   | 2021-02-13 | 2021-02-13 | 2021-02-15 |    4738 |
| UNCAPPED | 2021-02-12 | 2021-02-12 | 2021-02-15 |    6686 |
| PREPAID  | 2021-02-12 | 2021-02-12 | 2021-02-15 |     296 |
| HOTSPOT  | 2021-02-12 | 2021-02-12 | 2021-02-15 |     144 |
| CAPPED   | 2021-02-12 | 2021-02-12 | 2021-02-15 |    4625 |
| UNCAPPED | 2021-02-11 | 2021-02-11 | 2021-02-12 |    6731 |
| PREPAID  | 2021-02-11 | 2021-02-11 | 2021-02-12 |     290 |
| HOTSPOT  | 2021-02-11 | 2021-02-11 | 2021-02-12 |     135 |
| CAPPED   | 2021-02-11 | 2021-02-11 | 2021-02-12 |    4625 |
| UNCAPPED | 2021-02-10 | 2021-02-10 | 2021-02-11 |    6002 |
| PREPAID  | 2021-02-10 | 2021-02-10 | 2021-02-11 |     286 |
| HOTSPOT  | 2021-02-10 | 2021-02-10 | 2021-02-11 |     124 |
| CAPPED   | 2021-02-10 | 2021-02-10 | 2021-02-11 |    4269 |
| UNCAPPED | 2021-02-09 | 2021-02-09 | 2021-02-10 |    6397 |
| PREPAID  | 2021-02-09 | 2021-02-09 | 2021-02-10 |     283 |
| HOTSPOT  | 2021-02-09 | 2021-02-09 | 2021-02-10 |     130 |
| CAPPED   | 2021-02-09 | 2021-02-09 | 2021-02-10 |    4462 |
+----------+------------+------------+------------+---------+
20 rows in set (23.64 sec)

mysql> mysql \. C:\workspace\cloud\code\sql\_DailyScript\currenttime.sql
+---------------------+
| currenttime         |
+---------------------+
| 2021-02-15 13:02:03 |
+---------------------+
1 row in set (0.00 sec)

mysql> 
mysql> mysql \. C:\workspace\cloud\code\sql\_DailyScript\DAILY-SCRIPT-SALES-TELEMETRY.sql
Database changed
Query OK, 41 rows affected, 14 warnings (0.04 sec)
Records: 41  Deleted: 0  Skipped: 0  Warnings: 14

+------------+
| dailysales |
+------------+
|     223461 |
+------------+
1 row in set (0.16 sec)

Query OK, 0 rows affected (0.01 sec)

Query OK, 223461 rows affected (14.38 sec)
Records: 223461  Duplicates: 0  Warnings: 0

+--------+
| sales  |
+--------+
| 223461 |
+--------+
1 row in set (0.21 sec)

Query OK, 0 rows affected (0.01 sec)

Query OK, 3653 rows affected (0.37 sec)
Records: 3653  Duplicates: 0  Warnings: 0

+----------------+
| rep_dailysales |
+----------------+
|           3653 |
+----------------+
1 row in set (0.00 sec)

Query OK, 0 rows affected (0.01 sec)

Query OK, 3653 rows affected (0.55 sec)
Records: 3653  Duplicates: 0  Warnings: 0

+-------------------+
| rep_dailysalesreg |
+-------------------+
|              3653 |
+-------------------+
1 row in set (0.00 sec)

Query OK, 0 rows affected (0.00 sec)

Query OK, 2875 rows affected (0.71 sec)
Records: 2875  Duplicates: 0  Warnings: 0

+-----------+
| saleslist |
+-----------+
|      2875 |
+-----------+
1 row in set (0.00 sec)

Database changed
Query OK, 1 row affected (0.01 sec)
Records: 1  Deleted: 0  Skipped: 0  Warnings: 0

+------------------+
| dailysinglesales |
+------------------+
|             6468 |
+------------------+
1 row in set (0.01 sec)

Database changed
Query OK, 18 rows affected (0.03 sec)
Records: 18  Deleted: 0  Skipped: 0  Warnings: 0

+-----------------+
| dailyaddonsales |
+-----------------+
|           22215 |
+-----------------+
1 row in set (0.03 sec)

Query OK, 227 rows affected (0.09 sec)
Records: 227  Deleted: 0  Skipped: 0  Warnings: 0

+----------------+
| onlinepayments |
+----------------+
|         160030 |
+----------------+
1 row in set (0.08 sec)

+-------------+----------------+---------------------+
| paymentdate | onlinepayments | onlinepaymentamount |
+-------------+----------------+---------------------+
| 2021-02-13  |            227 |        145254.50000 |
| 2021-02-12  |            221 |        125806.50000 |
| 2021-02-11  |            228 |        139391.79000 |
| 2021-02-10  |            252 |        156723.38000 |
| 2021-02-09  |            247 |        148335.53000 |
+-------------+----------------+---------------------+
5 rows in set (0.60 sec)

+-------------+--------------+----------------+---------------------+
| paymentyear | paymentmonth | onlinepayments | onlinepaymentamount |
+-------------+--------------+----------------+---------------------+
|        2021 |            2 |           3642 |       2292605.67000 |
|        2021 |            1 |           9124 |       5808374.04000 |
|        2021 |         NULL |          12766 |       8100979.71000 |
|        2020 |           12 |           7235 |       4780077.29000 |
|        2020 |           11 |           6424 |       4163507.90000 |
+-------------+--------------+----------------+---------------------+
5 rows in set (0.16 sec)

mysql> mysql \. C:\workspace\cloud\code\sql\_DailyScript\currenttime.sql
+---------------------+
| currenttime         |
+---------------------+
| 2021-02-15 13:02:21 |
+---------------------+
1 row in set (0.00 sec)

mysql> 
mysql> mysql \. C:\workspace\cloud\code\sql\_DailyScript\DAILY-SCRIPT-ACTIVENUMBERS.sql
Database changed
Query OK, 1152 rows affected (0.53 sec)
Records: 1152  Deleted: 0  Skipped: 0  Warnings: 0

+------------+----------+
| period     | count(1) |
+------------+----------+
| 2021-02-13 |     1152 |
| 2021-02-12 |     1152 |
| 2021-02-11 |     1152 |
| 2021-02-10 |     1153 |
| 2021-02-09 |     1152 |
+------------+----------+
5 rows in set (0.01 sec)

Query OK, 0 rows affected (0.01 sec)

Query OK, 78 rows affected (1.41 sec)
Records: 78  Duplicates: 0  Warnings: 0

+-------------+
| packagelist |
+-------------+
|          78 |
+-------------+
1 row in set (0.00 sec)

Database changed
Query OK, 0 rows affected (0.00 sec)

Query OK, 0 rows affected (0.00 sec)

Query OK, 0 rows affected (0.00 sec)

Query OK, 0 rows affected (0.00 sec)

Query OK, 28371 rows affected, 226 warnings (14.27 sec)
Records: 28371  Deleted: 0  Skipped: 0  Warnings: 226

+------------+----------+
| period     | count(1) |
+------------+----------+
| 2021-02-13 |    28371 |
| 2021-02-12 |    28394 |
| 2021-02-11 |    28378 |
| 2021-02-10 |    28400 |
| 2021-02-09 |    28326 |
+------------+----------+
5 rows in set (0.12 sec)

Query OK, 0 rows affected (0.02 sec)

Query OK, 27798 rows affected (46.76 sec)
Records: 27798  Duplicates: 0  Warnings: 0

Query OK, 0 rows affected (0.12 sec)
Records: 0  Duplicates: 0  Warnings: 0

Query OK, 0 rows affected (0.11 sec)
Records: 0  Duplicates: 0  Warnings: 0

Query OK, 0 rows affected (0.10 sec)
Records: 0  Duplicates: 0  Warnings: 0

Query OK, 0 rows affected (0.08 sec)
Records: 0  Duplicates: 0  Warnings: 0

Query OK, 0 rows affected (0.07 sec)
Records: 0  Duplicates: 0  Warnings: 0

Query OK, 0 rows affected (0.07 sec)
Records: 0  Duplicates: 0  Warnings: 0

+-------------+
| countbefore |
+-------------+
|    43303171 |
+-------------+
1 row in set (12.26 sec)

Query OK, 27798 rows affected (2.63 sec)
Records: 27798  Duplicates: 0  Warnings: 0

+------------+
| countafter |
+------------+
|   43330969 |
+------------+
1 row in set (14.18 sec)

+------------+--------------------------+
| period     | customercontractactivity |
+------------+--------------------------+
| 2021-02-13 |                    27798 |
| 2021-02-12 |                    27821 |
| 2021-02-11 |                    27805 |
| 2021-02-10 |                    27827 |
| 2021-02-09 |                    27752 |
+------------+--------------------------+
5 rows in set (0.06 sec)

Query OK, 0 rows affected (0.01 sec)

Query OK, 293633 rows affected (8 min 1.81 sec)
Records: 293633  Duplicates: 0  Warnings: 0

Query OK, 0 rows affected (1.01 sec)
Records: 0  Duplicates: 0  Warnings: 0

Query OK, 0 rows affected (1.04 sec)
Records: 0  Duplicates: 0  Warnings: 0

Query OK, 0 rows affected (1.05 sec)
Records: 0  Duplicates: 0  Warnings: 0

Query OK, 0 rows affected (0.01 sec)

Query OK, 232 rows affected (0.43 sec)
Records: 232  Duplicates: 0  Warnings: 0

Query OK, 0 rows affected (0.01 sec)

Query OK, 2646 rows affected (0.57 sec)
Records: 2646  Duplicates: 0  Warnings: 0

Query OK, 0 rows affected (0.00 sec)

Query OK, 27774 rows affected (0.53 sec)
Records: 27774  Duplicates: 0  Warnings: 0

Query OK, 0 rows affected (0.00 sec)

Query OK, 17225 rows affected (0.34 sec)
Records: 17225  Duplicates: 0  Warnings: 0

Query OK, 0 rows affected (0.01 sec)

Query OK, 17225 rows affected (0.12 sec)
Records: 17225  Duplicates: 0  Warnings: 0

Query OK, 0 rows affected (0.01 sec)

Query OK, 17225 rows affected (1.10 sec)
Records: 17225  Duplicates: 0  Warnings: 0

Query OK, 0 rows affected (0.01 sec)

Query OK, 17225 rows affected (44.69 sec)
Records: 17225  Duplicates: 0  Warnings: 0

+-------------+
| clientstats |
+-------------+
|       17225 |
+-------------+
1 row in set (0.01 sec)

Query OK, 0 rows affected (0.00 sec)

Query OK, 15 rows affected, 1 warning (0.10 sec)
Records: 15  Duplicates: 0  Warnings: 1

+------------------------+-------------+-------------+----------------+-----------------+
| services               | activecount | allaccounts | uniqueaccounts | uniquecontracts |
+------------------------+-------------+-------------+----------------+-----------------+
| All                    |         358 |          60 |             60 |             191 |
| Internet & OTT         |           4 |           2 |              2 |               2 |
| Internet & Voice       |         358 |         161 |            161 |             314 |
| Internet & Voice & OTT |           3 |           1 |              1 |               3 |
| Internet Only          |        4309 |        4193 |           4186 |            4236 |
| OTT Only               |           1 |           1 |              1 |               1 |
| TV & Internet          |        9819 |        4436 |           4429 |            9023 |
| TV & Internet & OTT    |        3407 |         867 |            865 |            1802 |
| TV & Internet & Voice  |         557 |         160 |            160 |             493 |
| TV & OTT               |         519 |          79 |             77 |              97 |
| TV & Voice             |          94 |          40 |             40 |              85 |
| TV & Voice & OTT       |           3 |           1 |              1 |               2 |
| TV Only                |        8928 |        7091 |           7084 |            7272 |
| Voice Only             |         135 |         133 |            133 |             135 |
| GRAND TOTAL            |       28495 |       17225 |          17165 |           23656 |
+------------------------+-------------+-------------+----------------+-----------------+
15 rows in set (0.00 sec)

+-------------+-------------+-------------+----------------+-----------------+
| network     | activecount | allaccounts | uniqueaccounts | uniquecontracts |
+-------------+-------------+-------------+----------------+-----------------+
| GPON        |       10556 |        5267 |           5264 |            8330 |
| HFC         |       17939 |       11958 |          11958 |           15326 |
| GRAND TOTAL |       28495 |       17225 |          17165 |           23656 |
+-------------+-------------+-------------+----------------+-----------------+
3 rows in set, 1 warning (0.11 sec)

+-------------+------------------------+-------------+-------------+----------------+-----------------+
| network     | services               | activecount | allaccounts | uniqueaccounts | uniquecontracts |
+-------------+------------------------+-------------+-------------+----------------+-----------------+
| GPON        | All                    |         222 |          39 |             39 |             122 |
| GPON        | Internet & Voice       |          76 |          32 |             32 |              66 |
| GPON        | Internet & Voice & OTT |           3 |           1 |              1 |               3 |
| GPON        | Internet Only          |        1243 |        1147 |           1147 |            1173 |
| GPON        | TV & Internet          |        4467 |        1976 |           1976 |            4059 |
| GPON        | TV & Internet & OTT    |        2128 |         533 |            533 |            1115 |
| GPON        | TV & Internet & Voice  |         271 |          72 |             72 |             226 |
| GPON        | TV & OTT               |         273 |          41 |             41 |              47 |
| GPON        | TV & Voice             |          56 |          23 |             23 |              50 |
| GPON        | TV Only                |        1806 |        1393 |           1393 |            1458 |
| GPON        | Voice Only             |          11 |          10 |             10 |              11 |
| GPON        | Services Total         |       10556 |        5267 |           5264 |            8330 |
| HFC         | All                    |         136 |          21 |             21 |              69 |
| HFC         | Internet & OTT         |           4 |           2 |              2 |               2 |
| HFC         | Internet & Voice       |         282 |         129 |            129 |             248 |
| HFC         | Internet Only          |        3066 |        3046 |           3046 |            3063 |
| HFC         | OTT Only               |           1 |           1 |              1 |               1 |
| HFC         | TV & Internet          |        5352 |        2460 |           2460 |            4964 |
| HFC         | TV & Internet & OTT    |        1279 |         334 |            334 |             687 |
| HFC         | TV & Internet & Voice  |         286 |          88 |             88 |             267 |
| HFC         | TV & OTT               |         246 |          38 |             38 |              50 |
| HFC         | TV & Voice             |          38 |          17 |             17 |              35 |
| HFC         | TV & Voice & OTT       |           3 |           1 |              1 |               2 |
| HFC         | TV Only                |        7122 |        5698 |           5698 |            5814 |
| HFC         | Voice Only             |         124 |         123 |            123 |             124 |
| HFC         | Services Total         |       17939 |       11958 |          11958 |           15326 |
| GRAND TOTAL | Services Total         |       28495 |       17225 |          17165 |           23656 |
+-------------+------------------------+-------------+-------------+----------------+-----------------+
27 rows in set, 2 warnings (0.13 sec)

Query OK, 0 rows affected (0.00 sec)

Query OK, 42 rows affected, 3 warnings (0.20 sec)
Records: 42  Duplicates: 0  Warnings: 3

+-------------+---------------+------------------------+-------------+-------------+----------------+-----------------+
| region      | network       | services               | activecount | allaccounts | uniqueaccounts | uniquecontracts |
+-------------+---------------+------------------------+-------------+-------------+----------------+-----------------+
| Mahe        | GPON          | All                    |         192 |          34 |             34 |             107 |
| Mahe        | GPON          | Internet & Voice       |          62 |          25 |             25 |              52 |
| Mahe        | GPON          | Internet & Voice & OTT |           3 |           1 |              1 |               3 |
| Mahe        | GPON          | Internet Only          |        1030 |         934 |            934 |             960 |
| Mahe        | GPON          | TV & Internet          |        3649 |        1610 |           1610 |            3302 |
| Mahe        | GPON          | TV & Internet & OTT    |        1693 |         413 |            413 |             869 |
| Mahe        | GPON          | TV & Internet & Voice  |         252 |          66 |             66 |             207 |
| Mahe        | GPON          | TV & OTT               |         259 |          34 |             34 |              40 |
| Mahe        | GPON          | TV & Voice             |          53 |          22 |             22 |              48 |
| Mahe        | GPON          | TV Only                |        1449 |        1108 |           1108 |            1158 |
| Mahe        | GPON          | Voice Only             |          11 |          10 |             10 |              11 |
| Mahe        | GPON          | Services Total         |        8653 |        4257 |           4257 |            6757 |
| Mahe        | HFC           | All                    |         136 |          21 |             21 |              69 |
| Mahe        | HFC           | Internet & OTT         |           4 |           2 |              2 |               2 |
| Mahe        | HFC           | Internet & Voice       |         282 |         129 |            129 |             248 |
| Mahe        | HFC           | Internet Only          |        3066 |        3046 |           3046 |            3063 |
| Mahe        | HFC           | OTT Only               |           1 |           1 |              1 |               1 |
| Mahe        | HFC           | TV & Internet          |        5350 |        2459 |           2459 |            4962 |
| Mahe        | HFC           | TV & Internet & OTT    |        1279 |         334 |            334 |             687 |
| Mahe        | HFC           | TV & Internet & Voice  |         286 |          88 |             88 |             267 |
| Mahe        | HFC           | TV & OTT               |         246 |          38 |             38 |              50 |
| Mahe        | HFC           | TV & Voice             |          38 |          17 |             17 |              35 |
| Mahe        | HFC           | TV & Voice & OTT       |           3 |           1 |              1 |               2 |
| Mahe        | HFC           | TV Only                |        7119 |        5696 |           5696 |            5812 |
| Mahe        | HFC           | Voice Only             |         124 |         123 |            123 |             124 |
| Mahe        | HFC           | Services Total         |       17934 |       11955 |          11955 |           15322 |
| Mahe        | Network Total | Services Total         |       26587 |       16212 |          16155 |           22079 |
| Praslin     | GPON          | All                    |          30 |           5 |              5 |              15 |
| Praslin     | GPON          | Internet & Voice       |          14 |           7 |              7 |              14 |
| Praslin     | GPON          | Internet Only          |         213 |         213 |            213 |             213 |
| Praslin     | GPON          | TV & Internet          |         818 |         366 |            366 |             757 |
| Praslin     | GPON          | TV & Internet & OTT    |         435 |         120 |            120 |             246 |
| Praslin     | GPON          | TV & Internet & Voice  |          19 |           6 |              6 |              19 |
| Praslin     | GPON          | TV & OTT               |          14 |           7 |              7 |               7 |
| Praslin     | GPON          | TV & Voice             |           3 |           1 |              1 |               2 |
| Praslin     | GPON          | TV Only                |         357 |         285 |            285 |             300 |
| Praslin     | GPON          | Services Total         |        1903 |        1010 |           1010 |            1573 |
| Praslin     | HFC           | TV & Internet          |           2 |           1 |              1 |               2 |
| Praslin     | HFC           | TV Only                |           3 |           2 |              2 |               2 |
| Praslin     | HFC           | Services Total         |           5 |           3 |              3 |               4 |
| Praslin     | Network Total | Services Total         |        1908 |        1013 |           1013 |            1577 |
| GRAND TOTAL | Network Total | Services Total         |       28495 |       17225 |          17165 |           23656 |
+-------------+---------------+------------------------+-------------+-------------+----------------+-----------------+
42 rows in set (0.00 sec)

Query OK, 0 rows affected (0.01 sec)

Query OK, 27775 rows affected (0.43 sec)
Records: 27775  Duplicates: 0  Warnings: 0

Query OK, 0 rows affected (0.01 sec)

Query OK, 2221 rows affected (2.22 sec)
Records: 2221  Duplicates: 0  Warnings: 0

+--------------------------------------+
| message                              |
+--------------------------------------+
| running rcbill_my.sp_ActiveNumber2() |
+--------------------------------------+
1 row in set (0.00 sec)

Query OK, 365 rows affected (1 min 51.60 sec)

mysql> mysql \. C:\workspace\cloud\code\sql\_DailyScript\currenttime.sql
+---------------------+
| currenttime         |
+---------------------+
| 2021-02-15 13:14:41 |
+---------------------+
1 row in set (0.00 sec)

mysql> 
mysql> mysql \. C:\workspace\cloud\code\sql\_DailyScript\GetActiveNumbers Average -Pivot.sql
Database changed
+-------------------------------------+
| @today := subdate(current_date(),1) |
+-------------------------------------+
| 2021-02-14                          |
+-------------------------------------+
1 row in set (0.00 sec)

+-------------------------------------+
| @lastdayofmonth := last_day(@today) |
+-------------------------------------+
| 2021-02-28                          |
+-------------------------------------+
1 row in set (0.00 sec)

Query OK, 0 rows affected (0.01 sec)

Query OK, 45481 rows affected, 65535 warnings (55.78 sec)
Records: 45481  Duplicates: 0  Warnings: 93599

Query OK, 0 rows affected (0.10 sec)
Records: 0  Duplicates: 0  Warnings: 0

Query OK, 0 rows affected (0.12 sec)
Records: 0  Duplicates: 0  Warnings: 0

Query OK, 0 rows affected (0.10 sec)
Records: 0  Duplicates: 0  Warnings: 0

+-----------------+
| activenumberavg |
+-----------------+
|           45481 |
+-----------------+
1 row in set (0.01 sec)

Query OK, 0 rows affected (0.01 sec)

Query OK, 1947 rows affected (0.54 sec)
Records: 1947  Duplicates: 0  Warnings: 0

+---------------------+
| rep_activenumberavg |
+---------------------+
|                1947 |
+---------------------+
1 row in set (0.00 sec)

+----------------------+
| rep_activenumberavg1 |
+----------------------+
|                  908 |
+----------------------+
1 row in set (0.00 sec)

Query OK, 0 rows affected (0.00 sec)

Query OK, 2384 rows affected (0.42 sec)
Records: 2384  Duplicates: 0  Warnings: 0

Query OK, 0 rows affected (0.00 sec)

Query OK, 12249 rows affected (0.77 sec)
Records: 12249  Duplicates: 0  Warnings: 0

Query OK, 0 rows affected (0.00 sec)

Query OK, 0 rows affected (0.01 sec)

Query OK, 0 rows affected (0.01 sec)

Query OK, 0 rows affected (0.01 sec)

Query OK, 0 rows affected (0.00 sec)
Statement prepared

Query OK, 53 rows affected (0.05 sec)
Records: 53  Duplicates: 0  Warnings: 0

Query OK, 0 rows affected (0.01 sec)

Query OK, 0 rows affected (0.01 sec)

+----------------------+
| rep_activenumberavg2 |
+----------------------+
|                 2384 |
+----------------------+
1 row in set (0.01 sec)

+------------------------+
| rep_activenumberavg_pv |
+------------------------+
|                     53 |
+------------------------+
1 row in set (0.01 sec)

Query OK, 0 rows affected (0.01 sec)

Query OK, 2383 rows affected (0.36 sec)
Records: 2383  Duplicates: 0  Warnings: 0

Query OK, 0 rows affected (0.00 sec)

Query OK, 0 rows affected (0.00 sec)

Query OK, 0 rows affected (0.01 sec)

Query OK, 0 rows affected (0.00 sec)

Query OK, 0 rows affected (0.00 sec)
Statement prepared

Query OK, 53 rows affected (0.05 sec)
Records: 53  Duplicates: 0  Warnings: 0

Query OK, 0 rows affected (0.00 sec)

Query OK, 0 rows affected (0.01 sec)

+-------------------------+
| rep_activenumberavgMahe |
+-------------------------+
|                    2383 |
+-------------------------+
1 row in set (0.00 sec)

+----------------------------+
| rep_activenumberavgMahe_pv |
+----------------------------+
|                         53 |
+----------------------------+
1 row in set (0.01 sec)

Query OK, 0 rows affected (0.00 sec)

Query OK, 1512 rows affected (0.16 sec)
Records: 1512  Duplicates: 0  Warnings: 0

Query OK, 0 rows affected (0.00 sec)

Query OK, 0 rows affected (0.01 sec)

Query OK, 0 rows affected (0.01 sec)

Query OK, 0 rows affected (0.00 sec)

Query OK, 0 rows affected (0.00 sec)
Statement prepared

Query OK, 40 rows affected (0.04 sec)
Records: 40  Duplicates: 0  Warnings: 0

Query OK, 0 rows affected (0.00 sec)

Query OK, 0 rows affected (0.00 sec)

+----------------------------+
| rep_activenumberavgPraslin |
+----------------------------+
|                       1512 |
+----------------------------+
1 row in set (0.00 sec)

+-------------------------------+
| rep_activenumberavgPraslin_pv |
+-------------------------------+
|                            40 |
+-------------------------------+
1 row in set (0.01 sec)

mysql> mysql \. C:\workspace\cloud\code\sql\_DailyScript\currenttime.sql
+---------------------+
| currenttime         |
+---------------------+
| 2021-02-15 13:15:40 |
+---------------------+
1 row in set (0.01 sec)

mysql> 
mysql> 
mysql> 
mysql> 
mysql> 
mysql> 
mysql> 
mysql> 
mysql> 
mysql> 
mysql> 
mysql> 
mysql> 
mysql> 
mysql> 
mysql> 
mysql> 
mysql> 
mysql> 
mysql> 
mysql> 
mysql> 
mysql> 
mysql> 
mysql> exit
