    -> 
    -> mysql \. C:\workspace\cloud\code\sql\_DailyScript\_setdates.sql
Query OK, 0 rows affected (0.01 sec)

Query OK, 0 rows affected (1.64 sec)

Database changed
Query OK, 0 rows affected (0.00 sec)

Query OK, 0 rows affected (0.00 sec)

Query OK, 0 rows affected (0.00 sec)

Query OK, 0 rows affected (0.00 sec)

Query OK, 0 rows affected (0.00 sec)

Query OK, 0 rows affected (0.00 sec)

Query OK, 0 rows affected (0.00 sec)

Query OK, 0 rows affected (0.00 sec)

Query OK, 0 rows affected (0.00 sec)

Query OK, 0 rows affected (0.00 sec)

Query OK, 0 rows affected (0.00 sec)

Query OK, 0 rows affected (0.00 sec)

Query OK, 0 rows affected (0.00 sec)

Query OK, 0 rows affected (0.00 sec)

Query OK, 0 rows affected (0.00 sec)

Query OK, 0 rows affected (0.00 sec)

Query OK, 0 rows affected (0.00 sec)

Query OK, 0 rows affected (0.00 sec)

Query OK, 0 rows affected (0.00 sec)

Query OK, 0 rows affected (0.00 sec)

Query OK, 0 rows affected (0.00 sec)

Query OK, 0 rows affected (0.00 sec)

mysql> mysql \. C:\workspace\cloud\code\sql\_DailyScript\currenttime.sql
+---------------------+
| currenttime         |
+---------------------+
| 2021-10-11 09:42:06 |
+---------------------+
1 row in set (0.00 sec)

mysql> 
mysql> mysql \. C:\workspace\cloud\code\sql\_DailyScript\load_RCB_VODTITLES.sql
Database changed
Query OK, 0 rows affected (0.00 sec)

Query OK, 16021 rows affected (0.20 sec)

Query OK, 16023 rows affected, 16023 warnings (0.44 sec)
Records: 16023  Deleted: 0  Skipped: 0  Warnings: 16023

Query OK, 0 rows affected (0.00 sec)

Query OK, 2 rows affected (0.02 sec)

+-----------+
| VODTITLES |
+-----------+
|     16481 |
+-----------+
1 row in set (0.01 sec)

+-----------+-----------+
| titletype | typecount |
+-----------+-----------+
| E         |     13617 |
| N         |       245 |
| T         |      2159 |
| NULL      |     16021 |
+-----------+-----------+
4 rows in set (0.06 sec)

mysql> mysql \. C:\workspace\cloud\code\sql\_DailyScript\currenttime.sql
+---------------------+
| currenttime         |
+---------------------+
| 2021-10-11 09:42:07 |
+---------------------+
1 row in set (0.00 sec)

mysql> 
mysql> mysql \. C:\workspace\cloud\code\sql\_DailyScript\DAILY-SCRIPT-LIVETV-STATS.sql
Database changed
Query OK, 0 rows affected (0.01 sec)

Query OK, 107555 rows affected (5 min 14.28 sec)
Records: 107555  Duplicates: 0  Warnings: 0

+------------+------------+----------+--------------+--------------+-----------+-------------+----------+--------+------+------------+---------+---------------+
| Table      | Non_unique | Key_name | Seq_in_index | Column_name  | Collation | Cardinality | Sub_part | Packed | Null | Index_type | Comment | Index_comment |
+------------+------------+----------+--------------+--------------+-----------+-------------+----------+--------+------+------------+---------+---------------+
| templivetv |          1 | idxtv1   |            1 | device       | A         |      108051 |     NULL | NULL   | YES  | BTREE      |         |               |
| templivetv |          1 | idxtv2   |            1 | sessionstart | A         |      108051 |     NULL | NULL   | YES  | BTREE      |         |               |
+------------+------------+----------+--------------+--------------+-----------+-------------+----------+--------+------+------------+---------+---------------+
2 rows in set (0.01 sec)

Query OK, 107513 rows affected, 65535 warnings (2 min 36.08 sec)
Records: 107513  Duplicates: 0  Warnings: 215026

Query OK, 2544 rows affected (0.80 sec)
Records: 2544  Duplicates: 0  Warnings: 0

Query OK, 0 rows affected (0.00 sec)

Query OK, 0 rows affected (0.00 sec)

Query OK, 126 rows affected (0.04 sec)
Records: 126  Duplicates: 0  Warnings: 0

Query OK, 0 rows affected (0.03 sec)

Query OK, 84410 rows affected (13 min 31.24 sec)
Records: 84410  Duplicates: 0  Warnings: 0

+-----------------+
| rep_livetvstats |
+-----------------+
|           84410 |
+-----------------+
1 row in set (0.03 sec)

mysql> mysql \. C:\workspace\cloud\code\sql\_DailyScript\currenttime.sql
+---------------------+
| currenttime         |
+---------------------+
| 2021-10-11 10:03:30 |
+---------------------+
1 row in set (0.01 sec)

mysql> 
mysql> mysql \. C:\workspace\cloud\code\sql\_DailyScript\DAILY-SCRIPT-VODTS-STATS.sql
Database changed
Query OK, 0 rows affected (0.03 sec)

Query OK, 8268 rows affected (31.06 sec)
Records: 8268  Duplicates: 0  Warnings: 0

+---------+------------+----------+--------------+--------------+-----------+-------------+----------+--------+------+------------+---------+---------------+
| Table   | Non_unique | Key_name | Seq_in_index | Column_name  | Collation | Cardinality | Sub_part | Packed | Null | Index_type | Comment | Index_comment |
+---------+------------+----------+--------------+--------------+-----------+-------------+----------+--------+------+------------+---------+---------------+
| tempvod |          1 | idxtvod1 |            1 | device       | A         |        8373 |     NULL | NULL   | YES  | BTREE      |         |               |
| tempvod |          1 | idxtvod2 |            1 | sessionstart | A         |        8373 |     NULL | NULL   | YES  | BTREE      |         |               |
+---------+------------+----------+--------------+--------------+-----------+-------------+----------+--------+------+------------+---------+---------------+
2 rows in set (0.00 sec)

Query OK, 8281 rows affected (5.38 sec)
Records: 8281  Duplicates: 0  Warnings: 0

Query OK, 0 rows affected (0.04 sec)

Query OK, 1504381 rows affected (2 min 17.88 sec)
Records: 1504381  Duplicates: 0  Warnings: 0

+--------------+
| rep_vodstats |
+--------------+
|      1504381 |
+--------------+
1 row in set (0.45 sec)

Database changed
Query OK, 0 rows affected (0.01 sec)

Query OK, 19269 rows affected (54.66 sec)
Records: 19269  Duplicates: 0  Warnings: 0

+--------+------------+----------+--------------+--------------+-----------+-------------+----------+--------+------+------------+---------+---------------+
| Table  | Non_unique | Key_name | Seq_in_index | Column_name  | Collation | Cardinality | Sub_part | Packed | Null | Index_type | Comment | Index_comment |
+--------+------------+----------+--------------+--------------+-----------+-------------+----------+--------+------+------------+---------+---------------+
| tempts |          1 | idxtts1  |            1 | device       | A         |       19483 |     NULL | NULL   | YES  | BTREE      |         |               |
| tempts |          1 | idxtts2  |            1 | sessionstart | A         |       19483 |     NULL | NULL   | YES  | BTREE      |         |               |
+--------+------------+----------+--------------+--------------+-----------+-------------+----------+--------+------+------------+---------+---------------+
2 rows in set (0.00 sec)

Query OK, 19256 rows affected (17.09 sec)
Records: 19256  Duplicates: 0  Warnings: 0

Query OK, 0 rows affected (0.01 sec)

Query OK, 53429 rows affected (54.27 sec)
Records: 53429  Duplicates: 0  Warnings: 0

+-------------+
| rep_tsstats |
+-------------+
|       53429 |
+-------------+
1 row in set (0.02 sec)

mysql> mysql \. C:\workspace\cloud\code\sql\_DailyScript\currenttime.sql
+---------------------+
| currenttime         |
+---------------------+
| 2021-10-11 10:08:30 |
+---------------------+
1 row in set (0.00 sec)

mysql> 
mysql> mysql \. C:\workspace\cloud\code\sql\_DailyScript\DAILY-SCRIPT-RADIO-STATS.sql
Database changed
Query OK, 0 rows affected (0.03 sec)

Query OK, 463682 rows affected (5.56 sec)
Records: 463682  Duplicates: 0  Warnings: 0

+-----------+------------+----------+--------------+--------------+-----------+-------------+----------+--------+------+------------+---------+---------------+
| Table     | Non_unique | Key_name | Seq_in_index | Column_name  | Collation | Cardinality | Sub_part | Packed | Null | Index_type | Comment | Index_comment |
+-----------+------------+----------+--------------+--------------+-----------+-------------+----------+--------+------+------------+---------+---------------+
| tempradio |          1 | idxtrad1 |            1 | device       | A         |      463704 |     NULL | NULL   | YES  | BTREE      |         |               |
| tempradio |          1 | idxtrad2 |            1 | sessionstart | A         |      463704 |     NULL | NULL   | YES  | BTREE      |         |               |
+-----------+------------+----------+--------------+--------------+-----------+-------------+----------+--------+------+------------+---------+---------------+
2 rows in set (0.00 sec)

Query OK, 1175 rows affected (1.24 sec)
Records: 1175  Duplicates: 0  Warnings: 0

Query OK, 0 rows affected (0.01 sec)

Query OK, 6997 rows affected (0.61 sec)
Records: 6997  Duplicates: 0  Warnings: 0

+----------------+
| rep_radiostats |
+----------------+
|           6997 |
+----------------+
1 row in set (0.01 sec)

mysql> mysql \. C:\workspace\cloud\code\sql\_DailyScript\currenttime.sql
+---------------------+
| currenttime         |
+---------------------+
| 2021-10-11 10:08:38 |
+---------------------+
1 row in set (0.00 sec)

mysql> 
mysql> mysql \. C:\workspace\cloud\code\sql\_DailyScript\DAILY_SCRIPT_TELEMETRY_PIVOT_2021.sql
Query OK, 0 rows affected (0.01 sec)

Query OK, 140 rows affected (0.20 sec)
Records: 140  Duplicates: 0  Warnings: 0

Query OK, 0 rows affected (0.01 sec)

Query OK, 14694 rows affected (3.04 sec)
Records: 14694  Duplicates: 0  Warnings: 0

Query OK, 0 rows affected (0.01 sec)

Query OK, 6 rows affected (0.02 sec)
Records: 6  Duplicates: 0  Warnings: 0

Query OK, 0 rows affected (0.01 sec)

Query OK, 44 rows affected (0.08 sec)
Records: 44  Duplicates: 0  Warnings: 0

mysql> mysql \. C:\workspace\cloud\code\sql\_DailyScript\currenttime.sql
+---------------------+
| currenttime         |
+---------------------+
| 2021-10-11 10:08:41 |
+---------------------+
1 row in set (0.00 sec)

mysql> 
mysql> mysql \. C:\workspace\cloud\code\sql\_DailyScript\telemetry_livetv_ranking2021.sql
Query OK, 0 rows affected (0.01 sec)

Query OK, 140 rows affected (0.03 sec)
Records: 140  Duplicates: 0  Warnings: 0

mysql> mysql \. C:\workspace\cloud\code\sql\_DailyScript\currenttime.sql
+---------------------+
| currenttime         |
+---------------------+
| 2021-10-11 10:08:41 |
+---------------------+
1 row in set (0.00 sec)

mysql> 
mysql> mysql \. C:\workspace\cloud\code\sql\_DailyScript\telemetry_radio_ranking2021.sql
Query OK, 0 rows affected (0.01 sec)

Query OK, 6 rows affected (0.01 sec)
Records: 6  Duplicates: 0  Warnings: 0

mysql> mysql \. C:\workspace\cloud\code\sql\_DailyScript\currenttime.sql
+---------------------+
| currenttime         |
+---------------------+
| 2021-10-11 10:08:41 |
+---------------------+
1 row in set (0.00 sec)

mysql> 
mysql> mysql \. C:\workspace\cloud\code\sql\_DailyScript\telemetry_ts_ranking2021.sql
Query OK, 0 rows affected (0.01 sec)

Query OK, 44 rows affected (0.01 sec)
Records: 44  Duplicates: 0  Warnings: 0

mysql> mysql \. C:\workspace\cloud\code\sql\_DailyScript\currenttime.sql
+---------------------+
| currenttime         |
+---------------------+
| 2021-10-11 10:08:41 |
+---------------------+
1 row in set (0.00 sec)

mysql> 
mysql> mysql \. C:\workspace\cloud\code\sql\_DailyScript\telemetry_vod_ranking2021.sql
Query OK, 0 rows affected (0.01 sec)

Query OK, 14694 rows affected (0.75 sec)
Records: 14694  Duplicates: 0  Warnings: 0

mysql> mysql \. C:\workspace\cloud\code\sql\_DailyScript\currenttime.sql
+---------------------+
| currenttime         |
+---------------------+
| 2021-10-11 10:08:42 |
+---------------------+
1 row in set (0.00 sec)

mysql> 
mysql> mysql \. C:\workspace\cloud\code\sql\_DailyScript\telemetry_vod_ranking2021_1.sql
Query OK, 0 rows affected (0.01 sec)

Query OK, 14694 rows affected (0.34 sec)
Records: 14694  Duplicates: 0  Warnings: 0

mysql> mysql \. C:\workspace\cloud\code\sql\_DailyScript\currenttime.sql
+---------------------+
| currenttime         |
+---------------------+
| 2021-10-11 10:08:43 |
+---------------------+
1 row in set (0.00 sec)

mysql> 
mysql> mysql \. C:\workspace\cloud\code\sql\_DailyScript\telemetry_vod_ranking2021_2.sql
Query OK, 0 rows affected (0.01 sec)

Query OK, 14694 rows affected (0.34 sec)
Records: 14694  Duplicates: 0  Warnings: 0

mysql> mysql \. C:\workspace\cloud\code\sql\_DailyScript\currenttime.sql
+---------------------+
| currenttime         |
+---------------------+
| 2021-10-11 10:08:43 |
+---------------------+
1 row in set (0.00 sec)

mysql> 
mysql> 
mysql> 
mysql> 
mysql> mysql \. C:\workspace\cloud\code\sql\_DailyScript\ticket_analysis.sql
Database changed
Query OK, 0 rows affected (0.12 sec)

Query OK, 884712 rows affected (31.05 sec)
Records: 884712  Duplicates: 0  Warnings: 0

Query OK, 0 rows affected (3.50 sec)
Records: 0  Duplicates: 0  Warnings: 0

Query OK, 0 rows affected (1.90 sec)
Records: 0  Duplicates: 0  Warnings: 0

Query OK, 0 rows affected (1.69 sec)
Records: 0  Duplicates: 0  Warnings: 0

Query OK, 0 rows affected (0.02 sec)

Query OK, 27673 rows affected (14.55 sec)
Records: 27673  Duplicates: 0  Warnings: 0

Query OK, 0 rows affected, 1 warning (0.00 sec)

Query OK, 129283 rows affected (9.43 sec)
Records: 129283  Duplicates: 0  Warnings: 0

Query OK, 0 rows affected, 1 warning (0.00 sec)

Query OK, 653262 rows affected (17.91 sec)
Records: 653262  Duplicates: 0  Warnings: 0

Query OK, 0 rows affected, 1 warning (0.00 sec)

Query OK, 653262 rows affected (17.84 sec)
Records: 653262  Duplicates: 0  Warnings: 0

Query OK, 0 rows affected (0.03 sec)

Query OK, 129410 rows affected (5.12 sec)
Records: 129410  Duplicates: 0  Warnings: 0

Database changed
Query OK, 0 rows affected (0.00 sec)

Query OK, 0 rows affected (0.02 sec)

Query OK, 884712 rows affected (29.66 sec)
Records: 884712  Duplicates: 0  Warnings: 0

Query OK, 0 rows affected (0.04 sec)

Query OK, 458293 rows affected (19.42 sec)
Records: 458293  Duplicates: 0  Warnings: 0

+--------------------------+
| clientticket_cmmtjourney |
+--------------------------+
|                   884712 |
+--------------------------+
1 row in set (1.90 sec)

+---------------------------+
| clientticket_assgnjourney |
+---------------------------+
|                    458293 |
+---------------------------+
1 row in set (3.11 sec)

Query OK, 0 rows affected (0.01 sec)

Query OK, 90 rows affected (0.11 sec)
Records: 90  Duplicates: 0  Warnings: 0

mysql> mysql \. C:\workspace\cloud\code\sql\_DailyScript\currenttime.sql
+---------------------+
| currenttime         |
+---------------------+
| 2021-10-11 10:11:20 |
+---------------------+
1 row in set (0.00 sec)

mysql> 
mysql> mysql \. C:\workspace\cloud\code\sql\_DailyScript\load_DailyCalls.sql
Database changed
ERROR 2 (HY000): File 'C:\ProgramData\MySQL\MySQL Server 5.7\Uploads\CC\distribution_detail-CC-09102021.csv' not found (Errcode: 2 - No such file or directory)
Query OK, 0 rows affected, 1 warning (0.00 sec)

Query OK, 0 rows affected (0.04 sec)
Records: 0  Duplicates: 0  Warnings: 0

Query OK, 0 rows affected, 1 warning (0.00 sec)

Query OK, 70552 rows affected (0.34 sec)
Records: 70552  Duplicates: 0  Warnings: 0

+----------------------+
| callingclientsbefore |
+----------------------+
|              1287281 |
+----------------------+
1 row in set (0.52 sec)

Query OK, 0 rows affected (0.00 sec)
Records: 0  Duplicates: 0  Warnings: 0

+---------------------+
| callingclientsafter |
+---------------------+
|             1287281 |
+---------------------+
1 row in set (0.34 sec)

Query OK, 0 rows affected (0.01 sec)

Query OK, 0 rows affected (4.33 sec)
Records: 0  Duplicates: 0  Warnings: 0

Query OK, 0 rows affected (0.01 sec)

Query OK, 25042 rows affected (4.19 sec)
Records: 25042  Duplicates: 0  Warnings: 0

+-----------+
| callstats |
+-----------+
|     25042 |
+-----------+
1 row in set (0.01 sec)

Query OK, 0 rows affected, 1 warning (0.00 sec)

Query OK, 0 rows affected (2.89 sec)
Records: 0  Duplicates: 0  Warnings: 0

+------------------------+
| rep_cccallreportbefore |
+------------------------+
|                1288932 |
+------------------------+
1 row in set (0.36 sec)

Query OK, 0 rows affected (0.00 sec)
Records: 0  Duplicates: 0  Warnings: 0

+-----------------------+
| rep_cccallreportafter |
+-----------------------+
|               1288932 |
+-----------------------+
1 row in set (0.35 sec)

Query OK, 0 rows affected (0.01 sec)

mysql> mysql \. C:\workspace\cloud\code\sql\_DailyScript\currenttime.sql
+---------------------+
| currenttime         |
+---------------------+
| 2021-10-11 10:11:34 |
+---------------------+
1 row in set (0.00 sec)

mysql> 
mysql> mysql \. C:\workspace\cloud\code\sql\_DailyScript\DAILY-SCRIPT-USAGE.sql
Database changed
Query OK, 0 rows affected (0.00 sec)

Query OK, 4611 rows affected, 13458 warnings (1.10 sec)
Records: 4611  Deleted: 0  Skipped: 0  Warnings: 13458

Query OK, 0 rows affected (0.00 sec)

Query OK, 7332 rows affected, 21240 warnings (1.35 sec)
Records: 7332  Deleted: 0  Skipped: 0  Warnings: 21240

Query OK, 0 rows affected (0.00 sec)

Query OK, 341 rows affected, 1208 warnings (0.07 sec)
Records: 341  Deleted: 0  Skipped: 0  Warnings: 1208

Query OK, 0 rows affected (0.00 sec)

Query OK, 157 rows affected, 528 warnings (0.07 sec)
Records: 157  Deleted: 0  Skipped: 0  Warnings: 528

+------------+
| dailyusage |
+------------+
|   19202961 |
+------------+
1 row in set (7.83 sec)

+------------+------------+------------+---------+
| datestart  | dateend    | insertedon | records |
+------------+------------+------------+---------+
| 2021-10-09 | 2021-10-09 | 2021-10-11 |   12441 |
| 2021-10-08 | 2021-10-08 | 2021-10-11 |   12524 |
| 2021-10-07 | 2021-10-07 | 2021-10-08 |   12170 |
| 2021-10-06 | 2021-10-06 | 2021-10-07 |   12456 |
| 2021-10-05 | 2021-10-05 | 2021-10-06 |   11813 |
+------------+------------+------------+---------+
5 rows in set (41.04 sec)

+----------+------------+------------+------------+---------+
| category | datestart  | dateend    | insertedon | records |
+----------+------------+------------+------------+---------+
| UNCAPPED | 2021-10-09 | 2021-10-09 | 2021-10-11 |    7332 |
| PREPAID  | 2021-10-09 | 2021-10-09 | 2021-10-11 |     341 |
| HOTSPOT  | 2021-10-09 | 2021-10-09 | 2021-10-11 |     157 |
| CAPPED   | 2021-10-09 | 2021-10-09 | 2021-10-11 |    4611 |
| UNCAPPED | 2021-10-08 | 2021-10-08 | 2021-10-11 |    7436 |
| PREPAID  | 2021-10-08 | 2021-10-08 | 2021-10-11 |     328 |
| HOTSPOT  | 2021-10-08 | 2021-10-08 | 2021-10-11 |     193 |
| CAPPED   | 2021-10-08 | 2021-10-08 | 2021-10-11 |    4567 |
| UNCAPPED | 2021-10-07 | 2021-10-07 | 2021-10-08 |    7259 |
| PREPAID  | 2021-10-07 | 2021-10-07 | 2021-10-08 |     311 |
| HOTSPOT  | 2021-10-07 | 2021-10-07 | 2021-10-08 |     185 |
| CAPPED   | 2021-10-07 | 2021-10-07 | 2021-10-08 |    4415 |
| UNCAPPED | 2021-10-06 | 2021-10-06 | 2021-10-07 |    7383 |
| PREPAID  | 2021-10-06 | 2021-10-06 | 2021-10-07 |     327 |
| HOTSPOT  | 2021-10-06 | 2021-10-06 | 2021-10-07 |     203 |
| CAPPED   | 2021-10-06 | 2021-10-06 | 2021-10-07 |    4543 |
| UNCAPPED | 2021-10-05 | 2021-10-05 | 2021-10-06 |    7023 |
| PREPAID  | 2021-10-05 | 2021-10-05 | 2021-10-06 |     304 |
| HOTSPOT  | 2021-10-05 | 2021-10-05 | 2021-10-06 |     174 |
| CAPPED   | 2021-10-05 | 2021-10-05 | 2021-10-06 |    4312 |
+----------+------------+------------+------------+---------+
20 rows in set (29.95 sec)

mysql> mysql \. C:\workspace\cloud\code\sql\_DailyScript\currenttime.sql
+---------------------+
| currenttime         |
+---------------------+
| 2021-10-11 10:12:55 |
+---------------------+
1 row in set (0.00 sec)

mysql> 
mysql> mysql \. C:\workspace\cloud\code\sql\_DailyScript\DAILY-SCRIPT-SALES-TELEMETRY.sql
Database changed
Query OK, 47 rows affected, 18 warnings (0.04 sec)
Records: 47  Deleted: 0  Skipped: 0  Warnings: 18

+------------+
| dailysales |
+------------+
|     249481 |
+------------+
1 row in set (0.25 sec)

Query OK, 0 rows affected (0.01 sec)

Query OK, 249481 rows affected (17.57 sec)
Records: 249481  Duplicates: 0  Warnings: 0

+--------+
| sales  |
+--------+
| 249481 |
+--------+
1 row in set (0.11 sec)

Query OK, 0 rows affected (0.01 sec)

Query OK, 4146 rows affected (0.43 sec)
Records: 4146  Duplicates: 0  Warnings: 0

+----------------+
| rep_dailysales |
+----------------+
|           4146 |
+----------------+
1 row in set (0.00 sec)

Query OK, 0 rows affected (0.01 sec)

Query OK, 4146 rows affected (0.67 sec)
Records: 4146  Duplicates: 0  Warnings: 0

+-------------------+
| rep_dailysalesreg |
+-------------------+
|              4146 |
+-------------------+
1 row in set (0.00 sec)

Query OK, 0 rows affected (0.01 sec)

Query OK, 2986 rows affected (0.79 sec)
Records: 2986  Duplicates: 0  Warnings: 0

+-----------+
| saleslist |
+-----------+
|      2986 |
+-----------+
1 row in set (0.00 sec)

Database changed
ERROR 2 (HY000): File 'C:\ProgramData\MySQL\MySQL Server 5.7\Uploads\_csv\PrepaidCardSales-09102021-P1.csv' not found (Errcode: 2 - No such file or directory)
+------------------+
| dailysinglesales |
+------------------+
|             6611 |
+------------------+
1 row in set (0.01 sec)

Database changed
Query OK, 12 rows affected (0.07 sec)
Records: 12  Deleted: 0  Skipped: 0  Warnings: 0

+-----------------+
| dailyaddonsales |
+-----------------+
|           25409 |
+-----------------+
1 row in set (0.05 sec)

Query OK, 221 rows affected (0.09 sec)
Records: 221  Deleted: 0  Skipped: 0  Warnings: 0

+----------------+
| onlinepayments |
+----------------+
|         230028 |
+----------------+
1 row in set (0.16 sec)

+-------------+----------------+---------------------+
| paymentdate | onlinepayments | onlinepaymentamount |
+-------------+----------------+---------------------+
| 2021-10-09  |            221 |        136305.58000 |
| 2021-10-08  |            174 |        111676.36000 |
| 2021-10-07  |            259 |        163328.56000 |
| 2021-10-06  |            241 |        161345.64000 |
| 2021-10-05  |            219 |        132411.02000 |
+-------------+----------------+---------------------+
5 rows in set (0.72 sec)

+-------------+--------------+----------------+---------------------+
| paymentyear | paymentmonth | onlinepayments | onlinepaymentamount |
+-------------+--------------+----------------+---------------------+
|        2021 |           10 |           2518 |       1657269.09000 |
|        2021 |            9 |           8803 |       5663928.71000 |
|        2021 |            8 |           8864 |       5714008.87000 |
|        2021 |            7 |           8972 |       5795292.15000 |
|        2021 |            6 |           8773 |       5686976.03000 |
+-------------+--------------+----------------+---------------------+
5 rows in set (0.24 sec)

mysql> mysql \. C:\workspace\cloud\code\sql\_DailyScript\currenttime.sql
+---------------------+
| currenttime         |
+---------------------+
| 2021-10-11 10:13:16 |
+---------------------+
1 row in set (0.01 sec)

mysql> 
mysql> mysql \. C:\workspace\cloud\code\sql\_DailyScript\DAILY-SCRIPT-ACTIVENUMBERS.sql
Database changed
Query OK, 1102 rows affected (0.55 sec)
Records: 1102  Deleted: 0  Skipped: 0  Warnings: 0

+------------+----------+
| period     | count(1) |
+------------+----------+
| 2021-10-09 |     1102 |
| 2021-10-08 |     1102 |
| 2021-10-07 |     1101 |
| 2021-10-06 |     1101 |
| 2021-10-05 |     1100 |
+------------+----------+
5 rows in set (0.01 sec)

Query OK, 0 rows affected (0.01 sec)

Query OK, 75 rows affected (1.42 sec)
Records: 75  Duplicates: 0  Warnings: 0

+-------------+
| packagelist |
+-------------+
|          75 |
+-------------+
1 row in set (0.00 sec)

Database changed
Query OK, 0 rows affected (0.00 sec)

Query OK, 0 rows affected (0.00 sec)

Query OK, 0 rows affected (0.00 sec)

Query OK, 0 rows affected (0.00 sec)

Query OK, 28857 rows affected, 215 warnings (17.35 sec)
Records: 28857  Deleted: 0  Skipped: 0  Warnings: 215

+------------+----------+
| period     | count(1) |
+------------+----------+
| 2021-10-09 |    28857 |
| 2021-10-08 |    28929 |
| 2021-10-07 |    28905 |
| 2021-10-06 |    28897 |
| 2021-10-05 |    28919 |
+------------+----------+
5 rows in set (0.07 sec)

Query OK, 0 rows affected (0.06 sec)

Query OK, 28295 rows affected (51.81 sec)
Records: 28295  Duplicates: 0  Warnings: 0

Query OK, 0 rows affected (0.12 sec)
Records: 0  Duplicates: 0  Warnings: 0

Query OK, 0 rows affected (0.11 sec)
Records: 0  Duplicates: 0  Warnings: 0

Query OK, 0 rows affected (0.10 sec)
Records: 0  Duplicates: 0  Warnings: 0

Query OK, 0 rows affected (0.09 sec)
Records: 0  Duplicates: 0  Warnings: 0

Query OK, 0 rows affected (0.07 sec)
Records: 0  Duplicates: 0  Warnings: 0

Query OK, 0 rows affected (0.08 sec)
Records: 0  Duplicates: 0  Warnings: 0

+-------------+
| countbefore |
+-------------+
|    50004839 |
+-------------+
1 row in set (21.87 sec)

Query OK, 28295 rows affected (5.11 sec)
Records: 28295  Duplicates: 0  Warnings: 0

+------------+
| countafter |
+------------+
|   50033134 |
+------------+
1 row in set (18.43 sec)

+------------+--------------------------+
| period     | customercontractactivity |
+------------+--------------------------+
| 2021-10-09 |                    28295 |
| 2021-10-08 |                    28367 |
| 2021-10-07 |                    28343 |
| 2021-10-06 |                    28334 |
| 2021-10-05 |                    28357 |
+------------+--------------------------+
5 rows in set (0.06 sec)

Query OK, 0 rows affected (0.02 sec)

Query OK, 319542 rows affected, 4 warnings (9 min 48.30 sec)
Records: 319542  Duplicates: 0  Warnings: 4

Query OK, 0 rows affected (1.10 sec)
Records: 0  Duplicates: 0  Warnings: 0

Query OK, 0 rows affected (1.33 sec)
Records: 0  Duplicates: 0  Warnings: 0

Query OK, 0 rows affected (1.23 sec)
Records: 0  Duplicates: 0  Warnings: 0

Query OK, 0 rows affected (0.01 sec)

Query OK, 230 rows affected (0.51 sec)
Records: 230  Duplicates: 0  Warnings: 0

Query OK, 0 rows affected (0.01 sec)

Query OK, 2549 rows affected (0.68 sec)
Records: 2549  Duplicates: 0  Warnings: 0

Query OK, 0 rows affected (0.01 sec)

Query OK, 28271 rows affected (0.58 sec)
Records: 28271  Duplicates: 0  Warnings: 0

Query OK, 0 rows affected (0.01 sec)

Query OK, 17059 rows affected (0.39 sec)
Records: 17059  Duplicates: 0  Warnings: 0

Query OK, 0 rows affected (0.01 sec)

Query OK, 17059 rows affected (0.14 sec)
Records: 17059  Duplicates: 0  Warnings: 0

Query OK, 0 rows affected (0.01 sec)

Query OK, 17059 rows affected (1.26 sec)
Records: 17059  Duplicates: 0  Warnings: 0

Query OK, 0 rows affected (0.01 sec)

Query OK, 17059 rows affected (44.90 sec)
Records: 17059  Duplicates: 0  Warnings: 0

+-------------+
| clientstats |
+-------------+
|       17059 |
+-------------+
1 row in set (0.01 sec)

Query OK, 0 rows affected (0.01 sec)

Query OK, 13 rows affected, 1 warning (0.13 sec)
Records: 13  Duplicates: 0  Warnings: 1

+-----------------------+-------------+-------------+----------------+-----------------+
| services              | activecount | allaccounts | uniqueaccounts | uniquecontracts |
+-----------------------+-------------+-------------+----------------+-----------------+
| All                   |         437 |          71 |             71 |             228 |
| Internet & OTT        |           4 |           2 |              2 |               2 |
| Internet & Voice      |         317 |         139 |            139 |             273 |
| Internet Only         |        4365 |        4266 |           4261 |            4306 |
| OTT Only              |           1 |           1 |              1 |               1 |
| TV & Internet         |        9787 |        4386 |           4372 |            8934 |
| TV & Internet & OTT   |        4432 |        1158 |           1155 |            2408 |
| TV & Internet & Voice |         553 |         159 |            159 |             489 |
| TV & OTT              |         340 |          84 |             82 |              93 |
| TV & Voice            |          88 |          39 |             39 |              81 |
| TV Only               |        8438 |        6634 |           6629 |            6830 |
| Voice Only            |         122 |         120 |            120 |             122 |
| GRAND TOTAL           |       28884 |       17059 |          16978 |           23767 |
+-----------------------+-------------+-------------+----------------+-----------------+
13 rows in set (0.01 sec)

+-------------+-------------+-------------+----------------+-----------------+
| network     | activecount | allaccounts | uniqueaccounts | uniquecontracts |
+-------------+-------------+-------------+----------------+-----------------+
| GPON        |       13067 |        6496 |           6493 |           10307 |
| HFC         |       15817 |       10563 |          10563 |           13460 |
| GRAND TOTAL |       28884 |       17059 |          16978 |           23767 |
+-------------+-------------+-------------+----------------+-----------------+
3 rows in set, 1 warning (0.14 sec)

+-------------+-----------------------+-------------+-------------+----------------+-----------------+
| network     | services              | activecount | allaccounts | uniqueaccounts | uniquecontracts |
+-------------+-----------------------+-------------+-------------+----------------+-----------------+
| GPON        | All                   |         312 |          55 |             55 |             174 |
| GPON        | Internet & Voice      |          81 |          33 |             33 |              70 |
| GPON        | Internet Only         |        1578 |        1496 |           1496 |            1520 |
| GPON        | TV & Internet         |        5240 |        2304 |           2304 |            4719 |
| GPON        | TV & Internet & OTT   |        3289 |         857 |            857 |            1790 |
| GPON        | TV & Internet & Voice |         295 |          81 |             81 |             252 |
| GPON        | TV & OTT              |         159 |          54 |             54 |              55 |
| GPON        | TV & Voice            |          60 |          26 |             26 |              55 |
| GPON        | TV Only               |        2039 |        1577 |           1577 |            1658 |
| GPON        | Voice Only            |          14 |          13 |             13 |              14 |
| GPON        | Services Total        |       13067 |        6496 |           6493 |           10307 |
| HFC         | All                   |         125 |          16 |             16 |              54 |
| HFC         | Internet & OTT        |           4 |           2 |              2 |               2 |
| HFC         | Internet & Voice      |         236 |         106 |            106 |             203 |
| HFC         | Internet Only         |        2787 |        2770 |           2770 |            2786 |
| HFC         | OTT Only              |           1 |           1 |              1 |               1 |
| HFC         | TV & Internet         |        4547 |        2082 |           2082 |            4215 |
| HFC         | TV & Internet & OTT   |        1143 |         301 |            301 |             618 |
| HFC         | TV & Internet & Voice |         258 |          78 |             78 |             237 |
| HFC         | TV & OTT              |         181 |          30 |             30 |              38 |
| HFC         | TV & Voice            |          28 |          13 |             13 |              26 |
| HFC         | TV Only               |        6399 |        5057 |           5057 |            5172 |
| HFC         | Voice Only            |         108 |         107 |            107 |             108 |
| HFC         | Services Total        |       15817 |       10563 |          10563 |           13460 |
| GRAND TOTAL | Services Total        |       28884 |       17059 |          16978 |           23767 |
+-------------+-----------------------+-------------+-------------+----------------+-----------------+
25 rows in set, 2 warnings (0.16 sec)

Query OK, 0 rows affected (0.01 sec)

Query OK, 39 rows affected, 3 warnings (0.20 sec)
Records: 39  Duplicates: 0  Warnings: 3

+-------------+---------------+-----------------------+-------------+-------------+----------------+-----------------+
| region      | network       | services              | activecount | allaccounts | uniqueaccounts | uniquecontracts |
+-------------+---------------+-----------------------+-------------+-------------+----------------+-----------------+
| Mahe        | GPON          | All                   |         271 |          48 |             48 |             152 |
| Mahe        | GPON          | Internet & Voice      |          69 |          27 |             27 |              58 |
| Mahe        | GPON          | Internet Only         |        1339 |        1257 |           1257 |            1281 |
| Mahe        | GPON          | TV & Internet         |        4467 |        1959 |           1959 |            4005 |
| Mahe        | GPON          | TV & Internet & OTT   |        2727 |         695 |            695 |            1456 |
| Mahe        | GPON          | TV & Internet & Voice |         282 |          77 |             77 |             239 |
| Mahe        | GPON          | TV & OTT              |         139 |          47 |             47 |              48 |
| Mahe        | GPON          | TV & Voice            |          57 |          25 |             25 |              52 |
| Mahe        | GPON          | TV Only               |        1697 |        1309 |           1309 |            1377 |
| Mahe        | GPON          | Voice Only            |          14 |          13 |             13 |              14 |
| Mahe        | GPON          | Services Total        |       11062 |        5457 |           5457 |            8682 |
| Mahe        | HFC           | All                   |         125 |          16 |             16 |              54 |
| Mahe        | HFC           | Internet & OTT        |           4 |           2 |              2 |               2 |
| Mahe        | HFC           | Internet & Voice      |         236 |         106 |            106 |             203 |
| Mahe        | HFC           | Internet Only         |        2787 |        2770 |           2770 |            2786 |
| Mahe        | HFC           | OTT Only              |           1 |           1 |              1 |               1 |
| Mahe        | HFC           | TV & Internet         |        4547 |        2082 |           2082 |            4215 |
| Mahe        | HFC           | TV & Internet & OTT   |        1143 |         301 |            301 |             618 |
| Mahe        | HFC           | TV & Internet & Voice |         258 |          78 |             78 |             237 |
| Mahe        | HFC           | TV & OTT              |         181 |          30 |             30 |              38 |
| Mahe        | HFC           | TV & Voice            |          28 |          13 |             13 |              26 |
| Mahe        | HFC           | TV Only               |        6397 |        5055 |           5055 |            5170 |
| Mahe        | HFC           | Voice Only            |         108 |         107 |            107 |             108 |
| Mahe        | HFC           | Services Total        |       15815 |       10561 |          10561 |           13458 |
| Mahe        | Network Total | Services Total        |       26877 |       16018 |          15940 |           22140 |
| Praslin     | GPON          | All                   |          41 |           7 |              7 |              22 |
| Praslin     | GPON          | Internet & Voice      |          12 |           6 |              6 |              12 |
| Praslin     | GPON          | Internet Only         |         239 |         239 |            239 |             239 |
| Praslin     | GPON          | TV & Internet         |         773 |         345 |            345 |             714 |
| Praslin     | GPON          | TV & Internet & OTT   |         562 |         162 |            162 |             334 |
| Praslin     | GPON          | TV & Internet & Voice |          13 |           4 |              4 |              13 |
| Praslin     | GPON          | TV & OTT              |          20 |           7 |              7 |               7 |
| Praslin     | GPON          | TV & Voice            |           3 |           1 |              1 |               3 |
| Praslin     | GPON          | TV Only               |         342 |         268 |            268 |             281 |
| Praslin     | GPON          | Services Total        |        2005 |        1039 |           1039 |            1625 |
| Praslin     | HFC           | TV Only               |           2 |           2 |              2 |               2 |
| Praslin     | HFC           | Services Total        |           2 |           2 |              2 |               2 |
| Praslin     | Network Total | Services Total        |        2007 |        1041 |           1041 |            1627 |
| GRAND TOTAL | Network Total | Services Total        |       28884 |       17059 |          16978 |           23767 |
+-------------+---------------+-----------------------+-------------+-------------+----------------+-----------------+
39 rows in set (0.01 sec)

Query OK, 0 rows affected (0.01 sec)

Query OK, 28272 rows affected (0.48 sec)
Records: 28272  Duplicates: 0  Warnings: 0

Query OK, 0 rows affected (0.01 sec)

Query OK, 2340 rows affected (1.80 sec)
Records: 2340  Duplicates: 0  Warnings: 0

+--------------------------------------+
| message                              |
+--------------------------------------+
| running rcbill_my.sp_ActiveNumber2() |
+--------------------------------------+
1 row in set (0.00 sec)

Query OK, 365 rows affected (2 min 23.20 sec)

mysql> mysql \. C:\workspace\cloud\code\sql\_DailyScript\currenttime.sql
+---------------------+
| currenttime         |
+---------------------+
| 2021-10-11 10:28:21 |
+---------------------+
1 row in set (0.00 sec)

mysql> 
mysql> mysql \. C:\workspace\cloud\code\sql\_DailyScript\GetActiveNumbers Average -Pivot.sql
Database changed
+-------------------------------------+
| @today := subdate(current_date(),1) |
+-------------------------------------+
| 2021-10-10                          |
+-------------------------------------+
1 row in set (0.00 sec)

+-------------------------------------+
| @lastdayofmonth := last_day(@today) |
+-------------------------------------+
| 2021-10-31                          |
+-------------------------------------+
1 row in set (0.00 sec)

Query OK, 0 rows affected (0.01 sec)

Query OK, 51208 rows affected, 65535 warnings (1 min 6.93 sec)
Records: 51208  Duplicates: 0  Warnings: 103611

Query OK, 0 rows affected (0.12 sec)
Records: 0  Duplicates: 0  Warnings: 0

Query OK, 0 rows affected (0.15 sec)
Records: 0  Duplicates: 0  Warnings: 0

Query OK, 0 rows affected (0.13 sec)
Records: 0  Duplicates: 0  Warnings: 0

+-----------------+
| activenumberavg |
+-----------------+
|           51208 |
+-----------------+
1 row in set (0.02 sec)

Query OK, 0 rows affected (0.01 sec)

Query OK, 1989 rows affected (0.60 sec)
Records: 1989  Duplicates: 0  Warnings: 0

+---------------------+
| rep_activenumberavg |
+---------------------+
|                1989 |
+---------------------+
1 row in set (0.00 sec)

+----------------------+
| rep_activenumberavg1 |
+----------------------+
|                  926 |
+----------------------+
1 row in set (0.00 sec)

Query OK, 0 rows affected (0.01 sec)

Query OK, 2708 rows affected (0.50 sec)
Records: 2708  Duplicates: 0  Warnings: 0

Query OK, 0 rows affected (0.01 sec)

Query OK, 13998 rows affected (0.91 sec)
Records: 13998  Duplicates: 0  Warnings: 0

Query OK, 0 rows affected (0.01 sec)

Query OK, 242 rows affected (0.29 sec)
Records: 242  Duplicates: 0  Warnings: 0

Query OK, 0 rows affected (0.00 sec)

Query OK, 0 rows affected (0.01 sec)

Query OK, 0 rows affected (0.01 sec)

Query OK, 0 rows affected (0.01 sec)

Query OK, 0 rows affected (0.00 sec)
Statement prepared

Query OK, 53 rows affected (0.06 sec)
Records: 53  Duplicates: 0  Warnings: 0

Query OK, 0 rows affected (0.01 sec)

Query OK, 0 rows affected (0.01 sec)

+----------------------+
| rep_activenumberavg2 |
+----------------------+
|                 2708 |
+----------------------+
1 row in set (0.01 sec)

+------------------------+
| rep_activenumberavg_pv |
+------------------------+
|                     53 |
+------------------------+
1 row in set (0.01 sec)

Query OK, 0 rows affected (0.01 sec)

Query OK, 2705 rows affected (0.40 sec)
Records: 2705  Duplicates: 0  Warnings: 0

Query OK, 0 rows affected (0.01 sec)

Query OK, 0 rows affected (0.01 sec)

Query OK, 0 rows affected (0.01 sec)

Query OK, 0 rows affected (0.01 sec)

Query OK, 0 rows affected (0.01 sec)
Statement prepared

Query OK, 53 rows affected (0.06 sec)
Records: 53  Duplicates: 0  Warnings: 0

Query OK, 0 rows affected (0.01 sec)

Query OK, 0 rows affected (0.00 sec)

+-------------------------+
| rep_activenumberavgMahe |
+-------------------------+
|                    2705 |
+-------------------------+
1 row in set (0.00 sec)

+----------------------------+
| rep_activenumberavgMahe_pv |
+----------------------------+
|                         53 |
+----------------------------+
1 row in set (0.00 sec)

Query OK, 0 rows affected (0.01 sec)

Query OK, 1711 rows affected (0.19 sec)
Records: 1711  Duplicates: 0  Warnings: 0

Query OK, 0 rows affected (0.01 sec)

Query OK, 0 rows affected (0.01 sec)

Query OK, 0 rows affected (0.01 sec)

Query OK, 0 rows affected (0.01 sec)

Query OK, 0 rows affected (0.01 sec)
Statement prepared

Query OK, 40 rows affected (0.04 sec)
Records: 40  Duplicates: 0  Warnings: 0

Query OK, 0 rows affected (0.00 sec)

Query OK, 0 rows affected (0.00 sec)

+----------------------------+
| rep_activenumberavgPraslin |
+----------------------------+
|                       1711 |
+----------------------------+
1 row in set (0.00 sec)

+-------------------------------+
| rep_activenumberavgPraslin_pv |
+-------------------------------+
|                            40 |
+-------------------------------+
1 row in set (0.00 sec)

mysql> mysql \. C:\workspace\cloud\code\sql\_DailyScript\currenttime.sql
+---------------------+
| currenttime         |
+---------------------+
| 2021-10-11 10:29:31 |
+---------------------+
1 row in set (0.00 sec)

mysql> 
mysql> mysql \. C:\workspace\cloud\code\sql\Analysis\clients_contracts_creditpolicy_2.sql
Database changed
Query OK, 0 rows affected (0.01 sec)

Query OK, 1901924 rows affected (46.66 sec)
Records: 1901924  Duplicates: 0  Warnings: 0

Query OK, 0 rows affected (0.01 sec)

Query OK, 28295 rows affected (1.07 sec)
Records: 28295  Duplicates: 0  Warnings: 0

Query OK, 0 rows affected (0.02 sec)

Query OK, 28364 rows affected (8.42 sec)
Records: 28364  Duplicates: 0  Warnings: 0

+-------------------------+
| rep_cust_cont_creditpol |
+-------------------------+
|                   28364 |
+-------------------------+
1 row in set (0.01 sec)

mysql> mysql \. C:\workspace\cloud\code\sql\_DailyScript\currenttime.sql
+---------------------+
| currenttime         |
+---------------------+
| 2021-10-11 10:30:28 |
+---------------------+
1 row in set (0.00 sec)

mysql> 
mysql> 
mysql> 
mysql> 
mysql> 
mysql> 
mysql> 
mysql> 
mysql> 
mysql> 
mysql> 
mysql> 
mysql> 
mysql> 
mysql> 
mysql> 
mysql> 
mysql> 
mysql> 
mysql> 
mysql> 
mysql> 
mysql> 
mysql> 
mysql> 
mysql> 
mysql> 
mysql> exit
