    -> 
    -> mysql \. C:\workspace\cloud\code\sql\_DailyScript\_setdates.sql
Database changed
Query OK, 0 rows affected (0.00 sec)

Query OK, 0 rows affected (0.00 sec)

Query OK, 0 rows affected (0.00 sec)

Query OK, 0 rows affected (0.00 sec)

Query OK, 0 rows affected (0.00 sec)

Query OK, 0 rows affected (0.00 sec)

Query OK, 0 rows affected (0.00 sec)

Query OK, 0 rows affected (0.00 sec)

Query OK, 0 rows affected (0.00 sec)

Query OK, 0 rows affected (0.00 sec)

Query OK, 0 rows affected (0.00 sec)

Query OK, 0 rows affected (0.00 sec)

Query OK, 0 rows affected (0.00 sec)

Query OK, 0 rows affected (0.00 sec)

Query OK, 0 rows affected (0.00 sec)

Query OK, 0 rows affected (0.00 sec)

Query OK, 0 rows affected (0.00 sec)

Query OK, 0 rows affected (0.00 sec)

Query OK, 0 rows affected (0.00 sec)

Query OK, 0 rows affected (0.00 sec)

Query OK, 0 rows affected (0.00 sec)

mysql> mysql \. C:\workspace\cloud\code\sql\_DailyScript\currenttime.sql
+---------------------+
| currenttime         |
+---------------------+
| 2021-04-26 05:39:52 |
+---------------------+
1 row in set (0.00 sec)

mysql> 
mysql> mysql \. C:\workspace\cloud\code\sql\_DailyScript\load_RCB_VODTITLES.sql
Database changed
Query OK, 0 rows affected (0.00 sec)

Query OK, 14519 rows affected (0.17 sec)

Query OK, 14704 rows affected, 14704 warnings (0.40 sec)
Records: 14704  Deleted: 0  Skipped: 0  Warnings: 14704

Query OK, 0 rows affected (0.00 sec)

Query OK, 2 rows affected (0.01 sec)

+-----------+
| VODTITLES |
+-----------+
|     15162 |
+-----------+
1 row in set (0.01 sec)

+-----------+-----------+
| titletype | typecount |
+-----------+-----------+
| E         |     12389 |
| N         |       246 |
| T         |      2067 |
| NULL      |     14702 |
+-----------+-----------+
4 rows in set (0.05 sec)

mysql> mysql \. C:\workspace\cloud\code\sql\_DailyScript\currenttime.sql
+---------------------+
| currenttime         |
+---------------------+
| 2021-04-26 05:39:53 |
+---------------------+
1 row in set (0.00 sec)

mysql> 
mysql> mysql \. C:\workspace\cloud\code\sql\_DailyScript\DAILY-SCRIPT-LIVETV-STATS.sql
Database changed
Query OK, 0 rows affected (0.01 sec)

Query OK, 86740 rows affected (1.00 sec)
Records: 86740  Duplicates: 0  Warnings: 0

+------------+------------+----------+--------------+--------------+-----------+-------------+----------+--------+------+------------+---------+---------------+
| Table      | Non_unique | Key_name | Seq_in_index | Column_name  | Collation | Cardinality | Sub_part | Packed | Null | Index_type | Comment | Index_comment |
+------------+------------+----------+--------------+--------------+-----------+-------------+----------+--------+------+------------+---------+---------------+
| templivetv |          1 | idxtv1   |            1 | device       | A         |       86801 |     NULL | NULL   | YES  | BTREE      |         |               |
| templivetv |          1 | idxtv2   |            1 | sessionstart | A         |       86801 |     NULL | NULL   | YES  | BTREE      |         |               |
+------------+------------+----------+--------------+--------------+-----------+-------------+----------+--------+------+------------+---------+---------------+
2 rows in set (0.00 sec)

Query OK, 86603 rows affected (10.26 sec)
Records: 86603  Duplicates: 0  Warnings: 0

Query OK, 2671 rows affected (0.66 sec)
Records: 2671  Duplicates: 0  Warnings: 0

Query OK, 0 rows affected (0.00 sec)

Query OK, 0 rows affected (0.00 sec)

Query OK, 129 rows affected (0.04 sec)
Records: 129  Duplicates: 0  Warnings: 0

Query OK, 0 rows affected (0.01 sec)

Query OK, 63391 rows affected (5 min 58.08 sec)
Records: 63391  Duplicates: 0  Warnings: 0

+-----------------+
| rep_livetvstats |
+-----------------+
|           63391 |
+-----------------+
1 row in set (0.02 sec)

mysql> mysql \. C:\workspace\cloud\code\sql\_DailyScript\currenttime.sql
+---------------------+
| currenttime         |
+---------------------+
| 2021-04-26 05:46:03 |
+---------------------+
1 row in set (0.00 sec)

mysql> 
mysql> mysql \. C:\workspace\cloud\code\sql\_DailyScript\DAILY-SCRIPT-VODTS-STATS.sql
Database changed
Query OK, 0 rows affected (0.01 sec)

Query OK, 7894 rows affected (24.20 sec)
Records: 7894  Duplicates: 0  Warnings: 0

+---------+------------+----------+--------------+--------------+-----------+-------------+----------+--------+------+------------+---------+---------------+
| Table   | Non_unique | Key_name | Seq_in_index | Column_name  | Collation | Cardinality | Sub_part | Packed | Null | Index_type | Comment | Index_comment |
+---------+------------+----------+--------------+--------------+-----------+-------------+----------+--------+------+------------+---------+---------------+
| tempvod |          1 | idxtvod1 |            1 | device       | A         |        8051 |     NULL | NULL   | YES  | BTREE      |         |               |
| tempvod |          1 | idxtvod2 |            1 | sessionstart | A         |        8051 |     NULL | NULL   | YES  | BTREE      |         |               |
+---------+------------+----------+--------------+--------------+-----------+-------------+----------+--------+------+------------+---------+---------------+
2 rows in set (0.00 sec)

Query OK, 7907 rows affected (3.72 sec)
Records: 7907  Duplicates: 0  Warnings: 0

Query OK, 0 rows affected (0.01 sec)

Query OK, 1140275 rows affected (1 min 33.19 sec)
Records: 1140275  Duplicates: 0  Warnings: 0

+--------------+
| rep_vodstats |
+--------------+
|      1140275 |
+--------------+
1 row in set (0.34 sec)

Database changed
Query OK, 0 rows affected (0.01 sec)

Query OK, 17647 rows affected (45.76 sec)
Records: 17647  Duplicates: 0  Warnings: 0

+--------+------------+----------+--------------+--------------+-----------+-------------+----------+--------+------+------------+---------+---------------+
| Table  | Non_unique | Key_name | Seq_in_index | Column_name  | Collation | Cardinality | Sub_part | Packed | Null | Index_type | Comment | Index_comment |
+--------+------------+----------+--------------+--------------+-----------+-------------+----------+--------+------+------------+---------+---------------+
| tempts |          1 | idxtts1  |            1 | device       | A         |       17873 |     NULL | NULL   | YES  | BTREE      |         |               |
| tempts |          1 | idxtts2  |            1 | sessionstart | A         |       17873 |     NULL | NULL   | YES  | BTREE      |         |               |
+--------+------------+----------+--------------+--------------+-----------+-------------+----------+--------+------+------------+---------+---------------+
2 rows in set (0.00 sec)

Query OK, 17658 rows affected (14.02 sec)
Records: 17658  Duplicates: 0  Warnings: 0

Query OK, 0 rows affected (0.01 sec)

Query OK, 47023 rows affected (46.91 sec)
Records: 47023  Duplicates: 0  Warnings: 0

+-------------+
| rep_tsstats |
+-------------+
|       47023 |
+-------------+
1 row in set (0.02 sec)

mysql> mysql \. C:\workspace\cloud\code\sql\_DailyScript\currenttime.sql
+---------------------+
| currenttime         |
+---------------------+
| 2021-04-26 05:49:51 |
+---------------------+
1 row in set (0.00 sec)

mysql> 
mysql> mysql \. C:\workspace\cloud\code\sql\_DailyScript\DAILY-SCRIPT-RADIO-STATS.sql
Database changed
Query OK, 0 rows affected (0.02 sec)

Query OK, 382688 rows affected (4.52 sec)
Records: 382688  Duplicates: 0  Warnings: 0

+-----------+------------+----------+--------------+--------------+-----------+-------------+----------+--------+------+------------+---------+---------------+
| Table     | Non_unique | Key_name | Seq_in_index | Column_name  | Collation | Cardinality | Sub_part | Packed | Null | Index_type | Comment | Index_comment |
+-----------+------------+----------+--------------+--------------+-----------+-------------+----------+--------+------+------------+---------+---------------+
| tempradio |          1 | idxtrad1 |            1 | device       | A         |      381449 |     NULL | NULL   | YES  | BTREE      |         |               |
| tempradio |          1 | idxtrad2 |            1 | sessionstart | A         |      381449 |     NULL | NULL   | YES  | BTREE      |         |               |
+-----------+------------+----------+--------------+--------------+-----------+-------------+----------+--------+------+------------+---------+---------------+
2 rows in set (0.00 sec)

Query OK, 332 rows affected (0.86 sec)
Records: 332  Duplicates: 0  Warnings: 0

Query OK, 0 rows affected (0.01 sec)

Query OK, 6269 rows affected (0.52 sec)
Records: 6269  Duplicates: 0  Warnings: 0

+----------------+
| rep_radiostats |
+----------------+
|           6269 |
+----------------+
1 row in set (0.00 sec)

mysql> mysql \. C:\workspace\cloud\code\sql\_DailyScript\currenttime.sql
+---------------------+
| currenttime         |
+---------------------+
| 2021-04-26 05:49:57 |
+---------------------+
1 row in set (0.00 sec)

mysql> 
mysql> mysql \. C:\workspace\cloud\code\sql\_DailyScript\DAILY_SCRIPT_TELEMETRY_PIVOT_2021.sql
Query OK, 0 rows affected (0.01 sec)

Query OK, 140 rows affected (0.11 sec)
Records: 140  Duplicates: 0  Warnings: 0

Query OK, 0 rows affected (0.01 sec)

Query OK, 11779 rows affected (1.54 sec)
Records: 11779  Duplicates: 0  Warnings: 0

Query OK, 0 rows affected (0.01 sec)

Query OK, 5 rows affected (0.02 sec)
Records: 5  Duplicates: 0  Warnings: 0

Query OK, 0 rows affected (0.01 sec)

Query OK, 44 rows affected (0.05 sec)
Records: 44  Duplicates: 0  Warnings: 0

mysql> mysql \. C:\workspace\cloud\code\sql\_DailyScript\currenttime.sql
+---------------------+
| currenttime         |
+---------------------+
| 2021-04-26 05:49:59 |
+---------------------+
1 row in set (0.00 sec)

mysql> 
mysql> mysql \. C:\workspace\cloud\code\sql\_DailyScript\telemetry_livetv_ranking2021.sql
Query OK, 0 rows affected (0.01 sec)

Query OK, 140 rows affected (0.02 sec)
Records: 140  Duplicates: 0  Warnings: 0

mysql> mysql \. C:\workspace\cloud\code\sql\_DailyScript\currenttime.sql
+---------------------+
| currenttime         |
+---------------------+
| 2021-04-26 05:49:59 |
+---------------------+
1 row in set (0.00 sec)

mysql> 
mysql> mysql \. C:\workspace\cloud\code\sql\_DailyScript\telemetry_radio_ranking2021.sql
Query OK, 0 rows affected (0.01 sec)

Query OK, 5 rows affected (0.01 sec)
Records: 5  Duplicates: 0  Warnings: 0

mysql> mysql \. C:\workspace\cloud\code\sql\_DailyScript\currenttime.sql
+---------------------+
| currenttime         |
+---------------------+
| 2021-04-26 05:49:59 |
+---------------------+
1 row in set (0.00 sec)

mysql> 
mysql> mysql \. C:\workspace\cloud\code\sql\_DailyScript\telemetry_ts_ranking2021.sql
Query OK, 0 rows affected (0.01 sec)

Query OK, 44 rows affected (0.02 sec)
Records: 44  Duplicates: 0  Warnings: 0

mysql> mysql \. C:\workspace\cloud\code\sql\_DailyScript\currenttime.sql
+---------------------+
| currenttime         |
+---------------------+
| 2021-04-26 05:49:59 |
+---------------------+
1 row in set (0.00 sec)

mysql> 
mysql> mysql \. C:\workspace\cloud\code\sql\_DailyScript\telemetry_vod_ranking2021.sql
Query OK, 0 rows affected (0.01 sec)

Query OK, 11779 rows affected (0.55 sec)
Records: 11779  Duplicates: 0  Warnings: 0

mysql> mysql \. C:\workspace\cloud\code\sql\_DailyScript\currenttime.sql
+---------------------+
| currenttime         |
+---------------------+
| 2021-04-26 05:50:00 |
+---------------------+
1 row in set (0.00 sec)

mysql> 
mysql> mysql \. C:\workspace\cloud\code\sql\_DailyScript\telemetry_vod_ranking2021_1.sql
Query OK, 0 rows affected (0.01 sec)

Query OK, 11779 rows affected (0.26 sec)
Records: 11779  Duplicates: 0  Warnings: 0

mysql> mysql \. C:\workspace\cloud\code\sql\_DailyScript\currenttime.sql
+---------------------+
| currenttime         |
+---------------------+
| 2021-04-26 05:50:00 |
+---------------------+
1 row in set (0.00 sec)

mysql> 
mysql> mysql \. C:\workspace\cloud\code\sql\_DailyScript\telemetry_vod_ranking2021_2.sql
Query OK, 0 rows affected (0.01 sec)

Query OK, 11779 rows affected (0.25 sec)
Records: 11779  Duplicates: 0  Warnings: 0

mysql> mysql \. C:\workspace\cloud\code\sql\_DailyScript\currenttime.sql
+---------------------+
| currenttime         |
+---------------------+
| 2021-04-26 05:50:00 |
+---------------------+
1 row in set (0.00 sec)

mysql> 
mysql> 
mysql> 
mysql> 
mysql> mysql \. C:\workspace\cloud\code\sql\_DailyScript\ticket_analysis.sql
Database changed
Query OK, 0 rows affected (0.04 sec)

Query OK, 799280 rows affected (25.52 sec)
Records: 799280  Duplicates: 0  Warnings: 0

Query OK, 0 rows affected (3.08 sec)
Records: 0  Duplicates: 0  Warnings: 0

Query OK, 0 rows affected (1.60 sec)
Records: 0  Duplicates: 0  Warnings: 0

Query OK, 0 rows affected (1.51 sec)
Records: 0  Duplicates: 0  Warnings: 0

Query OK, 0 rows affected (0.01 sec)

Query OK, 24986 rows affected (12.82 sec)
Records: 24986  Duplicates: 0  Warnings: 0

Query OK, 0 rows affected, 1 warning (0.00 sec)

Query OK, 115534 rows affected (7.86 sec)
Records: 115534  Duplicates: 0  Warnings: 0

Query OK, 0 rows affected, 1 warning (0.00 sec)

Query OK, 588223 rows affected (15.75 sec)
Records: 588223  Duplicates: 0  Warnings: 0

Query OK, 0 rows affected, 1 warning (0.00 sec)

Query OK, 588223 rows affected (15.65 sec)
Records: 588223  Duplicates: 0  Warnings: 0

Query OK, 0 rows affected (0.01 sec)

Query OK, 115644 rows affected (5.32 sec)
Records: 115644  Duplicates: 0  Warnings: 0

Database changed
Query OK, 0 rows affected (0.00 sec)

Query OK, 0 rows affected (0.02 sec)

Query OK, 799280 rows affected (25.12 sec)
Records: 799280  Duplicates: 0  Warnings: 0

Query OK, 0 rows affected (0.01 sec)

Query OK, 409108 rows affected (16.56 sec)
Records: 409108  Duplicates: 0  Warnings: 0

+--------------------------+
| clientticket_cmmtjourney |
+--------------------------+
|                   799280 |
+--------------------------+
1 row in set (0.99 sec)

+---------------------------+
| clientticket_assgnjourney |
+---------------------------+
|                    409108 |
+---------------------------+
1 row in set (0.18 sec)

Query OK, 0 rows affected (0.01 sec)

Query OK, 88 rows affected (0.12 sec)
Records: 88  Duplicates: 0  Warnings: 0

mysql> mysql \. C:\workspace\cloud\code\sql\_DailyScript\currenttime.sql
+---------------------+
| currenttime         |
+---------------------+
| 2021-04-26 05:52:12 |
+---------------------+
1 row in set (0.00 sec)

mysql> 
mysql> mysql \. C:\workspace\cloud\code\sql\_DailyScript\load_DailyCalls.sql
Database changed
Query OK, 688 rows affected (0.15 sec)
Records: 688  Deleted: 0  Skipped: 0  Warnings: 0

Query OK, 0 rows affected, 1 warning (0.00 sec)

Query OK, 686 rows affected (0.06 sec)
Records: 686  Duplicates: 0  Warnings: 0

Query OK, 0 rows affected, 1 warning (0.00 sec)

Query OK, 69208 rows affected (0.41 sec)
Records: 69208  Duplicates: 0  Warnings: 0

+----------------------+
| callingclientsbefore |
+----------------------+
|              1175128 |
+----------------------+
1 row in set (0.49 sec)

Query OK, 900 rows affected (14.58 sec)
Records: 900  Duplicates: 0  Warnings: 0

+---------------------+
| callingclientsafter |
+---------------------+
|             1176028 |
+---------------------+
1 row in set (0.31 sec)

Query OK, 0 rows affected (0.01 sec)

Query OK, 441 rows affected (3.81 sec)
Records: 441  Duplicates: 0  Warnings: 0

Query OK, 0 rows affected (0.01 sec)

Query OK, 22959 rows affected (3.69 sec)
Records: 22959  Duplicates: 0  Warnings: 0

+-----------+
| callstats |
+-----------+
|     22959 |
+-----------+
1 row in set (0.01 sec)

Query OK, 0 rows affected, 1 warning (0.00 sec)

Query OK, 900 rows affected (2.65 sec)
Records: 900  Duplicates: 0  Warnings: 0

+------------------------+
| rep_cccallreportbefore |
+------------------------+
|                1176597 |
+------------------------+
1 row in set (0.31 sec)

Query OK, 900 rows affected (0.20 sec)
Records: 900  Duplicates: 0  Warnings: 0

+-----------------------+
| rep_cccallreportafter |
+-----------------------+
|               1177497 |
+-----------------------+
1 row in set (0.31 sec)

Query OK, 0 rows affected (0.01 sec)

mysql> mysql \. C:\workspace\cloud\code\sql\_DailyScript\currenttime.sql
+---------------------+
| currenttime         |
+---------------------+
| 2021-04-26 05:52:39 |
+---------------------+
1 row in set (0.00 sec)

mysql> 
mysql> mysql \. C:\workspace\cloud\code\sql\_DailyScript\DAILY-SCRIPT-USAGE.sql
Database changed
Query OK, 0 rows affected (0.00 sec)

Query OK, 4365 rows affected, 12705 warnings (0.98 sec)
Records: 4365  Deleted: 0  Skipped: 0  Warnings: 12705

Query OK, 0 rows affected (0.00 sec)

Query OK, 6905 rows affected, 19943 warnings (1.13 sec)
Records: 6905  Deleted: 0  Skipped: 0  Warnings: 19943

Query OK, 0 rows affected (0.00 sec)

Query OK, 288 rows affected, 1032 warnings (0.04 sec)
Records: 288  Deleted: 0  Skipped: 0  Warnings: 1032

Query OK, 0 rows affected (0.00 sec)

Query OK, 161 rows affected, 562 warnings (0.04 sec)
Records: 161  Deleted: 0  Skipped: 0  Warnings: 562

+------------+
| dailyusage |
+------------+
|   17289157 |
+------------+
1 row in set (6.70 sec)

+------------+------------+------------+---------+
| datestart  | dateend    | insertedon | records |
+------------+------------+------------+---------+
| 2021-04-23 | 2021-04-23 | 2021-04-26 |   11719 |
| 2021-04-22 | 2021-04-22 | 2021-04-23 |   11372 |
| 2021-04-21 | 2021-04-21 | 2021-04-22 |   11412 |
| 2021-04-20 | 2021-04-20 | 2021-04-21 |   11355 |
| 2021-04-19 | 2021-04-19 | 2021-04-20 |   11262 |
+------------+------------+------------+---------+
5 rows in set (34.52 sec)

+----------+------------+------------+------------+---------+
| category | datestart  | dateend    | insertedon | records |
+----------+------------+------------+------------+---------+
| UNCAPPED | 2021-04-23 | 2021-04-23 | 2021-04-26 |    6905 |
| PREPAID  | 2021-04-23 | 2021-04-23 | 2021-04-26 |     288 |
| HOTSPOT  | 2021-04-23 | 2021-04-23 | 2021-04-26 |     161 |
| CAPPED   | 2021-04-23 | 2021-04-23 | 2021-04-26 |    4365 |
| UNCAPPED | 2021-04-22 | 2021-04-22 | 2021-04-23 |    6637 |
| PREPAID  | 2021-04-22 | 2021-04-22 | 2021-04-23 |     313 |
| HOTSPOT  | 2021-04-22 | 2021-04-22 | 2021-04-23 |     155 |
| CAPPED   | 2021-04-22 | 2021-04-22 | 2021-04-23 |    4267 |
| UNCAPPED | 2021-04-21 | 2021-04-21 | 2021-04-22 |    6641 |
| PREPAID  | 2021-04-21 | 2021-04-21 | 2021-04-22 |     281 |
| HOTSPOT  | 2021-04-21 | 2021-04-21 | 2021-04-22 |     175 |
| CAPPED   | 2021-04-21 | 2021-04-21 | 2021-04-22 |    4315 |
| UNCAPPED | 2021-04-20 | 2021-04-20 | 2021-04-21 |    6614 |
| PREPAID  | 2021-04-20 | 2021-04-20 | 2021-04-21 |     298 |
| HOTSPOT  | 2021-04-20 | 2021-04-20 | 2021-04-21 |     164 |
| CAPPED   | 2021-04-20 | 2021-04-20 | 2021-04-21 |    4279 |
| UNCAPPED | 2021-04-19 | 2021-04-19 | 2021-04-20 |    6523 |
| PREPAID  | 2021-04-19 | 2021-04-19 | 2021-04-20 |     301 |
| HOTSPOT  | 2021-04-19 | 2021-04-19 | 2021-04-20 |     152 |
| CAPPED   | 2021-04-19 | 2021-04-19 | 2021-04-20 |    4286 |
+----------+------------+------------+------------+---------+
20 rows in set (25.71 sec)

mysql> mysql \. C:\workspace\cloud\code\sql\_DailyScript\currenttime.sql
+---------------------+
| currenttime         |
+---------------------+
| 2021-04-26 05:53:49 |
+---------------------+
1 row in set (0.00 sec)

mysql> 
mysql> mysql \. C:\workspace\cloud\code\sql\_DailyScript\DAILY-SCRIPT-SALES-TELEMETRY.sql
Database changed
Query OK, 170 rows affected, 87 warnings (0.04 sec)
Records: 170  Deleted: 0  Skipped: 0  Warnings: 87

+------------+
| dailysales |
+------------+
|     230609 |
+------------+
1 row in set (0.23 sec)

Query OK, 0 rows affected (0.01 sec)

Query OK, 230609 rows affected (15.70 sec)
Records: 230609  Duplicates: 0  Warnings: 0

+--------+
| sales  |
+--------+
| 230609 |
+--------+
1 row in set (0.10 sec)

Query OK, 0 rows affected (0.01 sec)

Query OK, 3798 rows affected (0.37 sec)
Records: 3798  Duplicates: 0  Warnings: 0

+----------------+
| rep_dailysales |
+----------------+
|           3798 |
+----------------+
1 row in set (0.00 sec)

Query OK, 0 rows affected (0.01 sec)

Query OK, 3798 rows affected (0.57 sec)
Records: 3798  Duplicates: 0  Warnings: 0

+-------------------+
| rep_dailysalesreg |
+-------------------+
|              3798 |
+-------------------+
1 row in set (0.00 sec)

Query OK, 0 rows affected (0.01 sec)

Query OK, 2909 rows affected (0.71 sec)
Records: 2909  Duplicates: 0  Warnings: 0

+-----------+
| saleslist |
+-----------+
|      2909 |
+-----------+
1 row in set (0.00 sec)

Database changed
ERROR 2 (HY000): File 'C:\ProgramData\MySQL\MySQL Server 5.7\Uploads\_csv\PrepaidCardSales-23042021-P1.csv' not found (Errcode: 2 - No such file or directory)
+------------------+
| dailysinglesales |
+------------------+
|             6497 |
+------------------+
1 row in set (0.01 sec)

Database changed
Query OK, 20 rows affected (0.02 sec)
Records: 20  Deleted: 0  Skipped: 0  Warnings: 0

+-----------------+
| dailyaddonsales |
+-----------------+
|           23122 |
+-----------------+
1 row in set (0.04 sec)

Query OK, 434 rows affected (0.14 sec)
Records: 434  Deleted: 0  Skipped: 0  Warnings: 0

+----------------+
| onlinepayments |
+----------------+
|         179951 |
+----------------+
1 row in set (0.12 sec)

+-------------+----------------+---------------------+
| paymentdate | onlinepayments | onlinepaymentamount |
+-------------+----------------+---------------------+
| 2021-04-23  |            434 |        281457.55000 |
| 2021-04-22  |            275 |        174404.15000 |
| 2021-04-21  |            211 |        143038.62000 |
| 2021-04-20  |            245 |        143306.51000 |
| 2021-04-19  |            226 |        136909.75000 |
+-------------+----------------+---------------------+
5 rows in set (0.53 sec)

+-------------+--------------+----------------+---------------------+
| paymentyear | paymentmonth | onlinepayments | onlinepaymentamount |
+-------------+--------------+----------------+---------------------+
|        2021 |            4 |           5818 |       3748355.85000 |
|        2021 |            3 |           9164 |       5894594.15000 |
|        2021 |            2 |           8581 |       5454096.95000 |
|        2021 |            1 |           9124 |       5808374.04000 |
|        2021 |         NULL |          32687 |      20905420.99000 |
+-------------+--------------+----------------+---------------------+
5 rows in set (0.17 sec)

mysql> mysql \. C:\workspace\cloud\code\sql\_DailyScript\currenttime.sql
+---------------------+
| currenttime         |
+---------------------+
| 2021-04-26 05:54:07 |
+---------------------+
1 row in set (0.00 sec)

mysql> 
mysql> mysql \. C:\workspace\cloud\code\sql\_DailyScript\DAILY-SCRIPT-ACTIVENUMBERS.sql
Database changed
Query OK, 1138 rows affected (0.50 sec)
Records: 1138  Deleted: 0  Skipped: 0  Warnings: 0

+------------+----------+
| period     | count(1) |
+------------+----------+
| 2021-04-23 |     1138 |
| 2021-04-22 |     1139 |
| 2021-04-21 |     1139 |
| 2021-04-20 |     1141 |
| 2021-04-19 |     1143 |
+------------+----------+
5 rows in set (0.01 sec)

Query OK, 0 rows affected (0.01 sec)

Query OK, 77 rows affected (1.47 sec)
Records: 77  Duplicates: 0  Warnings: 0

+-------------+
| packagelist |
+-------------+
|          77 |
+-------------+
1 row in set (0.00 sec)

Database changed
Query OK, 0 rows affected (0.00 sec)

Query OK, 0 rows affected (0.00 sec)

Query OK, 0 rows affected (0.00 sec)

Query OK, 0 rows affected (0.00 sec)

Query OK, 28764 rows affected, 294 warnings (18.50 sec)
Records: 28764  Deleted: 0  Skipped: 0  Warnings: 294

+------------+----------+
| period     | count(1) |
+------------+----------+
| 2021-04-23 |    28764 |
| 2021-04-22 |    28690 |
| 2021-04-21 |    28733 |
| 2021-04-20 |    28724 |
| 2021-04-19 |    28679 |
+------------+----------+
5 rows in set (0.09 sec)

Query OK, 0 rows affected (0.02 sec)

Query OK, 28196 rows affected (51.12 sec)
Records: 28196  Duplicates: 0  Warnings: 0

Query OK, 0 rows affected (0.11 sec)
Records: 0  Duplicates: 0  Warnings: 0

Query OK, 0 rows affected (0.11 sec)
Records: 0  Duplicates: 0  Warnings: 0

Query OK, 0 rows affected (0.10 sec)
Records: 0  Duplicates: 0  Warnings: 0

Query OK, 0 rows affected (0.08 sec)
Records: 0  Duplicates: 0  Warnings: 0

Query OK, 0 rows affected (0.07 sec)
Records: 0  Duplicates: 0  Warnings: 0

Query OK, 0 rows affected (0.09 sec)
Records: 0  Duplicates: 0  Warnings: 0

+-------------+
| countbefore |
+-------------+
|    45221986 |
+-------------+
1 row in set (17.18 sec)

Query OK, 28196 rows affected (5.56 sec)
Records: 28196  Duplicates: 0  Warnings: 0

+------------+
| countafter |
+------------+
|   45250182 |
+------------+
1 row in set (14.76 sec)

+------------+--------------------------+
| period     | customercontractactivity |
+------------+--------------------------+
| 2021-04-23 |                    28196 |
| 2021-04-22 |                    28122 |
| 2021-04-21 |                    28165 |
| 2021-04-20 |                    28157 |
| 2021-04-19 |                    28111 |
+------------+--------------------------+
5 rows in set (0.06 sec)

Query OK, 0 rows affected (0.02 sec)

Query OK, 300736 rows affected (8 min 9.36 sec)
Records: 300736  Duplicates: 0  Warnings: 0

Query OK, 0 rows affected (1.06 sec)
Records: 0  Duplicates: 0  Warnings: 0

Query OK, 0 rows affected (1.16 sec)
Records: 0  Duplicates: 0  Warnings: 0

Query OK, 0 rows affected (1.14 sec)
Records: 0  Duplicates: 0  Warnings: 0

Query OK, 0 rows affected (0.01 sec)

Query OK, 232 rows affected (0.49 sec)
Records: 232  Duplicates: 0  Warnings: 0

Query OK, 0 rows affected (0.01 sec)

Query OK, 2732 rows affected (0.66 sec)
Records: 2732  Duplicates: 0  Warnings: 0

Query OK, 0 rows affected (0.01 sec)

Query OK, 28173 rows affected (0.60 sec)
Records: 28173  Duplicates: 0  Warnings: 0

Query OK, 0 rows affected (0.01 sec)

Query OK, 17296 rows affected (0.39 sec)
Records: 17296  Duplicates: 0  Warnings: 0

Query OK, 0 rows affected (0.01 sec)

Query OK, 17296 rows affected (0.13 sec)
Records: 17296  Duplicates: 0  Warnings: 0

Query OK, 0 rows affected (0.01 sec)

Query OK, 17296 rows affected (1.20 sec)
Records: 17296  Duplicates: 0  Warnings: 0

Query OK, 0 rows affected (0.01 sec)

Query OK, 17296 rows affected (44.96 sec)
Records: 17296  Duplicates: 0  Warnings: 0

+-------------+
| clientstats |
+-------------+
|       17296 |
+-------------+
1 row in set (0.01 sec)

Query OK, 0 rows affected (0.01 sec)

Query OK, 13 rows affected, 1 warning (0.11 sec)
Records: 13  Duplicates: 0  Warnings: 1

+-----------------------+-------------+-------------+----------------+-----------------+
| services              | activecount | allaccounts | uniqueaccounts | uniquecontracts |
+-----------------------+-------------+-------------+----------------+-----------------+
| All                   |         384 |          65 |             65 |             207 |
| Internet & OTT        |           2 |           1 |              1 |               1 |
| Internet & Voice      |         340 |         151 |            151 |             296 |
| Internet Only         |        4388 |        4271 |           4264 |            4315 |
| OTT Only              |           1 |           1 |              1 |               1 |
| TV & Internet         |        9879 |        4427 |           4418 |            9039 |
| TV & Internet & OTT   |        3694 |         949 |            947 |            1966 |
| TV & Internet & Voice |         494 |         140 |            140 |             431 |
| TV & OTT              |         537 |          79 |             77 |             100 |
| TV & Voice            |          88 |          40 |             40 |              81 |
| TV Only               |        8973 |        7051 |           7039 |            7242 |
| Voice Only            |         124 |         121 |            121 |             124 |
| GRAND TOTAL           |       28904 |       17296 |          17213 |           23803 |
+-----------------------+-------------+-------------+----------------+-----------------+
13 rows in set (0.00 sec)

+-------------+-------------+-------------+----------------+-----------------+
| network     | activecount | allaccounts | uniqueaccounts | uniquecontracts |
+-------------+-------------+-------------+----------------+-----------------+
| GPON        |       11512 |        5743 |           5740 |            9060 |
| HFC         |       17392 |       11553 |          11553 |           14743 |
| GRAND TOTAL |       28904 |       17296 |          17213 |           23803 |
+-------------+-------------+-------------+----------------+-----------------+
3 rows in set, 1 warning (0.12 sec)

+-------------+-----------------------+-------------+-------------+----------------+-----------------+
| network     | services              | activecount | allaccounts | uniqueaccounts | uniquecontracts |
+-------------+-----------------------+-------------+-------------+----------------+-----------------+
| GPON        | All                   |         252 |          45 |             45 |             141 |
| GPON        | Internet & Voice      |          78 |          32 |             32 |              68 |
| GPON        | Internet Only         |        1407 |        1309 |           1309 |            1336 |
| GPON        | TV & Internet         |        4797 |        2107 |           2107 |            4344 |
| GPON        | TV & Internet & OTT   |        2423 |         618 |            618 |            1288 |
| GPON        | TV & Internet & Voice |         246 |          64 |             64 |             200 |
| GPON        | TV & OTT              |         304 |          41 |             41 |              52 |
| GPON        | TV & Voice            |          56 |          25 |             25 |              51 |
| GPON        | TV Only               |        1938 |        1492 |           1492 |            1569 |
| GPON        | Voice Only            |          11 |          10 |             10 |              11 |
| GPON        | Services Total        |       11512 |        5743 |           5740 |            9060 |
| HFC         | All                   |         132 |          20 |             20 |              66 |
| HFC         | Internet & OTT        |           2 |           1 |              1 |               1 |
| HFC         | Internet & Voice      |         262 |         119 |            119 |             228 |
| HFC         | Internet Only         |        2981 |        2962 |           2962 |            2979 |
| HFC         | OTT Only              |           1 |           1 |              1 |               1 |
| HFC         | TV & Internet         |        5082 |        2320 |           2320 |            4695 |
| HFC         | TV & Internet & OTT   |        1271 |         331 |            331 |             678 |
| HFC         | TV & Internet & Voice |         248 |          76 |             76 |             231 |
| HFC         | TV & OTT              |         233 |          38 |             38 |              48 |
| HFC         | TV & Voice            |          32 |          15 |             15 |              30 |
| HFC         | TV Only               |        7035 |        5559 |           5559 |            5673 |
| HFC         | Voice Only            |         113 |         111 |            111 |             113 |
| HFC         | Services Total        |       17392 |       11553 |          11553 |           14743 |
| GRAND TOTAL | Services Total        |       28904 |       17296 |          17213 |           23803 |
+-------------+-----------------------+-------------+-------------+----------------+-----------------+
25 rows in set, 2 warnings (0.14 sec)

Query OK, 0 rows affected (0.01 sec)

Query OK, 44 rows affected, 3 warnings (0.19 sec)
Records: 44  Duplicates: 0  Warnings: 3

+-------------+---------------+-----------------------+-------------+-------------+----------------+-----------------+
| region      | network       | services              | activecount | allaccounts | uniqueaccounts | uniquecontracts |
+-------------+---------------+-----------------------+-------------+-------------+----------------+-----------------+
| Eden Island | GPON          | TV & Internet         |           2 |           1 |              1 |               2 |
| Eden Island | GPON          | Services Total        |           2 |           1 |              1 |               2 |
| Eden Island | Network Total | Services Total        |           2 |           1 |              1 |               2 |
| Mahe        | GPON          | All                   |         221 |          40 |             40 |             126 |
| Mahe        | GPON          | Internet & Voice      |          66 |          26 |             26 |              56 |
| Mahe        | GPON          | Internet Only         |        1169 |        1071 |           1071 |            1098 |
| Mahe        | GPON          | TV & Internet         |        3945 |        1730 |           1730 |            3565 |
| Mahe        | GPON          | TV & Internet & OTT   |        2023 |         506 |            506 |            1059 |
| Mahe        | GPON          | TV & Internet & Voice |         236 |          61 |             61 |             190 |
| Mahe        | GPON          | TV & OTT              |         282 |          33 |             33 |              44 |
| Mahe        | GPON          | TV & Voice            |          54 |          24 |             24 |              49 |
| Mahe        | GPON          | TV Only               |        1568 |        1200 |           1200 |            1259 |
| Mahe        | GPON          | Voice Only            |          11 |          10 |             10 |              11 |
| Mahe        | GPON          | Services Total        |        9575 |        4701 |           4701 |            7457 |
| Mahe        | HFC           | All                   |         132 |          20 |             20 |              66 |
| Mahe        | HFC           | Internet & OTT        |           2 |           1 |              1 |               1 |
| Mahe        | HFC           | Internet & Voice      |         262 |         119 |            119 |             228 |
| Mahe        | HFC           | Internet Only         |        2980 |        2961 |           2961 |            2978 |
| Mahe        | HFC           | OTT Only              |           1 |           1 |              1 |               1 |
| Mahe        | HFC           | TV & Internet         |        5080 |        2319 |           2319 |            4693 |
| Mahe        | HFC           | TV & Internet & OTT   |        1271 |         331 |            331 |             678 |
| Mahe        | HFC           | TV & Internet & Voice |         248 |          76 |             76 |             231 |
| Mahe        | HFC           | TV & OTT              |         233 |          38 |             38 |              48 |
| Mahe        | HFC           | TV & Voice            |          32 |          15 |             15 |              30 |
| Mahe        | HFC           | TV Only               |        7032 |        5557 |           5557 |            5671 |
| Mahe        | HFC           | Voice Only            |         113 |         111 |            111 |             113 |
| Mahe        | HFC           | Services Total        |       17386 |       11549 |          11549 |           14738 |
| Mahe        | Network Total | Services Total        |       26961 |       16250 |          16170 |           22195 |
| Praslin     | GPON          | All                   |          31 |           5 |              5 |              15 |
| Praslin     | GPON          | Internet & Voice      |          12 |           6 |              6 |              12 |
| Praslin     | GPON          | Internet Only         |         238 |         238 |            238 |             238 |
| Praslin     | GPON          | TV & Internet         |         850 |         376 |            376 |             777 |
| Praslin     | GPON          | TV & Internet & OTT   |         400 |         112 |            112 |             229 |
| Praslin     | GPON          | TV & Internet & Voice |          10 |           3 |              3 |              10 |
| Praslin     | GPON          | TV & OTT              |          22 |           8 |              8 |               8 |
| Praslin     | GPON          | TV & Voice            |           2 |           1 |              1 |               2 |
| Praslin     | GPON          | TV Only               |         370 |         292 |            292 |             310 |
| Praslin     | GPON          | Services Total        |        1935 |        1041 |           1041 |            1601 |
| Praslin     | HFC           | Internet Only         |           1 |           1 |              1 |               1 |
| Praslin     | HFC           | TV & Internet         |           2 |           1 |              1 |               2 |
| Praslin     | HFC           | TV Only               |           3 |           2 |              2 |               2 |
| Praslin     | HFC           | Services Total        |           6 |           4 |              4 |               5 |
| Praslin     | Network Total | Services Total        |        1941 |        1045 |           1045 |            1606 |
| GRAND TOTAL | Network Total | Services Total        |       28904 |       17296 |          17213 |           23803 |
+-------------+---------------+-----------------------+-------------+-------------+----------------+-----------------+
44 rows in set (0.00 sec)

Query OK, 0 rows affected (0.01 sec)

Query OK, 28174 rows affected (0.45 sec)
Records: 28174  Duplicates: 0  Warnings: 0

Query OK, 0 rows affected (0.01 sec)

Query OK, 2269 rows affected (1.49 sec)
Records: 2269  Duplicates: 0  Warnings: 0

+--------------------------------------+
| message                              |
+--------------------------------------+
| running rcbill_my.sp_ActiveNumber2() |
+--------------------------------------+
1 row in set (0.00 sec)

Query OK, 365 rows affected (1 min 57.48 sec)

mysql> mysql \. C:\workspace\cloud\code\sql\_DailyScript\currenttime.sql
+---------------------+
| currenttime         |
+---------------------+
| 2021-04-26 06:06:59 |
+---------------------+
1 row in set (0.00 sec)

mysql> 
mysql> mysql \. C:\workspace\cloud\code\sql\_DailyScript\GetActiveNumbers Average -Pivot.sql
Database changed
+-------------------------------------+
| @today := subdate(current_date(),1) |
+-------------------------------------+
| 2021-04-25                          |
+-------------------------------------+
1 row in set (0.00 sec)

+-------------------------------------+
| @lastdayofmonth := last_day(@today) |
+-------------------------------------+
| 2021-04-30                          |
+-------------------------------------+
1 row in set (0.00 sec)

Query OK, 0 rows affected (0.02 sec)

Query OK, 46949 rows affected, 65535 warnings (58.83 sec)
Records: 46949  Duplicates: 0  Warnings: 95182

Query OK, 0 rows affected (0.10 sec)
Records: 0  Duplicates: 0  Warnings: 0

Query OK, 0 rows affected (0.12 sec)
Records: 0  Duplicates: 0  Warnings: 0

Query OK, 0 rows affected (0.11 sec)
Records: 0  Duplicates: 0  Warnings: 0

+-----------------+
| activenumberavg |
+-----------------+
|           46949 |
+-----------------+
1 row in set (0.01 sec)

Query OK, 0 rows affected (0.01 sec)

Query OK, 1960 rows affected (0.55 sec)
Records: 1960  Duplicates: 0  Warnings: 0

+---------------------+
| rep_activenumberavg |
+---------------------+
|                1960 |
+---------------------+
1 row in set (0.00 sec)

+----------------------+
| rep_activenumberavg1 |
+----------------------+
|                  915 |
+----------------------+
1 row in set (0.00 sec)

Query OK, 0 rows affected (0.01 sec)

Query OK, 2466 rows affected (0.44 sec)
Records: 2466  Duplicates: 0  Warnings: 0

Query OK, 0 rows affected (0.01 sec)

Query OK, 12691 rows affected (0.79 sec)
Records: 12691  Duplicates: 0  Warnings: 0

Query OK, 0 rows affected (0.00 sec)

Query OK, 0 rows affected (0.01 sec)

Query OK, 0 rows affected (0.01 sec)

Query OK, 0 rows affected (0.00 sec)

Query OK, 0 rows affected (0.00 sec)
Statement prepared

Query OK, 53 rows affected (0.05 sec)
Records: 53  Duplicates: 0  Warnings: 0

Query OK, 0 rows affected (0.00 sec)

Query OK, 0 rows affected (0.00 sec)

+----------------------+
| rep_activenumberavg2 |
+----------------------+
|                 2466 |
+----------------------+
1 row in set (0.00 sec)

+------------------------+
| rep_activenumberavg_pv |
+------------------------+
|                     53 |
+------------------------+
1 row in set (0.00 sec)

Query OK, 0 rows affected (0.01 sec)

Query OK, 2465 rows affected (0.36 sec)
Records: 2465  Duplicates: 0  Warnings: 0

Query OK, 0 rows affected (0.00 sec)

Query OK, 0 rows affected (0.01 sec)

Query OK, 0 rows affected (0.01 sec)

Query OK, 0 rows affected (0.00 sec)

Query OK, 0 rows affected (0.00 sec)
Statement prepared

Query OK, 53 rows affected (0.05 sec)
Records: 53  Duplicates: 0  Warnings: 0

Query OK, 0 rows affected (0.00 sec)

Query OK, 0 rows affected (0.00 sec)

+-------------------------+
| rep_activenumberavgMahe |
+-------------------------+
|                    2465 |
+-------------------------+
1 row in set (0.00 sec)

+----------------------------+
| rep_activenumberavgMahe_pv |
+----------------------------+
|                         53 |
+----------------------------+
1 row in set (0.00 sec)

Query OK, 0 rows affected (0.01 sec)

Query OK, 1561 rows affected (0.18 sec)
Records: 1561  Duplicates: 0  Warnings: 0

Query OK, 0 rows affected (0.00 sec)

Query OK, 0 rows affected (0.00 sec)

Query OK, 0 rows affected (0.01 sec)

Query OK, 0 rows affected (0.00 sec)

Query OK, 0 rows affected (0.00 sec)
Statement prepared

Query OK, 40 rows affected (0.04 sec)
Records: 40  Duplicates: 0  Warnings: 0

Query OK, 0 rows affected (0.00 sec)

Query OK, 0 rows affected (0.00 sec)

+----------------------------+
| rep_activenumberavgPraslin |
+----------------------------+
|                       1561 |
+----------------------------+
1 row in set (0.00 sec)

+-------------------------------+
| rep_activenumberavgPraslin_pv |
+-------------------------------+
|                            40 |
+-------------------------------+
1 row in set (0.00 sec)

mysql> mysql \. C:\workspace\cloud\code\sql\_DailyScript\currenttime.sql
+---------------------+
| currenttime         |
+---------------------+
| 2021-04-26 06:08:01 |
+---------------------+
1 row in set (0.00 sec)

mysql> 
mysql> 
mysql> 
mysql> 
mysql> 
mysql> 
mysql> 
mysql> 
mysql> 
mysql> 
mysql> 
mysql> 
mysql> 
mysql> 
mysql> 
mysql> 
mysql> 
mysql> 
mysql> 
mysql> 
mysql> 
mysql> 
mysql> 
mysql> 
mysql> exit
