    -> 
    -> mysql \. C:\workspace\cloud\code\sql\_DailyScript\_setdates.sql
Database changed
Query OK, 0 rows affected (0.00 sec)

Query OK, 0 rows affected (0.00 sec)

Query OK, 0 rows affected (0.02 sec)

Query OK, 0 rows affected (0.00 sec)

Query OK, 0 rows affected (0.00 sec)

Query OK, 0 rows affected (0.00 sec)

Query OK, 0 rows affected (0.00 sec)

Query OK, 0 rows affected (0.00 sec)

Query OK, 0 rows affected (0.00 sec)

Query OK, 0 rows affected (0.00 sec)

Query OK, 0 rows affected (0.00 sec)

Query OK, 0 rows affected (0.00 sec)

Query OK, 0 rows affected (0.00 sec)

Query OK, 0 rows affected (0.00 sec)

Query OK, 0 rows affected (0.00 sec)

Query OK, 0 rows affected (0.00 sec)

Query OK, 0 rows affected (0.00 sec)

Query OK, 0 rows affected (0.00 sec)

Query OK, 0 rows affected (0.01 sec)

Query OK, 0 rows affected (0.00 sec)

Query OK, 0 rows affected (0.00 sec)

mysql> mysql \. C:\workspace\cloud\code\sql\_DailyScript\currenttime.sql
+---------------------+
| currenttime         |
+---------------------+
| 2019-07-17 07:36:27 |
+---------------------+
1 row in set (0.00 sec)

mysql> 
mysql> mysql \. C:\workspace\cloud\code\sql\_DailyScript\load_RCB_VODTITLES.sql
Database changed
Query OK, 0 rows affected (0.00 sec)

Query OK, 5395 rows affected (0.06 sec)

Query OK, 5397 rows affected, 5397 warnings (0.11 sec)
Records: 5397  Deleted: 0  Skipped: 0  Warnings: 5397

Query OK, 0 rows affected (0.00 sec)

Query OK, 2 rows affected (0.01 sec)

+-----------+
| VODTITLES |
+-----------+
|      5855 |
+-----------+
1 row in set (0.00 sec)

+-----------+-----------+
| titletype | typecount |
+-----------+-----------+
| E         |      4122 |
| N         |       165 |
| T         |      1108 |
| NULL      |      5395 |
+-----------+-----------+
4 rows in set (0.02 sec)

mysql> mysql \. C:\workspace\cloud\code\sql\_DailyScript\currenttime.sql
+---------------------+
| currenttime         |
+---------------------+
| 2019-07-17 07:36:28 |
+---------------------+
1 row in set (0.00 sec)

mysql> 
mysql> mysql \. C:\workspace\cloud\code\sql\_DailyScript\DAILY-SCRIPT-LIVETV-STATS.sql
Database changed
Query OK, 0 rows affected (0.03 sec)

Query OK, 58569 rows affected (0.98 sec)
Records: 58569  Duplicates: 0  Warnings: 0

+------------+------------+----------+--------------+--------------+-----------+-------------+----------+--------+------+------------+---------+---------------+
| Table      | Non_unique | Key_name | Seq_in_index | Column_name  | Collation | Cardinality | Sub_part | Packed | Null | Index_type | Comment | Index_comment |
+------------+------------+----------+--------------+--------------+-----------+-------------+----------+--------+------+------------+---------+---------------+
| templivetv |          1 | idxtv1   |            1 | device       | A         |       59005 |     NULL | NULL   | YES  | BTREE      |         |               |
| templivetv |          1 | idxtv2   |            1 | sessionstart | A         |       59005 |     NULL | NULL   | YES  | BTREE      |         |               |
+------------+------------+----------+--------------+--------------+-----------+-------------+----------+--------+------+------------+---------+---------------+
2 rows in set (0.00 sec)

Query OK, 58533 rows affected (15.89 sec)
Records: 58533  Duplicates: 0  Warnings: 0

Query OK, 2693 rows affected (0.79 sec)
Records: 2693  Duplicates: 0  Warnings: 0

Query OK, 0 rows affected (0.00 sec)

Query OK, 0 rows affected (0.02 sec)

Query OK, 138 rows affected (0.09 sec)
Records: 138  Duplicates: 0  Warnings: 0

Query OK, 0 rows affected (0.08 sec)

Query OK, 79853 rows affected (14 min 40.69 sec)
Records: 79853  Duplicates: 0  Warnings: 0

+-----------------+
| rep_livetvstats |
+-----------------+
|           79853 |
+-----------------+
1 row in set (0.03 sec)

mysql> mysql \. C:\workspace\cloud\code\sql\_DailyScript\currenttime.sql
+---------------------+
| currenttime         |
+---------------------+
| 2019-07-17 07:51:26 |
+---------------------+
1 row in set (0.00 sec)

mysql> 
mysql> mysql \. C:\workspace\cloud\code\sql\_DailyScript\DAILY-SCRIPT-VODTS-STATS.sql
Database changed
Query OK, 0 rows affected (0.06 sec)

Query OK, 1988 rows affected (33.74 sec)
Records: 1988  Duplicates: 0  Warnings: 0

+---------+------------+----------+--------------+--------------+-----------+-------------+----------+--------+------+------------+---------+---------------+
| Table   | Non_unique | Key_name | Seq_in_index | Column_name  | Collation | Cardinality | Sub_part | Packed | Null | Index_type | Comment | Index_comment |
+---------+------------+----------+--------------+--------------+-----------+-------------+----------+--------+------+------------+---------+---------------+
| tempvod |          1 | idxtvod1 |            1 | device       | A         |        2055 |     NULL | NULL   | YES  | BTREE      |         |               |
| tempvod |          1 | idxtvod2 |            1 | sessionstart | A         |        2055 |     NULL | NULL   | YES  | BTREE      |         |               |
+---------+------------+----------+--------------+--------------+-----------+-------------+----------+--------+------+------------+---------+---------------+
2 rows in set (0.00 sec)

Query OK, 1983 rows affected (1.44 sec)
Records: 1983  Duplicates: 0  Warnings: 0

Query OK, 0 rows affected (0.02 sec)

Query OK, 263077 rows affected (25.66 sec)
Records: 263077  Duplicates: 0  Warnings: 0

+--------------+
| rep_vodstats |
+--------------+
|       263077 |
+--------------+
1 row in set (0.09 sec)

Database changed
Query OK, 0 rows affected (0.00 sec)

Query OK, 13864 rows affected (4 min 2.28 sec)
Records: 13864  Duplicates: 0  Warnings: 0

+--------+------------+----------+--------------+--------------+-----------+-------------+----------+--------+------+------------+---------+---------------+
| Table  | Non_unique | Key_name | Seq_in_index | Column_name  | Collation | Cardinality | Sub_part | Packed | Null | Index_type | Comment | Index_comment |
+--------+------------+----------+--------------+--------------+-----------+-------------+----------+--------+------+------------+---------+---------------+
| tempts |          1 | idxtts1  |            1 | device       | A         |       14009 |     NULL | NULL   | YES  | BTREE      |         |               |
| tempts |          1 | idxtts2  |            1 | sessionstart | A         |       14009 |     NULL | NULL   | YES  | BTREE      |         |               |
+--------+------------+----------+--------------+--------------+-----------+-------------+----------+--------+------+------------+---------+---------------+
2 rows in set (0.00 sec)

Query OK, 13817 rows affected (10.93 sec)
Records: 13817  Duplicates: 0  Warnings: 0

Query OK, 0 rows affected (0.01 sec)

Query OK, 21836 rows affected (4 min 2.98 sec)
Records: 21836  Duplicates: 0  Warnings: 0

+-------------+
| rep_tsstats |
+-------------+
|       21836 |
+-------------+
1 row in set (0.01 sec)

mysql> mysql \. C:\workspace\cloud\code\sql\_DailyScript\currenttime.sql
+---------------------+
| currenttime         |
+---------------------+
| 2019-07-17 08:00:43 |
+---------------------+
1 row in set (0.00 sec)

mysql> 
mysql> mysql \. C:\workspace\cloud\code\sql\_DailyScript\DAILY-SCRIPT-RADIO-STATS.sql
Database changed
Query OK, 0 rows affected (0.05 sec)

Query OK, 161852 rows affected (7.83 sec)
Records: 161852  Duplicates: 0  Warnings: 0

+-----------+------------+----------+--------------+--------------+-----------+-------------+----------+--------+------+------------+---------+---------------+
| Table     | Non_unique | Key_name | Seq_in_index | Column_name  | Collation | Cardinality | Sub_part | Packed | Null | Index_type | Comment | Index_comment |
+-----------+------------+----------+--------------+--------------+-----------+-------------+----------+--------+------+------------+---------+---------------+
| tempradio |          1 | idxtrad1 |            1 | device       | A         |      161301 |     NULL | NULL   | YES  | BTREE      |         |               |
| tempradio |          1 | idxtrad2 |            1 | sessionstart | A         |      161301 |     NULL | NULL   | YES  | BTREE      |         |               |
+-----------+------------+----------+--------------+--------------+-----------+-------------+----------+--------+------+------------+---------+---------------+
2 rows in set (0.00 sec)

Query OK, 496 rows affected (5.77 sec)
Records: 496  Duplicates: 0  Warnings: 0

Query OK, 0 rows affected (0.06 sec)

Query OK, 2990 rows affected (0.29 sec)
Records: 2990  Duplicates: 0  Warnings: 0

+----------------+
| rep_radiostats |
+----------------+
|           2990 |
+----------------+
1 row in set (0.00 sec)

mysql> mysql \. C:\workspace\cloud\code\sql\_DailyScript\currenttime.sql
+---------------------+
| currenttime         |
+---------------------+
| 2019-07-17 08:00:58 |
+---------------------+
1 row in set (0.00 sec)

mysql> 
mysql> mysql \. C:\workspace\cloud\code\sql\_DailyScript\DAILY_SCRIPT_TELEMETRY_PIVOT.sql
Query OK, 0 rows affected (0.01 sec)

Query OK, 146 rows affected (0.15 sec)
Records: 146  Duplicates: 0  Warnings: 0

Query OK, 0 rows affected (0.01 sec)

Query OK, 4685 rows affected (0.84 sec)
Records: 4685  Duplicates: 0  Warnings: 0

Query OK, 0 rows affected (0.01 sec)

Query OK, 6 rows affected (0.07 sec)
Records: 6  Duplicates: 0  Warnings: 0

Query OK, 0 rows affected (0.01 sec)

Query OK, 54 rows affected (0.05 sec)
Records: 54  Duplicates: 0  Warnings: 0

mysql> mysql \. C:\workspace\cloud\code\sql\_DailyScript\currenttime.sql
+---------------------+
| currenttime         |
+---------------------+
| 2019-07-17 08:00:59 |
+---------------------+
1 row in set (0.00 sec)

mysql> 
mysql> mysql \. C:\workspace\cloud\code\sql\_DailyScript\telemetry_livetv_ranking2019.sql
Query OK, 0 rows affected (0.00 sec)

Query OK, 146 rows affected (0.06 sec)
Records: 146  Duplicates: 0  Warnings: 0

mysql> mysql \. C:\workspace\cloud\code\sql\_DailyScript\currenttime.sql
+---------------------+
| currenttime         |
+---------------------+
| 2019-07-17 08:00:59 |
+---------------------+
1 row in set (0.00 sec)

mysql> 
mysql> mysql \. C:\workspace\cloud\code\sql\_DailyScript\telemetry_radio_ranking2019.sql
Query OK, 0 rows affected (0.00 sec)

Query OK, 6 rows affected (0.04 sec)
Records: 6  Duplicates: 0  Warnings: 0

mysql> mysql \. C:\workspace\cloud\code\sql\_DailyScript\currenttime.sql
+---------------------+
| currenttime         |
+---------------------+
| 2019-07-17 08:00:59 |
+---------------------+
1 row in set (0.00 sec)

mysql> 
mysql> mysql \. C:\workspace\cloud\code\sql\_DailyScript\telemetry_ts_ranking2019.sql
Query OK, 0 rows affected (0.00 sec)

Query OK, 54 rows affected (0.01 sec)
Records: 54  Duplicates: 0  Warnings: 0

mysql> mysql \. C:\workspace\cloud\code\sql\_DailyScript\currenttime.sql
+---------------------+
| currenttime         |
+---------------------+
| 2019-07-17 08:00:59 |
+---------------------+
1 row in set (0.00 sec)

mysql> 
mysql> mysql \. C:\workspace\cloud\code\sql\_DailyScript\telemetry_vod_ranking2019.sql
Query OK, 0 rows affected (0.00 sec)

Query OK, 4685 rows affected (0.20 sec)
Records: 4685  Duplicates: 0  Warnings: 0

mysql> mysql \. C:\workspace\cloud\code\sql\_DailyScript\currenttime.sql
+---------------------+
| currenttime         |
+---------------------+
| 2019-07-17 08:00:59 |
+---------------------+
1 row in set (0.00 sec)

mysql> 
mysql> mysql \. C:\workspace\cloud\code\sql\_DailyScript\telemetry_vod_ranking2019_1.sql
Query OK, 0 rows affected (0.02 sec)

Query OK, 4685 rows affected (0.10 sec)
Records: 4685  Duplicates: 0  Warnings: 0

mysql> mysql \. C:\workspace\cloud\code\sql\_DailyScript\currenttime.sql
+---------------------+
| currenttime         |
+---------------------+
| 2019-07-17 08:00:59 |
+---------------------+
1 row in set (0.00 sec)

mysql> 
mysql> mysql \. C:\workspace\cloud\code\sql\_DailyScript\telemetry_vod_ranking2019_2.sql
Query OK, 0 rows affected (0.00 sec)

Query OK, 4685 rows affected (0.12 sec)
Records: 4685  Duplicates: 0  Warnings: 0

mysql> mysql \. C:\workspace\cloud\code\sql\_DailyScript\currenttime.sql
+---------------------+
| currenttime         |
+---------------------+
| 2019-07-17 08:00:59 |
+---------------------+
1 row in set (0.00 sec)

mysql> 
mysql> mysql \. C:\workspace\cloud\code\sql\_DailyScript\DAILY-SCRIPT-CREATE-LOAD.sql
Database changed
Database changed
Query OK, 0 rows affected (0.02 sec)

Query OK, 0 rows affected (0.02 sec)

Database changed
Query OK, 65443 rows affected (3.37 sec)
Records: 65443  Deleted: 0  Skipped: 0  Warnings: 0

Query OK, 0 rows affected (0.23 sec)
Records: 0  Duplicates: 0  Warnings: 0

Query OK, 0 rows affected (0.27 sec)
Records: 0  Duplicates: 0  Warnings: 0

Query OK, 0 rows affected (0.35 sec)
Records: 0  Duplicates: 0  Warnings: 0

Query OK, 0 rows affected (0.33 sec)
Records: 0  Duplicates: 0  Warnings: 0

+---------+
| clients |
+---------+
|   65443 |
+---------+
1 row in set (0.02 sec)

Query OK, 0 rows affected (0.01 sec)

Query OK, 2017 rows affected (0.53 sec)
Records: 2017  Duplicates: 0  Warnings: 0

+-------------------+
| rcb_clientparcels |
+-------------------+
|              2017 |
+-------------------+
1 row in set (0.00 sec)

Query OK, 0 rows affected (0.01 sec)

Query OK, 84983 rows affected (3.91 sec)
Records: 84983  Duplicates: 0  Warnings: 0

Query OK, 0 rows affected (0.46 sec)
Records: 0  Duplicates: 0  Warnings: 0

Query OK, 0 rows affected (0.02 sec)

Query OK, 65443 rows affected (3.48 sec)
Records: 65443  Duplicates: 0  Warnings: 0

Query OK, 0 rows affected (0.24 sec)
Records: 0  Duplicates: 0  Warnings: 0

Query OK, 0 rows affected (0.34 sec)
Records: 0  Duplicates: 0  Warnings: 0

Query OK, 0 rows affected (0.22 sec)
Records: 0  Duplicates: 0  Warnings: 0

+---------------+
| clientaddress |
+---------------+
|         65443 |
+---------------+
1 row in set (0.02 sec)

Database changed
Query OK, 0 rows affected (0.05 sec)

Query OK, 0 rows affected (0.00 sec)

Database changed
Query OK, 480667 rows affected, 65535 warnings (17.97 sec)
Records: 480667  Deleted: 0  Skipped: 0  Warnings: 187433

Query OK, 0 rows affected (3.95 sec)
Records: 0  Duplicates: 0  Warnings: 0

Query OK, 0 rows affected (2.98 sec)
Records: 0  Duplicates: 0  Warnings: 0

Query OK, 0 rows affected (1.93 sec)
Records: 0  Duplicates: 0  Warnings: 0

Query OK, 0 rows affected (0.01 sec)

Query OK, 480667 rows affected (53.93 sec)
Records: 480667  Duplicates: 0  Warnings: 0

Query OK, 0 rows affected (1.98 sec)
Records: 0  Duplicates: 0  Warnings: 0

Query OK, 0 rows affected (1.57 sec)
Records: 0  Duplicates: 0  Warnings: 0

+-----------+
| contracts |
+-----------+
|    480667 |
+-----------+
1 row in set (0.18 sec)

+-----------------+
| contractaddress |
+-----------------+
|          480667 |
+-----------------+
1 row in set (0.16 sec)

Database changed
Query OK, 0 rows affected (0.01 sec)

Query OK, 0 rows affected (0.01 sec)

Query OK, 6672 rows affected (0.15 sec)
Records: 6672  Deleted: 0  Skipped: 0  Warnings: 0

Query OK, 0 rows affected (0.01 sec)

Query OK, 6641 rows affected (1.59 sec)
Records: 6641  Duplicates: 0  Warnings: 0

Query OK, 0 rows affected (0.03 sec)
Records: 0  Duplicates: 0  Warnings: 0

Query OK, 0 rows affected (0.01 sec)

Query OK, 5458 rows affected (0.05 sec)
Records: 5458  Duplicates: 0  Warnings: 0

Query OK, 0 rows affected (0.03 sec)
Records: 0  Duplicates: 0  Warnings: 0

+-------------------+
| contractdiscounts |
+-------------------+
|              6672 |
+-------------------+
1 row in set (0.00 sec)

+-------------------------+
| clientcontractdiscounts |
+-------------------------+
|                    6641 |
+-------------------------+
1 row in set (0.00 sec)

+----------------------------+
| clientcontractlastdiscount |
+----------------------------+
|                       5458 |
+----------------------------+
1 row in set (0.00 sec)

Database changed
Query OK, 0 rows affected (0.33 sec)

Query OK, 0 rows affected (0.03 sec)

Database changed
Query OK, 129345 rows affected (3.47 sec)
Records: 129345  Deleted: 0  Skipped: 0  Warnings: 0

Query OK, 0 rows affected (0.31 sec)
Records: 0  Duplicates: 0  Warnings: 0

Query OK, 0 rows affected (0.40 sec)
Records: 0  Duplicates: 0  Warnings: 0

Query OK, 0 rows affected (0.35 sec)
Records: 0  Duplicates: 0  Warnings: 0

Query OK, 0 rows affected (0.32 sec)
Records: 0  Duplicates: 0  Warnings: 0

Query OK, 0 rows affected (0.45 sec)
Records: 0  Duplicates: 0  Warnings: 0

Query OK, 0 rows affected (0.81 sec)
Records: 0  Duplicates: 0  Warnings: 0

Query OK, 0 rows affected (0.14 sec)

Query OK, 1640071 rows affected (2 min 40.01 sec)
Records: 1640071  Duplicates: 0  Warnings: 0

+---------+
| devices |
+---------+
|  129345 |
+---------+
1 row in set (0.07 sec)

+-----------------------+
| clientcontractdevices |
+-----------------------+
|               1640071 |
+-----------------------+
1 row in set (0.91 sec)

Query OK, 0 rows affected (0.01 sec)

Query OK, 129277 rows affected (7.65 sec)
Records: 129277  Duplicates: 0  Warnings: 0

+---------------------------+
| rep_clientcontractdevices |
+---------------------------+
|                    129277 |
+---------------------------+
1 row in set (0.05 sec)

Database changed
Query OK, 0 rows affected (0.05 sec)

Query OK, 0 rows affected (0.00 sec)

Query OK, 250009 rows affected (7.42 sec)
Records: 250009  Deleted: 0  Skipped: 0  Warnings: 0

Query OK, 0 rows affected (0.76 sec)
Records: 0  Duplicates: 0  Warnings: 0

Query OK, 0 rows affected (0.68 sec)
Records: 0  Duplicates: 0  Warnings: 0

Query OK, 0 rows affected (0.69 sec)
Records: 0  Duplicates: 0  Warnings: 0

Query OK, 0 rows affected (0.56 sec)
Records: 0  Duplicates: 0  Warnings: 0

+---------+
| tickets |
+---------+
|  250009 |
+---------+
1 row in set (0.08 sec)

Database changed
Query OK, 0 rows affected (0.00 sec)

Query OK, 0 rows affected (0.02 sec)

Empty set (0.00 sec)

Query OK, 0 rows affected (0.01 sec)
Records: 0  Duplicates: 0  Warnings: 0

Query OK, 315 rows affected, 2 warnings (0.00 sec)
Records: 315  Deleted: 0  Skipped: 0  Warnings: 2

+-----------------+
| tickettechusers |
+-----------------+
|             315 |
+-----------------+
1 row in set (0.00 sec)

Database changed
Query OK, 0 rows affected (0.00 sec)

Query OK, 0 rows affected (0.00 sec)

Query OK, 0 rows affected (0.02 sec)
Records: 0  Duplicates: 0  Warnings: 0

Query OK, 522760 rows affected, 42218 warnings (9.94 sec)
Records: 522760  Deleted: 0  Skipped: 0  Warnings: 42218

+-------------------+
| ticketassignments |
+-------------------+
|            522760 |
+-------------------+
1 row in set (0.17 sec)

Database changed
Query OK, 0 rows affected (0.04 sec)

Query OK, 0 rows affected (0.01 sec)

Query OK, 1088626 rows affected (17.17 sec)
Records: 1088626  Deleted: 0  Skipped: 0  Warnings: 0

Query OK, 0 rows affected (6.26 sec)
Records: 0  Duplicates: 0  Warnings: 0

Query OK, 0 rows affected (2.89 sec)
Records: 0  Duplicates: 0  Warnings: 0

Query OK, 0 rows affected (2.70 sec)
Records: 0  Duplicates: 0  Warnings: 0

Query OK, 0 rows affected (3.06 sec)
Records: 0  Duplicates: 0  Warnings: 0

+----------------+
| ticketcomments |
+----------------+
|        1088626 |
+----------------+
1 row in set (0.37 sec)

Database changed
Query OK, 0 rows affected (0.00 sec)

Query OK, 0 rows affected (0.02 sec)

Query OK, 409742 rows affected (46.87 sec)
Records: 409742  Deleted: 0  Skipped: 0  Warnings: 0

Query OK, 0 rows affected (2.39 sec)
Records: 0  Duplicates: 0  Warnings: 0

+----------+
| comments |
+----------+
|   409742 |
+----------+
1 row in set (0.14 sec)

Database changed
Query OK, 0 rows affected (0.06 sec)

Query OK, 0 rows affected (0.01 sec)

Query OK, 852870 rows affected, 65535 warnings (1 min 3.51 sec)
Records: 852870  Deleted: 0  Skipped: 0  Warnings: 852871

Query OK, 0 rows affected (4.35 sec)
Records: 0  Duplicates: 0  Warnings: 0

Query OK, 0 rows affected (2.86 sec)
Records: 0  Duplicates: 0  Warnings: 0

Query OK, 0 rows affected (3.24 sec)
Records: 0  Duplicates: 0  Warnings: 0

Query OK, 0 rows affected (2.27 sec)
Records: 0  Duplicates: 0  Warnings: 0

Query OK, 0 rows affected (3.44 sec)
Records: 0  Duplicates: 0  Warnings: 0

+------------+
| devicesold |
+------------+
|     852870 |
+------------+
1 row in set (0.29 sec)

Database changed
Query OK, 0 rows affected (0.02 sec)

Query OK, 0 rows affected (0.01 sec)

Query OK, 1633557 rows affected (25.34 sec)
Records: 1633557  Deleted: 0  Skipped: 0  Warnings: 0

Query OK, 0 rows affected (6.14 sec)
Records: 0  Duplicates: 0  Warnings: 0

Query OK, 0 rows affected (4.68 sec)
Records: 0  Duplicates: 0  Warnings: 0

Query OK, 0 rows affected (5.10 sec)
Records: 0  Duplicates: 0  Warnings: 0

+------------------+
| contractservices |
+------------------+
|          1633557 |
+------------------+
1 row in set (0.58 sec)

Database changed
Query OK, 0 rows affected (0.06 sec)

Query OK, 0 rows affected (0.01 sec)

Query OK, 3682136 rows affected (1 min 54.97 sec)
Records: 3682136  Deleted: 0  Skipped: 0  Warnings: 0

Query OK, 0 rows affected (14.45 sec)
Records: 0  Duplicates: 0  Warnings: 0

Query OK, 0 rows affected (14.93 sec)
Records: 0  Duplicates: 0  Warnings: 0

Query OK, 0 rows affected (13.09 sec)
Records: 0  Duplicates: 0  Warnings: 0

Query OK, 0 rows affected (12.74 sec)
Records: 0  Duplicates: 0  Warnings: 0

+------------------+
| invoicescontents |
+------------------+
|          3682136 |
+------------------+
1 row in set (1.25 sec)

Database changed
Query OK, 0 rows affected (0.05 sec)

Query OK, 0 rows affected (0.01 sec)

Query OK, 2544765 rows affected (2 min 58.56 sec)
Records: 2544765  Deleted: 0  Skipped: 0  Warnings: 0

Query OK, 0 rows affected (15.58 sec)
Records: 0  Duplicates: 0  Warnings: 0

Query OK, 0 rows affected (13.73 sec)
Records: 0  Duplicates: 0  Warnings: 0

Query OK, 0 rows affected (10.67 sec)
Records: 0  Duplicates: 0  Warnings: 0

Query OK, 0 rows affected (11.47 sec)
Records: 0  Duplicates: 0  Warnings: 0

Query OK, 0 rows affected (11.48 sec)
Records: 0  Duplicates: 0  Warnings: 0

+----------------+
| invoicesheader |
+----------------+
|        2544765 |
+----------------+
1 row in set (0.83 sec)

Database changed
Query OK, 0 rows affected (0.11 sec)

Query OK, 0 rows affected (0.01 sec)

Query OK, 2667333 rows affected (1 min 17.75 sec)
Records: 2667333  Deleted: 0  Skipped: 0  Warnings: 0

Query OK, 0 rows affected (8.82 sec)
Records: 0  Duplicates: 0  Warnings: 0

Query OK, 0 rows affected (8.89 sec)
Records: 0  Duplicates: 0  Warnings: 0

Query OK, 0 rows affected (8.54 sec)
Records: 0  Duplicates: 0  Warnings: 0

Query OK, 0 rows affected (8.45 sec)
Records: 0  Duplicates: 0  Warnings: 0

+---------+
| casa    |
+---------+
| 2667333 |
+---------+
1 row in set (0.94 sec)

Query OK, 0 rows affected (0.01 sec)

Query OK, 12552 rows affected (1 min 18.25 sec)
Records: 12552  Duplicates: 0  Warnings: 0

+--------------------+
| rep_paycol_channel |
+--------------------+
|              12552 |
+--------------------+
1 row in set (0.02 sec)

Query OK, 0 rows affected (0.01 sec)

Query OK, 8343 rows affected (1 min 32.40 sec)
Records: 8343  Duplicates: 0  Warnings: 0

+----------------+
| rep_paycol_pos |
+----------------+
|           8343 |
+----------------+
1 row in set (0.00 sec)

Database changed
Query OK, 0 rows affected (0.02 sec)

Query OK, 0 rows affected (0.01 sec)

Database changed
Query OK, 38195 rows affected (0.92 sec)
Records: 38195  Deleted: 0  Skipped: 0  Warnings: 0

+-------+
| users |
+-------+
| 38195 |
+-------+
1 row in set (0.02 sec)

Database changed
Query OK, 0 rows affected (0.05 sec)

Query OK, 0 rows affected (0.01 sec)

Database changed
Query OK, 12028600 rows affected (2 min 40.77 sec)
Records: 12028600  Deleted: 0  Skipped: 0  Warnings: 0

Query OK, 0 rows affected (54.81 sec)
Records: 0  Duplicates: 0  Warnings: 0

Query OK, 0 rows affected (46.06 sec)
Records: 0  Duplicates: 0  Warnings: 0

Query OK, 0 rows affected (54.79 sec)
Records: 0  Duplicates: 0  Warnings: 0

Query OK, 0 rows affected (38.94 sec)
Records: 0  Duplicates: 0  Warnings: 0

+----------+
| ipusage1 |
+----------+
| 12028600 |
+----------+
1 row in set (6.73 sec)

Query OK, 0 rows affected (0.08 sec)

Query OK, 12131041 rows affected, 65535 warnings (15 min 34.77 sec)
Records: 12131041  Duplicates: 0  Warnings: 12120383

Query OK, 0 rows affected (40.95 sec)
Records: 0  Duplicates: 0  Warnings: 0

Query OK, 0 rows affected (42.60 sec)
Records: 0  Duplicates: 0  Warnings: 0

Query OK, 0 rows affected (44.23 sec)
Records: 0  Duplicates: 0  Warnings: 0

Query OK, 0 rows affected (43.84 sec)
Records: 0  Duplicates: 0  Warnings: 0

Query OK, 0 rows affected (59.19 sec)
Records: 0  Duplicates: 0  Warnings: 0

Query OK, 0 rows affected (1 min 4.04 sec)
Records: 0  Duplicates: 0  Warnings: 0

Query OK, 0 rows affected (1 min 1.67 sec)
Records: 0  Duplicates: 0  Warnings: 0

+----------+
| ipusage  |
+----------+
| 12131041 |
+----------+
1 row in set (7.09 sec)

Query OK, 0 rows affected (0.06 sec)

Query OK, 4001422 rows affected (3 min 20.82 sec)
Records: 4001422  Duplicates: 0  Warnings: 0

Query OK, 0 rows affected (17.12 sec)
Records: 0  Duplicates: 0  Warnings: 0

Query OK, 0 rows affected (10.31 sec)
Records: 0  Duplicates: 0  Warnings: 0

Query OK, 0 rows affected (18.36 sec)
Records: 0  Duplicates: 0  Warnings: 0

Query OK, 0 rows affected (20.89 sec)
Records: 0  Duplicates: 0  Warnings: 0

Query OK, 0 rows affected (11.32 sec)
Records: 0  Duplicates: 0  Warnings: 0

Query OK, 0 rows affected (0.03 sec)

Query OK, 342747 rows affected (33.31 sec)
Records: 342747  Duplicates: 0  Warnings: 0

Query OK, 0 rows affected (1.29 sec)
Records: 0  Duplicates: 0  Warnings: 0

Query OK, 0 rows affected (1.22 sec)
Records: 0  Duplicates: 0  Warnings: 0

Query OK, 0 rows affected (1.43 sec)
Records: 0  Duplicates: 0  Warnings: 0

Query OK, 0 rows affected (0.78 sec)
Records: 0  Duplicates: 0  Warnings: 0

Query OK, 0 rows affected (0.81 sec)
Records: 0  Duplicates: 0  Warnings: 0

Query OK, 0 rows affected (0.06 sec)

Query OK, 1633434 rows affected (57.16 sec)
Records: 1633434  Duplicates: 0  Warnings: 0

Query OK, 0 rows affected (9.02 sec)
Records: 0  Duplicates: 0  Warnings: 0

Query OK, 0 rows affected (3.89 sec)
Records: 0  Duplicates: 0  Warnings: 0

Query OK, 0 rows affected (6.21 sec)
Records: 0  Duplicates: 0  Warnings: 0

mysql> mysql \. C:\workspace\cloud\code\sql\_DailyScript\currenttime.sql
+---------------------+
| currenttime         |
+---------------------+
| 2019-07-17 08:55:13 |
+---------------------+
1 row in set (0.00 sec)

mysql> 
mysql> mysql \. C:\workspace\cloud\code\sql\_DailyScript\ticket_analysis.sql
Database changed
Query OK, 0 rows affected (0.13 sec)

Query OK, 449606 rows affected (22.55 sec)
Records: 449606  Duplicates: 0  Warnings: 0

Query OK, 0 rows affected (4.98 sec)
Records: 0  Duplicates: 0  Warnings: 0

Query OK, 0 rows affected (1.60 sec)
Records: 0  Duplicates: 0  Warnings: 0

Query OK, 0 rows affected (1.47 sec)
Records: 0  Duplicates: 0  Warnings: 0

Query OK, 0 rows affected (0.01 sec)

Query OK, 15758 rows affected (9.89 sec)
Records: 15758  Duplicates: 0  Warnings: 0

Query OK, 0 rows affected, 1 warning (0.00 sec)

Query OK, 61823 rows affected (5.79 sec)
Records: 61823  Duplicates: 0  Warnings: 0

Query OK, 0 rows affected, 1 warning (0.00 sec)

Query OK, 321564 rows affected (10.34 sec)
Records: 321564  Duplicates: 0  Warnings: 0

Query OK, 0 rows affected, 1 warning (0.00 sec)

Query OK, 321564 rows affected (11.23 sec)
Records: 321564  Duplicates: 0  Warnings: 0

Query OK, 0 rows affected (0.02 sec)

Query OK, 61866 rows affected (4.21 sec)
Records: 61866  Duplicates: 0  Warnings: 0

Database changed
Query OK, 0 rows affected (0.00 sec)

Query OK, 0 rows affected (0.02 sec)

Query OK, 449606 rows affected (19.16 sec)
Records: 449606  Duplicates: 0  Warnings: 0

Query OK, 0 rows affected (0.03 sec)

Query OK, 215313 rows affected (12.79 sec)
Records: 215313  Duplicates: 0  Warnings: 0

+--------------------------+
| clientticket_cmmtjourney |
+--------------------------+
|                   449606 |
+--------------------------+
1 row in set (2.64 sec)

+---------------------------+
| clientticket_assgnjourney |
+---------------------------+
|                    215313 |
+---------------------------+
1 row in set (0.41 sec)

Query OK, 0 rows affected (0.01 sec)

Query OK, 65 rows affected (0.09 sec)
Records: 65  Duplicates: 0  Warnings: 0

mysql> mysql \. C:\workspace\cloud\code\sql\_DailyScript\currenttime.sql
+---------------------+
| currenttime         |
+---------------------+
| 2019-07-17 08:57:01 |
+---------------------+
1 row in set (0.00 sec)

mysql> 
mysql> mysql \. C:\workspace\cloud\code\sql\_DailyScript\load_DailyCalls.sql
Database changed
Query OK, 374 rows affected (0.20 sec)
Records: 374  Deleted: 0  Skipped: 0  Warnings: 0

Query OK, 0 rows affected, 1 warning (0.00 sec)

Query OK, 353 rows affected (0.18 sec)
Records: 353  Duplicates: 0  Warnings: 0

Query OK, 0 rows affected, 1 warning (0.00 sec)

Query OK, 67030 rows affected (0.43 sec)
Records: 67030  Duplicates: 0  Warnings: 0

+----------------------+
| callingclientsbefore |
+----------------------+
|               720005 |
+----------------------+
1 row in set (1.13 sec)

Query OK, 463 rows affected (9.75 sec)
Records: 463  Duplicates: 0  Warnings: 0

+---------------------+
| callingclientsafter |
+---------------------+
|              720468 |
+---------------------+
1 row in set (0.23 sec)

Query OK, 0 rows affected (0.01 sec)

Query OK, 260 rows affected (13.64 sec)
Records: 260  Duplicates: 0  Warnings: 0

Query OK, 0 rows affected (0.00 sec)

Query OK, 14718 rows affected (2.78 sec)
Records: 14718  Duplicates: 0  Warnings: 0

+-----------+
| callstats |
+-----------+
|     14718 |
+-----------+
1 row in set (0.01 sec)

Query OK, 0 rows affected, 1 warning (0.00 sec)

Query OK, 463 rows affected (6.61 sec)
Records: 463  Duplicates: 0  Warnings: 0

+------------------------+
| rep_cccallreportbefore |
+------------------------+
|                 723648 |
+------------------------+
1 row in set (0.25 sec)

Query OK, 463 rows affected (0.99 sec)
Records: 463  Duplicates: 0  Warnings: 0

+-----------------------+
| rep_cccallreportafter |
+-----------------------+
|                724111 |
+-----------------------+
1 row in set (0.23 sec)

Query OK, 0 rows affected (0.00 sec)

mysql> mysql \. C:\workspace\cloud\code\sql\_DailyScript\currenttime.sql
+---------------------+
| currenttime         |
+---------------------+
| 2019-07-17 08:57:37 |
+---------------------+
1 row in set (0.00 sec)

mysql> 
mysql> mysql \. C:\workspace\cloud\code\sql\_DailyScript\DAILY-SCRIPT-USAGE.sql
Database changed
Query OK, 0 rows affected (0.00 sec)

Query OK, 6461 rows affected, 18697 warnings (2.19 sec)
Records: 6461  Deleted: 0  Skipped: 0  Warnings: 18697

Query OK, 0 rows affected (0.00 sec)

Query OK, 10371 rows affected, 30042 warnings (3.14 sec)
Records: 10371  Deleted: 0  Skipped: 0  Warnings: 30042

Query OK, 0 rows affected (0.00 sec)

Query OK, 110 rows affected, 384 warnings (0.06 sec)
Records: 110  Deleted: 0  Skipped: 0  Warnings: 384

Query OK, 0 rows affected (0.00 sec)

Query OK, 240 rows affected, 856 warnings (0.04 sec)
Records: 240  Deleted: 0  Skipped: 0  Warnings: 856

+------------+
| dailyusage |
+------------+
|    6831537 |
+------------+
1 row in set (21.86 sec)

+------------+------------+------------+---------+
| datestart  | dateend    | insertedon | records |
+------------+------------+------------+---------+
| 2019-07-16 | 2019-07-16 | 2019-07-17 |   17182 |
| 2019-07-15 | 2019-07-15 | 2019-07-16 |   17225 |
| 2019-07-14 | 2019-07-14 | 2019-07-15 |   16824 |
| 2019-07-13 | 2019-07-13 | 2019-07-14 |   17200 |
| 2019-07-12 | 2019-07-12 | 2019-07-13 |   17249 |
+------------+------------+------------+---------+
5 rows in set (3 min 16.13 sec)

mysql> mysql \. C:\workspace\cloud\code\sql\_DailyScript\currenttime.sql
+---------------------+
| currenttime         |
+---------------------+
| 2019-07-17 09:01:21 |
+---------------------+
1 row in set (0.00 sec)

mysql> 
mysql> mysql \. C:\workspace\cloud\code\sql\_DailyScript\DAILY-SCRIPT-SALES-TELEMETRY.sql
Database changed
Query OK, 91 rows affected, 80 warnings (0.09 sec)
Records: 91  Deleted: 0  Skipped: 0  Warnings: 80

+------------+
| dailysales |
+------------+
|     159681 |
+------------+
1 row in set (0.56 sec)

Query OK, 0 rows affected (0.05 sec)

Query OK, 159681 rows affected (20.98 sec)
Records: 159681  Duplicates: 0  Warnings: 0

+--------+
| sales  |
+--------+
| 159681 |
+--------+
1 row in set (0.08 sec)

Query OK, 0 rows affected (0.00 sec)

Query OK, 2555 rows affected (0.38 sec)
Records: 2555  Duplicates: 0  Warnings: 0

+----------------+
| rep_dailysales |
+----------------+
|           2555 |
+----------------+
1 row in set (0.00 sec)

Query OK, 0 rows affected (0.01 sec)

Query OK, 2555 rows affected (0.48 sec)
Records: 2555  Duplicates: 0  Warnings: 0

+-------------------+
| rep_dailysalesreg |
+-------------------+
|              2555 |
+-------------------+
1 row in set (0.01 sec)

Query OK, 0 rows affected (0.00 sec)

Query OK, 2459 rows affected (0.64 sec)
Records: 2459  Duplicates: 0  Warnings: 0

+-----------+
| saleslist |
+-----------+
|      2459 |
+-----------+
1 row in set (0.00 sec)

Database changed
ERROR 2 (HY000): File 'C:\ProgramData\MySQL\MySQL Server 5.7\Uploads\_csv\PrepaidCardSales-16072019-P1.csv' not found (Errcode: 2 - No such file or directory)
+------------------+
| dailysinglesales |
+------------------+
|             5839 |
+------------------+
1 row in set (0.07 sec)

Database changed
Query OK, 15 rows affected (0.04 sec)
Records: 15  Deleted: 0  Skipped: 0  Warnings: 0

+-----------------+
| dailyaddonsales |
+-----------------+
|           16243 |
+-----------------+
1 row in set (0.09 sec)

Query OK, 68 rows affected (0.10 sec)
Records: 68  Deleted: 0  Skipped: 0  Warnings: 0

+----------------+
| onlinepayments |
+----------------+
|          58048 |
+----------------+
1 row in set (0.15 sec)

+-------------+----------------+---------------------+
| paymentdate | onlinepayments | onlinepaymentamount |
+-------------+----------------+---------------------+
| 2019-07-16  |             68 |         51650.03000 |
| 2019-07-15  |             73 |         41461.35000 |
| 2019-07-14  |             70 |         47786.65000 |
| 2019-07-13  |             68 |         42545.28000 |
| 2019-07-12  |             82 |         50004.01000 |
+-------------+----------------+---------------------+
5 rows in set (3.22 sec)

+-------------+--------------+----------------+---------------------+
| paymentyear | paymentmonth | onlinepayments | onlinepaymentamount |
+-------------+--------------+----------------+---------------------+
|        2019 |            7 |           1385 |        937503.99000 |
|        2019 |            6 |           2798 |       1782990.54000 |
|        2019 |            5 |           2949 |       1930613.93000 |
|        2019 |            4 |           2854 |       1881797.80000 |
|        2019 |            3 |           2821 |       1851177.84000 |
+-------------+--------------+----------------+---------------------+
5 rows in set (0.18 sec)

mysql> mysql \. C:\workspace\cloud\code\sql\_DailyScript\currenttime.sql
+---------------------+
| currenttime         |
+---------------------+
| 2019-07-17 09:01:48 |
+---------------------+
1 row in set (0.00 sec)

mysql> 
mysql> mysql \. C:\workspace\cloud\code\sql\_DailyScript\DAILY-SCRIPT-ACTIVENUMBERS.sql
Database changed
Query OK, 1285 rows affected (0.75 sec)
Records: 1285  Deleted: 0  Skipped: 0  Warnings: 0

+------------+----------+
| period     | count(1) |
+------------+----------+
| 2019-07-16 |     1285 |
| 2019-07-15 |     1286 |
| 2019-07-14 |     1287 |
| 2019-07-13 |     1290 |
| 2019-07-12 |     1290 |
| 2019-07-11 |     1290 |
+------------+----------+
6 rows in set (0.01 sec)

Query OK, 0 rows affected (0.01 sec)

Query OK, 83 rows affected (0.33 sec)
Records: 83  Duplicates: 0  Warnings: 0

+-------------+
| packagelist |
+-------------+
|          83 |
+-------------+
1 row in set (0.00 sec)

Database changed
Query OK, 0 rows affected (0.01 sec)

Query OK, 0 rows affected (0.00 sec)

Query OK, 0 rows affected (0.00 sec)

Query OK, 0 rows affected (0.00 sec)

Query OK, 26858 rows affected, 257 warnings (41.65 sec)
Records: 26858  Deleted: 0  Skipped: 0  Warnings: 257

+------------+----------+
| period     | count(1) |
+------------+----------+
| 2019-07-16 |    26858 |
| 2019-07-15 |    26795 |
| 2019-07-14 |    26672 |
| 2019-07-13 |    26851 |
| 2019-07-12 |    26906 |
+------------+----------+
5 rows in set (0.25 sec)

Query OK, 0 rows affected (0.02 sec)

Query OK, 26231 rows affected (2 min 8.44 sec)
Records: 26231  Duplicates: 0  Warnings: 0

Query OK, 0 rows affected (0.17 sec)
Records: 0  Duplicates: 0  Warnings: 0

Query OK, 0 rows affected (0.13 sec)
Records: 0  Duplicates: 0  Warnings: 0

Query OK, 0 rows affected (0.11 sec)
Records: 0  Duplicates: 0  Warnings: 0

Query OK, 0 rows affected (0.12 sec)
Records: 0  Duplicates: 0  Warnings: 0

Query OK, 0 rows affected (0.08 sec)
Records: 0  Duplicates: 0  Warnings: 0

Query OK, 0 rows affected (0.07 sec)
Records: 0  Duplicates: 0  Warnings: 0

+-------------+
| countbefore |
+-------------+
|    27713420 |
+-------------+
1 row in set (1 min 48.00 sec)

Query OK, 26231 rows affected (17.22 sec)
Records: 26231  Duplicates: 0  Warnings: 0

+------------+
| countafter |
+------------+
|   27739651 |
+------------+
1 row in set (12.12 sec)

+------------+--------------------------+
| period     | customercontractactivity |
+------------+--------------------------+
| 2019-07-16 |                    26231 |
| 2019-07-15 |                    26168 |
| 2019-07-14 |                    26046 |
| 2019-07-13 |                    26220 |
| 2019-07-12 |                    26275 |
+------------+--------------------------+
5 rows in set (0.07 sec)

Query OK, 0 rows affected (0.02 sec)

Query OK, 220214 rows affected (13 min 55.50 sec)
Records: 220214  Duplicates: 0  Warnings: 0

Query OK, 0 rows affected (1.12 sec)
Records: 0  Duplicates: 0  Warnings: 0

Query OK, 0 rows affected (1.15 sec)
Records: 0  Duplicates: 0  Warnings: 0

Query OK, 0 rows affected (1.04 sec)
Records: 0  Duplicates: 0  Warnings: 0

Query OK, 0 rows affected (0.00 sec)

Query OK, 246 rows affected (0.55 sec)
Records: 246  Duplicates: 0  Warnings: 0

Query OK, 0 rows affected (0.00 sec)

Query OK, 2396 rows affected (0.66 sec)
Records: 2396  Duplicates: 0  Warnings: 0

Query OK, 0 rows affected (0.04 sec)

Query OK, 26220 rows affected (0.65 sec)
Records: 26220  Duplicates: 0  Warnings: 0

Query OK, 0 rows affected (0.05 sec)

Query OK, 16797 rows affected (0.50 sec)
Records: 16797  Duplicates: 0  Warnings: 0

Query OK, 0 rows affected (0.00 sec)

Query OK, 16797 rows affected (0.14 sec)
Records: 16797  Duplicates: 0  Warnings: 0

Query OK, 0 rows affected (0.01 sec)

Query OK, 16797 rows affected (1.45 sec)
Records: 16797  Duplicates: 0  Warnings: 0

Query OK, 0 rows affected (0.02 sec)

Query OK, 16797 rows affected (48.73 sec)
Records: 16797  Duplicates: 0  Warnings: 0

+-------------+
| clientstats |
+-------------+
|       16797 |
+-------------+
1 row in set (0.01 sec)

Query OK, 0 rows affected (0.00 sec)

Query OK, 13 rows affected, 1 warning (0.14 sec)
Records: 13  Duplicates: 0  Warnings: 1

+-----------------------+-------------+-------------+----------------+-----------------+
| services              | activecount | allaccounts | uniqueaccounts | uniquecontracts |
+-----------------------+-------------+-------------+----------------+-----------------+
| All                   |         132 |          27 |             27 |              85 |
| Internet & Voice      |         427 |         195 |            195 |             381 |
| Internet Only         |        4206 |        4061 |           4054 |            4135 |
| OTT Only              |          57 |           3 |              3 |              57 |
| TV & Internet         |        8844 |        3821 |           3813 |            7792 |
| TV & Internet & OTT   |        1961 |         558 |            557 |            1139 |
| TV & Internet & Voice |         509 |         140 |            140 |             437 |
| TV & OTT              |          86 |          29 |             29 |              29 |
| TV & Voice            |         113 |          49 |             49 |              99 |
| TV & Voice & OTT      |           7 |           2 |              2 |               4 |
| TV Only               |       10504 |        7743 |           7736 |            7948 |
| Voice Only            |         170 |         169 |            169 |             170 |
| GRAND TOTAL           |       27016 |       16797 |          16734 |           22276 |
+-----------------------+-------------+-------------+----------------+-----------------+
13 rows in set (0.00 sec)

+-------------+-------------+-------------+----------------+-----------------+
| network     | activecount | allaccounts | uniqueaccounts | uniquecontracts |
+-------------+-------------+-------------+----------------+-----------------+
| ADDON       |          11 |           7 |              7 |               7 |
| GPON        |        6956 |        3507 |           3505 |            5310 |
| HFC         |       19994 |       13282 |          13282 |           16904 |
| MOBILE TV   |          55 |           1 |              1 |              55 |
| GRAND TOTAL |       27016 |       16797 |          16734 |           22276 |
+-------------+-------------+-------------+----------------+-----------------+
5 rows in set, 1 warning (0.12 sec)

+-------------+-----------------------+-------------+-------------+----------------+-----------------+
| network     | services              | activecount | allaccounts | uniqueaccounts | uniquecontracts |
+-------------+-----------------------+-------------+-------------+----------------+-----------------+
| ADDON       | OTT Only              |           2 |           2 |              2 |               2 |
| ADDON       | TV & OTT              |           4 |           1 |              1 |               1 |
| ADDON       | TV Only               |           5 |           4 |              4 |               4 |
| ADDON       | Services Total        |          11 |           7 |              7 |               7 |
| GPON        | All                   |          47 |          10 |             10 |              32 |
| GPON        | Internet & Voice      |          59 |          24 |             24 |              49 |
| GPON        | Internet Only         |         936 |         848 |            848 |             867 |
| GPON        | TV & Internet         |        2991 |        1229 |           1229 |            2540 |
| GPON        | TV & Internet & OTT   |        1002 |         271 |            271 |             558 |
| GPON        | TV & Internet & Voice |         145 |          37 |             37 |             115 |
| GPON        | TV & OTT              |          57 |          19 |             19 |              19 |
| GPON        | TV & Voice            |          44 |          18 |             18 |              37 |
| GPON        | TV Only               |        1666 |        1042 |           1042 |            1084 |
| GPON        | Voice Only            |           9 |           9 |              9 |               9 |
| GPON        | Services Total        |        6956 |        3507 |           3505 |            5310 |
| HFC         | All                   |          85 |          17 |             17 |              53 |
| HFC         | Internet & Voice      |         368 |         171 |            171 |             332 |
| HFC         | Internet Only         |        3270 |        3213 |           3213 |            3268 |
| HFC         | TV & Internet         |        5853 |        2592 |           2592 |            5252 |
| HFC         | TV & Internet & OTT   |         959 |         287 |            287 |             581 |
| HFC         | TV & Internet & Voice |         364 |         103 |            103 |             322 |
| HFC         | TV & OTT              |          25 |           9 |              9 |               9 |
| HFC         | TV & Voice            |          69 |          31 |             31 |              62 |
| HFC         | TV & Voice & OTT      |           7 |           2 |              2 |               4 |
| HFC         | TV Only               |        8833 |        6697 |           6697 |            6860 |
| HFC         | Voice Only            |         161 |         160 |            160 |             161 |
| HFC         | Services Total        |       19994 |       13282 |          13282 |           16904 |
| MOBILE TV   | OTT Only              |          55 |           1 |              1 |              55 |
| MOBILE TV   | Services Total        |          55 |           1 |              1 |              55 |
| GRAND TOTAL | Services Total        |       27016 |       16797 |          16734 |           22276 |
+-------------+-----------------------+-------------+-------------+----------------+-----------------+
30 rows in set, 2 warnings (0.15 sec)

Query OK, 0 rows affected (0.00 sec)

Query OK, 46 rows affected, 3 warnings (0.73 sec)
Records: 46  Duplicates: 0  Warnings: 3

+-------------+---------------+-----------------------+-------------+-------------+----------------+-----------------+
| region      | network       | services              | activecount | allaccounts | uniqueaccounts | uniquecontracts |
+-------------+---------------+-----------------------+-------------+-------------+----------------+-----------------+
| Mahe        | ADDON         | OTT Only              |           2 |           2 |              2 |               2 |
| Mahe        | ADDON         | TV & OTT              |           4 |           1 |              1 |               1 |
| Mahe        | ADDON         | TV Only               |           4 |           3 |              3 |               3 |
| Mahe        | ADDON         | Services Total        |          10 |           6 |              6 |               6 |
| Mahe        | GPON          | All                   |          42 |           9 |              9 |              29 |
| Mahe        | GPON          | Internet & Voice      |          49 |          19 |             19 |              39 |
| Mahe        | GPON          | Internet Only         |         724 |         636 |            636 |             655 |
| Mahe        | GPON          | TV & Internet         |        2104 |         863 |            863 |            1776 |
| Mahe        | GPON          | TV & Internet & OTT   |         601 |         158 |            158 |             323 |
| Mahe        | GPON          | TV & Internet & Voice |         122 |          31 |             31 |              95 |
| Mahe        | GPON          | TV & OTT              |          42 |          13 |             13 |              13 |
| Mahe        | GPON          | TV & Voice            |          40 |          16 |             16 |              33 |
| Mahe        | GPON          | TV Only               |        1259 |         756 |            756 |             781 |
| Mahe        | GPON          | Voice Only            |           9 |           9 |              9 |               9 |
| Mahe        | GPON          | Services Total        |        4992 |        2510 |           2510 |            3753 |
| Mahe        | HFC           | All                   |          85 |          17 |             17 |              53 |
| Mahe        | HFC           | Internet & Voice      |         368 |         171 |            171 |             332 |
| Mahe        | HFC           | Internet Only         |        3270 |        3213 |           3213 |            3268 |
| Mahe        | HFC           | TV & Internet         |        5853 |        2592 |           2592 |            5252 |
| Mahe        | HFC           | TV & Internet & OTT   |         959 |         287 |            287 |             581 |
| Mahe        | HFC           | TV & Internet & Voice |         364 |         103 |            103 |             322 |
| Mahe        | HFC           | TV & OTT              |          25 |           9 |              9 |               9 |
| Mahe        | HFC           | TV & Voice            |          69 |          31 |             31 |              62 |
| Mahe        | HFC           | TV & Voice & OTT      |           7 |           2 |              2 |               4 |
| Mahe        | HFC           | TV Only               |        8828 |        6694 |           6694 |            6857 |
| Mahe        | HFC           | Voice Only            |         161 |         160 |            160 |             161 |
| Mahe        | HFC           | Services Total        |       19989 |       13279 |          13279 |           16901 |
| Mahe        | MOBILE TV     | OTT Only              |          55 |           1 |              1 |              55 |
| Mahe        | MOBILE TV     | Services Total        |          55 |           1 |              1 |              55 |
| Mahe        | Network Total | Services Total        |       25046 |       15796 |          15736 |           20715 |
| Praslin     | ADDON         | TV Only               |           1 |           1 |              1 |               1 |
| Praslin     | ADDON         | Services Total        |           1 |           1 |              1 |               1 |
| Praslin     | GPON          | All                   |           5 |           1 |              1 |               3 |
| Praslin     | GPON          | Internet & Voice      |          10 |           5 |              5 |              10 |
| Praslin     | GPON          | Internet Only         |         212 |         212 |            212 |             212 |
| Praslin     | GPON          | TV & Internet         |         887 |         366 |            366 |             764 |
| Praslin     | GPON          | TV & Internet & OTT   |         401 |         113 |            113 |             235 |
| Praslin     | GPON          | TV & Internet & Voice |          23 |           6 |              6 |              20 |
| Praslin     | GPON          | TV & OTT              |          15 |           6 |              6 |               6 |
| Praslin     | GPON          | TV & Voice            |           4 |           2 |              2 |               4 |
| Praslin     | GPON          | TV Only               |         407 |         286 |            286 |             303 |
| Praslin     | GPON          | Services Total        |        1964 |         997 |            997 |            1557 |
| Praslin     | HFC           | TV Only               |           5 |           3 |              3 |               3 |
| Praslin     | HFC           | Services Total        |           5 |           3 |              3 |               3 |
| Praslin     | Network Total | Services Total        |        1970 |        1001 |           1000 |            1561 |
| GRAND TOTAL | Network Total | Services Total        |       27016 |       16797 |          16734 |           22276 |
+-------------+---------------+-----------------------+-------------+-------------+----------------+-----------------+
46 rows in set (0.00 sec)

Query OK, 0 rows affected (0.00 sec)

Query OK, 26221 rows affected (0.47 sec)
Records: 26221  Duplicates: 0  Warnings: 0

Query OK, 0 rows affected (0.00 sec)

Query OK, 1650 rows affected (13.60 sec)
Records: 1650  Duplicates: 0  Warnings: 0

+--------------------------------------+
| message                              |
+--------------------------------------+
| running rcbill_my.sp_ActiveNumber2() |
+--------------------------------------+
1 row in set (0.00 sec)

Query OK, 197 rows affected (2 min 43.47 sec)

mysql> mysql \. C:\workspace\cloud\code\sql\_DailyScript\currenttime.sql
+---------------------+
| currenttime         |
+---------------------+
| 2019-07-17 09:24:48 |
+---------------------+
1 row in set (0.00 sec)

mysql> 
mysql> mysql \. C:\workspace\cloud\code\sql\_DailyScript\GetActiveNumbers Average -Pivot.sql
Database changed
+-------------------------------------+
| @today := subdate(current_date(),1) |
+-------------------------------------+
| 2019-07-16                          |
+-------------------------------------+
1 row in set (0.00 sec)

+-------------------------------------+
| @lastdayofmonth := last_day(@today) |
+-------------------------------------+
| 2019-07-31                          |
+-------------------------------------+
1 row in set (0.00 sec)

Query OK, 0 rows affected (0.02 sec)

Query OK, 31079 rows affected, 63132 warnings (53.80 sec)
Records: 31079  Duplicates: 0  Warnings: 63132

Query OK, 0 rows affected (0.09 sec)
Records: 0  Duplicates: 0  Warnings: 0

Query OK, 0 rows affected (0.10 sec)
Records: 0  Duplicates: 0  Warnings: 0

Query OK, 0 rows affected (0.09 sec)
Records: 0  Duplicates: 0  Warnings: 0

+-----------------+
| activenumberavg |
+-----------------+
|           31079 |
+-----------------+
1 row in set (0.01 sec)

Query OK, 0 rows affected (0.01 sec)

Query OK, 1756 rows affected (0.45 sec)
Records: 1756  Duplicates: 0  Warnings: 0

+---------------------+
| rep_activenumberavg |
+---------------------+
|                1756 |
+---------------------+
1 row in set (0.00 sec)

+----------------------+
| rep_activenumberavg1 |
+----------------------+
|                  834 |
+----------------------+
1 row in set (0.00 sec)

Query OK, 0 rows affected (0.00 sec)

Query OK, 1579 rows affected (0.35 sec)
Records: 1579  Duplicates: 0  Warnings: 0

Query OK, 0 rows affected (0.00 sec)

Query OK, 7993 rows affected (0.58 sec)
Records: 7993  Duplicates: 0  Warnings: 0

Query OK, 0 rows affected (0.00 sec)

Query OK, 0 rows affected (0.00 sec)

Query OK, 0 rows affected (0.00 sec)

Query OK, 0 rows affected (0.00 sec)

Query OK, 0 rows affected (0.00 sec)
Statement prepared

Query OK, 53 rows affected (0.03 sec)
Records: 53  Duplicates: 0  Warnings: 0

Query OK, 0 rows affected (0.00 sec)

Query OK, 0 rows affected (0.00 sec)

+----------------------+
| rep_activenumberavg2 |
+----------------------+
|                 1579 |
+----------------------+
1 row in set (0.00 sec)

+------------------------+
| rep_activenumberavg_pv |
+------------------------+
|                     53 |
+------------------------+
1 row in set (0.00 sec)

Query OK, 0 rows affected (0.00 sec)

Query OK, 1579 rows affected (0.30 sec)
Records: 1579  Duplicates: 0  Warnings: 0

Query OK, 0 rows affected (0.00 sec)

Query OK, 0 rows affected (0.00 sec)

Query OK, 0 rows affected (0.00 sec)

Query OK, 0 rows affected (0.00 sec)

Query OK, 0 rows affected (0.00 sec)
Statement prepared

Query OK, 53 rows affected (0.03 sec)
Records: 53  Duplicates: 0  Warnings: 0

Query OK, 0 rows affected (0.00 sec)

Query OK, 0 rows affected (0.00 sec)

+-------------------------+
| rep_activenumberavgMahe |
+-------------------------+
|                    1579 |
+-------------------------+
1 row in set (0.00 sec)

+----------------------------+
| rep_activenumberavgMahe_pv |
+----------------------------+
|                         53 |
+----------------------------+
1 row in set (0.00 sec)

Query OK, 0 rows affected (0.00 sec)

Query OK, 1013 rows affected (0.14 sec)
Records: 1013  Duplicates: 0  Warnings: 0

Query OK, 0 rows affected (0.00 sec)

Query OK, 0 rows affected (0.00 sec)

Query OK, 0 rows affected (0.00 sec)

Query OK, 0 rows affected (0.00 sec)

Query OK, 0 rows affected (0.00 sec)
Statement prepared

Query OK, 39 rows affected (0.02 sec)
Records: 39  Duplicates: 0  Warnings: 0

Query OK, 0 rows affected (0.00 sec)

Query OK, 0 rows affected (0.00 sec)

+----------------------------+
| rep_activenumberavgPraslin |
+----------------------------+
|                       1013 |
+----------------------------+
1 row in set (0.00 sec)

+-------------------------------+
| rep_activenumberavgPraslin_pv |
+-------------------------------+
|                            39 |
+-------------------------------+
1 row in set (0.00 sec)

mysql> mysql \. C:\workspace\cloud\code\sql\_DailyScript\currenttime.sql
+---------------------+
| currenttime         |
+---------------------+
| 2019-07-17 09:25:44 |
+---------------------+
1 row in set (0.00 sec)

mysql> 
mysql> mysql \. C:\workspace\cloud\code\sql\_DailyScript\budget_actual_analysis_2019.sql
Query OK, 0 rows affected (0.00 sec)

Query OK, 560 rows affected, 3 warnings (0.30 sec)
Records: 560  Duplicates: 0  Warnings: 3

+--------------------+
| budget_actual_2019 |
+--------------------+
|                560 |
+--------------------+
1 row in set (0.00 sec)

Query OK, 0 rows affected (0.02 sec)

Query OK, 48 rows affected (0.03 sec)
Records: 48  Duplicates: 0  Warnings: 0

+---------------------------+
| rep_budget_actual_2019_pv |
+---------------------------+
|                        48 |
+---------------------------+
1 row in set (0.00 sec)

mysql> mysql \. C:\workspace\cloud\code\sql\_DailyScript\currenttime.sql
+---------------------+
| currenttime         |
+---------------------+
| 2019-07-17 09:25:44 |
+---------------------+
1 row in set (0.00 sec)

mysql> 
mysql> mysql \. C:\workspace\cloud\code\sql\_DailyScript\reports-sales-addons-prepaid-camera.sql
Database changed
Query OK, 0 rows affected (0.02 sec)

Query OK, 3707 rows affected (0.42 sec)
Records: 3707  Duplicates: 0  Warnings: 0

Query OK, 0 rows affected (0.02 sec)

Query OK, 16252 rows affected (1 min 33.40 sec)
Records: 16252  Duplicates: 0  Warnings: 0

+--------------------+
| rep_prepaid_camera |
+--------------------+
|               3707 |
+--------------------+
1 row in set (0.01 sec)

+-----------+
| rep_addon |
+-----------+
|     16252 |
+-----------+
1 row in set (0.00 sec)

mysql> mysql \. C:\workspace\cloud\code\sql\_DailyScript\currenttime.sql
+---------------------+
| currenttime         |
+---------------------+
| 2019-07-17 09:27:18 |
+---------------------+
1 row in set (0.00 sec)

mysql> 
mysql> mysql \. C:\workspace\cloud\code\sql\_DailyScript\housing-estate-analysis.sql
Database changed
Query OK, 0 rows affected (0.00 sec)

Query OK, 2845 rows affected (41.71 sec)
Records: 2845  Duplicates: 0  Warnings: 0

+--------------------+
| rep_housingestates |
+--------------------+
|               2845 |
+--------------------+
1 row in set (0.00 sec)

mysql> mysql \. C:\workspace\cloud\code\sql\_DailyScript\currenttime.sql
+---------------------+
| currenttime         |
+---------------------+
| 2019-07-17 09:28:00 |
+---------------------+
1 row in set (0.00 sec)

mysql> 
mysql> mysql \. C:\workspace\cloud\code\sql\_DailyScript\RCB_ClientAnalyticsReport_Script.sql
Database changed
Query OK, 0 rows affected (0.00 sec)

Query OK, 0 rows affected (0.08 sec)

Query OK, 1698804 rows affected (2 min 4.88 sec)
Records: 1698804  Duplicates: 0  Warnings: 0

Query OK, 0 rows affected (7.96 sec)
Records: 0  Duplicates: 0  Warnings: 0

Query OK, 0 rows affected (5.46 sec)
Records: 0  Duplicates: 0  Warnings: 0

Query OK, 0 rows affected (9.41 sec)
Records: 0  Duplicates: 0  Warnings: 0

Query OK, 0 rows affected (10.29 sec)
Records: 0  Duplicates: 0  Warnings: 0

Query OK, 0 rows affected (11.09 sec)
Records: 0  Duplicates: 0  Warnings: 0

Query OK, 0 rows affected (7.87 sec)
Records: 0  Duplicates: 0  Warnings: 0

Query OK, 0 rows affected (0.00 sec)

Query OK, 443996 rows affected (15.27 sec)
Rows matched: 1698804  Changed: 443996  Warnings: 0

Query OK, 0 rows affected (0.01 sec)

Query OK, 27008 rows affected (4.84 sec)
Records: 27008  Duplicates: 0  Warnings: 0

Query OK, 0 rows affected (0.05 sec)

Query OK, 42413 rows affected (11 min 18.70 sec)
Records: 42413  Duplicates: 0  Warnings: 0

Query OK, 0 rows affected (0.19 sec)
Records: 0  Duplicates: 0  Warnings: 0

Query OK, 0 rows affected (0.17 sec)
Records: 0  Duplicates: 0  Warnings: 0

Query OK, 0 rows affected (0.12 sec)
Records: 0  Duplicates: 0  Warnings: 0

Query OK, 0 rows affected (0.03 sec)

Query OK, 417707 rows affected (12 min 38.92 sec)
Records: 417707  Duplicates: 0  Warnings: 0

Query OK, 0 rows affected (1.87 sec)
Records: 0  Duplicates: 0  Warnings: 0

Query OK, 0 rows affected (1.84 sec)
Records: 0  Duplicates: 0  Warnings: 0

Query OK, 0 rows affected (0.99 sec)
Records: 0  Duplicates: 0  Warnings: 0

Query OK, 0 rows affected (1.97 sec)
Records: 0  Duplicates: 0  Warnings: 0

Query OK, 0 rows affected (1.14 sec)
Records: 0  Duplicates: 0  Warnings: 0

Query OK, 0 rows affected (0.17 sec)

Query OK, 42413 rows affected (1 min 33.41 sec)
Records: 42413  Duplicates: 0  Warnings: 0

+--------------+
| clientreport |
+--------------+
|        42413 |
+--------------+
1 row in set (0.02 sec)

Query OK, 0 rows affected (0.01 sec)

Query OK, 42413 rows affected (7.04 sec)
Records: 42413  Duplicates: 0  Warnings: 0

+----------------------+
| clientextendedreport |
+----------------------+
|                42413 |
+----------------------+
1 row in set (0.02 sec)

Query OK, 0 rows affected (0.01 sec)

Query OK, 42413 rows affected (2 min 9.74 sec)
Records: 42413  Duplicates: 0  Warnings: 0

+---------+
| allcust |
+---------+
|   42413 |
+---------+
1 row in set (0.02 sec)

Query OK, 0 rows affected, 1 warning (0.00 sec)

Query OK, 5000 rows affected (0.18 sec)
Records: 5000  Duplicates: 0  Warnings: 0

Query OK, 0 rows affected (0.03 sec)

Query OK, 6957 rows affected (0.45 sec)
Records: 6957  Duplicates: 0  Warnings: 0

Query OK, 0 rows affected, 1 warning (0.00 sec)

Query OK, 5000 rows affected (0.16 sec)
Records: 5000  Duplicates: 0  Warnings: 0

Query OK, 0 rows affected (0.00 sec)

Query OK, 7328 rows affected (0.21 sec)
Records: 7328  Duplicates: 0  Warnings: 0

mysql> mysql \. C:\workspace\cloud\code\sql\_DailyScript\currenttime.sql
+---------------------+
| currenttime         |
+---------------------+
| 2019-07-17 09:59:14 |
+---------------------+
1 row in set (0.00 sec)

mysql> 
mysql> mysql \. C:\workspace\cloud\code\sql\_DailyScript\REVENUE_PER_NODE_MXK.sql
Query OK, 0 rows affected (0.00 sec)

Query OK, 0 rows affected (0.01 sec)

Query OK, 0 rows affected (0.01 sec)

Query OK, 4694 rows affected (2.62 sec)
Records: 4694  Duplicates: 0  Warnings: 0

+----------------------+
| message              |
+----------------------+
| created temp table a |
+----------------------+
1 row in set (0.01 sec)

Query OK, 5092 rows affected (1.17 sec)
Records: 5092  Duplicates: 0  Warnings: 0

+----------------------+
| message              |
+----------------------+
| created temp table b |
+----------------------+
1 row in set (0.00 sec)

Query OK, 0 rows affected, 1 warning (0.00 sec)

Query OK, 4938 rows affected (9.45 sec)
Records: 4938  Duplicates: 0  Warnings: 0

+--------------------------------+
| message                        |
+--------------------------------+
| created rcbill_my.tempcustmxk1 |
+--------------------------------+
1 row in set (0.00 sec)

Query OK, 0 rows affected (0.00 sec)

Query OK, 0 rows affected (0.00 sec)

Query OK, 0 rows affected, 1 warning (0.00 sec)

Query OK, 4694 rows affected (1.21 sec)
Records: 4694  Duplicates: 0  Warnings: 0

+----------------+
| message        |
+----------------+
| created temp a |
+----------------+
1 row in set (0.00 sec)

Query OK, 5092 rows affected (0.40 sec)
Records: 5092  Duplicates: 0  Warnings: 0

+----------------+
| message        |
+----------------+
| created temp b |
+----------------+
1 row in set (0.00 sec)

Query OK, 0 rows affected, 1 warning (0.00 sec)

Query OK, 5181 rows affected (6.30 sec)
Records: 5181  Duplicates: 0  Warnings: 0

+--------------------------------+
| message                        |
+--------------------------------+
| created rcbill_my.tempcustmxk2 |
+--------------------------------+
1 row in set (0.00 sec)

Query OK, 0 rows affected (0.00 sec)

Query OK, 0 rows affected (0.00 sec)

Query OK, 0 rows affected, 1 warning (0.00 sec)

Query OK, 0 rows affected (0.01 sec)

Query OK, 5596 rows affected (0.29 sec)
Records: 5596  Duplicates: 0  Warnings: 0

+---------------------------------+
| message                         |
+---------------------------------+
| created rcbill_my.customers_mxk |
+---------------------------------+
1 row in set (0.00 sec)

Query OK, 0 rows affected (0.01 sec)

Query OK, 0 rows affected (0.00 sec)

Query OK, 13219 rows affected (5.91 sec)
Records: 13219  Duplicates: 0  Warnings: 0

+----------------+
| message        |
+----------------+
| created temp a |
+----------------+
1 row in set (0.00 sec)

Query OK, 21275 rows affected (2.26 sec)
Records: 21275  Duplicates: 0  Warnings: 0

+----------------+
| message        |
+----------------+
| created temp c |
+----------------+
1 row in set (0.00 sec)

Query OK, 0 rows affected, 1 warning (0.00 sec)

Query OK, 27835 rows affected (0.35 sec)
Records: 27835  Duplicates: 0  Warnings: 0

+---------------------------------+
| message                         |
+---------------------------------+
| created rcbill_my.tempcustcmts1 |
+---------------------------------+
1 row in set (0.00 sec)

Query OK, 0 rows affected (0.00 sec)

Query OK, 0 rows affected, 1 warning (0.00 sec)

Query OK, 0 rows affected (0.01 sec)

Query OK, 13219 rows affected (5.68 sec)
Records: 13219  Duplicates: 0  Warnings: 0

+----------------+
| message        |
+----------------+
| created temp a |
+----------------+
1 row in set (0.00 sec)

Query OK, 21275 rows affected (1.07 sec)
Records: 21275  Duplicates: 0  Warnings: 0

+----------------+
| message        |
+----------------+
| created temp c |
+----------------+
1 row in set (0.00 sec)

Query OK, 0 rows affected, 1 warning (0.00 sec)

Query OK, 22236 rows affected (0.31 sec)
Records: 22236  Duplicates: 0  Warnings: 0

+---------------------------------+
| message                         |
+---------------------------------+
| created rcbill_my.tempcustcmts2 |
+---------------------------------+
1 row in set (0.00 sec)

Query OK, 0 rows affected (0.01 sec)

Query OK, 0 rows affected, 1 warning (0.00 sec)

Query OK, 0 rows affected (0.01 sec)

Query OK, 0 rows affected (0.00 sec)

Query OK, 13365 rows affected (1.05 sec)
Records: 13365  Duplicates: 0  Warnings: 0

+----------------------------------+
| message                          |
+----------------------------------+
| created rcbill_my.customers_cmts |
+----------------------------------+
1 row in set (0.00 sec)

Query OK, 0 rows affected (0.00 sec)

Query OK, 0 rows affected (0.00 sec)

Query OK, 0 rows affected (0.01 sec)

Query OK, 18961 rows affected (0.96 sec)
Records: 18961  Duplicates: 0  Warnings: 0

+--------------------------------------+
| message                              |
+--------------------------------------+
| created rcbill_my.customers_cmts_mxk |
+--------------------------------------+
1 row in set (0.00 sec)

Query OK, 440567 rows affected (1 min 20.61 sec)
Records: 440567  Duplicates: 0  Warnings: 0

+----------------+
| message        |
+----------------+
| created temp a |
+----------------+
1 row in set (0.00 sec)

Query OK, 0 rows affected (0.02 sec)

Query OK, 441504 rows affected (14.24 sec)
Records: 441504  Duplicates: 0  Warnings: 0

+------------------------------------------------+
| message                                        |
+------------------------------------------------+
| created rcbill_my.customers_contracts_cmts_mxk |
+------------------------------------------------+
1 row in set (0.00 sec)

Query OK, 0 rows affected (0.01 sec)

Query OK, 0 rows affected, 1 warning (0.00 sec)

Query OK, 0 rows affected, 1 warning (0.00 sec)

Query OK, 0 rows affected (0.00 sec)

Query OK, 8039 rows affected (3.37 sec)
Rows matched: 8039  Changed: 8039  Warnings: 0

+------------------------------------------------+
| message                                        |
+------------------------------------------------+
| updated rcbill_my.customers_contracts_cmts_mxk |
+------------------------------------------------+
1 row in set (0.00 sec)

Query OK, 0 rows affected (0.02 sec)

Query OK, 1660156 rows affected (4 min 26.70 sec)
Records: 1660156  Duplicates: 0  Warnings: 0

+----------------------------------------+
| message                                |
+----------------------------------------+
| created rcbill_my.customers_collection |
+----------------------------------------+
1 row in set (0.00 sec)

Query OK, 0 rows affected (0.05 sec)

Query OK, 1911015 rows affected (1 min 57.31 sec)
Records: 1911015  Duplicates: 0  Warnings: 0

+------------------------------------------------+
| message                                        |
+------------------------------------------------+
| created rcbill_my.customers_cmts_mxk_cont_coll |
+------------------------------------------------+
1 row in set (0.00 sec)

Query OK, 0 rows affected (0.15 sec)

Query OK, 39554 rows affected (9.97 sec)
Records: 39554  Duplicates: 0  Warnings: 0

+------------------------------------------------------------+
| message                                                    |
+------------------------------------------------------------+
| created rcbill_my.customers_contracts_collection_pivot2019 |
+------------------------------------------------------------+
1 row in set (0.00 sec)

Query OK, 0 rows affected (0.00 sec)

Query OK, 19343 rows affected (7.50 sec)
Records: 19343  Duplicates: 0  Warnings: 0

+--------------------------------------------------+
| message                                          |
+--------------------------------------------------+
| created rcbill_my.customers_collection_pivot2019 |
+--------------------------------------------------+
1 row in set (0.00 sec)

Query OK, 0 rows affected (0.01 sec)

Query OK, 42413 rows affected (1.57 sec)
Records: 42413  Duplicates: 0  Warnings: 0

+------------------------------------------------+
| message                                        |
+------------------------------------------------+
| created rcbill_my.rep_customers_collection2019 |
+------------------------------------------------+
1 row in set (0.02 sec)

Query OK, 0 rows affected (0.00 sec)

Query OK, 0 rows affected, 1 warning (0.00 sec)

Query OK, 411746 rows affected (20.72 sec)
Records: 411746  Duplicates: 0  Warnings: 0

+-------------------------+
| message                 |
+-------------------------+
| created rcbill_my.tempa |
+-------------------------+
1 row in set (0.00 sec)

Query OK, 0 rows affected, 1 warning (0.00 sec)

Query OK, 88837 rows affected (12.52 sec)
Records: 88837  Duplicates: 0  Warnings: 0

+-------------------------+
| message                 |
+-------------------------+
| created rcbill_my.tempb |
+-------------------------+
1 row in set (0.00 sec)

Query OK, 411746 rows affected (9.32 sec)
Records: 411746  Duplicates: 0  Warnings: 0

+-----------+
| message   |
+-----------+
| created a |
+-----------+
1 row in set (0.00 sec)

Query OK, 89044 rows affected (6.97 sec)
Records: 89044  Duplicates: 0  Warnings: 0

+-----------+
| message   |
+-----------+
| created b |
+-----------+
1 row in set (0.00 sec)

Query OK, 0 rows affected (0.10 sec)

Query OK, 0 rows affected (0.01 sec)

Query OK, 0 rows affected (0.01 sec)

Query OK, 414559 rows affected (29.37 sec)
Records: 414559  Duplicates: 0  Warnings: 0

+----------------------------------------------+
| message                                      |
+----------------------------------------------+
| created rcbill_my.cust_cont_payment_cmts_mxk |
+----------------------------------------------+
1 row in set (0.00 sec)

Query OK, 0 rows affected (0.01 sec)

Query OK, 0 rows affected (0.00 sec)

Query OK, 0 rows affected, 1 warning (0.00 sec)

Query OK, 0 rows affected (0.00 sec)

Query OK, 42413 rows affected (12.41 sec)
Records: 42413  Duplicates: 0  Warnings: 0

+--------------------------------------------------+
| message                                          |
+--------------------------------------------------+
| created rcbill_my.rep_cust_cont_payment_cmts_mxk |
+--------------------------------------------------+
1 row in set (0.00 sec)

Query OK, 0 rows affected, 1 warning (0.00 sec)

Query OK, 0 rows affected, 1 warning (0.00 sec)

Query OK, 0 rows affected (0.01 sec)

Query OK, 42413 rows affected, 5 warnings (8.71 sec)
Records: 42413  Duplicates: 0  Warnings: 5

+----------------------+
| rep_custconsolidated |
+----------------------+
|                42413 |
+----------------------+
1 row in set (0.03 sec)

Query OK, 0 rows affected (0.00 sec)

Query OK, 0 rows affected (0.01 sec)

+----------------------------------------------+
| message                                      |
+----------------------------------------------+
| creating rcbill_my.retentioncustomeractivity |
+----------------------------------------------+
1 row in set (0.00 sec)

Query OK, 680 rows affected (0.09 sec)
Records: 680  Duplicates: 0  Warnings: 0

+---------------------------+
| retentioncustomeractivity |
+---------------------------+
|                       680 |
+---------------------------+
1 row in set (0.00 sec)

+-----------+------------------------------------+------------+-------------+-----------------+------------------+---------------------+-------------------+
| HFC_NODE  | NODENAME                           | CMTS_DATE  | INSERTED_ON | UNIQUE_ACCOUNTS | UNIQUE_CONTRACTS | UNIQUE_MAC_INRCBOSS | UNIQUE_MAC_INCMTS |
+-----------+------------------------------------+------------+-------------+-----------------+------------------+---------------------+-------------------+
| NULL      | NULL                               | NULL       | 2019-07-17  |            5526 |             5782 |                5836 |                 0 |
| C5/0/0/U0 | ANSE-BOILEAU-2                     | 2019-06-26 | 2019-07-17  |             176 |              180 |                 176 |               176 |
| C5/0/0/U1 | 500-C3-ANSE-BOILEAU                | 2019-06-26 | 2019-07-17  |             169 |              177 |                 169 |               171 |
| C5/0/1/U0 | 501-C4-LA-MISIERE-LEFT-I           | 2019-06-26 | 2019-07-17  |             212 |              222 |                 211 |               215 |
| C5/0/1/U1 | 501-C5-LA-MISIERE-RIGHT            | 2019-06-26 | 2019-07-17  |             101 |              104 |                 101 |               102 |
| C5/0/1/U2 | 501-C7-LA-MISIERE-LEFT-II          | 2019-06-26 | 2019-07-17  |              84 |               85 |                  84 |                86 |
| C5/0/2/U0 | 502-C8-LA-LOUISE                   | 2019-06-26 | 2019-07-17  |             137 |              139 |                 137 |               142 |
| C5/0/2/U1 | LA-LOUISE-2                        | 2019-06-26 | 2019-07-17  |             137 |              141 |                 137 |               144 |
| C5/0/3/U0 | 504-C6-PETIT-PARIS                 | 2019-06-26 | 2019-07-17  |             157 |              158 |                 157 |               161 |
| C5/0/3/U1 | PETIT-PARIS-23                     | 2019-06-26 | 2019-07-17  |              79 |               82 |                  79 |                84 |
| C5/0/4/U0 | FOUR-SEASONS                       | 2019-06-26 | 2019-07-17  |               6 |               17 |                  17 |                18 |
| C5/0/4/U1 | ANCHOR-CAFE-I                      | 2019-06-26 | 2019-07-17  |             141 |              143 |                 141 |               143 |
| C5/0/4/U2 | ANCHOR-CAFE-II                     | 2019-06-26 | 2019-07-17  |             151 |              154 |                 151 |               154 |
| C5/1/0/U0 | POINTE-LARUE-AIRPORT-23            | 2019-06-26 | 2019-07-17  |             101 |              109 |                 103 |               105 |
| C5/1/0/U1 | PPROVIDENCE-23                     | 2019-06-26 | 2019-07-17  |              26 |               29 |                  27 |                28 |
| C5/1/0/U2 | ROSHE-CAIMAN-23                    | 2019-06-26 | 2019-07-17  |              12 |               13 |                  12 |                12 |
| C5/1/0/U3 | HEAD-OFFICE | HO-23                | 2019-06-26 | 2019-07-17  |              26 |               26 |                  26 |                31 |
| C5/1/1/U1 | C5-UNION-VALE                      | 2019-06-26 | 2019-07-17  |             196 |              201 |                 196 |               197 |
| C5/1/3/U0 | POINTE-LARUE-AIRPORT-27            | 2019-06-26 | 2019-07-17  |             133 |              135 |                 133 |               135 |
| C5/1/3/U1 | PPROVIDENCE-27                     | 2019-06-26 | 2019-07-17  |              35 |               35 |                  35 |                35 |
| C5/1/3/U2 | ROSHE-CAIMAN-27                    | 2019-06-26 | 2019-07-17  |              23 |               23 |                  23 |                23 |
| C5/1/3/U3 | HEAD-OFFICE | HO-27                | 2019-06-26 | 2019-07-17  |              19 |               20 |                  19 |                21 |
| C5/1/4/U0 | ANSE-ROYALE-27                     | 2019-06-26 | 2019-07-17  |             175 |              181 |                 175 |               177 |
| C5/1/4/U1 | GLACIS-2-57                        | 2019-06-26 | 2019-07-17  |              93 |               97 |                  93 |                96 |
| C5/1/4/U3 | GLACIS-1                           | 2019-06-26 | 2019-07-17  |              99 |              103 |                  99 |               105 |
| C6/0/1/U0 | SERRET-ROAD-RIGHT/CURIO/PASCAL     | 2019-06-26 | 2019-07-17  |             120 |              120 |                 120 |               121 |
| C6/0/1/U1 | SERRET-ROAD-LEFT/ST.LOUIS/TOWN     | 2019-06-26 | 2019-07-17  |             141 |              147 |                 141 |               142 |
| C6/0/1/U2 | SERRET-ROAD-RIGHT/CURIO/PASCAL-2   | 2019-06-26 | 2019-07-17  |             126 |              131 |                 126 |               129 |
| C6/0/1/U3 | SERRET-ROAD-LEFT/ST.LOUIS/TOWN-2   | 2019-06-26 | 2019-07-17  |             136 |              140 |                 136 |               139 |
| C6/0/2/U0 | SANS-SOUCIS-I                      | 2019-06-26 | 2019-07-17  |             124 |              128 |                 124 |               128 |
| C6/0/2/U1 | SANS-SOUCIS-II                     | 2019-06-26 | 2019-07-17  |             109 |              111 |                 108 |               110 |
| C6/0/2/U2 | BEL-AIR-27                         | 2019-06-26 | 2019-07-17  |              89 |               91 |                  89 |                93 |
| C6/0/2/U3 | BEL-AIR-38                         | 2019-06-26 | 2019-07-17  |             116 |              122 |                 116 |               118 |
| C6/0/3/U0 | LES-MAMELLES-23                    | 2019-06-26 | 2019-07-17  |              98 |               98 |                  98 |               101 |
| C6/0/3/U1 | VICTORIA-23                        | 2019-06-26 | 2019-07-17  |              32 |               34 |                  32 |                34 |
| C6/0/4/U0 | LES-MAMELLES-27                    | 2019-06-26 | 2019-07-17  |              55 |               55 |                  55 |                55 |
| C6/0/4/U1 | VICTORIA-27                        | 2019-06-26 | 2019-07-17  |              18 |               23 |                  21 |                23 |
| C7/1/0/U0 | LA-RETRAITE-23                     | 2019-06-26 | 2019-07-17  |              97 |              103 |                  97 |               100 |
| C7/1/0/U1 | TEA-FACTORY-23                     | 2019-06-26 | 2019-07-17  |              28 |               33 |                  29 |                30 |
| C7/1/0/U2 | PAS-23                             | 2019-06-26 | 2019-07-17  |             104 |              107 |                 104 |               105 |
| C7/1/1/U0 | REEF-ESTATE-23                     | 2019-06-26 | 2019-07-17  |              88 |               89 |                  88 |                90 |
| C7/1/1/U1 | BEL-OMBRE-NEW-23                   | 2019-06-26 | 2019-07-17  |              21 |               21 |                  21 |                25 |
| C7/1/2/U0 | LA-RETRAITE-27                     | 2019-06-26 | 2019-07-17  |             125 |              130 |                 126 |               127 |
| C7/1/2/U1 | TEA-FACTORY-27                     | 2019-06-26 | 2019-07-17  |              20 |               23 |                  21 |                21 |
| C7/1/2/U2 | PAS-27                             | 2019-06-26 | 2019-07-17  |              90 |               93 |                  90 |                92 |
| C7/1/3/U0 | MT-BUXTON-27                       | 2019-06-26 | 2019-07-17  |             154 |              159 |                 154 |               158 |
| C7/1/3/U1 | MT-BUXTON-23                       | 2019-06-26 | 2019-07-17  |              62 |               63 |                  62 |                63 |
| C7/1/4/U0 | REEF-ESTATE-27                     | 2019-06-26 | 2019-07-17  |              61 |               62 |                  61 |                61 |
| C7/1/4/U1 | BEL-OMBRE-NEW-27                   | 2019-06-26 | 2019-07-17  |              18 |               18 |                  18 |                20 |
| C8/0/0/U0 | POLICE-ACADEMY-1-27 - POINTE LARUE | 2019-06-26 | 2019-07-17  |             172 |              174 |                 172 |               175 |
| C8/0/0/U1 | NULL                               | 2019-06-26 | 2019-07-17  |             104 |              107 |                 104 |               110 |
| C8/0/1/U0 | NULL                               | 2019-06-26 | 2019-07-17  |             195 |              198 |                 195 |               196 |
| C8/0/1/U1 | POLICE-ACADEMY-2-27 - TURTLE BAY   | 2019-06-26 | 2019-07-17  |             144 |              148 |                 145 |               145 |
| C8/0/2/U0 | BEAU-VALLON-LEFT-1-57              | 2019-06-26 | 2019-07-17  |              91 |               94 |                  91 |                93 |
| C8/0/3/U1 | BEAU-VALLON-RIGHT-2-57             | 2019-06-26 | 2019-07-17  |             198 |              207 |                 198 |               201 |
| C8/1/0/U0 | MA-JOIE-NODE-27                    | 2019-06-26 | 2019-07-17  |             114 |              115 |                 114 |               115 |
| C8/1/0/U1 | BELONIE-27                         | 2019-06-26 | 2019-07-17  |             148 |              151 |                 146 |               147 |
| C8/1/0/U3 | MA-JOIE-NODE-23                    | 2019-06-26 | 2019-07-17  |             115 |              118 |                 115 |               115 |
| C8/1/1/U0 | 611-C1-ROJN I                      | 2019-06-26 | 2019-07-17  |             149 |              150 |                 149 |               152 |
| C8/1/1/U1 | 611-C5-ROJN II                     | 2019-06-26 | 2019-07-17  |              88 |               90 |                  88 |                89 |
| C8/1/2/U0 | 612-C2-ANSE-ETOILE                 | 2019-06-26 | 2019-07-17  |             230 |              233 |                 230 |               230 |
| C8/1/2/U1 | ANSE-ETOILE-U2                     | 2019-06-26 | 2019-07-17  |              43 |               44 |                  43 |                45 |
| C8/1/3/U0 | 613-C3-ANSE-GAULETTE I             | 2019-06-26 | 2019-07-17  |              69 |               72 |                  69 |                69 |
| C8/1/3/U1 | 613-C7-ANSE-GAULETTE II            | 2019-06-26 | 2019-07-17  |              70 |               78 |                  70 |                75 |
| C8/1/3/U2 | 613-C3-ANSE-GAULETTE III           | 2019-06-26 | 2019-07-17  |              34 |               37 |                  34 |                35 |
| C8/1/3/U3 | TAKAMAKA I                         | 2019-06-26 | 2019-07-17  |              97 |               98 |                  97 |                97 |
| C8/1/3/U4 | TAKAMAKA II                        | 2019-06-26 | 2019-07-17  |             100 |              102 |                 100 |               100 |
| C8/1/4/U0 | 614-BEOLIERE-NODE-1                | 2019-06-26 | 2019-07-17  |             154 |              164 |                 154 |               161 |
| C8/1/4/U1 | 614-BEOLIERE-NODE-2                | 2019-06-26 | 2019-07-17  |              59 |               60 |                  59 |                61 |
+-----------+------------------------------------+------------+-------------+-----------------+------------------+---------------------+-------------------+
69 rows in set (0.22 sec)

+------------------+------------+-------------+-----------------+------------------+----------------------+-------------------+
| MXK_NAME         | MXK_DATE   | INSERTED_ON | UNIQUE_ACCOUNTS | UNIQUE_CONTRACTS | UNIQUE_FSAN_INRCBOSS | UNIQUE_FSAN_INMXK |
+------------------+------------+-------------+-----------------+------------------+----------------------+-------------------+
| NULL             | NULL       | 2019-07-17  |             403 |              412 |                  399 |                 0 |
| MXK-ANSEETOILE   | 2019-06-26 | 2019-07-17  |              98 |               99 |                   99 |               105 |
| MXK-ANSEROYALE   | 2019-06-26 | 2019-07-17  |             132 |              133 |                  133 |               149 |
| MXK-BEAUVALLON   | 2019-06-26 | 2019-07-17  |            1087 |             1102 |                 1094 |              1151 |
| MXK-MAHE         | 2019-06-26 | 2019-07-17  |             848 |              868 |                  811 |              1030 |
| MXK-PERSEVERANCE | 2019-06-26 | 2019-07-17  |             960 |              965 |                  960 |              1107 |
| MXK-PRASLIN      | 2019-06-26 | 2019-07-17  |            1178 |             1181 |                 1173 |              1325 |
+------------------+------------+-------------+-----------------+------------------+----------------------+-------------------+
7 rows in set (0.08 sec)

mysql> mysql \. C:\workspace\cloud\code\sql\_DailyScript\currenttime.sql
+---------------------+
| currenttime         |
+---------------------+
| 2019-07-17 10:09:56 |
+---------------------+
1 row in set (0.02 sec)

mysql> 
mysql> mysql \. C:\workspace\cloud\code\sql\Analysis\service_tickets_assignments.sql
Query OK, 0 rows affected (0.02 sec)

Query OK, 52284 rows affected (10.46 sec)
Records: 52284  Duplicates: 0  Warnings: 0

+-------------------------+
| rep_servicetickets_2019 |
+-------------------------+
|                   52284 |
+-------------------------+
1 row in set (0.08 sec)

mysql> mysql \. C:\workspace\cloud\code\sql\_DailyScript\currenttime.sql
+---------------------+
| currenttime         |
+---------------------+
| 2019-07-17 10:10:07 |
+---------------------+
1 row in set (0.00 sec)

mysql> 
mysql> 
mysql> 
mysql> 
mysql> exit
