    -> 
    -> mysql \. C:\workspace\cloud\code\sql\_DailyScript\_setdates.sql
Database changed
Query OK, 0 rows affected (0.00 sec)

Query OK, 0 rows affected (0.00 sec)

Query OK, 0 rows affected (0.00 sec)

Query OK, 0 rows affected (0.00 sec)

Query OK, 0 rows affected (0.00 sec)

Query OK, 0 rows affected (0.00 sec)

Query OK, 0 rows affected (0.00 sec)

Query OK, 0 rows affected (0.00 sec)

Query OK, 0 rows affected (0.00 sec)

Query OK, 0 rows affected (0.00 sec)

Query OK, 0 rows affected (0.00 sec)

Query OK, 0 rows affected (0.00 sec)

Query OK, 0 rows affected (0.00 sec)

Query OK, 0 rows affected (0.00 sec)

Query OK, 0 rows affected (0.00 sec)

Query OK, 0 rows affected (0.00 sec)

Query OK, 0 rows affected (0.00 sec)

Query OK, 0 rows affected (0.00 sec)

Query OK, 0 rows affected (0.00 sec)

Query OK, 0 rows affected (0.00 sec)

Query OK, 0 rows affected (0.00 sec)

mysql> mysql \. C:\workspace\cloud\code\sql\_DailyScript\currenttime.sql
+---------------------+
| currenttime         |
+---------------------+
| 2019-08-04 15:43:12 |
+---------------------+
1 row in set (0.00 sec)

mysql> 
mysql> mysql \. C:\workspace\cloud\code\sql\_DailyScript\load_RCB_VODTITLES.sql
Database changed
Query OK, 0 rows affected (0.00 sec)

Query OK, 6423 rows affected (0.22 sec)

Query OK, 6425 rows affected, 6425 warnings (0.19 sec)
Records: 6425  Deleted: 0  Skipped: 0  Warnings: 6425

Query OK, 0 rows affected (0.00 sec)

Query OK, 2 rows affected (0.00 sec)

+-----------+
| VODTITLES |
+-----------+
|      6883 |
+-----------+
1 row in set (0.00 sec)

+-----------+-----------+
| titletype | typecount |
+-----------+-----------+
| E         |      5081 |
| N         |       165 |
| T         |      1177 |
| NULL      |      6423 |
+-----------+-----------+
4 rows in set (0.03 sec)

mysql> mysql \. C:\workspace\cloud\code\sql\_DailyScript\currenttime.sql
+---------------------+
| currenttime         |
+---------------------+
| 2019-08-04 15:43:12 |
+---------------------+
1 row in set (0.00 sec)

mysql> 
mysql> mysql \. C:\workspace\cloud\code\sql\_DailyScript\DAILY-SCRIPT-LIVETV-STATS.sql
Database changed
Query OK, 0 rows affected (0.04 sec)

Query OK, 58495 rows affected (1.40 sec)
Records: 58495  Duplicates: 0  Warnings: 0

+------------+------------+----------+--------------+--------------+-----------+-------------+----------+--------+------+------------+---------+---------------+
| Table      | Non_unique | Key_name | Seq_in_index | Column_name  | Collation | Cardinality | Sub_part | Packed | Null | Index_type | Comment | Index_comment |
+------------+------------+----------+--------------+--------------+-----------+-------------+----------+--------+------+------------+---------+---------------+
| templivetv |          1 | idxtv1   |            1 | device       | A         |       58525 |     NULL | NULL   | YES  | BTREE      |         |               |
| templivetv |          1 | idxtv2   |            1 | sessionstart | A         |       58525 |     NULL | NULL   | YES  | BTREE      |         |               |
+------------+------------+----------+--------------+--------------+-----------+-------------+----------+--------+------+------------+---------+---------------+
2 rows in set (0.06 sec)

Query OK, 58354 rows affected (25.69 sec)
Records: 58354  Duplicates: 0  Warnings: 0

Query OK, 2662 rows affected (0.98 sec)
Records: 2662  Duplicates: 0  Warnings: 0

Query OK, 0 rows affected (0.00 sec)

Query OK, 0 rows affected (0.02 sec)

Query OK, 142 rows affected (0.22 sec)
Records: 142  Duplicates: 0  Warnings: 0

Query OK, 0 rows affected (0.02 sec)

Query OK, 82251 rows affected (20 min 49.33 sec)
Records: 82251  Duplicates: 0  Warnings: 0

+-----------------+
| rep_livetvstats |
+-----------------+
|           82251 |
+-----------------+
1 row in set (0.03 sec)

mysql> mysql \. C:\workspace\cloud\code\sql\_DailyScript\currenttime.sql
+---------------------+
| currenttime         |
+---------------------+
| 2019-08-04 16:04:30 |
+---------------------+
1 row in set (0.00 sec)

mysql> 
mysql> mysql \. C:\workspace\cloud\code\sql\_DailyScript\DAILY-SCRIPT-VODTS-STATS.sql
Database changed
Query OK, 0 rows affected (0.08 sec)

Query OK, 2750 rows affected (1 min 5.35 sec)
Records: 2750  Duplicates: 0  Warnings: 0

+---------+------------+----------+--------------+--------------+-----------+-------------+----------+--------+------+------------+---------+---------------+
| Table   | Non_unique | Key_name | Seq_in_index | Column_name  | Collation | Cardinality | Sub_part | Packed | Null | Index_type | Comment | Index_comment |
+---------+------------+----------+--------------+--------------+-----------+-------------+----------+--------+------+------------+---------+---------------+
| tempvod |          1 | idxtvod1 |            1 | device       | A         |        2899 |     NULL | NULL   | YES  | BTREE      |         |               |
| tempvod |          1 | idxtvod2 |            1 | sessionstart | A         |        2899 |     NULL | NULL   | YES  | BTREE      |         |               |
+---------+------------+----------+--------------+--------------+-----------+-------------+----------+--------+------+------------+---------+---------------+
2 rows in set (0.00 sec)

Query OK, 2707 rows affected (8.19 sec)
Records: 2707  Duplicates: 0  Warnings: 0

Query OK, 0 rows affected (0.10 sec)

Query OK, 276567 rows affected (29.95 sec)
Records: 276567  Duplicates: 0  Warnings: 0

+--------------+
| rep_vodstats |
+--------------+
|       276567 |
+--------------+
1 row in set (0.12 sec)

Database changed
Query OK, 0 rows affected (0.02 sec)

Query OK, 7674 rows affected (5 min 38.76 sec)
Records: 7674  Duplicates: 0  Warnings: 0

+--------+------------+----------+--------------+--------------+-----------+-------------+----------+--------+------+------------+---------+---------------+
| Table  | Non_unique | Key_name | Seq_in_index | Column_name  | Collation | Cardinality | Sub_part | Packed | Null | Index_type | Comment | Index_comment |
+--------+------------+----------+--------------+--------------+-----------+-------------+----------+--------+------+------------+---------+---------------+
| tempts |          1 | idxtts1  |            1 | device       | A         |        7393 |     NULL | NULL   | YES  | BTREE      |         |               |
| tempts |          1 | idxtts2  |            1 | sessionstart | A         |        7393 |     NULL | NULL   | YES  | BTREE      |         |               |
+--------+------------+----------+--------------+--------------+-----------+-------------+----------+--------+------+------------+---------+---------------+
2 rows in set (0.00 sec)

Query OK, 7673 rows affected (15.26 sec)
Records: 7673  Duplicates: 0  Warnings: 0

Query OK, 0 rows affected (0.02 sec)

Query OK, 22492 rows affected (5 min 32.14 sec)
Records: 22492  Duplicates: 0  Warnings: 0

+-------------+
| rep_tsstats |
+-------------+
|       22492 |
+-------------+
1 row in set (0.01 sec)

mysql> mysql \. C:\workspace\cloud\code\sql\_DailyScript\currenttime.sql
+---------------------+
| currenttime         |
+---------------------+
| 2019-08-04 16:17:40 |
+---------------------+
1 row in set (0.00 sec)

mysql> 
mysql> mysql \. C:\workspace\cloud\code\sql\_DailyScript\DAILY-SCRIPT-RADIO-STATS.sql
Database changed
Query OK, 0 rows affected (0.22 sec)

Query OK, 166575 rows affected (5.76 sec)
Records: 166575  Duplicates: 0  Warnings: 0

+-----------+------------+----------+--------------+--------------+-----------+-------------+----------+--------+------+------------+---------+---------------+
| Table     | Non_unique | Key_name | Seq_in_index | Column_name  | Collation | Cardinality | Sub_part | Packed | Null | Index_type | Comment | Index_comment |
+-----------+------------+----------+--------------+--------------+-----------+-------------+----------+--------+------+------------+---------+---------------+
| tempradio |          1 | idxtrad1 |            1 | device       | A         |      167259 |     NULL | NULL   | YES  | BTREE      |         |               |
| tempradio |          1 | idxtrad2 |            1 | sessionstart | A         |      167259 |     NULL | NULL   | YES  | BTREE      |         |               |
+-----------+------------+----------+--------------+--------------+-----------+-------------+----------+--------+------+------------+---------+---------------+
2 rows in set (0.00 sec)

Query OK, 422 rows affected (7.67 sec)
Records: 422  Duplicates: 0  Warnings: 0

Query OK, 0 rows affected (0.02 sec)

Query OK, 3073 rows affected (0.42 sec)
Records: 3073  Duplicates: 0  Warnings: 0

+----------------+
| rep_radiostats |
+----------------+
|           3073 |
+----------------+
1 row in set (0.02 sec)

mysql> mysql \. C:\workspace\cloud\code\sql\_DailyScript\currenttime.sql
+---------------------+
| currenttime         |
+---------------------+
| 2019-08-04 16:17:54 |
+---------------------+
1 row in set (0.00 sec)

mysql> 
mysql> mysql \. C:\workspace\cloud\code\sql\_DailyScript\DAILY_SCRIPT_TELEMETRY_PIVOT.sql
Query OK, 0 rows affected (0.01 sec)

Query OK, 147 rows affected (0.21 sec)
Records: 147  Duplicates: 0  Warnings: 0

Query OK, 0 rows affected (0.00 sec)

Query OK, 5008 rows affected (0.93 sec)
Records: 5008  Duplicates: 0  Warnings: 0

Query OK, 0 rows affected (0.02 sec)

Query OK, 6 rows affected (0.10 sec)
Records: 6  Duplicates: 0  Warnings: 0

Query OK, 0 rows affected (0.02 sec)

Query OK, 55 rows affected (0.04 sec)
Records: 55  Duplicates: 0  Warnings: 0

mysql> mysql \. C:\workspace\cloud\code\sql\_DailyScript\currenttime.sql
+---------------------+
| currenttime         |
+---------------------+
| 2019-08-04 16:17:56 |
+---------------------+
1 row in set (0.00 sec)

mysql> 
mysql> mysql \. C:\workspace\cloud\code\sql\_DailyScript\telemetry_livetv_ranking2019.sql
Query OK, 0 rows affected (0.02 sec)

Query OK, 147 rows affected (0.02 sec)
Records: 147  Duplicates: 0  Warnings: 0

mysql> mysql \. C:\workspace\cloud\code\sql\_DailyScript\currenttime.sql
+---------------------+
| currenttime         |
+---------------------+
| 2019-08-04 16:17:56 |
+---------------------+
1 row in set (0.00 sec)

mysql> 
mysql> mysql \. C:\workspace\cloud\code\sql\_DailyScript\telemetry_radio_ranking2019.sql
Query OK, 0 rows affected (0.00 sec)

Query OK, 6 rows affected (0.00 sec)
Records: 6  Duplicates: 0  Warnings: 0

mysql> mysql \. C:\workspace\cloud\code\sql\_DailyScript\currenttime.sql
+---------------------+
| currenttime         |
+---------------------+
| 2019-08-04 16:17:56 |
+---------------------+
1 row in set (0.00 sec)

mysql> 
mysql> mysql \. C:\workspace\cloud\code\sql\_DailyScript\telemetry_ts_ranking2019.sql
Query OK, 0 rows affected (0.01 sec)

Query OK, 55 rows affected (0.02 sec)
Records: 55  Duplicates: 0  Warnings: 0

mysql> mysql \. C:\workspace\cloud\code\sql\_DailyScript\currenttime.sql
+---------------------+
| currenttime         |
+---------------------+
| 2019-08-04 16:17:56 |
+---------------------+
1 row in set (0.00 sec)

mysql> 
mysql> mysql \. C:\workspace\cloud\code\sql\_DailyScript\telemetry_vod_ranking2019.sql
Query OK, 0 rows affected (0.00 sec)

Query OK, 5008 rows affected (0.25 sec)
Records: 5008  Duplicates: 0  Warnings: 0

mysql> mysql \. C:\workspace\cloud\code\sql\_DailyScript\currenttime.sql
+---------------------+
| currenttime         |
+---------------------+
| 2019-08-04 16:17:56 |
+---------------------+
1 row in set (0.00 sec)

mysql> 
mysql> mysql \. C:\workspace\cloud\code\sql\_DailyScript\telemetry_vod_ranking2019_1.sql
Query OK, 0 rows affected (0.01 sec)

Query OK, 5008 rows affected (0.13 sec)
Records: 5008  Duplicates: 0  Warnings: 0

mysql> mysql \. C:\workspace\cloud\code\sql\_DailyScript\currenttime.sql
+---------------------+
| currenttime         |
+---------------------+
| 2019-08-04 16:17:56 |
+---------------------+
1 row in set (0.00 sec)

mysql> 
mysql> mysql \. C:\workspace\cloud\code\sql\_DailyScript\telemetry_vod_ranking2019_2.sql
Query OK, 0 rows affected (0.02 sec)

Query OK, 5008 rows affected (0.24 sec)
Records: 5008  Duplicates: 0  Warnings: 0

mysql> mysql \. C:\workspace\cloud\code\sql\_DailyScript\currenttime.sql
+---------------------+
| currenttime         |
+---------------------+
| 2019-08-04 16:17:57 |
+---------------------+
1 row in set (0.00 sec)

mysql> 
mysql> mysql \. C:\workspace\cloud\code\sql\_DailyScript\DAILY-SCRIPT-CREATE-LOAD.sql
Database changed
Database changed
Query OK, 0 rows affected (0.05 sec)

Query OK, 0 rows affected (0.10 sec)

Database changed
Query OK, 65511 rows affected (3.09 sec)
Records: 65511  Deleted: 0  Skipped: 0  Warnings: 0

Query OK, 0 rows affected (0.19 sec)
Records: 0  Duplicates: 0  Warnings: 0

Query OK, 0 rows affected (0.45 sec)
Records: 0  Duplicates: 0  Warnings: 0

Query OK, 0 rows affected (0.39 sec)
Records: 0  Duplicates: 0  Warnings: 0

Query OK, 0 rows affected (0.40 sec)
Records: 0  Duplicates: 0  Warnings: 0

+---------+
| clients |
+---------+
|   65511 |
+---------+
1 row in set (0.02 sec)

Query OK, 0 rows affected (0.01 sec)

Query OK, 2122 rows affected (0.63 sec)
Records: 2122  Duplicates: 0  Warnings: 0

+-------------------+
| rcb_clientparcels |
+-------------------+
|              2122 |
+-------------------+
1 row in set (0.00 sec)

Query OK, 0 rows affected (0.05 sec)

Query OK, 85104 rows affected (4.09 sec)
Records: 85104  Duplicates: 0  Warnings: 0

Query OK, 0 rows affected (0.35 sec)
Records: 0  Duplicates: 0  Warnings: 0

Query OK, 0 rows affected (0.08 sec)

Query OK, 65511 rows affected (3.52 sec)
Records: 65511  Duplicates: 0  Warnings: 0

Query OK, 0 rows affected (0.27 sec)
Records: 0  Duplicates: 0  Warnings: 0

Query OK, 0 rows affected (0.36 sec)
Records: 0  Duplicates: 0  Warnings: 0

Query OK, 0 rows affected (0.25 sec)
Records: 0  Duplicates: 0  Warnings: 0

+---------------+
| clientaddress |
+---------------+
|         65511 |
+---------------+
1 row in set (0.03 sec)

Database changed
Query OK, 0 rows affected (0.20 sec)

Query OK, 0 rows affected (0.00 sec)

Database changed
Query OK, 482774 rows affected, 65535 warnings (20.71 sec)
Records: 482774  Deleted: 0  Skipped: 0  Warnings: 188705

Query OK, 0 rows affected (7.43 sec)
Records: 0  Duplicates: 0  Warnings: 0

Query OK, 0 rows affected (4.05 sec)
Records: 0  Duplicates: 0  Warnings: 0

Query OK, 0 rows affected (2.04 sec)
Records: 0  Duplicates: 0  Warnings: 0

Query OK, 0 rows affected (0.05 sec)

Query OK, 482774 rows affected (56.28 sec)
Records: 482774  Duplicates: 0  Warnings: 0

Query OK, 0 rows affected (2.64 sec)
Records: 0  Duplicates: 0  Warnings: 0

Query OK, 0 rows affected (2.44 sec)
Records: 0  Duplicates: 0  Warnings: 0

+-----------+
| contracts |
+-----------+
|    482774 |
+-----------+
1 row in set (0.22 sec)

+-----------------+
| contractaddress |
+-----------------+
|          482774 |
+-----------------+
1 row in set (0.17 sec)

Database changed
Query OK, 0 rows affected (0.08 sec)

Query OK, 0 rows affected (0.03 sec)

Query OK, 6688 rows affected (0.17 sec)
Records: 6688  Deleted: 0  Skipped: 0  Warnings: 0

Query OK, 0 rows affected (0.03 sec)

Query OK, 6657 rows affected (2.32 sec)
Records: 6657  Duplicates: 0  Warnings: 0

Query OK, 0 rows affected (0.05 sec)
Records: 0  Duplicates: 0  Warnings: 0

Query OK, 0 rows affected (0.40 sec)

Query OK, 5474 rows affected (0.06 sec)
Records: 5474  Duplicates: 0  Warnings: 0

Query OK, 0 rows affected (0.08 sec)
Records: 0  Duplicates: 0  Warnings: 0

+-------------------+
| contractdiscounts |
+-------------------+
|              6688 |
+-------------------+
1 row in set (0.00 sec)

+-------------------------+
| clientcontractdiscounts |
+-------------------------+
|                    6657 |
+-------------------------+
1 row in set (0.00 sec)

+----------------------------+
| clientcontractlastdiscount |
+----------------------------+
|                       5474 |
+----------------------------+
1 row in set (0.00 sec)

Database changed
Query OK, 0 rows affected (0.30 sec)

Query OK, 0 rows affected (0.01 sec)

Database changed
Query OK, 129697 rows affected (4.65 sec)
Records: 129697  Deleted: 0  Skipped: 0  Warnings: 0

Query OK, 0 rows affected (0.60 sec)
Records: 0  Duplicates: 0  Warnings: 0

Query OK, 0 rows affected (0.48 sec)
Records: 0  Duplicates: 0  Warnings: 0

Query OK, 0 rows affected (1.06 sec)
Records: 0  Duplicates: 0  Warnings: 0

Query OK, 0 rows affected (0.62 sec)
Records: 0  Duplicates: 0  Warnings: 0

Query OK, 0 rows affected (1.05 sec)
Records: 0  Duplicates: 0  Warnings: 0

Query OK, 0 rows affected (1.05 sec)
Records: 0  Duplicates: 0  Warnings: 0

Query OK, 0 rows affected (0.70 sec)

Query OK, 1647333 rows affected (4 min 58.41 sec)
Records: 1647333  Duplicates: 0  Warnings: 0

+---------+
| devices |
+---------+
|  129697 |
+---------+
1 row in set (0.07 sec)

+-----------------------+
| clientcontractdevices |
+-----------------------+
|               1647333 |
+-----------------------+
1 row in set (1.62 sec)

Query OK, 0 rows affected (0.09 sec)

Query OK, 129634 rows affected (14.42 sec)
Records: 129634  Duplicates: 0  Warnings: 0

+---------------------------+
| rep_clientcontractdevices |
+---------------------------+
|                    129634 |
+---------------------------+
1 row in set (0.05 sec)

Database changed
Query OK, 0 rows affected (0.09 sec)

Query OK, 0 rows affected (0.00 sec)

Query OK, 251925 rows affected (13.33 sec)
Records: 251925  Deleted: 0  Skipped: 0  Warnings: 0

Query OK, 0 rows affected (1.07 sec)
Records: 0  Duplicates: 0  Warnings: 0

Query OK, 0 rows affected (1.08 sec)
Records: 0  Duplicates: 0  Warnings: 0

Query OK, 0 rows affected (2.17 sec)
Records: 0  Duplicates: 0  Warnings: 0

Query OK, 0 rows affected (0.65 sec)
Records: 0  Duplicates: 0  Warnings: 0

+---------+
| tickets |
+---------+
|  251925 |
+---------+
1 row in set (0.10 sec)

Database changed
Query OK, 0 rows affected (0.12 sec)

Query OK, 0 rows affected (0.00 sec)

Empty set (0.00 sec)

Query OK, 0 rows affected (0.02 sec)
Records: 0  Duplicates: 0  Warnings: 0

Query OK, 315 rows affected, 2 warnings (0.03 sec)
Records: 315  Deleted: 0  Skipped: 0  Warnings: 2

+-----------------+
| tickettechusers |
+-----------------+
|             315 |
+-----------------+
1 row in set (0.00 sec)

Database changed
Query OK, 0 rows affected (0.02 sec)

Query OK, 0 rows affected (0.00 sec)

Query OK, 0 rows affected (0.02 sec)
Records: 0  Duplicates: 0  Warnings: 0

Query OK, 527995 rows affected, 42406 warnings (16.08 sec)
Records: 527995  Deleted: 0  Skipped: 0  Warnings: 42406

+-------------------+
| ticketassignments |
+-------------------+
|            527995 |
+-------------------+
1 row in set (0.19 sec)

Database changed
Query OK, 0 rows affected (0.43 sec)

Query OK, 0 rows affected (0.04 sec)

Query OK, 1098107 rows affected (23.28 sec)
Records: 1098107  Deleted: 0  Skipped: 0  Warnings: 0

Query OK, 0 rows affected (12.54 sec)
Records: 0  Duplicates: 0  Warnings: 0

Query OK, 0 rows affected (4.71 sec)
Records: 0  Duplicates: 0  Warnings: 0

Query OK, 0 rows affected (4.15 sec)
Records: 0  Duplicates: 0  Warnings: 0

Query OK, 0 rows affected (3.77 sec)
Records: 0  Duplicates: 0  Warnings: 0

+----------------+
| ticketcomments |
+----------------+
|        1098107 |
+----------------+
1 row in set (0.42 sec)

Database changed
Query OK, 0 rows affected (0.30 sec)

Query OK, 0 rows affected (0.01 sec)

Query OK, 412350 rows affected (54.18 sec)
Records: 412350  Deleted: 0  Skipped: 0  Warnings: 0

Query OK, 0 rows affected (3.31 sec)
Records: 0  Duplicates: 0  Warnings: 0

+----------+
| comments |
+----------+
|   412350 |
+----------+
1 row in set (0.16 sec)

Database changed
Query OK, 0 rows affected (0.18 sec)

Query OK, 0 rows affected (0.02 sec)

Query OK, 887165 rows affected, 65535 warnings (1 min 4.15 sec)
Records: 887165  Deleted: 0  Skipped: 0  Warnings: 887166

Query OK, 0 rows affected (8.38 sec)
Records: 0  Duplicates: 0  Warnings: 0

Query OK, 0 rows affected (3.39 sec)
Records: 0  Duplicates: 0  Warnings: 0

Query OK, 0 rows affected (4.02 sec)
Records: 0  Duplicates: 0  Warnings: 0

Query OK, 0 rows affected (3.53 sec)
Records: 0  Duplicates: 0  Warnings: 0

Query OK, 0 rows affected (4.87 sec)
Records: 0  Duplicates: 0  Warnings: 0

+------------+
| devicesold |
+------------+
|     887165 |
+------------+
1 row in set (0.62 sec)

Database changed
Query OK, 0 rows affected (0.15 sec)

Query OK, 0 rows affected (0.00 sec)

Query OK, 1640813 rows affected (30.07 sec)
Records: 1640813  Deleted: 0  Skipped: 0  Warnings: 0

Query OK, 0 rows affected (12.41 sec)
Records: 0  Duplicates: 0  Warnings: 0

Query OK, 0 rows affected (4.96 sec)
Records: 0  Duplicates: 0  Warnings: 0

Query OK, 0 rows affected (7.41 sec)
Records: 0  Duplicates: 0  Warnings: 0

+------------------+
| contractservices |
+------------------+
|          1640813 |
+------------------+
1 row in set (0.63 sec)

Database changed
Query OK, 0 rows affected (0.47 sec)

Query OK, 0 rows affected (0.00 sec)

Query OK, 3711357 rows affected (2 min 43.53 sec)
Records: 3711357  Deleted: 0  Skipped: 0  Warnings: 0

Query OK, 0 rows affected (19.28 sec)
Records: 0  Duplicates: 0  Warnings: 0

Query OK, 0 rows affected (18.55 sec)
Records: 0  Duplicates: 0  Warnings: 0

Query OK, 0 rows affected (18.40 sec)
Records: 0  Duplicates: 0  Warnings: 0

Query OK, 0 rows affected (18.09 sec)
Records: 0  Duplicates: 0  Warnings: 0

+------------------+
| invoicescontents |
+------------------+
|          3711357 |
+------------------+
1 row in set (1.63 sec)

Database changed
Query OK, 0 rows affected (0.25 sec)

Query OK, 0 rows affected (0.01 sec)

Query OK, 2567663 rows affected (3 min 59.71 sec)
Records: 2567663  Deleted: 0  Skipped: 0  Warnings: 0

Query OK, 0 rows affected (20.90 sec)
Records: 0  Duplicates: 0  Warnings: 0

Query OK, 0 rows affected (19.43 sec)
Records: 0  Duplicates: 0  Warnings: 0

Query OK, 0 rows affected (16.24 sec)
Records: 0  Duplicates: 0  Warnings: 0

Query OK, 0 rows affected (14.78 sec)
Records: 0  Duplicates: 0  Warnings: 0

Query OK, 0 rows affected (15.14 sec)
Records: 0  Duplicates: 0  Warnings: 0

+----------------+
| invoicesheader |
+----------------+
|        2567663 |
+----------------+
1 row in set (1.02 sec)

Database changed
Query OK, 0 rows affected (0.30 sec)

Query OK, 0 rows affected (0.02 sec)

Query OK, 2686919 rows affected (1 min 46.65 sec)
Records: 2686919  Deleted: 0  Skipped: 0  Warnings: 0

Query OK, 0 rows affected (18.18 sec)
Records: 0  Duplicates: 0  Warnings: 0

Query OK, 0 rows affected (13.59 sec)
Records: 0  Duplicates: 0  Warnings: 0

Query OK, 0 rows affected (9.81 sec)
Records: 0  Duplicates: 0  Warnings: 0

Query OK, 0 rows affected (12.36 sec)
Records: 0  Duplicates: 0  Warnings: 0

+---------+
| casa    |
+---------+
| 2686919 |
+---------+
1 row in set (0.97 sec)

Query OK, 0 rows affected (0.01 sec)

Query OK, 12654 rows affected (1 min 27.20 sec)
Records: 12654  Duplicates: 0  Warnings: 0

+--------------------+
| rep_paycol_channel |
+--------------------+
|              12654 |
+--------------------+
1 row in set (0.00 sec)

Query OK, 0 rows affected (0.04 sec)

Query OK, 8429 rows affected (1 min 40.92 sec)
Records: 8429  Duplicates: 0  Warnings: 0

+----------------+
| rep_paycol_pos |
+----------------+
|           8429 |
+----------------+
1 row in set (0.00 sec)

Database changed
Query OK, 0 rows affected (0.04 sec)

Query OK, 0 rows affected (0.02 sec)

Database changed
Query OK, 38270 rows affected (0.92 sec)
Records: 38270  Deleted: 0  Skipped: 0  Warnings: 0

+-------+
| users |
+-------+
| 38270 |
+-------+
1 row in set (0.02 sec)

Database changed
Query OK, 0 rows affected (0.59 sec)

Query OK, 0 rows affected (0.00 sec)

Database changed
Query OK, 12666464 rows affected (3 min 20.94 sec)
Records: 12666464  Deleted: 0  Skipped: 0  Warnings: 0

Query OK, 0 rows affected (1 min 5.48 sec)
Records: 0  Duplicates: 0  Warnings: 0

Query OK, 0 rows affected (1 min 11.22 sec)
Records: 0  Duplicates: 0  Warnings: 0

Query OK, 0 rows affected (1 min 9.70 sec)
Records: 0  Duplicates: 0  Warnings: 0

Query OK, 0 rows affected (57.54 sec)
Records: 0  Duplicates: 0  Warnings: 0

+----------+
| ipusage1 |
+----------+
| 12666464 |
+----------+
1 row in set (12.53 sec)

Query OK, 0 rows affected (0.30 sec)

Query OK, 12768784 rows affected, 65535 warnings (19 min 25.94 sec)
Records: 12768784  Duplicates: 0  Warnings: 12757959

Query OK, 0 rows affected (59.47 sec)
Records: 0  Duplicates: 0  Warnings: 0

Query OK, 0 rows affected (1 min 5.17 sec)
Records: 0  Duplicates: 0  Warnings: 0

Query OK, 0 rows affected (1 min 13.77 sec)
Records: 0  Duplicates: 0  Warnings: 0

Query OK, 0 rows affected (1 min 6.79 sec)
Records: 0  Duplicates: 0  Warnings: 0

Query OK, 0 rows affected (1 min 24.71 sec)
Records: 0  Duplicates: 0  Warnings: 0

Query OK, 0 rows affected (1 min 31.31 sec)
Records: 0  Duplicates: 0  Warnings: 0

Query OK, 0 rows affected (1 min 39.79 sec)
Records: 0  Duplicates: 0  Warnings: 0

+----------+
| ipusage  |
+----------+
| 12768784 |
+----------+
1 row in set (11.94 sec)

Query OK, 0 rows affected (0.42 sec)

Query OK, 4160888 rows affected (3 min 59.82 sec)
Records: 4160888  Duplicates: 0  Warnings: 0

Query OK, 0 rows affected (22.65 sec)
Records: 0  Duplicates: 0  Warnings: 0

Query OK, 0 rows affected (19.01 sec)
Records: 0  Duplicates: 0  Warnings: 0

Query OK, 0 rows affected (22.98 sec)
Records: 0  Duplicates: 0  Warnings: 0

Query OK, 0 rows affected (27.98 sec)
Records: 0  Duplicates: 0  Warnings: 0

Query OK, 0 rows affected (18.21 sec)
Records: 0  Duplicates: 0  Warnings: 0

Query OK, 0 rows affected (0.28 sec)

Query OK, 361441 rows affected (41.92 sec)
Records: 361441  Duplicates: 0  Warnings: 0

Query OK, 0 rows affected (1.70 sec)
Records: 0  Duplicates: 0  Warnings: 0

Query OK, 0 rows affected (1.42 sec)
Records: 0  Duplicates: 0  Warnings: 0

Query OK, 0 rows affected (1.83 sec)
Records: 0  Duplicates: 0  Warnings: 0

Query OK, 0 rows affected (0.92 sec)
Records: 0  Duplicates: 0  Warnings: 0

Query OK, 0 rows affected (1.00 sec)
Records: 0  Duplicates: 0  Warnings: 0

Query OK, 0 rows affected (0.34 sec)

Query OK, 1640664 rows affected (1 min 27.65 sec)
Records: 1640664  Duplicates: 0  Warnings: 0

Query OK, 0 rows affected (11.96 sec)
Records: 0  Duplicates: 0  Warnings: 0

Query OK, 0 rows affected (11.10 sec)
Records: 0  Duplicates: 0  Warnings: 0

Query OK, 0 rows affected (10.90 sec)
Records: 0  Duplicates: 0  Warnings: 0

mysql> mysql \. C:\workspace\cloud\code\sql\_DailyScript\currenttime.sql
+---------------------+
| currenttime         |
+---------------------+
| 2019-08-04 17:30:41 |
+---------------------+
1 row in set (0.00 sec)

mysql> 
mysql> mysql \. C:\workspace\cloud\code\sql\_DailyScript\ticket_analysis.sql
Database changed
Query OK, 0 rows affected (0.26 sec)

Query OK, 459087 rows affected (38.11 sec)
Records: 459087  Duplicates: 0  Warnings: 0

Query OK, 0 rows affected (10.34 sec)
Records: 0  Duplicates: 0  Warnings: 0

Query OK, 0 rows affected (2.07 sec)
Records: 0  Duplicates: 0  Warnings: 0

Query OK, 0 rows affected (2.02 sec)
Records: 0  Duplicates: 0  Warnings: 0

Query OK, 0 rows affected (0.08 sec)

Query OK, 15998 rows affected (11.14 sec)
Records: 15998  Duplicates: 0  Warnings: 0

Query OK, 0 rows affected, 1 warning (0.00 sec)

Query OK, 63155 rows affected (7.11 sec)
Records: 63155  Duplicates: 0  Warnings: 0

Query OK, 0 rows affected, 1 warning (0.01 sec)

Query OK, 328307 rows affected (12.54 sec)
Records: 328307  Duplicates: 0  Warnings: 0

Query OK, 0 rows affected, 1 warning (0.01 sec)

Query OK, 328307 rows affected (14.98 sec)
Records: 328307  Duplicates: 0  Warnings: 0

Query OK, 0 rows affected (0.15 sec)

Query OK, 63198 rows affected (7.11 sec)
Records: 63198  Duplicates: 0  Warnings: 0

Database changed
Query OK, 0 rows affected (0.00 sec)

Query OK, 0 rows affected (0.02 sec)

Query OK, 459087 rows affected (21.83 sec)
Records: 459087  Duplicates: 0  Warnings: 0

Query OK, 0 rows affected (0.30 sec)

Query OK, 220548 rows affected (17.47 sec)
Records: 220548  Duplicates: 0  Warnings: 0

+--------------------------+
| clientticket_cmmtjourney |
+--------------------------+
|                   459087 |
+--------------------------+
1 row in set (5.44 sec)

+---------------------------+
| clientticket_assgnjourney |
+---------------------------+
|                    220548 |
+---------------------------+
1 row in set (0.33 sec)

Query OK, 0 rows affected (0.05 sec)

Query OK, 73 rows affected (0.10 sec)
Records: 73  Duplicates: 0  Warnings: 0

mysql> mysql \. C:\workspace\cloud\code\sql\_DailyScript\currenttime.sql
+---------------------+
| currenttime         |
+---------------------+
| 2019-08-04 17:33:12 |
+---------------------+
1 row in set (0.00 sec)

mysql> 
mysql> mysql \. C:\workspace\cloud\code\sql\_DailyScript\load_DailyCalls.sql
Database changed
Query OK, 1388 rows affected (1.36 sec)
Records: 1388  Deleted: 0  Skipped: 0  Warnings: 0

Query OK, 0 rows affected, 1 warning (0.00 sec)

Query OK, 1356 rows affected (0.16 sec)
Records: 1356  Duplicates: 0  Warnings: 0

Query OK, 0 rows affected, 1 warning (0.01 sec)

Query OK, 67116 rows affected (0.52 sec)
Records: 67116  Duplicates: 0  Warnings: 0

+----------------------+
| callingclientsbefore |
+----------------------+
|               730295 |
+----------------------+
1 row in set (1.41 sec)

Query OK, 1779 rows affected (37.58 sec)
Records: 1779  Duplicates: 0  Warnings: 0

+---------------------+
| callingclientsafter |
+---------------------+
|              732074 |
+---------------------+
1 row in set (0.26 sec)

Query OK, 0 rows affected (0.01 sec)

Query OK, 877 rows affected (27.74 sec)
Records: 877  Duplicates: 0  Warnings: 0

Query OK, 0 rows affected (0.01 sec)

Query OK, 14947 rows affected (2.74 sec)
Records: 14947  Duplicates: 0  Warnings: 0

+-----------+
| callstats |
+-----------+
|     14947 |
+-----------+
1 row in set (0.00 sec)

Query OK, 0 rows affected, 1 warning (0.01 sec)

Query OK, 1779 rows affected (8.96 sec)
Records: 1779  Duplicates: 0  Warnings: 0

+------------------------+
| rep_cccallreportbefore |
+------------------------+
|                 733974 |
+------------------------+
1 row in set (0.23 sec)

Query OK, 1779 rows affected (4.36 sec)
Records: 1779  Duplicates: 0  Warnings: 0

+-----------------------+
| rep_cccallreportafter |
+-----------------------+
|                735753 |
+-----------------------+
1 row in set (0.25 sec)

Query OK, 0 rows affected (0.00 sec)

mysql> mysql \. C:\workspace\cloud\code\sql\_DailyScript\currenttime.sql
+---------------------+
| currenttime         |
+---------------------+
| 2019-08-04 17:34:38 |
+---------------------+
1 row in set (0.00 sec)

mysql> 
mysql> mysql \. C:\workspace\cloud\code\sql\_DailyScript\DAILY-SCRIPT-USAGE.sql
Database changed
Query OK, 0 rows affected (0.00 sec)

Query OK, 6733 rows affected, 19479 warnings (4.47 sec)
Records: 6733  Deleted: 0  Skipped: 0  Warnings: 19479

Query OK, 0 rows affected (0.02 sec)

Query OK, 10493 rows affected, 30356 warnings (5.25 sec)
Records: 10493  Deleted: 0  Skipped: 0  Warnings: 30356

Query OK, 0 rows affected (0.00 sec)

Query OK, 111 rows affected, 383 warnings (0.07 sec)
Records: 111  Deleted: 0  Skipped: 0  Warnings: 383

Query OK, 0 rows affected (0.00 sec)

Query OK, 202 rows affected, 746 warnings (0.05 sec)
Records: 202  Deleted: 0  Skipped: 0  Warnings: 746

+------------+
| dailyusage |
+------------+
|    7143487 |
+------------+
1 row in set (1 min 0.36 sec)

+------------+------------+------------+---------+
| datestart  | dateend    | insertedon | records |
+------------+------------+------------+---------+
| 2019-08-03 | 2019-08-03 | 2019-08-04 |   17539 |
| 2019-08-02 | 2019-08-02 | 2019-08-03 |   17456 |
| 2019-08-01 | 2019-08-01 | 2019-08-02 |   17476 |
| 2019-07-31 | 2019-07-31 | 2019-08-01 |   17401 |
| 2019-07-30 | 2019-07-30 | 2019-07-31 |   17317 |
+------------+------------+------------+---------+
5 rows in set (3 min 43.17 sec)

mysql> mysql \. C:\workspace\cloud\code\sql\_DailyScript\currenttime.sql
+---------------------+
| currenttime         |
+---------------------+
| 2019-08-04 17:39:31 |
+---------------------+
1 row in set (0.01 sec)

mysql> 
mysql> mysql \. C:\workspace\cloud\code\sql\_DailyScript\DAILY-SCRIPT-SALES-TELEMETRY.sql
Database changed
Query OK, 91 rows affected, 25 warnings (0.25 sec)
Records: 91  Deleted: 0  Skipped: 0  Warnings: 25

+------------+
| dailysales |
+------------+
|     162186 |
+------------+
1 row in set (0.69 sec)

Query OK, 0 rows affected (0.03 sec)

Query OK, 162186 rows affected (20.39 sec)
Records: 162186  Duplicates: 0  Warnings: 0

+--------+
| sales  |
+--------+
| 162186 |
+--------+
1 row in set (0.09 sec)

Query OK, 0 rows affected (0.06 sec)

Query OK, 2592 rows affected (0.37 sec)
Records: 2592  Duplicates: 0  Warnings: 0

+----------------+
| rep_dailysales |
+----------------+
|           2592 |
+----------------+
1 row in set (0.00 sec)

Query OK, 0 rows affected (0.02 sec)

Query OK, 2592 rows affected (0.57 sec)
Records: 2592  Duplicates: 0  Warnings: 0

+-------------------+
| rep_dailysalesreg |
+-------------------+
|              2592 |
+-------------------+
1 row in set (0.00 sec)

Query OK, 0 rows affected (0.02 sec)

Query OK, 2479 rows affected (0.69 sec)
Records: 2479  Duplicates: 0  Warnings: 0

+-----------+
| saleslist |
+-----------+
|      2479 |
+-----------+
1 row in set (0.00 sec)

Database changed
ERROR 2 (HY000): File 'C:\ProgramData\MySQL\MySQL Server 5.7\Uploads\_csv\PrepaidCardSales-03082019-P1.csv' not found (Errcode: 2 - No such file or directory)
+------------------+
| dailysinglesales |
+------------------+
|             5876 |
+------------------+
1 row in set (0.22 sec)

Database changed
Query OK, 5 rows affected (0.41 sec)
Records: 5  Deleted: 0  Skipped: 0  Warnings: 0

+-----------------+
| dailyaddonsales |
+-----------------+
|           16419 |
+-----------------+
1 row in set (0.84 sec)

Query OK, 105 rows affected (0.82 sec)
Records: 105  Deleted: 0  Skipped: 0  Warnings: 0

+----------------+
| onlinepayments |
+----------------+
|          60060 |
+----------------+
1 row in set (0.29 sec)

+-------------+----------------+---------------------+
| paymentdate | onlinepayments | onlinepaymentamount |
+-------------+----------------+---------------------+
| 2019-08-03  |            105 |         71103.74000 |
| 2019-08-02  |             92 |         62483.92000 |
| 2019-08-01  |            172 |        127117.58000 |
| 2019-07-31  |            114 |         66446.86000 |
| 2019-07-30  |            105 |         67798.69000 |
+-------------+----------------+---------------------+
5 rows in set (5.37 sec)

+-------------+--------------+----------------+---------------------+
| paymentyear | paymentmonth | onlinepayments | onlinepaymentamount |
+-------------+--------------+----------------+---------------------+
|        2019 |            8 |            369 |        260705.24000 |
|        2019 |            7 |           3028 |       2000847.29000 |
|        2019 |            6 |           2798 |       1782990.54000 |
|        2019 |            5 |           2949 |       1930613.93000 |
|        2019 |            4 |           2854 |       1881797.80000 |
+-------------+--------------+----------------+---------------------+
5 rows in set (0.09 sec)

mysql> mysql \. C:\workspace\cloud\code\sql\_DailyScript\currenttime.sql
+---------------------+
| currenttime         |
+---------------------+
| 2019-08-04 17:40:03 |
+---------------------+
1 row in set (0.02 sec)

mysql> 
mysql> mysql \. C:\workspace\cloud\code\sql\_DailyScript\DAILY-SCRIPT-ACTIVENUMBERS.sql
Database changed
Query OK, 1274 rows affected (2.02 sec)
Records: 1274  Deleted: 0  Skipped: 0  Warnings: 0

+------------+----------+
| period     | count(1) |
+------------+----------+
| 2019-08-03 |     1274 |
| 2019-08-02 |     1276 |
| 2019-08-01 |     1274 |
| 2019-07-31 |     1274 |
| 2019-07-30 |     1279 |
| 2019-07-29 |     1279 |
+------------+----------+
6 rows in set (0.00 sec)

Query OK, 0 rows affected (0.02 sec)

Query OK, 82 rows affected (0.43 sec)
Records: 82  Duplicates: 0  Warnings: 0

+-------------+
| packagelist |
+-------------+
|          82 |
+-------------+
1 row in set (0.00 sec)

Database changed
Query OK, 0 rows affected (0.02 sec)

Query OK, 0 rows affected (0.00 sec)

Query OK, 0 rows affected (0.00 sec)

Query OK, 0 rows affected (0.00 sec)

Query OK, 27108 rows affected, 291 warnings (2 min 17.01 sec)
Records: 27108  Deleted: 0  Skipped: 0  Warnings: 291

+------------+----------+
| period     | count(1) |
+------------+----------+
| 2019-08-03 |    27108 |
| 2019-08-02 |    27210 |
| 2019-08-01 |    27230 |
| 2019-07-31 |    27378 |
| 2019-07-30 |    27159 |
+------------+----------+
5 rows in set (0.12 sec)

Query OK, 0 rows affected (0.24 sec)

Query OK, 26480 rows affected (5 min 46.09 sec)
Records: 26480  Duplicates: 0  Warnings: 0

Query OK, 0 rows affected (0.65 sec)
Records: 0  Duplicates: 0  Warnings: 0

Query OK, 0 rows affected (0.29 sec)
Records: 0  Duplicates: 0  Warnings: 0

Query OK, 0 rows affected (0.43 sec)
Records: 0  Duplicates: 0  Warnings: 0

Query OK, 0 rows affected (0.10 sec)
Records: 0  Duplicates: 0  Warnings: 0

Query OK, 0 rows affected (0.45 sec)
Records: 0  Duplicates: 0  Warnings: 0

Query OK, 0 rows affected (0.07 sec)
Records: 0  Duplicates: 0  Warnings: 0

+-------------+
| countbefore |
+-------------+
|    28214752 |
+-------------+
1 row in set (2 min 21.16 sec)

Query OK, 26480 rows affected (1 min 24.65 sec)
Records: 26480  Duplicates: 0  Warnings: 0

+------------+
| countafter |
+------------+
|   28241232 |
+------------+
1 row in set (41.41 sec)

+------------+--------------------------+
| period     | customercontractactivity |
+------------+--------------------------+
| 2019-08-03 |                    26480 |
| 2019-08-02 |                    26582 |
| 2019-08-01 |                    26602 |
| 2019-07-31 |                    26750 |
| 2019-07-30 |                    26531 |
+------------+--------------------------+
5 rows in set (0.07 sec)

Query OK, 0 rows affected (0.09 sec)

Query OK, 222632 rows affected (23 min 47.13 sec)
Records: 222632  Duplicates: 0  Warnings: 0

Query OK, 0 rows affected (1.13 sec)
Records: 0  Duplicates: 0  Warnings: 0

Query OK, 0 rows affected (1.27 sec)
Records: 0  Duplicates: 0  Warnings: 0

Query OK, 0 rows affected (1.25 sec)
Records: 0  Duplicates: 0  Warnings: 0

Query OK, 0 rows affected (0.06 sec)

Query OK, 249 rows affected (0.64 sec)
Records: 249  Duplicates: 0  Warnings: 0

Query OK, 0 rows affected (0.02 sec)

Query OK, 2405 rows affected (0.86 sec)
Records: 2405  Duplicates: 0  Warnings: 0

Query OK, 0 rows affected (0.14 sec)

Query OK, 26470 rows affected (0.82 sec)
Records: 26470  Duplicates: 0  Warnings: 0

Query OK, 0 rows affected (0.07 sec)

Query OK, 16970 rows affected (0.53 sec)
Records: 16970  Duplicates: 0  Warnings: 0

Query OK, 0 rows affected (0.07 sec)

Query OK, 16970 rows affected (0.15 sec)
Records: 16970  Duplicates: 0  Warnings: 0

Query OK, 0 rows affected (0.12 sec)

Query OK, 16970 rows affected (2.77 sec)
Records: 16970  Duplicates: 0  Warnings: 0

Query OK, 0 rows affected (0.12 sec)

Query OK, 16970 rows affected (55.02 sec)
Records: 16970  Duplicates: 0  Warnings: 0

+-------------+
| clientstats |
+-------------+
|       16970 |
+-------------+
1 row in set (0.00 sec)

Query OK, 0 rows affected (0.02 sec)

Query OK, 13 rows affected, 1 warning (0.16 sec)
Records: 13  Duplicates: 0  Warnings: 1

+-----------------------+-------------+-------------+----------------+-----------------+
| services              | activecount | allaccounts | uniqueaccounts | uniquecontracts |
+-----------------------+-------------+-------------+----------------+-----------------+
| All                   |         155 |          32 |             32 |             102 |
| Internet & Voice      |         440 |         202 |            202 |             395 |
| Internet Only         |        4221 |        4074 |           4065 |            4149 |
| OTT Only              |          49 |           3 |              3 |              49 |
| TV & Internet         |        8834 |        3846 |           3837 |            7839 |
| TV & Internet & OTT   |        2006 |         569 |            569 |            1160 |
| TV & Internet & Voice |         545 |         151 |            151 |             471 |
| TV & OTT              |          98 |          34 |             34 |              36 |
| TV & Voice            |         111 |          47 |             47 |              96 |
| TV & Voice & OTT      |           3 |           1 |              1 |               2 |
| TV Only               |       10580 |        7833 |           7826 |            8037 |
| Voice Only            |         179 |         178 |            178 |             179 |
| GRAND TOTAL           |       27221 |       16970 |          16899 |           22515 |
+-----------------------+-------------+-------------+----------------+-----------------+
13 rows in set (0.00 sec)

+-------------+-------------+-------------+----------------+-----------------+
| network     | activecount | allaccounts | uniqueaccounts | uniquecontracts |
+-------------+-------------+-------------+----------------+-----------------+
| ADDON       |          13 |           9 |              9 |               9 |
| GPON        |        7083 |        3600 |           3597 |            5455 |
| HFC         |       20078 |       13360 |          13360 |           17004 |
| MOBILE TV   |          47 |           1 |              1 |              47 |
| GRAND TOTAL |       27221 |       16970 |          16899 |           22515 |
+-------------+-------------+-------------+----------------+-----------------+
5 rows in set, 1 warning (0.13 sec)

+-------------+-----------------------+-------------+-------------+----------------+-----------------+
| network     | services              | activecount | allaccounts | uniqueaccounts | uniquecontracts |
+-------------+-----------------------+-------------+-------------+----------------+-----------------+
| ADDON       | OTT Only              |           2 |           2 |              2 |               2 |
| ADDON       | TV & OTT              |           4 |           1 |              1 |               1 |
| ADDON       | TV Only               |           7 |           6 |              6 |               6 |
| ADDON       | Services Total        |          13 |           9 |              9 |               9 |
| GPON        | All                   |          60 |          13 |             13 |              41 |
| GPON        | Internet & Voice      |          57 |          23 |             23 |              47 |
| GPON        | Internet Only         |         939 |         851 |            851 |             870 |
| GPON        | TV & Internet         |        3024 |        1263 |           1263 |            2604 |
| GPON        | TV & Internet & OTT   |        1054 |         283 |            283 |             582 |
| GPON        | TV & Internet & Voice |         155 |          40 |             40 |             126 |
| GPON        | TV & OTT              |          60 |          21 |             21 |              22 |
| GPON        | TV & Voice            |          47 |          19 |             19 |              39 |
| GPON        | TV Only               |        1679 |        1079 |           1079 |            1116 |
| GPON        | Voice Only            |           8 |           8 |              8 |               8 |
| GPON        | Services Total        |        7083 |        3600 |           3597 |            5455 |
| HFC         | All                   |          95 |          19 |             19 |              61 |
| HFC         | Internet & Voice      |         383 |         179 |            179 |             348 |
| HFC         | Internet Only         |        3282 |        3223 |           3223 |            3279 |
| HFC         | TV & Internet         |        5810 |        2583 |           2583 |            5235 |
| HFC         | TV & Internet & OTT   |         952 |         286 |            286 |             578 |
| HFC         | TV & Internet & Voice |         390 |         111 |            111 |             345 |
| HFC         | TV & OTT              |          34 |          12 |             12 |              13 |
| HFC         | TV & Voice            |          64 |          28 |             28 |              57 |
| HFC         | TV & Voice & OTT      |           3 |           1 |              1 |               2 |
| HFC         | TV Only               |        8894 |        6748 |           6748 |            6915 |
| HFC         | Voice Only            |         171 |         170 |            170 |             171 |
| HFC         | Services Total        |       20078 |       13360 |          13360 |           17004 |
| MOBILE TV   | OTT Only              |          47 |           1 |              1 |              47 |
| MOBILE TV   | Services Total        |          47 |           1 |              1 |              47 |
| GRAND TOTAL | Services Total        |       27221 |       16970 |          16899 |           22515 |
+-------------+-----------------------+-------------+-------------+----------------+-----------------+
30 rows in set, 2 warnings (0.15 sec)

Query OK, 0 rows affected (0.01 sec)

Query OK, 45 rows affected, 3 warnings (0.30 sec)
Records: 45  Duplicates: 0  Warnings: 3

+-------------+---------------+-----------------------+-------------+-------------+----------------+-----------------+
| region      | network       | services              | activecount | allaccounts | uniqueaccounts | uniquecontracts |
+-------------+---------------+-----------------------+-------------+-------------+----------------+-----------------+
| Mahe        | ADDON         | OTT Only              |           2 |           2 |              2 |               2 |
| Mahe        | ADDON         | TV & OTT              |           4 |           1 |              1 |               1 |
| Mahe        | ADDON         | TV Only               |           5 |           4 |              4 |               4 |
| Mahe        | ADDON         | Services Total        |          11 |           7 |              7 |               7 |
| Mahe        | GPON          | All                   |          45 |          10 |             10 |              32 |
| Mahe        | GPON          | Internet & Voice      |          45 |          17 |             17 |              35 |
| Mahe        | GPON          | Internet Only         |         725 |         637 |            637 |             656 |
| Mahe        | GPON          | TV & Internet         |        2169 |         904 |            904 |            1858 |
| Mahe        | GPON          | TV & Internet & OTT   |         629 |         163 |            163 |             334 |
| Mahe        | GPON          | TV & Internet & Voice |         128 |          33 |             33 |             102 |
| Mahe        | GPON          | TV & OTT              |          41 |          13 |             13 |              13 |
| Mahe        | GPON          | TV & Voice            |          47 |          19 |             19 |              39 |
| Mahe        | GPON          | TV Only               |        1237 |         772 |            772 |             790 |
| Mahe        | GPON          | Voice Only            |           8 |           8 |              8 |               8 |
| Mahe        | GPON          | Services Total        |        5074 |        2576 |           2576 |            3867 |
| Mahe        | HFC           | All                   |          95 |          19 |             19 |              61 |
| Mahe        | HFC           | Internet & Voice      |         383 |         179 |            179 |             348 |
| Mahe        | HFC           | Internet Only         |        3282 |        3223 |           3223 |            3279 |
| Mahe        | HFC           | TV & Internet         |        5810 |        2583 |           2583 |            5235 |
| Mahe        | HFC           | TV & Internet & OTT   |         952 |         286 |            286 |             578 |
| Mahe        | HFC           | TV & Internet & Voice |         390 |         111 |            111 |             345 |
| Mahe        | HFC           | TV & OTT              |          34 |          12 |             12 |              13 |
| Mahe        | HFC           | TV & Voice            |          64 |          28 |             28 |              57 |
| Mahe        | HFC           | TV & Voice & OTT      |           3 |           1 |              1 |               2 |
| Mahe        | HFC           | TV Only               |        8889 |        6745 |           6745 |            6912 |
| Mahe        | HFC           | Voice Only            |         171 |         170 |            170 |             171 |
| Mahe        | HFC           | Services Total        |       20073 |       13357 |          13357 |           17001 |
| Mahe        | MOBILE TV     | OTT Only              |          47 |           1 |              1 |              47 |
| Mahe        | MOBILE TV     | Services Total        |          47 |           1 |              1 |              47 |
| Mahe        | Network Total | Services Total        |       25205 |       15941 |          15874 |           20922 |
| Praslin     | ADDON         | TV Only               |           2 |           2 |              2 |               2 |
| Praslin     | ADDON         | Services Total        |           2 |           2 |              2 |               2 |
| Praslin     | GPON          | All                   |          15 |           3 |              3 |               9 |
| Praslin     | GPON          | Internet & Voice      |          12 |           6 |              6 |              12 |
| Praslin     | GPON          | Internet Only         |         214 |         214 |            214 |             214 |
| Praslin     | GPON          | TV & Internet         |         855 |         359 |            359 |             746 |
| Praslin     | GPON          | TV & Internet & OTT   |         425 |         120 |            120 |             248 |
| Praslin     | GPON          | TV & Internet & Voice |          27 |           7 |              7 |              24 |
| Praslin     | GPON          | TV & OTT              |          19 |           8 |              8 |               9 |
| Praslin     | GPON          | TV Only               |         442 |         307 |            307 |             326 |
| Praslin     | GPON          | Services Total        |        2009 |        1024 |           1024 |            1588 |
| Praslin     | HFC           | TV Only               |           5 |           3 |              3 |               3 |
| Praslin     | HFC           | Services Total        |           5 |           3 |              3 |               3 |
| Praslin     | Network Total | Services Total        |        2016 |        1029 |           1028 |            1593 |
| GRAND TOTAL | Network Total | Services Total        |       27221 |       16970 |          16899 |           22515 |
+-------------+---------------+-----------------------+-------------+-------------+----------------+-----------------+
45 rows in set (0.00 sec)

Query OK, 0 rows affected (0.02 sec)

Query OK, 26471 rows affected (0.85 sec)
Records: 26471  Duplicates: 0  Warnings: 0

Query OK, 0 rows affected (0.03 sec)

Query OK, 1649 rows affected (25.71 sec)
Records: 1649  Duplicates: 0  Warnings: 0

+--------------------------------------+
| message                              |
+--------------------------------------+
| running rcbill_my.sp_ActiveNumber2() |
+--------------------------------------+
1 row in set (0.00 sec)

Query OK, 215 rows affected (3 min 57.94 sec)

mysql> mysql \. C:\workspace\cloud\code\sql\_DailyScript\currenttime.sql
+---------------------+
| currenttime         |
+---------------------+
| 2019-08-04 18:21:56 |
+---------------------+
1 row in set (0.00 sec)

mysql> 
mysql> mysql \. C:\workspace\cloud\code\sql\_DailyScript\GetActiveNumbers Average -Pivot.sql
Database changed
+-------------------------------------+
| @today := subdate(current_date(),1) |
+-------------------------------------+
| 2019-08-03                          |
+-------------------------------------+
1 row in set (0.00 sec)

+-------------------------------------+
| @lastdayofmonth := last_day(@today) |
+-------------------------------------+
| 2019-08-31                          |
+-------------------------------------+
1 row in set (0.00 sec)

Query OK, 0 rows affected (0.33 sec)

Query OK, 31842 rows affected, 65535 warnings (1 min 0.37 sec)
Records: 31842  Duplicates: 0  Warnings: 65568

Query OK, 0 rows affected (0.19 sec)
Records: 0  Duplicates: 0  Warnings: 0

Query OK, 0 rows affected (0.12 sec)
Records: 0  Duplicates: 0  Warnings: 0

Query OK, 0 rows affected (0.12 sec)
Records: 0  Duplicates: 0  Warnings: 0

+-----------------+
| activenumberavg |
+-----------------+
|           31842 |
+-----------------+
1 row in set (0.01 sec)

Query OK, 0 rows affected (0.03 sec)

Query OK, 1761 rows affected (0.50 sec)
Records: 1761  Duplicates: 0  Warnings: 0

+---------------------+
| rep_activenumberavg |
+---------------------+
|                1761 |
+---------------------+
1 row in set (0.00 sec)

+----------------------+
| rep_activenumberavg1 |
+----------------------+
|                  838 |
+----------------------+
1 row in set (0.00 sec)

Query OK, 0 rows affected (0.01 sec)

Query OK, 1625 rows affected (0.45 sec)
Records: 1625  Duplicates: 0  Warnings: 0

Query OK, 0 rows affected (0.05 sec)

Query OK, 8217 rows affected (0.66 sec)
Records: 8217  Duplicates: 0  Warnings: 0

Query OK, 0 rows affected (0.00 sec)

Query OK, 0 rows affected (0.01 sec)

Query OK, 0 rows affected (0.02 sec)

Query OK, 0 rows affected (0.00 sec)

Query OK, 0 rows affected (0.00 sec)
Statement prepared

Query OK, 53 rows affected (0.04 sec)
Records: 53  Duplicates: 0  Warnings: 0

Query OK, 0 rows affected (0.00 sec)

Query OK, 0 rows affected (0.00 sec)

+----------------------+
| rep_activenumberavg2 |
+----------------------+
|                 1625 |
+----------------------+
1 row in set (0.00 sec)

+------------------------+
| rep_activenumberavg_pv |
+------------------------+
|                     53 |
+------------------------+
1 row in set (0.00 sec)

Query OK, 0 rows affected (0.00 sec)

Query OK, 1625 rows affected (0.33 sec)
Records: 1625  Duplicates: 0  Warnings: 0

Query OK, 0 rows affected (0.00 sec)

Query OK, 0 rows affected (0.02 sec)

Query OK, 0 rows affected (0.00 sec)

Query OK, 0 rows affected (0.00 sec)

Query OK, 0 rows affected (0.00 sec)
Statement prepared

Query OK, 53 rows affected (0.04 sec)
Records: 53  Duplicates: 0  Warnings: 0

Query OK, 0 rows affected (0.00 sec)

Query OK, 0 rows affected (0.00 sec)

+-------------------------+
| rep_activenumberavgMahe |
+-------------------------+
|                    1625 |
+-------------------------+
1 row in set (0.01 sec)

+----------------------------+
| rep_activenumberavgMahe_pv |
+----------------------------+
|                         53 |
+----------------------------+
1 row in set (0.00 sec)

Query OK, 0 rows affected (0.00 sec)

Query OK, 1041 rows affected (0.17 sec)
Records: 1041  Duplicates: 0  Warnings: 0

Query OK, 0 rows affected (0.00 sec)

Query OK, 0 rows affected (0.02 sec)

Query OK, 0 rows affected (0.03 sec)

Query OK, 0 rows affected (0.00 sec)

Query OK, 0 rows affected (0.00 sec)
Statement prepared

Query OK, 39 rows affected (0.02 sec)
Records: 39  Duplicates: 0  Warnings: 0

Query OK, 0 rows affected (0.00 sec)

Query OK, 0 rows affected (0.00 sec)

+----------------------------+
| rep_activenumberavgPraslin |
+----------------------------+
|                       1041 |
+----------------------------+
1 row in set (0.00 sec)

+-------------------------------+
| rep_activenumberavgPraslin_pv |
+-------------------------------+
|                            39 |
+-------------------------------+
1 row in set (0.00 sec)

mysql> mysql \. C:\workspace\cloud\code\sql\_DailyScript\currenttime.sql
+---------------------+
| currenttime         |
+---------------------+
| 2019-08-04 18:22:59 |
+---------------------+
1 row in set (0.01 sec)

mysql> 
mysql> mysql \. C:\workspace\cloud\code\sql\_DailyScript\budget_actual_analysis_2019.sql
Query OK, 0 rows affected (0.02 sec)

Query OK, 562 rows affected, 3 warnings (0.66 sec)
Records: 562  Duplicates: 0  Warnings: 3

+--------------------+
| budget_actual_2019 |
+--------------------+
|                562 |
+--------------------+
1 row in set (0.00 sec)

Query OK, 0 rows affected (0.00 sec)

Query OK, 48 rows affected (0.04 sec)
Records: 48  Duplicates: 0  Warnings: 0

+---------------------------+
| rep_budget_actual_2019_pv |
+---------------------------+
|                        48 |
+---------------------------+
1 row in set (0.00 sec)

mysql> mysql \. C:\workspace\cloud\code\sql\_DailyScript\currenttime.sql
+---------------------+
| currenttime         |
+---------------------+
| 2019-08-04 18:23:00 |
+---------------------+
1 row in set (0.00 sec)

mysql> 
mysql> mysql \. C:\workspace\cloud\code\sql\_DailyScript\reports-sales-addons-prepaid-camera.sql
Database changed
Query OK, 0 rows affected (0.12 sec)

Query OK, 3730 rows affected (1.04 sec)
Records: 3730  Duplicates: 0  Warnings: 0

Query OK, 0 rows affected (0.03 sec)

Query OK, 16440 rows affected (3 min 21.24 sec)
Records: 16440  Duplicates: 0  Warnings: 0

+--------------------+
| rep_prepaid_camera |
+--------------------+
|               3730 |
+--------------------+
1 row in set (0.04 sec)

+-----------+
| rep_addon |
+-----------+
|     16440 |
+-----------+
1 row in set (0.00 sec)

mysql> mysql \. C:\workspace\cloud\code\sql\_DailyScript\currenttime.sql
+---------------------+
| currenttime         |
+---------------------+
| 2019-08-04 18:26:23 |
+---------------------+
1 row in set (0.00 sec)

mysql> 
mysql> mysql \. C:\workspace\cloud\code\sql\_DailyScript\housing-estate-analysis.sql
Database changed
Query OK, 0 rows affected (0.03 sec)

Query OK, 2855 rows affected (8 min 14.44 sec)
Records: 2855  Duplicates: 0  Warnings: 0

+--------------------+
| rep_housingestates |
+--------------------+
|               2855 |
+--------------------+
1 row in set (0.00 sec)

mysql> mysql \. C:\workspace\cloud\code\sql\_DailyScript\currenttime.sql
+---------------------+
| currenttime         |
+---------------------+
| 2019-08-04 18:34:37 |
+---------------------+
1 row in set (0.00 sec)

mysql> 
mysql> mysql \. C:\workspace\cloud\code\sql\_DailyScript\RCB_ClientAnalyticsReport_Script.sql
Database changed
Query OK, 0 rows affected (0.00 sec)

Query OK, 0 rows affected (0.22 sec)

Query OK, 1708579 rows affected (1 min 48.44 sec)
Records: 1708579  Duplicates: 0  Warnings: 0

Query OK, 0 rows affected (11.79 sec)
Records: 0  Duplicates: 0  Warnings: 0

Query OK, 0 rows affected (7.30 sec)
Records: 0  Duplicates: 0  Warnings: 0

Query OK, 0 rows affected (11.67 sec)
Records: 0  Duplicates: 0  Warnings: 0

Query OK, 0 rows affected (10.66 sec)
Records: 0  Duplicates: 0  Warnings: 0

Query OK, 0 rows affected (11.98 sec)
Records: 0  Duplicates: 0  Warnings: 0

Query OK, 0 rows affected (12.95 sec)
Records: 0  Duplicates: 0  Warnings: 0

Query OK, 0 rows affected (0.00 sec)

Query OK, 446252 rows affected (21.89 sec)
Rows matched: 1708579  Changed: 446252  Warnings: 0

Query OK, 0 rows affected (0.15 sec)

Query OK, 27348 rows affected (4.81 sec)
Records: 27348  Duplicates: 0  Warnings: 0

Query OK, 0 rows affected (0.05 sec)

Query OK, 42481 rows affected (12 min 41.49 sec)
Records: 42481  Duplicates: 0  Warnings: 0

Query OK, 0 rows affected (0.32 sec)
Records: 0  Duplicates: 0  Warnings: 0

Query OK, 0 rows affected (0.28 sec)
Records: 0  Duplicates: 0  Warnings: 0

Query OK, 0 rows affected (0.11 sec)
Records: 0  Duplicates: 0  Warnings: 0

Query OK, 0 rows affected (0.43 sec)

Query OK, 419755 rows affected (14 min 51.39 sec)
Records: 419755  Duplicates: 0  Warnings: 0

Query OK, 0 rows affected (3.00 sec)
Records: 0  Duplicates: 0  Warnings: 0

Query OK, 0 rows affected (1.97 sec)
Records: 0  Duplicates: 0  Warnings: 0

Query OK, 0 rows affected (1.04 sec)
Records: 0  Duplicates: 0  Warnings: 0

Query OK, 0 rows affected (3.77 sec)
Records: 0  Duplicates: 0  Warnings: 0

Query OK, 0 rows affected (1.99 sec)
Records: 0  Duplicates: 0  Warnings: 0

Query OK, 0 rows affected (0.28 sec)

Query OK, 42481 rows affected (1 min 44.15 sec)
Records: 42481  Duplicates: 0  Warnings: 0

+--------------+
| clientreport |
+--------------+
|        42481 |
+--------------+
1 row in set (0.02 sec)

Query OK, 0 rows affected (0.04 sec)

Query OK, 42481 rows affected (8.11 sec)
Records: 42481  Duplicates: 0  Warnings: 0

+----------------------+
| clientextendedreport |
+----------------------+
|                42481 |
+----------------------+
1 row in set (0.01 sec)

Query OK, 0 rows affected (0.03 sec)

Query OK, 42481 rows affected (2 min 23.70 sec)
Records: 42481  Duplicates: 0  Warnings: 0

+---------+
| allcust |
+---------+
|   42481 |
+---------+
1 row in set (0.03 sec)

Query OK, 0 rows affected, 1 warning (0.00 sec)

Query OK, 5000 rows affected (0.30 sec)
Records: 5000  Duplicates: 0  Warnings: 0

Query OK, 0 rows affected (0.10 sec)

Query OK, 6958 rows affected (0.62 sec)
Records: 6958  Duplicates: 0  Warnings: 0

Query OK, 0 rows affected, 1 warning (0.00 sec)

Query OK, 5000 rows affected (0.16 sec)
Records: 5000  Duplicates: 0  Warnings: 0

Query OK, 0 rows affected (0.04 sec)

Query OK, 7334 rows affected (0.26 sec)
Records: 7334  Duplicates: 0  Warnings: 0

mysql> mysql \. C:\workspace\cloud\code\sql\_DailyScript\currenttime.sql
+---------------------+
| currenttime         |
+---------------------+
| 2019-08-04 19:10:03 |
+---------------------+
1 row in set (0.00 sec)

mysql> 
mysql> mysql \. C:\workspace\cloud\code\sql\_DailyScript\REVENUE_PER_NODE_MXK.sql
Query OK, 0 rows affected (0.00 sec)

Query OK, 0 rows affected (0.06 sec)

Query OK, 0 rows affected (0.02 sec)

Query OK, 4770 rows affected (4.79 sec)
Records: 4770  Duplicates: 0  Warnings: 0

+----------------------+
| message              |
+----------------------+
| created temp table a |
+----------------------+
1 row in set (0.00 sec)

Query OK, 5092 rows affected (6.23 sec)
Records: 5092  Duplicates: 0  Warnings: 0

+----------------------+
| message              |
+----------------------+
| created temp table b |
+----------------------+
1 row in set (0.00 sec)

Query OK, 0 rows affected, 1 warning (0.01 sec)

Query OK, 5013 rows affected (9.93 sec)
Records: 5013  Duplicates: 0  Warnings: 0

+--------------------------------+
| message                        |
+--------------------------------+
| created rcbill_my.tempcustmxk1 |
+--------------------------------+
1 row in set (0.00 sec)

Query OK, 0 rows affected (0.00 sec)

Query OK, 0 rows affected (0.00 sec)

Query OK, 0 rows affected, 1 warning (0.00 sec)

Query OK, 4770 rows affected (1.45 sec)
Records: 4770  Duplicates: 0  Warnings: 0

+----------------+
| message        |
+----------------+
| created temp a |
+----------------+
1 row in set (0.01 sec)

Query OK, 5092 rows affected (0.43 sec)
Records: 5092  Duplicates: 0  Warnings: 0

+----------------+
| message        |
+----------------+
| created temp b |
+----------------+
1 row in set (0.00 sec)

Query OK, 0 rows affected, 1 warning (0.00 sec)

Query OK, 5182 rows affected (7.42 sec)
Records: 5182  Duplicates: 0  Warnings: 0

+--------------------------------+
| message                        |
+--------------------------------+
| created rcbill_my.tempcustmxk2 |
+--------------------------------+
1 row in set (0.00 sec)

Query OK, 0 rows affected (0.00 sec)

Query OK, 0 rows affected (0.00 sec)

Query OK, 0 rows affected, 1 warning (0.00 sec)

Query OK, 0 rows affected (0.10 sec)

Query OK, 5668 rows affected (0.79 sec)
Records: 5668  Duplicates: 0  Warnings: 0

+---------------------------------+
| message                         |
+---------------------------------+
| created rcbill_my.customers_mxk |
+---------------------------------+
1 row in set (0.00 sec)

Query OK, 0 rows affected (0.02 sec)

Query OK, 0 rows affected (0.00 sec)

Query OK, 13244 rows affected (6.95 sec)
Records: 13244  Duplicates: 0  Warnings: 0

+----------------+
| message        |
+----------------+
| created temp a |
+----------------+
1 row in set (0.00 sec)

Query OK, 21275 rows affected (4.84 sec)
Records: 21275  Duplicates: 0  Warnings: 0

+----------------+
| message        |
+----------------+
| created temp c |
+----------------+
1 row in set (0.00 sec)

Query OK, 0 rows affected, 1 warning (0.00 sec)

Query OK, 27806 rows affected (0.42 sec)
Records: 27806  Duplicates: 0  Warnings: 0

+---------------------------------+
| message                         |
+---------------------------------+
| created rcbill_my.tempcustcmts1 |
+---------------------------------+
1 row in set (0.01 sec)

Query OK, 0 rows affected (0.00 sec)

Query OK, 0 rows affected, 1 warning (0.00 sec)

Query OK, 0 rows affected (0.02 sec)

Query OK, 13244 rows affected (6.51 sec)
Records: 13244  Duplicates: 0  Warnings: 0

+----------------+
| message        |
+----------------+
| created temp a |
+----------------+
1 row in set (0.00 sec)

Query OK, 21275 rows affected (1.18 sec)
Records: 21275  Duplicates: 0  Warnings: 0

+----------------+
| message        |
+----------------+
| created temp c |
+----------------+
1 row in set (0.00 sec)

Query OK, 0 rows affected, 1 warning (0.00 sec)

Query OK, 22233 rows affected (0.35 sec)
Records: 22233  Duplicates: 0  Warnings: 0

+---------------------------------+
| message                         |
+---------------------------------+
| created rcbill_my.tempcustcmts2 |
+---------------------------------+
1 row in set (0.00 sec)

Query OK, 0 rows affected (0.02 sec)

Query OK, 0 rows affected, 1 warning (0.00 sec)

Query OK, 0 rows affected (0.00 sec)

Query OK, 0 rows affected (0.07 sec)

Query OK, 13428 rows affected (1.23 sec)
Records: 13428  Duplicates: 0  Warnings: 0

+----------------------------------+
| message                          |
+----------------------------------+
| created rcbill_my.customers_cmts |
+----------------------------------+
1 row in set (0.02 sec)

Query OK, 0 rows affected (0.00 sec)

Query OK, 0 rows affected (0.00 sec)

Query OK, 0 rows affected (0.02 sec)

Query OK, 19096 rows affected (1.06 sec)
Records: 19096  Duplicates: 0  Warnings: 0

+--------------------------------------+
| message                              |
+--------------------------------------+
| created rcbill_my.customers_cmts_mxk |
+--------------------------------------+
1 row in set (0.01 sec)

Query OK, 442861 rows affected (1 min 24.75 sec)
Records: 442861  Duplicates: 0  Warnings: 0

+----------------+
| message        |
+----------------+
| created temp a |
+----------------+
1 row in set (0.00 sec)

Query OK, 0 rows affected (0.25 sec)

Query OK, 443793 rows affected (20.57 sec)
Records: 443793  Duplicates: 0  Warnings: 0

+------------------------------------------------+
| message                                        |
+------------------------------------------------+
| created rcbill_my.customers_contracts_cmts_mxk |
+------------------------------------------------+
1 row in set (0.00 sec)

Query OK, 0 rows affected (0.02 sec)

Query OK, 0 rows affected, 1 warning (0.00 sec)

Query OK, 0 rows affected, 1 warning (0.00 sec)

Query OK, 0 rows affected (0.00 sec)

Query OK, 8041 rows affected (4.98 sec)
Rows matched: 8041  Changed: 8041  Warnings: 0

+------------------------------------------------+
| message                                        |
+------------------------------------------------+
| updated rcbill_my.customers_contracts_cmts_mxk |
+------------------------------------------------+
1 row in set (0.00 sec)

Query OK, 0 rows affected (0.30 sec)

Query OK, 1674521 rows affected (5 min 41.99 sec)
Records: 1674521  Duplicates: 0  Warnings: 0

+----------------------------------------+
| message                                |
+----------------------------------------+
| created rcbill_my.customers_collection |
+----------------------------------------+
1 row in set (0.00 sec)

Query OK, 0 rows affected (0.23 sec)

Query OK, 1928423 rows affected (3 min 9.31 sec)
Records: 1928423  Duplicates: 0  Warnings: 0

+------------------------------------------------+
| message                                        |
+------------------------------------------------+
| created rcbill_my.customers_cmts_mxk_cont_coll |
+------------------------------------------------+
1 row in set (0.00 sec)

Query OK, 0 rows affected (0.09 sec)

Query OK, 41580 rows affected (15.64 sec)
Records: 41580  Duplicates: 0  Warnings: 0

+------------------------------------------------------------+
| message                                                    |
+------------------------------------------------------------+
| created rcbill_my.customers_contracts_collection_pivot2019 |
+------------------------------------------------------------+
1 row in set (0.00 sec)

Query OK, 0 rows affected (0.01 sec)

Query OK, 19510 rows affected (11.34 sec)
Records: 19510  Duplicates: 0  Warnings: 0

+--------------------------------------------------+
| message                                          |
+--------------------------------------------------+
| created rcbill_my.customers_collection_pivot2019 |
+--------------------------------------------------+
1 row in set (0.00 sec)

Query OK, 0 rows affected (0.02 sec)

Query OK, 42481 rows affected (1.71 sec)
Records: 42481  Duplicates: 0  Warnings: 0

+------------------------------------------------+
| message                                        |
+------------------------------------------------+
| created rcbill_my.rep_customers_collection2019 |
+------------------------------------------------+
1 row in set (0.00 sec)

Query OK, 0 rows affected (0.00 sec)

Query OK, 0 rows affected, 1 warning (0.00 sec)

Query OK, 413788 rows affected (25.98 sec)
Records: 413788  Duplicates: 0  Warnings: 0

+-------------------------+
| message                 |
+-------------------------+
| created rcbill_my.tempa |
+-------------------------+
1 row in set (0.00 sec)

Query OK, 0 rows affected, 1 warning (0.00 sec)

Query OK, 90834 rows affected (14.87 sec)
Records: 90834  Duplicates: 0  Warnings: 0

+-------------------------+
| message                 |
+-------------------------+
| created rcbill_my.tempb |
+-------------------------+
1 row in set (0.00 sec)

Query OK, 413788 rows affected (13.75 sec)
Records: 413788  Duplicates: 0  Warnings: 0

+-----------+
| message   |
+-----------+
| created a |
+-----------+
1 row in set (0.01 sec)

Query OK, 91041 rows affected (8.49 sec)
Records: 91041  Duplicates: 0  Warnings: 0

+-----------+
| message   |
+-----------+
| created b |
+-----------+
1 row in set (0.00 sec)

Query OK, 0 rows affected (0.10 sec)

Query OK, 0 rows affected (0.00 sec)

Query OK, 0 rows affected (0.05 sec)

Query OK, 416638 rows affected (34.26 sec)
Records: 416638  Duplicates: 0  Warnings: 0

+----------------------------------------------+
| message                                      |
+----------------------------------------------+
| created rcbill_my.cust_cont_payment_cmts_mxk |
+----------------------------------------------+
1 row in set (0.00 sec)

Query OK, 0 rows affected (0.02 sec)

Query OK, 0 rows affected (0.00 sec)

Query OK, 0 rows affected, 1 warning (0.00 sec)

Query OK, 0 rows affected (0.04 sec)

Query OK, 42481 rows affected (17.61 sec)
Records: 42481  Duplicates: 0  Warnings: 0

+--------------------------------------------------+
| message                                          |
+--------------------------------------------------+
| created rcbill_my.rep_cust_cont_payment_cmts_mxk |
+--------------------------------------------------+
1 row in set (0.00 sec)

Query OK, 0 rows affected, 1 warning (0.00 sec)

Query OK, 0 rows affected, 1 warning (0.00 sec)

Query OK, 0 rows affected (0.28 sec)

Query OK, 42481 rows affected, 5 warnings (13.00 sec)
Records: 42481  Duplicates: 0  Warnings: 5

+----------------------+
| rep_custconsolidated |
+----------------------+
|                42481 |
+----------------------+
1 row in set (0.04 sec)

Query OK, 0 rows affected (0.01 sec)

Query OK, 0 rows affected (0.00 sec)

+----------------------------------------------+
| message                                      |
+----------------------------------------------+
| creating rcbill_my.retentioncustomeractivity |
+----------------------------------------------+
1 row in set (0.02 sec)

Query OK, 722 rows affected (0.10 sec)
Records: 722  Duplicates: 0  Warnings: 0

+---------------------------+
| retentioncustomeractivity |
+---------------------------+
|                       722 |
+---------------------------+
1 row in set (0.00 sec)

+-----------+------------------------------------+------------+-------------+-----------------+------------------+---------------------+-------------------+
| HFC_NODE  | NODENAME                           | CMTS_DATE  | INSERTED_ON | UNIQUE_ACCOUNTS | UNIQUE_CONTRACTS | UNIQUE_MAC_INRCBOSS | UNIQUE_MAC_INCMTS |
+-----------+------------------------------------+------------+-------------+-----------------+------------------+---------------------+-------------------+
| NULL      | NULL                               | NULL       | 2019-08-04  |            5585 |             5849 |                5902 |                 0 |
| C5/0/0/U0 | ANSE-BOILEAU-2                     | 2019-06-26 | 2019-08-04  |             174 |              178 |                 174 |               176 |
| C5/0/0/U1 | 500-C3-ANSE-BOILEAU                | 2019-06-26 | 2019-08-04  |             168 |              176 |                 168 |               171 |
| C5/0/1/U0 | 501-C4-LA-MISIERE-LEFT-I           | 2019-06-26 | 2019-08-04  |             210 |              220 |                 209 |               215 |
| C5/0/1/U1 | 501-C5-LA-MISIERE-RIGHT            | 2019-06-26 | 2019-08-04  |             101 |              104 |                 101 |               102 |
| C5/0/1/U2 | 501-C7-LA-MISIERE-LEFT-II          | 2019-06-26 | 2019-08-04  |              83 |               84 |                  83 |                86 |
| C5/0/2/U0 | 502-C8-LA-LOUISE                   | 2019-06-26 | 2019-08-04  |             138 |              140 |                 138 |               142 |
| C5/0/2/U1 | LA-LOUISE-2                        | 2019-06-26 | 2019-08-04  |             137 |              141 |                 137 |               144 |
| C5/0/3/U0 | 504-C6-PETIT-PARIS                 | 2019-06-26 | 2019-08-04  |             157 |              159 |                 157 |               161 |
| C5/0/3/U1 | PETIT-PARIS-23                     | 2019-06-26 | 2019-08-04  |              79 |               82 |                  79 |                84 |
| C5/0/4/U0 | FOUR-SEASONS                       | 2019-06-26 | 2019-08-04  |               6 |               18 |                  18 |                18 |
| C5/0/4/U1 | ANCHOR-CAFE-I                      | 2019-06-26 | 2019-08-04  |             140 |              142 |                 140 |               143 |
| C5/0/4/U2 | ANCHOR-CAFE-II                     | 2019-06-26 | 2019-08-04  |             150 |              153 |                 150 |               154 |
| C5/1/0/U0 | POINTE-LARUE-AIRPORT-23            | 2019-06-26 | 2019-08-04  |              99 |              107 |                 101 |               105 |
| C5/1/0/U1 | PPROVIDENCE-23                     | 2019-06-26 | 2019-08-04  |              26 |               29 |                  27 |                28 |
| C5/1/0/U2 | ROSHE-CAIMAN-23                    | 2019-06-26 | 2019-08-04  |              11 |               12 |                  11 |                12 |
| C5/1/0/U3 | HEAD-OFFICE | HO-23                | 2019-06-26 | 2019-08-04  |              26 |               26 |                  26 |                31 |
| C5/1/1/U1 | C5-UNION-VALE                      | 2019-06-26 | 2019-08-04  |             197 |              202 |                 197 |               197 |
| C5/1/3/U0 | POINTE-LARUE-AIRPORT-27            | 2019-06-26 | 2019-08-04  |             133 |              135 |                 133 |               135 |
| C5/1/3/U1 | PPROVIDENCE-27                     | 2019-06-26 | 2019-08-04  |              35 |               35 |                  35 |                35 |
| C5/1/3/U2 | ROSHE-CAIMAN-27                    | 2019-06-26 | 2019-08-04  |              23 |               23 |                  23 |                23 |
| C5/1/3/U3 | HEAD-OFFICE | HO-27                | 2019-06-26 | 2019-08-04  |              19 |               20 |                  19 |                21 |
| C5/1/4/U0 | ANSE-ROYALE-27                     | 2019-06-26 | 2019-08-04  |             171 |              177 |                 171 |               177 |
| C5/1/4/U1 | GLACIS-2-57                        | 2019-06-26 | 2019-08-04  |              91 |               95 |                  91 |                96 |
| C5/1/4/U3 | GLACIS-1                           | 2019-06-26 | 2019-08-04  |              93 |               97 |                  93 |               105 |
| C6/0/1/U0 | SERRET-ROAD-RIGHT/CURIO/PASCAL     | 2019-06-26 | 2019-08-04  |             119 |              119 |                 119 |               121 |
| C6/0/1/U1 | SERRET-ROAD-LEFT/ST.LOUIS/TOWN     | 2019-06-26 | 2019-08-04  |             140 |              146 |                 140 |               142 |
| C6/0/1/U2 | SERRET-ROAD-RIGHT/CURIO/PASCAL-2   | 2019-06-26 | 2019-08-04  |             125 |              130 |                 125 |               129 |
| C6/0/1/U3 | SERRET-ROAD-LEFT/ST.LOUIS/TOWN-2   | 2019-06-26 | 2019-08-04  |             137 |              141 |                 137 |               139 |
| C6/0/2/U0 | SANS-SOUCIS-I                      | 2019-06-26 | 2019-08-04  |             125 |              129 |                 125 |               128 |
| C6/0/2/U1 | SANS-SOUCIS-II                     | 2019-06-26 | 2019-08-04  |             108 |              110 |                 107 |               110 |
| C6/0/2/U2 | BEL-AIR-27                         | 2019-06-26 | 2019-08-04  |              89 |               91 |                  89 |                93 |
| C6/0/2/U3 | BEL-AIR-38                         | 2019-06-26 | 2019-08-04  |             116 |              121 |                 116 |               118 |
| C6/0/3/U0 | LES-MAMELLES-23                    | 2019-06-26 | 2019-08-04  |              99 |               99 |                  99 |               101 |
| C6/0/3/U1 | VICTORIA-23                        | 2019-06-26 | 2019-08-04  |              32 |               33 |                  32 |                34 |
| C6/0/4/U0 | LES-MAMELLES-27                    | 2019-06-26 | 2019-08-04  |              54 |               54 |                  54 |                55 |
| C6/0/4/U1 | VICTORIA-27                        | 2019-06-26 | 2019-08-04  |              18 |               23 |                  21 |                23 |
| C7/1/0/U0 | LA-RETRAITE-23                     | 2019-06-26 | 2019-08-04  |              97 |              103 |                  97 |               100 |
| C7/1/0/U1 | TEA-FACTORY-23                     | 2019-06-26 | 2019-08-04  |              28 |               33 |                  29 |                30 |
| C7/1/0/U2 | PAS-23                             | 2019-06-26 | 2019-08-04  |             103 |              105 |                 103 |               105 |
| C7/1/1/U0 | REEF-ESTATE-23                     | 2019-06-26 | 2019-08-04  |              87 |               88 |                  87 |                90 |
| C7/1/1/U1 | BEL-OMBRE-NEW-23                   | 2019-06-26 | 2019-08-04  |              21 |               21 |                  21 |                25 |
| C7/1/2/U0 | LA-RETRAITE-27                     | 2019-06-26 | 2019-08-04  |             125 |              130 |                 126 |               127 |
| C7/1/2/U1 | TEA-FACTORY-27                     | 2019-06-26 | 2019-08-04  |              20 |               23 |                  21 |                21 |
| C7/1/2/U2 | PAS-27                             | 2019-06-26 | 2019-08-04  |              90 |               93 |                  90 |                92 |
| C7/1/3/U0 | MT-BUXTON-27                       | 2019-06-26 | 2019-08-04  |             155 |              159 |                 155 |               158 |
| C7/1/3/U1 | MT-BUXTON-23                       | 2019-06-26 | 2019-08-04  |              62 |               63 |                  62 |                63 |
| C7/1/4/U0 | REEF-ESTATE-27                     | 2019-06-26 | 2019-08-04  |              61 |               62 |                  61 |                61 |
| C7/1/4/U1 | BEL-OMBRE-NEW-27                   | 2019-06-26 | 2019-08-04  |              17 |               17 |                  17 |                20 |
| C8/0/0/U0 | POLICE-ACADEMY-1-27 - POINTE LARUE | 2019-06-26 | 2019-08-04  |             174 |              176 |                 174 |               175 |
| C8/0/0/U1 | NULL                               | 2019-06-26 | 2019-08-04  |             103 |              106 |                 103 |               110 |
| C8/0/1/U0 | NULL                               | 2019-06-26 | 2019-08-04  |             195 |              198 |                 195 |               196 |
| C8/0/1/U1 | POLICE-ACADEMY-2-27 - TURTLE BAY   | 2019-06-26 | 2019-08-04  |             143 |              147 |                 144 |               145 |
| C8/0/2/U0 | BEAU-VALLON-LEFT-1-57              | 2019-06-26 | 2019-08-04  |              92 |               95 |                  92 |                93 |
| C8/0/3/U1 | BEAU-VALLON-RIGHT-2-57             | 2019-06-26 | 2019-08-04  |             196 |              205 |                 196 |               201 |
| C8/1/0/U0 | MA-JOIE-NODE-27                    | 2019-06-26 | 2019-08-04  |             114 |              115 |                 114 |               115 |
| C8/1/0/U1 | BELONIE-27                         | 2019-06-26 | 2019-08-04  |             135 |              137 |                 134 |               147 |
| C8/1/0/U3 | MA-JOIE-NODE-23                    | 2019-06-26 | 2019-08-04  |             115 |              118 |                 115 |               115 |
| C8/1/1/U0 | 611-C1-ROJN I                      | 2019-06-26 | 2019-08-04  |             148 |              149 |                 148 |               152 |
| C8/1/1/U1 | 611-C5-ROJN II                     | 2019-06-26 | 2019-08-04  |              87 |               89 |                  87 |                89 |
| C8/1/2/U0 | 612-C2-ANSE-ETOILE                 | 2019-06-26 | 2019-08-04  |             230 |              233 |                 230 |               230 |
| C8/1/2/U1 | ANSE-ETOILE-U2                     | 2019-06-26 | 2019-08-04  |              44 |               45 |                  44 |                45 |
| C8/1/3/U0 | 613-C3-ANSE-GAULETTE I             | 2019-06-26 | 2019-08-04  |              69 |               72 |                  69 |                69 |
| C8/1/3/U1 | 613-C7-ANSE-GAULETTE II            | 2019-06-26 | 2019-08-04  |              70 |               78 |                  70 |                75 |
| C8/1/3/U2 | 613-C3-ANSE-GAULETTE III           | 2019-06-26 | 2019-08-04  |              34 |               37 |                  34 |                35 |
| C8/1/3/U3 | TAKAMAKA I                         | 2019-06-26 | 2019-08-04  |              97 |               98 |                  97 |                97 |
| C8/1/3/U4 | TAKAMAKA II                        | 2019-06-26 | 2019-08-04  |             100 |              102 |                 100 |               100 |
| C8/1/4/U0 | 614-BEOLIERE-NODE-1                | 2019-06-26 | 2019-08-04  |             154 |              164 |                 154 |               161 |
| C8/1/4/U1 | 614-BEOLIERE-NODE-2                | 2019-06-26 | 2019-08-04  |              59 |               60 |                  59 |                61 |
+-----------+------------------------------------+------------+-------------+-----------------+------------------+---------------------+-------------------+
69 rows in set (0.22 sec)

+------------------+------------+-------------+-----------------+------------------+----------------------+-------------------+
| MXK_NAME         | MXK_DATE   | INSERTED_ON | UNIQUE_ACCOUNTS | UNIQUE_CONTRACTS | UNIQUE_FSAN_INRCBOSS | UNIQUE_FSAN_INMXK |
+------------------+------------+-------------+-----------------+------------------+----------------------+-------------------+
| NULL             | NULL       | 2019-08-04  |             473 |              483 |                  469 |                 0 |
| MXK-ANSEETOILE   | 2019-06-26 | 2019-08-04  |              98 |               99 |                   99 |               105 |
| MXK-ANSEROYALE   | 2019-06-26 | 2019-08-04  |             132 |              133 |                  133 |               149 |
| MXK-BEAUVALLON   | 2019-06-26 | 2019-08-04  |            1089 |             1104 |                 1096 |              1151 |
| MXK-MAHE         | 2019-06-26 | 2019-08-04  |             848 |              869 |                  811 |              1030 |
| MXK-PERSEVERANCE | 2019-06-26 | 2019-08-04  |             962 |              967 |                  962 |              1107 |
| MXK-PRASLIN      | 2019-06-26 | 2019-08-04  |            1178 |             1181 |                 1173 |              1325 |
+------------------+------------+-------------+-----------------+------------------+----------------------+-------------------+
7 rows in set (0.08 sec)

mysql> mysql \. C:\workspace\cloud\code\sql\_DailyScript\currenttime.sql
+---------------------+
| currenttime         |
+---------------------+
| 2019-08-04 19:24:17 |
+---------------------+
1 row in set (0.01 sec)

mysql> 
mysql> mysql \. C:\workspace\cloud\code\sql\Analysis\service_tickets_assignments.sql
Query OK, 0 rows affected (0.15 sec)

Query OK, 57505 rows affected (14.40 sec)
Records: 57505  Duplicates: 0  Warnings: 0

+-------------------------+
| rep_servicetickets_2019 |
+-------------------------+
|                   57505 |
+-------------------------+
1 row in set (0.06 sec)

mysql> mysql \. C:\workspace\cloud\code\sql\_DailyScript\currenttime.sql
+---------------------+
| currenttime         |
+---------------------+
| 2019-08-04 19:24:32 |
+---------------------+
1 row in set (0.00 sec)

mysql> 
mysql> 
mysql> exit
