    -> 
    -> mysql \. C:\workspace\cloud\code\sql\_DailyScript\_setdates.sql
Database changed
Query OK, 0 rows affected (0.00 sec)

Query OK, 0 rows affected (0.00 sec)

Query OK, 0 rows affected (0.00 sec)

Query OK, 0 rows affected (0.00 sec)

Query OK, 0 rows affected (0.00 sec)

Query OK, 0 rows affected (0.00 sec)

Query OK, 0 rows affected (0.00 sec)

Query OK, 0 rows affected (0.00 sec)

Query OK, 0 rows affected (0.00 sec)

Query OK, 0 rows affected (0.00 sec)

Query OK, 0 rows affected (0.00 sec)

Query OK, 0 rows affected (0.00 sec)

Query OK, 0 rows affected (0.00 sec)

Query OK, 0 rows affected (0.00 sec)

Query OK, 0 rows affected (0.00 sec)

Query OK, 0 rows affected (0.00 sec)

Query OK, 0 rows affected (0.00 sec)

Query OK, 0 rows affected (0.00 sec)

Query OK, 0 rows affected (0.00 sec)

Query OK, 0 rows affected (0.00 sec)

Query OK, 0 rows affected (0.00 sec)

mysql> mysql \. C:\workspace\cloud\code\sql\_DailyScript\currenttime.sql
+---------------------+
| currenttime         |
+---------------------+
| 2019-12-23 05:40:38 |
+---------------------+
1 row in set (0.00 sec)

mysql> 
mysql> mysql \. C:\workspace\cloud\code\sql\_DailyScript\load_RCB_VODTITLES.sql
Database changed
Query OK, 0 rows affected (0.00 sec)

Query OK, 8582 rows affected (0.32 sec)

Query OK, 8584 rows affected, 8584 warnings (0.23 sec)
Records: 8584  Deleted: 0  Skipped: 0  Warnings: 8584

Query OK, 0 rows affected (0.00 sec)

Query OK, 2 rows affected (0.01 sec)

+-----------+
| VODTITLES |
+-----------+
|      9042 |
+-----------+
1 row in set (0.00 sec)

+-----------+-----------+
| titletype | typecount |
+-----------+-----------+
| E         |      6973 |
| N         |       213 |
| T         |      1396 |
| NULL      |      8582 |
+-----------+-----------+
4 rows in set (0.02 sec)

mysql> mysql \. C:\workspace\cloud\code\sql\_DailyScript\currenttime.sql
+---------------------+
| currenttime         |
+---------------------+
| 2019-12-23 05:40:39 |
+---------------------+
1 row in set (0.00 sec)

mysql> 
mysql> mysql \. C:\workspace\cloud\code\sql\_DailyScript\DAILY-SCRIPT-LIVETV-STATS.sql
Database changed
Query OK, 0 rows affected (0.01 sec)

Query OK, 74078 rows affected (0.94 sec)
Records: 74078  Duplicates: 0  Warnings: 0

+------------+------------+----------+--------------+--------------+-----------+-------------+----------+--------+------+------------+---------+---------------+
| Table      | Non_unique | Key_name | Seq_in_index | Column_name  | Collation | Cardinality | Sub_part | Packed | Null | Index_type | Comment | Index_comment |
+------------+------------+----------+--------------+--------------+-----------+-------------+----------+--------+------+------------+---------+---------------+
| templivetv |          1 | idxtv1   |            1 | device       | A         |       74526 |     NULL | NULL   | YES  | BTREE      |         |               |
| templivetv |          1 | idxtv2   |            1 | sessionstart | A         |       74526 |     NULL | NULL   | YES  | BTREE      |         |               |
+------------+------------+----------+--------------+--------------+-----------+-------------+----------+--------+------+------------+---------+---------------+
2 rows in set (0.00 sec)

Query OK, 74165 rows affected (43.09 sec)
Records: 74165  Duplicates: 0  Warnings: 0

Query OK, 2754 rows affected (1.29 sec)
Records: 2754  Duplicates: 0  Warnings: 0

Query OK, 0 rows affected (0.00 sec)

Query OK, 0 rows affected (0.01 sec)

Query OK, 132 rows affected (0.15 sec)
Records: 132  Duplicates: 0  Warnings: 0

Query OK, 0 rows affected (0.03 sec)

Query OK, 101736 rows affected (20 min 7.34 sec)
Records: 101736  Duplicates: 0  Warnings: 0

+-----------------+
| rep_livetvstats |
+-----------------+
|          101736 |
+-----------------+
1 row in set (0.04 sec)

mysql> mysql \. C:\workspace\cloud\code\sql\_DailyScript\currenttime.sql
+---------------------+
| currenttime         |
+---------------------+
| 2019-12-23 06:01:32 |
+---------------------+
1 row in set (0.00 sec)

mysql> 
mysql> mysql \. C:\workspace\cloud\code\sql\_DailyScript\DAILY-SCRIPT-VODTS-STATS.sql
Database changed
Query OK, 0 rows affected (0.02 sec)

Query OK, 4122 rows affected (38.67 sec)
Records: 4122  Duplicates: 0  Warnings: 0

+---------+------------+----------+--------------+--------------+-----------+-------------+----------+--------+------+------------+---------+---------------+
| Table   | Non_unique | Key_name | Seq_in_index | Column_name  | Collation | Cardinality | Sub_part | Packed | Null | Index_type | Comment | Index_comment |
+---------+------------+----------+--------------+--------------+-----------+-------------+----------+--------+------+------------+---------+---------------+
| tempvod |          1 | idxtvod1 |            1 | device       | A         |        4348 |     NULL | NULL   | YES  | BTREE      |         |               |
| tempvod |          1 | idxtvod2 |            1 | sessionstart | A         |        4348 |     NULL | NULL   | YES  | BTREE      |         |               |
+---------+------------+----------+--------------+--------------+-----------+-------------+----------+--------+------+------------+---------+---------------+
2 rows in set (0.00 sec)

Query OK, 4128 rows affected (3.21 sec)
Records: 4128  Duplicates: 0  Warnings: 0

Query OK, 0 rows affected (0.02 sec)

Query OK, 438186 rows affected (37.73 sec)
Records: 438186  Duplicates: 0  Warnings: 0

+--------------+
| rep_vodstats |
+--------------+
|       438186 |
+--------------+
1 row in set (0.14 sec)

Database changed
Query OK, 0 rows affected (0.01 sec)

Query OK, 12108 rows affected (3 min 14.25 sec)
Records: 12108  Duplicates: 0  Warnings: 0

+--------+------------+----------+--------------+--------------+-----------+-------------+----------+--------+------+------------+---------+---------------+
| Table  | Non_unique | Key_name | Seq_in_index | Column_name  | Collation | Cardinality | Sub_part | Packed | Null | Index_type | Comment | Index_comment |
+--------+------------+----------+--------------+--------------+-----------+-------------+----------+--------+------+------------+---------+---------------+
| tempts |          1 | idxtts1  |            1 | device       | A         |       11467 |     NULL | NULL   | YES  | BTREE      |         |               |
| tempts |          1 | idxtts2  |            1 | sessionstart | A         |       11467 |     NULL | NULL   | YES  | BTREE      |         |               |
+--------+------------+----------+--------------+--------------+-----------+-------------+----------+--------+------+------------+---------+---------------+
2 rows in set (0.00 sec)

Query OK, 12111 rows affected (11.84 sec)
Records: 12111  Duplicates: 0  Warnings: 0

Query OK, 0 rows affected (0.02 sec)

Query OK, 28150 rows affected (2 min 29.65 sec)
Records: 28150  Duplicates: 0  Warnings: 0

+-------------+
| rep_tsstats |
+-------------+
|       28150 |
+-------------+
1 row in set (0.01 sec)

mysql> mysql \. C:\workspace\cloud\code\sql\_DailyScript\currenttime.sql
+---------------------+
| currenttime         |
+---------------------+
| 2019-12-23 06:08:47 |
+---------------------+
1 row in set (0.00 sec)

mysql> 
mysql> mysql \. C:\workspace\cloud\code\sql\_DailyScript\DAILY-SCRIPT-RADIO-STATS.sql
Database changed
Query OK, 0 rows affected (0.03 sec)

Query OK, 206479 rows affected (3.04 sec)
Records: 206479  Duplicates: 0  Warnings: 0

+-----------+------------+----------+--------------+--------------+-----------+-------------+----------+--------+------+------------+---------+---------------+
| Table     | Non_unique | Key_name | Seq_in_index | Column_name  | Collation | Cardinality | Sub_part | Packed | Null | Index_type | Comment | Index_comment |
+-----------+------------+----------+--------------+--------------+-----------+-------------+----------+--------+------+------------+---------+---------------+
| tempradio |          1 | idxtrad1 |            1 | device       | A         |      207334 |     NULL | NULL   | YES  | BTREE      |         |               |
| tempradio |          1 | idxtrad2 |            1 | sessionstart | A         |      207334 |     NULL | NULL   | YES  | BTREE      |         |               |
+-----------+------------+----------+--------------+--------------+-----------+-------------+----------+--------+------+------------+---------+---------------+
2 rows in set (0.00 sec)

Query OK, 355 rows affected (2.49 sec)
Records: 355  Duplicates: 0  Warnings: 0

Query OK, 0 rows affected (0.02 sec)

Query OK, 3825 rows affected (0.34 sec)
Records: 3825  Duplicates: 0  Warnings: 0

+----------------+
| rep_radiostats |
+----------------+
|           3825 |
+----------------+
1 row in set (0.00 sec)

mysql> mysql \. C:\workspace\cloud\code\sql\_DailyScript\currenttime.sql
+---------------------+
| currenttime         |
+---------------------+
| 2019-12-23 06:08:53 |
+---------------------+
1 row in set (0.00 sec)

mysql> 
mysql> mysql \. C:\workspace\cloud\code\sql\_DailyScript\DAILY_SCRIPT_TELEMETRY_PIVOT.sql
Query OK, 0 rows affected (0.05 sec)

Query OK, 148 rows affected (0.29 sec)
Records: 148  Duplicates: 0  Warnings: 0

Query OK, 0 rows affected (0.03 sec)

Query OK, 7628 rows affected (2.15 sec)
Records: 7628  Duplicates: 0  Warnings: 0

Query OK, 0 rows affected (0.07 sec)

Query OK, 9 rows affected (0.02 sec)
Records: 9  Duplicates: 0  Warnings: 0

Query OK, 0 rows affected (0.00 sec)

Query OK, 56 rows affected (0.35 sec)
Records: 56  Duplicates: 0  Warnings: 0

mysql> mysql \. C:\workspace\cloud\code\sql\_DailyScript\currenttime.sql
+---------------------+
| currenttime         |
+---------------------+
| 2019-12-23 06:08:56 |
+---------------------+
1 row in set (0.00 sec)

mysql> 
mysql> mysql \. C:\workspace\cloud\code\sql\_DailyScript\telemetry_livetv_ranking2019.sql
Query OK, 0 rows affected (0.00 sec)

Query OK, 148 rows affected (0.06 sec)
Records: 148  Duplicates: 0  Warnings: 0

mysql> mysql \. C:\workspace\cloud\code\sql\_DailyScript\currenttime.sql
+---------------------+
| currenttime         |
+---------------------+
| 2019-12-23 06:08:56 |
+---------------------+
1 row in set (0.00 sec)

mysql> 
mysql> mysql \. C:\workspace\cloud\code\sql\_DailyScript\telemetry_radio_ranking2019.sql
Query OK, 0 rows affected (0.00 sec)

Query OK, 9 rows affected (0.01 sec)
Records: 9  Duplicates: 0  Warnings: 0

mysql> mysql \. C:\workspace\cloud\code\sql\_DailyScript\currenttime.sql
+---------------------+
| currenttime         |
+---------------------+
| 2019-12-23 06:08:56 |
+---------------------+
1 row in set (0.00 sec)

mysql> 
mysql> mysql \. C:\workspace\cloud\code\sql\_DailyScript\telemetry_ts_ranking2019.sql
Query OK, 0 rows affected (0.04 sec)

Query OK, 56 rows affected (0.07 sec)
Records: 56  Duplicates: 0  Warnings: 0

mysql> mysql \. C:\workspace\cloud\code\sql\_DailyScript\currenttime.sql
+---------------------+
| currenttime         |
+---------------------+
| 2019-12-23 06:08:57 |
+---------------------+
1 row in set (0.00 sec)

mysql> 
mysql> mysql \. C:\workspace\cloud\code\sql\_DailyScript\telemetry_vod_ranking2019.sql
Query OK, 0 rows affected (0.00 sec)

Query OK, 7628 rows affected (0.84 sec)
Records: 7628  Duplicates: 0  Warnings: 0

mysql> mysql \. C:\workspace\cloud\code\sql\_DailyScript\currenttime.sql
+---------------------+
| currenttime         |
+---------------------+
| 2019-12-23 06:08:57 |
+---------------------+
1 row in set (0.00 sec)

mysql> 
mysql> mysql \. C:\workspace\cloud\code\sql\_DailyScript\telemetry_vod_ranking2019_1.sql
Query OK, 0 rows affected (0.00 sec)

Query OK, 7628 rows affected (0.16 sec)
Records: 7628  Duplicates: 0  Warnings: 0

mysql> mysql \. C:\workspace\cloud\code\sql\_DailyScript\currenttime.sql
+---------------------+
| currenttime         |
+---------------------+
| 2019-12-23 06:08:58 |
+---------------------+
1 row in set (0.00 sec)

mysql> 
mysql> mysql \. C:\workspace\cloud\code\sql\_DailyScript\telemetry_vod_ranking2019_2.sql
Query OK, 0 rows affected (0.02 sec)

Query OK, 7628 rows affected (0.29 sec)
Records: 7628  Duplicates: 0  Warnings: 0

mysql> mysql \. C:\workspace\cloud\code\sql\_DailyScript\currenttime.sql
+---------------------+
| currenttime         |
+---------------------+
| 2019-12-23 06:08:58 |
+---------------------+
1 row in set (0.00 sec)

mysql> 
mysql> mysql \. C:\workspace\cloud\code\sql\_DailyScript\DAILY-SCRIPT-CREATE-LOAD.sql
Database changed
Database changed
Query OK, 0 rows affected (0.03 sec)

Query OK, 0 rows affected (0.01 sec)

Database changed
Query OK, 66016 rows affected (2.82 sec)
Records: 66016  Deleted: 0  Skipped: 0  Warnings: 0

Query OK, 0 rows affected (0.24 sec)
Records: 0  Duplicates: 0  Warnings: 0

Query OK, 0 rows affected (0.61 sec)
Records: 0  Duplicates: 0  Warnings: 0

Query OK, 0 rows affected (0.41 sec)
Records: 0  Duplicates: 0  Warnings: 0

Query OK, 0 rows affected (0.22 sec)
Records: 0  Duplicates: 0  Warnings: 0

+---------+
| clients |
+---------+
|   66016 |
+---------+
1 row in set (0.02 sec)

Query OK, 0 rows affected (0.00 sec)

Query OK, 4321 rows affected (0.80 sec)
Records: 4321  Duplicates: 0  Warnings: 0

+-------------------+
| rcb_clientparcels |
+-------------------+
|              4321 |
+-------------------+
1 row in set (0.00 sec)

Query OK, 0 rows affected (0.51 sec)

Query OK, 83806 rows affected (3.60 sec)
Records: 83806  Duplicates: 0  Warnings: 0

Query OK, 0 rows affected (0.42 sec)
Records: 0  Duplicates: 0  Warnings: 0

Query OK, 0 rows affected (0.04 sec)

Query OK, 66016 rows affected (2.58 sec)
Records: 66016  Duplicates: 0  Warnings: 0

Query OK, 0 rows affected (0.20 sec)
Records: 0  Duplicates: 0  Warnings: 0

Query OK, 0 rows affected (0.21 sec)
Records: 0  Duplicates: 0  Warnings: 0

Query OK, 0 rows affected (0.17 sec)
Records: 0  Duplicates: 0  Warnings: 0

+---------------+
| clientaddress |
+---------------+
|         66016 |
+---------------+
1 row in set (0.02 sec)

Database changed
Query OK, 0 rows affected (0.11 sec)

Query OK, 0 rows affected (0.01 sec)

Database changed
Query OK, 496341 rows affected, 65535 warnings (18.06 sec)
Records: 496341  Deleted: 0  Skipped: 0  Warnings: 196313

Query OK, 0 rows affected (8.32 sec)
Records: 0  Duplicates: 0  Warnings: 0

Query OK, 0 rows affected (2.44 sec)
Records: 0  Duplicates: 0  Warnings: 0

Query OK, 0 rows affected (2.30 sec)
Records: 0  Duplicates: 0  Warnings: 0

Query OK, 0 rows affected (0.01 sec)

Query OK, 496341 rows affected (47.69 sec)
Records: 496341  Duplicates: 0  Warnings: 0

Query OK, 0 rows affected (1.85 sec)
Records: 0  Duplicates: 0  Warnings: 0

Query OK, 0 rows affected (2.09 sec)
Records: 0  Duplicates: 0  Warnings: 0

+-----------+
| contracts |
+-----------+
|    496341 |
+-----------+
1 row in set (0.33 sec)

+-----------------+
| contractaddress |
+-----------------+
|          496341 |
+-----------------+
1 row in set (0.14 sec)

Database changed
Query OK, 0 rows affected (0.01 sec)

Query OK, 0 rows affected (0.00 sec)

Query OK, 7205 rows affected (0.16 sec)
Records: 7205  Deleted: 0  Skipped: 0  Warnings: 0

Query OK, 0 rows affected (0.01 sec)

Query OK, 7174 rows affected (2.58 sec)
Records: 7174  Duplicates: 0  Warnings: 0

Query OK, 0 rows affected (0.05 sec)
Records: 0  Duplicates: 0  Warnings: 0

Query OK, 0 rows affected (0.00 sec)

Query OK, 5594 rows affected (0.04 sec)
Records: 5594  Duplicates: 0  Warnings: 0

Query OK, 0 rows affected (0.08 sec)
Records: 0  Duplicates: 0  Warnings: 0

+-------------------+
| contractdiscounts |
+-------------------+
|              7205 |
+-------------------+
1 row in set (0.00 sec)

+-------------------------+
| clientcontractdiscounts |
+-------------------------+
|                    7174 |
+-------------------------+
1 row in set (0.00 sec)

+----------------------------+
| clientcontractlastdiscount |
+----------------------------+
|                       5594 |
+----------------------------+
1 row in set (0.00 sec)

Database changed
Query OK, 0 rows affected (0.23 sec)

Query OK, 0 rows affected (0.02 sec)

Database changed
Query OK, 132089 rows affected (4.91 sec)
Records: 132089  Deleted: 0  Skipped: 0  Warnings: 0

Query OK, 0 rows affected (0.30 sec)
Records: 0  Duplicates: 0  Warnings: 0

Query OK, 0 rows affected (0.41 sec)
Records: 0  Duplicates: 0  Warnings: 0

Query OK, 0 rows affected (0.36 sec)
Records: 0  Duplicates: 0  Warnings: 0

Query OK, 0 rows affected (0.42 sec)
Records: 0  Duplicates: 0  Warnings: 0

Query OK, 0 rows affected (0.56 sec)
Records: 0  Duplicates: 0  Warnings: 0

Query OK, 0 rows affected (0.59 sec)
Records: 0  Duplicates: 0  Warnings: 0

Query OK, 0 rows affected (0.20 sec)

Query OK, 1694589 rows affected (3 min 6.47 sec)
Records: 1694589  Duplicates: 0  Warnings: 0

+---------+
| devices |
+---------+
|  132089 |
+---------+
1 row in set (0.04 sec)

+-----------------------+
| clientcontractdevices |
+-----------------------+
|               1694589 |
+-----------------------+
1 row in set (0.73 sec)

Query OK, 0 rows affected (0.04 sec)

Query OK, 132057 rows affected (7.39 sec)
Records: 132057  Duplicates: 0  Warnings: 0

+---------------------------+
| rep_clientcontractdevices |
+---------------------------+
|                    132057 |
+---------------------------+
1 row in set (0.04 sec)

Database changed
Query OK, 0 rows affected (0.07 sec)

Query OK, 0 rows affected (0.01 sec)

Query OK, 266482 rows affected (7.21 sec)
Records: 266482  Deleted: 0  Skipped: 0  Warnings: 0

Query OK, 0 rows affected (0.68 sec)
Records: 0  Duplicates: 0  Warnings: 0

Query OK, 0 rows affected (0.57 sec)
Records: 0  Duplicates: 0  Warnings: 0

Query OK, 0 rows affected (0.58 sec)
Records: 0  Duplicates: 0  Warnings: 0

Query OK, 0 rows affected (0.49 sec)
Records: 0  Duplicates: 0  Warnings: 0

+---------+
| tickets |
+---------+
|  266482 |
+---------+
1 row in set (0.07 sec)

Database changed
Query OK, 0 rows affected (0.00 sec)

Query OK, 0 rows affected (0.00 sec)

Empty set (0.00 sec)

Query OK, 0 rows affected (0.04 sec)
Records: 0  Duplicates: 0  Warnings: 0

Query OK, 337 rows affected, 2 warnings (0.02 sec)
Records: 337  Deleted: 0  Skipped: 0  Warnings: 2

+-----------------+
| tickettechusers |
+-----------------+
|             337 |
+-----------------+
1 row in set (0.00 sec)

Database changed
Query OK, 0 rows affected (0.01 sec)

Query OK, 0 rows affected (0.01 sec)

Query OK, 0 rows affected (0.01 sec)
Records: 0  Duplicates: 0  Warnings: 0

Query OK, 566476 rows affected, 43894 warnings (11.97 sec)
Records: 566476  Deleted: 0  Skipped: 0  Warnings: 43894

+-------------------+
| ticketassignments |
+-------------------+
|            566476 |
+-------------------+
1 row in set (0.16 sec)

Database changed
Query OK, 0 rows affected (0.05 sec)

Query OK, 0 rows affected (0.01 sec)

Query OK, 1169606 rows affected (19.88 sec)
Records: 1169606  Deleted: 0  Skipped: 0  Warnings: 0

Query OK, 0 rows affected (11.69 sec)
Records: 0  Duplicates: 0  Warnings: 0

Query OK, 0 rows affected (5.07 sec)
Records: 0  Duplicates: 0  Warnings: 0

Query OK, 0 rows affected (4.48 sec)
Records: 0  Duplicates: 0  Warnings: 0

Query OK, 0 rows affected (5.39 sec)
Records: 0  Duplicates: 0  Warnings: 0

+----------------+
| ticketcomments |
+----------------+
|        1169606 |
+----------------+
1 row in set (0.36 sec)

Database changed
Query OK, 0 rows affected (0.01 sec)

Query OK, 0 rows affected (0.01 sec)

Query OK, 429438 rows affected (43.60 sec)
Records: 429438  Deleted: 0  Skipped: 0  Warnings: 0

Query OK, 0 rows affected (2.34 sec)
Records: 0  Duplicates: 0  Warnings: 0

+----------+
| comments |
+----------+
|   429438 |
+----------+
1 row in set (0.13 sec)

Database changed
Query OK, 0 rows affected (0.10 sec)

Query OK, 0 rows affected (0.04 sec)

Query OK, 1058192 rows affected, 65535 warnings (1 min 4.98 sec)
Records: 1058192  Deleted: 0  Skipped: 0  Warnings: 1058208

Query OK, 0 rows affected (8.00 sec)
Records: 0  Duplicates: 0  Warnings: 0

Query OK, 0 rows affected (3.65 sec)
Records: 0  Duplicates: 0  Warnings: 0

Query OK, 0 rows affected (3.41 sec)
Records: 0  Duplicates: 0  Warnings: 0

Query OK, 0 rows affected (3.06 sec)
Records: 0  Duplicates: 0  Warnings: 0

Query OK, 0 rows affected (4.30 sec)
Records: 0  Duplicates: 0  Warnings: 0

+------------+
| devicesold |
+------------+
|    1058192 |
+------------+
1 row in set (0.35 sec)

Database changed
Query OK, 0 rows affected (0.05 sec)

Query OK, 0 rows affected (0.01 sec)

Query OK, 1687931 rows affected (29.00 sec)
Records: 1687931  Deleted: 0  Skipped: 0  Warnings: 0

Query OK, 0 rows affected (8.09 sec)
Records: 0  Duplicates: 0  Warnings: 0

Query OK, 0 rows affected (4.06 sec)
Records: 0  Duplicates: 0  Warnings: 0

Query OK, 0 rows affected (4.00 sec)
Records: 0  Duplicates: 0  Warnings: 0

+------------------+
| contractservices |
+------------------+
|          1687931 |
+------------------+
1 row in set (0.49 sec)

Database changed
Query OK, 0 rows affected (0.09 sec)

Query OK, 0 rows affected (0.01 sec)

Query OK, 3898054 rows affected (2 min 21.82 sec)
Records: 3898054  Deleted: 0  Skipped: 0  Warnings: 0

Query OK, 0 rows affected (18.52 sec)
Records: 0  Duplicates: 0  Warnings: 0

Query OK, 0 rows affected (15.25 sec)
Records: 0  Duplicates: 0  Warnings: 0

Query OK, 0 rows affected (14.93 sec)
Records: 0  Duplicates: 0  Warnings: 0

Query OK, 0 rows affected (14.18 sec)
Records: 0  Duplicates: 0  Warnings: 0

+------------------+
| invoicescontents |
+------------------+
|          3898054 |
+------------------+
1 row in set (1.32 sec)

Database changed
Query OK, 0 rows affected (0.18 sec)

Query OK, 0 rows affected (0.01 sec)

Query OK, 2713820 rows affected (3 min 0.02 sec)
Records: 2713820  Deleted: 0  Skipped: 0  Warnings: 0

Query OK, 0 rows affected (13.76 sec)
Records: 0  Duplicates: 0  Warnings: 0

Query OK, 0 rows affected (13.95 sec)
Records: 0  Duplicates: 0  Warnings: 0

Query OK, 0 rows affected (13.40 sec)
Records: 0  Duplicates: 0  Warnings: 0

Query OK, 0 rows affected (10.19 sec)
Records: 0  Duplicates: 0  Warnings: 0

Query OK, 0 rows affected (12.77 sec)
Records: 0  Duplicates: 0  Warnings: 0

+----------------+
| invoicesheader |
+----------------+
|        2713820 |
+----------------+
1 row in set (0.83 sec)

Database changed
Query OK, 0 rows affected (0.19 sec)

Query OK, 0 rows affected (0.01 sec)

Query OK, 2808007 rows affected (1 min 23.02 sec)
Records: 2808007  Deleted: 0  Skipped: 0  Warnings: 0

Query OK, 0 rows affected (11.50 sec)
Records: 0  Duplicates: 0  Warnings: 0

Query OK, 0 rows affected (9.12 sec)
Records: 0  Duplicates: 0  Warnings: 0

Query OK, 0 rows affected (8.63 sec)
Records: 0  Duplicates: 0  Warnings: 0

Query OK, 0 rows affected (8.38 sec)
Records: 0  Duplicates: 0  Warnings: 0

+---------+
| casa    |
+---------+
| 2808007 |
+---------+
1 row in set (0.95 sec)

Query OK, 0 rows affected (0.01 sec)

Query OK, 13397 rows affected (1 min 13.51 sec)
Records: 13397  Duplicates: 0  Warnings: 0

+--------------------+
| rep_paycol_channel |
+--------------------+
|              13397 |
+--------------------+
1 row in set (0.01 sec)

Query OK, 0 rows affected (0.00 sec)

Query OK, 9086 rows affected (1 min 24.80 sec)
Records: 9086  Duplicates: 0  Warnings: 0

+----------------+
| rep_paycol_pos |
+----------------+
|           9086 |
+----------------+
1 row in set (0.00 sec)

Database changed
Query OK, 0 rows affected (0.00 sec)

Query OK, 0 rows affected (0.01 sec)

Database changed
Query OK, 38823 rows affected (0.89 sec)
Records: 38823  Deleted: 0  Skipped: 0  Warnings: 0

+-------+
| users |
+-------+
| 38823 |
+-------+
1 row in set (0.01 sec)

Database changed
Query OK, 0 rows affected (0.24 sec)

Query OK, 0 rows affected (0.01 sec)

Query OK, 1814723 rows affected, 2 warnings (34.14 sec)
Records: 1814723  Deleted: 0  Skipped: 0  Warnings: 2

Query OK, 0 rows affected (8.57 sec)
Records: 0  Duplicates: 0  Warnings: 0

Query OK, 0 rows affected (6.57 sec)
Records: 0  Duplicates: 0  Warnings: 0

Query OK, 0 rows affected (5.44 sec)
Records: 0  Duplicates: 0  Warnings: 0

Query OK, 0 rows affected (5.37 sec)
Records: 0  Duplicates: 0  Warnings: 0

Query OK, 0 rows affected (5.52 sec)
Records: 0  Duplicates: 0  Warnings: 0

+-------------+
| useractions |
+-------------+
|     1814723 |
+-------------+
1 row in set (0.55 sec)

Database changed
Query OK, 0 rows affected (0.11 sec)

Query OK, 0 rows affected (0.00 sec)

Database changed
Query OK, 12536750 rows affected (3 min 2.86 sec)
Records: 12536750  Deleted: 0  Skipped: 0  Warnings: 0

Query OK, 0 rows affected (51.44 sec)
Records: 0  Duplicates: 0  Warnings: 0

Query OK, 0 rows affected (48.40 sec)
Records: 0  Duplicates: 0  Warnings: 0

Query OK, 0 rows affected (44.75 sec)
Records: 0  Duplicates: 0  Warnings: 0

Query OK, 0 rows affected (38.60 sec)
Records: 0  Duplicates: 0  Warnings: 0

+----------+
| ipusage1 |
+----------+
| 12536750 |
+----------+
1 row in set (9.78 sec)

Query OK, 0 rows affected (0.11 sec)

Query OK, 12645423 rows affected, 65535 warnings (14 min 18.71 sec)
Records: 12645423  Duplicates: 0  Warnings: 12641909

Query OK, 0 rows affected (36.47 sec)
Records: 0  Duplicates: 0  Warnings: 0

Query OK, 0 rows affected (41.83 sec)
Records: 0  Duplicates: 0  Warnings: 0

Query OK, 0 rows affected (40.32 sec)
Records: 0  Duplicates: 0  Warnings: 0

Query OK, 0 rows affected (42.36 sec)
Records: 0  Duplicates: 0  Warnings: 0

Query OK, 0 rows affected (1 min 6.21 sec)
Records: 0  Duplicates: 0  Warnings: 0

Query OK, 0 rows affected (59.05 sec)
Records: 0  Duplicates: 0  Warnings: 0

Query OK, 0 rows affected (57.19 sec)
Records: 0  Duplicates: 0  Warnings: 0

+----------+
| ipusage  |
+----------+
| 12645423 |
+----------+
1 row in set (10.30 sec)

Query OK, 0 rows affected (0.05 sec)

Query OK, 3193371 rows affected (2 min 52.63 sec)
Records: 3193371  Duplicates: 0  Warnings: 0

Query OK, 0 rows affected (15.03 sec)
Records: 0  Duplicates: 0  Warnings: 0

Query OK, 0 rows affected (10.68 sec)
Records: 0  Duplicates: 0  Warnings: 0

Query OK, 0 rows affected (11.72 sec)
Records: 0  Duplicates: 0  Warnings: 0

Query OK, 0 rows affected (15.62 sec)
Records: 0  Duplicates: 0  Warnings: 0

Query OK, 0 rows affected (6.44 sec)
Records: 0  Duplicates: 0  Warnings: 0

Query OK, 0 rows affected (0.06 sec)

Query OK, 252674 rows affected (25.34 sec)
Records: 252674  Duplicates: 0  Warnings: 0

Query OK, 0 rows affected (0.81 sec)
Records: 0  Duplicates: 0  Warnings: 0

Query OK, 0 rows affected (0.77 sec)
Records: 0  Duplicates: 0  Warnings: 0

Query OK, 0 rows affected (0.88 sec)
Records: 0  Duplicates: 0  Warnings: 0

Query OK, 0 rows affected (0.54 sec)
Records: 0  Duplicates: 0  Warnings: 0

Query OK, 0 rows affected (0.43 sec)
Records: 0  Duplicates: 0  Warnings: 0

Query OK, 0 rows affected (0.47 sec)
Records: 0  Duplicates: 0  Warnings: 0

Query OK, 0 rows affected (0.46 sec)
Records: 0  Duplicates: 0  Warnings: 0

Query OK, 0 rows affected (0.18 sec)

Query OK, 1687743 rows affected (58.19 sec)
Records: 1687743  Duplicates: 0  Warnings: 0

Query OK, 0 rows affected (7.88 sec)
Records: 0  Duplicates: 0  Warnings: 0

Query OK, 0 rows affected (3.25 sec)
Records: 0  Duplicates: 0  Warnings: 0

Query OK, 0 rows affected (6.25 sec)
Records: 0  Duplicates: 0  Warnings: 0

mysql> mysql \. C:\workspace\cloud\code\sql\_DailyScript\currenttime.sql
+---------------------+
| currenttime         |
+---------------------+
| 2019-12-23 07:03:33 |
+---------------------+
1 row in set (0.00 sec)

mysql> 
mysql> mysql \. C:\workspace\cloud\code\sql\_DailyScript\ticket_analysis.sql
Database changed
Query OK, 0 rows affected (0.02 sec)

Query OK, 530586 rows affected (26.26 sec)
Records: 530586  Duplicates: 0  Warnings: 0

Query OK, 0 rows affected (8.15 sec)
Records: 0  Duplicates: 0  Warnings: 0

Query OK, 0 rows affected (1.68 sec)
Records: 0  Duplicates: 0  Warnings: 0

Query OK, 0 rows affected (1.43 sec)
Records: 0  Duplicates: 0  Warnings: 0

Query OK, 0 rows affected (0.13 sec)

Query OK, 18024 rows affected (10.47 sec)
Records: 18024  Duplicates: 0  Warnings: 0

Query OK, 0 rows affected, 1 warning (0.00 sec)

Query OK, 73299 rows affected (6.08 sec)
Records: 73299  Duplicates: 0  Warnings: 0

Query OK, 0 rows affected, 1 warning (0.00 sec)

Query OK, 380038 rows affected (10.72 sec)
Records: 380038  Duplicates: 0  Warnings: 0

Query OK, 0 rows affected, 1 warning (0.00 sec)

Query OK, 380038 rows affected (12.40 sec)
Records: 380038  Duplicates: 0  Warnings: 0

Query OK, 0 rows affected (0.02 sec)

Query OK, 73353 rows affected (9.62 sec)
Records: 73353  Duplicates: 0  Warnings: 0

Database changed
Query OK, 0 rows affected (0.00 sec)

Query OK, 0 rows affected (0.02 sec)

Query OK, 530586 rows affected (22.66 sec)
Records: 530586  Duplicates: 0  Warnings: 0

Query OK, 0 rows affected (0.01 sec)

Query OK, 259029 rows affected (13.05 sec)
Records: 259029  Duplicates: 0  Warnings: 0

+--------------------------+
| clientticket_cmmtjourney |
+--------------------------+
|                   530586 |
+--------------------------+
1 row in set (2.53 sec)

+---------------------------+
| clientticket_assgnjourney |
+---------------------------+
|                    259029 |
+---------------------------+
1 row in set (0.55 sec)

Query OK, 0 rows affected (0.07 sec)

Query OK, 74 rows affected (0.11 sec)
Records: 74  Duplicates: 0  Warnings: 0

mysql> mysql \. C:\workspace\cloud\code\sql\_DailyScript\currenttime.sql
+---------------------+
| currenttime         |
+---------------------+
| 2019-12-23 07:05:39 |
+---------------------+
1 row in set (0.00 sec)

mysql> 
mysql> mysql \. C:\workspace\cloud\code\sql\_DailyScript\load_DailyCalls.sql
Database changed
Query OK, 256 rows affected (0.39 sec)
Records: 256  Deleted: 0  Skipped: 0  Warnings: 0

Query OK, 0 rows affected, 1 warning (0.00 sec)

Query OK, 255 rows affected (0.25 sec)
Records: 255  Duplicates: 0  Warnings: 0

Query OK, 0 rows affected, 1 warning (0.00 sec)

Query OK, 67359 rows affected (0.34 sec)
Records: 67359  Duplicates: 0  Warnings: 0

+----------------------+
| callingclientsbefore |
+----------------------+
|               804038 |
+----------------------+
1 row in set (1.04 sec)

Query OK, 358 rows affected (5.71 sec)
Records: 358  Duplicates: 0  Warnings: 0

+---------------------+
| callingclientsafter |
+---------------------+
|              804396 |
+---------------------+
1 row in set (0.22 sec)

Query OK, 0 rows affected (0.00 sec)

Query OK, 178 rows affected (7.55 sec)
Records: 178  Duplicates: 0  Warnings: 0

Query OK, 0 rows affected (0.00 sec)

Query OK, 16649 rows affected (2.44 sec)
Records: 16649  Duplicates: 0  Warnings: 0

+-----------+
| callstats |
+-----------+
|     16649 |
+-----------+
1 row in set (0.01 sec)

Query OK, 0 rows affected, 1 warning (0.00 sec)

Query OK, 358 rows affected (7.93 sec)
Records: 358  Duplicates: 0  Warnings: 0

+------------------------+
| rep_cccallreportbefore |
+------------------------+
|                 808332 |
+------------------------+
1 row in set (0.22 sec)

Query OK, 358 rows affected (0.80 sec)
Records: 358  Duplicates: 0  Warnings: 0

+-----------------------+
| rep_cccallreportafter |
+-----------------------+
|                808690 |
+-----------------------+
1 row in set (0.22 sec)

Query OK, 0 rows affected (0.00 sec)

mysql> mysql \. C:\workspace\cloud\code\sql\_DailyScript\currenttime.sql
+---------------------+
| currenttime         |
+---------------------+
| 2019-12-23 07:06:06 |
+---------------------+
1 row in set (0.00 sec)

mysql> 
mysql> mysql \. C:\workspace\cloud\code\sql\_DailyScript\DAILY-SCRIPT-USAGE.sql
Database changed
Query OK, 0 rows affected (0.00 sec)

Query OK, 4 rows affected, 8 warnings (0.07 sec)
Records: 4  Deleted: 0  Skipped: 0  Warnings: 8

Query OK, 0 rows affected (0.00 sec)

ERROR 2 (HY000): File 'C:\ProgramData\MySQL\MySQL Server 5.7\Uploads\_csv\cdrUsageClient-UnCapped-22122019.csv' not found (Errcode: 2 - No such file or directory)
Query OK, 0 rows affected (0.00 sec)

ERROR 2 (HY000): File 'C:\ProgramData\MySQL\MySQL Server 5.7\Uploads\_csv\cdrUsageClient-PREPAID-22122019.csv' not found (Errcode: 2 - No such file or directory)
Query OK, 0 rows affected (0.00 sec)

ERROR 2 (HY000): File 'C:\ProgramData\MySQL\MySQL Server 5.7\Uploads\_csv\cdrUsageClient-Hotspot-22122019.csv' not found (Errcode: 2 - No such file or directory)
+------------+
| dailyusage |
+------------+
|    9466710 |
+------------+
1 row in set (12.62 sec)

+------------+------------+------------+---------+
| datestart  | dateend    | insertedon | records |
+------------+------------+------------+---------+
| 2019-12-22 | 2019-12-22 | 2019-12-23 |       4 |
| 2019-12-21 | 2019-12-21 | 2019-12-22 |   15046 |
| 2019-12-20 | 2019-12-20 | 2019-12-21 |   17722 |
| 2019-12-19 | 2019-12-19 | 2019-12-20 |   17845 |
| 2019-12-18 | 2019-12-18 | 2019-12-19 |   17946 |
+------------+------------+------------+---------+
5 rows in set (1 min 7.33 sec)

mysql> mysql \. C:\workspace\cloud\code\sql\_DailyScript\currenttime.sql
+---------------------+
| currenttime         |
+---------------------+
| 2019-12-23 07:07:27 |
+---------------------+
1 row in set (0.00 sec)

mysql> 
mysql> mysql \. C:\workspace\cloud\code\sql\_DailyScript\DAILY-SCRIPT-SALES-TELEMETRY.sql
Database changed
Query OK, 42 rows affected, 10 warnings (0.04 sec)
Records: 42  Deleted: 0  Skipped: 0  Warnings: 10

+------------+
| dailysales |
+------------+
|     178043 |
+------------+
1 row in set (0.71 sec)

Query OK, 0 rows affected (0.01 sec)

Query OK, 178043 rows affected (14.25 sec)
Records: 178043  Duplicates: 0  Warnings: 0

+--------+
| sales  |
+--------+
| 178043 |
+--------+
1 row in set (0.07 sec)

Query OK, 0 rows affected (0.00 sec)

Query OK, 2865 rows affected (0.31 sec)
Records: 2865  Duplicates: 0  Warnings: 0

+----------------+
| rep_dailysales |
+----------------+
|           2865 |
+----------------+
1 row in set (0.00 sec)

Query OK, 0 rows affected (0.05 sec)

Query OK, 2865 rows affected (0.46 sec)
Records: 2865  Duplicates: 0  Warnings: 0

+-------------------+
| rep_dailysalesreg |
+-------------------+
|              2865 |
+-------------------+
1 row in set (0.00 sec)

Query OK, 0 rows affected (0.00 sec)

Query OK, 2622 rows affected (0.60 sec)
Records: 2622  Duplicates: 0  Warnings: 0

+-----------+
| saleslist |
+-----------+
|      2622 |
+-----------+
1 row in set (0.00 sec)

Database changed
ERROR 2 (HY000): File 'C:\ProgramData\MySQL\MySQL Server 5.7\Uploads\_csv\PrepaidCardSales-22122019-P1.csv' not found (Errcode: 2 - No such file or directory)
+------------------+
| dailysinglesales |
+------------------+
|             6090 |
+------------------+
1 row in set (0.03 sec)

Database changed
Query OK, 4 rows affected (0.04 sec)
Records: 4  Deleted: 0  Skipped: 0  Warnings: 0

+-----------------+
| dailyaddonsales |
+-----------------+
|           17880 |
+-----------------+
1 row in set (0.12 sec)

Query OK, 96 rows affected (0.36 sec)
Records: 96  Deleted: 0  Skipped: 0  Warnings: 0

+----------------+
| onlinepayments |
+----------------+
|          74489 |
+----------------+
1 row in set (0.27 sec)

+-------------+----------------+---------------------+
| paymentdate | onlinepayments | onlinepaymentamount |
+-------------+----------------+---------------------+
| 2019-12-22  |             96 |         61949.65000 |
| 2019-12-21  |             65 |         40499.52000 |
| 2019-12-20  |             98 |         65346.44000 |
| 2019-12-19  |            116 |         62695.31000 |
| 2019-12-18  |            116 |         73353.29000 |
+-------------+----------------+---------------------+
5 rows in set (1.30 sec)

+-------------+--------------+----------------+---------------------+
| paymentyear | paymentmonth | onlinepayments | onlinepaymentamount |
+-------------+--------------+----------------+---------------------+
|        2019 |           12 |           2079 |       1353782.13000 |
|        2019 |           11 |           3112 |       2058344.74000 |
|        2019 |           10 |           3323 |       2227696.68000 |
|        2019 |            9 |           3167 |       2039048.12000 |
|        2019 |            8 |           3117 |       1993718.27000 |
+-------------+--------------+----------------+---------------------+
5 rows in set (0.07 sec)

mysql> mysql \. C:\workspace\cloud\code\sql\_DailyScript\currenttime.sql
+---------------------+
| currenttime         |
+---------------------+
| 2019-12-23 07:07:45 |
+---------------------+
1 row in set (0.00 sec)

mysql> 
mysql> mysql \. C:\workspace\cloud\code\sql\_DailyScript\DAILY-SCRIPT-ACTIVENUMBERS.sql
Database changed
Query OK, 1245 rows affected (1.53 sec)
Records: 1245  Deleted: 0  Skipped: 0  Warnings: 0

+------------+----------+
| period     | count(1) |
+------------+----------+
| 2019-12-22 |     1245 |
| 2019-12-21 |     1246 |
| 2019-12-20 |     1247 |
| 2019-12-19 |     1248 |
| 2019-12-18 |     1248 |
| 2019-12-17 |     1244 |
+------------+----------+
6 rows in set (0.01 sec)

Query OK, 0 rows affected (0.00 sec)

Query OK, 81 rows affected (1.54 sec)
Records: 81  Duplicates: 0  Warnings: 0

+-------------+
| packagelist |
+-------------+
|          81 |
+-------------+
1 row in set (0.00 sec)

Database changed
Query OK, 0 rows affected (0.06 sec)

Query OK, 0 rows affected (0.00 sec)

Query OK, 0 rows affected (0.00 sec)

Query OK, 0 rows affected (0.00 sec)

Query OK, 27182 rows affected, 207 warnings (1 min 16.64 sec)
Records: 27182  Deleted: 0  Skipped: 0  Warnings: 207

+------------+----------+
| period     | count(1) |
+------------+----------+
| 2019-12-22 |    27182 |
| 2019-12-21 |    27477 |
| 2019-12-20 |    27369 |
| 2019-12-19 |    27221 |
| 2019-12-18 |    27133 |
+------------+----------+
5 rows in set (0.23 sec)

Query OK, 0 rows affected (0.19 sec)

Query OK, 26567 rows affected (2 min 11.71 sec)
Records: 26567  Duplicates: 0  Warnings: 0

Query OK, 0 rows affected (0.13 sec)
Records: 0  Duplicates: 0  Warnings: 0

Query OK, 0 rows affected (0.13 sec)
Records: 0  Duplicates: 0  Warnings: 0

Query OK, 0 rows affected (0.33 sec)
Records: 0  Duplicates: 0  Warnings: 0

Query OK, 0 rows affected (0.07 sec)
Records: 0  Duplicates: 0  Warnings: 0

Query OK, 0 rows affected (0.06 sec)
Records: 0  Duplicates: 0  Warnings: 0

Query OK, 0 rows affected (0.07 sec)
Records: 0  Duplicates: 0  Warnings: 0

+-------------+
| countbefore |
+-------------+
|    31935721 |
+-------------+
1 row in set (53.28 sec)

Query OK, 26567 rows affected (25.12 sec)
Records: 26567  Duplicates: 0  Warnings: 0

+------------+
| countafter |
+------------+
|   31962288 |
+------------+
1 row in set (12.97 sec)

+------------+--------------------------+
| period     | customercontractactivity |
+------------+--------------------------+
| 2019-12-22 |                    26567 |
| 2019-12-21 |                    26862 |
| 2019-12-20 |                    26753 |
| 2019-12-19 |                    26605 |
| 2019-12-18 |                    26516 |
+------------+--------------------------+
5 rows in set (0.06 sec)

Query OK, 0 rows affected (0.02 sec)

Query OK, 243055 rows affected (13 min 40.82 sec)
Records: 243055  Duplicates: 0  Warnings: 0

Query OK, 0 rows affected (0.87 sec)
Records: 0  Duplicates: 0  Warnings: 0

Query OK, 0 rows affected (0.90 sec)
Records: 0  Duplicates: 0  Warnings: 0

Query OK, 0 rows affected (0.94 sec)
Records: 0  Duplicates: 0  Warnings: 0

Query OK, 0 rows affected (0.01 sec)

Query OK, 247 rows affected (0.45 sec)
Records: 247  Duplicates: 0  Warnings: 0

Query OK, 0 rows affected (0.01 sec)

Query OK, 2492 rows affected (0.53 sec)
Records: 2492  Duplicates: 0  Warnings: 0

Query OK, 0 rows affected (0.00 sec)

Query OK, 26556 rows affected (0.56 sec)
Records: 26556  Duplicates: 0  Warnings: 0

Query OK, 0 rows affected (0.02 sec)

Query OK, 16968 rows affected (0.35 sec)
Records: 16968  Duplicates: 0  Warnings: 0

Query OK, 0 rows affected (0.06 sec)

Query OK, 16968 rows affected (0.13 sec)
Records: 16968  Duplicates: 0  Warnings: 0

Query OK, 0 rows affected (0.01 sec)

Query OK, 16968 rows affected (1.23 sec)
Records: 16968  Duplicates: 0  Warnings: 0

Query OK, 0 rows affected (0.01 sec)

Query OK, 16968 rows affected (43.56 sec)
Records: 16968  Duplicates: 0  Warnings: 0

+-------------+
| clientstats |
+-------------+
|       16968 |
+-------------+
1 row in set (0.01 sec)

Query OK, 0 rows affected (0.01 sec)

Query OK, 12 rows affected, 1 warning (0.09 sec)
Records: 12  Duplicates: 0  Warnings: 1

+-----------------------+-------------+-------------+----------------+-----------------+
| services              | activecount | allaccounts | uniqueaccounts | uniquecontracts |
+-----------------------+-------------+-------------+----------------+-----------------+
| All                   |         227 |          38 |             38 |             123 |
| Internet & Voice      |         418 |         190 |            190 |             371 |
| Internet Only         |        4226 |        4128 |           4115 |            4166 |
| OTT Only              |           2 |           2 |              2 |               2 |
| TV & Internet         |        8729 |        3847 |           3837 |            7842 |
| TV & Internet & OTT   |        2559 |         693 |            693 |            1418 |
| TV & Internet & Voice |         486 |         141 |            141 |             433 |
| TV & OTT              |         334 |          63 |             62 |              80 |
| TV & Voice            |         107 |          46 |             46 |              95 |
| TV Only               |       10046 |        7645 |           7637 |            7827 |
| Voice Only            |         176 |         175 |            174 |             176 |
| GRAND TOTAL           |       27310 |       16968 |          16881 |           22533 |
+-----------------------+-------------+-------------+----------------+-----------------+
12 rows in set (0.00 sec)

+-------------+-------------+-------------+----------------+-----------------+
| network     | activecount | allaccounts | uniqueaccounts | uniquecontracts |
+-------------+-------------+-------------+----------------+-----------------+
| ADDON       |          12 |           8 |              8 |               8 |
| GPON        |        7802 |        3967 |           3964 |            6035 |
| HFC         |       19495 |       12992 |          12992 |           16489 |
| MOBILE TV   |           1 |           1 |              1 |               1 |
| GRAND TOTAL |       27310 |       16968 |          16881 |           22533 |
+-------------+-------------+-------------+----------------+-----------------+
5 rows in set, 1 warning (0.11 sec)

+-------------+-----------------------+-------------+-------------+----------------+-----------------+
| network     | services              | activecount | allaccounts | uniqueaccounts | uniquecontracts |
+-------------+-----------------------+-------------+-------------+----------------+-----------------+
| ADDON       | OTT Only              |           1 |           1 |              1 |               1 |
| ADDON       | TV & OTT              |           6 |           2 |              2 |               2 |
| ADDON       | TV Only               |           5 |           5 |              5 |               5 |
| ADDON       | Services Total        |          12 |           8 |              8 |               8 |
| GPON        | All                   |         116 |          18 |             18 |              58 |
| GPON        | Internet & Voice      |          64 |          26 |             26 |              54 |
| GPON        | Internet Only         |        1053 |         972 |            972 |             995 |
| GPON        | TV & Internet         |        3219 |        1356 |           1356 |            2793 |
| GPON        | TV & Internet & OTT   |        1358 |         365 |            365 |             748 |
| GPON        | TV & Internet & Voice |         152 |          42 |             42 |             131 |
| GPON        | TV & OTT              |          72 |          23 |             23 |              24 |
| GPON        | TV & Voice            |          57 |          24 |             24 |              50 |
| GPON        | TV Only               |        1703 |        1133 |           1133 |            1174 |
| GPON        | Voice Only            |           8 |           8 |              8 |               8 |
| GPON        | Services Total        |        7802 |        3967 |           3964 |            6035 |
| HFC         | All                   |         111 |          20 |             20 |              65 |
| HFC         | Internet & Voice      |         354 |         164 |            164 |             317 |
| HFC         | Internet Only         |        3173 |        3156 |           3156 |            3171 |
| HFC         | TV & Internet         |        5510 |        2491 |           2491 |            5049 |
| HFC         | TV & Internet & OTT   |        1201 |         328 |            328 |             670 |
| HFC         | TV & Internet & Voice |         334 |          99 |             99 |             302 |
| HFC         | TV & OTT              |         256 |          38 |             38 |              54 |
| HFC         | TV & Voice            |          50 |          22 |             22 |              45 |
| HFC         | TV Only               |        8338 |        6507 |           6507 |            6648 |
| HFC         | Voice Only            |         168 |         167 |            167 |             168 |
| HFC         | Services Total        |       19495 |       12992 |          12992 |           16489 |
| MOBILE TV   | OTT Only              |           1 |           1 |              1 |               1 |
| MOBILE TV   | Services Total        |           1 |           1 |              1 |               1 |
| GRAND TOTAL | Services Total        |       27310 |       16968 |          16881 |           22533 |
+-------------+-----------------------+-------------+-------------+----------------+-----------------+
29 rows in set, 2 warnings (0.13 sec)

Query OK, 0 rows affected (0.00 sec)

Query OK, 45 rows affected, 3 warnings (0.16 sec)
Records: 45  Duplicates: 0  Warnings: 3

+-------------+---------------+-----------------------+-------------+-------------+----------------+-----------------+
| region      | network       | services              | activecount | allaccounts | uniqueaccounts | uniquecontracts |
+-------------+---------------+-----------------------+-------------+-------------+----------------+-----------------+
| Mahe        | ADDON         | OTT Only              |           1 |           1 |              1 |               1 |
| Mahe        | ADDON         | TV & OTT              |           6 |           2 |              2 |               2 |
| Mahe        | ADDON         | TV Only               |           1 |           1 |              1 |               1 |
| Mahe        | ADDON         | Services Total        |           8 |           4 |              4 |               4 |
| Mahe        | GPON          | All                   |         103 |          16 |             16 |              52 |
| Mahe        | GPON          | Internet & Voice      |          52 |          20 |             20 |              42 |
| Mahe        | GPON          | Internet Only         |         822 |         741 |            741 |             764 |
| Mahe        | GPON          | TV & Internet         |        2373 |         986 |            986 |            2025 |
| Mahe        | GPON          | TV & Internet & OTT   |         938 |         243 |            243 |             495 |
| Mahe        | GPON          | TV & Internet & Voice |         127 |          35 |             35 |             107 |
| Mahe        | GPON          | TV & OTT              |          59 |          17 |             17 |              18 |
| Mahe        | GPON          | TV & Voice            |          57 |          24 |             24 |              50 |
| Mahe        | GPON          | TV Only               |        1323 |         863 |            863 |             891 |
| Mahe        | GPON          | Voice Only            |           8 |           8 |              8 |               8 |
| Mahe        | GPON          | Services Total        |        5862 |        2953 |           2953 |            4452 |
| Mahe        | HFC           | All                   |         111 |          20 |             20 |              65 |
| Mahe        | HFC           | Internet & Voice      |         354 |         164 |            164 |             317 |
| Mahe        | HFC           | Internet Only         |        3172 |        3155 |           3155 |            3170 |
| Mahe        | HFC           | TV & Internet         |        5510 |        2491 |           2491 |            5049 |
| Mahe        | HFC           | TV & Internet & OTT   |        1201 |         328 |            328 |             670 |
| Mahe        | HFC           | TV & Internet & Voice |         334 |          99 |             99 |             302 |
| Mahe        | HFC           | TV & OTT              |         256 |          38 |             38 |              54 |
| Mahe        | HFC           | TV & Voice            |          50 |          22 |             22 |              45 |
| Mahe        | HFC           | TV Only               |        8333 |        6504 |           6504 |            6645 |
| Mahe        | HFC           | Voice Only            |         168 |         167 |            167 |             168 |
| Mahe        | HFC           | Services Total        |       19489 |       12988 |          12988 |           16485 |
| Mahe        | MOBILE TV     | OTT Only              |           1 |           1 |              1 |               1 |
| Mahe        | MOBILE TV     | Services Total        |           1 |           1 |              1 |               1 |
| Mahe        | Network Total | Services Total        |       25360 |       15946 |          15865 |           20942 |
| Praslin     | ADDON         | TV Only               |           4 |           4 |              4 |               4 |
| Praslin     | ADDON         | Services Total        |           4 |           4 |              4 |               4 |
| Praslin     | GPON          | All                   |          13 |           2 |              2 |               6 |
| Praslin     | GPON          | Internet & Voice      |          12 |           6 |              6 |              12 |
| Praslin     | GPON          | Internet Only         |         231 |         231 |            231 |             231 |
| Praslin     | GPON          | TV & Internet         |         846 |         370 |            370 |             768 |
| Praslin     | GPON          | TV & Internet & OTT   |         420 |         122 |            122 |             253 |
| Praslin     | GPON          | TV & Internet & Voice |          25 |           7 |              7 |              24 |
| Praslin     | GPON          | TV & OTT              |          13 |           6 |              6 |               6 |
| Praslin     | GPON          | TV Only               |         380 |         270 |            270 |             283 |
| Praslin     | GPON          | Services Total        |        1940 |        1014 |           1014 |            1583 |
| Praslin     | HFC           | Internet Only         |           1 |           1 |              1 |               1 |
| Praslin     | HFC           | TV Only               |           5 |           3 |              3 |               3 |
| Praslin     | HFC           | Services Total        |           6 |           4 |              4 |               4 |
| Praslin     | Network Total | Services Total        |        1950 |        1022 |           1019 |            1591 |
| GRAND TOTAL | Network Total | Services Total        |       27310 |       16968 |          16881 |           22533 |
+-------------+---------------+-----------------------+-------------+-------------+----------------+-----------------+
45 rows in set (0.00 sec)

Query OK, 0 rows affected (0.00 sec)

Query OK, 26557 rows affected (0.44 sec)
Records: 26557  Duplicates: 0  Warnings: 0

Query OK, 0 rows affected (0.02 sec)

Query OK, 1987 rows affected (5.23 sec)
Records: 1987  Duplicates: 0  Warnings: 0

+--------------------------------------+
| message                              |
+--------------------------------------+
| running rcbill_my.sp_ActiveNumber2() |
+--------------------------------------+
1 row in set (0.00 sec)

Query OK, 356 rows affected (2 min 27.30 sec)

mysql> mysql \. C:\workspace\cloud\code\sql\_DailyScript\currenttime.sql
+---------------------+
| currenttime         |
+---------------------+
| 2019-12-23 07:29:54 |
+---------------------+
1 row in set (0.00 sec)

mysql> 
mysql> mysql \. C:\workspace\cloud\code\sql\_DailyScript\GetActiveNumbers Average -Pivot.sql
Database changed
+-------------------------------------+
| @today := subdate(current_date(),1) |
+-------------------------------------+
| 2019-12-22                          |
+-------------------------------------+
1 row in set (0.00 sec)

+-------------------------------------+
| @lastdayofmonth := last_day(@today) |
+-------------------------------------+
| 2019-12-31                          |
+-------------------------------------+
1 row in set (0.00 sec)

Query OK, 0 rows affected (0.04 sec)

Query OK, 35024 rows affected, 65535 warnings (53.43 sec)
Records: 35024  Duplicates: 0  Warnings: 72422

Query OK, 0 rows affected (0.09 sec)
Records: 0  Duplicates: 0  Warnings: 0

Query OK, 0 rows affected (0.11 sec)
Records: 0  Duplicates: 0  Warnings: 0

Query OK, 0 rows affected (0.09 sec)
Records: 0  Duplicates: 0  Warnings: 0

+-----------------+
| activenumberavg |
+-----------------+
|           35024 |
+-----------------+
1 row in set (0.01 sec)

Query OK, 0 rows affected (0.02 sec)

Query OK, 1809 rows affected (0.42 sec)
Records: 1809  Duplicates: 0  Warnings: 0

+---------------------+
| rep_activenumberavg |
+---------------------+
|                1809 |
+---------------------+
1 row in set (0.00 sec)

+----------------------+
| rep_activenumberavg1 |
+----------------------+
|                  856 |
+----------------------+
1 row in set (0.00 sec)

Query OK, 0 rows affected (0.00 sec)

Query OK, 1797 rows affected (0.35 sec)
Records: 1797  Duplicates: 0  Warnings: 0

Query OK, 0 rows affected (0.01 sec)

Query OK, 9120 rows affected (0.58 sec)
Records: 9120  Duplicates: 0  Warnings: 0

Query OK, 0 rows affected (0.00 sec)

Query OK, 0 rows affected (0.00 sec)

Query OK, 0 rows affected (0.00 sec)

Query OK, 0 rows affected (0.00 sec)

Query OK, 0 rows affected (0.00 sec)
Statement prepared

Query OK, 53 rows affected (0.04 sec)
Records: 53  Duplicates: 0  Warnings: 0

Query OK, 0 rows affected (0.00 sec)

Query OK, 0 rows affected (0.00 sec)

+----------------------+
| rep_activenumberavg2 |
+----------------------+
|                 1797 |
+----------------------+
1 row in set (0.00 sec)

+------------------------+
| rep_activenumberavg_pv |
+------------------------+
|                     53 |
+------------------------+
1 row in set (0.00 sec)

Query OK, 0 rows affected (0.02 sec)

Query OK, 1797 rows affected (0.28 sec)
Records: 1797  Duplicates: 0  Warnings: 0

Query OK, 0 rows affected (0.00 sec)

Query OK, 0 rows affected (0.00 sec)

Query OK, 0 rows affected (0.00 sec)

Query OK, 0 rows affected (0.00 sec)

Query OK, 0 rows affected (0.00 sec)
Statement prepared

Query OK, 53 rows affected (0.03 sec)
Records: 53  Duplicates: 0  Warnings: 0

Query OK, 0 rows affected (0.00 sec)

Query OK, 0 rows affected (0.00 sec)

+-------------------------+
| rep_activenumberavgMahe |
+-------------------------+
|                    1797 |
+-------------------------+
1 row in set (0.00 sec)

+----------------------------+
| rep_activenumberavgMahe_pv |
+----------------------------+
|                         53 |
+----------------------------+
1 row in set (0.00 sec)

Query OK, 0 rows affected (0.00 sec)

Query OK, 1149 rows affected (0.13 sec)
Records: 1149  Duplicates: 0  Warnings: 0

Query OK, 0 rows affected (0.00 sec)

Query OK, 0 rows affected (0.00 sec)

Query OK, 0 rows affected (0.01 sec)

Query OK, 0 rows affected (0.00 sec)

Query OK, 0 rows affected (0.00 sec)
Statement prepared

Query OK, 40 rows affected (0.02 sec)
Records: 40  Duplicates: 0  Warnings: 0

Query OK, 0 rows affected (0.00 sec)

Query OK, 0 rows affected (0.00 sec)

+----------------------------+
| rep_activenumberavgPraslin |
+----------------------------+
|                       1149 |
+----------------------------+
1 row in set (0.00 sec)

+-------------------------------+
| rep_activenumberavgPraslin_pv |
+-------------------------------+
|                            40 |
+-------------------------------+
1 row in set (0.00 sec)

mysql> mysql \. C:\workspace\cloud\code\sql\_DailyScript\currenttime.sql
+---------------------+
| currenttime         |
+---------------------+
| 2019-12-23 07:30:49 |
+---------------------+
1 row in set (0.00 sec)

mysql> 
mysql> mysql \. C:\workspace\cloud\code\sql\_DailyScript\budget_actual_analysis_2019.sql
Query OK, 0 rows affected (0.00 sec)

Query OK, 570 rows affected, 3 warnings (0.48 sec)
Records: 570  Duplicates: 0  Warnings: 3

+--------------------+
| budget_actual_2019 |
+--------------------+
|                570 |
+--------------------+
1 row in set (0.00 sec)

Query OK, 0 rows affected (0.00 sec)

Query OK, 48 rows affected (0.04 sec)
Records: 48  Duplicates: 0  Warnings: 0

+---------------------------+
| rep_budget_actual_2019_pv |
+---------------------------+
|                        48 |
+---------------------------+
1 row in set (0.00 sec)

mysql> mysql \. C:\workspace\cloud\code\sql\_DailyScript\currenttime.sql
+---------------------+
| currenttime         |
+---------------------+
| 2019-12-23 07:30:50 |
+---------------------+
1 row in set (0.00 sec)

mysql> 
mysql> mysql \. C:\workspace\cloud\code\sql\_DailyScript\reports-sales-addons-prepaid-camera.sql
Database changed
Query OK, 0 rows affected (0.00 sec)

Query OK, 3913 rows affected (0.28 sec)
Records: 3913  Duplicates: 0  Warnings: 0

Query OK, 0 rows affected (0.01 sec)

Query OK, 17901 rows affected (25.81 sec)
Records: 17901  Duplicates: 0  Warnings: 0

+--------------------+
| rep_prepaid_camera |
+--------------------+
|               3913 |
+--------------------+
1 row in set (0.01 sec)

+-----------+
| rep_addon |
+-----------+
|     17901 |
+-----------+
1 row in set (0.01 sec)

mysql> mysql \. C:\workspace\cloud\code\sql\_DailyScript\currenttime.sql
+---------------------+
| currenttime         |
+---------------------+
| 2019-12-23 07:31:16 |
+---------------------+
1 row in set (0.00 sec)

mysql> 
mysql> mysql \. C:\workspace\cloud\code\sql\_DailyScript\housing-estate-analysis.sql
Database changed
Query OK, 0 rows affected (0.03 sec)

Query OK, 2948 rows affected (1 min 25.84 sec)
Records: 2948  Duplicates: 0  Warnings: 0

+--------------------+
| rep_housingestates |
+--------------------+
|               2948 |
+--------------------+
1 row in set (0.00 sec)

mysql> mysql \. C:\workspace\cloud\code\sql\_DailyScript\currenttime.sql
+---------------------+
| currenttime         |
+---------------------+
| 2019-12-23 07:32:42 |
+---------------------+
1 row in set (0.00 sec)

mysql> 
mysql> mysql \. C:\workspace\cloud\code\sql\_DailyScript\RCB_ClientAnalyticsReport_Script.sql
Database changed
Query OK, 0 rows affected (0.00 sec)

Query OK, 0 rows affected (0.08 sec)

Query OK, 1792113 rows affected (1 min 23.58 sec)
Records: 1792113  Duplicates: 0  Warnings: 0

Query OK, 0 rows affected (8.57 sec)
Records: 0  Duplicates: 0  Warnings: 0

Query OK, 0 rows affected (6.06 sec)
Records: 0  Duplicates: 0  Warnings: 0

Query OK, 0 rows affected (9.01 sec)
Records: 0  Duplicates: 0  Warnings: 0

Query OK, 0 rows affected (9.54 sec)
Records: 0  Duplicates: 0  Warnings: 0

Query OK, 0 rows affected (9.98 sec)
Records: 0  Duplicates: 0  Warnings: 0

Query OK, 0 rows affected (12.36 sec)
Records: 0  Duplicates: 0  Warnings: 0

Query OK, 0 rows affected (0.00 sec)

Query OK, 461859 rows affected (18.51 sec)
Rows matched: 1792113  Changed: 461859  Warnings: 0

Query OK, 0 rows affected (0.01 sec)

Query OK, 27668 rows affected (5.19 sec)
Records: 27668  Duplicates: 0  Warnings: 0

Query OK, 0 rows affected (0.13 sec)

Query OK, 42986 rows affected (10 min 21.11 sec)
Records: 42986  Duplicates: 0  Warnings: 0

Query OK, 0 rows affected (0.22 sec)
Records: 0  Duplicates: 0  Warnings: 0

Query OK, 0 rows affected (0.16 sec)
Records: 0  Duplicates: 0  Warnings: 0

Query OK, 0 rows affected (0.11 sec)
Records: 0  Duplicates: 0  Warnings: 0

Query OK, 0 rows affected (0.05 sec)

Query OK, 432980 rows affected (12 min 3.92 sec)
Records: 432980  Duplicates: 0  Warnings: 0

Query OK, 0 rows affected (1.56 sec)
Records: 0  Duplicates: 0  Warnings: 0

Query OK, 0 rows affected (1.54 sec)
Records: 0  Duplicates: 0  Warnings: 0

Query OK, 0 rows affected (0.78 sec)
Records: 0  Duplicates: 0  Warnings: 0

Query OK, 0 rows affected (2.53 sec)
Records: 0  Duplicates: 0  Warnings: 0

Query OK, 0 rows affected (1.11 sec)
Records: 0  Duplicates: 0  Warnings: 0

Query OK, 0 rows affected (0.01 sec)

Query OK, 42986 rows affected (1 min 24.76 sec)
Records: 42986  Duplicates: 0  Warnings: 0

+--------------+
| clientreport |
+--------------+
|        42986 |
+--------------+
1 row in set (0.02 sec)

Query OK, 0 rows affected (0.02 sec)

Query OK, 42986 rows affected (5.70 sec)
Records: 42986  Duplicates: 0  Warnings: 0

+----------------------+
| clientextendedreport |
+----------------------+
|                42986 |
+----------------------+
1 row in set (0.01 sec)

Query OK, 0 rows affected (0.00 sec)

Query OK, 42986 rows affected (42.94 sec)
Records: 42986  Duplicates: 0  Warnings: 0

+---------+
| allcust |
+---------+
|   42986 |
+---------+
1 row in set (0.01 sec)

Query OK, 0 rows affected, 1 warning (0.00 sec)

Query OK, 5000 rows affected (0.14 sec)
Records: 5000  Duplicates: 0  Warnings: 0

Query OK, 0 rows affected (0.01 sec)

Query OK, 6885 rows affected (0.44 sec)
Records: 6885  Duplicates: 0  Warnings: 0

Query OK, 0 rows affected, 1 warning (0.00 sec)

Query OK, 5000 rows affected (0.13 sec)
Records: 5000  Duplicates: 0  Warnings: 0

Query OK, 0 rows affected (0.01 sec)

Query OK, 7299 rows affected (0.18 sec)
Records: 7299  Duplicates: 0  Warnings: 0

mysql> mysql \. C:\workspace\cloud\code\sql\_DailyScript\currenttime.sql
+---------------------+
| currenttime         |
+---------------------+
| 2019-12-23 08:00:13 |
+---------------------+
1 row in set (0.00 sec)

mysql> 
mysql> mysql \. C:\workspace\cloud\code\sql\_DailyScript\REVENUE_PER_NODE_MXK.sql
Query OK, 0 rows affected (0.00 sec)

Query OK, 0 rows affected (0.01 sec)

Query OK, 0 rows affected (0.00 sec)

Query OK, 5332 rows affected (2.50 sec)
Records: 5332  Duplicates: 0  Warnings: 0

+----------------------+
| message              |
+----------------------+
| created temp table a |
+----------------------+
1 row in set (0.00 sec)

Query OK, 5544 rows affected (2.70 sec)
Records: 5544  Duplicates: 0  Warnings: 0

+----------------------+
| message              |
+----------------------+
| created temp table b |
+----------------------+
1 row in set (0.00 sec)

Query OK, 0 rows affected, 1 warning (0.00 sec)

Query OK, 5604 rows affected (9.96 sec)
Records: 5604  Duplicates: 0  Warnings: 0

+--------------------------------+
| message                        |
+--------------------------------+
| created rcbill_my.tempcustmxk1 |
+--------------------------------+
1 row in set (0.00 sec)

Query OK, 0 rows affected (0.00 sec)

Query OK, 0 rows affected (0.00 sec)

Query OK, 0 rows affected, 1 warning (0.00 sec)

Query OK, 5332 rows affected (1.29 sec)
Records: 5332  Duplicates: 0  Warnings: 0

+----------------+
| message        |
+----------------+
| created temp a |
+----------------+
1 row in set (0.00 sec)

Query OK, 5544 rows affected (0.53 sec)
Records: 5544  Duplicates: 0  Warnings: 0

+----------------+
| message        |
+----------------+
| created temp b |
+----------------+
1 row in set (0.00 sec)

Query OK, 0 rows affected, 1 warning (0.00 sec)

Query OK, 5636 rows affected (6.86 sec)
Records: 5636  Duplicates: 0  Warnings: 0

+--------------------------------+
| message                        |
+--------------------------------+
| created rcbill_my.tempcustmxk2 |
+--------------------------------+
1 row in set (0.00 sec)

Query OK, 0 rows affected (0.00 sec)

Query OK, 0 rows affected (0.00 sec)

Query OK, 0 rows affected, 1 warning (0.00 sec)

Query OK, 0 rows affected (0.00 sec)

Query OK, 6272 rows affected (0.29 sec)
Records: 6272  Duplicates: 0  Warnings: 0

+---------------------------------+
| message                         |
+---------------------------------+
| created rcbill_my.customers_mxk |
+---------------------------------+
1 row in set (0.00 sec)

Query OK, 0 rows affected (0.00 sec)

Query OK, 0 rows affected (0.00 sec)

Query OK, 13893 rows affected (5.46 sec)
Records: 13893  Duplicates: 0  Warnings: 0

+----------------+
| message        |
+----------------+
| created temp a |
+----------------+
1 row in set (0.00 sec)

Query OK, 20256 rows affected (2.17 sec)
Records: 20256  Duplicates: 0  Warnings: 0

+----------------+
| message        |
+----------------+
| created temp c |
+----------------+
1 row in set (0.00 sec)

Query OK, 0 rows affected, 1 warning (0.00 sec)

Query OK, 27893 rows affected (0.31 sec)
Records: 27893  Duplicates: 0  Warnings: 0

+---------------------------------+
| message                         |
+---------------------------------+
| created rcbill_my.tempcustcmts1 |
+---------------------------------+
1 row in set (0.00 sec)

Query OK, 0 rows affected (0.00 sec)

Query OK, 0 rows affected, 1 warning (0.00 sec)

Query OK, 0 rows affected (0.01 sec)

Query OK, 13893 rows affected (5.45 sec)
Records: 13893  Duplicates: 0  Warnings: 0

+----------------+
| message        |
+----------------+
| created temp a |
+----------------+
1 row in set (0.00 sec)

Query OK, 20256 rows affected (1.14 sec)
Records: 20256  Duplicates: 0  Warnings: 0

+----------------+
| message        |
+----------------+
| created temp c |
+----------------+
1 row in set (0.00 sec)

Query OK, 0 rows affected, 1 warning (0.00 sec)

Query OK, 21161 rows affected (0.25 sec)
Records: 21161  Duplicates: 0  Warnings: 0

+---------------------------------+
| message                         |
+---------------------------------+
| created rcbill_my.tempcustcmts2 |
+---------------------------------+
1 row in set (0.00 sec)

Query OK, 0 rows affected (0.01 sec)

Query OK, 0 rows affected, 1 warning (0.00 sec)

Query OK, 0 rows affected (0.00 sec)

Query OK, 0 rows affected (0.00 sec)

Query OK, 13965 rows affected (0.96 sec)
Records: 13965  Duplicates: 0  Warnings: 0

+----------------------------------+
| message                          |
+----------------------------------+
| created rcbill_my.customers_cmts |
+----------------------------------+
1 row in set (0.00 sec)

Query OK, 0 rows affected (0.00 sec)

Query OK, 0 rows affected (0.00 sec)

Query OK, 0 rows affected (0.01 sec)

Query OK, 17663 rows affected (0.80 sec)
Records: 17663  Duplicates: 0  Warnings: 0

+--------------------------------------+
| message                              |
+--------------------------------------+
| created rcbill_my.customers_cmts_mxk |
+--------------------------------------+
1 row in set (0.00 sec)

Query OK, 457801 rows affected (1 min 9.09 sec)
Records: 457801  Duplicates: 0  Warnings: 0

+----------------+
| message        |
+----------------+
| created temp a |
+----------------+
1 row in set (0.00 sec)

Query OK, 0 rows affected (0.34 sec)

Query OK, 458489 rows affected (12.44 sec)
Records: 458489  Duplicates: 0  Warnings: 0

+------------------------------------------------+
| message                                        |
+------------------------------------------------+
| created rcbill_my.customers_contracts_cmts_mxk |
+------------------------------------------------+
1 row in set (0.00 sec)

Query OK, 0 rows affected (0.02 sec)

Query OK, 0 rows affected, 1 warning (0.00 sec)

Query OK, 0 rows affected, 1 warning (0.00 sec)

Query OK, 0 rows affected (0.00 sec)

Query OK, 7973 rows affected (3.27 sec)
Rows matched: 7973  Changed: 7973  Warnings: 0

+------------------------------------------------+
| message                                        |
+------------------------------------------------+
| updated rcbill_my.customers_contracts_cmts_mxk |
+------------------------------------------------+
1 row in set (0.00 sec)

Query OK, 0 rows affected (0.02 sec)

Query OK, 1769937 rows affected (4 min 32.07 sec)
Records: 1769937  Duplicates: 0  Warnings: 0

+----------------------------------------+
| message                                |
+----------------------------------------+
| created rcbill_my.customers_collection |
+----------------------------------------+
1 row in set (0.00 sec)

Query OK, 0 rows affected (0.03 sec)

Query OK, 2040525 rows affected (2 min 23.89 sec)
Records: 2040525  Duplicates: 0  Warnings: 0

+------------------------------------------------+
| message                                        |
+------------------------------------------------+
| created rcbill_my.customers_cmts_mxk_cont_coll |
+------------------------------------------------+
1 row in set (0.00 sec)

Query OK, 0 rows affected (0.04 sec)

Query OK, 54538 rows affected (14.61 sec)
Records: 54538  Duplicates: 0  Warnings: 0

+------------------------------------------------------------+
| message                                                    |
+------------------------------------------------------------+
| created rcbill_my.customers_contracts_collection_pivot2019 |
+------------------------------------------------------------+
1 row in set (0.00 sec)

Query OK, 0 rows affected (0.02 sec)

Query OK, 20447 rows affected (12.20 sec)
Records: 20447  Duplicates: 0  Warnings: 0

+--------------------------------------------------+
| message                                          |
+--------------------------------------------------+
| created rcbill_my.customers_collection_pivot2019 |
+--------------------------------------------------+
1 row in set (0.00 sec)

Query OK, 0 rows affected (0.01 sec)

Query OK, 42986 rows affected (1.39 sec)
Records: 42986  Duplicates: 0  Warnings: 0

+------------------------------------------------+
| message                                        |
+------------------------------------------------+
| created rcbill_my.rep_customers_collection2019 |
+------------------------------------------------+
1 row in set (0.00 sec)

Query OK, 0 rows affected (0.00 sec)

Query OK, 0 rows affected (0.01 sec)

Query OK, 426762 rows affected (24.06 sec)
Records: 426762  Duplicates: 0  Warnings: 0

+-------------------------+
| message                 |
+-------------------------+
| created rcbill_my.tempa |
+-------------------------+
1 row in set (0.00 sec)

Query OK, 0 rows affected, 1 warning (0.00 sec)

Query OK, 103641 rows affected (14.86 sec)
Records: 103641  Duplicates: 0  Warnings: 0

+-------------------------+
| message                 |
+-------------------------+
| created rcbill_my.tempb |
+-------------------------+
1 row in set (0.00 sec)

Query OK, 426762 rows affected (13.09 sec)
Records: 426762  Duplicates: 0  Warnings: 0

+-----------+
| message   |
+-----------+
| created a |
+-----------+
1 row in set (0.00 sec)

Query OK, 103651 rows affected (7.82 sec)
Records: 103651  Duplicates: 0  Warnings: 0

+-----------+
| message   |
+-----------+
| created b |
+-----------+
1 row in set (0.00 sec)

Query OK, 0 rows affected (0.10 sec)

Query OK, 0 rows affected (0.01 sec)

Query OK, 0 rows affected (0.02 sec)

Query OK, 429779 rows affected (26.79 sec)
Records: 429779  Duplicates: 0  Warnings: 0

+----------------------------------------------+
| message                                      |
+----------------------------------------------+
| created rcbill_my.cust_cont_payment_cmts_mxk |
+----------------------------------------------+
1 row in set (0.00 sec)

Query OK, 0 rows affected (0.01 sec)

Query OK, 0 rows affected (0.00 sec)

Query OK, 0 rows affected, 1 warning (0.00 sec)

Query OK, 0 rows affected (0.03 sec)

Query OK, 42986 rows affected (12.02 sec)
Records: 42986  Duplicates: 0  Warnings: 0

+--------------------------------------------------+
| message                                          |
+--------------------------------------------------+
| created rcbill_my.rep_cust_cont_payment_cmts_mxk |
+--------------------------------------------------+
1 row in set (0.00 sec)

Query OK, 0 rows affected, 1 warning (0.00 sec)

Query OK, 0 rows affected, 1 warning (0.00 sec)

Query OK, 0 rows affected (0.01 sec)

Query OK, 42986 rows affected, 5 warnings (8.02 sec)
Records: 42986  Duplicates: 0  Warnings: 5

+----------------------+
| rep_custconsolidated |
+----------------------+
|                42986 |
+----------------------+
1 row in set (0.04 sec)

Query OK, 0 rows affected (0.00 sec)

Query OK, 0 rows affected (0.03 sec)

+----------------------------------------------+
| message                                      |
+----------------------------------------------+
| creating rcbill_my.retentioncustomeractivity |
+----------------------------------------------+
1 row in set (0.00 sec)

Query OK, 918 rows affected (0.08 sec)
Records: 918  Duplicates: 0  Warnings: 0

+---------------------------+
| retentioncustomeractivity |
+---------------------------+
|                       918 |
+---------------------------+
1 row in set (0.00 sec)

+-----------+------------------------------------+------------+-------------+-----------------+------------------+---------------------+-------------------+
| HFC_NODE  | NODENAME                           | CMTS_DATE  | INSERTED_ON | UNIQUE_ACCOUNTS | UNIQUE_CONTRACTS | UNIQUE_MAC_INRCBOSS | UNIQUE_MAC_INCMTS |
+-----------+------------------------------------+------------+-------------+-----------------+------------------+---------------------+-------------------+
| NULL      | NULL                               | NULL       | 2019-12-23  |            6365 |             6702 |                6728 |                 0 |
| C5/0/0/U0 | ANSE-BOILEAU-2                     | 2019-12-11 | 2019-12-23  |             169 |              172 |                 169 |               169 |
| C5/0/0/U1 | 500-C3-ANSE-BOILEAU                | 2019-12-11 | 2019-12-23  |             178 |              183 |                 178 |               179 |
| C5/0/1/U0 | 501-C4-LA-MISIERE-LEFT-I           | 2019-12-11 | 2019-12-23  |             146 |              155 |                 146 |               148 |
| C5/0/1/U1 | 501-C5-LA-MISIERE-RIGHT            | 2019-12-11 | 2019-12-23  |             105 |              108 |                 105 |               106 |
| C5/0/1/U2 | 501-C7-LA-MISIERE-LEFT-II          | 2019-12-11 | 2019-12-23  |             148 |              153 |                 147 |               149 |
| C5/0/2/U0 | 502-C8-LA-LOUISE                   | 2019-12-11 | 2019-12-23  |             140 |              141 |                 140 |               141 |
| C5/0/2/U1 | LA-LOUISE-2                        | 2019-12-11 | 2019-12-23  |             135 |              138 |                 135 |               137 |
| C5/0/3/U0 | 504-C6-PETIT-PARIS                 | 2019-12-11 | 2019-12-23  |             119 |              121 |                 119 |               121 |
| C5/0/3/U1 | PETIT-PARIS-23                     | 2019-12-11 | 2019-12-23  |             110 |              113 |                 110 |               110 |
| C5/0/4/U0 | FOUR-SEASONS                       | 2019-12-11 | 2019-12-23  |               3 |                3 |                   3 |                 3 |
| C5/0/4/U1 | ANCHOR-CAFE-I                      | 2019-12-11 | 2019-12-23  |             149 |              153 |                 149 |               151 |
| C5/0/4/U2 | ANCHOR-CAFE-II                     | 2019-12-11 | 2019-12-23  |             141 |              143 |                 141 |               141 |
| C5/1/0/U0 | POINTE-LARUE-AIRPORT-23            | 2019-12-11 | 2019-12-23  |              97 |              101 |                  99 |               102 |
| C5/1/0/U1 | PPROVIDENCE-23                     | 2019-12-11 | 2019-12-23  |              21 |               24 |                  22 |                22 |
| C5/1/0/U2 | ROSHE-CAIMAN-23                    | 2019-12-11 | 2019-12-23  |              10 |               11 |                  10 |                10 |
| C5/1/0/U3 | HEAD-OFFICE | HO-23                | 2019-12-11 | 2019-12-23  |              31 |               32 |                  31 |                31 |
| C5/1/1/U1 | C5-UNION-VALE                      | 2019-12-11 | 2019-12-23  |             189 |              194 |                 189 |               190 |
| C5/1/3/U0 | POINTE-LARUE-AIRPORT-27            | 2019-12-11 | 2019-12-23  |             141 |              145 |                 141 |               144 |
| C5/1/3/U1 | PPROVIDENCE-27                     | 2019-12-11 | 2019-12-23  |              29 |               29 |                  29 |                29 |
| C5/1/3/U2 | ROSHE-CAIMAN-27                    | 2019-12-11 | 2019-12-23  |              27 |               27 |                  27 |                27 |
| C5/1/3/U3 | HEAD-OFFICE | HO-27                | 2019-12-11 | 2019-12-23  |              14 |               15 |                  14 |                15 |
| C5/1/4/U0 | ANSE-ROYALE-27                     | 2019-12-11 | 2019-12-23  |              85 |               87 |                  85 |                85 |
| C5/1/4/U1 | GLACIS-2-57                        | 2019-12-11 | 2019-12-23  |             102 |              107 |                 102 |               104 |
| C5/1/4/U2 | NULL                               | 2019-12-11 | 2019-12-23  |              98 |              100 |                  98 |               100 |
| C5/1/4/U3 | GLACIS-1                           | 2019-12-11 | 2019-12-23  |              50 |               52 |                  50 |                50 |
| C6/0/1/U0 | SERRET-ROAD-RIGHT/CURIO/PASCAL     | 2019-12-11 | 2019-12-23  |             121 |              123 |                 121 |               121 |
| C6/0/1/U1 | SERRET-ROAD-LEFT/ST.LOUIS/TOWN     | 2019-12-11 | 2019-12-23  |             147 |              154 |                 147 |               148 |
| C6/0/1/U2 | SERRET-ROAD-RIGHT/CURIO/PASCAL-2   | 2019-12-11 | 2019-12-23  |             114 |              115 |                 114 |               116 |
| C6/0/1/U3 | SERRET-ROAD-LEFT/ST.LOUIS/TOWN-2   | 2019-12-11 | 2019-12-23  |             142 |              144 |                 142 |               143 |
| C6/0/2/U0 | SANS-SOUCIS-I                      | 2019-12-11 | 2019-12-23  |             142 |              146 |                 142 |               146 |
| C6/0/2/U1 | SANS-SOUCIS-II                     | 2019-12-11 | 2019-12-23  |              88 |               92 |                  87 |                88 |
| C6/0/2/U2 | BEL-AIR-27                         | 2019-12-11 | 2019-12-23  |             118 |              123 |                 118 |               123 |
| C6/0/2/U3 | BEL-AIR-38                         | 2019-12-11 | 2019-12-23  |              77 |               79 |                  77 |                77 |
| C6/0/3/U0 | LES-MAMELLES-23                    | 2019-12-11 | 2019-12-23  |             105 |              105 |                 105 |               105 |
| C6/0/3/U1 | VICTORIA-23                        | 2019-12-11 | 2019-12-23  |              30 |               36 |                  33 |                35 |
| C6/0/4/U0 | LES-MAMELLES-27                    | 2019-12-11 | 2019-12-23  |              44 |               44 |                  44 |                44 |
| C6/0/4/U1 | VICTORIA-27                        | 2019-12-11 | 2019-12-23  |              20 |               20 |                  20 |                21 |
| C7/1/0/U0 | LA-RETRAITE-23                     | 2019-12-11 | 2019-12-23  |             103 |              105 |                 103 |               103 |
| C7/1/0/U1 | TEA-FACTORY-23                     | 2019-12-11 | 2019-12-23  |              20 |               26 |                  21 |                21 |
| C7/1/0/U2 | PAS-23                             | 2019-12-11 | 2019-12-23  |              76 |               77 |                  76 |                77 |
| C7/1/1/U0 | REEF-ESTATE-23                     | 2019-12-11 | 2019-12-23  |              77 |               78 |                  77 |                78 |
| C7/1/1/U1 | BEL-OMBRE-NEW-23                   | 2019-12-11 | 2019-12-23  |               3 |                3 |                   3 |                 4 |
| C7/1/2/U0 | LA-RETRAITE-27                     | 2019-12-11 | 2019-12-23  |              84 |               88 |                  84 |                85 |
| C7/1/2/U1 | TEA-FACTORY-27                     | 2019-12-11 | 2019-12-23  |              25 |               27 |                  26 |                28 |
| C7/1/2/U2 | PAS-27                             | 2019-12-11 | 2019-12-23  |             120 |              124 |                 121 |               124 |
| C7/1/3/U0 | MT-BUXTON-27                       | 2019-12-11 | 2019-12-23  |             150 |              153 |                 150 |               154 |
| C7/1/3/U1 | MT-BUXTON-23                       | 2019-12-11 | 2019-12-23  |              70 |               71 |                  70 |                71 |
| C7/1/4/U0 | REEF-ESTATE-27                     | 2019-12-11 | 2019-12-23  |              69 |               69 |                  69 |                69 |
| C7/1/4/U1 | BEL-OMBRE-NEW-27                   | 2019-12-11 | 2019-12-23  |               6 |                6 |                   6 |                 6 |
| C8/0/0/U0 | POLICE-ACADEMY-1-27 - POINTE LARUE | 2019-12-11 | 2019-12-23  |             217 |              220 |                 216 |               216 |
| C8/0/0/U1 | NULL                               | 2019-12-11 | 2019-12-23  |             105 |              110 |                 105 |               107 |
| C8/0/1/U0 | NULL                               | 2019-12-11 | 2019-12-23  |             154 |              154 |                 154 |               156 |
| C8/0/1/U1 | POLICE-ACADEMY-2-27 - TURTLE BAY   | 2019-12-11 | 2019-12-23  |             150 |              152 |                 151 |               155 |
| C8/0/2/U0 | BEAU-VALLON-LEFT-1-57              | 2019-12-11 | 2019-12-23  |              76 |               80 |                  77 |                78 |
| C8/0/3/U1 | BEAU-VALLON-RIGHT-2-57             | 2019-12-11 | 2019-12-23  |             168 |              175 |                 168 |               170 |
| C8/1/0/U0 | MA-JOIE-NODE-27                    | 2019-12-11 | 2019-12-23  |             115 |              117 |                 114 |               114 |
| C8/1/0/U1 | BELONIE-27                         | 2019-12-11 | 2019-12-23  |             147 |              150 |                 146 |               147 |
| C8/1/0/U3 | MA-JOIE-NODE-23                    | 2019-12-11 | 2019-12-23  |             108 |              110 |                 108 |               108 |
| C8/1/1/U0 | 611-C1-ROJN I                      | 2019-12-11 | 2019-12-23  |             129 |              131 |                 129 |               129 |
| C8/1/1/U1 | 611-C5-ROJN II                     | 2019-12-11 | 2019-12-23  |             108 |              108 |                 108 |               109 |
| C8/1/2/U0 | 612-C2-ANSE-ETOILE                 | 2019-12-11 | 2019-12-23  |             152 |              156 |                 152 |               152 |
| C8/1/2/U1 | ANSE-ETOILE-U2                     | 2019-12-11 | 2019-12-23  |              77 |               79 |                  77 |                77 |
| C8/1/3/U0 | 613-C3-ANSE-GAULETTE I             | 2019-12-11 | 2019-12-23  |              69 |               75 |                  69 |                69 |
| C8/1/3/U1 | 613-C7-ANSE-GAULETTE II            | 2019-12-11 | 2019-12-23  |              68 |               72 |                  69 |                69 |
| C8/1/3/U2 | 613-C3-ANSE-GAULETTE III           | 2019-12-11 | 2019-12-23  |              34 |               38 |                  34 |                34 |
| C8/1/3/U3 | TAKAMAKA I                         | 2019-12-11 | 2019-12-23  |              98 |              101 |                  98 |                98 |
| C8/1/3/U4 | TAKAMAKA II                        | 2019-12-11 | 2019-12-23  |             108 |              109 |                 108 |               108 |
| C8/1/4/U0 | 614-BEOLIERE-NODE-1                | 2019-12-11 | 2019-12-23  |              87 |               90 |                  88 |                89 |
| C8/1/4/U1 | 614-BEOLIERE-NODE-2                | 2019-12-11 | 2019-12-23  |             107 |              112 |                 107 |               109 |
+-----------+------------------------------------+------------+-------------+-----------------+------------------+---------------------+-------------------+
70 rows in set (0.17 sec)

+------------------+------------+-------------+-----------------+------------------+----------------------+-------------------+
| MXK_NAME         | MXK_DATE   | INSERTED_ON | UNIQUE_ACCOUNTS | UNIQUE_CONTRACTS | UNIQUE_FSAN_INRCBOSS | UNIQUE_FSAN_INMXK |
+------------------+------------+-------------+-----------------+------------------+----------------------+-------------------+
| NULL             | NULL       | 2019-12-23  |             625 |              634 |                  622 |                 0 |
| MXK-ANSEETOILE   | 2019-12-11 | 2019-12-23  |             193 |              196 |                  196 |               207 |
| MXK-ANSEROYALE   | 2019-12-11 | 2019-12-23  |             145 |              145 |                  145 |               163 |
| MXK-BEAUVALLON   | 2019-12-11 | 2019-12-23  |            1217 |             1235 |                 1227 |              1285 |
| MXK-MAHE         | 2019-12-11 | 2019-12-23  |             913 |              941 |                  875 |              1109 |
| MXK-PERSEVERANCE | 2019-12-11 | 2019-12-23  |            1024 |             1031 |                 1030 |              1175 |
| MXK-PRASLIN      | 2019-12-11 | 2019-12-23  |            1212 |             1215 |                 1207 |              1349 |
+------------------+------------+-------------+-----------------+------------------+----------------------+-------------------+
7 rows in set (0.06 sec)

mysql> mysql \. C:\workspace\cloud\code\sql\_DailyScript\currenttime.sql
+---------------------+
| currenttime         |
+---------------------+
| 2019-12-23 08:11:30 |
+---------------------+
1 row in set (0.00 sec)

mysql> 
mysql> mysql \. C:\workspace\cloud\code\sql\Analysis\service_tickets_assignments.sql
Query OK, 0 rows affected (0.02 sec)

Query OK, 95956 rows affected (19.09 sec)
Records: 95956  Duplicates: 0  Warnings: 0

+-------------------------+
| rep_servicetickets_2019 |
+-------------------------+
|                   95956 |
+-------------------------+
1 row in set (1.38 sec)

mysql> mysql \. C:\workspace\cloud\code\sql\_DailyScript\currenttime.sql
+---------------------+
| currenttime         |
+---------------------+
| 2019-12-23 08:11:51 |
+---------------------+
1 row in set (0.00 sec)

mysql> 
mysql> 
mysql> exit
