    -> 
    -> mysql \. C:\workspace\cloud\code\sql\_DailyScript\_setdates.sql
Query OK, 0 rows affected (0.01 sec)

Query OK, 0 rows affected (1.61 sec)

Database changed
Query OK, 0 rows affected (0.00 sec)

Query OK, 0 rows affected (0.00 sec)

Query OK, 0 rows affected (0.00 sec)

Query OK, 0 rows affected (0.00 sec)

Query OK, 0 rows affected (0.00 sec)

Query OK, 0 rows affected (0.00 sec)

Query OK, 0 rows affected (0.00 sec)

Query OK, 0 rows affected (0.00 sec)

Query OK, 0 rows affected (0.00 sec)

Query OK, 0 rows affected (0.00 sec)

Query OK, 0 rows affected (0.00 sec)

Query OK, 0 rows affected (0.00 sec)

Query OK, 0 rows affected (0.00 sec)

Query OK, 0 rows affected (0.00 sec)

Query OK, 0 rows affected (0.00 sec)

Query OK, 0 rows affected (0.00 sec)

Query OK, 0 rows affected (0.00 sec)

Query OK, 0 rows affected (0.00 sec)

Query OK, 0 rows affected (0.00 sec)

Query OK, 0 rows affected (0.00 sec)

Query OK, 0 rows affected (0.00 sec)

Query OK, 0 rows affected (0.00 sec)

mysql> mysql \. C:\workspace\cloud\code\sql\_DailyScript\currenttime.sql
+---------------------+
| currenttime         |
+---------------------+
| 2021-09-14 09:00:57 |
+---------------------+
1 row in set (0.00 sec)

mysql> 
mysql> mysql \. C:\workspace\cloud\code\sql\_DailyScript\load_RCB_VODTITLES.sql
Database changed
Query OK, 0 rows affected (0.00 sec)

Query OK, 15952 rows affected (0.13 sec)

Query OK, 15954 rows affected, 15954 warnings (0.41 sec)
Records: 15954  Deleted: 0  Skipped: 0  Warnings: 15954

Query OK, 0 rows affected (0.00 sec)

Query OK, 2 rows affected (0.01 sec)

+-----------+
| VODTITLES |
+-----------+
|     16412 |
+-----------+
1 row in set (0.01 sec)

+-----------+-----------+
| titletype | typecount |
+-----------+-----------+
| E         |     13543 |
| N         |       245 |
| T         |      2164 |
| NULL      |     15952 |
+-----------+-----------+
4 rows in set (0.04 sec)

mysql> mysql \. C:\workspace\cloud\code\sql\_DailyScript\currenttime.sql
+---------------------+
| currenttime         |
+---------------------+
| 2021-09-14 09:00:58 |
+---------------------+
1 row in set (0.00 sec)

mysql> 
mysql> mysql \. C:\workspace\cloud\code\sql\_DailyScript\DAILY-SCRIPT-LIVETV-STATS.sql
Database changed
Query OK, 0 rows affected (0.01 sec)

Query OK, 96360 rows affected (4 min 54.51 sec)
Records: 96360  Duplicates: 0  Warnings: 0

+------------+------------+----------+--------------+--------------+-----------+-------------+----------+--------+------+------------+---------+---------------+
| Table      | Non_unique | Key_name | Seq_in_index | Column_name  | Collation | Cardinality | Sub_part | Packed | Null | Index_type | Comment | Index_comment |
+------------+------------+----------+--------------+--------------+-----------+-------------+----------+--------+------+------------+---------+---------------+
| templivetv |          1 | idxtv1   |            1 | device       | A         |       97012 |     NULL | NULL   | YES  | BTREE      |         |               |
| templivetv |          1 | idxtv2   |            1 | sessionstart | A         |       97012 |     NULL | NULL   | YES  | BTREE      |         |               |
+------------+------------+----------+--------------+--------------+-----------+-------------+----------+--------+------+------------+---------+---------------+
2 rows in set (0.01 sec)

Query OK, 96399 rows affected, 65535 warnings (2 min 24.77 sec)
Records: 96399  Duplicates: 0  Warnings: 192798

Query OK, 2449 rows affected (0.56 sec)
Records: 2449  Duplicates: 0  Warnings: 0

Query OK, 0 rows affected (0.00 sec)

Query OK, 0 rows affected (0.00 sec)

Query OK, 124 rows affected (0.03 sec)
Records: 124  Duplicates: 0  Warnings: 0

Query OK, 0 rows affected (0.01 sec)

Query OK, 81164 rows affected (11 min 54.66 sec)
Records: 81164  Duplicates: 0  Warnings: 0

+-----------------+
| rep_livetvstats |
+-----------------+
|           81164 |
+-----------------+
1 row in set (0.03 sec)

mysql> mysql \. C:\workspace\cloud\code\sql\_DailyScript\currenttime.sql
+---------------------+
| currenttime         |
+---------------------+
| 2021-09-14 09:20:12 |
+---------------------+
1 row in set (0.00 sec)

mysql> 
mysql> mysql \. C:\workspace\cloud\code\sql\_DailyScript\DAILY-SCRIPT-VODTS-STATS.sql
Database changed
Query OK, 0 rows affected (0.02 sec)

Query OK, 7522 rows affected (27.60 sec)
Records: 7522  Duplicates: 0  Warnings: 0

+---------+------------+----------+--------------+--------------+-----------+-------------+----------+--------+------+------------+---------+---------------+
| Table   | Non_unique | Key_name | Seq_in_index | Column_name  | Collation | Cardinality | Sub_part | Packed | Null | Index_type | Comment | Index_comment |
+---------+------------+----------+--------------+--------------+-----------+-------------+----------+--------+------+------------+---------+---------------+
| tempvod |          1 | idxtvod1 |            1 | device       | A         |        7729 |     NULL | NULL   | YES  | BTREE      |         |               |
| tempvod |          1 | idxtvod2 |            1 | sessionstart | A         |        7729 |     NULL | NULL   | YES  | BTREE      |         |               |
+---------+------------+----------+--------------+--------------+-----------+-------------+----------+--------+------+------------+---------+---------------+
2 rows in set (0.00 sec)

Query OK, 7646 rows affected (4.63 sec)
Records: 7646  Duplicates: 0  Warnings: 0

Query OK, 0 rows affected (0.10 sec)

Query OK, 1447827 rows affected (2 min 1.81 sec)
Records: 1447827  Duplicates: 0  Warnings: 0

+--------------+
| rep_vodstats |
+--------------+
|      1447827 |
+--------------+
1 row in set (0.41 sec)

Database changed
Query OK, 0 rows affected (0.02 sec)

Query OK, 20186 rows affected (49.31 sec)
Records: 20186  Duplicates: 0  Warnings: 0

+--------+------------+----------+--------------+--------------+-----------+-------------+----------+--------+------+------------+---------+---------------+
| Table  | Non_unique | Key_name | Seq_in_index | Column_name  | Collation | Cardinality | Sub_part | Packed | Null | Index_type | Comment | Index_comment |
+--------+------------+----------+--------------+--------------+-----------+-------------+----------+--------+------+------------+---------+---------------+
| tempts |          1 | idxtts1  |            1 | device       | A         |       20288 |     NULL | NULL   | YES  | BTREE      |         |               |
| tempts |          1 | idxtts2  |            1 | sessionstart | A         |       20288 |     NULL | NULL   | YES  | BTREE      |         |               |
+--------+------------+----------+--------------+--------------+-----------+-------------+----------+--------+------+------------+---------+---------------+
2 rows in set (0.00 sec)

Query OK, 20189 rows affected (16.60 sec)
Records: 20189  Duplicates: 0  Warnings: 0

Query OK, 0 rows affected (0.01 sec)

Query OK, 52428 rows affected (50.57 sec)
Records: 52428  Duplicates: 0  Warnings: 0

+-------------+
| rep_tsstats |
+-------------+
|       52428 |
+-------------+
1 row in set (0.02 sec)

mysql> mysql \. C:\workspace\cloud\code\sql\_DailyScript\currenttime.sql
+---------------------+
| currenttime         |
+---------------------+
| 2021-09-14 09:24:44 |
+---------------------+
1 row in set (0.00 sec)

mysql> 
mysql> mysql \. C:\workspace\cloud\code\sql\_DailyScript\DAILY-SCRIPT-RADIO-STATS.sql
Database changed
Query OK, 0 rows affected (0.06 sec)

Query OK, 445188 rows affected (4.75 sec)
Records: 445188  Duplicates: 0  Warnings: 0

+-----------+------------+----------+--------------+--------------+-----------+-------------+----------+--------+------+------------+---------+---------------+
| Table     | Non_unique | Key_name | Seq_in_index | Column_name  | Collation | Cardinality | Sub_part | Packed | Null | Index_type | Comment | Index_comment |
+-----------+------------+----------+--------------+--------------+-----------+-------------+----------+--------+------+------------+---------+---------------+
| tempradio |          1 | idxtrad1 |            1 | device       | A         |      445961 |     NULL | NULL   | YES  | BTREE      |         |               |
| tempradio |          1 | idxtrad2 |            1 | sessionstart | A         |      445961 |     NULL | NULL   | YES  | BTREE      |         |               |
+-----------+------------+----------+--------------+--------------+-----------+-------------+----------+--------+------+------------+---------+---------------+
2 rows in set (0.00 sec)

Query OK, 551 rows affected (1.00 sec)
Records: 551  Duplicates: 0  Warnings: 0

Query OK, 0 rows affected (0.01 sec)

Query OK, 6868 rows affected (0.55 sec)
Records: 6868  Duplicates: 0  Warnings: 0

+----------------+
| rep_radiostats |
+----------------+
|           6868 |
+----------------+
1 row in set (0.00 sec)

mysql> mysql \. C:\workspace\cloud\code\sql\_DailyScript\currenttime.sql
+---------------------+
| currenttime         |
+---------------------+
| 2021-09-14 09:24:50 |
+---------------------+
1 row in set (0.00 sec)

mysql> 
mysql> mysql \. C:\workspace\cloud\code\sql\_DailyScript\DAILY_SCRIPT_TELEMETRY_PIVOT_2021.sql
Query OK, 0 rows affected (0.01 sec)

Query OK, 140 rows affected (0.15 sec)
Records: 140  Duplicates: 0  Warnings: 0

Query OK, 0 rows affected (0.03 sec)

Query OK, 14481 rows affected (2.43 sec)
Records: 14481  Duplicates: 0  Warnings: 0

Query OK, 0 rows affected (0.01 sec)

Query OK, 6 rows affected (0.02 sec)
Records: 6  Duplicates: 0  Warnings: 0

Query OK, 0 rows affected (0.01 sec)

Query OK, 44 rows affected (0.06 sec)
Records: 44  Duplicates: 0  Warnings: 0

mysql> mysql \. C:\workspace\cloud\code\sql\_DailyScript\currenttime.sql
+---------------------+
| currenttime         |
+---------------------+
| 2021-09-14 09:24:53 |
+---------------------+
1 row in set (0.00 sec)

mysql> 
mysql> mysql \. C:\workspace\cloud\code\sql\_DailyScript\telemetry_livetv_ranking2021.sql
Query OK, 0 rows affected (0.00 sec)

Query OK, 140 rows affected (0.02 sec)
Records: 140  Duplicates: 0  Warnings: 0

mysql> mysql \. C:\workspace\cloud\code\sql\_DailyScript\currenttime.sql
+---------------------+
| currenttime         |
+---------------------+
| 2021-09-14 09:24:53 |
+---------------------+
1 row in set (0.00 sec)

mysql> 
mysql> mysql \. C:\workspace\cloud\code\sql\_DailyScript\telemetry_radio_ranking2021.sql
Query OK, 0 rows affected (0.00 sec)

Query OK, 6 rows affected (0.02 sec)
Records: 6  Duplicates: 0  Warnings: 0

mysql> mysql \. C:\workspace\cloud\code\sql\_DailyScript\currenttime.sql
+---------------------+
| currenttime         |
+---------------------+
| 2021-09-14 09:24:53 |
+---------------------+
1 row in set (0.00 sec)

mysql> 
mysql> mysql \. C:\workspace\cloud\code\sql\_DailyScript\telemetry_ts_ranking2021.sql
Query OK, 0 rows affected (0.01 sec)

Query OK, 44 rows affected (0.01 sec)
Records: 44  Duplicates: 0  Warnings: 0

mysql> mysql \. C:\workspace\cloud\code\sql\_DailyScript\currenttime.sql
+---------------------+
| currenttime         |
+---------------------+
| 2021-09-14 09:24:53 |
+---------------------+
1 row in set (0.00 sec)

mysql> 
mysql> mysql \. C:\workspace\cloud\code\sql\_DailyScript\telemetry_vod_ranking2021.sql
Query OK, 0 rows affected (0.01 sec)

Query OK, 14481 rows affected (0.69 sec)
Records: 14481  Duplicates: 0  Warnings: 0

mysql> mysql \. C:\workspace\cloud\code\sql\_DailyScript\currenttime.sql
+---------------------+
| currenttime         |
+---------------------+
| 2021-09-14 09:24:54 |
+---------------------+
1 row in set (0.00 sec)

mysql> 
mysql> mysql \. C:\workspace\cloud\code\sql\_DailyScript\telemetry_vod_ranking2021_1.sql
Query OK, 0 rows affected (0.01 sec)

Query OK, 14481 rows affected (0.33 sec)
Records: 14481  Duplicates: 0  Warnings: 0

mysql> mysql \. C:\workspace\cloud\code\sql\_DailyScript\currenttime.sql
+---------------------+
| currenttime         |
+---------------------+
| 2021-09-14 09:24:54 |
+---------------------+
1 row in set (0.00 sec)

mysql> 
mysql> mysql \. C:\workspace\cloud\code\sql\_DailyScript\telemetry_vod_ranking2021_2.sql
Query OK, 0 rows affected (0.01 sec)

Query OK, 14481 rows affected (0.31 sec)
Records: 14481  Duplicates: 0  Warnings: 0

mysql> mysql \. C:\workspace\cloud\code\sql\_DailyScript\currenttime.sql
+---------------------+
| currenttime         |
+---------------------+
| 2021-09-14 09:24:54 |
+---------------------+
1 row in set (0.00 sec)

mysql> 
mysql> mysql \. C:\workspace\cloud\code\sql\_DailyScript\DAILY-SCRIPT-CREATE-LOAD.sql
Database changed
Database changed
Query OK, 0 rows affected (0.04 sec)

Query OK, 0 rows affected (0.01 sec)

Database changed
Query OK, 68565 rows affected (3.77 sec)
Records: 68565  Deleted: 0  Skipped: 0  Warnings: 0

Query OK, 0 rows affected (0.14 sec)
Records: 0  Duplicates: 0  Warnings: 0

Query OK, 0 rows affected (0.23 sec)
Records: 0  Duplicates: 0  Warnings: 0

Query OK, 0 rows affected (0.24 sec)
Records: 0  Duplicates: 0  Warnings: 0

Query OK, 0 rows affected (0.22 sec)
Records: 0  Duplicates: 0  Warnings: 0

+---------+
| clients |
+---------+
|   68565 |
+---------+
1 row in set (0.02 sec)

Query OK, 0 rows affected (0.03 sec)

Query OK, 16411 rows affected (7.06 sec)
Records: 16411  Duplicates: 0  Warnings: 0

Query OK, 0 rows affected (0.06 sec)
Records: 0  Duplicates: 0  Warnings: 0

+-------------------+
| rcb_clientparcels |
+-------------------+
|             16411 |
+-------------------+
1 row in set (0.01 sec)

Query OK, 0 rows affected (0.01 sec)

Query OK, 85244 rows affected (3.01 sec)
Records: 85244  Duplicates: 0  Warnings: 0

Query OK, 0 rows affected (0.27 sec)
Records: 0  Duplicates: 0  Warnings: 0

Query OK, 0 rows affected (0.01 sec)

Query OK, 68565 rows affected (1 min 13.96 sec)
Records: 68565  Duplicates: 0  Warnings: 0

Query OK, 0 rows affected (0.20 sec)
Records: 0  Duplicates: 0  Warnings: 0

Query OK, 0 rows affected (0.22 sec)
Records: 0  Duplicates: 0  Warnings: 0

Query OK, 0 rows affected (0.15 sec)
Records: 0  Duplicates: 0  Warnings: 0

+---------------+
| clientaddress |
+---------------+
|         68565 |
+---------------+
1 row in set (0.02 sec)

Database changed
Query OK, 0 rows affected (0.04 sec)

Query OK, 0 rows affected (0.01 sec)

Database changed
Query OK, 559316 rows affected, 65535 warnings (16.93 sec)
Records: 559316  Deleted: 0  Skipped: 0  Warnings: 236705

Query OK, 0 rows affected (1.20 sec)
Records: 0  Duplicates: 0  Warnings: 0

Query OK, 0 rows affected (2.25 sec)
Records: 0  Duplicates: 0  Warnings: 0

Query OK, 0 rows affected (1.15 sec)
Records: 0  Duplicates: 0  Warnings: 0

Query OK, 0 rows affected (0.04 sec)

Query OK, 559316 rows affected (39.37 sec)
Records: 559316  Duplicates: 0  Warnings: 0

Query OK, 0 rows affected (1.79 sec)
Records: 0  Duplicates: 0  Warnings: 0

Query OK, 0 rows affected (1.39 sec)
Records: 0  Duplicates: 0  Warnings: 0

+-----------+
| contracts |
+-----------+
|    559316 |
+-----------+
1 row in set (0.14 sec)

+-----------------+
| contractaddress |
+-----------------+
|          559316 |
+-----------------+
1 row in set (0.14 sec)

Database changed
Query OK, 0 rows affected (0.01 sec)

Query OK, 0 rows affected (0.01 sec)

Query OK, 8126 rows affected (0.38 sec)
Records: 8126  Deleted: 0  Skipped: 0  Warnings: 0

Query OK, 0 rows affected (0.01 sec)

Query OK, 8093 rows affected (0.16 sec)
Records: 8093  Duplicates: 0  Warnings: 0

Query OK, 0 rows affected (0.05 sec)
Records: 0  Duplicates: 0  Warnings: 0

Query OK, 0 rows affected (0.03 sec)
Records: 0  Duplicates: 0  Warnings: 0

Query OK, 0 rows affected (0.03 sec)
Records: 0  Duplicates: 0  Warnings: 0

Query OK, 0 rows affected (0.01 sec)

Query OK, 6082 rows affected (0.05 sec)
Records: 6082  Duplicates: 0  Warnings: 0

Query OK, 0 rows affected (0.04 sec)
Records: 0  Duplicates: 0  Warnings: 0

+-------------------+
| contractdiscounts |
+-------------------+
|              8126 |
+-------------------+
1 row in set (0.00 sec)

+-------------------------+
| clientcontractdiscounts |
+-------------------------+
|                    8093 |
+-------------------------+
1 row in set (0.00 sec)

+----------------------------+
| clientcontractlastdiscount |
+----------------------------+
|                       6082 |
+----------------------------+
1 row in set (0.00 sec)

Database changed
Query OK, 0 rows affected (0.02 sec)

Query OK, 0 rows affected (0.01 sec)

Database changed
Query OK, 149982 rows affected, 20 warnings (2.82 sec)
Records: 149982  Deleted: 0  Skipped: 0  Warnings: 20

Query OK, 0 rows affected (0.25 sec)
Records: 0  Duplicates: 0  Warnings: 0

Query OK, 0 rows affected (0.28 sec)
Records: 0  Duplicates: 0  Warnings: 0

Query OK, 0 rows affected (0.30 sec)
Records: 0  Duplicates: 0  Warnings: 0

Query OK, 0 rows affected (0.28 sec)
Records: 0  Duplicates: 0  Warnings: 0

Query OK, 0 rows affected (0.36 sec)
Records: 0  Duplicates: 0  Warnings: 0

Query OK, 0 rows affected (0.51 sec)
Records: 0  Duplicates: 0  Warnings: 0

Query OK, 0 rows affected (0.08 sec)

Query OK, 1900108 rows affected (1 min 30.86 sec)
Records: 1900108  Duplicates: 0  Warnings: 0

Query OK, 0 rows affected (7.52 sec)
Records: 0  Duplicates: 0  Warnings: 0

+---------+
| devices |
+---------+
|  149982 |
+---------+
1 row in set (0.05 sec)

+-----------------------+
| clientcontractdevices |
+-----------------------+
|               1900108 |
+-----------------------+
1 row in set (0.68 sec)

Query OK, 0 rows affected (0.01 sec)

Query OK, 149690 rows affected (6.10 sec)
Records: 149690  Duplicates: 0  Warnings: 0

+---------------------------+
| rep_clientcontractdevices |
+---------------------------+
|                    149690 |
+---------------------------+
1 row in set (0.04 sec)

Database changed
Query OK, 0 rows affected (0.01 sec)

Query OK, 0 rows affected (0.01 sec)

Query OK, 337781 rows affected (8.37 sec)
Records: 337781  Deleted: 0  Skipped: 0  Warnings: 0

Query OK, 0 rows affected (0.75 sec)
Records: 0  Duplicates: 0  Warnings: 0

Query OK, 0 rows affected (0.67 sec)
Records: 0  Duplicates: 0  Warnings: 0

Query OK, 0 rows affected (0.64 sec)
Records: 0  Duplicates: 0  Warnings: 0

Query OK, 0 rows affected (0.61 sec)
Records: 0  Duplicates: 0  Warnings: 0

+---------+
| tickets |
+---------+
|  337781 |
+---------+
1 row in set (0.09 sec)

Database changed
Query OK, 0 rows affected (0.01 sec)

Query OK, 0 rows affected (0.01 sec)

Empty set (0.00 sec)

Query OK, 0 rows affected (0.02 sec)
Records: 0  Duplicates: 0  Warnings: 0

Query OK, 388 rows affected, 2 warnings (0.03 sec)
Records: 388  Deleted: 0  Skipped: 0  Warnings: 2

+-----------------+
| tickettechusers |
+-----------------+
|             388 |
+-----------------+
1 row in set (0.00 sec)

Database changed
Query OK, 0 rows affected (0.02 sec)

Query OK, 0 rows affected (0.01 sec)

Query OK, 0 rows affected (0.02 sec)
Records: 0  Duplicates: 0  Warnings: 0

Query OK, 758073 rows affected, 52011 warnings (12.60 sec)
Records: 758073  Deleted: 0  Skipped: 0  Warnings: 52011

+-------------------+
| ticketassignments |
+-------------------+
|            758073 |
+-------------------+
1 row in set (0.19 sec)

Database changed
Query OK, 0 rows affected (0.03 sec)

Query OK, 0 rows affected (0.01 sec)

Query OK, 1510013 rows affected (17.56 sec)
Records: 1510013  Deleted: 0  Skipped: 0  Warnings: 0

Query OK, 0 rows affected (2.75 sec)
Records: 0  Duplicates: 0  Warnings: 0

Query OK, 0 rows affected (2.67 sec)
Records: 0  Duplicates: 0  Warnings: 0

Query OK, 0 rows affected (2.31 sec)
Records: 0  Duplicates: 0  Warnings: 0

Query OK, 0 rows affected (2.88 sec)
Records: 0  Duplicates: 0  Warnings: 0

+----------------+
| ticketcomments |
+----------------+
|        1510013 |
+----------------+
1 row in set (0.37 sec)

Database changed
Query OK, 0 rows affected (0.01 sec)

Query OK, 0 rows affected (0.01 sec)

Query OK, 492567 rows affected (34.87 sec)
Records: 492567  Deleted: 0  Skipped: 0  Warnings: 0

Query OK, 0 rows affected (2.35 sec)
Records: 0  Duplicates: 0  Warnings: 0

+----------+
| comments |
+----------+
|   492567 |
+----------+
1 row in set (0.13 sec)

Database changed
Query OK, 0 rows affected (0.08 sec)

Query OK, 0 rows affected (0.01 sec)

Query OK, 1878864 rows affected, 65535 warnings (1 min 24.24 sec)
Records: 1878864  Deleted: 0  Skipped: 0  Warnings: 1878951

Query OK, 0 rows affected (3.36 sec)
Records: 0  Duplicates: 0  Warnings: 0

Query OK, 0 rows affected (3.73 sec)
Records: 0  Duplicates: 0  Warnings: 0

Query OK, 0 rows affected (3.83 sec)
Records: 0  Duplicates: 0  Warnings: 0

Query OK, 0 rows affected (3.82 sec)
Records: 0  Duplicates: 0  Warnings: 0

Query OK, 0 rows affected (5.61 sec)
Records: 0  Duplicates: 0  Warnings: 0

+------------+
| devicesold |
+------------+
|    1878864 |
+------------+
1 row in set (0.46 sec)

Database changed
Query OK, 0 rows affected (0.01 sec)

Query OK, 0 rows affected (0.01 sec)

Query OK, 1893425 rows affected, 1 warning (24.48 sec)
Records: 1893425  Deleted: 0  Skipped: 0  Warnings: 1

Query OK, 0 rows affected (3.38 sec)
Records: 0  Duplicates: 0  Warnings: 0

Query OK, 0 rows affected (3.74 sec)
Records: 0  Duplicates: 0  Warnings: 0

Query OK, 0 rows affected (3.69 sec)
Records: 0  Duplicates: 0  Warnings: 0

+------------------+
| contractservices |
+------------------+
|          1893425 |
+------------------+
1 row in set (0.45 sec)

Database changed
Query OK, 0 rows affected (0.06 sec)

Query OK, 0 rows affected (0.01 sec)

Query OK, 4813991 rows affected (2 min 3.46 sec)
Records: 4813991  Deleted: 0  Skipped: 0  Warnings: 0

Query OK, 0 rows affected (19.22 sec)
Records: 0  Duplicates: 0  Warnings: 0

Query OK, 0 rows affected (18.60 sec)
Records: 0  Duplicates: 0  Warnings: 0

Query OK, 0 rows affected (12.43 sec)
Records: 0  Duplicates: 0  Warnings: 0

Query OK, 0 rows affected (13.02 sec)
Records: 0  Duplicates: 0  Warnings: 0

Query OK, 0 rows affected (11.26 sec)
Records: 0  Duplicates: 0  Warnings: 0

+------------------+
| invoicescontents |
+------------------+
|          4813991 |
+------------------+
1 row in set (1.28 sec)

Database changed
Query OK, 0 rows affected (0.09 sec)

Query OK, 0 rows affected (0.01 sec)

Query OK, 3424979 rows affected (3 min 14.56 sec)
Records: 3424979  Deleted: 0  Skipped: 0  Warnings: 0

Query OK, 0 rows affected (20.87 sec)
Records: 0  Duplicates: 0  Warnings: 0

Query OK, 0 rows affected (16.00 sec)
Records: 0  Duplicates: 0  Warnings: 0

Query OK, 0 rows affected (10.76 sec)
Records: 0  Duplicates: 0  Warnings: 0

Query OK, 0 rows affected (14.89 sec)
Records: 0  Duplicates: 0  Warnings: 0

Query OK, 0 rows affected (11.69 sec)
Records: 0  Duplicates: 0  Warnings: 0

Query OK, 0 rows affected (12.21 sec)
Records: 0  Duplicates: 0  Warnings: 0

+----------------+
| invoicesheader |
+----------------+
|        3424979 |
+----------------+
1 row in set (0.89 sec)

Database changed
Query OK, 0 rows affected (0.05 sec)

Query OK, 0 rows affected (0.01 sec)

Query OK, 3380438 rows affected (1 min 25.98 sec)
Records: 3380438  Deleted: 0  Skipped: 0  Warnings: 0

Query OK, 0 rows affected (14.82 sec)
Records: 0  Duplicates: 0  Warnings: 0

Query OK, 0 rows affected (8.82 sec)
Records: 0  Duplicates: 0  Warnings: 0

Query OK, 0 rows affected (8.38 sec)
Records: 0  Duplicates: 0  Warnings: 0

Query OK, 0 rows affected (8.40 sec)
Records: 0  Duplicates: 0  Warnings: 0

Query OK, 0 rows affected (9.16 sec)
Records: 0  Duplicates: 0  Warnings: 0

+---------+
| casa    |
+---------+
| 3380438 |
+---------+
1 row in set (0.89 sec)

Query OK, 0 rows affected (0.00 sec)

Query OK, 1631 rows affected (5.79 sec)
Rows matched: 1631  Changed: 1631  Warnings: 0

Query OK, 0 rows affected (0.01 sec)

Query OK, 16802 rows affected (1 min 23.81 sec)
Records: 16802  Duplicates: 0  Warnings: 0

+--------------------+
| rep_paycol_channel |
+--------------------+
|              16802 |
+--------------------+
1 row in set (0.01 sec)

Query OK, 0 rows affected (0.01 sec)

Query OK, 13050 rows affected (1 min 43.29 sec)
Records: 13050  Duplicates: 0  Warnings: 0

+----------------+
| rep_paycol_pos |
+----------------+
|          13050 |
+----------------+
1 row in set (0.01 sec)

Database changed
Query OK, 0 rows affected (0.01 sec)

Query OK, 0 rows affected (0.01 sec)

Database changed
Query OK, 40776 rows affected (0.85 sec)
Records: 40776  Deleted: 0  Skipped: 0  Warnings: 0

+-------+
| users |
+-------+
| 40776 |
+-------+
1 row in set (0.02 sec)

Query OK, 0 rows affected (0.09 sec)
Records: 0  Duplicates: 0  Warnings: 0

Database changed
Query OK, 0 rows affected (0.04 sec)

Query OK, 0 rows affected (0.01 sec)

Query OK, 1872898 rows affected, 2 warnings (29.76 sec)
Records: 1872898  Deleted: 0  Skipped: 0  Warnings: 2

Query OK, 0 rows affected (3.38 sec)
Records: 0  Duplicates: 0  Warnings: 0

Query OK, 0 rows affected (3.65 sec)
Records: 0  Duplicates: 0  Warnings: 0

Query OK, 0 rows affected (3.68 sec)
Records: 0  Duplicates: 0  Warnings: 0

Query OK, 0 rows affected (3.33 sec)
Records: 0  Duplicates: 0  Warnings: 0

Query OK, 0 rows affected (3.25 sec)
Records: 0  Duplicates: 0  Warnings: 0

+-------------+
| useractions |
+-------------+
|     1872898 |
+-------------+
1 row in set (0.48 sec)

Database changed
Query OK, 0 rows affected (0.10 sec)

Query OK, 0 rows affected (0.02 sec)

Database changed
Query OK, 31438860 rows affected (5 min 40.63 sec)
Records: 31438860  Deleted: 0  Skipped: 0  Warnings: 0

Query OK, 0 rows affected (1 min 19.99 sec)
Records: 0  Duplicates: 0  Warnings: 0

Query OK, 0 rows affected (1 min 19.13 sec)
Records: 0  Duplicates: 0  Warnings: 0

Query OK, 0 rows affected (1 min 17.23 sec)
Records: 0  Duplicates: 0  Warnings: 0

Query OK, 0 rows affected (1 min 11.42 sec)
Records: 0  Duplicates: 0  Warnings: 0

Query OK, 0 rows affected (1 min 29.82 sec)
Records: 0  Duplicates: 0  Warnings: 0

+----------+
| ipusage1 |
+----------+
| 31438860 |
+----------+
1 row in set (11.49 sec)

Query OK, 0 rows affected (0.02 sec)

Query OK, 1893277 rows affected (22.37 sec)
Records: 1893277  Duplicates: 0  Warnings: 0

Query OK, 0 rows affected (12.35 sec)
Records: 0  Duplicates: 0  Warnings: 0

Query OK, 0 rows affected (3.37 sec)
Records: 0  Duplicates: 0  Warnings: 0

Query OK, 0 rows affected (5.11 sec)
Records: 0  Duplicates: 0  Warnings: 0

+------------------------------+
| contractsservicepackageprice |
+------------------------------+
|                      1893277 |
+------------------------------+
1 row in set (0.46 sec)

Query OK, 0 rows affected (0.04 sec)

Query OK, 1893639 rows affected (2 min 2.94 sec)
Records: 1893639  Duplicates: 0  Warnings: 0

Query OK, 0 rows affected (11.45 sec)
Records: 0  Duplicates: 0  Warnings: 0

Query OK, 0 rows affected (9.59 sec)
Records: 0  Duplicates: 0  Warnings: 0

Query OK, 0 rows affected (4.33 sec)
Records: 0  Duplicates: 0  Warnings: 0

Query OK, 0 rows affected (7.48 sec)
Records: 0  Duplicates: 0  Warnings: 0

+------------------------------------+
| clientcontractsservicepackageprice |
+------------------------------------+
|                            1893639 |
+------------------------------------+
1 row in set (0.49 sec)

mysql> mysql \. C:\workspace\cloud\code\sql\_DailyScript\currenttime.sql
+---------------------+
| currenttime         |
+---------------------+
| 2021-09-14 10:03:20 |
+---------------------+
1 row in set (0.00 sec)

mysql> 
mysql> mysql \. C:\workspace\cloud\code\sql\_DailyScript\ticket_analysis.sql
Database changed
Query OK, 0 rows affected (0.04 sec)

Query OK, 870970 rows affected (22.70 sec)
Records: 870970  Duplicates: 0  Warnings: 0

Query OK, 0 rows affected (3.15 sec)
Records: 0  Duplicates: 0  Warnings: 0

Query OK, 0 rows affected (1.68 sec)
Records: 0  Duplicates: 0  Warnings: 0

Query OK, 0 rows affected (1.54 sec)
Records: 0  Duplicates: 0  Warnings: 0

Query OK, 0 rows affected (0.01 sec)

Query OK, 27314 rows affected (13.25 sec)
Records: 27314  Duplicates: 0  Warnings: 0

Query OK, 0 rows affected, 1 warning (0.00 sec)

Query OK, 127036 rows affected (8.11 sec)
Records: 127036  Duplicates: 0  Warnings: 0

Query OK, 0 rows affected, 1 warning (0.00 sec)

Query OK, 642787 rows affected (15.36 sec)
Records: 642787  Duplicates: 0  Warnings: 0

Query OK, 0 rows affected, 1 warning (0.00 sec)

Query OK, 642787 rows affected (15.56 sec)
Records: 642787  Duplicates: 0  Warnings: 0

Query OK, 0 rows affected (0.02 sec)

Query OK, 127162 rows affected (4.69 sec)
Records: 127162  Duplicates: 0  Warnings: 0

Database changed
Query OK, 0 rows affected (0.00 sec)

Query OK, 0 rows affected (0.02 sec)

Query OK, 870970 rows affected (27.87 sec)
Records: 870970  Duplicates: 0  Warnings: 0

Query OK, 0 rows affected (0.02 sec)

Query OK, 450622 rows affected (15.25 sec)
Records: 450622  Duplicates: 0  Warnings: 0

+--------------------------+
| clientticket_cmmtjourney |
+--------------------------+
|                   870970 |
+--------------------------+
1 row in set (1.46 sec)

+---------------------------+
| clientticket_assgnjourney |
+---------------------------+
|                    450622 |
+---------------------------+
1 row in set (3.68 sec)

Query OK, 0 rows affected (0.01 sec)

Query OK, 80 rows affected (0.11 sec)
Records: 80  Duplicates: 0  Warnings: 0

mysql> mysql \. C:\workspace\cloud\code\sql\_DailyScript\currenttime.sql
+---------------------+
| currenttime         |
+---------------------+
| 2021-09-14 10:05:34 |
+---------------------+
1 row in set (0.00 sec)

mysql> 
mysql> mysql \. C:\workspace\cloud\code\sql\_DailyScript\load_DailyCalls.sql
Database changed
Query OK, 473 rows affected (0.19 sec)
Records: 473  Deleted: 0  Skipped: 0  Warnings: 0

Query OK, 0 rows affected, 1 warning (0.00 sec)

Query OK, 471 rows affected (0.03 sec)
Records: 471  Duplicates: 0  Warnings: 0

Query OK, 0 rows affected, 1 warning (0.00 sec)

Query OK, 70385 rows affected (0.29 sec)
Records: 70385  Duplicates: 0  Warnings: 0

+----------------------+
| callingclientsbefore |
+----------------------+
|              1269699 |
+----------------------+
1 row in set (0.50 sec)

Query OK, 660 rows affected (9.64 sec)
Records: 660  Duplicates: 0  Warnings: 0

+---------------------+
| callingclientsafter |
+---------------------+
|             1270359 |
+---------------------+
1 row in set (0.32 sec)

Query OK, 0 rows affected (0.01 sec)

Query OK, 349 rows affected (4.10 sec)
Records: 349  Duplicates: 0  Warnings: 0

Query OK, 0 rows affected (0.00 sec)

Query OK, 24721 rows affected (3.84 sec)
Records: 24721  Duplicates: 0  Warnings: 0

+-----------+
| callstats |
+-----------+
|     24721 |
+-----------+
1 row in set (0.01 sec)

Query OK, 0 rows affected, 1 warning (0.00 sec)

Query OK, 660 rows affected (2.76 sec)
Records: 660  Duplicates: 0  Warnings: 0

+------------------------+
| rep_cccallreportbefore |
+------------------------+
|                1271350 |
+------------------------+
1 row in set (0.32 sec)

Query OK, 660 rows affected (0.17 sec)
Records: 660  Duplicates: 0  Warnings: 0

+-----------------------+
| rep_cccallreportafter |
+-----------------------+
|               1272010 |
+-----------------------+
1 row in set (0.31 sec)

Query OK, 0 rows affected (0.00 sec)

mysql> mysql \. C:\workspace\cloud\code\sql\_DailyScript\currenttime.sql
+---------------------+
| currenttime         |
+---------------------+
| 2021-09-14 10:05:57 |
+---------------------+
1 row in set (0.00 sec)

mysql> 
mysql> mysql \. C:\workspace\cloud\code\sql\_DailyScript\DAILY-SCRIPT-USAGE.sql
Database changed
Query OK, 0 rows affected (0.00 sec)

Query OK, 4001 rows affected, 11598 warnings (0.79 sec)
Records: 4001  Deleted: 0  Skipped: 0  Warnings: 11598

Query OK, 0 rows affected (0.00 sec)

Query OK, 6574 rows affected, 18997 warnings (0.96 sec)
Records: 6574  Deleted: 0  Skipped: 0  Warnings: 18997

Query OK, 0 rows affected (0.00 sec)

Query OK, 288 rows affected, 1027 warnings (0.04 sec)
Records: 288  Deleted: 0  Skipped: 0  Warnings: 1027

Query OK, 0 rows affected (0.00 sec)

Query OK, 158 rows affected, 550 warnings (0.05 sec)
Records: 158  Deleted: 0  Skipped: 0  Warnings: 550

+------------+
| dailyusage |
+------------+
|   18901224 |
+------------+
1 row in set (6.95 sec)

+------------+------------+------------+---------+
| datestart  | dateend    | insertedon | records |
+------------+------------+------------+---------+
| 2021-09-13 | 2021-09-13 | 2021-09-14 |   11021 |
| 2021-09-12 | 2021-09-12 | 2021-09-13 |   11054 |
| 2021-09-11 | 2021-09-11 | 2021-09-13 |   11066 |
| 2021-09-10 | 2021-09-10 | 2021-09-13 |   10959 |
| 2021-09-09 | 2021-09-09 | 2021-09-10 |   10591 |
+------------+------------+------------+---------+
5 rows in set (38.16 sec)

+----------+------------+------------+------------+---------+
| category | datestart  | dateend    | insertedon | records |
+----------+------------+------------+------------+---------+
| UNCAPPED | 2021-09-13 | 2021-09-13 | 2021-09-14 |    6574 |
| PREPAID  | 2021-09-13 | 2021-09-13 | 2021-09-14 |     288 |
| HOTSPOT  | 2021-09-13 | 2021-09-13 | 2021-09-14 |     158 |
| CAPPED   | 2021-09-13 | 2021-09-13 | 2021-09-14 |    4001 |
| UNCAPPED | 2021-09-12 | 2021-09-12 | 2021-09-13 |    6606 |
| PREPAID  | 2021-09-12 | 2021-09-12 | 2021-09-13 |     267 |
| HOTSPOT  | 2021-09-12 | 2021-09-12 | 2021-09-13 |     163 |
| CAPPED   | 2021-09-12 | 2021-09-12 | 2021-09-13 |    4018 |
| UNCAPPED | 2021-09-11 | 2021-09-11 | 2021-09-13 |    6594 |
| PREPAID  | 2021-09-11 | 2021-09-11 | 2021-09-13 |     259 |
| HOTSPOT  | 2021-09-11 | 2021-09-11 | 2021-09-13 |     157 |
| CAPPED   | 2021-09-11 | 2021-09-11 | 2021-09-13 |    4056 |
| UNCAPPED | 2021-09-10 | 2021-09-10 | 2021-09-13 |    6517 |
| PREPAID  | 2021-09-10 | 2021-09-10 | 2021-09-13 |     240 |
| HOTSPOT  | 2021-09-10 | 2021-09-10 | 2021-09-13 |     177 |
| CAPPED   | 2021-09-10 | 2021-09-10 | 2021-09-13 |    4025 |
| UNCAPPED | 2021-09-09 | 2021-09-09 | 2021-09-10 |    6172 |
| PREPAID  | 2021-09-09 | 2021-09-09 | 2021-09-10 |     254 |
| HOTSPOT  | 2021-09-09 | 2021-09-09 | 2021-09-10 |     134 |
| CAPPED   | 2021-09-09 | 2021-09-09 | 2021-09-10 |    4031 |
+----------+------------+------------+------------+---------+
20 rows in set (25.81 sec)

mysql> mysql \. C:\workspace\cloud\code\sql\_DailyScript\currenttime.sql
+---------------------+
| currenttime         |
+---------------------+
| 2021-09-14 10:07:10 |
+---------------------+
1 row in set (0.00 sec)

mysql> 
mysql> mysql \. C:\workspace\cloud\code\sql\_DailyScript\DAILY-SCRIPT-SALES-TELEMETRY.sql
Database changed
Query OK, 124 rows affected, 63 warnings (0.04 sec)
Records: 124  Deleted: 0  Skipped: 0  Warnings: 63

+------------+
| dailysales |
+------------+
|     246596 |
+------------+
1 row in set (0.26 sec)

Query OK, 0 rows affected (0.01 sec)

Query OK, 246596 rows affected (15.51 sec)
Records: 246596  Duplicates: 0  Warnings: 0

+--------+
| sales  |
+--------+
| 246596 |
+--------+
1 row in set (0.10 sec)

Query OK, 0 rows affected (0.01 sec)

Query OK, 4095 rows affected (0.38 sec)
Records: 4095  Duplicates: 0  Warnings: 0

+----------------+
| rep_dailysales |
+----------------+
|           4095 |
+----------------+
1 row in set (0.00 sec)

Query OK, 0 rows affected (0.01 sec)

Query OK, 4095 rows affected (0.59 sec)
Records: 4095  Duplicates: 0  Warnings: 0

+-------------------+
| rep_dailysalesreg |
+-------------------+
|              4095 |
+-------------------+
1 row in set (0.00 sec)

Query OK, 0 rows affected (0.01 sec)

Query OK, 2980 rows affected (0.71 sec)
Records: 2980  Duplicates: 0  Warnings: 0

+-----------+
| saleslist |
+-----------+
|      2980 |
+-----------+
1 row in set (0.00 sec)

Database changed
ERROR 2 (HY000): File 'C:\ProgramData\MySQL\MySQL Server 5.7\Uploads\_csv\PrepaidCardSales-13092021-P1.csv' not found (Errcode: 2 - No such file or directory)
+------------------+
| dailysinglesales |
+------------------+
|             6591 |
+------------------+
1 row in set (0.01 sec)

Database changed
Query OK, 15 rows affected (0.04 sec)
Records: 15  Deleted: 0  Skipped: 0  Warnings: 0

+-----------------+
| dailyaddonsales |
+-----------------+
|           25045 |
+-----------------+
1 row in set (0.04 sec)

Query OK, 221 rows affected (0.10 sec)
Records: 221  Deleted: 0  Skipped: 0  Warnings: 0

+----------------+
| onlinepayments |
+----------------+
|         222150 |
+----------------+
1 row in set (0.15 sec)

+-------------+----------------+---------------------+
| paymentdate | onlinepayments | onlinepaymentamount |
+-------------+----------------+---------------------+
| 2021-09-13  |            221 |        146019.95000 |
| 2021-09-12  |            165 |         87923.93000 |
| 2021-09-11  |            193 |        115830.22000 |
| 2021-09-10  |            241 |        158752.98000 |
| 2021-09-09  |            225 |        139432.86000 |
+-------------+----------------+---------------------+
5 rows in set (0.65 sec)

+-------------+--------------+----------------+---------------------+
| paymentyear | paymentmonth | onlinepayments | onlinepaymentamount |
+-------------+--------------+----------------+---------------------+
|        2021 |            9 |           3443 |       2189670.66000 |
|        2021 |            8 |           8864 |       5714008.87000 |
|        2021 |            7 |           8972 |       5795292.15000 |
|        2021 |            6 |           8773 |       5686976.03000 |
|        2021 |            5 |           9358 |       5959322.66000 |
+-------------+--------------+----------------+---------------------+
5 rows in set (0.19 sec)

mysql> mysql \. C:\workspace\cloud\code\sql\_DailyScript\currenttime.sql
+---------------------+
| currenttime         |
+---------------------+
| 2021-09-14 10:07:29 |
+---------------------+
1 row in set (0.00 sec)

mysql> 
mysql> mysql \. C:\workspace\cloud\code\sql\_DailyScript\DAILY-SCRIPT-ACTIVENUMBERS.sql
Database changed
Query OK, 1104 rows affected (0.47 sec)
Records: 1104  Deleted: 0  Skipped: 0  Warnings: 0

+------------+----------+
| period     | count(1) |
+------------+----------+
| 2021-09-13 |     1104 |
| 2021-09-12 |     1106 |
| 2021-09-11 |     1106 |
| 2021-09-10 |     1106 |
| 2021-09-09 |     1110 |
+------------+----------+
5 rows in set (0.01 sec)

Query OK, 0 rows affected (0.01 sec)

Query OK, 75 rows affected (1.29 sec)
Records: 75  Duplicates: 0  Warnings: 0

+-------------+
| packagelist |
+-------------+
|          75 |
+-------------+
1 row in set (0.00 sec)

Database changed
Query OK, 0 rows affected (0.00 sec)

Query OK, 0 rows affected (0.00 sec)

Query OK, 0 rows affected (0.00 sec)

Query OK, 0 rows affected (0.00 sec)

Query OK, 28781 rows affected, 207 warnings (17.61 sec)
Records: 28781  Deleted: 0  Skipped: 0  Warnings: 207

+------------+----------+
| period     | count(1) |
+------------+----------+
| 2021-09-13 |    28781 |
| 2021-09-12 |    28782 |
| 2021-09-11 |    28884 |
| 2021-09-10 |    28897 |
| 2021-09-09 |    28873 |
+------------+----------+
5 rows in set (0.19 sec)

Query OK, 0 rows affected (0.02 sec)

Query OK, 28219 rows affected (52.29 sec)
Records: 28219  Duplicates: 0  Warnings: 0

Query OK, 0 rows affected (0.11 sec)
Records: 0  Duplicates: 0  Warnings: 0

Query OK, 0 rows affected (0.10 sec)
Records: 0  Duplicates: 0  Warnings: 0

Query OK, 0 rows affected (0.10 sec)
Records: 0  Duplicates: 0  Warnings: 0

Query OK, 0 rows affected (0.08 sec)
Records: 0  Duplicates: 0  Warnings: 0

Query OK, 0 rows affected (0.07 sec)
Records: 0  Duplicates: 0  Warnings: 0

Query OK, 0 rows affected (0.07 sec)
Records: 0  Duplicates: 0  Warnings: 0

+-------------+
| countbefore |
+-------------+
|    49270680 |
+-------------+
1 row in set (18.81 sec)

Query OK, 28219 rows affected (5.32 sec)
Records: 28219  Duplicates: 0  Warnings: 0

+------------+
| countafter |
+------------+
|   49298899 |
+------------+
1 row in set (16.02 sec)

+------------+--------------------------+
| period     | customercontractactivity |
+------------+--------------------------+
| 2021-09-13 |                    28219 |
| 2021-09-12 |                    28220 |
| 2021-09-11 |                    28322 |
| 2021-09-10 |                    28335 |
| 2021-09-09 |                    28311 |
+------------+--------------------------+
5 rows in set (0.06 sec)

Query OK, 0 rows affected (0.02 sec)

Query OK, 316611 rows affected, 4 warnings (9 min 2.93 sec)
Records: 316611  Duplicates: 0  Warnings: 4

Query OK, 0 rows affected (0.97 sec)
Records: 0  Duplicates: 0  Warnings: 0

Query OK, 0 rows affected (1.11 sec)
Records: 0  Duplicates: 0  Warnings: 0

Query OK, 0 rows affected (1.11 sec)
Records: 0  Duplicates: 0  Warnings: 0

Query OK, 0 rows affected (0.01 sec)

Query OK, 232 rows affected (0.43 sec)
Records: 232  Duplicates: 0  Warnings: 0

Query OK, 0 rows affected (0.01 sec)

Query OK, 2547 rows affected (0.59 sec)
Records: 2547  Duplicates: 0  Warnings: 0

Query OK, 0 rows affected (0.01 sec)

Query OK, 28196 rows affected (0.53 sec)
Records: 28196  Duplicates: 0  Warnings: 0

Query OK, 0 rows affected (0.01 sec)

Query OK, 17138 rows affected (0.35 sec)
Records: 17138  Duplicates: 0  Warnings: 0

Query OK, 0 rows affected (0.01 sec)

Query OK, 17138 rows affected (0.13 sec)
Records: 17138  Duplicates: 0  Warnings: 0

Query OK, 0 rows affected (0.01 sec)

Query OK, 17138 rows affected (1.10 sec)
Records: 17138  Duplicates: 0  Warnings: 0

Query OK, 0 rows affected (0.02 sec)

Query OK, 17138 rows affected (42.40 sec)
Records: 17138  Duplicates: 0  Warnings: 0

+-------------+
| clientstats |
+-------------+
|       17138 |
+-------------+
1 row in set (0.01 sec)

Query OK, 0 rows affected (0.01 sec)

Query OK, 14 rows affected, 1 warning (0.13 sec)
Records: 14  Duplicates: 0  Warnings: 1

+-----------------------+-------------+-------------+----------------+-----------------+
| services              | activecount | allaccounts | uniqueaccounts | uniquecontracts |
+-----------------------+-------------+-------------+----------------+-----------------+
| All                   |         443 |          72 |             72 |             232 |
| Internet & OTT        |           4 |           2 |              2 |               2 |
| Internet & Voice      |         319 |         140 |            140 |             275 |
| Internet Only         |        4459 |        4361 |           4355 |            4400 |
| OTT Only              |           1 |           1 |              1 |               1 |
| TV & Internet         |        9611 |        4302 |           4296 |            8761 |
| TV & Internet & OTT   |        4321 |        1124 |           1123 |            2337 |
| TV & Internet & Voice |         560 |         161 |            161 |             494 |
| TV & OTT              |         332 |          76 |             74 |              87 |
| TV & Voice            |          75 |          34 |             34 |              69 |
| TV & Voice & OTT      |           3 |           1 |              1 |               2 |
| TV Only               |        8550 |        6740 |           6736 |            6951 |
| Voice Only            |         126 |         124 |            124 |             126 |
| GRAND TOTAL           |       28804 |       17138 |          17057 |           23737 |
+-----------------------+-------------+-------------+----------------+-----------------+
14 rows in set (0.00 sec)

+-------------+-------------+-------------+----------------+-----------------+
| network     | activecount | allaccounts | uniqueaccounts | uniquecontracts |
+-------------+-------------+-------------+----------------+-----------------+
| GPON        |       12660 |        6352 |           6349 |           10004 |
| HFC         |       16144 |       10786 |          10786 |           13733 |
| GRAND TOTAL |       28804 |       17138 |          17057 |           23737 |
+-------------+-------------+-------------+----------------+-----------------+
3 rows in set, 1 warning (0.12 sec)

+-------------+-----------------------+-------------+-------------+----------------+-----------------+
| network     | services              | activecount | allaccounts | uniqueaccounts | uniquecontracts |
+-------------+-----------------------+-------------+-------------+----------------+-----------------+
| GPON        | All                   |         305 |          55 |             55 |             174 |
| GPON        | Internet & Voice      |          87 |          36 |             36 |              76 |
| GPON        | Internet Only         |        1633 |        1550 |           1550 |            1575 |
| GPON        | TV & Internet         |        4979 |        2185 |           2185 |            4477 |
| GPON        | TV & Internet & OTT   |        3151 |         819 |            819 |            1711 |
| GPON        | TV & Internet & Voice |         289 |          79 |             79 |             245 |
| GPON        | TV & OTT              |         145 |          45 |             45 |              47 |
| GPON        | TV & Voice            |          46 |          21 |             21 |              43 |
| GPON        | TV & Voice & OTT      |           3 |           1 |              1 |               2 |
| GPON        | TV Only               |        2008 |        1548 |           1548 |            1640 |
| GPON        | Voice Only            |          14 |          13 |             13 |              14 |
| GPON        | Services Total        |       12660 |        6352 |           6349 |           10004 |
| HFC         | All                   |         138 |          17 |             17 |              58 |
| HFC         | Internet & OTT        |           4 |           2 |              2 |               2 |
| HFC         | Internet & Voice      |         232 |         104 |            104 |             199 |
| HFC         | Internet Only         |        2826 |        2811 |           2811 |            2825 |
| HFC         | OTT Only              |           1 |           1 |              1 |               1 |
| HFC         | TV & Internet         |        4632 |        2117 |           2117 |            4284 |
| HFC         | TV & Internet & OTT   |        1170 |         305 |            305 |             626 |
| HFC         | TV & Internet & Voice |         271 |          82 |             82 |             249 |
| HFC         | TV & OTT              |         187 |          31 |             31 |              40 |
| HFC         | TV & Voice            |          29 |          13 |             13 |              26 |
| HFC         | TV Only               |        6542 |        5192 |           5192 |            5311 |
| HFC         | Voice Only            |         112 |         111 |            111 |             112 |
| HFC         | Services Total        |       16144 |       10786 |          10786 |           13733 |
| GRAND TOTAL | Services Total        |       28804 |       17138 |          17057 |           23737 |
+-------------+-----------------------+-------------+-------------+----------------+-----------------+
26 rows in set, 2 warnings (0.13 sec)

Query OK, 0 rows affected (0.00 sec)

Query OK, 40 rows affected, 3 warnings (0.19 sec)
Records: 40  Duplicates: 0  Warnings: 3

+-------------+---------------+-----------------------+-------------+-------------+----------------+-----------------+
| region      | network       | services              | activecount | allaccounts | uniqueaccounts | uniquecontracts |
+-------------+---------------+-----------------------+-------------+-------------+----------------+-----------------+
| Mahe        | GPON          | All                   |         266 |          48 |             48 |             152 |
| Mahe        | GPON          | Internet & Voice      |          71 |          28 |             28 |              60 |
| Mahe        | GPON          | Internet Only         |        1387 |        1305 |           1305 |            1329 |
| Mahe        | GPON          | TV & Internet         |        4210 |        1843 |           1843 |            3769 |
| Mahe        | GPON          | TV & Internet & OTT   |        2609 |         664 |            664 |            1391 |
| Mahe        | GPON          | TV & Internet & Voice |         280 |          76 |             76 |             236 |
| Mahe        | GPON          | TV & OTT              |         122 |          37 |             37 |              39 |
| Mahe        | GPON          | TV & Voice            |          43 |          20 |             20 |              40 |
| Mahe        | GPON          | TV & Voice & OTT      |           3 |           1 |              1 |               2 |
| Mahe        | GPON          | TV Only               |        1657 |        1273 |           1273 |            1350 |
| Mahe        | GPON          | Voice Only            |          14 |          13 |             13 |              14 |
| Mahe        | GPON          | Services Total        |       10662 |        5308 |           5308 |            8382 |
| Mahe        | HFC           | All                   |         138 |          17 |             17 |              58 |
| Mahe        | HFC           | Internet & OTT        |           4 |           2 |              2 |               2 |
| Mahe        | HFC           | Internet & Voice      |         232 |         104 |            104 |             199 |
| Mahe        | HFC           | Internet Only         |        2826 |        2811 |           2811 |            2825 |
| Mahe        | HFC           | OTT Only              |           1 |           1 |              1 |               1 |
| Mahe        | HFC           | TV & Internet         |        4632 |        2117 |           2117 |            4284 |
| Mahe        | HFC           | TV & Internet & OTT   |        1170 |         305 |            305 |             626 |
| Mahe        | HFC           | TV & Internet & Voice |         271 |          82 |             82 |             249 |
| Mahe        | HFC           | TV & OTT              |         187 |          31 |             31 |              40 |
| Mahe        | HFC           | TV & Voice            |          29 |          13 |             13 |              26 |
| Mahe        | HFC           | TV Only               |        6541 |        5191 |           5191 |            5310 |
| Mahe        | HFC           | Voice Only            |         112 |         111 |            111 |             112 |
| Mahe        | HFC           | Services Total        |       16143 |       10785 |          10785 |           13732 |
| Mahe        | Network Total | Services Total        |       26805 |       16093 |          16015 |           22114 |
| Praslin     | GPON          | All                   |          39 |           7 |              7 |              22 |
| Praslin     | GPON          | Internet & Voice      |          16 |           8 |              8 |              16 |
| Praslin     | GPON          | Internet Only         |         246 |         245 |            245 |             246 |
| Praslin     | GPON          | TV & Internet         |         769 |         342 |            342 |             708 |
| Praslin     | GPON          | TV & Internet & OTT   |         542 |         155 |            155 |             320 |
| Praslin     | GPON          | TV & Internet & Voice |           9 |           3 |              3 |               9 |
| Praslin     | GPON          | TV & OTT              |          23 |           8 |              8 |               8 |
| Praslin     | GPON          | TV & Voice            |           3 |           1 |              1 |               3 |
| Praslin     | GPON          | TV Only               |         351 |         275 |            275 |             290 |
| Praslin     | GPON          | Services Total        |        1998 |        1044 |           1044 |            1622 |
| Praslin     | HFC           | TV Only               |           1 |           1 |              1 |               1 |
| Praslin     | HFC           | Services Total        |           1 |           1 |              1 |               1 |
| Praslin     | Network Total | Services Total        |        1999 |        1045 |           1045 |            1623 |
| GRAND TOTAL | Network Total | Services Total        |       28804 |       17138 |          17057 |           23737 |
+-------------+---------------+-----------------------+-------------+-------------+----------------+-----------------+
40 rows in set (0.00 sec)

Query OK, 0 rows affected (0.01 sec)

Query OK, 28197 rows affected (0.44 sec)
Records: 28197  Duplicates: 0  Warnings: 0

Query OK, 0 rows affected (0.01 sec)

Query OK, 2331 rows affected (1.84 sec)
Records: 2331  Duplicates: 0  Warnings: 0

+--------------------------------------+
| message                              |
+--------------------------------------+
| running rcbill_my.sp_ActiveNumber2() |
+--------------------------------------+
1 row in set (0.00 sec)

Query OK, 365 rows affected (2 min 5.90 sec)

mysql> mysql \. C:\workspace\cloud\code\sql\_DailyScript\currenttime.sql
+---------------------+
| currenttime         |
+---------------------+
| 2021-09-14 10:21:22 |
+---------------------+
1 row in set (0.00 sec)

mysql> 
mysql> mysql \. C:\workspace\cloud\code\sql\_DailyScript\GetActiveNumbers Average -Pivot.sql
Database changed
+-------------------------------------+
| @today := subdate(current_date(),1) |
+-------------------------------------+
| 2021-09-13                          |
+-------------------------------------+
1 row in set (0.00 sec)

+-------------------------------------+
| @lastdayofmonth := last_day(@today) |
+-------------------------------------+
| 2021-09-30                          |
+-------------------------------------+
1 row in set (0.00 sec)

Query OK, 0 rows affected (0.01 sec)

Query OK, 50508 rows affected, 65535 warnings (59.52 sec)
Records: 50508  Duplicates: 0  Warnings: 103520

Query OK, 0 rows affected (0.10 sec)
Records: 0  Duplicates: 0  Warnings: 0

Query OK, 0 rows affected (0.14 sec)
Records: 0  Duplicates: 0  Warnings: 0

Query OK, 0 rows affected (0.11 sec)
Records: 0  Duplicates: 0  Warnings: 0

+-----------------+
| activenumberavg |
+-----------------+
|           50508 |
+-----------------+
1 row in set (0.01 sec)

Query OK, 0 rows affected (0.01 sec)

Query OK, 1986 rows affected (0.54 sec)
Records: 1986  Duplicates: 0  Warnings: 0

+---------------------+
| rep_activenumberavg |
+---------------------+
|                1986 |
+---------------------+
1 row in set (0.00 sec)

+----------------------+
| rep_activenumberavg1 |
+----------------------+
|                  926 |
+----------------------+
1 row in set (0.00 sec)

Query OK, 0 rows affected (0.01 sec)

Query OK, 2668 rows affected (0.45 sec)
Records: 2668  Duplicates: 0  Warnings: 0

Query OK, 0 rows affected (0.00 sec)

Query OK, 13783 rows affected (0.81 sec)
Records: 13783  Duplicates: 0  Warnings: 0

Query OK, 0 rows affected (0.01 sec)

Query OK, 238 rows affected (0.27 sec)
Records: 238  Duplicates: 0  Warnings: 0

Query OK, 0 rows affected (0.00 sec)

Query OK, 0 rows affected (0.01 sec)

Query OK, 0 rows affected (0.01 sec)

Query OK, 0 rows affected (0.00 sec)

Query OK, 0 rows affected (0.00 sec)
Statement prepared

Query OK, 53 rows affected (0.05 sec)
Records: 53  Duplicates: 0  Warnings: 0

Query OK, 0 rows affected (0.00 sec)

Query OK, 0 rows affected (0.00 sec)

+----------------------+
| rep_activenumberavg2 |
+----------------------+
|                 2668 |
+----------------------+
1 row in set (0.00 sec)

+------------------------+
| rep_activenumberavg_pv |
+------------------------+
|                     53 |
+------------------------+
1 row in set (0.00 sec)

Query OK, 0 rows affected (0.01 sec)

Query OK, 2666 rows affected (0.37 sec)
Records: 2666  Duplicates: 0  Warnings: 0

Query OK, 0 rows affected (0.00 sec)

Query OK, 0 rows affected (0.00 sec)

Query OK, 0 rows affected (0.01 sec)

Query OK, 0 rows affected (0.00 sec)

Query OK, 0 rows affected (0.00 sec)
Statement prepared

Query OK, 53 rows affected (0.05 sec)
Records: 53  Duplicates: 0  Warnings: 0

Query OK, 0 rows affected (0.00 sec)

Query OK, 0 rows affected (0.00 sec)

+-------------------------+
| rep_activenumberavgMahe |
+-------------------------+
|                    2666 |
+-------------------------+
1 row in set (0.00 sec)

+----------------------------+
| rep_activenumberavgMahe_pv |
+----------------------------+
|                         53 |
+----------------------------+
1 row in set (0.00 sec)

Query OK, 0 rows affected (0.01 sec)

Query OK, 1686 rows affected (0.17 sec)
Records: 1686  Duplicates: 0  Warnings: 0

Query OK, 0 rows affected (0.00 sec)

Query OK, 0 rows affected (0.00 sec)

Query OK, 0 rows affected (0.01 sec)

Query OK, 0 rows affected (0.00 sec)

Query OK, 0 rows affected (0.00 sec)
Statement prepared

Query OK, 40 rows affected (0.04 sec)
Records: 40  Duplicates: 0  Warnings: 0

Query OK, 0 rows affected (0.00 sec)

Query OK, 0 rows affected (0.00 sec)

+----------------------------+
| rep_activenumberavgPraslin |
+----------------------------+
|                       1686 |
+----------------------------+
1 row in set (0.00 sec)

+-------------------------------+
| rep_activenumberavgPraslin_pv |
+-------------------------------+
|                            40 |
+-------------------------------+
1 row in set (0.00 sec)

mysql> mysql \. C:\workspace\cloud\code\sql\_DailyScript\currenttime.sql
+---------------------+
| currenttime         |
+---------------------+
| 2021-09-14 10:22:25 |
+---------------------+
1 row in set (0.00 sec)

mysql> 
mysql> mysql \. C:\workspace\cloud\code\sql\Analysis\clients_contracts_creditpolicy_2.sql
Database changed
Query OK, 0 rows affected (0.01 sec)

Query OK, 1893639 rows affected (39.94 sec)
Records: 1893639  Duplicates: 0  Warnings: 0

Query OK, 0 rows affected (0.00 sec)

Query OK, 28219 rows affected (0.93 sec)
Records: 28219  Duplicates: 0  Warnings: 0

Query OK, 0 rows affected (0.01 sec)

Query OK, 28282 rows affected (13.07 sec)
Records: 28282  Duplicates: 0  Warnings: 0

+-------------------------+
| rep_cust_cont_creditpol |
+-------------------------+
|                   28282 |
+-------------------------+
1 row in set (0.01 sec)

mysql> mysql \. C:\workspace\cloud\code\sql\_DailyScript\currenttime.sql
+---------------------+
| currenttime         |
+---------------------+
| 2021-09-14 10:23:19 |
+---------------------+
1 row in set (0.00 sec)

mysql> 
mysql> mysql \. C:\workspace\cloud\code\sql\_DailyScript\budget_actual_analysis_2021.sql
Query OK, 0 rows affected (0.01 sec)

Query OK, 910 rows affected, 3 warnings (0.25 sec)
Records: 910  Duplicates: 0  Warnings: 3

+--------------------+
| budget_actual_2021 |
+--------------------+
|                910 |
+--------------------+
1 row in set (0.00 sec)

Query OK, 0 rows affected (0.01 sec)

Query OK, 47 rows affected (0.04 sec)
Records: 47  Duplicates: 0  Warnings: 0

+---------------------------+
| rep_budget_actual_2021_pv |
+---------------------------+
|                        47 |
+---------------------------+
1 row in set (0.00 sec)

mysql> mysql \. C:\workspace\cloud\code\sql\_DailyScript\currenttime.sql
+---------------------+
| currenttime         |
+---------------------+
| 2021-09-14 10:23:19 |
+---------------------+
1 row in set (0.00 sec)

mysql> 
mysql> mysql \. C:\workspace\cloud\code\sql\_DailyScript\reports-sales-addons-prepaid-camera.sql
Database changed
Query OK, 0 rows affected (0.01 sec)

Query OK, 4359 rows affected (0.20 sec)
Records: 4359  Duplicates: 0  Warnings: 0

Query OK, 0 rows affected (0.01 sec)

Query OK, 25089 rows affected (19.57 sec)
Records: 25089  Duplicates: 0  Warnings: 0

+--------------------+
| rep_prepaid_camera |
+--------------------+
|               4359 |
+--------------------+
1 row in set (0.01 sec)

+-----------+
| rep_addon |
+-----------+
|     25089 |
+-----------+
1 row in set (0.01 sec)

mysql> mysql \. C:\workspace\cloud\code\sql\_DailyScript\currenttime.sql
+---------------------+
| currenttime         |
+---------------------+
| 2021-09-14 10:23:39 |
+---------------------+
1 row in set (0.00 sec)

mysql> 
mysql> mysql \. C:\workspace\cloud\code\sql\_DailyScript\RCB_ClientAnalyticsReport_Script.sql
Database changed
Query OK, 0 rows affected (0.00 sec)

Query OK, 0 rows affected (0.04 sec)

Query OK, 2127258 rows affected (1 min 7.49 sec)
Records: 2127258  Duplicates: 0  Warnings: 0

Query OK, 0 rows affected (12.23 sec)
Records: 0  Duplicates: 0  Warnings: 0

Query OK, 0 rows affected (5.26 sec)
Records: 0  Duplicates: 0  Warnings: 0

Query OK, 0 rows affected (8.41 sec)
Records: 0  Duplicates: 0  Warnings: 0

Query OK, 0 rows affected (8.97 sec)
Records: 0  Duplicates: 0  Warnings: 0

Query OK, 0 rows affected (9.57 sec)
Records: 0  Duplicates: 0  Warnings: 0

Query OK, 0 rows affected (8.25 sec)
Records: 0  Duplicates: 0  Warnings: 0

Query OK, 0 rows affected (0.00 sec)

Query OK, 524257 rows affected (12.59 sec)
Rows matched: 2127258  Changed: 524257  Warnings: 0

Query OK, 0 rows affected (0.02 sec)

Query OK, 28941 rows affected (11.52 sec)
Records: 28941  Duplicates: 0  Warnings: 0

+---------------------+
| clientcontractssubs |
+---------------------+
|               28941 |
+---------------------+
1 row in set (0.01 sec)

Query OK, 0 rows affected (0.01 sec)

Query OK, 45535 rows affected (10 min 42.24 sec)
Records: 45535  Duplicates: 0  Warnings: 0

Query OK, 0 rows affected (0.20 sec)
Records: 0  Duplicates: 0  Warnings: 0

Query OK, 0 rows affected (0.16 sec)
Records: 0  Duplicates: 0  Warnings: 0

Query OK, 0 rows affected (0.09 sec)
Records: 0  Duplicates: 0  Warnings: 0

+-----------------------+
| clientcontracthistory |
+-----------------------+
|                 45535 |
+-----------------------+
1 row in set (0.01 sec)

Query OK, 0 rows affected (0.01 sec)

Query OK, 2906879 rows affected (1 min 25.20 sec)
Records: 2906879  Duplicates: 0  Warnings: 0

Query OK, 0 rows affected (0.02 sec)

Query OK, 490567 rows affected (4 min 44.11 sec)
Records: 490567  Duplicates: 0  Warnings: 0

Query OK, 0 rows affected (1.51 sec)
Records: 0  Duplicates: 0  Warnings: 0

Query OK, 0 rows affected (1.01 sec)
Records: 0  Duplicates: 0  Warnings: 0

Query OK, 0 rows affected (1.76 sec)
Records: 0  Duplicates: 0  Warnings: 0

Query OK, 0 rows affected (0.88 sec)
Records: 0  Duplicates: 0  Warnings: 0

+--------------------------+
| clientcontractinvpmt_stg |
+--------------------------+
|                   490567 |
+--------------------------+
1 row in set (0.13 sec)

Query OK, 0 rows affected (0.02 sec)

Query OK, 490567 rows affected (10.74 sec)
Records: 490567  Duplicates: 0  Warnings: 0

Query OK, 0 rows affected (1.60 sec)
Records: 0  Duplicates: 0  Warnings: 0

Query OK, 0 rows affected (0.89 sec)
Records: 0  Duplicates: 0  Warnings: 0

Query OK, 0 rows affected (1.84 sec)
Records: 0  Duplicates: 0  Warnings: 0

Query OK, 0 rows affected (1.00 sec)
Records: 0  Duplicates: 0  Warnings: 0

+----------------------+
| clientcontractinvpmt |
+----------------------+
|               490567 |
+----------------------+
1 row in set (0.12 sec)

Query OK, 0 rows affected (0.01 sec)

Query OK, 45535 rows affected (1 min 24.15 sec)
Records: 45535  Duplicates: 0  Warnings: 0

+--------------+
| clientreport |
+--------------+
|        45535 |
+--------------+
1 row in set (0.02 sec)

Query OK, 0 rows affected (0.01 sec)

Query OK, 45535 rows affected (13.93 sec)
Records: 45535  Duplicates: 0  Warnings: 0

+----------------------+
| clientextendedreport |
+----------------------+
|                45535 |
+----------------------+
1 row in set (0.01 sec)

Query OK, 0 rows affected (0.01 sec)

Query OK, 45535 rows affected (1 min 12.70 sec)
Records: 45535  Duplicates: 0  Warnings: 0

+---------+
| allcust |
+---------+
|   45535 |
+---------+
1 row in set (0.01 sec)

Query OK, 0 rows affected, 1 warning (0.00 sec)

Query OK, 5000 rows affected (0.13 sec)
Records: 5000  Duplicates: 0  Warnings: 0

Query OK, 0 rows affected (0.01 sec)

Query OK, 6812 rows affected (0.28 sec)
Records: 6812  Duplicates: 0  Warnings: 0

Query OK, 0 rows affected, 1 warning (0.00 sec)

Query OK, 5000 rows affected (0.14 sec)
Records: 5000  Duplicates: 0  Warnings: 0

Query OK, 0 rows affected (0.01 sec)

Query OK, 7168 rows affected (0.19 sec)
Records: 7168  Duplicates: 0  Warnings: 0

mysql> mysql \. C:\workspace\cloud\code\sql\_DailyScript\currenttime.sql
+---------------------+
| currenttime         |
+---------------------+
| 2021-09-14 10:46:08 |
+---------------------+
1 row in set (0.00 sec)

mysql> 
mysql> 
mysql> mysql \. C:\workspace\cloud\code\sql\_DailyScript\REVENUE_PER_NODE_MXK.sql
Query OK, 0 rows affected (0.01 sec)

Query OK, 0 rows affected (0.01 sec)

Query OK, 0 rows affected (0.01 sec)

Query OK, 8684 rows affected (2.17 sec)
Records: 8684  Duplicates: 0  Warnings: 0

+----------------------+
| message              |
+----------------------+
| created temp table a |
+----------------------+
1 row in set (0.00 sec)

Query OK, 6786 rows affected (0.91 sec)
Records: 6786  Duplicates: 0  Warnings: 0

+----------------------+
| message              |
+----------------------+
| created temp table b |
+----------------------+
1 row in set (0.00 sec)

Query OK, 0 rows affected, 1 warning (0.00 sec)

Query OK, 8988 rows affected (22.54 sec)
Records: 8988  Duplicates: 0  Warnings: 0

+--------------------------------+
| message                        |
+--------------------------------+
| created rcbill_my.tempcustmxk1 |
+--------------------------------+
1 row in set (0.00 sec)

Query OK, 0 rows affected (0.01 sec)

Query OK, 0 rows affected (0.00 sec)

Query OK, 0 rows affected, 1 warning (0.00 sec)

Query OK, 8684 rows affected (1.90 sec)
Records: 8684  Duplicates: 0  Warnings: 0

+----------------+
| message        |
+----------------+
| created temp a |
+----------------+
1 row in set (0.00 sec)

Query OK, 6786 rows affected (0.79 sec)
Records: 6786  Duplicates: 0  Warnings: 0

+----------------+
| message        |
+----------------+
| created temp b |
+----------------+
1 row in set (0.00 sec)

Query OK, 0 rows affected, 1 warning (0.00 sec)

Query OK, 6916 rows affected (12.01 sec)
Records: 6916  Duplicates: 0  Warnings: 0

+--------------------------------+
| message                        |
+--------------------------------+
| created rcbill_my.tempcustmxk2 |
+--------------------------------+
1 row in set (0.00 sec)

Query OK, 0 rows affected (0.00 sec)

Query OK, 0 rows affected (0.01 sec)

Query OK, 0 rows affected, 1 warning (0.00 sec)

Query OK, 0 rows affected (0.01 sec)

Query OK, 9912 rows affected (0.42 sec)
Records: 9912  Duplicates: 0  Warnings: 0

+---------------------------------+
| message                         |
+---------------------------------+
| created rcbill_my.customers_mxk |
+---------------------------------+
1 row in set (0.00 sec)

Query OK, 0 rows affected (0.01 sec)

Query OK, 0 rows affected (0.01 sec)

Query OK, 14417 rows affected (5.51 sec)
Records: 14417  Duplicates: 0  Warnings: 0

+----------------+
| message        |
+----------------+
| created temp a |
+----------------+
1 row in set (0.00 sec)

Query OK, 17831 rows affected (1.73 sec)
Records: 17831  Duplicates: 0  Warnings: 0

+----------------+
| message        |
+----------------+
| created temp c |
+----------------+
1 row in set (0.00 sec)

Query OK, 0 rows affected, 1 warning (0.00 sec)

Query OK, 14417 rows affected (0.17 sec)
Records: 14417  Duplicates: 0  Warnings: 0

+---------------------------------+
| message                         |
+---------------------------------+
| created rcbill_my.tempcustcmts1 |
+---------------------------------+
1 row in set (0.00 sec)

Query OK, 0 rows affected (0.01 sec)

Query OK, 0 rows affected, 1 warning (0.00 sec)

Query OK, 0 rows affected (0.01 sec)

Query OK, 14417 rows affected (5.62 sec)
Records: 14417  Duplicates: 0  Warnings: 0

+----------------+
| message        |
+----------------+
| created temp a |
+----------------+
1 row in set (0.00 sec)

Query OK, 17831 rows affected (1.57 sec)
Records: 17831  Duplicates: 0  Warnings: 0

+----------------+
| message        |
+----------------+
| created temp c |
+----------------+
1 row in set (0.00 sec)

Query OK, 0 rows affected, 1 warning (0.00 sec)

Query OK, 17831 rows affected (0.17 sec)
Records: 17831  Duplicates: 0  Warnings: 0

+---------------------------------+
| message                         |
+---------------------------------+
| created rcbill_my.tempcustcmts2 |
+---------------------------------+
1 row in set (0.00 sec)

Query OK, 0 rows affected (0.01 sec)

Query OK, 0 rows affected, 1 warning (0.00 sec)

Query OK, 0 rows affected (0.01 sec)

Query OK, 0 rows affected (0.01 sec)

Query OK, 20800 rows affected (0.75 sec)
Records: 20800  Duplicates: 0  Warnings: 0

+----------------------------------+
| message                          |
+----------------------------------+
| created rcbill_my.customers_cmts |
+----------------------------------+
1 row in set (0.00 sec)

Query OK, 0 rows affected (0.01 sec)

Query OK, 0 rows affected (0.00 sec)

Query OK, 0 rows affected (0.01 sec)

Query OK, 25164 rows affected (0.92 sec)
Records: 25164  Duplicates: 0  Warnings: 0

+--------------------------------------+
| message                              |
+--------------------------------------+
| created rcbill_my.customers_cmts_mxk |
+--------------------------------------+
1 row in set (0.00 sec)

Query OK, 519417 rows affected (1 min 0.17 sec)
Records: 519417  Duplicates: 0  Warnings: 0

+----------------+
| message        |
+----------------+
| created temp a |
+----------------+
1 row in set (0.00 sec)

Query OK, 0 rows affected (0.01 sec)

Query OK, 520143 rows affected (9.14 sec)
Records: 520143  Duplicates: 0  Warnings: 0

+------------------------------------------------+
| message                                        |
+------------------------------------------------+
| created rcbill_my.customers_contracts_cmts_mxk |
+------------------------------------------------+
1 row in set (0.00 sec)

Query OK, 0 rows affected (0.03 sec)

Query OK, 0 rows affected, 1 warning (0.00 sec)

Query OK, 0 rows affected, 1 warning (0.00 sec)

Query OK, 0 rows affected (0.00 sec)

Query OK, 3943 rows affected (1.84 sec)
Rows matched: 3943  Changed: 3943  Warnings: 0

+------------------------------------------------+
| message                                        |
+------------------------------------------------+
| updated rcbill_my.customers_contracts_cmts_mxk |
+------------------------------------------------+
1 row in set (0.00 sec)

Query OK, 0 rows affected (0.03 sec)

Query OK, 2219140 rows affected (4 min 1.53 sec)
Records: 2219140  Duplicates: 0  Warnings: 0

+----------------------------------------+
| message                                |
+----------------------------------------+
| created rcbill_my.customers_collection |
+----------------------------------------+
1 row in set (0.00 sec)

Query OK, 0 rows affected (0.04 sec)

Query OK, 2568601 rows affected (1 min 51.70 sec)
Records: 2568601  Duplicates: 0  Warnings: 0

+------------------------------------------------+
| message                                        |
+------------------------------------------------+
| created rcbill_my.customers_cmts_mxk_cont_coll |
+------------------------------------------------+
1 row in set (0.00 sec)

Query OK, 0 rows affected (0.02 sec)

Query OK, 472869 rows affected (2 min 43.15 sec)
Records: 472869  Duplicates: 0  Warnings: 0

+--------------------------------------------------------+
| message                                                |
+--------------------------------------------------------+
| created rcbill_my.customers_contracts_collection_pivot |
+--------------------------------------------------------+
1 row in set (0.00 sec)

Query OK, 0 rows affected (0.01 sec)

Query OK, 41532 rows affected (2 min 50.81 sec)
Records: 41532  Duplicates: 0  Warnings: 0

+----------------------------------------------+
| message                                      |
+----------------------------------------------+
| created rcbill_my.customers_collection_pivot |
+----------------------------------------------+
1 row in set (0.00 sec)

Query OK, 0 rows affected (0.01 sec)

Query OK, 45535 rows affected (1.97 sec)
Records: 45535  Duplicates: 0  Warnings: 0

+--------------------------------------------+
| message                                    |
+--------------------------------------------+
| created rcbill_my.rep_customers_collection |
+--------------------------------------------+
1 row in set (0.00 sec)

Query OK, 0 rows affected (0.00 sec)

Query OK, 0 rows affected, 1 warning (0.00 sec)

Query OK, 481849 rows affected (13.33 sec)
Records: 481849  Duplicates: 0  Warnings: 0

+-------------------------+
| message                 |
+-------------------------+
| created rcbill_my.tempa |
+-------------------------+
1 row in set (0.00 sec)

Query OK, 0 rows affected, 1 warning (0.00 sec)

Query OK, 472869 rows affected (30.32 sec)
Records: 472869  Duplicates: 0  Warnings: 0

+-------------------------+
| message                 |
+-------------------------+
| created rcbill_my.tempb |
+-------------------------+
1 row in set (0.00 sec)

Query OK, 481849 rows affected (31.72 sec)
Records: 481849  Duplicates: 0  Warnings: 0

+-----------+
| message   |
+-----------+
| created a |
+-----------+
1 row in set (0.00 sec)

Query OK, 472869 rows affected (32.41 sec)
Records: 472869  Duplicates: 0  Warnings: 0

+-----------+
| message   |
+-----------+
| created b |
+-----------+
1 row in set (0.00 sec)

Query OK, 0 rows affected (0.05 sec)

Query OK, 0 rows affected (0.04 sec)

Query OK, 0 rows affected (0.02 sec)

Query OK, 518637 rows affected (1 min 0.37 sec)
Records: 518637  Duplicates: 0  Warnings: 0

+----------------------------------------------+
| message                                      |
+----------------------------------------------+
| created rcbill_my.cust_cont_payment_cmts_mxk |
+----------------------------------------------+
1 row in set (0.00 sec)

Query OK, 0 rows affected (0.03 sec)

Query OK, 0 rows affected (0.02 sec)

Query OK, 0 rows affected, 1 warning (0.00 sec)

Query OK, 0 rows affected (0.01 sec)

Query OK, 45535 rows affected (27.18 sec)
Records: 45535  Duplicates: 0  Warnings: 0

+--------------------------------------------------+
| message                                          |
+--------------------------------------------------+
| created rcbill_my.rep_cust_cont_payment_cmts_mxk |
+--------------------------------------------------+
1 row in set (0.00 sec)

Query OK, 0 rows affected, 1 warning (0.00 sec)

Query OK, 0 rows affected, 1 warning (0.00 sec)

Query OK, 0 rows affected (0.01 sec)

Query OK, 45535 rows affected (9.75 sec)
Records: 45535  Duplicates: 0  Warnings: 0

+----------------------+
| rep_custconsolidated |
+----------------------+
|                45535 |
+----------------------+
1 row in set (0.01 sec)

Query OK, 0 rows affected (0.01 sec)

Query OK, 37 rows affected (0.12 sec)
Records: 37  Duplicates: 0  Warnings: 0

+---------------------------------------+
| rep_activecustomerdistribution_level1 |
+---------------------------------------+
|                                    37 |
+---------------------------------------+
1 row in set (0.00 sec)

Query OK, 0 rows affected (0.01 sec)

Query OK, 226 rows affected (0.13 sec)
Records: 226  Duplicates: 0  Warnings: 0

+---------------------------------------+
| rep_activecustomerdistribution_level2 |
+---------------------------------------+
|                                   226 |
+---------------------------------------+
1 row in set (0.00 sec)

Query OK, 0 rows affected (0.01 sec)

Query OK, 45535 rows affected (6.31 sec)
Records: 45535  Duplicates: 0  Warnings: 0

+------------------------------+
| rep_custaddressparcelsprefix |
+------------------------------+
|                        45535 |
+------------------------------+
1 row in set (0.01 sec)

Query OK, 0 rows affected (0.01 sec)

+------------------------------------+
| message                            |
+------------------------------------+
| creating rcbill_my.rep_custextract |
+------------------------------------+
1 row in set (0.00 sec)

Query OK, 45535 rows affected (1.57 sec)
Records: 45535  Duplicates: 0  Warnings: 0

+-----------------+
| rep_custextract |
+-----------------+
|           45535 |
+-----------------+
1 row in set (0.01 sec)

Query OK, 0 rows affected (0.00 sec)

Query OK, 0 rows affected (0.01 sec)

+----------------------------------------------+
| message                                      |
+----------------------------------------------+
| creating rcbill_my.retentioncustomeractivity |
+----------------------------------------------+
1 row in set (0.00 sec)

Query OK, 1080 rows affected (0.10 sec)
Records: 1080  Duplicates: 0  Warnings: 0

+---------------------------+
| retentioncustomeractivity |
+---------------------------+
|                      1080 |
+---------------------------+
1 row in set (0.00 sec)

+-----------+------------------------------------+------------+-------------+-----------------+------------------+---------------------+-------------------+
| HFC_NODE  | NODENAME                           | CMTS_DATE  | INSERTED_ON | UNIQUE_ACCOUNTS | UNIQUE_CONTRACTS | UNIQUE_MAC_INRCBOSS | UNIQUE_MAC_INCMTS |
+-----------+------------------------------------+------------+-------------+-----------------+------------------+---------------------+-------------------+
| NULL      | NULL                               | NULL       | 2021-09-14  |           12823 |            14031 |               13992 |                 0 |
| C5/0/0/U0 | ANSE-BOILEAU-2                     | 2021-03-10 | 2021-09-14  |               0 |                0 |                   0 |               204 |
| C5/0/0/U1 | 500-C3-ANSE-BOILEAU                | 2021-03-10 | 2021-09-14  |               0 |                0 |                   0 |               202 |
| C5/0/1/U0 | 501-C4-LA-MISIERE-LEFT-I           | 2021-03-10 | 2021-09-14  |               0 |                0 |                   0 |               164 |
| C5/0/1/U1 | 501-C5-LA-MISIERE-RIGHT            | 2021-03-10 | 2021-09-14  |               0 |                0 |                   0 |               115 |
| C5/0/1/U2 | 501-C7-LA-MISIERE-LEFT-II          | 2021-03-10 | 2021-09-14  |               0 |                0 |                   0 |               161 |
| C5/0/2/U0 | 502-C8-LA-LOUISE                   | 2021-03-10 | 2021-09-14  |               0 |                0 |                   0 |               139 |
| C5/0/2/U1 | LA-LOUISE-2                        | 2021-03-10 | 2021-09-14  |               0 |                0 |                   0 |               142 |
| C5/0/3/U0 | 504-C6-PETIT-PARIS                 | 2021-03-10 | 2021-09-14  |               0 |                0 |                   0 |               150 |
| C5/0/3/U1 | PETIT-PARIS-23                     | 2021-03-10 | 2021-09-14  |               0 |                0 |                   0 |                73 |
| C5/0/4/U0 | FOUR-SEASONS                       | 2021-03-10 | 2021-09-14  |               0 |                0 |                   0 |                 2 |
| C5/0/4/U1 | ANCHOR-CAFE-I                      | 2021-03-10 | 2021-09-14  |               0 |                0 |                   0 |               168 |
| C5/0/4/U2 | ANCHOR-CAFE-II                     | 2021-03-10 | 2021-09-14  |               0 |                0 |                   0 |               160 |
| C5/1/0/U0 | POINTE-LARUE-AIRPORT-23            | 2021-03-10 | 2021-09-14  |               0 |                0 |                   0 |               114 |
| C5/1/0/U1 | PPROVIDENCE-23                     | 2021-03-10 | 2021-09-14  |               0 |                0 |                   0 |                21 |
| C5/1/0/U2 | ROSHE-CAIMAN-23                    | 2021-03-10 | 2021-09-14  |               0 |                0 |                   0 |                11 |
| C5/1/0/U3 | HEAD-OFFICE | HO-23                | 2021-03-10 | 2021-09-14  |               0 |                0 |                   0 |                22 |
| C5/1/1/U1 | C5-UNION-VALE                      | 2021-03-10 | 2021-09-14  |               0 |                0 |                   0 |               187 |
| C5/1/3/U0 | POINTE-LARUE-AIRPORT-27            | 2021-03-10 | 2021-09-14  |               0 |                0 |                   0 |               149 |
| C5/1/3/U1 | PPROVIDENCE-27                     | 2021-03-10 | 2021-09-14  |               0 |                0 |                   0 |                23 |
| C5/1/3/U2 | ROSHE-CAIMAN-27                    | 2021-03-10 | 2021-09-14  |               0 |                0 |                   0 |                29 |
| C5/1/3/U3 | HEAD-OFFICE | HO-27                | 2021-03-10 | 2021-09-14  |               0 |                0 |                   0 |                21 |
| C5/1/4/U0 | ANSE-ROYALE-27                     | 2021-03-10 | 2021-09-14  |               0 |                0 |                   0 |                99 |
| C5/1/4/U1 | GLACIS-2-57                        | 2021-03-10 | 2021-09-14  |               0 |                0 |                   0 |                64 |
| C5/1/4/U2 | NULL                               | 2021-03-10 | 2021-09-14  |               0 |                0 |                   0 |               115 |
| C5/1/4/U3 | GLACIS-1                           | 2021-03-10 | 2021-09-14  |               0 |                0 |                   0 |                26 |
| C6/0/1/U0 | SERRET-ROAD-RIGHT/CURIO/PASCAL     | 2021-03-10 | 2021-09-14  |               0 |                0 |                   0 |               129 |
| C6/0/1/U1 | SERRET-ROAD-LEFT/ST.LOUIS/TOWN     | 2021-03-10 | 2021-09-14  |               0 |                0 |                   0 |                74 |
| C6/0/1/U2 | SERRET-ROAD-RIGHT/CURIO/PASCAL-2   | 2021-03-10 | 2021-09-14  |               0 |                0 |                   0 |               130 |
| C6/0/1/U3 | SERRET-ROAD-LEFT/ST.LOUIS/TOWN-2   | 2021-03-10 | 2021-09-14  |               0 |                0 |                   0 |                75 |
| C6/0/2/U0 | SANS-SOUCIS-I                      | 2021-03-10 | 2021-09-14  |               0 |                0 |                   0 |               134 |
| C6/0/2/U1 | SANS-SOUCIS-II                     | 2021-03-10 | 2021-09-14  |               0 |                0 |                   0 |                78 |
| C6/0/2/U2 | BEL-AIR-27                         | 2021-03-10 | 2021-09-14  |               0 |                0 |                   0 |                91 |
| C6/0/2/U3 | BEL-AIR-38                         | 2021-03-10 | 2021-09-14  |               0 |                0 |                   0 |                84 |
| C6/0/3/U0 | LES-MAMELLES-23                    | 2021-03-10 | 2021-09-14  |               0 |                0 |                   0 |                56 |
| C6/0/3/U1 | VICTORIA-23                        | 2021-03-10 | 2021-09-14  |               0 |                0 |                   0 |                22 |
| C6/0/4/U0 | LES-MAMELLES-27                    | 2021-03-10 | 2021-09-14  |               0 |                0 |                   0 |               100 |
| C6/0/4/U1 | VICTORIA-27                        | 2021-03-10 | 2021-09-14  |               0 |                0 |                   0 |                20 |
| C7/1/0/U0 | LA-RETRAITE-23                     | 2021-03-10 | 2021-09-14  |               0 |                0 |                   0 |                75 |
| C7/1/0/U1 | TEA-FACTORY-23                     | 2021-03-10 | 2021-09-14  |               0 |                0 |                   0 |                34 |
| C7/1/0/U2 | PAS-23                             | 2021-03-10 | 2021-09-14  |               0 |                0 |                   0 |                88 |
| C7/1/1/U0 | REEF-ESTATE-23                     | 2021-03-10 | 2021-09-14  |               0 |                0 |                   0 |                77 |
| C7/1/2/U0 | LA-RETRAITE-27                     | 2021-03-10 | 2021-09-14  |               0 |                0 |                   0 |                72 |
| C7/1/2/U1 | TEA-FACTORY-27                     | 2021-03-10 | 2021-09-14  |               0 |                0 |                   0 |                22 |
| C7/1/2/U2 | PAS-27                             | 2021-03-10 | 2021-09-14  |               0 |                0 |                   0 |               100 |
| C7/1/3/U0 | MT-BUXTON-27                       | 2021-03-10 | 2021-09-14  |               0 |                0 |                   0 |               156 |
| C7/1/3/U1 | MT-BUXTON-23                       | 2021-03-10 | 2021-09-14  |               0 |                0 |                   0 |                76 |
| C7/1/4/U0 | REEF-ESTATE-27                     | 2021-03-10 | 2021-09-14  |               0 |                0 |                   0 |                94 |
| C8/0/0/U0 | POLICE-ACADEMY-1-27 - POINTE LARUE | 2021-03-10 | 2021-09-14  |               0 |                0 |                   0 |                85 |
| C8/0/0/U1 | NULL                               | 2021-03-10 | 2021-09-14  |               0 |                0 |                   0 |               109 |
| C8/0/1/U0 | NULL                               | 2021-03-10 | 2021-09-14  |               0 |                0 |                   0 |               310 |
| C8/0/1/U1 | POLICE-ACADEMY-2-27 - TURTLE BAY   | 2021-03-10 | 2021-09-14  |               0 |                0 |                   0 |               165 |
| C8/1/0/U0 | MA-JOIE-NODE-27                    | 2021-03-10 | 2021-09-14  |               0 |                0 |                   0 |                92 |
| C8/1/0/U1 | BELONIE-27                         | 2021-03-10 | 2021-09-14  |               0 |                0 |                   0 |               146 |
| C8/1/0/U3 | MA-JOIE-NODE-23                    | 2021-03-10 | 2021-09-14  |               0 |                0 |                   0 |                91 |
| C8/1/1/U0 | 611-C1-ROJN I                      | 2021-03-10 | 2021-09-14  |               0 |                0 |                   0 |               116 |
| C8/1/1/U1 | 611-C5-ROJN II                     | 2021-03-10 | 2021-09-14  |               0 |                0 |                   0 |               118 |
| C8/1/2/U0 | 612-C2-ANSE-ETOILE                 | 2021-03-10 | 2021-09-14  |               0 |                0 |                   0 |               112 |
| C8/1/2/U1 | ANSE-ETOILE-U2                     | 2021-03-10 | 2021-09-14  |               0 |                0 |                   0 |                49 |
| C8/1/3/U0 | 613-C3-ANSE-GAULETTE I             | 2021-03-10 | 2021-09-14  |               0 |                0 |                   0 |                77 |
| C8/1/3/U1 | 613-C7-ANSE-GAULETTE II            | 2021-03-10 | 2021-09-14  |               0 |                0 |                   0 |                80 |
| C8/1/3/U2 | 613-C3-ANSE-GAULETTE III           | 2021-03-10 | 2021-09-14  |               0 |                0 |                   0 |                41 |
| C8/1/3/U3 | TAKAMAKA I                         | 2021-03-10 | 2021-09-14  |               0 |                0 |                   0 |               100 |
| C8/1/3/U4 | TAKAMAKA II                        | 2021-03-10 | 2021-09-14  |               0 |                0 |                   0 |               103 |
| C8/1/4/U0 | 614-BEOLIERE-NODE-1                | 2021-03-10 | 2021-09-14  |               0 |                0 |                   0 |               135 |
| C8/1/4/U1 | 614-BEOLIERE-NODE-2                | 2021-03-10 | 2021-09-14  |               0 |                0 |                   0 |               106 |
+-----------+------------------------------------+------------+-------------+-----------------+------------------+---------------------+-------------------+
66 rows in set (0.33 sec)

+-----------------------+------------+-------------+-----------------+------------------+----------------------+-------------------+
| MXK_NAME              | MXK_DATE   | INSERTED_ON | UNIQUE_ACCOUNTS | UNIQUE_CONTRACTS | UNIQUE_FSAN_INRCBOSS | UNIQUE_FSAN_INMXK |
+-----------------------+------------+-------------+-----------------+------------------+----------------------+-------------------+
| NULL                  | NULL       | 2021-09-14  |            2920 |             2980 |                 2976 |                 0 |
| MXK-MAHE-ANSEETOILE   | 2020-07-27 | 2021-09-14  |             373 |              377 |                  376 |               398 |
| MXK-MAHE-ANSEROYALE   | 2020-07-27 | 2021-09-14  |             171 |              173 |                  172 |               198 |
| MXK-MAHE-BEAUVALLON-1 | 2020-07-27 | 2021-09-14  |            1780 |             1809 |                 1797 |              1919 |
| MXK-MAHE-BEAUVALLON-2 | 2020-07-27 | 2021-09-14  |              24 |               24 |                   24 |                30 |
| MXK-MAHE-PERSEVERANCE | 2020-07-27 | 2021-09-14  |            1053 |             1078 |                 1064 |              1241 |
| MXK-MAHE-PROVIDENCE   | 2020-07-27 | 2021-09-14  |             992 |             1022 |                  939 |              1192 |
| MXK-PRASLIN-GRANDANSE | 2020-07-27 | 2021-09-14  |            1276 |             1280 |                 1271 |              1514 |
+-----------------------+------------+-------------+-----------------+------------------+----------------------+-------------------+
8 rows in set (0.14 sec)

mysql> mysql \. C:\workspace\cloud\code\sql\_DailyScript\currenttime.sql
+---------------------+
| currenttime         |
+---------------------+
| 2021-09-14 11:03:21 |
+---------------------+
1 row in set (0.00 sec)

mysql> 
mysql> mysql \. C:\workspace\cloud\code\sql\_DailyScript\housing-estate-analysis.sql
Database changed
Query OK, 0 rows affected (0.01 sec)

Query OK, 3693 rows affected (12.13 sec)
Records: 3693  Duplicates: 0  Warnings: 0

+--------------------+
| rep_housingestates |
+--------------------+
|               3693 |
+--------------------+
1 row in set (0.00 sec)

mysql> mysql \. C:\workspace\cloud\code\sql\_DailyScript\currenttime.sql
+---------------------+
| currenttime         |
+---------------------+
| 2021-09-14 11:03:33 |
+---------------------+
1 row in set (0.00 sec)

mysql> 
mysql> 
mysql> mysql \. C:\workspace\cloud\code\sql\Analysis\service_tickets_assignments.sql
Query OK, 0 rows affected (0.01 sec)

Query OK, 74992 rows affected (11.32 sec)
Records: 74992  Duplicates: 0  Warnings: 0

+-------------------------+
| rep_servicetickets_2021 |
+-------------------------+
|                   74992 |
+-------------------------+
1 row in set (0.09 sec)

Query OK, 0 rows affected (0.01 sec)

Query OK, 15470 rows affected (2.07 sec)
Records: 15470  Duplicates: 0  Warnings: 0

+------------------+
| rep_tkt_f_level1 |
+------------------+
|            15470 |
+------------------+
1 row in set (0.01 sec)

Query OK, 0 rows affected (0.01 sec)

Query OK, 89325 rows affected (3.03 sec)
Records: 89325  Duplicates: 0  Warnings: 0

+------------------+
| rep_tkt_f_level2 |
+------------------+
|            89325 |
+------------------+
1 row in set (0.02 sec)

Query OK, 0 rows affected (0.01 sec)

Query OK, 127162 rows affected (3.14 sec)
Records: 127162  Duplicates: 0  Warnings: 0

+------------------+
| rep_tkt_f_level3 |
+------------------+
|           127162 |
+------------------+
1 row in set (0.03 sec)

Query OK, 0 rows affected (0.01 sec)

Query OK, 3427 rows affected (1.23 sec)
Records: 3427  Duplicates: 0  Warnings: 0

+--------------------+
| rep_tkt_irs_level1 |
+--------------------+
|               3427 |
+--------------------+
1 row in set (0.00 sec)

Query OK, 0 rows affected (0.01 sec)

Query OK, 16590 rows affected (0.73 sec)
Records: 16590  Duplicates: 0  Warnings: 0

+--------------------+
| rep_tkt_irs_level2 |
+--------------------+
|              16590 |
+--------------------+
1 row in set (0.01 sec)

Query OK, 0 rows affected (0.01 sec)

Query OK, 27314 rows affected (1.21 sec)
Records: 27314  Duplicates: 0  Warnings: 0

+--------------------+
| rep_tkt_irs_level3 |
+--------------------+
|              27314 |
+--------------------+
1 row in set (0.01 sec)

mysql> mysql \. C:\workspace\cloud\code\sql\_DailyScript\currenttime.sql
+---------------------+
| currenttime         |
+---------------------+
| 2021-09-14 11:03:56 |
+---------------------+
1 row in set (0.00 sec)

mysql> 
mysql> mysql \. C:\workspace\cloud\code\sql\_DailyScript\DAILY-SCRIPT-USAGESTATS.sql
Database changed
Query OK, 0 rows affected (0.34 sec)

Query OK, 31805614 rows affected, 65535 warnings (7 min 38.55 sec)
Records: 31805614  Duplicates: 0  Warnings: 31795357

Query OK, 0 rows affected (1 min 23.91 sec)
Records: 0  Duplicates: 0  Warnings: 0

Query OK, 0 rows affected (1 min 23.59 sec)
Records: 0  Duplicates: 0  Warnings: 0

Query OK, 0 rows affected (1 min 25.14 sec)
Records: 0  Duplicates: 0  Warnings: 0

Query OK, 0 rows affected (1 min 18.15 sec)
Records: 0  Duplicates: 0  Warnings: 0

Query OK, 0 rows affected (2 min 5.18 sec)
Records: 0  Duplicates: 0  Warnings: 0

Query OK, 0 rows affected (2 min 14.85 sec)
Records: 0  Duplicates: 0  Warnings: 0

Query OK, 0 rows affected (1 min 59.56 sec)
Records: 0  Duplicates: 0  Warnings: 0

Query OK, 0 rows affected (1 min 22.30 sec)
Records: 0  Duplicates: 0  Warnings: 0

+----------+
| ipusage  |
+----------+
| 31805614 |
+----------+
1 row in set (12.28 sec)

Query OK, 0 rows affected (0.14 sec)

Query OK, 9195920 rows affected (8 min 43.66 sec)
Records: 9195920  Duplicates: 0  Warnings: 0

Query OK, 0 rows affected (31.77 sec)
Records: 0  Duplicates: 0  Warnings: 0

Query OK, 0 rows affected (19.38 sec)
Records: 0  Duplicates: 0  Warnings: 0

Query OK, 0 rows affected (32.78 sec)
Records: 0  Duplicates: 0  Warnings: 0

Query OK, 0 rows affected (38.14 sec)
Records: 0  Duplicates: 0  Warnings: 0

Query OK, 0 rows affected (24.18 sec)
Records: 0  Duplicates: 0  Warnings: 0

+------------------+
| clientcontractip |
+------------------+
|          9195920 |
+------------------+
1 row in set (2.45 sec)

Query OK, 0 rows affected (0.09 sec)

Query OK, 15622975 rows affected (3 min 7.05 sec)
Records: 15622975  Duplicates: 0  Warnings: 0

+---------------------------+
| clientcontractipusage_stg |
+---------------------------+
|                  15622975 |
+---------------------------+
1 row in set (6.16 sec)

+------------------------------------+
| clientcontractipusage_beforeinsert |
+------------------------------------+
|                           15622975 |
+------------------------------------+
1 row in set (7.34 sec)

Query OK, 10845 rows affected (12.53 sec)
Records: 10845  Duplicates: 0  Warnings: 0

+-----------------------------------+
| clientcontractipusage_afterinsert |
+-----------------------------------+
|                          15633820 |
+-----------------------------------+
1 row in set (5.82 sec)

Query OK, 0 rows affected (0.00 sec)

+------------------------+
| info                   |
+------------------------+
| updating null packages |
+------------------------+
1 row in set (0.00 sec)

Query OK, 0 rows affected (33.28 sec)
Rows matched: 170914  Changed: 0  Warnings: 0

+------------+----------+
| usagedate  | count(*) |
+------------+----------+
| 2021-09-13 |    10845 |
| 2021-09-12 |    10732 |
| 2021-09-11 |    10774 |
| 2021-09-10 |    10913 |
| 2021-09-09 |    10346 |
| 2021-09-08 |    10266 |
| 2021-09-07 |    10483 |
| 2021-09-06 |    11847 |
| 2021-09-05 |    12374 |
| 2021-09-04 |    12455 |
| 2021-09-03 |    12469 |
| 2021-09-02 |    12442 |
| 2021-09-01 |    12581 |
| 2021-08-31 |    12440 |
| 2021-08-30 |    11141 |
+------------+----------+
15 rows in set (0.08 sec)

Query OK, 0 rows affected (0.04 sec)

Query OK, 727671 rows affected (1 min 6.71 sec)
Records: 727671  Duplicates: 0  Warnings: 0

Query OK, 0 rows affected (2.24 sec)
Records: 0  Duplicates: 0  Warnings: 0

Query OK, 0 rows affected (2.10 sec)
Records: 0  Duplicates: 0  Warnings: 0

Query OK, 0 rows affected (2.44 sec)
Records: 0  Duplicates: 0  Warnings: 0

Query OK, 0 rows affected (1.34 sec)
Records: 0  Duplicates: 0  Warnings: 0

Query OK, 0 rows affected (1.31 sec)
Records: 0  Duplicates: 0  Warnings: 0

Query OK, 0 rows affected (1.26 sec)
Records: 0  Duplicates: 0  Warnings: 0

Query OK, 0 rows affected (1.28 sec)
Records: 0  Duplicates: 0  Warnings: 0

+-----------------------+
| clientcontractipmonth |
+-----------------------+
|                727671 |
+-----------------------+
1 row in set (0.19 sec)

Query OK, 0 rows affected (0.02 sec)

Query OK, 12958 rows affected (43.71 sec)
Records: 12958  Duplicates: 0  Warnings: 0

+-----------------------+
| rep_dailypackageusage |
+-----------------------+
|                 12958 |
+-----------------------+
1 row in set (0.01 sec)

mysql> mysql \. C:\workspace\cloud\code\sql\_DailyScript\currenttime.sql
+---------------------+
| currenttime         |
+---------------------+
| 2021-09-14 11:42:27 |
+---------------------+
1 row in set (0.00 sec)

mysql> 
mysql> mysql \. C:\workspace\cloud\code\sql\GIS\GetParcelExtract.sql
Database changed
Query OK, 0 rows affected (0.01 sec)

Query OK, 15601 rows affected (4.04 sec)
Records: 15601  Duplicates: 0  Warnings: 0

+-------------------------+
| IV_PARCELEXTRACTStaging |
+-------------------------+
|                   15601 |
+-------------------------+
1 row in set (0.01 sec)

Query OK, 0 rows affected (0.00 sec)

Query OK, 0 rows affected (0.01 sec)

Query OK, 9590 rows affected (0.25 sec)
Records: 9590  Duplicates: 0  Warnings: 0

+-----------------+
| IV_PARCELFORMAP |
+-----------------+
|            9590 |
+-----------------+
1 row in set (0.01 sec)

Query OK, 0 rows affected (0.01 sec)

Query OK, 211 rows affected (0.03 sec)
Records: 211  Duplicates: 0  Warnings: 0

+----------------------------+
| IV_PARCELFORMAP_Inactive_2 |
+----------------------------+
|                        211 |
+----------------------------+
1 row in set (0.00 sec)

Query OK, 0 rows affected (0.01 sec)

Query OK, 389 rows affected (0.03 sec)
Records: 389  Duplicates: 0  Warnings: 0

+----------------------------+
| IV_PARCELFORMAP_Inactive_3 |
+----------------------------+
|                        389 |
+----------------------------+
1 row in set (0.00 sec)

Query OK, 0 rows affected (0.00 sec)

Query OK, 523 rows affected (0.03 sec)
Records: 523  Duplicates: 0  Warnings: 0

+----------------------------+
| IV_PARCELFORMAP_Inactive_4 |
+----------------------------+
|                        523 |
+----------------------------+
1 row in set (0.00 sec)

Query OK, 0 rows affected (0.01 sec)

Query OK, 2471 rows affected (0.07 sec)
Records: 2471  Duplicates: 0  Warnings: 0

+----------------------------+
| IV_PARCELFORMAP_Inactive_5 |
+----------------------------+
|                       2471 |
+----------------------------+
1 row in set (0.00 sec)

Query OK, 0 rows affected (0.01 sec)

Query OK, 4356 rows affected (0.11 sec)
Records: 4356  Duplicates: 0  Warnings: 0

+---------------------+
| IV_PARCELFORMAP_HFC |
+---------------------+
|                4356 |
+---------------------+
1 row in set (0.00 sec)

Query OK, 0 rows affected (0.01 sec)

Query OK, 3956 rows affected (0.10 sec)
Records: 3956  Duplicates: 0  Warnings: 0

+----------------------+
| IV_PARCELFORMAP_GPON |
+----------------------+
|                 3956 |
+----------------------+
1 row in set (0.00 sec)

Query OK, 0 rows affected (0.01 sec)

Query OK, 57 rows affected (0.02 sec)
Records: 57  Duplicates: 0  Warnings: 0

+---------------------+
| IV_PARCELFORMAP_MIX |
+---------------------+
|                  57 |
+---------------------+
1 row in set (0.00 sec)

mysql> mysql \. C:\workspace\cloud\code\sql\_DailyScript\currenttime.sql
+---------------------+
| currenttime         |
+---------------------+
| 2021-09-14 11:42:32 |
+---------------------+
1 row in set (0.00 sec)

mysql> 
mysql> exit
