    -> 
    -> mysql \. C:\workspace\cloud\code\sql\_DailyScript\_setdates.sql
Database changed
Query OK, 0 rows affected (0.00 sec)

Query OK, 0 rows affected (0.00 sec)

Query OK, 0 rows affected (0.00 sec)

Query OK, 0 rows affected (0.00 sec)

Query OK, 0 rows affected (0.00 sec)

Query OK, 0 rows affected (0.00 sec)

Query OK, 0 rows affected (0.00 sec)

Query OK, 0 rows affected (0.00 sec)

Query OK, 0 rows affected (0.00 sec)

Query OK, 0 rows affected (0.00 sec)

Query OK, 0 rows affected (0.00 sec)

Query OK, 0 rows affected (0.00 sec)

Query OK, 0 rows affected (0.00 sec)

Query OK, 0 rows affected (0.00 sec)

Query OK, 0 rows affected (0.00 sec)

Query OK, 0 rows affected (0.00 sec)

Query OK, 0 rows affected (0.00 sec)

Query OK, 0 rows affected (0.00 sec)

Query OK, 0 rows affected (0.00 sec)

Query OK, 0 rows affected (0.00 sec)

Query OK, 0 rows affected (0.00 sec)

mysql> mysql \. C:\workspace\cloud\code\sql\_DailyScript\currenttime.sql
+---------------------+
| currenttime         |
+---------------------+
| 2019-04-23 08:29:59 |
+---------------------+
1 row in set (0.00 sec)

mysql> 
mysql> mysql \. C:\workspace\cloud\code\sql\_DailyScript\load_RCB_VODTITLES.sql
Database changed
Query OK, 0 rows affected (0.00 sec)

Query OK, 4175 rows affected (0.40 sec)

Query OK, 4177 rows affected, 4177 warnings (0.14 sec)
Records: 4177  Deleted: 0  Skipped: 0  Warnings: 4177

Query OK, 0 rows affected (0.00 sec)

Query OK, 2 rows affected (0.01 sec)

+-----------+
| VODTITLES |
+-----------+
|      4636 |
+-----------+
1 row in set (0.00 sec)

+-----------+-----------+
| titletype | typecount |
+-----------+-----------+
| E         |      3054 |
| N         |       145 |
| T         |       976 |
| NULL      |      4175 |
+-----------+-----------+
4 rows in set (0.01 sec)

mysql> mysql \. C:\workspace\cloud\code\sql\_DailyScript\currenttime.sql
+---------------------+
| currenttime         |
+---------------------+
| 2019-04-23 08:30:00 |
+---------------------+
1 row in set (0.00 sec)

mysql> 
mysql> mysql \. C:\workspace\cloud\code\sql\_DailyScript\DAILY-SCRIPT-LIVETV-STATS.sql
Database changed
Query OK, 0 rows affected (0.10 sec)

Query OK, 75258 rows affected (1.31 sec)
Records: 75258  Duplicates: 0  Warnings: 0

+------------+------------+----------+--------------+--------------+-----------+-------------+----------+--------+------+------------+---------+---------------+
| Table      | Non_unique | Key_name | Seq_in_index | Column_name  | Collation | Cardinality | Sub_part | Packed | Null | Index_type | Comment | Index_comment |
+------------+------------+----------+--------------+--------------+-----------+-------------+----------+--------+------+------------+---------+---------------+
| templivetv |          1 | idxtv1   |            1 | device       | A         |       75247 |     NULL | NULL   | YES  | BTREE      |         |               |
| templivetv |          1 | idxtv2   |            1 | sessionstart | A         |       75247 |     NULL | NULL   | YES  | BTREE      |         |               |
+------------+------------+----------+--------------+--------------+-----------+-------------+----------+--------+------+------------+---------+---------------+
2 rows in set (0.01 sec)

Query OK, 75287 rows affected (40.00 sec)
Records: 75287  Duplicates: 0  Warnings: 0

Query OK, 2790 rows affected (1.09 sec)
Records: 2790  Duplicates: 0  Warnings: 0

Query OK, 0 rows affected (0.00 sec)

Query OK, 0 rows affected (0.00 sec)

Query OK, 141 rows affected (0.39 sec)
Records: 141  Duplicates: 0  Warnings: 0

Query OK, 0 rows affected (0.01 sec)

Query OK, 67449 rows affected (11 min 48.14 sec)
Records: 67449  Duplicates: 0  Warnings: 0

+-----------------+
| rep_livetvstats |
+-----------------+
|           67449 |
+-----------------+
1 row in set (0.03 sec)

mysql> mysql \. C:\workspace\cloud\code\sql\_DailyScript\currenttime.sql
+---------------------+
| currenttime         |
+---------------------+
| 2019-04-23 08:42:31 |
+---------------------+
1 row in set (0.00 sec)

mysql> 
mysql> mysql \. C:\workspace\cloud\code\sql\_DailyScript\DAILY-SCRIPT-VODTS-STATS.sql
Database changed
Query OK, 0 rows affected (0.02 sec)

Query OK, 2998 rows affected (33.36 sec)
Records: 2998  Duplicates: 0  Warnings: 0

+---------+------------+----------+--------------+--------------+-----------+-------------+----------+--------+------+------------+---------+---------------+
| Table   | Non_unique | Key_name | Seq_in_index | Column_name  | Collation | Cardinality | Sub_part | Packed | Null | Index_type | Comment | Index_comment |
+---------+------------+----------+--------------+--------------+-----------+-------------+----------+--------+------+------------+---------+---------------+
| tempvod |          1 | idxtvod1 |            1 | device       | A         |        2163 |     NULL | NULL   | YES  | BTREE      |         |               |
| tempvod |          1 | idxtvod2 |            1 | sessionstart | A         |        2163 |     NULL | NULL   | YES  | BTREE      |         |               |
+---------+------------+----------+--------------+--------------+-----------+-------------+----------+--------+------+------------+---------+---------------+
2 rows in set (0.00 sec)

Query OK, 2998 rows affected (1.78 sec)
Records: 2998  Duplicates: 0  Warnings: 0

Query OK, 0 rows affected (0.02 sec)

Query OK, 183521 rows affected (19.92 sec)
Records: 183521  Duplicates: 0  Warnings: 0

+--------------+
| rep_vodstats |
+--------------+
|       183521 |
+--------------+
1 row in set (0.10 sec)

Database changed
Query OK, 0 rows affected (0.06 sec)

Query OK, 14081 rows affected (3 min 54.63 sec)
Records: 14081  Duplicates: 0  Warnings: 0

+--------+------------+----------+--------------+--------------+-----------+-------------+----------+--------+------+------------+---------+---------------+
| Table  | Non_unique | Key_name | Seq_in_index | Column_name  | Collation | Cardinality | Sub_part | Packed | Null | Index_type | Comment | Index_comment |
+--------+------------+----------+--------------+--------------+-----------+-------------+----------+--------+------+------------+---------+---------------+
| tempts |          1 | idxtts1  |            1 | device       | A         |       14170 |     NULL | NULL   | YES  | BTREE      |         |               |
| tempts |          1 | idxtts2  |            1 | sessionstart | A         |       14170 |     NULL | NULL   | YES  | BTREE      |         |               |
+--------+------------+----------+--------------+--------------+-----------+-------------+----------+--------+------+------------+---------+---------------+
2 rows in set (0.00 sec)

Query OK, 14091 rows affected (15.42 sec)
Records: 14091  Duplicates: 0  Warnings: 0

Query OK, 0 rows affected (0.03 sec)

Query OK, 18508 rows affected (3 min 35.88 sec)
Records: 18508  Duplicates: 0  Warnings: 0

+-------------+
| rep_tsstats |
+-------------+
|       18508 |
+-------------+
1 row in set (0.01 sec)

mysql> mysql \. C:\workspace\cloud\code\sql\_DailyScript\currenttime.sql
+---------------------+
| currenttime         |
+---------------------+
| 2019-04-23 08:51:12 |
+---------------------+
1 row in set (0.00 sec)

mysql> 
mysql> mysql \. C:\workspace\cloud\code\sql\_DailyScript\DAILY-SCRIPT-RADIO-STATS.sql
Database changed
Query OK, 0 rows affected (0.03 sec)

Query OK, 138973 rows affected (4.00 sec)
Records: 138973  Duplicates: 0  Warnings: 0

+-----------+------------+----------+--------------+--------------+-----------+-------------+----------+--------+------+------------+---------+---------------+
| Table     | Non_unique | Key_name | Seq_in_index | Column_name  | Collation | Cardinality | Sub_part | Packed | Null | Index_type | Comment | Index_comment |
+-----------+------------+----------+--------------+--------------+-----------+-------------+----------+--------+------+------------+---------+---------------+
| tempradio |          1 | idxtrad1 |            1 | device       | A         |      138951 |     NULL | NULL   | YES  | BTREE      |         |               |
| tempradio |          1 | idxtrad2 |            1 | sessionstart | A         |      138951 |     NULL | NULL   | YES  | BTREE      |         |               |
+-----------+------------+----------+--------------+--------------+-----------+-------------+----------+--------+------+------------+---------+---------------+
2 rows in set (0.00 sec)

Query OK, 231 rows affected (3.05 sec)
Records: 231  Duplicates: 0  Warnings: 0

Query OK, 0 rows affected (0.12 sec)

Query OK, 2562 rows affected (0.41 sec)
Records: 2562  Duplicates: 0  Warnings: 0

+----------------+
| rep_radiostats |
+----------------+
|           2562 |
+----------------+
1 row in set (0.00 sec)

mysql> mysql \. C:\workspace\cloud\code\sql\_DailyScript\currenttime.sql
+---------------------+
| currenttime         |
+---------------------+
| 2019-04-23 08:51:20 |
+---------------------+
1 row in set (0.00 sec)

mysql> 
mysql> mysql \. C:\workspace\cloud\code\sql\_DailyScript\DAILY_SCRIPT_TELEMETRY_PIVOT.sql
Query OK, 0 rows affected (0.02 sec)

Query OK, 146 rows affected (0.21 sec)
Records: 146  Duplicates: 0  Warnings: 0

Query OK, 0 rows affected (0.02 sec)

Query OK, 3526 rows affected (0.78 sec)
Records: 3526  Duplicates: 0  Warnings: 0

Query OK, 0 rows affected (0.00 sec)

Query OK, 6 rows affected (0.01 sec)
Records: 6  Duplicates: 0  Warnings: 0

Query OK, 0 rows affected (0.00 sec)

Query OK, 54 rows affected (0.03 sec)
Records: 54  Duplicates: 0  Warnings: 0

mysql> mysql \. C:\workspace\cloud\code\sql\_DailyScript\currenttime.sql
+---------------------+
| currenttime         |
+---------------------+
| 2019-04-23 08:51:21 |
+---------------------+
1 row in set (0.00 sec)

mysql> 
mysql> mysql \. C:\workspace\cloud\code\sql\_DailyScript\telemetry_livetv_ranking2019.sql
Query OK, 0 rows affected (0.16 sec)

Query OK, 146 rows affected (0.03 sec)
Records: 146  Duplicates: 0  Warnings: 0

mysql> mysql \. C:\workspace\cloud\code\sql\_DailyScript\currenttime.sql
+---------------------+
| currenttime         |
+---------------------+
| 2019-04-23 08:51:21 |
+---------------------+
1 row in set (0.00 sec)

mysql> 
mysql> mysql \. C:\workspace\cloud\code\sql\_DailyScript\telemetry_radio_ranking2019.sql
Query OK, 0 rows affected (0.32 sec)

Query OK, 6 rows affected (0.19 sec)
Records: 6  Duplicates: 0  Warnings: 0

mysql> mysql \. C:\workspace\cloud\code\sql\_DailyScript\currenttime.sql
+---------------------+
| currenttime         |
+---------------------+
| 2019-04-23 08:51:22 |
+---------------------+
1 row in set (0.00 sec)

mysql> 
mysql> mysql \. C:\workspace\cloud\code\sql\_DailyScript\telemetry_ts_ranking2019.sql
Query OK, 0 rows affected (0.03 sec)

Query OK, 54 rows affected (0.05 sec)
Records: 54  Duplicates: 0  Warnings: 0

mysql> mysql \. C:\workspace\cloud\code\sql\_DailyScript\currenttime.sql
+---------------------+
| currenttime         |
+---------------------+
| 2019-04-23 08:51:22 |
+---------------------+
1 row in set (0.00 sec)

mysql> 
mysql> mysql \. C:\workspace\cloud\code\sql\_DailyScript\telemetry_vod_ranking2019.sql
Query OK, 0 rows affected (0.01 sec)

Query OK, 3526 rows affected (0.17 sec)
Records: 3526  Duplicates: 0  Warnings: 0

mysql> mysql \. C:\workspace\cloud\code\sql\_DailyScript\currenttime.sql
+---------------------+
| currenttime         |
+---------------------+
| 2019-04-23 08:51:22 |
+---------------------+
1 row in set (0.00 sec)

mysql> 
mysql> mysql \. C:\workspace\cloud\code\sql\_DailyScript\telemetry_vod_ranking2019_1.sql
Query OK, 0 rows affected (0.01 sec)

Query OK, 3526 rows affected (0.22 sec)
Records: 3526  Duplicates: 0  Warnings: 0

mysql> mysql \. C:\workspace\cloud\code\sql\_DailyScript\currenttime.sql
+---------------------+
| currenttime         |
+---------------------+
| 2019-04-23 08:51:22 |
+---------------------+
1 row in set (0.00 sec)

mysql> 
mysql> mysql \. C:\workspace\cloud\code\sql\_DailyScript\telemetry_vod_ranking2019_2.sql
Query OK, 0 rows affected (0.02 sec)

Query OK, 3526 rows affected (0.08 sec)
Records: 3526  Duplicates: 0  Warnings: 0

mysql> mysql \. C:\workspace\cloud\code\sql\_DailyScript\currenttime.sql
+---------------------+
| currenttime         |
+---------------------+
| 2019-04-23 08:51:22 |
+---------------------+
1 row in set (0.00 sec)

mysql> 
mysql> mysql \. C:\workspace\cloud\code\sql\_DailyScript\DAILY-SCRIPT-CREATE-LOAD.sql
Database changed
Database changed
Query OK, 0 rows affected (0.03 sec)

Query OK, 0 rows affected (0.02 sec)

Database changed
Query OK, 65154 rows affected (3.19 sec)
Records: 65154  Deleted: 0  Skipped: 0  Warnings: 0

Query OK, 0 rows affected (0.37 sec)
Records: 0  Duplicates: 0  Warnings: 0

Query OK, 0 rows affected (0.51 sec)
Records: 0  Duplicates: 0  Warnings: 0

Query OK, 0 rows affected (0.52 sec)
Records: 0  Duplicates: 0  Warnings: 0

Query OK, 0 rows affected (0.27 sec)
Records: 0  Duplicates: 0  Warnings: 0

+---------+
| clients |
+---------+
|   65154 |
+---------+
1 row in set (0.03 sec)

Query OK, 0 rows affected (0.01 sec)

Query OK, 1758 rows affected (0.46 sec)
Records: 1758  Duplicates: 0  Warnings: 0

+-------------------+
| rcb_clientparcels |
+-------------------+
|              1758 |
+-------------------+
1 row in set (0.00 sec)

Query OK, 0 rows affected (0.16 sec)

Query OK, 84382 rows affected (4.32 sec)
Records: 84382  Duplicates: 0  Warnings: 0

Query OK, 0 rows affected (0.45 sec)
Records: 0  Duplicates: 0  Warnings: 0

Query OK, 0 rows affected (0.02 sec)

Query OK, 65154 rows affected (3.07 sec)
Records: 65154  Duplicates: 0  Warnings: 0

Query OK, 0 rows affected (0.41 sec)
Records: 0  Duplicates: 0  Warnings: 0

Query OK, 0 rows affected (0.33 sec)
Records: 0  Duplicates: 0  Warnings: 0

Query OK, 0 rows affected (0.25 sec)
Records: 0  Duplicates: 0  Warnings: 0

+---------------+
| clientaddress |
+---------------+
|         65154 |
+---------------+
1 row in set (0.02 sec)

Database changed
Query OK, 0 rows affected (0.02 sec)

Query OK, 0 rows affected (0.01 sec)

Database changed
Query OK, 472374 rows affected, 65535 warnings (22.90 sec)
Records: 472374  Deleted: 0  Skipped: 0  Warnings: 182720

Query OK, 0 rows affected (4.70 sec)
Records: 0  Duplicates: 0  Warnings: 0

Query OK, 0 rows affected (4.34 sec)
Records: 0  Duplicates: 0  Warnings: 0

Query OK, 0 rows affected (2.42 sec)
Records: 0  Duplicates: 0  Warnings: 0

Query OK, 0 rows affected (0.06 sec)

Query OK, 472374 rows affected (55.47 sec)
Records: 472374  Duplicates: 0  Warnings: 0

Query OK, 0 rows affected (2.25 sec)
Records: 0  Duplicates: 0  Warnings: 0

Query OK, 0 rows affected (2.20 sec)
Records: 0  Duplicates: 0  Warnings: 0

+-----------+
| contracts |
+-----------+
|    472374 |
+-----------+
1 row in set (0.23 sec)

+-----------------+
| contractaddress |
+-----------------+
|          472374 |
+-----------------+
1 row in set (0.17 sec)

Database changed
Query OK, 0 rows affected (0.01 sec)

Query OK, 0 rows affected (0.01 sec)

Query OK, 6529 rows affected (0.15 sec)
Records: 6529  Deleted: 0  Skipped: 0  Warnings: 0

Query OK, 0 rows affected (0.01 sec)

Query OK, 6498 rows affected (1.58 sec)
Records: 6498  Duplicates: 0  Warnings: 0

Query OK, 0 rows affected (0.03 sec)
Records: 0  Duplicates: 0  Warnings: 0

Query OK, 0 rows affected (0.01 sec)

Query OK, 5354 rows affected (0.09 sec)
Records: 5354  Duplicates: 0  Warnings: 0

Query OK, 0 rows affected (0.10 sec)
Records: 0  Duplicates: 0  Warnings: 0

+-------------------+
| contractdiscounts |
+-------------------+
|              6529 |
+-------------------+
1 row in set (0.00 sec)

+-------------------------+
| clientcontractdiscounts |
+-------------------------+
|                    6498 |
+-------------------------+
1 row in set (0.00 sec)

+----------------------------+
| clientcontractlastdiscount |
+----------------------------+
|                       5354 |
+----------------------------+
1 row in set (0.00 sec)

Database changed
Query OK, 0 rows affected (0.03 sec)

Query OK, 0 rows affected (0.01 sec)

Database changed
Query OK, 128079 rows affected (5.20 sec)
Records: 128079  Deleted: 0  Skipped: 0  Warnings: 0

Query OK, 0 rows affected (0.44 sec)
Records: 0  Duplicates: 0  Warnings: 0

Query OK, 0 rows affected (0.41 sec)
Records: 0  Duplicates: 0  Warnings: 0

Query OK, 0 rows affected (0.99 sec)
Records: 0  Duplicates: 0  Warnings: 0

Query OK, 0 rows affected (0.40 sec)
Records: 0  Duplicates: 0  Warnings: 0

Query OK, 0 rows affected (0.73 sec)
Records: 0  Duplicates: 0  Warnings: 0

Query OK, 0 rows affected (0.82 sec)
Records: 0  Duplicates: 0  Warnings: 0

Query OK, 0 rows affected (0.10 sec)

Query OK, 1611609 rows affected (3 min 40.48 sec)
Records: 1611609  Duplicates: 0  Warnings: 0

+---------+
| devices |
+---------+
|  128079 |
+---------+
1 row in set (0.13 sec)

+-----------------------+
| clientcontractdevices |
+-----------------------+
|               1611609 |
+-----------------------+
1 row in set (0.97 sec)

Query OK, 0 rows affected (0.08 sec)

Query OK, 128075 rows affected (7.71 sec)
Records: 128075  Duplicates: 0  Warnings: 0

+---------------------------+
| rep_clientcontractdevices |
+---------------------------+
|                    128075 |
+---------------------------+
1 row in set (0.05 sec)

Database changed
Query OK, 0 rows affected (0.09 sec)

Query OK, 0 rows affected (0.02 sec)

Query OK, 241470 rows affected (9.61 sec)
Records: 241470  Deleted: 0  Skipped: 0  Warnings: 0

Query OK, 0 rows affected (0.82 sec)
Records: 0  Duplicates: 0  Warnings: 0

Query OK, 0 rows affected (0.74 sec)
Records: 0  Duplicates: 0  Warnings: 0

Query OK, 0 rows affected (0.72 sec)
Records: 0  Duplicates: 0  Warnings: 0

Query OK, 0 rows affected (0.75 sec)
Records: 0  Duplicates: 0  Warnings: 0

+---------+
| tickets |
+---------+
|  241470 |
+---------+
1 row in set (0.09 sec)

Database changed
Query OK, 0 rows affected (0.04 sec)

Query OK, 0 rows affected (0.00 sec)

Empty set (0.00 sec)

Query OK, 0 rows affected (0.04 sec)
Records: 0  Duplicates: 0  Warnings: 0

Query OK, 313 rows affected, 2 warnings (0.04 sec)
Records: 313  Deleted: 0  Skipped: 0  Warnings: 2

+-----------------+
| tickettechusers |
+-----------------+
|             313 |
+-----------------+
1 row in set (0.00 sec)

Database changed
Query OK, 0 rows affected (0.13 sec)

Query OK, 0 rows affected (0.01 sec)

Query OK, 0 rows affected (0.01 sec)
Records: 0  Duplicates: 0  Warnings: 0

Query OK, 498151 rows affected, 41562 warnings (13.66 sec)
Records: 498151  Deleted: 0  Skipped: 0  Warnings: 41562

+-------------------+
| ticketassignments |
+-------------------+
|            498151 |
+-------------------+
1 row in set (0.17 sec)

Database changed
Query OK, 0 rows affected (0.03 sec)

Query OK, 0 rows affected (0.01 sec)

Query OK, 1044923 rows affected (21.38 sec)
Records: 1044923  Deleted: 0  Skipped: 0  Warnings: 0

Query OK, 0 rows affected (8.13 sec)
Records: 0  Duplicates: 0  Warnings: 0

Query OK, 0 rows affected (3.38 sec)
Records: 0  Duplicates: 0  Warnings: 0

Query OK, 0 rows affected (3.10 sec)
Records: 0  Duplicates: 0  Warnings: 0

Query OK, 0 rows affected (3.67 sec)
Records: 0  Duplicates: 0  Warnings: 0

+----------------+
| ticketcomments |
+----------------+
|        1044923 |
+----------------+
1 row in set (0.40 sec)

Database changed
Query OK, 0 rows affected (0.12 sec)

Query OK, 0 rows affected (0.01 sec)

Query OK, 400009 rows affected (45.50 sec)
Records: 400009  Deleted: 0  Skipped: 0  Warnings: 0

Query OK, 0 rows affected (2.53 sec)
Records: 0  Duplicates: 0  Warnings: 0

+----------+
| comments |
+----------+
|   400009 |
+----------+
1 row in set (0.14 sec)

Database changed
Query OK, 0 rows affected (0.03 sec)

Query OK, 0 rows affected (0.01 sec)

Query OK, 721490 rows affected, 65535 warnings (1 min 29.39 sec)
Records: 721490  Deleted: 0  Skipped: 0  Warnings: 721491

Query OK, 0 rows affected (2.17 sec)
Records: 0  Duplicates: 0  Warnings: 0

Query OK, 0 rows affected (1.96 sec)
Records: 0  Duplicates: 0  Warnings: 0

Query OK, 0 rows affected (4.77 sec)
Records: 0  Duplicates: 0  Warnings: 0

Query OK, 0 rows affected (2.26 sec)
Records: 0  Duplicates: 0  Warnings: 0

Query OK, 0 rows affected (2.83 sec)
Records: 0  Duplicates: 0  Warnings: 0

+------------+
| devicesold |
+------------+
|     721490 |
+------------+
1 row in set (0.27 sec)

Database changed
Query OK, 0 rows affected (0.05 sec)

Query OK, 0 rows affected (0.01 sec)

Query OK, 1604883 rows affected (40.78 sec)
Records: 1604883  Deleted: 0  Skipped: 0  Warnings: 0

Query OK, 0 rows affected (5.83 sec)
Records: 0  Duplicates: 0  Warnings: 0

Query OK, 0 rows affected (5.46 sec)
Records: 0  Duplicates: 0  Warnings: 0

Query OK, 0 rows affected (5.86 sec)
Records: 0  Duplicates: 0  Warnings: 0

+------------------+
| contractservices |
+------------------+
|          1604883 |
+------------------+
1 row in set (0.57 sec)

Database changed
Query OK, 0 rows affected (0.08 sec)

Query OK, 0 rows affected (0.01 sec)

Query OK, 3566047 rows affected (2 min 24.99 sec)
Records: 3566047  Deleted: 0  Skipped: 0  Warnings: 0

Query OK, 0 rows affected (14.95 sec)
Records: 0  Duplicates: 0  Warnings: 0

Query OK, 0 rows affected (16.18 sec)
Records: 0  Duplicates: 0  Warnings: 0

Query OK, 0 rows affected (16.73 sec)
Records: 0  Duplicates: 0  Warnings: 0

Query OK, 0 rows affected (12.51 sec)
Records: 0  Duplicates: 0  Warnings: 0

+------------------+
| invoicescontents |
+------------------+
|          3566047 |
+------------------+
1 row in set (1.41 sec)

Database changed
Query OK, 0 rows affected (0.52 sec)

Query OK, 0 rows affected (0.01 sec)

Query OK, 2452495 rows affected (3 min 33.96 sec)
Records: 2452495  Deleted: 0  Skipped: 0  Warnings: 0

Query OK, 0 rows affected (14.65 sec)
Records: 0  Duplicates: 0  Warnings: 0

Query OK, 0 rows affected (13.49 sec)
Records: 0  Duplicates: 0  Warnings: 0

Query OK, 0 rows affected (10.40 sec)
Records: 0  Duplicates: 0  Warnings: 0

Query OK, 0 rows affected (12.48 sec)
Records: 0  Duplicates: 0  Warnings: 0

Query OK, 0 rows affected (11.06 sec)
Records: 0  Duplicates: 0  Warnings: 0

+----------------+
| invoicesheader |
+----------------+
|        2452495 |
+----------------+
1 row in set (0.91 sec)

Database changed
Query OK, 0 rows affected (0.13 sec)

Query OK, 0 rows affected (0.01 sec)

Query OK, 2589443 rows affected (1 min 40.47 sec)
Records: 2589443  Deleted: 0  Skipped: 0  Warnings: 0

Query OK, 0 rows affected (10.05 sec)
Records: 0  Duplicates: 0  Warnings: 0

Query OK, 0 rows affected (7.72 sec)
Records: 0  Duplicates: 0  Warnings: 0

Query OK, 0 rows affected (8.93 sec)
Records: 0  Duplicates: 0  Warnings: 0

Query OK, 0 rows affected (9.34 sec)
Records: 0  Duplicates: 0  Warnings: 0

+---------+
| casa    |
+---------+
| 2589443 |
+---------+
1 row in set (0.98 sec)

Query OK, 0 rows affected (0.08 sec)

Query OK, 12120 rows affected (1 min 20.93 sec)
Records: 12120  Duplicates: 0  Warnings: 0

+--------------------+
| rep_paycol_channel |
+--------------------+
|              12120 |
+--------------------+
1 row in set (0.01 sec)

Query OK, 0 rows affected (0.01 sec)

Query OK, 8282 rows affected (1 min 33.81 sec)
Records: 8282  Duplicates: 0  Warnings: 0

+----------------+
| rep_paycol_pos |
+----------------+
|           8282 |
+----------------+
1 row in set (0.01 sec)

Database changed
Query OK, 0 rows affected (0.01 sec)

Query OK, 0 rows affected (0.01 sec)

Database changed
Query OK, 37893 rows affected (1.09 sec)
Records: 37893  Deleted: 0  Skipped: 0  Warnings: 0

+-------+
| users |
+-------+
| 37893 |
+-------+
1 row in set (0.02 sec)

Database changed
Query OK, 0 rows affected (0.38 sec)

Query OK, 0 rows affected (0.00 sec)

Database changed
Query OK, 9071203 rows affected (2 min 22.84 sec)
Records: 9071203  Deleted: 0  Skipped: 0  Warnings: 0

Query OK, 0 rows affected (37.48 sec)
Records: 0  Duplicates: 0  Warnings: 0

Query OK, 0 rows affected (33.84 sec)
Records: 0  Duplicates: 0  Warnings: 0

Query OK, 0 rows affected (35.72 sec)
Records: 0  Duplicates: 0  Warnings: 0

Query OK, 0 rows affected (30.54 sec)
Records: 0  Duplicates: 0  Warnings: 0

+----------+
| ipusage1 |
+----------+
|  9071203 |
+----------+
1 row in set (7.09 sec)

Query OK, 0 rows affected (0.20 sec)

Query OK, 9140692 rows affected, 65535 warnings (12 min 55.19 sec)
Records: 9140692  Duplicates: 0  Warnings: 9130796

Query OK, 0 rows affected (1 min 11.84 sec)
Records: 0  Duplicates: 0  Warnings: 0

Query OK, 0 rows affected (36.40 sec)
Records: 0  Duplicates: 0  Warnings: 0

Query OK, 0 rows affected (33.22 sec)
Records: 0  Duplicates: 0  Warnings: 0

Query OK, 0 rows affected (37.06 sec)
Records: 0  Duplicates: 0  Warnings: 0

Query OK, 0 rows affected (44.71 sec)
Records: 0  Duplicates: 0  Warnings: 0

Query OK, 0 rows affected (50.64 sec)
Records: 0  Duplicates: 0  Warnings: 0

Query OK, 0 rows affected (46.06 sec)
Records: 0  Duplicates: 0  Warnings: 0

+---------+
| ipusage |
+---------+
| 9140692 |
+---------+
1 row in set (6.65 sec)

Query OK, 0 rows affected (0.23 sec)

Query OK, 3264893 rows affected (2 min 38.93 sec)
Records: 3264893  Duplicates: 0  Warnings: 0

Query OK, 0 rows affected (16.17 sec)
Records: 0  Duplicates: 0  Warnings: 0

Query OK, 0 rows affected (11.59 sec)
Records: 0  Duplicates: 0  Warnings: 0

Query OK, 0 rows affected (12.49 sec)
Records: 0  Duplicates: 0  Warnings: 0

Query OK, 0 rows affected (19.11 sec)
Records: 0  Duplicates: 0  Warnings: 0

Query OK, 0 rows affected (0.16 sec)

Query OK, 286037 rows affected (29.23 sec)
Records: 286037  Duplicates: 0  Warnings: 0

Query OK, 0 rows affected (1.13 sec)
Records: 0  Duplicates: 0  Warnings: 0

Query OK, 0 rows affected (1.13 sec)
Records: 0  Duplicates: 0  Warnings: 0

Query OK, 0 rows affected (1.26 sec)
Records: 0  Duplicates: 0  Warnings: 0

Query OK, 0 rows affected (0.71 sec)
Records: 0  Duplicates: 0  Warnings: 0

Query OK, 0 rows affected (0.75 sec)
Records: 0  Duplicates: 0  Warnings: 0

Query OK, 0 rows affected (0.03 sec)

Query OK, 1604831 rows affected (1 min 14.40 sec)
Records: 1604831  Duplicates: 0  Warnings: 0

Query OK, 0 rows affected (8.98 sec)
Records: 0  Duplicates: 0  Warnings: 0

Query OK, 0 rows affected (4.71 sec)
Records: 0  Duplicates: 0  Warnings: 0

Query OK, 0 rows affected (7.11 sec)
Records: 0  Duplicates: 0  Warnings: 0

mysql> mysql \. C:\workspace\cloud\code\sql\_DailyScript\currenttime.sql
+---------------------+
| currenttime         |
+---------------------+
| 2019-04-23 09:44:06 |
+---------------------+
1 row in set (0.00 sec)

mysql> 
mysql> mysql \. C:\workspace\cloud\code\sql\_DailyScript\ticket_analysis.sql
Database changed
Query OK, 0 rows affected (0.03 sec)

Query OK, 405906 rows affected (22.30 sec)
Records: 405906  Duplicates: 0  Warnings: 0

Query OK, 0 rows affected (5.36 sec)
Records: 0  Duplicates: 0  Warnings: 0

Query OK, 0 rows affected (1.54 sec)
Records: 0  Duplicates: 0  Warnings: 0

Query OK, 0 rows affected (1.30 sec)
Records: 0  Duplicates: 0  Warnings: 0

Query OK, 0 rows affected (0.05 sec)

Query OK, 14896 rows affected (9.04 sec)
Records: 14896  Duplicates: 0  Warnings: 0

Query OK, 0 rows affected, 1 warning (0.00 sec)

Query OK, 55712 rows affected (5.21 sec)
Records: 55712  Duplicates: 0  Warnings: 0

Query OK, 0 rows affected, 1 warning (0.00 sec)

Query OK, 289278 rows affected (8.92 sec)
Records: 289278  Duplicates: 0  Warnings: 0

Query OK, 0 rows affected, 1 warning (0.00 sec)

Query OK, 289278 rows affected (10.28 sec)
Records: 289278  Duplicates: 0  Warnings: 0

Query OK, 0 rows affected (0.29 sec)

Query OK, 55753 rows affected (4.19 sec)
Records: 55753  Duplicates: 0  Warnings: 0

Database changed
Query OK, 0 rows affected (0.00 sec)

Query OK, 0 rows affected (0.02 sec)

Query OK, 405906 rows affected (22.20 sec)
Records: 405906  Duplicates: 0  Warnings: 0

Query OK, 0 rows affected (0.36 sec)

Query OK, 190704 rows affected (14.21 sec)
Records: 190704  Duplicates: 0  Warnings: 0

+--------------------------+
| clientticket_cmmtjourney |
+--------------------------+
|                   405906 |
+--------------------------+
1 row in set (2.60 sec)

+---------------------------+
| clientticket_assgnjourney |
+---------------------------+
|                    190704 |
+---------------------------+
1 row in set (0.25 sec)

Query OK, 0 rows affected (0.01 sec)

Query OK, 75 rows affected (0.10 sec)
Records: 75  Duplicates: 0  Warnings: 0

mysql> mysql \. C:\workspace\cloud\code\sql\_DailyScript\currenttime.sql
+---------------------+
| currenttime         |
+---------------------+
| 2019-04-23 09:45:54 |
+---------------------+
1 row in set (0.00 sec)

mysql> 
mysql> mysql \. C:\workspace\cloud\code\sql\_DailyScript\load_DailyCalls.sql
Database changed
Query OK, 260 rows affected (0.56 sec)
Records: 260  Deleted: 0  Skipped: 0  Warnings: 0

Query OK, 0 rows affected, 1 warning (0.00 sec)

Query OK, 251 rows affected (0.14 sec)
Records: 251  Duplicates: 0  Warnings: 0

Query OK, 0 rows affected, 1 warning (0.00 sec)

Query OK, 66627 rows affected (0.46 sec)
Records: 66627  Duplicates: 0  Warnings: 0

+----------------------+
| callingclientsbefore |
+----------------------+
|               658078 |
+----------------------+
1 row in set (11.24 sec)

Query OK, 326 rows affected (6.69 sec)
Records: 326  Duplicates: 0  Warnings: 0

+---------------------+
| callingclientsafter |
+---------------------+
|              658404 |
+---------------------+
1 row in set (0.28 sec)

Query OK, 0 rows affected (0.02 sec)

Query OK, 183 rows affected (17.68 sec)
Records: 183  Duplicates: 0  Warnings: 0

Query OK, 0 rows affected (0.00 sec)

Query OK, 13646 rows affected (2.38 sec)
Records: 13646  Duplicates: 0  Warnings: 0

+-----------+
| callstats |
+-----------+
|     13646 |
+-----------+
1 row in set (0.01 sec)

mysql> mysql \. C:\workspace\cloud\code\sql\_DailyScript\currenttime.sql
+---------------------+
| currenttime         |
+---------------------+
| 2019-04-23 09:46:33 |
+---------------------+
1 row in set (0.00 sec)

mysql> 
mysql> mysql \. C:\workspace\cloud\code\sql\_DailyScript\DAILY-SCRIPT-USAGE.sql
Database changed
Query OK, 0 rows affected (0.00 sec)

Query OK, 5685 rows affected, 16419 warnings (2.69 sec)
Records: 5685  Deleted: 0  Skipped: 0  Warnings: 16419

Query OK, 0 rows affected (0.00 sec)

Query OK, 10708 rows affected, 30974 warnings (5.24 sec)
Records: 10708  Deleted: 0  Skipped: 0  Warnings: 30974

Query OK, 0 rows affected (0.00 sec)

Query OK, 33 rows affected, 111 warnings (0.02 sec)
Records: 33  Deleted: 0  Skipped: 0  Warnings: 111

Query OK, 0 rows affected (0.00 sec)

Query OK, 194 rows affected, 697 warnings (0.10 sec)
Records: 194  Deleted: 0  Skipped: 0  Warnings: 697

+------------+
| dailyusage |
+------------+
|    5371113 |
+------------+
1 row in set (17.13 sec)

+------------+------------+------------+---------+
| datestart  | dateend    | insertedon | records |
+------------+------------+------------+---------+
| 2019-04-22 | 2019-04-22 | 2019-04-23 |   16620 |
| 2019-04-21 | 2019-04-21 | 2019-04-22 |   16497 |
| 2019-04-20 | 2019-04-20 | 2019-04-21 |   16847 |
| 2019-04-19 | 2019-04-19 | 2019-04-20 |   17226 |
| 2019-04-18 | 2019-04-18 | 2019-04-19 |   17245 |
+------------+------------+------------+---------+
5 rows in set (2 min 17.20 sec)

mysql> mysql \. C:\workspace\cloud\code\sql\_DailyScript\currenttime.sql
+---------------------+
| currenttime         |
+---------------------+
| 2019-04-23 09:49:16 |
+---------------------+
1 row in set (0.00 sec)

mysql> 
mysql> mysql \. C:\workspace\cloud\code\sql\_DailyScript\DAILY-SCRIPT-SALES-TELEMETRY.sql
Database changed
Query OK, 8 rows affected, 14 warnings (0.14 sec)
Records: 8  Deleted: 0  Skipped: 0  Warnings: 14

+------------+
| dailysales |
+------------+
|     149697 |
+------------+
1 row in set (1.08 sec)

Query OK, 0 rows affected (0.09 sec)

Query OK, 149697 rows affected (17.57 sec)
Records: 149697  Duplicates: 0  Warnings: 0

+--------+
| sales  |
+--------+
| 149697 |
+--------+
1 row in set (0.08 sec)

Query OK, 0 rows affected (0.01 sec)

Query OK, 2381 rows affected (0.33 sec)
Records: 2381  Duplicates: 0  Warnings: 0

+----------------+
| rep_dailysales |
+----------------+
|           2381 |
+----------------+
1 row in set (0.00 sec)

Query OK, 0 rows affected (0.01 sec)

Query OK, 2381 rows affected (0.49 sec)
Records: 2381  Duplicates: 0  Warnings: 0

+-------------------+
| rep_dailysalesreg |
+-------------------+
|              2381 |
+-------------------+
1 row in set (0.00 sec)

Query OK, 0 rows affected (0.04 sec)

Query OK, 2372 rows affected (0.66 sec)
Records: 2372  Duplicates: 0  Warnings: 0

+-----------+
| saleslist |
+-----------+
|      2372 |
+-----------+
1 row in set (0.00 sec)

Database changed
ERROR 2 (HY000): File 'C:\ProgramData\MySQL\MySQL Server 5.7\Uploads\_csv\PrepaidCardSales-22042019-P1.csv' not found (Errcode: 2 - No such file or directory)
+------------------+
| dailysinglesales |
+------------------+
|             5656 |
+------------------+
1 row in set (0.05 sec)

Database changed
Query OK, 7 rows affected (0.06 sec)
Records: 7  Deleted: 0  Skipped: 0  Warnings: 0

+-----------------+
| dailyaddonsales |
+-----------------+
|           15457 |
+-----------------+
1 row in set (0.05 sec)

Query OK, 99 rows affected (0.13 sec)
Records: 99  Deleted: 0  Skipped: 0  Warnings: 0

+----------------+
| onlinepayments |
+----------------+
|          49919 |
+----------------+
1 row in set (0.09 sec)

+-------------+----------------+---------------------+
| paymentdate | onlinepayments | onlinepaymentamount |
+-------------+----------------+---------------------+
| 2019-04-22  |             99 |         68199.89000 |
| 2019-04-21  |             78 |         48655.21000 |
| 2019-04-20  |             93 |         57382.20000 |
| 2019-04-19  |             77 |         41845.74000 |
| 2019-04-18  |             87 |         56218.98000 |
+-------------+----------------+---------------------+
5 rows in set (2.87 sec)

+-------------+--------------+----------------+---------------------+
| paymentyear | paymentmonth | onlinepayments | onlinepaymentamount |
+-------------+--------------+----------------+---------------------+
|        2019 |            4 |           1857 |       1227891.46000 |
|        2019 |            3 |           2821 |       1851177.84000 |
|        2019 |            2 |           2441 |       1600446.38000 |
|        2019 |            1 |           2609 |       1678277.98000 |
|        2019 |         NULL |           9728 |       6357793.66000 |
+-------------+--------------+----------------+---------------------+
5 rows in set (0.06 sec)

mysql> mysql \. C:\workspace\cloud\code\sql\_DailyScript\currenttime.sql
+---------------------+
| currenttime         |
+---------------------+
| 2019-04-23 09:49:40 |
+---------------------+
1 row in set (0.00 sec)

mysql> 
mysql> mysql \. C:\workspace\cloud\code\sql\_DailyScript\DAILY-SCRIPT-ACTIVENUMBERS.sql
Database changed
Query OK, 1340 rows affected (1.00 sec)
Records: 1340  Deleted: 0  Skipped: 0  Warnings: 0

+------------+----------+
| period     | count(1) |
+------------+----------+
| 2019-04-22 |     1340 |
| 2019-04-21 |     1340 |
| 2019-04-20 |     1340 |
| 2019-04-19 |     1340 |
| 2019-04-18 |     1340 |
| 2019-04-17 |     1336 |
+------------+----------+
6 rows in set (0.01 sec)

Query OK, 0 rows affected (0.05 sec)

Query OK, 87 rows affected (1.79 sec)
Records: 87  Duplicates: 0  Warnings: 0

+-------------+
| packagelist |
+-------------+
|          87 |
+-------------+
1 row in set (0.00 sec)

Database changed
Query OK, 0 rows affected (0.00 sec)

Query OK, 0 rows affected (0.00 sec)

Query OK, 0 rows affected (0.00 sec)

Query OK, 0 rows affected (0.00 sec)

Query OK, 26311 rows affected, 215 warnings (1 min 4.81 sec)
Records: 26311  Deleted: 0  Skipped: 0  Warnings: 215

+------------+----------+
| period     | count(1) |
+------------+----------+
| 2019-04-22 |    26311 |
| 2019-04-21 |    26779 |
| 2019-04-20 |    27054 |
| 2019-04-19 |    27076 |
| 2019-04-18 |    27286 |
+------------+----------+
5 rows in set (0.19 sec)

Query OK, 0 rows affected (0.02 sec)

Query OK, 25673 rows affected (2 min 10.41 sec)
Records: 25673  Duplicates: 0  Warnings: 0

Query OK, 0 rows affected (0.20 sec)
Records: 0  Duplicates: 0  Warnings: 0

Query OK, 0 rows affected (0.14 sec)
Records: 0  Duplicates: 0  Warnings: 0

Query OK, 0 rows affected (0.13 sec)
Records: 0  Duplicates: 0  Warnings: 0

Query OK, 0 rows affected (0.09 sec)
Records: 0  Duplicates: 0  Warnings: 0

Query OK, 0 rows affected (0.08 sec)
Records: 0  Duplicates: 0  Warnings: 0

Query OK, 0 rows affected (0.10 sec)
Records: 0  Duplicates: 0  Warnings: 0

+-------------+
| countbefore |
+-------------+
|    25484243 |
+-------------+
1 row in set (1 min 8.05 sec)

Query OK, 25673 rows affected (20.92 sec)
Records: 25673  Duplicates: 0  Warnings: 0

+------------+
| countafter |
+------------+
|   25509916 |
+------------+
1 row in set (19.70 sec)

+------------+--------------------------+
| period     | customercontractactivity |
+------------+--------------------------+
| 2019-04-22 |                    25673 |
| 2019-04-21 |                    26141 |
| 2019-04-20 |                    26416 |
| 2019-04-19 |                    26438 |
| 2019-04-18 |                    26648 |
+------------+--------------------------+
5 rows in set (0.07 sec)

Query OK, 0 rows affected (0.08 sec)

Query OK, 210211 rows affected (10 min 54.85 sec)
Records: 210211  Duplicates: 0  Warnings: 0

Query OK, 0 rows affected (1.11 sec)
Records: 0  Duplicates: 0  Warnings: 0

Query OK, 0 rows affected (0.99 sec)
Records: 0  Duplicates: 0  Warnings: 0

Query OK, 0 rows affected (1.03 sec)
Records: 0  Duplicates: 0  Warnings: 0

Query OK, 0 rows affected (0.03 sec)

Query OK, 245 rows affected (0.80 sec)
Records: 245  Duplicates: 0  Warnings: 0

Query OK, 0 rows affected (0.03 sec)

Query OK, 2362 rows affected (0.78 sec)
Records: 2362  Duplicates: 0  Warnings: 0

Query OK, 0 rows affected (0.01 sec)

Query OK, 25663 rows affected (0.63 sec)
Records: 25663  Duplicates: 0  Warnings: 0

Query OK, 0 rows affected (0.03 sec)

Query OK, 16584 rows affected (0.39 sec)
Records: 16584  Duplicates: 0  Warnings: 0

Query OK, 0 rows affected (0.01 sec)

Query OK, 16584 rows affected (0.32 sec)
Records: 16584  Duplicates: 0  Warnings: 0

Query OK, 0 rows affected (0.08 sec)

Query OK, 16584 rows affected (1.49 sec)
Records: 16584  Duplicates: 0  Warnings: 0

Query OK, 0 rows affected (0.13 sec)

Query OK, 16584 rows affected (50.46 sec)
Records: 16584  Duplicates: 0  Warnings: 0

+-------------+
| clientstats |
+-------------+
|       16584 |
+-------------+
1 row in set (0.01 sec)

Query OK, 0 rows affected (0.01 sec)

Query OK, 13 rows affected, 1 warning (0.13 sec)
Records: 13  Duplicates: 0  Warnings: 1

+-----------------------+-------------+-------------+----------------+-----------------+
| services              | activecount | allaccounts | uniqueaccounts | uniquecontracts |
+-----------------------+-------------+-------------+----------------+-----------------+
| All                   |         117 |          25 |             25 |              80 |
| Internet & Voice      |         435 |         200 |            200 |             391 |
| Internet Only         |        4044 |        3906 |           3902 |            3978 |
| OTT Only              |           1 |           1 |              1 |               1 |
| TV & Internet         |        8682 |        3762 |           3756 |            7662 |
| TV & Internet & OTT   |        1722 |         501 |            500 |            1012 |
| TV & Internet & Voice |         502 |         138 |            138 |             427 |
| TV & OTT              |         113 |          37 |             37 |              40 |
| TV & Voice            |         126 |          53 |             53 |             110 |
| TV & Voice & OTT      |          10 |           1 |              1 |               3 |
| TV Only               |       10503 |        7769 |           7760 |            7971 |
| Voice Only            |         192 |         191 |            191 |             192 |
| GRAND TOTAL           |       26447 |       16584 |          16523 |           21867 |
+-----------------------+-------------+-------------+----------------+-----------------+
13 rows in set (0.00 sec)

+-------------+-------------+-------------+----------------+-----------------+
| network     | activecount | allaccounts | uniqueaccounts | uniquecontracts |
+-------------+-------------+-------------+----------------+-----------------+
| ADDON       |          13 |           5 |              5 |               5 |
| GPON        |        6513 |        3337 |           3337 |            5007 |
| HFC         |       19921 |       13242 |          13242 |           16855 |
| GRAND TOTAL |       26447 |       16584 |          16523 |           21867 |
+-------------+-------------+-------------+----------------+-----------------+
4 rows in set, 1 warning (0.13 sec)

+-------------+-----------------------+-------------+-------------+----------------+-----------------+
| network     | services              | activecount | allaccounts | uniqueaccounts | uniquecontracts |
+-------------+-----------------------+-------------+-------------+----------------+-----------------+
| ADDON       | OTT Only              |           1 |           1 |              1 |               1 |
| ADDON       | TV & OTT              |           9 |           2 |              2 |               2 |
| ADDON       | TV Only               |           3 |           2 |              2 |               2 |
| ADDON       | Services Total        |          13 |           5 |              5 |               5 |
| GPON        | All                   |          35 |           7 |              7 |              24 |
| GPON        | Internet & Voice      |          61 |          25 |             25 |              51 |
| GPON        | Internet Only         |         873 |         793 |            793 |             811 |
| GPON        | TV & Internet         |        2888 |        1190 |           1190 |            2451 |
| GPON        | TV & Internet & OTT   |         772 |         218 |            218 |             443 |
| GPON        | TV & Internet & Voice |         113 |          29 |             29 |              88 |
| GPON        | TV & OTT              |          75 |          24 |             24 |              27 |
| GPON        | TV & Voice            |          50 |          19 |             19 |              42 |
| GPON        | TV Only               |        1637 |        1023 |           1023 |            1061 |
| GPON        | Voice Only            |           9 |           9 |              9 |               9 |
| GPON        | Services Total        |        6513 |        3337 |           3337 |            5007 |
| HFC         | All                   |          82 |          18 |             18 |              56 |
| HFC         | Internet & Voice      |         374 |         175 |            175 |             340 |
| HFC         | Internet Only         |        3171 |        3113 |           3113 |            3167 |
| HFC         | TV & Internet         |        5794 |        2572 |           2572 |            5211 |
| HFC         | TV & Internet & OTT   |         950 |         283 |            283 |             569 |
| HFC         | TV & Internet & Voice |         389 |         109 |            109 |             339 |
| HFC         | TV & OTT              |          29 |          11 |             11 |              11 |
| HFC         | TV & Voice            |          76 |          34 |             34 |              68 |
| HFC         | TV & Voice & OTT      |          10 |           1 |              1 |               3 |
| HFC         | TV Only               |        8863 |        6744 |           6744 |            6908 |
| HFC         | Voice Only            |         183 |         182 |            182 |             183 |
| HFC         | Services Total        |       19921 |       13242 |          13242 |           16855 |
| GRAND TOTAL | Services Total        |       26447 |       16584 |          16523 |           21867 |
+-------------+-----------------------+-------------+-------------+----------------+-----------------+
28 rows in set, 2 warnings (0.14 sec)

Query OK, 0 rows affected (0.00 sec)

Query OK, 44 rows affected, 3 warnings (0.19 sec)
Records: 44  Duplicates: 0  Warnings: 3

+-------------+---------------+-----------------------+-------------+-------------+----------------+-----------------+
| region      | network       | services              | activecount | allaccounts | uniqueaccounts | uniquecontracts |
+-------------+---------------+-----------------------+-------------+-------------+----------------+-----------------+
| Mahe        | ADDON         | OTT Only              |           1 |           1 |              1 |               1 |
| Mahe        | ADDON         | TV & OTT              |           4 |           1 |              1 |               1 |
| Mahe        | ADDON         | TV Only               |           3 |           2 |              2 |               2 |
| Mahe        | ADDON         | Services Total        |           8 |           4 |              4 |               4 |
| Mahe        | GPON          | All                   |          29 |           6 |              6 |              20 |
| Mahe        | GPON          | Internet & Voice      |          51 |          20 |             20 |              41 |
| Mahe        | GPON          | Internet Only         |         667 |         587 |            587 |             605 |
| Mahe        | GPON          | TV & Internet         |        2023 |         826 |            826 |            1694 |
| Mahe        | GPON          | TV & Internet & OTT   |         455 |         125 |            125 |             253 |
| Mahe        | GPON          | TV & Internet & Voice |          95 |          24 |             24 |              72 |
| Mahe        | GPON          | TV & OTT              |          46 |          12 |             12 |              14 |
| Mahe        | GPON          | TV & Voice            |          45 |          17 |             17 |              37 |
| Mahe        | GPON          | TV Only               |        1208 |         728 |            728 |             749 |
| Mahe        | GPON          | Voice Only            |           9 |           9 |              9 |               9 |
| Mahe        | GPON          | Services Total        |        4628 |        2354 |           2354 |            3494 |
| Mahe        | HFC           | All                   |          82 |          18 |             18 |              56 |
| Mahe        | HFC           | Internet & Voice      |         374 |         175 |            175 |             340 |
| Mahe        | HFC           | Internet Only         |        3171 |        3113 |           3113 |            3167 |
| Mahe        | HFC           | TV & Internet         |        5794 |        2572 |           2572 |            5211 |
| Mahe        | HFC           | TV & Internet & OTT   |         950 |         283 |            283 |             569 |
| Mahe        | HFC           | TV & Internet & Voice |         389 |         109 |            109 |             339 |
| Mahe        | HFC           | TV & OTT              |          29 |          11 |             11 |              11 |
| Mahe        | HFC           | TV & Voice            |          76 |          34 |             34 |              68 |
| Mahe        | HFC           | TV & Voice & OTT      |          10 |           1 |              1 |               3 |
| Mahe        | HFC           | TV Only               |        8859 |        6742 |           6742 |            6906 |
| Mahe        | HFC           | Voice Only            |         183 |         182 |            182 |             183 |
| Mahe        | HFC           | Services Total        |       19917 |       13240 |          13240 |           16853 |
| Mahe        | Network Total | Services Total        |       24553 |       15598 |          15539 |           20351 |
| Praslin     | ADDON         | TV & OTT              |           5 |           1 |              1 |               1 |
| Praslin     | ADDON         | Services Total        |           5 |           1 |              1 |               1 |
| Praslin     | GPON          | All                   |           6 |           1 |              1 |               4 |
| Praslin     | GPON          | Internet & Voice      |          10 |           5 |              5 |              10 |
| Praslin     | GPON          | Internet Only         |         206 |         206 |            206 |             206 |
| Praslin     | GPON          | TV & Internet         |         865 |         364 |            364 |             757 |
| Praslin     | GPON          | TV & Internet & OTT   |         317 |          93 |             93 |             190 |
| Praslin     | GPON          | TV & Internet & Voice |          18 |           5 |              5 |              16 |
| Praslin     | GPON          | TV & OTT              |          29 |          12 |             12 |              13 |
| Praslin     | GPON          | TV & Voice            |           5 |           2 |              2 |               5 |
| Praslin     | GPON          | TV Only               |         429 |         295 |            295 |             312 |
| Praslin     | GPON          | Services Total        |        1885 |         983 |            983 |            1513 |
| Praslin     | HFC           | TV Only               |           4 |           2 |              2 |               2 |
| Praslin     | HFC           | Services Total        |           4 |           2 |              2 |               2 |
| Praslin     | Network Total | Services Total        |        1894 |         986 |            984 |            1516 |
| GRAND TOTAL | Network Total | Services Total        |       26447 |       16584 |          16523 |           21867 |
+-------------+---------------+-----------------------+-------------+-------------+----------------+-----------------+
44 rows in set (0.00 sec)

Query OK, 0 rows affected (0.01 sec)

Query OK, 25663 rows affected (0.59 sec)
Records: 25663  Duplicates: 0  Warnings: 0

Query OK, 0 rows affected (0.01 sec)

Query OK, 1591 rows affected (8.75 sec)
Records: 1591  Duplicates: 0  Warnings: 0

+--------------------------------------+
| message                              |
+--------------------------------------+
| running rcbill_my.sp_ActiveNumber2() |
+--------------------------------------+
1 row in set (0.00 sec)

Query OK, 0 rows affected (2 min 27.10 sec)

mysql> mysql \. C:\workspace\cloud\code\sql\_DailyScript\currenttime.sql
+---------------------+
| currenttime         |
+---------------------+
| 2019-04-23 10:09:18 |
+---------------------+
1 row in set (0.00 sec)

mysql> 
mysql> mysql \. C:\workspace\cloud\code\sql\_DailyScript\GetActiveNumbers Average -Pivot.sql
Database changed
+-------------------------------------+
| @today := subdate(current_date(),1) |
+-------------------------------------+
| 2019-04-22                          |
+-------------------------------------+
1 row in set (0.00 sec)

+-------------------------------------+
| @lastdayofmonth := last_day(@today) |
+-------------------------------------+
| 2019-04-30                          |
+-------------------------------------+
1 row in set (0.00 sec)

Query OK, 0 rows affected (0.03 sec)

Query OK, 28670 rows affected, 60251 warnings (48.63 sec)
Records: 28670  Duplicates: 0  Warnings: 60251

Query OK, 0 rows affected (0.12 sec)
Records: 0  Duplicates: 0  Warnings: 0

Query OK, 0 rows affected (0.10 sec)
Records: 0  Duplicates: 0  Warnings: 0

Query OK, 0 rows affected (0.08 sec)
Records: 0  Duplicates: 0  Warnings: 0

+-----------------+
| activenumberavg |
+-----------------+
|           28670 |
+-----------------+
1 row in set (0.01 sec)

Query OK, 0 rows affected (0.01 sec)

Query OK, 1724 rows affected (0.42 sec)
Records: 1724  Duplicates: 0  Warnings: 0

+---------------------+
| rep_activenumberavg |
+---------------------+
|                1724 |
+---------------------+
1 row in set (0.00 sec)

+----------------------+
| rep_activenumberavg1 |
+----------------------+
|                  820 |
+----------------------+
1 row in set (0.00 sec)

Query OK, 0 rows affected (0.00 sec)

Query OK, 1447 rows affected (0.33 sec)
Records: 1447  Duplicates: 0  Warnings: 0

Query OK, 0 rows affected (0.01 sec)

Query OK, 7323 rows affected (0.58 sec)
Records: 7323  Duplicates: 0  Warnings: 0

Query OK, 0 rows affected (0.00 sec)

Query OK, 0 rows affected (0.00 sec)

Query OK, 0 rows affected (0.03 sec)

Query OK, 0 rows affected (0.00 sec)

Query OK, 0 rows affected (0.00 sec)
Statement prepared

Query OK, 52 rows affected (0.03 sec)
Records: 52  Duplicates: 0  Warnings: 0

Query OK, 0 rows affected (0.00 sec)

Query OK, 0 rows affected (0.00 sec)

+----------------------+
| rep_activenumberavg2 |
+----------------------+
|                 1447 |
+----------------------+
1 row in set (0.00 sec)

+------------------------+
| rep_activenumberavg_pv |
+------------------------+
|                     52 |
+------------------------+
1 row in set (0.00 sec)

Query OK, 0 rows affected (0.00 sec)

Query OK, 1447 rows affected (0.28 sec)
Records: 1447  Duplicates: 0  Warnings: 0

Query OK, 0 rows affected (0.00 sec)

Query OK, 0 rows affected (0.00 sec)

Query OK, 0 rows affected (0.00 sec)

Query OK, 0 rows affected (0.00 sec)

Query OK, 0 rows affected (0.00 sec)
Statement prepared

Query OK, 52 rows affected (0.03 sec)
Records: 52  Duplicates: 0  Warnings: 0

Query OK, 0 rows affected (0.00 sec)

Query OK, 0 rows affected (0.00 sec)

+-------------------------+
| rep_activenumberavgMahe |
+-------------------------+
|                    1447 |
+-------------------------+
1 row in set (0.00 sec)

+----------------------------+
| rep_activenumberavgMahe_pv |
+----------------------------+
|                         52 |
+----------------------------+
1 row in set (0.00 sec)

Query OK, 0 rows affected (0.01 sec)

Query OK, 934 rows affected (0.14 sec)
Records: 934  Duplicates: 0  Warnings: 0

Query OK, 0 rows affected (0.00 sec)

Query OK, 0 rows affected (0.00 sec)

Query OK, 0 rows affected (0.02 sec)

Query OK, 0 rows affected (0.00 sec)

Query OK, 0 rows affected (0.00 sec)
Statement prepared

Query OK, 38 rows affected (0.02 sec)
Records: 38  Duplicates: 0  Warnings: 0

Query OK, 0 rows affected (0.00 sec)

Query OK, 0 rows affected (0.00 sec)

+----------------------------+
| rep_activenumberavgPraslin |
+----------------------------+
|                        934 |
+----------------------------+
1 row in set (0.00 sec)

+-------------------------------+
| rep_activenumberavgPraslin_pv |
+-------------------------------+
|                            38 |
+-------------------------------+
1 row in set (0.00 sec)

mysql> mysql \. C:\workspace\cloud\code\sql\_DailyScript\currenttime.sql
+---------------------+
| currenttime         |
+---------------------+
| 2019-04-23 10:10:09 |
+---------------------+
1 row in set (0.00 sec)

mysql> 
mysql> mysql \. C:\workspace\cloud\code\sql\_DailyScript\budget_actual_analysis_2019.sql
Query OK, 0 rows affected (0.00 sec)

Query OK, 554 rows affected, 3 warnings (0.26 sec)
Records: 554  Duplicates: 0  Warnings: 3

+--------------------+
| budget_actual_2019 |
+--------------------+
|                554 |
+--------------------+
1 row in set (0.00 sec)

Query OK, 0 rows affected (0.00 sec)

Query OK, 47 rows affected (0.04 sec)
Records: 47  Duplicates: 0  Warnings: 0

+---------------------------+
| rep_budget_actual_2019_pv |
+---------------------------+
|                        47 |
+---------------------------+
1 row in set (0.00 sec)

mysql> mysql \. C:\workspace\cloud\code\sql\_DailyScript\currenttime.sql
+---------------------+
| currenttime         |
+---------------------+
| 2019-04-23 10:10:09 |
+---------------------+
1 row in set (0.00 sec)

mysql> 
mysql> mysql \. C:\workspace\cloud\code\sql\_DailyScript\reports-sales-addons-prepaid-camera.sql
Database changed
Query OK, 0 rows affected (0.00 sec)

Query OK, 3560 rows affected (0.51 sec)
Records: 3560  Duplicates: 0  Warnings: 0

Query OK, 0 rows affected (0.01 sec)

Query OK, 15466 rows affected (47.05 sec)
Records: 15466  Duplicates: 0  Warnings: 0

+--------------------+
| rep_prepaid_camera |
+--------------------+
|               3560 |
+--------------------+
1 row in set (0.01 sec)

+-----------+
| rep_addon |
+-----------+
|     15466 |
+-----------+
1 row in set (0.01 sec)

mysql> mysql \. C:\workspace\cloud\code\sql\_DailyScript\currenttime.sql
+---------------------+
| currenttime         |
+---------------------+
| 2019-04-23 10:10:57 |
+---------------------+
1 row in set (0.00 sec)

mysql> 
mysql> mysql \. C:\workspace\cloud\code\sql\_DailyScript\housing-estate-analysis.sql
Database changed
Query OK, 0 rows affected (0.01 sec)

Query OK, 2804 rows affected (28.60 sec)
Records: 2804  Duplicates: 0  Warnings: 0

+--------------------+
| rep_housingestates |
+--------------------+
|               2804 |
+--------------------+
1 row in set (0.00 sec)

mysql> mysql \. C:\workspace\cloud\code\sql\_DailyScript\currenttime.sql
+---------------------+
| currenttime         |
+---------------------+
| 2019-04-23 10:11:26 |
+---------------------+
1 row in set (0.00 sec)

mysql> 
mysql> mysql \. C:\workspace\cloud\code\sql\_DailyScript\RCB_ClientAnalyticsReport_Script.sql
Database changed
Query OK, 0 rows affected (0.00 sec)

Query OK, 0 rows affected (0.07 sec)

Query OK, 1650861 rows affected (2 min 45.08 sec)
Records: 1650861  Duplicates: 0  Warnings: 0

Query OK, 0 rows affected (7.46 sec)
Records: 0  Duplicates: 0  Warnings: 0

Query OK, 0 rows affected (5.54 sec)
Records: 0  Duplicates: 0  Warnings: 0

Query OK, 0 rows affected (9.41 sec)
Records: 0  Duplicates: 0  Warnings: 0

Query OK, 0 rows affected (9.41 sec)
Records: 0  Duplicates: 0  Warnings: 0

Query OK, 0 rows affected (9.86 sec)
Records: 0  Duplicates: 0  Warnings: 0

Query OK, 0 rows affected (9.02 sec)
Records: 0  Duplicates: 0  Warnings: 0

Query OK, 0 rows affected (0.00 sec)

Query OK, 434896 rows affected (15.16 sec)
Rows matched: 1650861  Changed: 434896  Warnings: 0

Query OK, 0 rows affected (0.05 sec)

Query OK, 26862 rows affected (5.06 sec)
Records: 26862  Duplicates: 0  Warnings: 0

Query OK, 0 rows affected (0.19 sec)

Query OK, 42126 rows affected (12 min 23.99 sec)
Records: 42126  Duplicates: 0  Warnings: 0

Query OK, 0 rows affected (0.23 sec)
Records: 0  Duplicates: 0  Warnings: 0

Query OK, 0 rows affected (0.29 sec)
Records: 0  Duplicates: 0  Warnings: 0

Query OK, 0 rows affected (0.30 sec)
Records: 0  Duplicates: 0  Warnings: 0

Query OK, 0 rows affected (0.64 sec)

Query OK, 409663 rows affected (13 min 57.79 sec)
Records: 409663  Duplicates: 0  Warnings: 0

Query OK, 0 rows affected (1.84 sec)
Records: 0  Duplicates: 0  Warnings: 0

Query OK, 0 rows affected (1.84 sec)
Records: 0  Duplicates: 0  Warnings: 0

Query OK, 0 rows affected (0.95 sec)
Records: 0  Duplicates: 0  Warnings: 0

Query OK, 0 rows affected (2.02 sec)
Records: 0  Duplicates: 0  Warnings: 0

Query OK, 0 rows affected (1.13 sec)
Records: 0  Duplicates: 0  Warnings: 0

Query OK, 0 rows affected (0.01 sec)

Query OK, 42126 rows affected (1 min 39.03 sec)
Records: 42126  Duplicates: 0  Warnings: 0

+--------------+
| clientreport |
+--------------+
|        42126 |
+--------------+
1 row in set (0.02 sec)

Query OK, 0 rows affected (0.14 sec)

Query OK, 42126 rows affected (7.69 sec)
Records: 42126  Duplicates: 0  Warnings: 0

+----------------------+
| clientextendedreport |
+----------------------+
|                42126 |
+----------------------+
1 row in set (0.02 sec)

Query OK, 0 rows affected (0.02 sec)

Query OK, 42126 rows affected (2 min 42.88 sec)
Records: 42126  Duplicates: 0  Warnings: 0

+---------+
| allcust |
+---------+
|   42126 |
+---------+
1 row in set (0.02 sec)

Query OK, 0 rows affected, 1 warning (0.00 sec)

Query OK, 5000 rows affected (0.83 sec)
Records: 5000  Duplicates: 0  Warnings: 0

Query OK, 0 rows affected (0.03 sec)

Query OK, 6984 rows affected (0.80 sec)
Records: 6984  Duplicates: 0  Warnings: 0

Query OK, 0 rows affected, 1 warning (0.00 sec)

Query OK, 5000 rows affected (0.18 sec)
Records: 5000  Duplicates: 0  Warnings: 0

Query OK, 0 rows affected (0.01 sec)

Query OK, 7370 rows affected (0.24 sec)
Records: 7370  Duplicates: 0  Warnings: 0

mysql> mysql \. C:\workspace\cloud\code\sql\_DailyScript\currenttime.sql
+---------------------+
| currenttime         |
+---------------------+
| 2019-04-23 10:46:25 |
+---------------------+
1 row in set (0.00 sec)

mysql> 
mysql> mysql \. C:\workspace\cloud\code\sql\_DailyScript\REVENUE_PER_NODE_MXK.sql
Query OK, 0 rows affected (0.02 sec)

Query OK, 0 rows affected (0.02 sec)

Query OK, 0 rows affected (0.01 sec)

Query OK, 4895 rows affected (1.79 sec)
Records: 4895  Duplicates: 0  Warnings: 0

+----------------------+
| message              |
+----------------------+
| created temp table a |
+----------------------+
1 row in set (0.00 sec)

Query OK, 4614 rows affected (0.93 sec)
Records: 4614  Duplicates: 0  Warnings: 0

+----------------------+
| message              |
+----------------------+
| created temp table b |
+----------------------+
1 row in set (0.00 sec)

Query OK, 0 rows affected, 1 warning (0.00 sec)

Query OK, 5054 rows affected (9.00 sec)
Records: 5054  Duplicates: 0  Warnings: 0

+--------------------------------+
| message                        |
+--------------------------------+
| created rcbill_my.tempcustmxk1 |
+--------------------------------+
1 row in set (0.00 sec)

Query OK, 0 rows affected (0.00 sec)

Query OK, 0 rows affected (0.00 sec)

Query OK, 0 rows affected, 1 warning (0.00 sec)

Query OK, 4895 rows affected (0.37 sec)
Records: 4895  Duplicates: 0  Warnings: 0

+----------------+
| message        |
+----------------+
| created temp a |
+----------------+
1 row in set (0.00 sec)

Query OK, 4614 rows affected (0.30 sec)
Records: 4614  Duplicates: 0  Warnings: 0

+----------------+
| message        |
+----------------+
| created temp b |
+----------------+
1 row in set (0.00 sec)

Query OK, 0 rows affected, 1 warning (0.00 sec)

Query OK, 4706 rows affected (6.00 sec)
Records: 4706  Duplicates: 0  Warnings: 0

+--------------------------------+
| message                        |
+--------------------------------+
| created rcbill_my.tempcustmxk2 |
+--------------------------------+
1 row in set (0.00 sec)

Query OK, 0 rows affected (0.00 sec)

Query OK, 0 rows affected (0.00 sec)

Query OK, 0 rows affected, 1 warning (0.00 sec)

Query OK, 0 rows affected (0.00 sec)

Query OK, 5362 rows affected (0.30 sec)
Records: 5362  Duplicates: 0  Warnings: 0

+---------------------------------+
| message                         |
+---------------------------------+
| created rcbill_my.customers_mxk |
+---------------------------------+
1 row in set (0.00 sec)

Query OK, 0 rows affected (0.00 sec)

Query OK, 0 rows affected (0.00 sec)

Query OK, 19437 rows affected (0.41 sec)
Records: 19437  Duplicates: 0  Warnings: 0

+----------------+
| message        |
+----------------+
| created temp a |
+----------------+
1 row in set (0.00 sec)

Query OK, 21986 rows affected (2.86 sec)
Records: 21986  Duplicates: 0  Warnings: 0

+----------------+
| message        |
+----------------+
| created temp c |
+----------------+
1 row in set (0.00 sec)

Query OK, 0 rows affected, 1 warning (0.00 sec)

Query OK, 34953 rows affected (0.55 sec)
Records: 34953  Duplicates: 0  Warnings: 0

+---------------------------------+
| message                         |
+---------------------------------+
| created rcbill_my.tempcustcmts1 |
+---------------------------------+
1 row in set (0.00 sec)

Query OK, 0 rows affected (0.00 sec)

Query OK, 0 rows affected, 1 warning (0.00 sec)

Query OK, 0 rows affected (0.01 sec)

Query OK, 19437 rows affected (0.38 sec)
Records: 19437  Duplicates: 0  Warnings: 0

+----------------+
| message        |
+----------------+
| created temp a |
+----------------+
1 row in set (0.00 sec)

Query OK, 21986 rows affected (1.11 sec)
Records: 21986  Duplicates: 0  Warnings: 0

+----------------+
| message        |
+----------------+
| created temp c |
+----------------+
1 row in set (0.00 sec)

Query OK, 0 rows affected, 1 warning (0.00 sec)

Query OK, 23226 rows affected (0.43 sec)
Records: 23226  Duplicates: 0  Warnings: 0

+---------------------------------+
| message                         |
+---------------------------------+
| created rcbill_my.tempcustcmts2 |
+---------------------------------+
1 row in set (0.00 sec)

Query OK, 0 rows affected (0.01 sec)

Query OK, 0 rows affected, 1 warning (0.00 sec)

Query OK, 0 rows affected (0.01 sec)

Query OK, 0 rows affected (0.01 sec)

Query OK, 19491 rows affected (1.49 sec)
Records: 19491  Duplicates: 0  Warnings: 0

+----------------------------------+
| message                          |
+----------------------------------+
| created rcbill_my.customers_cmts |
+----------------------------------+
1 row in set (0.00 sec)

Query OK, 0 rows affected (0.01 sec)

Query OK, 0 rows affected (0.00 sec)

Query OK, 0 rows affected (0.16 sec)

Query OK, 24853 rows affected (1.37 sec)
Records: 24853  Duplicates: 0  Warnings: 0

+--------------------------------------+
| message                              |
+--------------------------------------+
| created rcbill_my.customers_cmts_mxk |
+--------------------------------------+
1 row in set (0.00 sec)

Query OK, 431431 rows affected (26.08 sec)
Records: 431431  Duplicates: 0  Warnings: 0

+----------------+
| message        |
+----------------+
| created temp a |
+----------------+
1 row in set (0.00 sec)

Query OK, 0 rows affected (0.04 sec)

Query OK, 432869 rows affected (15.65 sec)
Records: 432869  Duplicates: 0  Warnings: 0

+------------------------------------------------+
| message                                        |
+------------------------------------------------+
| created rcbill_my.customers_contracts_cmts_mxk |
+------------------------------------------------+
1 row in set (0.00 sec)

Query OK, 0 rows affected (0.01 sec)

Query OK, 0 rows affected, 1 warning (0.00 sec)

Query OK, 0 rows affected, 1 warning (0.00 sec)

Query OK, 0 rows affected (0.00 sec)

Query OK, 8022 rows affected (3.60 sec)
Rows matched: 8022  Changed: 8022  Warnings: 0

+------------------------------------------------+
| message                                        |
+------------------------------------------------+
| updated rcbill_my.customers_contracts_cmts_mxk |
+------------------------------------------------+
1 row in set (0.00 sec)

Query OK, 0 rows affected (1.33 sec)

Query OK, 1599455 rows affected (4 min 36.41 sec)
Records: 1599455  Duplicates: 0  Warnings: 0

+----------------------------------------+
| message                                |
+----------------------------------------+
| created rcbill_my.customers_collection |
+----------------------------------------+
1 row in set (0.00 sec)

Query OK, 0 rows affected (0.41 sec)

Query OK, 1844839 rows affected (2 min 1.78 sec)
Records: 1844839  Duplicates: 0  Warnings: 0

+------------------------------------------------+
| message                                        |
+------------------------------------------------+
| created rcbill_my.customers_cmts_mxk_cont_coll |
+------------------------------------------------+
1 row in set (0.00 sec)

Query OK, 0 rows affected (0.03 sec)

Query OK, 31338 rows affected (7.75 sec)
Records: 31338  Duplicates: 0  Warnings: 0

+------------------------------------------------------------+
| message                                                    |
+------------------------------------------------------------+
| created rcbill_my.customers_contracts_collection_pivot2019 |
+------------------------------------------------------------+
1 row in set (0.00 sec)

Query OK, 0 rows affected (0.05 sec)

Query OK, 18487 rows affected (4.77 sec)
Records: 18487  Duplicates: 0  Warnings: 0

+--------------------------------------------------+
| message                                          |
+--------------------------------------------------+
| created rcbill_my.customers_collection_pivot2019 |
+--------------------------------------------------+
1 row in set (0.00 sec)

Query OK, 0 rows affected (0.01 sec)

Query OK, 42126 rows affected (1.55 sec)
Records: 42126  Duplicates: 0  Warnings: 0

+------------------------------------------------+
| message                                        |
+------------------------------------------------+
| created rcbill_my.rep_customers_collection2019 |
+------------------------------------------------+
1 row in set (0.00 sec)

Query OK, 0 rows affected (0.00 sec)

Query OK, 0 rows affected, 1 warning (0.00 sec)

Query OK, 403671 rows affected (22.14 sec)
Records: 403671  Duplicates: 0  Warnings: 0

+-------------------------+
| message                 |
+-------------------------+
| created rcbill_my.tempa |
+-------------------------+
1 row in set (0.00 sec)

Query OK, 0 rows affected, 1 warning (0.00 sec)

Query OK, 80869 rows affected (11.32 sec)
Records: 80869  Duplicates: 0  Warnings: 0

+-------------------------+
| message                 |
+-------------------------+
| created rcbill_my.tempb |
+-------------------------+
1 row in set (0.00 sec)

Query OK, 403671 rows affected (11.66 sec)
Records: 403671  Duplicates: 0  Warnings: 0

+-----------+
| message   |
+-----------+
| created a |
+-----------+
1 row in set (0.00 sec)

Query OK, 80980 rows affected (8.40 sec)
Records: 80980  Duplicates: 0  Warnings: 0

+-----------+
| message   |
+-----------+
| created b |
+-----------+
1 row in set (0.00 sec)

Query OK, 0 rows affected (0.11 sec)

Query OK, 0 rows affected (0.01 sec)

Query OK, 0 rows affected (0.02 sec)

Query OK, 406310 rows affected (28.96 sec)
Records: 406310  Duplicates: 0  Warnings: 0

+----------------------------------------------+
| message                                      |
+----------------------------------------------+
| created rcbill_my.cust_cont_payment_cmts_mxk |
+----------------------------------------------+
1 row in set (0.00 sec)

Query OK, 0 rows affected (0.01 sec)

Query OK, 0 rows affected (0.00 sec)

Query OK, 0 rows affected, 1 warning (0.00 sec)

Query OK, 0 rows affected (0.01 sec)

Query OK, 42126 rows affected (13.86 sec)
Records: 42126  Duplicates: 0  Warnings: 0

+--------------------------------------------------+
| message                                          |
+--------------------------------------------------+
| created rcbill_my.rep_cust_cont_payment_cmts_mxk |
+--------------------------------------------------+
1 row in set (0.00 sec)

Query OK, 0 rows affected, 1 warning (0.00 sec)

Query OK, 0 rows affected, 1 warning (0.00 sec)

Query OK, 0 rows affected (0.01 sec)

Query OK, 38133 rows affected, 5 warnings (8.51 sec)
Records: 38133  Duplicates: 0  Warnings: 5

+----------------------+
| rep_custconsolidated |
+----------------------+
|                38133 |
+----------------------+
1 row in set (0.04 sec)

Query OK, 0 rows affected (0.00 sec)

Query OK, 0 rows affected (0.01 sec)

+----------------------------------------------+
| message                                      |
+----------------------------------------------+
| creating rcbill_my.retentioncustomeractivity |
+----------------------------------------------+
1 row in set (0.00 sec)

Query OK, 515 rows affected (0.08 sec)
Records: 515  Duplicates: 0  Warnings: 0

+---------------------------+
| retentioncustomeractivity |
+---------------------------+
|                       515 |
+---------------------------+
1 row in set (0.00 sec)

+-----------+------------------------------------+------------+-------------+-----------------+------------------+---------------------+-------------------+
| HFC_NODE  | NODENAME                           | CMTS_DATE  | INSERTED_ON | UNIQUE_ACCOUNTS | UNIQUE_CONTRACTS | UNIQUE_MAC_INRCBOSS | UNIQUE_MAC_INCMTS |
+-----------+------------------------------------+------------+-------------+-----------------+------------------+---------------------+-------------------+
| NULL      | NULL                               | NULL       | 2019-04-23  |           10416 |            11102 |               11199 |                 0 |
| C5/0/0/U0 | ANSE-BOILEAU-2                     | 2019-04-15 | 2019-04-23  |             174 |              180 |                 174 |               176 |
| C5/0/0/U1 | 500-C3-ANSE-BOILEAU                | 2019-04-15 | 2019-04-23  |             177 |              182 |                 177 |               177 |
| C5/0/1/U0 | 501-C4-LA-MISIERE-LEFT-I           | 2019-04-15 | 2019-04-23  |             201 |              207 |                 201 |               201 |
| C5/0/1/U1 | 501-C5-LA-MISIERE-RIGHT            | 2019-04-15 | 2019-04-23  |             107 |              111 |                 107 |               107 |
| C5/0/1/U2 | 501-C7-LA-MISIERE-LEFT-II          | 2019-04-15 | 2019-04-23  |             102 |              108 |                 102 |               102 |
| C5/0/2/U0 | 502-C8-LA-LOUISE                   | 2019-04-15 | 2019-04-23  |             141 |              144 |                 142 |               142 |
| C5/0/2/U1 | LA-LOUISE-2                        | 2019-04-15 | 2019-04-23  |             147 |              150 |                 147 |               148 |
| C5/0/3/U0 | 504-C6-PETIT-PARIS                 | 2019-04-15 | 2019-04-23  |             157 |              162 |                 157 |               157 |
| C5/0/3/U1 | PETIT-PARIS-23                     | 2019-04-15 | 2019-04-23  |              85 |               85 |                  85 |                85 |
| C5/0/4/U0 | FOUR-SEASONS                       | 2019-04-15 | 2019-04-23  |               6 |               22 |                  22 |                23 |
| C5/0/4/U1 | ANCHOR-CAFE-I                      | 2019-04-15 | 2019-04-23  |             153 |              157 |                 153 |               159 |
| C5/0/4/U2 | ANCHOR-CAFE-II                     | 2019-04-15 | 2019-04-23  |             141 |              144 |                 140 |               145 |
| C5/1/0/U0 | POINTE-LARUE-AIRPORT-23            | 2019-04-15 | 2019-04-23  |             108 |              118 |                 110 |               111 |
| C5/1/0/U1 | PPROVIDENCE-23                     | 2019-04-15 | 2019-04-23  |              29 |               32 |                  29 |                29 |
| C5/1/0/U2 | ROSHE-CAIMAN-23                    | 2019-04-15 | 2019-04-23  |              10 |               10 |                  10 |                10 |
| C5/1/0/U3 | HEAD-OFFICE | HO-23                | 2019-04-15 | 2019-04-23  |              23 |               24 |                  23 |                23 |
| C5/1/1/U1 | C5-UNION-VALE                      | 2019-04-15 | 2019-04-23  |             183 |              191 |                 184 |               185 |
| C5/1/3/U0 | POINTE-LARUE-AIRPORT-27            | 2019-04-15 | 2019-04-23  |             128 |              129 |                 128 |               128 |
| C5/1/3/U1 | PPROVIDENCE-27                     | 2019-04-15 | 2019-04-23  |              37 |               38 |                  37 |                37 |
| C5/1/3/U2 | ROSHE-CAIMAN-27                    | 2019-04-15 | 2019-04-23  |              25 |               26 |                  25 |                25 |
| C5/1/3/U3 | HEAD-OFFICE | HO-27                | 2019-04-15 | 2019-04-23  |              26 |               26 |                  26 |                26 |
| C5/1/4/U0 | ANSE-ROYALE-27                     | 2019-04-15 | 2019-04-23  |             191 |              200 |                 192 |               193 |
| C5/1/4/U1 | GLACIS-2-57                        | 2019-04-15 | 2019-04-23  |             137 |              144 |                 136 |               138 |
| C5/1/4/U3 | GLACIS-1                           | 2019-04-15 | 2019-04-23  |              65 |               67 |                  65 |                65 |
| C6/0/1/U0 | SERRET-ROAD-RIGHT/CURIO/PASCAL     | 2019-04-15 | 2019-04-23  |             139 |              144 |                 139 |               140 |
| C6/0/1/U1 | SERRET-ROAD-LEFT/ST.LOUIS/TOWN     | 2019-04-15 | 2019-04-23  |             144 |              152 |                 144 |               144 |
| C6/0/1/U2 | SERRET-ROAD-RIGHT/CURIO/PASCAL-2   | 2019-04-15 | 2019-04-23  |             113 |              116 |                 113 |               114 |
| C6/0/1/U3 | SERRET-ROAD-LEFT/ST.LOUIS/TOWN-2   | 2019-04-15 | 2019-04-23  |             143 |              149 |                 143 |               143 |
| C6/0/2/U0 | SANS-SOUCIS-I                      | 2019-04-15 | 2019-04-23  |             121 |              128 |                 121 |               121 |
| C6/0/2/U1 | SANS-SOUCIS-II                     | 2019-04-15 | 2019-04-23  |             110 |              113 |                 109 |               109 |
| C6/0/2/U2 | BEL-AIR-27                         | 2019-04-15 | 2019-04-23  |              97 |              102 |                  97 |                97 |
| C6/0/2/U3 | BEL-AIR-38                         | 2019-04-15 | 2019-04-23  |             111 |              115 |                 111 |               111 |
| C6/0/3/U0 | LES-MAMELLES-23                    | 2019-04-15 | 2019-04-23  |              96 |               97 |                  96 |                96 |
| C6/0/3/U1 | VICTORIA-23                        | 2019-04-15 | 2019-04-23  |              23 |               27 |                  25 |                28 |
| C6/0/4/U0 | LES-MAMELLES-27                    | 2019-04-15 | 2019-04-23  |              58 |               58 |                  58 |                58 |
| C6/0/4/U1 | VICTORIA-27                        | 2019-04-15 | 2019-04-23  |              37 |               42 |                  38 |                38 |
| C7/1/0/U0 | LA-RETRAITE-23                     | 2019-04-15 | 2019-04-23  |             107 |              112 |                 107 |               107 |
| C7/1/0/U1 | TEA-FACTORY-23                     | 2019-04-15 | 2019-04-23  |              21 |               25 |                  21 |                21 |
| C7/1/0/U2 | PAS-23                             | 2019-04-15 | 2019-04-23  |             119 |              122 |                 120 |               120 |
| C7/1/1/U0 | REEF-ESTATE-23                     | 2019-04-15 | 2019-04-23  |             103 |              105 |                 103 |               103 |
| C7/1/1/U1 | BEL-OMBRE-NEW-23                   | 2019-04-15 | 2019-04-23  |              20 |               26 |                  25 |                26 |
| C7/1/2/U0 | LA-RETRAITE-27                     | 2019-04-15 | 2019-04-23  |             121 |              127 |                 121 |               121 |
| C7/1/2/U1 | TEA-FACTORY-27                     | 2019-04-15 | 2019-04-23  |              25 |               30 |                  28 |                28 |
| C7/1/2/U2 | PAS-27                             | 2019-04-15 | 2019-04-23  |              91 |               99 |                  91 |                91 |
| C7/1/3/U0 | MT-BUXTON-27                       | 2019-04-15 | 2019-04-23  |             174 |              178 |                 173 |               174 |
| C7/1/3/U1 | MT-BUXTON-23                       | 2019-04-15 | 2019-04-23  |              49 |               50 |                  49 |                51 |
| C7/1/4/U0 | REEF-ESTATE-27                     | 2019-04-15 | 2019-04-23  |              61 |               62 |                  61 |                61 |
| C7/1/4/U1 | BEL-OMBRE-NEW-27                   | 2019-04-15 | 2019-04-23  |              30 |               30 |                  30 |                30 |
| C8/0/0/U0 | POLICE-ACADEMY-1-27 - POINTE LARUE | 2019-04-15 | 2019-04-23  |             201 |              203 |                 201 |               202 |
| C8/0/0/U1 | NULL                               | 2019-04-15 | 2019-04-23  |             117 |              123 |                 118 |               119 |
| C8/0/1/U0 | NULL                               | 2019-04-15 | 2019-04-23  |             173 |              181 |                 173 |               173 |
| C8/0/1/U1 | POLICE-ACADEMY-2-27 - TURTLE BAY   | 2019-04-15 | 2019-04-23  |             141 |              144 |                 141 |               143 |
| C8/0/2/U0 | BEAU-VALLON-LEFT-1-57              | 2019-04-15 | 2019-04-23  |             101 |              107 |                 101 |               101 |
| C8/0/3/U1 | BEAU-VALLON-RIGHT-2-57             | 2019-04-15 | 2019-04-23  |             208 |              216 |                 208 |               210 |
| C8/1/0/U0 | MA-JOIE-NODE-27                    | 2019-04-15 | 2019-04-23  |             142 |              147 |                 142 |               143 |
| C8/1/0/U1 | BELONIE-27                         | 2019-04-15 | 2019-04-23  |             149 |              153 |                 147 |               147 |
| C8/1/0/U3 | MA-JOIE-NODE-23                    | 2019-04-15 | 2019-04-23  |              98 |               99 |                  98 |                99 |
| C8/1/1/U0 | 611-C1-ROJN I                      | 2019-04-15 | 2019-04-23  |             177 |              185 |                 177 |               179 |
| C8/1/1/U1 | 611-C5-ROJN II                     | 2019-04-15 | 2019-04-23  |              67 |               69 |                  67 |                68 |
| C8/1/2/U0 | 612-C2-ANSE-ETOILE                 | 2019-04-15 | 2019-04-23  |             186 |              195 |                 185 |               186 |
| C8/1/2/U1 | ANSE-ETOILE-U2                     | 2019-04-15 | 2019-04-23  |              95 |               97 |                  95 |                95 |
| C8/1/3/U0 | 613-C3-ANSE-GAULETTE I             | 2019-04-15 | 2019-04-23  |              72 |               79 |                  72 |                72 |
| C8/1/3/U1 | 613-C7-ANSE-GAULETTE II            | 2019-04-15 | 2019-04-23  |              59 |               64 |                  59 |                59 |
| C8/1/3/U2 | 613-C3-ANSE-GAULETTE III           | 2019-04-15 | 2019-04-23  |              47 |               49 |                  47 |                48 |
| C8/1/3/U3 | TAKAMAKA I                         | 2019-04-15 | 2019-04-23  |              96 |               98 |                  96 |               104 |
| C8/1/3/U4 | TAKAMAKA II                        | 2019-04-15 | 2019-04-23  |              99 |              101 |                  99 |               102 |
| C8/1/4/U0 | 614-BEOLIERE-NODE-1                | 2019-04-15 | 2019-04-23  |             102 |              107 |                 102 |               103 |
| C8/1/4/U1 | 614-BEOLIERE-NODE-2                | 2019-04-15 | 2019-04-23  |             126 |              134 |                 126 |               126 |
+-----------+------------------------------------+------------+-------------+-----------------+------------------+---------------------+-------------------+
69 rows in set (0.47 sec)

+------------------+------------+-------------+-----------------+------------------+----------------------+-------------------+
| MXK_NAME         | MXK_DATE   | INSERTED_ON | UNIQUE_ACCOUNTS | UNIQUE_CONTRACTS | UNIQUE_FSAN_INRCBOSS | UNIQUE_FSAN_INMXK |
+------------------+------------+-------------+-----------------+------------------+----------------------+-------------------+
| NULL             | NULL       | 2019-04-23  |             618 |              640 |                  633 |                 0 |
| MXK-ANSEETOILE   | 2019-04-15 | 2019-04-23  |              67 |               68 |                   68 |                72 |
| MXK-ANSEROYALE   | 2019-04-15 | 2019-04-23  |             129 |              130 |                  130 |               140 |
| MXK-BEAUVALLON   | 2019-04-15 | 2019-04-23  |             992 |             1005 |                  999 |              1031 |
| MXK-MAHE         | 2019-04-15 | 2019-04-23  |             860 |              891 |                  836 |               965 |
| MXK-PERSEVERANCE | 2019-04-15 | 2019-04-23  |            1021 |             1037 |                 1031 |              1068 |
| MXK-PRASLIN      | 2019-04-15 | 2019-04-23  |            1154 |             1159 |                 1150 |              1210 |
+------------------+------------+-------------+-----------------+------------------+----------------------+-------------------+
7 rows in set (0.39 sec)

mysql> mysql \. C:\workspace\cloud\code\sql\_DailyScript\currenttime.sql
+---------------------+
| currenttime         |
+---------------------+
| 2019-04-23 10:56:18 |
+---------------------+
1 row in set (0.00 sec)

mysql> 
mysql> mysql \. C:\workspace\cloud\code\sql\Analysis\service_tickets_assignments.sql
Query OK, 0 rows affected (0.01 sec)

Query OK, 27641 rows affected (12.89 sec)
Records: 27641  Duplicates: 0  Warnings: 0

+-------------------------+
| rep_servicetickets_2019 |
+-------------------------+
|                   27641 |
+-------------------------+
1 row in set (0.03 sec)

mysql> mysql \. C:\workspace\cloud\code\sql\_DailyScript\currenttime.sql
+---------------------+
| currenttime         |
+---------------------+
| 2019-04-23 10:56:31 |
+---------------------+
1 row in set (0.00 sec)

mysql> 
mysql> mysql \. C:\workspace\cloud\code\sql\_DailyScript\sales-to-activenumber.sql
Database changed
+---------------------------------------+
| message                               |
+---------------------------------------+
| dropped table rcbill_my.salestoactive |
+---------------------------------------+
1 row in set (0.00 sec)

Query OK, 0 rows affected (0.01 sec)

Query OK, 13548 rows affected (38 min 35.13 sec)
Records: 13548  Duplicates: 0  Warnings: 0

+---------------------------------------+
| message                               |
+---------------------------------------+
| created table rcbill_my.salestoactive |
+---------------------------------------+
1 row in set (0.28 sec)

Query OK, 0 rows affected (0.13 sec)

+----------------------------------------------+
| message                                      |
+----------------------------------------------+
| dropped table rcbill_my.salestoactivejourney |
+----------------------------------------------+
1 row in set (0.00 sec)

Query OK, 48262 rows affected (48 min 13.22 sec)
Records: 48262  Duplicates: 0  Warnings: 0

+----------------------------------------------+
| message                                      |
+----------------------------------------------+
| created table rcbill_my.salestoactivejourney |
+----------------------------------------------+
1 row in set (0.06 sec)

mysql> mysql \. C:\workspace\cloud\code\sql\_DailyScript\currenttime.sql
+---------------------+
| currenttime         |
+---------------------+
| 2019-04-23 12:23:20 |
+---------------------+
1 row in set (0.00 sec)

mysql> 
mysql> exit
