    -> 
    -> mysql \. C:\workspace\cloud\code\sql\_DailyScript\_setdates.sql
Database changed
Query OK, 0 rows affected (0.00 sec)

Query OK, 0 rows affected (0.00 sec)

Query OK, 0 rows affected (0.00 sec)

Query OK, 0 rows affected (0.00 sec)

Query OK, 0 rows affected (0.00 sec)

Query OK, 0 rows affected (0.00 sec)

Query OK, 0 rows affected (0.00 sec)

Query OK, 0 rows affected (0.00 sec)

Query OK, 0 rows affected (0.02 sec)

Query OK, 0 rows affected (0.00 sec)

Query OK, 0 rows affected (0.00 sec)

Query OK, 0 rows affected (0.00 sec)

Query OK, 0 rows affected (0.00 sec)

Query OK, 0 rows affected (0.00 sec)

Query OK, 0 rows affected (0.00 sec)

Query OK, 0 rows affected (0.00 sec)

Query OK, 0 rows affected (0.00 sec)

Query OK, 0 rows affected (0.00 sec)

Query OK, 0 rows affected (0.00 sec)

Query OK, 0 rows affected (0.02 sec)

Query OK, 0 rows affected (0.00 sec)

mysql> mysql \. C:\workspace\cloud\code\sql\_DailyScript\currenttime.sql
+---------------------+
| currenttime         |
+---------------------+
| 2020-07-26 13:26:24 |
+---------------------+
1 row in set (0.00 sec)

mysql> 
mysql> mysql \. C:\workspace\cloud\code\sql\_DailyScript\load_RCB_VODTITLES.sql
Database changed
Query OK, 0 rows affected (0.00 sec)

Query OK, 11808 rows affected (0.14 sec)

Query OK, 11810 rows affected, 11810 warnings (0.31 sec)
Records: 11810  Deleted: 0  Skipped: 0  Warnings: 11810

Query OK, 0 rows affected (0.00 sec)

Query OK, 2 rows affected (0.01 sec)

+-----------+
| VODTITLES |
+-----------+
|     12268 |
+-----------+
1 row in set (0.00 sec)

+-----------+-----------+
| titletype | typecount |
+-----------+-----------+
| E         |      9778 |
| N         |       229 |
| T         |      1801 |
| NULL      |     11808 |
+-----------+-----------+
4 rows in set (0.03 sec)

mysql> mysql \. C:\workspace\cloud\code\sql\_DailyScript\currenttime.sql
+---------------------+
| currenttime         |
+---------------------+
| 2020-07-26 13:26:24 |
+---------------------+
1 row in set (0.00 sec)

mysql> 
mysql> mysql \. C:\workspace\cloud\code\sql\_DailyScript\DAILY-SCRIPT-LIVETV-STATS.sql
Database changed
Query OK, 0 rows affected (0.02 sec)

Query OK, 90884 rows affected (0.93 sec)
Records: 90884  Duplicates: 0  Warnings: 0

+------------+------------+----------+--------------+--------------+-----------+-------------+----------+--------+------+------------+---------+---------------+
| Table      | Non_unique | Key_name | Seq_in_index | Column_name  | Collation | Cardinality | Sub_part | Packed | Null | Index_type | Comment | Index_comment |
+------------+------------+----------+--------------+--------------+-----------+-------------+----------+--------+------+------------+---------+---------------+
| templivetv |          1 | idxtv1   |            1 | device       | A         |       90715 |     NULL | NULL   | YES  | BTREE      |         |               |
| templivetv |          1 | idxtv2   |            1 | sessionstart | A         |       90715 |     NULL | NULL   | YES  | BTREE      |         |               |
+------------+------------+----------+--------------+--------------+-----------+-------------+----------+--------+------+------------+---------+---------------+
2 rows in set (0.00 sec)

Query OK, 90803 rows affected (13.00 sec)
Records: 90803  Duplicates: 0  Warnings: 0

Query OK, 2721 rows affected (0.60 sec)
Records: 2721  Duplicates: 0  Warnings: 0

Query OK, 0 rows affected (0.00 sec)

Query OK, 0 rows affected (0.00 sec)

Query OK, 136 rows affected (0.04 sec)
Records: 136  Duplicates: 0  Warnings: 0

Query OK, 0 rows affected (0.01 sec)

Query OK, 27681 rows affected (1 min 38.06 sec)
Records: 27681  Duplicates: 0  Warnings: 0

+-----------------+
| rep_livetvstats |
+-----------------+
|           27681 |
+-----------------+
1 row in set (0.01 sec)

mysql> mysql \. C:\workspace\cloud\code\sql\_DailyScript\currenttime.sql
+---------------------+
| currenttime         |
+---------------------+
| 2020-07-26 13:28:17 |
+---------------------+
1 row in set (0.00 sec)

mysql> 
mysql> mysql \. C:\workspace\cloud\code\sql\_DailyScript\DAILY-SCRIPT-VODTS-STATS.sql
Database changed
Query OK, 0 rows affected (0.01 sec)

Query OK, 4927 rows affected (13.31 sec)
Records: 4927  Duplicates: 0  Warnings: 0

+---------+------------+----------+--------------+--------------+-----------+-------------+----------+--------+------+------------+---------+---------------+
| Table   | Non_unique | Key_name | Seq_in_index | Column_name  | Collation | Cardinality | Sub_part | Packed | Null | Index_type | Comment | Index_comment |
+---------+------------+----------+--------------+--------------+-----------+-------------+----------+--------+------+------------+---------+---------------+
| tempvod |          1 | idxtvod1 |            1 | device       | A         |        4577 |     NULL | NULL   | YES  | BTREE      |         |               |
| tempvod |          1 | idxtvod2 |            1 | sessionstart | A         |        4577 |     NULL | NULL   | YES  | BTREE      |         |               |
+---------+------------+----------+--------------+--------------+-----------+-------------+----------+--------+------+------------+---------+---------------+
2 rows in set (0.02 sec)

Query OK, 4927 rows affected (2.63 sec)
Records: 4927  Duplicates: 0  Warnings: 0

Query OK, 0 rows affected (0.00 sec)

Query OK, 746937 rows affected (58.82 sec)
Records: 746937  Duplicates: 0  Warnings: 0

+--------------+
| rep_vodstats |
+--------------+
|       746937 |
+--------------+
1 row in set (0.23 sec)

Database changed
Query OK, 0 rows affected (0.01 sec)

Query OK, 14482 rows affected (34.58 sec)
Records: 14482  Duplicates: 0  Warnings: 0

+--------+------------+----------+--------------+--------------+-----------+-------------+----------+--------+------+------------+---------+---------------+
| Table  | Non_unique | Key_name | Seq_in_index | Column_name  | Collation | Cardinality | Sub_part | Packed | Null | Index_type | Comment | Index_comment |
+--------+------------+----------+--------------+--------------+-----------+-------------+----------+--------+------+------------+---------+---------------+
| tempts |          1 | idxtts1  |            1 | device       | A         |       14653 |     NULL | NULL   | YES  | BTREE      |         |               |
| tempts |          1 | idxtts2  |            1 | sessionstart | A         |       14653 |     NULL | NULL   | YES  | BTREE      |         |               |
+--------+------------+----------+--------------+--------------+-----------+-------------+----------+--------+------+------------+---------+---------------+
2 rows in set (0.00 sec)

Query OK, 14412 rows affected (10.52 sec)
Records: 14412  Duplicates: 0  Warnings: 0

Query OK, 0 rows affected (0.01 sec)

Query OK, 36641 rows affected (33.38 sec)
Records: 36641  Duplicates: 0  Warnings: 0

+-------------+
| rep_tsstats |
+-------------+
|       36641 |
+-------------+
1 row in set (0.02 sec)

mysql> mysql \. C:\workspace\cloud\code\sql\_DailyScript\currenttime.sql
+---------------------+
| currenttime         |
+---------------------+
| 2020-07-26 13:30:50 |
+---------------------+
1 row in set (0.00 sec)

mysql> 
mysql> mysql \. C:\workspace\cloud\code\sql\_DailyScript\DAILY-SCRIPT-RADIO-STATS.sql
Database changed
Query OK, 0 rows affected (0.02 sec)

Query OK, 283800 rows affected (3.04 sec)
Records: 283800  Duplicates: 0  Warnings: 0

+-----------+------------+----------+--------------+--------------+-----------+-------------+----------+--------+------+------------+---------+---------------+
| Table     | Non_unique | Key_name | Seq_in_index | Column_name  | Collation | Cardinality | Sub_part | Packed | Null | Index_type | Comment | Index_comment |
+-----------+------------+----------+--------------+--------------+-----------+-------------+----------+--------+------+------------+---------+---------------+
| tempradio |          1 | idxtrad1 |            1 | device       | A         |      283109 |     NULL | NULL   | YES  | BTREE      |         |               |
| tempradio |          1 | idxtrad2 |            1 | sessionstart | A         |      283109 |     NULL | NULL   | YES  | BTREE      |         |               |
+-----------+------------+----------+--------------+--------------+-----------+-------------+----------+--------+------+------------+---------+---------------+
2 rows in set (0.00 sec)

Query OK, 538 rows affected (1.19 sec)
Records: 538  Duplicates: 0  Warnings: 0

Query OK, 0 rows affected (0.01 sec)

Query OK, 4948 rows affected (0.39 sec)
Records: 4948  Duplicates: 0  Warnings: 0

+----------------+
| rep_radiostats |
+----------------+
|           4948 |
+----------------+
1 row in set (0.00 sec)

mysql> mysql \. C:\workspace\cloud\code\sql\_DailyScript\currenttime.sql
+---------------------+
| currenttime         |
+---------------------+
| 2020-07-26 13:30:55 |
+---------------------+
1 row in set (0.00 sec)

mysql> 
mysql> mysql \. C:\workspace\cloud\code\sql\_DailyScript\DAILY_SCRIPT_TELEMETRY_PIVOT_2020.sql
Query OK, 0 rows affected (0.01 sec)

Query OK, 146 rows affected (0.14 sec)
Records: 146  Duplicates: 0  Warnings: 0

Query OK, 0 rows affected (0.01 sec)

Query OK, 10199 rows affected (2.07 sec)
Records: 10199  Duplicates: 0  Warnings: 0

Query OK, 0 rows affected (0.01 sec)

Query OK, 8 rows affected (0.02 sec)
Records: 8  Duplicates: 0  Warnings: 0

Query OK, 0 rows affected (0.01 sec)

Query OK, 47 rows affected (0.09 sec)
Records: 47  Duplicates: 0  Warnings: 0

mysql> mysql \. C:\workspace\cloud\code\sql\_DailyScript\currenttime.sql
+---------------------+
| currenttime         |
+---------------------+
| 2020-07-26 13:30:57 |
+---------------------+
1 row in set (0.00 sec)

mysql> 
mysql> mysql \. C:\workspace\cloud\code\sql\_DailyScript\telemetry_livetv_ranking2020.sql
Query OK, 0 rows affected (0.01 sec)

Query OK, 146 rows affected (0.02 sec)
Records: 146  Duplicates: 0  Warnings: 0

mysql> mysql \. C:\workspace\cloud\code\sql\_DailyScript\currenttime.sql
+---------------------+
| currenttime         |
+---------------------+
| 2020-07-26 13:30:57 |
+---------------------+
1 row in set (0.00 sec)

mysql> 
mysql> mysql \. C:\workspace\cloud\code\sql\_DailyScript\telemetry_radio_ranking2020.sql
Query OK, 0 rows affected (0.01 sec)

Query OK, 8 rows affected (0.02 sec)
Records: 8  Duplicates: 0  Warnings: 0

mysql> mysql \. C:\workspace\cloud\code\sql\_DailyScript\currenttime.sql
+---------------------+
| currenttime         |
+---------------------+
| 2020-07-26 13:30:57 |
+---------------------+
1 row in set (0.00 sec)

mysql> 
mysql> mysql \. C:\workspace\cloud\code\sql\_DailyScript\telemetry_ts_ranking2020.sql
Query OK, 0 rows affected (0.00 sec)

Query OK, 47 rows affected (0.02 sec)
Records: 47  Duplicates: 0  Warnings: 0

mysql> mysql \. C:\workspace\cloud\code\sql\_DailyScript\currenttime.sql
+---------------------+
| currenttime         |
+---------------------+
| 2020-07-26 13:30:57 |
+---------------------+
1 row in set (0.00 sec)

mysql> 
mysql> mysql \. C:\workspace\cloud\code\sql\_DailyScript\telemetry_vod_ranking2020.sql
Query OK, 0 rows affected (0.01 sec)

Query OK, 10199 rows affected (0.48 sec)
Records: 10199  Duplicates: 0  Warnings: 0

mysql> mysql \. C:\workspace\cloud\code\sql\_DailyScript\currenttime.sql
+---------------------+
| currenttime         |
+---------------------+
| 2020-07-26 13:30:58 |
+---------------------+
1 row in set (0.00 sec)

mysql> 
mysql> mysql \. C:\workspace\cloud\code\sql\_DailyScript\telemetry_vod_ranking2020_1.sql
Query OK, 0 rows affected (0.01 sec)

Query OK, 10199 rows affected (0.22 sec)
Records: 10199  Duplicates: 0  Warnings: 0

mysql> mysql \. C:\workspace\cloud\code\sql\_DailyScript\currenttime.sql
+---------------------+
| currenttime         |
+---------------------+
| 2020-07-26 13:30:58 |
+---------------------+
1 row in set (0.00 sec)

mysql> 
mysql> mysql \. C:\workspace\cloud\code\sql\_DailyScript\telemetry_vod_ranking2020_2.sql
Query OK, 0 rows affected (0.01 sec)

Query OK, 10199 rows affected (0.21 sec)
Records: 10199  Duplicates: 0  Warnings: 0

mysql> mysql \. C:\workspace\cloud\code\sql\_DailyScript\currenttime.sql
+---------------------+
| currenttime         |
+---------------------+
| 2020-07-26 13:30:58 |
+---------------------+
1 row in set (0.00 sec)

mysql> 
mysql> mysql \. C:\workspace\cloud\code\sql\_DailyScript\DAILY-SCRIPT-CREATE-LOAD.sql
Database changed
Database changed
Query OK, 0 rows affected (0.01 sec)

Query OK, 0 rows affected (0.01 sec)

Database changed
Query OK, 66812 rows affected (2.30 sec)
Records: 66812  Deleted: 0  Skipped: 0  Warnings: 0

Query OK, 0 rows affected (0.13 sec)
Records: 0  Duplicates: 0  Warnings: 0

Query OK, 0 rows affected (0.21 sec)
Records: 0  Duplicates: 0  Warnings: 0

Query OK, 0 rows affected (0.24 sec)
Records: 0  Duplicates: 0  Warnings: 0

Query OK, 0 rows affected (0.20 sec)
Records: 0  Duplicates: 0  Warnings: 0

+---------+
| clients |
+---------+
|   66812 |
+---------+
1 row in set (0.02 sec)

Query OK, 0 rows affected (0.01 sec)

Query OK, 11985 rows affected (5.66 sec)
Records: 11985  Duplicates: 0  Warnings: 0

Query OK, 0 rows affected (0.06 sec)
Records: 0  Duplicates: 0  Warnings: 0

+-------------------+
| rcb_clientparcels |
+-------------------+
|             11985 |
+-------------------+
1 row in set (0.01 sec)

Query OK, 0 rows affected (0.01 sec)

Query OK, 79911 rows affected (2.98 sec)
Records: 79911  Duplicates: 0  Warnings: 0

Query OK, 0 rows affected (0.25 sec)
Records: 0  Duplicates: 0  Warnings: 0

Query OK, 0 rows affected (0.00 sec)

Query OK, 66812 rows affected (35.04 sec)
Records: 66812  Duplicates: 0  Warnings: 0

Query OK, 0 rows affected (0.19 sec)
Records: 0  Duplicates: 0  Warnings: 0

Query OK, 0 rows affected (0.21 sec)
Records: 0  Duplicates: 0  Warnings: 0

Query OK, 0 rows affected (0.16 sec)
Records: 0  Duplicates: 0  Warnings: 0

+---------------+
| clientaddress |
+---------------+
|         66812 |
+---------------+
1 row in set (0.02 sec)

Database changed
Query OK, 0 rows affected (0.01 sec)

Query OK, 0 rows affected (0.01 sec)

Database changed
Query OK, 519585 rows affected, 65535 warnings (14.93 sec)
Records: 519585  Deleted: 0  Skipped: 0  Warnings: 210992

Query OK, 0 rows affected (2.48 sec)
Records: 0  Duplicates: 0  Warnings: 0

Query OK, 0 rows affected (2.25 sec)
Records: 0  Duplicates: 0  Warnings: 0

Query OK, 0 rows affected (1.34 sec)
Records: 0  Duplicates: 0  Warnings: 0

Query OK, 0 rows affected (0.01 sec)

Query OK, 519585 rows affected (39.72 sec)
Records: 519585  Duplicates: 0  Warnings: 0

Query OK, 0 rows affected (1.66 sec)
Records: 0  Duplicates: 0  Warnings: 0

Query OK, 0 rows affected (1.32 sec)
Records: 0  Duplicates: 0  Warnings: 0

+-----------+
| contracts |
+-----------+
|    519585 |
+-----------+
1 row in set (0.14 sec)

+-----------------+
| contractaddress |
+-----------------+
|          519585 |
+-----------------+
1 row in set (0.14 sec)

Database changed
Query OK, 0 rows affected (0.02 sec)

Query OK, 0 rows affected (0.00 sec)

Query OK, 7466 rows affected (0.17 sec)
Records: 7466  Deleted: 0  Skipped: 0  Warnings: 0

Query OK, 0 rows affected (0.01 sec)

Query OK, 7434 rows affected (0.86 sec)
Records: 7434  Duplicates: 0  Warnings: 0

Query OK, 0 rows affected (0.03 sec)
Records: 0  Duplicates: 0  Warnings: 0

Query OK, 0 rows affected (0.00 sec)

Query OK, 5722 rows affected (0.05 sec)
Records: 5722  Duplicates: 0  Warnings: 0

Query OK, 0 rows affected (0.03 sec)
Records: 0  Duplicates: 0  Warnings: 0

+-------------------+
| contractdiscounts |
+-------------------+
|              7466 |
+-------------------+
1 row in set (0.00 sec)

+-------------------------+
| clientcontractdiscounts |
+-------------------------+
|                    7434 |
+-------------------------+
1 row in set (0.01 sec)

+----------------------------+
| clientcontractlastdiscount |
+----------------------------+
|                       5722 |
+----------------------------+
1 row in set (0.00 sec)

Database changed
Query OK, 0 rows affected (0.03 sec)

Query OK, 0 rows affected (0.02 sec)

Database changed
Query OK, 138196 rows affected, 8 warnings (2.47 sec)
Records: 138196  Deleted: 0  Skipped: 0  Warnings: 8

Query OK, 0 rows affected (0.30 sec)
Records: 0  Duplicates: 0  Warnings: 0

Query OK, 0 rows affected (0.27 sec)
Records: 0  Duplicates: 0  Warnings: 0

Query OK, 0 rows affected (0.33 sec)
Records: 0  Duplicates: 0  Warnings: 0

Query OK, 0 rows affected (0.30 sec)
Records: 0  Duplicates: 0  Warnings: 0

Query OK, 0 rows affected (0.32 sec)
Records: 0  Duplicates: 0  Warnings: 0

Query OK, 0 rows affected (0.50 sec)
Records: 0  Duplicates: 0  Warnings: 0

Query OK, 0 rows affected (0.07 sec)

Query OK, 1770512 rows affected (3 min 34.31 sec)
Records: 1770512  Duplicates: 0  Warnings: 0

Query OK, 0 rows affected (4.33 sec)
Records: 0  Duplicates: 0  Warnings: 0

+---------+
| devices |
+---------+
|  138196 |
+---------+
1 row in set (0.04 sec)

+-----------------------+
| clientcontractdevices |
+-----------------------+
|               1770512 |
+-----------------------+
1 row in set (0.63 sec)

Query OK, 0 rows affected (0.01 sec)

Query OK, 138124 rows affected (5.29 sec)
Records: 138124  Duplicates: 0  Warnings: 0

+---------------------------+
| rep_clientcontractdevices |
+---------------------------+
|                    138124 |
+---------------------------+
1 row in set (0.04 sec)

Database changed
Query OK, 0 rows affected (0.01 sec)

Query OK, 0 rows affected (0.01 sec)

Query OK, 291654 rows affected (6.73 sec)
Records: 291654  Deleted: 0  Skipped: 0  Warnings: 0

Query OK, 0 rows affected (0.70 sec)
Records: 0  Duplicates: 0  Warnings: 0

Query OK, 0 rows affected (0.60 sec)
Records: 0  Duplicates: 0  Warnings: 0

Query OK, 0 rows affected (0.58 sec)
Records: 0  Duplicates: 0  Warnings: 0

Query OK, 0 rows affected (0.53 sec)
Records: 0  Duplicates: 0  Warnings: 0

+---------+
| tickets |
+---------+
|  291654 |
+---------+
1 row in set (0.08 sec)

Database changed
Query OK, 0 rows affected (0.01 sec)

Query OK, 0 rows affected (0.01 sec)

Empty set (0.00 sec)

Query OK, 0 rows affected (0.02 sec)
Records: 0  Duplicates: 0  Warnings: 0

Query OK, 359 rows affected, 2 warnings (0.04 sec)
Records: 359  Deleted: 0  Skipped: 0  Warnings: 2

+-----------------+
| tickettechusers |
+-----------------+
|             359 |
+-----------------+
1 row in set (0.00 sec)

Database changed
Query OK, 0 rows affected (0.01 sec)

Query OK, 0 rows affected (0.01 sec)

Query OK, 0 rows affected (0.01 sec)
Records: 0  Duplicates: 0  Warnings: 0

Query OK, 635150 rows affected, 46560 warnings (10.08 sec)
Records: 635150  Deleted: 0  Skipped: 0  Warnings: 46560

+-------------------+
| ticketassignments |
+-------------------+
|            635150 |
+-------------------+
1 row in set (0.16 sec)

Database changed
Query OK, 0 rows affected (0.06 sec)

Query OK, 0 rows affected (0.01 sec)

Query OK, 1290752 rows affected (15.12 sec)
Records: 1290752  Deleted: 0  Skipped: 0  Warnings: 0

Query OK, 0 rows affected (3.46 sec)
Records: 0  Duplicates: 0  Warnings: 0

Query OK, 0 rows affected (2.64 sec)
Records: 0  Duplicates: 0  Warnings: 0

Query OK, 0 rows affected (2.35 sec)
Records: 0  Duplicates: 0  Warnings: 0

Query OK, 0 rows affected (2.61 sec)
Records: 0  Duplicates: 0  Warnings: 0

+----------------+
| ticketcomments |
+----------------+
|        1290752 |
+----------------+
1 row in set (0.35 sec)

Database changed
Query OK, 0 rows affected (0.01 sec)

Query OK, 0 rows affected (0.01 sec)

Query OK, 454210 rows affected (32.36 sec)
Records: 454210  Deleted: 0  Skipped: 0  Warnings: 0

Query OK, 0 rows affected (2.12 sec)
Records: 0  Duplicates: 0  Warnings: 0

+----------+
| comments |
+----------+
|   454210 |
+----------+
1 row in set (0.13 sec)

Database changed
Query OK, 0 rows affected (0.03 sec)

Query OK, 0 rows affected (0.01 sec)

Query OK, 1339979 rows affected, 65535 warnings (1 min 8.59 sec)
Records: 1339979  Deleted: 0  Skipped: 0  Warnings: 1340001

Query OK, 0 rows affected (3.94 sec)
Records: 0  Duplicates: 0  Warnings: 0

Query OK, 0 rows affected (3.07 sec)
Records: 0  Duplicates: 0  Warnings: 0

Query OK, 0 rows affected (3.09 sec)
Records: 0  Duplicates: 0  Warnings: 0

Query OK, 0 rows affected (3.12 sec)
Records: 0  Duplicates: 0  Warnings: 0

Query OK, 0 rows affected (4.46 sec)
Records: 0  Duplicates: 0  Warnings: 0

+------------+
| devicesold |
+------------+
|    1339979 |
+------------+
1 row in set (0.36 sec)

Database changed
Query OK, 0 rows affected (0.03 sec)

Query OK, 0 rows affected (0.01 sec)

Query OK, 1763882 rows affected (21.85 sec)
Records: 1763882  Deleted: 0  Skipped: 0  Warnings: 0

Query OK, 0 rows affected (4.70 sec)
Records: 0  Duplicates: 0  Warnings: 0

Query OK, 0 rows affected (4.04 sec)
Records: 0  Duplicates: 0  Warnings: 0

Query OK, 0 rows affected (3.80 sec)
Records: 0  Duplicates: 0  Warnings: 0

+------------------+
| contractservices |
+------------------+
|          1763882 |
+------------------+
1 row in set (0.49 sec)

Database changed
Query OK, 0 rows affected (0.04 sec)

Query OK, 0 rows affected (0.01 sec)

Query OK, 4203164 rows affected (1 min 44.24 sec)
Records: 4203164  Deleted: 0  Skipped: 0  Warnings: 0

Query OK, 0 rows affected (11.39 sec)
Records: 0  Duplicates: 0  Warnings: 0

Query OK, 0 rows affected (12.99 sec)
Records: 0  Duplicates: 0  Warnings: 0

Query OK, 0 rows affected (10.97 sec)
Records: 0  Duplicates: 0  Warnings: 0

Query OK, 0 rows affected (10.91 sec)
Records: 0  Duplicates: 0  Warnings: 0

+------------------+
| invoicescontents |
+------------------+
|          4203164 |
+------------------+
1 row in set (1.31 sec)

Database changed
Query OK, 0 rows affected (0.13 sec)

Query OK, 0 rows affected (0.01 sec)

Query OK, 2950881 rows affected (2 min 42.23 sec)
Records: 2950881  Deleted: 0  Skipped: 0  Warnings: 0

Query OK, 0 rows affected (11.67 sec)
Records: 0  Duplicates: 0  Warnings: 0

Query OK, 0 rows affected (11.58 sec)
Records: 0  Duplicates: 0  Warnings: 0

Query OK, 0 rows affected (9.22 sec)
Records: 0  Duplicates: 0  Warnings: 0

Query OK, 0 rows affected (11.23 sec)
Records: 0  Duplicates: 0  Warnings: 0

Query OK, 0 rows affected (10.24 sec)
Records: 0  Duplicates: 0  Warnings: 0

+----------------+
| invoicesheader |
+----------------+
|        2950881 |
+----------------+
1 row in set (0.81 sec)

Database changed
Query OK, 0 rows affected (0.04 sec)

Query OK, 0 rows affected (0.00 sec)

Query OK, 3000712 rows affected (1 min 15.23 sec)
Records: 3000712  Deleted: 0  Skipped: 0  Warnings: 0

Query OK, 0 rows affected (7.64 sec)
Records: 0  Duplicates: 0  Warnings: 0

Query OK, 0 rows affected (7.68 sec)
Records: 0  Duplicates: 0  Warnings: 0

Query OK, 0 rows affected (7.59 sec)
Records: 0  Duplicates: 0  Warnings: 0

Query OK, 0 rows affected (7.25 sec)
Records: 0  Duplicates: 0  Warnings: 0

+---------+
| casa    |
+---------+
| 3000712 |
+---------+
1 row in set (0.81 sec)

Query OK, 0 rows affected (0.01 sec)

Query OK, 14539 rows affected (1 min 11.14 sec)
Records: 14539  Duplicates: 0  Warnings: 0

+--------------------+
| rep_paycol_channel |
+--------------------+
|              14539 |
+--------------------+
1 row in set (0.01 sec)

Query OK, 0 rows affected (0.01 sec)

Query OK, 10568 rows affected (1 min 26.69 sec)
Records: 10568  Duplicates: 0  Warnings: 0

+----------------+
| rep_paycol_pos |
+----------------+
|          10568 |
+----------------+
1 row in set (0.00 sec)

Database changed
Query OK, 0 rows affected (0.01 sec)

Query OK, 0 rows affected (0.01 sec)

Database changed
Query OK, 39331 rows affected (0.74 sec)
Records: 39331  Deleted: 0  Skipped: 0  Warnings: 0

+-------+
| users |
+-------+
| 39331 |
+-------+
1 row in set (0.01 sec)

Query OK, 0 rows affected (0.08 sec)
Records: 0  Duplicates: 0  Warnings: 0

Database changed
Query OK, 0 rows affected (0.03 sec)

Query OK, 0 rows affected (0.01 sec)

Query OK, 1872898 rows affected, 2 warnings (28.11 sec)
Records: 1872898  Deleted: 0  Skipped: 0  Warnings: 2

Query OK, 0 rows affected (5.12 sec)
Records: 0  Duplicates: 0  Warnings: 0

Query OK, 0 rows affected (4.58 sec)
Records: 0  Duplicates: 0  Warnings: 0

Query OK, 0 rows affected (4.40 sec)
Records: 0  Duplicates: 0  Warnings: 0

Query OK, 0 rows affected (4.04 sec)
Records: 0  Duplicates: 0  Warnings: 0

Query OK, 0 rows affected (3.81 sec)
Records: 0  Duplicates: 0  Warnings: 0

+-------------+
| useractions |
+-------------+
|     1872898 |
+-------------+
1 row in set (0.56 sec)

Database changed
Query OK, 0 rows affected (0.07 sec)

Query OK, 0 rows affected (0.01 sec)

Database changed
Query OK, 21113341 rows affected (3 min 34.16 sec)
Records: 21113341  Deleted: 0  Skipped: 0  Warnings: 0

Query OK, 0 rows affected (54.08 sec)
Records: 0  Duplicates: 0  Warnings: 0

Query OK, 0 rows affected (51.91 sec)
Records: 0  Duplicates: 0  Warnings: 0

Query OK, 0 rows affected (51.73 sec)
Records: 0  Duplicates: 0  Warnings: 0

Query OK, 0 rows affected (46.89 sec)
Records: 0  Duplicates: 0  Warnings: 0

Query OK, 0 rows affected (1 min 0.77 sec)
Records: 0  Duplicates: 0  Warnings: 0

+----------+
| ipusage1 |
+----------+
| 21113341 |
+----------+
1 row in set (6.95 sec)

Query OK, 0 rows affected (0.10 sec)

Query OK, 21333744 rows affected, 65535 warnings (8 min 43.26 sec)
Records: 21333744  Duplicates: 0  Warnings: 21328090

Query OK, 0 rows affected (57.17 sec)
Records: 0  Duplicates: 0  Warnings: 0

Query OK, 0 rows affected (55.64 sec)
Records: 0  Duplicates: 0  Warnings: 0

Query OK, 0 rows affected (56.08 sec)
Records: 0  Duplicates: 0  Warnings: 0

Query OK, 0 rows affected (50.80 sec)
Records: 0  Duplicates: 0  Warnings: 0

Query OK, 0 rows affected (1 min 23.07 sec)
Records: 0  Duplicates: 0  Warnings: 0

Query OK, 0 rows affected (1 min 28.42 sec)
Records: 0  Duplicates: 0  Warnings: 0

Query OK, 0 rows affected (1 min 18.07 sec)
Records: 0  Duplicates: 0  Warnings: 0

+----------+
| ipusage  |
+----------+
| 21333744 |
+----------+
1 row in set (7.15 sec)

Query OK, 0 rows affected (0.03 sec)

Query OK, 5191973 rows affected (4 min 53.21 sec)
Records: 5191973  Duplicates: 0  Warnings: 0

Query OK, 0 rows affected (16.50 sec)
Records: 0  Duplicates: 0  Warnings: 0

Query OK, 0 rows affected (12.04 sec)
Records: 0  Duplicates: 0  Warnings: 0

Query OK, 0 rows affected (24.37 sec)
Records: 0  Duplicates: 0  Warnings: 0

Query OK, 0 rows affected (18.84 sec)
Records: 0  Duplicates: 0  Warnings: 0

Query OK, 0 rows affected (14.38 sec)
Records: 0  Duplicates: 0  Warnings: 0

Query OK, 0 rows affected (0.02 sec)

Query OK, 428897 rows affected (35.93 sec)
Records: 428897  Duplicates: 0  Warnings: 0

Query OK, 0 rows affected (1.32 sec)
Records: 0  Duplicates: 0  Warnings: 0

Query OK, 0 rows affected (1.15 sec)
Records: 0  Duplicates: 0  Warnings: 0

Query OK, 0 rows affected (1.40 sec)
Records: 0  Duplicates: 0  Warnings: 0

Query OK, 0 rows affected (0.75 sec)
Records: 0  Duplicates: 0  Warnings: 0

Query OK, 0 rows affected (0.72 sec)
Records: 0  Duplicates: 0  Warnings: 0

Query OK, 0 rows affected (0.76 sec)
Records: 0  Duplicates: 0  Warnings: 0

Query OK, 0 rows affected (0.77 sec)
Records: 0  Duplicates: 0  Warnings: 0

Query OK, 0 rows affected (0.02 sec)

Query OK, 1763664 rows affected (46.97 sec)
Records: 1763664  Duplicates: 0  Warnings: 0

Query OK, 0 rows affected (8.63 sec)
Records: 0  Duplicates: 0  Warnings: 0

Query OK, 0 rows affected (3.18 sec)
Records: 0  Duplicates: 0  Warnings: 0

Query OK, 0 rows affected (5.10 sec)
Records: 0  Duplicates: 0  Warnings: 0

mysql> mysql \. C:\workspace\cloud\code\sql\_DailyScript\currenttime.sql
+---------------------+
| currenttime         |
+---------------------+
| 2020-07-26 14:24:20 |
+---------------------+
1 row in set (0.00 sec)

mysql> 
mysql> mysql \. C:\workspace\cloud\code\sql\_DailyScript\ticket_analysis.sql
Database changed
Query OK, 0 rows affected (0.02 sec)

Query OK, 651714 rows affected (19.71 sec)
Records: 651714  Duplicates: 0  Warnings: 0

Query OK, 0 rows affected (4.56 sec)
Records: 0  Duplicates: 0  Warnings: 0

Query OK, 0 rows affected (1.60 sec)
Records: 0  Duplicates: 0  Warnings: 0

Query OK, 0 rows affected (1.69 sec)
Records: 0  Duplicates: 0  Warnings: 0

Query OK, 0 rows affected (0.01 sec)

Query OK, 21182 rows affected (10.92 sec)
Records: 21182  Duplicates: 0  Warnings: 0

Query OK, 0 rows affected, 1 warning (0.00 sec)

Query OK, 92204 rows affected (6.32 sec)
Records: 92204  Duplicates: 0  Warnings: 0

Query OK, 0 rows affected, 1 warning (0.00 sec)

Query OK, 473034 rows affected (11.88 sec)
Records: 473034  Duplicates: 0  Warnings: 0

Query OK, 0 rows affected, 1 warning (0.00 sec)

Query OK, 473034 rows affected (13.12 sec)
Records: 473034  Duplicates: 0  Warnings: 0

Query OK, 0 rows affected (0.01 sec)

Query OK, 92282 rows affected (4.81 sec)
Records: 92282  Duplicates: 0  Warnings: 0

Database changed
Query OK, 0 rows affected (0.00 sec)

Query OK, 0 rows affected (0.02 sec)

Query OK, 651714 rows affected (19.55 sec)
Records: 651714  Duplicates: 0  Warnings: 0

Query OK, 0 rows affected (0.02 sec)

Query OK, 327699 rows affected (12.55 sec)
Records: 327699  Duplicates: 0  Warnings: 0

+--------------------------+
| clientticket_cmmtjourney |
+--------------------------+
|                   651714 |
+--------------------------+
1 row in set (2.10 sec)

+---------------------------+
| clientticket_assgnjourney |
+---------------------------+
|                    327699 |
+---------------------------+
1 row in set (0.35 sec)

Query OK, 0 rows affected (0.01 sec)

Query OK, 82 rows affected (0.08 sec)
Records: 82  Duplicates: 0  Warnings: 0

mysql> mysql \. C:\workspace\cloud\code\sql\_DailyScript\currenttime.sql
+---------------------+
| currenttime         |
+---------------------+
| 2020-07-26 14:26:09 |
+---------------------+
1 row in set (0.00 sec)

mysql> 
mysql> mysql \. C:\workspace\cloud\code\sql\_DailyScript\load_DailyCalls.sql
Database changed
Query OK, 429 rows affected (0.19 sec)
Records: 429  Deleted: 0  Skipped: 0  Warnings: 0

Query OK, 0 rows affected, 1 warning (0.00 sec)

Query OK, 420 rows affected (0.03 sec)
Records: 420  Duplicates: 0  Warnings: 0

Query OK, 0 rows affected, 1 warning (0.00 sec)

Query OK, 67274 rows affected (0.27 sec)
Records: 67274  Duplicates: 0  Warnings: 0

+----------------------+
| callingclientsbefore |
+----------------------+
|               966246 |
+----------------------+
1 row in set (0.39 sec)

Query OK, 661 rows affected (8.51 sec)
Records: 661  Duplicates: 0  Warnings: 0

+---------------------+
| callingclientsafter |
+---------------------+
|              966907 |
+---------------------+
1 row in set (0.25 sec)

Query OK, 0 rows affected (0.01 sec)

Query OK, 292 rows affected (3.13 sec)
Records: 292  Duplicates: 0  Warnings: 0

Query OK, 0 rows affected (0.00 sec)

Query OK, 19397 rows affected (2.86 sec)
Records: 19397  Duplicates: 0  Warnings: 0

+-----------+
| callstats |
+-----------+
|     19397 |
+-----------+
1 row in set (0.00 sec)

Query OK, 0 rows affected, 1 warning (0.02 sec)

Query OK, 661 rows affected (2.27 sec)
Records: 661  Duplicates: 0  Warnings: 0

+------------------------+
| rep_cccallreportbefore |
+------------------------+
|                 966085 |
+------------------------+
1 row in set (0.33 sec)

Query OK, 661 rows affected (0.17 sec)
Records: 661  Duplicates: 0  Warnings: 0

+-----------------------+
| rep_cccallreportafter |
+-----------------------+
|                966746 |
+-----------------------+
1 row in set (0.25 sec)

Query OK, 0 rows affected (0.01 sec)

mysql> mysql \. C:\workspace\cloud\code\sql\_DailyScript\currenttime.sql
+---------------------+
| currenttime         |
+---------------------+
| 2020-07-26 14:26:28 |
+---------------------+
1 row in set (0.00 sec)

mysql> 
mysql> mysql \. C:\workspace\cloud\code\sql\_DailyScript\DAILY-SCRIPT-USAGE.sql
Database changed
Query OK, 0 rows affected (0.00 sec)

Query OK, 8541 rows affected, 24748 warnings (1.38 sec)
Records: 8541  Deleted: 0  Skipped: 0  Warnings: 24748

Query OK, 0 rows affected (0.00 sec)

Query OK, 12757 rows affected, 36962 warnings (1.80 sec)
Records: 12757  Deleted: 0  Skipped: 0  Warnings: 36962

Query OK, 0 rows affected (0.00 sec)

Query OK, 301 rows affected, 1081 warnings (0.05 sec)
Records: 301  Deleted: 0  Skipped: 0  Warnings: 1081

Query OK, 0 rows affected (0.00 sec)

Query OK, 204 rows affected, 707 warnings (0.05 sec)
Records: 204  Deleted: 0  Skipped: 0  Warnings: 707

+------------+
| dailyusage |
+------------+
|   13686913 |
+------------+
1 row in set (5.57 sec)

+------------+------------+------------+---------+
| datestart  | dateend    | insertedon | records |
+------------+------------+------------+---------+
| 2020-07-25 | 2020-07-25 | 2020-07-26 |   21803 |
| 2020-07-24 | 2020-07-24 | 2020-07-25 |   21859 |
| 2020-07-23 | 2020-07-23 | 2020-07-24 |   21899 |
| 2020-07-22 | 2020-07-22 | 2020-07-23 |   20899 |
| 2020-07-21 | 2020-07-21 | 2020-07-22 |   21697 |
+------------+------------+------------+---------+
5 rows in set (26.73 sec)

mysql> mysql \. C:\workspace\cloud\code\sql\_DailyScript\currenttime.sql
+---------------------+
| currenttime         |
+---------------------+
| 2020-07-26 14:27:04 |
+---------------------+
1 row in set (0.00 sec)

mysql> 
mysql> mysql \. C:\workspace\cloud\code\sql\_DailyScript\DAILY-SCRIPT-SALES-TELEMETRY.sql
Database changed
Query OK, 101 rows affected, 32 warnings (0.04 sec)
Records: 101  Deleted: 0  Skipped: 0  Warnings: 32

+------------+
| dailysales |
+------------+
|     202699 |
+------------+
1 row in set (0.28 sec)

Query OK, 0 rows affected (0.01 sec)

Query OK, 202699 rows affected (12.57 sec)
Records: 202699  Duplicates: 0  Warnings: 0

+--------+
| sales  |
+--------+
| 202699 |
+--------+
1 row in set (0.08 sec)

Query OK, 0 rows affected (0.01 sec)

Query OK, 3266 rows affected (0.31 sec)
Records: 3266  Duplicates: 0  Warnings: 0

+----------------+
| rep_dailysales |
+----------------+
|           3266 |
+----------------+
1 row in set (0.00 sec)

Query OK, 0 rows affected (0.00 sec)

Query OK, 3266 rows affected (0.50 sec)
Records: 3266  Duplicates: 0  Warnings: 0

+-------------------+
| rep_dailysalesreg |
+-------------------+
|              3266 |
+-------------------+
1 row in set (0.00 sec)

Query OK, 0 rows affected (0.00 sec)

Query OK, 2776 rows affected (0.63 sec)
Records: 2776  Duplicates: 0  Warnings: 0

+-----------+
| saleslist |
+-----------+
|      2776 |
+-----------+
1 row in set (0.00 sec)

Database changed
ERROR 2 (HY000): File 'C:\ProgramData\MySQL\MySQL Server 5.7\Uploads\_csv\PrepaidCardSales-25072020-P1.csv' not found (Errcode: 2 - No such file or directory)
+------------------+
| dailysinglesales |
+------------------+
|             6324 |
+------------------+
1 row in set (0.01 sec)

Database changed
Query OK, 20 rows affected (0.02 sec)
Records: 20  Deleted: 0  Skipped: 0  Warnings: 0

+-----------------+
| dailyaddonsales |
+-----------------+
|           20113 |
+-----------------+
1 row in set (0.03 sec)

Query OK, 327 rows affected (0.09 sec)
Records: 327  Deleted: 0  Skipped: 0  Warnings: 0

+----------------+
| onlinepayments |
+----------------+
|         112715 |
+----------------+
1 row in set (0.07 sec)

+-------------+----------------+---------------------+
| paymentdate | onlinepayments | onlinepaymentamount |
+-------------+----------------+---------------------+
| 2020-07-25  |            327 |        209027.49000 |
| 2020-07-24  |            316 |        206613.41000 |
| 2020-07-23  |            308 |        205222.55000 |
| 2020-07-22  |            211 |        138337.96000 |
| 2020-07-21  |            154 |         91421.10000 |
+-------------+----------------+---------------------+
5 rows in set (0.40 sec)

+-------------+--------------+----------------+---------------------+
| paymentyear | paymentmonth | onlinepayments | onlinepaymentamount |
+-------------+--------------+----------------+---------------------+
|        2020 |            7 |           4738 |       3042239.15000 |
|        2020 |            6 |           6133 |       4006312.90000 |
|        2020 |            5 |           6399 |       4169369.14000 |
|        2020 |            4 |           7837 |       4979458.33000 |
|        2020 |            3 |           4932 |       3198124.05000 |
+-------------+--------------+----------------+---------------------+
5 rows in set (0.10 sec)

mysql> mysql \. C:\workspace\cloud\code\sql\_DailyScript\currenttime.sql
+---------------------+
| currenttime         |
+---------------------+
| 2020-07-26 14:27:19 |
+---------------------+
1 row in set (0.01 sec)

mysql> 
mysql> mysql \. C:\workspace\cloud\code\sql\_DailyScript\DAILY-SCRIPT-ACTIVENUMBERS.sql
Database changed
Query OK, 1163 rows affected (0.51 sec)
Records: 1163  Deleted: 0  Skipped: 0  Warnings: 0

+------------+----------+
| period     | count(1) |
+------------+----------+
| 2020-07-25 |     1163 |
| 2020-07-24 |     1163 |
| 2020-07-23 |     1164 |
| 2020-07-22 |     1160 |
| 2020-07-21 |     1160 |
+------------+----------+
5 rows in set (0.00 sec)

Query OK, 0 rows affected (0.03 sec)

Query OK, 80 rows affected (1.32 sec)
Records: 80  Duplicates: 0  Warnings: 0

+-------------+
| packagelist |
+-------------+
|          80 |
+-------------+
1 row in set (0.00 sec)

Database changed
Query OK, 0 rows affected (0.00 sec)

Query OK, 0 rows affected (0.00 sec)

Query OK, 0 rows affected (0.00 sec)

Query OK, 0 rows affected (0.00 sec)

Query OK, 27376 rows affected, 223 warnings (19.95 sec)
Records: 27376  Deleted: 0  Skipped: 0  Warnings: 223

+------------+----------+
| period     | count(1) |
+------------+----------+
| 2020-07-25 |    27376 |
| 2020-07-24 |    27449 |
| 2020-07-23 |    27403 |
| 2020-07-22 |    27325 |
| 2020-07-21 |    27410 |
+------------+----------+
5 rows in set (0.14 sec)

Query OK, 0 rows affected (0.02 sec)

Query OK, 26786 rows affected (42.97 sec)
Records: 26786  Duplicates: 0  Warnings: 0

Query OK, 0 rows affected (0.13 sec)
Records: 0  Duplicates: 0  Warnings: 0

Query OK, 0 rows affected (0.11 sec)
Records: 0  Duplicates: 0  Warnings: 0

Query OK, 0 rows affected (0.08 sec)
Records: 0  Duplicates: 0  Warnings: 0

Query OK, 0 rows affected (0.08 sec)
Records: 0  Duplicates: 0  Warnings: 0

Query OK, 0 rows affected (0.06 sec)
Records: 0  Duplicates: 0  Warnings: 0

Query OK, 0 rows affected (0.06 sec)
Records: 0  Duplicates: 0  Warnings: 0

+-------------+
| countbefore |
+-------------+
|    37754897 |
+-------------+
1 row in set (14.29 sec)

Query OK, 26786 rows affected (6.73 sec)
Records: 26786  Duplicates: 0  Warnings: 0

+------------+
| countafter |
+------------+
|   37781683 |
+------------+
1 row in set (14.02 sec)

+------------+--------------------------+
| period     | customercontractactivity |
+------------+--------------------------+
| 2020-07-25 |                    26786 |
| 2020-07-24 |                    26859 |
| 2020-07-23 |                    26813 |
| 2020-07-22 |                    26735 |
| 2020-07-21 |                    26820 |
+------------+--------------------------+
5 rows in set (0.06 sec)

Query OK, 0 rows affected (0.05 sec)

Query OK, 272544 rows affected (6 min 43.04 sec)
Records: 272544  Duplicates: 0  Warnings: 0

Query OK, 0 rows affected (0.90 sec)
Records: 0  Duplicates: 0  Warnings: 0

Query OK, 0 rows affected (0.93 sec)
Records: 0  Duplicates: 0  Warnings: 0

Query OK, 0 rows affected (0.97 sec)
Records: 0  Duplicates: 0  Warnings: 0

Query OK, 0 rows affected (0.00 sec)

Query OK, 226 rows affected (0.40 sec)
Records: 226  Duplicates: 0  Warnings: 0

Query OK, 0 rows affected (0.00 sec)

Query OK, 2588 rows affected (0.54 sec)
Records: 2588  Duplicates: 0  Warnings: 0

Query OK, 0 rows affected (0.00 sec)

Query OK, 26769 rows affected (0.53 sec)
Records: 26769  Duplicates: 0  Warnings: 0

Query OK, 0 rows affected (0.00 sec)

Query OK, 16937 rows affected (0.34 sec)
Records: 16937  Duplicates: 0  Warnings: 0

Query OK, 0 rows affected (0.00 sec)

Query OK, 16937 rows affected (0.13 sec)
Records: 16937  Duplicates: 0  Warnings: 0

Query OK, 0 rows affected (0.01 sec)

Query OK, 16937 rows affected (1.07 sec)
Records: 16937  Duplicates: 0  Warnings: 0

Query OK, 0 rows affected (0.02 sec)

Query OK, 16937 rows affected (42.09 sec)
Records: 16937  Duplicates: 0  Warnings: 0

+-------------+
| clientstats |
+-------------+
|       16937 |
+-------------+
1 row in set (0.00 sec)

Query OK, 0 rows affected (0.00 sec)

Query OK, 12 rows affected, 1 warning (0.09 sec)
Records: 12  Duplicates: 0  Warnings: 1

+-----------------------+-------------+-------------+----------------+-----------------+
| services              | activecount | allaccounts | uniqueaccounts | uniquecontracts |
+-----------------------+-------------+-------------+----------------+-----------------+
| All                   |         330 |          56 |             56 |             178 |
| Internet & Voice      |         397 |         179 |            179 |             349 |
| Internet Only         |        4288 |        4201 |           4194 |            4240 |
| OTT Only              |           3 |           3 |              3 |               3 |
| TV & Internet         |        9006 |        4059 |           4050 |            8235 |
| TV & Internet & OTT   |        3087 |         797 |            796 |            1651 |
| TV & Internet & Voice |         499 |         149 |            149 |             456 |
| TV & OTT              |         344 |          66 |             65 |              84 |
| TV & Voice            |          81 |          38 |             38 |              77 |
| TV Only               |        9273 |        7237 |           7231 |            7411 |
| Voice Only            |         153 |         152 |            151 |             153 |
| GRAND TOTAL           |       27461 |       16937 |          16866 |           22837 |
+-----------------------+-------------+-------------+----------------+-----------------+
12 rows in set (0.00 sec)

+-------------+-------------+-------------+----------------+-----------------+
| network     | activecount | allaccounts | uniqueaccounts | uniquecontracts |
+-------------+-------------+-------------+----------------+-----------------+
| ADDON       |          20 |          12 |             12 |              16 |
| GPON        |        8861 |        4509 |           4506 |            6974 |
| HFC         |       18579 |       12415 |          12415 |           15846 |
| MOBILE TV   |           1 |           1 |              1 |               1 |
| GRAND TOTAL |       27461 |       16937 |          16866 |           22837 |
+-------------+-------------+-------------+----------------+-----------------+
5 rows in set, 1 warning (0.11 sec)

+-------------+-----------------------+-------------+-------------+----------------+-----------------+
| network     | services              | activecount | allaccounts | uniqueaccounts | uniquecontracts |
+-------------+-----------------------+-------------+-------------+----------------+-----------------+
| ADDON       | OTT Only              |           2 |           2 |              2 |               2 |
| ADDON       | TV & OTT              |          10 |           2 |              2 |               6 |
| ADDON       | TV Only               |           8 |           8 |              8 |               8 |
| ADDON       | Services Total        |          20 |          12 |             12 |              16 |
| GPON        | All                   |         171 |          28 |             28 |              89 |
| GPON        | Internet & Voice      |          74 |          30 |             30 |              62 |
| GPON        | Internet Only         |        1105 |        1037 |           1037 |            1060 |
| GPON        | TV & Internet         |        3642 |        1596 |           1596 |            3268 |
| GPON        | TV & Internet & OTT   |        1724 |         440 |            440 |             918 |
| GPON        | TV & Internet & Voice |         197 |          57 |             57 |             178 |
| GPON        | TV & OTT              |         107 |          30 |             30 |              33 |
| GPON        | TV & Voice            |          39 |          18 |             18 |              36 |
| GPON        | TV Only               |        1791 |        1262 |           1262 |            1319 |
| GPON        | Voice Only            |          11 |          11 |             11 |              11 |
| GPON        | Services Total        |        8861 |        4509 |           4506 |            6974 |
| HFC         | All                   |         159 |          28 |             28 |              89 |
| HFC         | Internet & Voice      |         323 |         149 |            149 |             287 |
| HFC         | Internet Only         |        3183 |        3164 |           3164 |            3180 |
| HFC         | TV & Internet         |        5364 |        2463 |           2463 |            4967 |
| HFC         | TV & Internet & OTT   |        1363 |         357 |            357 |             733 |
| HFC         | TV & Internet & Voice |         302 |          92 |             92 |             278 |
| HFC         | TV & OTT              |         227 |          34 |             34 |              45 |
| HFC         | TV & Voice            |          42 |          20 |             20 |              41 |
| HFC         | TV Only               |        7474 |        5967 |           5967 |            6084 |
| HFC         | Voice Only            |         142 |         141 |            141 |             142 |
| HFC         | Services Total        |       18579 |       12415 |          12415 |           15846 |
| MOBILE TV   | OTT Only              |           1 |           1 |              1 |               1 |
| MOBILE TV   | Services Total        |           1 |           1 |              1 |               1 |
| GRAND TOTAL | Services Total        |       27461 |       16937 |          16866 |           22837 |
+-------------+-----------------------+-------------+-------------+----------------+-----------------+
29 rows in set, 2 warnings (0.13 sec)

Query OK, 0 rows affected (0.00 sec)

Query OK, 46 rows affected, 3 warnings (0.16 sec)
Records: 46  Duplicates: 0  Warnings: 3

+-------------+---------------+-----------------------+-------------+-------------+----------------+-----------------+
| region      | network       | services              | activecount | allaccounts | uniqueaccounts | uniquecontracts |
+-------------+---------------+-----------------------+-------------+-------------+----------------+-----------------+
| Mahe        | ADDON         | OTT Only              |           2 |           2 |              2 |               2 |
| Mahe        | ADDON         | TV & OTT              |          10 |           2 |              2 |               6 |
| Mahe        | ADDON         | TV Only               |           4 |           4 |              4 |               4 |
| Mahe        | ADDON         | Services Total        |          16 |           8 |              8 |              12 |
| Mahe        | GPON          | All                   |         153 |          25 |             25 |              80 |
| Mahe        | GPON          | Internet & Voice      |          64 |          25 |             25 |              52 |
| Mahe        | GPON          | Internet Only         |         878 |         810 |            810 |             833 |
| Mahe        | GPON          | TV & Internet         |        2839 |        1237 |           1237 |            2534 |
| Mahe        | GPON          | TV & Internet & OTT   |        1320 |         327 |            327 |             685 |
| Mahe        | GPON          | TV & Internet & Voice |         182 |          53 |             53 |             164 |
| Mahe        | GPON          | TV & OTT              |          90 |          24 |             24 |              27 |
| Mahe        | GPON          | TV & Voice            |          39 |          18 |             18 |              36 |
| Mahe        | GPON          | TV Only               |        1453 |         991 |            991 |            1041 |
| Mahe        | GPON          | Voice Only            |          10 |          10 |             10 |              10 |
| Mahe        | GPON          | Services Total        |        7028 |        3520 |           3520 |            5462 |
| Mahe        | HFC           | All                   |         159 |          28 |             28 |              89 |
| Mahe        | HFC           | Internet & Voice      |         323 |         149 |            149 |             287 |
| Mahe        | HFC           | Internet Only         |        3182 |        3163 |           3163 |            3179 |
| Mahe        | HFC           | TV & Internet         |        5364 |        2463 |           2463 |            4967 |
| Mahe        | HFC           | TV & Internet & OTT   |        1363 |         357 |            357 |             733 |
| Mahe        | HFC           | TV & Internet & Voice |         302 |          92 |             92 |             278 |
| Mahe        | HFC           | TV & OTT              |         227 |          34 |             34 |              45 |
| Mahe        | HFC           | TV & Voice            |          42 |          20 |             20 |              41 |
| Mahe        | HFC           | TV Only               |        7469 |        5964 |           5964 |            6081 |
| Mahe        | HFC           | Voice Only            |         142 |         141 |            141 |             142 |
| Mahe        | HFC           | Services Total        |       18573 |       12411 |          12411 |           15842 |
| Mahe        | MOBILE TV     | OTT Only              |           1 |           1 |              1 |               1 |
| Mahe        | MOBILE TV     | Services Total        |           1 |           1 |              1 |               1 |
| Mahe        | Network Total | Services Total        |       25618 |       15940 |          15875 |           21317 |
| Praslin     | ADDON         | TV Only               |           4 |           4 |              4 |               4 |
| Praslin     | ADDON         | Services Total        |           4 |           4 |              4 |               4 |
| Praslin     | GPON          | All                   |          18 |           3 |              3 |               9 |
| Praslin     | GPON          | Internet & Voice      |          10 |           5 |              5 |              10 |
| Praslin     | GPON          | Internet Only         |         227 |         227 |            227 |             227 |
| Praslin     | GPON          | TV & Internet         |         803 |         359 |            359 |             734 |
| Praslin     | GPON          | TV & Internet & OTT   |         404 |         113 |            113 |             233 |
| Praslin     | GPON          | TV & Internet & Voice |          15 |           4 |              4 |              14 |
| Praslin     | GPON          | TV & OTT              |          17 |           6 |              6 |               6 |
| Praslin     | GPON          | TV Only               |         338 |         271 |            271 |             278 |
| Praslin     | GPON          | Voice Only            |           1 |           1 |              1 |               1 |
| Praslin     | GPON          | Services Total        |        1833 |         989 |            989 |            1512 |
| Praslin     | HFC           | Internet Only         |           1 |           1 |              1 |               1 |
| Praslin     | HFC           | TV Only               |           5 |           3 |              3 |               3 |
| Praslin     | HFC           | Services Total        |           6 |           4 |              4 |               4 |
| Praslin     | Network Total | Services Total        |        1843 |         997 |            994 |            1520 |
| GRAND TOTAL | Network Total | Services Total        |       27461 |       16937 |          16866 |           22837 |
+-------------+---------------+-----------------------+-------------+-------------+----------------+-----------------+
46 rows in set (0.00 sec)

Query OK, 0 rows affected (0.00 sec)

Query OK, 26770 rows affected (0.41 sec)
Records: 26770  Duplicates: 0  Warnings: 0

Query OK, 0 rows affected (0.01 sec)

Query OK, 2095 rows affected (1.32 sec)
Records: 2095  Duplicates: 0  Warnings: 0

+--------------------------------------+
| message                              |
+--------------------------------------+
| running rcbill_my.sp_ActiveNumber2() |
+--------------------------------------+
1 row in set (0.00 sec)

Query OK, 365 rows affected (1 min 41.32 sec)

mysql> mysql \. C:\workspace\cloud\code\sql\_DailyScript\currenttime.sql
+---------------------+
| currenttime         |
+---------------------+
| 2020-07-26 14:38:14 |
+---------------------+
1 row in set (0.00 sec)

mysql> 
mysql> mysql \. C:\workspace\cloud\code\sql\_DailyScript\GetActiveNumbers Average -Pivot.sql
Database changed
+-------------------------------------+
| @today := subdate(current_date(),1) |
+-------------------------------------+
| 2020-07-25                          |
+-------------------------------------+
1 row in set (0.00 sec)

+-------------------------------------+
| @lastdayofmonth := last_day(@today) |
+-------------------------------------+
| 2020-07-31                          |
+-------------------------------------+
1 row in set (0.00 sec)

Query OK, 0 rows affected (0.01 sec)

Query OK, 40268 rows affected, 65535 warnings (48.03 sec)
Records: 40268  Duplicates: 0  Warnings: 81678

Query OK, 0 rows affected (0.09 sec)
Records: 0  Duplicates: 0  Warnings: 0

Query OK, 0 rows affected (0.11 sec)
Records: 0  Duplicates: 0  Warnings: 0

Query OK, 0 rows affected (0.09 sec)
Records: 0  Duplicates: 0  Warnings: 0

+-----------------+
| activenumberavg |
+-----------------+
|           40268 |
+-----------------+
1 row in set (0.01 sec)

Query OK, 0 rows affected (0.01 sec)

Query OK, 1890 rows affected (0.47 sec)
Records: 1890  Duplicates: 0  Warnings: 0

+---------------------+
| rep_activenumberavg |
+---------------------+
|                1890 |
+---------------------+
1 row in set (0.00 sec)

+----------------------+
| rep_activenumberavg1 |
+----------------------+
|                  881 |
+----------------------+
1 row in set (0.00 sec)

Query OK, 0 rows affected (0.00 sec)

Query OK, 2089 rows affected (0.37 sec)
Records: 2089  Duplicates: 0  Warnings: 0

Query OK, 0 rows affected (0.01 sec)

Query OK, 10681 rows affected (0.64 sec)
Records: 10681  Duplicates: 0  Warnings: 0

Query OK, 0 rows affected (0.00 sec)

Query OK, 0 rows affected (0.00 sec)

Query OK, 0 rows affected (0.00 sec)

Query OK, 0 rows affected (0.00 sec)

Query OK, 0 rows affected (0.00 sec)
Statement prepared

Query OK, 53 rows affected (0.05 sec)
Records: 53  Duplicates: 0  Warnings: 0

Query OK, 0 rows affected (0.00 sec)

Query OK, 0 rows affected (0.00 sec)

+----------------------+
| rep_activenumberavg2 |
+----------------------+
|                 2089 |
+----------------------+
1 row in set (0.00 sec)

+------------------------+
| rep_activenumberavg_pv |
+------------------------+
|                     53 |
+------------------------+
1 row in set (0.00 sec)

Query OK, 0 rows affected (0.02 sec)

Query OK, 2089 rows affected (0.30 sec)
Records: 2089  Duplicates: 0  Warnings: 0

Query OK, 0 rows affected (0.00 sec)

Query OK, 0 rows affected (0.01 sec)

Query OK, 0 rows affected (0.00 sec)

Query OK, 0 rows affected (0.00 sec)

Query OK, 0 rows affected (0.00 sec)
Statement prepared

Query OK, 53 rows affected (0.05 sec)
Records: 53  Duplicates: 0  Warnings: 0

Query OK, 0 rows affected (0.00 sec)

Query OK, 0 rows affected (0.00 sec)

+-------------------------+
| rep_activenumberavgMahe |
+-------------------------+
|                    2089 |
+-------------------------+
1 row in set (0.00 sec)

+----------------------------+
| rep_activenumberavgMahe_pv |
+----------------------------+
|                         53 |
+----------------------------+
1 row in set (0.00 sec)

Query OK, 0 rows affected (0.01 sec)

Query OK, 1335 rows affected (0.14 sec)
Records: 1335  Duplicates: 0  Warnings: 0

Query OK, 0 rows affected (0.00 sec)

Query OK, 0 rows affected (0.00 sec)

Query OK, 0 rows affected (0.01 sec)

Query OK, 0 rows affected (0.00 sec)

Query OK, 0 rows affected (0.00 sec)
Statement prepared

Query OK, 40 rows affected (0.03 sec)
Records: 40  Duplicates: 0  Warnings: 0

Query OK, 0 rows affected (0.00 sec)

Query OK, 0 rows affected (0.00 sec)

+----------------------------+
| rep_activenumberavgPraslin |
+----------------------------+
|                       1335 |
+----------------------------+
1 row in set (0.00 sec)

+-------------------------------+
| rep_activenumberavgPraslin_pv |
+-------------------------------+
|                            40 |
+-------------------------------+
1 row in set (0.00 sec)

mysql> mysql \. C:\workspace\cloud\code\sql\_DailyScript\currenttime.sql
+---------------------+
| currenttime         |
+---------------------+
| 2020-07-26 14:39:05 |
+---------------------+
1 row in set (0.00 sec)

mysql> 
mysql> mysql \. C:\workspace\cloud\code\sql\_DailyScript\budget_actual_analysis_2020.sql
Query OK, 0 rows affected (0.01 sec)

Query OK, 840 rows affected, 3 warnings (0.16 sec)
Records: 840  Duplicates: 0  Warnings: 3

+--------------------+
| budget_actual_2020 |
+--------------------+
|                840 |
+--------------------+
1 row in set (0.00 sec)

Query OK, 0 rows affected (0.00 sec)

Query OK, 48 rows affected (0.05 sec)
Records: 48  Duplicates: 0  Warnings: 0

+---------------------------+
| rep_budget_actual_2020_pv |
+---------------------------+
|                        48 |
+---------------------------+
1 row in set (0.00 sec)

mysql> mysql \. C:\workspace\cloud\code\sql\_DailyScript\currenttime.sql
+---------------------+
| currenttime         |
+---------------------+
| 2020-07-26 14:39:05 |
+---------------------+
1 row in set (0.00 sec)

mysql> 
mysql> mysql \. C:\workspace\cloud\code\sql\_DailyScript\reports-sales-addons-prepaid-camera.sql
Database changed
Query OK, 0 rows affected (0.02 sec)

Query OK, 4123 rows affected (0.19 sec)
Records: 4123  Duplicates: 0  Warnings: 0

Query OK, 0 rows affected (0.02 sec)

Query OK, 20156 rows affected (14.45 sec)
Records: 20156  Duplicates: 0  Warnings: 0

+--------------------+
| rep_prepaid_camera |
+--------------------+
|               4123 |
+--------------------+
1 row in set (0.01 sec)

+-----------+
| rep_addon |
+-----------+
|     20156 |
+-----------+
1 row in set (0.01 sec)

mysql> mysql \. C:\workspace\cloud\code\sql\_DailyScript\currenttime.sql
+---------------------+
| currenttime         |
+---------------------+
| 2020-07-26 14:39:20 |
+---------------------+
1 row in set (0.00 sec)

mysql> 
mysql> mysql \. C:\workspace\cloud\code\sql\_DailyScript\housing-estate-analysis.sql
Database changed
Query OK, 0 rows affected (0.01 sec)

Query OK, 3179 rows affected (12.70 sec)
Records: 3179  Duplicates: 0  Warnings: 0

+--------------------+
| rep_housingestates |
+--------------------+
|               3179 |
+--------------------+
1 row in set (0.00 sec)

mysql> mysql \. C:\workspace\cloud\code\sql\_DailyScript\currenttime.sql
+---------------------+
| currenttime         |
+---------------------+
| 2020-07-26 14:39:32 |
+---------------------+
1 row in set (0.00 sec)

mysql> 
mysql> mysql \. C:\workspace\cloud\code\sql\_DailyScript\RCB_ClientAnalyticsReport_Script.sql
Database changed
Query OK, 0 rows affected (0.00 sec)

Query OK, 0 rows affected (0.04 sec)

Query OK, 1920184 rows affected (1 min 8.38 sec)
Records: 1920184  Duplicates: 0  Warnings: 0

Query OK, 0 rows affected (5.90 sec)
Records: 0  Duplicates: 0  Warnings: 0

Query OK, 0 rows affected (4.62 sec)
Records: 0  Duplicates: 0  Warnings: 0

Query OK, 0 rows affected (9.71 sec)
Records: 0  Duplicates: 0  Warnings: 0

Query OK, 0 rows affected (7.22 sec)
Records: 0  Duplicates: 0  Warnings: 0

Query OK, 0 rows affected (8.68 sec)
Records: 0  Duplicates: 0  Warnings: 0

Query OK, 0 rows affected (6.75 sec)
Records: 0  Duplicates: 0  Warnings: 0

Query OK, 0 rows affected (0.00 sec)

Query OK, 485444 rows affected (14.92 sec)
Rows matched: 1920184  Changed: 485444  Warnings: 0

Query OK, 0 rows affected (0.01 sec)

Query OK, 27789 rows affected (4.18 sec)
Records: 27789  Duplicates: 0  Warnings: 0

Query OK, 0 rows affected (0.01 sec)

Query OK, 43782 rows affected (9 min 54.62 sec)
Records: 43782  Duplicates: 0  Warnings: 0

Query OK, 0 rows affected (0.18 sec)
Records: 0  Duplicates: 0  Warnings: 0

Query OK, 0 rows affected (0.14 sec)
Records: 0  Duplicates: 0  Warnings: 0

Query OK, 0 rows affected (0.09 sec)
Records: 0  Duplicates: 0  Warnings: 0

Query OK, 0 rows affected (0.01 sec)

Query OK, 453525 rows affected (12 min 15.65 sec)
Records: 453525  Duplicates: 0  Warnings: 0

Query OK, 0 rows affected (1.47 sec)
Records: 0  Duplicates: 0  Warnings: 0

Query OK, 0 rows affected (1.49 sec)
Records: 0  Duplicates: 0  Warnings: 0

Query OK, 0 rows affected (0.81 sec)
Records: 0  Duplicates: 0  Warnings: 0

Query OK, 0 rows affected (1.76 sec)
Records: 0  Duplicates: 0  Warnings: 0

Query OK, 0 rows affected (1.02 sec)
Records: 0  Duplicates: 0  Warnings: 0

Query OK, 0 rows affected (0.00 sec)

Query OK, 43782 rows affected (1 min 20.51 sec)
Records: 43782  Duplicates: 0  Warnings: 0

+--------------+
| clientreport |
+--------------+
|        43782 |
+--------------+
1 row in set (0.02 sec)

Query OK, 0 rows affected (0.02 sec)

Query OK, 43782 rows affected (5.50 sec)
Records: 43782  Duplicates: 0  Warnings: 0

+----------------------+
| clientextendedreport |
+----------------------+
|                43782 |
+----------------------+
1 row in set (0.01 sec)

Query OK, 0 rows affected (0.00 sec)

Query OK, 43782 rows affected (53.18 sec)
Records: 43782  Duplicates: 0  Warnings: 0

+---------+
| allcust |
+---------+
|   43782 |
+---------+
1 row in set (0.02 sec)

Query OK, 0 rows affected, 1 warning (0.00 sec)

Query OK, 5000 rows affected (0.13 sec)
Records: 5000  Duplicates: 0  Warnings: 0

Query OK, 0 rows affected (0.01 sec)

Query OK, 6880 rows affected (0.29 sec)
Records: 6880  Duplicates: 0  Warnings: 0

Query OK, 0 rows affected, 1 warning (0.00 sec)

Query OK, 5000 rows affected (0.14 sec)
Records: 5000  Duplicates: 0  Warnings: 0

Query OK, 0 rows affected (0.01 sec)

Query OK, 7282 rows affected (0.16 sec)
Records: 7282  Duplicates: 0  Warnings: 0

mysql> mysql \. C:\workspace\cloud\code\sql\_DailyScript\currenttime.sql
+---------------------+
| currenttime         |
+---------------------+
| 2020-07-26 15:06:20 |
+---------------------+
1 row in set (0.00 sec)

mysql> 
mysql> 
mysql> mysql \. C:\workspace\cloud\code\sql\_DailyScript\REVENUE_PER_NODE_MXK.sql
Query OK, 0 rows affected (0.02 sec)

Query OK, 0 rows affected (0.00 sec)

Query OK, 0 rows affected (0.01 sec)

Query OK, 6295 rows affected (1.90 sec)
Records: 6295  Duplicates: 0  Warnings: 0

+----------------------+
| message              |
+----------------------+
| created temp table a |
+----------------------+
1 row in set (0.02 sec)

Query OK, 6811 rows affected (0.83 sec)
Records: 6811  Duplicates: 0  Warnings: 0

+----------------------+
| message              |
+----------------------+
| created temp table b |
+----------------------+
1 row in set (0.00 sec)

Query OK, 0 rows affected, 1 warning (0.00 sec)

Query OK, 6634 rows affected (13.23 sec)
Records: 6634  Duplicates: 0  Warnings: 0

+--------------------------------+
| message                        |
+--------------------------------+
| created rcbill_my.tempcustmxk1 |
+--------------------------------+
1 row in set (0.00 sec)

Query OK, 0 rows affected (0.01 sec)

Query OK, 0 rows affected (0.00 sec)

Query OK, 0 rows affected, 1 warning (0.00 sec)

Query OK, 6295 rows affected (1.30 sec)
Records: 6295  Duplicates: 0  Warnings: 0

+----------------+
| message        |
+----------------+
| created temp a |
+----------------+
1 row in set (0.00 sec)

Query OK, 6811 rows affected (0.71 sec)
Records: 6811  Duplicates: 0  Warnings: 0

+----------------+
| message        |
+----------------+
| created temp b |
+----------------+
1 row in set (0.00 sec)

Query OK, 0 rows affected, 1 warning (0.00 sec)

Query OK, 6911 rows affected (8.72 sec)
Records: 6911  Duplicates: 0  Warnings: 0

+--------------------------------+
| message                        |
+--------------------------------+
| created rcbill_my.tempcustmxk2 |
+--------------------------------+
1 row in set (0.00 sec)

Query OK, 0 rows affected (0.01 sec)

Query OK, 0 rows affected (0.00 sec)

Query OK, 0 rows affected, 1 warning (0.00 sec)

Query OK, 0 rows affected (0.01 sec)

Query OK, 7481 rows affected (0.32 sec)
Records: 7481  Duplicates: 0  Warnings: 0

+---------------------------------+
| message                         |
+---------------------------------+
| created rcbill_my.customers_mxk |
+---------------------------------+
1 row in set (0.00 sec)

Query OK, 0 rows affected (0.01 sec)

Query OK, 0 rows affected (0.00 sec)

Query OK, 14155 rows affected (5.27 sec)
Records: 14155  Duplicates: 0  Warnings: 0

+----------------+
| message        |
+----------------+
| created temp a |
+----------------+
1 row in set (0.00 sec)

Query OK, 19398 rows affected (1.46 sec)
Records: 19398  Duplicates: 0  Warnings: 0

+----------------+
| message        |
+----------------+
| created temp c |
+----------------+
1 row in set (0.00 sec)

Query OK, 0 rows affected, 1 warning (0.01 sec)

Query OK, 27154 rows affected (0.27 sec)
Records: 27154  Duplicates: 0  Warnings: 0

+---------------------------------+
| message                         |
+---------------------------------+
| created rcbill_my.tempcustcmts1 |
+---------------------------------+
1 row in set (0.00 sec)

Query OK, 0 rows affected (0.02 sec)

Query OK, 0 rows affected, 1 warning (0.00 sec)

Query OK, 0 rows affected (0.00 sec)

Query OK, 14155 rows affected (5.28 sec)
Records: 14155  Duplicates: 0  Warnings: 0

+----------------+
| message        |
+----------------+
| created temp a |
+----------------+
1 row in set (0.00 sec)

Query OK, 19398 rows affected (1.39 sec)
Records: 19398  Duplicates: 0  Warnings: 0

+----------------+
| message        |
+----------------+
| created temp c |
+----------------+
1 row in set (0.00 sec)

Query OK, 0 rows affected, 1 warning (0.00 sec)

Query OK, 20093 rows affected (0.25 sec)
Records: 20093  Duplicates: 0  Warnings: 0

+---------------------------------+
| message                         |
+---------------------------------+
| created rcbill_my.tempcustcmts2 |
+---------------------------------+
1 row in set (0.00 sec)

Query OK, 0 rows affected (0.00 sec)

Query OK, 0 rows affected, 1 warning (0.00 sec)

Query OK, 0 rows affected (0.00 sec)

Query OK, 0 rows affected (0.02 sec)

Query OK, 14231 rows affected (0.90 sec)
Records: 14231  Duplicates: 0  Warnings: 0

+----------------------------------+
| message                          |
+----------------------------------+
| created rcbill_my.customers_cmts |
+----------------------------------+
1 row in set (0.00 sec)

Query OK, 0 rows affected (0.00 sec)

Query OK, 0 rows affected (0.00 sec)

Query OK, 0 rows affected (0.02 sec)

Query OK, 18468 rows affected (0.88 sec)
Records: 18468  Duplicates: 0  Warnings: 0

+--------------------------------------+
| message                              |
+--------------------------------------+
| created rcbill_my.customers_cmts_mxk |
+--------------------------------------+
1 row in set (0.00 sec)

Query OK, 480601 rows affected (55.27 sec)
Records: 480601  Duplicates: 0  Warnings: 0

+----------------+
| message        |
+----------------+
| created temp a |
+----------------+
1 row in set (0.00 sec)

Query OK, 0 rows affected (0.01 sec)

Query OK, 481352 rows affected (10.60 sec)
Records: 481352  Duplicates: 0  Warnings: 0

+------------------------------------------------+
| message                                        |
+------------------------------------------------+
| created rcbill_my.customers_contracts_cmts_mxk |
+------------------------------------------------+
1 row in set (0.02 sec)

Query OK, 0 rows affected (0.00 sec)

Query OK, 0 rows affected, 1 warning (0.00 sec)

Query OK, 0 rows affected, 1 warning (0.00 sec)

Query OK, 0 rows affected (0.02 sec)

Query OK, 8472 rows affected (2.59 sec)
Rows matched: 8473  Changed: 8472  Warnings: 0

+------------------------------------------------+
| message                                        |
+------------------------------------------------+
| updated rcbill_my.customers_contracts_cmts_mxk |
+------------------------------------------------+
1 row in set (0.00 sec)

Query OK, 0 rows affected (0.03 sec)

Query OK, 1921321 rows affected (3 min 30.07 sec)
Records: 1921321  Duplicates: 0  Warnings: 0

+----------------------------------------+
| message                                |
+----------------------------------------+
| created rcbill_my.customers_collection |
+----------------------------------------+
1 row in set (0.00 sec)

Query OK, 0 rows affected (0.03 sec)

Query OK, 2218577 rows affected (1 min 42.65 sec)
Records: 2218577  Duplicates: 0  Warnings: 0

+------------------------------------------------+
| message                                        |
+------------------------------------------------+
| created rcbill_my.customers_cmts_mxk_cont_coll |
+------------------------------------------------+
1 row in set (0.00 sec)

Query OK, 0 rows affected (0.02 sec)

Query OK, 439527 rows affected (2 min 8.00 sec)
Records: 439527  Duplicates: 0  Warnings: 0

+--------------------------------------------------------+
| message                                                |
+--------------------------------------------------------+
| created rcbill_my.customers_contracts_collection_pivot |
+--------------------------------------------------------+
1 row in set (0.00 sec)

Query OK, 0 rows affected (0.02 sec)

Query OK, 39853 rows affected (2 min 16.56 sec)
Records: 39853  Duplicates: 0  Warnings: 0

+----------------------------------------------+
| message                                      |
+----------------------------------------------+
| created rcbill_my.customers_collection_pivot |
+----------------------------------------------+
1 row in set (0.00 sec)

Query OK, 0 rows affected (0.01 sec)

Query OK, 43782 rows affected (2.20 sec)
Records: 43782  Duplicates: 0  Warnings: 0

+--------------------------------------------+
| message                                    |
+--------------------------------------------+
| created rcbill_my.rep_customers_collection |
+--------------------------------------------+
1 row in set (0.00 sec)

Query OK, 0 rows affected (0.00 sec)

Query OK, 0 rows affected, 1 warning (0.00 sec)

Query OK, 447291 rows affected (12.87 sec)
Records: 447291  Duplicates: 0  Warnings: 0

+-------------------------+
| message                 |
+-------------------------+
| created rcbill_my.tempa |
+-------------------------+
1 row in set (0.00 sec)

Query OK, 0 rows affected, 1 warning (0.00 sec)

Query OK, 439527 rows affected (18.54 sec)
Records: 439527  Duplicates: 0  Warnings: 0

+-------------------------+
| message                 |
+-------------------------+
| created rcbill_my.tempb |
+-------------------------+
1 row in set (0.00 sec)

Query OK, 447291 rows affected (19.61 sec)
Records: 447291  Duplicates: 0  Warnings: 0

+-----------+
| message   |
+-----------+
| created a |
+-----------+
1 row in set (0.00 sec)

Query OK, 439535 rows affected (20.52 sec)
Records: 439535  Duplicates: 0  Warnings: 0

+-----------+
| message   |
+-----------+
| created b |
+-----------+
1 row in set (0.00 sec)

Query OK, 0 rows affected (0.02 sec)

Query OK, 0 rows affected (0.03 sec)

Query OK, 0 rows affected (0.01 sec)

Query OK, 483719 rows affected (52.24 sec)
Records: 483719  Duplicates: 0  Warnings: 0

+----------------------------------------------+
| message                                      |
+----------------------------------------------+
| created rcbill_my.cust_cont_payment_cmts_mxk |
+----------------------------------------------+
1 row in set (0.00 sec)

Query OK, 0 rows affected (0.02 sec)

Query OK, 0 rows affected (0.01 sec)

Query OK, 0 rows affected, 1 warning (0.00 sec)

Query OK, 0 rows affected (0.01 sec)

Query OK, 43782 rows affected (17.08 sec)
Records: 43782  Duplicates: 0  Warnings: 0

+--------------------------------------------------+
| message                                          |
+--------------------------------------------------+
| created rcbill_my.rep_cust_cont_payment_cmts_mxk |
+--------------------------------------------------+
1 row in set (0.00 sec)

Query OK, 0 rows affected, 1 warning (0.00 sec)

Query OK, 0 rows affected, 1 warning (0.00 sec)

Query OK, 0 rows affected (0.01 sec)

Query OK, 43782 rows affected, 5 warnings (7.74 sec)
Records: 43782  Duplicates: 0  Warnings: 5

+----------------------+
| rep_custconsolidated |
+----------------------+
|                43782 |
+----------------------+
1 row in set (0.49 sec)

Query OK, 0 rows affected (0.02 sec)

+------------------------------------+
| message                            |
+------------------------------------+
| creating rcbill_my.rep_custextract |
+------------------------------------+
1 row in set (0.00 sec)

Query OK, 43782 rows affected (1.15 sec)
Records: 43782  Duplicates: 0  Warnings: 0

+-----------------+
| rep_custextract |
+-----------------+
|           43782 |
+-----------------+
1 row in set (0.01 sec)

Query OK, 0 rows affected (0.00 sec)

Query OK, 0 rows affected (0.01 sec)

+----------------------------------------------+
| message                                      |
+----------------------------------------------+
| creating rcbill_my.retentioncustomeractivity |
+----------------------------------------------+
1 row in set (0.00 sec)

Query OK, 865 rows affected (0.08 sec)
Records: 865  Duplicates: 0  Warnings: 0

+---------------------------+
| retentioncustomeractivity |
+---------------------------+
|                       865 |
+---------------------------+
1 row in set (0.00 sec)

+-----------+------------------------------------+------------+-------------+-----------------+------------------+---------------------+-------------------+
| HFC_NODE  | NODENAME                           | CMTS_DATE  | INSERTED_ON | UNIQUE_ACCOUNTS | UNIQUE_CONTRACTS | UNIQUE_MAC_INRCBOSS | UNIQUE_MAC_INCMTS |
+-----------+------------------------------------+------------+-------------+-----------------+------------------+---------------------+-------------------+
| NULL      | NULL                               | NULL       | 2020-07-26  |            6672 |             7029 |                7074 |                 0 |
| C5/0/0/U0 | ANSE-BOILEAU-2                     | 2020-07-20 | 2020-07-26  |             186 |              189 |                 186 |               187 |
| C5/0/0/U1 | 500-C3-ANSE-BOILEAU                | 2020-07-20 | 2020-07-26  |             189 |              194 |                 189 |               189 |
| C5/0/1/U0 | 501-C4-LA-MISIERE-LEFT-I           | 2020-07-20 | 2020-07-26  |             156 |              162 |                 156 |               157 |
| C5/0/1/U1 | 501-C5-LA-MISIERE-RIGHT            | 2020-07-20 | 2020-07-26  |             111 |              114 |                 112 |               114 |
| C5/0/1/U2 | 501-C7-LA-MISIERE-LEFT-II          | 2020-07-20 | 2020-07-26  |             161 |              164 |                 161 |               163 |
| C5/0/2/U0 | 502-C8-LA-LOUISE                   | 2020-07-20 | 2020-07-26  |             143 |              143 |                 143 |               145 |
| C5/0/2/U1 | LA-LOUISE-2                        | 2020-07-20 | 2020-07-26  |             143 |              145 |                 143 |               148 |
| C5/0/3/U0 | 504-C6-PETIT-PARIS                 | 2020-07-20 | 2020-07-26  |             156 |              159 |                 156 |               158 |
| C5/0/3/U1 | PETIT-PARIS-23                     | 2020-07-20 | 2020-07-26  |              79 |               81 |                  79 |                80 |
| C5/0/4/U0 | FOUR-SEASONS                       | 2020-07-20 | 2020-07-26  |               4 |                4 |                   4 |                 4 |
| C5/0/4/U1 | ANCHOR-CAFE-I                      | 2020-07-20 | 2020-07-26  |             155 |              159 |                 155 |               156 |
| C5/0/4/U2 | ANCHOR-CAFE-II                     | 2020-07-20 | 2020-07-26  |             149 |              150 |                 149 |               149 |
| C5/1/0/U0 | POINTE-LARUE-AIRPORT-23            | 2020-07-20 | 2020-07-26  |              97 |              101 |                  98 |               100 |
| C5/1/0/U1 | PPROVIDENCE-23                     | 2020-07-20 | 2020-07-26  |              18 |               20 |                  18 |                18 |
| C5/1/0/U2 | ROSHE-CAIMAN-23                    | 2020-07-20 | 2020-07-26  |               6 |                6 |                   6 |                 6 |
| C5/1/0/U3 | HEAD-OFFICE | HO-23                | 2020-07-20 | 2020-07-26  |              26 |               27 |                  26 |                26 |
| C5/1/1/U1 | C5-UNION-VALE                      | 2020-07-20 | 2020-07-26  |             198 |              201 |                 198 |               198 |
| C5/1/3/U0 | POINTE-LARUE-AIRPORT-27            | 2020-07-20 | 2020-07-26  |             154 |              159 |                 154 |               158 |
| C5/1/3/U1 | PPROVIDENCE-27                     | 2020-07-20 | 2020-07-26  |              26 |               26 |                  27 |                27 |
| C5/1/3/U2 | ROSHE-CAIMAN-27                    | 2020-07-20 | 2020-07-26  |              31 |               32 |                  31 |                32 |
| C5/1/3/U3 | HEAD-OFFICE | HO-27                | 2020-07-20 | 2020-07-26  |              14 |               14 |                  14 |                14 |
| C5/1/4/U0 | ANSE-ROYALE-27                     | 2020-07-20 | 2020-07-26  |              94 |               97 |                  94 |                96 |
| C5/1/4/U1 | GLACIS-2-57                        | 2020-07-20 | 2020-07-26  |              79 |               82 |                  79 |                80 |
| C5/1/4/U2 | NULL                               | 2020-07-20 | 2020-07-26  |             105 |              106 |                 105 |               105 |
| C5/1/4/U3 | GLACIS-1                           | 2020-07-20 | 2020-07-26  |              27 |               31 |                  27 |                27 |
| C6/0/1/U0 | SERRET-ROAD-RIGHT/CURIO/PASCAL     | 2020-07-20 | 2020-07-26  |             135 |              137 |                 135 |               136 |
| C6/0/1/U1 | SERRET-ROAD-LEFT/ST.LOUIS/TOWN     | 2020-07-20 | 2020-07-26  |             116 |              122 |                 116 |               117 |
| C6/0/1/U2 | SERRET-ROAD-RIGHT/CURIO/PASCAL-2   | 2020-07-20 | 2020-07-26  |             126 |              127 |                 126 |               126 |
| C6/0/1/U3 | SERRET-ROAD-LEFT/ST.LOUIS/TOWN-2   | 2020-07-20 | 2020-07-26  |             106 |              109 |                 106 |               107 |
| C6/0/2/U0 | SANS-SOUCIS-I                      | 2020-07-20 | 2020-07-26  |             101 |              103 |                 100 |               102 |
| C6/0/2/U1 | SANS-SOUCIS-II                     | 2020-07-20 | 2020-07-26  |             113 |              118 |                 114 |               115 |
| C6/0/2/U2 | BEL-AIR-27                         | 2020-07-20 | 2020-07-26  |              81 |               83 |                  81 |                83 |
| C6/0/2/U3 | BEL-AIR-38                         | 2020-07-20 | 2020-07-26  |             114 |              120 |                 114 |               115 |
| C6/0/3/U0 | LES-MAMELLES-23                    | 2020-07-20 | 2020-07-26  |              69 |               69 |                  69 |                71 |
| C6/0/3/U1 | VICTORIA-23                        | 2020-07-20 | 2020-07-26  |              12 |               12 |                  12 |                15 |
| C6/0/4/U0 | LES-MAMELLES-27                    | 2020-07-20 | 2020-07-26  |              86 |               86 |                  86 |                87 |
| C6/0/4/U1 | VICTORIA-27                        | 2020-07-20 | 2020-07-26  |              31 |               32 |                  32 |                33 |
| C7/1/0/U0 | LA-RETRAITE-23                     | 2020-07-20 | 2020-07-26  |             108 |              112 |                 109 |               110 |
| C7/1/0/U1 | TEA-FACTORY-23                     | 2020-07-20 | 2020-07-26  |              19 |               22 |                  21 |                22 |
| C7/1/0/U2 | PAS-23                             | 2020-07-20 | 2020-07-26  |              69 |               71 |                  70 |                70 |
| C7/1/1/U0 | REEF-ESTATE-23                     | 2020-07-20 | 2020-07-26  |              83 |               85 |                  83 |                83 |
| C7/1/2/U0 | LA-RETRAITE-27                     | 2020-07-20 | 2020-07-26  |              76 |               78 |                  76 |                76 |
| C7/1/2/U1 | TEA-FACTORY-27                     | 2020-07-20 | 2020-07-26  |              32 |               40 |                  33 |                33 |
| C7/1/2/U2 | PAS-27                             | 2020-07-20 | 2020-07-26  |             119 |              122 |                 119 |               121 |
| C7/1/3/U0 | MT-BUXTON-27                       | 2020-07-20 | 2020-07-26  |             164 |              167 |                 164 |               169 |
| C7/1/3/U1 | MT-BUXTON-23                       | 2020-07-20 | 2020-07-26  |              76 |               77 |                  76 |                76 |
| C7/1/4/U0 | REEF-ESTATE-27                     | 2020-07-20 | 2020-07-26  |              96 |               97 |                  96 |                96 |
| C8/0/0/U0 | POLICE-ACADEMY-1-27 - POINTE LARUE | 2020-07-20 | 2020-07-26  |             203 |              203 |                 203 |               205 |
| C8/0/0/U1 | NULL                               | 2020-07-20 | 2020-07-26  |              98 |              103 |                  98 |                99 |
| C8/0/1/U0 | NULL                               | 2020-07-20 | 2020-07-26  |             210 |              214 |                 210 |               211 |
| C8/0/1/U1 | POLICE-ACADEMY-2-27 - TURTLE BAY   | 2020-07-20 | 2020-07-26  |             164 |              166 |                 164 |               167 |
| C8/0/2/U0 | BEAU-VALLON-LEFT-1-57              | 2020-07-20 | 2020-07-26  |              30 |               30 |                  30 |                30 |
| C8/0/3/U1 | BEAU-VALLON-RIGHT-2-57             | 2020-07-20 | 2020-07-26  |              52 |               56 |                  52 |                52 |
| C8/1/0/U0 | MA-JOIE-NODE-27                    | 2020-07-20 | 2020-07-26  |              99 |              101 |                  98 |                98 |
| C8/1/0/U1 | BELONIE-27                         | 2020-07-20 | 2020-07-26  |             143 |              145 |                 142 |               144 |
| C8/1/0/U3 | MA-JOIE-NODE-23                    | 2020-07-20 | 2020-07-26  |             100 |              101 |                 100 |               100 |
| C8/1/1/U0 | 611-C1-ROJN I                      | 2020-07-20 | 2020-07-26  |             138 |              139 |                 138 |               141 |
| C8/1/1/U1 | 611-C5-ROJN II                     | 2020-07-20 | 2020-07-26  |             112 |              113 |                 112 |               112 |
| C8/1/2/U0 | 612-C2-ANSE-ETOILE                 | 2020-07-20 | 2020-07-26  |              99 |              101 |                  99 |                99 |
| C8/1/2/U1 | ANSE-ETOILE-U2                     | 2020-07-20 | 2020-07-26  |             108 |              108 |                 108 |               108 |
| C8/1/3/U0 | 613-C3-ANSE-GAULETTE I             | 2020-07-20 | 2020-07-26  |              68 |               73 |                  68 |                68 |
| C8/1/3/U1 | 613-C7-ANSE-GAULETTE II            | 2020-07-20 | 2020-07-26  |              78 |               83 |                  79 |                81 |
| C8/1/3/U2 | 613-C3-ANSE-GAULETTE III           | 2020-07-20 | 2020-07-26  |              32 |               34 |                  32 |                32 |
| C8/1/3/U3 | TAKAMAKA I                         | 2020-07-20 | 2020-07-26  |              98 |              100 |                  98 |                98 |
| C8/1/3/U4 | TAKAMAKA II                        | 2020-07-20 | 2020-07-26  |             104 |              107 |                 104 |               107 |
| C8/1/4/U0 | 614-BEOLIERE-NODE-1                | 2020-07-20 | 2020-07-26  |             125 |              128 |                 125 |               130 |
| C8/1/4/U1 | 614-BEOLIERE-NODE-2                | 2020-07-20 | 2020-07-26  |             101 |              102 |                 101 |               103 |
+-----------+------------------------------------+------------+-------------+-----------------+------------------+---------------------+-------------------+
68 rows in set (0.15 sec)

+------------------+------------+-------------+-----------------+------------------+----------------------+-------------------+
| MXK_NAME         | MXK_DATE   | INSERTED_ON | UNIQUE_ACCOUNTS | UNIQUE_CONTRACTS | UNIQUE_FSAN_INRCBOSS | UNIQUE_FSAN_INMXK |
+------------------+------------+-------------+-----------------+------------------+----------------------+-------------------+
| NULL             | NULL       | 2020-07-26  |             559 |              568 |                  557 |                 0 |
| MXK-ANSEETOILE   | 2020-07-20 | 2020-07-26  |             366 |              369 |                  368 |               388 |
| MXK-ANSEROYALE   | 2020-07-20 | 2020-07-26  |             169 |              169 |                  168 |               192 |
| MXK-BEAUVALLON   | 2020-07-20 | 2020-07-26  |            1879 |             1903 |                 1893 |              1998 |
| MXK-MAHE         | 2020-07-20 | 2020-07-26  |             981 |             1009 |                  941 |              1184 |
| MXK-PERSEVERANCE | 2020-07-20 | 2020-07-26  |            1047 |             1058 |                 1058 |              1224 |
| MXK-PRASLIN      | 2020-07-20 | 2020-07-26  |            1291 |             1295 |                 1288 |              1503 |
+------------------+------------+-------------+-----------------+------------------+----------------------+-------------------+
7 rows in set (0.06 sec)

mysql> mysql \. C:\workspace\cloud\code\sql\_DailyScript\currenttime.sql
+---------------------+
| currenttime         |
+---------------------+
| 2020-07-26 15:20:22 |
+---------------------+
1 row in set (0.00 sec)

mysql> 
mysql> 
mysql> mysql \. C:\workspace\cloud\code\sql\Analysis\service_tickets_assignments.sql
Query OK, 0 rows affected (0.02 sec)

Query OK, 65207 rows affected (10.19 sec)
Records: 65207  Duplicates: 0  Warnings: 0

+-------------------------+
| rep_servicetickets_2020 |
+-------------------------+
|                   65207 |
+-------------------------+
1 row in set (1.94 sec)

mysql> mysql \. C:\workspace\cloud\code\sql\_DailyScript\currenttime.sql
+---------------------+
| currenttime         |
+---------------------+
| 2020-07-26 15:20:34 |
+---------------------+
1 row in set (0.00 sec)

mysql> 
mysql> 
mysql> exit
