    -> 
    -> mysql \. C:\workspace\cloud\code\sql\_DailyScript\_setdates.sql
Database changed
Query OK, 0 rows affected (0.00 sec)

Query OK, 0 rows affected (0.00 sec)

Query OK, 0 rows affected (0.00 sec)

Query OK, 0 rows affected (0.00 sec)

Query OK, 0 rows affected (0.00 sec)

Query OK, 0 rows affected (0.00 sec)

Query OK, 0 rows affected (0.00 sec)

Query OK, 0 rows affected (0.00 sec)

Query OK, 0 rows affected (0.00 sec)

Query OK, 0 rows affected (0.00 sec)

Query OK, 0 rows affected (0.00 sec)

Query OK, 0 rows affected (0.00 sec)

Query OK, 0 rows affected (0.00 sec)

Query OK, 0 rows affected (0.00 sec)

Query OK, 0 rows affected (0.00 sec)

Query OK, 0 rows affected (0.00 sec)

Query OK, 0 rows affected (0.00 sec)

Query OK, 0 rows affected (0.00 sec)

Query OK, 0 rows affected (0.00 sec)

Query OK, 0 rows affected (0.00 sec)

Query OK, 0 rows affected (0.00 sec)

mysql> mysql \. C:\workspace\cloud\code\sql\_DailyScript\currenttime.sql
+---------------------+
| currenttime         |
+---------------------+
| 2019-05-27 07:57:21 |
+---------------------+
1 row in set (0.00 sec)

mysql> 
mysql> mysql \. C:\workspace\cloud\code\sql\_DailyScript\load_RCB_VODTITLES.sql
Database changed
Query OK, 0 rows affected (0.00 sec)

Query OK, 4856 rows affected (0.24 sec)

Query OK, 4856 rows affected, 4856 warnings (0.13 sec)
Records: 4856  Deleted: 0  Skipped: 0  Warnings: 4856

Query OK, 0 rows affected (0.00 sec)

Query OK, 0 rows affected (0.01 sec)

+-----------+
| VODTITLES |
+-----------+
|      5317 |
+-----------+
1 row in set (0.00 sec)

+-----------+-----------+
| titletype | typecount |
+-----------+-----------+
| NULL      |         1 |
| E         |      3635 |
| N         |       165 |
| T         |      1055 |
| NULL      |      4856 |
+-----------+-----------+
5 rows in set (0.02 sec)

mysql> mysql \. C:\workspace\cloud\code\sql\_DailyScript\currenttime.sql
+---------------------+
| currenttime         |
+---------------------+
| 2019-05-27 07:57:21 |
+---------------------+
1 row in set (0.00 sec)

mysql> 
mysql> mysql \. C:\workspace\cloud\code\sql\_DailyScript\DAILY-SCRIPT-LIVETV-STATS.sql
Database changed
Query OK, 0 rows affected (0.01 sec)

Query OK, 74242 rows affected (1.25 sec)
Records: 74242  Duplicates: 0  Warnings: 0

+------------+------------+----------+--------------+--------------+-----------+-------------+----------+--------+------+------------+---------+---------------+
| Table      | Non_unique | Key_name | Seq_in_index | Column_name  | Collation | Cardinality | Sub_part | Packed | Null | Index_type | Comment | Index_comment |
+------------+------------+----------+--------------+--------------+-----------+-------------+----------+--------+------+------------+---------+---------------+
| templivetv |          1 | idxtv1   |            1 | device       | A         |       74829 |     NULL | NULL   | YES  | BTREE      |         |               |
| templivetv |          1 | idxtv2   |            1 | sessionstart | A         |       74829 |     NULL | NULL   | YES  | BTREE      |         |               |
+------------+------------+----------+--------------+--------------+-----------+-------------+----------+--------+------+------------+---------+---------------+
2 rows in set (0.00 sec)

Query OK, 73989 rows affected (33.47 sec)
Records: 73989  Duplicates: 0  Warnings: 0

Query OK, 2752 rows affected (1.52 sec)
Records: 2752  Duplicates: 0  Warnings: 0

Query OK, 0 rows affected (0.00 sec)

Query OK, 0 rows affected (0.02 sec)

Query OK, 139 rows affected (0.13 sec)
Records: 139  Duplicates: 0  Warnings: 0

Query OK, 0 rows affected (0.15 sec)

Query OK, 72839 rows affected (15 min 25.71 sec)
Records: 72839  Duplicates: 0  Warnings: 0

+-----------------+
| rep_livetvstats |
+-----------------+
|           72839 |
+-----------------+
1 row in set (0.03 sec)

mysql> mysql \. C:\workspace\cloud\code\sql\_DailyScript\currenttime.sql
+---------------------+
| currenttime         |
+---------------------+
| 2019-05-27 08:13:23 |
+---------------------+
1 row in set (0.00 sec)

mysql> 
mysql> mysql \. C:\workspace\cloud\code\sql\_DailyScript\DAILY-SCRIPT-VODTS-STATS.sql
Database changed
Query OK, 0 rows affected (0.07 sec)

Query OK, 3401 rows affected (37.01 sec)
Records: 3401  Duplicates: 0  Warnings: 0

+---------+------------+----------+--------------+--------------+-----------+-------------+----------+--------+------+------------+---------+---------------+
| Table   | Non_unique | Key_name | Seq_in_index | Column_name  | Collation | Cardinality | Sub_part | Packed | Null | Index_type | Comment | Index_comment |
+---------+------------+----------+--------------+--------------+-----------+-------------+----------+--------+------+------------+---------+---------------+
| tempvod |          1 | idxtvod1 |            1 | device       | A         |        3097 |     NULL | NULL   | YES  | BTREE      |         |               |
| tempvod |          1 | idxtvod2 |            1 | sessionstart | A         |        3097 |     NULL | NULL   | YES  | BTREE      |         |               |
+---------+------------+----------+--------------+--------------+-----------+-------------+----------+--------+------+------------+---------+---------------+
2 rows in set (0.00 sec)

Query OK, 3401 rows affected (3.00 sec)
Records: 3401  Duplicates: 0  Warnings: 0

Query OK, 0 rows affected (0.08 sec)

Query OK, 214921 rows affected (24.13 sec)
Records: 214921  Duplicates: 0  Warnings: 0

+--------------+
| rep_vodstats |
+--------------+
|       214921 |
+--------------+
1 row in set (0.09 sec)

Database changed
Query OK, 0 rows affected (0.03 sec)

Query OK, 14285 rows affected (4 min 14.60 sec)
Records: 14285  Duplicates: 0  Warnings: 0

+--------+------------+----------+--------------+--------------+-----------+-------------+----------+--------+------+------------+---------+---------------+
| Table  | Non_unique | Key_name | Seq_in_index | Column_name  | Collation | Cardinality | Sub_part | Packed | Null | Index_type | Comment | Index_comment |
+--------+------------+----------+--------------+--------------+-----------+-------------+----------+--------+------+------------+---------+---------------+
| tempts |          1 | idxtts1  |            1 | device       | A         |       14492 |     NULL | NULL   | YES  | BTREE      |         |               |
| tempts |          1 | idxtts2  |            1 | sessionstart | A         |       14492 |     NULL | NULL   | YES  | BTREE      |         |               |
+--------+------------+----------+--------------+--------------+-----------+-------------+----------+--------+------+------------+---------+---------------+
2 rows in set (0.00 sec)

Query OK, 14246 rows affected (19.76 sec)
Records: 14246  Duplicates: 0  Warnings: 0

Query OK, 0 rows affected (0.02 sec)

Query OK, 19869 rows affected (4 min 24.02 sec)
Records: 19869  Duplicates: 0  Warnings: 0

+-------------+
| rep_tsstats |
+-------------+
|       19869 |
+-------------+
1 row in set (0.01 sec)

mysql> mysql \. C:\workspace\cloud\code\sql\_DailyScript\currenttime.sql
+---------------------+
| currenttime         |
+---------------------+
| 2019-05-27 08:23:26 |
+---------------------+
1 row in set (0.00 sec)

mysql> 
mysql> mysql \. C:\workspace\cloud\code\sql\_DailyScript\DAILY-SCRIPT-RADIO-STATS.sql
Database changed
Query OK, 0 rows affected (0.25 sec)

Query OK, 148310 rows affected (4.22 sec)
Records: 148310  Duplicates: 0  Warnings: 0

+-----------+------------+----------+--------------+--------------+-----------+-------------+----------+--------+------+------------+---------+---------------+
| Table     | Non_unique | Key_name | Seq_in_index | Column_name  | Collation | Cardinality | Sub_part | Packed | Null | Index_type | Comment | Index_comment |
+-----------+------------+----------+--------------+--------------+-----------+-------------+----------+--------+------+------------+---------+---------------+
| tempradio |          1 | idxtrad1 |            1 | device       | A         |      147891 |     NULL | NULL   | YES  | BTREE      |         |               |
| tempradio |          1 | idxtrad2 |            1 | sessionstart | A         |      147891 |     NULL | NULL   | YES  | BTREE      |         |               |
+-----------+------------+----------+--------------+--------------+-----------+-------------+----------+--------+------+------------+---------+---------------+
2 rows in set (0.00 sec)

Query OK, 291 rows affected (3.96 sec)
Records: 291  Duplicates: 0  Warnings: 0

Query OK, 0 rows affected (0.05 sec)

Query OK, 2735 rows affected (0.30 sec)
Records: 2735  Duplicates: 0  Warnings: 0

+----------------+
| rep_radiostats |
+----------------+
|           2735 |
+----------------+
1 row in set (0.00 sec)

mysql> mysql \. C:\workspace\cloud\code\sql\_DailyScript\currenttime.sql
+---------------------+
| currenttime         |
+---------------------+
| 2019-05-27 08:23:35 |
+---------------------+
1 row in set (0.00 sec)

mysql> 
mysql> mysql \. C:\workspace\cloud\code\sql\_DailyScript\DAILY_SCRIPT_TELEMETRY_PIVOT.sql
Query OK, 0 rows affected (0.06 sec)

Query OK, 146 rows affected (0.25 sec)
Records: 146  Duplicates: 0  Warnings: 0

Query OK, 0 rows affected (0.05 sec)

Query OK, 4185 rows affected (0.76 sec)
Records: 4185  Duplicates: 0  Warnings: 0

Query OK, 0 rows affected (0.03 sec)

Query OK, 6 rows affected (0.01 sec)
Records: 6  Duplicates: 0  Warnings: 0

Query OK, 0 rows affected (0.00 sec)

Query OK, 54 rows affected (0.04 sec)
Records: 54  Duplicates: 0  Warnings: 0

mysql> mysql \. C:\workspace\cloud\code\sql\_DailyScript\currenttime.sql
+---------------------+
| currenttime         |
+---------------------+
| 2019-05-27 08:23:36 |
+---------------------+
1 row in set (0.00 sec)

mysql> 
mysql> mysql \. C:\workspace\cloud\code\sql\_DailyScript\telemetry_livetv_ranking2019.sql
Query OK, 0 rows affected (0.02 sec)

Query OK, 146 rows affected (0.11 sec)
Records: 146  Duplicates: 0  Warnings: 0

mysql> mysql \. C:\workspace\cloud\code\sql\_DailyScript\currenttime.sql
+---------------------+
| currenttime         |
+---------------------+
| 2019-05-27 08:23:36 |
+---------------------+
1 row in set (0.00 sec)

mysql> 
mysql> mysql \. C:\workspace\cloud\code\sql\_DailyScript\telemetry_radio_ranking2019.sql
Query OK, 0 rows affected (0.00 sec)

Query OK, 6 rows affected (0.03 sec)
Records: 6  Duplicates: 0  Warnings: 0

mysql> mysql \. C:\workspace\cloud\code\sql\_DailyScript\currenttime.sql
+---------------------+
| currenttime         |
+---------------------+
| 2019-05-27 08:23:36 |
+---------------------+
1 row in set (0.00 sec)

mysql> 
mysql> mysql \. C:\workspace\cloud\code\sql\_DailyScript\telemetry_ts_ranking2019.sql
Query OK, 0 rows affected (0.03 sec)

Query OK, 54 rows affected (0.01 sec)
Records: 54  Duplicates: 0  Warnings: 0

mysql> mysql \. C:\workspace\cloud\code\sql\_DailyScript\currenttime.sql
+---------------------+
| currenttime         |
+---------------------+
| 2019-05-27 08:23:36 |
+---------------------+
1 row in set (0.00 sec)

mysql> 
mysql> mysql \. C:\workspace\cloud\code\sql\_DailyScript\telemetry_vod_ranking2019.sql
Query OK, 0 rows affected (0.00 sec)

Query OK, 4185 rows affected (0.22 sec)
Records: 4185  Duplicates: 0  Warnings: 0

mysql> mysql \. C:\workspace\cloud\code\sql\_DailyScript\currenttime.sql
+---------------------+
| currenttime         |
+---------------------+
| 2019-05-27 08:23:37 |
+---------------------+
1 row in set (0.00 sec)

mysql> 
mysql> mysql \. C:\workspace\cloud\code\sql\_DailyScript\telemetry_vod_ranking2019_1.sql
Query OK, 0 rows affected (0.05 sec)

Query OK, 4185 rows affected (0.17 sec)
Records: 4185  Duplicates: 0  Warnings: 0

mysql> mysql \. C:\workspace\cloud\code\sql\_DailyScript\currenttime.sql
+---------------------+
| currenttime         |
+---------------------+
| 2019-05-27 08:23:37 |
+---------------------+
1 row in set (0.00 sec)

mysql> 
mysql> mysql \. C:\workspace\cloud\code\sql\_DailyScript\telemetry_vod_ranking2019_2.sql
Query OK, 0 rows affected (0.04 sec)

Query OK, 4185 rows affected (0.13 sec)
Records: 4185  Duplicates: 0  Warnings: 0

mysql> mysql \. C:\workspace\cloud\code\sql\_DailyScript\currenttime.sql
+---------------------+
| currenttime         |
+---------------------+
| 2019-05-27 08:23:37 |
+---------------------+
1 row in set (0.00 sec)

mysql> 
mysql> mysql \. C:\workspace\cloud\code\sql\_DailyScript\DAILY-SCRIPT-CREATE-LOAD.sql
Database changed
Database changed
Query OK, 0 rows affected (0.26 sec)

Query OK, 0 rows affected (0.02 sec)

Database changed
Query OK, 65281 rows affected (3.87 sec)
Records: 65281  Deleted: 0  Skipped: 0  Warnings: 0

Query OK, 0 rows affected (0.28 sec)
Records: 0  Duplicates: 0  Warnings: 0

Query OK, 0 rows affected (0.41 sec)
Records: 0  Duplicates: 0  Warnings: 0

Query OK, 0 rows affected (0.42 sec)
Records: 0  Duplicates: 0  Warnings: 0

Query OK, 0 rows affected (0.35 sec)
Records: 0  Duplicates: 0  Warnings: 0

+---------+
| clients |
+---------+
|   65281 |
+---------+
1 row in set (0.03 sec)

Query OK, 0 rows affected (0.03 sec)

Query OK, 1855 rows affected (0.52 sec)
Records: 1855  Duplicates: 0  Warnings: 0

+-------------------+
| rcb_clientparcels |
+-------------------+
|              1855 |
+-------------------+
1 row in set (0.00 sec)

Query OK, 0 rows affected (0.04 sec)

Query OK, 84626 rows affected (4.46 sec)
Records: 84626  Duplicates: 0  Warnings: 0

Query OK, 0 rows affected (0.51 sec)
Records: 0  Duplicates: 0  Warnings: 0

Query OK, 0 rows affected (0.14 sec)

Query OK, 65281 rows affected (3.83 sec)
Records: 65281  Duplicates: 0  Warnings: 0

Query OK, 0 rows affected (0.63 sec)
Records: 0  Duplicates: 0  Warnings: 0

Query OK, 0 rows affected (0.33 sec)
Records: 0  Duplicates: 0  Warnings: 0

Query OK, 0 rows affected (0.27 sec)
Records: 0  Duplicates: 0  Warnings: 0

+---------------+
| clientaddress |
+---------------+
|         65281 |
+---------------+
1 row in set (0.02 sec)

Database changed
Query OK, 0 rows affected (0.19 sec)

Query OK, 0 rows affected (0.00 sec)

Database changed
Query OK, 475676 rows affected, 65535 warnings (20.87 sec)
Records: 475676  Deleted: 0  Skipped: 0  Warnings: 184560

Query OK, 0 rows affected (8.00 sec)
Records: 0  Duplicates: 0  Warnings: 0

Query OK, 0 rows affected (3.11 sec)
Records: 0  Duplicates: 0  Warnings: 0

Query OK, 0 rows affected (2.63 sec)
Records: 0  Duplicates: 0  Warnings: 0

Query OK, 0 rows affected (0.15 sec)

Query OK, 475676 rows affected (1 min 0.58 sec)
Records: 475676  Duplicates: 0  Warnings: 0

Query OK, 0 rows affected (2.34 sec)
Records: 0  Duplicates: 0  Warnings: 0

Query OK, 0 rows affected (1.92 sec)
Records: 0  Duplicates: 0  Warnings: 0

+-----------+
| contracts |
+-----------+
|    475676 |
+-----------+
1 row in set (0.21 sec)

+-----------------+
| contractaddress |
+-----------------+
|          475676 |
+-----------------+
1 row in set (0.19 sec)

Database changed
Query OK, 0 rows affected (0.31 sec)

Query OK, 0 rows affected (0.01 sec)

Query OK, 6591 rows affected (0.19 sec)
Records: 6591  Deleted: 0  Skipped: 0  Warnings: 0

Query OK, 0 rows affected (0.10 sec)

Query OK, 6560 rows affected (4.66 sec)
Records: 6560  Duplicates: 0  Warnings: 0

Query OK, 0 rows affected (0.06 sec)
Records: 0  Duplicates: 0  Warnings: 0

Query OK, 0 rows affected (0.11 sec)

Query OK, 5398 rows affected (0.05 sec)
Records: 5398  Duplicates: 0  Warnings: 0

Query OK, 0 rows affected (0.03 sec)
Records: 0  Duplicates: 0  Warnings: 0

+-------------------+
| contractdiscounts |
+-------------------+
|              6591 |
+-------------------+
1 row in set (0.01 sec)

+-------------------------+
| clientcontractdiscounts |
+-------------------------+
|                    6560 |
+-------------------------+
1 row in set (0.00 sec)

+----------------------------+
| clientcontractlastdiscount |
+----------------------------+
|                       5398 |
+----------------------------+
1 row in set (0.00 sec)

Database changed
Query OK, 0 rows affected (0.11 sec)

Query OK, 0 rows affected (0.01 sec)

Database changed
Query OK, 128579 rows affected (4.87 sec)
Records: 128579  Deleted: 0  Skipped: 0  Warnings: 0

Query OK, 0 rows affected (0.61 sec)
Records: 0  Duplicates: 0  Warnings: 0

Query OK, 0 rows affected (0.56 sec)
Records: 0  Duplicates: 0  Warnings: 0

Query OK, 0 rows affected (0.66 sec)
Records: 0  Duplicates: 0  Warnings: 0

Query OK, 0 rows affected (0.55 sec)
Records: 0  Duplicates: 0  Warnings: 0

Query OK, 0 rows affected (0.55 sec)
Records: 0  Duplicates: 0  Warnings: 0

Query OK, 0 rows affected (1.25 sec)
Records: 0  Duplicates: 0  Warnings: 0

Query OK, 0 rows affected (0.12 sec)

Query OK, 1623257 rows affected (3 min 49.18 sec)
Records: 1623257  Duplicates: 0  Warnings: 0

+---------+
| devices |
+---------+
|  128579 |
+---------+
1 row in set (0.06 sec)

+-----------------------+
| clientcontractdevices |
+-----------------------+
|               1623257 |
+-----------------------+
1 row in set (1.06 sec)

Query OK, 0 rows affected (0.11 sec)

Query OK, 128557 rows affected (10.79 sec)
Records: 128557  Duplicates: 0  Warnings: 0

+---------------------------+
| rep_clientcontractdevices |
+---------------------------+
|                    128557 |
+---------------------------+
1 row in set (0.05 sec)

Database changed
Query OK, 0 rows affected (0.11 sec)

Query OK, 0 rows affected (0.01 sec)

Query OK, 245037 rows affected (8.97 sec)
Records: 245037  Deleted: 0  Skipped: 0  Warnings: 0

Query OK, 0 rows affected (0.84 sec)
Records: 0  Duplicates: 0  Warnings: 0

Query OK, 0 rows affected (0.93 sec)
Records: 0  Duplicates: 0  Warnings: 0

Query OK, 0 rows affected (0.78 sec)
Records: 0  Duplicates: 0  Warnings: 0

Query OK, 0 rows affected (1.28 sec)
Records: 0  Duplicates: 0  Warnings: 0

+---------+
| tickets |
+---------+
|  245037 |
+---------+
1 row in set (0.09 sec)

Database changed
Query OK, 0 rows affected (0.01 sec)

Query OK, 0 rows affected (0.01 sec)

Empty set (0.00 sec)

Query OK, 0 rows affected (0.04 sec)
Records: 0  Duplicates: 0  Warnings: 0

Query OK, 314 rows affected, 2 warnings (0.02 sec)
Records: 314  Deleted: 0  Skipped: 0  Warnings: 2

+-----------------+
| tickettechusers |
+-----------------+
|             314 |
+-----------------+
1 row in set (0.00 sec)

Database changed
Query OK, 0 rows affected (0.16 sec)

Query OK, 0 rows affected (0.01 sec)

Query OK, 0 rows affected (0.01 sec)
Records: 0  Duplicates: 0  Warnings: 0

Query OK, 508340 rows affected, 41858 warnings (17.64 sec)
Records: 508340  Deleted: 0  Skipped: 0  Warnings: 41858

+-------------------+
| ticketassignments |
+-------------------+
|            508340 |
+-------------------+
1 row in set (0.20 sec)

Database changed
Query OK, 0 rows affected (0.52 sec)

Query OK, 0 rows affected (0.22 sec)

Query OK, 1062731 rows affected (27.98 sec)
Records: 1062731  Deleted: 0  Skipped: 0  Warnings: 0

Query OK, 0 rows affected (13.01 sec)
Records: 0  Duplicates: 0  Warnings: 0

Query OK, 0 rows affected (4.29 sec)
Records: 0  Duplicates: 0  Warnings: 0

Query OK, 0 rows affected (3.73 sec)
Records: 0  Duplicates: 0  Warnings: 0

Query OK, 0 rows affected (4.13 sec)
Records: 0  Duplicates: 0  Warnings: 0

+----------------+
| ticketcomments |
+----------------+
|        1062731 |
+----------------+
1 row in set (0.47 sec)

Database changed
Query OK, 0 rows affected (0.01 sec)

Query OK, 0 rows affected (0.01 sec)

Query OK, 403818 rows affected (52.06 sec)
Records: 403818  Deleted: 0  Skipped: 0  Warnings: 0

Query OK, 0 rows affected (2.97 sec)
Records: 0  Duplicates: 0  Warnings: 0

+----------+
| comments |
+----------+
|   403818 |
+----------+
1 row in set (0.16 sec)

Database changed
Query OK, 0 rows affected (0.17 sec)

Query OK, 0 rows affected (0.01 sec)

Query OK, 773360 rows affected, 65535 warnings (1 min 0.12 sec)
Records: 773360  Deleted: 0  Skipped: 0  Warnings: 773361

Query OK, 0 rows affected (5.74 sec)
Records: 0  Duplicates: 0  Warnings: 0

Query OK, 0 rows affected (3.51 sec)
Records: 0  Duplicates: 0  Warnings: 0

Query OK, 0 rows affected (2.90 sec)
Records: 0  Duplicates: 0  Warnings: 0

Query OK, 0 rows affected (3.38 sec)
Records: 0  Duplicates: 0  Warnings: 0

Query OK, 0 rows affected (3.69 sec)
Records: 0  Duplicates: 0  Warnings: 0

+------------+
| devicesold |
+------------+
|     773360 |
+------------+
1 row in set (0.36 sec)

Database changed
Query OK, 0 rows affected (0.06 sec)

Query OK, 0 rows affected (0.01 sec)

Query OK, 1616568 rows affected (28.53 sec)
Records: 1616568  Deleted: 0  Skipped: 0  Warnings: 0

Query OK, 0 rows affected (10.39 sec)
Records: 0  Duplicates: 0  Warnings: 0

Query OK, 0 rows affected (6.22 sec)
Records: 0  Duplicates: 0  Warnings: 0

Query OK, 0 rows affected (7.81 sec)
Records: 0  Duplicates: 0  Warnings: 0

+------------------+
| contractservices |
+------------------+
|          1616568 |
+------------------+
1 row in set (0.63 sec)

Database changed
Query OK, 0 rows affected (0.26 sec)

Query OK, 0 rows affected (0.03 sec)

Query OK, 3613051 rows affected (2 min 44.60 sec)
Records: 3613051  Deleted: 0  Skipped: 0  Warnings: 0

Query OK, 0 rows affected (19.07 sec)
Records: 0  Duplicates: 0  Warnings: 0

Query OK, 0 rows affected (18.10 sec)
Records: 0  Duplicates: 0  Warnings: 0

Query OK, 0 rows affected (18.75 sec)
Records: 0  Duplicates: 0  Warnings: 0

Query OK, 0 rows affected (17.26 sec)
Records: 0  Duplicates: 0  Warnings: 0

+------------------+
| invoicescontents |
+------------------+
|          3613051 |
+------------------+
1 row in set (1.57 sec)

Database changed
Query OK, 0 rows affected (0.16 sec)

Query OK, 0 rows affected (0.01 sec)

Query OK, 2490294 rows affected (3 min 40.78 sec)
Records: 2490294  Deleted: 0  Skipped: 0  Warnings: 0

Query OK, 0 rows affected (21.51 sec)
Records: 0  Duplicates: 0  Warnings: 0

Query OK, 0 rows affected (17.45 sec)
Records: 0  Duplicates: 0  Warnings: 0

Query OK, 0 rows affected (15.47 sec)
Records: 0  Duplicates: 0  Warnings: 0

Query OK, 0 rows affected (13.91 sec)
Records: 0  Duplicates: 0  Warnings: 0

Query OK, 0 rows affected (12.56 sec)
Records: 0  Duplicates: 0  Warnings: 0

+----------------+
| invoicesheader |
+----------------+
|        2490294 |
+----------------+
1 row in set (1.02 sec)

Database changed
Query OK, 0 rows affected (0.08 sec)

Query OK, 0 rows affected (0.01 sec)

Query OK, 2621754 rows affected (1 min 27.16 sec)
Records: 2621754  Deleted: 0  Skipped: 0  Warnings: 0

Query OK, 0 rows affected (15.56 sec)
Records: 0  Duplicates: 0  Warnings: 0

Query OK, 0 rows affected (15.07 sec)
Records: 0  Duplicates: 0  Warnings: 0

Query OK, 0 rows affected (11.78 sec)
Records: 0  Duplicates: 0  Warnings: 0

Query OK, 0 rows affected (12.08 sec)
Records: 0  Duplicates: 0  Warnings: 0

+---------+
| casa    |
+---------+
| 2621754 |
+---------+
1 row in set (1.03 sec)

Query OK, 0 rows affected (0.03 sec)

Query OK, 12295 rows affected (1 min 28.10 sec)
Records: 12295  Duplicates: 0  Warnings: 0

+--------------------+
| rep_paycol_channel |
+--------------------+
|              12295 |
+--------------------+
1 row in set (0.01 sec)

Query OK, 0 rows affected (0.03 sec)

Query OK, 8457 rows affected (1 min 39.25 sec)
Records: 8457  Duplicates: 0  Warnings: 0

+----------------+
| rep_paycol_pos |
+----------------+
|           8457 |
+----------------+
1 row in set (0.01 sec)

Database changed
Query OK, 0 rows affected (0.03 sec)

Query OK, 0 rows affected (0.01 sec)

Database changed
Query OK, 38028 rows affected (1.00 sec)
Records: 38028  Deleted: 0  Skipped: 0  Warnings: 0

+-------+
| users |
+-------+
| 38028 |
+-------+
1 row in set (0.02 sec)

Database changed
Query OK, 0 rows affected (0.16 sec)

Query OK, 0 rows affected (0.00 sec)

Database changed
Query OK, 10243021 rows affected (2 min 59.91 sec)
Records: 10243021  Deleted: 0  Skipped: 0  Warnings: 0

Query OK, 0 rows affected (49.06 sec)
Records: 0  Duplicates: 0  Warnings: 0

Query OK, 0 rows affected (55.25 sec)
Records: 0  Duplicates: 0  Warnings: 0

Query OK, 0 rows affected (1 min 12.30 sec)
Records: 0  Duplicates: 0  Warnings: 0

Query OK, 0 rows affected (1 min 15.36 sec)
Records: 0  Duplicates: 0  Warnings: 0

+----------+
| ipusage1 |
+----------+
| 10243021 |
+----------+
1 row in set (13.84 sec)

Query OK, 0 rows affected (0.24 sec)

Query OK, 10323439 rows affected, 65535 warnings (15 min 51.39 sec)
Records: 10323439  Duplicates: 0  Warnings: 10313243

Query OK, 0 rows affected (43.90 sec)
Records: 0  Duplicates: 0  Warnings: 0

Query OK, 0 rows affected (49.35 sec)
Records: 0  Duplicates: 0  Warnings: 0

Query OK, 0 rows affected (46.86 sec)
Records: 0  Duplicates: 0  Warnings: 0

Query OK, 0 rows affected (46.21 sec)
Records: 0  Duplicates: 0  Warnings: 0

Query OK, 0 rows affected (1 min 18.00 sec)
Records: 0  Duplicates: 0  Warnings: 0

Query OK, 0 rows affected (1 min 22.39 sec)
Records: 0  Duplicates: 0  Warnings: 0

Query OK, 0 rows affected (1 min 14.33 sec)
Records: 0  Duplicates: 0  Warnings: 0

+----------+
| ipusage  |
+----------+
| 10323439 |
+----------+
1 row in set (10.92 sec)

Query OK, 0 rows affected (0.53 sec)

Query OK, 3557973 rows affected (3 min 16.35 sec)
Records: 3557973  Duplicates: 0  Warnings: 0

Query OK, 0 rows affected (19.72 sec)
Records: 0  Duplicates: 0  Warnings: 0

Query OK, 0 rows affected (16.56 sec)
Records: 0  Duplicates: 0  Warnings: 0

Query OK, 0 rows affected (14.68 sec)
Records: 0  Duplicates: 0  Warnings: 0

Query OK, 0 rows affected (22.89 sec)
Records: 0  Duplicates: 0  Warnings: 0

Query OK, 0 rows affected (15.22 sec)
Records: 0  Duplicates: 0  Warnings: 0

Query OK, 0 rows affected (0.23 sec)

Query OK, 305792 rows affected (35.43 sec)
Records: 305792  Duplicates: 0  Warnings: 0

Query OK, 0 rows affected (1.36 sec)
Records: 0  Duplicates: 0  Warnings: 0

Query OK, 0 rows affected (1.30 sec)
Records: 0  Duplicates: 0  Warnings: 0

Query OK, 0 rows affected (1.48 sec)
Records: 0  Duplicates: 0  Warnings: 0

Query OK, 0 rows affected (0.81 sec)
Records: 0  Duplicates: 0  Warnings: 0

Query OK, 0 rows affected (0.79 sec)
Records: 0  Duplicates: 0  Warnings: 0

Query OK, 0 rows affected (0.17 sec)

Query OK, 1616548 rows affected (1 min 26.66 sec)
Records: 1616548  Duplicates: 0  Warnings: 0

Query OK, 0 rows affected (11.56 sec)
Records: 0  Duplicates: 0  Warnings: 0

Query OK, 0 rows affected (6.39 sec)
Records: 0  Duplicates: 0  Warnings: 0

Query OK, 0 rows affected (8.02 sec)
Records: 0  Duplicates: 0  Warnings: 0

mysql> mysql \. C:\workspace\cloud\code\sql\_DailyScript\currenttime.sql
+---------------------+
| currenttime         |
+---------------------+
| 2019-05-27 09:26:48 |
+---------------------+
1 row in set (0.00 sec)

mysql> 
mysql> mysql \. C:\workspace\cloud\code\sql\_DailyScript\ticket_analysis.sql
Database changed
Query OK, 0 rows affected (0.12 sec)

Query OK, 423713 rows affected (26.89 sec)
Records: 423713  Duplicates: 0  Warnings: 0

Query OK, 0 rows affected (9.02 sec)
Records: 0  Duplicates: 0  Warnings: 0

Query OK, 0 rows affected (1.93 sec)
Records: 0  Duplicates: 0  Warnings: 0

Query OK, 0 rows affected (1.63 sec)
Records: 0  Duplicates: 0  Warnings: 0

Query OK, 0 rows affected (0.01 sec)

Query OK, 15272 rows affected (11.22 sec)
Records: 15272  Duplicates: 0  Warnings: 0

Query OK, 0 rows affected, 1 warning (0.00 sec)

Query OK, 58214 rows affected (6.79 sec)
Records: 58214  Duplicates: 0  Warnings: 0

Query OK, 0 rows affected, 1 warning (0.00 sec)

Query OK, 302358 rows affected (19.78 sec)
Records: 302358  Duplicates: 0  Warnings: 0

Query OK, 0 rows affected, 1 warning (0.00 sec)

Query OK, 302358 rows affected (21.93 sec)
Records: 302358  Duplicates: 0  Warnings: 0

Query OK, 0 rows affected (0.31 sec)

Query OK, 58255 rows affected (7.27 sec)
Records: 58255  Duplicates: 0  Warnings: 0

Database changed
Query OK, 0 rows affected (0.00 sec)

Query OK, 0 rows affected (0.19 sec)

Query OK, 423713 rows affected (23.92 sec)
Records: 423713  Duplicates: 0  Warnings: 0

Query OK, 0 rows affected (0.42 sec)

Query OK, 200893 rows affected (41.70 sec)
Records: 200893  Duplicates: 0  Warnings: 0

+--------------------------+
| clientticket_cmmtjourney |
+--------------------------+
|                   423713 |
+--------------------------+
1 row in set (7.43 sec)

+---------------------------+
| clientticket_assgnjourney |
+---------------------------+
|                    200893 |
+---------------------------+
1 row in set (0.35 sec)

Query OK, 0 rows affected (0.18 sec)

Query OK, 71 rows affected (0.24 sec)
Records: 71  Duplicates: 0  Warnings: 0

mysql> mysql \. C:\workspace\cloud\code\sql\_DailyScript\currenttime.sql
+---------------------+
| currenttime         |
+---------------------+
| 2019-05-27 09:29:49 |
+---------------------+
1 row in set (0.00 sec)

mysql> 
mysql> mysql \. C:\workspace\cloud\code\sql\_DailyScript\load_DailyCalls.sql
Database changed
Query OK, 223 rows affected (0.94 sec)
Records: 223  Deleted: 0  Skipped: 0  Warnings: 0

Query OK, 0 rows affected, 1 warning (0.00 sec)

Query OK, 216 rows affected (0.44 sec)
Records: 216  Duplicates: 0  Warnings: 0

Query OK, 0 rows affected, 1 warning (0.00 sec)

Query OK, 66817 rows affected (0.82 sec)
Records: 66817  Duplicates: 0  Warnings: 0

+----------------------+
| callingclientsbefore |
+----------------------+
|               677175 |
+----------------------+
1 row in set (8.25 sec)

Query OK, 282 rows affected (6.41 sec)
Records: 282  Duplicates: 0  Warnings: 0

+---------------------+
| callingclientsafter |
+---------------------+
|              677457 |
+---------------------+
1 row in set (0.30 sec)

Query OK, 0 rows affected (0.38 sec)

Query OK, 157 rows affected (56.35 sec)
Records: 157  Duplicates: 0  Warnings: 0

Query OK, 0 rows affected (0.02 sec)

Query OK, 14078 rows affected (2.72 sec)
Records: 14078  Duplicates: 0  Warnings: 0

+-----------+
| callstats |
+-----------+
|     14078 |
+-----------+
1 row in set (0.01 sec)

mysql> mysql \. C:\workspace\cloud\code\sql\_DailyScript\currenttime.sql
+---------------------+
| currenttime         |
+---------------------+
| 2019-05-27 09:31:06 |
+---------------------+
1 row in set (0.00 sec)

mysql> 
mysql> mysql \. C:\workspace\cloud\code\sql\_DailyScript\DAILY-SCRIPT-USAGE.sql
Database changed
Query OK, 0 rows affected (0.00 sec)

Query OK, 6175 rows affected, 17892 warnings (9.04 sec)
Records: 6175  Deleted: 0  Skipped: 0  Warnings: 17892

Query OK, 0 rows affected (0.00 sec)

Query OK, 10400 rows affected, 29994 warnings (8.29 sec)
Records: 10400  Deleted: 0  Skipped: 0  Warnings: 29994

Query OK, 0 rows affected (0.00 sec)

Query OK, 48 rows affected, 164 warnings (0.03 sec)
Records: 48  Deleted: 0  Skipped: 0  Warnings: 164

Query OK, 0 rows affected (0.00 sec)

Query OK, 152 rows affected, 548 warnings (0.08 sec)
Records: 152  Deleted: 0  Skipped: 0  Warnings: 548

+------------+
| dailyusage |
+------------+
|    5951751 |
+------------+
1 row in set (19.61 sec)

+------------+------------+------------+---------+
| datestart  | dateend    | insertedon | records |
+------------+------------+------------+---------+
| 2019-05-26 | 2019-05-26 | 2019-05-27 |   16775 |
| 2019-05-25 | 2019-05-25 | 2019-05-26 |   17002 |
| 2019-05-24 | 2019-05-24 | 2019-05-25 |   17065 |
| 2019-05-23 | 2019-05-23 | 2019-05-24 |   17214 |
| 2019-05-22 | 2019-05-22 | 2019-05-23 |   17173 |
+------------+------------+------------+---------+
5 rows in set (2 min 35.71 sec)

mysql> mysql \. C:\workspace\cloud\code\sql\_DailyScript\currenttime.sql
+---------------------+
| currenttime         |
+---------------------+
| 2019-05-27 09:34:18 |
+---------------------+
1 row in set (0.00 sec)

mysql> 
mysql> mysql \. C:\workspace\cloud\code\sql\_DailyScript\DAILY-SCRIPT-SALES-TELEMETRY.sql
Database changed
Query OK, 32 rows affected, 17 warnings (0.27 sec)
Records: 32  Deleted: 0  Skipped: 0  Warnings: 17

+------------+
| dailysales |
+------------+
|     153753 |
+------------+
1 row in set (0.74 sec)

Query OK, 0 rows affected (0.07 sec)

Query OK, 153753 rows affected (19.51 sec)
Records: 153753  Duplicates: 0  Warnings: 0

+--------+
| sales  |
+--------+
| 153753 |
+--------+
1 row in set (0.09 sec)

Query OK, 0 rows affected (0.03 sec)

Query OK, 2453 rows affected (0.34 sec)
Records: 2453  Duplicates: 0  Warnings: 0

+----------------+
| rep_dailysales |
+----------------+
|           2453 |
+----------------+
1 row in set (0.00 sec)

Query OK, 0 rows affected (0.17 sec)

Query OK, 2453 rows affected (0.61 sec)
Records: 2453  Duplicates: 0  Warnings: 0

+-------------------+
| rep_dailysalesreg |
+-------------------+
|              2453 |
+-------------------+
1 row in set (0.00 sec)

Query OK, 0 rows affected (0.03 sec)

Query OK, 2408 rows affected (0.73 sec)
Records: 2408  Duplicates: 0  Warnings: 0

+-----------+
| saleslist |
+-----------+
|      2408 |
+-----------+
1 row in set (0.00 sec)

Database changed
ERROR 2 (HY000): File 'C:\ProgramData\MySQL\MySQL Server 5.7\Uploads\_csv\PrepaidCardSales-26052019-P1.csv' not found (Errcode: 2 - No such file or directory)
+------------------+
| dailysinglesales |
+------------------+
|             5737 |
+------------------+
1 row in set (0.21 sec)

Database changed
Query OK, 9 rows affected (0.09 sec)
Records: 9  Deleted: 0  Skipped: 0  Warnings: 0

+-----------------+
| dailyaddonsales |
+-----------------+
|           15764 |
+-----------------+
1 row in set (0.25 sec)

Query OK, 134 rows affected (0.43 sec)
Records: 134  Deleted: 0  Skipped: 0  Warnings: 0

+----------------+
| onlinepayments |
+----------------+
|          53309 |
+----------------+
1 row in set (0.32 sec)

+-------------+----------------+---------------------+
| paymentdate | onlinepayments | onlinepaymentamount |
+-------------+----------------+---------------------+
| 2019-05-26  |            134 |         89408.81000 |
| 2019-05-25  |            116 |         75457.35000 |
| 2019-05-24  |            138 |         88633.30000 |
| 2019-05-23  |            133 |         82471.10000 |
| 2019-05-22  |             87 |         60626.62000 |
+-------------+----------------+---------------------+
5 rows in set (2.50 sec)

+-------------+--------------+----------------+---------------------+
| paymentyear | paymentmonth | onlinepayments | onlinepaymentamount |
+-------------+--------------+----------------+---------------------+
|        2019 |            5 |           2393 |       1570265.18000 |
|        2019 |            4 |           2854 |       1881797.80000 |
|        2019 |            3 |           2821 |       1851177.84000 |
|        2019 |            2 |           2441 |       1600446.38000 |
|        2019 |            1 |           2609 |       1678277.98000 |
+-------------+--------------+----------------+---------------------+
5 rows in set (0.08 sec)

mysql> mysql \. C:\workspace\cloud\code\sql\_DailyScript\currenttime.sql
+---------------------+
| currenttime         |
+---------------------+
| 2019-05-27 09:34:45 |
+---------------------+
1 row in set (0.00 sec)

mysql> 
mysql> mysql \. C:\workspace\cloud\code\sql\_DailyScript\DAILY-SCRIPT-ACTIVENUMBERS.sql
Database changed
Query OK, 1326 rows affected (2.03 sec)
Records: 1326  Deleted: 0  Skipped: 0  Warnings: 0

+------------+----------+
| period     | count(1) |
+------------+----------+
| 2019-05-26 |     1326 |
| 2019-05-25 |     1326 |
| 2019-05-24 |     1327 |
| 2019-05-23 |     1327 |
| 2019-05-22 |     1330 |
| 2019-05-21 |     1327 |
+------------+----------+
6 rows in set (0.01 sec)

Query OK, 0 rows affected (0.03 sec)

Query OK, 83 rows affected (0.39 sec)
Records: 83  Duplicates: 0  Warnings: 0

+-------------+
| packagelist |
+-------------+
|          83 |
+-------------+
1 row in set (0.00 sec)

Database changed
Query OK, 0 rows affected (0.01 sec)

Query OK, 0 rows affected (0.00 sec)

Query OK, 0 rows affected (0.00 sec)

Query OK, 0 rows affected (0.00 sec)

Query OK, 26350 rows affected, 225 warnings (2 min 23.35 sec)
Records: 26350  Deleted: 0  Skipped: 0  Warnings: 225

+------------+----------+
| period     | count(1) |
+------------+----------+
| 2019-05-26 |    26350 |
| 2019-05-25 |    26717 |
| 2019-05-24 |    26814 |
| 2019-05-23 |    26742 |
| 2019-05-22 |    27024 |
+------------+----------+
5 rows in set (0.18 sec)

Query OK, 0 rows affected (0.39 sec)

Query OK, 25716 rows affected (4 min 50.40 sec)
Records: 25716  Duplicates: 0  Warnings: 0

Query OK, 0 rows affected (0.76 sec)
Records: 0  Duplicates: 0  Warnings: 0

Query OK, 0 rows affected (0.33 sec)
Records: 0  Duplicates: 0  Warnings: 0

Query OK, 0 rows affected (0.12 sec)
Records: 0  Duplicates: 0  Warnings: 0

Query OK, 0 rows affected (0.26 sec)
Records: 0  Duplicates: 0  Warnings: 0

Query OK, 0 rows affected (0.34 sec)
Records: 0  Duplicates: 0  Warnings: 0

Query OK, 0 rows affected (0.08 sec)
Records: 0  Duplicates: 0  Warnings: 0

+-------------+
| countbefore |
+-------------+
|    26377293 |
+-------------+
1 row in set (1 min 36.48 sec)

Query OK, 25716 rows affected (1 min 5.73 sec)
Records: 25716  Duplicates: 0  Warnings: 0

+------------+
| countafter |
+------------+
|   26403009 |
+------------+
1 row in set (53.41 sec)

+------------+--------------------------+
| period     | customercontractactivity |
+------------+--------------------------+
| 2019-05-26 |                    25716 |
| 2019-05-25 |                    26083 |
| 2019-05-24 |                    26180 |
| 2019-05-23 |                    26107 |
| 2019-05-22 |                    26389 |
+------------+--------------------------+
5 rows in set (0.07 sec)

Query OK, 0 rows affected (0.30 sec)

Query OK, 214219 rows affected (20 min 1.89 sec)
Records: 214219  Duplicates: 0  Warnings: 0

Query OK, 0 rows affected (1.63 sec)
Records: 0  Duplicates: 0  Warnings: 0

Query OK, 0 rows affected (1.45 sec)
Records: 0  Duplicates: 0  Warnings: 0

Query OK, 0 rows affected (1.31 sec)
Records: 0  Duplicates: 0  Warnings: 0

Query OK, 0 rows affected (0.02 sec)

Query OK, 247 rows affected (1.06 sec)
Records: 247  Duplicates: 0  Warnings: 0

Query OK, 0 rows affected (0.00 sec)

Query OK, 2387 rows affected (0.77 sec)
Records: 2387  Duplicates: 0  Warnings: 0

Query OK, 0 rows affected (0.16 sec)

Query OK, 25704 rows affected (0.80 sec)
Records: 25704  Duplicates: 0  Warnings: 0

Query OK, 0 rows affected (0.15 sec)

Query OK, 16570 rows affected (0.72 sec)
Records: 16570  Duplicates: 0  Warnings: 0

Query OK, 0 rows affected (0.10 sec)

Query OK, 16570 rows affected (0.28 sec)
Records: 16570  Duplicates: 0  Warnings: 0

Query OK, 0 rows affected (0.18 sec)

Query OK, 16570 rows affected (2.76 sec)
Records: 16570  Duplicates: 0  Warnings: 0

Query OK, 0 rows affected (0.23 sec)

Query OK, 16570 rows affected (56.85 sec)
Records: 16570  Duplicates: 0  Warnings: 0

+-------------+
| clientstats |
+-------------+
|       16570 |
+-------------+
1 row in set (0.01 sec)

Query OK, 0 rows affected (0.06 sec)

Query OK, 13 rows affected, 1 warning (0.15 sec)
Records: 13  Duplicates: 0  Warnings: 1

+-----------------------+-------------+-------------+----------------+-----------------+
| services              | activecount | allaccounts | uniqueaccounts | uniquecontracts |
+-----------------------+-------------+-------------+----------------+-----------------+
| All                   |         122 |          26 |             26 |              82 |
| Internet & Voice      |         445 |         205 |            205 |             401 |
| Internet Only         |        4103 |        3966 |           3963 |            4036 |
| OTT Only              |           4 |           4 |              4 |               4 |
| TV & Internet         |        8653 |        3742 |           3739 |            7624 |
| TV & Internet & OTT   |        1797 |         511 |            511 |            1038 |
| TV & Internet & Voice |         493 |         135 |            135 |             419 |
| TV & OTT              |         113 |          37 |             37 |              37 |
| TV & Voice            |         120 |          51 |             51 |             103 |
| TV & Voice & OTT      |          10 |           1 |              1 |               3 |
| TV Only               |       10459 |        7712 |           7704 |            7919 |
| Voice Only            |         181 |         180 |            180 |             181 |
| GRAND TOTAL           |       26500 |       16570 |          16514 |           21847 |
+-----------------------+-------------+-------------+----------------+-----------------+
13 rows in set (0.00 sec)

+-------------+-------------+-------------+----------------+-----------------+
| network     | activecount | allaccounts | uniqueaccounts | uniquecontracts |
+-------------+-------------+-------------+----------------+-----------------+
| ADDON       |           9 |           5 |              5 |               5 |
| GPON        |        6623 |        3373 |           3372 |            5055 |
| HFC         |       19866 |       13190 |          13190 |           16785 |
| MOBILE TV   |           2 |           2 |              2 |               2 |
| GRAND TOTAL |       26500 |       16570 |          16514 |           21847 |
+-------------+-------------+-------------+----------------+-----------------+
5 rows in set, 1 warning (0.15 sec)

+-------------+-----------------------+-------------+-------------+----------------+-----------------+
| network     | services              | activecount | allaccounts | uniqueaccounts | uniquecontracts |
+-------------+-----------------------+-------------+-------------+----------------+-----------------+
| ADDON       | OTT Only              |           2 |           2 |              2 |               2 |
| ADDON       | TV & OTT              |           4 |           1 |              1 |               1 |
| ADDON       | TV Only               |           3 |           2 |              2 |               2 |
| ADDON       | Services Total        |           9 |           5 |              5 |               5 |
| GPON        | All                   |          40 |           8 |              8 |              27 |
| GPON        | Internet & Voice      |          55 |          22 |             22 |              45 |
| GPON        | Internet Only         |         878 |         798 |            798 |             816 |
| GPON        | TV & Internet         |        2876 |        1186 |           1186 |            2444 |
| GPON        | TV & Internet & OTT   |         852 |         231 |            231 |             473 |
| GPON        | TV & Internet & Voice |         126 |          32 |             32 |              99 |
| GPON        | TV & OTT              |          79 |          25 |             25 |              25 |
| GPON        | TV & Voice            |          42 |          17 |             17 |              35 |
| GPON        | TV Only               |        1665 |        1044 |           1044 |            1081 |
| GPON        | Voice Only            |          10 |          10 |             10 |              10 |
| GPON        | Services Total        |        6623 |        3373 |           3372 |            5055 |
| HFC         | All                   |          82 |          18 |             18 |              55 |
| HFC         | Internet & Voice      |         390 |         183 |            183 |             356 |
| HFC         | Internet Only         |        3225 |        3168 |           3168 |            3220 |
| HFC         | TV & Internet         |        5777 |        2556 |           2556 |            5180 |
| HFC         | TV & Internet & OTT   |         945 |         280 |            280 |             565 |
| HFC         | TV & Internet & Voice |         367 |         103 |            103 |             320 |
| HFC         | TV & OTT              |          30 |          11 |             11 |              11 |
| HFC         | TV & Voice            |          78 |          34 |             34 |              68 |
| HFC         | TV & Voice & OTT      |          10 |           1 |              1 |               3 |
| HFC         | TV Only               |        8791 |        6666 |           6666 |            6836 |
| HFC         | Voice Only            |         171 |         170 |            170 |             171 |
| HFC         | Services Total        |       19866 |       13190 |          13190 |           16785 |
| MOBILE TV   | OTT Only              |           2 |           2 |              2 |               2 |
| MOBILE TV   | Services Total        |           2 |           2 |              2 |               2 |
| GRAND TOTAL | Services Total        |       26500 |       16570 |          16514 |           21847 |
+-------------+-----------------------+-------------+-------------+----------------+-----------------+
30 rows in set, 2 warnings (0.16 sec)

Query OK, 0 rows affected (0.02 sec)

Query OK, 45 rows affected, 3 warnings (0.22 sec)
Records: 45  Duplicates: 0  Warnings: 3

+-------------+---------------+-----------------------+-------------+-------------+----------------+-----------------+
| region      | network       | services              | activecount | allaccounts | uniqueaccounts | uniquecontracts |
+-------------+---------------+-----------------------+-------------+-------------+----------------+-----------------+
| Mahe        | ADDON         | OTT Only              |           2 |           2 |              2 |               2 |
| Mahe        | ADDON         | TV & OTT              |           4 |           1 |              1 |               1 |
| Mahe        | ADDON         | TV Only               |           3 |           2 |              2 |               2 |
| Mahe        | ADDON         | Services Total        |           9 |           5 |              5 |               5 |
| Mahe        | GPON          | All                   |          29 |           6 |              6 |              20 |
| Mahe        | GPON          | Internet & Voice      |          45 |          17 |             17 |              35 |
| Mahe        | GPON          | Internet Only         |         674 |         594 |            594 |             612 |
| Mahe        | GPON          | TV & Internet         |        2023 |         826 |            826 |            1694 |
| Mahe        | GPON          | TV & Internet & OTT   |         516 |         135 |            135 |             277 |
| Mahe        | GPON          | TV & Internet & Voice |         108 |          27 |             27 |              83 |
| Mahe        | GPON          | TV & OTT              |          51 |          14 |             14 |              14 |
| Mahe        | GPON          | TV & Voice            |          39 |          16 |             16 |              33 |
| Mahe        | GPON          | TV Only               |        1228 |         740 |            740 |             763 |
| Mahe        | GPON          | Voice Only            |           9 |           9 |              9 |               9 |
| Mahe        | GPON          | Services Total        |        4722 |        2384 |           2384 |            3540 |
| Mahe        | HFC           | All                   |          82 |          18 |             18 |              55 |
| Mahe        | HFC           | Internet & Voice      |         390 |         183 |            183 |             356 |
| Mahe        | HFC           | Internet Only         |        3225 |        3168 |           3168 |            3220 |
| Mahe        | HFC           | TV & Internet         |        5777 |        2556 |           2556 |            5180 |
| Mahe        | HFC           | TV & Internet & OTT   |         945 |         280 |            280 |             565 |
| Mahe        | HFC           | TV & Internet & Voice |         367 |         103 |            103 |             320 |
| Mahe        | HFC           | TV & OTT              |          30 |          11 |             11 |              11 |
| Mahe        | HFC           | TV & Voice            |          78 |          34 |             34 |              68 |
| Mahe        | HFC           | TV & Voice & OTT      |          10 |           1 |              1 |               3 |
| Mahe        | HFC           | TV Only               |        8786 |        6663 |           6663 |            6833 |
| Mahe        | HFC           | Voice Only            |         171 |         170 |            170 |             171 |
| Mahe        | HFC           | Services Total        |       19861 |       13187 |          13187 |           16782 |
| Mahe        | MOBILE TV     | OTT Only              |           2 |           2 |              2 |               2 |
| Mahe        | MOBILE TV     | Services Total        |           2 |           2 |              2 |               2 |
| Mahe        | Network Total | Services Total        |       24594 |       15578 |          15524 |           20329 |
| Praslin     | GPON          | All                   |          11 |           2 |              2 |               7 |
| Praslin     | GPON          | Internet & Voice      |          10 |           5 |              5 |              10 |
| Praslin     | GPON          | Internet Only         |         204 |         204 |            204 |             204 |
| Praslin     | GPON          | TV & Internet         |         853 |         360 |            360 |             750 |
| Praslin     | GPON          | TV & Internet & OTT   |         336 |          96 |             96 |             196 |
| Praslin     | GPON          | TV & Internet & Voice |          18 |           5 |              5 |              16 |
| Praslin     | GPON          | TV & OTT              |          28 |          11 |             11 |              11 |
| Praslin     | GPON          | TV & Voice            |           3 |           1 |              1 |               2 |
| Praslin     | GPON          | TV Only               |         437 |         304 |            304 |             318 |
| Praslin     | GPON          | Voice Only            |           1 |           1 |              1 |               1 |
| Praslin     | GPON          | Services Total        |        1901 |         989 |            989 |            1515 |
| Praslin     | HFC           | TV Only               |           5 |           3 |              3 |               3 |
| Praslin     | HFC           | Services Total        |           5 |           3 |              3 |               3 |
| Praslin     | Network Total | Services Total        |        1906 |         992 |            991 |            1518 |
| GRAND TOTAL | Network Total | Services Total        |       26500 |       16570 |          16514 |           21847 |
+-------------+---------------+-----------------------+-------------+-------------+----------------+-----------------+
45 rows in set (0.00 sec)

Query OK, 0 rows affected (0.10 sec)

Query OK, 25704 rows affected (0.89 sec)
Records: 25704  Duplicates: 0  Warnings: 0

Query OK, 0 rows affected (0.30 sec)

Query OK, 1627 rows affected (18.78 sec)
Records: 1627  Duplicates: 0  Warnings: 0

+--------------------------------------+
| message                              |
+--------------------------------------+
| running rcbill_my.sp_ActiveNumber2() |
+--------------------------------------+
1 row in set (0.00 sec)

Query OK, 146 rows affected (3 min 4.12 sec)

mysql> mysql \. C:\workspace\cloud\code\sql\_DailyScript\currenttime.sql
+---------------------+
| currenttime         |
+---------------------+
| 2019-05-27 10:10:15 |
+---------------------+
1 row in set (0.00 sec)

mysql> 
mysql> mysql \. C:\workspace\cloud\code\sql\_DailyScript\GetActiveNumbers Average -Pivot.sql
Database changed
+-------------------------------------+
| @today := subdate(current_date(),1) |
+-------------------------------------+
| 2019-05-26                          |
+-------------------------------------+
1 row in set (0.00 sec)

+-------------------------------------+
| @lastdayofmonth := last_day(@today) |
+-------------------------------------+
| 2019-05-31                          |
+-------------------------------------+
1 row in set (0.00 sec)

Query OK, 0 rows affected (0.58 sec)

Query OK, 29501 rows affected, 61697 warnings (56.65 sec)
Records: 29501  Duplicates: 0  Warnings: 61697

Query OK, 0 rows affected (0.16 sec)
Records: 0  Duplicates: 0  Warnings: 0

Query OK, 0 rows affected (0.11 sec)
Records: 0  Duplicates: 0  Warnings: 0

Query OK, 0 rows affected (0.09 sec)
Records: 0  Duplicates: 0  Warnings: 0

+-----------------+
| activenumberavg |
+-----------------+
|           29501 |
+-----------------+
1 row in set (0.01 sec)

Query OK, 0 rows affected (0.04 sec)

Query OK, 1743 rows affected (0.47 sec)
Records: 1743  Duplicates: 0  Warnings: 0

+---------------------+
| rep_activenumberavg |
+---------------------+
|                1743 |
+---------------------+
1 row in set (0.00 sec)

+----------------------+
| rep_activenumberavg1 |
+----------------------+
|                  828 |
+----------------------+
1 row in set (0.00 sec)

Query OK, 0 rows affected (0.04 sec)

Query OK, 1493 rows affected (0.36 sec)
Records: 1493  Duplicates: 0  Warnings: 0

Query OK, 0 rows affected (0.00 sec)

Query OK, 7552 rows affected (0.68 sec)
Records: 7552  Duplicates: 0  Warnings: 0

Query OK, 0 rows affected (0.00 sec)

Query OK, 0 rows affected (0.00 sec)

Query OK, 0 rows affected (0.06 sec)

Query OK, 0 rows affected (0.00 sec)

Query OK, 0 rows affected (0.00 sec)
Statement prepared

Query OK, 53 rows affected (0.06 sec)
Records: 53  Duplicates: 0  Warnings: 0

Query OK, 0 rows affected (0.00 sec)

Query OK, 0 rows affected (0.00 sec)

+----------------------+
| rep_activenumberavg2 |
+----------------------+
|                 1493 |
+----------------------+
1 row in set (0.00 sec)

+------------------------+
| rep_activenumberavg_pv |
+------------------------+
|                     53 |
+------------------------+
1 row in set (0.00 sec)

Query OK, 0 rows affected (0.04 sec)

Query OK, 1493 rows affected (0.37 sec)
Records: 1493  Duplicates: 0  Warnings: 0

Query OK, 0 rows affected (0.00 sec)

Query OK, 0 rows affected (0.00 sec)

Query OK, 0 rows affected (0.03 sec)

Query OK, 0 rows affected (0.00 sec)

Query OK, 0 rows affected (0.00 sec)
Statement prepared

Query OK, 53 rows affected (0.03 sec)
Records: 53  Duplicates: 0  Warnings: 0

Query OK, 0 rows affected (0.00 sec)

Query OK, 0 rows affected (0.00 sec)

+-------------------------+
| rep_activenumberavgMahe |
+-------------------------+
|                    1493 |
+-------------------------+
1 row in set (0.00 sec)

+----------------------------+
| rep_activenumberavgMahe_pv |
+----------------------------+
|                         53 |
+----------------------------+
1 row in set (0.00 sec)

Query OK, 0 rows affected (0.19 sec)

Query OK, 960 rows affected (0.25 sec)
Records: 960  Duplicates: 0  Warnings: 0

Query OK, 0 rows affected (0.00 sec)

Query OK, 0 rows affected (0.00 sec)

Query OK, 0 rows affected (0.10 sec)

Query OK, 0 rows affected (0.00 sec)

Query OK, 0 rows affected (0.00 sec)
Statement prepared

Query OK, 38 rows affected (0.04 sec)
Records: 38  Duplicates: 0  Warnings: 0

Query OK, 0 rows affected (0.00 sec)

Query OK, 0 rows affected (0.00 sec)

+----------------------------+
| rep_activenumberavgPraslin |
+----------------------------+
|                        960 |
+----------------------------+
1 row in set (0.00 sec)

+-------------------------------+
| rep_activenumberavgPraslin_pv |
+-------------------------------+
|                            38 |
+-------------------------------+
1 row in set (0.00 sec)

mysql> mysql \. C:\workspace\cloud\code\sql\_DailyScript\currenttime.sql
+---------------------+
| currenttime         |
+---------------------+
| 2019-05-27 10:11:16 |
+---------------------+
1 row in set (0.00 sec)

mysql> 
mysql> mysql \. C:\workspace\cloud\code\sql\_DailyScript\budget_actual_analysis_2019.sql
Query OK, 0 rows affected (0.00 sec)

Query OK, 556 rows affected, 3 warnings (0.45 sec)
Records: 556  Duplicates: 0  Warnings: 3

+--------------------+
| budget_actual_2019 |
+--------------------+
|                556 |
+--------------------+
1 row in set (0.00 sec)

Query OK, 0 rows affected (0.04 sec)

Query OK, 48 rows affected (0.04 sec)
Records: 48  Duplicates: 0  Warnings: 0

+---------------------------+
| rep_budget_actual_2019_pv |
+---------------------------+
|                        48 |
+---------------------------+
1 row in set (0.00 sec)

mysql> mysql \. C:\workspace\cloud\code\sql\_DailyScript\currenttime.sql
+---------------------+
| currenttime         |
+---------------------+
| 2019-05-27 10:11:16 |
+---------------------+
1 row in set (0.00 sec)

mysql> 
mysql> mysql \. C:\workspace\cloud\code\sql\_DailyScript\reports-sales-addons-prepaid-camera.sql
Database changed
Query OK, 0 rows affected (0.00 sec)

Query OK, 3625 rows affected (0.77 sec)
Records: 3625  Duplicates: 0  Warnings: 0

Query OK, 0 rows affected (0.02 sec)

Query OK, 15773 rows affected (1 min 39.82 sec)
Records: 15773  Duplicates: 0  Warnings: 0

+--------------------+
| rep_prepaid_camera |
+--------------------+
|               3625 |
+--------------------+
1 row in set (0.01 sec)

+-----------+
| rep_addon |
+-----------+
|     15773 |
+-----------+
1 row in set (0.01 sec)

mysql> mysql \. C:\workspace\cloud\code\sql\_DailyScript\currenttime.sql
+---------------------+
| currenttime         |
+---------------------+
| 2019-05-27 10:12:57 |
+---------------------+
1 row in set (0.00 sec)

mysql> 
mysql> mysql \. C:\workspace\cloud\code\sql\_DailyScript\housing-estate-analysis.sql
Database changed
Query OK, 0 rows affected (0.08 sec)

Query OK, 2822 rows affected (1 min 30.95 sec)
Records: 2822  Duplicates: 0  Warnings: 0

+--------------------+
| rep_housingestates |
+--------------------+
|               2822 |
+--------------------+
1 row in set (0.00 sec)

mysql> mysql \. C:\workspace\cloud\code\sql\_DailyScript\currenttime.sql
+---------------------+
| currenttime         |
+---------------------+
| 2019-05-27 10:14:28 |
+---------------------+
1 row in set (0.00 sec)

mysql> 
mysql> mysql \. C:\workspace\cloud\code\sql\_DailyScript\RCB_ClientAnalyticsReport_Script.sql
Database changed
Query OK, 0 rows affected (0.00 sec)

Query OK, 0 rows affected (0.39 sec)

Query OK, 1671871 rows affected (1 min 48.81 sec)
Records: 1671871  Duplicates: 0  Warnings: 0

Query OK, 0 rows affected (11.57 sec)
Records: 0  Duplicates: 0  Warnings: 0

Query OK, 0 rows affected (7.33 sec)
Records: 0  Duplicates: 0  Warnings: 0

Query OK, 0 rows affected (11.75 sec)
Records: 0  Duplicates: 0  Warnings: 0

Query OK, 0 rows affected (10.82 sec)
Records: 0  Duplicates: 0  Warnings: 0

Query OK, 0 rows affected (12.47 sec)
Records: 0  Duplicates: 0  Warnings: 0

Query OK, 0 rows affected (8.67 sec)
Records: 0  Duplicates: 0  Warnings: 0

Query OK, 0 rows affected (0.00 sec)

Query OK, 438630 rows affected (20.57 sec)
Rows matched: 1671871  Changed: 438630  Warnings: 0

Query OK, 0 rows affected (0.11 sec)

Query OK, 26845 rows affected (5.04 sec)
Records: 26845  Duplicates: 0  Warnings: 0

Query OK, 0 rows affected (0.07 sec)

Query OK, 42252 rows affected (12 min 56.80 sec)
Records: 42252  Duplicates: 0  Warnings: 0

Query OK, 0 rows affected (0.85 sec)
Records: 0  Duplicates: 0  Warnings: 0

Query OK, 0 rows affected (0.44 sec)
Records: 0  Duplicates: 0  Warnings: 0

Query OK, 0 rows affected (0.25 sec)
Records: 0  Duplicates: 0  Warnings: 0

Query OK, 0 rows affected (0.57 sec)

Query OK, 412896 rows affected (14 min 30.67 sec)
Records: 412896  Duplicates: 0  Warnings: 0

Query OK, 0 rows affected (2.42 sec)
Records: 0  Duplicates: 0  Warnings: 0

Query OK, 0 rows affected (2.09 sec)
Records: 0  Duplicates: 0  Warnings: 0

Query OK, 0 rows affected (1.21 sec)
Records: 0  Duplicates: 0  Warnings: 0

Query OK, 0 rows affected (2.25 sec)
Records: 0  Duplicates: 0  Warnings: 0

Query OK, 0 rows affected (2.69 sec)
Records: 0  Duplicates: 0  Warnings: 0

Query OK, 0 rows affected (0.13 sec)

Query OK, 42252 rows affected (1 min 48.31 sec)
Records: 42252  Duplicates: 0  Warnings: 0

+--------------+
| clientreport |
+--------------+
|        42252 |
+--------------+
1 row in set (0.02 sec)

Query OK, 0 rows affected (0.06 sec)

Query OK, 42252 rows affected (7.79 sec)
Records: 42252  Duplicates: 0  Warnings: 0

+----------------------+
| clientextendedreport |
+----------------------+
|                42252 |
+----------------------+
1 row in set (0.02 sec)

Query OK, 0 rows affected (0.07 sec)

Query OK, 42252 rows affected (5 min 47.50 sec)
Records: 42252  Duplicates: 0  Warnings: 0

+---------+
| allcust |
+---------+
|   42252 |
+---------+
1 row in set (0.02 sec)

Query OK, 0 rows affected, 1 warning (0.00 sec)

Query OK, 5000 rows affected (0.21 sec)
Records: 5000  Duplicates: 0  Warnings: 0

Query OK, 0 rows affected (0.04 sec)

Query OK, 6977 rows affected (0.58 sec)
Records: 6977  Duplicates: 0  Warnings: 0

Query OK, 0 rows affected, 1 warning (0.00 sec)

Query OK, 5000 rows affected (0.17 sec)
Records: 5000  Duplicates: 0  Warnings: 0

Query OK, 0 rows affected (0.00 sec)

Query OK, 7344 rows affected (0.38 sec)
Records: 7344  Duplicates: 0  Warnings: 0

mysql> mysql \. C:\workspace\cloud\code\sql\_DailyScript\currenttime.sql
+---------------------+
| currenttime         |
+---------------------+
| 2019-05-27 10:53:11 |
+---------------------+
1 row in set (0.00 sec)

mysql> 
mysql> mysql \. C:\workspace\cloud\code\sql\_DailyScript\REVENUE_PER_NODE_MXK.sql
Query OK, 0 rows affected (0.01 sec)

Query OK, 0 rows affected (0.01 sec)

Query OK, 0 rows affected (0.01 sec)

Query OK, 4980 rows affected (1.48 sec)
Records: 4980  Duplicates: 0  Warnings: 0

+----------------------+
| message              |
+----------------------+
| created temp table a |
+----------------------+
1 row in set (0.00 sec)

Query OK, 4614 rows affected (1.49 sec)
Records: 4614  Duplicates: 0  Warnings: 0

+----------------------+
| message              |
+----------------------+
| created temp table b |
+----------------------+
1 row in set (0.00 sec)

Query OK, 0 rows affected, 1 warning (0.00 sec)

Query OK, 5138 rows affected (10.07 sec)
Records: 5138  Duplicates: 0  Warnings: 0

+--------------------------------+
| message                        |
+--------------------------------+
| created rcbill_my.tempcustmxk1 |
+--------------------------------+
1 row in set (0.00 sec)

Query OK, 0 rows affected (0.00 sec)

Query OK, 0 rows affected (0.00 sec)

Query OK, 0 rows affected, 1 warning (0.00 sec)

Query OK, 4980 rows affected (0.27 sec)
Records: 4980  Duplicates: 0  Warnings: 0

+----------------+
| message        |
+----------------+
| created temp a |
+----------------+
1 row in set (0.00 sec)

Query OK, 4614 rows affected (0.32 sec)
Records: 4614  Duplicates: 0  Warnings: 0

+----------------+
| message        |
+----------------+
| created temp b |
+----------------+
1 row in set (0.00 sec)

Query OK, 0 rows affected, 1 warning (0.00 sec)

Query OK, 4708 rows affected (6.75 sec)
Records: 4708  Duplicates: 0  Warnings: 0

+--------------------------------+
| message                        |
+--------------------------------+
| created rcbill_my.tempcustmxk2 |
+--------------------------------+
1 row in set (0.00 sec)

Query OK, 0 rows affected (0.00 sec)

Query OK, 0 rows affected (0.00 sec)

Query OK, 0 rows affected, 1 warning (0.00 sec)

Query OK, 0 rows affected (0.27 sec)

Query OK, 5450 rows affected (0.59 sec)
Records: 5450  Duplicates: 0  Warnings: 0

+---------------------------------+
| message                         |
+---------------------------------+
| created rcbill_my.customers_mxk |
+---------------------------------+
1 row in set (0.00 sec)

Query OK, 0 rows affected (0.00 sec)

Query OK, 0 rows affected (0.00 sec)

Query OK, 19484 rows affected (0.45 sec)
Records: 19484  Duplicates: 0  Warnings: 0

+----------------+
| message        |
+----------------+
| created temp a |
+----------------+
1 row in set (0.00 sec)

Query OK, 21986 rows affected (4.13 sec)
Records: 21986  Duplicates: 0  Warnings: 0

+----------------+
| message        |
+----------------+
| created temp c |
+----------------+
1 row in set (0.00 sec)

Query OK, 0 rows affected, 1 warning (0.00 sec)

Query OK, 34735 rows affected (0.57 sec)
Records: 34735  Duplicates: 0  Warnings: 0

+---------------------------------+
| message                         |
+---------------------------------+
| created rcbill_my.tempcustcmts1 |
+---------------------------------+
1 row in set (0.00 sec)

Query OK, 0 rows affected (0.00 sec)

Query OK, 0 rows affected, 1 warning (0.00 sec)

Query OK, 0 rows affected (0.01 sec)

Query OK, 19484 rows affected (0.38 sec)
Records: 19484  Duplicates: 0  Warnings: 0

+----------------+
| message        |
+----------------+
| created temp a |
+----------------+
1 row in set (0.00 sec)

Query OK, 21986 rows affected (1.09 sec)
Records: 21986  Duplicates: 0  Warnings: 0

+----------------+
| message        |
+----------------+
| created temp c |
+----------------+
1 row in set (0.00 sec)

Query OK, 0 rows affected, 1 warning (0.00 sec)

Query OK, 23197 rows affected (0.40 sec)
Records: 23197  Duplicates: 0  Warnings: 0

+---------------------------------+
| message                         |
+---------------------------------+
| created rcbill_my.tempcustcmts2 |
+---------------------------------+
1 row in set (0.00 sec)

Query OK, 0 rows affected (0.01 sec)

Query OK, 0 rows affected, 1 warning (0.00 sec)

Query OK, 0 rows affected (0.01 sec)

Query OK, 0 rows affected (0.26 sec)

Query OK, 19644 rows affected (1.49 sec)
Records: 19644  Duplicates: 0  Warnings: 0

+----------------------------------+
| message                          |
+----------------------------------+
| created rcbill_my.customers_cmts |
+----------------------------------+
1 row in set (0.00 sec)

Query OK, 0 rows affected (0.00 sec)

Query OK, 0 rows affected (0.00 sec)

Query OK, 0 rows affected (0.13 sec)

Query OK, 25094 rows affected (1.67 sec)
Records: 25094  Duplicates: 0  Warnings: 0

+--------------------------------------+
| message                              |
+--------------------------------------+
| created rcbill_my.customers_cmts_mxk |
+--------------------------------------+
1 row in set (0.00 sec)

Query OK, 435146 rows affected (31.09 sec)
Records: 435146  Duplicates: 0  Warnings: 0

+----------------+
| message        |
+----------------+
| created temp a |
+----------------+
1 row in set (0.00 sec)

Query OK, 0 rows affected (0.13 sec)

Query OK, 436579 rows affected (18.93 sec)
Records: 436579  Duplicates: 0  Warnings: 0

+------------------------------------------------+
| message                                        |
+------------------------------------------------+
| created rcbill_my.customers_contracts_cmts_mxk |
+------------------------------------------------+
1 row in set (0.00 sec)

Query OK, 0 rows affected (0.01 sec)

Query OK, 0 rows affected, 1 warning (0.00 sec)

Query OK, 0 rows affected, 1 warning (0.00 sec)

Query OK, 0 rows affected (0.00 sec)

Query OK, 7832 rows affected (4.43 sec)
Rows matched: 7833  Changed: 7832  Warnings: 0

+------------------------------------------------+
| message                                        |
+------------------------------------------------+
| updated rcbill_my.customers_contracts_cmts_mxk |
+------------------------------------------------+
1 row in set (0.00 sec)

Query OK, 0 rows affected (0.08 sec)

Query OK, 1624391 rows affected (5 min 57.69 sec)
Records: 1624391  Duplicates: 0  Warnings: 0

+----------------------------------------+
| message                                |
+----------------------------------------+
| created rcbill_my.customers_collection |
+----------------------------------------+
1 row in set (0.02 sec)

Query OK, 0 rows affected (1.83 sec)

Query OK, 1874813 rows affected (2 min 22.75 sec)
Records: 1874813  Duplicates: 0  Warnings: 0

+------------------------------------------------+
| message                                        |
+------------------------------------------------+
| created rcbill_my.customers_cmts_mxk_cont_coll |
+------------------------------------------------+
1 row in set (0.00 sec)

Query OK, 0 rows affected (0.02 sec)

Query OK, 34719 rows affected (13.21 sec)
Records: 34719  Duplicates: 0  Warnings: 0

+------------------------------------------------------------+
| message                                                    |
+------------------------------------------------------------+
| created rcbill_my.customers_contracts_collection_pivot2019 |
+------------------------------------------------------------+
1 row in set (0.00 sec)

Query OK, 0 rows affected (0.02 sec)

Query OK, 18891 rows affected (8.74 sec)
Records: 18891  Duplicates: 0  Warnings: 0

+--------------------------------------------------+
| message                                          |
+--------------------------------------------------+
| created rcbill_my.customers_collection_pivot2019 |
+--------------------------------------------------+
1 row in set (0.00 sec)

Query OK, 0 rows affected (0.05 sec)

Query OK, 42252 rows affected (2.04 sec)
Records: 42252  Duplicates: 0  Warnings: 0

+------------------------------------------------+
| message                                        |
+------------------------------------------------+
| created rcbill_my.rep_customers_collection2019 |
+------------------------------------------------+
1 row in set (0.00 sec)

Query OK, 0 rows affected (0.00 sec)

Query OK, 0 rows affected, 1 warning (0.00 sec)

Query OK, 406887 rows affected (24.48 sec)
Records: 406887  Duplicates: 0  Warnings: 0

+-------------------------+
| message                 |
+-------------------------+
| created rcbill_my.tempa |
+-------------------------+
1 row in set (0.00 sec)

Query OK, 0 rows affected, 1 warning (0.00 sec)

Query OK, 84103 rows affected (12.98 sec)
Records: 84103  Duplicates: 0  Warnings: 0

+-------------------------+
| message                 |
+-------------------------+
| created rcbill_my.tempb |
+-------------------------+
1 row in set (0.00 sec)

Query OK, 406887 rows affected (12.53 sec)
Records: 406887  Duplicates: 0  Warnings: 0

+-----------+
| message   |
+-----------+
| created a |
+-----------+
1 row in set (0.00 sec)

Query OK, 84216 rows affected (7.66 sec)
Records: 84216  Duplicates: 0  Warnings: 0

+-----------+
| message   |
+-----------+
| created b |
+-----------+
1 row in set (0.00 sec)

Query OK, 0 rows affected (0.12 sec)

Query OK, 0 rows affected (0.01 sec)

Query OK, 0 rows affected (0.06 sec)

Query OK, 409595 rows affected (32.68 sec)
Records: 409595  Duplicates: 0  Warnings: 0

+----------------------------------------------+
| message                                      |
+----------------------------------------------+
| created rcbill_my.cust_cont_payment_cmts_mxk |
+----------------------------------------------+
1 row in set (0.00 sec)

Query OK, 0 rows affected (0.05 sec)

Query OK, 0 rows affected (0.01 sec)

Query OK, 0 rows affected, 1 warning (0.00 sec)

Query OK, 0 rows affected (0.07 sec)

Query OK, 42252 rows affected (15.06 sec)
Records: 42252  Duplicates: 0  Warnings: 0

+--------------------------------------------------+
| message                                          |
+--------------------------------------------------+
| created rcbill_my.rep_cust_cont_payment_cmts_mxk |
+--------------------------------------------------+
1 row in set (0.00 sec)

Query OK, 0 rows affected, 1 warning (0.00 sec)

Query OK, 0 rows affected, 1 warning (0.00 sec)

Query OK, 0 rows affected (0.13 sec)

Query OK, 38226 rows affected, 5 warnings (8.81 sec)
Records: 38226  Duplicates: 0  Warnings: 5

+----------------------+
| rep_custconsolidated |
+----------------------+
|                38226 |
+----------------------+
1 row in set (0.03 sec)

Query OK, 0 rows affected (0.00 sec)

Query OK, 0 rows affected (0.04 sec)

+----------------------------------------------+
| message                                      |
+----------------------------------------------+
| creating rcbill_my.retentioncustomeractivity |
+----------------------------------------------+
1 row in set (0.00 sec)

Query OK, 601 rows affected (0.09 sec)
Records: 601  Duplicates: 0  Warnings: 0

+---------------------------+
| retentioncustomeractivity |
+---------------------------+
|                       601 |
+---------------------------+
1 row in set (0.00 sec)

+-----------+------------------------------------+------------+-------------+-----------------+------------------+---------------------+-------------------+
| HFC_NODE  | NODENAME                           | CMTS_DATE  | INSERTED_ON | UNIQUE_ACCOUNTS | UNIQUE_CONTRACTS | UNIQUE_MAC_INRCBOSS | UNIQUE_MAC_INCMTS |
+-----------+------------------------------------+------------+-------------+-----------------+------------------+---------------------+-------------------+
| NULL      | NULL                               | NULL       | 2019-05-27  |           10560 |            11264 |               11363 |                 0 |
| C5/0/0/U0 | ANSE-BOILEAU-2                     | 2019-04-15 | 2019-05-27  |             167 |              173 |                 167 |               176 |
| C5/0/0/U1 | 500-C3-ANSE-BOILEAU                | 2019-04-15 | 2019-05-27  |             168 |              173 |                 168 |               177 |
| C5/0/1/U0 | 501-C4-LA-MISIERE-LEFT-I           | 2019-04-15 | 2019-05-27  |             200 |              206 |                 200 |               201 |
| C5/0/1/U1 | 501-C5-LA-MISIERE-RIGHT            | 2019-04-15 | 2019-05-27  |             105 |              109 |                 105 |               107 |
| C5/0/1/U2 | 501-C7-LA-MISIERE-LEFT-II          | 2019-04-15 | 2019-05-27  |              98 |              104 |                  98 |               102 |
| C5/0/2/U0 | 502-C8-LA-LOUISE                   | 2019-04-15 | 2019-05-27  |             139 |              142 |                 140 |               142 |
| C5/0/2/U1 | LA-LOUISE-2                        | 2019-04-15 | 2019-05-27  |             145 |              148 |                 145 |               148 |
| C5/0/3/U0 | 504-C6-PETIT-PARIS                 | 2019-04-15 | 2019-05-27  |             154 |              159 |                 154 |               157 |
| C5/0/3/U1 | PETIT-PARIS-23                     | 2019-04-15 | 2019-05-27  |              83 |               83 |                  83 |                85 |
| C5/0/4/U0 | FOUR-SEASONS                       | 2019-04-15 | 2019-05-27  |               6 |               22 |                  22 |                23 |
| C5/0/4/U1 | ANCHOR-CAFE-I                      | 2019-04-15 | 2019-05-27  |             153 |              157 |                 153 |               159 |
| C5/0/4/U2 | ANCHOR-CAFE-II                     | 2019-04-15 | 2019-05-27  |             135 |              138 |                 135 |               145 |
| C5/1/0/U0 | POINTE-LARUE-AIRPORT-23            | 2019-04-15 | 2019-05-27  |             104 |              114 |                 106 |               111 |
| C5/1/0/U1 | PPROVIDENCE-23                     | 2019-04-15 | 2019-05-27  |              29 |               32 |                  29 |                29 |
| C5/1/0/U2 | ROSHE-CAIMAN-23                    | 2019-04-15 | 2019-05-27  |              10 |               10 |                  10 |                10 |
| C5/1/0/U3 | HEAD-OFFICE | HO-23                | 2019-04-15 | 2019-05-27  |              22 |               23 |                  22 |                23 |
| C5/1/1/U1 | C5-UNION-VALE                      | 2019-04-15 | 2019-05-27  |             182 |              190 |                 183 |               185 |
| C5/1/3/U0 | POINTE-LARUE-AIRPORT-27            | 2019-04-15 | 2019-05-27  |             125 |              126 |                 125 |               128 |
| C5/1/3/U1 | PPROVIDENCE-27                     | 2019-04-15 | 2019-05-27  |              37 |               38 |                  37 |                37 |
| C5/1/3/U2 | ROSHE-CAIMAN-27                    | 2019-04-15 | 2019-05-27  |              24 |               25 |                  24 |                25 |
| C5/1/3/U3 | HEAD-OFFICE | HO-27                | 2019-04-15 | 2019-05-27  |              25 |               25 |                  25 |                26 |
| C5/1/4/U0 | ANSE-ROYALE-27                     | 2019-04-15 | 2019-05-27  |             190 |              198 |                 191 |               193 |
| C5/1/4/U1 | GLACIS-2-57                        | 2019-04-15 | 2019-05-27  |             136 |              143 |                 136 |               138 |
| C5/1/4/U3 | GLACIS-1                           | 2019-04-15 | 2019-05-27  |              65 |               67 |                  65 |                65 |
| C6/0/1/U0 | SERRET-ROAD-RIGHT/CURIO/PASCAL     | 2019-04-15 | 2019-05-27  |             136 |              141 |                 136 |               140 |
| C6/0/1/U1 | SERRET-ROAD-LEFT/ST.LOUIS/TOWN     | 2019-04-15 | 2019-05-27  |             143 |              151 |                 143 |               144 |
| C6/0/1/U2 | SERRET-ROAD-RIGHT/CURIO/PASCAL-2   | 2019-04-15 | 2019-05-27  |             113 |              116 |                 113 |               114 |
| C6/0/1/U3 | SERRET-ROAD-LEFT/ST.LOUIS/TOWN-2   | 2019-04-15 | 2019-05-27  |             143 |              149 |                 143 |               143 |
| C6/0/2/U0 | SANS-SOUCIS-I                      | 2019-04-15 | 2019-05-27  |             120 |              127 |                 120 |               121 |
| C6/0/2/U1 | SANS-SOUCIS-II                     | 2019-04-15 | 2019-05-27  |             110 |              113 |                 109 |               109 |
| C6/0/2/U2 | BEL-AIR-27                         | 2019-04-15 | 2019-05-27  |              97 |              102 |                  97 |                97 |
| C6/0/2/U3 | BEL-AIR-38                         | 2019-04-15 | 2019-05-27  |             109 |              113 |                 109 |               111 |
| C6/0/3/U0 | LES-MAMELLES-23                    | 2019-04-15 | 2019-05-27  |              95 |               96 |                  95 |                96 |
| C6/0/3/U1 | VICTORIA-23                        | 2019-04-15 | 2019-05-27  |              23 |               27 |                  25 |                28 |
| C6/0/4/U0 | LES-MAMELLES-27                    | 2019-04-15 | 2019-05-27  |              58 |               58 |                  58 |                58 |
| C6/0/4/U1 | VICTORIA-27                        | 2019-04-15 | 2019-05-27  |              37 |               42 |                  38 |                38 |
| C7/1/0/U0 | LA-RETRAITE-23                     | 2019-04-15 | 2019-05-27  |             106 |              111 |                 106 |               107 |
| C7/1/0/U1 | TEA-FACTORY-23                     | 2019-04-15 | 2019-05-27  |              20 |               24 |                  20 |                21 |
| C7/1/0/U2 | PAS-23                             | 2019-04-15 | 2019-05-27  |             119 |              121 |                 120 |               120 |
| C7/1/1/U0 | REEF-ESTATE-23                     | 2019-04-15 | 2019-05-27  |              99 |              100 |                  99 |               103 |
| C7/1/1/U1 | BEL-OMBRE-NEW-23                   | 2019-04-15 | 2019-05-27  |              19 |               25 |                  24 |                26 |
| C7/1/2/U0 | LA-RETRAITE-27                     | 2019-04-15 | 2019-05-27  |             120 |              126 |                 120 |               121 |
| C7/1/2/U1 | TEA-FACTORY-27                     | 2019-04-15 | 2019-05-27  |              25 |               30 |                  28 |                28 |
| C7/1/2/U2 | PAS-27                             | 2019-04-15 | 2019-05-27  |              91 |               98 |                  91 |                91 |
| C7/1/3/U0 | MT-BUXTON-27                       | 2019-04-15 | 2019-05-27  |             171 |              175 |                 170 |               174 |
| C7/1/3/U1 | MT-BUXTON-23                       | 2019-04-15 | 2019-05-27  |              49 |               50 |                  49 |                51 |
| C7/1/4/U0 | REEF-ESTATE-27                     | 2019-04-15 | 2019-05-27  |              60 |               61 |                  60 |                61 |
| C7/1/4/U1 | BEL-OMBRE-NEW-27                   | 2019-04-15 | 2019-05-27  |              30 |               30 |                  30 |                30 |
| C8/0/0/U0 | POLICE-ACADEMY-1-27 - POINTE LARUE | 2019-04-15 | 2019-05-27  |             197 |              199 |                 197 |               202 |
| C8/0/0/U1 | NULL                               | 2019-04-15 | 2019-05-27  |             114 |              120 |                 115 |               119 |
| C8/0/1/U0 | NULL                               | 2019-04-15 | 2019-05-27  |             167 |              174 |                 167 |               173 |
| C8/0/1/U1 | POLICE-ACADEMY-2-27 - TURTLE BAY   | 2019-04-15 | 2019-05-27  |             138 |              141 |                 138 |               143 |
| C8/0/2/U0 | BEAU-VALLON-LEFT-1-57              | 2019-04-15 | 2019-05-27  |             101 |              107 |                 101 |               101 |
| C8/0/3/U1 | BEAU-VALLON-RIGHT-2-57             | 2019-04-15 | 2019-05-27  |             203 |              211 |                 203 |               210 |
| C8/1/0/U0 | MA-JOIE-NODE-27                    | 2019-04-15 | 2019-05-27  |             141 |              146 |                 141 |               143 |
| C8/1/0/U1 | BELONIE-27                         | 2019-04-15 | 2019-05-27  |             149 |              153 |                 147 |               147 |
| C8/1/0/U3 | MA-JOIE-NODE-23                    | 2019-04-15 | 2019-05-27  |              96 |               97 |                  96 |                99 |
| C8/1/1/U0 | 611-C1-ROJN I                      | 2019-04-15 | 2019-05-27  |             174 |              182 |                 174 |               179 |
| C8/1/1/U1 | 611-C5-ROJN II                     | 2019-04-15 | 2019-05-27  |              66 |               68 |                  66 |                68 |
| C8/1/2/U0 | 612-C2-ANSE-ETOILE                 | 2019-04-15 | 2019-05-27  |             183 |              192 |                 182 |               186 |
| C8/1/2/U1 | ANSE-ETOILE-U2                     | 2019-04-15 | 2019-05-27  |              95 |               97 |                  95 |                95 |
| C8/1/3/U0 | 613-C3-ANSE-GAULETTE I             | 2019-04-15 | 2019-05-27  |              72 |               79 |                  72 |                72 |
| C8/1/3/U1 | 613-C7-ANSE-GAULETTE II            | 2019-04-15 | 2019-05-27  |              58 |               62 |                  58 |                59 |
| C8/1/3/U2 | 613-C3-ANSE-GAULETTE III           | 2019-04-15 | 2019-05-27  |              47 |               49 |                  47 |                48 |
| C8/1/3/U3 | TAKAMAKA I                         | 2019-04-15 | 2019-05-27  |              92 |               94 |                  92 |               104 |
| C8/1/3/U4 | TAKAMAKA II                        | 2019-04-15 | 2019-05-27  |              98 |              100 |                  98 |               102 |
| C8/1/4/U0 | 614-BEOLIERE-NODE-1                | 2019-04-15 | 2019-05-27  |             102 |              107 |                 102 |               103 |
| C8/1/4/U1 | 614-BEOLIERE-NODE-2                | 2019-04-15 | 2019-05-27  |             126 |              134 |                 126 |               126 |
+-----------+------------------------------------+------------+-------------+-----------------+------------------+---------------------+-------------------+
69 rows in set (0.55 sec)

+------------------+------------+-------------+-----------------+------------------+----------------------+-------------------+
| MXK_NAME         | MXK_DATE   | INSERTED_ON | UNIQUE_ACCOUNTS | UNIQUE_CONTRACTS | UNIQUE_FSAN_INRCBOSS | UNIQUE_FSAN_INMXK |
+------------------+------------+-------------+-----------------+------------------+----------------------+-------------------+
| NULL             | NULL       | 2019-05-27  |             700 |              726 |                  717 |                 0 |
| MXK-ANSEETOILE   | 2019-04-15 | 2019-05-27  |              66 |               67 |                   67 |                72 |
| MXK-ANSEROYALE   | 2019-04-15 | 2019-05-27  |             130 |              131 |                  131 |               140 |
| MXK-BEAUVALLON   | 2019-04-15 | 2019-05-27  |             993 |             1006 |                  999 |              1031 |
| MXK-MAHE         | 2019-04-15 | 2019-05-27  |             862 |              893 |                  836 |               965 |
| MXK-PERSEVERANCE | 2019-04-15 | 2019-05-27  |            1019 |             1035 |                 1029 |              1068 |
| MXK-PRASLIN      | 2019-04-15 | 2019-05-27  |            1152 |             1157 |                 1148 |              1210 |
+------------------+------------+-------------+-----------------+------------------+----------------------+-------------------+
7 rows in set (0.11 sec)

mysql> mysql \. C:\workspace\cloud\code\sql\_DailyScript\currenttime.sql
+---------------------+
| currenttime         |
+---------------------+
| 2019-05-27 11:05:20 |
+---------------------+
1 row in set (0.00 sec)

mysql> 
mysql> mysql \. C:\workspace\cloud\code\sql\Analysis\service_tickets_assignments.sql
Query OK, 0 rows affected (0.01 sec)

Query OK, 37745 rows affected (16.78 sec)
Records: 37745  Duplicates: 0  Warnings: 0

+-------------------------+
| rep_servicetickets_2019 |
+-------------------------+
|                   37745 |
+-------------------------+
1 row in set (0.04 sec)

mysql> mysql \. C:\workspace\cloud\code\sql\_DailyScript\currenttime.sql
+---------------------+
| currenttime         |
+---------------------+
| 2019-05-27 11:05:37 |
+---------------------+
1 row in set (0.00 sec)

mysql> 
mysql> 
mysql> 
mysql> 
mysql> exit
