    -> 
    -> mysql \. C:\workspace\cloud\code\sql\_DailyScript\_setdates.sql
Query OK, 0 rows affected (0.01 sec)

Query OK, 0 rows affected (1.71 sec)

Database changed
Query OK, 0 rows affected (0.00 sec)

Query OK, 0 rows affected (0.00 sec)

Query OK, 0 rows affected (0.00 sec)

Query OK, 0 rows affected (0.00 sec)

Query OK, 0 rows affected (0.00 sec)

Query OK, 0 rows affected (0.00 sec)

Query OK, 0 rows affected (0.00 sec)

Query OK, 0 rows affected (0.00 sec)

Query OK, 0 rows affected (0.00 sec)

Query OK, 0 rows affected (0.00 sec)

Query OK, 0 rows affected (0.00 sec)

Query OK, 0 rows affected (0.00 sec)

Query OK, 0 rows affected (0.00 sec)

Query OK, 0 rows affected (0.00 sec)

Query OK, 0 rows affected (0.00 sec)

Query OK, 0 rows affected (0.00 sec)

Query OK, 0 rows affected (0.00 sec)

Query OK, 0 rows affected (0.00 sec)

Query OK, 0 rows affected (0.00 sec)

Query OK, 0 rows affected (0.00 sec)

Query OK, 0 rows affected (0.00 sec)

Query OK, 0 rows affected (0.00 sec)

mysql> mysql \. C:\workspace\cloud\code\sql\_DailyScript\currenttime.sql
+---------------------+
| currenttime         |
+---------------------+
| 2021-10-25 10:03:32 |
+---------------------+
1 row in set (0.00 sec)

mysql> 
mysql> mysql \. C:\workspace\cloud\code\sql\_DailyScript\load_RCB_VODTITLES.sql
Database changed
Query OK, 0 rows affected (0.00 sec)

Query OK, 16591 rows affected (0.18 sec)

Query OK, 16593 rows affected, 16593 warnings (0.42 sec)
Records: 16593  Deleted: 0  Skipped: 0  Warnings: 16593

Query OK, 0 rows affected (0.00 sec)

Query OK, 2 rows affected (0.02 sec)

+-----------+
| VODTITLES |
+-----------+
|     17051 |
+-----------+
1 row in set (0.01 sec)

+-----------+-----------+
| titletype | typecount |
+-----------+-----------+
| E         |     14143 |
| N         |       245 |
| T         |      2203 |
| NULL      |     16591 |
+-----------+-----------+
4 rows in set (0.06 sec)

mysql> mysql \. C:\workspace\cloud\code\sql\_DailyScript\currenttime.sql
+---------------------+
| currenttime         |
+---------------------+
| 2021-10-25 10:03:33 |
+---------------------+
1 row in set (0.00 sec)

mysql> 
mysql> mysql \. C:\workspace\cloud\code\sql\_DailyScript\DAILY-SCRIPT-LIVETV-STATS.sql
Database changed
Query OK, 0 rows affected (0.01 sec)

Query OK, 304106 rows affected (5 min 37.40 sec)
Records: 304106  Duplicates: 0  Warnings: 0

+------------+------------+----------+--------------+--------------+-----------+-------------+----------+--------+------+------------+---------+---------------+
| Table      | Non_unique | Key_name | Seq_in_index | Column_name  | Collation | Cardinality | Sub_part | Packed | Null | Index_type | Comment | Index_comment |
+------------+------------+----------+--------------+--------------+-----------+-------------+----------+--------+------+------------+---------+---------------+
| templivetv |          1 | idxtv1   |            1 | device       | A         |      305193 |     NULL | NULL   | YES  | BTREE      |         |               |
| templivetv |          1 | idxtv2   |            1 | sessionstart | A         |      305193 |     NULL | NULL   | YES  | BTREE      |         |               |
+------------+------------+----------+--------------+--------------+-----------+-------------+----------+--------+------+------------+---------+---------------+
2 rows in set (0.01 sec)

Query OK, 302320 rows affected (3 min 8.50 sec)
Records: 302320  Duplicates: 0  Warnings: 0

Query OK, 7614 rows affected (2.82 sec)
Records: 7614  Duplicates: 0  Warnings: 0

Query OK, 0 rows affected (0.00 sec)

Query OK, 0 rows affected (0.00 sec)

Query OK, 373 rows affected (0.11 sec)
Records: 373  Duplicates: 0  Warnings: 0

Query OK, 0 rows affected (0.01 sec)

Query OK, 86487 rows affected (20 min 39.00 sec)
Records: 86487  Duplicates: 0  Warnings: 0

+-----------------+
| rep_livetvstats |
+-----------------+
|           86487 |
+-----------------+
1 row in set (0.03 sec)

mysql> mysql \. C:\workspace\cloud\code\sql\_DailyScript\currenttime.sql
+---------------------+
| currenttime         |
+---------------------+
| 2021-10-25 10:33:01 |
+---------------------+
1 row in set (0.00 sec)

mysql> 
mysql> mysql \. C:\workspace\cloud\code\sql\_DailyScript\DAILY-SCRIPT-VODTS-STATS.sql
Database changed
Query OK, 0 rows affected (0.01 sec)

Query OK, 26339 rows affected (1 min 3.47 sec)
Records: 26339  Duplicates: 0  Warnings: 0

+---------+------------+----------+--------------+--------------+-----------+-------------+----------+--------+------+------------+---------+---------------+
| Table   | Non_unique | Key_name | Seq_in_index | Column_name  | Collation | Cardinality | Sub_part | Packed | Null | Index_type | Comment | Index_comment |
+---------+------------+----------+--------------+--------------+-----------+-------------+----------+--------+------+------------+---------+---------------+
| tempvod |          1 | idxtvod1 |            1 | device       | A         |       26568 |     NULL | NULL   | YES  | BTREE      |         |               |
| tempvod |          1 | idxtvod2 |            1 | sessionstart | A         |       26568 |     NULL | NULL   | YES  | BTREE      |         |               |
+---------+------------+----------+--------------+--------------+-----------+-------------+----------+--------+------+------------+---------+---------------+
2 rows in set (0.00 sec)

Query OK, 26419 rows affected (7.35 sec)
Records: 26419  Duplicates: 0  Warnings: 0

Query OK, 0 rows affected (0.02 sec)

Query OK, 1535209 rows affected (2 min 22.26 sec)
Records: 1535209  Duplicates: 0  Warnings: 0

+--------------+
| rep_vodstats |
+--------------+
|      1535209 |
+--------------+
1 row in set (0.45 sec)

Database changed
Query OK, 0 rows affected (0.01 sec)

Query OK, 56112 rows affected (57.31 sec)
Records: 56112  Duplicates: 0  Warnings: 0

+--------+------------+----------+--------------+--------------+-----------+-------------+----------+--------+------+------------+---------+---------------+
| Table  | Non_unique | Key_name | Seq_in_index | Column_name  | Collation | Cardinality | Sub_part | Packed | Null | Index_type | Comment | Index_comment |
+--------+------------+----------+--------------+--------------+-----------+-------------+----------+--------+------+------------+---------+---------------+
| tempts |          1 | idxtts1  |            1 | device       | A         |       56355 |     NULL | NULL   | YES  | BTREE      |         |               |
| tempts |          1 | idxtts2  |            1 | sessionstart | A         |       56355 |     NULL | NULL   | YES  | BTREE      |         |               |
+--------+------------+----------+--------------+--------------+-----------+-------------+----------+--------+------+------------+---------+---------------+
2 rows in set (0.00 sec)

Query OK, 55809 rows affected (22.04 sec)
Records: 55809  Duplicates: 0  Warnings: 0

Query OK, 0 rows affected (0.01 sec)

Query OK, 54010 rows affected (1 min 1.14 sec)
Records: 54010  Duplicates: 0  Warnings: 0

+-------------+
| rep_tsstats |
+-------------+
|       54010 |
+-------------+
1 row in set (0.02 sec)

mysql> mysql \. C:\workspace\cloud\code\sql\_DailyScript\currenttime.sql
+---------------------+
| currenttime         |
+---------------------+
| 2021-10-25 10:38:55 |
+---------------------+
1 row in set (0.00 sec)

mysql> 
mysql> mysql \. C:\workspace\cloud\code\sql\_DailyScript\DAILY-SCRIPT-RADIO-STATS.sql
Database changed
Query OK, 0 rows affected (0.05 sec)

Query OK, 473201 rows affected (6.00 sec)
Records: 473201  Duplicates: 0  Warnings: 0

+-----------+------------+----------+--------------+--------------+-----------+-------------+----------+--------+------+------------+---------+---------------+
| Table     | Non_unique | Key_name | Seq_in_index | Column_name  | Collation | Cardinality | Sub_part | Packed | Null | Index_type | Comment | Index_comment |
+-----------+------------+----------+--------------+--------------+-----------+-------------+----------+--------+------+------------+---------+---------------+
| tempradio |          1 | idxtrad1 |            1 | device       | A         |      467241 |     NULL | NULL   | YES  | BTREE      |         |               |
| tempradio |          1 | idxtrad2 |            1 | sessionstart | A         |      467241 |     NULL | NULL   | YES  | BTREE      |         |               |
+-----------+------------+----------+--------------+--------------+-----------+-------------+----------+--------+------+------------+---------+---------------+
2 rows in set (0.00 sec)

Query OK, 2102 rows affected (1.30 sec)
Records: 2102  Duplicates: 0  Warnings: 0

Query OK, 0 rows affected (0.01 sec)

Query OK, 7071 rows affected (0.63 sec)
Records: 7071  Duplicates: 0  Warnings: 0

+----------------+
| rep_radiostats |
+----------------+
|           7071 |
+----------------+
1 row in set (0.00 sec)

mysql> mysql \. C:\workspace\cloud\code\sql\_DailyScript\currenttime.sql
+---------------------+
| currenttime         |
+---------------------+
| 2021-10-25 10:39:03 |
+---------------------+
1 row in set (0.00 sec)

mysql> 
mysql> mysql \. C:\workspace\cloud\code\sql\_DailyScript\DAILY_SCRIPT_TELEMETRY_PIVOT_2021.sql
Query OK, 0 rows affected (0.01 sec)

Query OK, 140 rows affected (0.19 sec)
Records: 140  Duplicates: 0  Warnings: 0

Query OK, 0 rows affected (0.01 sec)

Query OK, 14970 rows affected (3.17 sec)
Records: 14970  Duplicates: 0  Warnings: 0

Query OK, 0 rows affected (0.01 sec)

Query OK, 6 rows affected (0.02 sec)
Records: 6  Duplicates: 0  Warnings: 0

Query OK, 0 rows affected (0.01 sec)

Query OK, 44 rows affected (0.07 sec)
Records: 44  Duplicates: 0  Warnings: 0

mysql> mysql \. C:\workspace\cloud\code\sql\_DailyScript\currenttime.sql
+---------------------+
| currenttime         |
+---------------------+
| 2021-10-25 10:39:07 |
+---------------------+
1 row in set (0.00 sec)

mysql> 
mysql> mysql \. C:\workspace\cloud\code\sql\_DailyScript\telemetry_livetv_ranking2021.sql
Query OK, 0 rows affected (0.01 sec)

Query OK, 140 rows affected (0.03 sec)
Records: 140  Duplicates: 0  Warnings: 0

mysql> mysql \. C:\workspace\cloud\code\sql\_DailyScript\currenttime.sql
+---------------------+
| currenttime         |
+---------------------+
| 2021-10-25 10:39:07 |
+---------------------+
1 row in set (0.00 sec)

mysql> 
mysql> mysql \. C:\workspace\cloud\code\sql\_DailyScript\telemetry_radio_ranking2021.sql
Query OK, 0 rows affected (0.00 sec)

Query OK, 6 rows affected (0.01 sec)
Records: 6  Duplicates: 0  Warnings: 0

mysql> mysql \. C:\workspace\cloud\code\sql\_DailyScript\currenttime.sql
+---------------------+
| currenttime         |
+---------------------+
| 2021-10-25 10:39:07 |
+---------------------+
1 row in set (0.00 sec)

mysql> 
mysql> mysql \. C:\workspace\cloud\code\sql\_DailyScript\telemetry_ts_ranking2021.sql
Query OK, 0 rows affected (0.02 sec)

Query OK, 44 rows affected (0.02 sec)
Records: 44  Duplicates: 0  Warnings: 0

mysql> mysql \. C:\workspace\cloud\code\sql\_DailyScript\currenttime.sql
+---------------------+
| currenttime         |
+---------------------+
| 2021-10-25 10:39:07 |
+---------------------+
1 row in set (0.00 sec)

mysql> 
mysql> mysql \. C:\workspace\cloud\code\sql\_DailyScript\telemetry_vod_ranking2021.sql
Query OK, 0 rows affected (0.01 sec)

Query OK, 14970 rows affected (0.80 sec)
Records: 14970  Duplicates: 0  Warnings: 0

mysql> mysql \. C:\workspace\cloud\code\sql\_DailyScript\currenttime.sql
+---------------------+
| currenttime         |
+---------------------+
| 2021-10-25 10:39:08 |
+---------------------+
1 row in set (0.00 sec)

mysql> 
mysql> mysql \. C:\workspace\cloud\code\sql\_DailyScript\telemetry_vod_ranking2021_1.sql
Query OK, 0 rows affected (0.01 sec)

Query OK, 14970 rows affected (0.37 sec)
Records: 14970  Duplicates: 0  Warnings: 0

mysql> mysql \. C:\workspace\cloud\code\sql\_DailyScript\currenttime.sql
+---------------------+
| currenttime         |
+---------------------+
| 2021-10-25 10:39:08 |
+---------------------+
1 row in set (0.00 sec)

mysql> 
mysql> mysql \. C:\workspace\cloud\code\sql\_DailyScript\telemetry_vod_ranking2021_2.sql
Query OK, 0 rows affected (0.01 sec)

Query OK, 14970 rows affected (0.34 sec)
Records: 14970  Duplicates: 0  Warnings: 0

mysql> mysql \. C:\workspace\cloud\code\sql\_DailyScript\currenttime.sql
+---------------------+
| currenttime         |
+---------------------+
| 2021-10-25 10:39:08 |
+---------------------+
1 row in set (0.00 sec)

mysql> 
mysql> 
mysql> 
mysql> 
mysql> mysql \. C:\workspace\cloud\code\sql\_DailyScript\ticket_analysis.sql
Database changed
Query OK, 0 rows affected (0.12 sec)

Query OK, 892596 rows affected (32.87 sec)
Records: 892596  Duplicates: 0  Warnings: 0

Query OK, 0 rows affected (3.55 sec)
Records: 0  Duplicates: 0  Warnings: 0

Query OK, 0 rows affected (1.77 sec)
Records: 0  Duplicates: 0  Warnings: 0

Query OK, 0 rows affected (1.74 sec)
Records: 0  Duplicates: 0  Warnings: 0

Query OK, 0 rows affected (0.01 sec)

Query OK, 27930 rows affected (15.08 sec)
Records: 27930  Duplicates: 0  Warnings: 0

Query OK, 0 rows affected, 1 warning (0.00 sec)

Query OK, 130370 rows affected (9.88 sec)
Records: 130370  Duplicates: 0  Warnings: 0

Query OK, 0 rows affected, 1 warning (0.00 sec)

Query OK, 658808 rows affected (19.02 sec)
Records: 658808  Duplicates: 0  Warnings: 0

Query OK, 0 rows affected, 1 warning (0.00 sec)

Query OK, 658808 rows affected (19.20 sec)
Records: 658808  Duplicates: 0  Warnings: 0

Query OK, 0 rows affected (0.03 sec)

Query OK, 130503 rows affected (5.17 sec)
Records: 130503  Duplicates: 0  Warnings: 0

Database changed
Query OK, 0 rows affected (0.00 sec)

Query OK, 0 rows affected (0.04 sec)

Query OK, 892596 rows affected (30.24 sec)
Records: 892596  Duplicates: 0  Warnings: 0

Query OK, 0 rows affected (0.07 sec)

Query OK, 462662 rows affected (19.85 sec)
Records: 462662  Duplicates: 0  Warnings: 0

+--------------------------+
| clientticket_cmmtjourney |
+--------------------------+
|                   892596 |
+--------------------------+
1 row in set (2.04 sec)

+---------------------------+
| clientticket_assgnjourney |
+---------------------------+
|                    462662 |
+---------------------------+
1 row in set (3.95 sec)

Query OK, 0 rows affected (0.01 sec)

Query OK, 85 rows affected (0.11 sec)
Records: 85  Duplicates: 0  Warnings: 0

mysql> mysql \. C:\workspace\cloud\code\sql\_DailyScript\currenttime.sql
+---------------------+
| currenttime         |
+---------------------+
| 2021-10-25 10:41:53 |
+---------------------+
1 row in set (0.00 sec)

mysql> 
mysql> mysql \. C:\workspace\cloud\code\sql\_DailyScript\load_DailyCalls.sql
Database changed
Query OK, 338 rows affected (0.16 sec)
Records: 338  Deleted: 0  Skipped: 0  Warnings: 0

Query OK, 0 rows affected, 1 warning (0.00 sec)

Query OK, 338 rows affected (0.04 sec)
Records: 338  Duplicates: 0  Warnings: 0

Query OK, 0 rows affected, 1 warning (0.00 sec)

Query OK, 70667 rows affected (0.33 sec)
Records: 70667  Duplicates: 0  Warnings: 0

+----------------------+
| callingclientsbefore |
+----------------------+
|              1298542 |
+----------------------+
1 row in set (0.56 sec)

Query OK, 478 rows affected (7.36 sec)
Records: 478  Duplicates: 0  Warnings: 0

+---------------------+
| callingclientsafter |
+---------------------+
|             1299020 |
+---------------------+
1 row in set (0.35 sec)

Query OK, 0 rows affected (0.01 sec)

Query OK, 243 rows affected (4.49 sec)
Records: 243  Duplicates: 0  Warnings: 0

Query OK, 0 rows affected (0.01 sec)

Query OK, 25267 rows affected (4.33 sec)
Records: 25267  Duplicates: 0  Warnings: 0

+-----------+
| callstats |
+-----------+
|     25267 |
+-----------+
1 row in set (0.01 sec)

Query OK, 0 rows affected, 1 warning (0.00 sec)

Query OK, 478 rows affected (2.93 sec)
Records: 478  Duplicates: 0  Warnings: 0

+------------------------+
| rep_cccallreportbefore |
+------------------------+
|                1298325 |
+------------------------+
1 row in set (0.35 sec)

Query OK, 478 rows affected (0.12 sec)
Records: 478  Duplicates: 0  Warnings: 0

+-----------------------+
| rep_cccallreportafter |
+-----------------------+
|               1298803 |
+-----------------------+
1 row in set (0.34 sec)

Query OK, 0 rows affected (0.00 sec)

mysql> mysql \. C:\workspace\cloud\code\sql\_DailyScript\currenttime.sql
+---------------------+
| currenttime         |
+---------------------+
| 2021-10-25 10:42:15 |
+---------------------+
1 row in set (0.00 sec)

mysql> 
mysql> mysql \. C:\workspace\cloud\code\sql\_DailyScript\DAILY-SCRIPT-USAGE.sql
Database changed
Query OK, 0 rows affected (0.00 sec)

Query OK, 3928 rows affected, 11389 warnings (0.87 sec)
Records: 3928  Deleted: 0  Skipped: 0  Warnings: 11389

Query OK, 0 rows affected (0.00 sec)

Query OK, 6588 rows affected, 19072 warnings (1.07 sec)
Records: 6588  Deleted: 0  Skipped: 0  Warnings: 19072

Query OK, 0 rows affected (0.00 sec)

Query OK, 324 rows affected, 1153 warnings (0.05 sec)
Records: 324  Deleted: 0  Skipped: 0  Warnings: 1153

Query OK, 0 rows affected (0.00 sec)

Query OK, 176 rows affected, 613 warnings (0.03 sec)
Records: 176  Deleted: 0  Skipped: 0  Warnings: 613

+------------+
| dailyusage |
+------------+
|   19370720 |
+------------+
1 row in set (7.52 sec)

+------------+------------+------------+---------+
| datestart  | dateend    | insertedon | records |
+------------+------------+------------+---------+
| 2021-10-24 | 2021-10-24 | 2021-10-25 |   11016 |
| 2021-10-23 | 2021-10-23 | 2021-10-25 |   11118 |
| 2021-10-22 | 2021-10-22 | 2021-10-25 |   11044 |
| 2021-10-21 | 2021-10-21 | 2021-10-22 |   10999 |
| 2021-10-20 | 2021-10-20 | 2021-10-21 |   11070 |
+------------+------------+------------+---------+
5 rows in set (42.24 sec)

+----------+------------+------------+------------+---------+
| category | datestart  | dateend    | insertedon | records |
+----------+------------+------------+------------+---------+
| UNCAPPED | 2021-10-24 | 2021-10-24 | 2021-10-25 |    6588 |
| PREPAID  | 2021-10-24 | 2021-10-24 | 2021-10-25 |     324 |
| HOTSPOT  | 2021-10-24 | 2021-10-24 | 2021-10-25 |     176 |
| CAPPED   | 2021-10-24 | 2021-10-24 | 2021-10-25 |    3928 |
| UNCAPPED | 2021-10-23 | 2021-10-23 | 2021-10-25 |    6608 |
| PREPAID  | 2021-10-23 | 2021-10-23 | 2021-10-25 |     317 |
| HOTSPOT  | 2021-10-23 | 2021-10-23 | 2021-10-25 |     206 |
| CAPPED   | 2021-10-23 | 2021-10-23 | 2021-10-25 |    3987 |
| UNCAPPED | 2021-10-22 | 2021-10-22 | 2021-10-25 |    6550 |
| PREPAID  | 2021-10-22 | 2021-10-22 | 2021-10-25 |     304 |
| HOTSPOT  | 2021-10-22 | 2021-10-22 | 2021-10-25 |     220 |
| CAPPED   | 2021-10-22 | 2021-10-22 | 2021-10-25 |    3970 |
| UNCAPPED | 2021-10-21 | 2021-10-21 | 2021-10-22 |    6548 |
| PREPAID  | 2021-10-21 | 2021-10-21 | 2021-10-22 |     281 |
| HOTSPOT  | 2021-10-21 | 2021-10-21 | 2021-10-22 |     193 |
| CAPPED   | 2021-10-21 | 2021-10-21 | 2021-10-22 |    3977 |
| UNCAPPED | 2021-10-20 | 2021-10-20 | 2021-10-21 |    6558 |
| PREPAID  | 2021-10-20 | 2021-10-20 | 2021-10-21 |     330 |
| HOTSPOT  | 2021-10-20 | 2021-10-20 | 2021-10-21 |     182 |
| CAPPED   | 2021-10-20 | 2021-10-20 | 2021-10-21 |    4000 |
+----------+------------+------------+------------+---------+
20 rows in set (29.87 sec)

mysql> mysql \. C:\workspace\cloud\code\sql\_DailyScript\currenttime.sql
+---------------------+
| currenttime         |
+---------------------+
| 2021-10-25 10:43:36 |
+---------------------+
1 row in set (0.00 sec)

mysql> 
mysql> mysql \. C:\workspace\cloud\code\sql\_DailyScript\DAILY-SCRIPT-SALES-TELEMETRY.sql
Database changed
Query OK, 15 rows affected, 4 warnings (0.03 sec)
Records: 15  Deleted: 0  Skipped: 0  Warnings: 4

+------------+
| dailysales |
+------------+
|     250711 |
+------------+
1 row in set (0.26 sec)

Query OK, 0 rows affected (0.04 sec)

Query OK, 250711 rows affected (17.78 sec)
Records: 250711  Duplicates: 0  Warnings: 0

+--------+
| sales  |
+--------+
| 250711 |
+--------+
1 row in set (0.10 sec)

Query OK, 0 rows affected (0.01 sec)

Query OK, 4175 rows affected (0.42 sec)
Records: 4175  Duplicates: 0  Warnings: 0

+----------------+
| rep_dailysales |
+----------------+
|           4175 |
+----------------+
1 row in set (0.00 sec)

Query OK, 0 rows affected (0.00 sec)

Query OK, 4175 rows affected (0.69 sec)
Records: 4175  Duplicates: 0  Warnings: 0

+-------------------+
| rep_dailysalesreg |
+-------------------+
|              4175 |
+-------------------+
1 row in set (0.00 sec)

Query OK, 0 rows affected (0.01 sec)

Query OK, 2992 rows affected (0.81 sec)
Records: 2992  Duplicates: 0  Warnings: 0

+-----------+
| saleslist |
+-----------+
|      2992 |
+-----------+
1 row in set (0.00 sec)

Database changed
ERROR 2 (HY000): File 'C:\ProgramData\MySQL\MySQL Server 5.7\Uploads\_csv\PrepaidCardSales-24102021-P1.csv' not found (Errcode: 2 - No such file or directory)
+------------------+
| dailysinglesales |
+------------------+
|             6621 |
+------------------+
1 row in set (0.01 sec)

Database changed
Query OK, 12 rows affected (0.04 sec)
Records: 12  Deleted: 0  Skipped: 0  Warnings: 0

+-----------------+
| dailyaddonsales |
+-----------------+
|           25578 |
+-----------------+
1 row in set (0.04 sec)

Query OK, 353 rows affected (0.11 sec)
Records: 353  Deleted: 0  Skipped: 0  Warnings: 0

+----------------+
| onlinepayments |
+----------------+
|         233513 |
+----------------+
1 row in set (0.16 sec)

+-------------+----------------+---------------------+
| paymentdate | onlinepayments | onlinepaymentamount |
+-------------+----------------+---------------------+
| 2021-10-24  |            353 |        241134.72000 |
| 2021-10-23  |            363 |        247995.11000 |
| 2021-10-22  |            361 |        245303.92000 |
| 2021-10-21  |            221 |        140677.40000 |
| 2021-10-20  |            261 |        163716.93000 |
+-------------+----------------+---------------------+
5 rows in set (0.81 sec)

+-------------+--------------+----------------+---------------------+
| paymentyear | paymentmonth | onlinepayments | onlinepaymentamount |
+-------------+--------------+----------------+---------------------+
|        2021 |           10 |           6003 |       3933891.44000 |
|        2021 |            9 |           8803 |       5663928.71000 |
|        2021 |            8 |           8864 |       5714008.87000 |
|        2021 |            7 |           8972 |       5795292.15000 |
|        2021 |            6 |           8773 |       5686976.03000 |
+-------------+--------------+----------------+---------------------+
5 rows in set (0.24 sec)

mysql> mysql \. C:\workspace\cloud\code\sql\_DailyScript\currenttime.sql
+---------------------+
| currenttime         |
+---------------------+
| 2021-10-25 10:43:58 |
+---------------------+
1 row in set (0.00 sec)

mysql> 
mysql> mysql \. C:\workspace\cloud\code\sql\_DailyScript\DAILY-SCRIPT-ACTIVENUMBERS.sql
Database changed
Query OK, 1099 rows affected (0.53 sec)
Records: 1099  Deleted: 0  Skipped: 0  Warnings: 0

+------------+----------+
| period     | count(1) |
+------------+----------+
| 2021-10-24 |     1099 |
| 2021-10-23 |     1095 |
| 2021-10-22 |     1095 |
| 2021-10-21 |     1091 |
| 2021-10-20 |     1094 |
+------------+----------+
5 rows in set (0.01 sec)

Query OK, 0 rows affected (0.01 sec)

Query OK, 75 rows affected (1.44 sec)
Records: 75  Duplicates: 0  Warnings: 0

+-------------+
| packagelist |
+-------------+
|          75 |
+-------------+
1 row in set (0.00 sec)

Database changed
Query OK, 0 rows affected (0.00 sec)

Query OK, 0 rows affected (0.00 sec)

Query OK, 0 rows affected (0.00 sec)

Query OK, 0 rows affected (0.00 sec)

Query OK, 28703 rows affected, 194 warnings (17.59 sec)
Records: 28703  Deleted: 0  Skipped: 0  Warnings: 194

+------------+----------+
| period     | count(1) |
+------------+----------+
| 2021-10-24 |    28703 |
| 2021-10-23 |    28921 |
| 2021-10-22 |    28940 |
| 2021-10-21 |    28885 |
| 2021-10-20 |    28849 |
+------------+----------+
5 rows in set (0.11 sec)

Query OK, 0 rows affected (0.01 sec)

Query OK, 28146 rows affected (54.82 sec)
Records: 28146  Duplicates: 0  Warnings: 0

Query OK, 0 rows affected (0.12 sec)
Records: 0  Duplicates: 0  Warnings: 0

Query OK, 0 rows affected (0.11 sec)
Records: 0  Duplicates: 0  Warnings: 0

Query OK, 0 rows affected (0.11 sec)
Records: 0  Duplicates: 0  Warnings: 0

Query OK, 0 rows affected (0.09 sec)
Records: 0  Duplicates: 0  Warnings: 0

Query OK, 0 rows affected (0.07 sec)
Records: 0  Duplicates: 0  Warnings: 0

Query OK, 0 rows affected (0.07 sec)
Records: 0  Duplicates: 0  Warnings: 0

+-------------+
| countbefore |
+-------------+
|    50429173 |
+-------------+
1 row in set (20.36 sec)

Query OK, 28146 rows affected (5.69 sec)
Records: 28146  Duplicates: 0  Warnings: 0

+------------+
| countafter |
+------------+
|   50457319 |
+------------+
1 row in set (17.13 sec)

+------------+--------------------------+
| period     | customercontractactivity |
+------------+--------------------------+
| 2021-10-24 |                    28146 |
| 2021-10-23 |                    28364 |
| 2021-10-22 |                    28383 |
| 2021-10-21 |                    28328 |
| 2021-10-20 |                    28292 |
+------------+--------------------------+
5 rows in set (0.06 sec)

Query OK, 0 rows affected (0.04 sec)

Query OK, 320853 rows affected, 4 warnings (10 min 9.09 sec)
Records: 320853  Duplicates: 0  Warnings: 4

Query OK, 0 rows affected (1.12 sec)
Records: 0  Duplicates: 0  Warnings: 0

Query OK, 0 rows affected (1.35 sec)
Records: 0  Duplicates: 0  Warnings: 0

Query OK, 0 rows affected (1.33 sec)
Records: 0  Duplicates: 0  Warnings: 0

Query OK, 0 rows affected (0.01 sec)

Query OK, 231 rows affected (0.55 sec)
Records: 231  Duplicates: 0  Warnings: 0

Query OK, 0 rows affected (0.01 sec)

Query OK, 2570 rows affected (0.75 sec)
Records: 2570  Duplicates: 0  Warnings: 0

Query OK, 0 rows affected (0.01 sec)

Query OK, 28124 rows affected (0.64 sec)
Records: 28124  Duplicates: 0  Warnings: 0

Query OK, 0 rows affected (0.01 sec)

Query OK, 16958 rows affected (0.45 sec)
Records: 16958  Duplicates: 0  Warnings: 0

Query OK, 0 rows affected (0.01 sec)

Query OK, 16958 rows affected (0.14 sec)
Records: 16958  Duplicates: 0  Warnings: 0

Query OK, 0 rows affected (0.01 sec)

Query OK, 16958 rows affected (1.30 sec)
Records: 16958  Duplicates: 0  Warnings: 0

Query OK, 0 rows affected (0.01 sec)

Query OK, 16958 rows affected (46.29 sec)
Records: 16958  Duplicates: 0  Warnings: 0

+-------------+
| clientstats |
+-------------+
|       16958 |
+-------------+
1 row in set (0.01 sec)

Query OK, 0 rows affected (0.01 sec)

Query OK, 14 rows affected, 1 warning (0.15 sec)
Records: 14  Duplicates: 0  Warnings: 1

+-----------------------+-------------+-------------+----------------+-----------------+
| services              | activecount | allaccounts | uniqueaccounts | uniquecontracts |
+-----------------------+-------------+-------------+----------------+-----------------+
| All                   |         427 |          69 |             69 |             222 |
| Internet & OTT        |           6 |           3 |              3 |               3 |
| Internet & Voice      |         312 |         136 |            136 |             267 |
| Internet Only         |        4289 |        4208 |           4202 |            4249 |
| OTT Only              |           2 |           2 |              2 |               2 |
| TV & Internet         |        9760 |        4364 |           4353 |            8892 |
| TV & Internet & OTT   |        4392 |        1149 |           1148 |            2389 |
| TV & Internet & Voice |         542 |         155 |            155 |             477 |
| TV & OTT              |         356 |          93 |             91 |             103 |
| TV & Voice            |          81 |          36 |             36 |              74 |
| TV & Voice & OTT      |           3 |           1 |              1 |               2 |
| TV Only               |        8441 |        6629 |           6623 |            6825 |
| Voice Only            |         115 |         113 |            113 |             115 |
| GRAND TOTAL           |       28726 |       16958 |          16878 |           23620 |
+-----------------------+-------------+-------------+----------------+-----------------+
14 rows in set (0.00 sec)

+-------------+-------------+-------------+----------------+-----------------+
| network     | activecount | allaccounts | uniqueaccounts | uniquecontracts |
+-------------+-------------+-------------+----------------+-----------------+
| GPON        |       13220 |        6604 |           6601 |           10446 |
| HFC         |       15506 |       10354 |          10354 |           13174 |
| GRAND TOTAL |       28726 |       16958 |          16878 |           23620 |
+-------------+-------------+-------------+----------------+-----------------+
3 rows in set, 1 warning (0.15 sec)

+-------------+-----------------------+-------------+-------------+----------------+-----------------+
| network     | services              | activecount | allaccounts | uniqueaccounts | uniquecontracts |
+-------------+-----------------------+-------------+-------------+----------------+-----------------+
| GPON        | All                   |         311 |          55 |             55 |             174 |
| GPON        | Internet & OTT        |           2 |           1 |              1 |               1 |
| GPON        | Internet & Voice      |          85 |          35 |             35 |              74 |
| GPON        | Internet Only         |        1564 |        1500 |           1500 |            1525 |
| GPON        | TV & Internet         |        5313 |        2332 |           2332 |            4776 |
| GPON        | TV & Internet & OTT   |        3283 |         856 |            856 |            1786 |
| GPON        | TV & Internet & Voice |         301 |          83 |             83 |             258 |
| GPON        | TV & OTT              |         176 |          61 |             61 |              64 |
| GPON        | TV & Voice            |          50 |          22 |             22 |              46 |
| GPON        | TV & Voice & OTT      |           3 |           1 |              1 |               2 |
| GPON        | TV Only               |        2120 |        1647 |           1647 |            1728 |
| GPON        | Voice Only            |          12 |          11 |             11 |              12 |
| GPON        | Services Total        |       13220 |        6604 |           6601 |           10446 |
| HFC         | All                   |         116 |          14 |             14 |              48 |
| HFC         | Internet & OTT        |           4 |           2 |              2 |               2 |
| HFC         | Internet & Voice      |         227 |         101 |            101 |             193 |
| HFC         | Internet Only         |        2725 |        2708 |           2708 |            2724 |
| HFC         | OTT Only              |           2 |           2 |              2 |               2 |
| HFC         | TV & Internet         |        4447 |        2032 |           2032 |            4116 |
| HFC         | TV & Internet & OTT   |        1109 |         293 |            293 |             603 |
| HFC         | TV & Internet & Voice |         241 |          72 |             72 |             219 |
| HFC         | TV & OTT              |         180 |          32 |             32 |              39 |
| HFC         | TV & Voice            |          31 |          14 |             14 |              28 |
| HFC         | TV Only               |        6321 |        4982 |           4982 |            5097 |
| HFC         | Voice Only            |         103 |         102 |            102 |             103 |
| HFC         | Services Total        |       15506 |       10354 |          10354 |           13174 |
| GRAND TOTAL | Services Total        |       28726 |       16958 |          16878 |           23620 |
+-------------+-----------------------+-------------+-------------+----------------+-----------------+
27 rows in set, 2 warnings (0.14 sec)

Query OK, 0 rows affected (0.01 sec)

Query OK, 44 rows affected, 3 warnings (0.25 sec)
Records: 44  Duplicates: 0  Warnings: 3

+-------------+---------------+-----------------------+-------------+-------------+----------------+-----------------+
| region      | network       | services              | activecount | allaccounts | uniqueaccounts | uniquecontracts |
+-------------+---------------+-----------------------+-------------+-------------+----------------+-----------------+
| Eden Island | GPON          | TV & Internet         |           2 |           1 |              1 |               2 |
| Eden Island | GPON          | Services Total        |           2 |           1 |              1 |               2 |
| Eden Island | Network Total | Services Total        |           2 |           1 |              1 |               2 |
| Mahe        | GPON          | All                   |         270 |          48 |             48 |             152 |
| Mahe        | GPON          | Internet & OTT        |           2 |           1 |              1 |               1 |
| Mahe        | GPON          | Internet & Voice      |          75 |          30 |             30 |              64 |
| Mahe        | GPON          | Internet Only         |        1322 |        1259 |           1259 |            1283 |
| Mahe        | GPON          | TV & Internet         |        4537 |        1987 |           1987 |            4063 |
| Mahe        | GPON          | TV & Internet & OTT   |        2758 |         704 |            704 |            1473 |
| Mahe        | GPON          | TV & Internet & Voice |         288 |          79 |             79 |             245 |
| Mahe        | GPON          | TV & OTT              |         146 |          50 |             50 |              53 |
| Mahe        | GPON          | TV & Voice            |          47 |          21 |             21 |              43 |
| Mahe        | GPON          | TV & Voice & OTT      |           3 |           1 |              1 |               2 |
| Mahe        | GPON          | TV Only               |        1765 |        1368 |           1368 |            1438 |
| Mahe        | GPON          | Voice Only            |          12 |          11 |             11 |              12 |
| Mahe        | GPON          | Services Total        |       11225 |        5559 |           5559 |            8829 |
| Mahe        | HFC           | All                   |         116 |          14 |             14 |              48 |
| Mahe        | HFC           | Internet & OTT        |           4 |           2 |              2 |               2 |
| Mahe        | HFC           | Internet & Voice      |         227 |         101 |            101 |             193 |
| Mahe        | HFC           | Internet Only         |        2725 |        2708 |           2708 |            2724 |
| Mahe        | HFC           | OTT Only              |           2 |           2 |              2 |               2 |
| Mahe        | HFC           | TV & Internet         |        4447 |        2032 |           2032 |            4116 |
| Mahe        | HFC           | TV & Internet & OTT   |        1109 |         293 |            293 |             603 |
| Mahe        | HFC           | TV & Internet & Voice |         241 |          72 |             72 |             219 |
| Mahe        | HFC           | TV & OTT              |         180 |          32 |             32 |              39 |
| Mahe        | HFC           | TV & Voice            |          31 |          14 |             14 |              28 |
| Mahe        | HFC           | TV Only               |        6319 |        4980 |           4980 |            5095 |
| Mahe        | HFC           | Voice Only            |         103 |         102 |            102 |             103 |
| Mahe        | HFC           | Services Total        |       15504 |       10352 |          10352 |           13172 |
| Mahe        | Network Total | Services Total        |       26729 |       15911 |          15834 |           22001 |
| Praslin     | GPON          | All                   |          41 |           7 |              7 |              22 |
| Praslin     | GPON          | Internet & Voice      |          10 |           5 |              5 |              10 |
| Praslin     | GPON          | Internet Only         |         242 |         241 |            241 |             242 |
| Praslin     | GPON          | TV & Internet         |         774 |         344 |            344 |             711 |
| Praslin     | GPON          | TV & Internet & OTT   |         525 |         152 |            152 |             313 |
| Praslin     | GPON          | TV & Internet & Voice |          13 |           4 |              4 |              13 |
| Praslin     | GPON          | TV & OTT              |          30 |          11 |             11 |              11 |
| Praslin     | GPON          | TV & Voice            |           3 |           1 |              1 |               3 |
| Praslin     | GPON          | TV Only               |         355 |         279 |            279 |             290 |
| Praslin     | GPON          | Services Total        |        1993 |        1044 |           1044 |            1615 |
| Praslin     | HFC           | TV Only               |           2 |           2 |              2 |               2 |
| Praslin     | HFC           | Services Total        |           2 |           2 |              2 |               2 |
| Praslin     | Network Total | Services Total        |        1995 |        1046 |           1046 |            1617 |
| GRAND TOTAL | Network Total | Services Total        |       28726 |       16958 |          16878 |           23620 |
+-------------+---------------+-----------------------+-------------+-------------+----------------+-----------------+
44 rows in set (0.00 sec)

Query OK, 0 rows affected (0.01 sec)

Query OK, 28125 rows affected (0.57 sec)
Records: 28125  Duplicates: 0  Warnings: 0

Query OK, 0 rows affected (0.01 sec)

Query OK, 2354 rows affected (2.08 sec)
Records: 2354  Duplicates: 0  Warnings: 0

+--------------------------------------+
| message                              |
+--------------------------------------+
| running rcbill_my.sp_ActiveNumber2() |
+--------------------------------------+
1 row in set (0.00 sec)

Query OK, 365 rows affected (2 min 26.87 sec)

mysql> mysql \. C:\workspace\cloud\code\sql\_DailyScript\currenttime.sql
+---------------------+
| currenttime         |
+---------------------+
| 2021-10-25 10:59:30 |
+---------------------+
1 row in set (0.00 sec)

mysql> 
mysql> mysql \. C:\workspace\cloud\code\sql\_DailyScript\GetActiveNumbers Average -Pivot.sql
Database changed
+-------------------------------------+
| @today := subdate(current_date(),1) |
+-------------------------------------+
| 2021-10-24                          |
+-------------------------------------+
1 row in set (0.00 sec)

+-------------------------------------+
| @lastdayofmonth := last_day(@today) |
+-------------------------------------+
| 2021-10-31                          |
+-------------------------------------+
1 row in set (0.00 sec)

Query OK, 0 rows affected (0.01 sec)

Query OK, 51225 rows affected, 65535 warnings (1 min 9.16 sec)
Records: 51225  Duplicates: 0  Warnings: 104679

Query OK, 0 rows affected (0.11 sec)
Records: 0  Duplicates: 0  Warnings: 0

Query OK, 0 rows affected (0.14 sec)
Records: 0  Duplicates: 0  Warnings: 0

Query OK, 0 rows affected (0.12 sec)
Records: 0  Duplicates: 0  Warnings: 0

+-----------------+
| activenumberavg |
+-----------------+
|           51225 |
+-----------------+
1 row in set (0.01 sec)

Query OK, 0 rows affected (0.01 sec)

Query OK, 1991 rows affected (0.63 sec)
Records: 1991  Duplicates: 0  Warnings: 0

+---------------------+
| rep_activenumberavg |
+---------------------+
|                1991 |
+---------------------+
1 row in set (0.00 sec)

+----------------------+
| rep_activenumberavg1 |
+----------------------+
|                  926 |
+----------------------+
1 row in set (0.00 sec)

Query OK, 0 rows affected (0.00 sec)

Query OK, 2708 rows affected (0.52 sec)
Records: 2708  Duplicates: 0  Warnings: 0

Query OK, 0 rows affected (0.01 sec)

Query OK, 13999 rows affected (0.90 sec)
Records: 13999  Duplicates: 0  Warnings: 0

Query OK, 0 rows affected (0.01 sec)

Query OK, 242 rows affected (0.29 sec)
Records: 242  Duplicates: 0  Warnings: 0

Query OK, 0 rows affected (0.00 sec)

Query OK, 0 rows affected (0.01 sec)

Query OK, 0 rows affected (0.01 sec)

Query OK, 0 rows affected (0.00 sec)

Query OK, 0 rows affected (0.00 sec)
Statement prepared

Query OK, 53 rows affected (0.07 sec)
Records: 53  Duplicates: 0  Warnings: 0

Query OK, 0 rows affected (0.00 sec)

Query OK, 0 rows affected (0.00 sec)

+----------------------+
| rep_activenumberavg2 |
+----------------------+
|                 2708 |
+----------------------+
1 row in set (0.00 sec)

+------------------------+
| rep_activenumberavg_pv |
+------------------------+
|                     53 |
+------------------------+
1 row in set (0.00 sec)

Query OK, 0 rows affected (0.01 sec)

Query OK, 2705 rows affected (0.42 sec)
Records: 2705  Duplicates: 0  Warnings: 0

Query OK, 0 rows affected (0.00 sec)

Query OK, 0 rows affected (0.01 sec)

Query OK, 0 rows affected (0.00 sec)

Query OK, 0 rows affected (0.00 sec)

Query OK, 0 rows affected (0.00 sec)
Statement prepared

Query OK, 53 rows affected (0.06 sec)
Records: 53  Duplicates: 0  Warnings: 0

Query OK, 0 rows affected (0.00 sec)

Query OK, 0 rows affected (0.00 sec)

+-------------------------+
| rep_activenumberavgMahe |
+-------------------------+
|                    2705 |
+-------------------------+
1 row in set (0.00 sec)

+----------------------------+
| rep_activenumberavgMahe_pv |
+----------------------------+
|                         53 |
+----------------------------+
1 row in set (0.00 sec)

Query OK, 0 rows affected (0.01 sec)

Query OK, 1712 rows affected (0.19 sec)
Records: 1712  Duplicates: 0  Warnings: 0

Query OK, 0 rows affected (0.00 sec)

Query OK, 0 rows affected (0.00 sec)

Query OK, 0 rows affected (0.01 sec)

Query OK, 0 rows affected (0.00 sec)

Query OK, 0 rows affected (0.00 sec)
Statement prepared

Query OK, 40 rows affected (0.04 sec)
Records: 40  Duplicates: 0  Warnings: 0

Query OK, 0 rows affected (0.00 sec)

Query OK, 0 rows affected (0.00 sec)

+----------------------------+
| rep_activenumberavgPraslin |
+----------------------------+
|                       1712 |
+----------------------------+
1 row in set (0.00 sec)

+-------------------------------+
| rep_activenumberavgPraslin_pv |
+-------------------------------+
|                            40 |
+-------------------------------+
1 row in set (0.00 sec)

mysql> mysql \. C:\workspace\cloud\code\sql\_DailyScript\currenttime.sql
+---------------------+
| currenttime         |
+---------------------+
| 2021-10-25 11:00:43 |
+---------------------+
1 row in set (0.00 sec)

mysql> 
mysql> mysql \. C:\workspace\cloud\code\sql\Analysis\clients_contracts_creditpolicy_2.sql
Database changed
Query OK, 0 rows affected (0.00 sec)

Query OK, 1905601 rows affected (48.35 sec)
Records: 1905601  Duplicates: 0  Warnings: 0

Query OK, 0 rows affected (0.01 sec)

Query OK, 28146 rows affected (1.06 sec)
Records: 28146  Duplicates: 0  Warnings: 0

Query OK, 0 rows affected (0.01 sec)

Query OK, 28215 rows affected (14.87 sec)
Records: 28215  Duplicates: 0  Warnings: 0

+-------------------------+
| rep_cust_cont_creditpol |
+-------------------------+
|                   28215 |
+-------------------------+
1 row in set (0.01 sec)

mysql> mysql \. C:\workspace\cloud\code\sql\_DailyScript\currenttime.sql
+---------------------+
| currenttime         |
+---------------------+
| 2021-10-25 11:01:47 |
+---------------------+
1 row in set (0.00 sec)

mysql> 
mysql> mysql \. C:\workspace\cloud\code\sql\_DailyScript\budget_actual_analysis_2021.sql
Query OK, 0 rows affected (0.01 sec)

Query OK, 949 rows affected, 3 warnings (0.25 sec)
Records: 949  Duplicates: 0  Warnings: 3

+--------------------+
| budget_actual_2021 |
+--------------------+
|                949 |
+--------------------+
1 row in set (0.00 sec)

Query OK, 0 rows affected (0.01 sec)

Query OK, 47 rows affected (0.04 sec)
Records: 47  Duplicates: 0  Warnings: 0

+---------------------------+
| rep_budget_actual_2021_pv |
+---------------------------+
|                        47 |
+---------------------------+
1 row in set (0.00 sec)

mysql> mysql \. C:\workspace\cloud\code\sql\_DailyScript\currenttime.sql
+---------------------+
| currenttime         |
+---------------------+
| 2021-10-25 11:01:47 |
+---------------------+
1 row in set (0.00 sec)

mysql> 
mysql> mysql \. C:\workspace\cloud\code\sql\_DailyScript\reports-sales-addons-prepaid-camera.sql
Database changed
Query OK, 0 rows affected (0.01 sec)

Query OK, 4384 rows affected (0.30 sec)
Records: 4384  Duplicates: 0  Warnings: 0

Query OK, 0 rows affected (0.01 sec)

Query OK, 25622 rows affected (18.63 sec)
Records: 25622  Duplicates: 0  Warnings: 0

+--------------------+
| rep_prepaid_camera |
+--------------------+
|               4384 |
+--------------------+
1 row in set (0.01 sec)

+-----------+
| rep_addon |
+-----------+
|     25622 |
+-----------+
1 row in set (0.01 sec)

mysql> mysql \. C:\workspace\cloud\code\sql\_DailyScript\currenttime.sql
+---------------------+
| currenttime         |
+---------------------+
| 2021-10-25 11:02:06 |
+---------------------+
1 row in set (0.00 sec)

mysql> 
mysql> mysql \. C:\workspace\cloud\code\sql\_DailyScript\RCB_ClientAnalyticsReport_Script.sql
Database changed
Query OK, 0 rows affected (0.00 sec)

Query OK, 0 rows affected (0.06 sec)

Query OK, 2152994 rows affected (1 min 24.03 sec)
Records: 2152994  Duplicates: 0  Warnings: 0

Query OK, 0 rows affected (14.21 sec)
Records: 0  Duplicates: 0  Warnings: 0

Query OK, 0 rows affected (5.64 sec)
Records: 0  Duplicates: 0  Warnings: 0

Query OK, 0 rows affected (9.00 sec)
Records: 0  Duplicates: 0  Warnings: 0

Query OK, 0 rows affected (9.93 sec)
Records: 0  Duplicates: 0  Warnings: 0

Query OK, 0 rows affected (10.84 sec)
Records: 0  Duplicates: 0  Warnings: 0

Query OK, 0 rows affected (8.06 sec)
Records: 0  Duplicates: 0  Warnings: 0

Query OK, 0 rows affected (0.00 sec)

Query OK, 527893 rows affected (15.07 sec)
Rows matched: 2152994  Changed: 527893  Warnings: 0

Query OK, 0 rows affected (0.01 sec)

Query OK, 28971 rows affected (11.11 sec)
Records: 28971  Duplicates: 0  Warnings: 0

+---------------------+
| clientcontractssubs |
+---------------------+
|               28971 |
+---------------------+
1 row in set (0.01 sec)

Query OK, 0 rows affected (0.01 sec)

Query OK, 45703 rows affected (11 min 50.94 sec)
Records: 45703  Duplicates: 0  Warnings: 0

Query OK, 0 rows affected (0.22 sec)
Records: 0  Duplicates: 0  Warnings: 0

Query OK, 0 rows affected (0.16 sec)
Records: 0  Duplicates: 0  Warnings: 0

Query OK, 0 rows affected (0.10 sec)
Records: 0  Duplicates: 0  Warnings: 0

+-----------------------+
| clientcontracthistory |
+-----------------------+
|                 45703 |
+-----------------------+
1 row in set (0.01 sec)

Query OK, 0 rows affected (0.03 sec)

Query OK, 2937365 rows affected (1 min 37.39 sec)
Records: 2937365  Duplicates: 0  Warnings: 0

Query OK, 0 rows affected (0.02 sec)

Query OK, 493685 rows affected (5 min 26.32 sec)
Records: 493685  Duplicates: 0  Warnings: 0

Query OK, 0 rows affected (1.66 sec)
Records: 0  Duplicates: 0  Warnings: 0

Query OK, 0 rows affected (0.85 sec)
Records: 0  Duplicates: 0  Warnings: 0

Query OK, 0 rows affected (1.99 sec)
Records: 0  Duplicates: 0  Warnings: 0

Query OK, 0 rows affected (0.95 sec)
Records: 0  Duplicates: 0  Warnings: 0

+--------------------------+
| clientcontractinvpmt_stg |
+--------------------------+
|                   493685 |
+--------------------------+
1 row in set (0.13 sec)

Query OK, 0 rows affected (0.03 sec)

Query OK, 493685 rows affected (13.34 sec)
Records: 493685  Duplicates: 0  Warnings: 0

Query OK, 0 rows affected (1.85 sec)
Records: 0  Duplicates: 0  Warnings: 0

Query OK, 0 rows affected (1.04 sec)
Records: 0  Duplicates: 0  Warnings: 0

Query OK, 0 rows affected (2.18 sec)
Records: 0  Duplicates: 0  Warnings: 0

Query OK, 0 rows affected (1.06 sec)
Records: 0  Duplicates: 0  Warnings: 0

+----------------------+
| clientcontractinvpmt |
+----------------------+
|               493685 |
+----------------------+
1 row in set (0.13 sec)

Query OK, 0 rows affected (0.01 sec)

Query OK, 45703 rows affected (1 min 37.88 sec)
Records: 45703  Duplicates: 0  Warnings: 0

+--------------+
| clientreport |
+--------------+
|        45703 |
+--------------+
1 row in set (0.02 sec)

Query OK, 0 rows affected (0.01 sec)

Query OK, 45703 rows affected (14.17 sec)
Records: 45703  Duplicates: 0  Warnings: 0

+----------------------+
| clientextendedreport |
+----------------------+
|                45703 |
+----------------------+
1 row in set (0.01 sec)

Query OK, 0 rows affected (0.02 sec)

Query OK, 45703 rows affected (1 min 19.19 sec)
Records: 45703  Duplicates: 0  Warnings: 0

+---------+
| allcust |
+---------+
|   45703 |
+---------+
1 row in set (0.01 sec)

Query OK, 0 rows affected, 1 warning (0.00 sec)

Query OK, 5000 rows affected (0.15 sec)
Records: 5000  Duplicates: 0  Warnings: 0

Query OK, 0 rows affected (0.01 sec)

Query OK, 6783 rows affected (0.30 sec)
Records: 6783  Duplicates: 0  Warnings: 0

Query OK, 0 rows affected, 1 warning (0.00 sec)

Query OK, 5000 rows affected (0.15 sec)
Records: 5000  Duplicates: 0  Warnings: 0

Query OK, 0 rows affected (0.02 sec)

Query OK, 7191 rows affected (0.18 sec)
Records: 7191  Duplicates: 0  Warnings: 0

mysql> mysql \. C:\workspace\cloud\code\sql\_DailyScript\currenttime.sql
+---------------------+
| currenttime         |
+---------------------+
| 2021-10-25 11:27:27 |
+---------------------+
1 row in set (0.00 sec)

mysql> 
mysql> mysql \. C:\workspace\cloud\code\sql\_DailyScript\REVENUE_PER_NODE_MXK.sql
Query OK, 0 rows affected (0.01 sec)

Query OK, 0 rows affected (0.01 sec)

Query OK, 0 rows affected (0.01 sec)

Query OK, 9011 rows affected (2.59 sec)
Records: 9011  Duplicates: 0  Warnings: 0

+----------------------+
| message              |
+----------------------+
| created temp table a |
+----------------------+
1 row in set (0.00 sec)

Query OK, 6786 rows affected (0.97 sec)
Records: 6786  Duplicates: 0  Warnings: 0

+----------------------+
| message              |
+----------------------+
| created temp table b |
+----------------------+
1 row in set (0.00 sec)

Query OK, 0 rows affected, 1 warning (0.00 sec)

Query OK, 9317 rows affected (24.94 sec)
Records: 9317  Duplicates: 0  Warnings: 0

+--------------------------------+
| message                        |
+--------------------------------+
| created rcbill_my.tempcustmxk1 |
+--------------------------------+
1 row in set (0.00 sec)

Query OK, 0 rows affected (0.01 sec)

Query OK, 0 rows affected (0.00 sec)

Query OK, 0 rows affected, 1 warning (0.00 sec)

Query OK, 9011 rows affected (2.25 sec)
Records: 9011  Duplicates: 0  Warnings: 0

+----------------+
| message        |
+----------------+
| created temp a |
+----------------+
1 row in set (0.00 sec)

Query OK, 6786 rows affected (0.87 sec)
Records: 6786  Duplicates: 0  Warnings: 0

+----------------+
| message        |
+----------------+
| created temp b |
+----------------+
1 row in set (0.00 sec)

Query OK, 0 rows affected, 1 warning (0.00 sec)

Query OK, 6915 rows affected (13.00 sec)
Records: 6915  Duplicates: 0  Warnings: 0

+--------------------------------+
| message                        |
+--------------------------------+
| created rcbill_my.tempcustmxk2 |
+--------------------------------+
1 row in set (0.00 sec)

Query OK, 0 rows affected (0.00 sec)

Query OK, 0 rows affected (0.00 sec)

Query OK, 0 rows affected, 1 warning (0.00 sec)

Query OK, 0 rows affected (0.01 sec)

Query OK, 10260 rows affected (0.50 sec)
Records: 10260  Duplicates: 0  Warnings: 0

+---------------------------------+
| message                         |
+---------------------------------+
| created rcbill_my.customers_mxk |
+---------------------------------+
1 row in set (0.00 sec)

Query OK, 0 rows affected (0.01 sec)

Query OK, 0 rows affected (0.00 sec)

Query OK, 14400 rows affected (6.56 sec)
Records: 14400  Duplicates: 0  Warnings: 0

+----------------+
| message        |
+----------------+
| created temp a |
+----------------+
1 row in set (0.00 sec)

Query OK, 17831 rows affected (1.91 sec)
Records: 17831  Duplicates: 0  Warnings: 0

+----------------+
| message        |
+----------------+
| created temp c |
+----------------+
1 row in set (0.00 sec)

Query OK, 0 rows affected, 1 warning (0.00 sec)

Query OK, 14400 rows affected (0.19 sec)
Records: 14400  Duplicates: 0  Warnings: 0

+---------------------------------+
| message                         |
+---------------------------------+
| created rcbill_my.tempcustcmts1 |
+---------------------------------+
1 row in set (0.00 sec)

Query OK, 0 rows affected (0.01 sec)

Query OK, 0 rows affected, 1 warning (0.00 sec)

Query OK, 0 rows affected (0.01 sec)

Query OK, 14400 rows affected (6.29 sec)
Records: 14400  Duplicates: 0  Warnings: 0

+----------------+
| message        |
+----------------+
| created temp a |
+----------------+
1 row in set (0.00 sec)

Query OK, 17831 rows affected (1.70 sec)
Records: 17831  Duplicates: 0  Warnings: 0

+----------------+
| message        |
+----------------+
| created temp c |
+----------------+
1 row in set (0.00 sec)

Query OK, 0 rows affected, 1 warning (0.00 sec)

Query OK, 17831 rows affected (0.18 sec)
Records: 17831  Duplicates: 0  Warnings: 0

+---------------------------------+
| message                         |
+---------------------------------+
| created rcbill_my.tempcustcmts2 |
+---------------------------------+
1 row in set (0.00 sec)

Query OK, 0 rows affected (0.00 sec)

Query OK, 0 rows affected, 1 warning (0.00 sec)

Query OK, 0 rows affected (0.01 sec)

Query OK, 0 rows affected (0.01 sec)

Query OK, 20783 rows affected (0.87 sec)
Records: 20783  Duplicates: 0  Warnings: 0

+----------------------------------+
| message                          |
+----------------------------------+
| created rcbill_my.customers_cmts |
+----------------------------------+
1 row in set (0.00 sec)

Query OK, 0 rows affected (0.01 sec)

Query OK, 0 rows affected (0.01 sec)

Query OK, 0 rows affected (0.01 sec)

Query OK, 25145 rows affected (1.06 sec)
Records: 25145  Duplicates: 0  Warnings: 0

+--------------------------------------+
| message                              |
+--------------------------------------+
| created rcbill_my.customers_cmts_mxk |
+--------------------------------------+
1 row in set (0.00 sec)

Query OK, 522969 rows affected (1 min 10.95 sec)
Records: 522969  Duplicates: 0  Warnings: 0

+----------------+
| message        |
+----------------+
| created temp a |
+----------------+
1 row in set (0.00 sec)

Query OK, 0 rows affected (0.02 sec)

Query OK, 523697 rows affected (10.25 sec)
Records: 523697  Duplicates: 0  Warnings: 0

+------------------------------------------------+
| message                                        |
+------------------------------------------------+
| created rcbill_my.customers_contracts_cmts_mxk |
+------------------------------------------------+
1 row in set (0.00 sec)

Query OK, 0 rows affected (0.05 sec)

Query OK, 0 rows affected, 1 warning (0.00 sec)

Query OK, 0 rows affected, 1 warning (0.00 sec)

Query OK, 0 rows affected (0.00 sec)

Query OK, 3894 rows affected (1.97 sec)
Rows matched: 3894  Changed: 3894  Warnings: 0

+------------------------------------------------+
| message                                        |
+------------------------------------------------+
| updated rcbill_my.customers_contracts_cmts_mxk |
+------------------------------------------------+
1 row in set (0.00 sec)

Query OK, 0 rows affected (0.03 sec)

Query OK, 2247397 rows affected (4 min 12.03 sec)
Records: 2247397  Duplicates: 0  Warnings: 0

+----------------------------------------+
| message                                |
+----------------------------------------+
| created rcbill_my.customers_collection |
+----------------------------------------+
1 row in set (0.00 sec)

Query OK, 0 rows affected (0.05 sec)

Query OK, 2602360 rows affected (2 min 3.64 sec)
Records: 2602360  Duplicates: 0  Warnings: 0

+------------------------------------------------+
| message                                        |
+------------------------------------------------+
| created rcbill_my.customers_cmts_mxk_cont_coll |
+------------------------------------------------+
1 row in set (0.00 sec)

Query OK, 0 rows affected (0.14 sec)

Query OK, 475897 rows affected (3 min 15.16 sec)
Records: 475897  Duplicates: 0  Warnings: 0

+--------------------------------------------------------+
| message                                                |
+--------------------------------------------------------+
| created rcbill_my.customers_contracts_collection_pivot |
+--------------------------------------------------------+
1 row in set (0.00 sec)

Query OK, 0 rows affected (0.01 sec)

Query OK, 41690 rows affected (3 min 14.92 sec)
Records: 41690  Duplicates: 0  Warnings: 0

+----------------------------------------------+
| message                                      |
+----------------------------------------------+
| created rcbill_my.customers_collection_pivot |
+----------------------------------------------+
1 row in set (0.00 sec)

Query OK, 0 rows affected (0.02 sec)

Query OK, 45703 rows affected (2.46 sec)
Records: 45703  Duplicates: 0  Warnings: 0

+--------------------------------------------+
| message                                    |
+--------------------------------------------+
| created rcbill_my.rep_customers_collection |
+--------------------------------------------+
1 row in set (0.00 sec)

Query OK, 0 rows affected (0.00 sec)

Query OK, 0 rows affected, 1 warning (0.00 sec)

Query OK, 485006 rows affected (15.71 sec)
Records: 485006  Duplicates: 0  Warnings: 0

+-------------------------+
| message                 |
+-------------------------+
| created rcbill_my.tempa |
+-------------------------+
1 row in set (0.00 sec)

Query OK, 0 rows affected, 1 warning (0.00 sec)

Query OK, 475897 rows affected (31.70 sec)
Records: 475897  Duplicates: 0  Warnings: 0

+-------------------------+
| message                 |
+-------------------------+
| created rcbill_my.tempb |
+-------------------------+
1 row in set (0.00 sec)

Query OK, 485006 rows affected (35.49 sec)
Records: 485006  Duplicates: 0  Warnings: 0

+-----------+
| message   |
+-----------+
| created a |
+-----------+
1 row in set (0.00 sec)

Query OK, 475897 rows affected (35.31 sec)
Records: 475897  Duplicates: 0  Warnings: 0

+-----------+
| message   |
+-----------+
| created b |
+-----------+
1 row in set (0.00 sec)

Query OK, 0 rows affected (0.05 sec)

Query OK, 0 rows affected (0.04 sec)

Query OK, 0 rows affected (0.03 sec)

Query OK, 521834 rows affected (1 min 7.09 sec)
Records: 521834  Duplicates: 0  Warnings: 0

+----------------------------------------------+
| message                                      |
+----------------------------------------------+
| created rcbill_my.cust_cont_payment_cmts_mxk |
+----------------------------------------------+
1 row in set (0.00 sec)

Query OK, 0 rows affected (0.03 sec)

Query OK, 0 rows affected (0.02 sec)

Query OK, 0 rows affected, 1 warning (0.00 sec)

Query OK, 0 rows affected (0.01 sec)

Query OK, 45703 rows affected (29.77 sec)
Records: 45703  Duplicates: 0  Warnings: 0

+--------------------------------------------------+
| message                                          |
+--------------------------------------------------+
| created rcbill_my.rep_cust_cont_payment_cmts_mxk |
+--------------------------------------------------+
1 row in set (0.00 sec)

Query OK, 0 rows affected, 1 warning (0.00 sec)

Query OK, 0 rows affected, 1 warning (0.00 sec)

Query OK, 0 rows affected (0.01 sec)

Query OK, 45703 rows affected (10.60 sec)
Records: 45703  Duplicates: 0  Warnings: 0

+----------------------+
| rep_custconsolidated |
+----------------------+
|                45703 |
+----------------------+
1 row in set (0.01 sec)

Query OK, 0 rows affected (0.01 sec)

Query OK, 37 rows affected (0.13 sec)
Records: 37  Duplicates: 0  Warnings: 0

+---------------------------------------+
| rep_activecustomerdistribution_level1 |
+---------------------------------------+
|                                    37 |
+---------------------------------------+
1 row in set (0.00 sec)

Query OK, 0 rows affected (0.01 sec)

Query OK, 225 rows affected (0.14 sec)
Records: 225  Duplicates: 0  Warnings: 0

+---------------------------------------+
| rep_activecustomerdistribution_level2 |
+---------------------------------------+
|                                   225 |
+---------------------------------------+
1 row in set (0.00 sec)

Query OK, 0 rows affected (0.01 sec)

Query OK, 45703 rows affected (8.39 sec)
Records: 45703  Duplicates: 0  Warnings: 0

+------------------------------+
| rep_custaddressparcelsprefix |
+------------------------------+
|                        45703 |
+------------------------------+
1 row in set (0.01 sec)

Query OK, 0 rows affected (0.01 sec)

Query OK, 16006 rows affected (0.96 sec)
Records: 16006  Duplicates: 0  Warnings: 0

+-------------------------------------+
| rep_residentialcustomers_tillasleep |
+-------------------------------------+
|                               16006 |
+-------------------------------------+
1 row in set (0.01 sec)

Query OK, 0 rows affected (0.01 sec)

+------------------------------------+
| message                            |
+------------------------------------+
| creating rcbill_my.rep_custextract |
+------------------------------------+
1 row in set (0.00 sec)

Query OK, 45703 rows affected (1.61 sec)
Records: 45703  Duplicates: 0  Warnings: 0

+-----------------+
| rep_custextract |
+-----------------+
|           45703 |
+-----------------+
1 row in set (0.01 sec)

Query OK, 0 rows affected (0.00 sec)

Query OK, 0 rows affected (0.01 sec)

+----------------------------------------------+
| message                                      |
+----------------------------------------------+
| creating rcbill_my.retentioncustomeractivity |
+----------------------------------------------+
1 row in set (0.00 sec)

Query OK, 1088 rows affected (0.11 sec)
Records: 1088  Duplicates: 0  Warnings: 0

+---------------------------+
| retentioncustomeractivity |
+---------------------------+
|                      1088 |
+---------------------------+
1 row in set (0.00 sec)

+-----------+------------------------------------+------------+-------------+-----------------+------------------+---------------------+-------------------+
| HFC_NODE  | NODENAME                           | CMTS_DATE  | INSERTED_ON | UNIQUE_ACCOUNTS | UNIQUE_CONTRACTS | UNIQUE_MAC_INRCBOSS | UNIQUE_MAC_INCMTS |
+-----------+------------------------------------+------------+-------------+-----------------+------------------+---------------------+-------------------+
| NULL      | NULL                               | NULL       | 2021-10-25  |           12807 |            14015 |               13978 |                 0 |
| C5/0/0/U0 | ANSE-BOILEAU-2                     | 2021-03-10 | 2021-10-25  |               0 |                0 |                   0 |               204 |
| C5/0/0/U1 | 500-C3-ANSE-BOILEAU                | 2021-03-10 | 2021-10-25  |               0 |                0 |                   0 |               202 |
| C5/0/1/U0 | 501-C4-LA-MISIERE-LEFT-I           | 2021-03-10 | 2021-10-25  |               0 |                0 |                   0 |               164 |
| C5/0/1/U1 | 501-C5-LA-MISIERE-RIGHT            | 2021-03-10 | 2021-10-25  |               0 |                0 |                   0 |               115 |
| C5/0/1/U2 | 501-C7-LA-MISIERE-LEFT-II          | 2021-03-10 | 2021-10-25  |               0 |                0 |                   0 |               161 |
| C5/0/2/U0 | 502-C8-LA-LOUISE                   | 2021-03-10 | 2021-10-25  |               0 |                0 |                   0 |               139 |
| C5/0/2/U1 | LA-LOUISE-2                        | 2021-03-10 | 2021-10-25  |               0 |                0 |                   0 |               142 |
| C5/0/3/U0 | 504-C6-PETIT-PARIS                 | 2021-03-10 | 2021-10-25  |               0 |                0 |                   0 |               150 |
| C5/0/3/U1 | PETIT-PARIS-23                     | 2021-03-10 | 2021-10-25  |               0 |                0 |                   0 |                73 |
| C5/0/4/U0 | FOUR-SEASONS                       | 2021-03-10 | 2021-10-25  |               0 |                0 |                   0 |                 2 |
| C5/0/4/U1 | ANCHOR-CAFE-I                      | 2021-03-10 | 2021-10-25  |               0 |                0 |                   0 |               168 |
| C5/0/4/U2 | ANCHOR-CAFE-II                     | 2021-03-10 | 2021-10-25  |               0 |                0 |                   0 |               160 |
| C5/1/0/U0 | POINTE-LARUE-AIRPORT-23            | 2021-03-10 | 2021-10-25  |               0 |                0 |                   0 |               114 |
| C5/1/0/U1 | PPROVIDENCE-23                     | 2021-03-10 | 2021-10-25  |               0 |                0 |                   0 |                21 |
| C5/1/0/U2 | ROSHE-CAIMAN-23                    | 2021-03-10 | 2021-10-25  |               0 |                0 |                   0 |                11 |
| C5/1/0/U3 | HEAD-OFFICE | HO-23                | 2021-03-10 | 2021-10-25  |               0 |                0 |                   0 |                22 |
| C5/1/1/U1 | C5-UNION-VALE                      | 2021-03-10 | 2021-10-25  |               0 |                0 |                   0 |               187 |
| C5/1/3/U0 | POINTE-LARUE-AIRPORT-27            | 2021-03-10 | 2021-10-25  |               0 |                0 |                   0 |               149 |
| C5/1/3/U1 | PPROVIDENCE-27                     | 2021-03-10 | 2021-10-25  |               0 |                0 |                   0 |                23 |
| C5/1/3/U2 | ROSHE-CAIMAN-27                    | 2021-03-10 | 2021-10-25  |               0 |                0 |                   0 |                29 |
| C5/1/3/U3 | HEAD-OFFICE | HO-27                | 2021-03-10 | 2021-10-25  |               0 |                0 |                   0 |                21 |
| C5/1/4/U0 | ANSE-ROYALE-27                     | 2021-03-10 | 2021-10-25  |               0 |                0 |                   0 |                99 |
| C5/1/4/U1 | GLACIS-2-57                        | 2021-03-10 | 2021-10-25  |               0 |                0 |                   0 |                64 |
| C5/1/4/U2 | NULL                               | 2021-03-10 | 2021-10-25  |               0 |                0 |                   0 |               115 |
| C5/1/4/U3 | GLACIS-1                           | 2021-03-10 | 2021-10-25  |               0 |                0 |                   0 |                26 |
| C6/0/1/U0 | SERRET-ROAD-RIGHT/CURIO/PASCAL     | 2021-03-10 | 2021-10-25  |               0 |                0 |                   0 |               129 |
| C6/0/1/U1 | SERRET-ROAD-LEFT/ST.LOUIS/TOWN     | 2021-03-10 | 2021-10-25  |               0 |                0 |                   0 |                74 |
| C6/0/1/U2 | SERRET-ROAD-RIGHT/CURIO/PASCAL-2   | 2021-03-10 | 2021-10-25  |               0 |                0 |                   0 |               130 |
| C6/0/1/U3 | SERRET-ROAD-LEFT/ST.LOUIS/TOWN-2   | 2021-03-10 | 2021-10-25  |               0 |                0 |                   0 |                75 |
| C6/0/2/U0 | SANS-SOUCIS-I                      | 2021-03-10 | 2021-10-25  |               0 |                0 |                   0 |               134 |
| C6/0/2/U1 | SANS-SOUCIS-II                     | 2021-03-10 | 2021-10-25  |               0 |                0 |                   0 |                78 |
| C6/0/2/U2 | BEL-AIR-27                         | 2021-03-10 | 2021-10-25  |               0 |                0 |                   0 |                91 |
| C6/0/2/U3 | BEL-AIR-38                         | 2021-03-10 | 2021-10-25  |               0 |                0 |                   0 |                84 |
| C6/0/3/U0 | LES-MAMELLES-23                    | 2021-03-10 | 2021-10-25  |               0 |                0 |                   0 |                56 |
| C6/0/3/U1 | VICTORIA-23                        | 2021-03-10 | 2021-10-25  |               0 |                0 |                   0 |                22 |
| C6/0/4/U0 | LES-MAMELLES-27                    | 2021-03-10 | 2021-10-25  |               0 |                0 |                   0 |               100 |
| C6/0/4/U1 | VICTORIA-27                        | 2021-03-10 | 2021-10-25  |               0 |                0 |                   0 |                20 |
| C7/1/0/U0 | LA-RETRAITE-23                     | 2021-03-10 | 2021-10-25  |               0 |                0 |                   0 |                75 |
| C7/1/0/U1 | TEA-FACTORY-23                     | 2021-03-10 | 2021-10-25  |               0 |                0 |                   0 |                34 |
| C7/1/0/U2 | PAS-23                             | 2021-03-10 | 2021-10-25  |               0 |                0 |                   0 |                88 |
| C7/1/1/U0 | REEF-ESTATE-23                     | 2021-03-10 | 2021-10-25  |               0 |                0 |                   0 |                77 |
| C7/1/2/U0 | LA-RETRAITE-27                     | 2021-03-10 | 2021-10-25  |               0 |                0 |                   0 |                72 |
| C7/1/2/U1 | TEA-FACTORY-27                     | 2021-03-10 | 2021-10-25  |               0 |                0 |                   0 |                22 |
| C7/1/2/U2 | PAS-27                             | 2021-03-10 | 2021-10-25  |               0 |                0 |                   0 |               100 |
| C7/1/3/U0 | MT-BUXTON-27                       | 2021-03-10 | 2021-10-25  |               0 |                0 |                   0 |               156 |
| C7/1/3/U1 | MT-BUXTON-23                       | 2021-03-10 | 2021-10-25  |               0 |                0 |                   0 |                76 |
| C7/1/4/U0 | REEF-ESTATE-27                     | 2021-03-10 | 2021-10-25  |               0 |                0 |                   0 |                94 |
| C8/0/0/U0 | POLICE-ACADEMY-1-27 - POINTE LARUE | 2021-03-10 | 2021-10-25  |               0 |                0 |                   0 |                85 |
| C8/0/0/U1 | NULL                               | 2021-03-10 | 2021-10-25  |               0 |                0 |                   0 |               109 |
| C8/0/1/U0 | NULL                               | 2021-03-10 | 2021-10-25  |               0 |                0 |                   0 |               310 |
| C8/0/1/U1 | POLICE-ACADEMY-2-27 - TURTLE BAY   | 2021-03-10 | 2021-10-25  |               0 |                0 |                   0 |               165 |
| C8/1/0/U0 | MA-JOIE-NODE-27                    | 2021-03-10 | 2021-10-25  |               0 |                0 |                   0 |                92 |
| C8/1/0/U1 | BELONIE-27                         | 2021-03-10 | 2021-10-25  |               0 |                0 |                   0 |               146 |
| C8/1/0/U3 | MA-JOIE-NODE-23                    | 2021-03-10 | 2021-10-25  |               0 |                0 |                   0 |                91 |
| C8/1/1/U0 | 611-C1-ROJN I                      | 2021-03-10 | 2021-10-25  |               0 |                0 |                   0 |               116 |
| C8/1/1/U1 | 611-C5-ROJN II                     | 2021-03-10 | 2021-10-25  |               0 |                0 |                   0 |               118 |
| C8/1/2/U0 | 612-C2-ANSE-ETOILE                 | 2021-03-10 | 2021-10-25  |               0 |                0 |                   0 |               112 |
| C8/1/2/U1 | ANSE-ETOILE-U2                     | 2021-03-10 | 2021-10-25  |               0 |                0 |                   0 |                49 |
| C8/1/3/U0 | 613-C3-ANSE-GAULETTE I             | 2021-03-10 | 2021-10-25  |               0 |                0 |                   0 |                77 |
| C8/1/3/U1 | 613-C7-ANSE-GAULETTE II            | 2021-03-10 | 2021-10-25  |               0 |                0 |                   0 |                80 |
| C8/1/3/U2 | 613-C3-ANSE-GAULETTE III           | 2021-03-10 | 2021-10-25  |               0 |                0 |                   0 |                41 |
| C8/1/3/U3 | TAKAMAKA I                         | 2021-03-10 | 2021-10-25  |               0 |                0 |                   0 |               100 |
| C8/1/3/U4 | TAKAMAKA II                        | 2021-03-10 | 2021-10-25  |               0 |                0 |                   0 |               103 |
| C8/1/4/U0 | 614-BEOLIERE-NODE-1                | 2021-03-10 | 2021-10-25  |               0 |                0 |                   0 |               135 |
| C8/1/4/U1 | 614-BEOLIERE-NODE-2                | 2021-03-10 | 2021-10-25  |               0 |                0 |                   0 |               106 |
+-----------+------------------------------------+------------+-------------+-----------------+------------------+---------------------+-------------------+
66 rows in set (0.34 sec)

+-----------------------+------------+-------------+-----------------+------------------+----------------------+-------------------+
| MXK_NAME              | MXK_DATE   | INSERTED_ON | UNIQUE_ACCOUNTS | UNIQUE_CONTRACTS | UNIQUE_FSAN_INRCBOSS | UNIQUE_FSAN_INMXK |
+-----------------------+------------+-------------+-----------------+------------------+----------------------+-------------------+
| NULL                  | NULL       | 2021-10-25  |            3264 |             3326 |                 3325 |                 0 |
| MXK-MAHE-ANSEETOILE   | 2020-07-27 | 2021-10-25  |             374 |              378 |                  377 |               398 |
| MXK-MAHE-ANSEROYALE   | 2020-07-27 | 2021-10-25  |             171 |              173 |                  172 |               198 |
| MXK-MAHE-BEAUVALLON-1 | 2020-07-27 | 2021-10-25  |            1777 |             1805 |                 1793 |              1919 |
| MXK-MAHE-BEAUVALLON-2 | 2020-07-27 | 2021-10-25  |              23 |               23 |                   23 |                30 |
| MXK-MAHE-PERSEVERANCE | 2020-07-27 | 2021-10-25  |            1044 |             1069 |                 1055 |              1241 |
| MXK-MAHE-PROVIDENCE   | 2020-07-27 | 2021-10-25  |             990 |             1021 |                  939 |              1192 |
| MXK-PRASLIN-GRANDANSE | 2020-07-27 | 2021-10-25  |            1267 |             1271 |                 1262 |              1514 |
+-----------------------+------------+-------------+-----------------+------------------+----------------------+-------------------+
8 rows in set (0.16 sec)

mysql> mysql \. C:\workspace\cloud\code\sql\_DailyScript\currenttime.sql
+---------------------+
| currenttime         |
+---------------------+
| 2021-10-25 11:46:41 |
+---------------------+
1 row in set (0.00 sec)

mysql> 
mysql> mysql \. C:\workspace\cloud\code\sql\_DailyScript\housing-estate-analysis.sql
Database changed
Query OK, 0 rows affected (0.01 sec)

Query OK, 3712 rows affected (13.62 sec)
Records: 3712  Duplicates: 0  Warnings: 0

+--------------------+
| rep_housingestates |
+--------------------+
|               3712 |
+--------------------+
1 row in set (0.00 sec)

mysql> mysql \. C:\workspace\cloud\code\sql\_DailyScript\currenttime.sql
+---------------------+
| currenttime         |
+---------------------+
| 2021-10-25 11:46:55 |
+---------------------+
1 row in set (0.00 sec)

mysql> 
mysql> 
mysql> mysql \. C:\workspace\cloud\code\sql\Analysis\service_tickets_assignments.sql
Query OK, 0 rows affected (0.02 sec)

Query OK, 87027 rows affected (14.19 sec)
Records: 87027  Duplicates: 0  Warnings: 0

+-------------------------+
| rep_servicetickets_2021 |
+-------------------------+
|                   87027 |
+-------------------------+
1 row in set (0.14 sec)

Query OK, 0 rows affected (0.01 sec)

Query OK, 15796 rows affected (2.28 sec)
Records: 15796  Duplicates: 0  Warnings: 0

+------------------+
| rep_tkt_f_level1 |
+------------------+
|            15796 |
+------------------+
1 row in set (0.01 sec)

Query OK, 0 rows affected (0.01 sec)

Query OK, 91559 rows affected (3.52 sec)
Records: 91559  Duplicates: 0  Warnings: 0

+------------------+
| rep_tkt_f_level2 |
+------------------+
|            91559 |
+------------------+
1 row in set (0.03 sec)

Query OK, 0 rows affected (0.01 sec)

Query OK, 130503 rows affected (4.62 sec)
Records: 130503  Duplicates: 0  Warnings: 0

+------------------+
| rep_tkt_f_level3 |
+------------------+
|           130503 |
+------------------+
1 row in set (0.04 sec)

Query OK, 0 rows affected (0.01 sec)

Query OK, 3507 rows affected (0.77 sec)
Records: 3507  Duplicates: 0  Warnings: 0

+--------------------+
| rep_tkt_irs_level1 |
+--------------------+
|               3507 |
+--------------------+
1 row in set (0.00 sec)

Query OK, 0 rows affected (0.01 sec)

Query OK, 16952 rows affected (0.84 sec)
Records: 16952  Duplicates: 0  Warnings: 0

+--------------------+
| rep_tkt_irs_level2 |
+--------------------+
|              16952 |
+--------------------+
1 row in set (0.01 sec)

Query OK, 0 rows affected (0.01 sec)

Query OK, 27930 rows affected (1.31 sec)
Records: 27930  Duplicates: 0  Warnings: 0

+--------------------+
| rep_tkt_irs_level3 |
+--------------------+
|              27930 |
+--------------------+
1 row in set (0.01 sec)

mysql> mysql \. C:\workspace\cloud\code\sql\_DailyScript\currenttime.sql
+---------------------+
| currenttime         |
+---------------------+
| 2021-10-25 11:47:23 |
+---------------------+
1 row in set (0.00 sec)

mysql> 
mysql> mysql \. C:\workspace\cloud\code\sql\_DailyScript\DAILY-SCRIPT-USAGESTATS.sql
Database changed
Query OK, 0 rows affected (0.41 sec)

Query OK, 32734046 rows affected, 65535 warnings (9 min 9.37 sec)
Records: 32734046  Duplicates: 0  Warnings: 32723282

Query OK, 0 rows affected (1 min 37.29 sec)
Records: 0  Duplicates: 0  Warnings: 0

Query OK, 0 rows affected (1 min 33.41 sec)
Records: 0  Duplicates: 0  Warnings: 0

Query OK, 0 rows affected (1 min 50.73 sec)
Records: 0  Duplicates: 0  Warnings: 0

Query OK, 0 rows affected (1 min 13.77 sec)
Records: 0  Duplicates: 0  Warnings: 0

Query OK, 0 rows affected (2 min 19.46 sec)
Records: 0  Duplicates: 0  Warnings: 0

Query OK, 0 rows affected (2 min 30.55 sec)
Records: 0  Duplicates: 0  Warnings: 0

Query OK, 0 rows affected (2 min 14.39 sec)
Records: 0  Duplicates: 0  Warnings: 0

Query OK, 0 rows affected (1 min 32.19 sec)
Records: 0  Duplicates: 0  Warnings: 0

+----------+
| ipusage  |
+----------+
| 32734046 |
+----------+
1 row in set (14.24 sec)

Query OK, 0 rows affected (0.08 sec)

Query OK, 9614958 rows affected (8 min 59.99 sec)
Records: 9614958  Duplicates: 0  Warnings: 0

Query OK, 0 rows affected (35.22 sec)
Records: 0  Duplicates: 0  Warnings: 0

Query OK, 0 rows affected (21.14 sec)
Records: 0  Duplicates: 0  Warnings: 0

Query OK, 0 rows affected (36.52 sec)
Records: 0  Duplicates: 0  Warnings: 0

Query OK, 0 rows affected (42.52 sec)
Records: 0  Duplicates: 0  Warnings: 0

Query OK, 0 rows affected (26.22 sec)
Records: 0  Duplicates: 0  Warnings: 0

+------------------+
| clientcontractip |
+------------------+
|          9614958 |
+------------------+
1 row in set (2.75 sec)

Query OK, 0 rows affected (0.09 sec)

Query OK, 16064087 rows affected (3 min 33.13 sec)
Records: 16064087  Duplicates: 0  Warnings: 0

+---------------------------+
| clientcontractipusage_stg |
+---------------------------+
|                  16064087 |
+---------------------------+
1 row in set (7.73 sec)

+------------------------------------+
| clientcontractipusage_beforeinsert |
+------------------------------------+
|                           16064087 |
+------------------------------------+
1 row in set (8.24 sec)

Query OK, 32451 rows affected (23.73 sec)
Records: 32451  Duplicates: 0  Warnings: 0

+-----------------------------------+
| clientcontractipusage_afterinsert |
+-----------------------------------+
|                          16096538 |
+-----------------------------------+
1 row in set (7.11 sec)

Query OK, 0 rows affected (0.00 sec)

+------------------------+
| info                   |
+------------------------+
| updating null packages |
+------------------------+
1 row in set (0.00 sec)

Query OK, 2 rows affected (37.41 sec)
Rows matched: 182676  Changed: 2  Warnings: 0

+------------+----------+
| usagedate  | count(*) |
+------------+----------+
| 2021-10-24 |    10715 |
| 2021-10-23 |    10814 |
| 2021-10-22 |    10922 |
| 2021-10-21 |    10797 |
| 2021-10-20 |    10839 |
| 2021-10-19 |    10830 |
| 2021-10-18 |    10840 |
| 2021-10-17 |    10815 |
| 2021-10-16 |    10749 |
| 2021-10-15 |    10432 |
| 2021-10-14 |    10457 |
| 2021-10-13 |    10476 |
| 2021-10-12 |    11459 |
| 2021-10-11 |    12403 |
| 2021-10-10 |    12376 |
+------------+----------+
15 rows in set (0.07 sec)

Query OK, 0 rows affected (0.03 sec)

Query OK, 753864 rows affected (1 min 15.00 sec)
Records: 753864  Duplicates: 0  Warnings: 0

Query OK, 0 rows affected (2.61 sec)
Records: 0  Duplicates: 0  Warnings: 0

Query OK, 0 rows affected (2.36 sec)
Records: 0  Duplicates: 0  Warnings: 0

Query OK, 0 rows affected (2.75 sec)
Records: 0  Duplicates: 0  Warnings: 0

Query OK, 0 rows affected (1.43 sec)
Records: 0  Duplicates: 0  Warnings: 0

Query OK, 0 rows affected (1.45 sec)
Records: 0  Duplicates: 0  Warnings: 0

Query OK, 0 rows affected (1.41 sec)
Records: 0  Duplicates: 0  Warnings: 0

Query OK, 0 rows affected (1.37 sec)
Records: 0  Duplicates: 0  Warnings: 0

+-----------------------+
| clientcontractipmonth |
+-----------------------+
|                753864 |
+-----------------------+
1 row in set (0.20 sec)

Query OK, 0 rows affected (0.01 sec)

Query OK, 15030 rows affected (1 min 0.92 sec)
Records: 15030  Duplicates: 0  Warnings: 0

+-----------------------+
| rep_dailypackageusage |
+-----------------------+
|                 15030 |
+-----------------------+
1 row in set (0.01 sec)

mysql> mysql \. C:\workspace\cloud\code\sql\_DailyScript\currenttime.sql
+---------------------+
| currenttime         |
+---------------------+
| 2021-10-25 12:30:50 |
+---------------------+
1 row in set (0.00 sec)

mysql> 
mysql> mysql \. C:\workspace\cloud\code\sql\GIS\GetParcelExtract.sql
Database changed
Query OK, 0 rows affected (0.01 sec)

Query OK, 15853 rows affected (5.05 sec)
Records: 15853  Duplicates: 0  Warnings: 0

+-------------------------+
| IV_PARCELEXTRACTStaging |
+-------------------------+
|                   15853 |
+-------------------------+
1 row in set (0.01 sec)

Query OK, 0 rows affected (0.00 sec)

Query OK, 0 rows affected (0.01 sec)

Query OK, 9699 rows affected (0.28 sec)
Records: 9699  Duplicates: 0  Warnings: 0

+-----------------+
| IV_PARCELFORMAP |
+-----------------+
|            9699 |
+-----------------+
1 row in set (0.01 sec)

Query OK, 0 rows affected (0.01 sec)

Query OK, 253 rows affected (0.03 sec)
Records: 253  Duplicates: 0  Warnings: 0

+----------------------------+
| IV_PARCELFORMAP_Inactive_2 |
+----------------------------+
|                        253 |
+----------------------------+
1 row in set (0.00 sec)

Query OK, 0 rows affected (0.00 sec)

Query OK, 416 rows affected (0.03 sec)
Records: 416  Duplicates: 0  Warnings: 0

+----------------------------+
| IV_PARCELFORMAP_Inactive_3 |
+----------------------------+
|                        416 |
+----------------------------+
1 row in set (0.00 sec)

Query OK, 0 rows affected (0.00 sec)

Query OK, 508 rows affected (0.04 sec)
Records: 508  Duplicates: 0  Warnings: 0

+----------------------------+
| IV_PARCELFORMAP_Inactive_4 |
+----------------------------+
|                        508 |
+----------------------------+
1 row in set (0.00 sec)

Query OK, 0 rows affected (0.00 sec)

Query OK, 2567 rows affected (0.08 sec)
Records: 2567  Duplicates: 0  Warnings: 0

+----------------------------+
| IV_PARCELFORMAP_Inactive_5 |
+----------------------------+
|                       2567 |
+----------------------------+
1 row in set (0.00 sec)

Query OK, 0 rows affected (0.01 sec)

Query OK, 4223 rows affected (0.12 sec)
Records: 4223  Duplicates: 0  Warnings: 0

+---------------------+
| IV_PARCELFORMAP_HFC |
+---------------------+
|                4223 |
+---------------------+
1 row in set (0.00 sec)

Query OK, 0 rows affected (0.01 sec)

Query OK, 4151 rows affected (0.12 sec)
Records: 4151  Duplicates: 0  Warnings: 0

+----------------------+
| IV_PARCELFORMAP_GPON |
+----------------------+
|                 4151 |
+----------------------+
1 row in set (0.00 sec)

Query OK, 0 rows affected (0.01 sec)

Query OK, 54 rows affected (0.03 sec)
Records: 54  Duplicates: 0  Warnings: 0

+---------------------+
| IV_PARCELFORMAP_MIX |
+---------------------+
|                  54 |
+---------------------+
1 row in set (0.00 sec)

mysql> mysql \. C:\workspace\cloud\code\sql\_DailyScript\currenttime.sql
+---------------------+
| currenttime         |
+---------------------+
| 2021-10-25 12:30:56 |
+---------------------+
1 row in set (0.00 sec)

mysql> 
mysql> exit
