    -> 
    -> mysql \. C:\workspace\cloud\code\sql\_DailyScript\_setdates.sql
Database changed
Query OK, 0 rows affected (0.00 sec)

Query OK, 0 rows affected (0.00 sec)

Query OK, 0 rows affected (0.00 sec)

Query OK, 0 rows affected (0.00 sec)

Query OK, 0 rows affected (0.00 sec)

Query OK, 0 rows affected (0.00 sec)

Query OK, 0 rows affected (0.00 sec)

Query OK, 0 rows affected (0.00 sec)

Query OK, 0 rows affected (0.00 sec)

Query OK, 0 rows affected (0.00 sec)

Query OK, 0 rows affected (0.00 sec)

Query OK, 0 rows affected (0.00 sec)

Query OK, 0 rows affected (0.00 sec)

Query OK, 0 rows affected (0.00 sec)

Query OK, 0 rows affected (0.00 sec)

Query OK, 0 rows affected (0.00 sec)

Query OK, 0 rows affected (0.00 sec)

Query OK, 0 rows affected (0.00 sec)

Query OK, 0 rows affected (0.00 sec)

Query OK, 0 rows affected (0.00 sec)

Query OK, 0 rows affected (0.00 sec)

mysql> mysql \. C:\workspace\cloud\code\sql\_DailyScript\currenttime.sql
+---------------------+
| currenttime         |
+---------------------+
| 2021-02-22 12:42:56 |
+---------------------+
1 row in set (0.00 sec)

mysql> 
mysql> mysql \. C:\workspace\cloud\code\sql\_DailyScript\load_RCB_VODTITLES.sql
Database changed
Query OK, 0 rows affected (0.00 sec)

Query OK, 13756 rows affected (0.17 sec)

Query OK, 13758 rows affected, 13758 warnings (0.33 sec)
Records: 13758  Deleted: 0  Skipped: 0  Warnings: 13758

Query OK, 0 rows affected (0.00 sec)

Query OK, 2 rows affected (0.01 sec)

+-----------+
| VODTITLES |
+-----------+
|     14216 |
+-----------+
1 row in set (0.01 sec)

+-----------+-----------+
| titletype | typecount |
+-----------+-----------+
| E         |     11498 |
| N         |       252 |
| T         |      2006 |
| NULL      |     13756 |
+-----------+-----------+
4 rows in set (0.09 sec)

mysql> mysql \. C:\workspace\cloud\code\sql\_DailyScript\currenttime.sql
+---------------------+
| currenttime         |
+---------------------+
| 2021-02-22 12:42:56 |
+---------------------+
1 row in set (0.00 sec)

mysql> 
mysql> mysql \. C:\workspace\cloud\code\sql\_DailyScript\DAILY-SCRIPT-LIVETV-STATS.sql
Database changed
Query OK, 0 rows affected (0.01 sec)

Query OK, 0 rows affected (0.02 sec)
Records: 0  Duplicates: 0  Warnings: 0

+------------+------------+----------+--------------+--------------+-----------+-------------+----------+--------+------+------------+---------+---------------+
| Table      | Non_unique | Key_name | Seq_in_index | Column_name  | Collation | Cardinality | Sub_part | Packed | Null | Index_type | Comment | Index_comment |
+------------+------------+----------+--------------+--------------+-----------+-------------+----------+--------+------+------------+---------+---------------+
| templivetv |          1 | idxtv1   |            1 | device       | A         |           0 |     NULL | NULL   | YES  | BTREE      |         |               |
| templivetv |          1 | idxtv2   |            1 | sessionstart | A         |           0 |     NULL | NULL   | YES  | BTREE      |         |               |
+------------+------------+----------+--------------+--------------+-----------+-------------+----------+--------+------+------------+---------+---------------+
2 rows in set (0.00 sec)

Query OK, 0 rows affected (0.00 sec)
Records: 0  Duplicates: 0  Warnings: 0

Query OK, 0 rows affected (0.01 sec)
Records: 0  Duplicates: 0  Warnings: 0

Query OK, 0 rows affected (0.00 sec)

Query OK, 0 rows affected (0.00 sec)

Query OK, 0 rows affected (0.00 sec)
Records: 0  Duplicates: 0  Warnings: 0

Query OK, 0 rows affected (0.01 sec)

Query OK, 55191 rows affected (3 min 37.38 sec)
Records: 55191  Duplicates: 0  Warnings: 0

+-----------------+
| rep_livetvstats |
+-----------------+
|           55191 |
+-----------------+
1 row in set (0.02 sec)

mysql> mysql \. C:\workspace\cloud\code\sql\_DailyScript\currenttime.sql
+---------------------+
| currenttime         |
+---------------------+
| 2021-02-22 12:46:34 |
+---------------------+
1 row in set (0.00 sec)

mysql> 
mysql> mysql \. C:\workspace\cloud\code\sql\_DailyScript\DAILY-SCRIPT-VODTS-STATS.sql
Database changed
Query OK, 0 rows affected (0.01 sec)

Query OK, 0 rows affected (11.64 sec)
Records: 0  Duplicates: 0  Warnings: 0

+---------+------------+----------+--------------+--------------+-----------+-------------+----------+--------+------+------------+---------+---------------+
| Table   | Non_unique | Key_name | Seq_in_index | Column_name  | Collation | Cardinality | Sub_part | Packed | Null | Index_type | Comment | Index_comment |
+---------+------------+----------+--------------+--------------+-----------+-------------+----------+--------+------+------------+---------+---------------+
| tempvod |          1 | idxtvod1 |            1 | device       | A         |           0 |     NULL | NULL   | YES  | BTREE      |         |               |
| tempvod |          1 | idxtvod2 |            1 | sessionstart | A         |           0 |     NULL | NULL   | YES  | BTREE      |         |               |
+---------+------------+----------+--------------+--------------+-----------+-------------+----------+--------+------+------------+---------+---------------+
2 rows in set (0.00 sec)

Query OK, 0 rows affected (0.00 sec)
Records: 0  Duplicates: 0  Warnings: 0

Query OK, 0 rows affected (0.01 sec)

Query OK, 1027378 rows affected (1 min 23.30 sec)
Records: 1027378  Duplicates: 0  Warnings: 0

+--------------+
| rep_vodstats |
+--------------+
|      1027378 |
+--------------+
1 row in set (0.30 sec)

Database changed
Query OK, 0 rows affected (0.01 sec)

Query OK, 0 rows affected (44.10 sec)
Records: 0  Duplicates: 0  Warnings: 0

+--------+------------+----------+--------------+--------------+-----------+-------------+----------+--------+------+------------+---------+---------------+
| Table  | Non_unique | Key_name | Seq_in_index | Column_name  | Collation | Cardinality | Sub_part | Packed | Null | Index_type | Comment | Index_comment |
+--------+------------+----------+--------------+--------------+-----------+-------------+----------+--------+------+------------+---------+---------------+
| tempts |          1 | idxtts1  |            1 | device       | A         |           0 |     NULL | NULL   | YES  | BTREE      |         |               |
| tempts |          1 | idxtts2  |            1 | sessionstart | A         |           0 |     NULL | NULL   | YES  | BTREE      |         |               |
+--------+------------+----------+--------------+--------------+-----------+-------------+----------+--------+------+------------+---------+---------------+
2 rows in set (0.00 sec)

Query OK, 0 rows affected (0.00 sec)
Records: 0  Duplicates: 0  Warnings: 0

Query OK, 0 rows affected (0.01 sec)

Query OK, 44553 rows affected (43.41 sec)
Records: 44553  Duplicates: 0  Warnings: 0

+-------------+
| rep_tsstats |
+-------------+
|       44553 |
+-------------+
1 row in set (0.01 sec)

mysql> mysql \. C:\workspace\cloud\code\sql\_DailyScript\currenttime.sql
+---------------------+
| currenttime         |
+---------------------+
| 2021-02-22 12:49:37 |
+---------------------+
1 row in set (0.00 sec)

mysql> 
mysql> mysql \. C:\workspace\cloud\code\sql\_DailyScript\DAILY-SCRIPT-RADIO-STATS.sql
Database changed
Query OK, 0 rows affected (0.01 sec)

Query OK, 362007 rows affected (4.06 sec)
Records: 362007  Duplicates: 0  Warnings: 0

+-----------+------------+----------+--------------+--------------+-----------+-------------+----------+--------+------+------------+---------+---------------+
| Table     | Non_unique | Key_name | Seq_in_index | Column_name  | Collation | Cardinality | Sub_part | Packed | Null | Index_type | Comment | Index_comment |
+-----------+------------+----------+--------------+--------------+-----------+-------------+----------+--------+------+------------+---------+---------------+
| tempradio |          1 | idxtrad1 |            1 | device       | A         |      363571 |     NULL | NULL   | YES  | BTREE      |         |               |
| tempradio |          1 | idxtrad2 |            1 | sessionstart | A         |      363571 |     NULL | NULL   | YES  | BTREE      |         |               |
+-----------+------------+----------+--------------+--------------+-----------+-------------+----------+--------+------+------------+---------+---------------+
2 rows in set (0.00 sec)

Query OK, 0 rows affected (1.34 sec)
Records: 0  Duplicates: 0  Warnings: 0

Query OK, 0 rows affected (0.01 sec)

Query OK, 5963 rows affected (0.47 sec)
Records: 5963  Duplicates: 0  Warnings: 0

+----------------+
| rep_radiostats |
+----------------+
|           5963 |
+----------------+
1 row in set (0.00 sec)

mysql> mysql \. C:\workspace\cloud\code\sql\_DailyScript\currenttime.sql
+---------------------+
| currenttime         |
+---------------------+
| 2021-02-22 12:49:43 |
+---------------------+
1 row in set (0.00 sec)

mysql> 
mysql> mysql \. C:\workspace\cloud\code\sql\_DailyScript\DAILY_SCRIPT_TELEMETRY_PIVOT_2021.sql
Query OK, 0 rows affected (0.01 sec)

Query OK, 140 rows affected (0.13 sec)
Records: 140  Duplicates: 0  Warnings: 0

Query OK, 0 rows affected (0.01 sec)

Query OK, 10224 rows affected (1.75 sec)
Records: 10224  Duplicates: 0  Warnings: 0

Query OK, 0 rows affected (0.01 sec)

Query OK, 5 rows affected (0.02 sec)
Records: 5  Duplicates: 0  Warnings: 0

Query OK, 0 rows affected (0.01 sec)

Query OK, 44 rows affected (0.05 sec)
Records: 44  Duplicates: 0  Warnings: 0

mysql> mysql \. C:\workspace\cloud\code\sql\_DailyScript\currenttime.sql
+---------------------+
| currenttime         |
+---------------------+
| 2021-02-22 12:49:45 |
+---------------------+
1 row in set (0.00 sec)

mysql> 
mysql> mysql \. C:\workspace\cloud\code\sql\_DailyScript\telemetry_livetv_ranking2021.sql
Query OK, 0 rows affected (0.01 sec)

Query OK, 140 rows affected (0.02 sec)
Records: 140  Duplicates: 0  Warnings: 0

mysql> mysql \. C:\workspace\cloud\code\sql\_DailyScript\currenttime.sql
+---------------------+
| currenttime         |
+---------------------+
| 2021-02-22 12:49:45 |
+---------------------+
1 row in set (0.00 sec)

mysql> 
mysql> mysql \. C:\workspace\cloud\code\sql\_DailyScript\telemetry_radio_ranking2021.sql
Query OK, 0 rows affected (0.01 sec)

Query OK, 5 rows affected (0.01 sec)
Records: 5  Duplicates: 0  Warnings: 0

mysql> mysql \. C:\workspace\cloud\code\sql\_DailyScript\currenttime.sql
+---------------------+
| currenttime         |
+---------------------+
| 2021-02-22 12:49:45 |
+---------------------+
1 row in set (0.00 sec)

mysql> 
mysql> mysql \. C:\workspace\cloud\code\sql\_DailyScript\telemetry_ts_ranking2021.sql
Query OK, 0 rows affected (0.01 sec)

Query OK, 44 rows affected (0.01 sec)
Records: 44  Duplicates: 0  Warnings: 0

mysql> mysql \. C:\workspace\cloud\code\sql\_DailyScript\currenttime.sql
+---------------------+
| currenttime         |
+---------------------+
| 2021-02-22 12:49:45 |
+---------------------+
1 row in set (0.00 sec)

mysql> 
mysql> mysql \. C:\workspace\cloud\code\sql\_DailyScript\telemetry_vod_ranking2021.sql
Query OK, 0 rows affected (0.01 sec)

Query OK, 10224 rows affected (0.51 sec)
Records: 10224  Duplicates: 0  Warnings: 0

mysql> mysql \. C:\workspace\cloud\code\sql\_DailyScript\currenttime.sql
+---------------------+
| currenttime         |
+---------------------+
| 2021-02-22 12:49:45 |
+---------------------+
1 row in set (0.00 sec)

mysql> 
mysql> mysql \. C:\workspace\cloud\code\sql\_DailyScript\telemetry_vod_ranking2021_1.sql
Query OK, 0 rows affected (0.01 sec)

Query OK, 10224 rows affected (0.23 sec)
Records: 10224  Duplicates: 0  Warnings: 0

mysql> mysql \. C:\workspace\cloud\code\sql\_DailyScript\currenttime.sql
+---------------------+
| currenttime         |
+---------------------+
| 2021-02-22 12:49:46 |
+---------------------+
1 row in set (0.00 sec)

mysql> 
mysql> mysql \. C:\workspace\cloud\code\sql\_DailyScript\telemetry_vod_ranking2021_2.sql
Query OK, 0 rows affected (0.01 sec)

Query OK, 10224 rows affected (0.22 sec)
Records: 10224  Duplicates: 0  Warnings: 0

mysql> mysql \. C:\workspace\cloud\code\sql\_DailyScript\currenttime.sql
+---------------------+
| currenttime         |
+---------------------+
| 2021-02-22 12:49:46 |
+---------------------+
1 row in set (0.00 sec)

mysql> 
mysql> 
mysql> 
mysql> 
mysql> mysql \. C:\workspace\cloud\code\sql\_DailyScript\ticket_analysis.sql
Database changed
Query OK, 0 rows affected (0.03 sec)

Query OK, 760850 rows affected (24.07 sec)
Records: 760850  Duplicates: 0  Warnings: 0

Query OK, 0 rows affected (4.58 sec)
Records: 0  Duplicates: 0  Warnings: 0

Query OK, 0 rows affected (2.06 sec)
Records: 0  Duplicates: 0  Warnings: 0

Query OK, 0 rows affected (1.98 sec)
Records: 0  Duplicates: 0  Warnings: 0

Query OK, 0 rows affected (0.01 sec)

Query OK, 23774 rows affected (12.65 sec)
Records: 23774  Duplicates: 0  Warnings: 0

Query OK, 0 rows affected, 1 warning (0.00 sec)

Query OK, 109677 rows affected (7.59 sec)
Records: 109677  Duplicates: 0  Warnings: 0

Query OK, 0 rows affected, 1 warning (0.00 sec)

Query OK, 559010 rows affected (14.70 sec)
Records: 559010  Duplicates: 0  Warnings: 0

Query OK, 0 rows affected, 1 warning (0.00 sec)

Query OK, 559010 rows affected (15.59 sec)
Records: 559010  Duplicates: 0  Warnings: 0

Query OK, 0 rows affected (0.01 sec)

Query OK, 109781 rows affected (5.79 sec)
Records: 109781  Duplicates: 0  Warnings: 0

Database changed
Query OK, 0 rows affected (0.00 sec)

Query OK, 0 rows affected (0.04 sec)

Query OK, 760850 rows affected (23.23 sec)
Records: 760850  Duplicates: 0  Warnings: 0

Query OK, 0 rows affected (0.01 sec)

Query OK, 387438 rows affected (16.91 sec)
Records: 387438  Duplicates: 0  Warnings: 0

+--------------------------+
| clientticket_cmmtjourney |
+--------------------------+
|                   760850 |
+--------------------------+
1 row in set (2.25 sec)

+---------------------------+
| clientticket_assgnjourney |
+---------------------------+
|                    387438 |
+---------------------------+
1 row in set (0.41 sec)

Query OK, 0 rows affected (0.01 sec)

Query OK, 73 rows affected (0.09 sec)
Records: 73  Duplicates: 0  Warnings: 0

mysql> mysql \. C:\workspace\cloud\code\sql\_DailyScript\currenttime.sql
+---------------------+
| currenttime         |
+---------------------+
| 2021-02-22 12:51:58 |
+---------------------+
1 row in set (0.00 sec)

mysql> 
mysql> mysql \. C:\workspace\cloud\code\sql\_DailyScript\load_DailyCalls.sql
Database changed
Query OK, 712 rows affected (0.21 sec)
Records: 712  Deleted: 0  Skipped: 0  Warnings: 0

Query OK, 0 rows affected, 1 warning (0.00 sec)

Query OK, 712 rows affected (0.04 sec)
Records: 712  Duplicates: 0  Warnings: 0

Query OK, 0 rows affected, 1 warning (0.00 sec)

Query OK, 68615 rows affected (0.29 sec)
Records: 68615  Duplicates: 0  Warnings: 0

+----------------------+
| callingclientsbefore |
+----------------------+
|              1122925 |
+----------------------+
1 row in set (0.48 sec)

Query OK, 1025 rows affected (15.35 sec)
Records: 1025  Duplicates: 0  Warnings: 0

+---------------------+
| callingclientsafter |
+---------------------+
|             1123950 |
+---------------------+
1 row in set (0.30 sec)

Query OK, 0 rows affected (0.01 sec)

Query OK, 423 rows affected (3.75 sec)
Records: 423  Duplicates: 0  Warnings: 0

Query OK, 0 rows affected (0.01 sec)

Query OK, 22081 rows affected (3.53 sec)
Records: 22081  Duplicates: 0  Warnings: 0

+-----------+
| callstats |
+-----------+
|     22081 |
+-----------+
1 row in set (0.01 sec)

Query OK, 0 rows affected, 1 warning (0.00 sec)

Query OK, 1025 rows affected (2.77 sec)
Records: 1025  Duplicates: 0  Warnings: 0

+------------------------+
| rep_cccallreportbefore |
+------------------------+
|                1123902 |
+------------------------+
1 row in set (0.39 sec)

Query OK, 1025 rows affected (0.22 sec)
Records: 1025  Duplicates: 0  Warnings: 0

+-----------------------+
| rep_cccallreportafter |
+-----------------------+
|               1124927 |
+-----------------------+
1 row in set (0.29 sec)

Query OK, 0 rows affected (0.01 sec)

mysql> mysql \. C:\workspace\cloud\code\sql\_DailyScript\currenttime.sql
+---------------------+
| currenttime         |
+---------------------+
| 2021-02-22 12:52:26 |
+---------------------+
1 row in set (0.00 sec)

mysql> 
mysql> mysql \. C:\workspace\cloud\code\sql\_DailyScript\DAILY-SCRIPT-USAGE.sql
Database changed
Query OK, 0 rows affected (0.00 sec)

Query OK, 4568 rows affected, 13242 warnings (1.04 sec)
Records: 4568  Deleted: 0  Skipped: 0  Warnings: 13242

Query OK, 0 rows affected (0.00 sec)

Query OK, 6733 rows affected, 19438 warnings (1.27 sec)
Records: 6733  Deleted: 0  Skipped: 0  Warnings: 19438

Query OK, 0 rows affected (0.00 sec)

Query OK, 297 rows affected, 1050 warnings (0.05 sec)
Records: 297  Deleted: 0  Skipped: 0  Warnings: 1050

Query OK, 0 rows affected (0.00 sec)

Query OK, 147 rows affected, 516 warnings (0.04 sec)
Records: 147  Deleted: 0  Skipped: 0  Warnings: 516

+------------+
| dailyusage |
+------------+
|   16603485 |
+------------+
1 row in set (6.84 sec)

+------------+------------+------------+---------+
| datestart  | dateend    | insertedon | records |
+------------+------------+------------+---------+
| 2021-02-19 | 2021-02-19 | 2021-02-22 |   11745 |
| 2021-02-18 | 2021-02-18 | 2021-02-19 |   11743 |
| 2021-02-17 | 2021-02-17 | 2021-02-18 |   11696 |
| 2021-02-16 | 2021-02-16 | 2021-02-17 |   11621 |
| 2021-02-15 | 2021-02-15 | 2021-02-16 |   11958 |
+------------+------------+------------+---------+
5 rows in set (35.47 sec)

+----------+------------+------------+------------+---------+
| category | datestart  | dateend    | insertedon | records |
+----------+------------+------------+------------+---------+
| UNCAPPED | 2021-02-19 | 2021-02-19 | 2021-02-22 |    6733 |
| PREPAID  | 2021-02-19 | 2021-02-19 | 2021-02-22 |     297 |
| HOTSPOT  | 2021-02-19 | 2021-02-19 | 2021-02-22 |     147 |
| CAPPED   | 2021-02-19 | 2021-02-19 | 2021-02-22 |    4568 |
| UNCAPPED | 2021-02-18 | 2021-02-18 | 2021-02-19 |    6802 |
| PREPAID  | 2021-02-18 | 2021-02-18 | 2021-02-19 |     291 |
| HOTSPOT  | 2021-02-18 | 2021-02-18 | 2021-02-19 |     143 |
| CAPPED   | 2021-02-18 | 2021-02-18 | 2021-02-19 |    4507 |
| UNCAPPED | 2021-02-17 | 2021-02-17 | 2021-02-18 |    6816 |
| PREPAID  | 2021-02-17 | 2021-02-17 | 2021-02-18 |     265 |
| HOTSPOT  | 2021-02-17 | 2021-02-17 | 2021-02-18 |     138 |
| CAPPED   | 2021-02-17 | 2021-02-17 | 2021-02-18 |    4477 |
| UNCAPPED | 2021-02-16 | 2021-02-16 | 2021-02-17 |    6760 |
| PREPAID  | 2021-02-16 | 2021-02-16 | 2021-02-17 |     270 |
| HOTSPOT  | 2021-02-16 | 2021-02-16 | 2021-02-17 |     134 |
| CAPPED   | 2021-02-16 | 2021-02-16 | 2021-02-17 |    4457 |
| UNCAPPED | 2021-02-15 | 2021-02-15 | 2021-02-16 |    6953 |
| PREPAID  | 2021-02-15 | 2021-02-15 | 2021-02-16 |     300 |
| HOTSPOT  | 2021-02-15 | 2021-02-15 | 2021-02-16 |     136 |
| CAPPED   | 2021-02-15 | 2021-02-15 | 2021-02-16 |    4569 |
+----------+------------+------------+------------+---------+
20 rows in set (24.73 sec)

mysql> mysql \. C:\workspace\cloud\code\sql\_DailyScript\currenttime.sql
+---------------------+
| currenttime         |
+---------------------+
| 2021-02-22 12:53:35 |
+---------------------+
1 row in set (0.00 sec)

mysql> 
mysql> mysql \. C:\workspace\cloud\code\sql\_DailyScript\DAILY-SCRIPT-SALES-TELEMETRY.sql
Database changed
Query OK, 86 rows affected, 18 warnings (0.05 sec)
Records: 86  Deleted: 0  Skipped: 0  Warnings: 18

+------------+
| dailysales |
+------------+
|     223925 |
+------------+
1 row in set (0.24 sec)

Query OK, 0 rows affected (0.01 sec)

Query OK, 223925 rows affected (14.63 sec)
Records: 223925  Duplicates: 0  Warnings: 0

+--------+
| sales  |
+--------+
| 223925 |
+--------+
1 row in set (0.21 sec)

Query OK, 0 rows affected (0.01 sec)

Query OK, 3664 rows affected (0.37 sec)
Records: 3664  Duplicates: 0  Warnings: 0

+----------------+
| rep_dailysales |
+----------------+
|           3664 |
+----------------+
1 row in set (0.00 sec)

Query OK, 0 rows affected (0.01 sec)

Query OK, 3664 rows affected (0.57 sec)
Records: 3664  Duplicates: 0  Warnings: 0

+-------------------+
| rep_dailysalesreg |
+-------------------+
|              3664 |
+-------------------+
1 row in set (0.00 sec)

Query OK, 0 rows affected (0.01 sec)

Query OK, 2876 rows affected (0.73 sec)
Records: 2876  Duplicates: 0  Warnings: 0

+-----------+
| saleslist |
+-----------+
|      2876 |
+-----------+
1 row in set (0.00 sec)

Database changed
ERROR 2 (HY000): File 'C:\ProgramData\MySQL\MySQL Server 5.7\Uploads\_csv\PrepaidCardSales-19022021-P1.csv' not found (Errcode: 2 - No such file or directory)
+------------------+
| dailysinglesales |
+------------------+
|             6473 |
+------------------+
1 row in set (0.02 sec)

Database changed
Query OK, 27 rows affected (0.03 sec)
Records: 27  Deleted: 0  Skipped: 0  Warnings: 0

+-----------------+
| dailyaddonsales |
+-----------------+
|           22343 |
+-----------------+
1 row in set (0.04 sec)

Query OK, 324 rows affected (0.10 sec)
Records: 324  Deleted: 0  Skipped: 0  Warnings: 0

+----------------+
| onlinepayments |
+----------------+
|         161463 |
+----------------+
1 row in set (0.11 sec)

+-------------+----------------+---------------------+
| paymentdate | onlinepayments | onlinepaymentamount |
+-------------+----------------+---------------------+
| 2021-02-19  |            324 |        183760.68000 |
| 2021-02-18  |            257 |        166887.26000 |
| 2021-02-17  |            193 |        113730.57000 |
| 2021-02-16  |            221 |        130936.42000 |
| 2021-02-15  |            256 |        152579.99000 |
+-------------+----------------+---------------------+
5 rows in set (0.58 sec)

+-------------+--------------+----------------+---------------------+
| paymentyear | paymentmonth | onlinepayments | onlinepaymentamount |
+-------------+--------------+----------------+---------------------+
|        2021 |            2 |           5075 |       3139442.62000 |
|        2021 |            1 |           9124 |       5808374.04000 |
|        2021 |         NULL |          14199 |       8947816.66000 |
|        2020 |           12 |           7235 |       4780077.29000 |
|        2020 |           11 |           6424 |       4163507.90000 |
+-------------+--------------+----------------+---------------------+
5 rows in set (0.15 sec)

mysql> mysql \. C:\workspace\cloud\code\sql\_DailyScript\currenttime.sql
+---------------------+
| currenttime         |
+---------------------+
| 2021-02-22 12:53:53 |
+---------------------+
1 row in set (0.00 sec)

mysql> 
mysql> mysql \. C:\workspace\cloud\code\sql\_DailyScript\DAILY-SCRIPT-ACTIVENUMBERS.sql
Database changed
Query OK, 1151 rows affected (0.56 sec)
Records: 1151  Deleted: 0  Skipped: 0  Warnings: 0

+------------+----------+
| period     | count(1) |
+------------+----------+
| 2021-02-19 |     1151 |
| 2021-02-18 |     1152 |
| 2021-02-17 |     1152 |
| 2021-02-16 |     1152 |
| 2021-02-15 |     1152 |
+------------+----------+
5 rows in set (0.01 sec)

Query OK, 0 rows affected (0.01 sec)

Query OK, 78 rows affected (1.42 sec)
Records: 78  Duplicates: 0  Warnings: 0

+-------------+
| packagelist |
+-------------+
|          78 |
+-------------+
1 row in set (0.00 sec)

Database changed
Query OK, 0 rows affected (0.00 sec)

Query OK, 0 rows affected (0.00 sec)

Query OK, 0 rows affected (0.00 sec)

Query OK, 0 rows affected (0.00 sec)

Query OK, 28357 rows affected, 241 warnings (20.29 sec)
Records: 28357  Deleted: 0  Skipped: 0  Warnings: 241

+------------+----------+
| period     | count(1) |
+------------+----------+
| 2021-02-19 |    28357 |
| 2021-02-18 |    28324 |
| 2021-02-17 |    28399 |
| 2021-02-16 |    28318 |
| 2021-02-15 |    28275 |
+------------+----------+
5 rows in set (0.15 sec)

Query OK, 0 rows affected (0.02 sec)

Query OK, 27785 rows affected (49.58 sec)
Records: 27785  Duplicates: 0  Warnings: 0

Query OK, 0 rows affected (0.14 sec)
Records: 0  Duplicates: 0  Warnings: 0

Query OK, 0 rows affected (0.11 sec)
Records: 0  Duplicates: 0  Warnings: 0

Query OK, 0 rows affected (0.10 sec)
Records: 0  Duplicates: 0  Warnings: 0

Query OK, 0 rows affected (0.08 sec)
Records: 0  Duplicates: 0  Warnings: 0

Query OK, 0 rows affected (0.09 sec)
Records: 0  Duplicates: 0  Warnings: 0

Query OK, 0 rows affected (0.07 sec)
Records: 0  Duplicates: 0  Warnings: 0

+-------------+
| countbefore |
+-------------+
|    43469643 |
+-------------+
1 row in set (16.61 sec)

Query OK, 27785 rows affected (5.53 sec)
Records: 27785  Duplicates: 0  Warnings: 0

+------------+
| countafter |
+------------+
|   43497428 |
+------------+
1 row in set (14.39 sec)

+------------+--------------------------+
| period     | customercontractactivity |
+------------+--------------------------+
| 2021-02-19 |                    27785 |
| 2021-02-18 |                    27752 |
| 2021-02-17 |                    27827 |
| 2021-02-16 |                    27746 |
| 2021-02-15 |                    27703 |
+------------+--------------------------+
5 rows in set (0.06 sec)

Query OK, 0 rows affected (0.02 sec)

Query OK, 294091 rows affected (8 min 9.50 sec)
Records: 294091  Duplicates: 0  Warnings: 0

Query OK, 0 rows affected (1.04 sec)
Records: 0  Duplicates: 0  Warnings: 0

Query OK, 0 rows affected (1.17 sec)
Records: 0  Duplicates: 0  Warnings: 0

Query OK, 0 rows affected (1.18 sec)
Records: 0  Duplicates: 0  Warnings: 0

Query OK, 0 rows affected (0.01 sec)

Query OK, 231 rows affected (0.44 sec)
Records: 231  Duplicates: 0  Warnings: 0

Query OK, 0 rows affected (0.01 sec)

Query OK, 2654 rows affected (0.63 sec)
Records: 2654  Duplicates: 0  Warnings: 0

Query OK, 0 rows affected (0.01 sec)

Query OK, 27761 rows affected (0.57 sec)
Records: 27761  Duplicates: 0  Warnings: 0

Query OK, 0 rows affected (0.01 sec)

Query OK, 17216 rows affected (0.40 sec)
Records: 17216  Duplicates: 0  Warnings: 0

Query OK, 0 rows affected (0.01 sec)

Query OK, 17216 rows affected (0.12 sec)
Records: 17216  Duplicates: 0  Warnings: 0

Query OK, 0 rows affected (0.01 sec)

Query OK, 17216 rows affected (1.14 sec)
Records: 17216  Duplicates: 0  Warnings: 0

Query OK, 0 rows affected (0.01 sec)

Query OK, 17216 rows affected (43.82 sec)
Records: 17216  Duplicates: 0  Warnings: 0

+-------------+
| clientstats |
+-------------+
|       17216 |
+-------------+
1 row in set (0.01 sec)

Query OK, 0 rows affected (0.01 sec)

Query OK, 14 rows affected, 1 warning (0.10 sec)
Records: 14  Duplicates: 0  Warnings: 1

+-----------------------+-------------+-------------+----------------+-----------------+
| services              | activecount | allaccounts | uniqueaccounts | uniquecontracts |
+-----------------------+-------------+-------------+----------------+-----------------+
| All                   |         365 |          61 |             61 |             195 |
| Internet & OTT        |           4 |           2 |              2 |               2 |
| Internet & Voice      |         346 |         155 |            155 |             302 |
| Internet Only         |        4332 |        4216 |           4208 |            4259 |
| OTT Only              |           1 |           1 |              1 |               1 |
| TV & Internet         |        9830 |        4440 |           4433 |            9033 |
| TV & Internet & OTT   |        3429 |         866 |            863 |            1801 |
| TV & Internet & Voice |         536 |         153 |            153 |             473 |
| TV & OTT              |         508 |          79 |             77 |              95 |
| TV & Voice            |          82 |          35 |             35 |              73 |
| TV & Voice & OTT      |           3 |           1 |              1 |               2 |
| TV Only               |        8924 |        7085 |           7078 |            7263 |
| Voice Only            |         124 |         122 |            122 |             124 |
| GRAND TOTAL           |       28484 |       17216 |          17152 |           23623 |
+-----------------------+-------------+-------------+----------------+-----------------+
14 rows in set (0.00 sec)

+-------------+-------------+-------------+----------------+-----------------+
| network     | activecount | allaccounts | uniqueaccounts | uniquecontracts |
+-------------+-------------+-------------+----------------+-----------------+
| GPON        |       10591 |        5285 |           5282 |            8353 |
| HFC         |       17893 |       11931 |          11931 |           15270 |
| GRAND TOTAL |       28484 |       17216 |          17152 |           23623 |
+-------------+-------------+-------------+----------------+-----------------+
3 rows in set, 1 warning (0.11 sec)

+-------------+-----------------------+-------------+-------------+----------------+-----------------+
| network     | services              | activecount | allaccounts | uniqueaccounts | uniquecontracts |
+-------------+-----------------------+-------------+-------------+----------------+-----------------+
| GPON        | All                   |         229 |          40 |             40 |             126 |
| GPON        | Internet & Voice      |          74 |          31 |             31 |              64 |
| GPON        | Internet Only         |        1259 |        1163 |           1163 |            1189 |
| GPON        | TV & Internet         |        4495 |        1989 |           1989 |            4086 |
| GPON        | TV & Internet & OTT   |        2137 |         531 |            531 |            1112 |
| GPON        | TV & Internet & Voice |         269 |          71 |             71 |             224 |
| GPON        | TV & OTT              |         273 |          41 |             41 |              46 |
| GPON        | TV & Voice            |          45 |          19 |             19 |              40 |
| GPON        | TV Only               |        1800 |        1391 |           1391 |            1456 |
| GPON        | Voice Only            |          10 |           9 |              9 |              10 |
| GPON        | Services Total        |       10591 |        5285 |           5282 |            8353 |
| HFC         | All                   |         136 |          21 |             21 |              69 |
| HFC         | Internet & OTT        |           4 |           2 |              2 |               2 |
| HFC         | Internet & Voice      |         272 |         124 |            124 |             238 |
| HFC         | Internet Only         |        3073 |        3053 |           3053 |            3070 |
| HFC         | OTT Only              |           1 |           1 |              1 |               1 |
| HFC         | TV & Internet         |        5335 |        2451 |           2451 |            4947 |
| HFC         | TV & Internet & OTT   |        1292 |         335 |            335 |             689 |
| HFC         | TV & Internet & Voice |         267 |          82 |             82 |             249 |
| HFC         | TV & OTT              |         235 |          38 |             38 |              49 |
| HFC         | TV & Voice            |          37 |          16 |             16 |              33 |
| HFC         | TV & Voice & OTT      |           3 |           1 |              1 |               2 |
| HFC         | TV Only               |        7124 |        5694 |           5694 |            5807 |
| HFC         | Voice Only            |         114 |         113 |            113 |             114 |
| HFC         | Services Total        |       17893 |       11931 |          11931 |           15270 |
| GRAND TOTAL | Services Total        |       28484 |       17216 |          17152 |           23623 |
+-------------+-----------------------+-------------+-------------+----------------+-----------------+
26 rows in set, 2 warnings (0.12 sec)

Query OK, 0 rows affected (0.01 sec)

Query OK, 40 rows affected, 3 warnings (0.17 sec)
Records: 40  Duplicates: 0  Warnings: 3

+-------------+---------------+-----------------------+-------------+-------------+----------------+-----------------+
| region      | network       | services              | activecount | allaccounts | uniqueaccounts | uniquecontracts |
+-------------+---------------+-----------------------+-------------+-------------+----------------+-----------------+
| Mahe        | GPON          | All                   |         199 |          35 |             35 |             111 |
| Mahe        | GPON          | Internet & Voice      |          62 |          25 |             25 |              52 |
| Mahe        | GPON          | Internet Only         |        1044 |         948 |            948 |             974 |
| Mahe        | GPON          | TV & Internet         |        3661 |        1616 |           1616 |            3314 |
| Mahe        | GPON          | TV & Internet & OTT   |        1706 |         412 |            412 |             869 |
| Mahe        | GPON          | TV & Internet & Voice |         250 |          65 |             65 |             205 |
| Mahe        | GPON          | TV & OTT              |         261 |          35 |             35 |              40 |
| Mahe        | GPON          | TV & Voice            |          45 |          19 |             19 |              40 |
| Mahe        | GPON          | TV Only               |        1448 |        1110 |           1110 |            1161 |
| Mahe        | GPON          | Voice Only            |          10 |           9 |              9 |              10 |
| Mahe        | GPON          | Services Total        |        8686 |        4274 |           4274 |            6776 |
| Mahe        | HFC           | All                   |         136 |          21 |             21 |              69 |
| Mahe        | HFC           | Internet & OTT        |           4 |           2 |              2 |               2 |
| Mahe        | HFC           | Internet & Voice      |         272 |         124 |            124 |             238 |
| Mahe        | HFC           | Internet Only         |        3072 |        3052 |           3052 |            3069 |
| Mahe        | HFC           | OTT Only              |           1 |           1 |              1 |               1 |
| Mahe        | HFC           | TV & Internet         |        5335 |        2451 |           2451 |            4947 |
| Mahe        | HFC           | TV & Internet & OTT   |        1292 |         335 |            335 |             689 |
| Mahe        | HFC           | TV & Internet & Voice |         267 |          82 |             82 |             249 |
| Mahe        | HFC           | TV & OTT              |         235 |          38 |             38 |              49 |
| Mahe        | HFC           | TV & Voice            |          37 |          16 |             16 |              33 |
| Mahe        | HFC           | TV & Voice & OTT      |           3 |           1 |              1 |               2 |
| Mahe        | HFC           | TV Only               |        7121 |        5692 |           5692 |            5805 |
| Mahe        | HFC           | Voice Only            |         114 |         113 |            113 |             114 |
| Mahe        | HFC           | Services Total        |       17889 |       11928 |          11928 |           15267 |
| Mahe        | Network Total | Services Total        |       26575 |       16202 |          16141 |           22043 |
| Praslin     | GPON          | All                   |          30 |           5 |              5 |              15 |
| Praslin     | GPON          | Internet & Voice      |          12 |           6 |              6 |              12 |
| Praslin     | GPON          | Internet Only         |         215 |         215 |            215 |             215 |
| Praslin     | GPON          | TV & Internet         |         834 |         373 |            373 |             772 |
| Praslin     | GPON          | TV & Internet & OTT   |         431 |         119 |            119 |             243 |
| Praslin     | GPON          | TV & Internet & Voice |          19 |           6 |              6 |              19 |
| Praslin     | GPON          | TV & OTT              |          12 |           6 |              6 |               6 |
| Praslin     | GPON          | TV Only               |         352 |         281 |            281 |             295 |
| Praslin     | GPON          | Services Total        |        1905 |        1011 |           1011 |            1577 |
| Praslin     | HFC           | Internet Only         |           1 |           1 |              1 |               1 |
| Praslin     | HFC           | TV Only               |           3 |           2 |              2 |               2 |
| Praslin     | HFC           | Services Total        |           4 |           3 |              3 |               3 |
| Praslin     | Network Total | Services Total        |        1909 |        1014 |           1014 |            1580 |
| GRAND TOTAL | Network Total | Services Total        |       28484 |       17216 |          17152 |           23623 |
+-------------+---------------+-----------------------+-------------+-------------+----------------+-----------------+
40 rows in set (0.00 sec)

Query OK, 0 rows affected (0.01 sec)

Query OK, 27762 rows affected (0.40 sec)
Records: 27762  Duplicates: 0  Warnings: 0

Query OK, 0 rows affected (0.01 sec)

Query OK, 2244 rows affected (1.64 sec)
Records: 2244  Duplicates: 0  Warnings: 0

+--------------------------------------+
| message                              |
+--------------------------------------+
| running rcbill_my.sp_ActiveNumber2() |
+--------------------------------------+
1 row in set (0.00 sec)

Query OK, 365 rows affected (1 min 58.96 sec)

mysql> mysql \. C:\workspace\cloud\code\sql\_DailyScript\currenttime.sql
+---------------------+
| currenttime         |
+---------------------+
| 2021-02-22 13:06:44 |
+---------------------+
1 row in set (0.00 sec)

mysql> 
mysql> mysql \. C:\workspace\cloud\code\sql\_DailyScript\GetActiveNumbers Average -Pivot.sql
Database changed
+-------------------------------------+
| @today := subdate(current_date(),1) |
+-------------------------------------+
| 2021-02-21                          |
+-------------------------------------+
1 row in set (0.00 sec)

+-------------------------------------+
| @lastdayofmonth := last_day(@today) |
+-------------------------------------+
| 2021-02-28                          |
+-------------------------------------+
1 row in set (0.00 sec)

Query OK, 0 rows affected (0.01 sec)

Query OK, 45489 rows affected, 65535 warnings (55.92 sec)
Records: 45489  Duplicates: 0  Warnings: 93758

Query OK, 0 rows affected (0.10 sec)
Records: 0  Duplicates: 0  Warnings: 0

Query OK, 0 rows affected (0.12 sec)
Records: 0  Duplicates: 0  Warnings: 0

Query OK, 0 rows affected (0.10 sec)
Records: 0  Duplicates: 0  Warnings: 0

+-----------------+
| activenumberavg |
+-----------------+
|           45489 |
+-----------------+
1 row in set (0.01 sec)

Query OK, 0 rows affected (0.01 sec)

Query OK, 1949 rows affected (0.53 sec)
Records: 1949  Duplicates: 0  Warnings: 0

+---------------------+
| rep_activenumberavg |
+---------------------+
|                1949 |
+---------------------+
1 row in set (0.00 sec)

+----------------------+
| rep_activenumberavg1 |
+----------------------+
|                  910 |
+----------------------+
1 row in set (0.01 sec)

Query OK, 0 rows affected (0.01 sec)

Query OK, 2384 rows affected (0.42 sec)
Records: 2384  Duplicates: 0  Warnings: 0

Query OK, 0 rows affected (0.01 sec)

Query OK, 12249 rows affected (0.76 sec)
Records: 12249  Duplicates: 0  Warnings: 0

Query OK, 0 rows affected (0.00 sec)

Query OK, 0 rows affected (0.01 sec)

Query OK, 0 rows affected (0.01 sec)

Query OK, 0 rows affected (0.00 sec)

Query OK, 0 rows affected (0.00 sec)
Statement prepared

Query OK, 53 rows affected (0.05 sec)
Records: 53  Duplicates: 0  Warnings: 0

Query OK, 0 rows affected (0.00 sec)

Query OK, 0 rows affected (0.00 sec)

+----------------------+
| rep_activenumberavg2 |
+----------------------+
|                 2384 |
+----------------------+
1 row in set (0.00 sec)

+------------------------+
| rep_activenumberavg_pv |
+------------------------+
|                     53 |
+------------------------+
1 row in set (0.00 sec)

Query OK, 0 rows affected (0.01 sec)

Query OK, 2383 rows affected (0.35 sec)
Records: 2383  Duplicates: 0  Warnings: 0

Query OK, 0 rows affected (0.00 sec)

Query OK, 0 rows affected (0.00 sec)

Query OK, 0 rows affected (0.01 sec)

Query OK, 0 rows affected (0.00 sec)

Query OK, 0 rows affected (0.00 sec)
Statement prepared

Query OK, 53 rows affected (0.05 sec)
Records: 53  Duplicates: 0  Warnings: 0

Query OK, 0 rows affected (0.00 sec)

Query OK, 0 rows affected (0.00 sec)

+-------------------------+
| rep_activenumberavgMahe |
+-------------------------+
|                    2383 |
+-------------------------+
1 row in set (0.00 sec)

+----------------------------+
| rep_activenumberavgMahe_pv |
+----------------------------+
|                         53 |
+----------------------------+
1 row in set (0.00 sec)

Query OK, 0 rows affected (0.01 sec)

Query OK, 1512 rows affected (0.16 sec)
Records: 1512  Duplicates: 0  Warnings: 0

Query OK, 0 rows affected (0.00 sec)

Query OK, 0 rows affected (0.00 sec)

Query OK, 0 rows affected (0.01 sec)

Query OK, 0 rows affected (0.00 sec)

Query OK, 0 rows affected (0.00 sec)
Statement prepared

Query OK, 40 rows affected (0.04 sec)
Records: 40  Duplicates: 0  Warnings: 0

Query OK, 0 rows affected (0.00 sec)

Query OK, 0 rows affected (0.00 sec)

+----------------------------+
| rep_activenumberavgPraslin |
+----------------------------+
|                       1512 |
+----------------------------+
1 row in set (0.00 sec)

+-------------------------------+
| rep_activenumberavgPraslin_pv |
+-------------------------------+
|                            40 |
+-------------------------------+
1 row in set (0.00 sec)

mysql> mysql \. C:\workspace\cloud\code\sql\_DailyScript\currenttime.sql
+---------------------+
| currenttime         |
+---------------------+
| 2021-02-22 13:07:43 |
+---------------------+
1 row in set (0.00 sec)

mysql> 
mysql> 
mysql> 
mysql> 
mysql> 
mysql> 
mysql> 
mysql> 
mysql> 
mysql> 
mysql> 
mysql> 
mysql> 
mysql> 
mysql> 
mysql> 
mysql> 
mysql> 
mysql> 
mysql> 
mysql> 
mysql> 
mysql> 
mysql> 
mysql> exit
