    -> 
    -> mysql \. C:\workspace\cloud\code\sql\_DailyScript\_setdates.sql
Database changed
Query OK, 0 rows affected (0.00 sec)

Query OK, 0 rows affected (0.00 sec)

Query OK, 0 rows affected (0.00 sec)

Query OK, 0 rows affected (0.00 sec)

Query OK, 0 rows affected (0.00 sec)

Query OK, 0 rows affected (0.00 sec)

Query OK, 0 rows affected (0.00 sec)

Query OK, 0 rows affected (0.00 sec)

Query OK, 0 rows affected (0.00 sec)

Query OK, 0 rows affected (0.00 sec)

Query OK, 0 rows affected (0.00 sec)

Query OK, 0 rows affected (0.00 sec)

Query OK, 0 rows affected (0.00 sec)

Query OK, 0 rows affected (0.00 sec)

Query OK, 0 rows affected (0.00 sec)

Query OK, 0 rows affected (0.00 sec)

Query OK, 0 rows affected (0.00 sec)

Query OK, 0 rows affected (0.00 sec)

Query OK, 0 rows affected (0.00 sec)

Query OK, 0 rows affected (0.00 sec)

Query OK, 0 rows affected (0.00 sec)

mysql> mysql \. C:\workspace\cloud\code\sql\_DailyScript\currenttime.sql
+---------------------+
| currenttime         |
+---------------------+
| 2019-06-03 08:32:24 |
+---------------------+
1 row in set (0.00 sec)

mysql> 
mysql> mysql \. C:\workspace\cloud\code\sql\_DailyScript\load_RCB_VODTITLES.sql
Database changed
Query OK, 0 rows affected (0.00 sec)

Query OK, 4856 rows affected (0.15 sec)

Query OK, 4856 rows affected, 4856 warnings (0.15 sec)
Records: 4856  Deleted: 0  Skipped: 0  Warnings: 4856

Query OK, 0 rows affected (0.00 sec)

Query OK, 0 rows affected (0.01 sec)

+-----------+
| VODTITLES |
+-----------+
|      5317 |
+-----------+
1 row in set (0.00 sec)

+-----------+-----------+
| titletype | typecount |
+-----------+-----------+
| NULL      |         1 |
| E         |      3635 |
| N         |       165 |
| T         |      1055 |
| NULL      |      4856 |
+-----------+-----------+
5 rows in set (0.02 sec)

mysql> mysql \. C:\workspace\cloud\code\sql\_DailyScript\currenttime.sql
+---------------------+
| currenttime         |
+---------------------+
| 2019-06-03 08:32:24 |
+---------------------+
1 row in set (0.00 sec)

mysql> 
mysql> mysql \. C:\workspace\cloud\code\sql\_DailyScript\DAILY-SCRIPT-LIVETV-STATS.sql
Database changed
Query OK, 0 rows affected (0.01 sec)

Query OK, 78295 rows affected (1.21 sec)
Records: 78295  Duplicates: 0  Warnings: 0

+------------+------------+----------+--------------+--------------+-----------+-------------+----------+--------+------+------------+---------+---------------+
| Table      | Non_unique | Key_name | Seq_in_index | Column_name  | Collation | Cardinality | Sub_part | Packed | Null | Index_type | Comment | Index_comment |
+------------+------------+----------+--------------+--------------+-----------+-------------+----------+--------+------+------------+---------+---------------+
| templivetv |          1 | idxtv1   |            1 | device       | A         |       78330 |     NULL | NULL   | YES  | BTREE      |         |               |
| templivetv |          1 | idxtv2   |            1 | sessionstart | A         |       78330 |     NULL | NULL   | YES  | BTREE      |         |               |
+------------+------------+----------+--------------+--------------+-----------+-------------+----------+--------+------+------------+---------+---------------+
2 rows in set (0.01 sec)

Query OK, 77870 rows affected (20.38 sec)
Records: 77870  Duplicates: 0  Warnings: 0

Query OK, 2844 rows affected (0.84 sec)
Records: 2844  Duplicates: 0  Warnings: 0

Query OK, 0 rows affected (0.00 sec)

Query OK, 0 rows affected (0.00 sec)

Query OK, 142 rows affected (0.09 sec)
Records: 142  Duplicates: 0  Warnings: 0

Query OK, 0 rows affected (0.01 sec)

Query OK, 73680 rows affected (13 min 24.08 sec)
Records: 73680  Duplicates: 0  Warnings: 0

+-----------------+
| rep_livetvstats |
+-----------------+
|           73680 |
+-----------------+
1 row in set (0.03 sec)

mysql> mysql \. C:\workspace\cloud\code\sql\_DailyScript\currenttime.sql
+---------------------+
| currenttime         |
+---------------------+
| 2019-06-03 08:46:11 |
+---------------------+
1 row in set (0.00 sec)

mysql> 
mysql> mysql \. C:\workspace\cloud\code\sql\_DailyScript\DAILY-SCRIPT-VODTS-STATS.sql
Database changed
Query OK, 0 rows affected (0.05 sec)

Query OK, 3408 rows affected (26.80 sec)
Records: 3408  Duplicates: 0  Warnings: 0

+---------+------------+----------+--------------+--------------+-----------+-------------+----------+--------+------+------------+---------+---------------+
| Table   | Non_unique | Key_name | Seq_in_index | Column_name  | Collation | Cardinality | Sub_part | Packed | Null | Index_type | Comment | Index_comment |
+---------+------------+----------+--------------+--------------+-----------+-------------+----------+--------+------+------------+---------+---------------+
| tempvod |          1 | idxtvod1 |            1 | device       | A         |        3543 |     NULL | NULL   | YES  | BTREE      |         |               |
| tempvod |          1 | idxtvod2 |            1 | sessionstart | A         |        3543 |     NULL | NULL   | YES  | BTREE      |         |               |
+---------+------------+----------+--------------+--------------+-----------+-------------+----------+--------+------+------------+---------+---------------+
2 rows in set (0.00 sec)

Query OK, 3408 rows affected (1.67 sec)
Records: 3408  Duplicates: 0  Warnings: 0

Query OK, 0 rows affected (0.01 sec)

Query OK, 220163 rows affected (25.16 sec)
Records: 220163  Duplicates: 0  Warnings: 0

+--------------+
| rep_vodstats |
+--------------+
|       220163 |
+--------------+
1 row in set (0.10 sec)

Database changed
Query OK, 0 rows affected (0.01 sec)

Query OK, 12789 rows affected (2 min 59.86 sec)
Records: 12789  Duplicates: 0  Warnings: 0

+--------+------------+----------+--------------+--------------+-----------+-------------+----------+--------+------+------------+---------+---------------+
| Table  | Non_unique | Key_name | Seq_in_index | Column_name  | Collation | Cardinality | Sub_part | Packed | Null | Index_type | Comment | Index_comment |
+--------+------------+----------+--------------+--------------+-----------+-------------+----------+--------+------+------------+---------+---------------+
| tempts |          1 | idxtts1  |            1 | device       | A         |       12072 |     NULL | NULL   | YES  | BTREE      |         |               |
| tempts |          1 | idxtts2  |            1 | sessionstart | A         |       12072 |     NULL | NULL   | YES  | BTREE      |         |               |
+--------+------------+----------+--------------+--------------+-----------+-------------+----------+--------+------+------------+---------+---------------+
2 rows in set (0.00 sec)

Query OK, 12767 rows affected (12.83 sec)
Records: 12767  Duplicates: 0  Warnings: 0

Query OK, 0 rows affected (0.01 sec)

Query OK, 20095 rows affected (2 min 58.48 sec)
Records: 20095  Duplicates: 0  Warnings: 0

+-------------+
| rep_tsstats |
+-------------+
|       20095 |
+-------------+
1 row in set (0.01 sec)

mysql> mysql \. C:\workspace\cloud\code\sql\_DailyScript\currenttime.sql
+---------------------+
| currenttime         |
+---------------------+
| 2019-06-03 08:53:16 |
+---------------------+
1 row in set (0.00 sec)

mysql> 
mysql> mysql \. C:\workspace\cloud\code\sql\_DailyScript\DAILY-SCRIPT-RADIO-STATS.sql
Database changed
Query OK, 0 rows affected (0.02 sec)

Query OK, 149659 rows affected (3.68 sec)
Records: 149659  Duplicates: 0  Warnings: 0

+-----------+------------+----------+--------------+--------------+-----------+-------------+----------+--------+------+------------+---------+---------------+
| Table     | Non_unique | Key_name | Seq_in_index | Column_name  | Collation | Cardinality | Sub_part | Packed | Null | Index_type | Comment | Index_comment |
+-----------+------------+----------+--------------+--------------+-----------+-------------+----------+--------+------+------------+---------+---------------+
| tempradio |          1 | idxtrad1 |            1 | device       | A         |      150096 |     NULL | NULL   | YES  | BTREE      |         |               |
| tempradio |          1 | idxtrad2 |            1 | sessionstart | A         |      150096 |     NULL | NULL   | YES  | BTREE      |         |               |
+-----------+------------+----------+--------------+--------------+-----------+-------------+----------+--------+------+------------+---------+---------------+
2 rows in set (0.00 sec)

Query OK, 240 rows affected (2.68 sec)
Records: 240  Duplicates: 0  Warnings: 0

Query OK, 0 rows affected (0.01 sec)

Query OK, 2766 rows affected (0.28 sec)
Records: 2766  Duplicates: 0  Warnings: 0

+----------------+
| rep_radiostats |
+----------------+
|           2766 |
+----------------+
1 row in set (0.00 sec)

mysql> mysql \. C:\workspace\cloud\code\sql\_DailyScript\currenttime.sql
+---------------------+
| currenttime         |
+---------------------+
| 2019-06-03 08:53:23 |
+---------------------+
1 row in set (0.00 sec)

mysql> 
mysql> mysql \. C:\workspace\cloud\code\sql\_DailyScript\DAILY_SCRIPT_TELEMETRY_PIVOT.sql
Query OK, 0 rows affected (0.00 sec)

Query OK, 146 rows affected (0.16 sec)
Records: 146  Duplicates: 0  Warnings: 0

Query OK, 0 rows affected (0.01 sec)

Query OK, 4224 rows affected (0.67 sec)
Records: 4224  Duplicates: 0  Warnings: 0

Query OK, 0 rows affected (0.00 sec)

Query OK, 6 rows affected (0.01 sec)
Records: 6  Duplicates: 0  Warnings: 0

Query OK, 0 rows affected (0.03 sec)

Query OK, 54 rows affected (0.04 sec)
Records: 54  Duplicates: 0  Warnings: 0

mysql> mysql \. C:\workspace\cloud\code\sql\_DailyScript\currenttime.sql
+---------------------+
| currenttime         |
+---------------------+
| 2019-06-03 08:53:24 |
+---------------------+
1 row in set (0.00 sec)

mysql> 
mysql> mysql \. C:\workspace\cloud\code\sql\_DailyScript\telemetry_livetv_ranking2019.sql
Query OK, 0 rows affected (0.00 sec)

Query OK, 146 rows affected (0.01 sec)
Records: 146  Duplicates: 0  Warnings: 0

mysql> mysql \. C:\workspace\cloud\code\sql\_DailyScript\currenttime.sql
+---------------------+
| currenttime         |
+---------------------+
| 2019-06-03 08:53:24 |
+---------------------+
1 row in set (0.00 sec)

mysql> 
mysql> mysql \. C:\workspace\cloud\code\sql\_DailyScript\telemetry_radio_ranking2019.sql
Query OK, 0 rows affected (0.00 sec)

Query OK, 6 rows affected (0.01 sec)
Records: 6  Duplicates: 0  Warnings: 0

mysql> mysql \. C:\workspace\cloud\code\sql\_DailyScript\currenttime.sql
+---------------------+
| currenttime         |
+---------------------+
| 2019-06-03 08:53:24 |
+---------------------+
1 row in set (0.00 sec)

mysql> 
mysql> mysql \. C:\workspace\cloud\code\sql\_DailyScript\telemetry_ts_ranking2019.sql
Query OK, 0 rows affected (0.00 sec)

Query OK, 54 rows affected (0.04 sec)
Records: 54  Duplicates: 0  Warnings: 0

mysql> mysql \. C:\workspace\cloud\code\sql\_DailyScript\currenttime.sql
+---------------------+
| currenttime         |
+---------------------+
| 2019-06-03 08:53:24 |
+---------------------+
1 row in set (0.00 sec)

mysql> 
mysql> mysql \. C:\workspace\cloud\code\sql\_DailyScript\telemetry_vod_ranking2019.sql
Query OK, 0 rows affected (0.00 sec)

Query OK, 4224 rows affected (0.31 sec)
Records: 4224  Duplicates: 0  Warnings: 0

mysql> mysql \. C:\workspace\cloud\code\sql\_DailyScript\currenttime.sql
+---------------------+
| currenttime         |
+---------------------+
| 2019-06-03 08:53:24 |
+---------------------+
1 row in set (0.00 sec)

mysql> 
mysql> mysql \. C:\workspace\cloud\code\sql\_DailyScript\telemetry_vod_ranking2019_1.sql
Query OK, 0 rows affected (0.01 sec)

Query OK, 4224 rows affected (0.11 sec)
Records: 4224  Duplicates: 0  Warnings: 0

mysql> mysql \. C:\workspace\cloud\code\sql\_DailyScript\currenttime.sql
+---------------------+
| currenttime         |
+---------------------+
| 2019-06-03 08:53:24 |
+---------------------+
1 row in set (0.00 sec)

mysql> 
mysql> mysql \. C:\workspace\cloud\code\sql\_DailyScript\telemetry_vod_ranking2019_2.sql
Query OK, 0 rows affected (0.00 sec)

Query OK, 4224 rows affected (0.09 sec)
Records: 4224  Duplicates: 0  Warnings: 0

mysql> mysql \. C:\workspace\cloud\code\sql\_DailyScript\currenttime.sql
+---------------------+
| currenttime         |
+---------------------+
| 2019-06-03 08:53:24 |
+---------------------+
1 row in set (0.00 sec)

mysql> 
mysql> mysql \. C:\workspace\cloud\code\sql\_DailyScript\DAILY-SCRIPT-CREATE-LOAD.sql
Database changed
Database changed
Query OK, 0 rows affected (0.04 sec)

Query OK, 0 rows affected (0.01 sec)

Database changed
Query OK, 65316 rows affected (3.25 sec)
Records: 65316  Deleted: 0  Skipped: 0  Warnings: 0

Query OK, 0 rows affected (0.20 sec)
Records: 0  Duplicates: 0  Warnings: 0

Query OK, 0 rows affected (0.42 sec)
Records: 0  Duplicates: 0  Warnings: 0

Query OK, 0 rows affected (0.34 sec)
Records: 0  Duplicates: 0  Warnings: 0

Query OK, 0 rows affected (0.29 sec)
Records: 0  Duplicates: 0  Warnings: 0

+---------+
| clients |
+---------+
|   65316 |
+---------+
1 row in set (0.03 sec)

Query OK, 0 rows affected (0.02 sec)

Query OK, 1879 rows affected (0.48 sec)
Records: 1879  Duplicates: 0  Warnings: 0

+-------------------+
| rcb_clientparcels |
+-------------------+
|              1879 |
+-------------------+
1 row in set (0.00 sec)

Query OK, 0 rows affected (0.01 sec)

Query OK, 84737 rows affected (4.34 sec)
Records: 84737  Duplicates: 0  Warnings: 0

Query OK, 0 rows affected (0.65 sec)
Records: 0  Duplicates: 0  Warnings: 0

Query OK, 0 rows affected (0.12 sec)

Query OK, 65316 rows affected (3.50 sec)
Records: 65316  Duplicates: 0  Warnings: 0

Query OK, 0 rows affected (0.25 sec)
Records: 0  Duplicates: 0  Warnings: 0

Query OK, 0 rows affected (0.27 sec)
Records: 0  Duplicates: 0  Warnings: 0

Query OK, 0 rows affected (0.22 sec)
Records: 0  Duplicates: 0  Warnings: 0

+---------------+
| clientaddress |
+---------------+
|         65316 |
+---------------+
1 row in set (0.02 sec)

Database changed
Query OK, 0 rows affected (0.03 sec)

Query OK, 0 rows affected (0.01 sec)

Database changed
Query OK, 476596 rows affected, 65535 warnings (21.42 sec)
Records: 476596  Deleted: 0  Skipped: 0  Warnings: 185112

Query OK, 0 rows affected (4.97 sec)
Records: 0  Duplicates: 0  Warnings: 0

Query OK, 0 rows affected (3.41 sec)
Records: 0  Duplicates: 0  Warnings: 0

Query OK, 0 rows affected (1.66 sec)
Records: 0  Duplicates: 0  Warnings: 0

Query OK, 0 rows affected (0.03 sec)

Query OK, 476596 rows affected (57.30 sec)
Records: 476596  Duplicates: 0  Warnings: 0

Query OK, 0 rows affected (2.65 sec)
Records: 0  Duplicates: 0  Warnings: 0

Query OK, 0 rows affected (2.05 sec)
Records: 0  Duplicates: 0  Warnings: 0

+-----------+
| contracts |
+-----------+
|    476596 |
+-----------+
1 row in set (0.33 sec)

+-----------------+
| contractaddress |
+-----------------+
|          476596 |
+-----------------+
1 row in set (0.19 sec)

Database changed
Query OK, 0 rows affected (0.02 sec)

Query OK, 0 rows affected (0.01 sec)

Query OK, 6600 rows affected (0.18 sec)
Records: 6600  Deleted: 0  Skipped: 0  Warnings: 0

Query OK, 0 rows affected (0.11 sec)

Query OK, 6569 rows affected (1.86 sec)
Records: 6569  Duplicates: 0  Warnings: 0

Query OK, 0 rows affected (0.04 sec)
Records: 0  Duplicates: 0  Warnings: 0

Query OK, 0 rows affected (0.02 sec)

Query OK, 5405 rows affected (0.07 sec)
Records: 5405  Duplicates: 0  Warnings: 0

Query OK, 0 rows affected (0.09 sec)
Records: 0  Duplicates: 0  Warnings: 0

+-------------------+
| contractdiscounts |
+-------------------+
|              6600 |
+-------------------+
1 row in set (0.00 sec)

+-------------------------+
| clientcontractdiscounts |
+-------------------------+
|                    6569 |
+-------------------------+
1 row in set (0.00 sec)

+----------------------------+
| clientcontractlastdiscount |
+----------------------------+
|                       5405 |
+----------------------------+
1 row in set (0.00 sec)

Database changed
Query OK, 0 rows affected (0.34 sec)

Query OK, 0 rows affected (0.00 sec)

Database changed
Query OK, 128722 rows affected (5.24 sec)
Records: 128722  Deleted: 0  Skipped: 0  Warnings: 0

Query OK, 0 rows affected (0.56 sec)
Records: 0  Duplicates: 0  Warnings: 0

Query OK, 0 rows affected (0.77 sec)
Records: 0  Duplicates: 0  Warnings: 0

Query OK, 0 rows affected (0.61 sec)
Records: 0  Duplicates: 0  Warnings: 0

Query OK, 0 rows affected (0.56 sec)
Records: 0  Duplicates: 0  Warnings: 0

Query OK, 0 rows affected (0.75 sec)
Records: 0  Duplicates: 0  Warnings: 0

Query OK, 0 rows affected (1.08 sec)
Records: 0  Duplicates: 0  Warnings: 0

Query OK, 0 rows affected (0.02 sec)

Query OK, 1626486 rows affected (3 min 7.06 sec)
Records: 1626486  Duplicates: 0  Warnings: 0

+---------+
| devices |
+---------+
|  128722 |
+---------+
1 row in set (0.06 sec)

+-----------------------+
| clientcontractdevices |
+-----------------------+
|               1626486 |
+-----------------------+
1 row in set (0.80 sec)

Query OK, 0 rows affected (0.02 sec)

Query OK, 128698 rows affected (7.78 sec)
Records: 128698  Duplicates: 0  Warnings: 0

+---------------------------+
| rep_clientcontractdevices |
+---------------------------+
|                    128698 |
+---------------------------+
1 row in set (0.05 sec)

Database changed
Query OK, 0 rows affected (0.04 sec)

Query OK, 0 rows affected (0.01 sec)

Query OK, 245877 rows affected (8.25 sec)
Records: 245877  Deleted: 0  Skipped: 0  Warnings: 0

Query OK, 0 rows affected (0.80 sec)
Records: 0  Duplicates: 0  Warnings: 0

Query OK, 0 rows affected (0.88 sec)
Records: 0  Duplicates: 0  Warnings: 0

Query OK, 0 rows affected (0.92 sec)
Records: 0  Duplicates: 0  Warnings: 0

Query OK, 0 rows affected (0.67 sec)
Records: 0  Duplicates: 0  Warnings: 0

+---------+
| tickets |
+---------+
|  245877 |
+---------+
1 row in set (0.09 sec)

Database changed
Query OK, 0 rows affected (0.01 sec)

Query OK, 0 rows affected (0.01 sec)

Empty set (0.00 sec)

Query OK, 0 rows affected (0.02 sec)
Records: 0  Duplicates: 0  Warnings: 0

Query OK, 314 rows affected, 2 warnings (0.01 sec)
Records: 314  Deleted: 0  Skipped: 0  Warnings: 2

+-----------------+
| tickettechusers |
+-----------------+
|             314 |
+-----------------+
1 row in set (0.00 sec)

Database changed
Query OK, 0 rows affected (0.01 sec)

Query OK, 0 rows affected (0.01 sec)

Query OK, 0 rows affected (0.01 sec)
Records: 0  Duplicates: 0  Warnings: 0

Query OK, 510658 rows affected, 41939 warnings (10.17 sec)
Records: 510658  Deleted: 0  Skipped: 0  Warnings: 41939

+-------------------+
| ticketassignments |
+-------------------+
|            510658 |
+-------------------+
1 row in set (0.19 sec)

Database changed
Query OK, 0 rows affected (0.02 sec)

Query OK, 0 rows affected (0.01 sec)

Query OK, 1066855 rows affected (17.25 sec)
Records: 1066855  Deleted: 0  Skipped: 0  Warnings: 0

Query OK, 0 rows affected (7.74 sec)
Records: 0  Duplicates: 0  Warnings: 0

Query OK, 0 rows affected (3.79 sec)
Records: 0  Duplicates: 0  Warnings: 0

Query OK, 0 rows affected (3.02 sec)
Records: 0  Duplicates: 0  Warnings: 0

Query OK, 0 rows affected (3.37 sec)
Records: 0  Duplicates: 0  Warnings: 0

+----------------+
| ticketcomments |
+----------------+
|        1066855 |
+----------------+
1 row in set (0.42 sec)

Database changed
Query OK, 0 rows affected (0.01 sec)

Query OK, 0 rows affected (0.01 sec)

Query OK, 404657 rows affected (48.84 sec)
Records: 404657  Deleted: 0  Skipped: 0  Warnings: 0

Query OK, 0 rows affected (2.87 sec)
Records: 0  Duplicates: 0  Warnings: 0

+----------+
| comments |
+----------+
|   404657 |
+----------+
1 row in set (0.16 sec)

Database changed
Query OK, 0 rows affected (0.03 sec)

Query OK, 0 rows affected (0.04 sec)

Query OK, 804338 rows affected, 65535 warnings (59.95 sec)
Records: 804338  Deleted: 0  Skipped: 0  Warnings: 804339

Query OK, 0 rows affected (3.64 sec)
Records: 0  Duplicates: 0  Warnings: 0

Query OK, 0 rows affected (2.72 sec)
Records: 0  Duplicates: 0  Warnings: 0

Query OK, 0 rows affected (2.69 sec)
Records: 0  Duplicates: 0  Warnings: 0

Query OK, 0 rows affected (2.94 sec)
Records: 0  Duplicates: 0  Warnings: 0

Query OK, 0 rows affected (4.57 sec)
Records: 0  Duplicates: 0  Warnings: 0

+------------+
| devicesold |
+------------+
|     804338 |
+------------+
1 row in set (0.32 sec)

Database changed
Query OK, 0 rows affected (0.02 sec)

Query OK, 0 rows affected (0.05 sec)

Query OK, 1619800 rows affected (27.45 sec)
Records: 1619800  Deleted: 0  Skipped: 0  Warnings: 0

Query OK, 0 rows affected (6.84 sec)
Records: 0  Duplicates: 0  Warnings: 0

Query OK, 0 rows affected (5.23 sec)
Records: 0  Duplicates: 0  Warnings: 0

Query OK, 0 rows affected (5.35 sec)
Records: 0  Duplicates: 0  Warnings: 0

+------------------+
| contractservices |
+------------------+
|          1619800 |
+------------------+
1 row in set (0.64 sec)

Database changed
Query OK, 0 rows affected (0.09 sec)

Query OK, 0 rows affected (0.01 sec)

Query OK, 3627392 rows affected (1 min 58.80 sec)
Records: 3627392  Deleted: 0  Skipped: 0  Warnings: 0

Query OK, 0 rows affected (16.51 sec)
Records: 0  Duplicates: 0  Warnings: 0

Query OK, 0 rows affected (17.46 sec)
Records: 0  Duplicates: 0  Warnings: 0

Query OK, 0 rows affected (13.57 sec)
Records: 0  Duplicates: 0  Warnings: 0

Query OK, 0 rows affected (14.35 sec)
Records: 0  Duplicates: 0  Warnings: 0

+------------------+
| invoicescontents |
+------------------+
|          3627392 |
+------------------+
1 row in set (1.47 sec)

Database changed
Query OK, 0 rows affected (0.08 sec)

Query OK, 0 rows affected (0.01 sec)

Query OK, 2500855 rows affected (3 min 41.03 sec)
Records: 2500855  Deleted: 0  Skipped: 0  Warnings: 0

ERROR 2013 (HY000): Lost connection to MySQL server during query
ERROR 2006 (HY000): MySQL server has gone away
No connection. Trying to reconnect...
ERROR 2003 (HY000): Can't connect to MySQL server on '192.168.1.166' (10051)
ERROR: 
Can't connect to the server

No connection. Trying to reconnect...
ERROR 2003 (HY000): Can't connect to MySQL server on '192.168.1.166' (10051)
ERROR: 
Can't connect to the server

No connection. Trying to reconnect...
ERROR 2003 (HY000): Can't connect to MySQL server on '192.168.1.166' (10051)
ERROR: 
Can't connect to the server

No connection. Trying to reconnect...
ERROR 2003 (HY000): Can't connect to MySQL server on '192.168.1.166' (10051)
ERROR: 
Can't connect to the server

No connection. Trying to reconnect...
ERROR 2003 (HY000): Can't connect to MySQL server on '192.168.1.166' (10051)
ERROR: 
Can't connect to the server

No connection. Trying to reconnect...
ERROR 2003 (HY000): Can't connect to MySQL server on '192.168.1.166' (10051)
ERROR: 
Can't connect to the server

No connection. Trying to reconnect...
ERROR 2003 (HY000): Can't connect to MySQL server on '192.168.1.166' (10051)
ERROR: 
Can't connect to the server

No connection. Trying to reconnect...
ERROR 2003 (HY000): Can't connect to MySQL server on '192.168.1.166' (10051)
ERROR: 
Can't connect to the server

No connection. Trying to reconnect...
ERROR 2003 (HY000): Can't connect to MySQL server on '192.168.1.166' (10051)
ERROR: 
Can't connect to the server

No connection. Trying to reconnect...
ERROR 2003 (HY000): Can't connect to MySQL server on '192.168.1.166' (10051)
ERROR: 
Can't connect to the server

No connection. Trying to reconnect...
ERROR 2003 (HY000): Can't connect to MySQL server on '192.168.1.166' (10051)
ERROR: 
Can't connect to the server

No connection. Trying to reconnect...
ERROR 2003 (HY000): Can't connect to MySQL server on '192.168.1.166' (10051)
ERROR: 
Can't connect to the server

No connection. Trying to reconnect...
ERROR 2003 (HY000): Can't connect to MySQL server on '192.168.1.166' (10051)
ERROR: 
Can't connect to the server

No connection. Trying to reconnect...
ERROR 2003 (HY000): Can't connect to MySQL server on '192.168.1.166' (10051)
ERROR: 
Can't connect to the server

No connection. Trying to reconnect...
ERROR 2003 (HY000): Can't connect to MySQL server on '192.168.1.166' (10051)
ERROR: 
Can't connect to the server

No connection. Trying to reconnect...
ERROR 2003 (HY000): Can't connect to MySQL server on '192.168.1.166' (10051)
ERROR: 
Can't connect to the server

No connection. Trying to reconnect...
ERROR 2003 (HY000): Can't connect to MySQL server on '192.168.1.166' (10051)
ERROR: 
Can't connect to the server

No connection. Trying to reconnect...
ERROR 2003 (HY000): Can't connect to MySQL server on '192.168.1.166' (10051)
ERROR: 
Can't connect to the server

No connection. Trying to reconnect...
ERROR 2003 (HY000): Can't connect to MySQL server on '192.168.1.166' (10051)
ERROR: 
Can't connect to the server

No connection. Trying to reconnect...
ERROR 2003 (HY000): Can't connect to MySQL server on '192.168.1.166' (10051)
ERROR: 
Can't connect to the server

No connection. Trying to reconnect...
ERROR 2003 (HY000): Can't connect to MySQL server on '192.168.1.166' (10051)
ERROR: 
Can't connect to the server

No connection. Trying to reconnect...
ERROR 2003 (HY000): Can't connect to MySQL server on '192.168.1.166' (10051)
ERROR: 
Can't connect to the server

No connection. Trying to reconnect...
ERROR 2003 (HY000): Can't connect to MySQL server on '192.168.1.166' (10051)
ERROR: 
Can't connect to the server

No connection. Trying to reconnect...
ERROR 2003 (HY000): Can't connect to MySQL server on '192.168.1.166' (10051)
ERROR: 
Can't connect to the server

No connection. Trying to reconnect...
ERROR 2003 (HY000): Can't connect to MySQL server on '192.168.1.166' (10051)
ERROR: 
Can't connect to the server

No connection. Trying to reconnect...
ERROR 2003 (HY000): Can't connect to MySQL server on '192.168.1.166' (10051)
ERROR: 
Can't connect to the server

No connection. Trying to reconnect...
ERROR 2003 (HY000): Can't connect to MySQL server on '192.168.1.166' (10051)
ERROR: 
Can't connect to the server

No connection. Trying to reconnect...
ERROR 2003 (HY000): Can't connect to MySQL server on '192.168.1.166' (10051)
ERROR: 
Can't connect to the server

No connection. Trying to reconnect...
ERROR 2003 (HY000): Can't connect to MySQL server on '192.168.1.166' (10051)
ERROR: 
Can't connect to the server

No connection. Trying to reconnect...
ERROR 2003 (HY000): Can't connect to MySQL server on '192.168.1.166' (10051)
ERROR: 
Can't connect to the server

No connection. Trying to reconnect...
ERROR 2003 (HY000): Can't connect to MySQL server on '192.168.1.166' (10051)
ERROR: 
Can't connect to the server

No connection. Trying to reconnect...
ERROR 2003 (HY000): Can't connect to MySQL server on '192.168.1.166' (10051)
ERROR: 
Can't connect to the server

No connection. Trying to reconnect...
ERROR 2003 (HY000): Can't connect to MySQL server on '192.168.1.166' (10051)
ERROR: 
Can't connect to the server

No connection. Trying to reconnect...
ERROR 2003 (HY000): Can't connect to MySQL server on '192.168.1.166' (10051)
ERROR: 
Can't connect to the server

No connection. Trying to reconnect...
ERROR 2003 (HY000): Can't connect to MySQL server on '192.168.1.166' (10051)
ERROR: 
Can't connect to the server

No connection. Trying to reconnect...
ERROR 2003 (HY000): Can't connect to MySQL server on '192.168.1.166' (10051)
ERROR: 
Can't connect to the server

No connection. Trying to reconnect...
ERROR 2003 (HY000): Can't connect to MySQL server on '192.168.1.166' (10051)
ERROR: 
Can't connect to the server

No connection. Trying to reconnect...
ERROR 2003 (HY000): Can't connect to MySQL server on '192.168.1.166' (10051)
ERROR: 
Can't connect to the server

No connection. Trying to reconnect...
ERROR 2003 (HY000): Can't connect to MySQL server on '192.168.1.166' (10051)
ERROR: 
Can't connect to the server

No connection. Trying to reconnect...
ERROR 2003 (HY000): Can't connect to MySQL server on '192.168.1.166' (10051)
ERROR: 
Can't connect to the server

No connection. Trying to reconnect...
ERROR 2003 (HY000): Can't connect to MySQL server on '192.168.1.166' (10051)
ERROR: 
Can't connect to the server

No connection. Trying to reconnect...
ERROR 2003 (HY000): Can't connect to MySQL server on '192.168.1.166' (10051)
ERROR: 
Can't connect to the server

No connection. Trying to reconnect...
ERROR 2003 (HY000): Can't connect to MySQL server on '192.168.1.166' (10051)
ERROR: 
Can't connect to the server

No connection. Trying to reconnect...
ERROR 2003 (HY000): Can't connect to MySQL server on '192.168.1.166' (10051)
ERROR: 
Can't connect to the server

No connection. Trying to reconnect...
ERROR 2003 (HY000): Can't connect to MySQL server on '192.168.1.166' (10051)
ERROR: 
Can't connect to the server

No connection. Trying to reconnect...
ERROR 2003 (HY000): Can't connect to MySQL server on '192.168.1.166' (10051)
ERROR: 
Can't connect to the server

No connection. Trying to reconnect...
ERROR 2003 (HY000): Can't connect to MySQL server on '192.168.1.166' (10051)
ERROR: 
Can't connect to the server

No connection. Trying to reconnect...
ERROR 2003 (HY000): Can't connect to MySQL server on '192.168.1.166' (10051)
ERROR: 
Can't connect to the server

No connection. Trying to reconnect...
ERROR 2003 (HY000): Can't connect to MySQL server on '192.168.1.166' (10051)
ERROR: 
Can't connect to the server

No connection. Trying to reconnect...
ERROR 2003 (HY000): Can't connect to MySQL server on '192.168.1.166' (10051)
ERROR: 
Can't connect to the server

No connection. Trying to reconnect...
ERROR 2003 (HY000): Can't connect to MySQL server on '192.168.1.166' (10051)
ERROR: 
Can't connect to the server

No connection. Trying to reconnect...
ERROR 2003 (HY000): Can't connect to MySQL server on '192.168.1.166' (10051)
ERROR: 
Can't connect to the server

No connection. Trying to reconnect...
ERROR 2003 (HY000): Can't connect to MySQL server on '192.168.1.166' (10051)
ERROR: 
Can't connect to the server

No connection. Trying to reconnect...
ERROR 2003 (HY000): Can't connect to MySQL server on '192.168.1.166' (10051)
ERROR: 
Can't connect to the server

No connection. Trying to reconnect...
ERROR 2003 (HY000): Can't connect to MySQL server on '192.168.1.166' (10051)
ERROR: 
Can't connect to the server

No connection. Trying to reconnect...
ERROR 2003 (HY000): Can't connect to MySQL server on '192.168.1.166' (10051)
ERROR: 
Can't connect to the server

No connection. Trying to reconnect...
ERROR 2003 (HY000): Can't connect to MySQL server on '192.168.1.166' (10051)
ERROR: 
Can't connect to the server

No connection. Trying to reconnect...
ERROR 2003 (HY000): Can't connect to MySQL server on '192.168.1.166' (10051)
ERROR: 
Can't connect to the server

No connection. Trying to reconnect...
ERROR 2003 (HY000): Can't connect to MySQL server on '192.168.1.166' (10051)
ERROR: 
Can't connect to the server

No connection. Trying to reconnect...
ERROR 2003 (HY000): Can't connect to MySQL server on '192.168.1.166' (10051)
ERROR: 
Can't connect to the server

No connection. Trying to reconnect...
ERROR 2003 (HY000): Can't connect to MySQL server on '192.168.1.166' (10051)
ERROR: 
Can't connect to the server

No connection. Trying to reconnect...
ERROR 2003 (HY000): Can't connect to MySQL server on '192.168.1.166' (10051)
ERROR: 
Can't connect to the server

No connection. Trying to reconnect...
ERROR 2003 (HY000): Can't connect to MySQL server on '192.168.1.166' (10051)
ERROR: 
Can't connect to the server

No connection. Trying to reconnect...
ERROR 2003 (HY000): Can't connect to MySQL server on '192.168.1.166' (10051)
ERROR: 
Can't connect to the server

No connection. Trying to reconnect...
ERROR 2003 (HY000): Can't connect to MySQL server on '192.168.1.166' (10051)
ERROR: 
Can't connect to the server

mysql> mysql \. C:\workspace\cloud\code\sql\_DailyScript\currenttime.sql
No connection. Trying to reconnect...
ERROR 2003 (HY000): Can't connect to MySQL server on '192.168.1.166' (10051)
ERROR: 
Can't connect to the server

mysql> 
mysql> mysql \. C:\workspace\cloud\code\sql\_DailyScript\ticket_analysis.sql
No connection. Trying to reconnect...
ERROR 2003 (HY000): Can't connect to MySQL server on '192.168.1.166' (10051)
ERROR: 
Can't connect to the server

No connection. Trying to reconnect...
ERROR 2003 (HY000): Can't connect to MySQL server on '192.168.1.166' (10051)
ERROR: 
Can't connect to the server

No connection. Trying to reconnect...
ERROR 2003 (HY000): Can't connect to MySQL server on '192.168.1.166' (10051)
ERROR: 
Can't connect to the server

No connection. Trying to reconnect...
ERROR 2003 (HY000): Can't connect to MySQL server on '192.168.1.166' (10051)
ERROR: 
Can't connect to the server

No connection. Trying to reconnect...
ERROR 2003 (HY000): Can't connect to MySQL server on '192.168.1.166' (10051)
ERROR: 
Can't connect to the server

No connection. Trying to reconnect...
ERROR 2003 (HY000): Can't connect to MySQL server on '192.168.1.166' (10051)
ERROR: 
Can't connect to the server

No connection. Trying to reconnect...
ERROR 2003 (HY000): Can't connect to MySQL server on '192.168.1.166' (10051)
ERROR: 
Can't connect to the server

No connection. Trying to reconnect...
ERROR 2003 (HY000): Can't connect to MySQL server on '192.168.1.166' (10051)
ERROR: 
Can't connect to the server

No connection. Trying to reconnect...
ERROR 2003 (HY000): Can't connect to MySQL server on '192.168.1.166' (10051)
ERROR: 
Can't connect to the server

No connection. Trying to reconnect...
ERROR 2003 (HY000): Can't connect to MySQL server on '192.168.1.166' (10051)
ERROR: 
Can't connect to the server

No connection. Trying to reconnect...
ERROR 2003 (HY000): Can't connect to MySQL server on '192.168.1.166' (10051)
ERROR: 
Can't connect to the server

No connection. Trying to reconnect...
ERROR 2003 (HY000): Can't connect to MySQL server on '192.168.1.166' (10051)
ERROR: 
Can't connect to the server

No connection. Trying to reconnect...
ERROR 2003 (HY000): Can't connect to MySQL server on '192.168.1.166' (10051)
ERROR: 
Can't connect to the server

No connection. Trying to reconnect...
ERROR 2003 (HY000): Can't connect to MySQL server on '192.168.1.166' (10051)
ERROR: 
Can't connect to the server

No connection. Trying to reconnect...
ERROR 2003 (HY000): Can't connect to MySQL server on '192.168.1.166' (10051)
ERROR: 
Can't connect to the server

No connection. Trying to reconnect...
ERROR 2003 (HY000): Can't connect to MySQL server on '192.168.1.166' (10051)
ERROR: 
Can't connect to the server

No connection. Trying to reconnect...
ERROR 2003 (HY000): Can't connect to MySQL server on '192.168.1.166' (10051)
ERROR: 
Can't connect to the server

No connection. Trying to reconnect...
ERROR 2003 (HY000): Can't connect to MySQL server on '192.168.1.166' (10051)
ERROR: 
Can't connect to the server

No connection. Trying to reconnect...
ERROR 2003 (HY000): Can't connect to MySQL server on '192.168.1.166' (10051)
ERROR: 
Can't connect to the server

No connection. Trying to reconnect...
ERROR 2003 (HY000): Can't connect to MySQL server on '192.168.1.166' (10051)
ERROR: 
Can't connect to the server

No connection. Trying to reconnect...
ERROR 2003 (HY000): Can't connect to MySQL server on '192.168.1.166' (10051)
ERROR: 
Can't connect to the server

No connection. Trying to reconnect...
ERROR 2003 (HY000): Can't connect to MySQL server on '192.168.1.166' (10051)
ERROR: 
Can't connect to the server

No connection. Trying to reconnect...
ERROR 2003 (HY000): Can't connect to MySQL server on '192.168.1.166' (10051)
ERROR: 
Can't connect to the server

No connection. Trying to reconnect...
ERROR 2003 (HY000): Can't connect to MySQL server on '192.168.1.166' (10051)
ERROR: 
Can't connect to the server

No connection. Trying to reconnect...
ERROR 2003 (HY000): Can't connect to MySQL server on '192.168.1.166' (10051)
ERROR: 
Can't connect to the server

No connection. Trying to reconnect...
ERROR 2003 (HY000): Can't connect to MySQL server on '192.168.1.166' (10051)
ERROR: 
Can't connect to the server

mysql> mysql \. C:\workspace\cloud\code\sql\_DailyScript\currenttime.sql
No connection. Trying to reconnect...
ERROR 2003 (HY000): Can't connect to MySQL server on '192.168.1.166' (10051)
ERROR: 
Can't connect to the server

mysql> 
mysql> mysql \. C:\workspace\cloud\code\sql\_DailyScript\load_DailyCalls.sql
No connection. Trying to reconnect...
ERROR 2003 (HY000): Can't connect to MySQL server on '192.168.1.166' (10051)
ERROR: 
Can't connect to the server

No connection. Trying to reconnect...
ERROR 2003 (HY000): Can't connect to MySQL server on '192.168.1.166' (10051)
ERROR: 
Can't connect to the server

No connection. Trying to reconnect...
ERROR 2003 (HY000): Can't connect to MySQL server on '192.168.1.166' (10051)
ERROR: 
Can't connect to the server

No connection. Trying to reconnect...
ERROR 2003 (HY000): Can't connect to MySQL server on '192.168.1.166' (10051)
ERROR: 
Can't connect to the server

No connection. Trying to reconnect...
ERROR 2003 (HY000): Can't connect to MySQL server on '192.168.1.166' (10051)
ERROR: 
Can't connect to the server

No connection. Trying to reconnect...
ERROR 2003 (HY000): Can't connect to MySQL server on '192.168.1.166' (10051)
ERROR: 
Can't connect to the server

No connection. Trying to reconnect...
ERROR 2003 (HY000): Can't connect to MySQL server on '192.168.1.166' (10051)
ERROR: 
Can't connect to the server

No connection. Trying to reconnect...
ERROR 2003 (HY000): Can't connect to MySQL server on '192.168.1.166' (10051)
ERROR: 
Can't connect to the server

No connection. Trying to reconnect...
ERROR 2003 (HY000): Can't connect to MySQL server on '192.168.1.166' (10051)
ERROR: 
Can't connect to the server

No connection. Trying to reconnect...
ERROR 2003 (HY000): Can't connect to MySQL server on '192.168.1.166' (10051)
ERROR: 
Can't connect to the server

No connection. Trying to reconnect...
ERROR 2003 (HY000): Can't connect to MySQL server on '192.168.1.166' (10051)
ERROR: 
Can't connect to the server

No connection. Trying to reconnect...
ERROR 2003 (HY000): Can't connect to MySQL server on '192.168.1.166' (10051)
ERROR: 
Can't connect to the server

No connection. Trying to reconnect...
ERROR 2003 (HY000): Can't connect to MySQL server on '192.168.1.166' (10051)
ERROR: 
Can't connect to the server

No connection. Trying to reconnect...
ERROR 2003 (HY000): Can't connect to MySQL server on '192.168.1.166' (10051)
ERROR: 
Can't connect to the server

mysql> mysql \. C:\workspace\cloud\code\sql\_DailyScript\currenttime.sql
No connection. Trying to reconnect...
ERROR 2003 (HY000): Can't connect to MySQL server on '192.168.1.166' (10051)
ERROR: 
Can't connect to the server

mysql> 
mysql> mysql \. C:\workspace\cloud\code\sql\_DailyScript\DAILY-SCRIPT-USAGE.sql
No connection. Trying to reconnect...
ERROR 2003 (HY000): Can't connect to MySQL server on '192.168.1.166' (10051)
ERROR: 
Can't connect to the server

No connection. Trying to reconnect...
ERROR 2003 (HY000): Can't connect to MySQL server on '192.168.1.166' (10051)
ERROR: 
Can't connect to the server

No connection. Trying to reconnect...
ERROR 2003 (HY000): Can't connect to MySQL server on '192.168.1.166' (10051)
ERROR: 
Can't connect to the server

No connection. Trying to reconnect...
ERROR 2003 (HY000): Can't connect to MySQL server on '192.168.1.166' (10051)
ERROR: 
Can't connect to the server

No connection. Trying to reconnect...
ERROR 2003 (HY000): Can't connect to MySQL server on '192.168.1.166' (10051)
ERROR: 
Can't connect to the server

No connection. Trying to reconnect...
ERROR 2003 (HY000): Can't connect to MySQL server on '192.168.1.166' (10051)
ERROR: 
Can't connect to the server

No connection. Trying to reconnect...
ERROR 2003 (HY000): Can't connect to MySQL server on '192.168.1.166' (10051)
ERROR: 
Can't connect to the server

No connection. Trying to reconnect...
ERROR 2003 (HY000): Can't connect to MySQL server on '192.168.1.166' (10051)
ERROR: 
Can't connect to the server

No connection. Trying to reconnect...
ERROR 2003 (HY000): Can't connect to MySQL server on '192.168.1.166' (10051)
ERROR: 
Can't connect to the server

No connection. Trying to reconnect...
ERROR 2003 (HY000): Can't connect to MySQL server on '192.168.1.166' (10051)
ERROR: 
Can't connect to the server

No connection. Trying to reconnect...
ERROR 2003 (HY000): Can't connect to MySQL server on '192.168.1.166' (10051)
ERROR: 
Can't connect to the server

mysql> mysql \. C:\workspace\cloud\code\sql\_DailyScript\currenttime.sql
No connection. Trying to reconnect...
ERROR 2003 (HY000): Can't connect to MySQL server on '192.168.1.166' (10051)
ERROR: 
Can't connect to the server

mysql> 
mysql> mysql \. C:\workspace\cloud\code\sql\_DailyScript\DAILY-SCRIPT-SALES-TELEMETRY.sql
No connection. Trying to reconnect...
ERROR 2003 (HY000): Can't connect to MySQL server on '192.168.1.166' (10051)
ERROR: 
Can't connect to the server

No connection. Trying to reconnect...
ERROR 2003 (HY000): Can't connect to MySQL server on '192.168.1.166' (10051)
ERROR: 
Can't connect to the server

No connection. Trying to reconnect...
ERROR 2003 (HY000): Can't connect to MySQL server on '192.168.1.166' (10051)
ERROR: 
Can't connect to the server

No connection. Trying to reconnect...
ERROR 2003 (HY000): Can't connect to MySQL server on '192.168.1.166' (10051)
ERROR: 
Can't connect to the server

No connection. Trying to reconnect...
ERROR 2003 (HY000): Can't connect to MySQL server on '192.168.1.166' (10051)
ERROR: 
Can't connect to the server

No connection. Trying to reconnect...
ERROR 2003 (HY000): Can't connect to MySQL server on '192.168.1.166' (10051)
ERROR: 
Can't connect to the server

No connection. Trying to reconnect...
ERROR 2003 (HY000): Can't connect to MySQL server on '192.168.1.166' (10051)
ERROR: 
Can't connect to the server

No connection. Trying to reconnect...
ERROR 2003 (HY000): Can't connect to MySQL server on '192.168.1.166' (10051)
ERROR: 
Can't connect to the server

No connection. Trying to reconnect...
ERROR 2003 (HY000): Can't connect to MySQL server on '192.168.1.166' (10051)
ERROR: 
Can't connect to the server

No connection. Trying to reconnect...
ERROR 2003 (HY000): Can't connect to MySQL server on '192.168.1.166' (10051)
ERROR: 
Can't connect to the server

No connection. Trying to reconnect...
ERROR 2003 (HY000): Can't connect to MySQL server on '192.168.1.166' (10051)
ERROR: 
Can't connect to the server

No connection. Trying to reconnect...
ERROR 2003 (HY000): Can't connect to MySQL server on '192.168.1.166' (10051)
ERROR: 
Can't connect to the server

No connection. Trying to reconnect...
ERROR 2003 (HY000): Can't connect to MySQL server on '192.168.1.166' (10051)
ERROR: 
Can't connect to the server

No connection. Trying to reconnect...
ERROR 2003 (HY000): Can't connect to MySQL server on '192.168.1.166' (10051)
ERROR: 
Can't connect to the server

No connection. Trying to reconnect...
ERROR 2003 (HY000): Can't connect to MySQL server on '192.168.1.166' (10051)
ERROR: 
Can't connect to the server

No connection. Trying to reconnect...
ERROR 2003 (HY000): Can't connect to MySQL server on '192.168.1.166' (10051)
ERROR: 
Can't connect to the server

No connection. Trying to reconnect...
ERROR 2003 (HY000): Can't connect to MySQL server on '192.168.1.166' (10051)
ERROR: 
Can't connect to the server

No connection. Trying to reconnect...
ERROR 2003 (HY000): Can't connect to MySQL server on '192.168.1.166' (10051)
ERROR: 
Can't connect to the server

No connection. Trying to reconnect...
ERROR 2003 (HY000): Can't connect to MySQL server on '192.168.1.166' (10051)
ERROR: 
Can't connect to the server

No connection. Trying to reconnect...
ERROR 2003 (HY000): Can't connect to MySQL server on '192.168.1.166' (10051)
ERROR: 
Can't connect to the server

No connection. Trying to reconnect...
ERROR 2003 (HY000): Can't connect to MySQL server on '192.168.1.166' (10051)
ERROR: 
Can't connect to the server

No connection. Trying to reconnect...
ERROR 2003 (HY000): Can't connect to MySQL server on '192.168.1.166' (10051)
ERROR: 
Can't connect to the server

No connection. Trying to reconnect...
ERROR 2003 (HY000): Can't connect to MySQL server on '192.168.1.166' (10051)
ERROR: 
Can't connect to the server

No connection. Trying to reconnect...
ERROR 2003 (HY000): Can't connect to MySQL server on '192.168.1.166' (10051)
ERROR: 
Can't connect to the server

No connection. Trying to reconnect...
ERROR 2003 (HY000): Can't connect to MySQL server on '192.168.1.166' (10051)
ERROR: 
Can't connect to the server

mysql> mysql \. C:\workspace\cloud\code\sql\_DailyScript\currenttime.sql
No connection. Trying to reconnect...
ERROR 2003 (HY000): Can't connect to MySQL server on '192.168.1.166' (10051)
ERROR: 
Can't connect to the server

mysql> 
mysql> mysql \. C:\workspace\cloud\code\sql\_DailyScript\DAILY-SCRIPT-ACTIVENUMBERS.sql
No connection. Trying to reconnect...
ERROR 2003 (HY000): Can't connect to MySQL server on '192.168.1.166' (10051)
ERROR: 
Can't connect to the server

No connection. Trying to reconnect...
ERROR 2003 (HY000): Can't connect to MySQL server on '192.168.1.166' (10051)
ERROR: 
Can't connect to the server

No connection. Trying to reconnect...
ERROR 2003 (HY000): Can't connect to MySQL server on '192.168.1.166' (10051)
ERROR: 
Can't connect to the server

No connection. Trying to reconnect...
ERROR 2003 (HY000): Can't connect to MySQL server on '192.168.1.166' (10051)
ERROR: 
Can't connect to the server

No connection. Trying to reconnect...
ERROR 2003 (HY000): Can't connect to MySQL server on '192.168.1.166' (10051)
ERROR: 
Can't connect to the server

No connection. Trying to reconnect...
ERROR 2003 (HY000): Can't connect to MySQL server on '192.168.1.166' (10051)
ERROR: 
Can't connect to the server

No connection. Trying to reconnect...
ERROR 2003 (HY000): Can't connect to MySQL server on '192.168.1.166' (10051)
ERROR: 
Can't connect to the server

No connection. Trying to reconnect...
ERROR 2003 (HY000): Can't connect to MySQL server on '192.168.1.166' (10051)
ERROR: 
Can't connect to the server

No connection. Trying to reconnect...
ERROR 2003 (HY000): Can't connect to MySQL server on '192.168.1.166' (10051)
ERROR: 
Can't connect to the server

No connection. Trying to reconnect...
ERROR 2003 (HY000): Can't connect to MySQL server on '192.168.1.166' (10051)
ERROR: 
Can't connect to the server

No connection. Trying to reconnect...
ERROR 2003 (HY000): Can't connect to MySQL server on '192.168.1.166' (10051)
ERROR: 
Can't connect to the server

No connection. Trying to reconnect...
ERROR 2003 (HY000): Can't connect to MySQL server on '192.168.1.166' (10051)
ERROR: 
Can't connect to the server

No connection. Trying to reconnect...
ERROR 2003 (HY000): Can't connect to MySQL server on '192.168.1.166' (10051)
ERROR: 
Can't connect to the server

No connection. Trying to reconnect...
ERROR 2003 (HY000): Can't connect to MySQL server on '192.168.1.166' (10051)
ERROR: 
Can't connect to the server

No connection. Trying to reconnect...
ERROR 2003 (HY000): Can't connect to MySQL server on '192.168.1.166' (10051)
ERROR: 
Can't connect to the server

No connection. Trying to reconnect...
ERROR 2003 (HY000): Can't connect to MySQL server on '192.168.1.166' (10051)
ERROR: 
Can't connect to the server

No connection. Trying to reconnect...
ERROR 2003 (HY000): Can't connect to MySQL server on '192.168.1.166' (10051)
ERROR: 
Can't connect to the server

No connection. Trying to reconnect...
ERROR 2003 (HY000): Can't connect to MySQL server on '192.168.1.166' (10051)
ERROR: 
Can't connect to the server

No connection. Trying to reconnect...
ERROR 2003 (HY000): Can't connect to MySQL server on '192.168.1.166' (10051)
ERROR: 
Can't connect to the server

No connection. Trying to reconnect...
ERROR 2003 (HY000): Can't connect to MySQL server on '192.168.1.166' (10051)
ERROR: 
Can't connect to the server

No connection. Trying to reconnect...
ERROR 2003 (HY000): Can't connect to MySQL server on '192.168.1.166' (10051)
ERROR: 
Can't connect to the server

No connection. Trying to reconnect...
ERROR 2003 (HY000): Can't connect to MySQL server on '192.168.1.166' (10051)
ERROR: 
Can't connect to the server

No connection. Trying to reconnect...
ERROR 2003 (HY000): Can't connect to MySQL server on '192.168.1.166' (10051)
ERROR: 
Can't connect to the server

No connection. Trying to reconnect...
ERROR 2003 (HY000): Can't connect to MySQL server on '192.168.1.166' (10051)
ERROR: 
Can't connect to the server

No connection. Trying to reconnect...
ERROR 2003 (HY000): Can't connect to MySQL server on '192.168.1.166' (10051)
ERROR: 
Can't connect to the server

No connection. Trying to reconnect...
ERROR 2003 (HY000): Can't connect to MySQL server on '192.168.1.166' (10051)
ERROR: 
Can't connect to the server

No connection. Trying to reconnect...
ERROR 2003 (HY000): Can't connect to MySQL server on '192.168.1.166' (10051)
ERROR: 
Can't connect to the server

No connection. Trying to reconnect...
ERROR 2003 (HY000): Can't connect to MySQL server on '192.168.1.166' (10051)
ERROR: 
Can't connect to the server

No connection. Trying to reconnect...
ERROR 2003 (HY000): Can't connect to MySQL server on '192.168.1.166' (10051)
ERROR: 
Can't connect to the server

No connection. Trying to reconnect...
ERROR 2003 (HY000): Can't connect to MySQL server on '192.168.1.166' (10051)
ERROR: 
Can't connect to the server

No connection. Trying to reconnect...
ERROR 2003 (HY000): Can't connect to MySQL server on '192.168.1.166' (10051)
ERROR: 
Can't connect to the server

No connection. Trying to reconnect...
ERROR 2003 (HY000): Can't connect to MySQL server on '192.168.1.166' (10051)
ERROR: 
Can't connect to the server

No connection. Trying to reconnect...
ERROR 2003 (HY000): Can't connect to MySQL server on '192.168.1.166' (10051)
ERROR: 
Can't connect to the server

No connection. Trying to reconnect...
ERROR 2003 (HY000): Can't connect to MySQL server on '192.168.1.166' (10051)
ERROR: 
Can't connect to the server

No connection. Trying to reconnect...
ERROR 2003 (HY000): Can't connect to MySQL server on '192.168.1.166' (10051)
ERROR: 
Can't connect to the server

No connection. Trying to reconnect...
ERROR 2003 (HY000): Can't connect to MySQL server on '192.168.1.166' (10051)
ERROR: 
Can't connect to the server

No connection. Trying to reconnect...
ERROR 2003 (HY000): Can't connect to MySQL server on '192.168.1.166' (10051)
ERROR: 
Can't connect to the server

No connection. Trying to reconnect...
ERROR 2003 (HY000): Can't connect to MySQL server on '192.168.1.166' (10051)
ERROR: 
Can't connect to the server

No connection. Trying to reconnect...
ERROR 2003 (HY000): Can't connect to MySQL server on '192.168.1.166' (10051)
ERROR: 
Can't connect to the server

No connection. Trying to reconnect...
ERROR 2003 (HY000): Can't connect to MySQL server on '192.168.1.166' (10051)
ERROR: 
Can't connect to the server

No connection. Trying to reconnect...
ERROR 2003 (HY000): Can't connect to MySQL server on '192.168.1.166' (10051)
ERROR: 
Can't connect to the server

No connection. Trying to reconnect...
ERROR 2003 (HY000): Can't connect to MySQL server on '192.168.1.166' (10051)
ERROR: 
Can't connect to the server

No connection. Trying to reconnect...
ERROR 2003 (HY000): Can't connect to MySQL server on '192.168.1.166' (10051)
ERROR: 
Can't connect to the server

No connection. Trying to reconnect...
ERROR 2003 (HY000): Can't connect to MySQL server on '192.168.1.166' (10051)
ERROR: 
Can't connect to the server

No connection. Trying to reconnect...
ERROR 2003 (HY000): Can't connect to MySQL server on '192.168.1.166' (10051)
ERROR: 
Can't connect to the server

No connection. Trying to reconnect...
ERROR 2003 (HY000): Can't connect to MySQL server on '192.168.1.166' (10051)
ERROR: 
Can't connect to the server

No connection. Trying to reconnect...
ERROR 2003 (HY000): Can't connect to MySQL server on '192.168.1.166' (10051)
ERROR: 
Can't connect to the server

No connection. Trying to reconnect...
ERROR 2003 (HY000): Can't connect to MySQL server on '192.168.1.166' (10051)
ERROR: 
Can't connect to the server

No connection. Trying to reconnect...
ERROR 2003 (HY000): Can't connect to MySQL server on '192.168.1.166' (10051)
ERROR: 
Can't connect to the server

No connection. Trying to reconnect...
ERROR 2003 (HY000): Can't connect to MySQL server on '192.168.1.166' (10051)
ERROR: 
Can't connect to the server

No connection. Trying to reconnect...
ERROR 2003 (HY000): Can't connect to MySQL server on '192.168.1.166' (10051)
ERROR: 
Can't connect to the server

No connection. Trying to reconnect...
ERROR 2003 (HY000): Can't connect to MySQL server on '192.168.1.166' (10051)
ERROR: 
Can't connect to the server

No connection. Trying to reconnect...
ERROR 2003 (HY000): Can't connect to MySQL server on '192.168.1.166' (10051)
ERROR: 
Can't connect to the server

No connection. Trying to reconnect...
ERROR 2003 (HY000): Can't connect to MySQL server on '192.168.1.166' (10051)
ERROR: 
Can't connect to the server

No connection. Trying to reconnect...
ERROR 2003 (HY000): Can't connect to MySQL server on '192.168.1.166' (10051)
ERROR: 
Can't connect to the server

No connection. Trying to reconnect...
ERROR 2003 (HY000): Can't connect to MySQL server on '192.168.1.166' (10051)
ERROR: 
Can't connect to the server

No connection. Trying to reconnect...
ERROR 2003 (HY000): Can't connect to MySQL server on '192.168.1.166' (10051)
ERROR: 
Can't connect to the server

No connection. Trying to reconnect...
ERROR 2003 (HY000): Can't connect to MySQL server on '192.168.1.166' (10051)
ERROR: 
Can't connect to the server

No connection. Trying to reconnect...
ERROR 2003 (HY000): Can't connect to MySQL server on '192.168.1.166' (10051)
ERROR: 
Can't connect to the server

mysql> mysql \. C:\workspace\cloud\code\sql\_DailyScript\currenttime.sql
No connection. Trying to reconnect...
ERROR 2003 (HY000): Can't connect to MySQL server on '192.168.1.166' (10051)
ERROR: 
Can't connect to the server

mysql> 
mysql> mysql \. C:\workspace\cloud\code\sql\_DailyScript\GetActiveNumbers Average -Pivot.sql
No connection. Trying to reconnect...
ERROR 2003 (HY000): Can't connect to MySQL server on '192.168.1.166' (10051)
ERROR: 
Can't connect to the server

No connection. Trying to reconnect...
ERROR 2003 (HY000): Can't connect to MySQL server on '192.168.1.166' (10051)
ERROR: 
Can't connect to the server

No connection. Trying to reconnect...
ERROR 2003 (HY000): Can't connect to MySQL server on '192.168.1.166' (10051)
ERROR: 
Can't connect to the server

No connection. Trying to reconnect...
ERROR 2003 (HY000): Can't connect to MySQL server on '192.168.1.166' (10051)
ERROR: 
Can't connect to the server

No connection. Trying to reconnect...
ERROR 2003 (HY000): Can't connect to MySQL server on '192.168.1.166' (10051)
ERROR: 
Can't connect to the server

No connection. Trying to reconnect...
ERROR 2003 (HY000): Can't connect to MySQL server on '192.168.1.166' (10051)
ERROR: 
Can't connect to the server

No connection. Trying to reconnect...
ERROR 2003 (HY000): Can't connect to MySQL server on '192.168.1.166' (10051)
ERROR: 
Can't connect to the server

No connection. Trying to reconnect...
ERROR 2003 (HY000): Can't connect to MySQL server on '192.168.1.166' (10051)
ERROR: 
Can't connect to the server

No connection. Trying to reconnect...
ERROR 2003 (HY000): Can't connect to MySQL server on '192.168.1.166' (10051)
ERROR: 
Can't connect to the server

No connection. Trying to reconnect...
ERROR 2003 (HY000): Can't connect to MySQL server on '192.168.1.166' (10051)
ERROR: 
Can't connect to the server

No connection. Trying to reconnect...
ERROR 2003 (HY000): Can't connect to MySQL server on '192.168.1.166' (10051)
ERROR: 
Can't connect to the server

No connection. Trying to reconnect...
ERROR 2003 (HY000): Can't connect to MySQL server on '192.168.1.166' (10051)
ERROR: 
Can't connect to the server

No connection. Trying to reconnect...
ERROR 2003 (HY000): Can't connect to MySQL server on '192.168.1.166' (10051)
ERROR: 
Can't connect to the server

No connection. Trying to reconnect...
ERROR 2003 (HY000): Can't connect to MySQL server on '192.168.1.166' (10051)
ERROR: 
Can't connect to the server

No connection. Trying to reconnect...
ERROR 2003 (HY000): Can't connect to MySQL server on '192.168.1.166' (10051)
ERROR: 
Can't connect to the server

No connection. Trying to reconnect...
ERROR 2003 (HY000): Can't connect to MySQL server on '192.168.1.166' (10051)
ERROR: 
Can't connect to the server

No connection. Trying to reconnect...
ERROR 2003 (HY000): Can't connect to MySQL server on '192.168.1.166' (10051)
ERROR: 
Can't connect to the server

No connection. Trying to reconnect...
ERROR 2003 (HY000): Can't connect to MySQL server on '192.168.1.166' (10051)
ERROR: 
Can't connect to the server

No connection. Trying to reconnect...
ERROR 2003 (HY000): Can't connect to MySQL server on '192.168.1.166' (10051)
ERROR: 
Can't connect to the server

No connection. Trying to reconnect...
ERROR 2003 (HY000): Can't connect to MySQL server on '192.168.1.166' (10051)
ERROR: 
Can't connect to the server

No connection. Trying to reconnect...
ERROR 2003 (HY000): Can't connect to MySQL server on '192.168.1.166' (10051)
ERROR: 
Can't connect to the server

No connection. Trying to reconnect...
ERROR 2003 (HY000): Can't connect to MySQL server on '192.168.1.166' (10051)
ERROR: 
Can't connect to the server

No connection. Trying to reconnect...
ERROR 2003 (HY000): Can't connect to MySQL server on '192.168.1.166' (10051)
ERROR: 
Can't connect to the server

No connection. Trying to reconnect...
ERROR 2003 (HY000): Can't connect to MySQL server on '192.168.1.166' (10051)
ERROR: 
Can't connect to the server

No connection. Trying to reconnect...
ERROR 2003 (HY000): Can't connect to MySQL server on '192.168.1.166' (10051)
ERROR: 
Can't connect to the server

No connection. Trying to reconnect...
ERROR 2003 (HY000): Can't connect to MySQL server on '192.168.1.166' (10051)
ERROR: 
Can't connect to the server

No connection. Trying to reconnect...
ERROR 2003 (HY000): Can't connect to MySQL server on '192.168.1.166' (10051)
ERROR: 
Can't connect to the server

No connection. Trying to reconnect...
ERROR 2003 (HY000): Can't connect to MySQL server on '192.168.1.166' (10051)
ERROR: 
Can't connect to the server

No connection. Trying to reconnect...
ERROR 2003 (HY000): Can't connect to MySQL server on '192.168.1.166' (10051)
ERROR: 
Can't connect to the server

No connection. Trying to reconnect...
ERROR 2003 (HY000): Can't connect to MySQL server on '192.168.1.166' (10051)
ERROR: 
Can't connect to the server

No connection. Trying to reconnect...
ERROR 2003 (HY000): Can't connect to MySQL server on '192.168.1.166' (10051)
ERROR: 
Can't connect to the server

No connection. Trying to reconnect...
ERROR 2003 (HY000): Can't connect to MySQL server on '192.168.1.166' (10051)
ERROR: 
Can't connect to the server

No connection. Trying to reconnect...
ERROR 2003 (HY000): Can't connect to MySQL server on '192.168.1.166' (10051)
ERROR: 
Can't connect to the server

No connection. Trying to reconnect...
ERROR 2003 (HY000): Can't connect to MySQL server on '192.168.1.166' (10051)
ERROR: 
Can't connect to the server

No connection. Trying to reconnect...
ERROR 2003 (HY000): Can't connect to MySQL server on '192.168.1.166' (10051)
ERROR: 
Can't connect to the server

No connection. Trying to reconnect...
ERROR 2003 (HY000): Can't connect to MySQL server on '192.168.1.166' (10051)
ERROR: 
Can't connect to the server

No connection. Trying to reconnect...
ERROR 2003 (HY000): Can't connect to MySQL server on '192.168.1.166' (10051)
ERROR: 
Can't connect to the server

No connection. Trying to reconnect...
ERROR 2003 (HY000): Can't connect to MySQL server on '192.168.1.166' (10051)
ERROR: 
Can't connect to the server

No connection. Trying to reconnect...
ERROR 2003 (HY000): Can't connect to MySQL server on '192.168.1.166' (10051)
ERROR: 
Can't connect to the server

No connection. Trying to reconnect...
ERROR 2003 (HY000): Can't connect to MySQL server on '192.168.1.166' (10051)
ERROR: 
Can't connect to the server

No connection. Trying to reconnect...
ERROR 2003 (HY000): Can't connect to MySQL server on '192.168.1.166' (10051)
ERROR: 
Can't connect to the server

No connection. Trying to reconnect...
ERROR 2003 (HY000): Can't connect to MySQL server on '192.168.1.166' (10051)
ERROR: 
Can't connect to the server

No connection. Trying to reconnect...
ERROR 2003 (HY000): Can't connect to MySQL server on '192.168.1.166' (10051)
ERROR: 
Can't connect to the server

No connection. Trying to reconnect...
ERROR 2003 (HY000): Can't connect to MySQL server on '192.168.1.166' (10051)
ERROR: 
Can't connect to the server

No connection. Trying to reconnect...
ERROR 2003 (HY000): Can't connect to MySQL server on '192.168.1.166' (10051)
ERROR: 
Can't connect to the server

No connection. Trying to reconnect...
ERROR 2003 (HY000): Can't connect to MySQL server on '192.168.1.166' (10051)
ERROR: 
Can't connect to the server

No connection. Trying to reconnect...
ERROR 2003 (HY000): Can't connect to MySQL server on '192.168.1.166' (10051)
ERROR: 
Can't connect to the server

No connection. Trying to reconnect...
ERROR 2003 (HY000): Can't connect to MySQL server on '192.168.1.166' (10051)
ERROR: 
Can't connect to the server

No connection. Trying to reconnect...
ERROR 2003 (HY000): Can't connect to MySQL server on '192.168.1.166' (10051)
ERROR: 
Can't connect to the server

No connection. Trying to reconnect...
ERROR 2003 (HY000): Can't connect to MySQL server on '192.168.1.166' (10051)
ERROR: 
Can't connect to the server

No connection. Trying to reconnect...
ERROR 2003 (HY000): Can't connect to MySQL server on '192.168.1.166' (10051)
ERROR: 
Can't connect to the server

mysql> mysql \. C:\workspace\cloud\code\sql\_DailyScript\currenttime.sql
No connection. Trying to reconnect...
ERROR 2003 (HY000): Can't connect to MySQL server on '192.168.1.166' (10051)
ERROR: 
Can't connect to the server

mysql> 
mysql> mysql \. C:\workspace\cloud\code\sql\_DailyScript\budget_actual_analysis_2019.sql
No connection. Trying to reconnect...
ERROR 2003 (HY000): Can't connect to MySQL server on '192.168.1.166' (10051)
ERROR: 
Can't connect to the server

No connection. Trying to reconnect...
ERROR 2003 (HY000): Can't connect to MySQL server on '192.168.1.166' (10051)
ERROR: 
Can't connect to the server

No connection. Trying to reconnect...
ERROR 2003 (HY000): Can't connect to MySQL server on '192.168.1.166' (10051)
ERROR: 
Can't connect to the server

No connection. Trying to reconnect...
ERROR 2003 (HY000): Can't connect to MySQL server on '192.168.1.166' (10051)
ERROR: 
Can't connect to the server

No connection. Trying to reconnect...
ERROR 2003 (HY000): Can't connect to MySQL server on '192.168.1.166' (10051)
ERROR: 
Can't connect to the server

No connection. Trying to reconnect...
ERROR 2003 (HY000): Can't connect to MySQL server on '192.168.1.166' (10051)
ERROR: 
Can't connect to the server

mysql> mysql \. C:\workspace\cloud\code\sql\_DailyScript\currenttime.sql
No connection. Trying to reconnect...
ERROR 2003 (HY000): Can't connect to MySQL server on '192.168.1.166' (10051)
ERROR: 
Can't connect to the server

mysql> 
mysql> mysql \. C:\workspace\cloud\code\sql\_DailyScript\reports-sales-addons-prepaid-camera.sql
No connection. Trying to reconnect...
ERROR 2003 (HY000): Can't connect to MySQL server on '192.168.1.166' (10051)
ERROR: 
Can't connect to the server

No connection. Trying to reconnect...
ERROR 2003 (HY000): Can't connect to MySQL server on '192.168.1.166' (10051)
ERROR: 
Can't connect to the server

No connection. Trying to reconnect...
ERROR 2003 (HY000): Can't connect to MySQL server on '192.168.1.166' (10051)
ERROR: 
Can't connect to the server

No connection. Trying to reconnect...
ERROR 2003 (HY000): Can't connect to MySQL server on '192.168.1.166' (10051)
ERROR: 
Can't connect to the server

No connection. Trying to reconnect...
ERROR 2003 (HY000): Can't connect to MySQL server on '192.168.1.166' (10051)
ERROR: 
Can't connect to the server

No connection. Trying to reconnect...
ERROR 2003 (HY000): Can't connect to MySQL server on '192.168.1.166' (10051)
ERROR: 
Can't connect to the server

No connection. Trying to reconnect...
ERROR 2003 (HY000): Can't connect to MySQL server on '192.168.1.166' (10051)
ERROR: 
Can't connect to the server

mysql> mysql \. C:\workspace\cloud\code\sql\_DailyScript\currenttime.sql
No connection. Trying to reconnect...
ERROR 2003 (HY000): Can't connect to MySQL server on '192.168.1.166' (10051)
ERROR: 
Can't connect to the server

mysql> 
mysql> mysql \. C:\workspace\cloud\code\sql\_DailyScript\housing-estate-analysis.sql
No connection. Trying to reconnect...
ERROR 2003 (HY000): Can't connect to MySQL server on '192.168.1.166' (10051)
ERROR: 
Can't connect to the server

No connection. Trying to reconnect...
ERROR 2003 (HY000): Can't connect to MySQL server on '192.168.1.166' (10051)
ERROR: 
Can't connect to the server

No connection. Trying to reconnect...
ERROR 2003 (HY000): Can't connect to MySQL server on '192.168.1.166' (10051)
ERROR: 
Can't connect to the server

No connection. Trying to reconnect...
ERROR 2003 (HY000): Can't connect to MySQL server on '192.168.1.166' (10051)
ERROR: 
Can't connect to the server

mysql> mysql \. C:\workspace\cloud\code\sql\_DailyScript\currenttime.sql
No connection. Trying to reconnect...
ERROR 2003 (HY000): Can't connect to MySQL server on '192.168.1.166' (10051)
ERROR: 
Can't connect to the server

mysql> 
mysql> mysql \. C:\workspace\cloud\code\sql\_DailyScript\RCB_ClientAnalyticsReport_Script.sql
No connection. Trying to reconnect...
ERROR 2003 (HY000): Can't connect to MySQL server on '192.168.1.166' (10051)
ERROR: 
Can't connect to the server

No connection. Trying to reconnect...
ERROR 2003 (HY000): Can't connect to MySQL server on '192.168.1.166' (10051)
ERROR: 
Can't connect to the server

No connection. Trying to reconnect...
ERROR 2003 (HY000): Can't connect to MySQL server on '192.168.1.166' (10051)
ERROR: 
Can't connect to the server

No connection. Trying to reconnect...
ERROR 2003 (HY000): Can't connect to MySQL server on '192.168.1.166' (10051)
ERROR: 
Can't connect to the server

No connection. Trying to reconnect...
ERROR 2003 (HY000): Can't connect to MySQL server on '192.168.1.166' (10051)
ERROR: 
Can't connect to the server

No connection. Trying to reconnect...
ERROR 2003 (HY000): Can't connect to MySQL server on '192.168.1.166' (10051)
ERROR: 
Can't connect to the server

No connection. Trying to reconnect...
ERROR 2003 (HY000): Can't connect to MySQL server on '192.168.1.166' (10051)
ERROR: 
Can't connect to the server

No connection. Trying to reconnect...
ERROR 2003 (HY000): Can't connect to MySQL server on '192.168.1.166' (10051)
ERROR: 
Can't connect to the server

No connection. Trying to reconnect...
ERROR 2003 (HY000): Can't connect to MySQL server on '192.168.1.166' (10051)
ERROR: 
Can't connect to the server

No connection. Trying to reconnect...
ERROR 2003 (HY000): Can't connect to MySQL server on '192.168.1.166' (10051)
ERROR: 
Can't connect to the server

No connection. Trying to reconnect...
ERROR 2003 (HY000): Can't connect to MySQL server on '192.168.1.166' (10051)
ERROR: 
Can't connect to the server

No connection. Trying to reconnect...
ERROR 2003 (HY000): Can't connect to MySQL server on '192.168.1.166' (10051)
ERROR: 
Can't connect to the server

No connection. Trying to reconnect...
ERROR 2003 (HY000): Can't connect to MySQL server on '192.168.1.166' (10051)
ERROR: 
Can't connect to the server

No connection. Trying to reconnect...
ERROR 2003 (HY000): Can't connect to MySQL server on '192.168.1.166' (10051)
ERROR: 
Can't connect to the server

No connection. Trying to reconnect...
ERROR 2003 (HY000): Can't connect to MySQL server on '192.168.1.166' (10051)
ERROR: 
Can't connect to the server

No connection. Trying to reconnect...
ERROR 2003 (HY000): Can't connect to MySQL server on '192.168.1.166' (10051)
ERROR: 
Can't connect to the server

No connection. Trying to reconnect...
ERROR 2003 (HY000): Can't connect to MySQL server on '192.168.1.166' (10051)
ERROR: 
Can't connect to the server

No connection. Trying to reconnect...
ERROR 2003 (HY000): Can't connect to MySQL server on '192.168.1.166' (10051)
ERROR: 
Can't connect to the server

No connection. Trying to reconnect...
ERROR 2003 (HY000): Can't connect to MySQL server on '192.168.1.166' (10051)
ERROR: 
Can't connect to the server

No connection. Trying to reconnect...
ERROR 2003 (HY000): Can't connect to MySQL server on '192.168.1.166' (10051)
ERROR: 
Can't connect to the server

No connection. Trying to reconnect...
ERROR 2003 (HY000): Can't connect to MySQL server on '192.168.1.166' (10051)
ERROR: 
Can't connect to the server

No connection. Trying to reconnect...
ERROR 2003 (HY000): Can't connect to MySQL server on '192.168.1.166' (10051)
ERROR: 
Can't connect to the server

No connection. Trying to reconnect...
ERROR 2003 (HY000): Can't connect to MySQL server on '192.168.1.166' (10051)
ERROR: 
Can't connect to the server

No connection. Trying to reconnect...
ERROR 2003 (HY000): Can't connect to MySQL server on '192.168.1.166' (10051)
ERROR: 
Can't connect to the server

No connection. Trying to reconnect...
ERROR 2003 (HY000): Can't connect to MySQL server on '192.168.1.166' (10051)
ERROR: 
Can't connect to the server

No connection. Trying to reconnect...
ERROR 2003 (HY000): Can't connect to MySQL server on '192.168.1.166' (10051)
ERROR: 
Can't connect to the server

No connection. Trying to reconnect...
ERROR 2003 (HY000): Can't connect to MySQL server on '192.168.1.166' (10051)
ERROR: 
Can't connect to the server

No connection. Trying to reconnect...
ERROR 2003 (HY000): Can't connect to MySQL server on '192.168.1.166' (10051)
ERROR: 
Can't connect to the server

No connection. Trying to reconnect...
ERROR 2003 (HY000): Can't connect to MySQL server on '192.168.1.166' (10051)
ERROR: 
Can't connect to the server

No connection. Trying to reconnect...
ERROR 2003 (HY000): Can't connect to MySQL server on '192.168.1.166' (10051)
ERROR: 
Can't connect to the server

No connection. Trying to reconnect...
ERROR 2003 (HY000): Can't connect to MySQL server on '192.168.1.166' (10051)
ERROR: 
Can't connect to the server

No connection. Trying to reconnect...
ERROR 2003 (HY000): Can't connect to MySQL server on '192.168.1.166' (10051)
ERROR: 
Can't connect to the server

No connection. Trying to reconnect...
ERROR 2003 (HY000): Can't connect to MySQL server on '192.168.1.166' (10051)
ERROR: 
Can't connect to the server

No connection. Trying to reconnect...
ERROR 2003 (HY000): Can't connect to MySQL server on '192.168.1.166' (10051)
ERROR: 
Can't connect to the server

No connection. Trying to reconnect...
ERROR 2003 (HY000): Can't connect to MySQL server on '192.168.1.166' (10051)
ERROR: 
Can't connect to the server

No connection. Trying to reconnect...
ERROR 2003 (HY000): Can't connect to MySQL server on '192.168.1.166' (10051)
ERROR: 
Can't connect to the server

No connection. Trying to reconnect...
ERROR 2003 (HY000): Can't connect to MySQL server on '192.168.1.166' (10051)
ERROR: 
Can't connect to the server

No connection. Trying to reconnect...
ERROR 2003 (HY000): Can't connect to MySQL server on '192.168.1.166' (10051)
ERROR: 
Can't connect to the server

No connection. Trying to reconnect...
ERROR 2003 (HY000): Can't connect to MySQL server on '192.168.1.166' (10051)
ERROR: 
Can't connect to the server

No connection. Trying to reconnect...
ERROR 2003 (HY000): Can't connect to MySQL server on '192.168.1.166' (10051)
ERROR: 
Can't connect to the server

No connection. Trying to reconnect...
ERROR 2003 (HY000): Can't connect to MySQL server on '192.168.1.166' (10051)
ERROR: 
Can't connect to the server

No connection. Trying to reconnect...
ERROR 2003 (HY000): Can't connect to MySQL server on '192.168.1.166' (10051)
ERROR: 
Can't connect to the server

No connection. Trying to reconnect...
ERROR 2003 (HY000): Can't connect to MySQL server on '192.168.1.166' (10051)
ERROR: 
Can't connect to the server

mysql> mysql \. C:\workspace\cloud\code\sql\_DailyScript\currenttime.sql
No connection. Trying to reconnect...
ERROR 2003 (HY000): Can't connect to MySQL server on '192.168.1.166' (10051)
ERROR: 
Can't connect to the server

mysql> 
mysql> mysql \. C:\workspace\cloud\code\sql\_DailyScript\REVENUE_PER_NODE_MXK.sql
No connection. Trying to reconnect...
ERROR 2003 (HY000): Can't connect to MySQL server on '192.168.1.166' (10051)
ERROR: 
Can't connect to the server

No connection. Trying to reconnect...
ERROR 2003 (HY000): Can't connect to MySQL server on '192.168.1.166' (10051)
ERROR: 
Can't connect to the server

No connection. Trying to reconnect...
ERROR 2003 (HY000): Can't connect to MySQL server on '192.168.1.166' (10051)
ERROR: 
Can't connect to the server

No connection. Trying to reconnect...
ERROR 2003 (HY000): Can't connect to MySQL server on '192.168.1.166' (10051)
ERROR: 
Can't connect to the server

No connection. Trying to reconnect...
ERROR 2003 (HY000): Can't connect to MySQL server on '192.168.1.166' (10051)
ERROR: 
Can't connect to the server

No connection. Trying to reconnect...
ERROR 2003 (HY000): Can't connect to MySQL server on '192.168.1.166' (10051)
ERROR: 
Can't connect to the server

No connection. Trying to reconnect...
ERROR 2003 (HY000): Can't connect to MySQL server on '192.168.1.166' (10051)
ERROR: 
Can't connect to the server

No connection. Trying to reconnect...
ERROR 2003 (HY000): Can't connect to MySQL server on '192.168.1.166' (10051)
ERROR: 
Can't connect to the server

No connection. Trying to reconnect...
ERROR 2003 (HY000): Can't connect to MySQL server on '192.168.1.166' (10051)
ERROR: 
Can't connect to the server

No connection. Trying to reconnect...
ERROR 2003 (HY000): Can't connect to MySQL server on '192.168.1.166' (10051)
ERROR: 
Can't connect to the server

No connection. Trying to reconnect...
ERROR 2003 (HY000): Can't connect to MySQL server on '192.168.1.166' (10051)
ERROR: 
Can't connect to the server

No connection. Trying to reconnect...
ERROR 2003 (HY000): Can't connect to MySQL server on '192.168.1.166' (10051)
ERROR: 
Can't connect to the server

No connection. Trying to reconnect...
ERROR 2003 (HY000): Can't connect to MySQL server on '192.168.1.166' (10051)
ERROR: 
Can't connect to the server

No connection. Trying to reconnect...
ERROR 2003 (HY000): Can't connect to MySQL server on '192.168.1.166' (10051)
ERROR: 
Can't connect to the server

No connection. Trying to reconnect...
ERROR 2003 (HY000): Can't connect to MySQL server on '192.168.1.166' (10051)
ERROR: 
Can't connect to the server

No connection. Trying to reconnect...
ERROR 2003 (HY000): Can't connect to MySQL server on '192.168.1.166' (10051)
ERROR: 
Can't connect to the server

No connection. Trying to reconnect...
ERROR 2003 (HY000): Can't connect to MySQL server on '192.168.1.166' (10051)
ERROR: 
Can't connect to the server

No connection. Trying to reconnect...
ERROR 2003 (HY000): Can't connect to MySQL server on '192.168.1.166' (10051)
ERROR: 
Can't connect to the server

No connection. Trying to reconnect...
ERROR 2003 (HY000): Can't connect to MySQL server on '192.168.1.166' (10051)
ERROR: 
Can't connect to the server

No connection. Trying to reconnect...
ERROR 2003 (HY000): Can't connect to MySQL server on '192.168.1.166' (10051)
ERROR: 
Can't connect to the server

No connection. Trying to reconnect...
ERROR 2003 (HY000): Can't connect to MySQL server on '192.168.1.166' (10051)
ERROR: 
Can't connect to the server

No connection. Trying to reconnect...
ERROR 2003 (HY000): Can't connect to MySQL server on '192.168.1.166' (10051)
ERROR: 
Can't connect to the server

No connection. Trying to reconnect...
ERROR 2003 (HY000): Can't connect to MySQL server on '192.168.1.166' (10051)
ERROR: 
Can't connect to the server

No connection. Trying to reconnect...
ERROR 2003 (HY000): Can't connect to MySQL server on '192.168.1.166' (10051)
ERROR: 
Can't connect to the server

No connection. Trying to reconnect...
ERROR 2003 (HY000): Can't connect to MySQL server on '192.168.1.166' (10051)
ERROR: 
Can't connect to the server

No connection. Trying to reconnect...
ERROR 2003 (HY000): Can't connect to MySQL server on '192.168.1.166' (10051)
ERROR: 
Can't connect to the server

No connection. Trying to reconnect...
ERROR 2003 (HY000): Can't connect to MySQL server on '192.168.1.166' (10051)
ERROR: 
Can't connect to the server

No connection. Trying to reconnect...
ERROR 2003 (HY000): Can't connect to MySQL server on '192.168.1.166' (10051)
ERROR: 
Can't connect to the server

No connection. Trying to reconnect...
ERROR 2003 (HY000): Can't connect to MySQL server on '192.168.1.166' (10051)
ERROR: 
Can't connect to the server

No connection. Trying to reconnect...
ERROR 2003 (HY000): Can't connect to MySQL server on '192.168.1.166' (10051)
ERROR: 
Can't connect to the server

No connection. Trying to reconnect...
ERROR 2003 (HY000): Can't connect to MySQL server on '192.168.1.166' (10051)
ERROR: 
Can't connect to the server

No connection. Trying to reconnect...
ERROR 2003 (HY000): Can't connect to MySQL server on '192.168.1.166' (10051)
ERROR: 
Can't connect to the server

No connection. Trying to reconnect...
ERROR 2003 (HY000): Can't connect to MySQL server on '192.168.1.166' (10051)
ERROR: 
Can't connect to the server

No connection. Trying to reconnect...
ERROR 2003 (HY000): Can't connect to MySQL server on '192.168.1.166' (10051)
ERROR: 
Can't connect to the server

No connection. Trying to reconnect...
ERROR 2003 (HY000): Can't connect to MySQL server on '192.168.1.166' (10051)
ERROR: 
Can't connect to the server

No connection. Trying to reconnect...
ERROR 2003 (HY000): Can't connect to MySQL server on '192.168.1.166' (10051)
ERROR: 
Can't connect to the server

No connection. Trying to reconnect...
ERROR 2003 (HY000): Can't connect to MySQL server on '192.168.1.166' (10051)
ERROR: 
Can't connect to the server

No connection. Trying to reconnect...
ERROR 2003 (HY000): Can't connect to MySQL server on '192.168.1.166' (10051)
ERROR: 
Can't connect to the server

No connection. Trying to reconnect...
ERROR 2003 (HY000): Can't connect to MySQL server on '192.168.1.166' (10051)
ERROR: 
Can't connect to the server

No connection. Trying to reconnect...
ERROR 2003 (HY000): Can't connect to MySQL server on '192.168.1.166' (10051)
ERROR: 
Can't connect to the server

No connection. Trying to reconnect...
ERROR 2003 (HY000): Can't connect to MySQL server on '192.168.1.166' (10051)
ERROR: 
Can't connect to the server

No connection. Trying to reconnect...
ERROR 2003 (HY000): Can't connect to MySQL server on '192.168.1.166' (10051)
ERROR: 
Can't connect to the server

No connection. Trying to reconnect...
ERROR 2003 (HY000): Can't connect to MySQL server on '192.168.1.166' (10051)
ERROR: 
Can't connect to the server

No connection. Trying to reconnect...
ERROR 2003 (HY000): Can't connect to MySQL server on '192.168.1.166' (10051)
ERROR: 
Can't connect to the server

No connection. Trying to reconnect...
ERROR 2003 (HY000): Can't connect to MySQL server on '192.168.1.166' (10051)
ERROR: 
Can't connect to the server

No connection. Trying to reconnect...
ERROR 2003 (HY000): Can't connect to MySQL server on '192.168.1.166' (10051)
ERROR: 
Can't connect to the server

No connection. Trying to reconnect...
ERROR 2003 (HY000): Can't connect to MySQL server on '192.168.1.166' (10051)
ERROR: 
Can't connect to the server

No connection. Trying to reconnect...
ERROR 2003 (HY000): Can't connect to MySQL server on '192.168.1.166' (10051)
ERROR: 
Can't connect to the server

No connection. Trying to reconnect...
ERROR 2003 (HY000): Can't connect to MySQL server on '192.168.1.166' (10051)
ERROR: 
Can't connect to the server

No connection. Trying to reconnect...
ERROR 2003 (HY000): Can't connect to MySQL server on '192.168.1.166' (10051)
ERROR: 
Can't connect to the server

No connection. Trying to reconnect...
ERROR 2003 (HY000): Can't connect to MySQL server on '192.168.1.166' (10051)
ERROR: 
Can't connect to the server

No connection. Trying to reconnect...
ERROR 2003 (HY000): Can't connect to MySQL server on '192.168.1.166' (10051)
ERROR: 
Can't connect to the server

No connection. Trying to reconnect...
ERROR 2003 (HY000): Can't connect to MySQL server on '192.168.1.166' (10051)
ERROR: 
Can't connect to the server

No connection. Trying to reconnect...
ERROR 2003 (HY000): Can't connect to MySQL server on '192.168.1.166' (10051)
ERROR: 
Can't connect to the server

No connection. Trying to reconnect...
ERROR 2003 (HY000): Can't connect to MySQL server on '192.168.1.166' (10051)
ERROR: 
Can't connect to the server

No connection. Trying to reconnect...
ERROR 2003 (HY000): Can't connect to MySQL server on '192.168.1.166' (10051)
ERROR: 
Can't connect to the server

No connection. Trying to reconnect...
ERROR 2003 (HY000): Can't connect to MySQL server on '192.168.1.166' (10051)
ERROR: 
Can't connect to the server

No connection. Trying to reconnect...
ERROR 2003 (HY000): Can't connect to MySQL server on '192.168.1.166' (10051)
ERROR: 
Can't connect to the server

No connection. Trying to reconnect...
ERROR 2003 (HY000): Can't connect to MySQL server on '192.168.1.166' (10051)
ERROR: 
Can't connect to the server

No connection. Trying to reconnect...
ERROR 2003 (HY000): Can't connect to MySQL server on '192.168.1.166' (10051)
ERROR: 
Can't connect to the server

No connection. Trying to reconnect...
ERROR 2003 (HY000): Can't connect to MySQL server on '192.168.1.166' (10051)
ERROR: 
Can't connect to the server

No connection. Trying to reconnect...
ERROR 2003 (HY000): Can't connect to MySQL server on '192.168.1.166' (10051)
ERROR: 
Can't connect to the server

No connection. Trying to reconnect...
ERROR 2003 (HY000): Can't connect to MySQL server on '192.168.1.166' (10051)
ERROR: 
Can't connect to the server

No connection. Trying to reconnect...
ERROR 2003 (HY000): Can't connect to MySQL server on '192.168.1.166' (10051)
ERROR: 
Can't connect to the server

No connection. Trying to reconnect...
ERROR 2003 (HY000): Can't connect to MySQL server on '192.168.1.166' (10051)
ERROR: 
Can't connect to the server

No connection. Trying to reconnect...
ERROR 2003 (HY000): Can't connect to MySQL server on '192.168.1.166' (10051)
ERROR: 
Can't connect to the server

No connection. Trying to reconnect...
ERROR 2003 (HY000): Can't connect to MySQL server on '192.168.1.166' (10051)
ERROR: 
Can't connect to the server

No connection. Trying to reconnect...
ERROR 2003 (HY000): Can't connect to MySQL server on '192.168.1.166' (10051)
ERROR: 
Can't connect to the server

No connection. Trying to reconnect...
ERROR 2003 (HY000): Can't connect to MySQL server on '192.168.1.166' (10051)
ERROR: 
Can't connect to the server

No connection. Trying to reconnect...
ERROR 2003 (HY000): Can't connect to MySQL server on '192.168.1.166' (10051)
ERROR: 
Can't connect to the server

No connection. Trying to reconnect...
ERROR 2003 (HY000): Can't connect to MySQL server on '192.168.1.166' (10051)
ERROR: 
Can't connect to the server

No connection. Trying to reconnect...
ERROR 2003 (HY000): Can't connect to MySQL server on '192.168.1.166' (10051)
ERROR: 
Can't connect to the server

No connection. Trying to reconnect...
ERROR 2003 (HY000): Can't connect to MySQL server on '192.168.1.166' (10051)
ERROR: 
Can't connect to the server

No connection. Trying to reconnect...
ERROR 2003 (HY000): Can't connect to MySQL server on '192.168.1.166' (10051)
ERROR: 
Can't connect to the server

No connection. Trying to reconnect...
ERROR 2003 (HY000): Can't connect to MySQL server on '192.168.1.166' (10051)
ERROR: 
Can't connect to the server

No connection. Trying to reconnect...
ERROR 2003 (HY000): Can't connect to MySQL server on '192.168.1.166' (10051)
ERROR: 
Can't connect to the server

No connection. Trying to reconnect...
ERROR 2003 (HY000): Can't connect to MySQL server on '192.168.1.166' (10051)
ERROR: 
Can't connect to the server

No connection. Trying to reconnect...
ERROR 2003 (HY000): Can't connect to MySQL server on '192.168.1.166' (10051)
ERROR: 
Can't connect to the server

No connection. Trying to reconnect...
ERROR 2003 (HY000): Can't connect to MySQL server on '192.168.1.166' (10051)
ERROR: 
Can't connect to the server

No connection. Trying to reconnect...
ERROR 2003 (HY000): Can't connect to MySQL server on '192.168.1.166' (10051)
ERROR: 
Can't connect to the server

No connection. Trying to reconnect...
ERROR 2003 (HY000): Can't connect to MySQL server on '192.168.1.166' (10051)
ERROR: 
Can't connect to the server

No connection. Trying to reconnect...
ERROR 2003 (HY000): Can't connect to MySQL server on '192.168.1.166' (10051)
ERROR: 
Can't connect to the server

No connection. Trying to reconnect...
ERROR 2003 (HY000): Can't connect to MySQL server on '192.168.1.166' (10051)
ERROR: 
Can't connect to the server

No connection. Trying to reconnect...
ERROR 2003 (HY000): Can't connect to MySQL server on '192.168.1.166' (10051)
ERROR: 
Can't connect to the server

No connection. Trying to reconnect...
ERROR 2003 (HY000): Can't connect to MySQL server on '192.168.1.166' (10051)
ERROR: 
Can't connect to the server

No connection. Trying to reconnect...
ERROR 2003 (HY000): Can't connect to MySQL server on '192.168.1.166' (10051)
ERROR: 
Can't connect to the server

No connection. Trying to reconnect...
ERROR 2003 (HY000): Can't connect to MySQL server on '192.168.1.166' (10051)
ERROR: 
Can't connect to the server

No connection. Trying to reconnect...
ERROR 2003 (HY000): Can't connect to MySQL server on '192.168.1.166' (10051)
ERROR: 
Can't connect to the server

No connection. Trying to reconnect...
ERROR 2003 (HY000): Can't connect to MySQL server on '192.168.1.166' (10051)
ERROR: 
Can't connect to the server

No connection. Trying to reconnect...
ERROR 2003 (HY000): Can't connect to MySQL server on '192.168.1.166' (10051)
ERROR: 
Can't connect to the server

No connection. Trying to reconnect...
ERROR 2003 (HY000): Can't connect to MySQL server on '192.168.1.166' (10051)
ERROR: 
Can't connect to the server

No connection. Trying to reconnect...
ERROR 2003 (HY000): Can't connect to MySQL server on '192.168.1.166' (10051)
ERROR: 
Can't connect to the server

No connection. Trying to reconnect...
ERROR 2003 (HY000): Can't connect to MySQL server on '192.168.1.166' (10051)
ERROR: 
Can't connect to the server

No connection. Trying to reconnect...
ERROR 2003 (HY000): Can't connect to MySQL server on '192.168.1.166' (10051)
ERROR: 
Can't connect to the server

No connection. Trying to reconnect...
ERROR 2003 (HY000): Can't connect to MySQL server on '192.168.1.166' (10051)
ERROR: 
Can't connect to the server

No connection. Trying to reconnect...
ERROR 2003 (HY000): Can't connect to MySQL server on '192.168.1.166' (10051)
ERROR: 
Can't connect to the server

No connection. Trying to reconnect...
ERROR 2003 (HY000): Can't connect to MySQL server on '192.168.1.166' (10051)
ERROR: 
Can't connect to the server

No connection. Trying to reconnect...
ERROR 2003 (HY000): Can't connect to MySQL server on '192.168.1.166' (10051)
ERROR: 
Can't connect to the server

No connection. Trying to reconnect...
ERROR 2003 (HY000): Can't connect to MySQL server on '192.168.1.166' (10051)
ERROR: 
Can't connect to the server

No connection. Trying to reconnect...
ERROR 2003 (HY000): Can't connect to MySQL server on '192.168.1.166' (10051)
ERROR: 
Can't connect to the server

No connection. Trying to reconnect...
ERROR 2003 (HY000): Can't connect to MySQL server on '192.168.1.166' (10051)
ERROR: 
Can't connect to the server

No connection. Trying to reconnect...
ERROR 2003 (HY000): Can't connect to MySQL server on '192.168.1.166' (10051)
ERROR: 
Can't connect to the server

No connection. Trying to reconnect...
ERROR 2003 (HY000): Can't connect to MySQL server on '192.168.1.166' (10051)
ERROR: 
Can't connect to the server

No connection. Trying to reconnect...
ERROR 2003 (HY000): Can't connect to MySQL server on '192.168.1.166' (10051)
ERROR: 
Can't connect to the server

No connection. Trying to reconnect...
ERROR 2003 (HY000): Can't connect to MySQL server on '192.168.1.166' (10051)
ERROR: 
Can't connect to the server

No connection. Trying to reconnect...
ERROR 2003 (HY000): Can't connect to MySQL server on '192.168.1.166' (10051)
ERROR: 
Can't connect to the server

No connection. Trying to reconnect...
ERROR 2003 (HY000): Can't connect to MySQL server on '192.168.1.166' (10051)
ERROR: 
Can't connect to the server

No connection. Trying to reconnect...
ERROR 2003 (HY000): Can't connect to MySQL server on '192.168.1.166' (10051)
ERROR: 
Can't connect to the server

No connection. Trying to reconnect...
ERROR 2003 (HY000): Can't connect to MySQL server on '192.168.1.166' (10051)
ERROR: 
Can't connect to the server

No connection. Trying to reconnect...
ERROR 2003 (HY000): Can't connect to MySQL server on '192.168.1.166' (10051)
ERROR: 
Can't connect to the server

No connection. Trying to reconnect...
ERROR 2003 (HY000): Can't connect to MySQL server on '192.168.1.166' (10051)
ERROR: 
Can't connect to the server

No connection. Trying to reconnect...
ERROR 2003 (HY000): Can't connect to MySQL server on '192.168.1.166' (10051)
ERROR: 
Can't connect to the server

No connection. Trying to reconnect...
ERROR 2003 (HY000): Can't connect to MySQL server on '192.168.1.166' (10051)
ERROR: 
Can't connect to the server

No connection. Trying to reconnect...
ERROR 2003 (HY000): Can't connect to MySQL server on '192.168.1.166' (10051)
ERROR: 
Can't connect to the server

No connection. Trying to reconnect...
ERROR 2003 (HY000): Can't connect to MySQL server on '192.168.1.166' (10051)
ERROR: 
Can't connect to the server

No connection. Trying to reconnect...
ERROR 2003 (HY000): Can't connect to MySQL server on '192.168.1.166' (10051)
ERROR: 
Can't connect to the server

mysql> mysql \. C:\workspace\cloud\code\sql\_DailyScript\currenttime.sql
No connection. Trying to reconnect...
ERROR 2003 (HY000): Can't connect to MySQL server on '192.168.1.166' (10051)
ERROR: 
Can't connect to the server

mysql> 
mysql> mysql \. C:\workspace\cloud\code\sql\Analysis\service_tickets_assignments.sql
No connection. Trying to reconnect...
ERROR 2003 (HY000): Can't connect to MySQL server on '192.168.1.166' (10051)
ERROR: 
Can't connect to the server

No connection. Trying to reconnect...
ERROR 2003 (HY000): Can't connect to MySQL server on '192.168.1.166' (10051)
ERROR: 
Can't connect to the server

No connection. Trying to reconnect...
ERROR 2003 (HY000): Can't connect to MySQL server on '192.168.1.166' (10051)
ERROR: 
Can't connect to the server

mysql> mysql \. C:\workspace\cloud\code\sql\_DailyScript\currenttime.sql
No connection. Trying to reconnect...
ERROR 2003 (HY000): Can't connect to MySQL server on '192.168.1.166' (10051)
ERROR: 
Can't connect to the server

mysql> 
mysql> 
mysql> 
mysql> 
mysql> exit
