    -> 
    -> mysql \. C:\workspace\cloud\code\sql\_DailyScript\_setdates.sql
Database changed
Query OK, 0 rows affected (0.01 sec)

Query OK, 0 rows affected (0.00 sec)

Query OK, 0 rows affected (0.00 sec)

Query OK, 0 rows affected (0.00 sec)

Query OK, 0 rows affected (0.00 sec)

Query OK, 0 rows affected (0.00 sec)

Query OK, 0 rows affected (0.00 sec)

Query OK, 0 rows affected (0.00 sec)

mysql> 
mysql> mysql \. C:\workspace\cloud\code\sql\_DailyScript\load_RCB_VODTITLES.sql
Database changed
Query OK, 0 rows affected (0.00 sec)

Query OK, 1851 rows affected (0.03 sec)

Query OK, 1853 rows affected, 1853 warnings (0.07 sec)
Records: 1853  Deleted: 0  Skipped: 0  Warnings: 1853

Query OK, 0 rows affected (0.00 sec)

Query OK, 2 rows affected (0.02 sec)

+-----------+
| VODTITLES |
+-----------+
|      2312 |
+-----------+
1 row in set (0.00 sec)

mysql> 
mysql> mysql \. C:\workspace\cloud\code\sql\_DailyScript\DAILY-SCRIPT-LIVETV-STATS.sql
Database changed
Query OK, 0 rows affected (0.25 sec)

Query OK, 59544 rows affected (10 min 53.71 sec)
Records: 59544  Duplicates: 0  Warnings: 0

+------------+------------+----------+--------------+--------------+-----------+-------------+----------+--------+------+------------+---------+---------------+
| Table      | Non_unique | Key_name | Seq_in_index | Column_name  | Collation | Cardinality | Sub_part | Packed | Null | Index_type | Comment | Index_comment |
+------------+------------+----------+--------------+--------------+-----------+-------------+----------+--------+------+------------+---------+---------------+
| templivetv |          1 | idxtv1   |            1 | device       | A         |       59480 |     NULL | NULL   | YES  | BTREE      |         |               |
| templivetv |          1 | idxtv2   |            1 | sessionstart | A         |       59480 |     NULL | NULL   | YES  | BTREE      |         |               |
+------------+------------+----------+--------------+--------------+-----------+-------------+----------+--------+------+------------+---------+---------------+
2 rows in set (0.00 sec)

Query OK, 59054 rows affected (1 min 28.00 sec)
Records: 59054  Duplicates: 0  Warnings: 0

Query OK, 2763 rows affected (1.57 sec)
Records: 2763  Duplicates: 0  Warnings: 0

Query OK, 0 rows affected (0.00 sec)

Query OK, 0 rows affected (0.00 sec)

Query OK, 142 rows affected (0.43 sec)
Records: 142  Duplicates: 0  Warnings: 0

Query OK, 0 rows affected (0.08 sec)

Query OK, 44339 rows affected (7 min 18.19 sec)
Records: 44339  Duplicates: 0  Warnings: 0

+-----------------+
| rep_livetvstats |
+-----------------+
|           44339 |
+-----------------+
1 row in set (0.01 sec)

mysql> mysql \. C:\workspace\cloud\code\sql\_DailyScript\DAILY-SCRIPT-VODTS-STATS.sql
Database changed
Query OK, 0 rows affected (0.00 sec)

Query OK, 0 rows affected (0.05 sec)

Query OK, 937 rows affected (24.97 sec)
Records: 937  Duplicates: 0  Warnings: 0

+---------+------------+----------+--------------+--------------+-----------+-------------+----------+--------+------+------------+---------+---------------+
| Table   | Non_unique | Key_name | Seq_in_index | Column_name  | Collation | Cardinality | Sub_part | Packed | Null | Index_type | Comment | Index_comment |
+---------+------------+----------+--------------+--------------+-----------+-------------+----------+--------+------+------------+---------+---------------+
| tempvod |          1 | idxtvod1 |            1 | device       | A         |        1128 |     NULL | NULL   | YES  | BTREE      |         |               |
| tempvod |          1 | idxtvod2 |            1 | sessionstart | A         |        1128 |     NULL | NULL   | YES  | BTREE      |         |               |
+---------+------------+----------+--------------+--------------+-----------+-------------+----------+--------+------+------------+---------+---------------+
2 rows in set (0.00 sec)

Query OK, 925 rows affected (0.77 sec)
Records: 925  Duplicates: 0  Warnings: 0

Query OK, 0 rows affected (0.02 sec)

Query OK, 94234 rows affected (9.44 sec)
Records: 94234  Duplicates: 0  Warnings: 0

+--------------+
| rep_vodstats |
+--------------+
|        94234 |
+--------------+
1 row in set (0.03 sec)

Database changed
Query OK, 0 rows affected (0.05 sec)

Query OK, 10750 rows affected (3 min 52.34 sec)
Records: 10750  Duplicates: 0  Warnings: 0

+--------+------------+----------+--------------+--------------+-----------+-------------+----------+--------+------+------------+---------+---------------+
| Table  | Non_unique | Key_name | Seq_in_index | Column_name  | Collation | Cardinality | Sub_part | Packed | Null | Index_type | Comment | Index_comment |
+--------+------------+----------+--------------+--------------+-----------+-------------+----------+--------+------+------------+---------+---------------+
| tempts |          1 | idxtts1  |            1 | device       | A         |       10949 |     NULL | NULL   | YES  | BTREE      |         |               |
| tempts |          1 | idxtts2  |            1 | sessionstart | A         |       10949 |     NULL | NULL   | YES  | BTREE      |         |               |
+--------+------------+----------+--------------+--------------+-----------+-------------+----------+--------+------+------------+---------+---------------+
2 rows in set (0.00 sec)

Query OK, 10745 rows affected (12.67 sec)
Records: 10745  Duplicates: 0  Warnings: 0

Query OK, 0 rows affected (0.18 sec)

Query OK, 12936 rows affected (2 min 41.56 sec)
Records: 12936  Duplicates: 0  Warnings: 0

+-------------+
| rep_tsstats |
+-------------+
|       12936 |
+-------------+
1 row in set (0.00 sec)

mysql> mysql \. C:\workspace\cloud\code\sql\_DailyScript\DAILY-SCRIPT-RADIO-STATS.sql
Database changed
Query OK, 0 rows affected (0.23 sec)

Query OK, 98867 rows affected (4.21 sec)
Records: 98867  Duplicates: 0  Warnings: 0

+-----------+------------+----------+--------------+--------------+-----------+-------------+----------+--------+------+------------+---------+---------------+
| Table     | Non_unique | Key_name | Seq_in_index | Column_name  | Collation | Cardinality | Sub_part | Packed | Null | Index_type | Comment | Index_comment |
+-----------+------------+----------+--------------+--------------+-----------+-------------+----------+--------+------+------------+---------+---------------+
| tempradio |          1 | idxtrad1 |            1 | device       | A         |       98930 |     NULL | NULL   | YES  | BTREE      |         |               |
| tempradio |          1 | idxtrad2 |            1 | sessionstart | A         |       98930 |     NULL | NULL   | YES  | BTREE      |         |               |
+-----------+------------+----------+--------------+--------------+-----------+-------------+----------+--------+------+------------+---------+---------------+
2 rows in set (0.00 sec)

Query OK, 205 rows affected (4.40 sec)
Records: 205  Duplicates: 0  Warnings: 0

Query OK, 0 rows affected (0.00 sec)

Query OK, 1736 rows affected (0.19 sec)
Records: 1736  Duplicates: 0  Warnings: 0

+----------------+
| rep_radiostats |
+----------------+
|           1736 |
+----------------+
1 row in set (0.00 sec)

mysql> mysql \. C:\workspace\cloud\code\sql\_DailyScript\DAILY_SCRIPT_TELEMETRY_PIVOT.sql
Query OK, 0 rows affected (0.00 sec)

Query OK, 169 rows affected (0.44 sec)
Records: 169  Duplicates: 0  Warnings: 0

Query OK, 0 rows affected (0.00 sec)

Query OK, 1491 rows affected (0.85 sec)
Records: 1491  Duplicates: 0  Warnings: 0

Query OK, 0 rows affected (0.00 sec)

Query OK, 12 rows affected (0.13 sec)
Records: 12  Duplicates: 0  Warnings: 0

Query OK, 0 rows affected (0.02 sec)

Query OK, 47 rows affected (0.05 sec)
Records: 47  Duplicates: 0  Warnings: 0

mysql> 
mysql> mysql \. C:\workspace\cloud\code\sql\_DailyScript\telemetry_livetv_ranking2018.sql
Query OK, 0 rows affected (0.04 sec)

Query OK, 169 rows affected (0.12 sec)
Records: 169  Duplicates: 0  Warnings: 0

mysql> mysql \. C:\workspace\cloud\code\sql\_DailyScript\telemetry_radio_ranking2018.sql
Query OK, 0 rows affected (0.03 sec)

Query OK, 12 rows affected (0.04 sec)
Records: 12  Duplicates: 0  Warnings: 0

mysql> mysql \. C:\workspace\cloud\code\sql\_DailyScript\telemetry_ts_ranking2018.sql
Query OK, 0 rows affected (0.02 sec)

Query OK, 47 rows affected (0.13 sec)
Records: 47  Duplicates: 0  Warnings: 0

mysql> mysql \. C:\workspace\cloud\code\sql\_DailyScript\telemetry_vod_ranking2018.sql
Query OK, 0 rows affected (0.02 sec)

Query OK, 1491 rows affected (0.13 sec)
Records: 1491  Duplicates: 0  Warnings: 0

mysql> mysql \. C:\workspace\cloud\code\sql\_DailyScript\telemetry_vod_ranking2018_1.sql
Query OK, 0 rows affected (0.02 sec)

Query OK, 1491 rows affected (0.25 sec)
Records: 1491  Duplicates: 0  Warnings: 0

mysql> mysql \. C:\workspace\cloud\code\sql\_DailyScript\telemetry_vod_ranking2018_2.sql
Query OK, 0 rows affected (0.00 sec)

Query OK, 1491 rows affected (0.05 sec)
Records: 1491  Duplicates: 0  Warnings: 0

mysql> 
mysql> mysql \. C:\workspace\cloud\code\sql\_DailyScript\DAILY-SCRIPT-CREATE-LOAD.sql
Database changed
Database changed
Query OK, 0 rows affected (0.48 sec)

Query OK, 0 rows affected (0.02 sec)

Database changed
Query OK, 64336 rows affected (6.30 sec)
Records: 64336  Deleted: 0  Skipped: 0  Warnings: 0

Query OK, 0 rows affected (0.92 sec)
Records: 0  Duplicates: 0  Warnings: 0

Query OK, 0 rows affected (0.80 sec)
Records: 0  Duplicates: 0  Warnings: 0

Query OK, 0 rows affected (0.69 sec)
Records: 0  Duplicates: 0  Warnings: 0

Query OK, 0 rows affected (0.30 sec)
Records: 0  Duplicates: 0  Warnings: 0

Query OK, 0 rows affected (0.04 sec)

Query OK, 82415 rows affected (4.93 sec)
Records: 82415  Duplicates: 0  Warnings: 0

Query OK, 0 rows affected (0.57 sec)
Records: 0  Duplicates: 0  Warnings: 0

Query OK, 0 rows affected (0.08 sec)

Query OK, 64336 rows affected (3.06 sec)
Records: 64336  Duplicates: 0  Warnings: 0

Query OK, 0 rows affected (0.50 sec)
Records: 0  Duplicates: 0  Warnings: 0

Query OK, 0 rows affected (0.25 sec)
Records: 0  Duplicates: 0  Warnings: 0

Query OK, 0 rows affected (0.22 sec)
Records: 0  Duplicates: 0  Warnings: 0

+---------+
| clients |
+---------+
|   64336 |
+---------+
1 row in set (0.02 sec)

+---------------+
| clientaddress |
+---------------+
|         64336 |
+---------------+
1 row in set (0.01 sec)

Database changed
Query OK, 0 rows affected (0.22 sec)

Query OK, 0 rows affected (0.14 sec)

Database changed
Query OK, 454100 rows affected, 65535 warnings (28.58 sec)
Records: 454100  Deleted: 0  Skipped: 0  Warnings: 171902

Query OK, 0 rows affected (1.99 sec)
Records: 0  Duplicates: 0  Warnings: 0

Query OK, 0 rows affected (2.97 sec)
Records: 0  Duplicates: 0  Warnings: 0

Query OK, 0 rows affected (2.40 sec)
Records: 0  Duplicates: 0  Warnings: 0

Query OK, 0 rows affected (0.02 sec)

Query OK, 454100 rows affected (1 min 24.32 sec)
Records: 454100  Duplicates: 0  Warnings: 0

Query OK, 0 rows affected (2.54 sec)
Records: 0  Duplicates: 0  Warnings: 0

Query OK, 0 rows affected (2.04 sec)
Records: 0  Duplicates: 0  Warnings: 0

+-----------+
| contracts |
+-----------+
|    454100 |
+-----------+
1 row in set (0.39 sec)

+-----------------+
| contractaddress |
+-----------------+
|          454100 |
+-----------------+
1 row in set (0.15 sec)

Database changed
Query OK, 0 rows affected (0.10 sec)

Query OK, 0 rows affected (0.01 sec)

Query OK, 6314 rows affected (0.12 sec)
Records: 6314  Deleted: 0  Skipped: 0  Warnings: 0

Query OK, 0 rows affected (0.15 sec)

Query OK, 6283 rows affected (0.55 sec)
Records: 6283  Duplicates: 0  Warnings: 0

Query OK, 0 rows affected (0.05 sec)
Records: 0  Duplicates: 0  Warnings: 0

Query OK, 0 rows affected (0.03 sec)

Query OK, 5185 rows affected (0.05 sec)
Records: 5185  Duplicates: 0  Warnings: 0

Query OK, 0 rows affected (0.12 sec)
Records: 0  Duplicates: 0  Warnings: 0

+-------------------+
| contractdiscounts |
+-------------------+
|              6314 |
+-------------------+
1 row in set (0.01 sec)

+-------------------------+
| clientcontractdiscounts |
+-------------------------+
|                    6283 |
+-------------------------+
1 row in set (0.00 sec)

+----------------------------+
| clientcontractlastdiscount |
+----------------------------+
|                       5185 |
+----------------------------+
1 row in set (0.00 sec)

Database changed
Query OK, 0 rows affected (0.13 sec)

Query OK, 0 rows affected (0.01 sec)

Database changed
Query OK, 124187 rows affected (5.28 sec)
Records: 124187  Deleted: 0  Skipped: 0  Warnings: 0

Query OK, 0 rows affected (0.32 sec)
Records: 0  Duplicates: 0  Warnings: 0

Query OK, 0 rows affected (0.54 sec)
Records: 0  Duplicates: 0  Warnings: 0

Query OK, 0 rows affected (0.82 sec)
Records: 0  Duplicates: 0  Warnings: 0

Query OK, 0 rows affected (0.28 sec)
Records: 0  Duplicates: 0  Warnings: 0

Query OK, 0 rows affected (0.43 sec)
Records: 0  Duplicates: 0  Warnings: 0

Query OK, 0 rows affected (0.62 sec)
Records: 0  Duplicates: 0  Warnings: 0

Query OK, 0 rows affected (0.25 sec)

Query OK, 1547700 rows affected (4 min 6.16 sec)
Records: 1547700  Duplicates: 0  Warnings: 0

+---------+
| devices |
+---------+
|  124187 |
+---------+
1 row in set (0.05 sec)

+-----------------------+
| clientcontractdevices |
+-----------------------+
|               1547700 |
+-----------------------+
1 row in set (0.62 sec)

Query OK, 0 rows affected (0.11 sec)

Query OK, 124047 rows affected (10.29 sec)
Records: 124047  Duplicates: 0  Warnings: 0

+---------------------------+
| rep_clientcontractdevices |
+---------------------------+
|                    124047 |
+---------------------------+
1 row in set (0.05 sec)

Database changed
Query OK, 0 rows affected (0.13 sec)

Query OK, 0 rows affected (0.58 sec)

Query OK, 224991 rows affected (10.75 sec)
Records: 224991  Deleted: 0  Skipped: 0  Warnings: 0

Query OK, 0 rows affected (0.67 sec)
Records: 0  Duplicates: 0  Warnings: 0

Query OK, 0 rows affected (0.94 sec)
Records: 0  Duplicates: 0  Warnings: 0

Query OK, 0 rows affected (1.02 sec)
Records: 0  Duplicates: 0  Warnings: 0

Query OK, 0 rows affected (0.72 sec)
Records: 0  Duplicates: 0  Warnings: 0

+---------+
| tickets |
+---------+
|  224991 |
+---------+
1 row in set (0.06 sec)

Database changed
Query OK, 0 rows affected (0.00 sec)

Query OK, 0 rows affected (0.67 sec)

Empty set (0.00 sec)

Query OK, 0 rows affected (0.05 sec)
Records: 0  Duplicates: 0  Warnings: 0

Query OK, 301 rows affected, 2 warnings (0.16 sec)
Records: 301  Deleted: 0  Skipped: 0  Warnings: 2

+-----------------+
| tickettechusers |
+-----------------+
|             301 |
+-----------------+
1 row in set (0.00 sec)

Database changed
Query OK, 0 rows affected (0.01 sec)

Query OK, 0 rows affected (0.02 sec)

Query OK, 0 rows affected (0.02 sec)
Records: 0  Duplicates: 0  Warnings: 0

Query OK, 456357 rows affected, 39457 warnings (15.23 sec)
Records: 456357  Deleted: 0  Skipped: 0  Warnings: 39457

+-------------------+
| ticketassignments |
+-------------------+
|            456357 |
+-------------------+
1 row in set (0.13 sec)

Database changed
Query OK, 0 rows affected (0.20 sec)

Query OK, 0 rows affected (0.02 sec)

Query OK, 960810 rows affected (23.94 sec)
Records: 960810  Deleted: 0  Skipped: 0  Warnings: 0

Query OK, 0 rows affected (4.73 sec)
Records: 0  Duplicates: 0  Warnings: 0

Query OK, 0 rows affected (2.92 sec)
Records: 0  Duplicates: 0  Warnings: 0

Query OK, 0 rows affected (3.73 sec)
Records: 0  Duplicates: 0  Warnings: 0

Query OK, 0 rows affected (3.31 sec)
Records: 0  Duplicates: 0  Warnings: 0

+----------------+
| ticketcomments |
+----------------+
|         960810 |
+----------------+
1 row in set (0.35 sec)

Database changed
Query OK, 0 rows affected (0.28 sec)

Query OK, 0 rows affected (0.29 sec)

Query OK, 381788 rows affected (45.69 sec)
Records: 381788  Deleted: 0  Skipped: 0  Warnings: 0

Query OK, 0 rows affected (3.22 sec)
Records: 0  Duplicates: 0  Warnings: 0

+----------+
| comments |
+----------+
|   381788 |
+----------+
1 row in set (0.14 sec)

Database changed
Query OK, 0 rows affected (0.20 sec)

Query OK, 0 rows affected (0.02 sec)

Query OK, 519982 rows affected, 65535 warnings (1 min 8.05 sec)
Records: 519982  Deleted: 0  Skipped: 0  Warnings: 519983

Query OK, 0 rows affected (2.26 sec)
Records: 0  Duplicates: 0  Warnings: 0

Query OK, 0 rows affected (1.79 sec)
Records: 0  Duplicates: 0  Warnings: 0

Query OK, 0 rows affected (2.31 sec)
Records: 0  Duplicates: 0  Warnings: 0

Query OK, 0 rows affected (1.51 sec)
Records: 0  Duplicates: 0  Warnings: 0

Query OK, 0 rows affected (3.09 sec)
Records: 0  Duplicates: 0  Warnings: 0

+------------+
| devicesold |
+------------+
|     519982 |
+------------+
1 row in set (0.17 sec)

Database changed
Query OK, 0 rows affected (0.04 sec)

Query OK, 0 rows affected (0.02 sec)

Query OK, 1541389 rows affected (37.30 sec)
Records: 1541389  Deleted: 0  Skipped: 0  Warnings: 0

Query OK, 0 rows affected (5.24 sec)
Records: 0  Duplicates: 0  Warnings: 0

Query OK, 0 rows affected (5.35 sec)
Records: 0  Duplicates: 0  Warnings: 0

Query OK, 0 rows affected (4.87 sec)
Records: 0  Duplicates: 0  Warnings: 0

+------------------+
| contractservices |
+------------------+
|          1541389 |
+------------------+
1 row in set (0.52 sec)

Database changed
Query OK, 0 rows affected (0.19 sec)

Query OK, 0 rows affected (0.01 sec)

Query OK, 3349202 rows affected (3 min 11.17 sec)
Records: 3349202  Deleted: 0  Skipped: 0  Warnings: 0

Query OK, 0 rows affected (17.18 sec)
Records: 0  Duplicates: 0  Warnings: 0

Query OK, 0 rows affected (14.65 sec)
Records: 0  Duplicates: 0  Warnings: 0

Query OK, 0 rows affected (18.23 sec)
Records: 0  Duplicates: 0  Warnings: 0

Query OK, 0 rows affected (14.82 sec)
Records: 0  Duplicates: 0  Warnings: 0

+------------------+
| invoicescontents |
+------------------+
|          3349202 |
+------------------+
1 row in set (1.17 sec)

Database changed
Query OK, 0 rows affected (0.09 sec)

Query OK, 0 rows affected (0.02 sec)

Query OK, 2283061 rows affected (4 min 31.75 sec)
Records: 2283061  Deleted: 0  Skipped: 0  Warnings: 0

Query OK, 0 rows affected (1 min 23.06 sec)
Records: 0  Duplicates: 0  Warnings: 0

Query OK, 0 rows affected (24.24 sec)
Records: 0  Duplicates: 0  Warnings: 0

Query OK, 0 rows affected (22.80 sec)
Records: 0  Duplicates: 0  Warnings: 0

Query OK, 0 rows affected (24.83 sec)
Records: 0  Duplicates: 0  Warnings: 0

Query OK, 0 rows affected (22.75 sec)
Records: 0  Duplicates: 0  Warnings: 0

+----------------+
| invoicesheader |
+----------------+
|        2283061 |
+----------------+
1 row in set (3.13 sec)

Database changed
Query OK, 0 rows affected (0.15 sec)

Query OK, 0 rows affected (0.04 sec)

Query OK, 2445714 rows affected (1 min 55.10 sec)
Records: 2445714  Deleted: 0  Skipped: 0  Warnings: 0

Query OK, 0 rows affected (9.12 sec)
Records: 0  Duplicates: 0  Warnings: 0

Query OK, 0 rows affected (11.32 sec)
Records: 0  Duplicates: 0  Warnings: 0

Query OK, 0 rows affected (10.18 sec)
Records: 0  Duplicates: 0  Warnings: 0

Query OK, 0 rows affected (10.38 sec)
Records: 0  Duplicates: 0  Warnings: 0

+---------+
| casa    |
+---------+
| 2445714 |
+---------+
1 row in set (0.82 sec)

Database changed
Query OK, 0 rows affected (0.02 sec)

Query OK, 0 rows affected (0.01 sec)

Database changed
Query OK, 37034 rows affected (1.15 sec)
Records: 37034  Deleted: 0  Skipped: 0  Warnings: 0

+-------+
| users |
+-------+
| 37034 |
+-------+
1 row in set (0.03 sec)

Database changed
Query OK, 0 rows affected (0.07 sec)

Query OK, 0 rows affected (0.05 sec)

Database changed
Query OK, 5309576 rows affected (1 min 47.93 sec)
Records: 5309576  Deleted: 0  Skipped: 0  Warnings: 0

Query OK, 0 rows affected (28.17 sec)
Records: 0  Duplicates: 0  Warnings: 0

Query OK, 0 rows affected (23.42 sec)
Records: 0  Duplicates: 0  Warnings: 0

Query OK, 0 rows affected (19.22 sec)
Records: 0  Duplicates: 0  Warnings: 0

Query OK, 0 rows affected (23.31 sec)
Records: 0  Duplicates: 0  Warnings: 0

+----------+
| ipusage1 |
+----------+
|  5309576 |
+----------+
1 row in set (1.74 sec)

Query OK, 0 rows affected (0.09 sec)

Query OK, 5368485 rows affected, 65535 warnings (7 min 55.62 sec)
Records: 5368485  Duplicates: 0  Warnings: 5354528

Query OK, 0 rows affected (1 min 2.52 sec)
Records: 0  Duplicates: 0  Warnings: 0

Query OK, 0 rows affected (28.07 sec)
Records: 0  Duplicates: 0  Warnings: 0

Query OK, 0 rows affected (23.15 sec)
Records: 0  Duplicates: 0  Warnings: 0

Query OK, 0 rows affected (27.04 sec)
Records: 0  Duplicates: 0  Warnings: 0

Query OK, 0 rows affected (36.14 sec)
Records: 0  Duplicates: 0  Warnings: 0

Query OK, 0 rows affected (37.20 sec)
Records: 0  Duplicates: 0  Warnings: 0

Query OK, 0 rows affected (34.87 sec)
Records: 0  Duplicates: 0  Warnings: 0

+---------+
| ipusage |
+---------+
| 5368485 |
+---------+
1 row in set (1.99 sec)

Query OK, 0 rows affected (0.08 sec)

Query OK, 2461415 rows affected (1 min 46.97 sec)
Records: 2461415  Duplicates: 0  Warnings: 0

Query OK, 0 rows affected (13.79 sec)
Records: 0  Duplicates: 0  Warnings: 0

Query OK, 0 rows affected (9.12 sec)
Records: 0  Duplicates: 0  Warnings: 0

Query OK, 0 rows affected (14.50 sec)
Records: 0  Duplicates: 0  Warnings: 0

Query OK, 0 rows affected (13.60 sec)
Records: 0  Duplicates: 0  Warnings: 0

Query OK, 0 rows affected (0.05 sec)

Query OK, 258136 rows affected (27.50 sec)
Records: 258136  Duplicates: 0  Warnings: 0

Query OK, 0 rows affected (1.08 sec)
Records: 0  Duplicates: 0  Warnings: 0

Query OK, 0 rows affected (1.18 sec)
Records: 0  Duplicates: 0  Warnings: 0

Query OK, 0 rows affected (1.23 sec)
Records: 0  Duplicates: 0  Warnings: 0

Query OK, 0 rows affected (1.09 sec)
Records: 0  Duplicates: 0  Warnings: 0

Query OK, 0 rows affected (1.30 sec)
Records: 0  Duplicates: 0  Warnings: 0

mysql> mysql \. C:\workspace\cloud\code\sql\_DailyScript\ticket_analysis.sql
Database changed
Query OK, 0 rows affected (0.10 sec)

Query OK, 321800 rows affected (32.64 sec)
Records: 321800  Duplicates: 0  Warnings: 0

Query OK, 0 rows affected (1.50 sec)
Records: 0  Duplicates: 0  Warnings: 0

Query OK, 0 rows affected (1.57 sec)
Records: 0  Duplicates: 0  Warnings: 0

Query OK, 0 rows affected (0.97 sec)
Records: 0  Duplicates: 0  Warnings: 0

Query OK, 0 rows affected (0.04 sec)

Query OK, 12456 rows affected (7.59 sec)
Records: 12456  Duplicates: 0  Warnings: 0

Query OK, 0 rows affected, 1 warning (0.00 sec)

Query OK, 44016 rows affected (4.86 sec)
Records: 44016  Duplicates: 0  Warnings: 0

Query OK, 0 rows affected, 1 warning (0.00 sec)

Query OK, 226797 rows affected (10.43 sec)
Records: 226797  Duplicates: 0  Warnings: 0

Query OK, 0 rows affected, 1 warning (0.00 sec)

Query OK, 226797 rows affected (9.73 sec)
Records: 226797  Duplicates: 0  Warnings: 0

Query OK, 0 rows affected (0.03 sec)

Query OK, 44054 rows affected (3.60 sec)
Records: 44054  Duplicates: 0  Warnings: 0

Database changed
Query OK, 0 rows affected (0.00 sec)

Query OK, 0 rows affected (0.15 sec)

Query OK, 149218 rows affected (12.86 sec)
Records: 149218  Duplicates: 0  Warnings: 0

Query OK, 0 rows affected (0.19 sec)

Query OK, 71041 rows affected (5.91 sec)
Records: 71041  Duplicates: 0  Warnings: 0

+--------------------------+
| clientticket_cmmtjourney |
+--------------------------+
|                   149218 |
+--------------------------+
1 row in set (0.36 sec)

+---------------------------+
| clientticket_assgnjourney |
+---------------------------+
|                     71041 |
+---------------------------+
1 row in set (0.04 sec)

Query OK, 0 rows affected (0.02 sec)

Query OK, 65 rows affected (0.30 sec)
Records: 65  Duplicates: 0  Warnings: 0

mysql> mysql \. C:\workspace\cloud\code\sql\_DailyScript\load_DailyCalls.sql
Database changed
Query OK, 486 rows affected (0.97 sec)
Records: 486  Deleted: 0  Skipped: 0  Warnings: 0

Query OK, 0 rows affected, 1 warning (0.00 sec)

Query OK, 469 rows affected (0.17 sec)
Records: 469  Duplicates: 0  Warnings: 0

Query OK, 0 rows affected, 1 warning (0.02 sec)

Query OK, 65366 rows affected (0.70 sec)
Records: 65366  Duplicates: 0  Warnings: 0

+----------------------+
| callingclientsbefore |
+----------------------+
|               563007 |
+----------------------+
1 row in set (7.86 sec)

Query OK, 645 rows affected (11.58 sec)
Records: 645  Duplicates: 0  Warnings: 0

+---------------------+
| callingclientsafter |
+---------------------+
|              563652 |
+---------------------+
1 row in set (0.20 sec)

Query OK, 0 rows affected (0.10 sec)

Query OK, 297 rows affected (16.16 sec)
Records: 297  Duplicates: 0  Warnings: 0

Query OK, 0 rows affected (0.00 sec)

Query OK, 11649 rows affected (1.90 sec)
Records: 11649  Duplicates: 0  Warnings: 0

+-----------+
| callstats |
+-----------+
|     11649 |
+-----------+
1 row in set (0.01 sec)

mysql> 
mysql> mysql \. C:\workspace\cloud\code\sql\_DailyScript\DAILY-SCRIPT-USAGE.sql
Database changed
Query OK, 0 rows affected (0.00 sec)

ERROR 2 (HY000): File 'C:\ProgramData\MySQL\MySQL Server 5.7\Uploads\DailyUsage\cdrUsageClient-Capped-06112018.csv' not found (Errcode: 2 - No such file or directory)
Query OK, 0 rows affected (0.02 sec)

ERROR 2 (HY000): File 'C:\ProgramData\MySQL\MySQL Server 5.7\Uploads\DailyUsage\cdrUsageClient-UnCapped-06112018.csv' not found (Errcode: 2 - No such file or directory)
Query OK, 0 rows affected (0.00 sec)

ERROR 2 (HY000): File 'C:\ProgramData\MySQL\MySQL Server 5.7\Uploads\DailyUsage\cdrUsageClient-PREPAID-06112018.csv' not found (Errcode: 2 - No such file or directory)
Query OK, 0 rows affected (0.00 sec)

ERROR 2 (HY000): File 'C:\ProgramData\MySQL\MySQL Server 5.7\Uploads\DailyUsage\cdrUsageClient-Hotspot-06112018.csv' not found (Errcode: 2 - No such file or directory)
+------------+
| dailyusage |
+------------+
|    3095911 |
+------------+
1 row in set (6.61 sec)

+------------+------------+------------+---------+
| datestart  | dateend    | insertedon | records |
+------------+------------+------------+---------+
| 2018-11-05 | 2018-11-05 | 2018-11-06 |    9077 |
| 2018-11-04 | 2018-11-04 | 2018-11-05 |    8738 |
| 2018-11-03 | 2018-11-03 | 2018-11-04 |    8774 |
| 2018-11-02 | 2018-11-02 | 2018-11-03 |    9389 |
| 2018-11-01 | 2018-11-01 | 2018-11-02 |    8886 |
+------------+------------+------------+---------+
5 rows in set (1 min 35.70 sec)

mysql> mysql \. C:\workspace\cloud\code\sql\_DailyScript\DAILY-SCRIPT-SALES-TELEMETRY.sql
Database changed
ERROR 2 (HY000): File 'C:\ProgramData\MySQL\MySQL Server 5.7\Uploads\DailySales\SalesReport-06112018-1.csv' not found (Errcode: 2 - No such file or directory)
+------------+
| dailysales |
+------------+
|     128523 |
+------------+
1 row in set (1.92 sec)

Query OK, 0 rows affected (0.47 sec)

Query OK, 128523 rows affected (15.42 sec)
Records: 128523  Duplicates: 0  Warnings: 0

+--------+
| sales  |
+--------+
| 128523 |
+--------+
1 row in set (0.07 sec)

Query OK, 0 rows affected (0.02 sec)

Query OK, 2149 rows affected (0.55 sec)
Records: 2149  Duplicates: 0  Warnings: 0

+-----------+
| saleslist |
+-----------+
|      2149 |
+-----------+
1 row in set (0.00 sec)

Database changed
ERROR 2 (HY000): File 'C:\ProgramData\MySQL\MySQL Server 5.7\Uploads\DailySales\PrepaidCardSales-06112018-P1.csv' not found (Errcode: 2 - No such file or directory)
+------------------+
| dailysinglesales |
+------------------+
|             5034 |
+------------------+
1 row in set (0.03 sec)

Database changed
ERROR 2 (HY000): File 'C:\ProgramData\MySQL\MySQL Server 5.7\Uploads\DailySales\Sales-Addon-06112018.csv' not found (Errcode: 2 - No such file or directory)
+-----------------+
| dailyaddonsales |
+-----------------+
|           13658 |
+-----------------+
1 row in set (0.85 sec)

ERROR 2 (HY000): File 'C:\ProgramData\MySQL\MySQL Server 5.7\Uploads\DailySales\eBarclays-PaymentsList-06112018.csv' not found (Errcode: 2 - No such file or directory)
+----------------+
| onlinepayments |
+----------------+
|          35654 |
+----------------+
1 row in set (0.14 sec)

+-------------+----------------+---------------------+
| paymentdate | onlinepayments | onlinepaymentamount |
+-------------+----------------+---------------------+
| 2018-11-05  |            103 |         64002.50000 |
| 2018-11-04  |             90 |         55999.05000 |
| 2018-11-03  |            107 |         69815.50000 |
| 2018-11-02  |            111 |         65025.45000 |
| 2018-11-01  |            137 |        108114.60000 |
+-------------+----------------+---------------------+
5 rows in set (1.79 sec)

+-------------+--------------+----------------+---------------------+
| paymentyear | paymentmonth | onlinepayments | onlinepaymentamount |
+-------------+--------------+----------------+---------------------+
|        2018 |           11 |            548 |        362957.10000 |
|        2018 |           10 |           2674 |       1575052.70000 |
|        2018 |            9 |           2536 |       1488279.08000 |
|        2018 |            8 |           2677 |       1480347.51000 |
|        2018 |            7 |           2521 |       1406138.40000 |
+-------------+--------------+----------------+---------------------+
5 rows in set (0.04 sec)

mysql> 
mysql> mysql \. C:\workspace\cloud\code\sql\_DailyScript\DAILY-SCRIPT-ACTIVENUMBERS.sql
Database changed
ERROR 2 (HY000): File 'C:\ProgramData\MySQL\MySQL Server 5.7\Uploads\activenumber\DailySubscriptionStats-06112018.csv' not found (Errcode: 2 - No such file or directory)
+------------+----------+
| period     | count(1) |
+------------+----------+
| 2018-11-05 |     1321 |
| 2018-11-04 |     1320 |
| 2018-11-03 |     1321 |
| 2018-11-02 |     1322 |
| 2018-11-01 |     1325 |
+------------+----------+
5 rows in set (0.01 sec)

Query OK, 0 rows affected (0.26 sec)

Query OK, 86 rows affected (1.79 sec)
Records: 86  Duplicates: 0  Warnings: 0

+-------------+
| packagelist |
+-------------+
|          86 |
+-------------+
1 row in set (0.00 sec)

Database changed
Query OK, 0 rows affected (0.00 sec)

Query OK, 0 rows affected (0.00 sec)

Query OK, 0 rows affected (0.00 sec)

Query OK, 0 rows affected (0.00 sec)

ERROR 2 (HY000): File 'C:\ProgramData\MySQL\MySQL Server 5.7\Uploads\ActiveContractsList\201811\2018-11-06;2018-11-06.csv' not found (Errcode: 2 - No such file or directory)
+------------+----------+
| period     | count(1) |
+------------+----------+
| 2018-11-05 |    26257 |
| 2018-11-04 |    26082 |
| 2018-11-03 |    26327 |
| 2018-11-02 |    26431 |
| 2018-11-01 |    26268 |
+------------+----------+
5 rows in set (0.37 sec)

Query OK, 0 rows affected (0.27 sec)

Query OK, 0 rows affected (0.15 sec)
Records: 0  Duplicates: 0  Warnings: 0

Query OK, 0 rows affected (0.02 sec)
Records: 0  Duplicates: 0  Warnings: 0

Query OK, 0 rows affected (0.02 sec)
Records: 0  Duplicates: 0  Warnings: 0

Query OK, 0 rows affected (0.01 sec)
Records: 0  Duplicates: 0  Warnings: 0

Query OK, 0 rows affected (0.14 sec)
Records: 0  Duplicates: 0  Warnings: 0

Query OK, 0 rows affected (0.02 sec)
Records: 0  Duplicates: 0  Warnings: 0

Query OK, 0 rows affected (0.01 sec)
Records: 0  Duplicates: 0  Warnings: 0

+----------+
| count(1) |
+----------+
| 21137087 |
+----------+
1 row in set (55.52 sec)

Query OK, 0 rows affected (0.00 sec)
Records: 0  Duplicates: 0  Warnings: 0

+----------+
| count(1) |
+----------+
| 21137087 |
+----------+
1 row in set (7.05 sec)

+------------+--------------------------+
| period     | customercontractactivity |
+------------+--------------------------+
| 2018-11-05 |                    25603 |
| 2018-11-04 |                    25428 |
| 2018-11-03 |                    25673 |
| 2018-11-02 |                    25777 |
| 2018-11-01 |                    25614 |
+------------+--------------------------+
5 rows in set (0.07 sec)

Query OK, 0 rows affected (0.01 sec)

Query OK, 191212 rows affected (9 min 23.53 sec)
Records: 191212  Duplicates: 0  Warnings: 0

Query OK, 0 rows affected (0.05 sec)

Query OK, 0 rows affected (0.19 sec)
Records: 0  Duplicates: 0  Warnings: 0

Query OK, 0 rows affected (0.01 sec)

Query OK, 0 rows affected (0.02 sec)
Records: 0  Duplicates: 0  Warnings: 0

Query OK, 0 rows affected (0.02 sec)

Query OK, 0 rows affected (0.00 sec)
Records: 0  Duplicates: 0  Warnings: 0

Query OK, 0 rows affected (0.02 sec)

Query OK, 0 rows affected (0.01 sec)
Records: 0  Duplicates: 0  Warnings: 0

Query OK, 0 rows affected (0.03 sec)

Query OK, 0 rows affected (0.02 sec)
Records: 0  Duplicates: 0  Warnings: 0

Query OK, 0 rows affected (0.05 sec)

Query OK, 0 rows affected (0.00 sec)
Records: 0  Duplicates: 0  Warnings: 0

Query OK, 0 rows affected (0.06 sec)

Query OK, 0 rows affected (0.01 sec)
Records: 0  Duplicates: 0  Warnings: 0

+-------------+
| clientstats |
+-------------+
|           0 |
+-------------+
1 row in set (0.02 sec)

Query OK, 0 rows affected (0.00 sec)

Query OK, 0 rows affected, 1 warning (0.02 sec)
Records: 0  Duplicates: 0  Warnings: 1

Empty set (0.00 sec)

Empty set, 1 warning (0.00 sec)

Empty set, 2 warnings (0.00 sec)

Query OK, 0 rows affected (0.01 sec)

Query OK, 0 rows affected, 3 warnings (0.02 sec)
Records: 0  Duplicates: 0  Warnings: 3

Empty set (0.00 sec)

Query OK, 0 rows affected (0.00 sec)

Query OK, 0 rows affected (0.02 sec)
Records: 0  Duplicates: 0  Warnings: 0

Query OK, 0 rows affected (0.08 sec)

Query OK, 0 rows affected (0.00 sec)
Records: 0  Duplicates: 0  Warnings: 0

Query OK, 66 rows affected (2 min 7.58 sec)

Query OK, 0 rows affected (0.01 sec)

Query OK, 411 rows affected (20 min 37.55 sec)
Records: 411  Duplicates: 0  Warnings: 0

+---------------------------+
| retentioncustomeractivity |
+---------------------------+
|                       411 |
+---------------------------+
1 row in set (0.00 sec)

mysql> 
mysql> 
mysql> mysql \. C:\workspace\cloud\code\sql\_DailyScript\reports-sales-addons-prepaid-camera.sql
Database changed
Query OK, 0 rows affected (0.02 sec)

Query OK, 3067 rows affected (0.23 sec)
Records: 3067  Duplicates: 0  Warnings: 0

Query OK, 0 rows affected (0.04 sec)

Query OK, 13667 rows affected (32.59 sec)
Records: 13667  Duplicates: 0  Warnings: 0

+--------------------+
| rep_prepaid_camera |
+--------------------+
|               3067 |
+--------------------+
1 row in set (0.01 sec)

+-----------+
| rep_addon |
+-----------+
|     13667 |
+-----------+
1 row in set (0.02 sec)

mysql> mysql \. C:\workspace\cloud\code\sql\_DailyScript\housing-estate-analysis.sql
Database changed
Query OK, 0 rows affected (0.28 sec)

Query OK, 2675 rows affected (1 min 27.56 sec)
Records: 2675  Duplicates: 0  Warnings: 0

+--------------------+
| rep_housingestates |
+--------------------+
|               2675 |
+--------------------+
1 row in set (0.00 sec)

mysql> 
mysql> mysql \. C:\workspace\cloud\code\sql\_DailyScript\RCB_ClientAnalyticsReport_Script.sql
Database changed
Query OK, 0 rows affected (0.02 sec)

Query OK, 0 rows affected (0.22 sec)

Query OK, 1557242 rows affected (3 min 1.92 sec)
Records: 1557242  Duplicates: 0  Warnings: 0

Query OK, 0 rows affected (6.70 sec)
Records: 0  Duplicates: 0  Warnings: 0

Query OK, 0 rows affected (5.79 sec)
Records: 0  Duplicates: 0  Warnings: 0

Query OK, 0 rows affected (9.71 sec)
Records: 0  Duplicates: 0  Warnings: 0

Query OK, 0 rows affected (8.30 sec)
Records: 0  Duplicates: 0  Warnings: 0

Query OK, 0 rows affected (10.52 sec)
Records: 0  Duplicates: 0  Warnings: 0

Query OK, 0 rows affected (8.96 sec)
Records: 0  Duplicates: 0  Warnings: 0

Query OK, 0 rows affected (0.00 sec)

Query OK, 414855 rows affected (21.91 sec)
Rows matched: 1557242  Changed: 414855  Warnings: 0

Query OK, 0 rows affected (0.04 sec)

Query OK, 26669 rows affected (2.57 sec)
Records: 26669  Duplicates: 0  Warnings: 0

Query OK, 0 rows affected (0.01 sec)

Query OK, 41308 rows affected (11 min 11.71 sec)
Records: 41308  Duplicates: 0  Warnings: 0

Query OK, 0 rows affected (0.50 sec)
Records: 0  Duplicates: 0  Warnings: 0

Query OK, 0 rows affected (0.19 sec)
Records: 0  Duplicates: 0  Warnings: 0

Query OK, 0 rows affected (0.12 sec)
Records: 0  Duplicates: 0  Warnings: 0

Query OK, 0 rows affected (0.07 sec)

Query OK, 392437 rows affected (10 min 23.31 sec)
Records: 392437  Duplicates: 0  Warnings: 0

Query OK, 0 rows affected (1.89 sec)
Records: 0  Duplicates: 0  Warnings: 0

Query OK, 0 rows affected (1.83 sec)
Records: 0  Duplicates: 0  Warnings: 0

Query OK, 0 rows affected (1.24 sec)
Records: 0  Duplicates: 0  Warnings: 0

Query OK, 0 rows affected (2.24 sec)
Records: 0  Duplicates: 0  Warnings: 0

Query OK, 0 rows affected (1.18 sec)
Records: 0  Duplicates: 0  Warnings: 0

Query OK, 0 rows affected (0.02 sec)

Query OK, 41308 rows affected (1 min 20.69 sec)
Records: 41308  Duplicates: 0  Warnings: 0

+--------------+
| clientreport |
+--------------+
|        41308 |
+--------------+
1 row in set (0.02 sec)

Query OK, 0 rows affected (0.03 sec)

Query OK, 41308 rows affected (10.37 sec)
Records: 41308  Duplicates: 0  Warnings: 0

+----------------------+
| clientextendedreport |
+----------------------+
|                41308 |
+----------------------+
1 row in set (0.02 sec)

Query OK, 0 rows affected (0.05 sec)

Query OK, 41308 rows affected (57.52 sec)
Records: 41308  Duplicates: 0  Warnings: 0

+---------+
| allcust |
+---------+
|   41308 |
+---------+
1 row in set (0.02 sec)

Query OK, 0 rows affected, 1 warning (0.02 sec)

Query OK, 5000 rows affected (0.53 sec)
Records: 5000  Duplicates: 0  Warnings: 0

Query OK, 0 rows affected (0.00 sec)

Query OK, 7079 rows affected (1.41 sec)
Records: 7079  Duplicates: 0  Warnings: 0

Query OK, 0 rows affected, 1 warning (0.00 sec)

Query OK, 5000 rows affected (0.52 sec)
Records: 5000  Duplicates: 0  Warnings: 0

Query OK, 0 rows affected (0.07 sec)

Query OK, 7407 rows affected (0.34 sec)
Records: 7407  Duplicates: 0  Warnings: 0

mysql> mysql \. C:\workspace\cloud\code\sql\_DailyScript\REVENUE_PER_NODE_MXK.sql
Query OK, 0 rows affected, 1 warning (0.00 sec)

Query OK, 4690 rows affected (4 min 37.86 sec)
Records: 4690  Duplicates: 0  Warnings: 0

Query OK, 0 rows affected, 1 warning (0.00 sec)

Terminal close -- query aborted
