    -> 
    -> mysql \. C:\workspace\cloud\code\sql\_DailyScript\_setdates.sql
Database changed
Query OK, 0 rows affected (0.00 sec)

Query OK, 0 rows affected (0.00 sec)

Query OK, 0 rows affected (0.00 sec)

Query OK, 0 rows affected (0.00 sec)

Query OK, 0 rows affected (0.00 sec)

Query OK, 0 rows affected (0.00 sec)

Query OK, 0 rows affected (0.00 sec)

Query OK, 0 rows affected (0.00 sec)

Query OK, 0 rows affected (0.00 sec)

Query OK, 0 rows affected (0.00 sec)

Query OK, 0 rows affected (0.00 sec)

Query OK, 0 rows affected (0.00 sec)

Query OK, 0 rows affected (0.00 sec)

Query OK, 0 rows affected (0.00 sec)

Query OK, 0 rows affected (0.00 sec)

Query OK, 0 rows affected (0.00 sec)

Query OK, 0 rows affected (0.00 sec)

Query OK, 0 rows affected (0.00 sec)

Query OK, 0 rows affected (0.00 sec)

Query OK, 0 rows affected (0.00 sec)

Query OK, 0 rows affected (0.00 sec)

mysql> mysql \. C:\workspace\cloud\code\sql\_DailyScript\currenttime.sql
+---------------------+
| currenttime         |
+---------------------+
| 2019-10-06 16:16:35 |
+---------------------+
1 row in set (0.00 sec)

mysql> 
mysql> mysql \. C:\workspace\cloud\code\sql\_DailyScript\load_RCB_VODTITLES.sql
Database changed
Query OK, 0 rows affected (0.00 sec)

Query OK, 7241 rows affected (0.11 sec)

Query OK, 7243 rows affected, 7243 warnings (0.31 sec)
Records: 7243  Deleted: 0  Skipped: 0  Warnings: 7243

Query OK, 0 rows affected (0.00 sec)

Query OK, 2 rows affected (0.02 sec)

+-----------+
| VODTITLES |
+-----------+
|      7701 |
+-----------+
1 row in set (0.00 sec)

+-----------+-----------+
| titletype | typecount |
+-----------+-----------+
| E         |      5746 |
| N         |       213 |
| T         |      1282 |
| NULL      |      7241 |
+-----------+-----------+
4 rows in set (0.05 sec)

mysql> mysql \. C:\workspace\cloud\code\sql\_DailyScript\currenttime.sql
+---------------------+
| currenttime         |
+---------------------+
| 2019-10-06 16:16:36 |
+---------------------+
1 row in set (0.00 sec)

mysql> 
mysql> mysql \. C:\workspace\cloud\code\sql\_DailyScript\DAILY-SCRIPT-LIVETV-STATS.sql
Database changed
Query OK, 0 rows affected (0.02 sec)

Query OK, 74700 rows affected (1.59 sec)
Records: 74700  Duplicates: 0  Warnings: 0

+------------+------------+----------+--------------+--------------+-----------+-------------+----------+--------+------+------------+---------+---------------+
| Table      | Non_unique | Key_name | Seq_in_index | Column_name  | Collation | Cardinality | Sub_part | Packed | Null | Index_type | Comment | Index_comment |
+------------+------------+----------+--------------+--------------+-----------+-------------+----------+--------+------+------------+---------+---------------+
| templivetv |          1 | idxtv1   |            1 | device       | A         |       74874 |     NULL | NULL   | YES  | BTREE      |         |               |
| templivetv |          1 | idxtv2   |            1 | sessionstart | A         |       74874 |     NULL | NULL   | YES  | BTREE      |         |               |
+------------+------------+----------+--------------+--------------+-----------+-------------+----------+--------+------+------------+---------+---------------+
2 rows in set (0.02 sec)

Query OK, 74218 rows affected (29.26 sec)
Records: 74218  Duplicates: 0  Warnings: 0

Query OK, 2716 rows affected (0.89 sec)
Records: 2716  Duplicates: 0  Warnings: 0

Query OK, 0 rows affected (0.00 sec)

Query OK, 0 rows affected (0.02 sec)

Query OK, 142 rows affected (0.15 sec)
Records: 142  Duplicates: 0  Warnings: 0

Query OK, 0 rows affected (0.01 sec)

Query OK, 91067 rows affected (22 min 1.11 sec)
Records: 91067  Duplicates: 0  Warnings: 0

+-----------------+
| rep_livetvstats |
+-----------------+
|           91067 |
+-----------------+
1 row in set (0.07 sec)

mysql> mysql \. C:\workspace\cloud\code\sql\_DailyScript\currenttime.sql
+---------------------+
| currenttime         |
+---------------------+
| 2019-10-06 16:39:09 |
+---------------------+
1 row in set (0.00 sec)

mysql> 
mysql> mysql \. C:\workspace\cloud\code\sql\_DailyScript\DAILY-SCRIPT-VODTS-STATS.sql
Database changed
Query OK, 0 rows affected (0.06 sec)

Query OK, 3201 rows affected (52.30 sec)
Records: 3201  Duplicates: 0  Warnings: 0

+---------+------------+----------+--------------+--------------+-----------+-------------+----------+--------+------+------------+---------+---------------+
| Table   | Non_unique | Key_name | Seq_in_index | Column_name  | Collation | Cardinality | Sub_part | Packed | Null | Index_type | Comment | Index_comment |
+---------+------------+----------+--------------+--------------+-----------+-------------+----------+--------+------+------------+---------+---------------+
| tempvod |          1 | idxtvod1 |            1 | device       | A         |        3122 |     NULL | NULL   | YES  | BTREE      |         |               |
| tempvod |          1 | idxtvod2 |            1 | sessionstart | A         |        3122 |     NULL | NULL   | YES  | BTREE      |         |               |
+---------+------------+----------+--------------+--------------+-----------+-------------+----------+--------+------+------------+---------+---------------+
2 rows in set (0.00 sec)

Query OK, 3186 rows affected (2.64 sec)
Records: 3186  Duplicates: 0  Warnings: 0

Query OK, 0 rows affected (0.04 sec)

Query OK, 352024 rows affected (40.02 sec)
Records: 352024  Duplicates: 0  Warnings: 0

+--------------+
| rep_vodstats |
+--------------+
|       352024 |
+--------------+
1 row in set (0.14 sec)

Database changed
Query OK, 0 rows affected (0.05 sec)

Query OK, 14319 rows affected (4 min 52.86 sec)
Records: 14319  Duplicates: 0  Warnings: 0

+--------+------------+----------+--------------+--------------+-----------+-------------+----------+--------+------+------------+---------+---------------+
| Table  | Non_unique | Key_name | Seq_in_index | Column_name  | Collation | Cardinality | Sub_part | Packed | Null | Index_type | Comment | Index_comment |
+--------+------------+----------+--------------+--------------+-----------+-------------+----------+--------+------+------------+---------+---------------+
| tempts |          1 | idxtts1  |            1 | device       | A         |       14492 |     NULL | NULL   | YES  | BTREE      |         |               |
| tempts |          1 | idxtts2  |            1 | sessionstart | A         |       14492 |     NULL | NULL   | YES  | BTREE      |         |               |
+--------+------------+----------+--------------+--------------+-----------+-------------+----------+--------+------+------------+---------+---------------+
2 rows in set (0.00 sec)

Query OK, 14300 rows affected (14.90 sec)
Records: 14300  Duplicates: 0  Warnings: 0

Query OK, 0 rows affected (0.01 sec)

Query OK, 25019 rows affected (4 min 29.03 sec)
Records: 25019  Duplicates: 0  Warnings: 0

+-------------+
| rep_tsstats |
+-------------+
|       25019 |
+-------------+
1 row in set (0.01 sec)

mysql> mysql \. C:\workspace\cloud\code\sql\_DailyScript\currenttime.sql
+---------------------+
| currenttime         |
+---------------------+
| 2019-10-06 16:50:21 |
+---------------------+
1 row in set (0.00 sec)

mysql> 
mysql> mysql \. C:\workspace\cloud\code\sql\_DailyScript\DAILY-SCRIPT-RADIO-STATS.sql
Database changed
Query OK, 0 rows affected (0.15 sec)

Query OK, 182439 rows affected (16.17 sec)
Records: 182439  Duplicates: 0  Warnings: 0

+-----------+------------+----------+--------------+--------------+-----------+-------------+----------+--------+------+------------+---------+---------------+
| Table     | Non_unique | Key_name | Seq_in_index | Column_name  | Collation | Cardinality | Sub_part | Packed | Null | Index_type | Comment | Index_comment |
+-----------+------------+----------+--------------+--------------+-----------+-------------+----------+--------+------+------------+---------+---------------+
| tempradio |          1 | idxtrad1 |            1 | device       | A         |      181301 |     NULL | NULL   | YES  | BTREE      |         |               |
| tempradio |          1 | idxtrad2 |            1 | sessionstart | A         |      181301 |     NULL | NULL   | YES  | BTREE      |         |               |
+-----------+------------+----------+--------------+--------------+-----------+-------------+----------+--------+------+------------+---------+---------------+
2 rows in set (0.00 sec)

Query OK, 362 rows affected (7.93 sec)
Records: 362  Duplicates: 0  Warnings: 0

Query OK, 0 rows affected (0.01 sec)

Query OK, 3389 rows affected (0.34 sec)
Records: 3389  Duplicates: 0  Warnings: 0

+----------------+
| rep_radiostats |
+----------------+
|           3389 |
+----------------+
1 row in set (0.00 sec)

mysql> mysql \. C:\workspace\cloud\code\sql\_DailyScript\currenttime.sql
+---------------------+
| currenttime         |
+---------------------+
| 2019-10-06 16:50:46 |
+---------------------+
1 row in set (0.00 sec)

mysql> 
mysql> mysql \. C:\workspace\cloud\code\sql\_DailyScript\DAILY_SCRIPT_TELEMETRY_PIVOT.sql
Query OK, 0 rows affected (0.00 sec)

Query OK, 148 rows affected (0.25 sec)
Records: 148  Duplicates: 0  Warnings: 0

Query OK, 0 rows affected (0.03 sec)

Query OK, 6234 rows affected (1.69 sec)
Records: 6234  Duplicates: 0  Warnings: 0

Query OK, 0 rows affected (0.01 sec)

Query OK, 6 rows affected (0.01 sec)
Records: 6  Duplicates: 0  Warnings: 0

Query OK, 0 rows affected (0.02 sec)

Query OK, 55 rows affected (0.10 sec)
Records: 55  Duplicates: 0  Warnings: 0

mysql> mysql \. C:\workspace\cloud\code\sql\_DailyScript\currenttime.sql
+---------------------+
| currenttime         |
+---------------------+
| 2019-10-06 16:50:48 |
+---------------------+
1 row in set (0.00 sec)

mysql> 
mysql> mysql \. C:\workspace\cloud\code\sql\_DailyScript\telemetry_livetv_ranking2019.sql
Query OK, 0 rows affected (0.01 sec)

Query OK, 148 rows affected (0.12 sec)
Records: 148  Duplicates: 0  Warnings: 0

mysql> mysql \. C:\workspace\cloud\code\sql\_DailyScript\currenttime.sql
+---------------------+
| currenttime         |
+---------------------+
| 2019-10-06 16:50:48 |
+---------------------+
1 row in set (0.00 sec)

mysql> 
mysql> mysql \. C:\workspace\cloud\code\sql\_DailyScript\telemetry_radio_ranking2019.sql
Query OK, 0 rows affected (0.00 sec)

Query OK, 6 rows affected (0.01 sec)
Records: 6  Duplicates: 0  Warnings: 0

mysql> mysql \. C:\workspace\cloud\code\sql\_DailyScript\currenttime.sql
+---------------------+
| currenttime         |
+---------------------+
| 2019-10-06 16:50:48 |
+---------------------+
1 row in set (0.00 sec)

mysql> 
mysql> mysql \. C:\workspace\cloud\code\sql\_DailyScript\telemetry_ts_ranking2019.sql
Query OK, 0 rows affected (0.02 sec)

Query OK, 55 rows affected (0.01 sec)
Records: 55  Duplicates: 0  Warnings: 0

mysql> mysql \. C:\workspace\cloud\code\sql\_DailyScript\currenttime.sql
+---------------------+
| currenttime         |
+---------------------+
| 2019-10-06 16:50:48 |
+---------------------+
1 row in set (0.00 sec)

mysql> 
mysql> mysql \. C:\workspace\cloud\code\sql\_DailyScript\telemetry_vod_ranking2019.sql
Query OK, 0 rows affected (0.01 sec)

Query OK, 6234 rows affected (0.73 sec)
Records: 6234  Duplicates: 0  Warnings: 0

mysql> mysql \. C:\workspace\cloud\code\sql\_DailyScript\currenttime.sql
+---------------------+
| currenttime         |
+---------------------+
| 2019-10-06 16:50:49 |
+---------------------+
1 row in set (0.00 sec)

mysql> 
mysql> mysql \. C:\workspace\cloud\code\sql\_DailyScript\telemetry_vod_ranking2019_1.sql
Query OK, 0 rows affected (0.03 sec)

Query OK, 6234 rows affected (0.23 sec)
Records: 6234  Duplicates: 0  Warnings: 0

mysql> mysql \. C:\workspace\cloud\code\sql\_DailyScript\currenttime.sql
+---------------------+
| currenttime         |
+---------------------+
| 2019-10-06 16:50:49 |
+---------------------+
1 row in set (0.00 sec)

mysql> 
mysql> mysql \. C:\workspace\cloud\code\sql\_DailyScript\telemetry_vod_ranking2019_2.sql
Query OK, 0 rows affected (0.06 sec)

Query OK, 6234 rows affected (0.30 sec)
Records: 6234  Duplicates: 0  Warnings: 0

mysql> mysql \. C:\workspace\cloud\code\sql\_DailyScript\currenttime.sql
+---------------------+
| currenttime         |
+---------------------+
| 2019-10-06 16:50:50 |
+---------------------+
1 row in set (0.00 sec)

mysql> 
mysql> mysql \. C:\workspace\cloud\code\sql\_DailyScript\DAILY-SCRIPT-CREATE-LOAD.sql
Database changed
Database changed
Query OK, 0 rows affected (0.04 sec)

Query OK, 0 rows affected (0.01 sec)

Database changed
Query OK, 65747 rows affected (3.90 sec)
Records: 65747  Deleted: 0  Skipped: 0  Warnings: 0

Query OK, 0 rows affected (0.34 sec)
Records: 0  Duplicates: 0  Warnings: 0

Query OK, 0 rows affected (0.32 sec)
Records: 0  Duplicates: 0  Warnings: 0

Query OK, 0 rows affected (0.41 sec)
Records: 0  Duplicates: 0  Warnings: 0

Query OK, 0 rows affected (0.35 sec)
Records: 0  Duplicates: 0  Warnings: 0

+---------+
| clients |
+---------+
|   65747 |
+---------+
1 row in set (0.02 sec)

Query OK, 0 rows affected (0.01 sec)

Query OK, 2351 rows affected (0.76 sec)
Records: 2351  Duplicates: 0  Warnings: 0

+-------------------+
| rcb_clientparcels |
+-------------------+
|              2351 |
+-------------------+
1 row in set (0.00 sec)

Query OK, 0 rows affected (0.02 sec)

Query OK, 85674 rows affected (4.74 sec)
Records: 85674  Duplicates: 0  Warnings: 0

Query OK, 0 rows affected (0.35 sec)
Records: 0  Duplicates: 0  Warnings: 0

Query OK, 0 rows affected (0.14 sec)

Query OK, 65747 rows affected (3.70 sec)
Records: 65747  Duplicates: 0  Warnings: 0

Query OK, 0 rows affected (0.24 sec)
Records: 0  Duplicates: 0  Warnings: 0

Query OK, 0 rows affected (0.37 sec)
Records: 0  Duplicates: 0  Warnings: 0

Query OK, 0 rows affected (0.23 sec)
Records: 0  Duplicates: 0  Warnings: 0

+---------------+
| clientaddress |
+---------------+
|         65747 |
+---------------+
1 row in set (0.02 sec)

Database changed
Query OK, 0 rows affected (0.07 sec)

Query OK, 0 rows affected (0.01 sec)

Database changed
Query OK, 489069 rows affected, 65535 warnings (21.43 sec)
Records: 489069  Deleted: 0  Skipped: 0  Warnings: 192128

Query OK, 0 rows affected (5.51 sec)
Records: 0  Duplicates: 0  Warnings: 0

Query OK, 0 rows affected (3.51 sec)
Records: 0  Duplicates: 0  Warnings: 0

Query OK, 0 rows affected (2.14 sec)
Records: 0  Duplicates: 0  Warnings: 0

Query OK, 0 rows affected (0.04 sec)

Query OK, 489069 rows affected (59.09 sec)
Records: 489069  Duplicates: 0  Warnings: 0

Query OK, 0 rows affected (2.39 sec)
Records: 0  Duplicates: 0  Warnings: 0

Query OK, 0 rows affected (2.02 sec)
Records: 0  Duplicates: 0  Warnings: 0

+-----------+
| contracts |
+-----------+
|    489069 |
+-----------+
1 row in set (0.22 sec)

+-----------------+
| contractaddress |
+-----------------+
|          489069 |
+-----------------+
1 row in set (0.17 sec)

Database changed
Query OK, 0 rows affected (0.01 sec)

Query OK, 0 rows affected (0.02 sec)

Query OK, 7087 rows affected (0.19 sec)
Records: 7087  Deleted: 0  Skipped: 0  Warnings: 0

Query OK, 0 rows affected (0.09 sec)

Query OK, 7056 rows affected (2.94 sec)
Records: 7056  Duplicates: 0  Warnings: 0

Query OK, 0 rows affected (0.04 sec)
Records: 0  Duplicates: 0  Warnings: 0

Query OK, 0 rows affected (0.08 sec)

Query OK, 5535 rows affected (0.21 sec)
Records: 5535  Duplicates: 0  Warnings: 0

Query OK, 0 rows affected (0.03 sec)
Records: 0  Duplicates: 0  Warnings: 0

+-------------------+
| contractdiscounts |
+-------------------+
|              7087 |
+-------------------+
1 row in set (0.01 sec)

+-------------------------+
| clientcontractdiscounts |
+-------------------------+
|                    7056 |
+-------------------------+
1 row in set (0.00 sec)

+----------------------------+
| clientcontractlastdiscount |
+----------------------------+
|                       5535 |
+----------------------------+
1 row in set (0.00 sec)

Database changed
Query OK, 0 rows affected (0.08 sec)

Query OK, 0 rows affected (0.01 sec)

Database changed
Query OK, 130667 rows affected (4.38 sec)
Records: 130667  Deleted: 0  Skipped: 0  Warnings: 0

Query OK, 0 rows affected (0.69 sec)
Records: 0  Duplicates: 0  Warnings: 0

Query OK, 0 rows affected (0.42 sec)
Records: 0  Duplicates: 0  Warnings: 0

Query OK, 0 rows affected (0.59 sec)
Records: 0  Duplicates: 0  Warnings: 0

Query OK, 0 rows affected (0.58 sec)
Records: 0  Duplicates: 0  Warnings: 0

Query OK, 0 rows affected (0.59 sec)
Records: 0  Duplicates: 0  Warnings: 0

Query OK, 0 rows affected (1.08 sec)
Records: 0  Duplicates: 0  Warnings: 0

Query OK, 0 rows affected (0.03 sec)

Query OK, 1669582 rows affected (3 min 46.29 sec)
Records: 1669582  Duplicates: 0  Warnings: 0

+---------+
| devices |
+---------+
|  130667 |
+---------+
1 row in set (0.06 sec)

+-----------------------+
| clientcontractdevices |
+-----------------------+
|               1669582 |
+-----------------------+
1 row in set (0.92 sec)

Query OK, 0 rows affected (0.03 sec)

Query OK, 130612 rows affected (8.74 sec)
Records: 130612  Duplicates: 0  Warnings: 0

+---------------------------+
| rep_clientcontractdevices |
+---------------------------+
|                    130612 |
+---------------------------+
1 row in set (0.05 sec)

Database changed
Query OK, 0 rows affected (0.02 sec)

Query OK, 0 rows affected (0.01 sec)

Query OK, 257903 rows affected (8.61 sec)
Records: 257903  Deleted: 0  Skipped: 0  Warnings: 0

Query OK, 0 rows affected (0.94 sec)
Records: 0  Duplicates: 0  Warnings: 0

Query OK, 0 rows affected (0.79 sec)
Records: 0  Duplicates: 0  Warnings: 0

Query OK, 0 rows affected (0.76 sec)
Records: 0  Duplicates: 0  Warnings: 0

Query OK, 0 rows affected (0.73 sec)
Records: 0  Duplicates: 0  Warnings: 0

+---------+
| tickets |
+---------+
|  257903 |
+---------+
1 row in set (0.09 sec)

Database changed
Query OK, 0 rows affected (0.05 sec)

Query OK, 0 rows affected (0.01 sec)

Empty set (0.00 sec)

Query OK, 0 rows affected (0.01 sec)
Records: 0  Duplicates: 0  Warnings: 0

Query OK, 316 rows affected, 2 warnings (0.04 sec)
Records: 316  Deleted: 0  Skipped: 0  Warnings: 2

+-----------------+
| tickettechusers |
+-----------------+
|             316 |
+-----------------+
1 row in set (0.00 sec)

Database changed
Query OK, 0 rows affected (0.01 sec)

Query OK, 0 rows affected (0.01 sec)

Query OK, 0 rows affected (0.01 sec)
Records: 0  Duplicates: 0  Warnings: 0

Query OK, 543584 rows affected, 42954 warnings (11.85 sec)
Records: 543584  Deleted: 0  Skipped: 0  Warnings: 42954

+-------------------+
| ticketassignments |
+-------------------+
|            543584 |
+-------------------+
1 row in set (0.19 sec)

Database changed
Query OK, 0 rows affected (0.04 sec)

Query OK, 0 rows affected (0.00 sec)

Query OK, 1127603 rows affected (19.34 sec)
Records: 1127603  Deleted: 0  Skipped: 0  Warnings: 0

Query OK, 0 rows affected (9.31 sec)
Records: 0  Duplicates: 0  Warnings: 0

Query OK, 0 rows affected (3.85 sec)
Records: 0  Duplicates: 0  Warnings: 0

Query OK, 0 rows affected (3.39 sec)
Records: 0  Duplicates: 0  Warnings: 0

Query OK, 0 rows affected (3.62 sec)
Records: 0  Duplicates: 0  Warnings: 0

+----------------+
| ticketcomments |
+----------------+
|        1127603 |
+----------------+
1 row in set (0.47 sec)

Database changed
Query OK, 0 rows affected (0.16 sec)

Query OK, 0 rows affected (0.01 sec)

Query OK, 419593 rows affected (52.47 sec)
Records: 419593  Deleted: 0  Skipped: 0  Warnings: 0

Query OK, 0 rows affected (2.89 sec)
Records: 0  Duplicates: 0  Warnings: 0

+----------+
| comments |
+----------+
|   419593 |
+----------+
1 row in set (0.15 sec)

Database changed
Query OK, 0 rows affected (0.09 sec)

Query OK, 0 rows affected (0.01 sec)

Query OK, 978124 rows affected, 65535 warnings (1 min 8.86 sec)
Records: 978124  Deleted: 0  Skipped: 0  Warnings: 978125

Query OK, 0 rows affected (6.62 sec)
Records: 0  Duplicates: 0  Warnings: 0

Query OK, 0 rows affected (4.04 sec)
Records: 0  Duplicates: 0  Warnings: 0

Query OK, 0 rows affected (5.27 sec)
Records: 0  Duplicates: 0  Warnings: 0

Query OK, 0 rows affected (3.83 sec)
Records: 0  Duplicates: 0  Warnings: 0

Query OK, 0 rows affected (5.99 sec)
Records: 0  Duplicates: 0  Warnings: 0

+------------+
| devicesold |
+------------+
|     978124 |
+------------+
1 row in set (0.49 sec)

Database changed
Query OK, 0 rows affected (0.29 sec)

Query OK, 0 rows affected (0.01 sec)

Query OK, 1662994 rows affected (30.14 sec)
Records: 1662994  Deleted: 0  Skipped: 0  Warnings: 0

Query OK, 0 rows affected (11.82 sec)
Records: 0  Duplicates: 0  Warnings: 0

Query OK, 0 rows affected (5.62 sec)
Records: 0  Duplicates: 0  Warnings: 0

Query OK, 0 rows affected (6.61 sec)
Records: 0  Duplicates: 0  Warnings: 0

+------------------+
| contractservices |
+------------------+
|          1662994 |
+------------------+
1 row in set (0.62 sec)

Database changed
Query OK, 0 rows affected (0.09 sec)

Query OK, 0 rows affected (0.01 sec)

Query OK, 3796868 rows affected (2 min 19.14 sec)
Records: 3796868  Deleted: 0  Skipped: 0  Warnings: 0

Query OK, 0 rows affected (19.14 sec)
Records: 0  Duplicates: 0  Warnings: 0

Query OK, 0 rows affected (17.05 sec)
Records: 0  Duplicates: 0  Warnings: 0

Query OK, 0 rows affected (17.26 sec)
Records: 0  Duplicates: 0  Warnings: 0

Query OK, 0 rows affected (16.87 sec)
Records: 0  Duplicates: 0  Warnings: 0

+------------------+
| invoicescontents |
+------------------+
|          3796868 |
+------------------+
1 row in set (1.57 sec)

Database changed
Query OK, 0 rows affected (0.24 sec)

Query OK, 0 rows affected (0.01 sec)

Query OK, 2634426 rows affected (3 min 38.85 sec)
Records: 2634426  Deleted: 0  Skipped: 0  Warnings: 0

Query OK, 0 rows affected (17.84 sec)
Records: 0  Duplicates: 0  Warnings: 0

Query OK, 0 rows affected (15.14 sec)
Records: 0  Duplicates: 0  Warnings: 0

Query OK, 0 rows affected (14.22 sec)
Records: 0  Duplicates: 0  Warnings: 0

Query OK, 0 rows affected (14.78 sec)
Records: 0  Duplicates: 0  Warnings: 0

Query OK, 0 rows affected (12.16 sec)
Records: 0  Duplicates: 0  Warnings: 0

+----------------+
| invoicesheader |
+----------------+
|        2634426 |
+----------------+
1 row in set (1.01 sec)

Database changed
Query OK, 0 rows affected (0.19 sec)

Query OK, 0 rows affected (0.01 sec)

Query OK, 2742269 rows affected (1 min 40.60 sec)
Records: 2742269  Deleted: 0  Skipped: 0  Warnings: 0

Query OK, 0 rows affected (13.98 sec)
Records: 0  Duplicates: 0  Warnings: 0

Query OK, 0 rows affected (11.28 sec)
Records: 0  Duplicates: 0  Warnings: 0

Query OK, 0 rows affected (10.52 sec)
Records: 0  Duplicates: 0  Warnings: 0

Query OK, 0 rows affected (10.45 sec)
Records: 0  Duplicates: 0  Warnings: 0

+---------+
| casa    |
+---------+
| 2742269 |
+---------+
1 row in set (1.03 sec)

Query OK, 0 rows affected (0.03 sec)

Query OK, 12986 rows affected (1 min 35.11 sec)
Records: 12986  Duplicates: 0  Warnings: 0

+--------------------+
| rep_paycol_channel |
+--------------------+
|              12986 |
+--------------------+
1 row in set (0.01 sec)

Query OK, 0 rows affected (0.01 sec)

Query OK, 8726 rows affected (1 min 49.63 sec)
Records: 8726  Duplicates: 0  Warnings: 0

+----------------+
| rep_paycol_pos |
+----------------+
|           8726 |
+----------------+
1 row in set (0.01 sec)

Database changed
Query OK, 0 rows affected (0.01 sec)

Query OK, 0 rows affected (0.01 sec)

Database changed
Query OK, 38524 rows affected (0.95 sec)
Records: 38524  Deleted: 0  Skipped: 0  Warnings: 0

+-------+
| users |
+-------+
| 38524 |
+-------+
1 row in set (0.02 sec)

Database changed
Query OK, 0 rows affected (0.05 sec)

Query OK, 0 rows affected (0.01 sec)

Database changed
Query OK, 9773313 rows affected (2 min 26.74 sec)
Records: 9773313  Deleted: 0  Skipped: 0  Warnings: 0

Query OK, 0 rows affected (41.54 sec)
Records: 0  Duplicates: 0  Warnings: 0

Query OK, 0 rows affected (39.84 sec)
Records: 0  Duplicates: 0  Warnings: 0

Query OK, 0 rows affected (43.71 sec)
Records: 0  Duplicates: 0  Warnings: 0

Query OK, 0 rows affected (45.29 sec)
Records: 0  Duplicates: 0  Warnings: 0

+----------+
| ipusage1 |
+----------+
|  9773313 |
+----------+
1 row in set (11.06 sec)

Query OK, 0 rows affected (0.21 sec)

Query OK, 9857797 rows affected, 65535 warnings (14 min 19.42 sec)
Records: 9857797  Duplicates: 0  Warnings: 9855004

Query OK, 0 rows affected (36.53 sec)
Records: 0  Duplicates: 0  Warnings: 0

Query OK, 0 rows affected (42.00 sec)
Records: 0  Duplicates: 0  Warnings: 0

Query OK, 0 rows affected (40.71 sec)
Records: 0  Duplicates: 0  Warnings: 0

Query OK, 0 rows affected (41.92 sec)
Records: 0  Duplicates: 0  Warnings: 0

Query OK, 0 rows affected (58.24 sec)
Records: 0  Duplicates: 0  Warnings: 0

Query OK, 0 rows affected (1 min 1.65 sec)
Records: 0  Duplicates: 0  Warnings: 0

Query OK, 0 rows affected (1 min 6.85 sec)
Records: 0  Duplicates: 0  Warnings: 0

+---------+
| ipusage |
+---------+
| 9857797 |
+---------+
1 row in set (9.57 sec)

Query OK, 0 rows affected (0.06 sec)

Query OK, 2515376 rows affected (3 min 1.72 sec)
Records: 2515376  Duplicates: 0  Warnings: 0

Query OK, 0 rows affected (14.71 sec)
Records: 0  Duplicates: 0  Warnings: 0

Query OK, 0 rows affected (6.69 sec)
Records: 0  Duplicates: 0  Warnings: 0

Query OK, 0 rows affected (10.88 sec)
Records: 0  Duplicates: 0  Warnings: 0

Query OK, 0 rows affected (13.53 sec)
Records: 0  Duplicates: 0  Warnings: 0

Query OK, 0 rows affected (8.70 sec)
Records: 0  Duplicates: 0  Warnings: 0

Query OK, 0 rows affected (0.02 sec)

Query OK, 195825 rows affected (25.51 sec)
Records: 195825  Duplicates: 0  Warnings: 0

Query OK, 0 rows affected (0.82 sec)
Records: 0  Duplicates: 0  Warnings: 0

Query OK, 0 rows affected (0.77 sec)
Records: 0  Duplicates: 0  Warnings: 0

Query OK, 0 rows affected (0.90 sec)
Records: 0  Duplicates: 0  Warnings: 0

Query OK, 0 rows affected (0.50 sec)
Records: 0  Duplicates: 0  Warnings: 0

Query OK, 0 rows affected (0.51 sec)
Records: 0  Duplicates: 0  Warnings: 0

Query OK, 0 rows affected (0.04 sec)

Query OK, 1662813 rows affected (1 min 7.78 sec)
Records: 1662813  Duplicates: 0  Warnings: 0

Query OK, 0 rows affected (9.91 sec)
Records: 0  Duplicates: 0  Warnings: 0

Query OK, 0 rows affected (4.30 sec)
Records: 0  Duplicates: 0  Warnings: 0

Query OK, 0 rows affected (7.93 sec)
Records: 0  Duplicates: 0  Warnings: 0

mysql> mysql \. C:\workspace\cloud\code\sql\_DailyScript\currenttime.sql
+---------------------+
| currenttime         |
+---------------------+
| 2019-10-06 17:47:21 |
+---------------------+
1 row in set (0.00 sec)

mysql> 
mysql> mysql \. C:\workspace\cloud\code\sql\_DailyScript\ticket_analysis.sql
Database changed
Query OK, 0 rows affected (0.02 sec)

Query OK, 488583 rows affected (25.36 sec)
Records: 488583  Duplicates: 0  Warnings: 0

Query OK, 0 rows affected (8.08 sec)
Records: 0  Duplicates: 0  Warnings: 0

Query OK, 0 rows affected (1.71 sec)
Records: 0  Duplicates: 0  Warnings: 0

Query OK, 0 rows affected (1.65 sec)
Records: 0  Duplicates: 0  Warnings: 0

Query OK, 0 rows affected (0.02 sec)

Query OK, 16836 rows affected (12.34 sec)
Records: 16836  Duplicates: 0  Warnings: 0

Query OK, 0 rows affected, 1 warning (0.00 sec)

Query OK, 67210 rows affected (7.34 sec)
Records: 67210  Duplicates: 0  Warnings: 0

Query OK, 0 rows affected, 1 warning (0.00 sec)

Query OK, 349298 rows affected (14.63 sec)
Records: 349298  Duplicates: 0  Warnings: 0

Query OK, 0 rows affected, 1 warning (0.00 sec)

Query OK, 349298 rows affected (15.80 sec)
Records: 349298  Duplicates: 0  Warnings: 0

Query OK, 0 rows affected (0.01 sec)

Query OK, 67256 rows affected (6.56 sec)
Records: 67256  Duplicates: 0  Warnings: 0

Database changed
Query OK, 0 rows affected (0.00 sec)

Query OK, 0 rows affected (0.02 sec)

Query OK, 488583 rows affected (23.47 sec)
Records: 488583  Duplicates: 0  Warnings: 0

Query OK, 0 rows affected (0.07 sec)

Query OK, 236137 rows affected (17.30 sec)
Records: 236137  Duplicates: 0  Warnings: 0

+--------------------------+
| clientticket_cmmtjourney |
+--------------------------+
|                   488583 |
+--------------------------+
1 row in set (5.03 sec)

+---------------------------+
| clientticket_assgnjourney |
+---------------------------+
|                    236137 |
+---------------------------+
1 row in set (0.33 sec)

Query OK, 0 rows affected (0.01 sec)

Query OK, 71 rows affected (0.11 sec)
Records: 71  Duplicates: 0  Warnings: 0

mysql> mysql \. C:\workspace\cloud\code\sql\_DailyScript\currenttime.sql
+---------------------+
| currenttime         |
+---------------------+
| 2019-10-06 17:49:41 |
+---------------------+
1 row in set (0.00 sec)

mysql> 
mysql> mysql \. C:\workspace\cloud\code\sql\_DailyScript\load_DailyCalls.sql
Database changed
Query OK, 311 rows affected (0.62 sec)
Records: 311  Deleted: 0  Skipped: 0  Warnings: 0

Query OK, 0 rows affected, 1 warning (0.00 sec)

Query OK, 299 rows affected (0.33 sec)
Records: 299  Duplicates: 0  Warnings: 0

Query OK, 0 rows affected, 1 warning (0.00 sec)

Query OK, 67561 rows affected (0.41 sec)
Records: 67561  Duplicates: 0  Warnings: 0

+----------------------+
| callingclientsbefore |
+----------------------+
|               761512 |
+----------------------+
1 row in set (1.22 sec)

Query OK, 436 rows affected (8.33 sec)
Records: 436  Duplicates: 0  Warnings: 0

+---------------------+
| callingclientsafter |
+---------------------+
|              761948 |
+---------------------+
1 row in set (0.26 sec)

Query OK, 0 rows affected (0.01 sec)

Query OK, 229 rows affected (13.53 sec)
Records: 229  Duplicates: 0  Warnings: 0

Query OK, 0 rows affected (0.00 sec)

Query OK, 15735 rows affected (3.00 sec)
Records: 15735  Duplicates: 0  Warnings: 0

+-----------+
| callstats |
+-----------+
|     15735 |
+-----------+
1 row in set (0.01 sec)

Query OK, 0 rows affected, 1 warning (0.00 sec)

Query OK, 436 rows affected (22.50 sec)
Records: 436  Duplicates: 0  Warnings: 0

+------------------------+
| rep_cccallreportbefore |
+------------------------+
|                 765349 |
+------------------------+
1 row in set (0.27 sec)

Query OK, 436 rows affected (1.43 sec)
Records: 436  Duplicates: 0  Warnings: 0

+-----------------------+
| rep_cccallreportafter |
+-----------------------+
|                765785 |
+-----------------------+
1 row in set (0.27 sec)

Query OK, 0 rows affected (0.00 sec)

mysql> mysql \. C:\workspace\cloud\code\sql\_DailyScript\currenttime.sql
+---------------------+
| currenttime         |
+---------------------+
| 2019-10-06 17:50:33 |
+---------------------+
1 row in set (0.00 sec)

mysql> 
mysql> mysql \. C:\workspace\cloud\code\sql\_DailyScript\DAILY-SCRIPT-USAGE.sql
Database changed
Query OK, 0 rows affected (0.00 sec)

ERROR 2 (HY000): File 'C:\ProgramData\MySQL\MySQL Server 5.7\Uploads\_csv\cdrUsageClient-Capped-05102019.csv' not found (Errcode: 2 - No such file or directory)
Query OK, 0 rows affected (0.00 sec)

ERROR 2 (HY000): File 'C:\ProgramData\MySQL\MySQL Server 5.7\Uploads\_csv\cdrUsageClient-UnCapped-05102019.csv' not found (Errcode: 2 - No such file or directory)
Query OK, 0 rows affected (0.00 sec)

ERROR 2 (HY000): File 'C:\ProgramData\MySQL\MySQL Server 5.7\Uploads\_csv\cdrUsageClient-PREPAID-05102019.csv' not found (Errcode: 2 - No such file or directory)
Query OK, 0 rows affected (0.00 sec)

ERROR 2 (HY000): File 'C:\ProgramData\MySQL\MySQL Server 5.7\Uploads\_csv\cdrUsageClient-Hotspot-05102019.csv' not found (Errcode: 2 - No such file or directory)
+------------+
| dailyusage |
+------------+
|    8086288 |
+------------+
1 row in set (28.45 sec)

+------------+------------+------------+---------+
| datestart  | dateend    | insertedon | records |
+------------+------------+------------+---------+
| 2019-10-04 | 2019-10-04 | 2019-10-05 |   17967 |
| 2019-10-03 | 2019-10-03 | 2019-10-04 |   17853 |
| 2019-10-02 | 2019-10-02 | 2019-10-03 |   17787 |
| 2019-10-01 | 2019-10-01 | 2019-10-02 |   17699 |
| 2019-09-30 | 2019-09-30 | 2019-10-01 |   17582 |
+------------+------------+------------+---------+
5 rows in set (2 min 56.79 sec)

mysql> mysql \. C:\workspace\cloud\code\sql\_DailyScript\currenttime.sql
+---------------------+
| currenttime         |
+---------------------+
| 2019-10-06 17:53:58 |
+---------------------+
1 row in set (0.00 sec)

mysql> 
mysql> mysql \. C:\workspace\cloud\code\sql\_DailyScript\DAILY-SCRIPT-SALES-TELEMETRY.sql
Database changed
ERROR 2 (HY000): File 'C:\ProgramData\MySQL\MySQL Server 5.7\Uploads\_csv\SalesReport-05102019-1.csv' not found (Errcode: 2 - No such file or directory)
+------------+
| dailysales |
+------------+
|     169456 |
+------------+
1 row in set (0.57 sec)

Query OK, 0 rows affected (0.02 sec)

Query OK, 169456 rows affected (23.26 sec)
Records: 169456  Duplicates: 0  Warnings: 0

+--------+
| sales  |
+--------+
| 169456 |
+--------+
1 row in set (0.09 sec)

Query OK, 0 rows affected (0.09 sec)

Query OK, 2713 rows affected (0.38 sec)
Records: 2713  Duplicates: 0  Warnings: 0

+----------------+
| rep_dailysales |
+----------------+
|           2713 |
+----------------+
1 row in set (0.00 sec)

Query OK, 0 rows affected (0.00 sec)

Query OK, 2713 rows affected (0.58 sec)
Records: 2713  Duplicates: 0  Warnings: 0

+-------------------+
| rep_dailysalesreg |
+-------------------+
|              2713 |
+-------------------+
1 row in set (0.00 sec)

Query OK, 0 rows affected (0.01 sec)

Query OK, 2540 rows affected (0.74 sec)
Records: 2540  Duplicates: 0  Warnings: 0

+-----------+
| saleslist |
+-----------+
|      2540 |
+-----------+
1 row in set (0.00 sec)

Database changed
ERROR 2 (HY000): File 'C:\ProgramData\MySQL\MySQL Server 5.7\Uploads\_csv\PrepaidCardSales-05102019-P1.csv' not found (Errcode: 2 - No such file or directory)
+------------------+
| dailysinglesales |
+------------------+
|             5978 |
+------------------+
1 row in set (0.09 sec)

Database changed
ERROR 2 (HY000): File 'C:\ProgramData\MySQL\MySQL Server 5.7\Uploads\_csv\Sales-Addon-05102019.csv' not found (Errcode: 2 - No such file or directory)
+-----------------+
| dailyaddonsales |
+-----------------+
|           17134 |
+-----------------+
1 row in set (0.11 sec)

ERROR 2 (HY000): File 'C:\ProgramData\MySQL\MySQL Server 5.7\Uploads\_csv\eBarclays-PaymentsList-05102019.csv' not found (Errcode: 2 - No such file or directory)
+----------------+
| onlinepayments |
+----------------+
|          66492 |
+----------------+
1 row in set (0.18 sec)

+-------------+----------------+---------------------+
| paymentdate | onlinepayments | onlinepaymentamount |
+-------------+----------------+---------------------+
| 2019-10-04  |            103 |         67550.24000 |
| 2019-10-03  |            104 |         73366.31000 |
| 2019-10-02  |            134 |         95740.53000 |
| 2019-10-01  |            176 |        129819.17000 |
| 2019-09-30  |            170 |        104262.73000 |
+-------------+----------------+---------------------+
5 rows in set (2.46 sec)

+-------------+--------------+----------------+---------------------+
| paymentyear | paymentmonth | onlinepayments | onlinepaymentamount |
+-------------+--------------+----------------+---------------------+
|        2019 |           10 |            517 |        366476.25000 |
|        2019 |            9 |           3167 |       2039048.12000 |
|        2019 |            8 |           3117 |       1993718.27000 |
|        2019 |            7 |           3028 |       2000847.29000 |
|        2019 |            6 |           2798 |       1782990.54000 |
+-------------+--------------+----------------+---------------------+
5 rows in set (0.09 sec)

mysql> mysql \. C:\workspace\cloud\code\sql\_DailyScript\currenttime.sql
+---------------------+
| currenttime         |
+---------------------+
| 2019-10-06 17:54:27 |
+---------------------+
1 row in set (0.00 sec)

mysql> 
mysql> mysql \. C:\workspace\cloud\code\sql\_DailyScript\DAILY-SCRIPT-ACTIVENUMBERS.sql
Database changed
ERROR 2 (HY000): File 'C:\ProgramData\MySQL\MySQL Server 5.7\Uploads\_csv\DailySubscriptionStats-05102019.csv' not found (Errcode: 2 - No such file or directory)
+------------+----------+
| period     | count(1) |
+------------+----------+
| 2019-10-04 |     1252 |
| 2019-10-03 |     1253 |
| 2019-10-02 |     1252 |
| 2019-10-01 |     1252 |
| 2019-09-30 |     1257 |
| 2019-09-29 |     1256 |
+------------+----------+
6 rows in set (0.04 sec)

Query OK, 0 rows affected (0.01 sec)

Query OK, 0 rows affected (0.36 sec)
Records: 0  Duplicates: 0  Warnings: 0

+-------------+
| packagelist |
+-------------+
|           0 |
+-------------+
1 row in set (0.00 sec)

Database changed
Query OK, 0 rows affected (0.01 sec)

Query OK, 0 rows affected (0.00 sec)

Query OK, 0 rows affected (0.00 sec)

Query OK, 0 rows affected (0.00 sec)

ERROR 2 (HY000): File 'C:\ProgramData\MySQL\MySQL Server 5.7\Uploads\_csv\2019-10-05;2019-10-05.csv' not found (Errcode: 2 - No such file or directory)
+------------+----------+
| period     | count(1) |
+------------+----------+
| 2019-10-04 |    26925 |
| 2019-10-03 |    26872 |
| 2019-10-02 |    26907 |
| 2019-10-01 |    26924 |
| 2019-09-30 |    26777 |
+------------+----------+
5 rows in set (0.16 sec)

Query OK, 0 rows affected (0.03 sec)

Query OK, 0 rows affected (0.06 sec)
Records: 0  Duplicates: 0  Warnings: 0

Query OK, 0 rows affected (0.01 sec)
Records: 0  Duplicates: 0  Warnings: 0

Query OK, 0 rows affected (0.01 sec)
Records: 0  Duplicates: 0  Warnings: 0

Query OK, 0 rows affected (0.01 sec)
Records: 0  Duplicates: 0  Warnings: 0

Query OK, 0 rows affected (0.01 sec)
Records: 0  Duplicates: 0  Warnings: 0

Query OK, 0 rows affected (0.01 sec)
Records: 0  Duplicates: 0  Warnings: 0

Query OK, 0 rows affected (0.01 sec)
Records: 0  Duplicates: 0  Warnings: 0

+-------------+
| countbefore |
+-------------+
|    29880396 |
+-------------+
1 row in set (1 min 27.14 sec)

Query OK, 0 rows affected (0.00 sec)
Records: 0  Duplicates: 0  Warnings: 0

+------------+
| countafter |
+------------+
|   29880396 |
+------------+
1 row in set (11.35 sec)

+------------+--------------------------+
| period     | customercontractactivity |
+------------+--------------------------+
| 2019-10-04 |                    26300 |
| 2019-10-03 |                    26247 |
| 2019-10-02 |                    26283 |
| 2019-10-01 |                    26300 |
| 2019-09-30 |                    26153 |
+------------+--------------------------+
5 rows in set (0.08 sec)

Query OK, 0 rows affected (0.05 sec)

Query OK, 230287 rows affected (17 min 2.48 sec)
Records: 230287  Duplicates: 0  Warnings: 0

Query OK, 0 rows affected (1.12 sec)
Records: 0  Duplicates: 0  Warnings: 0

Query OK, 0 rows affected (1.18 sec)
Records: 0  Duplicates: 0  Warnings: 0

Query OK, 0 rows affected (1.14 sec)
Records: 0  Duplicates: 0  Warnings: 0

Query OK, 0 rows affected (0.02 sec)

Query OK, 0 rows affected (0.31 sec)
Records: 0  Duplicates: 0  Warnings: 0

Query OK, 0 rows affected (0.01 sec)

Query OK, 0 rows affected (0.00 sec)
Records: 0  Duplicates: 0  Warnings: 0

Query OK, 0 rows affected (0.03 sec)

Query OK, 0 rows affected (0.01 sec)
Records: 0  Duplicates: 0  Warnings: 0

Query OK, 0 rows affected (0.02 sec)

Query OK, 0 rows affected (0.03 sec)
Records: 0  Duplicates: 0  Warnings: 0

Query OK, 0 rows affected (0.01 sec)

Query OK, 0 rows affected (0.00 sec)
Records: 0  Duplicates: 0  Warnings: 0

Query OK, 0 rows affected (0.02 sec)

Query OK, 0 rows affected (0.01 sec)
Records: 0  Duplicates: 0  Warnings: 0

Query OK, 0 rows affected (0.03 sec)

Query OK, 0 rows affected (0.01 sec)
Records: 0  Duplicates: 0  Warnings: 0

+-------------+
| clientstats |
+-------------+
|           0 |
+-------------+
1 row in set (0.00 sec)

Query OK, 0 rows affected (0.01 sec)

Query OK, 0 rows affected, 1 warning (0.00 sec)
Records: 0  Duplicates: 0  Warnings: 1

Empty set (0.00 sec)

Empty set, 1 warning (0.00 sec)

Empty set, 2 warnings (0.00 sec)

Query OK, 0 rows affected (0.00 sec)

Query OK, 0 rows affected, 3 warnings (0.00 sec)
Records: 0  Duplicates: 0  Warnings: 3

Empty set (0.00 sec)

Query OK, 0 rows affected (0.00 sec)

Query OK, 0 rows affected (0.00 sec)
Records: 0  Duplicates: 0  Warnings: 0

Query OK, 0 rows affected (0.03 sec)

Query OK, 0 rows affected (0.01 sec)
Records: 0  Duplicates: 0  Warnings: 0

+--------------------------------------+
| message                              |
+--------------------------------------+
| running rcbill_my.sp_ActiveNumber2() |
+--------------------------------------+
1 row in set (0.00 sec)

Query OK, 277 rows affected (3 min 24.49 sec)

mysql> mysql \. C:\workspace\cloud\code\sql\_DailyScript\currenttime.sql
+---------------------+
| currenttime         |
+---------------------+
| 2019-10-06 18:16:37 |
+---------------------+
1 row in set (0.00 sec)

mysql> 
mysql> mysql \. C:\workspace\cloud\code\sql\_DailyScript\GetActiveNumbers Average -Pivot.sql
Database changed
+-------------------------------------+
| @today := subdate(current_date(),1) |
+-------------------------------------+
| 2019-10-05                          |
+-------------------------------------+
1 row in set (0.00 sec)

+-------------------------------------+
| @lastdayofmonth := last_day(@today) |
+-------------------------------------+
| 2019-10-31                          |
+-------------------------------------+
1 row in set (0.00 sec)

Query OK, 0 rows affected (0.02 sec)

Query OK, 33404 rows affected, 65535 warnings (53.95 sec)
Records: 33404  Duplicates: 0  Warnings: 67981

Query OK, 0 rows affected (0.09 sec)
Records: 0  Duplicates: 0  Warnings: 0

Query OK, 0 rows affected (0.10 sec)
Records: 0  Duplicates: 0  Warnings: 0

Query OK, 0 rows affected (0.10 sec)
Records: 0  Duplicates: 0  Warnings: 0

+-----------------+
| activenumberavg |
+-----------------+
|           33404 |
+-----------------+
1 row in set (0.01 sec)

Query OK, 0 rows affected (0.01 sec)

Query OK, 1779 rows affected (0.43 sec)
Records: 1779  Duplicates: 0  Warnings: 0

+---------------------+
| rep_activenumberavg |
+---------------------+
|                1779 |
+---------------------+
1 row in set (0.00 sec)

+----------------------+
| rep_activenumberavg1 |
+----------------------+
|                  845 |
+----------------------+
1 row in set (0.00 sec)

Query OK, 0 rows affected (0.00 sec)

Query OK, 1711 rows affected (0.33 sec)
Records: 1711  Duplicates: 0  Warnings: 0

Query OK, 0 rows affected (0.01 sec)

Query OK, 8666 rows affected (0.58 sec)
Records: 8666  Duplicates: 0  Warnings: 0

Query OK, 0 rows affected (0.00 sec)

Query OK, 0 rows affected (0.01 sec)

Query OK, 0 rows affected (0.01 sec)

Query OK, 0 rows affected (0.00 sec)

Query OK, 0 rows affected (0.00 sec)
Statement prepared

Query OK, 53 rows affected (0.04 sec)
Records: 53  Duplicates: 0  Warnings: 0

Query OK, 0 rows affected (0.00 sec)

Query OK, 0 rows affected (0.00 sec)

+----------------------+
| rep_activenumberavg2 |
+----------------------+
|                 1711 |
+----------------------+
1 row in set (0.00 sec)

+------------------------+
| rep_activenumberavg_pv |
+------------------------+
|                     53 |
+------------------------+
1 row in set (0.00 sec)

Query OK, 0 rows affected (0.00 sec)

Query OK, 1711 rows affected (0.28 sec)
Records: 1711  Duplicates: 0  Warnings: 0

Query OK, 0 rows affected (0.00 sec)

Query OK, 0 rows affected (0.00 sec)

Query OK, 0 rows affected (0.00 sec)

Query OK, 0 rows affected (0.00 sec)

Query OK, 0 rows affected (0.00 sec)
Statement prepared

Query OK, 53 rows affected (0.03 sec)
Records: 53  Duplicates: 0  Warnings: 0

Query OK, 0 rows affected (0.00 sec)

Query OK, 0 rows affected (0.00 sec)

+-------------------------+
| rep_activenumberavgMahe |
+-------------------------+
|                    1711 |
+-------------------------+
1 row in set (0.00 sec)

+----------------------------+
| rep_activenumberavgMahe_pv |
+----------------------------+
|                         53 |
+----------------------------+
1 row in set (0.00 sec)

Query OK, 0 rows affected (0.00 sec)

Query OK, 1094 rows affected (0.13 sec)
Records: 1094  Duplicates: 0  Warnings: 0

Query OK, 0 rows affected (0.00 sec)

Query OK, 0 rows affected (0.00 sec)

Query OK, 0 rows affected (0.00 sec)

Query OK, 0 rows affected (0.00 sec)

Query OK, 0 rows affected (0.00 sec)
Statement prepared

Query OK, 39 rows affected (0.02 sec)
Records: 39  Duplicates: 0  Warnings: 0

Query OK, 0 rows affected (0.00 sec)

Query OK, 0 rows affected (0.00 sec)

+----------------------------+
| rep_activenumberavgPraslin |
+----------------------------+
|                       1094 |
+----------------------------+
1 row in set (0.00 sec)

+-------------------------------+
| rep_activenumberavgPraslin_pv |
+-------------------------------+
|                            39 |
+-------------------------------+
1 row in set (0.00 sec)

mysql> mysql \. C:\workspace\cloud\code\sql\_DailyScript\currenttime.sql
+---------------------+
| currenttime         |
+---------------------+
| 2019-10-06 18:17:34 |
+---------------------+
1 row in set (0.00 sec)

mysql> 
mysql> mysql \. C:\workspace\cloud\code\sql\_DailyScript\budget_actual_analysis_2019.sql
Query OK, 0 rows affected (0.01 sec)

Query OK, 564 rows affected, 3 warnings (0.58 sec)
Records: 564  Duplicates: 0  Warnings: 3

+--------------------+
| budget_actual_2019 |
+--------------------+
|                564 |
+--------------------+
1 row in set (0.00 sec)

Query OK, 0 rows affected (0.00 sec)

Query OK, 48 rows affected (0.03 sec)
Records: 48  Duplicates: 0  Warnings: 0

+---------------------------+
| rep_budget_actual_2019_pv |
+---------------------------+
|                        48 |
+---------------------------+
1 row in set (0.00 sec)

mysql> mysql \. C:\workspace\cloud\code\sql\_DailyScript\currenttime.sql
+---------------------+
| currenttime         |
+---------------------+
| 2019-10-06 18:17:34 |
+---------------------+
1 row in set (0.00 sec)

mysql> 
mysql> mysql \. C:\workspace\cloud\code\sql\_DailyScript\reports-sales-addons-prepaid-camera.sql
Database changed
Query OK, 0 rows affected (0.00 sec)

Query OK, 3816 rows affected (0.52 sec)
Records: 3816  Duplicates: 0  Warnings: 0

Query OK, 0 rows affected (0.01 sec)

Query OK, 17155 rows affected (2 min 7.90 sec)
Records: 17155  Duplicates: 0  Warnings: 0

+--------------------+
| rep_prepaid_camera |
+--------------------+
|               3816 |
+--------------------+
1 row in set (0.01 sec)

+-----------+
| rep_addon |
+-----------+
|     17155 |
+-----------+
1 row in set (0.01 sec)

mysql> mysql \. C:\workspace\cloud\code\sql\_DailyScript\currenttime.sql
+---------------------+
| currenttime         |
+---------------------+
| 2019-10-06 18:19:43 |
+---------------------+
1 row in set (0.00 sec)

mysql> 
mysql> mysql \. C:\workspace\cloud\code\sql\_DailyScript\housing-estate-analysis.sql
Database changed
Query OK, 0 rows affected (0.02 sec)

Query OK, 2883 rows affected (3 min 30.30 sec)
Records: 2883  Duplicates: 0  Warnings: 0

+--------------------+
| rep_housingestates |
+--------------------+
|               2883 |
+--------------------+
1 row in set (0.00 sec)

mysql> mysql \. C:\workspace\cloud\code\sql\_DailyScript\currenttime.sql
+---------------------+
| currenttime         |
+---------------------+
| 2019-10-06 18:23:13 |
+---------------------+
1 row in set (0.00 sec)

mysql> 
mysql> mysql \. C:\workspace\cloud\code\sql\_DailyScript\RCB_ClientAnalyticsReport_Script.sql
Database changed
Query OK, 0 rows affected (0.00 sec)

Query OK, 0 rows affected (0.11 sec)

Query OK, 1749040 rows affected (1 min 38.66 sec)
Records: 1749040  Duplicates: 0  Warnings: 0

Query OK, 0 rows affected (9.67 sec)
Records: 0  Duplicates: 0  Warnings: 0

Query OK, 0 rows affected (6.80 sec)
Records: 0  Duplicates: 0  Warnings: 0

Query OK, 0 rows affected (11.82 sec)
Records: 0  Duplicates: 0  Warnings: 0

Query OK, 0 rows affected (15.42 sec)
Records: 0  Duplicates: 0  Warnings: 0

Query OK, 0 rows affected (11.15 sec)
Records: 0  Duplicates: 0  Warnings: 0

Query OK, 0 rows affected (8.89 sec)
Records: 0  Duplicates: 0  Warnings: 0

Query OK, 0 rows affected (0.00 sec)

Query OK, 453744 rows affected (20.13 sec)
Rows matched: 1749040  Changed: 453744  Warnings: 0

Query OK, 0 rows affected (0.01 sec)

Query OK, 27070 rows affected (5.25 sec)
Records: 27070  Duplicates: 0  Warnings: 0

Query OK, 0 rows affected (0.01 sec)

Query OK, 42717 rows affected (12 min 42.51 sec)
Records: 42717  Duplicates: 0  Warnings: 0

Query OK, 0 rows affected (0.22 sec)
Records: 0  Duplicates: 0  Warnings: 0

Query OK, 0 rows affected (0.17 sec)
Records: 0  Duplicates: 0  Warnings: 0

Query OK, 0 rows affected (0.12 sec)
Records: 0  Duplicates: 0  Warnings: 0

Query OK, 0 rows affected (0.08 sec)

Query OK, 425944 rows affected (15 min 2.98 sec)
Records: 425944  Duplicates: 0  Warnings: 0

Query OK, 0 rows affected (2.13 sec)
Records: 0  Duplicates: 0  Warnings: 0

Query OK, 0 rows affected (2.00 sec)
Records: 0  Duplicates: 0  Warnings: 0

Query OK, 0 rows affected (1.02 sec)
Records: 0  Duplicates: 0  Warnings: 0

Query OK, 0 rows affected (2.74 sec)
Records: 0  Duplicates: 0  Warnings: 0

Query OK, 0 rows affected (1.94 sec)
Records: 0  Duplicates: 0  Warnings: 0

Query OK, 0 rows affected (0.03 sec)

Query OK, 42717 rows affected (1 min 48.23 sec)
Records: 42717  Duplicates: 0  Warnings: 0

+--------------+
| clientreport |
+--------------+
|        42717 |
+--------------+
1 row in set (0.02 sec)

Query OK, 0 rows affected (0.01 sec)

Query OK, 42717 rows affected (7.90 sec)
Records: 42717  Duplicates: 0  Warnings: 0

+----------------------+
| clientextendedreport |
+----------------------+
|                42717 |
+----------------------+
1 row in set (0.02 sec)

Query OK, 0 rows affected (0.04 sec)

Query OK, 42717 rows affected (1 min 6.99 sec)
Records: 42717  Duplicates: 0  Warnings: 0

+---------+
| allcust |
+---------+
|   42717 |
+---------+
1 row in set (0.02 sec)

Query OK, 0 rows affected, 1 warning (0.00 sec)

Query OK, 5000 rows affected (0.21 sec)
Records: 5000  Duplicates: 0  Warnings: 0

Query OK, 0 rows affected (0.03 sec)

Query OK, 6870 rows affected (0.52 sec)
Records: 6870  Duplicates: 0  Warnings: 0

Query OK, 0 rows affected, 1 warning (0.00 sec)

Query OK, 5000 rows affected (0.18 sec)
Records: 5000  Duplicates: 0  Warnings: 0

Query OK, 0 rows affected (0.01 sec)

Query OK, 7324 rows affected (0.26 sec)
Records: 7324  Duplicates: 0  Warnings: 0

mysql> mysql \. C:\workspace\cloud\code\sql\_DailyScript\currenttime.sql
+---------------------+
| currenttime         |
+---------------------+
| 2019-10-06 18:57:21 |
+---------------------+
1 row in set (0.00 sec)

mysql> 
mysql> mysql \. C:\workspace\cloud\code\sql\_DailyScript\REVENUE_PER_NODE_MXK.sql
Query OK, 0 rows affected (0.01 sec)

Query OK, 0 rows affected (0.01 sec)

Query OK, 0 rows affected (0.01 sec)

Query OK, 4925 rows affected (3.66 sec)
Records: 4925  Duplicates: 0  Warnings: 0

+----------------------+
| message              |
+----------------------+
| created temp table a |
+----------------------+
1 row in set (0.00 sec)

Query OK, 5367 rows affected (1.61 sec)
Records: 5367  Duplicates: 0  Warnings: 0

+----------------------+
| message              |
+----------------------+
| created temp table b |
+----------------------+
1 row in set (0.00 sec)

Query OK, 0 rows affected, 1 warning (0.00 sec)

Query OK, 5201 rows affected (11.05 sec)
Records: 5201  Duplicates: 0  Warnings: 0

+--------------------------------+
| message                        |
+--------------------------------+
| created rcbill_my.tempcustmxk1 |
+--------------------------------+
1 row in set (0.00 sec)

Query OK, 0 rows affected (0.01 sec)

Query OK, 0 rows affected (0.00 sec)

Query OK, 0 rows affected, 1 warning (0.00 sec)

Query OK, 4925 rows affected (1.32 sec)
Records: 4925  Duplicates: 0  Warnings: 0

+----------------+
| message        |
+----------------+
| created temp a |
+----------------+
1 row in set (0.00 sec)

Query OK, 5367 rows affected (0.57 sec)
Records: 5367  Duplicates: 0  Warnings: 0

+----------------+
| message        |
+----------------+
| created temp b |
+----------------+
1 row in set (0.00 sec)

Query OK, 0 rows affected, 1 warning (0.00 sec)

Query OK, 5447 rows affected (7.54 sec)
Records: 5447  Duplicates: 0  Warnings: 0

+--------------------------------+
| message                        |
+--------------------------------+
| created rcbill_my.tempcustmxk2 |
+--------------------------------+
1 row in set (0.00 sec)

Query OK, 0 rows affected (0.00 sec)

Query OK, 0 rows affected (0.00 sec)

Query OK, 0 rows affected, 1 warning (0.00 sec)

Query OK, 0 rows affected (0.01 sec)

Query OK, 5862 rows affected (0.36 sec)
Records: 5862  Duplicates: 0  Warnings: 0

+---------------------------------+
| message                         |
+---------------------------------+
| created rcbill_my.customers_mxk |
+---------------------------------+
1 row in set (0.00 sec)

Query OK, 0 rows affected (0.00 sec)

Query OK, 0 rows affected (0.00 sec)

Query OK, 13316 rows affected (6.71 sec)
Records: 13316  Duplicates: 0  Warnings: 0

+----------------+
| message        |
+----------------+
| created temp a |
+----------------+
1 row in set (0.00 sec)

Query OK, 21067 rows affected (2.38 sec)
Records: 21067  Duplicates: 0  Warnings: 0

+----------------+
| message        |
+----------------+
| created temp c |
+----------------+
1 row in set (0.00 sec)

Query OK, 0 rows affected, 1 warning (0.00 sec)

Query OK, 27860 rows affected (0.36 sec)
Records: 27860  Duplicates: 0  Warnings: 0

+---------------------------------+
| message                         |
+---------------------------------+
| created rcbill_my.tempcustcmts1 |
+---------------------------------+
1 row in set (0.00 sec)

Query OK, 0 rows affected (0.00 sec)

Query OK, 0 rows affected, 1 warning (0.00 sec)

Query OK, 0 rows affected (0.01 sec)

Query OK, 13316 rows affected (7.02 sec)
Records: 13316  Duplicates: 0  Warnings: 0

+----------------+
| message        |
+----------------+
| created temp a |
+----------------+
1 row in set (0.00 sec)

Query OK, 21067 rows affected (1.43 sec)
Records: 21067  Duplicates: 0  Warnings: 0

+----------------+
| message        |
+----------------+
| created temp c |
+----------------+
1 row in set (0.00 sec)

Query OK, 0 rows affected, 1 warning (0.00 sec)

Query OK, 22039 rows affected (0.63 sec)
Records: 22039  Duplicates: 0  Warnings: 0

+---------------------------------+
| message                         |
+---------------------------------+
| created rcbill_my.tempcustcmts2 |
+---------------------------------+
1 row in set (0.00 sec)

Query OK, 0 rows affected (0.01 sec)

Query OK, 0 rows affected, 1 warning (0.00 sec)

Query OK, 0 rows affected (0.01 sec)

Query OK, 0 rows affected (0.01 sec)

Query OK, 13419 rows affected (1.23 sec)
Records: 13419  Duplicates: 0  Warnings: 0

+----------------------------------+
| message                          |
+----------------------------------+
| created rcbill_my.customers_cmts |
+----------------------------------+
1 row in set (0.00 sec)

Query OK, 0 rows affected (0.00 sec)

Query OK, 0 rows affected (0.00 sec)

Query OK, 0 rows affected (0.01 sec)

Query OK, 16907 rows affected (0.98 sec)
Records: 16907  Duplicates: 0  Warnings: 0

+--------------------------------------+
| message                              |
+--------------------------------------+
| created rcbill_my.customers_cmts_mxk |
+--------------------------------------+
1 row in set (0.00 sec)

Query OK, 449963 rows affected (1 min 23.33 sec)
Records: 449963  Duplicates: 0  Warnings: 0

+----------------+
| message        |
+----------------+
| created temp a |
+----------------+
1 row in set (0.00 sec)

Query OK, 0 rows affected (0.30 sec)

Query OK, 450640 rows affected (17.94 sec)
Records: 450640  Duplicates: 0  Warnings: 0

+------------------------------------------------+
| message                                        |
+------------------------------------------------+
| created rcbill_my.customers_contracts_cmts_mxk |
+------------------------------------------------+
1 row in set (0.00 sec)

Query OK, 0 rows affected (0.08 sec)

Query OK, 0 rows affected, 1 warning (0.00 sec)

Query OK, 0 rows affected, 1 warning (0.00 sec)

Query OK, 0 rows affected (0.00 sec)

Query OK, 7744 rows affected (3.45 sec)
Rows matched: 7744  Changed: 7744  Warnings: 0

+------------------------------------------------+
| message                                        |
+------------------------------------------------+
| updated rcbill_my.customers_contracts_cmts_mxk |
+------------------------------------------------+
1 row in set (0.00 sec)

Query OK, 0 rows affected (0.08 sec)

Query OK, 1718122 rows affected (5 min 36.02 sec)
Records: 1718122  Duplicates: 0  Warnings: 0

+----------------------------------------+
| message                                |
+----------------------------------------+
| created rcbill_my.customers_collection |
+----------------------------------------+
1 row in set (0.00 sec)

Query OK, 0 rows affected (0.04 sec)

Query OK, 1979143 rows affected (2 min 43.93 sec)
Records: 1979143  Duplicates: 0  Warnings: 0

+------------------------------------------------+
| message                                        |
+------------------------------------------------+
| created rcbill_my.customers_cmts_mxk_cont_coll |
+------------------------------------------------+
1 row in set (0.00 sec)

Query OK, 0 rows affected (0.02 sec)

Query OK, 47778 rows affected (15.44 sec)
Records: 47778  Duplicates: 0  Warnings: 0

+------------------------------------------------------------+
| message                                                    |
+------------------------------------------------------------+
| created rcbill_my.customers_contracts_collection_pivot2019 |
+------------------------------------------------------------+
1 row in set (0.00 sec)

Query OK, 0 rows affected (0.06 sec)

Query OK, 19968 rows affected (12.06 sec)
Records: 19968  Duplicates: 0  Warnings: 0

+--------------------------------------------------+
| message                                          |
+--------------------------------------------------+
| created rcbill_my.customers_collection_pivot2019 |
+--------------------------------------------------+
1 row in set (0.00 sec)

Query OK, 0 rows affected (0.01 sec)

Query OK, 42717 rows affected (1.65 sec)
Records: 42717  Duplicates: 0  Warnings: 0

+------------------------------------------------+
| message                                        |
+------------------------------------------------+
| created rcbill_my.rep_customers_collection2019 |
+------------------------------------------------+
1 row in set (0.00 sec)

Query OK, 0 rows affected (0.00 sec)

Query OK, 0 rows affected, 1 warning (0.00 sec)

Query OK, 419729 rows affected (25.09 sec)
Records: 419729  Duplicates: 0  Warnings: 0

+-------------------------+
| message                 |
+-------------------------+
| created rcbill_my.tempa |
+-------------------------+
1 row in set (0.00 sec)

Query OK, 0 rows affected, 1 warning (0.00 sec)

Query OK, 96948 rows affected (15.48 sec)
Records: 96948  Duplicates: 0  Warnings: 0

+-------------------------+
| message                 |
+-------------------------+
| created rcbill_my.tempb |
+-------------------------+
1 row in set (0.00 sec)

Query OK, 419729 rows affected (12.26 sec)
Records: 419729  Duplicates: 0  Warnings: 0

+-----------+
| message   |
+-----------+
| created a |
+-----------+
1 row in set (0.00 sec)

Query OK, 96959 rows affected (7.77 sec)
Records: 96959  Duplicates: 0  Warnings: 0

+-----------+
| message   |
+-----------+
| created b |
+-----------+
1 row in set (0.00 sec)

Query OK, 0 rows affected (0.12 sec)

Query OK, 0 rows affected (0.01 sec)

Query OK, 0 rows affected (0.05 sec)

Query OK, 422661 rows affected (36.27 sec)
Records: 422661  Duplicates: 0  Warnings: 0

+----------------------------------------------+
| message                                      |
+----------------------------------------------+
| created rcbill_my.cust_cont_payment_cmts_mxk |
+----------------------------------------------+
1 row in set (0.00 sec)

Query OK, 0 rows affected (0.01 sec)

Query OK, 0 rows affected (0.01 sec)

Query OK, 0 rows affected, 1 warning (0.00 sec)

Query OK, 0 rows affected (0.26 sec)

Query OK, 42717 rows affected (15.47 sec)
Records: 42717  Duplicates: 0  Warnings: 0

+--------------------------------------------------+
| message                                          |
+--------------------------------------------------+
| created rcbill_my.rep_cust_cont_payment_cmts_mxk |
+--------------------------------------------------+
1 row in set (0.00 sec)

Query OK, 0 rows affected, 1 warning (0.00 sec)

Query OK, 0 rows affected, 1 warning (0.00 sec)

Query OK, 0 rows affected (0.01 sec)

Query OK, 42717 rows affected, 5 warnings (6.80 sec)
Records: 42717  Duplicates: 0  Warnings: 5

+----------------------+
| rep_custconsolidated |
+----------------------+
|                42717 |
+----------------------+
1 row in set (0.04 sec)

Query OK, 0 rows affected (0.00 sec)

Query OK, 0 rows affected (0.07 sec)

+----------------------------------------------+
| message                                      |
+----------------------------------------------+
| creating rcbill_my.retentioncustomeractivity |
+----------------------------------------------+
1 row in set (0.00 sec)

Query OK, 864 rows affected (0.10 sec)
Records: 864  Duplicates: 0  Warnings: 0

+---------------------------+
| retentioncustomeractivity |
+---------------------------+
|                       864 |
+---------------------------+
1 row in set (0.00 sec)

+-----------+------------------------------------+------------+-------------+-----------------+------------------+---------------------+-------------------+
| HFC_NODE  | NODENAME                           | CMTS_DATE  | INSERTED_ON | UNIQUE_ACCOUNTS | UNIQUE_CONTRACTS | UNIQUE_MAC_INRCBOSS | UNIQUE_MAC_INCMTS |
+-----------+------------------------------------+------------+-------------+-----------------+------------------+---------------------+-------------------+
| NULL      | NULL                               | NULL       | 2019-10-06  |            5642 |             5910 |                5962 |                 0 |
| C5/0/0/U0 | ANSE-BOILEAU-2                     | 2019-10-01 | 2019-10-06  |             175 |              177 |                 175 |               176 |
| C5/0/0/U1 | 500-C3-ANSE-BOILEAU                | 2019-10-01 | 2019-10-06  |             178 |              186 |                 178 |               181 |
| C5/0/1/U0 | 501-C4-LA-MISIERE-LEFT-I           | 2019-10-01 | 2019-10-06  |             150 |              156 |                 149 |               150 |
| C5/0/1/U1 | 501-C5-LA-MISIERE-RIGHT            | 2019-10-01 | 2019-10-06  |             110 |              113 |                 110 |               111 |
| C5/0/1/U2 | 501-C7-LA-MISIERE-LEFT-II          | 2019-10-01 | 2019-10-06  |             151 |              157 |                 151 |               154 |
| C5/0/2/U0 | 502-C8-LA-LOUISE                   | 2019-10-01 | 2019-10-06  |             139 |              141 |                 139 |               141 |
| C5/0/2/U1 | LA-LOUISE-2                        | 2019-10-01 | 2019-10-06  |             142 |              146 |                 142 |               147 |
| C5/0/3/U0 | 504-C6-PETIT-PARIS                 | 2019-10-01 | 2019-10-06  |             157 |              160 |                 157 |               158 |
| C5/0/3/U1 | PETIT-PARIS-23                     | 2019-10-01 | 2019-10-06  |              72 |               74 |                  72 |                73 |
| C5/0/4/U0 | FOUR-SEASONS                       | 2019-10-01 | 2019-10-06  |               4 |               12 |                  12 |                12 |
| C5/0/4/U1 | ANCHOR-CAFE-I                      | 2019-10-01 | 2019-10-06  |             143 |              145 |                 143 |               146 |
| C5/0/4/U2 | ANCHOR-CAFE-II                     | 2019-10-01 | 2019-10-06  |             146 |              149 |                 146 |               150 |
| C5/1/0/U0 | POINTE-LARUE-AIRPORT-23            | 2019-10-01 | 2019-10-06  |             100 |              106 |                 102 |               104 |
| C5/1/0/U1 | PPROVIDENCE-23                     | 2019-10-01 | 2019-10-06  |              25 |               27 |                  25 |                25 |
| C5/1/0/U2 | ROSHE-CAIMAN-23                    | 2019-10-01 | 2019-10-06  |              10 |               11 |                  10 |                10 |
| C5/1/0/U3 | HEAD-OFFICE | HO-23                | 2019-10-01 | 2019-10-06  |              29 |               29 |                  29 |                32 |
| C5/1/1/U1 | C5-UNION-VALE                      | 2019-10-01 | 2019-10-06  |             187 |              192 |                 187 |               188 |
| C5/1/3/U0 | POINTE-LARUE-AIRPORT-27            | 2019-10-01 | 2019-10-06  |             135 |              140 |                 135 |               136 |
| C5/1/3/U1 | PPROVIDENCE-27                     | 2019-10-01 | 2019-10-06  |              37 |               38 |                  37 |                37 |
| C5/1/3/U2 | ROSHE-CAIMAN-27                    | 2019-10-01 | 2019-10-06  |              26 |               26 |                  26 |                26 |
| C5/1/3/U3 | HEAD-OFFICE | HO-27                | 2019-10-01 | 2019-10-06  |              12 |               13 |                  12 |                13 |
| C5/1/4/U0 | ANSE-ROYALE-27                     | 2019-10-01 | 2019-10-06  |              94 |               98 |                  94 |                95 |
| C5/1/4/U1 | GLACIS-2-57                        | 2019-10-01 | 2019-10-06  |             118 |              124 |                 118 |               119 |
| C5/1/4/U2 | NULL                               | 2019-10-01 | 2019-10-06  |              94 |               95 |                  94 |                95 |
| C5/1/4/U3 | GLACIS-1                           | 2019-10-01 | 2019-10-06  |              46 |               47 |                  46 |                46 |
| C6/0/1/U0 | SERRET-ROAD-RIGHT/CURIO/PASCAL     | 2019-10-01 | 2019-10-06  |             119 |              123 |                 119 |               122 |
| C6/0/1/U1 | SERRET-ROAD-LEFT/ST.LOUIS/TOWN     | 2019-10-01 | 2019-10-06  |             141 |              145 |                 141 |               141 |
| C6/0/1/U2 | SERRET-ROAD-RIGHT/CURIO/PASCAL-2   | 2019-10-01 | 2019-10-06  |             121 |              121 |                 121 |               123 |
| C6/0/1/U3 | SERRET-ROAD-LEFT/ST.LOUIS/TOWN-2   | 2019-10-01 | 2019-10-06  |             144 |              148 |                 144 |               146 |
| C6/0/2/U0 | SANS-SOUCIS-I                      | 2019-10-01 | 2019-10-06  |             122 |              127 |                 122 |               125 |
| C6/0/2/U1 | SANS-SOUCIS-II                     | 2019-10-01 | 2019-10-06  |              99 |              101 |                  99 |               101 |
| C6/0/2/U2 | BEL-AIR-27                         | 2019-10-01 | 2019-10-06  |              92 |               94 |                  92 |                93 |
| C6/0/2/U3 | BEL-AIR-38                         | 2019-10-01 | 2019-10-06  |             105 |              110 |                 105 |               108 |
| C6/0/3/U0 | LES-MAMELLES-23                    | 2019-10-01 | 2019-10-06  |              74 |               74 |                  74 |                75 |
| C6/0/3/U1 | VICTORIA-23                        | 2019-10-01 | 2019-10-06  |              20 |               22 |                  20 |                25 |
| C6/0/4/U0 | LES-MAMELLES-27                    | 2019-10-01 | 2019-10-06  |              82 |               82 |                  82 |                83 |
| C6/0/4/U1 | VICTORIA-27                        | 2019-10-01 | 2019-10-06  |              32 |               35 |                  31 |                31 |
| C7/1/0/U0 | LA-RETRAITE-23                     | 2019-10-01 | 2019-10-06  |              80 |               86 |                  80 |                82 |
| C7/1/0/U1 | TEA-FACTORY-23                     | 2019-10-01 | 2019-10-06  |              21 |               25 |                  21 |                21 |
| C7/1/0/U2 | PAS-23                             | 2019-10-01 | 2019-10-06  |             103 |              104 |                 103 |               104 |
| C7/1/1/U0 | REEF-ESTATE-23                     | 2019-10-01 | 2019-10-06  |              91 |               92 |                  91 |                91 |
| C7/1/1/U1 | BEL-OMBRE-NEW-23                   | 2019-10-01 | 2019-10-06  |              15 |               15 |                  15 |                19 |
| C7/1/2/U0 | LA-RETRAITE-27                     | 2019-10-01 | 2019-10-06  |             126 |              130 |                 127 |               128 |
| C7/1/2/U1 | TEA-FACTORY-27                     | 2019-10-01 | 2019-10-06  |              27 |               31 |                  30 |                31 |
| C7/1/2/U2 | PAS-27                             | 2019-10-01 | 2019-10-06  |              97 |              100 |                  97 |                99 |
| C7/1/3/U0 | MT-BUXTON-27                       | 2019-10-01 | 2019-10-06  |             143 |              145 |                 143 |               143 |
| C7/1/3/U1 | MT-BUXTON-23                       | 2019-10-01 | 2019-10-06  |              73 |               75 |                  73 |                75 |
| C7/1/4/U0 | REEF-ESTATE-27                     | 2019-10-01 | 2019-10-06  |              65 |               66 |                  65 |                65 |
| C7/1/4/U1 | BEL-OMBRE-NEW-27                   | 2019-10-01 | 2019-10-06  |              21 |               21 |                  21 |                23 |
| C8/0/0/U0 | POLICE-ACADEMY-1-27 - POINTE LARUE | 2019-10-01 | 2019-10-06  |             220 |              224 |                 220 |               222 |
| C8/0/0/U1 | NULL                               | 2019-10-01 | 2019-10-06  |              96 |              100 |                  96 |               100 |
| C8/0/1/U0 | NULL                               | 2019-10-01 | 2019-10-06  |             154 |              155 |                 154 |               154 |
| C8/0/1/U1 | POLICE-ACADEMY-2-27 - TURTLE BAY   | 2019-10-01 | 2019-10-06  |             165 |              167 |                 165 |               165 |
| C8/0/2/U0 | BEAU-VALLON-LEFT-1-57              | 2019-10-01 | 2019-10-06  |              95 |               98 |                  95 |                96 |
| C8/0/3/U1 | BEAU-VALLON-RIGHT-2-57             | 2019-10-01 | 2019-10-06  |             173 |              181 |                 173 |               175 |
| C8/1/0/U0 | MA-JOIE-NODE-27                    | 2019-10-01 | 2019-10-06  |             118 |              122 |                 118 |               118 |
| C8/1/0/U1 | BELONIE-27                         | 2019-10-01 | 2019-10-06  |             156 |              159 |                 155 |               155 |
| C8/1/0/U3 | MA-JOIE-NODE-23                    | 2019-10-01 | 2019-10-06  |             104 |              104 |                 104 |               106 |
| C8/1/1/U0 | 611-C1-ROJN I                      | 2019-10-01 | 2019-10-06  |             138 |              139 |                 138 |               141 |
| C8/1/1/U1 | 611-C5-ROJN II                     | 2019-10-01 | 2019-10-06  |             102 |              102 |                 102 |               104 |
| C8/1/2/U0 | 612-C2-ANSE-ETOILE                 | 2019-10-01 | 2019-10-06  |             190 |              195 |                 190 |               192 |
| C8/1/2/U1 | ANSE-ETOILE-U2                     | 2019-10-01 | 2019-10-06  |              58 |               59 |                  58 |                58 |
| C8/1/3/U0 | 613-C3-ANSE-GAULETTE I             | 2019-10-01 | 2019-10-06  |              69 |               75 |                  69 |                71 |
| C8/1/3/U1 | 613-C7-ANSE-GAULETTE II            | 2019-10-01 | 2019-10-06  |              73 |               80 |                  73 |                73 |
| C8/1/3/U2 | 613-C3-ANSE-GAULETTE III           | 2019-10-01 | 2019-10-06  |              36 |               37 |                  36 |                38 |
| C8/1/3/U3 | TAKAMAKA I                         | 2019-10-01 | 2019-10-06  |             105 |              109 |                 105 |               106 |
| C8/1/3/U4 | TAKAMAKA II                        | 2019-10-01 | 2019-10-06  |             101 |              101 |                 101 |               101 |
| C8/1/4/U0 | 614-BEOLIERE-NODE-1                | 2019-10-01 | 2019-10-06  |             127 |              133 |                 127 |               130 |
| C8/1/4/U1 | 614-BEOLIERE-NODE-2                | 2019-10-01 | 2019-10-06  |              97 |              101 |                  97 |               100 |
+-----------+------------------------------------+------------+-------------+-----------------+------------------+---------------------+-------------------+
70 rows in set (0.37 sec)

+------------------+------------+-------------+-----------------+------------------+----------------------+-------------------+
| MXK_NAME         | MXK_DATE   | INSERTED_ON | UNIQUE_ACCOUNTS | UNIQUE_CONTRACTS | UNIQUE_FSAN_INRCBOSS | UNIQUE_FSAN_INMXK |
+------------------+------------+-------------+-----------------+------------------+----------------------+-------------------+
| NULL             | NULL       | 2019-10-06  |             407 |              412 |                  400 |                 0 |
| MXK-ANSEETOILE   | 2019-10-01 | 2019-10-06  |             148 |              150 |                  150 |               156 |
| MXK-ANSEROYALE   | 2019-10-01 | 2019-10-06  |             138 |              138 |                  138 |               156 |
| MXK-BEAUVALLON   | 2019-10-01 | 2019-10-06  |            1186 |             1206 |                 1198 |              1271 |
| MXK-MAHE         | 2019-10-01 | 2019-10-06  |             895 |              917 |                  856 |              1092 |
| MXK-PERSEVERANCE | 2019-10-01 | 2019-10-06  |             986 |              992 |                  991 |              1141 |
| MXK-PRASLIN      | 2019-10-01 | 2019-10-06  |            1168 |             1171 |                 1164 |              1277 |
+------------------+------------+-------------+-----------------+------------------+----------------------+-------------------+
7 rows in set (0.08 sec)

mysql> mysql \. C:\workspace\cloud\code\sql\_DailyScript\currenttime.sql
+---------------------+
| currenttime         |
+---------------------+
| 2019-10-06 19:10:43 |
+---------------------+
1 row in set (0.00 sec)

mysql> 
mysql> mysql \. C:\workspace\cloud\code\sql\Analysis\service_tickets_assignments.sql
Query OK, 0 rows affected (0.02 sec)

Query OK, 73080 rows affected (17.75 sec)
Records: 73080  Duplicates: 0  Warnings: 0

+-------------------------+
| rep_servicetickets_2019 |
+-------------------------+
|                   73080 |
+-------------------------+
1 row in set (2.96 sec)

mysql> mysql \. C:\workspace\cloud\code\sql\_DailyScript\currenttime.sql
+---------------------+
| currenttime         |
+---------------------+
| 2019-10-06 19:11:04 |
+---------------------+
1 row in set (0.00 sec)

mysql> 
mysql> 
mysql> exit
