    -> 
    -> mysql \. C:\workspace\cloud\code\sql\_DailyScript\_setdates.sql
Database changed
Query OK, 0 rows affected (0.00 sec)

Query OK, 0 rows affected (0.00 sec)

Query OK, 0 rows affected (0.00 sec)

Query OK, 0 rows affected (0.00 sec)

Query OK, 0 rows affected (0.00 sec)

Query OK, 0 rows affected (0.00 sec)

Query OK, 0 rows affected (0.00 sec)

Query OK, 0 rows affected (0.00 sec)

Query OK, 0 rows affected (0.00 sec)

Query OK, 0 rows affected (0.00 sec)

Query OK, 0 rows affected (0.00 sec)

Query OK, 0 rows affected (0.00 sec)

Query OK, 0 rows affected (0.00 sec)

Query OK, 0 rows affected (0.00 sec)

Query OK, 0 rows affected (0.00 sec)

Query OK, 0 rows affected (0.00 sec)

Query OK, 0 rows affected (0.00 sec)

Query OK, 0 rows affected (0.00 sec)

Query OK, 0 rows affected (0.00 sec)

Query OK, 0 rows affected (0.00 sec)

Query OK, 0 rows affected (0.00 sec)

mysql> mysql \. C:\workspace\cloud\code\sql\_DailyScript\currenttime.sql
+---------------------+
| currenttime         |
+---------------------+
| 2019-04-29 08:45:27 |
+---------------------+
1 row in set (0.00 sec)

mysql> 
mysql> mysql \. C:\workspace\cloud\code\sql\_DailyScript\load_RCB_VODTITLES.sql
Database changed
Query OK, 0 rows affected (0.00 sec)

Query OK, 4362 rows affected (1.63 sec)

Query OK, 4364 rows affected, 4364 warnings (0.30 sec)
Records: 4364  Deleted: 0  Skipped: 0  Warnings: 4364

Query OK, 0 rows affected (0.00 sec)

Query OK, 2 rows affected (0.01 sec)

+-----------+
| VODTITLES |
+-----------+
|      4823 |
+-----------+
1 row in set (0.00 sec)

+-----------+-----------+
| titletype | typecount |
+-----------+-----------+
| E         |      3221 |
| N         |       165 |
| T         |       976 |
| NULL      |      4362 |
+-----------+-----------+
4 rows in set (0.02 sec)

mysql> mysql \. C:\workspace\cloud\code\sql\_DailyScript\currenttime.sql
+---------------------+
| currenttime         |
+---------------------+
| 2019-04-29 08:45:29 |
+---------------------+
1 row in set (0.00 sec)

mysql> 
mysql> mysql \. C:\workspace\cloud\code\sql\_DailyScript\DAILY-SCRIPT-LIVETV-STATS.sql
Database changed
Query OK, 0 rows affected (0.39 sec)

Query OK, 69779 rows affected (1.54 sec)
Records: 69779  Duplicates: 0  Warnings: 0

+------------+------------+----------+--------------+--------------+-----------+-------------+----------+--------+------+------------+---------+---------------+
| Table      | Non_unique | Key_name | Seq_in_index | Column_name  | Collation | Cardinality | Sub_part | Packed | Null | Index_type | Comment | Index_comment |
+------------+------------+----------+--------------+--------------+-----------+-------------+----------+--------+------+------------+---------+---------------+
| templivetv |          1 | idxtv1   |            1 | device       | A         |       69576 |     NULL | NULL   | YES  | BTREE      |         |               |
| templivetv |          1 | idxtv2   |            1 | sessionstart | A         |       69576 |     NULL | NULL   | YES  | BTREE      |         |               |
+------------+------------+----------+--------------+--------------+-----------+-------------+----------+--------+------+------------+---------+---------------+
2 rows in set (0.00 sec)

Query OK, 69428 rows affected (59.59 sec)
Records: 69428  Duplicates: 0  Warnings: 0

Query OK, 2791 rows affected (1.32 sec)
Records: 2791  Duplicates: 0  Warnings: 0

Query OK, 0 rows affected (0.00 sec)

Query OK, 0 rows affected (0.03 sec)

Query OK, 141 rows affected (0.32 sec)
Records: 141  Duplicates: 0  Warnings: 0

Query OK, 0 rows affected (0.02 sec)

Query OK, 68302 rows affected (14 min 27.89 sec)
Records: 68302  Duplicates: 0  Warnings: 0

+-----------------+
| rep_livetvstats |
+-----------------+
|           68302 |
+-----------------+
1 row in set (0.14 sec)

mysql> mysql \. C:\workspace\cloud\code\sql\_DailyScript\currenttime.sql
+---------------------+
| currenttime         |
+---------------------+
| 2019-04-29 09:01:01 |
+---------------------+
1 row in set (0.00 sec)

mysql> 
mysql> mysql \. C:\workspace\cloud\code\sql\_DailyScript\DAILY-SCRIPT-VODTS-STATS.sql
Database changed
Query OK, 0 rows affected (0.28 sec)

Query OK, 2594 rows affected (43.28 sec)
Records: 2594  Duplicates: 0  Warnings: 0

+---------+------------+----------+--------------+--------------+-----------+-------------+----------+--------+------+------------+---------+---------------+
| Table   | Non_unique | Key_name | Seq_in_index | Column_name  | Collation | Cardinality | Sub_part | Packed | Null | Index_type | Comment | Index_comment |
+---------+------------+----------+--------------+--------------+-----------+-------------+----------+--------+------+------------+---------+---------------+
| tempvod |          1 | idxtvod1 |            1 | device       | A         |        2606 |     NULL | NULL   | YES  | BTREE      |         |               |
| tempvod |          1 | idxtvod2 |            1 | sessionstart | A         |        2606 |     NULL | NULL   | YES  | BTREE      |         |               |
+---------+------------+----------+--------------+--------------+-----------+-------------+----------+--------+------+------------+---------+---------------+
2 rows in set (0.00 sec)

Query OK, 2588 rows affected (3.50 sec)
Records: 2588  Duplicates: 0  Warnings: 0

Query OK, 0 rows affected (0.10 sec)

Query OK, 188809 rows affected (21.59 sec)
Records: 188809  Duplicates: 0  Warnings: 0

+--------------+
| rep_vodstats |
+--------------+
|       188809 |
+--------------+
1 row in set (0.08 sec)

Database changed
Query OK, 0 rows affected (0.05 sec)

Query OK, 11741 rows affected (4 min 58.65 sec)
Records: 11741  Duplicates: 0  Warnings: 0

+--------+------------+----------+--------------+--------------+-----------+-------------+----------+--------+------+------------+---------+---------------+
| Table  | Non_unique | Key_name | Seq_in_index | Column_name  | Collation | Cardinality | Sub_part | Packed | Null | Index_type | Comment | Index_comment |
+--------+------------+----------+--------------+--------------+-----------+-------------+----------+--------+------+------------+---------+---------------+
| tempts |          1 | idxtts1  |            1 | device       | A         |       11915 |     NULL | NULL   | YES  | BTREE      |         |               |
| tempts |          1 | idxtts2  |            1 | sessionstart | A         |       11915 |     NULL | NULL   | YES  | BTREE      |         |               |
+--------+------------+----------+--------------+--------------+-----------+-------------+----------+--------+------+------------+---------+---------------+
2 rows in set (0.00 sec)

Query OK, 11748 rows affected (37.39 sec)
Records: 11748  Duplicates: 0  Warnings: 0

Query OK, 0 rows affected (0.07 sec)

Query OK, 18753 rows affected (4 min 54.86 sec)
Records: 18753  Duplicates: 0  Warnings: 0

+-------------+
| rep_tsstats |
+-------------+
|       18753 |
+-------------+
1 row in set (0.01 sec)

mysql> mysql \. C:\workspace\cloud\code\sql\_DailyScript\currenttime.sql
+---------------------+
| currenttime         |
+---------------------+
| 2019-04-29 09:12:40 |
+---------------------+
1 row in set (0.00 sec)

mysql> 
mysql> mysql \. C:\workspace\cloud\code\sql\_DailyScript\DAILY-SCRIPT-RADIO-STATS.sql
Database changed
Query OK, 0 rows affected (0.35 sec)

Query OK, 140292 rows affected (5.56 sec)
Records: 140292  Duplicates: 0  Warnings: 0

+-----------+------------+----------+--------------+--------------+-----------+-------------+----------+--------+------+------------+---------+---------------+
| Table     | Non_unique | Key_name | Seq_in_index | Column_name  | Collation | Cardinality | Sub_part | Packed | Null | Index_type | Comment | Index_comment |
+-----------+------------+----------+--------------+--------------+-----------+-------------+----------+--------+------+------------+---------+---------------+
| tempradio |          1 | idxtrad1 |            1 | device       | A         |      140539 |     NULL | NULL   | YES  | BTREE      |         |               |
| tempradio |          1 | idxtrad2 |            1 | sessionstart | A         |      140539 |     NULL | NULL   | YES  | BTREE      |         |               |
+-----------+------------+----------+--------------+--------------+-----------+-------------+----------+--------+------+------------+---------+---------------+
2 rows in set (0.00 sec)

Query OK, 130 rows affected (7.32 sec)
Records: 130  Duplicates: 0  Warnings: 0

Query OK, 0 rows affected (0.05 sec)

Query OK, 2592 rows affected (0.30 sec)
Records: 2592  Duplicates: 0  Warnings: 0

+----------------+
| rep_radiostats |
+----------------+
|           2592 |
+----------------+
1 row in set (0.00 sec)

mysql> mysql \. C:\workspace\cloud\code\sql\_DailyScript\currenttime.sql
+---------------------+
| currenttime         |
+---------------------+
| 2019-04-29 09:12:54 |
+---------------------+
1 row in set (0.00 sec)

mysql> 
mysql> mysql \. C:\workspace\cloud\code\sql\_DailyScript\DAILY_SCRIPT_TELEMETRY_PIVOT.sql
Query OK, 0 rows affected (0.03 sec)

Query OK, 146 rows affected (0.36 sec)
Records: 146  Duplicates: 0  Warnings: 0

Query OK, 0 rows affected (0.00 sec)

Query OK, 3626 rows affected (0.67 sec)
Records: 3626  Duplicates: 0  Warnings: 0

Query OK, 0 rows affected (0.14 sec)

Query OK, 6 rows affected (0.04 sec)
Records: 6  Duplicates: 0  Warnings: 0

Query OK, 0 rows affected (0.15 sec)

Query OK, 54 rows affected (0.08 sec)
Records: 54  Duplicates: 0  Warnings: 0

mysql> mysql \. C:\workspace\cloud\code\sql\_DailyScript\currenttime.sql
+---------------------+
| currenttime         |
+---------------------+
| 2019-04-29 09:12:56 |
+---------------------+
1 row in set (0.00 sec)

mysql> 
mysql> mysql \. C:\workspace\cloud\code\sql\_DailyScript\telemetry_livetv_ranking2019.sql
Query OK, 0 rows affected (0.00 sec)

Query OK, 146 rows affected (0.19 sec)
Records: 146  Duplicates: 0  Warnings: 0

mysql> mysql \. C:\workspace\cloud\code\sql\_DailyScript\currenttime.sql
+---------------------+
| currenttime         |
+---------------------+
| 2019-04-29 09:12:56 |
+---------------------+
1 row in set (0.00 sec)

mysql> 
mysql> mysql \. C:\workspace\cloud\code\sql\_DailyScript\telemetry_radio_ranking2019.sql
Query OK, 0 rows affected (0.02 sec)

Query OK, 6 rows affected (0.19 sec)
Records: 6  Duplicates: 0  Warnings: 0

mysql> mysql \. C:\workspace\cloud\code\sql\_DailyScript\currenttime.sql
+---------------------+
| currenttime         |
+---------------------+
| 2019-04-29 09:12:56 |
+---------------------+
1 row in set (0.00 sec)

mysql> 
mysql> mysql \. C:\workspace\cloud\code\sql\_DailyScript\telemetry_ts_ranking2019.sql
Query OK, 0 rows affected (0.00 sec)

Query OK, 54 rows affected (0.02 sec)
Records: 54  Duplicates: 0  Warnings: 0

mysql> mysql \. C:\workspace\cloud\code\sql\_DailyScript\currenttime.sql
+---------------------+
| currenttime         |
+---------------------+
| 2019-04-29 09:12:56 |
+---------------------+
1 row in set (0.00 sec)

mysql> 
mysql> mysql \. C:\workspace\cloud\code\sql\_DailyScript\telemetry_vod_ranking2019.sql
Query OK, 0 rows affected (0.00 sec)

Query OK, 3626 rows affected (0.36 sec)
Records: 3626  Duplicates: 0  Warnings: 0

mysql> mysql \. C:\workspace\cloud\code\sql\_DailyScript\currenttime.sql
+---------------------+
| currenttime         |
+---------------------+
| 2019-04-29 09:12:56 |
+---------------------+
1 row in set (0.00 sec)

mysql> 
mysql> mysql \. C:\workspace\cloud\code\sql\_DailyScript\telemetry_vod_ranking2019_1.sql
Query OK, 0 rows affected (0.00 sec)

Query OK, 3626 rows affected (0.13 sec)
Records: 3626  Duplicates: 0  Warnings: 0

mysql> mysql \. C:\workspace\cloud\code\sql\_DailyScript\currenttime.sql
+---------------------+
| currenttime         |
+---------------------+
| 2019-04-29 09:12:57 |
+---------------------+
1 row in set (0.00 sec)

mysql> 
mysql> mysql \. C:\workspace\cloud\code\sql\_DailyScript\telemetry_vod_ranking2019_2.sql
Query OK, 0 rows affected (0.04 sec)

Query OK, 3626 rows affected (0.10 sec)
Records: 3626  Duplicates: 0  Warnings: 0

mysql> mysql \. C:\workspace\cloud\code\sql\_DailyScript\currenttime.sql
+---------------------+
| currenttime         |
+---------------------+
| 2019-04-29 09:12:57 |
+---------------------+
1 row in set (0.00 sec)

mysql> 
mysql> mysql \. C:\workspace\cloud\code\sql\_DailyScript\DAILY-SCRIPT-CREATE-LOAD.sql
Database changed
Database changed
Query OK, 0 rows affected (0.29 sec)

Query OK, 0 rows affected (0.06 sec)

Database changed
Query OK, 65172 rows affected (2.52 sec)
Records: 65172  Deleted: 0  Skipped: 0  Warnings: 0

Query OK, 0 rows affected (0.25 sec)
Records: 0  Duplicates: 0  Warnings: 0

Query OK, 0 rows affected (0.38 sec)
Records: 0  Duplicates: 0  Warnings: 0

Query OK, 0 rows affected (0.42 sec)
Records: 0  Duplicates: 0  Warnings: 0

Query OK, 0 rows affected (0.28 sec)
Records: 0  Duplicates: 0  Warnings: 0

+---------+
| clients |
+---------+
|   65172 |
+---------+
1 row in set (0.03 sec)

Query OK, 0 rows affected (0.06 sec)

Query OK, 1772 rows affected (0.49 sec)
Records: 1772  Duplicates: 0  Warnings: 0

+-------------------+
| rcb_clientparcels |
+-------------------+
|              1772 |
+-------------------+
1 row in set (0.00 sec)

Query OK, 0 rows affected (0.07 sec)

Query OK, 84423 rows affected (4.24 sec)
Records: 84423  Duplicates: 0  Warnings: 0

Query OK, 0 rows affected (0.41 sec)
Records: 0  Duplicates: 0  Warnings: 0

Query OK, 0 rows affected (0.46 sec)

Query OK, 65172 rows affected (3.56 sec)
Records: 65172  Duplicates: 0  Warnings: 0

Query OK, 0 rows affected (0.27 sec)
Records: 0  Duplicates: 0  Warnings: 0

Query OK, 0 rows affected (0.35 sec)
Records: 0  Duplicates: 0  Warnings: 0

Query OK, 0 rows affected (0.37 sec)
Records: 0  Duplicates: 0  Warnings: 0

+---------------+
| clientaddress |
+---------------+
|         65172 |
+---------------+
1 row in set (0.03 sec)

Database changed
Query OK, 0 rows affected (0.23 sec)

Query OK, 0 rows affected (0.09 sec)

Database changed
Query OK, 473158 rows affected, 65535 warnings (20.07 sec)
Records: 473158  Deleted: 0  Skipped: 0  Warnings: 183147

Query OK, 0 rows affected (7.01 sec)
Records: 0  Duplicates: 0  Warnings: 0

Query OK, 0 rows affected (4.18 sec)
Records: 0  Duplicates: 0  Warnings: 0

Query OK, 0 rows affected (2.18 sec)
Records: 0  Duplicates: 0  Warnings: 0

Query OK, 0 rows affected (0.16 sec)

Query OK, 473158 rows affected (55.75 sec)
Records: 473158  Duplicates: 0  Warnings: 0

Query OK, 0 rows affected (2.25 sec)
Records: 0  Duplicates: 0  Warnings: 0

Query OK, 0 rows affected (1.71 sec)
Records: 0  Duplicates: 0  Warnings: 0

+-----------+
| contracts |
+-----------+
|    473158 |
+-----------+
1 row in set (0.21 sec)

+-----------------+
| contractaddress |
+-----------------+
|          473158 |
+-----------------+
1 row in set (0.17 sec)

Database changed
Query OK, 0 rows affected (0.20 sec)

Query OK, 0 rows affected (0.03 sec)

Query OK, 6538 rows affected (0.18 sec)
Records: 6538  Deleted: 0  Skipped: 0  Warnings: 0

Query OK, 0 rows affected (0.15 sec)

Query OK, 6507 rows affected (2.07 sec)
Records: 6507  Duplicates: 0  Warnings: 0

Query OK, 0 rows affected (0.11 sec)
Records: 0  Duplicates: 0  Warnings: 0

Query OK, 0 rows affected (0.01 sec)

Query OK, 5361 rows affected (0.22 sec)
Records: 5361  Duplicates: 0  Warnings: 0

Query OK, 0 rows affected (0.05 sec)
Records: 0  Duplicates: 0  Warnings: 0

+-------------------+
| contractdiscounts |
+-------------------+
|              6538 |
+-------------------+
1 row in set (0.00 sec)

+-------------------------+
| clientcontractdiscounts |
+-------------------------+
|                    6507 |
+-------------------------+
1 row in set (0.00 sec)

+----------------------------+
| clientcontractlastdiscount |
+----------------------------+
|                       5361 |
+----------------------------+
1 row in set (0.00 sec)

Database changed
Query OK, 0 rows affected (0.36 sec)

Query OK, 0 rows affected (0.01 sec)

Database changed
Query OK, 128174 rows affected (4.38 sec)
Records: 128174  Deleted: 0  Skipped: 0  Warnings: 0

Query OK, 0 rows affected (0.54 sec)
Records: 0  Duplicates: 0  Warnings: 0

Query OK, 0 rows affected (0.62 sec)
Records: 0  Duplicates: 0  Warnings: 0

Query OK, 0 rows affected (0.68 sec)
Records: 0  Duplicates: 0  Warnings: 0

Query OK, 0 rows affected (0.54 sec)
Records: 0  Duplicates: 0  Warnings: 0

Query OK, 0 rows affected (0.54 sec)
Records: 0  Duplicates: 0  Warnings: 0

Query OK, 0 rows affected (1.10 sec)
Records: 0  Duplicates: 0  Warnings: 0

Query OK, 0 rows affected (0.28 sec)

Query OK, 1614286 rows affected (4 min 43.34 sec)
Records: 1614286  Duplicates: 0  Warnings: 0

+---------+
| devices |
+---------+
|  128174 |
+---------+
1 row in set (0.08 sec)

+-----------------------+
| clientcontractdevices |
+-----------------------+
|               1614286 |
+-----------------------+
1 row in set (0.90 sec)

Query OK, 0 rows affected (0.05 sec)

Query OK, 128154 rows affected (10.48 sec)
Records: 128154  Duplicates: 0  Warnings: 0

+---------------------------+
| rep_clientcontractdevices |
+---------------------------+
|                    128154 |
+---------------------------+
1 row in set (0.05 sec)

Database changed
Query OK, 0 rows affected (0.37 sec)

Query OK, 0 rows affected (0.14 sec)

Query OK, 242141 rows affected (8.20 sec)
Records: 242141  Deleted: 0  Skipped: 0  Warnings: 0

Query OK, 0 rows affected (0.80 sec)
Records: 0  Duplicates: 0  Warnings: 0

Query OK, 0 rows affected (1.63 sec)
Records: 0  Duplicates: 0  Warnings: 0

Query OK, 0 rows affected (0.77 sec)
Records: 0  Duplicates: 0  Warnings: 0

Query OK, 0 rows affected (0.70 sec)
Records: 0  Duplicates: 0  Warnings: 0

+---------+
| tickets |
+---------+
|  242141 |
+---------+
1 row in set (0.09 sec)

Database changed
Query OK, 0 rows affected (0.02 sec)

Query OK, 0 rows affected (0.01 sec)

Empty set (0.00 sec)

Query OK, 0 rows affected (0.01 sec)
Records: 0  Duplicates: 0  Warnings: 0

Query OK, 313 rows affected, 2 warnings (0.01 sec)
Records: 313  Deleted: 0  Skipped: 0  Warnings: 2

+-----------------+
| tickettechusers |
+-----------------+
|             313 |
+-----------------+
1 row in set (0.00 sec)

Database changed
Query OK, 0 rows affected (0.09 sec)

Query OK, 0 rows affected (0.01 sec)

Query OK, 0 rows affected (0.01 sec)
Records: 0  Duplicates: 0  Warnings: 0

Query OK, 500074 rows affected, 41613 warnings (19.64 sec)
Records: 500074  Deleted: 0  Skipped: 0  Warnings: 41613

+-------------------+
| ticketassignments |
+-------------------+
|            500074 |
+-------------------+
1 row in set (0.18 sec)

Database changed
Query OK, 0 rows affected (0.44 sec)

Query OK, 0 rows affected (0.01 sec)

Query OK, 1048384 rows affected (26.46 sec)
Records: 1048384  Deleted: 0  Skipped: 0  Warnings: 0

Query OK, 0 rows affected (10.80 sec)
Records: 0  Duplicates: 0  Warnings: 0

Query OK, 0 rows affected (4.70 sec)
Records: 0  Duplicates: 0  Warnings: 0

Query OK, 0 rows affected (4.25 sec)
Records: 0  Duplicates: 0  Warnings: 0

Query OK, 0 rows affected (4.33 sec)
Records: 0  Duplicates: 0  Warnings: 0

+----------------+
| ticketcomments |
+----------------+
|        1048384 |
+----------------+
1 row in set (0.42 sec)

Database changed
Query OK, 0 rows affected (0.17 sec)

Query OK, 0 rows affected (0.00 sec)

Query OK, 400637 rows affected (49.05 sec)
Records: 400637  Deleted: 0  Skipped: 0  Warnings: 0

Query OK, 0 rows affected (3.27 sec)
Records: 0  Duplicates: 0  Warnings: 0

+----------+
| comments |
+----------+
|   400637 |
+----------+
1 row in set (0.16 sec)

Database changed
Query OK, 0 rows affected (0.07 sec)

Query OK, 0 rows affected (0.02 sec)

Query OK, 723924 rows affected, 65535 warnings (1 min 0.46 sec)
Records: 723924  Deleted: 0  Skipped: 0  Warnings: 723925

Query OK, 0 rows affected (2.60 sec)
Records: 0  Duplicates: 0  Warnings: 0

Query OK, 0 rows affected (2.47 sec)
Records: 0  Duplicates: 0  Warnings: 0

Query OK, 0 rows affected (5.73 sec)
Records: 0  Duplicates: 0  Warnings: 0

Query OK, 0 rows affected (2.21 sec)
Records: 0  Duplicates: 0  Warnings: 0

Query OK, 0 rows affected (2.91 sec)
Records: 0  Duplicates: 0  Warnings: 0

+------------+
| devicesold |
+------------+
|     723924 |
+------------+
1 row in set (0.32 sec)

Database changed
Query OK, 0 rows affected (0.17 sec)

Query OK, 0 rows affected (0.09 sec)

Query OK, 1607611 rows affected (27.56 sec)
Records: 1607611  Deleted: 0  Skipped: 0  Warnings: 0

Query OK, 0 rows affected (9.44 sec)
Records: 0  Duplicates: 0  Warnings: 0

Query OK, 0 rows affected (5.91 sec)
Records: 0  Duplicates: 0  Warnings: 0

Query OK, 0 rows affected (6.45 sec)
Records: 0  Duplicates: 0  Warnings: 0

+------------------+
| contractservices |
+------------------+
|          1607611 |
+------------------+
1 row in set (0.61 sec)

Database changed
Query OK, 0 rows affected (0.31 sec)

Query OK, 0 rows affected (0.01 sec)

Query OK, 3576027 rows affected (2 min 17.88 sec)
Records: 3576027  Deleted: 0  Skipped: 0  Warnings: 0

Query OK, 0 rows affected (17.90 sec)
Records: 0  Duplicates: 0  Warnings: 0

Query OK, 0 rows affected (19.62 sec)
Records: 0  Duplicates: 0  Warnings: 0

Query OK, 0 rows affected (18.76 sec)
Records: 0  Duplicates: 0  Warnings: 0

Query OK, 0 rows affected (18.18 sec)
Records: 0  Duplicates: 0  Warnings: 0

+------------------+
| invoicescontents |
+------------------+
|          3576027 |
+------------------+
1 row in set (2.46 sec)

Database changed
Query OK, 0 rows affected (1.60 sec)

Query OK, 0 rows affected (0.07 sec)

Query OK, 2460972 rows affected (3 min 34.03 sec)
Records: 2460972  Deleted: 0  Skipped: 0  Warnings: 0

Query OK, 0 rows affected (16.25 sec)
Records: 0  Duplicates: 0  Warnings: 0

Query OK, 0 rows affected (15.42 sec)
Records: 0  Duplicates: 0  Warnings: 0

Query OK, 0 rows affected (14.38 sec)
Records: 0  Duplicates: 0  Warnings: 0

Query OK, 0 rows affected (13.57 sec)
Records: 0  Duplicates: 0  Warnings: 0

Query OK, 0 rows affected (12.64 sec)
Records: 0  Duplicates: 0  Warnings: 0

+----------------+
| invoicesheader |
+----------------+
|        2460972 |
+----------------+
1 row in set (0.94 sec)

Database changed
Query OK, 0 rows affected (0.43 sec)

Query OK, 0 rows affected (0.06 sec)

Query OK, 2597079 rows affected (1 min 26.99 sec)
Records: 2597079  Deleted: 0  Skipped: 0  Warnings: 0

Query OK, 0 rows affected (15.83 sec)
Records: 0  Duplicates: 0  Warnings: 0

Query OK, 0 rows affected (13.72 sec)
Records: 0  Duplicates: 0  Warnings: 0

Query OK, 0 rows affected (15.31 sec)
Records: 0  Duplicates: 0  Warnings: 0

Query OK, 0 rows affected (11.30 sec)
Records: 0  Duplicates: 0  Warnings: 0

+---------+
| casa    |
+---------+
| 2597079 |
+---------+
1 row in set (3.55 sec)

Query OK, 0 rows affected (0.47 sec)

Query OK, 12152 rows affected (1 min 34.46 sec)
Records: 12152  Duplicates: 0  Warnings: 0

+--------------------+
| rep_paycol_channel |
+--------------------+
|              12152 |
+--------------------+
1 row in set (0.01 sec)

Query OK, 0 rows affected (0.05 sec)

Query OK, 8315 rows affected (1 min 36.54 sec)
Records: 8315  Duplicates: 0  Warnings: 0

+----------------+
| rep_paycol_pos |
+----------------+
|           8315 |
+----------------+
1 row in set (0.01 sec)

Database changed
Query OK, 0 rows affected (0.07 sec)

Query OK, 0 rows affected (0.01 sec)

Database changed
Query OK, 37914 rows affected (0.97 sec)
Records: 37914  Deleted: 0  Skipped: 0  Warnings: 0

+-------+
| users |
+-------+
| 37914 |
+-------+
1 row in set (0.02 sec)

Database changed
Query OK, 0 rows affected (1.01 sec)

Query OK, 0 rows affected (0.05 sec)

Database changed
Query OK, 9279118 rows affected (2 min 31.88 sec)
Records: 9279118  Deleted: 0  Skipped: 0  Warnings: 0

Query OK, 0 rows affected (43.12 sec)
Records: 0  Duplicates: 0  Warnings: 0

Query OK, 0 rows affected (41.59 sec)
Records: 0  Duplicates: 0  Warnings: 0

Query OK, 0 rows affected (40.46 sec)
Records: 0  Duplicates: 0  Warnings: 0

Query OK, 0 rows affected (38.04 sec)
Records: 0  Duplicates: 0  Warnings: 0

+----------+
| ipusage1 |
+----------+
|  9279118 |
+----------+
1 row in set (9.79 sec)

Query OK, 0 rows affected (0.80 sec)

Query OK, 9348359 rows affected, 65535 warnings (14 min 15.30 sec)
Records: 9348359  Duplicates: 0  Warnings: 9338386

Query OK, 0 rows affected (1 min 57.22 sec)
Records: 0  Duplicates: 0  Warnings: 0

Query OK, 0 rows affected (1 min 17.16 sec)
Records: 0  Duplicates: 0  Warnings: 0

Query OK, 0 rows affected (41.91 sec)
Records: 0  Duplicates: 0  Warnings: 0

Query OK, 0 rows affected (41.10 sec)
Records: 0  Duplicates: 0  Warnings: 0

Query OK, 0 rows affected (1 min 0.28 sec)
Records: 0  Duplicates: 0  Warnings: 0

Query OK, 0 rows affected (1 min 7.14 sec)
Records: 0  Duplicates: 0  Warnings: 0

Query OK, 0 rows affected (1 min 17.25 sec)
Records: 0  Duplicates: 0  Warnings: 0

+---------+
| ipusage |
+---------+
| 9348359 |
+---------+
1 row in set (12.84 sec)

Query OK, 0 rows affected (1.30 sec)

Query OK, 3316655 rows affected (2 min 58.15 sec)
Records: 3316655  Duplicates: 0  Warnings: 0

Query OK, 0 rows affected (18.97 sec)
Records: 0  Duplicates: 0  Warnings: 0

Query OK, 0 rows affected (15.38 sec)
Records: 0  Duplicates: 0  Warnings: 0

Query OK, 0 rows affected (13.32 sec)
Records: 0  Duplicates: 0  Warnings: 0

Query OK, 0 rows affected (17.59 sec)
Records: 0  Duplicates: 0  Warnings: 0

Query OK, 0 rows affected (0.71 sec)

Query OK, 288345 rows affected (37.97 sec)
Records: 288345  Duplicates: 0  Warnings: 0

Query OK, 0 rows affected (1.23 sec)
Records: 0  Duplicates: 0  Warnings: 0

Query OK, 0 rows affected (1.21 sec)
Records: 0  Duplicates: 0  Warnings: 0

Query OK, 0 rows affected (1.33 sec)
Records: 0  Duplicates: 0  Warnings: 0

Query OK, 0 rows affected (0.77 sec)
Records: 0  Duplicates: 0  Warnings: 0

Query OK, 0 rows affected (0.81 sec)
Records: 0  Duplicates: 0  Warnings: 0

Query OK, 0 rows affected (0.37 sec)

Query OK, 1607560 rows affected (1 min 38.73 sec)
Records: 1607560  Duplicates: 0  Warnings: 0

Query OK, 0 rows affected (9.92 sec)
Records: 0  Duplicates: 0  Warnings: 0

Query OK, 0 rows affected (5.97 sec)
Records: 0  Duplicates: 0  Warnings: 0

Query OK, 0 rows affected (7.32 sec)
Records: 0  Duplicates: 0  Warnings: 0

mysql> mysql \. C:\workspace\cloud\code\sql\_DailyScript\currenttime.sql
+---------------------+
| currenttime         |
+---------------------+
| 2019-04-29 10:13:08 |
+---------------------+
1 row in set (0.03 sec)

mysql> 
mysql> mysql \. C:\workspace\cloud\code\sql\_DailyScript\ticket_analysis.sql
Database changed
Query OK, 0 rows affected (0.39 sec)

Query OK, 409367 rows affected (32.63 sec)
Records: 409367  Duplicates: 0  Warnings: 0

Query OK, 0 rows affected (8.63 sec)
Records: 0  Duplicates: 0  Warnings: 0

Query OK, 0 rows affected (1.63 sec)
Records: 0  Duplicates: 0  Warnings: 0

Query OK, 0 rows affected (1.54 sec)
Records: 0  Duplicates: 0  Warnings: 0

Query OK, 0 rows affected (0.30 sec)

Query OK, 14962 rows affected (10.69 sec)
Records: 14962  Duplicates: 0  Warnings: 0

Query OK, 0 rows affected, 1 warning (0.02 sec)

Query OK, 56183 rows affected (6.47 sec)
Records: 56183  Duplicates: 0  Warnings: 0

Query OK, 0 rows affected, 1 warning (0.02 sec)

Query OK, 291876 rows affected (9.61 sec)
Records: 291876  Duplicates: 0  Warnings: 0

Query OK, 0 rows affected, 1 warning (0.02 sec)

Query OK, 291876 rows affected (11.60 sec)
Records: 291876  Duplicates: 0  Warnings: 0

Query OK, 0 rows affected (0.19 sec)

Query OK, 56224 rows affected (5.61 sec)
Records: 56224  Duplicates: 0  Warnings: 0

Database changed
Query OK, 0 rows affected (0.43 sec)

Query OK, 0 rows affected (0.08 sec)

Query OK, 409367 rows affected (18.77 sec)
Records: 409367  Duplicates: 0  Warnings: 0

Query OK, 0 rows affected (0.06 sec)

Query OK, 192627 rows affected (20.74 sec)
Records: 192627  Duplicates: 0  Warnings: 0

+--------------------------+
| clientticket_cmmtjourney |
+--------------------------+
|                   409367 |
+--------------------------+
1 row in set (8.31 sec)

+---------------------------+
| clientticket_assgnjourney |
+---------------------------+
|                    192627 |
+---------------------------+
1 row in set (0.47 sec)

Query OK, 0 rows affected (0.16 sec)

Query OK, 73 rows affected (0.48 sec)
Records: 73  Duplicates: 0  Warnings: 0

mysql> mysql \. C:\workspace\cloud\code\sql\_DailyScript\currenttime.sql
+---------------------+
| currenttime         |
+---------------------+
| 2019-04-29 10:15:27 |
+---------------------+
1 row in set (0.00 sec)

mysql> 
mysql> mysql \. C:\workspace\cloud\code\sql\_DailyScript\load_DailyCalls.sql
Database changed
Query OK, 284 rows affected (1.52 sec)
Records: 284  Deleted: 0  Skipped: 0  Warnings: 0

Query OK, 0 rows affected, 1 warning (0.02 sec)

Query OK, 277 rows affected (0.65 sec)
Records: 277  Duplicates: 0  Warnings: 0

Query OK, 0 rows affected, 1 warning (0.03 sec)

Query OK, 66649 rows affected (1.70 sec)
Records: 66649  Duplicates: 0  Warnings: 0

+----------------------+
| callingclientsbefore |
+----------------------+
|               661378 |
+----------------------+
1 row in set (18.48 sec)

Query OK, 363 rows affected (7.80 sec)
Records: 363  Duplicates: 0  Warnings: 0

+---------------------+
| callingclientsafter |
+---------------------+
|              661741 |
+---------------------+
1 row in set (0.28 sec)

Query OK, 0 rows affected (0.09 sec)

Query OK, 187 rows affected (21.44 sec)
Records: 187  Duplicates: 0  Warnings: 0

Query OK, 0 rows affected (0.03 sec)

Query OK, 13724 rows affected (2.52 sec)
Records: 13724  Duplicates: 0  Warnings: 0

+-----------+
| callstats |
+-----------+
|     13724 |
+-----------+
1 row in set (0.01 sec)

mysql> mysql \. C:\workspace\cloud\code\sql\_DailyScript\currenttime.sql
+---------------------+
| currenttime         |
+---------------------+
| 2019-04-29 10:16:22 |
+---------------------+
1 row in set (0.00 sec)

mysql> 
mysql> mysql \. C:\workspace\cloud\code\sql\_DailyScript\DAILY-SCRIPT-USAGE.sql
Database changed
Query OK, 0 rows affected (0.00 sec)

Query OK, 5998 rows affected, 17413 warnings (5.16 sec)
Records: 5998  Deleted: 0  Skipped: 0  Warnings: 17413

Query OK, 0 rows affected (0.01 sec)

Query OK, 10558 rows affected, 30493 warnings (5.70 sec)
Records: 10558  Deleted: 0  Skipped: 0  Warnings: 30493

Query OK, 0 rows affected (0.00 sec)

Query OK, 49 rows affected, 160 warnings (0.31 sec)
Records: 49  Deleted: 0  Skipped: 0  Warnings: 160

Query OK, 0 rows affected (0.00 sec)

Query OK, 179 rows affected, 643 warnings (0.12 sec)
Records: 179  Deleted: 0  Skipped: 0  Warnings: 643

+------------+
| dailyusage |
+------------+
|    5473643 |
+------------+
1 row in set (27.23 sec)

+------------+------------+------------+---------+
| datestart  | dateend    | insertedon | records |
+------------+------------+------------+---------+
| 2019-04-28 | 2019-04-28 | 2019-04-29 |   16784 |
| 2019-04-27 | 2019-04-27 | 2019-04-28 |   17025 |
| 2019-04-26 | 2019-04-26 | 2019-04-27 |   17431 |
| 2019-04-25 | 2019-04-25 | 2019-04-26 |   17151 |
| 2019-04-24 | 2019-04-24 | 2019-04-25 |   17060 |
+------------+------------+------------+---------+
5 rows in set (3 min 30.27 sec)

mysql> mysql \. C:\workspace\cloud\code\sql\_DailyScript\currenttime.sql
+---------------------+
| currenttime         |
+---------------------+
| 2019-04-29 10:20:30 |
+---------------------+
1 row in set (0.00 sec)

mysql> 
mysql> mysql \. C:\workspace\cloud\code\sql\_DailyScript\DAILY-SCRIPT-SALES-TELEMETRY.sql
Database changed
Query OK, 24 rows affected, 6 warnings (0.60 sec)
Records: 24  Deleted: 0  Skipped: 0  Warnings: 6

+------------+
| dailysales |
+------------+
|     150657 |
+------------+
1 row in set (3.33 sec)

Query OK, 0 rows affected (2.31 sec)

Query OK, 150657 rows affected (30.94 sec)
Records: 150657  Duplicates: 0  Warnings: 0

+--------+
| sales  |
+--------+
| 150657 |
+--------+
1 row in set (0.08 sec)

Query OK, 0 rows affected (0.02 sec)

Query OK, 2393 rows affected (0.63 sec)
Records: 2393  Duplicates: 0  Warnings: 0

+----------------+
| rep_dailysales |
+----------------+
|           2393 |
+----------------+
1 row in set (0.00 sec)

Query OK, 0 rows affected (0.01 sec)

Query OK, 2393 rows affected (0.70 sec)
Records: 2393  Duplicates: 0  Warnings: 0

+-------------------+
| rep_dailysalesreg |
+-------------------+
|              2393 |
+-------------------+
1 row in set (0.00 sec)

Query OK, 0 rows affected (0.33 sec)

Query OK, 2378 rows affected (0.88 sec)
Records: 2378  Duplicates: 0  Warnings: 0

+-----------+
| saleslist |
+-----------+
|      2378 |
+-----------+
1 row in set (0.00 sec)

Database changed
ERROR 2 (HY000): File 'C:\ProgramData\MySQL\MySQL Server 5.7\Uploads\_csv\PrepaidCardSales-28042019-P1.csv' not found (Errcode: 2 - No such file or directory)
+------------------+
| dailysinglesales |
+------------------+
|             5676 |
+------------------+
1 row in set (0.29 sec)

Database changed
Query OK, 19 rows affected (0.20 sec)
Records: 19  Deleted: 0  Skipped: 0  Warnings: 0

+-----------------+
| dailyaddonsales |
+-----------------+
|           15539 |
+-----------------+
1 row in set (0.27 sec)

Query OK, 124 rows affected (0.17 sec)
Records: 124  Deleted: 0  Skipped: 0  Warnings: 0

+----------------+
| onlinepayments |
+----------------+
|          50701 |
+----------------+
1 row in set (0.26 sec)

+-------------+----------------+---------------------+
| paymentdate | onlinepayments | onlinepaymentamount |
+-------------+----------------+---------------------+
| 2019-04-28  |            124 |         71596.58000 |
| 2019-04-27  |            107 |         70844.35000 |
| 2019-04-26  |            178 |        121820.37000 |
| 2019-04-25  |            123 |         66180.18000 |
| 2019-04-24  |            124 |         83319.73000 |
+-------------+----------------+---------------------+
5 rows in set (3.89 sec)

+-------------+--------------+----------------+---------------------+
| paymentyear | paymentmonth | onlinepayments | onlinepaymentamount |
+-------------+--------------+----------------+---------------------+
|        2019 |            4 |           2639 |       1718552.82000 |
|        2019 |            3 |           2821 |       1851177.84000 |
|        2019 |            2 |           2441 |       1600446.38000 |
|        2019 |            1 |           2609 |       1678277.98000 |
|        2019 |         NULL |          10510 |       6848455.02000 |
+-------------+--------------+----------------+---------------------+
5 rows in set (0.07 sec)

mysql> mysql \. C:\workspace\cloud\code\sql\_DailyScript\currenttime.sql
+---------------------+
| currenttime         |
+---------------------+
| 2019-04-29 10:21:15 |
+---------------------+
1 row in set (0.00 sec)

mysql> 
mysql> mysql \. C:\workspace\cloud\code\sql\_DailyScript\DAILY-SCRIPT-ACTIVENUMBERS.sql
Database changed
Query OK, 1337 rows affected (2.30 sec)
Records: 1337  Deleted: 0  Skipped: 0  Warnings: 0

+------------+----------+
| period     | count(1) |
+------------+----------+
| 2019-04-28 |     1337 |
| 2019-04-27 |     1337 |
| 2019-04-26 |     1337 |
| 2019-04-25 |     1339 |
| 2019-04-24 |     1341 |
| 2019-04-23 |     1342 |
+------------+----------+
6 rows in set (0.01 sec)

Query OK, 0 rows affected (0.03 sec)

Query OK, 86 rows affected (2.18 sec)
Records: 86  Duplicates: 0  Warnings: 0

+-------------+
| packagelist |
+-------------+
|          86 |
+-------------+
1 row in set (0.00 sec)

Database changed
Query OK, 0 rows affected (0.00 sec)

Query OK, 0 rows affected (0.00 sec)

Query OK, 0 rows affected (0.00 sec)

Query OK, 0 rows affected (0.00 sec)

Query OK, 26699 rows affected, 210 warnings (2 min 8.00 sec)
Records: 26699  Deleted: 0  Skipped: 0  Warnings: 210

+------------+----------+
| period     | count(1) |
+------------+----------+
| 2019-04-28 |    26699 |
| 2019-04-27 |    26972 |
| 2019-04-26 |    27051 |
| 2019-04-25 |    27000 |
| 2019-04-24 |    26959 |
+------------+----------+
5 rows in set (0.15 sec)

Query OK, 0 rows affected (0.15 sec)

Query OK, 26061 rows affected (5 min 30.09 sec)
Records: 26061  Duplicates: 0  Warnings: 0

Query OK, 0 rows affected (1.32 sec)
Records: 0  Duplicates: 0  Warnings: 0

Query OK, 0 rows affected (0.14 sec)
Records: 0  Duplicates: 0  Warnings: 0

Query OK, 0 rows affected (0.12 sec)
Records: 0  Duplicates: 0  Warnings: 0

Query OK, 0 rows affected (0.62 sec)
Records: 0  Duplicates: 0  Warnings: 0

Query OK, 0 rows affected (0.09 sec)
Records: 0  Duplicates: 0  Warnings: 0

Query OK, 0 rows affected (0.10 sec)
Records: 0  Duplicates: 0  Warnings: 0

+-------------+
| countbefore |
+-------------+
|    25641436 |
+-------------+
1 row in set (2 min 15.94 sec)

Query OK, 26061 rows affected (1 min 12.91 sec)
Records: 26061  Duplicates: 0  Warnings: 0

+------------+
| countafter |
+------------+
|   25667497 |
+------------+
1 row in set (54.83 sec)

+------------+--------------------------+
| period     | customercontractactivity |
+------------+--------------------------+
| 2019-04-28 |                    26061 |
| 2019-04-27 |                    26334 |
| 2019-04-26 |                    26413 |
| 2019-04-25 |                    26362 |
| 2019-04-24 |                    26321 |
+------------+--------------------------+
5 rows in set (0.08 sec)

Query OK, 0 rows affected (0.28 sec)

Query OK, 211085 rows affected (20 min 22.60 sec)
Records: 211085  Duplicates: 0  Warnings: 0

Query OK, 0 rows affected (1.31 sec)
Records: 0  Duplicates: 0  Warnings: 0

Query OK, 0 rows affected (1.11 sec)
Records: 0  Duplicates: 0  Warnings: 0

Query OK, 0 rows affected (1.17 sec)
Records: 0  Duplicates: 0  Warnings: 0

Query OK, 0 rows affected (0.12 sec)

Query OK, 244 rows affected (0.68 sec)
Records: 244  Duplicates: 0  Warnings: 0

Query OK, 0 rows affected (0.03 sec)

Query OK, 2364 rows affected (0.71 sec)
Records: 2364  Duplicates: 0  Warnings: 0

Query OK, 0 rows affected (0.05 sec)

Query OK, 26050 rows affected (0.77 sec)
Records: 26050  Duplicates: 0  Warnings: 0

Query OK, 0 rows affected (0.30 sec)

Query OK, 16808 rows affected (0.72 sec)
Records: 16808  Duplicates: 0  Warnings: 0

Query OK, 0 rows affected (0.04 sec)

Query OK, 16808 rows affected (0.25 sec)
Records: 16808  Duplicates: 0  Warnings: 0

Query OK, 0 rows affected (0.60 sec)

Query OK, 16808 rows affected (1.96 sec)
Records: 16808  Duplicates: 0  Warnings: 0

Query OK, 0 rows affected (0.28 sec)

Query OK, 16808 rows affected (56.74 sec)
Records: 16808  Duplicates: 0  Warnings: 0

+-------------+
| clientstats |
+-------------+
|       16808 |
+-------------+
1 row in set (0.01 sec)

Query OK, 0 rows affected (0.02 sec)

Query OK, 13 rows affected, 1 warning (0.14 sec)
Records: 13  Duplicates: 0  Warnings: 1

+-----------------------+-------------+-------------+----------------+-----------------+
| services              | activecount | allaccounts | uniqueaccounts | uniquecontracts |
+-----------------------+-------------+-------------+----------------+-----------------+
| All                   |         127 |          27 |             27 |              86 |
| Internet & Voice      |         439 |         202 |            202 |             395 |
| Internet Only         |        4112 |        3977 |           3974 |            4046 |
| OTT Only              |           1 |           1 |              1 |               1 |
| TV & Internet         |        8848 |        3832 |           3826 |            7807 |
| TV & Internet & OTT   |        1732 |         505 |            504 |            1024 |
| TV & Internet & Voice |         534 |         148 |            148 |             458 |
| TV & OTT              |         131 |          44 |             44 |              45 |
| TV & Voice            |         119 |          49 |             49 |             102 |
| TV & Voice & OTT      |          10 |           1 |              1 |               3 |
| TV Only               |       10588 |        7832 |           7822 |            8031 |
| Voice Only            |         191 |         190 |            190 |             191 |
| GRAND TOTAL           |       26832 |       16808 |          16747 |           22189 |
+-----------------------+-------------+-------------+----------------+-----------------+
13 rows in set (0.00 sec)

+-------------+-------------+-------------+----------------+-----------------+
| network     | activecount | allaccounts | uniqueaccounts | uniquecontracts |
+-------------+-------------+-------------+----------------+-----------------+
| ADDON       |          13 |           5 |              5 |               5 |
| GPON        |        6604 |        3366 |           3366 |            5069 |
| HFC         |       20215 |       13437 |          13437 |           17115 |
| GRAND TOTAL |       26832 |       16808 |          16747 |           22189 |
+-------------+-------------+-------------+----------------+-----------------+
4 rows in set, 1 warning (0.14 sec)

+-------------+-----------------------+-------------+-------------+----------------+-----------------+
| network     | services              | activecount | allaccounts | uniqueaccounts | uniquecontracts |
+-------------+-----------------------+-------------+-------------+----------------+-----------------+
| ADDON       | OTT Only              |           1 |           1 |              1 |               1 |
| ADDON       | TV & OTT              |           9 |           2 |              2 |               2 |
| ADDON       | TV Only               |           3 |           2 |              2 |               2 |
| ADDON       | Services Total        |          13 |           5 |              5 |               5 |
| GPON        | All                   |          36 |           7 |              7 |              24 |
| GPON        | Internet & Voice      |          59 |          24 |             24 |              49 |
| GPON        | Internet Only         |         883 |         804 |            804 |             821 |
| GPON        | TV & Internet         |        2926 |        1203 |           1203 |            2483 |
| GPON        | TV & Internet & OTT   |         791 |         224 |            224 |             459 |
| GPON        | TV & Internet & Voice |         122 |          32 |             32 |              97 |
| GPON        | TV & OTT              |          86 |          27 |             27 |              28 |
| GPON        | TV & Voice            |          55 |          21 |             21 |              46 |
| GPON        | TV Only               |        1638 |        1016 |           1016 |            1054 |
| GPON        | Voice Only            |           8 |           8 |              8 |               8 |
| GPON        | Services Total        |        6604 |        3366 |           3366 |            5069 |
| HFC         | All                   |          91 |          20 |             20 |              62 |
| HFC         | Internet & Voice      |         380 |         178 |            178 |             346 |
| HFC         | Internet Only         |        3229 |        3173 |           3173 |            3225 |
| HFC         | TV & Internet         |        5922 |        2629 |           2629 |            5324 |
| HFC         | TV & Internet & OTT   |         941 |         281 |            281 |             565 |
| HFC         | TV & Internet & Voice |         412 |         116 |            116 |             361 |
| HFC         | TV & OTT              |          36 |          15 |             15 |              15 |
| HFC         | TV & Voice            |          64 |          28 |             28 |              56 |
| HFC         | TV & Voice & OTT      |          10 |           1 |              1 |               3 |
| HFC         | TV Only               |        8947 |        6814 |           6814 |            6975 |
| HFC         | Voice Only            |         183 |         182 |            182 |             183 |
| HFC         | Services Total        |       20215 |       13437 |          13437 |           17115 |
| GRAND TOTAL | Services Total        |       26832 |       16808 |          16747 |           22189 |
+-------------+-----------------------+-------------+-------------+----------------+-----------------+
28 rows in set, 2 warnings (0.15 sec)

Query OK, 0 rows affected (0.06 sec)

Query OK, 44 rows affected, 3 warnings (0.23 sec)
Records: 44  Duplicates: 0  Warnings: 3

+-------------+---------------+-----------------------+-------------+-------------+----------------+-----------------+
| region      | network       | services              | activecount | allaccounts | uniqueaccounts | uniquecontracts |
+-------------+---------------+-----------------------+-------------+-------------+----------------+-----------------+
| Mahe        | ADDON         | OTT Only              |           1 |           1 |              1 |               1 |
| Mahe        | ADDON         | TV & OTT              |           4 |           1 |              1 |               1 |
| Mahe        | ADDON         | TV Only               |           3 |           2 |              2 |               2 |
| Mahe        | ADDON         | Services Total        |           8 |           4 |              4 |               4 |
| Mahe        | GPON          | All                   |          30 |           6 |              6 |              20 |
| Mahe        | GPON          | Internet & Voice      |          51 |          20 |             20 |              41 |
| Mahe        | GPON          | Internet Only         |         665 |         586 |            586 |             603 |
| Mahe        | GPON          | TV & Internet         |        2060 |         841 |            841 |            1727 |
| Mahe        | GPON          | TV & Internet & OTT   |         472 |         130 |            130 |             266 |
| Mahe        | GPON          | TV & Internet & Voice |         101 |          26 |             26 |              78 |
| Mahe        | GPON          | TV & OTT              |          43 |          11 |             11 |              11 |
| Mahe        | GPON          | TV & Voice            |          50 |          19 |             19 |              41 |
| Mahe        | GPON          | TV Only               |        1213 |         725 |            725 |             746 |
| Mahe        | GPON          | Voice Only            |           8 |           8 |              8 |               8 |
| Mahe        | GPON          | Services Total        |        4693 |        2372 |           2372 |            3541 |
| Mahe        | HFC           | All                   |          91 |          20 |             20 |              62 |
| Mahe        | HFC           | Internet & Voice      |         380 |         178 |            178 |             346 |
| Mahe        | HFC           | Internet Only         |        3229 |        3173 |           3173 |            3225 |
| Mahe        | HFC           | TV & Internet         |        5922 |        2629 |           2629 |            5324 |
| Mahe        | HFC           | TV & Internet & OTT   |         941 |         281 |            281 |             565 |
| Mahe        | HFC           | TV & Internet & Voice |         412 |         116 |            116 |             361 |
| Mahe        | HFC           | TV & OTT              |          36 |          15 |             15 |              15 |
| Mahe        | HFC           | TV & Voice            |          64 |          28 |             28 |              56 |
| Mahe        | HFC           | TV & Voice & OTT      |          10 |           1 |              1 |               3 |
| Mahe        | HFC           | TV Only               |        8942 |        6811 |           6811 |            6972 |
| Mahe        | HFC           | Voice Only            |         183 |         182 |            182 |             183 |
| Mahe        | HFC           | Services Total        |       20210 |       13434 |          13434 |           17112 |
| Mahe        | Network Total | Services Total        |       24911 |       15810 |          15750 |           20657 |
| Praslin     | ADDON         | TV & OTT              |           5 |           1 |              1 |               1 |
| Praslin     | ADDON         | Services Total        |           5 |           1 |              1 |               1 |
| Praslin     | GPON          | All                   |           6 |           1 |              1 |               4 |
| Praslin     | GPON          | Internet & Voice      |           8 |           4 |              4 |               8 |
| Praslin     | GPON          | Internet Only         |         218 |         218 |            218 |             218 |
| Praslin     | GPON          | TV & Internet         |         866 |         362 |            362 |             756 |
| Praslin     | GPON          | TV & Internet & OTT   |         319 |          94 |             94 |             193 |
| Praslin     | GPON          | TV & Internet & Voice |          21 |           6 |              6 |              19 |
| Praslin     | GPON          | TV & OTT              |          43 |          16 |             16 |              17 |
| Praslin     | GPON          | TV & Voice            |           5 |           2 |              2 |               5 |
| Praslin     | GPON          | TV Only               |         425 |         291 |            291 |             308 |
| Praslin     | GPON          | Services Total        |        1911 |         994 |            994 |            1528 |
| Praslin     | HFC           | TV Only               |           5 |           3 |              3 |               3 |
| Praslin     | HFC           | Services Total        |           5 |           3 |              3 |               3 |
| Praslin     | Network Total | Services Total        |        1921 |         998 |            997 |            1532 |
| GRAND TOTAL | Network Total | Services Total        |       26832 |       16808 |          16747 |           22189 |
+-------------+---------------+-----------------------+-------------+-------------+----------------+-----------------+
44 rows in set (0.00 sec)

Query OK, 0 rows affected (0.04 sec)

Query OK, 26050 rows affected (1.41 sec)
Records: 26050  Duplicates: 0  Warnings: 0

Query OK, 0 rows affected (0.16 sec)

Query OK, 1587 rows affected (41.69 sec)
Records: 1587  Duplicates: 0  Warnings: 0

+--------------------------------------+
| message                              |
+--------------------------------------+
| running rcbill_my.sp_ActiveNumber2() |
+--------------------------------------+
1 row in set (0.00 sec)

Query OK, 0 rows affected (3 min 16.16 sec)

mysql> mysql \. C:\workspace\cloud\code\sql\_DailyScript\currenttime.sql
+---------------------+
| currenttime         |
+---------------------+
| 2019-04-29 10:58:55 |
+---------------------+
1 row in set (0.00 sec)

mysql> 
mysql> mysql \. C:\workspace\cloud\code\sql\_DailyScript\GetActiveNumbers Average -Pivot.sql
Database changed
+-------------------------------------+
| @today := subdate(current_date(),1) |
+-------------------------------------+
| 2019-04-28                          |
+-------------------------------------+
1 row in set (0.00 sec)

+-------------------------------------+
| @lastdayofmonth := last_day(@today) |
+-------------------------------------+
| 2019-04-30                          |
+-------------------------------------+
1 row in set (0.00 sec)

Query OK, 0 rows affected (0.57 sec)

Query OK, 28681 rows affected, 60329 warnings (54.38 sec)
Records: 28681  Duplicates: 0  Warnings: 60329

Query OK, 0 rows affected (0.25 sec)
Records: 0  Duplicates: 0  Warnings: 0

Query OK, 0 rows affected (0.11 sec)
Records: 0  Duplicates: 0  Warnings: 0

Query OK, 0 rows affected (0.09 sec)
Records: 0  Duplicates: 0  Warnings: 0

+-----------------+
| activenumberavg |
+-----------------+
|           28681 |
+-----------------+
1 row in set (0.01 sec)

Query OK, 0 rows affected (0.07 sec)

Query OK, 1728 rows affected (0.48 sec)
Records: 1728  Duplicates: 0  Warnings: 0

+---------------------+
| rep_activenumberavg |
+---------------------+
|                1728 |
+---------------------+
1 row in set (0.00 sec)

+----------------------+
| rep_activenumberavg1 |
+----------------------+
|                  820 |
+----------------------+
1 row in set (0.00 sec)

Query OK, 0 rows affected (0.04 sec)

Query OK, 1447 rows affected (0.39 sec)
Records: 1447  Duplicates: 0  Warnings: 0

Query OK, 0 rows affected (0.04 sec)

Query OK, 7324 rows affected (0.59 sec)
Records: 7324  Duplicates: 0  Warnings: 0

Query OK, 0 rows affected (0.00 sec)

Query OK, 0 rows affected (0.00 sec)

Query OK, 0 rows affected (0.03 sec)

Query OK, 0 rows affected (0.00 sec)

Query OK, 0 rows affected (0.00 sec)
Statement prepared

Query OK, 52 rows affected (0.11 sec)
Records: 52  Duplicates: 0  Warnings: 0

Query OK, 0 rows affected (0.00 sec)

Query OK, 0 rows affected (0.00 sec)

+----------------------+
| rep_activenumberavg2 |
+----------------------+
|                 1447 |
+----------------------+
1 row in set (0.00 sec)

+------------------------+
| rep_activenumberavg_pv |
+------------------------+
|                     52 |
+------------------------+
1 row in set (0.00 sec)

Query OK, 0 rows affected (0.00 sec)

Query OK, 1447 rows affected (0.33 sec)
Records: 1447  Duplicates: 0  Warnings: 0

Query OK, 0 rows affected (0.00 sec)

Query OK, 0 rows affected (0.00 sec)

Query OK, 0 rows affected (0.00 sec)

Query OK, 0 rows affected (0.00 sec)

Query OK, 0 rows affected (0.00 sec)
Statement prepared

Query OK, 52 rows affected (0.03 sec)
Records: 52  Duplicates: 0  Warnings: 0

Query OK, 0 rows affected (0.00 sec)

Query OK, 0 rows affected (0.00 sec)

+-------------------------+
| rep_activenumberavgMahe |
+-------------------------+
|                    1447 |
+-------------------------+
1 row in set (0.00 sec)

+----------------------------+
| rep_activenumberavgMahe_pv |
+----------------------------+
|                         52 |
+----------------------------+
1 row in set (0.00 sec)

Query OK, 0 rows affected (0.07 sec)

Query OK, 934 rows affected (0.14 sec)
Records: 934  Duplicates: 0  Warnings: 0

Query OK, 0 rows affected (0.00 sec)

Query OK, 0 rows affected (0.00 sec)

Query OK, 0 rows affected (0.00 sec)

Query OK, 0 rows affected (0.00 sec)

Query OK, 0 rows affected (0.00 sec)
Statement prepared

Query OK, 38 rows affected (0.02 sec)
Records: 38  Duplicates: 0  Warnings: 0

Query OK, 0 rows affected (0.00 sec)

Query OK, 0 rows affected (0.00 sec)

+----------------------------+
| rep_activenumberavgPraslin |
+----------------------------+
|                        934 |
+----------------------------+
1 row in set (0.00 sec)

+-------------------------------+
| rep_activenumberavgPraslin_pv |
+-------------------------------+
|                            38 |
+-------------------------------+
1 row in set (0.00 sec)

mysql> mysql \. C:\workspace\cloud\code\sql\_DailyScript\currenttime.sql
+---------------------+
| currenttime         |
+---------------------+
| 2019-04-29 10:59:52 |
+---------------------+
1 row in set (0.00 sec)

mysql> 
mysql> mysql \. C:\workspace\cloud\code\sql\_DailyScript\budget_actual_analysis_2019.sql
Query OK, 0 rows affected (0.00 sec)

Query OK, 554 rows affected, 3 warnings (0.82 sec)
Records: 554  Duplicates: 0  Warnings: 3

+--------------------+
| budget_actual_2019 |
+--------------------+
|                554 |
+--------------------+
1 row in set (0.00 sec)

Query OK, 0 rows affected (0.00 sec)

Query OK, 47 rows affected (0.17 sec)
Records: 47  Duplicates: 0  Warnings: 0

+---------------------------+
| rep_budget_actual_2019_pv |
+---------------------------+
|                        47 |
+---------------------------+
1 row in set (0.00 sec)

mysql> mysql \. C:\workspace\cloud\code\sql\_DailyScript\currenttime.sql
+---------------------+
| currenttime         |
+---------------------+
| 2019-04-29 10:59:53 |
+---------------------+
1 row in set (0.00 sec)

mysql> 
mysql> mysql \. C:\workspace\cloud\code\sql\_DailyScript\reports-sales-addons-prepaid-camera.sql
Database changed
Query OK, 0 rows affected (0.04 sec)

Query OK, 3576 rows affected (0.75 sec)
Records: 3576  Duplicates: 0  Warnings: 0

Query OK, 0 rows affected (0.16 sec)

Query OK, 15548 rows affected (2 min 25.21 sec)
Records: 15548  Duplicates: 0  Warnings: 0

+--------------------+
| rep_prepaid_camera |
+--------------------+
|               3576 |
+--------------------+
1 row in set (0.01 sec)

+-----------+
| rep_addon |
+-----------+
|     15548 |
+-----------+
1 row in set (0.01 sec)

mysql> mysql \. C:\workspace\cloud\code\sql\_DailyScript\currenttime.sql
+---------------------+
| currenttime         |
+---------------------+
| 2019-04-29 11:02:20 |
+---------------------+
1 row in set (0.00 sec)

mysql> 
mysql> mysql \. C:\workspace\cloud\code\sql\_DailyScript\housing-estate-analysis.sql
Database changed
Query OK, 0 rows affected (0.04 sec)

Query OK, 2807 rows affected (1 min 25.14 sec)
Records: 2807  Duplicates: 0  Warnings: 0

+--------------------+
| rep_housingestates |
+--------------------+
|               2807 |
+--------------------+
1 row in set (0.00 sec)

mysql> mysql \. C:\workspace\cloud\code\sql\_DailyScript\currenttime.sql
+---------------------+
| currenttime         |
+---------------------+
| 2019-04-29 11:03:45 |
+---------------------+
1 row in set (0.00 sec)

mysql> 
mysql> mysql \. C:\workspace\cloud\code\sql\_DailyScript\RCB_ClientAnalyticsReport_Script.sql
Database changed
Query OK, 0 rows affected (0.00 sec)

Query OK, 0 rows affected (0.59 sec)

Query OK, 1654977 rows affected (2 min 54.64 sec)
Records: 1654977  Duplicates: 0  Warnings: 0

Query OK, 0 rows affected (11.41 sec)
Records: 0  Duplicates: 0  Warnings: 0

Query OK, 0 rows affected (6.99 sec)
Records: 0  Duplicates: 0  Warnings: 0

Query OK, 0 rows affected (11.29 sec)
Records: 0  Duplicates: 0  Warnings: 0

Query OK, 0 rows affected (11.82 sec)
Records: 0  Duplicates: 0  Warnings: 0

Query OK, 0 rows affected (10.83 sec)
Records: 0  Duplicates: 0  Warnings: 0

Query OK, 0 rows affected (9.34 sec)
Records: 0  Duplicates: 0  Warnings: 0

Query OK, 0 rows affected (0.04 sec)

Query OK, 435766 rows affected (19.37 sec)
Rows matched: 1654977  Changed: 435766  Warnings: 0

Query OK, 0 rows affected (0.13 sec)

Query OK, 27141 rows affected (6.26 sec)
Records: 27141  Duplicates: 0  Warnings: 0

Query OK, 0 rows affected (0.35 sec)

Query OK, 42144 rows affected (13 min 17.90 sec)
Records: 42144  Duplicates: 0  Warnings: 0

Query OK, 0 rows affected (0.25 sec)
Records: 0  Duplicates: 0  Warnings: 0

Query OK, 0 rows affected (0.30 sec)
Records: 0  Duplicates: 0  Warnings: 0

Query OK, 0 rows affected (0.14 sec)
Records: 0  Duplicates: 0  Warnings: 0

Query OK, 0 rows affected (1.49 sec)

Query OK, 410434 rows affected (15 min 47.46 sec)
Records: 410434  Duplicates: 0  Warnings: 0

Query OK, 0 rows affected (2.32 sec)
Records: 0  Duplicates: 0  Warnings: 0

Query OK, 0 rows affected (2.07 sec)
Records: 0  Duplicates: 0  Warnings: 0

Query OK, 0 rows affected (1.08 sec)
Records: 0  Duplicates: 0  Warnings: 0

Query OK, 0 rows affected (2.17 sec)
Records: 0  Duplicates: 0  Warnings: 0

Query OK, 0 rows affected (1.89 sec)
Records: 0  Duplicates: 0  Warnings: 0

Query OK, 0 rows affected (0.08 sec)

Query OK, 42144 rows affected (1 min 46.07 sec)
Records: 42144  Duplicates: 0  Warnings: 0

+--------------+
| clientreport |
+--------------+
|        42144 |
+--------------+
1 row in set (0.02 sec)

Query OK, 0 rows affected (0.17 sec)

Query OK, 42144 rows affected (10.71 sec)
Records: 42144  Duplicates: 0  Warnings: 0

+----------------------+
| clientextendedreport |
+----------------------+
|                42144 |
+----------------------+
1 row in set (0.02 sec)

Query OK, 0 rows affected (0.09 sec)

Query OK, 42144 rows affected (10 min 14.99 sec)
Records: 42144  Duplicates: 0  Warnings: 0

+---------+
| allcust |
+---------+
|   42144 |
+---------+
1 row in set (0.02 sec)

Query OK, 0 rows affected, 1 warning (0.00 sec)

Query OK, 5000 rows affected (1.14 sec)
Records: 5000  Duplicates: 0  Warnings: 0

Query OK, 0 rows affected (0.10 sec)

Query OK, 6988 rows affected (3.65 sec)
Records: 6988  Duplicates: 0  Warnings: 0

Query OK, 0 rows affected, 1 warning (0.00 sec)

Query OK, 5000 rows affected (0.18 sec)
Records: 5000  Duplicates: 0  Warnings: 0

Query OK, 0 rows affected (0.29 sec)

Query OK, 7374 rows affected (0.79 sec)
Records: 7374  Duplicates: 0  Warnings: 0

mysql> mysql \. C:\workspace\cloud\code\sql\_DailyScript\currenttime.sql
+---------------------+
| currenttime         |
+---------------------+
| 2019-04-29 11:49:43 |
+---------------------+
1 row in set (0.00 sec)

mysql> 
mysql> mysql \. C:\workspace\cloud\code\sql\_DailyScript\REVENUE_PER_NODE_MXK.sql
Query OK, 0 rows affected (0.08 sec)

Query OK, 0 rows affected (0.02 sec)

Query OK, 0 rows affected (0.15 sec)

Query OK, 4905 rows affected (1.97 sec)
Records: 4905  Duplicates: 0  Warnings: 0

+----------------------+
| message              |
+----------------------+
| created temp table a |
+----------------------+
1 row in set (0.00 sec)

Query OK, 4614 rows affected (2.01 sec)
Records: 4614  Duplicates: 0  Warnings: 0

+----------------------+
| message              |
+----------------------+
| created temp table b |
+----------------------+
1 row in set (0.00 sec)

Query OK, 0 rows affected, 1 warning (0.00 sec)

Query OK, 5064 rows affected (10.08 sec)
Records: 5064  Duplicates: 0  Warnings: 0

+--------------------------------+
| message                        |
+--------------------------------+
| created rcbill_my.tempcustmxk1 |
+--------------------------------+
1 row in set (0.00 sec)

Query OK, 0 rows affected (0.00 sec)

Query OK, 0 rows affected (0.00 sec)

Query OK, 0 rows affected, 1 warning (0.00 sec)

Query OK, 4905 rows affected (0.34 sec)
Records: 4905  Duplicates: 0  Warnings: 0

+----------------+
| message        |
+----------------+
| created temp a |
+----------------+
1 row in set (0.00 sec)

Query OK, 4614 rows affected (0.37 sec)
Records: 4614  Duplicates: 0  Warnings: 0

+----------------+
| message        |
+----------------+
| created temp b |
+----------------+
1 row in set (0.00 sec)

Query OK, 0 rows affected, 1 warning (0.00 sec)

Query OK, 4706 rows affected (6.75 sec)
Records: 4706  Duplicates: 0  Warnings: 0

+--------------------------------+
| message                        |
+--------------------------------+
| created rcbill_my.tempcustmxk2 |
+--------------------------------+
1 row in set (0.00 sec)

Query OK, 0 rows affected (0.00 sec)

Query OK, 0 rows affected (0.00 sec)

Query OK, 0 rows affected, 1 warning (0.00 sec)

Query OK, 0 rows affected (0.14 sec)

Query OK, 5372 rows affected (0.66 sec)
Records: 5372  Duplicates: 0  Warnings: 0

+---------------------------------+
| message                         |
+---------------------------------+
| created rcbill_my.customers_mxk |
+---------------------------------+
1 row in set (0.00 sec)

Query OK, 0 rows affected (0.00 sec)

Query OK, 0 rows affected (0.00 sec)

Query OK, 19437 rows affected (0.53 sec)
Records: 19437  Duplicates: 0  Warnings: 0

+----------------+
| message        |
+----------------+
| created temp a |
+----------------+
1 row in set (0.00 sec)

Query OK, 21986 rows affected (5.84 sec)
Records: 21986  Duplicates: 0  Warnings: 0

+----------------+
| message        |
+----------------+
| created temp c |
+----------------+
1 row in set (0.00 sec)

Query OK, 0 rows affected, 1 warning (0.00 sec)

Query OK, 34909 rows affected (1.76 sec)
Records: 34909  Duplicates: 0  Warnings: 0

+---------------------------------+
| message                         |
+---------------------------------+
| created rcbill_my.tempcustcmts1 |
+---------------------------------+
1 row in set (0.00 sec)

Query OK, 0 rows affected (0.05 sec)

Query OK, 0 rows affected, 1 warning (0.00 sec)

Query OK, 0 rows affected (0.01 sec)

Query OK, 19437 rows affected (1.05 sec)
Records: 19437  Duplicates: 0  Warnings: 0

+----------------+
| message        |
+----------------+
| created temp a |
+----------------+
1 row in set (0.00 sec)

Query OK, 21986 rows affected (1.76 sec)
Records: 21986  Duplicates: 0  Warnings: 0

+----------------+
| message        |
+----------------+
| created temp c |
+----------------+
1 row in set (0.00 sec)

Query OK, 0 rows affected, 1 warning (0.00 sec)

Query OK, 23222 rows affected (1.27 sec)
Records: 23222  Duplicates: 0  Warnings: 0

+---------------------------------+
| message                         |
+---------------------------------+
| created rcbill_my.tempcustcmts2 |
+---------------------------------+
1 row in set (0.00 sec)

Query OK, 0 rows affected (0.01 sec)

Query OK, 0 rows affected, 1 warning (0.00 sec)

Query OK, 0 rows affected (0.01 sec)

Query OK, 0 rows affected (0.57 sec)

Query OK, 19510 rows affected (1.92 sec)
Records: 19510  Duplicates: 0  Warnings: 0

+----------------------------------+
| message                          |
+----------------------------------+
| created rcbill_my.customers_cmts |
+----------------------------------+
1 row in set (0.00 sec)

Query OK, 0 rows affected (0.01 sec)

Query OK, 0 rows affected (0.00 sec)

Query OK, 0 rows affected (0.07 sec)

Query OK, 24882 rows affected (2.82 sec)
Records: 24882  Duplicates: 0  Warnings: 0

+--------------------------------------+
| message                              |
+--------------------------------------+
| created rcbill_my.customers_cmts_mxk |
+--------------------------------------+
1 row in set (0.00 sec)

Query OK, 432313 rows affected (36.16 sec)
Records: 432313  Duplicates: 0  Warnings: 0

+----------------+
| message        |
+----------------+
| created temp a |
+----------------+
1 row in set (0.00 sec)

Query OK, 0 rows affected (0.12 sec)

Query OK, 433749 rows affected (20.85 sec)
Records: 433749  Duplicates: 0  Warnings: 0

+------------------------------------------------+
| message                                        |
+------------------------------------------------+
| created rcbill_my.customers_contracts_cmts_mxk |
+------------------------------------------------+
1 row in set (0.00 sec)

Query OK, 0 rows affected (0.09 sec)

Query OK, 0 rows affected, 1 warning (0.00 sec)

Query OK, 0 rows affected, 1 warning (0.00 sec)

Query OK, 0 rows affected (0.00 sec)

Query OK, 8045 rows affected (5.81 sec)
Rows matched: 8045  Changed: 8045  Warnings: 0

+------------------------------------------------+
| message                                        |
+------------------------------------------------+
| updated rcbill_my.customers_contracts_cmts_mxk |
+------------------------------------------------+
1 row in set (0.00 sec)

Query OK, 0 rows affected (0.25 sec)

Query OK, 1605349 rows affected (5 min 11.83 sec)
Records: 1605349  Duplicates: 0  Warnings: 0

+----------------------------------------+
| message                                |
+----------------------------------------+
| created rcbill_my.customers_collection |
+----------------------------------------+
1 row in set (0.00 sec)

Query OK, 0 rows affected (0.38 sec)

Query OK, 1851916 rows affected (2 min 34.91 sec)
Records: 1851916  Duplicates: 0  Warnings: 0

+------------------------------------------------+
| message                                        |
+------------------------------------------------+
| created rcbill_my.customers_cmts_mxk_cont_coll |
+------------------------------------------------+
1 row in set (0.00 sec)

Query OK, 0 rows affected (0.17 sec)

Query OK, 32160 rows affected (13.35 sec)
Records: 32160  Duplicates: 0  Warnings: 0

+------------------------------------------------------------+
| message                                                    |
+------------------------------------------------------------+
| created rcbill_my.customers_contracts_collection_pivot2019 |
+------------------------------------------------------------+
1 row in set (0.00 sec)

Query OK, 0 rows affected (0.17 sec)

Query OK, 18592 rows affected (7.26 sec)
Records: 18592  Duplicates: 0  Warnings: 0

+--------------------------------------------------+
| message                                          |
+--------------------------------------------------+
| created rcbill_my.customers_collection_pivot2019 |
+--------------------------------------------------+
1 row in set (0.01 sec)

Query OK, 0 rows affected (0.04 sec)

Query OK, 42144 rows affected (1.96 sec)
Records: 42144  Duplicates: 0  Warnings: 0

+------------------------------------------------+
| message                                        |
+------------------------------------------------+
| created rcbill_my.rep_customers_collection2019 |
+------------------------------------------------+
1 row in set (0.00 sec)

Query OK, 0 rows affected (0.00 sec)

Query OK, 0 rows affected, 1 warning (0.00 sec)

Query OK, 404434 rows affected (24.61 sec)
Records: 404434  Duplicates: 0  Warnings: 0

+-------------------------+
| message                 |
+-------------------------+
| created rcbill_my.tempa |
+-------------------------+
1 row in set (0.00 sec)

Query OK, 0 rows affected, 1 warning (0.00 sec)

Query OK, 81642 rows affected (23.60 sec)
Records: 81642  Duplicates: 0  Warnings: 0

+-------------------------+
| message                 |
+-------------------------+
| created rcbill_my.tempb |
+-------------------------+
1 row in set (0.00 sec)

Query OK, 404434 rows affected (15.26 sec)
Records: 404434  Duplicates: 0  Warnings: 0

+-----------+
| message   |
+-----------+
| created a |
+-----------+
1 row in set (0.00 sec)

Query OK, 81752 rows affected (13.88 sec)
Records: 81752  Duplicates: 0  Warnings: 0

+-----------+
| message   |
+-----------+
| created b |
+-----------+
1 row in set (0.00 sec)

Query OK, 0 rows affected (0.10 sec)

Query OK, 0 rows affected (0.01 sec)

Query OK, 0 rows affected (0.34 sec)

Query OK, 407091 rows affected (30.64 sec)
Records: 407091  Duplicates: 0  Warnings: 0

+----------------------------------------------+
| message                                      |
+----------------------------------------------+
| created rcbill_my.cust_cont_payment_cmts_mxk |
+----------------------------------------------+
1 row in set (0.00 sec)

Query OK, 0 rows affected (0.01 sec)

Query OK, 0 rows affected (0.00 sec)

Query OK, 0 rows affected, 1 warning (0.00 sec)

Query OK, 0 rows affected (0.11 sec)

Query OK, 42144 rows affected (14.58 sec)
Records: 42144  Duplicates: 0  Warnings: 0

+--------------------------------------------------+
| message                                          |
+--------------------------------------------------+
| created rcbill_my.rep_cust_cont_payment_cmts_mxk |
+--------------------------------------------------+
1 row in set (0.00 sec)

Query OK, 0 rows affected, 1 warning (0.00 sec)

Query OK, 0 rows affected, 1 warning (0.00 sec)

Query OK, 0 rows affected (0.35 sec)

Query OK, 38143 rows affected, 5 warnings (10.18 sec)
Records: 38143  Duplicates: 0  Warnings: 5

+----------------------+
| rep_custconsolidated |
+----------------------+
|                38143 |
+----------------------+
1 row in set (0.04 sec)

Query OK, 0 rows affected (0.00 sec)

Query OK, 0 rows affected (0.03 sec)

+----------------------------------------------+
| message                                      |
+----------------------------------------------+
| creating rcbill_my.retentioncustomeractivity |
+----------------------------------------------+
1 row in set (0.00 sec)

Query OK, 520 rows affected (0.12 sec)
Records: 520  Duplicates: 0  Warnings: 0

+---------------------------+
| retentioncustomeractivity |
+---------------------------+
|                       520 |
+---------------------------+
1 row in set (0.00 sec)

+-----------+------------------------------------+------------+-------------+-----------------+------------------+---------------------+-------------------+
| HFC_NODE  | NODENAME                           | CMTS_DATE  | INSERTED_ON | UNIQUE_ACCOUNTS | UNIQUE_CONTRACTS | UNIQUE_MAC_INRCBOSS | UNIQUE_MAC_INCMTS |
+-----------+------------------------------------+------------+-------------+-----------------+------------------+---------------------+-------------------+
| NULL      | NULL                               | NULL       | 2019-04-29  |           10433 |            11123 |               11219 |                 0 |
| C5/0/0/U0 | ANSE-BOILEAU-2                     | 2019-04-15 | 2019-04-29  |             174 |              180 |                 174 |               176 |
| C5/0/0/U1 | 500-C3-ANSE-BOILEAU                | 2019-04-15 | 2019-04-29  |             177 |              182 |                 177 |               177 |
| C5/0/1/U0 | 501-C4-LA-MISIERE-LEFT-I           | 2019-04-15 | 2019-04-29  |             200 |              206 |                 200 |               201 |
| C5/0/1/U1 | 501-C5-LA-MISIERE-RIGHT            | 2019-04-15 | 2019-04-29  |             106 |              110 |                 106 |               107 |
| C5/0/1/U2 | 501-C7-LA-MISIERE-LEFT-II          | 2019-04-15 | 2019-04-29  |             101 |              107 |                 101 |               102 |
| C5/0/2/U0 | 502-C8-LA-LOUISE                   | 2019-04-15 | 2019-04-29  |             140 |              143 |                 141 |               142 |
| C5/0/2/U1 | LA-LOUISE-2                        | 2019-04-15 | 2019-04-29  |             147 |              150 |                 147 |               148 |
| C5/0/3/U0 | 504-C6-PETIT-PARIS                 | 2019-04-15 | 2019-04-29  |             157 |              162 |                 157 |               157 |
| C5/0/3/U1 | PETIT-PARIS-23                     | 2019-04-15 | 2019-04-29  |              85 |               85 |                  85 |                85 |
| C5/0/4/U0 | FOUR-SEASONS                       | 2019-04-15 | 2019-04-29  |               6 |               22 |                  22 |                23 |
| C5/0/4/U1 | ANCHOR-CAFE-I                      | 2019-04-15 | 2019-04-29  |             153 |              157 |                 153 |               159 |
| C5/0/4/U2 | ANCHOR-CAFE-II                     | 2019-04-15 | 2019-04-29  |             140 |              143 |                 139 |               145 |
| C5/1/0/U0 | POINTE-LARUE-AIRPORT-23            | 2019-04-15 | 2019-04-29  |             108 |              118 |                 110 |               111 |
| C5/1/0/U1 | PPROVIDENCE-23                     | 2019-04-15 | 2019-04-29  |              29 |               32 |                  29 |                29 |
| C5/1/0/U2 | ROSHE-CAIMAN-23                    | 2019-04-15 | 2019-04-29  |              10 |               10 |                  10 |                10 |
| C5/1/0/U3 | HEAD-OFFICE | HO-23                | 2019-04-15 | 2019-04-29  |              23 |               24 |                  23 |                23 |
| C5/1/1/U1 | C5-UNION-VALE                      | 2019-04-15 | 2019-04-29  |             183 |              191 |                 184 |               185 |
| C5/1/3/U0 | POINTE-LARUE-AIRPORT-27            | 2019-04-15 | 2019-04-29  |             127 |              128 |                 127 |               128 |
| C5/1/3/U1 | PPROVIDENCE-27                     | 2019-04-15 | 2019-04-29  |              37 |               38 |                  37 |                37 |
| C5/1/3/U2 | ROSHE-CAIMAN-27                    | 2019-04-15 | 2019-04-29  |              25 |               26 |                  25 |                25 |
| C5/1/3/U3 | HEAD-OFFICE | HO-27                | 2019-04-15 | 2019-04-29  |              26 |               26 |                  26 |                26 |
| C5/1/4/U0 | ANSE-ROYALE-27                     | 2019-04-15 | 2019-04-29  |             191 |              200 |                 192 |               193 |
| C5/1/4/U1 | GLACIS-2-57                        | 2019-04-15 | 2019-04-29  |             137 |              144 |                 136 |               138 |
| C5/1/4/U3 | GLACIS-1                           | 2019-04-15 | 2019-04-29  |              65 |               67 |                  65 |                65 |
| C6/0/1/U0 | SERRET-ROAD-RIGHT/CURIO/PASCAL     | 2019-04-15 | 2019-04-29  |             139 |              144 |                 139 |               140 |
| C6/0/1/U1 | SERRET-ROAD-LEFT/ST.LOUIS/TOWN     | 2019-04-15 | 2019-04-29  |             144 |              152 |                 144 |               144 |
| C6/0/1/U2 | SERRET-ROAD-RIGHT/CURIO/PASCAL-2   | 2019-04-15 | 2019-04-29  |             113 |              116 |                 113 |               114 |
| C6/0/1/U3 | SERRET-ROAD-LEFT/ST.LOUIS/TOWN-2   | 2019-04-15 | 2019-04-29  |             143 |              149 |                 143 |               143 |
| C6/0/2/U0 | SANS-SOUCIS-I                      | 2019-04-15 | 2019-04-29  |             120 |              127 |                 120 |               121 |
| C6/0/2/U1 | SANS-SOUCIS-II                     | 2019-04-15 | 2019-04-29  |             110 |              113 |                 109 |               109 |
| C6/0/2/U2 | BEL-AIR-27                         | 2019-04-15 | 2019-04-29  |              97 |              102 |                  97 |                97 |
| C6/0/2/U3 | BEL-AIR-38                         | 2019-04-15 | 2019-04-29  |             110 |              114 |                 110 |               111 |
| C6/0/3/U0 | LES-MAMELLES-23                    | 2019-04-15 | 2019-04-29  |              96 |               97 |                  96 |                96 |
| C6/0/3/U1 | VICTORIA-23                        | 2019-04-15 | 2019-04-29  |              23 |               27 |                  25 |                28 |
| C6/0/4/U0 | LES-MAMELLES-27                    | 2019-04-15 | 2019-04-29  |              58 |               58 |                  58 |                58 |
| C6/0/4/U1 | VICTORIA-27                        | 2019-04-15 | 2019-04-29  |              37 |               42 |                  38 |                38 |
| C7/1/0/U0 | LA-RETRAITE-23                     | 2019-04-15 | 2019-04-29  |             106 |              111 |                 106 |               107 |
| C7/1/0/U1 | TEA-FACTORY-23                     | 2019-04-15 | 2019-04-29  |              21 |               25 |                  21 |                21 |
| C7/1/0/U2 | PAS-23                             | 2019-04-15 | 2019-04-29  |             119 |              122 |                 120 |               120 |
| C7/1/1/U0 | REEF-ESTATE-23                     | 2019-04-15 | 2019-04-29  |             103 |              105 |                 103 |               103 |
| C7/1/1/U1 | BEL-OMBRE-NEW-23                   | 2019-04-15 | 2019-04-29  |              20 |               26 |                  25 |                26 |
| C7/1/2/U0 | LA-RETRAITE-27                     | 2019-04-15 | 2019-04-29  |             121 |              127 |                 121 |               121 |
| C7/1/2/U1 | TEA-FACTORY-27                     | 2019-04-15 | 2019-04-29  |              25 |               30 |                  28 |                28 |
| C7/1/2/U2 | PAS-27                             | 2019-04-15 | 2019-04-29  |              91 |               98 |                  91 |                91 |
| C7/1/3/U0 | MT-BUXTON-27                       | 2019-04-15 | 2019-04-29  |             173 |              177 |                 172 |               174 |
| C7/1/3/U1 | MT-BUXTON-23                       | 2019-04-15 | 2019-04-29  |              49 |               50 |                  49 |                51 |
| C7/1/4/U0 | REEF-ESTATE-27                     | 2019-04-15 | 2019-04-29  |              60 |               61 |                  60 |                61 |
| C7/1/4/U1 | BEL-OMBRE-NEW-27                   | 2019-04-15 | 2019-04-29  |              30 |               30 |                  30 |                30 |
| C8/0/0/U0 | POLICE-ACADEMY-1-27 - POINTE LARUE | 2019-04-15 | 2019-04-29  |             201 |              203 |                 201 |               202 |
| C8/0/0/U1 | NULL                               | 2019-04-15 | 2019-04-29  |             117 |              123 |                 118 |               119 |
| C8/0/1/U0 | NULL                               | 2019-04-15 | 2019-04-29  |             172 |              180 |                 172 |               173 |
| C8/0/1/U1 | POLICE-ACADEMY-2-27 - TURTLE BAY   | 2019-04-15 | 2019-04-29  |             140 |              143 |                 140 |               143 |
| C8/0/2/U0 | BEAU-VALLON-LEFT-1-57              | 2019-04-15 | 2019-04-29  |             101 |              107 |                 101 |               101 |
| C8/0/3/U1 | BEAU-VALLON-RIGHT-2-57             | 2019-04-15 | 2019-04-29  |             208 |              216 |                 208 |               210 |
| C8/1/0/U0 | MA-JOIE-NODE-27                    | 2019-04-15 | 2019-04-29  |             140 |              145 |                 140 |               143 |
| C8/1/0/U1 | BELONIE-27                         | 2019-04-15 | 2019-04-29  |             148 |              152 |                 147 |               147 |
| C8/1/0/U3 | MA-JOIE-NODE-23                    | 2019-04-15 | 2019-04-29  |              98 |               99 |                  98 |                99 |
| C8/1/1/U0 | 611-C1-ROJN I                      | 2019-04-15 | 2019-04-29  |             177 |              185 |                 177 |               179 |
| C8/1/1/U1 | 611-C5-ROJN II                     | 2019-04-15 | 2019-04-29  |              66 |               68 |                  66 |                68 |
| C8/1/2/U0 | 612-C2-ANSE-ETOILE                 | 2019-04-15 | 2019-04-29  |             186 |              195 |                 185 |               186 |
| C8/1/2/U1 | ANSE-ETOILE-U2                     | 2019-04-15 | 2019-04-29  |              95 |               97 |                  95 |                95 |
| C8/1/3/U0 | 613-C3-ANSE-GAULETTE I             | 2019-04-15 | 2019-04-29  |              72 |               79 |                  72 |                72 |
| C8/1/3/U1 | 613-C7-ANSE-GAULETTE II            | 2019-04-15 | 2019-04-29  |              58 |               63 |                  58 |                59 |
| C8/1/3/U2 | 613-C3-ANSE-GAULETTE III           | 2019-04-15 | 2019-04-29  |              47 |               49 |                  47 |                48 |
| C8/1/3/U3 | TAKAMAKA I                         | 2019-04-15 | 2019-04-29  |              95 |               97 |                  95 |               104 |
| C8/1/3/U4 | TAKAMAKA II                        | 2019-04-15 | 2019-04-29  |              98 |              100 |                  98 |               102 |
| C8/1/4/U0 | 614-BEOLIERE-NODE-1                | 2019-04-15 | 2019-04-29  |             102 |              107 |                 102 |               103 |
| C8/1/4/U1 | 614-BEOLIERE-NODE-2                | 2019-04-15 | 2019-04-29  |             126 |              134 |                 126 |               126 |
+-----------+------------------------------------+------------+-------------+-----------------+------------------+---------------------+-------------------+
69 rows in set (0.93 sec)

+------------------+------------+-------------+-----------------+------------------+----------------------+-------------------+
| MXK_NAME         | MXK_DATE   | INSERTED_ON | UNIQUE_ACCOUNTS | UNIQUE_CONTRACTS | UNIQUE_FSAN_INRCBOSS | UNIQUE_FSAN_INMXK |
+------------------+------------+-------------+-----------------+------------------+----------------------+-------------------+
| NULL             | NULL       | 2019-04-29  |             628 |              650 |                  643 |                 0 |
| MXK-ANSEETOILE   | 2019-04-15 | 2019-04-29  |              67 |               68 |                   68 |                72 |
| MXK-ANSEROYALE   | 2019-04-15 | 2019-04-29  |             129 |              130 |                  130 |               140 |
| MXK-BEAUVALLON   | 2019-04-15 | 2019-04-29  |             993 |             1006 |                 1000 |              1031 |
| MXK-MAHE         | 2019-04-15 | 2019-04-29  |             860 |              891 |                  836 |               965 |
| MXK-PERSEVERANCE | 2019-04-15 | 2019-04-29  |            1020 |             1036 |                 1030 |              1068 |
| MXK-PRASLIN      | 2019-04-15 | 2019-04-29  |            1154 |             1159 |                 1150 |              1210 |
+------------------+------------+-------------+-----------------+------------------+----------------------+-------------------+
7 rows in set (0.15 sec)

mysql> mysql \. C:\workspace\cloud\code\sql\_DailyScript\currenttime.sql
+---------------------+
| currenttime         |
+---------------------+
| 2019-04-29 12:01:52 |
+---------------------+
1 row in set (0.00 sec)

mysql> 
mysql> mysql \. C:\workspace\cloud\code\sql\Analysis\service_tickets_assignments.sql
Query OK, 0 rows affected (0.01 sec)

Query OK, 29551 rows affected (19.27 sec)
Records: 29551  Duplicates: 0  Warnings: 0

+-------------------------+
| rep_servicetickets_2019 |
+-------------------------+
|                   29551 |
+-------------------------+
1 row in set (0.04 sec)

mysql> mysql \. C:\workspace\cloud\code\sql\_DailyScript\currenttime.sql
+---------------------+
| currenttime         |
+---------------------+
| 2019-04-29 12:02:12 |
+---------------------+
1 row in set (0.00 sec)

mysql> 
