    -> 
    -> mysql \. C:\workspace\cloud\code\sql\_DailyScript\_setdates.sql
Database changed
Query OK, 0 rows affected (0.00 sec)

Query OK, 0 rows affected (0.00 sec)

Query OK, 0 rows affected (0.00 sec)

Query OK, 0 rows affected (0.00 sec)

Query OK, 0 rows affected (0.00 sec)

Query OK, 0 rows affected (0.00 sec)

Query OK, 0 rows affected (0.00 sec)

Query OK, 0 rows affected (0.00 sec)

Query OK, 0 rows affected (0.00 sec)

Query OK, 0 rows affected (0.00 sec)

Query OK, 0 rows affected (0.00 sec)

Query OK, 0 rows affected (0.00 sec)

Query OK, 0 rows affected (0.00 sec)

Query OK, 0 rows affected (0.00 sec)

Query OK, 0 rows affected (0.00 sec)

Query OK, 0 rows affected (0.00 sec)

Query OK, 0 rows affected (0.00 sec)

Query OK, 0 rows affected (0.00 sec)

Query OK, 0 rows affected (0.00 sec)

Query OK, 0 rows affected (0.00 sec)

Query OK, 0 rows affected (0.00 sec)

mysql> mysql \. C:\workspace\cloud\code\sql\_DailyScript\currenttime.sql
+---------------------+
| currenttime         |
+---------------------+
| 2020-08-17 08:45:02 |
+---------------------+
1 row in set (0.00 sec)

mysql> 
mysql> mysql \. C:\workspace\cloud\code\sql\_DailyScript\load_RCB_VODTITLES.sql
Database changed
Query OK, 0 rows affected (0.00 sec)

Query OK, 11808 rows affected (0.15 sec)

Query OK, 11810 rows affected, 11810 warnings (0.25 sec)
Records: 11810  Deleted: 0  Skipped: 0  Warnings: 11810

Query OK, 0 rows affected (0.00 sec)

Query OK, 2 rows affected (0.01 sec)

+-----------+
| VODTITLES |
+-----------+
|     12268 |
+-----------+
1 row in set (0.01 sec)

+-----------+-----------+
| titletype | typecount |
+-----------+-----------+
| E         |      9778 |
| N         |       229 |
| T         |      1801 |
| NULL      |     11808 |
+-----------+-----------+
4 rows in set (0.03 sec)

mysql> mysql \. C:\workspace\cloud\code\sql\_DailyScript\currenttime.sql
+---------------------+
| currenttime         |
+---------------------+
| 2020-08-17 08:45:02 |
+---------------------+
1 row in set (0.00 sec)

mysql> 
mysql> mysql \. C:\workspace\cloud\code\sql\_DailyScript\DAILY-SCRIPT-LIVETV-STATS.sql
Database changed
Query OK, 0 rows affected (0.01 sec)

Query OK, 91299 rows affected (0.95 sec)
Records: 91299  Duplicates: 0  Warnings: 0

+------------+------------+----------+--------------+--------------+-----------+-------------+----------+--------+------+------------+---------+---------------+
| Table      | Non_unique | Key_name | Seq_in_index | Column_name  | Collation | Cardinality | Sub_part | Packed | Null | Index_type | Comment | Index_comment |
+------------+------------+----------+--------------+--------------+-----------+-------------+----------+--------+------+------------+---------+---------------+
| templivetv |          1 | idxtv1   |            1 | device       | A         |       91701 |     NULL | NULL   | YES  | BTREE      |         |               |
| templivetv |          1 | idxtv2   |            1 | sessionstart | A         |       91701 |     NULL | NULL   | YES  | BTREE      |         |               |
+------------+------------+----------+--------------+--------------+-----------+-------------+----------+--------+------+------------+---------+---------------+
2 rows in set (0.00 sec)

Query OK, 91397 rows affected (13.13 sec)
Records: 91397  Duplicates: 0  Warnings: 0

Query OK, 2764 rows affected (0.66 sec)
Records: 2764  Duplicates: 0  Warnings: 0

Query OK, 0 rows affected (0.00 sec)

Query OK, 0 rows affected (0.00 sec)

Query OK, 137 rows affected (0.04 sec)
Records: 137  Duplicates: 0  Warnings: 0

Query OK, 0 rows affected (0.01 sec)

Query OK, 30665 rows affected (1 min 47.76 sec)
Records: 30665  Duplicates: 0  Warnings: 0

+-----------------+
| rep_livetvstats |
+-----------------+
|           30665 |
+-----------------+
1 row in set (0.01 sec)

mysql> mysql \. C:\workspace\cloud\code\sql\_DailyScript\currenttime.sql
+---------------------+
| currenttime         |
+---------------------+
| 2020-08-17 08:47:05 |
+---------------------+
1 row in set (0.00 sec)

mysql> 
mysql> mysql \. C:\workspace\cloud\code\sql\_DailyScript\DAILY-SCRIPT-VODTS-STATS.sql
Database changed
Query OK, 0 rows affected (0.01 sec)

Query OK, 4101 rows affected (13.17 sec)
Records: 4101  Duplicates: 0  Warnings: 0

+---------+------------+----------+--------------+--------------+-----------+-------------+----------+--------+------+------------+---------+---------------+
| Table   | Non_unique | Key_name | Seq_in_index | Column_name  | Collation | Cardinality | Sub_part | Packed | Null | Index_type | Comment | Index_comment |
+---------+------------+----------+--------------+--------------+-----------+-------------+----------+--------+------+------------+---------+---------------+
| tempvod |          1 | idxtvod1 |            1 | device       | A         |        4187 |     NULL | NULL   | YES  | BTREE      |         |               |
| tempvod |          1 | idxtvod2 |            1 | sessionstart | A         |        4187 |     NULL | NULL   | YES  | BTREE      |         |               |
+---------+------------+----------+--------------+--------------+-----------+-------------+----------+--------+------+------------+---------+---------------+
2 rows in set (0.00 sec)

Query OK, 4101 rows affected (2.58 sec)
Records: 4101  Duplicates: 0  Warnings: 0

Query OK, 0 rows affected (0.01 sec)

Query OK, 776786 rows affected (1 min 0.68 sec)
Records: 776786  Duplicates: 0  Warnings: 0

+--------------+
| rep_vodstats |
+--------------+
|       776786 |
+--------------+
1 row in set (0.22 sec)

Database changed
Query OK, 0 rows affected (0.01 sec)

Query OK, 15706 rows affected (36.02 sec)
Records: 15706  Duplicates: 0  Warnings: 0

+--------+------------+----------+--------------+--------------+-----------+-------------+----------+--------+------+------------+---------+---------------+
| Table  | Non_unique | Key_name | Seq_in_index | Column_name  | Collation | Cardinality | Sub_part | Packed | Null | Index_type | Comment | Index_comment |
+--------+------------+----------+--------------+--------------+-----------+-------------+----------+--------+------+------------+---------+---------------+
| tempts |          1 | idxtts1  |            1 | device       | A         |       15941 |     NULL | NULL   | YES  | BTREE      |         |               |
| tempts |          1 | idxtts2  |            1 | sessionstart | A         |       15941 |     NULL | NULL   | YES  | BTREE      |         |               |
+--------+------------+----------+--------------+--------------+-----------+-------------+----------+--------+------+------------+---------+---------------+
2 rows in set (0.00 sec)

Query OK, 15703 rows affected (11.26 sec)
Records: 15703  Duplicates: 0  Warnings: 0

Query OK, 0 rows affected (0.01 sec)

Query OK, 37498 rows affected (35.29 sec)
Records: 37498  Duplicates: 0  Warnings: 0

+-------------+
| rep_tsstats |
+-------------+
|       37498 |
+-------------+
1 row in set (0.01 sec)

mysql> mysql \. C:\workspace\cloud\code\sql\_DailyScript\currenttime.sql
+---------------------+
| currenttime         |
+---------------------+
| 2020-08-17 08:49:44 |
+---------------------+
1 row in set (0.00 sec)

mysql> 
mysql> mysql \. C:\workspace\cloud\code\sql\_DailyScript\DAILY-SCRIPT-RADIO-STATS.sql
Database changed
Query OK, 0 rows affected (0.01 sec)

Query OK, 292203 rows affected (3.14 sec)
Records: 292203  Duplicates: 0  Warnings: 0

+-----------+------------+----------+--------------+--------------+-----------+-------------+----------+--------+------+------------+---------+---------------+
| Table     | Non_unique | Key_name | Seq_in_index | Column_name  | Collation | Cardinality | Sub_part | Packed | Null | Index_type | Comment | Index_comment |
+-----------+------------+----------+--------------+--------------+-----------+-------------+----------+--------+------+------------+---------+---------------+
| tempradio |          1 | idxtrad1 |            1 | device       | A         |      283860 |     NULL | NULL   | YES  | BTREE      |         |               |
| tempradio |          1 | idxtrad2 |            1 | sessionstart | A         |      283860 |     NULL | NULL   | YES  | BTREE      |         |               |
+-----------+------------+----------+--------------+--------------+-----------+-------------+----------+--------+------+------------+---------+---------------+
2 rows in set (0.00 sec)

Query OK, 442 rows affected (1.22 sec)
Records: 442  Duplicates: 0  Warnings: 0

Query OK, 0 rows affected (0.01 sec)

Query OK, 5057 rows affected (0.38 sec)
Records: 5057  Duplicates: 0  Warnings: 0

+----------------+
| rep_radiostats |
+----------------+
|           5057 |
+----------------+
1 row in set (0.00 sec)

mysql> mysql \. C:\workspace\cloud\code\sql\_DailyScript\currenttime.sql
+---------------------+
| currenttime         |
+---------------------+
| 2020-08-17 08:49:49 |
+---------------------+
1 row in set (0.00 sec)

mysql> 
mysql> mysql \. C:\workspace\cloud\code\sql\_DailyScript\DAILY_SCRIPT_TELEMETRY_PIVOT_2020.sql
Query OK, 0 rows affected (0.01 sec)

Query OK, 146 rows affected (0.13 sec)
Records: 146  Duplicates: 0  Warnings: 0

Query OK, 0 rows affected (0.01 sec)

Query OK, 10215 rows affected (2.21 sec)
Records: 10215  Duplicates: 0  Warnings: 0

Query OK, 0 rows affected (0.01 sec)

Query OK, 8 rows affected (0.02 sec)
Records: 8  Duplicates: 0  Warnings: 0

Query OK, 0 rows affected (0.01 sec)

Query OK, 47 rows affected (0.06 sec)
Records: 47  Duplicates: 0  Warnings: 0

mysql> mysql \. C:\workspace\cloud\code\sql\_DailyScript\currenttime.sql
+---------------------+
| currenttime         |
+---------------------+
| 2020-08-17 08:49:52 |
+---------------------+
1 row in set (0.00 sec)

mysql> 
mysql> mysql \. C:\workspace\cloud\code\sql\_DailyScript\telemetry_livetv_ranking2020.sql
Query OK, 0 rows affected (0.01 sec)

Query OK, 146 rows affected (0.02 sec)
Records: 146  Duplicates: 0  Warnings: 0

mysql> mysql \. C:\workspace\cloud\code\sql\_DailyScript\currenttime.sql
+---------------------+
| currenttime         |
+---------------------+
| 2020-08-17 08:49:52 |
+---------------------+
1 row in set (0.00 sec)

mysql> 
mysql> mysql \. C:\workspace\cloud\code\sql\_DailyScript\telemetry_radio_ranking2020.sql
Query OK, 0 rows affected (0.01 sec)

Query OK, 8 rows affected (0.01 sec)
Records: 8  Duplicates: 0  Warnings: 0

mysql> mysql \. C:\workspace\cloud\code\sql\_DailyScript\currenttime.sql
+---------------------+
| currenttime         |
+---------------------+
| 2020-08-17 08:49:52 |
+---------------------+
1 row in set (0.00 sec)

mysql> 
mysql> mysql \. C:\workspace\cloud\code\sql\_DailyScript\telemetry_ts_ranking2020.sql
Query OK, 0 rows affected (0.01 sec)

Query OK, 47 rows affected (0.01 sec)
Records: 47  Duplicates: 0  Warnings: 0

mysql> mysql \. C:\workspace\cloud\code\sql\_DailyScript\currenttime.sql
+---------------------+
| currenttime         |
+---------------------+
| 2020-08-17 08:49:52 |
+---------------------+
1 row in set (0.00 sec)

mysql> 
mysql> mysql \. C:\workspace\cloud\code\sql\_DailyScript\telemetry_vod_ranking2020.sql
Query OK, 0 rows affected (0.02 sec)

Query OK, 10215 rows affected (0.43 sec)
Records: 10215  Duplicates: 0  Warnings: 0

mysql> mysql \. C:\workspace\cloud\code\sql\_DailyScript\currenttime.sql
+---------------------+
| currenttime         |
+---------------------+
| 2020-08-17 08:49:52 |
+---------------------+
1 row in set (0.00 sec)

mysql> 
mysql> mysql \. C:\workspace\cloud\code\sql\_DailyScript\telemetry_vod_ranking2020_1.sql
Query OK, 0 rows affected (0.01 sec)

Query OK, 10215 rows affected (0.21 sec)
Records: 10215  Duplicates: 0  Warnings: 0

mysql> mysql \. C:\workspace\cloud\code\sql\_DailyScript\currenttime.sql
+---------------------+
| currenttime         |
+---------------------+
| 2020-08-17 08:49:52 |
+---------------------+
1 row in set (0.00 sec)

mysql> 
mysql> mysql \. C:\workspace\cloud\code\sql\_DailyScript\telemetry_vod_ranking2020_2.sql
Query OK, 0 rows affected (0.01 sec)

Query OK, 10215 rows affected (0.20 sec)
Records: 10215  Duplicates: 0  Warnings: 0

mysql> mysql \. C:\workspace\cloud\code\sql\_DailyScript\currenttime.sql
+---------------------+
| currenttime         |
+---------------------+
| 2020-08-17 08:49:53 |
+---------------------+
1 row in set (0.00 sec)

mysql> 
mysql> mysql \. C:\workspace\cloud\code\sql\_DailyScript\DAILY-SCRIPT-CREATE-LOAD.sql
Database changed
Database changed
Query OK, 0 rows affected (0.01 sec)

Query OK, 0 rows affected (0.01 sec)

Database changed
Query OK, 66915 rows affected (2.32 sec)
Records: 66915  Deleted: 0  Skipped: 0  Warnings: 0

Query OK, 0 rows affected (0.13 sec)
Records: 0  Duplicates: 0  Warnings: 0

Query OK, 0 rows affected (0.21 sec)
Records: 0  Duplicates: 0  Warnings: 0

Query OK, 0 rows affected (0.22 sec)
Records: 0  Duplicates: 0  Warnings: 0

Query OK, 0 rows affected (0.20 sec)
Records: 0  Duplicates: 0  Warnings: 0

+---------+
| clients |
+---------+
|   66915 |
+---------+
1 row in set (0.02 sec)

Query OK, 0 rows affected (0.01 sec)

Query OK, 12504 rows affected (5.80 sec)
Records: 12504  Duplicates: 0  Warnings: 0

Query OK, 0 rows affected (0.04 sec)
Records: 0  Duplicates: 0  Warnings: 0

+-------------------+
| rcb_clientparcels |
+-------------------+
|             12504 |
+-------------------+
1 row in set (0.00 sec)

Query OK, 0 rows affected (0.01 sec)

Query OK, 79829 rows affected (3.02 sec)
Records: 79829  Duplicates: 0  Warnings: 0

Query OK, 0 rows affected (0.24 sec)
Records: 0  Duplicates: 0  Warnings: 0

Query OK, 0 rows affected (0.01 sec)

Query OK, 66915 rows affected (35.12 sec)
Records: 66915  Duplicates: 0  Warnings: 0

Query OK, 0 rows affected (0.19 sec)
Records: 0  Duplicates: 0  Warnings: 0

Query OK, 0 rows affected (0.21 sec)
Records: 0  Duplicates: 0  Warnings: 0

Query OK, 0 rows affected (0.17 sec)
Records: 0  Duplicates: 0  Warnings: 0

+---------------+
| clientaddress |
+---------------+
|         66915 |
+---------------+
1 row in set (0.02 sec)

Database changed
Query OK, 0 rows affected (0.03 sec)

Query OK, 0 rows affected (0.01 sec)

Database changed
Query OK, 521607 rows affected, 65535 warnings (14.57 sec)
Records: 521607  Deleted: 0  Skipped: 0  Warnings: 212322

Query OK, 0 rows affected (2.79 sec)
Records: 0  Duplicates: 0  Warnings: 0

Query OK, 0 rows affected (2.20 sec)
Records: 0  Duplicates: 0  Warnings: 0

Query OK, 0 rows affected (1.37 sec)
Records: 0  Duplicates: 0  Warnings: 0

Query OK, 0 rows affected (0.01 sec)

Query OK, 521607 rows affected (39.75 sec)
Records: 521607  Duplicates: 0  Warnings: 0

Query OK, 0 rows affected (1.64 sec)
Records: 0  Duplicates: 0  Warnings: 0

Query OK, 0 rows affected (1.29 sec)
Records: 0  Duplicates: 0  Warnings: 0

+-----------+
| contracts |
+-----------+
|    521607 |
+-----------+
1 row in set (0.15 sec)

+-----------------+
| contractaddress |
+-----------------+
|          521607 |
+-----------------+
1 row in set (0.14 sec)

Database changed
Query OK, 0 rows affected (0.01 sec)

Query OK, 0 rows affected (0.01 sec)

Query OK, 7511 rows affected (0.13 sec)
Records: 7511  Deleted: 0  Skipped: 0  Warnings: 0

Query OK, 0 rows affected (0.02 sec)

Query OK, 7479 rows affected (0.85 sec)
Records: 7479  Duplicates: 0  Warnings: 0

Query OK, 0 rows affected (0.04 sec)
Records: 0  Duplicates: 0  Warnings: 0

Query OK, 0 rows affected (0.01 sec)

Query OK, 5746 rows affected (0.07 sec)
Records: 5746  Duplicates: 0  Warnings: 0

Query OK, 0 rows affected (0.03 sec)
Records: 0  Duplicates: 0  Warnings: 0

+-------------------+
| contractdiscounts |
+-------------------+
|              7511 |
+-------------------+
1 row in set (0.00 sec)

+-------------------------+
| clientcontractdiscounts |
+-------------------------+
|                    7479 |
+-------------------------+
1 row in set (0.00 sec)

+----------------------------+
| clientcontractlastdiscount |
+----------------------------+
|                       5746 |
+----------------------------+
1 row in set (0.00 sec)

Database changed
Query OK, 0 rows affected (0.01 sec)

Query OK, 0 rows affected (0.01 sec)

Database changed
Query OK, 138857 rows affected, 8 warnings (2.66 sec)
Records: 138857  Deleted: 0  Skipped: 0  Warnings: 8

Query OK, 0 rows affected (0.25 sec)
Records: 0  Duplicates: 0  Warnings: 0

Query OK, 0 rows affected (0.29 sec)
Records: 0  Duplicates: 0  Warnings: 0

Query OK, 0 rows affected (0.29 sec)
Records: 0  Duplicates: 0  Warnings: 0

Query OK, 0 rows affected (0.27 sec)
Records: 0  Duplicates: 0  Warnings: 0

Query OK, 0 rows affected (0.34 sec)
Records: 0  Duplicates: 0  Warnings: 0

Query OK, 0 rows affected (0.51 sec)
Records: 0  Duplicates: 0  Warnings: 0

Query OK, 0 rows affected (0.10 sec)

Query OK, 1777168 rows affected (3 min 40.17 sec)
Records: 1777168  Duplicates: 0  Warnings: 0

Query OK, 0 rows affected (4.26 sec)
Records: 0  Duplicates: 0  Warnings: 0

+---------+
| devices |
+---------+
|  138857 |
+---------+
1 row in set (0.04 sec)

+-----------------------+
| clientcontractdevices |
+-----------------------+
|               1777168 |
+-----------------------+
1 row in set (0.64 sec)

Query OK, 0 rows affected (0.02 sec)

Query OK, 138834 rows affected (5.56 sec)
Records: 138834  Duplicates: 0  Warnings: 0

+---------------------------+
| rep_clientcontractdevices |
+---------------------------+
|                    138834 |
+---------------------------+
1 row in set (0.04 sec)

Database changed
Query OK, 0 rows affected (0.04 sec)

Query OK, 0 rows affected (0.01 sec)

Query OK, 294063 rows affected (6.77 sec)
Records: 294063  Deleted: 0  Skipped: 0  Warnings: 0

Query OK, 0 rows affected (0.68 sec)
Records: 0  Duplicates: 0  Warnings: 0

Query OK, 0 rows affected (0.59 sec)
Records: 0  Duplicates: 0  Warnings: 0

Query OK, 0 rows affected (0.60 sec)
Records: 0  Duplicates: 0  Warnings: 0

Query OK, 0 rows affected (0.53 sec)
Records: 0  Duplicates: 0  Warnings: 0

+---------+
| tickets |
+---------+
|  294063 |
+---------+
1 row in set (0.08 sec)

Database changed
Query OK, 0 rows affected (0.01 sec)

Query OK, 0 rows affected (0.01 sec)

Empty set (0.00 sec)

Query OK, 0 rows affected (0.02 sec)
Records: 0  Duplicates: 0  Warnings: 0

Query OK, 360 rows affected, 2 warnings (0.05 sec)
Records: 360  Deleted: 0  Skipped: 0  Warnings: 2

+-----------------+
| tickettechusers |
+-----------------+
|             360 |
+-----------------+
1 row in set (0.00 sec)

Database changed
Query OK, 0 rows affected (0.01 sec)

Query OK, 0 rows affected (0.01 sec)

Query OK, 0 rows affected (0.01 sec)
Records: 0  Duplicates: 0  Warnings: 0

Query OK, 641492 rows affected, 46847 warnings (10.48 sec)
Records: 641492  Deleted: 0  Skipped: 0  Warnings: 46847

+-------------------+
| ticketassignments |
+-------------------+
|            641492 |
+-------------------+
1 row in set (0.17 sec)

Database changed
Query OK, 0 rows affected (0.02 sec)

Query OK, 0 rows affected (0.01 sec)

Query OK, 1302429 rows affected (15.01 sec)
Records: 1302429  Deleted: 0  Skipped: 0  Warnings: 0

Query OK, 0 rows affected (3.50 sec)
Records: 0  Duplicates: 0  Warnings: 0

Query OK, 0 rows affected (2.61 sec)
Records: 0  Duplicates: 0  Warnings: 0

Query OK, 0 rows affected (2.41 sec)
Records: 0  Duplicates: 0  Warnings: 0

Query OK, 0 rows affected (2.76 sec)
Records: 0  Duplicates: 0  Warnings: 0

+----------------+
| ticketcomments |
+----------------+
|        1302429 |
+----------------+
1 row in set (0.36 sec)

Database changed
Query OK, 0 rows affected (0.01 sec)

Query OK, 0 rows affected (0.01 sec)

Query OK, 456503 rows affected (32.80 sec)
Records: 456503  Deleted: 0  Skipped: 0  Warnings: 0

Query OK, 0 rows affected (2.08 sec)
Records: 0  Duplicates: 0  Warnings: 0

+----------+
| comments |
+----------+
|   456503 |
+----------+
1 row in set (0.13 sec)

Database changed
Query OK, 0 rows affected (0.02 sec)

Query OK, 0 rows affected (0.01 sec)

Query OK, 1374716 rows affected, 65535 warnings (1 min 9.75 sec)
Records: 1374716  Deleted: 0  Skipped: 0  Warnings: 1374738

Query OK, 0 rows affected (3.64 sec)
Records: 0  Duplicates: 0  Warnings: 0

Query OK, 0 rows affected (3.13 sec)
Records: 0  Duplicates: 0  Warnings: 0

Query OK, 0 rows affected (3.18 sec)
Records: 0  Duplicates: 0  Warnings: 0

Query OK, 0 rows affected (3.09 sec)
Records: 0  Duplicates: 0  Warnings: 0

Query OK, 0 rows affected (4.53 sec)
Records: 0  Duplicates: 0  Warnings: 0

+------------+
| devicesold |
+------------+
|    1374716 |
+------------+
1 row in set (0.37 sec)

Database changed
Query OK, 0 rows affected (0.02 sec)

Query OK, 0 rows affected (0.01 sec)

Query OK, 1770377 rows affected (21.79 sec)
Records: 1770377  Deleted: 0  Skipped: 0  Warnings: 0

Query OK, 0 rows affected (4.61 sec)
Records: 0  Duplicates: 0  Warnings: 0

Query OK, 0 rows affected (4.03 sec)
Records: 0  Duplicates: 0  Warnings: 0

Query OK, 0 rows affected (4.05 sec)
Records: 0  Duplicates: 0  Warnings: 0

+------------------+
| contractservices |
+------------------+
|          1770377 |
+------------------+
1 row in set (0.49 sec)

Database changed
Query OK, 0 rows affected (0.05 sec)

Query OK, 0 rows affected (0.01 sec)

Query OK, 4233795 rows affected (1 min 46.58 sec)
Records: 4233795  Deleted: 0  Skipped: 0  Warnings: 0

Query OK, 0 rows affected (11.23 sec)
Records: 0  Duplicates: 0  Warnings: 0

Query OK, 0 rows affected (12.05 sec)
Records: 0  Duplicates: 0  Warnings: 0

Query OK, 0 rows affected (11.08 sec)
Records: 0  Duplicates: 0  Warnings: 0

Query OK, 0 rows affected (13.72 sec)
Records: 0  Duplicates: 0  Warnings: 0

+------------------+
| invoicescontents |
+------------------+
|          4233795 |
+------------------+
1 row in set (1.18 sec)

Database changed
Query OK, 0 rows affected (0.06 sec)

Query OK, 0 rows affected (0.01 sec)

Query OK, 2973658 rows affected (2 min 43.71 sec)
Records: 2973658  Deleted: 0  Skipped: 0  Warnings: 0

Query OK, 0 rows affected (11.91 sec)
Records: 0  Duplicates: 0  Warnings: 0

Query OK, 0 rows affected (12.34 sec)
Records: 0  Duplicates: 0  Warnings: 0

Query OK, 0 rows affected (9.36 sec)
Records: 0  Duplicates: 0  Warnings: 0

Query OK, 0 rows affected (11.15 sec)
Records: 0  Duplicates: 0  Warnings: 0

Query OK, 0 rows affected (10.95 sec)
Records: 0  Duplicates: 0  Warnings: 0

+----------------+
| invoicesheader |
+----------------+
|        2973658 |
+----------------+
1 row in set (0.80 sec)

Database changed
Query OK, 0 rows affected (0.03 sec)

Query OK, 0 rows affected (0.01 sec)

Query OK, 3018567 rows affected (1 min 15.73 sec)
Records: 3018567  Deleted: 0  Skipped: 0  Warnings: 0

Query OK, 0 rows affected (7.58 sec)
Records: 0  Duplicates: 0  Warnings: 0

Query OK, 0 rows affected (7.80 sec)
Records: 0  Duplicates: 0  Warnings: 0

Query OK, 0 rows affected (7.53 sec)
Records: 0  Duplicates: 0  Warnings: 0

Query OK, 0 rows affected (7.21 sec)
Records: 0  Duplicates: 0  Warnings: 0

+---------+
| casa    |
+---------+
| 3018567 |
+---------+
1 row in set (0.82 sec)

Query OK, 0 rows affected (0.01 sec)

Query OK, 14656 rows affected (1 min 10.59 sec)
Records: 14656  Duplicates: 0  Warnings: 0

+--------------------+
| rep_paycol_channel |
+--------------------+
|              14656 |
+--------------------+
1 row in set (0.01 sec)

Query OK, 0 rows affected (0.01 sec)

Query OK, 10687 rows affected (1 min 25.99 sec)
Records: 10687  Duplicates: 0  Warnings: 0

+----------------+
| rep_paycol_pos |
+----------------+
|          10687 |
+----------------+
1 row in set (0.01 sec)

Database changed
Query OK, 0 rows affected (0.01 sec)

Query OK, 0 rows affected (0.01 sec)

Database changed
Query OK, 39379 rows affected (0.76 sec)
Records: 39379  Deleted: 0  Skipped: 0  Warnings: 0

+-------+
| users |
+-------+
| 39379 |
+-------+
1 row in set (0.01 sec)

Query OK, 0 rows affected (0.08 sec)
Records: 0  Duplicates: 0  Warnings: 0

Database changed
Query OK, 0 rows affected (0.03 sec)

Query OK, 0 rows affected (0.01 sec)

Query OK, 1872898 rows affected, 2 warnings (28.45 sec)
Records: 1872898  Deleted: 0  Skipped: 0  Warnings: 2

Query OK, 0 rows affected (5.02 sec)
Records: 0  Duplicates: 0  Warnings: 0

Query OK, 0 rows affected (4.60 sec)
Records: 0  Duplicates: 0  Warnings: 0

Query OK, 0 rows affected (4.44 sec)
Records: 0  Duplicates: 0  Warnings: 0

Query OK, 0 rows affected (4.16 sec)
Records: 0  Duplicates: 0  Warnings: 0

Query OK, 0 rows affected (3.44 sec)
Records: 0  Duplicates: 0  Warnings: 0

+-------------+
| useractions |
+-------------+
|     1872898 |
+-------------+
1 row in set (0.51 sec)

Database changed
Query OK, 0 rows affected (0.07 sec)

Query OK, 0 rows affected (0.01 sec)

Database changed
Query OK, 21966445 rows affected (3 min 45.52 sec)
Records: 21966445  Deleted: 0  Skipped: 0  Warnings: 0

Query OK, 0 rows affected (56.08 sec)
Records: 0  Duplicates: 0  Warnings: 0

Query OK, 0 rows affected (53.68 sec)
Records: 0  Duplicates: 0  Warnings: 0

Query OK, 0 rows affected (54.16 sec)
Records: 0  Duplicates: 0  Warnings: 0

Query OK, 0 rows affected (49.16 sec)
Records: 0  Duplicates: 0  Warnings: 0

Query OK, 0 rows affected (1 min 2.67 sec)
Records: 0  Duplicates: 0  Warnings: 0

+----------+
| ipusage1 |
+----------+
| 21966445 |
+----------+
1 row in set (7.36 sec)

Query OK, 0 rows affected (0.10 sec)

Query OK, 22204232 rows affected, 65535 warnings (9 min 18.46 sec)
Records: 22204232  Duplicates: 0  Warnings: 22198379

Query OK, 0 rows affected (1 min 4.22 sec)
Records: 0  Duplicates: 0  Warnings: 0

Query OK, 0 rows affected (55.19 sec)
Records: 0  Duplicates: 0  Warnings: 0

Query OK, 0 rows affected (57.90 sec)
Records: 0  Duplicates: 0  Warnings: 0

Query OK, 0 rows affected (52.26 sec)
Records: 0  Duplicates: 0  Warnings: 0

Query OK, 0 rows affected (1 min 42.27 sec)
Records: 0  Duplicates: 0  Warnings: 0

Query OK, 0 rows affected (1 min 27.93 sec)
Records: 0  Duplicates: 0  Warnings: 0

Query OK, 0 rows affected (1 min 20.90 sec)
Records: 0  Duplicates: 0  Warnings: 0

+----------+
| ipusage  |
+----------+
| 22204232 |
+----------+
1 row in set (7.55 sec)

Query OK, 0 rows affected (0.04 sec)

Query OK, 5383614 rows affected (5 min 13.21 sec)
Records: 5383614  Duplicates: 0  Warnings: 0

Query OK, 0 rows affected (16.87 sec)
Records: 0  Duplicates: 0  Warnings: 0

Query OK, 0 rows affected (11.30 sec)
Records: 0  Duplicates: 0  Warnings: 0

Query OK, 0 rows affected (17.93 sec)
Records: 0  Duplicates: 0  Warnings: 0

Query OK, 0 rows affected (21.49 sec)
Records: 0  Duplicates: 0  Warnings: 0

Query OK, 0 rows affected (15.05 sec)
Records: 0  Duplicates: 0  Warnings: 0

Query OK, 0 rows affected (0.02 sec)

Query OK, 445734 rows affected (36.99 sec)
Records: 445734  Duplicates: 0  Warnings: 0

Query OK, 0 rows affected (1.37 sec)
Records: 0  Duplicates: 0  Warnings: 0

Query OK, 0 rows affected (1.23 sec)
Records: 0  Duplicates: 0  Warnings: 0

Query OK, 0 rows affected (1.50 sec)
Records: 0  Duplicates: 0  Warnings: 0

Query OK, 0 rows affected (0.82 sec)
Records: 0  Duplicates: 0  Warnings: 0

Query OK, 0 rows affected (0.77 sec)
Records: 0  Duplicates: 0  Warnings: 0

Query OK, 0 rows affected (0.78 sec)
Records: 0  Duplicates: 0  Warnings: 0

Query OK, 0 rows affected (0.80 sec)
Records: 0  Duplicates: 0  Warnings: 0

+-----------------------+
| clientcontractipmonth |
+-----------------------+
|                445734 |
+-----------------------+
1 row in set (0.12 sec)

Query OK, 0 rows affected (0.02 sec)

Query OK, 1770156 rows affected (48.24 sec)
Records: 1770156  Duplicates: 0  Warnings: 0

Query OK, 0 rows affected (7.48 sec)
Records: 0  Duplicates: 0  Warnings: 0

Query OK, 0 rows affected (3.22 sec)
Records: 0  Duplicates: 0  Warnings: 0

Query OK, 0 rows affected (5.09 sec)
Records: 0  Duplicates: 0  Warnings: 0

+------------------------------+
| contractsservicepackageprice |
+------------------------------+
|                      1770156 |
+------------------------------+
1 row in set (0.49 sec)

Query OK, 0 rows affected (0.03 sec)

Query OK, 1770156 rows affected (2 min 33.23 sec)
Records: 1770156  Duplicates: 0  Warnings: 0

Query OK, 0 rows affected (6.97 sec)
Records: 0  Duplicates: 0  Warnings: 0

Query OK, 0 rows affected (8.07 sec)
Records: 0  Duplicates: 0  Warnings: 0

Query OK, 0 rows affected (4.62 sec)
Records: 0  Duplicates: 0  Warnings: 0

Query OK, 0 rows affected (5.90 sec)
Records: 0  Duplicates: 0  Warnings: 0

+------------------------------------+
| clientcontractsservicepackageprice |
+------------------------------------+
|                            1770156 |
+------------------------------------+
1 row in set (0.49 sec)

mysql> mysql \. C:\workspace\cloud\code\sql\_DailyScript\currenttime.sql
+---------------------+
| currenttime         |
+---------------------+
| 2020-08-17 09:48:17 |
+---------------------+
1 row in set (0.00 sec)

mysql> 
mysql> mysql \. C:\workspace\cloud\code\sql\_DailyScript\ticket_analysis.sql
Database changed
Query OK, 0 rows affected (0.02 sec)

Query OK, 663391 rows affected (19.65 sec)
Records: 663391  Duplicates: 0  Warnings: 0

Query OK, 0 rows affected (3.98 sec)
Records: 0  Duplicates: 0  Warnings: 0

Query OK, 0 rows affected (1.84 sec)
Records: 0  Duplicates: 0  Warnings: 0

Query OK, 0 rows affected (1.74 sec)
Records: 0  Duplicates: 0  Warnings: 0

Query OK, 0 rows affected (0.01 sec)

Query OK, 21504 rows affected (11.00 sec)
Records: 21504  Duplicates: 0  Warnings: 0

Query OK, 0 rows affected, 1 warning (0.00 sec)

Query OK, 94003 rows affected (6.38 sec)
Records: 94003  Duplicates: 0  Warnings: 0

Query OK, 0 rows affected, 1 warning (0.00 sec)

Query OK, 481900 rows affected (12.04 sec)
Records: 481900  Duplicates: 0  Warnings: 0

Query OK, 0 rows affected, 1 warning (0.00 sec)

Query OK, 481900 rows affected (13.74 sec)
Records: 481900  Duplicates: 0  Warnings: 0

Query OK, 0 rows affected (0.04 sec)

Query OK, 94084 rows affected (5.34 sec)
Records: 94084  Duplicates: 0  Warnings: 0

Database changed
Query OK, 0 rows affected (0.00 sec)

Query OK, 0 rows affected (0.03 sec)

Query OK, 663391 rows affected (20.26 sec)
Records: 663391  Duplicates: 0  Warnings: 0

Query OK, 0 rows affected (0.01 sec)

Query OK, 334041 rows affected (13.51 sec)
Records: 334041  Duplicates: 0  Warnings: 0

+--------------------------+
| clientticket_cmmtjourney |
+--------------------------+
|                   663391 |
+--------------------------+
1 row in set (2.09 sec)

+---------------------------+
| clientticket_assgnjourney |
+---------------------------+
|                    334041 |
+---------------------------+
1 row in set (0.36 sec)

Query OK, 0 rows affected (0.01 sec)

Query OK, 79 rows affected (0.08 sec)
Records: 79  Duplicates: 0  Warnings: 0

mysql> mysql \. C:\workspace\cloud\code\sql\_DailyScript\currenttime.sql
+---------------------+
| currenttime         |
+---------------------+
| 2020-08-17 09:50:09 |
+---------------------+
1 row in set (0.00 sec)

mysql> 
mysql> mysql \. C:\workspace\cloud\code\sql\_DailyScript\load_DailyCalls.sql
Database changed
Query OK, 293 rows affected (0.11 sec)
Records: 293  Deleted: 0  Skipped: 0  Warnings: 0

Query OK, 0 rows affected, 1 warning (0.00 sec)

Query OK, 282 rows affected (0.03 sec)
Records: 282  Duplicates: 0  Warnings: 0

Query OK, 0 rows affected, 1 warning (0.00 sec)

Query OK, 67395 rows affected (0.28 sec)
Records: 67395  Duplicates: 0  Warnings: 0

+----------------------+
| callingclientsbefore |
+----------------------+
|               979190 |
+----------------------+
1 row in set (0.41 sec)

Query OK, 363 rows affected (5.66 sec)
Records: 363  Duplicates: 0  Warnings: 0

+---------------------+
| callingclientsafter |
+---------------------+
|              979553 |
+---------------------+
1 row in set (0.25 sec)

Query OK, 0 rows affected (0.01 sec)

Query OK, 222 rows affected (3.41 sec)
Records: 222  Duplicates: 0  Warnings: 0

Query OK, 0 rows affected (0.00 sec)

Query OK, 19668 rows affected (2.94 sec)
Records: 19668  Duplicates: 0  Warnings: 0

+-----------+
| callstats |
+-----------+
|     19668 |
+-----------+
1 row in set (0.01 sec)

Query OK, 0 rows affected, 1 warning (0.00 sec)

Query OK, 363 rows affected (2.36 sec)
Records: 363  Duplicates: 0  Warnings: 0

+------------------------+
| rep_cccallreportbefore |
+------------------------+
|                 979086 |
+------------------------+
1 row in set (0.34 sec)

Query OK, 363 rows affected (0.10 sec)
Records: 363  Duplicates: 0  Warnings: 0

+-----------------------+
| rep_cccallreportafter |
+-----------------------+
|                979449 |
+-----------------------+
1 row in set (0.26 sec)

Query OK, 0 rows affected (0.01 sec)

mysql> mysql \. C:\workspace\cloud\code\sql\_DailyScript\currenttime.sql
+---------------------+
| currenttime         |
+---------------------+
| 2020-08-17 09:50:25 |
+---------------------+
1 row in set (0.00 sec)

mysql> 
mysql> mysql \. C:\workspace\cloud\code\sql\_DailyScript\DAILY-SCRIPT-USAGE.sql
Database changed
Query OK, 0 rows affected (0.00 sec)

Query OK, 8429 rows affected, 24479 warnings (1.68 sec)
Records: 8429  Deleted: 0  Skipped: 0  Warnings: 24479

Query OK, 0 rows affected (0.00 sec)

Query OK, 12739 rows affected, 36872 warnings (2.16 sec)
Records: 12739  Deleted: 0  Skipped: 0  Warnings: 36872

Query OK, 0 rows affected (0.00 sec)

Query OK, 372 rows affected, 1312 warnings (0.05 sec)
Records: 372  Deleted: 0  Skipped: 0  Warnings: 1312

Query OK, 0 rows affected (0.00 sec)

Query OK, 179 rows affected, 611 warnings (0.08 sec)
Records: 179  Deleted: 0  Skipped: 0  Warnings: 611

+------------+
| dailyusage |
+------------+
|   14116353 |
+------------+
1 row in set (5.81 sec)

+------------+------------+------------+---------+
| datestart  | dateend    | insertedon | records |
+------------+------------+------------+---------+
| 2020-08-16 | 2020-08-16 | 2020-08-17 |   21719 |
| 2020-08-15 | 2020-08-15 | 2020-08-16 |   21860 |
| 2020-08-14 | 2020-08-14 | 2020-08-15 |   21375 |
| 2020-08-13 | 2020-08-13 | 2020-08-14 |   22094 |
| 2020-08-12 | 2020-08-12 | 2020-08-13 |   21940 |
+------------+------------+------------+---------+
5 rows in set (28.80 sec)

+----------+------------+------------+------------+---------+
| category | datestart  | dateend    | insertedon | records |
+----------+------------+------------+------------+---------+
| UNCAPPED | 2020-08-16 | 2020-08-16 | 2020-08-17 |   12739 |
| PREPAID  | 2020-08-16 | 2020-08-16 | 2020-08-17 |     372 |
| HOTSPOT  | 2020-08-16 | 2020-08-16 | 2020-08-17 |     179 |
| CAPPED   | 2020-08-16 | 2020-08-16 | 2020-08-17 |    8429 |
| UNCAPPED | 2020-08-15 | 2020-08-15 | 2020-08-16 |   12763 |
| PREPAID  | 2020-08-15 | 2020-08-15 | 2020-08-16 |     335 |
| HOTSPOT  | 2020-08-15 | 2020-08-15 | 2020-08-16 |     195 |
| CAPPED   | 2020-08-15 | 2020-08-15 | 2020-08-16 |    8567 |
| UNCAPPED | 2020-08-14 | 2020-08-14 | 2020-08-15 |   12476 |
| PREPAID  | 2020-08-14 | 2020-08-14 | 2020-08-15 |     324 |
| HOTSPOT  | 2020-08-14 | 2020-08-14 | 2020-08-15 |     208 |
| CAPPED   | 2020-08-14 | 2020-08-14 | 2020-08-15 |    8367 |
| UNCAPPED | 2020-08-13 | 2020-08-13 | 2020-08-14 |   12809 |
| PREPAID  | 2020-08-13 | 2020-08-13 | 2020-08-14 |     317 |
| HOTSPOT  | 2020-08-13 | 2020-08-13 | 2020-08-14 |     213 |
| CAPPED   | 2020-08-13 | 2020-08-13 | 2020-08-14 |    8755 |
| UNCAPPED | 2020-08-12 | 2020-08-12 | 2020-08-13 |   12727 |
| PREPAID  | 2020-08-12 | 2020-08-12 | 2020-08-13 |     300 |
| HOTSPOT  | 2020-08-12 | 2020-08-12 | 2020-08-13 |     214 |
| CAPPED   | 2020-08-12 | 2020-08-12 | 2020-08-13 |    8699 |
+----------+------------+------------+------------+---------+
20 rows in set (20.40 sec)

mysql> mysql \. C:\workspace\cloud\code\sql\_DailyScript\currenttime.sql
+---------------------+
| currenttime         |
+---------------------+
| 2020-08-17 09:51:24 |
+---------------------+
1 row in set (0.00 sec)

mysql> 
mysql> mysql \. C:\workspace\cloud\code\sql\_DailyScript\DAILY-SCRIPT-SALES-TELEMETRY.sql
Database changed
Query OK, 31 rows affected, 8 warnings (0.03 sec)
Records: 31  Deleted: 0  Skipped: 0  Warnings: 8

+------------+
| dailysales |
+------------+
|     204796 |
+------------+
1 row in set (0.24 sec)

Query OK, 0 rows affected (0.01 sec)

Query OK, 204796 rows affected (12.96 sec)
Records: 204796  Duplicates: 0  Warnings: 0

+--------+
| sales  |
+--------+
| 204796 |
+--------+
1 row in set (0.09 sec)

Query OK, 0 rows affected (0.01 sec)

Query OK, 3308 rows affected (0.33 sec)
Records: 3308  Duplicates: 0  Warnings: 0

+----------------+
| rep_dailysales |
+----------------+
|           3308 |
+----------------+
1 row in set (0.00 sec)

Query OK, 0 rows affected (0.01 sec)

Query OK, 3308 rows affected (0.50 sec)
Records: 3308  Duplicates: 0  Warnings: 0

+-------------------+
| rep_dailysalesreg |
+-------------------+
|              3308 |
+-------------------+
1 row in set (0.00 sec)

Query OK, 0 rows affected (0.01 sec)

Query OK, 2789 rows affected (0.63 sec)
Records: 2789  Duplicates: 0  Warnings: 0

+-----------+
| saleslist |
+-----------+
|      2789 |
+-----------+
1 row in set (0.00 sec)

Database changed
ERROR 2 (HY000): File 'C:\ProgramData\MySQL\MySQL Server 5.7\Uploads\_csv\PrepaidCardSales-16082020-P1.csv' not found (Errcode: 2 - No such file or directory)
+------------------+
| dailysinglesales |
+------------------+
|             6332 |
+------------------+
1 row in set (0.01 sec)

Database changed
Query OK, 5 rows affected (0.03 sec)
Records: 5  Deleted: 0  Skipped: 0  Warnings: 0

+-----------------+
| dailyaddonsales |
+-----------------+
|           20332 |
+-----------------+
1 row in set (0.04 sec)

Query OK, 157 rows affected (0.05 sec)
Records: 157  Deleted: 0  Skipped: 0  Warnings: 0

+----------------+
| onlinepayments |
+----------------+
|         116999 |
+----------------+
1 row in set (0.08 sec)

+-------------+----------------+---------------------+
| paymentdate | onlinepayments | onlinepaymentamount |
+-------------+----------------+---------------------+
| 2020-08-16  |            157 |        101242.56000 |
| 2020-08-15  |            124 |         74430.84000 |
| 2020-08-14  |            140 |         90559.05000 |
| 2020-08-13  |            134 |         79512.55000 |
| 2020-08-12  |            131 |        107052.02000 |
+-------------+----------------+---------------------+
5 rows in set (0.40 sec)

+-------------+--------------+----------------+---------------------+
| paymentyear | paymentmonth | onlinepayments | onlinepaymentamount |
+-------------+--------------+----------------+---------------------+
|        2020 |            8 |           2731 |       1822903.29000 |
|        2020 |            7 |           6291 |       4053825.83000 |
|        2020 |            6 |           6133 |       4006312.90000 |
|        2020 |            5 |           6399 |       4169369.14000 |
|        2020 |            4 |           7837 |       4979458.33000 |
+-------------+--------------+----------------+---------------------+
5 rows in set (0.11 sec)

mysql> mysql \. C:\workspace\cloud\code\sql\_DailyScript\currenttime.sql
+---------------------+
| currenttime         |
+---------------------+
| 2020-08-17 09:51:40 |
+---------------------+
1 row in set (0.00 sec)

mysql> 
mysql> mysql \. C:\workspace\cloud\code\sql\_DailyScript\DAILY-SCRIPT-ACTIVENUMBERS.sql
Database changed
Query OK, 1168 rows affected (0.55 sec)
Records: 1168  Deleted: 0  Skipped: 0  Warnings: 0

+------------+----------+
| period     | count(1) |
+------------+----------+
| 2020-08-16 |     1168 |
| 2020-08-15 |     1168 |
| 2020-08-14 |     1169 |
| 2020-08-13 |     1169 |
| 2020-08-12 |     1170 |
+------------+----------+
5 rows in set (0.00 sec)

Query OK, 0 rows affected (0.01 sec)

Query OK, 79 rows affected (1.31 sec)
Records: 79  Duplicates: 0  Warnings: 0

+-------------+
| packagelist |
+-------------+
|          79 |
+-------------+
1 row in set (0.00 sec)

Database changed
Query OK, 0 rows affected (0.00 sec)

Query OK, 0 rows affected (0.00 sec)

Query OK, 0 rows affected (0.00 sec)

Query OK, 0 rows affected (0.00 sec)

Query OK, 27319 rows affected, 190 warnings (20.04 sec)
Records: 27319  Deleted: 0  Skipped: 0  Warnings: 190

+------------+----------+
| period     | count(1) |
+------------+----------+
| 2020-08-16 |    27319 |
| 2020-08-15 |    27445 |
| 2020-08-14 |    27584 |
| 2020-08-13 |    27569 |
| 2020-08-12 |    27614 |
+------------+----------+
5 rows in set (0.15 sec)

Query OK, 0 rows affected (0.08 sec)

Query OK, 26731 rows affected (46.02 sec)
Records: 26731  Duplicates: 0  Warnings: 0

Query OK, 0 rows affected (0.14 sec)
Records: 0  Duplicates: 0  Warnings: 0

Query OK, 0 rows affected (0.10 sec)
Records: 0  Duplicates: 0  Warnings: 0

Query OK, 0 rows affected (0.10 sec)
Records: 0  Duplicates: 0  Warnings: 0

Query OK, 0 rows affected (0.08 sec)
Records: 0  Duplicates: 0  Warnings: 0

Query OK, 0 rows affected (0.07 sec)
Records: 0  Duplicates: 0  Warnings: 0

Query OK, 0 rows affected (0.07 sec)
Records: 0  Duplicates: 0  Warnings: 0

+-------------+
| countbefore |
+-------------+
|    38346484 |
+-------------+
1 row in set (15.49 sec)

Query OK, 26731 rows affected (6.86 sec)
Records: 26731  Duplicates: 0  Warnings: 0

+------------+
| countafter |
+------------+
|   38373215 |
+------------+
1 row in set (11.79 sec)

+------------+--------------------------+
| period     | customercontractactivity |
+------------+--------------------------+
| 2020-08-16 |                    26731 |
| 2020-08-15 |                    26856 |
| 2020-08-14 |                    26995 |
| 2020-08-13 |                    26979 |
| 2020-08-12 |                    27024 |
+------------+--------------------------+
5 rows in set (0.06 sec)

Query OK, 0 rows affected (0.02 sec)

Query OK, 274891 rows affected (6 min 49.90 sec)
Records: 274891  Duplicates: 0  Warnings: 0

Query OK, 0 rows affected (0.95 sec)
Records: 0  Duplicates: 0  Warnings: 0

Query OK, 0 rows affected (0.98 sec)
Records: 0  Duplicates: 0  Warnings: 0

Query OK, 0 rows affected (1.00 sec)
Records: 0  Duplicates: 0  Warnings: 0

Query OK, 0 rows affected (0.01 sec)

Query OK, 227 rows affected (0.41 sec)
Records: 227  Duplicates: 0  Warnings: 0

Query OK, 0 rows affected (0.01 sec)

Query OK, 2573 rows affected (0.55 sec)
Records: 2573  Duplicates: 0  Warnings: 0

Query OK, 0 rows affected (0.02 sec)

Query OK, 26711 rows affected (0.50 sec)
Records: 26711  Duplicates: 0  Warnings: 0

Query OK, 0 rows affected (0.01 sec)

Query OK, 16879 rows affected (0.32 sec)
Records: 16879  Duplicates: 0  Warnings: 0

Query OK, 0 rows affected (0.02 sec)

Query OK, 16879 rows affected (0.12 sec)
Records: 16879  Duplicates: 0  Warnings: 0

Query OK, 0 rows affected (0.03 sec)

Query OK, 16879 rows affected (1.02 sec)
Records: 16879  Duplicates: 0  Warnings: 0

Query OK, 0 rows affected (0.03 sec)

Query OK, 16879 rows affected (41.70 sec)
Records: 16879  Duplicates: 0  Warnings: 0

+-------------+
| clientstats |
+-------------+
|       16879 |
+-------------+
1 row in set (0.01 sec)

Query OK, 0 rows affected (0.01 sec)

Query OK, 12 rows affected, 1 warning (0.09 sec)
Records: 12  Duplicates: 0  Warnings: 1

+-----------------------+-------------+-------------+----------------+-----------------+
| services              | activecount | allaccounts | uniqueaccounts | uniquecontracts |
+-----------------------+-------------+-------------+----------------+-----------------+
| All                   |         324 |          51 |             51 |             164 |
| Internet & Voice      |         391 |         177 |            177 |             346 |
| Internet Only         |        4288 |        4203 |           4195 |            4242 |
| OTT Only              |           1 |           1 |              1 |               1 |
| TV & Internet         |        8983 |        4057 |           4050 |            8239 |
| TV & Internet & OTT   |        3157 |         814 |            810 |            1693 |
| TV & Internet & Voice |         482 |         142 |            142 |             435 |
| TV & OTT              |         342 |          66 |             65 |              82 |
| TV & Voice            |          82 |          38 |             38 |              77 |
| TV Only               |        9218 |        7187 |           7177 |            7364 |
| Voice Only            |         144 |         143 |            142 |             144 |
| GRAND TOTAL           |       27412 |       16879 |          16806 |           22787 |
+-----------------------+-------------+-------------+----------------+-----------------+
12 rows in set (0.00 sec)

+-------------+-------------+-------------+----------------+-----------------+
| network     | activecount | allaccounts | uniqueaccounts | uniquecontracts |
+-------------+-------------+-------------+----------------+-----------------+
| GPON        |        9071 |        4614 |           4611 |            7173 |
| HFC         |       18341 |       12265 |          12265 |           15614 |
| GRAND TOTAL |       27412 |       16879 |          16806 |           22787 |
+-------------+-------------+-------------+----------------+-----------------+
3 rows in set, 1 warning (0.10 sec)

+-------------+-----------------------+-------------+-------------+----------------+-----------------+
| network     | services              | activecount | allaccounts | uniqueaccounts | uniquecontracts |
+-------------+-----------------------+-------------+-------------+----------------+-----------------+
| GPON        | All                   |         173 |          27 |             27 |              86 |
| GPON        | Internet & Voice      |          76 |          32 |             32 |              66 |
| GPON        | Internet Only         |        1125 |        1057 |           1057 |            1081 |
| GPON        | TV & Internet         |        3778 |        1665 |           1665 |            3413 |
| GPON        | TV & Internet & OTT   |        1772 |         450 |            450 |             946 |
| GPON        | TV & Internet & Voice |         192 |          56 |             56 |             174 |
| GPON        | TV & OTT              |          98 |          29 |             29 |              33 |
| GPON        | TV & Voice            |          37 |          17 |             17 |              34 |
| GPON        | TV Only               |        1808 |        1269 |           1269 |            1328 |
| GPON        | Voice Only            |          12 |          12 |             12 |              12 |
| GPON        | Services Total        |        9071 |        4614 |           4611 |            7173 |
| HFC         | All                   |         151 |          24 |             24 |              78 |
| HFC         | Internet & Voice      |         315 |         145 |            145 |             280 |
| HFC         | Internet Only         |        3163 |        3146 |           3146 |            3161 |
| HFC         | OTT Only              |           1 |           1 |              1 |               1 |
| HFC         | TV & Internet         |        5205 |        2392 |           2392 |            4826 |
| HFC         | TV & Internet & OTT   |        1385 |         364 |            364 |             747 |
| HFC         | TV & Internet & Voice |         290 |          86 |             86 |             261 |
| HFC         | TV & OTT              |         244 |          37 |             37 |              49 |
| HFC         | TV & Voice            |          45 |          21 |             21 |              43 |
| HFC         | TV Only               |        7410 |        5918 |           5918 |            6036 |
| HFC         | Voice Only            |         132 |         131 |            131 |             132 |
| HFC         | Services Total        |       18341 |       12265 |          12265 |           15614 |
| GRAND TOTAL | Services Total        |       27412 |       16879 |          16806 |           22787 |
+-------------+-----------------------+-------------+-------------+----------------+-----------------+
24 rows in set, 2 warnings (0.12 sec)

Query OK, 0 rows affected (0.01 sec)

Query OK, 39 rows affected, 3 warnings (0.17 sec)
Records: 39  Duplicates: 0  Warnings: 3

+-------------+---------------+-----------------------+-------------+-------------+----------------+-----------------+
| region      | network       | services              | activecount | allaccounts | uniqueaccounts | uniquecontracts |
+-------------+---------------+-----------------------+-------------+-------------+----------------+-----------------+
| Mahe        | GPON          | All                   |         147 |          23 |             23 |              74 |
| Mahe        | GPON          | Internet & Voice      |          62 |          25 |             25 |              52 |
| Mahe        | GPON          | Internet Only         |         910 |         842 |            842 |             866 |
| Mahe        | GPON          | TV & Internet         |        2976 |        1303 |           1303 |            2674 |
| Mahe        | GPON          | TV & Internet & OTT   |        1361 |         335 |            335 |             708 |
| Mahe        | GPON          | TV & Internet & Voice |         179 |          52 |             52 |             161 |
| Mahe        | GPON          | TV & OTT              |          81 |          21 |             21 |              24 |
| Mahe        | GPON          | TV & Voice            |          37 |          17 |             17 |              34 |
| Mahe        | GPON          | TV Only               |        1480 |        1007 |           1007 |            1059 |
| Mahe        | GPON          | Voice Only            |          11 |          11 |             11 |              11 |
| Mahe        | GPON          | Services Total        |        7244 |        3636 |           3636 |            5663 |
| Mahe        | HFC           | All                   |         151 |          24 |             24 |              78 |
| Mahe        | HFC           | Internet & Voice      |         315 |         145 |            145 |             280 |
| Mahe        | HFC           | Internet Only         |        3162 |        3145 |           3145 |            3160 |
| Mahe        | HFC           | OTT Only              |           1 |           1 |              1 |               1 |
| Mahe        | HFC           | TV & Internet         |        5205 |        2392 |           2392 |            4826 |
| Mahe        | HFC           | TV & Internet & OTT   |        1385 |         364 |            364 |             747 |
| Mahe        | HFC           | TV & Internet & Voice |         290 |          86 |             86 |             261 |
| Mahe        | HFC           | TV & OTT              |         244 |          37 |             37 |              49 |
| Mahe        | HFC           | TV & Voice            |          45 |          21 |             21 |              43 |
| Mahe        | HFC           | TV Only               |        7405 |        5915 |           5915 |            6033 |
| Mahe        | HFC           | Voice Only            |         132 |         131 |            131 |             132 |
| Mahe        | HFC           | Services Total        |       18335 |       12261 |          12261 |           15610 |
| Mahe        | Network Total | Services Total        |       25579 |       15897 |          15828 |           21273 |
| Praslin     | GPON          | All                   |          26 |           4 |              4 |              12 |
| Praslin     | GPON          | Internet & Voice      |          14 |           7 |              7 |              14 |
| Praslin     | GPON          | Internet Only         |         215 |         215 |            215 |             215 |
| Praslin     | GPON          | TV & Internet         |         802 |         362 |            362 |             739 |
| Praslin     | GPON          | TV & Internet & OTT   |         411 |         115 |            115 |             238 |
| Praslin     | GPON          | TV & Internet & Voice |          13 |           4 |              4 |              13 |
| Praslin     | GPON          | TV & OTT              |          17 |           8 |              8 |               9 |
| Praslin     | GPON          | TV Only               |         328 |         262 |            262 |             269 |
| Praslin     | GPON          | Voice Only            |           1 |           1 |              1 |               1 |
| Praslin     | GPON          | Services Total        |        1827 |         978 |            978 |            1510 |
| Praslin     | HFC           | Internet Only         |           1 |           1 |              1 |               1 |
| Praslin     | HFC           | TV Only               |           5 |           3 |              3 |               3 |
| Praslin     | HFC           | Services Total        |           6 |           4 |              4 |               4 |
| Praslin     | Network Total | Services Total        |        1833 |         982 |            981 |            1514 |
| GRAND TOTAL | Network Total | Services Total        |       27412 |       16879 |          16806 |           22787 |
+-------------+---------------+-----------------------+-------------+-------------+----------------+-----------------+
39 rows in set (0.00 sec)

Query OK, 0 rows affected (0.01 sec)

Query OK, 26712 rows affected (0.40 sec)
Records: 26712  Duplicates: 0  Warnings: 0

Query OK, 0 rows affected (0.02 sec)

Query OK, 2105 rows affected (1.41 sec)
Records: 2105  Duplicates: 0  Warnings: 0

+--------------------------------------+
| message                              |
+--------------------------------------+
| running rcbill_my.sp_ActiveNumber2() |
+--------------------------------------+
1 row in set (0.00 sec)

Query OK, 365 rows affected (1 min 45.35 sec)

mysql> mysql \. C:\workspace\cloud\code\sql\_DailyScript\currenttime.sql
+---------------------+
| currenttime         |
+---------------------+
| 2020-08-17 10:02:48 |
+---------------------+
1 row in set (0.00 sec)

mysql> 
mysql> mysql \. C:\workspace\cloud\code\sql\_DailyScript\GetActiveNumbers Average -Pivot.sql
Database changed
+-------------------------------------+
| @today := subdate(current_date(),1) |
+-------------------------------------+
| 2020-08-16                          |
+-------------------------------------+
1 row in set (0.00 sec)

+-------------------------------------+
| @lastdayofmonth := last_day(@today) |
+-------------------------------------+
| 2020-08-31                          |
+-------------------------------------+
1 row in set (0.00 sec)

Query OK, 0 rows affected (0.01 sec)

Query OK, 40999 rows affected, 65535 warnings (49.43 sec)
Records: 40999  Duplicates: 0  Warnings: 83324

Query OK, 0 rows affected (0.09 sec)
Records: 0  Duplicates: 0  Warnings: 0

Query OK, 0 rows affected (0.11 sec)
Records: 0  Duplicates: 0  Warnings: 0

Query OK, 0 rows affected (0.09 sec)
Records: 0  Duplicates: 0  Warnings: 0

+-----------------+
| activenumberavg |
+-----------------+
|           40999 |
+-----------------+
1 row in set (0.01 sec)

Query OK, 0 rows affected (0.01 sec)

Query OK, 1897 rows affected (0.47 sec)
Records: 1897  Duplicates: 0  Warnings: 0

+---------------------+
| rep_activenumberavg |
+---------------------+
|                1897 |
+---------------------+
1 row in set (0.00 sec)

+----------------------+
| rep_activenumberavg1 |
+----------------------+
|                  885 |
+----------------------+
1 row in set (0.00 sec)

Query OK, 0 rows affected (0.02 sec)

Query OK, 2133 rows affected (0.37 sec)
Records: 2133  Duplicates: 0  Warnings: 0

Query OK, 0 rows affected (0.00 sec)

Query OK, 10907 rows affected (0.66 sec)
Records: 10907  Duplicates: 0  Warnings: 0

Query OK, 0 rows affected (0.00 sec)

Query OK, 0 rows affected (0.01 sec)

Query OK, 0 rows affected (0.01 sec)

Query OK, 0 rows affected (0.00 sec)

Query OK, 0 rows affected (0.00 sec)
Statement prepared

Query OK, 53 rows affected (0.06 sec)
Records: 53  Duplicates: 0  Warnings: 0

Query OK, 0 rows affected (0.00 sec)

Query OK, 0 rows affected (0.00 sec)

+----------------------+
| rep_activenumberavg2 |
+----------------------+
|                 2133 |
+----------------------+
1 row in set (0.00 sec)

+------------------------+
| rep_activenumberavg_pv |
+------------------------+
|                     53 |
+------------------------+
1 row in set (0.00 sec)

Query OK, 0 rows affected (0.00 sec)

Query OK, 2132 rows affected (0.32 sec)
Records: 2132  Duplicates: 0  Warnings: 0

Query OK, 0 rows affected (0.00 sec)

Query OK, 0 rows affected (0.00 sec)

Query OK, 0 rows affected (0.01 sec)

Query OK, 0 rows affected (0.00 sec)

Query OK, 0 rows affected (0.00 sec)
Statement prepared

Query OK, 53 rows affected (0.04 sec)
Records: 53  Duplicates: 0  Warnings: 0

Query OK, 0 rows affected (0.00 sec)

Query OK, 0 rows affected (0.00 sec)

+-------------------------+
| rep_activenumberavgMahe |
+-------------------------+
|                    2132 |
+-------------------------+
1 row in set (0.00 sec)

+----------------------------+
| rep_activenumberavgMahe_pv |
+----------------------------+
|                         53 |
+----------------------------+
1 row in set (0.00 sec)

Query OK, 0 rows affected (0.01 sec)

Query OK, 1362 rows affected (0.14 sec)
Records: 1362  Duplicates: 0  Warnings: 0

Query OK, 0 rows affected (0.00 sec)

Query OK, 0 rows affected (0.00 sec)

Query OK, 0 rows affected (0.01 sec)

Query OK, 0 rows affected (0.00 sec)

Query OK, 0 rows affected (0.00 sec)
Statement prepared

Query OK, 40 rows affected (0.03 sec)
Records: 40  Duplicates: 0  Warnings: 0

Query OK, 0 rows affected (0.00 sec)

Query OK, 0 rows affected (0.00 sec)

+----------------------------+
| rep_activenumberavgPraslin |
+----------------------------+
|                       1362 |
+----------------------------+
1 row in set (0.00 sec)

+-------------------------------+
| rep_activenumberavgPraslin_pv |
+-------------------------------+
|                            40 |
+-------------------------------+
1 row in set (0.00 sec)

mysql> mysql \. C:\workspace\cloud\code\sql\_DailyScript\currenttime.sql
+---------------------+
| currenttime         |
+---------------------+
| 2020-08-17 10:03:40 |
+---------------------+
1 row in set (0.00 sec)

mysql> 
mysql> mysql \. C:\workspace\cloud\code\sql\_DailyScript\budget_actual_analysis_2020.sql
Query OK, 0 rows affected (0.01 sec)

Query OK, 881 rows affected, 3 warnings (0.18 sec)
Records: 881  Duplicates: 0  Warnings: 3

+--------------------+
| budget_actual_2020 |
+--------------------+
|                881 |
+--------------------+
1 row in set (0.00 sec)

Query OK, 0 rows affected (0.01 sec)

Query OK, 48 rows affected (0.04 sec)
Records: 48  Duplicates: 0  Warnings: 0

+---------------------------+
| rep_budget_actual_2020_pv |
+---------------------------+
|                        48 |
+---------------------------+
1 row in set (0.00 sec)

mysql> mysql \. C:\workspace\cloud\code\sql\_DailyScript\currenttime.sql
+---------------------+
| currenttime         |
+---------------------+
| 2020-08-17 10:03:40 |
+---------------------+
1 row in set (0.00 sec)

mysql> 
mysql> mysql \. C:\workspace\cloud\code\sql\_DailyScript\reports-sales-addons-prepaid-camera.sql
Database changed
Query OK, 0 rows affected (0.00 sec)

Query OK, 4128 rows affected (0.19 sec)
Records: 4128  Duplicates: 0  Warnings: 0

Query OK, 0 rows affected (0.01 sec)

Query OK, 20375 rows affected (15.24 sec)
Records: 20375  Duplicates: 0  Warnings: 0

+--------------------+
| rep_prepaid_camera |
+--------------------+
|               4128 |
+--------------------+
1 row in set (0.01 sec)

+-----------+
| rep_addon |
+-----------+
|     20375 |
+-----------+
1 row in set (0.01 sec)

mysql> mysql \. C:\workspace\cloud\code\sql\_DailyScript\currenttime.sql
+---------------------+
| currenttime         |
+---------------------+
| 2020-08-17 10:03:56 |
+---------------------+
1 row in set (0.00 sec)

mysql> 
mysql> mysql \. C:\workspace\cloud\code\sql\_DailyScript\housing-estate-analysis.sql
Database changed
Query OK, 0 rows affected (0.01 sec)

Query OK, 3193 rows affected (53.25 sec)
Records: 3193  Duplicates: 0  Warnings: 0

+--------------------+
| rep_housingestates |
+--------------------+
|               3193 |
+--------------------+
1 row in set (0.00 sec)

mysql> mysql \. C:\workspace\cloud\code\sql\_DailyScript\currenttime.sql
+---------------------+
| currenttime         |
+---------------------+
| 2020-08-17 10:04:49 |
+---------------------+
1 row in set (0.00 sec)

mysql> 
mysql> mysql \. C:\workspace\cloud\code\sql\_DailyScript\RCB_ClientAnalyticsReport_Script.sql
Database changed
Query OK, 0 rows affected (0.00 sec)

Query OK, 0 rows affected (0.06 sec)

Query OK, 1929152 rows affected (1 min 9.30 sec)
Records: 1929152  Duplicates: 0  Warnings: 0

Query OK, 0 rows affected (6.59 sec)
Records: 0  Duplicates: 0  Warnings: 0

Query OK, 0 rows affected (4.18 sec)
Records: 0  Duplicates: 0  Warnings: 0

Query OK, 0 rows affected (10.10 sec)
Records: 0  Duplicates: 0  Warnings: 0

Query OK, 0 rows affected (7.15 sec)
Records: 0  Duplicates: 0  Warnings: 0

Query OK, 0 rows affected (8.59 sec)
Records: 0  Duplicates: 0  Warnings: 0

Query OK, 0 rows affected (7.29 sec)
Records: 0  Duplicates: 0  Warnings: 0

Query OK, 0 rows affected (0.00 sec)

Query OK, 487457 rows affected (15.34 sec)
Rows matched: 1929152  Changed: 487457  Warnings: 0

Query OK, 0 rows affected (0.01 sec)

Query OK, 27643 rows affected (3.99 sec)
Records: 27643  Duplicates: 0  Warnings: 0

Query OK, 0 rows affected (0.02 sec)

Query OK, 43885 rows affected (10 min 1.13 sec)
Records: 43885  Duplicates: 0  Warnings: 0

Query OK, 0 rows affected (0.19 sec)
Records: 0  Duplicates: 0  Warnings: 0

Query OK, 0 rows affected (0.14 sec)
Records: 0  Duplicates: 0  Warnings: 0

Query OK, 0 rows affected (0.09 sec)
Records: 0  Duplicates: 0  Warnings: 0

Query OK, 0 rows affected (0.02 sec)

Query OK, 455245 rows affected (12 min 27.58 sec)
Records: 455245  Duplicates: 0  Warnings: 0

Query OK, 0 rows affected (1.51 sec)
Records: 0  Duplicates: 0  Warnings: 0

Query OK, 0 rows affected (1.47 sec)
Records: 0  Duplicates: 0  Warnings: 0

Query OK, 0 rows affected (0.80 sec)
Records: 0  Duplicates: 0  Warnings: 0

Query OK, 0 rows affected (1.78 sec)
Records: 0  Duplicates: 0  Warnings: 0

Query OK, 0 rows affected (1.01 sec)
Records: 0  Duplicates: 0  Warnings: 0

Query OK, 0 rows affected (0.01 sec)

Query OK, 43885 rows affected (1 min 20.91 sec)
Records: 43885  Duplicates: 0  Warnings: 0

+--------------+
| clientreport |
+--------------+
|        43885 |
+--------------+
1 row in set (0.02 sec)

Query OK, 0 rows affected (0.02 sec)

Query OK, 43885 rows affected (5.58 sec)
Records: 43885  Duplicates: 0  Warnings: 0

+----------------------+
| clientextendedreport |
+----------------------+
|                43885 |
+----------------------+
1 row in set (0.01 sec)

Query OK, 0 rows affected (0.01 sec)

Query OK, 43885 rows affected (50.34 sec)
Records: 43885  Duplicates: 0  Warnings: 0

+---------+
| allcust |
+---------+
|   43885 |
+---------+
1 row in set (0.01 sec)

Query OK, 0 rows affected, 1 warning (0.00 sec)

Query OK, 5000 rows affected (0.13 sec)
Records: 5000  Duplicates: 0  Warnings: 0

Query OK, 0 rows affected (0.01 sec)

Query OK, 6880 rows affected (0.27 sec)
Records: 6880  Duplicates: 0  Warnings: 0

Query OK, 0 rows affected, 1 warning (0.00 sec)

Query OK, 5000 rows affected (0.14 sec)
Records: 5000  Duplicates: 0  Warnings: 0

Query OK, 0 rows affected (0.01 sec)

Query OK, 7263 rows affected (0.17 sec)
Records: 7263  Duplicates: 0  Warnings: 0

mysql> mysql \. C:\workspace\cloud\code\sql\_DailyScript\currenttime.sql
+---------------------+
| currenttime         |
+---------------------+
| 2020-08-17 10:31:55 |
+---------------------+
1 row in set (0.00 sec)

mysql> 
mysql> 
mysql> mysql \. C:\workspace\cloud\code\sql\_DailyScript\REVENUE_PER_NODE_MXK.sql
Query OK, 0 rows affected (0.01 sec)

Query OK, 0 rows affected (0.01 sec)

Query OK, 0 rows affected (0.01 sec)

Query OK, 6441 rows affected (1.97 sec)
Records: 6441  Duplicates: 0  Warnings: 0

+----------------------+
| message              |
+----------------------+
| created temp table a |
+----------------------+
1 row in set (0.00 sec)

Query OK, 6786 rows affected (0.95 sec)
Records: 6786  Duplicates: 0  Warnings: 0

+----------------------+
| message              |
+----------------------+
| created temp table b |
+----------------------+
1 row in set (0.00 sec)

Query OK, 0 rows affected, 1 warning (0.00 sec)

Query OK, 6749 rows affected (13.65 sec)
Records: 6749  Duplicates: 0  Warnings: 0

+--------------------------------+
| message                        |
+--------------------------------+
| created rcbill_my.tempcustmxk1 |
+--------------------------------+
1 row in set (0.00 sec)

Query OK, 0 rows affected (0.01 sec)

Query OK, 0 rows affected (0.01 sec)

Query OK, 0 rows affected, 1 warning (0.00 sec)

Query OK, 6441 rows affected (1.35 sec)
Records: 6441  Duplicates: 0  Warnings: 0

+----------------+
| message        |
+----------------+
| created temp a |
+----------------+
1 row in set (0.00 sec)

Query OK, 6786 rows affected (0.82 sec)
Records: 6786  Duplicates: 0  Warnings: 0

+----------------+
| message        |
+----------------+
| created temp b |
+----------------+
1 row in set (0.00 sec)

Query OK, 0 rows affected, 1 warning (0.00 sec)

Query OK, 6882 rows affected (8.91 sec)
Records: 6882  Duplicates: 0  Warnings: 0

+--------------------------------+
| message                        |
+--------------------------------+
| created rcbill_my.tempcustmxk2 |
+--------------------------------+
1 row in set (0.00 sec)

Query OK, 0 rows affected (0.01 sec)

Query OK, 0 rows affected (0.01 sec)

Query OK, 0 rows affected, 1 warning (0.00 sec)

Query OK, 0 rows affected (0.01 sec)

Query OK, 7581 rows affected (0.32 sec)
Records: 7581  Duplicates: 0  Warnings: 0

+---------------------------------+
| message                         |
+---------------------------------+
| created rcbill_my.customers_mxk |
+---------------------------------+
1 row in set (0.00 sec)

Query OK, 0 rows affected (0.01 sec)

Query OK, 0 rows affected (0.01 sec)

Query OK, 14216 rows affected (5.22 sec)
Records: 14216  Duplicates: 0  Warnings: 0

+----------------+
| message        |
+----------------+
| created temp a |
+----------------+
1 row in set (0.00 sec)

Query OK, 19587 rows affected (1.62 sec)
Records: 19587  Duplicates: 0  Warnings: 0

+----------------+
| message        |
+----------------+
| created temp c |
+----------------+
1 row in set (0.00 sec)

Query OK, 0 rows affected, 1 warning (0.00 sec)

Query OK, 27427 rows affected (0.30 sec)
Records: 27427  Duplicates: 0  Warnings: 0

+---------------------------------+
| message                         |
+---------------------------------+
| created rcbill_my.tempcustcmts1 |
+---------------------------------+
1 row in set (0.00 sec)

Query OK, 0 rows affected (0.01 sec)

Query OK, 0 rows affected, 1 warning (0.00 sec)

Query OK, 0 rows affected (0.01 sec)

Query OK, 14216 rows affected (5.29 sec)
Records: 14216  Duplicates: 0  Warnings: 0

+----------------+
| message        |
+----------------+
| created temp a |
+----------------+
1 row in set (0.00 sec)

Query OK, 19587 rows affected (1.44 sec)
Records: 19587  Duplicates: 0  Warnings: 0

+----------------+
| message        |
+----------------+
| created temp c |
+----------------+
1 row in set (0.00 sec)

Query OK, 0 rows affected, 1 warning (0.00 sec)

Query OK, 20292 rows affected (0.29 sec)
Records: 20292  Duplicates: 0  Warnings: 0

+---------------------------------+
| message                         |
+---------------------------------+
| created rcbill_my.tempcustcmts2 |
+---------------------------------+
1 row in set (0.00 sec)

Query OK, 0 rows affected (0.01 sec)

Query OK, 0 rows affected, 1 warning (0.00 sec)

Query OK, 0 rows affected (0.01 sec)

Query OK, 0 rows affected (0.01 sec)

Query OK, 14283 rows affected (0.92 sec)
Records: 14283  Duplicates: 0  Warnings: 0

+----------------------------------+
| message                          |
+----------------------------------+
| created rcbill_my.customers_cmts |
+----------------------------------+
1 row in set (0.00 sec)

Query OK, 0 rows affected (0.01 sec)

Query OK, 0 rows affected (0.01 sec)

Query OK, 0 rows affected (0.01 sec)

Query OK, 18614 rows affected (0.73 sec)
Records: 18614  Duplicates: 0  Warnings: 0

+--------------------------------------+
| message                              |
+--------------------------------------+
| created rcbill_my.customers_cmts_mxk |
+--------------------------------------+
1 row in set (0.00 sec)

Query OK, 482516 rows affected (55.92 sec)
Records: 482516  Duplicates: 0  Warnings: 0

+----------------+
| message        |
+----------------+
| created temp a |
+----------------+
1 row in set (0.00 sec)

Query OK, 0 rows affected (0.02 sec)

Query OK, 483267 rows affected (10.69 sec)
Records: 483267  Duplicates: 0  Warnings: 0

+------------------------------------------------+
| message                                        |
+------------------------------------------------+
| created rcbill_my.customers_contracts_cmts_mxk |
+------------------------------------------------+
1 row in set (0.00 sec)

Query OK, 0 rows affected (0.01 sec)

Query OK, 0 rows affected, 1 warning (0.00 sec)

Query OK, 0 rows affected, 1 warning (0.00 sec)

Query OK, 0 rows affected (0.00 sec)

Query OK, 8507 rows affected (2.64 sec)
Rows matched: 8507  Changed: 8507  Warnings: 0

+------------------------------------------------+
| message                                        |
+------------------------------------------------+
| updated rcbill_my.customers_contracts_cmts_mxk |
+------------------------------------------------+
1 row in set (0.00 sec)

Query OK, 0 rows affected (0.03 sec)

Query OK, 1935210 rows affected (3 min 33.53 sec)
Records: 1935210  Duplicates: 0  Warnings: 0

+----------------------------------------+
| message                                |
+----------------------------------------+
| created rcbill_my.customers_collection |
+----------------------------------------+
1 row in set (0.01 sec)

Query OK, 0 rows affected (0.03 sec)

Query OK, 2235163 rows affected (1 min 44.08 sec)
Records: 2235163  Duplicates: 0  Warnings: 0

+------------------------------------------------+
| message                                        |
+------------------------------------------------+
| created rcbill_my.customers_cmts_mxk_cont_coll |
+------------------------------------------------+
1 row in set (0.00 sec)

Query OK, 0 rows affected (0.05 sec)

Query OK, 441178 rows affected (2 min 8.04 sec)
Records: 441178  Duplicates: 0  Warnings: 0

+--------------------------------------------------------+
| message                                                |
+--------------------------------------------------------+
| created rcbill_my.customers_contracts_collection_pivot |
+--------------------------------------------------------+
1 row in set (0.00 sec)

Query OK, 0 rows affected (0.02 sec)

Query OK, 39950 rows affected (2 min 16.49 sec)
Records: 39950  Duplicates: 0  Warnings: 0

+----------------------------------------------+
| message                                      |
+----------------------------------------------+
| created rcbill_my.customers_collection_pivot |
+----------------------------------------------+
1 row in set (0.00 sec)

Query OK, 0 rows affected (0.02 sec)

Query OK, 43885 rows affected (2.11 sec)
Records: 43885  Duplicates: 0  Warnings: 0

+--------------------------------------------+
| message                                    |
+--------------------------------------------+
| created rcbill_my.rep_customers_collection |
+--------------------------------------------+
1 row in set (0.00 sec)

Query OK, 0 rows affected (0.00 sec)

Query OK, 0 rows affected, 1 warning (0.00 sec)

Query OK, 449009 rows affected (13.20 sec)
Records: 449009  Duplicates: 0  Warnings: 0

+-------------------------+
| message                 |
+-------------------------+
| created rcbill_my.tempa |
+-------------------------+
1 row in set (0.00 sec)

Query OK, 0 rows affected, 1 warning (0.00 sec)

Query OK, 441178 rows affected (18.71 sec)
Records: 441178  Duplicates: 0  Warnings: 0

+-------------------------+
| message                 |
+-------------------------+
| created rcbill_my.tempb |
+-------------------------+
1 row in set (0.00 sec)

Query OK, 449009 rows affected (19.82 sec)
Records: 449009  Duplicates: 0  Warnings: 0

+-----------+
| message   |
+-----------+
| created a |
+-----------+
1 row in set (0.00 sec)

Query OK, 441187 rows affected (20.85 sec)
Records: 441187  Duplicates: 0  Warnings: 0

+-----------+
| message   |
+-----------+
| created b |
+-----------+
1 row in set (0.00 sec)

Query OK, 0 rows affected (0.02 sec)

Query OK, 0 rows affected (0.02 sec)

Query OK, 0 rows affected (0.03 sec)

Query OK, 485443 rows affected (52.41 sec)
Records: 485443  Duplicates: 0  Warnings: 0

+----------------------------------------------+
| message                                      |
+----------------------------------------------+
| created rcbill_my.cust_cont_payment_cmts_mxk |
+----------------------------------------------+
1 row in set (0.00 sec)

Query OK, 0 rows affected (0.02 sec)

Query OK, 0 rows affected (0.01 sec)

Query OK, 0 rows affected, 1 warning (0.00 sec)

Query OK, 0 rows affected (0.01 sec)

Query OK, 43885 rows affected (17.16 sec)
Records: 43885  Duplicates: 0  Warnings: 0

+--------------------------------------------------+
| message                                          |
+--------------------------------------------------+
| created rcbill_my.rep_cust_cont_payment_cmts_mxk |
+--------------------------------------------------+
1 row in set (0.00 sec)

Query OK, 0 rows affected, 1 warning (0.00 sec)

Query OK, 0 rows affected, 1 warning (0.00 sec)

Query OK, 0 rows affected (0.01 sec)

Query OK, 43885 rows affected, 5 warnings (7.94 sec)
Records: 43885  Duplicates: 0  Warnings: 5

+----------------------+
| rep_custconsolidated |
+----------------------+
|                43885 |
+----------------------+
1 row in set (0.45 sec)

Query OK, 0 rows affected (0.03 sec)

+------------------------------------+
| message                            |
+------------------------------------+
| creating rcbill_my.rep_custextract |
+------------------------------------+
1 row in set (0.00 sec)

Query OK, 43885 rows affected (1.11 sec)
Records: 43885  Duplicates: 0  Warnings: 0

+-----------------+
| rep_custextract |
+-----------------+
|           43885 |
+-----------------+
1 row in set (0.01 sec)

Query OK, 0 rows affected (0.00 sec)

Query OK, 0 rows affected (0.01 sec)

+----------------------------------------------+
| message                                      |
+----------------------------------------------+
| creating rcbill_my.retentioncustomeractivity |
+----------------------------------------------+
1 row in set (0.00 sec)

Query OK, 868 rows affected (0.10 sec)
Records: 868  Duplicates: 0  Warnings: 0

+---------------------------+
| retentioncustomeractivity |
+---------------------------+
|                       868 |
+---------------------------+
1 row in set (0.00 sec)

+-----------+------------------------------------+------------+-------------+-----------------+------------------+---------------------+-------------------+
| HFC_NODE  | NODENAME                           | CMTS_DATE  | INSERTED_ON | UNIQUE_ACCOUNTS | UNIQUE_CONTRACTS | UNIQUE_MAC_INRCBOSS | UNIQUE_MAC_INCMTS |
+-----------+------------------------------------+------------+-------------+-----------------+------------------+---------------------+-------------------+
| NULL      | NULL                               | NULL       | 2020-08-17  |            6695 |             7054 |                7099 |                 0 |
| C5/0/0/U0 | ANSE-BOILEAU-2                     | 2020-07-27 | 2020-08-17  |             187 |              191 |                 187 |               188 |
| C5/0/0/U1 | 500-C3-ANSE-BOILEAU                | 2020-07-27 | 2020-08-17  |             190 |              194 |                 190 |               191 |
| C5/0/1/U0 | 501-C4-LA-MISIERE-LEFT-I           | 2020-07-27 | 2020-08-17  |             161 |              167 |                 161 |               161 |
| C5/0/1/U1 | 501-C5-LA-MISIERE-RIGHT            | 2020-07-27 | 2020-08-17  |             111 |              114 |                 112 |               115 |
| C5/0/1/U2 | 501-C7-LA-MISIERE-LEFT-II          | 2020-07-27 | 2020-08-17  |             160 |              163 |                 160 |               161 |
| C5/0/2/U0 | 502-C8-LA-LOUISE                   | 2020-07-27 | 2020-08-17  |             149 |              149 |                 149 |               151 |
| C5/0/2/U1 | LA-LOUISE-2                        | 2020-07-27 | 2020-08-17  |             145 |              147 |                 145 |               146 |
| C5/0/3/U0 | 504-C6-PETIT-PARIS                 | 2020-07-27 | 2020-08-17  |             162 |              165 |                 162 |               163 |
| C5/0/3/U1 | PETIT-PARIS-23                     | 2020-07-27 | 2020-08-17  |              80 |               82 |                  80 |                80 |
| C5/0/4/U0 | FOUR-SEASONS                       | 2020-07-27 | 2020-08-17  |               4 |                4 |                   4 |                 4 |
| C5/0/4/U1 | ANCHOR-CAFE-I                      | 2020-07-27 | 2020-08-17  |             149 |              153 |                 149 |               149 |
| C5/0/4/U2 | ANCHOR-CAFE-II                     | 2020-07-27 | 2020-08-17  |             157 |              158 |                 157 |               158 |
| C5/1/0/U0 | POINTE-LARUE-AIRPORT-23            | 2020-07-27 | 2020-08-17  |             102 |              105 |                 103 |               109 |
| C5/1/0/U1 | PPROVIDENCE-23                     | 2020-07-27 | 2020-08-17  |              20 |               22 |                  20 |                20 |
| C5/1/0/U2 | ROSHE-CAIMAN-23                    | 2020-07-27 | 2020-08-17  |              10 |               10 |                  10 |                10 |
| C5/1/0/U3 | HEAD-OFFICE | HO-23                | 2020-07-27 | 2020-08-17  |              22 |               22 |                  22 |                23 |
| C5/1/1/U1 | C5-UNION-VALE                      | 2020-07-27 | 2020-08-17  |             198 |              201 |                 198 |               198 |
| C5/1/3/U0 | POINTE-LARUE-AIRPORT-27            | 2020-07-27 | 2020-08-17  |             151 |              156 |                 151 |               153 |
| C5/1/3/U1 | PPROVIDENCE-27                     | 2020-07-27 | 2020-08-17  |              24 |               24 |                  24 |                24 |
| C5/1/3/U2 | ROSHE-CAIMAN-27                    | 2020-07-27 | 2020-08-17  |              30 |               31 |                  30 |                30 |
| C5/1/3/U3 | HEAD-OFFICE | HO-27                | 2020-07-27 | 2020-08-17  |              19 |               20 |                  19 |                19 |
| C5/1/4/U0 | ANSE-ROYALE-27                     | 2020-07-27 | 2020-08-17  |             102 |              104 |                 102 |               102 |
| C5/1/4/U1 | GLACIS-2-57                        | 2020-07-27 | 2020-08-17  |              59 |               64 |                  59 |                60 |
| C5/1/4/U2 | NULL                               | 2020-07-27 | 2020-08-17  |             104 |              106 |                 104 |               104 |
| C5/1/4/U3 | GLACIS-1                           | 2020-07-27 | 2020-08-17  |              48 |               50 |                  48 |                48 |
| C6/0/1/U0 | SERRET-ROAD-RIGHT/CURIO/PASCAL     | 2020-07-27 | 2020-08-17  |             133 |              136 |                 133 |               134 |
| C6/0/1/U1 | SERRET-ROAD-LEFT/ST.LOUIS/TOWN     | 2020-07-27 | 2020-08-17  |             110 |              116 |                 111 |               112 |
| C6/0/1/U2 | SERRET-ROAD-RIGHT/CURIO/PASCAL-2   | 2020-07-27 | 2020-08-17  |             125 |              126 |                 125 |               125 |
| C6/0/1/U3 | SERRET-ROAD-LEFT/ST.LOUIS/TOWN-2   | 2020-07-27 | 2020-08-17  |             108 |              112 |                 108 |               109 |
| C6/0/2/U0 | SANS-SOUCIS-I                      | 2020-07-27 | 2020-08-17  |             110 |              111 |                 108 |               110 |
| C6/0/2/U1 | SANS-SOUCIS-II                     | 2020-07-27 | 2020-08-17  |             104 |              107 |                 104 |               107 |
| C6/0/2/U2 | BEL-AIR-27                         | 2020-07-27 | 2020-08-17  |             118 |              125 |                 118 |               121 |
| C6/0/2/U3 | BEL-AIR-38                         | 2020-07-27 | 2020-08-17  |              76 |               77 |                  76 |                76 |
| C6/0/3/U0 | LES-MAMELLES-23                    | 2020-07-27 | 2020-08-17  |              75 |               75 |                  75 |                76 |
| C6/0/3/U1 | VICTORIA-23                        | 2020-07-27 | 2020-08-17  |               9 |                9 |                   9 |                12 |
| C6/0/4/U0 | LES-MAMELLES-27                    | 2020-07-27 | 2020-08-17  |              80 |               80 |                  80 |                83 |
| C6/0/4/U1 | VICTORIA-27                        | 2020-07-27 | 2020-08-17  |              35 |               36 |                  36 |                36 |
| C7/1/0/U0 | LA-RETRAITE-23                     | 2020-07-27 | 2020-08-17  |             101 |              105 |                 102 |               102 |
| C7/1/0/U1 | TEA-FACTORY-23                     | 2020-07-27 | 2020-08-17  |              18 |               21 |                  20 |                22 |
| C7/1/0/U2 | PAS-23                             | 2020-07-27 | 2020-08-17  |              84 |               87 |                  84 |                87 |
| C7/1/1/U0 | REEF-ESTATE-23                     | 2020-07-27 | 2020-08-17  |              82 |               84 |                  82 |                83 |
| C7/1/2/U0 | LA-RETRAITE-27                     | 2020-07-27 | 2020-08-17  |              82 |               83 |                  82 |                84 |
| C7/1/2/U1 | TEA-FACTORY-27                     | 2020-07-27 | 2020-08-17  |              35 |               44 |                  36 |                37 |
| C7/1/2/U2 | PAS-27                             | 2020-07-27 | 2020-08-17  |             109 |              111 |                 109 |               110 |
| C7/1/3/U0 | MT-BUXTON-27                       | 2020-07-27 | 2020-08-17  |             166 |              168 |                 166 |               166 |
| C7/1/3/U1 | MT-BUXTON-23                       | 2020-07-27 | 2020-08-17  |              75 |               78 |                  76 |                76 |
| C7/1/4/U0 | REEF-ESTATE-27                     | 2020-07-27 | 2020-08-17  |              99 |              100 |                  99 |                99 |
| C8/0/0/U0 | POLICE-ACADEMY-1-27 - POINTE LARUE | 2020-07-27 | 2020-08-17  |             219 |              220 |                 219 |               219 |
| C8/0/0/U1 | NULL                               | 2020-07-27 | 2020-08-17  |             101 |              105 |                 101 |               103 |
| C8/0/1/U0 | NULL                               | 2020-07-27 | 2020-08-17  |             196 |              198 |                 195 |               196 |
| C8/0/1/U1 | POLICE-ACADEMY-2-27 - TURTLE BAY   | 2020-07-27 | 2020-08-17  |             159 |              163 |                 160 |               161 |
| C8/0/2/U0 | BEAU-VALLON-LEFT-1-57              | 2020-07-27 | 2020-08-17  |              29 |               29 |                  29 |                29 |
| C8/0/3/U1 | BEAU-VALLON-RIGHT-2-57             | 2020-07-27 | 2020-08-17  |              53 |               57 |                  53 |                54 |
| C8/1/0/U0 | MA-JOIE-NODE-27                    | 2020-07-27 | 2020-08-17  |              96 |               97 |                  96 |                97 |
| C8/1/0/U1 | BELONIE-27                         | 2020-07-27 | 2020-08-17  |             149 |              151 |                 148 |               150 |
| C8/1/0/U3 | MA-JOIE-NODE-23                    | 2020-07-27 | 2020-08-17  |             105 |              106 |                 104 |               105 |
| C8/1/1/U0 | 611-C1-ROJN I                      | 2020-07-27 | 2020-08-17  |             115 |              115 |                 115 |               115 |
| C8/1/1/U1 | 611-C5-ROJN II                     | 2020-07-27 | 2020-08-17  |             136 |              138 |                 136 |               136 |
| C8/1/2/U0 | 612-C2-ANSE-ETOILE                 | 2020-07-27 | 2020-08-17  |             131 |              131 |                 131 |               132 |
| C8/1/2/U1 | ANSE-ETOILE-U2                     | 2020-07-27 | 2020-08-17  |              72 |               74 |                  72 |                73 |
| C8/1/3/U0 | 613-C3-ANSE-GAULETTE I             | 2020-07-27 | 2020-08-17  |              73 |               77 |                  73 |                74 |
| C8/1/3/U1 | 613-C7-ANSE-GAULETTE II            | 2020-07-27 | 2020-08-17  |              69 |               73 |                  69 |                69 |
| C8/1/3/U2 | 613-C3-ANSE-GAULETTE III           | 2020-07-27 | 2020-08-17  |              35 |               38 |                  35 |                35 |
| C8/1/3/U3 | TAKAMAKA I                         | 2020-07-27 | 2020-08-17  |              99 |              102 |                  99 |               101 |
| C8/1/3/U4 | TAKAMAKA II                        | 2020-07-27 | 2020-08-17  |             102 |              104 |                 102 |               102 |
| C8/1/4/U0 | 614-BEOLIERE-NODE-1                | 2020-07-27 | 2020-08-17  |             123 |              129 |                 124 |               126 |
| C8/1/4/U1 | 614-BEOLIERE-NODE-2                | 2020-07-27 | 2020-08-17  |             102 |              102 |                 102 |               104 |
+-----------+------------------------------------+------------+-------------+-----------------+------------------+---------------------+-------------------+
68 rows in set (0.16 sec)

+-----------------------+------------+-------------+-----------------+------------------+----------------------+-------------------+
| MXK_NAME              | MXK_DATE   | INSERTED_ON | UNIQUE_ACCOUNTS | UNIQUE_CONTRACTS | UNIQUE_FSAN_INRCBOSS | UNIQUE_FSAN_INMXK |
+-----------------------+------------+-------------+-----------------+------------------+----------------------+-------------------+
| NULL                  | NULL       | 2020-08-17  |             686 |              696 |                  685 |                 0 |
| MXK-MAHE-ANSEETOILE   | 2020-07-27 | 2020-08-17  |             377 |              381 |                  380 |               398 |
| MXK-MAHE-ANSEROYALE   | 2020-07-27 | 2020-08-17  |             175 |              175 |                  174 |               198 |
| MXK-MAHE-BEAUVALLON-1 | 2020-07-27 | 2020-08-17  |            1811 |             1834 |                 1825 |              1919 |
| MXK-MAHE-BEAUVALLON-2 | 2020-07-27 | 2020-08-17  |              27 |               27 |                   27 |                30 |
| MXK-MAHE-PERSEVERANCE | 2020-07-27 | 2020-08-17  |            1064 |             1075 |                 1076 |              1241 |
| MXK-MAHE-PROVIDENCE   | 2020-07-27 | 2020-08-17  |             990 |             1018 |                  950 |              1192 |
| MXK-PRASLIN-GRANDANSE | 2020-07-27 | 2020-08-17  |            1304 |             1308 |                 1301 |              1514 |
+-----------------------+------------+-------------+-----------------+------------------+----------------------+-------------------+
8 rows in set (0.07 sec)

mysql> mysql \. C:\workspace\cloud\code\sql\_DailyScript\currenttime.sql
+---------------------+
| currenttime         |
+---------------------+
| 2020-08-17 10:46:05 |
+---------------------+
1 row in set (0.00 sec)

mysql> 
mysql> 
mysql> mysql \. C:\workspace\cloud\code\sql\Analysis\service_tickets_assignments.sql
Query OK, 0 rows affected (0.02 sec)

Query OK, 71542 rows affected (12.10 sec)
Records: 71542  Duplicates: 0  Warnings: 0

+-------------------------+
| rep_servicetickets_2020 |
+-------------------------+
|                   71542 |
+-------------------------+
1 row in set (1.94 sec)

mysql> mysql \. C:\workspace\cloud\code\sql\_DailyScript\currenttime.sql
+---------------------+
| currenttime         |
+---------------------+
| 2020-08-17 10:46:19 |
+---------------------+
1 row in set (0.00 sec)

mysql> 
mysql> 
mysql> exit
