    -> 
    -> mysql \. C:\workspace\cloud\code\sql\_DailyScript\_setdates.sql
Database changed
Query OK, 0 rows affected (0.00 sec)

Query OK, 0 rows affected (0.00 sec)

Query OK, 0 rows affected (0.00 sec)

Query OK, 0 rows affected (0.00 sec)

Query OK, 0 rows affected (0.00 sec)

Query OK, 0 rows affected (0.00 sec)

Query OK, 0 rows affected (0.00 sec)

Query OK, 0 rows affected (0.00 sec)

Query OK, 0 rows affected (0.00 sec)

Query OK, 0 rows affected (0.00 sec)

Query OK, 0 rows affected (0.00 sec)

Query OK, 0 rows affected (0.00 sec)

Query OK, 0 rows affected (0.00 sec)

Query OK, 0 rows affected (0.00 sec)

Query OK, 0 rows affected (0.00 sec)

Query OK, 0 rows affected (0.00 sec)

Query OK, 0 rows affected (0.00 sec)

Query OK, 0 rows affected (0.00 sec)

Query OK, 0 rows affected (0.00 sec)

Query OK, 0 rows affected (0.00 sec)

Query OK, 0 rows affected (0.00 sec)

mysql> mysql \. C:\workspace\cloud\code\sql\_DailyScript\currenttime.sql
+---------------------+
| currenttime         |
+---------------------+
| 2020-06-02 10:45:20 |
+---------------------+
1 row in set (0.00 sec)

mysql> 
mysql> mysql \. C:\workspace\cloud\code\sql\_DailyScript\load_RCB_VODTITLES.sql
Database changed
Query OK, 0 rows affected (0.00 sec)

Query OK, 11034 rows affected (0.12 sec)

Query OK, 11036 rows affected, 11036 warnings (0.24 sec)
Records: 11036  Deleted: 0  Skipped: 0  Warnings: 11036

Query OK, 0 rows affected (0.00 sec)

Query OK, 2 rows affected (0.01 sec)

+-----------+
| VODTITLES |
+-----------+
|     11494 |
+-----------+
1 row in set (0.00 sec)

+-----------+-----------+
| titletype | typecount |
+-----------+-----------+
| E         |      9173 |
| N         |       213 |
| T         |      1648 |
| NULL      |     11034 |
+-----------+-----------+
4 rows in set (0.03 sec)

mysql> mysql \. C:\workspace\cloud\code\sql\_DailyScript\currenttime.sql
+---------------------+
| currenttime         |
+---------------------+
| 2020-06-02 10:45:20 |
+---------------------+
1 row in set (0.00 sec)

mysql> 
mysql> mysql \. C:\workspace\cloud\code\sql\_DailyScript\DAILY-SCRIPT-LIVETV-STATS.sql
Database changed
Query OK, 0 rows affected (0.01 sec)

Query OK, 0 rows affected (0.02 sec)
Records: 0  Duplicates: 0  Warnings: 0

+------------+------------+----------+--------------+--------------+-----------+-------------+----------+--------+------+------------+---------+---------------+
| Table      | Non_unique | Key_name | Seq_in_index | Column_name  | Collation | Cardinality | Sub_part | Packed | Null | Index_type | Comment | Index_comment |
+------------+------------+----------+--------------+--------------+-----------+-------------+----------+--------+------+------------+---------+---------------+
| templivetv |          1 | idxtv1   |            1 | device       | A         |           0 |     NULL | NULL   | YES  | BTREE      |         |               |
| templivetv |          1 | idxtv2   |            1 | sessionstart | A         |           0 |     NULL | NULL   | YES  | BTREE      |         |               |
+------------+------------+----------+--------------+--------------+-----------+-------------+----------+--------+------+------------+---------+---------------+
2 rows in set (0.00 sec)

Query OK, 0 rows affected (0.00 sec)
Records: 0  Duplicates: 0  Warnings: 0

Query OK, 0 rows affected (0.00 sec)
Records: 0  Duplicates: 0  Warnings: 0

Query OK, 0 rows affected (0.00 sec)

Query OK, 0 rows affected (0.00 sec)

Query OK, 0 rows affected (0.00 sec)
Records: 0  Duplicates: 0  Warnings: 0

Query OK, 0 rows affected (0.01 sec)

Query OK, 20228 rows affected (1 min 24.37 sec)
Records: 20228  Duplicates: 0  Warnings: 0

+-----------------+
| rep_livetvstats |
+-----------------+
|           20228 |
+-----------------+
1 row in set (0.01 sec)

mysql> mysql \. C:\workspace\cloud\code\sql\_DailyScript\currenttime.sql
+---------------------+
| currenttime         |
+---------------------+
| 2020-06-02 10:46:45 |
+---------------------+
1 row in set (0.00 sec)

mysql> 
mysql> mysql \. C:\workspace\cloud\code\sql\_DailyScript\DAILY-SCRIPT-VODTS-STATS.sql
Database changed
Query OK, 0 rows affected (0.01 sec)

Query OK, 0 rows affected (6.82 sec)
Records: 0  Duplicates: 0  Warnings: 0

+---------+------------+----------+--------------+--------------+-----------+-------------+----------+--------+------+------------+---------+---------------+
| Table   | Non_unique | Key_name | Seq_in_index | Column_name  | Collation | Cardinality | Sub_part | Packed | Null | Index_type | Comment | Index_comment |
+---------+------------+----------+--------------+--------------+-----------+-------------+----------+--------+------+------------+---------+---------------+
| tempvod |          1 | idxtvod1 |            1 | device       | A         |           0 |     NULL | NULL   | YES  | BTREE      |         |               |
| tempvod |          1 | idxtvod2 |            1 | sessionstart | A         |           0 |     NULL | NULL   | YES  | BTREE      |         |               |
+---------+------------+----------+--------------+--------------+-----------+-------------+----------+--------+------+------------+---------+---------------+
2 rows in set (0.00 sec)

Query OK, 0 rows affected (0.00 sec)
Records: 0  Duplicates: 0  Warnings: 0

Query OK, 0 rows affected (0.02 sec)

Query OK, 667901 rows affected (50.44 sec)
Records: 667901  Duplicates: 0  Warnings: 0

+--------------+
| rep_vodstats |
+--------------+
|       667901 |
+--------------+
1 row in set (0.19 sec)

Database changed
Query OK, 0 rows affected (0.01 sec)

Query OK, 0 rows affected (31.91 sec)
Records: 0  Duplicates: 0  Warnings: 0

+--------+------------+----------+--------------+--------------+-----------+-------------+----------+--------+------+------------+---------+---------------+
| Table  | Non_unique | Key_name | Seq_in_index | Column_name  | Collation | Cardinality | Sub_part | Packed | Null | Index_type | Comment | Index_comment |
+--------+------------+----------+--------------+--------------+-----------+-------------+----------+--------+------+------------+---------+---------------+
| tempts |          1 | idxtts1  |            1 | device       | A         |           0 |     NULL | NULL   | YES  | BTREE      |         |               |
| tempts |          1 | idxtts2  |            1 | sessionstart | A         |           0 |     NULL | NULL   | YES  | BTREE      |         |               |
+--------+------------+----------+--------------+--------------+-----------+-------------+----------+--------+------+------------+---------+---------------+
2 rows in set (0.00 sec)

Query OK, 0 rows affected (0.00 sec)
Records: 0  Duplicates: 0  Warnings: 0

Query OK, 0 rows affected (0.01 sec)

Query OK, 34492 rows affected (30.14 sec)
Records: 34492  Duplicates: 0  Warnings: 0

+-------------+
| rep_tsstats |
+-------------+
|       34492 |
+-------------+
1 row in set (0.01 sec)

mysql> mysql \. C:\workspace\cloud\code\sql\_DailyScript\currenttime.sql
+---------------------+
| currenttime         |
+---------------------+
| 2020-06-02 10:48:44 |
+---------------------+
1 row in set (0.00 sec)

mysql> 
mysql> mysql \. C:\workspace\cloud\code\sql\_DailyScript\DAILY-SCRIPT-RADIO-STATS.sql
Database changed
Query OK, 0 rows affected (0.02 sec)

Query OK, 264135 rows affected (2.73 sec)
Records: 264135  Duplicates: 0  Warnings: 0

+-----------+------------+----------+--------------+--------------+-----------+-------------+----------+--------+------+------------+---------+---------------+
| Table     | Non_unique | Key_name | Seq_in_index | Column_name  | Collation | Cardinality | Sub_part | Packed | Null | Index_type | Comment | Index_comment |
+-----------+------------+----------+--------------+--------------+-----------+-------------+----------+--------+------+------------+---------+---------------+
| tempradio |          1 | idxtrad1 |            1 | device       | A         |      266559 |     NULL | NULL   | YES  | BTREE      |         |               |
| tempradio |          1 | idxtrad2 |            1 | sessionstart | A         |      266559 |     NULL | NULL   | YES  | BTREE      |         |               |
+-----------+------------+----------+--------------+--------------+-----------+-------------+----------+--------+------+------------+---------+---------------+
2 rows in set (0.00 sec)

Query OK, 0 rows affected (0.64 sec)
Records: 0  Duplicates: 0  Warnings: 0

Query OK, 0 rows affected (0.01 sec)

Query OK, 4677 rows affected (0.36 sec)
Records: 4677  Duplicates: 0  Warnings: 0

+----------------+
| rep_radiostats |
+----------------+
|           4677 |
+----------------+
1 row in set (0.00 sec)

mysql> mysql \. C:\workspace\cloud\code\sql\_DailyScript\currenttime.sql
+---------------------+
| currenttime         |
+---------------------+
| 2020-06-02 10:48:48 |
+---------------------+
1 row in set (0.00 sec)

mysql> 
mysql> mysql \. C:\workspace\cloud\code\sql\_DailyScript\DAILY_SCRIPT_TELEMETRY_PIVOT_2020.sql
Query OK, 0 rows affected (0.00 sec)

Query OK, 144 rows affected (0.15 sec)
Records: 144  Duplicates: 0  Warnings: 0

Query OK, 0 rows affected (0.01 sec)

Query OK, 9573 rows affected (1.63 sec)
Records: 9573  Duplicates: 0  Warnings: 0

Query OK, 0 rows affected (0.02 sec)

Query OK, 8 rows affected (0.02 sec)
Records: 8  Duplicates: 0  Warnings: 0

Query OK, 0 rows affected (0.01 sec)

Query OK, 47 rows affected (0.05 sec)
Records: 47  Duplicates: 0  Warnings: 0

mysql> mysql \. C:\workspace\cloud\code\sql\_DailyScript\currenttime.sql
+---------------------+
| currenttime         |
+---------------------+
| 2020-06-02 10:48:50 |
+---------------------+
1 row in set (0.00 sec)

mysql> 
mysql> mysql \. C:\workspace\cloud\code\sql\_DailyScript\telemetry_livetv_ranking2020.sql
Query OK, 0 rows affected (0.01 sec)

Query OK, 144 rows affected (0.02 sec)
Records: 144  Duplicates: 0  Warnings: 0

mysql> mysql \. C:\workspace\cloud\code\sql\_DailyScript\currenttime.sql
+---------------------+
| currenttime         |
+---------------------+
| 2020-06-02 10:48:50 |
+---------------------+
1 row in set (0.00 sec)

mysql> 
mysql> mysql \. C:\workspace\cloud\code\sql\_DailyScript\telemetry_radio_ranking2020.sql
Query OK, 0 rows affected (0.00 sec)

Query OK, 8 rows affected (0.01 sec)
Records: 8  Duplicates: 0  Warnings: 0

mysql> mysql \. C:\workspace\cloud\code\sql\_DailyScript\currenttime.sql
+---------------------+
| currenttime         |
+---------------------+
| 2020-06-02 10:48:50 |
+---------------------+
1 row in set (0.00 sec)

mysql> 
mysql> mysql \. C:\workspace\cloud\code\sql\_DailyScript\telemetry_ts_ranking2020.sql
Query OK, 0 rows affected (0.01 sec)

Query OK, 47 rows affected (0.02 sec)
Records: 47  Duplicates: 0  Warnings: 0

mysql> mysql \. C:\workspace\cloud\code\sql\_DailyScript\currenttime.sql
+---------------------+
| currenttime         |
+---------------------+
| 2020-06-02 10:48:50 |
+---------------------+
1 row in set (0.00 sec)

mysql> 
mysql> mysql \. C:\workspace\cloud\code\sql\_DailyScript\telemetry_vod_ranking2020.sql
Query OK, 0 rows affected (0.00 sec)

Query OK, 9573 rows affected (0.39 sec)
Records: 9573  Duplicates: 0  Warnings: 0

mysql> mysql \. C:\workspace\cloud\code\sql\_DailyScript\currenttime.sql
+---------------------+
| currenttime         |
+---------------------+
| 2020-06-02 10:48:51 |
+---------------------+
1 row in set (0.00 sec)

mysql> 
mysql> mysql \. C:\workspace\cloud\code\sql\_DailyScript\telemetry_vod_ranking2020_1.sql
Query OK, 0 rows affected (0.01 sec)

Query OK, 9573 rows affected (0.22 sec)
Records: 9573  Duplicates: 0  Warnings: 0

mysql> mysql \. C:\workspace\cloud\code\sql\_DailyScript\currenttime.sql
+---------------------+
| currenttime         |
+---------------------+
| 2020-06-02 10:48:51 |
+---------------------+
1 row in set (0.00 sec)

mysql> 
mysql> mysql \. C:\workspace\cloud\code\sql\_DailyScript\telemetry_vod_ranking2020_2.sql
Query OK, 0 rows affected (0.01 sec)

Query OK, 9573 rows affected (0.18 sec)
Records: 9573  Duplicates: 0  Warnings: 0

mysql> mysql \. C:\workspace\cloud\code\sql\_DailyScript\currenttime.sql
+---------------------+
| currenttime         |
+---------------------+
| 2020-06-02 10:48:51 |
+---------------------+
1 row in set (0.00 sec)

mysql> 
mysql> 
mysql> 
mysql> 
mysql> mysql \. C:\workspace\cloud\code\sql\_DailyScript\ticket_analysis.sql
Database changed
Query OK, 0 rows affected (0.08 sec)

Query OK, 622069 rows affected (20.93 sec)
Records: 622069  Duplicates: 0  Warnings: 0

Query OK, 0 rows affected (4.43 sec)
Records: 0  Duplicates: 0  Warnings: 0

Query OK, 0 rows affected (1.50 sec)
Records: 0  Duplicates: 0  Warnings: 0

Query OK, 0 rows affected (1.58 sec)
Records: 0  Duplicates: 0  Warnings: 0

Query OK, 0 rows affected (0.01 sec)

Query OK, 20369 rows affected (9.90 sec)
Records: 20369  Duplicates: 0  Warnings: 0

Query OK, 0 rows affected, 1 warning (0.00 sec)

Query OK, 87629 rows affected (5.71 sec)
Records: 87629  Duplicates: 0  Warnings: 0

Query OK, 0 rows affected, 1 warning (0.00 sec)

Query OK, 450332 rows affected (11.31 sec)
Records: 450332  Duplicates: 0  Warnings: 0

Query OK, 0 rows affected, 1 warning (0.00 sec)

Query OK, 450332 rows affected (11.61 sec)
Records: 450332  Duplicates: 0  Warnings: 0

Query OK, 0 rows affected (0.01 sec)

Query OK, 87698 rows affected (4.48 sec)
Records: 87698  Duplicates: 0  Warnings: 0

Database changed
Query OK, 0 rows affected (0.00 sec)

Query OK, 0 rows affected (0.02 sec)

Query OK, 622069 rows affected (18.02 sec)
Records: 622069  Duplicates: 0  Warnings: 0

Query OK, 0 rows affected (0.03 sec)

Query OK, 311213 rows affected (11.98 sec)
Records: 311213  Duplicates: 0  Warnings: 0

+--------------------------+
| clientticket_cmmtjourney |
+--------------------------+
|                   622069 |
+--------------------------+
1 row in set (2.07 sec)

+---------------------------+
| clientticket_assgnjourney |
+---------------------------+
|                    311213 |
+---------------------------+
1 row in set (0.33 sec)

Query OK, 0 rows affected (0.00 sec)

Query OK, 73 rows affected (0.08 sec)
Records: 73  Duplicates: 0  Warnings: 0

mysql> mysql \. C:\workspace\cloud\code\sql\_DailyScript\currenttime.sql
+---------------------+
| currenttime         |
+---------------------+
| 2020-06-02 10:50:35 |
+---------------------+
1 row in set (0.00 sec)

mysql> 
mysql> mysql \. C:\workspace\cloud\code\sql\_DailyScript\load_DailyCalls.sql
Database changed
Query OK, 369 rows affected (0.12 sec)
Records: 369  Deleted: 0  Skipped: 0  Warnings: 0

Query OK, 0 rows affected, 1 warning (0.00 sec)

Query OK, 367 rows affected (0.02 sec)
Records: 367  Duplicates: 0  Warnings: 0

Query OK, 0 rows affected, 1 warning (0.00 sec)

Query OK, 66948 rows affected (0.24 sec)
Records: 66948  Duplicates: 0  Warnings: 0

+----------------------+
| callingclientsbefore |
+----------------------+
|               930902 |
+----------------------+
1 row in set (0.34 sec)

Query OK, 510 rows affected (7.36 sec)
Records: 510  Duplicates: 0  Warnings: 0

+---------------------+
| callingclientsafter |
+---------------------+
|              931412 |
+---------------------+
1 row in set (0.24 sec)

Query OK, 0 rows affected (0.01 sec)

Query OK, 264 rows affected (2.53 sec)
Records: 264  Duplicates: 0  Warnings: 0

Query OK, 0 rows affected (0.00 sec)

Query OK, 18693 rows affected (2.73 sec)
Records: 18693  Duplicates: 0  Warnings: 0

+-----------+
| callstats |
+-----------+
|     18693 |
+-----------+
1 row in set (0.01 sec)

Query OK, 0 rows affected, 1 warning (0.00 sec)

Query OK, 510 rows affected (1.65 sec)
Records: 510  Duplicates: 0  Warnings: 0

+------------------------+
| rep_cccallreportbefore |
+------------------------+
|                 935469 |
+------------------------+
1 row in set (0.32 sec)

Query OK, 510 rows affected (0.13 sec)
Records: 510  Duplicates: 0  Warnings: 0

+-----------------------+
| rep_cccallreportafter |
+-----------------------+
|                935979 |
+-----------------------+
1 row in set (0.24 sec)

Query OK, 0 rows affected (0.01 sec)

mysql> mysql \. C:\workspace\cloud\code\sql\_DailyScript\currenttime.sql
+---------------------+
| currenttime         |
+---------------------+
| 2020-06-02 10:50:51 |
+---------------------+
1 row in set (0.00 sec)

mysql> 
mysql> mysql \. C:\workspace\cloud\code\sql\_DailyScript\DAILY-SCRIPT-USAGE.sql
Database changed
Query OK, 0 rows affected (0.00 sec)

Query OK, 2 rows affected, 4 warnings (0.01 sec)
Records: 2  Deleted: 0  Skipped: 0  Warnings: 4

Query OK, 0 rows affected (0.00 sec)

ERROR 2 (HY000): File 'C:\ProgramData\MySQL\MySQL Server 5.7\Uploads\_csv\cdrUsageClient-UnCapped-30052020.csv' not found (Errcode: 2 - No such file or directory)
Query OK, 0 rows affected (0.00 sec)

Query OK, 165 rows affected, 729 warnings (0.07 sec)
Records: 165  Deleted: 0  Skipped: 0  Warnings: 729

Query OK, 0 rows affected (0.00 sec)

Query OK, 78 rows affected, 344 warnings (0.05 sec)
Records: 78  Deleted: 0  Skipped: 0  Warnings: 344

+------------+
| dailyusage |
+------------+
|   12517268 |
+------------+
1 row in set (4.21 sec)

+------------+------------+------------+---------+
| datestart  | dateend    | insertedon | records |
+------------+------------+------------+---------+
| 2020-05-30 | 2020-05-30 | 2020-06-02 |     245 |
| 2020-05-29 | 2020-05-29 | 2020-06-02 |   20415 |
| 2020-05-28 | 2020-05-28 | 2020-05-29 |   22180 |
| 2020-05-27 | 2020-05-27 | 2020-05-28 |   21140 |
| 2020-05-26 | 2020-05-26 | 2020-05-27 |   21124 |
+------------+------------+------------+---------+
5 rows in set (20.73 sec)

mysql> mysql \. C:\workspace\cloud\code\sql\_DailyScript\currenttime.sql
+---------------------+
| currenttime         |
+---------------------+
| 2020-06-02 10:51:16 |
+---------------------+
1 row in set (0.00 sec)

mysql> 
mysql> mysql \. C:\workspace\cloud\code\sql\_DailyScript\DAILY-SCRIPT-SALES-TELEMETRY.sql
Database changed
Query OK, 89 rows affected, 18 warnings (0.02 sec)
Records: 89  Deleted: 0  Skipped: 0  Warnings: 18

+------------+
| dailysales |
+------------+
|     196937 |
+------------+
1 row in set (0.16 sec)

Query OK, 0 rows affected (0.01 sec)

Query OK, 196937 rows affected (11.48 sec)
Records: 196937  Duplicates: 0  Warnings: 0

+--------+
| sales  |
+--------+
| 196937 |
+--------+
1 row in set (0.08 sec)

Query OK, 0 rows affected (0.01 sec)

Query OK, 3162 rows affected (0.31 sec)
Records: 3162  Duplicates: 0  Warnings: 0

+----------------+
| rep_dailysales |
+----------------+
|           3162 |
+----------------+
1 row in set (0.00 sec)

Query OK, 0 rows affected (0.01 sec)

Query OK, 3162 rows affected (0.46 sec)
Records: 3162  Duplicates: 0  Warnings: 0

+-------------------+
| rep_dailysalesreg |
+-------------------+
|              3162 |
+-------------------+
1 row in set (0.00 sec)

Query OK, 0 rows affected (0.00 sec)

Query OK, 2739 rows affected (0.61 sec)
Records: 2739  Duplicates: 0  Warnings: 0

+-----------+
| saleslist |
+-----------+
|      2739 |
+-----------+
1 row in set (0.00 sec)

Database changed
Query OK, 1 row affected (0.01 sec)
Records: 1  Deleted: 0  Skipped: 0  Warnings: 0

+------------------+
| dailysinglesales |
+------------------+
|             6273 |
+------------------+
1 row in set (0.01 sec)

Database changed
Query OK, 7 rows affected (0.03 sec)
Records: 7  Deleted: 0  Skipped: 0  Warnings: 0

+-----------------+
| dailyaddonsales |
+-----------------+
|           19574 |
+-----------------+
1 row in set (0.02 sec)

Query OK, 171 rows affected (0.04 sec)
Records: 171  Deleted: 0  Skipped: 0  Warnings: 0

+----------------+
| onlinepayments |
+----------------+
|         101679 |
+----------------+
1 row in set (0.06 sec)

+-------------+----------------+---------------------+
| paymentdate | onlinepayments | onlinepaymentamount |
+-------------+----------------+---------------------+
| 2020-05-30  |            171 |        116376.84000 |
| 2020-05-29  |            204 |        135773.68000 |
| 2020-05-28  |            285 |        182938.74000 |
| 2020-05-27  |            281 |        187226.87000 |
| 2020-05-26  |            304 |        198269.80000 |
+-------------+----------------+---------------------+
5 rows in set (0.28 sec)

+-------------+--------------+----------------+---------------------+
| paymentyear | paymentmonth | onlinepayments | onlinepaymentamount |
+-------------+--------------+----------------+---------------------+
|        2020 |            5 |           6234 |       4052375.19000 |
|        2020 |            4 |           7837 |       4979458.33000 |
|        2020 |            3 |           4932 |       3198124.05000 |
|        2020 |            2 |           3434 |       2334711.58000 |
|        2020 |            1 |           3598 |       2395112.36000 |
+-------------+--------------+----------------+---------------------+
5 rows in set (0.09 sec)

mysql> mysql \. C:\workspace\cloud\code\sql\_DailyScript\currenttime.sql
+---------------------+
| currenttime         |
+---------------------+
| 2020-06-02 10:51:30 |
+---------------------+
1 row in set (0.00 sec)

mysql> 
mysql> mysql \. C:\workspace\cloud\code\sql\_DailyScript\DAILY-SCRIPT-ACTIVENUMBERS.sql
Database changed
Query OK, 1160 rows affected (0.42 sec)
Records: 1160  Deleted: 0  Skipped: 0  Warnings: 0

+------------+----------+
| period     | count(1) |
+------------+----------+
| 2020-05-30 |     1160 |
| 2020-05-29 |     1163 |
| 2020-05-28 |     1163 |
| 2020-05-27 |     1159 |
| 2020-05-26 |     1159 |
+------------+----------+
5 rows in set (0.01 sec)

Query OK, 0 rows affected (0.00 sec)

Query OK, 79 rows affected (1.32 sec)
Records: 79  Duplicates: 0  Warnings: 0

+-------------+
| packagelist |
+-------------+
|          79 |
+-------------+
1 row in set (0.00 sec)

Database changed
Query OK, 0 rows affected (0.00 sec)

Query OK, 0 rows affected (0.00 sec)

Query OK, 0 rows affected (0.00 sec)

Query OK, 0 rows affected (0.00 sec)

Query OK, 27372 rows affected, 339 warnings (13.09 sec)
Records: 27372  Deleted: 0  Skipped: 0  Warnings: 339

+------------+----------+
| period     | count(1) |
+------------+----------+
| 2020-05-30 |    27372 |
| 2020-05-29 |    27491 |
| 2020-05-28 |    27416 |
| 2020-05-27 |    27439 |
| 2020-05-26 |    27549 |
+------------+----------+
5 rows in set (0.14 sec)

Query OK, 0 rows affected (0.01 sec)

Query OK, 26778 rows affected (37.53 sec)
Records: 26778  Duplicates: 0  Warnings: 0

Query OK, 0 rows affected (0.10 sec)
Records: 0  Duplicates: 0  Warnings: 0

Query OK, 0 rows affected (0.10 sec)
Records: 0  Duplicates: 0  Warnings: 0

Query OK, 0 rows affected (0.09 sec)
Records: 0  Duplicates: 0  Warnings: 0

Query OK, 0 rows affected (0.07 sec)
Records: 0  Duplicates: 0  Warnings: 0

Query OK, 0 rows affected (0.06 sec)
Records: 0  Duplicates: 0  Warnings: 0

Query OK, 0 rows affected (0.06 sec)
Records: 0  Duplicates: 0  Warnings: 0

+-------------+
| countbefore |
+-------------+
|    36254432 |
+-------------+
1 row in set (9.71 sec)

Query OK, 26778 rows affected (2.12 sec)
Records: 26778  Duplicates: 0  Warnings: 0

+------------+
| countafter |
+------------+
|   36281210 |
+------------+
1 row in set (11.98 sec)

+------------+--------------------------+
| period     | customercontractactivity |
+------------+--------------------------+
| 2020-05-30 |                    26778 |
| 2020-05-29 |                    26894 |
| 2020-05-28 |                    26820 |
| 2020-05-27 |                    26842 |
| 2020-05-26 |                    26951 |
+------------+--------------------------+
5 rows in set (0.05 sec)

Query OK, 0 rows affected (0.01 sec)

Query OK, 266263 rows affected (6 min 7.72 sec)
Records: 266263  Duplicates: 0  Warnings: 0

Query OK, 0 rows affected (0.89 sec)
Records: 0  Duplicates: 0  Warnings: 0

Query OK, 0 rows affected (0.91 sec)
Records: 0  Duplicates: 0  Warnings: 0

Query OK, 0 rows affected (0.97 sec)
Records: 0  Duplicates: 0  Warnings: 0

Query OK, 0 rows affected (0.01 sec)

Query OK, 229 rows affected (0.40 sec)
Records: 229  Duplicates: 0  Warnings: 0

Query OK, 0 rows affected (0.01 sec)

Query OK, 2547 rows affected (0.51 sec)
Records: 2547  Duplicates: 0  Warnings: 0

Query OK, 0 rows affected (0.01 sec)

Query OK, 26759 rows affected (0.52 sec)
Records: 26759  Duplicates: 0  Warnings: 0

Query OK, 0 rows affected (0.00 sec)

Query OK, 16966 rows affected (0.32 sec)
Records: 16966  Duplicates: 0  Warnings: 0

Query OK, 0 rows affected (0.01 sec)

Query OK, 16966 rows affected (0.12 sec)
Records: 16966  Duplicates: 0  Warnings: 0

Query OK, 0 rows affected (0.01 sec)

Query OK, 16966 rows affected (1.04 sec)
Records: 16966  Duplicates: 0  Warnings: 0

Query OK, 0 rows affected (0.01 sec)

Query OK, 16966 rows affected (41.31 sec)
Records: 16966  Duplicates: 0  Warnings: 0

+-------------+
| clientstats |
+-------------+
|       16966 |
+-------------+
1 row in set (0.01 sec)

Query OK, 0 rows affected (0.00 sec)

Query OK, 12 rows affected, 1 warning (0.09 sec)
Records: 12  Duplicates: 0  Warnings: 1

+-----------------------+-------------+-------------+----------------+-----------------+
| services              | activecount | allaccounts | uniqueaccounts | uniquecontracts |
+-----------------------+-------------+-------------+----------------+-----------------+
| All                   |         292 |          49 |             49 |             156 |
| Internet & Voice      |         397 |         180 |            180 |             352 |
| Internet Only         |        4333 |        4244 |           4236 |            4282 |
| OTT Only              |           2 |           2 |              2 |               2 |
| TV & Internet         |        9102 |        4085 |           4076 |            8282 |
| TV & Internet & OTT   |        2948 |         772 |            772 |            1594 |
| TV & Internet & Voice |         497 |         147 |            147 |             447 |
| TV & OTT              |         319 |          63 |             62 |              80 |
| TV & Voice            |          88 |          40 |             40 |              82 |
| TV Only               |        9339 |        7231 |           7221 |            7425 |
| Voice Only            |         154 |         153 |            153 |             154 |
| GRAND TOTAL           |       27471 |       16966 |          16888 |           22856 |
+-----------------------+-------------+-------------+----------------+-----------------+
12 rows in set (0.00 sec)

+-------------+-------------+-------------+----------------+-----------------+
| network     | activecount | allaccounts | uniqueaccounts | uniquecontracts |
+-------------+-------------+-------------+----------------+-----------------+
| ADDON       |          13 |           9 |              9 |               9 |
| GPON        |        8654 |        4375 |           4372 |            6791 |
| HFC         |       18804 |       12582 |          12582 |           16056 |
| GRAND TOTAL |       27471 |       16966 |          16888 |           22856 |
+-------------+-------------+-------------+----------------+-----------------+
4 rows in set, 1 warning (0.10 sec)

+-------------+-----------------------+-------------+-------------+----------------+-----------------+
| network     | services              | activecount | allaccounts | uniqueaccounts | uniquecontracts |
+-------------+-----------------------+-------------+-------------+----------------+-----------------+
| ADDON       | OTT Only              |           2 |           2 |              2 |               2 |
| ADDON       | TV & OTT              |           6 |           2 |              2 |               2 |
| ADDON       | TV Only               |           5 |           5 |              5 |               5 |
| ADDON       | Services Total        |          13 |           9 |              9 |               9 |
| GPON        | All                   |         154 |          26 |             26 |              82 |
| GPON        | Internet & Voice      |          64 |          26 |             26 |              54 |
| GPON        | Internet Only         |        1114 |        1041 |           1041 |            1065 |
| GPON        | TV & Internet         |        3620 |        1577 |           1577 |            3227 |
| GPON        | TV & Internet & OTT   |        1693 |         433 |            433 |             902 |
| GPON        | TV & Internet & Voice |         184 |          54 |             54 |             166 |
| GPON        | TV & OTT              |          77 |          25 |             25 |              28 |
| GPON        | TV & Voice            |          38 |          16 |             16 |              34 |
| GPON        | TV Only               |        1693 |        1160 |           1160 |            1216 |
| GPON        | Voice Only            |          17 |          17 |             17 |              17 |
| GPON        | Services Total        |        8654 |        4375 |           4372 |            6791 |
| HFC         | All                   |         138 |          23 |             23 |              74 |
| HFC         | Internet & Voice      |         333 |         154 |            154 |             298 |
| HFC         | Internet Only         |        3219 |        3203 |           3203 |            3217 |
| HFC         | TV & Internet         |        5482 |        2508 |           2508 |            5055 |
| HFC         | TV & Internet & OTT   |        1255 |         339 |            339 |             692 |
| HFC         | TV & Internet & Voice |         313 |          93 |             93 |             281 |
| HFC         | TV & OTT              |         236 |          36 |             36 |              50 |
| HFC         | TV & Voice            |          50 |          24 |             24 |              48 |
| HFC         | TV Only               |        7641 |        6066 |           6066 |            6204 |
| HFC         | Voice Only            |         137 |         136 |            136 |             137 |
| HFC         | Services Total        |       18804 |       12582 |          12582 |           16056 |
| GRAND TOTAL | Services Total        |       27471 |       16966 |          16888 |           22856 |
+-------------+-----------------------+-------------+-------------+----------------+-----------------+
27 rows in set, 2 warnings (0.12 sec)

Query OK, 0 rows affected (0.00 sec)

Query OK, 48 rows affected, 3 warnings (0.17 sec)
Records: 48  Duplicates: 0  Warnings: 3

+-------------+---------------+-----------------------+-------------+-------------+----------------+-----------------+
| region      | network       | services              | activecount | allaccounts | uniqueaccounts | uniquecontracts |
+-------------+---------------+-----------------------+-------------+-------------+----------------+-----------------+
| Eden Island | GPON          | TV & Internet         |           2 |           1 |              1 |               2 |
| Eden Island | GPON          | Services Total        |           2 |           1 |              1 |               2 |
| Eden Island | Network Total | Services Total        |           2 |           1 |              1 |               2 |
| Mahe        | ADDON         | OTT Only              |           2 |           2 |              2 |               2 |
| Mahe        | ADDON         | TV & OTT              |           6 |           2 |              2 |               2 |
| Mahe        | ADDON         | TV Only               |           1 |           1 |              1 |               1 |
| Mahe        | ADDON         | Services Total        |           9 |           5 |              5 |               5 |
| Mahe        | GPON          | All                   |         141 |          24 |             24 |              76 |
| Mahe        | GPON          | Internet & Voice      |          54 |          21 |             21 |              44 |
| Mahe        | GPON          | Internet Only         |         895 |         822 |            822 |             846 |
| Mahe        | GPON          | TV & Internet         |        2796 |        1211 |           1211 |            2476 |
| Mahe        | GPON          | TV & Internet & OTT   |        1264 |         311 |            311 |             650 |
| Mahe        | GPON          | TV & Internet & Voice |         169 |          50 |             50 |             153 |
| Mahe        | GPON          | TV & OTT              |          58 |          16 |             16 |              18 |
| Mahe        | GPON          | TV & Voice            |          35 |          15 |             15 |              31 |
| Mahe        | GPON          | TV Only               |        1366 |         909 |            909 |             956 |
| Mahe        | GPON          | Voice Only            |          15 |          15 |             15 |              15 |
| Mahe        | GPON          | Services Total        |        6793 |        3394 |           3394 |            5265 |
| Mahe        | HFC           | All                   |         138 |          23 |             23 |              74 |
| Mahe        | HFC           | Internet & Voice      |         333 |         154 |            154 |             298 |
| Mahe        | HFC           | Internet Only         |        3218 |        3202 |           3202 |            3216 |
| Mahe        | HFC           | TV & Internet         |        5482 |        2508 |           2508 |            5055 |
| Mahe        | HFC           | TV & Internet & OTT   |        1255 |         339 |            339 |             692 |
| Mahe        | HFC           | TV & Internet & Voice |         313 |          93 |             93 |             281 |
| Mahe        | HFC           | TV & OTT              |         236 |          36 |             36 |              50 |
| Mahe        | HFC           | TV & Voice            |          50 |          24 |             24 |              48 |
| Mahe        | HFC           | TV Only               |        7636 |        6063 |           6063 |            6201 |
| Mahe        | HFC           | Voice Only            |         137 |         136 |            136 |             137 |
| Mahe        | HFC           | Services Total        |       18798 |       12578 |          12578 |           16052 |
| Mahe        | Network Total | Services Total        |       25600 |       15977 |          15905 |           21322 |
| Praslin     | ADDON         | TV Only               |           4 |           4 |              4 |               4 |
| Praslin     | ADDON         | Services Total        |           4 |           4 |              4 |               4 |
| Praslin     | GPON          | All                   |          13 |           2 |              2 |               6 |
| Praslin     | GPON          | Internet & Voice      |          10 |           5 |              5 |              10 |
| Praslin     | GPON          | Internet Only         |         219 |         219 |            219 |             219 |
| Praslin     | GPON          | TV & Internet         |         822 |         365 |            365 |             749 |
| Praslin     | GPON          | TV & Internet & OTT   |         429 |         122 |            122 |             252 |
| Praslin     | GPON          | TV & Internet & Voice |          15 |           4 |              4 |              13 |
| Praslin     | GPON          | TV & OTT              |          19 |           9 |              9 |              10 |
| Praslin     | GPON          | TV & Voice            |           3 |           1 |              1 |               3 |
| Praslin     | GPON          | TV Only               |         327 |         251 |            251 |             260 |
| Praslin     | GPON          | Voice Only            |           2 |           2 |              2 |               2 |
| Praslin     | GPON          | Services Total        |        1859 |         980 |            980 |            1524 |
| Praslin     | HFC           | Internet Only         |           1 |           1 |              1 |               1 |
| Praslin     | HFC           | TV Only               |           5 |           3 |              3 |               3 |
| Praslin     | HFC           | Services Total        |           6 |           4 |              4 |               4 |
| Praslin     | Network Total | Services Total        |        1869 |         988 |            985 |            1532 |
| GRAND TOTAL | Network Total | Services Total        |       27471 |       16966 |          16888 |           22856 |
+-------------+---------------+-----------------------+-------------+-------------+----------------+-----------------+
48 rows in set (0.00 sec)

Query OK, 0 rows affected (0.00 sec)

Query OK, 26760 rows affected (0.34 sec)
Records: 26760  Duplicates: 0  Warnings: 0

Query OK, 0 rows affected (0.01 sec)

Query OK, 2049 rows affected (1.00 sec)
Records: 2049  Duplicates: 0  Warnings: 0

+--------------------------------------+
| message                              |
+--------------------------------------+
| running rcbill_my.sp_ActiveNumber2() |
+--------------------------------------+
1 row in set (0.00 sec)

Query OK, 365 rows affected (1 min 31.02 sec)

mysql> mysql \. C:\workspace\cloud\code\sql\_DailyScript\currenttime.sql
+---------------------+
| currenttime         |
+---------------------+
| 2020-06-02 11:01:15 |
+---------------------+
1 row in set (0.00 sec)

mysql> 
mysql> 
mysql> 
mysql> 
mysql> 
mysql> 
mysql> 
mysql> 
mysql> 
mysql> 
mysql> 
mysql> 
mysql> 
mysql> 
mysql> 
mysql> 
mysql> 
mysql> 
mysql> 
mysql> 
mysql> 
mysql> 
mysql> 
mysql> 
mysql> 
mysql> exit
