    -> 
    -> mysql \. C:\workspace\cloud\code\sql\_DailyScript\_setdates.sql
Query OK, 0 rows affected (0.01 sec)

Query OK, 0 rows affected (1.78 sec)

Database changed
Query OK, 0 rows affected (0.00 sec)

Query OK, 0 rows affected (0.00 sec)

Query OK, 0 rows affected (0.00 sec)

Query OK, 0 rows affected (0.00 sec)

Query OK, 0 rows affected (0.00 sec)

Query OK, 0 rows affected (0.00 sec)

Query OK, 0 rows affected (0.00 sec)

Query OK, 0 rows affected (0.00 sec)

Query OK, 0 rows affected (0.00 sec)

Query OK, 0 rows affected (0.00 sec)

Query OK, 0 rows affected (0.00 sec)

Query OK, 0 rows affected (0.00 sec)

Query OK, 0 rows affected (0.00 sec)

Query OK, 0 rows affected (0.00 sec)

Query OK, 0 rows affected (0.00 sec)

Query OK, 0 rows affected (0.00 sec)

Query OK, 0 rows affected (0.00 sec)

Query OK, 0 rows affected (0.00 sec)

Query OK, 0 rows affected (0.00 sec)

Query OK, 0 rows affected (0.00 sec)

Query OK, 0 rows affected (0.00 sec)

Query OK, 0 rows affected (0.00 sec)

mysql> mysql \. C:\workspace\cloud\code\sql\_DailyScript\currenttime.sql
+---------------------+
| currenttime         |
+---------------------+
| 2022-01-04 13:28:42 |
+---------------------+
1 row in set (0.00 sec)

mysql> 
mysql> mysql \. C:\workspace\cloud\code\sql\_DailyScript\load_RCB_VODTITLES.sql
Database changed
Query OK, 0 rows affected (0.00 sec)

Query OK, 17202 rows affected (0.20 sec)

Query OK, 17204 rows affected, 17204 warnings (0.45 sec)
Records: 17204  Deleted: 0  Skipped: 0  Warnings: 17204

Query OK, 0 rows affected (0.00 sec)

Query OK, 2 rows affected (0.02 sec)

+-----------+
| VODTITLES |
+-----------+
|     17662 |
+-----------+
1 row in set (0.01 sec)

+-----------+-----------+
| titletype | typecount |
+-----------+-----------+
| E         |     14682 |
| N         |       245 |
| T         |      2275 |
| NULL      |     17202 |
+-----------+-----------+
4 rows in set (0.07 sec)

mysql> mysql \. C:\workspace\cloud\code\sql\_DailyScript\currenttime.sql
+---------------------+
| currenttime         |
+---------------------+
| 2022-01-04 13:28:42 |
+---------------------+
1 row in set (0.00 sec)

mysql> 
mysql> 
mysql> 
mysql> 
mysql> 
mysql> 
mysql> 
mysql> 
mysql> 
mysql> 
mysql> 
mysql> 
mysql> 
mysql> 
mysql> 
mysql> 
mysql> 
mysql> 
mysql> 
mysql> 
mysql> 
mysql> 
mysql> 
mysql> 
mysql> 
mysql> 
mysql> 
mysql> 
mysql> 
mysql> 
mysql> 
mysql> 
mysql> 
mysql> 
mysql> 
mysql> 
mysql> 
mysql> mysql \. C:\workspace\cloud\code\sql\_DailyScript\load_DailyCalls.sql
Database changed
Query OK, 536 rows affected (0.15 sec)
Records: 536  Deleted: 0  Skipped: 0  Warnings: 0

Query OK, 0 rows affected, 1 warning (0.00 sec)

Query OK, 536 rows affected (0.05 sec)
Records: 536  Duplicates: 0  Warnings: 0

Query OK, 0 rows affected, 1 warning (0.00 sec)

Query OK, 94004 rows affected (0.42 sec)
Records: 94004  Duplicates: 0  Warnings: 0

+----------------------+
| callingclientsbefore |
+----------------------+
|              1348920 |
+----------------------+
1 row in set (0.54 sec)

Query OK, 739 rows affected (14.44 sec)
Records: 739  Duplicates: 0  Warnings: 0

+---------------------+
| callingclientsafter |
+---------------------+
|             1349659 |
+---------------------+
1 row in set (0.35 sec)

Query OK, 0 rows affected (0.01 sec)

Query OK, 329 rows affected (4.60 sec)
Records: 329  Duplicates: 0  Warnings: 0

Query OK, 0 rows affected (0.00 sec)

Query OK, 26042 rows affected (4.43 sec)
Records: 26042  Duplicates: 0  Warnings: 0

+-----------+
| callstats |
+-----------+
|     26042 |
+-----------+
1 row in set (0.01 sec)

Query OK, 0 rows affected, 1 warning (0.00 sec)

Query OK, 739 rows affected (2.85 sec)
Records: 739  Duplicates: 0  Warnings: 0

+------------------------+
| rep_cccallreportbefore |
+------------------------+
|                1349168 |
+------------------------+
1 row in set (0.35 sec)

Query OK, 739 rows affected (0.18 sec)
Records: 739  Duplicates: 0  Warnings: 0

+-----------------------+
| rep_cccallreportafter |
+-----------------------+
|               1349907 |
+-----------------------+
1 row in set (0.35 sec)

Query OK, 0 rows affected (0.01 sec)

mysql> mysql \. C:\workspace\cloud\code\sql\_DailyScript\currenttime.sql
+---------------------+
| currenttime         |
+---------------------+
| 2022-01-04 13:29:11 |
+---------------------+
1 row in set (0.00 sec)

mysql> 
mysql> mysql \. C:\workspace\cloud\code\sql\_DailyScript\DAILY-SCRIPT-USAGE.sql
Database changed
Query OK, 0 rows affected (0.00 sec)

Query OK, 3825 rows affected, 11099 warnings (0.72 sec)
Records: 3825  Deleted: 0  Skipped: 0  Warnings: 11099

Query OK, 0 rows affected (0.00 sec)

Query OK, 6151 rows affected, 17759 warnings (0.77 sec)
Records: 6151  Deleted: 0  Skipped: 0  Warnings: 17759

Query OK, 0 rows affected (0.00 sec)

Query OK, 407 rows affected, 1409 warnings (0.06 sec)
Records: 407  Deleted: 0  Skipped: 0  Warnings: 1409

Query OK, 0 rows affected (0.00 sec)

Query OK, 116 rows affected, 388 warnings (0.03 sec)
Records: 116  Deleted: 0  Skipped: 0  Warnings: 388

+------------+
| dailyusage |
+------------+
|   20172062 |
+------------+
1 row in set (7.90 sec)

+------------+------------+------------+---------+
| datestart  | dateend    | insertedon | records |
+------------+------------+------------+---------+
| 2022-01-02 | 2022-01-02 | 2022-01-04 |   10499 |
| 2022-01-01 | 2022-01-01 | 2022-01-04 |   10914 |
| 2021-12-31 | 2021-12-31 | 2022-01-04 |   10988 |
| 2021-12-30 | 2021-12-30 | 2021-12-31 |   10973 |
| 2021-12-29 | 2021-12-29 | 2021-12-30 |   11221 |
+------------+------------+------------+---------+
5 rows in set (24.45 sec)

+----------+------------+------------+------------+---------+
| category | datestart  | dateend    | insertedon | records |
+----------+------------+------------+------------+---------+
| UNCAPPED | 2022-01-02 | 2022-01-02 | 2022-01-04 |    6151 |
| PREPAID  | 2022-01-02 | 2022-01-02 | 2022-01-04 |     407 |
| HOTSPOT  | 2022-01-02 | 2022-01-02 | 2022-01-04 |     116 |
| CAPPED   | 2022-01-02 | 2022-01-02 | 2022-01-04 |    3825 |
| UNCAPPED | 2022-01-01 | 2022-01-01 | 2022-01-04 |    6277 |
| PREPAID  | 2022-01-01 | 2022-01-01 | 2022-01-04 |     493 |
| HOTSPOT  | 2022-01-01 | 2022-01-01 | 2022-01-04 |     148 |
| CAPPED   | 2022-01-01 | 2022-01-01 | 2022-01-04 |    3996 |
| UNCAPPED | 2021-12-31 | 2021-12-31 | 2022-01-04 |    6501 |
| PREPAID  | 2021-12-31 | 2021-12-31 | 2022-01-04 |     342 |
| HOTSPOT  | 2021-12-31 | 2021-12-31 | 2022-01-04 |     176 |
| CAPPED   | 2021-12-31 | 2021-12-31 | 2022-01-04 |    3969 |
| UNCAPPED | 2021-12-30 | 2021-12-30 | 2021-12-31 |    6368 |
| PREPAID  | 2021-12-30 | 2021-12-30 | 2021-12-31 |     357 |
| HOTSPOT  | 2021-12-30 | 2021-12-30 | 2021-12-31 |     214 |
| CAPPED   | 2021-12-30 | 2021-12-30 | 2021-12-31 |    4034 |
| UNCAPPED | 2021-12-29 | 2021-12-29 | 2021-12-30 |    6605 |
| PREPAID  | 2021-12-29 | 2021-12-29 | 2021-12-30 |     346 |
| HOTSPOT  | 2021-12-29 | 2021-12-29 | 2021-12-30 |     213 |
| CAPPED   | 2021-12-29 | 2021-12-29 | 2021-12-30 |    4057 |
+----------+------------+------------+------------+---------+
20 rows in set (29.56 sec)

mysql> mysql \. C:\workspace\cloud\code\sql\_DailyScript\currenttime.sql
+---------------------+
| currenttime         |
+---------------------+
| 2022-01-04 13:30:15 |
+---------------------+
1 row in set (0.00 sec)

mysql> 
mysql> mysql \. C:\workspace\cloud\code\sql\_DailyScript\DAILY-SCRIPT-SALES-TELEMETRY.sql
Database changed
Query OK, 30 rows affected, 44 warnings (0.05 sec)
Records: 30  Deleted: 0  Skipped: 0  Warnings: 44

+------------+
| dailysales |
+------------+
|     246344 |
+------------+
1 row in set (0.24 sec)

+------------+---------+
| orderdate  | records |
+------------+---------+
| 2022-01-02 |      30 |
| 2022-01-01 |      12 |
| 2021-12-31 |     147 |
| 2021-12-30 |     188 |
| 2021-12-29 |     193 |
| 2021-12-28 |     206 |
| 2021-12-27 |     280 |
| 2021-12-26 |      18 |
| 2021-12-25 |       8 |
| 2021-12-24 |     107 |
| 2021-12-23 |     153 |
| 2021-12-22 |     195 |
| 2021-12-21 |     157 |
| 2021-12-20 |     206 |
| 2021-12-19 |      36 |
+------------+---------+
15 rows in set (0.54 sec)

Query OK, 0 rows affected (0.01 sec)

Query OK, 246344 rows affected (21.88 sec)
Records: 246344  Duplicates: 0  Warnings: 0

+--------+
| sales  |
+--------+
| 246344 |
+--------+
1 row in set (0.07 sec)

Query OK, 0 rows affected (0.01 sec)

Query OK, 6375 rows affected (0.44 sec)
Records: 6375  Duplicates: 0  Warnings: 0

+----------------+
| rep_dailysales |
+----------------+
|           6375 |
+----------------+
1 row in set (0.00 sec)

Query OK, 0 rows affected (0.01 sec)

Query OK, 6375 rows affected (0.80 sec)
Records: 6375  Duplicates: 0  Warnings: 0

+-------------------+
| rep_dailysalesreg |
+-------------------+
|              6375 |
+-------------------+
1 row in set (0.00 sec)

Query OK, 0 rows affected (0.01 sec)

Query OK, 2431 rows affected (0.77 sec)
Records: 2431  Duplicates: 0  Warnings: 0

+-----------+
| saleslist |
+-----------+
|      2431 |
+-----------+
1 row in set (0.00 sec)

Database changed
ERROR 2 (HY000): File 'C:\ProgramData\MySQL\MySQL Server 5.7\Uploads\_csv\PrepaidCardSales-02012022-P1.csv' not found (Errcode: 2 - No such file or directory)
+------------------+
| dailysinglesales |
+------------------+
|             6655 |
+------------------+
1 row in set (0.01 sec)

Database changed
Query OK, 3 rows affected (0.04 sec)
Records: 3  Deleted: 0  Skipped: 0  Warnings: 0

+-----------------+
| dailyaddonsales |
+-----------------+
|           26345 |
+-----------------+
1 row in set (0.04 sec)

Query OK, 339 rows affected (0.09 sec)
Records: 339  Deleted: 0  Skipped: 0  Warnings: 0

+----------------+
| onlinepayments |
+----------------+
|         254471 |
+----------------+
1 row in set (0.14 sec)

+-------------+----------------+---------------------+
| paymentdate | onlinepayments | onlinepaymentamount |
+-------------+----------------+---------------------+
| 2022-01-02  |            339 |        220543.40000 |
| 2022-01-01  |            366 |        273123.82000 |
| 2021-12-31  |            311 |        208087.60000 |
| 2021-12-30  |            319 |        208581.75000 |
| 2021-12-29  |            277 |        178976.20000 |
+-------------+----------------+---------------------+
5 rows in set (0.78 sec)

+-------------+--------------+----------------+---------------------+
| paymentyear | paymentmonth | onlinepayments | onlinepaymentamount |
+-------------+--------------+----------------+---------------------+
|        2022 |            1 |            705 |        493667.22000 |
|        2022 |         NULL |            705 |        493667.22000 |
|        2021 |           12 |           8988 |       5882874.20000 |
|        2021 |           11 |           8553 |       5661260.44000 |
|        2021 |           10 |           8715 |       5741511.04000 |
+-------------+--------------+----------------+---------------------+
5 rows in set (0.26 sec)

mysql> mysql \. C:\workspace\cloud\code\sql\_DailyScript\currenttime.sql
+---------------------+
| currenttime         |
+---------------------+
| 2022-01-04 13:30:41 |
+---------------------+
1 row in set (0.00 sec)

mysql> 
mysql> mysql \. C:\workspace\cloud\code\sql\_DailyScript\DAILY-SCRIPT-ACTIVENUMBERS.sql
Database changed
Query OK, 1083 rows affected (0.48 sec)
Records: 1083  Deleted: 0  Skipped: 0  Warnings: 0

+------------+----------+
| period     | count(1) |
+------------+----------+
| 2022-01-02 |     1083 |
| 2022-01-01 |     1083 |
| 2021-12-31 |     1082 |
| 2021-12-30 |     1083 |
| 2021-12-29 |     1085 |
+------------+----------+
5 rows in set (0.01 sec)

Query OK, 0 rows affected (0.01 sec)

Query OK, 75 rows affected (1.40 sec)
Records: 75  Duplicates: 0  Warnings: 0

+-------------+
| packagelist |
+-------------+
|          75 |
+-------------+
1 row in set (0.00 sec)

Database changed
Query OK, 0 rows affected (0.00 sec)

Query OK, 0 rows affected (0.00 sec)

Query OK, 0 rows affected (0.00 sec)

Query OK, 0 rows affected (0.00 sec)

Query OK, 28699 rows affected, 207 warnings (12.84 sec)
Records: 28699  Deleted: 0  Skipped: 0  Warnings: 207

+------------+----------+
| period     | count(1) |
+------------+----------+
| 2022-01-02 |    28699 |
| 2022-01-01 |    28969 |
| 2021-12-31 |    29250 |
| 2021-12-30 |    29050 |
| 2021-12-29 |    29050 |
+------------+----------+
5 rows in set (0.14 sec)

Query OK, 0 rows affected (0.01 sec)

Query OK, 28140 rows affected (54.85 sec)
Records: 28140  Duplicates: 0  Warnings: 0

Query OK, 0 rows affected (0.12 sec)
Records: 0  Duplicates: 0  Warnings: 0

Query OK, 0 rows affected (0.16 sec)
Records: 0  Duplicates: 0  Warnings: 0

Query OK, 0 rows affected (0.11 sec)
Records: 0  Duplicates: 0  Warnings: 0

Query OK, 0 rows affected (0.09 sec)
Records: 0  Duplicates: 0  Warnings: 0

Query OK, 0 rows affected (0.08 sec)
Records: 0  Duplicates: 0  Warnings: 0

Query OK, 0 rows affected (0.08 sec)
Records: 0  Duplicates: 0  Warnings: 0

+-------------+
| countbefore |
+-------------+
|    52417946 |
+-------------+
1 row in set (16.08 sec)

Query OK, 28140 rows affected (2.29 sec)
Records: 28140  Duplicates: 0  Warnings: 0

+------------+
| countafter |
+------------+
|   52446086 |
+------------+
1 row in set (16.78 sec)

+------------+--------------------------+
| period     | customercontractactivity |
+------------+--------------------------+
| 2022-01-02 |                    28140 |
| 2022-01-01 |                    28410 |
| 2021-12-31 |                    28691 |
| 2021-12-30 |                    28491 |
| 2021-12-29 |                    28491 |
+------------+--------------------------+
5 rows in set (0.06 sec)

Query OK, 0 rows affected (0.02 sec)

Query OK, 327998 rows affected, 4 warnings (10 min 26.33 sec)
Records: 327998  Duplicates: 0  Warnings: 4

Query OK, 0 rows affected (1.12 sec)
Records: 0  Duplicates: 0  Warnings: 0

Query OK, 0 rows affected (1.31 sec)
Records: 0  Duplicates: 0  Warnings: 0

Query OK, 0 rows affected (1.29 sec)
Records: 0  Duplicates: 0  Warnings: 0

Query OK, 0 rows affected (0.01 sec)

Query OK, 224 rows affected (0.55 sec)
Records: 224  Duplicates: 0  Warnings: 0

Query OK, 0 rows affected (0.01 sec)

Query OK, 2586 rows affected (0.72 sec)
Records: 2586  Duplicates: 0  Warnings: 0

Query OK, 0 rows affected (0.01 sec)

Query OK, 28118 rows affected (0.67 sec)
Records: 28118  Duplicates: 0  Warnings: 0

Query OK, 0 rows affected (0.01 sec)

Query OK, 16823 rows affected (0.41 sec)
Records: 16823  Duplicates: 0  Warnings: 0

Query OK, 0 rows affected (0.00 sec)

Query OK, 16823 rows affected (0.13 sec)
Records: 16823  Duplicates: 0  Warnings: 0

Query OK, 0 rows affected (0.01 sec)

Query OK, 16823 rows affected (1.31 sec)
Records: 16823  Duplicates: 0  Warnings: 0

Query OK, 0 rows affected (0.01 sec)

Query OK, 16823 rows affected (42.65 sec)
Records: 16823  Duplicates: 0  Warnings: 0

+-------------+
| clientstats |
+-------------+
|       16823 |
+-------------+
1 row in set (0.01 sec)

Query OK, 0 rows affected (0.00 sec)

Query OK, 14 rows affected, 1 warning (0.11 sec)
Records: 14  Duplicates: 0  Warnings: 1

+-----------------------+-------------+-------------+----------------+-----------------+
| services              | activecount | allaccounts | uniqueaccounts | uniquecontracts |
+-----------------------+-------------+-------------+----------------+-----------------+
| All                   |         442 |          73 |             73 |             235 |
| Internet & OTT        |           6 |           3 |              3 |               3 |
| Internet & Voice      |         300 |         130 |            130 |             255 |
| Internet Only         |        4319 |        4221 |           4217 |            4258 |
| OTT Only              |           3 |           3 |              3 |               3 |
| TV & Internet         |        9708 |        4332 |           4323 |            8842 |
| TV & Internet & OTT   |        4742 |        1242 |           1239 |            2583 |
| TV & Internet & Voice |         524 |         147 |            147 |             454 |
| TV & OTT              |         353 |          91 |             89 |             105 |
| TV & Voice            |          89 |          39 |             39 |              80 |
| TV & Voice & OTT      |           7 |           1 |              1 |               2 |
| TV Only               |        8200 |        6431 |           6422 |            6629 |
| Voice Only            |         111 |         110 |            110 |             111 |
| GRAND TOTAL           |       28804 |       16823 |          16751 |           23560 |
+-----------------------+-------------+-------------+----------------+-----------------+
14 rows in set (0.00 sec)

+-------------+-------------+-------------+----------------+-----------------+
| network     | activecount | allaccounts | uniqueaccounts | uniquecontracts |
+-------------+-------------+-------------+----------------+-----------------+
| GPON        |       14224 |        6974 |           6971 |           11093 |
| HFC         |       14580 |        9849 |           9849 |           12467 |
| GRAND TOTAL |       28804 |       16823 |          16751 |           23560 |
+-------------+-------------+-------------+----------------+-----------------+
3 rows in set, 1 warning (0.16 sec)

+-------------+-----------------------+-------------+-------------+----------------+-----------------+
| network     | services              | activecount | allaccounts | uniqueaccounts | uniquecontracts |
+-------------+-----------------------+-------------+-------------+----------------+-----------------+
| GPON        | All                   |         346 |          60 |             60 |             192 |
| GPON        | Internet & OTT        |           2 |           1 |              1 |               1 |
| GPON        | Internet & Voice      |          81 |          33 |             33 |              70 |
| GPON        | Internet Only         |        1701 |        1620 |           1620 |            1641 |
| GPON        | OTT Only              |           2 |           2 |              2 |               2 |
| GPON        | TV & Internet         |        5558 |        2434 |           2434 |            4996 |
| GPON        | TV & Internet & OTT   |        3796 |         985 |            985 |            2059 |
| GPON        | TV & Internet & Voice |         298 |          78 |             78 |             244 |
| GPON        | TV & OTT              |         224 |          69 |             69 |              78 |
| GPON        | TV & Voice            |          54 |          24 |             24 |              50 |
| GPON        | TV & Voice & OTT      |           7 |           1 |              1 |               2 |
| GPON        | TV Only               |        2141 |        1654 |           1654 |            1744 |
| GPON        | Voice Only            |          14 |          13 |             13 |              14 |
| GPON        | Services Total        |       14224 |        6974 |           6971 |           11093 |
| HFC         | All                   |          96 |          13 |             13 |              43 |
| HFC         | Internet & OTT        |           4 |           2 |              2 |               2 |
| HFC         | Internet & Voice      |         219 |          97 |             97 |             185 |
| HFC         | Internet Only         |        2618 |        2601 |           2601 |            2617 |
| HFC         | OTT Only              |           1 |           1 |              1 |               1 |
| HFC         | TV & Internet         |        4150 |        1898 |           1898 |            3846 |
| HFC         | TV & Internet & OTT   |         946 |         257 |            257 |             524 |
| HFC         | TV & Internet & Voice |         226 |          69 |             69 |             210 |
| HFC         | TV & OTT              |         129 |          22 |             22 |              27 |
| HFC         | TV & Voice            |          35 |          15 |             15 |              30 |
| HFC         | TV Only               |        6059 |        4777 |           4777 |            4885 |
| HFC         | Voice Only            |          97 |          97 |             97 |              97 |
| HFC         | Services Total        |       14580 |        9849 |           9849 |           12467 |
| GRAND TOTAL | Services Total        |       28804 |       16823 |          16751 |           23560 |
+-------------+-----------------------+-------------+-------------+----------------+-----------------+
28 rows in set, 2 warnings (0.15 sec)

Query OK, 0 rows affected (0.01 sec)

Query OK, 45 rows affected, 3 warnings (0.21 sec)
Records: 45  Duplicates: 0  Warnings: 3

+-------------+---------------+-----------------------+-------------+-------------+----------------+-----------------+
| region      | network       | services              | activecount | allaccounts | uniqueaccounts | uniquecontracts |
+-------------+---------------+-----------------------+-------------+-------------+----------------+-----------------+
| Eden Island | GPON          | TV & Internet         |           2 |           1 |              1 |               2 |
| Eden Island | GPON          | Services Total        |           2 |           1 |              1 |               2 |
| Eden Island | Network Total | Services Total        |           2 |           1 |              1 |               2 |
| Mahe        | GPON          | All                   |         305 |          53 |             53 |             169 |
| Mahe        | GPON          | Internet & OTT        |           2 |           1 |              1 |               1 |
| Mahe        | GPON          | Internet & Voice      |          75 |          30 |             30 |              64 |
| Mahe        | GPON          | Internet Only         |        1452 |        1371 |           1371 |            1392 |
| Mahe        | GPON          | OTT Only              |           1 |           1 |              1 |               1 |
| Mahe        | GPON          | TV & Internet         |        4805 |        2101 |           2101 |            4309 |
| Mahe        | GPON          | TV & Internet & OTT   |        3159 |         798 |            798 |            1675 |
| Mahe        | GPON          | TV & Internet & Voice |         277 |          72 |             72 |             223 |
| Mahe        | GPON          | TV & OTT              |         202 |          59 |             59 |              67 |
| Mahe        | GPON          | TV & Voice            |          54 |          24 |             24 |              50 |
| Mahe        | GPON          | TV & Voice & OTT      |           7 |           1 |              1 |               2 |
| Mahe        | GPON          | TV Only               |        1802 |        1392 |           1392 |            1468 |
| Mahe        | GPON          | Voice Only            |          14 |          13 |             13 |              14 |
| Mahe        | GPON          | Services Total        |       12155 |        5916 |           5916 |            9435 |
| Mahe        | HFC           | All                   |          96 |          13 |             13 |              43 |
| Mahe        | HFC           | Internet & OTT        |           4 |           2 |              2 |               2 |
| Mahe        | HFC           | Internet & Voice      |         219 |          97 |             97 |             185 |
| Mahe        | HFC           | Internet Only         |        2618 |        2601 |           2601 |            2617 |
| Mahe        | HFC           | OTT Only              |           1 |           1 |              1 |               1 |
| Mahe        | HFC           | TV & Internet         |        4150 |        1898 |           1898 |            3846 |
| Mahe        | HFC           | TV & Internet & OTT   |         946 |         257 |            257 |             524 |
| Mahe        | HFC           | TV & Internet & Voice |         226 |          69 |             69 |             210 |
| Mahe        | HFC           | TV & OTT              |         129 |          22 |             22 |              27 |
| Mahe        | HFC           | TV & Voice            |          35 |          15 |             15 |              30 |
| Mahe        | HFC           | TV Only               |        6058 |        4776 |           4776 |            4884 |
| Mahe        | HFC           | Voice Only            |          97 |          97 |             97 |              97 |
| Mahe        | HFC           | Services Total        |       14579 |        9848 |           9848 |           12466 |
| Mahe        | Network Total | Services Total        |       26734 |       15764 |          15695 |           21901 |
| Praslin     | GPON          | All                   |          41 |           7 |              7 |              23 |
| Praslin     | GPON          | Internet & Voice      |           6 |           3 |              3 |               6 |
| Praslin     | GPON          | Internet Only         |         249 |         249 |            249 |             249 |
| Praslin     | GPON          | OTT Only              |           1 |           1 |              1 |               1 |
| Praslin     | GPON          | TV & Internet         |         751 |         332 |            332 |             685 |
| Praslin     | GPON          | TV & Internet & OTT   |         637 |         187 |            187 |             384 |
| Praslin     | GPON          | TV & Internet & Voice |          21 |           6 |              6 |              21 |
| Praslin     | GPON          | TV & OTT              |          22 |          10 |             10 |              11 |
| Praslin     | GPON          | TV Only               |         339 |         262 |            262 |             276 |
| Praslin     | GPON          | Services Total        |        2067 |        1057 |           1057 |            1656 |
| Praslin     | HFC           | TV Only               |           1 |           1 |              1 |               1 |
| Praslin     | HFC           | Services Total        |           1 |           1 |              1 |               1 |
| Praslin     | Network Total | Services Total        |        2068 |        1058 |           1058 |            1657 |
| GRAND TOTAL | Network Total | Services Total        |       28804 |       16823 |          16751 |           23560 |
+-------------+---------------+-----------------------+-------------+-------------+----------------+-----------------+
45 rows in set (0.00 sec)

Query OK, 0 rows affected (0.01 sec)

Query OK, 28119 rows affected (0.45 sec)
Records: 28119  Duplicates: 0  Warnings: 0

Query OK, 0 rows affected (0.01 sec)

Query OK, 2368 rows affected (1.36 sec)
Records: 2368  Duplicates: 0  Warnings: 0

+--------------------------------------+
| message                              |
+--------------------------------------+
| running rcbill_my.sp_ActiveNumber2() |
+--------------------------------------+
1 row in set (0.00 sec)

Query OK, 365 rows affected (2 min 20.38 sec)

mysql> mysql \. C:\workspace\cloud\code\sql\_DailyScript\currenttime.sql
+---------------------+
| currenttime         |
+---------------------+
| 2022-01-04 13:46:06 |
+---------------------+
1 row in set (0.00 sec)

mysql> 
mysql> mysql \. C:\workspace\cloud\code\sql\_DailyScript\GetActiveNumbers Average -Pivot.sql
Database changed
+-------------------------------------+
| @today := subdate(current_date(),1) |
+-------------------------------------+
| 2022-01-03                          |
+-------------------------------------+
1 row in set (0.00 sec)

+-------------------------------------+
| @lastdayofmonth := last_day(@today) |
+-------------------------------------+
| 2022-01-31                          |
+-------------------------------------+
1 row in set (0.00 sec)

Query OK, 0 rows affected (0.01 sec)

Query OK, 53249 rows affected, 65535 warnings (1 min 7.79 sec)
Records: 53249  Duplicates: 0  Warnings: 108522

Query OK, 0 rows affected (0.12 sec)
Records: 0  Duplicates: 0  Warnings: 0

Query OK, 0 rows affected (0.17 sec)
Records: 0  Duplicates: 0  Warnings: 0

Query OK, 0 rows affected (0.13 sec)
Records: 0  Duplicates: 0  Warnings: 0

+-----------------+
| activenumberavg |
+-----------------+
|           53249 |
+-----------------+
1 row in set (0.01 sec)

Query OK, 0 rows affected (0.01 sec)

Query OK, 2006 rows affected (0.63 sec)
Records: 2006  Duplicates: 0  Warnings: 0

+---------------------+
| rep_activenumberavg |
+---------------------+
|                2006 |
+---------------------+
1 row in set (0.00 sec)

+----------------------+
| rep_activenumberavg1 |
+----------------------+
|                  932 |
+----------------------+
1 row in set (0.00 sec)

Query OK, 0 rows affected (0.00 sec)

Query OK, 2827 rows affected (0.50 sec)
Records: 2827  Duplicates: 0  Warnings: 0

Query OK, 0 rows affected (0.00 sec)

Query OK, 14654 rows affected (0.96 sec)
Records: 14654  Duplicates: 0  Warnings: 0

Query OK, 0 rows affected (0.01 sec)

Query OK, 254 rows affected (0.31 sec)
Records: 254  Duplicates: 0  Warnings: 0

Query OK, 0 rows affected (0.00 sec)

Query OK, 0 rows affected (0.00 sec)

Query OK, 0 rows affected (0.01 sec)

Query OK, 0 rows affected (0.00 sec)

Query OK, 0 rows affected (0.00 sec)
Statement prepared

Query OK, 53 rows affected (0.06 sec)
Records: 53  Duplicates: 0  Warnings: 0

Query OK, 0 rows affected (0.00 sec)

Query OK, 0 rows affected (0.00 sec)

+----------------------+
| rep_activenumberavg2 |
+----------------------+
|                 2827 |
+----------------------+
1 row in set (0.00 sec)

+------------------------+
| rep_activenumberavg_pv |
+------------------------+
|                     53 |
+------------------------+
1 row in set (0.00 sec)

Query OK, 0 rows affected (0.01 sec)

Query OK, 2824 rows affected (0.43 sec)
Records: 2824  Duplicates: 0  Warnings: 0

Query OK, 0 rows affected (0.00 sec)

Query OK, 0 rows affected (0.01 sec)

Query OK, 0 rows affected (0.00 sec)

Query OK, 0 rows affected (0.00 sec)

Query OK, 0 rows affected (0.00 sec)
Statement prepared

Query OK, 53 rows affected (0.06 sec)
Records: 53  Duplicates: 0  Warnings: 0

Query OK, 0 rows affected (0.00 sec)

Query OK, 0 rows affected (0.00 sec)

+-------------------------+
| rep_activenumberavgMahe |
+-------------------------+
|                    2824 |
+-------------------------+
1 row in set (0.00 sec)

+----------------------------+
| rep_activenumberavgMahe_pv |
+----------------------------+
|                         53 |
+----------------------------+
1 row in set (0.00 sec)

Query OK, 0 rows affected (0.00 sec)

Query OK, 1787 rows affected (0.19 sec)
Records: 1787  Duplicates: 0  Warnings: 0

Query OK, 0 rows affected (0.00 sec)

Query OK, 0 rows affected (0.00 sec)

Query OK, 0 rows affected (0.00 sec)

Query OK, 0 rows affected (0.00 sec)

Query OK, 0 rows affected (0.00 sec)
Statement prepared

Query OK, 40 rows affected (0.04 sec)
Records: 40  Duplicates: 0  Warnings: 0

Query OK, 0 rows affected (0.00 sec)

Query OK, 0 rows affected (0.00 sec)

+----------------------------+
| rep_activenumberavgPraslin |
+----------------------------+
|                       1787 |
+----------------------------+
1 row in set (0.00 sec)

+-------------------------------+
| rep_activenumberavgPraslin_pv |
+-------------------------------+
|                            40 |
+-------------------------------+
1 row in set (0.00 sec)

mysql> mysql \. C:\workspace\cloud\code\sql\_DailyScript\currenttime.sql
+---------------------+
| currenttime         |
+---------------------+
| 2022-01-04 13:47:18 |
+---------------------+
1 row in set (0.00 sec)

mysql> 
mysql> mysql \. C:\workspace\cloud\code\sql\Analysis\clients_contracts_creditpolicy_2.sql
Database changed
Query OK, 0 rows affected (0.00 sec)

Query OK, 1926445 rows affected (48.70 sec)
Records: 1926445  Duplicates: 0  Warnings: 0

Query OK, 0 rows affected (0.01 sec)

Query OK, 28140 rows affected (1.10 sec)
Records: 28140  Duplicates: 0  Warnings: 0

Query OK, 0 rows affected (0.03 sec)

Query OK, 28215 rows affected (15.15 sec)
Records: 28215  Duplicates: 0  Warnings: 0

+-------------------------+
| rep_cust_cont_creditpol |
+-------------------------+
|                   28215 |
+-------------------------+
1 row in set (0.01 sec)

mysql> mysql \. C:\workspace\cloud\code\sql\_DailyScript\currenttime.sql
+---------------------+
| currenttime         |
+---------------------+
| 2022-01-04 13:48:23 |
+---------------------+
1 row in set (0.00 sec)

mysql> 
mysql> 
mysql> 
mysql> 
mysql> 
mysql> 
mysql> 
mysql> 
mysql> 
mysql> 
mysql> 
mysql> 
mysql> 
mysql> 
mysql> 
mysql> 
mysql> 
mysql> 
mysql> 
mysql> 
mysql> 
mysql> 
mysql> 
mysql> 
mysql> 
mysql> 
mysql> 
mysql> 
mysql> 
mysql> 
mysql> 
mysql> exit
