    -> 
    -> mysql \. C:\workspace\cloud\code\sql\_DailyScript\_setdates.sql
Database changed
Query OK, 0 rows affected (0.00 sec)

Query OK, 0 rows affected (0.00 sec)

Query OK, 0 rows affected (0.00 sec)

Query OK, 0 rows affected (0.00 sec)

Query OK, 0 rows affected (0.00 sec)

Query OK, 0 rows affected (0.00 sec)

Query OK, 0 rows affected (0.00 sec)

Query OK, 0 rows affected (0.00 sec)

Query OK, 0 rows affected (0.00 sec)

Query OK, 0 rows affected (0.00 sec)

Query OK, 0 rows affected (0.00 sec)

Query OK, 0 rows affected (0.00 sec)

Query OK, 0 rows affected (0.00 sec)

Query OK, 0 rows affected (0.00 sec)

Query OK, 0 rows affected (0.00 sec)

Query OK, 0 rows affected (0.00 sec)

Query OK, 0 rows affected (0.00 sec)

Query OK, 0 rows affected (0.00 sec)

Query OK, 0 rows affected (0.00 sec)

Query OK, 0 rows affected (0.00 sec)

Query OK, 0 rows affected (0.00 sec)

mysql> mysql \. C:\workspace\cloud\code\sql\_DailyScript\currenttime.sql
+---------------------+
| currenttime         |
+---------------------+
| 2021-02-08 10:57:50 |
+---------------------+
1 row in set (0.00 sec)

mysql> 
mysql> mysql \. C:\workspace\cloud\code\sql\_DailyScript\load_RCB_VODTITLES.sql
Database changed
Query OK, 0 rows affected (0.00 sec)

Query OK, 13703 rows affected (0.15 sec)

Query OK, 13705 rows affected, 13705 warnings (0.31 sec)
Records: 13705  Deleted: 0  Skipped: 0  Warnings: 13705

Query OK, 0 rows affected (0.00 sec)

Query OK, 2 rows affected (0.02 sec)

+-----------+
| VODTITLES |
+-----------+
|     14163 |
+-----------+
1 row in set (0.01 sec)

+-----------+-----------+
| titletype | typecount |
+-----------+-----------+
| E         |     11468 |
| N         |       252 |
| T         |      1983 |
| NULL      |     13703 |
+-----------+-----------+
4 rows in set (0.04 sec)

mysql> mysql \. C:\workspace\cloud\code\sql\_DailyScript\currenttime.sql
+---------------------+
| currenttime         |
+---------------------+
| 2021-02-08 10:57:51 |
+---------------------+
1 row in set (0.00 sec)

mysql> 
mysql> mysql \. C:\workspace\cloud\code\sql\_DailyScript\DAILY-SCRIPT-LIVETV-STATS.sql
Database changed
Query OK, 0 rows affected (0.01 sec)

Query OK, 119775 rows affected (1.32 sec)
Records: 119775  Duplicates: 0  Warnings: 0

+------------+------------+----------+--------------+--------------+-----------+-------------+----------+--------+------+------------+---------+---------------+
| Table      | Non_unique | Key_name | Seq_in_index | Column_name  | Collation | Cardinality | Sub_part | Packed | Null | Index_type | Comment | Index_comment |
+------------+------------+----------+--------------+--------------+-----------+-------------+----------+--------+------+------------+---------+---------------+
| templivetv |          1 | idxtv1   |            1 | device       | A         |      120426 |     NULL | NULL   | YES  | BTREE      |         |               |
| templivetv |          1 | idxtv2   |            1 | sessionstart | A         |      120426 |     NULL | NULL   | YES  | BTREE      |         |               |
+------------+------------+----------+--------------+--------------+-----------+-------------+----------+--------+------+------------+---------+---------------+
2 rows in set (0.00 sec)

Query OK, 119578 rows affected (13.64 sec)
Records: 119578  Duplicates: 0  Warnings: 0

Query OK, 2646 rows affected (0.71 sec)
Records: 2646  Duplicates: 0  Warnings: 0

Query OK, 0 rows affected (0.00 sec)

Query OK, 0 rows affected (0.00 sec)

Query OK, 131 rows affected (0.05 sec)
Records: 131  Duplicates: 0  Warnings: 0

Query OK, 0 rows affected (0.00 sec)

Query OK, 53787 rows affected (3 min 7.94 sec)
Records: 53787  Duplicates: 0  Warnings: 0

+-----------------+
| rep_livetvstats |
+-----------------+
|           53787 |
+-----------------+
1 row in set (0.02 sec)

mysql> mysql \. C:\workspace\cloud\code\sql\_DailyScript\currenttime.sql
+---------------------+
| currenttime         |
+---------------------+
| 2021-02-08 11:01:14 |
+---------------------+
1 row in set (0.00 sec)

mysql> 
mysql> mysql \. C:\workspace\cloud\code\sql\_DailyScript\DAILY-SCRIPT-VODTS-STATS.sql
Database changed
Query OK, 0 rows affected (0.01 sec)

Query OK, 6123 rows affected (16.13 sec)
Records: 6123  Duplicates: 0  Warnings: 0

+---------+------------+----------+--------------+--------------+-----------+-------------+----------+--------+------+------------+---------+---------------+
| Table   | Non_unique | Key_name | Seq_in_index | Column_name  | Collation | Cardinality | Sub_part | Packed | Null | Index_type | Comment | Index_comment |
+---------+------------+----------+--------------+--------------+-----------+-------------+----------+--------+------+------------+---------+---------------+
| tempvod |          1 | idxtvod1 |            1 | device       | A         |        6280 |     NULL | NULL   | YES  | BTREE      |         |               |
| tempvod |          1 | idxtvod2 |            1 | sessionstart | A         |        6280 |     NULL | NULL   | YES  | BTREE      |         |               |
+---------+------------+----------+--------------+--------------+-----------+-------------+----------+--------+------+------------+---------+---------------+
2 rows in set (0.00 sec)

Query OK, 6122 rows affected (2.99 sec)
Records: 6122  Duplicates: 0  Warnings: 0

Query OK, 0 rows affected (0.01 sec)

Query OK, 1005915 rows affected (1 min 21.31 sec)
Records: 1005915  Duplicates: 0  Warnings: 0

+--------------+
| rep_vodstats |
+--------------+
|      1005915 |
+--------------+
1 row in set (0.29 sec)

Database changed
Query OK, 0 rows affected (0.01 sec)

Query OK, 21783 rows affected (39.51 sec)
Records: 21783  Duplicates: 0  Warnings: 0

+--------+------------+----------+--------------+--------------+-----------+-------------+----------+--------+------+------------+---------+---------------+
| Table  | Non_unique | Key_name | Seq_in_index | Column_name  | Collation | Cardinality | Sub_part | Packed | Null | Index_type | Comment | Index_comment |
+--------+------------+----------+--------------+--------------+-----------+-------------+----------+--------+------+------------+---------+---------------+
| tempts |          1 | idxtts1  |            1 | device       | A         |       21898 |     NULL | NULL   | YES  | BTREE      |         |               |
| tempts |          1 | idxtts2  |            1 | sessionstart | A         |       21898 |     NULL | NULL   | YES  | BTREE      |         |               |
+--------+------------+----------+--------------+--------------+-----------+-------------+----------+--------+------+------------+---------+---------------+
2 rows in set (0.00 sec)

Query OK, 21717 rows affected (13.04 sec)
Records: 21717  Duplicates: 0  Warnings: 0

Query OK, 0 rows affected (0.01 sec)

Query OK, 44129 rows affected (40.78 sec)
Records: 44129  Duplicates: 0  Warnings: 0

+-------------+
| rep_tsstats |
+-------------+
|       44129 |
+-------------+
1 row in set (0.01 sec)

mysql> mysql \. C:\workspace\cloud\code\sql\_DailyScript\currenttime.sql
+---------------------+
| currenttime         |
+---------------------+
| 2021-02-08 11:04:28 |
+---------------------+
1 row in set (0.00 sec)

mysql> 
mysql> mysql \. C:\workspace\cloud\code\sql\_DailyScript\DAILY-SCRIPT-RADIO-STATS.sql
Database changed
Query OK, 0 rows affected (0.01 sec)

Query OK, 358125 rows affected (3.99 sec)
Records: 358125  Duplicates: 0  Warnings: 0

+-----------+------------+----------+--------------+--------------+-----------+-------------+----------+--------+------+------------+---------+---------------+
| Table     | Non_unique | Key_name | Seq_in_index | Column_name  | Collation | Cardinality | Sub_part | Packed | Null | Index_type | Comment | Index_comment |
+-----------+------------+----------+--------------+--------------+-----------+-------------+----------+--------+------+------------+---------+---------------+
| tempradio |          1 | idxtrad1 |            1 | device       | A         |      357716 |     NULL | NULL   | YES  | BTREE      |         |               |
| tempradio |          1 | idxtrad2 |            1 | sessionstart | A         |      357716 |     NULL | NULL   | YES  | BTREE      |         |               |
+-----------+------------+----------+--------------+--------------+-----------+-------------+----------+--------+------+------------+---------+---------------+
2 rows in set (0.00 sec)

Query OK, 320 rows affected (1.40 sec)
Records: 320  Duplicates: 0  Warnings: 0

Query OK, 0 rows affected (0.01 sec)

Query OK, 5909 rows affected (0.48 sec)
Records: 5909  Duplicates: 0  Warnings: 0

+----------------+
| rep_radiostats |
+----------------+
|           5909 |
+----------------+
1 row in set (0.00 sec)

mysql> mysql \. C:\workspace\cloud\code\sql\_DailyScript\currenttime.sql
+---------------------+
| currenttime         |
+---------------------+
| 2021-02-08 11:04:34 |
+---------------------+
1 row in set (0.00 sec)

mysql> 
mysql> mysql \. C:\workspace\cloud\code\sql\_DailyScript\DAILY_SCRIPT_TELEMETRY_PIVOT_2021.sql
Query OK, 0 rows affected (0.01 sec)

Query OK, 140 rows affected (0.11 sec)
Records: 140  Duplicates: 0  Warnings: 0

Query OK, 0 rows affected (0.01 sec)

Query OK, 9796 rows affected (1.51 sec)
Records: 9796  Duplicates: 0  Warnings: 0

Query OK, 0 rows affected (0.01 sec)

Query OK, 5 rows affected (0.02 sec)
Records: 5  Duplicates: 0  Warnings: 0

Query OK, 0 rows affected (0.01 sec)

Query OK, 44 rows affected (0.05 sec)
Records: 44  Duplicates: 0  Warnings: 0

mysql> mysql \. C:\workspace\cloud\code\sql\_DailyScript\currenttime.sql
+---------------------+
| currenttime         |
+---------------------+
| 2021-02-08 11:04:36 |
+---------------------+
1 row in set (0.00 sec)

mysql> 
mysql> mysql \. C:\workspace\cloud\code\sql\_DailyScript\telemetry_livetv_ranking2021.sql
Query OK, 0 rows affected (0.00 sec)

Query OK, 140 rows affected (0.03 sec)
Records: 140  Duplicates: 0  Warnings: 0

mysql> mysql \. C:\workspace\cloud\code\sql\_DailyScript\currenttime.sql
+---------------------+
| currenttime         |
+---------------------+
| 2021-02-08 11:04:36 |
+---------------------+
1 row in set (0.00 sec)

mysql> 
mysql> mysql \. C:\workspace\cloud\code\sql\_DailyScript\telemetry_radio_ranking2021.sql
Query OK, 0 rows affected (0.00 sec)

Query OK, 5 rows affected (0.01 sec)
Records: 5  Duplicates: 0  Warnings: 0

mysql> mysql \. C:\workspace\cloud\code\sql\_DailyScript\currenttime.sql
+---------------------+
| currenttime         |
+---------------------+
| 2021-02-08 11:04:36 |
+---------------------+
1 row in set (0.00 sec)

mysql> 
mysql> mysql \. C:\workspace\cloud\code\sql\_DailyScript\telemetry_ts_ranking2021.sql
Query OK, 0 rows affected (0.00 sec)

Query OK, 44 rows affected (0.01 sec)
Records: 44  Duplicates: 0  Warnings: 0

mysql> mysql \. C:\workspace\cloud\code\sql\_DailyScript\currenttime.sql
+---------------------+
| currenttime         |
+---------------------+
| 2021-02-08 11:04:36 |
+---------------------+
1 row in set (0.00 sec)

mysql> 
mysql> mysql \. C:\workspace\cloud\code\sql\_DailyScript\telemetry_vod_ranking2021.sql
Query OK, 0 rows affected (0.00 sec)

Query OK, 9796 rows affected (0.40 sec)
Records: 9796  Duplicates: 0  Warnings: 0

mysql> mysql \. C:\workspace\cloud\code\sql\_DailyScript\currenttime.sql
+---------------------+
| currenttime         |
+---------------------+
| 2021-02-08 11:04:37 |
+---------------------+
1 row in set (0.00 sec)

mysql> 
mysql> mysql \. C:\workspace\cloud\code\sql\_DailyScript\telemetry_vod_ranking2021_1.sql
Query OK, 0 rows affected (0.01 sec)

Query OK, 9796 rows affected (0.22 sec)
Records: 9796  Duplicates: 0  Warnings: 0

mysql> mysql \. C:\workspace\cloud\code\sql\_DailyScript\currenttime.sql
+---------------------+
| currenttime         |
+---------------------+
| 2021-02-08 11:04:37 |
+---------------------+
1 row in set (0.02 sec)

mysql> 
mysql> mysql \. C:\workspace\cloud\code\sql\_DailyScript\telemetry_vod_ranking2021_2.sql
Query OK, 0 rows affected (0.01 sec)

Query OK, 9796 rows affected (0.20 sec)
Records: 9796  Duplicates: 0  Warnings: 0

mysql> mysql \. C:\workspace\cloud\code\sql\_DailyScript\currenttime.sql
+---------------------+
| currenttime         |
+---------------------+
| 2021-02-08 11:04:37 |
+---------------------+
1 row in set (0.00 sec)

mysql> 
mysql> 
mysql> 
mysql> 
mysql> mysql \. C:\workspace\cloud\code\sql\_DailyScript\ticket_analysis.sql
Database changed
Query OK, 0 rows affected (0.02 sec)

Query OK, 755265 rows affected (22.92 sec)
Records: 755265  Duplicates: 0  Warnings: 0

Query OK, 0 rows affected (4.51 sec)
Records: 0  Duplicates: 0  Warnings: 0

Query OK, 0 rows affected (2.07 sec)
Records: 0  Duplicates: 0  Warnings: 0

Query OK, 0 rows affected (2.03 sec)
Records: 0  Duplicates: 0  Warnings: 0

Query OK, 0 rows affected (0.01 sec)

Query OK, 23735 rows affected (12.91 sec)
Records: 23735  Duplicates: 0  Warnings: 0

Query OK, 0 rows affected, 1 warning (0.00 sec)

Query OK, 108564 rows affected (7.64 sec)
Records: 108564  Duplicates: 0  Warnings: 0

Query OK, 0 rows affected, 1 warning (0.00 sec)

Query OK, 553739 rows affected (14.91 sec)
Records: 553739  Duplicates: 0  Warnings: 0

Query OK, 0 rows affected, 1 warning (0.00 sec)

Query OK, 553739 rows affected (15.57 sec)
Records: 553739  Duplicates: 0  Warnings: 0

Query OK, 0 rows affected (0.01 sec)

Query OK, 108668 rows affected (5.77 sec)
Records: 108668  Duplicates: 0  Warnings: 0

Database changed
Query OK, 0 rows affected (0.00 sec)

Query OK, 0 rows affected (0.02 sec)

Query OK, 755265 rows affected (24.13 sec)
Records: 755265  Duplicates: 0  Warnings: 0

Query OK, 0 rows affected (0.01 sec)

Query OK, 384343 rows affected (17.54 sec)
Records: 384343  Duplicates: 0  Warnings: 0

+--------------------------+
| clientticket_cmmtjourney |
+--------------------------+
|                   755265 |
+--------------------------+
1 row in set (2.03 sec)

+---------------------------+
| clientticket_assgnjourney |
+---------------------------+
|                    384343 |
+---------------------------+
1 row in set (0.44 sec)

Query OK, 0 rows affected (0.01 sec)

Query OK, 73 rows affected (0.09 sec)
Records: 73  Duplicates: 0  Warnings: 0

mysql> mysql \. C:\workspace\cloud\code\sql\_DailyScript\currenttime.sql
+---------------------+
| currenttime         |
+---------------------+
| 2021-02-08 11:06:50 |
+---------------------+
1 row in set (0.00 sec)

mysql> 
mysql> mysql \. C:\workspace\cloud\code\sql\_DailyScript\load_DailyCalls.sql
Database changed
Query OK, 329 rows affected (0.11 sec)
Records: 329  Deleted: 0  Skipped: 0  Warnings: 0

Query OK, 0 rows affected, 1 warning (0.01 sec)

Query OK, 328 rows affected (0.02 sec)
Records: 328  Duplicates: 0  Warnings: 0

Query OK, 0 rows affected, 1 warning (0.00 sec)

Query OK, 68603 rows affected (0.31 sec)
Records: 68603  Duplicates: 0  Warnings: 0

+----------------------+
| callingclientsbefore |
+----------------------+
|              1113188 |
+----------------------+
1 row in set (0.43 sec)

Query OK, 438 rows affected (6.90 sec)
Records: 438  Duplicates: 0  Warnings: 0

+---------------------+
| callingclientsafter |
+---------------------+
|             1113626 |
+---------------------+
1 row in set (0.29 sec)

Query OK, 0 rows affected (0.01 sec)

Query OK, 208 rows affected (3.32 sec)
Records: 208  Duplicates: 0  Warnings: 0

Query OK, 0 rows affected (0.01 sec)

Query OK, 21902 rows affected (3.54 sec)
Records: 21902  Duplicates: 0  Warnings: 0

+-----------+
| callstats |
+-----------+
|     21902 |
+-----------+
1 row in set (0.01 sec)

Query OK, 0 rows affected, 1 warning (0.00 sec)

Query OK, 438 rows affected (1.97 sec)
Records: 438  Duplicates: 0  Warnings: 0

+------------------------+
| rep_cccallreportbefore |
+------------------------+
|                1114165 |
+------------------------+
1 row in set (0.39 sec)

Query OK, 438 rows affected (0.11 sec)
Records: 438  Duplicates: 0  Warnings: 0

+-----------------------+
| rep_cccallreportafter |
+-----------------------+
|               1114603 |
+-----------------------+
1 row in set (0.29 sec)

Query OK, 0 rows affected (0.01 sec)

mysql> mysql \. C:\workspace\cloud\code\sql\_DailyScript\currenttime.sql
+---------------------+
| currenttime         |
+---------------------+
| 2021-02-08 11:07:08 |
+---------------------+
1 row in set (0.00 sec)

mysql> 
mysql> mysql \. C:\workspace\cloud\code\sql\_DailyScript\DAILY-SCRIPT-USAGE.sql
Database changed
Query OK, 0 rows affected (0.00 sec)

Query OK, 4602 rows affected, 13338 warnings (0.69 sec)
Records: 4602  Deleted: 0  Skipped: 0  Warnings: 13338

Query OK, 0 rows affected (0.00 sec)

Query OK, 6665 rows affected, 19203 warnings (0.81 sec)
Records: 6665  Deleted: 0  Skipped: 0  Warnings: 19203

Query OK, 0 rows affected (0.00 sec)

Query OK, 318 rows affected, 1133 warnings (0.04 sec)
Records: 318  Deleted: 0  Skipped: 0  Warnings: 1133

Query OK, 0 rows affected (0.00 sec)

Query OK, 121 rows affected, 416 warnings (0.03 sec)
Records: 121  Deleted: 0  Skipped: 0  Warnings: 416

+------------+
| dailyusage |
+------------+
|   16462973 |
+------------+
1 row in set (6.32 sec)

+------------+------------+------------+---------+
| datestart  | dateend    | insertedon | records |
+------------+------------+------------+---------+
| 2021-02-07 | 2021-02-07 | 2021-02-08 |   11706 |
| 2021-02-06 | 2021-02-06 | 2021-02-08 |   11776 |
| 2021-02-05 | 2021-02-05 | 2021-02-08 |   11789 |
| 2021-02-04 | 2021-02-04 | 2021-02-05 |   11617 |
| 2021-02-03 | 2021-02-03 | 2021-02-04 |   10832 |
+------------+------------+------------+---------+
5 rows in set (23.90 sec)

+----------+------------+------------+------------+---------+
| category | datestart  | dateend    | insertedon | records |
+----------+------------+------------+------------+---------+
| UNCAPPED | 2021-02-07 | 2021-02-07 | 2021-02-08 |    6665 |
| PREPAID  | 2021-02-07 | 2021-02-07 | 2021-02-08 |     318 |
| HOTSPOT  | 2021-02-07 | 2021-02-07 | 2021-02-08 |     121 |
| CAPPED   | 2021-02-07 | 2021-02-07 | 2021-02-08 |    4602 |
| UNCAPPED | 2021-02-06 | 2021-02-06 | 2021-02-08 |    6734 |
| PREPAID  | 2021-02-06 | 2021-02-06 | 2021-02-08 |     308 |
| HOTSPOT  | 2021-02-06 | 2021-02-06 | 2021-02-08 |     128 |
| CAPPED   | 2021-02-06 | 2021-02-06 | 2021-02-08 |    4606 |
| UNCAPPED | 2021-02-05 | 2021-02-05 | 2021-02-08 |    6712 |
| PREPAID  | 2021-02-05 | 2021-02-05 | 2021-02-08 |     293 |
| HOTSPOT  | 2021-02-05 | 2021-02-05 | 2021-02-08 |     122 |
| CAPPED   | 2021-02-05 | 2021-02-05 | 2021-02-08 |    4662 |
| UNCAPPED | 2021-02-04 | 2021-02-04 | 2021-02-05 |    6590 |
| PREPAID  | 2021-02-04 | 2021-02-04 | 2021-02-05 |     316 |
| HOTSPOT  | 2021-02-04 | 2021-02-04 | 2021-02-05 |     145 |
| CAPPED   | 2021-02-04 | 2021-02-04 | 2021-02-05 |    4566 |
| UNCAPPED | 2021-02-03 | 2021-02-03 | 2021-02-04 |    6113 |
| PREPAID  | 2021-02-03 | 2021-02-03 | 2021-02-04 |     280 |
| HOTSPOT  | 2021-02-03 | 2021-02-03 | 2021-02-04 |     120 |
| CAPPED   | 2021-02-03 | 2021-02-03 | 2021-02-04 |    4319 |
+----------+------------+------------+------------+---------+
20 rows in set (23.88 sec)

mysql> mysql \. C:\workspace\cloud\code\sql\_DailyScript\currenttime.sql
+---------------------+
| currenttime         |
+---------------------+
| 2021-02-08 11:08:03 |
+---------------------+
1 row in set (0.00 sec)

mysql> 
mysql> mysql \. C:\workspace\cloud\code\sql\_DailyScript\DAILY-SCRIPT-SALES-TELEMETRY.sql
Database changed
Query OK, 10 rows affected, 6 warnings (0.04 sec)
Records: 10  Deleted: 0  Skipped: 0  Warnings: 6

+------------+
| dailysales |
+------------+
|     222929 |
+------------+
1 row in set (0.17 sec)

Query OK, 0 rows affected (0.01 sec)

Query OK, 222929 rows affected (14.44 sec)
Records: 222929  Duplicates: 0  Warnings: 0

+--------+
| sales  |
+--------+
| 222929 |
+--------+
1 row in set (0.21 sec)

Query OK, 0 rows affected (0.01 sec)

Query OK, 3642 rows affected (0.37 sec)
Records: 3642  Duplicates: 0  Warnings: 0

+----------------+
| rep_dailysales |
+----------------+
|           3642 |
+----------------+
1 row in set (0.00 sec)

Query OK, 0 rows affected (0.00 sec)

Query OK, 3642 rows affected (0.56 sec)
Records: 3642  Duplicates: 0  Warnings: 0

+-------------------+
| rep_dailysalesreg |
+-------------------+
|              3642 |
+-------------------+
1 row in set (0.00 sec)

Query OK, 0 rows affected (0.00 sec)

Query OK, 2873 rows affected (0.74 sec)
Records: 2873  Duplicates: 0  Warnings: 0

+-----------+
| saleslist |
+-----------+
|      2873 |
+-----------+
1 row in set (0.00 sec)

Database changed
ERROR 2 (HY000): File 'C:\ProgramData\MySQL\MySQL Server 5.7\Uploads\_csv\PrepaidCardSales-07022021-P1.csv' not found (Errcode: 2 - No such file or directory)
+------------------+
| dailysinglesales |
+------------------+
|             6460 |
+------------------+
1 row in set (0.01 sec)

Database changed
Query OK, 11 rows affected (0.03 sec)
Records: 11  Deleted: 0  Skipped: 0  Warnings: 0

+-----------------+
| dailyaddonsales |
+-----------------+
|           22103 |
+-----------------+
1 row in set (0.03 sec)

Query OK, 238 rows affected (0.06 sec)
Records: 238  Deleted: 0  Skipped: 0  Warnings: 0

+----------------+
| onlinepayments |
+----------------+
|         158593 |
+----------------+
1 row in set (0.08 sec)

+-------------+----------------+---------------------+
| paymentdate | onlinepayments | onlinepaymentamount |
+-------------+----------------+---------------------+
| 2021-02-07  |            238 |        159113.24000 |
| 2021-02-06  |            294 |        187859.32000 |
| 2021-02-05  |            307 |        208899.96000 |
| 2021-02-04  |            339 |        211603.18000 |
| 2021-02-03  |            284 |        177726.92000 |
+-------------+----------------+---------------------+
5 rows in set (0.54 sec)

+-------------+--------------+----------------+---------------------+
| paymentyear | paymentmonth | onlinepayments | onlinepaymentamount |
+-------------+--------------+----------------+---------------------+
|        2021 |            2 |           2205 |       1431638.60000 |
|        2021 |            1 |           9124 |       5808374.04000 |
|        2021 |         NULL |          11329 |       7240012.64000 |
|        2020 |           12 |           7235 |       4780077.29000 |
|        2020 |           11 |           6424 |       4163507.90000 |
+-------------+--------------+----------------+---------------------+
5 rows in set (0.15 sec)

mysql> mysql \. C:\workspace\cloud\code\sql\_DailyScript\currenttime.sql
+---------------------+
| currenttime         |
+---------------------+
| 2021-02-08 11:08:21 |
+---------------------+
1 row in set (0.00 sec)

mysql> 
mysql> mysql \. C:\workspace\cloud\code\sql\_DailyScript\DAILY-SCRIPT-ACTIVENUMBERS.sql
Database changed
Query OK, 1153 rows affected (0.52 sec)
Records: 1153  Deleted: 0  Skipped: 0  Warnings: 0

+------------+----------+
| period     | count(1) |
+------------+----------+
| 2021-02-07 |     1153 |
| 2021-02-06 |     1153 |
| 2021-02-05 |     1154 |
| 2021-02-04 |     1153 |
| 2021-02-03 |     1151 |
+------------+----------+
5 rows in set (0.01 sec)

Query OK, 0 rows affected (0.00 sec)

Query OK, 78 rows affected (1.38 sec)
Records: 78  Duplicates: 0  Warnings: 0

+-------------+
| packagelist |
+-------------+
|          78 |
+-------------+
1 row in set (0.00 sec)

Database changed
Query OK, 0 rows affected (0.00 sec)

Query OK, 0 rows affected (0.00 sec)

Query OK, 0 rows affected (0.00 sec)

Query OK, 0 rows affected (0.00 sec)

Query OK, 28157 rows affected, 209 warnings (19.64 sec)
Records: 28157  Deleted: 0  Skipped: 0  Warnings: 209

+------------+----------+
| period     | count(1) |
+------------+----------+
| 2021-02-07 |    28157 |
| 2021-02-06 |    28344 |
| 2021-02-05 |    28337 |
| 2021-02-04 |    28352 |
| 2021-02-03 |    28430 |
+------------+----------+
5 rows in set (0.14 sec)

Query OK, 0 rows affected (0.01 sec)

Query OK, 27583 rows affected (48.44 sec)
Records: 27583  Duplicates: 0  Warnings: 0

Query OK, 0 rows affected (0.14 sec)
Records: 0  Duplicates: 0  Warnings: 0

Query OK, 0 rows affected (0.10 sec)
Records: 0  Duplicates: 0  Warnings: 0

Query OK, 0 rows affected (0.10 sec)
Records: 0  Duplicates: 0  Warnings: 0

Query OK, 0 rows affected (0.10 sec)
Records: 0  Duplicates: 0  Warnings: 0

Query OK, 0 rows affected (0.07 sec)
Records: 0  Duplicates: 0  Warnings: 0

Query OK, 0 rows affected (0.07 sec)
Records: 0  Duplicates: 0  Warnings: 0

+-------------+
| countbefore |
+-------------+
|    43136702 |
+-------------+
1 row in set (16.45 sec)

Query OK, 27583 rows affected (4.79 sec)
Records: 27583  Duplicates: 0  Warnings: 0

+------------+
| countafter |
+------------+
|   43164285 |
+------------+
1 row in set (14.13 sec)

+------------+--------------------------+
| period     | customercontractactivity |
+------------+--------------------------+
| 2021-02-07 |                    27583 |
| 2021-02-06 |                    27770 |
| 2021-02-05 |                    27763 |
| 2021-02-04 |                    27778 |
| 2021-02-03 |                    27856 |
+------------+--------------------------+
5 rows in set (0.06 sec)

Query OK, 0 rows affected (0.01 sec)

Query OK, 293126 rows affected (8 min 5.30 sec)
Records: 293126  Duplicates: 0  Warnings: 0

Query OK, 0 rows affected (1.08 sec)
Records: 0  Duplicates: 0  Warnings: 0

Query OK, 0 rows affected (1.10 sec)
Records: 0  Duplicates: 0  Warnings: 0

Query OK, 0 rows affected (1.11 sec)
Records: 0  Duplicates: 0  Warnings: 0

Query OK, 0 rows affected (0.01 sec)

Query OK, 233 rows affected (0.43 sec)
Records: 233  Duplicates: 0  Warnings: 0

Query OK, 0 rows affected (0.01 sec)

Query OK, 2645 rows affected (0.61 sec)
Records: 2645  Duplicates: 0  Warnings: 0

Query OK, 0 rows affected (0.01 sec)

Query OK, 27558 rows affected (0.55 sec)
Records: 27558  Duplicates: 0  Warnings: 0

Query OK, 0 rows affected (0.01 sec)

Query OK, 17111 rows affected (0.37 sec)
Records: 17111  Duplicates: 0  Warnings: 0

Query OK, 0 rows affected (0.01 sec)

Query OK, 17111 rows affected (0.12 sec)
Records: 17111  Duplicates: 0  Warnings: 0

Query OK, 0 rows affected (0.01 sec)

Query OK, 17111 rows affected (1.16 sec)
Records: 17111  Duplicates: 0  Warnings: 0

Query OK, 0 rows affected (0.02 sec)

Query OK, 17111 rows affected (43.25 sec)
Records: 17111  Duplicates: 0  Warnings: 0

+-------------+
| clientstats |
+-------------+
|       17111 |
+-------------+
1 row in set (0.01 sec)

Query OK, 0 rows affected (0.00 sec)

Query OK, 15 rows affected, 1 warning (0.10 sec)
Records: 15  Duplicates: 0  Warnings: 1

+------------------------+-------------+-------------+----------------+-----------------+
| services               | activecount | allaccounts | uniqueaccounts | uniquecontracts |
+------------------------+-------------+-------------+----------------+-----------------+
| All                    |         358 |          60 |             60 |             191 |
| Internet & OTT         |           4 |           2 |              2 |               2 |
| Internet & Voice       |         357 |         160 |            160 |             313 |
| Internet & Voice & OTT |           3 |           1 |              1 |               3 |
| Internet Only          |        4316 |        4200 |           4193 |            4243 |
| OTT Only               |           1 |           1 |              1 |               1 |
| TV & Internet          |        9759 |        4404 |           4397 |            8970 |
| TV & Internet & OTT    |        3334 |         851 |            849 |            1768 |
| TV & Internet & Voice  |         527 |         153 |            153 |             469 |
| TV & OTT               |         531 |          78 |             77 |              97 |
| TV & Voice             |          89 |          38 |             38 |              80 |
| TV & Voice & OTT       |           3 |           1 |              1 |               2 |
| TV Only                |        8849 |        7023 |           7017 |            7203 |
| Voice Only             |         141 |         139 |            139 |             141 |
| GRAND TOTAL            |       28272 |       17111 |          17050 |           23483 |
+------------------------+-------------+-------------+----------------+-----------------+
15 rows in set (0.00 sec)

+-------------+-------------+-------------+----------------+-----------------+
| network     | activecount | allaccounts | uniqueaccounts | uniquecontracts |
+-------------+-------------+-------------+----------------+-----------------+
| GPON        |       10504 |        5259 |           5256 |            8300 |
| HFC         |       17768 |       11852 |          11852 |           15183 |
| GRAND TOTAL |       28272 |       17111 |          17050 |           23483 |
+-------------+-------------+-------------+----------------+-----------------+
3 rows in set, 1 warning (0.11 sec)

+-------------+------------------------+-------------+-------------+----------------+-----------------+
| network     | services               | activecount | allaccounts | uniqueaccounts | uniquecontracts |
+-------------+------------------------+-------------+-------------+----------------+-----------------+
| GPON        | All                    |         222 |          39 |             39 |             122 |
| GPON        | Internet & Voice       |          78 |          33 |             33 |              68 |
| GPON        | Internet & Voice & OTT |           3 |           1 |              1 |               3 |
| GPON        | Internet Only          |        1271 |        1175 |           1175 |            1201 |
| GPON        | TV & Internet          |        4465 |        1969 |           1969 |            4058 |
| GPON        | TV & Internet & OTT    |        2053 |         514 |            514 |            1076 |
| GPON        | TV & Internet & Voice  |         260 |          69 |             69 |             215 |
| GPON        | TV & OTT               |         289 |          43 |             43 |              50 |
| GPON        | TV & Voice             |          51 |          21 |             21 |              45 |
| GPON        | TV Only                |        1799 |        1383 |           1383 |            1449 |
| GPON        | Voice Only             |          13 |          12 |             12 |              13 |
| GPON        | Services Total         |       10504 |        5259 |           5256 |            8300 |
| HFC         | All                    |         136 |          21 |             21 |              69 |
| HFC         | Internet & OTT         |           4 |           2 |              2 |               2 |
| HFC         | Internet & Voice       |         279 |         127 |            127 |             245 |
| HFC         | Internet Only          |        3045 |        3025 |           3025 |            3042 |
| HFC         | OTT Only               |           1 |           1 |              1 |               1 |
| HFC         | TV & Internet          |        5294 |        2435 |           2435 |            4912 |
| HFC         | TV & Internet & OTT    |        1281 |         337 |            337 |             692 |
| HFC         | TV & Internet & Voice  |         267 |          84 |             84 |             254 |
| HFC         | TV & OTT               |         242 |          35 |             35 |              47 |
| HFC         | TV & Voice             |          38 |          17 |             17 |              35 |
| HFC         | TV & Voice & OTT       |           3 |           1 |              1 |               2 |
| HFC         | TV Only                |        7050 |        5640 |           5640 |            5754 |
| HFC         | Voice Only             |         128 |         127 |            127 |             128 |
| HFC         | Services Total         |       17768 |       11852 |          11852 |           15183 |
| GRAND TOTAL | Services Total         |       28272 |       17111 |          17050 |           23483 |
+-------------+------------------------+-------------+-------------+----------------+-----------------+
27 rows in set, 2 warnings (0.12 sec)

Query OK, 0 rows affected (0.01 sec)

Query OK, 42 rows affected, 3 warnings (0.18 sec)
Records: 42  Duplicates: 0  Warnings: 3

+-------------+---------------+------------------------+-------------+-------------+----------------+-----------------+
| region      | network       | services               | activecount | allaccounts | uniqueaccounts | uniquecontracts |
+-------------+---------------+------------------------+-------------+-------------+----------------+-----------------+
| Mahe        | GPON          | All                    |         192 |          34 |             34 |             107 |
| Mahe        | GPON          | Internet & Voice       |          64 |          26 |             26 |              54 |
| Mahe        | GPON          | Internet & Voice & OTT |           3 |           1 |              1 |               3 |
| Mahe        | GPON          | Internet Only          |        1049 |         953 |            953 |             979 |
| Mahe        | GPON          | TV & Internet          |        3649 |        1605 |           1605 |            3303 |
| Mahe        | GPON          | TV & Internet & OTT    |        1653 |         401 |            401 |             844 |
| Mahe        | GPON          | TV & Internet & Voice  |         245 |          64 |             64 |             200 |
| Mahe        | GPON          | TV & OTT               |         258 |          33 |             33 |              40 |
| Mahe        | GPON          | TV & Voice             |          48 |          20 |             20 |              43 |
| Mahe        | GPON          | TV Only                |        1445 |        1101 |           1101 |            1151 |
| Mahe        | GPON          | Voice Only             |          13 |          12 |             12 |              13 |
| Mahe        | GPON          | Services Total         |        8619 |        4250 |           4250 |            6737 |
| Mahe        | HFC           | All                    |         136 |          21 |             21 |              69 |
| Mahe        | HFC           | Internet & OTT         |           4 |           2 |              2 |               2 |
| Mahe        | HFC           | Internet & Voice       |         279 |         127 |            127 |             245 |
| Mahe        | HFC           | Internet Only          |        3045 |        3025 |           3025 |            3042 |
| Mahe        | HFC           | OTT Only               |           1 |           1 |              1 |               1 |
| Mahe        | HFC           | TV & Internet          |        5292 |        2434 |           2434 |            4910 |
| Mahe        | HFC           | TV & Internet & OTT    |        1281 |         337 |            337 |             692 |
| Mahe        | HFC           | TV & Internet & Voice  |         267 |          84 |             84 |             254 |
| Mahe        | HFC           | TV & OTT               |         242 |          35 |             35 |              47 |
| Mahe        | HFC           | TV & Voice             |          38 |          17 |             17 |              35 |
| Mahe        | HFC           | TV & Voice & OTT       |           3 |           1 |              1 |               2 |
| Mahe        | HFC           | TV Only                |        7047 |        5638 |           5638 |            5752 |
| Mahe        | HFC           | Voice Only             |         128 |         127 |            127 |             128 |
| Mahe        | HFC           | Services Total         |       17763 |       11849 |          11849 |           15179 |
| Mahe        | Network Total | Services Total         |       26382 |       16099 |          16041 |           21916 |
| Praslin     | GPON          | All                    |          30 |           5 |              5 |              15 |
| Praslin     | GPON          | Internet & Voice       |          14 |           7 |              7 |              14 |
| Praslin     | GPON          | Internet Only          |         222 |         222 |            222 |             222 |
| Praslin     | GPON          | TV & Internet          |         816 |         364 |            364 |             755 |
| Praslin     | GPON          | TV & Internet & OTT    |         400 |         113 |            113 |             232 |
| Praslin     | GPON          | TV & Internet & Voice  |          15 |           5 |              5 |              15 |
| Praslin     | GPON          | TV & OTT               |          31 |          10 |             10 |              10 |
| Praslin     | GPON          | TV & Voice             |           3 |           1 |              1 |               2 |
| Praslin     | GPON          | TV Only                |         354 |         282 |            282 |             298 |
| Praslin     | GPON          | Services Total         |        1885 |        1009 |           1009 |            1563 |
| Praslin     | HFC           | TV & Internet          |           2 |           1 |              1 |               2 |
| Praslin     | HFC           | TV Only                |           3 |           2 |              2 |               2 |
| Praslin     | HFC           | Services Total         |           5 |           3 |              3 |               4 |
| Praslin     | Network Total | Services Total         |        1890 |        1012 |           1012 |            1567 |
| GRAND TOTAL | Network Total | Services Total         |       28272 |       17111 |          17050 |           23483 |
+-------------+---------------+------------------------+-------------+-------------+----------------+-----------------+
42 rows in set (0.00 sec)

Query OK, 0 rows affected (0.01 sec)

Query OK, 27559 rows affected (0.44 sec)
Records: 27559  Duplicates: 0  Warnings: 0

Query OK, 0 rows affected (0.01 sec)

Query OK, 2217 rows affected (1.40 sec)
Records: 2217  Duplicates: 0  Warnings: 0

+--------------------------------------+
| message                              |
+--------------------------------------+
| running rcbill_my.sp_ActiveNumber2() |
+--------------------------------------+
1 row in set (0.00 sec)

Query OK, 365 rows affected (1 min 57.60 sec)

mysql> mysql \. C:\workspace\cloud\code\sql\_DailyScript\currenttime.sql
+---------------------+
| currenttime         |
+---------------------+
| 2021-02-08 11:21:02 |
+---------------------+
1 row in set (0.00 sec)

mysql> 
mysql> mysql \. C:\workspace\cloud\code\sql\_DailyScript\GetActiveNumbers Average -Pivot.sql
Database changed
+-------------------------------------+
| @today := subdate(current_date(),1) |
+-------------------------------------+
| 2021-02-07                          |
+-------------------------------------+
1 row in set (0.00 sec)

+-------------------------------------+
| @lastdayofmonth := last_day(@today) |
+-------------------------------------+
| 2021-02-28                          |
+-------------------------------------+
1 row in set (0.00 sec)

Query OK, 0 rows affected (0.01 sec)

Query OK, 45475 rows affected, 65535 warnings (55.57 sec)
Records: 45475  Duplicates: 0  Warnings: 93138

Query OK, 0 rows affected (0.10 sec)
Records: 0  Duplicates: 0  Warnings: 0

Query OK, 0 rows affected (0.12 sec)
Records: 0  Duplicates: 0  Warnings: 0

Query OK, 0 rows affected (0.10 sec)
Records: 0  Duplicates: 0  Warnings: 0

+-----------------+
| activenumberavg |
+-----------------+
|           45475 |
+-----------------+
1 row in set (0.02 sec)

Query OK, 0 rows affected (0.01 sec)

Query OK, 1947 rows affected (0.52 sec)
Records: 1947  Duplicates: 0  Warnings: 0

+---------------------+
| rep_activenumberavg |
+---------------------+
|                1947 |
+---------------------+
1 row in set (0.00 sec)

+----------------------+
| rep_activenumberavg1 |
+----------------------+
|                  908 |
+----------------------+
1 row in set (0.00 sec)

Query OK, 0 rows affected (0.01 sec)

Query OK, 2384 rows affected (0.41 sec)
Records: 2384  Duplicates: 0  Warnings: 0

Query OK, 0 rows affected (0.01 sec)

Query OK, 12247 rows affected (0.75 sec)
Records: 12247  Duplicates: 0  Warnings: 0

Query OK, 0 rows affected (0.00 sec)

Query OK, 0 rows affected (0.00 sec)

Query OK, 0 rows affected (0.01 sec)

Query OK, 0 rows affected (0.00 sec)

Query OK, 0 rows affected (0.00 sec)
Statement prepared

Query OK, 53 rows affected (0.04 sec)
Records: 53  Duplicates: 0  Warnings: 0

Query OK, 0 rows affected (0.00 sec)

Query OK, 0 rows affected (0.00 sec)

+----------------------+
| rep_activenumberavg2 |
+----------------------+
|                 2384 |
+----------------------+
1 row in set (0.00 sec)

+------------------------+
| rep_activenumberavg_pv |
+------------------------+
|                     53 |
+------------------------+
1 row in set (0.00 sec)

Query OK, 0 rows affected (0.00 sec)

Query OK, 2383 rows affected (0.35 sec)
Records: 2383  Duplicates: 0  Warnings: 0

Query OK, 0 rows affected (0.00 sec)

Query OK, 0 rows affected (0.00 sec)

Query OK, 0 rows affected (0.00 sec)

Query OK, 0 rows affected (0.00 sec)

Query OK, 0 rows affected (0.00 sec)
Statement prepared

Query OK, 53 rows affected (0.04 sec)
Records: 53  Duplicates: 0  Warnings: 0

Query OK, 0 rows affected (0.00 sec)

Query OK, 0 rows affected (0.00 sec)

+-------------------------+
| rep_activenumberavgMahe |
+-------------------------+
|                    2383 |
+-------------------------+
1 row in set (0.00 sec)

+----------------------------+
| rep_activenumberavgMahe_pv |
+----------------------------+
|                         53 |
+----------------------------+
1 row in set (0.00 sec)

Query OK, 0 rows affected (0.00 sec)

Query OK, 1512 rows affected (0.16 sec)
Records: 1512  Duplicates: 0  Warnings: 0

Query OK, 0 rows affected (0.00 sec)

Query OK, 0 rows affected (0.00 sec)

Query OK, 0 rows affected (0.00 sec)

Query OK, 0 rows affected (0.00 sec)

Query OK, 0 rows affected (0.00 sec)
Statement prepared

Query OK, 40 rows affected (0.03 sec)
Records: 40  Duplicates: 0  Warnings: 0

Query OK, 0 rows affected (0.00 sec)

Query OK, 0 rows affected (0.00 sec)

+----------------------------+
| rep_activenumberavgPraslin |
+----------------------------+
|                       1512 |
+----------------------------+
1 row in set (0.00 sec)

+-------------------------------+
| rep_activenumberavgPraslin_pv |
+-------------------------------+
|                            40 |
+-------------------------------+
1 row in set (0.00 sec)

mysql> mysql \. C:\workspace\cloud\code\sql\_DailyScript\currenttime.sql
+---------------------+
| currenttime         |
+---------------------+
| 2021-02-08 11:22:01 |
+---------------------+
1 row in set (0.00 sec)

mysql> 
mysql> mysql \. C:\workspace\cloud\code\sql\_DailyScript\budget_actual_analysis_2021.sql
Query OK, 0 rows affected (0.01 sec)

Query OK, 634 rows affected, 3 warnings (0.09 sec)
Records: 634  Duplicates: 0  Warnings: 3

+--------------------+
| budget_actual_2021 |
+--------------------+
|                634 |
+--------------------+
1 row in set (0.00 sec)

Query OK, 0 rows affected (0.01 sec)

Query OK, 47 rows affected (0.04 sec)
Records: 47  Duplicates: 0  Warnings: 0

+---------------------------+
| rep_budget_actual_2021_pv |
+---------------------------+
|                        47 |
+---------------------------+
1 row in set (0.00 sec)

mysql> mysql \. C:\workspace\cloud\code\sql\_DailyScript\currenttime.sql
+---------------------+
| currenttime         |
+---------------------+
| 2021-02-08 11:22:01 |
+---------------------+
1 row in set (0.00 sec)

mysql> 
mysql> mysql \. C:\workspace\cloud\code\sql\_DailyScript\reports-sales-addons-prepaid-camera.sql
Database changed
Query OK, 0 rows affected (0.00 sec)

Query OK, 4244 rows affected (0.23 sec)
Records: 4244  Duplicates: 0  Warnings: 0

Query OK, 0 rows affected (0.01 sec)

Query OK, 22147 rows affected (16.50 sec)
Records: 22147  Duplicates: 0  Warnings: 0

+--------------------+
| rep_prepaid_camera |
+--------------------+
|               4244 |
+--------------------+
1 row in set (0.01 sec)

+-----------+
| rep_addon |
+-----------+
|     22147 |
+-----------+
1 row in set (0.01 sec)

mysql> mysql \. C:\workspace\cloud\code\sql\_DailyScript\currenttime.sql
+---------------------+
| currenttime         |
+---------------------+
| 2021-02-08 11:22:18 |
+---------------------+
1 row in set (0.00 sec)

mysql> 
mysql> mysql \. C:\workspace\cloud\code\sql\_DailyScript\RCB_ClientAnalyticsReport_Script.sql
Database changed
Query OK, 0 rows affected (0.00 sec)

Query OK, 0 rows affected (0.06 sec)

Query OK, 2023268 rows affected (1 min 16.55 sec)
Records: 2023268  Duplicates: 0  Warnings: 0

Query OK, 0 rows affected (5.94 sec)
Records: 0  Duplicates: 0  Warnings: 0

Query OK, 0 rows affected (5.02 sec)
Records: 0  Duplicates: 0  Warnings: 0

Query OK, 0 rows affected (7.96 sec)
Records: 0  Duplicates: 0  Warnings: 0

Query OK, 0 rows affected (8.30 sec)
Records: 0  Duplicates: 0  Warnings: 0

Query OK, 0 rows affected (9.63 sec)
Records: 0  Duplicates: 0  Warnings: 0

Query OK, 0 rows affected (7.19 sec)
Records: 0  Duplicates: 0  Warnings: 0

Query OK, 0 rows affected (0.00 sec)

Query OK, 503570 rows affected (16.55 sec)
Rows matched: 2023268  Changed: 503570  Warnings: 0

Query OK, 0 rows affected (0.01 sec)

Query OK, 28452 rows affected (3.73 sec)
Records: 28452  Duplicates: 0  Warnings: 0

+---------------------+
| clientcontractssubs |
+---------------------+
|               28452 |
+---------------------+
1 row in set (0.01 sec)

Query OK, 0 rows affected (0.01 sec)

Query OK, 44523 rows affected (10 min 32.39 sec)
Records: 44523  Duplicates: 0  Warnings: 0

Query OK, 0 rows affected (0.19 sec)
Records: 0  Duplicates: 0  Warnings: 0

Query OK, 0 rows affected (0.14 sec)
Records: 0  Duplicates: 0  Warnings: 0

Query OK, 0 rows affected (0.08 sec)
Records: 0  Duplicates: 0  Warnings: 0

+-----------------------+
| clientcontracthistory |
+-----------------------+
|                 44523 |
+-----------------------+
1 row in set (0.01 sec)

Query OK, 0 rows affected (0.03 sec)

Query OK, 2736292 rows affected (1 min 25.45 sec)
Records: 2736292  Duplicates: 0  Warnings: 0

Query OK, 0 rows affected (0.03 sec)

Query OK, 472320 rows affected (6 min 33.67 sec)
Records: 472320  Duplicates: 0  Warnings: 0

Query OK, 0 rows affected (1.66 sec)
Records: 0  Duplicates: 0  Warnings: 0

Query OK, 0 rows affected (0.78 sec)
Records: 0  Duplicates: 0  Warnings: 0

Query OK, 0 rows affected (1.74 sec)
Records: 0  Duplicates: 0  Warnings: 0

Query OK, 0 rows affected (0.86 sec)
Records: 0  Duplicates: 0  Warnings: 0

+--------------------------+
| clientcontractinvpmt_stg |
+--------------------------+
|                   472320 |
+--------------------------+
1 row in set (0.13 sec)

Query OK, 0 rows affected (0.03 sec)

Query OK, 472320 rows affected (13.52 sec)
Records: 472320  Duplicates: 0  Warnings: 0

Query OK, 0 rows affected (2.27 sec)
Records: 0  Duplicates: 0  Warnings: 0

Query OK, 0 rows affected (0.84 sec)
Records: 0  Duplicates: 0  Warnings: 0

Query OK, 0 rows affected (1.79 sec)
Records: 0  Duplicates: 0  Warnings: 0

Query OK, 0 rows affected (0.86 sec)
Records: 0  Duplicates: 0  Warnings: 0

+----------------------+
| clientcontractinvpmt |
+----------------------+
|               472320 |
+----------------------+
1 row in set (0.12 sec)

Query OK, 0 rows affected (0.01 sec)

Query OK, 44523 rows affected (1 min 23.81 sec)
Records: 44523  Duplicates: 0  Warnings: 0

+--------------+
| clientreport |
+--------------+
|        44523 |
+--------------+
1 row in set (0.02 sec)

Query OK, 0 rows affected (0.01 sec)

Query OK, 44523 rows affected (6.00 sec)
Records: 44523  Duplicates: 0  Warnings: 0

+----------------------+
| clientextendedreport |
+----------------------+
|                44523 |
+----------------------+
1 row in set (0.01 sec)

Query OK, 0 rows affected (0.01 sec)

Query OK, 44523 rows affected (1 min 5.78 sec)
Records: 44523  Duplicates: 0  Warnings: 0

+---------+
| allcust |
+---------+
|   44523 |
+---------+
1 row in set (0.01 sec)

Query OK, 0 rows affected, 1 warning (0.00 sec)

Query OK, 5000 rows affected (0.14 sec)
Records: 5000  Duplicates: 0  Warnings: 0

Query OK, 0 rows affected (0.01 sec)

Query OK, 6857 rows affected (0.29 sec)
Records: 6857  Duplicates: 0  Warnings: 0

Query OK, 0 rows affected, 1 warning (0.00 sec)

Query OK, 5000 rows affected (0.14 sec)
Records: 5000  Duplicates: 0  Warnings: 0

Query OK, 0 rows affected (0.01 sec)

Query OK, 7274 rows affected (0.19 sec)
Records: 7274  Duplicates: 0  Warnings: 0

mysql> mysql \. C:\workspace\cloud\code\sql\_DailyScript\currenttime.sql
+---------------------+
| currenttime         |
+---------------------+
| 2021-02-08 11:46:12 |
+---------------------+
1 row in set (0.00 sec)

mysql> 
mysql> 
mysql> mysql \. C:\workspace\cloud\code\sql\_DailyScript\REVENUE_PER_NODE_MXK.sql
Query OK, 0 rows affected (0.01 sec)

Query OK, 0 rows affected (0.01 sec)

Query OK, 0 rows affected (0.01 sec)

Query OK, 7237 rows affected (2.37 sec)
Records: 7237  Duplicates: 0  Warnings: 0

+----------------------+
| message              |
+----------------------+
| created temp table a |
+----------------------+
1 row in set (0.00 sec)

Query OK, 6786 rows affected (1.06 sec)
Records: 6786  Duplicates: 0  Warnings: 0

+----------------------+
| message              |
+----------------------+
| created temp table b |
+----------------------+
1 row in set (0.00 sec)

Query OK, 0 rows affected, 1 warning (0.00 sec)

Query OK, 7542 rows affected (18.85 sec)
Records: 7542  Duplicates: 0  Warnings: 0

+--------------------------------+
| message                        |
+--------------------------------+
| created rcbill_my.tempcustmxk1 |
+--------------------------------+
1 row in set (0.00 sec)

Query OK, 0 rows affected (0.01 sec)

Query OK, 0 rows affected (0.00 sec)

Query OK, 0 rows affected, 1 warning (0.00 sec)

Query OK, 7237 rows affected (1.62 sec)
Records: 7237  Duplicates: 0  Warnings: 0

+----------------+
| message        |
+----------------+
| created temp a |
+----------------+
1 row in set (0.00 sec)

Query OK, 6786 rows affected (0.81 sec)
Records: 6786  Duplicates: 0  Warnings: 0

+----------------+
| message        |
+----------------+
| created temp b |
+----------------+
1 row in set (0.00 sec)

Query OK, 0 rows affected, 1 warning (0.00 sec)

Query OK, 6888 rows affected (10.07 sec)
Records: 6888  Duplicates: 0  Warnings: 0

+--------------------------------+
| message                        |
+--------------------------------+
| created rcbill_my.tempcustmxk2 |
+--------------------------------+
1 row in set (0.00 sec)

Query OK, 0 rows affected (0.01 sec)

Query OK, 0 rows affected (0.00 sec)

Query OK, 0 rows affected, 1 warning (0.00 sec)

Query OK, 0 rows affected (0.01 sec)

Query OK, 8448 rows affected (0.38 sec)
Records: 8448  Duplicates: 0  Warnings: 0

+---------------------------------+
| message                         |
+---------------------------------+
| created rcbill_my.customers_mxk |
+---------------------------------+
1 row in set (0.00 sec)

Query OK, 0 rows affected (0.00 sec)

Query OK, 0 rows affected (0.00 sec)

Query OK, 14343 rows affected (5.61 sec)
Records: 14343  Duplicates: 0  Warnings: 0

+----------------+
| message        |
+----------------+
| created temp a |
+----------------+
1 row in set (0.00 sec)

Query OK, 19193 rows affected (1.74 sec)
Records: 19193  Duplicates: 0  Warnings: 0

+----------------+
| message        |
+----------------+
| created temp c |
+----------------+
1 row in set (0.00 sec)

Query OK, 0 rows affected, 1 warning (0.00 sec)

Query OK, 27093 rows affected (0.30 sec)
Records: 27093  Duplicates: 0  Warnings: 0

+---------------------------------+
| message                         |
+---------------------------------+
| created rcbill_my.tempcustcmts1 |
+---------------------------------+
1 row in set (0.00 sec)

Query OK, 0 rows affected (0.01 sec)

Query OK, 0 rows affected, 1 warning (0.00 sec)

Query OK, 0 rows affected (0.01 sec)

Query OK, 14343 rows affected (5.84 sec)
Records: 14343  Duplicates: 0  Warnings: 0

+----------------+
| message        |
+----------------+
| created temp a |
+----------------+
1 row in set (0.00 sec)

Query OK, 19193 rows affected (1.90 sec)
Records: 19193  Duplicates: 0  Warnings: 0

+----------------+
| message        |
+----------------+
| created temp c |
+----------------+
1 row in set (0.00 sec)

Query OK, 0 rows affected, 1 warning (0.00 sec)

Query OK, 19783 rows affected (0.28 sec)
Records: 19783  Duplicates: 0  Warnings: 0

+---------------------------------+
| message                         |
+---------------------------------+
| created rcbill_my.tempcustcmts2 |
+---------------------------------+
1 row in set (0.00 sec)

Query OK, 0 rows affected (0.01 sec)

Query OK, 0 rows affected, 1 warning (0.00 sec)

Query OK, 0 rows affected (0.01 sec)

Query OK, 0 rows affected (0.01 sec)

Query OK, 14486 rows affected (0.98 sec)
Records: 14486  Duplicates: 0  Warnings: 0

+----------------------------------+
| message                          |
+----------------------------------+
| created rcbill_my.customers_cmts |
+----------------------------------+
1 row in set (0.00 sec)

Query OK, 0 rows affected (0.01 sec)

Query OK, 0 rows affected (0.01 sec)

Query OK, 0 rows affected (0.01 sec)

Query OK, 18823 rows affected (0.78 sec)
Records: 18823  Duplicates: 0  Warnings: 0

+--------------------------------------+
| message                              |
+--------------------------------------+
| created rcbill_my.customers_cmts_mxk |
+--------------------------------------+
1 row in set (0.00 sec)

Query OK, 498498 rows affected (59.41 sec)
Records: 498498  Duplicates: 0  Warnings: 0

+----------------+
| message        |
+----------------+
| created temp a |
+----------------+
1 row in set (0.00 sec)

Query OK, 0 rows affected (0.01 sec)

Query OK, 499220 rows affected (11.41 sec)
Records: 499220  Duplicates: 0  Warnings: 0

+------------------------------------------------+
| message                                        |
+------------------------------------------------+
| created rcbill_my.customers_contracts_cmts_mxk |
+------------------------------------------------+
1 row in set (0.00 sec)

Query OK, 0 rows affected (0.03 sec)

Query OK, 0 rows affected, 1 warning (0.00 sec)

Query OK, 0 rows affected, 1 warning (0.00 sec)

Query OK, 0 rows affected (0.00 sec)

Query OK, 8229 rows affected (2.75 sec)
Rows matched: 8229  Changed: 8229  Warnings: 0

+------------------------------------------------+
| message                                        |
+------------------------------------------------+
| updated rcbill_my.customers_contracts_cmts_mxk |
+------------------------------------------------+
1 row in set (0.00 sec)

Query OK, 0 rows affected (0.03 sec)

Query OK, 2061735 rows affected (3 min 50.66 sec)
Records: 2061735  Duplicates: 0  Warnings: 0

+----------------------------------------+
| message                                |
+----------------------------------------+
| created rcbill_my.customers_collection |
+----------------------------------------+
1 row in set (0.00 sec)

Query OK, 0 rows affected (0.07 sec)

Query OK, 2381019 rows affected (1 min 56.89 sec)
Records: 2381019  Duplicates: 0  Warnings: 0

+------------------------------------------------+
| message                                        |
+------------------------------------------------+
| created rcbill_my.customers_cmts_mxk_cont_coll |
+------------------------------------------------+
1 row in set (0.00 sec)

Query OK, 0 rows affected (0.03 sec)

Query OK, 455091 rows affected (2 min 40.41 sec)
Records: 455091  Duplicates: 0  Warnings: 0

+--------------------------------------------------------+
| message                                                |
+--------------------------------------------------------+
| created rcbill_my.customers_contracts_collection_pivot |
+--------------------------------------------------------+
1 row in set (0.00 sec)

Query OK, 0 rows affected (0.01 sec)

Query OK, 40586 rows affected (2 min 42.79 sec)
Records: 40586  Duplicates: 0  Warnings: 0

+----------------------------------------------+
| message                                      |
+----------------------------------------------+
| created rcbill_my.customers_collection_pivot |
+----------------------------------------------+
1 row in set (0.00 sec)

Query OK, 0 rows affected (0.01 sec)

Query OK, 44523 rows affected (3.78 sec)
Records: 44523  Duplicates: 0  Warnings: 0

+--------------------------------------------+
| message                                    |
+--------------------------------------------+
| created rcbill_my.rep_customers_collection |
+--------------------------------------------+
1 row in set (0.00 sec)

Query OK, 0 rows affected (0.00 sec)

Query OK, 0 rows affected, 1 warning (0.00 sec)

Query OK, 463384 rows affected (13.26 sec)
Records: 463384  Duplicates: 0  Warnings: 0

+-------------------------+
| message                 |
+-------------------------+
| created rcbill_my.tempa |
+-------------------------+
1 row in set (0.00 sec)

Query OK, 0 rows affected, 1 warning (0.00 sec)

Query OK, 455091 rows affected (25.35 sec)
Records: 455091  Duplicates: 0  Warnings: 0

+-------------------------+
| message                 |
+-------------------------+
| created rcbill_my.tempb |
+-------------------------+
1 row in set (0.00 sec)

Query OK, 463384 rows affected (25.25 sec)
Records: 463384  Duplicates: 0  Warnings: 0

+-----------+
| message   |
+-----------+
| created a |
+-----------+
1 row in set (0.00 sec)

Query OK, 455097 rows affected (27.31 sec)
Records: 455097  Duplicates: 0  Warnings: 0

+-----------+
| message   |
+-----------+
| created b |
+-----------+
1 row in set (0.00 sec)

Query OK, 0 rows affected (0.02 sec)

Query OK, 0 rows affected (0.03 sec)

Query OK, 0 rows affected (0.03 sec)

Query OK, 499951 rows affected (1 min 3.21 sec)
Records: 499951  Duplicates: 0  Warnings: 0

+----------------------------------------------+
| message                                      |
+----------------------------------------------+
| created rcbill_my.cust_cont_payment_cmts_mxk |
+----------------------------------------------+
1 row in set (0.00 sec)

Query OK, 0 rows affected (0.02 sec)

Query OK, 0 rows affected (0.01 sec)

Query OK, 0 rows affected, 1 warning (0.00 sec)

Query OK, 0 rows affected (0.01 sec)

Query OK, 44523 rows affected (21.12 sec)
Records: 44523  Duplicates: 0  Warnings: 0

+--------------------------------------------------+
| message                                          |
+--------------------------------------------------+
| created rcbill_my.rep_cust_cont_payment_cmts_mxk |
+--------------------------------------------------+
1 row in set (0.00 sec)

Query OK, 0 rows affected, 1 warning (0.00 sec)

Query OK, 0 rows affected, 1 warning (0.00 sec)

Query OK, 0 rows affected (0.02 sec)

Query OK, 44523 rows affected (11.67 sec)
Records: 44523  Duplicates: 0  Warnings: 0

+----------------------+
| rep_custconsolidated |
+----------------------+
|                44523 |
+----------------------+
1 row in set (0.78 sec)

Query OK, 0 rows affected (0.01 sec)

+------------------------------------+
| message                            |
+------------------------------------+
| creating rcbill_my.rep_custextract |
+------------------------------------+
1 row in set (0.00 sec)

Query OK, 44523 rows affected (1.17 sec)
Records: 44523  Duplicates: 0  Warnings: 0

+-----------------+
| rep_custextract |
+-----------------+
|           44523 |
+-----------------+
1 row in set (0.01 sec)

Query OK, 0 rows affected (0.00 sec)

Query OK, 0 rows affected (0.01 sec)

+----------------------------------------------+
| message                                      |
+----------------------------------------------+
| creating rcbill_my.retentioncustomeractivity |
+----------------------------------------------+
1 row in set (0.00 sec)

Query OK, 875 rows affected (0.27 sec)
Records: 875  Duplicates: 0  Warnings: 0

+---------------------------+
| retentioncustomeractivity |
+---------------------------+
|                       875 |
+---------------------------+
1 row in set (0.00 sec)

+-----------+------------------------------------+------------+-------------+-----------------+------------------+---------------------+-------------------+
| HFC_NODE  | NODENAME                           | CMTS_DATE  | INSERTED_ON | UNIQUE_ACCOUNTS | UNIQUE_CONTRACTS | UNIQUE_MAC_INRCBOSS | UNIQUE_MAC_INCMTS |
+-----------+------------------------------------+------------+-------------+-----------------+------------------+---------------------+-------------------+
| NULL      | NULL                               | NULL       | 2021-02-08  |            7067 |             7450 |                7498 |                 0 |
| C5/0/0/U0 | ANSE-BOILEAU-2                     | 2020-11-23 | 2021-02-08  |             192 |              196 |                 192 |               194 |
| C5/0/0/U1 | 500-C3-ANSE-BOILEAU                | 2020-11-23 | 2021-02-08  |             202 |              206 |                 202 |               205 |
| C5/0/1/U0 | 501-C4-LA-MISIERE-LEFT-I           | 2020-11-23 | 2021-02-08  |             155 |              159 |                 155 |               157 |
| C5/0/1/U1 | 501-C5-LA-MISIERE-RIGHT            | 2020-11-23 | 2021-02-08  |             110 |              112 |                 110 |               114 |
| C5/0/1/U2 | 501-C7-LA-MISIERE-LEFT-II          | 2020-11-23 | 2021-02-08  |             159 |              162 |                 159 |               162 |
| C5/0/2/U0 | 502-C8-LA-LOUISE                   | 2020-11-23 | 2021-02-08  |             138 |              138 |                 138 |               139 |
| C5/0/2/U1 | LA-LOUISE-2                        | 2020-11-23 | 2021-02-08  |             141 |              142 |                 141 |               144 |
| C5/0/3/U0 | 504-C6-PETIT-PARIS                 | 2020-11-23 | 2021-02-08  |             157 |              160 |                 157 |               161 |
| C5/0/3/U1 | PETIT-PARIS-23                     | 2020-11-23 | 2021-02-08  |              75 |               77 |                  75 |                76 |
| C5/0/4/U0 | FOUR-SEASONS                       | 2020-11-23 | 2021-02-08  |               3 |                4 |                   4 |                 5 |
| C5/0/4/U1 | ANCHOR-CAFE-I                      | 2020-11-23 | 2021-02-08  |             160 |              164 |                 160 |               162 |
| C5/0/4/U2 | ANCHOR-CAFE-II                     | 2020-11-23 | 2021-02-08  |             162 |              163 |                 162 |               164 |
| C5/1/0/U0 | POINTE-LARUE-AIRPORT-23            | 2020-11-23 | 2021-02-08  |             108 |              114 |                 109 |               111 |
| C5/1/0/U1 | PPROVIDENCE-23                     | 2020-11-23 | 2021-02-08  |              19 |               22 |                  20 |                21 |
| C5/1/0/U2 | ROSHE-CAIMAN-23                    | 2020-11-23 | 2021-02-08  |              12 |               13 |                  12 |                12 |
| C5/1/0/U3 | HEAD-OFFICE | HO-23                | 2020-11-23 | 2021-02-08  |              27 |               27 |                  27 |                30 |
| C5/1/1/U1 | C5-UNION-VALE                      | 2020-11-23 | 2021-02-08  |             198 |              200 |                 198 |               204 |
| C5/1/3/U0 | POINTE-LARUE-AIRPORT-27            | 2020-11-23 | 2021-02-08  |             149 |              150 |                 149 |               155 |
| C5/1/3/U1 | PPROVIDENCE-27                     | 2020-11-23 | 2021-02-08  |              27 |               27 |                  27 |                27 |
| C5/1/3/U2 | ROSHE-CAIMAN-27                    | 2020-11-23 | 2021-02-08  |              27 |               27 |                  27 |                27 |
| C5/1/3/U3 | HEAD-OFFICE | HO-27                | 2020-11-23 | 2021-02-08  |              18 |               19 |                  18 |                19 |
| C5/1/4/U0 | ANSE-ROYALE-27                     | 2020-11-23 | 2021-02-08  |             104 |              106 |                 104 |               104 |
| C5/1/4/U1 | GLACIS-2-57                        | 2020-11-23 | 2021-02-08  |              69 |               72 |                  69 |                71 |
| C5/1/4/U2 | NULL                               | 2020-11-23 | 2021-02-08  |             107 |              110 |                 107 |               108 |
| C5/1/4/U3 | GLACIS-1                           | 2020-11-23 | 2021-02-08  |              34 |               35 |                  34 |                34 |
| C6/0/1/U0 | SERRET-ROAD-RIGHT/CURIO/PASCAL     | 2020-11-23 | 2021-02-08  |             126 |              128 |                 126 |               128 |
| C6/0/1/U1 | SERRET-ROAD-LEFT/ST.LOUIS/TOWN     | 2020-11-23 | 2021-02-08  |              86 |               91 |                  86 |                87 |
| C6/0/1/U2 | SERRET-ROAD-RIGHT/CURIO/PASCAL-2   | 2020-11-23 | 2021-02-08  |             124 |              126 |                 124 |               124 |
| C6/0/1/U3 | SERRET-ROAD-LEFT/ST.LOUIS/TOWN-2   | 2020-11-23 | 2021-02-08  |              77 |               79 |                  77 |                78 |
| C6/0/2/U0 | SANS-SOUCIS-I                      | 2020-11-23 | 2021-02-08  |             100 |              101 |                 100 |               103 |
| C6/0/2/U1 | SANS-SOUCIS-II                     | 2020-11-23 | 2021-02-08  |             115 |              119 |                 115 |               119 |
| C6/0/2/U2 | BEL-AIR-27                         | 2020-11-23 | 2021-02-08  |              97 |               98 |                  97 |               100 |
| C6/0/2/U3 | BEL-AIR-38                         | 2020-11-23 | 2021-02-08  |              82 |               87 |                  82 |                84 |
| C6/0/3/U0 | LES-MAMELLES-23                    | 2020-11-23 | 2021-02-08  |              83 |               83 |                  83 |                88 |
| C6/0/3/U1 | VICTORIA-23                        | 2020-11-23 | 2021-02-08  |              24 |               25 |                  25 |                29 |
| C6/0/4/U0 | LES-MAMELLES-27                    | 2020-11-23 | 2021-02-08  |              67 |               68 |                  67 |                68 |
| C6/0/4/U1 | VICTORIA-27                        | 2020-11-23 | 2021-02-08  |              16 |               16 |                  16 |                16 |
| C7/1/0/U0 | LA-RETRAITE-23                     | 2020-11-23 | 2021-02-08  |              82 |               87 |                  83 |                88 |
| C7/1/0/U1 | TEA-FACTORY-23                     | 2020-11-23 | 2021-02-08  |              24 |               31 |                  26 |                27 |
| C7/1/0/U2 | PAS-23                             | 2020-11-23 | 2021-02-08  |             101 |              106 |                 102 |               104 |
| C7/1/1/U0 | REEF-ESTATE-23                     | 2020-11-23 | 2021-02-08  |              78 |               80 |                  78 |                78 |
| C7/1/2/U0 | LA-RETRAITE-27                     | 2020-11-23 | 2021-02-08  |              70 |               70 |                  70 |                71 |
| C7/1/2/U1 | TEA-FACTORY-27                     | 2020-11-23 | 2021-02-08  |              28 |               33 |                  29 |                29 |
| C7/1/2/U2 | PAS-27                             | 2020-11-23 | 2021-02-08  |              83 |               84 |                  83 |                85 |
| C7/1/3/U0 | MT-BUXTON-27                       | 2020-11-23 | 2021-02-08  |             156 |              159 |                 156 |               158 |
| C7/1/3/U1 | MT-BUXTON-23                       | 2020-11-23 | 2021-02-08  |              85 |               86 |                  85 |                87 |
| C7/1/4/U0 | REEF-ESTATE-27                     | 2020-11-23 | 2021-02-08  |              92 |               93 |                  92 |                93 |
| C8/0/0/U0 | POLICE-ACADEMY-1-27 - POINTE LARUE | 2020-11-23 | 2021-02-08  |             248 |              248 |                 248 |               250 |
| C8/0/0/U1 | NULL                               | 2020-11-23 | 2021-02-08  |              73 |               77 |                  73 |                78 |
| C8/0/1/U0 | NULL                               | 2020-11-23 | 2021-02-08  |             155 |              158 |                 154 |               157 |
| C8/0/1/U1 | POLICE-ACADEMY-2-27 - TURTLE BAY   | 2020-11-23 | 2021-02-08  |             187 |              191 |                 188 |               192 |
| C8/0/2/U0 | BEAU-VALLON-LEFT-1-57              | 2020-11-23 | 2021-02-08  |              11 |               12 |                  12 |                13 |
| C8/0/3/U1 | BEAU-VALLON-RIGHT-2-57             | 2020-11-23 | 2021-02-08  |              10 |               10 |                  10 |                11 |
| C8/1/0/U0 | MA-JOIE-NODE-27                    | 2020-11-23 | 2021-02-08  |              95 |               96 |                  95 |                97 |
| C8/1/0/U1 | BELONIE-27                         | 2020-11-23 | 2021-02-08  |             140 |              142 |                 139 |               145 |
| C8/1/0/U3 | MA-JOIE-NODE-23                    | 2020-11-23 | 2021-02-08  |              91 |               92 |                  90 |                90 |
| C8/1/1/U0 | 611-C1-ROJN I                      | 2020-11-23 | 2021-02-08  |             127 |              128 |                 127 |               129 |
| C8/1/1/U1 | 611-C5-ROJN II                     | 2020-11-23 | 2021-02-08  |             112 |              113 |                 112 |               114 |
| C8/1/2/U0 | 612-C2-ANSE-ETOILE                 | 2020-11-23 | 2021-02-08  |             103 |              103 |                 103 |               103 |
| C8/1/2/U1 | ANSE-ETOILE-U2                     | 2020-11-23 | 2021-02-08  |              67 |               67 |                  67 |                70 |
| C8/1/3/U0 | 613-C3-ANSE-GAULETTE I             | 2020-11-23 | 2021-02-08  |              78 |               85 |                  78 |                80 |
| C8/1/3/U1 | 613-C7-ANSE-GAULETTE II            | 2020-11-23 | 2021-02-08  |              74 |               76 |                  74 |                78 |
| C8/1/3/U2 | 613-C3-ANSE-GAULETTE III           | 2020-11-23 | 2021-02-08  |              41 |               42 |                  41 |                41 |
| C8/1/3/U3 | TAKAMAKA I                         | 2020-11-23 | 2021-02-08  |             104 |              106 |                 104 |               108 |
| C8/1/3/U4 | TAKAMAKA II                        | 2020-11-23 | 2021-02-08  |              92 |               94 |                  92 |                95 |
| C8/1/4/U0 | 614-BEOLIERE-NODE-1                | 2020-11-23 | 2021-02-08  |              93 |               94 |                  93 |                96 |
| C8/1/4/U1 | 614-BEOLIERE-NODE-2                | 2020-11-23 | 2021-02-08  |             139 |              143 |                 139 |               143 |
+-----------+------------------------------------+------------+-------------+-----------------+------------------+---------------------+-------------------+
68 rows in set (0.17 sec)

+-----------------------+------------+-------------+-----------------+------------------+----------------------+-------------------+
| MXK_NAME              | MXK_DATE   | INSERTED_ON | UNIQUE_ACCOUNTS | UNIQUE_CONTRACTS | UNIQUE_FSAN_INRCBOSS | UNIQUE_FSAN_INMXK |
+-----------------------+------------+-------------+-----------------+------------------+----------------------+-------------------+
| NULL                  | NULL       | 2021-02-08  |            1511 |             1556 |                 1543 |                 0 |
| MXK-MAHE-ANSEETOILE   | 2020-07-27 | 2021-02-08  |             374 |              378 |                  376 |               398 |
| MXK-MAHE-ANSEROYALE   | 2020-07-27 | 2021-02-08  |             171 |              171 |                  171 |               198 |
| MXK-MAHE-BEAUVALLON-1 | 2020-07-27 | 2021-02-08  |            1790 |             1812 |                 1804 |              1919 |
| MXK-MAHE-BEAUVALLON-2 | 2020-07-27 | 2021-02-08  |              25 |               25 |                   25 |                30 |
| MXK-MAHE-PERSEVERANCE | 2020-07-27 | 2021-02-08  |            1055 |             1066 |                 1066 |              1241 |
| MXK-MAHE-PROVIDENCE   | 2020-07-27 | 2021-02-08  |             989 |             1018 |                  944 |              1192 |
| MXK-PRASLIN-GRANDANSE | 2020-07-27 | 2021-02-08  |            1278 |             1281 |                 1274 |              1514 |
+-----------------------+------------+-------------+-----------------+------------------+----------------------+-------------------+
8 rows in set (0.08 sec)

mysql> mysql \. C:\workspace\cloud\code\sql\_DailyScript\currenttime.sql
+---------------------+
| currenttime         |
+---------------------+
| 2021-02-08 12:02:43 |
+---------------------+
1 row in set (0.00 sec)

mysql> 
mysql> mysql \. C:\workspace\cloud\code\sql\_DailyScript\housing-estate-analysis.sql
Database changed
Query OK, 0 rows affected (0.01 sec)

Query OK, 3677 rows affected (1 min 31.52 sec)
Records: 3677  Duplicates: 0  Warnings: 0

+--------------------+
| rep_housingestates |
+--------------------+
|               3677 |
+--------------------+
1 row in set (0.00 sec)

mysql> mysql \. C:\workspace\cloud\code\sql\_DailyScript\currenttime.sql
+---------------------+
| currenttime         |
+---------------------+
| 2021-02-08 12:04:14 |
+---------------------+
1 row in set (0.00 sec)

mysql> 
mysql> 
mysql> mysql \. C:\workspace\cloud\code\sql\Analysis\service_tickets_assignments.sql
Query OK, 0 rows affected (0.01 sec)

Query OK, 8857 rows affected (3.28 sec)
Records: 8857  Duplicates: 0  Warnings: 0

+-------------------------+
| rep_servicetickets_2021 |
+-------------------------+
|                    8857 |
+-------------------------+
1 row in set (0.01 sec)

mysql> mysql \. C:\workspace\cloud\code\sql\_DailyScript\currenttime.sql
+---------------------+
| currenttime         |
+---------------------+
| 2021-02-08 12:04:18 |
+---------------------+
1 row in set (0.00 sec)

mysql> 
mysql> mysql \. C:\workspace\cloud\code\sql\_DailyScript\DAILY-SCRIPT-USAGESTATS.sql
Database changed
Query OK, 0 rows affected (0.14 sec)

Query OK, 26903157 rows affected, 65535 warnings (12 min 39.51 sec)
Records: 26903157  Duplicates: 0  Warnings: 26895611

Query OK, 0 rows affected (1 min 14.40 sec)
Records: 0  Duplicates: 0  Warnings: 0

Query OK, 0 rows affected (1 min 12.95 sec)
Records: 0  Duplicates: 0  Warnings: 0

Query OK, 0 rows affected (1 min 13.27 sec)
Records: 0  Duplicates: 0  Warnings: 0

Query OK, 0 rows affected (1 min 4.78 sec)
Records: 0  Duplicates: 0  Warnings: 0

Query OK, 0 rows affected (1 min 45.63 sec)
Records: 0  Duplicates: 0  Warnings: 0

Query OK, 0 rows affected (1 min 53.04 sec)
Records: 0  Duplicates: 0  Warnings: 0

Query OK, 0 rows affected (1 min 40.84 sec)
Records: 0  Duplicates: 0  Warnings: 0

Query OK, 0 rows affected (1 min 11.23 sec)
Records: 0  Duplicates: 0  Warnings: 0

+----------+
| ipusage  |
+----------+
| 26903157 |
+----------+
1 row in set (8.88 sec)

Query OK, 0 rows affected (0.05 sec)

Query OK, 7011701 rows affected (6 min 29.86 sec)
Records: 7011701  Duplicates: 0  Warnings: 0

Query OK, 0 rows affected (22.96 sec)
Records: 0  Duplicates: 0  Warnings: 0

Query OK, 0 rows affected (20.09 sec)
Records: 0  Duplicates: 0  Warnings: 0

Query OK, 0 rows affected (23.19 sec)
Records: 0  Duplicates: 0  Warnings: 0

Query OK, 0 rows affected (29.70 sec)
Records: 0  Duplicates: 0  Warnings: 0

Query OK, 0 rows affected (22.65 sec)
Records: 0  Duplicates: 0  Warnings: 0

+------------------+
| clientcontractip |
+------------------+
|          7011701 |
+------------------+
1 row in set (1.98 sec)

Query OK, 0 rows affected (0.06 sec)

Query OK, 13189855 rows affected (2 min 25.59 sec)
Records: 13189855  Duplicates: 0  Warnings: 0

+---------------------------+
| clientcontractipusage_stg |
+---------------------------+
|                  13189855 |
+---------------------------+
1 row in set (4.95 sec)

+------------------------------------+
| clientcontractipusage_beforeinsert |
+------------------------------------+
|                           13189855 |
+------------------------------------+
1 row in set (3.99 sec)

Query OK, 34344 rows affected (7.94 sec)
Records: 34344  Duplicates: 0  Warnings: 0

+-----------------------------------+
| clientcontractipusage_afterinsert |
+-----------------------------------+
|                          13224199 |
+-----------------------------------+
1 row in set (4.69 sec)

+------------+----------+
| usagedate  | count(*) |
+------------+----------+
| 2021-02-07 |    11313 |
| 2021-02-06 |    11486 |
| 2021-02-05 |    11545 |
| 2021-02-04 |    11394 |
| 2021-02-03 |    10608 |
| 2021-02-02 |    10846 |
| 2021-02-01 |    10498 |
| 2021-01-31 |    11372 |
| 2021-01-30 |    11694 |
| 2021-01-29 |    11786 |
| 2021-01-28 |    11069 |
| 2021-01-27 |    10787 |
| 2021-01-26 |    11572 |
| 2021-01-25 |    11445 |
| 2021-01-24 |    11002 |
+------------+----------+
15 rows in set (0.07 sec)

Query OK, 0 rows affected (0.03 sec)

Query OK, 568675 rows affected (52.12 sec)
Records: 568675  Duplicates: 0  Warnings: 0

Query OK, 0 rows affected (1.81 sec)
Records: 0  Duplicates: 0  Warnings: 0

Query OK, 0 rows affected (1.66 sec)
Records: 0  Duplicates: 0  Warnings: 0

Query OK, 0 rows affected (1.97 sec)
Records: 0  Duplicates: 0  Warnings: 0

Query OK, 0 rows affected (1.08 sec)
Records: 0  Duplicates: 0  Warnings: 0

Query OK, 0 rows affected (1.06 sec)
Records: 0  Duplicates: 0  Warnings: 0

Query OK, 0 rows affected (1.11 sec)
Records: 0  Duplicates: 0  Warnings: 0

Query OK, 0 rows affected (1.14 sec)
Records: 0  Duplicates: 0  Warnings: 0

+-----------------------+
| clientcontractipmonth |
+-----------------------+
|                568675 |
+-----------------------+
1 row in set (0.15 sec)

mysql> mysql \. C:\workspace\cloud\code\sql\_DailyScript\currenttime.sql
+---------------------+
| currenttime         |
+---------------------+
| 2021-02-08 12:40:42 |
+---------------------+
1 row in set (0.00 sec)

mysql> 
mysql> exit
