    -> 
    -> mysql \. C:\workspace\cloud\code\sql\_DailyScript\_setdates.sql
Query OK, 0 rows affected (0.01 sec)

Query OK, 0 rows affected (1.71 sec)

Database changed
Query OK, 0 rows affected (0.00 sec)

Query OK, 0 rows affected (0.00 sec)

Query OK, 0 rows affected (0.00 sec)

Query OK, 0 rows affected (0.00 sec)

Query OK, 0 rows affected (0.01 sec)

Query OK, 0 rows affected (0.00 sec)

Query OK, 0 rows affected (0.00 sec)

Query OK, 0 rows affected (0.00 sec)

Query OK, 0 rows affected (0.00 sec)

Query OK, 0 rows affected (0.00 sec)

Query OK, 0 rows affected (0.00 sec)

Query OK, 0 rows affected (0.00 sec)

Query OK, 0 rows affected (0.00 sec)

Query OK, 0 rows affected (0.00 sec)

Query OK, 0 rows affected (0.00 sec)

Query OK, 0 rows affected (0.00 sec)

Query OK, 0 rows affected (0.00 sec)

Query OK, 0 rows affected (0.00 sec)

Query OK, 0 rows affected (0.00 sec)

Query OK, 0 rows affected (0.00 sec)

Query OK, 0 rows affected (0.00 sec)

Query OK, 0 rows affected (0.00 sec)

mysql> mysql \. C:\workspace\cloud\code\sql\_DailyScript\currenttime.sql
+---------------------+
| currenttime         |
+---------------------+
| 2021-09-02 09:02:34 |
+---------------------+
1 row in set (0.00 sec)

mysql> 
mysql> mysql \. C:\workspace\cloud\code\sql\_DailyScript\load_RCB_VODTITLES.sql
Database changed
Query OK, 0 rows affected (0.00 sec)

Query OK, 15998 rows affected (0.33 sec)

Query OK, 16000 rows affected, 16000 warnings (0.42 sec)
Records: 16000  Deleted: 0  Skipped: 0  Warnings: 16000

Query OK, 0 rows affected (0.00 sec)

Query OK, 2 rows affected (0.04 sec)

+-----------+
| VODTITLES |
+-----------+
|     16458 |
+-----------+
1 row in set (0.01 sec)

+-----------+-----------+
| titletype | typecount |
+-----------+-----------+
| E         |     13556 |
| N         |       246 |
| T         |      2196 |
| NULL      |     15998 |
+-----------+-----------+
4 rows in set (0.09 sec)

mysql> mysql \. C:\workspace\cloud\code\sql\_DailyScript\currenttime.sql
+---------------------+
| currenttime         |
+---------------------+
| 2021-09-02 09:02:35 |
+---------------------+
1 row in set (0.00 sec)

mysql> 
mysql> mysql \. C:\workspace\cloud\code\sql\_DailyScript\DAILY-SCRIPT-LIVETV-STATS.sql
Database changed
Query OK, 0 rows affected (0.06 sec)

Query OK, 91535 rows affected (1.30 sec)
Records: 91535  Duplicates: 0  Warnings: 0

+------------+------------+----------+--------------+--------------+-----------+-------------+----------+--------+------+------------+---------+---------------+
| Table      | Non_unique | Key_name | Seq_in_index | Column_name  | Collation | Cardinality | Sub_part | Packed | Null | Index_type | Comment | Index_comment |
+------------+------------+----------+--------------+--------------+-----------+-------------+----------+--------+------+------------+---------+---------------+
| templivetv |          1 | idxtv1   |            1 | device       | A         |       91199 |     NULL | NULL   | YES  | BTREE      |         |               |
| templivetv |          1 | idxtv2   |            1 | sessionstart | A         |       91199 |     NULL | NULL   | YES  | BTREE      |         |               |
+------------+------------+----------+--------------+--------------+-----------+-------------+----------+--------+------+------------+---------+---------------+
2 rows in set (0.01 sec)

Query OK, 91537 rows affected (23.97 sec)
Records: 91537  Duplicates: 0  Warnings: 0

Query OK, 2554 rows affected (0.78 sec)
Records: 2554  Duplicates: 0  Warnings: 0

Query OK, 0 rows affected (0.01 sec)

Query OK, 0 rows affected (0.01 sec)

Query OK, 126 rows affected (0.04 sec)
Records: 126  Duplicates: 0  Warnings: 0

Query OK, 0 rows affected (0.01 sec)

Query OK, 79670 rows affected (12 min 36.48 sec)
Records: 79670  Duplicates: 0  Warnings: 0

+-----------------+
| rep_livetvstats |
+-----------------+
|           79670 |
+-----------------+
1 row in set (0.40 sec)

mysql> mysql \. C:\workspace\cloud\code\sql\_DailyScript\currenttime.sql
+---------------------+
| currenttime         |
+---------------------+
| 2021-09-02 09:15:38 |
+---------------------+
1 row in set (0.00 sec)

mysql> 
mysql> mysql \. C:\workspace\cloud\code\sql\_DailyScript\DAILY-SCRIPT-VODTS-STATS.sql
Database changed
Query OK, 0 rows affected (0.04 sec)

Query OK, 7899 rows affected (35.96 sec)
Records: 7899  Duplicates: 0  Warnings: 0

+---------+------------+----------+--------------+--------------+-----------+-------------+----------+--------+------+------------+---------+---------------+
| Table   | Non_unique | Key_name | Seq_in_index | Column_name  | Collation | Cardinality | Sub_part | Packed | Null | Index_type | Comment | Index_comment |
+---------+------------+----------+--------------+--------------+-----------+-------------+----------+--------+------+------------+---------+---------------+
| tempvod |          1 | idxtvod1 |            1 | device       | A         |        8051 |     NULL | NULL   | YES  | BTREE      |         |               |
| tempvod |          1 | idxtvod2 |            1 | sessionstart | A         |        8051 |     NULL | NULL   | YES  | BTREE      |         |               |
+---------+------------+----------+--------------+--------------+-----------+-------------+----------+--------+------+------------+---------+---------------+
2 rows in set (0.00 sec)

Query OK, 7904 rows affected (8.93 sec)
Records: 7904  Duplicates: 0  Warnings: 0

Query OK, 0 rows affected (0.08 sec)

Query OK, 1419335 rows affected (2 min 1.49 sec)
Records: 1419335  Duplicates: 0  Warnings: 0

+--------------+
| rep_vodstats |
+--------------+
|      1419335 |
+--------------+
1 row in set (0.53 sec)

Database changed
Query OK, 0 rows affected (0.02 sec)

Query OK, 17421 rows affected (1 min 10.23 sec)
Records: 17421  Duplicates: 0  Warnings: 0

+--------+------------+----------+--------------+--------------+-----------+-------------+----------+--------+------+------------+---------+---------------+
| Table  | Non_unique | Key_name | Seq_in_index | Column_name  | Collation | Cardinality | Sub_part | Packed | Null | Index_type | Comment | Index_comment |
+--------+------------+----------+--------------+--------------+-----------+-------------+----------+--------+------+------------+---------+---------------+
| tempts |          1 | idxtts1  |            1 | device       | A         |       17551 |     NULL | NULL   | YES  | BTREE      |         |               |
| tempts |          1 | idxtts2  |            1 | sessionstart | A         |       17551 |     NULL | NULL   | YES  | BTREE      |         |               |
+--------+------------+----------+--------------+--------------+-----------+-------------+----------+--------+------+------------+---------+---------------+
2 rows in set (0.01 sec)

Query OK, 17418 rows affected (19.57 sec)
Records: 17418  Duplicates: 0  Warnings: 0

Query OK, 0 rows affected (0.01 sec)

Query OK, 51959 rows affected (1 min 10.17 sec)
Records: 51959  Duplicates: 0  Warnings: 0

+-------------+
| rep_tsstats |
+-------------+
|       51959 |
+-------------+
1 row in set (0.04 sec)

mysql> mysql \. C:\workspace\cloud\code\sql\_DailyScript\currenttime.sql
+---------------------+
| currenttime         |
+---------------------+
| 2021-09-02 09:21:05 |
+---------------------+
1 row in set (0.00 sec)

mysql> 
mysql> mysql \. C:\workspace\cloud\code\sql\_DailyScript\DAILY-SCRIPT-RADIO-STATS.sql
Database changed
Query OK, 0 rows affected (0.05 sec)

Query OK, 435979 rows affected (5.68 sec)
Records: 435979  Duplicates: 0  Warnings: 0

+-----------+------------+----------+--------------+--------------+-----------+-------------+----------+--------+------+------------+---------+---------------+
| Table     | Non_unique | Key_name | Seq_in_index | Column_name  | Collation | Cardinality | Sub_part | Packed | Null | Index_type | Comment | Index_comment |
+-----------+------------+----------+--------------+--------------+-----------+-------------+----------+--------+------+------------+---------+---------------+
| tempradio |          1 | idxtrad1 |            1 | device       | A         |      437362 |     NULL | NULL   | YES  | BTREE      |         |               |
| tempradio |          1 | idxtrad2 |            1 | sessionstart | A         |      437362 |     NULL | NULL   | YES  | BTREE      |         |               |
+-----------+------------+----------+--------------+--------------+-----------+-------------+----------+--------+------+------------+---------+---------------+
2 rows in set (0.00 sec)

Query OK, 513 rows affected (1.46 sec)
Records: 513  Duplicates: 0  Warnings: 0

Query OK, 0 rows affected (0.01 sec)

Query OK, 6808 rows affected (0.65 sec)
Records: 6808  Duplicates: 0  Warnings: 0

+----------------+
| rep_radiostats |
+----------------+
|           6808 |
+----------------+
1 row in set (0.01 sec)

mysql> mysql \. C:\workspace\cloud\code\sql\_DailyScript\currenttime.sql
+---------------------+
| currenttime         |
+---------------------+
| 2021-09-02 09:21:13 |
+---------------------+
1 row in set (0.00 sec)

mysql> 
mysql> mysql \. C:\workspace\cloud\code\sql\_DailyScript\DAILY_SCRIPT_TELEMETRY_PIVOT_2021.sql
Query OK, 0 rows affected (0.01 sec)

Query OK, 140 rows affected (0.19 sec)
Records: 140  Duplicates: 0  Warnings: 0

Query OK, 0 rows affected (0.01 sec)

Query OK, 14135 rows affected (2.59 sec)
Records: 14135  Duplicates: 0  Warnings: 0

Query OK, 0 rows affected (0.01 sec)

Query OK, 6 rows affected (0.05 sec)
Records: 6  Duplicates: 0  Warnings: 0

Query OK, 0 rows affected (0.01 sec)

Query OK, 44 rows affected (0.10 sec)
Records: 44  Duplicates: 0  Warnings: 0

mysql> mysql \. C:\workspace\cloud\code\sql\_DailyScript\currenttime.sql
+---------------------+
| currenttime         |
+---------------------+
| 2021-09-02 09:21:16 |
+---------------------+
1 row in set (0.00 sec)

mysql> 
mysql> mysql \. C:\workspace\cloud\code\sql\_DailyScript\telemetry_livetv_ranking2021.sql
Query OK, 0 rows affected (0.01 sec)

Query OK, 140 rows affected (0.05 sec)
Records: 140  Duplicates: 0  Warnings: 0

mysql> mysql \. C:\workspace\cloud\code\sql\_DailyScript\currenttime.sql
+---------------------+
| currenttime         |
+---------------------+
| 2021-09-02 09:21:16 |
+---------------------+
1 row in set (0.00 sec)

mysql> 
mysql> mysql \. C:\workspace\cloud\code\sql\_DailyScript\telemetry_radio_ranking2021.sql
Query OK, 0 rows affected (0.01 sec)

Query OK, 6 rows affected (0.04 sec)
Records: 6  Duplicates: 0  Warnings: 0

mysql> mysql \. C:\workspace\cloud\code\sql\_DailyScript\currenttime.sql
+---------------------+
| currenttime         |
+---------------------+
| 2021-09-02 09:21:16 |
+---------------------+
1 row in set (0.00 sec)

mysql> 
mysql> mysql \. C:\workspace\cloud\code\sql\_DailyScript\telemetry_ts_ranking2021.sql
Query OK, 0 rows affected (0.01 sec)

Query OK, 44 rows affected (0.04 sec)
Records: 44  Duplicates: 0  Warnings: 0

mysql> mysql \. C:\workspace\cloud\code\sql\_DailyScript\currenttime.sql
+---------------------+
| currenttime         |
+---------------------+
| 2021-09-02 09:21:16 |
+---------------------+
1 row in set (0.00 sec)

mysql> 
mysql> mysql \. C:\workspace\cloud\code\sql\_DailyScript\telemetry_vod_ranking2021.sql
Query OK, 0 rows affected (0.01 sec)

Query OK, 14135 rows affected (0.83 sec)
Records: 14135  Duplicates: 0  Warnings: 0

mysql> mysql \. C:\workspace\cloud\code\sql\_DailyScript\currenttime.sql
+---------------------+
| currenttime         |
+---------------------+
| 2021-09-02 09:21:17 |
+---------------------+
1 row in set (0.00 sec)

mysql> 
mysql> mysql \. C:\workspace\cloud\code\sql\_DailyScript\telemetry_vod_ranking2021_1.sql
Query OK, 0 rows affected (0.01 sec)

Query OK, 14135 rows affected (0.34 sec)
Records: 14135  Duplicates: 0  Warnings: 0

mysql> mysql \. C:\workspace\cloud\code\sql\_DailyScript\currenttime.sql
+---------------------+
| currenttime         |
+---------------------+
| 2021-09-02 09:21:18 |
+---------------------+
1 row in set (0.00 sec)

mysql> 
mysql> mysql \. C:\workspace\cloud\code\sql\_DailyScript\telemetry_vod_ranking2021_2.sql
Query OK, 0 rows affected (0.01 sec)

Query OK, 14135 rows affected (0.39 sec)
Records: 14135  Duplicates: 0  Warnings: 0

mysql> mysql \. C:\workspace\cloud\code\sql\_DailyScript\currenttime.sql
+---------------------+
| currenttime         |
+---------------------+
| 2021-09-02 09:21:18 |
+---------------------+
1 row in set (0.00 sec)

mysql> 
mysql> mysql \. C:\workspace\cloud\code\sql\_DailyScript\DAILY-SCRIPT-CREATE-LOAD.sql
Database changed
Database changed
Query OK, 0 rows affected (0.05 sec)

Query OK, 0 rows affected (0.02 sec)

Database changed
Query OK, 68521 rows affected (2.98 sec)
Records: 68521  Deleted: 0  Skipped: 0  Warnings: 0

Query OK, 0 rows affected (0.25 sec)
Records: 0  Duplicates: 0  Warnings: 0

Query OK, 0 rows affected (0.30 sec)
Records: 0  Duplicates: 0  Warnings: 0

Query OK, 0 rows affected (0.42 sec)
Records: 0  Duplicates: 0  Warnings: 0

Query OK, 0 rows affected (0.33 sec)
Records: 0  Duplicates: 0  Warnings: 0

+---------+
| clients |
+---------+
|   68521 |
+---------+
1 row in set (0.05 sec)

Query OK, 0 rows affected (0.02 sec)

Query OK, 16311 rows affected (7.01 sec)
Records: 16311  Duplicates: 0  Warnings: 0

Query OK, 0 rows affected (0.17 sec)
Records: 0  Duplicates: 0  Warnings: 0

+-------------------+
| rcb_clientparcels |
+-------------------+
|             16311 |
+-------------------+
1 row in set (0.02 sec)

Query OK, 0 rows affected (0.02 sec)

Query OK, 85138 rows affected (3.44 sec)
Records: 85138  Duplicates: 0  Warnings: 0

Query OK, 0 rows affected (0.42 sec)
Records: 0  Duplicates: 0  Warnings: 0

Query OK, 0 rows affected (0.03 sec)

Query OK, 68521 rows affected (1 min 11.97 sec)
Records: 68521  Duplicates: 0  Warnings: 0

Query OK, 0 rows affected (0.29 sec)
Records: 0  Duplicates: 0  Warnings: 0

Query OK, 0 rows affected (0.30 sec)
Records: 0  Duplicates: 0  Warnings: 0

Query OK, 0 rows affected (0.23 sec)
Records: 0  Duplicates: 0  Warnings: 0

+---------------+
| clientaddress |
+---------------+
|         68521 |
+---------------+
1 row in set (0.02 sec)

Database changed
Query OK, 0 rows affected (0.06 sec)

Query OK, 0 rows affected (0.02 sec)

Database changed
Query OK, 558178 rows affected, 65535 warnings (17.41 sec)
Records: 558178  Deleted: 0  Skipped: 0  Warnings: 236027

Query OK, 0 rows affected (1.60 sec)
Records: 0  Duplicates: 0  Warnings: 0

Query OK, 0 rows affected (2.79 sec)
Records: 0  Duplicates: 0  Warnings: 0

Query OK, 0 rows affected (1.93 sec)
Records: 0  Duplicates: 0  Warnings: 0

Query OK, 0 rows affected (0.03 sec)

Query OK, 558178 rows affected (36.10 sec)
Records: 558178  Duplicates: 0  Warnings: 0

Query OK, 0 rows affected (2.08 sec)
Records: 0  Duplicates: 0  Warnings: 0

Query OK, 0 rows affected (1.75 sec)
Records: 0  Duplicates: 0  Warnings: 0

+-----------+
| contracts |
+-----------+
|    558178 |
+-----------+
1 row in set (0.14 sec)

+-----------------+
| contractaddress |
+-----------------+
|          558178 |
+-----------------+
1 row in set (0.14 sec)

Database changed
Query OK, 0 rows affected (0.01 sec)

Query OK, 0 rows affected (0.02 sec)

Query OK, 8094 rows affected (0.22 sec)
Records: 8094  Deleted: 0  Skipped: 0  Warnings: 0

Query OK, 0 rows affected (0.01 sec)

Query OK, 8061 rows affected (0.18 sec)
Records: 8061  Duplicates: 0  Warnings: 0

Query OK, 0 rows affected (0.06 sec)
Records: 0  Duplicates: 0  Warnings: 0

Query OK, 0 rows affected (0.06 sec)
Records: 0  Duplicates: 0  Warnings: 0

Query OK, 0 rows affected (0.06 sec)
Records: 0  Duplicates: 0  Warnings: 0

Query OK, 0 rows affected (0.01 sec)

Query OK, 6063 rows affected (0.12 sec)
Records: 6063  Duplicates: 0  Warnings: 0

Query OK, 0 rows affected (0.11 sec)
Records: 0  Duplicates: 0  Warnings: 0

+-------------------+
| contractdiscounts |
+-------------------+
|              8094 |
+-------------------+
1 row in set (0.01 sec)

+-------------------------+
| clientcontractdiscounts |
+-------------------------+
|                    8061 |
+-------------------------+
1 row in set (0.01 sec)

+----------------------------+
| clientcontractlastdiscount |
+----------------------------+
|                       6063 |
+----------------------------+
1 row in set (0.01 sec)

Database changed
Query OK, 0 rows affected (0.05 sec)

Query OK, 0 rows affected (0.02 sec)

Database changed
Query OK, 149626 rows affected, 20 warnings (3.21 sec)
Records: 149626  Deleted: 0  Skipped: 0  Warnings: 20

Query OK, 0 rows affected (0.42 sec)
Records: 0  Duplicates: 0  Warnings: 0

Query OK, 0 rows affected (0.42 sec)
Records: 0  Duplicates: 0  Warnings: 0

Query OK, 0 rows affected (0.46 sec)
Records: 0  Duplicates: 0  Warnings: 0

Query OK, 0 rows affected (0.40 sec)
Records: 0  Duplicates: 0  Warnings: 0

Query OK, 0 rows affected (0.50 sec)
Records: 0  Duplicates: 0  Warnings: 0

Query OK, 0 rows affected (0.73 sec)
Records: 0  Duplicates: 0  Warnings: 0

Query OK, 0 rows affected (0.11 sec)

Query OK, 1896422 rows affected (2 min 15.90 sec)
Records: 1896422  Duplicates: 0  Warnings: 0

Query OK, 0 rows affected (12.65 sec)
Records: 0  Duplicates: 0  Warnings: 0

+---------+
| devices |
+---------+
|  149626 |
+---------+
1 row in set (0.12 sec)

+-----------------------+
| clientcontractdevices |
+-----------------------+
|               1896422 |
+-----------------------+
1 row in set (0.81 sec)

Query OK, 0 rows affected (0.02 sec)

Query OK, 149482 rows affected (6.79 sec)
Records: 149482  Duplicates: 0  Warnings: 0

+---------------------------+
| rep_clientcontractdevices |
+---------------------------+
|                    149482 |
+---------------------------+
1 row in set (0.05 sec)

Database changed
Query OK, 0 rows affected (0.03 sec)

Query OK, 0 rows affected (0.02 sec)

Query OK, 336561 rows affected (8.59 sec)
Records: 336561  Deleted: 0  Skipped: 0  Warnings: 0

Query OK, 0 rows affected (1.06 sec)
Records: 0  Duplicates: 0  Warnings: 0

Query OK, 0 rows affected (0.97 sec)
Records: 0  Duplicates: 0  Warnings: 0

Query OK, 0 rows affected (0.96 sec)
Records: 0  Duplicates: 0  Warnings: 0

Query OK, 0 rows affected (0.85 sec)
Records: 0  Duplicates: 0  Warnings: 0

+---------+
| tickets |
+---------+
|  336561 |
+---------+
1 row in set (0.10 sec)

Database changed
Query OK, 0 rows affected (0.01 sec)

Query OK, 0 rows affected (0.02 sec)

Empty set (0.00 sec)

Query OK, 0 rows affected (0.04 sec)
Records: 0  Duplicates: 0  Warnings: 0

Query OK, 384 rows affected, 2 warnings (0.04 sec)
Records: 384  Deleted: 0  Skipped: 0  Warnings: 2

+-----------------+
| tickettechusers |
+-----------------+
|             384 |
+-----------------+
1 row in set (0.00 sec)

Database changed
Query OK, 0 rows affected (0.03 sec)

Query OK, 0 rows affected (0.02 sec)

Query OK, 0 rows affected (0.06 sec)
Records: 0  Duplicates: 0  Warnings: 0

Query OK, 754814 rows affected, 51877 warnings (11.78 sec)
Records: 754814  Deleted: 0  Skipped: 0  Warnings: 51877

+-------------------+
| ticketassignments |
+-------------------+
|            754814 |
+-------------------+
1 row in set (0.23 sec)

Database changed
Query OK, 0 rows affected (0.05 sec)

Query OK, 0 rows affected (0.02 sec)

Query OK, 1504498 rows affected (20.22 sec)
Records: 1504498  Deleted: 0  Skipped: 0  Warnings: 0

Query OK, 0 rows affected (3.28 sec)
Records: 0  Duplicates: 0  Warnings: 0

Query OK, 0 rows affected (2.94 sec)
Records: 0  Duplicates: 0  Warnings: 0

Query OK, 0 rows affected (2.92 sec)
Records: 0  Duplicates: 0  Warnings: 0

Query OK, 0 rows affected (3.52 sec)
Records: 0  Duplicates: 0  Warnings: 0

+----------------+
| ticketcomments |
+----------------+
|        1504498 |
+----------------+
1 row in set (0.39 sec)

Database changed
Query OK, 0 rows affected (0.01 sec)

Query OK, 0 rows affected (0.01 sec)

Query OK, 491566 rows affected (38.09 sec)
Records: 491566  Deleted: 0  Skipped: 0  Warnings: 0

Query OK, 0 rows affected (2.74 sec)
Records: 0  Duplicates: 0  Warnings: 0

+----------+
| comments |
+----------+
|   491566 |
+----------+
1 row in set (0.16 sec)

Database changed
Query OK, 0 rows affected (0.07 sec)

Query OK, 0 rows affected (0.02 sec)

Query OK, 1875564 rows affected, 65535 warnings (1 min 24.89 sec)
Records: 1875564  Deleted: 0  Skipped: 0  Warnings: 1875651

Query OK, 0 rows affected (3.67 sec)
Records: 0  Duplicates: 0  Warnings: 0

Query OK, 0 rows affected (4.49 sec)
Records: 0  Duplicates: 0  Warnings: 0

Query OK, 0 rows affected (4.75 sec)
Records: 0  Duplicates: 0  Warnings: 0

Query OK, 0 rows affected (4.26 sec)
Records: 0  Duplicates: 0  Warnings: 0

Query OK, 0 rows affected (6.96 sec)
Records: 0  Duplicates: 0  Warnings: 0

+------------+
| devicesold |
+------------+
|    1875564 |
+------------+
1 row in set (0.49 sec)

Database changed
Query OK, 0 rows affected (0.02 sec)

Query OK, 0 rows affected (0.01 sec)

Query OK, 1889886 rows affected, 1 warning (38.07 sec)
Records: 1889886  Deleted: 0  Skipped: 0  Warnings: 1

Query OK, 0 rows affected (4.53 sec)
Records: 0  Duplicates: 0  Warnings: 0

Query OK, 0 rows affected (4.18 sec)
Records: 0  Duplicates: 0  Warnings: 0

Query OK, 0 rows affected (4.33 sec)
Records: 0  Duplicates: 0  Warnings: 0

+------------------+
| contractservices |
+------------------+
|          1889886 |
+------------------+
1 row in set (0.69 sec)

Database changed
Query OK, 0 rows affected (0.19 sec)

Query OK, 0 rows affected (0.02 sec)

Query OK, 4800332 rows affected (2 min 38.83 sec)
Records: 4800332  Deleted: 0  Skipped: 0  Warnings: 0

Query OK, 0 rows affected (33.59 sec)
Records: 0  Duplicates: 0  Warnings: 0

Query OK, 0 rows affected (21.12 sec)
Records: 0  Duplicates: 0  Warnings: 0

Query OK, 0 rows affected (23.70 sec)
Records: 0  Duplicates: 0  Warnings: 0

Query OK, 0 rows affected (22.45 sec)
Records: 0  Duplicates: 0  Warnings: 0

Query OK, 0 rows affected (20.46 sec)
Records: 0  Duplicates: 0  Warnings: 0

+------------------+
| invoicescontents |
+------------------+
|          4800332 |
+------------------+
1 row in set (1.56 sec)

Database changed
Query OK, 0 rows affected (0.10 sec)

Query OK, 0 rows affected (0.02 sec)

Query OK, 3413851 rows affected (4 min 13.74 sec)
Records: 3413851  Deleted: 0  Skipped: 0  Warnings: 0

Query OK, 0 rows affected (36.14 sec)
Records: 0  Duplicates: 0  Warnings: 0

Query OK, 0 rows affected (23.22 sec)
Records: 0  Duplicates: 0  Warnings: 0

Query OK, 0 rows affected (23.25 sec)
Records: 0  Duplicates: 0  Warnings: 0

Query OK, 0 rows affected (21.11 sec)
Records: 0  Duplicates: 0  Warnings: 0

Query OK, 0 rows affected (21.80 sec)
Records: 0  Duplicates: 0  Warnings: 0

Query OK, 0 rows affected (23.31 sec)
Records: 0  Duplicates: 0  Warnings: 0

+----------------+
| invoicesheader |
+----------------+
|        3413851 |
+----------------+
1 row in set (0.94 sec)

Database changed
Query OK, 0 rows affected (0.10 sec)

Query OK, 0 rows affected (0.02 sec)

Query OK, 3371851 rows affected (2 min 3.68 sec)
Records: 3371851  Deleted: 0  Skipped: 0  Warnings: 0

Query OK, 0 rows affected (23.26 sec)
Records: 0  Duplicates: 0  Warnings: 0

Query OK, 0 rows affected (12.57 sec)
Records: 0  Duplicates: 0  Warnings: 0

Query OK, 0 rows affected (11.64 sec)
Records: 0  Duplicates: 0  Warnings: 0

Query OK, 0 rows affected (20.66 sec)
Records: 0  Duplicates: 0  Warnings: 0

Query OK, 0 rows affected (12.83 sec)
Records: 0  Duplicates: 0  Warnings: 0

+---------+
| casa    |
+---------+
| 3371851 |
+---------+
1 row in set (1.13 sec)

Query OK, 0 rows affected (0.00 sec)

Query OK, 1631 rows affected (8.55 sec)
Rows matched: 1631  Changed: 1631  Warnings: 0

Query OK, 0 rows affected (0.01 sec)

Query OK, 16740 rows affected (2 min 55.01 sec)
Records: 16740  Duplicates: 0  Warnings: 0

+--------------------+
| rep_paycol_channel |
+--------------------+
|              16740 |
+--------------------+
1 row in set (0.02 sec)

Query OK, 0 rows affected (0.01 sec)

Query OK, 12972 rows affected (3 min 15.55 sec)
Records: 12972  Duplicates: 0  Warnings: 0

+----------------+
| rep_paycol_pos |
+----------------+
|          12972 |
+----------------+
1 row in set (0.03 sec)

Database changed
Query OK, 0 rows affected (0.02 sec)

Query OK, 0 rows affected (0.02 sec)

Database changed
Query OK, 40729 rows affected (0.95 sec)
Records: 40729  Deleted: 0  Skipped: 0  Warnings: 0

+-------+
| users |
+-------+
| 40729 |
+-------+
1 row in set (0.04 sec)

Query OK, 0 rows affected (0.15 sec)
Records: 0  Duplicates: 0  Warnings: 0

Database changed
Query OK, 0 rows affected (0.08 sec)

Query OK, 0 rows affected (0.02 sec)

Query OK, 1872898 rows affected, 2 warnings (31.40 sec)
Records: 1872898  Deleted: 0  Skipped: 0  Warnings: 2

Query OK, 0 rows affected (4.66 sec)
Records: 0  Duplicates: 0  Warnings: 0

Query OK, 0 rows affected (5.00 sec)
Records: 0  Duplicates: 0  Warnings: 0

Query OK, 0 rows affected (4.23 sec)
Records: 0  Duplicates: 0  Warnings: 0

Query OK, 0 rows affected (3.59 sec)
Records: 0  Duplicates: 0  Warnings: 0

Query OK, 0 rows affected (3.18 sec)
Records: 0  Duplicates: 0  Warnings: 0

+-------------+
| useractions |
+-------------+
|     1872898 |
+-------------+
1 row in set (0.52 sec)

Database changed
Query OK, 0 rows affected (0.14 sec)

Query OK, 0 rows affected (0.03 sec)

Database changed
Query OK, 31167668 rows affected (7 min 16.82 sec)
Records: 31167668  Deleted: 0  Skipped: 0  Warnings: 0

Query OK, 0 rows affected (1 min 44.70 sec)
Records: 0  Duplicates: 0  Warnings: 0

Query OK, 0 rows affected (1 min 41.27 sec)
Records: 0  Duplicates: 0  Warnings: 0

Query OK, 0 rows affected (1 min 40.47 sec)
Records: 0  Duplicates: 0  Warnings: 0

Query OK, 0 rows affected (1 min 34.05 sec)
Records: 0  Duplicates: 0  Warnings: 0

Query OK, 0 rows affected (1 min 53.02 sec)
Records: 0  Duplicates: 0  Warnings: 0

+----------+
| ipusage1 |
+----------+
| 31167668 |
+----------+
1 row in set (18.54 sec)

Query OK, 0 rows affected (0.09 sec)

Query OK, 1889742 rows affected (27.07 sec)
Records: 1889742  Duplicates: 0  Warnings: 0

Query OK, 0 rows affected (9.77 sec)
Records: 0  Duplicates: 0  Warnings: 0

Query OK, 0 rows affected (10.65 sec)
Records: 0  Duplicates: 0  Warnings: 0

Query OK, 0 rows affected (6.75 sec)
Records: 0  Duplicates: 0  Warnings: 0

+------------------------------+
| contractsservicepackageprice |
+------------------------------+
|                      1889742 |
+------------------------------+
1 row in set (0.55 sec)

Query OK, 0 rows affected (0.06 sec)

Query OK, 1890101 rows affected (2 min 12.31 sec)
Records: 1890101  Duplicates: 0  Warnings: 0

Query OK, 0 rows affected (16.71 sec)
Records: 0  Duplicates: 0  Warnings: 0

Query OK, 0 rows affected (25.05 sec)
Records: 0  Duplicates: 0  Warnings: 0

Query OK, 0 rows affected (7.36 sec)
Records: 0  Duplicates: 0  Warnings: 0

Query OK, 0 rows affected (9.88 sec)
Records: 0  Duplicates: 0  Warnings: 0

+------------------------------------+
| clientcontractsservicepackageprice |
+------------------------------------+
|                            1890101 |
+------------------------------------+
1 row in set (0.57 sec)

mysql> mysql \. C:\workspace\cloud\code\sql\_DailyScript\currenttime.sql
+---------------------+
| currenttime         |
+---------------------+
| 2021-09-02 10:13:15 |
+---------------------+
1 row in set (0.00 sec)

mysql> 
mysql> mysql \. C:\workspace\cloud\code\sql\_DailyScript\ticket_analysis.sql
Database changed
Query OK, 0 rows affected (0.08 sec)

Query OK, 865455 rows affected (25.05 sec)
Records: 865455  Duplicates: 0  Warnings: 0

Query OK, 0 rows affected (3.67 sec)
Records: 0  Duplicates: 0  Warnings: 0

Query OK, 0 rows affected (2.30 sec)
Records: 0  Duplicates: 0  Warnings: 0

Query OK, 0 rows affected (2.09 sec)
Records: 0  Duplicates: 0  Warnings: 0

Query OK, 0 rows affected (0.04 sec)

Query OK, 27166 rows affected (13.58 sec)
Records: 27166  Duplicates: 0  Warnings: 0

Query OK, 0 rows affected, 1 warning (0.00 sec)

Query OK, 126098 rows affected (8.22 sec)
Records: 126098  Duplicates: 0  Warnings: 0

Query OK, 0 rows affected, 1 warning (0.00 sec)

Query OK, 638498 rows affected (15.61 sec)
Records: 638498  Duplicates: 0  Warnings: 0

Query OK, 0 rows affected, 1 warning (0.00 sec)

Query OK, 638498 rows affected (18.09 sec)
Records: 638498  Duplicates: 0  Warnings: 0

Query OK, 0 rows affected (0.02 sec)

Query OK, 126223 rows affected (4.89 sec)
Records: 126223  Duplicates: 0  Warnings: 0

Database changed
Query OK, 0 rows affected (0.00 sec)

Query OK, 0 rows affected (0.04 sec)

Query OK, 865455 rows affected (28.95 sec)
Records: 865455  Duplicates: 0  Warnings: 0

Query OK, 0 rows affected (0.03 sec)

Query OK, 447363 rows affected (17.95 sec)
Records: 447363  Duplicates: 0  Warnings: 0

+--------------------------+
| clientticket_cmmtjourney |
+--------------------------+
|                   865455 |
+--------------------------+
1 row in set (3.67 sec)

+---------------------------+
| clientticket_assgnjourney |
+---------------------------+
|                    447363 |
+---------------------------+
1 row in set (9.75 sec)

Query OK, 0 rows affected (0.02 sec)

Query OK, 81 rows affected (0.19 sec)
Records: 81  Duplicates: 0  Warnings: 0

mysql> mysql \. C:\workspace\cloud\code\sql\_DailyScript\currenttime.sql
+---------------------+
| currenttime         |
+---------------------+
| 2021-09-02 10:15:50 |
+---------------------+
1 row in set (0.00 sec)

mysql> 
mysql> mysql \. C:\workspace\cloud\code\sql\_DailyScript\load_DailyCalls.sql
Database changed
ERROR 2 (HY000): File 'C:\ProgramData\MySQL\MySQL Server 5.7\Uploads\CC\distribution_detail-CC-01092021.csv' not found (Errcode: 2 - No such file or directory)
Query OK, 0 rows affected, 1 warning (0.00 sec)

Query OK, 0 rows affected (0.09 sec)
Records: 0  Duplicates: 0  Warnings: 0

Query OK, 0 rows affected, 1 warning (0.00 sec)

Query OK, 70290 rows affected (0.43 sec)
Records: 70290  Duplicates: 0  Warnings: 0

+----------------------+
| callingclientsbefore |
+----------------------+
|              1261134 |
+----------------------+
1 row in set (0.73 sec)

Query OK, 0 rows affected (0.00 sec)
Records: 0  Duplicates: 0  Warnings: 0

+---------------------+
| callingclientsafter |
+---------------------+
|             1261134 |
+---------------------+
1 row in set (0.45 sec)

Query OK, 0 rows affected (0.01 sec)

Query OK, 0 rows affected (7.00 sec)
Records: 0  Duplicates: 0  Warnings: 0

Query OK, 0 rows affected (0.01 sec)

Query OK, 24547 rows affected (3.89 sec)
Records: 24547  Duplicates: 0  Warnings: 0

+-----------+
| callstats |
+-----------+
|     24547 |
+-----------+
1 row in set (0.02 sec)

Query OK, 0 rows affected, 1 warning (0.00 sec)

Query OK, 0 rows affected (5.47 sec)
Records: 0  Duplicates: 0  Warnings: 0

+------------------------+
| rep_cccallreportbefore |
+------------------------+
|                1262785 |
+------------------------+
1 row in set (0.46 sec)

Query OK, 0 rows affected (0.00 sec)
Records: 0  Duplicates: 0  Warnings: 0

+-----------------------+
| rep_cccallreportafter |
+-----------------------+
|               1262785 |
+-----------------------+
1 row in set (0.36 sec)

Query OK, 0 rows affected (0.01 sec)

mysql> mysql \. C:\workspace\cloud\code\sql\_DailyScript\currenttime.sql
+---------------------+
| currenttime         |
+---------------------+
| 2021-09-02 10:16:09 |
+---------------------+
1 row in set (0.00 sec)

mysql> 
mysql> mysql \. C:\workspace\cloud\code\sql\_DailyScript\DAILY-SCRIPT-USAGE.sql
Database changed
Query OK, 0 rows affected (0.00 sec)

Query OK, 4796 rows affected, 13990 warnings (1.29 sec)
Records: 4796  Deleted: 0  Skipped: 0  Warnings: 13990

Query OK, 0 rows affected (0.00 sec)

Query OK, 7457 rows affected, 21645 warnings (2.20 sec)
Records: 7457  Deleted: 0  Skipped: 0  Warnings: 21645

Query OK, 0 rows affected (0.00 sec)

Query OK, 263 rows affected, 945 warnings (0.09 sec)
Records: 263  Deleted: 0  Skipped: 0  Warnings: 945

Query OK, 0 rows affected (0.00 sec)

Query OK, 174 rows affected, 599 warnings (0.07 sec)
Records: 174  Deleted: 0  Skipped: 0  Warnings: 599

+------------+
| dailyusage |
+------------+
|   18762183 |
+------------+
1 row in set (9.12 sec)

+------------+------------+------------+---------+
| datestart  | dateend    | insertedon | records |
+------------+------------+------------+---------+
| 2021-09-01 | 2021-09-01 | 2021-09-02 |   12690 |
| 2021-08-31 | 2021-08-31 | 2021-09-01 |   12656 |
| 2021-08-30 | 2021-08-30 | 2021-08-31 |   11320 |
| 2021-08-29 | 2021-08-29 | 2021-08-30 |   10481 |
| 2021-08-28 | 2021-08-28 | 2021-08-30 |   10599 |
+------------+------------+------------+---------+
5 rows in set (59.47 sec)

+----------+------------+------------+------------+---------+
| category | datestart  | dateend    | insertedon | records |
+----------+------------+------------+------------+---------+
| UNCAPPED | 2021-09-01 | 2021-09-01 | 2021-09-02 |    7457 |
| PREPAID  | 2021-09-01 | 2021-09-01 | 2021-09-02 |     263 |
| HOTSPOT  | 2021-09-01 | 2021-09-01 | 2021-09-02 |     174 |
| CAPPED   | 2021-09-01 | 2021-09-01 | 2021-09-02 |    4796 |
| UNCAPPED | 2021-08-31 | 2021-08-31 | 2021-09-01 |    7581 |
| PREPAID  | 2021-08-31 | 2021-08-31 | 2021-09-01 |     281 |
| HOTSPOT  | 2021-08-31 | 2021-08-31 | 2021-09-01 |     187 |
| CAPPED   | 2021-08-31 | 2021-08-31 | 2021-09-01 |    4607 |
| UNCAPPED | 2021-08-30 | 2021-08-30 | 2021-08-31 |    6721 |
| PREPAID  | 2021-08-30 | 2021-08-30 | 2021-08-31 |     266 |
| HOTSPOT  | 2021-08-30 | 2021-08-30 | 2021-08-31 |     165 |
| CAPPED   | 2021-08-30 | 2021-08-30 | 2021-08-31 |    4168 |
| UNCAPPED | 2021-08-29 | 2021-08-29 | 2021-08-30 |    6065 |
| PREPAID  | 2021-08-29 | 2021-08-29 | 2021-08-30 |     302 |
| HOTSPOT  | 2021-08-29 | 2021-08-29 | 2021-08-30 |     165 |
| CAPPED   | 2021-08-29 | 2021-08-29 | 2021-08-30 |    3949 |
| UNCAPPED | 2021-08-28 | 2021-08-28 | 2021-08-30 |    6146 |
| PREPAID  | 2021-08-28 | 2021-08-28 | 2021-08-30 |     296 |
| HOTSPOT  | 2021-08-28 | 2021-08-28 | 2021-08-30 |     139 |
| CAPPED   | 2021-08-28 | 2021-08-28 | 2021-08-30 |    4018 |
+----------+------------+------------+------------+---------+
20 rows in set (28.91 sec)

mysql> mysql \. C:\workspace\cloud\code\sql\_DailyScript\currenttime.sql
+---------------------+
| currenttime         |
+---------------------+
| 2021-09-02 10:17:50 |
+---------------------+
1 row in set (0.01 sec)

mysql> 
mysql> mysql \. C:\workspace\cloud\code\sql\_DailyScript\DAILY-SCRIPT-SALES-TELEMETRY.sql
Database changed
Query OK, 226 rows affected, 179 warnings (0.12 sec)
Records: 226  Deleted: 0  Skipped: 0  Warnings: 179

+------------+
| dailysales |
+------------+
|     245435 |
+------------+
1 row in set (0.55 sec)

Query OK, 0 rows affected (0.02 sec)

Query OK, 245435 rows affected (15.92 sec)
Records: 245435  Duplicates: 0  Warnings: 0

+--------+
| sales  |
+--------+
| 245435 |
+--------+
1 row in set (0.09 sec)

Query OK, 0 rows affected (0.01 sec)

Query OK, 4073 rows affected (0.51 sec)
Records: 4073  Duplicates: 0  Warnings: 0

+----------------+
| rep_dailysales |
+----------------+
|           4073 |
+----------------+
1 row in set (0.00 sec)

Query OK, 0 rows affected (0.01 sec)

Query OK, 4073 rows affected (0.63 sec)
Records: 4073  Duplicates: 0  Warnings: 0

+-------------------+
| rep_dailysalesreg |
+-------------------+
|              4073 |
+-------------------+
1 row in set (0.00 sec)

Query OK, 0 rows affected (0.01 sec)

Query OK, 2977 rows affected (0.89 sec)
Records: 2977  Duplicates: 0  Warnings: 0

+-----------+
| saleslist |
+-----------+
|      2977 |
+-----------+
1 row in set (0.00 sec)

Database changed
Query OK, 1 row affected (0.01 sec)
Records: 1  Deleted: 0  Skipped: 0  Warnings: 0

+------------------+
| dailysinglesales |
+------------------+
|             6589 |
+------------------+
1 row in set (0.03 sec)

Database changed
Query OK, 12 rows affected (0.02 sec)
Records: 12  Deleted: 0  Skipped: 0  Warnings: 0

+-----------------+
| dailyaddonsales |
+-----------------+
|           24865 |
+-----------------+
1 row in set (0.09 sec)

Query OK, 425 rows affected (0.23 sec)
Records: 425  Deleted: 0  Skipped: 0  Warnings: 0

+----------------+
| onlinepayments |
+----------------+
|         219132 |
+----------------+
1 row in set (0.32 sec)

+-------------+----------------+---------------------+
| paymentdate | onlinepayments | onlinepaymentamount |
+-------------+----------------+---------------------+
| 2021-09-01  |            425 |        288065.45000 |
| 2021-08-31  |            309 |        202707.94000 |
| 2021-08-30  |            364 |        237251.32000 |
| 2021-08-29  |            259 |        169056.29000 |
| 2021-08-28  |            361 |        226310.89000 |
+-------------+----------------+---------------------+
5 rows in set (1.15 sec)

+-------------+--------------+----------------+---------------------+
| paymentyear | paymentmonth | onlinepayments | onlinepaymentamount |
+-------------+--------------+----------------+---------------------+
|        2021 |            9 |            425 |        288065.45000 |
|        2021 |            8 |           8864 |       5714008.87000 |
|        2021 |            7 |           8972 |       5795292.15000 |
|        2021 |            6 |           8773 |       5686976.03000 |
|        2021 |            5 |           9358 |       5959322.66000 |
+-------------+--------------+----------------+---------------------+
5 rows in set (0.30 sec)

mysql> mysql \. C:\workspace\cloud\code\sql\_DailyScript\currenttime.sql
+---------------------+
| currenttime         |
+---------------------+
| 2021-09-02 10:18:11 |
+---------------------+
1 row in set (0.00 sec)

mysql> 
mysql> mysql \. C:\workspace\cloud\code\sql\_DailyScript\DAILY-SCRIPT-ACTIVENUMBERS.sql
Database changed
Query OK, 1107 rows affected (0.87 sec)
Records: 1107  Deleted: 0  Skipped: 0  Warnings: 0

+------------+----------+
| period     | count(1) |
+------------+----------+
| 2021-09-01 |     1107 |
| 2021-08-31 |     1105 |
| 2021-08-30 |     1106 |
| 2021-08-29 |     1108 |
| 2021-08-28 |     1109 |
+------------+----------+
5 rows in set (0.01 sec)

Query OK, 0 rows affected (0.01 sec)

Query OK, 74 rows affected (1.53 sec)
Records: 74  Duplicates: 0  Warnings: 0

+-------------+
| packagelist |
+-------------+
|          74 |
+-------------+
1 row in set (0.00 sec)

Database changed
Query OK, 0 rows affected (0.00 sec)

Query OK, 0 rows affected (0.00 sec)

Query OK, 0 rows affected (0.00 sec)

Query OK, 0 rows affected (0.00 sec)

Query OK, 28965 rows affected, 211 warnings (34.52 sec)
Records: 28965  Deleted: 0  Skipped: 0  Warnings: 211

+------------+----------+
| period     | count(1) |
+------------+----------+
| 2021-09-01 |    28965 |
| 2021-08-31 |    28938 |
| 2021-08-30 |    28740 |
| 2021-08-29 |    28658 |
| 2021-08-28 |    28819 |
+------------+----------+
5 rows in set (0.23 sec)

Query OK, 0 rows affected (0.03 sec)

Query OK, 28403 rows affected (1 min 25.03 sec)
Records: 28403  Duplicates: 0  Warnings: 0

Query OK, 0 rows affected (0.17 sec)
Records: 0  Duplicates: 0  Warnings: 0

Query OK, 0 rows affected (0.18 sec)
Records: 0  Duplicates: 0  Warnings: 0

Query OK, 0 rows affected (0.17 sec)
Records: 0  Duplicates: 0  Warnings: 0

Query OK, 0 rows affected (0.11 sec)
Records: 0  Duplicates: 0  Warnings: 0

Query OK, 0 rows affected (0.10 sec)
Records: 0  Duplicates: 0  Warnings: 0

Query OK, 0 rows affected (0.13 sec)
Records: 0  Duplicates: 0  Warnings: 0

+-------------+
| countbefore |
+-------------+
|    48930876 |
+-------------+
1 row in set (31.56 sec)

Query OK, 28403 rows affected (11.88 sec)
Records: 28403  Duplicates: 0  Warnings: 0

+------------+
| countafter |
+------------+
|   48959279 |
+------------+
1 row in set (24.40 sec)

+------------+--------------------------+
| period     | customercontractactivity |
+------------+--------------------------+
| 2021-09-01 |                    28403 |
| 2021-08-31 |                    28376 |
| 2021-08-30 |                    28179 |
| 2021-08-29 |                    28097 |
| 2021-08-28 |                    28258 |
+------------+--------------------------+
5 rows in set (0.08 sec)

Query OK, 0 rows affected (0.02 sec)

Query OK, 315418 rows affected, 4 warnings (9 min 50.11 sec)
Records: 315418  Duplicates: 0  Warnings: 4

Query OK, 0 rows affected (1.29 sec)
Records: 0  Duplicates: 0  Warnings: 0

Query OK, 0 rows affected (1.46 sec)
Records: 0  Duplicates: 0  Warnings: 0

Query OK, 0 rows affected (1.25 sec)
Records: 0  Duplicates: 0  Warnings: 0

Query OK, 0 rows affected (0.01 sec)

Query OK, 231 rows affected (0.51 sec)
Records: 231  Duplicates: 0  Warnings: 0

Query OK, 0 rows affected (0.01 sec)

Query OK, 2551 rows affected (0.73 sec)
Records: 2551  Duplicates: 0  Warnings: 0

Query OK, 0 rows affected (0.01 sec)

Query OK, 28381 rows affected (0.68 sec)
Records: 28381  Duplicates: 0  Warnings: 0

Query OK, 0 rows affected (0.02 sec)

Query OK, 17213 rows affected (0.36 sec)
Records: 17213  Duplicates: 0  Warnings: 0

Query OK, 0 rows affected (0.01 sec)

Query OK, 17213 rows affected (0.15 sec)
Records: 17213  Duplicates: 0  Warnings: 0

Query OK, 0 rows affected (0.01 sec)

Query OK, 17213 rows affected (1.31 sec)
Records: 17213  Duplicates: 0  Warnings: 0

Query OK, 0 rows affected (0.01 sec)

Query OK, 17213 rows affected (42.98 sec)
Records: 17213  Duplicates: 0  Warnings: 0

+-------------+
| clientstats |
+-------------+
|       17213 |
+-------------+
1 row in set (0.01 sec)

Query OK, 0 rows affected (0.01 sec)

Query OK, 13 rows affected, 1 warning (0.11 sec)
Records: 13  Duplicates: 0  Warnings: 1

+-----------------------+-------------+-------------+----------------+-----------------+
| services              | activecount | allaccounts | uniqueaccounts | uniquecontracts |
+-----------------------+-------------+-------------+----------------+-----------------+
| All                   |         433 |          70 |             70 |             225 |
| Internet & Voice      |         317 |         139 |            139 |             273 |
| Internet Only         |        4440 |        4336 |           4333 |            4378 |
| OTT Only              |           1 |           1 |              1 |               1 |
| TV & Internet         |        9766 |        4368 |           4362 |            8906 |
| TV & Internet & OTT   |        4299 |        1119 |           1118 |            2329 |
| TV & Internet & Voice |         561 |         163 |            163 |             501 |
| TV & OTT              |         334 |          77 |             75 |              87 |
| TV & Voice            |          75 |          34 |             34 |              70 |
| TV & Voice & OTT      |           3 |           1 |              1 |               2 |
| TV Only               |        8628 |        6785 |           6781 |            6996 |
| Voice Only            |         122 |         120 |            120 |             122 |
| GRAND TOTAL           |       28979 |       17213 |          17144 |           23890 |
+-----------------------+-------------+-------------+----------------+-----------------+
13 rows in set (0.00 sec)

+-------------+-------------+-------------+----------------+-----------------+
| network     | activecount | allaccounts | uniqueaccounts | uniquecontracts |
+-------------+-------------+-------------+----------------+-----------------+
| GPON        |       12693 |        6347 |           6344 |           10047 |
| HFC         |       16286 |       10866 |          10866 |           13843 |
| GRAND TOTAL |       28979 |       17213 |          17144 |           23890 |
+-------------+-------------+-------------+----------------+-----------------+
3 rows in set, 1 warning (0.11 sec)

+-------------+-----------------------+-------------+-------------+----------------+-----------------+
| network     | services              | activecount | allaccounts | uniqueaccounts | uniquecontracts |
+-------------+-----------------------+-------------+-------------+----------------+-----------------+
| GPON        | All                   |         296 |          53 |             53 |             167 |
| GPON        | Internet & Voice      |          81 |          33 |             33 |              70 |
| GPON        | Internet Only         |        1599 |        1513 |           1513 |            1538 |
| GPON        | TV & Internet         |        5100 |        2230 |           2230 |            4582 |
| GPON        | TV & Internet & OTT   |        3121 |         812 |            812 |            1699 |
| GPON        | TV & Internet & Voice |         287 |          81 |             81 |             252 |
| GPON        | TV & OTT              |         152 |          48 |             48 |              49 |
| GPON        | TV & Voice            |          47 |          21 |             21 |              44 |
| GPON        | TV & Voice & OTT      |           3 |           1 |              1 |               2 |
| GPON        | TV Only               |        1993 |        1542 |           1542 |            1630 |
| GPON        | Voice Only            |          14 |          13 |             13 |              14 |
| GPON        | Services Total        |       12693 |        6347 |           6344 |           10047 |
| HFC         | All                   |         137 |          17 |             17 |              58 |
| HFC         | Internet & Voice      |         236 |         106 |            106 |             203 |
| HFC         | Internet Only         |        2841 |        2823 |           2823 |            2840 |
| HFC         | OTT Only              |           1 |           1 |              1 |               1 |
| HFC         | TV & Internet         |        4666 |        2138 |           2138 |            4324 |
| HFC         | TV & Internet & OTT   |        1178 |         307 |            307 |             630 |
| HFC         | TV & Internet & Voice |         274 |          82 |             82 |             249 |
| HFC         | TV & OTT              |         182 |          29 |             29 |              38 |
| HFC         | TV & Voice            |          28 |          13 |             13 |              26 |
| HFC         | TV Only               |        6635 |        5243 |           5243 |            5366 |
| HFC         | Voice Only            |         108 |         107 |            107 |             108 |
| HFC         | Services Total        |       16286 |       10866 |          10866 |           13843 |
| GRAND TOTAL | Services Total        |       28979 |       17213 |          17144 |           23890 |
+-------------+-----------------------+-------------+-------------+----------------+-----------------+
25 rows in set, 2 warnings (0.12 sec)

Query OK, 0 rows affected (0.01 sec)

Query OK, 41 rows affected, 3 warnings (0.22 sec)
Records: 41  Duplicates: 0  Warnings: 3

+-------------+---------------+-----------------------+-------------+-------------+----------------+-----------------+
| region      | network       | services              | activecount | allaccounts | uniqueaccounts | uniquecontracts |
+-------------+---------------+-----------------------+-------------+-------------+----------------+-----------------+
| Eden Island | GPON          | TV & Internet         |           2 |           1 |              1 |               2 |
| Eden Island | GPON          | Services Total        |           2 |           1 |              1 |               2 |
| Eden Island | Network Total | Services Total        |           2 |           1 |              1 |               2 |
| Mahe        | GPON          | All                   |         257 |          46 |             46 |             145 |
| Mahe        | GPON          | Internet & Voice      |          67 |          26 |             26 |              56 |
| Mahe        | GPON          | Internet Only         |        1353 |        1267 |           1267 |            1292 |
| Mahe        | GPON          | TV & Internet         |        4334 |        1886 |           1886 |            3873 |
| Mahe        | GPON          | TV & Internet & OTT   |        2589 |         658 |            658 |            1383 |
| Mahe        | GPON          | TV & Internet & Voice |         275 |          77 |             77 |             240 |
| Mahe        | GPON          | TV & OTT              |         121 |          38 |             38 |              39 |
| Mahe        | GPON          | TV & Voice            |          44 |          20 |             20 |              41 |
| Mahe        | GPON          | TV & Voice & OTT      |           3 |           1 |              1 |               2 |
| Mahe        | GPON          | TV Only               |        1652 |        1276 |           1276 |            1348 |
| Mahe        | GPON          | Voice Only            |          13 |          12 |             12 |              13 |
| Mahe        | GPON          | Services Total        |       10708 |        5307 |           5307 |            8432 |
| Mahe        | HFC           | All                   |         137 |          17 |             17 |              58 |
| Mahe        | HFC           | Internet & Voice      |         236 |         106 |            106 |             203 |
| Mahe        | HFC           | Internet Only         |        2841 |        2823 |           2823 |            2840 |
| Mahe        | HFC           | OTT Only              |           1 |           1 |              1 |               1 |
| Mahe        | HFC           | TV & Internet         |        4666 |        2138 |           2138 |            4324 |
| Mahe        | HFC           | TV & Internet & OTT   |        1178 |         307 |            307 |             630 |
| Mahe        | HFC           | TV & Internet & Voice |         274 |          82 |             82 |             249 |
| Mahe        | HFC           | TV & OTT              |         182 |          29 |             29 |              38 |
| Mahe        | HFC           | TV & Voice            |          28 |          13 |             13 |              26 |
| Mahe        | HFC           | TV Only               |        6635 |        5243 |           5243 |            5366 |
| Mahe        | HFC           | Voice Only            |         108 |         107 |            107 |             108 |
| Mahe        | HFC           | Services Total        |       16286 |       10866 |          10866 |           13843 |
| Mahe        | Network Total | Services Total        |       26994 |       16173 |          16107 |           22275 |
| Praslin     | GPON          | All                   |          39 |           7 |              7 |              22 |
| Praslin     | GPON          | Internet & Voice      |          14 |           7 |              7 |              14 |
| Praslin     | GPON          | Internet Only         |         246 |         246 |            246 |             246 |
| Praslin     | GPON          | TV & Internet         |         764 |         343 |            343 |             707 |
| Praslin     | GPON          | TV & Internet & OTT   |         532 |         154 |            154 |             316 |
| Praslin     | GPON          | TV & Internet & Voice |          12 |           4 |              4 |              12 |
| Praslin     | GPON          | TV & OTT              |          31 |          10 |             10 |              10 |
| Praslin     | GPON          | TV & Voice            |           3 |           1 |              1 |               3 |
| Praslin     | GPON          | TV Only               |         341 |         266 |            266 |             282 |
| Praslin     | GPON          | Voice Only            |           1 |           1 |              1 |               1 |
| Praslin     | GPON          | Services Total        |        1983 |        1039 |           1039 |            1613 |
| Praslin     | Network Total | Services Total        |        1983 |        1039 |           1039 |            1613 |
| GRAND TOTAL | Network Total | Services Total        |       28979 |       17213 |          17144 |           23890 |
+-------------+---------------+-----------------------+-------------+-------------+----------------+-----------------+
41 rows in set (0.00 sec)

Query OK, 0 rows affected (0.01 sec)

Query OK, 28382 rows affected (0.66 sec)
Records: 28382  Duplicates: 0  Warnings: 0

Query OK, 0 rows affected (0.01 sec)

Query OK, 2315 rows affected (3.57 sec)
Records: 2315  Duplicates: 0  Warnings: 0

+--------------------------------------+
| message                              |
+--------------------------------------+
| running rcbill_my.sp_ActiveNumber2() |
+--------------------------------------+
1 row in set (0.00 sec)

Query OK, 365 rows affected (2 min 33.13 sec)

mysql> mysql \. C:\workspace\cloud\code\sql\_DailyScript\currenttime.sql
+---------------------+
| currenttime         |
+---------------------+
| 2021-09-02 10:34:41 |
+---------------------+
1 row in set (0.00 sec)

mysql> 
mysql> mysql \. C:\workspace\cloud\code\sql\_DailyScript\GetActiveNumbers Average -Pivot.sql
Database changed
+-------------------------------------+
| @today := subdate(current_date(),1) |
+-------------------------------------+
| 2021-09-01                          |
+-------------------------------------+
1 row in set (0.00 sec)

+-------------------------------------+
| @lastdayofmonth := last_day(@today) |
+-------------------------------------+
| 2021-09-30                          |
+-------------------------------------+
1 row in set (0.00 sec)

Query OK, 0 rows affected (0.03 sec)

Query OK, 50479 rows affected, 65535 warnings (1 min 4.31 sec)
Records: 50479  Duplicates: 0  Warnings: 102377

Query OK, 0 rows affected (0.18 sec)
Records: 0  Duplicates: 0  Warnings: 0

Query OK, 0 rows affected (0.18 sec)
Records: 0  Duplicates: 0  Warnings: 0

Query OK, 0 rows affected (0.14 sec)
Records: 0  Duplicates: 0  Warnings: 0

+-----------------+
| activenumberavg |
+-----------------+
|           50479 |
+-----------------+
1 row in set (0.02 sec)

Query OK, 0 rows affected (0.01 sec)

Query OK, 1985 rows affected (0.65 sec)
Records: 1985  Duplicates: 0  Warnings: 0

+---------------------+
| rep_activenumberavg |
+---------------------+
|                1985 |
+---------------------+
1 row in set (0.00 sec)

+----------------------+
| rep_activenumberavg1 |
+----------------------+
|                  926 |
+----------------------+
1 row in set (0.00 sec)

Query OK, 0 rows affected (0.01 sec)

Query OK, 2667 rows affected (0.47 sec)
Records: 2667  Duplicates: 0  Warnings: 0

Query OK, 0 rows affected (0.01 sec)

Query OK, 13779 rows affected (0.84 sec)
Records: 13779  Duplicates: 0  Warnings: 0

Query OK, 0 rows affected (0.01 sec)

Query OK, 238 rows affected (0.39 sec)
Records: 238  Duplicates: 0  Warnings: 0

Query OK, 0 rows affected (0.00 sec)

Query OK, 0 rows affected (0.01 sec)

Query OK, 0 rows affected (0.01 sec)

Query OK, 0 rows affected (0.00 sec)

Query OK, 0 rows affected (0.00 sec)
Statement prepared

Query OK, 53 rows affected (0.08 sec)
Records: 53  Duplicates: 0  Warnings: 0

Query OK, 0 rows affected (0.00 sec)

Query OK, 0 rows affected (0.00 sec)

+----------------------+
| rep_activenumberavg2 |
+----------------------+
|                 2667 |
+----------------------+
1 row in set (0.00 sec)

+------------------------+
| rep_activenumberavg_pv |
+------------------------+
|                     53 |
+------------------------+
1 row in set (0.00 sec)

Query OK, 0 rows affected (0.01 sec)

Query OK, 2665 rows affected (0.51 sec)
Records: 2665  Duplicates: 0  Warnings: 0

Query OK, 0 rows affected (0.00 sec)

Query OK, 0 rows affected (0.01 sec)

Query OK, 0 rows affected (0.01 sec)

Query OK, 0 rows affected (0.00 sec)

Query OK, 0 rows affected (0.00 sec)
Statement prepared

Query OK, 53 rows affected (0.08 sec)
Records: 53  Duplicates: 0  Warnings: 0

Query OK, 0 rows affected (0.00 sec)

Query OK, 0 rows affected (0.00 sec)

+-------------------------+
| rep_activenumberavgMahe |
+-------------------------+
|                    2665 |
+-------------------------+
1 row in set (0.00 sec)

+----------------------------+
| rep_activenumberavgMahe_pv |
+----------------------------+
|                         53 |
+----------------------------+
1 row in set (0.00 sec)

Query OK, 0 rows affected (0.01 sec)

Query OK, 1686 rows affected (0.26 sec)
Records: 1686  Duplicates: 0  Warnings: 0

Query OK, 0 rows affected (0.00 sec)

Query OK, 0 rows affected (0.01 sec)

Query OK, 0 rows affected (0.01 sec)

Query OK, 0 rows affected (0.00 sec)

Query OK, 0 rows affected (0.00 sec)
Statement prepared

Query OK, 40 rows affected (0.08 sec)
Records: 40  Duplicates: 0  Warnings: 0

Query OK, 0 rows affected (0.00 sec)

Query OK, 0 rows affected (0.00 sec)

+----------------------------+
| rep_activenumberavgPraslin |
+----------------------------+
|                       1686 |
+----------------------------+
1 row in set (0.00 sec)

+-------------------------------+
| rep_activenumberavgPraslin_pv |
+-------------------------------+
|                            40 |
+-------------------------------+
1 row in set (0.00 sec)

mysql> mysql \. C:\workspace\cloud\code\sql\_DailyScript\currenttime.sql
+---------------------+
| currenttime         |
+---------------------+
| 2021-09-02 10:35:49 |
+---------------------+
1 row in set (0.00 sec)

mysql> 
mysql> mysql \. C:\workspace\cloud\code\sql\Analysis\clients_contracts_creditpolicy_2.sql
Database changed
Query OK, 0 rows affected (0.01 sec)

Query OK, 1890101 rows affected (55.40 sec)
Records: 1890101  Duplicates: 0  Warnings: 0

Query OK, 0 rows affected (0.02 sec)

Query OK, 28403 rows affected (1.69 sec)
Records: 28403  Duplicates: 0  Warnings: 0

Query OK, 0 rows affected (0.02 sec)

Query OK, 28465 rows affected (18.41 sec)
Records: 28465  Duplicates: 0  Warnings: 0

+-------------------------+
| rep_cust_cont_creditpol |
+-------------------------+
|                   28465 |
+-------------------------+
1 row in set (0.01 sec)

mysql> mysql \. C:\workspace\cloud\code\sql\_DailyScript\currenttime.sql
+---------------------+
| currenttime         |
+---------------------+
| 2021-09-02 10:37:05 |
+---------------------+
1 row in set (0.00 sec)

mysql> 
mysql> mysql \. C:\workspace\cloud\code\sql\_DailyScript\budget_actual_analysis_2021.sql
Query OK, 0 rows affected (0.01 sec)

Query OK, 910 rows affected, 3 warnings (0.33 sec)
Records: 910  Duplicates: 0  Warnings: 3

+--------------------+
| budget_actual_2021 |
+--------------------+
|                910 |
+--------------------+
1 row in set (0.00 sec)

Query OK, 0 rows affected (0.01 sec)

Query OK, 47 rows affected (0.07 sec)
Records: 47  Duplicates: 0  Warnings: 0

+---------------------------+
| rep_budget_actual_2021_pv |
+---------------------------+
|                        47 |
+---------------------------+
1 row in set (0.00 sec)

mysql> mysql \. C:\workspace\cloud\code\sql\_DailyScript\currenttime.sql
+---------------------+
| currenttime         |
+---------------------+
| 2021-09-02 10:37:05 |
+---------------------+
1 row in set (0.00 sec)

mysql> 
mysql> mysql \. C:\workspace\cloud\code\sql\_DailyScript\reports-sales-addons-prepaid-camera.sql
Database changed
Query OK, 0 rows affected (0.01 sec)

Query OK, 4357 rows affected (0.33 sec)
Records: 4357  Duplicates: 0  Warnings: 0

Query OK, 0 rows affected (0.01 sec)

Query OK, 24909 rows affected (33.34 sec)
Records: 24909  Duplicates: 0  Warnings: 0

+--------------------+
| rep_prepaid_camera |
+--------------------+
|               4357 |
+--------------------+
1 row in set (0.01 sec)

+-----------+
| rep_addon |
+-----------+
|     24909 |
+-----------+
1 row in set (0.02 sec)

mysql> mysql \. C:\workspace\cloud\code\sql\_DailyScript\currenttime.sql
+---------------------+
| currenttime         |
+---------------------+
| 2021-09-02 10:37:39 |
+---------------------+
1 row in set (0.00 sec)

mysql> 
mysql> mysql \. C:\workspace\cloud\code\sql\_DailyScript\RCB_ClientAnalyticsReport_Script.sql
Database changed
Query OK, 0 rows affected (0.00 sec)

Query OK, 0 rows affected (0.10 sec)

Query OK, 2123791 rows affected (1 min 6.09 sec)
Records: 2123791  Duplicates: 0  Warnings: 0

Query OK, 0 rows affected (18.49 sec)
Records: 0  Duplicates: 0  Warnings: 0

Query OK, 0 rows affected (7.63 sec)
Records: 0  Duplicates: 0  Warnings: 0

Query OK, 0 rows affected (10.66 sec)
Records: 0  Duplicates: 0  Warnings: 0

Query OK, 0 rows affected (18.00 sec)
Records: 0  Duplicates: 0  Warnings: 0

Query OK, 0 rows affected (14.25 sec)
Records: 0  Duplicates: 0  Warnings: 0

Query OK, 0 rows affected (10.05 sec)
Records: 0  Duplicates: 0  Warnings: 0

Query OK, 0 rows affected (0.00 sec)

Query OK, 523203 rows affected (17.41 sec)
Rows matched: 2123791  Changed: 523203  Warnings: 0

Query OK, 0 rows affected (0.02 sec)

Query OK, 29134 rows affected (17.17 sec)
Records: 29134  Duplicates: 0  Warnings: 0

+---------------------+
| clientcontractssubs |
+---------------------+
|               29134 |
+---------------------+
1 row in set (0.03 sec)

Query OK, 0 rows affected (0.03 sec)

Query OK, 45491 rows affected (10 min 38.47 sec)
Records: 45491  Duplicates: 0  Warnings: 0

Query OK, 0 rows affected (0.32 sec)
Records: 0  Duplicates: 0  Warnings: 0

Query OK, 0 rows affected (0.21 sec)
Records: 0  Duplicates: 0  Warnings: 0

Query OK, 0 rows affected (0.11 sec)
Records: 0  Duplicates: 0  Warnings: 0

+-----------------------+
| clientcontracthistory |
+-----------------------+
|                 45491 |
+-----------------------+
1 row in set (0.02 sec)

Query OK, 0 rows affected (0.03 sec)

Query OK, 2899499 rows affected (1 min 33.98 sec)
Records: 2899499  Duplicates: 0  Warnings: 0

Query OK, 0 rows affected (0.05 sec)

Query OK, 489678 rows affected (4 min 55.49 sec)
Records: 489678  Duplicates: 0  Warnings: 0

Query OK, 0 rows affected (1.61 sec)
Records: 0  Duplicates: 0  Warnings: 0

Query OK, 0 rows affected (0.83 sec)
Records: 0  Duplicates: 0  Warnings: 0

Query OK, 0 rows affected (1.75 sec)
Records: 0  Duplicates: 0  Warnings: 0

Query OK, 0 rows affected (1.21 sec)
Records: 0  Duplicates: 0  Warnings: 0

+--------------------------+
| clientcontractinvpmt_stg |
+--------------------------+
|                   489678 |
+--------------------------+
1 row in set (0.22 sec)

Query OK, 0 rows affected (0.02 sec)

Query OK, 489678 rows affected (12.79 sec)
Records: 489678  Duplicates: 0  Warnings: 0

Query OK, 0 rows affected (2.13 sec)
Records: 0  Duplicates: 0  Warnings: 0

Query OK, 0 rows affected (1.16 sec)
Records: 0  Duplicates: 0  Warnings: 0

Query OK, 0 rows affected (2.53 sec)
Records: 0  Duplicates: 0  Warnings: 0

Query OK, 0 rows affected (1.07 sec)
Records: 0  Duplicates: 0  Warnings: 0

+----------------------+
| clientcontractinvpmt |
+----------------------+
|               489678 |
+----------------------+
1 row in set (0.12 sec)

Query OK, 0 rows affected (0.01 sec)

Query OK, 45491 rows affected (1 min 26.95 sec)
Records: 45491  Duplicates: 0  Warnings: 0

+--------------+
| clientreport |
+--------------+
|        45491 |
+--------------+
1 row in set (0.04 sec)

Query OK, 0 rows affected (0.02 sec)

Query OK, 45491 rows affected (18.36 sec)
Records: 45491  Duplicates: 0  Warnings: 0

+----------------------+
| clientextendedreport |
+----------------------+
|                45491 |
+----------------------+
1 row in set (0.01 sec)

Query OK, 0 rows affected (0.01 sec)

Query OK, 45491 rows affected (1 min 55.44 sec)
Records: 45491  Duplicates: 0  Warnings: 0

+---------+
| allcust |
+---------+
|   45491 |
+---------+
1 row in set (0.04 sec)

Query OK, 0 rows affected, 1 warning (0.00 sec)

Query OK, 5000 rows affected (0.25 sec)
Records: 5000  Duplicates: 0  Warnings: 0

Query OK, 0 rows affected (0.01 sec)

Query OK, 6812 rows affected (0.38 sec)
Records: 6812  Duplicates: 0  Warnings: 0

Query OK, 0 rows affected, 1 warning (0.00 sec)

Query OK, 5000 rows affected (0.19 sec)
Records: 5000  Duplicates: 0  Warnings: 0

Query OK, 0 rows affected (0.01 sec)

Query OK, 7172 rows affected (0.24 sec)
Records: 7172  Duplicates: 0  Warnings: 0

mysql> mysql \. C:\workspace\cloud\code\sql\_DailyScript\currenttime.sql
+---------------------+
| currenttime         |
+---------------------+
| 2021-09-02 11:01:55 |
+---------------------+
1 row in set (0.00 sec)

mysql> 
mysql> 
mysql> mysql \. C:\workspace\cloud\code\sql\_DailyScript\REVENUE_PER_NODE_MXK.sql
Query OK, 0 rows affected (0.02 sec)

Query OK, 0 rows affected (0.02 sec)

Query OK, 0 rows affected (0.02 sec)

Query OK, 8604 rows affected (2.56 sec)
Records: 8604  Duplicates: 0  Warnings: 0

+----------------------+
| message              |
+----------------------+
| created temp table a |
+----------------------+
1 row in set (0.00 sec)

Query OK, 6786 rows affected (0.97 sec)
Records: 6786  Duplicates: 0  Warnings: 0

+----------------------+
| message              |
+----------------------+
| created temp table b |
+----------------------+
1 row in set (0.00 sec)

Query OK, 0 rows affected, 1 warning (0.00 sec)

Query OK, 8909 rows affected (23.02 sec)
Records: 8909  Duplicates: 0  Warnings: 0

+--------------------------------+
| message                        |
+--------------------------------+
| created rcbill_my.tempcustmxk1 |
+--------------------------------+
1 row in set (0.00 sec)

Query OK, 0 rows affected (0.01 sec)

Query OK, 0 rows affected (0.01 sec)

Query OK, 0 rows affected, 1 warning (0.00 sec)

Query OK, 8604 rows affected (2.05 sec)
Records: 8604  Duplicates: 0  Warnings: 0

+----------------+
| message        |
+----------------+
| created temp a |
+----------------+
1 row in set (0.00 sec)

Query OK, 6786 rows affected (0.94 sec)
Records: 6786  Duplicates: 0  Warnings: 0

+----------------+
| message        |
+----------------+
| created temp b |
+----------------+
1 row in set (0.00 sec)

Query OK, 0 rows affected, 1 warning (0.00 sec)

Query OK, 6917 rows affected (11.94 sec)
Records: 6917  Duplicates: 0  Warnings: 0

+--------------------------------+
| message                        |
+--------------------------------+
| created rcbill_my.tempcustmxk2 |
+--------------------------------+
1 row in set (0.00 sec)

Query OK, 0 rows affected (0.01 sec)

Query OK, 0 rows affected (0.01 sec)

Query OK, 0 rows affected, 1 warning (0.00 sec)

Query OK, 0 rows affected (0.01 sec)

Query OK, 9835 rows affected (0.63 sec)
Records: 9835  Duplicates: 0  Warnings: 0

+---------------------------------+
| message                         |
+---------------------------------+
| created rcbill_my.customers_mxk |
+---------------------------------+
1 row in set (0.01 sec)

Query OK, 0 rows affected (0.01 sec)

Query OK, 0 rows affected (0.01 sec)

Query OK, 14416 rows affected (6.03 sec)
Records: 14416  Duplicates: 0  Warnings: 0

+----------------+
| message        |
+----------------+
| created temp a |
+----------------+
1 row in set (0.00 sec)

Query OK, 17831 rows affected (2.33 sec)
Records: 17831  Duplicates: 0  Warnings: 0

+----------------+
| message        |
+----------------+
| created temp c |
+----------------+
1 row in set (0.00 sec)

Query OK, 0 rows affected, 1 warning (0.00 sec)

Query OK, 14416 rows affected (0.25 sec)
Records: 14416  Duplicates: 0  Warnings: 0

+---------------------------------+
| message                         |
+---------------------------------+
| created rcbill_my.tempcustcmts1 |
+---------------------------------+
1 row in set (0.00 sec)

Query OK, 0 rows affected (0.01 sec)

Query OK, 0 rows affected, 1 warning (0.00 sec)

Query OK, 0 rows affected (0.01 sec)

Query OK, 14416 rows affected (5.62 sec)
Records: 14416  Duplicates: 0  Warnings: 0

+----------------+
| message        |
+----------------+
| created temp a |
+----------------+
1 row in set (0.00 sec)

Query OK, 17831 rows affected (1.81 sec)
Records: 17831  Duplicates: 0  Warnings: 0

+----------------+
| message        |
+----------------+
| created temp c |
+----------------+
1 row in set (0.00 sec)

Query OK, 0 rows affected, 1 warning (0.00 sec)

Query OK, 17831 rows affected (0.21 sec)
Records: 17831  Duplicates: 0  Warnings: 0

+---------------------------------+
| message                         |
+---------------------------------+
| created rcbill_my.tempcustcmts2 |
+---------------------------------+
1 row in set (0.00 sec)

Query OK, 0 rows affected (0.01 sec)

Query OK, 0 rows affected, 1 warning (0.00 sec)

Query OK, 0 rows affected (0.01 sec)

Query OK, 0 rows affected (0.01 sec)

Query OK, 20799 rows affected (0.92 sec)
Records: 20799  Duplicates: 0  Warnings: 0

+----------------------------------+
| message                          |
+----------------------------------+
| created rcbill_my.customers_cmts |
+----------------------------------+
1 row in set (0.00 sec)

Query OK, 0 rows affected (0.01 sec)

Query OK, 0 rows affected (0.01 sec)

Query OK, 0 rows affected (0.01 sec)

Query OK, 25164 rows affected (1.28 sec)
Records: 25164  Duplicates: 0  Warnings: 0

+--------------------------------------+
| message                              |
+--------------------------------------+
| created rcbill_my.customers_cmts_mxk |
+--------------------------------------+
1 row in set (0.00 sec)

Query OK, 518404 rows affected (1 min 5.86 sec)
Records: 518404  Duplicates: 0  Warnings: 0

+----------------+
| message        |
+----------------+
| created temp a |
+----------------+
1 row in set (0.00 sec)

Query OK, 0 rows affected (0.03 sec)

Query OK, 519131 rows affected (9.33 sec)
Records: 519131  Duplicates: 0  Warnings: 0

+------------------------------------------------+
| message                                        |
+------------------------------------------------+
| created rcbill_my.customers_contracts_cmts_mxk |
+------------------------------------------------+
1 row in set (0.00 sec)

Query OK, 0 rows affected (0.08 sec)

Query OK, 0 rows affected, 1 warning (0.00 sec)

Query OK, 0 rows affected, 1 warning (0.00 sec)

Query OK, 0 rows affected (0.01 sec)

Query OK, 3986 rows affected (2.10 sec)
Rows matched: 3986  Changed: 3986  Warnings: 0

+------------------------------------------------+
| message                                        |
+------------------------------------------------+
| updated rcbill_my.customers_contracts_cmts_mxk |
+------------------------------------------------+
1 row in set (0.01 sec)

Query OK, 0 rows affected (0.04 sec)

Query OK, 2211937 rows affected (4 min 18.70 sec)
Records: 2211937  Duplicates: 0  Warnings: 0

+----------------------------------------+
| message                                |
+----------------------------------------+
| created rcbill_my.customers_collection |
+----------------------------------------+
1 row in set (0.00 sec)

Query OK, 0 rows affected (0.07 sec)

Query OK, 2560165 rows affected (2 min 21.70 sec)
Records: 2560165  Duplicates: 0  Warnings: 0

+------------------------------------------------+
| message                                        |
+------------------------------------------------+
| created rcbill_my.customers_cmts_mxk_cont_coll |
+------------------------------------------------+
1 row in set (0.01 sec)

Query OK, 0 rows affected (0.09 sec)

Query OK, 472006 rows affected (2 min 53.75 sec)
Records: 472006  Duplicates: 0  Warnings: 0

+--------------------------------------------------------+
| message                                                |
+--------------------------------------------------------+
| created rcbill_my.customers_contracts_collection_pivot |
+--------------------------------------------------------+
1 row in set (0.00 sec)

Query OK, 0 rows affected (0.03 sec)

Query OK, 41497 rows affected (2 min 53.26 sec)
Records: 41497  Duplicates: 0  Warnings: 0

+----------------------------------------------+
| message                                      |
+----------------------------------------------+
| created rcbill_my.customers_collection_pivot |
+----------------------------------------------+
1 row in set (0.00 sec)

Query OK, 0 rows affected (0.02 sec)

Query OK, 45491 rows affected (2.43 sec)
Records: 45491  Duplicates: 0  Warnings: 0

+--------------------------------------------+
| message                                    |
+--------------------------------------------+
| created rcbill_my.rep_customers_collection |
+--------------------------------------------+
1 row in set (0.00 sec)

Query OK, 0 rows affected (0.00 sec)

Query OK, 0 rows affected, 1 warning (0.00 sec)

Query OK, 480912 rows affected (12.96 sec)
Records: 480912  Duplicates: 0  Warnings: 0

+-------------------------+
| message                 |
+-------------------------+
| created rcbill_my.tempa |
+-------------------------+
1 row in set (0.00 sec)

Query OK, 0 rows affected, 1 warning (0.00 sec)

Query OK, 472006 rows affected (55.45 sec)
Records: 472006  Duplicates: 0  Warnings: 0

+-------------------------+
| message                 |
+-------------------------+
| created rcbill_my.tempb |
+-------------------------+
1 row in set (0.00 sec)

Query OK, 480912 rows affected (55.29 sec)
Records: 480912  Duplicates: 0  Warnings: 0

+-----------+
| message   |
+-----------+
| created a |
+-----------+
1 row in set (0.00 sec)

Query OK, 472006 rows affected (58.37 sec)
Records: 472006  Duplicates: 0  Warnings: 0

+-----------+
| message   |
+-----------+
| created b |
+-----------+
1 row in set (0.00 sec)

Query OK, 0 rows affected (0.09 sec)

Query OK, 0 rows affected (0.06 sec)

Query OK, 0 rows affected (0.05 sec)

Query OK, 517699 rows affected (1 min 19.92 sec)
Records: 517699  Duplicates: 0  Warnings: 0

+----------------------------------------------+
| message                                      |
+----------------------------------------------+
| created rcbill_my.cust_cont_payment_cmts_mxk |
+----------------------------------------------+
1 row in set (0.00 sec)

Query OK, 0 rows affected (0.03 sec)

Query OK, 0 rows affected (0.02 sec)

Query OK, 0 rows affected, 1 warning (0.00 sec)

Query OK, 0 rows affected (0.02 sec)

Query OK, 45491 rows affected (36.42 sec)
Records: 45491  Duplicates: 0  Warnings: 0

+--------------------------------------------------+
| message                                          |
+--------------------------------------------------+
| created rcbill_my.rep_cust_cont_payment_cmts_mxk |
+--------------------------------------------------+
1 row in set (0.00 sec)

Query OK, 0 rows affected, 1 warning (0.00 sec)

Query OK, 0 rows affected, 1 warning (0.00 sec)

Query OK, 0 rows affected (0.03 sec)

Query OK, 45491 rows affected (10.15 sec)
Records: 45491  Duplicates: 0  Warnings: 0

+----------------------+
| rep_custconsolidated |
+----------------------+
|                45491 |
+----------------------+
1 row in set (0.03 sec)

Query OK, 0 rows affected (0.01 sec)

Query OK, 37 rows affected (0.22 sec)
Records: 37  Duplicates: 0  Warnings: 0

+---------------------------------------+
| rep_activecustomerdistribution_level1 |
+---------------------------------------+
|                                    37 |
+---------------------------------------+
1 row in set (0.00 sec)

Query OK, 0 rows affected (0.01 sec)

Query OK, 226 rows affected (0.19 sec)
Records: 226  Duplicates: 0  Warnings: 0

+---------------------------------------+
| rep_activecustomerdistribution_level2 |
+---------------------------------------+
|                                   226 |
+---------------------------------------+
1 row in set (0.00 sec)

Query OK, 0 rows affected (0.01 sec)

Query OK, 45491 rows affected (7.28 sec)
Records: 45491  Duplicates: 0  Warnings: 0

+------------------------------+
| rep_custaddressparcelsprefix |
+------------------------------+
|                        45491 |
+------------------------------+
1 row in set (0.01 sec)

Query OK, 0 rows affected (0.01 sec)

+------------------------------------+
| message                            |
+------------------------------------+
| creating rcbill_my.rep_custextract |
+------------------------------------+
1 row in set (0.00 sec)

Query OK, 45491 rows affected (2.49 sec)
Records: 45491  Duplicates: 0  Warnings: 0

+-----------------+
| rep_custextract |
+-----------------+
|           45491 |
+-----------------+
1 row in set (0.04 sec)

Query OK, 0 rows affected (0.00 sec)

Query OK, 0 rows affected (0.02 sec)

+----------------------------------------------+
| message                                      |
+----------------------------------------------+
| creating rcbill_my.retentioncustomeractivity |
+----------------------------------------------+
1 row in set (0.00 sec)

Query OK, 1080 rows affected (0.17 sec)
Records: 1080  Duplicates: 0  Warnings: 0

+---------------------------+
| retentioncustomeractivity |
+---------------------------+
|                      1080 |
+---------------------------+
1 row in set (0.00 sec)

+-----------+------------------------------------+------------+-------------+-----------------+------------------+---------------------+-------------------+
| HFC_NODE  | NODENAME                           | CMTS_DATE  | INSERTED_ON | UNIQUE_ACCOUNTS | UNIQUE_CONTRACTS | UNIQUE_MAC_INRCBOSS | UNIQUE_MAC_INCMTS |
+-----------+------------------------------------+------------+-------------+-----------------+------------------+---------------------+-------------------+
| NULL      | NULL                               | NULL       | 2021-09-02  |           12822 |            14029 |               13991 |                 0 |
| C5/0/0/U0 | ANSE-BOILEAU-2                     | 2021-03-10 | 2021-09-02  |               0 |                0 |                   0 |               204 |
| C5/0/0/U1 | 500-C3-ANSE-BOILEAU                | 2021-03-10 | 2021-09-02  |               0 |                0 |                   0 |               202 |
| C5/0/1/U0 | 501-C4-LA-MISIERE-LEFT-I           | 2021-03-10 | 2021-09-02  |               0 |                0 |                   0 |               164 |
| C5/0/1/U1 | 501-C5-LA-MISIERE-RIGHT            | 2021-03-10 | 2021-09-02  |               0 |                0 |                   0 |               115 |
| C5/0/1/U2 | 501-C7-LA-MISIERE-LEFT-II          | 2021-03-10 | 2021-09-02  |               0 |                0 |                   0 |               161 |
| C5/0/2/U0 | 502-C8-LA-LOUISE                   | 2021-03-10 | 2021-09-02  |               0 |                0 |                   0 |               139 |
| C5/0/2/U1 | LA-LOUISE-2                        | 2021-03-10 | 2021-09-02  |               0 |                0 |                   0 |               142 |
| C5/0/3/U0 | 504-C6-PETIT-PARIS                 | 2021-03-10 | 2021-09-02  |               0 |                0 |                   0 |               150 |
| C5/0/3/U1 | PETIT-PARIS-23                     | 2021-03-10 | 2021-09-02  |               0 |                0 |                   0 |                73 |
| C5/0/4/U0 | FOUR-SEASONS                       | 2021-03-10 | 2021-09-02  |               0 |                0 |                   0 |                 2 |
| C5/0/4/U1 | ANCHOR-CAFE-I                      | 2021-03-10 | 2021-09-02  |               0 |                0 |                   0 |               168 |
| C5/0/4/U2 | ANCHOR-CAFE-II                     | 2021-03-10 | 2021-09-02  |               0 |                0 |                   0 |               160 |
| C5/1/0/U0 | POINTE-LARUE-AIRPORT-23            | 2021-03-10 | 2021-09-02  |               0 |                0 |                   0 |               114 |
| C5/1/0/U1 | PPROVIDENCE-23                     | 2021-03-10 | 2021-09-02  |               0 |                0 |                   0 |                21 |
| C5/1/0/U2 | ROSHE-CAIMAN-23                    | 2021-03-10 | 2021-09-02  |               0 |                0 |                   0 |                11 |
| C5/1/0/U3 | HEAD-OFFICE | HO-23                | 2021-03-10 | 2021-09-02  |               0 |                0 |                   0 |                22 |
| C5/1/1/U1 | C5-UNION-VALE                      | 2021-03-10 | 2021-09-02  |               0 |                0 |                   0 |               187 |
| C5/1/3/U0 | POINTE-LARUE-AIRPORT-27            | 2021-03-10 | 2021-09-02  |               0 |                0 |                   0 |               149 |
| C5/1/3/U1 | PPROVIDENCE-27                     | 2021-03-10 | 2021-09-02  |               0 |                0 |                   0 |                23 |
| C5/1/3/U2 | ROSHE-CAIMAN-27                    | 2021-03-10 | 2021-09-02  |               0 |                0 |                   0 |                29 |
| C5/1/3/U3 | HEAD-OFFICE | HO-27                | 2021-03-10 | 2021-09-02  |               0 |                0 |                   0 |                21 |
| C5/1/4/U0 | ANSE-ROYALE-27                     | 2021-03-10 | 2021-09-02  |               0 |                0 |                   0 |                99 |
| C5/1/4/U1 | GLACIS-2-57                        | 2021-03-10 | 2021-09-02  |               0 |                0 |                   0 |                64 |
| C5/1/4/U2 | NULL                               | 2021-03-10 | 2021-09-02  |               0 |                0 |                   0 |               115 |
| C5/1/4/U3 | GLACIS-1                           | 2021-03-10 | 2021-09-02  |               0 |                0 |                   0 |                26 |
| C6/0/1/U0 | SERRET-ROAD-RIGHT/CURIO/PASCAL     | 2021-03-10 | 2021-09-02  |               0 |                0 |                   0 |               129 |
| C6/0/1/U1 | SERRET-ROAD-LEFT/ST.LOUIS/TOWN     | 2021-03-10 | 2021-09-02  |               0 |                0 |                   0 |                74 |
| C6/0/1/U2 | SERRET-ROAD-RIGHT/CURIO/PASCAL-2   | 2021-03-10 | 2021-09-02  |               0 |                0 |                   0 |               130 |
| C6/0/1/U3 | SERRET-ROAD-LEFT/ST.LOUIS/TOWN-2   | 2021-03-10 | 2021-09-02  |               0 |                0 |                   0 |                75 |
| C6/0/2/U0 | SANS-SOUCIS-I                      | 2021-03-10 | 2021-09-02  |               0 |                0 |                   0 |               134 |
| C6/0/2/U1 | SANS-SOUCIS-II                     | 2021-03-10 | 2021-09-02  |               0 |                0 |                   0 |                78 |
| C6/0/2/U2 | BEL-AIR-27                         | 2021-03-10 | 2021-09-02  |               0 |                0 |                   0 |                91 |
| C6/0/2/U3 | BEL-AIR-38                         | 2021-03-10 | 2021-09-02  |               0 |                0 |                   0 |                84 |
| C6/0/3/U0 | LES-MAMELLES-23                    | 2021-03-10 | 2021-09-02  |               0 |                0 |                   0 |                56 |
| C6/0/3/U1 | VICTORIA-23                        | 2021-03-10 | 2021-09-02  |               0 |                0 |                   0 |                22 |
| C6/0/4/U0 | LES-MAMELLES-27                    | 2021-03-10 | 2021-09-02  |               0 |                0 |                   0 |               100 |
| C6/0/4/U1 | VICTORIA-27                        | 2021-03-10 | 2021-09-02  |               0 |                0 |                   0 |                20 |
| C7/1/0/U0 | LA-RETRAITE-23                     | 2021-03-10 | 2021-09-02  |               0 |                0 |                   0 |                75 |
| C7/1/0/U1 | TEA-FACTORY-23                     | 2021-03-10 | 2021-09-02  |               0 |                0 |                   0 |                34 |
| C7/1/0/U2 | PAS-23                             | 2021-03-10 | 2021-09-02  |               0 |                0 |                   0 |                88 |
| C7/1/1/U0 | REEF-ESTATE-23                     | 2021-03-10 | 2021-09-02  |               0 |                0 |                   0 |                77 |
| C7/1/2/U0 | LA-RETRAITE-27                     | 2021-03-10 | 2021-09-02  |               0 |                0 |                   0 |                72 |
| C7/1/2/U1 | TEA-FACTORY-27                     | 2021-03-10 | 2021-09-02  |               0 |                0 |                   0 |                22 |
| C7/1/2/U2 | PAS-27                             | 2021-03-10 | 2021-09-02  |               0 |                0 |                   0 |               100 |
| C7/1/3/U0 | MT-BUXTON-27                       | 2021-03-10 | 2021-09-02  |               0 |                0 |                   0 |               156 |
| C7/1/3/U1 | MT-BUXTON-23                       | 2021-03-10 | 2021-09-02  |               0 |                0 |                   0 |                76 |
| C7/1/4/U0 | REEF-ESTATE-27                     | 2021-03-10 | 2021-09-02  |               0 |                0 |                   0 |                94 |
| C8/0/0/U0 | POLICE-ACADEMY-1-27 - POINTE LARUE | 2021-03-10 | 2021-09-02  |               0 |                0 |                   0 |                85 |
| C8/0/0/U1 | NULL                               | 2021-03-10 | 2021-09-02  |               0 |                0 |                   0 |               109 |
| C8/0/1/U0 | NULL                               | 2021-03-10 | 2021-09-02  |               0 |                0 |                   0 |               310 |
| C8/0/1/U1 | POLICE-ACADEMY-2-27 - TURTLE BAY   | 2021-03-10 | 2021-09-02  |               0 |                0 |                   0 |               165 |
| C8/1/0/U0 | MA-JOIE-NODE-27                    | 2021-03-10 | 2021-09-02  |               0 |                0 |                   0 |                92 |
| C8/1/0/U1 | BELONIE-27                         | 2021-03-10 | 2021-09-02  |               0 |                0 |                   0 |               146 |
| C8/1/0/U3 | MA-JOIE-NODE-23                    | 2021-03-10 | 2021-09-02  |               0 |                0 |                   0 |                91 |
| C8/1/1/U0 | 611-C1-ROJN I                      | 2021-03-10 | 2021-09-02  |               0 |                0 |                   0 |               116 |
| C8/1/1/U1 | 611-C5-ROJN II                     | 2021-03-10 | 2021-09-02  |               0 |                0 |                   0 |               118 |
| C8/1/2/U0 | 612-C2-ANSE-ETOILE                 | 2021-03-10 | 2021-09-02  |               0 |                0 |                   0 |               112 |
| C8/1/2/U1 | ANSE-ETOILE-U2                     | 2021-03-10 | 2021-09-02  |               0 |                0 |                   0 |                49 |
| C8/1/3/U0 | 613-C3-ANSE-GAULETTE I             | 2021-03-10 | 2021-09-02  |               0 |                0 |                   0 |                77 |
| C8/1/3/U1 | 613-C7-ANSE-GAULETTE II            | 2021-03-10 | 2021-09-02  |               0 |                0 |                   0 |                80 |
| C8/1/3/U2 | 613-C3-ANSE-GAULETTE III           | 2021-03-10 | 2021-09-02  |               0 |                0 |                   0 |                41 |
| C8/1/3/U3 | TAKAMAKA I                         | 2021-03-10 | 2021-09-02  |               0 |                0 |                   0 |               100 |
| C8/1/3/U4 | TAKAMAKA II                        | 2021-03-10 | 2021-09-02  |               0 |                0 |                   0 |               103 |
| C8/1/4/U0 | 614-BEOLIERE-NODE-1                | 2021-03-10 | 2021-09-02  |               0 |                0 |                   0 |               135 |
| C8/1/4/U1 | 614-BEOLIERE-NODE-2                | 2021-03-10 | 2021-09-02  |               0 |                0 |                   0 |               106 |
+-----------+------------------------------------+------------+-------------+-----------------+------------------+---------------------+-------------------+
66 rows in set (0.48 sec)

+-----------------------+------------+-------------+-----------------+------------------+----------------------+-------------------+
| MXK_NAME              | MXK_DATE   | INSERTED_ON | UNIQUE_ACCOUNTS | UNIQUE_CONTRACTS | UNIQUE_FSAN_INRCBOSS | UNIQUE_FSAN_INMXK |
+-----------------------+------------+-------------+-----------------+------------------+----------------------+-------------------+
| NULL                  | NULL       | 2021-09-02  |            2857 |             2911 |                 2899 |                 0 |
| MXK-MAHE-ANSEETOILE   | 2020-07-27 | 2021-09-02  |             375 |              379 |                  378 |               398 |
| MXK-MAHE-ANSEROYALE   | 2020-07-27 | 2021-09-02  |             170 |              172 |                  171 |               198 |
| MXK-MAHE-BEAUVALLON-1 | 2020-07-27 | 2021-09-02  |            1782 |             1811 |                 1799 |              1919 |
| MXK-MAHE-BEAUVALLON-2 | 2020-07-27 | 2021-09-02  |              24 |               24 |                   24 |                30 |
| MXK-MAHE-PERSEVERANCE | 2020-07-27 | 2021-09-02  |            1051 |             1076 |                 1062 |              1241 |
| MXK-MAHE-PROVIDENCE   | 2020-07-27 | 2021-09-02  |             989 |             1019 |                  935 |              1192 |
| MXK-PRASLIN-GRANDANSE | 2020-07-27 | 2021-09-02  |            1275 |             1279 |                 1270 |              1514 |
+-----------------------+------------+-------------+-----------------+------------------+----------------------+-------------------+
8 rows in set (0.27 sec)

mysql> mysql \. C:\workspace\cloud\code\sql\_DailyScript\currenttime.sql
+---------------------+
| currenttime         |
+---------------------+
| 2021-09-02 11:22:04 |
+---------------------+
1 row in set (0.00 sec)

mysql> 
mysql> mysql \. C:\workspace\cloud\code\sql\_DailyScript\housing-estate-analysis.sql
Database changed
Query OK, 0 rows affected (0.01 sec)

Query OK, 3689 rows affected (16.63 sec)
Records: 3689  Duplicates: 0  Warnings: 0

+--------------------+
| rep_housingestates |
+--------------------+
|               3689 |
+--------------------+
1 row in set (0.00 sec)

mysql> mysql \. C:\workspace\cloud\code\sql\_DailyScript\currenttime.sql
+---------------------+
| currenttime         |
+---------------------+
| 2021-09-02 11:22:21 |
+---------------------+
1 row in set (0.00 sec)

mysql> 
mysql> 
mysql> mysql \. C:\workspace\cloud\code\sql\Analysis\service_tickets_assignments.sql
Query OK, 0 rows affected (0.02 sec)

Query OK, 71735 rows affected (12.35 sec)
Records: 71735  Duplicates: 0  Warnings: 0

+-------------------------+
| rep_servicetickets_2021 |
+-------------------------+
|                   71735 |
+-------------------------+
1 row in set (0.12 sec)

Query OK, 0 rows affected (0.01 sec)

Query OK, 15376 rows affected (2.25 sec)
Records: 15376  Duplicates: 0  Warnings: 0

+------------------+
| rep_tkt_f_level1 |
+------------------+
|            15376 |
+------------------+
1 row in set (0.01 sec)

Query OK, 0 rows affected (0.02 sec)

Query OK, 88695 rows affected (2.78 sec)
Records: 88695  Duplicates: 0  Warnings: 0

+------------------+
| rep_tkt_f_level2 |
+------------------+
|            88695 |
+------------------+
1 row in set (0.06 sec)

Query OK, 0 rows affected (0.03 sec)

Query OK, 126223 rows affected (3.37 sec)
Records: 126223  Duplicates: 0  Warnings: 0

+------------------+
| rep_tkt_f_level3 |
+------------------+
|           126223 |
+------------------+
1 row in set (0.09 sec)

Query OK, 0 rows affected (0.03 sec)

Query OK, 3404 rows affected (0.64 sec)
Records: 3404  Duplicates: 0  Warnings: 0

+--------------------+
| rep_tkt_irs_level1 |
+--------------------+
|               3404 |
+--------------------+
1 row in set (0.01 sec)

Query OK, 0 rows affected (0.02 sec)

Query OK, 16499 rows affected (1.11 sec)
Records: 16499  Duplicates: 0  Warnings: 0

+--------------------+
| rep_tkt_irs_level2 |
+--------------------+
|              16499 |
+--------------------+
1 row in set (0.01 sec)

Query OK, 0 rows affected (0.03 sec)

Query OK, 27166 rows affected (1.71 sec)
Records: 27166  Duplicates: 0  Warnings: 0

+--------------------+
| rep_tkt_irs_level3 |
+--------------------+
|              27166 |
+--------------------+
1 row in set (0.02 sec)

mysql> mysql \. C:\workspace\cloud\code\sql\_DailyScript\currenttime.sql
+---------------------+
| currenttime         |
+---------------------+
| 2021-09-02 11:22:45 |
+---------------------+
1 row in set (0.00 sec)

mysql> 
mysql> mysql \. C:\workspace\cloud\code\sql\_DailyScript\DAILY-SCRIPT-USAGESTATS.sql
Database changed
Query OK, 0 rows affected (0.64 sec)

Query OK, 31528342 rows affected, 65535 warnings (10 min 25.23 sec)
Records: 31528342  Duplicates: 0  Warnings: 31518234

Query OK, 0 rows affected (1 min 50.71 sec)
Records: 0  Duplicates: 0  Warnings: 0

Query OK, 0 rows affected (1 min 58.55 sec)
Records: 0  Duplicates: 0  Warnings: 0

Query OK, 0 rows affected (1 min 57.82 sec)
Records: 0  Duplicates: 0  Warnings: 0

Query OK, 0 rows affected (1 min 54.03 sec)
Records: 0  Duplicates: 0  Warnings: 0

Query OK, 0 rows affected (2 min 38.72 sec)
Records: 0  Duplicates: 0  Warnings: 0

Query OK, 0 rows affected (2 min 54.14 sec)
Records: 0  Duplicates: 0  Warnings: 0

Query OK, 0 rows affected (2 min 40.93 sec)
Records: 0  Duplicates: 0  Warnings: 0

Query OK, 0 rows affected (2 min 0.36 sec)
Records: 0  Duplicates: 0  Warnings: 0

+----------+
| ipusage  |
+----------+
| 31528342 |
+----------+
1 row in set (19.84 sec)

Query OK, 0 rows affected (0.29 sec)

Query OK, 9073377 rows affected (8 min 1.57 sec)
Records: 9073377  Duplicates: 0  Warnings: 0

Query OK, 0 rows affected (42.70 sec)
Records: 0  Duplicates: 0  Warnings: 0

Query OK, 0 rows affected (25.36 sec)
Records: 0  Duplicates: 0  Warnings: 0

Query OK, 0 rows affected (40.36 sec)
Records: 0  Duplicates: 0  Warnings: 0

Query OK, 0 rows affected (46.36 sec)
Records: 0  Duplicates: 0  Warnings: 0

Query OK, 0 rows affected (31.94 sec)
Records: 0  Duplicates: 0  Warnings: 0

+------------------+
| clientcontractip |
+------------------+
|          9073377 |
+------------------+
1 row in set (2.38 sec)

Query OK, 0 rows affected (0.10 sec)

Query OK, 15485293 rows affected (5 min 38.93 sec)
Records: 15485293  Duplicates: 0  Warnings: 0

+---------------------------+
| clientcontractipusage_stg |
+---------------------------+
|                  15485293 |
+---------------------------+
1 row in set (7.09 sec)

+------------------------------------+
| clientcontractipusage_beforeinsert |
+------------------------------------+
|                           15485293 |
+------------------------------------+
1 row in set (11.18 sec)

Query OK, 12581 rows affected (25.36 sec)
Records: 12581  Duplicates: 0  Warnings: 0

+-----------------------------------+
| clientcontractipusage_afterinsert |
+-----------------------------------+
|                          15497874 |
+-----------------------------------+
1 row in set (7.98 sec)

Query OK, 0 rows affected (0.00 sec)

+------------------------+
| info                   |
+------------------------+
| updating null packages |
+------------------------+
1 row in set (0.00 sec)

Query OK, 0 rows affected (42.31 sec)
Rows matched: 168027  Changed: 0  Warnings: 0

+------------+----------+
| usagedate  | count(*) |
+------------+----------+
| 2021-09-01 |    12581 |
| 2021-08-31 |    12440 |
| 2021-08-30 |    11141 |
| 2021-08-29 |     9171 |
| 2021-08-28 |    10324 |
| 2021-08-27 |    10436 |
| 2021-08-26 |    10449 |
| 2021-08-25 |    10430 |
| 2021-08-24 |    10621 |
| 2021-08-23 |    10774 |
| 2021-08-22 |    10770 |
| 2021-08-21 |    12587 |
| 2021-08-20 |    12675 |
| 2021-08-19 |    12607 |
| 2021-08-18 |    12603 |
+------------+----------+
15 rows in set (0.12 sec)

Query OK, 0 rows affected (0.05 sec)

Query OK, 723031 rows affected (1 min 6.39 sec)
Records: 723031  Duplicates: 0  Warnings: 0

Query OK, 0 rows affected (2.38 sec)
Records: 0  Duplicates: 0  Warnings: 0

Query OK, 0 rows affected (2.60 sec)
Records: 0  Duplicates: 0  Warnings: 0

Query OK, 0 rows affected (2.65 sec)
Records: 0  Duplicates: 0  Warnings: 0

Query OK, 0 rows affected (1.42 sec)
Records: 0  Duplicates: 0  Warnings: 0

Query OK, 0 rows affected (1.67 sec)
Records: 0  Duplicates: 0  Warnings: 0

Query OK, 0 rows affected (1.64 sec)
Records: 0  Duplicates: 0  Warnings: 0

Query OK, 0 rows affected (1.69 sec)
Records: 0  Duplicates: 0  Warnings: 0

+-----------------------+
| clientcontractipmonth |
+-----------------------+
|                723031 |
+-----------------------+
1 row in set (0.29 sec)

Query OK, 0 rows affected (0.02 sec)

Query OK, 12364 rows affected (48.21 sec)
Records: 12364  Duplicates: 0  Warnings: 0

+-----------------------+
| rep_dailypackageusage |
+-----------------------+
|                 12364 |
+-----------------------+
1 row in set (0.01 sec)

mysql> mysql \. C:\workspace\cloud\code\sql\_DailyScript\currenttime.sql
+---------------------+
| currenttime         |
+---------------------+
| 2021-09-02 12:12:00 |
+---------------------+
1 row in set (0.00 sec)

mysql> 
mysql> mysql \. C:\workspace\cloud\code\sql\GIS\GetParcelExtract.sql
Database changed
Query OK, 0 rows affected (0.02 sec)

Query OK, 15523 rows affected (4.57 sec)
Records: 15523  Duplicates: 0  Warnings: 0

+-------------------------+
| IV_PARCELEXTRACTStaging |
+-------------------------+
|                   15523 |
+-------------------------+
1 row in set (0.02 sec)

Query OK, 0 rows affected (0.00 sec)

Query OK, 0 rows affected (0.01 sec)

Query OK, 9553 rows affected (0.28 sec)
Records: 9553  Duplicates: 0  Warnings: 0

+-----------------+
| IV_PARCELFORMAP |
+-----------------+
|            9553 |
+-----------------+
1 row in set (0.01 sec)

Query OK, 0 rows affected (0.01 sec)

Query OK, 246 rows affected (0.07 sec)
Records: 246  Duplicates: 0  Warnings: 0

+----------------------------+
| IV_PARCELFORMAP_Inactive_2 |
+----------------------------+
|                        246 |
+----------------------------+
1 row in set (0.00 sec)

Query OK, 0 rows affected (0.01 sec)

Query OK, 311 rows affected (0.07 sec)
Records: 311  Duplicates: 0  Warnings: 0

+----------------------------+
| IV_PARCELFORMAP_Inactive_3 |
+----------------------------+
|                        311 |
+----------------------------+
1 row in set (0.00 sec)

Query OK, 0 rows affected (0.01 sec)

Query OK, 500 rows affected (0.07 sec)
Records: 500  Duplicates: 0  Warnings: 0

+----------------------------+
| IV_PARCELFORMAP_Inactive_4 |
+----------------------------+
|                        500 |
+----------------------------+
1 row in set (0.00 sec)

Query OK, 0 rows affected (0.01 sec)

Query OK, 2446 rows affected (0.13 sec)
Records: 2446  Duplicates: 0  Warnings: 0

+----------------------------+
| IV_PARCELFORMAP_Inactive_5 |
+----------------------------+
|                       2446 |
+----------------------------+
1 row in set (0.01 sec)

Query OK, 0 rows affected (0.01 sec)

Query OK, 4369 rows affected (0.17 sec)
Records: 4369  Duplicates: 0  Warnings: 0

+---------------------+
| IV_PARCELFORMAP_HFC |
+---------------------+
|                4369 |
+---------------------+
1 row in set (0.01 sec)

Query OK, 0 rows affected (0.01 sec)

Query OK, 3960 rows affected (0.19 sec)
Records: 3960  Duplicates: 0  Warnings: 0

+----------------------+
| IV_PARCELFORMAP_GPON |
+----------------------+
|                 3960 |
+----------------------+
1 row in set (0.01 sec)

Query OK, 0 rows affected (0.01 sec)

Query OK, 44 rows affected (0.05 sec)
Records: 44  Duplicates: 0  Warnings: 0

+---------------------+
| IV_PARCELFORMAP_MIX |
+---------------------+
|                  44 |
+---------------------+
1 row in set (0.00 sec)

mysql> mysql \. C:\workspace\cloud\code\sql\_DailyScript\currenttime.sql
+---------------------+
| currenttime         |
+---------------------+
| 2021-09-02 12:12:05 |
+---------------------+
1 row in set (0.00 sec)

mysql> 
mysql> exit
