    -> 
    -> mysql \. C:\workspace\cloud\code\sql\_DailyScript\_setdates.sql
Query OK, 0 rows affected (0.01 sec)

Query OK, 0 rows affected (1.77 sec)

Database changed
Query OK, 0 rows affected (0.00 sec)

Query OK, 0 rows affected (0.00 sec)

Query OK, 0 rows affected (0.00 sec)

Query OK, 0 rows affected (0.00 sec)

Query OK, 0 rows affected (0.00 sec)

Query OK, 0 rows affected (0.00 sec)

Query OK, 0 rows affected (0.00 sec)

Query OK, 0 rows affected (0.00 sec)

Query OK, 0 rows affected (0.00 sec)

Query OK, 0 rows affected (0.00 sec)

Query OK, 0 rows affected (0.00 sec)

Query OK, 0 rows affected (0.00 sec)

Query OK, 0 rows affected (0.00 sec)

Query OK, 0 rows affected (0.00 sec)

Query OK, 0 rows affected (0.00 sec)

Query OK, 0 rows affected (0.00 sec)

Query OK, 0 rows affected (0.00 sec)

Query OK, 0 rows affected (0.00 sec)

Query OK, 0 rows affected (0.00 sec)

Query OK, 0 rows affected (0.00 sec)

Query OK, 0 rows affected (0.00 sec)

Query OK, 0 rows affected (0.00 sec)

mysql> mysql \. C:\workspace\cloud\code\sql\_DailyScript\currenttime.sql
+---------------------+
| currenttime         |
+---------------------+
| 2021-12-20 10:25:22 |
+---------------------+
1 row in set (0.00 sec)

mysql> 
mysql> mysql \. C:\workspace\cloud\code\sql\_DailyScript\load_RCB_VODTITLES.sql
Database changed
Query OK, 0 rows affected (0.00 sec)

Query OK, 16962 rows affected (0.19 sec)

Query OK, 16964 rows affected, 16964 warnings (0.43 sec)
Records: 16964  Deleted: 0  Skipped: 0  Warnings: 16964

Query OK, 0 rows affected (0.00 sec)

Query OK, 2 rows affected (0.02 sec)

+-----------+
| VODTITLES |
+-----------+
|     17422 |
+-----------+
1 row in set (0.01 sec)

+-----------+-----------+
| titletype | typecount |
+-----------+-----------+
| E         |     14445 |
| N         |       245 |
| T         |      2272 |
| NULL      |     16962 |
+-----------+-----------+
4 rows in set (0.07 sec)

mysql> mysql \. C:\workspace\cloud\code\sql\_DailyScript\currenttime.sql
+---------------------+
| currenttime         |
+---------------------+
| 2021-12-20 10:25:23 |
+---------------------+
1 row in set (0.00 sec)

mysql> 
mysql> mysql \. C:\workspace\cloud\code\sql\_DailyScript\DAILY-SCRIPT-LIVETV-STATS.sql
Database changed
Query OK, 0 rows affected (0.01 sec)

Query OK, 344397 rows affected (5 min 48.04 sec)
Records: 344397  Duplicates: 0  Warnings: 0

+------------+------------+----------+--------------+--------------+-----------+-------------+----------+--------+------+------------+---------+---------------+
| Table      | Non_unique | Key_name | Seq_in_index | Column_name  | Collation | Cardinality | Sub_part | Packed | Null | Index_type | Comment | Index_comment |
+------------+------------+----------+--------------+--------------+-----------+-------------+----------+--------+------+------------+---------+---------------+
| templivetv |          1 | idxtv1   |            1 | device       | A         |      343840 |     NULL | NULL   | YES  | BTREE      |         |               |
| templivetv |          1 | idxtv2   |            1 | sessionstart | A         |      343840 |     NULL | NULL   | YES  | BTREE      |         |               |
+------------+------------+----------+--------------+--------------+-----------+-------------+----------+--------+------+------------+---------+---------------+
2 rows in set (0.00 sec)

Query OK, 344307 rows affected (3 min 20.40 sec)
Records: 344307  Duplicates: 0  Warnings: 0

Query OK, 7688 rows affected (3.89 sec)
Records: 7688  Duplicates: 0  Warnings: 0

Query OK, 0 rows affected (0.00 sec)

Query OK, 0 rows affected (0.00 sec)

Query OK, 374 rows affected (0.11 sec)
Records: 374  Duplicates: 0  Warnings: 0

Query OK, 0 rows affected (0.01 sec)

Query OK, 93502 rows affected (22 min 47.29 sec)
Records: 93502  Duplicates: 0  Warnings: 0

+-----------------+
| rep_livetvstats |
+-----------------+
|           93502 |
+-----------------+
1 row in set (0.03 sec)

mysql> mysql \. C:\workspace\cloud\code\sql\_DailyScript\currenttime.sql
+---------------------+
| currenttime         |
+---------------------+
| 2021-12-20 10:57:23 |
+---------------------+
1 row in set (0.00 sec)

mysql> 
mysql> mysql \. C:\workspace\cloud\code\sql\_DailyScript\DAILY-SCRIPT-VODTS-STATS.sql
Database changed
Query OK, 0 rows affected (0.03 sec)

Query OK, 31684 rows affected (1 min 16.07 sec)
Records: 31684  Duplicates: 0  Warnings: 0

+---------+------------+----------+--------------+--------------+-----------+-------------+----------+--------+------+------------+---------+---------------+
| Table   | Non_unique | Key_name | Seq_in_index | Column_name  | Collation | Cardinality | Sub_part | Packed | Null | Index_type | Comment | Index_comment |
+---------+------------+----------+--------------+--------------+-----------+-------------+----------+--------+------+------------+---------+---------------+
| tempvod |          1 | idxtvod1 |            1 | device       | A         |       31881 |     NULL | NULL   | YES  | BTREE      |         |               |
| tempvod |          1 | idxtvod2 |            1 | sessionstart | A         |       31881 |     NULL | NULL   | YES  | BTREE      |         |               |
+---------+------------+----------+--------------+--------------+-----------+-------------+----------+--------+------+------------+---------+---------------+
2 rows in set (0.00 sec)

Query OK, 31793 rows affected (8.84 sec)
Records: 31793  Duplicates: 0  Warnings: 0

Query OK, 0 rows affected (0.10 sec)

Query OK, 1661677 rows affected (2 min 35.52 sec)
Records: 1661677  Duplicates: 0  Warnings: 0

+--------------+
| rep_vodstats |
+--------------+
|      1661677 |
+--------------+
1 row in set (0.49 sec)

Database changed
Query OK, 0 rows affected (0.01 sec)

Query OK, 63511 rows affected (1 min 0.25 sec)
Records: 63511  Duplicates: 0  Warnings: 0

+--------+------------+----------+--------------+--------------+-----------+-------------+----------+--------+------+------------+---------+---------------+
| Table  | Non_unique | Key_name | Seq_in_index | Column_name  | Collation | Cardinality | Sub_part | Packed | Null | Index_type | Comment | Index_comment |
+--------+------------+----------+--------------+--------------+-----------+-------------+----------+--------+------+------------+---------+---------------+
| tempts |          1 | idxtts1  |            1 | device       | A         |       63600 |     NULL | NULL   | YES  | BTREE      |         |               |
| tempts |          1 | idxtts2  |            1 | sessionstart | A         |       63600 |     NULL | NULL   | YES  | BTREE      |         |               |
+--------+------------+----------+--------------+--------------+-----------+-------------+----------+--------+------+------------+---------+---------------+
2 rows in set (0.00 sec)

Query OK, 63332 rows affected (23.88 sec)
Records: 63332  Duplicates: 0  Warnings: 0

Query OK, 0 rows affected (0.01 sec)

Query OK, 56142 rows affected (1 min 20.72 sec)
Records: 56142  Duplicates: 0  Warnings: 0

+-------------+
| rep_tsstats |
+-------------+
|       56142 |
+-------------+
1 row in set (0.02 sec)

mysql> mysql \. C:\workspace\cloud\code\sql\_DailyScript\currenttime.sql
+---------------------+
| currenttime         |
+---------------------+
| 2021-12-20 11:04:09 |
+---------------------+
1 row in set (0.00 sec)

mysql> 
mysql> mysql \. C:\workspace\cloud\code\sql\_DailyScript\DAILY-SCRIPT-RADIO-STATS.sql
Database changed
Query OK, 0 rows affected (0.05 sec)

Query OK, 514104 rows affected (6.27 sec)
Records: 514104  Duplicates: 0  Warnings: 0

+-----------+------------+----------+--------------+--------------+-----------+-------------+----------+--------+------+------------+---------+---------------+
| Table     | Non_unique | Key_name | Seq_in_index | Column_name  | Collation | Cardinality | Sub_part | Packed | Null | Index_type | Comment | Index_comment |
+-----------+------------+----------+--------------+--------------+-----------+-------------+----------+--------+------+------------+---------+---------------+
| tempradio |          1 | idxtrad1 |            1 | device       | A         |      516069 |     NULL | NULL   | YES  | BTREE      |         |               |
| tempradio |          1 | idxtrad2 |            1 | sessionstart | A         |      516069 |     NULL | NULL   | YES  | BTREE      |         |               |
+-----------+------------+----------+--------------+--------------+-----------+-------------+----------+--------+------+------------+---------+---------------+
2 rows in set (0.00 sec)

Query OK, 2889 rows affected (1.58 sec)
Records: 2889  Duplicates: 0  Warnings: 0

Query OK, 0 rows affected (0.01 sec)

Query OK, 7347 rows affected (0.70 sec)
Records: 7347  Duplicates: 0  Warnings: 0

+----------------+
| rep_radiostats |
+----------------+
|           7347 |
+----------------+
1 row in set (0.00 sec)

mysql> mysql \. C:\workspace\cloud\code\sql\_DailyScript\currenttime.sql
+---------------------+
| currenttime         |
+---------------------+
| 2021-12-20 11:04:17 |
+---------------------+
1 row in set (0.00 sec)

mysql> 
mysql> mysql \. C:\workspace\cloud\code\sql\_DailyScript\DAILY_SCRIPT_TELEMETRY_PIVOT_2021.sql
Query OK, 0 rows affected (0.01 sec)

Query OK, 141 rows affected (0.24 sec)
Records: 141  Duplicates: 0  Warnings: 0

Query OK, 0 rows affected (0.01 sec)

Query OK, 15596 rows affected (3.97 sec)
Records: 15596  Duplicates: 0  Warnings: 0

Query OK, 0 rows affected (0.01 sec)

Query OK, 6 rows affected (0.03 sec)
Records: 6  Duplicates: 0  Warnings: 0

Query OK, 0 rows affected (0.01 sec)

Query OK, 46 rows affected (0.08 sec)
Records: 46  Duplicates: 0  Warnings: 0

mysql> mysql \. C:\workspace\cloud\code\sql\_DailyScript\currenttime.sql
+---------------------+
| currenttime         |
+---------------------+
| 2021-12-20 11:04:22 |
+---------------------+
1 row in set (0.00 sec)

mysql> 
mysql> mysql \. C:\workspace\cloud\code\sql\_DailyScript\telemetry_livetv_ranking2021.sql
Query OK, 0 rows affected (0.01 sec)

Query OK, 141 rows affected (0.03 sec)
Records: 141  Duplicates: 0  Warnings: 0

mysql> mysql \. C:\workspace\cloud\code\sql\_DailyScript\currenttime.sql
+---------------------+
| currenttime         |
+---------------------+
| 2021-12-20 11:04:22 |
+---------------------+
1 row in set (0.00 sec)

mysql> 
mysql> mysql \. C:\workspace\cloud\code\sql\_DailyScript\telemetry_radio_ranking2021.sql
Query OK, 0 rows affected (0.01 sec)

Query OK, 6 rows affected (0.02 sec)
Records: 6  Duplicates: 0  Warnings: 0

mysql> mysql \. C:\workspace\cloud\code\sql\_DailyScript\currenttime.sql
+---------------------+
| currenttime         |
+---------------------+
| 2021-12-20 11:04:22 |
+---------------------+
1 row in set (0.00 sec)

mysql> 
mysql> mysql \. C:\workspace\cloud\code\sql\_DailyScript\telemetry_ts_ranking2021.sql
Query OK, 0 rows affected (0.01 sec)

Query OK, 46 rows affected (0.02 sec)
Records: 46  Duplicates: 0  Warnings: 0

mysql> mysql \. C:\workspace\cloud\code\sql\_DailyScript\currenttime.sql
+---------------------+
| currenttime         |
+---------------------+
| 2021-12-20 11:04:22 |
+---------------------+
1 row in set (0.00 sec)

mysql> 
mysql> mysql \. C:\workspace\cloud\code\sql\_DailyScript\telemetry_vod_ranking2021.sql
Query OK, 0 rows affected (0.01 sec)

Query OK, 15596 rows affected (0.82 sec)
Records: 15596  Duplicates: 0  Warnings: 0

mysql> mysql \. C:\workspace\cloud\code\sql\_DailyScript\currenttime.sql
+---------------------+
| currenttime         |
+---------------------+
| 2021-12-20 11:04:23 |
+---------------------+
1 row in set (0.00 sec)

mysql> 
mysql> mysql \. C:\workspace\cloud\code\sql\_DailyScript\telemetry_vod_ranking2021_1.sql
Query OK, 0 rows affected (0.01 sec)

Query OK, 15596 rows affected (0.45 sec)
Records: 15596  Duplicates: 0  Warnings: 0

mysql> mysql \. C:\workspace\cloud\code\sql\_DailyScript\currenttime.sql
+---------------------+
| currenttime         |
+---------------------+
| 2021-12-20 11:04:23 |
+---------------------+
1 row in set (0.00 sec)

mysql> 
mysql> mysql \. C:\workspace\cloud\code\sql\_DailyScript\telemetry_vod_ranking2021_2.sql
Query OK, 0 rows affected (0.01 sec)

Query OK, 15596 rows affected (0.39 sec)
Records: 15596  Duplicates: 0  Warnings: 0

mysql> mysql \. C:\workspace\cloud\code\sql\_DailyScript\currenttime.sql
+---------------------+
| currenttime         |
+---------------------+
| 2021-12-20 11:04:24 |
+---------------------+
1 row in set (0.00 sec)

mysql> 
mysql> 
mysql> 
mysql> 
mysql> mysql \. C:\workspace\cloud\code\sql\_DailyScript\ticket_analysis.sql
Database changed
Query OK, 0 rows affected (0.16 sec)

Query OK, 921680 rows affected (34.22 sec)
Records: 921680  Duplicates: 0  Warnings: 0

Query OK, 0 rows affected (3.68 sec)
Records: 0  Duplicates: 0  Warnings: 0

Query OK, 0 rows affected (1.87 sec)
Records: 0  Duplicates: 0  Warnings: 0

Query OK, 0 rows affected (1.78 sec)
Records: 0  Duplicates: 0  Warnings: 0

Query OK, 0 rows affected (0.01 sec)

Query OK, 28948 rows affected (15.80 sec)
Records: 28948  Duplicates: 0  Warnings: 0

Query OK, 0 rows affected, 1 warning (0.00 sec)

Query OK, 135092 rows affected (10.70 sec)
Records: 135092  Duplicates: 0  Warnings: 0

Query OK, 0 rows affected, 1 warning (0.00 sec)

Query OK, 680740 rows affected (20.42 sec)
Records: 680740  Duplicates: 0  Warnings: 0

Query OK, 0 rows affected, 1 warning (0.00 sec)

Query OK, 680740 rows affected (20.36 sec)
Records: 680740  Duplicates: 0  Warnings: 0

Query OK, 0 rows affected (0.02 sec)

Query OK, 135236 rows affected (6.23 sec)
Records: 135236  Duplicates: 0  Warnings: 0

Database changed
Query OK, 0 rows affected (0.00 sec)

Query OK, 0 rows affected (0.06 sec)

Query OK, 921680 rows affected (32.24 sec)
Records: 921680  Duplicates: 0  Warnings: 0

Query OK, 0 rows affected (0.03 sec)

Query OK, 479756 rows affected (20.48 sec)
Records: 479756  Duplicates: 0  Warnings: 0

+--------------------------+
| clientticket_cmmtjourney |
+--------------------------+
|                   921680 |
+--------------------------+
1 row in set (2.36 sec)

+---------------------------+
| clientticket_assgnjourney |
+---------------------------+
|                    479756 |
+---------------------------+
1 row in set (3.61 sec)

Query OK, 0 rows affected (0.01 sec)

Query OK, 85 rows affected (0.12 sec)
Records: 85  Duplicates: 0  Warnings: 0

mysql> mysql \. C:\workspace\cloud\code\sql\_DailyScript\currenttime.sql
+---------------------+
| currenttime         |
+---------------------+
| 2021-12-20 11:07:18 |
+---------------------+
1 row in set (0.00 sec)

mysql> 
mysql> mysql \. C:\workspace\cloud\code\sql\_DailyScript\load_DailyCalls.sql
Database changed
Query OK, 366 rows affected (0.15 sec)
Records: 366  Deleted: 0  Skipped: 0  Warnings: 0

Query OK, 0 rows affected, 1 warning (0.00 sec)

Query OK, 366 rows affected (0.06 sec)
Records: 366  Duplicates: 0  Warnings: 0

Query OK, 0 rows affected, 1 warning (0.00 sec)

Query OK, 93936 rows affected (0.42 sec)
Records: 93936  Duplicates: 0  Warnings: 0

+----------------------+
| callingclientsbefore |
+----------------------+
|              1335155 |
+----------------------+
1 row in set (0.56 sec)

Query OK, 505 rows affected (9.75 sec)
Records: 505  Duplicates: 0  Warnings: 0

+---------------------+
| callingclientsafter |
+---------------------+
|             1335660 |
+---------------------+
1 row in set (0.35 sec)

Query OK, 0 rows affected (0.01 sec)

Query OK, 239 rows affected (4.65 sec)
Records: 239  Duplicates: 0  Warnings: 0

Query OK, 0 rows affected (0.00 sec)

Query OK, 25895 rows affected (4.38 sec)
Records: 25895  Duplicates: 0  Warnings: 0

+-----------+
| callstats |
+-----------+
|     25895 |
+-----------+
1 row in set (0.01 sec)

Query OK, 0 rows affected, 1 warning (0.00 sec)

Query OK, 505 rows affected (3.10 sec)
Records: 505  Duplicates: 0  Warnings: 0

+------------------------+
| rep_cccallreportbefore |
+------------------------+
|                1335403 |
+------------------------+
1 row in set (0.36 sec)

Query OK, 505 rows affected (0.16 sec)
Records: 505  Duplicates: 0  Warnings: 0

+-----------------------+
| rep_cccallreportafter |
+-----------------------+
|               1335908 |
+-----------------------+
1 row in set (0.36 sec)

Query OK, 0 rows affected (0.00 sec)

mysql> mysql \. C:\workspace\cloud\code\sql\_DailyScript\currenttime.sql
+---------------------+
| currenttime         |
+---------------------+
| 2021-12-20 11:07:42 |
+---------------------+
1 row in set (0.00 sec)

mysql> 
mysql> mysql \. C:\workspace\cloud\code\sql\_DailyScript\DAILY-SCRIPT-USAGE.sql
Database changed
Query OK, 0 rows affected (0.00 sec)

Query OK, 3951 rows affected, 11423 warnings (0.94 sec)
Records: 3951  Deleted: 0  Skipped: 0  Warnings: 11423

Query OK, 0 rows affected (0.00 sec)

Query OK, 6304 rows affected, 18201 warnings (1.09 sec)
Records: 6304  Deleted: 0  Skipped: 0  Warnings: 18201

Query OK, 0 rows affected (0.00 sec)

Query OK, 334 rows affected, 1206 warnings (0.04 sec)
Records: 334  Deleted: 0  Skipped: 0  Warnings: 1206

Query OK, 0 rows affected (0.00 sec)

Query OK, 159 rows affected, 544 warnings (0.04 sec)
Records: 159  Deleted: 0  Skipped: 0  Warnings: 544

+------------+
| dailyusage |
+------------+
|   20018926 |
+------------+
1 row in set (8.05 sec)

+------------+------------+------------+---------+
| datestart  | dateend    | insertedon | records |
+------------+------------+------------+---------+
| 2021-12-19 | 2021-12-19 | 2021-12-20 |   10748 |
| 2021-12-18 | 2021-12-18 | 2021-12-20 |   10864 |
| 2021-12-17 | 2021-12-17 | 2021-12-20 |   11129 |
| 2021-12-16 | 2021-12-16 | 2021-12-17 |   10831 |
| 2021-12-15 | 2021-12-15 | 2021-12-16 |   12109 |
+------------+------------+------------+---------+
5 rows in set (42.58 sec)

+----------+------------+------------+------------+---------+
| category | datestart  | dateend    | insertedon | records |
+----------+------------+------------+------------+---------+
| UNCAPPED | 2021-12-19 | 2021-12-19 | 2021-12-20 |    6304 |
| PREPAID  | 2021-12-19 | 2021-12-19 | 2021-12-20 |     334 |
| HOTSPOT  | 2021-12-19 | 2021-12-19 | 2021-12-20 |     159 |
| CAPPED   | 2021-12-19 | 2021-12-19 | 2021-12-20 |    3951 |
| UNCAPPED | 2021-12-18 | 2021-12-18 | 2021-12-20 |    6368 |
| PREPAID  | 2021-12-18 | 2021-12-18 | 2021-12-20 |     341 |
| HOTSPOT  | 2021-12-18 | 2021-12-18 | 2021-12-20 |     162 |
| CAPPED   | 2021-12-18 | 2021-12-18 | 2021-12-20 |    3993 |
| UNCAPPED | 2021-12-17 | 2021-12-17 | 2021-12-20 |    6621 |
| PREPAID  | 2021-12-17 | 2021-12-17 | 2021-12-20 |     329 |
| HOTSPOT  | 2021-12-17 | 2021-12-17 | 2021-12-20 |     166 |
| CAPPED   | 2021-12-17 | 2021-12-17 | 2021-12-20 |    4013 |
| UNCAPPED | 2021-12-16 | 2021-12-16 | 2021-12-17 |    6303 |
| PREPAID  | 2021-12-16 | 2021-12-16 | 2021-12-17 |     342 |
| HOTSPOT  | 2021-12-16 | 2021-12-16 | 2021-12-17 |     179 |
| CAPPED   | 2021-12-16 | 2021-12-16 | 2021-12-17 |    4007 |
| UNCAPPED | 2021-12-15 | 2021-12-15 | 2021-12-16 |    7225 |
| PREPAID  | 2021-12-15 | 2021-12-15 | 2021-12-16 |     304 |
| HOTSPOT  | 2021-12-15 | 2021-12-15 | 2021-12-16 |     186 |
| CAPPED   | 2021-12-15 | 2021-12-15 | 2021-12-16 |    4394 |
+----------+------------+------------+------------+---------+
20 rows in set (30.98 sec)

mysql> mysql \. C:\workspace\cloud\code\sql\_DailyScript\currenttime.sql
+---------------------+
| currenttime         |
+---------------------+
| 2021-12-20 11:09:06 |
+---------------------+
1 row in set (0.00 sec)

mysql> 
mysql> mysql \. C:\workspace\cloud\code\sql\_DailyScript\DAILY-SCRIPT-SALES-TELEMETRY.sql
Database changed
Query OK, 36 rows affected, 36 warnings (0.04 sec)
Records: 36  Deleted: 0  Skipped: 0  Warnings: 36

+------------+
| dailysales |
+------------+
|     244444 |
+------------+
1 row in set (0.22 sec)

+------------+---------+
| orderdate  | records |
+------------+---------+
| 2021-12-19 |      36 |
| 2021-12-18 |      78 |
| 2021-12-17 |     131 |
| 2021-12-16 |     202 |
| 2021-12-15 |      89 |
| 2021-12-14 |     102 |
| 2021-12-13 |     188 |
| 2021-12-12 |      18 |
| 2021-12-11 |      86 |
| 2021-12-10 |     146 |
| 2021-12-09 |     195 |
| 2021-12-08 |       4 |
| 2021-12-07 |     185 |
| 2021-12-06 |     209 |
| 2021-12-05 |      21 |
+------------+---------+
15 rows in set (0.60 sec)

Query OK, 0 rows affected (0.04 sec)

Query OK, 244444 rows affected (20.74 sec)
Records: 244444  Duplicates: 0  Warnings: 0

+--------+
| sales  |
+--------+
| 244444 |
+--------+
1 row in set (0.07 sec)

Query OK, 0 rows affected (0.01 sec)

Query OK, 6328 rows affected (0.41 sec)
Records: 6328  Duplicates: 0  Warnings: 0

+----------------+
| rep_dailysales |
+----------------+
|           6328 |
+----------------+
1 row in set (0.00 sec)

Query OK, 0 rows affected (0.01 sec)

Query OK, 6328 rows affected (0.72 sec)
Records: 6328  Duplicates: 0  Warnings: 0

+-------------------+
| rep_dailysalesreg |
+-------------------+
|              6328 |
+-------------------+
1 row in set (0.00 sec)

Query OK, 0 rows affected (0.01 sec)

Query OK, 2409 rows affected (0.72 sec)
Records: 2409  Duplicates: 0  Warnings: 0

+-----------+
| saleslist |
+-----------+
|      2409 |
+-----------+
1 row in set (0.00 sec)

Database changed
ERROR 2 (HY000): File 'C:\ProgramData\MySQL\MySQL Server 5.7\Uploads\_csv\PrepaidCardSales-19122021-P1.csv' not found (Errcode: 2 - No such file or directory)
+------------------+
| dailysinglesales |
+------------------+
|             6648 |
+------------------+
1 row in set (0.02 sec)

Database changed
Query OK, 16 rows affected (0.04 sec)
Records: 16  Deleted: 0  Skipped: 0  Warnings: 0

+-----------------+
| dailyaddonsales |
+-----------------+
|           26156 |
+-----------------+
1 row in set (0.05 sec)

Query OK, 266 rows affected (0.10 sec)
Records: 266  Deleted: 0  Skipped: 0  Warnings: 0

+----------------+
| onlinepayments |
+----------------+
|         249635 |
+----------------+
1 row in set (0.16 sec)

+-------------+----------------+---------------------+
| paymentdate | onlinepayments | onlinepaymentamount |
+-------------+----------------+---------------------+
| 2021-12-19  |            266 |        155505.51000 |
| 2021-12-18  |            262 |        153030.13000 |
| 2021-12-17  |            288 |        192092.30000 |
| 2021-12-16  |            257 |        162488.67000 |
| 2021-12-15  |            223 |        153985.22000 |
+-------------+----------------+---------------------+
5 rows in set (0.75 sec)

+-------------+--------------+----------------+---------------------+
| paymentyear | paymentmonth | onlinepayments | onlinepaymentamount |
+-------------+--------------+----------------+---------------------+
|        2021 |           12 |           4857 |       3150251.73000 |
|        2021 |           11 |           8553 |       5661260.44000 |
|        2021 |           10 |           8715 |       5741511.04000 |
|        2021 |            9 |           8803 |       5663928.71000 |
|        2021 |            8 |           8864 |       5714008.87000 |
+-------------+--------------+----------------+---------------------+
5 rows in set (0.24 sec)

mysql> mysql \. C:\workspace\cloud\code\sql\_DailyScript\currenttime.sql
+---------------------+
| currenttime         |
+---------------------+
| 2021-12-20 11:09:31 |
+---------------------+
1 row in set (0.00 sec)

mysql> 
mysql> mysql \. C:\workspace\cloud\code\sql\_DailyScript\DAILY-SCRIPT-ACTIVENUMBERS.sql
Database changed
Query OK, 1090 rows affected (0.53 sec)
Records: 1090  Deleted: 0  Skipped: 0  Warnings: 0

+------------+----------+
| period     | count(1) |
+------------+----------+
| 2021-12-19 |     1090 |
| 2021-12-18 |     1090 |
| 2021-12-17 |     1090 |
| 2021-12-16 |     1090 |
| 2021-12-15 |     1088 |
+------------+----------+
5 rows in set (0.01 sec)

Query OK, 0 rows affected (0.01 sec)

Query OK, 75 rows affected (1.37 sec)
Records: 75  Duplicates: 0  Warnings: 0

+-------------+
| packagelist |
+-------------+
|          75 |
+-------------+
1 row in set (0.00 sec)

Database changed
Query OK, 0 rows affected (0.01 sec)

Query OK, 0 rows affected (0.00 sec)

Query OK, 0 rows affected (0.00 sec)

Query OK, 0 rows affected (0.00 sec)

Query OK, 29002 rows affected, 178 warnings (18.04 sec)
Records: 29002  Deleted: 0  Skipped: 0  Warnings: 178

+------------+----------+
| period     | count(1) |
+------------+----------+
| 2021-12-19 |    29002 |
| 2021-12-18 |    29107 |
| 2021-12-17 |    29151 |
| 2021-12-16 |    29072 |
| 2021-12-15 |    28996 |
+------------+----------+
5 rows in set (0.12 sec)

Query OK, 0 rows affected (0.01 sec)

Query OK, 28442 rows affected (57.09 sec)
Records: 28442  Duplicates: 0  Warnings: 0

Query OK, 0 rows affected (0.13 sec)
Records: 0  Duplicates: 0  Warnings: 0

Query OK, 0 rows affected (0.12 sec)
Records: 0  Duplicates: 0  Warnings: 0

Query OK, 0 rows affected (0.11 sec)
Records: 0  Duplicates: 0  Warnings: 0

Query OK, 0 rows affected (0.09 sec)
Records: 0  Duplicates: 0  Warnings: 0

Query OK, 0 rows affected (0.08 sec)
Records: 0  Duplicates: 0  Warnings: 0

Query OK, 0 rows affected (0.07 sec)
Records: 0  Duplicates: 0  Warnings: 0

+-------------+
| countbefore |
+-------------+
|    52018462 |
+-------------+
1 row in set (23.76 sec)

Query OK, 28442 rows affected (5.76 sec)
Records: 28442  Duplicates: 0  Warnings: 0

+------------+
| countafter |
+------------+
|   52046904 |
+------------+
1 row in set (17.32 sec)

+------------+--------------------------+
| period     | customercontractactivity |
+------------+--------------------------+
| 2021-12-19 |                    28442 |
| 2021-12-18 |                    28547 |
| 2021-12-17 |                    28591 |
| 2021-12-16 |                    28511 |
| 2021-12-15 |                    28438 |
+------------+--------------------------+
5 rows in set (0.06 sec)

Query OK, 0 rows affected (0.03 sec)

Query OK, 326602 rows affected, 4 warnings (10 min 25.30 sec)
Records: 326602  Duplicates: 0  Warnings: 4

Query OK, 0 rows affected (1.11 sec)
Records: 0  Duplicates: 0  Warnings: 0

Query OK, 0 rows affected (1.34 sec)
Records: 0  Duplicates: 0  Warnings: 0

Query OK, 0 rows affected (1.25 sec)
Records: 0  Duplicates: 0  Warnings: 0

Query OK, 0 rows affected (0.01 sec)

Query OK, 223 rows affected (0.56 sec)
Records: 223  Duplicates: 0  Warnings: 0

Query OK, 0 rows affected (0.01 sec)

Query OK, 2606 rows affected (0.77 sec)
Records: 2606  Duplicates: 0  Warnings: 0

Query OK, 0 rows affected (0.01 sec)

Query OK, 28418 rows affected (0.62 sec)
Records: 28418  Duplicates: 0  Warnings: 0

Query OK, 0 rows affected (0.01 sec)

Query OK, 17015 rows affected (0.41 sec)
Records: 17015  Duplicates: 0  Warnings: 0

Query OK, 0 rows affected (0.01 sec)

Query OK, 17015 rows affected (0.14 sec)
Records: 17015  Duplicates: 0  Warnings: 0

Query OK, 0 rows affected (0.01 sec)

Query OK, 17015 rows affected (1.20 sec)
Records: 17015  Duplicates: 0  Warnings: 0

Query OK, 0 rows affected (0.01 sec)

Query OK, 17015 rows affected (43.69 sec)
Records: 17015  Duplicates: 0  Warnings: 0

+-------------+
| clientstats |
+-------------+
|       17015 |
+-------------+
1 row in set (0.01 sec)

Query OK, 0 rows affected (0.01 sec)

Query OK, 13 rows affected, 1 warning (0.15 sec)
Records: 13  Duplicates: 0  Warnings: 1

+-----------------------+-------------+-------------+----------------+-----------------+
| services              | activecount | allaccounts | uniqueaccounts | uniquecontracts |
+-----------------------+-------------+-------------+----------------+-----------------+
| All                   |         435 |          72 |             72 |             231 |
| Internet & OTT        |          10 |           5 |              5 |               7 |
| Internet & Voice      |         292 |         126 |            126 |             247 |
| Internet Only         |        4357 |        4261 |           4257 |            4296 |
| OTT Only              |           1 |           1 |              1 |               1 |
| TV & Internet         |        9930 |        4443 |           4434 |            9056 |
| TV & Internet & OTT   |        4779 |        1251 |           1248 |            2606 |
| TV & Internet & Voice |         511 |         145 |            145 |             445 |
| TV & OTT              |         327 |          85 |             83 |              93 |
| TV & Voice            |          82 |          36 |             36 |              74 |
| TV Only               |        8255 |        6482 |           6474 |            6688 |
| Voice Only            |         109 |         108 |            108 |             109 |
| GRAND TOTAL           |       29088 |       17015 |          16938 |           23853 |
+-----------------------+-------------+-------------+----------------+-----------------+
13 rows in set (0.00 sec)

+-------------+-------------+-------------+----------------+-----------------+
| network     | activecount | allaccounts | uniqueaccounts | uniquecontracts |
+-------------+-------------+-------------+----------------+-----------------+
| GPON        |       14294 |        7020 |           7017 |           11189 |
| HFC         |       14794 |        9995 |           9995 |           12664 |
| GRAND TOTAL |       29088 |       17015 |          16938 |           23853 |
+-------------+-------------+-------------+----------------+-----------------+
3 rows in set, 1 warning (0.15 sec)

+-------------+-----------------------+-------------+-------------+----------------+-----------------+
| network     | services              | activecount | allaccounts | uniqueaccounts | uniquecontracts |
+-------------+-----------------------+-------------+-------------+----------------+-----------------+
| GPON        | All                   |         339 |          59 |             59 |             188 |
| GPON        | Internet & OTT        |           2 |           1 |              1 |               1 |
| GPON        | Internet & Voice      |          81 |          33 |             33 |              70 |
| GPON        | Internet Only         |        1682 |        1601 |           1601 |            1622 |
| GPON        | TV & Internet         |        5660 |        2489 |           2489 |            5097 |
| GPON        | TV & Internet & OTT   |        3804 |         988 |            988 |            2070 |
| GPON        | TV & Internet & Voice |         295 |          78 |             78 |             242 |
| GPON        | TV & OTT              |         201 |          65 |             65 |              68 |
| GPON        | TV & Voice            |          51 |          23 |             23 |              48 |
| GPON        | TV Only               |        2167 |        1672 |           1672 |            1771 |
| GPON        | Voice Only            |          12 |          11 |             11 |              12 |
| GPON        | Services Total        |       14294 |        7020 |           7017 |           11189 |
| HFC         | All                   |          96 |          13 |             13 |              43 |
| HFC         | Internet & OTT        |           8 |           4 |              4 |               6 |
| HFC         | Internet & Voice      |         211 |          93 |             93 |             177 |
| HFC         | Internet Only         |        2675 |        2660 |           2660 |            2674 |
| HFC         | OTT Only              |           1 |           1 |              1 |               1 |
| HFC         | TV & Internet         |        4270 |        1954 |           1954 |            3959 |
| HFC         | TV & Internet & OTT   |         975 |         263 |            263 |             536 |
| HFC         | TV & Internet & Voice |         216 |          67 |             67 |             203 |
| HFC         | TV & OTT              |         126 |          20 |             20 |              25 |
| HFC         | TV & Voice            |          31 |          13 |             13 |              26 |
| HFC         | TV Only               |        6088 |        4810 |           4810 |            4917 |
| HFC         | Voice Only            |          97 |          97 |             97 |              97 |
| HFC         | Services Total        |       14794 |        9995 |           9995 |           12664 |
| GRAND TOTAL | Services Total        |       29088 |       17015 |          16938 |           23853 |
+-------------+-----------------------+-------------+-------------+----------------+-----------------+
26 rows in set, 2 warnings (0.14 sec)

Query OK, 0 rows affected (0.01 sec)

Query OK, 40 rows affected, 3 warnings (0.20 sec)
Records: 40  Duplicates: 0  Warnings: 3

+-------------+---------------+-----------------------+-------------+-------------+----------------+-----------------+
| region      | network       | services              | activecount | allaccounts | uniqueaccounts | uniquecontracts |
+-------------+---------------+-----------------------+-------------+-------------+----------------+-----------------+
| Mahe        | GPON          | All                   |         298 |          52 |             52 |             165 |
| Mahe        | GPON          | Internet & OTT        |           2 |           1 |              1 |               1 |
| Mahe        | GPON          | Internet & Voice      |          71 |          28 |             28 |              60 |
| Mahe        | GPON          | Internet Only         |        1435 |        1354 |           1354 |            1375 |
| Mahe        | GPON          | TV & Internet         |        4905 |        2153 |           2153 |            4407 |
| Mahe        | GPON          | TV & Internet & OTT   |        3178 |         806 |            806 |            1694 |
| Mahe        | GPON          | TV & Internet & Voice |         286 |          75 |             75 |             233 |
| Mahe        | GPON          | TV & OTT              |         179 |          54 |             54 |              57 |
| Mahe        | GPON          | TV & Voice            |          48 |          22 |             22 |              45 |
| Mahe        | GPON          | TV Only               |        1817 |        1401 |           1401 |            1486 |
| Mahe        | GPON          | Voice Only            |          12 |          11 |             11 |              12 |
| Mahe        | GPON          | Services Total        |       12231 |        5957 |           5957 |            9535 |
| Mahe        | HFC           | All                   |          96 |          13 |             13 |              43 |
| Mahe        | HFC           | Internet & OTT        |           8 |           4 |              4 |               6 |
| Mahe        | HFC           | Internet & Voice      |         211 |          93 |             93 |             177 |
| Mahe        | HFC           | Internet Only         |        2675 |        2660 |           2660 |            2674 |
| Mahe        | HFC           | OTT Only              |           1 |           1 |              1 |               1 |
| Mahe        | HFC           | TV & Internet         |        4270 |        1954 |           1954 |            3959 |
| Mahe        | HFC           | TV & Internet & OTT   |         975 |         263 |            263 |             536 |
| Mahe        | HFC           | TV & Internet & Voice |         216 |          67 |             67 |             203 |
| Mahe        | HFC           | TV & OTT              |         126 |          20 |             20 |              25 |
| Mahe        | HFC           | TV & Voice            |          31 |          13 |             13 |              26 |
| Mahe        | HFC           | TV Only               |        6087 |        4809 |           4809 |            4916 |
| Mahe        | HFC           | Voice Only            |          97 |          97 |             97 |              97 |
| Mahe        | HFC           | Services Total        |       14793 |        9994 |           9994 |           12663 |
| Mahe        | Network Total | Services Total        |       27024 |       15951 |          15877 |           22198 |
| Praslin     | GPON          | All                   |          41 |           7 |              7 |              23 |
| Praslin     | GPON          | Internet & Voice      |          10 |           5 |              5 |              10 |
| Praslin     | GPON          | Internet Only         |         247 |         247 |            247 |             247 |
| Praslin     | GPON          | TV & Internet         |         755 |         336 |            336 |             690 |
| Praslin     | GPON          | TV & Internet & OTT   |         626 |         182 |            182 |             376 |
| Praslin     | GPON          | TV & Internet & Voice |           9 |           3 |              3 |               9 |
| Praslin     | GPON          | TV & OTT              |          22 |          11 |             11 |              11 |
| Praslin     | GPON          | TV & Voice            |           3 |           1 |              1 |               3 |
| Praslin     | GPON          | TV Only               |         350 |         271 |            271 |             285 |
| Praslin     | GPON          | Services Total        |        2063 |        1063 |           1063 |            1654 |
| Praslin     | HFC           | TV Only               |           1 |           1 |              1 |               1 |
| Praslin     | HFC           | Services Total        |           1 |           1 |              1 |               1 |
| Praslin     | Network Total | Services Total        |        2064 |        1064 |           1064 |            1655 |
| GRAND TOTAL | Network Total | Services Total        |       29088 |       17015 |          16938 |           23853 |
+-------------+---------------+-----------------------+-------------+-------------+----------------+-----------------+
40 rows in set (0.00 sec)

Query OK, 0 rows affected (0.01 sec)

Query OK, 28419 rows affected (0.51 sec)
Records: 28419  Duplicates: 0  Warnings: 0

Query OK, 0 rows affected (0.01 sec)

Query OK, 2379 rows affected (2.13 sec)
Records: 2379  Duplicates: 0  Warnings: 0

+--------------------------------------+
| message                              |
+--------------------------------------+
| running rcbill_my.sp_ActiveNumber2() |
+--------------------------------------+
1 row in set (0.00 sec)

Query OK, 365 rows affected (2 min 27.55 sec)

mysql> mysql \. C:\workspace\cloud\code\sql\_DailyScript\currenttime.sql
+---------------------+
| currenttime         |
+---------------------+
| 2021-12-20 11:25:23 |
+---------------------+
1 row in set (0.00 sec)

mysql> 
mysql> mysql \. C:\workspace\cloud\code\sql\_DailyScript\GetActiveNumbers Average -Pivot.sql
Database changed
+-------------------------------------+
| @today := subdate(current_date(),1) |
+-------------------------------------+
| 2021-12-19                          |
+-------------------------------------+
1 row in set (0.00 sec)

+-------------------------------------+
| @lastdayofmonth := last_day(@today) |
+-------------------------------------+
| 2021-12-31                          |
+-------------------------------------+
1 row in set (0.00 sec)

Query OK, 0 rows affected (0.02 sec)

Query OK, 52589 rows affected, 65535 warnings (1 min 10.35 sec)
Records: 52589  Duplicates: 0  Warnings: 107631

Query OK, 0 rows affected (0.13 sec)
Records: 0  Duplicates: 0  Warnings: 0

Query OK, 0 rows affected (0.16 sec)
Records: 0  Duplicates: 0  Warnings: 0

Query OK, 0 rows affected (0.12 sec)
Records: 0  Duplicates: 0  Warnings: 0

+-----------------+
| activenumberavg |
+-----------------+
|           52589 |
+-----------------+
1 row in set (0.01 sec)

Query OK, 0 rows affected (0.01 sec)

Query OK, 2005 rows affected (0.62 sec)
Records: 2005  Duplicates: 0  Warnings: 0

+---------------------+
| rep_activenumberavg |
+---------------------+
|                2005 |
+---------------------+
1 row in set (0.00 sec)

+----------------------+
| rep_activenumberavg1 |
+----------------------+
|                  931 |
+----------------------+
1 row in set (0.00 sec)

Query OK, 0 rows affected (0.01 sec)

Query OK, 2788 rows affected (0.50 sec)
Records: 2788  Duplicates: 0  Warnings: 0

Query OK, 0 rows affected (0.01 sec)

Query OK, 14438 rows affected (0.92 sec)
Records: 14438  Duplicates: 0  Warnings: 0

Query OK, 0 rows affected (0.01 sec)

Query OK, 250 rows affected (0.30 sec)
Records: 250  Duplicates: 0  Warnings: 0

Query OK, 0 rows affected (0.00 sec)

Query OK, 0 rows affected (0.01 sec)

Query OK, 0 rows affected (0.01 sec)

Query OK, 0 rows affected (0.00 sec)

Query OK, 0 rows affected (0.00 sec)
Statement prepared

Query OK, 53 rows affected (0.06 sec)
Records: 53  Duplicates: 0  Warnings: 0

Query OK, 0 rows affected (0.00 sec)

Query OK, 0 rows affected (0.00 sec)

+----------------------+
| rep_activenumberavg2 |
+----------------------+
|                 2788 |
+----------------------+
1 row in set (0.00 sec)

+------------------------+
| rep_activenumberavg_pv |
+------------------------+
|                     53 |
+------------------------+
1 row in set (0.00 sec)

Query OK, 0 rows affected (0.01 sec)

Query OK, 2785 rows affected (0.42 sec)
Records: 2785  Duplicates: 0  Warnings: 0

Query OK, 0 rows affected (0.00 sec)

Query OK, 0 rows affected (0.01 sec)

Query OK, 0 rows affected (0.01 sec)

Query OK, 0 rows affected (0.00 sec)

Query OK, 0 rows affected (0.00 sec)
Statement prepared

Query OK, 53 rows affected (0.06 sec)
Records: 53  Duplicates: 0  Warnings: 0

Query OK, 0 rows affected (0.00 sec)

Query OK, 0 rows affected (0.00 sec)

+-------------------------+
| rep_activenumberavgMahe |
+-------------------------+
|                    2785 |
+-------------------------+
1 row in set (0.00 sec)

+----------------------------+
| rep_activenumberavgMahe_pv |
+----------------------------+
|                         53 |
+----------------------------+
1 row in set (0.00 sec)

Query OK, 0 rows affected (0.01 sec)

Query OK, 1763 rows affected (0.19 sec)
Records: 1763  Duplicates: 0  Warnings: 0

Query OK, 0 rows affected (0.00 sec)

Query OK, 0 rows affected (0.01 sec)

Query OK, 0 rows affected (0.01 sec)

Query OK, 0 rows affected (0.00 sec)

Query OK, 0 rows affected (0.00 sec)
Statement prepared

Query OK, 40 rows affected (0.04 sec)
Records: 40  Duplicates: 0  Warnings: 0

Query OK, 0 rows affected (0.00 sec)

Query OK, 0 rows affected (0.00 sec)

+----------------------------+
| rep_activenumberavgPraslin |
+----------------------------+
|                       1763 |
+----------------------------+
1 row in set (0.00 sec)

+-------------------------------+
| rep_activenumberavgPraslin_pv |
+-------------------------------+
|                            40 |
+-------------------------------+
1 row in set (0.00 sec)

mysql> mysql \. C:\workspace\cloud\code\sql\_DailyScript\currenttime.sql
+---------------------+
| currenttime         |
+---------------------+
| 2021-12-20 11:26:38 |
+---------------------+
1 row in set (0.00 sec)

mysql> 
mysql> mysql \. C:\workspace\cloud\code\sql\Analysis\clients_contracts_creditpolicy_2.sql
Database changed
Query OK, 0 rows affected (0.00 sec)

Query OK, 1922498 rows affected (49.44 sec)
Records: 1922498  Duplicates: 0  Warnings: 0

Query OK, 0 rows affected (0.01 sec)

Query OK, 28442 rows affected (1.11 sec)
Records: 28442  Duplicates: 0  Warnings: 0

Query OK, 0 rows affected (0.01 sec)

Query OK, 28516 rows affected (14.85 sec)
Records: 28516  Duplicates: 0  Warnings: 0

+-------------------------+
| rep_cust_cont_creditpol |
+-------------------------+
|                   28516 |
+-------------------------+
1 row in set (0.01 sec)

mysql> mysql \. C:\workspace\cloud\code\sql\_DailyScript\currenttime.sql
+---------------------+
| currenttime         |
+---------------------+
| 2021-12-20 11:27:43 |
+---------------------+
1 row in set (0.00 sec)

mysql> 
mysql> mysql \. C:\workspace\cloud\code\sql\_DailyScript\budget_actual_analysis_2021.sql
Query OK, 0 rows affected (0.01 sec)

Query OK, 1027 rows affected, 3 warnings (0.29 sec)
Records: 1027  Duplicates: 0  Warnings: 3

+--------------------+
| budget_actual_2021 |
+--------------------+
|               1027 |
+--------------------+
1 row in set (0.00 sec)

Query OK, 0 rows affected (0.01 sec)

Query OK, 47 rows affected (0.06 sec)
Records: 47  Duplicates: 0  Warnings: 0

+---------------------------+
| rep_budget_actual_2021_pv |
+---------------------------+
|                        47 |
+---------------------------+
1 row in set (0.00 sec)

mysql> mysql \. C:\workspace\cloud\code\sql\_DailyScript\currenttime.sql
+---------------------+
| currenttime         |
+---------------------+
| 2021-12-20 11:27:43 |
+---------------------+
1 row in set (0.00 sec)

mysql> 
mysql> mysql \. C:\workspace\cloud\code\sql\_DailyScript\reports-sales-addons-prepaid-camera.sql
Database changed
Query OK, 0 rows affected (0.01 sec)

Query OK, 4407 rows affected (0.23 sec)
Records: 4407  Duplicates: 0  Warnings: 0

Query OK, 0 rows affected (0.01 sec)

Query OK, 26202 rows affected (20.38 sec)
Records: 26202  Duplicates: 0  Warnings: 0

+--------------------+
| rep_prepaid_camera |
+--------------------+
|               4407 |
+--------------------+
1 row in set (0.00 sec)

+-----------+
| rep_addon |
+-----------+
|     26202 |
+-----------+
1 row in set (0.01 sec)

mysql> mysql \. C:\workspace\cloud\code\sql\_DailyScript\currenttime.sql
+---------------------+
| currenttime         |
+---------------------+
| 2021-12-20 11:28:04 |
+---------------------+
1 row in set (0.00 sec)

mysql> 
mysql> mysql \. C:\workspace\cloud\code\sql\_DailyScript\RCB_ClientAnalyticsReport_Script.sql
Database changed
Query OK, 0 rows affected (0.00 sec)

Query OK, 0 rows affected (0.07 sec)

Query OK, 2178795 rows affected (1 min 27.56 sec)
Records: 2178795  Duplicates: 0  Warnings: 0

Query OK, 0 rows affected (12.95 sec)
Records: 0  Duplicates: 0  Warnings: 0

Query OK, 0 rows affected (5.06 sec)
Records: 0  Duplicates: 0  Warnings: 0

Query OK, 0 rows affected (9.38 sec)
Records: 0  Duplicates: 0  Warnings: 0

Query OK, 0 rows affected (8.80 sec)
Records: 0  Duplicates: 0  Warnings: 0

Query OK, 0 rows affected (10.96 sec)
Records: 0  Duplicates: 0  Warnings: 0

Query OK, 0 rows affected (8.30 sec)
Records: 0  Duplicates: 0  Warnings: 0

Query OK, 0 rows affected (0.00 sec)

Query OK, 501813 rows affected, 30917 warnings (16.05 sec)
Rows matched: 2178795  Changed: 501813  Warnings: 30917

Query OK, 0 rows affected (0.01 sec)

Query OK, 29190 rows affected (11.72 sec)
Records: 29190  Duplicates: 0  Warnings: 0

+---------------------+
| clientcontractssubs |
+---------------------+
|               29190 |
+---------------------+
1 row in set (0.01 sec)

Query OK, 0 rows affected (0.01 sec)

Query OK, 45917 rows affected (12 min 0.57 sec)
Records: 45917  Duplicates: 0  Warnings: 0

Query OK, 0 rows affected (0.23 sec)
Records: 0  Duplicates: 0  Warnings: 0

Query OK, 0 rows affected (0.17 sec)
Records: 0  Duplicates: 0  Warnings: 0

Query OK, 0 rows affected (0.11 sec)
Records: 0  Duplicates: 0  Warnings: 0

+-----------------------+
| clientcontracthistory |
+-----------------------+
|                 45917 |
+-----------------------+
1 row in set (0.02 sec)

Query OK, 0 rows affected (0.02 sec)

Query OK, 2981845 rows affected (1 min 40.23 sec)
Records: 2981845  Duplicates: 0  Warnings: 0

Query OK, 0 rows affected (0.03 sec)

Query OK, 498035 rows affected (5 min 35.55 sec)
Records: 498035  Duplicates: 0  Warnings: 0

Query OK, 0 rows affected (1.67 sec)
Records: 0  Duplicates: 0  Warnings: 0

Query OK, 0 rows affected (0.86 sec)
Records: 0  Duplicates: 0  Warnings: 0

Query OK, 0 rows affected (1.94 sec)
Records: 0  Duplicates: 0  Warnings: 0

Query OK, 0 rows affected (0.95 sec)
Records: 0  Duplicates: 0  Warnings: 0

+--------------------------+
| clientcontractinvpmt_stg |
+--------------------------+
|                   498035 |
+--------------------------+
1 row in set (0.13 sec)

Query OK, 0 rows affected (0.03 sec)

Query OK, 498035 rows affected (15.18 sec)
Records: 498035  Duplicates: 0  Warnings: 0

Query OK, 0 rows affected (1.88 sec)
Records: 0  Duplicates: 0  Warnings: 0

Query OK, 0 rows affected (1.04 sec)
Records: 0  Duplicates: 0  Warnings: 0

Query OK, 0 rows affected (2.10 sec)
Records: 0  Duplicates: 0  Warnings: 0

Query OK, 0 rows affected (1.10 sec)
Records: 0  Duplicates: 0  Warnings: 0

+----------------------+
| clientcontractinvpmt |
+----------------------+
|               498035 |
+----------------------+
1 row in set (0.13 sec)

Query OK, 0 rows affected (0.01 sec)

Query OK, 45917 rows affected (1 min 38.72 sec)
Records: 45917  Duplicates: 0  Warnings: 0

+--------------+
| clientreport |
+--------------+
|        45917 |
+--------------+
1 row in set (0.02 sec)

Query OK, 0 rows affected (0.01 sec)

Query OK, 45917 rows affected (18.13 sec)
Records: 45917  Duplicates: 0  Warnings: 0

+----------------------+
| clientextendedreport |
+----------------------+
|                45917 |
+----------------------+
1 row in set (0.01 sec)

Query OK, 0 rows affected (0.01 sec)

Query OK, 45917 rows affected (1 min 26.37 sec)
Records: 45917  Duplicates: 0  Warnings: 0

+---------+
| allcust |
+---------+
|   45917 |
+---------+
1 row in set (0.01 sec)

Query OK, 0 rows affected, 1 warning (0.00 sec)

Query OK, 5000 rows affected (0.15 sec)
Records: 5000  Duplicates: 0  Warnings: 0

Query OK, 0 rows affected (0.01 sec)

Query OK, 6760 rows affected (0.34 sec)
Records: 6760  Duplicates: 0  Warnings: 0

Query OK, 0 rows affected, 1 warning (0.00 sec)

Query OK, 5000 rows affected (0.15 sec)
Records: 5000  Duplicates: 0  Warnings: 0

Query OK, 0 rows affected (0.01 sec)

Query OK, 7192 rows affected (0.20 sec)
Records: 7192  Duplicates: 0  Warnings: 0

mysql> mysql \. C:\workspace\cloud\code\sql\_DailyScript\currenttime.sql
+---------------------+
| currenttime         |
+---------------------+
| 2021-12-20 11:54:03 |
+---------------------+
1 row in set (0.00 sec)

mysql> 
mysql> mysql \. C:\workspace\cloud\code\sql\_DailyScript\REVENUE_PER_NODE_MXK.sql
Query OK, 0 rows affected (0.01 sec)

Query OK, 0 rows affected (0.01 sec)

Query OK, 0 rows affected (0.01 sec)

Query OK, 12825 rows affected (4.31 sec)
Records: 12825  Duplicates: 0  Warnings: 0

+----------------------+
| message              |
+----------------------+
| created temp table a |
+----------------------+
1 row in set (0.00 sec)

Query OK, 9358 rows affected (1.15 sec)
Records: 9358  Duplicates: 0  Warnings: 0

+----------------------+
| message              |
+----------------------+
| created temp table b |
+----------------------+
1 row in set (0.00 sec)

Query OK, 0 rows affected, 1 warning (0.00 sec)

Query OK, 13323 rows affected (49.20 sec)
Records: 13323  Duplicates: 0  Warnings: 0

+--------------------------------+
| message                        |
+--------------------------------+
| created rcbill_my.tempcustmxk1 |
+--------------------------------+
1 row in set (0.00 sec)

Query OK, 0 rows affected (0.01 sec)

Query OK, 0 rows affected (0.01 sec)

Query OK, 0 rows affected, 1 warning (0.00 sec)

Query OK, 12825 rows affected (3.84 sec)
Records: 12825  Duplicates: 0  Warnings: 0

+----------------+
| message        |
+----------------+
| created temp a |
+----------------+
1 row in set (0.00 sec)

Query OK, 9358 rows affected (1.07 sec)
Records: 9358  Duplicates: 0  Warnings: 0

+----------------+
| message        |
+----------------+
| created temp b |
+----------------+
1 row in set (0.00 sec)

Query OK, 0 rows affected, 1 warning (0.00 sec)

Query OK, 9502 rows affected (24.99 sec)
Records: 9502  Duplicates: 0  Warnings: 0

+--------------------------------+
| message                        |
+--------------------------------+
| created rcbill_my.tempcustmxk2 |
+--------------------------------+
1 row in set (0.00 sec)

Query OK, 0 rows affected (0.01 sec)

Query OK, 0 rows affected (0.00 sec)

Query OK, 0 rows affected, 1 warning (0.00 sec)

Query OK, 0 rows affected (0.01 sec)

Query OK, 14099 rows affected (0.71 sec)
Records: 14099  Duplicates: 0  Warnings: 0

+---------------------------------+
| message                         |
+---------------------------------+
| created rcbill_my.customers_mxk |
+---------------------------------+
1 row in set (0.00 sec)

Query OK, 0 rows affected (0.01 sec)

Query OK, 0 rows affected (0.00 sec)

Query OK, 25271 rows affected (7.25 sec)
Records: 25271  Duplicates: 0  Warnings: 0

+----------------+
| message        |
+----------------+
| created temp a |
+----------------+
1 row in set (0.01 sec)

Query OK, 15333 rows affected (1.92 sec)
Records: 15333  Duplicates: 0  Warnings: 0

+----------------+
| message        |
+----------------+
| created temp c |
+----------------+
1 row in set (0.00 sec)

Query OK, 0 rows affected, 1 warning (0.00 sec)

Query OK, 25271 rows affected (0.31 sec)
Records: 25271  Duplicates: 0  Warnings: 0

+---------------------------------+
| message                         |
+---------------------------------+
| created rcbill_my.tempcustcmts1 |
+---------------------------------+
1 row in set (0.00 sec)

Query OK, 0 rows affected (0.01 sec)

Query OK, 0 rows affected, 1 warning (0.00 sec)

Query OK, 0 rows affected (0.01 sec)

Query OK, 25271 rows affected (7.40 sec)
Records: 25271  Duplicates: 0  Warnings: 0

+----------------+
| message        |
+----------------+
| created temp a |
+----------------+
1 row in set (0.00 sec)

Query OK, 15333 rows affected (1.79 sec)
Records: 15333  Duplicates: 0  Warnings: 0

+----------------+
| message        |
+----------------+
| created temp c |
+----------------+
1 row in set (0.00 sec)

Query OK, 0 rows affected, 1 warning (0.00 sec)

Query OK, 15333 rows affected (0.16 sec)
Records: 15333  Duplicates: 0  Warnings: 0

+---------------------------------+
| message                         |
+---------------------------------+
| created rcbill_my.tempcustcmts2 |
+---------------------------------+
1 row in set (0.00 sec)

Query OK, 0 rows affected (0.01 sec)

Query OK, 0 rows affected, 1 warning (0.00 sec)

Query OK, 0 rows affected (0.01 sec)

Query OK, 0 rows affected (0.01 sec)

Query OK, 30679 rows affected (1.17 sec)
Records: 30679  Duplicates: 0  Warnings: 0

+----------------------------------+
| message                          |
+----------------------------------+
| created rcbill_my.customers_cmts |
+----------------------------------+
1 row in set (0.00 sec)

Query OK, 0 rows affected (0.01 sec)

Query OK, 0 rows affected (0.00 sec)

Query OK, 0 rows affected (0.01 sec)

Query OK, 36715 rows affected (1.52 sec)
Records: 36715  Duplicates: 0  Warnings: 0

+--------------------------------------+
| message                              |
+--------------------------------------+
| created rcbill_my.customers_cmts_mxk |
+--------------------------------------+
1 row in set (0.00 sec)

Query OK, 527986 rows affected (1 min 11.50 sec)
Records: 527986  Duplicates: 0  Warnings: 0

+----------------+
| message        |
+----------------+
| created temp a |
+----------------+
1 row in set (0.00 sec)

Query OK, 0 rows affected (0.02 sec)

Query OK, 532031 rows affected (10.88 sec)
Records: 532031  Duplicates: 0  Warnings: 0

+------------------------------------------------+
| message                                        |
+------------------------------------------------+
| created rcbill_my.customers_contracts_cmts_mxk |
+------------------------------------------------+
1 row in set (0.00 sec)

Query OK, 0 rows affected (0.06 sec)

Query OK, 0 rows affected, 1 warning (0.00 sec)

Query OK, 0 rows affected, 1 warning (0.00 sec)

Query OK, 0 rows affected (0.00 sec)

Query OK, 6513 rows affected (2.38 sec)
Rows matched: 6513  Changed: 6513  Warnings: 0

+------------------------------------------------+
| message                                        |
+------------------------------------------------+
| updated rcbill_my.customers_contracts_cmts_mxk |
+------------------------------------------------+
1 row in set (0.00 sec)

Query OK, 0 rows affected (0.03 sec)

Query OK, 2288809 rows affected (4 min 21.05 sec)
Records: 2288809  Duplicates: 0  Warnings: 0

+----------------------------------------+
| message                                |
+----------------------------------------+
| created rcbill_my.customers_collection |
+----------------------------------------+
1 row in set (0.00 sec)

Query OK, 0 rows affected (0.05 sec)

Query OK, 2740997 rows affected (2 min 8.63 sec)
Records: 2740997  Duplicates: 0  Warnings: 0

+------------------------------------------------+
| message                                        |
+------------------------------------------------+
| created rcbill_my.customers_cmts_mxk_cont_coll |
+------------------------------------------------+
1 row in set (0.00 sec)

Query OK, 0 rows affected (0.04 sec)

Query OK, 480136 rows affected (3 min 18.61 sec)
Records: 480136  Duplicates: 0  Warnings: 0

+--------------------------------------------------------+
| message                                                |
+--------------------------------------------------------+
| created rcbill_my.customers_contracts_collection_pivot |
+--------------------------------------------------------+
1 row in set (0.00 sec)

Query OK, 0 rows affected (0.01 sec)

Query OK, 41914 rows affected (3 min 15.54 sec)
Records: 41914  Duplicates: 0  Warnings: 0

+----------------------------------------------+
| message                                      |
+----------------------------------------------+
| created rcbill_my.customers_collection_pivot |
+----------------------------------------------+
1 row in set (0.00 sec)

Query OK, 0 rows affected (0.02 sec)

Query OK, 45917 rows affected (2.15 sec)
Records: 45917  Duplicates: 0  Warnings: 0

+--------------------------------------------+
| message                                    |
+--------------------------------------------+
| created rcbill_my.rep_customers_collection |
+--------------------------------------------+
1 row in set (0.00 sec)

Query OK, 0 rows affected (0.00 sec)

Query OK, 0 rows affected, 1 warning (0.00 sec)

Query OK, 489327 rows affected (15.63 sec)
Records: 489327  Duplicates: 0  Warnings: 0

+-------------------------+
| message                 |
+-------------------------+
| created rcbill_my.tempa |
+-------------------------+
1 row in set (0.00 sec)

Query OK, 0 rows affected, 1 warning (0.00 sec)

Query OK, 480136 rows affected (33.65 sec)
Records: 480136  Duplicates: 0  Warnings: 0

+-------------------------+
| message                 |
+-------------------------+
| created rcbill_my.tempb |
+-------------------------+
1 row in set (0.00 sec)

Query OK, 489327 rows affected (36.18 sec)
Records: 489327  Duplicates: 0  Warnings: 0

+-----------+
| message   |
+-----------+
| created a |
+-----------+
1 row in set (0.00 sec)

Query OK, 480147 rows affected (35.12 sec)
Records: 480147  Duplicates: 0  Warnings: 0

+-----------+
| message   |
+-----------+
| created b |
+-----------+
1 row in set (0.00 sec)

Query OK, 0 rows affected (0.05 sec)

Query OK, 0 rows affected (0.04 sec)

Query OK, 0 rows affected (0.03 sec)

Query OK, 526309 rows affected (1 min 6.13 sec)
Records: 526309  Duplicates: 0  Warnings: 0

+----------------------------------------------+
| message                                      |
+----------------------------------------------+
| created rcbill_my.cust_cont_payment_cmts_mxk |
+----------------------------------------------+
1 row in set (0.00 sec)

Query OK, 0 rows affected (0.03 sec)

Query OK, 0 rows affected (0.02 sec)

Query OK, 0 rows affected, 1 warning (0.00 sec)

Query OK, 0 rows affected (0.01 sec)

Query OK, 45917 rows affected (28.97 sec)
Records: 45917  Duplicates: 0  Warnings: 0

+--------------------------------------------------+
| message                                          |
+--------------------------------------------------+
| created rcbill_my.rep_cust_cont_payment_cmts_mxk |
+--------------------------------------------------+
1 row in set (0.00 sec)

Query OK, 0 rows affected, 1 warning (0.00 sec)

Query OK, 0 rows affected, 1 warning (0.00 sec)

Query OK, 0 rows affected (0.02 sec)

Query OK, 45917 rows affected (11.02 sec)
Records: 45917  Duplicates: 0  Warnings: 0

+----------------------+
| rep_custconsolidated |
+----------------------+
|                45917 |
+----------------------+
1 row in set (0.01 sec)

Query OK, 0 rows affected (0.01 sec)

Query OK, 37 rows affected (0.13 sec)
Records: 37  Duplicates: 0  Warnings: 0

+---------------------------------------+
| rep_activecustomerdistribution_level1 |
+---------------------------------------+
|                                    37 |
+---------------------------------------+
1 row in set (0.00 sec)

Query OK, 0 rows affected (0.01 sec)

Query OK, 225 rows affected (0.15 sec)
Records: 225  Duplicates: 0  Warnings: 0

+---------------------------------------+
| rep_activecustomerdistribution_level2 |
+---------------------------------------+
|                                   225 |
+---------------------------------------+
1 row in set (0.00 sec)

Query OK, 0 rows affected (0.01 sec)

Query OK, 45917 rows affected (10.30 sec)
Records: 45917  Duplicates: 0  Warnings: 0

+------------------------------+
| rep_custaddressparcelsprefix |
+------------------------------+
|                        45917 |
+------------------------------+
1 row in set (0.01 sec)

Query OK, 0 rows affected (0.01 sec)

Query OK, 15992 rows affected (0.86 sec)
Records: 15992  Duplicates: 0  Warnings: 0

+-------------------------------------+
| rep_residentialcustomers_tillasleep |
+-------------------------------------+
|                               15992 |
+-------------------------------------+
1 row in set (0.01 sec)

Query OK, 0 rows affected (0.01 sec)

+------------------------------------+
| message                            |
+------------------------------------+
| creating rcbill_my.rep_custextract |
+------------------------------------+
1 row in set (0.00 sec)

Query OK, 45917 rows affected (1.54 sec)
Records: 45917  Duplicates: 0  Warnings: 0

+-----------------+
| rep_custextract |
+-----------------+
|           45917 |
+-----------------+
1 row in set (0.01 sec)

Query OK, 0 rows affected (0.00 sec)

Query OK, 0 rows affected (0.01 sec)

+----------------------------------------------+
| message                                      |
+----------------------------------------------+
| creating rcbill_my.retentioncustomeractivity |
+----------------------------------------------+
1 row in set (0.00 sec)

Query OK, 1098 rows affected (0.14 sec)
Records: 1098  Duplicates: 0  Warnings: 0

+---------------------------+
| retentioncustomeractivity |
+---------------------------+
|                      1098 |
+---------------------------+
1 row in set (0.00 sec)

+-----------+------------------------------------+------------+-------------+-----------------+------------------+---------------------+-------------------+
| HFC_NODE  | NODENAME                           | CMTS_DATE  | INSERTED_ON | UNIQUE_ACCOUNTS | UNIQUE_CONTRACTS | UNIQUE_MAC_INRCBOSS | UNIQUE_MAC_INCMTS |
+-----------+------------------------------------+------------+-------------+-----------------+------------------+---------------------+-------------------+
| NULL      | NULL                               | NULL       | 2021-12-20  |           16552 |            22815 |               13933 |                 0 |
| C5/0/0/U0 | ANSE-BOILEAU-2                     | 2021-12-17 | 2021-12-20  |               0 |                0 |                   0 |               191 |
| C5/0/0/U1 | 500-C3-ANSE-BOILEAU                | 2021-12-17 | 2021-12-20  |               0 |                0 |                   0 |               205 |
| C5/0/1/U0 | 501-C4-LA-MISIERE-LEFT-I           | 2021-12-17 | 2021-12-20  |               0 |                0 |                   0 |               139 |
| C5/0/1/U1 | 501-C5-LA-MISIERE-RIGHT            | 2021-12-17 | 2021-12-20  |               0 |                0 |                   0 |                93 |
| C5/0/1/U2 | 501-C7-LA-MISIERE-LEFT-II          | 2021-12-17 | 2021-12-20  |               0 |                0 |                   0 |               142 |
| C5/0/2/U0 | 502-C8-LA-LOUISE                   | 2021-12-17 | 2021-12-20  |               0 |                0 |                   0 |               114 |
| C5/0/2/U1 | LA-LOUISE-2                        | 2021-12-17 | 2021-12-20  |               0 |                0 |                   0 |               103 |
| C5/0/3/U0 | 504-C6-PETIT-PARIS                 | 2021-12-17 | 2021-12-20  |               0 |                0 |                   0 |               126 |
| C5/0/3/U1 | PETIT-PARIS-23                     | 2021-12-17 | 2021-12-20  |               0 |                0 |                   0 |                60 |
| C5/0/4/U0 | FOUR-SEASONS                       | 2021-12-17 | 2021-12-20  |               0 |                0 |                   0 |                 1 |
| C5/0/4/U1 | ANCHOR-CAFE-I                      | 2021-12-17 | 2021-12-20  |               0 |                0 |                   0 |               150 |
| C5/0/4/U2 | ANCHOR-CAFE-II                     | 2021-12-17 | 2021-12-20  |               0 |                0 |                   0 |               161 |
| C5/1/0/U0 | POINTE-LARUE-AIRPORT-23            | 2021-12-17 | 2021-12-20  |               0 |                0 |                   0 |               110 |
| C5/1/0/U1 | PPROVIDENCE-23                     | 2021-12-17 | 2021-12-20  |               0 |                0 |                   0 |                14 |
| C5/1/0/U2 | ROSHE-CAIMAN-23                    | 2021-12-17 | 2021-12-20  |               0 |                0 |                   0 |                12 |
| C5/1/0/U3 | HEAD-OFFICE | HO-23                | 2021-12-17 | 2021-12-20  |               0 |                0 |                   0 |                13 |
| C5/1/1/U1 | C5-UNION-VALE                      | 2021-12-17 | 2021-12-20  |               0 |                0 |                   0 |               122 |
| C5/1/3/U0 | POINTE-LARUE-AIRPORT-27            | 2021-12-17 | 2021-12-20  |               0 |                0 |                   0 |               131 |
| C5/1/3/U1 | PPROVIDENCE-27                     | 2021-12-17 | 2021-12-20  |               0 |                0 |                   0 |                27 |
| C5/1/3/U2 | ROSHE-CAIMAN-27                    | 2021-12-17 | 2021-12-20  |               0 |                0 |                   0 |                31 |
| C5/1/3/U3 | HEAD-OFFICE | HO-27                | 2021-12-17 | 2021-12-20  |               0 |                0 |                   0 |                28 |
| C5/1/4/U0 | ANSE-ROYALE-27                     | 2021-12-17 | 2021-12-20  |               0 |                0 |                   0 |               102 |
| C5/1/4/U1 | GLACIS-2-57                        | 2021-12-17 | 2021-12-20  |               0 |                0 |                   0 |                46 |
| C5/1/4/U2 | NULL                               | 2021-12-17 | 2021-12-20  |               0 |                0 |                   0 |                98 |
| C5/1/4/U3 | GLACIS-1                           | 2021-12-17 | 2021-12-20  |               0 |                0 |                   0 |                16 |
| C6/0/1/U0 | SERRET-ROAD-RIGHT/CURIO/PASCAL     | 2021-12-17 | 2021-12-20  |               0 |                0 |                   0 |               100 |
| C6/0/1/U1 | SERRET-ROAD-LEFT/ST.LOUIS/TOWN     | 2021-12-17 | 2021-12-20  |               0 |                0 |                   0 |                52 |
| C6/0/1/U2 | SERRET-ROAD-RIGHT/CURIO/PASCAL-2   | 2021-12-17 | 2021-12-20  |               0 |                0 |                   0 |               103 |
| C6/0/1/U3 | SERRET-ROAD-LEFT/ST.LOUIS/TOWN-2   | 2021-12-17 | 2021-12-20  |               0 |                0 |                   0 |                55 |
| C6/0/2/U0 | SANS-SOUCIS-I                      | 2021-12-17 | 2021-12-20  |               0 |                0 |                   0 |                85 |
| C6/0/2/U1 | SANS-SOUCIS-II                     | 2021-12-17 | 2021-12-20  |               0 |                0 |                   0 |                72 |
| C6/0/2/U2 | BEL-AIR-27                         | 2021-12-17 | 2021-12-20  |               0 |                0 |                   0 |                64 |
| C6/0/2/U3 | BEL-AIR-38                         | 2021-12-17 | 2021-12-20  |               0 |                0 |                   0 |                66 |
| C6/0/3/U0 | LES-MAMELLES-23                    | 2021-12-17 | 2021-12-20  |               0 |                0 |                   0 |                37 |
| C6/0/3/U1 | VICTORIA-23                        | 2021-12-17 | 2021-12-20  |               0 |                0 |                   0 |                17 |
| C6/0/4/U0 | LES-MAMELLES-27                    | 2021-12-17 | 2021-12-20  |               0 |                0 |                   0 |                85 |
| C6/0/4/U1 | VICTORIA-27                        | 2021-12-17 | 2021-12-20  |               0 |                0 |                   0 |                13 |
| C7/1/0/U0 | LA-RETRAITE-23                     | 2021-12-17 | 2021-12-20  |               0 |                0 |                   0 |                76 |
| C7/1/0/U1 | TEA-FACTORY-23                     | 2021-12-17 | 2021-12-20  |               0 |                0 |                   0 |                23 |
| C7/1/0/U2 | PAS-23                             | 2021-12-17 | 2021-12-20  |               0 |                0 |                   0 |                94 |
| C7/1/1/U0 | REEF-ESTATE-23                     | 2021-12-17 | 2021-12-20  |               0 |                0 |                   0 |                65 |
| C7/1/2/U0 | LA-RETRAITE-27                     | 2021-12-17 | 2021-12-20  |               0 |                0 |                   0 |                44 |
| C7/1/2/U1 | TEA-FACTORY-27                     | 2021-12-17 | 2021-12-20  |               0 |                0 |                   0 |                20 |
| C7/1/2/U2 | PAS-27                             | 2021-12-17 | 2021-12-20  |               0 |                0 |                   0 |                83 |
| C7/1/3/U0 | MT-BUXTON-27                       | 2021-12-17 | 2021-12-20  |               0 |                0 |                   0 |               128 |
| C7/1/3/U1 | MT-BUXTON-23                       | 2021-12-17 | 2021-12-20  |               0 |                0 |                   0 |                64 |
| C7/1/4/U0 | REEF-ESTATE-27                     | 2021-12-17 | 2021-12-20  |               0 |                0 |                   0 |                78 |
| C8/0/0/U0 | POLICE-ACADEMY-1-27 - POINTE LARUE | 2021-12-17 | 2021-12-20  |               0 |                0 |                   0 |                83 |
| C8/0/0/U1 | NULL                               | 2021-12-17 | 2021-12-20  |               0 |                0 |                   0 |                99 |
| C8/0/1/U0 | NULL                               | 2021-12-17 | 2021-12-20  |               0 |                0 |                   0 |               246 |
| C8/0/1/U1 | POLICE-ACADEMY-2-27 - TURTLE BAY   | 2021-12-17 | 2021-12-20  |               0 |                0 |                   0 |               157 |
| C8/1/0/U0 | MA-JOIE-NODE-27                    | 2021-12-17 | 2021-12-20  |               0 |                0 |                   0 |                68 |
| C8/1/0/U1 | BELONIE-27                         | 2021-12-17 | 2021-12-20  |               0 |                0 |                   0 |               108 |
| C8/1/0/U3 | MA-JOIE-NODE-23                    | 2021-12-17 | 2021-12-20  |               0 |                0 |                   0 |                68 |
| C8/1/1/U0 | 611-C1-ROJN I                      | 2021-12-17 | 2021-12-20  |               0 |                0 |                   0 |                97 |
| C8/1/1/U1 | 611-C5-ROJN II                     | 2021-12-17 | 2021-12-20  |               0 |                0 |                   0 |                96 |
| C8/1/2/U0 | 612-C2-ANSE-ETOILE                 | 2021-12-17 | 2021-12-20  |               0 |                0 |                   0 |                81 |
| C8/1/2/U1 | ANSE-ETOILE-U2                     | 2021-12-17 | 2021-12-20  |               0 |                0 |                   0 |                44 |
| C8/1/3/U0 | 613-C3-ANSE-GAULETTE I             | 2021-12-17 | 2021-12-20  |               0 |                0 |                   0 |                88 |
| C8/1/3/U1 | 613-C7-ANSE-GAULETTE II            | 2021-12-17 | 2021-12-20  |               0 |                0 |                   0 |                78 |
| C8/1/3/U2 | 613-C3-ANSE-GAULETTE III           | 2021-12-17 | 2021-12-20  |               0 |                0 |                   0 |                35 |
| C8/1/3/U3 | TAKAMAKA I                         | 2021-12-17 | 2021-12-20  |               0 |                0 |                   0 |                91 |
| C8/1/3/U4 | TAKAMAKA II                        | 2021-12-17 | 2021-12-20  |               0 |                0 |                   0 |                97 |
| C8/1/4/U0 | 614-BEOLIERE-NODE-1                | 2021-12-17 | 2021-12-20  |               0 |                0 |                   0 |                98 |
| C8/1/4/U1 | 614-BEOLIERE-NODE-2                | 2021-12-17 | 2021-12-20  |               0 |                0 |                   0 |               115 |
+-----------+------------------------------------+------------+-------------+-----------------+------------------+---------------------+-------------------+
66 rows in set (0.56 sec)

+-----------------------+------------+-------------+-----------------+------------------+----------------------+-------------------+
| MXK_NAME              | MXK_DATE   | INSERTED_ON | UNIQUE_ACCOUNTS | UNIQUE_CONTRACTS | UNIQUE_FSAN_INRCBOSS | UNIQUE_FSAN_INMXK |
+-----------------------+------------+-------------+-----------------+------------------+----------------------+-------------------+
| NULL                  | NULL       | 2021-12-20  |            3412 |             4569 |                 1657 |                 0 |
| MXK-MAHE-ANSEAUXPINS  | 2021-12-17 | 2021-12-20  |             195 |              196 |                  196 |               215 |
| MXK-MAHE-ANSEETOILE   | 2021-12-17 | 2021-12-20  |             871 |              879 |                  873 |               917 |
| MXK-MAHE-ANSEROYALE   | 2021-12-17 | 2021-12-20  |              97 |               99 |                   99 |               116 |
| MXK-MAHE-BAIELAZARE   | 2021-12-17 | 2021-12-20  |              16 |               17 |                   17 |                18 |
| MXK-MAHE-BEAUVALLON-1 | 2021-12-17 | 2021-12-20  |            2114 |             2153 |                 2141 |              2255 |
| MXK-MAHE-BEAUVALLON-2 | 2021-12-17 | 2021-12-20  |             309 |              336 |                  346 |               380 |
| MXK-MAHE-GRANDANSE    | 2021-12-17 | 2021-12-20  |             127 |              127 |                  127 |               138 |
| MXK-MAHE-MONTFLEURI   | 2021-12-17 | 2021-12-20  |             493 |              494 |                  494 |               524 |
| MXK-MAHE-PERSEVERANCE | 2021-12-17 | 2021-12-20  |            1184 |             1202 |                 1189 |              1304 |
| MXK-MAHE-PROVIDENCE   | 2021-12-17 | 2021-12-20  |            1126 |             1153 |                 1079 |              1272 |
| MXK-PRASLIN-GRANDANSE | 2021-12-17 | 2021-12-20  |            1345 |             1347 |                 1338 |              1573 |
+-----------------------+------------+-------------+-----------------+------------------+----------------------+-------------------+
12 rows in set (0.24 sec)

mysql> mysql \. C:\workspace\cloud\code\sql\_DailyScript\currenttime.sql
+---------------------+
| currenttime         |
+---------------------+
| 2021-12-20 12:14:22 |
+---------------------+
1 row in set (0.00 sec)

mysql> 
mysql> mysql \. C:\workspace\cloud\code\sql\_DailyScript\housing-estate-analysis.sql
Database changed
Query OK, 0 rows affected (0.01 sec)

Query OK, 3736 rows affected (14.45 sec)
Records: 3736  Duplicates: 0  Warnings: 0

+--------------------+
| rep_housingestates |
+--------------------+
|               3736 |
+--------------------+
1 row in set (0.00 sec)

mysql> mysql \. C:\workspace\cloud\code\sql\_DailyScript\currenttime.sql
+---------------------+
| currenttime         |
+---------------------+
| 2021-12-20 12:14:37 |
+---------------------+
1 row in set (0.00 sec)

mysql> 
mysql> 
mysql> mysql \. C:\workspace\cloud\code\sql\Analysis\service_tickets_assignments.sql
Query OK, 0 rows affected (0.02 sec)

Query OK, 104117 rows affected (16.56 sec)
Records: 104117  Duplicates: 0  Warnings: 0

+-------------------------+
| rep_servicetickets_2021 |
+-------------------------+
|                  104117 |
+-------------------------+
1 row in set (0.13 sec)

Query OK, 0 rows affected (0.02 sec)

Query OK, 16239 rows affected (2.71 sec)
Records: 16239  Duplicates: 0  Warnings: 0

+------------------+
| rep_tkt_f_level1 |
+------------------+
|            16239 |
+------------------+
1 row in set (0.01 sec)

Query OK, 0 rows affected (0.01 sec)

Query OK, 94480 rows affected (4.13 sec)
Records: 94480  Duplicates: 0  Warnings: 0

+------------------+
| rep_tkt_f_level2 |
+------------------+
|            94480 |
+------------------+
1 row in set (0.03 sec)

Query OK, 0 rows affected (0.01 sec)

Query OK, 135236 rows affected (5.08 sec)
Records: 135236  Duplicates: 0  Warnings: 0

+------------------+
| rep_tkt_f_level3 |
+------------------+
|           135236 |
+------------------+
1 row in set (0.24 sec)

Query OK, 0 rows affected (0.01 sec)

Query OK, 3608 rows affected (0.46 sec)
Records: 3608  Duplicates: 0  Warnings: 0

+--------------------+
| rep_tkt_irs_level1 |
+--------------------+
|               3608 |
+--------------------+
1 row in set (0.00 sec)

Query OK, 0 rows affected (0.01 sec)

Query OK, 17492 rows affected (0.79 sec)
Records: 17492  Duplicates: 0  Warnings: 0

+--------------------+
| rep_tkt_irs_level2 |
+--------------------+
|              17492 |
+--------------------+
1 row in set (0.01 sec)

Query OK, 0 rows affected (0.01 sec)

Query OK, 28948 rows affected (0.91 sec)
Records: 28948  Duplicates: 0  Warnings: 0

+--------------------+
| rep_tkt_irs_level3 |
+--------------------+
|              28948 |
+--------------------+
1 row in set (0.01 sec)

mysql> mysql \. C:\workspace\cloud\code\sql\_DailyScript\currenttime.sql
+---------------------+
| currenttime         |
+---------------------+
| 2021-12-20 12:15:08 |
+---------------------+
1 row in set (0.00 sec)

mysql> 
mysql> mysql \. C:\workspace\cloud\code\sql\_DailyScript\DAILY-SCRIPT-USAGESTATS.sql
Database changed
Query OK, 0 rows affected (0.20 sec)

Query OK, 34039605 rows affected, 65535 warnings (9 min 34.69 sec)
Records: 34039605  Duplicates: 0  Warnings: 34028301

Query OK, 0 rows affected (1 min 39.77 sec)
Records: 0  Duplicates: 0  Warnings: 0

Query OK, 0 rows affected (1 min 37.21 sec)
Records: 0  Duplicates: 0  Warnings: 0

Query OK, 0 rows affected (1 min 36.91 sec)
Records: 0  Duplicates: 0  Warnings: 0

Query OK, 0 rows affected (1 min 29.21 sec)
Records: 0  Duplicates: 0  Warnings: 0

Query OK, 0 rows affected (2 min 27.33 sec)
Records: 0  Duplicates: 0  Warnings: 0

Query OK, 0 rows affected (2 min 37.36 sec)
Records: 0  Duplicates: 0  Warnings: 0

Query OK, 0 rows affected (2 min 18.69 sec)
Records: 0  Duplicates: 0  Warnings: 0

Query OK, 0 rows affected (1 min 36.12 sec)
Records: 0  Duplicates: 0  Warnings: 0

+----------+
| ipusage  |
+----------+
| 34039605 |
+----------+
1 row in set (12.56 sec)

Query OK, 0 rows affected (0.09 sec)

Query OK, 10203941 rows affected (9 min 47.06 sec)
Records: 10203941  Duplicates: 0  Warnings: 0

Query OK, 0 rows affected (37.81 sec)
Records: 0  Duplicates: 0  Warnings: 0

Query OK, 0 rows affected (22.46 sec)
Records: 0  Duplicates: 0  Warnings: 0

Query OK, 0 rows affected (36.74 sec)
Records: 0  Duplicates: 0  Warnings: 0

Query OK, 0 rows affected (43.18 sec)
Records: 0  Duplicates: 0  Warnings: 0

Query OK, 0 rows affected (27.70 sec)
Records: 0  Duplicates: 0  Warnings: 0

+------------------+
| clientcontractip |
+------------------+
|         10203941 |
+------------------+
1 row in set (2.88 sec)

Query OK, 0 rows affected (0.09 sec)

Query OK, 16704578 rows affected (3 min 38.39 sec)
Records: 16704578  Duplicates: 0  Warnings: 0

+---------------------------+
| clientcontractipusage_stg |
+---------------------------+
|                  16704578 |
+---------------------------+
1 row in set (7.21 sec)

+------------------------------------+
| clientcontractipusage_beforeinsert |
+------------------------------------+
|                           16704578 |
+------------------------------------+
1 row in set (8.21 sec)

Query OK, 32146 rows affected (25.00 sec)
Records: 32146  Duplicates: 0  Warnings: 0

+-----------------------------------+
| clientcontractipusage_afterinsert |
+-----------------------------------+
|                          16736724 |
+-----------------------------------+
1 row in set (7.00 sec)

Query OK, 0 rows affected (0.00 sec)

+------------------------+
| info                   |
+------------------------+
| updating null packages |
+------------------------+
1 row in set (0.00 sec)

Query OK, 1 row affected (40.40 sec)
Rows matched: 199402  Changed: 1  Warnings: 0

+------------+----------+
| usagedate  | count(*) |
+------------+----------+
| 2021-12-19 |    10500 |
| 2021-12-18 |    10608 |
| 2021-12-17 |    11038 |
| 2021-12-16 |    10587 |
| 2021-12-15 |    11883 |
| 2021-12-14 |    12625 |
| 2021-12-13 |    12377 |
| 2021-12-12 |    12172 |
| 2021-12-11 |    12410 |
| 2021-12-10 |    12524 |
| 2021-12-09 |    12708 |
| 2021-12-08 |    11297 |
| 2021-12-07 |    10791 |
| 2021-12-06 |    10625 |
| 2021-12-05 |    10482 |
+------------+----------+
15 rows in set (0.07 sec)

Query OK, 0 rows affected (0.03 sec)

Query OK, 804706 rows affected (1 min 19.74 sec)
Records: 804706  Duplicates: 0  Warnings: 0

Query OK, 0 rows affected (2.80 sec)
Records: 0  Duplicates: 0  Warnings: 0

Query OK, 0 rows affected (2.54 sec)
Records: 0  Duplicates: 0  Warnings: 0

Query OK, 0 rows affected (2.91 sec)
Records: 0  Duplicates: 0  Warnings: 0

Query OK, 0 rows affected (1.50 sec)
Records: 0  Duplicates: 0  Warnings: 0

Query OK, 0 rows affected (1.48 sec)
Records: 0  Duplicates: 0  Warnings: 0

Query OK, 0 rows affected (1.52 sec)
Records: 0  Duplicates: 0  Warnings: 0

Query OK, 0 rows affected (1.53 sec)
Records: 0  Duplicates: 0  Warnings: 0

+-----------------------+
| clientcontractipmonth |
+-----------------------+
|                804706 |
+-----------------------+
1 row in set (0.21 sec)

Query OK, 0 rows affected (0.02 sec)

Query OK, 17736 rows affected (1 min 10.50 sec)
Records: 17736  Duplicates: 0  Warnings: 0

+-----------------------+
| rep_dailypackageusage |
+-----------------------+
|                 17736 |
+-----------------------+
1 row in set (0.01 sec)

mysql> mysql \. C:\workspace\cloud\code\sql\_DailyScript\currenttime.sql
+---------------------+
| currenttime         |
+---------------------+
| 2021-12-20 13:00:47 |
+---------------------+
1 row in set (0.00 sec)

mysql> 
mysql> mysql \. C:\workspace\cloud\code\sql\GIS\GetParcelExtract.sql
Database changed
Query OK, 0 rows affected (0.01 sec)

Query OK, 16310 rows affected (5.47 sec)
Records: 16310  Duplicates: 0  Warnings: 0

+-------------------------+
| IV_PARCELEXTRACTStaging |
+-------------------------+
|                   16310 |
+-------------------------+
1 row in set (0.01 sec)

Query OK, 0 rows affected (0.00 sec)

Query OK, 0 rows affected (0.01 sec)

Query OK, 9927 rows affected (0.27 sec)
Records: 9927  Duplicates: 0  Warnings: 0

+-----------------+
| IV_PARCELFORMAP |
+-----------------+
|            9927 |
+-----------------+
1 row in set (0.01 sec)

Query OK, 0 rows affected (0.01 sec)

Query OK, 239 rows affected (0.03 sec)
Records: 239  Duplicates: 0  Warnings: 0

+----------------------------+
| IV_PARCELFORMAP_Inactive_2 |
+----------------------------+
|                        239 |
+----------------------------+
1 row in set (0.00 sec)

Query OK, 0 rows affected (0.01 sec)

Query OK, 433 rows affected (0.04 sec)
Records: 433  Duplicates: 0  Warnings: 0

+----------------------------+
| IV_PARCELFORMAP_Inactive_3 |
+----------------------------+
|                        433 |
+----------------------------+
1 row in set (0.00 sec)

Query OK, 0 rows affected (0.01 sec)

Query OK, 500 rows affected (0.04 sec)
Records: 500  Duplicates: 0  Warnings: 0

+----------------------------+
| IV_PARCELFORMAP_Inactive_4 |
+----------------------------+
|                        500 |
+----------------------------+
1 row in set (0.00 sec)

Query OK, 0 rows affected (0.01 sec)

Query OK, 2712 rows affected (0.08 sec)
Records: 2712  Duplicates: 0  Warnings: 0

+----------------------------+
| IV_PARCELFORMAP_Inactive_5 |
+----------------------------+
|                       2712 |
+----------------------------+
1 row in set (0.00 sec)

Query OK, 0 rows affected (0.01 sec)

Query OK, 4123 rows affected (0.13 sec)
Records: 4123  Duplicates: 0  Warnings: 0

+---------------------+
| IV_PARCELFORMAP_HFC |
+---------------------+
|                4123 |
+---------------------+
1 row in set (0.00 sec)

Query OK, 0 rows affected (0.01 sec)

Query OK, 4499 rows affected (0.12 sec)
Records: 4499  Duplicates: 0  Warnings: 0

+----------------------+
| IV_PARCELFORMAP_GPON |
+----------------------+
|                 4499 |
+----------------------+
1 row in set (0.00 sec)

Query OK, 0 rows affected (0.01 sec)

Query OK, 51 rows affected (0.02 sec)
Records: 51  Duplicates: 0  Warnings: 0

+---------------------+
| IV_PARCELFORMAP_MIX |
+---------------------+
|                  51 |
+---------------------+
1 row in set (0.00 sec)

mysql> mysql \. C:\workspace\cloud\code\sql\_DailyScript\currenttime.sql
+---------------------+
| currenttime         |
+---------------------+
| 2021-12-20 13:00:54 |
+---------------------+
1 row in set (0.00 sec)

mysql> 
mysql> 
mysql> 
mysql> exit
