    -> 
    -> mysql \. C:\workspace\cloud\code\sql\_DailyScript\_setdates.sql
Database changed
Query OK, 0 rows affected (0.00 sec)

Query OK, 0 rows affected (0.00 sec)

Query OK, 0 rows affected (0.00 sec)

Query OK, 0 rows affected (0.00 sec)

Query OK, 0 rows affected (0.00 sec)

Query OK, 0 rows affected (0.00 sec)

Query OK, 0 rows affected (0.00 sec)

Query OK, 0 rows affected (0.00 sec)

Query OK, 0 rows affected (0.00 sec)

Query OK, 0 rows affected (0.00 sec)

Query OK, 0 rows affected (0.00 sec)

Query OK, 0 rows affected (0.00 sec)

Query OK, 0 rows affected (0.00 sec)

Query OK, 0 rows affected (0.00 sec)

Query OK, 0 rows affected (0.00 sec)

Query OK, 0 rows affected (0.00 sec)

Query OK, 0 rows affected (0.00 sec)

Query OK, 0 rows affected (0.00 sec)

Query OK, 0 rows affected (0.00 sec)

Query OK, 0 rows affected (0.00 sec)

Query OK, 0 rows affected (0.00 sec)

mysql> mysql \. C:\workspace\cloud\code\sql\_DailyScript\currenttime.sql
+---------------------+
| currenttime         |
+---------------------+
| 2020-11-23 09:10:07 |
+---------------------+
1 row in set (0.00 sec)

mysql> 
mysql> mysql \. C:\workspace\cloud\code\sql\_DailyScript\load_RCB_VODTITLES.sql
Database changed
Query OK, 0 rows affected (0.00 sec)

Query OK, 13398 rows affected (0.13 sec)

Query OK, 13400 rows affected, 13400 warnings (0.31 sec)
Records: 13400  Deleted: 0  Skipped: 0  Warnings: 13400

Query OK, 0 rows affected (0.00 sec)

Query OK, 2 rows affected (0.01 sec)

+-----------+
| VODTITLES |
+-----------+
|     13858 |
+-----------+
1 row in set (0.01 sec)

+-----------+-----------+
| titletype | typecount |
+-----------+-----------+
| E         |     11257 |
| N         |       236 |
| T         |      1905 |
| NULL      |     13398 |
+-----------+-----------+
4 rows in set (0.04 sec)

mysql> mysql \. C:\workspace\cloud\code\sql\_DailyScript\currenttime.sql
+---------------------+
| currenttime         |
+---------------------+
| 2020-11-23 09:10:07 |
+---------------------+
1 row in set (0.00 sec)

mysql> 
mysql> mysql \. C:\workspace\cloud\code\sql\_DailyScript\DAILY-SCRIPT-LIVETV-STATS.sql
Database changed
Query OK, 0 rows affected (0.01 sec)

Query OK, 187664 rows affected (2.16 sec)
Records: 187664  Duplicates: 0  Warnings: 0

+------------+------------+----------+--------------+--------------+-----------+-------------+----------+--------+------+------------+---------+---------------+
| Table      | Non_unique | Key_name | Seq_in_index | Column_name  | Collation | Cardinality | Sub_part | Packed | Null | Index_type | Comment | Index_comment |
+------------+------------+----------+--------------+--------------+-----------+-------------+----------+--------+------+------------+---------+---------------+
| templivetv |          1 | idxtv1   |            1 | device       | A         |      188638 |     NULL | NULL   | YES  | BTREE      |         |               |
| templivetv |          1 | idxtv2   |            1 | sessionstart | A         |      188638 |     NULL | NULL   | YES  | BTREE      |         |               |
+------------+------------+----------+--------------+--------------+-----------+-------------+----------+--------+------+------------+---------+---------------+
2 rows in set (0.00 sec)

Query OK, 0 rows affected (0.41 sec)
Records: 0  Duplicates: 0  Warnings: 0

Query OK, 2725 rows affected (0.60 sec)
Records: 2725  Duplicates: 0  Warnings: 0

Query OK, 0 rows affected (0.00 sec)

Query OK, 0 rows affected (0.00 sec)

Query OK, 135 rows affected (0.03 sec)
Records: 135  Duplicates: 0  Warnings: 0

Query OK, 0 rows affected (0.00 sec)

Query OK, 43504 rows affected (2 min 5.61 sec)
Records: 43504  Duplicates: 0  Warnings: 0

+-----------------+
| rep_livetvstats |
+-----------------+
|           43504 |
+-----------------+
1 row in set (0.01 sec)

mysql> mysql \. C:\workspace\cloud\code\sql\_DailyScript\currenttime.sql
+---------------------+
| currenttime         |
+---------------------+
| 2020-11-23 09:12:16 |
+---------------------+
1 row in set (0.00 sec)

mysql> 
mysql> mysql \. C:\workspace\cloud\code\sql\_DailyScript\DAILY-SCRIPT-VODTS-STATS.sql
Database changed
Query OK, 0 rows affected (0.01 sec)

Query OK, 9150 rows affected (21.07 sec)
Records: 9150  Duplicates: 0  Warnings: 0

+---------+------------+----------+--------------+--------------+-----------+-------------+----------+--------+------+------------+---------+---------------+
| Table   | Non_unique | Key_name | Seq_in_index | Column_name  | Collation | Cardinality | Sub_part | Packed | Null | Index_type | Comment | Index_comment |
+---------+------------+----------+--------------+--------------+-----------+-------------+----------+--------+------+------------+---------+---------------+
| tempvod |          1 | idxtvod1 |            1 | device       | A         |        8563 |     NULL | NULL   | YES  | BTREE      |         |               |
| tempvod |          1 | idxtvod2 |            1 | sessionstart | A         |        8563 |     NULL | NULL   | YES  | BTREE      |         |               |
+---------+------------+----------+--------------+--------------+-----------+-------------+----------+--------+------+------------+---------+---------------+
2 rows in set (0.00 sec)

Query OK, 0 rows affected (2.09 sec)
Records: 0  Duplicates: 0  Warnings: 0

Query OK, 0 rows affected (0.01 sec)

Query OK, 879448 rows affected (1 min 9.12 sec)
Records: 879448  Duplicates: 0  Warnings: 0

+--------------+
| rep_vodstats |
+--------------+
|       879448 |
+--------------+
1 row in set (0.26 sec)

Database changed
Query OK, 0 rows affected (0.02 sec)

Query OK, 34661 rows affected (38.66 sec)
Records: 34661  Duplicates: 0  Warnings: 0

+--------+------------+----------+--------------+--------------+-----------+-------------+----------+--------+------+------------+---------+---------------+
| Table  | Non_unique | Key_name | Seq_in_index | Column_name  | Collation | Cardinality | Sub_part | Packed | Null | Index_type | Comment | Index_comment |
+--------+------------+----------+--------------+--------------+-----------+-------------+----------+--------+------+------------+---------+---------------+
| tempts |          1 | idxtts1  |            1 | device       | A         |       34779 |     NULL | NULL   | YES  | BTREE      |         |               |
| tempts |          1 | idxtts2  |            1 | sessionstart | A         |       34779 |     NULL | NULL   | YES  | BTREE      |         |               |
+--------+------------+----------+--------------+--------------+-----------+-------------+----------+--------+------+------------+---------+---------------+
2 rows in set (0.00 sec)

Query OK, 0 rows affected (9.64 sec)
Records: 0  Duplicates: 0  Warnings: 0

Query OK, 0 rows affected (0.01 sec)

Query OK, 41171 rows affected (37.95 sec)
Records: 41171  Duplicates: 0  Warnings: 0

+-------------+
| rep_tsstats |
+-------------+
|       41171 |
+-------------+
1 row in set (0.01 sec)

mysql> mysql \. C:\workspace\cloud\code\sql\_DailyScript\currenttime.sql
+---------------------+
| currenttime         |
+---------------------+
| 2020-11-23 09:15:15 |
+---------------------+
1 row in set (0.00 sec)

mysql> 
mysql> mysql \. C:\workspace\cloud\code\sql\_DailyScript\DAILY-SCRIPT-RADIO-STATS.sql
Database changed
Query OK, 0 rows affected (0.06 sec)

Query OK, 325264 rows affected (3.57 sec)
Records: 325264  Duplicates: 0  Warnings: 0

+-----------+------------+----------+--------------+--------------+-----------+-------------+----------+--------+------+------------+---------+---------------+
| Table     | Non_unique | Key_name | Seq_in_index | Column_name  | Collation | Cardinality | Sub_part | Packed | Null | Index_type | Comment | Index_comment |
+-----------+------------+----------+--------------+--------------+-----------+-------------+----------+--------+------+------------+---------+---------------+
| tempradio |          1 | idxtrad1 |            1 | device       | A         |      324456 |     NULL | NULL   | YES  | BTREE      |         |               |
| tempradio |          1 | idxtrad2 |            1 | sessionstart | A         |      324456 |     NULL | NULL   | YES  | BTREE      |         |               |
+-----------+------------+----------+--------------+--------------+-----------+-------------+----------+--------+------+------------+---------+---------------+
2 rows in set (0.00 sec)

Query OK, 0 rows affected (1.21 sec)
Records: 0  Duplicates: 0  Warnings: 0

Query OK, 0 rows affected (0.03 sec)

Query OK, 5524 rows affected (0.45 sec)
Records: 5524  Duplicates: 0  Warnings: 0

+----------------+
| rep_radiostats |
+----------------+
|           5524 |
+----------------+
1 row in set (0.00 sec)

mysql> mysql \. C:\workspace\cloud\code\sql\_DailyScript\currenttime.sql
+---------------------+
| currenttime         |
+---------------------+
| 2020-11-23 09:15:20 |
+---------------------+
1 row in set (0.00 sec)

mysql> 
mysql> mysql \. C:\workspace\cloud\code\sql\_DailyScript\DAILY_SCRIPT_TELEMETRY_PIVOT_2020.sql
Query OK, 0 rows affected (0.00 sec)

Query OK, 146 rows affected (0.19 sec)
Records: 146  Duplicates: 0  Warnings: 0

Query OK, 0 rows affected (0.01 sec)

Query OK, 11010 rows affected (2.54 sec)
Records: 11010  Duplicates: 0  Warnings: 0

Query OK, 0 rows affected (0.01 sec)

Query OK, 8 rows affected (0.02 sec)
Records: 8  Duplicates: 0  Warnings: 0

Query OK, 0 rows affected (0.01 sec)

Query OK, 47 rows affected (0.07 sec)
Records: 47  Duplicates: 0  Warnings: 0

mysql> mysql \. C:\workspace\cloud\code\sql\_DailyScript\currenttime.sql
+---------------------+
| currenttime         |
+---------------------+
| 2020-11-23 09:15:23 |
+---------------------+
1 row in set (0.00 sec)

mysql> 
mysql> mysql \. C:\workspace\cloud\code\sql\_DailyScript\telemetry_livetv_ranking2020.sql
Query OK, 0 rows affected (0.00 sec)

Query OK, 146 rows affected (0.02 sec)
Records: 146  Duplicates: 0  Warnings: 0

mysql> mysql \. C:\workspace\cloud\code\sql\_DailyScript\currenttime.sql
+---------------------+
| currenttime         |
+---------------------+
| 2020-11-23 09:15:23 |
+---------------------+
1 row in set (0.00 sec)

mysql> 
mysql> mysql \. C:\workspace\cloud\code\sql\_DailyScript\telemetry_radio_ranking2020.sql
Query OK, 0 rows affected (0.00 sec)

Query OK, 8 rows affected (0.01 sec)
Records: 8  Duplicates: 0  Warnings: 0

mysql> mysql \. C:\workspace\cloud\code\sql\_DailyScript\currenttime.sql
+---------------------+
| currenttime         |
+---------------------+
| 2020-11-23 09:15:23 |
+---------------------+
1 row in set (0.00 sec)

mysql> 
mysql> mysql \. C:\workspace\cloud\code\sql\_DailyScript\telemetry_ts_ranking2020.sql
Query OK, 0 rows affected (0.01 sec)

Query OK, 47 rows affected (0.01 sec)
Records: 47  Duplicates: 0  Warnings: 0

mysql> mysql \. C:\workspace\cloud\code\sql\_DailyScript\currenttime.sql
+---------------------+
| currenttime         |
+---------------------+
| 2020-11-23 09:15:23 |
+---------------------+
1 row in set (0.00 sec)

mysql> 
mysql> mysql \. C:\workspace\cloud\code\sql\_DailyScript\telemetry_vod_ranking2020.sql
Query OK, 0 rows affected (0.01 sec)

Query OK, 11010 rows affected (0.48 sec)
Records: 11010  Duplicates: 0  Warnings: 0

mysql> mysql \. C:\workspace\cloud\code\sql\_DailyScript\currenttime.sql
+---------------------+
| currenttime         |
+---------------------+
| 2020-11-23 09:15:24 |
+---------------------+
1 row in set (0.00 sec)

mysql> 
mysql> mysql \. C:\workspace\cloud\code\sql\_DailyScript\telemetry_vod_ranking2020_1.sql
Query OK, 0 rows affected (0.01 sec)

Query OK, 11010 rows affected (0.24 sec)
Records: 11010  Duplicates: 0  Warnings: 0

mysql> mysql \. C:\workspace\cloud\code\sql\_DailyScript\currenttime.sql
+---------------------+
| currenttime         |
+---------------------+
| 2020-11-23 09:15:24 |
+---------------------+
1 row in set (0.00 sec)

mysql> 
mysql> mysql \. C:\workspace\cloud\code\sql\_DailyScript\telemetry_vod_ranking2020_2.sql
Query OK, 0 rows affected (0.01 sec)

Query OK, 11010 rows affected (0.22 sec)
Records: 11010  Duplicates: 0  Warnings: 0

mysql> mysql \. C:\workspace\cloud\code\sql\_DailyScript\currenttime.sql
+---------------------+
| currenttime         |
+---------------------+
| 2020-11-23 09:15:24 |
+---------------------+
1 row in set (0.00 sec)

mysql> 
mysql> 
mysql> 
mysql> 
mysql> mysql \. C:\workspace\cloud\code\sql\_DailyScript\ticket_analysis.sql
Database changed
Query OK, 0 rows affected (0.16 sec)

Query OK, 718544 rows affected (26.59 sec)
Records: 718544  Duplicates: 0  Warnings: 0

Query OK, 0 rows affected (4.36 sec)
Records: 0  Duplicates: 0  Warnings: 0

Query OK, 0 rows affected (1.92 sec)
Records: 0  Duplicates: 0  Warnings: 0

Query OK, 0 rows affected (1.89 sec)
Records: 0  Duplicates: 0  Warnings: 0

Query OK, 0 rows affected (0.02 sec)

Query OK, 22985 rows affected (12.33 sec)
Records: 22985  Duplicates: 0  Warnings: 0

Query OK, 0 rows affected, 1 warning (0.00 sec)

Query OK, 102182 rows affected (6.78 sec)
Records: 102182  Duplicates: 0  Warnings: 0

Query OK, 0 rows affected, 1 warning (0.00 sec)

Query OK, 522924 rows affected (15.45 sec)
Records: 522924  Duplicates: 0  Warnings: 0

Query OK, 0 rows affected, 1 warning (0.00 sec)

Query OK, 522924 rows affected (16.95 sec)
Records: 522924  Duplicates: 0  Warnings: 0

Query OK, 0 rows affected (0.03 sec)

Query OK, 102277 rows affected (6.25 sec)
Records: 102277  Duplicates: 0  Warnings: 0

Database changed
Query OK, 0 rows affected (0.00 sec)

Query OK, 0 rows affected (0.03 sec)

Query OK, 718544 rows affected (22.94 sec)
Records: 718544  Duplicates: 0  Warnings: 0

Query OK, 0 rows affected (0.01 sec)

Query OK, 363609 rows affected (16.87 sec)
Records: 363609  Duplicates: 0  Warnings: 0

+--------------------------+
| clientticket_cmmtjourney |
+--------------------------+
|                   718544 |
+--------------------------+
1 row in set (2.12 sec)

+---------------------------+
| clientticket_assgnjourney |
+---------------------------+
|                    363609 |
+---------------------------+
1 row in set (0.40 sec)

Query OK, 0 rows affected (0.01 sec)

Query OK, 74 rows affected (0.09 sec)
Records: 74  Duplicates: 0  Warnings: 0

mysql> mysql \. C:\workspace\cloud\code\sql\_DailyScript\currenttime.sql
+---------------------+
| currenttime         |
+---------------------+
| 2020-11-23 09:17:39 |
+---------------------+
1 row in set (0.01 sec)

mysql> 
mysql> mysql \. C:\workspace\cloud\code\sql\_DailyScript\load_DailyCalls.sql
Database changed
Query OK, 263 rows affected (0.11 sec)
Records: 263  Deleted: 0  Skipped: 0  Warnings: 0

Query OK, 0 rows affected, 1 warning (0.00 sec)

Query OK, 250 rows affected (0.02 sec)
Records: 250  Duplicates: 0  Warnings: 0

Query OK, 0 rows affected, 1 warning (0.01 sec)

Query OK, 68146 rows affected (0.29 sec)
Records: 68146  Duplicates: 0  Warnings: 0

+----------------------+
| callingclientsbefore |
+----------------------+
|              1048711 |
+----------------------+
1 row in set (0.40 sec)

Query OK, 308 rows affected (5.08 sec)
Records: 308  Duplicates: 0  Warnings: 0

+---------------------+
| callingclientsafter |
+---------------------+
|             1049019 |
+---------------------+
1 row in set (0.27 sec)

Query OK, 0 rows affected (0.00 sec)

Query OK, 206 rows affected (3.33 sec)
Records: 206  Duplicates: 0  Warnings: 0

Query OK, 0 rows affected (0.00 sec)

Query OK, 20897 rows affected (3.20 sec)
Records: 20897  Duplicates: 0  Warnings: 0

+-----------+
| callstats |
+-----------+
|     20897 |
+-----------+
1 row in set (0.01 sec)

Query OK, 0 rows affected, 1 warning (0.00 sec)

Query OK, 308 rows affected (2.00 sec)
Records: 308  Duplicates: 0  Warnings: 0

+------------------------+
| rep_cccallreportbefore |
+------------------------+
|                1049459 |
+------------------------+
1 row in set (0.36 sec)

Query OK, 308 rows affected (0.08 sec)
Records: 308  Duplicates: 0  Warnings: 0

+-----------------------+
| rep_cccallreportafter |
+-----------------------+
|               1049767 |
+-----------------------+
1 row in set (0.28 sec)

Query OK, 0 rows affected (0.01 sec)

mysql> mysql \. C:\workspace\cloud\code\sql\_DailyScript\currenttime.sql
+---------------------+
| currenttime         |
+---------------------+
| 2020-11-23 09:17:55 |
+---------------------+
1 row in set (0.00 sec)

mysql> 
mysql> mysql \. C:\workspace\cloud\code\sql\_DailyScript\DAILY-SCRIPT-USAGE.sql
Database changed
Query OK, 0 rows affected (0.00 sec)

ERROR 2 (HY000): File 'C:\ProgramData\MySQL\MySQL Server 5.7\Uploads\_csv\cdrUsageClient-Capped-22112020.csv' not found (Errcode: 2 - No such file or directory)
Query OK, 0 rows affected (0.00 sec)

ERROR 2 (HY000): File 'C:\ProgramData\MySQL\MySQL Server 5.7\Uploads\_csv\cdrUsageClient-UnCapped-22112020.csv' not found (Errcode: 2 - No such file or directory)
Query OK, 0 rows affected (0.00 sec)

Query OK, 139 rows affected, 593 warnings (0.06 sec)
Records: 139  Deleted: 0  Skipped: 0  Warnings: 593

Query OK, 0 rows affected (0.00 sec)

Query OK, 49 rows affected, 217 warnings (0.10 sec)
Records: 49  Deleted: 0  Skipped: 0  Warnings: 217

+------------+
| dailyusage |
+------------+
|   15636106 |
+------------+
1 row in set (5.41 sec)

+------------+------------+------------+---------+
| datestart  | dateend    | insertedon | records |
+------------+------------+------------+---------+
| 2020-11-22 | 2020-11-22 | 2020-11-23 |     188 |
| 2020-11-21 | 2020-11-21 | 2020-11-23 |    9304 |
| 2020-11-20 | 2020-11-20 | 2020-11-21 |   11322 |
| 2020-11-19 | 2020-11-19 | 2020-11-20 |   11299 |
| 2020-11-18 | 2020-11-18 | 2020-11-19 |   11162 |
+------------+------------+------------+---------+
5 rows in set (14.21 sec)

+----------+------------+------------+------------+---------+
| category | datestart  | dateend    | insertedon | records |
+----------+------------+------------+------------+---------+
| PREPAID  | 2020-11-22 | 2020-11-22 | 2020-11-23 |     139 |
| HOTSPOT  | 2020-11-22 | 2020-11-22 | 2020-11-23 |      49 |
| UNCAPPED | 2020-11-21 | 2020-11-21 | 2020-11-23 |    5626 |
| PREPAID  | 2020-11-21 | 2020-11-21 | 2020-11-23 |     158 |
| HOTSPOT  | 2020-11-21 | 2020-11-21 | 2020-11-23 |      85 |
| CAPPED   | 2020-11-21 | 2020-11-21 | 2020-11-23 |    3435 |
| UNCAPPED | 2020-11-20 | 2020-11-20 | 2020-11-21 |    6453 |
| PREPAID  | 2020-11-20 | 2020-11-20 | 2020-11-21 |     250 |
| HOTSPOT  | 2020-11-20 | 2020-11-20 | 2020-11-21 |     192 |
| CAPPED   | 2020-11-20 | 2020-11-20 | 2020-11-21 |    4427 |
| UNCAPPED | 2020-11-19 | 2020-11-19 | 2020-11-20 |    6443 |
| PREPAID  | 2020-11-19 | 2020-11-19 | 2020-11-20 |     267 |
| HOTSPOT  | 2020-11-19 | 2020-11-19 | 2020-11-20 |     150 |
| CAPPED   | 2020-11-19 | 2020-11-19 | 2020-11-20 |    4439 |
| UNCAPPED | 2020-11-18 | 2020-11-18 | 2020-11-19 |    6364 |
| PREPAID  | 2020-11-18 | 2020-11-18 | 2020-11-19 |     243 |
| HOTSPOT  | 2020-11-18 | 2020-11-18 | 2020-11-19 |     180 |
| CAPPED   | 2020-11-18 | 2020-11-18 | 2020-11-19 |    4375 |
| UNCAPPED | 2020-11-17 | 2020-11-17 | 2020-11-18 |    5805 |
| PREPAID  | 2020-11-17 | 2020-11-17 | 2020-11-18 |     273 |
+----------+------------+------------+------------+---------+
20 rows in set (22.21 sec)

mysql> mysql \. C:\workspace\cloud\code\sql\_DailyScript\currenttime.sql
+---------------------+
| currenttime         |
+---------------------+
| 2020-11-23 09:18:37 |
+---------------------+
1 row in set (0.00 sec)

mysql> 
mysql> mysql \. C:\workspace\cloud\code\sql\_DailyScript\DAILY-SCRIPT-SALES-TELEMETRY.sql
Database changed
Query OK, 21 rows affected, 13 warnings (0.03 sec)
Records: 21  Deleted: 0  Skipped: 0  Warnings: 13

+------------+
| dailysales |
+------------+
|     214989 |
+------------+
1 row in set (0.17 sec)

Query OK, 0 rows affected (0.01 sec)

Query OK, 214989 rows affected (13.40 sec)
Records: 214989  Duplicates: 0  Warnings: 0

+--------+
| sales  |
+--------+
| 214989 |
+--------+
1 row in set (0.20 sec)

Query OK, 0 rows affected (0.01 sec)

Query OK, 3500 rows affected (0.36 sec)
Records: 3500  Duplicates: 0  Warnings: 0

+----------------+
| rep_dailysales |
+----------------+
|           3500 |
+----------------+
1 row in set (0.00 sec)

Query OK, 0 rows affected (0.00 sec)

Query OK, 3500 rows affected (0.54 sec)
Records: 3500  Duplicates: 0  Warnings: 0

+-------------------+
| rep_dailysalesreg |
+-------------------+
|              3500 |
+-------------------+
1 row in set (0.00 sec)

Query OK, 0 rows affected (0.00 sec)

Query OK, 2837 rows affected (0.67 sec)
Records: 2837  Duplicates: 0  Warnings: 0

+-----------+
| saleslist |
+-----------+
|      2837 |
+-----------+
1 row in set (0.00 sec)

Database changed
ERROR 2 (HY000): File 'C:\ProgramData\MySQL\MySQL Server 5.7\Uploads\_csv\PrepaidCardSales-22112020-P1.csv' not found (Errcode: 2 - No such file or directory)
+------------------+
| dailysinglesales |
+------------------+
|             6418 |
+------------------+
1 row in set (0.01 sec)

Database changed
ERROR 2 (HY000): File 'C:\ProgramData\MySQL\MySQL Server 5.7\Uploads\_csv\Sales-Addon-22112020.csv' not found (Errcode: 2 - No such file or directory)
+-----------------+
| dailyaddonsales |
+-----------------+
|           21235 |
+-----------------+
1 row in set (0.03 sec)

Query OK, 206 rows affected (0.04 sec)
Records: 206  Deleted: 0  Skipped: 0  Warnings: 0

+----------------+
| onlinepayments |
+----------------+
|         137621 |
+----------------+
1 row in set (0.07 sec)

+-------------+----------------+---------------------+
| paymentdate | onlinepayments | onlinepaymentamount |
+-------------+----------------+---------------------+
| 2020-11-22  |            206 |        144044.75000 |
| 2020-11-21  |            200 |        135924.23000 |
| 2020-11-20  |            235 |        139655.66000 |
| 2020-11-19  |            189 |        113956.48000 |
| 2020-11-18  |            148 |         88252.70000 |
+-------------+----------------+---------------------+
5 rows in set (0.46 sec)

+-------------+--------------+----------------+---------------------+
| paymentyear | paymentmonth | onlinepayments | onlinepaymentamount |
+-------------+--------------+----------------+---------------------+
|        2020 |           11 |           4016 |       2522457.65000 |
|        2020 |           10 |           6965 |       4508008.17000 |
|        2020 |            9 |           6132 |       3998941.54000 |
|        2020 |            8 |           6240 |       4098025.79000 |
|        2020 |            7 |           6291 |       4053825.83000 |
+-------------+--------------+----------------+---------------------+
5 rows in set (0.13 sec)

mysql> mysql \. C:\workspace\cloud\code\sql\_DailyScript\currenttime.sql
+---------------------+
| currenttime         |
+---------------------+
| 2020-11-23 09:18:53 |
+---------------------+
1 row in set (0.00 sec)

mysql> 
mysql> mysql \. C:\workspace\cloud\code\sql\_DailyScript\DAILY-SCRIPT-ACTIVENUMBERS.sql
Database changed
Query OK, 1172 rows affected (0.52 sec)
Records: 1172  Deleted: 0  Skipped: 0  Warnings: 0

+------------+----------+
| period     | count(1) |
+------------+----------+
| 2020-11-22 |     1172 |
| 2020-11-21 |     1172 |
| 2020-11-20 |     1172 |
| 2020-11-19 |     1170 |
| 2020-11-18 |     1169 |
+------------+----------+
5 rows in set (0.01 sec)

Query OK, 0 rows affected (0.00 sec)

Query OK, 79 rows affected (1.41 sec)
Records: 79  Duplicates: 0  Warnings: 0

+-------------+
| packagelist |
+-------------+
|          79 |
+-------------+
1 row in set (0.00 sec)

Database changed
Query OK, 0 rows affected (0.00 sec)

Query OK, 0 rows affected (0.00 sec)

Query OK, 0 rows affected (0.00 sec)

Query OK, 0 rows affected (0.00 sec)

Query OK, 27884 rows affected, 194 warnings (13.87 sec)
Records: 27884  Deleted: 0  Skipped: 0  Warnings: 194

+------------+----------+
| period     | count(1) |
+------------+----------+
| 2020-11-22 |    27884 |
| 2020-11-21 |    28115 |
| 2020-11-20 |    28163 |
| 2020-11-19 |    28154 |
| 2020-11-18 |    28196 |
+------------+----------+
5 rows in set (0.10 sec)

Query OK, 0 rows affected (0.02 sec)

Query OK, 27308 rows affected (43.67 sec)
Records: 27308  Duplicates: 0  Warnings: 0

Query OK, 0 rows affected (0.11 sec)
Records: 0  Duplicates: 0  Warnings: 0

Query OK, 0 rows affected (0.10 sec)
Records: 0  Duplicates: 0  Warnings: 0

Query OK, 0 rows affected (0.09 sec)
Records: 0  Duplicates: 0  Warnings: 0

Query OK, 0 rows affected (0.08 sec)
Records: 0  Duplicates: 0  Warnings: 0

Query OK, 0 rows affected (0.06 sec)
Records: 0  Duplicates: 0  Warnings: 0

Query OK, 0 rows affected (0.07 sec)
Records: 0  Duplicates: 0  Warnings: 0

+-------------+
| countbefore |
+-------------+
|    41011959 |
+-------------+
1 row in set (11.28 sec)

Query OK, 27308 rows affected (2.27 sec)
Records: 27308  Duplicates: 0  Warnings: 0

+------------+
| countafter |
+------------+
|   41039267 |
+------------+
1 row in set (12.79 sec)

+------------+--------------------------+
| period     | customercontractactivity |
+------------+--------------------------+
| 2020-11-22 |                    27308 |
| 2020-11-21 |                    27538 |
| 2020-11-20 |                    27587 |
| 2020-11-19 |                    27577 |
| 2020-11-18 |                    27619 |
+------------+--------------------------+
5 rows in set (0.06 sec)

Query OK, 0 rows affected (0.01 sec)

Query OK, 285050 rows affected (7 min 27.99 sec)
Records: 285050  Duplicates: 0  Warnings: 0

Query OK, 0 rows affected (0.95 sec)
Records: 0  Duplicates: 0  Warnings: 0

Query OK, 0 rows affected (1.03 sec)
Records: 0  Duplicates: 0  Warnings: 0

Query OK, 0 rows affected (1.02 sec)
Records: 0  Duplicates: 0  Warnings: 0

Query OK, 0 rows affected (0.01 sec)

Query OK, 232 rows affected (0.40 sec)
Records: 232  Duplicates: 0  Warnings: 0

Query OK, 0 rows affected (0.00 sec)

Query OK, 2647 rows affected (0.54 sec)
Records: 2647  Duplicates: 0  Warnings: 0

Query OK, 0 rows affected (0.00 sec)

Query OK, 27285 rows affected (0.51 sec)
Records: 27285  Duplicates: 0  Warnings: 0

Query OK, 0 rows affected (0.02 sec)

Query OK, 17137 rows affected (0.34 sec)
Records: 17137  Duplicates: 0  Warnings: 0

Query OK, 0 rows affected (0.01 sec)

Query OK, 17137 rows affected (0.12 sec)
Records: 17137  Duplicates: 0  Warnings: 0

Query OK, 0 rows affected (0.01 sec)

Query OK, 17137 rows affected (1.06 sec)
Records: 17137  Duplicates: 0  Warnings: 0

Query OK, 0 rows affected (0.01 sec)

Query OK, 17137 rows affected (42.87 sec)
Records: 17137  Duplicates: 0  Warnings: 0

+-------------+
| clientstats |
+-------------+
|       17137 |
+-------------+
1 row in set (0.01 sec)

Query OK, 0 rows affected (0.00 sec)

Query OK, 13 rows affected, 1 warning (0.09 sec)
Records: 13  Duplicates: 0  Warnings: 1

+-----------------------+-------------+-------------+----------------+-----------------+
| services              | activecount | allaccounts | uniqueaccounts | uniquecontracts |
+-----------------------+-------------+-------------+----------------+-----------------+
| All                   |         353 |          57 |             57 |             183 |
| Internet & Voice      |         354 |         159 |            158 |             310 |
| Internet Only         |        4333 |        4221 |           4212 |            4263 |
| OTT Only              |           1 |           1 |              1 |               1 |
| TV & Internet         |        9463 |        4275 |           4265 |            8693 |
| TV & Internet & OTT   |        3162 |         812 |            810 |            1685 |
| TV & Internet & Voice |         488 |         146 |            146 |             447 |
| TV & OTT              |         372 |          76 |             75 |              90 |
| TV & Voice            |         102 |          47 |             47 |              97 |
| TV & Voice & OTT      |           3 |           1 |              1 |               2 |
| TV Only               |        9213 |        7202 |           7185 |            7393 |
| Voice Only            |         142 |         140 |            140 |             142 |
| GRAND TOTAL           |       27986 |       17137 |          17061 |           23306 |
+-----------------------+-------------+-------------+----------------+-----------------+
13 rows in set (0.00 sec)

+-------------+-------------+-------------+----------------+-----------------+
| network     | activecount | allaccounts | uniqueaccounts | uniquecontracts |
+-------------+-------------+-------------+----------------+-----------------+
| GPON        |        9973 |        5129 |           5126 |            7937 |
| HFC         |       18013 |       12008 |          12008 |           15369 |
| GRAND TOTAL |       27986 |       17137 |          17061 |           23306 |
+-------------+-------------+-------------+----------------+-----------------+
3 rows in set, 1 warning (0.11 sec)

+-------------+-----------------------+-------------+-------------+----------------+-----------------+
| network     | services              | activecount | allaccounts | uniqueaccounts | uniquecontracts |
+-------------+-----------------------+-------------+-------------+----------------+-----------------+
| GPON        | All                   |         207 |          34 |             34 |             108 |
| GPON        | Internet & Voice      |          72 |          30 |             30 |              62 |
| GPON        | Internet Only         |        1261 |        1167 |           1167 |            1192 |
| GPON        | TV & Internet         |        4175 |        1850 |           1850 |            3789 |
| GPON        | TV & Internet & OTT   |        1827 |         460 |            460 |             962 |
| GPON        | TV & Internet & Voice |         205 |          59 |             59 |             184 |
| GPON        | TV & OTT              |         134 |          41 |             41 |              44 |
| GPON        | TV & Voice            |          61 |          27 |             27 |              57 |
| GPON        | TV & Voice & OTT      |           3 |           1 |              1 |               2 |
| GPON        | TV Only               |        2015 |        1448 |           1448 |            1524 |
| GPON        | Voice Only            |          13 |          12 |             12 |              13 |
| GPON        | Services Total        |        9973 |        5129 |           5126 |            7937 |
| HFC         | All                   |         146 |          23 |             23 |              75 |
| HFC         | Internet & Voice      |         282 |         129 |            129 |             248 |
| HFC         | Internet Only         |        3072 |        3054 |           3054 |            3071 |
| HFC         | OTT Only              |           1 |           1 |              1 |               1 |
| HFC         | TV & Internet         |        5288 |        2425 |           2425 |            4904 |
| HFC         | TV & Internet & OTT   |        1335 |         352 |            352 |             723 |
| HFC         | TV & Internet & Voice |         283 |          87 |             87 |             263 |
| HFC         | TV & OTT              |         238 |          35 |             35 |              46 |
| HFC         | TV & Voice            |          41 |          20 |             20 |              40 |
| HFC         | TV Only               |        7198 |        5754 |           5754 |            5869 |
| HFC         | Voice Only            |         129 |         128 |            128 |             129 |
| HFC         | Services Total        |       18013 |       12008 |          12008 |           15369 |
| GRAND TOTAL | Services Total        |       27986 |       17137 |          17061 |           23306 |
+-------------+-----------------------+-------------+-------------+----------------+-----------------+
25 rows in set, 2 warnings (0.12 sec)

Query OK, 0 rows affected (0.00 sec)

Query OK, 40 rows affected, 3 warnings (0.17 sec)
Records: 40  Duplicates: 0  Warnings: 3

+-------------+---------------+-----------------------+-------------+-------------+----------------+-----------------+
| region      | network       | services              | activecount | allaccounts | uniqueaccounts | uniquecontracts |
+-------------+---------------+-----------------------+-------------+-------------+----------------+-----------------+
| Mahe        | GPON          | All                   |         182 |          30 |             30 |              96 |
| Mahe        | GPON          | Internet & Voice      |          60 |          24 |             24 |              50 |
| Mahe        | GPON          | Internet Only         |        1035 |         941 |            941 |             966 |
| Mahe        | GPON          | TV & Internet         |        3402 |        1500 |           1500 |            3071 |
| Mahe        | GPON          | TV & Internet & OTT   |        1431 |         350 |            350 |             735 |
| Mahe        | GPON          | TV & Internet & Voice |         192 |          55 |             55 |             171 |
| Mahe        | GPON          | TV & OTT              |         105 |          29 |             29 |              32 |
| Mahe        | GPON          | TV & Voice            |          56 |          25 |             25 |              53 |
| Mahe        | GPON          | TV & Voice & OTT      |           3 |           1 |              1 |               2 |
| Mahe        | GPON          | TV Only               |        1649 |        1149 |           1149 |            1211 |
| Mahe        | GPON          | Voice Only            |          13 |          12 |             12 |              13 |
| Mahe        | GPON          | Services Total        |        8128 |        4116 |           4116 |            6400 |
| Mahe        | HFC           | All                   |         146 |          23 |             23 |              75 |
| Mahe        | HFC           | Internet & Voice      |         282 |         129 |            129 |             248 |
| Mahe        | HFC           | Internet Only         |        3071 |        3053 |           3053 |            3070 |
| Mahe        | HFC           | OTT Only              |           1 |           1 |              1 |               1 |
| Mahe        | HFC           | TV & Internet         |        5288 |        2425 |           2425 |            4904 |
| Mahe        | HFC           | TV & Internet & OTT   |        1335 |         352 |            352 |             723 |
| Mahe        | HFC           | TV & Internet & Voice |         283 |          87 |             87 |             263 |
| Mahe        | HFC           | TV & OTT              |         238 |          35 |             35 |              46 |
| Mahe        | HFC           | TV & Voice            |          41 |          20 |             20 |              40 |
| Mahe        | HFC           | TV Only               |        7193 |        5751 |           5751 |            5866 |
| Mahe        | HFC           | Voice Only            |         129 |         128 |            128 |             129 |
| Mahe        | HFC           | Services Total        |       18007 |       12004 |          12004 |           15365 |
| Mahe        | Network Total | Services Total        |       26135 |       16120 |          16048 |           21765 |
| Praslin     | GPON          | All                   |          25 |           4 |              4 |              12 |
| Praslin     | GPON          | Internet & Voice      |          12 |           6 |              6 |              12 |
| Praslin     | GPON          | Internet Only         |         226 |         226 |            226 |             226 |
| Praslin     | GPON          | TV & Internet         |         773 |         350 |            350 |             718 |
| Praslin     | GPON          | TV & Internet & OTT   |         396 |         110 |            110 |             227 |
| Praslin     | GPON          | TV & Internet & Voice |          13 |           4 |              4 |              13 |
| Praslin     | GPON          | TV & OTT              |          29 |          12 |             12 |              12 |
| Praslin     | GPON          | TV & Voice            |           5 |           2 |              2 |               4 |
| Praslin     | GPON          | TV Only               |         366 |         299 |            299 |             313 |
| Praslin     | GPON          | Services Total        |        1845 |        1013 |           1013 |            1537 |
| Praslin     | HFC           | Internet Only         |           1 |           1 |              1 |               1 |
| Praslin     | HFC           | TV Only               |           5 |           3 |              3 |               3 |
| Praslin     | HFC           | Services Total        |           6 |           4 |              4 |               4 |
| Praslin     | Network Total | Services Total        |        1851 |        1017 |           1016 |            1541 |
| GRAND TOTAL | Network Total | Services Total        |       27986 |       17137 |          17061 |           23306 |
+-------------+---------------+-----------------------+-------------+-------------+----------------+-----------------+
40 rows in set (0.00 sec)

Query OK, 0 rows affected (0.01 sec)

Query OK, 27286 rows affected (0.40 sec)
Records: 27286  Duplicates: 0  Warnings: 0

Query OK, 0 rows affected (0.01 sec)

Query OK, 2194 rows affected (1.23 sec)
Records: 2194  Duplicates: 0  Warnings: 0

+--------------------------------------+
| message                              |
+--------------------------------------+
| running rcbill_my.sp_ActiveNumber2() |
+--------------------------------------+
1 row in set (0.00 sec)

Query OK, 365 rows affected (1 min 44.34 sec)

mysql> mysql \. C:\workspace\cloud\code\sql\_DailyScript\currenttime.sql
+---------------------+
| currenttime         |
+---------------------+
| 2020-11-23 09:30:23 |
+---------------------+
1 row in set (0.00 sec)

mysql> 
mysql> mysql \. C:\workspace\cloud\code\sql\_DailyScript\GetActiveNumbers Average -Pivot.sql
Database changed
+-------------------------------------+
| @today := subdate(current_date(),1) |
+-------------------------------------+
| 2020-11-22                          |
+-------------------------------------+
1 row in set (0.00 sec)

+-------------------------------------+
| @lastdayofmonth := last_day(@today) |
+-------------------------------------+
| 2020-11-30                          |
+-------------------------------------+
1 row in set (0.00 sec)

Query OK, 0 rows affected (0.01 sec)

Query OK, 43260 rows affected, 65535 warnings (52.13 sec)
Records: 43260  Duplicates: 0  Warnings: 89330

Query OK, 0 rows affected (0.09 sec)
Records: 0  Duplicates: 0  Warnings: 0

Query OK, 0 rows affected (0.11 sec)
Records: 0  Duplicates: 0  Warnings: 0

Query OK, 0 rows affected (0.10 sec)
Records: 0  Duplicates: 0  Warnings: 0

+-----------------+
| activenumberavg |
+-----------------+
|           43260 |
+-----------------+
1 row in set (0.01 sec)

Query OK, 0 rows affected (0.01 sec)

Query OK, 1929 rows affected (0.51 sec)
Records: 1929  Duplicates: 0  Warnings: 0

+---------------------+
| rep_activenumberavg |
+---------------------+
|                1929 |
+---------------------+
1 row in set (0.00 sec)

+----------------------+
| rep_activenumberavg1 |
+----------------------+
|                  902 |
+----------------------+
1 row in set (0.00 sec)

Query OK, 0 rows affected (0.01 sec)

Query OK, 2258 rows affected (0.39 sec)
Records: 2258  Duplicates: 0  Warnings: 0

Query OK, 0 rows affected (0.01 sec)

Query OK, 11578 rows affected (0.71 sec)
Records: 11578  Duplicates: 0  Warnings: 0

Query OK, 0 rows affected (0.00 sec)

Query OK, 0 rows affected (0.00 sec)

Query OK, 0 rows affected (0.01 sec)

Query OK, 0 rows affected (0.00 sec)

Query OK, 0 rows affected (0.00 sec)
Statement prepared

Query OK, 53 rows affected (0.04 sec)
Records: 53  Duplicates: 0  Warnings: 0

Query OK, 0 rows affected (0.00 sec)

Query OK, 0 rows affected (0.00 sec)

+----------------------+
| rep_activenumberavg2 |
+----------------------+
|                 2258 |
+----------------------+
1 row in set (0.00 sec)

+------------------------+
| rep_activenumberavg_pv |
+------------------------+
|                     53 |
+------------------------+
1 row in set (0.00 sec)

Query OK, 0 rows affected (0.00 sec)

Query OK, 2257 rows affected (0.33 sec)
Records: 2257  Duplicates: 0  Warnings: 0

Query OK, 0 rows affected (0.00 sec)

Query OK, 0 rows affected (0.00 sec)

Query OK, 0 rows affected (0.00 sec)

Query OK, 0 rows affected (0.00 sec)

Query OK, 0 rows affected (0.00 sec)
Statement prepared

Query OK, 53 rows affected (0.04 sec)
Records: 53  Duplicates: 0  Warnings: 0

Query OK, 0 rows affected (0.00 sec)

Query OK, 0 rows affected (0.00 sec)

+-------------------------+
| rep_activenumberavgMahe |
+-------------------------+
|                    2257 |
+-------------------------+
1 row in set (0.00 sec)

+----------------------------+
| rep_activenumberavgMahe_pv |
+----------------------------+
|                         53 |
+----------------------------+
1 row in set (0.00 sec)

Query OK, 0 rows affected (0.00 sec)

Query OK, 1439 rows affected (0.15 sec)
Records: 1439  Duplicates: 0  Warnings: 0

Query OK, 0 rows affected (0.00 sec)

Query OK, 0 rows affected (0.00 sec)

Query OK, 0 rows affected (0.00 sec)

Query OK, 0 rows affected (0.00 sec)

Query OK, 0 rows affected (0.00 sec)
Statement prepared

Query OK, 40 rows affected (0.03 sec)
Records: 40  Duplicates: 0  Warnings: 0

Query OK, 0 rows affected (0.00 sec)

Query OK, 0 rows affected (0.00 sec)

+----------------------------+
| rep_activenumberavgPraslin |
+----------------------------+
|                       1439 |
+----------------------------+
1 row in set (0.00 sec)

+-------------------------------+
| rep_activenumberavgPraslin_pv |
+-------------------------------+
|                            40 |
+-------------------------------+
1 row in set (0.00 sec)

mysql> mysql \. C:\workspace\cloud\code\sql\_DailyScript\currenttime.sql
+---------------------+
| currenttime         |
+---------------------+
| 2020-11-23 09:31:18 |
+---------------------+
1 row in set (0.00 sec)

mysql> 
mysql> mysql \. C:\workspace\cloud\code\sql\_DailyScript\budget_actual_analysis_2020.sql
Query OK, 0 rows affected (0.00 sec)

Query OK, 922 rows affected, 3 warnings (0.20 sec)
Records: 922  Duplicates: 0  Warnings: 3

+--------------------+
| budget_actual_2020 |
+--------------------+
|                922 |
+--------------------+
1 row in set (0.00 sec)

Query OK, 0 rows affected (0.00 sec)

Query OK, 48 rows affected (0.04 sec)
Records: 48  Duplicates: 0  Warnings: 0

+---------------------------+
| rep_budget_actual_2020_pv |
+---------------------------+
|                        48 |
+---------------------------+
1 row in set (0.00 sec)

mysql> mysql \. C:\workspace\cloud\code\sql\_DailyScript\currenttime.sql
+---------------------+
| currenttime         |
+---------------------+
| 2020-11-23 09:31:18 |
+---------------------+
1 row in set (0.00 sec)

mysql> 
mysql> mysql \. C:\workspace\cloud\code\sql\_DailyScript\reports-sales-addons-prepaid-camera.sql
Database changed
Query OK, 0 rows affected (0.01 sec)

Query OK, 4204 rows affected (0.19 sec)
Records: 4204  Duplicates: 0  Warnings: 0

Query OK, 0 rows affected (0.01 sec)

Query OK, 21278 rows affected (15.62 sec)
Records: 21278  Duplicates: 0  Warnings: 0

+--------------------+
| rep_prepaid_camera |
+--------------------+
|               4204 |
+--------------------+
1 row in set (0.01 sec)

+-----------+
| rep_addon |
+-----------+
|     21278 |
+-----------+
1 row in set (0.01 sec)

mysql> mysql \. C:\workspace\cloud\code\sql\_DailyScript\currenttime.sql
+---------------------+
| currenttime         |
+---------------------+
| 2020-11-23 09:31:34 |
+---------------------+
1 row in set (0.00 sec)

mysql> 
mysql> mysql \. C:\workspace\cloud\code\sql\_DailyScript\housing-estate-analysis.sql
Database changed
Query OK, 0 rows affected (0.01 sec)

Query OK, 3243 rows affected (1 min 0.35 sec)
Records: 3243  Duplicates: 0  Warnings: 0

+--------------------+
| rep_housingestates |
+--------------------+
|               3243 |
+--------------------+
1 row in set (0.00 sec)

mysql> mysql \. C:\workspace\cloud\code\sql\_DailyScript\currenttime.sql
+---------------------+
| currenttime         |
+---------------------+
| 2020-11-23 09:32:34 |
+---------------------+
1 row in set (0.00 sec)

mysql> 
mysql> mysql \. C:\workspace\cloud\code\sql\_DailyScript\RCB_ClientAnalyticsReport_Script.sql
Database changed
Query OK, 0 rows affected (0.00 sec)

Query OK, 0 rows affected (0.05 sec)

Query OK, 1989661 rows affected (1 min 15.32 sec)
Records: 1989661  Duplicates: 0  Warnings: 0

Query OK, 0 rows affected (6.25 sec)
Records: 0  Duplicates: 0  Warnings: 0

Query OK, 0 rows affected (4.86 sec)
Records: 0  Duplicates: 0  Warnings: 0

Query OK, 0 rows affected (11.80 sec)
Records: 0  Duplicates: 0  Warnings: 0

Query OK, 0 rows affected (7.62 sec)
Records: 0  Duplicates: 0  Warnings: 0

Query OK, 0 rows affected (9.57 sec)
Records: 0  Duplicates: 0  Warnings: 0

Query OK, 0 rows affected (6.83 sec)
Records: 0  Duplicates: 0  Warnings: 0

Query OK, 0 rows affected (0.00 sec)

Query OK, 496604 rows affected (17.17 sec)
Rows matched: 1989661  Changed: 496604  Warnings: 0

Query OK, 0 rows affected (0.01 sec)

Query OK, 28246 rows affected (3.90 sec)
Records: 28246  Duplicates: 0  Warnings: 0

Query OK, 0 rows affected (0.02 sec)

Query OK, 44318 rows affected (10 min 36.53 sec)
Records: 44318  Duplicates: 0  Warnings: 0

Query OK, 0 rows affected (0.17 sec)
Records: 0  Duplicates: 0  Warnings: 0

Query OK, 0 rows affected (0.14 sec)
Records: 0  Duplicates: 0  Warnings: 0

Query OK, 0 rows affected (0.09 sec)
Records: 0  Duplicates: 0  Warnings: 0

Query OK, 0 rows affected (0.02 sec)

Query OK, 463361 rows affected (16 min 26.25 sec)
Records: 463361  Duplicates: 0  Warnings: 0

Query OK, 0 rows affected (1.55 sec)
Records: 0  Duplicates: 0  Warnings: 0

Query OK, 0 rows affected (1.52 sec)
Records: 0  Duplicates: 0  Warnings: 0

Query OK, 0 rows affected (0.86 sec)
Records: 0  Duplicates: 0  Warnings: 0

Query OK, 0 rows affected (1.79 sec)
Records: 0  Duplicates: 0  Warnings: 0

Query OK, 0 rows affected (1.55 sec)
Records: 0  Duplicates: 0  Warnings: 0

Query OK, 0 rows affected (0.01 sec)

Query OK, 44318 rows affected (1 min 25.21 sec)
Records: 44318  Duplicates: 0  Warnings: 0

+--------------+
| clientreport |
+--------------+
|        44318 |
+--------------+
1 row in set (0.02 sec)

Query OK, 0 rows affected (0.01 sec)

Query OK, 44318 rows affected (5.73 sec)
Records: 44318  Duplicates: 0  Warnings: 0

+----------------------+
| clientextendedreport |
+----------------------+
|                44318 |
+----------------------+
1 row in set (0.02 sec)

Query OK, 0 rows affected (0.01 sec)

Query OK, 44318 rows affected (59.79 sec)
Records: 44318  Duplicates: 0  Warnings: 0

+---------+
| allcust |
+---------+
|   44318 |
+---------+
1 row in set (0.01 sec)

Query OK, 0 rows affected, 1 warning (0.01 sec)

Query OK, 5000 rows affected (0.15 sec)
Records: 5000  Duplicates: 0  Warnings: 0

Query OK, 0 rows affected (0.01 sec)

Query OK, 6880 rows affected (0.27 sec)
Records: 6880  Duplicates: 0  Warnings: 0

Query OK, 0 rows affected, 1 warning (0.00 sec)

Query OK, 5000 rows affected (0.13 sec)
Records: 5000  Duplicates: 0  Warnings: 0

Query OK, 0 rows affected (0.01 sec)

Query OK, 7284 rows affected (0.18 sec)
Records: 7284  Duplicates: 0  Warnings: 0

mysql> mysql \. C:\workspace\cloud\code\sql\_DailyScript\currenttime.sql
+---------------------+
| currenttime         |
+---------------------+
| 2020-11-23 10:04:40 |
+---------------------+
1 row in set (0.01 sec)

mysql> 
mysql> 
mysql> mysql \. C:\workspace\cloud\code\sql\_DailyScript\REVENUE_PER_NODE_MXK.sql
Query OK, 0 rows affected (0.01 sec)

Query OK, 0 rows affected (0.01 sec)

Query OK, 0 rows affected (0.01 sec)

Query OK, 0 rows affected (0.01 sec)
Records: 0  Duplicates: 0  Warnings: 0

+----------------------+
| message              |
+----------------------+
| created temp table a |
+----------------------+
1 row in set (0.00 sec)

Query OK, 6786 rows affected (0.93 sec)
Records: 6786  Duplicates: 0  Warnings: 0

+----------------------+
| message              |
+----------------------+
| created temp table b |
+----------------------+
1 row in set (0.00 sec)

Query OK, 0 rows affected, 1 warning (0.00 sec)

Query OK, 0 rows affected (0.01 sec)
Records: 0  Duplicates: 0  Warnings: 0

+--------------------------------+
| message                        |
+--------------------------------+
| created rcbill_my.tempcustmxk1 |
+--------------------------------+
1 row in set (0.00 sec)

Query OK, 0 rows affected (0.01 sec)

Query OK, 0 rows affected (0.01 sec)

Query OK, 0 rows affected, 1 warning (0.01 sec)

Query OK, 0 rows affected (0.01 sec)
Records: 0  Duplicates: 0  Warnings: 0

+----------------+
| message        |
+----------------+
| created temp a |
+----------------+
1 row in set (0.00 sec)

Query OK, 6786 rows affected (0.82 sec)
Records: 6786  Duplicates: 0  Warnings: 0

+----------------+
| message        |
+----------------+
| created temp b |
+----------------+
1 row in set (0.00 sec)

Query OK, 0 rows affected, 1 warning (0.00 sec)

Query OK, 6786 rows affected (0.05 sec)
Records: 6786  Duplicates: 0  Warnings: 0

+--------------------------------+
| message                        |
+--------------------------------+
| created rcbill_my.tempcustmxk2 |
+--------------------------------+
1 row in set (0.00 sec)

Query OK, 0 rows affected (0.00 sec)

Query OK, 0 rows affected (0.00 sec)

Query OK, 0 rows affected, 1 warning (0.00 sec)

Query OK, 0 rows affected (0.01 sec)

Query OK, 6786 rows affected (0.21 sec)
Records: 6786  Duplicates: 0  Warnings: 0

+---------------------------------+
| message                         |
+---------------------------------+
| created rcbill_my.customers_mxk |
+---------------------------------+
1 row in set (0.01 sec)

Query OK, 0 rows affected (0.22 sec)

Query OK, 0 rows affected (0.01 sec)

Query OK, 0 rows affected (0.01 sec)
Records: 0  Duplicates: 0  Warnings: 0

+----------------+
| message        |
+----------------+
| created temp a |
+----------------+
1 row in set (0.01 sec)

Query OK, 19587 rows affected (1.73 sec)
Records: 19587  Duplicates: 0  Warnings: 0

+----------------+
| message        |
+----------------+
| created temp c |
+----------------+
1 row in set (0.00 sec)

Query OK, 0 rows affected, 1 warning (0.00 sec)

Query OK, 0 rows affected (0.01 sec)
Records: 0  Duplicates: 0  Warnings: 0

+---------------------------------+
| message                         |
+---------------------------------+
| created rcbill_my.tempcustcmts1 |
+---------------------------------+
1 row in set (0.00 sec)

Query OK, 0 rows affected (0.00 sec)

Query OK, 0 rows affected, 1 warning (0.00 sec)

Query OK, 0 rows affected (0.01 sec)

Query OK, 0 rows affected (0.01 sec)
Records: 0  Duplicates: 0  Warnings: 0

+----------------+
| message        |
+----------------+
| created temp a |
+----------------+
1 row in set (0.00 sec)

Query OK, 19587 rows affected (1.47 sec)
Records: 19587  Duplicates: 0  Warnings: 0

+----------------+
| message        |
+----------------+
| created temp c |
+----------------+
1 row in set (0.00 sec)

Query OK, 0 rows affected, 1 warning (0.00 sec)

Query OK, 19587 rows affected (0.12 sec)
Records: 19587  Duplicates: 0  Warnings: 0

+---------------------------------+
| message                         |
+---------------------------------+
| created rcbill_my.tempcustcmts2 |
+---------------------------------+
1 row in set (0.00 sec)

Query OK, 0 rows affected (0.00 sec)

Query OK, 0 rows affected, 1 warning (0.00 sec)

Query OK, 0 rows affected (0.01 sec)

Query OK, 0 rows affected (0.01 sec)

Query OK, 6715 rows affected (0.35 sec)
Records: 6715  Duplicates: 0  Warnings: 0

+----------------------------------+
| message                          |
+----------------------------------+
| created rcbill_my.customers_cmts |
+----------------------------------+
1 row in set (0.00 sec)

Query OK, 0 rows affected (0.00 sec)

Query OK, 0 rows affected (0.01 sec)

Query OK, 0 rows affected (0.02 sec)

Query OK, 10959 rows affected (0.43 sec)
Records: 10959  Duplicates: 0  Warnings: 0

+--------------------------------------+
| message                              |
+--------------------------------------+
| created rcbill_my.customers_cmts_mxk |
+--------------------------------------+
1 row in set (0.00 sec)

Query OK, 491487 rows affected (1 min 1.03 sec)
Records: 491487  Duplicates: 0  Warnings: 0

+----------------+
| message        |
+----------------+
| created temp a |
+----------------+
1 row in set (0.00 sec)

Query OK, 0 rows affected (0.01 sec)

Query OK, 491487 rows affected (10.54 sec)
Records: 491487  Duplicates: 0  Warnings: 0

+------------------------------------------------+
| message                                        |
+------------------------------------------------+
| created rcbill_my.customers_contracts_cmts_mxk |
+------------------------------------------------+
1 row in set (0.00 sec)

Query OK, 0 rows affected (0.01 sec)

Query OK, 0 rows affected, 1 warning (0.00 sec)

Query OK, 0 rows affected, 1 warning (0.00 sec)

Query OK, 0 rows affected (0.00 sec)

Query OK, 0 rows affected (2.44 sec)
Rows matched: 0  Changed: 0  Warnings: 0

+------------------------------------------------+
| message                                        |
+------------------------------------------------+
| updated rcbill_my.customers_contracts_cmts_mxk |
+------------------------------------------------+
1 row in set (0.00 sec)

Query OK, 0 rows affected (0.27 sec)

Query OK, 2003816 rows affected (3 min 53.62 sec)
Records: 2003816  Duplicates: 0  Warnings: 0

+----------------------------------------+
| message                                |
+----------------------------------------+
| created rcbill_my.customers_collection |
+----------------------------------------+
1 row in set (0.00 sec)

Query OK, 0 rows affected (0.04 sec)

Query OK, 2291713 rows affected (1 min 49.49 sec)
Records: 2291713  Duplicates: 0  Warnings: 0

+------------------------------------------------+
| message                                        |
+------------------------------------------------+
| created rcbill_my.customers_cmts_mxk_cont_coll |
+------------------------------------------------+
1 row in set (0.00 sec)

Query OK, 0 rows affected (0.03 sec)

Query OK, 449029 rows affected (2 min 11.39 sec)
Records: 449029  Duplicates: 0  Warnings: 0

+--------------------------------------------------------+
| message                                                |
+--------------------------------------------------------+
| created rcbill_my.customers_contracts_collection_pivot |
+--------------------------------------------------------+
1 row in set (0.00 sec)

Query OK, 0 rows affected (0.01 sec)

Query OK, 40385 rows affected (2 min 20.62 sec)
Records: 40385  Duplicates: 0  Warnings: 0

+----------------------------------------------+
| message                                      |
+----------------------------------------------+
| created rcbill_my.customers_collection_pivot |
+----------------------------------------------+
1 row in set (0.00 sec)

Query OK, 0 rows affected (0.01 sec)

Query OK, 44318 rows affected (2.13 sec)
Records: 44318  Duplicates: 0  Warnings: 0

+--------------------------------------------+
| message                                    |
+--------------------------------------------+
| created rcbill_my.rep_customers_collection |
+--------------------------------------------+
1 row in set (0.00 sec)

Query OK, 0 rows affected (0.00 sec)

Query OK, 0 rows affected, 1 warning (0.00 sec)

Query OK, 457101 rows affected (12.98 sec)
Records: 457101  Duplicates: 0  Warnings: 0

+-------------------------+
| message                 |
+-------------------------+
| created rcbill_my.tempa |
+-------------------------+
1 row in set (0.00 sec)

Query OK, 0 rows affected, 1 warning (0.00 sec)

Query OK, 449029 rows affected (18.59 sec)
Records: 449029  Duplicates: 0  Warnings: 0

+-------------------------+
| message                 |
+-------------------------+
| created rcbill_my.tempb |
+-------------------------+
1 row in set (0.00 sec)

Query OK, 457101 rows affected (20.16 sec)
Records: 457101  Duplicates: 0  Warnings: 0

+-----------+
| message   |
+-----------+
| created a |
+-----------+
1 row in set (0.00 sec)

Query OK, 449029 rows affected (20.56 sec)
Records: 449029  Duplicates: 0  Warnings: 0

+-----------+
| message   |
+-----------+
| created b |
+-----------+
1 row in set (0.00 sec)

Query OK, 0 rows affected (0.02 sec)

Query OK, 0 rows affected (0.03 sec)

Query OK, 0 rows affected (0.02 sec)

Query OK, 493578 rows affected (54.67 sec)
Records: 493578  Duplicates: 0  Warnings: 0

+----------------------------------------------+
| message                                      |
+----------------------------------------------+
| created rcbill_my.cust_cont_payment_cmts_mxk |
+----------------------------------------------+
1 row in set (0.00 sec)

Query OK, 0 rows affected (0.02 sec)

Query OK, 0 rows affected (0.01 sec)

Query OK, 0 rows affected, 1 warning (0.00 sec)

Query OK, 0 rows affected (0.01 sec)

Query OK, 44318 rows affected (17.27 sec)
Records: 44318  Duplicates: 0  Warnings: 0

+--------------------------------------------------+
| message                                          |
+--------------------------------------------------+
| created rcbill_my.rep_cust_cont_payment_cmts_mxk |
+--------------------------------------------------+
1 row in set (0.00 sec)

Query OK, 0 rows affected, 1 warning (0.00 sec)

Query OK, 0 rows affected, 1 warning (0.00 sec)

Query OK, 0 rows affected (0.01 sec)

Query OK, 44318 rows affected (4.39 sec)
Records: 44318  Duplicates: 0  Warnings: 0

+----------------------+
| rep_custconsolidated |
+----------------------+
|                44318 |
+----------------------+
1 row in set (0.34 sec)

Query OK, 0 rows affected (0.02 sec)

+------------------------------------+
| message                            |
+------------------------------------+
| creating rcbill_my.rep_custextract |
+------------------------------------+
1 row in set (0.00 sec)

Query OK, 44318 rows affected (1.17 sec)
Records: 44318  Duplicates: 0  Warnings: 0

+-----------------+
| rep_custextract |
+-----------------+
|           44318 |
+-----------------+
1 row in set (0.01 sec)

Query OK, 0 rows affected (0.00 sec)

Query OK, 0 rows affected (0.01 sec)

+----------------------------------------------+
| message                                      |
+----------------------------------------------+
| creating rcbill_my.retentioncustomeractivity |
+----------------------------------------------+
1 row in set (0.00 sec)

Query OK, 876 rows affected (0.09 sec)
Records: 876  Duplicates: 0  Warnings: 0

+---------------------------+
| retentioncustomeractivity |
+---------------------------+
|                       876 |
+---------------------------+
1 row in set (0.00 sec)

+-----------+------------------------------------+------------+-------------+-----------------+------------------+---------------------+-------------------+
| HFC_NODE  | NODENAME                           | CMTS_DATE  | INSERTED_ON | UNIQUE_ACCOUNTS | UNIQUE_CONTRACTS | UNIQUE_MAC_INRCBOSS | UNIQUE_MAC_INCMTS |
+-----------+------------------------------------+------------+-------------+-----------------+------------------+---------------------+-------------------+
| C5/0/0/U0 | ANSE-BOILEAU-2                     | 2020-07-27 | 2020-11-23  |               0 |                0 |                   0 |               188 |
| C5/0/0/U1 | 500-C3-ANSE-BOILEAU                | 2020-07-27 | 2020-11-23  |               0 |                0 |                   0 |               191 |
| C5/0/1/U0 | 501-C4-LA-MISIERE-LEFT-I           | 2020-07-27 | 2020-11-23  |               0 |                0 |                   0 |               161 |
| C5/0/1/U1 | 501-C5-LA-MISIERE-RIGHT            | 2020-07-27 | 2020-11-23  |               0 |                0 |                   0 |               115 |
| C5/0/1/U2 | 501-C7-LA-MISIERE-LEFT-II          | 2020-07-27 | 2020-11-23  |               0 |                0 |                   0 |               161 |
| C5/0/2/U0 | 502-C8-LA-LOUISE                   | 2020-07-27 | 2020-11-23  |               0 |                0 |                   0 |               151 |
| C5/0/2/U1 | LA-LOUISE-2                        | 2020-07-27 | 2020-11-23  |               0 |                0 |                   0 |               146 |
| C5/0/3/U0 | 504-C6-PETIT-PARIS                 | 2020-07-27 | 2020-11-23  |               0 |                0 |                   0 |               163 |
| C5/0/3/U1 | PETIT-PARIS-23                     | 2020-07-27 | 2020-11-23  |               0 |                0 |                   0 |                80 |
| C5/0/4/U0 | FOUR-SEASONS                       | 2020-07-27 | 2020-11-23  |               0 |                0 |                   0 |                 4 |
| C5/0/4/U1 | ANCHOR-CAFE-I                      | 2020-07-27 | 2020-11-23  |               0 |                0 |                   0 |               149 |
| C5/0/4/U2 | ANCHOR-CAFE-II                     | 2020-07-27 | 2020-11-23  |               0 |                0 |                   0 |               158 |
| C5/1/0/U0 | POINTE-LARUE-AIRPORT-23            | 2020-07-27 | 2020-11-23  |               0 |                0 |                   0 |               109 |
| C5/1/0/U1 | PPROVIDENCE-23                     | 2020-07-27 | 2020-11-23  |               0 |                0 |                   0 |                20 |
| C5/1/0/U2 | ROSHE-CAIMAN-23                    | 2020-07-27 | 2020-11-23  |               0 |                0 |                   0 |                10 |
| C5/1/0/U3 | HEAD-OFFICE | HO-23                | 2020-07-27 | 2020-11-23  |               0 |                0 |                   0 |                23 |
| C5/1/1/U1 | C5-UNION-VALE                      | 2020-07-27 | 2020-11-23  |               0 |                0 |                   0 |               198 |
| C5/1/3/U0 | POINTE-LARUE-AIRPORT-27            | 2020-07-27 | 2020-11-23  |               0 |                0 |                   0 |               153 |
| C5/1/3/U1 | PPROVIDENCE-27                     | 2020-07-27 | 2020-11-23  |               0 |                0 |                   0 |                24 |
| C5/1/3/U2 | ROSHE-CAIMAN-27                    | 2020-07-27 | 2020-11-23  |               0 |                0 |                   0 |                30 |
| C5/1/3/U3 | HEAD-OFFICE | HO-27                | 2020-07-27 | 2020-11-23  |               0 |                0 |                   0 |                19 |
| C5/1/4/U0 | ANSE-ROYALE-27                     | 2020-07-27 | 2020-11-23  |               0 |                0 |                   0 |               102 |
| C5/1/4/U1 | GLACIS-2-57                        | 2020-07-27 | 2020-11-23  |               0 |                0 |                   0 |                60 |
| C5/1/4/U2 | NULL                               | 2020-07-27 | 2020-11-23  |               0 |                0 |                   0 |               104 |
| C5/1/4/U3 | GLACIS-1                           | 2020-07-27 | 2020-11-23  |               0 |                0 |                   0 |                48 |
| C6/0/1/U0 | SERRET-ROAD-RIGHT/CURIO/PASCAL     | 2020-07-27 | 2020-11-23  |               0 |                0 |                   0 |               134 |
| C6/0/1/U1 | SERRET-ROAD-LEFT/ST.LOUIS/TOWN     | 2020-07-27 | 2020-11-23  |               0 |                0 |                   0 |               112 |
| C6/0/1/U2 | SERRET-ROAD-RIGHT/CURIO/PASCAL-2   | 2020-07-27 | 2020-11-23  |               0 |                0 |                   0 |               125 |
| C6/0/1/U3 | SERRET-ROAD-LEFT/ST.LOUIS/TOWN-2   | 2020-07-27 | 2020-11-23  |               0 |                0 |                   0 |               109 |
| C6/0/2/U0 | SANS-SOUCIS-I                      | 2020-07-27 | 2020-11-23  |               0 |                0 |                   0 |               110 |
| C6/0/2/U1 | SANS-SOUCIS-II                     | 2020-07-27 | 2020-11-23  |               0 |                0 |                   0 |               107 |
| C6/0/2/U2 | BEL-AIR-27                         | 2020-07-27 | 2020-11-23  |               0 |                0 |                   0 |               121 |
| C6/0/2/U3 | BEL-AIR-38                         | 2020-07-27 | 2020-11-23  |               0 |                0 |                   0 |                76 |
| C6/0/3/U0 | LES-MAMELLES-23                    | 2020-07-27 | 2020-11-23  |               0 |                0 |                   0 |                76 |
| C6/0/3/U1 | VICTORIA-23                        | 2020-07-27 | 2020-11-23  |               0 |                0 |                   0 |                12 |
| C6/0/4/U0 | LES-MAMELLES-27                    | 2020-07-27 | 2020-11-23  |               0 |                0 |                   0 |                83 |
| C6/0/4/U1 | VICTORIA-27                        | 2020-07-27 | 2020-11-23  |               0 |                0 |                   0 |                36 |
| C7/1/0/U0 | LA-RETRAITE-23                     | 2020-07-27 | 2020-11-23  |               0 |                0 |                   0 |               102 |
| C7/1/0/U1 | TEA-FACTORY-23                     | 2020-07-27 | 2020-11-23  |               0 |                0 |                   0 |                22 |
| C7/1/0/U2 | PAS-23                             | 2020-07-27 | 2020-11-23  |               0 |                0 |                   0 |                87 |
| C7/1/1/U0 | REEF-ESTATE-23                     | 2020-07-27 | 2020-11-23  |               0 |                0 |                   0 |                83 |
| C7/1/2/U0 | LA-RETRAITE-27                     | 2020-07-27 | 2020-11-23  |               0 |                0 |                   0 |                84 |
| C7/1/2/U1 | TEA-FACTORY-27                     | 2020-07-27 | 2020-11-23  |               0 |                0 |                   0 |                37 |
| C7/1/2/U2 | PAS-27                             | 2020-07-27 | 2020-11-23  |               0 |                0 |                   0 |               110 |
| C7/1/3/U0 | MT-BUXTON-27                       | 2020-07-27 | 2020-11-23  |               0 |                0 |                   0 |               166 |
| C7/1/3/U1 | MT-BUXTON-23                       | 2020-07-27 | 2020-11-23  |               0 |                0 |                   0 |                76 |
| C7/1/4/U0 | REEF-ESTATE-27                     | 2020-07-27 | 2020-11-23  |               0 |                0 |                   0 |                99 |
| C8/0/0/U0 | POLICE-ACADEMY-1-27 - POINTE LARUE | 2020-07-27 | 2020-11-23  |               0 |                0 |                   0 |               219 |
| C8/0/0/U1 | NULL                               | 2020-07-27 | 2020-11-23  |               0 |                0 |                   0 |               103 |
| C8/0/1/U0 | NULL                               | 2020-07-27 | 2020-11-23  |               0 |                0 |                   0 |               196 |
| C8/0/1/U1 | POLICE-ACADEMY-2-27 - TURTLE BAY   | 2020-07-27 | 2020-11-23  |               0 |                0 |                   0 |               161 |
| C8/0/2/U0 | BEAU-VALLON-LEFT-1-57              | 2020-07-27 | 2020-11-23  |               0 |                0 |                   0 |                29 |
| C8/0/3/U1 | BEAU-VALLON-RIGHT-2-57             | 2020-07-27 | 2020-11-23  |               0 |                0 |                   0 |                54 |
| C8/1/0/U0 | MA-JOIE-NODE-27                    | 2020-07-27 | 2020-11-23  |               0 |                0 |                   0 |                97 |
| C8/1/0/U1 | BELONIE-27                         | 2020-07-27 | 2020-11-23  |               0 |                0 |                   0 |               150 |
| C8/1/0/U3 | MA-JOIE-NODE-23                    | 2020-07-27 | 2020-11-23  |               0 |                0 |                   0 |               105 |
| C8/1/1/U0 | 611-C1-ROJN I                      | 2020-07-27 | 2020-11-23  |               0 |                0 |                   0 |               115 |
| C8/1/1/U1 | 611-C5-ROJN II                     | 2020-07-27 | 2020-11-23  |               0 |                0 |                   0 |               136 |
| C8/1/2/U0 | 612-C2-ANSE-ETOILE                 | 2020-07-27 | 2020-11-23  |               0 |                0 |                   0 |               132 |
| C8/1/2/U1 | ANSE-ETOILE-U2                     | 2020-07-27 | 2020-11-23  |               0 |                0 |                   0 |                73 |
| C8/1/3/U0 | 613-C3-ANSE-GAULETTE I             | 2020-07-27 | 2020-11-23  |               0 |                0 |                   0 |                74 |
| C8/1/3/U1 | 613-C7-ANSE-GAULETTE II            | 2020-07-27 | 2020-11-23  |               0 |                0 |                   0 |                69 |
| C8/1/3/U2 | 613-C3-ANSE-GAULETTE III           | 2020-07-27 | 2020-11-23  |               0 |                0 |                   0 |                35 |
| C8/1/3/U3 | TAKAMAKA I                         | 2020-07-27 | 2020-11-23  |               0 |                0 |                   0 |               101 |
| C8/1/3/U4 | TAKAMAKA II                        | 2020-07-27 | 2020-11-23  |               0 |                0 |                   0 |               102 |
| C8/1/4/U0 | 614-BEOLIERE-NODE-1                | 2020-07-27 | 2020-11-23  |               0 |                0 |                   0 |               126 |
| C8/1/4/U1 | 614-BEOLIERE-NODE-2                | 2020-07-27 | 2020-11-23  |               0 |                0 |                   0 |               104 |
+-----------+------------------------------------+------------+-------------+-----------------+------------------+---------------------+-------------------+
67 rows in set (0.05 sec)

+-----------------------+------------+-------------+-----------------+------------------+----------------------+-------------------+
| MXK_NAME              | MXK_DATE   | INSERTED_ON | UNIQUE_ACCOUNTS | UNIQUE_CONTRACTS | UNIQUE_FSAN_INRCBOSS | UNIQUE_FSAN_INMXK |
+-----------------------+------------+-------------+-----------------+------------------+----------------------+-------------------+
| MXK-MAHE-ANSEETOILE   | 2020-07-27 | 2020-11-23  |               0 |                0 |                    0 |               398 |
| MXK-MAHE-ANSEROYALE   | 2020-07-27 | 2020-11-23  |               0 |                0 |                    0 |               198 |
| MXK-MAHE-BEAUVALLON-1 | 2020-07-27 | 2020-11-23  |               0 |                0 |                    0 |              1919 |
| MXK-MAHE-BEAUVALLON-2 | 2020-07-27 | 2020-11-23  |               0 |                0 |                    0 |                30 |
| MXK-MAHE-PERSEVERANCE | 2020-07-27 | 2020-11-23  |               0 |                0 |                    0 |              1241 |
| MXK-MAHE-PROVIDENCE   | 2020-07-27 | 2020-11-23  |               0 |                0 |                    0 |              1192 |
| MXK-PRASLIN-GRANDANSE | 2020-07-27 | 2020-11-23  |               0 |                0 |                    0 |              1514 |
+-----------------------+------------+-------------+-----------------+------------------+----------------------+-------------------+
7 rows in set (0.05 sec)

mysql> mysql \. C:\workspace\cloud\code\sql\_DailyScript\currenttime.sql
+---------------------+
| currenttime         |
+---------------------+
| 2020-11-23 10:18:49 |
+---------------------+
1 row in set (0.00 sec)

mysql> 
mysql> 
mysql> mysql \. C:\workspace\cloud\code\sql\Analysis\service_tickets_assignments.sql
Query OK, 0 rows affected (0.02 sec)

Query OK, 101090 rows affected (14.93 sec)
Records: 101090  Duplicates: 0  Warnings: 0

+-------------------------+
| rep_servicetickets_2020 |
+-------------------------+
|                  101090 |
+-------------------------+
1 row in set (1.92 sec)

mysql> mysql \. C:\workspace\cloud\code\sql\_DailyScript\currenttime.sql
+---------------------+
| currenttime         |
+---------------------+
| 2020-11-23 10:19:06 |
+---------------------+
1 row in set (0.00 sec)

mysql> 
mysql> mysql \. C:\workspace\cloud\code\sql\_DailyScript\DAILY-SCRIPT-USAGESTATS.sql
Database changed
Query OK, 0 rows affected (0.13 sec)

Query OK, 0 rows affected (1 min 40.38 sec)
Records: 0  Duplicates: 0  Warnings: 0

Query OK, 0 rows affected (0.02 sec)
Records: 0  Duplicates: 0  Warnings: 0

Query OK, 0 rows affected (0.02 sec)
Records: 0  Duplicates: 0  Warnings: 0

Query OK, 0 rows affected (0.02 sec)
Records: 0  Duplicates: 0  Warnings: 0

Query OK, 0 rows affected (0.03 sec)
Records: 0  Duplicates: 0  Warnings: 0

Query OK, 0 rows affected (0.02 sec)
Records: 0  Duplicates: 0  Warnings: 0

Query OK, 0 rows affected (0.01 sec)
Records: 0  Duplicates: 0  Warnings: 0

Query OK, 0 rows affected (0.02 sec)
Records: 0  Duplicates: 0  Warnings: 0

Query OK, 0 rows affected (0.01 sec)
Records: 0  Duplicates: 0  Warnings: 0

+---------+
| ipusage |
+---------+
|       0 |
+---------+
1 row in set (0.00 sec)

Query OK, 0 rows affected (0.04 sec)

Query OK, 0 rows affected (0.01 sec)
Records: 0  Duplicates: 0  Warnings: 0

Query OK, 0 rows affected (0.01 sec)
Records: 0  Duplicates: 0  Warnings: 0

Query OK, 0 rows affected (0.01 sec)
Records: 0  Duplicates: 0  Warnings: 0

Query OK, 0 rows affected (0.01 sec)
Records: 0  Duplicates: 0  Warnings: 0

Query OK, 0 rows affected (0.03 sec)
Records: 0  Duplicates: 0  Warnings: 0

Query OK, 0 rows affected (0.01 sec)
Records: 0  Duplicates: 0  Warnings: 0

+------------------+
| clientcontractip |
+------------------+
|                0 |
+------------------+
1 row in set (0.00 sec)

Query OK, 0 rows affected (0.05 sec)

Query OK, 0 rows affected, 1 warning (0.01 sec)
Records: 0  Duplicates: 0  Warnings: 1

+-----------------------+
| clientcontractipusage |
+-----------------------+
|                     0 |
+-----------------------+
1 row in set (0.00 sec)

Query OK, 0 rows affected (0.01 sec)

Query OK, 0 rows affected (0.01 sec)
Records: 0  Duplicates: 0  Warnings: 0

Query OK, 0 rows affected (0.01 sec)
Records: 0  Duplicates: 0  Warnings: 0

Query OK, 0 rows affected (0.01 sec)
Records: 0  Duplicates: 0  Warnings: 0

Query OK, 0 rows affected (0.01 sec)
Records: 0  Duplicates: 0  Warnings: 0

Query OK, 0 rows affected (0.01 sec)
Records: 0  Duplicates: 0  Warnings: 0

Query OK, 0 rows affected (0.01 sec)
Records: 0  Duplicates: 0  Warnings: 0

Query OK, 0 rows affected (0.01 sec)
Records: 0  Duplicates: 0  Warnings: 0

Query OK, 0 rows affected (0.01 sec)
Records: 0  Duplicates: 0  Warnings: 0

+-----------------------+
| clientcontractipmonth |
+-----------------------+
|                     0 |
+-----------------------+
1 row in set (0.00 sec)

mysql> mysql \. C:\workspace\cloud\code\sql\_DailyScript\currenttime.sql
+---------------------+
| currenttime         |
+---------------------+
| 2020-11-23 10:20:47 |
+---------------------+
1 row in set (0.00 sec)

mysql> 
mysql> exit
