    -> 
    -> mysql \. C:\workspace\cloud\code\sql\_DailyScript\_setdates.sql
Database changed
Query OK, 0 rows affected (0.00 sec)

Query OK, 0 rows affected (0.00 sec)

Query OK, 0 rows affected (0.00 sec)

Query OK, 0 rows affected (0.00 sec)

Query OK, 0 rows affected (0.00 sec)

Query OK, 0 rows affected (0.00 sec)

Query OK, 0 rows affected (0.00 sec)

Query OK, 0 rows affected (0.00 sec)

Query OK, 0 rows affected (0.00 sec)

Query OK, 0 rows affected (0.00 sec)

Query OK, 0 rows affected (0.00 sec)

Query OK, 0 rows affected (0.00 sec)

Query OK, 0 rows affected (0.00 sec)

Query OK, 0 rows affected (0.00 sec)

Query OK, 0 rows affected (0.00 sec)

Query OK, 0 rows affected (0.00 sec)

Query OK, 0 rows affected (0.00 sec)

Query OK, 0 rows affected (0.00 sec)

Query OK, 0 rows affected (0.00 sec)

Query OK, 0 rows affected (0.00 sec)

Query OK, 0 rows affected (0.00 sec)

mysql> mysql \. C:\workspace\cloud\code\sql\_DailyScript\currenttime.sql
+---------------------+
| currenttime         |
+---------------------+
| 2020-09-02 08:54:46 |
+---------------------+
1 row in set (0.00 sec)

mysql> 
mysql> mysql \. C:\workspace\cloud\code\sql\_DailyScript\load_RCB_VODTITLES.sql
Database changed
Query OK, 0 rows affected (0.00 sec)

Query OK, 11808 rows affected (0.13 sec)

Query OK, 11810 rows affected, 11810 warnings (0.31 sec)
Records: 11810  Deleted: 0  Skipped: 0  Warnings: 11810

Query OK, 0 rows affected (0.00 sec)

Query OK, 2 rows affected (0.01 sec)

+-----------+
| VODTITLES |
+-----------+
|     12268 |
+-----------+
1 row in set (0.00 sec)

+-----------+-----------+
| titletype | typecount |
+-----------+-----------+
| E         |      9778 |
| N         |       229 |
| T         |      1801 |
| NULL      |     11808 |
+-----------+-----------+
4 rows in set (0.04 sec)

mysql> mysql \. C:\workspace\cloud\code\sql\_DailyScript\currenttime.sql
+---------------------+
| currenttime         |
+---------------------+
| 2020-09-02 08:54:47 |
+---------------------+
1 row in set (0.00 sec)

mysql> 
mysql> mysql \. C:\workspace\cloud\code\sql\_DailyScript\DAILY-SCRIPT-LIVETV-STATS.sql
Database changed
Query OK, 0 rows affected (0.01 sec)

Query OK, 69664 rows affected (0.71 sec)
Records: 69664  Duplicates: 0  Warnings: 0

+------------+------------+----------+--------------+--------------+-----------+-------------+----------+--------+------+------------+---------+---------------+
| Table      | Non_unique | Key_name | Seq_in_index | Column_name  | Collation | Cardinality | Sub_part | Packed | Null | Index_type | Comment | Index_comment |
+------------+------------+----------+--------------+--------------+-----------+-------------+----------+--------+------+------------+---------+---------------+
| templivetv |          1 | idxtv1   |            1 | device       | A         |       70167 |     NULL | NULL   | YES  | BTREE      |         |               |
| templivetv |          1 | idxtv2   |            1 | sessionstart | A         |       70167 |     NULL | NULL   | YES  | BTREE      |         |               |
+------------+------------+----------+--------------+--------------+-----------+-------------+----------+--------+------+------------+---------+---------------+
2 rows in set (0.00 sec)

Query OK, 69418 rows affected (11.02 sec)
Records: 69418  Duplicates: 0  Warnings: 0

Query OK, 2663 rows affected (0.50 sec)
Records: 2663  Duplicates: 0  Warnings: 0

Query OK, 0 rows affected (0.00 sec)

Query OK, 0 rows affected (0.00 sec)

Query OK, 134 rows affected (0.05 sec)
Records: 134  Duplicates: 0  Warnings: 0

Query OK, 0 rows affected (0.01 sec)

Query OK, 32845 rows affected (1 min 48.29 sec)
Records: 32845  Duplicates: 0  Warnings: 0

+-----------------+
| rep_livetvstats |
+-----------------+
|           32845 |
+-----------------+
1 row in set (0.01 sec)

mysql> mysql \. C:\workspace\cloud\code\sql\_DailyScript\currenttime.sql
+---------------------+
| currenttime         |
+---------------------+
| 2020-09-02 08:56:47 |
+---------------------+
1 row in set (0.00 sec)

mysql> 
mysql> mysql \. C:\workspace\cloud\code\sql\_DailyScript\DAILY-SCRIPT-VODTS-STATS.sql
Database changed
Query OK, 0 rows affected (0.01 sec)

Query OK, 2586 rows affected (11.76 sec)
Records: 2586  Duplicates: 0  Warnings: 0

+---------+------------+----------+--------------+--------------+-----------+-------------+----------+--------+------+------------+---------+---------------+
| Table   | Non_unique | Key_name | Seq_in_index | Column_name  | Collation | Cardinality | Sub_part | Packed | Null | Index_type | Comment | Index_comment |
+---------+------------+----------+--------------+--------------+-----------+-------------+----------+--------+------+------------+---------+---------------+
| tempvod |          1 | idxtvod1 |            1 | device       | A         |        2565 |     NULL | NULL   | YES  | BTREE      |         |               |
| tempvod |          1 | idxtvod2 |            1 | sessionstart | A         |        2565 |     NULL | NULL   | YES  | BTREE      |         |               |
+---------+------------+----------+--------------+--------------+-----------+-------------+----------+--------+------+------------+---------+---------------+
2 rows in set (0.00 sec)

Query OK, 2541 rows affected (2.51 sec)
Records: 2541  Duplicates: 0  Warnings: 0

Query OK, 0 rows affected (0.01 sec)

Query OK, 797472 rows affected (1 min 2.02 sec)
Records: 797472  Duplicates: 0  Warnings: 0

+--------------+
| rep_vodstats |
+--------------+
|       797472 |
+--------------+
1 row in set (0.23 sec)

Database changed
Query OK, 0 rows affected (0.01 sec)

Query OK, 13226 rows affected (36.51 sec)
Records: 13226  Duplicates: 0  Warnings: 0

+--------+------------+----------+--------------+--------------+-----------+-------------+----------+--------+------+------------+---------+---------------+
| Table  | Non_unique | Key_name | Seq_in_index | Column_name  | Collation | Cardinality | Sub_part | Packed | Null | Index_type | Comment | Index_comment |
+--------+------------+----------+--------------+--------------+-----------+-------------+----------+--------+------+------------+---------+---------------+
| tempts |          1 | idxtts1  |            1 | device       | A         |       13365 |     NULL | NULL   | YES  | BTREE      |         |               |
| tempts |          1 | idxtts2  |            1 | sessionstart | A         |       13365 |     NULL | NULL   | YES  | BTREE      |         |               |
+--------+------------+----------+--------------+--------------+-----------+-------------+----------+--------+------+------------+---------+---------------+
2 rows in set (0.00 sec)

Query OK, 13150 rows affected (11.10 sec)
Records: 13150  Duplicates: 0  Warnings: 0

Query OK, 0 rows affected (0.01 sec)

Query OK, 38133 rows affected (35.03 sec)
Records: 38133  Duplicates: 0  Warnings: 0

+-------------+
| rep_tsstats |
+-------------+
|       38133 |
+-------------+
1 row in set (0.01 sec)

mysql> mysql \. C:\workspace\cloud\code\sql\_DailyScript\currenttime.sql
+---------------------+
| currenttime         |
+---------------------+
| 2020-09-02 08:59:27 |
+---------------------+
1 row in set (0.00 sec)

mysql> 
mysql> mysql \. C:\workspace\cloud\code\sql\_DailyScript\DAILY-SCRIPT-RADIO-STATS.sql
Database changed
Query OK, 0 rows affected (0.01 sec)

Query OK, 297636 rows affected (3.17 sec)
Records: 297636  Duplicates: 0  Warnings: 0

+-----------+------------+----------+--------------+--------------+-----------+-------------+----------+--------+------+------------+---------+---------------+
| Table     | Non_unique | Key_name | Seq_in_index | Column_name  | Collation | Cardinality | Sub_part | Packed | Null | Index_type | Comment | Index_comment |
+-----------+------------+----------+--------------+--------------+-----------+-------------+----------+--------+------+------------+---------+---------------+
| tempradio |          1 | idxtrad1 |            1 | device       | A         |      296080 |     NULL | NULL   | YES  | BTREE      |         |               |
| tempradio |          1 | idxtrad2 |            1 | sessionstart | A         |      296080 |     NULL | NULL   | YES  | BTREE      |         |               |
+-----------+------------+----------+--------------+--------------+-----------+-------------+----------+--------+------+------------+---------+---------------+
2 rows in set (0.00 sec)

Query OK, 275 rows affected (1.24 sec)
Records: 275  Duplicates: 0  Warnings: 0

Query OK, 0 rows affected (0.01 sec)

Query OK, 5137 rows affected (0.39 sec)
Records: 5137  Duplicates: 0  Warnings: 0

+----------------+
| rep_radiostats |
+----------------+
|           5137 |
+----------------+
1 row in set (0.00 sec)

mysql> mysql \. C:\workspace\cloud\code\sql\_DailyScript\currenttime.sql
+---------------------+
| currenttime         |
+---------------------+
| 2020-09-02 08:59:31 |
+---------------------+
1 row in set (0.00 sec)

mysql> 
mysql> mysql \. C:\workspace\cloud\code\sql\_DailyScript\DAILY_SCRIPT_TELEMETRY_PIVOT_2020.sql
Query OK, 0 rows affected (0.01 sec)

Query OK, 146 rows affected (0.14 sec)
Records: 146  Duplicates: 0  Warnings: 0

Query OK, 0 rows affected (0.01 sec)

Query OK, 10230 rows affected (2.33 sec)
Records: 10230  Duplicates: 0  Warnings: 0

Query OK, 0 rows affected (0.01 sec)

Query OK, 8 rows affected (0.02 sec)
Records: 8  Duplicates: 0  Warnings: 0

Query OK, 0 rows affected (0.00 sec)

Query OK, 47 rows affected (0.06 sec)
Records: 47  Duplicates: 0  Warnings: 0

mysql> mysql \. C:\workspace\cloud\code\sql\_DailyScript\currenttime.sql
+---------------------+
| currenttime         |
+---------------------+
| 2020-09-02 08:59:34 |
+---------------------+
1 row in set (0.00 sec)

mysql> 
mysql> mysql \. C:\workspace\cloud\code\sql\_DailyScript\telemetry_livetv_ranking2020.sql
Query OK, 0 rows affected (0.01 sec)

Query OK, 146 rows affected (0.02 sec)
Records: 146  Duplicates: 0  Warnings: 0

mysql> mysql \. C:\workspace\cloud\code\sql\_DailyScript\currenttime.sql
+---------------------+
| currenttime         |
+---------------------+
| 2020-09-02 08:59:34 |
+---------------------+
1 row in set (0.00 sec)

mysql> 
mysql> mysql \. C:\workspace\cloud\code\sql\_DailyScript\telemetry_radio_ranking2020.sql
Query OK, 0 rows affected (0.01 sec)

Query OK, 8 rows affected (0.01 sec)
Records: 8  Duplicates: 0  Warnings: 0

mysql> mysql \. C:\workspace\cloud\code\sql\_DailyScript\currenttime.sql
+---------------------+
| currenttime         |
+---------------------+
| 2020-09-02 08:59:34 |
+---------------------+
1 row in set (0.00 sec)

mysql> 
mysql> mysql \. C:\workspace\cloud\code\sql\_DailyScript\telemetry_ts_ranking2020.sql
Query OK, 0 rows affected (0.00 sec)

Query OK, 47 rows affected (0.01 sec)
Records: 47  Duplicates: 0  Warnings: 0

mysql> mysql \. C:\workspace\cloud\code\sql\_DailyScript\currenttime.sql
+---------------------+
| currenttime         |
+---------------------+
| 2020-09-02 08:59:34 |
+---------------------+
1 row in set (0.00 sec)

mysql> 
mysql> mysql \. C:\workspace\cloud\code\sql\_DailyScript\telemetry_vod_ranking2020.sql
Query OK, 0 rows affected (0.00 sec)

Query OK, 10230 rows affected (0.44 sec)
Records: 10230  Duplicates: 0  Warnings: 0

mysql> mysql \. C:\workspace\cloud\code\sql\_DailyScript\currenttime.sql
+---------------------+
| currenttime         |
+---------------------+
| 2020-09-02 08:59:35 |
+---------------------+
1 row in set (0.00 sec)

mysql> 
mysql> mysql \. C:\workspace\cloud\code\sql\_DailyScript\telemetry_vod_ranking2020_1.sql
Query OK, 0 rows affected (0.01 sec)

Query OK, 10230 rows affected (0.21 sec)
Records: 10230  Duplicates: 0  Warnings: 0

mysql> mysql \. C:\workspace\cloud\code\sql\_DailyScript\currenttime.sql
+---------------------+
| currenttime         |
+---------------------+
| 2020-09-02 08:59:35 |
+---------------------+
1 row in set (0.00 sec)

mysql> 
mysql> mysql \. C:\workspace\cloud\code\sql\_DailyScript\telemetry_vod_ranking2020_2.sql
Query OK, 0 rows affected (0.01 sec)

Query OK, 10230 rows affected (0.21 sec)
Records: 10230  Duplicates: 0  Warnings: 0

mysql> mysql \. C:\workspace\cloud\code\sql\_DailyScript\currenttime.sql
+---------------------+
| currenttime         |
+---------------------+
| 2020-09-02 08:59:35 |
+---------------------+
1 row in set (0.00 sec)

mysql> 
mysql> mysql \. C:\workspace\cloud\code\sql\_DailyScript\DAILY-SCRIPT-CREATE-LOAD.sql
Database changed
Database changed
Query OK, 0 rows affected (0.01 sec)

Query OK, 0 rows affected (0.01 sec)

Database changed
Query OK, 66997 rows affected (2.26 sec)
Records: 66997  Deleted: 0  Skipped: 0  Warnings: 0

Query OK, 0 rows affected (0.13 sec)
Records: 0  Duplicates: 0  Warnings: 0

Query OK, 0 rows affected (0.21 sec)
Records: 0  Duplicates: 0  Warnings: 0

Query OK, 0 rows affected (0.22 sec)
Records: 0  Duplicates: 0  Warnings: 0

Query OK, 0 rows affected (0.20 sec)
Records: 0  Duplicates: 0  Warnings: 0

+---------+
| clients |
+---------+
|   66997 |
+---------+
1 row in set (0.02 sec)

Query OK, 0 rows affected (0.01 sec)

Query OK, 12782 rows affected (6.27 sec)
Records: 12782  Duplicates: 0  Warnings: 0

Query OK, 0 rows affected (0.04 sec)
Records: 0  Duplicates: 0  Warnings: 0

+-------------------+
| rcb_clientparcels |
+-------------------+
|             12782 |
+-------------------+
1 row in set (0.00 sec)

Query OK, 0 rows affected (0.01 sec)

Query OK, 80082 rows affected (3.03 sec)
Records: 80082  Duplicates: 0  Warnings: 0

Query OK, 0 rows affected (0.25 sec)
Records: 0  Duplicates: 0  Warnings: 0

Query OK, 0 rows affected (0.01 sec)

Query OK, 66997 rows affected (35.68 sec)
Records: 66997  Duplicates: 0  Warnings: 0

Query OK, 0 rows affected (0.19 sec)
Records: 0  Duplicates: 0  Warnings: 0

Query OK, 0 rows affected (0.20 sec)
Records: 0  Duplicates: 0  Warnings: 0

Query OK, 0 rows affected (0.17 sec)
Records: 0  Duplicates: 0  Warnings: 0

+---------------+
| clientaddress |
+---------------+
|         66997 |
+---------------+
1 row in set (0.02 sec)

Database changed
Query OK, 0 rows affected (0.04 sec)

Query OK, 0 rows affected (0.01 sec)

Database changed
Query OK, 523150 rows affected, 65535 warnings (14.70 sec)
Records: 523150  Deleted: 0  Skipped: 0  Warnings: 213184

Query OK, 0 rows affected (2.45 sec)
Records: 0  Duplicates: 0  Warnings: 0

Query OK, 0 rows affected (2.32 sec)
Records: 0  Duplicates: 0  Warnings: 0

Query OK, 0 rows affected (1.39 sec)
Records: 0  Duplicates: 0  Warnings: 0

Query OK, 0 rows affected (0.03 sec)

Query OK, 523150 rows affected (39.76 sec)
Records: 523150  Duplicates: 0  Warnings: 0

Query OK, 0 rows affected (1.67 sec)
Records: 0  Duplicates: 0  Warnings: 0

Query OK, 0 rows affected (1.33 sec)
Records: 0  Duplicates: 0  Warnings: 0

+-----------+
| contracts |
+-----------+
|    523150 |
+-----------+
1 row in set (0.15 sec)

+-----------------+
| contractaddress |
+-----------------+
|          523150 |
+-----------------+
1 row in set (0.14 sec)

Database changed
Query OK, 0 rows affected (0.01 sec)

Query OK, 0 rows affected (0.01 sec)

Query OK, 7505 rows affected (0.13 sec)
Records: 7505  Deleted: 0  Skipped: 0  Warnings: 0

Query OK, 0 rows affected (0.01 sec)

Query OK, 7473 rows affected (0.87 sec)
Records: 7473  Duplicates: 0  Warnings: 0

Query OK, 0 rows affected (0.04 sec)
Records: 0  Duplicates: 0  Warnings: 0

Query OK, 0 rows affected (0.01 sec)

Query OK, 5752 rows affected (0.04 sec)
Records: 5752  Duplicates: 0  Warnings: 0

Query OK, 0 rows affected (0.03 sec)
Records: 0  Duplicates: 0  Warnings: 0

+-------------------+
| contractdiscounts |
+-------------------+
|              7505 |
+-------------------+
1 row in set (0.00 sec)

+-------------------------+
| clientcontractdiscounts |
+-------------------------+
|                    7473 |
+-------------------------+
1 row in set (0.00 sec)

+----------------------------+
| clientcontractlastdiscount |
+----------------------------+
|                       5752 |
+----------------------------+
1 row in set (0.00 sec)

Database changed
Query OK, 0 rows affected (0.04 sec)

Query OK, 0 rows affected (0.01 sec)

Database changed
Query OK, 139179 rows affected, 8 warnings (2.55 sec)
Records: 139179  Deleted: 0  Skipped: 0  Warnings: 8

Query OK, 0 rows affected (0.27 sec)
Records: 0  Duplicates: 0  Warnings: 0

Query OK, 0 rows affected (0.28 sec)
Records: 0  Duplicates: 0  Warnings: 0

Query OK, 0 rows affected (0.32 sec)
Records: 0  Duplicates: 0  Warnings: 0

Query OK, 0 rows affected (0.25 sec)
Records: 0  Duplicates: 0  Warnings: 0

Query OK, 0 rows affected (0.37 sec)
Records: 0  Duplicates: 0  Warnings: 0

Query OK, 0 rows affected (0.52 sec)
Records: 0  Duplicates: 0  Warnings: 0

Query OK, 0 rows affected (0.05 sec)

Query OK, 1782453 rows affected (3 min 36.98 sec)
Records: 1782453  Duplicates: 0  Warnings: 0

Query OK, 0 rows affected (5.69 sec)
Records: 0  Duplicates: 0  Warnings: 0

+---------+
| devices |
+---------+
|  139179 |
+---------+
1 row in set (0.04 sec)

+-----------------------+
| clientcontractdevices |
+-----------------------+
|               1782453 |
+-----------------------+
1 row in set (0.63 sec)

Query OK, 0 rows affected (0.01 sec)

Query OK, 139074 rows affected (5.00 sec)
Records: 139074  Duplicates: 0  Warnings: 0

+---------------------------+
| rep_clientcontractdevices |
+---------------------------+
|                    139074 |
+---------------------------+
1 row in set (0.04 sec)

Database changed
Query OK, 0 rows affected (0.01 sec)

Query OK, 0 rows affected (0.01 sec)

Query OK, 295912 rows affected (6.61 sec)
Records: 295912  Deleted: 0  Skipped: 0  Warnings: 0

Query OK, 0 rows affected (0.67 sec)
Records: 0  Duplicates: 0  Warnings: 0

Query OK, 0 rows affected (0.62 sec)
Records: 0  Duplicates: 0  Warnings: 0

Query OK, 0 rows affected (0.61 sec)
Records: 0  Duplicates: 0  Warnings: 0

Query OK, 0 rows affected (0.52 sec)
Records: 0  Duplicates: 0  Warnings: 0

+---------+
| tickets |
+---------+
|  295912 |
+---------+
1 row in set (0.08 sec)

Database changed
Query OK, 0 rows affected (0.02 sec)

Query OK, 0 rows affected (0.01 sec)

Empty set (0.00 sec)

Query OK, 0 rows affected (0.02 sec)
Records: 0  Duplicates: 0  Warnings: 0

Query OK, 360 rows affected, 2 warnings (0.03 sec)
Records: 360  Deleted: 0  Skipped: 0  Warnings: 2

+-----------------+
| tickettechusers |
+-----------------+
|             360 |
+-----------------+
1 row in set (0.00 sec)

Database changed
Query OK, 0 rows affected (0.01 sec)

Query OK, 0 rows affected (0.01 sec)

Query OK, 0 rows affected (0.01 sec)
Records: 0  Duplicates: 0  Warnings: 0

Query OK, 646324 rows affected, 47064 warnings (10.28 sec)
Records: 646324  Deleted: 0  Skipped: 0  Warnings: 47064

+-------------------+
| ticketassignments |
+-------------------+
|            646324 |
+-------------------+
1 row in set (0.17 sec)

Database changed
Query OK, 0 rows affected (0.02 sec)

Query OK, 0 rows affected (0.01 sec)

Query OK, 1311433 rows affected (14.92 sec)
Records: 1311433  Deleted: 0  Skipped: 0  Warnings: 0

Query OK, 0 rows affected (3.79 sec)
Records: 0  Duplicates: 0  Warnings: 0

Query OK, 0 rows affected (3.33 sec)
Records: 0  Duplicates: 0  Warnings: 0

Query OK, 0 rows affected (2.15 sec)
Records: 0  Duplicates: 0  Warnings: 0

Query OK, 0 rows affected (2.84 sec)
Records: 0  Duplicates: 0  Warnings: 0

+----------------+
| ticketcomments |
+----------------+
|        1311433 |
+----------------+
1 row in set (0.35 sec)

Database changed
Query OK, 0 rows affected (0.01 sec)

Query OK, 0 rows affected (0.01 sec)

Query OK, 458426 rows affected (33.78 sec)
Records: 458426  Deleted: 0  Skipped: 0  Warnings: 0

Query OK, 0 rows affected (2.08 sec)
Records: 0  Duplicates: 0  Warnings: 0

+----------+
| comments |
+----------+
|   458426 |
+----------+
1 row in set (0.13 sec)

Database changed
Query OK, 0 rows affected (0.03 sec)

Query OK, 0 rows affected (0.01 sec)

Query OK, 1407956 rows affected, 65535 warnings (1 min 8.98 sec)
Records: 1407956  Deleted: 0  Skipped: 0  Warnings: 1407978

Query OK, 0 rows affected (4.22 sec)
Records: 0  Duplicates: 0  Warnings: 0

Query OK, 0 rows affected (3.28 sec)
Records: 0  Duplicates: 0  Warnings: 0

Query OK, 0 rows affected (3.39 sec)
Records: 0  Duplicates: 0  Warnings: 0

Query OK, 0 rows affected (3.32 sec)
Records: 0  Duplicates: 0  Warnings: 0

Query OK, 0 rows affected (4.72 sec)
Records: 0  Duplicates: 0  Warnings: 0

+------------+
| devicesold |
+------------+
|    1407956 |
+------------+
1 row in set (0.39 sec)

Database changed
Query OK, 0 rows affected (0.02 sec)

Query OK, 0 rows affected (0.01 sec)

Query OK, 1775857 rows affected (21.68 sec)
Records: 1775857  Deleted: 0  Skipped: 0  Warnings: 0

Query OK, 0 rows affected (4.72 sec)
Records: 0  Duplicates: 0  Warnings: 0

Query OK, 0 rows affected (3.86 sec)
Records: 0  Duplicates: 0  Warnings: 0

Query OK, 0 rows affected (4.08 sec)
Records: 0  Duplicates: 0  Warnings: 0

+------------------+
| contractservices |
+------------------+
|          1775857 |
+------------------+
1 row in set (0.48 sec)

Database changed
Query OK, 0 rows affected (0.05 sec)

Query OK, 0 rows affected (0.01 sec)

Query OK, 4260810 rows affected (1 min 43.81 sec)
Records: 4260810  Deleted: 0  Skipped: 0  Warnings: 0

Query OK, 0 rows affected (11.59 sec)
Records: 0  Duplicates: 0  Warnings: 0

Query OK, 0 rows affected (13.85 sec)
Records: 0  Duplicates: 0  Warnings: 0

Query OK, 0 rows affected (10.99 sec)
Records: 0  Duplicates: 0  Warnings: 0

Query OK, 0 rows affected (11.04 sec)
Records: 0  Duplicates: 0  Warnings: 0

+------------------+
| invoicescontents |
+------------------+
|          4260810 |
+------------------+
1 row in set (1.20 sec)

Database changed
Query OK, 0 rows affected (0.06 sec)

Query OK, 0 rows affected (0.01 sec)

Query OK, 2994459 rows affected (3 min 20.17 sec)
Records: 2994459  Deleted: 0  Skipped: 0  Warnings: 0

Query OK, 0 rows affected (12.03 sec)
Records: 0  Duplicates: 0  Warnings: 0

Query OK, 0 rows affected (12.28 sec)
Records: 0  Duplicates: 0  Warnings: 0

Query OK, 0 rows affected (9.37 sec)
Records: 0  Duplicates: 0  Warnings: 0

Query OK, 0 rows affected (10.90 sec)
Records: 0  Duplicates: 0  Warnings: 0

Query OK, 0 rows affected (11.62 sec)
Records: 0  Duplicates: 0  Warnings: 0

+----------------+
| invoicesheader |
+----------------+
|        2994459 |
+----------------+
1 row in set (0.81 sec)

Database changed
Query OK, 0 rows affected (0.03 sec)

Query OK, 0 rows affected (0.01 sec)

Query OK, 3036130 rows affected (1 min 46.11 sec)
Records: 3036130  Deleted: 0  Skipped: 0  Warnings: 0

Query OK, 0 rows affected (8.00 sec)
Records: 0  Duplicates: 0  Warnings: 0

Query OK, 0 rows affected (7.72 sec)
Records: 0  Duplicates: 0  Warnings: 0

Query OK, 0 rows affected (7.80 sec)
Records: 0  Duplicates: 0  Warnings: 0

Query OK, 0 rows affected (7.31 sec)
Records: 0  Duplicates: 0  Warnings: 0

+---------+
| casa    |
+---------+
| 3036130 |
+---------+
1 row in set (0.82 sec)

Query OK, 0 rows affected (0.01 sec)

Query OK, 14751 rows affected (1 min 12.56 sec)
Records: 14751  Duplicates: 0  Warnings: 0

+--------------------+
| rep_paycol_channel |
+--------------------+
|              14751 |
+--------------------+
1 row in set (0.01 sec)

Query OK, 0 rows affected (0.01 sec)

Query OK, 10780 rows affected (1 min 29.13 sec)
Records: 10780  Duplicates: 0  Warnings: 0

+----------------+
| rep_paycol_pos |
+----------------+
|          10780 |
+----------------+
1 row in set (0.01 sec)

Database changed
Query OK, 0 rows affected (0.01 sec)

Query OK, 0 rows affected (0.01 sec)

Database changed
Query OK, 39435 rows affected (0.98 sec)
Records: 39435  Deleted: 0  Skipped: 0  Warnings: 0

+-------+
| users |
+-------+
| 39435 |
+-------+
1 row in set (0.02 sec)

Query OK, 0 rows affected (0.08 sec)
Records: 0  Duplicates: 0  Warnings: 0

Database changed
Query OK, 0 rows affected (0.03 sec)

Query OK, 0 rows affected (0.01 sec)

Query OK, 1872898 rows affected, 2 warnings (27.55 sec)
Records: 1872898  Deleted: 0  Skipped: 0  Warnings: 2

Query OK, 0 rows affected (4.85 sec)
Records: 0  Duplicates: 0  Warnings: 0

Query OK, 0 rows affected (4.54 sec)
Records: 0  Duplicates: 0  Warnings: 0

Query OK, 0 rows affected (4.70 sec)
Records: 0  Duplicates: 0  Warnings: 0

Query OK, 0 rows affected (3.44 sec)
Records: 0  Duplicates: 0  Warnings: 0

Query OK, 0 rows affected (3.86 sec)
Records: 0  Duplicates: 0  Warnings: 0

+-------------+
| useractions |
+-------------+
|     1872898 |
+-------------+
1 row in set (0.51 sec)

Database changed
Query OK, 0 rows affected (0.07 sec)

Query OK, 0 rows affected (0.01 sec)

Database changed
Query OK, 22610422 rows affected (4 min 33.96 sec)
Records: 22610422  Deleted: 0  Skipped: 0  Warnings: 0

Query OK, 0 rows affected (58.22 sec)
Records: 0  Duplicates: 0  Warnings: 0

Query OK, 0 rows affected (56.54 sec)
Records: 0  Duplicates: 0  Warnings: 0

Query OK, 0 rows affected (56.65 sec)
Records: 0  Duplicates: 0  Warnings: 0

Query OK, 0 rows affected (49.62 sec)
Records: 0  Duplicates: 0  Warnings: 0

Query OK, 0 rows affected (1 min 4.91 sec)
Records: 0  Duplicates: 0  Warnings: 0

+----------+
| ipusage1 |
+----------+
| 22610422 |
+----------+
1 row in set (8.04 sec)

Query OK, 0 rows affected (0.10 sec)

Query OK, 22850904 rows affected, 65535 warnings (10 min 40.49 sec)
Records: 22850904  Duplicates: 0  Warnings: 22844888

Query OK, 0 rows affected (1 min 9.07 sec)
Records: 0  Duplicates: 0  Warnings: 0

Query OK, 0 rows affected (1 min 5.99 sec)
Records: 0  Duplicates: 0  Warnings: 0

Query OK, 0 rows affected (1 min 4.05 sec)
Records: 0  Duplicates: 0  Warnings: 0

Query OK, 0 rows affected (56.44 sec)
Records: 0  Duplicates: 0  Warnings: 0

Query OK, 0 rows affected (1 min 31.08 sec)
Records: 0  Duplicates: 0  Warnings: 0

Query OK, 0 rows affected (1 min 35.75 sec)
Records: 0  Duplicates: 0  Warnings: 0

Query OK, 0 rows affected (1 min 32.01 sec)
Records: 0  Duplicates: 0  Warnings: 0

+----------+
| ipusage  |
+----------+
| 22850904 |
+----------+
1 row in set (6.37 sec)

Query OK, 0 rows affected (0.05 sec)

Query OK, 5529531 rows affected (5 min 22.88 sec)
Records: 5529531  Duplicates: 0  Warnings: 0

Query OK, 0 rows affected (17.23 sec)
Records: 0  Duplicates: 0  Warnings: 0

Query OK, 0 rows affected (13.57 sec)
Records: 0  Duplicates: 0  Warnings: 0

Query OK, 0 rows affected (18.19 sec)
Records: 0  Duplicates: 0  Warnings: 0

Query OK, 0 rows affected (22.25 sec)
Records: 0  Duplicates: 0  Warnings: 0

Query OK, 0 rows affected (15.64 sec)
Records: 0  Duplicates: 0  Warnings: 0

+------------------+
| clientcontractip |
+------------------+
|          5529531 |
+------------------+
1 row in set (1.56 sec)

Query OK, 0 rows affected (0.03 sec)

Query OK, 461314 rows affected (38.52 sec)
Records: 461314  Duplicates: 0  Warnings: 0

Query OK, 0 rows affected (1.44 sec)
Records: 0  Duplicates: 0  Warnings: 0

Query OK, 0 rows affected (1.31 sec)
Records: 0  Duplicates: 0  Warnings: 0

Query OK, 0 rows affected (1.57 sec)
Records: 0  Duplicates: 0  Warnings: 0

Query OK, 0 rows affected (0.81 sec)
Records: 0  Duplicates: 0  Warnings: 0

Query OK, 0 rows affected (0.81 sec)
Records: 0  Duplicates: 0  Warnings: 0

Query OK, 0 rows affected (0.82 sec)
Records: 0  Duplicates: 0  Warnings: 0

Query OK, 0 rows affected (0.83 sec)
Records: 0  Duplicates: 0  Warnings: 0

+-----------------------+
| clientcontractipmonth |
+-----------------------+
|                461314 |
+-----------------------+
1 row in set (0.12 sec)

Query OK, 0 rows affected (0.04 sec)

Query OK, 1775635 rows affected (47.86 sec)
Records: 1775635  Duplicates: 0  Warnings: 0

Query OK, 0 rows affected (8.18 sec)
Records: 0  Duplicates: 0  Warnings: 0

Query OK, 0 rows affected (3.18 sec)
Records: 0  Duplicates: 0  Warnings: 0

Query OK, 0 rows affected (5.00 sec)
Records: 0  Duplicates: 0  Warnings: 0

+------------------------------+
| contractsservicepackageprice |
+------------------------------+
|                      1775635 |
+------------------------------+
1 row in set (0.48 sec)

Query OK, 0 rows affected (0.03 sec)

Query OK, 1775635 rows affected (2 min 36.61 sec)
Records: 1775635  Duplicates: 0  Warnings: 0

Query OK, 0 rows affected (8.10 sec)
Records: 0  Duplicates: 0  Warnings: 0

Query OK, 0 rows affected (8.29 sec)
Records: 0  Duplicates: 0  Warnings: 0

Query OK, 0 rows affected (5.00 sec)
Records: 0  Duplicates: 0  Warnings: 0

Query OK, 0 rows affected (8.01 sec)
Records: 0  Duplicates: 0  Warnings: 0

+------------------------------------+
| clientcontractsservicepackageprice |
+------------------------------------+
|                            1775635 |
+------------------------------------+
1 row in set (0.49 sec)

mysql> mysql \. C:\workspace\cloud\code\sql\_DailyScript\currenttime.sql
+---------------------+
| currenttime         |
+---------------------+
| 2020-09-02 10:02:27 |
+---------------------+
1 row in set (0.00 sec)

mysql> 
mysql> mysql \. C:\workspace\cloud\code\sql\_DailyScript\ticket_analysis.sql
Database changed
Query OK, 0 rows affected (0.07 sec)

Query OK, 672394 rows affected (23.53 sec)
Records: 672394  Duplicates: 0  Warnings: 0

Query OK, 0 rows affected (4.04 sec)
Records: 0  Duplicates: 0  Warnings: 0

Query OK, 0 rows affected (1.86 sec)
Records: 0  Duplicates: 0  Warnings: 0

Query OK, 0 rows affected (1.73 sec)
Records: 0  Duplicates: 0  Warnings: 0

Query OK, 0 rows affected (0.01 sec)

Query OK, 21769 rows affected (11.39 sec)
Records: 21769  Duplicates: 0  Warnings: 0

Query OK, 0 rows affected, 1 warning (0.00 sec)

Query OK, 95374 rows affected (6.58 sec)
Records: 95374  Duplicates: 0  Warnings: 0

Query OK, 0 rows affected, 1 warning (0.00 sec)

Query OK, 488691 rows affected (12.50 sec)
Records: 488691  Duplicates: 0  Warnings: 0

Query OK, 0 rows affected, 1 warning (0.00 sec)

Query OK, 488691 rows affected (13.91 sec)
Records: 488691  Duplicates: 0  Warnings: 0

Query OK, 0 rows affected (0.01 sec)

Query OK, 95457 rows affected (5.17 sec)
Records: 95457  Duplicates: 0  Warnings: 0

Database changed
Query OK, 0 rows affected (0.00 sec)

Query OK, 0 rows affected (0.02 sec)

Query OK, 672394 rows affected (20.21 sec)
Records: 672394  Duplicates: 0  Warnings: 0

Query OK, 0 rows affected (0.01 sec)

Query OK, 338873 rows affected (13.46 sec)
Records: 338873  Duplicates: 0  Warnings: 0

+--------------------------+
| clientticket_cmmtjourney |
+--------------------------+
|                   672394 |
+--------------------------+
1 row in set (2.12 sec)

+---------------------------+
| clientticket_assgnjourney |
+---------------------------+
|                    338873 |
+---------------------------+
1 row in set (0.36 sec)

Query OK, 0 rows affected (0.01 sec)

Query OK, 84 rows affected (0.09 sec)
Records: 84  Duplicates: 0  Warnings: 0

mysql> mysql \. C:\workspace\cloud\code\sql\_DailyScript\currenttime.sql
+---------------------+
| currenttime         |
+---------------------+
| 2020-09-02 10:04:24 |
+---------------------+
1 row in set (0.00 sec)

mysql> 
mysql> mysql \. C:\workspace\cloud\code\sql\_DailyScript\load_DailyCalls.sql
Database changed
Query OK, 444 rows affected (0.15 sec)
Records: 444  Deleted: 0  Skipped: 0  Warnings: 0

Query OK, 0 rows affected, 1 warning (0.00 sec)

Query OK, 425 rows affected (0.04 sec)
Records: 425  Duplicates: 0  Warnings: 0

Query OK, 0 rows affected, 1 warning (0.00 sec)

Query OK, 67510 rows affected (0.25 sec)
Records: 67510  Duplicates: 0  Warnings: 0

+----------------------+
| callingclientsbefore |
+----------------------+
|               989919 |
+----------------------+
1 row in set (0.41 sec)

Query OK, 708 rows affected (8.68 sec)
Records: 708  Duplicates: 0  Warnings: 0

+---------------------+
| callingclientsafter |
+---------------------+
|              990627 |
+---------------------+
1 row in set (0.26 sec)

Query OK, 0 rows affected (0.01 sec)

Query OK, 301 rows affected (3.32 sec)
Records: 301  Duplicates: 0  Warnings: 0

Query OK, 0 rows affected (0.00 sec)

Query OK, 19861 rows affected (2.95 sec)
Records: 19861  Duplicates: 0  Warnings: 0

+-----------+
| callstats |
+-----------+
|     19861 |
+-----------+
1 row in set (0.01 sec)

Query OK, 0 rows affected, 1 warning (0.00 sec)

Query OK, 708 rows affected (2.44 sec)
Records: 708  Duplicates: 0  Warnings: 0

+------------------------+
| rep_cccallreportbefore |
+------------------------+
|                 990079 |
+------------------------+
1 row in set (0.34 sec)

Query OK, 708 rows affected (0.27 sec)
Records: 708  Duplicates: 0  Warnings: 0

+-----------------------+
| rep_cccallreportafter |
+-----------------------+
|                990787 |
+-----------------------+
1 row in set (0.26 sec)

Query OK, 0 rows affected (0.01 sec)

mysql> mysql \. C:\workspace\cloud\code\sql\_DailyScript\currenttime.sql
+---------------------+
| currenttime         |
+---------------------+
| 2020-09-02 10:04:43 |
+---------------------+
1 row in set (0.00 sec)

mysql> 
mysql> mysql \. C:\workspace\cloud\code\sql\_DailyScript\DAILY-SCRIPT-USAGE.sql
Database changed
Query OK, 0 rows affected (0.00 sec)

Query OK, 8358 rows affected, 24280 warnings (1.75 sec)
Records: 8358  Deleted: 0  Skipped: 0  Warnings: 24280

Query OK, 0 rows affected (0.00 sec)

Query OK, 12156 rows affected, 35244 warnings (2.25 sec)
Records: 12156  Deleted: 0  Skipped: 0  Warnings: 35244

Query OK, 0 rows affected (0.00 sec)

Query OK, 323 rows affected, 1160 warnings (0.05 sec)
Records: 323  Deleted: 0  Skipped: 0  Warnings: 1160

Query OK, 0 rows affected (0.00 sec)

Query OK, 185 rows affected, 656 warnings (0.04 sec)
Records: 185  Deleted: 0  Skipped: 0  Warnings: 656

+------------+
| dailyusage |
+------------+
|   14437476 |
+------------+
1 row in set (6.28 sec)

+------------+------------+------------+---------+
| datestart  | dateend    | insertedon | records |
+------------+------------+------------+---------+
| 2020-09-01 | 2020-09-01 | 2020-09-02 |   21022 |
| 2020-08-31 | 2020-08-31 | 2020-09-01 |   21471 |
| 2020-08-30 | 2020-08-30 | 2020-08-31 |   20848 |
| 2020-08-29 | 2020-08-29 | 2020-08-31 |   22106 |
| 2020-08-28 | 2020-08-28 | 2020-08-29 |   21340 |
+------------+------------+------------+---------+
5 rows in set (29.52 sec)

+----------+------------+------------+------------+---------+
| category | datestart  | dateend    | insertedon | records |
+----------+------------+------------+------------+---------+
| UNCAPPED | 2020-09-01 | 2020-09-01 | 2020-09-02 |   12156 |
| PREPAID  | 2020-09-01 | 2020-09-01 | 2020-09-02 |     323 |
| HOTSPOT  | 2020-09-01 | 2020-09-01 | 2020-09-02 |     185 |
| CAPPED   | 2020-09-01 | 2020-09-01 | 2020-09-02 |    8358 |
| UNCAPPED | 2020-08-31 | 2020-08-31 | 2020-09-01 |   12648 |
| PREPAID  | 2020-08-31 | 2020-08-31 | 2020-09-01 |     282 |
| HOTSPOT  | 2020-08-31 | 2020-08-31 | 2020-09-01 |     200 |
| CAPPED   | 2020-08-31 | 2020-08-31 | 2020-09-01 |    8341 |
| UNCAPPED | 2020-08-30 | 2020-08-30 | 2020-08-31 |   12454 |
| PREPAID  | 2020-08-30 | 2020-08-30 | 2020-08-31 |     329 |
| HOTSPOT  | 2020-08-30 | 2020-08-30 | 2020-08-31 |     130 |
| CAPPED   | 2020-08-30 | 2020-08-30 | 2020-08-31 |    7935 |
| UNCAPPED | 2020-08-29 | 2020-08-29 | 2020-08-31 |   12941 |
| PREPAID  | 2020-08-29 | 2020-08-29 | 2020-08-31 |     320 |
| HOTSPOT  | 2020-08-29 | 2020-08-29 | 2020-08-31 |     184 |
| CAPPED   | 2020-08-29 | 2020-08-29 | 2020-08-31 |    8661 |
| UNCAPPED | 2020-08-28 | 2020-08-28 | 2020-08-29 |   12338 |
| PREPAID  | 2020-08-28 | 2020-08-28 | 2020-08-29 |     336 |
| HOTSPOT  | 2020-08-28 | 2020-08-28 | 2020-08-29 |     230 |
| CAPPED   | 2020-08-28 | 2020-08-28 | 2020-08-29 |    8436 |
+----------+------------+------------+------------+---------+
20 rows in set (20.83 sec)

mysql> mysql \. C:\workspace\cloud\code\sql\_DailyScript\currenttime.sql
+---------------------+
| currenttime         |
+---------------------+
| 2020-09-02 10:05:44 |
+---------------------+
1 row in set (0.00 sec)

mysql> 
mysql> mysql \. C:\workspace\cloud\code\sql\_DailyScript\DAILY-SCRIPT-SALES-TELEMETRY.sql
Database changed
Query OK, 136 rows affected, 80 warnings (0.05 sec)
Records: 136  Deleted: 0  Skipped: 0  Warnings: 80

+------------+
| dailysales |
+------------+
|     206664 |
+------------+
1 row in set (0.25 sec)

Query OK, 0 rows affected (0.01 sec)

Query OK, 206664 rows affected (12.73 sec)
Records: 206664  Duplicates: 0  Warnings: 0

+--------+
| sales  |
+--------+
| 206664 |
+--------+
1 row in set (0.08 sec)

Query OK, 0 rows affected (0.01 sec)

Query OK, 3339 rows affected (0.33 sec)
Records: 3339  Duplicates: 0  Warnings: 0

+----------------+
| rep_dailysales |
+----------------+
|           3339 |
+----------------+
1 row in set (0.00 sec)

Query OK, 0 rows affected (0.01 sec)

Query OK, 3339 rows affected (0.51 sec)
Records: 3339  Duplicates: 0  Warnings: 0

+-------------------+
| rep_dailysalesreg |
+-------------------+
|              3339 |
+-------------------+
1 row in set (0.00 sec)

Query OK, 0 rows affected (0.01 sec)

Query OK, 2798 rows affected (0.64 sec)
Records: 2798  Duplicates: 0  Warnings: 0

+-----------+
| saleslist |
+-----------+
|      2798 |
+-----------+
1 row in set (0.00 sec)

Database changed
ERROR 2 (HY000): File 'C:\ProgramData\MySQL\MySQL Server 5.7\Uploads\_csv\PrepaidCardSales-01092020-P1.csv' not found (Errcode: 2 - No such file or directory)
+------------------+
| dailysinglesales |
+------------------+
|             6345 |
+------------------+
1 row in set (0.01 sec)

Database changed
Query OK, 6 rows affected (0.04 sec)
Records: 6  Deleted: 0  Skipped: 0  Warnings: 0

+-----------------+
| dailyaddonsales |
+-----------------+
|           20504 |
+-----------------+
1 row in set (0.03 sec)

Query OK, 283 rows affected (0.09 sec)
Records: 283  Deleted: 0  Skipped: 0  Warnings: 0

+----------------+
| onlinepayments |
+----------------+
|         120791 |
+----------------+
1 row in set (0.07 sec)

+-------------+----------------+---------------------+
| paymentdate | onlinepayments | onlinepaymentamount |
+-------------+----------------+---------------------+
| 2020-09-01  |            283 |        201717.80000 |
| 2020-08-31  |            270 |        171860.25000 |
| 2020-08-30  |            208 |        124806.51000 |
| 2020-08-29  |            192 |        120920.35000 |
| 2020-08-28  |            297 |        196931.96000 |
+-------------+----------------+---------------------+
5 rows in set (0.45 sec)

+-------------+--------------+----------------+---------------------+
| paymentyear | paymentmonth | onlinepayments | onlinepaymentamount |
+-------------+--------------+----------------+---------------------+
|        2020 |            9 |            283 |        201717.80000 |
|        2020 |            8 |           6240 |       4098025.79000 |
|        2020 |            7 |           6291 |       4053825.83000 |
|        2020 |            6 |           6133 |       4006312.90000 |
|        2020 |            5 |           6399 |       4169369.14000 |
+-------------+--------------+----------------+---------------------+
5 rows in set (0.12 sec)

mysql> mysql \. C:\workspace\cloud\code\sql\_DailyScript\currenttime.sql
+---------------------+
| currenttime         |
+---------------------+
| 2020-09-02 10:06:00 |
+---------------------+
1 row in set (0.00 sec)

mysql> 
mysql> mysql \. C:\workspace\cloud\code\sql\_DailyScript\DAILY-SCRIPT-ACTIVENUMBERS.sql
Database changed
Query OK, 1170 rows affected (0.56 sec)
Records: 1170  Deleted: 0  Skipped: 0  Warnings: 0

+------------+----------+
| period     | count(1) |
+------------+----------+
| 2020-09-01 |     1170 |
| 2020-08-31 |     1168 |
| 2020-08-30 |     1171 |
| 2020-08-29 |     1171 |
| 2020-08-28 |     1177 |
+------------+----------+
5 rows in set (0.01 sec)

Query OK, 0 rows affected (0.01 sec)

Query OK, 79 rows affected (1.37 sec)
Records: 79  Duplicates: 0  Warnings: 0

+-------------+
| packagelist |
+-------------+
|          79 |
+-------------+
1 row in set (0.00 sec)

Database changed
Query OK, 0 rows affected (0.00 sec)

Query OK, 0 rows affected (0.00 sec)

Query OK, 0 rows affected (0.00 sec)

Query OK, 0 rows affected (0.00 sec)

Query OK, 27563 rows affected, 215 warnings (19.32 sec)
Records: 27563  Deleted: 0  Skipped: 0  Warnings: 215

+------------+----------+
| period     | count(1) |
+------------+----------+
| 2020-09-01 |    27563 |
| 2020-08-31 |    27531 |
| 2020-08-30 |    27352 |
| 2020-08-29 |    27584 |
| 2020-08-28 |    27624 |
+------------+----------+
5 rows in set (0.16 sec)

Query OK, 0 rows affected (0.04 sec)

Query OK, 26974 rows affected (47.51 sec)
Records: 26974  Duplicates: 0  Warnings: 0

Query OK, 0 rows affected (0.14 sec)
Records: 0  Duplicates: 0  Warnings: 0

Query OK, 0 rows affected (0.12 sec)
Records: 0  Duplicates: 0  Warnings: 0

Query OK, 0 rows affected (0.10 sec)
Records: 0  Duplicates: 0  Warnings: 0

Query OK, 0 rows affected (0.08 sec)
Records: 0  Duplicates: 0  Warnings: 0

Query OK, 0 rows affected (0.07 sec)
Records: 0  Duplicates: 0  Warnings: 0

Query OK, 0 rows affected (0.09 sec)
Records: 0  Duplicates: 0  Warnings: 0

+-------------+
| countbefore |
+-------------+
|    38776917 |
+-------------+
1 row in set (15.07 sec)

Query OK, 26974 rows affected (5.93 sec)
Records: 26974  Duplicates: 0  Warnings: 0

+------------+
| countafter |
+------------+
|   38803891 |
+------------+
1 row in set (12.99 sec)

+------------+--------------------------+
| period     | customercontractactivity |
+------------+--------------------------+
| 2020-09-01 |                    26974 |
| 2020-08-31 |                    26942 |
| 2020-08-30 |                    26762 |
| 2020-08-29 |                    26994 |
| 2020-08-28 |                    27033 |
+------------+--------------------------+
5 rows in set (0.06 sec)

Query OK, 0 rows affected (0.02 sec)

Query OK, 276797 rows affected (6 min 53.60 sec)
Records: 276797  Duplicates: 0  Warnings: 0

Query OK, 0 rows affected (0.92 sec)
Records: 0  Duplicates: 0  Warnings: 0

Query OK, 0 rows affected (0.96 sec)
Records: 0  Duplicates: 0  Warnings: 0

Query OK, 0 rows affected (0.99 sec)
Records: 0  Duplicates: 0  Warnings: 0

Query OK, 0 rows affected (0.01 sec)

Query OK, 229 rows affected (0.41 sec)
Records: 229  Duplicates: 0  Warnings: 0

Query OK, 0 rows affected (0.02 sec)

Query OK, 2620 rows affected (0.55 sec)
Records: 2620  Duplicates: 0  Warnings: 0

Query OK, 0 rows affected (0.01 sec)

Query OK, 26955 rows affected (0.51 sec)
Records: 26955  Duplicates: 0  Warnings: 0

Query OK, 0 rows affected (0.01 sec)

Query OK, 17005 rows affected (0.34 sec)
Records: 17005  Duplicates: 0  Warnings: 0

Query OK, 0 rows affected (0.01 sec)

Query OK, 17005 rows affected (0.12 sec)
Records: 17005  Duplicates: 0  Warnings: 0

Query OK, 0 rows affected (0.01 sec)

Query OK, 17005 rows affected (1.07 sec)
Records: 17005  Duplicates: 0  Warnings: 0

Query OK, 0 rows affected (0.01 sec)

Query OK, 17005 rows affected (42.74 sec)
Records: 17005  Duplicates: 0  Warnings: 0

+-------------+
| clientstats |
+-------------+
|       17005 |
+-------------+
1 row in set (0.01 sec)

Query OK, 0 rows affected (0.01 sec)

Query OK, 12 rows affected, 1 warning (0.09 sec)
Records: 12  Duplicates: 0  Warnings: 1

+-----------------------+-------------+-------------+----------------+-----------------+
| services              | activecount | allaccounts | uniqueaccounts | uniquecontracts |
+-----------------------+-------------+-------------+----------------+-----------------+
| All                   |         348 |          56 |             56 |             180 |
| Internet & Voice      |         391 |         176 |            176 |             344 |
| Internet Only         |        4354 |        4263 |           4252 |            4306 |
| OTT Only              |           1 |           1 |              1 |               1 |
| TV & Internet         |        9128 |        4127 |           4118 |            8389 |
| TV & Internet & OTT   |        3164 |         811 |            806 |            1687 |
| TV & Internet & Voice |         485 |         146 |            146 |             447 |
| TV & OTT              |         314 |          61 |             60 |              75 |
| TV & Voice            |          87 |          40 |             40 |              82 |
| TV Only               |        9205 |        7168 |           7154 |            7356 |
| Voice Only            |         157 |         156 |            155 |             157 |
| GRAND TOTAL           |       27634 |       17005 |          16921 |           23024 |
+-----------------------+-------------+-------------+----------------+-----------------+
12 rows in set (0.00 sec)

+-------------+-------------+-------------+----------------+-----------------+
| network     | activecount | allaccounts | uniqueaccounts | uniquecontracts |
+-------------+-------------+-------------+----------------+-----------------+
| GPON        |        9244 |        4718 |           4715 |            7332 |
| HFC         |       18390 |       12287 |          12287 |           15692 |
| GRAND TOTAL |       27634 |       17005 |          16921 |           23024 |
+-------------+-------------+-------------+----------------+-----------------+
3 rows in set, 1 warning (0.11 sec)

+-------------+-----------------------+-------------+-------------+----------------+-----------------+
| network     | services              | activecount | allaccounts | uniqueaccounts | uniquecontracts |
+-------------+-----------------------+-------------+-------------+----------------+-----------------+
| GPON        | All                   |         196 |          31 |             31 |              99 |
| GPON        | Internet & Voice      |          79 |          33 |             33 |              68 |
| GPON        | Internet Only         |        1172 |        1100 |           1100 |            1126 |
| GPON        | TV & Internet         |        3813 |        1689 |           1689 |            3461 |
| GPON        | TV & Internet & OTT   |        1793 |         454 |            454 |             951 |
| GPON        | TV & Internet & Voice |         199 |          59 |             59 |             183 |
| GPON        | TV & OTT              |         102 |          29 |             29 |              33 |
| GPON        | TV & Voice            |          44 |          20 |             20 |              41 |
| GPON        | TV Only               |        1832 |        1289 |           1289 |            1356 |
| GPON        | Voice Only            |          14 |          14 |             14 |              14 |
| GPON        | Services Total        |        9244 |        4718 |           4715 |            7332 |
| HFC         | All                   |         152 |          25 |             25 |              81 |
| HFC         | Internet & Voice      |         312 |         143 |            143 |             276 |
| HFC         | Internet Only         |        3182 |        3163 |           3163 |            3180 |
| HFC         | OTT Only              |           1 |           1 |              1 |               1 |
| HFC         | TV & Internet         |        5315 |        2438 |           2438 |            4928 |
| HFC         | TV & Internet & OTT   |        1371 |         357 |            357 |             736 |
| HFC         | TV & Internet & Voice |         286 |          87 |             87 |             264 |
| HFC         | TV & OTT              |         212 |          32 |             32 |              42 |
| HFC         | TV & Voice            |          43 |          20 |             20 |              41 |
| HFC         | TV Only               |        7373 |        5879 |           5879 |            6000 |
| HFC         | Voice Only            |         143 |         142 |            142 |             143 |
| HFC         | Services Total        |       18390 |       12287 |          12287 |           15692 |
| GRAND TOTAL | Services Total        |       27634 |       17005 |          16921 |           23024 |
+-------------+-----------------------+-------------+-------------+----------------+-----------------+
24 rows in set, 2 warnings (0.14 sec)

Query OK, 0 rows affected (0.01 sec)

Query OK, 41 rows affected, 3 warnings (0.18 sec)
Records: 41  Duplicates: 0  Warnings: 3

+-------------+---------------+-----------------------+-------------+-------------+----------------+-----------------+
| region      | network       | services              | activecount | allaccounts | uniqueaccounts | uniquecontracts |
+-------------+---------------+-----------------------+-------------+-------------+----------------+-----------------+
| Mahe        | GPON          | All                   |         170 |          27 |             27 |              87 |
| Mahe        | GPON          | Internet & Voice      |          65 |          26 |             26 |              54 |
| Mahe        | GPON          | Internet Only         |         950 |         878 |            878 |             904 |
| Mahe        | GPON          | TV & Internet         |        3021 |        1330 |           1330 |            2729 |
| Mahe        | GPON          | TV & Internet & OTT   |        1399 |         343 |            343 |             723 |
| Mahe        | GPON          | TV & Internet & Voice |         183 |          54 |             54 |             167 |
| Mahe        | GPON          | TV & OTT              |          89 |          23 |             23 |              27 |
| Mahe        | GPON          | TV & Voice            |          42 |          19 |             19 |              39 |
| Mahe        | GPON          | TV Only               |        1491 |        1020 |           1020 |            1078 |
| Mahe        | GPON          | Voice Only            |          13 |          13 |             13 |              13 |
| Mahe        | GPON          | Services Total        |        7423 |        3733 |           3733 |            5821 |
| Mahe        | HFC           | All                   |         152 |          25 |             25 |              81 |
| Mahe        | HFC           | Internet & Voice      |         312 |         143 |            143 |             276 |
| Mahe        | HFC           | Internet Only         |        3181 |        3162 |           3162 |            3179 |
| Mahe        | HFC           | OTT Only              |           1 |           1 |              1 |               1 |
| Mahe        | HFC           | TV & Internet         |        5313 |        2437 |           2437 |            4926 |
| Mahe        | HFC           | TV & Internet & OTT   |        1371 |         357 |            357 |             736 |
| Mahe        | HFC           | TV & Internet & Voice |         286 |          87 |             87 |             264 |
| Mahe        | HFC           | TV & OTT              |         212 |          32 |             32 |              42 |
| Mahe        | HFC           | TV & Voice            |          43 |          20 |             20 |              41 |
| Mahe        | HFC           | TV Only               |        7368 |        5876 |           5876 |            5997 |
| Mahe        | HFC           | Voice Only            |         143 |         142 |            142 |             143 |
| Mahe        | HFC           | Services Total        |       18382 |       12282 |          12282 |           15686 |
| Mahe        | Network Total | Services Total        |       25805 |       16015 |          15936 |           21507 |
| Praslin     | GPON          | All                   |          26 |           4 |              4 |              12 |
| Praslin     | GPON          | Internet & Voice      |          14 |           7 |              7 |              14 |
| Praslin     | GPON          | Internet Only         |         222 |         222 |            222 |             222 |
| Praslin     | GPON          | TV & Internet         |         792 |         359 |            359 |             732 |
| Praslin     | GPON          | TV & Internet & OTT   |         394 |         111 |            111 |             228 |
| Praslin     | GPON          | TV & Internet & Voice |          16 |           5 |              5 |              16 |
| Praslin     | GPON          | TV & OTT              |          13 |           6 |              6 |               6 |
| Praslin     | GPON          | TV & Voice            |           2 |           1 |              1 |               2 |
| Praslin     | GPON          | TV Only               |         341 |         269 |            269 |             278 |
| Praslin     | GPON          | Voice Only            |           1 |           1 |              1 |               1 |
| Praslin     | GPON          | Services Total        |        1821 |         985 |            985 |            1511 |
| Praslin     | HFC           | Internet Only         |           1 |           1 |              1 |               1 |
| Praslin     | HFC           | TV & Internet         |           2 |           1 |              1 |               2 |
| Praslin     | HFC           | TV Only               |           5 |           3 |              3 |               3 |
| Praslin     | HFC           | Services Total        |           8 |           5 |              5 |               6 |
| Praslin     | Network Total | Services Total        |        1829 |         990 |            989 |            1517 |
| GRAND TOTAL | Network Total | Services Total        |       27634 |       17005 |          16921 |           23024 |
+-------------+---------------+-----------------------+-------------+-------------+----------------+-----------------+
41 rows in set (0.00 sec)

Query OK, 0 rows affected (0.01 sec)

Query OK, 26956 rows affected (0.39 sec)
Records: 26956  Duplicates: 0  Warnings: 0

Query OK, 0 rows affected (0.01 sec)

Query OK, 2115 rows affected (1.42 sec)
Records: 2115  Duplicates: 0  Warnings: 0

+--------------------------------------+
| message                              |
+--------------------------------------+
| running rcbill_my.sp_ActiveNumber2() |
+--------------------------------------+
1 row in set (0.00 sec)

Query OK, 365 rows affected (1 min 46.37 sec)

mysql> mysql \. C:\workspace\cloud\code\sql\_DailyScript\currenttime.sql
+---------------------+
| currenttime         |
+---------------------+
| 2020-09-02 10:17:15 |
+---------------------+
1 row in set (0.00 sec)

mysql> 
mysql> mysql \. C:\workspace\cloud\code\sql\_DailyScript\GetActiveNumbers Average -Pivot.sql
Database changed
+-------------------------------------+
| @today := subdate(current_date(),1) |
+-------------------------------------+
| 2020-09-01                          |
+-------------------------------------+
1 row in set (0.00 sec)

+-------------------------------------+
| @lastdayofmonth := last_day(@today) |
+-------------------------------------+
| 2020-09-30                          |
+-------------------------------------+
1 row in set (0.00 sec)

Query OK, 0 rows affected (0.01 sec)

Query OK, 41723 rows affected, 65535 warnings (50.32 sec)
Records: 41723  Duplicates: 0  Warnings: 85076

Query OK, 0 rows affected (0.09 sec)
Records: 0  Duplicates: 0  Warnings: 0

Query OK, 0 rows affected (0.11 sec)
Records: 0  Duplicates: 0  Warnings: 0

Query OK, 0 rows affected (0.09 sec)
Records: 0  Duplicates: 0  Warnings: 0

+-----------------+
| activenumberavg |
+-----------------+
|           41723 |
+-----------------+
1 row in set (0.01 sec)

Query OK, 0 rows affected (0.01 sec)

Query OK, 1907 rows affected (0.49 sec)
Records: 1907  Duplicates: 0  Warnings: 0

+---------------------+
| rep_activenumberavg |
+---------------------+
|                1907 |
+---------------------+
1 row in set (0.00 sec)

+----------------------+
| rep_activenumberavg1 |
+----------------------+
|                  892 |
+----------------------+
1 row in set (0.00 sec)

Query OK, 0 rows affected (0.01 sec)

Query OK, 2174 rows affected (0.38 sec)
Records: 2174  Duplicates: 0  Warnings: 0

Query OK, 0 rows affected (0.01 sec)

Query OK, 11126 rows affected (0.68 sec)
Records: 11126  Duplicates: 0  Warnings: 0

Query OK, 0 rows affected (0.00 sec)

Query OK, 0 rows affected (0.00 sec)

Query OK, 0 rows affected (0.01 sec)

Query OK, 0 rows affected (0.00 sec)

Query OK, 0 rows affected (0.00 sec)
Statement prepared

Query OK, 53 rows affected (0.04 sec)
Records: 53  Duplicates: 0  Warnings: 0

Query OK, 0 rows affected (0.00 sec)

Query OK, 0 rows affected (0.00 sec)

+----------------------+
| rep_activenumberavg2 |
+----------------------+
|                 2174 |
+----------------------+
1 row in set (0.00 sec)

+------------------------+
| rep_activenumberavg_pv |
+------------------------+
|                     53 |
+------------------------+
1 row in set (0.00 sec)

Query OK, 0 rows affected (0.01 sec)

Query OK, 2173 rows affected (0.32 sec)
Records: 2173  Duplicates: 0  Warnings: 0

Query OK, 0 rows affected (0.00 sec)

Query OK, 0 rows affected (0.01 sec)

Query OK, 0 rows affected (0.02 sec)

Query OK, 0 rows affected (0.00 sec)

Query OK, 0 rows affected (0.00 sec)
Statement prepared

Query OK, 53 rows affected (0.04 sec)
Records: 53  Duplicates: 0  Warnings: 0

Query OK, 0 rows affected (0.00 sec)

Query OK, 0 rows affected (0.00 sec)

+-------------------------+
| rep_activenumberavgMahe |
+-------------------------+
|                    2173 |
+-------------------------+
1 row in set (0.00 sec)

+----------------------------+
| rep_activenumberavgMahe_pv |
+----------------------------+
|                         53 |
+----------------------------+
1 row in set (0.00 sec)

Query OK, 0 rows affected (0.00 sec)

Query OK, 1388 rows affected (0.14 sec)
Records: 1388  Duplicates: 0  Warnings: 0

Query OK, 0 rows affected (0.00 sec)

Query OK, 0 rows affected (0.00 sec)

Query OK, 0 rows affected (0.01 sec)

Query OK, 0 rows affected (0.00 sec)

Query OK, 0 rows affected (0.00 sec)
Statement prepared

Query OK, 40 rows affected (0.03 sec)
Records: 40  Duplicates: 0  Warnings: 0

Query OK, 0 rows affected (0.00 sec)

Query OK, 0 rows affected (0.00 sec)

+----------------------------+
| rep_activenumberavgPraslin |
+----------------------------+
|                       1388 |
+----------------------------+
1 row in set (0.00 sec)

+-------------------------------+
| rep_activenumberavgPraslin_pv |
+-------------------------------+
|                            40 |
+-------------------------------+
1 row in set (0.00 sec)

mysql> mysql \. C:\workspace\cloud\code\sql\_DailyScript\currenttime.sql
+---------------------+
| currenttime         |
+---------------------+
| 2020-09-02 10:18:07 |
+---------------------+
1 row in set (0.00 sec)

mysql> 
mysql> mysql \. C:\workspace\cloud\code\sql\_DailyScript\budget_actual_analysis_2020.sql
Query OK, 0 rows affected (0.01 sec)

Query OK, 922 rows affected, 3 warnings (0.20 sec)
Records: 922  Duplicates: 0  Warnings: 3

+--------------------+
| budget_actual_2020 |
+--------------------+
|                922 |
+--------------------+
1 row in set (0.00 sec)

Query OK, 0 rows affected (0.01 sec)

Query OK, 48 rows affected (0.04 sec)
Records: 48  Duplicates: 0  Warnings: 0

+---------------------------+
| rep_budget_actual_2020_pv |
+---------------------------+
|                        48 |
+---------------------------+
1 row in set (0.00 sec)

mysql> mysql \. C:\workspace\cloud\code\sql\_DailyScript\currenttime.sql
+---------------------+
| currenttime         |
+---------------------+
| 2020-09-02 10:18:08 |
+---------------------+
1 row in set (0.00 sec)

mysql> 
mysql> mysql \. C:\workspace\cloud\code\sql\_DailyScript\reports-sales-addons-prepaid-camera.sql
Database changed
Query OK, 0 rows affected (0.01 sec)

Query OK, 4141 rows affected (0.23 sec)
Records: 4141  Duplicates: 0  Warnings: 0

Query OK, 0 rows affected (0.01 sec)

Query OK, 20547 rows affected (15.30 sec)
Records: 20547  Duplicates: 0  Warnings: 0

+--------------------+
| rep_prepaid_camera |
+--------------------+
|               4141 |
+--------------------+
1 row in set (0.01 sec)

+-----------+
| rep_addon |
+-----------+
|     20547 |
+-----------+
1 row in set (0.01 sec)

mysql> mysql \. C:\workspace\cloud\code\sql\_DailyScript\currenttime.sql
+---------------------+
| currenttime         |
+---------------------+
| 2020-09-02 10:18:23 |
+---------------------+
1 row in set (0.00 sec)

mysql> 
mysql> mysql \. C:\workspace\cloud\code\sql\_DailyScript\housing-estate-analysis.sql
Database changed
Query OK, 0 rows affected (0.01 sec)

Query OK, 3203 rows affected (12.97 sec)
Records: 3203  Duplicates: 0  Warnings: 0

+--------------------+
| rep_housingestates |
+--------------------+
|               3203 |
+--------------------+
1 row in set (0.00 sec)

mysql> mysql \. C:\workspace\cloud\code\sql\_DailyScript\currenttime.sql
+---------------------+
| currenttime         |
+---------------------+
| 2020-09-02 10:18:36 |
+---------------------+
1 row in set (0.00 sec)

mysql> 
mysql> mysql \. C:\workspace\cloud\code\sql\_DailyScript\RCB_ClientAnalyticsReport_Script.sql
Database changed
Query OK, 0 rows affected (0.00 sec)

Query OK, 0 rows affected (0.06 sec)

Query OK, 1938405 rows affected (1 min 8.48 sec)
Records: 1938405  Duplicates: 0  Warnings: 0

Query OK, 0 rows affected (5.60 sec)
Records: 0  Duplicates: 0  Warnings: 0

Query OK, 0 rows affected (4.60 sec)
Records: 0  Duplicates: 0  Warnings: 0

Query OK, 0 rows affected (7.59 sec)
Records: 0  Duplicates: 0  Warnings: 0

Query OK, 0 rows affected (7.86 sec)
Records: 0  Duplicates: 0  Warnings: 0

Query OK, 0 rows affected (8.59 sec)
Records: 0  Duplicates: 0  Warnings: 0

Query OK, 0 rows affected (6.89 sec)
Records: 0  Duplicates: 0  Warnings: 0

Query OK, 0 rows affected (0.00 sec)

Query OK, 489156 rows affected (15.42 sec)
Rows matched: 1938405  Changed: 489156  Warnings: 0

Query OK, 0 rows affected (0.01 sec)

Query OK, 27825 rows affected (4.08 sec)
Records: 27825  Duplicates: 0  Warnings: 0

Query OK, 0 rows affected (0.01 sec)

Query OK, 43967 rows affected (10 min 0.35 sec)
Records: 43967  Duplicates: 0  Warnings: 0

Query OK, 0 rows affected (0.17 sec)
Records: 0  Duplicates: 0  Warnings: 0

Query OK, 0 rows affected (0.14 sec)
Records: 0  Duplicates: 0  Warnings: 0

Query OK, 0 rows affected (0.09 sec)
Records: 0  Duplicates: 0  Warnings: 0

Query OK, 0 rows affected (0.03 sec)

Query OK, 456780 rows affected (12 min 40.57 sec)
Records: 456780  Duplicates: 0  Warnings: 0

Query OK, 0 rows affected (1.48 sec)
Records: 0  Duplicates: 0  Warnings: 0

Query OK, 0 rows affected (1.50 sec)
Records: 0  Duplicates: 0  Warnings: 0

Query OK, 0 rows affected (0.84 sec)
Records: 0  Duplicates: 0  Warnings: 0

Query OK, 0 rows affected (1.80 sec)
Records: 0  Duplicates: 0  Warnings: 0

Query OK, 0 rows affected (1.16 sec)
Records: 0  Duplicates: 0  Warnings: 0

Query OK, 0 rows affected (0.01 sec)

Query OK, 43967 rows affected (1 min 20.43 sec)
Records: 43967  Duplicates: 0  Warnings: 0

+--------------+
| clientreport |
+--------------+
|        43967 |
+--------------+
1 row in set (0.02 sec)

Query OK, 0 rows affected (0.01 sec)

Query OK, 43967 rows affected (5.63 sec)
Records: 43967  Duplicates: 0  Warnings: 0

+----------------------+
| clientextendedreport |
+----------------------+
|                43967 |
+----------------------+
1 row in set (0.01 sec)

Query OK, 0 rows affected (0.01 sec)

Query OK, 43967 rows affected (55.05 sec)
Records: 43967  Duplicates: 0  Warnings: 0

+---------+
| allcust |
+---------+
|   43967 |
+---------+
1 row in set (0.01 sec)

Query OK, 0 rows affected, 1 warning (0.00 sec)

Query OK, 5000 rows affected (0.13 sec)
Records: 5000  Duplicates: 0  Warnings: 0

Query OK, 0 rows affected (0.01 sec)

Query OK, 6878 rows affected (0.30 sec)
Records: 6878  Duplicates: 0  Warnings: 0

Query OK, 0 rows affected, 1 warning (0.00 sec)

Query OK, 5000 rows affected (0.13 sec)
Records: 5000  Duplicates: 0  Warnings: 0

Query OK, 0 rows affected (0.01 sec)

Query OK, 7278 rows affected (0.17 sec)
Records: 7278  Duplicates: 0  Warnings: 0

mysql> mysql \. C:\workspace\cloud\code\sql\_DailyScript\currenttime.sql
+---------------------+
| currenttime         |
+---------------------+
| 2020-09-02 10:45:56 |
+---------------------+
1 row in set (0.00 sec)

mysql> 
mysql> 
mysql> mysql \. C:\workspace\cloud\code\sql\_DailyScript\REVENUE_PER_NODE_MXK.sql
Query OK, 0 rows affected (0.01 sec)

Query OK, 0 rows affected (0.02 sec)

Query OK, 0 rows affected (0.02 sec)

Query OK, 6510 rows affected (2.04 sec)
Records: 6510  Duplicates: 0  Warnings: 0

+----------------------+
| message              |
+----------------------+
| created temp table a |
+----------------------+
1 row in set (0.00 sec)

Query OK, 6786 rows affected (0.95 sec)
Records: 6786  Duplicates: 0  Warnings: 0

+----------------------+
| message              |
+----------------------+
| created temp table b |
+----------------------+
1 row in set (0.00 sec)

Query OK, 0 rows affected, 1 warning (0.00 sec)

Query OK, 6819 rows affected (13.76 sec)
Records: 6819  Duplicates: 0  Warnings: 0

+--------------------------------+
| message                        |
+--------------------------------+
| created rcbill_my.tempcustmxk1 |
+--------------------------------+
1 row in set (0.00 sec)

Query OK, 0 rows affected (0.00 sec)

Query OK, 0 rows affected (0.00 sec)

Query OK, 0 rows affected, 1 warning (0.00 sec)

Query OK, 6510 rows affected (1.42 sec)
Records: 6510  Duplicates: 0  Warnings: 0

+----------------+
| message        |
+----------------+
| created temp a |
+----------------+
1 row in set (0.00 sec)

Query OK, 6786 rows affected (0.84 sec)
Records: 6786  Duplicates: 0  Warnings: 0

+----------------+
| message        |
+----------------+
| created temp b |
+----------------+
1 row in set (0.00 sec)

Query OK, 0 rows affected, 1 warning (0.00 sec)

Query OK, 6882 rows affected (8.93 sec)
Records: 6882  Duplicates: 0  Warnings: 0

+--------------------------------+
| message                        |
+--------------------------------+
| created rcbill_my.tempcustmxk2 |
+--------------------------------+
1 row in set (0.00 sec)

Query OK, 0 rows affected (0.01 sec)

Query OK, 0 rows affected (0.00 sec)

Query OK, 0 rows affected, 1 warning (0.00 sec)

Query OK, 0 rows affected (0.01 sec)

Query OK, 7667 rows affected (0.33 sec)
Records: 7667  Duplicates: 0  Warnings: 0

+---------------------------------+
| message                         |
+---------------------------------+
| created rcbill_my.customers_mxk |
+---------------------------------+
1 row in set (0.00 sec)

Query OK, 0 rows affected (0.01 sec)

Query OK, 0 rows affected (0.00 sec)

Query OK, 14246 rows affected (5.40 sec)
Records: 14246  Duplicates: 0  Warnings: 0

+----------------+
| message        |
+----------------+
| created temp a |
+----------------+
1 row in set (0.00 sec)

Query OK, 19587 rows affected (1.63 sec)
Records: 19587  Duplicates: 0  Warnings: 0

+----------------+
| message        |
+----------------+
| created temp c |
+----------------+
1 row in set (0.00 sec)

Query OK, 0 rows affected, 1 warning (0.00 sec)

Query OK, 27433 rows affected (0.26 sec)
Records: 27433  Duplicates: 0  Warnings: 0

+---------------------------------+
| message                         |
+---------------------------------+
| created rcbill_my.tempcustcmts1 |
+---------------------------------+
1 row in set (0.00 sec)

Query OK, 0 rows affected (0.01 sec)

Query OK, 0 rows affected, 1 warning (0.00 sec)

Query OK, 0 rows affected (0.01 sec)

Query OK, 14246 rows affected (5.47 sec)
Records: 14246  Duplicates: 0  Warnings: 0

+----------------+
| message        |
+----------------+
| created temp a |
+----------------+
1 row in set (0.00 sec)

Query OK, 19587 rows affected (1.43 sec)
Records: 19587  Duplicates: 0  Warnings: 0

+----------------+
| message        |
+----------------+
| created temp c |
+----------------+
1 row in set (0.00 sec)

Query OK, 0 rows affected, 1 warning (0.00 sec)

Query OK, 20295 rows affected (0.24 sec)
Records: 20295  Duplicates: 0  Warnings: 0

+---------------------------------+
| message                         |
+---------------------------------+
| created rcbill_my.tempcustcmts2 |
+---------------------------------+
1 row in set (0.00 sec)

Query OK, 0 rows affected (0.01 sec)

Query OK, 0 rows affected, 1 warning (0.00 sec)

Query OK, 0 rows affected (0.01 sec)

Query OK, 0 rows affected (0.01 sec)

Query OK, 14339 rows affected (0.89 sec)
Records: 14339  Duplicates: 0  Warnings: 0

+----------------------------------+
| message                          |
+----------------------------------+
| created rcbill_my.customers_cmts |
+----------------------------------+
1 row in set (0.00 sec)

Query OK, 0 rows affected (0.01 sec)

Query OK, 0 rows affected (0.01 sec)

Query OK, 0 rows affected (0.01 sec)

Query OK, 18670 rows affected (0.76 sec)
Records: 18670  Duplicates: 0  Warnings: 0

+--------------------------------------+
| message                              |
+--------------------------------------+
| created rcbill_my.customers_cmts_mxk |
+--------------------------------------+
1 row in set (0.00 sec)

Query OK, 484204 rows affected (57.86 sec)
Records: 484204  Duplicates: 0  Warnings: 0

+----------------+
| message        |
+----------------+
| created temp a |
+----------------+
1 row in set (0.00 sec)

Query OK, 0 rows affected (0.05 sec)

Query OK, 484955 rows affected (10.79 sec)
Records: 484955  Duplicates: 0  Warnings: 0

+------------------------------------------------+
| message                                        |
+------------------------------------------------+
| created rcbill_my.customers_contracts_cmts_mxk |
+------------------------------------------------+
1 row in set (0.00 sec)

Query OK, 0 rows affected (0.01 sec)

Query OK, 0 rows affected, 1 warning (0.00 sec)

Query OK, 0 rows affected, 1 warning (0.00 sec)

Query OK, 0 rows affected (0.00 sec)

Query OK, 8497 rows affected (2.69 sec)
Rows matched: 8497  Changed: 8497  Warnings: 0

+------------------------------------------------+
| message                                        |
+------------------------------------------------+
| updated rcbill_my.customers_contracts_cmts_mxk |
+------------------------------------------------+
1 row in set (0.00 sec)

Query OK, 0 rows affected (0.03 sec)

Query OK, 1948786 rows affected (3 min 56.86 sec)
Records: 1948786  Duplicates: 0  Warnings: 0

+----------------------------------------+
| message                                |
+----------------------------------------+
| created rcbill_my.customers_collection |
+----------------------------------------+
1 row in set (0.00 sec)

Query OK, 0 rows affected (0.03 sec)

Query OK, 2251001 rows affected (1 min 46.90 sec)
Records: 2251001  Duplicates: 0  Warnings: 0

+------------------------------------------------+
| message                                        |
+------------------------------------------------+
| created rcbill_my.customers_cmts_mxk_cont_coll |
+------------------------------------------------+
1 row in set (0.00 sec)

Query OK, 0 rows affected (0.27 sec)

Query OK, 442705 rows affected (2 min 9.71 sec)
Records: 442705  Duplicates: 0  Warnings: 0

+--------------------------------------------------------+
| message                                                |
+--------------------------------------------------------+
| created rcbill_my.customers_contracts_collection_pivot |
+--------------------------------------------------------+
1 row in set (0.00 sec)

Query OK, 0 rows affected (0.01 sec)

Query OK, 40036 rows affected (2 min 18.34 sec)
Records: 40036  Duplicates: 0  Warnings: 0

+----------------------------------------------+
| message                                      |
+----------------------------------------------+
| created rcbill_my.customers_collection_pivot |
+----------------------------------------------+
1 row in set (0.00 sec)

Query OK, 0 rows affected (0.01 sec)

Query OK, 43967 rows affected (2.09 sec)
Records: 43967  Duplicates: 0  Warnings: 0

+--------------------------------------------+
| message                                    |
+--------------------------------------------+
| created rcbill_my.rep_customers_collection |
+--------------------------------------------+
1 row in set (0.00 sec)

Query OK, 0 rows affected (0.00 sec)

Query OK, 0 rows affected, 1 warning (0.00 sec)

Query OK, 450545 rows affected (13.01 sec)
Records: 450545  Duplicates: 0  Warnings: 0

+-------------------------+
| message                 |
+-------------------------+
| created rcbill_my.tempa |
+-------------------------+
1 row in set (0.00 sec)

Query OK, 0 rows affected, 1 warning (0.00 sec)

Query OK, 442705 rows affected (18.58 sec)
Records: 442705  Duplicates: 0  Warnings: 0

+-------------------------+
| message                 |
+-------------------------+
| created rcbill_my.tempb |
+-------------------------+
1 row in set (0.00 sec)

Query OK, 450545 rows affected (19.59 sec)
Records: 450545  Duplicates: 0  Warnings: 0

+-----------+
| message   |
+-----------+
| created a |
+-----------+
1 row in set (0.00 sec)

Query OK, 442716 rows affected (20.69 sec)
Records: 442716  Duplicates: 0  Warnings: 0

+-----------+
| message   |
+-----------+
| created b |
+-----------+
1 row in set (0.00 sec)

Query OK, 0 rows affected (0.02 sec)

Query OK, 0 rows affected (0.02 sec)

Query OK, 0 rows affected (0.05 sec)

Query OK, 486989 rows affected (52.92 sec)
Records: 486989  Duplicates: 0  Warnings: 0

+----------------------------------------------+
| message                                      |
+----------------------------------------------+
| created rcbill_my.cust_cont_payment_cmts_mxk |
+----------------------------------------------+
1 row in set (0.00 sec)

Query OK, 0 rows affected (0.02 sec)

Query OK, 0 rows affected (0.01 sec)

Query OK, 0 rows affected, 1 warning (0.00 sec)

Query OK, 0 rows affected (0.01 sec)

Query OK, 43967 rows affected (17.03 sec)
Records: 43967  Duplicates: 0  Warnings: 0

+--------------------------------------------------+
| message                                          |
+--------------------------------------------------+
| created rcbill_my.rep_cust_cont_payment_cmts_mxk |
+--------------------------------------------------+
1 row in set (0.00 sec)

Query OK, 0 rows affected, 1 warning (0.00 sec)

Query OK, 0 rows affected, 1 warning (0.00 sec)

Query OK, 0 rows affected (0.01 sec)

Query OK, 43967 rows affected, 5 warnings (7.82 sec)
Records: 43967  Duplicates: 0  Warnings: 5

+----------------------+
| rep_custconsolidated |
+----------------------+
|                43967 |
+----------------------+
1 row in set (0.44 sec)

Query OK, 0 rows affected (0.01 sec)

+------------------------------------+
| message                            |
+------------------------------------+
| creating rcbill_my.rep_custextract |
+------------------------------------+
1 row in set (0.00 sec)

Query OK, 43967 rows affected (1.16 sec)
Records: 43967  Duplicates: 0  Warnings: 0

+-----------------+
| rep_custextract |
+-----------------+
|           43967 |
+-----------------+
1 row in set (0.01 sec)

Query OK, 0 rows affected (0.00 sec)

Query OK, 0 rows affected (0.01 sec)

+----------------------------------------------+
| message                                      |
+----------------------------------------------+
| creating rcbill_my.retentioncustomeractivity |
+----------------------------------------------+
1 row in set (0.00 sec)

Query OK, 871 rows affected (0.09 sec)
Records: 871  Duplicates: 0  Warnings: 0

+---------------------------+
| retentioncustomeractivity |
+---------------------------+
|                       871 |
+---------------------------+
1 row in set (0.00 sec)

+-----------+------------------------------------+------------+-------------+-----------------+------------------+---------------------+-------------------+
| HFC_NODE  | NODENAME                           | CMTS_DATE  | INSERTED_ON | UNIQUE_ACCOUNTS | UNIQUE_CONTRACTS | UNIQUE_MAC_INRCBOSS | UNIQUE_MAC_INCMTS |
+-----------+------------------------------------+------------+-------------+-----------------+------------------+---------------------+-------------------+
| NULL      | NULL                               | NULL       | 2020-09-02  |            6746 |             7108 |                7155 |                 0 |
| C5/0/0/U0 | ANSE-BOILEAU-2                     | 2020-07-27 | 2020-09-02  |             186 |              190 |                 186 |               188 |
| C5/0/0/U1 | 500-C3-ANSE-BOILEAU                | 2020-07-27 | 2020-09-02  |             188 |              192 |                 188 |               191 |
| C5/0/1/U0 | 501-C4-LA-MISIERE-LEFT-I           | 2020-07-27 | 2020-09-02  |             161 |              166 |                 161 |               161 |
| C5/0/1/U1 | 501-C5-LA-MISIERE-RIGHT            | 2020-07-27 | 2020-09-02  |             111 |              114 |                 112 |               115 |
| C5/0/1/U2 | 501-C7-LA-MISIERE-LEFT-II          | 2020-07-27 | 2020-09-02  |             160 |              163 |                 160 |               161 |
| C5/0/2/U0 | 502-C8-LA-LOUISE                   | 2020-07-27 | 2020-09-02  |             149 |              149 |                 149 |               151 |
| C5/0/2/U1 | LA-LOUISE-2                        | 2020-07-27 | 2020-09-02  |             144 |              146 |                 144 |               146 |
| C5/0/3/U0 | 504-C6-PETIT-PARIS                 | 2020-07-27 | 2020-09-02  |             160 |              163 |                 160 |               163 |
| C5/0/3/U1 | PETIT-PARIS-23                     | 2020-07-27 | 2020-09-02  |              80 |               82 |                  80 |                80 |
| C5/0/4/U0 | FOUR-SEASONS                       | 2020-07-27 | 2020-09-02  |               4 |                4 |                   4 |                 4 |
| C5/0/4/U1 | ANCHOR-CAFE-I                      | 2020-07-27 | 2020-09-02  |             149 |              153 |                 149 |               149 |
| C5/0/4/U2 | ANCHOR-CAFE-II                     | 2020-07-27 | 2020-09-02  |             156 |              157 |                 156 |               158 |
| C5/1/0/U0 | POINTE-LARUE-AIRPORT-23            | 2020-07-27 | 2020-09-02  |             102 |              105 |                 103 |               109 |
| C5/1/0/U1 | PPROVIDENCE-23                     | 2020-07-27 | 2020-09-02  |              20 |               22 |                  20 |                20 |
| C5/1/0/U2 | ROSHE-CAIMAN-23                    | 2020-07-27 | 2020-09-02  |               9 |                9 |                   9 |                10 |
| C5/1/0/U3 | HEAD-OFFICE | HO-23                | 2020-07-27 | 2020-09-02  |              22 |               22 |                  22 |                23 |
| C5/1/1/U1 | C5-UNION-VALE                      | 2020-07-27 | 2020-09-02  |             197 |              200 |                 197 |               198 |
| C5/1/3/U0 | POINTE-LARUE-AIRPORT-27            | 2020-07-27 | 2020-09-02  |             149 |              154 |                 149 |               153 |
| C5/1/3/U1 | PPROVIDENCE-27                     | 2020-07-27 | 2020-09-02  |              24 |               24 |                  24 |                24 |
| C5/1/3/U2 | ROSHE-CAIMAN-27                    | 2020-07-27 | 2020-09-02  |              30 |               31 |                  30 |                30 |
| C5/1/3/U3 | HEAD-OFFICE | HO-27                | 2020-07-27 | 2020-09-02  |              19 |               20 |                  19 |                19 |
| C5/1/4/U0 | ANSE-ROYALE-27                     | 2020-07-27 | 2020-09-02  |             101 |              103 |                 101 |               102 |
| C5/1/4/U1 | GLACIS-2-57                        | 2020-07-27 | 2020-09-02  |              59 |               64 |                  59 |                60 |
| C5/1/4/U2 | NULL                               | 2020-07-27 | 2020-09-02  |             104 |              106 |                 104 |               104 |
| C5/1/4/U3 | GLACIS-1                           | 2020-07-27 | 2020-09-02  |              48 |               50 |                  48 |                48 |
| C6/0/1/U0 | SERRET-ROAD-RIGHT/CURIO/PASCAL     | 2020-07-27 | 2020-09-02  |             134 |              137 |                 134 |               134 |
| C6/0/1/U1 | SERRET-ROAD-LEFT/ST.LOUIS/TOWN     | 2020-07-27 | 2020-09-02  |             110 |              116 |                 111 |               112 |
| C6/0/1/U2 | SERRET-ROAD-RIGHT/CURIO/PASCAL-2   | 2020-07-27 | 2020-09-02  |             124 |              125 |                 124 |               125 |
| C6/0/1/U3 | SERRET-ROAD-LEFT/ST.LOUIS/TOWN-2   | 2020-07-27 | 2020-09-02  |             108 |              112 |                 108 |               109 |
| C6/0/2/U0 | SANS-SOUCIS-I                      | 2020-07-27 | 2020-09-02  |             110 |              111 |                 108 |               110 |
| C6/0/2/U1 | SANS-SOUCIS-II                     | 2020-07-27 | 2020-09-02  |             105 |              108 |                 105 |               107 |
| C6/0/2/U2 | BEL-AIR-27                         | 2020-07-27 | 2020-09-02  |             118 |              125 |                 118 |               121 |
| C6/0/2/U3 | BEL-AIR-38                         | 2020-07-27 | 2020-09-02  |              75 |               76 |                  75 |                76 |
| C6/0/3/U0 | LES-MAMELLES-23                    | 2020-07-27 | 2020-09-02  |              75 |               75 |                  75 |                76 |
| C6/0/3/U1 | VICTORIA-23                        | 2020-07-27 | 2020-09-02  |               9 |                9 |                   9 |                12 |
| C6/0/4/U0 | LES-MAMELLES-27                    | 2020-07-27 | 2020-09-02  |              82 |               82 |                  82 |                83 |
| C6/0/4/U1 | VICTORIA-27                        | 2020-07-27 | 2020-09-02  |              35 |               36 |                  36 |                36 |
| C7/1/0/U0 | LA-RETRAITE-23                     | 2020-07-27 | 2020-09-02  |             101 |              104 |                 101 |               102 |
| C7/1/0/U1 | TEA-FACTORY-23                     | 2020-07-27 | 2020-09-02  |              18 |               21 |                  20 |                22 |
| C7/1/0/U2 | PAS-23                             | 2020-07-27 | 2020-09-02  |              83 |               86 |                  83 |                87 |
| C7/1/1/U0 | REEF-ESTATE-23                     | 2020-07-27 | 2020-09-02  |              82 |               84 |                  82 |                83 |
| C7/1/2/U0 | LA-RETRAITE-27                     | 2020-07-27 | 2020-09-02  |              80 |               81 |                  80 |                84 |
| C7/1/2/U1 | TEA-FACTORY-27                     | 2020-07-27 | 2020-09-02  |              35 |               44 |                  36 |                37 |
| C7/1/2/U2 | PAS-27                             | 2020-07-27 | 2020-09-02  |             107 |              109 |                 107 |               110 |
| C7/1/3/U0 | MT-BUXTON-27                       | 2020-07-27 | 2020-09-02  |             164 |              166 |                 164 |               166 |
| C7/1/3/U1 | MT-BUXTON-23                       | 2020-07-27 | 2020-09-02  |              75 |               78 |                  76 |                76 |
| C7/1/4/U0 | REEF-ESTATE-27                     | 2020-07-27 | 2020-09-02  |              99 |              100 |                  99 |                99 |
| C8/0/0/U0 | POLICE-ACADEMY-1-27 - POINTE LARUE | 2020-07-27 | 2020-09-02  |             219 |              220 |                 219 |               219 |
| C8/0/0/U1 | NULL                               | 2020-07-27 | 2020-09-02  |             101 |              105 |                 101 |               103 |
| C8/0/1/U0 | NULL                               | 2020-07-27 | 2020-09-02  |             196 |              198 |                 195 |               196 |
| C8/0/1/U1 | POLICE-ACADEMY-2-27 - TURTLE BAY   | 2020-07-27 | 2020-09-02  |             160 |              164 |                 161 |               161 |
| C8/0/2/U0 | BEAU-VALLON-LEFT-1-57              | 2020-07-27 | 2020-09-02  |              29 |               29 |                  29 |                29 |
| C8/0/3/U1 | BEAU-VALLON-RIGHT-2-57             | 2020-07-27 | 2020-09-02  |              54 |               58 |                  54 |                54 |
| C8/1/0/U0 | MA-JOIE-NODE-27                    | 2020-07-27 | 2020-09-02  |              95 |               96 |                  95 |                97 |
| C8/1/0/U1 | BELONIE-27                         | 2020-07-27 | 2020-09-02  |             146 |              148 |                 145 |               150 |
| C8/1/0/U3 | MA-JOIE-NODE-23                    | 2020-07-27 | 2020-09-02  |             104 |              105 |                 103 |               105 |
| C8/1/1/U0 | 611-C1-ROJN I                      | 2020-07-27 | 2020-09-02  |             115 |              115 |                 115 |               115 |
| C8/1/1/U1 | 611-C5-ROJN II                     | 2020-07-27 | 2020-09-02  |             135 |              137 |                 135 |               136 |
| C8/1/2/U0 | 612-C2-ANSE-ETOILE                 | 2020-07-27 | 2020-09-02  |             132 |              132 |                 132 |               132 |
| C8/1/2/U1 | ANSE-ETOILE-U2                     | 2020-07-27 | 2020-09-02  |              72 |               74 |                  72 |                73 |
| C8/1/3/U0 | 613-C3-ANSE-GAULETTE I             | 2020-07-27 | 2020-09-02  |              73 |               77 |                  73 |                74 |
| C8/1/3/U1 | 613-C7-ANSE-GAULETTE II            | 2020-07-27 | 2020-09-02  |              70 |               74 |                  69 |                69 |
| C8/1/3/U2 | 613-C3-ANSE-GAULETTE III           | 2020-07-27 | 2020-09-02  |              35 |               38 |                  35 |                35 |
| C8/1/3/U3 | TAKAMAKA I                         | 2020-07-27 | 2020-09-02  |              98 |              101 |                  98 |               101 |
| C8/1/3/U4 | TAKAMAKA II                        | 2020-07-27 | 2020-09-02  |             102 |              104 |                 102 |               102 |
| C8/1/4/U0 | 614-BEOLIERE-NODE-1                | 2020-07-27 | 2020-09-02  |             120 |              126 |                 121 |               126 |
| C8/1/4/U1 | 614-BEOLIERE-NODE-2                | 2020-07-27 | 2020-09-02  |             101 |              101 |                 101 |               104 |
+-----------+------------------------------------+------------+-------------+-----------------+------------------+---------------------+-------------------+
68 rows in set (0.16 sec)

+-----------------------+------------+-------------+-----------------+------------------+----------------------+-------------------+
| MXK_NAME              | MXK_DATE   | INSERTED_ON | UNIQUE_ACCOUNTS | UNIQUE_CONTRACTS | UNIQUE_FSAN_INRCBOSS | UNIQUE_FSAN_INMXK |
+-----------------------+------------+-------------+-----------------+------------------+----------------------+-------------------+
| NULL                  | NULL       | 2020-09-02  |             769 |              781 |                  772 |                 0 |
| MXK-MAHE-ANSEETOILE   | 2020-07-27 | 2020-09-02  |             378 |              382 |                  381 |               398 |
| MXK-MAHE-ANSEROYALE   | 2020-07-27 | 2020-09-02  |             175 |              175 |                  174 |               198 |
| MXK-MAHE-BEAUVALLON-1 | 2020-07-27 | 2020-09-02  |            1807 |             1829 |                 1820 |              1919 |
| MXK-MAHE-BEAUVALLON-2 | 2020-07-27 | 2020-09-02  |              26 |               26 |                   26 |                30 |
| MXK-MAHE-PERSEVERANCE | 2020-07-27 | 2020-09-02  |            1059 |             1070 |                 1071 |              1241 |
| MXK-MAHE-PROVIDENCE   | 2020-07-27 | 2020-09-02  |             987 |             1015 |                  947 |              1192 |
| MXK-PRASLIN-GRANDANSE | 2020-07-27 | 2020-09-02  |            1300 |             1304 |                 1297 |              1514 |
+-----------------------+------------+-------------+-----------------+------------------+----------------------+-------------------+
8 rows in set (0.07 sec)

mysql> mysql \. C:\workspace\cloud\code\sql\_DailyScript\currenttime.sql
+---------------------+
| currenttime         |
+---------------------+
| 2020-09-02 11:00:38 |
+---------------------+
1 row in set (0.00 sec)

mysql> 
mysql> 
mysql> mysql \. C:\workspace\cloud\code\sql\Analysis\service_tickets_assignments.sql
Query OK, 0 rows affected (0.01 sec)

Query OK, 76371 rows affected (12.04 sec)
Records: 76371  Duplicates: 0  Warnings: 0

+-------------------------+
| rep_servicetickets_2020 |
+-------------------------+
|                   76371 |
+-------------------------+
1 row in set (1.95 sec)

mysql> mysql \. C:\workspace\cloud\code\sql\_DailyScript\currenttime.sql
+---------------------+
| currenttime         |
+---------------------+
| 2020-09-02 11:00:52 |
+---------------------+
1 row in set (0.00 sec)

mysql> 
mysql> 
mysql> exit
