    -> 
    -> mysql \. C:\workspace\cloud\code\sql\_DailyScript\_setdates.sql
Database changed
Query OK, 0 rows affected (0.00 sec)

Query OK, 0 rows affected (0.02 sec)

Query OK, 0 rows affected (0.00 sec)

Query OK, 0 rows affected (0.00 sec)

Query OK, 0 rows affected (0.00 sec)

Query OK, 0 rows affected (0.00 sec)

Query OK, 0 rows affected (0.00 sec)

Query OK, 0 rows affected (0.00 sec)

mysql> mysql \. C:\workspace\cloud\code\sql\_DailyScript\currenttime.sql
+---------------------+
| currenttime         |
+---------------------+
| 2019-02-11 08:45:01 |
+---------------------+
1 row in set (0.00 sec)

mysql> 
mysql> mysql \. C:\workspace\cloud\code\sql\_DailyScript\load_RCB_VODTITLES.sql
Database changed
Query OK, 0 rows affected (0.00 sec)

Query OK, 2596 rows affected (0.07 sec)

Query OK, 2598 rows affected, 2598 warnings (0.07 sec)
Records: 2598  Deleted: 0  Skipped: 0  Warnings: 2598

Query OK, 0 rows affected (0.00 sec)

Query OK, 2 rows affected (0.00 sec)

+-----------+
| VODTITLES |
+-----------+
|      3057 |
+-----------+
1 row in set (0.02 sec)

+-----------+-----------+
| titletype | typecount |
+-----------+-----------+
| E         |      1728 |
| N         |         1 |
| T         |       867 |
| NULL      |      2596 |
+-----------+-----------+
4 rows in set (0.00 sec)

mysql> mysql \. C:\workspace\cloud\code\sql\_DailyScript\currenttime.sql
+---------------------+
| currenttime         |
+---------------------+
| 2019-02-11 08:45:01 |
+---------------------+
1 row in set (0.00 sec)

mysql> 
mysql> mysql \. C:\workspace\cloud\code\sql\_DailyScript\DAILY-SCRIPT-LIVETV-STATS.sql
Database changed
Query OK, 0 rows affected (0.07 sec)

Query OK, 74913 rows affected (3 min 26.56 sec)
Records: 74913  Duplicates: 0  Warnings: 0

+------------+------------+----------+--------------+--------------+-----------+-------------+----------+--------+------+------------+---------+---------------+
| Table      | Non_unique | Key_name | Seq_in_index | Column_name  | Collation | Cardinality | Sub_part | Packed | Null | Index_type | Comment | Index_comment |
+------------+------------+----------+--------------+--------------+-----------+-------------+----------+--------+------+------------+---------+---------------+
| templivetv |          1 | idxtv1   |            1 | device       | A         |       74962 |     NULL | NULL   | YES  | BTREE      |         |               |
| templivetv |          1 | idxtv2   |            1 | sessionstart | A         |       74962 |     NULL | NULL   | YES  | BTREE      |         |               |
+------------+------------+----------+--------------+--------------+-----------+-------------+----------+--------+------+------------+---------+---------------+
2 rows in set (0.01 sec)

Query OK, 74900 rows affected (55.90 sec)
Records: 74900  Duplicates: 0  Warnings: 0

Query OK, 2801 rows affected (0.92 sec)
Records: 2801  Duplicates: 0  Warnings: 0

Query OK, 0 rows affected (0.00 sec)

Query OK, 0 rows affected (0.00 sec)

Query OK, 139 rows affected (0.08 sec)
Records: 139  Duplicates: 0  Warnings: 0

Query OK, 0 rows affected (0.03 sec)

Query OK, 57338 rows affected (3 min 34.11 sec)
Records: 57338  Duplicates: 0  Warnings: 0

+-----------------+
| rep_livetvstats |
+-----------------+
|           57338 |
+-----------------+
1 row in set (0.02 sec)

mysql> mysql \. C:\workspace\cloud\code\sql\_DailyScript\currenttime.sql
+---------------------+
| currenttime         |
+---------------------+
| 2019-02-11 08:52:59 |
+---------------------+
1 row in set (0.00 sec)

mysql> 
mysql> mysql \. C:\workspace\cloud\code\sql\_DailyScript\DAILY-SCRIPT-VODTS-STATS.sql
Database changed
Query OK, 0 rows affected (0.09 sec)

Query OK, 2744 rows affected (9.07 sec)
Records: 2744  Duplicates: 0  Warnings: 0

+---------+------------+----------+--------------+--------------+-----------+-------------+----------+--------+------+------------+---------+---------------+
| Table   | Non_unique | Key_name | Seq_in_index | Column_name  | Collation | Cardinality | Sub_part | Packed | Null | Index_type | Comment | Index_comment |
+---------+------------+----------+--------------+--------------+-----------+-------------+----------+--------+------+------------+---------+---------------+
| tempvod |          1 | idxtvod1 |            1 | device       | A         |        2734 |     NULL | NULL   | YES  | BTREE      |         |               |
| tempvod |          1 | idxtvod2 |            1 | sessionstart | A         |        2734 |     NULL | NULL   | YES  | BTREE      |         |               |
+---------+------------+----------+--------------+--------------+-----------+-------------+----------+--------+------+------------+---------+---------------+
2 rows in set (0.00 sec)

Query OK, 2744 rows affected (1.78 sec)
Records: 2744  Duplicates: 0  Warnings: 0

Query OK, 0 rows affected (0.03 sec)

Query OK, 139933 rows affected (15.20 sec)
Records: 139933  Duplicates: 0  Warnings: 0

+--------------+
| rep_vodstats |
+--------------+
|       139933 |
+--------------+
1 row in set (0.06 sec)

Database changed
Query OK, 0 rows affected (0.03 sec)

Query OK, 13146 rows affected (1 min 0.86 sec)
Records: 13146  Duplicates: 0  Warnings: 0

+--------+------------+----------+--------------+--------------+-----------+-------------+----------+--------+------+------------+---------+---------------+
| Table  | Non_unique | Key_name | Seq_in_index | Column_name  | Collation | Cardinality | Sub_part | Packed | Null | Index_type | Comment | Index_comment |
+--------+------------+----------+--------------+--------------+-----------+-------------+----------+--------+------+------------+---------+---------------+
| tempts |          1 | idxtts1  |            1 | device       | A         |       13365 |     NULL | NULL   | YES  | BTREE      |         |               |
| tempts |          1 | idxtts2  |            1 | sessionstart | A         |       13365 |     NULL | NULL   | YES  | BTREE      |         |               |
+--------+------------+----------+--------------+--------------+-----------+-------------+----------+--------+------+------------+---------+---------------+
2 rows in set (0.00 sec)

Query OK, 13146 rows affected (12.39 sec)
Records: 13146  Duplicates: 0  Warnings: 0

Query OK, 0 rows affected (0.07 sec)

Query OK, 15923 rows affected (1 min 17.44 sec)
Records: 15923  Duplicates: 0  Warnings: 0

+-------------+
| rep_tsstats |
+-------------+
|       15923 |
+-------------+
1 row in set (0.02 sec)

mysql> mysql \. C:\workspace\cloud\code\sql\_DailyScript\currenttime.sql
+---------------------+
| currenttime         |
+---------------------+
| 2019-02-11 08:55:56 |
+---------------------+
1 row in set (0.00 sec)

mysql> 
mysql> mysql \. C:\workspace\cloud\code\sql\_DailyScript\DAILY-SCRIPT-RADIO-STATS.sql
Database changed
Query OK, 0 rows affected (0.03 sec)

Query OK, 121771 rows affected (2.45 sec)
Records: 121771  Duplicates: 0  Warnings: 0

+-----------+------------+----------+--------------+--------------+-----------+-------------+----------+--------+------+------------+---------+---------------+
| Table     | Non_unique | Key_name | Seq_in_index | Column_name  | Collation | Cardinality | Sub_part | Packed | Null | Index_type | Comment | Index_comment |
+-----------+------------+----------+--------------+--------------+-----------+-------------+----------+--------+------+------------+---------+---------------+
| tempradio |          1 | idxtrad1 |            1 | device       | A         |      122478 |     NULL | NULL   | YES  | BTREE      |         |               |
| tempradio |          1 | idxtrad2 |            1 | sessionstart | A         |      122478 |     NULL | NULL   | YES  | BTREE      |         |               |
+-----------+------------+----------+--------------+--------------+-----------+-------------+----------+--------+------+------------+---------+---------------+
2 rows in set (0.00 sec)

Query OK, 188 rows affected (1.41 sec)
Records: 188  Duplicates: 0  Warnings: 0

Query OK, 0 rows affected (0.02 sec)

Query OK, 2203 rows affected (0.22 sec)
Records: 2203  Duplicates: 0  Warnings: 0

+----------------+
| rep_radiostats |
+----------------+
|           2203 |
+----------------+
1 row in set (0.00 sec)

mysql> mysql \. C:\workspace\cloud\code\sql\_DailyScript\currenttime.sql
+---------------------+
| currenttime         |
+---------------------+
| 2019-02-11 08:56:00 |
+---------------------+
1 row in set (0.00 sec)

mysql> 
mysql> mysql \. C:\workspace\cloud\code\sql\_DailyScript\DAILY_SCRIPT_TELEMETRY_PIVOT.sql
Query OK, 0 rows affected (0.00 sec)

Query OK, 146 rows affected (0.15 sec)
Records: 146  Duplicates: 0  Warnings: 0

Query OK, 0 rows affected (0.02 sec)

Query OK, 2034 rows affected (0.39 sec)
Records: 2034  Duplicates: 0  Warnings: 0

Query OK, 0 rows affected (0.00 sec)

Query OK, 6 rows affected (0.08 sec)
Records: 6  Duplicates: 0  Warnings: 0

Query OK, 0 rows affected (0.01 sec)

Query OK, 38 rows affected (0.02 sec)
Records: 38  Duplicates: 0  Warnings: 0

mysql> mysql \. C:\workspace\cloud\code\sql\_DailyScript\currenttime.sql
+---------------------+
| currenttime         |
+---------------------+
| 2019-02-11 08:56:01 |
+---------------------+
1 row in set (0.00 sec)

mysql> 
mysql> mysql \. C:\workspace\cloud\code\sql\_DailyScript\telemetry_livetv_ranking2019.sql
Query OK, 0 rows affected (0.00 sec)

Query OK, 146 rows affected (0.03 sec)
Records: 146  Duplicates: 0  Warnings: 0

mysql> mysql \. C:\workspace\cloud\code\sql\_DailyScript\currenttime.sql
+---------------------+
| currenttime         |
+---------------------+
| 2019-02-11 08:56:01 |
+---------------------+
1 row in set (0.00 sec)

mysql> 
mysql> mysql \. C:\workspace\cloud\code\sql\_DailyScript\telemetry_radio_ranking2019.sql
Query OK, 0 rows affected (0.02 sec)

Query OK, 6 rows affected (0.03 sec)
Records: 6  Duplicates: 0  Warnings: 0

mysql> mysql \. C:\workspace\cloud\code\sql\_DailyScript\currenttime.sql
+---------------------+
| currenttime         |
+---------------------+
| 2019-02-11 08:56:01 |
+---------------------+
1 row in set (0.00 sec)

mysql> 
mysql> mysql \. C:\workspace\cloud\code\sql\_DailyScript\telemetry_ts_ranking2019.sql
Query OK, 0 rows affected (0.01 sec)

Query OK, 38 rows affected (0.03 sec)
Records: 38  Duplicates: 0  Warnings: 0

mysql> mysql \. C:\workspace\cloud\code\sql\_DailyScript\currenttime.sql
+---------------------+
| currenttime         |
+---------------------+
| 2019-02-11 08:56:01 |
+---------------------+
1 row in set (0.00 sec)

mysql> 
mysql> mysql \. C:\workspace\cloud\code\sql\_DailyScript\telemetry_vod_ranking2019.sql
Query OK, 0 rows affected (0.03 sec)

Query OK, 2034 rows affected (0.10 sec)
Records: 2034  Duplicates: 0  Warnings: 0

mysql> mysql \. C:\workspace\cloud\code\sql\_DailyScript\currenttime.sql
+---------------------+
| currenttime         |
+---------------------+
| 2019-02-11 08:56:01 |
+---------------------+
1 row in set (0.00 sec)

mysql> 
mysql> mysql \. C:\workspace\cloud\code\sql\_DailyScript\telemetry_vod_ranking2019_1.sql
Query OK, 0 rows affected (0.00 sec)

Query OK, 2034 rows affected (0.05 sec)
Records: 2034  Duplicates: 0  Warnings: 0

mysql> mysql \. C:\workspace\cloud\code\sql\_DailyScript\currenttime.sql
+---------------------+
| currenttime         |
+---------------------+
| 2019-02-11 08:56:02 |
+---------------------+
1 row in set (0.00 sec)

mysql> 
mysql> mysql \. C:\workspace\cloud\code\sql\_DailyScript\telemetry_vod_ranking2019_2.sql
Query OK, 0 rows affected (0.00 sec)

Query OK, 2034 rows affected (0.15 sec)
Records: 2034  Duplicates: 0  Warnings: 0

mysql> mysql \. C:\workspace\cloud\code\sql\_DailyScript\currenttime.sql
+---------------------+
| currenttime         |
+---------------------+
| 2019-02-11 08:56:02 |
+---------------------+
1 row in set (0.00 sec)

mysql> 
mysql> mysql \. C:\workspace\cloud\code\sql\_DailyScript\DAILY-SCRIPT-CREATE-LOAD.sql
Database changed
Database changed
Query OK, 0 rows affected (0.23 sec)

Query OK, 0 rows affected (0.01 sec)

Database changed
Query OK, 64886 rows affected (3.41 sec)
Records: 64886  Deleted: 0  Skipped: 0  Warnings: 0

Query OK, 0 rows affected (0.33 sec)
Records: 0  Duplicates: 0  Warnings: 0

Query OK, 0 rows affected (0.27 sec)
Records: 0  Duplicates: 0  Warnings: 0

Query OK, 0 rows affected (0.34 sec)
Records: 0  Duplicates: 0  Warnings: 0

Query OK, 0 rows affected (0.30 sec)
Records: 0  Duplicates: 0  Warnings: 0

+---------+
| clients |
+---------+
|   64886 |
+---------+
1 row in set (0.02 sec)

Query OK, 0 rows affected (0.01 sec)

Query OK, 1578 rows affected (0.64 sec)
Records: 1578  Duplicates: 0  Warnings: 0

+-------------------+
| rcb_clientparcels |
+-------------------+
|              1578 |
+-------------------+
1 row in set (0.02 sec)

Query OK, 0 rows affected (0.00 sec)

Query OK, 83937 rows affected (3.97 sec)
Records: 83937  Duplicates: 0  Warnings: 0

Query OK, 0 rows affected (0.32 sec)
Records: 0  Duplicates: 0  Warnings: 0

Query OK, 0 rows affected (0.12 sec)

Query OK, 64886 rows affected (3.19 sec)
Records: 64886  Duplicates: 0  Warnings: 0

Query OK, 0 rows affected (0.24 sec)
Records: 0  Duplicates: 0  Warnings: 0

Query OK, 0 rows affected (0.51 sec)
Records: 0  Duplicates: 0  Warnings: 0

Query OK, 0 rows affected (0.30 sec)
Records: 0  Duplicates: 0  Warnings: 0

+---------------+
| clientaddress |
+---------------+
|         64886 |
+---------------+
1 row in set (0.03 sec)

Database changed
Query OK, 0 rows affected (0.07 sec)

Query OK, 0 rows affected (0.00 sec)

Database changed
Query OK, 465068 rows affected, 65535 warnings (18.67 sec)
Records: 465068  Deleted: 0  Skipped: 0  Warnings: 178246

Query OK, 0 rows affected (2.11 sec)
Records: 0  Duplicates: 0  Warnings: 0

Query OK, 0 rows affected (3.06 sec)
Records: 0  Duplicates: 0  Warnings: 0

Query OK, 0 rows affected (1.60 sec)
Records: 0  Duplicates: 0  Warnings: 0

Query OK, 0 rows affected (0.03 sec)

Query OK, 465068 rows affected (53.01 sec)
Records: 465068  Duplicates: 0  Warnings: 0

Query OK, 0 rows affected (2.47 sec)
Records: 0  Duplicates: 0  Warnings: 0

Query OK, 0 rows affected (1.89 sec)
Records: 0  Duplicates: 0  Warnings: 0

+-----------+
| contracts |
+-----------+
|    465068 |
+-----------+
1 row in set (0.18 sec)

+-----------------+
| contractaddress |
+-----------------+
|          465068 |
+-----------------+
1 row in set (0.16 sec)

Database changed
Query OK, 0 rows affected (0.00 sec)

Query OK, 0 rows affected (0.03 sec)

Query OK, 6445 rows affected (0.10 sec)
Records: 6445  Deleted: 0  Skipped: 0  Warnings: 0

Query OK, 0 rows affected (0.05 sec)

Query OK, 6415 rows affected (0.40 sec)
Records: 6415  Duplicates: 0  Warnings: 0

Query OK, 0 rows affected (0.03 sec)
Records: 0  Duplicates: 0  Warnings: 0

Query OK, 0 rows affected (0.02 sec)

Query OK, 5292 rows affected (0.07 sec)
Records: 5292  Duplicates: 0  Warnings: 0

Query OK, 0 rows affected (0.09 sec)
Records: 0  Duplicates: 0  Warnings: 0

+-------------------+
| contractdiscounts |
+-------------------+
|              6445 |
+-------------------+
1 row in set (0.00 sec)

+-------------------------+
| clientcontractdiscounts |
+-------------------------+
|                    6415 |
+-------------------------+
1 row in set (0.01 sec)

+----------------------------+
| clientcontractlastdiscount |
+----------------------------+
|                       5292 |
+----------------------------+
1 row in set (0.00 sec)

Database changed
Query OK, 0 rows affected (0.06 sec)

Query OK, 0 rows affected (0.04 sec)

Database changed
Query OK, 126489 rows affected (2.84 sec)
Records: 126489  Deleted: 0  Skipped: 0  Warnings: 0

Query OK, 0 rows affected (0.27 sec)
Records: 0  Duplicates: 0  Warnings: 0

Query OK, 0 rows affected (0.37 sec)
Records: 0  Duplicates: 0  Warnings: 0

Query OK, 0 rows affected (0.32 sec)
Records: 0  Duplicates: 0  Warnings: 0

Query OK, 0 rows affected (0.29 sec)
Records: 0  Duplicates: 0  Warnings: 0

Query OK, 0 rows affected (0.74 sec)
Records: 0  Duplicates: 0  Warnings: 0

Query OK, 0 rows affected (0.58 sec)
Records: 0  Duplicates: 0  Warnings: 0

Query OK, 0 rows affected (0.10 sec)

Query OK, 1587551 rows affected (2 min 44.32 sec)
Records: 1587551  Duplicates: 0  Warnings: 0

+---------+
| devices |
+---------+
|  126489 |
+---------+
1 row in set (0.06 sec)

+-----------------------+
| clientcontractdevices |
+-----------------------+
|               1587551 |
+-----------------------+
1 row in set (0.67 sec)

Query OK, 0 rows affected (0.44 sec)

Query OK, 126476 rows affected (7.11 sec)
Records: 126476  Duplicates: 0  Warnings: 0

+---------------------------+
| rep_clientcontractdevices |
+---------------------------+
|                    126476 |
+---------------------------+
1 row in set (0.05 sec)

Database changed
Query OK, 0 rows affected (0.01 sec)

Query OK, 0 rows affected (0.02 sec)

Query OK, 234734 rows affected (8.49 sec)
Records: 234734  Deleted: 0  Skipped: 0  Warnings: 0

Query OK, 0 rows affected (0.85 sec)
Records: 0  Duplicates: 0  Warnings: 0

Query OK, 0 rows affected (1.23 sec)
Records: 0  Duplicates: 0  Warnings: 0

Query OK, 0 rows affected (0.70 sec)
Records: 0  Duplicates: 0  Warnings: 0

Query OK, 0 rows affected (0.92 sec)
Records: 0  Duplicates: 0  Warnings: 0

+---------+
| tickets |
+---------+
|  234734 |
+---------+
1 row in set (0.08 sec)

Database changed
Query OK, 0 rows affected (0.00 sec)

Query OK, 0 rows affected (0.00 sec)

Empty set (0.00 sec)

Query OK, 0 rows affected (0.01 sec)
Records: 0  Duplicates: 0  Warnings: 0

Query OK, 305 rows affected, 2 warnings (0.01 sec)
Records: 305  Deleted: 0  Skipped: 0  Warnings: 2

+-----------------+
| tickettechusers |
+-----------------+
|             305 |
+-----------------+
1 row in set (0.00 sec)

Database changed
Query OK, 0 rows affected (0.02 sec)

Query OK, 0 rows affected (0.00 sec)

Query OK, 0 rows affected (0.02 sec)
Records: 0  Duplicates: 0  Warnings: 0

Query OK, 479444 rows affected, 40992 warnings (11.68 sec)
Records: 479444  Deleted: 0  Skipped: 0  Warnings: 40992

+-------------------+
| ticketassignments |
+-------------------+
|            479444 |
+-------------------+
1 row in set (0.17 sec)

Database changed
Query OK, 0 rows affected (0.07 sec)

Query OK, 0 rows affected (0.00 sec)

Query OK, 1009243 rows affected (17.17 sec)
Records: 1009243  Deleted: 0  Skipped: 0  Warnings: 0

Query OK, 0 rows affected (4.04 sec)
Records: 0  Duplicates: 0  Warnings: 0

Query OK, 0 rows affected (3.09 sec)
Records: 0  Duplicates: 0  Warnings: 0

Query OK, 0 rows affected (2.77 sec)
Records: 0  Duplicates: 0  Warnings: 0

Query OK, 0 rows affected (2.94 sec)
Records: 0  Duplicates: 0  Warnings: 0

+----------------+
| ticketcomments |
+----------------+
|        1009243 |
+----------------+
1 row in set (0.37 sec)

Database changed
Query OK, 0 rows affected (0.01 sec)

Query OK, 0 rows affected (0.00 sec)

Query OK, 391829 rows affected (41.61 sec)
Records: 391829  Deleted: 0  Skipped: 0  Warnings: 0

Query OK, 0 rows affected (2.66 sec)
Records: 0  Duplicates: 0  Warnings: 0

+----------+
| comments |
+----------+
|   391829 |
+----------+
1 row in set (0.13 sec)

Database changed
Query OK, 0 rows affected (0.79 sec)

Query OK, 0 rows affected (0.00 sec)

Query OK, 642221 rows affected, 65535 warnings (59.24 sec)
Records: 642221  Deleted: 0  Skipped: 0  Warnings: 642222

Query OK, 0 rows affected (1.57 sec)
Records: 0  Duplicates: 0  Warnings: 0

Query OK, 0 rows affected (1.88 sec)
Records: 0  Duplicates: 0  Warnings: 0

Query OK, 0 rows affected (2.09 sec)
Records: 0  Duplicates: 0  Warnings: 0

Query OK, 0 rows affected (1.93 sec)
Records: 0  Duplicates: 0  Warnings: 0

Query OK, 0 rows affected (3.04 sec)
Records: 0  Duplicates: 0  Warnings: 0

+------------+
| devicesold |
+------------+
|     642221 |
+------------+
1 row in set (0.27 sec)

Database changed
Query OK, 0 rows affected (0.10 sec)

Query OK, 0 rows affected (0.00 sec)

Query OK, 1580889 rows affected (27.86 sec)
Records: 1580889  Deleted: 0  Skipped: 0  Warnings: 0

Query OK, 0 rows affected (4.33 sec)
Records: 0  Duplicates: 0  Warnings: 0

Query OK, 0 rows affected (4.86 sec)
Records: 0  Duplicates: 0  Warnings: 0

Query OK, 0 rows affected (4.69 sec)
Records: 0  Duplicates: 0  Warnings: 0

+------------------+
| contractservices |
+------------------+
|          1580889 |
+------------------+
1 row in set (0.54 sec)

Database changed
Query OK, 0 rows affected (0.19 sec)

Query OK, 0 rows affected (0.01 sec)

Query OK, 3476389 rows affected (2 min 3.55 sec)
Records: 3476389  Deleted: 0  Skipped: 0  Warnings: 0

Query OK, 0 rows affected (13.26 sec)
Records: 0  Duplicates: 0  Warnings: 0

Query OK, 0 rows affected (15.56 sec)
Records: 0  Duplicates: 0  Warnings: 0

Query OK, 0 rows affected (15.26 sec)
Records: 0  Duplicates: 0  Warnings: 0

Query OK, 0 rows affected (13.88 sec)
Records: 0  Duplicates: 0  Warnings: 0

+------------------+
| invoicescontents |
+------------------+
|          3476389 |
+------------------+
1 row in set (1.23 sec)

Database changed
Query OK, 0 rows affected (0.15 sec)

Query OK, 0 rows affected (0.00 sec)

Query OK, 2381082 rows affected (3 min 11.46 sec)
Records: 2381082  Deleted: 0  Skipped: 0  Warnings: 0

Query OK, 0 rows affected (16.58 sec)
Records: 0  Duplicates: 0  Warnings: 0

Query OK, 0 rows affected (12.73 sec)
Records: 0  Duplicates: 0  Warnings: 0

Query OK, 0 rows affected (11.14 sec)
Records: 0  Duplicates: 0  Warnings: 0

Query OK, 0 rows affected (12.30 sec)
Records: 0  Duplicates: 0  Warnings: 0

Query OK, 0 rows affected (12.56 sec)
Records: 0  Duplicates: 0  Warnings: 0

+----------------+
| invoicesheader |
+----------------+
|        2381082 |
+----------------+
1 row in set (0.85 sec)

Database changed
Query OK, 0 rows affected (0.13 sec)

Query OK, 0 rows affected (0.01 sec)

Query OK, 2529068 rows affected (1 min 23.28 sec)
Records: 2529068  Deleted: 0  Skipped: 0  Warnings: 0

Query OK, 0 rows affected (9.09 sec)
Records: 0  Duplicates: 0  Warnings: 0

Query OK, 0 rows affected (10.28 sec)
Records: 0  Duplicates: 0  Warnings: 0

Query OK, 0 rows affected (9.19 sec)
Records: 0  Duplicates: 0  Warnings: 0

Query OK, 0 rows affected (9.30 sec)
Records: 0  Duplicates: 0  Warnings: 0

+---------+
| casa    |
+---------+
| 2529068 |
+---------+
1 row in set (0.89 sec)

Query OK, 0 rows affected (0.02 sec)

Query OK, 11760 rows affected (1 min 12.75 sec)
Records: 11760  Duplicates: 0  Warnings: 0

+--------------------+
| rep_paycol_channel |
+--------------------+
|              11760 |
+--------------------+
1 row in set (0.00 sec)

Query OK, 0 rows affected (0.00 sec)

Query OK, 7880 rows affected (1 min 27.04 sec)
Records: 7880  Duplicates: 0  Warnings: 0

+----------------+
| rep_paycol_pos |
+----------------+
|           7880 |
+----------------+
1 row in set (0.00 sec)

Database changed
Query OK, 0 rows affected (0.00 sec)

Query OK, 0 rows affected (0.00 sec)

Database changed
Query OK, 37604 rows affected (0.89 sec)
Records: 37604  Deleted: 0  Skipped: 0  Warnings: 0

+-------+
| users |
+-------+
| 37604 |
+-------+
1 row in set (0.01 sec)

Database changed
Query OK, 0 rows affected (0.15 sec)

Query OK, 0 rows affected (0.01 sec)

Database changed
Query OK, 6586194 rows affected (1 min 26.32 sec)
Records: 6586194  Deleted: 0  Skipped: 0  Warnings: 0

Query OK, 0 rows affected (25.09 sec)
Records: 0  Duplicates: 0  Warnings: 0

Query OK, 0 rows affected (24.42 sec)
Records: 0  Duplicates: 0  Warnings: 0

Query OK, 0 rows affected (24.33 sec)
Records: 0  Duplicates: 0  Warnings: 0

Query OK, 0 rows affected (21.46 sec)
Records: 0  Duplicates: 0  Warnings: 0

+----------+
| ipusage1 |
+----------+
|  6586194 |
+----------+
1 row in set (2.30 sec)

Query OK, 0 rows affected (0.07 sec)

Query OK, 6631686 rows affected, 65535 warnings (8 min 19.53 sec)
Records: 6631686  Duplicates: 0  Warnings: 6622438

Query OK, 0 rows affected (23.95 sec)
Records: 0  Duplicates: 0  Warnings: 0

Query OK, 0 rows affected (24.36 sec)
Records: 0  Duplicates: 0  Warnings: 0

Query OK, 0 rows affected (24.25 sec)
Records: 0  Duplicates: 0  Warnings: 0

Query OK, 0 rows affected (24.05 sec)
Records: 0  Duplicates: 0  Warnings: 0

Query OK, 0 rows affected (33.45 sec)
Records: 0  Duplicates: 0  Warnings: 0

Query OK, 0 rows affected (42.54 sec)
Records: 0  Duplicates: 0  Warnings: 0

Query OK, 0 rows affected (35.71 sec)
Records: 0  Duplicates: 0  Warnings: 0

+---------+
| ipusage |
+---------+
| 6631686 |
+---------+
1 row in set (2.66 sec)

Query OK, 0 rows affected (0.04 sec)

Query OK, 2645173 rows affected (1 min 56.98 sec)
Records: 2645173  Duplicates: 0  Warnings: 0

Query OK, 0 rows affected (12.43 sec)
Records: 0  Duplicates: 0  Warnings: 0

Query OK, 0 rows affected (8.26 sec)
Records: 0  Duplicates: 0  Warnings: 0

Query OK, 0 rows affected (10.99 sec)
Records: 0  Duplicates: 0  Warnings: 0

Query OK, 0 rows affected (14.04 sec)
Records: 0  Duplicates: 0  Warnings: 0

Query OK, 0 rows affected (0.10 sec)

Query OK, 242714 rows affected (21.53 sec)
Records: 242714  Duplicates: 0  Warnings: 0

Query OK, 0 rows affected (0.96 sec)
Records: 0  Duplicates: 0  Warnings: 0

Query OK, 0 rows affected (0.88 sec)
Records: 0  Duplicates: 0  Warnings: 0

Query OK, 0 rows affected (1.00 sec)
Records: 0  Duplicates: 0  Warnings: 0

Query OK, 0 rows affected (0.57 sec)
Records: 0  Duplicates: 0  Warnings: 0

Query OK, 0 rows affected (0.82 sec)
Records: 0  Duplicates: 0  Warnings: 0

mysql> mysql \. C:\workspace\cloud\code\sql\_DailyScript\currenttime.sql
+---------------------+
| currenttime         |
+---------------------+
| 2019-02-11 09:34:18 |
+---------------------+
1 row in set (0.00 sec)

mysql> 
mysql> mysql \. C:\workspace\cloud\code\sql\_DailyScript\ticket_analysis.sql
Database changed
Query OK, 0 rows affected (0.23 sec)

Query OK, 370232 rows affected (22.85 sec)
Records: 370232  Duplicates: 0  Warnings: 0

Query OK, 0 rows affected (2.00 sec)
Records: 0  Duplicates: 0  Warnings: 0

Query OK, 0 rows affected (1.42 sec)
Records: 0  Duplicates: 0  Warnings: 0

Query OK, 0 rows affected (1.48 sec)
Records: 0  Duplicates: 0  Warnings: 0

Query OK, 0 rows affected (0.13 sec)

Query OK, 14188 rows affected (8.43 sec)
Records: 14188  Duplicates: 0  Warnings: 0

Query OK, 0 rows affected, 1 warning (0.00 sec)

Query OK, 50811 rows affected (4.51 sec)
Records: 50811  Duplicates: 0  Warnings: 0

Query OK, 0 rows affected, 1 warning (0.00 sec)

Query OK, 262609 rows affected (10.19 sec)
Records: 262609  Duplicates: 0  Warnings: 0

Query OK, 0 rows affected, 1 warning (0.02 sec)

Query OK, 262609 rows affected (10.42 sec)
Records: 262609  Duplicates: 0  Warnings: 0

Query OK, 0 rows affected (0.02 sec)

Query OK, 50849 rows affected (4.71 sec)
Records: 50849  Duplicates: 0  Warnings: 0

Database changed
Query OK, 0 rows affected (0.00 sec)

Query OK, 0 rows affected (0.02 sec)

Query OK, 370232 rows affected (19.98 sec)
Records: 370232  Duplicates: 0  Warnings: 0

Query OK, 0 rows affected (0.02 sec)

Query OK, 171997 rows affected (11.47 sec)
Records: 171997  Duplicates: 0  Warnings: 0

+--------------------------+
| clientticket_cmmtjourney |
+--------------------------+
|                   370232 |
+--------------------------+
1 row in set (0.66 sec)

+---------------------------+
| clientticket_assgnjourney |
+---------------------------+
|                    171997 |
+---------------------------+
1 row in set (0.23 sec)

Query OK, 0 rows affected (0.00 sec)

Query OK, 59 rows affected (0.08 sec)
Records: 59  Duplicates: 0  Warnings: 0

mysql> mysql \. C:\workspace\cloud\code\sql\_DailyScript\currenttime.sql
+---------------------+
| currenttime         |
+---------------------+
| 2019-02-11 09:35:57 |
+---------------------+
1 row in set (0.00 sec)

mysql> 
mysql> mysql \. C:\workspace\cloud\code\sql\_DailyScript\load_DailyCalls.sql
Database changed
Query OK, 198 rows affected (0.28 sec)
Records: 198  Deleted: 0  Skipped: 0  Warnings: 0

Query OK, 0 rows affected, 1 warning (0.00 sec)

Query OK, 189 rows affected (0.18 sec)
Records: 189  Duplicates: 0  Warnings: 0

Query OK, 0 rows affected, 1 warning (0.00 sec)

Query OK, 66219 rows affected (0.60 sec)
Records: 66219  Duplicates: 0  Warnings: 0

+----------------------+
| callingclientsbefore |
+----------------------+
|               619272 |
+----------------------+
1 row in set (2.76 sec)

Query OK, 254 rows affected (4.97 sec)
Records: 254  Duplicates: 0  Warnings: 0

+---------------------+
| callingclientsafter |
+---------------------+
|              619526 |
+---------------------+
1 row in set (0.24 sec)

Query OK, 0 rows affected (0.00 sec)

Query OK, 143 rows affected (4.48 sec)
Records: 143  Duplicates: 0  Warnings: 0

Query OK, 0 rows affected (0.00 sec)

Query OK, 12794 rows affected (2.26 sec)
Records: 12794  Duplicates: 0  Warnings: 0

+-----------+
| callstats |
+-----------+
|     12794 |
+-----------+
1 row in set (0.00 sec)

mysql> mysql \. C:\workspace\cloud\code\sql\_DailyScript\currenttime.sql
+---------------------+
| currenttime         |
+---------------------+
| 2019-02-11 09:36:12 |
+---------------------+
1 row in set (0.00 sec)

mysql> 
mysql> mysql \. C:\workspace\cloud\code\sql\_DailyScript\DAILY-SCRIPT-USAGE.sql
Database changed
Query OK, 0 rows affected (0.00 sec)

Query OK, 5932 rows affected, 17210 warnings (3.79 sec)
Records: 5932  Deleted: 0  Skipped: 0  Warnings: 17210

Query OK, 0 rows affected (0.00 sec)

Query OK, 10938 rows affected, 31648 warnings (3.79 sec)
Records: 10938  Deleted: 0  Skipped: 0  Warnings: 31648

Query OK, 0 rows affected (0.00 sec)

Query OK, 82 rows affected, 274 warnings (0.03 sec)
Records: 82  Deleted: 0  Skipped: 0  Warnings: 274

Query OK, 0 rows affected (0.00 sec)

Query OK, 220 rows affected, 752 warnings (0.04 sec)
Records: 220  Deleted: 0  Skipped: 0  Warnings: 752

+------------+
| dailyusage |
+------------+
|    4145654 |
+------------+
1 row in set (5.35 sec)

+------------+------------+------------+---------+
| datestart  | dateend    | insertedon | records |
+------------+------------+------------+---------+
| 2019-02-10 | 2019-02-10 | 2019-02-11 |   17172 |
| 2019-02-09 | 2019-02-09 | 2019-02-10 |   17549 |
| 2019-02-08 | 2019-02-08 | 2019-02-09 |   17431 |
| 2019-02-07 | 2019-02-07 | 2019-02-08 |   17567 |
| 2019-02-06 | 2019-02-06 | 2019-02-07 |   17674 |
+------------+------------+------------+---------+
5 rows in set (31.29 sec)

mysql> mysql \. C:\workspace\cloud\code\sql\_DailyScript\currenttime.sql
+---------------------+
| currenttime         |
+---------------------+
| 2019-02-11 09:36:57 |
+---------------------+
1 row in set (0.01 sec)

mysql> 
mysql> mysql \. C:\workspace\cloud\code\sql\_DailyScript\DAILY-SCRIPT-SALES-TELEMETRY.sql
Database changed
Query OK, 14 rows affected (0.02 sec)
Records: 14  Deleted: 0  Skipped: 0  Warnings: 0

+------------+
| dailysales |
+------------+
|     141538 |
+------------+
1 row in set (0.48 sec)

Query OK, 0 rows affected (0.04 sec)

Query OK, 141538 rows affected (10.53 sec)
Records: 141538  Duplicates: 0  Warnings: 0

+--------+
| sales  |
+--------+
| 141538 |
+--------+
1 row in set (0.07 sec)

Query OK, 0 rows affected (0.03 sec)

Query OK, 2292 rows affected (0.59 sec)
Records: 2292  Duplicates: 0  Warnings: 0

+-----------+
| saleslist |
+-----------+
|      2292 |
+-----------+
1 row in set (0.00 sec)

Database changed
ERROR 2 (HY000): File 'C:\ProgramData\MySQL\MySQL Server 5.7\Uploads\_csv\PrepaidCardSales-10022019-P1.csv' not found (Errcode: 2 - No such file or directory)
+------------------+
| dailysinglesales |
+------------------+
|             5433 |
+------------------+
1 row in set (0.01 sec)

Database changed
Query OK, 8 rows affected (0.02 sec)
Records: 8  Deleted: 0  Skipped: 0  Warnings: 0

+-----------------+
| dailyaddonsales |
+-----------------+
|           14789 |
+-----------------+
1 row in set (0.06 sec)

Query OK, 53 rows affected (0.07 sec)
Records: 53  Deleted: 0  Skipped: 0  Warnings: 0

+----------------+
| onlinepayments |
+----------------+
|          43659 |
+----------------+
1 row in set (0.07 sec)

+-------------+----------------+---------------------+
| paymentdate | onlinepayments | onlinepaymentamount |
+-------------+----------------+---------------------+
| 2019-02-10  |             53 |         28621.61000 |
| 2019-02-09  |             86 |         47911.70000 |
| 2019-02-08  |             81 |         46049.07000 |
| 2019-02-07  |             71 |         48152.56000 |
| 2019-02-06  |             75 |         54637.16000 |
+-------------+----------------+---------------------+
5 rows in set (0.27 sec)

+-------------+--------------+----------------+---------------------+
| paymentyear | paymentmonth | onlinepayments | onlinepaymentamount |
+-------------+--------------+----------------+---------------------+
|        2019 |            2 |            859 |        564726.40000 |
|        2019 |            1 |           2609 |       1678277.98000 |
|        2019 |         NULL |           3468 |       2243004.38000 |
|        2018 |           12 |           2480 |       1616678.80000 |
|        2018 |           11 |           2605 |       1578302.71000 |
+-------------+--------------+----------------+---------------------+
5 rows in set (0.04 sec)

mysql> mysql \. C:\workspace\cloud\code\sql\_DailyScript\currenttime.sql
+---------------------+
| currenttime         |
+---------------------+
| 2019-02-11 09:37:09 |
+---------------------+
1 row in set (0.00 sec)

mysql> 
mysql> mysql \. C:\workspace\cloud\code\sql\_DailyScript\DAILY-SCRIPT-ACTIVENUMBERS.sql
Database changed
Query OK, 1338 rows affected (1.37 sec)
Records: 1338  Deleted: 0  Skipped: 0  Warnings: 0

+------------+----------+
| period     | count(1) |
+------------+----------+
| 2019-02-10 |     1338 |
| 2019-02-09 |     1338 |
| 2019-02-08 |     1338 |
| 2019-02-07 |     1338 |
| 2019-02-06 |     1338 |
| 2019-02-05 |     1340 |
+------------+----------+
6 rows in set (0.01 sec)

Query OK, 0 rows affected (0.01 sec)

Query OK, 86 rows affected (1.90 sec)
Records: 86  Duplicates: 0  Warnings: 0

+-------------+
| packagelist |
+-------------+
|          86 |
+-------------+
1 row in set (0.00 sec)

Database changed
Query OK, 0 rows affected (0.00 sec)

Query OK, 0 rows affected (0.00 sec)

Query OK, 0 rows affected (0.00 sec)

Query OK, 0 rows affected (0.00 sec)

Query OK, 26935 rows affected, 228 warnings (1 min 8.29 sec)
Records: 26935  Deleted: 0  Skipped: 0  Warnings: 228

+------------+----------+
| period     | count(1) |
+------------+----------+
| 2019-02-10 |    26935 |
| 2019-02-09 |    27119 |
| 2019-02-08 |    27085 |
| 2019-02-07 |    27027 |
| 2019-02-06 |    27081 |
+------------+----------+
5 rows in set (0.12 sec)

Query OK, 0 rows affected (0.05 sec)

Query OK, 26285 rows affected (1 min 25.66 sec)
Records: 26285  Duplicates: 0  Warnings: 0

Query OK, 0 rows affected (0.19 sec)
Records: 0  Duplicates: 0  Warnings: 0

Query OK, 0 rows affected (0.27 sec)
Records: 0  Duplicates: 0  Warnings: 0

Query OK, 0 rows affected (0.18 sec)
Records: 0  Duplicates: 0  Warnings: 0

Query OK, 0 rows affected (0.14 sec)
Records: 0  Duplicates: 0  Warnings: 0

Query OK, 0 rows affected (0.08 sec)
Records: 0  Duplicates: 0  Warnings: 0

Query OK, 0 rows affected (0.08 sec)
Records: 0  Duplicates: 0  Warnings: 0

+-------------+
| countbefore |
+-------------+
|    23619305 |
+-------------+
1 row in set (19.83 sec)

Query OK, 26285 rows affected (49.68 sec)
Records: 26285  Duplicates: 0  Warnings: 0

+------------+
| countafter |
+------------+
|   23645590 |
+------------+
1 row in set (9.45 sec)

+------------+--------------------------+
| period     | customercontractactivity |
+------------+--------------------------+
| 2019-02-10 |                    26285 |
| 2019-02-09 |                    26469 |
| 2019-02-08 |                    26435 |
| 2019-02-07 |                    26377 |
| 2019-02-06 |                    26431 |
+------------+--------------------------+
5 rows in set (0.07 sec)

Query OK, 0 rows affected (0.03 sec)

Query OK, 204745 rows affected (6 min 44.36 sec)
Records: 204745  Duplicates: 0  Warnings: 0

Query OK, 0 rows affected (0.03 sec)

Query OK, 247 rows affected (0.54 sec)
Records: 247  Duplicates: 0  Warnings: 0

Query OK, 0 rows affected (0.03 sec)

Query OK, 2372 rows affected (0.60 sec)
Records: 2372  Duplicates: 0  Warnings: 0

Query OK, 0 rows affected (0.04 sec)

Query OK, 26272 rows affected (0.72 sec)
Records: 26272  Duplicates: 0  Warnings: 0

Query OK, 0 rows affected (0.02 sec)

Query OK, 17043 rows affected (0.89 sec)
Records: 17043  Duplicates: 0  Warnings: 0

Query OK, 0 rows affected (0.02 sec)

Query OK, 17043 rows affected (0.17 sec)
Records: 17043  Duplicates: 0  Warnings: 0

Query OK, 0 rows affected (0.14 sec)

Query OK, 17043 rows affected (2.27 sec)
Records: 17043  Duplicates: 0  Warnings: 0

Query OK, 0 rows affected (0.06 sec)

Query OK, 17043 rows affected (53.92 sec)
Records: 17043  Duplicates: 0  Warnings: 0

+-------------+
| clientstats |
+-------------+
|       17043 |
+-------------+
1 row in set (0.00 sec)

Query OK, 0 rows affected (0.01 sec)

Query OK, 13 rows affected, 1 warning (0.13 sec)
Records: 13  Duplicates: 0  Warnings: 1

+-----------------------+-------------+-------------+----------------+-----------------+
| services              | activecount | allaccounts | uniqueaccounts | uniquecontracts |
+-----------------------+-------------+-------------+----------------+-----------------+
| All                   |         134 |          29 |             29 |              92 |
| Internet & Voice      |         457 |         211 |            211 |             413 |
| Internet Only         |        4157 |        4020 |           4016 |            4095 |
| OTT Only              |           3 |           3 |              3 |               3 |
| TV & Internet         |        8993 |        3901 |           3896 |            7948 |
| TV & Internet & OTT   |        1606 |         467 |            467 |             950 |
| TV & Internet & Voice |         540 |         151 |            151 |             469 |
| TV & OTT              |          90 |          29 |             29 |              31 |
| TV & Voice            |         124 |          53 |             53 |             107 |
| TV & Voice & OTT      |          14 |           2 |              2 |               5 |
| TV Only               |       10703 |        7961 |           7956 |            8163 |
| Voice Only            |         217 |         216 |            216 |             217 |
| GRAND TOTAL           |       27038 |       17043 |          16989 |           22493 |
+-----------------------+-------------+-------------+----------------+-----------------+
13 rows in set (0.00 sec)

+-------------+-------------+-------------+----------------+-----------------+
| network     | activecount | allaccounts | uniqueaccounts | uniquecontracts |
+-------------+-------------+-------------+----------------+-----------------+
| ADDON       |          11 |           7 |              7 |               7 |
| GPON        |        6460 |        3317 |           3317 |            4991 |
| HFC         |       20567 |       13719 |          13719 |           17495 |
| GRAND TOTAL |       27038 |       17043 |          16989 |           22493 |
+-------------+-------------+-------------+----------------+-----------------+
4 rows in set, 1 warning (0.13 sec)

+-------------+-----------------------+-------------+-------------+----------------+-----------------+
| network     | services              | activecount | allaccounts | uniqueaccounts | uniquecontracts |
+-------------+-----------------------+-------------+-------------+----------------+-----------------+
| ADDON       | OTT Only              |           3 |           3 |              3 |               3 |
| ADDON       | TV & OTT              |           4 |           1 |              1 |               1 |
| ADDON       | TV Only               |           4 |           3 |              3 |               3 |
| ADDON       | Services Total        |          11 |           7 |              7 |               7 |
| GPON        | All                   |          33 |           7 |              7 |              24 |
| GPON        | Internet & Voice      |          63 |          26 |             26 |              53 |
| GPON        | Internet Only         |         847 |         767 |            767 |             785 |
| GPON        | TV & Internet         |        2919 |        1194 |           1194 |            2465 |
| GPON        | TV & Internet & OTT   |         687 |         193 |            193 |             397 |
| GPON        | TV & Internet & Voice |         130 |          35 |             35 |             109 |
| GPON        | TV & OTT              |          48 |          15 |             15 |              17 |
| GPON        | TV & Voice            |          43 |          17 |             17 |              35 |
| GPON        | TV Only               |        1679 |        1052 |           1052 |            1095 |
| GPON        | Voice Only            |          11 |          11 |             11 |              11 |
| GPON        | Services Total        |        6460 |        3317 |           3317 |            4991 |
| HFC         | All                   |         101 |          22 |             22 |              68 |
| HFC         | Internet & Voice      |         394 |         185 |            185 |             360 |
| HFC         | Internet Only         |        3310 |        3253 |           3253 |            3310 |
| HFC         | TV & Internet         |        6074 |        2707 |           2707 |            5483 |
| HFC         | TV & Internet & OTT   |         919 |         274 |            274 |             553 |
| HFC         | TV & Internet & Voice |         410 |         116 |            116 |             360 |
| HFC         | TV & OTT              |          38 |          13 |             13 |              13 |
| HFC         | TV & Voice            |          81 |          36 |             36 |              72 |
| HFC         | TV & Voice & OTT      |          14 |           2 |              2 |               5 |
| HFC         | TV Only               |        9020 |        6906 |           6906 |            7065 |
| HFC         | Voice Only            |         206 |         205 |            205 |             206 |
| HFC         | Services Total        |       20567 |       13719 |          13719 |           17495 |
| GRAND TOTAL | Services Total        |       27038 |       17043 |          16989 |           22493 |
+-------------+-----------------------+-------------+-------------+----------------+-----------------+
28 rows in set, 2 warnings (0.15 sec)

Query OK, 0 rows affected (0.00 sec)

Query OK, 42 rows affected, 3 warnings (0.24 sec)
Records: 42  Duplicates: 0  Warnings: 3

+-------------+---------------+-----------------------+-------------+-------------+----------------+-----------------+
| region      | network       | services              | activecount | allaccounts | uniqueaccounts | uniquecontracts |
+-------------+---------------+-----------------------+-------------+-------------+----------------+-----------------+
| Mahe        | ADDON         | OTT Only              |           3 |           3 |              3 |               3 |
| Mahe        | ADDON         | TV & OTT              |           4 |           1 |              1 |               1 |
| Mahe        | ADDON         | TV Only               |           4 |           3 |              3 |               3 |
| Mahe        | ADDON         | Services Total        |          11 |           7 |              7 |               7 |
| Mahe        | GPON          | All                   |          28 |           6 |              6 |              20 |
| Mahe        | GPON          | Internet & Voice      |          53 |          21 |             21 |              43 |
| Mahe        | GPON          | Internet Only         |         640 |         560 |            560 |             578 |
| Mahe        | GPON          | TV & Internet         |        1980 |         801 |            801 |            1645 |
| Mahe        | GPON          | TV & Internet & OTT   |         403 |         113 |            113 |             229 |
| Mahe        | GPON          | TV & Internet & Voice |         102 |          27 |             27 |              83 |
| Mahe        | GPON          | TV & OTT              |          37 |          10 |             10 |              11 |
| Mahe        | GPON          | TV & Voice            |          43 |          17 |             17 |              35 |
| Mahe        | GPON          | TV Only               |        1243 |         748 |            748 |             773 |
| Mahe        | GPON          | Voice Only            |           8 |           8 |              8 |               8 |
| Mahe        | GPON          | Services Total        |        4537 |        2311 |           2311 |            3425 |
| Mahe        | HFC           | All                   |         101 |          22 |             22 |              68 |
| Mahe        | HFC           | Internet & Voice      |         394 |         185 |            185 |             360 |
| Mahe        | HFC           | Internet Only         |        3310 |        3253 |           3253 |            3310 |
| Mahe        | HFC           | TV & Internet         |        6074 |        2707 |           2707 |            5483 |
| Mahe        | HFC           | TV & Internet & OTT   |         919 |         274 |            274 |             553 |
| Mahe        | HFC           | TV & Internet & Voice |         410 |         116 |            116 |             360 |
| Mahe        | HFC           | TV & OTT              |          38 |          13 |             13 |              13 |
| Mahe        | HFC           | TV & Voice            |          81 |          36 |             36 |              72 |
| Mahe        | HFC           | TV & Voice & OTT      |          14 |           2 |              2 |               5 |
| Mahe        | HFC           | TV Only               |        9018 |        6905 |           6905 |            7064 |
| Mahe        | HFC           | Voice Only            |         206 |         205 |            205 |             206 |
| Mahe        | HFC           | Services Total        |       20565 |       13718 |          13718 |           17494 |
| Mahe        | Network Total | Services Total        |       25113 |       16036 |          15983 |           20926 |
| Praslin     | GPON          | All                   |           5 |           1 |              1 |               4 |
| Praslin     | GPON          | Internet & Voice      |          10 |           5 |              5 |              10 |
| Praslin     | GPON          | Internet Only         |         207 |         207 |            207 |             207 |
| Praslin     | GPON          | TV & Internet         |         939 |         393 |            393 |             820 |
| Praslin     | GPON          | TV & Internet & OTT   |         284 |          80 |             80 |             168 |
| Praslin     | GPON          | TV & Internet & Voice |          28 |           8 |              8 |              26 |
| Praslin     | GPON          | TV & OTT              |          11 |           5 |              5 |               6 |
| Praslin     | GPON          | TV Only               |         436 |         304 |            304 |             322 |
| Praslin     | GPON          | Voice Only            |           3 |           3 |              3 |               3 |
| Praslin     | GPON          | Services Total        |        1923 |        1006 |           1006 |            1566 |
| Praslin     | HFC           | TV Only               |           2 |           1 |              1 |               1 |
| Praslin     | HFC           | Services Total        |           2 |           1 |              1 |               1 |
| Praslin     | Network Total | Services Total        |        1925 |        1007 |           1006 |            1567 |
| GRAND TOTAL | Network Total | Services Total        |       27038 |       17043 |          16989 |           22493 |
+-------------+---------------+-----------------------+-------------+-------------+----------------+-----------------+
42 rows in set (0.00 sec)

Query OK, 0 rows affected (0.01 sec)

Query OK, 26272 rows affected (1.07 sec)
Records: 26272  Duplicates: 0  Warnings: 0

Query OK, 0 rows affected (0.13 sec)

Query OK, 1578 rows affected (3.02 sec)
Records: 1578  Duplicates: 0  Warnings: 0

Query OK, 0 rows affected (1 min 48.85 sec)

Query OK, 0 rows affected (0.01 sec)

Query OK, 446 rows affected (6 min 34.72 sec)
Records: 446  Duplicates: 0  Warnings: 0

+---------------------------+
| retentioncustomeractivity |
+---------------------------+
|                       446 |
+---------------------------+
1 row in set (0.00 sec)

mysql> mysql \. C:\workspace\cloud\code\sql\_DailyScript\currenttime.sql
+---------------------+
| currenttime         |
+---------------------+
| 2019-02-11 09:57:19 |
+---------------------+
1 row in set (0.00 sec)

mysql> 
mysql> mysql \. C:\workspace\cloud\code\sql\_DailyScript\GetActiveNumbers Average -Pivot.sql
Database changed
+-------------------------------------+
| @today := subdate(current_date(),1) |
+-------------------------------------+
| 2019-02-10                          |
+-------------------------------------+
1 row in set (0.00 sec)

+-------------------------------------+
| @lastdayofmonth := last_day(@today) |
+-------------------------------------+
| 2019-02-28                          |
+-------------------------------------+
1 row in set (0.00 sec)

Query OK, 0 rows affected (0.08 sec)

Query OK, 27025 rows affected, 55448 warnings (56.36 sec)
Records: 27025  Duplicates: 0  Warnings: 55448

Query OK, 0 rows affected (0.12 sec)
Records: 0  Duplicates: 0  Warnings: 0

Query OK, 0 rows affected (0.12 sec)
Records: 0  Duplicates: 0  Warnings: 0

Query OK, 0 rows affected (0.12 sec)
Records: 0  Duplicates: 0  Warnings: 0

+-----------------+
| activenumberavg |
+-----------------+
|           27025 |
+-----------------+
1 row in set (0.01 sec)

Query OK, 0 rows affected (0.03 sec)

Query OK, 1699 rows affected (0.39 sec)
Records: 1699  Duplicates: 0  Warnings: 0

+---------------------+
| rep_activenumberavg |
+---------------------+
|                1699 |
+---------------------+
1 row in set (0.00 sec)

+----------------------+
| rep_activenumberavg1 |
+----------------------+
|                  808 |
+----------------------+
1 row in set (0.00 sec)

Query OK, 0 rows affected (0.00 sec)

Query OK, 1357 rows affected (0.33 sec)
Records: 1357  Duplicates: 0  Warnings: 0

Query OK, 0 rows affected (0.02 sec)

Query OK, 6861 rows affected (0.50 sec)
Records: 6861  Duplicates: 0  Warnings: 0

Query OK, 0 rows affected (0.00 sec)

Query OK, 0 rows affected (0.00 sec)

Query OK, 0 rows affected (0.00 sec)

Query OK, 0 rows affected (0.02 sec)

Query OK, 0 rows affected (0.00 sec)
Statement prepared

Query OK, 51 rows affected (0.01 sec)
Records: 51  Duplicates: 0  Warnings: 0

Query OK, 0 rows affected (0.00 sec)

Query OK, 0 rows affected (0.00 sec)

+----------------------+
| rep_activenumberavg2 |
+----------------------+
|                 1357 |
+----------------------+
1 row in set (0.01 sec)

+------------------------+
| rep_activenumberavg_pv |
+------------------------+
|                     51 |
+------------------------+
1 row in set (0.00 sec)

Query OK, 0 rows affected (0.00 sec)

Query OK, 1357 rows affected (0.26 sec)
Records: 1357  Duplicates: 0  Warnings: 0

Query OK, 0 rows affected (0.00 sec)

Query OK, 0 rows affected (0.00 sec)

Query OK, 0 rows affected (0.02 sec)

Query OK, 0 rows affected (0.00 sec)

Query OK, 0 rows affected (0.00 sec)
Statement prepared

Query OK, 51 rows affected (0.03 sec)
Records: 51  Duplicates: 0  Warnings: 0

Query OK, 0 rows affected (0.00 sec)

Query OK, 0 rows affected (0.00 sec)

+-------------------------+
| rep_activenumberavgMahe |
+-------------------------+
|                    1357 |
+-------------------------+
1 row in set (0.00 sec)

+----------------------------+
| rep_activenumberavgMahe_pv |
+----------------------------+
|                         51 |
+----------------------------+
1 row in set (0.00 sec)

Query OK, 0 rows affected (0.02 sec)

Query OK, 875 rows affected (0.12 sec)
Records: 875  Duplicates: 0  Warnings: 0

Query OK, 0 rows affected (0.00 sec)

Query OK, 0 rows affected (0.01 sec)

Query OK, 0 rows affected (0.00 sec)

Query OK, 0 rows affected (0.00 sec)

Query OK, 0 rows affected (0.00 sec)
Statement prepared

Query OK, 37 rows affected (0.04 sec)
Records: 37  Duplicates: 0  Warnings: 0

Query OK, 0 rows affected (0.00 sec)

Query OK, 0 rows affected (0.00 sec)

+----------------------------+
| rep_activenumberavgPraslin |
+----------------------------+
|                        875 |
+----------------------------+
1 row in set (0.00 sec)

+-------------------------------+
| rep_activenumberavgPraslin_pv |
+-------------------------------+
|                            37 |
+-------------------------------+
1 row in set (0.00 sec)

mysql> mysql \. C:\workspace\cloud\code\sql\_DailyScript\currenttime.sql
+---------------------+
| currenttime         |
+---------------------+
| 2019-02-11 09:58:18 |
+---------------------+
1 row in set (0.00 sec)

mysql> 
mysql> 
mysql> mysql \. C:\workspace\cloud\code\sql\_DailyScript\reports-sales-addons-prepaid-camera.sql
Database changed
Query OK, 0 rows affected (0.00 sec)

Query OK, 3367 rows affected (0.42 sec)
Records: 3367  Duplicates: 0  Warnings: 0

Query OK, 0 rows affected (0.15 sec)

Query OK, 14798 rows affected (35.38 sec)
Records: 14798  Duplicates: 0  Warnings: 0

+--------------------+
| rep_prepaid_camera |
+--------------------+
|               3367 |
+--------------------+
1 row in set (0.01 sec)

+-----------+
| rep_addon |
+-----------+
|     14798 |
+-----------+
1 row in set (0.00 sec)

mysql> mysql \. C:\workspace\cloud\code\sql\_DailyScript\currenttime.sql
+---------------------+
| currenttime         |
+---------------------+
| 2019-02-11 09:58:54 |
+---------------------+
1 row in set (0.00 sec)

mysql> 
mysql> mysql \. C:\workspace\cloud\code\sql\_DailyScript\housing-estate-analysis.sql
Database changed
Query OK, 0 rows affected (0.01 sec)

Query OK, 2765 rows affected (27.71 sec)
Records: 2765  Duplicates: 0  Warnings: 0

+--------------------+
| rep_housingestates |
+--------------------+
|               2765 |
+--------------------+
1 row in set (0.00 sec)

mysql> mysql \. C:\workspace\cloud\code\sql\_DailyScript\currenttime.sql
+---------------------+
| currenttime         |
+---------------------+
| 2019-02-11 09:59:21 |
+---------------------+
1 row in set (0.00 sec)

mysql> 
mysql> mysql \. C:\workspace\cloud\code\sql\_DailyScript\RCB_ClientAnalyticsReport_Script.sql
Database changed
Query OK, 0 rows affected (0.00 sec)

Query OK, 0 rows affected (0.22 sec)

Query OK, 1613957 rows affected (1 min 43.11 sec)
Records: 1613957  Duplicates: 0  Warnings: 0

Query OK, 0 rows affected (5.84 sec)
Records: 0  Duplicates: 0  Warnings: 0

Query OK, 0 rows affected (5.80 sec)
Records: 0  Duplicates: 0  Warnings: 0

Query OK, 0 rows affected (9.82 sec)
Records: 0  Duplicates: 0  Warnings: 0

Query OK, 0 rows affected (9.18 sec)
Records: 0  Duplicates: 0  Warnings: 0

Query OK, 0 rows affected (10.52 sec)
Records: 0  Duplicates: 0  Warnings: 0

Query OK, 0 rows affected (8.46 sec)
Records: 0  Duplicates: 0  Warnings: 0

Query OK, 0 rows affected (0.00 sec)

Query OK, 427200 rows affected (16.33 sec)
Rows matched: 1613957  Changed: 427200  Warnings: 0

Query OK, 0 rows affected (0.02 sec)

Query OK, 27204 rows affected (2.71 sec)
Records: 27204  Duplicates: 0  Warnings: 0

Query OK, 0 rows affected (0.20 sec)

Query OK, 41858 rows affected (11 min 59.82 sec)
Records: 41858  Duplicates: 0  Warnings: 0

Query OK, 0 rows affected (0.56 sec)
Records: 0  Duplicates: 0  Warnings: 0

Query OK, 0 rows affected (0.16 sec)
Records: 0  Duplicates: 0  Warnings: 0

Query OK, 0 rows affected (0.10 sec)
Records: 0  Duplicates: 0  Warnings: 0

Query OK, 0 rows affected (0.05 sec)

Query OK, 403050 rows affected (11 min 52.87 sec)
Records: 403050  Duplicates: 0  Warnings: 0

Query OK, 0 rows affected (1.80 sec)
Records: 0  Duplicates: 0  Warnings: 0

Query OK, 0 rows affected (1.73 sec)
Records: 0  Duplicates: 0  Warnings: 0

Query OK, 0 rows affected (0.97 sec)
Records: 0  Duplicates: 0  Warnings: 0

Query OK, 0 rows affected (2.05 sec)
Records: 0  Duplicates: 0  Warnings: 0

Query OK, 0 rows affected (0.96 sec)
Records: 0  Duplicates: 0  Warnings: 0

Query OK, 0 rows affected (0.02 sec)

Query OK, 41858 rows affected (1 min 28.01 sec)
Records: 41858  Duplicates: 0  Warnings: 0

+--------------+
| clientreport |
+--------------+
|        41858 |
+--------------+
1 row in set (0.02 sec)

Query OK, 0 rows affected (0.01 sec)

Query OK, 41858 rows affected (7.85 sec)
Records: 41858  Duplicates: 0  Warnings: 0

+----------------------+
| clientextendedreport |
+----------------------+
|                41858 |
+----------------------+
1 row in set (0.01 sec)

Query OK, 0 rows affected (0.07 sec)

Query OK, 41858 rows affected (1 min 17.65 sec)
Records: 41858  Duplicates: 0  Warnings: 0

+---------+
| allcust |
+---------+
|   41858 |
+---------+
1 row in set (0.02 sec)

Query OK, 0 rows affected, 1 warning (0.00 sec)

Query OK, 5000 rows affected (0.67 sec)
Records: 5000  Duplicates: 0  Warnings: 0

Query OK, 0 rows affected (0.02 sec)

Query OK, 7057 rows affected (0.73 sec)
Records: 7057  Duplicates: 0  Warnings: 0

Query OK, 0 rows affected, 1 warning (0.01 sec)

Query OK, 5000 rows affected (0.20 sec)
Records: 5000  Duplicates: 0  Warnings: 0

Query OK, 0 rows affected (0.00 sec)

Query OK, 7391 rows affected (0.28 sec)
Records: 7391  Duplicates: 0  Warnings: 0

mysql> mysql \. C:\workspace\cloud\code\sql\_DailyScript\currenttime.sql
+---------------------+
| currenttime         |
+---------------------+
| 2019-02-11 10:29:10 |
+---------------------+
1 row in set (0.00 sec)

mysql> 
mysql> mysql \. C:\workspace\cloud\code\sql\_DailyScript\REVENUE_PER_NODE_MXK.sql
Query OK, 0 rows affected (0.02 sec)

Query OK, 0 rows affected (0.08 sec)

Query OK, 0 rows affected (0.02 sec)

Query OK, 4737 rows affected (0.92 sec)
Records: 4737  Duplicates: 0  Warnings: 0

Query OK, 4546 rows affected (0.52 sec)
Records: 4546  Duplicates: 0  Warnings: 0

Query OK, 0 rows affected, 1 warning (0.00 sec)

Query OK, 4891 rows affected (8.74 sec)
Records: 4891  Duplicates: 0  Warnings: 0

Query OK, 0 rows affected (0.00 sec)

Query OK, 0 rows affected (0.00 sec)

Query OK, 0 rows affected, 1 warning (0.00 sec)

Query OK, 4737 rows affected (0.22 sec)
Records: 4737  Duplicates: 0  Warnings: 0

Query OK, 4546 rows affected (0.26 sec)
Records: 4546  Duplicates: 0  Warnings: 0

Query OK, 0 rows affected, 1 warning (0.00 sec)

Query OK, 4621 rows affected (5.82 sec)
Records: 4621  Duplicates: 0  Warnings: 0

Query OK, 0 rows affected (0.00 sec)

Query OK, 0 rows affected (0.02 sec)

Query OK, 0 rows affected, 1 warning (0.00 sec)

Query OK, 0 rows affected (0.00 sec)

Query OK, 5141 rows affected (0.25 sec)
Records: 5141  Duplicates: 0  Warnings: 0

Query OK, 0 rows affected (0.00 sec)

Query OK, 0 rows affected (0.00 sec)

Query OK, 19283 rows affected (0.55 sec)
Records: 19283  Duplicates: 0  Warnings: 0

Query OK, 23982 rows affected (1.42 sec)
Records: 23982  Duplicates: 0  Warnings: 0

Query OK, 0 rows affected, 1 warning (0.00 sec)

Query OK, 36819 rows affected (0.93 sec)
Records: 36819  Duplicates: 0  Warnings: 0

Query OK, 0 rows affected (0.00 sec)

Query OK, 0 rows affected, 1 warning (0.00 sec)

Query OK, 0 rows affected (0.01 sec)

Query OK, 19283 rows affected (0.44 sec)
Records: 19283  Duplicates: 0  Warnings: 0

Query OK, 23982 rows affected (1.00 sec)
Records: 23982  Duplicates: 0  Warnings: 0

Query OK, 0 rows affected, 1 warning (0.00 sec)

Query OK, 25365 rows affected (0.50 sec)
Records: 25365  Duplicates: 0  Warnings: 0

Query OK, 0 rows affected (0.03 sec)

Query OK, 0 rows affected, 1 warning (0.00 sec)

Query OK, 0 rows affected (0.01 sec)

Query OK, 0 rows affected (0.05 sec)

Query OK, 19335 rows affected (1.30 sec)
Records: 19335  Duplicates: 0  Warnings: 0

Query OK, 0 rows affected (0.01 sec)

Query OK, 0 rows affected (0.00 sec)

Query OK, 0 rows affected (0.02 sec)

Query OK, 24476 rows affected (1.53 sec)
Records: 24476  Duplicates: 0  Warnings: 0

Query OK, 423987 rows affected (25.16 sec)
Records: 423987  Duplicates: 0  Warnings: 0

Query OK, 0 rows affected (0.01 sec)

Query OK, 425417 rows affected (18.68 sec)
Records: 425417  Duplicates: 0  Warnings: 0

Query OK, 0 rows affected (0.00 sec)

Query OK, 0 rows affected, 1 warning (0.00 sec)

Query OK, 0 rows affected, 1 warning (0.00 sec)

Query OK, 0 rows affected (0.00 sec)

Query OK, 8242 rows affected (2.40 sec)
Rows matched: 8243  Changed: 8242  Warnings: 0

Query OK, 0 rows affected (0.15 sec)

Query OK, 1551930 rows affected (4 min 42.55 sec)
Records: 1551930  Duplicates: 0  Warnings: 0

Query OK, 0 rows affected (0.30 sec)

Query OK, 1788076 rows affected (2 min 23.67 sec)
Records: 1788076  Duplicates: 0  Warnings: 0

Query OK, 0 rows affected (0.03 sec)

Query OK, 70137 rows affected (13.87 sec)
Records: 70137  Duplicates: 0  Warnings: 0

Query OK, 0 rows affected (0.03 sec)

Query OK, 21454 rows affected (12.91 sec)
Records: 21454  Duplicates: 0  Warnings: 0

Query OK, 0 rows affected (0.00 sec)

Query OK, 41858 rows affected (2.30 sec)
Records: 41858  Duplicates: 0  Warnings: 0

Query OK, 0 rows affected (0.01 sec)

Query OK, 23554 rows affected (3.09 sec)
Records: 23554  Duplicates: 0  Warnings: 0

Query OK, 0 rows affected (0.02 sec)

Query OK, 16856 rows affected (2.27 sec)
Records: 16856  Duplicates: 0  Warnings: 0

Query OK, 0 rows affected (0.02 sec)

Query OK, 41858 rows affected (2.52 sec)
Records: 41858  Duplicates: 0  Warnings: 0

Query OK, 0 rows affected (0.00 sec)

Query OK, 0 rows affected, 1 warning (0.00 sec)

Query OK, 397083 rows affected (19.91 sec)
Records: 397083  Duplicates: 0  Warnings: 0

Query OK, 0 rows affected, 1 warning (0.00 sec)

Query OK, 74315 rows affected (7.05 sec)
Records: 74315  Duplicates: 0  Warnings: 0

Query OK, 397083 rows affected (1 hour 33 min 52.11 sec)
Records: 397083  Duplicates: 0  Warnings: 0

Query OK, 74423 rows affected (4.07 sec)
Records: 74423  Duplicates: 0  Warnings: 0

Query OK, 0 rows affected (0.23 sec)

Query OK, 399512 rows affected (38.34 sec)
Records: 399512  Duplicates: 0  Warnings: 0

Query OK, 0 rows affected (0.02 sec)

Query OK, 0 rows affected (0.00 sec)

Query OK, 0 rows affected, 1 warning (0.00 sec)

Query OK, 0 rows affected (0.14 sec)

Query OK, 41858 rows affected (12.58 sec)
Records: 41858  Duplicates: 0  Warnings: 0

Query OK, 0 rows affected (0.02 sec)

Query OK, 0 rows affected (0.00 sec)

Query OK, 0 rows affected (0.05 sec)

Query OK, 37888 rows affected, 5 warnings (8.20 sec)
Records: 37888  Duplicates: 0  Warnings: 5

+----------------------+
| rep_custconsolidated |
+----------------------+
|                37888 |
+----------------------+
1 row in set (0.03 sec)

Query OK, 0 rows affected (0.00 sec)

+-----------+------------------------------------+------------+-------------+-----------------+------------------+---------------------+-------------------+
| HFC_NODE  | NODENAME                           | CMTS_DATE  | INSERTED_ON | UNIQUE_ACCOUNTS | UNIQUE_CONTRACTS | UNIQUE_MAC_INRCBOSS | UNIQUE_MAC_INCMTS |
+-----------+------------------------------------+------------+-------------+-----------------+------------------+---------------------+-------------------+
| NULL      | NULL                               | NULL       | 2019-02-11  |           10208 |            10880 |               10985 |                 0 |
| C5/0/0/U0 | ANSE-BOILEAU-2                     | 2019-02-04 | 2019-02-11  |             118 |              121 |                 117 |               118 |
| C5/0/0/U1 | 500-C3-ANSE-BOILEAU                | 2019-02-04 | 2019-02-11  |             227 |              234 |                 227 |               228 |
| C5/0/1/U0 | 501-C4-LA-MISIERE-LEFT-I           | 2019-02-04 | 2019-02-11  |             205 |              212 |                 204 |               206 |
| C5/0/1/U1 | 501-C5-LA-MISIERE-RIGHT            | 2019-02-04 | 2019-02-11  |              99 |              103 |                  99 |               100 |
| C5/0/1/U2 | 501-C7-LA-MISIERE-LEFT-II          | 2019-02-04 | 2019-02-11  |             103 |              108 |                 103 |               103 |
| C5/0/2/U0 | 502-C8-LA-LOUISE                   | 2019-02-04 | 2019-02-11  |             149 |              153 |                 149 |               149 |
| C5/0/2/U1 | LA-LOUISE-2                        | 2019-02-04 | 2019-02-11  |             152 |              155 |                 153 |               154 |
| C5/0/3/U0 | 504-C6-PETIT-PARIS                 | 2019-02-04 | 2019-02-11  |             157 |              159 |                 157 |               158 |
| C5/0/3/U1 | PETIT-PARIS-23                     | 2019-02-04 | 2019-02-11  |              75 |               78 |                  75 |                75 |
| C5/0/4/U0 | FOUR-SEASONS                       | 2019-02-04 | 2019-02-11  |               6 |               23 |                  23 |                23 |
| C5/0/4/U1 | ANCHOR-CAFE-I                      | 2019-02-04 | 2019-02-11  |             155 |              158 |                 155 |               155 |
| C5/0/4/U2 | ANCHOR-CAFE-II                     | 2019-02-04 | 2019-02-11  |             146 |              150 |                 145 |               145 |
| C5/1/0/U0 | POINTE-LARUE-AIRPORT-23            | 2019-02-04 | 2019-02-11  |             110 |              115 |                 110 |               112 |
| C5/1/0/U1 | PPROVIDENCE-23                     | 2019-02-04 | 2019-02-11  |              24 |               28 |                  25 |                25 |
| C5/1/0/U2 | ROSHE-CAIMAN-23                    | 2019-02-04 | 2019-02-11  |              11 |               12 |                  11 |                11 |
| C5/1/0/U3 | HEAD-OFFICE | HO-23                | 2019-02-04 | 2019-02-11  |              23 |               25 |                  24 |                25 |
| C5/1/1/U1 | C5-UNION-VALE                      | 2019-02-04 | 2019-02-11  |             194 |              202 |                 194 |               196 |
| C5/1/3/U0 | POINTE-LARUE-AIRPORT-27            | 2019-02-04 | 2019-02-11  |             141 |              147 |                 142 |               142 |
| C5/1/3/U1 | PPROVIDENCE-27                     | 2019-02-04 | 2019-02-11  |              34 |               34 |                  34 |                34 |
| C5/1/3/U2 | ROSHE-CAIMAN-27                    | 2019-02-04 | 2019-02-11  |              22 |               22 |                  22 |                22 |
| C5/1/3/U3 | HEAD-OFFICE | HO-27                | 2019-02-04 | 2019-02-11  |              21 |               21 |                  21 |                22 |
| C5/1/4/U0 | ANSE-ROYALE-27                     | 2019-02-04 | 2019-02-11  |             186 |              195 |                 187 |               188 |
| C5/1/4/U1 | GLACIS-2-57                        | 2019-02-04 | 2019-02-11  |             147 |              155 |                 147 |               148 |
| C5/1/4/U3 | GLACIS-1                           | 2019-02-04 | 2019-02-11  |              61 |               65 |                  61 |                62 |
| C6/0/1/U0 | SERRET-ROAD-RIGHT/CURIO/PASCAL     | 2019-02-04 | 2019-02-11  |             145 |              150 |                 145 |               146 |
| C6/0/1/U1 | SERRET-ROAD-LEFT/ST.LOUIS/TOWN     | 2019-02-04 | 2019-02-11  |             180 |              190 |                 180 |               182 |
| C6/0/1/U2 | SERRET-ROAD-RIGHT/CURIO/PASCAL-2   | 2019-02-04 | 2019-02-11  |             123 |              126 |                 123 |               123 |
| C6/0/1/U3 | SERRET-ROAD-LEFT/ST.LOUIS/TOWN-2   | 2019-02-04 | 2019-02-11  |             118 |              123 |                 118 |               118 |
| C6/0/2/U0 | SANS-SOUCIS-I                      | 2019-02-04 | 2019-02-11  |             126 |              129 |                 126 |               126 |
| C6/0/2/U1 | SANS-SOUCIS-II                     | 2019-02-04 | 2019-02-11  |             113 |              121 |                 112 |               112 |
| C6/0/2/U2 | BEL-AIR-27                         | 2019-02-04 | 2019-02-11  |              99 |              105 |                  99 |               101 |
| C6/0/2/U3 | BEL-AIR-38                         | 2019-02-04 | 2019-02-11  |             106 |              110 |                 106 |               106 |
| C6/0/3/U0 | LES-MAMELLES-23                    | 2019-02-04 | 2019-02-11  |              68 |               68 |                  68 |                68 |
| C6/0/3/U1 | VICTORIA-23                        | 2019-02-04 | 2019-02-11  |              30 |               35 |                  33 |                35 |
| C6/0/4/U0 | LES-MAMELLES-27                    | 2019-02-04 | 2019-02-11  |              84 |               85 |                  84 |                84 |
| C6/0/4/U1 | VICTORIA-27                        | 2019-02-04 | 2019-02-11  |              34 |               37 |                  34 |                36 |
| C7/1/0/U0 | LA-RETRAITE-23                     | 2019-02-04 | 2019-02-11  |             118 |              124 |                 119 |               119 |
| C7/1/0/U1 | TEA-FACTORY-23                     | 2019-02-04 | 2019-02-11  |              34 |               38 |                  34 |                34 |
| C7/1/0/U2 | PAS-23                             | 2019-02-04 | 2019-02-11  |             100 |              105 |                 101 |               101 |
| C7/1/1/U0 | REEF-ESTATE-23                     | 2019-02-04 | 2019-02-11  |              95 |               97 |                  95 |                97 |
| C7/1/1/U1 | BEL-OMBRE-NEW-23                   | 2019-02-04 | 2019-02-11  |              39 |               45 |                  43 |                44 |
| C7/1/2/U0 | LA-RETRAITE-27                     | 2019-02-04 | 2019-02-11  |             121 |              128 |                 120 |               120 |
| C7/1/2/U1 | TEA-FACTORY-27                     | 2019-02-04 | 2019-02-11  |              12 |               15 |                  14 |                14 |
| C7/1/2/U2 | PAS-27                             | 2019-02-04 | 2019-02-11  |             105 |              114 |                 107 |               108 |
| C7/1/3/U0 | MT-BUXTON-27                       | 2019-02-04 | 2019-02-11  |             117 |              120 |                 117 |               118 |
| C7/1/3/U1 | MT-BUXTON-23                       | 2019-02-04 | 2019-02-11  |             104 |              106 |                 103 |               105 |
| C7/1/4/U0 | REEF-ESTATE-27                     | 2019-02-04 | 2019-02-11  |              69 |               70 |                  69 |                69 |
| C7/1/4/U1 | BEL-OMBRE-NEW-27                   | 2019-02-04 | 2019-02-11  |              17 |               17 |                  17 |                17 |
| C8/0/0/U0 | POLICE-ACADEMY-1-27 - POINTE LARUE | 2019-02-04 | 2019-02-11  |             363 |              372 |                 363 |               365 |
| C8/0/1/U1 | POLICE-ACADEMY-2-27 - TURTLE BAY   | 2019-02-04 | 2019-02-11  |             265 |              277 |                 267 |               270 |
| C8/0/2/U0 | BEAU-VALLON-LEFT-1-57              | 2019-02-04 | 2019-02-11  |             106 |              111 |                 105 |               105 |
| C8/0/3/U1 | BEAU-VALLON-RIGHT-2-57             | 2019-02-04 | 2019-02-11  |             207 |              216 |                 207 |               210 |
| C8/1/0/U0 | MA-JOIE-NODE-27                    | 2019-02-04 | 2019-02-11  |             107 |              109 |                 107 |               109 |
| C8/1/0/U1 | BELONIE-27                         | 2019-02-04 | 2019-02-11  |             140 |              145 |                 138 |               139 |
| C8/1/0/U3 | MA-JOIE-NODE-23                    | 2019-02-04 | 2019-02-11  |             131 |              136 |                 131 |               133 |
| C8/1/1/U0 | 611-C1-ROJN I                      | 2019-02-04 | 2019-02-11  |             196 |              202 |                 196 |               200 |
| C8/1/1/U1 | 611-C5-ROJN II                     | 2019-02-04 | 2019-02-11  |              54 |               58 |                  54 |                54 |
| C8/1/2/U0 | 612-C2-ANSE-ETOILE                 | 2019-02-04 | 2019-02-11  |             200 |              207 |                 198 |               198 |
| C8/1/2/U1 | ANSE-ETOILE-U2                     | 2019-02-04 | 2019-02-11  |              90 |               92 |                  91 |                91 |
| C8/1/3/U0 | 613-C3-ANSE-GAULETTE I             | 2019-02-04 | 2019-02-11  |              51 |               55 |                  51 |                52 |
| C8/1/3/U1 | 613-C7-ANSE-GAULETTE II            | 2019-02-04 | 2019-02-11  |              68 |               74 |                  68 |                68 |
| C8/1/3/U2 | 613-C3-ANSE-GAULETTE III           | 2019-02-04 | 2019-02-11  |              54 |               59 |                  54 |                54 |
| C8/1/3/U3 | TAKAMAKA I                         | 2019-02-04 | 2019-02-11  |              99 |               99 |                  99 |                99 |
| C8/1/3/U4 | TAKAMAKA II                        | 2019-02-04 | 2019-02-11  |             102 |              104 |                 102 |               103 |
| C8/1/4/U0 | 614-BEOLIERE-NODE-1                | 2019-02-04 | 2019-02-11  |             141 |              149 |                 141 |               142 |
| C8/1/4/U1 | 614-BEOLIERE-NODE-2                | 2019-02-04 | 2019-02-11  |              82 |               87 |                  82 |                82 |
+-----------+------------------------------------+------------+-------------+-----------------+------------------+---------------------+-------------------+
67 rows in set (0.50 sec)

+------------------+------------+-------------+-----------------+------------------+----------------------+-------------------+
| MXK_NAME         | MXK_DATE   | INSERTED_ON | UNIQUE_ACCOUNTS | UNIQUE_CONTRACTS | UNIQUE_FSAN_INRCBOSS | UNIQUE_FSAN_INMXK |
+------------------+------------+-------------+-----------------+------------------+----------------------+-------------------+
| NULL             | NULL       | 2019-02-11  |             490 |              505 |                  496 |                 0 |
| MXK-ANSEETOILE   | 2019-02-04 | 2019-02-11  |              59 |               60 |                   60 |                62 |
| MXK-ANSEROYALE   | 2019-02-04 | 2019-02-11  |             121 |              122 |                  122 |               128 |
| MXK-BEAUVALLON   | 2019-02-04 | 2019-02-11  |             971 |              984 |                  979 |              1006 |
| MXK-MAHE         | 2019-02-04 | 2019-02-11  |             853 |              885 |                  840 |               951 |
| MXK-PERSEVERANCE | 2019-02-04 | 2019-02-11  |            1036 |             1055 |                 1051 |              1087 |
| MXK-PRASLIN      | 2019-02-04 | 2019-02-11  |            1162 |             1167 |                 1159 |              1199 |
+------------------+------------+-------------+-----------------+------------------+----------------------+-------------------+
7 rows in set (0.14 sec)

mysql> mysql \. C:\workspace\cloud\code\sql\_DailyScript\currenttime.sql
+---------------------+
| currenttime         |
+---------------------+
| 2019-02-11 12:13:29 |
+---------------------+
1 row in set (0.00 sec)

mysql> 
mysql> mysql \. C:\workspace\cloud\code\sql\_DailyScript\sales-to-activenumber.sql
Database changed
Query OK, 0 rows affected (0.02 sec)

Query OK, 12944 rows affected (27 min 35.74 sec)
Records: 12944  Duplicates: 0  Warnings: 0

Query OK, 0 rows affected (0.13 sec)

Query OK, 44349 rows affected (26 min 50.83 sec)
Records: 44349  Duplicates: 0  Warnings: 0

mysql> mysql \. C:\workspace\cloud\code\sql\_DailyScript\currenttime.sql
+---------------------+
| currenttime         |
+---------------------+
| 2019-02-11 13:07:55 |
+---------------------+
1 row in set (0.02 sec)

mysql> 
mysql> exit
