    -> 
    -> mysql \. C:\workspace\cloud\code\sql\_DailyScript\_setdates.sql
Database changed
Query OK, 0 rows affected (0.00 sec)

Query OK, 0 rows affected (0.00 sec)

Query OK, 0 rows affected (0.00 sec)

Query OK, 0 rows affected (0.00 sec)

Query OK, 0 rows affected (0.00 sec)

Query OK, 0 rows affected (0.00 sec)

Query OK, 0 rows affected (0.00 sec)

Query OK, 0 rows affected (0.00 sec)

Query OK, 0 rows affected (0.00 sec)

Query OK, 0 rows affected (0.00 sec)

Query OK, 0 rows affected (0.00 sec)

Query OK, 0 rows affected (0.00 sec)

Query OK, 0 rows affected (0.00 sec)

Query OK, 0 rows affected (0.00 sec)

Query OK, 0 rows affected (0.00 sec)

Query OK, 0 rows affected (0.00 sec)

Query OK, 0 rows affected (0.00 sec)

Query OK, 0 rows affected (0.00 sec)

Query OK, 0 rows affected (0.00 sec)

Query OK, 0 rows affected (0.00 sec)

Query OK, 0 rows affected (0.00 sec)

mysql> mysql \. C:\workspace\cloud\code\sql\_DailyScript\currenttime.sql
+---------------------+
| currenttime         |
+---------------------+
| 2019-09-30 08:05:37 |
+---------------------+
1 row in set (0.00 sec)

mysql> 
mysql> mysql \. C:\workspace\cloud\code\sql\_DailyScript\load_RCB_VODTITLES.sql
Database changed
Query OK, 0 rows affected (0.00 sec)

Query OK, 7183 rows affected (0.61 sec)

Query OK, 7185 rows affected, 7185 warnings (0.34 sec)
Records: 7185  Deleted: 0  Skipped: 0  Warnings: 7185

Query OK, 0 rows affected (0.00 sec)

Query OK, 2 rows affected (0.03 sec)

+-----------+
| VODTITLES |
+-----------+
|      7643 |
+-----------+
1 row in set (0.00 sec)

+-----------+-----------+
| titletype | typecount |
+-----------+-----------+
| E         |      5748 |
| N         |       213 |
| T         |      1222 |
| NULL      |      7183 |
+-----------+-----------+
4 rows in set (0.03 sec)

mysql> mysql \. C:\workspace\cloud\code\sql\_DailyScript\currenttime.sql
+---------------------+
| currenttime         |
+---------------------+
| 2019-09-30 08:05:38 |
+---------------------+
1 row in set (0.00 sec)

mysql> 
mysql> mysql \. C:\workspace\cloud\code\sql\_DailyScript\DAILY-SCRIPT-LIVETV-STATS.sql
Database changed
Query OK, 0 rows affected (0.16 sec)

Query OK, 71104 rows affected (1.12 sec)
Records: 71104  Duplicates: 0  Warnings: 0

+------------+------------+----------+--------------+--------------+-----------+-------------+----------+--------+------+------------+---------+---------------+
| Table      | Non_unique | Key_name | Seq_in_index | Column_name  | Collation | Cardinality | Sub_part | Packed | Null | Index_type | Comment | Index_comment |
+------------+------------+----------+--------------+--------------+-----------+-------------+----------+--------+------+------------+---------+---------------+
| templivetv |          1 | idxtv1   |            1 | device       | A         |       70863 |     NULL | NULL   | YES  | BTREE      |         |               |
| templivetv |          1 | idxtv2   |            1 | sessionstart | A         |       70863 |     NULL | NULL   | YES  | BTREE      |         |               |
+------------+------------+----------+--------------+--------------+-----------+-------------+----------+--------+------+------------+---------+---------------+
2 rows in set (0.00 sec)

Query OK, 71040 rows affected (31.48 sec)
Records: 71040  Duplicates: 0  Warnings: 0

Query OK, 2783 rows affected (0.84 sec)
Records: 2783  Duplicates: 0  Warnings: 0

Query OK, 0 rows affected (0.00 sec)

Query OK, 0 rows affected (0.00 sec)

Query OK, 141 rows affected (0.13 sec)
Records: 141  Duplicates: 0  Warnings: 0

Query OK, 0 rows affected (0.14 sec)

Query OK, 90216 rows affected (19 min 44.12 sec)
Records: 90216  Duplicates: 0  Warnings: 0

+-----------------+
| rep_livetvstats |
+-----------------+
|           90216 |
+-----------------+
1 row in set (0.04 sec)

mysql> mysql \. C:\workspace\cloud\code\sql\_DailyScript\currenttime.sql
+---------------------+
| currenttime         |
+---------------------+
| 2019-09-30 08:25:57 |
+---------------------+
1 row in set (0.00 sec)

mysql> 
mysql> mysql \. C:\workspace\cloud\code\sql\_DailyScript\DAILY-SCRIPT-VODTS-STATS.sql
Database changed
Query OK, 0 rows affected (0.01 sec)

Query OK, 3479 rows affected (52.81 sec)
Records: 3479  Duplicates: 0  Warnings: 0

+---------+------------+----------+--------------+--------------+-----------+-------------+----------+--------+------+------------+---------+---------------+
| Table   | Non_unique | Key_name | Seq_in_index | Column_name  | Collation | Cardinality | Sub_part | Packed | Null | Index_type | Comment | Index_comment |
+---------+------------+----------+--------------+--------------+-----------+-------------+----------+--------+------+------------+---------+---------------+
| tempvod |          1 | idxtvod1 |            1 | device       | A         |        3292 |     NULL | NULL   | YES  | BTREE      |         |               |
| tempvod |          1 | idxtvod2 |            1 | sessionstart | A         |        3292 |     NULL | NULL   | YES  | BTREE      |         |               |
+---------+------------+----------+--------------+--------------+-----------+-------------+----------+--------+------+------------+---------+---------------+
2 rows in set (0.01 sec)

Query OK, 3479 rows affected (2.17 sec)
Records: 3479  Duplicates: 0  Warnings: 0

Query OK, 0 rows affected (0.02 sec)

Query OK, 346650 rows affected (32.02 sec)
Records: 346650  Duplicates: 0  Warnings: 0

+--------------+
| rep_vodstats |
+--------------+
|       346650 |
+--------------+
1 row in set (0.11 sec)

Database changed
Query OK, 0 rows affected (0.26 sec)

Query OK, 11198 rows affected (4 min 40.67 sec)
Records: 11198  Duplicates: 0  Warnings: 0

+--------+------------+----------+--------------+--------------+-----------+-------------+----------+--------+------+------------+---------+---------------+
| Table  | Non_unique | Key_name | Seq_in_index | Column_name  | Collation | Cardinality | Sub_part | Packed | Null | Index_type | Comment | Index_comment |
+--------+------------+----------+--------------+--------------+-----------+-------------+----------+--------+------+------------+---------+---------------+
| tempts |          1 | idxtts1  |            1 | device       | A         |       10083 |     NULL | NULL   | YES  | BTREE      |         |               |
| tempts |          1 | idxtts2  |            1 | sessionstart | A         |       10083 |     NULL | NULL   | YES  | BTREE      |         |               |
+--------+------------+----------+--------------+--------------+-----------+-------------+----------+--------+------+------------+---------+---------------+
2 rows in set (0.00 sec)

Query OK, 11179 rows affected (11.45 sec)
Records: 11179  Duplicates: 0  Warnings: 0

Query OK, 0 rows affected (0.02 sec)

Query OK, 24779 rows affected (4 min 19.29 sec)
Records: 24779  Duplicates: 0  Warnings: 0

+-------------+
| rep_tsstats |
+-------------+
|       24779 |
+-------------+
1 row in set (0.01 sec)

mysql> mysql \. C:\workspace\cloud\code\sql\_DailyScript\currenttime.sql
+---------------------+
| currenttime         |
+---------------------+
| 2019-09-30 08:36:35 |
+---------------------+
1 row in set (0.00 sec)

mysql> 
mysql> mysql \. C:\workspace\cloud\code\sql\_DailyScript\DAILY-SCRIPT-RADIO-STATS.sql
Database changed
Query OK, 0 rows affected (0.01 sec)

Query OK, 181119 rows affected (5.65 sec)
Records: 181119  Duplicates: 0  Warnings: 0

+-----------+------------+----------+--------------+--------------+-----------+-------------+----------+--------+------+------------+---------+---------------+
| Table     | Non_unique | Key_name | Seq_in_index | Column_name  | Collation | Cardinality | Sub_part | Packed | Null | Index_type | Comment | Index_comment |
+-----------+------------+----------+--------------+--------------+-----------+-------------+----------+--------+------+------------+---------+---------------+
| tempradio |          1 | idxtrad1 |            1 | device       | A         |      181817 |     NULL | NULL   | YES  | BTREE      |         |               |
| tempradio |          1 | idxtrad2 |            1 | sessionstart | A         |      181817 |     NULL | NULL   | YES  | BTREE      |         |               |
+-----------+------------+----------+--------------+--------------+-----------+-------------+----------+--------+------+------------+---------+---------------+
2 rows in set (0.00 sec)

Query OK, 202 rows affected (3.70 sec)
Records: 202  Duplicates: 0  Warnings: 0

Query OK, 0 rows affected (0.01 sec)

Query OK, 3359 rows affected (0.30 sec)
Records: 3359  Duplicates: 0  Warnings: 0

+----------------+
| rep_radiostats |
+----------------+
|           3359 |
+----------------+
1 row in set (0.00 sec)

mysql> mysql \. C:\workspace\cloud\code\sql\_DailyScript\currenttime.sql
+---------------------+
| currenttime         |
+---------------------+
| 2019-09-30 08:36:45 |
+---------------------+
1 row in set (0.00 sec)

mysql> 
mysql> mysql \. C:\workspace\cloud\code\sql\_DailyScript\DAILY_SCRIPT_TELEMETRY_PIVOT.sql
Query OK, 0 rows affected (0.00 sec)

Query OK, 147 rows affected (0.22 sec)
Records: 147  Duplicates: 0  Warnings: 0

Query OK, 0 rows affected (0.00 sec)

Query OK, 6193 rows affected (1.55 sec)
Records: 6193  Duplicates: 0  Warnings: 0

Query OK, 0 rows affected (0.01 sec)

Query OK, 6 rows affected (0.01 sec)
Records: 6  Duplicates: 0  Warnings: 0

Query OK, 0 rows affected (0.01 sec)

Query OK, 55 rows affected (0.06 sec)
Records: 55  Duplicates: 0  Warnings: 0

mysql> mysql \. C:\workspace\cloud\code\sql\_DailyScript\currenttime.sql
+---------------------+
| currenttime         |
+---------------------+
| 2019-09-30 08:36:47 |
+---------------------+
1 row in set (0.00 sec)

mysql> 
mysql> mysql \. C:\workspace\cloud\code\sql\_DailyScript\telemetry_livetv_ranking2019.sql
Query OK, 0 rows affected (0.00 sec)

Query OK, 147 rows affected (0.02 sec)
Records: 147  Duplicates: 0  Warnings: 0

mysql> mysql \. C:\workspace\cloud\code\sql\_DailyScript\currenttime.sql
+---------------------+
| currenttime         |
+---------------------+
| 2019-09-30 08:36:47 |
+---------------------+
1 row in set (0.00 sec)

mysql> 
mysql> mysql \. C:\workspace\cloud\code\sql\_DailyScript\telemetry_radio_ranking2019.sql
Query OK, 0 rows affected (0.01 sec)

Query OK, 6 rows affected (0.01 sec)
Records: 6  Duplicates: 0  Warnings: 0

mysql> mysql \. C:\workspace\cloud\code\sql\_DailyScript\currenttime.sql
+---------------------+
| currenttime         |
+---------------------+
| 2019-09-30 08:36:47 |
+---------------------+
1 row in set (0.00 sec)

mysql> 
mysql> mysql \. C:\workspace\cloud\code\sql\_DailyScript\telemetry_ts_ranking2019.sql
Query OK, 0 rows affected (0.01 sec)

Query OK, 55 rows affected (0.01 sec)
Records: 55  Duplicates: 0  Warnings: 0

mysql> mysql \. C:\workspace\cloud\code\sql\_DailyScript\currenttime.sql
+---------------------+
| currenttime         |
+---------------------+
| 2019-09-30 08:36:47 |
+---------------------+
1 row in set (0.00 sec)

mysql> 
mysql> mysql \. C:\workspace\cloud\code\sql\_DailyScript\telemetry_vod_ranking2019.sql
Query OK, 0 rows affected (0.03 sec)

Query OK, 6193 rows affected (0.35 sec)
Records: 6193  Duplicates: 0  Warnings: 0

mysql> mysql \. C:\workspace\cloud\code\sql\_DailyScript\currenttime.sql
+---------------------+
| currenttime         |
+---------------------+
| 2019-09-30 08:36:47 |
+---------------------+
1 row in set (0.00 sec)

mysql> 
mysql> mysql \. C:\workspace\cloud\code\sql\_DailyScript\telemetry_vod_ranking2019_1.sql
Query OK, 0 rows affected (0.00 sec)

Query OK, 6193 rows affected (0.16 sec)
Records: 6193  Duplicates: 0  Warnings: 0

mysql> mysql \. C:\workspace\cloud\code\sql\_DailyScript\currenttime.sql
+---------------------+
| currenttime         |
+---------------------+
| 2019-09-30 08:36:48 |
+---------------------+
1 row in set (0.00 sec)

mysql> 
mysql> mysql \. C:\workspace\cloud\code\sql\_DailyScript\telemetry_vod_ranking2019_2.sql
Query OK, 0 rows affected (0.01 sec)

Query OK, 6193 rows affected (0.14 sec)
Records: 6193  Duplicates: 0  Warnings: 0

mysql> mysql \. C:\workspace\cloud\code\sql\_DailyScript\currenttime.sql
+---------------------+
| currenttime         |
+---------------------+
| 2019-09-30 08:36:48 |
+---------------------+
1 row in set (0.00 sec)

mysql> 
mysql> mysql \. C:\workspace\cloud\code\sql\_DailyScript\DAILY-SCRIPT-CREATE-LOAD.sql
Database changed
Database changed
Query OK, 0 rows affected (0.03 sec)

Query OK, 0 rows affected (0.01 sec)

Database changed
Query OK, 65720 rows affected (3.42 sec)
Records: 65720  Deleted: 0  Skipped: 0  Warnings: 0

Query OK, 0 rows affected (0.15 sec)
Records: 0  Duplicates: 0  Warnings: 0

Query OK, 0 rows affected (0.25 sec)
Records: 0  Duplicates: 0  Warnings: 0

Query OK, 0 rows affected (0.27 sec)
Records: 0  Duplicates: 0  Warnings: 0

Query OK, 0 rows affected (0.23 sec)
Records: 0  Duplicates: 0  Warnings: 0

+---------+
| clients |
+---------+
|   65720 |
+---------+
1 row in set (0.02 sec)

Query OK, 0 rows affected (0.01 sec)

Query OK, 2328 rows affected (0.51 sec)
Records: 2328  Duplicates: 0  Warnings: 0

+-------------------+
| rcb_clientparcels |
+-------------------+
|              2328 |
+-------------------+
1 row in set (0.00 sec)

Query OK, 0 rows affected (0.01 sec)

Query OK, 85606 rows affected (3.57 sec)
Records: 85606  Duplicates: 0  Warnings: 0

Query OK, 0 rows affected (0.34 sec)
Records: 0  Duplicates: 0  Warnings: 0

Query OK, 0 rows affected (0.01 sec)

Query OK, 65720 rows affected (3.39 sec)
Records: 65720  Duplicates: 0  Warnings: 0

Query OK, 0 rows affected (0.21 sec)
Records: 0  Duplicates: 0  Warnings: 0

Query OK, 0 rows affected (0.29 sec)
Records: 0  Duplicates: 0  Warnings: 0

Query OK, 0 rows affected (0.28 sec)
Records: 0  Duplicates: 0  Warnings: 0

+---------------+
| clientaddress |
+---------------+
|         65720 |
+---------------+
1 row in set (0.02 sec)

Database changed
Query OK, 0 rows affected (0.10 sec)

Query OK, 0 rows affected (0.01 sec)

Database changed
Query OK, 488292 rows affected, 65535 warnings (21.02 sec)
Records: 488292  Deleted: 0  Skipped: 0  Warnings: 191674

Query OK, 0 rows affected (5.31 sec)
Records: 0  Duplicates: 0  Warnings: 0

Query OK, 0 rows affected (3.03 sec)
Records: 0  Duplicates: 0  Warnings: 0

Query OK, 0 rows affected (2.14 sec)
Records: 0  Duplicates: 0  Warnings: 0

Query OK, 0 rows affected (0.12 sec)

Query OK, 488292 rows affected (50.83 sec)
Records: 488292  Duplicates: 0  Warnings: 0

Query OK, 0 rows affected (2.05 sec)
Records: 0  Duplicates: 0  Warnings: 0

Query OK, 0 rows affected (1.51 sec)
Records: 0  Duplicates: 0  Warnings: 0

+-----------+
| contracts |
+-----------+
|    488292 |
+-----------+
1 row in set (0.17 sec)

+-----------------+
| contractaddress |
+-----------------+
|          488292 |
+-----------------+
1 row in set (0.17 sec)

Database changed
Query OK, 0 rows affected (0.03 sec)

Query OK, 0 rows affected (0.01 sec)

Query OK, 7070 rows affected (0.18 sec)
Records: 7070  Deleted: 0  Skipped: 0  Warnings: 0

Query OK, 0 rows affected (0.04 sec)

Query OK, 7039 rows affected (1.41 sec)
Records: 7039  Duplicates: 0  Warnings: 0

Query OK, 0 rows affected (0.05 sec)
Records: 0  Duplicates: 0  Warnings: 0

Query OK, 0 rows affected (0.01 sec)

Query OK, 5525 rows affected (0.04 sec)
Records: 5525  Duplicates: 0  Warnings: 0

Query OK, 0 rows affected (0.03 sec)
Records: 0  Duplicates: 0  Warnings: 0

+-------------------+
| contractdiscounts |
+-------------------+
|              7070 |
+-------------------+
1 row in set (0.00 sec)

+-------------------------+
| clientcontractdiscounts |
+-------------------------+
|                    7039 |
+-------------------------+
1 row in set (0.00 sec)

+----------------------------+
| clientcontractlastdiscount |
+----------------------------+
|                       5525 |
+----------------------------+
1 row in set (0.00 sec)

Database changed
Query OK, 0 rows affected (0.11 sec)

Query OK, 0 rows affected (0.00 sec)

Database changed
Query OK, 130572 rows affected (3.77 sec)
Records: 130572  Deleted: 0  Skipped: 0  Warnings: 0

Query OK, 0 rows affected (0.38 sec)
Records: 0  Duplicates: 0  Warnings: 0

Query OK, 0 rows affected (0.37 sec)
Records: 0  Duplicates: 0  Warnings: 0

Query OK, 0 rows affected (0.58 sec)
Records: 0  Duplicates: 0  Warnings: 0

Query OK, 0 rows affected (0.55 sec)
Records: 0  Duplicates: 0  Warnings: 0

Query OK, 0 rows affected (0.50 sec)
Records: 0  Duplicates: 0  Warnings: 0

Query OK, 0 rows affected (0.65 sec)
Records: 0  Duplicates: 0  Warnings: 0

Query OK, 0 rows affected (0.05 sec)

Query OK, 1667000 rows affected (3 min 0.91 sec)
Records: 1667000  Duplicates: 0  Warnings: 0

+---------+
| devices |
+---------+
|  130572 |
+---------+
1 row in set (0.05 sec)

+-----------------------+
| clientcontractdevices |
+-----------------------+
|               1667000 |
+-----------------------+
1 row in set (0.76 sec)

Query OK, 0 rows affected (0.04 sec)

Query OK, 130540 rows affected (6.31 sec)
Records: 130540  Duplicates: 0  Warnings: 0

+---------------------------+
| rep_clientcontractdevices |
+---------------------------+
|                    130540 |
+---------------------------+
1 row in set (0.04 sec)

Database changed
Query OK, 0 rows affected (0.03 sec)

Query OK, 0 rows affected (0.01 sec)

Query OK, 257171 rows affected (8.04 sec)
Records: 257171  Deleted: 0  Skipped: 0  Warnings: 0

Query OK, 0 rows affected (0.70 sec)
Records: 0  Duplicates: 0  Warnings: 0

Query OK, 0 rows affected (0.57 sec)
Records: 0  Duplicates: 0  Warnings: 0

Query OK, 0 rows affected (0.70 sec)
Records: 0  Duplicates: 0  Warnings: 0

Query OK, 0 rows affected (0.54 sec)
Records: 0  Duplicates: 0  Warnings: 0

+---------+
| tickets |
+---------+
|  257171 |
+---------+
1 row in set (0.08 sec)

Database changed
Query OK, 0 rows affected (0.02 sec)

Query OK, 0 rows affected (0.01 sec)

Empty set (0.00 sec)

Query OK, 0 rows affected (0.01 sec)
Records: 0  Duplicates: 0  Warnings: 0

Query OK, 315 rows affected, 2 warnings (0.01 sec)
Records: 315  Deleted: 0  Skipped: 0  Warnings: 2

+-----------------+
| tickettechusers |
+-----------------+
|             315 |
+-----------------+
1 row in set (0.00 sec)

Database changed
Query OK, 0 rows affected (0.01 sec)

Query OK, 0 rows affected (0.00 sec)

Query OK, 0 rows affected (0.01 sec)
Records: 0  Duplicates: 0  Warnings: 0

Query OK, 541750 rows affected, 42875 warnings (11.74 sec)
Records: 541750  Deleted: 0  Skipped: 0  Warnings: 42875

+-------------------+
| ticketassignments |
+-------------------+
|            541750 |
+-------------------+
1 row in set (0.18 sec)

Database changed
Query OK, 0 rows affected (0.14 sec)

Query OK, 0 rows affected (0.01 sec)

Query OK, 1124098 rows affected (17.39 sec)
Records: 1124098  Deleted: 0  Skipped: 0  Warnings: 0

Query OK, 0 rows affected (8.66 sec)
Records: 0  Duplicates: 0  Warnings: 0

Query OK, 0 rows affected (3.82 sec)
Records: 0  Duplicates: 0  Warnings: 0

Query OK, 0 rows affected (3.13 sec)
Records: 0  Duplicates: 0  Warnings: 0

Query OK, 0 rows affected (3.32 sec)
Records: 0  Duplicates: 0  Warnings: 0

+----------------+
| ticketcomments |
+----------------+
|        1124098 |
+----------------+
1 row in set (0.39 sec)

Database changed
Query OK, 0 rows affected (0.01 sec)

Query OK, 0 rows affected (0.01 sec)

Query OK, 418737 rows affected (43.63 sec)
Records: 418737  Deleted: 0  Skipped: 0  Warnings: 0

Query OK, 0 rows affected (2.35 sec)
Records: 0  Duplicates: 0  Warnings: 0

+----------+
| comments |
+----------+
|   418737 |
+----------+
1 row in set (0.14 sec)

Database changed
Query OK, 0 rows affected (0.03 sec)

Query OK, 0 rows affected (0.01 sec)

Query OK, 947722 rows affected, 65535 warnings (1 min 8.59 sec)
Records: 947722  Deleted: 0  Skipped: 0  Warnings: 947723

Query OK, 0 rows affected (4.84 sec)
Records: 0  Duplicates: 0  Warnings: 0

Query OK, 0 rows affected (3.64 sec)
Records: 0  Duplicates: 0  Warnings: 0

Query OK, 0 rows affected (2.70 sec)
Records: 0  Duplicates: 0  Warnings: 0

Query OK, 0 rows affected (3.13 sec)
Records: 0  Duplicates: 0  Warnings: 0

Query OK, 0 rows affected (3.80 sec)
Records: 0  Duplicates: 0  Warnings: 0

+------------+
| devicesold |
+------------+
|     947722 |
+------------+
1 row in set (0.34 sec)

Database changed
Query OK, 0 rows affected (0.03 sec)

Query OK, 0 rows affected (0.01 sec)

Query OK, 1660335 rows affected (26.91 sec)
Records: 1660335  Deleted: 0  Skipped: 0  Warnings: 0

Query OK, 0 rows affected (10.34 sec)
Records: 0  Duplicates: 0  Warnings: 0

Query OK, 0 rows affected (4.53 sec)
Records: 0  Duplicates: 0  Warnings: 0

Query OK, 0 rows affected (4.82 sec)
Records: 0  Duplicates: 0  Warnings: 0

+------------------+
| contractservices |
+------------------+
|          1660335 |
+------------------+
1 row in set (0.55 sec)

Database changed
Query OK, 0 rows affected (0.08 sec)

Query OK, 0 rows affected (0.01 sec)

Query OK, 3783805 rows affected (2 min 9.30 sec)
Records: 3783805  Deleted: 0  Skipped: 0  Warnings: 0

Query OK, 0 rows affected (16.25 sec)
Records: 0  Duplicates: 0  Warnings: 0

Query OK, 0 rows affected (15.32 sec)
Records: 0  Duplicates: 0  Warnings: 0

Query OK, 0 rows affected (16.41 sec)
Records: 0  Duplicates: 0  Warnings: 0

Query OK, 0 rows affected (15.59 sec)
Records: 0  Duplicates: 0  Warnings: 0

+------------------+
| invoicescontents |
+------------------+
|          3783805 |
+------------------+
1 row in set (1.22 sec)

Database changed
Query OK, 0 rows affected (0.20 sec)

Query OK, 0 rows affected (0.01 sec)

Query OK, 2625430 rows affected (3 min 36.07 sec)
Records: 2625430  Deleted: 0  Skipped: 0  Warnings: 0

Query OK, 0 rows affected (16.07 sec)
Records: 0  Duplicates: 0  Warnings: 0

Query OK, 0 rows affected (14.56 sec)
Records: 0  Duplicates: 0  Warnings: 0

Query OK, 0 rows affected (13.74 sec)
Records: 0  Duplicates: 0  Warnings: 0

Query OK, 0 rows affected (10.61 sec)
Records: 0  Duplicates: 0  Warnings: 0

Query OK, 0 rows affected (13.62 sec)
Records: 0  Duplicates: 0  Warnings: 0

+----------------+
| invoicesheader |
+----------------+
|        2625430 |
+----------------+
1 row in set (0.88 sec)

Database changed
Query OK, 0 rows affected (0.13 sec)

Query OK, 0 rows affected (0.01 sec)

Query OK, 2734853 rows affected (1 min 27.74 sec)
Records: 2734853  Deleted: 0  Skipped: 0  Warnings: 0

Query OK, 0 rows affected (20.03 sec)
Records: 0  Duplicates: 0  Warnings: 0

Query OK, 0 rows affected (11.19 sec)
Records: 0  Duplicates: 0  Warnings: 0

Query OK, 0 rows affected (9.89 sec)
Records: 0  Duplicates: 0  Warnings: 0

Query OK, 0 rows affected (9.73 sec)
Records: 0  Duplicates: 0  Warnings: 0

+---------+
| casa    |
+---------+
| 2734853 |
+---------+
1 row in set (0.93 sec)

Query OK, 0 rows affected (0.08 sec)

Query OK, 12953 rows affected (1 min 24.99 sec)
Records: 12953  Duplicates: 0  Warnings: 0

+--------------------+
| rep_paycol_channel |
+--------------------+
|              12953 |
+--------------------+
1 row in set (0.01 sec)

Query OK, 0 rows affected (0.01 sec)

Query OK, 8696 rows affected (1 min 32.73 sec)
Records: 8696  Duplicates: 0  Warnings: 0

+----------------+
| rep_paycol_pos |
+----------------+
|           8696 |
+----------------+
1 row in set (0.01 sec)

Database changed
Query OK, 0 rows affected (0.01 sec)

Query OK, 0 rows affected (0.01 sec)

Database changed
Query OK, 38490 rows affected (0.98 sec)
Records: 38490  Deleted: 0  Skipped: 0  Warnings: 0

+-------+
| users |
+-------+
| 38490 |
+-------+
1 row in set (0.02 sec)

Database changed
Query OK, 0 rows affected (0.08 sec)

Query OK, 0 rows affected (0.01 sec)

Database changed
Query OK, 9553019 rows affected (2 min 18.50 sec)
Records: 9553019  Deleted: 0  Skipped: 0  Warnings: 0

Query OK, 0 rows affected (33.93 sec)
Records: 0  Duplicates: 0  Warnings: 0

Query OK, 0 rows affected (34.22 sec)
Records: 0  Duplicates: 0  Warnings: 0

Query OK, 0 rows affected (33.15 sec)
Records: 0  Duplicates: 0  Warnings: 0

Query OK, 0 rows affected (28.66 sec)
Records: 0  Duplicates: 0  Warnings: 0

+----------+
| ipusage1 |
+----------+
|  9553019 |
+----------+
1 row in set (7.90 sec)

Query OK, 0 rows affected (0.09 sec)

Query OK, 9633880 rows affected, 65535 warnings (11 min 26.46 sec)
Records: 9633880  Duplicates: 0  Warnings: 9631126

Query OK, 0 rows affected (28.37 sec)
Records: 0  Duplicates: 0  Warnings: 0

Query OK, 0 rows affected (34.34 sec)
Records: 0  Duplicates: 0  Warnings: 0

Query OK, 0 rows affected (31.87 sec)
Records: 0  Duplicates: 0  Warnings: 0

Query OK, 0 rows affected (31.98 sec)
Records: 0  Duplicates: 0  Warnings: 0

Query OK, 0 rows affected (1 min 1.66 sec)
Records: 0  Duplicates: 0  Warnings: 0

Query OK, 0 rows affected (47.16 sec)
Records: 0  Duplicates: 0  Warnings: 0

Query OK, 0 rows affected (38.30 sec)
Records: 0  Duplicates: 0  Warnings: 0

+---------+
| ipusage |
+---------+
| 9633880 |
+---------+
1 row in set (3.36 sec)

Query OK, 0 rows affected (0.04 sec)

Query OK, 2461790 rows affected (2 min 27.13 sec)
Records: 2461790  Duplicates: 0  Warnings: 0

Query OK, 0 rows affected (10.94 sec)
Records: 0  Duplicates: 0  Warnings: 0

Query OK, 0 rows affected (7.20 sec)
Records: 0  Duplicates: 0  Warnings: 0

Query OK, 0 rows affected (10.20 sec)
Records: 0  Duplicates: 0  Warnings: 0

Query OK, 0 rows affected (10.19 sec)
Records: 0  Duplicates: 0  Warnings: 0

Query OK, 0 rows affected (7.62 sec)
Records: 0  Duplicates: 0  Warnings: 0

Query OK, 0 rows affected (0.03 sec)

Query OK, 184231 rows affected (20.53 sec)
Records: 184231  Duplicates: 0  Warnings: 0

Query OK, 0 rows affected (0.73 sec)
Records: 0  Duplicates: 0  Warnings: 0

Query OK, 0 rows affected (0.69 sec)
Records: 0  Duplicates: 0  Warnings: 0

Query OK, 0 rows affected (0.79 sec)
Records: 0  Duplicates: 0  Warnings: 0

Query OK, 0 rows affected (0.40 sec)
Records: 0  Duplicates: 0  Warnings: 0

Query OK, 0 rows affected (0.49 sec)
Records: 0  Duplicates: 0  Warnings: 0

Query OK, 0 rows affected (0.04 sec)

Query OK, 1660157 rows affected (59.04 sec)
Records: 1660157  Duplicates: 0  Warnings: 0

Query OK, 0 rows affected (7.69 sec)
Records: 0  Duplicates: 0  Warnings: 0

Query OK, 0 rows affected (4.62 sec)
Records: 0  Duplicates: 0  Warnings: 0

Query OK, 0 rows affected (6.41 sec)
Records: 0  Duplicates: 0  Warnings: 0

mysql> mysql \. C:\workspace\cloud\code\sql\_DailyScript\currenttime.sql
+---------------------+
| currenttime         |
+---------------------+
| 2019-09-30 09:24:37 |
+---------------------+
1 row in set (0.00 sec)

mysql> 
mysql> mysql \. C:\workspace\cloud\code\sql\_DailyScript\ticket_analysis.sql
Database changed
Query OK, 0 rows affected (0.03 sec)

Query OK, 485078 rows affected (24.58 sec)
Records: 485078  Duplicates: 0  Warnings: 0

Query OK, 0 rows affected (6.89 sec)
Records: 0  Duplicates: 0  Warnings: 0

Query OK, 0 rows affected (1.84 sec)
Records: 0  Duplicates: 0  Warnings: 0

Query OK, 0 rows affected (1.54 sec)
Records: 0  Duplicates: 0  Warnings: 0

Query OK, 0 rows affected (0.01 sec)

Query OK, 16710 rows affected (10.34 sec)
Records: 16710  Duplicates: 0  Warnings: 0

Query OK, 0 rows affected, 1 warning (0.00 sec)

Query OK, 66732 rows affected (6.48 sec)
Records: 66732  Duplicates: 0  Warnings: 0

Query OK, 0 rows affected, 1 warning (0.00 sec)

Query OK, 346780 rows affected (11.24 sec)
Records: 346780  Duplicates: 0  Warnings: 0

Query OK, 0 rows affected, 1 warning (0.00 sec)

Query OK, 346780 rows affected (12.56 sec)
Records: 346780  Duplicates: 0  Warnings: 0

Query OK, 0 rows affected (0.01 sec)

Query OK, 66778 rows affected (5.80 sec)
Records: 66778  Duplicates: 0  Warnings: 0

Database changed
Query OK, 0 rows affected (0.00 sec)

Query OK, 0 rows affected (0.01 sec)

Query OK, 485078 rows affected (24.69 sec)
Records: 485078  Duplicates: 0  Warnings: 0

Query OK, 0 rows affected (0.03 sec)

Query OK, 234303 rows affected (14.54 sec)
Records: 234303  Duplicates: 0  Warnings: 0

+--------------------------+
| clientticket_cmmtjourney |
+--------------------------+
|                   485078 |
+--------------------------+
1 row in set (4.43 sec)

+---------------------------+
| clientticket_assgnjourney |
+---------------------------+
|                    234303 |
+---------------------------+
1 row in set (0.28 sec)

Query OK, 0 rows affected (0.02 sec)

Query OK, 79 rows affected (0.09 sec)
Records: 79  Duplicates: 0  Warnings: 0

mysql> mysql \. C:\workspace\cloud\code\sql\_DailyScript\currenttime.sql
+---------------------+
| currenttime         |
+---------------------+
| 2019-09-30 09:26:43 |
+---------------------+
1 row in set (0.00 sec)

mysql> 
mysql> mysql \. C:\workspace\cloud\code\sql\_DailyScript\load_DailyCalls.sql
Database changed
Query OK, 183 rows affected (0.35 sec)
Records: 183  Deleted: 0  Skipped: 0  Warnings: 0

Query OK, 0 rows affected, 1 warning (0.00 sec)

Query OK, 183 rows affected (0.45 sec)
Records: 183  Duplicates: 0  Warnings: 0

Query OK, 0 rows affected, 1 warning (0.00 sec)

Query OK, 67500 rows affected (0.43 sec)
Records: 67500  Duplicates: 0  Warnings: 0

+----------------------+
| callingclientsbefore |
+----------------------+
|               758880 |
+----------------------+
1 row in set (1.94 sec)

Query OK, 246 rows affected (4.28 sec)
Records: 246  Duplicates: 0  Warnings: 0

+---------------------+
| callingclientsafter |
+---------------------+
|              759126 |
+---------------------+
1 row in set (0.23 sec)

Query OK, 0 rows affected (0.01 sec)

Query OK, 135 rows affected (14.09 sec)
Records: 135  Duplicates: 0  Warnings: 0

Query OK, 0 rows affected (0.00 sec)

Query OK, 15657 rows affected (2.43 sec)
Records: 15657  Duplicates: 0  Warnings: 0

+-----------+
| callstats |
+-----------+
|     15657 |
+-----------+
1 row in set (0.01 sec)

Query OK, 0 rows affected, 1 warning (0.00 sec)

Query OK, 246 rows affected (7.56 sec)
Records: 246  Duplicates: 0  Warnings: 0

+------------------------+
| rep_cccallreportbefore |
+------------------------+
|                 762717 |
+------------------------+
1 row in set (0.22 sec)

Query OK, 246 rows affected (0.58 sec)
Records: 246  Duplicates: 0  Warnings: 0

+-----------------------+
| rep_cccallreportafter |
+-----------------------+
|                762963 |
+-----------------------+
1 row in set (0.23 sec)

Query OK, 0 rows affected (0.00 sec)

mysql> mysql \. C:\workspace\cloud\code\sql\_DailyScript\currenttime.sql
+---------------------+
| currenttime         |
+---------------------+
| 2019-09-30 09:27:16 |
+---------------------+
1 row in set (0.00 sec)

mysql> 
mysql> mysql \. C:\workspace\cloud\code\sql\_DailyScript\DAILY-SCRIPT-USAGE.sql
Database changed
Query OK, 0 rows affected (0.00 sec)

Query OK, 6547 rows affected, 18986 warnings (3.06 sec)
Records: 6547  Deleted: 0  Skipped: 0  Warnings: 18986

Query OK, 0 rows affected (0.00 sec)

Query OK, 10494 rows affected, 30422 warnings (4.09 sec)
Records: 10494  Deleted: 0  Skipped: 0  Warnings: 30422

Query OK, 0 rows affected (0.00 sec)

Query OK, 55 rows affected, 191 warnings (0.03 sec)
Records: 55  Deleted: 0  Skipped: 0  Warnings: 191

Query OK, 0 rows affected (0.00 sec)

Query OK, 173 rows affected, 592 warnings (0.04 sec)
Records: 173  Deleted: 0  Skipped: 0  Warnings: 592

+------------+
| dailyusage |
+------------+
|    7997400 |
+------------+
1 row in set (23.41 sec)

+------------+------------+------------+---------+
| datestart  | dateend    | insertedon | records |
+------------+------------+------------+---------+
| 2019-09-29 | 2019-09-29 | 2019-09-30 |   17269 |
| 2019-09-28 | 2019-09-28 | 2019-09-29 |   17306 |
| 2019-09-27 | 2019-09-27 | 2019-09-28 |   17460 |
| 2019-09-26 | 2019-09-26 | 2019-09-28 |   17339 |
| 2019-09-25 | 2019-09-25 | 2019-09-26 |   17215 |
+------------+------------+------------+---------+
5 rows in set (2 min 51.49 sec)

mysql> mysql \. C:\workspace\cloud\code\sql\_DailyScript\currenttime.sql
+---------------------+
| currenttime         |
+---------------------+
| 2019-09-30 09:30:38 |
+---------------------+
1 row in set (0.00 sec)

mysql> 
mysql> mysql \. C:\workspace\cloud\code\sql\_DailyScript\DAILY-SCRIPT-SALES-TELEMETRY.sql
Database changed
Query OK, 36 rows affected (0.18 sec)
Records: 36  Deleted: 0  Skipped: 0  Warnings: 0

+------------+
| dailysales |
+------------+
|     168584 |
+------------+
1 row in set (0.83 sec)

Query OK, 0 rows affected (0.06 sec)

Query OK, 168584 rows affected (24.37 sec)
Records: 168584  Duplicates: 0  Warnings: 0

+--------+
| sales  |
+--------+
| 168584 |
+--------+
1 row in set (0.07 sec)

Query OK, 0 rows affected (0.01 sec)

Query OK, 2701 rows affected (0.31 sec)
Records: 2701  Duplicates: 0  Warnings: 0

+----------------+
| rep_dailysales |
+----------------+
|           2701 |
+----------------+
1 row in set (0.00 sec)

Query OK, 0 rows affected (0.00 sec)

Query OK, 2701 rows affected (0.49 sec)
Records: 2701  Duplicates: 0  Warnings: 0

+-------------------+
| rep_dailysalesreg |
+-------------------+
|              2701 |
+-------------------+
1 row in set (0.00 sec)

Query OK, 0 rows affected (0.04 sec)

Query OK, 2533 rows affected (0.64 sec)
Records: 2533  Duplicates: 0  Warnings: 0

+-----------+
| saleslist |
+-----------+
|      2533 |
+-----------+
1 row in set (0.00 sec)

Database changed
ERROR 2 (HY000): File 'C:\ProgramData\MySQL\MySQL Server 5.7\Uploads\_csv\PrepaidCardSales-29092019-P1.csv' not found (Errcode: 2 - No such file or directory)
+------------------+
| dailysinglesales |
+------------------+
|             5976 |
+------------------+
1 row in set (0.06 sec)

Database changed
Query OK, 9 rows affected (0.04 sec)
Records: 9  Deleted: 0  Skipped: 0  Warnings: 0

+-----------------+
| dailyaddonsales |
+-----------------+
|           17098 |
+-----------------+
1 row in set (0.18 sec)

Query OK, 102 rows affected (0.43 sec)
Records: 102  Deleted: 0  Skipped: 0  Warnings: 0

+----------------+
| onlinepayments |
+----------------+
|          65805 |
+----------------+
1 row in set (0.22 sec)

+-------------+----------------+---------------------+
| paymentdate | onlinepayments | onlinepaymentamount |
+-------------+----------------+---------------------+
| 2019-09-29  |            102 |         61427.78000 |
| 2019-09-28  |            145 |         94428.30000 |
| 2019-09-27  |            166 |        121876.83000 |
| 2019-09-26  |            140 |         92611.94000 |
| 2019-09-25  |            145 |         90280.57000 |
+-------------+----------------+---------------------+
5 rows in set (3.67 sec)

+-------------+--------------+----------------+---------------------+
| paymentyear | paymentmonth | onlinepayments | onlinepaymentamount |
+-------------+--------------+----------------+---------------------+
|        2019 |            9 |           2997 |       1934785.39000 |
|        2019 |            8 |           3117 |       1993718.27000 |
|        2019 |            7 |           3028 |       2000847.29000 |
|        2019 |            6 |           2798 |       1782990.54000 |
|        2019 |            5 |           2949 |       1930613.93000 |
+-------------+--------------+----------------+---------------------+
5 rows in set (0.11 sec)

mysql> mysql \. C:\workspace\cloud\code\sql\_DailyScript\currenttime.sql
+---------------------+
| currenttime         |
+---------------------+
| 2019-09-30 09:31:10 |
+---------------------+
1 row in set (0.00 sec)

mysql> 
mysql> mysql \. C:\workspace\cloud\code\sql\_DailyScript\DAILY-SCRIPT-ACTIVENUMBERS.sql
Database changed
Query OK, 1256 rows affected (1.38 sec)
Records: 1256  Deleted: 0  Skipped: 0  Warnings: 0

+------------+----------+
| period     | count(1) |
+------------+----------+
| 2019-09-29 |     1256 |
| 2019-09-28 |     1263 |
| 2019-09-27 |     1262 |
| 2019-09-26 |     1263 |
| 2019-09-25 |     1264 |
| 2019-09-24 |     1264 |
+------------+----------+
6 rows in set (0.03 sec)

Query OK, 0 rows affected (0.01 sec)

Query OK, 81 rows affected (1.68 sec)
Records: 81  Duplicates: 0  Warnings: 0

+-------------+
| packagelist |
+-------------+
|          81 |
+-------------+
1 row in set (0.00 sec)

Database changed
Query OK, 0 rows affected (0.00 sec)

Query OK, 0 rows affected (0.00 sec)

Query OK, 0 rows affected (0.00 sec)

Query OK, 0 rows affected (0.00 sec)

Query OK, 26721 rows affected, 211 warnings (53.51 sec)
Records: 26721  Deleted: 0  Skipped: 0  Warnings: 211

+------------+----------+
| period     | count(1) |
+------------+----------+
| 2019-09-29 |    26721 |
| 2019-09-28 |    26945 |
| 2019-09-27 |    26994 |
| 2019-09-26 |    26985 |
| 2019-09-25 |    27019 |
+------------+----------+
5 rows in set (0.17 sec)

Query OK, 0 rows affected (0.03 sec)

Query OK, 26095 rows affected (2 min 17.45 sec)
Records: 26095  Duplicates: 0  Warnings: 0

Query OK, 0 rows affected (0.15 sec)
Records: 0  Duplicates: 0  Warnings: 0

Query OK, 0 rows affected (0.14 sec)
Records: 0  Duplicates: 0  Warnings: 0

Query OK, 0 rows affected (0.10 sec)
Records: 0  Duplicates: 0  Warnings: 0

Query OK, 0 rows affected (0.08 sec)
Records: 0  Duplicates: 0  Warnings: 0

Query OK, 0 rows affected (0.07 sec)
Records: 0  Duplicates: 0  Warnings: 0

Query OK, 0 rows affected (0.17 sec)
Records: 0  Duplicates: 0  Warnings: 0

+-------------+
| countbefore |
+-------------+
|    29723018 |
+-------------+
1 row in set (1 min 46.59 sec)

Query OK, 26095 rows affected (35.82 sec)
Records: 26095  Duplicates: 0  Warnings: 0

+------------+
| countafter |
+------------+
|   29749113 |
+------------+
1 row in set (13.43 sec)

+------------+--------------------------+
| period     | customercontractactivity |
+------------+--------------------------+
| 2019-09-29 |                    26095 |
| 2019-09-28 |                    26319 |
| 2019-09-27 |                    26368 |
| 2019-09-26 |                    26359 |
| 2019-09-25 |                    26391 |
+------------+--------------------------+
5 rows in set (0.07 sec)

Query OK, 0 rows affected (0.08 sec)

Query OK, 229343 rows affected (15 min 16.22 sec)
Records: 229343  Duplicates: 0  Warnings: 0

Query OK, 0 rows affected (0.97 sec)
Records: 0  Duplicates: 0  Warnings: 0

Query OK, 0 rows affected (0.98 sec)
Records: 0  Duplicates: 0  Warnings: 0

Query OK, 0 rows affected (0.95 sec)
Records: 0  Duplicates: 0  Warnings: 0

Query OK, 0 rows affected (0.01 sec)

Query OK, 250 rows affected (0.63 sec)
Records: 250  Duplicates: 0  Warnings: 0

Query OK, 0 rows affected (0.01 sec)

Query OK, 2514 rows affected (0.61 sec)
Records: 2514  Duplicates: 0  Warnings: 0

Query OK, 0 rows affected (0.01 sec)

Query OK, 26085 rows affected (0.64 sec)
Records: 26085  Duplicates: 0  Warnings: 0

Query OK, 0 rows affected (0.01 sec)

Query OK, 16670 rows affected (0.48 sec)
Records: 16670  Duplicates: 0  Warnings: 0

Query OK, 0 rows affected (0.01 sec)

Query OK, 16670 rows affected (0.13 sec)
Records: 16670  Duplicates: 0  Warnings: 0

Query OK, 0 rows affected (0.01 sec)

Query OK, 16670 rows affected (1.77 sec)
Records: 16670  Duplicates: 0  Warnings: 0

Query OK, 0 rows affected (0.01 sec)

Query OK, 16670 rows affected (46.03 sec)
Records: 16670  Duplicates: 0  Warnings: 0

+-------------+
| clientstats |
+-------------+
|       16670 |
+-------------+
1 row in set (0.01 sec)

Query OK, 0 rows affected (0.01 sec)

Query OK, 12 rows affected, 1 warning (0.13 sec)
Records: 12  Duplicates: 0  Warnings: 1

+-----------------------+-------------+-------------+----------------+-----------------+
| services              | activecount | allaccounts | uniqueaccounts | uniquecontracts |
+-----------------------+-------------+-------------+----------------+-----------------+
| All                   |         228 |          41 |             41 |             132 |
| Internet & Voice      |         420 |         192 |            192 |             375 |
| Internet Only         |        4145 |        4040 |           4034 |            4088 |
| OTT Only              |           3 |           3 |              3 |               3 |
| TV & Internet         |        8517 |        3730 |           3722 |            7585 |
| TV & Internet & OTT   |        2319 |         621 |            620 |            1273 |
| TV & Internet & Voice |         466 |         133 |            133 |             411 |
| TV & OTT              |         346 |          67 |             67 |              82 |
| TV & Voice            |         111 |          47 |             47 |              97 |
| TV Only               |       10115 |        7613 |           7606 |            7802 |
| Voice Only            |         184 |         183 |            183 |             184 |
| GRAND TOTAL           |       26854 |       16670 |          16603 |           22032 |
+-----------------------+-------------+-------------+----------------+-----------------+
12 rows in set (0.00 sec)

+-------------+-------------+-------------+----------------+-----------------+
| network     | activecount | allaccounts | uniqueaccounts | uniquecontracts |
+-------------+-------------+-------------+----------------+-----------------+
| ADDON       |          14 |          10 |             10 |              10 |
| GPON        |        7153 |        3604 |           3601 |            5459 |
| HFC         |       19686 |       13055 |          13055 |           16562 |
| MOBILE TV   |           1 |           1 |              1 |               1 |
| GRAND TOTAL |       26854 |       16670 |          16603 |           22032 |
+-------------+-------------+-------------+----------------+-----------------+
5 rows in set, 1 warning (0.11 sec)

+-------------+-----------------------+-------------+-------------+----------------+-----------------+
| network     | services              | activecount | allaccounts | uniqueaccounts | uniquecontracts |
+-------------+-----------------------+-------------+-------------+----------------+-----------------+
| ADDON       | OTT Only              |           2 |           2 |              2 |               2 |
| ADDON       | TV & OTT              |           4 |           1 |              1 |               1 |
| ADDON       | TV Only               |           8 |           7 |              7 |               7 |
| ADDON       | Services Total        |          14 |          10 |             10 |              10 |
| GPON        | All                   |         102 |          18 |             18 |              57 |
| GPON        | Internet & Voice      |          65 |          27 |             27 |              55 |
| GPON        | Internet Only         |         936 |         859 |            859 |             882 |
| GPON        | TV & Internet         |        2961 |        1234 |           1234 |            2534 |
| GPON        | TV & Internet & OTT   |        1163 |         307 |            307 |             631 |
| GPON        | TV & Internet & Voice |         129 |          35 |             35 |             109 |
| GPON        | TV & OTT              |          87 |          29 |             29 |              30 |
| GPON        | TV & Voice            |          48 |          19 |             19 |              40 |
| GPON        | TV Only               |        1651 |        1065 |           1065 |            1110 |
| GPON        | Voice Only            |          11 |          11 |             11 |              11 |
| GPON        | Services Total        |        7153 |        3604 |           3601 |            5459 |
| HFC         | All                   |         126 |          23 |             23 |              75 |
| HFC         | Internet & Voice      |         355 |         165 |            165 |             320 |
| HFC         | Internet Only         |        3209 |        3181 |           3181 |            3206 |
| HFC         | TV & Internet         |        5556 |        2496 |           2496 |            5051 |
| HFC         | TV & Internet & OTT   |        1156 |         314 |            314 |             642 |
| HFC         | TV & Internet & Voice |         337 |          98 |             98 |             302 |
| HFC         | TV & OTT              |         255 |          37 |             37 |              51 |
| HFC         | TV & Voice            |          63 |          28 |             28 |              57 |
| HFC         | TV Only               |        8456 |        6541 |           6541 |            6685 |
| HFC         | Voice Only            |         173 |         172 |            172 |             173 |
| HFC         | Services Total        |       19686 |       13055 |          13055 |           16562 |
| MOBILE TV   | OTT Only              |           1 |           1 |              1 |               1 |
| MOBILE TV   | Services Total        |           1 |           1 |              1 |               1 |
| GRAND TOTAL | Services Total        |       26854 |       16670 |          16603 |           22032 |
+-------------+-----------------------+-------------+-------------+----------------+-----------------+
29 rows in set, 2 warnings (0.13 sec)

Query OK, 0 rows affected (0.00 sec)

Query OK, 46 rows affected, 3 warnings (0.19 sec)
Records: 46  Duplicates: 0  Warnings: 3

+-------------+---------------+-----------------------+-------------+-------------+----------------+-----------------+
| region      | network       | services              | activecount | allaccounts | uniqueaccounts | uniquecontracts |
+-------------+---------------+-----------------------+-------------+-------------+----------------+-----------------+
| Mahe        | ADDON         | OTT Only              |           2 |           2 |              2 |               2 |
| Mahe        | ADDON         | TV & OTT              |           4 |           1 |              1 |               1 |
| Mahe        | ADDON         | TV Only               |           4 |           3 |              3 |               3 |
| Mahe        | ADDON         | Services Total        |          10 |           6 |              6 |               6 |
| Mahe        | GPON          | All                   |          85 |          15 |             15 |              48 |
| Mahe        | GPON          | Internet & Voice      |          53 |          21 |             21 |              43 |
| Mahe        | GPON          | Internet Only         |         726 |         650 |            650 |             672 |
| Mahe        | GPON          | TV & Internet         |        2140 |         885 |            885 |            1809 |
| Mahe        | GPON          | TV & Internet & OTT   |         786 |         198 |            198 |             405 |
| Mahe        | GPON          | TV & Internet & Voice |         114 |          31 |             31 |              95 |
| Mahe        | GPON          | TV & OTT              |          44 |          12 |             12 |              12 |
| Mahe        | GPON          | TV & Voice            |          45 |          18 |             18 |              37 |
| Mahe        | GPON          | TV Only               |        1235 |         772 |            772 |             797 |
| Mahe        | GPON          | Voice Only            |           9 |           9 |              9 |               9 |
| Mahe        | GPON          | Services Total        |        5237 |        2611 |           2611 |            3927 |
| Mahe        | HFC           | All                   |         126 |          23 |             23 |              75 |
| Mahe        | HFC           | Internet & Voice      |         355 |         165 |            165 |             320 |
| Mahe        | HFC           | Internet Only         |        3209 |        3181 |           3181 |            3206 |
| Mahe        | HFC           | TV & Internet         |        5556 |        2496 |           2496 |            5051 |
| Mahe        | HFC           | TV & Internet & OTT   |        1156 |         314 |            314 |             642 |
| Mahe        | HFC           | TV & Internet & Voice |         337 |          98 |             98 |             302 |
| Mahe        | HFC           | TV & OTT              |         255 |          37 |             37 |              51 |
| Mahe        | HFC           | TV & Voice            |          63 |          28 |             28 |              57 |
| Mahe        | HFC           | TV Only               |        8451 |        6538 |           6538 |            6682 |
| Mahe        | HFC           | Voice Only            |         173 |         172 |            172 |             173 |
| Mahe        | HFC           | Services Total        |       19681 |       13052 |          13052 |           16559 |
| Mahe        | MOBILE TV     | OTT Only              |           1 |           1 |              1 |               1 |
| Mahe        | MOBILE TV     | Services Total        |           1 |           1 |              1 |               1 |
| Mahe        | Network Total | Services Total        |       24929 |       15670 |          15609 |           20493 |
| Praslin     | ADDON         | TV Only               |           4 |           4 |              4 |               4 |
| Praslin     | ADDON         | Services Total        |           4 |           4 |              4 |               4 |
| Praslin     | GPON          | All                   |          17 |           3 |              3 |               9 |
| Praslin     | GPON          | Internet & Voice      |          12 |           6 |              6 |              12 |
| Praslin     | GPON          | Internet Only         |         210 |         209 |            209 |             210 |
| Praslin     | GPON          | TV & Internet         |         821 |         349 |            349 |             725 |
| Praslin     | GPON          | TV & Internet & OTT   |         377 |         109 |            109 |             226 |
| Praslin     | GPON          | TV & Internet & Voice |          15 |           4 |              4 |              14 |
| Praslin     | GPON          | TV & OTT              |          43 |          17 |             17 |              18 |
| Praslin     | GPON          | TV & Voice            |           3 |           1 |              1 |               3 |
| Praslin     | GPON          | TV Only               |         416 |         293 |            293 |             313 |
| Praslin     | GPON          | Voice Only            |           2 |           2 |              2 |               2 |
| Praslin     | GPON          | Services Total        |        1916 |         993 |            993 |            1532 |
| Praslin     | HFC           | TV Only               |           5 |           3 |              3 |               3 |
| Praslin     | HFC           | Services Total        |           5 |           3 |              3 |               3 |
| Praslin     | Network Total | Services Total        |        1925 |        1000 |            997 |            1539 |
| GRAND TOTAL | Network Total | Services Total        |       26854 |       16670 |          16603 |           22032 |
+-------------+---------------+-----------------------+-------------+-------------+----------------+-----------------+
46 rows in set (0.00 sec)

Query OK, 0 rows affected (0.01 sec)

Query OK, 26086 rows affected (0.55 sec)
Records: 26086  Duplicates: 0  Warnings: 0

Query OK, 0 rows affected (0.01 sec)

Query OK, 1947 rows affected (10.97 sec)
Records: 1947  Duplicates: 0  Warnings: 0

+--------------------------------------+
| message                              |
+--------------------------------------+
| running rcbill_my.sp_ActiveNumber2() |
+--------------------------------------+
1 row in set (0.00 sec)

Query OK, 272 rows affected (2 min 51.65 sec)

mysql> mysql \. C:\workspace\cloud\code\sql\_DailyScript\currenttime.sql
+---------------------+
| currenttime         |
+---------------------+
| 2019-09-30 09:56:14 |
+---------------------+
1 row in set (0.00 sec)

mysql> 
mysql> mysql \. C:\workspace\cloud\code\sql\_DailyScript\GetActiveNumbers Average -Pivot.sql
Database changed
+-------------------------------------+
| @today := subdate(current_date(),1) |
+-------------------------------------+
| 2019-09-29                          |
+-------------------------------------+
1 row in set (0.00 sec)

+-------------------------------------+
| @lastdayofmonth := last_day(@today) |
+-------------------------------------+
| 2019-09-30                          |
+-------------------------------------+
1 row in set (0.00 sec)

Query OK, 0 rows affected (0.01 sec)

Query OK, 32657 rows affected, 65535 warnings (50.64 sec)
Records: 32657  Duplicates: 0  Warnings: 68239

Query OK, 0 rows affected (0.09 sec)
Records: 0  Duplicates: 0  Warnings: 0

Query OK, 0 rows affected (0.10 sec)
Records: 0  Duplicates: 0  Warnings: 0

Query OK, 0 rows affected (0.09 sec)
Records: 0  Duplicates: 0  Warnings: 0

+-----------------+
| activenumberavg |
+-----------------+
|           32657 |
+-----------------+
1 row in set (0.02 sec)

Query OK, 0 rows affected (0.01 sec)

Query OK, 1777 rows affected (0.41 sec)
Records: 1777  Duplicates: 0  Warnings: 0

+---------------------+
| rep_activenumberavg |
+---------------------+
|                1777 |
+---------------------+
1 row in set (0.00 sec)

+----------------------+
| rep_activenumberavg1 |
+----------------------+
|                  843 |
+----------------------+
1 row in set (0.00 sec)

Query OK, 0 rows affected (0.00 sec)

Query OK, 1669 rows affected (0.32 sec)
Records: 1669  Duplicates: 0  Warnings: 0

Query OK, 0 rows affected (0.01 sec)

Query OK, 8449 rows affected (0.55 sec)
Records: 8449  Duplicates: 0  Warnings: 0

Query OK, 0 rows affected (0.00 sec)

Query OK, 0 rows affected (0.00 sec)

Query OK, 0 rows affected (0.00 sec)

Query OK, 0 rows affected (0.00 sec)

Query OK, 0 rows affected (0.00 sec)
Statement prepared

Query OK, 53 rows affected (0.04 sec)
Records: 53  Duplicates: 0  Warnings: 0

Query OK, 0 rows affected (0.00 sec)

Query OK, 0 rows affected (0.00 sec)

+----------------------+
| rep_activenumberavg2 |
+----------------------+
|                 1669 |
+----------------------+
1 row in set (0.00 sec)

+------------------------+
| rep_activenumberavg_pv |
+------------------------+
|                     53 |
+------------------------+
1 row in set (0.00 sec)

Query OK, 0 rows affected (0.00 sec)

Query OK, 1669 rows affected (0.28 sec)
Records: 1669  Duplicates: 0  Warnings: 0

Query OK, 0 rows affected (0.00 sec)

Query OK, 0 rows affected (0.00 sec)

Query OK, 0 rows affected (0.01 sec)

Query OK, 0 rows affected (0.00 sec)

Query OK, 0 rows affected (0.00 sec)
Statement prepared

Query OK, 53 rows affected (0.03 sec)
Records: 53  Duplicates: 0  Warnings: 0

Query OK, 0 rows affected (0.00 sec)

Query OK, 0 rows affected (0.00 sec)

+-------------------------+
| rep_activenumberavgMahe |
+-------------------------+
|                    1669 |
+-------------------------+
1 row in set (0.00 sec)

+----------------------------+
| rep_activenumberavgMahe_pv |
+----------------------------+
|                         53 |
+----------------------------+
1 row in set (0.00 sec)

Query OK, 0 rows affected (0.01 sec)

Query OK, 1068 rows affected (0.12 sec)
Records: 1068  Duplicates: 0  Warnings: 0

Query OK, 0 rows affected (0.00 sec)

Query OK, 0 rows affected (0.00 sec)

Query OK, 0 rows affected (0.00 sec)

Query OK, 0 rows affected (0.00 sec)

Query OK, 0 rows affected (0.00 sec)
Statement prepared

Query OK, 39 rows affected (0.02 sec)
Records: 39  Duplicates: 0  Warnings: 0

Query OK, 0 rows affected (0.00 sec)

Query OK, 0 rows affected (0.00 sec)

+----------------------------+
| rep_activenumberavgPraslin |
+----------------------------+
|                       1068 |
+----------------------------+
1 row in set (0.00 sec)

+-------------------------------+
| rep_activenumberavgPraslin_pv |
+-------------------------------+
|                            39 |
+-------------------------------+
1 row in set (0.00 sec)

mysql> mysql \. C:\workspace\cloud\code\sql\_DailyScript\currenttime.sql
+---------------------+
| currenttime         |
+---------------------+
| 2019-09-30 09:57:07 |
+---------------------+
1 row in set (0.00 sec)

mysql> 
mysql> mysql \. C:\workspace\cloud\code\sql\_DailyScript\budget_actual_analysis_2019.sql
Query OK, 0 rows affected (0.00 sec)

Query OK, 564 rows affected, 3 warnings (0.59 sec)
Records: 564  Duplicates: 0  Warnings: 3

+--------------------+
| budget_actual_2019 |
+--------------------+
|                564 |
+--------------------+
1 row in set (0.00 sec)

Query OK, 0 rows affected (0.00 sec)

Query OK, 48 rows affected (0.03 sec)
Records: 48  Duplicates: 0  Warnings: 0

+---------------------------+
| rep_budget_actual_2019_pv |
+---------------------------+
|                        48 |
+---------------------------+
1 row in set (0.00 sec)

mysql> mysql \. C:\workspace\cloud\code\sql\_DailyScript\currenttime.sql
+---------------------+
| currenttime         |
+---------------------+
| 2019-09-30 09:57:08 |
+---------------------+
1 row in set (0.00 sec)

mysql> 
mysql> mysql \. C:\workspace\cloud\code\sql\_DailyScript\reports-sales-addons-prepaid-camera.sql
Database changed
Query OK, 0 rows affected (0.00 sec)

Query OK, 3814 rows affected (0.36 sec)
Records: 3814  Duplicates: 0  Warnings: 0

Query OK, 0 rows affected (0.01 sec)

Query OK, 17119 rows affected (33.92 sec)
Records: 17119  Duplicates: 0  Warnings: 0

+--------------------+
| rep_prepaid_camera |
+--------------------+
|               3814 |
+--------------------+
1 row in set (0.01 sec)

+-----------+
| rep_addon |
+-----------+
|     17119 |
+-----------+
1 row in set (0.01 sec)

mysql> mysql \. C:\workspace\cloud\code\sql\_DailyScript\currenttime.sql
+---------------------+
| currenttime         |
+---------------------+
| 2019-09-30 09:57:42 |
+---------------------+
1 row in set (0.00 sec)

mysql> 
mysql> mysql \. C:\workspace\cloud\code\sql\_DailyScript\housing-estate-analysis.sql
Database changed
Query OK, 0 rows affected (0.01 sec)

Query OK, 2880 rows affected (1 min 47.33 sec)
Records: 2880  Duplicates: 0  Warnings: 0

+--------------------+
| rep_housingestates |
+--------------------+
|               2880 |
+--------------------+
1 row in set (0.00 sec)

mysql> mysql \. C:\workspace\cloud\code\sql\_DailyScript\currenttime.sql
+---------------------+
| currenttime         |
+---------------------+
| 2019-09-30 09:59:29 |
+---------------------+
1 row in set (0.00 sec)

mysql> 
mysql> mysql \. C:\workspace\cloud\code\sql\_DailyScript\RCB_ClientAnalyticsReport_Script.sql
Database changed
Query OK, 0 rows affected (0.00 sec)

Query OK, 0 rows affected (0.05 sec)

Query OK, 1745708 rows affected (1 min 26.11 sec)
Records: 1745708  Duplicates: 0  Warnings: 0

Query OK, 0 rows affected (6.29 sec)
Records: 0  Duplicates: 0  Warnings: 0

Query OK, 0 rows affected (5.39 sec)
Records: 0  Duplicates: 0  Warnings: 0

Query OK, 0 rows affected (8.68 sec)
Records: 0  Duplicates: 0  Warnings: 0

Query OK, 0 rows affected (8.17 sec)
Records: 0  Duplicates: 0  Warnings: 0

Query OK, 0 rows affected (11.10 sec)
Records: 0  Duplicates: 0  Warnings: 0

Query OK, 0 rows affected (7.49 sec)
Records: 0  Duplicates: 0  Warnings: 0

Query OK, 0 rows affected (0.00 sec)

Query OK, 452929 rows affected (14.33 sec)
Rows matched: 1745708  Changed: 452929  Warnings: 0

Query OK, 0 rows affected (0.01 sec)

Query OK, 27032 rows affected (4.42 sec)
Records: 27032  Duplicates: 0  Warnings: 0

Query OK, 0 rows affected (0.02 sec)

Query OK, 42690 rows affected (10 min 38.63 sec)
Records: 42690  Duplicates: 0  Warnings: 0

Query OK, 0 rows affected (0.36 sec)
Records: 0  Duplicates: 0  Warnings: 0

Query OK, 0 rows affected (0.15 sec)
Records: 0  Duplicates: 0  Warnings: 0

Query OK, 0 rows affected (0.09 sec)
Records: 0  Duplicates: 0  Warnings: 0

Query OK, 0 rows affected (0.04 sec)

Query OK, 425172 rows affected (12 min 35.26 sec)
Records: 425172  Duplicates: 0  Warnings: 0

Query OK, 0 rows affected (1.64 sec)
Records: 0  Duplicates: 0  Warnings: 0

Query OK, 0 rows affected (1.63 sec)
Records: 0  Duplicates: 0  Warnings: 0

Query OK, 0 rows affected (0.85 sec)
Records: 0  Duplicates: 0  Warnings: 0

Query OK, 0 rows affected (1.85 sec)
Records: 0  Duplicates: 0  Warnings: 0

Query OK, 0 rows affected (1.07 sec)
Records: 0  Duplicates: 0  Warnings: 0

Query OK, 0 rows affected (0.04 sec)

Query OK, 42690 rows affected (1 min 28.64 sec)
Records: 42690  Duplicates: 0  Warnings: 0

+--------------+
| clientreport |
+--------------+
|        42690 |
+--------------+
1 row in set (0.02 sec)

Query OK, 0 rows affected (0.01 sec)

Query OK, 42690 rows affected (6.35 sec)
Records: 42690  Duplicates: 0  Warnings: 0

+----------------------+
| clientextendedreport |
+----------------------+
|                42690 |
+----------------------+
1 row in set (0.02 sec)

Query OK, 0 rows affected (0.01 sec)

Query OK, 42690 rows affected (45.01 sec)
Records: 42690  Duplicates: 0  Warnings: 0

+---------+
| allcust |
+---------+
|   42690 |
+---------+
1 row in set (0.01 sec)

Query OK, 0 rows affected, 1 warning (0.00 sec)

Query OK, 5000 rows affected (0.14 sec)
Records: 5000  Duplicates: 0  Warnings: 0

Query OK, 0 rows affected (0.01 sec)

Query OK, 6886 rows affected (0.34 sec)
Records: 6886  Duplicates: 0  Warnings: 0

Query OK, 0 rows affected, 1 warning (0.00 sec)

Query OK, 5000 rows affected (0.14 sec)
Records: 5000  Duplicates: 0  Warnings: 0

Query OK, 0 rows affected (0.01 sec)

Query OK, 7322 rows affected (0.19 sec)
Records: 7322  Duplicates: 0  Warnings: 0

mysql> mysql \. C:\workspace\cloud\code\sql\_DailyScript\currenttime.sql
+---------------------+
| currenttime         |
+---------------------+
| 2019-09-30 10:27:44 |
+---------------------+
1 row in set (0.00 sec)

mysql> 
mysql> mysql \. C:\workspace\cloud\code\sql\_DailyScript\REVENUE_PER_NODE_MXK.sql
Query OK, 0 rows affected (0.01 sec)

Query OK, 0 rows affected (0.01 sec)

Query OK, 0 rows affected (0.01 sec)

Query OK, 4917 rows affected (2.24 sec)
Records: 4917  Duplicates: 0  Warnings: 0

+----------------------+
| message              |
+----------------------+
| created temp table a |
+----------------------+
1 row in set (0.00 sec)

Query OK, 5311 rows affected (1.37 sec)
Records: 5311  Duplicates: 0  Warnings: 0

+----------------------+
| message              |
+----------------------+
| created temp table b |
+----------------------+
1 row in set (0.00 sec)

Query OK, 0 rows affected, 1 warning (0.00 sec)

Query OK, 5204 rows affected (9.40 sec)
Records: 5204  Duplicates: 0  Warnings: 0

+--------------------------------+
| message                        |
+--------------------------------+
| created rcbill_my.tempcustmxk1 |
+--------------------------------+
1 row in set (0.00 sec)

Query OK, 0 rows affected (0.01 sec)

Query OK, 0 rows affected (0.04 sec)

Query OK, 0 rows affected, 1 warning (0.00 sec)

Query OK, 4917 rows affected (1.02 sec)
Records: 4917  Duplicates: 0  Warnings: 0

+----------------+
| message        |
+----------------+
| created temp a |
+----------------+
1 row in set (0.00 sec)

Query OK, 5311 rows affected (0.40 sec)
Records: 5311  Duplicates: 0  Warnings: 0

+----------------+
| message        |
+----------------+
| created temp b |
+----------------+
1 row in set (0.00 sec)

Query OK, 0 rows affected, 1 warning (0.00 sec)

Query OK, 5404 rows affected (6.61 sec)
Records: 5404  Duplicates: 0  Warnings: 0

+--------------------------------+
| message                        |
+--------------------------------+
| created rcbill_my.tempcustmxk2 |
+--------------------------------+
1 row in set (0.00 sec)

Query OK, 0 rows affected (0.00 sec)

Query OK, 0 rows affected (0.00 sec)

Query OK, 0 rows affected, 1 warning (0.00 sec)

Query OK, 0 rows affected (0.01 sec)

Query OK, 5849 rows affected (0.33 sec)
Records: 5849  Duplicates: 0  Warnings: 0

+---------------------------------+
| message                         |
+---------------------------------+
| created rcbill_my.customers_mxk |
+---------------------------------+
1 row in set (0.00 sec)

Query OK, 0 rows affected (0.00 sec)

Query OK, 0 rows affected (0.00 sec)

Query OK, 13304 rows affected (5.73 sec)
Records: 13304  Duplicates: 0  Warnings: 0

+----------------+
| message        |
+----------------+
| created temp a |
+----------------+
1 row in set (0.00 sec)

Query OK, 20750 rows affected (2.32 sec)
Records: 20750  Duplicates: 0  Warnings: 0

+----------------+
| message        |
+----------------+
| created temp c |
+----------------+
1 row in set (0.00 sec)

Query OK, 0 rows affected, 1 warning (0.00 sec)

Query OK, 27408 rows affected (0.34 sec)
Records: 27408  Duplicates: 0  Warnings: 0

+---------------------------------+
| message                         |
+---------------------------------+
| created rcbill_my.tempcustcmts1 |
+---------------------------------+
1 row in set (0.00 sec)

Query OK, 0 rows affected (0.00 sec)

Query OK, 0 rows affected, 1 warning (0.00 sec)

Query OK, 0 rows affected (0.01 sec)

Query OK, 13304 rows affected (5.46 sec)
Records: 13304  Duplicates: 0  Warnings: 0

+----------------+
| message        |
+----------------+
| created temp a |
+----------------+
1 row in set (0.00 sec)

Query OK, 20750 rows affected (1.05 sec)
Records: 20750  Duplicates: 0  Warnings: 0

+----------------+
| message        |
+----------------+
| created temp c |
+----------------+
1 row in set (0.00 sec)

Query OK, 0 rows affected, 1 warning (0.00 sec)

Query OK, 21663 rows affected (0.28 sec)
Records: 21663  Duplicates: 0  Warnings: 0

+---------------------------------+
| message                         |
+---------------------------------+
| created rcbill_my.tempcustcmts2 |
+---------------------------------+
1 row in set (0.00 sec)

Query OK, 0 rows affected (0.01 sec)

Query OK, 0 rows affected, 1 warning (0.00 sec)

Query OK, 0 rows affected (0.01 sec)

Query OK, 0 rows affected (0.00 sec)

Query OK, 13429 rows affected (1.02 sec)
Records: 13429  Duplicates: 0  Warnings: 0

+----------------------------------+
| message                          |
+----------------------------------+
| created rcbill_my.customers_cmts |
+----------------------------------+
1 row in set (0.00 sec)

Query OK, 0 rows affected (0.01 sec)

Query OK, 0 rows affected (0.00 sec)

Query OK, 0 rows affected (0.01 sec)

Query OK, 16801 rows affected (0.81 sec)
Records: 16801  Duplicates: 0  Warnings: 0

+--------------------------------------+
| message                              |
+--------------------------------------+
| created rcbill_my.customers_cmts_mxk |
+--------------------------------------+
1 row in set (0.00 sec)

Query OK, 449102 rows affected (1 min 13.56 sec)
Records: 449102  Duplicates: 0  Warnings: 0

+----------------+
| message        |
+----------------+
| created temp a |
+----------------+
1 row in set (0.00 sec)

Query OK, 0 rows affected (0.01 sec)

Query OK, 449773 rows affected (12.03 sec)
Records: 449773  Duplicates: 0  Warnings: 0

+------------------------------------------------+
| message                                        |
+------------------------------------------------+
| created rcbill_my.customers_contracts_cmts_mxk |
+------------------------------------------------+
1 row in set (0.00 sec)

Query OK, 0 rows affected (0.01 sec)

Query OK, 0 rows affected, 1 warning (0.00 sec)

Query OK, 0 rows affected, 1 warning (0.00 sec)

Query OK, 0 rows affected (0.00 sec)

Query OK, 7671 rows affected (3.37 sec)
Rows matched: 7671  Changed: 7671  Warnings: 0

+------------------------------------------------+
| message                                        |
+------------------------------------------------+
| updated rcbill_my.customers_contracts_cmts_mxk |
+------------------------------------------------+
1 row in set (0.00 sec)

Query OK, 0 rows affected (0.02 sec)

Query OK, 1712200 rows affected (4 min 19.77 sec)
Records: 1712200  Duplicates: 0  Warnings: 0

+----------------------------------------+
| message                                |
+----------------------------------------+
| created rcbill_my.customers_collection |
+----------------------------------------+
1 row in set (0.00 sec)

Query OK, 0 rows affected (0.03 sec)

Query OK, 1972146 rows affected (1 min 52.66 sec)
Records: 1972146  Duplicates: 0  Warnings: 0

+------------------------------------------------+
| message                                        |
+------------------------------------------------+
| created rcbill_my.customers_cmts_mxk_cont_coll |
+------------------------------------------------+
1 row in set (0.00 sec)

Query OK, 0 rows affected (0.03 sec)

Query OK, 47030 rows affected (10.70 sec)
Records: 47030  Duplicates: 0  Warnings: 0

+------------------------------------------------------------+
| message                                                    |
+------------------------------------------------------------+
| created rcbill_my.customers_contracts_collection_pivot2019 |
+------------------------------------------------------------+
1 row in set (0.00 sec)

Query OK, 0 rows affected (0.01 sec)

Query OK, 19919 rows affected (9.18 sec)
Records: 19919  Duplicates: 0  Warnings: 0

+--------------------------------------------------+
| message                                          |
+--------------------------------------------------+
| created rcbill_my.customers_collection_pivot2019 |
+--------------------------------------------------+
1 row in set (0.00 sec)

Query OK, 0 rows affected (0.01 sec)

Query OK, 42690 rows affected (1.51 sec)
Records: 42690  Duplicates: 0  Warnings: 0

+------------------------------------------------+
| message                                        |
+------------------------------------------------+
| created rcbill_my.rep_customers_collection2019 |
+------------------------------------------------+
1 row in set (0.00 sec)

Query OK, 0 rows affected (0.00 sec)

Query OK, 0 rows affected, 1 warning (0.00 sec)

Query OK, 418956 rows affected (22.96 sec)
Records: 418956  Duplicates: 0  Warnings: 0

+-------------------------+
| message                 |
+-------------------------+
| created rcbill_my.tempa |
+-------------------------+
1 row in set (0.00 sec)

Query OK, 0 rows affected, 1 warning (0.00 sec)

Query OK, 96207 rows affected (12.64 sec)
Records: 96207  Duplicates: 0  Warnings: 0

+-------------------------+
| message                 |
+-------------------------+
| created rcbill_my.tempb |
+-------------------------+
1 row in set (0.00 sec)

Query OK, 418956 rows affected (9.26 sec)
Records: 418956  Duplicates: 0  Warnings: 0

+-----------+
| message   |
+-----------+
| created a |
+-----------+
1 row in set (0.00 sec)

Query OK, 96217 rows affected (5.42 sec)
Records: 96217  Duplicates: 0  Warnings: 0

+-----------+
| message   |
+-----------+
| created b |
+-----------+
1 row in set (0.00 sec)

Query OK, 0 rows affected (0.09 sec)

Query OK, 0 rows affected (0.01 sec)

Query OK, 0 rows affected (0.02 sec)

Query OK, 421886 rows affected (29.46 sec)
Records: 421886  Duplicates: 0  Warnings: 0

+----------------------------------------------+
| message                                      |
+----------------------------------------------+
| created rcbill_my.cust_cont_payment_cmts_mxk |
+----------------------------------------------+
1 row in set (0.00 sec)

Query OK, 0 rows affected (0.01 sec)

Query OK, 0 rows affected (0.00 sec)

Query OK, 0 rows affected, 1 warning (0.00 sec)

Query OK, 0 rows affected (0.02 sec)

Query OK, 42690 rows affected (11.85 sec)
Records: 42690  Duplicates: 0  Warnings: 0

+--------------------------------------------------+
| message                                          |
+--------------------------------------------------+
| created rcbill_my.rep_cust_cont_payment_cmts_mxk |
+--------------------------------------------------+
1 row in set (0.00 sec)

Query OK, 0 rows affected, 1 warning (0.00 sec)

Query OK, 0 rows affected, 1 warning (0.00 sec)

Query OK, 0 rows affected (0.01 sec)

Query OK, 42690 rows affected, 5 warnings (8.39 sec)
Records: 42690  Duplicates: 0  Warnings: 5

+----------------------+
| rep_custconsolidated |
+----------------------+
|                42690 |
+----------------------+
1 row in set (0.03 sec)

Query OK, 0 rows affected (0.00 sec)

Query OK, 0 rows affected (0.01 sec)

+----------------------------------------------+
| message                                      |
+----------------------------------------------+
| creating rcbill_my.retentioncustomeractivity |
+----------------------------------------------+
1 row in set (0.00 sec)

Query OK, 837 rows affected (0.09 sec)
Records: 837  Duplicates: 0  Warnings: 0

+---------------------------+
| retentioncustomeractivity |
+---------------------------+
|                       837 |
+---------------------------+
1 row in set (0.00 sec)

+-----------+------------------------------------+------------+-------------+-----------------+------------------+---------------------+-------------------+
| HFC_NODE  | NODENAME                           | CMTS_DATE  | INSERTED_ON | UNIQUE_ACCOUNTS | UNIQUE_CONTRACTS | UNIQUE_MAC_INRCBOSS | UNIQUE_MAC_INCMTS |
+-----------+------------------------------------+------------+-------------+-----------------+------------------+---------------------+-------------------+
| NULL      | NULL                               | NULL       | 2019-09-30  |            5637 |             5909 |                5956 |                 0 |
| C5/0/0/U0 | ANSE-BOILEAU-2                     | 2019-09-06 | 2019-09-30  |             179 |              184 |                 179 |               181 |
| C5/0/0/U1 | 500-C3-ANSE-BOILEAU                | 2019-09-06 | 2019-09-30  |             172 |              178 |                 172 |               172 |
| C5/0/1/U0 | 501-C4-LA-MISIERE-LEFT-I           | 2019-09-06 | 2019-09-30  |             148 |              150 |                 148 |               152 |
| C5/0/1/U1 | 501-C5-LA-MISIERE-RIGHT            | 2019-09-06 | 2019-09-30  |             111 |              114 |                 111 |               113 |
| C5/0/1/U2 | 501-C7-LA-MISIERE-LEFT-II          | 2019-09-06 | 2019-09-30  |             154 |              163 |                 154 |               156 |
| C5/0/2/U0 | 502-C8-LA-LOUISE                   | 2019-09-06 | 2019-09-30  |             140 |              143 |                 140 |               144 |
| C5/0/2/U1 | LA-LOUISE-2                        | 2019-09-06 | 2019-09-30  |             133 |              135 |                 133 |               136 |
| C5/0/3/U0 | 504-C6-PETIT-PARIS                 | 2019-09-06 | 2019-09-30  |             152 |              155 |                 152 |               155 |
| C5/0/3/U1 | PETIT-PARIS-23                     | 2019-09-06 | 2019-09-30  |              79 |               81 |                  79 |                81 |
| C5/0/4/U0 | FOUR-SEASONS                       | 2019-09-06 | 2019-09-30  |               6 |               17 |                  17 |                17 |
| C5/0/4/U1 | ANCHOR-CAFE-I                      | 2019-09-06 | 2019-09-30  |             141 |              142 |                 142 |               143 |
| C5/0/4/U2 | ANCHOR-CAFE-II                     | 2019-09-06 | 2019-09-30  |             149 |              154 |                 149 |               152 |
| C5/1/0/U0 | POINTE-LARUE-AIRPORT-23            | 2019-09-06 | 2019-09-30  |              99 |              104 |                 101 |               103 |
| C5/1/0/U1 | PPROVIDENCE-23                     | 2019-09-06 | 2019-09-30  |              26 |               29 |                  26 |                27 |
| C5/1/0/U2 | ROSHE-CAIMAN-23                    | 2019-09-06 | 2019-09-30  |               8 |                9 |                   8 |                 8 |
| C5/1/0/U3 | HEAD-OFFICE | HO-23                | 2019-09-06 | 2019-09-30  |              29 |               29 |                  29 |                31 |
| C5/1/1/U1 | C5-UNION-VALE                      | 2019-09-06 | 2019-09-30  |             186 |              192 |                 186 |               187 |
| C5/1/3/U0 | POINTE-LARUE-AIRPORT-27            | 2019-09-06 | 2019-09-30  |             132 |              136 |                 132 |               134 |
| C5/1/3/U1 | PPROVIDENCE-27                     | 2019-09-06 | 2019-09-30  |              37 |               37 |                  37 |                37 |
| C5/1/3/U2 | ROSHE-CAIMAN-27                    | 2019-09-06 | 2019-09-30  |              26 |               26 |                  26 |                26 |
| C5/1/3/U3 | HEAD-OFFICE | HO-27                | 2019-09-06 | 2019-09-30  |              14 |               15 |                  14 |                14 |
| C5/1/4/U0 | ANSE-ROYALE-27                     | 2019-09-06 | 2019-09-30  |              95 |               97 |                  95 |                96 |
| C5/1/4/U1 | GLACIS-2-57                        | 2019-09-06 | 2019-09-30  |             119 |              123 |                 119 |               119 |
| C5/1/4/U2 | NULL                               | 2019-09-06 | 2019-09-30  |              92 |               95 |                  92 |                95 |
| C5/1/4/U3 | GLACIS-1                           | 2019-09-06 | 2019-09-30  |              54 |               56 |                  54 |                55 |
| C6/0/1/U0 | SERRET-ROAD-RIGHT/CURIO/PASCAL     | 2019-09-06 | 2019-09-30  |             116 |              118 |                 116 |               119 |
| C6/0/1/U1 | SERRET-ROAD-LEFT/ST.LOUIS/TOWN     | 2019-09-06 | 2019-09-30  |             143 |              147 |                 143 |               143 |
| C6/0/1/U2 | SERRET-ROAD-RIGHT/CURIO/PASCAL-2   | 2019-09-06 | 2019-09-30  |             125 |              126 |                 125 |               126 |
| C6/0/1/U3 | SERRET-ROAD-LEFT/ST.LOUIS/TOWN-2   | 2019-09-06 | 2019-09-30  |             140 |              145 |                 140 |               143 |
| C6/0/2/U0 | SANS-SOUCIS-I                      | 2019-09-06 | 2019-09-30  |              76 |               78 |                  75 |                76 |
| C6/0/2/U1 | SANS-SOUCIS-II                     | 2019-09-06 | 2019-09-30  |             145 |              148 |                 145 |               149 |
| C6/0/2/U2 | BEL-AIR-27                         | 2019-09-06 | 2019-09-30  |             118 |              124 |                 118 |               120 |
| C6/0/2/U3 | BEL-AIR-38                         | 2019-09-06 | 2019-09-30  |              78 |               79 |                  78 |                83 |
| C6/0/3/U0 | LES-MAMELLES-23                    | 2019-09-06 | 2019-09-30  |              90 |               90 |                  90 |                92 |
| C6/0/3/U1 | VICTORIA-23                        | 2019-09-06 | 2019-09-30  |              33 |               38 |                  36 |                42 |
| C6/0/4/U0 | LES-MAMELLES-27                    | 2019-09-06 | 2019-09-30  |              63 |               63 |                  63 |                63 |
| C6/0/4/U1 | VICTORIA-27                        | 2019-09-06 | 2019-09-30  |              14 |               15 |                  14 |                14 |
| C7/1/0/U0 | LA-RETRAITE-23                     | 2019-09-06 | 2019-09-30  |              85 |               90 |                  85 |                86 |
| C7/1/0/U1 | TEA-FACTORY-23                     | 2019-09-06 | 2019-09-30  |              23 |               28 |                  24 |                25 |
| C7/1/0/U2 | PAS-23                             | 2019-09-06 | 2019-09-30  |              86 |               90 |                  86 |                89 |
| C7/1/1/U0 | REEF-ESTATE-23                     | 2019-09-06 | 2019-09-30  |              89 |               90 |                  89 |                92 |
| C7/1/1/U1 | BEL-OMBRE-NEW-23                   | 2019-09-06 | 2019-09-30  |              12 |               12 |                  12 |                16 |
| C7/1/2/U0 | LA-RETRAITE-27                     | 2019-09-06 | 2019-09-30  |             126 |              131 |                 127 |               128 |
| C7/1/2/U1 | TEA-FACTORY-27                     | 2019-09-06 | 2019-09-30  |              27 |               31 |                  28 |                29 |
| C7/1/2/U2 | PAS-27                             | 2019-09-06 | 2019-09-30  |             109 |              109 |                 109 |               112 |
| C7/1/3/U0 | MT-BUXTON-27                       | 2019-09-06 | 2019-09-30  |             145 |              147 |                 145 |               147 |
| C7/1/3/U1 | MT-BUXTON-23                       | 2019-09-06 | 2019-09-30  |              76 |               78 |                  76 |                79 |
| C7/1/4/U0 | REEF-ESTATE-27                     | 2019-09-06 | 2019-09-30  |              66 |               66 |                  66 |                66 |
| C7/1/4/U1 | BEL-OMBRE-NEW-27                   | 2019-09-06 | 2019-09-30  |              25 |               25 |                  25 |                28 |
| C8/0/0/U0 | POLICE-ACADEMY-1-27 - POINTE LARUE | 2019-09-06 | 2019-09-30  |             197 |              197 |                 196 |               198 |
| C8/0/0/U1 | NULL                               | 2019-09-06 | 2019-09-30  |             136 |              142 |                 137 |               139 |
| C8/0/1/U0 | NULL                               | 2019-09-06 | 2019-09-30  |             180 |              184 |                 180 |               181 |
| C8/0/1/U1 | POLICE-ACADEMY-2-27 - TURTLE BAY   | 2019-09-06 | 2019-09-30  |             121 |              122 |                 121 |               125 |
| C8/0/2/U0 | BEAU-VALLON-LEFT-1-57              | 2019-09-06 | 2019-09-30  |              90 |               94 |                  91 |                92 |
| C8/0/3/U1 | BEAU-VALLON-RIGHT-2-57             | 2019-09-06 | 2019-09-30  |             180 |              189 |                 180 |               182 |
| C8/1/0/U0 | MA-JOIE-NODE-27                    | 2019-09-06 | 2019-09-30  |             114 |              114 |                 114 |               115 |
| C8/1/0/U1 | BELONIE-27                         | 2019-09-06 | 2019-09-30  |             151 |              153 |                 150 |               151 |
| C8/1/0/U3 | MA-JOIE-NODE-23                    | 2019-09-06 | 2019-09-30  |             112 |              117 |                 112 |               113 |
| C8/1/1/U0 | 611-C1-ROJN I                      | 2019-09-06 | 2019-09-30  |             176 |              177 |                 176 |               180 |
| C8/1/1/U1 | 611-C5-ROJN II                     | 2019-09-06 | 2019-09-30  |              68 |               69 |                  68 |                72 |
| C8/1/2/U0 | 612-C2-ANSE-ETOILE                 | 2019-09-06 | 2019-09-30  |             179 |              182 |                 179 |               181 |
| C8/1/2/U1 | ANSE-ETOILE-U2                     | 2019-09-06 | 2019-09-30  |              72 |               73 |                  72 |                72 |
| C8/1/3/U0 | 613-C3-ANSE-GAULETTE I             | 2019-09-06 | 2019-09-30  |              63 |               68 |                  63 |                65 |
| C8/1/3/U1 | 613-C7-ANSE-GAULETTE II            | 2019-09-06 | 2019-09-30  |              75 |               80 |                  75 |                75 |
| C8/1/3/U2 | 613-C3-ANSE-GAULETTE III           | 2019-09-06 | 2019-09-30  |              35 |               39 |                  35 |                36 |
| C8/1/3/U3 | TAKAMAKA I                         | 2019-09-06 | 2019-09-30  |             101 |              104 |                 101 |               101 |
| C8/1/3/U4 | TAKAMAKA II                        | 2019-09-06 | 2019-09-30  |              95 |               96 |                  95 |                96 |
| C8/1/4/U0 | 614-BEOLIERE-NODE-1                | 2019-09-06 | 2019-09-30  |              98 |              100 |                  98 |               100 |
| C8/1/4/U1 | 614-BEOLIERE-NODE-2                | 2019-09-06 | 2019-09-30  |             125 |              131 |                 125 |               128 |
+-----------+------------------------------------+------------+-------------+-----------------+------------------+---------------------+-------------------+
70 rows in set (0.20 sec)

+------------------+------------+-------------+-----------------+------------------+----------------------+-------------------+
| MXK_NAME         | MXK_DATE   | INSERTED_ON | UNIQUE_ACCOUNTS | UNIQUE_CONTRACTS | UNIQUE_FSAN_INRCBOSS | UNIQUE_FSAN_INMXK |
+------------------+------------+-------------+-----------------+------------------+----------------------+-------------------+
| NULL             | NULL       | 2019-09-30  |             436 |              442 |                  429 |                 0 |
| MXK-ANSEETOILE   | 2019-09-06 | 2019-09-30  |             138 |              140 |                  140 |               146 |
| MXK-ANSEROYALE   | 2019-09-06 | 2019-09-30  |             136 |              136 |                  136 |               153 |
| MXK-BEAUVALLON   | 2019-09-06 | 2019-09-30  |            1174 |             1192 |                 1184 |              1247 |
| MXK-MAHE         | 2019-09-06 | 2019-09-30  |             886 |              908 |                  846 |              1079 |
| MXK-PERSEVERANCE | 2019-09-06 | 2019-09-30  |             996 |             1001 |                  996 |              1143 |
| MXK-PRASLIN      | 2019-09-06 | 2019-09-30  |            1163 |             1166 |                 1159 |              1273 |
+------------------+------------+-------------+-----------------+------------------+----------------------+-------------------+
7 rows in set (0.06 sec)

mysql> mysql \. C:\workspace\cloud\code\sql\_DailyScript\currenttime.sql
+---------------------+
| currenttime         |
+---------------------+
| 2019-09-30 10:38:06 |
+---------------------+
1 row in set (0.00 sec)

mysql> 
mysql> mysql \. C:\workspace\cloud\code\sql\Analysis\service_tickets_assignments.sql
Query OK, 0 rows affected (0.02 sec)

Query OK, 71246 rows affected (13.79 sec)
Records: 71246  Duplicates: 0  Warnings: 0

+-------------------------+
| rep_servicetickets_2019 |
+-------------------------+
|                   71246 |
+-------------------------+
1 row in set (1.56 sec)

mysql> mysql \. C:\workspace\cloud\code\sql\_DailyScript\currenttime.sql
+---------------------+
| currenttime         |
+---------------------+
| 2019-09-30 10:38:21 |
+---------------------+
1 row in set (0.00 sec)

mysql> 
mysql> 
mysql> exit
