    -> 
    -> mysql \. C:\workspace\cloud\code\sql\_DailyScript\_setdates.sql
Query OK, 0 rows affected (0.01 sec)

Query OK, 0 rows affected (1.75 sec)

Database changed
Query OK, 0 rows affected (0.00 sec)

Query OK, 0 rows affected (0.00 sec)

Query OK, 0 rows affected (0.00 sec)

Query OK, 0 rows affected (0.00 sec)

Query OK, 0 rows affected (0.00 sec)

Query OK, 0 rows affected (0.00 sec)

Query OK, 0 rows affected (0.01 sec)

Query OK, 0 rows affected (0.00 sec)

Query OK, 0 rows affected (0.00 sec)

Query OK, 0 rows affected (0.00 sec)

Query OK, 0 rows affected (0.00 sec)

Query OK, 0 rows affected (0.00 sec)

Query OK, 0 rows affected (0.00 sec)

Query OK, 0 rows affected (0.00 sec)

Query OK, 0 rows affected (0.00 sec)

Query OK, 0 rows affected (0.00 sec)

Query OK, 0 rows affected (0.00 sec)

Query OK, 0 rows affected (0.00 sec)

Query OK, 0 rows affected (0.00 sec)

Query OK, 0 rows affected (0.00 sec)

Query OK, 0 rows affected (0.00 sec)

Query OK, 0 rows affected (0.00 sec)

mysql> mysql \. C:\workspace\cloud\code\sql\_DailyScript\currenttime.sql
+---------------------+
| currenttime         |
+---------------------+
| 2021-12-13 09:50:25 |
+---------------------+
1 row in set (0.00 sec)

mysql> 
mysql> mysql \. C:\workspace\cloud\code\sql\_DailyScript\load_RCB_VODTITLES.sql
Database changed
Query OK, 0 rows affected (0.00 sec)

Query OK, 16973 rows affected (0.20 sec)

Query OK, 16975 rows affected, 16975 warnings (0.45 sec)
Records: 16975  Deleted: 0  Skipped: 0  Warnings: 16975

Query OK, 0 rows affected (0.00 sec)

Query OK, 2 rows affected (0.02 sec)

+-----------+
| VODTITLES |
+-----------+
|     17433 |
+-----------+
1 row in set (0.01 sec)

+-----------+-----------+
| titletype | typecount |
+-----------+-----------+
| E         |     14453 |
| N         |       245 |
| T         |      2275 |
| NULL      |     16973 |
+-----------+-----------+
4 rows in set (0.07 sec)

mysql> mysql \. C:\workspace\cloud\code\sql\_DailyScript\currenttime.sql
+---------------------+
| currenttime         |
+---------------------+
| 2021-12-13 09:50:25 |
+---------------------+
1 row in set (0.00 sec)

mysql> 
mysql> 
mysql> 
mysql> 
mysql> 
mysql> 
mysql> 
mysql> 
mysql> 
mysql> 
mysql> 
mysql> 
mysql> 
mysql> 
mysql> 
mysql> 
mysql> 
mysql> 
mysql> 
mysql> 
mysql> 
mysql> 
mysql> 
mysql> 
mysql> 
mysql> 
mysql> 
mysql> 
mysql> 
mysql> 
mysql> 
mysql> 
mysql> 
mysql> 
mysql> 
mysql> 
mysql> 
mysql> mysql \. C:\workspace\cloud\code\sql\_DailyScript\load_DailyCalls.sql
Database changed
Query OK, 620 rows affected (0.16 sec)
Records: 620  Deleted: 0  Skipped: 0  Warnings: 0

Query OK, 0 rows affected, 1 warning (0.01 sec)

Query OK, 619 rows affected (0.04 sec)
Records: 619  Duplicates: 0  Warnings: 0

Query OK, 0 rows affected, 1 warning (0.00 sec)

Query OK, 93902 rows affected (0.38 sec)
Records: 93902  Duplicates: 0  Warnings: 0

+----------------------+
| callingclientsbefore |
+----------------------+
|              1329720 |
+----------------------+
1 row in set (0.53 sec)

Query OK, 831 rows affected (16.31 sec)
Records: 831  Duplicates: 0  Warnings: 0

+---------------------+
| callingclientsafter |
+---------------------+
|             1330551 |
+---------------------+
1 row in set (0.37 sec)

Query OK, 0 rows affected (0.01 sec)

Query OK, 363 rows affected (4.16 sec)
Records: 363  Duplicates: 0  Warnings: 0

Query OK, 0 rows affected (0.00 sec)

Query OK, 25804 rows affected (4.29 sec)
Records: 25804  Duplicates: 0  Warnings: 0

+-----------+
| callstats |
+-----------+
|     25804 |
+-----------+
1 row in set (0.02 sec)

Query OK, 0 rows affected, 1 warning (0.00 sec)

Query OK, 831 rows affected (2.88 sec)
Records: 831  Duplicates: 0  Warnings: 0

+------------------------+
| rep_cccallreportbefore |
+------------------------+
|                1329968 |
+------------------------+
1 row in set (0.35 sec)

Query OK, 831 rows affected (0.17 sec)
Records: 831  Duplicates: 0  Warnings: 0

+-----------------------+
| rep_cccallreportafter |
+-----------------------+
|               1330799 |
+-----------------------+
1 row in set (0.35 sec)

Query OK, 0 rows affected (0.00 sec)

mysql> mysql \. C:\workspace\cloud\code\sql\_DailyScript\currenttime.sql
+---------------------+
| currenttime         |
+---------------------+
| 2021-12-13 09:50:55 |
+---------------------+
1 row in set (0.01 sec)

mysql> 
mysql> mysql \. C:\workspace\cloud\code\sql\_DailyScript\DAILY-SCRIPT-USAGE.sql
Database changed
Query OK, 0 rows affected (0.00 sec)

Query OK, 4583 rows affected, 13335 warnings (0.76 sec)
Records: 4583  Deleted: 0  Skipped: 0  Warnings: 13335

Query OK, 0 rows affected (0.00 sec)

Query OK, 7503 rows affected, 21810 warnings (0.86 sec)
Records: 7503  Deleted: 0  Skipped: 0  Warnings: 21810

Query OK, 0 rows affected (0.00 sec)

Query OK, 262 rows affected, 944 warnings (0.05 sec)
Records: 262  Deleted: 0  Skipped: 0  Warnings: 944

Query OK, 0 rows affected (0.00 sec)

Query OK, 169 rows affected, 588 warnings (0.04 sec)
Records: 169  Deleted: 0  Skipped: 0  Warnings: 588

+------------+
| dailyusage |
+------------+
|   19925650 |
+------------+
1 row in set (8.02 sec)

+------------+------------+------------+---------+
| datestart  | dateend    | insertedon | records |
+------------+------------+------------+---------+
| 2021-12-11 | 2021-12-11 | 2021-12-13 |   12517 |
| 2021-12-10 | 2021-12-10 | 2021-12-13 |   12668 |
| 2021-12-09 | 2021-12-09 | 2021-12-10 |   12854 |
| 2021-12-08 | 2021-12-08 | 2021-12-09 |   11517 |
| 2021-12-07 | 2021-12-07 | 2021-12-09 |   10874 |
+------------+------------+------------+---------+
5 rows in set (23.80 sec)

+----------+------------+------------+------------+---------+
| category | datestart  | dateend    | insertedon | records |
+----------+------------+------------+------------+---------+
| UNCAPPED | 2021-12-11 | 2021-12-11 | 2021-12-13 |    7503 |
| PREPAID  | 2021-12-11 | 2021-12-11 | 2021-12-13 |     262 |
| HOTSPOT  | 2021-12-11 | 2021-12-11 | 2021-12-13 |     169 |
| CAPPED   | 2021-12-11 | 2021-12-11 | 2021-12-13 |    4583 |
| UNCAPPED | 2021-12-10 | 2021-12-10 | 2021-12-13 |    7654 |
| PREPAID  | 2021-12-10 | 2021-12-10 | 2021-12-13 |     275 |
| HOTSPOT  | 2021-12-10 | 2021-12-10 | 2021-12-13 |     166 |
| CAPPED   | 2021-12-10 | 2021-12-10 | 2021-12-13 |    4573 |
| UNCAPPED | 2021-12-09 | 2021-12-09 | 2021-12-10 |    7810 |
| PREPAID  | 2021-12-09 | 2021-12-09 | 2021-12-10 |     280 |
| HOTSPOT  | 2021-12-09 | 2021-12-09 | 2021-12-10 |     180 |
| CAPPED   | 2021-12-09 | 2021-12-09 | 2021-12-10 |    4584 |
| UNCAPPED | 2021-12-08 | 2021-12-08 | 2021-12-09 |    6855 |
| PREPAID  | 2021-12-08 | 2021-12-08 | 2021-12-09 |     307 |
| HOTSPOT  | 2021-12-08 | 2021-12-08 | 2021-12-09 |     176 |
| CAPPED   | 2021-12-08 | 2021-12-08 | 2021-12-09 |    4179 |
| UNCAPPED | 2021-12-07 | 2021-12-07 | 2021-12-09 |    6333 |
| PREPAID  | 2021-12-07 | 2021-12-07 | 2021-12-09 |     304 |
| HOTSPOT  | 2021-12-07 | 2021-12-07 | 2021-12-09 |     208 |
| CAPPED   | 2021-12-07 | 2021-12-07 | 2021-12-09 |    4029 |
+----------+------------+------------+------------+---------+
20 rows in set (29.32 sec)

mysql> mysql \. C:\workspace\cloud\code\sql\_DailyScript\currenttime.sql
+---------------------+
| currenttime         |
+---------------------+
| 2021-12-13 09:51:58 |
+---------------------+
1 row in set (0.00 sec)

mysql> 
mysql> mysql \. C:\workspace\cloud\code\sql\_DailyScript\DAILY-SCRIPT-SALES-TELEMETRY.sql
Database changed
Query OK, 73 rows affected, 67 warnings (0.03 sec)
Records: 73  Deleted: 0  Skipped: 0  Warnings: 67

+------------+
| dailysales |
+------------+
|     255859 |
+------------+
1 row in set (0.24 sec)

Query OK, 0 rows affected (0.01 sec)

Query OK, 255859 rows affected (17.34 sec)
Records: 255859  Duplicates: 0  Warnings: 0

+--------+
| sales  |
+--------+
| 255859 |
+--------+
1 row in set (0.10 sec)

Query OK, 0 rows affected (0.00 sec)

Query OK, 4270 rows affected (0.42 sec)
Records: 4270  Duplicates: 0  Warnings: 0

+----------------+
| rep_dailysales |
+----------------+
|           4270 |
+----------------+
1 row in set (0.00 sec)

Query OK, 0 rows affected (0.00 sec)

Query OK, 4270 rows affected (0.69 sec)
Records: 4270  Duplicates: 0  Warnings: 0

+-------------------+
| rep_dailysalesreg |
+-------------------+
|              4270 |
+-------------------+
1 row in set (0.00 sec)

Query OK, 0 rows affected (0.00 sec)

Query OK, 3018 rows affected (0.79 sec)
Records: 3018  Duplicates: 0  Warnings: 0

+-----------+
| saleslist |
+-----------+
|      3018 |
+-----------+
1 row in set (0.00 sec)

Database changed
ERROR 2 (HY000): File 'C:\ProgramData\MySQL\MySQL Server 5.7\Uploads\_csv\PrepaidCardSales-11122021-P1.csv' not found (Errcode: 2 - No such file or directory)
+------------------+
| dailysinglesales |
+------------------+
|             6646 |
+------------------+
1 row in set (0.01 sec)

Database changed
Query OK, 6 rows affected (0.02 sec)
Records: 6  Deleted: 0  Skipped: 0  Warnings: 0

+-----------------+
| dailyaddonsales |
+-----------------+
|           26069 |
+-----------------+
1 row in set (0.04 sec)

Query OK, 208 rows affected (0.05 sec)
Records: 208  Deleted: 0  Skipped: 0  Warnings: 0

+----------------+
| onlinepayments |
+----------------+
|         247762 |
+----------------+
1 row in set (0.12 sec)

+-------------+----------------+---------------------+
| paymentdate | onlinepayments | onlinepaymentamount |
+-------------+----------------+---------------------+
| 2021-12-11  |            208 |        131397.24000 |
| 2021-12-10  |            185 |        117652.13000 |
| 2021-12-09  |            175 |        119561.08000 |
| 2021-12-08  |            229 |        158807.06000 |
| 2021-12-07  |            285 |        177576.04000 |
+-------------+----------------+---------------------+
5 rows in set (0.76 sec)

+-------------+--------------+----------------+---------------------+
| paymentyear | paymentmonth | onlinepayments | onlinepaymentamount |
+-------------+--------------+----------------+---------------------+
|        2021 |           12 |           2984 |       1975266.46000 |
|        2021 |           11 |           8553 |       5661260.44000 |
|        2021 |           10 |           8715 |       5741511.04000 |
|        2021 |            9 |           8803 |       5663928.71000 |
|        2021 |            8 |           8864 |       5714008.87000 |
+-------------+--------------+----------------+---------------------+
5 rows in set (0.26 sec)

mysql> mysql \. C:\workspace\cloud\code\sql\_DailyScript\currenttime.sql
+---------------------+
| currenttime         |
+---------------------+
| 2021-12-13 09:52:19 |
+---------------------+
1 row in set (0.00 sec)

mysql> 
mysql> mysql \. C:\workspace\cloud\code\sql\_DailyScript\DAILY-SCRIPT-ACTIVENUMBERS.sql
Database changed
Query OK, 1092 rows affected (0.48 sec)
Records: 1092  Deleted: 0  Skipped: 0  Warnings: 0

+------------+----------+
| period     | count(1) |
+------------+----------+
| 2021-12-11 |     1092 |
| 2021-12-10 |     1092 |
| 2021-12-09 |     1085 |
| 2021-12-08 |     1085 |
| 2021-12-07 |     1086 |
+------------+----------+
5 rows in set (0.01 sec)

Query OK, 0 rows affected (0.01 sec)

Query OK, 75 rows affected (1.38 sec)
Records: 75  Duplicates: 0  Warnings: 0

+-------------+
| packagelist |
+-------------+
|          75 |
+-------------+
1 row in set (0.00 sec)

Database changed
Query OK, 0 rows affected (0.00 sec)

Query OK, 0 rows affected (0.00 sec)

Query OK, 0 rows affected (0.00 sec)

Query OK, 0 rows affected (0.00 sec)

Query OK, 28944 rows affected, 196 warnings (12.61 sec)
Records: 28944  Deleted: 0  Skipped: 0  Warnings: 196

+------------+----------+
| period     | count(1) |
+------------+----------+
| 2021-12-11 |    28944 |
| 2021-12-10 |    28959 |
| 2021-12-09 |    28932 |
| 2021-12-08 |    28844 |
| 2021-12-07 |    29026 |
+------------+----------+
5 rows in set (0.15 sec)

Query OK, 0 rows affected (0.02 sec)

Query OK, 28385 rows affected (52.40 sec)
Records: 28385  Duplicates: 0  Warnings: 0

Query OK, 0 rows affected (0.11 sec)
Records: 0  Duplicates: 0  Warnings: 0

Query OK, 0 rows affected (0.11 sec)
Records: 0  Duplicates: 0  Warnings: 0

Query OK, 0 rows affected (0.10 sec)
Records: 0  Duplicates: 0  Warnings: 0

Query OK, 0 rows affected (0.12 sec)
Records: 0  Duplicates: 0  Warnings: 0

Query OK, 0 rows affected (0.07 sec)
Records: 0  Duplicates: 0  Warnings: 0

Query OK, 0 rows affected (0.07 sec)
Records: 0  Duplicates: 0  Warnings: 0

+-------------+
| countbefore |
+-------------+
|    51790875 |
+-------------+
1 row in set (15.84 sec)

Query OK, 28385 rows affected (2.87 sec)
Records: 28385  Duplicates: 0  Warnings: 0

+------------+
| countafter |
+------------+
|   51819260 |
+------------+
1 row in set (17.08 sec)

+------------+--------------------------+
| period     | customercontractactivity |
+------------+--------------------------+
| 2021-12-11 |                    28385 |
| 2021-12-10 |                    28400 |
| 2021-12-09 |                    28373 |
| 2021-12-08 |                    28285 |
| 2021-12-07 |                    28467 |
+------------+--------------------------+
5 rows in set (0.06 sec)

Query OK, 0 rows affected (0.01 sec)

Query OK, 325949 rows affected, 4 warnings (10 min 5.84 sec)
Records: 325949  Duplicates: 0  Warnings: 4

Query OK, 0 rows affected (1.10 sec)
Records: 0  Duplicates: 0  Warnings: 0

Query OK, 0 rows affected (1.26 sec)
Records: 0  Duplicates: 0  Warnings: 0

Query OK, 0 rows affected (1.25 sec)
Records: 0  Duplicates: 0  Warnings: 0

Query OK, 0 rows affected (0.01 sec)

Query OK, 223 rows affected (0.49 sec)
Records: 223  Duplicates: 0  Warnings: 0

Query OK, 0 rows affected (0.01 sec)

Query OK, 2610 rows affected (0.64 sec)
Records: 2610  Duplicates: 0  Warnings: 0

Query OK, 0 rows affected (0.01 sec)

Query OK, 28359 rows affected (0.63 sec)
Records: 28359  Duplicates: 0  Warnings: 0

Query OK, 0 rows affected (0.02 sec)

Query OK, 17011 rows affected (0.40 sec)
Records: 17011  Duplicates: 0  Warnings: 0

Query OK, 0 rows affected (0.02 sec)

Query OK, 17011 rows affected (0.14 sec)
Records: 17011  Duplicates: 0  Warnings: 0

Query OK, 0 rows affected (0.02 sec)

Query OK, 17011 rows affected (1.32 sec)
Records: 17011  Duplicates: 0  Warnings: 0

Query OK, 0 rows affected (0.01 sec)

Query OK, 17011 rows affected (43.26 sec)
Records: 17011  Duplicates: 0  Warnings: 0

+-------------+
| clientstats |
+-------------+
|       17011 |
+-------------+
1 row in set (0.01 sec)

Query OK, 0 rows affected (0.01 sec)

Query OK, 13 rows affected, 1 warning (0.12 sec)
Records: 13  Duplicates: 0  Warnings: 1

+-----------------------+-------------+-------------+----------------+-----------------+
| services              | activecount | allaccounts | uniqueaccounts | uniquecontracts |
+-----------------------+-------------+-------------+----------------+-----------------+
| All                   |         432 |          71 |             71 |             228 |
| Internet & OTT        |           8 |           4 |              4 |               5 |
| Internet & Voice      |         302 |         131 |            131 |             257 |
| Internet Only         |        4348 |        4252 |           4247 |            4287 |
| OTT Only              |           1 |           1 |              1 |               1 |
| TV & Internet         |        9895 |        4421 |           4410 |            9013 |
| TV & Internet & OTT   |        4683 |        1225 |           1221 |            2552 |
| TV & Internet & Voice |         516 |         149 |            149 |             456 |
| TV & OTT              |         323 |          81 |             79 |              90 |
| TV & Voice            |          96 |          42 |             42 |              87 |
| TV Only               |        8301 |        6519 |           6512 |            6727 |
| Voice Only            |         116 |         115 |            115 |             116 |
| GRAND TOTAL           |       29021 |       17011 |          16937 |           23819 |
+-----------------------+-------------+-------------+----------------+-----------------+
13 rows in set (0.01 sec)

+-------------+-------------+-------------+----------------+-----------------+
| network     | activecount | allaccounts | uniqueaccounts | uniquecontracts |
+-------------+-------------+-------------+----------------+-----------------+
| GPON        |       14200 |        6987 |           6984 |           11119 |
| HFC         |       14821 |       10024 |          10024 |           12700 |
| GRAND TOTAL |       29021 |       17011 |          16937 |           23819 |
+-------------+-------------+-------------+----------------+-----------------+
3 rows in set, 1 warning (0.13 sec)

+-------------+-----------------------+-------------+-------------+----------------+-----------------+
| network     | services              | activecount | allaccounts | uniqueaccounts | uniquecontracts |
+-------------+-----------------------+-------------+-------------+----------------+-----------------+
| GPON        | All                   |         335 |          58 |             58 |             185 |
| GPON        | Internet & OTT        |           2 |           1 |              1 |               1 |
| GPON        | Internet & Voice      |          83 |          34 |             34 |              72 |
| GPON        | Internet Only         |        1672 |        1591 |           1591 |            1612 |
| GPON        | TV & Internet         |        5631 |        2469 |           2469 |            5059 |
| GPON        | TV & Internet & OTT   |        3714 |         964 |            964 |            2019 |
| GPON        | TV & Internet & Voice |         295 |          81 |             81 |             250 |
| GPON        | TV & OTT              |         203 |          62 |             62 |              66 |
| GPON        | TV & Voice            |          61 |          27 |             27 |              57 |
| GPON        | TV Only               |        2189 |        1686 |           1686 |            1783 |
| GPON        | Voice Only            |          15 |          14 |             14 |              15 |
| GPON        | Services Total        |       14200 |        6987 |           6984 |           11119 |
| HFC         | All                   |          97 |          13 |             13 |              43 |
| HFC         | Internet & OTT        |           6 |           3 |              3 |               4 |
| HFC         | Internet & Voice      |         219 |          97 |             97 |             185 |
| HFC         | Internet Only         |        2676 |        2661 |           2661 |            2675 |
| HFC         | OTT Only              |           1 |           1 |              1 |               1 |
| HFC         | TV & Internet         |        4264 |        1952 |           1952 |            3954 |
| HFC         | TV & Internet & OTT   |         969 |         261 |            261 |             533 |
| HFC         | TV & Internet & Voice |         221 |          68 |             68 |             206 |
| HFC         | TV & OTT              |         120 |          19 |             19 |              24 |
| HFC         | TV & Voice            |          35 |          15 |             15 |              30 |
| HFC         | TV Only               |        6112 |        4833 |           4833 |            4944 |
| HFC         | Voice Only            |         101 |         101 |            101 |             101 |
| HFC         | Services Total        |       14821 |       10024 |          10024 |           12700 |
| GRAND TOTAL | Services Total        |       29021 |       17011 |          16937 |           23819 |
+-------------+-----------------------+-------------+-------------+----------------+-----------------+
26 rows in set, 2 warnings (0.14 sec)

Query OK, 0 rows affected (0.01 sec)

Query OK, 40 rows affected, 3 warnings (0.20 sec)
Records: 40  Duplicates: 0  Warnings: 3

+-------------+---------------+-----------------------+-------------+-------------+----------------+-----------------+
| region      | network       | services              | activecount | allaccounts | uniqueaccounts | uniquecontracts |
+-------------+---------------+-----------------------+-------------+-------------+----------------+-----------------+
| Mahe        | GPON          | All                   |         294 |          51 |             51 |             162 |
| Mahe        | GPON          | Internet & OTT        |           2 |           1 |              1 |               1 |
| Mahe        | GPON          | Internet & Voice      |          73 |          29 |             29 |              62 |
| Mahe        | GPON          | Internet Only         |        1415 |        1334 |           1334 |            1355 |
| Mahe        | GPON          | TV & Internet         |        4887 |        2141 |           2141 |            4383 |
| Mahe        | GPON          | TV & Internet & OTT   |        3114 |         787 |            787 |            1656 |
| Mahe        | GPON          | TV & Internet & Voice |         286 |          78 |             78 |             241 |
| Mahe        | GPON          | TV & OTT              |         176 |          52 |             52 |              56 |
| Mahe        | GPON          | TV & Voice            |          58 |          26 |             26 |              54 |
| Mahe        | GPON          | TV Only               |        1823 |        1399 |           1399 |            1483 |
| Mahe        | GPON          | Voice Only            |          15 |          14 |             14 |              15 |
| Mahe        | GPON          | Services Total        |       12143 |        5912 |           5912 |            9468 |
| Mahe        | HFC           | All                   |          97 |          13 |             13 |              43 |
| Mahe        | HFC           | Internet & OTT        |           6 |           3 |              3 |               4 |
| Mahe        | HFC           | Internet & Voice      |         219 |          97 |             97 |             185 |
| Mahe        | HFC           | Internet Only         |        2676 |        2661 |           2661 |            2675 |
| Mahe        | HFC           | OTT Only              |           1 |           1 |              1 |               1 |
| Mahe        | HFC           | TV & Internet         |        4264 |        1952 |           1952 |            3954 |
| Mahe        | HFC           | TV & Internet & OTT   |         969 |         261 |            261 |             533 |
| Mahe        | HFC           | TV & Internet & Voice |         221 |          68 |             68 |             206 |
| Mahe        | HFC           | TV & OTT              |         120 |          19 |             19 |              24 |
| Mahe        | HFC           | TV & Voice            |          35 |          15 |             15 |              30 |
| Mahe        | HFC           | TV Only               |        6111 |        4832 |           4832 |            4943 |
| Mahe        | HFC           | Voice Only            |         101 |         101 |            101 |             101 |
| Mahe        | HFC           | Services Total        |       14820 |       10023 |          10023 |           12699 |
| Mahe        | Network Total | Services Total        |       26963 |       15935 |          15864 |           22167 |
| Praslin     | GPON          | All                   |          41 |           7 |              7 |              23 |
| Praslin     | GPON          | Internet & Voice      |          10 |           5 |              5 |              10 |
| Praslin     | GPON          | Internet Only         |         257 |         257 |            257 |             257 |
| Praslin     | GPON          | TV & Internet         |         744 |         328 |            328 |             676 |
| Praslin     | GPON          | TV & Internet & OTT   |         600 |         177 |            177 |             363 |
| Praslin     | GPON          | TV & Internet & Voice |           9 |           3 |              3 |               9 |
| Praslin     | GPON          | TV & OTT              |          27 |          10 |             10 |              10 |
| Praslin     | GPON          | TV & Voice            |           3 |           1 |              1 |               3 |
| Praslin     | GPON          | TV Only               |         366 |         287 |            287 |             300 |
| Praslin     | GPON          | Services Total        |        2057 |        1075 |           1075 |            1651 |
| Praslin     | HFC           | TV Only               |           1 |           1 |              1 |               1 |
| Praslin     | HFC           | Services Total        |           1 |           1 |              1 |               1 |
| Praslin     | Network Total | Services Total        |        2058 |        1076 |           1076 |            1652 |
| GRAND TOTAL | Network Total | Services Total        |       29021 |       17011 |          16937 |           23819 |
+-------------+---------------+-----------------------+-------------+-------------+----------------+-----------------+
40 rows in set (0.01 sec)

Query OK, 0 rows affected (0.01 sec)

Query OK, 28360 rows affected (0.50 sec)
Records: 28360  Duplicates: 0  Warnings: 0

Query OK, 0 rows affected (0.01 sec)

Query OK, 2366 rows affected (1.34 sec)
Records: 2366  Duplicates: 0  Warnings: 0

+--------------------------------------+
| message                              |
+--------------------------------------+
| running rcbill_my.sp_ActiveNumber2() |
+--------------------------------------+
1 row in set (0.00 sec)

Query OK, 365 rows affected (2 min 20.51 sec)

mysql> mysql \. C:\workspace\cloud\code\sql\_DailyScript\currenttime.sql
+---------------------+
| currenttime         |
+---------------------+
| 2021-12-13 10:07:22 |
+---------------------+
1 row in set (0.00 sec)

mysql> 
mysql> mysql \. C:\workspace\cloud\code\sql\_DailyScript\GetActiveNumbers Average -Pivot.sql
Database changed
+-------------------------------------+
| @today := subdate(current_date(),1) |
+-------------------------------------+
| 2021-12-12                          |
+-------------------------------------+
1 row in set (0.00 sec)

+-------------------------------------+
| @lastdayofmonth := last_day(@today) |
+-------------------------------------+
| 2021-12-31                          |
+-------------------------------------+
1 row in set (0.01 sec)

Query OK, 0 rows affected (0.02 sec)

Query OK, 52583 rows affected, 65535 warnings (1 min 6.51 sec)
Records: 52583  Duplicates: 0  Warnings: 107437

Query OK, 0 rows affected (0.13 sec)
Records: 0  Duplicates: 0  Warnings: 0

Query OK, 0 rows affected (0.16 sec)
Records: 0  Duplicates: 0  Warnings: 0

Query OK, 0 rows affected (0.13 sec)
Records: 0  Duplicates: 0  Warnings: 0

+-----------------+
| activenumberavg |
+-----------------+
|           52583 |
+-----------------+
1 row in set (0.01 sec)

Query OK, 0 rows affected (0.01 sec)

Query OK, 2004 rows affected (0.60 sec)
Records: 2004  Duplicates: 0  Warnings: 0

+---------------------+
| rep_activenumberavg |
+---------------------+
|                2004 |
+---------------------+
1 row in set (0.00 sec)

+----------------------+
| rep_activenumberavg1 |
+----------------------+
|                  931 |
+----------------------+
1 row in set (0.00 sec)

Query OK, 0 rows affected (0.01 sec)

Query OK, 2788 rows affected (0.50 sec)
Records: 2788  Duplicates: 0  Warnings: 0

Query OK, 0 rows affected (0.01 sec)

Query OK, 14437 rows affected (0.93 sec)
Records: 14437  Duplicates: 0  Warnings: 0

Query OK, 0 rows affected (0.01 sec)

Query OK, 250 rows affected (0.31 sec)
Records: 250  Duplicates: 0  Warnings: 0

Query OK, 0 rows affected (0.00 sec)

Query OK, 0 rows affected (0.01 sec)

Query OK, 0 rows affected (0.01 sec)

Query OK, 0 rows affected (0.00 sec)

Query OK, 0 rows affected (0.00 sec)
Statement prepared

Query OK, 53 rows affected (0.06 sec)
Records: 53  Duplicates: 0  Warnings: 0

Query OK, 0 rows affected (0.00 sec)

Query OK, 0 rows affected (0.00 sec)

+----------------------+
| rep_activenumberavg2 |
+----------------------+
|                 2788 |
+----------------------+
1 row in set (0.00 sec)

+------------------------+
| rep_activenumberavg_pv |
+------------------------+
|                     53 |
+------------------------+
1 row in set (0.00 sec)

Query OK, 0 rows affected (0.00 sec)

Query OK, 2785 rows affected (0.42 sec)
Records: 2785  Duplicates: 0  Warnings: 0

Query OK, 0 rows affected (0.00 sec)

Query OK, 0 rows affected (0.01 sec)

Query OK, 0 rows affected (0.00 sec)

Query OK, 0 rows affected (0.00 sec)

Query OK, 0 rows affected (0.00 sec)
Statement prepared

Query OK, 53 rows affected (0.07 sec)
Records: 53  Duplicates: 0  Warnings: 0

Query OK, 0 rows affected (0.00 sec)

Query OK, 0 rows affected (0.00 sec)

+-------------------------+
| rep_activenumberavgMahe |
+-------------------------+
|                    2785 |
+-------------------------+
1 row in set (0.00 sec)

+----------------------------+
| rep_activenumberavgMahe_pv |
+----------------------------+
|                         53 |
+----------------------------+
1 row in set (0.00 sec)

Query OK, 0 rows affected (0.00 sec)

Query OK, 1763 rows affected (0.22 sec)
Records: 1763  Duplicates: 0  Warnings: 0

Query OK, 0 rows affected (0.00 sec)

Query OK, 0 rows affected (0.00 sec)

Query OK, 0 rows affected (0.01 sec)

Query OK, 0 rows affected (0.00 sec)

Query OK, 0 rows affected (0.00 sec)
Statement prepared

Query OK, 40 rows affected (0.04 sec)
Records: 40  Duplicates: 0  Warnings: 0

Query OK, 0 rows affected (0.00 sec)

Query OK, 0 rows affected (0.00 sec)

+----------------------------+
| rep_activenumberavgPraslin |
+----------------------------+
|                       1763 |
+----------------------------+
1 row in set (0.00 sec)

+-------------------------------+
| rep_activenumberavgPraslin_pv |
+-------------------------------+
|                            40 |
+-------------------------------+
1 row in set (0.00 sec)

mysql> mysql \. C:\workspace\cloud\code\sql\_DailyScript\currenttime.sql
+---------------------+
| currenttime         |
+---------------------+
| 2021-12-13 10:08:33 |
+---------------------+
1 row in set (0.00 sec)

mysql> 
mysql> mysql \. C:\workspace\cloud\code\sql\Analysis\clients_contracts_creditpolicy_2.sql
Database changed
Query OK, 0 rows affected (0.00 sec)

Query OK, 1920454 rows affected (45.20 sec)
Records: 1920454  Duplicates: 0  Warnings: 0

Query OK, 0 rows affected (0.01 sec)

Query OK, 28385 rows affected (1.04 sec)
Records: 28385  Duplicates: 0  Warnings: 0

Query OK, 0 rows affected (0.01 sec)

Query OK, 28463 rows affected (14.98 sec)
Records: 28463  Duplicates: 0  Warnings: 0

+-------------------------+
| rep_cust_cont_creditpol |
+-------------------------+
|                   28463 |
+-------------------------+
1 row in set (0.01 sec)

mysql> mysql \. C:\workspace\cloud\code\sql\_DailyScript\currenttime.sql
+---------------------+
| currenttime         |
+---------------------+
| 2021-12-13 10:09:34 |
+---------------------+
1 row in set (0.00 sec)

mysql> 
mysql> 
mysql> 
mysql> 
mysql> 
mysql> 
mysql> 
mysql> 
mysql> 
mysql> 
mysql> 
mysql> 
mysql> 
mysql> 
mysql> 
mysql> 
mysql> 
mysql> 
mysql> 
mysql> 
mysql> 
mysql> 
mysql> 
mysql> 
mysql> 
mysql> 
mysql> 
mysql> 
mysql> exit
