    -> 
    -> mysql \. C:\workspace\cloud\code\sql\_DailyScript\_setdates.sql
Query OK, 0 rows affected (0.01 sec)

Query OK, 0 rows affected (1.84 sec)

Database changed
Query OK, 0 rows affected (0.00 sec)

Query OK, 0 rows affected (0.00 sec)

Query OK, 0 rows affected (0.00 sec)

Query OK, 0 rows affected (0.00 sec)

Query OK, 0 rows affected (0.00 sec)

Query OK, 0 rows affected (0.00 sec)

Query OK, 0 rows affected (0.00 sec)

Query OK, 0 rows affected (0.00 sec)

Query OK, 0 rows affected (0.00 sec)

Query OK, 0 rows affected (0.00 sec)

Query OK, 0 rows affected (0.00 sec)

Query OK, 0 rows affected (0.00 sec)

Query OK, 0 rows affected (0.00 sec)

Query OK, 0 rows affected (0.00 sec)

Query OK, 0 rows affected (0.00 sec)

Query OK, 0 rows affected (0.00 sec)

Query OK, 0 rows affected (0.00 sec)

Query OK, 0 rows affected (0.00 sec)

Query OK, 0 rows affected (0.00 sec)

Query OK, 0 rows affected (0.00 sec)

Query OK, 0 rows affected (0.00 sec)

Query OK, 0 rows affected (0.00 sec)

mysql> mysql \. C:\workspace\cloud\code\sql\_DailyScript\currenttime.sql
+---------------------+
| currenttime         |
+---------------------+
| 2022-01-21 09:10:40 |
+---------------------+
1 row in set (0.00 sec)

mysql> 
mysql> mysql \. C:\workspace\cloud\code\sql\_DailyScript\load_RCB_VODTITLES.sql
Database changed
Query OK, 0 rows affected (0.00 sec)

Query OK, 17380 rows affected (0.40 sec)

Query OK, 17382 rows affected, 17382 warnings (0.37 sec)
Records: 17382  Deleted: 0  Skipped: 0  Warnings: 17382

Query OK, 0 rows affected (0.00 sec)

Query OK, 2 rows affected (0.02 sec)

+-----------+
| VODTITLES |
+-----------+
|     17840 |
+-----------+
1 row in set (0.01 sec)

+-----------+-----------+
| titletype | typecount |
+-----------+-----------+
| E         |     14846 |
| N         |       245 |
| T         |      2289 |
| NULL      |     17380 |
+-----------+-----------+
4 rows in set (0.08 sec)

mysql> mysql \. C:\workspace\cloud\code\sql\_DailyScript\currenttime.sql
+---------------------+
| currenttime         |
+---------------------+
| 2022-01-21 09:10:41 |
+---------------------+
1 row in set (0.00 sec)

mysql> 
mysql> mysql \. C:\workspace\cloud\code\sql\_DailyScript\DAILY-SCRIPT-LIVETV-STATS.sql
Database changed
Query OK, 0 rows affected (0.07 sec)

Query OK, 121761 rows affected (2.07 sec)
Records: 121761  Duplicates: 0  Warnings: 0

+------------+------------+----------+--------------+--------------+-----------+-------------+----------+--------+------+------------+---------+---------------+
| Table      | Non_unique | Key_name | Seq_in_index | Column_name  | Collation | Cardinality | Sub_part | Packed | Null | Index_type | Comment | Index_comment |
+------------+------------+----------+--------------+--------------+-----------+-------------+----------+--------+------+------------+---------+---------------+
| templivetv |          1 | idxtv1   |            1 | device       | A         |      122155 |     NULL | NULL   | YES  | BTREE      |         |               |
| templivetv |          1 | idxtv2   |            1 | sessionstart | A         |      122155 |     NULL | NULL   | YES  | BTREE      |         |               |
| templivetv |          1 | idxtv3   |            1 | sessiondate  | A         |      122155 |     NULL | NULL   | YES  | BTREE      |         |               |
+------------+------------+----------+--------------+--------------+-----------+-------------+----------+--------+------+------------+---------+---------------+
3 rows in set (0.00 sec)

ERROR 1136 (21S01): Column count doesn't match value count at row 1
Query OK, 2494 rows affected (1.34 sec)
Records: 2494  Duplicates: 0  Warnings: 0

Query OK, 0 rows affected (0.01 sec)

Query OK, 0 rows affected (0.00 sec)

Query OK, 129 rows affected (0.10 sec)
Records: 129  Duplicates: 0  Warnings: 0

Query OK, 0 rows affected (0.01 sec)
Records: 0  Duplicates: 0  Warnings: 0

+-----------------+
| rep_livetvstats |
+-----------------+
|           97250 |
+-----------------+
1 row in set (0.05 sec)

mysql> mysql \. C:\workspace\cloud\code\sql\_DailyScript\currenttime.sql
+---------------------+
| currenttime         |
+---------------------+
| 2022-01-21 09:10:45 |
+---------------------+
1 row in set (0.00 sec)

mysql> 
mysql> mysql \. C:\workspace\cloud\code\sql\_DailyScript\DAILY-SCRIPT-VODTS-STATS.sql
Database changed
Query OK, 0 rows affected (0.07 sec)

Query OK, 12112 rows affected (1 min 35.28 sec)
Records: 12112  Duplicates: 0  Warnings: 0

+---------+------------+----------+--------------+--------------+-----------+-------------+----------+--------+------+------------+---------+---------------+
| Table   | Non_unique | Key_name | Seq_in_index | Column_name  | Collation | Cardinality | Sub_part | Packed | Null | Index_type | Comment | Index_comment |
+---------+------------+----------+--------------+--------------+-----------+-------------+----------+--------+------+------------+---------+---------------+
| tempvod |          1 | idxtvod1 |            1 | device       | A         |       11828 |     NULL | NULL   | YES  | BTREE      |         |               |
| tempvod |          1 | idxtvod2 |            1 | sessionstart | A         |       11828 |     NULL | NULL   | YES  | BTREE      |         |               |
+---------+------------+----------+--------------+--------------+-----------+-------------+----------+--------+------+------------+---------+---------------+
2 rows in set (0.00 sec)

Query OK, 12189 rows affected (7.82 sec)
Records: 12189  Duplicates: 0  Warnings: 0

Query OK, 0 rows affected (0.03 sec)

Query OK, 1739178 rows affected (3 min 1.60 sec)
Records: 1739178  Duplicates: 0  Warnings: 0

+--------------+
| rep_vodstats |
+--------------+
|      1739178 |
+--------------+
1 row in set (0.55 sec)

Database changed
Query OK, 0 rows affected (0.01 sec)

Query OK, 22666 rows affected (2 min 43.77 sec)
Records: 22666  Duplicates: 0  Warnings: 0

+--------+------------+----------+--------------+--------------+-----------+-------------+----------+--------+------+------------+---------+---------------+
| Table  | Non_unique | Key_name | Seq_in_index | Column_name  | Collation | Cardinality | Sub_part | Packed | Null | Index_type | Comment | Index_comment |
+--------+------------+----------+--------------+--------------+-----------+-------------+----------+--------+------+------------+---------+---------------+
| tempts |          1 | idxtts1  |            1 | device       | A         |       22864 |     NULL | NULL   | YES  | BTREE      |         |               |
| tempts |          1 | idxtts2  |            1 | sessionstart | A         |       22864 |     NULL | NULL   | YES  | BTREE      |         |               |
+--------+------------+----------+--------------+--------------+-----------+-------------+----------+--------+------+------------+---------+---------------+
2 rows in set (0.00 sec)

Query OK, 22679 rows affected (22.14 sec)
Records: 22679  Duplicates: 0  Warnings: 0

Query OK, 0 rows affected (0.02 sec)

Query OK, 57324 rows affected (3 min 3.13 sec)
Records: 57324  Duplicates: 0  Warnings: 0

+-------------+
| rep_tsstats |
+-------------+
|       57324 |
+-------------+
1 row in set (0.02 sec)

mysql> mysql \. C:\workspace\cloud\code\sql\_DailyScript\currenttime.sql
+---------------------+
| currenttime         |
+---------------------+
| 2022-01-21 09:21:39 |
+---------------------+
1 row in set (0.00 sec)

mysql> 
mysql> mysql \. C:\workspace\cloud\code\sql\_DailyScript\DAILY-SCRIPT-RADIO-STATS.sql
Database changed
Query OK, 0 rows affected (0.02 sec)

Query OK, 540606 rows affected (8.18 sec)
Records: 540606  Duplicates: 0  Warnings: 0

+-----------+------------+----------+--------------+--------------+-----------+-------------+----------+--------+------+------------+---------+---------------+
| Table     | Non_unique | Key_name | Seq_in_index | Column_name  | Collation | Cardinality | Sub_part | Packed | Null | Index_type | Comment | Index_comment |
+-----------+------------+----------+--------------+--------------+-----------+-------------+----------+--------+------+------------+---------+---------------+
| tempradio |          1 | idxtrad1 |            1 | device       | A         |      543659 |     NULL | NULL   | YES  | BTREE      |         |               |
| tempradio |          1 | idxtrad2 |            1 | sessionstart | A         |      543659 |     NULL | NULL   | YES  | BTREE      |         |               |
+-----------+------------+----------+--------------+--------------+-----------+-------------+----------+--------+------+------------+---------+---------------+
2 rows in set (0.00 sec)

Query OK, 1008 rows affected (5.35 sec)
Records: 1008  Duplicates: 0  Warnings: 0

Query OK, 0 rows affected (0.01 sec)

Query OK, 7502 rows affected (0.73 sec)
Records: 7502  Duplicates: 0  Warnings: 0

+----------------+
| rep_radiostats |
+----------------+
|           7502 |
+----------------+
1 row in set (0.00 sec)

mysql> mysql \. C:\workspace\cloud\code\sql\_DailyScript\currenttime.sql
+---------------------+
| currenttime         |
+---------------------+
| 2022-01-21 09:21:54 |
+---------------------+
1 row in set (0.00 sec)

mysql> 
mysql> mysql \. C:\workspace\cloud\code\sql\_DailyScript\DAILY_SCRIPT_TELEMETRY_PIVOT_2022.sql
Query OK, 0 rows affected (0.01 sec)

Query OK, 134 rows affected (0.03 sec)
Records: 134  Duplicates: 0  Warnings: 0

Query OK, 0 rows affected (0.01 sec)

Query OK, 11865 rows affected (1.65 sec)
Records: 11865  Duplicates: 0  Warnings: 0

Query OK, 0 rows affected (0.01 sec)

Query OK, 5 rows affected (0.02 sec)
Records: 5  Duplicates: 0  Warnings: 0

Query OK, 0 rows affected (0.01 sec)

Query OK, 45 rows affected (0.04 sec)
Records: 45  Duplicates: 0  Warnings: 0

mysql> mysql \. C:\workspace\cloud\code\sql\_DailyScript\currenttime.sql
+---------------------+
| currenttime         |
+---------------------+
| 2022-01-21 09:21:55 |
+---------------------+
1 row in set (0.00 sec)

mysql> 
mysql> mysql \. C:\workspace\cloud\code\sql\_DailyScript\telemetry_livetv_ranking2022.sql
Query OK, 0 rows affected (0.02 sec)

Query OK, 134 rows affected (0.02 sec)
Records: 134  Duplicates: 0  Warnings: 0

mysql> mysql \. C:\workspace\cloud\code\sql\_DailyScript\currenttime.sql
+---------------------+
| currenttime         |
+---------------------+
| 2022-01-21 09:21:55 |
+---------------------+
1 row in set (0.00 sec)

mysql> 
mysql> mysql \. C:\workspace\cloud\code\sql\_DailyScript\telemetry_radio_ranking2022.sql
Query OK, 0 rows affected (0.01 sec)

Query OK, 5 rows affected (0.02 sec)
Records: 5  Duplicates: 0  Warnings: 0

mysql> mysql \. C:\workspace\cloud\code\sql\_DailyScript\currenttime.sql
+---------------------+
| currenttime         |
+---------------------+
| 2022-01-21 09:21:56 |
+---------------------+
1 row in set (0.00 sec)

mysql> 
mysql> mysql \. C:\workspace\cloud\code\sql\_DailyScript\telemetry_ts_ranking2022.sql
Query OK, 0 rows affected (0.01 sec)

Query OK, 45 rows affected (0.02 sec)
Records: 45  Duplicates: 0  Warnings: 0

mysql> mysql \. C:\workspace\cloud\code\sql\_DailyScript\currenttime.sql
+---------------------+
| currenttime         |
+---------------------+
| 2022-01-21 09:21:56 |
+---------------------+
1 row in set (0.00 sec)

mysql> 
mysql> mysql \. C:\workspace\cloud\code\sql\_DailyScript\telemetry_vod_ranking2022.sql
Query OK, 0 rows affected (0.01 sec)

Query OK, 11865 rows affected (0.69 sec)
Records: 11865  Duplicates: 0  Warnings: 0

mysql> mysql \. C:\workspace\cloud\code\sql\_DailyScript\currenttime.sql
+---------------------+
| currenttime         |
+---------------------+
| 2022-01-21 09:21:56 |
+---------------------+
1 row in set (0.00 sec)

mysql> 
mysql> mysql \. C:\workspace\cloud\code\sql\_DailyScript\telemetry_vod_ranking2022_1.sql
Query OK, 0 rows affected (0.01 sec)

Query OK, 11865 rows affected (0.30 sec)
Records: 11865  Duplicates: 0  Warnings: 0

mysql> mysql \. C:\workspace\cloud\code\sql\_DailyScript\currenttime.sql
+---------------------+
| currenttime         |
+---------------------+
| 2022-01-21 09:21:57 |
+---------------------+
1 row in set (0.00 sec)

mysql> 
mysql> mysql \. C:\workspace\cloud\code\sql\_DailyScript\telemetry_vod_ranking2022_2.sql
Query OK, 0 rows affected (0.01 sec)

Query OK, 11865 rows affected (0.30 sec)
Records: 11865  Duplicates: 0  Warnings: 0

mysql> mysql \. C:\workspace\cloud\code\sql\_DailyScript\currenttime.sql
+---------------------+
| currenttime         |
+---------------------+
| 2022-01-21 09:21:57 |
+---------------------+
1 row in set (0.00 sec)

mysql> 
mysql> mysql \. C:\workspace\cloud\code\sql\_DailyScript\DAILY-SCRIPT-CREATE-LOAD.sql
Database changed
Database changed
Query OK, 0 rows affected (0.04 sec)

Query OK, 0 rows affected (0.01 sec)

Database changed
Query OK, 69009 rows affected, 65535 warnings (2.85 sec)
Records: 69009  Deleted: 0  Skipped: 0  Warnings: 206670

Query OK, 0 rows affected (0.18 sec)
Records: 0  Duplicates: 0  Warnings: 0

Query OK, 0 rows affected (0.28 sec)
Records: 0  Duplicates: 0  Warnings: 0

Query OK, 0 rows affected (0.30 sec)
Records: 0  Duplicates: 0  Warnings: 0

Query OK, 0 rows affected (0.26 sec)
Records: 0  Duplicates: 0  Warnings: 0

+---------+
| clients |
+---------+
|   69009 |
+---------+
1 row in set (0.02 sec)

Query OK, 0 rows affected (0.04 sec)

Query OK, 17483 rows affected (7.84 sec)
Records: 17483  Duplicates: 0  Warnings: 0

Query OK, 0 rows affected (0.07 sec)
Records: 0  Duplicates: 0  Warnings: 0

+-------------------+
| rcb_clientparcels |
+-------------------+
|             17483 |
+-------------------+
1 row in set (0.01 sec)

Query OK, 0 rows affected (0.01 sec)

Query OK, 109115 rows affected (3.84 sec)
Records: 109115  Duplicates: 0  Warnings: 0

Query OK, 0 rows affected (0.40 sec)
Records: 0  Duplicates: 0  Warnings: 0

Query OK, 0 rows affected (0.02 sec)

Query OK, 69009 rows affected (1 min 17.41 sec)
Records: 69009  Duplicates: 0  Warnings: 0

Query OK, 0 rows affected (0.27 sec)
Records: 0  Duplicates: 0  Warnings: 0

Query OK, 0 rows affected (0.31 sec)
Records: 0  Duplicates: 0  Warnings: 0

Query OK, 0 rows affected (0.18 sec)
Records: 0  Duplicates: 0  Warnings: 0

+---------------+
| clientaddress |
+---------------+
|         69009 |
+---------------+
1 row in set (0.02 sec)

Database changed
Query OK, 0 rows affected (0.02 sec)

Query OK, 0 rows affected (0.01 sec)

Database changed
Query OK, 570741 rows affected, 65535 warnings (19.09 sec)
Records: 570741  Deleted: 0  Skipped: 0  Warnings: 3349093

Query OK, 0 rows affected (1.26 sec)
Records: 0  Duplicates: 0  Warnings: 0

Query OK, 0 rows affected (2.73 sec)
Records: 0  Duplicates: 0  Warnings: 0

Query OK, 0 rows affected (1.43 sec)
Records: 0  Duplicates: 0  Warnings: 0

Query OK, 0 rows affected (0.01 sec)

Query OK, 570741 rows affected (43.38 sec)
Records: 570741  Duplicates: 0  Warnings: 0

Query OK, 0 rows affected (2.09 sec)
Records: 0  Duplicates: 0  Warnings: 0

Query OK, 0 rows affected (1.66 sec)
Records: 0  Duplicates: 0  Warnings: 0

+-----------+
| contracts |
+-----------+
|    570741 |
+-----------+
1 row in set (0.16 sec)

+-----------------+
| contractaddress |
+-----------------+
|          570741 |
+-----------------+
1 row in set (0.16 sec)

Database changed
Query OK, 0 rows affected (0.01 sec)

Query OK, 0 rows affected (0.01 sec)

Query OK, 8398 rows affected, 33475 warnings (0.20 sec)
Records: 8398  Deleted: 0  Skipped: 0  Warnings: 33475

Query OK, 0 rows affected (0.02 sec)

Query OK, 8365 rows affected (0.18 sec)
Records: 8365  Duplicates: 0  Warnings: 0

Query OK, 0 rows affected (0.05 sec)
Records: 0  Duplicates: 0  Warnings: 0

Query OK, 0 rows affected (0.04 sec)
Records: 0  Duplicates: 0  Warnings: 0

Query OK, 0 rows affected (0.04 sec)
Records: 0  Duplicates: 0  Warnings: 0

Query OK, 0 rows affected (0.01 sec)

Query OK, 6223 rows affected (0.06 sec)
Records: 6223  Duplicates: 0  Warnings: 0

Query OK, 0 rows affected (0.04 sec)
Records: 0  Duplicates: 0  Warnings: 0

+-------------------+
| contractdiscounts |
+-------------------+
|              8398 |
+-------------------+
1 row in set (0.00 sec)

+-------------------------+
| clientcontractdiscounts |
+-------------------------+
|                    8365 |
+-------------------------+
1 row in set (0.00 sec)

+----------------------------+
| clientcontractlastdiscount |
+----------------------------+
|                       6223 |
+----------------------------+
1 row in set (0.00 sec)

Database changed
Query OK, 0 rows affected (0.02 sec)

Query OK, 0 rows affected (0.01 sec)

Database changed
Query OK, 153913 rows affected, 65535 warnings (2.75 sec)
Records: 153913  Deleted: 0  Skipped: 0  Warnings: 250268

Query OK, 0 rows affected (0.40 sec)
Records: 0  Duplicates: 0  Warnings: 0

Query OK, 0 rows affected (0.36 sec)
Records: 0  Duplicates: 0  Warnings: 0

Query OK, 0 rows affected (0.35 sec)
Records: 0  Duplicates: 0  Warnings: 0

Query OK, 0 rows affected (0.37 sec)
Records: 0  Duplicates: 0  Warnings: 0

Query OK, 0 rows affected (0.46 sec)
Records: 0  Duplicates: 0  Warnings: 0

Query OK, 0 rows affected (0.60 sec)
Records: 0  Duplicates: 0  Warnings: 0

Query OK, 0 rows affected (0.06 sec)

Query OK, 1937459 rows affected (2 min 47.67 sec)
Records: 1937459  Duplicates: 0  Warnings: 0

Query OK, 0 rows affected (14.12 sec)
Records: 0  Duplicates: 0  Warnings: 0

+---------+
| devices |
+---------+
|  153913 |
+---------+
1 row in set (0.05 sec)

+-----------------------+
| clientcontractdevices |
+-----------------------+
|               1937459 |
+-----------------------+
1 row in set (0.79 sec)

Query OK, 0 rows affected (0.02 sec)

Query OK, 153856 rows affected (7.46 sec)
Records: 153856  Duplicates: 0  Warnings: 0

+---------------------------+
| rep_clientcontractdevices |
+---------------------------+
|                    153856 |
+---------------------------+
1 row in set (0.04 sec)

Database changed
Query OK, 0 rows affected (0.03 sec)

Query OK, 0 rows affected (0.01 sec)

Query OK, 351551 rows affected (10.17 sec)
Records: 351551  Deleted: 0  Skipped: 0  Warnings: 0

Query OK, 0 rows affected (0.97 sec)
Records: 0  Duplicates: 0  Warnings: 0

Query OK, 0 rows affected (0.87 sec)
Records: 0  Duplicates: 0  Warnings: 0

Query OK, 0 rows affected (0.82 sec)
Records: 0  Duplicates: 0  Warnings: 0

Query OK, 0 rows affected (0.83 sec)
Records: 0  Duplicates: 0  Warnings: 0

+---------+
| tickets |
+---------+
|  351551 |
+---------+
1 row in set (0.09 sec)

Database changed
Query OK, 0 rows affected (0.00 sec)

Query OK, 0 rows affected (0.01 sec)

Empty set (0.00 sec)

Query OK, 0 rows affected (0.03 sec)
Records: 0  Duplicates: 0  Warnings: 0

Query OK, 392 rows affected, 2 warnings (0.06 sec)
Records: 392  Deleted: 0  Skipped: 0  Warnings: 2

+-----------------+
| tickettechusers |
+-----------------+
|             392 |
+-----------------+
1 row in set (0.00 sec)

Database changed
Query OK, 0 rows affected (0.05 sec)

Query OK, 0 rows affected (0.03 sec)

Query OK, 0 rows affected (0.09 sec)
Records: 0  Duplicates: 0  Warnings: 0

Query OK, 795613 rows affected, 2 warnings (14.93 sec)
Records: 795613  Deleted: 0  Skipped: 0  Warnings: 2

+-------------------+
| ticketassignments |
+-------------------+
|            795613 |
+-------------------+
1 row in set (0.22 sec)

Database changed
Query OK, 0 rows affected (0.11 sec)

Query OK, 0 rows affected (0.01 sec)

Query OK, 1574920 rows affected, 65535 warnings (18.94 sec)
Records: 1574920  Deleted: 0  Skipped: 0  Warnings: 1574936

Query OK, 0 rows affected (3.95 sec)
Records: 0  Duplicates: 0  Warnings: 0

Query OK, 0 rows affected (3.23 sec)
Records: 0  Duplicates: 0  Warnings: 0

Query OK, 0 rows affected (2.97 sec)
Records: 0  Duplicates: 0  Warnings: 0

Query OK, 0 rows affected (3.51 sec)
Records: 0  Duplicates: 0  Warnings: 0

+----------------+
| ticketcomments |
+----------------+
|        1574920 |
+----------------+
1 row in set (0.41 sec)

Database changed
Query OK, 0 rows affected (0.01 sec)

Query OK, 0 rows affected (0.01 sec)

Query OK, 503486 rows affected (47.51 sec)
Records: 503486  Deleted: 0  Skipped: 0  Warnings: 0

Query OK, 0 rows affected (3.41 sec)
Records: 0  Duplicates: 0  Warnings: 0

+----------+
| comments |
+----------+
|   503486 |
+----------+
1 row in set (0.14 sec)

Database changed
Query OK, 0 rows affected (0.20 sec)

Query OK, 0 rows affected (0.01 sec)

Query OK, 2032672 rows affected, 65535 warnings (1 min 28.46 sec)
Records: 2032672  Deleted: 0  Skipped: 0  Warnings: 2032767

Query OK, 0 rows affected (4.03 sec)
Records: 0  Duplicates: 0  Warnings: 0

Query OK, 0 rows affected (4.76 sec)
Records: 0  Duplicates: 0  Warnings: 0

Query OK, 0 rows affected (4.54 sec)
Records: 0  Duplicates: 0  Warnings: 0

Query OK, 0 rows affected (5.01 sec)
Records: 0  Duplicates: 0  Warnings: 0

Query OK, 0 rows affected (7.87 sec)
Records: 0  Duplicates: 0  Warnings: 0

+------------+
| devicesold |
+------------+
|    2032672 |
+------------+
1 row in set (0.54 sec)

Database changed
Query OK, 0 rows affected (0.11 sec)

Query OK, 0 rows affected (0.01 sec)

Query OK, 1930643 rows affected, 1 warning (29.34 sec)
Records: 1930643  Deleted: 0  Skipped: 0  Warnings: 1

Query OK, 0 rows affected (3.98 sec)
Records: 0  Duplicates: 0  Warnings: 0

Query OK, 0 rows affected (4.30 sec)
Records: 0  Duplicates: 0  Warnings: 0

Query OK, 0 rows affected (4.40 sec)
Records: 0  Duplicates: 0  Warnings: 0

+------------------+
| contractservices |
+------------------+
|          1930643 |
+------------------+
1 row in set (0.52 sec)

Database changed
Query OK, 0 rows affected (0.07 sec)

Query OK, 0 rows affected (0.01 sec)

Query OK, 4998658 rows affected (3 min 1.74 sec)
Records: 4998658  Deleted: 0  Skipped: 0  Warnings: 0

Query OK, 0 rows affected (33.90 sec)
Records: 0  Duplicates: 0  Warnings: 0

Query OK, 0 rows affected (18.91 sec)
Records: 0  Duplicates: 0  Warnings: 0

Query OK, 0 rows affected (19.54 sec)
Records: 0  Duplicates: 0  Warnings: 0

Query OK, 0 rows affected (18.51 sec)
Records: 0  Duplicates: 0  Warnings: 0

Query OK, 0 rows affected (18.42 sec)
Records: 0  Duplicates: 0  Warnings: 0

+------------------+
| invoicescontents |
+------------------+
|          4998658 |
+------------------+
1 row in set (1.42 sec)

Database changed
Query OK, 0 rows affected (0.17 sec)

Query OK, 0 rows affected (0.01 sec)

Query OK, 3568165 rows affected (4 min 15.64 sec)
Records: 3568165  Deleted: 0  Skipped: 0  Warnings: 0

Query OK, 0 rows affected (38.16 sec)
Records: 0  Duplicates: 0  Warnings: 0

Query OK, 0 rows affected (17.29 sec)
Records: 0  Duplicates: 0  Warnings: 0

Query OK, 0 rows affected (15.93 sec)
Records: 0  Duplicates: 0  Warnings: 0

Query OK, 0 rows affected (17.99 sec)
Records: 0  Duplicates: 0  Warnings: 0

Query OK, 0 rows affected (14.49 sec)
Records: 0  Duplicates: 0  Warnings: 0

Query OK, 0 rows affected (14.86 sec)
Records: 0  Duplicates: 0  Warnings: 0

Query OK, 0 rows affected (16.05 sec)
Records: 0  Duplicates: 0  Warnings: 0

+----------------+
| invoicesheader |
+----------------+
|        3568165 |
+----------------+
1 row in set (0.99 sec)

Database changed
Query OK, 0 rows affected (0.10 sec)

Query OK, 0 rows affected (0.01 sec)

Query OK, 3497301 rows affected (1 min 36.85 sec)
Records: 3497301  Deleted: 0  Skipped: 0  Warnings: 0

Query OK, 0 rows affected (28.56 sec)
Records: 0  Duplicates: 0  Warnings: 0

Query OK, 0 rows affected (11.79 sec)
Records: 0  Duplicates: 0  Warnings: 0

Query OK, 0 rows affected (11.21 sec)
Records: 0  Duplicates: 0  Warnings: 0

Query OK, 0 rows affected (12.25 sec)
Records: 0  Duplicates: 0  Warnings: 0

Query OK, 0 rows affected (14.26 sec)
Records: 0  Duplicates: 0  Warnings: 0

+---------+
| casa    |
+---------+
| 3497301 |
+---------+
1 row in set (1.00 sec)

Query OK, 0 rows affected (0.00 sec)

Query OK, 1631 rows affected (7.79 sec)
Rows matched: 1631  Changed: 1631  Warnings: 0

Query OK, 0 rows affected (0.02 sec)

Query OK, 17486 rows affected (1 min 39.78 sec)
Records: 17486  Duplicates: 0  Warnings: 0

+--------------------+
| rep_paycol_channel |
+--------------------+
|              17486 |
+--------------------+
1 row in set (0.01 sec)

Query OK, 0 rows affected (0.01 sec)

Query OK, 13860 rows affected (1 min 59.49 sec)
Records: 13860  Duplicates: 0  Warnings: 0

+----------------+
| rep_paycol_pos |
+----------------+
|          13860 |
+----------------+
1 row in set (0.01 sec)

Database changed
Query OK, 0 rows affected (0.01 sec)

Query OK, 0 rows affected (0.01 sec)

Database changed
Query OK, 41224 rows affected (0.97 sec)
Records: 41224  Deleted: 0  Skipped: 0  Warnings: 0

+-------+
| users |
+-------+
| 41224 |
+-------+
1 row in set (0.02 sec)

Query OK, 0 rows affected (0.10 sec)
Records: 0  Duplicates: 0  Warnings: 0

Database changed
Query OK, 0 rows affected (0.09 sec)

Query OK, 0 rows affected (0.02 sec)

Query OK, 6490961 rows affected, 2 warnings (1 min 49.84 sec)
Records: 6490961  Deleted: 0  Skipped: 0  Warnings: 2

Query OK, 0 rows affected (40.67 sec)
Records: 0  Duplicates: 0  Warnings: 0

Query OK, 0 rows affected (21.51 sec)
Records: 0  Duplicates: 0  Warnings: 0

Query OK, 0 rows affected (21.21 sec)
Records: 0  Duplicates: 0  Warnings: 0

Query OK, 0 rows affected (21.13 sec)
Records: 0  Duplicates: 0  Warnings: 0

Query OK, 0 rows affected (18.52 sec)
Records: 0  Duplicates: 0  Warnings: 0

+-------------+
| useractions |
+-------------+
|     6490961 |
+-------------+
1 row in set (1.91 sec)

Database changed
Query OK, 0 rows affected (0.18 sec)

Query OK, 0 rows affected (0.01 sec)

Database changed
Query OK, 34359667 rows affected (7 min 59.03 sec)
Records: 34359667  Deleted: 0  Skipped: 0  Warnings: 0

Query OK, 0 rows affected (2 min 21.24 sec)
Records: 0  Duplicates: 0  Warnings: 0

Query OK, 0 rows affected (2 min 2.64 sec)
Records: 0  Duplicates: 0  Warnings: 0

Query OK, 0 rows affected (2 min 7.14 sec)
Records: 0  Duplicates: 0  Warnings: 0

Query OK, 0 rows affected (1 min 53.92 sec)
Records: 0  Duplicates: 0  Warnings: 0

Query OK, 0 rows affected (2 min 23.54 sec)
Records: 0  Duplicates: 0  Warnings: 0

+----------+
| ipusage1 |
+----------+
| 34359667 |
+----------+
1 row in set (24.81 sec)

Query OK, 0 rows affected (0.03 sec)

Query OK, 1930456 rows affected (33.77 sec)
Records: 1930456  Duplicates: 0  Warnings: 0

Query OK, 0 rows affected (12.81 sec)
Records: 0  Duplicates: 0  Warnings: 0

Query OK, 0 rows affected (4.06 sec)
Records: 0  Duplicates: 0  Warnings: 0

Query OK, 0 rows affected (6.62 sec)
Records: 0  Duplicates: 0  Warnings: 0

+------------------------------+
| contractsservicepackageprice |
+------------------------------+
|                      1930456 |
+------------------------------+
1 row in set (0.52 sec)

Query OK, 0 rows affected (0.08 sec)

Query OK, 1930867 rows affected (2 min 33.91 sec)
Records: 1930867  Duplicates: 0  Warnings: 0

Query OK, 0 rows affected (16.97 sec)
Records: 0  Duplicates: 0  Warnings: 0

Query OK, 0 rows affected (13.85 sec)
Records: 0  Duplicates: 0  Warnings: 0

Query OK, 0 rows affected (4.90 sec)
Records: 0  Duplicates: 0  Warnings: 0

Query OK, 0 rows affected (11.22 sec)
Records: 0  Duplicates: 0  Warnings: 0

+------------------------------------+
| clientcontractsservicepackageprice |
+------------------------------------+
|                            1930867 |
+------------------------------------+
1 row in set (0.56 sec)

mysql> mysql \. C:\workspace\cloud\code\sql\_DailyScript\currenttime.sql
+---------------------+
| currenttime         |
+---------------------+
| 2022-01-21 10:18:06 |
+---------------------+
1 row in set (0.00 sec)

mysql> 
mysql> mysql \. C:\workspace\cloud\code\sql\_DailyScript\load_DailyCalls.sql
Database changed
Query OK, 676 rows affected (0.29 sec)
Records: 676  Deleted: 0  Skipped: 0  Warnings: 0

Query OK, 0 rows affected, 1 warning (0.00 sec)

Query OK, 675 rows affected (0.04 sec)
Records: 675  Duplicates: 0  Warnings: 0

Query OK, 0 rows affected, 1 warning (0.00 sec)

Query OK, 94022 rows affected (0.46 sec)
Records: 94022  Duplicates: 0  Warnings: 0

+----------------------+
| callingclientsbefore |
+----------------------+
|              1362204 |
+----------------------+
1 row in set (1.07 sec)

Query OK, 926 rows affected (18.26 sec)
Records: 926  Duplicates: 0  Warnings: 0

+---------------------+
| callingclientsafter |
+---------------------+
|             1363130 |
+---------------------+
1 row in set (0.35 sec)

Query OK, 0 rows affected (0.01 sec)

Query OK, 429 rows affected (11.30 sec)
Records: 429  Duplicates: 0  Warnings: 0

Query OK, 0 rows affected (0.01 sec)

Query OK, 26235 rows affected (4.61 sec)
Records: 26235  Duplicates: 0  Warnings: 0

+-----------+
| callstats |
+-----------+
|     26235 |
+-----------+
1 row in set (0.01 sec)

Query OK, 0 rows affected, 1 warning (0.00 sec)

Query OK, 926 rows affected (7.07 sec)
Records: 926  Duplicates: 0  Warnings: 0

+------------------------+
| rep_cccallreportbefore |
+------------------------+
|                1362616 |
+------------------------+
1 row in set (0.36 sec)

Query OK, 926 rows affected (0.27 sec)
Records: 926  Duplicates: 0  Warnings: 0

+-----------------------+
| rep_cccallreportafter |
+-----------------------+
|               1363542 |
+-----------------------+
1 row in set (0.39 sec)

Query OK, 0 rows affected (0.01 sec)

mysql> mysql \. C:\workspace\cloud\code\sql\_DailyScript\currenttime.sql
+---------------------+
| currenttime         |
+---------------------+
| 2022-01-21 10:18:51 |
+---------------------+
1 row in set (0.00 sec)

mysql> 
mysql> mysql \. C:\workspace\cloud\code\sql\_DailyScript\DAILY-SCRIPT-USAGE.sql
Database changed
Query OK, 0 rows affected (0.00 sec)

Query OK, 4759 rows affected, 13855 warnings (1.46 sec)
Records: 4759  Deleted: 0  Skipped: 0  Warnings: 13855

Query OK, 0 rows affected (0.00 sec)

Query OK, 8363 rows affected, 24296 warnings (1.83 sec)
Records: 8363  Deleted: 0  Skipped: 0  Warnings: 24296

Query OK, 0 rows affected (0.00 sec)

Query OK, 381 rows affected, 1380 warnings (0.06 sec)
Records: 381  Deleted: 0  Skipped: 0  Warnings: 1380

Query OK, 0 rows affected (0.00 sec)

Query OK, 168 rows affected, 618 warnings (0.06 sec)
Records: 168  Deleted: 0  Skipped: 0  Warnings: 618

+------------+
| dailyusage |
+------------+
|   20374252 |
+------------+
1 row in set (13.39 sec)

+------------+------------+------------+---------+
| datestart  | dateend    | insertedon | records |
+------------+------------+------------+---------+
| 2022-01-20 | 2022-01-20 | 2022-01-21 |   13671 |
| 2022-01-19 | 2022-01-19 | 2022-01-20 |   12631 |
| 2022-01-18 | 2022-01-18 | 2022-01-19 |   14465 |
| 2022-01-17 | 2022-01-17 | 2022-01-18 |   10755 |
| 2022-01-16 | 2022-01-16 | 2022-01-17 |   10712 |
+------------+------------+------------+---------+
5 rows in set (2 min 42.44 sec)

+----------+------------+------------+------------+---------+
| category | datestart  | dateend    | insertedon | records |
+----------+------------+------------+------------+---------+
| UNCAPPED | 2022-01-20 | 2022-01-20 | 2022-01-21 |    8363 |
| PREPAID  | 2022-01-20 | 2022-01-20 | 2022-01-21 |     381 |
| HOTSPOT  | 2022-01-20 | 2022-01-20 | 2022-01-21 |     168 |
| CAPPED   | 2022-01-20 | 2022-01-20 | 2022-01-21 |    4759 |
| UNCAPPED | 2022-01-19 | 2022-01-19 | 2022-01-20 |    7531 |
| PREPAID  | 2022-01-19 | 2022-01-19 | 2022-01-20 |     395 |
| HOTSPOT  | 2022-01-19 | 2022-01-19 | 2022-01-20 |     198 |
| CAPPED   | 2022-01-19 | 2022-01-19 | 2022-01-20 |    4507 |
| UNCAPPED | 2022-01-18 | 2022-01-18 | 2022-01-19 |    8956 |
| PREPAID  | 2022-01-18 | 2022-01-18 | 2022-01-19 |     376 |
| HOTSPOT  | 2022-01-18 | 2022-01-18 | 2022-01-19 |     186 |
| CAPPED   | 2022-01-18 | 2022-01-18 | 2022-01-19 |    4947 |
| UNCAPPED | 2022-01-17 | 2022-01-17 | 2022-01-18 |    6277 |
| PREPAID  | 2022-01-17 | 2022-01-17 | 2022-01-18 |     341 |
| HOTSPOT  | 2022-01-17 | 2022-01-17 | 2022-01-18 |     199 |
| CAPPED   | 2022-01-17 | 2022-01-17 | 2022-01-18 |    3938 |
| UNCAPPED | 2022-01-16 | 2022-01-16 | 2022-01-17 |    6310 |
| PREPAID  | 2022-01-16 | 2022-01-16 | 2022-01-17 |     340 |
| HOTSPOT  | 2022-01-16 | 2022-01-16 | 2022-01-17 |     158 |
| CAPPED   | 2022-01-16 | 2022-01-16 | 2022-01-17 |    3904 |
+----------+------------+------------+------------+---------+
20 rows in set (35.00 sec)

mysql> mysql \. C:\workspace\cloud\code\sql\_DailyScript\currenttime.sql
+---------------------+
| currenttime         |
+---------------------+
| 2022-01-21 10:22:25 |
+---------------------+
1 row in set (0.00 sec)

mysql> 
mysql> mysql \. C:\workspace\cloud\code\sql\_DailyScript\DAILY-SCRIPT-SALES-TELEMETRY.sql
Database changed
Query OK, 91 rows affected, 89 warnings (0.04 sec)
Records: 91  Deleted: 0  Skipped: 0  Warnings: 89

+------------+
| dailysales |
+------------+
|     248237 |
+------------+
1 row in set (0.54 sec)

+------------+---------+
| orderdate  | records |
+------------+---------+
| 2022-01-20 |      91 |
| 2022-01-19 |     125 |
| 2022-01-18 |     110 |
| 2022-01-17 |     150 |
| 2022-01-16 |       6 |
| 2022-01-15 |      77 |
| 2022-01-14 |     100 |
| 2022-01-13 |      98 |
| 2022-01-12 |     110 |
| 2022-01-11 |      95 |
| 2022-01-10 |     143 |
| 2022-01-09 |       9 |
| 2022-01-08 |      49 |
| 2022-01-07 |     183 |
| 2022-01-06 |     162 |
+------------+---------+
15 rows in set (1.99 sec)

Query OK, 0 rows affected (0.03 sec)

Query OK, 248237 rows affected (21.86 sec)
Records: 248237  Duplicates: 0  Warnings: 0

+--------+
| sales  |
+--------+
| 248237 |
+--------+
1 row in set (0.07 sec)

Query OK, 0 rows affected (0.01 sec)

Query OK, 6443 rows affected (0.45 sec)
Records: 6443  Duplicates: 0  Warnings: 0

+----------------+
| rep_dailysales |
+----------------+
|           6443 |
+----------------+
1 row in set (0.00 sec)

Query OK, 0 rows affected (0.01 sec)

Query OK, 6443 rows affected (0.82 sec)
Records: 6443  Duplicates: 0  Warnings: 0

+-------------------+
| rep_dailysalesreg |
+-------------------+
|              6443 |
+-------------------+
1 row in set (0.01 sec)

Query OK, 0 rows affected (0.01 sec)

Query OK, 2440 rows affected (0.78 sec)
Records: 2440  Duplicates: 0  Warnings: 0

+-----------+
| saleslist |
+-----------+
|      2440 |
+-----------+
1 row in set (0.00 sec)

Database changed
ERROR 2 (HY000): File 'C:\ProgramData\MySQL\MySQL Server 5.7\Uploads\_csv\PrepaidCardSales-20012022-P1.csv' not found (Errcode: 2 - No such file or directory)
+------------------+
| dailysinglesales |
+------------------+
|             6662 |
+------------------+
1 row in set (0.02 sec)

Database changed
Query OK, 15 rows affected (0.03 sec)
Records: 15  Deleted: 0  Skipped: 0  Warnings: 0

+-----------------+
| dailyaddonsales |
+-----------------+
|           26563 |
+-----------------+
1 row in set (0.11 sec)

Query OK, 295 rows affected (0.10 sec)
Records: 295  Deleted: 0  Skipped: 0  Warnings: 0

+----------------+
| onlinepayments |
+----------------+
|         258965 |
+----------------+
1 row in set (0.52 sec)

+-------------+----------------+---------------------+
| paymentdate | onlinepayments | onlinepaymentamount |
+-------------+----------------+---------------------+
| 2022-01-20  |            295 |        187428.15000 |
| 2022-01-19  |            223 |        156378.46000 |
| 2022-01-18  |            240 |        142631.93000 |
| 2022-01-17  |            271 |        191610.68000 |
| 2022-01-16  |            206 |        134563.58000 |
+-------------+----------------+---------------------+
5 rows in set (3.31 sec)

+-------------+--------------+----------------+---------------------+
| paymentyear | paymentmonth | onlinepayments | onlinepaymentamount |
+-------------+--------------+----------------+---------------------+
|        2022 |            1 |           5199 |       3439558.85000 |
|        2022 |         NULL |           5199 |       3439558.85000 |
|        2021 |           12 |           8988 |       5882874.20000 |
|        2021 |           11 |           8553 |       5661260.44000 |
|        2021 |           10 |           8715 |       5741511.04000 |
+-------------+--------------+----------------+---------------------+
5 rows in set (0.28 sec)

mysql> mysql \. C:\workspace\cloud\code\sql\_DailyScript\currenttime.sql
+---------------------+
| currenttime         |
+---------------------+
| 2022-01-21 10:22:56 |
+---------------------+
1 row in set (0.00 sec)

mysql> 
mysql> mysql \. C:\workspace\cloud\code\sql\_DailyScript\DAILY-SCRIPT-ACTIVENUMBERS.sql
Database changed
Query OK, 1077 rows affected (0.63 sec)
Records: 1077  Deleted: 0  Skipped: 0  Warnings: 0

+------------+----------+
| period     | count(1) |
+------------+----------+
| 2022-01-20 |     1077 |
| 2022-01-19 |     1077 |
| 2022-01-18 |     1079 |
| 2022-01-17 |     1078 |
| 2022-01-16 |     1079 |
+------------+----------+
5 rows in set (0.00 sec)

Query OK, 0 rows affected (0.01 sec)

Query OK, 75 rows affected (1.47 sec)
Records: 75  Duplicates: 0  Warnings: 0

+-------------+
| packagelist |
+-------------+
|          75 |
+-------------+
1 row in set (0.00 sec)

Database changed
Query OK, 0 rows affected (0.00 sec)

Query OK, 0 rows affected (0.00 sec)

Query OK, 0 rows affected (0.00 sec)

Query OK, 0 rows affected (0.00 sec)

Query OK, 28713 rows affected, 172 warnings (24.50 sec)
Records: 28713  Deleted: 0  Skipped: 0  Warnings: 172

+------------+----------+
| period     | count(1) |
+------------+----------+
| 2022-01-20 |    28713 |
| 2022-01-19 |    28779 |
| 2022-01-18 |    28720 |
| 2022-01-17 |    28735 |
| 2022-01-16 |    28636 |
+------------+----------+
5 rows in set (0.18 sec)

Query OK, 0 rows affected (0.02 sec)

Query OK, 28155 rows affected (1 min 52.51 sec)
Records: 28155  Duplicates: 0  Warnings: 0

Query OK, 0 rows affected (0.31 sec)
Records: 0  Duplicates: 0  Warnings: 0

Query OK, 0 rows affected (0.12 sec)
Records: 0  Duplicates: 0  Warnings: 0

Query OK, 0 rows affected (0.11 sec)
Records: 0  Duplicates: 0  Warnings: 0

Query OK, 0 rows affected (0.09 sec)
Records: 0  Duplicates: 0  Warnings: 0

Query OK, 0 rows affected (0.08 sec)
Records: 0  Duplicates: 0  Warnings: 0

Query OK, 0 rows affected (0.08 sec)
Records: 0  Duplicates: 0  Warnings: 0

+-------------+
| countbefore |
+-------------+
|    52925468 |
+-------------+
1 row in set (59.27 sec)

Query OK, 28155 rows affected (10.89 sec)
Records: 28155  Duplicates: 0  Warnings: 0

+------------+
| countafter |
+------------+
|   52953623 |
+------------+
1 row in set (31.14 sec)

+------------+--------------------------+
| period     | customercontractactivity |
+------------+--------------------------+
| 2022-01-20 |                    28155 |
| 2022-01-19 |                    28221 |
| 2022-01-18 |                    28162 |
| 2022-01-17 |                    28178 |
| 2022-01-16 |                    28079 |
+------------+--------------------------+
5 rows in set (0.06 sec)

Query OK, 0 rows affected (0.02 sec)

Query OK, 329501 rows affected, 4 warnings (13 min 31.06 sec)
Records: 329501  Duplicates: 0  Warnings: 4

Query OK, 0 rows affected (1.12 sec)
Records: 0  Duplicates: 0  Warnings: 0

Query OK, 0 rows affected (1.33 sec)
Records: 0  Duplicates: 0  Warnings: 0

Query OK, 0 rows affected (1.43 sec)
Records: 0  Duplicates: 0  Warnings: 0

Query OK, 0 rows affected (0.02 sec)

Query OK, 226 rows affected (0.50 sec)
Records: 226  Duplicates: 0  Warnings: 0

Query OK, 0 rows affected (0.01 sec)

Query OK, 2598 rows affected (0.66 sec)
Records: 2598  Duplicates: 0  Warnings: 0

Query OK, 0 rows affected (0.01 sec)

Query OK, 28131 rows affected (0.69 sec)
Records: 28131  Duplicates: 0  Warnings: 0

Query OK, 0 rows affected (0.01 sec)

Query OK, 16807 rows affected (0.47 sec)
Records: 16807  Duplicates: 0  Warnings: 0

Query OK, 0 rows affected (0.01 sec)

Query OK, 16807 rows affected (0.17 sec)
Records: 16807  Duplicates: 0  Warnings: 0

Query OK, 0 rows affected (0.04 sec)

Query OK, 16807 rows affected (1.62 sec)
Records: 16807  Duplicates: 0  Warnings: 0

Query OK, 0 rows affected (0.01 sec)

Query OK, 16807 rows affected (43.35 sec)
Records: 16807  Duplicates: 0  Warnings: 0

+-------------+
| clientstats |
+-------------+
|       16807 |
+-------------+
1 row in set (0.01 sec)

Query OK, 0 rows affected (0.01 sec)

Query OK, 13 rows affected, 1 warning (0.12 sec)
Records: 13  Duplicates: 0  Warnings: 1

+-----------------------+-------------+-------------+----------------+-----------------+
| services              | activecount | allaccounts | uniqueaccounts | uniquecontracts |
+-----------------------+-------------+-------------+----------------+-----------------+
| All                   |         412 |          68 |             68 |             216 |
| Internet & OTT        |           6 |           3 |              3 |               3 |
| Internet & Voice      |         303 |         132 |            132 |             259 |
| Internet Only         |        4358 |        4260 |           4258 |            4297 |
| OTT Only              |           2 |           2 |              2 |               2 |
| TV & Internet         |        9736 |        4357 |           4350 |            8893 |
| TV & Internet & OTT   |        4785 |        1255 |           1253 |            2611 |
| TV & Internet & Voice |         512 |         145 |            144 |             448 |
| TV & OTT              |         363 |          99 |             97 |             110 |
| TV & Voice            |          87 |          39 |             39 |              80 |
| TV Only               |        8129 |        6340 |           6335 |            6544 |
| Voice Only            |         108 |         107 |            107 |             108 |
| GRAND TOTAL           |       28801 |       16807 |          16748 |           23571 |
+-----------------------+-------------+-------------+----------------+-----------------+
13 rows in set (0.00 sec)

+-------------+-------------+-------------+----------------+-----------------+
| network     | activecount | allaccounts | uniqueaccounts | uniquecontracts |
+-------------+-------------+-------------+----------------+-----------------+
| GPON        |       14408 |        7073 |           7070 |           11258 |
| HFC         |       14393 |        9734 |           9734 |           12313 |
| GRAND TOTAL |       28801 |       16807 |          16748 |           23571 |
+-------------+-------------+-------------+----------------+-----------------+
3 rows in set, 1 warning (0.15 sec)

+-------------+-----------------------+-------------+-------------+----------------+-----------------+
| network     | services              | activecount | allaccounts | uniqueaccounts | uniquecontracts |
+-------------+-----------------------+-------------+-------------+----------------+-----------------+
| GPON        | All                   |         333 |          57 |             57 |             180 |
| GPON        | Internet & OTT        |           2 |           1 |              1 |               1 |
| GPON        | Internet & Voice      |          81 |          33 |             33 |              70 |
| GPON        | Internet Only         |        1730 |        1648 |           1648 |            1670 |
| GPON        | OTT Only              |           1 |           1 |              1 |               1 |
| GPON        | TV & Internet         |        5637 |        2479 |           2479 |            5089 |
| GPON        | TV & Internet & OTT   |        3862 |        1004 |           1004 |            2100 |
| GPON        | TV & Internet & Voice |         297 |          79 |             79 |             248 |
| GPON        | TV & OTT              |         230 |          74 |             74 |              80 |
| GPON        | TV & Voice            |          61 |          27 |             27 |              56 |
| GPON        | TV Only               |        2163 |        1660 |           1660 |            1752 |
| GPON        | Voice Only            |          11 |          10 |             10 |              11 |
| GPON        | Services Total        |       14408 |        7073 |           7070 |           11258 |
| HFC         | All                   |          79 |          11 |             11 |              36 |
| HFC         | Internet & OTT        |           4 |           2 |              2 |               2 |
| HFC         | Internet & Voice      |         222 |          99 |             99 |             189 |
| HFC         | Internet Only         |        2628 |        2612 |           2612 |            2627 |
| HFC         | OTT Only              |           1 |           1 |              1 |               1 |
| HFC         | TV & Internet         |        4099 |        1878 |           1878 |            3804 |
| HFC         | TV & Internet & OTT   |         923 |         251 |            251 |             511 |
| HFC         | TV & Internet & Voice |         215 |          66 |             66 |             200 |
| HFC         | TV & OTT              |         133 |          25 |             25 |              30 |
| HFC         | TV & Voice            |          26 |          12 |             12 |              24 |
| HFC         | TV Only               |        5966 |        4680 |           4680 |            4792 |
| HFC         | Voice Only            |          97 |          97 |             97 |              97 |
| HFC         | Services Total        |       14393 |        9734 |           9734 |           12313 |
| GRAND TOTAL | Services Total        |       28801 |       16807 |          16748 |           23571 |
+-------------+-----------------------+-------------+-------------+----------------+-----------------+
27 rows in set, 2 warnings (0.15 sec)

Query OK, 0 rows affected (0.01 sec)

Query OK, 42 rows affected, 3 warnings (0.21 sec)
Records: 42  Duplicates: 0  Warnings: 3

+-------------+---------------+-----------------------+-------------+-------------+----------------+-----------------+
| region      | network       | services              | activecount | allaccounts | uniqueaccounts | uniquecontracts |
+-------------+---------------+-----------------------+-------------+-------------+----------------+-----------------+
| Eden Island | GPON          | TV & Internet         |           2 |           1 |              1 |               2 |
| Eden Island | GPON          | Services Total        |           2 |           1 |              1 |               2 |
| Eden Island | Network Total | Services Total        |           2 |           1 |              1 |               2 |
| Mahe        | GPON          | All                   |         299 |          51 |             51 |             162 |
| Mahe        | GPON          | Internet & OTT        |           2 |           1 |              1 |               1 |
| Mahe        | GPON          | Internet & Voice      |          75 |          30 |             30 |              64 |
| Mahe        | GPON          | Internet Only         |        1472 |        1390 |           1390 |            1412 |
| Mahe        | GPON          | TV & Internet         |        4878 |        2138 |           2138 |            4384 |
| Mahe        | GPON          | TV & Internet & OTT   |        3248 |         822 |            822 |            1728 |
| Mahe        | GPON          | TV & Internet & Voice |         280 |          74 |             74 |             231 |
| Mahe        | GPON          | TV & OTT              |         201 |          62 |             62 |              67 |
| Mahe        | GPON          | TV & Voice            |          58 |          26 |             26 |              53 |
| Mahe        | GPON          | TV Only               |        1831 |        1405 |           1405 |            1485 |
| Mahe        | GPON          | Voice Only            |          11 |          10 |             10 |              11 |
| Mahe        | GPON          | Services Total        |       12355 |        6009 |           6009 |            9598 |
| Mahe        | HFC           | All                   |          79 |          11 |             11 |              36 |
| Mahe        | HFC           | Internet & OTT        |           4 |           2 |              2 |               2 |
| Mahe        | HFC           | Internet & Voice      |         222 |          99 |             99 |             189 |
| Mahe        | HFC           | Internet Only         |        2628 |        2612 |           2612 |            2627 |
| Mahe        | HFC           | OTT Only              |           1 |           1 |              1 |               1 |
| Mahe        | HFC           | TV & Internet         |        4099 |        1878 |           1878 |            3804 |
| Mahe        | HFC           | TV & Internet & OTT   |         923 |         251 |            251 |             511 |
| Mahe        | HFC           | TV & Internet & Voice |         215 |          66 |             66 |             200 |
| Mahe        | HFC           | TV & OTT              |         133 |          25 |             25 |              30 |
| Mahe        | HFC           | TV & Voice            |          26 |          12 |             12 |              24 |
| Mahe        | HFC           | TV Only               |        5966 |        4680 |           4680 |            4792 |
| Mahe        | HFC           | Voice Only            |          97 |          97 |             97 |              97 |
| Mahe        | HFC           | Services Total        |       14393 |        9734 |           9734 |           12313 |
| Mahe        | Network Total | Services Total        |       26748 |       15743 |          15687 |           21911 |
| Praslin     | GPON          | All                   |          34 |           6 |              6 |              18 |
| Praslin     | GPON          | Internet & Voice      |           6 |           3 |              3 |               6 |
| Praslin     | GPON          | Internet Only         |         258 |         258 |            258 |             258 |
| Praslin     | GPON          | OTT Only              |           1 |           1 |              1 |               1 |
| Praslin     | GPON          | TV & Internet         |         757 |         340 |            340 |             703 |
| Praslin     | GPON          | TV & Internet & OTT   |         614 |         182 |            182 |             372 |
| Praslin     | GPON          | TV & Internet & Voice |          17 |           5 |              5 |              17 |
| Praslin     | GPON          | TV & OTT              |          29 |          12 |             12 |              13 |
| Praslin     | GPON          | TV & Voice            |           3 |           1 |              1 |               3 |
| Praslin     | GPON          | TV Only               |         332 |         255 |            255 |             267 |
| Praslin     | GPON          | Services Total        |        2051 |        1063 |           1063 |            1658 |
| Praslin     | Network Total | Services Total        |        2051 |        1063 |           1063 |            1658 |
| GRAND TOTAL | Network Total | Services Total        |       28801 |       16807 |          16748 |           23571 |
+-------------+---------------+-----------------------+-------------+-------------+----------------+-----------------+
42 rows in set (0.00 sec)

Query OK, 0 rows affected (0.01 sec)

Query OK, 28132 rows affected (0.62 sec)
Records: 28132  Duplicates: 0  Warnings: 0

Query OK, 0 rows affected (0.01 sec)

Query OK, 2348 rows affected (3.69 sec)
Records: 2348  Duplicates: 0  Warnings: 0

+--------------------------------------+
| message                              |
+--------------------------------------+
| running rcbill_my.sp_ActiveNumber2() |
+--------------------------------------+
1 row in set (0.00 sec)

Query OK, 365 rows affected (3 min 12.50 sec)

mysql> mysql \. C:\workspace\cloud\code\sql\_DailyScript\currenttime.sql
+---------------------+
| currenttime         |
+---------------------+
| 2022-01-21 10:44:38 |
+---------------------+
1 row in set (0.00 sec)

mysql> 
mysql> mysql \. C:\workspace\cloud\code\sql\_DailyScript\GetActiveNumbers Average -Pivot.sql
Database changed
+-------------------------------------+
| @today := subdate(current_date(),1) |
+-------------------------------------+
| 2022-01-20                          |
+-------------------------------------+
1 row in set (0.00 sec)

+-------------------------------------+
| @lastdayofmonth := last_day(@today) |
+-------------------------------------+
| 2022-01-31                          |
+-------------------------------------+
1 row in set (0.00 sec)

Query OK, 0 rows affected (0.02 sec)

Query OK, 53269 rows affected, 65535 warnings (1 min 11.56 sec)
Records: 53269  Duplicates: 0  Warnings: 107851

Query OK, 0 rows affected (0.14 sec)
Records: 0  Duplicates: 0  Warnings: 0

Query OK, 0 rows affected (0.17 sec)
Records: 0  Duplicates: 0  Warnings: 0

Query OK, 0 rows affected (0.15 sec)
Records: 0  Duplicates: 0  Warnings: 0

+-----------------+
| activenumberavg |
+-----------------+
|           53269 |
+-----------------+
1 row in set (0.02 sec)

Query OK, 0 rows affected (0.01 sec)

Query OK, 2008 rows affected (0.66 sec)
Records: 2008  Duplicates: 0  Warnings: 0

+---------------------+
| rep_activenumberavg |
+---------------------+
|                2008 |
+---------------------+
1 row in set (0.00 sec)

+----------------------+
| rep_activenumberavg1 |
+----------------------+
|                  933 |
+----------------------+
1 row in set (0.00 sec)

Query OK, 0 rows affected (0.01 sec)

Query OK, 2827 rows affected (0.52 sec)
Records: 2827  Duplicates: 0  Warnings: 0

Query OK, 0 rows affected (0.01 sec)

Query OK, 14658 rows affected (1.01 sec)
Records: 14658  Duplicates: 0  Warnings: 0

Query OK, 0 rows affected (0.01 sec)

Query OK, 254 rows affected (0.31 sec)
Records: 254  Duplicates: 0  Warnings: 0

Query OK, 0 rows affected (0.00 sec)

Query OK, 0 rows affected (0.01 sec)

Query OK, 0 rows affected (0.01 sec)

Query OK, 0 rows affected (0.01 sec)

Query OK, 0 rows affected (0.01 sec)
Statement prepared

Query OK, 53 rows affected (0.06 sec)
Records: 53  Duplicates: 0  Warnings: 0

Query OK, 0 rows affected (0.00 sec)

Query OK, 0 rows affected (0.00 sec)

+----------------------+
| rep_activenumberavg2 |
+----------------------+
|                 2827 |
+----------------------+
1 row in set (0.00 sec)

+------------------------+
| rep_activenumberavg_pv |
+------------------------+
|                     53 |
+------------------------+
1 row in set (0.00 sec)

Query OK, 0 rows affected (0.01 sec)

Query OK, 2824 rows affected (0.43 sec)
Records: 2824  Duplicates: 0  Warnings: 0

Query OK, 0 rows affected (0.00 sec)

Query OK, 0 rows affected (0.01 sec)

Query OK, 0 rows affected (0.01 sec)

Query OK, 0 rows affected (0.00 sec)

Query OK, 0 rows affected (0.00 sec)
Statement prepared

Query OK, 53 rows affected (0.06 sec)
Records: 53  Duplicates: 0  Warnings: 0

Query OK, 0 rows affected (0.00 sec)

Query OK, 0 rows affected (0.00 sec)

+-------------------------+
| rep_activenumberavgMahe |
+-------------------------+
|                    2824 |
+-------------------------+
1 row in set (0.00 sec)

+----------------------------+
| rep_activenumberavgMahe_pv |
+----------------------------+
|                         53 |
+----------------------------+
1 row in set (0.00 sec)

Query OK, 0 rows affected (0.01 sec)

Query OK, 1788 rows affected (0.20 sec)
Records: 1788  Duplicates: 0  Warnings: 0

Query OK, 0 rows affected (0.00 sec)

Query OK, 0 rows affected (0.00 sec)

Query OK, 0 rows affected (0.01 sec)

Query OK, 0 rows affected (0.00 sec)

Query OK, 0 rows affected (0.00 sec)
Statement prepared

Query OK, 41 rows affected (0.04 sec)
Records: 41  Duplicates: 0  Warnings: 0

Query OK, 0 rows affected (0.00 sec)

Query OK, 0 rows affected (0.00 sec)

+----------------------------+
| rep_activenumberavgPraslin |
+----------------------------+
|                       1788 |
+----------------------------+
1 row in set (0.00 sec)

+-------------------------------+
| rep_activenumberavgPraslin_pv |
+-------------------------------+
|                            41 |
+-------------------------------+
1 row in set (0.00 sec)

mysql> mysql \. C:\workspace\cloud\code\sql\_DailyScript\currenttime.sql
+---------------------+
| currenttime         |
+---------------------+
| 2022-01-21 10:45:54 |
+---------------------+
1 row in set (0.00 sec)

mysql> 
mysql> mysql \. C:\workspace\cloud\code\sql\Analysis\clients_contracts_creditpolicy_2.sql
Database changed
Query OK, 0 rows affected (0.02 sec)

Query OK, 1930867 rows affected (1 min 3.91 sec)
Records: 1930867  Duplicates: 0  Warnings: 0

Query OK, 0 rows affected (0.01 sec)

Query OK, 28155 rows affected (1.70 sec)
Records: 28155  Duplicates: 0  Warnings: 0

Query OK, 0 rows affected (0.04 sec)

Query OK, 28232 rows affected (29.72 sec)
Records: 28232  Duplicates: 0  Warnings: 0

+-------------------------+
| rep_cust_cont_creditpol |
+-------------------------+
|                   28232 |
+-------------------------+
1 row in set (0.01 sec)

mysql> mysql \. C:\workspace\cloud\code\sql\_DailyScript\currenttime.sql
+---------------------+
| currenttime         |
+---------------------+
| 2022-01-21 10:47:29 |
+---------------------+
1 row in set (0.00 sec)

mysql> 
mysql> mysql \. C:\workspace\cloud\code\sql\_DailyScript\budget_actual_analysis_2022.sql
Query OK, 0 rows affected (0.01 sec)

Query OK, 591 rows affected, 3 warnings (0.08 sec)
Records: 591  Duplicates: 0  Warnings: 3

+--------------------+
| budget_actual_2022 |
+--------------------+
|                591 |
+--------------------+
1 row in set (0.00 sec)

Query OK, 0 rows affected (0.01 sec)

Query OK, 47 rows affected (0.04 sec)
Records: 47  Duplicates: 0  Warnings: 0

+---------------------------+
| rep_budget_actual_2022_pv |
+---------------------------+
|                        47 |
+---------------------------+
1 row in set (0.00 sec)

mysql> mysql \. C:\workspace\cloud\code\sql\_DailyScript\currenttime.sql
+---------------------+
| currenttime         |
+---------------------+
| 2022-01-21 10:47:29 |
+---------------------+
1 row in set (0.00 sec)

mysql> 
mysql> mysql \. C:\workspace\cloud\code\sql\_DailyScript\reports-sales-addons-prepaid-camera.sql
Database changed
Query OK, 0 rows affected (0.01 sec)

Query OK, 4421 rows affected (0.26 sec)
Records: 4421  Duplicates: 0  Warnings: 0

Query OK, 0 rows affected (0.01 sec)

Query OK, 26610 rows affected (31.72 sec)
Records: 26610  Duplicates: 0  Warnings: 0

+--------------------+
| rep_prepaid_camera |
+--------------------+
|               4421 |
+--------------------+
1 row in set (0.01 sec)

+-----------+
| rep_addon |
+-----------+
|     26610 |
+-----------+
1 row in set (0.01 sec)

mysql> mysql \. C:\workspace\cloud\code\sql\_DailyScript\currenttime.sql
+---------------------+
| currenttime         |
+---------------------+
| 2022-01-21 10:48:01 |
+---------------------+
1 row in set (0.00 sec)

mysql> 
mysql> mysql \. C:\workspace\cloud\code\sql\Analysis\addon_package_sales2.sql
Query OK, 0 rows affected (0.00 sec)

Query OK, 0 rows affected (0.01 sec)

Query OK, 0 rows affected (0.00 sec)

+------------+
| @startdate |
+------------+
| 2016-05-01 |
+------------+
1 row in set (0.00 sec)

+------------+
| @enddate   |
+------------+
| 2022-01-20 |
+------------+
1 row in set (0.00 sec)

+------------------------+
| IN ADDON PACKAGE SALES |
+------------------------+
| IN ADDON PACKAGE SALES |
+------------------------+
1 row in set (0.00 sec)

Query OK, 0 rows affected (0.00 sec)

Query OK, 0 rows affected (0.01 sec)

Query OK, 2140 rows affected (7 min 20.40 sec)
Records: 2140  Duplicates: 0  Warnings: 0

+------------------------+
| rep_newfirstactive_vod |
+------------------------+
|                   2140 |
+------------------------+
1 row in set (0.00 sec)

Query OK, 0 rows affected (0.00 sec)

Query OK, 0 rows affected (0.09 sec)

Query OK, 6642 rows affected (12 min 53.15 sec)
Records: 6642  Duplicates: 0  Warnings: 0

+------------------------+
| rep_newfirstactive_int |
+------------------------+
|                   6642 |
+------------------------+
1 row in set (0.01 sec)

Query OK, 0 rows affected (0.00 sec)

Query OK, 0 rows affected (0.01 sec)

Query OK, 406 rows affected (44.28 sec)
Records: 406  Duplicates: 0  Warnings: 0

+-----------------------+
| rep_newfirstactive_dv |
+-----------------------+
|                   406 |
+-----------------------+
1 row in set (0.00 sec)

Query OK, 0 rows affected (0.00 sec)

Query OK, 0 rows affected (0.08 sec)

Query OK, 41 rows affected (2.42 sec)
Records: 41  Duplicates: 0  Warnings: 0

+-----------------------+
| rep_newfirstactive_mv |
+-----------------------+
|                    41 |
+-----------------------+
1 row in set (0.00 sec)

Query OK, 0 rows affected (0.00 sec)

Query OK, 0 rows affected (0.01 sec)

Query OK, 713 rows affected (1 min 19.93 sec)
Records: 713  Duplicates: 0  Warnings: 0

+------------------------+
| rep_newfirstactive_igo |
+------------------------+
|                    713 |
+------------------------+
1 row in set (0.00 sec)

mysql> mysql \. C:\workspace\cloud\code\sql\_DailyScript\currenttime.sql
+---------------------+
| currenttime         |
+---------------------+
| 2022-01-21 11:10:22 |
+---------------------+
1 row in set (0.00 sec)

mysql> 
mysql> mysql \. C:\workspace\cloud\code\sql\_DailyScript\RCB_ClientAnalyticsReport_Script.sql
Database changed
Query OK, 0 rows affected (0.00 sec)

Query OK, 0 rows affected (0.70 sec)

Query OK, 2189903 rows affected (1 min 48.48 sec)
Records: 2189903  Duplicates: 0  Warnings: 0

Query OK, 0 rows affected (25.97 sec)
Records: 0  Duplicates: 0  Warnings: 0

Query OK, 0 rows affected (7.20 sec)
Records: 0  Duplicates: 0  Warnings: 0

Query OK, 0 rows affected (11.32 sec)
Records: 0  Duplicates: 0  Warnings: 0

Query OK, 0 rows affected (12.38 sec)
Records: 0  Duplicates: 0  Warnings: 0

Query OK, 0 rows affected (11.98 sec)
Records: 0  Duplicates: 0  Warnings: 0

Query OK, 0 rows affected (8.91 sec)
Records: 0  Duplicates: 0  Warnings: 0

Query OK, 0 rows affected (0.00 sec)

Query OK, 504398 rows affected, 30693 warnings (21.94 sec)
Rows matched: 2189903  Changed: 504398  Warnings: 30693

Query OK, 0 rows affected (0.03 sec)

Query OK, 28862 rows affected (21.86 sec)
Records: 28862  Duplicates: 0  Warnings: 0

+---------------------+
| clientcontractssubs |
+---------------------+
|               28862 |
+---------------------+
1 row in set (0.01 sec)

Query OK, 0 rows affected (0.03 sec)

Query OK, 45979 rows affected (11 min 34.77 sec)
Records: 45979  Duplicates: 0  Warnings: 0

Query OK, 0 rows affected (0.28 sec)
Records: 0  Duplicates: 0  Warnings: 0

Query OK, 0 rows affected (0.17 sec)
Records: 0  Duplicates: 0  Warnings: 0

Query OK, 0 rows affected (0.17 sec)
Records: 0  Duplicates: 0  Warnings: 0

+-----------------------+
| clientcontracthistory |
+-----------------------+
|                 45979 |
+-----------------------+
1 row in set (0.01 sec)

Query OK, 0 rows affected (0.10 sec)

Query OK, 3005726 rows affected (1 min 50.60 sec)
Records: 3005726  Duplicates: 0  Warnings: 0

Query OK, 0 rows affected (0.13 sec)

Query OK, 500267 rows affected (6 min 25.89 sec)
Records: 500267  Duplicates: 0  Warnings: 0

Query OK, 0 rows affected (1.86 sec)
Records: 0  Duplicates: 0  Warnings: 0

Query OK, 0 rows affected (1.06 sec)
Records: 0  Duplicates: 0  Warnings: 0

Query OK, 0 rows affected (2.13 sec)
Records: 0  Duplicates: 0  Warnings: 0

Query OK, 0 rows affected (1.09 sec)
Records: 0  Duplicates: 0  Warnings: 0

+--------------------------+
| clientcontractinvpmt_stg |
+--------------------------+
|                   500267 |
+--------------------------+
1 row in set (0.13 sec)

Query OK, 0 rows affected (0.09 sec)

Query OK, 500267 rows affected (16.42 sec)
Records: 500267  Duplicates: 0  Warnings: 0

Query OK, 0 rows affected (2.02 sec)
Records: 0  Duplicates: 0  Warnings: 0

Query OK, 0 rows affected (1.17 sec)
Records: 0  Duplicates: 0  Warnings: 0

Query OK, 0 rows affected (2.28 sec)
Records: 0  Duplicates: 0  Warnings: 0

Query OK, 0 rows affected (1.34 sec)
Records: 0  Duplicates: 0  Warnings: 0

+----------------------+
| clientcontractinvpmt |
+----------------------+
|               500267 |
+----------------------+
1 row in set (0.13 sec)

Query OK, 0 rows affected (0.02 sec)

Query OK, 45979 rows affected (1 min 40.57 sec)
Records: 45979  Duplicates: 0  Warnings: 0

+--------------+
| clientreport |
+--------------+
|        45979 |
+--------------+
1 row in set (0.02 sec)

Query OK, 0 rows affected (0.02 sec)

Query OK, 45979 rows affected (26.82 sec)
Records: 45979  Duplicates: 0  Warnings: 0

+----------------------+
| clientextendedreport |
+----------------------+
|                45979 |
+----------------------+
1 row in set (0.01 sec)

Query OK, 0 rows affected (0.01 sec)

Query OK, 45979 rows affected (3 min 10.44 sec)
Records: 45979  Duplicates: 0  Warnings: 0

+---------+
| allcust |
+---------+
|   45979 |
+---------+
1 row in set (0.02 sec)

Query OK, 0 rows affected, 1 warning (0.00 sec)

Query OK, 5000 rows affected (0.19 sec)
Records: 5000  Duplicates: 0  Warnings: 0

Query OK, 0 rows affected (0.01 sec)

Query OK, 6766 rows affected (0.48 sec)
Records: 6766  Duplicates: 0  Warnings: 0

Query OK, 0 rows affected, 1 warning (0.00 sec)

Query OK, 5000 rows affected (0.18 sec)
Records: 5000  Duplicates: 0  Warnings: 0

Query OK, 0 rows affected (0.01 sec)

Query OK, 7162 rows affected (0.26 sec)
Records: 7162  Duplicates: 0  Warnings: 0

mysql> mysql \. C:\workspace\cloud\code\sql\_DailyScript\currenttime.sql
+---------------------+
| currenttime         |
+---------------------+
| 2022-01-21 11:39:54 |
+---------------------+
1 row in set (0.00 sec)

mysql> 
mysql> mysql \. C:\workspace\cloud\code\sql\_DailyScript\REVENUE_PER_NODE_MXK_2022.sql
Query OK, 0 rows affected, 1 warning (0.00 sec)

Query OK, 0 rows affected, 1 warning (0.00 sec)

Query OK, 0 rows affected, 1 warning (0.00 sec)

Query OK, 13060 rows affected (5.48 sec)
Records: 13060  Duplicates: 0  Warnings: 0

+----------------------+
| message              |
+----------------------+
| created temp table a |
+----------------------+
1 row in set (0.00 sec)

Query OK, 9585 rows affected (1.37 sec)
Records: 9585  Duplicates: 0  Warnings: 0

+----------------------+
| message              |
+----------------------+
| created temp table b |
+----------------------+
1 row in set (0.00 sec)

Query OK, 0 rows affected, 1 warning (0.00 sec)

Query OK, 13535 rows affected (52.43 sec)
Records: 13535  Duplicates: 0  Warnings: 0

+--------------------------------+
| message                        |
+--------------------------------+
| created rcbill_my.tempcustmxk1 |
+--------------------------------+
1 row in set (0.00 sec)

Query OK, 0 rows affected (0.01 sec)

Query OK, 0 rows affected (0.01 sec)

Query OK, 0 rows affected, 1 warning (0.00 sec)

Query OK, 13060 rows affected (3.95 sec)
Records: 13060  Duplicates: 0  Warnings: 0

+----------------+
| message        |
+----------------+
| created temp a |
+----------------+
1 row in set (0.00 sec)

Query OK, 9585 rows affected (1.17 sec)
Records: 9585  Duplicates: 0  Warnings: 0

+----------------+
| message        |
+----------------+
| created temp b |
+----------------+
1 row in set (0.00 sec)

Query OK, 0 rows affected, 1 warning (0.00 sec)

Query OK, 9740 rows affected (25.72 sec)
Records: 9740  Duplicates: 0  Warnings: 0

+--------------------------------+
| message                        |
+--------------------------------+
| created rcbill_my.tempcustmxk2 |
+--------------------------------+
1 row in set (0.00 sec)

Query OK, 0 rows affected (0.01 sec)

Query OK, 0 rows affected (0.01 sec)

Query OK, 0 rows affected, 1 warning (0.00 sec)

Query OK, 0 rows affected (0.01 sec)

Query OK, 14363 rows affected (0.79 sec)
Records: 14363  Duplicates: 0  Warnings: 0

+---------------------------------+
| message                         |
+---------------------------------+
| created rcbill_my.customers_mxk |
+---------------------------------+
1 row in set (0.00 sec)

Query OK, 0 rows affected (0.01 sec)

Query OK, 0 rows affected (0.01 sec)

Query OK, 25321 rows affected (7.42 sec)
Records: 25321  Duplicates: 0  Warnings: 0

+----------------+
| message        |
+----------------+
| created temp a |
+----------------+
1 row in set (0.00 sec)

Query OK, 15043 rows affected (2.26 sec)
Records: 15043  Duplicates: 0  Warnings: 0

+----------------+
| message        |
+----------------+
| created temp c |
+----------------+
1 row in set (0.00 sec)

Query OK, 0 rows affected, 1 warning (0.00 sec)

Query OK, 35257 rows affected (0.69 sec)
Records: 35257  Duplicates: 0  Warnings: 0

+---------------------------------+
| message                         |
+---------------------------------+
| created rcbill_my.tempcustcmts1 |
+---------------------------------+
1 row in set (0.00 sec)

Query OK, 0 rows affected (0.01 sec)

Query OK, 0 rows affected, 1 warning (0.00 sec)

Query OK, 0 rows affected (0.01 sec)

Query OK, 25321 rows affected (7.39 sec)
Records: 25321  Duplicates: 0  Warnings: 0

+----------------+
| message        |
+----------------+
| created temp a |
+----------------+
1 row in set (0.00 sec)

Query OK, 15043 rows affected (1.89 sec)
Records: 15043  Duplicates: 0  Warnings: 0

+----------------+
| message        |
+----------------+
| created temp c |
+----------------+
1 row in set (0.00 sec)

Query OK, 0 rows affected, 1 warning (0.00 sec)

Query OK, 15477 rows affected (0.31 sec)
Records: 15477  Duplicates: 0  Warnings: 0

+---------------------------------+
| message                         |
+---------------------------------+
| created rcbill_my.tempcustcmts2 |
+---------------------------------+
1 row in set (0.00 sec)

Query OK, 0 rows affected (0.01 sec)

Query OK, 0 rows affected, 1 warning (0.00 sec)

Query OK, 0 rows affected (0.01 sec)

Query OK, 0 rows affected (0.02 sec)

Query OK, 25362 rows affected (1.49 sec)
Records: 25362  Duplicates: 0  Warnings: 0

+----------------------------------+
| message                          |
+----------------------------------+
| created rcbill_my.customers_cmts |
+----------------------------------+
1 row in set (0.00 sec)

Query OK, 0 rows affected (0.01 sec)

Query OK, 0 rows affected (0.01 sec)

Query OK, 0 rows affected (0.01 sec)

Query OK, 35102 rows affected (1.69 sec)
Records: 35102  Duplicates: 0  Warnings: 0

+--------------------------------------+
| message                              |
+--------------------------------------+
| created rcbill_my.customers_cmts_mxk |
+--------------------------------------+
1 row in set (0.00 sec)

Query OK, 530478 rows affected (1 min 16.05 sec)
Records: 530478  Duplicates: 0  Warnings: 0

+----------------+
| message        |
+----------------+
| created temp a |
+----------------+
1 row in set (0.00 sec)

Query OK, 0 rows affected (0.04 sec)

Query OK, 534983 rows affected (11.61 sec)
Records: 534983  Duplicates: 0  Warnings: 0

+------------------------------------------------+
| message                                        |
+------------------------------------------------+
| created rcbill_my.customers_contracts_cmts_mxk |
+------------------------------------------------+
1 row in set (0.00 sec)

Query OK, 0 rows affected (0.04 sec)

Query OK, 0 rows affected, 1 warning (0.00 sec)

Query OK, 0 rows affected, 1 warning (0.00 sec)

Query OK, 0 rows affected (0.00 sec)

Query OK, 12385 rows affected (2.75 sec)
Rows matched: 12385  Changed: 12385  Warnings: 0

+------------------------------------------------+
| message                                        |
+------------------------------------------------+
| updated rcbill_my.customers_contracts_cmts_mxk |
+------------------------------------------------+
1 row in set (0.00 sec)

Query OK, 0 rows affected (0.12 sec)

Query OK, 2310246 rows affected (4 min 31.74 sec)
Records: 2310246  Duplicates: 0  Warnings: 0

+----------------------------------------+
| message                                |
+----------------------------------------+
| created rcbill_my.customers_collection |
+----------------------------------------+
1 row in set (0.00 sec)

Query OK, 0 rows affected (0.29 sec)

Query OK, 2770960 rows affected (2 min 48.38 sec)
Records: 2770960  Duplicates: 0  Warnings: 0

+------------------------------------------------+
| message                                        |
+------------------------------------------------+
| created rcbill_my.customers_cmts_mxk_cont_coll |
+------------------------------------------------+
1 row in set (0.00 sec)

Query OK, 0 rows affected (0.34 sec)

Query OK, 482325 rows affected (4 min 8.38 sec)
Records: 482325  Duplicates: 0  Warnings: 0

+--------------------------------------------------------+
| message                                                |
+--------------------------------------------------------+
| created rcbill_my.customers_contracts_collection_pivot |
+--------------------------------------------------------+
1 row in set (0.00 sec)

Query OK, 0 rows affected (0.02 sec)

Query OK, 41976 rows affected (3 min 35.35 sec)
Records: 41976  Duplicates: 0  Warnings: 0

+----------------------------------------------+
| message                                      |
+----------------------------------------------+
| created rcbill_my.customers_collection_pivot |
+----------------------------------------------+
1 row in set (0.00 sec)

Query OK, 0 rows affected (0.02 sec)

Query OK, 45979 rows affected (3.29 sec)
Records: 45979  Duplicates: 0  Warnings: 0

+--------------------------------------------+
| message                                    |
+--------------------------------------------+
| created rcbill_my.rep_customers_collection |
+--------------------------------------------+
1 row in set (0.00 sec)

Query OK, 0 rows affected (0.00 sec)

Query OK, 0 rows affected, 1 warning (0.00 sec)

Query OK, 492070 rows affected (16.38 sec)
Records: 492070  Duplicates: 0  Warnings: 0

+-------------------------+
| message                 |
+-------------------------+
| created rcbill_my.tempa |
+-------------------------+
1 row in set (0.00 sec)

Query OK, 0 rows affected, 1 warning (0.00 sec)

Query OK, 482325 rows affected (1 min 24.39 sec)
Records: 482325  Duplicates: 0  Warnings: 0

+-------------------------+
| message                 |
+-------------------------+
| created rcbill_my.tempb |
+-------------------------+
1 row in set (0.00 sec)

Query OK, 492070 rows affected (1 min 23.04 sec)
Records: 492070  Duplicates: 0  Warnings: 0

+-----------+
| message   |
+-----------+
| created a |
+-----------+
1 row in set (0.00 sec)

Query OK, 482772 rows affected (1 min 40.15 sec)
Records: 482772  Duplicates: 0  Warnings: 0

+-----------+
| message   |
+-----------+
| created b |
+-----------+
1 row in set (0.00 sec)

Query OK, 0 rows affected (0.05 sec)

Query OK, 0 rows affected (0.05 sec)

Query OK, 0 rows affected (0.07 sec)

Query OK, 529121 rows affected (2 min 4.12 sec)
Records: 529121  Duplicates: 0  Warnings: 0

+----------------------------------------------+
| message                                      |
+----------------------------------------------+
| created rcbill_my.cust_cont_payment_cmts_mxk |
+----------------------------------------------+
1 row in set (0.00 sec)

Query OK, 0 rows affected (0.04 sec)

Query OK, 0 rows affected (0.03 sec)

Query OK, 0 rows affected, 1 warning (0.00 sec)

Query OK, 0 rows affected (0.02 sec)

Query OK, 45979 rows affected (45.53 sec)
Records: 45979  Duplicates: 0  Warnings: 0

+--------------------------------------------------+
| message                                          |
+--------------------------------------------------+
| created rcbill_my.rep_cust_cont_payment_cmts_mxk |
+--------------------------------------------------+
1 row in set (0.00 sec)

Query OK, 0 rows affected, 1 warning (0.00 sec)

Query OK, 0 rows affected, 1 warning (0.00 sec)

Query OK, 0 rows affected (0.02 sec)

Query OK, 45979 rows affected (12.60 sec)
Records: 45979  Duplicates: 0  Warnings: 0

+----------------------+
| rep_custconsolidated |
+----------------------+
|                45979 |
+----------------------+
1 row in set (0.01 sec)

Query OK, 0 rows affected (0.01 sec)

Query OK, 37 rows affected (0.14 sec)
Records: 37  Duplicates: 0  Warnings: 0

+---------------------------------------+
| rep_activecustomerdistribution_level1 |
+---------------------------------------+
|                                    37 |
+---------------------------------------+
1 row in set (0.00 sec)

Query OK, 0 rows affected (0.01 sec)

Query OK, 224 rows affected (0.16 sec)
Records: 224  Duplicates: 0  Warnings: 0

+---------------------------------------+
| rep_activecustomerdistribution_level2 |
+---------------------------------------+
|                                   224 |
+---------------------------------------+
1 row in set (0.00 sec)

Query OK, 0 rows affected (0.01 sec)

Query OK, 45979 rows affected (17.26 sec)
Records: 45979  Duplicates: 0  Warnings: 0

+------------------------------+
| rep_custaddressparcelsprefix |
+------------------------------+
|                        45979 |
+------------------------------+
1 row in set (0.02 sec)

Query OK, 0 rows affected (0.01 sec)

Query OK, 8139 rows affected (0.89 sec)
Records: 8139  Duplicates: 0  Warnings: 0

+-------------------------------------+
| rep_residentialcustomers_tillasleep |
+-------------------------------------+
|                                8139 |
+-------------------------------------+
1 row in set (0.00 sec)

Query OK, 0 rows affected (0.01 sec)

+------------------------------------+
| message                            |
+------------------------------------+
| creating rcbill_my.rep_custextract |
+------------------------------------+
1 row in set (0.00 sec)

Query OK, 45979 rows affected (2.42 sec)
Records: 45979  Duplicates: 0  Warnings: 0

+-----------------+
| rep_custextract |
+-----------------+
|           45979 |
+-----------------+
1 row in set (0.01 sec)

Query OK, 0 rows affected (0.00 sec)

Query OK, 0 rows affected (0.01 sec)

+----------------------------------------------+
| message                                      |
+----------------------------------------------+
| creating rcbill_my.retentioncustomeractivity |
+----------------------------------------------+
1 row in set (0.00 sec)

Query OK, 1100 rows affected (0.12 sec)
Records: 1100  Duplicates: 0  Warnings: 0

+---------------------------+
| retentioncustomeractivity |
+---------------------------+
|                      1100 |
+---------------------------+
1 row in set (0.00 sec)

+-----------+------------------------------------+------------+-------------+-----------------+------------------+---------------------+-------------------+
| HFC_NODE  | NODENAME                           | CMTS_DATE  | INSERTED_ON | UNIQUE_ACCOUNTS | UNIQUE_CONTRACTS | UNIQUE_MAC_INRCBOSS | UNIQUE_MAC_INCMTS |
+-----------+------------------------------------+------------+-------------+-----------------+------------------+---------------------+-------------------+
| NULL      | NULL                               | NULL       | 2022-01-21  |           13752 |            18047 |                8665 |                 0 |
| C5/0/0/U0 | ANSE-BOILEAU-2                     | 2022-01-06 | 2022-01-21  |             190 |              193 |                 191 |               191 |
| C5/0/0/U1 | 500-C3-ANSE-BOILEAU                | 2022-01-06 | 2022-01-21  |             201 |              206 |                 201 |               202 |
| C5/0/1/U0 | 501-C4-LA-MISIERE-LEFT-I           | 2022-01-06 | 2022-01-21  |             135 |              136 |                 135 |               138 |
| C5/0/1/U1 | 501-C5-LA-MISIERE-RIGHT            | 2022-01-06 | 2022-01-21  |              89 |               91 |                  89 |                89 |
| C5/0/1/U2 | 501-C7-LA-MISIERE-LEFT-II          | 2022-01-06 | 2022-01-21  |             139 |              143 |                 139 |               141 |
| C5/0/2/U0 | 502-C8-LA-LOUISE                   | 2022-01-06 | 2022-01-21  |             112 |              114 |                 112 |               114 |
| C5/0/2/U1 | LA-LOUISE-2                        | 2022-01-06 | 2022-01-21  |             109 |              109 |                 109 |               110 |
| C5/0/3/U0 | 504-C6-PETIT-PARIS                 | 2022-01-06 | 2022-01-21  |             118 |              121 |                 118 |               120 |
| C5/0/3/U1 | PETIT-PARIS-23                     | 2022-01-06 | 2022-01-21  |              60 |               61 |                  59 |                59 |
| C5/0/4/U0 | FOUR-SEASONS                       | 2022-01-06 | 2022-01-21  |               1 |                1 |                   1 |                 1 |
| C5/0/4/U1 | ANCHOR-CAFE-I                      | 2022-01-06 | 2022-01-21  |             152 |              155 |                 152 |               153 |
| C5/0/4/U2 | ANCHOR-CAFE-II                     | 2022-01-06 | 2022-01-21  |             157 |              158 |                 157 |               157 |
| C5/1/0/U0 | POINTE-LARUE-AIRPORT-23            | 2022-01-06 | 2022-01-21  |              93 |               93 |                  94 |                98 |
| C5/1/0/U1 | PPROVIDENCE-23                     | 2022-01-06 | 2022-01-21  |              14 |               14 |                  15 |                15 |
| C5/1/0/U2 | ROSHE-CAIMAN-23                    | 2022-01-06 | 2022-01-21  |              11 |               12 |                  11 |                11 |
| C5/1/0/U3 | HEAD-OFFICE | HO-23                | 2022-01-06 | 2022-01-21  |              11 |               11 |                  11 |                11 |
| C5/1/1/U1 | C5-UNION-VALE                      | 2022-01-06 | 2022-01-21  |             119 |              119 |                 119 |               119 |
| C5/1/3/U0 | POINTE-LARUE-AIRPORT-27            | 2022-01-06 | 2022-01-21  |             131 |              136 |                 131 |               131 |
| C5/1/3/U1 | PPROVIDENCE-27                     | 2022-01-06 | 2022-01-21  |              24 |               24 |                  24 |                24 |
| C5/1/3/U2 | ROSHE-CAIMAN-27                    | 2022-01-06 | 2022-01-21  |              31 |               31 |                  31 |                31 |
| C5/1/3/U3 | HEAD-OFFICE | HO-27                | 2022-01-06 | 2022-01-21  |              25 |               26 |                  25 |                26 |
| C5/1/4/U0 | ANSE-ROYALE-27                     | 2022-01-06 | 2022-01-21  |              98 |              100 |                  99 |               100 |
| C5/1/4/U1 | GLACIS-2-57                        | 2022-01-06 | 2022-01-21  |              46 |               48 |                  46 |                47 |
| C5/1/4/U2 | NULL                               | 2022-01-06 | 2022-01-21  |              92 |               95 |                  92 |                93 |
| C5/1/4/U3 | GLACIS-1                           | 2022-01-06 | 2022-01-21  |              11 |               12 |                  11 |                11 |
| C6/0/1/U0 | SERRET-ROAD-RIGHT/CURIO/PASCAL     | 2022-01-06 | 2022-01-21  |              95 |               95 |                  95 |                95 |
| C6/0/1/U1 | SERRET-ROAD-LEFT/ST.LOUIS/TOWN     | 2022-01-06 | 2022-01-21  |              55 |               56 |                  55 |                55 |
| C6/0/1/U2 | SERRET-ROAD-RIGHT/CURIO/PASCAL-2   | 2022-01-06 | 2022-01-21  |             101 |              104 |                 101 |               101 |
| C6/0/1/U3 | SERRET-ROAD-LEFT/ST.LOUIS/TOWN-2   | 2022-01-06 | 2022-01-21  |              55 |               57 |                  55 |                56 |
| C6/0/2/U0 | SANS-SOUCIS-I                      | 2022-01-06 | 2022-01-21  |              79 |               81 |                  79 |                81 |
| C6/0/2/U1 | SANS-SOUCIS-II                     | 2022-01-06 | 2022-01-21  |              79 |               80 |                  79 |                79 |
| C6/0/2/U2 | BEL-AIR-27                         | 2022-01-06 | 2022-01-21  |              61 |               63 |                  61 |                63 |
| C6/0/2/U3 | BEL-AIR-38                         | 2022-01-06 | 2022-01-21  |              58 |               58 |                  58 |                58 |
| C6/0/3/U0 | LES-MAMELLES-23                    | 2022-01-06 | 2022-01-21  |              54 |               54 |                  54 |                55 |
| C6/0/3/U1 | VICTORIA-23                        | 2022-01-06 | 2022-01-21  |              18 |               18 |                  18 |                19 |
| C6/0/4/U0 | LES-MAMELLES-27                    | 2022-01-06 | 2022-01-21  |              57 |               57 |                  57 |                57 |
| C6/0/4/U1 | VICTORIA-27                        | 2022-01-06 | 2022-01-21  |              12 |               12 |                  12 |                13 |
| C7/1/0/U0 | LA-RETRAITE-23                     | 2022-01-06 | 2022-01-21  |              73 |               75 |                  73 |                73 |
| C7/1/0/U1 | TEA-FACTORY-23                     | 2022-01-06 | 2022-01-21  |              26 |               31 |                  26 |                26 |
| C7/1/0/U2 | PAS-23                             | 2022-01-06 | 2022-01-21  |              81 |               86 |                  81 |                81 |
| C7/1/1/U0 | REEF-ESTATE-23                     | 2022-01-06 | 2022-01-21  |              66 |               66 |                  66 |                66 |
| C7/1/2/U0 | LA-RETRAITE-27                     | 2022-01-06 | 2022-01-21  |              47 |               48 |                  47 |                47 |
| C7/1/2/U1 | TEA-FACTORY-27                     | 2022-01-06 | 2022-01-21  |              17 |               21 |                  17 |                17 |
| C7/1/2/U2 | PAS-27                             | 2022-01-06 | 2022-01-21  |              92 |               93 |                  92 |                92 |
| C7/1/3/U0 | MT-BUXTON-27                       | 2022-01-06 | 2022-01-21  |             121 |              123 |                 122 |               123 |
| C7/1/3/U1 | MT-BUXTON-23                       | 2022-01-06 | 2022-01-21  |              61 |               62 |                  61 |                61 |
| C7/1/4/U0 | REEF-ESTATE-27                     | 2022-01-06 | 2022-01-21  |              74 |               76 |                  74 |                75 |
| C8/0/0/U0 | POLICE-ACADEMY-1-27 - POINTE LARUE | 2022-01-06 | 2022-01-21  |             109 |              110 |                 109 |               109 |
| C8/0/0/U1 | NULL                               | 2022-01-06 | 2022-01-21  |             135 |              137 |                 135 |               136 |
| C8/0/1/U0 | NULL                               | 2022-01-06 | 2022-01-21  |             205 |              206 |                 205 |               206 |
| C8/0/1/U1 | POLICE-ACADEMY-2-27 - TURTLE BAY   | 2022-01-06 | 2022-01-21  |             126 |              131 |                 126 |               127 |
| C8/1/0/U0 | MA-JOIE-NODE-27                    | 2022-01-06 | 2022-01-21  |              62 |               63 |                  64 |                65 |
| C8/1/0/U1 | BELONIE-27                         | 2022-01-06 | 2022-01-21  |             112 |              113 |                 111 |               111 |
| C8/1/0/U3 | MA-JOIE-NODE-23                    | 2022-01-06 | 2022-01-21  |              69 |               70 |                  68 |                69 |
| C8/1/1/U0 | 611-C1-ROJN I                      | 2022-01-06 | 2022-01-21  |              92 |               92 |                  92 |                92 |
| C8/1/1/U1 | 611-C5-ROJN II                     | 2022-01-06 | 2022-01-21  |              95 |               96 |                  95 |                95 |
| C8/1/2/U0 | 612-C2-ANSE-ETOILE                 | 2022-01-06 | 2022-01-21  |              88 |               88 |                  88 |                88 |
| C8/1/2/U1 | ANSE-ETOILE-U2                     | 2022-01-06 | 2022-01-21  |              34 |               34 |                  34 |                34 |
| C8/1/3/U0 | 613-C3-ANSE-GAULETTE I             | 2022-01-06 | 2022-01-21  |              78 |               82 |                  78 |                78 |
| C8/1/3/U1 | 613-C7-ANSE-GAULETTE II            | 2022-01-06 | 2022-01-21  |              76 |               80 |                  77 |                77 |
| C8/1/3/U2 | 613-C3-ANSE-GAULETTE III           | 2022-01-06 | 2022-01-21  |              35 |               37 |                  35 |                35 |
| C8/1/3/U3 | TAKAMAKA I                         | 2022-01-06 | 2022-01-21  |              93 |               94 |                  93 |                94 |
| C8/1/3/U4 | TAKAMAKA II                        | 2022-01-06 | 2022-01-21  |              95 |               96 |                  95 |                96 |
| C8/1/4/U0 | 614-BEOLIERE-NODE-1                | 2022-01-06 | 2022-01-21  |             105 |              105 |                 105 |               107 |
| C8/1/4/U1 | 614-BEOLIERE-NODE-2                | 2022-01-06 | 2022-01-21  |             105 |              108 |                 105 |               107 |
+-----------+------------------------------------+------------+-------------+-----------------+------------------+---------------------+-------------------+
66 rows in set (0.38 sec)

+-----------------------+------------+-------------+-----------------+------------------+----------------------+-------------------+
| MXK_NAME              | MXK_DATE   | INSERTED_ON | UNIQUE_ACCOUNTS | UNIQUE_CONTRACTS | UNIQUE_FSAN_INRCBOSS | UNIQUE_FSAN_INMXK |
+-----------------------+------------+-------------+-----------------+------------------+----------------------+-------------------+
| NULL                  | NULL       | 2022-01-21  |            3150 |             4250 |                 1239 |                 0 |
| MXK-MAHE-ANSEAUXPINS  | 2021-12-20 | 2022-01-21  |             200 |              201 |                  201 |               219 |
| MXK-MAHE-ANSEETOILE   | 2021-12-20 | 2022-01-21  |             897 |              905 |                  898 |               939 |
| MXK-MAHE-ANSEROYALE   | 2021-12-20 | 2022-01-21  |             265 |              268 |                  267 |               300 |
| MXK-MAHE-ANSEROYALE-2 | 2021-12-20 | 2022-01-21  |              14 |               14 |                   14 |                14 |
| MXK-MAHE-BEAUVALLON-1 | 2021-12-20 | 2022-01-21  |            2168 |             2209 |                 2197 |              2305 |
| MXK-MAHE-BEAUVALLON-2 | 2021-12-20 | 2022-01-21  |             310 |              338 |                  348 |               380 |
| MXK-MAHE-GRANDANSE    | 2021-12-20 | 2022-01-21  |             127 |              127 |                  127 |               134 |
| MXK-MAHE-LAB          | 2021-12-20 | 2022-01-21  |               0 |                0 |                    0 |                11 |
| MXK-MAHE-MONTFLEURI   | 2021-12-20 | 2022-01-21  |             507 |              508 |                  508 |               534 |
| MXK-MAHE-PERSEVERANCE | 2021-12-20 | 2022-01-21  |            1219 |             1239 |                 1226 |              1332 |
| MXK-MAHE-PROVIDENCE   | 2021-12-20 | 2022-01-21  |            1370 |             1405 |                 1326 |              1539 |
| MXK-PRASLIN-GRANDANSE | 2021-12-20 | 2022-01-21  |            1396 |             1398 |                 1389 |              1572 |
+-----------------------+------------+-------------+-----------------+------------------+----------------------+-------------------+
13 rows in set (0.16 sec)

mysql> mysql \. C:\workspace\cloud\code\sql\_DailyScript\currenttime.sql
+---------------------+
| currenttime         |
+---------------------+
| 2022-01-21 12:06:35 |
+---------------------+
1 row in set (0.00 sec)

mysql> 
mysql> mysql \. C:\workspace\cloud\code\sql\_DailyScript\housing-estate-analysis.sql
Database changed
Query OK, 0 rows affected (0.01 sec)

Query OK, 3738 rows affected (19.38 sec)
Records: 3738  Duplicates: 0  Warnings: 0

+--------------------+
| rep_housingestates |
+--------------------+
|               3738 |
+--------------------+
1 row in set (0.00 sec)

mysql> mysql \. C:\workspace\cloud\code\sql\_DailyScript\currenttime.sql
+---------------------+
| currenttime         |
+---------------------+
| 2022-01-21 12:06:54 |
+---------------------+
1 row in set (0.00 sec)

mysql> 
mysql> mysql \. C:\workspace\cloud\code\sql\_DailyScript\ticket_analysis.sql
Database changed
Query OK, 0 rows affected (0.03 sec)

Query OK, 935876 rows affected (41.63 sec)
Records: 935876  Duplicates: 0  Warnings: 0

Query OK, 0 rows affected (4.21 sec)
Records: 0  Duplicates: 0  Warnings: 0

Query OK, 0 rows affected (2.23 sec)
Records: 0  Duplicates: 0  Warnings: 0

Query OK, 0 rows affected (1.98 sec)
Records: 0  Duplicates: 0  Warnings: 0

Query OK, 0 rows affected (0.08 sec)

Query OK, 29221 rows affected (16.28 sec)
Records: 29221  Duplicates: 0  Warnings: 0

Query OK, 0 rows affected, 1 warning (0.00 sec)

Query OK, 137554 rows affected (10.37 sec)
Records: 137554  Duplicates: 0  Warnings: 0

Query OK, 0 rows affected, 1 warning (0.00 sec)

Query OK, 692136 rows affected (19.99 sec)
Records: 692136  Duplicates: 0  Warnings: 0

Query OK, 0 rows affected, 1 warning (0.00 sec)

Query OK, 692136 rows affected (22.65 sec)
Records: 692136  Duplicates: 0  Warnings: 0

Query OK, 0 rows affected (0.01 sec)

Query OK, 137699 rows affected (7.10 sec)
Records: 137699  Duplicates: 0  Warnings: 0

Database changed
Query OK, 0 rows affected (0.00 sec)

Query OK, 0 rows affected (0.04 sec)

Query OK, 935876 rows affected (41.23 sec)
Records: 935876  Duplicates: 0  Warnings: 0

Query OK, 0 rows affected (0.07 sec)

Query OK, 488162 rows affected, 753 warnings (27 min 25.73 sec)
Records: 488162  Duplicates: 0  Warnings: 753

+--------------------------+
| clientticket_cmmtjourney |
+--------------------------+
|                   935876 |
+--------------------------+
1 row in set (2.04 sec)

+---------------------------+
| clientticket_assgnjourney |
+---------------------------+
|                    488162 |
+---------------------------+
1 row in set (1.12 sec)

Query OK, 0 rows affected (0.01 sec)

Query OK, 84 rows affected (0.16 sec)
Records: 84  Duplicates: 0  Warnings: 0

mysql> mysql \. C:\workspace\cloud\code\sql\_DailyScript\currenttime.sql
+---------------------+
| currenttime         |
+---------------------+
| 2022-01-21 12:37:12 |
+---------------------+
1 row in set (0.00 sec)

mysql> 
mysql> mysql \. C:\workspace\cloud\code\sql\Analysis\service_tickets_assignments2022.sql
Query OK, 0 rows affected (0.01 sec)

Query OK, 4941 rows affected (2.67 sec)
Records: 4941  Duplicates: 0  Warnings: 0

+-------------------------+
| rep_servicetickets_2022 |
+-------------------------+
|                    4941 |
+-------------------------+
1 row in set (0.01 sec)

Query OK, 0 rows affected (0.01 sec)

Query OK, 16494 rows affected (2.95 sec)
Records: 16494  Duplicates: 0  Warnings: 0

+------------------+
| rep_tkt_f_level1 |
+------------------+
|            16494 |
+------------------+
1 row in set (0.01 sec)

Query OK, 0 rows affected (0.02 sec)

Query OK, 96096 rows affected (4.25 sec)
Records: 96096  Duplicates: 0  Warnings: 0

+------------------+
| rep_tkt_f_level2 |
+------------------+
|            96096 |
+------------------+
1 row in set (0.03 sec)

Query OK, 0 rows affected (0.02 sec)

Query OK, 137699 rows affected (4.18 sec)
Records: 137699  Duplicates: 0  Warnings: 0

+------------------+
| rep_tkt_f_level3 |
+------------------+
|           137699 |
+------------------+
1 row in set (0.04 sec)

Query OK, 0 rows affected (0.01 sec)

Query OK, 3662 rows affected (0.44 sec)
Records: 3662  Duplicates: 0  Warnings: 0

+--------------------+
| rep_tkt_irs_level1 |
+--------------------+
|               3662 |
+--------------------+
1 row in set (0.00 sec)

Query OK, 0 rows affected (0.01 sec)

Query OK, 17657 rows affected (0.81 sec)
Records: 17657  Duplicates: 0  Warnings: 0

+--------------------+
| rep_tkt_irs_level2 |
+--------------------+
|              17657 |
+--------------------+
1 row in set (0.01 sec)

Query OK, 0 rows affected (0.02 sec)

Query OK, 29221 rows affected (1.24 sec)
Records: 29221  Duplicates: 0  Warnings: 0

+--------------------+
| rep_tkt_irs_level3 |
+--------------------+
|              29221 |
+--------------------+
1 row in set (0.01 sec)

mysql> mysql \. C:\workspace\cloud\code\sql\_DailyScript\currenttime.sql
+---------------------+
| currenttime         |
+---------------------+
| 2022-01-21 12:37:28 |
+---------------------+
1 row in set (0.00 sec)

mysql> 
mysql> mysql \. C:\workspace\cloud\code\sql\_DailyScript\DAILY-SCRIPT-USAGESTATS_2022.sql
Database changed
Query OK, 0 rows affected (0.26 sec)

Query OK, 34766193 rows affected, 65535 warnings (15 min 53.16 sec)
Records: 34766193  Duplicates: 0  Warnings: 34754513

Query OK, 0 rows affected (3 min 12.22 sec)
Records: 0  Duplicates: 0  Warnings: 0

Query OK, 0 rows affected (2 min 46.23 sec)
Records: 0  Duplicates: 0  Warnings: 0

Query OK, 0 rows affected (2 min 22.72 sec)
Records: 0  Duplicates: 0  Warnings: 0

Query OK, 0 rows affected (1 min 48.11 sec)
Records: 0  Duplicates: 0  Warnings: 0

Query OK, 0 rows affected (3 min 7.20 sec)
Records: 0  Duplicates: 0  Warnings: 0

Query OK, 0 rows affected (3 min 40.57 sec)
Records: 0  Duplicates: 0  Warnings: 0

Query OK, 0 rows affected (5 min 5.46 sec)
Records: 0  Duplicates: 0  Warnings: 0

Query OK, 0 rows affected (2 min 3.73 sec)
Records: 0  Duplicates: 0  Warnings: 0

+----------+
| ipusage  |
+----------+
| 34766193 |
+----------+
1 row in set (19.02 sec)

Query OK, 0 rows affected (0.09 sec)

Query OK, 10536052 rows affected (14 min 9.94 sec)
Records: 10536052  Duplicates: 0  Warnings: 0

Query OK, 0 rows affected (48.35 sec)
Records: 0  Duplicates: 0  Warnings: 0

Query OK, 0 rows affected (36.41 sec)
Records: 0  Duplicates: 0  Warnings: 0

Query OK, 0 rows affected (52.10 sec)
Records: 0  Duplicates: 0  Warnings: 0

Query OK, 0 rows affected (1 min 10.07 sec)
Records: 0  Duplicates: 0  Warnings: 0

Query OK, 0 rows affected (42.69 sec)
Records: 0  Duplicates: 0  Warnings: 0

+------------------+
| clientcontractip |
+------------------+
|         10536052 |
+------------------+
1 row in set (11.65 sec)

Query OK, 0 rows affected (0.15 sec)

Query OK, 17073142 rows affected (10 min 5.10 sec)
Records: 17073142  Duplicates: 0  Warnings: 0

+---------------------------+
| clientcontractipusage_stg |
+---------------------------+
|                  17073142 |
+---------------------------+
1 row in set (15.92 sec)

+------------------------------------+
| clientcontractipusage_beforeinsert |
+------------------------------------+
|                           17073142 |
+------------------------------------+
1 row in set (47.53 sec)

Query OK, 13423 rows affected (55.63 sec)
Records: 13423  Duplicates: 0  Warnings: 0

+-----------------------------------+
| clientcontractipusage_afterinsert |
+-----------------------------------+
|                          17086565 |
+-----------------------------------+
1 row in set (14.11 sec)

Query OK, 0 rows affected (0.00 sec)

+------------------------+
| info                   |
+------------------------+
| updating null packages |
+------------------------+
1 row in set (0.00 sec)

Query OK, 0 rows affected (1 min 7.66 sec)
Rows matched: 209466  Changed: 0  Warnings: 0

+------------+----------+
| usagedate  | count(*) |
+------------+----------+
| 2022-01-20 |    13423 |
| 2022-01-19 |    12429 |
| 2022-01-18 |    14255 |
| 2022-01-17 |    10645 |
| 2022-01-16 |    10469 |
| 2022-01-15 |    10476 |
| 2022-01-14 |    10593 |
| 2022-01-13 |    10589 |
| 2022-01-12 |    10707 |
| 2022-01-11 |    10596 |
| 2022-01-10 |    10589 |
| 2022-01-09 |    10488 |
| 2022-01-08 |    10560 |
| 2022-01-07 |    10559 |
| 2022-01-06 |    10803 |
+------------+----------+
15 rows in set (0.07 sec)

Query OK, 0 rows affected (0.07 sec)

Query OK, 828331 rows affected (1 min 35.37 sec)
Records: 828331  Duplicates: 0  Warnings: 0

Query OK, 0 rows affected (3.20 sec)
Records: 0  Duplicates: 0  Warnings: 0

Query OK, 0 rows affected (2.79 sec)
Records: 0  Duplicates: 0  Warnings: 0

Query OK, 0 rows affected (3.29 sec)
Records: 0  Duplicates: 0  Warnings: 0

Query OK, 0 rows affected (1.86 sec)
Records: 0  Duplicates: 0  Warnings: 0

Query OK, 0 rows affected (1.59 sec)
Records: 0  Duplicates: 0  Warnings: 0

Query OK, 0 rows affected (1.74 sec)
Records: 0  Duplicates: 0  Warnings: 0

Query OK, 0 rows affected (1.62 sec)
Records: 0  Duplicates: 0  Warnings: 0

+-----------------------+
| clientcontractipmonth |
+-----------------------+
|                828331 |
+-----------------------+
1 row in set (0.23 sec)

Query OK, 0 rows affected (0.01 sec)

Query OK, 969 rows affected (1 min 12.10 sec)
Records: 969  Duplicates: 0  Warnings: 0

+---------------------------+
| rep_dailypackageusage2022 |
+---------------------------+
|                       969 |
+---------------------------+
1 row in set (0.00 sec)

mysql> mysql \. C:\workspace\cloud\code\sql\_DailyScript\currenttime.sql
+---------------------+
| currenttime         |
+---------------------+
| 2022-01-21 13:52:49 |
+---------------------+
1 row in set (0.00 sec)

mysql> 
mysql> mysql \. C:\workspace\cloud\code\sql\GIS\GetParcelExtract.sql
Database changed
Query OK, 0 rows affected (0.01 sec)

Query OK, 16518 rows affected (5.57 sec)
Records: 16518  Duplicates: 0  Warnings: 0

+-------------------------+
| IV_PARCELEXTRACTStaging |
+-------------------------+
|                   16518 |
+-------------------------+
1 row in set (0.01 sec)

Query OK, 0 rows affected (0.00 sec)

Query OK, 0 rows affected (0.01 sec)

Query OK, 10030 rows affected (0.40 sec)
Records: 10030  Duplicates: 0  Warnings: 0

+-----------------+
| IV_PARCELFORMAP |
+-----------------+
|           10030 |
+-----------------+
1 row in set (0.01 sec)

Query OK, 0 rows affected (0.01 sec)

Query OK, 257 rows affected (0.04 sec)
Records: 257  Duplicates: 0  Warnings: 0

+----------------------------+
| IV_PARCELFORMAP_Inactive_2 |
+----------------------------+
|                        257 |
+----------------------------+
1 row in set (0.00 sec)

Query OK, 0 rows affected (0.01 sec)

Query OK, 461 rows affected (0.05 sec)
Records: 461  Duplicates: 0  Warnings: 0

+----------------------------+
| IV_PARCELFORMAP_Inactive_3 |
+----------------------------+
|                        461 |
+----------------------------+
1 row in set (0.00 sec)

Query OK, 0 rows affected (0.01 sec)

Query OK, 520 rows affected (0.04 sec)
Records: 520  Duplicates: 0  Warnings: 0

+----------------------------+
| IV_PARCELFORMAP_Inactive_4 |
+----------------------------+
|                        520 |
+----------------------------+
1 row in set (0.00 sec)

Query OK, 0 rows affected (0.01 sec)

Query OK, 2810 rows affected (0.12 sec)
Records: 2810  Duplicates: 0  Warnings: 0

+----------------------------+
| IV_PARCELFORMAP_Inactive_5 |
+----------------------------+
|                       2810 |
+----------------------------+
1 row in set (0.00 sec)

Query OK, 0 rows affected (0.01 sec)

Query OK, 4089 rows affected (0.16 sec)
Records: 4089  Duplicates: 0  Warnings: 0

+---------------------+
| IV_PARCELFORMAP_HFC |
+---------------------+
|                4089 |
+---------------------+
1 row in set (0.00 sec)

Query OK, 0 rows affected (0.01 sec)

Query OK, 4567 rows affected (0.17 sec)
Records: 4567  Duplicates: 0  Warnings: 0

+----------------------+
| IV_PARCELFORMAP_GPON |
+----------------------+
|                 4567 |
+----------------------+
1 row in set (0.00 sec)

Query OK, 0 rows affected (0.01 sec)

Query OK, 38 rows affected (0.03 sec)
Records: 38  Duplicates: 0  Warnings: 0

+---------------------+
| IV_PARCELFORMAP_MIX |
+---------------------+
|                  38 |
+---------------------+
1 row in set (0.00 sec)

mysql> mysql \. C:\workspace\cloud\code\sql\_DailyScript\currenttime.sql
+---------------------+
| currenttime         |
+---------------------+
| 2022-01-21 13:52:55 |
+---------------------+
1 row in set (0.00 sec)

mysql> 
mysql> 
mysql> 
mysql> exit
