    -> 
    -> mysql \. C:\workspace\cloud\code\sql\_DailyScript\_setdates.sql
Query OK, 0 rows affected (0.01 sec)

Query OK, 0 rows affected (1.96 sec)

Database changed
Query OK, 0 rows affected (0.00 sec)

Query OK, 0 rows affected (0.00 sec)

Query OK, 0 rows affected (0.00 sec)

Query OK, 0 rows affected (0.00 sec)

Query OK, 0 rows affected (0.00 sec)

Query OK, 0 rows affected (0.00 sec)

Query OK, 0 rows affected (0.00 sec)

Query OK, 0 rows affected (0.00 sec)

Query OK, 0 rows affected (0.00 sec)

Query OK, 0 rows affected (0.00 sec)

Query OK, 0 rows affected (0.00 sec)

Query OK, 0 rows affected (0.00 sec)

Query OK, 0 rows affected (0.00 sec)

Query OK, 0 rows affected (0.00 sec)

Query OK, 0 rows affected (0.00 sec)

Query OK, 0 rows affected (0.00 sec)

Query OK, 0 rows affected (0.00 sec)

Query OK, 0 rows affected (0.00 sec)

Query OK, 0 rows affected (0.00 sec)

Query OK, 0 rows affected (0.00 sec)

Query OK, 0 rows affected (0.00 sec)

Query OK, 0 rows affected (0.00 sec)

mysql> mysql \. C:\workspace\cloud\code\sql\_DailyScript\currenttime.sql
+---------------------+
| currenttime         |
+---------------------+
| 2022-07-22 11:11:30 |
+---------------------+
1 row in set (0.00 sec)

mysql> 
mysql> 
mysql> 
mysql> 
mysql> 
mysql> 
mysql> 
mysql> 
mysql> 
mysql> 
mysql> 
mysql> 
mysql> 
mysql> 
mysql> 
mysql> 
mysql> 
mysql> 
mysql> 
mysql> 
mysql> 
mysql> 
mysql> 
mysql> 
mysql> 
mysql> 
mysql> 
mysql> 
mysql> 
mysql> 
mysql> 
mysql> 
mysql> 
mysql> 
mysql> 
mysql> 
mysql> 
mysql> 
mysql> 
mysql> 
mysql> 
mysql> 
mysql> 
mysql> 
mysql> mysql \. C:\workspace\cloud\code\sql\_DailyScript\ticket_analysis.sql
Database changed
Query OK, 0 rows affected (0.02 sec)

Query OK, 1026928 rows affected (27.62 sec)
Records: 1026928  Duplicates: 0  Warnings: 0

Query OK, 0 rows affected (3.95 sec)
Records: 0  Duplicates: 0  Warnings: 0

Query OK, 0 rows affected (2.14 sec)
Records: 0  Duplicates: 0  Warnings: 0

Query OK, 0 rows affected (1.79 sec)
Records: 0  Duplicates: 0  Warnings: 0

+---------------------+
| clientticketjourney |
+---------------------+
|             1026928 |
+---------------------+
1 row in set (0.25 sec)

Query OK, 0 rows affected (0.01 sec)

Query OK, 32369 rows affected (16.28 sec)
Records: 32369  Duplicates: 0  Warnings: 0

+--------------------------+
| clientticketsnapshot_irs |
+--------------------------+
|                    32369 |
+--------------------------+
1 row in set (0.01 sec)

Query OK, 0 rows affected, 1 warning (0.00 sec)

Query OK, 151748 rows affected (9.27 sec)
Records: 151748  Duplicates: 0  Warnings: 0

Query OK, 0 rows affected, 1 warning (0.00 sec)

Query OK, 758044 rows affected (18.32 sec)
Records: 758044  Duplicates: 0  Warnings: 0

Query OK, 0 rows affected, 1 warning (0.00 sec)

Query OK, 758044 rows affected (18.30 sec)
Records: 758044  Duplicates: 0  Warnings: 0

Query OK, 0 rows affected (0.01 sec)

Query OK, 151922 rows affected (5.13 sec)
Records: 151922  Duplicates: 0  Warnings: 0

+------------------------+
| clientticketsnapshot_f |
+------------------------+
|                 151922 |
+------------------------+
1 row in set (0.04 sec)

Database changed
Query OK, 0 rows affected (0.00 sec)

Query OK, 0 rows affected (0.02 sec)

Query OK, 1026928 rows affected (31.04 sec)
Records: 1026928  Duplicates: 0  Warnings: 0

+--------------------------+
| clientticket_cmmtjourney |
+--------------------------+
|                  1026928 |
+--------------------------+
1 row in set (0.39 sec)

Query OK, 0 rows affected, 1 warning (0.00 sec)

ERROR 1054 (42S22): Unknown column 'a.dept_flag' in 'field list'
ERROR 1146 (42S02): Table 'rcbill_my.clientticket_assgnjourney' doesn't exist
Query OK, 0 rows affected (0.01 sec)

Query OK, 87 rows affected (0.14 sec)
Records: 87  Duplicates: 0  Warnings: 0

+-------------------+
| rep_surveytickets |
+-------------------+
|                87 |
+-------------------+
1 row in set (0.00 sec)

mysql> mysql \. C:\workspace\cloud\code\sql\_DailyScript\currenttime.sql
+---------------------+
| currenttime         |
+---------------------+
| 2022-07-22 11:13:45 |
+---------------------+
1 row in set (0.00 sec)

mysql> 
mysql> mysql \. C:\workspace\cloud\code\sql\Analysis\service_tickets_assignments2022.sql
Query OK, 0 rows affected (0.02 sec)

ERROR 1146 (42S02): Table 'rcbill_my.clientticket_assgnjourney' doesn't exist
ERROR 1146 (42S02): Table 'rcbill_my.rep_servicetickets_2022' doesn't exist
Query OK, 0 rows affected (0.01 sec)

Query OK, 17884 rows affected (6.51 sec)
Records: 17884  Duplicates: 0  Warnings: 0

+------------------+
| rep_tkt_f_level1 |
+------------------+
|            17884 |
+------------------+
1 row in set (0.01 sec)

Query OK, 0 rows affected (0.01 sec)

Query OK, 105404 rows affected (3.92 sec)
Records: 105404  Duplicates: 0  Warnings: 0

+------------------+
| rep_tkt_f_level2 |
+------------------+
|           105404 |
+------------------+
1 row in set (0.03 sec)

Query OK, 0 rows affected (0.02 sec)

Query OK, 151922 rows affected (3.90 sec)
Records: 151922  Duplicates: 0  Warnings: 0

+------------------+
| rep_tkt_f_level3 |
+------------------+
|           151922 |
+------------------+
1 row in set (0.04 sec)

Query OK, 0 rows affected (0.02 sec)

Query OK, 3980 rows affected (0.45 sec)
Records: 3980  Duplicates: 0  Warnings: 0

+--------------------+
| rep_tkt_irs_level1 |
+--------------------+
|               3980 |
+--------------------+
1 row in set (0.00 sec)

Query OK, 0 rows affected (0.01 sec)

Query OK, 19311 rows affected (0.74 sec)
Records: 19311  Duplicates: 0  Warnings: 0

+--------------------+
| rep_tkt_irs_level2 |
+--------------------+
|              19311 |
+--------------------+
1 row in set (0.01 sec)

Query OK, 0 rows affected (0.02 sec)

Query OK, 32369 rows affected (0.97 sec)
Records: 32369  Duplicates: 0  Warnings: 0

+--------------------+
| rep_tkt_irs_level3 |
+--------------------+
|              32369 |
+--------------------+
1 row in set (0.01 sec)

mysql> mysql \. C:\workspace\cloud\code\sql\_DailyScript\currenttime.sql
+---------------------+
| currenttime         |
+---------------------+
| 2022-07-22 11:14:02 |
+---------------------+
1 row in set (0.00 sec)

mysql> 
mysql> mysql \. C:\workspace\cloud\code\sql\_DailyScript\DAILY-SCRIPT-USAGESTATS_2022.sql
Database changed
Query OK, 0 rows affected (0.09 sec)

Query OK, 7570319 rows affected, 65535 warnings (2 min 25.48 sec)
Records: 7570319  Duplicates: 0  Warnings: 7567362

Query OK, 0 rows affected (24.97 sec)
Records: 0  Duplicates: 0  Warnings: 0

Query OK, 0 rows affected (20.97 sec)
Records: 0  Duplicates: 0  Warnings: 0

Query OK, 0 rows affected (22.13 sec)
Records: 0  Duplicates: 0  Warnings: 0

Query OK, 0 rows affected (21.07 sec)
Records: 0  Duplicates: 0  Warnings: 0

Query OK, 0 rows affected (30.02 sec)
Records: 0  Duplicates: 0  Warnings: 0

Query OK, 0 rows affected (32.95 sec)
Records: 0  Duplicates: 0  Warnings: 0

Terminal close -- query aborted
