    -> 
    -> mysql \. C:\workspace\cloud\code\sql\_DailyScript\_setdates.sql
Query OK, 0 rows affected (0.01 sec)

Query OK, 0 rows affected (1.73 sec)

Database changed
Query OK, 0 rows affected (0.00 sec)

Query OK, 0 rows affected (0.00 sec)

Query OK, 0 rows affected (0.00 sec)

Query OK, 0 rows affected (0.00 sec)

Query OK, 0 rows affected (0.00 sec)

Query OK, 0 rows affected (0.00 sec)

Query OK, 0 rows affected (0.00 sec)

Query OK, 0 rows affected (0.00 sec)

Query OK, 0 rows affected (0.00 sec)

Query OK, 0 rows affected (0.00 sec)

Query OK, 0 rows affected (0.00 sec)

Query OK, 0 rows affected (0.00 sec)

Query OK, 0 rows affected (0.00 sec)

Query OK, 0 rows affected (0.00 sec)

Query OK, 0 rows affected (0.00 sec)

Query OK, 0 rows affected (0.00 sec)

Query OK, 0 rows affected (0.00 sec)

Query OK, 0 rows affected (0.00 sec)

Query OK, 0 rows affected (0.00 sec)

Query OK, 0 rows affected (0.00 sec)

Query OK, 0 rows affected (0.00 sec)

Query OK, 0 rows affected (0.00 sec)

mysql> mysql \. C:\workspace\cloud\code\sql\_DailyScript\currenttime.sql
+---------------------+
| currenttime         |
+---------------------+
| 2021-11-02 09:42:47 |
+---------------------+
1 row in set (0.00 sec)

mysql> 
mysql> mysql \. C:\workspace\cloud\code\sql\_DailyScript\load_RCB_VODTITLES.sql
Database changed
Query OK, 0 rows affected (0.00 sec)

Query OK, 16629 rows affected (0.20 sec)

Query OK, 16631 rows affected, 16631 warnings (0.42 sec)
Records: 16631  Deleted: 0  Skipped: 0  Warnings: 16631

Query OK, 0 rows affected (0.00 sec)

Query OK, 2 rows affected (0.02 sec)

+-----------+
| VODTITLES |
+-----------+
|     17089 |
+-----------+
1 row in set (0.01 sec)

+-----------+-----------+
| titletype | typecount |
+-----------+-----------+
| E         |     14143 |
| N         |       245 |
| T         |      2241 |
| NULL      |     16629 |
+-----------+-----------+
4 rows in set (0.07 sec)

mysql> mysql \. C:\workspace\cloud\code\sql\_DailyScript\currenttime.sql
+---------------------+
| currenttime         |
+---------------------+
| 2021-11-02 09:42:48 |
+---------------------+
1 row in set (0.00 sec)

mysql> 
mysql> 
mysql> 
mysql> 
mysql> 
mysql> 
mysql> 
mysql> 
mysql> 
mysql> 
mysql> 
mysql> 
mysql> 
mysql> 
mysql> 
mysql> 
mysql> 
mysql> 
mysql> 
mysql> 
mysql> 
mysql> 
mysql> 
mysql> 
mysql> 
mysql> 
mysql> 
mysql> 
mysql> 
mysql> 
mysql> 
mysql> 
mysql> 
mysql> 
mysql> mysql \. C:\workspace\cloud\code\sql\_DailyScript\ticket_analysis.sql
Database changed
Query OK, 0 rows affected (0.01 sec)

Query OK, 896554 rows affected (27.25 sec)
Records: 896554  Duplicates: 0  Warnings: 0

Query OK, 0 rows affected (3.62 sec)
Records: 0  Duplicates: 0  Warnings: 0

Query OK, 0 rows affected (1.89 sec)
Records: 0  Duplicates: 0  Warnings: 0

Query OK, 0 rows affected (1.66 sec)
Records: 0  Duplicates: 0  Warnings: 0

Query OK, 0 rows affected (0.01 sec)

Query OK, 28102 rows affected (15.08 sec)
Records: 28102  Duplicates: 0  Warnings: 0

Query OK, 0 rows affected, 1 warning (0.00 sec)

Query OK, 130970 rows affected (10.54 sec)
Records: 130970  Duplicates: 0  Warnings: 0

Query OK, 0 rows affected, 1 warning (0.00 sec)

Query OK, 661693 rows affected (19.59 sec)
Records: 661693  Duplicates: 0  Warnings: 0

Query OK, 0 rows affected, 1 warning (0.00 sec)

Query OK, 661693 rows affected (18.70 sec)
Records: 661693  Duplicates: 0  Warnings: 0

Query OK, 0 rows affected (0.01 sec)

Query OK, 131106 rows affected (5.16 sec)
Records: 131106  Duplicates: 0  Warnings: 0

Database changed
Query OK, 0 rows affected (0.00 sec)

Query OK, 0 rows affected (0.01 sec)

Query OK, 896554 rows affected (30.79 sec)
Records: 896554  Duplicates: 0  Warnings: 0

Query OK, 0 rows affected (0.02 sec)

Query OK, 465013 rows affected (19.14 sec)
Records: 465013  Duplicates: 0  Warnings: 0

+--------------------------+
| clientticket_cmmtjourney |
+--------------------------+
|                   896554 |
+--------------------------+
1 row in set (2.44 sec)

+---------------------------+
| clientticket_assgnjourney |
+---------------------------+
|                    465013 |
+---------------------------+
1 row in set (3.72 sec)

Query OK, 0 rows affected (0.01 sec)

Query OK, 92 rows affected (0.13 sec)
Records: 92  Duplicates: 0  Warnings: 0

mysql> mysql \. C:\workspace\cloud\code\sql\_DailyScript\currenttime.sql
+---------------------+
| currenttime         |
+---------------------+
| 2021-11-02 09:45:28 |
+---------------------+
1 row in set (0.00 sec)

mysql> 
mysql> mysql \. C:\workspace\cloud\code\sql\_DailyScript\load_DailyCalls.sql
Database changed
Query OK, 548 rows affected (0.14 sec)
Records: 548  Deleted: 0  Skipped: 0  Warnings: 0

Query OK, 0 rows affected, 1 warning (0.00 sec)

Query OK, 548 rows affected (0.04 sec)
Records: 548  Duplicates: 0  Warnings: 0

Query OK, 0 rows affected, 1 warning (0.00 sec)

Query OK, 70695 rows affected (0.30 sec)
Records: 70695  Duplicates: 0  Warnings: 0

+----------------------+
| callingclientsbefore |
+----------------------+
|              1302387 |
+----------------------+
1 row in set (0.56 sec)

Query OK, 755 rows affected (11.86 sec)
Records: 755  Duplicates: 0  Warnings: 0

+---------------------+
| callingclientsafter |
+---------------------+
|             1303142 |
+---------------------+
1 row in set (0.35 sec)

Query OK, 0 rows affected (0.01 sec)

Query OK, 348 rows affected (4.12 sec)
Records: 348  Duplicates: 0  Warnings: 0

Query OK, 0 rows affected (0.00 sec)

Query OK, 25339 rows affected (4.37 sec)
Records: 25339  Duplicates: 0  Warnings: 0

+-----------+
| callstats |
+-----------+
|     25339 |
+-----------+
1 row in set (0.01 sec)

Query OK, 0 rows affected, 1 warning (0.00 sec)

Query OK, 755 rows affected (2.81 sec)
Records: 755  Duplicates: 0  Warnings: 0

+------------------------+
| rep_cccallreportbefore |
+------------------------+
|                1302302 |
+------------------------+
1 row in set (0.35 sec)

Query OK, 830 rows affected (0.16 sec)
Records: 830  Duplicates: 0  Warnings: 0

+-----------------------+
| rep_cccallreportafter |
+-----------------------+
|               1303132 |
+-----------------------+
1 row in set (0.35 sec)

Query OK, 0 rows affected (0.02 sec)

mysql> mysql \. C:\workspace\cloud\code\sql\_DailyScript\currenttime.sql
+---------------------+
| currenttime         |
+---------------------+
| 2021-11-02 09:45:53 |
+---------------------+
1 row in set (0.00 sec)

mysql> 
mysql> mysql \. C:\workspace\cloud\code\sql\_DailyScript\DAILY-SCRIPT-USAGE.sql
Database changed
Query OK, 0 rows affected (0.00 sec)

Query OK, 4032 rows affected, 11684 warnings (0.67 sec)
Records: 4032  Deleted: 0  Skipped: 0  Warnings: 11684

Query OK, 0 rows affected (0.00 sec)

Query OK, 6172 rows affected, 17836 warnings (0.69 sec)
Records: 6172  Deleted: 0  Skipped: 0  Warnings: 17836

Query OK, 0 rows affected (0.00 sec)

Query OK, 279 rows affected, 1010 warnings (0.04 sec)
Records: 279  Deleted: 0  Skipped: 0  Warnings: 1010

Query OK, 0 rows affected (0.00 sec)

Query OK, 179 rows affected, 624 warnings (0.03 sec)
Records: 179  Deleted: 0  Skipped: 0  Warnings: 624

+------------+
| dailyusage |
+------------+
|   19435729 |
+------------+
1 row in set (7.63 sec)

+------------+------------+------------+---------+
| datestart  | dateend    | insertedon | records |
+------------+------------+------------+---------+
| 2021-10-30 | 2021-10-30 | 2021-11-02 |   10662 |
| 2021-10-29 | 2021-10-29 | 2021-11-02 |   10723 |
| 2021-10-28 | 2021-10-28 | 2021-10-29 |   10676 |
| 2021-10-27 | 2021-10-27 | 2021-10-28 |   10912 |
| 2021-10-26 | 2021-10-26 | 2021-10-27 |   11071 |
+------------+------------+------------+---------+
5 rows in set (23.10 sec)

+----------+------------+------------+------------+---------+
| category | datestart  | dateend    | insertedon | records |
+----------+------------+------------+------------+---------+
| UNCAPPED | 2021-10-30 | 2021-10-30 | 2021-11-02 |    6172 |
| PREPAID  | 2021-10-30 | 2021-10-30 | 2021-11-02 |     279 |
| HOTSPOT  | 2021-10-30 | 2021-10-30 | 2021-11-02 |     179 |
| CAPPED   | 2021-10-30 | 2021-10-30 | 2021-11-02 |    4032 |
| UNCAPPED | 2021-10-29 | 2021-10-29 | 2021-11-02 |    6168 |
| PREPAID  | 2021-10-29 | 2021-10-29 | 2021-11-02 |     316 |
| HOTSPOT  | 2021-10-29 | 2021-10-29 | 2021-11-02 |     205 |
| CAPPED   | 2021-10-29 | 2021-10-29 | 2021-11-02 |    4034 |
| UNCAPPED | 2021-10-28 | 2021-10-28 | 2021-10-29 |    6143 |
| PREPAID  | 2021-10-28 | 2021-10-28 | 2021-10-29 |     308 |
| HOTSPOT  | 2021-10-28 | 2021-10-28 | 2021-10-29 |     205 |
| CAPPED   | 2021-10-28 | 2021-10-28 | 2021-10-29 |    4020 |
| UNCAPPED | 2021-10-27 | 2021-10-27 | 2021-10-28 |    6385 |
| PREPAID  | 2021-10-27 | 2021-10-27 | 2021-10-28 |     313 |
| HOTSPOT  | 2021-10-27 | 2021-10-27 | 2021-10-28 |     219 |
| CAPPED   | 2021-10-27 | 2021-10-27 | 2021-10-28 |    3995 |
| UNCAPPED | 2021-10-26 | 2021-10-26 | 2021-10-27 |    6567 |
| PREPAID  | 2021-10-26 | 2021-10-26 | 2021-10-27 |     320 |
| HOTSPOT  | 2021-10-26 | 2021-10-26 | 2021-10-27 |     195 |
| CAPPED   | 2021-10-26 | 2021-10-26 | 2021-10-27 |    3989 |
+----------+------------+------------+------------+---------+
20 rows in set (29.80 sec)

mysql> mysql \. C:\workspace\cloud\code\sql\_DailyScript\currenttime.sql
+---------------------+
| currenttime         |
+---------------------+
| 2021-11-02 09:46:55 |
+---------------------+
1 row in set (0.00 sec)

mysql> 
mysql> mysql \. C:\workspace\cloud\code\sql\_DailyScript\DAILY-SCRIPT-SALES-TELEMETRY.sql
Database changed
Query OK, 82 rows affected, 62 warnings (0.02 sec)
Records: 82  Deleted: 0  Skipped: 0  Warnings: 62

+------------+
| dailysales |
+------------+
|     251632 |
+------------+
1 row in set (0.21 sec)

Query OK, 0 rows affected (0.01 sec)

Query OK, 251632 rows affected (17.22 sec)
Records: 251632  Duplicates: 0  Warnings: 0

+--------+
| sales  |
+--------+
| 251632 |
+--------+
1 row in set (0.11 sec)

Query OK, 0 rows affected (0.01 sec)

Query OK, 4189 rows affected (0.43 sec)
Records: 4189  Duplicates: 0  Warnings: 0

+----------------+
| rep_dailysales |
+----------------+
|           4189 |
+----------------+
1 row in set (0.00 sec)

Query OK, 0 rows affected (0.00 sec)

Query OK, 4189 rows affected (0.68 sec)
Records: 4189  Duplicates: 0  Warnings: 0

+-------------------+
| rep_dailysalesreg |
+-------------------+
|              4189 |
+-------------------+
1 row in set (0.00 sec)

Query OK, 0 rows affected (0.00 sec)

Query OK, 2995 rows affected (0.83 sec)
Records: 2995  Duplicates: 0  Warnings: 0

+-----------+
| saleslist |
+-----------+
|      2995 |
+-----------+
1 row in set (0.00 sec)

Database changed
ERROR 2 (HY000): File 'C:\ProgramData\MySQL\MySQL Server 5.7\Uploads\_csv\PrepaidCardSales-30102021-P1.csv' not found (Errcode: 2 - No such file or directory)
+------------------+
| dailysinglesales |
+------------------+
|             6624 |
+------------------+
1 row in set (0.01 sec)

Database changed
Query OK, 8 rows affected (0.03 sec)
Records: 8  Deleted: 0  Skipped: 0  Warnings: 0

+-----------------+
| dailyaddonsales |
+-----------------+
|           25659 |
+-----------------+
1 row in set (0.04 sec)

Query OK, 309 rows affected (0.07 sec)
Records: 309  Deleted: 0  Skipped: 0  Warnings: 0

+----------------+
| onlinepayments |
+----------------+
|         235995 |
+----------------+
1 row in set (0.12 sec)

+-------------+----------------+---------------------+
| paymentdate | onlinepayments | onlinepaymentamount |
+-------------+----------------+---------------------+
| 2021-10-30  |            309 |        210379.21000 |
| 2021-10-29  |            321 |        197297.19000 |
| 2021-10-28  |            465 |        315750.99000 |
| 2021-10-27  |            472 |        331222.51000 |
| 2021-10-26  |            443 |        281319.03000 |
+-------------+----------------+---------------------+
5 rows in set (0.82 sec)

+-------------+--------------+----------------+---------------------+
| paymentyear | paymentmonth | onlinepayments | onlinepaymentamount |
+-------------+--------------+----------------+---------------------+
|        2021 |           10 |           8485 |       5588801.76000 |
|        2021 |            9 |           8803 |       5663928.71000 |
|        2021 |            8 |           8864 |       5714008.87000 |
|        2021 |            7 |           8972 |       5795292.15000 |
|        2021 |            6 |           8773 |       5686976.03000 |
+-------------+--------------+----------------+---------------------+
5 rows in set (0.25 sec)

mysql> mysql \. C:\workspace\cloud\code\sql\_DailyScript\currenttime.sql
+---------------------+
| currenttime         |
+---------------------+
| 2021-11-02 09:47:16 |
+---------------------+
1 row in set (0.00 sec)

mysql> 
mysql> mysql \. C:\workspace\cloud\code\sql\_DailyScript\DAILY-SCRIPT-ACTIVENUMBERS.sql
Database changed
Query OK, 1093 rows affected (0.45 sec)
Records: 1093  Deleted: 0  Skipped: 0  Warnings: 0

+------------+----------+
| period     | count(1) |
+------------+----------+
| 2021-10-30 |     1093 |
| 2021-10-29 |     1096 |
| 2021-10-28 |     1096 |
| 2021-10-27 |     1098 |
| 2021-10-26 |     1099 |
+------------+----------+
5 rows in set (0.01 sec)

Query OK, 0 rows affected (0.01 sec)

Query OK, 75 rows affected (1.40 sec)
Records: 75  Duplicates: 0  Warnings: 0

+-------------+
| packagelist |
+-------------+
|          75 |
+-------------+
1 row in set (0.00 sec)

Database changed
Query OK, 0 rows affected (0.00 sec)

Query OK, 0 rows affected (0.00 sec)

Query OK, 0 rows affected (0.00 sec)

Query OK, 0 rows affected (0.00 sec)

Query OK, 29010 rows affected, 245 warnings (12.97 sec)
Records: 29010  Deleted: 0  Skipped: 0  Warnings: 245

+------------+----------+
| period     | count(1) |
+------------+----------+
| 2021-10-30 |    29010 |
| 2021-10-29 |    29124 |
| 2021-10-28 |    29002 |
| 2021-10-27 |    28912 |
| 2021-10-26 |    28958 |
+------------+----------+
5 rows in set (0.11 sec)

Query OK, 0 rows affected (0.04 sec)

Query OK, 28452 rows affected (52.22 sec)
Records: 28452  Duplicates: 0  Warnings: 0

Query OK, 0 rows affected (0.12 sec)
Records: 0  Duplicates: 0  Warnings: 0

Query OK, 0 rows affected (0.12 sec)
Records: 0  Duplicates: 0  Warnings: 0

Query OK, 0 rows affected (0.11 sec)
Records: 0  Duplicates: 0  Warnings: 0

Query OK, 0 rows affected (0.09 sec)
Records: 0  Duplicates: 0  Warnings: 0

Query OK, 0 rows affected (0.07 sec)
Records: 0  Duplicates: 0  Warnings: 0

Query OK, 0 rows affected (0.07 sec)
Records: 0  Duplicates: 0  Warnings: 0

+-------------+
| countbefore |
+-------------+
|    50599355 |
+-------------+
1 row in set (15.31 sec)

Query OK, 28452 rows affected (2.09 sec)
Records: 28452  Duplicates: 0  Warnings: 0

+------------+
| countafter |
+------------+
|   50627807 |
+------------+
1 row in set (16.38 sec)

+------------+--------------------------+
| period     | customercontractactivity |
+------------+--------------------------+
| 2021-10-30 |                    28452 |
| 2021-10-29 |                    28566 |
| 2021-10-28 |                    28444 |
| 2021-10-27 |                    28354 |
| 2021-10-26 |                    28400 |
+------------+--------------------------+
5 rows in set (0.06 sec)

Query OK, 0 rows affected (0.01 sec)

Query OK, 321734 rows affected, 4 warnings (10 min 12.61 sec)
Records: 321734  Duplicates: 0  Warnings: 4

Query OK, 0 rows affected (1.07 sec)
Records: 0  Duplicates: 0  Warnings: 0

Query OK, 0 rows affected (1.27 sec)
Records: 0  Duplicates: 0  Warnings: 0

Query OK, 0 rows affected (1.30 sec)
Records: 0  Duplicates: 0  Warnings: 0

Query OK, 0 rows affected (0.01 sec)

Query OK, 233 rows affected (0.51 sec)
Records: 233  Duplicates: 0  Warnings: 0

Query OK, 0 rows affected (0.01 sec)

Query OK, 2586 rows affected (0.66 sec)
Records: 2586  Duplicates: 0  Warnings: 0

Query OK, 0 rows affected (0.01 sec)

Query OK, 28428 rows affected (0.65 sec)
Records: 28428  Duplicates: 0  Warnings: 0

Query OK, 0 rows affected (0.01 sec)

Query OK, 17125 rows affected (0.40 sec)
Records: 17125  Duplicates: 0  Warnings: 0

Query OK, 0 rows affected (0.01 sec)

Query OK, 17125 rows affected (0.16 sec)
Records: 17125  Duplicates: 0  Warnings: 0

Query OK, 0 rows affected (0.01 sec)

Query OK, 17125 rows affected (1.29 sec)
Records: 17125  Duplicates: 0  Warnings: 0

Query OK, 0 rows affected (0.01 sec)

Query OK, 17125 rows affected (46.76 sec)
Records: 17125  Duplicates: 0  Warnings: 0

+-------------+
| clientstats |
+-------------+
|       17125 |
+-------------+
1 row in set (0.01 sec)

Query OK, 0 rows affected (0.00 sec)

Query OK, 14 rows affected, 1 warning (0.11 sec)
Records: 14  Duplicates: 0  Warnings: 1

+-----------------------+-------------+-------------+----------------+-----------------+
| services              | activecount | allaccounts | uniqueaccounts | uniquecontracts |
+-----------------------+-------------+-------------+----------------+-----------------+
| All                   |         441 |          72 |             72 |             231 |
| Internet & OTT        |           8 |           4 |              4 |               5 |
| Internet & Voice      |         314 |         137 |            137 |             269 |
| Internet Only         |        4327 |        4249 |           4243 |            4287 |
| OTT Only              |           1 |           1 |              1 |               1 |
| TV & Internet         |        9915 |        4435 |           4416 |            9039 |
| TV & Internet & OTT   |        4463 |        1173 |           1171 |            2440 |
| TV & Internet & Voice |         530 |         154 |            153 |             474 |
| TV & OTT              |         365 |          93 |             91 |             105 |
| TV & Voice            |          91 |          40 |             40 |              82 |
| TV & Voice & OTT      |           6 |           2 |              2 |               4 |
| TV Only               |        8455 |        6651 |           6637 |            6853 |
| Voice Only            |         116 |         114 |            114 |             116 |
| GRAND TOTAL           |       29032 |       17125 |          17019 |           23906 |
+-----------------------+-------------+-------------+----------------+-----------------+
14 rows in set (0.00 sec)

+-------------+-------------+-------------+----------------+-----------------+
| network     | activecount | allaccounts | uniqueaccounts | uniquecontracts |
+-------------+-------------+-------------+----------------+-----------------+
| GPON        |       13499 |        6715 |           6712 |           10682 |
| HFC         |       15533 |       10410 |          10410 |           13224 |
| GRAND TOTAL |       29032 |       17125 |          17019 |           23906 |
+-------------+-------------+-------------+----------------+-----------------+
3 rows in set, 1 warning (0.15 sec)

+-------------+-----------------------+-------------+-------------+----------------+-----------------+
| network     | services              | activecount | allaccounts | uniqueaccounts | uniquecontracts |
+-------------+-----------------------+-------------+-------------+----------------+-----------------+
| GPON        | All                   |         325 |          58 |             58 |             183 |
| GPON        | Internet & OTT        |           2 |           1 |              1 |               1 |
| GPON        | Internet & Voice      |          87 |          36 |             36 |              76 |
| GPON        | Internet Only         |        1568 |        1504 |           1504 |            1529 |
| GPON        | TV & Internet         |        5485 |        2411 |           2411 |            4938 |
| GPON        | TV & Internet & OTT   |        3360 |         882 |            882 |            1841 |
| GPON        | TV & Internet & Voice |         285 |          81 |             81 |             252 |
| GPON        | TV & OTT              |         201 |          65 |             65 |              69 |
| GPON        | TV & Voice            |          58 |          25 |             25 |              52 |
| GPON        | TV & Voice & OTT      |           3 |           1 |              1 |               2 |
| GPON        | TV Only               |        2111 |        1638 |           1638 |            1725 |
| GPON        | Voice Only            |          14 |          13 |             13 |              14 |
| GPON        | Services Total        |       13499 |        6715 |           6712 |           10682 |
| HFC         | All                   |         116 |          14 |             14 |              48 |
| HFC         | Internet & OTT        |           6 |           3 |              3 |               4 |
| HFC         | Internet & Voice      |         227 |         101 |            101 |             193 |
| HFC         | Internet Only         |        2759 |        2745 |           2745 |            2758 |
| HFC         | OTT Only              |           1 |           1 |              1 |               1 |
| HFC         | TV & Internet         |        4430 |        2024 |           2024 |            4101 |
| HFC         | TV & Internet & OTT   |        1103 |         291 |            291 |             599 |
| HFC         | TV & Internet & Voice |         245 |          73 |             73 |             222 |
| HFC         | TV & OTT              |         164 |          28 |             28 |              36 |
| HFC         | TV & Voice            |          33 |          15 |             15 |              30 |
| HFC         | TV & Voice & OTT      |           3 |           1 |              1 |               2 |
| HFC         | TV Only               |        6344 |        5013 |           5013 |            5128 |
| HFC         | Voice Only            |         102 |         101 |            101 |             102 |
| HFC         | Services Total        |       15533 |       10410 |          10410 |           13224 |
| GRAND TOTAL | Services Total        |       29032 |       17125 |          17019 |           23906 |
+-------------+-----------------------+-------------+-------------+----------------+-----------------+
28 rows in set, 2 warnings (0.14 sec)

Query OK, 0 rows affected (0.00 sec)

Query OK, 46 rows affected, 3 warnings (0.20 sec)
Records: 46  Duplicates: 0  Warnings: 3

+-------------+---------------+-----------------------+-------------+-------------+----------------+-----------------+
| region      | network       | services              | activecount | allaccounts | uniqueaccounts | uniquecontracts |
+-------------+---------------+-----------------------+-------------+-------------+----------------+-----------------+
| Eden Island | GPON          | TV & Internet         |           2 |           1 |              1 |               2 |
| Eden Island | GPON          | Services Total        |           2 |           1 |              1 |               2 |
| Eden Island | Network Total | Services Total        |           2 |           1 |              1 |               2 |
| Mahe        | GPON          | All                   |         284 |          51 |             51 |             161 |
| Mahe        | GPON          | Internet & OTT        |           2 |           1 |              1 |               1 |
| Mahe        | GPON          | Internet & Voice      |          77 |          31 |             31 |              66 |
| Mahe        | GPON          | Internet Only         |        1326 |        1263 |           1263 |            1287 |
| Mahe        | GPON          | TV & Internet         |        4704 |        2062 |           2062 |            4219 |
| Mahe        | GPON          | TV & Internet & OTT   |        2812 |         723 |            723 |            1515 |
| Mahe        | GPON          | TV & Internet & Voice |         273 |          77 |             77 |             240 |
| Mahe        | GPON          | TV & OTT              |         174 |          55 |             55 |              59 |
| Mahe        | GPON          | TV & Voice            |          55 |          24 |             24 |              49 |
| Mahe        | GPON          | TV & Voice & OTT      |           3 |           1 |              1 |               2 |
| Mahe        | GPON          | TV Only               |        1759 |        1361 |           1361 |            1435 |
| Mahe        | GPON          | Voice Only            |          13 |          12 |             12 |              13 |
| Mahe        | GPON          | Services Total        |       11482 |        5661 |           5661 |            9047 |
| Mahe        | HFC           | All                   |         116 |          14 |             14 |              48 |
| Mahe        | HFC           | Internet & OTT        |           6 |           3 |              3 |               4 |
| Mahe        | HFC           | Internet & Voice      |         227 |         101 |            101 |             193 |
| Mahe        | HFC           | Internet Only         |        2759 |        2745 |           2745 |            2758 |
| Mahe        | HFC           | OTT Only              |           1 |           1 |              1 |               1 |
| Mahe        | HFC           | TV & Internet         |        4430 |        2024 |           2024 |            4101 |
| Mahe        | HFC           | TV & Internet & OTT   |        1103 |         291 |            291 |             599 |
| Mahe        | HFC           | TV & Internet & Voice |         245 |          73 |             73 |             222 |
| Mahe        | HFC           | TV & OTT              |         164 |          28 |             28 |              36 |
| Mahe        | HFC           | TV & Voice            |          33 |          15 |             15 |              30 |
| Mahe        | HFC           | TV & Voice & OTT      |           3 |           1 |              1 |               2 |
| Mahe        | HFC           | TV Only               |        6341 |        5011 |           5011 |            5126 |
| Mahe        | HFC           | Voice Only            |         102 |         101 |            101 |             102 |
| Mahe        | HFC           | Services Total        |       15530 |       10408 |          10408 |           13222 |
| Mahe        | Network Total | Services Total        |       27012 |       16069 |          15966 |           22269 |
| Praslin     | GPON          | All                   |          41 |           7 |              7 |              22 |
| Praslin     | GPON          | Internet & Voice      |          10 |           5 |              5 |              10 |
| Praslin     | GPON          | Internet Only         |         242 |         241 |            241 |             242 |
| Praslin     | GPON          | TV & Internet         |         779 |         348 |            348 |             717 |
| Praslin     | GPON          | TV & Internet & OTT   |         548 |         159 |            159 |             326 |
| Praslin     | GPON          | TV & Internet & Voice |          12 |           4 |              4 |              12 |
| Praslin     | GPON          | TV & OTT              |          27 |          10 |             10 |              10 |
| Praslin     | GPON          | TV & Voice            |           3 |           1 |              1 |               3 |
| Praslin     | GPON          | TV Only               |         352 |         277 |            277 |             290 |
| Praslin     | GPON          | Voice Only            |           1 |           1 |              1 |               1 |
| Praslin     | GPON          | Services Total        |        2015 |        1053 |           1053 |            1633 |
| Praslin     | HFC           | TV Only               |           3 |           2 |              2 |               2 |
| Praslin     | HFC           | Services Total        |           3 |           2 |              2 |               2 |
| Praslin     | Network Total | Services Total        |        2018 |        1055 |           1055 |            1635 |
| GRAND TOTAL | Network Total | Services Total        |       29032 |       17125 |          17019 |           23906 |
+-------------+---------------+-----------------------+-------------+-------------+----------------+-----------------+
46 rows in set (0.00 sec)

Query OK, 0 rows affected (0.00 sec)

Query OK, 28429 rows affected (0.52 sec)
Records: 28429  Duplicates: 0  Warnings: 0

Query OK, 0 rows affected (0.01 sec)

Query OK, 2341 rows affected (1.24 sec)
Records: 2341  Duplicates: 0  Warnings: 0

+--------------------------------------+
| message                              |
+--------------------------------------+
| running rcbill_my.sp_ActiveNumber2() |
+--------------------------------------+
1 row in set (0.00 sec)

Query OK, 365 rows affected (2 min 24.15 sec)

mysql> mysql \. C:\workspace\cloud\code\sql\_DailyScript\currenttime.sql
+---------------------+
| currenttime         |
+---------------------+
| 2021-11-02 10:02:31 |
+---------------------+
1 row in set (0.00 sec)

mysql> 
mysql> mysql \. C:\workspace\cloud\code\sql\_DailyScript\GetActiveNumbers Average -Pivot.sql
Database changed
+-------------------------------------+
| @today := subdate(current_date(),1) |
+-------------------------------------+
| 2021-11-01                          |
+-------------------------------------+
1 row in set (0.00 sec)

+-------------------------------------+
| @lastdayofmonth := last_day(@today) |
+-------------------------------------+
| 2021-11-30                          |
+-------------------------------------+
1 row in set (0.00 sec)

Query OK, 0 rows affected (0.01 sec)

Query OK, 51229 rows affected, 65535 warnings (1 min 8.09 sec)
Records: 51229  Duplicates: 0  Warnings: 105339

Query OK, 0 rows affected (0.11 sec)
Records: 0  Duplicates: 0  Warnings: 0

Query OK, 0 rows affected (0.15 sec)
Records: 0  Duplicates: 0  Warnings: 0

Query OK, 0 rows affected (0.11 sec)
Records: 0  Duplicates: 0  Warnings: 0

+-----------------+
| activenumberavg |
+-----------------+
|           51229 |
+-----------------+
1 row in set (0.01 sec)

Query OK, 0 rows affected (0.01 sec)

Query OK, 1993 rows affected (0.60 sec)
Records: 1993  Duplicates: 0  Warnings: 0

+---------------------+
| rep_activenumberavg |
+---------------------+
|                1993 |
+---------------------+
1 row in set (0.00 sec)

+----------------------+
| rep_activenumberavg1 |
+----------------------+
|                  926 |
+----------------------+
1 row in set (0.00 sec)

Query OK, 0 rows affected (0.01 sec)

Query OK, 2708 rows affected (0.48 sec)
Records: 2708  Duplicates: 0  Warnings: 0

Query OK, 0 rows affected (0.00 sec)

Query OK, 13999 rows affected (0.88 sec)
Records: 13999  Duplicates: 0  Warnings: 0

Query OK, 0 rows affected (0.01 sec)

Query OK, 242 rows affected (0.29 sec)
Records: 242  Duplicates: 0  Warnings: 0

Query OK, 0 rows affected (0.00 sec)

Query OK, 0 rows affected (0.01 sec)

Query OK, 0 rows affected (0.01 sec)

Query OK, 0 rows affected (0.00 sec)

Query OK, 0 rows affected (0.00 sec)
Statement prepared

Query OK, 53 rows affected (0.05 sec)
Records: 53  Duplicates: 0  Warnings: 0

Query OK, 0 rows affected (0.00 sec)

Query OK, 0 rows affected (0.00 sec)

+----------------------+
| rep_activenumberavg2 |
+----------------------+
|                 2708 |
+----------------------+
1 row in set (0.00 sec)

+------------------------+
| rep_activenumberavg_pv |
+------------------------+
|                     53 |
+------------------------+
1 row in set (0.00 sec)

Query OK, 0 rows affected (0.00 sec)

Query OK, 2705 rows affected (0.40 sec)
Records: 2705  Duplicates: 0  Warnings: 0

Query OK, 0 rows affected (0.00 sec)

Query OK, 0 rows affected (0.00 sec)

Query OK, 0 rows affected (0.01 sec)

Query OK, 0 rows affected (0.00 sec)

Query OK, 0 rows affected (0.00 sec)
Statement prepared

Query OK, 53 rows affected (0.05 sec)
Records: 53  Duplicates: 0  Warnings: 0

Query OK, 0 rows affected (0.00 sec)

Query OK, 0 rows affected (0.00 sec)

+-------------------------+
| rep_activenumberavgMahe |
+-------------------------+
|                    2705 |
+-------------------------+
1 row in set (0.00 sec)

+----------------------------+
| rep_activenumberavgMahe_pv |
+----------------------------+
|                         53 |
+----------------------------+
1 row in set (0.00 sec)

Query OK, 0 rows affected (0.02 sec)

Query OK, 1712 rows affected (0.18 sec)
Records: 1712  Duplicates: 0  Warnings: 0

Query OK, 0 rows affected (0.00 sec)

Query OK, 0 rows affected (0.00 sec)

Query OK, 0 rows affected (0.01 sec)

Query OK, 0 rows affected (0.00 sec)

Query OK, 0 rows affected (0.00 sec)
Statement prepared

Query OK, 40 rows affected (0.04 sec)
Records: 40  Duplicates: 0  Warnings: 0

Query OK, 0 rows affected (0.00 sec)

Query OK, 0 rows affected (0.00 sec)

+----------------------------+
| rep_activenumberavgPraslin |
+----------------------------+
|                       1712 |
+----------------------------+
1 row in set (0.00 sec)

+-------------------------------+
| rep_activenumberavgPraslin_pv |
+-------------------------------+
|                            40 |
+-------------------------------+
1 row in set (0.00 sec)

mysql> mysql \. C:\workspace\cloud\code\sql\_DailyScript\currenttime.sql
+---------------------+
| currenttime         |
+---------------------+
| 2021-11-02 10:03:43 |
+---------------------+
1 row in set (0.00 sec)

mysql> 
mysql> mysql \. C:\workspace\cloud\code\sql\Analysis\clients_contracts_creditpolicy_2.sql
Database changed
Query OK, 0 rows affected (0.01 sec)

Query OK, 1908236 rows affected (46.78 sec)
Records: 1908236  Duplicates: 0  Warnings: 0

Query OK, 0 rows affected (0.01 sec)

Query OK, 28452 rows affected (1.11 sec)
Records: 28452  Duplicates: 0  Warnings: 0

Query OK, 0 rows affected (0.01 sec)

Query OK, 28526 rows affected (14.81 sec)
Records: 28526  Duplicates: 0  Warnings: 0

+-------------------------+
| rep_cust_cont_creditpol |
+-------------------------+
|                   28526 |
+-------------------------+
1 row in set (0.01 sec)

mysql> mysql \. C:\workspace\cloud\code\sql\_DailyScript\currenttime.sql
+---------------------+
| currenttime         |
+---------------------+
| 2021-11-02 10:04:45 |
+---------------------+
1 row in set (0.00 sec)

mysql> 
mysql> 
mysql> 
mysql> 
mysql> 
mysql> 
mysql> 
mysql> 
mysql> 
mysql> 
mysql> 
mysql> 
mysql> 
mysql> 
mysql> 
mysql> 
mysql> 
mysql> 
mysql> 
mysql> 
mysql> 
mysql> 
mysql> 
mysql> 
mysql> 
mysql> 
mysql> exit
