    -> 
    -> mysql \. C:\workspace\cloud\code\sql\_DailyScript\_setdates.sql
Database changed
Query OK, 0 rows affected (0.00 sec)

Query OK, 0 rows affected (0.00 sec)

Query OK, 0 rows affected (0.00 sec)

Query OK, 0 rows affected (0.00 sec)

Query OK, 0 rows affected (0.00 sec)

Query OK, 0 rows affected (0.00 sec)

Query OK, 0 rows affected (0.00 sec)

Query OK, 0 rows affected (0.00 sec)

Query OK, 0 rows affected (0.00 sec)

Query OK, 0 rows affected (0.00 sec)

Query OK, 0 rows affected (0.00 sec)

Query OK, 0 rows affected (0.00 sec)

Query OK, 0 rows affected (0.00 sec)

Query OK, 0 rows affected (0.00 sec)

Query OK, 0 rows affected (0.00 sec)

Query OK, 0 rows affected (0.00 sec)

Query OK, 0 rows affected (0.00 sec)

Query OK, 0 rows affected (0.00 sec)

Query OK, 0 rows affected (0.00 sec)

Query OK, 0 rows affected (0.00 sec)

Query OK, 0 rows affected (0.00 sec)

mysql> mysql \. C:\workspace\cloud\code\sql\_DailyScript\currenttime.sql
+---------------------+
| currenttime         |
+---------------------+
| 2020-05-18 07:56:02 |
+---------------------+
1 row in set (0.00 sec)

mysql> 
mysql> mysql \. C:\workspace\cloud\code\sql\_DailyScript\load_RCB_VODTITLES.sql
Database changed
Query OK, 0 rows affected (0.00 sec)

Query OK, 10961 rows affected (0.58 sec)

Query OK, 10963 rows affected, 10963 warnings (0.70 sec)
Records: 10963  Deleted: 0  Skipped: 0  Warnings: 10963

Query OK, 0 rows affected (0.00 sec)

Query OK, 2 rows affected (0.01 sec)

+-----------+
| VODTITLES |
+-----------+
|     11421 |
+-----------+
1 row in set (0.01 sec)

+-----------+-----------+
| titletype | typecount |
+-----------+-----------+
| E         |      9099 |
| N         |       213 |
| T         |      1649 |
| NULL      |     10961 |
+-----------+-----------+
4 rows in set (0.04 sec)

mysql> mysql \. C:\workspace\cloud\code\sql\_DailyScript\currenttime.sql
+---------------------+
| currenttime         |
+---------------------+
| 2020-05-18 07:56:04 |
+---------------------+
1 row in set (0.00 sec)

mysql> 
mysql> mysql \. C:\workspace\cloud\code\sql\_DailyScript\DAILY-SCRIPT-LIVETV-STATS.sql
Database changed
Query OK, 0 rows affected (0.27 sec)

Query OK, 91250 rows affected (3.42 sec)
Records: 91250  Duplicates: 0  Warnings: 0

+------------+------------+----------+--------------+--------------+-----------+-------------+----------+--------+------+------------+---------+---------------+
| Table      | Non_unique | Key_name | Seq_in_index | Column_name  | Collation | Cardinality | Sub_part | Packed | Null | Index_type | Comment | Index_comment |
+------------+------------+----------+--------------+--------------+-----------+-------------+----------+--------+------+------------+---------+---------------+
| templivetv |          1 | idxtv1   |            1 | device       | A         |       91703 |     NULL | NULL   | YES  | BTREE      |         |               |
| templivetv |          1 | idxtv2   |            1 | sessionstart | A         |       91703 |     NULL | NULL   | YES  | BTREE      |         |               |
+------------+------------+----------+--------------+--------------+-----------+-------------+----------+--------+------+------------+---------+---------------+
2 rows in set (0.01 sec)

Query OK, 91224 rows affected (1 min 10.63 sec)
Records: 91224  Duplicates: 0  Warnings: 0

Query OK, 2754 rows affected (1.35 sec)
Records: 2754  Duplicates: 0  Warnings: 0

Query OK, 0 rows affected (0.00 sec)

Query OK, 0 rows affected (0.00 sec)

Query OK, 135 rows affected (0.13 sec)
Records: 135  Duplicates: 0  Warnings: 0

Query OK, 0 rows affected (0.22 sec)

Query OK, 18597 rows affected (20 min 2.70 sec)
Records: 18597  Duplicates: 0  Warnings: 0

+-----------------+
| rep_livetvstats |
+-----------------+
|           18597 |
+-----------------+
1 row in set (0.01 sec)

mysql> mysql \. C:\workspace\cloud\code\sql\_DailyScript\currenttime.sql
+---------------------+
| currenttime         |
+---------------------+
| 2020-05-18 08:17:22 |
+---------------------+
1 row in set (0.00 sec)

mysql> 
mysql> mysql \. C:\workspace\cloud\code\sql\_DailyScript\DAILY-SCRIPT-VODTS-STATS.sql
Database changed
Query OK, 0 rows affected (0.01 sec)

Query OK, 6358 rows affected (1 min 52.54 sec)
Records: 6358  Duplicates: 0  Warnings: 0

+---------+------------+----------+--------------+--------------+-----------+-------------+----------+--------+------+------------+---------+---------------+
| Table   | Non_unique | Key_name | Seq_in_index | Column_name  | Collation | Cardinality | Sub_part | Packed | Null | Index_type | Comment | Index_comment |
+---------+------------+----------+--------------+--------------+-----------+-------------+----------+--------+------+------------+---------+---------------+
| tempvod |          1 | idxtvod1 |            1 | device       | A         |        6441 |     NULL | NULL   | YES  | BTREE      |         |               |
| tempvod |          1 | idxtvod2 |            1 | sessionstart | A         |        6441 |     NULL | NULL   | YES  | BTREE      |         |               |
+---------+------------+----------+--------------+--------------+-----------+-------------+----------+--------+------+------------+---------+---------------+
2 rows in set (0.00 sec)

Query OK, 6358 rows affected (7.24 sec)
Records: 6358  Duplicates: 0  Warnings: 0

Query OK, 0 rows affected (0.03 sec)

Query OK, 649676 rows affected (1 min 9.88 sec)
Records: 649676  Duplicates: 0  Warnings: 0

+--------------+
| rep_vodstats |
+--------------+
|       649676 |
+--------------+
1 row in set (0.22 sec)

Database changed
Query OK, 0 rows affected (0.01 sec)

Query OK, 13411 rows affected (7 min 16.15 sec)
Records: 13411  Duplicates: 0  Warnings: 0

+--------+------------+----------+--------------+--------------+-----------+-------------+----------+--------+------+------------+---------+---------------+
| Table  | Non_unique | Key_name | Seq_in_index | Column_name  | Collation | Cardinality | Sub_part | Packed | Null | Index_type | Comment | Index_comment |
+--------+------------+----------+--------------+--------------+-----------+-------------+----------+--------+------+------------+---------+---------------+
| tempts |          1 | idxtts1  |            1 | device       | A         |       13526 |     NULL | NULL   | YES  | BTREE      |         |               |
| tempts |          1 | idxtts2  |            1 | sessionstart | A         |       13526 |     NULL | NULL   | YES  | BTREE      |         |               |
+--------+------------+----------+--------------+--------------+-----------+-------------+----------+--------+------+------------+---------+---------------+
2 rows in set (0.00 sec)

Query OK, 13407 rows affected (21.69 sec)
Records: 13407  Duplicates: 0  Warnings: 0

Query OK, 0 rows affected (0.04 sec)

Query OK, 34030 rows affected (6 min 39.62 sec)
Records: 34030  Duplicates: 0  Warnings: 0

+-------------+
| rep_tsstats |
+-------------+
|       34030 |
+-------------+
1 row in set (0.01 sec)

mysql> mysql \. C:\workspace\cloud\code\sql\_DailyScript\currenttime.sql
+---------------------+
| currenttime         |
+---------------------+
| 2020-05-18 08:34:50 |
+---------------------+
1 row in set (0.00 sec)

mysql> 
mysql> mysql \. C:\workspace\cloud\code\sql\_DailyScript\DAILY-SCRIPT-RADIO-STATS.sql
Database changed
Query OK, 0 rows affected (0.14 sec)

Query OK, 260366 rows affected (9.61 sec)
Records: 260366  Duplicates: 0  Warnings: 0

+-----------+------------+----------+--------------+--------------+-----------+-------------+----------+--------+------+------------+---------+---------------+
| Table     | Non_unique | Key_name | Seq_in_index | Column_name  | Collation | Cardinality | Sub_part | Packed | Null | Index_type | Comment | Index_comment |
+-----------+------------+----------+--------------+--------------+-----------+-------------+----------+--------+------+------------+---------+---------------+
| tempradio |          1 | idxtrad1 |            1 | device       | A         |      260699 |     NULL | NULL   | YES  | BTREE      |         |               |
| tempradio |          1 | idxtrad2 |            1 | sessionstart | A         |      260699 |     NULL | NULL   | YES  | BTREE      |         |               |
+-----------+------------+----------+--------------+--------------+-----------+-------------+----------+--------+------+------------+---------+---------------+
2 rows in set (0.00 sec)

Query OK, 464 rows affected (10.65 sec)
Records: 464  Duplicates: 0  Warnings: 0

Query OK, 0 rows affected (0.01 sec)

Query OK, 4617 rows affected (0.83 sec)
Records: 4617  Duplicates: 0  Warnings: 0

+----------------+
| rep_radiostats |
+----------------+
|           4617 |
+----------------+
1 row in set (0.00 sec)

mysql> mysql \. C:\workspace\cloud\code\sql\_DailyScript\currenttime.sql
+---------------------+
| currenttime         |
+---------------------+
| 2020-05-18 08:35:11 |
+---------------------+
1 row in set (0.00 sec)

mysql> 
mysql> mysql \. C:\workspace\cloud\code\sql\_DailyScript\DAILY_SCRIPT_TELEMETRY_PIVOT_2020.sql
Query OK, 0 rows affected (0.02 sec)

Query OK, 144 rows affected (0.15 sec)
Records: 144  Duplicates: 0  Warnings: 0

Query OK, 0 rows affected (0.01 sec)

Query OK, 9510 rows affected (3.78 sec)
Records: 9510  Duplicates: 0  Warnings: 0

Query OK, 0 rows affected (0.01 sec)

Query OK, 8 rows affected (0.17 sec)
Records: 8  Duplicates: 0  Warnings: 0

Query OK, 0 rows affected (0.00 sec)

Query OK, 47 rows affected (0.08 sec)
Records: 47  Duplicates: 0  Warnings: 0

mysql> mysql \. C:\workspace\cloud\code\sql\_DailyScript\currenttime.sql
+---------------------+
| currenttime         |
+---------------------+
| 2020-05-18 08:35:15 |
+---------------------+
1 row in set (0.00 sec)

mysql> 
mysql> mysql \. C:\workspace\cloud\code\sql\_DailyScript\telemetry_livetv_ranking2020.sql
Query OK, 0 rows affected (0.00 sec)

Query OK, 144 rows affected (0.01 sec)
Records: 144  Duplicates: 0  Warnings: 0

mysql> mysql \. C:\workspace\cloud\code\sql\_DailyScript\currenttime.sql
+---------------------+
| currenttime         |
+---------------------+
| 2020-05-18 08:35:15 |
+---------------------+
1 row in set (0.00 sec)

mysql> 
mysql> mysql \. C:\workspace\cloud\code\sql\_DailyScript\telemetry_radio_ranking2020.sql
Query OK, 0 rows affected (0.00 sec)

Query OK, 8 rows affected (0.03 sec)
Records: 8  Duplicates: 0  Warnings: 0

mysql> mysql \. C:\workspace\cloud\code\sql\_DailyScript\currenttime.sql
+---------------------+
| currenttime         |
+---------------------+
| 2020-05-18 08:35:15 |
+---------------------+
1 row in set (0.00 sec)

mysql> 
mysql> mysql \. C:\workspace\cloud\code\sql\_DailyScript\telemetry_ts_ranking2020.sql
Query OK, 0 rows affected (0.00 sec)

Query OK, 47 rows affected (0.13 sec)
Records: 47  Duplicates: 0  Warnings: 0

mysql> mysql \. C:\workspace\cloud\code\sql\_DailyScript\currenttime.sql
+---------------------+
| currenttime         |
+---------------------+
| 2020-05-18 08:35:16 |
+---------------------+
1 row in set (0.00 sec)

mysql> 
mysql> mysql \. C:\workspace\cloud\code\sql\_DailyScript\telemetry_vod_ranking2020.sql
Query OK, 0 rows affected (0.00 sec)

Query OK, 9510 rows affected (0.72 sec)
Records: 9510  Duplicates: 0  Warnings: 0

mysql> mysql \. C:\workspace\cloud\code\sql\_DailyScript\currenttime.sql
+---------------------+
| currenttime         |
+---------------------+
| 2020-05-18 08:35:16 |
+---------------------+
1 row in set (0.00 sec)

mysql> 
mysql> mysql \. C:\workspace\cloud\code\sql\_DailyScript\telemetry_vod_ranking2020_1.sql
Query OK, 0 rows affected (0.01 sec)

Query OK, 9510 rows affected (0.41 sec)
Records: 9510  Duplicates: 0  Warnings: 0

mysql> mysql \. C:\workspace\cloud\code\sql\_DailyScript\currenttime.sql
+---------------------+
| currenttime         |
+---------------------+
| 2020-05-18 08:35:17 |
+---------------------+
1 row in set (0.00 sec)

mysql> 
mysql> mysql \. C:\workspace\cloud\code\sql\_DailyScript\telemetry_vod_ranking2020_2.sql
Query OK, 0 rows affected (0.01 sec)

Query OK, 9510 rows affected (0.65 sec)
Records: 9510  Duplicates: 0  Warnings: 0

mysql> mysql \. C:\workspace\cloud\code\sql\_DailyScript\currenttime.sql
+---------------------+
| currenttime         |
+---------------------+
| 2020-05-18 08:35:17 |
+---------------------+
1 row in set (0.00 sec)

mysql> 
mysql> mysql \. C:\workspace\cloud\code\sql\_DailyScript\DAILY-SCRIPT-CREATE-LOAD.sql
Database changed
Database changed
Query OK, 0 rows affected (0.26 sec)

Query OK, 0 rows affected (0.01 sec)

Database changed
Query OK, 66505 rows affected (6.47 sec)
Records: 66505  Deleted: 0  Skipped: 0  Warnings: 0

Query OK, 0 rows affected (3.28 sec)
Records: 0  Duplicates: 0  Warnings: 0

Query OK, 0 rows affected (0.92 sec)
Records: 0  Duplicates: 0  Warnings: 0

Query OK, 0 rows affected (0.50 sec)
Records: 0  Duplicates: 0  Warnings: 0

Query OK, 0 rows affected (0.29 sec)
Records: 0  Duplicates: 0  Warnings: 0

+---------+
| clients |
+---------+
|   66505 |
+---------+
1 row in set (0.03 sec)

Query OK, 0 rows affected (0.29 sec)

Query OK, 9386 rows affected (7.82 sec)
Records: 9386  Duplicates: 0  Warnings: 0

Query OK, 0 rows affected (0.07 sec)
Records: 0  Duplicates: 0  Warnings: 0

+-------------------+
| rcb_clientparcels |
+-------------------+
|              9386 |
+-------------------+
1 row in set (0.01 sec)

Query OK, 0 rows affected (0.16 sec)

Query OK, 80680 rows affected (4.42 sec)
Records: 80680  Duplicates: 0  Warnings: 0

Query OK, 0 rows affected (0.65 sec)
Records: 0  Duplicates: 0  Warnings: 0

Query OK, 0 rows affected (0.14 sec)

Query OK, 66505 rows affected (21.84 sec)
Records: 66505  Duplicates: 0  Warnings: 0

Query OK, 0 rows affected (0.40 sec)
Records: 0  Duplicates: 0  Warnings: 0

Query OK, 0 rows affected (0.33 sec)
Records: 0  Duplicates: 0  Warnings: 0

Query OK, 0 rows affected (0.23 sec)
Records: 0  Duplicates: 0  Warnings: 0

+---------------+
| clientaddress |
+---------------+
|         66505 |
+---------------+
1 row in set (0.03 sec)

Database changed
Query OK, 0 rows affected (0.03 sec)

Query OK, 0 rows affected (0.01 sec)

Database changed
Query OK, 513019 rows affected, 65535 warnings (21.57 sec)
Records: 513019  Deleted: 0  Skipped: 0  Warnings: 207010

Query OK, 0 rows affected (8.97 sec)
Records: 0  Duplicates: 0  Warnings: 0

Query OK, 0 rows affected (4.11 sec)
Records: 0  Duplicates: 0  Warnings: 0

Query OK, 0 rows affected (2.75 sec)
Records: 0  Duplicates: 0  Warnings: 0

Query OK, 0 rows affected (0.02 sec)

Query OK, 513019 rows affected (1 min 1.48 sec)
Records: 513019  Duplicates: 0  Warnings: 0

Query OK, 0 rows affected (2.27 sec)
Records: 0  Duplicates: 0  Warnings: 0

Query OK, 0 rows affected (2.02 sec)
Records: 0  Duplicates: 0  Warnings: 0

+-----------+
| contracts |
+-----------+
|    513019 |
+-----------+
1 row in set (0.24 sec)

+-----------------+
| contractaddress |
+-----------------+
|          513019 |
+-----------------+
1 row in set (0.19 sec)

Database changed
Query OK, 0 rows affected (0.01 sec)

Query OK, 0 rows affected (0.01 sec)

Query OK, 7372 rows affected (0.16 sec)
Records: 7372  Deleted: 0  Skipped: 0  Warnings: 0

Query OK, 0 rows affected (0.01 sec)

Query OK, 7341 rows affected (3.37 sec)
Records: 7341  Duplicates: 0  Warnings: 0

Query OK, 0 rows affected (0.14 sec)
Records: 0  Duplicates: 0  Warnings: 0

Query OK, 0 rows affected (0.04 sec)

Query OK, 5680 rows affected (0.09 sec)
Records: 5680  Duplicates: 0  Warnings: 0

Query OK, 0 rows affected (0.10 sec)
Records: 0  Duplicates: 0  Warnings: 0

+-------------------+
| contractdiscounts |
+-------------------+
|              7372 |
+-------------------+
1 row in set (0.01 sec)

+-------------------------+
| clientcontractdiscounts |
+-------------------------+
|                    7341 |
+-------------------------+
1 row in set (0.00 sec)

+----------------------------+
| clientcontractlastdiscount |
+----------------------------+
|                       5680 |
+----------------------------+
1 row in set (0.00 sec)

Database changed
Query OK, 0 rows affected (0.27 sec)

Query OK, 0 rows affected (0.01 sec)

Database changed
Query OK, 136593 rows affected, 4 warnings (5.77 sec)
Records: 136593  Deleted: 0  Skipped: 0  Warnings: 4

Query OK, 0 rows affected (0.57 sec)
Records: 0  Duplicates: 0  Warnings: 0

Query OK, 0 rows affected (0.57 sec)
Records: 0  Duplicates: 0  Warnings: 0

Query OK, 0 rows affected (0.43 sec)
Records: 0  Duplicates: 0  Warnings: 0

Query OK, 0 rows affected (0.76 sec)
Records: 0  Duplicates: 0  Warnings: 0

Query OK, 0 rows affected (0.47 sec)
Records: 0  Duplicates: 0  Warnings: 0

Query OK, 0 rows affected (0.76 sec)
Records: 0  Duplicates: 0  Warnings: 0

Query OK, 0 rows affected (0.82 sec)

Query OK, 1747979 rows affected (7 min 23.52 sec)
Records: 1747979  Duplicates: 0  Warnings: 0

Query OK, 0 rows affected (9.37 sec)
Records: 0  Duplicates: 0  Warnings: 0

+---------+
| devices |
+---------+
|  136593 |
+---------+
1 row in set (0.06 sec)

+-----------------------+
| clientcontractdevices |
+-----------------------+
|               1747979 |
+-----------------------+
1 row in set (0.88 sec)

Query OK, 0 rows affected (0.32 sec)

Query OK, 136572 rows affected (10.65 sec)
Records: 136572  Duplicates: 0  Warnings: 0

+---------------------------+
| rep_clientcontractdevices |
+---------------------------+
|                    136572 |
+---------------------------+
1 row in set (0.05 sec)

Database changed
Query OK, 0 rows affected (0.08 sec)

Query OK, 0 rows affected (0.00 sec)

Query OK, 283884 rows affected (10.53 sec)
Records: 283884  Deleted: 0  Skipped: 0  Warnings: 0

Query OK, 0 rows affected (0.88 sec)
Records: 0  Duplicates: 0  Warnings: 0

Query OK, 0 rows affected (0.85 sec)
Records: 0  Duplicates: 0  Warnings: 0

Query OK, 0 rows affected (0.90 sec)
Records: 0  Duplicates: 0  Warnings: 0

Query OK, 0 rows affected (0.69 sec)
Records: 0  Duplicates: 0  Warnings: 0

+---------+
| tickets |
+---------+
|  283884 |
+---------+
1 row in set (0.11 sec)

Database changed
Query OK, 0 rows affected (0.01 sec)

Query OK, 0 rows affected (0.02 sec)

Empty set (0.00 sec)

Query OK, 0 rows affected (0.01 sec)
Records: 0  Duplicates: 0  Warnings: 0

Query OK, 354 rows affected, 2 warnings (0.04 sec)
Records: 354  Deleted: 0  Skipped: 0  Warnings: 2

+-----------------+
| tickettechusers |
+-----------------+
|             354 |
+-----------------+
1 row in set (0.00 sec)

Database changed
Query OK, 0 rows affected (0.07 sec)

Query OK, 0 rows affected (0.00 sec)

Query OK, 0 rows affected (0.01 sec)
Records: 0  Duplicates: 0  Warnings: 0

Query OK, 614238 rows affected, 45603 warnings (14.09 sec)
Records: 614238  Deleted: 0  Skipped: 0  Warnings: 45603

+-------------------+
| ticketassignments |
+-------------------+
|            614238 |
+-------------------+
1 row in set (0.23 sec)

Database changed
Query OK, 0 rows affected (0.28 sec)

Query OK, 0 rows affected (0.01 sec)

Query OK, 1253200 rows affected (23.55 sec)
Records: 1253200  Deleted: 0  Skipped: 0  Warnings: 0

Query OK, 0 rows affected (6.79 sec)
Records: 0  Duplicates: 0  Warnings: 0

Query OK, 0 rows affected (4.30 sec)
Records: 0  Duplicates: 0  Warnings: 0

Query OK, 0 rows affected (5.29 sec)
Records: 0  Duplicates: 0  Warnings: 0

Query OK, 0 rows affected (4.32 sec)
Records: 0  Duplicates: 0  Warnings: 0

+----------------+
| ticketcomments |
+----------------+
|        1253200 |
+----------------+
1 row in set (0.49 sec)

Database changed
Query OK, 0 rows affected (0.04 sec)

Query OK, 0 rows affected (0.01 sec)

Query OK, 446608 rows affected (54.36 sec)
Records: 446608  Deleted: 0  Skipped: 0  Warnings: 0

Query OK, 0 rows affected (3.57 sec)
Records: 0  Duplicates: 0  Warnings: 0

+----------+
| comments |
+----------+
|   446608 |
+----------+
1 row in set (0.17 sec)

Database changed
Query OK, 0 rows affected (0.07 sec)

Query OK, 0 rows affected (0.01 sec)

Query OK, 1249408 rows affected, 65535 warnings (1 min 10.55 sec)
Records: 1249408  Deleted: 0  Skipped: 0  Warnings: 1249424

Query OK, 0 rows affected (11.25 sec)
Records: 0  Duplicates: 0  Warnings: 0

Query OK, 0 rows affected (4.70 sec)
Records: 0  Duplicates: 0  Warnings: 0

Query OK, 0 rows affected (4.45 sec)
Records: 0  Duplicates: 0  Warnings: 0

Query OK, 0 rows affected (4.21 sec)
Records: 0  Duplicates: 0  Warnings: 0

Query OK, 0 rows affected (6.37 sec)
Records: 0  Duplicates: 0  Warnings: 0

+------------+
| devicesold |
+------------+
|    1249408 |
+------------+
1 row in set (0.48 sec)

Database changed
Query OK, 0 rows affected (0.05 sec)

Query OK, 0 rows affected (0.01 sec)

Query OK, 1741212 rows affected (34.89 sec)
Records: 1741212  Deleted: 0  Skipped: 0  Warnings: 0

Query OK, 0 rows affected (13.88 sec)
Records: 0  Duplicates: 0  Warnings: 0

Query OK, 0 rows affected (9.78 sec)
Records: 0  Duplicates: 0  Warnings: 0

Query OK, 0 rows affected (7.93 sec)
Records: 0  Duplicates: 0  Warnings: 0

+------------------+
| contractservices |
+------------------+
|          1741212 |
+------------------+
1 row in set (0.72 sec)

Database changed
Query OK, 0 rows affected (0.11 sec)

Query OK, 0 rows affected (0.00 sec)

Query OK, 4106583 rows affected (3 min 3.22 sec)
Records: 4106583  Deleted: 0  Skipped: 0  Warnings: 0

Query OK, 0 rows affected (24.88 sec)
Records: 0  Duplicates: 0  Warnings: 0

Query OK, 0 rows affected (19.96 sec)
Records: 0  Duplicates: 0  Warnings: 0

Query OK, 0 rows affected (19.14 sec)
Records: 0  Duplicates: 0  Warnings: 0

Query OK, 0 rows affected (23.61 sec)
Records: 0  Duplicates: 0  Warnings: 0

+------------------+
| invoicescontents |
+------------------+
|          4106583 |
+------------------+
1 row in set (2.73 sec)

Database changed
Query OK, 0 rows affected (0.33 sec)

Query OK, 0 rows affected (0.02 sec)

Query OK, 2875152 rows affected (4 min 58.01 sec)
Records: 2875152  Deleted: 0  Skipped: 0  Warnings: 0

Query OK, 0 rows affected (22.91 sec)
Records: 0  Duplicates: 0  Warnings: 0

Query OK, 0 rows affected (20.75 sec)
Records: 0  Duplicates: 0  Warnings: 0

Query OK, 0 rows affected (20.90 sec)
Records: 0  Duplicates: 0  Warnings: 0

Query OK, 0 rows affected (17.76 sec)
Records: 0  Duplicates: 0  Warnings: 0

Query OK, 0 rows affected (18.43 sec)
Records: 0  Duplicates: 0  Warnings: 0

+----------------+
| invoicesheader |
+----------------+
|        2875152 |
+----------------+
1 row in set (1.20 sec)

Database changed
Query OK, 0 rows affected (0.23 sec)

Query OK, 0 rows affected (0.03 sec)

Query OK, 2938851 rows affected (2 min 11.33 sec)
Records: 2938851  Deleted: 0  Skipped: 0  Warnings: 0

Query OK, 0 rows affected (17.87 sec)
Records: 0  Duplicates: 0  Warnings: 0

Query OK, 0 rows affected (15.52 sec)
Records: 0  Duplicates: 0  Warnings: 0

Query OK, 0 rows affected (14.61 sec)
Records: 0  Duplicates: 0  Warnings: 0

Query OK, 0 rows affected (10.16 sec)
Records: 0  Duplicates: 0  Warnings: 0

+---------+
| casa    |
+---------+
| 2938851 |
+---------+
1 row in set (1.27 sec)

Query OK, 0 rows affected (0.02 sec)

Query OK, 14158 rows affected (1 min 47.05 sec)
Records: 14158  Duplicates: 0  Warnings: 0

+--------------------+
| rep_paycol_channel |
+--------------------+
|              14158 |
+--------------------+
1 row in set (0.01 sec)

Query OK, 0 rows affected (0.02 sec)

Query OK, 10188 rows affected (2 min 5.22 sec)
Records: 10188  Duplicates: 0  Warnings: 0

+----------------+
| rep_paycol_pos |
+----------------+
|          10188 |
+----------------+
1 row in set (0.01 sec)

Database changed
Query OK, 0 rows affected (0.05 sec)

Query OK, 0 rows affected (0.01 sec)

Database changed
Query OK, 39169 rows affected (1.12 sec)
Records: 39169  Deleted: 0  Skipped: 0  Warnings: 0

+-------+
| users |
+-------+
| 39169 |
+-------+
1 row in set (0.03 sec)

Query OK, 0 rows affected (0.19 sec)
Records: 0  Duplicates: 0  Warnings: 0

Database changed
Query OK, 0 rows affected (0.15 sec)

Query OK, 0 rows affected (0.02 sec)

Query OK, 1872898 rows affected, 2 warnings (47.93 sec)
Records: 1872898  Deleted: 0  Skipped: 0  Warnings: 2

Query OK, 0 rows affected (15.10 sec)
Records: 0  Duplicates: 0  Warnings: 0

Query OK, 0 rows affected (9.54 sec)
Records: 0  Duplicates: 0  Warnings: 0

Query OK, 0 rows affected (7.52 sec)
Records: 0  Duplicates: 0  Warnings: 0

Query OK, 0 rows affected (8.31 sec)
Records: 0  Duplicates: 0  Warnings: 0

Query OK, 0 rows affected (7.44 sec)
Records: 0  Duplicates: 0  Warnings: 0

+-------------+
| useractions |
+-------------+
|     1872898 |
+-------------+
1 row in set (0.78 sec)

Database changed
Query OK, 0 rows affected (0.17 sec)

Query OK, 0 rows affected (0.01 sec)

Database changed
Query OK, 18330068 rows affected (5 min 40.79 sec)
Records: 18330068  Deleted: 0  Skipped: 0  Warnings: 0

Query OK, 0 rows affected (1 min 32.57 sec)
Records: 0  Duplicates: 0  Warnings: 0

Query OK, 0 rows affected (1 min 32.75 sec)
Records: 0  Duplicates: 0  Warnings: 0

Query OK, 0 rows affected (1 min 32.42 sec)
Records: 0  Duplicates: 0  Warnings: 0

Query OK, 0 rows affected (1 min 28.53 sec)
Records: 0  Duplicates: 0  Warnings: 0

Query OK, 0 rows affected (1 min 44.06 sec)
Records: 0  Duplicates: 0  Warnings: 0

+----------+
| ipusage1 |
+----------+
| 18330068 |
+----------+
1 row in set (12.90 sec)

Query OK, 0 rows affected (0.97 sec)

Query OK, 18506326 rows affected, 65535 warnings (13 min 42.07 sec)
Records: 18506326  Duplicates: 0  Warnings: 18501320

Query OK, 0 rows affected (1 min 31.12 sec)
Records: 0  Duplicates: 0  Warnings: 0

Query OK, 0 rows affected (1 min 34.62 sec)
Records: 0  Duplicates: 0  Warnings: 0

Query OK, 0 rows affected (1 min 28.91 sec)
Records: 0  Duplicates: 0  Warnings: 0

Query OK, 0 rows affected (1 min 21.17 sec)
Records: 0  Duplicates: 0  Warnings: 0

Query OK, 0 rows affected (2 min 22.57 sec)
Records: 0  Duplicates: 0  Warnings: 0

Query OK, 0 rows affected (2 min 33.99 sec)
Records: 0  Duplicates: 0  Warnings: 0

Query OK, 0 rows affected (3 min 2.47 sec)
Records: 0  Duplicates: 0  Warnings: 0

+----------+
| ipusage  |
+----------+
| 18506326 |
+----------+
1 row in set (13.67 sec)

Query OK, 0 rows affected (0.29 sec)

Query OK, 4567793 rows affected (5 min 50.91 sec)
Records: 4567793  Duplicates: 0  Warnings: 0

Query OK, 0 rows affected (22.12 sec)
Records: 0  Duplicates: 0  Warnings: 0

Query OK, 0 rows affected (17.84 sec)
Records: 0  Duplicates: 0  Warnings: 0

Query OK, 0 rows affected (25.19 sec)
Records: 0  Duplicates: 0  Warnings: 0

Query OK, 0 rows affected (30.46 sec)
Records: 0  Duplicates: 0  Warnings: 0

Query OK, 0 rows affected (17.43 sec)
Records: 0  Duplicates: 0  Warnings: 0

Query OK, 0 rows affected (0.24 sec)

Query OK, 382815 rows affected (48.09 sec)
Records: 382815  Duplicates: 0  Warnings: 0

Query OK, 0 rows affected (1.64 sec)
Records: 0  Duplicates: 0  Warnings: 0

Query OK, 0 rows affected (1.52 sec)
Records: 0  Duplicates: 0  Warnings: 0

Query OK, 0 rows affected (1.74 sec)
Records: 0  Duplicates: 0  Warnings: 0

Query OK, 0 rows affected (1.30 sec)
Records: 0  Duplicates: 0  Warnings: 0

Query OK, 0 rows affected (0.97 sec)
Records: 0  Duplicates: 0  Warnings: 0

Query OK, 0 rows affected (1.17 sec)
Records: 0  Duplicates: 0  Warnings: 0

Query OK, 0 rows affected (1.27 sec)
Records: 0  Duplicates: 0  Warnings: 0

Query OK, 0 rows affected (0.79 sec)

Query OK, 1741006 rows affected (2 min 4.89 sec)
Records: 1741006  Duplicates: 0  Warnings: 0

Query OK, 0 rows affected (10.64 sec)
Records: 0  Duplicates: 0  Warnings: 0

Query OK, 0 rows affected (4.31 sec)
Records: 0  Duplicates: 0  Warnings: 0

Query OK, 0 rows affected (8.44 sec)
Records: 0  Duplicates: 0  Warnings: 0

mysql> mysql \. C:\workspace\cloud\code\sql\_DailyScript\currenttime.sql
+---------------------+
| currenttime         |
+---------------------+
| 2020-05-18 10:03:32 |
+---------------------+
1 row in set (0.00 sec)

mysql> 
mysql> mysql \. C:\workspace\cloud\code\sql\_DailyScript\ticket_analysis.sql
Database changed
Query OK, 0 rows affected (0.40 sec)

Query OK, 614170 rows affected (47.39 sec)
Records: 614170  Duplicates: 0  Warnings: 0

Query OK, 0 rows affected (7.02 sec)
Records: 0  Duplicates: 0  Warnings: 0

Query OK, 0 rows affected (2.06 sec)
Records: 0  Duplicates: 0  Warnings: 0

Query OK, 0 rows affected (2.08 sec)
Records: 0  Duplicates: 0  Warnings: 0

Query OK, 0 rows affected (0.10 sec)

Query OK, 20052 rows affected (14.77 sec)
Records: 20052  Duplicates: 0  Warnings: 0

Query OK, 0 rows affected, 1 warning (0.00 sec)

Query OK, 86417 rows affected (8.54 sec)
Records: 86417  Duplicates: 0  Warnings: 0

Query OK, 0 rows affected, 1 warning (0.00 sec)

Query OK, 444334 rows affected (16.44 sec)
Records: 444334  Duplicates: 0  Warnings: 0

Query OK, 0 rows affected, 1 warning (0.00 sec)

Query OK, 444334 rows affected (16.93 sec)
Records: 444334  Duplicates: 0  Warnings: 0

Query OK, 0 rows affected (0.19 sec)

Query OK, 86486 rows affected (7.36 sec)
Records: 86486  Duplicates: 0  Warnings: 0

Database changed
Query OK, 0 rows affected (0.00 sec)

Query OK, 0 rows affected (0.20 sec)

Query OK, 614170 rows affected (28.84 sec)
Records: 614170  Duplicates: 0  Warnings: 0

Query OK, 0 rows affected (0.10 sec)

Query OK, 306790 rows affected (27.65 sec)
Records: 306790  Duplicates: 0  Warnings: 0

+--------------------------+
| clientticket_cmmtjourney |
+--------------------------+
|                   614170 |
+--------------------------+
1 row in set (5.43 sec)

+---------------------------+
| clientticket_assgnjourney |
+---------------------------+
|                    306790 |
+---------------------------+
1 row in set (0.45 sec)

Query OK, 0 rows affected (0.01 sec)

Query OK, 74 rows affected (0.17 sec)
Records: 74  Duplicates: 0  Warnings: 0

mysql> mysql \. C:\workspace\cloud\code\sql\_DailyScript\currenttime.sql
+---------------------+
| currenttime         |
+---------------------+
| 2020-05-18 10:06:39 |
+---------------------+
1 row in set (0.00 sec)

mysql> 
mysql> mysql \. C:\workspace\cloud\code\sql\_DailyScript\load_DailyCalls.sql
Database changed
Query OK, 267 rows affected (0.55 sec)
Records: 267  Deleted: 0  Skipped: 0  Warnings: 0

Query OK, 0 rows affected, 1 warning (0.00 sec)

Query OK, 259 rows affected (0.25 sec)
Records: 259  Duplicates: 0  Warnings: 0

Query OK, 0 rows affected, 1 warning (0.00 sec)

Query OK, 66763 rows affected (0.72 sec)
Records: 66763  Duplicates: 0  Warnings: 0

+----------------------+
| callingclientsbefore |
+----------------------+
|               924430 |
+----------------------+
1 row in set (2.79 sec)

Query OK, 309 rows affected (7.99 sec)
Records: 309  Duplicates: 0  Warnings: 0

+---------------------+
| callingclientsafter |
+---------------------+
|              924739 |
+---------------------+
1 row in set (0.34 sec)

Query OK, 0 rows affected (0.03 sec)

Query OK, 189 rows affected (29.92 sec)
Records: 189  Duplicates: 0  Warnings: 0

Query OK, 0 rows affected (0.00 sec)

Query OK, 18513 rows affected (3.96 sec)
Records: 18513  Duplicates: 0  Warnings: 0

+-----------+
| callstats |
+-----------+
|     18513 |
+-----------+
1 row in set (0.01 sec)

Query OK, 0 rows affected, 1 warning (0.00 sec)

Query OK, 309 rows affected (15.43 sec)
Records: 309  Duplicates: 0  Warnings: 0

+------------------------+
| rep_cccallreportbefore |
+------------------------+
|                 928984 |
+------------------------+
1 row in set (0.45 sec)

Query OK, 309 rows affected (0.46 sec)
Records: 309  Duplicates: 0  Warnings: 0

+-----------------------+
| rep_cccallreportafter |
+-----------------------+
|                929293 |
+-----------------------+
1 row in set (0.38 sec)

Query OK, 0 rows affected (0.00 sec)

mysql> mysql \. C:\workspace\cloud\code\sql\_DailyScript\currenttime.sql
+---------------------+
| currenttime         |
+---------------------+
| 2020-05-18 10:07:42 |
+---------------------+
1 row in set (0.00 sec)

mysql> 
mysql> mysql \. C:\workspace\cloud\code\sql\_DailyScript\DAILY-SCRIPT-USAGE.sql
Database changed
Query OK, 0 rows affected (0.00 sec)

Query OK, 8035 rows affected, 23244 warnings (3.75 sec)
Records: 8035  Deleted: 0  Skipped: 0  Warnings: 23244

Query OK, 0 rows affected (0.00 sec)

Query OK, 12916 rows affected, 37398 warnings (5.89 sec)
Records: 12916  Deleted: 0  Skipped: 0  Warnings: 37398

Query OK, 0 rows affected (0.00 sec)

Query OK, 353 rows affected, 1255 warnings (0.06 sec)
Records: 353  Deleted: 0  Skipped: 0  Warnings: 1255

Query OK, 0 rows affected (0.00 sec)

Query OK, 192 rows affected, 656 warnings (0.04 sec)
Records: 192  Deleted: 0  Skipped: 0  Warnings: 656

+------------+
| dailyusage |
+------------+
|   12287011 |
+------------+
1 row in set (41.65 sec)

+------------+------------+------------+---------+
| datestart  | dateend    | insertedon | records |
+------------+------------+------------+---------+
| 2020-05-17 | 2020-05-17 | 2020-05-18 |   21496 |
| 2020-05-16 | 2020-05-16 | 2020-05-17 |   21551 |
| 2020-05-15 | 2020-05-15 | 2020-05-16 |   22503 |
| 2020-05-14 | 2020-05-14 | 2020-05-15 |   22997 |
| 2020-05-13 | 2020-05-13 | 2020-05-14 |   22213 |
+------------+------------+------------+---------+
5 rows in set (5 min 33.31 sec)

mysql> mysql \. C:\workspace\cloud\code\sql\_DailyScript\currenttime.sql
+---------------------+
| currenttime         |
+---------------------+
| 2020-05-18 10:14:07 |
+---------------------+
1 row in set (0.00 sec)

mysql> 
mysql> mysql \. C:\workspace\cloud\code\sql\_DailyScript\DAILY-SCRIPT-SALES-TELEMETRY.sql
Database changed
Query OK, 15 rows affected (0.08 sec)
Records: 15  Deleted: 0  Skipped: 0  Warnings: 0

+------------+
| dailysales |
+------------+
|     195240 |
+------------+
1 row in set (0.70 sec)

Query OK, 0 rows affected (0.02 sec)

Query OK, 195240 rows affected (25.82 sec)
Records: 195240  Duplicates: 0  Warnings: 0

+--------+
| sales  |
+--------+
| 195240 |
+--------+
1 row in set (0.10 sec)

Query OK, 0 rows affected (0.02 sec)

Query OK, 3139 rows affected (0.42 sec)
Records: 3139  Duplicates: 0  Warnings: 0

+----------------+
| rep_dailysales |
+----------------+
|           3139 |
+----------------+
1 row in set (0.00 sec)

Query OK, 0 rows affected (0.00 sec)

Query OK, 3139 rows affected (0.75 sec)
Records: 3139  Duplicates: 0  Warnings: 0

+-------------------+
| rep_dailysalesreg |
+-------------------+
|              3139 |
+-------------------+
1 row in set (0.00 sec)

Query OK, 0 rows affected (0.00 sec)

Query OK, 2723 rows affected (0.91 sec)
Records: 2723  Duplicates: 0  Warnings: 0

+-----------+
| saleslist |
+-----------+
|      2723 |
+-----------+
1 row in set (0.00 sec)

Database changed
ERROR 2 (HY000): File 'C:\ProgramData\MySQL\MySQL Server 5.7\Uploads\_csv\PrepaidCardSales-17052020-P1.csv' not found (Errcode: 2 - No such file or directory)
+------------------+
| dailysinglesales |
+------------------+
|             6266 |
+------------------+
1 row in set (0.11 sec)

Database changed
Query OK, 15 rows affected (0.10 sec)
Records: 15  Deleted: 0  Skipped: 0  Warnings: 0

+-----------------+
| dailyaddonsales |
+-----------------+
|           19435 |
+-----------------+
1 row in set (0.29 sec)

Query OK, 189 rows affected (0.57 sec)
Records: 189  Deleted: 0  Skipped: 0  Warnings: 0

+----------------+
| onlinepayments |
+----------------+
|          98747 |
+----------------+
1 row in set (0.27 sec)

+-------------+----------------+---------------------+
| paymentdate | onlinepayments | onlinepaymentamount |
+-------------+----------------+---------------------+
| 2020-05-17  |            189 |        112012.74000 |
| 2020-05-16  |            155 |        101620.31000 |
| 2020-05-15  |            140 |         95702.00000 |
| 2020-05-14  |            152 |         96027.95000 |
| 2020-05-13  |            152 |         90016.06000 |
+-------------+----------------+---------------------+
5 rows in set (5.50 sec)

+-------------+--------------+----------------+---------------------+
| paymentyear | paymentmonth | onlinepayments | onlinepaymentamount |
+-------------+--------------+----------------+---------------------+
|        2020 |            5 |           3302 |       2126040.34000 |
|        2020 |            4 |           7837 |       4979458.33000 |
|        2020 |            3 |           4932 |       3198124.05000 |
|        2020 |            2 |           3434 |       2334711.58000 |
|        2020 |            1 |           3598 |       2395112.36000 |
+-------------+--------------+----------------+---------------------+
5 rows in set (0.13 sec)

mysql> mysql \. C:\workspace\cloud\code\sql\_DailyScript\currenttime.sql
+---------------------+
| currenttime         |
+---------------------+
| 2020-05-18 10:14:43 |
+---------------------+
1 row in set (0.00 sec)

mysql> 
mysql> mysql \. C:\workspace\cloud\code\sql\_DailyScript\DAILY-SCRIPT-ACTIVENUMBERS.sql
Database changed
Query OK, 1154 rows affected (1.53 sec)
Records: 1154  Deleted: 0  Skipped: 0  Warnings: 0

+------------+----------+
| period     | count(1) |
+------------+----------+
| 2020-05-17 |     1154 |
| 2020-05-16 |     1154 |
| 2020-05-15 |     1154 |
| 2020-05-14 |     1153 |
| 2020-05-13 |     1154 |
+------------+----------+
5 rows in set (0.01 sec)

Query OK, 0 rows affected (0.11 sec)

Query OK, 80 rows affected (2.01 sec)
Records: 80  Duplicates: 0  Warnings: 0

+-------------+
| packagelist |
+-------------+
|          80 |
+-------------+
1 row in set (0.00 sec)

Database changed
Query OK, 0 rows affected (0.00 sec)

Query OK, 0 rows affected (0.00 sec)

Query OK, 0 rows affected (0.00 sec)

Query OK, 0 rows affected (0.00 sec)

Query OK, 27458 rows affected, 203 warnings (1 min 50.96 sec)
Records: 27458  Deleted: 0  Skipped: 0  Warnings: 203

+------------+----------+
| period     | count(1) |
+------------+----------+
| 2020-05-17 |    27458 |
| 2020-05-16 |    27668 |
| 2020-05-15 |    27715 |
| 2020-05-14 |    27714 |
| 2020-05-13 |    27776 |
+------------+----------+
5 rows in set (0.30 sec)

Query OK, 0 rows affected (0.03 sec)

Query OK, 26862 rows affected (6 min 26.10 sec)
Records: 26862  Duplicates: 0  Warnings: 0

Query OK, 0 rows affected (0.82 sec)
Records: 0  Duplicates: 0  Warnings: 0

Query OK, 0 rows affected (0.12 sec)
Records: 0  Duplicates: 0  Warnings: 0

Query OK, 0 rows affected (0.14 sec)
Records: 0  Duplicates: 0  Warnings: 0

Query OK, 0 rows affected (0.11 sec)
Records: 0  Duplicates: 0  Warnings: 0

Query OK, 0 rows affected (0.29 sec)
Records: 0  Duplicates: 0  Warnings: 0

Query OK, 0 rows affected (0.08 sec)
Records: 0  Duplicates: 0  Warnings: 0

+-------------+
| countbefore |
+-------------+
|    35904943 |
+-------------+
1 row in set (2 min 18.38 sec)

Query OK, 26862 rows affected (1 min 29.61 sec)
Records: 26862  Duplicates: 0  Warnings: 0

+------------+
| countafter |
+------------+
|   35931805 |
+------------+
1 row in set (40.65 sec)

+------------+--------------------------+
| period     | customercontractactivity |
+------------+--------------------------+
| 2020-05-17 |                    26862 |
| 2020-05-16 |                    27072 |
| 2020-05-15 |                    27117 |
| 2020-05-14 |                    27117 |
| 2020-05-13 |                    27180 |
+------------+--------------------------+
5 rows in set (0.12 sec)

Query OK, 0 rows affected (0.05 sec)

Query OK, 264574 rows affected (26 min 59.46 sec)
Records: 264574  Duplicates: 0  Warnings: 0

Query OK, 0 rows affected (1.30 sec)
Records: 0  Duplicates: 0  Warnings: 0

Query OK, 0 rows affected (1.44 sec)
Records: 0  Duplicates: 0  Warnings: 0

Query OK, 0 rows affected (1.67 sec)
Records: 0  Duplicates: 0  Warnings: 0

Query OK, 0 rows affected (0.16 sec)

Query OK, 180 rows affected (0.77 sec)
Records: 180  Duplicates: 0  Warnings: 0

Query OK, 0 rows affected (0.02 sec)

Query OK, 2541 rows affected (0.91 sec)
Records: 2541  Duplicates: 0  Warnings: 0

Query OK, 0 rows affected (0.05 sec)

Query OK, 26844 rows affected (0.80 sec)
Records: 26844  Duplicates: 0  Warnings: 0

Query OK, 0 rows affected (0.02 sec)

Query OK, 16933 rows affected (0.56 sec)
Records: 16933  Duplicates: 0  Warnings: 0

Query OK, 0 rows affected (0.03 sec)

Query OK, 16933 rows affected (0.23 sec)
Records: 16933  Duplicates: 0  Warnings: 0

Query OK, 0 rows affected (0.17 sec)

Query OK, 16933 rows affected (1.99 sec)
Records: 16933  Duplicates: 0  Warnings: 0

Query OK, 0 rows affected (0.05 sec)

Query OK, 16933 rows affected (59.43 sec)
Records: 16933  Duplicates: 0  Warnings: 0

+-------------+
| clientstats |
+-------------+
|       16933 |
+-------------+
1 row in set (0.01 sec)

Query OK, 0 rows affected (0.03 sec)

Query OK, 12 rows affected, 1 warning (0.21 sec)
Records: 12  Duplicates: 0  Warnings: 1

+-----------------------+-------------+-------------+----------------+-----------------+
| services              | activecount | allaccounts | uniqueaccounts | uniquecontracts |
+-----------------------+-------------+-------------+----------------+-----------------+
| All                   |         294 |          49 |             49 |             157 |
| Internet & Voice      |         397 |         180 |            180 |             352 |
| Internet Only         |        4307 |        4218 |           4215 |            4257 |
| OTT Only              |           2 |           2 |              2 |               2 |
| TV & Internet         |        9269 |        4147 |           4140 |            8423 |
| TV & Internet & OTT   |        2972 |         789 |            789 |            1624 |
| TV & Internet & Voice |         503 |         148 |            148 |             451 |
| TV & OTT              |         371 |          66 |             65 |              86 |
| TV & Voice            |          80 |          37 |             37 |              75 |
| TV Only               |        9242 |        7158 |           7150 |            7344 |
| Voice Only            |         140 |         139 |            139 |             140 |
| GRAND TOTAL           |       27577 |       16933 |          16868 |           22911 |
+-----------------------+-------------+-------------+----------------+-----------------+
12 rows in set (0.00 sec)

+-------------+-------------+-------------+----------------+-----------------+
| network     | activecount | allaccounts | uniqueaccounts | uniquecontracts |
+-------------+-------------+-------------+----------------+-----------------+
| ADDON       |          13 |           9 |              9 |               9 |
| GPON        |        8671 |        4338 |           4335 |            6786 |
| HFC         |       18893 |       12586 |          12586 |           16116 |
| GRAND TOTAL |       27577 |       16933 |          16868 |           22911 |
+-------------+-------------+-------------+----------------+-----------------+
4 rows in set, 1 warning (0.15 sec)

+-------------+-----------------------+-------------+-------------+----------------+-----------------+
| network     | services              | activecount | allaccounts | uniqueaccounts | uniquecontracts |
+-------------+-----------------------+-------------+-------------+----------------+-----------------+
| ADDON       | OTT Only              |           2 |           2 |              2 |               2 |
| ADDON       | TV & OTT              |           6 |           2 |              2 |               2 |
| ADDON       | TV Only               |           5 |           5 |              5 |               5 |
| ADDON       | Services Total        |          13 |           9 |              9 |               9 |
| GPON        | All                   |         156 |          26 |             26 |              83 |
| GPON        | Internet & Voice      |          72 |          30 |             30 |              62 |
| GPON        | Internet Only         |        1104 |        1033 |           1033 |            1057 |
| GPON        | TV & Internet         |        3645 |        1579 |           1579 |            3245 |
| GPON        | TV & Internet & OTT   |        1705 |         447 |            447 |             927 |
| GPON        | TV & Internet & Voice |         199 |          58 |             58 |             179 |
| GPON        | TV & OTT              |         123 |          26 |             26 |              32 |
| GPON        | TV & Voice            |          28 |          12 |             12 |              25 |
| GPON        | TV Only               |        1629 |        1117 |           1117 |            1166 |
| GPON        | Voice Only            |          10 |          10 |             10 |              10 |
| GPON        | Services Total        |        8671 |        4338 |           4335 |            6786 |
| HFC         | All                   |         138 |          23 |             23 |              74 |
| HFC         | Internet & Voice      |         325 |         150 |            150 |             290 |
| HFC         | Internet Only         |        3203 |        3185 |           3185 |            3200 |
| HFC         | TV & Internet         |        5624 |        2568 |           2568 |            5178 |
| HFC         | TV & Internet & OTT   |        1267 |         342 |            342 |             697 |
| HFC         | TV & Internet & Voice |         304 |          90 |             90 |             272 |
| HFC         | TV & OTT              |         242 |          38 |             38 |              52 |
| HFC         | TV & Voice            |          52 |          25 |             25 |              50 |
| HFC         | TV Only               |        7608 |        6036 |           6036 |            6173 |
| HFC         | Voice Only            |         130 |         129 |            129 |             130 |
| HFC         | Services Total        |       18893 |       12586 |          12586 |           16116 |
| GRAND TOTAL | Services Total        |       27577 |       16933 |          16868 |           22911 |
+-------------+-----------------------+-------------+-------------+----------------+-----------------+
27 rows in set, 2 warnings (0.17 sec)

Query OK, 0 rows affected (0.03 sec)

Query OK, 47 rows affected, 3 warnings (0.26 sec)
Records: 47  Duplicates: 0  Warnings: 3

+-------------+---------------+-----------------------+-------------+-------------+----------------+-----------------+
| region      | network       | services              | activecount | allaccounts | uniqueaccounts | uniquecontracts |
+-------------+---------------+-----------------------+-------------+-------------+----------------+-----------------+
| Eden Island | GPON          | TV & Internet         |           2 |           1 |              1 |               2 |
| Eden Island | GPON          | Services Total        |           2 |           1 |              1 |               2 |
| Eden Island | Network Total | Services Total        |           2 |           1 |              1 |               2 |
| Mahe        | ADDON         | OTT Only              |           2 |           2 |              2 |               2 |
| Mahe        | ADDON         | TV & OTT              |           6 |           2 |              2 |               2 |
| Mahe        | ADDON         | TV Only               |           1 |           1 |              1 |               1 |
| Mahe        | ADDON         | Services Total        |           9 |           5 |              5 |               5 |
| Mahe        | GPON          | All                   |         143 |          24 |             24 |              77 |
| Mahe        | GPON          | Internet & Voice      |          60 |          24 |             24 |              50 |
| Mahe        | GPON          | Internet Only         |         886 |         816 |            816 |             839 |
| Mahe        | GPON          | TV & Internet         |        2803 |        1204 |           1204 |            2477 |
| Mahe        | GPON          | TV & Internet & OTT   |        1272 |         324 |            324 |             672 |
| Mahe        | GPON          | TV & Internet & Voice |         180 |          53 |             53 |             162 |
| Mahe        | GPON          | TV & OTT              |         107 |          19 |             19 |              23 |
| Mahe        | GPON          | TV & Voice            |          28 |          12 |             12 |              25 |
| Mahe        | GPON          | TV Only               |        1300 |         873 |            873 |             912 |
| Mahe        | GPON          | Voice Only            |           8 |           8 |              8 |               8 |
| Mahe        | GPON          | Services Total        |        6787 |        3357 |           3357 |            5245 |
| Mahe        | HFC           | All                   |         138 |          23 |             23 |              74 |
| Mahe        | HFC           | Internet & Voice      |         325 |         150 |            150 |             290 |
| Mahe        | HFC           | Internet Only         |        3202 |        3184 |           3184 |            3199 |
| Mahe        | HFC           | TV & Internet         |        5624 |        2568 |           2568 |            5178 |
| Mahe        | HFC           | TV & Internet & OTT   |        1267 |         342 |            342 |             697 |
| Mahe        | HFC           | TV & Internet & Voice |         304 |          90 |             90 |             272 |
| Mahe        | HFC           | TV & OTT              |         242 |          38 |             38 |              52 |
| Mahe        | HFC           | TV & Voice            |          52 |          25 |             25 |              50 |
| Mahe        | HFC           | TV Only               |        7603 |        6033 |           6033 |            6170 |
| Mahe        | HFC           | Voice Only            |         130 |         129 |            129 |             130 |
| Mahe        | HFC           | Services Total        |       18887 |       12582 |          12582 |           16112 |
| Mahe        | Network Total | Services Total        |       25683 |       15944 |          15885 |           21362 |
| Praslin     | ADDON         | TV Only               |           4 |           4 |              4 |               4 |
| Praslin     | ADDON         | Services Total        |           4 |           4 |              4 |               4 |
| Praslin     | GPON          | All                   |          13 |           2 |              2 |               6 |
| Praslin     | GPON          | Internet & Voice      |          12 |           6 |              6 |              12 |
| Praslin     | GPON          | Internet Only         |         218 |         217 |            217 |             218 |
| Praslin     | GPON          | TV & Internet         |         840 |         374 |            374 |             766 |
| Praslin     | GPON          | TV & Internet & OTT   |         433 |         123 |            123 |             255 |
| Praslin     | GPON          | TV & Internet & Voice |          19 |           5 |              5 |              17 |
| Praslin     | GPON          | TV & OTT              |          16 |           7 |              7 |               9 |
| Praslin     | GPON          | TV Only               |         329 |         244 |            244 |             254 |
| Praslin     | GPON          | Voice Only            |           2 |           2 |              2 |               2 |
| Praslin     | GPON          | Services Total        |        1882 |         980 |            980 |            1539 |
| Praslin     | HFC           | Internet Only         |           1 |           1 |              1 |               1 |
| Praslin     | HFC           | TV Only               |           5 |           3 |              3 |               3 |
| Praslin     | HFC           | Services Total        |           6 |           4 |              4 |               4 |
| Praslin     | Network Total | Services Total        |        1892 |         988 |            985 |            1547 |
| GRAND TOTAL | Network Total | Services Total        |       27577 |       16933 |          16868 |           22911 |
+-------------+---------------+-----------------------+-------------+-------------+----------------+-----------------+
47 rows in set (0.00 sec)

Query OK, 0 rows affected (0.05 sec)

Query OK, 26845 rows affected (0.77 sec)
Records: 26845  Duplicates: 0  Warnings: 0

Query OK, 0 rows affected (0.02 sec)

Query OK, 2034 rows affected (31.95 sec)
Records: 2034  Duplicates: 0  Warnings: 0

+--------------------------------------+
| message                              |
+--------------------------------------+
| running rcbill_my.sp_ActiveNumber2() |
+--------------------------------------+
1 row in set (0.00 sec)

Query OK, 365 rows affected (4 min 30.87 sec)

mysql> mysql \. C:\workspace\cloud\code\sql\_DailyScript\currenttime.sql
+---------------------+
| currenttime         |
+---------------------+
| 2020-05-18 11:00:48 |
+---------------------+
1 row in set (0.00 sec)

mysql> 
mysql> mysql \. C:\workspace\cloud\code\sql\_DailyScript\GetActiveNumbers Average -Pivot.sql
Database changed
+-------------------------------------+
| @today := subdate(current_date(),1) |
+-------------------------------------+
| 2020-05-17                          |
+-------------------------------------+
1 row in set (0.00 sec)

+-------------------------------------+
| @lastdayofmonth := last_day(@today) |
+-------------------------------------+
| 2020-05-31                          |
+-------------------------------------+
1 row in set (0.00 sec)

Query OK, 0 rows affected (0.01 sec)

Query OK, 38771 rows affected, 65535 warnings (1 min 17.30 sec)
Records: 38771  Duplicates: 0  Warnings: 80009

Query OK, 0 rows affected (0.25 sec)
Records: 0  Duplicates: 0  Warnings: 0

Query OK, 0 rows affected (0.16 sec)
Records: 0  Duplicates: 0  Warnings: 0

Query OK, 0 rows affected (0.19 sec)
Records: 0  Duplicates: 0  Warnings: 0

+-----------------+
| activenumberavg |
+-----------------+
|           38771 |
+-----------------+
1 row in set (0.02 sec)

Query OK, 0 rows affected (0.00 sec)

Query OK, 1864 rows affected (0.66 sec)
Records: 1864  Duplicates: 0  Warnings: 0

+---------------------+
| rep_activenumberavg |
+---------------------+
|                1864 |
+---------------------+
1 row in set (0.00 sec)

+----------------------+
| rep_activenumberavg1 |
+----------------------+
|                  874 |
+----------------------+
1 row in set (0.00 sec)

Query OK, 0 rows affected (0.01 sec)

Query OK, 2005 rows affected (0.52 sec)
Records: 2005  Duplicates: 0  Warnings: 0

Query OK, 0 rows affected (0.02 sec)

Query OK, 10228 rows affected (1.00 sec)
Records: 10228  Duplicates: 0  Warnings: 0

Query OK, 0 rows affected (0.00 sec)

Query OK, 0 rows affected (0.02 sec)

Query OK, 0 rows affected (0.02 sec)

Query OK, 0 rows affected (0.00 sec)

Query OK, 0 rows affected (0.00 sec)
Statement prepared

Query OK, 53 rows affected (0.08 sec)
Records: 53  Duplicates: 0  Warnings: 0

Query OK, 0 rows affected (0.00 sec)

Query OK, 0 rows affected (0.00 sec)

+----------------------+
| rep_activenumberavg2 |
+----------------------+
|                 2005 |
+----------------------+
1 row in set (0.00 sec)

+------------------------+
| rep_activenumberavg_pv |
+------------------------+
|                     53 |
+------------------------+
1 row in set (0.00 sec)

Query OK, 0 rows affected (0.03 sec)

Query OK, 2005 rows affected (0.44 sec)
Records: 2005  Duplicates: 0  Warnings: 0

Query OK, 0 rows affected (0.00 sec)

Query OK, 0 rows affected (0.01 sec)

Query OK, 0 rows affected (0.03 sec)

Query OK, 0 rows affected (0.00 sec)

Query OK, 0 rows affected (0.00 sec)
Statement prepared

Query OK, 53 rows affected (0.06 sec)
Records: 53  Duplicates: 0  Warnings: 0

Query OK, 0 rows affected (0.00 sec)

Query OK, 0 rows affected (0.00 sec)

+-------------------------+
| rep_activenumberavgMahe |
+-------------------------+
|                    2005 |
+-------------------------+
1 row in set (0.00 sec)

+----------------------------+
| rep_activenumberavgMahe_pv |
+----------------------------+
|                         53 |
+----------------------------+
1 row in set (0.00 sec)

Query OK, 0 rows affected (0.00 sec)

Query OK, 1283 rows affected (0.25 sec)
Records: 1283  Duplicates: 0  Warnings: 0

Query OK, 0 rows affected (0.00 sec)

Query OK, 0 rows affected (0.02 sec)

Query OK, 0 rows affected (0.01 sec)

Query OK, 0 rows affected (0.00 sec)

Query OK, 0 rows affected (0.00 sec)
Statement prepared

Query OK, 40 rows affected (0.03 sec)
Records: 40  Duplicates: 0  Warnings: 0

Query OK, 0 rows affected (0.00 sec)

Query OK, 0 rows affected (0.01 sec)

+----------------------------+
| rep_activenumberavgPraslin |
+----------------------------+
|                       1283 |
+----------------------------+
1 row in set (0.00 sec)

+-------------------------------+
| rep_activenumberavgPraslin_pv |
+-------------------------------+
|                            40 |
+-------------------------------+
1 row in set (0.00 sec)

mysql> mysql \. C:\workspace\cloud\code\sql\_DailyScript\currenttime.sql
+---------------------+
| currenttime         |
+---------------------+
| 2020-05-18 11:02:09 |
+---------------------+
1 row in set (0.00 sec)

mysql> 
mysql> mysql \. C:\workspace\cloud\code\sql\_DailyScript\budget_actual_analysis_2020.sql
Query OK, 0 rows affected (0.04 sec)

Query OK, 757 rows affected, 3 warnings (0.43 sec)
Records: 757  Duplicates: 0  Warnings: 3

+--------------------+
| budget_actual_2020 |
+--------------------+
|                757 |
+--------------------+
1 row in set (0.00 sec)

Query OK, 0 rows affected (0.02 sec)

Query OK, 47 rows affected (0.06 sec)
Records: 47  Duplicates: 0  Warnings: 0

+---------------------------+
| rep_budget_actual_2020_pv |
+---------------------------+
|                        47 |
+---------------------------+
1 row in set (0.00 sec)

mysql> mysql \. C:\workspace\cloud\code\sql\_DailyScript\currenttime.sql
+---------------------+
| currenttime         |
+---------------------+
| 2020-05-18 11:02:10 |
+---------------------+
1 row in set (0.00 sec)

mysql> 
mysql> mysql \. C:\workspace\cloud\code\sql\_DailyScript\reports-sales-addons-prepaid-camera.sql
Database changed
Query OK, 0 rows affected (0.01 sec)

Query OK, 4069 rows affected (0.96 sec)
Records: 4069  Duplicates: 0  Warnings: 0

Query OK, 0 rows affected (0.03 sec)

Query OK, 19478 rows affected (6 min 1.07 sec)
Records: 19478  Duplicates: 0  Warnings: 0

+--------------------+
| rep_prepaid_camera |
+--------------------+
|               4069 |
+--------------------+
1 row in set (0.01 sec)

+-----------+
| rep_addon |
+-----------+
|     19478 |
+-----------+
1 row in set (0.01 sec)

mysql> mysql \. C:\workspace\cloud\code\sql\_DailyScript\currenttime.sql
+---------------------+
| currenttime         |
+---------------------+
| 2020-05-18 11:08:12 |
+---------------------+
1 row in set (0.00 sec)

mysql> 
mysql> mysql \. C:\workspace\cloud\code\sql\_DailyScript\housing-estate-analysis.sql
Database changed
Query OK, 0 rows affected (0.06 sec)

Query OK, 3100 rows affected (9 min 22.56 sec)
Records: 3100  Duplicates: 0  Warnings: 0

+--------------------+
| rep_housingestates |
+--------------------+
|               3100 |
+--------------------+
1 row in set (0.00 sec)

mysql> mysql \. C:\workspace\cloud\code\sql\_DailyScript\currenttime.sql
+---------------------+
| currenttime         |
+---------------------+
| 2020-05-18 11:17:34 |
+---------------------+
1 row in set (0.00 sec)

mysql> 
mysql> mysql \. C:\workspace\cloud\code\sql\_DailyScript\RCB_ClientAnalyticsReport_Script.sql
Database changed
Query OK, 0 rows affected (0.00 sec)

Query OK, 0 rows affected (0.49 sec)

Query OK, 1879316 rows affected (2 min 7.99 sec)
Records: 1879316  Duplicates: 0  Warnings: 0

Query OK, 0 rows affected (10.42 sec)
Records: 0  Duplicates: 0  Warnings: 0

Query OK, 0 rows affected (6.96 sec)
Records: 0  Duplicates: 0  Warnings: 0

Query OK, 0 rows affected (11.21 sec)
Records: 0  Duplicates: 0  Warnings: 0

Query OK, 0 rows affected (14.09 sec)
Records: 0  Duplicates: 0  Warnings: 0

Query OK, 0 rows affected (10.84 sec)
Records: 0  Duplicates: 0  Warnings: 0

Query OK, 0 rows affected (9.66 sec)
Records: 0  Duplicates: 0  Warnings: 0

Query OK, 0 rows affected (0.00 sec)

Query OK, 478343 rows affected (26.26 sec)
Rows matched: 1879316  Changed: 478343  Warnings: 0

Query OK, 0 rows affected (0.02 sec)

Query OK, 27848 rows affected (5.17 sec)
Records: 27848  Duplicates: 0  Warnings: 0

Query OK, 0 rows affected (0.18 sec)

Query OK, 43475 rows affected (13 min 50.48 sec)
Records: 43475  Duplicates: 0  Warnings: 0

Query OK, 0 rows affected (0.29 sec)
Records: 0  Duplicates: 0  Warnings: 0

Query OK, 0 rows affected (0.22 sec)
Records: 0  Duplicates: 0  Warnings: 0

Query OK, 0 rows affected (0.10 sec)
Records: 0  Duplicates: 0  Warnings: 0

Query OK, 0 rows affected (0.43 sec)

Query OK, 447389 rows affected (19 min 41.78 sec)
Records: 447389  Duplicates: 0  Warnings: 0

Query OK, 0 rows affected (2.04 sec)
Records: 0  Duplicates: 0  Warnings: 0

Query OK, 0 rows affected (2.25 sec)
Records: 0  Duplicates: 0  Warnings: 0

Query OK, 0 rows affected (1.47 sec)
Records: 0  Duplicates: 0  Warnings: 0

Query OK, 0 rows affected (2.99 sec)
Records: 0  Duplicates: 0  Warnings: 0

Query OK, 0 rows affected (1.64 sec)
Records: 0  Duplicates: 0  Warnings: 0

Query OK, 0 rows affected (0.09 sec)

Query OK, 43475 rows affected (1 min 55.08 sec)
Records: 43475  Duplicates: 0  Warnings: 0

+--------------+
| clientreport |
+--------------+
|        43475 |
+--------------+
1 row in set (0.02 sec)

Query OK, 0 rows affected (0.06 sec)

Query OK, 43475 rows affected (8.21 sec)
Records: 43475  Duplicates: 0  Warnings: 0

+----------------------+
| clientextendedreport |
+----------------------+
|                43475 |
+----------------------+
1 row in set (0.02 sec)

Query OK, 0 rows affected (0.06 sec)

Query OK, 43475 rows affected (8 min 43.81 sec)
Records: 43475  Duplicates: 0  Warnings: 0

+---------+
| allcust |
+---------+
|   43475 |
+---------+
1 row in set (0.02 sec)

Query OK, 0 rows affected, 1 warning (0.00 sec)

Query OK, 5000 rows affected (0.22 sec)
Records: 5000  Duplicates: 0  Warnings: 0

Query OK, 0 rows affected (0.03 sec)

Query OK, 6873 rows affected (1.56 sec)
Records: 6873  Duplicates: 0  Warnings: 0

Query OK, 0 rows affected, 1 warning (0.00 sec)

Query OK, 5000 rows affected (0.23 sec)
Records: 5000  Duplicates: 0  Warnings: 0

Query OK, 0 rows affected (0.02 sec)

Query OK, 7304 rows affected (0.24 sec)
Records: 7304  Duplicates: 0  Warnings: 0

mysql> mysql \. C:\workspace\cloud\code\sql\_DailyScript\currenttime.sql
+---------------------+
| currenttime         |
+---------------------+
| 2020-05-18 12:05:51 |
+---------------------+
1 row in set (0.00 sec)

mysql> 
mysql> 
mysql> mysql \. C:\workspace\cloud\code\sql\_DailyScript\REVENUE_PER_NODE_MXK.sql
Query OK, 0 rows affected (0.01 sec)

Query OK, 0 rows affected (0.01 sec)

Query OK, 0 rows affected (0.01 sec)

Query OK, 5994 rows affected (6.99 sec)
Records: 5994  Duplicates: 0  Warnings: 0

+----------------------+
| message              |
+----------------------+
| created temp table a |
+----------------------+
1 row in set (0.00 sec)

Query OK, 6250 rows affected (5.59 sec)
Records: 6250  Duplicates: 0  Warnings: 0

+----------------------+
| message              |
+----------------------+
| created temp table b |
+----------------------+
1 row in set (0.02 sec)

Query OK, 0 rows affected, 1 warning (0.00 sec)

Query OK, 6314 rows affected (16.27 sec)
Records: 6314  Duplicates: 0  Warnings: 0

+--------------------------------+
| message                        |
+--------------------------------+
| created rcbill_my.tempcustmxk1 |
+--------------------------------+
1 row in set (0.00 sec)

Query OK, 0 rows affected (0.01 sec)

Query OK, 0 rows affected (0.00 sec)

Query OK, 0 rows affected, 1 warning (0.00 sec)

Query OK, 5994 rows affected (1.71 sec)
Records: 5994  Duplicates: 0  Warnings: 0

+----------------+
| message        |
+----------------+
| created temp a |
+----------------+
1 row in set (0.00 sec)

Query OK, 6250 rows affected (0.85 sec)
Records: 6250  Duplicates: 0  Warnings: 0

+----------------+
| message        |
+----------------+
| created temp b |
+----------------+
1 row in set (0.00 sec)

Query OK, 0 rows affected, 1 warning (0.00 sec)

Query OK, 6349 rows affected (10.88 sec)
Records: 6349  Duplicates: 0  Warnings: 0

+--------------------------------+
| message                        |
+--------------------------------+
| created rcbill_my.tempcustmxk2 |
+--------------------------------+
1 row in set (0.00 sec)

Query OK, 0 rows affected (0.00 sec)

Query OK, 0 rows affected (0.00 sec)

Query OK, 0 rows affected, 1 warning (0.00 sec)

Query OK, 0 rows affected (0.02 sec)

Query OK, 7100 rows affected (0.40 sec)
Records: 7100  Duplicates: 0  Warnings: 0

+---------------------------------+
| message                         |
+---------------------------------+
| created rcbill_my.customers_mxk |
+---------------------------------+
1 row in set (0.00 sec)

Query OK, 0 rows affected (0.00 sec)

Query OK, 0 rows affected (0.00 sec)

Query OK, 14106 rows affected (7.02 sec)
Records: 14106  Duplicates: 0  Warnings: 0

+----------------+
| message        |
+----------------+
| created temp a |
+----------------+
1 row in set (0.00 sec)

Query OK, 20149 rows affected (5.12 sec)
Records: 20149  Duplicates: 0  Warnings: 0

+----------------+
| message        |
+----------------+
| created temp c |
+----------------+
1 row in set (0.00 sec)

Query OK, 0 rows affected, 1 warning (0.00 sec)

Query OK, 27648 rows affected (0.37 sec)
Records: 27648  Duplicates: 0  Warnings: 0

+---------------------------------+
| message                         |
+---------------------------------+
| created rcbill_my.tempcustcmts1 |
+---------------------------------+
1 row in set (0.00 sec)

Query OK, 0 rows affected (0.00 sec)

Query OK, 0 rows affected, 1 warning (0.00 sec)

Query OK, 0 rows affected (0.01 sec)

Query OK, 14106 rows affected (7.15 sec)
Records: 14106  Duplicates: 0  Warnings: 0

+----------------+
| message        |
+----------------+
| created temp a |
+----------------+
1 row in set (0.00 sec)

Query OK, 20149 rows affected (1.76 sec)
Records: 20149  Duplicates: 0  Warnings: 0

+----------------+
| message        |
+----------------+
| created temp c |
+----------------+
1 row in set (0.00 sec)

Query OK, 0 rows affected, 1 warning (0.00 sec)

Query OK, 20840 rows affected (0.39 sec)
Records: 20840  Duplicates: 0  Warnings: 0

+---------------------------------+
| message                         |
+---------------------------------+
| created rcbill_my.tempcustcmts2 |
+---------------------------------+
1 row in set (0.00 sec)

Query OK, 0 rows affected (0.00 sec)

Query OK, 0 rows affected, 1 warning (0.00 sec)

Query OK, 0 rows affected (0.00 sec)

Query OK, 0 rows affected (0.02 sec)

Query OK, 14208 rows affected (1.43 sec)
Records: 14208  Duplicates: 0  Warnings: 0

+----------------------------------+
| message                          |
+----------------------------------+
| created rcbill_my.customers_cmts |
+----------------------------------+
1 row in set (0.00 sec)

Query OK, 0 rows affected (0.01 sec)

Query OK, 0 rows affected (0.00 sec)

Query OK, 0 rows affected (0.10 sec)

Query OK, 18329 rows affected (1.04 sec)
Records: 18329  Duplicates: 0  Warnings: 0

+--------------------------------------+
| message                              |
+--------------------------------------+
| created rcbill_my.customers_cmts_mxk |
+--------------------------------------+
1 row in set (0.00 sec)

Query OK, 473751 rows affected (1 min 28.00 sec)
Records: 473751  Duplicates: 0  Warnings: 0

+----------------+
| message        |
+----------------+
| created temp a |
+----------------+
1 row in set (0.00 sec)

Query OK, 0 rows affected (0.44 sec)

Query OK, 474461 rows affected (19.44 sec)
Records: 474461  Duplicates: 0  Warnings: 0

+------------------------------------------------+
| message                                        |
+------------------------------------------------+
| created rcbill_my.customers_contracts_cmts_mxk |
+------------------------------------------------+
1 row in set (0.00 sec)

Query OK, 0 rows affected (0.01 sec)

Query OK, 0 rows affected, 1 warning (0.00 sec)

Query OK, 0 rows affected, 1 warning (0.00 sec)

Query OK, 0 rows affected (0.00 sec)

Query OK, 8367 rows affected (3.95 sec)
Rows matched: 8367  Changed: 8367  Warnings: 0

+------------------------------------------------+
| message                                        |
+------------------------------------------------+
| updated rcbill_my.customers_contracts_cmts_mxk |
+------------------------------------------------+
1 row in set (0.00 sec)

Query OK, 0 rows affected (0.04 sec)

Query OK, 1872237 rows affected (5 min 57.26 sec)
Records: 1872237  Duplicates: 0  Warnings: 0

+----------------------------------------+
| message                                |
+----------------------------------------+
| created rcbill_my.customers_collection |
+----------------------------------------+
1 row in set (0.00 sec)

Query OK, 0 rows affected (0.28 sec)

Query OK, 2160727 rows affected (2 min 41.66 sec)
Records: 2160727  Duplicates: 0  Warnings: 0

+------------------------------------------------+
| message                                        |
+------------------------------------------------+
| created rcbill_my.customers_cmts_mxk_cont_coll |
+------------------------------------------------+
1 row in set (0.00 sec)

Query OK, 0 rows affected (0.08 sec)

Query OK, 433748 rows affected (3 min 40.59 sec)
Records: 433748  Duplicates: 0  Warnings: 0

+--------------------------------------------------------+
| message                                                |
+--------------------------------------------------------+
| created rcbill_my.customers_contracts_collection_pivot |
+--------------------------------------------------------+
1 row in set (0.00 sec)

Query OK, 0 rows affected (0.16 sec)

Query OK, 39548 rows affected (3 min 21.92 sec)
Records: 39548  Duplicates: 0  Warnings: 0

+----------------------------------------------+
| message                                      |
+----------------------------------------------+
| created rcbill_my.customers_collection_pivot |
+----------------------------------------------+
1 row in set (0.00 sec)

Query OK, 0 rows affected (0.42 sec)

Query OK, 43475 rows affected (5.20 sec)
Records: 43475  Duplicates: 0  Warnings: 0

+--------------------------------------------+
| message                                    |
+--------------------------------------------+
| created rcbill_my.rep_customers_collection |
+--------------------------------------------+
1 row in set (0.00 sec)

Query OK, 0 rows affected (0.00 sec)

Query OK, 0 rows affected, 1 warning (0.00 sec)

Query OK, 441161 rows affected (22.96 sec)
Records: 441161  Duplicates: 0  Warnings: 0

+-------------------------+
| message                 |
+-------------------------+
| created rcbill_my.tempa |
+-------------------------+
1 row in set (0.00 sec)

Query OK, 0 rows affected, 1 warning (0.00 sec)

Query OK, 433748 rows affected (1 min 2.92 sec)
Records: 433748  Duplicates: 0  Warnings: 0

+-------------------------+
| message                 |
+-------------------------+
| created rcbill_my.tempb |
+-------------------------+
1 row in set (0.00 sec)

Query OK, 441161 rows affected (48.64 sec)
Records: 441161  Duplicates: 0  Warnings: 0

+-----------+
| message   |
+-----------+
| created a |
+-----------+
1 row in set (0.00 sec)

Query OK, 433758 rows affected (50.57 sec)
Records: 433758  Duplicates: 0  Warnings: 0

+-----------+
| message   |
+-----------+
| created b |
+-----------+
1 row in set (0.00 sec)

Query OK, 0 rows affected (0.02 sec)

Query OK, 0 rows affected (0.02 sec)

Query OK, 0 rows affected (0.37 sec)

Query OK, 477561 rows affected (1 min 12.13 sec)
Records: 477561  Duplicates: 0  Warnings: 0

+----------------------------------------------+
| message                                      |
+----------------------------------------------+
| created rcbill_my.cust_cont_payment_cmts_mxk |
+----------------------------------------------+
1 row in set (0.00 sec)

Query OK, 0 rows affected (0.03 sec)

Query OK, 0 rows affected (0.00 sec)

Query OK, 0 rows affected, 1 warning (0.00 sec)

Query OK, 0 rows affected (0.02 sec)

Query OK, 43475 rows affected (27.85 sec)
Records: 43475  Duplicates: 0  Warnings: 0

+--------------------------------------------------+
| message                                          |
+--------------------------------------------------+
| created rcbill_my.rep_cust_cont_payment_cmts_mxk |
+--------------------------------------------------+
1 row in set (0.00 sec)

Query OK, 0 rows affected, 1 warning (0.00 sec)

Query OK, 0 rows affected, 1 warning (0.00 sec)

Query OK, 0 rows affected (0.29 sec)

Query OK, 43475 rows affected, 5 warnings (16.40 sec)
Records: 43475  Duplicates: 0  Warnings: 5

+----------------------+
| rep_custconsolidated |
+----------------------+
|                43475 |
+----------------------+
1 row in set (1.61 sec)

Query OK, 0 rows affected (0.01 sec)

Query OK, 0 rows affected (0.02 sec)

+----------------------------------------------+
| message                                      |
+----------------------------------------------+
| creating rcbill_my.retentioncustomeractivity |
+----------------------------------------------+
1 row in set (0.00 sec)

Query OK, 865 rows affected (0.12 sec)
Records: 865  Duplicates: 0  Warnings: 0

+---------------------------+
| retentioncustomeractivity |
+---------------------------+
|                       865 |
+---------------------------+
1 row in set (0.00 sec)

+-----------+------------------------------------+------------+-------------+-----------------+------------------+---------------------+-------------------+
| HFC_NODE  | NODENAME                           | CMTS_DATE  | INSERTED_ON | UNIQUE_ACCOUNTS | UNIQUE_CONTRACTS | UNIQUE_MAC_INRCBOSS | UNIQUE_MAC_INCMTS |
+-----------+------------------------------------+------------+-------------+-----------------+------------------+---------------------+-------------------+
| NULL      | NULL                               | NULL       | 2020-05-18  |            6516 |             6862 |                6893 |                 0 |
| C5/0/0/U0 | ANSE-BOILEAU-2                     | 2020-04-22 | 2020-05-18  |             187 |              194 |                 187 |               188 |
| C5/0/0/U1 | 500-C3-ANSE-BOILEAU                | 2020-04-22 | 2020-05-18  |             184 |              187 |                 184 |               185 |
| C5/0/1/U0 | 501-C4-LA-MISIERE-LEFT-I           | 2020-04-22 | 2020-05-18  |             165 |              172 |                 165 |               170 |
| C5/0/1/U1 | 501-C5-LA-MISIERE-RIGHT            | 2020-04-22 | 2020-05-18  |             110 |              114 |                 111 |               115 |
| C5/0/1/U2 | 501-C7-LA-MISIERE-LEFT-II          | 2020-04-22 | 2020-05-18  |             155 |              157 |                 155 |               157 |
| C5/0/2/U0 | 502-C8-LA-LOUISE                   | 2020-04-22 | 2020-05-18  |             150 |              150 |                 150 |               154 |
| C5/0/2/U1 | LA-LOUISE-2                        | 2020-04-22 | 2020-05-18  |             139 |              141 |                 139 |               142 |
| C5/0/3/U0 | 504-C6-PETIT-PARIS                 | 2020-04-22 | 2020-05-18  |             153 |              158 |                 153 |               158 |
| C5/0/3/U1 | PETIT-PARIS-23                     | 2020-04-22 | 2020-05-18  |              79 |               80 |                  79 |                81 |
| C5/0/4/U0 | FOUR-SEASONS                       | 2020-04-22 | 2020-05-18  |               1 |                1 |                   1 |                 1 |
| C5/0/4/U1 | ANCHOR-CAFE-I                      | 2020-04-22 | 2020-05-18  |             145 |              147 |                 145 |               147 |
| C5/0/4/U2 | ANCHOR-CAFE-II                     | 2020-04-22 | 2020-05-18  |             161 |              165 |                 161 |               161 |
| C5/1/0/U0 | POINTE-LARUE-AIRPORT-23            | 2020-04-22 | 2020-05-18  |              81 |               86 |                  82 |                84 |
| C5/1/0/U1 | PPROVIDENCE-23                     | 2020-04-22 | 2020-05-18  |              17 |               18 |                  18 |                19 |
| C5/1/0/U2 | ROSHE-CAIMAN-23                    | 2020-04-22 | 2020-05-18  |               6 |                7 |                   6 |                 6 |
| C5/1/0/U3 | HEAD-OFFICE | HO-23                | 2020-04-22 | 2020-05-18  |              22 |               23 |                  22 |                22 |
| C5/1/1/U1 | C5-UNION-VALE                      | 2020-04-22 | 2020-05-18  |             201 |              204 |                 201 |               203 |
| C5/1/3/U0 | POINTE-LARUE-AIRPORT-27            | 2020-04-22 | 2020-05-18  |             166 |              169 |                 166 |               171 |
| C5/1/3/U1 | PPROVIDENCE-27                     | 2020-04-22 | 2020-05-18  |              21 |               21 |                  21 |                21 |
| C5/1/3/U2 | ROSHE-CAIMAN-27                    | 2020-04-22 | 2020-05-18  |              35 |               35 |                  34 |                35 |
| C5/1/3/U3 | HEAD-OFFICE | HO-27                | 2020-04-22 | 2020-05-18  |              17 |               17 |                  17 |                17 |
| C5/1/4/U0 | ANSE-ROYALE-27                     | 2020-04-22 | 2020-05-18  |             102 |              103 |                 102 |               103 |
| C5/1/4/U1 | GLACIS-2-57                        | 2020-04-22 | 2020-05-18  |              82 |               87 |                  82 |                82 |
| C5/1/4/U2 | NULL                               | 2020-04-22 | 2020-05-18  |              95 |               98 |                  95 |                98 |
| C5/1/4/U3 | GLACIS-1                           | 2020-04-22 | 2020-05-18  |              41 |               43 |                  41 |                43 |
| C6/0/1/U0 | SERRET-ROAD-RIGHT/CURIO/PASCAL     | 2020-04-22 | 2020-05-18  |             126 |              126 |                 126 |               127 |
| C6/0/1/U1 | SERRET-ROAD-LEFT/ST.LOUIS/TOWN     | 2020-04-22 | 2020-05-18  |             132 |              136 |                 132 |               134 |
| C6/0/1/U2 | SERRET-ROAD-RIGHT/CURIO/PASCAL-2   | 2020-04-22 | 2020-05-18  |             122 |              125 |                 122 |               122 |
| C6/0/1/U3 | SERRET-ROAD-LEFT/ST.LOUIS/TOWN-2   | 2020-04-22 | 2020-05-18  |             134 |              139 |                 134 |               135 |
| C6/0/2/U0 | SANS-SOUCIS-I                      | 2020-04-22 | 2020-05-18  |              91 |               94 |                  92 |                92 |
| C6/0/2/U1 | SANS-SOUCIS-II                     | 2020-04-22 | 2020-05-18  |             130 |              133 |                 129 |               133 |
| C6/0/2/U2 | BEL-AIR-27                         | 2020-04-22 | 2020-05-18  |              98 |              100 |                  98 |               101 |
| C6/0/2/U3 | BEL-AIR-38                         | 2020-04-22 | 2020-05-18  |             100 |              105 |                 100 |               103 |
| C6/0/3/U0 | LES-MAMELLES-23                    | 2020-04-22 | 2020-05-18  |              79 |               79 |                  79 |                80 |
| C6/0/3/U1 | VICTORIA-23                        | 2020-04-22 | 2020-05-18  |              34 |               35 |                  35 |                38 |
| C6/0/4/U0 | LES-MAMELLES-27                    | 2020-04-22 | 2020-05-18  |              77 |               77 |                  77 |                79 |
| C6/0/4/U1 | VICTORIA-27                        | 2020-04-22 | 2020-05-18  |              10 |               11 |                  10 |                10 |
| C7/1/0/U0 | LA-RETRAITE-23                     | 2020-04-22 | 2020-05-18  |             111 |              117 |                 111 |               111 |
| C7/1/0/U1 | TEA-FACTORY-23                     | 2020-04-22 | 2020-05-18  |              22 |               27 |                  22 |                22 |
| C7/1/0/U2 | PAS-23                             | 2020-04-22 | 2020-05-18  |              86 |               90 |                  86 |                87 |
| C7/1/1/U0 | REEF-ESTATE-23                     | 2020-04-22 | 2020-05-18  |              76 |               78 |                  76 |                77 |
| C7/1/2/U0 | LA-RETRAITE-27                     | 2020-04-22 | 2020-05-18  |              80 |               81 |                  80 |                82 |
| C7/1/2/U1 | TEA-FACTORY-27                     | 2020-04-22 | 2020-05-18  |              27 |               32 |                  30 |                31 |
| C7/1/2/U2 | PAS-27                             | 2020-04-22 | 2020-05-18  |             104 |              105 |                 104 |               109 |
| C7/1/3/U0 | MT-BUXTON-27                       | 2020-04-22 | 2020-05-18  |             163 |              164 |                 163 |               164 |
| C7/1/3/U1 | MT-BUXTON-23                       | 2020-04-22 | 2020-05-18  |              80 |               81 |                  80 |                80 |
| C7/1/4/U0 | REEF-ESTATE-27                     | 2020-04-22 | 2020-05-18  |              91 |               91 |                  91 |                91 |
| C8/0/0/U0 | POLICE-ACADEMY-1-27 - POINTE LARUE | 2020-04-22 | 2020-05-18  |             230 |              232 |                 229 |               232 |
| C8/0/0/U1 | NULL                               | 2020-04-22 | 2020-05-18  |             113 |              118 |                 114 |               117 |
| C8/0/1/U0 | NULL                               | 2020-04-22 | 2020-05-18  |             176 |              177 |                 176 |               177 |
| C8/0/1/U1 | POLICE-ACADEMY-2-27 - TURTLE BAY   | 2020-04-22 | 2020-05-18  |             144 |              147 |                 145 |               147 |
| C8/0/2/U0 | BEAU-VALLON-LEFT-1-57              | 2020-04-22 | 2020-05-18  |              39 |               40 |                  39 |                40 |
| C8/0/3/U1 | BEAU-VALLON-RIGHT-2-57             | 2020-04-22 | 2020-05-18  |              91 |               96 |                  91 |                93 |
| C8/1/0/U0 | MA-JOIE-NODE-27                    | 2020-04-22 | 2020-05-18  |             109 |              112 |                 109 |               109 |
| C8/1/0/U1 | BELONIE-27                         | 2020-04-22 | 2020-05-18  |             151 |              154 |                 150 |               151 |
| C8/1/0/U3 | MA-JOIE-NODE-23                    | 2020-04-22 | 2020-05-18  |             102 |              103 |                 101 |               102 |
| C8/1/1/U0 | 611-C1-ROJN I                      | 2020-04-22 | 2020-05-18  |             123 |              125 |                 123 |               126 |
| C8/1/1/U1 | 611-C5-ROJN II                     | 2020-04-22 | 2020-05-18  |             118 |              118 |                 118 |               119 |
| C8/1/2/U0 | 612-C2-ANSE-ETOILE                 | 2020-04-22 | 2020-05-18  |             137 |              138 |                 137 |               137 |
| C8/1/2/U1 | ANSE-ETOILE-U2                     | 2020-04-22 | 2020-05-18  |              83 |               85 |                  83 |                83 |
| C8/1/3/U0 | 613-C3-ANSE-GAULETTE I             | 2020-04-22 | 2020-05-18  |              73 |               76 |                  73 |                74 |
| C8/1/3/U1 | 613-C7-ANSE-GAULETTE II            | 2020-04-22 | 2020-05-18  |              78 |               84 |                  79 |                79 |
| C8/1/3/U2 | 613-C3-ANSE-GAULETTE III           | 2020-04-22 | 2020-05-18  |              36 |               38 |                  36 |                36 |
| C8/1/3/U3 | TAKAMAKA I                         | 2020-04-22 | 2020-05-18  |             108 |              108 |                 108 |               108 |
| C8/1/3/U4 | TAKAMAKA II                        | 2020-04-22 | 2020-05-18  |             108 |              112 |                 108 |               109 |
| C8/1/4/U0 | 614-BEOLIERE-NODE-1                | 2020-04-22 | 2020-05-18  |             107 |              109 |                 107 |               111 |
| C8/1/4/U1 | 614-BEOLIERE-NODE-2                | 2020-04-22 | 2020-05-18  |             119 |              124 |                 120 |               121 |
+-----------+------------------------------------+------------+-------------+-----------------+------------------+---------------------+-------------------+
68 rows in set (0.35 sec)

+------------------+------------+-------------+-----------------+------------------+----------------------+-------------------+
| MXK_NAME         | MXK_DATE   | INSERTED_ON | UNIQUE_ACCOUNTS | UNIQUE_CONTRACTS | UNIQUE_FSAN_INRCBOSS | UNIQUE_FSAN_INMXK |
+------------------+------------+-------------+-----------------+------------------+----------------------+-------------------+
| NULL             | NULL       | 2020-05-18  |             731 |              747 |                  736 |                 0 |
| MXK-ANSEETOILE   | 2020-04-22 | 2020-05-18  |             293 |              297 |                  296 |               308 |
| MXK-ANSEROYALE   | 2020-04-22 | 2020-05-18  |             132 |              132 |                  132 |               154 |
| MXK-BEAUVALLON   | 2020-04-22 | 2020-05-18  |            1700 |             1722 |                 1713 |              1812 |
| MXK-MAHE         | 2020-04-22 | 2020-05-18  |             915 |              940 |                  872 |              1105 |
| MXK-PERSEVERANCE | 2020-04-22 | 2020-05-18  |             975 |              985 |                  984 |              1138 |
| MXK-PRASLIN      | 2020-04-22 | 2020-05-18  |            1243 |             1247 |                 1240 |              1435 |
+------------------+------------+-------------+-----------------+------------------+----------------------+-------------------+
7 rows in set (0.10 sec)

mysql> mysql \. C:\workspace\cloud\code\sql\_DailyScript\currenttime.sql
+---------------------+
| currenttime         |
+---------------------+
| 2020-05-18 12:29:43 |
+---------------------+
1 row in set (0.00 sec)

mysql> 
mysql> 
mysql> mysql \. C:\workspace\cloud\code\sql\Analysis\service_tickets_assignments.sql
Query OK, 0 rows affected (0.03 sec)

Query OK, 44324 rows affected (18.85 sec)
Records: 44324  Duplicates: 0  Warnings: 0

+-------------------------+
| rep_servicetickets_2020 |
+-------------------------+
|                   44324 |
+-------------------------+
1 row in set (0.06 sec)

mysql> mysql \. C:\workspace\cloud\code\sql\_DailyScript\currenttime.sql
+---------------------+
| currenttime         |
+---------------------+
| 2020-05-18 12:30:02 |
+---------------------+
1 row in set (0.00 sec)

mysql> 
mysql> 
mysql> exit
