    -> 
    -> mysql \. C:\workspace\cloud\code\sql\_DailyScript\_setdates.sql
Database changed
Query OK, 0 rows affected (0.00 sec)

Query OK, 0 rows affected (0.00 sec)

Query OK, 0 rows affected (0.00 sec)

Query OK, 0 rows affected (0.00 sec)

Query OK, 0 rows affected (0.00 sec)

Query OK, 0 rows affected (0.00 sec)

Query OK, 0 rows affected (0.00 sec)

Query OK, 0 rows affected (0.00 sec)

Query OK, 0 rows affected (0.00 sec)

Query OK, 0 rows affected (0.00 sec)

Query OK, 0 rows affected (0.00 sec)

Query OK, 0 rows affected (0.00 sec)

Query OK, 0 rows affected (0.00 sec)

Query OK, 0 rows affected (0.00 sec)

Query OK, 0 rows affected (0.00 sec)

Query OK, 0 rows affected (0.00 sec)

Query OK, 0 rows affected (0.00 sec)

Query OK, 0 rows affected (0.00 sec)

Query OK, 0 rows affected (0.00 sec)

Query OK, 0 rows affected (0.00 sec)

Query OK, 0 rows affected (0.00 sec)

mysql> mysql \. C:\workspace\cloud\code\sql\_DailyScript\currenttime.sql
+---------------------+
| currenttime         |
+---------------------+
| 2020-04-25 14:37:40 |
+---------------------+
1 row in set (0.00 sec)

mysql> 
mysql> mysql \. C:\workspace\cloud\code\sql\_DailyScript\load_RCB_VODTITLES.sql
Database changed
Query OK, 0 rows affected (0.00 sec)

Query OK, 10556 rows affected (0.27 sec)

Query OK, 10570 rows affected, 10570 warnings (0.33 sec)
Records: 10570  Deleted: 0  Skipped: 0  Warnings: 10570

Query OK, 0 rows affected (0.00 sec)

Query OK, 2 rows affected (0.01 sec)

+-----------+
| VODTITLES |
+-----------+
|     11028 |
+-----------+
1 row in set (0.00 sec)

+-----------+-----------+
| titletype | typecount |
+-----------+-----------+
| E         |      8764 |
| N         |       213 |
| T         |      1591 |
| NULL      |     10568 |
+-----------+-----------+
4 rows in set (0.03 sec)

mysql> mysql \. C:\workspace\cloud\code\sql\_DailyScript\currenttime.sql
+---------------------+
| currenttime         |
+---------------------+
| 2020-04-25 14:37:40 |
+---------------------+
1 row in set (0.00 sec)

mysql> 
mysql> mysql \. C:\workspace\cloud\code\sql\_DailyScript\DAILY-SCRIPT-LIVETV-STATS.sql
Database changed
Query OK, 0 rows affected (0.02 sec)

Query OK, 105690 rows affected (1.49 sec)
Records: 105690  Duplicates: 0  Warnings: 0

+------------+------------+----------+--------------+--------------+-----------+-------------+----------+--------+------+------------+---------+---------------+
| Table      | Non_unique | Key_name | Seq_in_index | Column_name  | Collation | Cardinality | Sub_part | Packed | Null | Index_type | Comment | Index_comment |
+------------+------------+----------+--------------+--------------+-----------+-------------+----------+--------+------+------------+---------+---------------+
| templivetv |          1 | idxtv1   |            1 | device       | A         |      104938 |     NULL | NULL   | YES  | BTREE      |         |               |
| templivetv |          1 | idxtv2   |            1 | sessionstart | A         |      104938 |     NULL | NULL   | YES  | BTREE      |         |               |
+------------+------------+----------+--------------+--------------+-----------+-------------+----------+--------+------+------------+---------+---------------+
2 rows in set (0.00 sec)

Query OK, 105550 rows affected (25.00 sec)
Records: 105550  Duplicates: 0  Warnings: 0

Query OK, 2800 rows affected (1.13 sec)
Records: 2800  Duplicates: 0  Warnings: 0

Query OK, 0 rows affected (0.00 sec)

Query OK, 0 rows affected (0.01 sec)

Query OK, 137 rows affected (0.08 sec)
Records: 137  Duplicates: 0  Warnings: 0

Query OK, 0 rows affected (0.17 sec)

Query OK, 118398 rows affected (34 min 57.43 sec)
Records: 118398  Duplicates: 0  Warnings: 0

+-----------------+
| rep_livetvstats |
+-----------------+
|          118398 |
+-----------------+
1 row in set (0.04 sec)

mysql> mysql \. C:\workspace\cloud\code\sql\_DailyScript\currenttime.sql
+---------------------+
| currenttime         |
+---------------------+
| 2020-04-25 15:13:06 |
+---------------------+
1 row in set (0.00 sec)

mysql> 
mysql> mysql \. C:\workspace\cloud\code\sql\_DailyScript\DAILY-SCRIPT-VODTS-STATS.sql
Database changed
Query OK, 0 rows affected (0.01 sec)

Query OK, 7484 rows affected (1 min 28.30 sec)
Records: 7484  Duplicates: 0  Warnings: 0

+---------+------------+----------+--------------+--------------+-----------+-------------+----------+--------+------+------------+---------+---------------+
| Table   | Non_unique | Key_name | Seq_in_index | Column_name  | Collation | Cardinality | Sub_part | Packed | Null | Index_type | Comment | Index_comment |
+---------+------------+----------+--------------+--------------+-----------+-------------+----------+--------+------+------------+---------+---------------+
| tempvod |          1 | idxtvod1 |            1 | device       | A         |        7568 |     NULL | NULL   | YES  | BTREE      |         |               |
| tempvod |          1 | idxtvod2 |            1 | sessionstart | A         |        7568 |     NULL | NULL   | YES  | BTREE      |         |               |
+---------+------------+----------+--------------+--------------+-----------+-------------+----------+--------+------+------------+---------+---------------+
2 rows in set (0.00 sec)

Query OK, 7441 rows affected (3.78 sec)
Records: 7441  Duplicates: 0  Warnings: 0

Query OK, 0 rows affected (0.01 sec)

Query OK, 607107 rows affected (59.36 sec)
Records: 607107  Duplicates: 0  Warnings: 0

+--------------+
| rep_vodstats |
+--------------+
|       607107 |
+--------------+
1 row in set (0.21 sec)

Database changed
Query OK, 0 rows affected (0.02 sec)

Query OK, 16634 rows affected (5 min 41.26 sec)
Records: 16634  Duplicates: 0  Warnings: 0

+--------+------------+----------+--------------+--------------+-----------+-------------+----------+--------+------+------------+---------+---------------+
| Table  | Non_unique | Key_name | Seq_in_index | Column_name  | Collation | Cardinality | Sub_part | Packed | Null | Index_type | Comment | Index_comment |
+--------+------------+----------+--------------+--------------+-----------+-------------+----------+--------+------+------------+---------+---------------+
| tempts |          1 | idxtts1  |            1 | device       | A         |       16746 |     NULL | NULL   | YES  | BTREE      |         |               |
| tempts |          1 | idxtts2  |            1 | sessionstart | A         |       16746 |     NULL | NULL   | YES  | BTREE      |         |               |
+--------+------------+----------+--------------+--------------+-----------+-------------+----------+--------+------+------------+---------+---------------+
2 rows in set (0.01 sec)

Query OK, 16616 rows affected (14.38 sec)
Records: 16616  Duplicates: 0  Warnings: 0

Query OK, 0 rows affected (0.01 sec)

Query OK, 33129 rows affected (5 min 42.26 sec)
Records: 33129  Duplicates: 0  Warnings: 0

+-------------+
| rep_tsstats |
+-------------+
|       33129 |
+-------------+
1 row in set (0.01 sec)

mysql> mysql \. C:\workspace\cloud\code\sql\_DailyScript\currenttime.sql
+---------------------+
| currenttime         |
+---------------------+
| 2020-04-25 15:27:15 |
+---------------------+
1 row in set (0.00 sec)

mysql> 
mysql> mysql \. C:\workspace\cloud\code\sql\_DailyScript\DAILY-SCRIPT-RADIO-STATS.sql
Database changed
Query OK, 0 rows affected (0.01 sec)

Query OK, 251872 rows affected (7.87 sec)
Records: 251872  Duplicates: 0  Warnings: 0

+-----------+------------+----------+--------------+--------------+-----------+-------------+----------+--------+------+------------+---------+---------------+
| Table     | Non_unique | Key_name | Seq_in_index | Column_name  | Collation | Cardinality | Sub_part | Packed | Null | Index_type | Comment | Index_comment |
+-----------+------------+----------+--------------+--------------+-----------+-------------+----------+--------+------+------------+---------+---------------+
| tempradio |          1 | idxtrad1 |            1 | device       | A         |      252946 |     NULL | NULL   | YES  | BTREE      |         |               |
| tempradio |          1 | idxtrad2 |            1 | sessionstart | A         |      252946 |     NULL | NULL   | YES  | BTREE      |         |               |
+-----------+------------+----------+--------------+--------------+-----------+-------------+----------+--------+------+------------+---------+---------------+
2 rows in set (0.00 sec)

Query OK, 376 rows affected (6.68 sec)
Records: 376  Duplicates: 0  Warnings: 0

Query OK, 0 rows affected (0.01 sec)

Query OK, 4502 rows affected (0.41 sec)
Records: 4502  Duplicates: 0  Warnings: 0

+----------------+
| rep_radiostats |
+----------------+
|           4502 |
+----------------+
1 row in set (0.00 sec)

mysql> mysql \. C:\workspace\cloud\code\sql\_DailyScript\currenttime.sql
+---------------------+
| currenttime         |
+---------------------+
| 2020-04-25 15:27:30 |
+---------------------+
1 row in set (0.01 sec)

mysql> 
mysql> mysql \. C:\workspace\cloud\code\sql\_DailyScript\DAILY_SCRIPT_TELEMETRY_PIVOT_2020.sql
Query OK, 0 rows affected (0.01 sec)

Query OK, 144 rows affected (0.17 sec)
Records: 144  Duplicates: 0  Warnings: 0

Query OK, 0 rows affected (0.01 sec)

Query OK, 8894 rows affected (1.30 sec)
Records: 8894  Duplicates: 0  Warnings: 0

Query OK, 0 rows affected (0.01 sec)

Query OK, 8 rows affected (0.02 sec)
Records: 8  Duplicates: 0  Warnings: 0

Query OK, 0 rows affected (0.00 sec)

Query OK, 47 rows affected (0.07 sec)
Records: 47  Duplicates: 0  Warnings: 0

mysql> mysql \. C:\workspace\cloud\code\sql\_DailyScript\currenttime.sql
+---------------------+
| currenttime         |
+---------------------+
| 2020-04-25 15:27:32 |
+---------------------+
1 row in set (0.00 sec)

mysql> 
mysql> mysql \. C:\workspace\cloud\code\sql\_DailyScript\telemetry_livetv_ranking2020.sql
Query OK, 0 rows affected (0.01 sec)

Query OK, 144 rows affected (0.01 sec)
Records: 144  Duplicates: 0  Warnings: 0

mysql> mysql \. C:\workspace\cloud\code\sql\_DailyScript\currenttime.sql
+---------------------+
| currenttime         |
+---------------------+
| 2020-04-25 15:27:32 |
+---------------------+
1 row in set (0.00 sec)

mysql> 
mysql> mysql \. C:\workspace\cloud\code\sql\_DailyScript\telemetry_radio_ranking2020.sql
Query OK, 0 rows affected (0.00 sec)

Query OK, 8 rows affected (0.01 sec)
Records: 8  Duplicates: 0  Warnings: 0

mysql> mysql \. C:\workspace\cloud\code\sql\_DailyScript\currenttime.sql
+---------------------+
| currenttime         |
+---------------------+
| 2020-04-25 15:27:32 |
+---------------------+
1 row in set (0.01 sec)

mysql> 
mysql> mysql \. C:\workspace\cloud\code\sql\_DailyScript\telemetry_ts_ranking2020.sql
Query OK, 0 rows affected (0.00 sec)

Query OK, 47 rows affected (0.01 sec)
Records: 47  Duplicates: 0  Warnings: 0

mysql> mysql \. C:\workspace\cloud\code\sql\_DailyScript\currenttime.sql
+---------------------+
| currenttime         |
+---------------------+
| 2020-04-25 15:27:32 |
+---------------------+
1 row in set (0.00 sec)

mysql> 
mysql> mysql \. C:\workspace\cloud\code\sql\_DailyScript\telemetry_vod_ranking2020.sql
Query OK, 0 rows affected (0.11 sec)

Query OK, 8894 rows affected (0.52 sec)
Records: 8894  Duplicates: 0  Warnings: 0

mysql> mysql \. C:\workspace\cloud\code\sql\_DailyScript\currenttime.sql
+---------------------+
| currenttime         |
+---------------------+
| 2020-04-25 15:27:33 |
+---------------------+
1 row in set (0.00 sec)

mysql> 
mysql> mysql \. C:\workspace\cloud\code\sql\_DailyScript\telemetry_vod_ranking2020_1.sql
Query OK, 0 rows affected (0.01 sec)

Query OK, 8894 rows affected (0.23 sec)
Records: 8894  Duplicates: 0  Warnings: 0

mysql> mysql \. C:\workspace\cloud\code\sql\_DailyScript\currenttime.sql
+---------------------+
| currenttime         |
+---------------------+
| 2020-04-25 15:27:33 |
+---------------------+
1 row in set (0.00 sec)

mysql> 
mysql> mysql \. C:\workspace\cloud\code\sql\_DailyScript\telemetry_vod_ranking2020_2.sql
Query OK, 0 rows affected (0.01 sec)

Query OK, 8894 rows affected (0.23 sec)
Records: 8894  Duplicates: 0  Warnings: 0

mysql> mysql \. C:\workspace\cloud\code\sql\_DailyScript\currenttime.sql
+---------------------+
| currenttime         |
+---------------------+
| 2020-04-25 15:27:33 |
+---------------------+
1 row in set (0.00 sec)

mysql> 
mysql> mysql \. C:\workspace\cloud\code\sql\_DailyScript\DAILY-SCRIPT-CREATE-LOAD.sql
Database changed
Database changed
Query OK, 0 rows affected (0.04 sec)

Query OK, 0 rows affected (0.01 sec)

Database changed
Query OK, 66414 rows affected (3.38 sec)
Records: 66414  Deleted: 0  Skipped: 0  Warnings: 0

Query OK, 0 rows affected (0.20 sec)
Records: 0  Duplicates: 0  Warnings: 0

Query OK, 0 rows affected (0.31 sec)
Records: 0  Duplicates: 0  Warnings: 0

Query OK, 0 rows affected (0.29 sec)
Records: 0  Duplicates: 0  Warnings: 0

Query OK, 0 rows affected (0.28 sec)
Records: 0  Duplicates: 0  Warnings: 0

+---------+
| clients |
+---------+
|   66414 |
+---------+
1 row in set (0.03 sec)

Query OK, 0 rows affected (0.01 sec)

Query OK, 9078 rows affected (5.72 sec)
Records: 9078  Duplicates: 0  Warnings: 0

Query OK, 0 rows affected (0.06 sec)
Records: 0  Duplicates: 0  Warnings: 0

+-------------------+
| rcb_clientparcels |
+-------------------+
|              9078 |
+-------------------+
1 row in set (0.01 sec)

Query OK, 0 rows affected (0.01 sec)

Query OK, 80397 rows affected (3.79 sec)
Records: 80397  Duplicates: 0  Warnings: 0

Query OK, 0 rows affected (0.47 sec)
Records: 0  Duplicates: 0  Warnings: 0

Query OK, 0 rows affected (0.01 sec)

Query OK, 66414 rows affected (17.85 sec)
Records: 66414  Duplicates: 0  Warnings: 0

Query OK, 0 rows affected (0.26 sec)
Records: 0  Duplicates: 0  Warnings: 0

Query OK, 0 rows affected (0.24 sec)
Records: 0  Duplicates: 0  Warnings: 0

Query OK, 0 rows affected (0.21 sec)
Records: 0  Duplicates: 0  Warnings: 0

+---------------+
| clientaddress |
+---------------+
|         66414 |
+---------------+
1 row in set (0.02 sec)

Database changed
Query OK, 0 rows affected (0.01 sec)

Query OK, 0 rows affected (0.01 sec)

Database changed
Query OK, 509728 rows affected, 65535 warnings (18.75 sec)
Records: 509728  Deleted: 0  Skipped: 0  Warnings: 204619

Query OK, 0 rows affected (3.84 sec)
Records: 0  Duplicates: 0  Warnings: 0

Query OK, 0 rows affected (3.12 sec)
Records: 0  Duplicates: 0  Warnings: 0

Query OK, 0 rows affected (1.84 sec)
Records: 0  Duplicates: 0  Warnings: 0

Query OK, 0 rows affected (0.07 sec)

Query OK, 509728 rows affected (52.33 sec)
Records: 509728  Duplicates: 0  Warnings: 0

Query OK, 0 rows affected (2.17 sec)
Records: 0  Duplicates: 0  Warnings: 0

Query OK, 0 rows affected (1.53 sec)
Records: 0  Duplicates: 0  Warnings: 0

+-----------+
| contracts |
+-----------+
|    509728 |
+-----------+
1 row in set (0.19 sec)

+-----------------+
| contractaddress |
+-----------------+
|          509728 |
+-----------------+
1 row in set (0.15 sec)

Database changed
Query OK, 0 rows affected (0.01 sec)

Query OK, 0 rows affected (0.01 sec)

Query OK, 7360 rows affected (0.17 sec)
Records: 7360  Deleted: 0  Skipped: 0  Warnings: 0

Query OK, 0 rows affected (0.03 sec)

Query OK, 7329 rows affected (2.22 sec)
Records: 7329  Duplicates: 0  Warnings: 0

Query OK, 0 rows affected (0.14 sec)
Records: 0  Duplicates: 0  Warnings: 0

Query OK, 0 rows affected (0.06 sec)

Query OK, 5667 rows affected (0.05 sec)
Records: 5667  Duplicates: 0  Warnings: 0

Query OK, 0 rows affected (0.04 sec)
Records: 0  Duplicates: 0  Warnings: 0

+-------------------+
| contractdiscounts |
+-------------------+
|              7360 |
+-------------------+
1 row in set (0.01 sec)

+-------------------------+
| clientcontractdiscounts |
+-------------------------+
|                    7329 |
+-------------------------+
1 row in set (0.00 sec)

+----------------------------+
| clientcontractlastdiscount |
+----------------------------+
|                       5667 |
+----------------------------+
1 row in set (0.01 sec)

Database changed
Query OK, 0 rows affected (0.05 sec)

Query OK, 0 rows affected (0.05 sec)

Database changed
Query OK, 135064 rows affected, 4 warnings (3.37 sec)
Records: 135064  Deleted: 0  Skipped: 0  Warnings: 4

Query OK, 0 rows affected (0.31 sec)
Records: 0  Duplicates: 0  Warnings: 0

Query OK, 0 rows affected (0.40 sec)
Records: 0  Duplicates: 0  Warnings: 0

Query OK, 0 rows affected (0.38 sec)
Records: 0  Duplicates: 0  Warnings: 0

Query OK, 0 rows affected (0.32 sec)
Records: 0  Duplicates: 0  Warnings: 0

Query OK, 0 rows affected (0.45 sec)
Records: 0  Duplicates: 0  Warnings: 0

Query OK, 0 rows affected (0.65 sec)
Records: 0  Duplicates: 0  Warnings: 0

Query OK, 0 rows affected (0.17 sec)

Query OK, 1739045 rows affected (3 min 42.92 sec)
Records: 1739045  Duplicates: 0  Warnings: 0

+---------+
| devices |
+---------+
|  135064 |
+---------+
1 row in set (0.05 sec)

+-----------------------+
| clientcontractdevices |
+-----------------------+
|               1739045 |
+-----------------------+
1 row in set (0.94 sec)

Query OK, 0 rows affected (0.04 sec)

Query OK, 134949 rows affected (6.34 sec)
Records: 134949  Duplicates: 0  Warnings: 0

+---------------------------+
| rep_clientcontractdevices |
+---------------------------+
|                    134949 |
+---------------------------+
1 row in set (0.04 sec)

Database changed
Query OK, 0 rows affected (0.03 sec)

Query OK, 0 rows affected (0.02 sec)

Query OK, 281293 rows affected (8.13 sec)
Records: 281293  Deleted: 0  Skipped: 0  Warnings: 0

Query OK, 0 rows affected (0.74 sec)
Records: 0  Duplicates: 0  Warnings: 0

Query OK, 0 rows affected (0.69 sec)
Records: 0  Duplicates: 0  Warnings: 0

Query OK, 0 rows affected (0.64 sec)
Records: 0  Duplicates: 0  Warnings: 0

Query OK, 0 rows affected (0.57 sec)
Records: 0  Duplicates: 0  Warnings: 0

+---------+
| tickets |
+---------+
|  281293 |
+---------+
1 row in set (0.09 sec)

Database changed
Query OK, 0 rows affected (0.01 sec)

Query OK, 0 rows affected (0.01 sec)

Empty set (0.00 sec)

Query OK, 0 rows affected (0.01 sec)
Records: 0  Duplicates: 0  Warnings: 0

Query OK, 354 rows affected, 2 warnings (0.03 sec)
Records: 354  Deleted: 0  Skipped: 0  Warnings: 2

+-----------------+
| tickettechusers |
+-----------------+
|             354 |
+-----------------+
1 row in set (0.00 sec)

Database changed
Query OK, 0 rows affected (0.01 sec)

Query OK, 0 rows affected (0.01 sec)

Query OK, 0 rows affected (0.01 sec)
Records: 0  Duplicates: 0  Warnings: 0

Query OK, 607385 rows affected, 45339 warnings (12.17 sec)
Records: 607385  Deleted: 0  Skipped: 0  Warnings: 45339

+-------------------+
| ticketassignments |
+-------------------+
|            607385 |
+-------------------+
1 row in set (0.19 sec)

Database changed
Query OK, 0 rows affected (0.14 sec)

Query OK, 0 rows affected (0.01 sec)

Query OK, 1241628 rows affected (17.97 sec)
Records: 1241628  Deleted: 0  Skipped: 0  Warnings: 0

Query OK, 0 rows affected (5.87 sec)
Records: 0  Duplicates: 0  Warnings: 0

Query OK, 0 rows affected (2.82 sec)
Records: 0  Duplicates: 0  Warnings: 0

Query OK, 0 rows affected (2.93 sec)
Records: 0  Duplicates: 0  Warnings: 0

Query OK, 0 rows affected (3.98 sec)
Records: 0  Duplicates: 0  Warnings: 0

+----------------+
| ticketcomments |
+----------------+
|        1241628 |
+----------------+
1 row in set (0.40 sec)

Database changed
Query OK, 0 rows affected (0.01 sec)

Query OK, 0 rows affected (0.01 sec)

Query OK, 444053 rows affected (45.70 sec)
Records: 444053  Deleted: 0  Skipped: 0  Warnings: 0

Query OK, 0 rows affected (2.47 sec)
Records: 0  Duplicates: 0  Warnings: 0

+----------+
| comments |
+----------+
|   444053 |
+----------+
1 row in set (0.14 sec)

Database changed
Query OK, 0 rows affected (0.11 sec)

Query OK, 0 rows affected (0.01 sec)

Query OK, 1213769 rows affected, 65535 warnings (1 min 10.96 sec)
Records: 1213769  Deleted: 0  Skipped: 0  Warnings: 1213785

Query OK, 0 rows affected (5.18 sec)
Records: 0  Duplicates: 0  Warnings: 0

Query OK, 0 rows affected (3.17 sec)
Records: 0  Duplicates: 0  Warnings: 0

Query OK, 0 rows affected (3.58 sec)
Records: 0  Duplicates: 0  Warnings: 0

Query OK, 0 rows affected (3.87 sec)
Records: 0  Duplicates: 0  Warnings: 0

Query OK, 0 rows affected (5.30 sec)
Records: 0  Duplicates: 0  Warnings: 0

+------------+
| devicesold |
+------------+
|    1213769 |
+------------+
1 row in set (0.40 sec)

Database changed
Query OK, 0 rows affected (0.02 sec)

Query OK, 0 rows affected (0.01 sec)

Query OK, 1732566 rows affected (27.57 sec)
Records: 1732566  Deleted: 0  Skipped: 0  Warnings: 0

Query OK, 0 rows affected (6.09 sec)
Records: 0  Duplicates: 0  Warnings: 0

Query OK, 0 rows affected (4.77 sec)
Records: 0  Duplicates: 0  Warnings: 0

Query OK, 0 rows affected (5.15 sec)
Records: 0  Duplicates: 0  Warnings: 0

+------------------+
| contractservices |
+------------------+
|          1732566 |
+------------------+
1 row in set (0.55 sec)

Database changed
Query OK, 0 rows affected (0.11 sec)

Query OK, 0 rows affected (0.01 sec)

Query OK, 4073534 rows affected (2 min 5.12 sec)
Records: 4073534  Deleted: 0  Skipped: 0  Warnings: 0

Query OK, 0 rows affected (13.51 sec)
Records: 0  Duplicates: 0  Warnings: 0

Query OK, 0 rows affected (15.03 sec)
Records: 0  Duplicates: 0  Warnings: 0

Query OK, 0 rows affected (16.28 sec)
Records: 0  Duplicates: 0  Warnings: 0

Query OK, 0 rows affected (12.55 sec)
Records: 0  Duplicates: 0  Warnings: 0

+------------------+
| invoicescontents |
+------------------+
|          4073534 |
+------------------+
1 row in set (1.39 sec)

Database changed
Query OK, 0 rows affected (0.12 sec)

Query OK, 0 rows affected (0.01 sec)

Query OK, 2849720 rows affected (3 min 10.68 sec)
Records: 2849720  Deleted: 0  Skipped: 0  Warnings: 0

Query OK, 0 rows affected (12.57 sec)
Records: 0  Duplicates: 0  Warnings: 0

Query OK, 0 rows affected (14.98 sec)
Records: 0  Duplicates: 0  Warnings: 0

Query OK, 0 rows affected (10.72 sec)
Records: 0  Duplicates: 0  Warnings: 0

Query OK, 0 rows affected (13.23 sec)
Records: 0  Duplicates: 0  Warnings: 0

Query OK, 0 rows affected (11.79 sec)
Records: 0  Duplicates: 0  Warnings: 0

+----------------+
| invoicesheader |
+----------------+
|        2849720 |
+----------------+
1 row in set (0.90 sec)

Database changed
Query OK, 0 rows affected (0.06 sec)

Query OK, 0 rows affected (0.09 sec)

Query OK, 2918662 rows affected (1 min 26.70 sec)
Records: 2918662  Deleted: 0  Skipped: 0  Warnings: 0

Query OK, 0 rows affected (10.17 sec)
Records: 0  Duplicates: 0  Warnings: 0

Query OK, 0 rows affected (10.09 sec)
Records: 0  Duplicates: 0  Warnings: 0

Query OK, 0 rows affected (8.75 sec)
Records: 0  Duplicates: 0  Warnings: 0

Query OK, 0 rows affected (9.11 sec)
Records: 0  Duplicates: 0  Warnings: 0

+---------+
| casa    |
+---------+
| 2918662 |
+---------+
1 row in set (0.91 sec)

Query OK, 0 rows affected (0.01 sec)

Query OK, 14039 rows affected (1 min 24.29 sec)
Records: 14039  Duplicates: 0  Warnings: 0

+--------------------+
| rep_paycol_channel |
+--------------------+
|              14039 |
+--------------------+
1 row in set (0.01 sec)

Query OK, 0 rows affected (0.01 sec)

Query OK, 10085 rows affected (1 min 44.46 sec)
Records: 10085  Duplicates: 0  Warnings: 0

+----------------+
| rep_paycol_pos |
+----------------+
|          10085 |
+----------------+
1 row in set (0.01 sec)

Database changed
Query OK, 0 rows affected (0.01 sec)

Query OK, 0 rows affected (0.01 sec)

Database changed
Query OK, 39155 rows affected (1.02 sec)
Records: 39155  Deleted: 0  Skipped: 0  Warnings: 0

+-------+
| users |
+-------+
| 39155 |
+-------+
1 row in set (0.01 sec)

Query OK, 0 rows affected (0.10 sec)
Records: 0  Duplicates: 0  Warnings: 0

Database changed
Query OK, 0 rows affected (0.04 sec)

Query OK, 0 rows affected (0.01 sec)

Query OK, 1872898 rows affected, 2 warnings (38.03 sec)
Records: 1872898  Deleted: 0  Skipped: 0  Warnings: 2

Query OK, 0 rows affected (9.40 sec)
Records: 0  Duplicates: 0  Warnings: 0

Query OK, 0 rows affected (6.08 sec)
Records: 0  Duplicates: 0  Warnings: 0

Query OK, 0 rows affected (6.25 sec)
Records: 0  Duplicates: 0  Warnings: 0

Query OK, 0 rows affected (5.59 sec)
Records: 0  Duplicates: 0  Warnings: 0

Query OK, 0 rows affected (5.73 sec)
Records: 0  Duplicates: 0  Warnings: 0

+-------------+
| useractions |
+-------------+
|     1872898 |
+-------------+
1 row in set (0.63 sec)

Database changed
Query OK, 0 rows affected (0.30 sec)

Query OK, 0 rows affected (0.01 sec)

Database changed
Query OK, 17308913 rows affected (3 min 52.91 sec)
Records: 17308913  Deleted: 0  Skipped: 0  Warnings: 0

Query OK, 0 rows affected (1 min 1.20 sec)
Records: 0  Duplicates: 0  Warnings: 0

Query OK, 0 rows affected (54.03 sec)
Records: 0  Duplicates: 0  Warnings: 0

Query OK, 0 rows affected (53.92 sec)
Records: 0  Duplicates: 0  Warnings: 0

Query OK, 0 rows affected (47.11 sec)
Records: 0  Duplicates: 0  Warnings: 0

+----------+
| ipusage1 |
+----------+
| 17308913 |
+----------+
1 row in set (8.17 sec)

Query OK, 0 rows affected (0.11 sec)

Query OK, 17471506 rows affected, 65535 warnings (8 min 14.93 sec)
Records: 17471506  Duplicates: 0  Warnings: 17466787

Query OK, 0 rows affected (56.30 sec)
Records: 0  Duplicates: 0  Warnings: 0

Query OK, 0 rows affected (55.68 sec)
Records: 0  Duplicates: 0  Warnings: 0

Query OK, 0 rows affected (55.97 sec)
Records: 0  Duplicates: 0  Warnings: 0

Query OK, 0 rows affected (50.16 sec)
Records: 0  Duplicates: 0  Warnings: 0

Query OK, 0 rows affected (1 min 23.95 sec)
Records: 0  Duplicates: 0  Warnings: 0

Query OK, 0 rows affected (1 min 26.09 sec)
Records: 0  Duplicates: 0  Warnings: 0

Query OK, 0 rows affected (1 min 18.48 sec)
Records: 0  Duplicates: 0  Warnings: 0

+----------+
| ipusage  |
+----------+
| 17471506 |
+----------+
1 row in set (8.05 sec)

Query OK, 0 rows affected (0.11 sec)

Query OK, 4343699 rows affected (4 min 32.74 sec)
Records: 4343699  Duplicates: 0  Warnings: 0

Query OK, 0 rows affected (17.65 sec)
Records: 0  Duplicates: 0  Warnings: 0

Query OK, 0 rows affected (12.19 sec)
Records: 0  Duplicates: 0  Warnings: 0

Query OK, 0 rows affected (17.24 sec)
Records: 0  Duplicates: 0  Warnings: 0

Query OK, 0 rows affected (22.84 sec)
Records: 0  Duplicates: 0  Warnings: 0

Query OK, 0 rows affected (14.60 sec)
Records: 0  Duplicates: 0  Warnings: 0

Query OK, 0 rows affected (0.16 sec)

Query OK, 362852 rows affected (36.04 sec)
Records: 362852  Duplicates: 0  Warnings: 0

Query OK, 0 rows affected (1.30 sec)
Records: 0  Duplicates: 0  Warnings: 0

Query OK, 0 rows affected (1.19 sec)
Records: 0  Duplicates: 0  Warnings: 0

Query OK, 0 rows affected (1.36 sec)
Records: 0  Duplicates: 0  Warnings: 0

Query OK, 0 rows affected (0.74 sec)
Records: 0  Duplicates: 0  Warnings: 0

Query OK, 0 rows affected (0.75 sec)
Records: 0  Duplicates: 0  Warnings: 0

Query OK, 0 rows affected (0.71 sec)
Records: 0  Duplicates: 0  Warnings: 0

Query OK, 0 rows affected (0.71 sec)
Records: 0  Duplicates: 0  Warnings: 0

Query OK, 0 rows affected (0.04 sec)

Query OK, 1732364 rows affected (59.40 sec)
Records: 1732364  Duplicates: 0  Warnings: 0

Query OK, 0 rows affected (11.24 sec)
Records: 0  Duplicates: 0  Warnings: 0

Query OK, 0 rows affected (3.75 sec)
Records: 0  Duplicates: 0  Warnings: 0

Query OK, 0 rows affected (5.68 sec)
Records: 0  Duplicates: 0  Warnings: 0

mysql> mysql \. C:\workspace\cloud\code\sql\_DailyScript\currenttime.sql
+---------------------+
| currenttime         |
+---------------------+
| 2020-04-25 16:23:07 |
+---------------------+
1 row in set (0.01 sec)

mysql> 
mysql> mysql \. C:\workspace\cloud\code\sql\_DailyScript\ticket_analysis.sql
Database changed
Query OK, 0 rows affected (0.06 sec)

Query OK, 602598 rows affected (24.76 sec)
Records: 602598  Duplicates: 0  Warnings: 0

Query OK, 0 rows affected (4.36 sec)
Records: 0  Duplicates: 0  Warnings: 0

Query OK, 0 rows affected (1.81 sec)
Records: 0  Duplicates: 0  Warnings: 0

Query OK, 0 rows affected (1.70 sec)
Records: 0  Duplicates: 0  Warnings: 0

Query OK, 0 rows affected (0.03 sec)

Query OK, 19738 rows affected (12.11 sec)
Records: 19738  Duplicates: 0  Warnings: 0

Query OK, 0 rows affected, 1 warning (0.01 sec)

Query OK, 84370 rows affected (7.17 sec)
Records: 84370  Duplicates: 0  Warnings: 0

Query OK, 0 rows affected, 1 warning (0.01 sec)

Query OK, 434912 rows affected (13.36 sec)
Records: 434912  Duplicates: 0  Warnings: 0

Query OK, 0 rows affected, 1 warning (0.01 sec)

Query OK, 434912 rows affected (13.31 sec)
Records: 434912  Duplicates: 0  Warnings: 0

Query OK, 0 rows affected (0.01 sec)

Query OK, 84436 rows affected (4.59 sec)
Records: 84436  Duplicates: 0  Warnings: 0

Database changed
Query OK, 0 rows affected (0.06 sec)

Query OK, 0 rows affected (0.15 sec)

Query OK, 602598 rows affected (22.25 sec)
Records: 602598  Duplicates: 0  Warnings: 0

Query OK, 0 rows affected (0.01 sec)

Query OK, 299937 rows affected (16.33 sec)
Records: 299937  Duplicates: 0  Warnings: 0

+--------------------------+
| clientticket_cmmtjourney |
+--------------------------+
|                   602598 |
+--------------------------+
1 row in set (5.52 sec)

+---------------------------+
| clientticket_assgnjourney |
+---------------------------+
|                    299937 |
+---------------------------+
1 row in set (0.36 sec)

Query OK, 0 rows affected (0.01 sec)

Query OK, 65 rows affected (0.19 sec)
Records: 65  Duplicates: 0  Warnings: 0

mysql> mysql \. C:\workspace\cloud\code\sql\_DailyScript\currenttime.sql
+---------------------+
| currenttime         |
+---------------------+
| 2020-04-25 16:25:15 |
+---------------------+
1 row in set (0.01 sec)

mysql> 
mysql> mysql \. C:\workspace\cloud\code\sql\_DailyScript\load_DailyCalls.sql
Database changed
Query OK, 1054 rows affected (1.30 sec)
Records: 1054  Deleted: 0  Skipped: 0  Warnings: 0

Query OK, 0 rows affected, 1 warning (0.00 sec)

Query OK, 1023 rows affected (0.18 sec)
Records: 1023  Duplicates: 0  Warnings: 0

Query OK, 0 rows affected, 1 warning (0.00 sec)

Query OK, 66497 rows affected (0.42 sec)
Records: 66497  Duplicates: 0  Warnings: 0

+----------------------+
| callingclientsbefore |
+----------------------+
|               905732 |
+----------------------+
1 row in set (7.00 sec)

Query OK, 1339 rows affected (25.69 sec)
Records: 1339  Duplicates: 0  Warnings: 0

+---------------------+
| callingclientsafter |
+---------------------+
|              907071 |
+---------------------+
1 row in set (0.28 sec)

Query OK, 0 rows affected (0.01 sec)

Query OK, 575 rows affected (23.00 sec)
Records: 575  Duplicates: 0  Warnings: 0

Query OK, 0 rows affected (0.01 sec)

Query OK, 18186 rows affected (3.23 sec)
Records: 18186  Duplicates: 0  Warnings: 0

+-----------+
| callstats |
+-----------+
|     18186 |
+-----------+
1 row in set (0.01 sec)

Query OK, 0 rows affected, 1 warning (0.00 sec)

Query OK, 1339 rows affected (20.57 sec)
Records: 1339  Duplicates: 0  Warnings: 0

+------------------------+
| rep_cccallreportbefore |
+------------------------+
|                 910286 |
+------------------------+
1 row in set (0.35 sec)

Query OK, 1339 rows affected (0.71 sec)
Records: 1339  Duplicates: 0  Warnings: 0

+-----------------------+
| rep_cccallreportafter |
+-----------------------+
|                911625 |
+-----------------------+
1 row in set (0.29 sec)

Query OK, 0 rows affected (0.00 sec)

mysql> mysql \. C:\workspace\cloud\code\sql\_DailyScript\currenttime.sql
+---------------------+
| currenttime         |
+---------------------+
| 2020-04-25 16:26:38 |
+---------------------+
1 row in set (0.00 sec)

mysql> 
mysql> mysql \. C:\workspace\cloud\code\sql\_DailyScript\DAILY-SCRIPT-USAGE.sql
Database changed
Query OK, 0 rows affected (0.00 sec)

Query OK, 8474 rows affected, 24508 warnings (2.91 sec)
Records: 8474  Deleted: 0  Skipped: 0  Warnings: 24508

Query OK, 0 rows affected (0.00 sec)

Query OK, 13407 rows affected, 38778 warnings (5.44 sec)
Records: 13407  Deleted: 0  Skipped: 0  Warnings: 38778

Query OK, 0 rows affected (0.01 sec)

Query OK, 352 rows affected, 1252 warnings (0.12 sec)
Records: 352  Deleted: 0  Skipped: 0  Warnings: 1252

Query OK, 0 rows affected (0.01 sec)

Query OK, 223 rows affected, 776 warnings (0.09 sec)
Records: 223  Deleted: 0  Skipped: 0  Warnings: 776

+------------+
| dailyusage |
+------------+
|   11777395 |
+------------+
1 row in set (48.23 sec)

+------------+------------+------------+---------+
| datestart  | dateend    | insertedon | records |
+------------+------------+------------+---------+
| 2020-04-24 | 2020-04-24 | 2020-04-25 |   22456 |
| 2020-04-23 | 2020-04-23 | 2020-04-24 |   22158 |
| 2020-04-22 | 2020-04-22 | 2020-04-23 |   19588 |
| 2020-04-21 | 2020-04-21 | 2020-04-22 |   21286 |
| 2020-04-20 | 2020-04-20 | 2020-04-21 |   21226 |
+------------+------------+------------+---------+
5 rows in set (6 min 51.01 sec)

mysql> mysql \. C:\workspace\cloud\code\sql\_DailyScript\currenttime.sql
+---------------------+
| currenttime         |
+---------------------+
| 2020-04-25 16:34:26 |
+---------------------+
1 row in set (0.01 sec)

mysql> 
mysql> mysql \. C:\workspace\cloud\code\sql\_DailyScript\DAILY-SCRIPT-SALES-TELEMETRY.sql
Database changed
Query OK, 169 rows affected, 44 warnings (0.23 sec)
Records: 169  Deleted: 0  Skipped: 0  Warnings: 44

+------------+
| dailysales |
+------------+
|     192760 |
+------------+
1 row in set (0.84 sec)

Query OK, 0 rows affected (0.01 sec)

Query OK, 192760 rows affected (25.86 sec)
Records: 192760  Duplicates: 0  Warnings: 0

+--------+
| sales  |
+--------+
| 192760 |
+--------+
1 row in set (0.08 sec)

Query OK, 0 rows affected (0.01 sec)

Query OK, 3098 rows affected (0.34 sec)
Records: 3098  Duplicates: 0  Warnings: 0

+----------------+
| rep_dailysales |
+----------------+
|           3098 |
+----------------+
1 row in set (0.00 sec)

Query OK, 0 rows affected (0.01 sec)

Query OK, 3098 rows affected (0.54 sec)
Records: 3098  Duplicates: 0  Warnings: 0

+-------------------+
| rep_dailysalesreg |
+-------------------+
|              3098 |
+-------------------+
1 row in set (0.01 sec)

Query OK, 0 rows affected (0.01 sec)

Query OK, 2712 rows affected (0.71 sec)
Records: 2712  Duplicates: 0  Warnings: 0

+-----------+
| saleslist |
+-----------+
|      2712 |
+-----------+
1 row in set (0.00 sec)

Database changed
ERROR 2 (HY000): File 'C:\ProgramData\MySQL\MySQL Server 5.7\Uploads\_csv\PrepaidCardSales-24042020-P1.csv' not found (Errcode: 2 - No such file or directory)
+------------------+
| dailysinglesales |
+------------------+
|             6243 |
+------------------+
1 row in set (0.07 sec)

Database changed
Query OK, 27 rows affected (0.05 sec)
Records: 27  Deleted: 0  Skipped: 0  Warnings: 0

+-----------------+
| dailyaddonsales |
+-----------------+
|           19130 |
+-----------------+
1 row in set (0.11 sec)

Query OK, 444 rows affected (0.39 sec)
Records: 444  Deleted: 0  Skipped: 0  Warnings: 0

+----------------+
| onlinepayments |
+----------------+
|          93221 |
+----------------+
1 row in set (0.26 sec)

+-------------+----------------+---------------------+
| paymentdate | onlinepayments | onlinepaymentamount |
+-------------+----------------+---------------------+
| 2020-04-24  |            444 |        312009.40000 |
| 2020-04-23  |            373 |        242699.54000 |
| 2020-04-22  |            243 |        164979.14000 |
| 2020-04-21  |            211 |        141642.50000 |
| 2020-04-20  |            300 |        175225.50000 |
+-------------+----------------+---------------------+
5 rows in set (6.84 sec)

+-------------+--------------+----------------+---------------------+
| paymentyear | paymentmonth | onlinepayments | onlinepaymentamount |
+-------------+--------------+----------------+---------------------+
|        2020 |            4 |           5613 |       3566671.41000 |
|        2020 |            3 |           4932 |       3198124.05000 |
|        2020 |            2 |           3434 |       2334711.58000 |
|        2020 |            1 |           3598 |       2395112.36000 |
|        2020 |         NULL |          17577 |      11494619.40000 |
+-------------+--------------+----------------+---------------------+
5 rows in set (0.12 sec)

mysql> mysql \. C:\workspace\cloud\code\sql\_DailyScript\currenttime.sql
+---------------------+
| currenttime         |
+---------------------+
| 2020-04-25 16:35:02 |
+---------------------+
1 row in set (0.00 sec)

mysql> 
mysql> mysql \. C:\workspace\cloud\code\sql\_DailyScript\DAILY-SCRIPT-ACTIVENUMBERS.sql
Database changed
Query OK, 1169 rows affected (1.08 sec)
Records: 1169  Deleted: 0  Skipped: 0  Warnings: 0

+------------+----------+
| period     | count(1) |
+------------+----------+
| 2020-04-24 |     1169 |
| 2020-04-23 |     1169 |
| 2020-04-22 |     1171 |
| 2020-04-21 |     1172 |
| 2020-04-20 |     1173 |
+------------+----------+
5 rows in set (0.01 sec)

Query OK, 0 rows affected (0.01 sec)

Query OK, 80 rows affected (1.61 sec)
Records: 80  Duplicates: 0  Warnings: 0

+-------------+
| packagelist |
+-------------+
|          80 |
+-------------+
1 row in set (0.00 sec)

Database changed
Query OK, 0 rows affected (0.00 sec)

Query OK, 0 rows affected (0.01 sec)

Query OK, 0 rows affected (0.00 sec)

Query OK, 0 rows affected (0.00 sec)

Query OK, 27712 rows affected, 243 warnings (1 min 5.66 sec)
Records: 27712  Deleted: 0  Skipped: 0  Warnings: 243

+------------+----------+
| period     | count(1) |
+------------+----------+
| 2020-04-24 |    27712 |
| 2020-04-23 |    27738 |
| 2020-04-22 |    27685 |
| 2020-04-21 |    27581 |
| 2020-04-20 |    27584 |
+------------+----------+
5 rows in set (0.12 sec)

Query OK, 0 rows affected (0.04 sec)

Query OK, 27115 rows affected (3 min 10.11 sec)
Records: 27115  Duplicates: 0  Warnings: 0

Query OK, 0 rows affected (0.17 sec)
Records: 0  Duplicates: 0  Warnings: 0

Query OK, 0 rows affected (0.10 sec)
Records: 0  Duplicates: 0  Warnings: 0

Query OK, 0 rows affected (0.10 sec)
Records: 0  Duplicates: 0  Warnings: 0

Query OK, 0 rows affected (0.10 sec)
Records: 0  Duplicates: 0  Warnings: 0

Query OK, 0 rows affected (0.07 sec)
Records: 0  Duplicates: 0  Warnings: 0

Query OK, 0 rows affected (0.07 sec)
Records: 0  Duplicates: 0  Warnings: 0

+-------------+
| countbefore |
+-------------+
|    35285618 |
+-------------+
1 row in set (2 min 37.17 sec)

Query OK, 27115 rows affected (33.88 sec)
Records: 27115  Duplicates: 0  Warnings: 0

+------------+
| countafter |
+------------+
|   35312733 |
+------------+
1 row in set (13.97 sec)

+------------+--------------------------+
| period     | customercontractactivity |
+------------+--------------------------+
| 2020-04-24 |                    27115 |
| 2020-04-23 |                    27142 |
| 2020-04-22 |                    27089 |
| 2020-04-21 |                    26985 |
| 2020-04-20 |                    26989 |
+------------+--------------------------+
5 rows in set (0.06 sec)

Query OK, 0 rows affected (0.05 sec)

Query OK, 261804 rows affected (22 min 37.37 sec)
Records: 261804  Duplicates: 0  Warnings: 0

Query OK, 0 rows affected (1.05 sec)
Records: 0  Duplicates: 0  Warnings: 0

Query OK, 0 rows affected (1.03 sec)
Records: 0  Duplicates: 0  Warnings: 0

Query OK, 0 rows affected (1.08 sec)
Records: 0  Duplicates: 0  Warnings: 0

Query OK, 0 rows affected (0.01 sec)

Query OK, 184 rows affected (0.63 sec)
Records: 184  Duplicates: 0  Warnings: 0

Query OK, 0 rows affected (0.01 sec)

Query OK, 2571 rows affected (0.61 sec)
Records: 2571  Duplicates: 0  Warnings: 0

Query OK, 0 rows affected (0.01 sec)

Query OK, 27098 rows affected (0.67 sec)
Records: 27098  Duplicates: 0  Warnings: 0

Query OK, 0 rows affected (0.01 sec)

Query OK, 17062 rows affected (0.52 sec)
Records: 17062  Duplicates: 0  Warnings: 0

Query OK, 0 rows affected (0.01 sec)

Query OK, 17062 rows affected (0.13 sec)
Records: 17062  Duplicates: 0  Warnings: 0

Query OK, 0 rows affected (0.01 sec)

Query OK, 17062 rows affected (1.35 sec)
Records: 17062  Duplicates: 0  Warnings: 0

Query OK, 0 rows affected (0.03 sec)

Query OK, 17062 rows affected (49.43 sec)
Records: 17062  Duplicates: 0  Warnings: 0

+-------------+
| clientstats |
+-------------+
|       17062 |
+-------------+
1 row in set (0.01 sec)

Query OK, 0 rows affected (0.01 sec)

Query OK, 13 rows affected, 1 warning (0.10 sec)
Records: 13  Duplicates: 0  Warnings: 1

+-----------------------+-------------+-------------+----------------+-----------------+
| services              | activecount | allaccounts | uniqueaccounts | uniquecontracts |
+-----------------------+-------------+-------------+----------------+-----------------+
| All                   |         307 |          53 |             53 |             170 |
| Internet & Voice      |         393 |         178 |            178 |             347 |
| Internet Only         |        4255 |        4165 |           4158 |            4203 |
| OTT Only              |           2 |           2 |              2 |               2 |
| TV & Internet         |        9371 |        4183 |           4175 |            8506 |
| TV & Internet & OTT   |        2960 |         787 |            786 |            1619 |
| TV & Internet & Voice |         499 |         147 |            147 |             449 |
| TV & OTT              |         374 |          66 |             65 |              82 |
| TV & Voice            |          83 |          37 |             37 |              76 |
| TV & Voice & OTT      |           4 |           1 |              1 |               3 |
| TV Only               |        9431 |        7293 |           7281 |            7488 |
| Voice Only            |         151 |         150 |            150 |             151 |
| GRAND TOTAL           |       27830 |       17062 |          16978 |           23096 |
+-----------------------+-------------+-------------+----------------+-----------------+
13 rows in set (0.00 sec)

+-------------+-------------+-------------+----------------+-----------------+
| network     | activecount | allaccounts | uniqueaccounts | uniquecontracts |
+-------------+-------------+-------------+----------------+-----------------+
| ADDON       |          15 |          10 |             10 |              10 |
| GPON        |        8668 |        4348 |           4345 |            6768 |
| HFC         |       19147 |       12704 |          12704 |           16318 |
| GRAND TOTAL |       27830 |       17062 |          16978 |           23096 |
+-------------+-------------+-------------+----------------+-----------------+
4 rows in set, 1 warning (0.12 sec)

+-------------+-----------------------+-------------+-------------+----------------+-----------------+
| network     | services              | activecount | allaccounts | uniqueaccounts | uniquecontracts |
+-------------+-----------------------+-------------+-------------+----------------+-----------------+
| ADDON       | OTT Only              |           2 |           2 |              2 |               2 |
| ADDON       | TV & OTT              |           8 |           3 |              3 |               3 |
| ADDON       | TV Only               |           5 |           5 |              5 |               5 |
| ADDON       | Services Total        |          15 |          10 |             10 |              10 |
| GPON        | All                   |         169 |          29 |             29 |              92 |
| GPON        | Internet & Voice      |          61 |          25 |             25 |              51 |
| GPON        | Internet Only         |        1092 |        1023 |           1023 |            1046 |
| GPON        | TV & Internet         |        3625 |        1559 |           1559 |            3204 |
| GPON        | TV & Internet & OTT   |        1680 |         444 |            444 |             920 |
| GPON        | TV & Internet & Voice |         183 |          53 |             53 |             164 |
| GPON        | TV & OTT              |         136 |          29 |             29 |              32 |
| GPON        | TV & Voice            |          37 |          16 |             16 |              33 |
| GPON        | TV & Voice & OTT      |           4 |           1 |              1 |               3 |
| GPON        | TV Only               |        1668 |        1156 |           1156 |            1210 |
| GPON        | Voice Only            |          13 |          13 |             13 |              13 |
| GPON        | Services Total        |        8668 |        4348 |           4345 |            6768 |
| HFC         | All                   |         138 |          24 |             24 |              78 |
| HFC         | Internet & Voice      |         332 |         153 |            153 |             296 |
| HFC         | Internet Only         |        3163 |        3142 |           3142 |            3157 |
| HFC         | TV & Internet         |        5746 |        2624 |           2624 |            5302 |
| HFC         | TV & Internet & OTT   |        1280 |         343 |            343 |             699 |
| HFC         | TV & Internet & Voice |         316 |          94 |             94 |             285 |
| HFC         | TV & OTT              |         230 |          34 |             34 |              47 |
| HFC         | TV & Voice            |          46 |          21 |             21 |              43 |
| HFC         | TV Only               |        7758 |        6132 |           6132 |            6273 |
| HFC         | Voice Only            |         138 |         137 |            137 |             138 |
| HFC         | Services Total        |       19147 |       12704 |          12704 |           16318 |
| GRAND TOTAL | Services Total        |       27830 |       17062 |          16978 |           23096 |
+-------------+-----------------------+-------------+-------------+----------------+-----------------+
28 rows in set, 2 warnings (0.14 sec)

Query OK, 0 rows affected (0.06 sec)

Query OK, 45 rows affected, 3 warnings (0.19 sec)
Records: 45  Duplicates: 0  Warnings: 3

+-------------+---------------+-----------------------+-------------+-------------+----------------+-----------------+
| region      | network       | services              | activecount | allaccounts | uniqueaccounts | uniquecontracts |
+-------------+---------------+-----------------------+-------------+-------------+----------------+-----------------+
| Mahe        | ADDON         | OTT Only              |           2 |           2 |              2 |               2 |
| Mahe        | ADDON         | TV & OTT              |           8 |           3 |              3 |               3 |
| Mahe        | ADDON         | TV Only               |           1 |           1 |              1 |               1 |
| Mahe        | ADDON         | Services Total        |          11 |           6 |              6 |               6 |
| Mahe        | GPON          | All                   |         152 |          26 |             26 |              83 |
| Mahe        | GPON          | Internet & Voice      |          49 |          19 |             19 |              39 |
| Mahe        | GPON          | Internet Only         |         876 |         807 |            807 |             830 |
| Mahe        | GPON          | TV & Internet         |        2784 |        1186 |           1186 |            2439 |
| Mahe        | GPON          | TV & Internet & OTT   |        1203 |         305 |            305 |             631 |
| Mahe        | GPON          | TV & Internet & Voice |         168 |          49 |             49 |             150 |
| Mahe        | GPON          | TV & OTT              |         118 |          23 |             23 |              26 |
| Mahe        | GPON          | TV & Voice            |          37 |          16 |             16 |              33 |
| Mahe        | GPON          | TV & Voice & OTT      |           4 |           1 |              1 |               3 |
| Mahe        | GPON          | TV Only               |        1321 |         900 |            900 |             941 |
| Mahe        | GPON          | Voice Only            |          12 |          12 |             12 |              12 |
| Mahe        | GPON          | Services Total        |        6724 |        3344 |           3344 |            5187 |
| Mahe        | HFC           | All                   |         138 |          24 |             24 |              78 |
| Mahe        | HFC           | Internet & Voice      |         332 |         153 |            153 |             296 |
| Mahe        | HFC           | Internet Only         |        3162 |        3141 |           3141 |            3156 |
| Mahe        | HFC           | TV & Internet         |        5746 |        2624 |           2624 |            5302 |
| Mahe        | HFC           | TV & Internet & OTT   |        1280 |         343 |            343 |             699 |
| Mahe        | HFC           | TV & Internet & Voice |         316 |          94 |             94 |             285 |
| Mahe        | HFC           | TV & OTT              |         230 |          34 |             34 |              47 |
| Mahe        | HFC           | TV & Voice            |          46 |          21 |             21 |              43 |
| Mahe        | HFC           | TV Only               |        7753 |        6129 |           6129 |            6270 |
| Mahe        | HFC           | Voice Only            |         138 |         137 |            137 |             138 |
| Mahe        | HFC           | Services Total        |       19141 |       12700 |          12700 |           16314 |
| Mahe        | Network Total | Services Total        |       25876 |       16050 |          15972 |           21507 |
| Praslin     | ADDON         | TV Only               |           4 |           4 |              4 |               4 |
| Praslin     | ADDON         | Services Total        |           4 |           4 |              4 |               4 |
| Praslin     | GPON          | All                   |          17 |           3 |              3 |               9 |
| Praslin     | GPON          | Internet & Voice      |          12 |           6 |              6 |              12 |
| Praslin     | GPON          | Internet Only         |         216 |         216 |            216 |             216 |
| Praslin     | GPON          | TV & Internet         |         841 |         373 |            373 |             765 |
| Praslin     | GPON          | TV & Internet & OTT   |         477 |         139 |            139 |             289 |
| Praslin     | GPON          | TV & Internet & Voice |          15 |           4 |              4 |              14 |
| Praslin     | GPON          | TV & OTT              |          18 |           6 |              6 |               6 |
| Praslin     | GPON          | TV Only               |         347 |         256 |            256 |             269 |
| Praslin     | GPON          | Voice Only            |           1 |           1 |              1 |               1 |
| Praslin     | GPON          | Services Total        |        1944 |        1004 |           1004 |            1581 |
| Praslin     | HFC           | Internet Only         |           1 |           1 |              1 |               1 |
| Praslin     | HFC           | TV Only               |           5 |           3 |              3 |               3 |
| Praslin     | HFC           | Services Total        |           6 |           4 |              4 |               4 |
| Praslin     | Network Total | Services Total        |        1954 |        1012 |           1009 |            1589 |
| GRAND TOTAL | Network Total | Services Total        |       27830 |       17062 |          16978 |           23096 |
+-------------+---------------+-----------------------+-------------+-------------+----------------+-----------------+
45 rows in set (0.00 sec)

Query OK, 0 rows affected (0.01 sec)

Query OK, 27099 rows affected (0.52 sec)
Records: 27099  Duplicates: 0  Warnings: 0

Query OK, 0 rows affected (0.01 sec)

Query OK, 2042 rows affected (23.14 sec)
Records: 2042  Duplicates: 0  Warnings: 0

+--------------------------------------+
| message                              |
+--------------------------------------+
| running rcbill_my.sp_ActiveNumber2() |
+--------------------------------------+
1 row in set (0.00 sec)

Query OK, 365 rows affected (3 min 33.55 sec)

mysql> mysql \. C:\workspace\cloud\code\sql\_DailyScript\currenttime.sql
+---------------------+
| currenttime         |
+---------------------+
| 2020-04-25 17:10:19 |
+---------------------+
1 row in set (0.00 sec)

mysql> 
mysql> mysql \. C:\workspace\cloud\code\sql\_DailyScript\GetActiveNumbers Average -Pivot.sql
Database changed
+-------------------------------------+
| @today := subdate(current_date(),1) |
+-------------------------------------+
| 2020-04-24                          |
+-------------------------------------+
1 row in set (0.00 sec)

+-------------------------------------+
| @lastdayofmonth := last_day(@today) |
+-------------------------------------+
| 2020-04-30                          |
+-------------------------------------+
1 row in set (0.00 sec)

Query OK, 0 rows affected (0.03 sec)

Query OK, 38061 rows affected, 65535 warnings (1 min 3.27 sec)
Records: 38061  Duplicates: 0  Warnings: 78627

Query OK, 0 rows affected (0.09 sec)
Records: 0  Duplicates: 0  Warnings: 0

Query OK, 0 rows affected (0.11 sec)
Records: 0  Duplicates: 0  Warnings: 0

Query OK, 0 rows affected (0.10 sec)
Records: 0  Duplicates: 0  Warnings: 0

+-----------------+
| activenumberavg |
+-----------------+
|           38061 |
+-----------------+
1 row in set (0.01 sec)

Query OK, 0 rows affected (0.01 sec)

Query OK, 1855 rows affected (0.52 sec)
Records: 1855  Duplicates: 0  Warnings: 0

+---------------------+
| rep_activenumberavg |
+---------------------+
|                1855 |
+---------------------+
1 row in set (0.01 sec)

+----------------------+
| rep_activenumberavg1 |
+----------------------+
|                  873 |
+----------------------+
1 row in set (0.01 sec)

Query OK, 0 rows affected (0.01 sec)

Query OK, 1963 rows affected (0.40 sec)
Records: 1963  Duplicates: 0  Warnings: 0

Query OK, 0 rows affected (0.01 sec)

Query OK, 10011 rows affected (0.71 sec)
Records: 10011  Duplicates: 0  Warnings: 0

Query OK, 0 rows affected (0.01 sec)

Query OK, 0 rows affected (0.01 sec)

Query OK, 0 rows affected (0.01 sec)

Query OK, 0 rows affected (0.00 sec)

Query OK, 0 rows affected (0.00 sec)
Statement prepared

Query OK, 53 rows affected (0.04 sec)
Records: 53  Duplicates: 0  Warnings: 0

Query OK, 0 rows affected (0.00 sec)

Query OK, 0 rows affected (0.00 sec)

+----------------------+
| rep_activenumberavg2 |
+----------------------+
|                 1963 |
+----------------------+
1 row in set (0.00 sec)

+------------------------+
| rep_activenumberavg_pv |
+------------------------+
|                     53 |
+------------------------+
1 row in set (0.01 sec)

Query OK, 0 rows affected (0.00 sec)

Query OK, 1963 rows affected (0.35 sec)
Records: 1963  Duplicates: 0  Warnings: 0

Query OK, 0 rows affected (0.01 sec)

Query OK, 0 rows affected (0.01 sec)

Query OK, 0 rows affected (0.00 sec)

Query OK, 0 rows affected (0.01 sec)

Query OK, 0 rows affected (0.00 sec)
Statement prepared

Query OK, 53 rows affected (0.05 sec)
Records: 53  Duplicates: 0  Warnings: 0

Query OK, 0 rows affected (0.00 sec)

Query OK, 0 rows affected (0.00 sec)

+-------------------------+
| rep_activenumberavgMahe |
+-------------------------+
|                    1963 |
+-------------------------+
1 row in set (0.00 sec)

+----------------------------+
| rep_activenumberavgMahe_pv |
+----------------------------+
|                         53 |
+----------------------------+
1 row in set (0.00 sec)

Query OK, 0 rows affected (0.01 sec)

Query OK, 1256 rows affected (0.16 sec)
Records: 1256  Duplicates: 0  Warnings: 0

Query OK, 0 rows affected (0.00 sec)

Query OK, 0 rows affected (0.01 sec)

Query OK, 0 rows affected (0.01 sec)

Query OK, 0 rows affected (0.00 sec)

Query OK, 0 rows affected (0.01 sec)
Statement prepared

Query OK, 40 rows affected (0.03 sec)
Records: 40  Duplicates: 0  Warnings: 0

Query OK, 0 rows affected (0.00 sec)

Query OK, 0 rows affected (0.00 sec)

+----------------------------+
| rep_activenumberavgPraslin |
+----------------------------+
|                       1256 |
+----------------------------+
1 row in set (0.00 sec)

+-------------------------------+
| rep_activenumberavgPraslin_pv |
+-------------------------------+
|                            40 |
+-------------------------------+
1 row in set (0.00 sec)

mysql> mysql \. C:\workspace\cloud\code\sql\_DailyScript\currenttime.sql
+---------------------+
| currenttime         |
+---------------------+
| 2020-04-25 17:11:25 |
+---------------------+
1 row in set (0.00 sec)

mysql> 
mysql> mysql \. C:\workspace\cloud\code\sql\_DailyScript\budget_actual_analysis_2020.sql
Query OK, 0 rows affected (0.01 sec)

Query OK, 716 rows affected, 3 warnings (0.35 sec)
Records: 716  Duplicates: 0  Warnings: 3

+--------------------+
| budget_actual_2020 |
+--------------------+
|                716 |
+--------------------+
1 row in set (0.01 sec)

Query OK, 0 rows affected (0.01 sec)

Query OK, 47 rows affected (0.04 sec)
Records: 47  Duplicates: 0  Warnings: 0

+---------------------------+
| rep_budget_actual_2020_pv |
+---------------------------+
|                        47 |
+---------------------------+
1 row in set (0.00 sec)

mysql> mysql \. C:\workspace\cloud\code\sql\_DailyScript\currenttime.sql
+---------------------+
| currenttime         |
+---------------------+
| 2020-04-25 17:11:25 |
+---------------------+
1 row in set (0.01 sec)

mysql> 
mysql> mysql \. C:\workspace\cloud\code\sql\_DailyScript\reports-sales-addons-prepaid-camera.sql
Database changed
Query OK, 0 rows affected (0.01 sec)

Query OK, 4051 rows affected (0.41 sec)
Records: 4051  Duplicates: 0  Warnings: 0

Query OK, 0 rows affected (0.01 sec)

Query OK, 19173 rows affected (2 min 42.82 sec)
Records: 19173  Duplicates: 0  Warnings: 0

+--------------------+
| rep_prepaid_camera |
+--------------------+
|               4051 |
+--------------------+
1 row in set (0.01 sec)

+-----------+
| rep_addon |
+-----------+
|     19173 |
+-----------+
1 row in set (0.01 sec)

mysql> mysql \. C:\workspace\cloud\code\sql\_DailyScript\currenttime.sql
+---------------------+
| currenttime         |
+---------------------+
| 2020-04-25 17:14:09 |
+---------------------+
1 row in set (0.00 sec)

mysql> 
mysql> mysql \. C:\workspace\cloud\code\sql\_DailyScript\housing-estate-analysis.sql
Database changed
Query OK, 0 rows affected (0.01 sec)

Query OK, 3088 rows affected (1 min 4.10 sec)
Records: 3088  Duplicates: 0  Warnings: 0

+--------------------+
| rep_housingestates |
+--------------------+
|               3088 |
+--------------------+
1 row in set (0.01 sec)

mysql> mysql \. C:\workspace\cloud\code\sql\_DailyScript\currenttime.sql
+---------------------+
| currenttime         |
+---------------------+
| 2020-04-25 17:15:13 |
+---------------------+
1 row in set (0.00 sec)

mysql> 
mysql> mysql \. C:\workspace\cloud\code\sql\_DailyScript\RCB_ClientAnalyticsReport_Script.sql
Database changed
Query OK, 0 rows affected (0.00 sec)

Query OK, 0 rows affected (0.07 sec)

Query OK, 1861446 rows affected (1 min 32.15 sec)
Records: 1861446  Duplicates: 0  Warnings: 0

Query OK, 0 rows affected (7.25 sec)
Records: 0  Duplicates: 0  Warnings: 0

Query OK, 0 rows affected (5.45 sec)
Records: 0  Duplicates: 0  Warnings: 0

Query OK, 0 rows affected (9.19 sec)
Records: 0  Duplicates: 0  Warnings: 0

Query OK, 0 rows affected (8.54 sec)
Records: 0  Duplicates: 0  Warnings: 0

Query OK, 0 rows affected (9.92 sec)
Records: 0  Duplicates: 0  Warnings: 0

Query OK, 0 rows affected (7.78 sec)
Records: 0  Duplicates: 0  Warnings: 0

Query OK, 0 rows affected (0.00 sec)

Query OK, 475977 rows affected (14.92 sec)
Rows matched: 1861446  Changed: 475977  Warnings: 0

Query OK, 0 rows affected (0.01 sec)

Query OK, 28101 rows affected (4.75 sec)
Records: 28101  Duplicates: 0  Warnings: 0

Query OK, 0 rows affected (0.01 sec)

Query OK, 43384 rows affected (11 min 29.10 sec)
Records: 43384  Duplicates: 0  Warnings: 0

Query OK, 0 rows affected (0.17 sec)
Records: 0  Duplicates: 0  Warnings: 0

Query OK, 0 rows affected (0.16 sec)
Records: 0  Duplicates: 0  Warnings: 0

Query OK, 0 rows affected (0.09 sec)
Records: 0  Duplicates: 0  Warnings: 0

Query OK, 0 rows affected (0.07 sec)

Query OK, 445306 rows affected (14 min 21.39 sec)
Records: 445306  Duplicates: 0  Warnings: 0

Query OK, 0 rows affected (1.84 sec)
Records: 0  Duplicates: 0  Warnings: 0

Query OK, 0 rows affected (1.65 sec)
Records: 0  Duplicates: 0  Warnings: 0

Query OK, 0 rows affected (0.91 sec)
Records: 0  Duplicates: 0  Warnings: 0

Query OK, 0 rows affected (2.31 sec)
Records: 0  Duplicates: 0  Warnings: 0

Query OK, 0 rows affected (1.27 sec)
Records: 0  Duplicates: 0  Warnings: 0

Query OK, 0 rows affected (0.01 sec)

Query OK, 43384 rows affected (1 min 33.38 sec)
Records: 43384  Duplicates: 0  Warnings: 0

+--------------+
| clientreport |
+--------------+
|        43384 |
+--------------+
1 row in set (0.03 sec)

Query OK, 0 rows affected (0.04 sec)

Query OK, 43384 rows affected (6.90 sec)
Records: 43384  Duplicates: 0  Warnings: 0

+----------------------+
| clientextendedreport |
+----------------------+
|                43384 |
+----------------------+
1 row in set (0.01 sec)

Query OK, 0 rows affected (0.01 sec)

Query OK, 43384 rows affected (2 min 33.59 sec)
Records: 43384  Duplicates: 0  Warnings: 0

+---------+
| allcust |
+---------+
|   43384 |
+---------+
1 row in set (0.01 sec)

Query OK, 0 rows affected, 1 warning (0.00 sec)

Query OK, 5000 rows affected (0.46 sec)
Records: 5000  Duplicates: 0  Warnings: 0

Query OK, 0 rows affected (0.01 sec)

Query OK, 6878 rows affected (0.35 sec)
Records: 6878  Duplicates: 0  Warnings: 0

Query OK, 0 rows affected, 1 warning (0.01 sec)

Query OK, 5000 rows affected (0.14 sec)
Records: 5000  Duplicates: 0  Warnings: 0

Query OK, 0 rows affected (0.01 sec)

Query OK, 7305 rows affected (0.19 sec)
Records: 7305  Duplicates: 0  Warnings: 0

mysql> mysql \. C:\workspace\cloud\code\sql\_DailyScript\currenttime.sql
+---------------------+
| currenttime         |
+---------------------+
| 2020-04-25 17:48:07 |
+---------------------+
1 row in set (0.00 sec)

mysql> 
mysql> 
mysql> mysql \. C:\workspace\cloud\code\sql\_DailyScript\REVENUE_PER_NODE_MXK.sql
Query OK, 0 rows affected (0.01 sec)

Query OK, 0 rows affected (0.01 sec)

Query OK, 0 rows affected (0.01 sec)

Query OK, 5911 rows affected (2.33 sec)
Records: 5911  Duplicates: 0  Warnings: 0

+----------------------+
| message              |
+----------------------+
| created temp table a |
+----------------------+
1 row in set (0.00 sec)

Query OK, 6250 rows affected (2.86 sec)
Records: 6250  Duplicates: 0  Warnings: 0

+----------------------+
| message              |
+----------------------+
| created temp table b |
+----------------------+
1 row in set (0.00 sec)

Query OK, 0 rows affected, 1 warning (0.00 sec)

Query OK, 6230 rows affected (13.41 sec)
Records: 6230  Duplicates: 0  Warnings: 0

+--------------------------------+
| message                        |
+--------------------------------+
| created rcbill_my.tempcustmxk1 |
+--------------------------------+
1 row in set (0.00 sec)

Query OK, 0 rows affected (0.00 sec)

Query OK, 0 rows affected (0.01 sec)

Query OK, 0 rows affected, 1 warning (0.00 sec)

Query OK, 5911 rows affected (1.43 sec)
Records: 5911  Duplicates: 0  Warnings: 0

+----------------+
| message        |
+----------------+
| created temp a |
+----------------+
1 row in set (0.00 sec)

Query OK, 6250 rows affected (0.74 sec)
Records: 6250  Duplicates: 0  Warnings: 0

+----------------+
| message        |
+----------------+
| created temp b |
+----------------+
1 row in set (0.00 sec)

Query OK, 0 rows affected, 1 warning (0.01 sec)

Query OK, 6347 rows affected (8.95 sec)
Records: 6347  Duplicates: 0  Warnings: 0

+--------------------------------+
| message                        |
+--------------------------------+
| created rcbill_my.tempcustmxk2 |
+--------------------------------+
1 row in set (0.01 sec)

Query OK, 0 rows affected (0.01 sec)

Query OK, 0 rows affected (0.00 sec)

Query OK, 0 rows affected, 1 warning (0.01 sec)

Query OK, 0 rows affected (0.01 sec)

Query OK, 7038 rows affected (0.38 sec)
Records: 7038  Duplicates: 0  Warnings: 0

+---------------------------------+
| message                         |
+---------------------------------+
| created rcbill_my.customers_mxk |
+---------------------------------+
1 row in set (0.00 sec)

Query OK, 0 rows affected (0.00 sec)

Query OK, 0 rows affected (0.00 sec)

Query OK, 14023 rows affected (6.04 sec)
Records: 14023  Duplicates: 0  Warnings: 0

+----------------+
| message        |
+----------------+
| created temp a |
+----------------+
1 row in set (0.01 sec)

Query OK, 20149 rows affected (3.90 sec)
Records: 20149  Duplicates: 0  Warnings: 0

+----------------+
| message        |
+----------------+
| created temp c |
+----------------+
1 row in set (0.00 sec)

Query OK, 0 rows affected, 1 warning (0.00 sec)

Query OK, 27626 rows affected (0.30 sec)
Records: 27626  Duplicates: 0  Warnings: 0

+---------------------------------+
| message                         |
+---------------------------------+
| created rcbill_my.tempcustcmts1 |
+---------------------------------+
1 row in set (0.00 sec)

Query OK, 0 rows affected (0.01 sec)

Query OK, 0 rows affected, 1 warning (0.00 sec)

Query OK, 0 rows affected (0.01 sec)

Query OK, 14023 rows affected (6.17 sec)
Records: 14023  Duplicates: 0  Warnings: 0

+----------------+
| message        |
+----------------+
| created temp a |
+----------------+
1 row in set (0.00 sec)

Query OK, 20149 rows affected (1.42 sec)
Records: 20149  Duplicates: 0  Warnings: 0

+----------------+
| message        |
+----------------+
| created temp c |
+----------------+
1 row in set (0.00 sec)

Query OK, 0 rows affected, 1 warning (0.00 sec)

Query OK, 20859 rows affected (0.31 sec)
Records: 20859  Duplicates: 0  Warnings: 0

+---------------------------------+
| message                         |
+---------------------------------+
| created rcbill_my.tempcustcmts2 |
+---------------------------------+
1 row in set (0.00 sec)

Query OK, 0 rows affected (0.01 sec)

Query OK, 0 rows affected, 1 warning (0.01 sec)

Query OK, 0 rows affected (0.01 sec)

Query OK, 0 rows affected (0.01 sec)

Query OK, 14094 rows affected (1.05 sec)
Records: 14094  Duplicates: 0  Warnings: 0

+----------------------------------+
| message                          |
+----------------------------------+
| created rcbill_my.customers_cmts |
+----------------------------------+
1 row in set (0.00 sec)

Query OK, 0 rows affected (0.01 sec)

Query OK, 0 rows affected (0.01 sec)

Query OK, 0 rows affected (0.02 sec)

Query OK, 18213 rows affected (1.36 sec)
Records: 18213  Duplicates: 0  Warnings: 0

+--------------------------------------+
| message                              |
+--------------------------------------+
| created rcbill_my.customers_cmts_mxk |
+--------------------------------------+
1 row in set (0.00 sec)

Query OK, 471471 rows affected (1 min 16.52 sec)
Records: 471471  Duplicates: 0  Warnings: 0

+----------------+
| message        |
+----------------+
| created temp a |
+----------------+
1 row in set (0.00 sec)

Query OK, 0 rows affected (0.11 sec)

Query OK, 472184 rows affected (18.01 sec)
Records: 472184  Duplicates: 0  Warnings: 0

+------------------------------------------------+
| message                                        |
+------------------------------------------------+
| created rcbill_my.customers_contracts_cmts_mxk |
+------------------------------------------------+
1 row in set (0.00 sec)

Query OK, 0 rows affected (0.03 sec)

Query OK, 0 rows affected, 1 warning (0.00 sec)

Query OK, 0 rows affected, 1 warning (0.00 sec)

Query OK, 0 rows affected (0.00 sec)

Query OK, 8547 rows affected (4.07 sec)
Rows matched: 8547  Changed: 8547  Warnings: 0

+------------------------------------------------+
| message                                        |
+------------------------------------------------+
| updated rcbill_my.customers_contracts_cmts_mxk |
+------------------------------------------------+
1 row in set (0.00 sec)

Query OK, 0 rows affected (0.27 sec)

Query OK, 1856351 rows affected (4 min 47.62 sec)
Records: 1856351  Duplicates: 0  Warnings: 0

+----------------------------------------+
| message                                |
+----------------------------------------+
| created rcbill_my.customers_collection |
+----------------------------------------+
1 row in set (0.00 sec)

Query OK, 0 rows affected (0.03 sec)

Query OK, 2141725 rows affected (2 min 6.17 sec)
Records: 2141725  Duplicates: 0  Warnings: 0

+------------------------------------------------+
| message                                        |
+------------------------------------------------+
| created rcbill_my.customers_cmts_mxk_cont_coll |
+------------------------------------------------+
1 row in set (0.00 sec)

Query OK, 0 rows affected (0.14 sec)

Query OK, 431712 rows affected (2 min 55.18 sec)
Records: 431712  Duplicates: 0  Warnings: 0

+--------------------------------------------------------+
| message                                                |
+--------------------------------------------------------+
| created rcbill_my.customers_contracts_collection_pivot |
+--------------------------------------------------------+
1 row in set (0.00 sec)

Query OK, 0 rows affected (0.01 sec)

Query OK, 39457 rows affected (2 min 46.08 sec)
Records: 39457  Duplicates: 0  Warnings: 0

+----------------------------------------------+
| message                                      |
+----------------------------------------------+
| created rcbill_my.customers_collection_pivot |
+----------------------------------------------+
1 row in set (0.00 sec)

Query OK, 0 rows affected (0.02 sec)

Query OK, 43384 rows affected (3.51 sec)
Records: 43384  Duplicates: 0  Warnings: 0

+--------------------------------------------+
| message                                    |
+--------------------------------------------+
| created rcbill_my.rep_customers_collection |
+--------------------------------------------+
1 row in set (0.01 sec)

Query OK, 0 rows affected (0.00 sec)

Query OK, 0 rows affected, 1 warning (0.00 sec)

Query OK, 439080 rows affected (26.46 sec)
Records: 439080  Duplicates: 0  Warnings: 0

+-------------------------+
| message                 |
+-------------------------+
| created rcbill_my.tempa |
+-------------------------+
1 row in set (0.00 sec)

Query OK, 0 rows affected, 1 warning (0.00 sec)

Query OK, 431712 rows affected (24.73 sec)
Records: 431712  Duplicates: 0  Warnings: 0

+-------------------------+
| message                 |
+-------------------------+
| created rcbill_my.tempb |
+-------------------------+
1 row in set (0.01 sec)

Query OK, 439080 rows affected (27.48 sec)
Records: 439080  Duplicates: 0  Warnings: 0

+-----------+
| message   |
+-----------+
| created a |
+-----------+
1 row in set (0.01 sec)

Query OK, 431722 rows affected (30.00 sec)
Records: 431722  Duplicates: 0  Warnings: 0

+-----------+
| message   |
+-----------+
| created b |
+-----------+
1 row in set (0.00 sec)

Query OK, 0 rows affected (0.02 sec)

Query OK, 0 rows affected (0.02 sec)

Query OK, 0 rows affected (0.03 sec)

Query OK, 475469 rows affected (58.90 sec)
Records: 475469  Duplicates: 0  Warnings: 0

+----------------------------------------------+
| message                                      |
+----------------------------------------------+
| created rcbill_my.cust_cont_payment_cmts_mxk |
+----------------------------------------------+
1 row in set (0.00 sec)

Query OK, 0 rows affected (0.02 sec)

Query OK, 0 rows affected (0.01 sec)

Query OK, 0 rows affected, 1 warning (0.00 sec)

Query OK, 0 rows affected (0.01 sec)

Query OK, 43384 rows affected (20.56 sec)
Records: 43384  Duplicates: 0  Warnings: 0

+--------------------------------------------------+
| message                                          |
+--------------------------------------------------+
| created rcbill_my.rep_cust_cont_payment_cmts_mxk |
+--------------------------------------------------+
1 row in set (0.01 sec)

Query OK, 0 rows affected, 1 warning (0.00 sec)

Query OK, 0 rows affected, 1 warning (0.00 sec)

Query OK, 0 rows affected (0.01 sec)

Query OK, 43384 rows affected, 5 warnings (11.36 sec)
Records: 43384  Duplicates: 0  Warnings: 5

+----------------------+
| rep_custconsolidated |
+----------------------+
|                43384 |
+----------------------+
1 row in set (0.88 sec)

Query OK, 0 rows affected (0.00 sec)

Query OK, 0 rows affected (0.01 sec)

+----------------------------------------------+
| message                                      |
+----------------------------------------------+
| creating rcbill_my.retentioncustomeractivity |
+----------------------------------------------+
1 row in set (0.00 sec)

Query OK, 854 rows affected (0.10 sec)
Records: 854  Duplicates: 0  Warnings: 0

+---------------------------+
| retentioncustomeractivity |
+---------------------------+
|                       854 |
+---------------------------+
1 row in set (0.00 sec)

+-----------+------------------------------------+------------+-------------+-----------------+------------------+---------------------+-------------------+
| HFC_NODE  | NODENAME                           | CMTS_DATE  | INSERTED_ON | UNIQUE_ACCOUNTS | UNIQUE_CONTRACTS | UNIQUE_MAC_INRCBOSS | UNIQUE_MAC_INCMTS |
+-----------+------------------------------------+------------+-------------+-----------------+------------------+---------------------+-------------------+
| NULL      | NULL                               | NULL       | 2020-04-25  |            6409 |             6746 |                6778 |                 0 |
| C5/0/0/U0 | ANSE-BOILEAU-2                     | 2020-04-22 | 2020-04-25  |             188 |              194 |                 188 |               188 |
| C5/0/0/U1 | 500-C3-ANSE-BOILEAU                | 2020-04-22 | 2020-04-25  |             184 |              187 |                 184 |               185 |
| C5/0/1/U0 | 501-C4-LA-MISIERE-LEFT-I           | 2020-04-22 | 2020-04-25  |             169 |              178 |                 169 |               170 |
| C5/0/1/U1 | 501-C5-LA-MISIERE-RIGHT            | 2020-04-22 | 2020-04-25  |             110 |              114 |                 112 |               115 |
| C5/0/1/U2 | 501-C7-LA-MISIERE-LEFT-II          | 2020-04-22 | 2020-04-25  |             156 |              158 |                 156 |               157 |
| C5/0/2/U0 | 502-C8-LA-LOUISE                   | 2020-04-22 | 2020-04-25  |             152 |              152 |                 152 |               154 |
| C5/0/2/U1 | LA-LOUISE-2                        | 2020-04-22 | 2020-04-25  |             141 |              143 |                 141 |               142 |
| C5/0/3/U0 | 504-C6-PETIT-PARIS                 | 2020-04-22 | 2020-04-25  |             157 |              162 |                 157 |               158 |
| C5/0/3/U1 | PETIT-PARIS-23                     | 2020-04-22 | 2020-04-25  |              81 |               82 |                  81 |                81 |
| C5/0/4/U0 | FOUR-SEASONS                       | 2020-04-22 | 2020-04-25  |               1 |                1 |                   1 |                 1 |
| C5/0/4/U1 | ANCHOR-CAFE-I                      | 2020-04-22 | 2020-04-25  |             145 |              147 |                 145 |               147 |
| C5/0/4/U2 | ANCHOR-CAFE-II                     | 2020-04-22 | 2020-04-25  |             160 |              164 |                 160 |               161 |
| C5/1/0/U0 | POINTE-LARUE-AIRPORT-23            | 2020-04-22 | 2020-04-25  |              82 |               87 |                  83 |                84 |
| C5/1/0/U1 | PPROVIDENCE-23                     | 2020-04-22 | 2020-04-25  |              18 |               19 |                  19 |                19 |
| C5/1/0/U2 | ROSHE-CAIMAN-23                    | 2020-04-22 | 2020-04-25  |               6 |                7 |                   6 |                 6 |
| C5/1/0/U3 | HEAD-OFFICE | HO-23                | 2020-04-22 | 2020-04-25  |              22 |               23 |                  22 |                22 |
| C5/1/1/U1 | C5-UNION-VALE                      | 2020-04-22 | 2020-04-25  |             201 |              205 |                 201 |               203 |
| C5/1/3/U0 | POINTE-LARUE-AIRPORT-27            | 2020-04-22 | 2020-04-25  |             166 |              169 |                 166 |               171 |
| C5/1/3/U1 | PPROVIDENCE-27                     | 2020-04-22 | 2020-04-25  |              21 |               21 |                  21 |                21 |
| C5/1/3/U2 | ROSHE-CAIMAN-27                    | 2020-04-22 | 2020-04-25  |              36 |               36 |                  35 |                35 |
| C5/1/3/U3 | HEAD-OFFICE | HO-27                | 2020-04-22 | 2020-04-25  |              17 |               17 |                  17 |                17 |
| C5/1/4/U0 | ANSE-ROYALE-27                     | 2020-04-22 | 2020-04-25  |             101 |              102 |                 101 |               103 |
| C5/1/4/U1 | GLACIS-2-57                        | 2020-04-22 | 2020-04-25  |              81 |               86 |                  81 |                82 |
| C5/1/4/U2 | NULL                               | 2020-04-22 | 2020-04-25  |              96 |               99 |                  96 |                98 |
| C5/1/4/U3 | GLACIS-1                           | 2020-04-22 | 2020-04-25  |              42 |               44 |                  42 |                43 |
| C6/0/1/U0 | SERRET-ROAD-RIGHT/CURIO/PASCAL     | 2020-04-22 | 2020-04-25  |             125 |              125 |                 125 |               127 |
| C6/0/1/U1 | SERRET-ROAD-LEFT/ST.LOUIS/TOWN     | 2020-04-22 | 2020-04-25  |             132 |              137 |                 133 |               134 |
| C6/0/1/U2 | SERRET-ROAD-RIGHT/CURIO/PASCAL-2   | 2020-04-22 | 2020-04-25  |             122 |              125 |                 122 |               122 |
| C6/0/1/U3 | SERRET-ROAD-LEFT/ST.LOUIS/TOWN-2   | 2020-04-22 | 2020-04-25  |             133 |              138 |                 133 |               135 |
| C6/0/2/U0 | SANS-SOUCIS-I                      | 2020-04-22 | 2020-04-25  |              91 |               94 |                  92 |                92 |
| C6/0/2/U1 | SANS-SOUCIS-II                     | 2020-04-22 | 2020-04-25  |             132 |              135 |                 131 |               133 |
| C6/0/2/U2 | BEL-AIR-27                         | 2020-04-22 | 2020-04-25  |              97 |               99 |                  97 |               101 |
| C6/0/2/U3 | BEL-AIR-38                         | 2020-04-22 | 2020-04-25  |             102 |              107 |                 102 |               103 |
| C6/0/3/U0 | LES-MAMELLES-23                    | 2020-04-22 | 2020-04-25  |              78 |               78 |                  78 |                80 |
| C6/0/3/U1 | VICTORIA-23                        | 2020-04-22 | 2020-04-25  |              33 |               34 |                  34 |                38 |
| C6/0/4/U0 | LES-MAMELLES-27                    | 2020-04-22 | 2020-04-25  |              79 |               79 |                  79 |                79 |
| C6/0/4/U1 | VICTORIA-27                        | 2020-04-22 | 2020-04-25  |              10 |               11 |                  10 |                10 |
| C7/1/0/U0 | LA-RETRAITE-23                     | 2020-04-22 | 2020-04-25  |             111 |              117 |                 111 |               111 |
| C7/1/0/U1 | TEA-FACTORY-23                     | 2020-04-22 | 2020-04-25  |              22 |               27 |                  22 |                22 |
| C7/1/0/U2 | PAS-23                             | 2020-04-22 | 2020-04-25  |              87 |               91 |                  87 |                87 |
| C7/1/1/U0 | REEF-ESTATE-23                     | 2020-04-22 | 2020-04-25  |              77 |               79 |                  77 |                77 |
| C7/1/2/U0 | LA-RETRAITE-27                     | 2020-04-22 | 2020-04-25  |              80 |               81 |                  80 |                82 |
| C7/1/2/U1 | TEA-FACTORY-27                     | 2020-04-22 | 2020-04-25  |              27 |               31 |                  30 |                31 |
| C7/1/2/U2 | PAS-27                             | 2020-04-22 | 2020-04-25  |             106 |              107 |                 106 |               109 |
| C7/1/3/U0 | MT-BUXTON-27                       | 2020-04-22 | 2020-04-25  |             164 |              165 |                 164 |               164 |
| C7/1/3/U1 | MT-BUXTON-23                       | 2020-04-22 | 2020-04-25  |              80 |               81 |                  80 |                80 |
| C7/1/4/U0 | REEF-ESTATE-27                     | 2020-04-22 | 2020-04-25  |              91 |               91 |                  91 |                91 |
| C8/0/0/U0 | POLICE-ACADEMY-1-27 - POINTE LARUE | 2020-04-22 | 2020-04-25  |             232 |              234 |                 231 |               232 |
| C8/0/0/U1 | NULL                               | 2020-04-22 | 2020-04-25  |             113 |              118 |                 114 |               117 |
| C8/0/1/U0 | NULL                               | 2020-04-22 | 2020-04-25  |             176 |              177 |                 176 |               177 |
| C8/0/1/U1 | POLICE-ACADEMY-2-27 - TURTLE BAY   | 2020-04-22 | 2020-04-25  |             143 |              146 |                 144 |               147 |
| C8/0/2/U0 | BEAU-VALLON-LEFT-1-57              | 2020-04-22 | 2020-04-25  |              39 |               40 |                  39 |                40 |
| C8/0/3/U1 | BEAU-VALLON-RIGHT-2-57             | 2020-04-22 | 2020-04-25  |              93 |               99 |                  93 |                93 |
| C8/1/0/U0 | MA-JOIE-NODE-27                    | 2020-04-22 | 2020-04-25  |             109 |              112 |                 109 |               109 |
| C8/1/0/U1 | BELONIE-27                         | 2020-04-22 | 2020-04-25  |             151 |              153 |                 150 |               151 |
| C8/1/0/U3 | MA-JOIE-NODE-23                    | 2020-04-22 | 2020-04-25  |             102 |              103 |                 101 |               102 |
| C8/1/1/U0 | 611-C1-ROJN I                      | 2020-04-22 | 2020-04-25  |             123 |              125 |                 123 |               126 |
| C8/1/1/U1 | 611-C5-ROJN II                     | 2020-04-22 | 2020-04-25  |             118 |              118 |                 118 |               119 |
| C8/1/2/U0 | 612-C2-ANSE-ETOILE                 | 2020-04-22 | 2020-04-25  |             137 |              138 |                 137 |               137 |
| C8/1/2/U1 | ANSE-ETOILE-U2                     | 2020-04-22 | 2020-04-25  |              82 |               85 |                  82 |                83 |
| C8/1/3/U0 | 613-C3-ANSE-GAULETTE I             | 2020-04-22 | 2020-04-25  |              74 |               77 |                  74 |                74 |
| C8/1/3/U1 | 613-C7-ANSE-GAULETTE II            | 2020-04-22 | 2020-04-25  |              78 |               84 |                  79 |                79 |
| C8/1/3/U2 | 613-C3-ANSE-GAULETTE III           | 2020-04-22 | 2020-04-25  |              36 |               38 |                  36 |                36 |
| C8/1/3/U3 | TAKAMAKA I                         | 2020-04-22 | 2020-04-25  |             108 |              108 |                 108 |               108 |
| C8/1/3/U4 | TAKAMAKA II                        | 2020-04-22 | 2020-04-25  |             109 |              113 |                 109 |               109 |
| C8/1/4/U0 | 614-BEOLIERE-NODE-1                | 2020-04-22 | 2020-04-25  |             108 |              110 |                 108 |               111 |
| C8/1/4/U1 | 614-BEOLIERE-NODE-2                | 2020-04-22 | 2020-04-25  |             119 |              124 |                 120 |               121 |
+-----------+------------------------------------+------------+-------------+-----------------+------------------+---------------------+-------------------+
68 rows in set (0.28 sec)

+------------------+------------+-------------+-----------------+------------------+----------------------+-------------------+
| MXK_NAME         | MXK_DATE   | INSERTED_ON | UNIQUE_ACCOUNTS | UNIQUE_CONTRACTS | UNIQUE_FSAN_INRCBOSS | UNIQUE_FSAN_INMXK |
+------------------+------------+-------------+-----------------+------------------+----------------------+-------------------+
| NULL             | NULL       | 2020-04-25  |             673 |              687 |                  676 |                 0 |
| MXK-ANSEETOILE   | 2020-04-22 | 2020-04-25  |             291 |              295 |                  295 |               308 |
| MXK-ANSEROYALE   | 2020-04-22 | 2020-04-25  |             132 |              132 |                  132 |               154 |
| MXK-BEAUVALLON   | 2020-04-22 | 2020-04-25  |            1693 |             1715 |                 1706 |              1812 |
| MXK-MAHE         | 2020-04-22 | 2020-04-25  |             911 |              936 |                  869 |              1105 |
| MXK-PERSEVERANCE | 2020-04-22 | 2020-04-25  |             967 |              977 |                  976 |              1138 |
| MXK-PRASLIN      | 2020-04-22 | 2020-04-25  |            1242 |             1245 |                 1238 |              1435 |
+------------------+------------+-------------+-----------------+------------------+----------------------+-------------------+
7 rows in set (0.08 sec)

mysql> mysql \. C:\workspace\cloud\code\sql\_DailyScript\currenttime.sql
+---------------------+
| currenttime         |
+---------------------+
| 2020-04-25 18:06:37 |
+---------------------+
1 row in set (0.00 sec)

mysql> 
mysql> 
mysql> mysql \. C:\workspace\cloud\code\sql\Analysis\service_tickets_assignments.sql
Query OK, 0 rows affected (0.01 sec)

Query OK, 37478 rows affected (9.46 sec)
Records: 37478  Duplicates: 0  Warnings: 0

+-------------------------+
| rep_servicetickets_2020 |
+-------------------------+
|                   37478 |
+-------------------------+
1 row in set (0.04 sec)

mysql> mysql \. C:\workspace\cloud\code\sql\_DailyScript\currenttime.sql
+---------------------+
| currenttime         |
+---------------------+
| 2020-04-25 18:06:46 |
+---------------------+
1 row in set (0.00 sec)

mysql> 
mysql> 
mysql> exit
