    -> 
    -> mysql \. C:\workspace\cloud\code\sql\_DailyScript\_setdates.sql
Database changed
Query OK, 0 rows affected (0.00 sec)

Query OK, 0 rows affected (0.00 sec)

Query OK, 0 rows affected (0.00 sec)

Query OK, 0 rows affected (0.00 sec)

Query OK, 0 rows affected (0.00 sec)

Query OK, 0 rows affected (0.00 sec)

Query OK, 0 rows affected (0.00 sec)

Query OK, 0 rows affected (0.00 sec)

Query OK, 0 rows affected (0.00 sec)

Query OK, 0 rows affected (0.00 sec)

Query OK, 0 rows affected (0.00 sec)

Query OK, 0 rows affected (0.00 sec)

Query OK, 0 rows affected (0.00 sec)

Query OK, 0 rows affected (0.00 sec)

Query OK, 0 rows affected (0.00 sec)

Query OK, 0 rows affected (0.00 sec)

Query OK, 0 rows affected (0.00 sec)

Query OK, 0 rows affected (0.00 sec)

Query OK, 0 rows affected (0.00 sec)

Query OK, 0 rows affected (0.00 sec)

Query OK, 0 rows affected (0.00 sec)

mysql> mysql \. C:\workspace\cloud\code\sql\_DailyScript\currenttime.sql
+---------------------+
| currenttime         |
+---------------------+
| 2021-01-14 08:50:51 |
+---------------------+
1 row in set (0.00 sec)

mysql> 
mysql> mysql \. C:\workspace\cloud\code\sql\_DailyScript\load_RCB_VODTITLES.sql
Database changed
Query OK, 0 rows affected (0.00 sec)

Query OK, 13586 rows affected (0.14 sec)

Query OK, 13588 rows affected, 13588 warnings (0.38 sec)
Records: 13588  Deleted: 0  Skipped: 0  Warnings: 13588

Query OK, 0 rows affected (0.00 sec)

Query OK, 2 rows affected (0.01 sec)

+-----------+
| VODTITLES |
+-----------+
|     14046 |
+-----------+
1 row in set (0.01 sec)

+-----------+-----------+
| titletype | typecount |
+-----------+-----------+
| E         |     11351 |
| N         |       252 |
| T         |      1983 |
| NULL      |     13586 |
+-----------+-----------+
4 rows in set (0.03 sec)

mysql> mysql \. C:\workspace\cloud\code\sql\_DailyScript\currenttime.sql
+---------------------+
| currenttime         |
+---------------------+
| 2021-01-14 08:50:51 |
+---------------------+
1 row in set (0.00 sec)

mysql> 
mysql> mysql \. C:\workspace\cloud\code\sql\_DailyScript\DAILY-SCRIPT-LIVETV-STATS.sql
Database changed
Query OK, 0 rows affected (0.01 sec)

Query OK, 129094 rows affected (1.39 sec)
Records: 129094  Duplicates: 0  Warnings: 0

+------------+------------+----------+--------------+--------------+-----------+-------------+----------+--------+------+------------+---------+---------------+
| Table      | Non_unique | Key_name | Seq_in_index | Column_name  | Collation | Cardinality | Sub_part | Packed | Null | Index_type | Comment | Index_comment |
+------------+------------+----------+--------------+--------------+-----------+-------------+----------+--------+------+------------+---------+---------------+
| templivetv |          1 | idxtv1   |            1 | device       | A         |      128913 |     NULL | NULL   | YES  | BTREE      |         |               |
| templivetv |          1 | idxtv2   |            1 | sessionstart | A         |      128913 |     NULL | NULL   | YES  | BTREE      |         |               |
+------------+------------+----------+--------------+--------------+-----------+-------------+----------+--------+------+------------+---------+---------------+
2 rows in set (0.00 sec)

Query OK, 129352 rows affected (16.09 sec)
Records: 129352  Duplicates: 0  Warnings: 0

Query OK, 2615 rows affected (0.78 sec)
Records: 2615  Duplicates: 0  Warnings: 0

Query OK, 0 rows affected (0.00 sec)

Query OK, 0 rows affected (0.00 sec)

Query OK, 127 rows affected (0.06 sec)
Records: 127  Duplicates: 0  Warnings: 0

Query OK, 0 rows affected (0.01 sec)

Query OK, 50574 rows affected (2 min 18.35 sec)
Records: 50574  Duplicates: 0  Warnings: 0

+-----------------+
| rep_livetvstats |
+-----------------+
|           50574 |
+-----------------+
1 row in set (0.02 sec)

mysql> mysql \. C:\workspace\cloud\code\sql\_DailyScript\currenttime.sql
+---------------------+
| currenttime         |
+---------------------+
| 2021-01-14 08:53:28 |
+---------------------+
1 row in set (0.00 sec)

mysql> 
mysql> mysql \. C:\workspace\cloud\code\sql\_DailyScript\DAILY-SCRIPT-VODTS-STATS.sql
Database changed
Query OK, 0 rows affected (0.01 sec)

Query OK, 5416 rows affected (17.59 sec)
Records: 5416  Duplicates: 0  Warnings: 0

+---------+------------+----------+--------------+--------------+-----------+-------------+----------+--------+------+------------+---------+---------------+
| Table   | Non_unique | Key_name | Seq_in_index | Column_name  | Collation | Cardinality | Sub_part | Packed | Null | Index_type | Comment | Index_comment |
+---------+------------+----------+--------------+--------------+-----------+-------------+----------+--------+------+------------+---------+---------------+
| tempvod |          1 | idxtvod1 |            1 | device       | A         |        5032 |     NULL | NULL   | YES  | BTREE      |         |               |
| tempvod |          1 | idxtvod2 |            1 | sessionstart | A         |        5032 |     NULL | NULL   | YES  | BTREE      |         |               |
+---------+------------+----------+--------------+--------------+-----------+-------------+----------+--------+------+------------+---------+---------------+
2 rows in set (0.00 sec)

Query OK, 5416 rows affected (2.81 sec)
Records: 5416  Duplicates: 0  Warnings: 0

Query OK, 0 rows affected (0.03 sec)

Query OK, 957160 rows affected (1 min 14.64 sec)
Records: 957160  Duplicates: 0  Warnings: 0

+--------------+
| rep_vodstats |
+--------------+
|       957160 |
+--------------+
1 row in set (0.28 sec)

Database changed
Query OK, 0 rows affected (0.01 sec)

Query OK, 24775 rows affected (41.50 sec)
Records: 24775  Duplicates: 0  Warnings: 0

+--------+------------+----------+--------------+--------------+-----------+-------------+----------+--------+------+------------+---------+---------------+
| Table  | Non_unique | Key_name | Seq_in_index | Column_name  | Collation | Cardinality | Sub_part | Packed | Null | Index_type | Comment | Index_comment |
+--------+------------+----------+--------------+--------------+-----------+-------------+----------+--------+------+------------+---------+---------------+
| tempts |          1 | idxtts1  |            1 | device       | A         |       24957 |     NULL | NULL   | YES  | BTREE      |         |               |
| tempts |          1 | idxtts2  |            1 | sessionstart | A         |       24957 |     NULL | NULL   | YES  | BTREE      |         |               |
+--------+------------+----------+--------------+--------------+-----------+-------------+----------+--------+------+------------+---------+---------------+
2 rows in set (0.00 sec)

Query OK, 24703 rows affected (12.87 sec)
Records: 24703  Duplicates: 0  Warnings: 0

Query OK, 0 rows affected (0.01 sec)

Query OK, 43165 rows affected (41.72 sec)
Records: 43165  Duplicates: 0  Warnings: 0

+-------------+
| rep_tsstats |
+-------------+
|       43165 |
+-------------+
1 row in set (0.01 sec)

mysql> mysql \. C:\workspace\cloud\code\sql\_DailyScript\currenttime.sql
+---------------------+
| currenttime         |
+---------------------+
| 2021-01-14 08:56:39 |
+---------------------+
1 row in set (0.00 sec)

mysql> 
mysql> mysql \. C:\workspace\cloud\code\sql\_DailyScript\DAILY-SCRIPT-RADIO-STATS.sql
Database changed
Query OK, 0 rows affected (0.05 sec)

Query OK, 347420 rows affected (3.72 sec)
Records: 347420  Duplicates: 0  Warnings: 0

+-----------+------------+----------+--------------+--------------+-----------+-------------+----------+--------+------+------------+---------+---------------+
| Table     | Non_unique | Key_name | Seq_in_index | Column_name  | Collation | Cardinality | Sub_part | Packed | Null | Index_type | Comment | Index_comment |
+-----------+------------+----------+--------------+--------------+-----------+-------------+----------+--------+------+------------+---------+---------------+
| tempradio |          1 | idxtrad1 |            1 | device       | A         |      347596 |     NULL | NULL   | YES  | BTREE      |         |               |
| tempradio |          1 | idxtrad2 |            1 | sessionstart | A         |      347596 |     NULL | NULL   | YES  | BTREE      |         |               |
+-----------+------------+----------+--------------+--------------+-----------+-------------+----------+--------+------+------------+---------+---------------+
2 rows in set (0.00 sec)

Query OK, 358 rows affected (1.34 sec)
Records: 358  Duplicates: 0  Warnings: 0

Query OK, 0 rows affected (0.01 sec)

Query OK, 5784 rows affected (0.47 sec)
Records: 5784  Duplicates: 0  Warnings: 0

+----------------+
| rep_radiostats |
+----------------+
|           5784 |
+----------------+
1 row in set (0.00 sec)

mysql> mysql \. C:\workspace\cloud\code\sql\_DailyScript\currenttime.sql
+---------------------+
| currenttime         |
+---------------------+
| 2021-01-14 08:56:45 |
+---------------------+
1 row in set (0.00 sec)

mysql> 
mysql> mysql \. C:\workspace\cloud\code\sql\_DailyScript\DAILY_SCRIPT_TELEMETRY_PIVOT_2021.sql
Query OK, 0 rows affected (0.01 sec)

Query OK, 140 rows affected (0.10 sec)
Records: 140  Duplicates: 0  Warnings: 0

Query OK, 0 rows affected (0.01 sec)

Query OK, 7442 rows affected (1.40 sec)
Records: 7442  Duplicates: 0  Warnings: 0

Query OK, 0 rows affected (0.01 sec)

Query OK, 5 rows affected (0.02 sec)
Records: 5  Duplicates: 0  Warnings: 0

Query OK, 0 rows affected (0.01 sec)

Query OK, 44 rows affected (0.05 sec)
Records: 44  Duplicates: 0  Warnings: 0

mysql> mysql \. C:\workspace\cloud\code\sql\_DailyScript\currenttime.sql
+---------------------+
| currenttime         |
+---------------------+
| 2021-01-14 08:56:47 |
+---------------------+
1 row in set (0.00 sec)

mysql> 
mysql> mysql \. C:\workspace\cloud\code\sql\_DailyScript\telemetry_livetv_ranking2021.sql
Query OK, 0 rows affected (0.01 sec)

Query OK, 140 rows affected (0.02 sec)
Records: 140  Duplicates: 0  Warnings: 0

mysql> mysql \. C:\workspace\cloud\code\sql\_DailyScript\currenttime.sql
+---------------------+
| currenttime         |
+---------------------+
| 2021-01-14 08:56:47 |
+---------------------+
1 row in set (0.00 sec)

mysql> 
mysql> mysql \. C:\workspace\cloud\code\sql\_DailyScript\telemetry_radio_ranking2021.sql
Query OK, 0 rows affected (0.01 sec)

Query OK, 5 rows affected (0.01 sec)
Records: 5  Duplicates: 0  Warnings: 0

mysql> mysql \. C:\workspace\cloud\code\sql\_DailyScript\currenttime.sql
+---------------------+
| currenttime         |
+---------------------+
| 2021-01-14 08:56:47 |
+---------------------+
1 row in set (0.00 sec)

mysql> 
mysql> mysql \. C:\workspace\cloud\code\sql\_DailyScript\telemetry_ts_ranking2021.sql
Query OK, 0 rows affected (0.01 sec)

Query OK, 44 rows affected (0.01 sec)
Records: 44  Duplicates: 0  Warnings: 0

mysql> mysql \. C:\workspace\cloud\code\sql\_DailyScript\currenttime.sql
+---------------------+
| currenttime         |
+---------------------+
| 2021-01-14 08:56:47 |
+---------------------+
1 row in set (0.00 sec)

mysql> 
mysql> mysql \. C:\workspace\cloud\code\sql\_DailyScript\telemetry_vod_ranking2021.sql
Query OK, 0 rows affected (0.01 sec)

Query OK, 7442 rows affected (0.28 sec)
Records: 7442  Duplicates: 0  Warnings: 0

mysql> mysql \. C:\workspace\cloud\code\sql\_DailyScript\currenttime.sql
+---------------------+
| currenttime         |
+---------------------+
| 2021-01-14 08:56:47 |
+---------------------+
1 row in set (0.00 sec)

mysql> 
mysql> mysql \. C:\workspace\cloud\code\sql\_DailyScript\telemetry_vod_ranking2021_1.sql
Query OK, 0 rows affected (0.01 sec)

Query OK, 7442 rows affected (0.15 sec)
Records: 7442  Duplicates: 0  Warnings: 0

mysql> mysql \. C:\workspace\cloud\code\sql\_DailyScript\currenttime.sql
+---------------------+
| currenttime         |
+---------------------+
| 2021-01-14 08:56:47 |
+---------------------+
1 row in set (0.00 sec)

mysql> 
mysql> mysql \. C:\workspace\cloud\code\sql\_DailyScript\telemetry_vod_ranking2021_2.sql
Query OK, 0 rows affected (0.02 sec)

Query OK, 7442 rows affected (0.14 sec)
Records: 7442  Duplicates: 0  Warnings: 0

mysql> mysql \. C:\workspace\cloud\code\sql\_DailyScript\currenttime.sql
+---------------------+
| currenttime         |
+---------------------+
| 2021-01-14 08:56:47 |
+---------------------+
1 row in set (0.00 sec)

mysql> 
mysql> mysql \. C:\workspace\cloud\code\sql\_DailyScript\DAILY-SCRIPT-CREATE-LOAD.sql
Database changed
Database changed
Query OK, 0 rows affected (0.03 sec)

Query OK, 0 rows affected (0.01 sec)

Database changed
Query OK, 67545 rows affected (2.29 sec)
Records: 67545  Deleted: 0  Skipped: 0  Warnings: 0

Query OK, 0 rows affected (0.13 sec)
Records: 0  Duplicates: 0  Warnings: 0

Query OK, 0 rows affected (0.21 sec)
Records: 0  Duplicates: 0  Warnings: 0

Query OK, 0 rows affected (0.24 sec)
Records: 0  Duplicates: 0  Warnings: 0

Query OK, 0 rows affected (0.20 sec)
Records: 0  Duplicates: 0  Warnings: 0

+---------+
| clients |
+---------+
|   67545 |
+---------+
1 row in set (0.02 sec)

Query OK, 0 rows affected (0.01 sec)

Query OK, 14298 rows affected (6.30 sec)
Records: 14298  Duplicates: 0  Warnings: 0

Query OK, 0 rows affected (0.05 sec)
Records: 0  Duplicates: 0  Warnings: 0

+-------------------+
| rcb_clientparcels |
+-------------------+
|             14298 |
+-------------------+
1 row in set (0.01 sec)

Query OK, 0 rows affected (0.01 sec)

Query OK, 81999 rows affected (3.01 sec)
Records: 81999  Duplicates: 0  Warnings: 0

Query OK, 0 rows affected (0.25 sec)
Records: 0  Duplicates: 0  Warnings: 0

Query OK, 0 rows affected (0.01 sec)

Query OK, 67545 rows affected (34.69 sec)
Records: 67545  Duplicates: 0  Warnings: 0

Query OK, 0 rows affected (0.18 sec)
Records: 0  Duplicates: 0  Warnings: 0

Query OK, 0 rows affected (0.20 sec)
Records: 0  Duplicates: 0  Warnings: 0

Query OK, 0 rows affected (0.16 sec)
Records: 0  Duplicates: 0  Warnings: 0

+---------------+
| clientaddress |
+---------------+
|         67545 |
+---------------+
1 row in set (0.02 sec)

Database changed
Query OK, 0 rows affected (0.07 sec)

Query OK, 0 rows affected (0.01 sec)

Database changed
Query OK, 536188 rows affected, 65535 warnings (15.22 sec)
Records: 536188  Deleted: 0  Skipped: 0  Warnings: 222167

Query OK, 0 rows affected (2.53 sec)
Records: 0  Duplicates: 0  Warnings: 0

Query OK, 0 rows affected (2.45 sec)
Records: 0  Duplicates: 0  Warnings: 0

Query OK, 0 rows affected (1.18 sec)
Records: 0  Duplicates: 0  Warnings: 0

Query OK, 0 rows affected (0.02 sec)

Query OK, 536188 rows affected (39.61 sec)
Records: 536188  Duplicates: 0  Warnings: 0

Query OK, 0 rows affected (1.73 sec)
Records: 0  Duplicates: 0  Warnings: 0

Query OK, 0 rows affected (1.31 sec)
Records: 0  Duplicates: 0  Warnings: 0

+-----------+
| contracts |
+-----------+
|    536188 |
+-----------+
1 row in set (0.17 sec)

+-----------------+
| contractaddress |
+-----------------+
|          536188 |
+-----------------+
1 row in set (0.14 sec)

Database changed
Query OK, 0 rows affected (0.01 sec)

Query OK, 0 rows affected (0.01 sec)

Query OK, 7735 rows affected (0.13 sec)
Records: 7735  Deleted: 0  Skipped: 0  Warnings: 0

Query OK, 0 rows affected (0.01 sec)

Query OK, 7703 rows affected (0.90 sec)
Records: 7703  Duplicates: 0  Warnings: 0

Query OK, 0 rows affected (0.04 sec)
Records: 0  Duplicates: 0  Warnings: 0

Query OK, 0 rows affected (0.03 sec)
Records: 0  Duplicates: 0  Warnings: 0

Query OK, 0 rows affected (0.02 sec)
Records: 0  Duplicates: 0  Warnings: 0

Query OK, 0 rows affected (0.01 sec)

Query OK, 5861 rows affected (0.07 sec)
Records: 5861  Duplicates: 0  Warnings: 0

Query OK, 0 rows affected (0.03 sec)
Records: 0  Duplicates: 0  Warnings: 0

+-------------------+
| contractdiscounts |
+-------------------+
|              7735 |
+-------------------+
1 row in set (0.00 sec)

+-------------------------+
| clientcontractdiscounts |
+-------------------------+
|                    7703 |
+-------------------------+
1 row in set (0.00 sec)

+----------------------------+
| clientcontractlastdiscount |
+----------------------------+
|                       5861 |
+----------------------------+
1 row in set (0.00 sec)

Database changed
Query OK, 0 rows affected (0.02 sec)

Query OK, 0 rows affected (0.01 sec)

Database changed
Query OK, 143346 rows affected, 8 warnings (2.64 sec)
Records: 143346  Deleted: 0  Skipped: 0  Warnings: 8

Query OK, 0 rows affected (0.26 sec)
Records: 0  Duplicates: 0  Warnings: 0

Query OK, 0 rows affected (0.28 sec)
Records: 0  Duplicates: 0  Warnings: 0

Query OK, 0 rows affected (0.30 sec)
Records: 0  Duplicates: 0  Warnings: 0

Query OK, 0 rows affected (0.27 sec)
Records: 0  Duplicates: 0  Warnings: 0

Query OK, 0 rows affected (0.37 sec)
Records: 0  Duplicates: 0  Warnings: 0

Query OK, 0 rows affected (0.51 sec)
Records: 0  Duplicates: 0  Warnings: 0

Query OK, 0 rows affected (0.07 sec)

Query OK, 1823913 rows affected (3 min 43.44 sec)
Records: 1823913  Duplicates: 0  Warnings: 0

Query OK, 0 rows affected (4.53 sec)
Records: 0  Duplicates: 0  Warnings: 0

+---------+
| devices |
+---------+
|  143346 |
+---------+
1 row in set (0.05 sec)

+-----------------------+
| clientcontractdevices |
+-----------------------+
|               1823913 |
+-----------------------+
1 row in set (0.63 sec)

Query OK, 0 rows affected (0.01 sec)

Query OK, 143097 rows affected (6.45 sec)
Records: 143097  Duplicates: 0  Warnings: 0

+---------------------------+
| rep_clientcontractdevices |
+---------------------------+
|                    143097 |
+---------------------------+
1 row in set (0.04 sec)

Database changed
Query OK, 0 rows affected (0.02 sec)

Query OK, 0 rows affected (0.01 sec)

Query OK, 310799 rows affected (7.05 sec)
Records: 310799  Deleted: 0  Skipped: 0  Warnings: 0

Query OK, 0 rows affected (0.72 sec)
Records: 0  Duplicates: 0  Warnings: 0

Query OK, 0 rows affected (0.60 sec)
Records: 0  Duplicates: 0  Warnings: 0

Query OK, 0 rows affected (0.61 sec)
Records: 0  Duplicates: 0  Warnings: 0

Query OK, 0 rows affected (0.57 sec)
Records: 0  Duplicates: 0  Warnings: 0

+---------+
| tickets |
+---------+
|  310799 |
+---------+
1 row in set (0.08 sec)

Database changed
Query OK, 0 rows affected (0.00 sec)

Query OK, 0 rows affected (0.01 sec)

Empty set (0.00 sec)

Query OK, 0 rows affected (0.02 sec)
Records: 0  Duplicates: 0  Warnings: 0

Query OK, 372 rows affected, 2 warnings (0.04 sec)
Records: 372  Deleted: 0  Skipped: 0  Warnings: 2

+-----------------+
| tickettechusers |
+-----------------+
|             372 |
+-----------------+
1 row in set (0.00 sec)

Database changed
Query OK, 0 rows affected (0.01 sec)

Query OK, 0 rows affected (0.01 sec)

Query OK, 0 rows affected (0.01 sec)
Records: 0  Duplicates: 0  Warnings: 0

Query OK, 685625 rows affected, 48765 warnings (10.71 sec)
Records: 685625  Deleted: 0  Skipped: 0  Warnings: 48765

+-------------------+
| ticketassignments |
+-------------------+
|            685625 |
+-------------------+
1 row in set (0.18 sec)

Database changed
Query OK, 0 rows affected (0.04 sec)

Query OK, 0 rows affected (0.01 sec)

Query OK, 1383777 rows affected (15.52 sec)
Records: 1383777  Deleted: 0  Skipped: 0  Warnings: 0

Query OK, 0 rows affected (3.89 sec)
Records: 0  Duplicates: 0  Warnings: 0

Query OK, 0 rows affected (2.86 sec)
Records: 0  Duplicates: 0  Warnings: 0

Query OK, 0 rows affected (2.60 sec)
Records: 0  Duplicates: 0  Warnings: 0

Query OK, 0 rows affected (3.00 sec)
Records: 0  Duplicates: 0  Warnings: 0

+----------------+
| ticketcomments |
+----------------+
|        1383777 |
+----------------+
1 row in set (0.37 sec)

Database changed
Query OK, 0 rows affected (0.01 sec)

Query OK, 0 rows affected (0.01 sec)

Query OK, 471016 rows affected (32.72 sec)
Records: 471016  Deleted: 0  Skipped: 0  Warnings: 0

Query OK, 0 rows affected (2.24 sec)
Records: 0  Duplicates: 0  Warnings: 0

+----------+
| comments |
+----------+
|   471016 |
+----------+
1 row in set (0.13 sec)

Database changed
Query OK, 0 rows affected (0.03 sec)

Query OK, 0 rows affected (0.01 sec)

Query OK, 1570299 rows affected, 65535 warnings (1 min 12.27 sec)
Records: 1570299  Deleted: 0  Skipped: 0  Warnings: 1570334

Query OK, 0 rows affected (4.10 sec)
Records: 0  Duplicates: 0  Warnings: 0

Query OK, 0 rows affected (3.60 sec)
Records: 0  Duplicates: 0  Warnings: 0

Query OK, 0 rows affected (3.60 sec)
Records: 0  Duplicates: 0  Warnings: 0

Query OK, 0 rows affected (3.64 sec)
Records: 0  Duplicates: 0  Warnings: 0

Query OK, 0 rows affected (5.08 sec)
Records: 0  Duplicates: 0  Warnings: 0

+------------+
| devicesold |
+------------+
|    1570299 |
+------------+
1 row in set (0.42 sec)

Database changed
Query OK, 0 rows affected (0.02 sec)

Query OK, 0 rows affected (0.01 sec)

Query OK, 1817161 rows affected (22.09 sec)
Records: 1817161  Deleted: 0  Skipped: 0  Warnings: 0

Query OK, 0 rows affected (4.44 sec)
Records: 0  Duplicates: 0  Warnings: 0

Query OK, 0 rows affected (3.94 sec)
Records: 0  Duplicates: 0  Warnings: 0

Query OK, 0 rows affected (3.94 sec)
Records: 0  Duplicates: 0  Warnings: 0

+------------------+
| contractservices |
+------------------+
|          1817161 |
+------------------+
1 row in set (0.50 sec)

Database changed
Query OK, 0 rows affected (0.06 sec)

Query OK, 0 rows affected (0.01 sec)

Query OK, 4445682 rows affected (1 min 49.66 sec)
Records: 4445682  Deleted: 0  Skipped: 0  Warnings: 0

Query OK, 0 rows affected (11.44 sec)
Records: 0  Duplicates: 0  Warnings: 0

Query OK, 0 rows affected (13.80 sec)
Records: 0  Duplicates: 0  Warnings: 0

Query OK, 0 rows affected (11.00 sec)
Records: 0  Duplicates: 0  Warnings: 0

Query OK, 0 rows affected (11.50 sec)
Records: 0  Duplicates: 0  Warnings: 0

+------------------+
| invoicescontents |
+------------------+
|          4445682 |
+------------------+
1 row in set (1.26 sec)

Database changed
Query OK, 0 rows affected (0.07 sec)

Query OK, 0 rows affected (0.01 sec)

Query OK, 3139911 rows affected (2 min 54.19 sec)
Records: 3139911  Deleted: 0  Skipped: 0  Warnings: 0

Query OK, 0 rows affected (11.93 sec)
Records: 0  Duplicates: 0  Warnings: 0

Query OK, 0 rows affected (13.24 sec)
Records: 0  Duplicates: 0  Warnings: 0

Query OK, 0 rows affected (9.77 sec)
Records: 0  Duplicates: 0  Warnings: 0

Query OK, 0 rows affected (12.73 sec)
Records: 0  Duplicates: 0  Warnings: 0

Query OK, 0 rows affected (10.71 sec)
Records: 0  Duplicates: 0  Warnings: 0

+----------------+
| invoicesheader |
+----------------+
|        3139911 |
+----------------+
1 row in set (0.86 sec)

Database changed
Query OK, 0 rows affected (0.04 sec)

Query OK, 0 rows affected (0.01 sec)

Query OK, 3154600 rows affected (1 min 20.28 sec)
Records: 3154600  Deleted: 0  Skipped: 0  Warnings: 0

Query OK, 0 rows affected (7.54 sec)
Records: 0  Duplicates: 0  Warnings: 0

Query OK, 0 rows affected (7.85 sec)
Records: 0  Duplicates: 0  Warnings: 0

Query OK, 0 rows affected (7.74 sec)
Records: 0  Duplicates: 0  Warnings: 0

Query OK, 0 rows affected (7.43 sec)
Records: 0  Duplicates: 0  Warnings: 0

Query OK, 0 rows affected (9.17 sec)
Records: 0  Duplicates: 0  Warnings: 0

+---------+
| casa    |
+---------+
| 3154600 |
+---------+
1 row in set (0.85 sec)

Query OK, 0 rows affected (0.01 sec)

Query OK, 15467 rows affected (1 min 12.36 sec)
Records: 15467  Duplicates: 0  Warnings: 0

+--------------------+
| rep_paycol_channel |
+--------------------+
|              15467 |
+--------------------+
1 row in set (0.01 sec)

Query OK, 0 rows affected (0.01 sec)

Query OK, 11541 rows affected (1 min 28.76 sec)
Records: 11541  Duplicates: 0  Warnings: 0

+----------------+
| rep_paycol_pos |
+----------------+
|          11541 |
+----------------+
1 row in set (0.00 sec)

Database changed
Query OK, 0 rows affected (0.01 sec)

Query OK, 0 rows affected (0.01 sec)

Database changed
Query OK, 39889 rows affected (0.76 sec)
Records: 39889  Deleted: 0  Skipped: 0  Warnings: 0

+-------+
| users |
+-------+
| 39889 |
+-------+
1 row in set (0.01 sec)

Query OK, 0 rows affected (0.08 sec)
Records: 0  Duplicates: 0  Warnings: 0

Database changed
Query OK, 0 rows affected (0.03 sec)

Query OK, 0 rows affected (0.01 sec)

Query OK, 1872898 rows affected, 2 warnings (27.49 sec)
Records: 1872898  Deleted: 0  Skipped: 0  Warnings: 2

Query OK, 0 rows affected (5.76 sec)
Records: 0  Duplicates: 0  Warnings: 0

Query OK, 0 rows affected (4.00 sec)
Records: 0  Duplicates: 0  Warnings: 0

Query OK, 0 rows affected (4.30 sec)
Records: 0  Duplicates: 0  Warnings: 0

Query OK, 0 rows affected (3.92 sec)
Records: 0  Duplicates: 0  Warnings: 0

Query OK, 0 rows affected (3.73 sec)
Records: 0  Duplicates: 0  Warnings: 0

+-------------+
| useractions |
+-------------+
|     1872898 |
+-------------+
1 row in set (0.51 sec)

Database changed
Query OK, 0 rows affected (0.09 sec)

Query OK, 0 rows affected (0.01 sec)

Database changed
Query OK, 26062593 rows affected (4 min 20.84 sec)
Records: 26062593  Deleted: 0  Skipped: 0  Warnings: 0

Query OK, 0 rows affected (1 min 4.94 sec)
Records: 0  Duplicates: 0  Warnings: 0

Query OK, 0 rows affected (1 min 2.13 sec)
Records: 0  Duplicates: 0  Warnings: 0

Query OK, 0 rows affected (1 min 2.77 sec)
Records: 0  Duplicates: 0  Warnings: 0

Query OK, 0 rows affected (56.57 sec)
Records: 0  Duplicates: 0  Warnings: 0

Query OK, 0 rows affected (1 min 11.66 sec)
Records: 0  Duplicates: 0  Warnings: 0

+----------+
| ipusage1 |
+----------+
| 26062593 |
+----------+
1 row in set (8.25 sec)

Query OK, 0 rows affected (0.02 sec)

Query OK, 1817141 rows affected (46.16 sec)
Records: 1817141  Duplicates: 0  Warnings: 0

Query OK, 0 rows affected (9.85 sec)
Records: 0  Duplicates: 0  Warnings: 0

Query OK, 0 rows affected (3.19 sec)
Records: 0  Duplicates: 0  Warnings: 0

Query OK, 0 rows affected (4.95 sec)
Records: 0  Duplicates: 0  Warnings: 0

+------------------------------+
| contractsservicepackageprice |
+------------------------------+
|                      1817141 |
+------------------------------+
1 row in set (0.50 sec)

Query OK, 0 rows affected (0.04 sec)

Query OK, 1817364 rows affected (1 min 58.78 sec)
Records: 1817364  Duplicates: 0  Warnings: 0

Query OK, 0 rows affected (7.18 sec)
Records: 0  Duplicates: 0  Warnings: 0

Query OK, 0 rows affected (8.40 sec)
Records: 0  Duplicates: 0  Warnings: 0

Query OK, 0 rows affected (4.86 sec)
Records: 0  Duplicates: 0  Warnings: 0

Query OK, 0 rows affected (7.06 sec)
Records: 0  Duplicates: 0  Warnings: 0

+------------------------------------+
| clientcontractsservicepackageprice |
+------------------------------------+
|                            1817364 |
+------------------------------------+
1 row in set (0.49 sec)

mysql> mysql \. C:\workspace\cloud\code\sql\_DailyScript\currenttime.sql
+---------------------+
| currenttime         |
+---------------------+
| 2021-01-14 09:31:37 |
+---------------------+
1 row in set (0.00 sec)

mysql> 
mysql> mysql \. C:\workspace\cloud\code\sql\_DailyScript\ticket_analysis.sql
Database changed
Query OK, 0 rows affected (0.03 sec)

Query OK, 744737 rows affected (21.08 sec)
Records: 744737  Duplicates: 0  Warnings: 0

Query OK, 0 rows affected (4.35 sec)
Records: 0  Duplicates: 0  Warnings: 0

Query OK, 0 rows affected (1.96 sec)
Records: 0  Duplicates: 0  Warnings: 0

Query OK, 0 rows affected (1.89 sec)
Records: 0  Duplicates: 0  Warnings: 0

Query OK, 0 rows affected (0.01 sec)

Query OK, 23692 rows affected (11.93 sec)
Records: 23692  Duplicates: 0  Warnings: 0

Query OK, 0 rows affected, 1 warning (0.00 sec)

Query OK, 106434 rows affected (6.86 sec)
Records: 106434  Duplicates: 0  Warnings: 0

Query OK, 0 rows affected, 1 warning (0.00 sec)

Query OK, 543722 rows affected (13.24 sec)
Records: 543722  Duplicates: 0  Warnings: 0

Query OK, 0 rows affected, 1 warning (0.00 sec)

Query OK, 543722 rows affected (13.70 sec)
Records: 543722  Duplicates: 0  Warnings: 0

Query OK, 0 rows affected (0.01 sec)

Query OK, 106536 rows affected (5.49 sec)
Records: 106536  Duplicates: 0  Warnings: 0

Database changed
Query OK, 0 rows affected (0.00 sec)

Query OK, 0 rows affected (0.01 sec)

Query OK, 744737 rows affected (21.60 sec)
Records: 744737  Duplicates: 0  Warnings: 0

Query OK, 0 rows affected (0.01 sec)

Query OK, 378174 rows affected (14.51 sec)
Records: 378174  Duplicates: 0  Warnings: 0

+--------------------------+
| clientticket_cmmtjourney |
+--------------------------+
|                   744737 |
+--------------------------+
1 row in set (2.03 sec)

+---------------------------+
| clientticket_assgnjourney |
+---------------------------+
|                    378174 |
+---------------------------+
1 row in set (0.40 sec)

Query OK, 0 rows affected (0.01 sec)

Query OK, 76 rows affected (0.09 sec)
Records: 76  Duplicates: 0  Warnings: 0

mysql> mysql \. C:\workspace\cloud\code\sql\_DailyScript\currenttime.sql
+---------------------+
| currenttime         |
+---------------------+
| 2021-01-14 09:33:36 |
+---------------------+
1 row in set (0.00 sec)

mysql> 
mysql> mysql \. C:\workspace\cloud\code\sql\_DailyScript\load_DailyCalls.sql
Database changed
Query OK, 1 row affected (0.03 sec)
Records: 1  Deleted: 0  Skipped: 0  Warnings: 0

Query OK, 0 rows affected, 1 warning (0.00 sec)

Query OK, 0 rows affected (0.03 sec)
Records: 0  Duplicates: 0  Warnings: 0

Query OK, 0 rows affected, 1 warning (0.00 sec)

Query OK, 68550 rows affected (0.29 sec)
Records: 68550  Duplicates: 0  Warnings: 0

+----------------------+
| callingclientsbefore |
+----------------------+
|              1090163 |
+----------------------+
1 row in set (0.44 sec)

Query OK, 0 rows affected (0.00 sec)
Records: 0  Duplicates: 0  Warnings: 0

+---------------------+
| callingclientsafter |
+---------------------+
|             1090163 |
+---------------------+
1 row in set (0.28 sec)

Query OK, 0 rows affected (0.01 sec)

Query OK, 1 row affected (3.74 sec)
Records: 1  Duplicates: 0  Warnings: 0

Query OK, 0 rows affected (0.00 sec)

Query OK, 21569 rows affected (3.27 sec)
Records: 21569  Duplicates: 0  Warnings: 0

+-----------+
| callstats |
+-----------+
|     21569 |
+-----------+
1 row in set (0.01 sec)

Query OK, 0 rows affected, 1 warning (0.00 sec)

Query OK, 0 rows affected (2.66 sec)
Records: 0  Duplicates: 0  Warnings: 0

+------------------------+
| rep_cccallreportbefore |
+------------------------+
|                1091140 |
+------------------------+
1 row in set (0.36 sec)

Query OK, 0 rows affected (0.00 sec)
Records: 0  Duplicates: 0  Warnings: 0

+-----------------------+
| rep_cccallreportafter |
+-----------------------+
|               1091140 |
+-----------------------+
1 row in set (0.27 sec)

Query OK, 0 rows affected (0.01 sec)

mysql> mysql \. C:\workspace\cloud\code\sql\_DailyScript\currenttime.sql
+---------------------+
| currenttime         |
+---------------------+
| 2021-01-14 09:33:47 |
+---------------------+
1 row in set (0.00 sec)

mysql> 
mysql> mysql \. C:\workspace\cloud\code\sql\_DailyScript\DAILY-SCRIPT-USAGE.sql
Database changed
Query OK, 0 rows affected (0.00 sec)

Query OK, 4274 rows affected, 12372 warnings (1.05 sec)
Records: 4274  Deleted: 0  Skipped: 0  Warnings: 12372

Query OK, 0 rows affected (0.00 sec)

Query OK, 6028 rows affected, 17418 warnings (1.19 sec)
Records: 6028  Deleted: 0  Skipped: 0  Warnings: 17418

Query OK, 0 rows affected (0.00 sec)

Query OK, 254 rows affected, 914 warnings (0.04 sec)
Records: 254  Deleted: 0  Skipped: 0  Warnings: 914

Query OK, 0 rows affected (0.00 sec)

Query OK, 158 rows affected, 545 warnings (0.05 sec)
Records: 158  Deleted: 0  Skipped: 0  Warnings: 545

+------------+
| dailyusage |
+------------+
|   16178523 |
+------------+
1 row in set (6.73 sec)

+------------+------------+------------+---------+
| datestart  | dateend    | insertedon | records |
+------------+------------+------------+---------+
| 2021-01-13 | 2021-01-13 | 2021-01-14 |   10714 |
| 2021-01-12 | 2021-01-12 | 2021-01-13 |   10697 |
| 2021-01-11 | 2021-01-11 | 2021-01-12 |   10474 |
| 2021-01-10 | 2021-01-10 | 2021-01-11 |   10482 |
| 2021-01-09 | 2021-01-09 | 2021-01-11 |   10569 |
+------------+------------+------------+---------+
5 rows in set (31.68 sec)

+----------+------------+------------+------------+---------+
| category | datestart  | dateend    | insertedon | records |
+----------+------------+------------+------------+---------+
| UNCAPPED | 2021-01-13 | 2021-01-13 | 2021-01-14 |    6028 |
| PREPAID  | 2021-01-13 | 2021-01-13 | 2021-01-14 |     254 |
| HOTSPOT  | 2021-01-13 | 2021-01-13 | 2021-01-14 |     158 |
| CAPPED   | 2021-01-13 | 2021-01-13 | 2021-01-14 |    4274 |
| UNCAPPED | 2021-01-12 | 2021-01-12 | 2021-01-13 |    6151 |
| PREPAID  | 2021-01-12 | 2021-01-12 | 2021-01-13 |     213 |
| HOTSPOT  | 2021-01-12 | 2021-01-12 | 2021-01-13 |     133 |
| CAPPED   | 2021-01-12 | 2021-01-12 | 2021-01-13 |    4200 |
| UNCAPPED | 2021-01-11 | 2021-01-11 | 2021-01-12 |    5882 |
| PREPAID  | 2021-01-11 | 2021-01-11 | 2021-01-12 |     224 |
| HOTSPOT  | 2021-01-11 | 2021-01-11 | 2021-01-12 |     165 |
| CAPPED   | 2021-01-11 | 2021-01-11 | 2021-01-12 |    4203 |
| UNCAPPED | 2021-01-10 | 2021-01-10 | 2021-01-11 |    5880 |
| PREPAID  | 2021-01-10 | 2021-01-10 | 2021-01-11 |     232 |
| HOTSPOT  | 2021-01-10 | 2021-01-10 | 2021-01-11 |     172 |
| CAPPED   | 2021-01-10 | 2021-01-10 | 2021-01-11 |    4198 |
| UNCAPPED | 2021-01-09 | 2021-01-09 | 2021-01-11 |    5929 |
| PREPAID  | 2021-01-09 | 2021-01-09 | 2021-01-11 |     249 |
| HOTSPOT  | 2021-01-09 | 2021-01-09 | 2021-01-11 |     158 |
| CAPPED   | 2021-01-09 | 2021-01-09 | 2021-01-11 |    4233 |
+----------+------------+------------+------------+---------+
20 rows in set (22.73 sec)

mysql> mysql \. C:\workspace\cloud\code\sql\_DailyScript\currenttime.sql
+---------------------+
| currenttime         |
+---------------------+
| 2021-01-14 09:34:51 |
+---------------------+
1 row in set (0.00 sec)

mysql> 
mysql> mysql \. C:\workspace\cloud\code\sql\_DailyScript\DAILY-SCRIPT-SALES-TELEMETRY.sql
Database changed
Query OK, 64 rows affected, 32 warnings (0.05 sec)
Records: 64  Deleted: 0  Skipped: 0  Warnings: 32

+------------+
| dailysales |
+------------+
|     220519 |
+------------+
1 row in set (0.24 sec)

Query OK, 0 rows affected (0.01 sec)

Query OK, 220519 rows affected (13.61 sec)
Records: 220519  Duplicates: 0  Warnings: 0

+--------+
| sales  |
+--------+
| 220519 |
+--------+
1 row in set (0.19 sec)

Query OK, 0 rows affected (0.01 sec)

Query OK, 3596 rows affected (0.35 sec)
Records: 3596  Duplicates: 0  Warnings: 0

+----------------+
| rep_dailysales |
+----------------+
|           3596 |
+----------------+
1 row in set (0.00 sec)

Query OK, 0 rows affected (0.01 sec)

Query OK, 3596 rows affected (0.52 sec)
Records: 3596  Duplicates: 0  Warnings: 0

+-------------------+
| rep_dailysalesreg |
+-------------------+
|              3596 |
+-------------------+
1 row in set (0.00 sec)

Query OK, 0 rows affected (0.01 sec)

Query OK, 2860 rows affected (0.65 sec)
Records: 2860  Duplicates: 0  Warnings: 0

+-----------+
| saleslist |
+-----------+
|      2860 |
+-----------+
1 row in set (0.00 sec)

Database changed
ERROR 2 (HY000): File 'C:\ProgramData\MySQL\MySQL Server 5.7\Uploads\_csv\PrepaidCardSales-13012021-P1.csv' not found (Errcode: 2 - No such file or directory)
+------------------+
| dailysinglesales |
+------------------+
|             6443 |
+------------------+
1 row in set (0.01 sec)

Database changed
Query OK, 17 rows affected (0.04 sec)
Records: 17  Deleted: 0  Skipped: 0  Warnings: 0

+-----------------+
| dailyaddonsales |
+-----------------+
|           21667 |
+-----------------+
1 row in set (0.04 sec)

Query OK, 197 rows affected (0.05 sec)
Records: 197  Deleted: 0  Skipped: 0  Warnings: 0

+----------------+
| onlinepayments |
+----------------+
|         150547 |
+----------------+
1 row in set (0.12 sec)

+-------------+----------------+---------------------+
| paymentdate | onlinepayments | onlinepaymentamount |
+-------------+----------------+---------------------+
| 2021-01-13  |            197 |        118175.34000 |
| 2021-01-12  |            210 |        135674.21000 |
| 2021-01-11  |            208 |        125671.01000 |
| 2021-01-10  |            208 |        121503.21000 |
| 2021-01-09  |            229 |        147160.25000 |
+-------------+----------------+---------------------+
5 rows in set (0.53 sec)

+-------------+--------------+----------------+---------------------+
| paymentyear | paymentmonth | onlinepayments | onlinepaymentamount |
+-------------+--------------+----------------+---------------------+
|        2021 |            1 |           3283 |       2103512.75000 |
|        2021 |         NULL |           3283 |       2103512.75000 |
|        2020 |           12 |           7235 |       4780077.29000 |
|        2020 |           11 |           6424 |       4163507.90000 |
|        2020 |           10 |           6965 |       4508008.17000 |
+-------------+--------------+----------------+---------------------+
5 rows in set (0.14 sec)

mysql> mysql \. C:\workspace\cloud\code\sql\_DailyScript\currenttime.sql
+---------------------+
| currenttime         |
+---------------------+
| 2021-01-14 09:35:07 |
+---------------------+
1 row in set (0.00 sec)

mysql> 
mysql> mysql \. C:\workspace\cloud\code\sql\_DailyScript\DAILY-SCRIPT-ACTIVENUMBERS.sql
Database changed
Query OK, 1168 rows affected (0.53 sec)
Records: 1168  Deleted: 0  Skipped: 0  Warnings: 0

+------------+----------+
| period     | count(1) |
+------------+----------+
| 2021-01-13 |     1168 |
| 2021-01-12 |     1170 |
| 2021-01-11 |     1171 |
| 2021-01-10 |     1172 |
| 2021-01-09 |     1172 |
+------------+----------+
5 rows in set (0.01 sec)

Query OK, 0 rows affected (0.00 sec)

Query OK, 78 rows affected (1.37 sec)
Records: 78  Duplicates: 0  Warnings: 0

+-------------+
| packagelist |
+-------------+
|          78 |
+-------------+
1 row in set (0.00 sec)

Database changed
Query OK, 0 rows affected (0.00 sec)

Query OK, 0 rows affected (0.00 sec)

Query OK, 0 rows affected (0.00 sec)

Query OK, 0 rows affected (0.00 sec)

Query OK, 28415 rows affected, 214 warnings (19.24 sec)
Records: 28415  Deleted: 0  Skipped: 0  Warnings: 214

+------------+----------+
| period     | count(1) |
+------------+----------+
| 2021-01-13 |    28415 |
| 2021-01-12 |    28339 |
| 2021-01-11 |    28294 |
| 2021-01-10 |    28260 |
| 2021-01-09 |    28401 |
+------------+----------+
5 rows in set (0.16 sec)

Query OK, 0 rows affected (0.04 sec)

Query OK, 27844 rows affected (49.41 sec)
Records: 27844  Duplicates: 0  Warnings: 0

Query OK, 0 rows affected (0.14 sec)
Records: 0  Duplicates: 0  Warnings: 0

Query OK, 0 rows affected (0.10 sec)
Records: 0  Duplicates: 0  Warnings: 0

Query OK, 0 rows affected (0.10 sec)
Records: 0  Duplicates: 0  Warnings: 0

Query OK, 0 rows affected (0.08 sec)
Records: 0  Duplicates: 0  Warnings: 0

Query OK, 0 rows affected (0.07 sec)
Records: 0  Duplicates: 0  Warnings: 0

Query OK, 0 rows affected (0.06 sec)
Records: 0  Duplicates: 0  Warnings: 0

+-------------+
| countbefore |
+-------------+
|    42444986 |
+-------------+
1 row in set (16.85 sec)

Query OK, 27844 rows affected (5.63 sec)
Records: 27844  Duplicates: 0  Warnings: 0

+------------+
| countafter |
+------------+
|   42472830 |
+------------+
1 row in set (12.35 sec)

+------------+--------------------------+
| period     | customercontractactivity |
+------------+--------------------------+
| 2021-01-13 |                    27844 |
| 2021-01-12 |                    27768 |
| 2021-01-11 |                    27723 |
| 2021-01-10 |                    27689 |
| 2021-01-09 |                    27830 |
+------------+--------------------------+
5 rows in set (0.06 sec)

Query OK, 0 rows affected (0.02 sec)

Query OK, 290607 rows affected (7 min 36.27 sec)
Records: 290607  Duplicates: 0  Warnings: 0

Query OK, 0 rows affected (0.96 sec)
Records: 0  Duplicates: 0  Warnings: 0

Query OK, 0 rows affected (1.03 sec)
Records: 0  Duplicates: 0  Warnings: 0

Query OK, 0 rows affected (1.01 sec)
Records: 0  Duplicates: 0  Warnings: 0

Query OK, 0 rows affected (0.01 sec)

Query OK, 235 rows affected (0.39 sec)
Records: 235  Duplicates: 0  Warnings: 0

Query OK, 0 rows affected (0.01 sec)

Query OK, 2683 rows affected (0.54 sec)
Records: 2683  Duplicates: 0  Warnings: 0

Query OK, 0 rows affected (0.01 sec)

Query OK, 27819 rows affected (0.50 sec)
Records: 27819  Duplicates: 0  Warnings: 0

Query OK, 0 rows affected (0.01 sec)

Query OK, 17355 rows affected (0.34 sec)
Records: 17355  Duplicates: 0  Warnings: 0

Query OK, 0 rows affected (0.02 sec)

Query OK, 17355 rows affected (0.12 sec)
Records: 17355  Duplicates: 0  Warnings: 0

Query OK, 0 rows affected (0.03 sec)

Query OK, 17355 rows affected (1.10 sec)
Records: 17355  Duplicates: 0  Warnings: 0

Query OK, 0 rows affected (0.02 sec)

Query OK, 17355 rows affected (43.21 sec)
Records: 17355  Duplicates: 0  Warnings: 0

+-------------+
| clientstats |
+-------------+
|       17355 |
+-------------+
1 row in set (0.01 sec)

Query OK, 0 rows affected (0.01 sec)

Query OK, 14 rows affected, 1 warning (0.09 sec)
Records: 14  Duplicates: 0  Warnings: 1

+-----------------------+-------------+-------------+----------------+-----------------+
| services              | activecount | allaccounts | uniqueaccounts | uniquecontracts |
+-----------------------+-------------+-------------+----------------+-----------------+
| All                   |         373 |          63 |             63 |             200 |
| Internet & OTT        |           4 |           2 |              2 |               2 |
| Internet & Voice      |         362 |         163 |            162 |             318 |
| Internet Only         |        4375 |        4253 |           4246 |            4299 |
| OTT Only              |           1 |           1 |              1 |               1 |
| TV & Internet         |        9656 |        4371 |           4364 |            8904 |
| TV & Internet & OTT   |        3378 |         861 |            859 |            1789 |
| TV & Internet & Voice |         568 |         163 |            163 |             501 |
| TV & OTT              |         519 |          81 |             80 |              99 |
| TV & Voice            |          85 |          38 |             38 |              79 |
| TV & Voice & OTT      |           3 |           1 |              1 |               2 |
| TV Only               |        9067 |        7220 |           7213 |            7413 |
| Voice Only            |         140 |         138 |            138 |             140 |
| GRAND TOTAL           |       28531 |       17355 |          17288 |           23747 |
+-----------------------+-------------+-------------+----------------+-----------------+
14 rows in set (0.00 sec)

+-------------+-------------+-------------+----------------+-----------------+
| network     | activecount | allaccounts | uniqueaccounts | uniquecontracts |
+-------------+-------------+-------------+----------------+-----------------+
| GPON        |       10590 |        5346 |           5343 |            8385 |
| HFC         |       17941 |       12009 |          12009 |           15362 |
| GRAND TOTAL |       28531 |       17355 |          17288 |           23747 |
+-------------+-------------+-------------+----------------+-----------------+
3 rows in set, 1 warning (0.10 sec)

+-------------+-----------------------+-------------+-------------+----------------+-----------------+
| network     | services              | activecount | allaccounts | uniqueaccounts | uniquecontracts |
+-------------+-----------------------+-------------+-------------+----------------+-----------------+
| GPON        | All                   |         230 |          41 |             41 |             128 |
| GPON        | Internet & Voice      |          74 |          31 |             31 |              64 |
| GPON        | Internet Only         |        1302 |        1201 |           1201 |            1228 |
| GPON        | TV & Internet         |        4413 |        1953 |           1953 |            4022 |
| GPON        | TV & Internet & OTT   |        2064 |         516 |            516 |            1078 |
| GPON        | TV & Internet & Voice |         271 |          72 |             72 |             225 |
| GPON        | TV & OTT              |         290 |          47 |             47 |              54 |
| GPON        | TV & Voice            |          51 |          22 |             22 |              47 |
| GPON        | TV Only               |        1880 |        1449 |           1449 |            1524 |
| GPON        | Voice Only            |          15 |          14 |             14 |              15 |
| GPON        | Services Total        |       10590 |        5346 |           5343 |            8385 |
| HFC         | All                   |         143 |          22 |             22 |              72 |
| HFC         | Internet & OTT        |           4 |           2 |              2 |               2 |
| HFC         | Internet & Voice      |         288 |         132 |            132 |             254 |
| HFC         | Internet Only         |        3073 |        3052 |           3052 |            3071 |
| HFC         | OTT Only              |           1 |           1 |              1 |               1 |
| HFC         | TV & Internet         |        5243 |        2418 |           2418 |            4882 |
| HFC         | TV & Internet & OTT   |        1314 |         345 |            345 |             711 |
| HFC         | TV & Internet & Voice |         297 |          91 |             91 |             276 |
| HFC         | TV & OTT              |         229 |          34 |             34 |              45 |
| HFC         | TV & Voice            |          34 |          16 |             16 |              32 |
| HFC         | TV & Voice & OTT      |           3 |           1 |              1 |               2 |
| HFC         | TV Only               |        7187 |        5771 |           5771 |            5889 |
| HFC         | Voice Only            |         125 |         124 |            124 |             125 |
| HFC         | Services Total        |       17941 |       12009 |          12009 |           15362 |
| GRAND TOTAL | Services Total        |       28531 |       17355 |          17288 |           23747 |
+-------------+-----------------------+-------------+-------------+----------------+-----------------+
26 rows in set, 2 warnings (0.12 sec)

Query OK, 0 rows affected (0.01 sec)

Query OK, 44 rows affected, 3 warnings (0.17 sec)
Records: 44  Duplicates: 0  Warnings: 3

+-------------+---------------+-----------------------+-------------+-------------+----------------+-----------------+
| region      | network       | services              | activecount | allaccounts | uniqueaccounts | uniquecontracts |
+-------------+---------------+-----------------------+-------------+-------------+----------------+-----------------+
| Eden Island | GPON          | TV & Internet         |           2 |           1 |              1 |               2 |
| Eden Island | GPON          | Services Total        |           2 |           1 |              1 |               2 |
| Eden Island | Network Total | Services Total        |           2 |           1 |              1 |               2 |
| Mahe        | GPON          | All                   |         205 |          37 |             37 |             116 |
| Mahe        | GPON          | Internet & Voice      |          60 |          24 |             24 |              50 |
| Mahe        | GPON          | Internet Only         |        1072 |         971 |            971 |             998 |
| Mahe        | GPON          | TV & Internet         |        3636 |        1603 |           1603 |            3299 |
| Mahe        | GPON          | TV & Internet & OTT   |        1632 |         395 |            395 |             831 |
| Mahe        | GPON          | TV & Internet & Voice |         255 |          67 |             67 |             209 |
| Mahe        | GPON          | TV & OTT              |         252 |          33 |             33 |              38 |
| Mahe        | GPON          | TV & Voice            |          48 |          21 |             21 |              45 |
| Mahe        | GPON          | TV Only               |        1519 |        1157 |           1157 |            1216 |
| Mahe        | GPON          | Voice Only            |          15 |          14 |             14 |              15 |
| Mahe        | GPON          | Services Total        |        8694 |        4322 |           4322 |            6817 |
| Mahe        | HFC           | All                   |         143 |          22 |             22 |              72 |
| Mahe        | HFC           | Internet & OTT        |           4 |           2 |              2 |               2 |
| Mahe        | HFC           | Internet & Voice      |         288 |         132 |            132 |             254 |
| Mahe        | HFC           | Internet Only         |        3072 |        3051 |           3051 |            3070 |
| Mahe        | HFC           | OTT Only              |           1 |           1 |              1 |               1 |
| Mahe        | HFC           | TV & Internet         |        5243 |        2418 |           2418 |            4882 |
| Mahe        | HFC           | TV & Internet & OTT   |        1314 |         345 |            345 |             711 |
| Mahe        | HFC           | TV & Internet & Voice |         297 |          91 |             91 |             276 |
| Mahe        | HFC           | TV & OTT              |         229 |          34 |             34 |              45 |
| Mahe        | HFC           | TV & Voice            |          34 |          16 |             16 |              32 |
| Mahe        | HFC           | TV & Voice & OTT      |           3 |           1 |              1 |               2 |
| Mahe        | HFC           | TV Only               |        7184 |        5769 |           5769 |            5887 |
| Mahe        | HFC           | Voice Only            |         125 |         124 |            124 |             125 |
| Mahe        | HFC           | Services Total        |       17937 |       12006 |          12006 |           15359 |
| Mahe        | Network Total | Services Total        |       26631 |       16328 |          16264 |           22176 |
| Praslin     | GPON          | All                   |          25 |           4 |              4 |              12 |
| Praslin     | GPON          | Internet & Voice      |          14 |           7 |              7 |              14 |
| Praslin     | GPON          | Internet Only         |         230 |         230 |            230 |             230 |
| Praslin     | GPON          | TV & Internet         |         775 |         349 |            349 |             721 |
| Praslin     | GPON          | TV & Internet & OTT   |         432 |         121 |            121 |             247 |
| Praslin     | GPON          | TV & Internet & Voice |          16 |           5 |              5 |              16 |
| Praslin     | GPON          | TV & OTT              |          38 |          14 |             14 |              16 |
| Praslin     | GPON          | TV & Voice            |           3 |           1 |              1 |               2 |
| Praslin     | GPON          | TV Only               |         361 |         292 |            292 |             308 |
| Praslin     | GPON          | Services Total        |        1894 |        1023 |           1023 |            1566 |
| Praslin     | HFC           | Internet Only         |           1 |           1 |              1 |               1 |
| Praslin     | HFC           | TV Only               |           3 |           2 |              2 |               2 |
| Praslin     | HFC           | Services Total        |           4 |           3 |              3 |               3 |
| Praslin     | Network Total | Services Total        |        1898 |        1026 |           1026 |            1569 |
| GRAND TOTAL | Network Total | Services Total        |       28531 |       17355 |          17288 |           23747 |
+-------------+---------------+-----------------------+-------------+-------------+----------------+-----------------+
44 rows in set (0.00 sec)

Query OK, 0 rows affected (0.01 sec)

Query OK, 27820 rows affected (0.42 sec)
Records: 27820  Duplicates: 0  Warnings: 0

Query OK, 0 rows affected (0.01 sec)

Query OK, 2227 rows affected (1.63 sec)
Records: 2227  Duplicates: 0  Warnings: 0

+--------------------------------------+
| message                              |
+--------------------------------------+
| running rcbill_my.sp_ActiveNumber2() |
+--------------------------------------+
1 row in set (0.00 sec)

Query OK, 365 rows affected (1 min 50.81 sec)

mysql> mysql \. C:\workspace\cloud\code\sql\_DailyScript\currenttime.sql
+---------------------+
| currenttime         |
+---------------------+
| 2021-01-14 09:47:13 |
+---------------------+
1 row in set (0.00 sec)

mysql> 
mysql> mysql \. C:\workspace\cloud\code\sql\_DailyScript\GetActiveNumbers Average -Pivot.sql
Database changed
+-------------------------------------+
| @today := subdate(current_date(),1) |
+-------------------------------------+
| 2021-01-13                          |
+-------------------------------------+
1 row in set (0.00 sec)

+-------------------------------------+
| @lastdayofmonth := last_day(@today) |
+-------------------------------------+
| 2021-01-31                          |
+-------------------------------------+
1 row in set (0.00 sec)

Query OK, 0 rows affected (0.02 sec)

Query OK, 44741 rows affected, 65535 warnings (52.40 sec)
Records: 44741  Duplicates: 0  Warnings: 91885

Query OK, 0 rows affected (0.09 sec)
Records: 0  Duplicates: 0  Warnings: 0

Query OK, 0 rows affected (0.12 sec)
Records: 0  Duplicates: 0  Warnings: 0

Query OK, 0 rows affected (0.09 sec)
Records: 0  Duplicates: 0  Warnings: 0

+-----------------+
| activenumberavg |
+-----------------+
|           44741 |
+-----------------+
1 row in set (0.01 sec)

Query OK, 0 rows affected (0.01 sec)

Query OK, 1939 rows affected (0.49 sec)
Records: 1939  Duplicates: 0  Warnings: 0

+---------------------+
| rep_activenumberavg |
+---------------------+
|                1939 |
+---------------------+
1 row in set (0.00 sec)

+----------------------+
| rep_activenumberavg1 |
+----------------------+
|                  906 |
+----------------------+
1 row in set (0.00 sec)

Query OK, 0 rows affected (0.00 sec)

Query OK, 2341 rows affected (0.40 sec)
Records: 2341  Duplicates: 0  Warnings: 0

Query OK, 0 rows affected (0.01 sec)

Query OK, 12025 rows affected (0.72 sec)
Records: 12025  Duplicates: 0  Warnings: 0

Query OK, 0 rows affected (0.00 sec)

Query OK, 0 rows affected (0.01 sec)

Query OK, 0 rows affected (0.01 sec)

Query OK, 0 rows affected (0.00 sec)

Query OK, 0 rows affected (0.00 sec)
Statement prepared

Query OK, 53 rows affected (0.05 sec)
Records: 53  Duplicates: 0  Warnings: 0

Query OK, 0 rows affected (0.00 sec)

Query OK, 0 rows affected (0.00 sec)

+----------------------+
| rep_activenumberavg2 |
+----------------------+
|                 2341 |
+----------------------+
1 row in set (0.00 sec)

+------------------------+
| rep_activenumberavg_pv |
+------------------------+
|                     53 |
+------------------------+
1 row in set (0.00 sec)

Query OK, 0 rows affected (0.01 sec)

Query OK, 2340 rows affected (0.34 sec)
Records: 2340  Duplicates: 0  Warnings: 0

Query OK, 0 rows affected (0.00 sec)

Query OK, 0 rows affected (0.00 sec)

Query OK, 0 rows affected (0.01 sec)

Query OK, 0 rows affected (0.00 sec)

Query OK, 0 rows affected (0.00 sec)
Statement prepared

Query OK, 53 rows affected (0.05 sec)
Records: 53  Duplicates: 0  Warnings: 0

Query OK, 0 rows affected (0.00 sec)

Query OK, 0 rows affected (0.00 sec)

+-------------------------+
| rep_activenumberavgMahe |
+-------------------------+
|                    2340 |
+-------------------------+
1 row in set (0.00 sec)

+----------------------------+
| rep_activenumberavgMahe_pv |
+----------------------------+
|                         53 |
+----------------------------+
1 row in set (0.00 sec)

Query OK, 0 rows affected (0.00 sec)

Query OK, 1488 rows affected (0.15 sec)
Records: 1488  Duplicates: 0  Warnings: 0

Query OK, 0 rows affected (0.00 sec)

Query OK, 0 rows affected (0.00 sec)

Query OK, 0 rows affected (0.01 sec)

Query OK, 0 rows affected (0.00 sec)

Query OK, 0 rows affected (0.00 sec)
Statement prepared

Query OK, 40 rows affected (0.03 sec)
Records: 40  Duplicates: 0  Warnings: 0

Query OK, 0 rows affected (0.00 sec)

Query OK, 0 rows affected (0.00 sec)

+----------------------------+
| rep_activenumberavgPraslin |
+----------------------------+
|                       1488 |
+----------------------------+
1 row in set (0.00 sec)

+-------------------------------+
| rep_activenumberavgPraslin_pv |
+-------------------------------+
|                            40 |
+-------------------------------+
1 row in set (0.00 sec)

mysql> mysql \. C:\workspace\cloud\code\sql\_DailyScript\currenttime.sql
+---------------------+
| currenttime         |
+---------------------+
| 2021-01-14 09:48:08 |
+---------------------+
1 row in set (0.00 sec)

mysql> 
mysql> mysql \. C:\workspace\cloud\code\sql\_DailyScript\budget_actual_analysis_2021.sql
Query OK, 0 rows affected (0.01 sec)

Query OK, 593 rows affected, 3 warnings (0.06 sec)
Records: 593  Duplicates: 0  Warnings: 3

+--------------------+
| budget_actual_2021 |
+--------------------+
|                593 |
+--------------------+
1 row in set (0.00 sec)

Query OK, 0 rows affected (0.01 sec)

Query OK, 47 rows affected (0.03 sec)
Records: 47  Duplicates: 0  Warnings: 0

+---------------------------+
| rep_budget_actual_2021_pv |
+---------------------------+
|                        47 |
+---------------------------+
1 row in set (0.00 sec)

mysql> mysql \. C:\workspace\cloud\code\sql\_DailyScript\currenttime.sql
+---------------------+
| currenttime         |
+---------------------+
| 2021-01-14 09:48:08 |
+---------------------+
1 row in set (0.00 sec)

mysql> 
mysql> mysql \. C:\workspace\cloud\code\sql\_DailyScript\reports-sales-addons-prepaid-camera.sql
Database changed
Query OK, 0 rows affected (0.00 sec)

Query OK, 4228 rows affected (0.18 sec)
Records: 4228  Duplicates: 0  Warnings: 0

Query OK, 0 rows affected (0.01 sec)

Query OK, 21711 rows affected (17.42 sec)
Records: 21711  Duplicates: 0  Warnings: 0

+--------------------+
| rep_prepaid_camera |
+--------------------+
|               4228 |
+--------------------+
1 row in set (0.01 sec)

+-----------+
| rep_addon |
+-----------+
|     21711 |
+-----------+
1 row in set (0.01 sec)

mysql> mysql \. C:\workspace\cloud\code\sql\_DailyScript\currenttime.sql
+---------------------+
| currenttime         |
+---------------------+
| 2021-01-14 09:48:26 |
+---------------------+
1 row in set (0.00 sec)

mysql> 
mysql> mysql \. C:\workspace\cloud\code\sql\_DailyScript\RCB_ClientAnalyticsReport_Script.sql
Database changed
Query OK, 0 rows affected (0.00 sec)

Query OK, 0 rows affected (0.06 sec)

Query OK, 2013791 rows affected (1 min 12.23 sec)
Records: 2013791  Duplicates: 0  Warnings: 0

Query OK, 0 rows affected (6.88 sec)
Records: 0  Duplicates: 0  Warnings: 0

Query OK, 0 rows affected (4.25 sec)
Records: 0  Duplicates: 0  Warnings: 0

Query OK, 0 rows affected (10.13 sec)
Records: 0  Duplicates: 0  Warnings: 0

Query OK, 0 rows affected (7.42 sec)
Records: 0  Duplicates: 0  Warnings: 0

Query OK, 0 rows affected (9.24 sec)
Records: 0  Duplicates: 0  Warnings: 0

Query OK, 0 rows affected (6.69 sec)
Records: 0  Duplicates: 0  Warnings: 0

Query OK, 0 rows affected (0.00 sec)

Query OK, 501441 rows affected (14.85 sec)
Rows matched: 2013791  Changed: 501441  Warnings: 0

Query OK, 0 rows affected (0.01 sec)

Query OK, 28611 rows affected (3.99 sec)
Records: 28611  Duplicates: 0  Warnings: 0

+---------------------+
| clientcontractssubs |
+---------------------+
|               28611 |
+---------------------+
1 row in set (0.01 sec)

Query OK, 0 rows affected (0.01 sec)

Query OK, 44515 rows affected (10 min 9.17 sec)
Records: 44515  Duplicates: 0  Warnings: 0

Query OK, 0 rows affected (0.19 sec)
Records: 0  Duplicates: 0  Warnings: 0

Query OK, 0 rows affected (0.14 sec)
Records: 0  Duplicates: 0  Warnings: 0

Query OK, 0 rows affected (0.08 sec)
Records: 0  Duplicates: 0  Warnings: 0

+-----------------------+
| clientcontracthistory |
+-----------------------+
|                 44515 |
+-----------------------+
1 row in set (0.01 sec)

Query OK, 0 rows affected (0.02 sec)

Query OK, 2715859 rows affected (1 min 21.51 sec)
Records: 2715859  Duplicates: 0  Warnings: 0

Query OK, 0 rows affected (0.02 sec)

Query OK, 470376 rows affected (6 min 10.40 sec)
Records: 470376  Duplicates: 0  Warnings: 0

Query OK, 0 rows affected (1.55 sec)
Records: 0  Duplicates: 0  Warnings: 0

Query OK, 0 rows affected (0.72 sec)
Records: 0  Duplicates: 0  Warnings: 0

Query OK, 0 rows affected (1.62 sec)
Records: 0  Duplicates: 0  Warnings: 0

Query OK, 0 rows affected (0.77 sec)
Records: 0  Duplicates: 0  Warnings: 0

+--------------------------+
| clientcontractinvpmt_stg |
+--------------------------+
|                   470376 |
+--------------------------+
1 row in set (0.12 sec)

Query OK, 0 rows affected (0.02 sec)

Query OK, 470376 rows affected (11.43 sec)
Records: 470376  Duplicates: 0  Warnings: 0

Query OK, 0 rows affected (1.89 sec)
Records: 0  Duplicates: 0  Warnings: 0

Query OK, 0 rows affected (0.76 sec)
Records: 0  Duplicates: 0  Warnings: 0

Query OK, 0 rows affected (1.64 sec)
Records: 0  Duplicates: 0  Warnings: 0

Query OK, 0 rows affected (0.79 sec)
Records: 0  Duplicates: 0  Warnings: 0

+----------------------+
| clientcontractinvpmt |
+----------------------+
|               470376 |
+----------------------+
1 row in set (0.12 sec)

Query OK, 0 rows affected (0.01 sec)

Query OK, 44515 rows affected (1 min 19.21 sec)
Records: 44515  Duplicates: 0  Warnings: 0

+--------------+
| clientreport |
+--------------+
|        44515 |
+--------------+
1 row in set (0.02 sec)

Query OK, 0 rows affected (0.01 sec)

Query OK, 44515 rows affected (5.75 sec)
Records: 44515  Duplicates: 0  Warnings: 0

+----------------------+
| clientextendedreport |
+----------------------+
|                44515 |
+----------------------+
1 row in set (0.01 sec)

Query OK, 0 rows affected (0.01 sec)

Query OK, 44515 rows affected (1 min 3.15 sec)
Records: 44515  Duplicates: 0  Warnings: 0

+---------+
| allcust |
+---------+
|   44515 |
+---------+
1 row in set (0.01 sec)

Query OK, 0 rows affected, 1 warning (0.00 sec)

Query OK, 5000 rows affected (0.15 sec)
Records: 5000  Duplicates: 0  Warnings: 0

Query OK, 0 rows affected (0.01 sec)

Query OK, 6868 rows affected (0.26 sec)
Records: 6868  Duplicates: 0  Warnings: 0

Query OK, 0 rows affected, 1 warning (0.00 sec)

Query OK, 5000 rows affected (0.13 sec)
Records: 5000  Duplicates: 0  Warnings: 0

Query OK, 0 rows affected (0.01 sec)

Query OK, 7288 rows affected (0.17 sec)
Records: 7288  Duplicates: 0  Warnings: 0

mysql> mysql \. C:\workspace\cloud\code\sql\_DailyScript\currenttime.sql
+---------------------+
| currenttime         |
+---------------------+
| 2021-01-14 10:11:13 |
+---------------------+
1 row in set (0.00 sec)

mysql> 
mysql> 
mysql> mysql \. C:\workspace\cloud\code\sql\_DailyScript\REVENUE_PER_NODE_MXK.sql
Query OK, 0 rows affected (0.01 sec)

Query OK, 0 rows affected (0.01 sec)

Query OK, 0 rows affected (0.02 sec)

Query OK, 7248 rows affected (2.19 sec)
Records: 7248  Duplicates: 0  Warnings: 0

+----------------------+
| message              |
+----------------------+
| created temp table a |
+----------------------+
1 row in set (0.00 sec)

Query OK, 6786 rows affected (0.97 sec)
Records: 6786  Duplicates: 0  Warnings: 0

+----------------------+
| message              |
+----------------------+
| created temp table b |
+----------------------+
1 row in set (0.00 sec)

Query OK, 0 rows affected, 1 warning (0.00 sec)

Query OK, 7552 rows affected (17.66 sec)
Records: 7552  Duplicates: 0  Warnings: 0

+--------------------------------+
| message                        |
+--------------------------------+
| created rcbill_my.tempcustmxk1 |
+--------------------------------+
1 row in set (0.00 sec)

Query OK, 0 rows affected (0.01 sec)

Query OK, 0 rows affected (0.00 sec)

Query OK, 0 rows affected, 1 warning (0.00 sec)

Query OK, 7248 rows affected (1.60 sec)
Records: 7248  Duplicates: 0  Warnings: 0

+----------------+
| message        |
+----------------+
| created temp a |
+----------------+
1 row in set (0.00 sec)

Query OK, 6786 rows affected (0.81 sec)
Records: 6786  Duplicates: 0  Warnings: 0

+----------------+
| message        |
+----------------+
| created temp b |
+----------------+
1 row in set (0.00 sec)

Query OK, 0 rows affected, 1 warning (0.00 sec)

Query OK, 6887 rows affected (9.82 sec)
Records: 6887  Duplicates: 0  Warnings: 0

+--------------------------------+
| message                        |
+--------------------------------+
| created rcbill_my.tempcustmxk2 |
+--------------------------------+
1 row in set (0.00 sec)

Query OK, 0 rows affected (0.01 sec)

Query OK, 0 rows affected (0.00 sec)

Query OK, 0 rows affected, 1 warning (0.00 sec)

Query OK, 0 rows affected (0.01 sec)

Query OK, 8439 rows affected (0.36 sec)
Records: 8439  Duplicates: 0  Warnings: 0

+---------------------------------+
| message                         |
+---------------------------------+
| created rcbill_my.customers_mxk |
+---------------------------------+
1 row in set (0.00 sec)

Query OK, 0 rows affected (0.00 sec)

Query OK, 0 rows affected (0.01 sec)

Query OK, 14381 rows affected (5.42 sec)
Records: 14381  Duplicates: 0  Warnings: 0

+----------------+
| message        |
+----------------+
| created temp a |
+----------------+
1 row in set (0.00 sec)

Query OK, 19193 rows affected (1.65 sec)
Records: 19193  Duplicates: 0  Warnings: 0

+----------------+
| message        |
+----------------+
| created temp c |
+----------------+
1 row in set (0.00 sec)

Query OK, 0 rows affected, 1 warning (0.00 sec)

Query OK, 27246 rows affected (0.29 sec)
Records: 27246  Duplicates: 0  Warnings: 0

+---------------------------------+
| message                         |
+---------------------------------+
| created rcbill_my.tempcustcmts1 |
+---------------------------------+
1 row in set (0.00 sec)

Query OK, 0 rows affected (0.00 sec)

Query OK, 0 rows affected, 1 warning (0.00 sec)

Query OK, 0 rows affected (0.01 sec)

Query OK, 14381 rows affected (5.49 sec)
Records: 14381  Duplicates: 0  Warnings: 0

+----------------+
| message        |
+----------------+
| created temp a |
+----------------+
1 row in set (0.00 sec)

Query OK, 19193 rows affected (1.73 sec)
Records: 19193  Duplicates: 0  Warnings: 0

+----------------+
| message        |
+----------------+
| created temp c |
+----------------+
1 row in set (0.00 sec)

Query OK, 0 rows affected, 1 warning (0.00 sec)

Query OK, 19792 rows affected (0.25 sec)
Records: 19792  Duplicates: 0  Warnings: 0

+---------------------------------+
| message                         |
+---------------------------------+
| created rcbill_my.tempcustcmts2 |
+---------------------------------+
1 row in set (0.00 sec)

Query OK, 0 rows affected (0.01 sec)

Query OK, 0 rows affected, 1 warning (0.00 sec)

Query OK, 0 rows affected (0.01 sec)

Query OK, 0 rows affected (0.01 sec)

Query OK, 14472 rows affected (0.89 sec)
Records: 14472  Duplicates: 0  Warnings: 0

+----------------------------------+
| message                          |
+----------------------------------+
| created rcbill_my.customers_cmts |
+----------------------------------+
1 row in set (0.00 sec)

Query OK, 0 rows affected (0.01 sec)

Query OK, 0 rows affected (0.00 sec)

Query OK, 0 rows affected (0.01 sec)

Query OK, 18809 rows affected (0.71 sec)
Records: 18809  Duplicates: 0  Warnings: 0

+--------------------------------------+
| message                              |
+--------------------------------------+
| created rcbill_my.customers_cmts_mxk |
+--------------------------------------+
1 row in set (0.00 sec)

Query OK, 496315 rows affected (55.09 sec)
Records: 496315  Duplicates: 0  Warnings: 0

+----------------+
| message        |
+----------------+
| created temp a |
+----------------+
1 row in set (0.00 sec)

Query OK, 0 rows affected (0.02 sec)

Query OK, 497038 rows affected (10.69 sec)
Records: 497038  Duplicates: 0  Warnings: 0

+------------------------------------------------+
| message                                        |
+------------------------------------------------+
| created rcbill_my.customers_contracts_cmts_mxk |
+------------------------------------------------+
1 row in set (0.00 sec)

Query OK, 0 rows affected (0.01 sec)

Query OK, 0 rows affected, 1 warning (0.00 sec)

Query OK, 0 rows affected, 1 warning (0.00 sec)

Query OK, 0 rows affected (0.00 sec)

Query OK, 8380 rows affected (2.59 sec)
Rows matched: 8380  Changed: 8380  Warnings: 0

+------------------------------------------------+
| message                                        |
+------------------------------------------------+
| updated rcbill_my.customers_contracts_cmts_mxk |
+------------------------------------------------+
1 row in set (0.00 sec)

Query OK, 0 rows affected (0.02 sec)

Query OK, 2042659 rows affected (3 min 38.55 sec)
Records: 2042659  Duplicates: 0  Warnings: 0

+----------------------------------------+
| message                                |
+----------------------------------------+
| created rcbill_my.customers_collection |
+----------------------------------------+
1 row in set (0.00 sec)

Query OK, 0 rows affected (0.03 sec)

Query OK, 2359294 rows affected (1 min 51.20 sec)
Records: 2359294  Duplicates: 0  Warnings: 0

+------------------------------------------------+
| message                                        |
+------------------------------------------------+
| created rcbill_my.customers_cmts_mxk_cont_coll |
+------------------------------------------------+
1 row in set (0.00 sec)

Query OK, 0 rows affected (0.04 sec)

Query OK, 453200 rows affected (2 min 29.20 sec)
Records: 453200  Duplicates: 0  Warnings: 0

+--------------------------------------------------------+
| message                                                |
+--------------------------------------------------------+
| created rcbill_my.customers_contracts_collection_pivot |
+--------------------------------------------------------+
1 row in set (0.00 sec)

Query OK, 0 rows affected (0.01 sec)

Query OK, 40579 rows affected (2 min 34.25 sec)
Records: 40579  Duplicates: 0  Warnings: 0

+----------------------------------------------+
| message                                      |
+----------------------------------------------+
| created rcbill_my.customers_collection_pivot |
+----------------------------------------------+
1 row in set (0.00 sec)

Query OK, 0 rows affected (0.02 sec)

Query OK, 44515 rows affected (3.48 sec)
Records: 44515  Duplicates: 0  Warnings: 0

+--------------------------------------------+
| message                                    |
+--------------------------------------------+
| created rcbill_my.rep_customers_collection |
+--------------------------------------------+
1 row in set (0.00 sec)

Query OK, 0 rows affected (0.00 sec)

Query OK, 0 rows affected, 1 warning (0.00 sec)

Query OK, 461421 rows affected (12.09 sec)
Records: 461421  Duplicates: 0  Warnings: 0

+-------------------------+
| message                 |
+-------------------------+
| created rcbill_my.tempa |
+-------------------------+
1 row in set (0.00 sec)

Query OK, 0 rows affected, 1 warning (0.00 sec)

Query OK, 453200 rows affected (24.41 sec)
Records: 453200  Duplicates: 0  Warnings: 0

+-------------------------+
| message                 |
+-------------------------+
| created rcbill_my.tempb |
+-------------------------+
1 row in set (0.00 sec)

Query OK, 461421 rows affected (24.17 sec)
Records: 461421  Duplicates: 0  Warnings: 0

+-----------+
| message   |
+-----------+
| created a |
+-----------+
1 row in set (0.00 sec)

Query OK, 453205 rows affected (25.18 sec)
Records: 453205  Duplicates: 0  Warnings: 0

+-----------+
| message   |
+-----------+
| created b |
+-----------+
1 row in set (0.00 sec)

Query OK, 0 rows affected (0.02 sec)

Query OK, 0 rows affected (0.03 sec)

Query OK, 0 rows affected (0.03 sec)

Query OK, 497972 rows affected (59.34 sec)
Records: 497972  Duplicates: 0  Warnings: 0

+----------------------------------------------+
| message                                      |
+----------------------------------------------+
| created rcbill_my.cust_cont_payment_cmts_mxk |
+----------------------------------------------+
1 row in set (0.00 sec)

Query OK, 0 rows affected (0.03 sec)

Query OK, 0 rows affected (0.01 sec)

Query OK, 0 rows affected, 1 warning (0.00 sec)

Query OK, 0 rows affected (0.01 sec)

Query OK, 44515 rows affected (20.08 sec)
Records: 44515  Duplicates: 0  Warnings: 0

+--------------------------------------------------+
| message                                          |
+--------------------------------------------------+
| created rcbill_my.rep_cust_cont_payment_cmts_mxk |
+--------------------------------------------------+
1 row in set (0.00 sec)

Query OK, 0 rows affected, 1 warning (0.00 sec)

Query OK, 0 rows affected, 1 warning (0.00 sec)

Query OK, 0 rows affected (0.01 sec)

Query OK, 44515 rows affected (11.09 sec)
Records: 44515  Duplicates: 0  Warnings: 0

+----------------------+
| rep_custconsolidated |
+----------------------+
|                44515 |
+----------------------+
1 row in set (0.78 sec)

Query OK, 0 rows affected (0.01 sec)

+------------------------------------+
| message                            |
+------------------------------------+
| creating rcbill_my.rep_custextract |
+------------------------------------+
1 row in set (0.00 sec)

Query OK, 44515 rows affected (1.10 sec)
Records: 44515  Duplicates: 0  Warnings: 0

+-----------------+
| rep_custextract |
+-----------------+
|           44515 |
+-----------------+
1 row in set (0.01 sec)

Query OK, 0 rows affected (0.00 sec)

Query OK, 0 rows affected (0.01 sec)

+----------------------------------------------+
| message                                      |
+----------------------------------------------+
| creating rcbill_my.retentioncustomeractivity |
+----------------------------------------------+
1 row in set (0.00 sec)

Query OK, 876 rows affected (0.22 sec)
Records: 876  Duplicates: 0  Warnings: 0

+---------------------------+
| retentioncustomeractivity |
+---------------------------+
|                       876 |
+---------------------------+
1 row in set (0.00 sec)

+-----------+------------------------------------+------------+-------------+-----------------+------------------+---------------------+-------------------+
| HFC_NODE  | NODENAME                           | CMTS_DATE  | INSERTED_ON | UNIQUE_ACCOUNTS | UNIQUE_CONTRACTS | UNIQUE_MAC_INRCBOSS | UNIQUE_MAC_INCMTS |
+-----------+------------------------------------+------------+-------------+-----------------+------------------+---------------------+-------------------+
| NULL      | NULL                               | NULL       | 2021-01-14  |            7050 |             7433 |                7479 |                 0 |
| C5/0/0/U0 | ANSE-BOILEAU-2                     | 2020-11-23 | 2021-01-14  |             193 |              198 |                 193 |               194 |
| C5/0/0/U1 | 500-C3-ANSE-BOILEAU                | 2020-11-23 | 2021-01-14  |             203 |              207 |                 203 |               205 |
| C5/0/1/U0 | 501-C4-LA-MISIERE-LEFT-I           | 2020-11-23 | 2021-01-14  |             156 |              160 |                 156 |               157 |
| C5/0/1/U1 | 501-C5-LA-MISIERE-RIGHT            | 2020-11-23 | 2021-01-14  |             111 |              113 |                 111 |               114 |
| C5/0/1/U2 | 501-C7-LA-MISIERE-LEFT-II          | 2020-11-23 | 2021-01-14  |             160 |              163 |                 160 |               162 |
| C5/0/2/U0 | 502-C8-LA-LOUISE                   | 2020-11-23 | 2021-01-14  |             139 |              139 |                 139 |               139 |
| C5/0/2/U1 | LA-LOUISE-2                        | 2020-11-23 | 2021-01-14  |             140 |              142 |                 140 |               144 |
| C5/0/3/U0 | 504-C6-PETIT-PARIS                 | 2020-11-23 | 2021-01-14  |             159 |              162 |                 159 |               161 |
| C5/0/3/U1 | PETIT-PARIS-23                     | 2020-11-23 | 2021-01-14  |              75 |               77 |                  75 |                76 |
| C5/0/4/U0 | FOUR-SEASONS                       | 2020-11-23 | 2021-01-14  |               3 |                4 |                   4 |                 5 |
| C5/0/4/U1 | ANCHOR-CAFE-I                      | 2020-11-23 | 2021-01-14  |             159 |              163 |                 159 |               162 |
| C5/0/4/U2 | ANCHOR-CAFE-II                     | 2020-11-23 | 2021-01-14  |             161 |              162 |                 161 |               164 |
| C5/1/0/U0 | POINTE-LARUE-AIRPORT-23            | 2020-11-23 | 2021-01-14  |             109 |              115 |                 110 |               111 |
| C5/1/0/U1 | PPROVIDENCE-23                     | 2020-11-23 | 2021-01-14  |              20 |               23 |                  21 |                21 |
| C5/1/0/U2 | ROSHE-CAIMAN-23                    | 2020-11-23 | 2021-01-14  |              12 |               13 |                  12 |                12 |
| C5/1/0/U3 | HEAD-OFFICE | HO-23                | 2020-11-23 | 2021-01-14  |              27 |               27 |                  27 |                30 |
| C5/1/1/U1 | C5-UNION-VALE                      | 2020-11-23 | 2021-01-14  |             201 |              203 |                 201 |               204 |
| C5/1/3/U0 | POINTE-LARUE-AIRPORT-27            | 2020-11-23 | 2021-01-14  |             150 |              151 |                 150 |               155 |
| C5/1/3/U1 | PPROVIDENCE-27                     | 2020-11-23 | 2021-01-14  |              27 |               27 |                  27 |                27 |
| C5/1/3/U2 | ROSHE-CAIMAN-27                    | 2020-11-23 | 2021-01-14  |              27 |               27 |                  27 |                27 |
| C5/1/3/U3 | HEAD-OFFICE | HO-27                | 2020-11-23 | 2021-01-14  |              17 |               18 |                  17 |                19 |
| C5/1/4/U0 | ANSE-ROYALE-27                     | 2020-11-23 | 2021-01-14  |             103 |              105 |                 103 |               104 |
| C5/1/4/U1 | GLACIS-2-57                        | 2020-11-23 | 2021-01-14  |              70 |               73 |                  70 |                71 |
| C5/1/4/U2 | NULL                               | 2020-11-23 | 2021-01-14  |             107 |              110 |                 107 |               108 |
| C5/1/4/U3 | GLACIS-1                           | 2020-11-23 | 2021-01-14  |              34 |               36 |                  34 |                34 |
| C6/0/1/U0 | SERRET-ROAD-RIGHT/CURIO/PASCAL     | 2020-11-23 | 2021-01-14  |             128 |              130 |                 128 |               128 |
| C6/0/1/U1 | SERRET-ROAD-LEFT/ST.LOUIS/TOWN     | 2020-11-23 | 2021-01-14  |              85 |               90 |                  85 |                87 |
| C6/0/1/U2 | SERRET-ROAD-RIGHT/CURIO/PASCAL-2   | 2020-11-23 | 2021-01-14  |             124 |              126 |                 124 |               124 |
| C6/0/1/U3 | SERRET-ROAD-LEFT/ST.LOUIS/TOWN-2   | 2020-11-23 | 2021-01-14  |              77 |               79 |                  77 |                78 |
| C6/0/2/U0 | SANS-SOUCIS-I                      | 2020-11-23 | 2021-01-14  |             102 |              103 |                 102 |               103 |
| C6/0/2/U1 | SANS-SOUCIS-II                     | 2020-11-23 | 2021-01-14  |             117 |              121 |                 117 |               119 |
| C6/0/2/U2 | BEL-AIR-27                         | 2020-11-23 | 2021-01-14  |              98 |               99 |                  98 |               100 |
| C6/0/2/U3 | BEL-AIR-38                         | 2020-11-23 | 2021-01-14  |              84 |               88 |                  84 |                84 |
| C6/0/3/U0 | LES-MAMELLES-23                    | 2020-11-23 | 2021-01-14  |              86 |               86 |                  86 |                88 |
| C6/0/3/U1 | VICTORIA-23                        | 2020-11-23 | 2021-01-14  |              25 |               26 |                  26 |                29 |
| C6/0/4/U0 | LES-MAMELLES-27                    | 2020-11-23 | 2021-01-14  |              68 |               69 |                  68 |                68 |
| C6/0/4/U1 | VICTORIA-27                        | 2020-11-23 | 2021-01-14  |              16 |               16 |                  16 |                16 |
| C7/1/0/U0 | LA-RETRAITE-23                     | 2020-11-23 | 2021-01-14  |              82 |               87 |                  83 |                88 |
| C7/1/0/U1 | TEA-FACTORY-23                     | 2020-11-23 | 2021-01-14  |              24 |               31 |                  26 |                27 |
| C7/1/0/U2 | PAS-23                             | 2020-11-23 | 2021-01-14  |             103 |              108 |                 104 |               104 |
| C7/1/1/U0 | REEF-ESTATE-23                     | 2020-11-23 | 2021-01-14  |              78 |               80 |                  78 |                78 |
| C7/1/2/U0 | LA-RETRAITE-27                     | 2020-11-23 | 2021-01-14  |              70 |               70 |                  70 |                71 |
| C7/1/2/U1 | TEA-FACTORY-27                     | 2020-11-23 | 2021-01-14  |              28 |               33 |                  29 |                29 |
| C7/1/2/U2 | PAS-27                             | 2020-11-23 | 2021-01-14  |              83 |               84 |                  83 |                85 |
| C7/1/3/U0 | MT-BUXTON-27                       | 2020-11-23 | 2021-01-14  |             157 |              160 |                 157 |               158 |
| C7/1/3/U1 | MT-BUXTON-23                       | 2020-11-23 | 2021-01-14  |              87 |               88 |                  87 |                87 |
| C7/1/4/U0 | REEF-ESTATE-27                     | 2020-11-23 | 2021-01-14  |              91 |               92 |                  91 |                93 |
| C8/0/0/U0 | POLICE-ACADEMY-1-27 - POINTE LARUE | 2020-11-23 | 2021-01-14  |             248 |              248 |                 248 |               250 |
| C8/0/0/U1 | NULL                               | 2020-11-23 | 2021-01-14  |              74 |               78 |                  74 |                78 |
| C8/0/1/U0 | NULL                               | 2020-11-23 | 2021-01-14  |             156 |              159 |                 155 |               157 |
| C8/0/1/U1 | POLICE-ACADEMY-2-27 - TURTLE BAY   | 2020-11-23 | 2021-01-14  |             190 |              194 |                 191 |               192 |
| C8/0/2/U0 | BEAU-VALLON-LEFT-1-57              | 2020-11-23 | 2021-01-14  |              12 |               13 |                  13 |                13 |
| C8/0/3/U1 | BEAU-VALLON-RIGHT-2-57             | 2020-11-23 | 2021-01-14  |              11 |               11 |                  11 |                11 |
| C8/1/0/U0 | MA-JOIE-NODE-27                    | 2020-11-23 | 2021-01-14  |              96 |               97 |                  96 |                97 |
| C8/1/0/U1 | BELONIE-27                         | 2020-11-23 | 2021-01-14  |             145 |              147 |                 144 |               145 |
| C8/1/0/U3 | MA-JOIE-NODE-23                    | 2020-11-23 | 2021-01-14  |              91 |               92 |                  90 |                90 |
| C8/1/1/U0 | 611-C1-ROJN I                      | 2020-11-23 | 2021-01-14  |             128 |              129 |                 128 |               129 |
| C8/1/1/U1 | 611-C5-ROJN II                     | 2020-11-23 | 2021-01-14  |             113 |              114 |                 113 |               114 |
| C8/1/2/U0 | 612-C2-ANSE-ETOILE                 | 2020-11-23 | 2021-01-14  |             103 |              103 |                 103 |               103 |
| C8/1/2/U1 | ANSE-ETOILE-U2                     | 2020-11-23 | 2021-01-14  |              69 |               69 |                  69 |                70 |
| C8/1/3/U0 | 613-C3-ANSE-GAULETTE I             | 2020-11-23 | 2021-01-14  |              79 |               86 |                  79 |                80 |
| C8/1/3/U1 | 613-C7-ANSE-GAULETTE II            | 2020-11-23 | 2021-01-14  |              75 |               78 |                  75 |                78 |
| C8/1/3/U2 | 613-C3-ANSE-GAULETTE III           | 2020-11-23 | 2021-01-14  |              41 |               42 |                  41 |                41 |
| C8/1/3/U3 | TAKAMAKA I                         | 2020-11-23 | 2021-01-14  |             106 |              108 |                 106 |               108 |
| C8/1/3/U4 | TAKAMAKA II                        | 2020-11-23 | 2021-01-14  |              93 |               95 |                  93 |                95 |
| C8/1/4/U0 | 614-BEOLIERE-NODE-1                | 2020-11-23 | 2021-01-14  |              94 |               95 |                  94 |                96 |
| C8/1/4/U1 | 614-BEOLIERE-NODE-2                | 2020-11-23 | 2021-01-14  |             141 |              145 |                 141 |               143 |
+-----------+------------------------------------+------------+-------------+-----------------+------------------+---------------------+-------------------+
68 rows in set (0.16 sec)

+-----------------------+------------+-------------+-----------------+------------------+----------------------+-------------------+
| MXK_NAME              | MXK_DATE   | INSERTED_ON | UNIQUE_ACCOUNTS | UNIQUE_CONTRACTS | UNIQUE_FSAN_INRCBOSS | UNIQUE_FSAN_INMXK |
+-----------------------+------------+-------------+-----------------+------------------+----------------------+-------------------+
| NULL                  | NULL       | 2021-01-14  |            1504 |             1549 |                 1536 |                 0 |
| MXK-MAHE-ANSEETOILE   | 2020-07-27 | 2021-01-14  |             376 |              380 |                  378 |               398 |
| MXK-MAHE-ANSEROYALE   | 2020-07-27 | 2021-01-14  |             172 |              172 |                  172 |               198 |
| MXK-MAHE-BEAUVALLON-1 | 2020-07-27 | 2021-01-14  |            1794 |             1817 |                 1809 |              1919 |
| MXK-MAHE-BEAUVALLON-2 | 2020-07-27 | 2021-01-14  |              25 |               25 |                   25 |                30 |
| MXK-MAHE-PERSEVERANCE | 2020-07-27 | 2021-01-14  |            1056 |             1067 |                 1067 |              1241 |
| MXK-MAHE-PROVIDENCE   | 2020-07-27 | 2021-01-14  |             991 |             1020 |                  946 |              1192 |
| MXK-PRASLIN-GRANDANSE | 2020-07-27 | 2021-01-14  |            1286 |             1289 |                 1284 |              1514 |
+-----------------------+------------+-------------+-----------------+------------------+----------------------+-------------------+
8 rows in set (0.08 sec)

mysql> mysql \. C:\workspace\cloud\code\sql\_DailyScript\currenttime.sql
+---------------------+
| currenttime         |
+---------------------+
| 2021-01-14 10:26:48 |
+---------------------+
1 row in set (0.00 sec)

mysql> 
mysql> mysql \. C:\workspace\cloud\code\sql\_DailyScript\housing-estate-analysis.sql
Database changed
Query OK, 0 rows affected (0.01 sec)

Query OK, 3677 rows affected (47.11 sec)
Records: 3677  Duplicates: 0  Warnings: 0

+--------------------+
| rep_housingestates |
+--------------------+
|               3677 |
+--------------------+
1 row in set (0.00 sec)

mysql> mysql \. C:\workspace\cloud\code\sql\_DailyScript\currenttime.sql
+---------------------+
| currenttime         |
+---------------------+
| 2021-01-14 10:27:35 |
+---------------------+
1 row in set (0.00 sec)

mysql> 
mysql> 
mysql> mysql \. C:\workspace\cloud\code\sql\Analysis\service_tickets_assignments.sql
Query OK, 0 rows affected (0.01 sec)

Query OK, 2723 rows affected (2.39 sec)
Records: 2723  Duplicates: 0  Warnings: 0

+-------------------------+
| rep_servicetickets_2021 |
+-------------------------+
|                    2723 |
+-------------------------+
1 row in set (0.01 sec)

mysql> mysql \. C:\workspace\cloud\code\sql\_DailyScript\currenttime.sql
+---------------------+
| currenttime         |
+---------------------+
| 2021-01-14 10:27:37 |
+---------------------+
1 row in set (0.00 sec)

mysql> 
mysql> mysql \. C:\workspace\cloud\code\sql\_DailyScript\DAILY-SCRIPT-USAGESTATS.sql
Database changed
Query OK, 0 rows affected (0.14 sec)

Query OK, 26335880 rows affected, 65535 warnings (11 min 32.13 sec)
Records: 26335880  Duplicates: 0  Warnings: 26328743

Query OK, 0 rows affected (1 min 9.70 sec)
Records: 0  Duplicates: 0  Warnings: 0

Query OK, 0 rows affected (1 min 8.08 sec)
Records: 0  Duplicates: 0  Warnings: 0

Query OK, 0 rows affected (1 min 8.05 sec)
Records: 0  Duplicates: 0  Warnings: 0

Query OK, 0 rows affected (1 min 1.08 sec)
Records: 0  Duplicates: 0  Warnings: 0

Query OK, 0 rows affected (1 min 40.91 sec)
Records: 0  Duplicates: 0  Warnings: 0

Query OK, 0 rows affected (1 min 44.43 sec)
Records: 0  Duplicates: 0  Warnings: 0

Query OK, 0 rows affected (1 min 34.78 sec)
Records: 0  Duplicates: 0  Warnings: 0

Query OK, 0 rows affected (1 min 8.08 sec)
Records: 0  Duplicates: 0  Warnings: 0

+----------+
| ipusage  |
+----------+
| 26335880 |
+----------+
1 row in set (8.13 sec)

Query OK, 0 rows affected (0.06 sec)

Query OK, 6769230 rows affected (5 min 51.49 sec)
Records: 6769230  Duplicates: 0  Warnings: 0

Query OK, 0 rows affected (20.97 sec)
Records: 0  Duplicates: 0  Warnings: 0

Query OK, 0 rows affected (14.89 sec)
Records: 0  Duplicates: 0  Warnings: 0

Query OK, 0 rows affected (21.86 sec)
Records: 0  Duplicates: 0  Warnings: 0

Query OK, 0 rows affected (26.67 sec)
Records: 0  Duplicates: 0  Warnings: 0

Query OK, 0 rows affected (19.63 sec)
Records: 0  Duplicates: 0  Warnings: 0

+------------------+
| clientcontractip |
+------------------+
|          6769230 |
+------------------+
1 row in set (1.86 sec)

Query OK, 0 rows affected (0.07 sec)

Query OK, 12936743 rows affected (2 min 14.06 sec)
Records: 12936743  Duplicates: 0  Warnings: 0

+---------------------------+
| clientcontractipusage_stg |
+---------------------------+
|                  12936743 |
+---------------------------+
1 row in set (4.13 sec)

+------------------------------------+
| clientcontractipusage_beforeinsert |
+------------------------------------+
|                           12936743 |
+------------------------------------+
1 row in set (3.84 sec)

Query OK, 10405 rows affected (3.26 sec)
Records: 10405  Duplicates: 0  Warnings: 0

+-----------------------------------+
| clientcontractipusage_afterinsert |
+-----------------------------------+
|                          12947148 |
+-----------------------------------+
1 row in set (4.21 sec)

+------------+----------+
| usagedate  | count(*) |
+------------+----------+
| 2021-01-13 |    10405 |
| 2021-01-12 |    11263 |
| 2021-01-11 |    10368 |
| 2021-01-10 |    10245 |
| 2021-01-09 |    10369 |
| 2021-01-08 |    10474 |
| 2021-01-07 |    10760 |
| 2021-01-06 |    10826 |
| 2021-01-05 |    10735 |
| 2021-01-04 |    10754 |
| 2021-01-03 |    10225 |
| 2021-01-02 |    10220 |
| 2021-01-01 |    10313 |
| 2020-12-31 |    10718 |
| 2020-12-30 |    11643 |
+------------+----------+
15 rows in set (0.07 sec)

Query OK, 0 rows affected (0.02 sec)

Query OK, 551328 rows affected (49.75 sec)
Records: 551328  Duplicates: 0  Warnings: 0

Query OK, 0 rows affected (1.73 sec)
Records: 0  Duplicates: 0  Warnings: 0

Query OK, 0 rows affected (1.60 sec)
Records: 0  Duplicates: 0  Warnings: 0

Query OK, 0 rows affected (1.87 sec)
Records: 0  Duplicates: 0  Warnings: 0

Query OK, 0 rows affected (0.97 sec)
Records: 0  Duplicates: 0  Warnings: 0

Query OK, 0 rows affected (1.00 sec)
Records: 0  Duplicates: 0  Warnings: 0

Query OK, 0 rows affected (1.02 sec)
Records: 0  Duplicates: 0  Warnings: 0

Query OK, 0 rows affected (1.05 sec)
Records: 0  Duplicates: 0  Warnings: 0

+-----------------------+
| clientcontractipmonth |
+-----------------------+
|                551328 |
+-----------------------+
1 row in set (0.14 sec)

mysql> mysql \. C:\workspace\cloud\code\sql\_DailyScript\currenttime.sql
+---------------------+
| currenttime         |
+---------------------+
| 2021-01-14 11:00:59 |
+---------------------+
1 row in set (0.00 sec)

mysql> 
mysql> exit
