    -> 
    -> mysql \. C:\workspace\cloud\code\sql\_DailyScript\_setdates.sql
Database changed
Query OK, 0 rows affected (0.00 sec)

Query OK, 0 rows affected (0.00 sec)

Query OK, 0 rows affected (0.00 sec)

Query OK, 0 rows affected (0.00 sec)

Query OK, 0 rows affected (0.00 sec)

Query OK, 0 rows affected (0.00 sec)

Query OK, 0 rows affected (0.00 sec)

Query OK, 0 rows affected (0.00 sec)

Query OK, 0 rows affected (0.00 sec)

Query OK, 0 rows affected (0.00 sec)

Query OK, 0 rows affected (0.00 sec)

Query OK, 0 rows affected (0.00 sec)

Query OK, 0 rows affected (0.00 sec)

Query OK, 0 rows affected (0.00 sec)

Query OK, 0 rows affected (0.00 sec)

Query OK, 0 rows affected (0.00 sec)

Query OK, 0 rows affected (0.00 sec)

Query OK, 0 rows affected (0.00 sec)

Query OK, 0 rows affected (0.00 sec)

Query OK, 0 rows affected (0.00 sec)

Query OK, 0 rows affected (0.00 sec)

mysql> mysql \. C:\workspace\cloud\code\sql\_DailyScript\currenttime.sql
+---------------------+
| currenttime         |
+---------------------+
| 2019-12-30 03:54:36 |
+---------------------+
1 row in set (0.00 sec)

mysql> 
mysql> mysql \. C:\workspace\cloud\code\sql\_DailyScript\load_RCB_VODTITLES.sql
Database changed
Query OK, 0 rows affected (0.00 sec)

Query OK, 8631 rows affected (0.66 sec)

Query OK, 8633 rows affected, 8633 warnings (0.43 sec)
Records: 8633  Deleted: 0  Skipped: 0  Warnings: 8633

Query OK, 0 rows affected (0.00 sec)

Query OK, 2 rows affected (0.01 sec)

+-----------+
| VODTITLES |
+-----------+
|      9091 |
+-----------+
1 row in set (0.00 sec)

+-----------+-----------+
| titletype | typecount |
+-----------+-----------+
| E         |      7020 |
| N         |       213 |
| T         |      1398 |
| NULL      |      8631 |
+-----------+-----------+
4 rows in set (0.03 sec)

mysql> mysql \. C:\workspace\cloud\code\sql\_DailyScript\currenttime.sql
+---------------------+
| currenttime         |
+---------------------+
| 2019-12-30 03:54:37 |
+---------------------+
1 row in set (0.00 sec)

mysql> 
mysql> mysql \. C:\workspace\cloud\code\sql\_DailyScript\DAILY-SCRIPT-LIVETV-STATS.sql
Database changed
Query OK, 0 rows affected (0.00 sec)

Query OK, 76708 rows affected (1.14 sec)
Records: 76708  Duplicates: 0  Warnings: 0

+------------+------------+----------+--------------+--------------+-----------+-------------+----------+--------+------+------------+---------+---------------+
| Table      | Non_unique | Key_name | Seq_in_index | Column_name  | Collation | Cardinality | Sub_part | Packed | Null | Index_type | Comment | Index_comment |
+------------+------------+----------+--------------+--------------+-----------+-------------+----------+--------+------+------------+---------+---------------+
| templivetv |          1 | idxtv1   |            1 | device       | A         |       77181 |     NULL | NULL   | YES  | BTREE      |         |               |
| templivetv |          1 | idxtv2   |            1 | sessionstart | A         |       77181 |     NULL | NULL   | YES  | BTREE      |         |               |
+------------+------------+----------+--------------+--------------+-----------+-------------+----------+--------+------+------------+---------+---------------+
2 rows in set (0.00 sec)

Query OK, 76755 rows affected (57.51 sec)
Records: 76755  Duplicates: 0  Warnings: 0

Query OK, 2724 rows affected (1.34 sec)
Records: 2724  Duplicates: 0  Warnings: 0

Query OK, 0 rows affected (0.00 sec)

Query OK, 0 rows affected (0.02 sec)

Query OK, 134 rows affected (0.25 sec)
Records: 134  Duplicates: 0  Warnings: 0

Query OK, 0 rows affected (0.03 sec)

Query OK, 102674 rows affected (16 min 7.10 sec)
Records: 102674  Duplicates: 0  Warnings: 0

+-----------------+
| rep_livetvstats |
+-----------------+
|          102674 |
+-----------------+
1 row in set (0.03 sec)

mysql> mysql \. C:\workspace\cloud\code\sql\_DailyScript\currenttime.sql
+---------------------+
| currenttime         |
+---------------------+
| 2019-12-30 04:11:45 |
+---------------------+
1 row in set (0.00 sec)

mysql> 
mysql> mysql \. C:\workspace\cloud\code\sql\_DailyScript\DAILY-SCRIPT-VODTS-STATS.sql
Database changed
Query OK, 0 rows affected (0.08 sec)

Query OK, 3610 rows affected (22.52 sec)
Records: 3610  Duplicates: 0  Warnings: 0

+---------+------------+----------+--------------+--------------+-----------+-------------+----------+--------+------+------------+---------+---------------+
| Table   | Non_unique | Key_name | Seq_in_index | Column_name  | Collation | Cardinality | Sub_part | Packed | Null | Index_type | Comment | Index_comment |
+---------+------------+----------+--------------+--------------+-----------+-------------+----------+--------+------+------------+---------+---------------+
| tempvod |          1 | idxtvod1 |            1 | device       | A         |        3669 |     NULL | NULL   | YES  | BTREE      |         |               |
| tempvod |          1 | idxtvod2 |            1 | sessionstart | A         |        3669 |     NULL | NULL   | YES  | BTREE      |         |               |
+---------+------------+----------+--------------+--------------+-----------+-------------+----------+--------+------+------------+---------+---------------+
2 rows in set (0.00 sec)

Query OK, 3610 rows affected (2.48 sec)
Records: 3610  Duplicates: 0  Warnings: 0

Query OK, 0 rows affected (0.02 sec)

Query OK, 445702 rows affected (38.85 sec)
Records: 445702  Duplicates: 0  Warnings: 0

+--------------+
| rep_vodstats |
+--------------+
|       445702 |
+--------------+
1 row in set (0.14 sec)

Database changed
Query OK, 0 rows affected (0.02 sec)

Query OK, 12838 rows affected (1 min 28.51 sec)
Records: 12838  Duplicates: 0  Warnings: 0

+--------+------------+----------+--------------+--------------+-----------+-------------+----------+--------+------+------------+---------+---------------+
| Table  | Non_unique | Key_name | Seq_in_index | Column_name  | Collation | Cardinality | Sub_part | Packed | Null | Index_type | Comment | Index_comment |
+--------+------------+----------+--------------+--------------+-----------+-------------+----------+--------+------+------------+---------+---------------+
| tempts |          1 | idxtts1  |            1 | device       | A         |       13043 |     NULL | NULL   | YES  | BTREE      |         |               |
| tempts |          1 | idxtts2  |            1 | sessionstart | A         |       13043 |     NULL | NULL   | YES  | BTREE      |         |               |
+--------+------------+----------+--------------+--------------+-----------+-------------+----------+--------+------+------------+---------+---------------+
2 rows in set (0.00 sec)

Query OK, 12867 rows affected (12.31 sec)
Records: 12867  Duplicates: 0  Warnings: 0

Query OK, 0 rows affected (0.01 sec)

Query OK, 28421 rows affected (2 min 5.31 sec)
Records: 28421  Duplicates: 0  Warnings: 0

+-------------+
| rep_tsstats |
+-------------+
|       28421 |
+-------------+
1 row in set (0.01 sec)

mysql> mysql \. C:\workspace\cloud\code\sql\_DailyScript\currenttime.sql
+---------------------+
| currenttime         |
+---------------------+
| 2019-12-30 04:16:35 |
+---------------------+
1 row in set (0.00 sec)

mysql> 
mysql> mysql \. C:\workspace\cloud\code\sql\_DailyScript\DAILY-SCRIPT-RADIO-STATS.sql
Database changed
Query OK, 0 rows affected (0.03 sec)

Query OK, 209878 rows affected (5.20 sec)
Records: 209878  Duplicates: 0  Warnings: 0

+-----------+------------+----------+--------------+--------------+-----------+-------------+----------+--------+------+------------+---------+---------------+
| Table     | Non_unique | Key_name | Seq_in_index | Column_name  | Collation | Cardinality | Sub_part | Packed | Null | Index_type | Comment | Index_comment |
+-----------+------------+----------+--------------+--------------+-----------+-------------+----------+--------+------+------------+---------+---------------+
| tempradio |          1 | idxtrad1 |            1 | device       | A         |      210337 |     NULL | NULL   | YES  | BTREE      |         |               |
| tempradio |          1 | idxtrad2 |            1 | sessionstart | A         |      210337 |     NULL | NULL   | YES  | BTREE      |         |               |
+-----------+------------+----------+--------------+--------------+-----------+-------------+----------+--------+------+------------+---------+---------------+
2 rows in set (0.00 sec)

Query OK, 416 rows affected (1.55 sec)
Records: 416  Duplicates: 0  Warnings: 0

Query OK, 0 rows affected (0.04 sec)

Query OK, 3881 rows affected (0.36 sec)
Records: 3881  Duplicates: 0  Warnings: 0

+----------------+
| rep_radiostats |
+----------------+
|           3881 |
+----------------+
1 row in set (0.00 sec)

mysql> mysql \. C:\workspace\cloud\code\sql\_DailyScript\currenttime.sql
+---------------------+
| currenttime         |
+---------------------+
| 2019-12-30 04:16:42 |
+---------------------+
1 row in set (0.00 sec)

mysql> 
mysql> mysql \. C:\workspace\cloud\code\sql\_DailyScript\DAILY_SCRIPT_TELEMETRY_PIVOT.sql
Query OK, 0 rows affected (0.01 sec)

Query OK, 148 rows affected (0.31 sec)
Records: 148  Duplicates: 0  Warnings: 0

Query OK, 0 rows affected (0.01 sec)

Query OK, 7694 rows affected (2.95 sec)
Records: 7694  Duplicates: 0  Warnings: 0

Query OK, 0 rows affected (0.02 sec)

Query OK, 9 rows affected (0.02 sec)
Records: 9  Duplicates: 0  Warnings: 0

Query OK, 0 rows affected (0.00 sec)

Query OK, 56 rows affected (0.10 sec)
Records: 56  Duplicates: 0  Warnings: 0

mysql> mysql \. C:\workspace\cloud\code\sql\_DailyScript\currenttime.sql
+---------------------+
| currenttime         |
+---------------------+
| 2019-12-30 04:16:46 |
+---------------------+
1 row in set (0.00 sec)

mysql> 
mysql> mysql \. C:\workspace\cloud\code\sql\_DailyScript\telemetry_livetv_ranking2019.sql
Query OK, 0 rows affected (0.00 sec)

Query OK, 148 rows affected (0.03 sec)
Records: 148  Duplicates: 0  Warnings: 0

mysql> mysql \. C:\workspace\cloud\code\sql\_DailyScript\currenttime.sql
+---------------------+
| currenttime         |
+---------------------+
| 2019-12-30 04:16:46 |
+---------------------+
1 row in set (0.00 sec)

mysql> 
mysql> mysql \. C:\workspace\cloud\code\sql\_DailyScript\telemetry_radio_ranking2019.sql
Query OK, 0 rows affected (0.01 sec)

Query OK, 9 rows affected (0.01 sec)
Records: 9  Duplicates: 0  Warnings: 0

mysql> mysql \. C:\workspace\cloud\code\sql\_DailyScript\currenttime.sql
+---------------------+
| currenttime         |
+---------------------+
| 2019-12-30 04:16:46 |
+---------------------+
1 row in set (0.00 sec)

mysql> 
mysql> mysql \. C:\workspace\cloud\code\sql\_DailyScript\telemetry_ts_ranking2019.sql
Query OK, 0 rows affected (0.01 sec)

Query OK, 56 rows affected (0.01 sec)
Records: 56  Duplicates: 0  Warnings: 0

mysql> mysql \. C:\workspace\cloud\code\sql\_DailyScript\currenttime.sql
+---------------------+
| currenttime         |
+---------------------+
| 2019-12-30 04:16:46 |
+---------------------+
1 row in set (0.00 sec)

mysql> 
mysql> mysql \. C:\workspace\cloud\code\sql\_DailyScript\telemetry_vod_ranking2019.sql
Query OK, 0 rows affected (0.45 sec)

Query OK, 7694 rows affected (0.41 sec)
Records: 7694  Duplicates: 0  Warnings: 0

mysql> mysql \. C:\workspace\cloud\code\sql\_DailyScript\currenttime.sql
+---------------------+
| currenttime         |
+---------------------+
| 2019-12-30 04:16:47 |
+---------------------+
1 row in set (0.00 sec)

mysql> 
mysql> mysql \. C:\workspace\cloud\code\sql\_DailyScript\telemetry_vod_ranking2019_1.sql
Query OK, 0 rows affected (0.10 sec)

Query OK, 7694 rows affected (0.20 sec)
Records: 7694  Duplicates: 0  Warnings: 0

mysql> mysql \. C:\workspace\cloud\code\sql\_DailyScript\currenttime.sql
+---------------------+
| currenttime         |
+---------------------+
| 2019-12-30 04:16:47 |
+---------------------+
1 row in set (0.00 sec)

mysql> 
mysql> mysql \. C:\workspace\cloud\code\sql\_DailyScript\telemetry_vod_ranking2019_2.sql
Query OK, 0 rows affected (0.01 sec)

Query OK, 7694 rows affected (0.17 sec)
Records: 7694  Duplicates: 0  Warnings: 0

mysql> mysql \. C:\workspace\cloud\code\sql\_DailyScript\currenttime.sql
+---------------------+
| currenttime         |
+---------------------+
| 2019-12-30 04:16:47 |
+---------------------+
1 row in set (0.00 sec)

mysql> 
mysql> mysql \. C:\workspace\cloud\code\sql\_DailyScript\DAILY-SCRIPT-CREATE-LOAD.sql
Database changed
Database changed
Query OK, 0 rows affected (0.03 sec)

Query OK, 0 rows affected (0.02 sec)

Database changed
Query OK, 66026 rows affected (3.31 sec)
Records: 66026  Deleted: 0  Skipped: 0  Warnings: 0

Query OK, 0 rows affected (0.26 sec)
Records: 0  Duplicates: 0  Warnings: 0

Query OK, 0 rows affected (0.28 sec)
Records: 0  Duplicates: 0  Warnings: 0

Query OK, 0 rows affected (0.34 sec)
Records: 0  Duplicates: 0  Warnings: 0

Query OK, 0 rows affected (0.34 sec)
Records: 0  Duplicates: 0  Warnings: 0

+---------+
| clients |
+---------+
|   66026 |
+---------+
1 row in set (0.02 sec)

Query OK, 0 rows affected (0.02 sec)

Query OK, 4610 rows affected (0.85 sec)
Records: 4610  Duplicates: 0  Warnings: 0

+-------------------+
| rcb_clientparcels |
+-------------------+
|              4610 |
+-------------------+
1 row in set (0.00 sec)

Query OK, 0 rows affected (0.04 sec)

Query OK, 82883 rows affected (3.86 sec)
Records: 82883  Duplicates: 0  Warnings: 0

Query OK, 0 rows affected (0.44 sec)
Records: 0  Duplicates: 0  Warnings: 0

Query OK, 0 rows affected (0.03 sec)

Query OK, 66026 rows affected (2.86 sec)
Records: 66026  Duplicates: 0  Warnings: 0

Query OK, 0 rows affected (0.24 sec)
Records: 0  Duplicates: 0  Warnings: 0

Query OK, 0 rows affected (0.27 sec)
Records: 0  Duplicates: 0  Warnings: 0

Query OK, 0 rows affected (0.30 sec)
Records: 0  Duplicates: 0  Warnings: 0

+---------------+
| clientaddress |
+---------------+
|         66026 |
+---------------+
1 row in set (0.02 sec)

Database changed
Query OK, 0 rows affected (0.09 sec)

Query OK, 0 rows affected (0.01 sec)

Database changed
Query OK, 497061 rows affected, 65535 warnings (21.39 sec)
Records: 497061  Deleted: 0  Skipped: 0  Warnings: 196801

Query OK, 0 rows affected (8.01 sec)
Records: 0  Duplicates: 0  Warnings: 0

Query OK, 0 rows affected (2.48 sec)
Records: 0  Duplicates: 0  Warnings: 0

Query OK, 0 rows affected (2.21 sec)
Records: 0  Duplicates: 0  Warnings: 0

Query OK, 0 rows affected (0.01 sec)

Query OK, 497061 rows affected (46.03 sec)
Records: 497061  Duplicates: 0  Warnings: 0

Query OK, 0 rows affected (2.39 sec)
Records: 0  Duplicates: 0  Warnings: 0

Query OK, 0 rows affected (1.42 sec)
Records: 0  Duplicates: 0  Warnings: 0

+-----------+
| contracts |
+-----------+
|    497061 |
+-----------+
1 row in set (0.16 sec)

+-----------------+
| contractaddress |
+-----------------+
|          497061 |
+-----------------+
1 row in set (0.14 sec)

Database changed
Query OK, 0 rows affected (0.04 sec)

Query OK, 0 rows affected (0.02 sec)

Query OK, 7209 rows affected (0.18 sec)
Records: 7209  Deleted: 0  Skipped: 0  Warnings: 0

Query OK, 0 rows affected (0.03 sec)

Query OK, 7178 rows affected (2.09 sec)
Records: 7178  Duplicates: 0  Warnings: 0

Query OK, 0 rows affected (0.04 sec)
Records: 0  Duplicates: 0  Warnings: 0

Query OK, 0 rows affected (0.01 sec)

Query OK, 5598 rows affected (0.19 sec)
Records: 5598  Duplicates: 0  Warnings: 0

Query OK, 0 rows affected (0.04 sec)
Records: 0  Duplicates: 0  Warnings: 0

+-------------------+
| contractdiscounts |
+-------------------+
|              7209 |
+-------------------+
1 row in set (0.00 sec)

+-------------------------+
| clientcontractdiscounts |
+-------------------------+
|                    7178 |
+-------------------------+
1 row in set (0.00 sec)

+----------------------------+
| clientcontractlastdiscount |
+----------------------------+
|                       5598 |
+----------------------------+
1 row in set (0.00 sec)

Database changed
Query OK, 0 rows affected (0.12 sec)

Query OK, 0 rows affected (0.02 sec)

Database changed
Query OK, 132281 rows affected (4.27 sec)
Records: 132281  Deleted: 0  Skipped: 0  Warnings: 0

Query OK, 0 rows affected (0.28 sec)
Records: 0  Duplicates: 0  Warnings: 0

Query OK, 0 rows affected (0.76 sec)
Records: 0  Duplicates: 0  Warnings: 0

Query OK, 0 rows affected (0.41 sec)
Records: 0  Duplicates: 0  Warnings: 0

Query OK, 0 rows affected (0.48 sec)
Records: 0  Duplicates: 0  Warnings: 0

Query OK, 0 rows affected (0.87 sec)
Records: 0  Duplicates: 0  Warnings: 0

Query OK, 0 rows affected (0.65 sec)
Records: 0  Duplicates: 0  Warnings: 0

Query OK, 0 rows affected (0.22 sec)

Query OK, 1697082 rows affected (3 min 16.72 sec)
Records: 1697082  Duplicates: 0  Warnings: 0

+---------+
| devices |
+---------+
|  132281 |
+---------+
1 row in set (0.04 sec)

+-----------------------+
| clientcontractdevices |
+-----------------------+
|               1697082 |
+-----------------------+
1 row in set (0.78 sec)

Query OK, 0 rows affected (0.03 sec)

Query OK, 132260 rows affected (8.32 sec)
Records: 132260  Duplicates: 0  Warnings: 0

+---------------------------+
| rep_clientcontractdevices |
+---------------------------+
|                    132260 |
+---------------------------+
1 row in set (0.04 sec)

Database changed
Query OK, 0 rows affected (0.08 sec)

Query OK, 0 rows affected (0.01 sec)

Query OK, 267216 rows affected (7.41 sec)
Records: 267216  Deleted: 0  Skipped: 0  Warnings: 0

Query OK, 0 rows affected (0.95 sec)
Records: 0  Duplicates: 0  Warnings: 0

Query OK, 0 rows affected (0.72 sec)
Records: 0  Duplicates: 0  Warnings: 0

Query OK, 0 rows affected (1.05 sec)
Records: 0  Duplicates: 0  Warnings: 0

Query OK, 0 rows affected (0.75 sec)
Records: 0  Duplicates: 0  Warnings: 0

+---------+
| tickets |
+---------+
|  267216 |
+---------+
1 row in set (0.08 sec)

Database changed
Query OK, 0 rows affected (0.00 sec)

Query OK, 0 rows affected (0.02 sec)

Empty set (0.00 sec)

Query OK, 0 rows affected (0.01 sec)
Records: 0  Duplicates: 0  Warnings: 0

Query OK, 337 rows affected, 2 warnings (0.04 sec)
Records: 337  Deleted: 0  Skipped: 0  Warnings: 2

+-----------------+
| tickettechusers |
+-----------------+
|             337 |
+-----------------+
1 row in set (0.00 sec)

Database changed
Query OK, 0 rows affected (0.03 sec)

Query OK, 0 rows affected (0.02 sec)

Query OK, 0 rows affected (0.01 sec)
Records: 0  Duplicates: 0  Warnings: 0

Query OK, 568521 rows affected, 43988 warnings (11.50 sec)
Records: 568521  Deleted: 0  Skipped: 0  Warnings: 43988

+-------------------+
| ticketassignments |
+-------------------+
|            568521 |
+-------------------+
1 row in set (0.17 sec)

Database changed
Query OK, 0 rows affected (0.07 sec)

Query OK, 0 rows affected (0.01 sec)

Query OK, 1173311 rows affected (20.03 sec)
Records: 1173311  Deleted: 0  Skipped: 0  Warnings: 0

Query OK, 0 rows affected (9.51 sec)
Records: 0  Duplicates: 0  Warnings: 0

Query OK, 0 rows affected (3.40 sec)
Records: 0  Duplicates: 0  Warnings: 0

Query OK, 0 rows affected (3.63 sec)
Records: 0  Duplicates: 0  Warnings: 0

Query OK, 0 rows affected (3.44 sec)
Records: 0  Duplicates: 0  Warnings: 0

+----------------+
| ticketcomments |
+----------------+
|        1173311 |
+----------------+
1 row in set (0.36 sec)

Database changed
Query OK, 0 rows affected (0.03 sec)

Query OK, 0 rows affected (0.01 sec)

Query OK, 430135 rows affected (42.22 sec)
Records: 430135  Deleted: 0  Skipped: 0  Warnings: 0

Query OK, 0 rows affected (2.34 sec)
Records: 0  Duplicates: 0  Warnings: 0

+----------+
| comments |
+----------+
|   430135 |
+----------+
1 row in set (0.13 sec)

Database changed
Query OK, 0 rows affected (0.10 sec)

Query OK, 0 rows affected (0.01 sec)

Query OK, 1060471 rows affected, 65535 warnings (1 min 4.25 sec)
Records: 1060471  Deleted: 0  Skipped: 0  Warnings: 1060487

Query OK, 0 rows affected (14.94 sec)
Records: 0  Duplicates: 0  Warnings: 0

Query OK, 0 rows affected (4.08 sec)
Records: 0  Duplicates: 0  Warnings: 0

Query OK, 0 rows affected (3.94 sec)
Records: 0  Duplicates: 0  Warnings: 0

Query OK, 0 rows affected (3.67 sec)
Records: 0  Duplicates: 0  Warnings: 0

Query OK, 0 rows affected (4.66 sec)
Records: 0  Duplicates: 0  Warnings: 0

+------------+
| devicesold |
+------------+
|    1060471 |
+------------+
1 row in set (0.35 sec)

Database changed
Query OK, 0 rows affected (0.02 sec)

Query OK, 0 rows affected (0.01 sec)

Query OK, 1690385 rows affected (25.76 sec)
Records: 1690385  Deleted: 0  Skipped: 0  Warnings: 0

Query OK, 0 rows affected (10.90 sec)
Records: 0  Duplicates: 0  Warnings: 0

Query OK, 0 rows affected (4.88 sec)
Records: 0  Duplicates: 0  Warnings: 0

Query OK, 0 rows affected (4.00 sec)
Records: 0  Duplicates: 0  Warnings: 0

+------------------+
| contractservices |
+------------------+
|          1690385 |
+------------------+
1 row in set (0.50 sec)

Database changed
Query OK, 0 rows affected (0.11 sec)

Query OK, 0 rows affected (0.01 sec)

Query OK, 3908127 rows affected (2 min 12.55 sec)
Records: 3908127  Deleted: 0  Skipped: 0  Warnings: 0

Query OK, 0 rows affected (15.76 sec)
Records: 0  Duplicates: 0  Warnings: 0

Query OK, 0 rows affected (15.24 sec)
Records: 0  Duplicates: 0  Warnings: 0

Query OK, 0 rows affected (14.79 sec)
Records: 0  Duplicates: 0  Warnings: 0

Query OK, 0 rows affected (15.37 sec)
Records: 0  Duplicates: 0  Warnings: 0

+------------------+
| invoicescontents |
+------------------+
|          3908127 |
+------------------+
1 row in set (1.18 sec)

Database changed
Query OK, 0 rows affected (0.15 sec)

Query OK, 0 rows affected (0.01 sec)

Query OK, 2722447 rows affected (3 min 19.38 sec)
Records: 2722447  Deleted: 0  Skipped: 0  Warnings: 0

Query OK, 0 rows affected (15.44 sec)
Records: 0  Duplicates: 0  Warnings: 0

Query OK, 0 rows affected (13.98 sec)
Records: 0  Duplicates: 0  Warnings: 0

Query OK, 0 rows affected (13.20 sec)
Records: 0  Duplicates: 0  Warnings: 0

Query OK, 0 rows affected (10.48 sec)
Records: 0  Duplicates: 0  Warnings: 0

Query OK, 0 rows affected (12.46 sec)
Records: 0  Duplicates: 0  Warnings: 0

+----------------+
| invoicesheader |
+----------------+
|        2722447 |
+----------------+
1 row in set (0.90 sec)

Database changed
Query OK, 0 rows affected (0.05 sec)

Query OK, 0 rows affected (0.01 sec)

Query OK, 2815456 rows affected (1 min 32.81 sec)
Records: 2815456  Deleted: 0  Skipped: 0  Warnings: 0

Query OK, 0 rows affected (14.06 sec)
Records: 0  Duplicates: 0  Warnings: 0

Query OK, 0 rows affected (10.71 sec)
Records: 0  Duplicates: 0  Warnings: 0

Query OK, 0 rows affected (8.11 sec)
Records: 0  Duplicates: 0  Warnings: 0

Query OK, 0 rows affected (8.99 sec)
Records: 0  Duplicates: 0  Warnings: 0

+---------+
| casa    |
+---------+
| 2815456 |
+---------+
1 row in set (0.81 sec)

Query OK, 0 rows affected (0.03 sec)

Query OK, 13430 rows affected (1 min 14.33 sec)
Records: 13430  Duplicates: 0  Warnings: 0

+--------------------+
| rep_paycol_channel |
+--------------------+
|              13430 |
+--------------------+
1 row in set (0.01 sec)

Query OK, 0 rows affected (0.01 sec)

Query OK, 9116 rows affected (1 min 24.72 sec)
Records: 9116  Duplicates: 0  Warnings: 0

+----------------+
| rep_paycol_pos |
+----------------+
|           9116 |
+----------------+
1 row in set (0.00 sec)

Database changed
Query OK, 0 rows affected (0.03 sec)

Query OK, 0 rows affected (0.01 sec)

Database changed
Query OK, 38813 rows affected (0.88 sec)
Records: 38813  Deleted: 0  Skipped: 0  Warnings: 0

+-------+
| users |
+-------+
| 38813 |
+-------+
1 row in set (0.02 sec)

Database changed
Query OK, 0 rows affected (0.09 sec)

Query OK, 0 rows affected (0.00 sec)

Query OK, 1856318 rows affected, 2 warnings (34.98 sec)
Records: 1856318  Deleted: 0  Skipped: 0  Warnings: 2

Query OK, 0 rows affected (8.98 sec)
Records: 0  Duplicates: 0  Warnings: 0

Query OK, 0 rows affected (6.21 sec)
Records: 0  Duplicates: 0  Warnings: 0

Query OK, 0 rows affected (5.74 sec)
Records: 0  Duplicates: 0  Warnings: 0

Query OK, 0 rows affected (9.49 sec)
Records: 0  Duplicates: 0  Warnings: 0

Query OK, 0 rows affected (5.92 sec)
Records: 0  Duplicates: 0  Warnings: 0

+-------------+
| useractions |
+-------------+
|     1856318 |
+-------------+
1 row in set (0.55 sec)

Database changed
Query OK, 0 rows affected (0.06 sec)

Query OK, 0 rows affected (0.00 sec)

Database changed
Query OK, 12813488 rows affected (3 min 19.16 sec)
Records: 12813488  Deleted: 0  Skipped: 0  Warnings: 0

Query OK, 0 rows affected (44.58 sec)
Records: 0  Duplicates: 0  Warnings: 0

Query OK, 0 rows affected (48.61 sec)
Records: 0  Duplicates: 0  Warnings: 0

Query OK, 0 rows affected (54.73 sec)
Records: 0  Duplicates: 0  Warnings: 0

Query OK, 0 rows affected (43.86 sec)
Records: 0  Duplicates: 0  Warnings: 0

+----------+
| ipusage1 |
+----------+
| 12813488 |
+----------+
1 row in set (11.77 sec)

Query OK, 0 rows affected (0.11 sec)

Query OK, 12923650 rows affected, 65535 warnings (14 min 47.96 sec)
Records: 12923650  Duplicates: 0  Warnings: 12920089

Query OK, 0 rows affected (37.69 sec)
Records: 0  Duplicates: 0  Warnings: 0

Query OK, 0 rows affected (42.93 sec)
Records: 0  Duplicates: 0  Warnings: 0

Query OK, 0 rows affected (43.69 sec)
Records: 0  Duplicates: 0  Warnings: 0

Query OK, 0 rows affected (43.23 sec)
Records: 0  Duplicates: 0  Warnings: 0

Query OK, 0 rows affected (1 min 3.98 sec)
Records: 0  Duplicates: 0  Warnings: 0

Query OK, 0 rows affected (1 min 5.68 sec)
Records: 0  Duplicates: 0  Warnings: 0

Query OK, 0 rows affected (1 min 4.34 sec)
Records: 0  Duplicates: 0  Warnings: 0

+----------+
| ipusage  |
+----------+
| 12923650 |
+----------+
1 row in set (12.46 sec)

Query OK, 0 rows affected (0.10 sec)

Query OK, 3263802 rows affected (2 min 59.01 sec)
Records: 3263802  Duplicates: 0  Warnings: 0

Query OK, 0 rows affected (15.23 sec)
Records: 0  Duplicates: 0  Warnings: 0

Query OK, 0 rows affected (12.16 sec)
Records: 0  Duplicates: 0  Warnings: 0

Query OK, 0 rows affected (11.84 sec)
Records: 0  Duplicates: 0  Warnings: 0

Query OK, 0 rows affected (16.74 sec)
Records: 0  Duplicates: 0  Warnings: 0

Query OK, 0 rows affected (12.81 sec)
Records: 0  Duplicates: 0  Warnings: 0

Query OK, 0 rows affected (0.34 sec)

Query OK, 255860 rows affected (24.65 sec)
Records: 255860  Duplicates: 0  Warnings: 0

Query OK, 0 rows affected (0.81 sec)
Records: 0  Duplicates: 0  Warnings: 0

Query OK, 0 rows affected (0.79 sec)
Records: 0  Duplicates: 0  Warnings: 0

Query OK, 0 rows affected (0.92 sec)
Records: 0  Duplicates: 0  Warnings: 0

Query OK, 0 rows affected (0.47 sec)
Records: 0  Duplicates: 0  Warnings: 0

Query OK, 0 rows affected (0.44 sec)
Records: 0  Duplicates: 0  Warnings: 0

Query OK, 0 rows affected (0.47 sec)
Records: 0  Duplicates: 0  Warnings: 0

Query OK, 0 rows affected (0.47 sec)
Records: 0  Duplicates: 0  Warnings: 0

Query OK, 0 rows affected (0.07 sec)

Query OK, 1690197 rows affected (1 min 2.22 sec)
Records: 1690197  Duplicates: 0  Warnings: 0

Query OK, 0 rows affected (7.21 sec)
Records: 0  Duplicates: 0  Warnings: 0

Query OK, 0 rows affected (4.04 sec)
Records: 0  Duplicates: 0  Warnings: 0

Query OK, 0 rows affected (6.69 sec)
Records: 0  Duplicates: 0  Warnings: 0

mysql> mysql \. C:\workspace\cloud\code\sql\_DailyScript\currenttime.sql
+---------------------+
| currenttime         |
+---------------------+
| 2019-12-30 05:13:43 |
+---------------------+
1 row in set (0.00 sec)

mysql> 
mysql> mysql \. C:\workspace\cloud\code\sql\_DailyScript\ticket_analysis.sql
Database changed
Query OK, 0 rows affected (0.09 sec)

Query OK, 534291 rows affected (26.70 sec)
Records: 534291  Duplicates: 0  Warnings: 0

Query OK, 0 rows affected (9.29 sec)
Records: 0  Duplicates: 0  Warnings: 0

Query OK, 0 rows affected (1.56 sec)
Records: 0  Duplicates: 0  Warnings: 0

Query OK, 0 rows affected (1.47 sec)
Records: 0  Duplicates: 0  Warnings: 0

Query OK, 0 rows affected (0.01 sec)

Query OK, 18130 rows affected (10.38 sec)
Records: 18130  Duplicates: 0  Warnings: 0

Query OK, 0 rows affected, 1 warning (0.00 sec)

Query OK, 73782 rows affected (6.27 sec)
Records: 73782  Duplicates: 0  Warnings: 0

Query OK, 0 rows affected, 1 warning (0.00 sec)

Query OK, 382754 rows affected (10.54 sec)
Records: 382754  Duplicates: 0  Warnings: 0

Query OK, 0 rows affected, 1 warning (0.00 sec)

Query OK, 382754 rows affected (16.00 sec)
Records: 382754  Duplicates: 0  Warnings: 0

Query OK, 0 rows affected (0.03 sec)

Query OK, 73836 rows affected (9.37 sec)
Records: 73836  Duplicates: 0  Warnings: 0

Database changed
Query OK, 0 rows affected (0.00 sec)

Query OK, 0 rows affected (0.02 sec)

Query OK, 534291 rows affected (23.87 sec)
Records: 534291  Duplicates: 0  Warnings: 0

Query OK, 0 rows affected (0.01 sec)

Query OK, 261074 rows affected (17.21 sec)
Records: 261074  Duplicates: 0  Warnings: 0

+--------------------------+
| clientticket_cmmtjourney |
+--------------------------+
|                   534291 |
+--------------------------+
1 row in set (6.35 sec)

+---------------------------+
| clientticket_assgnjourney |
+---------------------------+
|                    261074 |
+---------------------------+
1 row in set (0.31 sec)

Query OK, 0 rows affected (0.01 sec)

Query OK, 73 rows affected (0.13 sec)
Records: 73  Duplicates: 0  Warnings: 0

mysql> mysql \. C:\workspace\cloud\code\sql\_DailyScript\currenttime.sql
+---------------------+
| currenttime         |
+---------------------+
| 2019-12-30 05:16:03 |
+---------------------+
1 row in set (0.00 sec)

mysql> 
mysql> mysql \. C:\workspace\cloud\code\sql\_DailyScript\load_DailyCalls.sql
Database changed
Query OK, 169 rows affected (0.44 sec)
Records: 169  Deleted: 0  Skipped: 0  Warnings: 0

Query OK, 0 rows affected, 1 warning (0.00 sec)

Query OK, 165 rows affected (0.26 sec)
Records: 165  Duplicates: 0  Warnings: 0

Query OK, 0 rows affected, 1 warning (0.00 sec)

Query OK, 66827 rows affected (0.34 sec)
Records: 66827  Duplicates: 0  Warnings: 0

+----------------------+
| callingclientsbefore |
+----------------------+
|               808559 |
+----------------------+
1 row in set (1.12 sec)

Query OK, 230 rows affected (3.94 sec)
Records: 230  Duplicates: 0  Warnings: 0

+---------------------+
| callingclientsafter |
+---------------------+
|              808789 |
+---------------------+
1 row in set (0.22 sec)

Query OK, 0 rows affected (0.00 sec)

Query OK, 137 rows affected (5.36 sec)
Records: 137  Duplicates: 0  Warnings: 0

Query OK, 0 rows affected (0.00 sec)

Query OK, 16729 rows affected (2.53 sec)
Records: 16729  Duplicates: 0  Warnings: 0

+-----------+
| callstats |
+-----------+
|     16729 |
+-----------+
1 row in set (0.01 sec)

Query OK, 0 rows affected, 1 warning (0.00 sec)

Query OK, 230 rows affected (7.19 sec)
Records: 230  Duplicates: 0  Warnings: 0

+------------------------+
| rep_cccallreportbefore |
+------------------------+
|                 812919 |
+------------------------+
1 row in set (0.23 sec)

Query OK, 230 rows affected (1.06 sec)
Records: 230  Duplicates: 0  Warnings: 0

+-----------------------+
| rep_cccallreportafter |
+-----------------------+
|                813149 |
+-----------------------+
1 row in set (0.22 sec)

Query OK, 0 rows affected (0.00 sec)

mysql> mysql \. C:\workspace\cloud\code\sql\_DailyScript\currenttime.sql
+---------------------+
| currenttime         |
+---------------------+
| 2019-12-30 05:16:26 |
+---------------------+
1 row in set (0.00 sec)

mysql> 
mysql> mysql \. C:\workspace\cloud\code\sql\_DailyScript\DAILY-SCRIPT-USAGE.sql
Database changed
Query OK, 0 rows affected (0.00 sec)

Query OK, 6757 rows affected, 19568 warnings (7.34 sec)
Records: 6757  Deleted: 0  Skipped: 0  Warnings: 19568

Query OK, 0 rows affected (0.00 sec)

Query OK, 10115 rows affected, 29292 warnings (7.66 sec)
Records: 10115  Deleted: 0  Skipped: 0  Warnings: 29292

Query OK, 0 rows affected (0.00 sec)

Query OK, 183 rows affected, 645 warnings (0.06 sec)
Records: 183  Deleted: 0  Skipped: 0  Warnings: 645

Query OK, 0 rows affected (0.00 sec)

Query OK, 183 rows affected, 639 warnings (0.13 sec)
Records: 183  Deleted: 0  Skipped: 0  Warnings: 639

+------------+
| dailyusage |
+------------+
|    9589089 |
+------------+
1 row in set (17.34 sec)

+------------+------------+------------+---------+
| datestart  | dateend    | insertedon | records |
+------------+------------+------------+---------+
| 2019-12-29 | 2019-12-29 | 2019-12-30 |   17238 |
| 2019-12-28 | 2019-12-28 | 2019-12-29 |   17527 |
| 2019-12-27 | 2019-12-27 | 2019-12-28 |   17643 |
| 2019-12-26 | 2019-12-26 | 2019-12-27 |   17683 |
| 2019-12-25 | 2019-12-25 | 2019-12-26 |   17402 |
+------------+------------+------------+---------+
5 rows in set (1 min 9.91 sec)

mysql> mysql \. C:\workspace\cloud\code\sql\_DailyScript\currenttime.sql
+---------------------+
| currenttime         |
+---------------------+
| 2019-12-30 05:18:08 |
+---------------------+
1 row in set (0.00 sec)

mysql> 
mysql> mysql \. C:\workspace\cloud\code\sql\_DailyScript\DAILY-SCRIPT-SALES-TELEMETRY.sql
Database changed
Query OK, 29 rows affected, 10 warnings (0.07 sec)
Records: 29  Deleted: 0  Skipped: 0  Warnings: 10

+------------+
| dailysales |
+------------+
|     178853 |
+------------+
1 row in set (0.80 sec)

Query OK, 0 rows affected (0.02 sec)

Query OK, 178853 rows affected (14.76 sec)
Records: 178853  Duplicates: 0  Warnings: 0

+--------+
| sales  |
+--------+
| 178853 |
+--------+
1 row in set (0.08 sec)

Query OK, 0 rows affected (0.05 sec)

Query OK, 2877 rows affected (0.29 sec)
Records: 2877  Duplicates: 0  Warnings: 0

+----------------+
| rep_dailysales |
+----------------+
|           2877 |
+----------------+
1 row in set (0.00 sec)

Query OK, 0 rows affected (0.00 sec)

Query OK, 2877 rows affected (0.46 sec)
Records: 2877  Duplicates: 0  Warnings: 0

+-------------------+
| rep_dailysalesreg |
+-------------------+
|              2877 |
+-------------------+
1 row in set (0.00 sec)

Query OK, 0 rows affected (0.04 sec)

Query OK, 2628 rows affected (0.65 sec)
Records: 2628  Duplicates: 0  Warnings: 0

+-----------+
| saleslist |
+-----------+
|      2628 |
+-----------+
1 row in set (0.01 sec)

Database changed
ERROR 2 (HY000): File 'C:\ProgramData\MySQL\MySQL Server 5.7\Uploads\_csv\PrepaidCardSales-29122019-P1.csv' not found (Errcode: 2 - No such file or directory)
+------------------+
| dailysinglesales |
+------------------+
|             6102 |
+------------------+
1 row in set (0.03 sec)

Database changed
Query OK, 4 rows affected (0.03 sec)
Records: 4  Deleted: 0  Skipped: 0  Warnings: 0

+-----------------+
| dailyaddonsales |
+-----------------+
|           17929 |
+-----------------+
1 row in set (0.27 sec)

Query OK, 77 rows affected (0.23 sec)
Records: 77  Deleted: 0  Skipped: 0  Warnings: 0

+----------------+
| onlinepayments |
+----------------+
|          75381 |
+----------------+
1 row in set (0.28 sec)

+-------------+----------------+---------------------+
| paymentdate | onlinepayments | onlinepaymentamount |
+-------------+----------------+---------------------+
| 2019-12-29  |             77 |         53317.05000 |
| 2019-12-28  |            144 |         89592.22000 |
| 2019-12-27  |            143 |        103231.14000 |
| 2019-12-26  |            159 |        101080.50000 |
| 2019-12-25  |            109 |         67346.75000 |
+-------------+----------------+---------------------+
5 rows in set (1.26 sec)

+-------------+--------------+----------------+---------------------+
| paymentyear | paymentmonth | onlinepayments | onlinepaymentamount |
+-------------+--------------+----------------+---------------------+
|        2019 |           12 |           2971 |       1970046.60000 |
|        2019 |           11 |           3112 |       2058344.74000 |
|        2019 |           10 |           3323 |       2227696.68000 |
|        2019 |            9 |           3167 |       2039048.12000 |
|        2019 |            8 |           3117 |       1993718.27000 |
+-------------+--------------+----------------+---------------------+
5 rows in set (0.08 sec)

mysql> mysql \. C:\workspace\cloud\code\sql\_DailyScript\currenttime.sql
+---------------------+
| currenttime         |
+---------------------+
| 2019-12-30 05:18:28 |
+---------------------+
1 row in set (0.00 sec)

mysql> 
mysql> mysql \. C:\workspace\cloud\code\sql\_DailyScript\DAILY-SCRIPT-ACTIVENUMBERS.sql
Database changed
Query OK, 1236 rows affected (1.35 sec)
Records: 1236  Deleted: 0  Skipped: 0  Warnings: 0

+------------+----------+
| period     | count(1) |
+------------+----------+
| 2019-12-29 |     1236 |
| 2019-12-28 |     1236 |
| 2019-12-27 |     1242 |
| 2019-12-26 |     1241 |
| 2019-12-25 |     1242 |
| 2019-12-24 |     1243 |
+------------+----------+
6 rows in set (0.01 sec)

Query OK, 0 rows affected (0.00 sec)

Query OK, 80 rows affected (1.53 sec)
Records: 80  Duplicates: 0  Warnings: 0

+-------------+
| packagelist |
+-------------+
|          80 |
+-------------+
1 row in set (0.00 sec)

Database changed
Query OK, 0 rows affected (0.00 sec)

Query OK, 0 rows affected (0.00 sec)

Query OK, 0 rows affected (0.00 sec)

Query OK, 0 rows affected (0.00 sec)

Query OK, 26873 rows affected, 210 warnings (1 min 57.01 sec)
Records: 26873  Deleted: 0  Skipped: 0  Warnings: 210

+------------+----------+
| period     | count(1) |
+------------+----------+
| 2019-12-29 |    26873 |
| 2019-12-28 |    27084 |
| 2019-12-27 |    27284 |
| 2019-12-26 |    27226 |
| 2019-12-25 |    27102 |
+------------+----------+
5 rows in set (0.23 sec)

Query OK, 0 rows affected (0.15 sec)

Query OK, 26259 rows affected (1 min 53.66 sec)
Records: 26259  Duplicates: 0  Warnings: 0

Query OK, 0 rows affected (0.13 sec)
Records: 0  Duplicates: 0  Warnings: 0

Query OK, 0 rows affected (0.12 sec)
Records: 0  Duplicates: 0  Warnings: 0

Query OK, 0 rows affected (0.10 sec)
Records: 0  Duplicates: 0  Warnings: 0

Query OK, 0 rows affected (0.08 sec)
Records: 0  Duplicates: 0  Warnings: 0

Query OK, 0 rows affected (0.08 sec)
Records: 0  Duplicates: 0  Warnings: 0

Query OK, 0 rows affected (0.07 sec)
Records: 0  Duplicates: 0  Warnings: 0

+-------------+
| countbefore |
+-------------+
|    32122081 |
+-------------+
1 row in set (44.82 sec)

Query OK, 26259 rows affected (33.77 sec)
Records: 26259  Duplicates: 0  Warnings: 0

+------------+
| countafter |
+------------+
|   32148340 |
+------------+
1 row in set (11.91 sec)

+------------+--------------------------+
| period     | customercontractactivity |
+------------+--------------------------+
| 2019-12-29 |                    26259 |
| 2019-12-28 |                    26470 |
| 2019-12-27 |                    26670 |
| 2019-12-26 |                    26612 |
| 2019-12-25 |                    26488 |
+------------+--------------------------+
5 rows in set (0.06 sec)

Query OK, 0 rows affected (0.16 sec)

Query OK, 244116 rows affected (12 min 16.51 sec)
Records: 244116  Duplicates: 0  Warnings: 0

Query OK, 0 rows affected (0.86 sec)
Records: 0  Duplicates: 0  Warnings: 0

Query OK, 0 rows affected (1.46 sec)
Records: 0  Duplicates: 0  Warnings: 0

Query OK, 0 rows affected (0.94 sec)
Records: 0  Duplicates: 0  Warnings: 0

Query OK, 0 rows affected (0.02 sec)

Query OK, 246 rows affected (0.41 sec)
Records: 246  Duplicates: 0  Warnings: 0

Query OK, 0 rows affected (0.01 sec)

Query OK, 2487 rows affected (0.53 sec)
Records: 2487  Duplicates: 0  Warnings: 0

Query OK, 0 rows affected (0.01 sec)

Query OK, 26248 rows affected (0.55 sec)
Records: 26248  Duplicates: 0  Warnings: 0

Query OK, 0 rows affected (0.02 sec)

Query OK, 16761 rows affected (0.35 sec)
Records: 16761  Duplicates: 0  Warnings: 0

Query OK, 0 rows affected (0.10 sec)

Query OK, 16761 rows affected (0.13 sec)
Records: 16761  Duplicates: 0  Warnings: 0

Query OK, 0 rows affected (0.11 sec)

Query OK, 16761 rows affected (1.13 sec)
Records: 16761  Duplicates: 0  Warnings: 0

Query OK, 0 rows affected (0.01 sec)

Query OK, 16761 rows affected (44.41 sec)
Records: 16761  Duplicates: 0  Warnings: 0

+-------------+
| clientstats |
+-------------+
|       16761 |
+-------------+
1 row in set (0.01 sec)

Query OK, 0 rows affected (0.00 sec)

Query OK, 12 rows affected, 1 warning (0.10 sec)
Records: 12  Duplicates: 0  Warnings: 1

+-----------------------+-------------+-------------+----------------+-----------------+
| services              | activecount | allaccounts | uniqueaccounts | uniquecontracts |
+-----------------------+-------------+-------------+----------------+-----------------+
| All                   |         233 |          39 |             39 |             127 |
| Internet & Voice      |         413 |         188 |            188 |             367 |
| Internet Only         |        4110 |        4012 |           4001 |            4050 |
| OTT Only              |           1 |           1 |              1 |               1 |
| TV & Internet         |        8684 |        3829 |           3819 |            7800 |
| TV & Internet & OTT   |        2497 |         672 |            672 |            1376 |
| TV & Internet & Voice |         487 |         142 |            142 |             435 |
| TV & OTT              |         332 |          63 |             62 |              81 |
| TV & Voice            |         100 |          44 |             44 |              89 |
| TV Only               |        9964 |        7590 |           7582 |            7780 |
| Voice Only            |         182 |         181 |            180 |             182 |
| GRAND TOTAL           |       27003 |       16761 |          16675 |           22288 |
+-----------------------+-------------+-------------+----------------+-----------------+
12 rows in set (0.00 sec)

+-------------+-------------+-------------+----------------+-----------------+
| network     | activecount | allaccounts | uniqueaccounts | uniquecontracts |
+-------------+-------------+-------------+----------------+-----------------+
| ADDON       |          14 |          10 |             10 |              10 |
| GPON        |        7735 |        3939 |           3936 |            5986 |
| HFC         |       19254 |       12812 |          12812 |           16292 |
| GRAND TOTAL |       27003 |       16761 |          16675 |           22288 |
+-------------+-------------+-------------+----------------+-----------------+
4 rows in set, 1 warning (0.11 sec)

+-------------+-----------------------+-------------+-------------+----------------+-----------------+
| network     | services              | activecount | allaccounts | uniqueaccounts | uniquecontracts |
+-------------+-----------------------+-------------+-------------+----------------+-----------------+
| ADDON       | OTT Only              |           1 |           1 |              1 |               1 |
| ADDON       | TV & OTT              |           6 |           2 |              2 |               2 |
| ADDON       | TV Only               |           7 |           7 |              7 |               7 |
| ADDON       | Services Total        |          14 |          10 |             10 |              10 |
| GPON        | All                   |         122 |          19 |             19 |              62 |
| GPON        | Internet & Voice      |          66 |          27 |             27 |              56 |
| GPON        | Internet Only         |        1036 |         955 |            955 |             978 |
| GPON        | TV & Internet         |        3187 |        1345 |           1345 |            2765 |
| GPON        | TV & Internet & OTT   |        1314 |         350 |            350 |             718 |
| GPON        | TV & Internet & Voice |         158 |          44 |             44 |             137 |
| GPON        | TV & OTT              |          75 |          25 |             25 |              27 |
| GPON        | TV & Voice            |          48 |          21 |             21 |              43 |
| GPON        | TV Only               |        1718 |        1142 |           1142 |            1189 |
| GPON        | Voice Only            |          11 |          11 |             11 |              11 |
| GPON        | Services Total        |        7735 |        3939 |           3936 |            5986 |
| HFC         | All                   |         111 |          20 |             20 |              65 |
| HFC         | Internet & Voice      |         347 |         161 |            161 |             311 |
| HFC         | Internet Only         |        3074 |        3057 |           3057 |            3072 |
| HFC         | TV & Internet         |        5497 |        2484 |           2484 |            5035 |
| HFC         | TV & Internet & OTT   |        1183 |         322 |            322 |             658 |
| HFC         | TV & Internet & Voice |         329 |          98 |             98 |             298 |
| HFC         | TV & OTT              |         251 |          36 |             36 |              52 |
| HFC         | TV & Voice            |          52 |          23 |             23 |              46 |
| HFC         | TV Only               |        8239 |        6441 |           6441 |            6584 |
| HFC         | Voice Only            |         171 |         170 |            170 |             171 |
| HFC         | Services Total        |       19254 |       12812 |          12812 |           16292 |
| GRAND TOTAL | Services Total        |       27003 |       16761 |          16675 |           22288 |
+-------------+-----------------------+-------------+-------------+----------------+-----------------+
27 rows in set, 2 warnings (0.13 sec)

Query OK, 0 rows affected (0.02 sec)

Query OK, 43 rows affected, 3 warnings (0.16 sec)
Records: 43  Duplicates: 0  Warnings: 3

+-------------+---------------+-----------------------+-------------+-------------+----------------+-----------------+
| region      | network       | services              | activecount | allaccounts | uniqueaccounts | uniquecontracts |
+-------------+---------------+-----------------------+-------------+-------------+----------------+-----------------+
| Mahe        | ADDON         | OTT Only              |           1 |           1 |              1 |               1 |
| Mahe        | ADDON         | TV & OTT              |           6 |           2 |              2 |               2 |
| Mahe        | ADDON         | TV Only               |           3 |           3 |              3 |               3 |
| Mahe        | ADDON         | Services Total        |          10 |           6 |              6 |               6 |
| Mahe        | GPON          | All                   |         109 |          17 |             17 |              56 |
| Mahe        | GPON          | Internet & Voice      |          54 |          21 |             21 |              44 |
| Mahe        | GPON          | Internet Only         |         824 |         743 |            743 |             766 |
| Mahe        | GPON          | TV & Internet         |        2344 |         977 |            977 |            2003 |
| Mahe        | GPON          | TV & Internet & OTT   |         935 |         241 |            241 |             492 |
| Mahe        | GPON          | TV & Internet & Voice |         136 |          38 |             38 |             116 |
| Mahe        | GPON          | TV & OTT              |          54 |          16 |             16 |              17 |
| Mahe        | GPON          | TV & Voice            |          48 |          21 |             21 |              43 |
| Mahe        | GPON          | TV Only               |        1324 |         862 |            862 |             893 |
| Mahe        | GPON          | Voice Only            |          11 |          11 |             11 |              11 |
| Mahe        | GPON          | Services Total        |        5839 |        2947 |           2947 |            4441 |
| Mahe        | HFC           | All                   |         111 |          20 |             20 |              65 |
| Mahe        | HFC           | Internet & Voice      |         347 |         161 |            161 |             311 |
| Mahe        | HFC           | Internet Only         |        3073 |        3056 |           3056 |            3071 |
| Mahe        | HFC           | TV & Internet         |        5497 |        2484 |           2484 |            5035 |
| Mahe        | HFC           | TV & Internet & OTT   |        1183 |         322 |            322 |             658 |
| Mahe        | HFC           | TV & Internet & Voice |         329 |          98 |             98 |             298 |
| Mahe        | HFC           | TV & OTT              |         251 |          36 |             36 |              52 |
| Mahe        | HFC           | TV & Voice            |          52 |          23 |             23 |              46 |
| Mahe        | HFC           | TV Only               |        8234 |        6438 |           6438 |            6581 |
| Mahe        | HFC           | Voice Only            |         171 |         170 |            170 |             171 |
| Mahe        | HFC           | Services Total        |       19248 |       12808 |          12808 |           16288 |
| Mahe        | Network Total | Services Total        |       25097 |       15761 |          15681 |           20735 |
| Praslin     | ADDON         | TV Only               |           4 |           4 |              4 |               4 |
| Praslin     | ADDON         | Services Total        |           4 |           4 |              4 |               4 |
| Praslin     | GPON          | All                   |          13 |           2 |              2 |               6 |
| Praslin     | GPON          | Internet & Voice      |          12 |           6 |              6 |              12 |
| Praslin     | GPON          | Internet Only         |         212 |         212 |            212 |             212 |
| Praslin     | GPON          | TV & Internet         |         843 |         368 |            368 |             762 |
| Praslin     | GPON          | TV & Internet & OTT   |         379 |         109 |            109 |             226 |
| Praslin     | GPON          | TV & Internet & Voice |          22 |           6 |              6 |              21 |
| Praslin     | GPON          | TV & OTT              |          21 |           9 |              9 |              10 |
| Praslin     | GPON          | TV Only               |         394 |         280 |            280 |             296 |
| Praslin     | GPON          | Services Total        |        1896 |         992 |            992 |            1545 |
| Praslin     | HFC           | Internet Only         |           1 |           1 |              1 |               1 |
| Praslin     | HFC           | TV Only               |           5 |           3 |              3 |               3 |
| Praslin     | HFC           | Services Total        |           6 |           4 |              4 |               4 |
| Praslin     | Network Total | Services Total        |        1906 |        1000 |            997 |            1553 |
| GRAND TOTAL | Network Total | Services Total        |       27003 |       16761 |          16675 |           22288 |
+-------------+---------------+-----------------------+-------------+-------------+----------------+-----------------+
43 rows in set (0.00 sec)

Query OK, 0 rows affected (0.02 sec)

Query OK, 26249 rows affected (0.48 sec)
Records: 26249  Duplicates: 0  Warnings: 0

Query OK, 0 rows affected (0.01 sec)

Query OK, 1991 rows affected (4.21 sec)
Records: 1991  Duplicates: 0  Warnings: 0

+--------------------------------------+
| message                              |
+--------------------------------------+
| running rcbill_my.sp_ActiveNumber2() |
+--------------------------------------+
1 row in set (0.00 sec)

Query OK, 363 rows affected (2 min 19.26 sec)

mysql> mysql \. C:\workspace\cloud\code\sql\_DailyScript\currenttime.sql
+---------------------+
| currenttime         |
+---------------------+
| 2019-12-30 05:39:25 |
+---------------------+
1 row in set (0.00 sec)

mysql> 
mysql> mysql \. C:\workspace\cloud\code\sql\_DailyScript\GetActiveNumbers Average -Pivot.sql
Database changed
+-------------------------------------+
| @today := subdate(current_date(),1) |
+-------------------------------------+
| 2019-12-29                          |
+-------------------------------------+
1 row in set (0.00 sec)

+-------------------------------------+
| @lastdayofmonth := last_day(@today) |
+-------------------------------------+
| 2019-12-31                          |
+-------------------------------------+
1 row in set (0.00 sec)

Query OK, 0 rows affected (0.04 sec)

Query OK, 35037 rows affected, 65535 warnings (53.39 sec)
Records: 35037  Duplicates: 0  Warnings: 72590

Query OK, 0 rows affected (0.08 sec)
Records: 0  Duplicates: 0  Warnings: 0

Query OK, 0 rows affected (0.10 sec)
Records: 0  Duplicates: 0  Warnings: 0

Query OK, 0 rows affected (0.08 sec)
Records: 0  Duplicates: 0  Warnings: 0

+-----------------+
| activenumberavg |
+-----------------+
|           35037 |
+-----------------+
1 row in set (0.01 sec)

Query OK, 0 rows affected (0.00 sec)

Query OK, 1811 rows affected (0.40 sec)
Records: 1811  Duplicates: 0  Warnings: 0

+---------------------+
| rep_activenumberavg |
+---------------------+
|                1811 |
+---------------------+
1 row in set (0.00 sec)

+----------------------+
| rep_activenumberavg1 |
+----------------------+
|                  857 |
+----------------------+
1 row in set (0.00 sec)

Query OK, 0 rows affected (0.00 sec)

Query OK, 1797 rows affected (0.33 sec)
Records: 1797  Duplicates: 0  Warnings: 0

Query OK, 0 rows affected (0.01 sec)

Query OK, 9123 rows affected (0.59 sec)
Records: 9123  Duplicates: 0  Warnings: 0

Query OK, 0 rows affected (0.00 sec)

Query OK, 0 rows affected (0.00 sec)

Query OK, 0 rows affected (0.07 sec)

Query OK, 0 rows affected (0.00 sec)

Query OK, 0 rows affected (0.00 sec)
Statement prepared

Query OK, 53 rows affected (0.03 sec)
Records: 53  Duplicates: 0  Warnings: 0

Query OK, 0 rows affected (0.00 sec)

Query OK, 0 rows affected (0.00 sec)

+----------------------+
| rep_activenumberavg2 |
+----------------------+
|                 1797 |
+----------------------+
1 row in set (0.00 sec)

+------------------------+
| rep_activenumberavg_pv |
+------------------------+
|                     53 |
+------------------------+
1 row in set (0.00 sec)

Query OK, 0 rows affected (0.00 sec)

Query OK, 1797 rows affected (0.28 sec)
Records: 1797  Duplicates: 0  Warnings: 0

Query OK, 0 rows affected (0.00 sec)

Query OK, 0 rows affected (0.00 sec)

Query OK, 0 rows affected (0.00 sec)

Query OK, 0 rows affected (0.00 sec)

Query OK, 0 rows affected (0.00 sec)
Statement prepared

Query OK, 53 rows affected (0.03 sec)
Records: 53  Duplicates: 0  Warnings: 0

Query OK, 0 rows affected (0.00 sec)

Query OK, 0 rows affected (0.00 sec)

+-------------------------+
| rep_activenumberavgMahe |
+-------------------------+
|                    1797 |
+-------------------------+
1 row in set (0.00 sec)

+----------------------------+
| rep_activenumberavgMahe_pv |
+----------------------------+
|                         53 |
+----------------------------+
1 row in set (0.00 sec)

Query OK, 0 rows affected (0.00 sec)

Query OK, 1149 rows affected (0.12 sec)
Records: 1149  Duplicates: 0  Warnings: 0

Query OK, 0 rows affected (0.00 sec)

Query OK, 0 rows affected (0.00 sec)

Query OK, 0 rows affected (0.00 sec)

Query OK, 0 rows affected (0.00 sec)

Query OK, 0 rows affected (0.00 sec)
Statement prepared

Query OK, 40 rows affected (0.02 sec)
Records: 40  Duplicates: 0  Warnings: 0

Query OK, 0 rows affected (0.00 sec)

Query OK, 0 rows affected (0.00 sec)

+----------------------------+
| rep_activenumberavgPraslin |
+----------------------------+
|                       1149 |
+----------------------------+
1 row in set (0.00 sec)

+-------------------------------+
| rep_activenumberavgPraslin_pv |
+-------------------------------+
|                            40 |
+-------------------------------+
1 row in set (0.00 sec)

mysql> mysql \. C:\workspace\cloud\code\sql\_DailyScript\currenttime.sql
+---------------------+
| currenttime         |
+---------------------+
| 2019-12-30 05:40:21 |
+---------------------+
1 row in set (0.00 sec)

mysql> 
mysql> mysql \. C:\workspace\cloud\code\sql\_DailyScript\budget_actual_analysis_2019.sql
Query OK, 0 rows affected (0.01 sec)

Query OK, 569 rows affected, 3 warnings (0.69 sec)
Records: 569  Duplicates: 0  Warnings: 3

+--------------------+
| budget_actual_2019 |
+--------------------+
|                569 |
+--------------------+
1 row in set (0.00 sec)

Query OK, 0 rows affected (0.00 sec)

Query OK, 48 rows affected (0.03 sec)
Records: 48  Duplicates: 0  Warnings: 0

+---------------------------+
| rep_budget_actual_2019_pv |
+---------------------------+
|                        48 |
+---------------------------+
1 row in set (0.00 sec)

mysql> mysql \. C:\workspace\cloud\code\sql\_DailyScript\currenttime.sql
+---------------------+
| currenttime         |
+---------------------+
| 2019-12-30 05:40:22 |
+---------------------+
1 row in set (0.00 sec)

mysql> 
mysql> mysql \. C:\workspace\cloud\code\sql\_DailyScript\reports-sales-addons-prepaid-camera.sql
Database changed
Query OK, 0 rows affected (0.00 sec)

Query OK, 3923 rows affected (0.36 sec)
Records: 3923  Duplicates: 0  Warnings: 0

Query OK, 0 rows affected (0.04 sec)

Query OK, 17952 rows affected (23.85 sec)
Records: 17952  Duplicates: 0  Warnings: 0

+--------------------+
| rep_prepaid_camera |
+--------------------+
|               3923 |
+--------------------+
1 row in set (0.01 sec)

+-----------+
| rep_addon |
+-----------+
|     17952 |
+-----------+
1 row in set (0.01 sec)

mysql> mysql \. C:\workspace\cloud\code\sql\_DailyScript\currenttime.sql
+---------------------+
| currenttime         |
+---------------------+
| 2019-12-30 05:40:46 |
+---------------------+
1 row in set (0.00 sec)

mysql> 
mysql> mysql \. C:\workspace\cloud\code\sql\_DailyScript\housing-estate-analysis.sql
Database changed
Query OK, 0 rows affected (0.01 sec)

Query OK, 2973 rows affected (1 min 14.67 sec)
Records: 2973  Duplicates: 0  Warnings: 0

+--------------------+
| rep_housingestates |
+--------------------+
|               2973 |
+--------------------+
1 row in set (0.00 sec)

mysql> mysql \. C:\workspace\cloud\code\sql\_DailyScript\currenttime.sql
+---------------------+
| currenttime         |
+---------------------+
| 2019-12-30 05:42:01 |
+---------------------+
1 row in set (0.00 sec)

mysql> 
mysql> mysql \. C:\workspace\cloud\code\sql\_DailyScript\RCB_ClientAnalyticsReport_Script.sql
Database changed
Query OK, 0 rows affected (0.00 sec)

Query OK, 0 rows affected (0.20 sec)

Query OK, 1798909 rows affected (1 min 23.85 sec)
Records: 1798909  Duplicates: 0  Warnings: 0

Query OK, 0 rows affected (8.63 sec)
Records: 0  Duplicates: 0  Warnings: 0

Query OK, 0 rows affected (5.91 sec)
Records: 0  Duplicates: 0  Warnings: 0

Query OK, 0 rows affected (9.11 sec)
Records: 0  Duplicates: 0  Warnings: 0

Query OK, 0 rows affected (10.28 sec)
Records: 0  Duplicates: 0  Warnings: 0

Query OK, 0 rows affected (9.71 sec)
Records: 0  Duplicates: 0  Warnings: 0

Query OK, 0 rows affected (9.72 sec)
Records: 0  Duplicates: 0  Warnings: 0

Query OK, 0 rows affected (0.00 sec)

Query OK, 462603 rows affected (17.46 sec)
Rows matched: 1798909  Changed: 462603  Warnings: 0

Query OK, 0 rows affected (0.02 sec)

Query OK, 27273 rows affected (4.70 sec)
Records: 27273  Duplicates: 0  Warnings: 0

Query OK, 0 rows affected (0.03 sec)

Query OK, 42996 rows affected (10 min 18.37 sec)
Records: 42996  Duplicates: 0  Warnings: 0

Query OK, 0 rows affected (0.45 sec)
Records: 0  Duplicates: 0  Warnings: 0

Query OK, 0 rows affected (0.14 sec)
Records: 0  Duplicates: 0  Warnings: 0

Query OK, 0 rows affected (0.08 sec)
Records: 0  Duplicates: 0  Warnings: 0

Query OK, 0 rows affected (0.21 sec)

Query OK, 433644 rows affected (12 min 0.12 sec)
Records: 433644  Duplicates: 0  Warnings: 0

Query OK, 0 rows affected (1.54 sec)
Records: 0  Duplicates: 0  Warnings: 0

Query OK, 0 rows affected (1.81 sec)
Records: 0  Duplicates: 0  Warnings: 0

Query OK, 0 rows affected (0.80 sec)
Records: 0  Duplicates: 0  Warnings: 0

Query OK, 0 rows affected (2.03 sec)
Records: 0  Duplicates: 0  Warnings: 0

Query OK, 0 rows affected (1.14 sec)
Records: 0  Duplicates: 0  Warnings: 0

Query OK, 0 rows affected (0.01 sec)

Query OK, 42996 rows affected (1 min 26.34 sec)
Records: 42996  Duplicates: 0  Warnings: 0

+--------------+
| clientreport |
+--------------+
|        42996 |
+--------------+
1 row in set (0.02 sec)

Query OK, 0 rows affected (0.01 sec)

Query OK, 42996 rows affected (5.76 sec)
Records: 42996  Duplicates: 0  Warnings: 0

+----------------------+
| clientextendedreport |
+----------------------+
|                42996 |
+----------------------+
1 row in set (0.01 sec)

Query OK, 0 rows affected (0.02 sec)

Query OK, 42996 rows affected (41.29 sec)
Records: 42996  Duplicates: 0  Warnings: 0

+---------+
| allcust |
+---------+
|   42996 |
+---------+
1 row in set (0.01 sec)

Query OK, 0 rows affected, 1 warning (0.00 sec)

Query OK, 5000 rows affected (0.22 sec)
Records: 5000  Duplicates: 0  Warnings: 0

Query OK, 0 rows affected (0.03 sec)

Query OK, 6867 rows affected (0.33 sec)
Records: 6867  Duplicates: 0  Warnings: 0

Query OK, 0 rows affected, 1 warning (0.00 sec)

Query OK, 5000 rows affected (0.13 sec)
Records: 5000  Duplicates: 0  Warnings: 0

Query OK, 0 rows affected (0.03 sec)

Query OK, 7293 rows affected (0.17 sec)
Records: 7293  Duplicates: 0  Warnings: 0

mysql> mysql \. C:\workspace\cloud\code\sql\_DailyScript\currenttime.sql
+---------------------+
| currenttime         |
+---------------------+
| 2019-12-30 06:09:21 |
+---------------------+
1 row in set (0.00 sec)

mysql> 
mysql> mysql \. C:\workspace\cloud\code\sql\_DailyScript\REVENUE_PER_NODE_MXK.sql
Query OK, 0 rows affected (0.01 sec)

Query OK, 0 rows affected (0.01 sec)

Query OK, 0 rows affected (0.00 sec)

Query OK, 5370 rows affected (3.15 sec)
Records: 5370  Duplicates: 0  Warnings: 0

+----------------------+
| message              |
+----------------------+
| created temp table a |
+----------------------+
1 row in set (0.00 sec)

Query OK, 5544 rows affected (1.19 sec)
Records: 5544  Duplicates: 0  Warnings: 0

+----------------------+
| message              |
+----------------------+
| created temp table b |
+----------------------+
1 row in set (0.00 sec)

Query OK, 0 rows affected, 1 warning (0.00 sec)

Query OK, 5642 rows affected (9.80 sec)
Records: 5642  Duplicates: 0  Warnings: 0

+--------------------------------+
| message                        |
+--------------------------------+
| created rcbill_my.tempcustmxk1 |
+--------------------------------+
1 row in set (0.00 sec)

Query OK, 0 rows affected (0.00 sec)

Query OK, 0 rows affected (0.00 sec)

Query OK, 0 rows affected, 1 warning (0.00 sec)

Query OK, 5370 rows affected (1.10 sec)
Records: 5370  Duplicates: 0  Warnings: 0

+----------------+
| message        |
+----------------+
| created temp a |
+----------------+
1 row in set (0.00 sec)

Query OK, 5544 rows affected (0.51 sec)
Records: 5544  Duplicates: 0  Warnings: 0

+----------------+
| message        |
+----------------+
| created temp b |
+----------------+
1 row in set (0.00 sec)

Query OK, 0 rows affected, 1 warning (0.00 sec)

Query OK, 5635 rows affected (6.54 sec)
Records: 5635  Duplicates: 0  Warnings: 0

+--------------------------------+
| message                        |
+--------------------------------+
| created rcbill_my.tempcustmxk2 |
+--------------------------------+
1 row in set (0.00 sec)

Query OK, 0 rows affected (0.00 sec)

Query OK, 0 rows affected (0.00 sec)

Query OK, 0 rows affected, 1 warning (0.00 sec)

Query OK, 0 rows affected (0.02 sec)

Query OK, 6309 rows affected (0.28 sec)
Records: 6309  Duplicates: 0  Warnings: 0

+---------------------------------+
| message                         |
+---------------------------------+
| created rcbill_my.customers_mxk |
+---------------------------------+
1 row in set (0.00 sec)

Query OK, 0 rows affected (0.00 sec)

Query OK, 0 rows affected (0.00 sec)

Query OK, 13906 rows affected (5.29 sec)
Records: 13906  Duplicates: 0  Warnings: 0

+----------------+
| message        |
+----------------+
| created temp a |
+----------------+
1 row in set (0.00 sec)

Query OK, 20256 rows affected (3.01 sec)
Records: 20256  Duplicates: 0  Warnings: 0

+----------------+
| message        |
+----------------+
| created temp c |
+----------------+
1 row in set (0.00 sec)

Query OK, 0 rows affected, 1 warning (0.00 sec)

Query OK, 27873 rows affected (0.51 sec)
Records: 27873  Duplicates: 0  Warnings: 0

+---------------------------------+
| message                         |
+---------------------------------+
| created rcbill_my.tempcustcmts1 |
+---------------------------------+
1 row in set (0.00 sec)

Query OK, 0 rows affected (0.00 sec)

Query OK, 0 rows affected, 1 warning (0.00 sec)

Query OK, 0 rows affected (0.01 sec)

Query OK, 13906 rows affected (5.27 sec)
Records: 13906  Duplicates: 0  Warnings: 0

+----------------+
| message        |
+----------------+
| created temp a |
+----------------+
1 row in set (0.00 sec)

Query OK, 20256 rows affected (1.32 sec)
Records: 20256  Duplicates: 0  Warnings: 0

+----------------+
| message        |
+----------------+
| created temp c |
+----------------+
1 row in set (0.00 sec)

Query OK, 0 rows affected, 1 warning (0.00 sec)

Query OK, 21142 rows affected (1.01 sec)
Records: 21142  Duplicates: 0  Warnings: 0

+---------------------------------+
| message                         |
+---------------------------------+
| created rcbill_my.tempcustcmts2 |
+---------------------------------+
1 row in set (0.00 sec)

Query OK, 0 rows affected (0.01 sec)

Query OK, 0 rows affected, 1 warning (0.00 sec)

Query OK, 0 rows affected (0.01 sec)

Query OK, 0 rows affected (0.00 sec)

Query OK, 13982 rows affected (1.27 sec)
Records: 13982  Duplicates: 0  Warnings: 0

+----------------------------------+
| message                          |
+----------------------------------+
| created rcbill_my.customers_cmts |
+----------------------------------+
1 row in set (0.00 sec)

Query OK, 0 rows affected (0.00 sec)

Query OK, 0 rows affected (0.00 sec)

Query OK, 0 rows affected (0.10 sec)

Query OK, 17679 rows affected (2.19 sec)
Records: 17679  Duplicates: 0  Warnings: 0

+--------------------------------------+
| message                              |
+--------------------------------------+
| created rcbill_my.customers_cmts_mxk |
+--------------------------------------+
1 row in set (0.00 sec)

Query OK, 458542 rows affected (1 min 8.13 sec)
Records: 458542  Duplicates: 0  Warnings: 0

+----------------+
| message        |
+----------------+
| created temp a |
+----------------+
1 row in set (0.00 sec)

Query OK, 0 rows affected (0.01 sec)

Query OK, 459227 rows affected (13.08 sec)
Records: 459227  Duplicates: 0  Warnings: 0

+------------------------------------------------+
| message                                        |
+------------------------------------------------+
| created rcbill_my.customers_contracts_cmts_mxk |
+------------------------------------------------+
1 row in set (0.00 sec)

Query OK, 0 rows affected (0.01 sec)

Query OK, 0 rows affected, 1 warning (0.00 sec)

Query OK, 0 rows affected, 1 warning (0.00 sec)

Query OK, 0 rows affected (0.00 sec)

Query OK, 7915 rows affected (4.04 sec)
Rows matched: 7915  Changed: 7915  Warnings: 0

+------------------------------------------------+
| message                                        |
+------------------------------------------------+
| updated rcbill_my.customers_contracts_cmts_mxk |
+------------------------------------------------+
1 row in set (0.00 sec)

Query OK, 0 rows affected (0.03 sec)

Query OK, 1775579 rows affected (4 min 22.72 sec)
Records: 1775579  Duplicates: 0  Warnings: 0

+----------------------------------------+
| message                                |
+----------------------------------------+
| created rcbill_my.customers_collection |
+----------------------------------------+
1 row in set (0.00 sec)

Query OK, 0 rows affected (0.06 sec)

Query OK, 2046875 rows affected (2 min 23.72 sec)
Records: 2046875  Duplicates: 0  Warnings: 0

+------------------------------------------------+
| message                                        |
+------------------------------------------------+
| created rcbill_my.customers_cmts_mxk_cont_coll |
+------------------------------------------------+
1 row in set (0.00 sec)

Query OK, 0 rows affected (0.01 sec)

Query OK, 55160 rows affected (13.68 sec)
Records: 55160  Duplicates: 0  Warnings: 0

+------------------------------------------------------------+
| message                                                    |
+------------------------------------------------------------+
| created rcbill_my.customers_contracts_collection_pivot2019 |
+------------------------------------------------------------+
1 row in set (0.00 sec)

Query OK, 0 rows affected (0.01 sec)

Query OK, 20484 rows affected (12.29 sec)
Records: 20484  Duplicates: 0  Warnings: 0

+--------------------------------------------------+
| message                                          |
+--------------------------------------------------+
| created rcbill_my.customers_collection_pivot2019 |
+--------------------------------------------------+
1 row in set (0.00 sec)

Query OK, 0 rows affected (0.03 sec)

Query OK, 42996 rows affected (1.31 sec)
Records: 42996  Duplicates: 0  Warnings: 0

+------------------------------------------------+
| message                                        |
+------------------------------------------------+
| created rcbill_my.rep_customers_collection2019 |
+------------------------------------------------+
1 row in set (0.00 sec)

Query OK, 0 rows affected (0.00 sec)

Query OK, 0 rows affected, 1 warning (0.00 sec)

Query OK, 427428 rows affected (20.62 sec)
Records: 427428  Duplicates: 0  Warnings: 0

+-------------------------+
| message                 |
+-------------------------+
| created rcbill_my.tempa |
+-------------------------+
1 row in set (0.00 sec)

Query OK, 0 rows affected, 1 warning (0.00 sec)

Query OK, 104258 rows affected (11.78 sec)
Records: 104258  Duplicates: 0  Warnings: 0

+-------------------------+
| message                 |
+-------------------------+
| created rcbill_my.tempb |
+-------------------------+
1 row in set (0.00 sec)

Query OK, 427428 rows affected (10.53 sec)
Records: 427428  Duplicates: 0  Warnings: 0

+-----------+
| message   |
+-----------+
| created a |
+-----------+
1 row in set (0.00 sec)

Query OK, 104270 rows affected (7.09 sec)
Records: 104270  Duplicates: 0  Warnings: 0

+-----------+
| message   |
+-----------+
| created b |
+-----------+
1 row in set (0.00 sec)

Query OK, 0 rows affected (0.09 sec)

Query OK, 0 rows affected (0.01 sec)

Query OK, 0 rows affected (0.02 sec)

Query OK, 430451 rows affected (25.59 sec)
Records: 430451  Duplicates: 0  Warnings: 0

+----------------------------------------------+
| message                                      |
+----------------------------------------------+
| created rcbill_my.cust_cont_payment_cmts_mxk |
+----------------------------------------------+
1 row in set (0.00 sec)

Query OK, 0 rows affected (0.01 sec)

Query OK, 0 rows affected (0.00 sec)

Query OK, 0 rows affected, 1 warning (0.00 sec)

Query OK, 0 rows affected (0.04 sec)

Query OK, 42996 rows affected (13.81 sec)
Records: 42996  Duplicates: 0  Warnings: 0

+--------------------------------------------------+
| message                                          |
+--------------------------------------------------+
| created rcbill_my.rep_cust_cont_payment_cmts_mxk |
+--------------------------------------------------+
1 row in set (0.00 sec)

Query OK, 0 rows affected, 1 warning (0.00 sec)

Query OK, 0 rows affected, 1 warning (0.00 sec)

Query OK, 0 rows affected (0.01 sec)

Query OK, 42996 rows affected, 5 warnings (8.93 sec)
Records: 42996  Duplicates: 0  Warnings: 5

+----------------------+
| rep_custconsolidated |
+----------------------+
|                42996 |
+----------------------+
1 row in set (0.03 sec)

Query OK, 0 rows affected (0.00 sec)

Query OK, 0 rows affected (0.01 sec)

+----------------------------------------------+
| message                                      |
+----------------------------------------------+
| creating rcbill_my.retentioncustomeractivity |
+----------------------------------------------+
1 row in set (0.00 sec)

Query OK, 910 rows affected (0.08 sec)
Records: 910  Duplicates: 0  Warnings: 0

+---------------------------+
| retentioncustomeractivity |
+---------------------------+
|                       910 |
+---------------------------+
1 row in set (0.00 sec)

+-----------+------------------------------------+------------+-------------+-----------------+------------------+---------------------+-------------------+
| HFC_NODE  | NODENAME                           | CMTS_DATE  | INSERTED_ON | UNIQUE_ACCOUNTS | UNIQUE_CONTRACTS | UNIQUE_MAC_INRCBOSS | UNIQUE_MAC_INCMTS |
+-----------+------------------------------------+------------+-------------+-----------------+------------------+---------------------+-------------------+
| NULL      | NULL                               | NULL       | 2019-12-30  |            6382 |             6720 |                6746 |                 0 |
| C5/0/0/U0 | ANSE-BOILEAU-2                     | 2019-12-11 | 2019-12-30  |             169 |              173 |                 169 |               169 |
| C5/0/0/U1 | 500-C3-ANSE-BOILEAU                | 2019-12-11 | 2019-12-30  |             178 |              183 |                 178 |               179 |
| C5/0/1/U0 | 501-C4-LA-MISIERE-LEFT-I           | 2019-12-11 | 2019-12-30  |             147 |              156 |                 147 |               148 |
| C5/0/1/U1 | 501-C5-LA-MISIERE-RIGHT            | 2019-12-11 | 2019-12-30  |             105 |              108 |                 105 |               106 |
| C5/0/1/U2 | 501-C7-LA-MISIERE-LEFT-II          | 2019-12-11 | 2019-12-30  |             146 |              151 |                 145 |               149 |
| C5/0/2/U0 | 502-C8-LA-LOUISE                   | 2019-12-11 | 2019-12-30  |             140 |              141 |                 140 |               141 |
| C5/0/2/U1 | LA-LOUISE-2                        | 2019-12-11 | 2019-12-30  |             135 |              138 |                 135 |               137 |
| C5/0/3/U0 | 504-C6-PETIT-PARIS                 | 2019-12-11 | 2019-12-30  |             118 |              120 |                 118 |               121 |
| C5/0/3/U1 | PETIT-PARIS-23                     | 2019-12-11 | 2019-12-30  |             110 |              113 |                 110 |               110 |
| C5/0/4/U0 | FOUR-SEASONS                       | 2019-12-11 | 2019-12-30  |               3 |                3 |                   3 |                 3 |
| C5/0/4/U1 | ANCHOR-CAFE-I                      | 2019-12-11 | 2019-12-30  |             149 |              153 |                 149 |               151 |
| C5/0/4/U2 | ANCHOR-CAFE-II                     | 2019-12-11 | 2019-12-30  |             141 |              143 |                 141 |               141 |
| C5/1/0/U0 | POINTE-LARUE-AIRPORT-23            | 2019-12-11 | 2019-12-30  |              98 |              102 |                 100 |               102 |
| C5/1/0/U1 | PPROVIDENCE-23                     | 2019-12-11 | 2019-12-30  |              21 |               24 |                  22 |                22 |
| C5/1/0/U2 | ROSHE-CAIMAN-23                    | 2019-12-11 | 2019-12-30  |              10 |               11 |                  10 |                10 |
| C5/1/0/U3 | HEAD-OFFICE | HO-23                | 2019-12-11 | 2019-12-30  |              31 |               32 |                  31 |                31 |
| C5/1/1/U1 | C5-UNION-VALE                      | 2019-12-11 | 2019-12-30  |             188 |              193 |                 188 |               190 |
| C5/1/3/U0 | POINTE-LARUE-AIRPORT-27            | 2019-12-11 | 2019-12-30  |             140 |              144 |                 140 |               144 |
| C5/1/3/U1 | PPROVIDENCE-27                     | 2019-12-11 | 2019-12-30  |              29 |               29 |                  29 |                29 |
| C5/1/3/U2 | ROSHE-CAIMAN-27                    | 2019-12-11 | 2019-12-30  |              26 |               26 |                  26 |                27 |
| C5/1/3/U3 | HEAD-OFFICE | HO-27                | 2019-12-11 | 2019-12-30  |              14 |               15 |                  14 |                15 |
| C5/1/4/U0 | ANSE-ROYALE-27                     | 2019-12-11 | 2019-12-30  |              85 |               87 |                  85 |                85 |
| C5/1/4/U1 | GLACIS-2-57                        | 2019-12-11 | 2019-12-30  |             102 |              107 |                 102 |               104 |
| C5/1/4/U2 | NULL                               | 2019-12-11 | 2019-12-30  |              98 |              100 |                  98 |               100 |
| C5/1/4/U3 | GLACIS-1                           | 2019-12-11 | 2019-12-30  |              50 |               52 |                  50 |                50 |
| C6/0/1/U0 | SERRET-ROAD-RIGHT/CURIO/PASCAL     | 2019-12-11 | 2019-12-30  |             121 |              123 |                 121 |               121 |
| C6/0/1/U1 | SERRET-ROAD-LEFT/ST.LOUIS/TOWN     | 2019-12-11 | 2019-12-30  |             147 |              154 |                 147 |               148 |
| C6/0/1/U2 | SERRET-ROAD-RIGHT/CURIO/PASCAL-2   | 2019-12-11 | 2019-12-30  |             116 |              117 |                 116 |               116 |
| C6/0/1/U3 | SERRET-ROAD-LEFT/ST.LOUIS/TOWN-2   | 2019-12-11 | 2019-12-30  |             140 |              142 |                 140 |               143 |
| C6/0/2/U0 | SANS-SOUCIS-I                      | 2019-12-11 | 2019-12-30  |             142 |              146 |                 142 |               146 |
| C6/0/2/U1 | SANS-SOUCIS-II                     | 2019-12-11 | 2019-12-30  |              88 |               92 |                  87 |                88 |
| C6/0/2/U2 | BEL-AIR-27                         | 2019-12-11 | 2019-12-30  |             118 |              123 |                 118 |               123 |
| C6/0/2/U3 | BEL-AIR-38                         | 2019-12-11 | 2019-12-30  |              77 |               79 |                  77 |                77 |
| C6/0/3/U0 | LES-MAMELLES-23                    | 2019-12-11 | 2019-12-30  |             105 |              105 |                 105 |               105 |
| C6/0/3/U1 | VICTORIA-23                        | 2019-12-11 | 2019-12-30  |              30 |               35 |                  33 |                35 |
| C6/0/4/U0 | LES-MAMELLES-27                    | 2019-12-11 | 2019-12-30  |              44 |               44 |                  44 |                44 |
| C6/0/4/U1 | VICTORIA-27                        | 2019-12-11 | 2019-12-30  |              20 |               20 |                  20 |                21 |
| C7/1/0/U0 | LA-RETRAITE-23                     | 2019-12-11 | 2019-12-30  |             103 |              105 |                 103 |               103 |
| C7/1/0/U1 | TEA-FACTORY-23                     | 2019-12-11 | 2019-12-30  |              20 |               26 |                  21 |                21 |
| C7/1/0/U2 | PAS-23                             | 2019-12-11 | 2019-12-30  |              77 |               78 |                  77 |                77 |
| C7/1/1/U0 | REEF-ESTATE-23                     | 2019-12-11 | 2019-12-30  |              77 |               78 |                  77 |                78 |
| C7/1/1/U1 | BEL-OMBRE-NEW-23                   | 2019-12-11 | 2019-12-30  |               3 |                3 |                   3 |                 4 |
| C7/1/2/U0 | LA-RETRAITE-27                     | 2019-12-11 | 2019-12-30  |              83 |               87 |                  83 |                85 |
| C7/1/2/U1 | TEA-FACTORY-27                     | 2019-12-11 | 2019-12-30  |              24 |               26 |                  25 |                28 |
| C7/1/2/U2 | PAS-27                             | 2019-12-11 | 2019-12-30  |             119 |              123 |                 120 |               124 |
| C7/1/3/U0 | MT-BUXTON-27                       | 2019-12-11 | 2019-12-30  |             153 |              156 |                 153 |               154 |
| C7/1/3/U1 | MT-BUXTON-23                       | 2019-12-11 | 2019-12-30  |              71 |               72 |                  71 |                71 |
| C7/1/4/U0 | REEF-ESTATE-27                     | 2019-12-11 | 2019-12-30  |              69 |               69 |                  69 |                69 |
| C7/1/4/U1 | BEL-OMBRE-NEW-27                   | 2019-12-11 | 2019-12-30  |               6 |                6 |                   6 |                 6 |
| C8/0/0/U0 | POLICE-ACADEMY-1-27 - POINTE LARUE | 2019-12-11 | 2019-12-30  |             217 |              220 |                 216 |               216 |
| C8/0/0/U1 | NULL                               | 2019-12-11 | 2019-12-30  |             106 |              111 |                 106 |               107 |
| C8/0/1/U0 | NULL                               | 2019-12-11 | 2019-12-30  |             154 |              154 |                 154 |               156 |
| C8/0/1/U1 | POLICE-ACADEMY-2-27 - TURTLE BAY   | 2019-12-11 | 2019-12-30  |             150 |              152 |                 151 |               155 |
| C8/0/2/U0 | BEAU-VALLON-LEFT-1-57              | 2019-12-11 | 2019-12-30  |              76 |               80 |                  77 |                78 |
| C8/0/3/U1 | BEAU-VALLON-RIGHT-2-57             | 2019-12-11 | 2019-12-30  |             168 |              175 |                 168 |               170 |
| C8/1/0/U0 | MA-JOIE-NODE-27                    | 2019-12-11 | 2019-12-30  |             114 |              116 |                 113 |               114 |
| C8/1/0/U1 | BELONIE-27                         | 2019-12-11 | 2019-12-30  |             148 |              151 |                 147 |               147 |
| C8/1/0/U3 | MA-JOIE-NODE-23                    | 2019-12-11 | 2019-12-30  |             107 |              109 |                 107 |               108 |
| C8/1/1/U0 | 611-C1-ROJN I                      | 2019-12-11 | 2019-12-30  |             129 |              131 |                 129 |               129 |
| C8/1/1/U1 | 611-C5-ROJN II                     | 2019-12-11 | 2019-12-30  |             108 |              108 |                 108 |               109 |
| C8/1/2/U0 | 612-C2-ANSE-ETOILE                 | 2019-12-11 | 2019-12-30  |             152 |              156 |                 152 |               152 |
| C8/1/2/U1 | ANSE-ETOILE-U2                     | 2019-12-11 | 2019-12-30  |              77 |               79 |                  77 |                77 |
| C8/1/3/U0 | 613-C3-ANSE-GAULETTE I             | 2019-12-11 | 2019-12-30  |              68 |               74 |                  68 |                69 |
| C8/1/3/U1 | 613-C7-ANSE-GAULETTE II            | 2019-12-11 | 2019-12-30  |              68 |               72 |                  69 |                69 |
| C8/1/3/U2 | 613-C3-ANSE-GAULETTE III           | 2019-12-11 | 2019-12-30  |              34 |               38 |                  34 |                34 |
| C8/1/3/U3 | TAKAMAKA I                         | 2019-12-11 | 2019-12-30  |              98 |              101 |                  98 |                98 |
| C8/1/3/U4 | TAKAMAKA II                        | 2019-12-11 | 2019-12-30  |             108 |              109 |                 108 |               108 |
| C8/1/4/U0 | 614-BEOLIERE-NODE-1                | 2019-12-11 | 2019-12-30  |              86 |               89 |                  87 |                89 |
| C8/1/4/U1 | 614-BEOLIERE-NODE-2                | 2019-12-11 | 2019-12-30  |             107 |              112 |                 107 |               109 |
+-----------+------------------------------------+------------+-------------+-----------------+------------------+---------------------+-------------------+
70 rows in set (0.18 sec)

+------------------+------------+-------------+-----------------+------------------+----------------------+-------------------+
| MXK_NAME         | MXK_DATE   | INSERTED_ON | UNIQUE_ACCOUNTS | UNIQUE_CONTRACTS | UNIQUE_FSAN_INRCBOSS | UNIQUE_FSAN_INMXK |
+------------------+------------+-------------+-----------------+------------------+----------------------+-------------------+
| NULL             | NULL       | 2019-12-30  |             662 |              671 |                  660 |                 0 |
| MXK-ANSEETOILE   | 2019-12-11 | 2019-12-30  |             193 |              196 |                  196 |               207 |
| MXK-ANSEROYALE   | 2019-12-11 | 2019-12-30  |             145 |              145 |                  145 |               163 |
| MXK-BEAUVALLON   | 2019-12-11 | 2019-12-30  |            1219 |             1237 |                 1229 |              1285 |
| MXK-MAHE         | 2019-12-11 | 2019-12-30  |             912 |              940 |                  875 |              1109 |
| MXK-PERSEVERANCE | 2019-12-11 | 2019-12-30  |            1023 |             1030 |                 1029 |              1175 |
| MXK-PRASLIN      | 2019-12-11 | 2019-12-30  |            1212 |             1215 |                 1207 |              1349 |
+------------------+------------+-------------+-----------------+------------------+----------------------+-------------------+
7 rows in set (0.25 sec)

mysql> mysql \. C:\workspace\cloud\code\sql\_DailyScript\currenttime.sql
+---------------------+
| currenttime         |
+---------------------+
| 2019-12-30 06:20:23 |
+---------------------+
1 row in set (0.00 sec)

mysql> 
mysql> mysql \. C:\workspace\cloud\code\sql\Analysis\service_tickets_assignments.sql
Query OK, 0 rows affected (0.09 sec)

Query OK, 98001 rows affected (21.05 sec)
Records: 98001  Duplicates: 0  Warnings: 0

+-------------------------+
| rep_servicetickets_2019 |
+-------------------------+
|                   98001 |
+-------------------------+
1 row in set (1.93 sec)

mysql> mysql \. C:\workspace\cloud\code\sql\_DailyScript\currenttime.sql
+---------------------+
| currenttime         |
+---------------------+
| 2019-12-30 06:20:46 |
+---------------------+
1 row in set (0.00 sec)

mysql> 
mysql> 
mysql> exit
