    -> 
    -> mysql \. C:\workspace\cloud\code\sql\_DailyScript\_setdates.sql
Database changed
Query OK, 0 rows affected (0.00 sec)

Query OK, 0 rows affected (0.00 sec)

Query OK, 0 rows affected (0.00 sec)

Query OK, 0 rows affected (0.00 sec)

Query OK, 0 rows affected (0.00 sec)

Query OK, 0 rows affected (0.00 sec)

Query OK, 0 rows affected (0.00 sec)

Query OK, 0 rows affected (0.00 sec)

Query OK, 0 rows affected (0.00 sec)

Query OK, 0 rows affected (0.00 sec)

Query OK, 0 rows affected (0.00 sec)

Query OK, 0 rows affected (0.00 sec)

Query OK, 0 rows affected (0.00 sec)

Query OK, 0 rows affected (0.00 sec)

Query OK, 0 rows affected (0.00 sec)

Query OK, 0 rows affected (0.00 sec)

Query OK, 0 rows affected (0.00 sec)

Query OK, 0 rows affected (0.00 sec)

Query OK, 0 rows affected (0.00 sec)

Query OK, 0 rows affected (0.00 sec)

Query OK, 0 rows affected (0.00 sec)

mysql> mysql \. C:\workspace\cloud\code\sql\_DailyScript\currenttime.sql
+---------------------+
| currenttime         |
+---------------------+
| 2020-08-20 08:43:58 |
+---------------------+
1 row in set (0.00 sec)

mysql> 
mysql> mysql \. C:\workspace\cloud\code\sql\_DailyScript\load_RCB_VODTITLES.sql
Database changed
Query OK, 0 rows affected (0.00 sec)

Query OK, 11808 rows affected (0.14 sec)

Query OK, 11810 rows affected, 11810 warnings (0.25 sec)
Records: 11810  Deleted: 0  Skipped: 0  Warnings: 11810

Query OK, 0 rows affected (0.00 sec)

Query OK, 2 rows affected (0.01 sec)

+-----------+
| VODTITLES |
+-----------+
|     12268 |
+-----------+
1 row in set (0.00 sec)

+-----------+-----------+
| titletype | typecount |
+-----------+-----------+
| E         |      9778 |
| N         |       229 |
| T         |      1801 |
| NULL      |     11808 |
+-----------+-----------+
4 rows in set (0.03 sec)

mysql> mysql \. C:\workspace\cloud\code\sql\_DailyScript\currenttime.sql
+---------------------+
| currenttime         |
+---------------------+
| 2020-08-20 08:43:58 |
+---------------------+
1 row in set (0.00 sec)

mysql> 
mysql> mysql \. C:\workspace\cloud\code\sql\_DailyScript\DAILY-SCRIPT-LIVETV-STATS.sql
Database changed
Query OK, 0 rows affected (0.01 sec)

Query OK, 82681 rows affected (0.86 sec)
Records: 82681  Duplicates: 0  Warnings: 0

+------------+------------+----------+--------------+--------------+-----------+-------------+----------+--------+------+------------+---------+---------------+
| Table      | Non_unique | Key_name | Seq_in_index | Column_name  | Collation | Cardinality | Sub_part | Packed | Null | Index_type | Comment | Index_comment |
+------------+------------+----------+--------------+--------------+-----------+-------------+----------+--------+------+------------+---------+---------------+
| templivetv |          1 | idxtv1   |            1 | device       | A         |       82734 |     NULL | NULL   | YES  | BTREE      |         |               |
| templivetv |          1 | idxtv2   |            1 | sessionstart | A         |       82734 |     NULL | NULL   | YES  | BTREE      |         |               |
+------------+------------+----------+--------------+--------------+-----------+-------------+----------+--------+------+------------+---------+---------------+
2 rows in set (0.00 sec)

Query OK, 82603 rows affected (11.70 sec)
Records: 82603  Duplicates: 0  Warnings: 0

Query OK, 2717 rows affected (0.53 sec)
Records: 2717  Duplicates: 0  Warnings: 0

Query OK, 0 rows affected (0.00 sec)

Query OK, 0 rows affected (0.00 sec)

Query OK, 136 rows affected (0.03 sec)
Records: 136  Duplicates: 0  Warnings: 0

Query OK, 0 rows affected (0.03 sec)

Query OK, 31074 rows affected (1 min 47.32 sec)
Records: 31074  Duplicates: 0  Warnings: 0

+-----------------+
| rep_livetvstats |
+-----------------+
|           31074 |
+-----------------+
1 row in set (0.01 sec)

mysql> mysql \. C:\workspace\cloud\code\sql\_DailyScript\currenttime.sql
+---------------------+
| currenttime         |
+---------------------+
| 2020-08-20 08:45:59 |
+---------------------+
1 row in set (0.00 sec)

mysql> 
mysql> mysql \. C:\workspace\cloud\code\sql\_DailyScript\DAILY-SCRIPT-VODTS-STATS.sql
Database changed
Query OK, 0 rows affected (0.01 sec)

Query OK, 4213 rows affected (13.39 sec)
Records: 4213  Duplicates: 0  Warnings: 0

+---------+------------+----------+--------------+--------------+-----------+-------------+----------+--------+------+------------+---------+---------------+
| Table   | Non_unique | Key_name | Seq_in_index | Column_name  | Collation | Cardinality | Sub_part | Packed | Null | Index_type | Comment | Index_comment |
+---------+------------+----------+--------------+--------------+-----------+-------------+----------+--------+------+------------+---------+---------------+
| tempvod |          1 | idxtvod1 |            1 | device       | A         |        4348 |     NULL | NULL   | YES  | BTREE      |         |               |
| tempvod |          1 | idxtvod2 |            1 | sessionstart | A         |        4348 |     NULL | NULL   | YES  | BTREE      |         |               |
+---------+------------+----------+--------------+--------------+-----------+-------------+----------+--------+------+------------+---------+---------------+
2 rows in set (0.00 sec)

Query OK, 4213 rows affected (2.59 sec)
Records: 4213  Duplicates: 0  Warnings: 0

Query OK, 0 rows affected (0.01 sec)

Query OK, 781290 rows affected (1 min 1.18 sec)
Records: 781290  Duplicates: 0  Warnings: 0

+--------------+
| rep_vodstats |
+--------------+
|       781290 |
+--------------+
1 row in set (0.22 sec)

Database changed
Query OK, 0 rows affected (0.01 sec)

Query OK, 13922 rows affected (35.63 sec)
Records: 13922  Duplicates: 0  Warnings: 0

+--------+------------+----------+--------------+--------------+-----------+-------------+----------+--------+------+------------+---------+---------------+
| Table  | Non_unique | Key_name | Seq_in_index | Column_name  | Collation | Cardinality | Sub_part | Packed | Null | Index_type | Comment | Index_comment |
+--------+------------+----------+--------------+--------------+-----------+-------------+----------+--------+------+------------+---------+---------------+
| tempts |          1 | idxtts1  |            1 | device       | A         |       14009 |     NULL | NULL   | YES  | BTREE      |         |               |
| tempts |          1 | idxtts2  |            1 | sessionstart | A         |       14009 |     NULL | NULL   | YES  | BTREE      |         |               |
+--------+------------+----------+--------------+--------------+-----------+-------------+----------+--------+------+------------+---------+---------------+
2 rows in set (0.00 sec)

Query OK, 13926 rows affected (10.96 sec)
Records: 13926  Duplicates: 0  Warnings: 0

Query OK, 0 rows affected (0.01 sec)

Query OK, 37619 rows affected (35.91 sec)
Records: 37619  Duplicates: 0  Warnings: 0

+-------------+
| rep_tsstats |
+-------------+
|       37619 |
+-------------+
1 row in set (0.01 sec)

mysql> mysql \. C:\workspace\cloud\code\sql\_DailyScript\currenttime.sql
+---------------------+
| currenttime         |
+---------------------+
| 2020-08-20 08:48:38 |
+---------------------+
1 row in set (0.00 sec)

mysql> 
mysql> mysql \. C:\workspace\cloud\code\sql\_DailyScript\DAILY-SCRIPT-RADIO-STATS.sql
Database changed
Query OK, 0 rows affected (0.01 sec)

Query OK, 293401 rows affected (3.15 sec)
Records: 293401  Duplicates: 0  Warnings: 0

+-----------+------------+----------+--------------+--------------+-----------+-------------+----------+--------+------+------------+---------+---------------+
| Table     | Non_unique | Key_name | Seq_in_index | Column_name  | Collation | Cardinality | Sub_part | Packed | Null | Index_type | Comment | Index_comment |
+-----------+------------+----------+--------------+--------------+-----------+-------------+----------+--------+------+------------+---------+---------------+
| tempradio |          1 | idxtrad1 |            1 | device       | A         |      292401 |     NULL | NULL   | YES  | BTREE      |         |               |
| tempradio |          1 | idxtrad2 |            1 | sessionstart | A         |      292401 |     NULL | NULL   | YES  | BTREE      |         |               |
+-----------+------------+----------+--------------+--------------+-----------+-------------+----------+--------+------+------------+---------+---------------+
2 rows in set (0.00 sec)

Query OK, 291 rows affected (1.19 sec)
Records: 291  Duplicates: 0  Warnings: 0

Query OK, 0 rows affected (0.01 sec)

Query OK, 5072 rows affected (0.39 sec)
Records: 5072  Duplicates: 0  Warnings: 0

+----------------+
| rep_radiostats |
+----------------+
|           5072 |
+----------------+
1 row in set (0.00 sec)

mysql> mysql \. C:\workspace\cloud\code\sql\_DailyScript\currenttime.sql
+---------------------+
| currenttime         |
+---------------------+
| 2020-08-20 08:48:43 |
+---------------------+
1 row in set (0.00 sec)

mysql> 
mysql> mysql \. C:\workspace\cloud\code\sql\_DailyScript\DAILY_SCRIPT_TELEMETRY_PIVOT_2020.sql
Query OK, 0 rows affected (0.01 sec)

Query OK, 146 rows affected (0.13 sec)
Records: 146  Duplicates: 0  Warnings: 0

Query OK, 0 rows affected (0.01 sec)

Query OK, 10216 rows affected (2.26 sec)
Records: 10216  Duplicates: 0  Warnings: 0

Query OK, 0 rows affected (0.01 sec)

Query OK, 8 rows affected (0.02 sec)
Records: 8  Duplicates: 0  Warnings: 0

Query OK, 0 rows affected (0.01 sec)

Query OK, 47 rows affected (0.06 sec)
Records: 47  Duplicates: 0  Warnings: 0

mysql> mysql \. C:\workspace\cloud\code\sql\_DailyScript\currenttime.sql
+---------------------+
| currenttime         |
+---------------------+
| 2020-08-20 08:48:46 |
+---------------------+
1 row in set (0.00 sec)

mysql> 
mysql> mysql \. C:\workspace\cloud\code\sql\_DailyScript\telemetry_livetv_ranking2020.sql
Query OK, 0 rows affected (0.00 sec)

Query OK, 146 rows affected (0.01 sec)
Records: 146  Duplicates: 0  Warnings: 0

mysql> mysql \. C:\workspace\cloud\code\sql\_DailyScript\currenttime.sql
+---------------------+
| currenttime         |
+---------------------+
| 2020-08-20 08:48:46 |
+---------------------+
1 row in set (0.00 sec)

mysql> 
mysql> mysql \. C:\workspace\cloud\code\sql\_DailyScript\telemetry_radio_ranking2020.sql
Query OK, 0 rows affected (0.01 sec)

Query OK, 8 rows affected (0.01 sec)
Records: 8  Duplicates: 0  Warnings: 0

mysql> mysql \. C:\workspace\cloud\code\sql\_DailyScript\currenttime.sql
+---------------------+
| currenttime         |
+---------------------+
| 2020-08-20 08:48:46 |
+---------------------+
1 row in set (0.00 sec)

mysql> 
mysql> mysql \. C:\workspace\cloud\code\sql\_DailyScript\telemetry_ts_ranking2020.sql
Query OK, 0 rows affected (0.01 sec)

Query OK, 47 rows affected (0.01 sec)
Records: 47  Duplicates: 0  Warnings: 0

mysql> mysql \. C:\workspace\cloud\code\sql\_DailyScript\currenttime.sql
+---------------------+
| currenttime         |
+---------------------+
| 2020-08-20 08:48:46 |
+---------------------+
1 row in set (0.00 sec)

mysql> 
mysql> mysql \. C:\workspace\cloud\code\sql\_DailyScript\telemetry_vod_ranking2020.sql
Query OK, 0 rows affected (0.01 sec)

Query OK, 10216 rows affected (0.43 sec)
Records: 10216  Duplicates: 0  Warnings: 0

mysql> mysql \. C:\workspace\cloud\code\sql\_DailyScript\currenttime.sql
+---------------------+
| currenttime         |
+---------------------+
| 2020-08-20 08:48:46 |
+---------------------+
1 row in set (0.00 sec)

mysql> 
mysql> mysql \. C:\workspace\cloud\code\sql\_DailyScript\telemetry_vod_ranking2020_1.sql
Query OK, 0 rows affected (0.01 sec)

Query OK, 10216 rows affected (0.28 sec)
Records: 10216  Duplicates: 0  Warnings: 0

mysql> mysql \. C:\workspace\cloud\code\sql\_DailyScript\currenttime.sql
+---------------------+
| currenttime         |
+---------------------+
| 2020-08-20 08:48:47 |
+---------------------+
1 row in set (0.00 sec)

mysql> 
mysql> mysql \. C:\workspace\cloud\code\sql\_DailyScript\telemetry_vod_ranking2020_2.sql
Query OK, 0 rows affected (0.01 sec)

Query OK, 10216 rows affected (0.21 sec)
Records: 10216  Duplicates: 0  Warnings: 0

mysql> mysql \. C:\workspace\cloud\code\sql\_DailyScript\currenttime.sql
+---------------------+
| currenttime         |
+---------------------+
| 2020-08-20 08:48:47 |
+---------------------+
1 row in set (0.00 sec)

mysql> 
mysql> mysql \. C:\workspace\cloud\code\sql\_DailyScript\DAILY-SCRIPT-CREATE-LOAD.sql
Database changed
Database changed
Query OK, 0 rows affected (0.01 sec)

Query OK, 0 rows affected (0.01 sec)

Database changed
Query OK, 66934 rows affected (2.33 sec)
Records: 66934  Deleted: 0  Skipped: 0  Warnings: 0

Query OK, 0 rows affected (0.13 sec)
Records: 0  Duplicates: 0  Warnings: 0

Query OK, 0 rows affected (0.21 sec)
Records: 0  Duplicates: 0  Warnings: 0

Query OK, 0 rows affected (0.23 sec)
Records: 0  Duplicates: 0  Warnings: 0

Query OK, 0 rows affected (0.21 sec)
Records: 0  Duplicates: 0  Warnings: 0

+---------+
| clients |
+---------+
|   66934 |
+---------+
1 row in set (0.02 sec)

Query OK, 0 rows affected (0.01 sec)

Query OK, 12601 rows affected (5.87 sec)
Records: 12601  Duplicates: 0  Warnings: 0

Query OK, 0 rows affected (0.04 sec)
Records: 0  Duplicates: 0  Warnings: 0

+-------------------+
| rcb_clientparcels |
+-------------------+
|             12601 |
+-------------------+
1 row in set (0.00 sec)

Query OK, 0 rows affected (0.01 sec)

Query OK, 79824 rows affected (3.06 sec)
Records: 79824  Duplicates: 0  Warnings: 0

Query OK, 0 rows affected (0.25 sec)
Records: 0  Duplicates: 0  Warnings: 0

Query OK, 0 rows affected (0.01 sec)

Query OK, 66934 rows affected (35.21 sec)
Records: 66934  Duplicates: 0  Warnings: 0

Query OK, 0 rows affected (0.19 sec)
Records: 0  Duplicates: 0  Warnings: 0

Query OK, 0 rows affected (0.21 sec)
Records: 0  Duplicates: 0  Warnings: 0

Query OK, 0 rows affected (0.16 sec)
Records: 0  Duplicates: 0  Warnings: 0

+---------------+
| clientaddress |
+---------------+
|         66934 |
+---------------+
1 row in set (0.02 sec)

Database changed
Query OK, 0 rows affected (0.01 sec)

Query OK, 0 rows affected (0.01 sec)

Database changed
Query OK, 521909 rows affected, 65535 warnings (14.70 sec)
Records: 521909  Deleted: 0  Skipped: 0  Warnings: 212481

Query OK, 0 rows affected (2.88 sec)
Records: 0  Duplicates: 0  Warnings: 0

Query OK, 0 rows affected (2.23 sec)
Records: 0  Duplicates: 0  Warnings: 0

Query OK, 0 rows affected (1.39 sec)
Records: 0  Duplicates: 0  Warnings: 0

Query OK, 0 rows affected (0.02 sec)

Query OK, 521909 rows affected (40.24 sec)
Records: 521909  Duplicates: 0  Warnings: 0

Query OK, 0 rows affected (1.71 sec)
Records: 0  Duplicates: 0  Warnings: 0

Query OK, 0 rows affected (1.29 sec)
Records: 0  Duplicates: 0  Warnings: 0

+-----------+
| contracts |
+-----------+
|    521909 |
+-----------+
1 row in set (0.16 sec)

+-----------------+
| contractaddress |
+-----------------+
|          521909 |
+-----------------+
1 row in set (0.14 sec)

Database changed
Query OK, 0 rows affected (0.01 sec)

Query OK, 0 rows affected (0.01 sec)

Query OK, 7519 rows affected (0.15 sec)
Records: 7519  Deleted: 0  Skipped: 0  Warnings: 0

Query OK, 0 rows affected (0.01 sec)

Query OK, 7487 rows affected (0.87 sec)
Records: 7487  Duplicates: 0  Warnings: 0

Query OK, 0 rows affected (0.04 sec)
Records: 0  Duplicates: 0  Warnings: 0

Query OK, 0 rows affected (0.01 sec)

Query OK, 5749 rows affected (0.07 sec)
Records: 5749  Duplicates: 0  Warnings: 0

Query OK, 0 rows affected (0.03 sec)
Records: 0  Duplicates: 0  Warnings: 0

+-------------------+
| contractdiscounts |
+-------------------+
|              7519 |
+-------------------+
1 row in set (0.00 sec)

+-------------------------+
| clientcontractdiscounts |
+-------------------------+
|                    7487 |
+-------------------------+
1 row in set (0.00 sec)

+----------------------------+
| clientcontractlastdiscount |
+----------------------------+
|                       5749 |
+----------------------------+
1 row in set (0.00 sec)

Database changed
Query OK, 0 rows affected (0.01 sec)

Query OK, 0 rows affected (0.01 sec)

Database changed
Query OK, 138951 rows affected, 8 warnings (2.67 sec)
Records: 138951  Deleted: 0  Skipped: 0  Warnings: 8

Query OK, 0 rows affected (0.26 sec)
Records: 0  Duplicates: 0  Warnings: 0

Query OK, 0 rows affected (0.30 sec)
Records: 0  Duplicates: 0  Warnings: 0

Query OK, 0 rows affected (0.29 sec)
Records: 0  Duplicates: 0  Warnings: 0

Query OK, 0 rows affected (0.27 sec)
Records: 0  Duplicates: 0  Warnings: 0

Query OK, 0 rows affected (0.35 sec)
Records: 0  Duplicates: 0  Warnings: 0

Query OK, 0 rows affected (0.51 sec)
Records: 0  Duplicates: 0  Warnings: 0

Query OK, 0 rows affected (0.07 sec)

Query OK, 1778065 rows affected (3 min 40.95 sec)
Records: 1778065  Duplicates: 0  Warnings: 0

Query OK, 0 rows affected (4.37 sec)
Records: 0  Duplicates: 0  Warnings: 0

+---------+
| devices |
+---------+
|  138951 |
+---------+
1 row in set (0.04 sec)

+-----------------------+
| clientcontractdevices |
+-----------------------+
|               1778065 |
+-----------------------+
1 row in set (0.64 sec)

Query OK, 0 rows affected (0.01 sec)

Query OK, 138857 rows affected (5.55 sec)
Records: 138857  Duplicates: 0  Warnings: 0

+---------------------------+
| rep_clientcontractdevices |
+---------------------------+
|                    138857 |
+---------------------------+
1 row in set (0.04 sec)

Database changed
Query OK, 0 rows affected (0.01 sec)

Query OK, 0 rows affected (0.01 sec)

Query OK, 294475 rows affected (6.58 sec)
Records: 294475  Deleted: 0  Skipped: 0  Warnings: 0

Query OK, 0 rows affected (0.71 sec)
Records: 0  Duplicates: 0  Warnings: 0

Query OK, 0 rows affected (0.60 sec)
Records: 0  Duplicates: 0  Warnings: 0

Query OK, 0 rows affected (0.60 sec)
Records: 0  Duplicates: 0  Warnings: 0

Query OK, 0 rows affected (0.51 sec)
Records: 0  Duplicates: 0  Warnings: 0

+---------+
| tickets |
+---------+
|  294475 |
+---------+
1 row in set (0.08 sec)

Database changed
Query OK, 0 rows affected (0.01 sec)

Query OK, 0 rows affected (0.01 sec)

Empty set (0.00 sec)

Query OK, 0 rows affected (0.02 sec)
Records: 0  Duplicates: 0  Warnings: 0

Query OK, 360 rows affected, 2 warnings (0.02 sec)
Records: 360  Deleted: 0  Skipped: 0  Warnings: 2

+-----------------+
| tickettechusers |
+-----------------+
|             360 |
+-----------------+
1 row in set (0.00 sec)

Database changed
Query OK, 0 rows affected (0.01 sec)

Query OK, 0 rows affected (0.01 sec)

Query OK, 0 rows affected (0.01 sec)
Records: 0  Duplicates: 0  Warnings: 0

Query OK, 642590 rows affected, 46922 warnings (10.60 sec)
Records: 642590  Deleted: 0  Skipped: 0  Warnings: 46922

+-------------------+
| ticketassignments |
+-------------------+
|            642590 |
+-------------------+
1 row in set (0.17 sec)

Database changed
Query OK, 0 rows affected (0.02 sec)

Query OK, 0 rows affected (0.01 sec)

Query OK, 1304432 rows affected (14.32 sec)
Records: 1304432  Deleted: 0  Skipped: 0  Warnings: 0

Query OK, 0 rows affected (3.94 sec)
Records: 0  Duplicates: 0  Warnings: 0

Query OK, 0 rows affected (2.52 sec)
Records: 0  Duplicates: 0  Warnings: 0

Query OK, 0 rows affected (2.40 sec)
Records: 0  Duplicates: 0  Warnings: 0

Query OK, 0 rows affected (2.78 sec)
Records: 0  Duplicates: 0  Warnings: 0

+----------------+
| ticketcomments |
+----------------+
|        1304432 |
+----------------+
1 row in set (0.36 sec)

Database changed
Query OK, 0 rows affected (0.02 sec)

Query OK, 0 rows affected (0.01 sec)

Query OK, 456918 rows affected (34.12 sec)
Records: 456918  Deleted: 0  Skipped: 0  Warnings: 0

Query OK, 0 rows affected (2.11 sec)
Records: 0  Duplicates: 0  Warnings: 0

+----------+
| comments |
+----------+
|   456918 |
+----------+
1 row in set (0.14 sec)

Database changed
Query OK, 0 rows affected (0.02 sec)

Query OK, 0 rows affected (0.01 sec)

Query OK, 1375556 rows affected, 65535 warnings (1 min 10.45 sec)
Records: 1375556  Deleted: 0  Skipped: 0  Warnings: 1375578

Query OK, 0 rows affected (3.67 sec)
Records: 0  Duplicates: 0  Warnings: 0

Query OK, 0 rows affected (3.17 sec)
Records: 0  Duplicates: 0  Warnings: 0

Query OK, 0 rows affected (3.18 sec)
Records: 0  Duplicates: 0  Warnings: 0

Query OK, 0 rows affected (3.19 sec)
Records: 0  Duplicates: 0  Warnings: 0

Query OK, 0 rows affected (4.68 sec)
Records: 0  Duplicates: 0  Warnings: 0

+------------+
| devicesold |
+------------+
|    1375556 |
+------------+
1 row in set (0.39 sec)

Database changed
Query OK, 0 rows affected (0.02 sec)

Query OK, 0 rows affected (0.01 sec)

Query OK, 1771501 rows affected (21.83 sec)
Records: 1771501  Deleted: 0  Skipped: 0  Warnings: 0

Query OK, 0 rows affected (4.48 sec)
Records: 0  Duplicates: 0  Warnings: 0

Query OK, 0 rows affected (4.08 sec)
Records: 0  Duplicates: 0  Warnings: 0

Query OK, 0 rows affected (4.08 sec)
Records: 0  Duplicates: 0  Warnings: 0

+------------------+
| contractservices |
+------------------+
|          1771501 |
+------------------+
1 row in set (0.50 sec)

Database changed
Query OK, 0 rows affected (0.05 sec)

Query OK, 0 rows affected (0.01 sec)

Query OK, 4237516 rows affected (1 min 45.17 sec)
Records: 4237516  Deleted: 0  Skipped: 0  Warnings: 0

Query OK, 0 rows affected (11.44 sec)
Records: 0  Duplicates: 0  Warnings: 0

Query OK, 0 rows affected (14.40 sec)
Records: 0  Duplicates: 0  Warnings: 0

Query OK, 0 rows affected (11.00 sec)
Records: 0  Duplicates: 0  Warnings: 0

Query OK, 0 rows affected (11.16 sec)
Records: 0  Duplicates: 0  Warnings: 0

+------------------+
| invoicescontents |
+------------------+
|          4237516 |
+------------------+
1 row in set (1.17 sec)

Database changed
Query OK, 0 rows affected (0.06 sec)

Query OK, 0 rows affected (0.01 sec)

Query OK, 2976503 rows affected (2 min 45.18 sec)
Records: 2976503  Deleted: 0  Skipped: 0  Warnings: 0

Query OK, 0 rows affected (11.95 sec)
Records: 0  Duplicates: 0  Warnings: 0

Query OK, 0 rows affected (12.33 sec)
Records: 0  Duplicates: 0  Warnings: 0

Query OK, 0 rows affected (9.37 sec)
Records: 0  Duplicates: 0  Warnings: 0

Query OK, 0 rows affected (10.91 sec)
Records: 0  Duplicates: 0  Warnings: 0

Query OK, 0 rows affected (11.03 sec)
Records: 0  Duplicates: 0  Warnings: 0

+----------------+
| invoicesheader |
+----------------+
|        2976503 |
+----------------+
1 row in set (0.81 sec)

Database changed
Query OK, 0 rows affected (0.04 sec)

Query OK, 0 rows affected (0.01 sec)

Query OK, 3020846 rows affected (1 min 16.45 sec)
Records: 3020846  Deleted: 0  Skipped: 0  Warnings: 0

Query OK, 0 rows affected (7.84 sec)
Records: 0  Duplicates: 0  Warnings: 0

Query OK, 0 rows affected (8.05 sec)
Records: 0  Duplicates: 0  Warnings: 0

Query OK, 0 rows affected (7.70 sec)
Records: 0  Duplicates: 0  Warnings: 0

Query OK, 0 rows affected (7.34 sec)
Records: 0  Duplicates: 0  Warnings: 0

+---------+
| casa    |
+---------+
| 3020846 |
+---------+
1 row in set (0.81 sec)

Query OK, 0 rows affected (0.01 sec)

Query OK, 14675 rows affected (1 min 12.86 sec)
Records: 14675  Duplicates: 0  Warnings: 0

+--------------------+
| rep_paycol_channel |
+--------------------+
|              14675 |
+--------------------+
1 row in set (0.01 sec)

Query OK, 0 rows affected (0.01 sec)

Query OK, 10705 rows affected (1 min 28.46 sec)
Records: 10705  Duplicates: 0  Warnings: 0

+----------------+
| rep_paycol_pos |
+----------------+
|          10705 |
+----------------+
1 row in set (0.00 sec)

Database changed
Query OK, 0 rows affected (0.01 sec)

Query OK, 0 rows affected (0.01 sec)

Database changed
Query OK, 39393 rows affected (0.77 sec)
Records: 39393  Deleted: 0  Skipped: 0  Warnings: 0

+-------+
| users |
+-------+
| 39393 |
+-------+
1 row in set (0.01 sec)

Query OK, 0 rows affected (0.08 sec)
Records: 0  Duplicates: 0  Warnings: 0

Database changed
Query OK, 0 rows affected (0.03 sec)

Query OK, 0 rows affected (0.01 sec)

Query OK, 1872898 rows affected, 2 warnings (28.16 sec)
Records: 1872898  Deleted: 0  Skipped: 0  Warnings: 2

Query OK, 0 rows affected (5.18 sec)
Records: 0  Duplicates: 0  Warnings: 0

Query OK, 0 rows affected (4.60 sec)
Records: 0  Duplicates: 0  Warnings: 0

Query OK, 0 rows affected (4.45 sec)
Records: 0  Duplicates: 0  Warnings: 0

Query OK, 0 rows affected (4.02 sec)
Records: 0  Duplicates: 0  Warnings: 0

Query OK, 0 rows affected (3.91 sec)
Records: 0  Duplicates: 0  Warnings: 0

+-------------+
| useractions |
+-------------+
|     1872898 |
+-------------+
1 row in set (0.51 sec)

Database changed
Query OK, 0 rows affected (0.07 sec)

Query OK, 0 rows affected (0.01 sec)

Database changed
Query OK, 22098434 rows affected (3 min 44.23 sec)
Records: 22098434  Deleted: 0  Skipped: 0  Warnings: 0

Query OK, 0 rows affected (56.67 sec)
Records: 0  Duplicates: 0  Warnings: 0

Query OK, 0 rows affected (54.62 sec)
Records: 0  Duplicates: 0  Warnings: 0

Query OK, 0 rows affected (55.98 sec)
Records: 0  Duplicates: 0  Warnings: 0

Query OK, 0 rows affected (49.20 sec)
Records: 0  Duplicates: 0  Warnings: 0

Query OK, 0 rows affected (1 min 4.18 sec)
Records: 0  Duplicates: 0  Warnings: 0

+----------+
| ipusage1 |
+----------+
| 22098434 |
+----------+
1 row in set (7.89 sec)

Query OK, 0 rows affected (0.11 sec)

Query OK, 22335436 rows affected, 65535 warnings (9 min 31.58 sec)
Records: 22335436  Duplicates: 0  Warnings: 22329557

Query OK, 0 rows affected (59.69 sec)
Records: 0  Duplicates: 0  Warnings: 0

Query OK, 0 rows affected (58.16 sec)
Records: 0  Duplicates: 0  Warnings: 0

Query OK, 0 rows affected (59.42 sec)
Records: 0  Duplicates: 0  Warnings: 0

Query OK, 0 rows affected (52.96 sec)
Records: 0  Duplicates: 0  Warnings: 0

Query OK, 0 rows affected (1 min 26.68 sec)
Records: 0  Duplicates: 0  Warnings: 0

Query OK, 0 rows affected (1 min 32.02 sec)
Records: 0  Duplicates: 0  Warnings: 0

Query OK, 0 rows affected (1 min 23.43 sec)
Records: 0  Duplicates: 0  Warnings: 0

+----------+
| ipusage  |
+----------+
| 22335436 |
+----------+
1 row in set (8.00 sec)

Query OK, 0 rows affected (0.05 sec)

Query OK, 5412519 rows affected (5 min 14.44 sec)
Records: 5412519  Duplicates: 0  Warnings: 0

Query OK, 0 rows affected (17.33 sec)
Records: 0  Duplicates: 0  Warnings: 0

Query OK, 0 rows affected (13.38 sec)
Records: 0  Duplicates: 0  Warnings: 0

Query OK, 0 rows affected (17.83 sec)
Records: 0  Duplicates: 0  Warnings: 0

Query OK, 0 rows affected (21.94 sec)
Records: 0  Duplicates: 0  Warnings: 0

Query OK, 0 rows affected (15.76 sec)
Records: 0  Duplicates: 0  Warnings: 0

Query OK, 0 rows affected (0.03 sec)

Query OK, 446929 rows affected (38.55 sec)
Records: 446929  Duplicates: 0  Warnings: 0

Query OK, 0 rows affected (1.38 sec)
Records: 0  Duplicates: 0  Warnings: 0

Query OK, 0 rows affected (1.25 sec)
Records: 0  Duplicates: 0  Warnings: 0

Query OK, 0 rows affected (1.50 sec)
Records: 0  Duplicates: 0  Warnings: 0

Query OK, 0 rows affected (0.83 sec)
Records: 0  Duplicates: 0  Warnings: 0

Query OK, 0 rows affected (0.78 sec)
Records: 0  Duplicates: 0  Warnings: 0

Query OK, 0 rows affected (0.80 sec)
Records: 0  Duplicates: 0  Warnings: 0

Query OK, 0 rows affected (0.81 sec)
Records: 0  Duplicates: 0  Warnings: 0

+-----------------------+
| clientcontractipmonth |
+-----------------------+
|                446929 |
+-----------------------+
1 row in set (0.12 sec)

Query OK, 0 rows affected (0.02 sec)

Query OK, 1771279 rows affected (48.25 sec)
Records: 1771279  Duplicates: 0  Warnings: 0

Query OK, 0 rows affected (7.20 sec)
Records: 0  Duplicates: 0  Warnings: 0

Query OK, 0 rows affected (3.80 sec)
Records: 0  Duplicates: 0  Warnings: 0

Query OK, 0 rows affected (5.15 sec)
Records: 0  Duplicates: 0  Warnings: 0

+------------------------------+
| contractsservicepackageprice |
+------------------------------+
|                      1771279 |
+------------------------------+
1 row in set (0.48 sec)

Query OK, 0 rows affected (0.03 sec)

Query OK, 1771279 rows affected (2 min 35.10 sec)
Records: 1771279  Duplicates: 0  Warnings: 0

Query OK, 0 rows affected (6.99 sec)
Records: 0  Duplicates: 0  Warnings: 0

Query OK, 0 rows affected (8.46 sec)
Records: 0  Duplicates: 0  Warnings: 0

Query OK, 0 rows affected (3.97 sec)
Records: 0  Duplicates: 0  Warnings: 0

Query OK, 0 rows affected (6.00 sec)
Records: 0  Duplicates: 0  Warnings: 0

+------------------------------------+
| clientcontractsservicepackageprice |
+------------------------------------+
|                            1771279 |
+------------------------------------+
1 row in set (0.48 sec)

mysql> mysql \. C:\workspace\cloud\code\sql\_DailyScript\currenttime.sql
+---------------------+
| currenttime         |
+---------------------+
| 2020-08-20 09:47:39 |
+---------------------+
1 row in set (0.00 sec)

mysql> 
mysql> mysql \. C:\workspace\cloud\code\sql\_DailyScript\ticket_analysis.sql
Database changed
Query OK, 0 rows affected (0.03 sec)

Query OK, 665394 rows affected (23.39 sec)
Records: 665394  Duplicates: 0  Warnings: 0

Query OK, 0 rows affected (4.05 sec)
Records: 0  Duplicates: 0  Warnings: 0

Query OK, 0 rows affected (1.85 sec)
Records: 0  Duplicates: 0  Warnings: 0

Query OK, 0 rows affected (1.76 sec)
Records: 0  Duplicates: 0  Warnings: 0

Query OK, 0 rows affected (0.01 sec)

Query OK, 21591 rows affected (11.54 sec)
Records: 21591  Duplicates: 0  Warnings: 0

Query OK, 0 rows affected, 1 warning (0.00 sec)

Query OK, 94281 rows affected (6.45 sec)
Records: 94281  Duplicates: 0  Warnings: 0

Query OK, 0 rows affected, 1 warning (0.00 sec)

Query OK, 483384 rows affected (12.48 sec)
Records: 483384  Duplicates: 0  Warnings: 0

Query OK, 0 rows affected, 1 warning (0.00 sec)

Query OK, 483384 rows affected (14.93 sec)
Records: 483384  Duplicates: 0  Warnings: 0

Query OK, 0 rows affected (0.01 sec)

Query OK, 94362 rows affected (5.13 sec)
Records: 94362  Duplicates: 0  Warnings: 0

Database changed
Query OK, 0 rows affected (0.00 sec)

Query OK, 0 rows affected (0.02 sec)

Query OK, 665394 rows affected (22.99 sec)
Records: 665394  Duplicates: 0  Warnings: 0

Query OK, 0 rows affected (0.01 sec)

Query OK, 335139 rows affected (13.98 sec)
Records: 335139  Duplicates: 0  Warnings: 0

+--------------------------+
| clientticket_cmmtjourney |
+--------------------------+
|                   665394 |
+--------------------------+
1 row in set (2.19 sec)

+---------------------------+
| clientticket_assgnjourney |
+---------------------------+
|                    335139 |
+---------------------------+
1 row in set (0.39 sec)

Query OK, 0 rows affected (0.01 sec)

Query OK, 74 rows affected (0.09 sec)
Records: 74  Duplicates: 0  Warnings: 0

mysql> mysql \. C:\workspace\cloud\code\sql\_DailyScript\currenttime.sql
+---------------------+
| currenttime         |
+---------------------+
| 2020-08-20 09:49:40 |
+---------------------+
1 row in set (0.00 sec)

mysql> 
mysql> mysql \. C:\workspace\cloud\code\sql\_DailyScript\load_DailyCalls.sql
Database changed
Query OK, 437 rows affected (0.17 sec)
Records: 437  Deleted: 0  Skipped: 0  Warnings: 0

Query OK, 0 rows affected, 1 warning (0.00 sec)

Query OK, 424 rows affected (0.03 sec)
Records: 424  Duplicates: 0  Warnings: 0

Query OK, 0 rows affected, 1 warning (0.00 sec)

Query OK, 67405 rows affected (0.30 sec)
Records: 67405  Duplicates: 0  Warnings: 0

+----------------------+
| callingclientsbefore |
+----------------------+
|               980496 |
+----------------------+
1 row in set (0.40 sec)

Query OK, 615 rows affected (8.65 sec)
Records: 615  Duplicates: 0  Warnings: 0

+---------------------+
| callingclientsafter |
+---------------------+
|              981111 |
+---------------------+
1 row in set (0.26 sec)

Query OK, 0 rows affected (0.01 sec)

Query OK, 304 rows affected (3.43 sec)
Records: 304  Duplicates: 0  Warnings: 0

Query OK, 0 rows affected (0.01 sec)

Query OK, 19711 rows affected (3.01 sec)
Records: 19711  Duplicates: 0  Warnings: 0

+-----------+
| callstats |
+-----------+
|     19711 |
+-----------+
1 row in set (0.01 sec)

Query OK, 0 rows affected, 1 warning (0.00 sec)

Query OK, 615 rows affected (2.47 sec)
Records: 615  Duplicates: 0  Warnings: 0

+------------------------+
| rep_cccallreportbefore |
+------------------------+
|                 980392 |
+------------------------+
1 row in set (0.34 sec)

Query OK, 720 rows affected (0.19 sec)
Records: 720  Duplicates: 0  Warnings: 0

+-----------------------+
| rep_cccallreportafter |
+-----------------------+
|                981112 |
+-----------------------+
1 row in set (0.26 sec)

Query OK, 0 rows affected (0.01 sec)

mysql> mysql \. C:\workspace\cloud\code\sql\_DailyScript\currenttime.sql
+---------------------+
| currenttime         |
+---------------------+
| 2020-08-20 09:50:00 |
+---------------------+
1 row in set (0.00 sec)

mysql> 
mysql> mysql \. C:\workspace\cloud\code\sql\_DailyScript\DAILY-SCRIPT-USAGE.sql
Database changed
Query OK, 0 rows affected (0.00 sec)

Query OK, 8561 rows affected, 24827 warnings (1.54 sec)
Records: 8561  Deleted: 0  Skipped: 0  Warnings: 24827

Query OK, 0 rows affected (0.00 sec)

Query OK, 12896 rows affected, 37350 warnings (2.08 sec)
Records: 12896  Deleted: 0  Skipped: 0  Warnings: 37350

Query OK, 0 rows affected (0.00 sec)

Query OK, 324 rows affected, 1135 warnings (0.06 sec)
Records: 324  Deleted: 0  Skipped: 0  Warnings: 1135

Query OK, 0 rows affected (0.00 sec)

Query OK, 251 rows affected, 859 warnings (0.13 sec)
Records: 251  Deleted: 0  Skipped: 0  Warnings: 859

+------------+
| dailyusage |
+------------+
|   14183541 |
+------------+
1 row in set (5.96 sec)

+------------+------------+------------+---------+
| datestart  | dateend    | insertedon | records |
+------------+------------+------------+---------+
| 2020-08-19 | 2020-08-19 | 2020-08-20 |   22032 |
| 2020-08-18 | 2020-08-18 | 2020-08-19 |   21136 |
| 2020-08-17 | 2020-08-17 | 2020-08-18 |   24020 |
| 2020-08-16 | 2020-08-16 | 2020-08-17 |   21719 |
| 2020-08-15 | 2020-08-15 | 2020-08-16 |   21860 |
+------------+------------+------------+---------+
5 rows in set (29.49 sec)

+----------+------------+------------+------------+---------+
| category | datestart  | dateend    | insertedon | records |
+----------+------------+------------+------------+---------+
| UNCAPPED | 2020-08-19 | 2020-08-19 | 2020-08-20 |   12896 |
| PREPAID  | 2020-08-19 | 2020-08-19 | 2020-08-20 |     324 |
| HOTSPOT  | 2020-08-19 | 2020-08-19 | 2020-08-20 |     251 |
| CAPPED   | 2020-08-19 | 2020-08-19 | 2020-08-20 |    8561 |
| UNCAPPED | 2020-08-18 | 2020-08-18 | 2020-08-19 |   12355 |
| PREPAID  | 2020-08-18 | 2020-08-18 | 2020-08-19 |     320 |
| HOTSPOT  | 2020-08-18 | 2020-08-18 | 2020-08-19 |     247 |
| CAPPED   | 2020-08-18 | 2020-08-18 | 2020-08-19 |    8214 |
| UNCAPPED | 2020-08-17 | 2020-08-17 | 2020-08-18 |   14277 |
| PREPAID  | 2020-08-17 | 2020-08-17 | 2020-08-18 |     328 |
| HOTSPOT  | 2020-08-17 | 2020-08-17 | 2020-08-18 |     231 |
| CAPPED   | 2020-08-17 | 2020-08-17 | 2020-08-18 |    9184 |
| UNCAPPED | 2020-08-16 | 2020-08-16 | 2020-08-17 |   12739 |
| PREPAID  | 2020-08-16 | 2020-08-16 | 2020-08-17 |     372 |
| HOTSPOT  | 2020-08-16 | 2020-08-16 | 2020-08-17 |     179 |
| CAPPED   | 2020-08-16 | 2020-08-16 | 2020-08-17 |    8429 |
| UNCAPPED | 2020-08-15 | 2020-08-15 | 2020-08-16 |   12763 |
| PREPAID  | 2020-08-15 | 2020-08-15 | 2020-08-16 |     335 |
| HOTSPOT  | 2020-08-15 | 2020-08-15 | 2020-08-16 |     195 |
| CAPPED   | 2020-08-15 | 2020-08-15 | 2020-08-16 |    8567 |
+----------+------------+------------+------------+---------+
20 rows in set (21.66 sec)

mysql> mysql \. C:\workspace\cloud\code\sql\_DailyScript\currenttime.sql
+---------------------+
| currenttime         |
+---------------------+
| 2020-08-20 09:51:01 |
+---------------------+
1 row in set (0.00 sec)

mysql> 
mysql> mysql \. C:\workspace\cloud\code\sql\_DailyScript\DAILY-SCRIPT-SALES-TELEMETRY.sql
Database changed
Query OK, 118 rows affected, 73 warnings (0.04 sec)
Records: 118  Deleted: 0  Skipped: 0  Warnings: 73

+------------+
| dailysales |
+------------+
|     205158 |
+------------+
1 row in set (0.24 sec)

Query OK, 0 rows affected (0.01 sec)

Query OK, 205158 rows affected (12.85 sec)
Records: 205158  Duplicates: 0  Warnings: 0

+--------+
| sales  |
+--------+
| 205158 |
+--------+
1 row in set (0.08 sec)

Query OK, 0 rows affected (0.01 sec)

Query OK, 3314 rows affected (0.35 sec)
Records: 3314  Duplicates: 0  Warnings: 0

+----------------+
| rep_dailysales |
+----------------+
|           3314 |
+----------------+
1 row in set (0.00 sec)

Query OK, 0 rows affected (0.02 sec)

Query OK, 3314 rows affected (0.53 sec)
Records: 3314  Duplicates: 0  Warnings: 0

+-------------------+
| rep_dailysalesreg |
+-------------------+
|              3314 |
+-------------------+
1 row in set (0.00 sec)

Query OK, 0 rows affected (0.01 sec)

Query OK, 2789 rows affected (0.66 sec)
Records: 2789  Duplicates: 0  Warnings: 0

+-----------+
| saleslist |
+-----------+
|      2789 |
+-----------+
1 row in set (0.00 sec)

Database changed
ERROR 2 (HY000): File 'C:\ProgramData\MySQL\MySQL Server 5.7\Uploads\_csv\PrepaidCardSales-19082020-P1.csv' not found (Errcode: 2 - No such file or directory)
+------------------+
| dailysinglesales |
+------------------+
|             6335 |
+------------------+
1 row in set (0.01 sec)

Database changed
Query OK, 5 rows affected (0.07 sec)
Records: 5  Deleted: 0  Skipped: 0  Warnings: 0

+-----------------+
| dailyaddonsales |
+-----------------+
|           20362 |
+-----------------+
1 row in set (0.05 sec)

Query OK, 161 rows affected (0.05 sec)
Records: 161  Deleted: 0  Skipped: 0  Warnings: 0

+----------------+
| onlinepayments |
+----------------+
|         117466 |
+----------------+
1 row in set (0.08 sec)

+-------------+----------------+---------------------+
| paymentdate | onlinepayments | onlinepaymentamount |
+-------------+----------------+---------------------+
| 2020-08-19  |            161 |         97656.27000 |
| 2020-08-18  |            157 |        102761.22000 |
| 2020-08-17  |            149 |         89519.85000 |
| 2020-08-16  |            157 |        101242.56000 |
| 2020-08-15  |            124 |         74430.84000 |
+-------------+----------------+---------------------+
5 rows in set (0.40 sec)

+-------------+--------------+----------------+---------------------+
| paymentyear | paymentmonth | onlinepayments | onlinepaymentamount |
+-------------+--------------+----------------+---------------------+
|        2020 |            8 |           3198 |       2112840.63000 |
|        2020 |            7 |           6291 |       4053825.83000 |
|        2020 |            6 |           6133 |       4006312.90000 |
|        2020 |            5 |           6399 |       4169369.14000 |
|        2020 |            4 |           7837 |       4979458.33000 |
+-------------+--------------+----------------+---------------------+
5 rows in set (0.12 sec)

mysql> mysql \. C:\workspace\cloud\code\sql\_DailyScript\currenttime.sql
+---------------------+
| currenttime         |
+---------------------+
| 2020-08-20 09:51:17 |
+---------------------+
1 row in set (0.00 sec)

mysql> 
mysql> mysql \. C:\workspace\cloud\code\sql\_DailyScript\DAILY-SCRIPT-ACTIVENUMBERS.sql
Database changed
Query OK, 1163 rows affected (0.52 sec)
Records: 1163  Deleted: 0  Skipped: 0  Warnings: 0

+------------+----------+
| period     | count(1) |
+------------+----------+
| 2020-08-19 |     1163 |
| 2020-08-18 |     1164 |
| 2020-08-17 |     1163 |
| 2020-08-16 |     1168 |
| 2020-08-15 |     1168 |
+------------+----------+
5 rows in set (0.01 sec)

Query OK, 0 rows affected (0.01 sec)

Query OK, 79 rows affected (1.32 sec)
Records: 79  Duplicates: 0  Warnings: 0

+-------------+
| packagelist |
+-------------+
|          79 |
+-------------+
1 row in set (0.00 sec)

Database changed
Query OK, 0 rows affected (0.00 sec)

Query OK, 0 rows affected (0.00 sec)

Query OK, 0 rows affected (0.00 sec)

Query OK, 0 rows affected (0.00 sec)

Query OK, 27528 rows affected, 199 warnings (19.57 sec)
Records: 27528  Deleted: 0  Skipped: 0  Warnings: 199

+------------+----------+
| period     | count(1) |
+------------+----------+
| 2020-08-19 |    27528 |
| 2020-08-18 |    27469 |
| 2020-08-17 |    27397 |
| 2020-08-16 |    27319 |
| 2020-08-15 |    27445 |
+------------+----------+
5 rows in set (0.16 sec)

Query OK, 0 rows affected (0.02 sec)

Query OK, 26939 rows affected (46.16 sec)
Records: 26939  Duplicates: 0  Warnings: 0

Query OK, 0 rows affected (0.14 sec)
Records: 0  Duplicates: 0  Warnings: 0

Query OK, 0 rows affected (0.10 sec)
Records: 0  Duplicates: 0  Warnings: 0

Query OK, 0 rows affected (0.09 sec)
Records: 0  Duplicates: 0  Warnings: 0

Query OK, 0 rows affected (0.11 sec)
Records: 0  Duplicates: 0  Warnings: 0

Query OK, 0 rows affected (0.06 sec)
Records: 0  Duplicates: 0  Warnings: 0

Query OK, 0 rows affected (0.06 sec)
Records: 0  Duplicates: 0  Warnings: 0

+-------------+
| countbefore |
+-------------+
|    38426904 |
+-------------+
1 row in set (13.83 sec)

Query OK, 26939 rows affected (6.45 sec)
Records: 26939  Duplicates: 0  Warnings: 0

+------------+
| countafter |
+------------+
|   38453843 |
+------------+
1 row in set (11.77 sec)

+------------+--------------------------+
| period     | customercontractactivity |
+------------+--------------------------+
| 2020-08-19 |                    26939 |
| 2020-08-18 |                    26880 |
| 2020-08-17 |                    26809 |
| 2020-08-16 |                    26731 |
| 2020-08-15 |                    26856 |
+------------+--------------------------+
5 rows in set (0.06 sec)

Query OK, 0 rows affected (0.02 sec)

Query OK, 275212 rows affected (7 min 2.08 sec)
Records: 275212  Duplicates: 0  Warnings: 0

Query OK, 0 rows affected (0.95 sec)
Records: 0  Duplicates: 0  Warnings: 0

Query OK, 0 rows affected (0.97 sec)
Records: 0  Duplicates: 0  Warnings: 0

Query OK, 0 rows affected (1.03 sec)
Records: 0  Duplicates: 0  Warnings: 0

Query OK, 0 rows affected (0.01 sec)

Query OK, 227 rows affected (0.44 sec)
Records: 227  Duplicates: 0  Warnings: 0

Query OK, 0 rows affected (0.01 sec)

Query OK, 2589 rows affected (0.57 sec)
Records: 2589  Duplicates: 0  Warnings: 0

Query OK, 0 rows affected (0.01 sec)

Query OK, 26920 rows affected (0.51 sec)
Records: 26920  Duplicates: 0  Warnings: 0

Query OK, 0 rows affected (0.01 sec)

Query OK, 17013 rows affected (0.33 sec)
Records: 17013  Duplicates: 0  Warnings: 0

Query OK, 0 rows affected (0.01 sec)

Query OK, 17013 rows affected (0.11 sec)
Records: 17013  Duplicates: 0  Warnings: 0

Query OK, 0 rows affected (0.01 sec)

Query OK, 17013 rows affected (1.06 sec)
Records: 17013  Duplicates: 0  Warnings: 0

Query OK, 0 rows affected (0.01 sec)

Query OK, 17013 rows affected (42.35 sec)
Records: 17013  Duplicates: 0  Warnings: 0

+-------------+
| clientstats |
+-------------+
|       17013 |
+-------------+
1 row in set (0.01 sec)

Query OK, 0 rows affected (0.00 sec)

Query OK, 13 rows affected, 1 warning (0.09 sec)
Records: 13  Duplicates: 0  Warnings: 1

+-----------------------+-------------+-------------+----------------+-----------------+
| services              | activecount | allaccounts | uniqueaccounts | uniquecontracts |
+-----------------------+-------------+-------------+----------------+-----------------+
| All                   |         332 |          53 |             53 |             171 |
| Internet & Voice      |         389 |         176 |            176 |             344 |
| Internet Only         |        4340 |        4253 |           4243 |            4293 |
| OTT Only              |           1 |           1 |              1 |               1 |
| TV & Internet         |        9091 |        4109 |           4100 |            8341 |
| TV & Internet & OTT   |        3161 |         814 |            811 |            1694 |
| TV & Internet & Voice |         495 |         146 |            146 |             447 |
| TV & OTT              |         328 |          62 |             61 |              76 |
| TV & Voice            |          77 |          36 |             36 |              73 |
| TV & Voice & OTT      |           3 |           1 |              1 |               2 |
| TV Only               |        9262 |        7220 |           7207 |            7404 |
| Voice Only            |         143 |         142 |            141 |             143 |
| GRAND TOTAL           |       27622 |       17013 |          16933 |           22989 |
+-----------------------+-------------+-------------+----------------+-----------------+
13 rows in set (0.00 sec)

+-------------+-------------+-------------+----------------+-----------------+
| network     | activecount | allaccounts | uniqueaccounts | uniquecontracts |
+-------------+-------------+-------------+----------------+-----------------+
| GPON        |        9156 |        4663 |           4660 |            7252 |
| HFC         |       18466 |       12350 |          12350 |           15737 |
| GRAND TOTAL |       27622 |       17013 |          16933 |           22989 |
+-------------+-------------+-------------+----------------+-----------------+
3 rows in set, 1 warning (0.12 sec)

+-------------+-----------------------+-------------+-------------+----------------+-----------------+
| network     | services              | activecount | allaccounts | uniqueaccounts | uniquecontracts |
+-------------+-----------------------+-------------+-------------+----------------+-----------------+
| GPON        | All                   |         181 |          29 |             29 |              93 |
| GPON        | Internet & Voice      |          76 |          32 |             32 |              66 |
| GPON        | Internet Only         |        1140 |        1071 |           1071 |            1095 |
| GPON        | TV & Internet         |        3813 |        1682 |           1682 |            3444 |
| GPON        | TV & Internet & OTT   |        1780 |         453 |            453 |             952 |
| GPON        | TV & Internet & Voice |         198 |          58 |             58 |             180 |
| GPON        | TV & OTT              |          89 |          25 |             25 |              28 |
| GPON        | TV & Voice            |          37 |          17 |             17 |              34 |
| GPON        | TV Only               |        1830 |        1284 |           1284 |            1348 |
| GPON        | Voice Only            |          12 |          12 |             12 |              12 |
| GPON        | Services Total        |        9156 |        4663 |           4660 |            7252 |
| HFC         | All                   |         151 |          24 |             24 |              78 |
| HFC         | Internet & Voice      |         313 |         144 |            144 |             278 |
| HFC         | Internet Only         |        3200 |        3182 |           3182 |            3198 |
| HFC         | OTT Only              |           1 |           1 |              1 |               1 |
| HFC         | TV & Internet         |        5278 |        2427 |           2427 |            4897 |
| HFC         | TV & Internet & OTT   |        1381 |         361 |            361 |             742 |
| HFC         | TV & Internet & Voice |         297 |          88 |             88 |             267 |
| HFC         | TV & OTT              |         239 |          37 |             37 |              48 |
| HFC         | TV & Voice            |          40 |          19 |             19 |              39 |
| HFC         | TV & Voice & OTT      |           3 |           1 |              1 |               2 |
| HFC         | TV Only               |        7432 |        5936 |           5936 |            6056 |
| HFC         | Voice Only            |         131 |         130 |            130 |             131 |
| HFC         | Services Total        |       18466 |       12350 |          12350 |           15737 |
| GRAND TOTAL | Services Total        |       27622 |       17013 |          16933 |           22989 |
+-------------+-----------------------+-------------+-------------+----------------+-----------------+
25 rows in set, 2 warnings (0.13 sec)

Query OK, 0 rows affected (0.01 sec)

Query OK, 40 rows affected, 3 warnings (0.18 sec)
Records: 40  Duplicates: 0  Warnings: 3

+-------------+---------------+-----------------------+-------------+-------------+----------------+-----------------+
| region      | network       | services              | activecount | allaccounts | uniqueaccounts | uniquecontracts |
+-------------+---------------+-----------------------+-------------+-------------+----------------+-----------------+
| Mahe        | GPON          | All                   |         163 |          26 |             26 |              84 |
| Mahe        | GPON          | Internet & Voice      |          60 |          24 |             24 |              50 |
| Mahe        | GPON          | Internet Only         |         919 |         850 |            850 |             874 |
| Mahe        | GPON          | TV & Internet         |        2996 |        1314 |           1314 |            2692 |
| Mahe        | GPON          | TV & Internet & OTT   |        1363 |         336 |            336 |             710 |
| Mahe        | GPON          | TV & Internet & Voice |         185 |          54 |             54 |             167 |
| Mahe        | GPON          | TV & OTT              |          75 |          18 |             18 |              21 |
| Mahe        | GPON          | TV & Voice            |          37 |          17 |             17 |              34 |
| Mahe        | GPON          | TV Only               |        1495 |        1017 |           1017 |            1073 |
| Mahe        | GPON          | Voice Only            |          11 |          11 |             11 |              11 |
| Mahe        | GPON          | Services Total        |        7304 |        3667 |           3667 |            5716 |
| Mahe        | HFC           | All                   |         151 |          24 |             24 |              78 |
| Mahe        | HFC           | Internet & Voice      |         313 |         144 |            144 |             278 |
| Mahe        | HFC           | Internet Only         |        3199 |        3181 |           3181 |            3197 |
| Mahe        | HFC           | OTT Only              |           1 |           1 |              1 |               1 |
| Mahe        | HFC           | TV & Internet         |        5278 |        2427 |           2427 |            4897 |
| Mahe        | HFC           | TV & Internet & OTT   |        1381 |         361 |            361 |             742 |
| Mahe        | HFC           | TV & Internet & Voice |         297 |          88 |             88 |             267 |
| Mahe        | HFC           | TV & OTT              |         239 |          37 |             37 |              48 |
| Mahe        | HFC           | TV & Voice            |          40 |          19 |             19 |              39 |
| Mahe        | HFC           | TV & Voice & OTT      |           3 |           1 |              1 |               2 |
| Mahe        | HFC           | TV Only               |        7427 |        5933 |           5933 |            6053 |
| Mahe        | HFC           | Voice Only            |         131 |         130 |            130 |             131 |
| Mahe        | HFC           | Services Total        |       18460 |       12346 |          12346 |           15733 |
| Mahe        | Network Total | Services Total        |       25764 |       16013 |          15937 |           21449 |
| Praslin     | GPON          | All                   |          18 |           3 |              3 |               9 |
| Praslin     | GPON          | Internet & Voice      |          16 |           8 |              8 |              16 |
| Praslin     | GPON          | Internet Only         |         221 |         221 |            221 |             221 |
| Praslin     | GPON          | TV & Internet         |         817 |         368 |            368 |             752 |
| Praslin     | GPON          | TV & Internet & OTT   |         417 |         117 |            117 |             242 |
| Praslin     | GPON          | TV & Internet & Voice |          13 |           4 |              4 |              13 |
| Praslin     | GPON          | TV & OTT              |          14 |           7 |              7 |               7 |
| Praslin     | GPON          | TV Only               |         335 |         267 |            267 |             275 |
| Praslin     | GPON          | Voice Only            |           1 |           1 |              1 |               1 |
| Praslin     | GPON          | Services Total        |        1852 |         996 |            996 |            1536 |
| Praslin     | HFC           | Internet Only         |           1 |           1 |              1 |               1 |
| Praslin     | HFC           | TV Only               |           5 |           3 |              3 |               3 |
| Praslin     | HFC           | Services Total        |           6 |           4 |              4 |               4 |
| Praslin     | Network Total | Services Total        |        1858 |        1000 |            999 |            1540 |
| GRAND TOTAL | Network Total | Services Total        |       27622 |       17013 |          16933 |           22989 |
+-------------+---------------+-----------------------+-------------+-------------+----------------+-----------------+
40 rows in set (0.00 sec)

Query OK, 0 rows affected (0.00 sec)

Query OK, 26921 rows affected (0.55 sec)
Records: 26921  Duplicates: 0  Warnings: 0

Query OK, 0 rows affected (0.01 sec)

Query OK, 2108 rows affected (1.52 sec)
Records: 2108  Duplicates: 0  Warnings: 0

+--------------------------------------+
| message                              |
+--------------------------------------+
| running rcbill_my.sp_ActiveNumber2() |
+--------------------------------------+
1 row in set (0.00 sec)

Query OK, 365 rows affected (1 min 44.36 sec)

mysql> mysql \. C:\workspace\cloud\code\sql\_DailyScript\currenttime.sql
+---------------------+
| currenttime         |
+---------------------+
| 2020-08-20 10:02:35 |
+---------------------+
1 row in set (0.00 sec)

mysql> 
mysql> mysql \. C:\workspace\cloud\code\sql\_DailyScript\GetActiveNumbers Average -Pivot.sql
Database changed
+-------------------------------------+
| @today := subdate(current_date(),1) |
+-------------------------------------+
| 2020-08-19                          |
+-------------------------------------+
1 row in set (0.00 sec)

+-------------------------------------+
| @lastdayofmonth := last_day(@today) |
+-------------------------------------+
| 2020-08-31                          |
+-------------------------------------+
1 row in set (0.00 sec)

Query OK, 0 rows affected (0.01 sec)

Query OK, 41000 rows affected, 65535 warnings (49.56 sec)
Records: 41000  Duplicates: 0  Warnings: 84727

Query OK, 0 rows affected (0.09 sec)
Records: 0  Duplicates: 0  Warnings: 0

Query OK, 0 rows affected (0.11 sec)
Records: 0  Duplicates: 0  Warnings: 0

Query OK, 0 rows affected (0.09 sec)
Records: 0  Duplicates: 0  Warnings: 0

+-----------------+
| activenumberavg |
+-----------------+
|           41000 |
+-----------------+
1 row in set (0.01 sec)

Query OK, 0 rows affected (0.01 sec)

Query OK, 1897 rows affected (0.48 sec)
Records: 1897  Duplicates: 0  Warnings: 0

+---------------------+
| rep_activenumberavg |
+---------------------+
|                1897 |
+---------------------+
1 row in set (0.00 sec)

+----------------------+
| rep_activenumberavg1 |
+----------------------+
|                  885 |
+----------------------+
1 row in set (0.00 sec)

Query OK, 0 rows affected (0.01 sec)

Query OK, 2133 rows affected (0.37 sec)
Records: 2133  Duplicates: 0  Warnings: 0

Query OK, 0 rows affected (0.01 sec)

Query OK, 10907 rows affected (0.67 sec)
Records: 10907  Duplicates: 0  Warnings: 0

Query OK, 0 rows affected (0.00 sec)

Query OK, 0 rows affected (0.01 sec)

Query OK, 0 rows affected (0.01 sec)

Query OK, 0 rows affected (0.00 sec)

Query OK, 0 rows affected (0.00 sec)
Statement prepared

Query OK, 53 rows affected (0.04 sec)
Records: 53  Duplicates: 0  Warnings: 0

Query OK, 0 rows affected (0.00 sec)

Query OK, 0 rows affected (0.00 sec)

+----------------------+
| rep_activenumberavg2 |
+----------------------+
|                 2133 |
+----------------------+
1 row in set (0.00 sec)

+------------------------+
| rep_activenumberavg_pv |
+------------------------+
|                     53 |
+------------------------+
1 row in set (0.00 sec)

Query OK, 0 rows affected (0.01 sec)

Query OK, 2132 rows affected (0.32 sec)
Records: 2132  Duplicates: 0  Warnings: 0

Query OK, 0 rows affected (0.00 sec)

Query OK, 0 rows affected (0.00 sec)

Query OK, 0 rows affected (0.01 sec)

Query OK, 0 rows affected (0.00 sec)

Query OK, 0 rows affected (0.00 sec)
Statement prepared

Query OK, 53 rows affected (0.04 sec)
Records: 53  Duplicates: 0  Warnings: 0

Query OK, 0 rows affected (0.00 sec)

Query OK, 0 rows affected (0.00 sec)

+-------------------------+
| rep_activenumberavgMahe |
+-------------------------+
|                    2132 |
+-------------------------+
1 row in set (0.00 sec)

+----------------------------+
| rep_activenumberavgMahe_pv |
+----------------------------+
|                         53 |
+----------------------------+
1 row in set (0.00 sec)

Query OK, 0 rows affected (0.00 sec)

Query OK, 1362 rows affected (0.15 sec)
Records: 1362  Duplicates: 0  Warnings: 0

Query OK, 0 rows affected (0.00 sec)

Query OK, 0 rows affected (0.00 sec)

Query OK, 0 rows affected (0.01 sec)

Query OK, 0 rows affected (0.00 sec)

Query OK, 0 rows affected (0.00 sec)
Statement prepared

Query OK, 40 rows affected (0.03 sec)
Records: 40  Duplicates: 0  Warnings: 0

Query OK, 0 rows affected (0.00 sec)

Query OK, 0 rows affected (0.00 sec)

+----------------------------+
| rep_activenumberavgPraslin |
+----------------------------+
|                       1362 |
+----------------------------+
1 row in set (0.00 sec)

+-------------------------------+
| rep_activenumberavgPraslin_pv |
+-------------------------------+
|                            40 |
+-------------------------------+
1 row in set (0.00 sec)

mysql> mysql \. C:\workspace\cloud\code\sql\_DailyScript\currenttime.sql
+---------------------+
| currenttime         |
+---------------------+
| 2020-08-20 10:03:27 |
+---------------------+
1 row in set (0.00 sec)

mysql> 
mysql> mysql \. C:\workspace\cloud\code\sql\_DailyScript\budget_actual_analysis_2020.sql
Query OK, 0 rows affected (0.01 sec)

Query OK, 881 rows affected, 3 warnings (0.18 sec)
Records: 881  Duplicates: 0  Warnings: 3

+--------------------+
| budget_actual_2020 |
+--------------------+
|                881 |
+--------------------+
1 row in set (0.00 sec)

Query OK, 0 rows affected (0.01 sec)

Query OK, 48 rows affected (0.04 sec)
Records: 48  Duplicates: 0  Warnings: 0

+---------------------------+
| rep_budget_actual_2020_pv |
+---------------------------+
|                        48 |
+---------------------------+
1 row in set (0.00 sec)

mysql> mysql \. C:\workspace\cloud\code\sql\_DailyScript\currenttime.sql
+---------------------+
| currenttime         |
+---------------------+
| 2020-08-20 10:03:27 |
+---------------------+
1 row in set (0.00 sec)

mysql> 
mysql> mysql \. C:\workspace\cloud\code\sql\_DailyScript\reports-sales-addons-prepaid-camera.sql
Database changed
Query OK, 0 rows affected (0.01 sec)

Query OK, 4131 rows affected (0.20 sec)
Records: 4131  Duplicates: 0  Warnings: 0

Query OK, 0 rows affected (0.01 sec)

Query OK, 20405 rows affected (15.61 sec)
Records: 20405  Duplicates: 0  Warnings: 0

+--------------------+
| rep_prepaid_camera |
+--------------------+
|               4131 |
+--------------------+
1 row in set (0.01 sec)

+-----------+
| rep_addon |
+-----------+
|     20405 |
+-----------+
1 row in set (0.01 sec)

mysql> mysql \. C:\workspace\cloud\code\sql\_DailyScript\currenttime.sql
+---------------------+
| currenttime         |
+---------------------+
| 2020-08-20 10:03:43 |
+---------------------+
1 row in set (0.00 sec)

mysql> 
mysql> mysql \. C:\workspace\cloud\code\sql\_DailyScript\housing-estate-analysis.sql
Database changed
Query OK, 0 rows affected (0.01 sec)

Query OK, 3195 rows affected (54.07 sec)
Records: 3195  Duplicates: 0  Warnings: 0

+--------------------+
| rep_housingestates |
+--------------------+
|               3195 |
+--------------------+
1 row in set (0.00 sec)

mysql> mysql \. C:\workspace\cloud\code\sql\_DailyScript\currenttime.sql
+---------------------+
| currenttime         |
+---------------------+
| 2020-08-20 10:04:37 |
+---------------------+
1 row in set (0.00 sec)

mysql> 
mysql> mysql \. C:\workspace\cloud\code\sql\_DailyScript\RCB_ClientAnalyticsReport_Script.sql
Database changed
Query OK, 0 rows affected (0.00 sec)

Query OK, 0 rows affected (0.06 sec)

Query OK, 1930337 rows affected (1 min 10.40 sec)
Records: 1930337  Duplicates: 0  Warnings: 0

Query OK, 0 rows affected (5.67 sec)
Records: 0  Duplicates: 0  Warnings: 0

Query OK, 0 rows affected (4.59 sec)
Records: 0  Duplicates: 0  Warnings: 0

Query OK, 0 rows affected (7.66 sec)
Records: 0  Duplicates: 0  Warnings: 0

Query OK, 0 rows affected (7.91 sec)
Records: 0  Duplicates: 0  Warnings: 0

Query OK, 0 rows affected (8.62 sec)
Records: 0  Duplicates: 0  Warnings: 0

Query OK, 0 rows affected (7.33 sec)
Records: 0  Duplicates: 0  Warnings: 0

Query OK, 0 rows affected (0.00 sec)

Query OK, 487754 rows affected (15.58 sec)
Rows matched: 1930337  Changed: 487754  Warnings: 0

Query OK, 0 rows affected (0.01 sec)

Query OK, 27798 rows affected (4.23 sec)
Records: 27798  Duplicates: 0  Warnings: 0

Query OK, 0 rows affected (0.01 sec)

Query OK, 43904 rows affected (10 min 8.11 sec)
Records: 43904  Duplicates: 0  Warnings: 0

Query OK, 0 rows affected (0.17 sec)
Records: 0  Duplicates: 0  Warnings: 0

Query OK, 0 rows affected (0.14 sec)
Records: 0  Duplicates: 0  Warnings: 0

Query OK, 0 rows affected (0.08 sec)
Records: 0  Duplicates: 0  Warnings: 0

Query OK, 0 rows affected (0.02 sec)

Query OK, 455545 rows affected (12 min 47.20 sec)
Records: 455545  Duplicates: 0  Warnings: 0

Query OK, 0 rows affected (1.52 sec)
Records: 0  Duplicates: 0  Warnings: 0

Query OK, 0 rows affected (1.49 sec)
Records: 0  Duplicates: 0  Warnings: 0

Query OK, 0 rows affected (0.83 sec)
Records: 0  Duplicates: 0  Warnings: 0

Query OK, 0 rows affected (1.82 sec)
Records: 0  Duplicates: 0  Warnings: 0

Query OK, 0 rows affected (1.12 sec)
Records: 0  Duplicates: 0  Warnings: 0

Query OK, 0 rows affected (0.01 sec)

Query OK, 43904 rows affected (1 min 21.69 sec)
Records: 43904  Duplicates: 0  Warnings: 0

+--------------+
| clientreport |
+--------------+
|        43904 |
+--------------+
1 row in set (0.02 sec)

Query OK, 0 rows affected (0.01 sec)

Query OK, 43904 rows affected (5.56 sec)
Records: 43904  Duplicates: 0  Warnings: 0

+----------------------+
| clientextendedreport |
+----------------------+
|                43904 |
+----------------------+
1 row in set (0.01 sec)

Query OK, 0 rows affected (0.01 sec)

Query OK, 43904 rows affected (50.50 sec)
Records: 43904  Duplicates: 0  Warnings: 0

+---------+
| allcust |
+---------+
|   43904 |
+---------+
1 row in set (0.01 sec)

Query OK, 0 rows affected, 1 warning (0.00 sec)

Query OK, 5000 rows affected (0.13 sec)
Records: 5000  Duplicates: 0  Warnings: 0

Query OK, 0 rows affected (0.01 sec)

Query OK, 6887 rows affected (0.30 sec)
Records: 6887  Duplicates: 0  Warnings: 0

Query OK, 0 rows affected, 1 warning (0.00 sec)

Query OK, 5000 rows affected (0.13 sec)
Records: 5000  Duplicates: 0  Warnings: 0

Query OK, 0 rows affected (0.01 sec)

Query OK, 7255 rows affected (0.17 sec)
Records: 7255  Duplicates: 0  Warnings: 0

mysql> mysql \. C:\workspace\cloud\code\sql\_DailyScript\currenttime.sql
+---------------------+
| currenttime         |
+---------------------+
| 2020-08-20 10:32:10 |
+---------------------+
1 row in set (0.00 sec)

mysql> 
mysql> 
mysql> mysql \. C:\workspace\cloud\code\sql\_DailyScript\REVENUE_PER_NODE_MXK.sql
Query OK, 0 rows affected (0.01 sec)

Query OK, 0 rows affected (0.01 sec)

Query OK, 0 rows affected (0.01 sec)

Query OK, 6451 rows affected (1.98 sec)
Records: 6451  Duplicates: 0  Warnings: 0

+----------------------+
| message              |
+----------------------+
| created temp table a |
+----------------------+
1 row in set (0.00 sec)

Query OK, 6786 rows affected (0.94 sec)
Records: 6786  Duplicates: 0  Warnings: 0

+----------------------+
| message              |
+----------------------+
| created temp table b |
+----------------------+
1 row in set (0.00 sec)

Query OK, 0 rows affected, 1 warning (0.00 sec)

Query OK, 6759 rows affected (13.70 sec)
Records: 6759  Duplicates: 0  Warnings: 0

+--------------------------------+
| message                        |
+--------------------------------+
| created rcbill_my.tempcustmxk1 |
+--------------------------------+
1 row in set (0.00 sec)

Query OK, 0 rows affected (0.00 sec)

Query OK, 0 rows affected (0.00 sec)

Query OK, 0 rows affected, 1 warning (0.00 sec)

Query OK, 6451 rows affected (1.38 sec)
Records: 6451  Duplicates: 0  Warnings: 0

+----------------+
| message        |
+----------------+
| created temp a |
+----------------+
1 row in set (0.00 sec)

Query OK, 6786 rows affected (0.81 sec)
Records: 6786  Duplicates: 0  Warnings: 0

+----------------+
| message        |
+----------------+
| created temp b |
+----------------+
1 row in set (0.00 sec)

Query OK, 0 rows affected, 1 warning (0.00 sec)

Query OK, 6882 rows affected (8.96 sec)
Records: 6882  Duplicates: 0  Warnings: 0

+--------------------------------+
| message                        |
+--------------------------------+
| created rcbill_my.tempcustmxk2 |
+--------------------------------+
1 row in set (0.00 sec)

Query OK, 0 rows affected (0.01 sec)

Query OK, 0 rows affected (0.01 sec)

Query OK, 0 rows affected, 1 warning (0.00 sec)

Query OK, 0 rows affected (0.01 sec)

Query OK, 7602 rows affected (0.33 sec)
Records: 7602  Duplicates: 0  Warnings: 0

+---------------------------------+
| message                         |
+---------------------------------+
| created rcbill_my.customers_mxk |
+---------------------------------+
1 row in set (0.00 sec)

Query OK, 0 rows affected (0.00 sec)

Query OK, 0 rows affected (0.00 sec)

Query OK, 14215 rows affected (5.24 sec)
Records: 14215  Duplicates: 0  Warnings: 0

+----------------+
| message        |
+----------------+
| created temp a |
+----------------+
1 row in set (0.00 sec)

Query OK, 19587 rows affected (1.58 sec)
Records: 19587  Duplicates: 0  Warnings: 0

+----------------+
| message        |
+----------------+
| created temp c |
+----------------+
1 row in set (0.00 sec)

Query OK, 0 rows affected, 1 warning (0.00 sec)

Query OK, 27399 rows affected (0.26 sec)
Records: 27399  Duplicates: 0  Warnings: 0

+---------------------------------+
| message                         |
+---------------------------------+
| created rcbill_my.tempcustcmts1 |
+---------------------------------+
1 row in set (0.00 sec)

Query OK, 0 rows affected (0.01 sec)

Query OK, 0 rows affected, 1 warning (0.00 sec)

Query OK, 0 rows affected (0.01 sec)

Query OK, 14215 rows affected (5.37 sec)
Records: 14215  Duplicates: 0  Warnings: 0

+----------------+
| message        |
+----------------+
| created temp a |
+----------------+
1 row in set (0.00 sec)

Query OK, 19587 rows affected (1.47 sec)
Records: 19587  Duplicates: 0  Warnings: 0

+----------------+
| message        |
+----------------+
| created temp c |
+----------------+
1 row in set (0.00 sec)

Query OK, 0 rows affected, 1 warning (0.00 sec)

Query OK, 20286 rows affected (0.30 sec)
Records: 20286  Duplicates: 0  Warnings: 0

+---------------------------------+
| message                         |
+---------------------------------+
| created rcbill_my.tempcustcmts2 |
+---------------------------------+
1 row in set (0.00 sec)

Query OK, 0 rows affected (0.01 sec)

Query OK, 0 rows affected, 1 warning (0.00 sec)

Query OK, 0 rows affected (0.01 sec)

Query OK, 0 rows affected (0.01 sec)

Query OK, 14293 rows affected (0.95 sec)
Records: 14293  Duplicates: 0  Warnings: 0

+----------------------------------+
| message                          |
+----------------------------------+
| created rcbill_my.customers_cmts |
+----------------------------------+
1 row in set (0.00 sec)

Query OK, 0 rows affected (0.01 sec)

Query OK, 0 rows affected (0.01 sec)

Query OK, 0 rows affected (0.01 sec)

Query OK, 18624 rows affected (0.77 sec)
Records: 18624  Duplicates: 0  Warnings: 0

+--------------------------------------+
| message                              |
+--------------------------------------+
| created rcbill_my.customers_cmts_mxk |
+--------------------------------------+
1 row in set (0.00 sec)

Query OK, 482845 rows affected (56.59 sec)
Records: 482845  Duplicates: 0  Warnings: 0

+----------------+
| message        |
+----------------+
| created temp a |
+----------------+
1 row in set (0.00 sec)

Query OK, 0 rows affected (0.04 sec)

Query OK, 483592 rows affected (10.91 sec)
Records: 483592  Duplicates: 0  Warnings: 0

+------------------------------------------------+
| message                                        |
+------------------------------------------------+
| created rcbill_my.customers_contracts_cmts_mxk |
+------------------------------------------------+
1 row in set (0.00 sec)

Query OK, 0 rows affected (0.01 sec)

Query OK, 0 rows affected, 1 warning (0.00 sec)

Query OK, 0 rows affected, 1 warning (0.00 sec)

Query OK, 0 rows affected (0.00 sec)

Query OK, 8510 rows affected (2.61 sec)
Rows matched: 8510  Changed: 8510  Warnings: 0

+------------------------------------------------+
| message                                        |
+------------------------------------------------+
| updated rcbill_my.customers_contracts_cmts_mxk |
+------------------------------------------------+
1 row in set (0.00 sec)

Query OK, 0 rows affected (0.05 sec)

Query OK, 1937086 rows affected (3 min 43.96 sec)
Records: 1937086  Duplicates: 0  Warnings: 0

+----------------------------------------+
| message                                |
+----------------------------------------+
| created rcbill_my.customers_collection |
+----------------------------------------+
1 row in set (0.00 sec)

Query OK, 0 rows affected (0.03 sec)

Query OK, 2237264 rows affected (1 min 45.65 sec)
Records: 2237264  Duplicates: 0  Warnings: 0

+------------------------------------------------+
| message                                        |
+------------------------------------------------+
| created rcbill_my.customers_cmts_mxk_cont_coll |
+------------------------------------------------+
1 row in set (0.00 sec)

Query OK, 0 rows affected (0.02 sec)

Query OK, 441443 rows affected (2 min 10.47 sec)
Records: 441443  Duplicates: 0  Warnings: 0

+--------------------------------------------------------+
| message                                                |
+--------------------------------------------------------+
| created rcbill_my.customers_contracts_collection_pivot |
+--------------------------------------------------------+
1 row in set (0.00 sec)

Query OK, 0 rows affected (0.01 sec)

Query OK, 39968 rows affected (2 min 18.48 sec)
Records: 39968  Duplicates: 0  Warnings: 0

+----------------------------------------------+
| message                                      |
+----------------------------------------------+
| created rcbill_my.customers_collection_pivot |
+----------------------------------------------+
1 row in set (0.00 sec)

Query OK, 0 rows affected (0.01 sec)

Query OK, 43904 rows affected (2.11 sec)
Records: 43904  Duplicates: 0  Warnings: 0

+--------------------------------------------+
| message                                    |
+--------------------------------------------+
| created rcbill_my.rep_customers_collection |
+--------------------------------------------+
1 row in set (0.00 sec)

Query OK, 0 rows affected (0.00 sec)

Query OK, 0 rows affected, 1 warning (0.00 sec)

Query OK, 449310 rows affected (13.56 sec)
Records: 449310  Duplicates: 0  Warnings: 0

+-------------------------+
| message                 |
+-------------------------+
| created rcbill_my.tempa |
+-------------------------+
1 row in set (0.00 sec)

Query OK, 0 rows affected, 1 warning (0.00 sec)

Query OK, 441443 rows affected (19.13 sec)
Records: 441443  Duplicates: 0  Warnings: 0

+-------------------------+
| message                 |
+-------------------------+
| created rcbill_my.tempb |
+-------------------------+
1 row in set (0.00 sec)

Query OK, 449310 rows affected (20.54 sec)
Records: 449310  Duplicates: 0  Warnings: 0

+-----------+
| message   |
+-----------+
| created a |
+-----------+
1 row in set (0.00 sec)

Query OK, 441453 rows affected (21.03 sec)
Records: 441453  Duplicates: 0  Warnings: 0

+-----------+
| message   |
+-----------+
| created b |
+-----------+
1 row in set (0.00 sec)

Query OK, 0 rows affected (0.02 sec)

Query OK, 0 rows affected (0.02 sec)

Query OK, 0 rows affected (0.03 sec)

Query OK, 485746 rows affected (52.27 sec)
Records: 485746  Duplicates: 0  Warnings: 0

+----------------------------------------------+
| message                                      |
+----------------------------------------------+
| created rcbill_my.cust_cont_payment_cmts_mxk |
+----------------------------------------------+
1 row in set (0.00 sec)

Query OK, 0 rows affected (0.02 sec)

Query OK, 0 rows affected (0.02 sec)

Query OK, 0 rows affected, 1 warning (0.00 sec)

Query OK, 0 rows affected (0.01 sec)

Query OK, 43904 rows affected (17.18 sec)
Records: 43904  Duplicates: 0  Warnings: 0

+--------------------------------------------------+
| message                                          |
+--------------------------------------------------+
| created rcbill_my.rep_cust_cont_payment_cmts_mxk |
+--------------------------------------------------+
1 row in set (0.00 sec)

Query OK, 0 rows affected, 1 warning (0.00 sec)

Query OK, 0 rows affected, 1 warning (0.00 sec)

Query OK, 0 rows affected (0.01 sec)

Query OK, 43904 rows affected, 5 warnings (7.75 sec)
Records: 43904  Duplicates: 0  Warnings: 5

+----------------------+
| rep_custconsolidated |
+----------------------+
|                43904 |
+----------------------+
1 row in set (0.48 sec)

Query OK, 0 rows affected (0.01 sec)

+------------------------------------+
| message                            |
+------------------------------------+
| creating rcbill_my.rep_custextract |
+------------------------------------+
1 row in set (0.00 sec)

Query OK, 43904 rows affected (1.19 sec)
Records: 43904  Duplicates: 0  Warnings: 0

+-----------------+
| rep_custextract |
+-----------------+
|           43904 |
+-----------------+
1 row in set (0.01 sec)

Query OK, 0 rows affected (0.00 sec)

Query OK, 0 rows affected (0.01 sec)

+----------------------------------------------+
| message                                      |
+----------------------------------------------+
| creating rcbill_my.retentioncustomeractivity |
+----------------------------------------------+
1 row in set (0.00 sec)

Query OK, 869 rows affected (0.09 sec)
Records: 869  Duplicates: 0  Warnings: 0

+---------------------------+
| retentioncustomeractivity |
+---------------------------+
|                       869 |
+---------------------------+
1 row in set (0.00 sec)

+-----------+------------------------------------+------------+-------------+-----------------+------------------+---------------------+-------------------+
| HFC_NODE  | NODENAME                           | CMTS_DATE  | INSERTED_ON | UNIQUE_ACCOUNTS | UNIQUE_CONTRACTS | UNIQUE_MAC_INRCBOSS | UNIQUE_MAC_INCMTS |
+-----------+------------------------------------+------------+-------------+-----------------+------------------+---------------------+-------------------+
| NULL      | NULL                               | NULL       | 2020-08-20  |            6706 |             7067 |                7111 |                 0 |
| C5/0/0/U0 | ANSE-BOILEAU-2                     | 2020-07-27 | 2020-08-20  |             186 |              190 |                 186 |               188 |
| C5/0/0/U1 | 500-C3-ANSE-BOILEAU                | 2020-07-27 | 2020-08-20  |             190 |              194 |                 190 |               191 |
| C5/0/1/U0 | 501-C4-LA-MISIERE-LEFT-I           | 2020-07-27 | 2020-08-20  |             161 |              167 |                 161 |               161 |
| C5/0/1/U1 | 501-C5-LA-MISIERE-RIGHT            | 2020-07-27 | 2020-08-20  |             110 |              113 |                 111 |               115 |
| C5/0/1/U2 | 501-C7-LA-MISIERE-LEFT-II          | 2020-07-27 | 2020-08-20  |             160 |              163 |                 160 |               161 |
| C5/0/2/U0 | 502-C8-LA-LOUISE                   | 2020-07-27 | 2020-08-20  |             148 |              148 |                 148 |               151 |
| C5/0/2/U1 | LA-LOUISE-2                        | 2020-07-27 | 2020-08-20  |             145 |              147 |                 145 |               146 |
| C5/0/3/U0 | 504-C6-PETIT-PARIS                 | 2020-07-27 | 2020-08-20  |             161 |              164 |                 161 |               163 |
| C5/0/3/U1 | PETIT-PARIS-23                     | 2020-07-27 | 2020-08-20  |              80 |               82 |                  80 |                80 |
| C5/0/4/U0 | FOUR-SEASONS                       | 2020-07-27 | 2020-08-20  |               4 |                4 |                   4 |                 4 |
| C5/0/4/U1 | ANCHOR-CAFE-I                      | 2020-07-27 | 2020-08-20  |             148 |              152 |                 148 |               149 |
| C5/0/4/U2 | ANCHOR-CAFE-II                     | 2020-07-27 | 2020-08-20  |             157 |              158 |                 157 |               158 |
| C5/1/0/U0 | POINTE-LARUE-AIRPORT-23            | 2020-07-27 | 2020-08-20  |             102 |              105 |                 103 |               109 |
| C5/1/0/U1 | PPROVIDENCE-23                     | 2020-07-27 | 2020-08-20  |              20 |               22 |                  20 |                20 |
| C5/1/0/U2 | ROSHE-CAIMAN-23                    | 2020-07-27 | 2020-08-20  |              10 |               10 |                  10 |                10 |
| C5/1/0/U3 | HEAD-OFFICE | HO-23                | 2020-07-27 | 2020-08-20  |              22 |               22 |                  22 |                23 |
| C5/1/1/U1 | C5-UNION-VALE                      | 2020-07-27 | 2020-08-20  |             197 |              200 |                 197 |               198 |
| C5/1/3/U0 | POINTE-LARUE-AIRPORT-27            | 2020-07-27 | 2020-08-20  |             150 |              155 |                 150 |               153 |
| C5/1/3/U1 | PPROVIDENCE-27                     | 2020-07-27 | 2020-08-20  |              24 |               24 |                  24 |                24 |
| C5/1/3/U2 | ROSHE-CAIMAN-27                    | 2020-07-27 | 2020-08-20  |              30 |               31 |                  30 |                30 |
| C5/1/3/U3 | HEAD-OFFICE | HO-27                | 2020-07-27 | 2020-08-20  |              19 |               20 |                  19 |                19 |
| C5/1/4/U0 | ANSE-ROYALE-27                     | 2020-07-27 | 2020-08-20  |             102 |              104 |                 102 |               102 |
| C5/1/4/U1 | GLACIS-2-57                        | 2020-07-27 | 2020-08-20  |              59 |               64 |                  59 |                60 |
| C5/1/4/U2 | NULL                               | 2020-07-27 | 2020-08-20  |             102 |              104 |                 102 |               104 |
| C5/1/4/U3 | GLACIS-1                           | 2020-07-27 | 2020-08-20  |              47 |               49 |                  47 |                48 |
| C6/0/1/U0 | SERRET-ROAD-RIGHT/CURIO/PASCAL     | 2020-07-27 | 2020-08-20  |             133 |              136 |                 133 |               134 |
| C6/0/1/U1 | SERRET-ROAD-LEFT/ST.LOUIS/TOWN     | 2020-07-27 | 2020-08-20  |             110 |              116 |                 111 |               112 |
| C6/0/1/U2 | SERRET-ROAD-RIGHT/CURIO/PASCAL-2   | 2020-07-27 | 2020-08-20  |             125 |              126 |                 125 |               125 |
| C6/0/1/U3 | SERRET-ROAD-LEFT/ST.LOUIS/TOWN-2   | 2020-07-27 | 2020-08-20  |             107 |              111 |                 107 |               109 |
| C6/0/2/U0 | SANS-SOUCIS-I                      | 2020-07-27 | 2020-08-20  |             111 |              112 |                 109 |               110 |
| C6/0/2/U1 | SANS-SOUCIS-II                     | 2020-07-27 | 2020-08-20  |             105 |              108 |                 105 |               107 |
| C6/0/2/U2 | BEL-AIR-27                         | 2020-07-27 | 2020-08-20  |             118 |              125 |                 118 |               121 |
| C6/0/2/U3 | BEL-AIR-38                         | 2020-07-27 | 2020-08-20  |              76 |               77 |                  76 |                76 |
| C6/0/3/U0 | LES-MAMELLES-23                    | 2020-07-27 | 2020-08-20  |              75 |               75 |                  75 |                76 |
| C6/0/3/U1 | VICTORIA-23                        | 2020-07-27 | 2020-08-20  |               9 |                9 |                   9 |                12 |
| C6/0/4/U0 | LES-MAMELLES-27                    | 2020-07-27 | 2020-08-20  |              82 |               82 |                  82 |                83 |
| C6/0/4/U1 | VICTORIA-27                        | 2020-07-27 | 2020-08-20  |              34 |               35 |                  35 |                36 |
| C7/1/0/U0 | LA-RETRAITE-23                     | 2020-07-27 | 2020-08-20  |             100 |              104 |                 101 |               102 |
| C7/1/0/U1 | TEA-FACTORY-23                     | 2020-07-27 | 2020-08-20  |              18 |               21 |                  20 |                22 |
| C7/1/0/U2 | PAS-23                             | 2020-07-27 | 2020-08-20  |              84 |               87 |                  84 |                87 |
| C7/1/1/U0 | REEF-ESTATE-23                     | 2020-07-27 | 2020-08-20  |              82 |               84 |                  82 |                83 |
| C7/1/2/U0 | LA-RETRAITE-27                     | 2020-07-27 | 2020-08-20  |              81 |               82 |                  81 |                84 |
| C7/1/2/U1 | TEA-FACTORY-27                     | 2020-07-27 | 2020-08-20  |              35 |               43 |                  36 |                37 |
| C7/1/2/U2 | PAS-27                             | 2020-07-27 | 2020-08-20  |             109 |              111 |                 109 |               110 |
| C7/1/3/U0 | MT-BUXTON-27                       | 2020-07-27 | 2020-08-20  |             165 |              167 |                 165 |               166 |
| C7/1/3/U1 | MT-BUXTON-23                       | 2020-07-27 | 2020-08-20  |              75 |               78 |                  76 |                76 |
| C7/1/4/U0 | REEF-ESTATE-27                     | 2020-07-27 | 2020-08-20  |              98 |               99 |                  98 |                99 |
| C8/0/0/U0 | POLICE-ACADEMY-1-27 - POINTE LARUE | 2020-07-27 | 2020-08-20  |             219 |              220 |                 219 |               219 |
| C8/0/0/U1 | NULL                               | 2020-07-27 | 2020-08-20  |             100 |              104 |                 100 |               103 |
| C8/0/1/U0 | NULL                               | 2020-07-27 | 2020-08-20  |             196 |              198 |                 195 |               196 |
| C8/0/1/U1 | POLICE-ACADEMY-2-27 - TURTLE BAY   | 2020-07-27 | 2020-08-20  |             160 |              164 |                 161 |               161 |
| C8/0/2/U0 | BEAU-VALLON-LEFT-1-57              | 2020-07-27 | 2020-08-20  |              29 |               29 |                  29 |                29 |
| C8/0/3/U1 | BEAU-VALLON-RIGHT-2-57             | 2020-07-27 | 2020-08-20  |              54 |               58 |                  54 |                54 |
| C8/1/0/U0 | MA-JOIE-NODE-27                    | 2020-07-27 | 2020-08-20  |              97 |               97 |                  97 |                97 |
| C8/1/0/U1 | BELONIE-27                         | 2020-07-27 | 2020-08-20  |             148 |              150 |                 147 |               150 |
| C8/1/0/U3 | MA-JOIE-NODE-23                    | 2020-07-27 | 2020-08-20  |             105 |              106 |                 104 |               105 |
| C8/1/1/U0 | 611-C1-ROJN I                      | 2020-07-27 | 2020-08-20  |             115 |              115 |                 115 |               115 |
| C8/1/1/U1 | 611-C5-ROJN II                     | 2020-07-27 | 2020-08-20  |             136 |              138 |                 136 |               136 |
| C8/1/2/U0 | 612-C2-ANSE-ETOILE                 | 2020-07-27 | 2020-08-20  |             132 |              132 |                 132 |               132 |
| C8/1/2/U1 | ANSE-ETOILE-U2                     | 2020-07-27 | 2020-08-20  |              72 |               74 |                  72 |                73 |
| C8/1/3/U0 | 613-C3-ANSE-GAULETTE I             | 2020-07-27 | 2020-08-20  |              73 |               77 |                  73 |                74 |
| C8/1/3/U1 | 613-C7-ANSE-GAULETTE II            | 2020-07-27 | 2020-08-20  |              69 |               73 |                  69 |                69 |
| C8/1/3/U2 | 613-C3-ANSE-GAULETTE III           | 2020-07-27 | 2020-08-20  |              33 |               36 |                  33 |                35 |
| C8/1/3/U3 | TAKAMAKA I                         | 2020-07-27 | 2020-08-20  |             100 |              103 |                 100 |               101 |
| C8/1/3/U4 | TAKAMAKA II                        | 2020-07-27 | 2020-08-20  |             102 |              104 |                 102 |               102 |
| C8/1/4/U0 | 614-BEOLIERE-NODE-1                | 2020-07-27 | 2020-08-20  |             123 |              129 |                 124 |               126 |
| C8/1/4/U1 | 614-BEOLIERE-NODE-2                | 2020-07-27 | 2020-08-20  |             102 |              102 |                 102 |               104 |
+-----------+------------------------------------+------------+-------------+-----------------+------------------+---------------------+-------------------+
68 rows in set (0.17 sec)

+-----------------------+------------+-------------+-----------------+------------------+----------------------+-------------------+
| MXK_NAME              | MXK_DATE   | INSERTED_ON | UNIQUE_ACCOUNTS | UNIQUE_CONTRACTS | UNIQUE_FSAN_INRCBOSS | UNIQUE_FSAN_INMXK |
+-----------------------+------------+-------------+-----------------+------------------+----------------------+-------------------+
| NULL                  | NULL       | 2020-08-20  |             707 |              717 |                  706 |                 0 |
| MXK-MAHE-ANSEETOILE   | 2020-07-27 | 2020-08-20  |             378 |              382 |                  381 |               398 |
| MXK-MAHE-ANSEROYALE   | 2020-07-27 | 2020-08-20  |             174 |              174 |                  173 |               198 |
| MXK-MAHE-BEAUVALLON-1 | 2020-07-27 | 2020-08-20  |            1810 |             1833 |                 1824 |              1919 |
| MXK-MAHE-BEAUVALLON-2 | 2020-07-27 | 2020-08-20  |              27 |               27 |                   27 |                30 |
| MXK-MAHE-PERSEVERANCE | 2020-07-27 | 2020-08-20  |            1060 |             1071 |                 1072 |              1241 |
| MXK-MAHE-PROVIDENCE   | 2020-07-27 | 2020-08-20  |             989 |             1017 |                  949 |              1192 |
| MXK-PRASLIN-GRANDANSE | 2020-07-27 | 2020-08-20  |            1299 |             1303 |                 1296 |              1514 |
+-----------------------+------------+-------------+-----------------+------------------+----------------------+-------------------+
8 rows in set (0.07 sec)

mysql> mysql \. C:\workspace\cloud\code\sql\_DailyScript\currenttime.sql
+---------------------+
| currenttime         |
+---------------------+
| 2020-08-20 10:46:39 |
+---------------------+
1 row in set (0.00 sec)

mysql> 
mysql> 
mysql> mysql \. C:\workspace\cloud\code\sql\Analysis\service_tickets_assignments.sql
Query OK, 0 rows affected (0.02 sec)

Query OK, 72640 rows affected (12.59 sec)
Records: 72640  Duplicates: 0  Warnings: 0

+-------------------------+
| rep_servicetickets_2020 |
+-------------------------+
|                   72640 |
+-------------------------+
1 row in set (2.05 sec)

mysql> mysql \. C:\workspace\cloud\code\sql\_DailyScript\currenttime.sql
+---------------------+
| currenttime         |
+---------------------+
| 2020-08-20 10:46:54 |
+---------------------+
1 row in set (0.00 sec)

mysql> 
mysql> 
mysql> exit
