    -> 
    -> mysql \. C:\workspace\cloud\code\sql\_DailyScript\_setdates.sql
Database changed
Query OK, 0 rows affected (0.00 sec)

Query OK, 0 rows affected (0.00 sec)

Query OK, 0 rows affected (0.00 sec)

Query OK, 0 rows affected (0.00 sec)

Query OK, 0 rows affected (0.00 sec)

Query OK, 0 rows affected (0.00 sec)

Query OK, 0 rows affected (0.00 sec)

Query OK, 0 rows affected (0.00 sec)

Query OK, 0 rows affected (0.00 sec)

Query OK, 0 rows affected (0.00 sec)

Query OK, 0 rows affected (0.00 sec)

Query OK, 0 rows affected (0.00 sec)

Query OK, 0 rows affected (0.00 sec)

Query OK, 0 rows affected (0.00 sec)

Query OK, 0 rows affected (0.00 sec)

Query OK, 0 rows affected (0.00 sec)

Query OK, 0 rows affected (0.00 sec)

Query OK, 0 rows affected (0.00 sec)

Query OK, 0 rows affected (0.00 sec)

Query OK, 0 rows affected (0.00 sec)

Query OK, 0 rows affected (0.00 sec)

mysql> mysql \. C:\workspace\cloud\code\sql\_DailyScript\currenttime.sql
+---------------------+
| currenttime         |
+---------------------+
| 2020-11-30 09:01:48 |
+---------------------+
1 row in set (0.00 sec)

mysql> 
mysql> mysql \. C:\workspace\cloud\code\sql\_DailyScript\load_RCB_VODTITLES.sql
Database changed
Query OK, 0 rows affected (0.00 sec)

Query OK, 13398 rows affected (0.16 sec)

Query OK, 13400 rows affected, 13400 warnings (0.36 sec)
Records: 13400  Deleted: 0  Skipped: 0  Warnings: 13400

Query OK, 0 rows affected (0.00 sec)

Query OK, 2 rows affected (0.01 sec)

+-----------+
| VODTITLES |
+-----------+
|     13858 |
+-----------+
1 row in set (0.01 sec)

+-----------+-----------+
| titletype | typecount |
+-----------+-----------+
| E         |     11257 |
| N         |       236 |
| T         |      1905 |
| NULL      |     13398 |
+-----------+-----------+
4 rows in set (0.04 sec)

mysql> mysql \. C:\workspace\cloud\code\sql\_DailyScript\currenttime.sql
+---------------------+
| currenttime         |
+---------------------+
| 2020-11-30 09:01:49 |
+---------------------+
1 row in set (0.00 sec)

mysql> 
mysql> mysql \. C:\workspace\cloud\code\sql\_DailyScript\DAILY-SCRIPT-LIVETV-STATS.sql
Database changed
Query OK, 0 rows affected (0.01 sec)

Query OK, 98520 rows affected (1.04 sec)
Records: 98520  Duplicates: 0  Warnings: 0

+------------+------------+----------+--------------+--------------+-----------+-------------+----------+--------+------+------------+---------+---------------+
| Table      | Non_unique | Key_name | Seq_in_index | Column_name  | Collation | Cardinality | Sub_part | Packed | Null | Index_type | Comment | Index_comment |
+------------+------------+----------+--------------+--------------+-----------+-------------+----------+--------+------+------------+---------+---------------+
| templivetv |          1 | idxtv1   |            1 | device       | A         |       98278 |     NULL | NULL   | YES  | BTREE      |         |               |
| templivetv |          1 | idxtv2   |            1 | sessionstart | A         |       98278 |     NULL | NULL   | YES  | BTREE      |         |               |
+------------+------------+----------+--------------+--------------+-----------+-------------+----------+--------+------+------------+---------+---------------+
2 rows in set (0.00 sec)

Query OK, 98248 rows affected (13.35 sec)
Records: 98248  Duplicates: 0  Warnings: 0

Query OK, 2792 rows affected (0.64 sec)
Records: 2792  Duplicates: 0  Warnings: 0

Query OK, 0 rows affected (0.00 sec)

Query OK, 0 rows affected (0.00 sec)

Query OK, 136 rows affected (0.06 sec)
Records: 136  Duplicates: 0  Warnings: 0

Query OK, 0 rows affected (0.01 sec)

Query OK, 44721 rows affected (2 min 9.11 sec)
Records: 44721  Duplicates: 0  Warnings: 0

+-----------------+
| rep_livetvstats |
+-----------------+
|           44721 |
+-----------------+
1 row in set (0.01 sec)

mysql> mysql \. C:\workspace\cloud\code\sql\_DailyScript\currenttime.sql
+---------------------+
| currenttime         |
+---------------------+
| 2020-11-30 09:04:13 |
+---------------------+
1 row in set (0.00 sec)

mysql> 
mysql> mysql \. C:\workspace\cloud\code\sql\_DailyScript\DAILY-SCRIPT-VODTS-STATS.sql
Database changed
Query OK, 0 rows affected (0.01 sec)

Query OK, 3857 rows affected (14.50 sec)
Records: 3857  Duplicates: 0  Warnings: 0

+---------+------------+----------+--------------+--------------+-----------+-------------+----------+--------+------+------------+---------+---------------+
| Table   | Non_unique | Key_name | Seq_in_index | Column_name  | Collation | Cardinality | Sub_part | Packed | Null | Index_type | Comment | Index_comment |
+---------+------------+----------+--------------+--------------+-----------+-------------+----------+--------+------+------------+---------+---------------+
| tempvod |          1 | idxtvod1 |            1 | device       | A         |        3501 |     NULL | NULL   | YES  | BTREE      |         |               |
| tempvod |          1 | idxtvod2 |            1 | sessionstart | A         |        3501 |     NULL | NULL   | YES  | BTREE      |         |               |
+---------+------------+----------+--------------+--------------+-----------+-------------+----------+--------+------+------------+---------+---------------+
2 rows in set (0.00 sec)

Query OK, 3844 rows affected (2.84 sec)
Records: 3844  Duplicates: 0  Warnings: 0

Query OK, 0 rows affected (0.01 sec)

Query OK, 889581 rows affected (1 min 10.63 sec)
Records: 889581  Duplicates: 0  Warnings: 0

+--------------+
| rep_vodstats |
+--------------+
|       889581 |
+--------------+
1 row in set (0.26 sec)

Database changed
Query OK, 0 rows affected (0.01 sec)

Query OK, 18757 rows affected (40.70 sec)
Records: 18757  Duplicates: 0  Warnings: 0

+--------+------------+----------+--------------+--------------+-----------+-------------+----------+--------+------+------------+---------+---------------+
| Table  | Non_unique | Key_name | Seq_in_index | Column_name  | Collation | Cardinality | Sub_part | Packed | Null | Index_type | Comment | Index_comment |
+--------+------------+----------+--------------+--------------+-----------+-------------+----------+--------+------+------------+---------+---------------+
| tempts |          1 | idxtts1  |            1 | device       | A         |       19000 |     NULL | NULL   | YES  | BTREE      |         |               |
| tempts |          1 | idxtts2  |            1 | sessionstart | A         |       19000 |     NULL | NULL   | YES  | BTREE      |         |               |
+--------+------------+----------+--------------+--------------+-----------+-------------+----------+--------+------+------------+---------+---------------+
2 rows in set (0.00 sec)

Query OK, 18647 rows affected (12.88 sec)
Records: 18647  Duplicates: 0  Warnings: 0

Query OK, 0 rows affected (0.01 sec)

Query OK, 41515 rows affected (39.92 sec)
Records: 41515  Duplicates: 0  Warnings: 0

+-------------+
| rep_tsstats |
+-------------+
|       41515 |
+-------------+
1 row in set (0.01 sec)

mysql> mysql \. C:\workspace\cloud\code\sql\_DailyScript\currenttime.sql
+---------------------+
| currenttime         |
+---------------------+
| 2020-11-30 09:07:15 |
+---------------------+
1 row in set (0.00 sec)

mysql> 
mysql> mysql \. C:\workspace\cloud\code\sql\_DailyScript\DAILY-SCRIPT-RADIO-STATS.sql
Database changed
Query OK, 0 rows affected (0.03 sec)

Query OK, 327742 rows affected (3.65 sec)
Records: 327742  Duplicates: 0  Warnings: 0

+-----------+------------+----------+--------------+--------------+-----------+-------------+----------+--------+------+------------+---------+---------------+
| Table     | Non_unique | Key_name | Seq_in_index | Column_name  | Collation | Cardinality | Sub_part | Packed | Null | Index_type | Comment | Index_comment |
+-----------+------------+----------+--------------+--------------+-----------+-------------+----------+--------+------+------------+---------+---------------+
| tempradio |          1 | idxtrad1 |            1 | device       | A         |      322051 |     NULL | NULL   | YES  | BTREE      |         |               |
| tempradio |          1 | idxtrad2 |            1 | sessionstart | A         |      322051 |     NULL | NULL   | YES  | BTREE      |         |               |
+-----------+------------+----------+--------------+--------------+-----------+-------------+----------+--------+------+------------+---------+---------------+
2 rows in set (0.00 sec)

Query OK, 300 rows affected (1.36 sec)
Records: 300  Duplicates: 0  Warnings: 0

Query OK, 0 rows affected (0.01 sec)

Query OK, 5568 rows affected (0.44 sec)
Records: 5568  Duplicates: 0  Warnings: 0

+----------------+
| rep_radiostats |
+----------------+
|           5568 |
+----------------+
1 row in set (0.00 sec)

mysql> mysql \. C:\workspace\cloud\code\sql\_DailyScript\currenttime.sql
+---------------------+
| currenttime         |
+---------------------+
| 2020-11-30 09:07:20 |
+---------------------+
1 row in set (0.00 sec)

mysql> 
mysql> mysql \. C:\workspace\cloud\code\sql\_DailyScript\DAILY_SCRIPT_TELEMETRY_PIVOT_2020.sql
Query OK, 0 rows affected (0.01 sec)

Query OK, 146 rows affected (0.18 sec)
Records: 146  Duplicates: 0  Warnings: 0

Query OK, 0 rows affected (0.01 sec)

Query OK, 11121 rows affected (2.78 sec)
Records: 11121  Duplicates: 0  Warnings: 0

Query OK, 0 rows affected (0.01 sec)

Query OK, 8 rows affected (0.04 sec)
Records: 8  Duplicates: 0  Warnings: 0

Query OK, 0 rows affected (0.01 sec)

Query OK, 47 rows affected (0.07 sec)
Records: 47  Duplicates: 0  Warnings: 0

mysql> mysql \. C:\workspace\cloud\code\sql\_DailyScript\currenttime.sql
+---------------------+
| currenttime         |
+---------------------+
| 2020-11-30 09:07:24 |
+---------------------+
1 row in set (0.00 sec)

mysql> 
mysql> mysql \. C:\workspace\cloud\code\sql\_DailyScript\telemetry_livetv_ranking2020.sql
Query OK, 0 rows affected (0.01 sec)

Query OK, 146 rows affected (0.02 sec)
Records: 146  Duplicates: 0  Warnings: 0

mysql> mysql \. C:\workspace\cloud\code\sql\_DailyScript\currenttime.sql
+---------------------+
| currenttime         |
+---------------------+
| 2020-11-30 09:07:24 |
+---------------------+
1 row in set (0.00 sec)

mysql> 
mysql> mysql \. C:\workspace\cloud\code\sql\_DailyScript\telemetry_radio_ranking2020.sql
Query OK, 0 rows affected (0.01 sec)

Query OK, 8 rows affected (0.01 sec)
Records: 8  Duplicates: 0  Warnings: 0

mysql> mysql \. C:\workspace\cloud\code\sql\_DailyScript\currenttime.sql
+---------------------+
| currenttime         |
+---------------------+
| 2020-11-30 09:07:24 |
+---------------------+
1 row in set (0.00 sec)

mysql> 
mysql> mysql \. C:\workspace\cloud\code\sql\_DailyScript\telemetry_ts_ranking2020.sql
Query OK, 0 rows affected (0.01 sec)

Query OK, 47 rows affected (0.01 sec)
Records: 47  Duplicates: 0  Warnings: 0

mysql> mysql \. C:\workspace\cloud\code\sql\_DailyScript\currenttime.sql
+---------------------+
| currenttime         |
+---------------------+
| 2020-11-30 09:07:24 |
+---------------------+
1 row in set (0.00 sec)

mysql> 
mysql> mysql \. C:\workspace\cloud\code\sql\_DailyScript\telemetry_vod_ranking2020.sql
Query OK, 0 rows affected (0.01 sec)

Query OK, 11121 rows affected (0.48 sec)
Records: 11121  Duplicates: 0  Warnings: 0

mysql> mysql \. C:\workspace\cloud\code\sql\_DailyScript\currenttime.sql
+---------------------+
| currenttime         |
+---------------------+
| 2020-11-30 09:07:24 |
+---------------------+
1 row in set (0.00 sec)

mysql> 
mysql> mysql \. C:\workspace\cloud\code\sql\_DailyScript\telemetry_vod_ranking2020_1.sql
Query OK, 0 rows affected (0.01 sec)

Query OK, 11121 rows affected (0.24 sec)
Records: 11121  Duplicates: 0  Warnings: 0

mysql> mysql \. C:\workspace\cloud\code\sql\_DailyScript\currenttime.sql
+---------------------+
| currenttime         |
+---------------------+
| 2020-11-30 09:07:24 |
+---------------------+
1 row in set (0.00 sec)

mysql> 
mysql> mysql \. C:\workspace\cloud\code\sql\_DailyScript\telemetry_vod_ranking2020_2.sql
Query OK, 0 rows affected (0.01 sec)

Query OK, 11121 rows affected (0.23 sec)
Records: 11121  Duplicates: 0  Warnings: 0

mysql> mysql \. C:\workspace\cloud\code\sql\_DailyScript\currenttime.sql
+---------------------+
| currenttime         |
+---------------------+
| 2020-11-30 09:07:25 |
+---------------------+
1 row in set (0.00 sec)

mysql> 
mysql> mysql \. C:\workspace\cloud\code\sql\_DailyScript\DAILY-SCRIPT-CREATE-LOAD.sql
Database changed
Database changed
Query OK, 0 rows affected (0.01 sec)

Query OK, 0 rows affected (0.01 sec)

Database changed
Query OK, 67381 rows affected (2.31 sec)
Records: 67381  Deleted: 0  Skipped: 0  Warnings: 0

Query OK, 0 rows affected (0.13 sec)
Records: 0  Duplicates: 0  Warnings: 0

Query OK, 0 rows affected (0.22 sec)
Records: 0  Duplicates: 0  Warnings: 0

Query OK, 0 rows affected (0.23 sec)
Records: 0  Duplicates: 0  Warnings: 0

Query OK, 0 rows affected (0.21 sec)
Records: 0  Duplicates: 0  Warnings: 0

+---------+
| clients |
+---------+
|   67381 |
+---------+
1 row in set (0.02 sec)

Query OK, 0 rows affected (0.01 sec)

Query OK, 13887 rows affected (6.15 sec)
Records: 13887  Duplicates: 0  Warnings: 0

Query OK, 0 rows affected (0.05 sec)
Records: 0  Duplicates: 0  Warnings: 0

+-------------------+
| rcb_clientparcels |
+-------------------+
|             13887 |
+-------------------+
1 row in set (0.01 sec)

Query OK, 0 rows affected (0.01 sec)

Query OK, 81276 rows affected (3.10 sec)
Records: 81276  Duplicates: 0  Warnings: 0

Query OK, 0 rows affected (0.25 sec)
Records: 0  Duplicates: 0  Warnings: 0

Query OK, 0 rows affected (0.02 sec)

Query OK, 67381 rows affected (35.61 sec)
Records: 67381  Duplicates: 0  Warnings: 0

Query OK, 0 rows affected (0.19 sec)
Records: 0  Duplicates: 0  Warnings: 0

Query OK, 0 rows affected (0.20 sec)
Records: 0  Duplicates: 0  Warnings: 0

Query OK, 0 rows affected (0.16 sec)
Records: 0  Duplicates: 0  Warnings: 0

+---------------+
| clientaddress |
+---------------+
|         67381 |
+---------------+
1 row in set (0.02 sec)

Database changed
Query OK, 0 rows affected (0.05 sec)

Query OK, 0 rows affected (0.01 sec)

Database changed
Query OK, 532309 rows affected, 65535 warnings (15.05 sec)
Records: 532309  Deleted: 0  Skipped: 0  Warnings: 219507

Query OK, 0 rows affected (2.25 sec)
Records: 0  Duplicates: 0  Warnings: 0

Query OK, 0 rows affected (2.26 sec)
Records: 0  Duplicates: 0  Warnings: 0

Query OK, 0 rows affected (1.39 sec)
Records: 0  Duplicates: 0  Warnings: 0

Query OK, 0 rows affected (0.03 sec)

Query OK, 532309 rows affected (40.60 sec)
Records: 532309  Duplicates: 0  Warnings: 0

Query OK, 0 rows affected (1.72 sec)
Records: 0  Duplicates: 0  Warnings: 0

Query OK, 0 rows affected (1.33 sec)
Records: 0  Duplicates: 0  Warnings: 0

+-----------+
| contracts |
+-----------+
|    532309 |
+-----------+
1 row in set (0.16 sec)

+-----------------+
| contractaddress |
+-----------------+
|          532309 |
+-----------------+
1 row in set (0.14 sec)

Database changed
Query OK, 0 rows affected (0.01 sec)

Query OK, 0 rows affected (0.01 sec)

Query OK, 7656 rows affected (0.15 sec)
Records: 7656  Deleted: 0  Skipped: 0  Warnings: 0

Query OK, 0 rows affected (0.01 sec)

Query OK, 7624 rows affected (0.91 sec)
Records: 7624  Duplicates: 0  Warnings: 0

Query OK, 0 rows affected (0.04 sec)
Records: 0  Duplicates: 0  Warnings: 0

Query OK, 0 rows affected (0.05 sec)
Records: 0  Duplicates: 0  Warnings: 0

Query OK, 0 rows affected (0.02 sec)
Records: 0  Duplicates: 0  Warnings: 0

Query OK, 0 rows affected (0.01 sec)

Query OK, 5824 rows affected (0.04 sec)
Records: 5824  Duplicates: 0  Warnings: 0

Query OK, 0 rows affected (0.03 sec)
Records: 0  Duplicates: 0  Warnings: 0

+-------------------+
| contractdiscounts |
+-------------------+
|              7656 |
+-------------------+
1 row in set (0.00 sec)

+-------------------------+
| clientcontractdiscounts |
+-------------------------+
|                    7624 |
+-------------------------+
1 row in set (0.00 sec)

+----------------------------+
| clientcontractlastdiscount |
+----------------------------+
|                       5824 |
+----------------------------+
1 row in set (0.00 sec)

Database changed
Query OK, 0 rows affected (0.04 sec)

Query OK, 0 rows affected (0.01 sec)

Database changed
Query OK, 142531 rows affected, 8 warnings (2.60 sec)
Records: 142531  Deleted: 0  Skipped: 0  Warnings: 8

Query OK, 0 rows affected (0.25 sec)
Records: 0  Duplicates: 0  Warnings: 0

Query OK, 0 rows affected (0.31 sec)
Records: 0  Duplicates: 0  Warnings: 0

Query OK, 0 rows affected (0.26 sec)
Records: 0  Duplicates: 0  Warnings: 0

Query OK, 0 rows affected (0.30 sec)
Records: 0  Duplicates: 0  Warnings: 0

Query OK, 0 rows affected (0.35 sec)
Records: 0  Duplicates: 0  Warnings: 0

Query OK, 0 rows affected (0.51 sec)
Records: 0  Duplicates: 0  Warnings: 0

Query OK, 0 rows affected (0.13 sec)

Query OK, 1810726 rows affected (3 min 49.28 sec)
Records: 1810726  Duplicates: 0  Warnings: 0

Query OK, 0 rows affected (4.66 sec)
Records: 0  Duplicates: 0  Warnings: 0

+---------+
| devices |
+---------+
|  142531 |
+---------+
1 row in set (0.05 sec)

+-----------------------+
| clientcontractdevices |
+-----------------------+
|               1810726 |
+-----------------------+
1 row in set (0.64 sec)

Query OK, 0 rows affected (0.01 sec)

Query OK, 142511 rows affected (5.69 sec)
Records: 142511  Duplicates: 0  Warnings: 0

+---------------------------+
| rep_clientcontractdevices |
+---------------------------+
|                    142511 |
+---------------------------+
1 row in set (0.04 sec)

Database changed
Query OK, 0 rows affected (0.02 sec)

Query OK, 0 rows affected (0.03 sec)

Query OK, 306074 rows affected (6.89 sec)
Records: 306074  Deleted: 0  Skipped: 0  Warnings: 0

Query OK, 0 rows affected (0.69 sec)
Records: 0  Duplicates: 0  Warnings: 0

Query OK, 0 rows affected (0.61 sec)
Records: 0  Duplicates: 0  Warnings: 0

Query OK, 0 rows affected (0.59 sec)
Records: 0  Duplicates: 0  Warnings: 0

Query OK, 0 rows affected (0.57 sec)
Records: 0  Duplicates: 0  Warnings: 0

+---------+
| tickets |
+---------+
|  306074 |
+---------+
1 row in set (0.08 sec)

Database changed
Query OK, 0 rows affected (0.01 sec)

Query OK, 0 rows affected (0.02 sec)

Empty set (0.00 sec)

Query OK, 0 rows affected (0.02 sec)
Records: 0  Duplicates: 0  Warnings: 0

Query OK, 369 rows affected, 2 warnings (0.04 sec)
Records: 369  Deleted: 0  Skipped: 0  Warnings: 2

+-----------------+
| tickettechusers |
+-----------------+
|             369 |
+-----------------+
1 row in set (0.00 sec)

Database changed
Query OK, 0 rows affected (0.01 sec)

Query OK, 0 rows affected (0.01 sec)

Query OK, 0 rows affected (0.01 sec)
Records: 0  Duplicates: 0  Warnings: 0

Query OK, 673109 rows affected, 48240 warnings (10.84 sec)
Records: 673109  Deleted: 0  Skipped: 0  Warnings: 48240

+-------------------+
| ticketassignments |
+-------------------+
|            673109 |
+-------------------+
1 row in set (0.17 sec)

Database changed
Query OK, 0 rows affected (0.03 sec)

Query OK, 0 rows affected (0.01 sec)

Query OK, 1361288 rows affected (15.24 sec)
Records: 1361288  Deleted: 0  Skipped: 0  Warnings: 0

Query OK, 0 rows affected (3.82 sec)
Records: 0  Duplicates: 0  Warnings: 0

Query OK, 0 rows affected (2.92 sec)
Records: 0  Duplicates: 0  Warnings: 0

Query OK, 0 rows affected (2.58 sec)
Records: 0  Duplicates: 0  Warnings: 0

Query OK, 0 rows affected (3.05 sec)
Records: 0  Duplicates: 0  Warnings: 0

+----------------+
| ticketcomments |
+----------------+
|        1361288 |
+----------------+
1 row in set (0.38 sec)

Database changed
Query OK, 0 rows affected (0.01 sec)

Query OK, 0 rows affected (0.01 sec)

Query OK, 467239 rows affected (34.02 sec)
Records: 467239  Deleted: 0  Skipped: 0  Warnings: 0

Query OK, 0 rows affected (2.23 sec)
Records: 0  Duplicates: 0  Warnings: 0

+----------+
| comments |
+----------+
|   467239 |
+----------+
1 row in set (0.14 sec)

Database changed
Query OK, 0 rows affected (0.03 sec)

Query OK, 0 rows affected (0.01 sec)

Query OK, 1491512 rows affected, 65535 warnings (1 min 10.75 sec)
Records: 1491512  Deleted: 0  Skipped: 0  Warnings: 1491547

Query OK, 0 rows affected (4.03 sec)
Records: 0  Duplicates: 0  Warnings: 0

Query OK, 0 rows affected (3.52 sec)
Records: 0  Duplicates: 0  Warnings: 0

Query OK, 0 rows affected (3.49 sec)
Records: 0  Duplicates: 0  Warnings: 0

Query OK, 0 rows affected (3.46 sec)
Records: 0  Duplicates: 0  Warnings: 0

Query OK, 0 rows affected (4.92 sec)
Records: 0  Duplicates: 0  Warnings: 0

+------------+
| devicesold |
+------------+
|    1491512 |
+------------+
1 row in set (0.41 sec)

Database changed
Query OK, 0 rows affected (0.02 sec)

Query OK, 0 rows affected (0.01 sec)

Query OK, 1803892 rows affected (23.74 sec)
Records: 1803892  Deleted: 0  Skipped: 0  Warnings: 0

Query OK, 0 rows affected (4.68 sec)
Records: 0  Duplicates: 0  Warnings: 0

Query OK, 0 rows affected (4.00 sec)
Records: 0  Duplicates: 0  Warnings: 0

Query OK, 0 rows affected (3.95 sec)
Records: 0  Duplicates: 0  Warnings: 0

+------------------+
| contractservices |
+------------------+
|          1803892 |
+------------------+
1 row in set (0.50 sec)

Database changed
Query OK, 0 rows affected (0.07 sec)

Query OK, 0 rows affected (0.01 sec)

Query OK, 4380631 rows affected (1 min 51.24 sec)
Records: 4380631  Deleted: 0  Skipped: 0  Warnings: 0

Query OK, 0 rows affected (11.80 sec)
Records: 0  Duplicates: 0  Warnings: 0

Query OK, 0 rows affected (13.65 sec)
Records: 0  Duplicates: 0  Warnings: 0

Query OK, 0 rows affected (11.17 sec)
Records: 0  Duplicates: 0  Warnings: 0

Query OK, 0 rows affected (11.20 sec)
Records: 0  Duplicates: 0  Warnings: 0

+------------------+
| invoicescontents |
+------------------+
|          4380631 |
+------------------+
1 row in set (1.22 sec)

Database changed
Query OK, 0 rows affected (0.07 sec)

Query OK, 0 rows affected (0.01 sec)

Query OK, 3090035 rows affected (2 min 50.31 sec)
Records: 3090035  Deleted: 0  Skipped: 0  Warnings: 0

Query OK, 0 rows affected (11.97 sec)
Records: 0  Duplicates: 0  Warnings: 0

Query OK, 0 rows affected (12.65 sec)
Records: 0  Duplicates: 0  Warnings: 0

Query OK, 0 rows affected (9.79 sec)
Records: 0  Duplicates: 0  Warnings: 0

Query OK, 0 rows affected (10.77 sec)
Records: 0  Duplicates: 0  Warnings: 0

Query OK, 0 rows affected (10.67 sec)
Records: 0  Duplicates: 0  Warnings: 0

+----------------+
| invoicesheader |
+----------------+
|        3090035 |
+----------------+
1 row in set (0.85 sec)

Database changed
Query OK, 0 rows affected (0.05 sec)

Query OK, 0 rows affected (0.01 sec)

Query OK, 3114207 rows affected (1 min 19.19 sec)
Records: 3114207  Deleted: 0  Skipped: 0  Warnings: 0

Query OK, 0 rows affected (8.71 sec)
Records: 0  Duplicates: 0  Warnings: 0

Query OK, 0 rows affected (7.26 sec)
Records: 0  Duplicates: 0  Warnings: 0

Query OK, 0 rows affected (7.81 sec)
Records: 0  Duplicates: 0  Warnings: 0

Query OK, 0 rows affected (7.48 sec)
Records: 0  Duplicates: 0  Warnings: 0

Query OK, 0 rows affected (9.22 sec)
Records: 0  Duplicates: 0  Warnings: 0

+---------+
| casa    |
+---------+
| 3114207 |
+---------+
1 row in set (0.85 sec)

Query OK, 0 rows affected (0.01 sec)

Query OK, 15237 rows affected (1 min 21.56 sec)
Records: 15237  Duplicates: 0  Warnings: 0

+--------------------+
| rep_paycol_channel |
+--------------------+
|              15237 |
+--------------------+
1 row in set (0.01 sec)

Query OK, 0 rows affected (0.01 sec)

Query OK, 11286 rows affected (1 min 38.65 sec)
Records: 11286  Duplicates: 0  Warnings: 0

+----------------+
| rep_paycol_pos |
+----------------+
|          11286 |
+----------------+
1 row in set (0.01 sec)

Database changed
Query OK, 0 rows affected (0.01 sec)

Query OK, 0 rows affected (0.01 sec)

Database changed
Query OK, 39772 rows affected (0.78 sec)
Records: 39772  Deleted: 0  Skipped: 0  Warnings: 0

+-------+
| users |
+-------+
| 39772 |
+-------+
1 row in set (0.01 sec)

Query OK, 0 rows affected (0.08 sec)
Records: 0  Duplicates: 0  Warnings: 0

Database changed
Query OK, 0 rows affected (0.03 sec)

Query OK, 0 rows affected (0.01 sec)

Query OK, 1872898 rows affected, 2 warnings (27.68 sec)
Records: 1872898  Deleted: 0  Skipped: 0  Warnings: 2

Query OK, 0 rows affected (4.99 sec)
Records: 0  Duplicates: 0  Warnings: 0

Query OK, 0 rows affected (4.51 sec)
Records: 0  Duplicates: 0  Warnings: 0

Query OK, 0 rows affected (4.36 sec)
Records: 0  Duplicates: 0  Warnings: 0

Query OK, 0 rows affected (4.01 sec)
Records: 0  Duplicates: 0  Warnings: 0

Query OK, 0 rows affected (3.91 sec)
Records: 0  Duplicates: 0  Warnings: 0

+-------------+
| useractions |
+-------------+
|     1872898 |
+-------------+
1 row in set (0.51 sec)

Database changed
Query OK, 0 rows affected (0.08 sec)

Query OK, 0 rows affected (0.01 sec)

Database changed
Query OK, 25093170 rows affected (4 min 32.24 sec)
Records: 25093170  Deleted: 0  Skipped: 0  Warnings: 0

Query OK, 0 rows affected (1 min 3.73 sec)
Records: 0  Duplicates: 0  Warnings: 0

Query OK, 0 rows affected (1 min 1.51 sec)
Records: 0  Duplicates: 0  Warnings: 0

Query OK, 0 rows affected (1 min 3.13 sec)
Records: 0  Duplicates: 0  Warnings: 0

Query OK, 0 rows affected (52.77 sec)
Records: 0  Duplicates: 0  Warnings: 0

Query OK, 0 rows affected (1 min 11.06 sec)
Records: 0  Duplicates: 0  Warnings: 0

+----------+
| ipusage1 |
+----------+
| 25093170 |
+----------+
1 row in set (8.02 sec)

Query OK, 0 rows affected (0.03 sec)

Query OK, 1803660 rows affected (53.68 sec)
Records: 1803660  Duplicates: 0  Warnings: 0

Query OK, 0 rows affected (7.74 sec)
Records: 0  Duplicates: 0  Warnings: 0

Query OK, 0 rows affected (3.19 sec)
Records: 0  Duplicates: 0  Warnings: 0

Query OK, 0 rows affected (5.06 sec)
Records: 0  Duplicates: 0  Warnings: 0

+------------------------------+
| contractsservicepackageprice |
+------------------------------+
|                      1803660 |
+------------------------------+
1 row in set (0.50 sec)

Query OK, 0 rows affected (0.04 sec)

Query OK, 1804095 rows affected (2 min 5.63 sec)
Records: 1804095  Duplicates: 0  Warnings: 0

Query OK, 0 rows affected (9.89 sec)
Records: 0  Duplicates: 0  Warnings: 0

Query OK, 0 rows affected (7.97 sec)
Records: 0  Duplicates: 0  Warnings: 0

Query OK, 0 rows affected (4.86 sec)
Records: 0  Duplicates: 0  Warnings: 0

Query OK, 0 rows affected (6.90 sec)
Records: 0  Duplicates: 0  Warnings: 0

+------------------------------------+
| clientcontractsservicepackageprice |
+------------------------------------+
|                            1804095 |
+------------------------------------+
1 row in set (0.49 sec)

mysql> mysql \. C:\workspace\cloud\code\sql\_DailyScript\currenttime.sql
+---------------------+
| currenttime         |
+---------------------+
| 2020-11-30 09:42:55 |
+---------------------+
1 row in set (0.00 sec)

mysql> 
mysql> mysql \. C:\workspace\cloud\code\sql\_DailyScript\ticket_analysis.sql
Database changed
Query OK, 0 rows affected (0.02 sec)

Query OK, 722249 rows affected (23.15 sec)
Records: 722249  Duplicates: 0  Warnings: 0

Query OK, 0 rows affected (4.42 sec)
Records: 0  Duplicates: 0  Warnings: 0

Query OK, 0 rows affected (1.93 sec)
Records: 0  Duplicates: 0  Warnings: 0

Query OK, 0 rows affected (1.88 sec)
Records: 0  Duplicates: 0  Warnings: 0

Query OK, 0 rows affected (0.01 sec)

Query OK, 23115 rows affected (12.35 sec)
Records: 23115  Duplicates: 0  Warnings: 0

Query OK, 0 rows affected, 1 warning (0.00 sec)

Query OK, 102762 rows affected (6.84 sec)
Records: 102762  Duplicates: 0  Warnings: 0

Query OK, 0 rows affected, 1 warning (0.00 sec)

Query OK, 525668 rows affected (15.28 sec)
Records: 525668  Duplicates: 0  Warnings: 0

Query OK, 0 rows affected, 1 warning (0.00 sec)

Query OK, 525668 rows affected (16.64 sec)
Records: 525668  Duplicates: 0  Warnings: 0

Query OK, 0 rows affected (0.02 sec)

Query OK, 102857 rows affected (6.15 sec)
Records: 102857  Duplicates: 0  Warnings: 0

Database changed
Query OK, 0 rows affected (0.00 sec)

Query OK, 0 rows affected (0.03 sec)

Query OK, 722249 rows affected (22.84 sec)
Records: 722249  Duplicates: 0  Warnings: 0

Query OK, 0 rows affected (0.02 sec)

Query OK, 365658 rows affected (15.84 sec)
Records: 365658  Duplicates: 0  Warnings: 0

+--------------------------+
| clientticket_cmmtjourney |
+--------------------------+
|                   722249 |
+--------------------------+
1 row in set (2.11 sec)

+---------------------------+
| clientticket_assgnjourney |
+---------------------------+
|                    365658 |
+---------------------------+
1 row in set (0.40 sec)

Query OK, 0 rows affected (0.01 sec)

Query OK, 77 rows affected (0.09 sec)
Records: 77  Duplicates: 0  Warnings: 0

mysql> mysql \. C:\workspace\cloud\code\sql\_DailyScript\currenttime.sql
+---------------------+
| currenttime         |
+---------------------+
| 2020-11-30 09:45:06 |
+---------------------+
1 row in set (0.00 sec)

mysql> 
mysql> mysql \. C:\workspace\cloud\code\sql\_DailyScript\load_DailyCalls.sql
Database changed
Query OK, 364 rows affected (0.15 sec)
Records: 364  Deleted: 0  Skipped: 0  Warnings: 0

Query OK, 0 rows affected, 1 warning (0.00 sec)

Query OK, 350 rows affected (0.03 sec)
Records: 350  Duplicates: 0  Warnings: 0

Query OK, 0 rows affected, 1 warning (0.00 sec)

Query OK, 68227 rows affected (0.31 sec)
Records: 68227  Duplicates: 0  Warnings: 0

+----------------------+
| callingclientsbefore |
+----------------------+
|              1052457 |
+----------------------+
1 row in set (0.43 sec)

Query OK, 516 rows affected (7.21 sec)
Records: 516  Duplicates: 0  Warnings: 0

+---------------------+
| callingclientsafter |
+---------------------+
|             1052973 |
+---------------------+
1 row in set (0.27 sec)

Query OK, 0 rows affected (0.01 sec)

Query OK, 245 rows affected (3.86 sec)
Records: 245  Duplicates: 0  Warnings: 0

Query OK, 0 rows affected (0.01 sec)

Query OK, 20990 rows affected (3.18 sec)
Records: 20990  Duplicates: 0  Warnings: 0

+-----------+
| callstats |
+-----------+
|     20990 |
+-----------+
1 row in set (0.01 sec)

Query OK, 0 rows affected, 1 warning (0.00 sec)

Query OK, 516 rows affected (2.70 sec)
Records: 516  Duplicates: 0  Warnings: 0

+------------------------+
| rep_cccallreportbefore |
+------------------------+
|                1053219 |
+------------------------+
1 row in set (0.37 sec)

Query OK, 516 rows affected (0.15 sec)
Records: 516  Duplicates: 0  Warnings: 0

+-----------------------+
| rep_cccallreportafter |
+-----------------------+
|               1053735 |
+-----------------------+
1 row in set (0.27 sec)

Query OK, 0 rows affected (0.01 sec)

mysql> mysql \. C:\workspace\cloud\code\sql\_DailyScript\currenttime.sql
+---------------------+
| currenttime         |
+---------------------+
| 2020-11-30 09:45:25 |
+---------------------+
1 row in set (0.00 sec)

mysql> 
mysql> mysql \. C:\workspace\cloud\code\sql\_DailyScript\DAILY-SCRIPT-USAGE.sql
Database changed
Query OK, 0 rows affected (0.00 sec)

Query OK, 4553 rows affected, 13189 warnings (1.17 sec)
Records: 4553  Deleted: 0  Skipped: 0  Warnings: 13189

Query OK, 0 rows affected (0.00 sec)

Query OK, 6455 rows affected, 18722 warnings (1.36 sec)
Records: 6455  Deleted: 0  Skipped: 0  Warnings: 18722

Query OK, 0 rows affected (0.00 sec)

Query OK, 317 rows affected, 1127 warnings (0.05 sec)
Records: 317  Deleted: 0  Skipped: 0  Warnings: 1127

Query OK, 0 rows affected (0.00 sec)

Query OK, 148 rows affected, 517 warnings (0.03 sec)
Records: 148  Deleted: 0  Skipped: 0  Warnings: 517

+------------+
| dailyusage |
+------------+
|   15691817 |
+------------+
1 row in set (6.08 sec)

+------------+------------+------------+---------+
| datestart  | dateend    | insertedon | records |
+------------+------------+------------+---------+
| 2020-11-29 | 2020-11-29 | 2020-11-30 |   11473 |
| 2020-11-28 | 2020-11-28 | 2020-11-30 |   11548 |
| 2020-11-27 | 2020-11-27 | 2020-11-28 |   11059 |
| 2020-11-26 | 2020-11-26 | 2020-11-27 |     196 |
| 2020-11-25 | 2020-11-25 | 2020-11-26 |     204 |
+------------+------------+------------+---------+
5 rows in set (32.61 sec)

+----------+------------+------------+------------+---------+
| category | datestart  | dateend    | insertedon | records |
+----------+------------+------------+------------+---------+
| UNCAPPED | 2020-11-29 | 2020-11-29 | 2020-11-30 |    6455 |
| PREPAID  | 2020-11-29 | 2020-11-29 | 2020-11-30 |     317 |
| HOTSPOT  | 2020-11-29 | 2020-11-29 | 2020-11-30 |     148 |
| CAPPED   | 2020-11-29 | 2020-11-29 | 2020-11-30 |    4553 |
| UNCAPPED | 2020-11-28 | 2020-11-28 | 2020-11-30 |    6469 |
| PREPAID  | 2020-11-28 | 2020-11-28 | 2020-11-30 |     281 |
| HOTSPOT  | 2020-11-28 | 2020-11-28 | 2020-11-30 |     163 |
| CAPPED   | 2020-11-28 | 2020-11-28 | 2020-11-30 |    4635 |
| UNCAPPED | 2020-11-27 | 2020-11-27 | 2020-11-28 |    6189 |
| PREPAID  | 2020-11-27 | 2020-11-27 | 2020-11-28 |     290 |
| HOTSPOT  | 2020-11-27 | 2020-11-27 | 2020-11-28 |     173 |
| CAPPED   | 2020-11-27 | 2020-11-27 | 2020-11-28 |    4407 |
| PREPAID  | 2020-11-26 | 2020-11-26 | 2020-11-27 |     136 |
| HOTSPOT  | 2020-11-26 | 2020-11-26 | 2020-11-27 |      59 |
| CAPPED   | 2020-11-26 | 2020-11-26 | 2020-11-27 |       1 |
| PREPAID  | 2020-11-25 | 2020-11-25 | 2020-11-26 |     137 |
| HOTSPOT  | 2020-11-25 | 2020-11-25 | 2020-11-26 |      65 |
| CAPPED   | 2020-11-25 | 2020-11-25 | 2020-11-26 |       2 |
| UNCAPPED | 2020-11-24 | 2020-11-24 | 2020-11-25 |    5962 |
| PREPAID  | 2020-11-24 | 2020-11-24 | 2020-11-25 |     253 |
+----------+------------+------------+------------+---------+
20 rows in set (22.32 sec)

mysql> mysql \. C:\workspace\cloud\code\sql\_DailyScript\currenttime.sql
+---------------------+
| currenttime         |
+---------------------+
| 2020-11-30 09:46:28 |
+---------------------+
1 row in set (0.00 sec)

mysql> 
mysql> mysql \. C:\workspace\cloud\code\sql\_DailyScript\DAILY-SCRIPT-SALES-TELEMETRY.sql
Database changed
Query OK, 23 rows affected, 4 warnings (0.03 sec)
Records: 23  Deleted: 0  Skipped: 0  Warnings: 4

+------------+
| dailysales |
+------------+
|     215817 |
+------------+
1 row in set (0.23 sec)

Query OK, 0 rows affected (0.01 sec)

Query OK, 215817 rows affected (13.59 sec)
Records: 215817  Duplicates: 0  Warnings: 0

+--------+
| sales  |
+--------+
| 215817 |
+--------+
1 row in set (0.19 sec)

Query OK, 0 rows affected (0.01 sec)

Query OK, 3513 rows affected (0.35 sec)
Records: 3513  Duplicates: 0  Warnings: 0

+----------------+
| rep_dailysales |
+----------------+
|           3513 |
+----------------+
1 row in set (0.00 sec)

Query OK, 0 rows affected (0.01 sec)

Query OK, 3513 rows affected (0.53 sec)
Records: 3513  Duplicates: 0  Warnings: 0

+-------------------+
| rep_dailysalesreg |
+-------------------+
|              3513 |
+-------------------+
1 row in set (0.00 sec)

Query OK, 0 rows affected (0.01 sec)

Query OK, 2839 rows affected (0.67 sec)
Records: 2839  Duplicates: 0  Warnings: 0

+-----------+
| saleslist |
+-----------+
|      2839 |
+-----------+
1 row in set (0.00 sec)

Database changed
ERROR 2 (HY000): File 'C:\ProgramData\MySQL\MySQL Server 5.7\Uploads\_csv\PrepaidCardSales-29112020-P1.csv' not found (Errcode: 2 - No such file or directory)
+------------------+
| dailysinglesales |
+------------------+
|             6422 |
+------------------+
1 row in set (0.01 sec)

Database changed
Query OK, 5 rows affected (0.02 sec)
Records: 5  Deleted: 0  Skipped: 0  Warnings: 0

+-----------------+
| dailyaddonsales |
+-----------------+
|           21271 |
+-----------------+
1 row in set (0.04 sec)

Query OK, 237 rows affected (0.09 sec)
Records: 237  Deleted: 0  Skipped: 0  Warnings: 0

+----------------+
| onlinepayments |
+----------------+
|         139650 |
+----------------+
1 row in set (0.11 sec)

+-------------+----------------+---------------------+
| paymentdate | onlinepayments | onlinepaymentamount |
+-------------+----------------+---------------------+
| 2020-11-29  |            237 |        164940.59000 |
| 2020-11-28  |            300 |        200265.29000 |
| 2020-11-27  |            330 |        228296.28000 |
| 2020-11-26  |            247 |        186348.84000 |
| 2020-11-25  |            287 |        190808.37000 |
+-------------+----------------+---------------------+
5 rows in set (0.49 sec)

+-------------+--------------+----------------+---------------------+
| paymentyear | paymentmonth | onlinepayments | onlinepaymentamount |
+-------------+--------------+----------------+---------------------+
|        2020 |           11 |           6045 |       3911084.69000 |
|        2020 |           10 |           6965 |       4508008.17000 |
|        2020 |            9 |           6132 |       3998941.54000 |
|        2020 |            8 |           6240 |       4098025.79000 |
|        2020 |            7 |           6291 |       4053825.83000 |
+-------------+--------------+----------------+---------------------+
5 rows in set (0.13 sec)

mysql> mysql \. C:\workspace\cloud\code\sql\_DailyScript\currenttime.sql
+---------------------+
| currenttime         |
+---------------------+
| 2020-11-30 09:46:45 |
+---------------------+
1 row in set (0.00 sec)

mysql> 
mysql> mysql \. C:\workspace\cloud\code\sql\_DailyScript\DAILY-SCRIPT-ACTIVENUMBERS.sql
Database changed
Query OK, 1167 rows affected (0.56 sec)
Records: 1167  Deleted: 0  Skipped: 0  Warnings: 0

+------------+----------+
| period     | count(1) |
+------------+----------+
| 2020-11-29 |     1167 |
| 2020-11-28 |     1170 |
| 2020-11-27 |     1171 |
| 2020-11-26 |     1171 |
| 2020-11-25 |     1172 |
+------------+----------+
5 rows in set (0.01 sec)

Query OK, 0 rows affected (0.01 sec)

Query OK, 79 rows affected (1.38 sec)
Records: 79  Duplicates: 0  Warnings: 0

+-------------+
| packagelist |
+-------------+
|          79 |
+-------------+
1 row in set (0.00 sec)

Database changed
Query OK, 0 rows affected (0.01 sec)

Query OK, 0 rows affected (0.00 sec)

Query OK, 0 rows affected (0.00 sec)

Query OK, 0 rows affected (0.00 sec)

Query OK, 27719 rows affected, 211 warnings (20.01 sec)
Records: 27719  Deleted: 0  Skipped: 0  Warnings: 211

+------------+----------+
| period     | count(1) |
+------------+----------+
| 2020-11-29 |    27719 |
| 2020-11-28 |    27889 |
| 2020-11-27 |    27977 |
| 2020-11-26 |    28084 |
| 2020-11-25 |    28017 |
+------------+----------+
5 rows in set (0.15 sec)

Query OK, 0 rows affected (0.04 sec)

Query OK, 27144 rows affected (48.31 sec)
Records: 27144  Duplicates: 0  Warnings: 0

Query OK, 0 rows affected (0.13 sec)
Records: 0  Duplicates: 0  Warnings: 0

Query OK, 0 rows affected (0.10 sec)
Records: 0  Duplicates: 0  Warnings: 0

Query OK, 0 rows affected (0.09 sec)
Records: 0  Duplicates: 0  Warnings: 0

Query OK, 0 rows affected (0.08 sec)
Records: 0  Duplicates: 0  Warnings: 0

Query OK, 0 rows affected (0.07 sec)
Records: 0  Duplicates: 0  Warnings: 0

Query OK, 0 rows affected (0.06 sec)
Records: 0  Duplicates: 0  Warnings: 0

+-------------+
| countbefore |
+-------------+
|    41203556 |
+-------------+
1 row in set (15.86 sec)

Query OK, 27144 rows affected (5.19 sec)
Records: 27144  Duplicates: 0  Warnings: 0

+------------+
| countafter |
+------------+
|   41230700 |
+------------+
1 row in set (13.37 sec)

+------------+--------------------------+
| period     | customercontractactivity |
+------------+--------------------------+
| 2020-11-29 |                    27144 |
| 2020-11-28 |                    27314 |
| 2020-11-27 |                    27402 |
| 2020-11-26 |                    27508 |
| 2020-11-25 |                    27441 |
+------------+--------------------------+
5 rows in set (0.06 sec)

Query OK, 0 rows affected (0.05 sec)

Query OK, 285841 rows affected (7 min 32.25 sec)
Records: 285841  Duplicates: 0  Warnings: 0

Query OK, 0 rows affected (1.00 sec)
Records: 0  Duplicates: 0  Warnings: 0

Query OK, 0 rows affected (1.03 sec)
Records: 0  Duplicates: 0  Warnings: 0

Query OK, 0 rows affected (1.03 sec)
Records: 0  Duplicates: 0  Warnings: 0

Query OK, 0 rows affected (0.01 sec)

Query OK, 232 rows affected (0.40 sec)
Records: 232  Duplicates: 0  Warnings: 0

Query OK, 0 rows affected (0.01 sec)

Query OK, 2650 rows affected (0.55 sec)
Records: 2650  Duplicates: 0  Warnings: 0

Query OK, 0 rows affected (0.01 sec)

Query OK, 27121 rows affected (0.53 sec)
Records: 27121  Duplicates: 0  Warnings: 0

Query OK, 0 rows affected (0.01 sec)

Query OK, 17054 rows affected (0.33 sec)
Records: 17054  Duplicates: 0  Warnings: 0

Query OK, 0 rows affected (0.01 sec)

Query OK, 17054 rows affected (0.13 sec)
Records: 17054  Duplicates: 0  Warnings: 0

Query OK, 0 rows affected (0.01 sec)

Query OK, 17054 rows affected (1.09 sec)
Records: 17054  Duplicates: 0  Warnings: 0

Query OK, 0 rows affected (0.01 sec)

Query OK, 17054 rows affected (42.17 sec)
Records: 17054  Duplicates: 0  Warnings: 0

+-------------+
| clientstats |
+-------------+
|       17054 |
+-------------+
1 row in set (0.01 sec)

Query OK, 0 rows affected (0.01 sec)

Query OK, 13 rows affected, 1 warning (0.09 sec)
Records: 13  Duplicates: 0  Warnings: 1

+-----------------------+-------------+-------------+----------------+-----------------+
| services              | activecount | allaccounts | uniqueaccounts | uniquecontracts |
+-----------------------+-------------+-------------+----------------+-----------------+
| All                   |         335 |          53 |             53 |             171 |
| Internet & Voice      |         354 |         159 |            158 |             310 |
| Internet Only         |        4337 |        4225 |           4215 |            4267 |
| OTT Only              |           1 |           1 |              1 |               1 |
| TV & Internet         |        9316 |        4217 |           4207 |            8570 |
| TV & Internet & OTT   |        3177 |         810 |            808 |            1684 |
| TV & Internet & Voice |         494 |         148 |            148 |             452 |
| TV & OTT              |         527 |          80 |             79 |              98 |
| TV & Voice            |          99 |          45 |             45 |              93 |
| TV & Voice & OTT      |           9 |           3 |              3 |               6 |
| TV Only               |        9021 |        7167 |           7156 |            7352 |
| Voice Only            |         148 |         146 |            146 |             148 |
| GRAND TOTAL           |       27818 |       17054 |          16981 |           23152 |
+-----------------------+-------------+-------------+----------------+-----------------+
13 rows in set (0.00 sec)

+-------------+-------------+-------------+----------------+-----------------+
| network     | activecount | allaccounts | uniqueaccounts | uniquecontracts |
+-------------+-------------+-------------+----------------+-----------------+
| GPON        |        9993 |        5162 |           5159 |            7953 |
| HFC         |       17825 |       11892 |          11892 |           15199 |
| GRAND TOTAL |       27818 |       17054 |          16981 |           23152 |
+-------------+-------------+-------------+----------------+-----------------+
3 rows in set, 1 warning (0.12 sec)

+-------------+-----------------------+-------------+-------------+----------------+-----------------+
| network     | services              | activecount | allaccounts | uniqueaccounts | uniquecontracts |
+-------------+-----------------------+-------------+-------------+----------------+-----------------+
| GPON        | All                   |         193 |          31 |             31 |              99 |
| GPON        | Internet & Voice      |          76 |          32 |             32 |              66 |
| GPON        | Internet Only         |        1280 |        1188 |           1188 |            1212 |
| GPON        | TV & Internet         |        4114 |        1831 |           1831 |            3745 |
| GPON        | TV & Internet & OTT   |        1862 |         464 |            464 |             974 |
| GPON        | TV & Internet & Voice |         210 |          61 |             61 |             190 |
| GPON        | TV & OTT              |         281 |          42 |             42 |              48 |
| GPON        | TV & Voice            |          61 |          27 |             27 |              57 |
| GPON        | TV & Voice & OTT      |           6 |           2 |              2 |               4 |
| GPON        | TV Only               |        1897 |        1472 |           1472 |            1545 |
| GPON        | Voice Only            |          13 |          12 |             12 |              13 |
| GPON        | Services Total        |        9993 |        5162 |           5159 |            7953 |
| HFC         | All                   |         142 |          22 |             22 |              72 |
| HFC         | Internet & Voice      |         278 |         127 |            127 |             244 |
| HFC         | Internet Only         |        3057 |        3037 |           3037 |            3055 |
| HFC         | OTT Only              |           1 |           1 |              1 |               1 |
| HFC         | TV & Internet         |        5202 |        2386 |           2386 |            4825 |
| HFC         | TV & Internet & OTT   |        1315 |         346 |            346 |             710 |
| HFC         | TV & Internet & Voice |         284 |          87 |             87 |             262 |
| HFC         | TV & OTT              |         246 |          38 |             38 |              50 |
| HFC         | TV & Voice            |          38 |          18 |             18 |              36 |
| HFC         | TV & Voice & OTT      |           3 |           1 |              1 |               2 |
| HFC         | TV Only               |        7124 |        5695 |           5695 |            5807 |
| HFC         | Voice Only            |         135 |         134 |            134 |             135 |
| HFC         | Services Total        |       17825 |       11892 |          11892 |           15199 |
| GRAND TOTAL | Services Total        |       27818 |       17054 |          16981 |           23152 |
+-------------+-----------------------+-------------+-------------+----------------+-----------------+
26 rows in set, 2 warnings (0.13 sec)

Query OK, 0 rows affected (0.01 sec)

Query OK, 44 rows affected, 3 warnings (0.19 sec)
Records: 44  Duplicates: 0  Warnings: 3

+-------------+---------------+-----------------------+-------------+-------------+----------------+-----------------+
| region      | network       | services              | activecount | allaccounts | uniqueaccounts | uniquecontracts |
+-------------+---------------+-----------------------+-------------+-------------+----------------+-----------------+
| Eden Island | GPON          | TV & Internet         |           2 |           1 |              1 |               2 |
| Eden Island | GPON          | Services Total        |           2 |           1 |              1 |               2 |
| Eden Island | Network Total | Services Total        |           2 |           1 |              1 |               2 |
| Mahe        | GPON          | All                   |         168 |          27 |             27 |              87 |
| Mahe        | GPON          | Internet & Voice      |          62 |          25 |             25 |              52 |
| Mahe        | GPON          | Internet Only         |        1037 |         945 |            945 |             969 |
| Mahe        | GPON          | TV & Internet         |        3354 |        1489 |           1489 |            3040 |
| Mahe        | GPON          | TV & Internet & OTT   |        1487 |         359 |            359 |             758 |
| Mahe        | GPON          | TV & Internet & Voice |         200 |          58 |             58 |             180 |
| Mahe        | GPON          | TV & OTT              |         245 |          29 |             29 |              34 |
| Mahe        | GPON          | TV & Voice            |          56 |          25 |             25 |              53 |
| Mahe        | GPON          | TV & Voice & OTT      |           6 |           2 |              2 |               4 |
| Mahe        | GPON          | TV Only               |        1527 |        1167 |           1167 |            1227 |
| Mahe        | GPON          | Voice Only            |          13 |          12 |             12 |              13 |
| Mahe        | GPON          | Services Total        |        8155 |        4138 |           4138 |            6417 |
| Mahe        | HFC           | All                   |         142 |          22 |             22 |              72 |
| Mahe        | HFC           | Internet & Voice      |         278 |         127 |            127 |             244 |
| Mahe        | HFC           | Internet Only         |        3056 |        3036 |           3036 |            3054 |
| Mahe        | HFC           | OTT Only              |           1 |           1 |              1 |               1 |
| Mahe        | HFC           | TV & Internet         |        5202 |        2386 |           2386 |            4825 |
| Mahe        | HFC           | TV & Internet & OTT   |        1315 |         346 |            346 |             710 |
| Mahe        | HFC           | TV & Internet & Voice |         284 |          87 |             87 |             262 |
| Mahe        | HFC           | TV & OTT              |         246 |          38 |             38 |              50 |
| Mahe        | HFC           | TV & Voice            |          38 |          18 |             18 |              36 |
| Mahe        | HFC           | TV & Voice & OTT      |           3 |           1 |              1 |               2 |
| Mahe        | HFC           | TV Only               |        7119 |        5692 |           5692 |            5804 |
| Mahe        | HFC           | Voice Only            |         135 |         134 |            134 |             135 |
| Mahe        | HFC           | Services Total        |       17819 |       11888 |          11888 |           15195 |
| Mahe        | Network Total | Services Total        |       25974 |       16026 |          15957 |           21612 |
| Praslin     | GPON          | All                   |          25 |           4 |              4 |              12 |
| Praslin     | GPON          | Internet & Voice      |          14 |           7 |              7 |              14 |
| Praslin     | GPON          | Internet Only         |         243 |         243 |            243 |             243 |
| Praslin     | GPON          | TV & Internet         |         758 |         341 |            341 |             703 |
| Praslin     | GPON          | TV & Internet & OTT   |         375 |         105 |            105 |             216 |
| Praslin     | GPON          | TV & Internet & Voice |          10 |           3 |              3 |              10 |
| Praslin     | GPON          | TV & OTT              |          36 |          13 |             13 |              14 |
| Praslin     | GPON          | TV & Voice            |           5 |           2 |              2 |               4 |
| Praslin     | GPON          | TV Only               |         370 |         305 |            305 |             318 |
| Praslin     | GPON          | Services Total        |        1836 |        1023 |           1023 |            1534 |
| Praslin     | HFC           | Internet Only         |           1 |           1 |              1 |               1 |
| Praslin     | HFC           | TV Only               |           5 |           3 |              3 |               3 |
| Praslin     | HFC           | Services Total        |           6 |           4 |              4 |               4 |
| Praslin     | Network Total | Services Total        |        1842 |        1027 |           1026 |            1538 |
| GRAND TOTAL | Network Total | Services Total        |       27818 |       17054 |          16981 |           23152 |
+-------------+---------------+-----------------------+-------------+-------------+----------------+-----------------+
44 rows in set (0.00 sec)

Query OK, 0 rows affected (0.02 sec)

Query OK, 27122 rows affected (0.40 sec)
Records: 27122  Duplicates: 0  Warnings: 0

Query OK, 0 rows affected (0.01 sec)

Query OK, 2203 rows affected (1.59 sec)
Records: 2203  Duplicates: 0  Warnings: 0

+--------------------------------------+
| message                              |
+--------------------------------------+
| running rcbill_my.sp_ActiveNumber2() |
+--------------------------------------+
1 row in set (0.00 sec)

Query OK, 365 rows affected (1 min 52.63 sec)

mysql> mysql \. C:\workspace\cloud\code\sql\_DailyScript\currenttime.sql
+---------------------+
| currenttime         |
+---------------------+
| 2020-11-30 09:58:46 |
+---------------------+
1 row in set (0.00 sec)

mysql> 
mysql> mysql \. C:\workspace\cloud\code\sql\_DailyScript\GetActiveNumbers Average -Pivot.sql
Database changed
+-------------------------------------+
| @today := subdate(current_date(),1) |
+-------------------------------------+
| 2020-11-29                          |
+-------------------------------------+
1 row in set (0.00 sec)

+-------------------------------------+
| @lastdayofmonth := last_day(@today) |
+-------------------------------------+
| 2020-11-30                          |
+-------------------------------------+
1 row in set (0.00 sec)

Query OK, 0 rows affected (0.02 sec)

Query OK, 43266 rows affected, 65535 warnings (52.17 sec)
Records: 43266  Duplicates: 0  Warnings: 89481

Query OK, 0 rows affected (0.10 sec)
Records: 0  Duplicates: 0  Warnings: 0

Query OK, 0 rows affected (0.12 sec)
Records: 0  Duplicates: 0  Warnings: 0

Query OK, 0 rows affected (0.10 sec)
Records: 0  Duplicates: 0  Warnings: 0

+-----------------+
| activenumberavg |
+-----------------+
|           43266 |
+-----------------+
1 row in set (0.01 sec)

Query OK, 0 rows affected (0.01 sec)

Query OK, 1929 rows affected (0.51 sec)
Records: 1929  Duplicates: 0  Warnings: 0

+---------------------+
| rep_activenumberavg |
+---------------------+
|                1929 |
+---------------------+
1 row in set (0.00 sec)

+----------------------+
| rep_activenumberavg1 |
+----------------------+
|                  902 |
+----------------------+
1 row in set (0.00 sec)

Query OK, 0 rows affected (0.01 sec)

Query OK, 2259 rows affected (0.42 sec)
Records: 2259  Duplicates: 0  Warnings: 0

Query OK, 0 rows affected (0.01 sec)

Query OK, 11579 rows affected (0.74 sec)
Records: 11579  Duplicates: 0  Warnings: 0

Query OK, 0 rows affected (0.00 sec)

Query OK, 0 rows affected (0.01 sec)

Query OK, 0 rows affected (0.01 sec)

Query OK, 0 rows affected (0.00 sec)

Query OK, 0 rows affected (0.00 sec)
Statement prepared

Query OK, 53 rows affected (0.04 sec)
Records: 53  Duplicates: 0  Warnings: 0

Query OK, 0 rows affected (0.00 sec)

Query OK, 0 rows affected (0.00 sec)

+----------------------+
| rep_activenumberavg2 |
+----------------------+
|                 2259 |
+----------------------+
1 row in set (0.00 sec)

+------------------------+
| rep_activenumberavg_pv |
+------------------------+
|                     53 |
+------------------------+
1 row in set (0.00 sec)

Query OK, 0 rows affected (0.01 sec)

Query OK, 2258 rows affected (0.35 sec)
Records: 2258  Duplicates: 0  Warnings: 0

Query OK, 0 rows affected (0.00 sec)

Query OK, 0 rows affected (0.01 sec)

Query OK, 0 rows affected (0.01 sec)

Query OK, 0 rows affected (0.00 sec)

Query OK, 0 rows affected (0.00 sec)
Statement prepared

Query OK, 53 rows affected (0.04 sec)
Records: 53  Duplicates: 0  Warnings: 0

Query OK, 0 rows affected (0.00 sec)

Query OK, 0 rows affected (0.00 sec)

+-------------------------+
| rep_activenumberavgMahe |
+-------------------------+
|                    2258 |
+-------------------------+
1 row in set (0.00 sec)

+----------------------------+
| rep_activenumberavgMahe_pv |
+----------------------------+
|                         53 |
+----------------------------+
1 row in set (0.00 sec)

Query OK, 0 rows affected (0.01 sec)

Query OK, 1439 rows affected (0.16 sec)
Records: 1439  Duplicates: 0  Warnings: 0

Query OK, 0 rows affected (0.00 sec)

Query OK, 0 rows affected (0.00 sec)

Query OK, 0 rows affected (0.01 sec)

Query OK, 0 rows affected (0.00 sec)

Query OK, 0 rows affected (0.00 sec)
Statement prepared

Query OK, 40 rows affected (0.03 sec)
Records: 40  Duplicates: 0  Warnings: 0

Query OK, 0 rows affected (0.00 sec)

Query OK, 0 rows affected (0.00 sec)

+----------------------------+
| rep_activenumberavgPraslin |
+----------------------------+
|                       1439 |
+----------------------------+
1 row in set (0.00 sec)

+-------------------------------+
| rep_activenumberavgPraslin_pv |
+-------------------------------+
|                            40 |
+-------------------------------+
1 row in set (0.00 sec)

mysql> mysql \. C:\workspace\cloud\code\sql\_DailyScript\currenttime.sql
+---------------------+
| currenttime         |
+---------------------+
| 2020-11-30 09:59:41 |
+---------------------+
1 row in set (0.00 sec)

mysql> 
mysql> mysql \. C:\workspace\cloud\code\sql\_DailyScript\budget_actual_analysis_2020.sql
Query OK, 0 rows affected (0.01 sec)

Query OK, 922 rows affected, 3 warnings (0.20 sec)
Records: 922  Duplicates: 0  Warnings: 3

+--------------------+
| budget_actual_2020 |
+--------------------+
|                922 |
+--------------------+
1 row in set (0.00 sec)

Query OK, 0 rows affected (0.01 sec)

Query OK, 48 rows affected (0.04 sec)
Records: 48  Duplicates: 0  Warnings: 0

+---------------------------+
| rep_budget_actual_2020_pv |
+---------------------------+
|                        48 |
+---------------------------+
1 row in set (0.00 sec)

mysql> mysql \. C:\workspace\cloud\code\sql\_DailyScript\currenttime.sql
+---------------------+
| currenttime         |
+---------------------+
| 2020-11-30 09:59:42 |
+---------------------+
1 row in set (0.00 sec)

mysql> 
mysql> mysql \. C:\workspace\cloud\code\sql\_DailyScript\reports-sales-addons-prepaid-camera.sql
Database changed
Query OK, 0 rows affected (0.01 sec)

Query OK, 4208 rows affected (0.19 sec)
Records: 4208  Duplicates: 0  Warnings: 0

Query OK, 0 rows affected (0.01 sec)

Query OK, 21315 rows affected (16.45 sec)
Records: 21315  Duplicates: 0  Warnings: 0

+--------------------+
| rep_prepaid_camera |
+--------------------+
|               4208 |
+--------------------+
1 row in set (0.01 sec)

+-----------+
| rep_addon |
+-----------+
|     21315 |
+-----------+
1 row in set (0.01 sec)

mysql> mysql \. C:\workspace\cloud\code\sql\_DailyScript\currenttime.sql
+---------------------+
| currenttime         |
+---------------------+
| 2020-11-30 09:59:58 |
+---------------------+
1 row in set (0.00 sec)

mysql> 
mysql> mysql \. C:\workspace\cloud\code\sql\_DailyScript\RCB_ClientAnalyticsReport_Script.sql
Database changed
Query OK, 0 rows affected (0.00 sec)

Query OK, 0 rows affected (0.05 sec)

Query OK, 1995001 rows affected (1 min 16.00 sec)
Records: 1995001  Duplicates: 0  Warnings: 0

Query OK, 0 rows affected (5.61 sec)
Records: 0  Duplicates: 0  Warnings: 0

Query OK, 0 rows affected (5.12 sec)
Records: 0  Duplicates: 0  Warnings: 0

Query OK, 0 rows affected (7.74 sec)
Records: 0  Duplicates: 0  Warnings: 0

Query OK, 0 rows affected (8.33 sec)
Records: 0  Duplicates: 0  Warnings: 0

Query OK, 0 rows affected (8.72 sec)
Records: 0  Duplicates: 0  Warnings: 0

Query OK, 0 rows affected (7.31 sec)
Records: 0  Duplicates: 0  Warnings: 0

Query OK, 0 rows affected (0.00 sec)

Query OK, 497333 rows affected (15.21 sec)
Rows matched: 1995001  Changed: 497333  Warnings: 0

Query OK, 0 rows affected (0.01 sec)

Query OK, 28051 rows affected (3.97 sec)
Records: 28051  Duplicates: 0  Warnings: 0

Query OK, 0 rows affected (0.01 sec)

Query OK, 44351 rows affected (10 min 18.18 sec)
Records: 44351  Duplicates: 0  Warnings: 0

Query OK, 0 rows affected (0.18 sec)
Records: 0  Duplicates: 0  Warnings: 0

Query OK, 0 rows affected (0.14 sec)
Records: 0  Duplicates: 0  Warnings: 0

Query OK, 0 rows affected (0.08 sec)
Records: 0  Duplicates: 0  Warnings: 0

Query OK, 0 rows affected (0.02 sec)

Query OK, 464007 rows affected (16 min 30.80 sec)
Records: 464007  Duplicates: 0  Warnings: 0

Query OK, 0 rows affected (1.53 sec)
Records: 0  Duplicates: 0  Warnings: 0

Query OK, 0 rows affected (1.55 sec)
Records: 0  Duplicates: 0  Warnings: 0

Query OK, 0 rows affected (0.81 sec)
Records: 0  Duplicates: 0  Warnings: 0

Query OK, 0 rows affected (1.80 sec)
Records: 0  Duplicates: 0  Warnings: 0

Query OK, 0 rows affected (1.44 sec)
Records: 0  Duplicates: 0  Warnings: 0

Query OK, 0 rows affected (0.01 sec)

Query OK, 44351 rows affected (1 min 26.31 sec)
Records: 44351  Duplicates: 0  Warnings: 0

+--------------+
| clientreport |
+--------------+
|        44351 |
+--------------+
1 row in set (0.02 sec)

Query OK, 0 rows affected (0.01 sec)

Query OK, 44351 rows affected (5.94 sec)
Records: 44351  Duplicates: 0  Warnings: 0

+----------------------+
| clientextendedreport |
+----------------------+
|                44351 |
+----------------------+
1 row in set (0.01 sec)

Query OK, 0 rows affected (0.01 sec)

Query OK, 44351 rows affected (1 min 2.52 sec)
Records: 44351  Duplicates: 0  Warnings: 0

+---------+
| allcust |
+---------+
|   44351 |
+---------+
1 row in set (0.01 sec)

Query OK, 0 rows affected, 1 warning (0.00 sec)

Query OK, 5000 rows affected (0.13 sec)
Records: 5000  Duplicates: 0  Warnings: 0

Query OK, 0 rows affected (0.01 sec)

Query OK, 6866 rows affected (0.32 sec)
Records: 6866  Duplicates: 0  Warnings: 0

Query OK, 0 rows affected, 1 warning (0.00 sec)

Query OK, 5000 rows affected (0.13 sec)
Records: 5000  Duplicates: 0  Warnings: 0

Query OK, 0 rows affected (0.01 sec)

Query OK, 7274 rows affected (0.17 sec)
Records: 7274  Duplicates: 0  Warnings: 0

mysql> mysql \. C:\workspace\cloud\code\sql\_DailyScript\currenttime.sql
+---------------------+
| currenttime         |
+---------------------+
| 2020-11-30 10:31:49 |
+---------------------+
1 row in set (0.00 sec)

mysql> 
mysql> 
mysql> mysql \. C:\workspace\cloud\code\sql\_DailyScript\REVENUE_PER_NODE_MXK.sql
Query OK, 0 rows affected (0.01 sec)

Query OK, 0 rows affected (0.01 sec)

Query OK, 0 rows affected (0.01 sec)

Query OK, 7064 rows affected (2.19 sec)
Records: 7064  Duplicates: 0  Warnings: 0

+----------------------+
| message              |
+----------------------+
| created temp table a |
+----------------------+
1 row in set (0.00 sec)

Query OK, 6786 rows affected (0.97 sec)
Records: 6786  Duplicates: 0  Warnings: 0

+----------------------+
| message              |
+----------------------+
| created temp table b |
+----------------------+
1 row in set (0.00 sec)

Query OK, 0 rows affected, 1 warning (0.00 sec)

Query OK, 7371 rows affected (14.89 sec)
Records: 7371  Duplicates: 0  Warnings: 0

+--------------------------------+
| message                        |
+--------------------------------+
| created rcbill_my.tempcustmxk1 |
+--------------------------------+
1 row in set (0.00 sec)

Query OK, 0 rows affected (0.01 sec)

Query OK, 0 rows affected (0.00 sec)

Query OK, 0 rows affected, 1 warning (0.00 sec)

Query OK, 7064 rows affected (1.52 sec)
Records: 7064  Duplicates: 0  Warnings: 0

+----------------+
| message        |
+----------------+
| created temp a |
+----------------+
1 row in set (0.00 sec)

Query OK, 6786 rows affected (0.83 sec)
Records: 6786  Duplicates: 0  Warnings: 0

+----------------+
| message        |
+----------------+
| created temp b |
+----------------+
1 row in set (0.00 sec)

Query OK, 0 rows affected, 1 warning (0.00 sec)

Query OK, 6886 rows affected (9.78 sec)
Records: 6886  Duplicates: 0  Warnings: 0

+--------------------------------+
| message                        |
+--------------------------------+
| created rcbill_my.tempcustmxk2 |
+--------------------------------+
1 row in set (0.00 sec)

Query OK, 0 rows affected (0.01 sec)

Query OK, 0 rows affected (0.01 sec)

Query OK, 0 rows affected, 1 warning (0.00 sec)

Query OK, 0 rows affected (0.01 sec)

Query OK, 8235 rows affected (0.35 sec)
Records: 8235  Duplicates: 0  Warnings: 0

+---------------------------------+
| message                         |
+---------------------------------+
| created rcbill_my.customers_mxk |
+---------------------------------+
1 row in set (0.00 sec)

Query OK, 0 rows affected (0.01 sec)

Query OK, 0 rows affected (0.01 sec)

Query OK, 14387 rows affected (5.61 sec)
Records: 14387  Duplicates: 0  Warnings: 0

+----------------+
| message        |
+----------------+
| created temp a |
+----------------+
1 row in set (0.01 sec)

Query OK, 19193 rows affected (1.71 sec)
Records: 19193  Duplicates: 0  Warnings: 0

+----------------+
| message        |
+----------------+
| created temp c |
+----------------+
1 row in set (0.00 sec)

Query OK, 0 rows affected, 1 warning (0.00 sec)

Query OK, 27333 rows affected (0.28 sec)
Records: 27333  Duplicates: 0  Warnings: 0

+---------------------------------+
| message                         |
+---------------------------------+
| created rcbill_my.tempcustcmts1 |
+---------------------------------+
1 row in set (0.00 sec)

Query OK, 0 rows affected (0.01 sec)

Query OK, 0 rows affected, 1 warning (0.00 sec)

Query OK, 0 rows affected (0.01 sec)

Query OK, 14387 rows affected (5.67 sec)
Records: 14387  Duplicates: 0  Warnings: 0

+----------------+
| message        |
+----------------+
| created temp a |
+----------------+
1 row in set (0.00 sec)

Query OK, 19193 rows affected (1.63 sec)
Records: 19193  Duplicates: 0  Warnings: 0

+----------------+
| message        |
+----------------+
| created temp c |
+----------------+
1 row in set (0.00 sec)

Query OK, 0 rows affected, 1 warning (0.00 sec)

Query OK, 19806 rows affected (0.29 sec)
Records: 19806  Duplicates: 0  Warnings: 0

+---------------------------------+
| message                         |
+---------------------------------+
| created rcbill_my.tempcustcmts2 |
+---------------------------------+
1 row in set (0.00 sec)

Query OK, 0 rows affected (0.01 sec)

Query OK, 0 rows affected, 1 warning (0.00 sec)

Query OK, 0 rows affected (0.01 sec)

Query OK, 0 rows affected (0.01 sec)

Query OK, 14435 rows affected (0.94 sec)
Records: 14435  Duplicates: 0  Warnings: 0

+----------------------------------+
| message                          |
+----------------------------------+
| created rcbill_my.customers_cmts |
+----------------------------------+
1 row in set (0.00 sec)

Query OK, 0 rows affected (0.01 sec)

Query OK, 0 rows affected (0.01 sec)

Query OK, 0 rows affected (0.02 sec)

Query OK, 18770 rows affected (0.79 sec)
Records: 18770  Duplicates: 0  Warnings: 0

+--------------------------------------+
| message                              |
+--------------------------------------+
| created rcbill_my.customers_cmts_mxk |
+--------------------------------------+
1 row in set (0.00 sec)

Query OK, 492209 rows affected (1 min 0.29 sec)
Records: 492209  Duplicates: 0  Warnings: 0

+----------------+
| message        |
+----------------+
| created temp a |
+----------------+
1 row in set (0.00 sec)

Query OK, 0 rows affected (0.03 sec)

Query OK, 492946 rows affected (11.30 sec)
Records: 492946  Duplicates: 0  Warnings: 0

+------------------------------------------------+
| message                                        |
+------------------------------------------------+
| created rcbill_my.customers_contracts_cmts_mxk |
+------------------------------------------------+
1 row in set (0.00 sec)

Query OK, 0 rows affected (0.01 sec)

Query OK, 0 rows affected, 1 warning (0.00 sec)

Query OK, 0 rows affected, 1 warning (0.00 sec)

Query OK, 0 rows affected (0.00 sec)

Query OK, 8329 rows affected (2.72 sec)
Rows matched: 8329  Changed: 8329  Warnings: 0

+------------------------------------------------+
| message                                        |
+------------------------------------------------+
| updated rcbill_my.customers_contracts_cmts_mxk |
+------------------------------------------------+
1 row in set (0.00 sec)

Query OK, 0 rows affected (0.02 sec)

Query OK, 2010996 rows affected (3 min 47.28 sec)
Records: 2010996  Duplicates: 0  Warnings: 0

+----------------------------------------+
| message                                |
+----------------------------------------+
| created rcbill_my.customers_collection |
+----------------------------------------+
1 row in set (0.00 sec)

Query OK, 0 rows affected (0.03 sec)

Query OK, 2323078 rows affected (1 min 52.56 sec)
Records: 2323078  Duplicates: 0  Warnings: 0

+------------------------------------------------+
| message                                        |
+------------------------------------------------+
| created rcbill_my.customers_cmts_mxk_cont_coll |
+------------------------------------------------+
1 row in set (0.00 sec)

Query OK, 0 rows affected (0.03 sec)

Query OK, 449650 rows affected (2 min 14.56 sec)
Records: 449650  Duplicates: 0  Warnings: 0

+--------------------------------------------------------+
| message                                                |
+--------------------------------------------------------+
| created rcbill_my.customers_contracts_collection_pivot |
+--------------------------------------------------------+
1 row in set (0.00 sec)

Query OK, 0 rows affected (0.01 sec)

Query OK, 40419 rows affected (2 min 22.84 sec)
Records: 40419  Duplicates: 0  Warnings: 0

+----------------------------------------------+
| message                                      |
+----------------------------------------------+
| created rcbill_my.customers_collection_pivot |
+----------------------------------------------+
1 row in set (0.00 sec)

Query OK, 0 rows affected (0.01 sec)

Query OK, 44351 rows affected (2.23 sec)
Records: 44351  Duplicates: 0  Warnings: 0

+--------------------------------------------+
| message                                    |
+--------------------------------------------+
| created rcbill_my.rep_customers_collection |
+--------------------------------------------+
1 row in set (0.00 sec)

Query OK, 0 rows affected (0.00 sec)

Query OK, 0 rows affected, 1 warning (0.00 sec)

Query OK, 457758 rows affected (13.13 sec)
Records: 457758  Duplicates: 0  Warnings: 0

+-------------------------+
| message                 |
+-------------------------+
| created rcbill_my.tempa |
+-------------------------+
1 row in set (0.00 sec)

Query OK, 0 rows affected, 1 warning (0.00 sec)

Query OK, 449650 rows affected (18.75 sec)
Records: 449650  Duplicates: 0  Warnings: 0

+-------------------------+
| message                 |
+-------------------------+
| created rcbill_my.tempb |
+-------------------------+
1 row in set (0.00 sec)

Query OK, 457758 rows affected (20.30 sec)
Records: 457758  Duplicates: 0  Warnings: 0

+-----------+
| message   |
+-----------+
| created a |
+-----------+
1 row in set (0.00 sec)

Query OK, 449655 rows affected (21.29 sec)
Records: 449655  Duplicates: 0  Warnings: 0

+-----------+
| message   |
+-----------+
| created b |
+-----------+
1 row in set (0.00 sec)

Query OK, 0 rows affected (0.02 sec)

Query OK, 0 rows affected (0.02 sec)

Query OK, 0 rows affected (0.03 sec)

Query OK, 494236 rows affected (54.49 sec)
Records: 494236  Duplicates: 0  Warnings: 0

+----------------------------------------------+
| message                                      |
+----------------------------------------------+
| created rcbill_my.cust_cont_payment_cmts_mxk |
+----------------------------------------------+
1 row in set (0.00 sec)

Query OK, 0 rows affected (0.03 sec)

Query OK, 0 rows affected (0.03 sec)

Query OK, 0 rows affected, 1 warning (0.00 sec)

Query OK, 0 rows affected (0.01 sec)

Query OK, 44351 rows affected (17.72 sec)
Records: 44351  Duplicates: 0  Warnings: 0

+--------------------------------------------------+
| message                                          |
+--------------------------------------------------+
| created rcbill_my.rep_cust_cont_payment_cmts_mxk |
+--------------------------------------------------+
1 row in set (0.00 sec)

Query OK, 0 rows affected, 1 warning (0.00 sec)

Query OK, 0 rows affected, 1 warning (0.00 sec)

Query OK, 0 rows affected (0.01 sec)

Query OK, 44351 rows affected, 5 warnings (7.74 sec)
Records: 44351  Duplicates: 0  Warnings: 5

+----------------------+
| rep_custconsolidated |
+----------------------+
|                44351 |
+----------------------+
1 row in set (0.47 sec)

Query OK, 0 rows affected (0.01 sec)

+------------------------------------+
| message                            |
+------------------------------------+
| creating rcbill_my.rep_custextract |
+------------------------------------+
1 row in set (0.00 sec)

Query OK, 44351 rows affected (1.14 sec)
Records: 44351  Duplicates: 0  Warnings: 0

+-----------------+
| rep_custextract |
+-----------------+
|           44351 |
+-----------------+
1 row in set (0.01 sec)

Query OK, 0 rows affected (0.00 sec)

Query OK, 0 rows affected (0.02 sec)

+----------------------------------------------+
| message                                      |
+----------------------------------------------+
| creating rcbill_my.retentioncustomeractivity |
+----------------------------------------------+
1 row in set (0.00 sec)

Query OK, 874 rows affected (0.10 sec)
Records: 874  Duplicates: 0  Warnings: 0

+---------------------------+
| retentioncustomeractivity |
+---------------------------+
|                       874 |
+---------------------------+
1 row in set (0.00 sec)

+-----------+------------------------------------+------------+-------------+-----------------+------------------+---------------------+-------------------+
| HFC_NODE  | NODENAME                           | CMTS_DATE  | INSERTED_ON | UNIQUE_ACCOUNTS | UNIQUE_CONTRACTS | UNIQUE_MAC_INRCBOSS | UNIQUE_MAC_INCMTS |
+-----------+------------------------------------+------------+-------------+-----------------+------------------+---------------------+-------------------+
| NULL      | NULL                               | NULL       | 2020-11-30  |            7003 |             7385 |                7433 |                 0 |
| C5/0/0/U0 | ANSE-BOILEAU-2                     | 2020-11-23 | 2020-11-30  |             194 |              199 |                 194 |               194 |
| C5/0/0/U1 | 500-C3-ANSE-BOILEAU                | 2020-11-23 | 2020-11-30  |             205 |              209 |                 205 |               205 |
| C5/0/1/U0 | 501-C4-LA-MISIERE-LEFT-I           | 2020-11-23 | 2020-11-30  |             157 |              161 |                 157 |               157 |
| C5/0/1/U1 | 501-C5-LA-MISIERE-RIGHT            | 2020-11-23 | 2020-11-30  |             113 |              115 |                 113 |               114 |
| C5/0/1/U2 | 501-C7-LA-MISIERE-LEFT-II          | 2020-11-23 | 2020-11-30  |             161 |              164 |                 161 |               162 |
| C5/0/2/U0 | 502-C8-LA-LOUISE                   | 2020-11-23 | 2020-11-30  |             139 |              139 |                 139 |               139 |
| C5/0/2/U1 | LA-LOUISE-2                        | 2020-11-23 | 2020-11-30  |             142 |              144 |                 142 |               144 |
| C5/0/3/U0 | 504-C6-PETIT-PARIS                 | 2020-11-23 | 2020-11-30  |             160 |              164 |                 160 |               161 |
| C5/0/3/U1 | PETIT-PARIS-23                     | 2020-11-23 | 2020-11-30  |              76 |               78 |                  76 |                76 |
| C5/0/4/U0 | FOUR-SEASONS                       | 2020-11-23 | 2020-11-30  |               3 |                4 |                   4 |                 5 |
| C5/0/4/U1 | ANCHOR-CAFE-I                      | 2020-11-23 | 2020-11-30  |             162 |              166 |                 162 |               162 |
| C5/0/4/U2 | ANCHOR-CAFE-II                     | 2020-11-23 | 2020-11-30  |             163 |              164 |                 163 |               164 |
| C5/1/0/U0 | POINTE-LARUE-AIRPORT-23            | 2020-11-23 | 2020-11-30  |             109 |              115 |                 110 |               111 |
| C5/1/0/U1 | PPROVIDENCE-23                     | 2020-11-23 | 2020-11-30  |              20 |               23 |                  21 |                21 |
| C5/1/0/U2 | ROSHE-CAIMAN-23                    | 2020-11-23 | 2020-11-30  |              12 |               13 |                  12 |                12 |
| C5/1/0/U3 | HEAD-OFFICE | HO-23                | 2020-11-23 | 2020-11-30  |              27 |               27 |                  27 |                30 |
| C5/1/1/U1 | C5-UNION-VALE                      | 2020-11-23 | 2020-11-30  |             203 |              206 |                 203 |               204 |
| C5/1/3/U0 | POINTE-LARUE-AIRPORT-27            | 2020-11-23 | 2020-11-30  |             151 |              152 |                 151 |               155 |
| C5/1/3/U1 | PPROVIDENCE-27                     | 2020-11-23 | 2020-11-30  |              27 |               27 |                  27 |                27 |
| C5/1/3/U2 | ROSHE-CAIMAN-27                    | 2020-11-23 | 2020-11-30  |              27 |               27 |                  27 |                27 |
| C5/1/3/U3 | HEAD-OFFICE | HO-27                | 2020-11-23 | 2020-11-30  |              17 |               18 |                  17 |                19 |
| C5/1/4/U0 | ANSE-ROYALE-27                     | 2020-11-23 | 2020-11-30  |             104 |              106 |                 104 |               104 |
| C5/1/4/U1 | GLACIS-2-57                        | 2020-11-23 | 2020-11-30  |              70 |               74 |                  70 |                71 |
| C5/1/4/U2 | NULL                               | 2020-11-23 | 2020-11-30  |             108 |              111 |                 108 |               108 |
| C5/1/4/U3 | GLACIS-1                           | 2020-11-23 | 2020-11-30  |              34 |               36 |                  34 |                34 |
| C6/0/1/U0 | SERRET-ROAD-RIGHT/CURIO/PASCAL     | 2020-11-23 | 2020-11-30  |             128 |              130 |                 128 |               128 |
| C6/0/1/U1 | SERRET-ROAD-LEFT/ST.LOUIS/TOWN     | 2020-11-23 | 2020-11-30  |              87 |               93 |                  87 |                87 |
| C6/0/1/U2 | SERRET-ROAD-RIGHT/CURIO/PASCAL-2   | 2020-11-23 | 2020-11-30  |             124 |              126 |                 124 |               124 |
| C6/0/1/U3 | SERRET-ROAD-LEFT/ST.LOUIS/TOWN-2   | 2020-11-23 | 2020-11-30  |              77 |               79 |                  77 |                78 |
| C6/0/2/U0 | SANS-SOUCIS-I                      | 2020-11-23 | 2020-11-30  |             101 |              103 |                 102 |               103 |
| C6/0/2/U1 | SANS-SOUCIS-II                     | 2020-11-23 | 2020-11-30  |             117 |              121 |                 117 |               119 |
| C6/0/2/U2 | BEL-AIR-27                         | 2020-11-23 | 2020-11-30  |              99 |              100 |                  99 |               100 |
| C6/0/2/U3 | BEL-AIR-38                         | 2020-11-23 | 2020-11-30  |              84 |               88 |                  84 |                84 |
| C6/0/3/U0 | LES-MAMELLES-23                    | 2020-11-23 | 2020-11-30  |              86 |               86 |                  86 |                88 |
| C6/0/3/U1 | VICTORIA-23                        | 2020-11-23 | 2020-11-30  |              25 |               26 |                  26 |                29 |
| C6/0/4/U0 | LES-MAMELLES-27                    | 2020-11-23 | 2020-11-30  |              68 |               69 |                  68 |                68 |
| C6/0/4/U1 | VICTORIA-27                        | 2020-11-23 | 2020-11-30  |              16 |               16 |                  16 |                16 |
| C7/1/0/U0 | LA-RETRAITE-23                     | 2020-11-23 | 2020-11-30  |              86 |               91 |                  87 |                88 |
| C7/1/0/U1 | TEA-FACTORY-23                     | 2020-11-23 | 2020-11-30  |              25 |               32 |                  27 |                27 |
| C7/1/0/U2 | PAS-23                             | 2020-11-23 | 2020-11-30  |             103 |              108 |                 104 |               104 |
| C7/1/1/U0 | REEF-ESTATE-23                     | 2020-11-23 | 2020-11-30  |              77 |               79 |                  77 |                78 |
| C7/1/2/U0 | LA-RETRAITE-27                     | 2020-11-23 | 2020-11-30  |              70 |               70 |                  70 |                71 |
| C7/1/2/U1 | TEA-FACTORY-27                     | 2020-11-23 | 2020-11-30  |              28 |               33 |                  29 |                29 |
| C7/1/2/U2 | PAS-27                             | 2020-11-23 | 2020-11-30  |              84 |               85 |                  84 |                85 |
| C7/1/3/U0 | MT-BUXTON-27                       | 2020-11-23 | 2020-11-30  |             157 |              160 |                 157 |               158 |
| C7/1/3/U1 | MT-BUXTON-23                       | 2020-11-23 | 2020-11-30  |              87 |               88 |                  87 |                87 |
| C7/1/4/U0 | REEF-ESTATE-27                     | 2020-11-23 | 2020-11-30  |              92 |               93 |                  92 |                93 |
| C8/0/0/U0 | POLICE-ACADEMY-1-27 - POINTE LARUE | 2020-11-23 | 2020-11-30  |             250 |              250 |                 250 |               250 |
| C8/0/0/U1 | NULL                               | 2020-11-23 | 2020-11-30  |              76 |               81 |                  76 |                78 |
| C8/0/1/U0 | NULL                               | 2020-11-23 | 2020-11-30  |             158 |              161 |                 157 |               157 |
| C8/0/1/U1 | POLICE-ACADEMY-2-27 - TURTLE BAY   | 2020-11-23 | 2020-11-30  |             190 |              193 |                 191 |               192 |
| C8/0/2/U0 | BEAU-VALLON-LEFT-1-57              | 2020-11-23 | 2020-11-30  |              12 |               13 |                  13 |                13 |
| C8/0/3/U1 | BEAU-VALLON-RIGHT-2-57             | 2020-11-23 | 2020-11-30  |              11 |               11 |                  11 |                11 |
| C8/1/0/U0 | MA-JOIE-NODE-27                    | 2020-11-23 | 2020-11-30  |              97 |               98 |                  97 |                97 |
| C8/1/0/U1 | BELONIE-27                         | 2020-11-23 | 2020-11-30  |             146 |              148 |                 145 |               145 |
| C8/1/0/U3 | MA-JOIE-NODE-23                    | 2020-11-23 | 2020-11-30  |              91 |               92 |                  90 |                90 |
| C8/1/1/U0 | 611-C1-ROJN I                      | 2020-11-23 | 2020-11-30  |             129 |              130 |                 129 |               129 |
| C8/1/1/U1 | 611-C5-ROJN II                     | 2020-11-23 | 2020-11-30  |             113 |              114 |                 113 |               114 |
| C8/1/2/U0 | 612-C2-ANSE-ETOILE                 | 2020-11-23 | 2020-11-30  |             103 |              104 |                 103 |               103 |
| C8/1/2/U1 | ANSE-ETOILE-U2                     | 2020-11-23 | 2020-11-30  |              70 |               70 |                  70 |                70 |
| C8/1/3/U0 | 613-C3-ANSE-GAULETTE I             | 2020-11-23 | 2020-11-30  |              80 |               87 |                  80 |                80 |
| C8/1/3/U1 | 613-C7-ANSE-GAULETTE II            | 2020-11-23 | 2020-11-30  |              76 |               79 |                  76 |                78 |
| C8/1/3/U2 | 613-C3-ANSE-GAULETTE III           | 2020-11-23 | 2020-11-30  |              40 |               41 |                  40 |                41 |
| C8/1/3/U3 | TAKAMAKA I                         | 2020-11-23 | 2020-11-30  |             107 |              109 |                 107 |               108 |
| C8/1/3/U4 | TAKAMAKA II                        | 2020-11-23 | 2020-11-30  |              94 |               96 |                  94 |                95 |
| C8/1/4/U0 | 614-BEOLIERE-NODE-1                | 2020-11-23 | 2020-11-30  |              94 |               95 |                  94 |                96 |
| C8/1/4/U1 | 614-BEOLIERE-NODE-2                | 2020-11-23 | 2020-11-30  |             141 |              145 |                 141 |               143 |
+-----------+------------------------------------+------------+-------------+-----------------+------------------+---------------------+-------------------+
68 rows in set (0.16 sec)

+-----------------------+------------+-------------+-----------------+------------------+----------------------+-------------------+
| MXK_NAME              | MXK_DATE   | INSERTED_ON | UNIQUE_ACCOUNTS | UNIQUE_CONTRACTS | UNIQUE_FSAN_INRCBOSS | UNIQUE_FSAN_INMXK |
+-----------------------+------------+-------------+-----------------+------------------+----------------------+-------------------+
| NULL                  | NULL       | 2020-11-30  |            1331 |             1346 |                 1334 |                 0 |
| MXK-MAHE-ANSEETOILE   | 2020-07-27 | 2020-11-30  |             378 |              382 |                  381 |               398 |
| MXK-MAHE-ANSEROYALE   | 2020-07-27 | 2020-11-30  |             174 |              174 |                  173 |               198 |
| MXK-MAHE-BEAUVALLON-1 | 2020-07-27 | 2020-11-30  |            1801 |             1824 |                 1815 |              1919 |
| MXK-MAHE-BEAUVALLON-2 | 2020-07-27 | 2020-11-30  |              25 |               25 |                   25 |                30 |
| MXK-MAHE-PERSEVERANCE | 2020-07-27 | 2020-11-30  |            1059 |             1070 |                 1071 |              1241 |
| MXK-MAHE-PROVIDENCE   | 2020-07-27 | 2020-11-30  |             988 |             1016 |                  944 |              1192 |
| MXK-PRASLIN-GRANDANSE | 2020-07-27 | 2020-11-30  |            1296 |             1299 |                 1292 |              1514 |
+-----------------------+------------+-------------+-----------------+------------------+----------------------+-------------------+
8 rows in set (0.07 sec)

mysql> mysql \. C:\workspace\cloud\code\sql\_DailyScript\currenttime.sql
+---------------------+
| currenttime         |
+---------------------+
| 2020-11-30 10:46:46 |
+---------------------+
1 row in set (0.00 sec)

mysql> 
mysql> mysql \. C:\workspace\cloud\code\sql\_DailyScript\housing-estate-analysis.sql
Database changed
Query OK, 0 rows affected (0.03 sec)

Query OK, 3663 rows affected (1 min 25.02 sec)
Records: 3663  Duplicates: 0  Warnings: 0

+--------------------+
| rep_housingestates |
+--------------------+
|               3663 |
+--------------------+
1 row in set (0.00 sec)

mysql> mysql \. C:\workspace\cloud\code\sql\_DailyScript\currenttime.sql
+---------------------+
| currenttime         |
+---------------------+
| 2020-11-30 10:48:11 |
+---------------------+
1 row in set (0.00 sec)

mysql> 
mysql> 
mysql> mysql \. C:\workspace\cloud\code\sql\Analysis\service_tickets_assignments.sql
Query OK, 0 rows affected (0.02 sec)

Query OK, 103137 rows affected (16.02 sec)
Records: 103137  Duplicates: 0  Warnings: 0

+-------------------------+
| rep_servicetickets_2020 |
+-------------------------+
|                  103137 |
+-------------------------+
1 row in set (2.61 sec)

mysql> mysql \. C:\workspace\cloud\code\sql\_DailyScript\currenttime.sql
+---------------------+
| currenttime         |
+---------------------+
| 2020-11-30 10:48:30 |
+---------------------+
1 row in set (0.00 sec)

mysql> 
mysql> mysql \. C:\workspace\cloud\code\sql\_DailyScript\DAILY-SCRIPT-USAGESTATS.sql
Database changed
Query OK, 0 rows affected (0.14 sec)

Query OK, 25352855 rows affected, 65535 warnings (12 min 30.22 sec)
Records: 25352855  Duplicates: 0  Warnings: 25346097

Query OK, 0 rows affected (1 min 7.68 sec)
Records: 0  Duplicates: 0  Warnings: 0

Query OK, 0 rows affected (1 min 6.24 sec)
Records: 0  Duplicates: 0  Warnings: 0

Query OK, 0 rows affected (1 min 6.55 sec)
Records: 0  Duplicates: 0  Warnings: 0

Query OK, 0 rows affected (59.65 sec)
Records: 0  Duplicates: 0  Warnings: 0

Query OK, 0 rows affected (1 min 36.12 sec)
Records: 0  Duplicates: 0  Warnings: 0

Query OK, 0 rows affected (1 min 40.85 sec)
Records: 0  Duplicates: 0  Warnings: 0

Query OK, 0 rows affected (1 min 32.93 sec)
Records: 0  Duplicates: 0  Warnings: 0

Query OK, 0 rows affected (1 min 4.91 sec)
Records: 0  Duplicates: 0  Warnings: 0

+----------+
| ipusage  |
+----------+
| 25352855 |
+----------+
1 row in set (8.00 sec)

Query OK, 0 rows affected (0.05 sec)

Query OK, 6330395 rows affected (7 min 25.43 sec)
Records: 6330395  Duplicates: 0  Warnings: 0

Query OK, 0 rows affected (20.09 sec)
Records: 0  Duplicates: 0  Warnings: 0

Query OK, 0 rows affected (18.18 sec)
Records: 0  Duplicates: 0  Warnings: 0

Query OK, 0 rows affected (20.80 sec)
Records: 0  Duplicates: 0  Warnings: 0

Query OK, 0 rows affected (24.97 sec)
Records: 0  Duplicates: 0  Warnings: 0

Query OK, 0 rows affected (18.68 sec)
Records: 0  Duplicates: 0  Warnings: 0

+------------------+
| clientcontractip |
+------------------+
|          6330395 |
+------------------+
1 row in set (1.76 sec)

Query OK, 0 rows affected (0.10 sec)

Query OK, 12467249 rows affected, 1 warning (40 min 50.67 sec)
Records: 12467249  Duplicates: 0  Warnings: 1

+-----------------------+
| clientcontractipusage |
+-----------------------+
|              12467249 |
+-----------------------+
1 row in set (4.47 sec)

Query OK, 0 rows affected (0.04 sec)

Query OK, 516494 rows affected (49.14 sec)
Records: 516494  Duplicates: 0  Warnings: 0

Query OK, 0 rows affected (1.64 sec)
Records: 0  Duplicates: 0  Warnings: 0

Query OK, 0 rows affected (1.47 sec)
Records: 0  Duplicates: 0  Warnings: 0

Query OK, 0 rows affected (1.75 sec)
Records: 0  Duplicates: 0  Warnings: 0

Query OK, 0 rows affected (0.89 sec)
Records: 0  Duplicates: 0  Warnings: 0

Query OK, 0 rows affected (0.85 sec)
Records: 0  Duplicates: 0  Warnings: 0

Query OK, 0 rows affected (0.96 sec)
Records: 0  Duplicates: 0  Warnings: 0

Query OK, 0 rows affected (0.97 sec)
Records: 0  Duplicates: 0  Warnings: 0

+-----------------------+
| clientcontractipmonth |
+-----------------------+
|                516494 |
+-----------------------+
1 row in set (0.14 sec)

mysql> mysql \. C:\workspace\cloud\code\sql\_DailyScript\currenttime.sql
+---------------------+
| currenttime         |
+---------------------+
| 2020-11-30 12:02:26 |
+---------------------+
1 row in set (0.00 sec)

mysql> 
mysql> exit
