    -> 
    -> mysql \. C:\workspace\cloud\code\sql\_DailyScript\_setdates.sql
Database changed
Query OK, 0 rows affected (0.00 sec)

Query OK, 0 rows affected (0.00 sec)

Query OK, 0 rows affected (0.00 sec)

Query OK, 0 rows affected (0.02 sec)

Query OK, 0 rows affected (0.00 sec)

Query OK, 0 rows affected (0.00 sec)

Query OK, 0 rows affected (0.00 sec)

Query OK, 0 rows affected (0.00 sec)

Query OK, 0 rows affected (0.00 sec)

Query OK, 0 rows affected (0.00 sec)

Query OK, 0 rows affected (0.00 sec)

Query OK, 0 rows affected (0.00 sec)

Query OK, 0 rows affected (0.00 sec)

Query OK, 0 rows affected (0.00 sec)

Query OK, 0 rows affected (0.00 sec)

Query OK, 0 rows affected (0.00 sec)

Query OK, 0 rows affected (0.00 sec)

Query OK, 0 rows affected (0.00 sec)

Query OK, 0 rows affected (0.00 sec)

Query OK, 0 rows affected (0.00 sec)

Query OK, 0 rows affected (0.00 sec)

mysql> mysql \. C:\workspace\cloud\code\sql\_DailyScript\currenttime.sql
+---------------------+
| currenttime         |
+---------------------+
| 2020-02-16 10:14:00 |
+---------------------+
1 row in set (0.01 sec)

mysql> 
mysql> mysql \. C:\workspace\cloud\code\sql\_DailyScript\load_RCB_VODTITLES.sql
Database changed
Query OK, 0 rows affected (0.00 sec)

Query OK, 9626 rows affected (0.56 sec)

Query OK, 9628 rows affected, 9628 warnings (0.36 sec)
Records: 9628  Deleted: 0  Skipped: 0  Warnings: 9628

Query OK, 0 rows affected (0.00 sec)

Query OK, 2 rows affected (0.01 sec)

+-----------+
| VODTITLES |
+-----------+
|     10086 |
+-----------+
1 row in set (0.00 sec)

+-----------+-----------+
| titletype | typecount |
+-----------+-----------+
| E         |      7922 |
| N         |       213 |
| T         |      1491 |
| NULL      |      9626 |
+-----------+-----------+
4 rows in set (0.03 sec)

mysql> mysql \. C:\workspace\cloud\code\sql\_DailyScript\currenttime.sql
+---------------------+
| currenttime         |
+---------------------+
| 2020-02-16 10:14:01 |
+---------------------+
1 row in set (0.00 sec)

mysql> 
mysql> mysql \. C:\workspace\cloud\code\sql\_DailyScript\DAILY-SCRIPT-LIVETV-STATS.sql
Database changed
Query OK, 0 rows affected (0.02 sec)

Query OK, 84674 rows affected (1.22 sec)
Records: 84674  Duplicates: 0  Warnings: 0

+------------+------------+----------+--------------+--------------+-----------+-------------+----------+--------+------+------------+---------+---------------+
| Table      | Non_unique | Key_name | Seq_in_index | Column_name  | Collation | Cardinality | Sub_part | Packed | Null | Index_type | Comment | Index_comment |
+------------+------------+----------+--------------+--------------+-----------+-------------+----------+--------+------+------------+---------+---------------+
| templivetv |          1 | idxtv1   |            1 | device       | A         |       84677 |     NULL | NULL   | YES  | BTREE      |         |               |
| templivetv |          1 | idxtv2   |            1 | sessionstart | A         |       84677 |     NULL | NULL   | YES  | BTREE      |         |               |
+------------+------------+----------+--------------+--------------+-----------+-------------+----------+--------+------+------------+---------+---------------+
2 rows in set (0.00 sec)

Query OK, 84491 rows affected (33.58 sec)
Records: 84491  Duplicates: 0  Warnings: 0

Query OK, 2700 rows affected (0.84 sec)
Records: 2700  Duplicates: 0  Warnings: 0

Query OK, 0 rows affected (0.00 sec)

Query OK, 0 rows affected (0.02 sec)

Query OK, 134 rows affected (0.16 sec)
Records: 134  Duplicates: 0  Warnings: 0

Query OK, 0 rows affected (0.01 sec)

Query OK, 108966 rows affected (26 min 23.76 sec)
Records: 108966  Duplicates: 0  Warnings: 0

+-----------------+
| rep_livetvstats |
+-----------------+
|          108966 |
+-----------------+
1 row in set (0.03 sec)

mysql> mysql \. C:\workspace\cloud\code\sql\_DailyScript\currenttime.sql
+---------------------+
| currenttime         |
+---------------------+
| 2020-02-16 10:41:01 |
+---------------------+
1 row in set (0.00 sec)

mysql> 
mysql> mysql \. C:\workspace\cloud\code\sql\_DailyScript\DAILY-SCRIPT-VODTS-STATS.sql
Database changed
Query OK, 0 rows affected (0.00 sec)

Query OK, 5298 rows affected (1 min 4.26 sec)
Records: 5298  Duplicates: 0  Warnings: 0

+---------+------------+----------+--------------+--------------+-----------+-------------+----------+--------+------+------------+---------+---------------+
| Table   | Non_unique | Key_name | Seq_in_index | Column_name  | Collation | Cardinality | Sub_part | Packed | Null | Index_type | Comment | Index_comment |
+---------+------------+----------+--------------+--------------+-----------+-------------+----------+--------+------+------------+---------+---------------+
| tempvod |          1 | idxtvod1 |            1 | device       | A         |        5475 |     NULL | NULL   | YES  | BTREE      |         |               |
| tempvod |          1 | idxtvod2 |            1 | sessionstart | A         |        5475 |     NULL | NULL   | YES  | BTREE      |         |               |
+---------+------------+----------+--------------+--------------+-----------+-------------+----------+--------+------+------------+---------+---------------+
2 rows in set (0.00 sec)

Query OK, 5263 rows affected (3.34 sec)
Records: 5263  Duplicates: 0  Warnings: 0

Query OK, 0 rows affected (0.01 sec)

Query OK, 504566 rows affected (44.20 sec)
Records: 504566  Duplicates: 0  Warnings: 0

+--------------+
| rep_vodstats |
+--------------+
|       504566 |
+--------------+
1 row in set (0.16 sec)

Database changed
Query OK, 0 rows affected (0.02 sec)

Query OK, 11514 rows affected (4 min 54.99 sec)
Records: 11514  Duplicates: 0  Warnings: 0

+--------+------------+----------+--------------+--------------+-----------+-------------+----------+--------+------+------------+---------+---------------+
| Table  | Non_unique | Key_name | Seq_in_index | Column_name  | Collation | Cardinality | Sub_part | Packed | Null | Index_type | Comment | Index_comment |
+--------+------------+----------+--------------+--------------+-----------+-------------+----------+--------+------+------------+---------+---------------+
| tempts |          1 | idxtts1  |            1 | device       | A         |       11754 |     NULL | NULL   | YES  | BTREE      |         |               |
| tempts |          1 | idxtts2  |            1 | sessionstart | A         |       11754 |     NULL | NULL   | YES  | BTREE      |         |               |
+--------+------------+----------+--------------+--------------+-----------+-------------+----------+--------+------+------------+---------+---------------+
2 rows in set (0.00 sec)

Query OK, 11443 rows affected (11.77 sec)
Records: 11443  Duplicates: 0  Warnings: 0

Query OK, 0 rows affected (0.00 sec)

Query OK, 30311 rows affected (4 min 44.68 sec)
Records: 30311  Duplicates: 0  Warnings: 0

+-------------+
| rep_tsstats |
+-------------+
|       30311 |
+-------------+
1 row in set (0.00 sec)

mysql> mysql \. C:\workspace\cloud\code\sql\_DailyScript\currenttime.sql
+---------------------+
| currenttime         |
+---------------------+
| 2020-02-16 10:52:45 |
+---------------------+
1 row in set (0.00 sec)

mysql> 
mysql> mysql \. C:\workspace\cloud\code\sql\_DailyScript\DAILY-SCRIPT-RADIO-STATS.sql
Database changed
Query OK, 0 rows affected (0.02 sec)

Query OK, 225598 rows affected (6.44 sec)
Records: 225598  Duplicates: 0  Warnings: 0

+-----------+------------+----------+--------------+--------------+-----------+-------------+----------+--------+------+------------+---------+---------------+
| Table     | Non_unique | Key_name | Seq_in_index | Column_name  | Collation | Cardinality | Sub_part | Packed | Null | Index_type | Comment | Index_comment |
+-----------+------------+----------+--------------+--------------+-----------+-------------+----------+--------+------+------------+---------+---------------+
| tempradio |          1 | idxtrad1 |            1 | device       | A         |      226207 |     NULL | NULL   | YES  | BTREE      |         |               |
| tempradio |          1 | idxtrad2 |            1 | sessionstart | A         |      226207 |     NULL | NULL   | YES  | BTREE      |         |               |
+-----------+------------+----------+--------------+--------------+-----------+-------------+----------+--------+------+------------+---------+---------------+
2 rows in set (0.00 sec)

Query OK, 477 rows affected (4.62 sec)
Records: 477  Duplicates: 0  Warnings: 0

Query OK, 0 rows affected (0.00 sec)

Query OK, 4159 rows affected (0.34 sec)
Records: 4159  Duplicates: 0  Warnings: 0

+----------------+
| rep_radiostats |
+----------------+
|           4159 |
+----------------+
1 row in set (0.00 sec)

mysql> mysql \. C:\workspace\cloud\code\sql\_DailyScript\currenttime.sql
+---------------------+
| currenttime         |
+---------------------+
| 2020-02-16 10:52:56 |
+---------------------+
1 row in set (0.00 sec)

mysql> 
mysql> mysql \. C:\workspace\cloud\code\sql\_DailyScript\DAILY_SCRIPT_TELEMETRY_PIVOT_2020.sql
Query OK, 0 rows affected (0.00 sec)

Query OK, 139 rows affected (0.23 sec)
Records: 139  Duplicates: 0  Warnings: 0

Query OK, 0 rows affected (0.01 sec)

Query OK, 7421 rows affected (1.55 sec)
Records: 7421  Duplicates: 0  Warnings: 0

Query OK, 0 rows affected (0.00 sec)

Query OK, 8 rows affected (0.02 sec)
Records: 8  Duplicates: 0  Warnings: 0

Query OK, 0 rows affected (0.01 sec)

Query OK, 47 rows affected (0.14 sec)
Records: 47  Duplicates: 0  Warnings: 0

mysql> mysql \. C:\workspace\cloud\code\sql\_DailyScript\currenttime.sql
+---------------------+
| currenttime         |
+---------------------+
| 2020-02-16 10:52:58 |
+---------------------+
1 row in set (0.00 sec)

mysql> 
mysql> mysql \. C:\workspace\cloud\code\sql\_DailyScript\telemetry_livetv_ranking2020.sql
Query OK, 0 rows affected (0.00 sec)

Query OK, 139 rows affected (0.01 sec)
Records: 139  Duplicates: 0  Warnings: 0

mysql> mysql \. C:\workspace\cloud\code\sql\_DailyScript\currenttime.sql
+---------------------+
| currenttime         |
+---------------------+
| 2020-02-16 10:52:58 |
+---------------------+
1 row in set (0.00 sec)

mysql> 
mysql> mysql \. C:\workspace\cloud\code\sql\_DailyScript\telemetry_radio_ranking2020.sql
Query OK, 0 rows affected (0.00 sec)

Query OK, 8 rows affected (0.02 sec)
Records: 8  Duplicates: 0  Warnings: 0

mysql> mysql \. C:\workspace\cloud\code\sql\_DailyScript\currenttime.sql
+---------------------+
| currenttime         |
+---------------------+
| 2020-02-16 10:52:58 |
+---------------------+
1 row in set (0.00 sec)

mysql> 
mysql> mysql \. C:\workspace\cloud\code\sql\_DailyScript\telemetry_ts_ranking2020.sql
Query OK, 0 rows affected (0.02 sec)

Query OK, 47 rows affected (0.06 sec)
Records: 47  Duplicates: 0  Warnings: 0

mysql> mysql \. C:\workspace\cloud\code\sql\_DailyScript\currenttime.sql
+---------------------+
| currenttime         |
+---------------------+
| 2020-02-16 10:52:58 |
+---------------------+
1 row in set (0.00 sec)

mysql> 
mysql> mysql \. C:\workspace\cloud\code\sql\_DailyScript\telemetry_vod_ranking2020.sql
Query OK, 0 rows affected (0.00 sec)

Query OK, 7421 rows affected (0.39 sec)
Records: 7421  Duplicates: 0  Warnings: 0

mysql> mysql \. C:\workspace\cloud\code\sql\_DailyScript\currenttime.sql
+---------------------+
| currenttime         |
+---------------------+
| 2020-02-16 10:52:59 |
+---------------------+
1 row in set (0.00 sec)

mysql> 
mysql> mysql \. C:\workspace\cloud\code\sql\_DailyScript\telemetry_vod_ranking2020_1.sql
Query OK, 0 rows affected (0.00 sec)

Query OK, 7421 rows affected (0.21 sec)
Records: 7421  Duplicates: 0  Warnings: 0

mysql> mysql \. C:\workspace\cloud\code\sql\_DailyScript\currenttime.sql
+---------------------+
| currenttime         |
+---------------------+
| 2020-02-16 10:52:59 |
+---------------------+
1 row in set (0.00 sec)

mysql> 
mysql> mysql \. C:\workspace\cloud\code\sql\_DailyScript\telemetry_vod_ranking2020_2.sql
Query OK, 0 rows affected (0.00 sec)

Query OK, 7421 rows affected (0.14 sec)
Records: 7421  Duplicates: 0  Warnings: 0

mysql> mysql \. C:\workspace\cloud\code\sql\_DailyScript\currenttime.sql
+---------------------+
| currenttime         |
+---------------------+
| 2020-02-16 10:52:59 |
+---------------------+
1 row in set (0.00 sec)

mysql> 
mysql> mysql \. C:\workspace\cloud\code\sql\_DailyScript\DAILY-SCRIPT-CREATE-LOAD.sql
Database changed
Database changed
Query OK, 0 rows affected (0.01 sec)

Query OK, 0 rows affected (0.01 sec)

Database changed
Query OK, 66220 rows affected (3.10 sec)
Records: 66220  Deleted: 0  Skipped: 0  Warnings: 0

Query OK, 0 rows affected (0.33 sec)
Records: 0  Duplicates: 0  Warnings: 0

Query OK, 0 rows affected (0.30 sec)
Records: 0  Duplicates: 0  Warnings: 0

Query OK, 0 rows affected (0.33 sec)
Records: 0  Duplicates: 0  Warnings: 0

Query OK, 0 rows affected (0.30 sec)
Records: 0  Duplicates: 0  Warnings: 0

+---------+
| clients |
+---------+
|   66220 |
+---------+
1 row in set (0.01 sec)

Query OK, 0 rows affected (0.00 sec)

Query OK, 8283 rows affected (1.48 sec)
Records: 8283  Duplicates: 0  Warnings: 0

Query OK, 0 rows affected (0.03 sec)
Records: 0  Duplicates: 0  Warnings: 0

+-------------------+
| rcb_clientparcels |
+-------------------+
|              8283 |
+-------------------+
1 row in set (0.00 sec)

Query OK, 0 rows affected (0.18 sec)

Query OK, 78143 rows affected (3.27 sec)
Records: 78143  Duplicates: 0  Warnings: 0

Query OK, 0 rows affected (0.26 sec)
Records: 0  Duplicates: 0  Warnings: 0

Query OK, 0 rows affected (0.04 sec)

Query OK, 66220 rows affected (17.02 sec)
Records: 66220  Duplicates: 0  Warnings: 0

Query OK, 0 rows affected (0.38 sec)
Records: 0  Duplicates: 0  Warnings: 0

Query OK, 0 rows affected (0.23 sec)
Records: 0  Duplicates: 0  Warnings: 0

Query OK, 0 rows affected (0.17 sec)
Records: 0  Duplicates: 0  Warnings: 0

+---------------+
| clientaddress |
+---------------+
|         66220 |
+---------------+
1 row in set (0.02 sec)

Database changed
Query OK, 0 rows affected (0.03 sec)

Query OK, 0 rows affected (0.01 sec)

Database changed
Query OK, 502071 rows affected, 65535 warnings (16.02 sec)
Records: 502071  Deleted: 0  Skipped: 0  Warnings: 199742

Query OK, 0 rows affected (5.05 sec)
Records: 0  Duplicates: 0  Warnings: 0

Query OK, 0 rows affected (2.63 sec)
Records: 0  Duplicates: 0  Warnings: 0

Query OK, 0 rows affected (1.58 sec)
Records: 0  Duplicates: 0  Warnings: 0

Query OK, 0 rows affected (0.02 sec)

Query OK, 502071 rows affected (47.76 sec)
Records: 502071  Duplicates: 0  Warnings: 0

Query OK, 0 rows affected (1.78 sec)
Records: 0  Duplicates: 0  Warnings: 0

Query OK, 0 rows affected (1.29 sec)
Records: 0  Duplicates: 0  Warnings: 0

+-----------+
| contracts |
+-----------+
|    502071 |
+-----------+
1 row in set (0.17 sec)

+-----------------+
| contractaddress |
+-----------------+
|          502071 |
+-----------------+
1 row in set (0.15 sec)

Database changed
Query OK, 0 rows affected (0.02 sec)

Query OK, 0 rows affected (0.01 sec)

Query OK, 7242 rows affected (0.56 sec)
Records: 7242  Deleted: 0  Skipped: 0  Warnings: 0

Query OK, 0 rows affected (0.06 sec)

Query OK, 7211 rows affected (1.67 sec)
Records: 7211  Duplicates: 0  Warnings: 0

Query OK, 0 rows affected (0.04 sec)
Records: 0  Duplicates: 0  Warnings: 0

Query OK, 0 rows affected (0.01 sec)

Query OK, 5620 rows affected (0.61 sec)
Records: 5620  Duplicates: 0  Warnings: 0

Query OK, 0 rows affected (0.03 sec)
Records: 0  Duplicates: 0  Warnings: 0

+-------------------+
| contractdiscounts |
+-------------------+
|              7242 |
+-------------------+
1 row in set (0.01 sec)

+-------------------------+
| clientcontractdiscounts |
+-------------------------+
|                    7211 |
+-------------------------+
1 row in set (0.00 sec)

+----------------------------+
| clientcontractlastdiscount |
+----------------------------+
|                       5620 |
+----------------------------+
1 row in set (0.00 sec)

Database changed
Query OK, 0 rows affected (0.05 sec)

Query OK, 0 rows affected (0.03 sec)

Database changed
Query OK, 133422 rows affected (5.67 sec)
Records: 133422  Deleted: 0  Skipped: 0  Warnings: 0

Query OK, 0 rows affected (0.69 sec)
Records: 0  Duplicates: 0  Warnings: 0

Query OK, 0 rows affected (0.35 sec)
Records: 0  Duplicates: 0  Warnings: 0

Query OK, 0 rows affected (0.40 sec)
Records: 0  Duplicates: 0  Warnings: 0

Query OK, 0 rows affected (0.54 sec)
Records: 0  Duplicates: 0  Warnings: 0

Query OK, 0 rows affected (0.67 sec)
Records: 0  Duplicates: 0  Warnings: 0

Query OK, 0 rows affected (0.99 sec)
Records: 0  Duplicates: 0  Warnings: 0

Query OK, 0 rows affected (0.41 sec)

Query OK, 1714229 rows affected (3 min 5.78 sec)
Records: 1714229  Duplicates: 0  Warnings: 0

+---------+
| devices |
+---------+
|  133422 |
+---------+
1 row in set (0.11 sec)

+-----------------------+
| clientcontractdevices |
+-----------------------+
|               1714229 |
+-----------------------+
1 row in set (0.62 sec)

Query OK, 0 rows affected (0.02 sec)

Query OK, 133381 rows affected (6.40 sec)
Records: 133381  Duplicates: 0  Warnings: 0

+---------------------------+
| rep_clientcontractdevices |
+---------------------------+
|                    133381 |
+---------------------------+
1 row in set (0.05 sec)

Database changed
Query OK, 0 rows affected (0.03 sec)

Query OK, 0 rows affected (0.00 sec)

Query OK, 273003 rows affected (7.52 sec)
Records: 273003  Deleted: 0  Skipped: 0  Warnings: 0

Query OK, 0 rows affected (1.02 sec)
Records: 0  Duplicates: 0  Warnings: 0

Query OK, 0 rows affected (0.74 sec)
Records: 0  Duplicates: 0  Warnings: 0

Query OK, 0 rows affected (0.78 sec)
Records: 0  Duplicates: 0  Warnings: 0

Query OK, 0 rows affected (0.62 sec)
Records: 0  Duplicates: 0  Warnings: 0

+---------+
| tickets |
+---------+
|  273003 |
+---------+
1 row in set (0.10 sec)

Database changed
Query OK, 0 rows affected (0.00 sec)

Query OK, 0 rows affected (0.00 sec)

Empty set (0.01 sec)

Query OK, 0 rows affected (0.00 sec)
Records: 0  Duplicates: 0  Warnings: 0

Query OK, 348 rows affected, 2 warnings (0.02 sec)
Records: 348  Deleted: 0  Skipped: 0  Warnings: 2

+-----------------+
| tickettechusers |
+-----------------+
|             348 |
+-----------------+
1 row in set (0.00 sec)

Database changed
Query OK, 0 rows affected (0.00 sec)

Query OK, 0 rows affected (0.02 sec)

Query OK, 0 rows affected (0.01 sec)
Records: 0  Duplicates: 0  Warnings: 0

Query OK, 584116 rows affected, 44685 warnings (11.50 sec)
Records: 584116  Deleted: 0  Skipped: 0  Warnings: 44685

+-------------------+
| ticketassignments |
+-------------------+
|            584116 |
+-------------------+
1 row in set (0.16 sec)

Database changed
Query OK, 0 rows affected (0.06 sec)

Query OK, 0 rows affected (0.01 sec)

Query OK, 1200522 rows affected (17.91 sec)
Records: 1200522  Deleted: 0  Skipped: 0  Warnings: 0

Query OK, 0 rows affected (6.63 sec)
Records: 0  Duplicates: 0  Warnings: 0

Query OK, 0 rows affected (3.38 sec)
Records: 0  Duplicates: 0  Warnings: 0

Query OK, 0 rows affected (2.53 sec)
Records: 0  Duplicates: 0  Warnings: 0

Query OK, 0 rows affected (3.17 sec)
Records: 0  Duplicates: 0  Warnings: 0

+----------------+
| ticketcomments |
+----------------+
|        1200522 |
+----------------+
1 row in set (0.35 sec)

Database changed
Query OK, 0 rows affected (0.05 sec)

Query OK, 0 rows affected (0.00 sec)

Query OK, 434897 rows affected (42.94 sec)
Records: 434897  Deleted: 0  Skipped: 0  Warnings: 0

Query OK, 0 rows affected (2.60 sec)
Records: 0  Duplicates: 0  Warnings: 0

+----------+
| comments |
+----------+
|   434897 |
+----------+
1 row in set (0.13 sec)

Database changed
Query OK, 0 rows affected (0.03 sec)

Query OK, 0 rows affected (0.01 sec)

Query OK, 1133397 rows affected, 65535 warnings (1 min 6.55 sec)
Records: 1133397  Deleted: 0  Skipped: 0  Warnings: 1133413

Query OK, 0 rows affected (6.69 sec)
Records: 0  Duplicates: 0  Warnings: 0

Query OK, 0 rows affected (3.46 sec)
Records: 0  Duplicates: 0  Warnings: 0

Query OK, 0 rows affected (3.20 sec)
Records: 0  Duplicates: 0  Warnings: 0

Query OK, 0 rows affected (3.12 sec)
Records: 0  Duplicates: 0  Warnings: 0

Query OK, 0 rows affected (4.50 sec)
Records: 0  Duplicates: 0  Warnings: 0

+------------+
| devicesold |
+------------+
|    1133397 |
+------------+
1 row in set (0.36 sec)

Database changed
Query OK, 0 rows affected (0.02 sec)

Query OK, 0 rows affected (0.00 sec)

Query OK, 1707572 rows affected (35.11 sec)
Records: 1707572  Deleted: 0  Skipped: 0  Warnings: 0

Query OK, 0 rows affected (6.72 sec)
Records: 0  Duplicates: 0  Warnings: 0

Query OK, 0 rows affected (5.26 sec)
Records: 0  Duplicates: 0  Warnings: 0

Query OK, 0 rows affected (5.57 sec)
Records: 0  Duplicates: 0  Warnings: 0

+------------------+
| contractservices |
+------------------+
|          1707572 |
+------------------+
1 row in set (5.22 sec)

Database changed
Query OK, 0 rows affected (0.09 sec)

Query OK, 0 rows affected (0.03 sec)

Query OK, 3975448 rows affected (2 min 22.62 sec)
Records: 3975448  Deleted: 0  Skipped: 0  Warnings: 0

Query OK, 0 rows affected (13.96 sec)
Records: 0  Duplicates: 0  Warnings: 0

Query OK, 0 rows affected (13.88 sec)
Records: 0  Duplicates: 0  Warnings: 0

Query OK, 0 rows affected (17.56 sec)
Records: 0  Duplicates: 0  Warnings: 0

Query OK, 0 rows affected (11.02 sec)
Records: 0  Duplicates: 0  Warnings: 0

+------------------+
| invoicescontents |
+------------------+
|          3975448 |
+------------------+
1 row in set (1.26 sec)

Database changed
Query OK, 0 rows affected (0.18 sec)

Query OK, 0 rows affected (0.00 sec)

Query OK, 2772873 rows affected (3 min 7.23 sec)
Records: 2772873  Deleted: 0  Skipped: 0  Warnings: 0

Query OK, 0 rows affected (13.43 sec)
Records: 0  Duplicates: 0  Warnings: 0

Query OK, 0 rows affected (14.29 sec)
Records: 0  Duplicates: 0  Warnings: 0

Query OK, 0 rows affected (14.50 sec)
Records: 0  Duplicates: 0  Warnings: 0

Query OK, 0 rows affected (10.53 sec)
Records: 0  Duplicates: 0  Warnings: 0

Query OK, 0 rows affected (12.11 sec)
Records: 0  Duplicates: 0  Warnings: 0

+----------------+
| invoicesheader |
+----------------+
|        2772873 |
+----------------+
1 row in set (0.85 sec)

Database changed
Query OK, 0 rows affected (0.05 sec)

Query OK, 0 rows affected (0.00 sec)

Query OK, 2855196 rows affected (1 min 27.75 sec)
Records: 2855196  Deleted: 0  Skipped: 0  Warnings: 0

Query OK, 0 rows affected (9.14 sec)
Records: 0  Duplicates: 0  Warnings: 0

Query OK, 0 rows affected (8.67 sec)
Records: 0  Duplicates: 0  Warnings: 0

Query OK, 0 rows affected (8.82 sec)
Records: 0  Duplicates: 0  Warnings: 0

Query OK, 0 rows affected (8.47 sec)
Records: 0  Duplicates: 0  Warnings: 0

+---------+
| casa    |
+---------+
| 2855196 |
+---------+
1 row in set (0.83 sec)

Query OK, 0 rows affected (0.00 sec)

Query OK, 13668 rows affected (1 min 15.85 sec)
Records: 13668  Duplicates: 0  Warnings: 0

+--------------------+
| rep_paycol_channel |
+--------------------+
|              13668 |
+--------------------+
1 row in set (0.01 sec)

Query OK, 0 rows affected (0.01 sec)

Query OK, 9733 rows affected (1 min 32.03 sec)
Records: 9733  Duplicates: 0  Warnings: 0

+----------------+
| rep_paycol_pos |
+----------------+
|           9733 |
+----------------+
1 row in set (0.00 sec)

Database changed
Query OK, 0 rows affected (0.01 sec)

Query OK, 0 rows affected (0.01 sec)

Database changed
Query OK, 39035 rows affected (0.91 sec)
Records: 39035  Deleted: 0  Skipped: 0  Warnings: 0

+-------+
| users |
+-------+
| 39035 |
+-------+
1 row in set (0.02 sec)

Query OK, 0 rows affected (0.07 sec)
Records: 0  Duplicates: 0  Warnings: 0

Database changed
Query OK, 0 rows affected (0.05 sec)

Query OK, 0 rows affected (0.01 sec)

Query OK, 1872898 rows affected, 2 warnings (33.86 sec)
Records: 1872898  Deleted: 0  Skipped: 0  Warnings: 2

Query OK, 0 rows affected (8.03 sec)
Records: 0  Duplicates: 0  Warnings: 0

Query OK, 0 rows affected (5.96 sec)
Records: 0  Duplicates: 0  Warnings: 0

Query OK, 0 rows affected (5.99 sec)
Records: 0  Duplicates: 0  Warnings: 0

Query OK, 0 rows affected (3.98 sec)
Records: 0  Duplicates: 0  Warnings: 0

Query OK, 0 rows affected (4.95 sec)
Records: 0  Duplicates: 0  Warnings: 0

+-------------+
| useractions |
+-------------+
|     1872898 |
+-------------+
1 row in set (0.57 sec)

Database changed
Query OK, 0 rows affected (0.15 sec)

Query OK, 0 rows affected (0.00 sec)

Database changed
Query OK, 14584700 rows affected (3 min 7.30 sec)
Records: 14584700  Deleted: 0  Skipped: 0  Warnings: 0

Query OK, 0 rows affected (47.06 sec)
Records: 0  Duplicates: 0  Warnings: 0

Query OK, 0 rows affected (48.14 sec)
Records: 0  Duplicates: 0  Warnings: 0

Query OK, 0 rows affected (47.89 sec)
Records: 0  Duplicates: 0  Warnings: 0

Query OK, 0 rows affected (44.15 sec)
Records: 0  Duplicates: 0  Warnings: 0

+----------+
| ipusage1 |
+----------+
| 14584700 |
+----------+
1 row in set (9.70 sec)

Query OK, 0 rows affected (0.16 sec)

Query OK, 14714018 rows affected, 65535 warnings (16 min 7.15 sec)
Records: 14714018  Duplicates: 0  Warnings: 14710076

Query OK, 0 rows affected (41.68 sec)
Records: 0  Duplicates: 0  Warnings: 0

Query OK, 0 rows affected (46.96 sec)
Records: 0  Duplicates: 0  Warnings: 0

Query OK, 0 rows affected (48.25 sec)
Records: 0  Duplicates: 0  Warnings: 0

Query OK, 0 rows affected (46.15 sec)
Records: 0  Duplicates: 0  Warnings: 0

Query OK, 0 rows affected (1 min 4.68 sec)
Records: 0  Duplicates: 0  Warnings: 0

Query OK, 0 rows affected (1 min 8.46 sec)
Records: 0  Duplicates: 0  Warnings: 0

Query OK, 0 rows affected (1 min 5.13 sec)
Records: 0  Duplicates: 0  Warnings: 0

+----------+
| ipusage  |
+----------+
| 14714018 |
+----------+
1 row in set (11.25 sec)

Query OK, 0 rows affected (0.15 sec)

Query OK, 3706594 rows affected (3 min 27.98 sec)
Records: 3706594  Duplicates: 0  Warnings: 0

Query OK, 0 rows affected (14.62 sec)
Records: 0  Duplicates: 0  Warnings: 0

Query OK, 0 rows affected (12.46 sec)
Records: 0  Duplicates: 0  Warnings: 0

Query OK, 0 rows affected (13.66 sec)
Records: 0  Duplicates: 0  Warnings: 0

Query OK, 0 rows affected (14.38 sec)
Records: 0  Duplicates: 0  Warnings: 0

Query OK, 0 rows affected (11.74 sec)
Records: 0  Duplicates: 0  Warnings: 0

Query OK, 0 rows affected (0.28 sec)

Query OK, 304470 rows affected (27.87 sec)
Records: 304470  Duplicates: 0  Warnings: 0

Query OK, 0 rows affected (0.99 sec)
Records: 0  Duplicates: 0  Warnings: 0

Query OK, 0 rows affected (0.96 sec)
Records: 0  Duplicates: 0  Warnings: 0

Query OK, 0 rows affected (1.09 sec)
Records: 0  Duplicates: 0  Warnings: 0

Query OK, 0 rows affected (0.59 sec)
Records: 0  Duplicates: 0  Warnings: 0

Query OK, 0 rows affected (0.57 sec)
Records: 0  Duplicates: 0  Warnings: 0

Query OK, 0 rows affected (0.60 sec)
Records: 0  Duplicates: 0  Warnings: 0

Query OK, 0 rows affected (0.58 sec)
Records: 0  Duplicates: 0  Warnings: 0

Query OK, 0 rows affected (0.02 sec)

Query OK, 1707379 rows affected (1 min 3.14 sec)
Records: 1707379  Duplicates: 0  Warnings: 0

Query OK, 0 rows affected (7.54 sec)
Records: 0  Duplicates: 0  Warnings: 0

Query OK, 0 rows affected (4.85 sec)
Records: 0  Duplicates: 0  Warnings: 0

Query OK, 0 rows affected (6.41 sec)
Records: 0  Duplicates: 0  Warnings: 0

mysql> mysql \. C:\workspace\cloud\code\sql\_DailyScript\currenttime.sql
+---------------------+
| currenttime         |
+---------------------+
| 2020-02-16 11:51:21 |
+---------------------+
1 row in set (0.00 sec)

mysql> 
mysql> mysql \. C:\workspace\cloud\code\sql\_DailyScript\ticket_analysis.sql
Database changed
Query OK, 0 rows affected (0.04 sec)

Query OK, 561498 rows affected (24.81 sec)
Records: 561498  Duplicates: 0  Warnings: 0

Query OK, 0 rows affected (6.28 sec)
Records: 0  Duplicates: 0  Warnings: 0

Query OK, 0 rows affected (1.81 sec)
Records: 0  Duplicates: 0  Warnings: 0

Query OK, 0 rows affected (2.18 sec)
Records: 0  Duplicates: 0  Warnings: 0

Query OK, 0 rows affected (0.05 sec)

Query OK, 18978 rows affected (10.62 sec)
Records: 18978  Duplicates: 0  Warnings: 0

Query OK, 0 rows affected, 1 warning (0.00 sec)

Query OK, 77658 rows affected (6.15 sec)
Records: 77658  Duplicates: 0  Warnings: 0

Query OK, 0 rows affected, 1 warning (0.00 sec)

Query OK, 401470 rows affected (11.02 sec)
Records: 401470  Duplicates: 0  Warnings: 0

Query OK, 0 rows affected, 1 warning (0.00 sec)

Query OK, 401470 rows affected (12.41 sec)
Records: 401470  Duplicates: 0  Warnings: 0

Query OK, 0 rows affected (0.06 sec)

Query OK, 77716 rows affected (5.43 sec)
Records: 77716  Duplicates: 0  Warnings: 0

Database changed
Query OK, 0 rows affected (0.00 sec)

Query OK, 0 rows affected (0.03 sec)

Query OK, 561498 rows affected (18.21 sec)
Records: 561498  Duplicates: 0  Warnings: 0

Query OK, 0 rows affected (0.02 sec)

Query OK, 276669 rows affected (13.92 sec)
Records: 276669  Duplicates: 0  Warnings: 0

+--------------------------+
| clientticket_cmmtjourney |
+--------------------------+
|                   561498 |
+--------------------------+
1 row in set (4.67 sec)

+---------------------------+
| clientticket_assgnjourney |
+---------------------------+
|                    276669 |
+---------------------------+
1 row in set (0.32 sec)

Query OK, 0 rows affected (0.01 sec)

Query OK, 85 rows affected (0.12 sec)
Records: 85  Duplicates: 0  Warnings: 0

mysql> mysql \. C:\workspace\cloud\code\sql\_DailyScript\currenttime.sql
+---------------------+
| currenttime         |
+---------------------+
| 2020-02-16 11:53:20 |
+---------------------+
1 row in set (0.00 sec)

mysql> 
mysql> mysql \. C:\workspace\cloud\code\sql\_DailyScript\load_DailyCalls.sql
Database changed
Query OK, 312 rows affected (0.65 sec)
Records: 312  Deleted: 0  Skipped: 0  Warnings: 0

Query OK, 0 rows affected, 1 warning (0.00 sec)

Query OK, 303 rows affected (0.10 sec)
Records: 303  Duplicates: 0  Warnings: 0

Query OK, 0 rows affected, 1 warning (0.00 sec)

Query OK, 65381 rows affected (0.30 sec)
Records: 65381  Duplicates: 0  Warnings: 0

+----------------------+
| callingclientsbefore |
+----------------------+
|               837483 |
+----------------------+
1 row in set (2.04 sec)

Query OK, 456 rows affected (6.88 sec)
Records: 456  Duplicates: 0  Warnings: 0

+---------------------+
| callingclientsafter |
+---------------------+
|              837939 |
+---------------------+
1 row in set (0.23 sec)

Query OK, 0 rows affected (0.01 sec)

Query OK, 210 rows affected (11.46 sec)
Records: 210  Duplicates: 0  Warnings: 0

Query OK, 0 rows affected (0.00 sec)

Query OK, 17255 rows affected (2.71 sec)
Records: 17255  Duplicates: 0  Warnings: 0

+-----------+
| callstats |
+-----------+
|     17255 |
+-----------+
1 row in set (0.01 sec)

Query OK, 0 rows affected, 1 warning (0.00 sec)

Query OK, 456 rows affected (10.89 sec)
Records: 456  Duplicates: 0  Warnings: 0

+------------------------+
| rep_cccallreportbefore |
+------------------------+
|                 841879 |
+------------------------+
1 row in set (0.22 sec)

Query OK, 456 rows affected (1.24 sec)
Records: 456  Duplicates: 0  Warnings: 0

+-----------------------+
| rep_cccallreportafter |
+-----------------------+
|                842335 |
+-----------------------+
1 row in set (0.25 sec)

Query OK, 0 rows affected (0.00 sec)

mysql> mysql \. C:\workspace\cloud\code\sql\_DailyScript\currenttime.sql
+---------------------+
| currenttime         |
+---------------------+
| 2020-02-16 11:53:57 |
+---------------------+
1 row in set (0.00 sec)

mysql> 
mysql> mysql \. C:\workspace\cloud\code\sql\_DailyScript\DAILY-SCRIPT-USAGE.sql
Database changed
Query OK, 0 rows affected (0.00 sec)

Query OK, 7077 rows affected, 20517 warnings (3.06 sec)
Records: 7077  Deleted: 0  Skipped: 0  Warnings: 20517

Query OK, 0 rows affected (0.00 sec)

Query OK, 10749 rows affected, 31026 warnings (3.63 sec)
Records: 10749  Deleted: 0  Skipped: 0  Warnings: 31026

Query OK, 0 rows affected (0.00 sec)

Query OK, 155 rows affected, 567 warnings (0.06 sec)
Records: 155  Deleted: 0  Skipped: 0  Warnings: 567

Query OK, 0 rows affected (0.00 sec)

Query OK, 198 rows affected, 683 warnings (0.04 sec)
Records: 198  Deleted: 0  Skipped: 0  Warnings: 683

+------------+
| dailyusage |
+------------+
|   10443423 |
+------------+
1 row in set (31.93 sec)

+------------+------------+------------+---------+
| datestart  | dateend    | insertedon | records |
+------------+------------+------------+---------+
| 2020-02-15 | 2020-02-15 | 2020-02-16 |   18179 |
| 2020-02-14 | 2020-02-14 | 2020-02-15 |   18318 |
| 2020-02-13 | 2020-02-13 | 2020-02-14 |   18311 |
| 2020-02-12 | 2020-02-12 | 2020-02-13 |   18262 |
| 2020-02-11 | 2020-02-11 | 2020-02-12 |   18279 |
+------------+------------+------------+---------+
5 rows in set (3 min 56.03 sec)

mysql> mysql \. C:\workspace\cloud\code\sql\_DailyScript\currenttime.sql
+---------------------+
| currenttime         |
+---------------------+
| 2020-02-16 11:58:31 |
+---------------------+
1 row in set (0.00 sec)

mysql> 
mysql> mysql \. C:\workspace\cloud\code\sql\_DailyScript\DAILY-SCRIPT-SALES-TELEMETRY.sql
Database changed
Query OK, 52 rows affected, 19 warnings (0.10 sec)
Records: 52  Deleted: 0  Skipped: 0  Warnings: 19

+------------+
| dailysales |
+------------+
|     184533 |
+------------+
1 row in set (0.48 sec)

Query OK, 0 rows affected (0.01 sec)

Query OK, 184533 rows affected (19.05 sec)
Records: 184533  Duplicates: 0  Warnings: 0

+--------+
| sales  |
+--------+
| 184533 |
+--------+
1 row in set (0.09 sec)

Query OK, 0 rows affected (0.02 sec)

Query OK, 2964 rows affected (0.37 sec)
Records: 2964  Duplicates: 0  Warnings: 0

+----------------+
| rep_dailysales |
+----------------+
|           2964 |
+----------------+
1 row in set (0.00 sec)

Query OK, 0 rows affected (0.00 sec)

Query OK, 2964 rows affected (0.64 sec)
Records: 2964  Duplicates: 0  Warnings: 0

+-------------------+
| rep_dailysalesreg |
+-------------------+
|              2964 |
+-------------------+
1 row in set (0.00 sec)

Query OK, 0 rows affected (0.00 sec)

Query OK, 2657 rows affected (0.64 sec)
Records: 2657  Duplicates: 0  Warnings: 0

+-----------+
| saleslist |
+-----------+
|      2657 |
+-----------+
1 row in set (0.00 sec)

Database changed
ERROR 2 (HY000): File 'C:\ProgramData\MySQL\MySQL Server 5.7\Uploads\_csv\PrepaidCardSales-15022020-P1.csv' not found (Errcode: 2 - No such file or directory)
+------------------+
| dailysinglesales |
+------------------+
|             6166 |
+------------------+
1 row in set (0.08 sec)

Database changed
Query OK, 14 rows affected (0.04 sec)
Records: 14  Deleted: 0  Skipped: 0  Warnings: 0

+-----------------+
| dailyaddonsales |
+-----------------+
|           18311 |
+-----------------+
1 row in set (0.27 sec)

Query OK, 117 rows affected (0.43 sec)
Records: 117  Deleted: 0  Skipped: 0  Warnings: 0

+----------------+
| onlinepayments |
+----------------+
|          80767 |
+----------------+
1 row in set (0.17 sec)

+-------------+----------------+---------------------+
| paymentdate | onlinepayments | onlinepaymentamount |
+-------------+----------------+---------------------+
| 2020-02-15  |            117 |         80632.00000 |
| 2020-02-14  |             69 |         40102.50000 |
| 2020-02-13  |             97 |         68176.44000 |
| 2020-02-12  |             74 |         40243.95000 |
| 2020-02-11  |             71 |         52247.85000 |
+-------------+----------------+---------------------+
5 rows in set (3.85 sec)

+-------------+--------------+----------------+---------------------+
| paymentyear | paymentmonth | onlinepayments | onlinepaymentamount |
+-------------+--------------+----------------+---------------------+
|        2020 |            2 |           1525 |       1055049.14000 |
|        2020 |            1 |           3598 |       2395112.36000 |
|        2020 |         NULL |           5123 |       3450161.50000 |
|        2019 |           12 |           3234 |       2134467.48000 |
|        2019 |           11 |           3112 |       2058344.74000 |
+-------------+--------------+----------------+---------------------+
5 rows in set (0.09 sec)

mysql> mysql \. C:\workspace\cloud\code\sql\_DailyScript\currenttime.sql
+---------------------+
| currenttime         |
+---------------------+
| 2020-02-16 11:58:58 |
+---------------------+
1 row in set (0.00 sec)

mysql> 
mysql> mysql \. C:\workspace\cloud\code\sql\_DailyScript\DAILY-SCRIPT-ACTIVENUMBERS.sql
Database changed
Query OK, 1157 rows affected (0.77 sec)
Records: 1157  Deleted: 0  Skipped: 0  Warnings: 0

+------------+----------+
| period     | count(1) |
+------------+----------+
| 2020-02-15 |     1157 |
| 2020-02-14 |     1157 |
| 2020-02-13 |     1157 |
| 2020-02-12 |     1156 |
| 2020-02-11 |     1156 |
| 2020-02-10 |     1169 |
+------------+----------+
6 rows in set (0.00 sec)

Query OK, 0 rows affected (0.00 sec)

Query OK, 80 rows affected (1.54 sec)
Records: 80  Duplicates: 0  Warnings: 0

+-------------+
| packagelist |
+-------------+
|          80 |
+-------------+
1 row in set (0.00 sec)

Database changed
Query OK, 0 rows affected (0.00 sec)

Query OK, 0 rows affected (0.00 sec)

Query OK, 0 rows affected (0.00 sec)

Query OK, 0 rows affected (0.00 sec)

Query OK, 27186 rows affected, 205 warnings (1 min 1.79 sec)
Records: 27186  Deleted: 0  Skipped: 0  Warnings: 205

+------------+----------+
| period     | count(1) |
+------------+----------+
| 2020-02-15 |    27186 |
| 2020-02-14 |    27338 |
| 2020-02-13 |    27347 |
| 2020-02-12 |    27431 |
| 2020-02-11 |    27334 |
+------------+----------+
5 rows in set (0.26 sec)

Query OK, 0 rows affected (0.03 sec)

Query OK, 26584 rows affected (2 min 41.59 sec)
Records: 26584  Duplicates: 0  Warnings: 0

Query OK, 0 rows affected (0.13 sec)
Records: 0  Duplicates: 0  Warnings: 0

Query OK, 0 rows affected (0.10 sec)
Records: 0  Duplicates: 0  Warnings: 0

Query OK, 0 rows affected (0.10 sec)
Records: 0  Duplicates: 0  Warnings: 0

Query OK, 0 rows affected (0.08 sec)
Records: 0  Duplicates: 0  Warnings: 0

Query OK, 0 rows affected (0.07 sec)
Records: 0  Duplicates: 0  Warnings: 0

Query OK, 0 rows affected (0.08 sec)
Records: 0  Duplicates: 0  Warnings: 0

+-------------+
| countbefore |
+-------------+
|    33392378 |
+-------------+
1 row in set (1 min 29.50 sec)

Query OK, 26584 rows affected (28.74 sec)
Records: 26584  Duplicates: 0  Warnings: 0

+------------+
| countafter |
+------------+
|   33418962 |
+------------+
1 row in set (12.99 sec)

+------------+--------------------------+
| period     | customercontractactivity |
+------------+--------------------------+
| 2020-02-15 |                    26584 |
| 2020-02-14 |                    26736 |
| 2020-02-13 |                    26741 |
| 2020-02-12 |                    26825 |
| 2020-02-11 |                    26728 |
+------------+--------------------------+
5 rows in set (0.06 sec)

Query OK, 0 rows affected (0.11 sec)

Query OK, 252905 rows affected (17 min 17.07 sec)
Records: 252905  Duplicates: 0  Warnings: 0

Query OK, 0 rows affected (0.95 sec)
Records: 0  Duplicates: 0  Warnings: 0

Query OK, 0 rows affected (0.95 sec)
Records: 0  Duplicates: 0  Warnings: 0

Query OK, 0 rows affected (0.96 sec)
Records: 0  Duplicates: 0  Warnings: 0

Query OK, 0 rows affected (0.01 sec)

Query OK, 174 rows affected (0.45 sec)
Records: 174  Duplicates: 0  Warnings: 0

Query OK, 0 rows affected (0.01 sec)

Query OK, 2517 rows affected (0.54 sec)
Records: 2517  Duplicates: 0  Warnings: 0

Query OK, 0 rows affected (0.01 sec)

Query OK, 26571 rows affected (0.56 sec)
Records: 26571  Duplicates: 0  Warnings: 0

Query OK, 0 rows affected (0.01 sec)

Query OK, 16956 rows affected (0.37 sec)
Records: 16956  Duplicates: 0  Warnings: 0

Query OK, 0 rows affected (0.03 sec)

Query OK, 16956 rows affected (0.12 sec)
Records: 16956  Duplicates: 0  Warnings: 0

Query OK, 0 rows affected (0.01 sec)

Query OK, 16956 rows affected (1.19 sec)
Records: 16956  Duplicates: 0  Warnings: 0

Query OK, 0 rows affected (0.03 sec)

Query OK, 16956 rows affected (43.86 sec)
Records: 16956  Duplicates: 0  Warnings: 0

+-------------+
| clientstats |
+-------------+
|       16956 |
+-------------+
1 row in set (0.01 sec)

Query OK, 0 rows affected (0.00 sec)

Query OK, 12 rows affected, 1 warning (0.10 sec)
Records: 12  Duplicates: 0  Warnings: 1

+-----------------------+-------------+-------------+----------------+-----------------+
| services              | activecount | allaccounts | uniqueaccounts | uniquecontracts |
+-----------------------+-------------+-------------+----------------+-----------------+
| All                   |         279 |          47 |             47 |             152 |
| Internet & Voice      |         418 |         191 |            191 |             372 |
| Internet Only         |        4242 |        4142 |           4126 |            4181 |
| OTT Only              |           1 |           1 |              1 |               1 |
| TV & Internet         |        8965 |        3976 |           3965 |            8105 |
| TV & Internet & OTT   |        2667 |         717 |            717 |            1476 |
| TV & Internet & Voice |         486 |         145 |            145 |             444 |
| TV & OTT              |         338 |          68 |             67 |              86 |
| TV & Voice            |          98 |          43 |             43 |              89 |
| TV Only               |        9688 |        7478 |           7464 |            7670 |
| Voice Only            |         149 |         148 |            147 |             149 |
| GRAND TOTAL           |       27331 |       16956 |          16860 |           22725 |
+-----------------------+-------------+-------------+----------------+-----------------+
12 rows in set (0.00 sec)

+-------------+-------------+-------------+----------------+-----------------+
| network     | activecount | allaccounts | uniqueaccounts | uniquecontracts |
+-------------+-------------+-------------+----------------+-----------------+
| ADDON       |          14 |          10 |             10 |              10 |
| GPON        |        8266 |        4222 |           4219 |            6484 |
| HFC         |       19051 |       12724 |          12724 |           16231 |
| GRAND TOTAL |       27331 |       16956 |          16860 |           22725 |
+-------------+-------------+-------------+----------------+-----------------+
4 rows in set, 1 warning (0.11 sec)

+-------------+-----------------------+-------------+-------------+----------------+-----------------+
| network     | services              | activecount | allaccounts | uniqueaccounts | uniquecontracts |
+-------------+-----------------------+-------------+-------------+----------------+-----------------+
| ADDON       | OTT Only              |           1 |           1 |              1 |               1 |
| ADDON       | TV & OTT              |           6 |           2 |              2 |               2 |
| ADDON       | TV Only               |           7 |           7 |              7 |               7 |
| ADDON       | Services Total        |          14 |          10 |             10 |              10 |
| GPON        | All                   |         150 |          25 |             25 |              80 |
| GPON        | Internet & Voice      |          73 |          31 |             31 |              63 |
| GPON        | Internet Only         |        1096 |        1015 |           1015 |            1037 |
| GPON        | TV & Internet         |        3462 |        1487 |           1487 |            3055 |
| GPON        | TV & Internet & OTT   |        1461 |         387 |            387 |             803 |
| GPON        | TV & Internet & Voice |         158 |          45 |             45 |             140 |
| GPON        | TV & OTT              |          82 |          27 |             27 |              30 |
| GPON        | TV & Voice            |          49 |          21 |             21 |              44 |
| GPON        | TV Only               |        1727 |        1176 |           1176 |            1224 |
| GPON        | Voice Only            |           8 |           8 |              8 |               8 |
| GPON        | Services Total        |        8266 |        4222 |           4219 |            6484 |
| HFC         | All                   |         129 |          22 |             22 |              72 |
| HFC         | Internet & Voice      |         345 |         160 |            160 |             309 |
| HFC         | Internet Only         |        3146 |        3127 |           3127 |            3144 |
| HFC         | TV & Internet         |        5503 |        2489 |           2489 |            5050 |
| HFC         | TV & Internet & OTT   |        1206 |         330 |            330 |             673 |
| HFC         | TV & Internet & Voice |         328 |         100 |            100 |             304 |
| HFC         | TV & OTT              |         250 |          39 |             39 |              54 |
| HFC         | TV & Voice            |          49 |          22 |             22 |              45 |
| HFC         | TV Only               |        7954 |        6295 |           6295 |            6439 |
| HFC         | Voice Only            |         141 |         140 |            140 |             141 |
| HFC         | Services Total        |       19051 |       12724 |          12724 |           16231 |
| GRAND TOTAL | Services Total        |       27331 |       16956 |          16860 |           22725 |
+-------------+-----------------------+-------------+-------------+----------------+-----------------+
27 rows in set, 2 warnings (0.13 sec)

Query OK, 0 rows affected (0.00 sec)

Query OK, 47 rows affected, 3 warnings (0.17 sec)
Records: 47  Duplicates: 0  Warnings: 3

+-------------+---------------+-----------------------+-------------+-------------+----------------+-----------------+
| region      | network       | services              | activecount | allaccounts | uniqueaccounts | uniquecontracts |
+-------------+---------------+-----------------------+-------------+-------------+----------------+-----------------+
| Eden Island | GPON          | TV & Internet         |           2 |           1 |              1 |               2 |
| Eden Island | GPON          | Services Total        |           2 |           1 |              1 |               2 |
| Eden Island | Network Total | Services Total        |           2 |           1 |              1 |               2 |
| Mahe        | ADDON         | OTT Only              |           1 |           1 |              1 |               1 |
| Mahe        | ADDON         | TV & OTT              |           6 |           2 |              2 |               2 |
| Mahe        | ADDON         | TV Only               |           3 |           3 |              3 |               3 |
| Mahe        | ADDON         | Services Total        |          10 |           6 |              6 |               6 |
| Mahe        | GPON          | All                   |         132 |          22 |             22 |              71 |
| Mahe        | GPON          | Internet & Voice      |          61 |          25 |             25 |              51 |
| Mahe        | GPON          | Internet Only         |         865 |         784 |            784 |             806 |
| Mahe        | GPON          | TV & Internet         |        2585 |        1101 |           1101 |            2258 |
| Mahe        | GPON          | TV & Internet & OTT   |        1051 |         269 |            269 |             556 |
| Mahe        | GPON          | TV & Internet & Voice |         140 |          40 |             40 |             123 |
| Mahe        | GPON          | TV & OTT              |          63 |          19 |             19 |              21 |
| Mahe        | GPON          | TV & Voice            |          46 |          20 |             20 |              41 |
| Mahe        | GPON          | TV Only               |        1354 |         902 |            902 |             934 |
| Mahe        | GPON          | Voice Only            |           8 |           8 |              8 |               8 |
| Mahe        | GPON          | Services Total        |        6305 |        3190 |           3190 |            4869 |
| Mahe        | HFC           | All                   |         129 |          22 |             22 |              72 |
| Mahe        | HFC           | Internet & Voice      |         345 |         160 |            160 |             309 |
| Mahe        | HFC           | Internet Only         |        3145 |        3126 |           3126 |            3143 |
| Mahe        | HFC           | TV & Internet         |        5503 |        2489 |           2489 |            5050 |
| Mahe        | HFC           | TV & Internet & OTT   |        1206 |         330 |            330 |             673 |
| Mahe        | HFC           | TV & Internet & Voice |         328 |         100 |            100 |             304 |
| Mahe        | HFC           | TV & OTT              |         250 |          39 |             39 |              54 |
| Mahe        | HFC           | TV & Voice            |          49 |          22 |             22 |              45 |
| Mahe        | HFC           | TV Only               |        7949 |        6292 |           6292 |            6436 |
| Mahe        | HFC           | Voice Only            |         141 |         140 |            140 |             141 |
| Mahe        | HFC           | Services Total        |       19045 |       12720 |          12720 |           16227 |
| Mahe        | Network Total | Services Total        |       25360 |       15916 |          15826 |           21102 |
| Praslin     | ADDON         | TV Only               |           4 |           4 |              4 |               4 |
| Praslin     | ADDON         | Services Total        |           4 |           4 |              4 |               4 |
| Praslin     | GPON          | All                   |          18 |           3 |              3 |               9 |
| Praslin     | GPON          | Internet & Voice      |          12 |           6 |              6 |              12 |
| Praslin     | GPON          | Internet Only         |         231 |         231 |            231 |             231 |
| Praslin     | GPON          | TV & Internet         |         875 |         385 |            385 |             795 |
| Praslin     | GPON          | TV & Internet & OTT   |         410 |         118 |            118 |             247 |
| Praslin     | GPON          | TV & Internet & Voice |          18 |           5 |              5 |              17 |
| Praslin     | GPON          | TV & OTT              |          19 |           8 |              8 |               9 |
| Praslin     | GPON          | TV & Voice            |           3 |           1 |              1 |               3 |
| Praslin     | GPON          | TV Only               |         373 |         274 |            274 |             290 |
| Praslin     | GPON          | Services Total        |        1959 |        1031 |           1031 |            1613 |
| Praslin     | HFC           | Internet Only         |           1 |           1 |              1 |               1 |
| Praslin     | HFC           | TV Only               |           5 |           3 |              3 |               3 |
| Praslin     | HFC           | Services Total        |           6 |           4 |              4 |               4 |
| Praslin     | Network Total | Services Total        |        1969 |        1039 |           1036 |            1621 |
| GRAND TOTAL | Network Total | Services Total        |       27331 |       16956 |          16860 |           22725 |
+-------------+---------------+-----------------------+-------------+-------------+----------------+-----------------+
47 rows in set (0.00 sec)

Query OK, 0 rows affected (0.01 sec)

Query OK, 26572 rows affected (0.46 sec)
Records: 26572  Duplicates: 0  Warnings: 0

Query OK, 0 rows affected (0.01 sec)

Query OK, 1970 rows affected (14.97 sec)
Records: 1970  Duplicates: 0  Warnings: 0

+--------------------------------------+
| message                              |
+--------------------------------------+
| running rcbill_my.sp_ActiveNumber2() |
+--------------------------------------+
1 row in set (0.00 sec)

Query OK, 365 rows affected (3 min 16.88 sec)

mysql> mysql \. C:\workspace\cloud\code\sql\_DailyScript\currenttime.sql
+---------------------+
| currenttime         |
+---------------------+
| 2020-02-16 12:26:36 |
+---------------------+
1 row in set (0.00 sec)

mysql> 
mysql> mysql \. C:\workspace\cloud\code\sql\_DailyScript\GetActiveNumbers Average -Pivot.sql
Database changed
+-------------------------------------+
| @today := subdate(current_date(),1) |
+-------------------------------------+
| 2020-02-15                          |
+-------------------------------------+
1 row in set (0.00 sec)

+-------------------------------------+
| @lastdayofmonth := last_day(@today) |
+-------------------------------------+
| 2020-02-29                          |
+-------------------------------------+
1 row in set (0.00 sec)

Query OK, 0 rows affected (0.04 sec)

Query OK, 36565 rows affected, 65535 warnings (54.72 sec)
Records: 36565  Duplicates: 0  Warnings: 75376

Query OK, 0 rows affected (0.09 sec)
Records: 0  Duplicates: 0  Warnings: 0

Query OK, 0 rows affected (0.11 sec)
Records: 0  Duplicates: 0  Warnings: 0

Query OK, 0 rows affected (0.09 sec)
Records: 0  Duplicates: 0  Warnings: 0

+-----------------+
| activenumberavg |
+-----------------+
|           36565 |
+-----------------+
1 row in set (0.01 sec)

Query OK, 0 rows affected (0.01 sec)

Query OK, 1831 rows affected (0.47 sec)
Records: 1831  Duplicates: 0  Warnings: 0

+---------------------+
| rep_activenumberavg |
+---------------------+
|                1831 |
+---------------------+
1 row in set (0.00 sec)

+----------------------+
| rep_activenumberavg1 |
+----------------------+
|                  863 |
+----------------------+
1 row in set (0.00 sec)

Query OK, 0 rows affected (0.00 sec)

Query OK, 1881 rows affected (0.35 sec)
Records: 1881  Duplicates: 0  Warnings: 0

Query OK, 0 rows affected (0.01 sec)

Query OK, 9567 rows affected (0.63 sec)
Records: 9567  Duplicates: 0  Warnings: 0

Query OK, 0 rows affected (0.00 sec)

Query OK, 0 rows affected (0.01 sec)

Query OK, 0 rows affected (0.00 sec)

Query OK, 0 rows affected (0.00 sec)

Query OK, 0 rows affected (0.00 sec)
Statement prepared

Query OK, 53 rows affected (0.04 sec)
Records: 53  Duplicates: 0  Warnings: 0

Query OK, 0 rows affected (0.00 sec)

Query OK, 0 rows affected (0.00 sec)

+----------------------+
| rep_activenumberavg2 |
+----------------------+
|                 1881 |
+----------------------+
1 row in set (0.00 sec)

+------------------------+
| rep_activenumberavg_pv |
+------------------------+
|                     53 |
+------------------------+
1 row in set (0.00 sec)

Query OK, 0 rows affected (0.00 sec)

Query OK, 1881 rows affected (0.32 sec)
Records: 1881  Duplicates: 0  Warnings: 0

Query OK, 0 rows affected (0.00 sec)

Query OK, 0 rows affected (0.00 sec)

Query OK, 0 rows affected (0.00 sec)

Query OK, 0 rows affected (0.00 sec)

Query OK, 0 rows affected (0.00 sec)
Statement prepared

Query OK, 53 rows affected (0.06 sec)
Records: 53  Duplicates: 0  Warnings: 0

Query OK, 0 rows affected (0.00 sec)

Query OK, 0 rows affected (0.00 sec)

+-------------------------+
| rep_activenumberavgMahe |
+-------------------------+
|                    1881 |
+-------------------------+
1 row in set (0.00 sec)

+----------------------------+
| rep_activenumberavgMahe_pv |
+----------------------------+
|                         53 |
+----------------------------+
1 row in set (0.00 sec)

Query OK, 0 rows affected (0.00 sec)

Query OK, 1202 rows affected (0.14 sec)
Records: 1202  Duplicates: 0  Warnings: 0

Query OK, 0 rows affected (0.00 sec)

Query OK, 0 rows affected (0.00 sec)

Query OK, 0 rows affected (0.01 sec)

Query OK, 0 rows affected (0.00 sec)

Query OK, 0 rows affected (0.00 sec)
Statement prepared

Query OK, 40 rows affected (0.03 sec)
Records: 40  Duplicates: 0  Warnings: 0

Query OK, 0 rows affected (0.00 sec)

Query OK, 0 rows affected (0.00 sec)

+----------------------------+
| rep_activenumberavgPraslin |
+----------------------------+
|                       1202 |
+----------------------------+
1 row in set (0.00 sec)

+-------------------------------+
| rep_activenumberavgPraslin_pv |
+-------------------------------+
|                            40 |
+-------------------------------+
1 row in set (0.00 sec)

mysql> mysql \. C:\workspace\cloud\code\sql\_DailyScript\currenttime.sql
+---------------------+
| currenttime         |
+---------------------+
| 2020-02-16 12:27:33 |
+---------------------+
1 row in set (0.00 sec)

mysql> 
mysql> mysql \. C:\workspace\cloud\code\sql\_DailyScript\budget_actual_analysis_2020.sql
Query OK, 0 rows affected (0.02 sec)

Query OK, 634 rows affected, 3 warnings (0.13 sec)
Records: 634  Duplicates: 0  Warnings: 3

+--------------------+
| budget_actual_2020 |
+--------------------+
|                634 |
+--------------------+
1 row in set (0.00 sec)

Query OK, 0 rows affected (0.01 sec)

Query OK, 47 rows affected (0.03 sec)
Records: 47  Duplicates: 0  Warnings: 0

+---------------------------+
| rep_budget_actual_2020_pv |
+---------------------------+
|                        47 |
+---------------------------+
1 row in set (0.00 sec)

mysql> mysql \. C:\workspace\cloud\code\sql\_DailyScript\currenttime.sql
+---------------------+
| currenttime         |
+---------------------+
| 2020-02-16 12:27:33 |
+---------------------+
1 row in set (0.00 sec)

mysql> 
mysql> mysql \. C:\workspace\cloud\code\sql\_DailyScript\reports-sales-addons-prepaid-camera.sql
Database changed
Query OK, 0 rows affected (0.00 sec)

Query OK, 3981 rows affected (0.34 sec)
Records: 3981  Duplicates: 0  Warnings: 0

Query OK, 0 rows affected (0.01 sec)

Query OK, 18334 rows affected (1 min 49.59 sec)
Records: 18334  Duplicates: 0  Warnings: 0

+--------------------+
| rep_prepaid_camera |
+--------------------+
|               3981 |
+--------------------+
1 row in set (0.00 sec)

+-----------+
| rep_addon |
+-----------+
|     18334 |
+-----------+
1 row in set (0.01 sec)

mysql> mysql \. C:\workspace\cloud\code\sql\_DailyScript\currenttime.sql
+---------------------+
| currenttime         |
+---------------------+
| 2020-02-16 12:29:23 |
+---------------------+
1 row in set (0.00 sec)

mysql> 
mysql> mysql \. C:\workspace\cloud\code\sql\_DailyScript\housing-estate-analysis.sql
Database changed
Query OK, 0 rows affected (0.04 sec)

Query OK, 3062 rows affected (2 min 56.76 sec)
Records: 3062  Duplicates: 0  Warnings: 0

+--------------------+
| rep_housingestates |
+--------------------+
|               3062 |
+--------------------+
1 row in set (0.00 sec)

mysql> mysql \. C:\workspace\cloud\code\sql\_DailyScript\currenttime.sql
+---------------------+
| currenttime         |
+---------------------+
| 2020-02-16 12:32:20 |
+---------------------+
1 row in set (0.00 sec)

mysql> 
mysql> mysql \. C:\workspace\cloud\code\sql\_DailyScript\RCB_ClientAnalyticsReport_Script.sql
Database changed
Query OK, 0 rows affected (0.00 sec)

Query OK, 0 rows affected (0.08 sec)

Query OK, 1828619 rows affected (1 min 23.25 sec)
Records: 1828619  Duplicates: 0  Warnings: 0

Query OK, 0 rows affected (7.51 sec)
Records: 0  Duplicates: 0  Warnings: 0

Query OK, 0 rows affected (5.87 sec)
Records: 0  Duplicates: 0  Warnings: 0

Query OK, 0 rows affected (8.35 sec)
Records: 0  Duplicates: 0  Warnings: 0

Query OK, 0 rows affected (8.52 sec)
Records: 0  Duplicates: 0  Warnings: 0

Query OK, 0 rows affected (9.69 sec)
Records: 0  Duplicates: 0  Warnings: 0

Query OK, 0 rows affected (7.09 sec)
Records: 0  Duplicates: 0  Warnings: 0

Query OK, 0 rows affected (0.00 sec)

Query OK, 467934 rows affected (14.47 sec)
Rows matched: 1828619  Changed: 467934  Warnings: 0

Query OK, 0 rows affected (0.01 sec)

Query OK, 27651 rows affected (3.94 sec)
Records: 27651  Duplicates: 0  Warnings: 0

Query OK, 0 rows affected (0.03 sec)

Query OK, 43190 rows affected (10 min 17.05 sec)
Records: 43190  Duplicates: 0  Warnings: 0

Query OK, 0 rows affected (0.20 sec)
Records: 0  Duplicates: 0  Warnings: 0

Query OK, 0 rows affected (0.15 sec)
Records: 0  Duplicates: 0  Warnings: 0

Query OK, 0 rows affected (0.08 sec)
Records: 0  Duplicates: 0  Warnings: 0

Query OK, 0 rows affected (0.07 sec)

Query OK, 438412 rows affected (12 min 36.67 sec)
Records: 438412  Duplicates: 0  Warnings: 0

Query OK, 0 rows affected (1.57 sec)
Records: 0  Duplicates: 0  Warnings: 0

Query OK, 0 rows affected (1.55 sec)
Records: 0  Duplicates: 0  Warnings: 0

Query OK, 0 rows affected (0.82 sec)
Records: 0  Duplicates: 0  Warnings: 0

Query OK, 0 rows affected (1.91 sec)
Records: 0  Duplicates: 0  Warnings: 0

Query OK, 0 rows affected (1.21 sec)
Records: 0  Duplicates: 0  Warnings: 0

Query OK, 0 rows affected (0.06 sec)

Query OK, 43190 rows affected (1 min 24.95 sec)
Records: 43190  Duplicates: 0  Warnings: 0

+--------------+
| clientreport |
+--------------+
|        43190 |
+--------------+
1 row in set (0.02 sec)

Query OK, 0 rows affected (0.01 sec)

Query OK, 43190 rows affected (5.91 sec)
Records: 43190  Duplicates: 0  Warnings: 0

+----------------------+
| clientextendedreport |
+----------------------+
|                43190 |
+----------------------+
1 row in set (0.01 sec)

Query OK, 0 rows affected (0.03 sec)

Query OK, 43190 rows affected (43.70 sec)
Records: 43190  Duplicates: 0  Warnings: 0

+---------+
| allcust |
+---------+
|   43190 |
+---------+
1 row in set (0.01 sec)

Query OK, 0 rows affected, 1 warning (0.00 sec)

Query OK, 5000 rows affected (0.14 sec)
Records: 5000  Duplicates: 0  Warnings: 0

Query OK, 0 rows affected (0.02 sec)

Query OK, 6887 rows affected (0.33 sec)
Records: 6887  Duplicates: 0  Warnings: 0

Query OK, 0 rows affected, 1 warning (0.00 sec)

Query OK, 5000 rows affected (0.13 sec)
Records: 5000  Duplicates: 0  Warnings: 0

Query OK, 0 rows affected (0.00 sec)

Query OK, 7306 rows affected (0.19 sec)
Records: 7306  Duplicates: 0  Warnings: 0

mysql> mysql \. C:\workspace\cloud\code\sql\_DailyScript\currenttime.sql
+---------------------+
| currenttime         |
+---------------------+
| 2020-02-16 13:00:06 |
+---------------------+
1 row in set (0.00 sec)

mysql> 
mysql> 
mysql> mysql \. C:\workspace\cloud\code\sql\_DailyScript\REVENUE_PER_NODE_MXK.sql
Query OK, 0 rows affected (0.00 sec)

Query OK, 0 rows affected (0.00 sec)

Query OK, 0 rows affected (0.02 sec)

Query OK, 5632 rows affected (2.97 sec)
Records: 5632  Duplicates: 0  Warnings: 0

+----------------------+
| message              |
+----------------------+
| created temp table a |
+----------------------+
1 row in set (0.00 sec)

Query OK, 5843 rows affected (3.46 sec)
Records: 5843  Duplicates: 0  Warnings: 0

+----------------------+
| message              |
+----------------------+
| created temp table b |
+----------------------+
1 row in set (0.00 sec)

Query OK, 0 rows affected, 1 warning (0.00 sec)

Query OK, 5919 rows affected (11.06 sec)
Records: 5919  Duplicates: 0  Warnings: 0

+--------------------------------+
| message                        |
+--------------------------------+
| created rcbill_my.tempcustmxk1 |
+--------------------------------+
1 row in set (0.00 sec)

Query OK, 0 rows affected (0.00 sec)

Query OK, 0 rows affected (0.00 sec)

Query OK, 0 rows affected, 1 warning (0.01 sec)

Query OK, 5632 rows affected (1.24 sec)
Records: 5632  Duplicates: 0  Warnings: 0

+----------------+
| message        |
+----------------+
| created temp a |
+----------------+
1 row in set (0.00 sec)

Query OK, 5843 rows affected (0.60 sec)
Records: 5843  Duplicates: 0  Warnings: 0

+----------------+
| message        |
+----------------+
| created temp b |
+----------------+
1 row in set (0.00 sec)

Query OK, 0 rows affected, 1 warning (0.00 sec)

Query OK, 5934 rows affected (7.53 sec)
Records: 5934  Duplicates: 0  Warnings: 0

+--------------------------------+
| message                        |
+--------------------------------+
| created rcbill_my.tempcustmxk2 |
+--------------------------------+
1 row in set (0.00 sec)

Query OK, 0 rows affected (0.00 sec)

Query OK, 0 rows affected (0.02 sec)

Query OK, 0 rows affected, 1 warning (0.00 sec)

Query OK, 0 rows affected (0.02 sec)

Query OK, 6637 rows affected (0.30 sec)
Records: 6637  Duplicates: 0  Warnings: 0

+---------------------------------+
| message                         |
+---------------------------------+
| created rcbill_my.customers_mxk |
+---------------------------------+
1 row in set (0.00 sec)

Query OK, 0 rows affected (0.00 sec)

Query OK, 0 rows affected (0.00 sec)

Query OK, 13970 rows affected (5.63 sec)
Records: 13970  Duplicates: 0  Warnings: 0

+----------------+
| message        |
+----------------+
| created temp a |
+----------------+
1 row in set (0.00 sec)

Query OK, 19661 rows affected (2.91 sec)
Records: 19661  Duplicates: 0  Warnings: 0

+----------------+
| message        |
+----------------+
| created temp c |
+----------------+
1 row in set (0.00 sec)

Query OK, 0 rows affected, 1 warning (0.00 sec)

Query OK, 27363 rows affected (0.30 sec)
Records: 27363  Duplicates: 0  Warnings: 0

+---------------------------------+
| message                         |
+---------------------------------+
| created rcbill_my.tempcustcmts1 |
+---------------------------------+
1 row in set (0.00 sec)

Query OK, 0 rows affected (0.00 sec)

Query OK, 0 rows affected, 1 warning (0.00 sec)

Query OK, 0 rows affected (0.01 sec)

Query OK, 13970 rows affected (5.52 sec)
Records: 13970  Duplicates: 0  Warnings: 0

+----------------+
| message        |
+----------------+
| created temp a |
+----------------+
1 row in set (0.00 sec)

Query OK, 19661 rows affected (1.21 sec)
Records: 19661  Duplicates: 0  Warnings: 0

+----------------+
| message        |
+----------------+
| created temp c |
+----------------+
1 row in set (0.00 sec)

Query OK, 0 rows affected, 1 warning (0.00 sec)

Query OK, 20488 rows affected (0.25 sec)
Records: 20488  Duplicates: 0  Warnings: 0

+---------------------------------+
| message                         |
+---------------------------------+
| created rcbill_my.tempcustcmts2 |
+---------------------------------+
1 row in set (0.00 sec)

Query OK, 0 rows affected (0.01 sec)

Query OK, 0 rows affected, 1 warning (0.00 sec)

Query OK, 0 rows affected (0.01 sec)

Query OK, 0 rows affected (0.00 sec)

Query OK, 14058 rows affected (0.89 sec)
Records: 14058  Duplicates: 0  Warnings: 0

+----------------------------------+
| message                          |
+----------------------------------+
| created rcbill_my.customers_cmts |
+----------------------------------+
1 row in set (0.01 sec)

Query OK, 0 rows affected (0.00 sec)

Query OK, 0 rows affected (0.00 sec)

Query OK, 0 rows affected (0.03 sec)

Query OK, 17839 rows affected (0.84 sec)
Records: 17839  Duplicates: 0  Warnings: 0

+--------------------------------------+
| message                              |
+--------------------------------------+
| created rcbill_my.customers_cmts_mxk |
+--------------------------------------+
1 row in set (0.00 sec)

Query OK, 463768 rows affected (1 min 7.20 sec)
Records: 463768  Duplicates: 0  Warnings: 0

+----------------+
| message        |
+----------------+
| created temp a |
+----------------+
1 row in set (0.00 sec)

Query OK, 0 rows affected (0.02 sec)

Query OK, 464461 rows affected (14.66 sec)
Records: 464461  Duplicates: 0  Warnings: 0

+------------------------------------------------+
| message                                        |
+------------------------------------------------+
| created rcbill_my.customers_contracts_cmts_mxk |
+------------------------------------------------+
1 row in set (0.00 sec)

Query OK, 0 rows affected (0.00 sec)

Query OK, 0 rows affected, 1 warning (0.00 sec)

Query OK, 0 rows affected, 1 warning (0.00 sec)

Query OK, 0 rows affected (0.00 sec)

Query OK, 7986 rows affected (3.45 sec)
Rows matched: 7986  Changed: 7986  Warnings: 0

+------------------------------------------------+
| message                                        |
+------------------------------------------------+
| updated rcbill_my.customers_contracts_cmts_mxk |
+------------------------------------------------+
1 row in set (0.00 sec)

Query OK, 0 rows affected (0.10 sec)

Query OK, 1806908 rows affected (4 min 20.03 sec)
Records: 1806908  Duplicates: 0  Warnings: 0

+----------------------------------------+
| message                                |
+----------------------------------------+
| created rcbill_my.customers_collection |
+----------------------------------------+
1 row in set (0.00 sec)

Query OK, 0 rows affected (0.04 sec)

Query OK, 2082621 rows affected (2 min 4.48 sec)
Records: 2082621  Duplicates: 0  Warnings: 0

+------------------------------------------------+
| message                                        |
+------------------------------------------------+
| created rcbill_my.customers_cmts_mxk_cont_coll |
+------------------------------------------------+
1 row in set (0.00 sec)

Query OK, 0 rows affected (0.04 sec)

Query OK, 425011 rows affected (2 min 31.22 sec)
Records: 425011  Duplicates: 0  Warnings: 0

+--------------------------------------------------------+
| message                                                |
+--------------------------------------------------------+
| created rcbill_my.customers_contracts_collection_pivot |
+--------------------------------------------------------+
1 row in set (0.00 sec)

Query OK, 0 rows affected (0.02 sec)

Query OK, 39255 rows affected (2 min 27.28 sec)
Records: 39255  Duplicates: 0  Warnings: 0

+----------------------------------------------+
| message                                      |
+----------------------------------------------+
| created rcbill_my.customers_collection_pivot |
+----------------------------------------------+
1 row in set (0.00 sec)

Query OK, 0 rows affected (0.10 sec)

Query OK, 43190 rows affected (3.63 sec)
Records: 43190  Duplicates: 0  Warnings: 0

+--------------------------------------------+
| message                                    |
+--------------------------------------------+
| created rcbill_my.rep_customers_collection |
+--------------------------------------------+
1 row in set (0.00 sec)

Query OK, 0 rows affected (0.00 sec)

Query OK, 0 rows affected (0.00 sec)

Query OK, 432189 rows affected (21.56 sec)
Records: 432189  Duplicates: 0  Warnings: 0

+-------------------------+
| message                 |
+-------------------------+
| created rcbill_my.tempa |
+-------------------------+
1 row in set (0.00 sec)

Query OK, 0 rows affected, 1 warning (0.00 sec)

Query OK, 425011 rows affected (34.21 sec)
Records: 425011  Duplicates: 0  Warnings: 0

+-------------------------+
| message                 |
+-------------------------+
| created rcbill_my.tempb |
+-------------------------+
1 row in set (0.00 sec)

Query OK, 432189 rows affected (47.36 sec)
Records: 432189  Duplicates: 0  Warnings: 0

+-----------+
| message   |
+-----------+
| created a |
+-----------+
1 row in set (0.00 sec)

Query OK, 425023 rows affected (43.30 sec)
Records: 425023  Duplicates: 0  Warnings: 0

+-----------+
| message   |
+-----------+
| created b |
+-----------+
1 row in set (0.00 sec)

Query OK, 0 rows affected (0.02 sec)

Query OK, 0 rows affected (0.02 sec)

Query OK, 0 rows affected (0.03 sec)

Query OK, 468511 rows affected (52.34 sec)
Records: 468511  Duplicates: 0  Warnings: 0

+----------------------------------------------+
| message                                      |
+----------------------------------------------+
| created rcbill_my.cust_cont_payment_cmts_mxk |
+----------------------------------------------+
1 row in set (0.00 sec)

Query OK, 0 rows affected (0.01 sec)

Query OK, 0 rows affected (0.01 sec)

Query OK, 0 rows affected, 1 warning (0.00 sec)

Query OK, 0 rows affected (0.01 sec)

Query OK, 43190 rows affected (19.64 sec)
Records: 43190  Duplicates: 0  Warnings: 0

+--------------------------------------------------+
| message                                          |
+--------------------------------------------------+
| created rcbill_my.rep_cust_cont_payment_cmts_mxk |
+--------------------------------------------------+
1 row in set (0.00 sec)

Query OK, 0 rows affected, 1 warning (0.00 sec)

Query OK, 0 rows affected, 1 warning (0.00 sec)

Query OK, 0 rows affected (0.01 sec)

Query OK, 43190 rows affected, 5 warnings (10.10 sec)
Records: 43190  Duplicates: 0  Warnings: 5

+----------------------+
| rep_custconsolidated |
+----------------------+
|                43190 |
+----------------------+
1 row in set (0.87 sec)

Query OK, 0 rows affected (0.00 sec)

Query OK, 0 rows affected (0.02 sec)

+----------------------------------------------+
| message                                      |
+----------------------------------------------+
| creating rcbill_my.retentioncustomeractivity |
+----------------------------------------------+
1 row in set (0.00 sec)

Query OK, 831 rows affected (0.10 sec)
Records: 831  Duplicates: 0  Warnings: 0

+---------------------------+
| retentioncustomeractivity |
+---------------------------+
|                       831 |
+---------------------------+
1 row in set (0.00 sec)

+-----------+------------------------------------+------------+-------------+-----------------+------------------+---------------------+-------------------+
| HFC_NODE  | NODENAME                           | CMTS_DATE  | INSERTED_ON | UNIQUE_ACCOUNTS | UNIQUE_CONTRACTS | UNIQUE_MAC_INRCBOSS | UNIQUE_MAC_INCMTS |
+-----------+------------------------------------+------------+-------------+-----------------+------------------+---------------------+-------------------+
| NULL      | NULL                               | NULL       | 2020-02-16  |            6578 |             6914 |                6949 |                 0 |
| C5/0/0/U0 | ANSE-BOILEAU-2                     | 2020-01-06 | 2020-02-16  |             171 |              178 |                 171 |               171 |
| C5/0/0/U1 | 500-C3-ANSE-BOILEAU                | 2020-01-06 | 2020-02-16  |             176 |              178 |                 176 |               179 |
| C5/0/1/U0 | 501-C4-LA-MISIERE-LEFT-I           | 2020-01-06 | 2020-02-16  |             147 |              154 |                 147 |               150 |
| C5/0/1/U1 | 501-C5-LA-MISIERE-RIGHT            | 2020-01-06 | 2020-02-16  |              98 |              101 |                  98 |               100 |
| C5/0/1/U2 | 501-C7-LA-MISIERE-LEFT-II          | 2020-01-06 | 2020-02-16  |             146 |              153 |                 147 |               147 |
| C5/0/2/U0 | 502-C8-LA-LOUISE                   | 2020-01-06 | 2020-02-16  |             139 |              143 |                 139 |               143 |
| C5/0/2/U1 | LA-LOUISE-2                        | 2020-01-06 | 2020-02-16  |             131 |              131 |                 131 |               132 |
| C5/0/3/U0 | 504-C6-PETIT-PARIS                 | 2020-01-06 | 2020-02-16  |             158 |              162 |                 158 |               159 |
| C5/0/3/U1 | PETIT-PARIS-23                     | 2020-01-06 | 2020-02-16  |              76 |               79 |                  76 |                77 |
| C5/0/4/U0 | FOUR-SEASONS                       | 2020-01-06 | 2020-02-16  |               3 |                4 |                   4 |                 4 |
| C5/0/4/U1 | ANCHOR-CAFE-I                      | 2020-01-06 | 2020-02-16  |             144 |              147 |                 144 |               149 |
| C5/0/4/U2 | ANCHOR-CAFE-II                     | 2020-01-06 | 2020-02-16  |             142 |              146 |                 143 |               144 |
| C5/1/0/U0 | POINTE-LARUE-AIRPORT-23            | 2020-01-06 | 2020-02-16  |              51 |               54 |                  52 |                56 |
| C5/1/0/U1 | PPROVIDENCE-23                     | 2020-01-06 | 2020-02-16  |              21 |               24 |                  22 |                22 |
| C5/1/0/U2 | ROSHE-CAIMAN-23                    | 2020-01-06 | 2020-02-16  |               8 |                8 |                   8 |                 8 |
| C5/1/0/U3 | HEAD-OFFICE | HO-23                | 2020-01-06 | 2020-02-16  |              20 |               20 |                  20 |                20 |
| C5/1/1/U1 | C5-UNION-VALE                      | 2020-01-06 | 2020-02-16  |             186 |              191 |                 186 |               186 |
| C5/1/3/U0 | POINTE-LARUE-AIRPORT-27            | 2020-01-06 | 2020-02-16  |             171 |              176 |                 171 |               173 |
| C5/1/3/U1 | PPROVIDENCE-27                     | 2020-01-06 | 2020-02-16  |              27 |               27 |                  27 |                27 |
| C5/1/3/U2 | ROSHE-CAIMAN-27                    | 2020-01-06 | 2020-02-16  |              33 |               34 |                  32 |                32 |
| C5/1/3/U3 | HEAD-OFFICE | HO-27                | 2020-01-06 | 2020-02-16  |              18 |               19 |                  18 |                18 |
| C5/1/4/U0 | ANSE-ROYALE-27                     | 2020-01-06 | 2020-02-16  |              86 |               89 |                  86 |                87 |
| C5/1/4/U1 | GLACIS-2-57                        | 2020-01-06 | 2020-02-16  |              92 |               95 |                  92 |                95 |
| C5/1/4/U2 | NULL                               | 2020-01-06 | 2020-02-16  |              92 |               93 |                  92 |                93 |
| C5/1/4/U3 | GLACIS-1                           | 2020-01-06 | 2020-02-16  |              47 |               52 |                  47 |                48 |
| C6/0/1/U0 | SERRET-ROAD-RIGHT/CURIO/PASCAL     | 2020-01-06 | 2020-02-16  |             122 |              124 |                 122 |               122 |
| C6/0/1/U1 | SERRET-ROAD-LEFT/ST.LOUIS/TOWN     | 2020-01-06 | 2020-02-16  |             133 |              138 |                 133 |               134 |
| C6/0/1/U2 | SERRET-ROAD-RIGHT/CURIO/PASCAL-2   | 2020-01-06 | 2020-02-16  |             113 |              114 |                 113 |               113 |
| C6/0/1/U3 | SERRET-ROAD-LEFT/ST.LOUIS/TOWN-2   | 2020-01-06 | 2020-02-16  |             128 |              131 |                 128 |               128 |
| C6/0/2/U0 | SANS-SOUCIS-I                      | 2020-01-06 | 2020-02-16  |              85 |               88 |                  85 |                87 |
| C6/0/2/U1 | SANS-SOUCIS-II                     | 2020-01-06 | 2020-02-16  |             133 |              138 |                 133 |               136 |
| C6/0/2/U2 | BEL-AIR-27                         | 2020-01-06 | 2020-02-16  |              97 |               99 |                  97 |               101 |
| C6/0/2/U3 | BEL-AIR-38                         | 2020-01-06 | 2020-02-16  |             100 |              105 |                 100 |               101 |
| C6/0/3/U0 | LES-MAMELLES-23                    | 2020-01-06 | 2020-02-16  |              51 |               51 |                  51 |                51 |
| C6/0/3/U1 | VICTORIA-23                        | 2020-01-06 | 2020-02-16  |              12 |               12 |                  12 |                13 |
| C6/0/4/U0 | LES-MAMELLES-27                    | 2020-01-06 | 2020-02-16  |              85 |               85 |                  85 |                87 |
| C6/0/4/U1 | VICTORIA-27                        | 2020-01-06 | 2020-02-16  |              34 |               36 |                  35 |                37 |
| C7/1/0/U0 | LA-RETRAITE-23                     | 2020-01-06 | 2020-02-16  |             111 |              114 |                 112 |               114 |
| C7/1/0/U1 | TEA-FACTORY-23                     | 2020-01-06 | 2020-02-16  |              26 |               33 |                  28 |                28 |
| C7/1/0/U2 | PAS-23                             | 2020-01-06 | 2020-02-16  |             127 |              130 |                 128 |               128 |
| C7/1/1/U0 | REEF-ESTATE-23                     | 2020-01-06 | 2020-02-16  |              76 |               78 |                  76 |                78 |
| C7/1/1/U1 | BEL-OMBRE-NEW-23                   | 2020-01-06 | 2020-02-16  |               1 |                1 |                   1 |                 2 |
| C7/1/2/U0 | LA-RETRAITE-27                     | 2020-01-06 | 2020-02-16  |              80 |               84 |                  80 |                81 |
| C7/1/2/U1 | TEA-FACTORY-27                     | 2020-01-06 | 2020-02-16  |              22 |               25 |                  23 |                24 |
| C7/1/2/U2 | PAS-27                             | 2020-01-06 | 2020-02-16  |              72 |               75 |                  72 |                74 |
| C7/1/3/U0 | MT-BUXTON-27                       | 2020-01-06 | 2020-02-16  |             155 |              157 |                 155 |               156 |
| C7/1/3/U1 | MT-BUXTON-23                       | 2020-01-06 | 2020-02-16  |              71 |               73 |                  71 |                71 |
| C7/1/4/U0 | REEF-ESTATE-27                     | 2020-01-06 | 2020-02-16  |              79 |               79 |                  79 |                79 |
| C7/1/4/U1 | BEL-OMBRE-NEW-27                   | 2020-01-06 | 2020-02-16  |               4 |                4 |                   4 |                 4 |
| C8/0/0/U0 | POLICE-ACADEMY-1-27 - POINTE LARUE | 2020-01-06 | 2020-02-16  |             180 |              180 |                 180 |               182 |
| C8/0/0/U1 | NULL                               | 2020-01-06 | 2020-02-16  |             112 |              117 |                 113 |               116 |
| C8/0/1/U0 | NULL                               | 2020-01-06 | 2020-02-16  |             183 |              186 |                 182 |               182 |
| C8/0/1/U1 | POLICE-ACADEMY-2-27 - TURTLE BAY   | 2020-01-06 | 2020-02-16  |             141 |              143 |                 142 |               145 |
| C8/0/2/U0 | BEAU-VALLON-LEFT-1-57              | 2020-01-06 | 2020-02-16  |              60 |               62 |                  61 |                62 |
| C8/0/3/U1 | BEAU-VALLON-RIGHT-2-57             | 2020-01-06 | 2020-02-16  |             149 |              155 |                 149 |               150 |
| C8/1/0/U0 | MA-JOIE-NODE-27                    | 2020-01-06 | 2020-02-16  |             110 |              114 |                 109 |               110 |
| C8/1/0/U1 | BELONIE-27                         | 2020-01-06 | 2020-02-16  |             149 |              152 |                 148 |               150 |
| C8/1/0/U3 | MA-JOIE-NODE-23                    | 2020-01-06 | 2020-02-16  |             106 |              106 |                 106 |               107 |
| C8/1/1/U0 | 611-C1-ROJN I                      | 2020-01-06 | 2020-02-16  |             114 |              115 |                 114 |               115 |
| C8/1/1/U1 | 611-C5-ROJN II                     | 2020-01-06 | 2020-02-16  |             122 |              123 |                 122 |               124 |
| C8/1/2/U0 | 612-C2-ANSE-ETOILE                 | 2020-01-06 | 2020-02-16  |             160 |              164 |                 160 |               161 |
| C8/1/2/U1 | ANSE-ETOILE-U2                     | 2020-01-06 | 2020-02-16  |              69 |               70 |                  69 |                69 |
| C8/1/3/U0 | 613-C3-ANSE-GAULETTE I             | 2020-01-06 | 2020-02-16  |              64 |               71 |                  64 |                66 |
| C8/1/3/U1 | 613-C7-ANSE-GAULETTE II            | 2020-01-06 | 2020-02-16  |              72 |               75 |                  72 |                72 |
| C8/1/3/U2 | 613-C3-ANSE-GAULETTE III           | 2020-01-06 | 2020-02-16  |              30 |               32 |                  30 |                31 |
| C8/1/3/U3 | TAKAMAKA I                         | 2020-01-06 | 2020-02-16  |             104 |              107 |                 104 |               105 |
| C8/1/3/U4 | TAKAMAKA II                        | 2020-01-06 | 2020-02-16  |              96 |               97 |                  96 |                96 |
| C8/1/4/U0 | 614-BEOLIERE-NODE-1                | 2020-01-06 | 2020-02-16  |             108 |              110 |                 108 |               112 |
| C8/1/4/U1 | 614-BEOLIERE-NODE-2                | 2020-01-06 | 2020-02-16  |              99 |              102 |                  99 |               102 |
+-----------+------------------------------------+------------+-------------+-----------------+------------------+---------------------+-------------------+
70 rows in set (0.20 sec)

+------------------+------------+-------------+-----------------+------------------+----------------------+-------------------+
| MXK_NAME         | MXK_DATE   | INSERTED_ON | UNIQUE_ACCOUNTS | UNIQUE_CONTRACTS | UNIQUE_FSAN_INRCBOSS | UNIQUE_FSAN_INMXK |
+------------------+------------+-------------+-----------------+------------------+----------------------+-------------------+
| NULL             | NULL       | 2020-02-16  |             687 |              699 |                  688 |                 0 |
| MXK-ANSEETOILE   | 2020-01-06 | 2020-02-16  |             213 |              216 |                  216 |               228 |
| MXK-ANSEROYALE   | 2020-01-06 | 2020-02-16  |             147 |              147 |                  147 |               166 |
| MXK-BEAUVALLON   | 2020-01-06 | 2020-02-16  |            1443 |             1463 |                 1455 |              1537 |
| MXK-MAHE         | 2020-01-06 | 2020-02-16  |             926 |              953 |                  887 |              1124 |
| MXK-PERSEVERANCE | 2020-01-06 | 2020-02-16  |            1006 |             1013 |                 1012 |              1159 |
| MXK-PRASLIN      | 2020-01-06 | 2020-02-16  |            1205 |             1209 |                 1201 |              1357 |
+------------------+------------+-------------+-----------------+------------------+----------------------+-------------------+
7 rows in set (0.08 sec)

mysql> mysql \. C:\workspace\cloud\code\sql\_DailyScript\currenttime.sql
+---------------------+
| currenttime         |
+---------------------+
| 2020-02-16 13:17:33 |
+---------------------+
1 row in set (0.02 sec)

mysql> 
mysql> 
mysql> mysql \. C:\workspace\cloud\code\sql\Analysis\service_tickets_assignments.sql
Query OK, 0 rows affected (0.01 sec)

Query OK, 14252 rows affected (5.45 sec)
Records: 14252  Duplicates: 0  Warnings: 0

+-------------------------+
| rep_servicetickets_2020 |
+-------------------------+
|                   14252 |
+-------------------------+
1 row in set (0.01 sec)

mysql> mysql \. C:\workspace\cloud\code\sql\_DailyScript\currenttime.sql
+---------------------+
| currenttime         |
+---------------------+
| 2020-02-16 13:17:39 |
+---------------------+
1 row in set (0.00 sec)

mysql> 
mysql> 
mysql> exit
