    -> 
    -> mysql \. C:\workspace\cloud\code\sql\_DailyScript\_setdates.sql
Database changed
Query OK, 0 rows affected (0.00 sec)

Query OK, 0 rows affected (0.00 sec)

Query OK, 0 rows affected (0.00 sec)

Query OK, 0 rows affected (0.00 sec)

Query OK, 0 rows affected (0.00 sec)

Query OK, 0 rows affected (0.00 sec)

Query OK, 0 rows affected (0.00 sec)

Query OK, 0 rows affected (0.00 sec)

Query OK, 0 rows affected (0.00 sec)

Query OK, 0 rows affected (0.00 sec)

Query OK, 0 rows affected (0.00 sec)

Query OK, 0 rows affected (0.02 sec)

Query OK, 0 rows affected (0.00 sec)

Query OK, 0 rows affected (0.00 sec)

Query OK, 0 rows affected (0.00 sec)

Query OK, 0 rows affected (0.00 sec)

Query OK, 0 rows affected (0.00 sec)

Query OK, 0 rows affected (0.00 sec)

Query OK, 0 rows affected (0.00 sec)

Query OK, 0 rows affected (0.00 sec)

Query OK, 0 rows affected (0.00 sec)

mysql> mysql \. C:\workspace\cloud\code\sql\_DailyScript\currenttime.sql
+---------------------+
| currenttime         |
+---------------------+
| 2019-04-02 08:22:26 |
+---------------------+
1 row in set (0.00 sec)

mysql> 
mysql> mysql \. C:\workspace\cloud\code\sql\_DailyScript\load_RCB_VODTITLES.sql
Database changed
Query OK, 0 rows affected (0.00 sec)

Query OK, 3822 rows affected (0.08 sec)

Query OK, 3824 rows affected, 3824 warnings (0.16 sec)
Records: 3824  Deleted: 0  Skipped: 0  Warnings: 3824

Query OK, 0 rows affected (0.00 sec)

Query OK, 2 rows affected (0.02 sec)

+-----------+
| VODTITLES |
+-----------+
|      4283 |
+-----------+
1 row in set (0.00 sec)

+-----------+-----------+
| titletype | typecount |
+-----------+-----------+
| E         |      2758 |
| N         |       145 |
| T         |       919 |
| NULL      |      3822 |
+-----------+-----------+
4 rows in set (0.22 sec)

mysql> mysql \. C:\workspace\cloud\code\sql\_DailyScript\currenttime.sql
+---------------------+
| currenttime         |
+---------------------+
| 2019-04-02 08:22:26 |
+---------------------+
1 row in set (0.00 sec)

mysql> 
mysql> mysql \. C:\workspace\cloud\code\sql\_DailyScript\DAILY-SCRIPT-LIVETV-STATS.sql
Database changed
Query OK, 0 rows affected (0.30 sec)

Query OK, 57903 rows affected (1.89 sec)
Records: 57903  Duplicates: 0  Warnings: 0

+------------+------------+----------+--------------+--------------+-----------+-------------+----------+--------+------+------------+---------+---------------+
| Table      | Non_unique | Key_name | Seq_in_index | Column_name  | Collation | Cardinality | Sub_part | Packed | Null | Index_type | Comment | Index_comment |
+------------+------------+----------+--------------+--------------+-----------+-------------+----------+--------+------+------------+---------+---------------+
| templivetv |          1 | idxtv1   |            1 | device       | A         |       58306 |     NULL | NULL   | YES  | BTREE      |         |               |
| templivetv |          1 | idxtv2   |            1 | sessionstart | A         |       58306 |     NULL | NULL   | YES  | BTREE      |         |               |
+------------+------------+----------+--------------+--------------+-----------+-------------+----------+--------+------+------------+---------+---------------+
2 rows in set (0.01 sec)

Query OK, 57903 rows affected (25.68 sec)
Records: 57903  Duplicates: 0  Warnings: 0

Query OK, 2637 rows affected (0.91 sec)
Records: 2637  Duplicates: 0  Warnings: 0

Query OK, 0 rows affected (0.02 sec)

Query OK, 0 rows affected (0.00 sec)

Query OK, 139 rows affected (0.22 sec)
Records: 139  Duplicates: 0  Warnings: 0

Query OK, 0 rows affected (0.08 sec)

Query OK, 64461 rows affected (10 min 24.62 sec)
Records: 64461  Duplicates: 0  Warnings: 0

+-----------------+
| rep_livetvstats |
+-----------------+
|           64461 |
+-----------------+
1 row in set (0.02 sec)

mysql> mysql \. C:\workspace\cloud\code\sql\_DailyScript\currenttime.sql
+---------------------+
| currenttime         |
+---------------------+
| 2019-04-02 08:33:20 |
+---------------------+
1 row in set (0.00 sec)

mysql> 
mysql> mysql \. C:\workspace\cloud\code\sql\_DailyScript\DAILY-SCRIPT-VODTS-STATS.sql
Database changed
Query OK, 0 rows affected (0.03 sec)

Query OK, 1827 rows affected (25.49 sec)
Records: 1827  Duplicates: 0  Warnings: 0

+---------+------------+----------+--------------+--------------+-----------+-------------+----------+--------+------+------------+---------+---------------+
| Table   | Non_unique | Key_name | Seq_in_index | Column_name  | Collation | Cardinality | Sub_part | Packed | Null | Index_type | Comment | Index_comment |
+---------+------------+----------+--------------+--------------+-----------+-------------+----------+--------+------+------------+---------+---------------+
| tempvod |          1 | idxtvod1 |            1 | device       | A         |        1861 |     NULL | NULL   | YES  | BTREE      |         |               |
| tempvod |          1 | idxtvod2 |            1 | sessionstart | A         |        1861 |     NULL | NULL   | YES  | BTREE      |         |               |
+---------+------------+----------+--------------+--------------+-----------+-------------+----------+--------+------+------------+---------+---------------+
2 rows in set (0.00 sec)

Query OK, 1827 rows affected (1.30 sec)
Records: 1827  Duplicates: 0  Warnings: 0

Query OK, 0 rows affected (0.03 sec)

Query OK, 168341 rows affected (16.80 sec)
Records: 168341  Duplicates: 0  Warnings: 0

+--------------+
| rep_vodstats |
+--------------+
|       168341 |
+--------------+
1 row in set (0.07 sec)

Database changed
Query OK, 0 rows affected (0.03 sec)

Query OK, 9932 rows affected (3 min 36.37 sec)
Records: 9932  Duplicates: 0  Warnings: 0

+--------+------------+----------+--------------+--------------+-----------+-------------+----------+--------+------+------------+---------+---------------+
| Table  | Non_unique | Key_name | Seq_in_index | Column_name  | Collation | Cardinality | Sub_part | Packed | Null | Index_type | Comment | Index_comment |
+--------+------------+----------+--------------+--------------+-----------+-------------+----------+--------+------+------------+---------+---------------+
| tempts |          1 | idxtts1  |            1 | device       | A         |       10144 |     NULL | NULL   | YES  | BTREE      |         |               |
| tempts |          1 | idxtts2  |            1 | sessionstart | A         |       10144 |     NULL | NULL   | YES  | BTREE      |         |               |
+--------+------------+----------+--------------+--------------+-----------+-------------+----------+--------+------+------------+---------+---------------+
2 rows in set (0.00 sec)

Query OK, 9932 rows affected (9.78 sec)
Records: 9932  Duplicates: 0  Warnings: 0

Query OK, 0 rows affected (0.05 sec)

Query OK, 17665 rows affected (3 min 25.03 sec)
Records: 17665  Duplicates: 0  Warnings: 0

+-------------+
| rep_tsstats |
+-------------+
|       17665 |
+-------------+
1 row in set (0.00 sec)

mysql> mysql \. C:\workspace\cloud\code\sql\_DailyScript\currenttime.sql
+---------------------+
| currenttime         |
+---------------------+
| 2019-04-02 08:41:15 |
+---------------------+
1 row in set (0.00 sec)

mysql> 
mysql> mysql \. C:\workspace\cloud\code\sql\_DailyScript\DAILY-SCRIPT-RADIO-STATS.sql
Database changed
Query OK, 0 rows affected (0.01 sec)

Query OK, 133521 rows affected (6.64 sec)
Records: 133521  Duplicates: 0  Warnings: 0

+-----------+------------+----------+--------------+--------------+-----------+-------------+----------+--------+------+------------+---------+---------------+
| Table     | Non_unique | Key_name | Seq_in_index | Column_name  | Collation | Cardinality | Sub_part | Packed | Null | Index_type | Comment | Index_comment |
+-----------+------------+----------+--------------+--------------+-----------+-------------+----------+--------+------+------------+---------+---------------+
| tempradio |          1 | idxtrad1 |            1 | device       | A         |      134062 |     NULL | NULL   | YES  | BTREE      |         |               |
| tempradio |          1 | idxtrad2 |            1 | sessionstart | A         |      134062 |     NULL | NULL   | YES  | BTREE      |         |               |
+-----------+------------+----------+--------------+--------------+-----------+-------------+----------+--------+------+------------+---------+---------------+
2 rows in set (0.01 sec)

Query OK, 195 rows affected (2.98 sec)
Records: 195  Duplicates: 0  Warnings: 0

Query OK, 0 rows affected (0.01 sec)

Query OK, 2456 rows affected (0.25 sec)
Records: 2456  Duplicates: 0  Warnings: 0

+----------------+
| rep_radiostats |
+----------------+
|           2456 |
+----------------+
1 row in set (0.00 sec)

mysql> mysql \. C:\workspace\cloud\code\sql\_DailyScript\currenttime.sql
+---------------------+
| currenttime         |
+---------------------+
| 2019-04-02 08:41:25 |
+---------------------+
1 row in set (0.00 sec)

mysql> 
mysql> mysql \. C:\workspace\cloud\code\sql\_DailyScript\DAILY_SCRIPT_TELEMETRY_PIVOT.sql
Query OK, 0 rows affected (0.03 sec)

Query OK, 146 rows affected (0.22 sec)
Records: 146  Duplicates: 0  Warnings: 0

Query OK, 0 rows affected (0.02 sec)

Query OK, 3082 rows affected (0.52 sec)
Records: 3082  Duplicates: 0  Warnings: 0

Query OK, 0 rows affected (0.00 sec)

Query OK, 6 rows affected (0.02 sec)
Records: 6  Duplicates: 0  Warnings: 0

Query OK, 0 rows affected (0.03 sec)

Query OK, 54 rows affected (0.05 sec)
Records: 54  Duplicates: 0  Warnings: 0

mysql> mysql \. C:\workspace\cloud\code\sql\_DailyScript\currenttime.sql
+---------------------+
| currenttime         |
+---------------------+
| 2019-04-02 08:41:26 |
+---------------------+
1 row in set (0.00 sec)

mysql> 
mysql> mysql \. C:\workspace\cloud\code\sql\_DailyScript\telemetry_livetv_ranking2019.sql
Query OK, 0 rows affected (0.00 sec)

Query OK, 146 rows affected (0.16 sec)
Records: 146  Duplicates: 0  Warnings: 0

mysql> mysql \. C:\workspace\cloud\code\sql\_DailyScript\currenttime.sql
+---------------------+
| currenttime         |
+---------------------+
| 2019-04-02 08:41:26 |
+---------------------+
1 row in set (0.00 sec)

mysql> 
mysql> mysql \. C:\workspace\cloud\code\sql\_DailyScript\telemetry_radio_ranking2019.sql
Query OK, 0 rows affected (0.00 sec)

Query OK, 6 rows affected (0.08 sec)
Records: 6  Duplicates: 0  Warnings: 0

mysql> mysql \. C:\workspace\cloud\code\sql\_DailyScript\currenttime.sql
+---------------------+
| currenttime         |
+---------------------+
| 2019-04-02 08:41:26 |
+---------------------+
1 row in set (0.00 sec)

mysql> 
mysql> mysql \. C:\workspace\cloud\code\sql\_DailyScript\telemetry_ts_ranking2019.sql
Query OK, 0 rows affected (0.00 sec)

Query OK, 54 rows affected (0.02 sec)
Records: 54  Duplicates: 0  Warnings: 0

mysql> mysql \. C:\workspace\cloud\code\sql\_DailyScript\currenttime.sql
+---------------------+
| currenttime         |
+---------------------+
| 2019-04-02 08:41:26 |
+---------------------+
1 row in set (0.00 sec)

mysql> 
mysql> mysql \. C:\workspace\cloud\code\sql\_DailyScript\telemetry_vod_ranking2019.sql
Query OK, 0 rows affected (0.01 sec)

Query OK, 3082 rows affected (0.23 sec)
Records: 3082  Duplicates: 0  Warnings: 0

mysql> mysql \. C:\workspace\cloud\code\sql\_DailyScript\currenttime.sql
+---------------------+
| currenttime         |
+---------------------+
| 2019-04-02 08:41:26 |
+---------------------+
1 row in set (0.00 sec)

mysql> 
mysql> mysql \. C:\workspace\cloud\code\sql\_DailyScript\telemetry_vod_ranking2019_1.sql
Query OK, 0 rows affected (0.01 sec)

Query OK, 3082 rows affected (0.06 sec)
Records: 3082  Duplicates: 0  Warnings: 0

mysql> mysql \. C:\workspace\cloud\code\sql\_DailyScript\currenttime.sql
+---------------------+
| currenttime         |
+---------------------+
| 2019-04-02 08:41:26 |
+---------------------+
1 row in set (0.00 sec)

mysql> 
mysql> mysql \. C:\workspace\cloud\code\sql\_DailyScript\telemetry_vod_ranking2019_2.sql
Query OK, 0 rows affected (0.02 sec)

Query OK, 3082 rows affected (0.08 sec)
Records: 3082  Duplicates: 0  Warnings: 0

mysql> mysql \. C:\workspace\cloud\code\sql\_DailyScript\currenttime.sql
+---------------------+
| currenttime         |
+---------------------+
| 2019-04-02 08:41:27 |
+---------------------+
1 row in set (0.00 sec)

mysql> 
mysql> mysql \. C:\workspace\cloud\code\sql\_DailyScript\DAILY-SCRIPT-CREATE-LOAD.sql
Database changed
Database changed
Query OK, 0 rows affected (0.13 sec)

Query OK, 0 rows affected (0.01 sec)

Database changed
Query OK, 65094 rows affected (4.23 sec)
Records: 65094  Deleted: 0  Skipped: 0  Warnings: 0

Query OK, 0 rows affected (0.37 sec)
Records: 0  Duplicates: 0  Warnings: 0

Query OK, 0 rows affected (0.27 sec)
Records: 0  Duplicates: 0  Warnings: 0

Query OK, 0 rows affected (0.28 sec)
Records: 0  Duplicates: 0  Warnings: 0

Query OK, 0 rows affected (0.31 sec)
Records: 0  Duplicates: 0  Warnings: 0

+---------+
| clients |
+---------+
|   65094 |
+---------+
1 row in set (0.02 sec)

Query OK, 0 rows affected (0.02 sec)

Query OK, 1665 rows affected (0.84 sec)
Records: 1665  Duplicates: 0  Warnings: 0

+-------------------+
| rcb_clientparcels |
+-------------------+
|              1665 |
+-------------------+
1 row in set (0.00 sec)

Query OK, 0 rows affected (0.02 sec)

Query OK, 84479 rows affected (3.62 sec)
Records: 84479  Duplicates: 0  Warnings: 0

Query OK, 0 rows affected (0.33 sec)
Records: 0  Duplicates: 0  Warnings: 0

Query OK, 0 rows affected (0.03 sec)

Query OK, 65094 rows affected (3.40 sec)
Records: 65094  Duplicates: 0  Warnings: 0

Query OK, 0 rows affected (0.22 sec)
Records: 0  Duplicates: 0  Warnings: 0

Query OK, 0 rows affected (0.37 sec)
Records: 0  Duplicates: 0  Warnings: 0

Query OK, 0 rows affected (0.20 sec)
Records: 0  Duplicates: 0  Warnings: 0

+---------------+
| clientaddress |
+---------------+
|         65094 |
+---------------+
1 row in set (0.01 sec)

Database changed
Query OK, 0 rows affected (0.03 sec)

Query OK, 0 rows affected (0.00 sec)

Database changed
Query OK, 470745 rows affected, 65535 warnings (20.21 sec)
Records: 470745  Deleted: 0  Skipped: 0  Warnings: 181768

Query OK, 0 rows affected (1.52 sec)
Records: 0  Duplicates: 0  Warnings: 0

Query OK, 0 rows affected (2.84 sec)
Records: 0  Duplicates: 0  Warnings: 0

Query OK, 0 rows affected (1.94 sec)
Records: 0  Duplicates: 0  Warnings: 0

Query OK, 0 rows affected (0.03 sec)

Query OK, 470745 rows affected (51.05 sec)
Records: 470745  Duplicates: 0  Warnings: 0

Query OK, 0 rows affected (2.44 sec)
Records: 0  Duplicates: 0  Warnings: 0

Query OK, 0 rows affected (1.82 sec)
Records: 0  Duplicates: 0  Warnings: 0

+-----------+
| contracts |
+-----------+
|    470745 |
+-----------+
1 row in set (0.16 sec)

+-----------------+
| contractaddress |
+-----------------+
|          470745 |
+-----------------+
1 row in set (0.14 sec)

Database changed
Query OK, 0 rows affected (0.00 sec)

Query OK, 0 rows affected (0.01 sec)

Query OK, 6529 rows affected (0.15 sec)
Records: 6529  Deleted: 0  Skipped: 0  Warnings: 0

Query OK, 0 rows affected (0.03 sec)

Query OK, 6499 rows affected (0.52 sec)
Records: 6499  Duplicates: 0  Warnings: 0

Query OK, 0 rows affected (0.03 sec)
Records: 0  Duplicates: 0  Warnings: 0

Query OK, 0 rows affected (0.02 sec)

Query OK, 5354 rows affected (0.04 sec)
Records: 5354  Duplicates: 0  Warnings: 0

Query OK, 0 rows affected (0.03 sec)
Records: 0  Duplicates: 0  Warnings: 0

+-------------------+
| contractdiscounts |
+-------------------+
|              6529 |
+-------------------+
1 row in set (0.00 sec)

+-------------------------+
| clientcontractdiscounts |
+-------------------------+
|                    6499 |
+-------------------------+
1 row in set (0.00 sec)

+----------------------------+
| clientcontractlastdiscount |
+----------------------------+
|                       5354 |
+----------------------------+
1 row in set (0.00 sec)

Database changed
Query OK, 0 rows affected (0.04 sec)

Query OK, 0 rows affected (0.02 sec)

Database changed
Query OK, 127789 rows affected (3.00 sec)
Records: 127789  Deleted: 0  Skipped: 0  Warnings: 0

Query OK, 0 rows affected (0.38 sec)
Records: 0  Duplicates: 0  Warnings: 0

Query OK, 0 rows affected (0.34 sec)
Records: 0  Duplicates: 0  Warnings: 0

Query OK, 0 rows affected (0.70 sec)
Records: 0  Duplicates: 0  Warnings: 0

Query OK, 0 rows affected (0.28 sec)
Records: 0  Duplicates: 0  Warnings: 0

Query OK, 0 rows affected (0.40 sec)
Records: 0  Duplicates: 0  Warnings: 0

Query OK, 0 rows affected (0.55 sec)
Records: 0  Duplicates: 0  Warnings: 0

Query OK, 0 rows affected (0.27 sec)

Query OK, 1605329 rows affected (2 min 43.61 sec)
Records: 1605329  Duplicates: 0  Warnings: 0

+---------+
| devices |
+---------+
|  127789 |
+---------+
1 row in set (0.09 sec)

+-----------------------+
| clientcontractdevices |
+-----------------------+
|               1605329 |
+-----------------------+
1 row in set (0.64 sec)

Query OK, 0 rows affected (0.06 sec)

Query OK, 127599 rows affected (7.12 sec)
Records: 127599  Duplicates: 0  Warnings: 0

+---------------------------+
| rep_clientcontractdevices |
+---------------------------+
|                    127599 |
+---------------------------+
1 row in set (0.05 sec)

Database changed
Query OK, 0 rows affected (0.03 sec)

Query OK, 0 rows affected (0.00 sec)

Query OK, 239453 rows affected (6.73 sec)
Records: 239453  Deleted: 0  Skipped: 0  Warnings: 0

Query OK, 0 rows affected (0.61 sec)
Records: 0  Duplicates: 0  Warnings: 0

Query OK, 0 rows affected (0.66 sec)
Records: 0  Duplicates: 0  Warnings: 0

Query OK, 0 rows affected (0.78 sec)
Records: 0  Duplicates: 0  Warnings: 0

Query OK, 0 rows affected (0.52 sec)
Records: 0  Duplicates: 0  Warnings: 0

+---------+
| tickets |
+---------+
|  239453 |
+---------+
1 row in set (0.08 sec)

Database changed
Query OK, 0 rows affected (0.01 sec)

Query OK, 0 rows affected (0.00 sec)

Empty set (0.00 sec)

Query OK, 0 rows affected (0.00 sec)
Records: 0  Duplicates: 0  Warnings: 0

Query OK, 313 rows affected, 2 warnings (0.01 sec)
Records: 313  Deleted: 0  Skipped: 0  Warnings: 2

+-----------------+
| tickettechusers |
+-----------------+
|             313 |
+-----------------+
1 row in set (0.00 sec)

Database changed
Query OK, 0 rows affected (0.02 sec)

Query OK, 0 rows affected (0.00 sec)

Query OK, 0 rows affected (0.00 sec)
Records: 0  Duplicates: 0  Warnings: 0

Query OK, 492625 rows affected, 41427 warnings (9.17 sec)
Records: 492625  Deleted: 0  Skipped: 0  Warnings: 41427

+-------------------+
| ticketassignments |
+-------------------+
|            492625 |
+-------------------+
1 row in set (0.16 sec)

Database changed
Query OK, 0 rows affected (0.02 sec)

Query OK, 0 rows affected (0.02 sec)

Query OK, 1034624 rows affected (18.14 sec)
Records: 1034624  Deleted: 0  Skipped: 0  Warnings: 0

Query OK, 0 rows affected (2.56 sec)
Records: 0  Duplicates: 0  Warnings: 0

Query OK, 0 rows affected (2.70 sec)
Records: 0  Duplicates: 0  Warnings: 0

Query OK, 0 rows affected (2.36 sec)
Records: 0  Duplicates: 0  Warnings: 0

Query OK, 0 rows affected (2.84 sec)
Records: 0  Duplicates: 0  Warnings: 0

+----------------+
| ticketcomments |
+----------------+
|        1034624 |
+----------------+
1 row in set (0.31 sec)

Database changed
Query OK, 0 rows affected (0.05 sec)

Query OK, 0 rows affected (0.01 sec)

Query OK, 397420 rows affected (38.69 sec)
Records: 397420  Deleted: 0  Skipped: 0  Warnings: 0

Query OK, 0 rows affected (2.28 sec)
Records: 0  Duplicates: 0  Warnings: 0

+----------+
| comments |
+----------+
|   397420 |
+----------+
1 row in set (0.13 sec)

Database changed
Query OK, 0 rows affected (0.09 sec)

Query OK, 0 rows affected (0.00 sec)

Query OK, 715243 rows affected, 65535 warnings (1 min 0.63 sec)
Records: 715243  Deleted: 0  Skipped: 0  Warnings: 715244

Query OK, 0 rows affected (2.25 sec)
Records: 0  Duplicates: 0  Warnings: 0

Query OK, 0 rows affected (2.39 sec)
Records: 0  Duplicates: 0  Warnings: 0

Query OK, 0 rows affected (2.31 sec)
Records: 0  Duplicates: 0  Warnings: 0

Query OK, 0 rows affected (2.17 sec)
Records: 0  Duplicates: 0  Warnings: 0

Query OK, 0 rows affected (3.11 sec)
Records: 0  Duplicates: 0  Warnings: 0

+------------+
| devicesold |
+------------+
|     715243 |
+------------+
1 row in set (0.25 sec)

Database changed
Query OK, 0 rows affected (0.02 sec)

Query OK, 0 rows affected (0.00 sec)

Query OK, 1599096 rows affected (27.82 sec)
Records: 1599096  Deleted: 0  Skipped: 0  Warnings: 0

Query OK, 0 rows affected (4.95 sec)
Records: 0  Duplicates: 0  Warnings: 0

Query OK, 0 rows affected (5.42 sec)
Records: 0  Duplicates: 0  Warnings: 0

Query OK, 0 rows affected (4.73 sec)
Records: 0  Duplicates: 0  Warnings: 0

+------------------+
| contractservices |
+------------------+
|          1599096 |
+------------------+
1 row in set (0.56 sec)

Database changed
Query OK, 0 rows affected (0.05 sec)

Query OK, 0 rows affected (0.01 sec)

Query OK, 3545966 rows affected (2 min 7.81 sec)
Records: 3545966  Deleted: 0  Skipped: 0  Warnings: 0

Query OK, 0 rows affected (10.39 sec)
Records: 0  Duplicates: 0  Warnings: 0

Query OK, 0 rows affected (11.90 sec)
Records: 0  Duplicates: 0  Warnings: 0

Query OK, 0 rows affected (12.78 sec)
Records: 0  Duplicates: 0  Warnings: 0

Query OK, 0 rows affected (12.66 sec)
Records: 0  Duplicates: 0  Warnings: 0

+------------------+
| invoicescontents |
+------------------+
|          3545966 |
+------------------+
1 row in set (1.14 sec)

Database changed
Query OK, 0 rows affected (0.05 sec)

Query OK, 0 rows affected (0.00 sec)

Query OK, 2436122 rows affected (3 min 3.33 sec)
Records: 2436122  Deleted: 0  Skipped: 0  Warnings: 0

Query OK, 0 rows affected (14.13 sec)
Records: 0  Duplicates: 0  Warnings: 0

Query OK, 0 rows affected (11.48 sec)
Records: 0  Duplicates: 0  Warnings: 0

Query OK, 0 rows affected (10.64 sec)
Records: 0  Duplicates: 0  Warnings: 0

Query OK, 0 rows affected (11.36 sec)
Records: 0  Duplicates: 0  Warnings: 0

Query OK, 0 rows affected (11.32 sec)
Records: 0  Duplicates: 0  Warnings: 0

+----------------+
| invoicesheader |
+----------------+
|        2436122 |
+----------------+
1 row in set (0.84 sec)

Database changed
Query OK, 0 rows affected (0.03 sec)

Query OK, 0 rows affected (0.01 sec)

Query OK, 2576250 rows affected (1 min 32.77 sec)
Records: 2576250  Deleted: 0  Skipped: 0  Warnings: 0

Query OK, 0 rows affected (8.11 sec)
Records: 0  Duplicates: 0  Warnings: 0

Query OK, 0 rows affected (8.29 sec)
Records: 0  Duplicates: 0  Warnings: 0

Query OK, 0 rows affected (8.19 sec)
Records: 0  Duplicates: 0  Warnings: 0

Query OK, 0 rows affected (8.14 sec)
Records: 0  Duplicates: 0  Warnings: 0

+---------+
| casa    |
+---------+
| 2576250 |
+---------+
1 row in set (0.86 sec)

Query OK, 0 rows affected (0.00 sec)

Query OK, 12017 rows affected (1 min 9.42 sec)
Records: 12017  Duplicates: 0  Warnings: 0

+--------------------+
| rep_paycol_channel |
+--------------------+
|              12017 |
+--------------------+
1 row in set (0.01 sec)

Query OK, 0 rows affected (0.00 sec)

Query OK, 8179 rows affected (1 min 23.85 sec)
Records: 8179  Duplicates: 0  Warnings: 0

+----------------+
| rep_paycol_pos |
+----------------+
|           8179 |
+----------------+
1 row in set (0.00 sec)

Database changed
Query OK, 0 rows affected (0.00 sec)

Query OK, 0 rows affected (0.00 sec)

Database changed
Query OK, 37825 rows affected (0.84 sec)
Records: 37825  Deleted: 0  Skipped: 0  Warnings: 0

+-------+
| users |
+-------+
| 37825 |
+-------+
1 row in set (0.03 sec)

Database changed
Query OK, 0 rows affected (0.06 sec)

Query OK, 0 rows affected (0.00 sec)

Database changed
Query OK, 8339111 rows affected (1 min 49.59 sec)
Records: 8339111  Deleted: 0  Skipped: 0  Warnings: 0

Query OK, 0 rows affected (27.02 sec)
Records: 0  Duplicates: 0  Warnings: 0

Query OK, 0 rows affected (26.11 sec)
Records: 0  Duplicates: 0  Warnings: 0

Query OK, 0 rows affected (27.24 sec)
Records: 0  Duplicates: 0  Warnings: 0

Query OK, 0 rows affected (24.75 sec)
Records: 0  Duplicates: 0  Warnings: 0

+----------+
| ipusage1 |
+----------+
|  8339111 |
+----------+
1 row in set (2.61 sec)

Query OK, 0 rows affected (0.09 sec)

Query OK, 8400280 rows affected, 65535 warnings (9 min 55.44 sec)
Records: 8400280  Duplicates: 0  Warnings: 8390584

Query OK, 0 rows affected (28.22 sec)
Records: 0  Duplicates: 0  Warnings: 0

Query OK, 0 rows affected (27.42 sec)
Records: 0  Duplicates: 0  Warnings: 0

Query OK, 0 rows affected (26.97 sec)
Records: 0  Duplicates: 0  Warnings: 0

Query OK, 0 rows affected (26.23 sec)
Records: 0  Duplicates: 0  Warnings: 0

Query OK, 0 rows affected (36.92 sec)
Records: 0  Duplicates: 0  Warnings: 0

Query OK, 0 rows affected (42.63 sec)
Records: 0  Duplicates: 0  Warnings: 0

Query OK, 0 rows affected (36.63 sec)
Records: 0  Duplicates: 0  Warnings: 0

+---------+
| ipusage |
+---------+
| 8400280 |
+---------+
1 row in set (3.00 sec)

Query OK, 0 rows affected (0.08 sec)

Query OK, 3080974 rows affected (2 min 21.68 sec)
Records: 3080974  Duplicates: 0  Warnings: 0

Query OK, 0 rows affected (13.04 sec)
Records: 0  Duplicates: 0  Warnings: 0

Query OK, 0 rows affected (8.64 sec)
Records: 0  Duplicates: 0  Warnings: 0

Query OK, 0 rows affected (11.65 sec)
Records: 0  Duplicates: 0  Warnings: 0

Query OK, 0 rows affected (14.54 sec)
Records: 0  Duplicates: 0  Warnings: 0

Query OK, 0 rows affected (0.03 sec)

Query OK, 277711 rows affected (25.94 sec)
Records: 277711  Duplicates: 0  Warnings: 0

Query OK, 0 rows affected (1.19 sec)
Records: 0  Duplicates: 0  Warnings: 0

Query OK, 0 rows affected (1.05 sec)
Records: 0  Duplicates: 0  Warnings: 0

Query OK, 0 rows affected (1.23 sec)
Records: 0  Duplicates: 0  Warnings: 0

Query OK, 0 rows affected (0.67 sec)
Records: 0  Duplicates: 0  Warnings: 0

Query OK, 0 rows affected (0.73 sec)
Records: 0  Duplicates: 0  Warnings: 0

mysql> mysql \. C:\workspace\cloud\code\sql\_DailyScript\currenttime.sql
+---------------------+
| currenttime         |
+---------------------+
| 2019-04-02 09:22:09 |
+---------------------+
1 row in set (0.00 sec)

mysql> 
mysql> mysql \. C:\workspace\cloud\code\sql\_DailyScript\ticket_analysis.sql
Database changed
Query OK, 0 rows affected (0.14 sec)

Query OK, 395607 rows affected (21.51 sec)
Records: 395607  Duplicates: 0  Warnings: 0

Query OK, 0 rows affected (2.80 sec)
Records: 0  Duplicates: 0  Warnings: 0

Query OK, 0 rows affected (1.25 sec)
Records: 0  Duplicates: 0  Warnings: 0

Query OK, 0 rows affected (1.20 sec)
Records: 0  Duplicates: 0  Warnings: 0

Query OK, 0 rows affected (0.01 sec)

Query OK, 14726 rows affected (8.76 sec)
Records: 14726  Duplicates: 0  Warnings: 0

Query OK, 0 rows affected, 1 warning (0.00 sec)

Query OK, 54259 rows affected (4.98 sec)
Records: 54259  Duplicates: 0  Warnings: 0

Query OK, 0 rows affected, 1 warning (0.00 sec)

Query OK, 281701 rows affected (8.83 sec)
Records: 281701  Duplicates: 0  Warnings: 0

Query OK, 0 rows affected, 1 warning (0.02 sec)

Query OK, 281701 rows affected (9.08 sec)
Records: 281701  Duplicates: 0  Warnings: 0

Query OK, 0 rows affected (0.03 sec)

Query OK, 54299 rows affected (2.67 sec)
Records: 54299  Duplicates: 0  Warnings: 0

Database changed
Query OK, 0 rows affected (0.02 sec)

Query OK, 0 rows affected (0.01 sec)

Query OK, 395607 rows affected (17.12 sec)
Records: 395607  Duplicates: 0  Warnings: 0

Query OK, 0 rows affected (0.07 sec)

Query OK, 185178 rows affected (10.72 sec)
Records: 185178  Duplicates: 0  Warnings: 0

+--------------------------+
| clientticket_cmmtjourney |
+--------------------------+
|                   395607 |
+--------------------------+
1 row in set (0.52 sec)

+---------------------------+
| clientticket_assgnjourney |
+---------------------------+
|                    185178 |
+---------------------------+
1 row in set (0.23 sec)

Query OK, 0 rows affected (0.00 sec)

Query OK, 69 rows affected (0.06 sec)
Records: 69  Duplicates: 0  Warnings: 0

mysql> mysql \. C:\workspace\cloud\code\sql\_DailyScript\currenttime.sql
+---------------------+
| currenttime         |
+---------------------+
| 2019-04-02 09:23:39 |
+---------------------+
1 row in set (0.00 sec)

mysql> 
mysql> mysql \. C:\workspace\cloud\code\sql\_DailyScript\load_DailyCalls.sql
Database changed
Query OK, 578 rows affected (0.56 sec)
Records: 578  Deleted: 0  Skipped: 0  Warnings: 0

Query OK, 0 rows affected, 1 warning (0.01 sec)

Query OK, 552 rows affected (0.16 sec)
Records: 552  Duplicates: 0  Warnings: 0

Query OK, 0 rows affected, 1 warning (0.00 sec)

Query OK, 66607 rows affected (0.58 sec)
Records: 66607  Duplicates: 0  Warnings: 0

+----------------------+
| callingclientsbefore |
+----------------------+
|               646436 |
+----------------------+
1 row in set (9.04 sec)

Query OK, 747 rows affected (13.31 sec)
Records: 747  Duplicates: 0  Warnings: 0

+---------------------+
| callingclientsafter |
+---------------------+
|              647183 |
+---------------------+
1 row in set (0.27 sec)

Query OK, 0 rows affected (0.00 sec)

Query OK, 363 rows affected (10.40 sec)
Records: 363  Duplicates: 0  Warnings: 0

Query OK, 0 rows affected (0.00 sec)

Query OK, 13378 rows affected (2.03 sec)
Records: 13378  Duplicates: 0  Warnings: 0

+-----------+
| callstats |
+-----------+
|     13378 |
+-----------+
1 row in set (0.01 sec)

mysql> mysql \. C:\workspace\cloud\code\sql\_DailyScript\currenttime.sql
+---------------------+
| currenttime         |
+---------------------+
| 2019-04-02 09:24:16 |
+---------------------+
1 row in set (0.00 sec)

mysql> 
mysql> mysql \. C:\workspace\cloud\code\sql\_DailyScript\DAILY-SCRIPT-USAGE.sql
Database changed
Query OK, 0 rows affected (0.00 sec)

Query OK, 6454 rows affected, 18724 warnings (2.81 sec)
Records: 6454  Deleted: 0  Skipped: 0  Warnings: 18724

Query OK, 0 rows affected (0.00 sec)

Query OK, 10838 rows affected, 31393 warnings (4.08 sec)
Records: 10838  Deleted: 0  Skipped: 0  Warnings: 31393

Query OK, 0 rows affected (0.00 sec)

Query OK, 50 rows affected, 170 warnings (0.01 sec)
Records: 50  Deleted: 0  Skipped: 0  Warnings: 170

Query OK, 0 rows affected (0.00 sec)

Query OK, 311 rows affected, 1098 warnings (0.06 sec)
Records: 311  Deleted: 0  Skipped: 0  Warnings: 1098

+------------+
| dailyusage |
+------------+
|    5009270 |
+------------+
1 row in set (12.23 sec)

+------------+------------+------------+---------+
| datestart  | dateend    | insertedon | records |
+------------+------------+------------+---------+
| 2019-04-01 | 2019-04-01 | 2019-04-02 |   17653 |
| 2019-03-31 | 2019-03-31 | 2019-04-01 |   17213 |
| 2019-03-30 | 2019-03-30 | 2019-03-31 |   17253 |
| 2019-03-29 | 2019-03-29 | 2019-03-30 |   17446 |
| 2019-03-28 | 2019-03-28 | 2019-03-29 |   17429 |
+------------+------------+------------+---------+
5 rows in set (2 min 24.92 sec)

mysql> mysql \. C:\workspace\cloud\code\sql\_DailyScript\currenttime.sql
+---------------------+
| currenttime         |
+---------------------+
| 2019-04-02 09:27:00 |
+---------------------+
1 row in set (0.00 sec)

mysql> 
mysql> mysql \. C:\workspace\cloud\code\sql\_DailyScript\DAILY-SCRIPT-SALES-TELEMETRY.sql
Database changed
Query OK, 239 rows affected, 88 warnings (0.06 sec)
Records: 239  Deleted: 0  Skipped: 0  Warnings: 88

+------------+
| dailysales |
+------------+
|     147710 |
+------------+
1 row in set (0.31 sec)

Query OK, 0 rows affected (0.19 sec)

Query OK, 147710 rows affected (14.54 sec)
Records: 147710  Duplicates: 0  Warnings: 0

+--------+
| sales  |
+--------+
| 147710 |
+--------+
1 row in set (0.08 sec)

Query OK, 0 rows affected (0.02 sec)

Query OK, 2350 rows affected (0.55 sec)
Records: 2350  Duplicates: 0  Warnings: 0

+-----------+
| saleslist |
+-----------+
|      2350 |
+-----------+
1 row in set (0.00 sec)

Database changed
ERROR 2 (HY000): File 'C:\ProgramData\MySQL\MySQL Server 5.7\Uploads\_csv\PrepaidCardSales-01042019-P1.csv' not found (Errcode: 2 - No such file or directory)
+------------------+
| dailysinglesales |
+------------------+
|             5619 |
+------------------+
1 row in set (0.06 sec)

Database changed
Query OK, 10 rows affected (0.04 sec)
Records: 10  Deleted: 0  Skipped: 0  Warnings: 0

+-----------------+
| dailyaddonsales |
+-----------------+
|           15253 |
+-----------------+
1 row in set (0.16 sec)

Query OK, 185 rows affected (0.51 sec)
Records: 185  Deleted: 0  Skipped: 0  Warnings: 0

+----------------+
| onlinepayments |
+----------------+
|          48247 |
+----------------+
1 row in set (0.11 sec)

+-------------+----------------+---------------------+
| paymentdate | onlinepayments | onlinepaymentamount |
+-------------+----------------+---------------------+
| 2019-04-01  |            185 |        146948.54000 |
| 2019-03-31  |             99 |         58895.60000 |
| 2019-03-30  |             64 |         40568.96000 |
| 2019-03-29  |             75 |         42718.65000 |
| 2019-03-28  |             95 |         62413.95000 |
+-------------+----------------+---------------------+
5 rows in set (1.82 sec)

+-------------+--------------+----------------+---------------------+
| paymentyear | paymentmonth | onlinepayments | onlinepaymentamount |
+-------------+--------------+----------------+---------------------+
|        2019 |            4 |            185 |        146948.54000 |
|        2019 |            3 |           2821 |       1851177.84000 |
|        2019 |            2 |           2441 |       1600446.38000 |
|        2019 |            1 |           2609 |       1678277.98000 |
|        2019 |         NULL |           8056 |       5276850.74000 |
+-------------+--------------+----------------+---------------------+
5 rows in set (0.05 sec)

mysql> mysql \. C:\workspace\cloud\code\sql\_DailyScript\currenttime.sql
+---------------------+
| currenttime         |
+---------------------+
| 2019-04-02 09:27:18 |
+---------------------+
1 row in set (0.00 sec)

mysql> 
mysql> mysql \. C:\workspace\cloud\code\sql\_DailyScript\DAILY-SCRIPT-ACTIVENUMBERS.sql
Database changed
Query OK, 1331 rows affected (0.63 sec)
Records: 1331  Deleted: 0  Skipped: 0  Warnings: 0

+------------+----------+
| period     | count(1) |
+------------+----------+
| 2019-04-01 |     1331 |
| 2019-03-31 |     1333 |
| 2019-03-30 |     1333 |
| 2019-03-29 |     1334 |
| 2019-03-28 |     1331 |
| 2019-03-27 |     1328 |
+------------+----------+
6 rows in set (0.00 sec)

Query OK, 0 rows affected (0.00 sec)

Query OK, 87 rows affected (0.37 sec)
Records: 87  Duplicates: 0  Warnings: 0

+-------------+
| packagelist |
+-------------+
|          87 |
+-------------+
1 row in set (0.00 sec)

Database changed
Query OK, 0 rows affected (0.00 sec)

Query OK, 0 rows affected (0.00 sec)

Query OK, 0 rows affected (0.00 sec)

Query OK, 0 rows affected (0.00 sec)

Query OK, 27093 rows affected, 238 warnings (1 min 7.20 sec)
Records: 27093  Deleted: 0  Skipped: 0  Warnings: 238

+------------+----------+
| period     | count(1) |
+------------+----------+
| 2019-04-01 |    27093 |
| 2019-03-31 |    27385 |
| 2019-03-30 |    27336 |
| 2019-03-29 |    27177 |
| 2019-03-28 |    26832 |
+------------+----------+
5 rows in set (0.20 sec)

Query OK, 0 rows affected (0.05 sec)

Query OK, 26454 rows affected (1 min 47.35 sec)
Records: 26454  Duplicates: 0  Warnings: 0

Query OK, 0 rows affected (0.15 sec)
Records: 0  Duplicates: 0  Warnings: 0

Query OK, 0 rows affected (0.20 sec)
Records: 0  Duplicates: 0  Warnings: 0

Query OK, 0 rows affected (0.18 sec)
Records: 0  Duplicates: 0  Warnings: 0

Query OK, 0 rows affected (0.12 sec)
Records: 0  Duplicates: 0  Warnings: 0

Query OK, 0 rows affected (0.15 sec)
Records: 0  Duplicates: 0  Warnings: 0

Query OK, 0 rows affected (0.07 sec)
Records: 0  Duplicates: 0  Warnings: 0

+-------------+
| countbefore |
+-------------+
|    24928227 |
+-------------+
1 row in set (1 min 36.76 sec)

Query OK, 26454 rows affected (31.23 sec)
Records: 26454  Duplicates: 0  Warnings: 0

+------------+
| countafter |
+------------+
|   24954681 |
+------------+
1 row in set (8.87 sec)

+------------+--------------------------+
| period     | customercontractactivity |
+------------+--------------------------+
| 2019-04-01 |                    26454 |
| 2019-03-31 |                    26746 |
| 2019-03-30 |                    26697 |
| 2019-03-29 |                    26538 |
| 2019-03-28 |                    26194 |
+------------+--------------------------+
5 rows in set (0.07 sec)

Query OK, 0 rows affected (0.06 sec)

Query OK, 210870 rows affected (15 min 58.42 sec)
Records: 210870  Duplicates: 0  Warnings: 0

Query OK, 0 rows affected (0.13 sec)

Query OK, 245 rows affected (0.64 sec)
Records: 245  Duplicates: 0  Warnings: 0

Query OK, 0 rows affected (0.00 sec)

Query OK, 2360 rows affected (0.58 sec)
Records: 2360  Duplicates: 0  Warnings: 0

Query OK, 0 rows affected (0.00 sec)

Query OK, 26445 rows affected (0.92 sec)
Records: 26445  Duplicates: 0  Warnings: 0

Query OK, 0 rows affected (0.02 sec)

Query OK, 17082 rows affected (0.38 sec)
Records: 17082  Duplicates: 0  Warnings: 0

Query OK, 0 rows affected (0.03 sec)

Query OK, 17082 rows affected (0.18 sec)
Records: 17082  Duplicates: 0  Warnings: 0

Query OK, 0 rows affected (0.02 sec)

Query OK, 17082 rows affected (1.72 sec)
Records: 17082  Duplicates: 0  Warnings: 0

Query OK, 0 rows affected (0.05 sec)

Query OK, 17082 rows affected (3 min 6.18 sec)
Records: 17082  Duplicates: 0  Warnings: 0

+-------------+
| clientstats |
+-------------+
|       17082 |
+-------------+
1 row in set (0.00 sec)

Query OK, 0 rows affected (0.02 sec)

Query OK, 13 rows affected, 1 warning (0.12 sec)
Records: 13  Duplicates: 0  Warnings: 1

+-----------------------+-------------+-------------+----------------+-----------------+
| services              | activecount | allaccounts | uniqueaccounts | uniquecontracts |
+-----------------------+-------------+-------------+----------------+-----------------+
| All                   |         119 |          26 |             26 |              82 |
| Internet & Voice      |         440 |         202 |            202 |             396 |
| Internet Only         |        4197 |        4053 |           4047 |            4134 |
| OTT Only              |           2 |           2 |              2 |               2 |
| TV & Internet         |        9146 |        3965 |           3957 |            8077 |
| TV & Internet & OTT   |        1626 |         473 |            473 |             960 |
| TV & Internet & Voice |         571 |         160 |            160 |             495 |
| TV & OTT              |         119 |          41 |             41 |              42 |
| TV & Voice            |         110 |          47 |             47 |              97 |
| TV & Voice & OTT      |          10 |           1 |              1 |               3 |
| TV Only               |       10672 |        7915 |           7909 |            8122 |
| Voice Only            |         198 |         197 |            197 |             198 |
| GRAND TOTAL           |       27210 |       17082 |          17021 |           22608 |
+-----------------------+-------------+-------------+----------------+-----------------+
13 rows in set (0.00 sec)

+-------------+-------------+-------------+----------------+-----------------+
| network     | activecount | allaccounts | uniqueaccounts | uniquecontracts |
+-------------+-------------+-------------+----------------+-----------------+
| ADDON       |          16 |           8 |              8 |               8 |
| GPON        |        6638 |        3399 |           3399 |            5149 |
| HFC         |       20556 |       13675 |          13675 |           17451 |
| GRAND TOTAL |       27210 |       17082 |          17021 |           22608 |
+-------------+-------------+-------------+----------------+-----------------+
4 rows in set, 1 warning (0.14 sec)

+-------------+-----------------------+-------------+-------------+----------------+-----------------+
| network     | services              | activecount | allaccounts | uniqueaccounts | uniquecontracts |
+-------------+-----------------------+-------------+-------------+----------------+-----------------+
| ADDON       | OTT Only              |           2 |           2 |              2 |               2 |
| ADDON       | TV & OTT              |           9 |           2 |              2 |               2 |
| ADDON       | TV Only               |           5 |           4 |              4 |               4 |
| ADDON       | Services Total        |          16 |           8 |              8 |               8 |
| GPON        | All                   |          29 |           6 |              6 |              20 |
| GPON        | Internet & Voice      |          61 |          25 |             25 |              51 |
| GPON        | Internet Only         |         894 |         814 |            814 |             832 |
| GPON        | TV & Internet         |        3048 |        1253 |           1253 |            2587 |
| GPON        | TV & Internet & OTT   |         736 |         205 |            205 |             421 |
| GPON        | TV & Internet & Voice |         150 |          40 |             40 |             123 |
| GPON        | TV & OTT              |          62 |          21 |             21 |              21 |
| GPON        | TV & Voice            |          49 |          19 |             19 |              41 |
| GPON        | TV Only               |        1601 |        1008 |           1008 |            1045 |
| GPON        | Voice Only            |           8 |           8 |              8 |               8 |
| GPON        | Services Total        |        6638 |        3399 |           3399 |            5149 |
| HFC         | All                   |          90 |          20 |             20 |              62 |
| HFC         | Internet & Voice      |         379 |         177 |            177 |             345 |
| HFC         | Internet Only         |        3303 |        3239 |           3239 |            3302 |
| HFC         | TV & Internet         |        6098 |        2712 |           2712 |            5490 |
| HFC         | TV & Internet & OTT   |         890 |         268 |            268 |             539 |
| HFC         | TV & Internet & Voice |         421 |         120 |            120 |             372 |
| HFC         | TV & OTT              |          48 |          18 |             18 |              19 |
| HFC         | TV & Voice            |          61 |          28 |             28 |              56 |
| HFC         | TV & Voice & OTT      |          10 |           1 |              1 |               3 |
| HFC         | TV Only               |        9066 |        6903 |           6903 |            7073 |
| HFC         | Voice Only            |         190 |         189 |            189 |             190 |
| HFC         | Services Total        |       20556 |       13675 |          13675 |           17451 |
| GRAND TOTAL | Services Total        |       27210 |       17082 |          17021 |           22608 |
+-------------+-----------------------+-------------+-------------+----------------+-----------------+
28 rows in set, 2 warnings (0.15 sec)

Query OK, 0 rows affected (0.05 sec)

Query OK, 44 rows affected, 3 warnings (0.25 sec)
Records: 44  Duplicates: 0  Warnings: 3

+-------------+---------------+-----------------------+-------------+-------------+----------------+-----------------+
| region      | network       | services              | activecount | allaccounts | uniqueaccounts | uniquecontracts |
+-------------+---------------+-----------------------+-------------+-------------+----------------+-----------------+
| Mahe        | ADDON         | OTT Only              |           2 |           2 |              2 |               2 |
| Mahe        | ADDON         | TV & OTT              |           4 |           1 |              1 |               1 |
| Mahe        | ADDON         | TV Only               |           5 |           4 |              4 |               4 |
| Mahe        | ADDON         | Services Total        |          11 |           7 |              7 |               7 |
| Mahe        | GPON          | All                   |          23 |           5 |              5 |              16 |
| Mahe        | GPON          | Internet & Voice      |          51 |          20 |             20 |              41 |
| Mahe        | GPON          | Internet Only         |         675 |         595 |            595 |             613 |
| Mahe        | GPON          | TV & Internet         |        2120 |         865 |            865 |            1780 |
| Mahe        | GPON          | TV & Internet & OTT   |         443 |         121 |            121 |             246 |
| Mahe        | GPON          | TV & Internet & Voice |         126 |          33 |             33 |             101 |
| Mahe        | GPON          | TV & OTT              |          38 |          10 |             10 |              10 |
| Mahe        | GPON          | TV & Voice            |          44 |          17 |             17 |              36 |
| Mahe        | GPON          | TV Only               |        1186 |         716 |            716 |             736 |
| Mahe        | GPON          | Voice Only            |           8 |           8 |              8 |               8 |
| Mahe        | GPON          | Services Total        |        4714 |        2390 |           2390 |            3587 |
| Mahe        | HFC           | All                   |          90 |          20 |             20 |              62 |
| Mahe        | HFC           | Internet & Voice      |         379 |         177 |            177 |             345 |
| Mahe        | HFC           | Internet Only         |        3303 |        3239 |           3239 |            3302 |
| Mahe        | HFC           | TV & Internet         |        6098 |        2712 |           2712 |            5490 |
| Mahe        | HFC           | TV & Internet & OTT   |         890 |         268 |            268 |             539 |
| Mahe        | HFC           | TV & Internet & Voice |         421 |         120 |            120 |             372 |
| Mahe        | HFC           | TV & OTT              |          48 |          18 |             18 |              19 |
| Mahe        | HFC           | TV & Voice            |          61 |          28 |             28 |              56 |
| Mahe        | HFC           | TV & Voice & OTT      |          10 |           1 |              1 |               3 |
| Mahe        | HFC           | TV Only               |        9062 |        6901 |           6901 |            7071 |
| Mahe        | HFC           | Voice Only            |         190 |         189 |            189 |             190 |
| Mahe        | HFC           | Services Total        |       20552 |       13673 |          13673 |           17449 |
| Mahe        | Network Total | Services Total        |       25277 |       16070 |          16011 |           21043 |
| Praslin     | ADDON         | TV & OTT              |           5 |           1 |              1 |               1 |
| Praslin     | ADDON         | Services Total        |           5 |           1 |              1 |               1 |
| Praslin     | GPON          | All                   |           6 |           1 |              1 |               4 |
| Praslin     | GPON          | Internet & Voice      |          10 |           5 |              5 |              10 |
| Praslin     | GPON          | Internet Only         |         219 |         219 |            219 |             219 |
| Praslin     | GPON          | TV & Internet         |         928 |         388 |            388 |             807 |
| Praslin     | GPON          | TV & Internet & OTT   |         293 |          84 |             84 |             175 |
| Praslin     | GPON          | TV & Internet & Voice |          24 |           7 |              7 |              22 |
| Praslin     | GPON          | TV & OTT              |          24 |          11 |             11 |              11 |
| Praslin     | GPON          | TV & Voice            |           5 |           2 |              2 |               5 |
| Praslin     | GPON          | TV Only               |         415 |         292 |            292 |             309 |
| Praslin     | GPON          | Services Total        |        1924 |        1009 |           1009 |            1562 |
| Praslin     | HFC           | TV Only               |           4 |           2 |              2 |               2 |
| Praslin     | HFC           | Services Total        |           4 |           2 |              2 |               2 |
| Praslin     | Network Total | Services Total        |        1933 |        1012 |           1010 |            1565 |
| GRAND TOTAL | Network Total | Services Total        |       27210 |       17082 |          17021 |           22608 |
+-------------+---------------+-----------------------+-------------+-------------+----------------+-----------------+
44 rows in set (0.00 sec)

Query OK, 0 rows affected (0.00 sec)

Query OK, 26445 rows affected (0.58 sec)
Records: 26445  Duplicates: 0  Warnings: 0

Query OK, 0 rows affected (0.02 sec)

Query OK, 1603 rows affected (8.70 sec)
Records: 1603  Duplicates: 0  Warnings: 0

+--------------------------------------+
| message                              |
+--------------------------------------+
| running rcbill_my.sp_ActiveNumber2() |
+--------------------------------------+
1 row in set (0.00 sec)

Query OK, 0 rows affected (2 min 20.11 sec)

mysql> mysql \. C:\workspace\cloud\code\sql\_DailyScript\currenttime.sql
+---------------------+
| currenttime         |
+---------------------+
| 2019-04-02 09:54:12 |
+---------------------+
1 row in set (0.00 sec)

mysql> 
mysql> mysql \. C:\workspace\cloud\code\sql\_DailyScript\GetActiveNumbers Average -Pivot.sql
Database changed
+-------------------------------------+
| @today := subdate(current_date(),1) |
+-------------------------------------+
| 2019-04-01                          |
+-------------------------------------+
1 row in set (0.00 sec)

+-------------------------------------+
| @lastdayofmonth := last_day(@today) |
+-------------------------------------+
| 2019-04-30                          |
+-------------------------------------+
1 row in set (0.00 sec)

Query OK, 0 rows affected (0.02 sec)

Query OK, 28627 rows affected, 58693 warnings (45.64 sec)
Records: 28627  Duplicates: 0  Warnings: 58693

Query OK, 0 rows affected (0.12 sec)
Records: 0  Duplicates: 0  Warnings: 0

Query OK, 0 rows affected (0.10 sec)
Records: 0  Duplicates: 0  Warnings: 0

Query OK, 0 rows affected (0.07 sec)
Records: 0  Duplicates: 0  Warnings: 0

+-----------------+
| activenumberavg |
+-----------------+
|           28627 |
+-----------------+
1 row in set (0.02 sec)

Query OK, 0 rows affected (0.00 sec)

Query OK, 1718 rows affected (0.52 sec)
Records: 1718  Duplicates: 0  Warnings: 0

+---------------------+
| rep_activenumberavg |
+---------------------+
|                1718 |
+---------------------+
1 row in set (0.00 sec)

+----------------------+
| rep_activenumberavg1 |
+----------------------+
|                  818 |
+----------------------+
1 row in set (0.00 sec)

Query OK, 0 rows affected (0.02 sec)

Query OK, 1447 rows affected (0.32 sec)
Records: 1447  Duplicates: 0  Warnings: 0

Query OK, 0 rows affected (0.00 sec)

Query OK, 7319 rows affected (0.52 sec)
Records: 7319  Duplicates: 0  Warnings: 0

Query OK, 0 rows affected (0.00 sec)

Query OK, 0 rows affected (0.00 sec)

Query OK, 0 rows affected (0.00 sec)

Query OK, 0 rows affected (0.00 sec)

Query OK, 0 rows affected (0.00 sec)
Statement prepared

Query OK, 52 rows affected (0.02 sec)
Records: 52  Duplicates: 0  Warnings: 0

Query OK, 0 rows affected (0.00 sec)

Query OK, 0 rows affected (0.00 sec)

+----------------------+
| rep_activenumberavg2 |
+----------------------+
|                 1447 |
+----------------------+
1 row in set (0.00 sec)

+------------------------+
| rep_activenumberavg_pv |
+------------------------+
|                     52 |
+------------------------+
1 row in set (0.00 sec)

Query OK, 0 rows affected (0.00 sec)

Query OK, 1447 rows affected (0.25 sec)
Records: 1447  Duplicates: 0  Warnings: 0

Query OK, 0 rows affected (0.00 sec)

Query OK, 0 rows affected (0.00 sec)

Query OK, 0 rows affected (0.00 sec)

Query OK, 0 rows affected (0.00 sec)

Query OK, 0 rows affected (0.00 sec)
Statement prepared

Query OK, 52 rows affected (0.04 sec)
Records: 52  Duplicates: 0  Warnings: 0

Query OK, 0 rows affected (0.00 sec)

Query OK, 0 rows affected (0.00 sec)

+-------------------------+
| rep_activenumberavgMahe |
+-------------------------+
|                    1447 |
+-------------------------+
1 row in set (0.00 sec)

+----------------------------+
| rep_activenumberavgMahe_pv |
+----------------------------+
|                         52 |
+----------------------------+
1 row in set (0.00 sec)

Query OK, 0 rows affected (0.00 sec)

Query OK, 934 rows affected (0.13 sec)
Records: 934  Duplicates: 0  Warnings: 0

Query OK, 0 rows affected (0.00 sec)

Query OK, 0 rows affected (0.00 sec)

Query OK, 0 rows affected (0.00 sec)

Query OK, 0 rows affected (0.01 sec)

Query OK, 0 rows affected (0.00 sec)
Statement prepared

Query OK, 38 rows affected (0.03 sec)
Records: 38  Duplicates: 0  Warnings: 0

Query OK, 0 rows affected (0.02 sec)

Query OK, 0 rows affected (0.00 sec)

+----------------------------+
| rep_activenumberavgPraslin |
+----------------------------+
|                        934 |
+----------------------------+
1 row in set (0.01 sec)

+-------------------------------+
| rep_activenumberavgPraslin_pv |
+-------------------------------+
|                            38 |
+-------------------------------+
1 row in set (0.00 sec)

mysql> mysql \. C:\workspace\cloud\code\sql\_DailyScript\currenttime.sql
+---------------------+
| currenttime         |
+---------------------+
| 2019-04-02 09:55:00 |
+---------------------+
1 row in set (0.00 sec)

mysql> 
mysql> mysql \. C:\workspace\cloud\code\sql\_DailyScript\budget_actual_analysis_2019.sql
Query OK, 0 rows affected (0.02 sec)

Query OK, 553 rows affected, 3 warnings (0.16 sec)
Records: 553  Duplicates: 0  Warnings: 3

+--------------------+
| budget_actual_2019 |
+--------------------+
|                553 |
+--------------------+
1 row in set (0.01 sec)

Query OK, 0 rows affected (0.10 sec)

Query OK, 47 rows affected (0.04 sec)
Records: 47  Duplicates: 0  Warnings: 0

+---------------------------+
| rep_budget_actual_2019_pv |
+---------------------------+
|                        47 |
+---------------------------+
1 row in set (0.00 sec)

mysql> mysql \. C:\workspace\cloud\code\sql\_DailyScript\currenttime.sql
+---------------------+
| currenttime         |
+---------------------+
| 2019-04-02 09:55:00 |
+---------------------+
1 row in set (0.00 sec)

mysql> 
mysql> mysql \. C:\workspace\cloud\code\sql\_DailyScript\reports-sales-addons-prepaid-camera.sql
Database changed
Query OK, 0 rows affected (0.01 sec)

Query OK, 3525 rows affected (0.47 sec)
Records: 3525  Duplicates: 0  Warnings: 0

Query OK, 0 rows affected (0.02 sec)

Query OK, 15262 rows affected (1 min 53.67 sec)
Records: 15262  Duplicates: 0  Warnings: 0

+--------------------+
| rep_prepaid_camera |
+--------------------+
|               3525 |
+--------------------+
1 row in set (0.01 sec)

+-----------+
| rep_addon |
+-----------+
|     15262 |
+-----------+
1 row in set (0.00 sec)

mysql> mysql \. C:\workspace\cloud\code\sql\_DailyScript\currenttime.sql
+---------------------+
| currenttime         |
+---------------------+
| 2019-04-02 09:56:54 |
+---------------------+
1 row in set (0.00 sec)

mysql> 
mysql> mysql \. C:\workspace\cloud\code\sql\_DailyScript\housing-estate-analysis.sql
Database changed
Query OK, 0 rows affected (0.00 sec)

Query OK, 2792 rows affected (23.12 sec)
Records: 2792  Duplicates: 0  Warnings: 0

+--------------------+
| rep_housingestates |
+--------------------+
|               2792 |
+--------------------+
1 row in set (0.01 sec)

mysql> mysql \. C:\workspace\cloud\code\sql\_DailyScript\currenttime.sql
+---------------------+
| currenttime         |
+---------------------+
| 2019-04-02 09:57:17 |
+---------------------+
1 row in set (0.00 sec)

mysql> 
mysql> mysql \. C:\workspace\cloud\code\sql\_DailyScript\RCB_ClientAnalyticsReport_Script.sql
Database changed
Query OK, 0 rows affected (0.00 sec)

Query OK, 0 rows affected (0.06 sec)

Query OK, 1640801 rows affected (1 min 31.10 sec)
Records: 1640801  Duplicates: 0  Warnings: 0

Query OK, 0 rows affected (5.13 sec)
Records: 0  Duplicates: 0  Warnings: 0

Query OK, 0 rows affected (5.31 sec)
Records: 0  Duplicates: 0  Warnings: 0

Query OK, 0 rows affected (8.73 sec)
Records: 0  Duplicates: 0  Warnings: 0

Query OK, 0 rows affected (8.41 sec)
Records: 0  Duplicates: 0  Warnings: 0

Query OK, 0 rows affected (9.13 sec)
Records: 0  Duplicates: 0  Warnings: 0

Query OK, 0 rows affected (7.57 sec)
Records: 0  Duplicates: 0  Warnings: 0

Query OK, 0 rows affected (0.00 sec)

Query OK, 432696 rows affected (14.90 sec)
Rows matched: 1640801  Changed: 432696  Warnings: 0

Query OK, 0 rows affected (0.01 sec)

Query OK, 27575 rows affected (2.54 sec)
Records: 27575  Duplicates: 0  Warnings: 0

Query OK, 0 rows affected (0.03 sec)

Query OK, 42066 rows affected (11 min 31.87 sec)
Records: 42066  Duplicates: 0  Warnings: 0

Query OK, 0 rows affected (0.22 sec)
Records: 0  Duplicates: 0  Warnings: 0

Query OK, 0 rows affected (0.16 sec)
Records: 0  Duplicates: 0  Warnings: 0

Query OK, 0 rows affected (0.08 sec)
Records: 0  Duplicates: 0  Warnings: 0

Query OK, 0 rows affected (0.03 sec)

Query OK, 408063 rows affected (11 min 24.34 sec)
Records: 408063  Duplicates: 0  Warnings: 0

Query OK, 0 rows affected (1.82 sec)
Records: 0  Duplicates: 0  Warnings: 0

Query OK, 0 rows affected (1.77 sec)
Records: 0  Duplicates: 0  Warnings: 0

Query OK, 0 rows affected (0.95 sec)
Records: 0  Duplicates: 0  Warnings: 0

Query OK, 0 rows affected (1.87 sec)
Records: 0  Duplicates: 0  Warnings: 0

Query OK, 0 rows affected (1.03 sec)
Records: 0  Duplicates: 0  Warnings: 0

Query OK, 0 rows affected (0.01 sec)

Query OK, 42066 rows affected (1 min 25.79 sec)
Records: 42066  Duplicates: 0  Warnings: 0

+--------------+
| clientreport |
+--------------+
|        42066 |
+--------------+
1 row in set (0.02 sec)

Query OK, 0 rows affected (0.04 sec)

Query OK, 42066 rows affected (7.24 sec)
Records: 42066  Duplicates: 0  Warnings: 0

+----------------------+
| clientextendedreport |
+----------------------+
|                42066 |
+----------------------+
1 row in set (0.02 sec)

Query OK, 0 rows affected (0.00 sec)

Query OK, 42066 rows affected (1 min 33.81 sec)
Records: 42066  Duplicates: 0  Warnings: 0

+---------+
| allcust |
+---------+
|   42066 |
+---------+
1 row in set (0.02 sec)

Query OK, 0 rows affected, 1 warning (0.00 sec)

Query OK, 5000 rows affected (0.22 sec)
Records: 5000  Duplicates: 0  Warnings: 0

Query OK, 0 rows affected (0.05 sec)

Query OK, 7025 rows affected (0.41 sec)
Records: 7025  Duplicates: 0  Warnings: 0

Query OK, 0 rows affected, 1 warning (0.00 sec)

Query OK, 5000 rows affected (0.16 sec)
Records: 5000  Duplicates: 0  Warnings: 0

Query OK, 0 rows affected (0.04 sec)

Query OK, 7406 rows affected (0.62 sec)
Records: 7406  Duplicates: 0  Warnings: 0

mysql> mysql \. C:\workspace\cloud\code\sql\_DailyScript\currenttime.sql
+---------------------+
| currenttime         |
+---------------------+
| 2019-04-02 10:26:03 |
+---------------------+
1 row in set (0.00 sec)

mysql> 
mysql> mysql \. C:\workspace\cloud\code\sql\_DailyScript\REVENUE_PER_NODE_MXK.sql
Query OK, 0 rows affected (0.01 sec)

Query OK, 0 rows affected (0.02 sec)

Query OK, 0 rows affected (0.00 sec)

Query OK, 4827 rows affected (0.63 sec)
Records: 4827  Duplicates: 0  Warnings: 0

+----------------------+
| message              |
+----------------------+
| created temp table a |
+----------------------+
1 row in set (0.00 sec)

Query OK, 4546 rows affected (1.24 sec)
Records: 4546  Duplicates: 0  Warnings: 0

+----------------------+
| message              |
+----------------------+
| created temp table b |
+----------------------+
1 row in set (0.00 sec)

Query OK, 0 rows affected, 1 warning (0.00 sec)

Query OK, 4978 rows affected (8.15 sec)
Records: 4978  Duplicates: 0  Warnings: 0

+--------------------------------+
| message                        |
+--------------------------------+
| created rcbill_my.tempcustmxk1 |
+--------------------------------+
1 row in set (0.00 sec)

Query OK, 0 rows affected (0.00 sec)

Query OK, 0 rows affected (0.00 sec)

Query OK, 0 rows affected, 1 warning (0.00 sec)

Query OK, 4827 rows affected (0.19 sec)
Records: 4827  Duplicates: 0  Warnings: 0

+----------------+
| message        |
+----------------+
| created temp a |
+----------------+
1 row in set (0.00 sec)

Query OK, 4546 rows affected (0.24 sec)
Records: 4546  Duplicates: 0  Warnings: 0

+----------------+
| message        |
+----------------+
| created temp b |
+----------------+
1 row in set (0.00 sec)

Query OK, 0 rows affected, 1 warning (0.00 sec)

Query OK, 4627 rows affected (5.59 sec)
Records: 4627  Duplicates: 0  Warnings: 0

+--------------------------------+
| message                        |
+--------------------------------+
| created rcbill_my.tempcustmxk2 |
+--------------------------------+
1 row in set (0.00 sec)

Query OK, 0 rows affected (0.00 sec)

Query OK, 0 rows affected (0.00 sec)

Query OK, 0 rows affected, 1 warning (0.00 sec)

Query OK, 0 rows affected (0.04 sec)

Query OK, 5274 rows affected (0.28 sec)
Records: 5274  Duplicates: 0  Warnings: 0

+---------------------------------+
| message                         |
+---------------------------------+
| created rcbill_my.customers_mxk |
+---------------------------------+
1 row in set (0.00 sec)

Query OK, 0 rows affected (0.01 sec)

Query OK, 0 rows affected (0.00 sec)

Query OK, 19318 rows affected (0.36 sec)
Records: 19318  Duplicates: 0  Warnings: 0

+----------------+
| message        |
+----------------+
| created temp a |
+----------------+
1 row in set (0.01 sec)

Query OK, 23982 rows affected (2.31 sec)
Records: 23982  Duplicates: 0  Warnings: 0

+----------------+
| message        |
+----------------+
| created temp c |
+----------------+
1 row in set (0.02 sec)

Query OK, 0 rows affected, 1 warning (0.00 sec)

Query OK, 36619 rows affected (0.64 sec)
Records: 36619  Duplicates: 0  Warnings: 0

+---------------------------------+
| message                         |
+---------------------------------+
| created rcbill_my.tempcustcmts1 |
+---------------------------------+
1 row in set (0.00 sec)

Query OK, 0 rows affected (0.01 sec)

Query OK, 0 rows affected, 1 warning (0.00 sec)

Query OK, 0 rows affected (0.00 sec)

Query OK, 19318 rows affected (0.35 sec)
Records: 19318  Duplicates: 0  Warnings: 0

+----------------+
| message        |
+----------------+
| created temp a |
+----------------+
1 row in set (0.00 sec)

Query OK, 23982 rows affected (1.01 sec)
Records: 23982  Duplicates: 0  Warnings: 0

+----------------+
| message        |
+----------------+
| created temp c |
+----------------+
1 row in set (0.00 sec)

Query OK, 0 rows affected, 1 warning (0.00 sec)

Query OK, 25375 rows affected (0.42 sec)
Records: 25375  Duplicates: 0  Warnings: 0

+---------------------------------+
| message                         |
+---------------------------------+
| created rcbill_my.tempcustcmts2 |
+---------------------------------+
1 row in set (0.00 sec)

Query OK, 0 rows affected (0.02 sec)

Query OK, 0 rows affected, 1 warning (0.00 sec)

Query OK, 0 rows affected (0.00 sec)

Query OK, 0 rows affected (0.01 sec)

Query OK, 19495 rows affected (1.27 sec)
Records: 19495  Duplicates: 0  Warnings: 0

+----------------------------------+
| message                          |
+----------------------------------+
| created rcbill_my.customers_cmts |
+----------------------------------+
1 row in set (0.00 sec)

Query OK, 0 rows affected (0.00 sec)

Query OK, 0 rows affected (0.00 sec)

Query OK, 0 rows affected (0.02 sec)

Query OK, 24769 rows affected (1.24 sec)
Records: 24769  Duplicates: 0  Warnings: 0

+--------------------------------------+
| message                              |
+--------------------------------------+
| created rcbill_my.customers_cmts_mxk |
+--------------------------------------+
1 row in set (0.00 sec)

Query OK, 429620 rows affected (23.59 sec)
Records: 429620  Duplicates: 0  Warnings: 0

+----------------+
| message        |
+----------------+
| created temp a |
+----------------+
1 row in set (0.00 sec)

Query OK, 0 rows affected (0.17 sec)

Query OK, 431045 rows affected (17.97 sec)
Records: 431045  Duplicates: 0  Warnings: 0

+------------------------------------------------+
| message                                        |
+------------------------------------------------+
| created rcbill_my.customers_contracts_cmts_mxk |
+------------------------------------------------+
1 row in set (0.00 sec)

Query OK, 0 rows affected (0.01 sec)

Query OK, 0 rows affected, 1 warning (0.00 sec)

Query OK, 0 rows affected, 1 warning (0.00 sec)

Query OK, 0 rows affected (0.00 sec)

Query OK, 8052 rows affected (2.25 sec)
Rows matched: 8052  Changed: 8052  Warnings: 0

+------------------------------------------------+
| message                                        |
+------------------------------------------------+
| updated rcbill_my.customers_contracts_cmts_mxk |
+------------------------------------------------+
1 row in set (0.00 sec)

Query OK, 0 rows affected (0.03 sec)

Query OK, 1588698 rows affected (4 min 34.67 sec)
Records: 1588698  Duplicates: 0  Warnings: 0

+----------------------------------------+
| message                                |
+----------------------------------------+
| created rcbill_my.customers_collection |
+----------------------------------------+
1 row in set (0.02 sec)

Query OK, 0 rows affected (0.10 sec)

Query OK, 1831784 rows affected (2 min 24.07 sec)
Records: 1831784  Duplicates: 0  Warnings: 0

+------------------------------------------------+
| message                                        |
+------------------------------------------------+
| created rcbill_my.customers_cmts_mxk_cont_coll |
+------------------------------------------------+
1 row in set (0.00 sec)

Query OK, 0 rows affected (0.01 sec)

Query OK, 29665 rows affected (4.23 sec)
Records: 29665  Duplicates: 0  Warnings: 0

+------------------------------------------------------------+
| message                                                    |
+------------------------------------------------------------+
| created rcbill_my.customers_contracts_collection_pivot2019 |
+------------------------------------------------------------+
1 row in set (0.00 sec)

Query OK, 0 rows affected (0.00 sec)

Query OK, 18253 rows affected (3.61 sec)
Records: 18253  Duplicates: 0  Warnings: 0

+--------------------------------------------------+
| message                                          |
+--------------------------------------------------+
| created rcbill_my.customers_collection_pivot2019 |
+--------------------------------------------------+
1 row in set (0.00 sec)

Query OK, 0 rows affected (0.02 sec)

Query OK, 42066 rows affected (1.85 sec)
Records: 42066  Duplicates: 0  Warnings: 0

+------------------------------------------------+
| message                                        |
+------------------------------------------------+
| created rcbill_my.rep_customers_collection2019 |
+------------------------------------------------+
1 row in set (0.00 sec)

Query OK, 0 rows affected (0.00 sec)

Query OK, 0 rows affected, 1 warning (0.00 sec)

Query OK, 402074 rows affected (19.56 sec)
Records: 402074  Duplicates: 0  Warnings: 0

+-------------------------+
| message                 |
+-------------------------+
| created rcbill_my.tempa |
+-------------------------+
1 row in set (0.00 sec)

Query OK, 0 rows affected, 1 warning (0.00 sec)

Query OK, 79321 rows affected (11.87 sec)
Records: 79321  Duplicates: 0  Warnings: 0

+-------------------------+
| message                 |
+-------------------------+
| created rcbill_my.tempb |
+-------------------------+
1 row in set (0.00 sec)

Query OK, 402074 rows affected (8.63 sec)
Records: 402074  Duplicates: 0  Warnings: 0

+-----------+
| message   |
+-----------+
| created a |
+-----------+
1 row in set (0.02 sec)

Query OK, 79429 rows affected (3.56 sec)
Records: 79429  Duplicates: 0  Warnings: 0

+-----------+
| message   |
+-----------+
| created b |
+-----------+
1 row in set (0.00 sec)

Query OK, 0 rows affected (0.09 sec)

Query OK, 0 rows affected (0.01 sec)

Query OK, 0 rows affected (0.03 sec)

Query OK, 404682 rows affected (38.10 sec)
Records: 404682  Duplicates: 0  Warnings: 0

+----------------------------------------------+
| message                                      |
+----------------------------------------------+
| created rcbill_my.cust_cont_payment_cmts_mxk |
+----------------------------------------------+
1 row in set (0.00 sec)

Query OK, 0 rows affected (0.02 sec)

Query OK, 0 rows affected (0.01 sec)

Query OK, 0 rows affected, 1 warning (0.00 sec)

Query OK, 0 rows affected (0.02 sec)

Query OK, 42066 rows affected (12.57 sec)
Records: 42066  Duplicates: 0  Warnings: 0

+--------------------------------------------------+
| message                                          |
+--------------------------------------------------+
| created rcbill_my.rep_cust_cont_payment_cmts_mxk |
+--------------------------------------------------+
1 row in set (0.00 sec)

Query OK, 0 rows affected, 1 warning (0.00 sec)

Query OK, 0 rows affected, 1 warning (0.00 sec)

Query OK, 0 rows affected (0.01 sec)

Query OK, 38035 rows affected, 5 warnings (6.73 sec)
Records: 38035  Duplicates: 0  Warnings: 5

+----------------------+
| rep_custconsolidated |
+----------------------+
|                38035 |
+----------------------+
1 row in set (0.03 sec)

Query OK, 0 rows affected (0.00 sec)

Query OK, 0 rows affected (0.00 sec)

+----------------------------------------------+
| message                                      |
+----------------------------------------------+
| creating rcbill_my.retentioncustomeractivity |
+----------------------------------------------+
1 row in set (0.00 sec)

Query OK, 492 rows affected (0.07 sec)
Records: 492  Duplicates: 0  Warnings: 0

+---------------------------+
| retentioncustomeractivity |
+---------------------------+
|                       492 |
+---------------------------+
1 row in set (0.00 sec)

+-----------+------------------------------------+------------+-------------+-----------------+------------------+---------------------+-------------------+
| HFC_NODE  | NODENAME                           | CMTS_DATE  | INSERTED_ON | UNIQUE_ACCOUNTS | UNIQUE_CONTRACTS | UNIQUE_MAC_INRCBOSS | UNIQUE_MAC_INCMTS |
+-----------+------------------------------------+------------+-------------+-----------------+------------------+---------------------+-------------------+
| NULL      | NULL                               | NULL       | 2019-04-02  |           10356 |            11040 |               11147 |                 0 |
| C5/0/0/U0 | ANSE-BOILEAU-2                     | 2019-02-04 | 2019-04-02  |             114 |              117 |                 114 |               118 |
| C5/0/0/U1 | 500-C3-ANSE-BOILEAU                | 2019-02-04 | 2019-04-02  |             225 |              233 |                 225 |               228 |
| C5/0/1/U0 | 501-C4-LA-MISIERE-LEFT-I           | 2019-02-04 | 2019-04-02  |             201 |              208 |                 200 |               206 |
| C5/0/1/U1 | 501-C5-LA-MISIERE-RIGHT            | 2019-02-04 | 2019-04-02  |              97 |              101 |                  97 |               100 |
| C5/0/1/U2 | 501-C7-LA-MISIERE-LEFT-II          | 2019-02-04 | 2019-04-02  |             101 |              106 |                 101 |               103 |
| C5/0/2/U0 | 502-C8-LA-LOUISE                   | 2019-02-04 | 2019-04-02  |             144 |              148 |                 144 |               149 |
| C5/0/2/U1 | LA-LOUISE-2                        | 2019-02-04 | 2019-04-02  |             149 |              151 |                 149 |               154 |
| C5/0/3/U0 | 504-C6-PETIT-PARIS                 | 2019-02-04 | 2019-04-02  |             152 |              154 |                 152 |               158 |
| C5/0/3/U1 | PETIT-PARIS-23                     | 2019-02-04 | 2019-04-02  |              74 |               77 |                  74 |                75 |
| C5/0/4/U0 | FOUR-SEASONS                       | 2019-02-04 | 2019-04-02  |               6 |               23 |                  23 |                23 |
| C5/0/4/U1 | ANCHOR-CAFE-I                      | 2019-02-04 | 2019-04-02  |             153 |              156 |                 153 |               155 |
| C5/0/4/U2 | ANCHOR-CAFE-II                     | 2019-02-04 | 2019-04-02  |             142 |              145 |                 141 |               145 |
| C5/1/0/U0 | POINTE-LARUE-AIRPORT-23            | 2019-02-04 | 2019-04-02  |             110 |              115 |                 110 |               112 |
| C5/1/0/U1 | PPROVIDENCE-23                     | 2019-02-04 | 2019-04-02  |              24 |               28 |                  25 |                25 |
| C5/1/0/U2 | ROSHE-CAIMAN-23                    | 2019-02-04 | 2019-04-02  |              11 |               12 |                  11 |                11 |
| C5/1/0/U3 | HEAD-OFFICE | HO-23                | 2019-02-04 | 2019-04-02  |              22 |               24 |                  23 |                25 |
| C5/1/1/U1 | C5-UNION-VALE                      | 2019-02-04 | 2019-04-02  |             192 |              200 |                 192 |               196 |
| C5/1/3/U0 | POINTE-LARUE-AIRPORT-27            | 2019-02-04 | 2019-04-02  |             137 |              143 |                 138 |               142 |
| C5/1/3/U1 | PPROVIDENCE-27                     | 2019-02-04 | 2019-04-02  |              33 |               33 |                  33 |                34 |
| C5/1/3/U2 | ROSHE-CAIMAN-27                    | 2019-02-04 | 2019-04-02  |              22 |               22 |                  22 |                22 |
| C5/1/3/U3 | HEAD-OFFICE | HO-27                | 2019-02-04 | 2019-04-02  |              21 |               21 |                  21 |                22 |
| C5/1/4/U0 | ANSE-ROYALE-27                     | 2019-02-04 | 2019-04-02  |             181 |              190 |                 182 |               188 |
| C5/1/4/U1 | GLACIS-2-57                        | 2019-02-04 | 2019-04-02  |             143 |              151 |                 143 |               148 |
| C5/1/4/U3 | GLACIS-1                           | 2019-02-04 | 2019-04-02  |              59 |               63 |                  59 |                62 |
| C6/0/1/U0 | SERRET-ROAD-RIGHT/CURIO/PASCAL     | 2019-02-04 | 2019-04-02  |             143 |              148 |                 143 |               146 |
| C6/0/1/U1 | SERRET-ROAD-LEFT/ST.LOUIS/TOWN     | 2019-02-04 | 2019-04-02  |             177 |              187 |                 177 |               182 |
| C6/0/1/U2 | SERRET-ROAD-RIGHT/CURIO/PASCAL-2   | 2019-02-04 | 2019-04-02  |             121 |              123 |                 121 |               123 |
| C6/0/1/U3 | SERRET-ROAD-LEFT/ST.LOUIS/TOWN-2   | 2019-02-04 | 2019-04-02  |             117 |              122 |                 117 |               118 |
| C6/0/2/U0 | SANS-SOUCIS-I                      | 2019-02-04 | 2019-04-02  |             124 |              126 |                 124 |               126 |
| C6/0/2/U1 | SANS-SOUCIS-II                     | 2019-02-04 | 2019-04-02  |             110 |              118 |                 109 |               112 |
| C6/0/2/U2 | BEL-AIR-27                         | 2019-02-04 | 2019-04-02  |              99 |              105 |                  99 |               101 |
| C6/0/2/U3 | BEL-AIR-38                         | 2019-02-04 | 2019-04-02  |             102 |              106 |                 102 |               106 |
| C6/0/3/U0 | LES-MAMELLES-23                    | 2019-02-04 | 2019-04-02  |              64 |               64 |                  64 |                68 |
| C6/0/3/U1 | VICTORIA-23                        | 2019-02-04 | 2019-04-02  |              30 |               36 |                  33 |                35 |
| C6/0/4/U0 | LES-MAMELLES-27                    | 2019-02-04 | 2019-04-02  |              84 |               85 |                  84 |                84 |
| C6/0/4/U1 | VICTORIA-27                        | 2019-02-04 | 2019-04-02  |              34 |               37 |                  34 |                36 |
| C7/1/0/U0 | LA-RETRAITE-23                     | 2019-02-04 | 2019-04-02  |             117 |              123 |                 118 |               119 |
| C7/1/0/U1 | TEA-FACTORY-23                     | 2019-02-04 | 2019-04-02  |              33 |               37 |                  33 |                34 |
| C7/1/0/U2 | PAS-23                             | 2019-02-04 | 2019-04-02  |              98 |              103 |                  98 |               101 |
| C7/1/1/U0 | REEF-ESTATE-23                     | 2019-02-04 | 2019-04-02  |              95 |               97 |                  95 |                97 |
| C7/1/1/U1 | BEL-OMBRE-NEW-23                   | 2019-02-04 | 2019-04-02  |              38 |               44 |                  42 |                44 |
| C7/1/2/U0 | LA-RETRAITE-27                     | 2019-02-04 | 2019-04-02  |             119 |              126 |                 118 |               120 |
| C7/1/2/U1 | TEA-FACTORY-27                     | 2019-02-04 | 2019-04-02  |              11 |               14 |                  12 |                14 |
| C7/1/2/U2 | PAS-27                             | 2019-02-04 | 2019-04-02  |             103 |              109 |                 102 |               108 |
| C7/1/3/U0 | MT-BUXTON-27                       | 2019-02-04 | 2019-04-02  |             115 |              119 |                 115 |               118 |
| C7/1/3/U1 | MT-BUXTON-23                       | 2019-02-04 | 2019-04-02  |             102 |              104 |                 101 |               105 |
| C7/1/4/U0 | REEF-ESTATE-27                     | 2019-02-04 | 2019-04-02  |              68 |               69 |                  68 |                69 |
| C7/1/4/U1 | BEL-OMBRE-NEW-27                   | 2019-02-04 | 2019-04-02  |              17 |               17 |                  17 |                17 |
| C8/0/0/U0 | POLICE-ACADEMY-1-27 - POINTE LARUE | 2019-02-04 | 2019-04-02  |             356 |              365 |                 356 |               365 |
| C8/0/1/U1 | POLICE-ACADEMY-2-27 - TURTLE BAY   | 2019-02-04 | 2019-04-02  |             262 |              274 |                 264 |               270 |
| C8/0/2/U0 | BEAU-VALLON-LEFT-1-57              | 2019-02-04 | 2019-04-02  |             104 |              108 |                 103 |               105 |
| C8/0/3/U1 | BEAU-VALLON-RIGHT-2-57             | 2019-02-04 | 2019-04-02  |             205 |              214 |                 205 |               210 |
| C8/1/0/U0 | MA-JOIE-NODE-27                    | 2019-02-04 | 2019-04-02  |             106 |              108 |                 106 |               109 |
| C8/1/0/U1 | BELONIE-27                         | 2019-02-04 | 2019-04-02  |             139 |              144 |                 137 |               139 |
| C8/1/0/U3 | MA-JOIE-NODE-23                    | 2019-02-04 | 2019-04-02  |             127 |              132 |                 127 |               133 |
| C8/1/1/U0 | 611-C1-ROJN I                      | 2019-02-04 | 2019-04-02  |             196 |              202 |                 196 |               200 |
| C8/1/1/U1 | 611-C5-ROJN II                     | 2019-02-04 | 2019-04-02  |              53 |               57 |                  53 |                54 |
| C8/1/2/U0 | 612-C2-ANSE-ETOILE                 | 2019-02-04 | 2019-04-02  |             196 |              202 |                 194 |               198 |
| C8/1/2/U1 | ANSE-ETOILE-U2                     | 2019-02-04 | 2019-04-02  |              90 |               93 |                  91 |                91 |
| C8/1/3/U0 | 613-C3-ANSE-GAULETTE I             | 2019-02-04 | 2019-04-02  |              51 |               55 |                  51 |                52 |
| C8/1/3/U1 | 613-C7-ANSE-GAULETTE II            | 2019-02-04 | 2019-04-02  |              68 |               74 |                  68 |                68 |
| C8/1/3/U2 | 613-C3-ANSE-GAULETTE III           | 2019-02-04 | 2019-04-02  |              53 |               57 |                  53 |                54 |
| C8/1/3/U3 | TAKAMAKA I                         | 2019-02-04 | 2019-04-02  |              99 |              100 |                  99 |                99 |
| C8/1/3/U4 | TAKAMAKA II                        | 2019-02-04 | 2019-04-02  |             100 |              102 |                 100 |               103 |
| C8/1/4/U0 | 614-BEOLIERE-NODE-1                | 2019-02-04 | 2019-04-02  |             139 |              147 |                 139 |               142 |
| C8/1/4/U1 | 614-BEOLIERE-NODE-2                | 2019-02-04 | 2019-04-02  |              81 |               86 |                  81 |                82 |
+-----------+------------------------------------+------------+-------------+-----------------+------------------+---------------------+-------------------+
67 rows in set (0.30 sec)

+------------------+------------+-------------+-----------------+------------------+----------------------+-------------------+
| MXK_NAME         | MXK_DATE   | INSERTED_ON | UNIQUE_ACCOUNTS | UNIQUE_CONTRACTS | UNIQUE_FSAN_INRCBOSS | UNIQUE_FSAN_INMXK |
+------------------+------------+-------------+-----------------+------------------+----------------------+-------------------+
| NULL             | NULL       | 2019-04-02  |             614 |              631 |                  621 |                 0 |
| MXK-ANSEETOILE   | 2019-02-04 | 2019-04-02  |              56 |               57 |                   57 |                62 |
| MXK-ANSEROYALE   | 2019-02-04 | 2019-04-02  |             121 |              122 |                  122 |               128 |
| MXK-BEAUVALLON   | 2019-02-04 | 2019-04-02  |             965 |              979 |                  973 |              1006 |
| MXK-MAHE         | 2019-02-04 | 2019-04-02  |             848 |              880 |                  832 |               951 |
| MXK-PERSEVERANCE | 2019-02-04 | 2019-04-02  |            1025 |             1044 |                 1039 |              1087 |
| MXK-PRASLIN      | 2019-02-04 | 2019-04-02  |            1147 |             1152 |                 1143 |              1199 |
+------------------+------------+-------------+-----------------+------------------+----------------------+-------------------+
7 rows in set (0.07 sec)

mysql> mysql \. C:\workspace\cloud\code\sql\_DailyScript\currenttime.sql
+---------------------+
| currenttime         |
+---------------------+
| 2019-04-02 10:36:01 |
+---------------------+
1 row in set (0.00 sec)

mysql> 
mysql> mysql \. C:\workspace\cloud\code\sql\Analysis\service_tickets_assignments.sql
Query OK, 0 rows affected (0.02 sec)

Query OK, 19865 rows affected (5.72 sec)
Records: 19865  Duplicates: 0  Warnings: 0

+-------------------------+
| rep_servicetickets_2019 |
+-------------------------+
|                   19865 |
+-------------------------+
1 row in set (0.02 sec)

mysql> mysql \. C:\workspace\cloud\code\sql\_DailyScript\currenttime.sql
+---------------------+
| currenttime         |
+---------------------+
| 2019-04-02 10:36:07 |
+---------------------+
1 row in set (0.00 sec)

mysql> 
mysql> mysql \. C:\workspace\cloud\code\sql\_DailyScript\sales-to-activenumber.sql
Database changed
+---------------------------------------+
| message                               |
+---------------------------------------+
| dropped table rcbill_my.salestoactive |
+---------------------------------------+
1 row in set (0.00 sec)

Query OK, 0 rows affected (0.01 sec)

Query OK, 13399 rows affected (42 min 33.40 sec)
Records: 13399  Duplicates: 0  Warnings: 0

+---------------------------------------+
| message                               |
+---------------------------------------+
| created table rcbill_my.salestoactive |
+---------------------------------------+
1 row in set (0.00 sec)

Query OK, 0 rows affected (0.02 sec)

+----------------------------------------------+
| message                                      |
+----------------------------------------------+
| dropped table rcbill_my.salestoactivejourney |
+----------------------------------------------+
1 row in set (0.00 sec)

Query OK, 47470 rows affected (1 hour 5 min 42.17 sec)
Records: 47470  Duplicates: 0  Warnings: 0

+----------------------------------------------+
| message                                      |
+----------------------------------------------+
| created table rcbill_my.salestoactivejourney |
+----------------------------------------------+
1 row in set (0.03 sec)

mysql> mysql \. C:\workspace\cloud\code\sql\_DailyScript\currenttime.sql
+---------------------+
| currenttime         |
+---------------------+
| 2019-04-02 12:24:23 |
+---------------------+
1 row in set (0.00 sec)

mysql> 
mysql> exit
