    -> 
    -> mysql \. C:\workspace\cloud\code\sql\_DailyScript\_setdates.sql
Database changed
Query OK, 0 rows affected (0.00 sec)

Query OK, 0 rows affected (0.00 sec)

Query OK, 0 rows affected (0.00 sec)

Query OK, 0 rows affected (0.00 sec)

Query OK, 0 rows affected (0.00 sec)

Query OK, 0 rows affected (0.00 sec)

Query OK, 0 rows affected (0.00 sec)

Query OK, 0 rows affected (0.00 sec)

Query OK, 0 rows affected (0.00 sec)

Query OK, 0 rows affected (0.00 sec)

Query OK, 0 rows affected (0.00 sec)

Query OK, 0 rows affected (0.00 sec)

Query OK, 0 rows affected (0.00 sec)

Query OK, 0 rows affected (0.00 sec)

Query OK, 0 rows affected (0.00 sec)

Query OK, 0 rows affected (0.00 sec)

Query OK, 0 rows affected (0.00 sec)

Query OK, 0 rows affected (0.00 sec)

Query OK, 0 rows affected (0.00 sec)

Query OK, 0 rows affected (0.00 sec)

Query OK, 0 rows affected (0.00 sec)

mysql> mysql \. C:\workspace\cloud\code\sql\_DailyScript\currenttime.sql
+---------------------+
| currenttime         |
+---------------------+
| 2020-10-15 07:44:47 |
+---------------------+
1 row in set (0.00 sec)

mysql> 
mysql> mysql \. C:\workspace\cloud\code\sql\_DailyScript\load_RCB_VODTITLES.sql
Database changed
Query OK, 0 rows affected (0.00 sec)

Query OK, 13189 rows affected (0.16 sec)

Query OK, 13191 rows affected, 13191 warnings (0.29 sec)
Records: 13191  Deleted: 0  Skipped: 0  Warnings: 13191

Query OK, 0 rows affected (0.00 sec)

Query OK, 2 rows affected (0.01 sec)

+-----------+
| VODTITLES |
+-----------+
|     13649 |
+-----------+
1 row in set (0.01 sec)

+-----------+-----------+
| titletype | typecount |
+-----------+-----------+
| E         |     11092 |
| N         |       236 |
| T         |      1861 |
| NULL      |     13189 |
+-----------+-----------+
4 rows in set (0.04 sec)

mysql> mysql \. C:\workspace\cloud\code\sql\_DailyScript\currenttime.sql
+---------------------+
| currenttime         |
+---------------------+
| 2020-10-15 07:44:48 |
+---------------------+
1 row in set (0.00 sec)

mysql> 
mysql> mysql \. C:\workspace\cloud\code\sql\_DailyScript\DAILY-SCRIPT-LIVETV-STATS.sql
Database changed
Query OK, 0 rows affected (0.01 sec)

Query OK, 78617 rows affected (0.86 sec)
Records: 78617  Duplicates: 0  Warnings: 0

+------------+------------+----------+--------------+--------------+-----------+-------------+----------+--------+------+------------+---------+---------------+
| Table      | Non_unique | Key_name | Seq_in_index | Column_name  | Collation | Cardinality | Sub_part | Packed | Null | Index_type | Comment | Index_comment |
+------------+------------+----------+--------------+--------------+-----------+-------------+----------+--------+------+------------+---------+---------------+
| templivetv |          1 | idxtv1   |            1 | device       | A         |       79079 |     NULL | NULL   | YES  | BTREE      |         |               |
| templivetv |          1 | idxtv2   |            1 | sessionstart | A         |       79079 |     NULL | NULL   | YES  | BTREE      |         |               |
+------------+------------+----------+--------------+--------------+-----------+-------------+----------+--------+------+------------+---------+---------------+
2 rows in set (0.00 sec)

Query OK, 78678 rows affected (11.95 sec)
Records: 78678  Duplicates: 0  Warnings: 0

Query OK, 2672 rows affected (0.55 sec)
Records: 2672  Duplicates: 0  Warnings: 0

Query OK, 0 rows affected (0.00 sec)

Query OK, 0 rows affected (0.00 sec)

Query OK, 131 rows affected (0.03 sec)
Records: 131  Duplicates: 0  Warnings: 0

Query OK, 0 rows affected (0.01 sec)

Query OK, 38547 rows affected (1 min 59.61 sec)
Records: 38547  Duplicates: 0  Warnings: 0

+-----------------+
| rep_livetvstats |
+-----------------+
|           38547 |
+-----------------+
1 row in set (0.01 sec)

mysql> mysql \. C:\workspace\cloud\code\sql\_DailyScript\currenttime.sql
+---------------------+
| currenttime         |
+---------------------+
| 2020-10-15 07:47:01 |
+---------------------+
1 row in set (0.00 sec)

mysql> 
mysql> mysql \. C:\workspace\cloud\code\sql\_DailyScript\DAILY-SCRIPT-VODTS-STATS.sql
Database changed
Query OK, 0 rows affected (0.01 sec)

Query OK, 2835 rows affected (12.57 sec)
Records: 2835  Duplicates: 0  Warnings: 0

+---------+------------+----------+--------------+--------------+-----------+-------------+----------+--------+------+------------+---------+---------------+
| Table   | Non_unique | Key_name | Seq_in_index | Column_name  | Collation | Cardinality | Sub_part | Packed | Null | Index_type | Comment | Index_comment |
+---------+------------+----------+--------------+--------------+-----------+-------------+----------+--------+------+------------+---------+---------------+
| tempvod |          1 | idxtvod1 |            1 | device       | A         |        3060 |     NULL | NULL   | YES  | BTREE      |         |               |
| tempvod |          1 | idxtvod2 |            1 | sessionstart | A         |        3060 |     NULL | NULL   | YES  | BTREE      |         |               |
+---------+------------+----------+--------------+--------------+-----------+-------------+----------+--------+------+------------+---------+---------------+
2 rows in set (0.00 sec)

Query OK, 2835 rows affected (2.61 sec)
Records: 2835  Duplicates: 0  Warnings: 0

Query OK, 0 rows affected (0.01 sec)

Query OK, 839634 rows affected (1 min 6.19 sec)
Records: 839634  Duplicates: 0  Warnings: 0

+--------------+
| rep_vodstats |
+--------------+
|       839634 |
+--------------+
1 row in set (0.25 sec)

Database changed
Query OK, 0 rows affected (0.01 sec)

Query OK, 15322 rows affected (38.07 sec)
Records: 15322  Duplicates: 0  Warnings: 0

+--------+------------+----------+--------------+--------------+-----------+-------------+----------+--------+------+------------+---------+---------------+
| Table  | Non_unique | Key_name | Seq_in_index | Column_name  | Collation | Cardinality | Sub_part | Packed | Null | Index_type | Comment | Index_comment |
+--------+------------+----------+--------------+--------------+-----------+-------------+----------+--------+------+------------+---------+---------------+
| tempts |          1 | idxtts1  |            1 | device       | A         |       15458 |     NULL | NULL   | YES  | BTREE      |         |               |
| tempts |          1 | idxtts2  |            1 | sessionstart | A         |       15458 |     NULL | NULL   | YES  | BTREE      |         |               |
+--------+------------+----------+--------------+--------------+-----------+-------------+----------+--------+------+------------+---------+---------------+
2 rows in set (0.00 sec)

Query OK, 15318 rows affected (11.82 sec)
Records: 15318  Duplicates: 0  Warnings: 0

Query OK, 0 rows affected (0.01 sec)

Query OK, 39743 rows affected (37.31 sec)
Records: 39743  Duplicates: 0  Warnings: 0

+-------------+
| rep_tsstats |
+-------------+
|       39743 |
+-------------+
1 row in set (0.01 sec)

mysql> mysql \. C:\workspace\cloud\code\sql\_DailyScript\currenttime.sql
+---------------------+
| currenttime         |
+---------------------+
| 2020-10-15 07:49:50 |
+---------------------+
1 row in set (0.00 sec)

mysql> 
mysql> mysql \. C:\workspace\cloud\code\sql\_DailyScript\DAILY-SCRIPT-RADIO-STATS.sql
Database changed
Query OK, 0 rows affected (0.02 sec)

Query OK, 312302 rows affected (3.42 sec)
Records: 312302  Duplicates: 0  Warnings: 0

+-----------+------------+----------+--------------+--------------+-----------+-------------+----------+--------+------+------------+---------+---------------+
| Table     | Non_unique | Key_name | Seq_in_index | Column_name  | Collation | Cardinality | Sub_part | Packed | Null | Index_type | Comment | Index_comment |
+-----------+------------+----------+--------------+--------------+-----------+-------------+----------+--------+------+------------+---------+---------------+
| tempradio |          1 | idxtrad1 |            1 | device       | A         |      309514 |     NULL | NULL   | YES  | BTREE      |         |               |
| tempradio |          1 | idxtrad2 |            1 | sessionstart | A         |      309514 |     NULL | NULL   | YES  | BTREE      |         |               |
+-----------+------------+----------+--------------+--------------+-----------+-------------+----------+--------+------+------------+---------+---------------+
2 rows in set (0.00 sec)

Query OK, 273 rows affected (1.30 sec)
Records: 273  Duplicates: 0  Warnings: 0

Query OK, 0 rows affected (0.01 sec)

Query OK, 5343 rows affected (0.46 sec)
Records: 5343  Duplicates: 0  Warnings: 0

+----------------+
| rep_radiostats |
+----------------+
|           5343 |
+----------------+
1 row in set (0.00 sec)

mysql> mysql \. C:\workspace\cloud\code\sql\_DailyScript\currenttime.sql
+---------------------+
| currenttime         |
+---------------------+
| 2020-10-15 07:49:55 |
+---------------------+
1 row in set (0.00 sec)

mysql> 
mysql> mysql \. C:\workspace\cloud\code\sql\_DailyScript\DAILY_SCRIPT_TELEMETRY_PIVOT_2020.sql
Query OK, 0 rows affected (0.01 sec)

Query OK, 146 rows affected (0.19 sec)
Records: 146  Duplicates: 0  Warnings: 0

Query OK, 0 rows affected (0.01 sec)

Query OK, 10529 rows affected (2.48 sec)
Records: 10529  Duplicates: 0  Warnings: 0

Query OK, 0 rows affected (0.01 sec)

Query OK, 8 rows affected (0.02 sec)
Records: 8  Duplicates: 0  Warnings: 0

Query OK, 0 rows affected (0.01 sec)

Query OK, 47 rows affected (0.08 sec)
Records: 47  Duplicates: 0  Warnings: 0

mysql> mysql \. C:\workspace\cloud\code\sql\_DailyScript\currenttime.sql
+---------------------+
| currenttime         |
+---------------------+
| 2020-10-15 07:49:58 |
+---------------------+
1 row in set (0.00 sec)

mysql> 
mysql> mysql \. C:\workspace\cloud\code\sql\_DailyScript\telemetry_livetv_ranking2020.sql
Query OK, 0 rows affected (0.01 sec)

Query OK, 146 rows affected (0.02 sec)
Records: 146  Duplicates: 0  Warnings: 0

mysql> mysql \. C:\workspace\cloud\code\sql\_DailyScript\currenttime.sql
+---------------------+
| currenttime         |
+---------------------+
| 2020-10-15 07:49:58 |
+---------------------+
1 row in set (0.00 sec)

mysql> 
mysql> mysql \. C:\workspace\cloud\code\sql\_DailyScript\telemetry_radio_ranking2020.sql
Query OK, 0 rows affected (0.01 sec)

Query OK, 8 rows affected (0.01 sec)
Records: 8  Duplicates: 0  Warnings: 0

mysql> mysql \. C:\workspace\cloud\code\sql\_DailyScript\currenttime.sql
+---------------------+
| currenttime         |
+---------------------+
| 2020-10-15 07:49:58 |
+---------------------+
1 row in set (0.00 sec)

mysql> 
mysql> mysql \. C:\workspace\cloud\code\sql\_DailyScript\telemetry_ts_ranking2020.sql
Query OK, 0 rows affected (0.01 sec)

Query OK, 47 rows affected (0.01 sec)
Records: 47  Duplicates: 0  Warnings: 0

mysql> mysql \. C:\workspace\cloud\code\sql\_DailyScript\currenttime.sql
+---------------------+
| currenttime         |
+---------------------+
| 2020-10-15 07:49:58 |
+---------------------+
1 row in set (0.00 sec)

mysql> 
mysql> mysql \. C:\workspace\cloud\code\sql\_DailyScript\telemetry_vod_ranking2020.sql
Query OK, 0 rows affected (0.01 sec)

Query OK, 10529 rows affected (0.49 sec)
Records: 10529  Duplicates: 0  Warnings: 0

mysql> mysql \. C:\workspace\cloud\code\sql\_DailyScript\currenttime.sql
+---------------------+
| currenttime         |
+---------------------+
| 2020-10-15 07:49:58 |
+---------------------+
1 row in set (0.00 sec)

mysql> 
mysql> mysql \. C:\workspace\cloud\code\sql\_DailyScript\telemetry_vod_ranking2020_1.sql
Query OK, 0 rows affected (0.01 sec)

Query OK, 10529 rows affected (0.25 sec)
Records: 10529  Duplicates: 0  Warnings: 0

mysql> mysql \. C:\workspace\cloud\code\sql\_DailyScript\currenttime.sql
+---------------------+
| currenttime         |
+---------------------+
| 2020-10-15 07:49:59 |
+---------------------+
1 row in set (0.00 sec)

mysql> 
mysql> mysql \. C:\workspace\cloud\code\sql\_DailyScript\telemetry_vod_ranking2020_2.sql
Query OK, 0 rows affected (0.01 sec)

Query OK, 10529 rows affected (0.22 sec)
Records: 10529  Duplicates: 0  Warnings: 0

mysql> mysql \. C:\workspace\cloud\code\sql\_DailyScript\currenttime.sql
+---------------------+
| currenttime         |
+---------------------+
| 2020-10-15 07:49:59 |
+---------------------+
1 row in set (0.00 sec)

mysql> 
mysql> mysql \. C:\workspace\cloud\code\sql\_DailyScript\DAILY-SCRIPT-CREATE-LOAD.sql
Database changed
Database changed
Query OK, 0 rows affected (0.01 sec)

Query OK, 0 rows affected (0.02 sec)

Database changed
Query OK, 67220 rows affected (2.31 sec)
Records: 67220  Deleted: 0  Skipped: 0  Warnings: 0

Query OK, 0 rows affected (0.13 sec)
Records: 0  Duplicates: 0  Warnings: 0

Query OK, 0 rows affected (0.25 sec)
Records: 0  Duplicates: 0  Warnings: 0

Query OK, 0 rows affected (0.24 sec)
Records: 0  Duplicates: 0  Warnings: 0

Query OK, 0 rows affected (0.21 sec)
Records: 0  Duplicates: 0  Warnings: 0

+---------+
| clients |
+---------+
|   67220 |
+---------+
1 row in set (0.02 sec)

Query OK, 0 rows affected (0.01 sec)

Query OK, 13433 rows affected (6.11 sec)
Records: 13433  Duplicates: 0  Warnings: 0

Query OK, 0 rows affected (0.04 sec)
Records: 0  Duplicates: 0  Warnings: 0

+-------------------+
| rcb_clientparcels |
+-------------------+
|             13433 |
+-------------------+
1 row in set (0.00 sec)

Query OK, 0 rows affected (0.01 sec)

Query OK, 80649 rows affected (3.09 sec)
Records: 80649  Duplicates: 0  Warnings: 0

Query OK, 0 rows affected (0.25 sec)
Records: 0  Duplicates: 0  Warnings: 0

Query OK, 0 rows affected (0.01 sec)

Query OK, 67220 rows affected (35.89 sec)
Records: 67220  Duplicates: 0  Warnings: 0

Query OK, 0 rows affected (0.19 sec)
Records: 0  Duplicates: 0  Warnings: 0

Query OK, 0 rows affected (0.20 sec)
Records: 0  Duplicates: 0  Warnings: 0

Query OK, 0 rows affected (0.16 sec)
Records: 0  Duplicates: 0  Warnings: 0

+---------------+
| clientaddress |
+---------------+
|         67220 |
+---------------+
1 row in set (0.02 sec)

Database changed
Query OK, 0 rows affected (0.02 sec)

Query OK, 0 rows affected (0.01 sec)

Database changed
Query OK, 526972 rows affected, 65535 warnings (14.76 sec)
Records: 526972  Deleted: 0  Skipped: 0  Warnings: 215764

Query OK, 0 rows affected (2.54 sec)
Records: 0  Duplicates: 0  Warnings: 0

Query OK, 0 rows affected (2.29 sec)
Records: 0  Duplicates: 0  Warnings: 0

Query OK, 0 rows affected (1.47 sec)
Records: 0  Duplicates: 0  Warnings: 0

Query OK, 0 rows affected (0.01 sec)

Query OK, 526972 rows affected (40.95 sec)
Records: 526972  Duplicates: 0  Warnings: 0

Query OK, 0 rows affected (1.75 sec)
Records: 0  Duplicates: 0  Warnings: 0

Query OK, 0 rows affected (1.32 sec)
Records: 0  Duplicates: 0  Warnings: 0

+-----------+
| contracts |
+-----------+
|    526972 |
+-----------+
1 row in set (0.16 sec)

+-----------------+
| contractaddress |
+-----------------+
|          526972 |
+-----------------+
1 row in set (0.14 sec)

Database changed
Query OK, 0 rows affected (0.01 sec)

Query OK, 0 rows affected (0.01 sec)

Query OK, 7598 rows affected (0.13 sec)
Records: 7598  Deleted: 0  Skipped: 0  Warnings: 0

Query OK, 0 rows affected (0.01 sec)

Query OK, 7566 rows affected (0.96 sec)
Records: 7566  Duplicates: 0  Warnings: 0

Query OK, 0 rows affected (0.04 sec)
Records: 0  Duplicates: 0  Warnings: 0

Query OK, 0 rows affected (0.01 sec)

Query OK, 5794 rows affected (0.07 sec)
Records: 5794  Duplicates: 0  Warnings: 0

Query OK, 0 rows affected (0.03 sec)
Records: 0  Duplicates: 0  Warnings: 0

+-------------------+
| contractdiscounts |
+-------------------+
|              7598 |
+-------------------+
1 row in set (0.00 sec)

+-------------------------+
| clientcontractdiscounts |
+-------------------------+
|                    7566 |
+-------------------------+
1 row in set (0.00 sec)

+----------------------------+
| clientcontractlastdiscount |
+----------------------------+
|                       5794 |
+----------------------------+
1 row in set (0.00 sec)

Database changed
Query OK, 0 rows affected (0.01 sec)

Query OK, 0 rows affected (0.01 sec)

Database changed
Query OK, 140378 rows affected, 8 warnings (2.56 sec)
Records: 140378  Deleted: 0  Skipped: 0  Warnings: 8

Query OK, 0 rows affected (0.26 sec)
Records: 0  Duplicates: 0  Warnings: 0

Query OK, 0 rows affected (0.31 sec)
Records: 0  Duplicates: 0  Warnings: 0

Query OK, 0 rows affected (0.29 sec)
Records: 0  Duplicates: 0  Warnings: 0

Query OK, 0 rows affected (0.27 sec)
Records: 0  Duplicates: 0  Warnings: 0

Query OK, 0 rows affected (0.35 sec)
Records: 0  Duplicates: 0  Warnings: 0

Query OK, 0 rows affected (0.52 sec)
Records: 0  Duplicates: 0  Warnings: 0

Query OK, 0 rows affected (0.07 sec)

Query OK, 1795439 rows affected (3 min 51.90 sec)
Records: 1795439  Duplicates: 0  Warnings: 0

Query OK, 0 rows affected (4.39 sec)
Records: 0  Duplicates: 0  Warnings: 0

+---------+
| devices |
+---------+
|  140378 |
+---------+
1 row in set (0.05 sec)

+-----------------------+
| clientcontractdevices |
+-----------------------+
|               1795439 |
+-----------------------+
1 row in set (0.65 sec)

Query OK, 0 rows affected (0.01 sec)

Query OK, 140301 rows affected (5.97 sec)
Records: 140301  Duplicates: 0  Warnings: 0

+---------------------------+
| rep_clientcontractdevices |
+---------------------------+
|                    140301 |
+---------------------------+
1 row in set (0.04 sec)

Database changed
Query OK, 0 rows affected (0.05 sec)

Query OK, 0 rows affected (0.01 sec)

Query OK, 301059 rows affected (6.72 sec)
Records: 301059  Deleted: 0  Skipped: 0  Warnings: 0

Query OK, 0 rows affected (0.67 sec)
Records: 0  Duplicates: 0  Warnings: 0

Query OK, 0 rows affected (0.60 sec)
Records: 0  Duplicates: 0  Warnings: 0

Query OK, 0 rows affected (0.61 sec)
Records: 0  Duplicates: 0  Warnings: 0

Query OK, 0 rows affected (0.52 sec)
Records: 0  Duplicates: 0  Warnings: 0

+---------+
| tickets |
+---------+
|  301059 |
+---------+
1 row in set (0.08 sec)

Database changed
Query OK, 0 rows affected (0.01 sec)

Query OK, 0 rows affected (0.01 sec)

Empty set (0.00 sec)

Query OK, 0 rows affected (0.02 sec)
Records: 0  Duplicates: 0  Warnings: 0

Query OK, 367 rows affected, 2 warnings (0.02 sec)
Records: 367  Deleted: 0  Skipped: 0  Warnings: 2

+-----------------+
| tickettechusers |
+-----------------+
|             367 |
+-----------------+
1 row in set (0.00 sec)

Database changed
Query OK, 0 rows affected (0.01 sec)

Query OK, 0 rows affected (0.01 sec)

Query OK, 0 rows affected (0.02 sec)
Records: 0  Duplicates: 0  Warnings: 0

Query OK, 660096 rows affected, 47700 warnings (10.77 sec)
Records: 660096  Deleted: 0  Skipped: 0  Warnings: 47700

+-------------------+
| ticketassignments |
+-------------------+
|            660096 |
+-------------------+
1 row in set (0.18 sec)

Database changed
Query OK, 0 rows affected (0.02 sec)

Query OK, 0 rows affected (0.01 sec)

Query OK, 1337467 rows affected (15.21 sec)
Records: 1337467  Deleted: 0  Skipped: 0  Warnings: 0

Query OK, 0 rows affected (3.76 sec)
Records: 0  Duplicates: 0  Warnings: 0

Query OK, 0 rows affected (2.80 sec)
Records: 0  Duplicates: 0  Warnings: 0

Query OK, 0 rows affected (2.55 sec)
Records: 0  Duplicates: 0  Warnings: 0

Query OK, 0 rows affected (2.95 sec)
Records: 0  Duplicates: 0  Warnings: 0

+----------------+
| ticketcomments |
+----------------+
|        1337467 |
+----------------+
1 row in set (0.37 sec)

Database changed
Query OK, 0 rows affected (0.01 sec)

Query OK, 0 rows affected (0.01 sec)

Query OK, 462824 rows affected (34.04 sec)
Records: 462824  Deleted: 0  Skipped: 0  Warnings: 0

Query OK, 0 rows affected (2.21 sec)
Records: 0  Duplicates: 0  Warnings: 0

+----------+
| comments |
+----------+
|   462824 |
+----------+
1 row in set (0.13 sec)

Database changed
Query OK, 0 rows affected (0.03 sec)

Query OK, 0 rows affected (0.01 sec)

Query OK, 1449260 rows affected, 65535 warnings (1 min 10.47 sec)
Records: 1449260  Deleted: 0  Skipped: 0  Warnings: 1449291

Query OK, 0 rows affected (4.24 sec)
Records: 0  Duplicates: 0  Warnings: 0

Query OK, 0 rows affected (3.41 sec)
Records: 0  Duplicates: 0  Warnings: 0

Query OK, 0 rows affected (3.43 sec)
Records: 0  Duplicates: 0  Warnings: 0

Query OK, 0 rows affected (3.41 sec)
Records: 0  Duplicates: 0  Warnings: 0

Query OK, 0 rows affected (4.96 sec)
Records: 0  Duplicates: 0  Warnings: 0

+------------+
| devicesold |
+------------+
|    1449260 |
+------------+
1 row in set (0.40 sec)

Database changed
Query OK, 0 rows affected (0.02 sec)

Query OK, 0 rows affected (0.01 sec)

Query OK, 1788779 rows affected (22.14 sec)
Records: 1788779  Deleted: 0  Skipped: 0  Warnings: 0

Query OK, 0 rows affected (4.55 sec)
Records: 0  Duplicates: 0  Warnings: 0

Query OK, 0 rows affected (4.11 sec)
Records: 0  Duplicates: 0  Warnings: 0

Query OK, 0 rows affected (4.21 sec)
Records: 0  Duplicates: 0  Warnings: 0

+------------------+
| contractservices |
+------------------+
|          1788779 |
+------------------+
1 row in set (0.49 sec)

Database changed
Query OK, 0 rows affected (0.06 sec)

Query OK, 0 rows affected (0.01 sec)

Query OK, 4316262 rows affected (1 min 48.22 sec)
Records: 4316262  Deleted: 0  Skipped: 0  Warnings: 0

Query OK, 0 rows affected (11.90 sec)
Records: 0  Duplicates: 0  Warnings: 0

Query OK, 0 rows affected (13.60 sec)
Records: 0  Duplicates: 0  Warnings: 0

Query OK, 0 rows affected (11.25 sec)
Records: 0  Duplicates: 0  Warnings: 0

Query OK, 0 rows affected (12.18 sec)
Records: 0  Duplicates: 0  Warnings: 0

+------------------+
| invoicescontents |
+------------------+
|          4316262 |
+------------------+
1 row in set (1.18 sec)

Database changed
Query OK, 0 rows affected (0.06 sec)

Query OK, 0 rows affected (0.01 sec)

Query OK, 3038269 rows affected (2 min 50.45 sec)
Records: 3038269  Deleted: 0  Skipped: 0  Warnings: 0

Query OK, 0 rows affected (12.65 sec)
Records: 0  Duplicates: 0  Warnings: 0

Query OK, 0 rows affected (11.59 sec)
Records: 0  Duplicates: 0  Warnings: 0

Query OK, 0 rows affected (9.77 sec)
Records: 0  Duplicates: 0  Warnings: 0

Query OK, 0 rows affected (11.46 sec)
Records: 0  Duplicates: 0  Warnings: 0

Query OK, 0 rows affected (10.79 sec)
Records: 0  Duplicates: 0  Warnings: 0

+----------------+
| invoicesheader |
+----------------+
|        3038269 |
+----------------+
1 row in set (0.82 sec)

Database changed
Query OK, 0 rows affected (0.04 sec)

Query OK, 0 rows affected (0.01 sec)

Query OK, 3071918 rows affected (1 min 17.78 sec)
Records: 3071918  Deleted: 0  Skipped: 0  Warnings: 0

Query OK, 0 rows affected (8.14 sec)
Records: 0  Duplicates: 0  Warnings: 0

Query OK, 0 rows affected (7.94 sec)
Records: 0  Duplicates: 0  Warnings: 0

Query OK, 0 rows affected (7.88 sec)
Records: 0  Duplicates: 0  Warnings: 0

Query OK, 0 rows affected (7.57 sec)
Records: 0  Duplicates: 0  Warnings: 0

+---------+
| casa    |
+---------+
| 3071918 |
+---------+
1 row in set (0.85 sec)

Query OK, 0 rows affected (0.01 sec)

Query OK, 14988 rows affected (1 min 17.24 sec)
Records: 14988  Duplicates: 0  Warnings: 0

+--------------------+
| rep_paycol_channel |
+--------------------+
|              14988 |
+--------------------+
1 row in set (0.01 sec)

Query OK, 0 rows affected (0.01 sec)

Query OK, 11024 rows affected (1 min 34.53 sec)
Records: 11024  Duplicates: 0  Warnings: 0

+----------------+
| rep_paycol_pos |
+----------------+
|          11024 |
+----------------+
1 row in set (0.01 sec)

Database changed
Query OK, 0 rows affected (0.01 sec)

Query OK, 0 rows affected (0.01 sec)

Database changed
Query OK, 39636 rows affected (0.72 sec)
Records: 39636  Deleted: 0  Skipped: 0  Warnings: 0

+-------+
| users |
+-------+
| 39636 |
+-------+
1 row in set (0.01 sec)

Query OK, 0 rows affected (0.09 sec)
Records: 0  Duplicates: 0  Warnings: 0

Database changed
Query OK, 0 rows affected (0.03 sec)

Query OK, 0 rows affected (0.01 sec)

Query OK, 1872898 rows affected, 2 warnings (28.01 sec)
Records: 1872898  Deleted: 0  Skipped: 0  Warnings: 2

Query OK, 0 rows affected (5.15 sec)
Records: 0  Duplicates: 0  Warnings: 0

Query OK, 0 rows affected (5.38 sec)
Records: 0  Duplicates: 0  Warnings: 0

Query OK, 0 rows affected (4.02 sec)
Records: 0  Duplicates: 0  Warnings: 0

Query OK, 0 rows affected (4.15 sec)
Records: 0  Duplicates: 0  Warnings: 0

Query OK, 0 rows affected (3.96 sec)
Records: 0  Duplicates: 0  Warnings: 0

+-------------+
| useractions |
+-------------+
|     1872898 |
+-------------+
1 row in set (0.52 sec)

Database changed
Query OK, 0 rows affected (0.07 sec)

Query OK, 0 rows affected (0.01 sec)

Database changed
Query OK, 24174418 rows affected (4 min 11.66 sec)
Records: 24174418  Deleted: 0  Skipped: 0  Warnings: 0

Query OK, 0 rows affected (1 min 4.04 sec)
Records: 0  Duplicates: 0  Warnings: 0

Query OK, 0 rows affected (1 min 2.68 sec)
Records: 0  Duplicates: 0  Warnings: 0

Query OK, 0 rows affected (1 min 2.27 sec)
Records: 0  Duplicates: 0  Warnings: 0

Query OK, 0 rows affected (53.49 sec)
Records: 0  Duplicates: 0  Warnings: 0

Query OK, 0 rows affected (1 min 10.63 sec)
Records: 0  Duplicates: 0  Warnings: 0

+----------+
| ipusage1 |
+----------+
| 24174418 |
+----------+
1 row in set (7.94 sec)

Query OK, 0 rows affected (0.13 sec)

Query OK, 24434335 rows affected, 65535 warnings (11 min 44.77 sec)
Records: 24434335  Duplicates: 0  Warnings: 24428033

Query OK, 0 rows affected (1 min 23.57 sec)
Records: 0  Duplicates: 0  Warnings: 0

Query OK, 0 rows affected (1 min 7.89 sec)
Records: 0  Duplicates: 0  Warnings: 0

Query OK, 0 rows affected (1 min 5.06 sec)
Records: 0  Duplicates: 0  Warnings: 0

Query OK, 0 rows affected (59.29 sec)
Records: 0  Duplicates: 0  Warnings: 0

Query OK, 0 rows affected (1 min 35.27 sec)
Records: 0  Duplicates: 0  Warnings: 0

Query OK, 0 rows affected (1 min 56.34 sec)
Records: 0  Duplicates: 0  Warnings: 0

Query OK, 0 rows affected (1 min 31.38 sec)
Records: 0  Duplicates: 0  Warnings: 0

+----------+
| ipusage  |
+----------+
| 24434335 |
+----------+
1 row in set (8.64 sec)

Query OK, 0 rows affected (0.05 sec)

Query OK, 5919162 rows affected (6 min 4.89 sec)
Records: 5919162  Duplicates: 0  Warnings: 0

Query OK, 0 rows affected (18.91 sec)
Records: 0  Duplicates: 0  Warnings: 0

Query OK, 0 rows affected (13.92 sec)
Records: 0  Duplicates: 0  Warnings: 0

Query OK, 0 rows affected (19.85 sec)
Records: 0  Duplicates: 0  Warnings: 0

Query OK, 0 rows affected (23.94 sec)
Records: 0  Duplicates: 0  Warnings: 0

Query OK, 0 rows affected (18.07 sec)
Records: 0  Duplicates: 0  Warnings: 0

+------------------+
| clientcontractip |
+------------------+
|          5919162 |
+------------------+
1 row in set (1.67 sec)

Query OK, 0 rows affected (0.03 sec)

Query OK, 491429 rows affected (41.60 sec)
Records: 491429  Duplicates: 0  Warnings: 0

Query OK, 0 rows affected (1.59 sec)
Records: 0  Duplicates: 0  Warnings: 0

Query OK, 0 rows affected (1.43 sec)
Records: 0  Duplicates: 0  Warnings: 0

Query OK, 0 rows affected (1.71 sec)
Records: 0  Duplicates: 0  Warnings: 0

Query OK, 0 rows affected (0.89 sec)
Records: 0  Duplicates: 0  Warnings: 0

Query OK, 0 rows affected (0.86 sec)
Records: 0  Duplicates: 0  Warnings: 0

Query OK, 0 rows affected (0.90 sec)
Records: 0  Duplicates: 0  Warnings: 0

Query OK, 0 rows affected (0.95 sec)
Records: 0  Duplicates: 0  Warnings: 0

+-----------------------+
| clientcontractipmonth |
+-----------------------+
|                491429 |
+-----------------------+
1 row in set (0.13 sec)

Query OK, 0 rows affected (0.05 sec)

Query OK, 1788550 rows affected (56.87 sec)
Records: 1788550  Duplicates: 0  Warnings: 0

Query OK, 0 rows affected (7.49 sec)
Records: 0  Duplicates: 0  Warnings: 0

Query OK, 0 rows affected (3.25 sec)
Records: 0  Duplicates: 0  Warnings: 0

Query OK, 0 rows affected (5.16 sec)
Records: 0  Duplicates: 0  Warnings: 0

+------------------------------+
| contractsservicepackageprice |
+------------------------------+
|                      1788550 |
+------------------------------+
1 row in set (0.51 sec)

Query OK, 0 rows affected (0.04 sec)

Query OK, 1788550 rows affected (2 min 48.97 sec)
Records: 1788550  Duplicates: 0  Warnings: 0

Query OK, 0 rows affected (9.59 sec)
Records: 0  Duplicates: 0  Warnings: 0

Query OK, 0 rows affected (8.04 sec)
Records: 0  Duplicates: 0  Warnings: 0

Query OK, 0 rows affected (4.62 sec)
Records: 0  Duplicates: 0  Warnings: 0

Query OK, 0 rows affected (5.89 sec)
Records: 0  Duplicates: 0  Warnings: 0

+------------------------------------+
| clientcontractsservicepackageprice |
+------------------------------------+
|                            1788550 |
+------------------------------------+
1 row in set (0.49 sec)

mysql> mysql \. C:\workspace\cloud\code\sql\_DailyScript\currenttime.sql
+---------------------+
| currenttime         |
+---------------------+
| 2020-10-15 08:55:40 |
+---------------------+
1 row in set (0.00 sec)

mysql> 
mysql> mysql \. C:\workspace\cloud\code\sql\_DailyScript\ticket_analysis.sql
Database changed
Query OK, 0 rows affected (0.03 sec)

Query OK, 698428 rows affected (22.60 sec)
Records: 698428  Duplicates: 0  Warnings: 0

Query OK, 0 rows affected (4.33 sec)
Records: 0  Duplicates: 0  Warnings: 0

Query OK, 0 rows affected (1.90 sec)
Records: 0  Duplicates: 0  Warnings: 0

Query OK, 0 rows affected (1.80 sec)
Records: 0  Duplicates: 0  Warnings: 0

Query OK, 0 rows affected (0.01 sec)

Query OK, 22488 rows affected (12.03 sec)
Records: 22488  Duplicates: 0  Warnings: 0

Query OK, 0 rows affected, 1 warning (0.00 sec)

Query OK, 99009 rows affected (6.82 sec)
Records: 99009  Duplicates: 0  Warnings: 0

Query OK, 0 rows affected, 1 warning (0.00 sec)

Query OK, 507668 rows affected (14.16 sec)
Records: 507668  Duplicates: 0  Warnings: 0

Query OK, 0 rows affected, 1 warning (0.00 sec)

Query OK, 507668 rows affected (14.39 sec)
Records: 507668  Duplicates: 0  Warnings: 0

Query OK, 0 rows affected (0.01 sec)

Query OK, 99095 rows affected (6.11 sec)
Records: 99095  Duplicates: 0  Warnings: 0

Database changed
Query OK, 0 rows affected (0.00 sec)

Query OK, 0 rows affected (0.03 sec)

Query OK, 698428 rows affected (22.53 sec)
Records: 698428  Duplicates: 0  Warnings: 0

Query OK, 0 rows affected (0.01 sec)

Query OK, 352645 rows affected (15.47 sec)
Records: 352645  Duplicates: 0  Warnings: 0

+--------------------------+
| clientticket_cmmtjourney |
+--------------------------+
|                   698428 |
+--------------------------+
1 row in set (2.27 sec)

+---------------------------+
| clientticket_assgnjourney |
+---------------------------+
|                    352645 |
+---------------------------+
1 row in set (0.39 sec)

Query OK, 0 rows affected (0.01 sec)

Query OK, 78 rows affected (0.08 sec)
Records: 78  Duplicates: 0  Warnings: 0

mysql> mysql \. C:\workspace\cloud\code\sql\_DailyScript\currenttime.sql
+---------------------+
| currenttime         |
+---------------------+
| 2020-10-15 08:57:46 |
+---------------------+
1 row in set (0.00 sec)

mysql> 
mysql> mysql \. C:\workspace\cloud\code\sql\_DailyScript\load_DailyCalls.sql
Database changed
Query OK, 641 rows affected (0.17 sec)
Records: 641  Deleted: 0  Skipped: 0  Warnings: 0

Query OK, 0 rows affected, 1 warning (0.00 sec)

Query OK, 615 rows affected (0.03 sec)
Records: 615  Duplicates: 0  Warnings: 0

Query OK, 0 rows affected, 1 warning (0.00 sec)

Query OK, 67877 rows affected (0.29 sec)
Records: 67877  Duplicates: 0  Warnings: 0

+----------------------+
| callingclientsbefore |
+----------------------+
|              1017028 |
+----------------------+
1 row in set (0.40 sec)

Query OK, 883 rows affected (12.68 sec)
Records: 883  Duplicates: 0  Warnings: 0

+---------------------+
| callingclientsafter |
+---------------------+
|             1017911 |
+---------------------+
1 row in set (0.28 sec)

Query OK, 0 rows affected (0.01 sec)

Query OK, 435 rows affected (4.20 sec)
Records: 435  Duplicates: 0  Warnings: 0

Query OK, 0 rows affected (0.01 sec)

Query OK, 20402 rows affected (3.32 sec)
Records: 20402  Duplicates: 0  Warnings: 0

+-----------+
| callstats |
+-----------+
|     20402 |
+-----------+
1 row in set (0.01 sec)

Query OK, 0 rows affected, 1 warning (0.00 sec)

Query OK, 883 rows affected (2.73 sec)
Records: 883  Duplicates: 0  Warnings: 0

+------------------------+
| rep_cccallreportbefore |
+------------------------+
|                1017738 |
+------------------------+
1 row in set (0.37 sec)

Query OK, 883 rows affected (0.20 sec)
Records: 883  Duplicates: 0  Warnings: 0

+-----------------------+
| rep_cccallreportafter |
+-----------------------+
|               1018621 |
+-----------------------+
1 row in set (0.28 sec)

Query OK, 0 rows affected (0.01 sec)

mysql> mysql \. C:\workspace\cloud\code\sql\_DailyScript\currenttime.sql
+---------------------+
| currenttime         |
+---------------------+
| 2020-10-15 08:58:11 |
+---------------------+
1 row in set (0.00 sec)

mysql> 
mysql> mysql \. C:\workspace\cloud\code\sql\_DailyScript\DAILY-SCRIPT-USAGE.sql
Database changed
Query OK, 0 rows affected (0.00 sec)

Query OK, 4367 rows affected, 12604 warnings (1.14 sec)
Records: 4367  Deleted: 0  Skipped: 0  Warnings: 12604

Query OK, 0 rows affected (0.00 sec)

Query OK, 6138 rows affected, 17640 warnings (1.27 sec)
Records: 6138  Deleted: 0  Skipped: 0  Warnings: 17640

Query OK, 0 rows affected (0.00 sec)

Query OK, 275 rows affected, 999 warnings (0.04 sec)
Records: 275  Deleted: 0  Skipped: 0  Warnings: 999

Query OK, 0 rows affected (0.00 sec)

Query OK, 222 rows affected, 759 warnings (0.04 sec)
Records: 222  Deleted: 0  Skipped: 0  Warnings: 759

+------------+
| dailyusage |
+------------+
|   15223760 |
+------------+
1 row in set (6.76 sec)

+------------+------------+------------+---------+
| datestart  | dateend    | insertedon | records |
+------------+------------+------------+---------+
| 2020-10-14 | 2020-10-14 | 2020-10-15 |   11002 |
| 2020-10-13 | 2020-10-13 | 2020-10-14 |   11277 |
| 2020-10-12 | 2020-10-12 | 2020-10-13 |   11370 |
| 2020-10-11 | 2020-10-11 | 2020-10-12 |   11150 |
| 2020-10-10 | 2020-10-10 | 2020-10-12 |   11335 |
+------------+------------+------------+---------+
5 rows in set (29.85 sec)

+----------+------------+------------+------------+---------+
| category | datestart  | dateend    | insertedon | records |
+----------+------------+------------+------------+---------+
| UNCAPPED | 2020-10-14 | 2020-10-14 | 2020-10-15 |    6138 |
| PREPAID  | 2020-10-14 | 2020-10-14 | 2020-10-15 |     275 |
| HOTSPOT  | 2020-10-14 | 2020-10-14 | 2020-10-15 |     222 |
| CAPPED   | 2020-10-14 | 2020-10-14 | 2020-10-15 |    4367 |
| UNCAPPED | 2020-10-13 | 2020-10-13 | 2020-10-14 |    6298 |
| PREPAID  | 2020-10-13 | 2020-10-13 | 2020-10-14 |     277 |
| HOTSPOT  | 2020-10-13 | 2020-10-13 | 2020-10-14 |     210 |
| CAPPED   | 2020-10-13 | 2020-10-13 | 2020-10-14 |    4492 |
| UNCAPPED | 2020-10-12 | 2020-10-12 | 2020-10-13 |    6374 |
| PREPAID  | 2020-10-12 | 2020-10-12 | 2020-10-13 |     284 |
| HOTSPOT  | 2020-10-12 | 2020-10-12 | 2020-10-13 |     162 |
| CAPPED   | 2020-10-12 | 2020-10-12 | 2020-10-13 |    4550 |
| UNCAPPED | 2020-10-11 | 2020-10-11 | 2020-10-12 |    6220 |
| PREPAID  | 2020-10-11 | 2020-10-11 | 2020-10-12 |     290 |
| HOTSPOT  | 2020-10-11 | 2020-10-11 | 2020-10-12 |     148 |
| CAPPED   | 2020-10-11 | 2020-10-11 | 2020-10-12 |    4492 |
| UNCAPPED | 2020-10-10 | 2020-10-10 | 2020-10-12 |    6330 |
| PREPAID  | 2020-10-10 | 2020-10-10 | 2020-10-12 |     268 |
| HOTSPOT  | 2020-10-10 | 2020-10-10 | 2020-10-12 |     163 |
| CAPPED   | 2020-10-10 | 2020-10-10 | 2020-10-12 |    4574 |
+----------+------------+------------+------------+---------+
20 rows in set (22.48 sec)

mysql> mysql \. C:\workspace\cloud\code\sql\_DailyScript\currenttime.sql
+---------------------+
| currenttime         |
+---------------------+
| 2020-10-15 08:59:12 |
+---------------------+
1 row in set (0.00 sec)

mysql> 
mysql> mysql \. C:\workspace\cloud\code\sql\_DailyScript\DAILY-SCRIPT-SALES-TELEMETRY.sql
Database changed
Query OK, 95 rows affected, 80 warnings (0.04 sec)
Records: 95  Deleted: 0  Skipped: 0  Warnings: 80

+------------+
| dailysales |
+------------+
|     210874 |
+------------+
1 row in set (0.22 sec)

Query OK, 0 rows affected (0.01 sec)

Query OK, 210874 rows affected (13.85 sec)
Records: 210874  Duplicates: 0  Warnings: 0

+--------+
| sales  |
+--------+
| 210874 |
+--------+
1 row in set (0.09 sec)

Query OK, 0 rows affected (0.00 sec)

Query OK, 3424 rows affected (0.35 sec)
Records: 3424  Duplicates: 0  Warnings: 0

+----------------+
| rep_dailysales |
+----------------+
|           3424 |
+----------------+
1 row in set (0.00 sec)

Query OK, 0 rows affected (0.00 sec)

Query OK, 3424 rows affected (0.54 sec)
Records: 3424  Duplicates: 0  Warnings: 0

+-------------------+
| rep_dailysalesreg |
+-------------------+
|              3424 |
+-------------------+
1 row in set (0.00 sec)

Query OK, 0 rows affected (0.01 sec)

Query OK, 2822 rows affected (0.66 sec)
Records: 2822  Duplicates: 0  Warnings: 0

+-----------+
| saleslist |
+-----------+
|      2822 |
+-----------+
1 row in set (0.00 sec)

Database changed
ERROR 2 (HY000): File 'C:\ProgramData\MySQL\MySQL Server 5.7\Uploads\_csv\PrepaidCardSales-14102020-P1.csv' not found (Errcode: 2 - No such file or directory)
+------------------+
| dailysinglesales |
+------------------+
|             6388 |
+------------------+
1 row in set (0.01 sec)

Database changed
Query OK, 13 rows affected (0.03 sec)
Records: 13  Deleted: 0  Skipped: 0  Warnings: 0

+-----------------+
| dailyaddonsales |
+-----------------+
|           20802 |
+-----------------+
1 row in set (0.04 sec)

Query OK, 163 rows affected (0.05 sec)
Records: 163  Deleted: 0  Skipped: 0  Warnings: 0

+----------------+
| onlinepayments |
+----------------+
|         129272 |
+----------------+
1 row in set (0.09 sec)

+-------------+----------------+---------------------+
| paymentdate | onlinepayments | onlinepaymentamount |
+-------------+----------------+---------------------+
| 2020-10-14  |            163 |        106827.79000 |
| 2020-10-13  |            140 |         76974.36000 |
| 2020-10-12  |            185 |        121642.44000 |
| 2020-10-11  |            146 |         92069.53000 |
| 2020-10-10  |            149 |        108673.90000 |
+-------------+----------------+---------------------+
5 rows in set (0.52 sec)

+-------------+--------------+----------------+---------------------+
| paymentyear | paymentmonth | onlinepayments | onlinepaymentamount |
+-------------+--------------+----------------+---------------------+
|        2020 |           10 |           2632 |       1725492.36000 |
|        2020 |            9 |           6132 |       3998941.54000 |
|        2020 |            8 |           6240 |       4098025.79000 |
|        2020 |            7 |           6291 |       4053825.83000 |
|        2020 |            6 |           6133 |       4006312.90000 |
+-------------+--------------+----------------+---------------------+
5 rows in set (0.13 sec)

mysql> mysql \. C:\workspace\cloud\code\sql\_DailyScript\currenttime.sql
+---------------------+
| currenttime         |
+---------------------+
| 2020-10-15 08:59:29 |
+---------------------+
1 row in set (0.00 sec)

mysql> 
mysql> mysql \. C:\workspace\cloud\code\sql\_DailyScript\DAILY-SCRIPT-ACTIVENUMBERS.sql
Database changed
Query OK, 1165 rows affected (0.59 sec)
Records: 1165  Deleted: 0  Skipped: 0  Warnings: 0

+------------+----------+
| period     | count(1) |
+------------+----------+
| 2020-10-14 |     1165 |
| 2020-10-13 |     1166 |
| 2020-10-12 |     1166 |
| 2020-10-11 |     1165 |
| 2020-10-10 |     1165 |
+------------+----------+
5 rows in set (0.01 sec)

Query OK, 0 rows affected (0.01 sec)

Query OK, 79 rows affected (1.39 sec)
Records: 79  Duplicates: 0  Warnings: 0

+-------------+
| packagelist |
+-------------+
|          79 |
+-------------+
1 row in set (0.00 sec)

Database changed
Query OK, 0 rows affected (0.01 sec)

Query OK, 0 rows affected (0.00 sec)

Query OK, 0 rows affected (0.00 sec)

Query OK, 0 rows affected (0.00 sec)

Query OK, 27803 rows affected, 186 warnings (22.85 sec)
Records: 27803  Deleted: 0  Skipped: 0  Warnings: 186

+------------+----------+
| period     | count(1) |
+------------+----------+
| 2020-10-14 |    27803 |
| 2020-10-13 |    27822 |
| 2020-10-12 |    27710 |
| 2020-10-11 |    27616 |
| 2020-10-10 |    27783 |
+------------+----------+
5 rows in set (0.16 sec)

Query OK, 0 rows affected (0.02 sec)

Query OK, 27225 rows affected (46.43 sec)
Records: 27225  Duplicates: 0  Warnings: 0

Query OK, 0 rows affected (0.14 sec)
Records: 0  Duplicates: 0  Warnings: 0

Query OK, 0 rows affected (0.10 sec)
Records: 0  Duplicates: 0  Warnings: 0

Query OK, 0 rows affected (0.10 sec)
Records: 0  Duplicates: 0  Warnings: 0

Query OK, 0 rows affected (0.10 sec)
Records: 0  Duplicates: 0  Warnings: 0

Query OK, 0 rows affected (0.06 sec)
Records: 0  Duplicates: 0  Warnings: 0

Query OK, 0 rows affected (0.06 sec)
Records: 0  Duplicates: 0  Warnings: 0

+-------------+
| countbefore |
+-------------+
|    39939077 |
+-------------+
1 row in set (15.21 sec)

Query OK, 27225 rows affected (7.72 sec)
Records: 27225  Duplicates: 0  Warnings: 0

+------------+
| countafter |
+------------+
|   39966302 |
+------------+
1 row in set (14.49 sec)

+------------+--------------------------+
| period     | customercontractactivity |
+------------+--------------------------+
| 2020-10-14 |                    27225 |
| 2020-10-13 |                    27239 |
| 2020-10-12 |                    27127 |
| 2020-10-11 |                    27033 |
| 2020-10-10 |                    27200 |
+------------+--------------------------+
5 rows in set (0.06 sec)

Query OK, 0 rows affected (0.02 sec)

Query OK, 281134 rows affected (7 min 24.23 sec)
Records: 281134  Duplicates: 0  Warnings: 0

Query OK, 0 rows affected (0.95 sec)
Records: 0  Duplicates: 0  Warnings: 0

Query OK, 0 rows affected (1.04 sec)
Records: 0  Duplicates: 0  Warnings: 0

Query OK, 0 rows affected (1.02 sec)
Records: 0  Duplicates: 0  Warnings: 0

Query OK, 0 rows affected (0.01 sec)

Query OK, 228 rows affected (0.41 sec)
Records: 228  Duplicates: 0  Warnings: 0

Query OK, 0 rows affected (0.01 sec)

Query OK, 2649 rows affected (0.57 sec)
Records: 2649  Duplicates: 0  Warnings: 0

Query OK, 0 rows affected (0.00 sec)

Query OK, 27205 rows affected (0.56 sec)
Records: 27205  Duplicates: 0  Warnings: 0

Query OK, 0 rows affected (0.02 sec)

Query OK, 17122 rows affected (0.36 sec)
Records: 17122  Duplicates: 0  Warnings: 0

Query OK, 0 rows affected (0.02 sec)

Query OK, 17122 rows affected (0.12 sec)
Records: 17122  Duplicates: 0  Warnings: 0

Query OK, 0 rows affected (0.01 sec)

Query OK, 17122 rows affected (1.03 sec)
Records: 17122  Duplicates: 0  Warnings: 0

Query OK, 0 rows affected (0.02 sec)

Query OK, 17122 rows affected (43.55 sec)
Records: 17122  Duplicates: 0  Warnings: 0

+-------------+
| clientstats |
+-------------+
|       17122 |
+-------------+
1 row in set (0.01 sec)

Query OK, 0 rows affected (0.01 sec)

Query OK, 13 rows affected, 1 warning (0.09 sec)
Records: 13  Duplicates: 0  Warnings: 1

+-----------------------+-------------+-------------+----------------+-----------------+
| services              | activecount | allaccounts | uniqueaccounts | uniquecontracts |
+-----------------------+-------------+-------------+----------------+-----------------+
| All                   |         361 |          58 |             58 |             187 |
| Internet & Voice      |         356 |         159 |            159 |             311 |
| Internet Only         |        4327 |        4196 |           4186 |            4237 |
| OTT Only              |           1 |           1 |              1 |               1 |
| TV & Internet         |        9320 |        4218 |           4209 |            8580 |
| TV & Internet & OTT   |        3131 |         798 |            796 |            1659 |
| TV & Internet & Voice |         497 |         148 |            148 |             453 |
| TV & OTT              |         351 |          73 |             72 |              89 |
| TV & Voice            |          81 |          37 |             37 |              76 |
| TV & Voice & OTT      |           7 |           1 |              1 |               2 |
| TV Only               |        9360 |        7296 |           7281 |            7488 |
| Voice Only            |         138 |         137 |            137 |             138 |
| GRAND TOTAL           |       27930 |       17122 |          17037 |           23221 |
+-----------------------+-------------+-------------+----------------+-----------------+
13 rows in set (0.00 sec)

+-------------+-------------+-------------+----------------+-----------------+
| network     | activecount | allaccounts | uniqueaccounts | uniquecontracts |
+-------------+-------------+-------------+----------------+-----------------+
| GPON        |        9662 |        4966 |           4963 |            7669 |
| HFC         |       18268 |       12156 |          12156 |           15552 |
| GRAND TOTAL |       27930 |       17122 |          17037 |           23221 |
+-------------+-------------+-------------+----------------+-----------------+
3 rows in set, 1 warning (0.11 sec)

+-------------+-----------------------+-------------+-------------+----------------+-----------------+
| network     | services              | activecount | allaccounts | uniqueaccounts | uniquecontracts |
+-------------+-----------------------+-------------+-------------+----------------+-----------------+
| GPON        | All                   |         205 |          33 |             33 |             105 |
| GPON        | Internet & Voice      |          69 |          28 |             28 |              59 |
| GPON        | Internet Only         |        1253 |        1139 |           1139 |            1164 |
| GPON        | TV & Internet         |        3994 |        1771 |           1771 |            3631 |
| GPON        | TV & Internet & OTT   |        1786 |         448 |            448 |             938 |
| GPON        | TV & Internet & Voice |         198 |          58 |             58 |             181 |
| GPON        | TV & OTT              |         123 |          38 |             38 |              44 |
| GPON        | TV & Voice            |          51 |          23 |             23 |              48 |
| GPON        | TV Only               |        1971 |        1416 |           1416 |            1487 |
| GPON        | Voice Only            |          12 |          12 |             12 |              12 |
| GPON        | Services Total        |        9662 |        4966 |           4963 |            7669 |
| HFC         | All                   |         156 |          25 |             25 |              82 |
| HFC         | Internet & Voice      |         287 |         131 |            131 |             252 |
| HFC         | Internet Only         |        3074 |        3057 |           3057 |            3073 |
| HFC         | OTT Only              |           1 |           1 |              1 |               1 |
| HFC         | TV & Internet         |        5326 |        2447 |           2447 |            4949 |
| HFC         | TV & Internet & OTT   |        1345 |         350 |            350 |             721 |
| HFC         | TV & Internet & Voice |         299 |          90 |             90 |             272 |
| HFC         | TV & OTT              |         228 |          35 |             35 |              45 |
| HFC         | TV & Voice            |          30 |          14 |             14 |              28 |
| HFC         | TV & Voice & OTT      |           7 |           1 |              1 |               2 |
| HFC         | TV Only               |        7389 |        5880 |           5880 |            6001 |
| HFC         | Voice Only            |         126 |         125 |            125 |             126 |
| HFC         | Services Total        |       18268 |       12156 |          12156 |           15552 |
| GRAND TOTAL | Services Total        |       27930 |       17122 |          17037 |           23221 |
+-------------+-----------------------+-------------+-------------+----------------+-----------------+
25 rows in set, 2 warnings (0.13 sec)

Query OK, 0 rows affected (0.01 sec)

Query OK, 41 rows affected, 3 warnings (0.18 sec)
Records: 41  Duplicates: 0  Warnings: 3

+-------------+---------------+-----------------------+-------------+-------------+----------------+-----------------+
| region      | network       | services              | activecount | allaccounts | uniqueaccounts | uniquecontracts |
+-------------+---------------+-----------------------+-------------+-------------+----------------+-----------------+
| Mahe        | GPON          | All                   |         174 |          28 |             28 |              90 |
| Mahe        | GPON          | Internet & Voice      |          57 |          22 |             22 |              47 |
| Mahe        | GPON          | Internet Only         |        1026 |         912 |            912 |             937 |
| Mahe        | GPON          | TV & Internet         |        3203 |        1415 |           1415 |            2900 |
| Mahe        | GPON          | TV & Internet & OTT   |        1404 |         339 |            339 |             715 |
| Mahe        | GPON          | TV & Internet & Voice |         185 |          54 |             54 |             168 |
| Mahe        | GPON          | TV & OTT              |          91 |          25 |             25 |              30 |
| Mahe        | GPON          | TV & Voice            |          47 |          21 |             21 |              44 |
| Mahe        | GPON          | TV Only               |        1600 |        1121 |           1121 |            1180 |
| Mahe        | GPON          | Voice Only            |          11 |          11 |             11 |              11 |
| Mahe        | GPON          | Services Total        |        7798 |        3948 |           3948 |            6122 |
| Mahe        | HFC           | All                   |         156 |          25 |             25 |              82 |
| Mahe        | HFC           | Internet & Voice      |         287 |         131 |            131 |             252 |
| Mahe        | HFC           | Internet Only         |        3073 |        3056 |           3056 |            3072 |
| Mahe        | HFC           | OTT Only              |           1 |           1 |              1 |               1 |
| Mahe        | HFC           | TV & Internet         |        5326 |        2447 |           2447 |            4949 |
| Mahe        | HFC           | TV & Internet & OTT   |        1345 |         350 |            350 |             721 |
| Mahe        | HFC           | TV & Internet & Voice |         299 |          90 |             90 |             272 |
| Mahe        | HFC           | TV & OTT              |         228 |          35 |             35 |              45 |
| Mahe        | HFC           | TV & Voice            |          30 |          14 |             14 |              28 |
| Mahe        | HFC           | TV & Voice & OTT      |           7 |           1 |              1 |               2 |
| Mahe        | HFC           | TV Only               |        7384 |        5877 |           5877 |            5998 |
| Mahe        | HFC           | Voice Only            |         126 |         125 |            125 |             126 |
| Mahe        | HFC           | Services Total        |       18262 |       12152 |          12152 |           15548 |
| Mahe        | Network Total | Services Total        |       26060 |       16100 |          16019 |           21670 |
| Praslin     | GPON          | All                   |          31 |           5 |              5 |              15 |
| Praslin     | GPON          | Internet & Voice      |          12 |           6 |              6 |              12 |
| Praslin     | GPON          | Internet Only         |         227 |         227 |            227 |             227 |
| Praslin     | GPON          | TV & Internet         |         791 |         356 |            356 |             731 |
| Praslin     | GPON          | TV & Internet & OTT   |         382 |         109 |            109 |             223 |
| Praslin     | GPON          | TV & Internet & Voice |          13 |           4 |              4 |              13 |
| Praslin     | GPON          | TV & OTT              |          32 |          13 |             13 |              14 |
| Praslin     | GPON          | TV & Voice            |           4 |           2 |              2 |               4 |
| Praslin     | GPON          | TV Only               |         371 |         295 |            295 |             307 |
| Praslin     | GPON          | Voice Only            |           1 |           1 |              1 |               1 |
| Praslin     | GPON          | Services Total        |        1864 |        1018 |           1018 |            1547 |
| Praslin     | HFC           | Internet Only         |           1 |           1 |              1 |               1 |
| Praslin     | HFC           | TV Only               |           5 |           3 |              3 |               3 |
| Praslin     | HFC           | Services Total        |           6 |           4 |              4 |               4 |
| Praslin     | Network Total | Services Total        |        1870 |        1022 |           1021 |            1551 |
| GRAND TOTAL | Network Total | Services Total        |       27930 |       17122 |          17037 |           23221 |
+-------------+---------------+-----------------------+-------------+-------------+----------------+-----------------+
41 rows in set (0.00 sec)

Query OK, 0 rows affected (0.01 sec)

Query OK, 27206 rows affected (0.39 sec)
Records: 27206  Duplicates: 0  Warnings: 0

Query OK, 0 rows affected (0.01 sec)

Query OK, 2170 rows affected (1.47 sec)
Records: 2170  Duplicates: 0  Warnings: 0

+--------------------------------------+
| message                              |
+--------------------------------------+
| running rcbill_my.sp_ActiveNumber2() |
+--------------------------------------+
1 row in set (0.00 sec)

Query OK, 365 rows affected (1 min 51.70 sec)

mysql> mysql \. C:\workspace\cloud\code\sql\_DailyScript\currenttime.sql
+---------------------+
| currenttime         |
+---------------------+
| 2020-10-15 09:11:27 |
+---------------------+
1 row in set (0.01 sec)

mysql> 
mysql> mysql \. C:\workspace\cloud\code\sql\_DailyScript\GetActiveNumbers Average -Pivot.sql
Database changed
+-------------------------------------+
| @today := subdate(current_date(),1) |
+-------------------------------------+
| 2020-10-14                          |
+-------------------------------------+
1 row in set (0.00 sec)

+-------------------------------------+
| @lastdayofmonth := last_day(@today) |
+-------------------------------------+
| 2020-10-31                          |
+-------------------------------------+
1 row in set (0.00 sec)

Query OK, 0 rows affected (0.02 sec)

Query OK, 42496 rows affected, 65535 warnings (51.51 sec)
Records: 42496  Duplicates: 0  Warnings: 87511

Query OK, 0 rows affected (0.09 sec)
Records: 0  Duplicates: 0  Warnings: 0

Query OK, 0 rows affected (0.12 sec)
Records: 0  Duplicates: 0  Warnings: 0

Query OK, 0 rows affected (0.10 sec)
Records: 0  Duplicates: 0  Warnings: 0

+-----------------+
| activenumberavg |
+-----------------+
|           42496 |
+-----------------+
1 row in set (0.01 sec)

Query OK, 0 rows affected (0.01 sec)

Query OK, 1918 rows affected (0.49 sec)
Records: 1918  Duplicates: 0  Warnings: 0

+---------------------+
| rep_activenumberavg |
+---------------------+
|                1918 |
+---------------------+
1 row in set (0.00 sec)

+----------------------+
| rep_activenumberavg1 |
+----------------------+
|                  898 |
+----------------------+
1 row in set (0.00 sec)

Query OK, 0 rows affected (0.01 sec)

Query OK, 2215 rows affected (0.39 sec)
Records: 2215  Duplicates: 0  Warnings: 0

Query OK, 0 rows affected (0.01 sec)

Query OK, 11352 rows affected (0.70 sec)
Records: 11352  Duplicates: 0  Warnings: 0

Query OK, 0 rows affected (0.00 sec)

Query OK, 0 rows affected (0.00 sec)

Query OK, 0 rows affected (0.01 sec)

Query OK, 0 rows affected (0.00 sec)

Query OK, 0 rows affected (0.00 sec)
Statement prepared

Query OK, 53 rows affected (0.05 sec)
Records: 53  Duplicates: 0  Warnings: 0

Query OK, 0 rows affected (0.00 sec)

Query OK, 0 rows affected (0.00 sec)

+----------------------+
| rep_activenumberavg2 |
+----------------------+
|                 2215 |
+----------------------+
1 row in set (0.00 sec)

+------------------------+
| rep_activenumberavg_pv |
+------------------------+
|                     53 |
+------------------------+
1 row in set (0.00 sec)

Query OK, 0 rows affected (0.00 sec)

Query OK, 2214 rows affected (0.33 sec)
Records: 2214  Duplicates: 0  Warnings: 0

Query OK, 0 rows affected (0.00 sec)

Query OK, 0 rows affected (0.00 sec)

Query OK, 0 rows affected (0.01 sec)

Query OK, 0 rows affected (0.00 sec)

Query OK, 0 rows affected (0.00 sec)
Statement prepared

Query OK, 53 rows affected (0.04 sec)
Records: 53  Duplicates: 0  Warnings: 0

Query OK, 0 rows affected (0.00 sec)

Query OK, 0 rows affected (0.00 sec)

+-------------------------+
| rep_activenumberavgMahe |
+-------------------------+
|                    2214 |
+-------------------------+
1 row in set (0.00 sec)

+----------------------------+
| rep_activenumberavgMahe_pv |
+----------------------------+
|                         53 |
+----------------------------+
1 row in set (0.00 sec)

Query OK, 0 rows affected (0.01 sec)

Query OK, 1414 rows affected (0.17 sec)
Records: 1414  Duplicates: 0  Warnings: 0

Query OK, 0 rows affected (0.00 sec)

Query OK, 0 rows affected (0.00 sec)

Query OK, 0 rows affected (0.01 sec)

Query OK, 0 rows affected (0.00 sec)

Query OK, 0 rows affected (0.00 sec)
Statement prepared

Query OK, 40 rows affected (0.03 sec)
Records: 40  Duplicates: 0  Warnings: 0

Query OK, 0 rows affected (0.00 sec)

Query OK, 0 rows affected (0.00 sec)

+----------------------------+
| rep_activenumberavgPraslin |
+----------------------------+
|                       1414 |
+----------------------------+
1 row in set (0.00 sec)

+-------------------------------+
| rep_activenumberavgPraslin_pv |
+-------------------------------+
|                            40 |
+-------------------------------+
1 row in set (0.00 sec)

mysql> mysql \. C:\workspace\cloud\code\sql\_DailyScript\currenttime.sql
+---------------------+
| currenttime         |
+---------------------+
| 2020-10-15 09:12:21 |
+---------------------+
1 row in set (0.00 sec)

mysql> 
mysql> mysql \. C:\workspace\cloud\code\sql\_DailyScript\budget_actual_analysis_2020.sql
Query OK, 0 rows affected (0.01 sec)

Query OK, 922 rows affected, 3 warnings (0.20 sec)
Records: 922  Duplicates: 0  Warnings: 3

+--------------------+
| budget_actual_2020 |
+--------------------+
|                922 |
+--------------------+
1 row in set (0.00 sec)

Query OK, 0 rows affected (0.00 sec)

Query OK, 48 rows affected (0.04 sec)
Records: 48  Duplicates: 0  Warnings: 0

+---------------------------+
| rep_budget_actual_2020_pv |
+---------------------------+
|                        48 |
+---------------------------+
1 row in set (0.00 sec)

mysql> mysql \. C:\workspace\cloud\code\sql\_DailyScript\currenttime.sql
+---------------------+
| currenttime         |
+---------------------+
| 2020-10-15 09:12:21 |
+---------------------+
1 row in set (0.00 sec)

mysql> 
mysql> mysql \. C:\workspace\cloud\code\sql\_DailyScript\reports-sales-addons-prepaid-camera.sql
Database changed
Query OK, 0 rows affected (0.00 sec)

Query OK, 4179 rows affected (0.19 sec)
Records: 4179  Duplicates: 0  Warnings: 0

Query OK, 0 rows affected (0.01 sec)

Query OK, 20845 rows affected (15.96 sec)
Records: 20845  Duplicates: 0  Warnings: 0

+--------------------+
| rep_prepaid_camera |
+--------------------+
|               4179 |
+--------------------+
1 row in set (0.01 sec)

+-----------+
| rep_addon |
+-----------+
|     20845 |
+-----------+
1 row in set (0.01 sec)

mysql> mysql \. C:\workspace\cloud\code\sql\_DailyScript\currenttime.sql
+---------------------+
| currenttime         |
+---------------------+
| 2020-10-15 09:12:37 |
+---------------------+
1 row in set (0.00 sec)

mysql> 
mysql> mysql \. C:\workspace\cloud\code\sql\_DailyScript\housing-estate-analysis.sql
Database changed
Query OK, 0 rows affected (0.01 sec)

Query OK, 3231 rows affected (57.60 sec)
Records: 3231  Duplicates: 0  Warnings: 0

+--------------------+
| rep_housingestates |
+--------------------+
|               3231 |
+--------------------+
1 row in set (0.00 sec)

mysql> mysql \. C:\workspace\cloud\code\sql\_DailyScript\currenttime.sql
+---------------------+
| currenttime         |
+---------------------+
| 2020-10-15 09:13:35 |
+---------------------+
1 row in set (0.00 sec)

mysql> 
mysql> mysql \. C:\workspace\cloud\code\sql\_DailyScript\RCB_ClientAnalyticsReport_Script.sql
Database changed
Query OK, 0 rows affected (0.00 sec)

Query OK, 0 rows affected (0.07 sec)

Query OK, 1966657 rows affected (1 min 13.88 sec)
Records: 1966657  Duplicates: 0  Warnings: 0

Query OK, 0 rows affected (5.82 sec)
Records: 0  Duplicates: 0  Warnings: 0

Query OK, 0 rows affected (5.11 sec)
Records: 0  Duplicates: 0  Warnings: 0

Query OK, 0 rows affected (7.48 sec)
Records: 0  Duplicates: 0  Warnings: 0

Query OK, 0 rows affected (8.21 sec)
Records: 0  Duplicates: 0  Warnings: 0

Query OK, 0 rows affected (8.66 sec)
Records: 0  Duplicates: 0  Warnings: 0

Query OK, 0 rows affected (7.49 sec)
Records: 0  Duplicates: 0  Warnings: 0

Query OK, 0 rows affected (0.00 sec)

Query OK, 493094 rows affected (16.27 sec)
Rows matched: 1966657  Changed: 493094  Warnings: 0

Query OK, 0 rows affected (0.01 sec)

Query OK, 28087 rows affected (3.97 sec)
Records: 28087  Duplicates: 0  Warnings: 0

Query OK, 0 rows affected (0.01 sec)

Query OK, 44190 rows affected (10 min 34.84 sec)
Records: 44190  Duplicates: 0  Warnings: 0

Query OK, 0 rows affected (0.18 sec)
Records: 0  Duplicates: 0  Warnings: 0

Query OK, 0 rows affected (0.14 sec)
Records: 0  Duplicates: 0  Warnings: 0

Query OK, 0 rows affected (0.09 sec)
Records: 0  Duplicates: 0  Warnings: 0

Query OK, 0 rows affected (0.02 sec)

Query OK, 460183 rows affected (15 min 12.41 sec)
Records: 460183  Duplicates: 0  Warnings: 0

Query OK, 0 rows affected (1.56 sec)
Records: 0  Duplicates: 0  Warnings: 0

Query OK, 0 rows affected (1.57 sec)
Records: 0  Duplicates: 0  Warnings: 0

Query OK, 0 rows affected (0.92 sec)
Records: 0  Duplicates: 0  Warnings: 0

Query OK, 0 rows affected (1.96 sec)
Records: 0  Duplicates: 0  Warnings: 0

Query OK, 0 rows affected (1.73 sec)
Records: 0  Duplicates: 0  Warnings: 0

Query OK, 0 rows affected (0.01 sec)

Query OK, 44190 rows affected (1 min 26.82 sec)
Records: 44190  Duplicates: 0  Warnings: 0

+--------------+
| clientreport |
+--------------+
|        44190 |
+--------------+
1 row in set (0.02 sec)

Query OK, 0 rows affected (0.01 sec)

Query OK, 44190 rows affected (5.80 sec)
Records: 44190  Duplicates: 0  Warnings: 0

+----------------------+
| clientextendedreport |
+----------------------+
|                44190 |
+----------------------+
1 row in set (0.01 sec)

Query OK, 0 rows affected (0.01 sec)

Query OK, 44190 rows affected (54.78 sec)
Records: 44190  Duplicates: 0  Warnings: 0

+---------+
| allcust |
+---------+
|   44190 |
+---------+
1 row in set (0.01 sec)

Query OK, 0 rows affected, 1 warning (0.00 sec)

Query OK, 5000 rows affected (0.13 sec)
Records: 5000  Duplicates: 0  Warnings: 0

Query OK, 0 rows affected (0.01 sec)

Query OK, 6892 rows affected (0.29 sec)
Records: 6892  Duplicates: 0  Warnings: 0

Query OK, 0 rows affected, 1 warning (0.00 sec)

Query OK, 5000 rows affected (0.14 sec)
Records: 5000  Duplicates: 0  Warnings: 0

Query OK, 0 rows affected (0.01 sec)

Query OK, 7245 rows affected (0.17 sec)
Records: 7245  Duplicates: 0  Warnings: 0

mysql> mysql \. C:\workspace\cloud\code\sql\_DailyScript\currenttime.sql
+---------------------+
| currenttime         |
+---------------------+
| 2020-10-15 09:44:16 |
+---------------------+
1 row in set (0.00 sec)

mysql> 
mysql> 
mysql> mysql \. C:\workspace\cloud\code\sql\_DailyScript\REVENUE_PER_NODE_MXK.sql
Query OK, 0 rows affected (0.02 sec)

Query OK, 0 rows affected (0.01 sec)

Query OK, 0 rows affected (0.03 sec)

Query OK, 6796 rows affected (2.21 sec)
Records: 6796  Duplicates: 0  Warnings: 0

+----------------------+
| message              |
+----------------------+
| created temp table a |
+----------------------+
1 row in set (0.00 sec)

Query OK, 6786 rows affected (1.00 sec)
Records: 6786  Duplicates: 0  Warnings: 0

+----------------------+
| message              |
+----------------------+
| created temp table b |
+----------------------+
1 row in set (0.00 sec)

Query OK, 0 rows affected, 1 warning (0.00 sec)

Query OK, 7103 rows affected (14.45 sec)
Records: 7103  Duplicates: 0  Warnings: 0

+--------------------------------+
| message                        |
+--------------------------------+
| created rcbill_my.tempcustmxk1 |
+--------------------------------+
1 row in set (0.00 sec)

Query OK, 0 rows affected (0.01 sec)

Query OK, 0 rows affected (0.00 sec)

Query OK, 0 rows affected, 1 warning (0.00 sec)

Query OK, 6796 rows affected (1.48 sec)
Records: 6796  Duplicates: 0  Warnings: 0

+----------------+
| message        |
+----------------+
| created temp a |
+----------------+
1 row in set (0.00 sec)

Query OK, 6786 rows affected (0.85 sec)
Records: 6786  Duplicates: 0  Warnings: 0

+----------------+
| message        |
+----------------+
| created temp b |
+----------------+
1 row in set (0.00 sec)

Query OK, 0 rows affected, 1 warning (0.00 sec)

Query OK, 6885 rows affected (9.43 sec)
Records: 6885  Duplicates: 0  Warnings: 0

+--------------------------------+
| message                        |
+--------------------------------+
| created rcbill_my.tempcustmxk2 |
+--------------------------------+
1 row in set (0.00 sec)

Query OK, 0 rows affected (0.01 sec)

Query OK, 0 rows affected (0.00 sec)

Query OK, 0 rows affected, 1 warning (0.00 sec)

Query OK, 0 rows affected (0.01 sec)

Query OK, 7965 rows affected (0.35 sec)
Records: 7965  Duplicates: 0  Warnings: 0

+---------------------------------+
| message                         |
+---------------------------------+
| created rcbill_my.customers_mxk |
+---------------------------------+
1 row in set (0.00 sec)

Query OK, 0 rows affected (0.01 sec)

Query OK, 0 rows affected (0.01 sec)

Query OK, 14336 rows affected (5.41 sec)
Records: 14336  Duplicates: 0  Warnings: 0

+----------------+
| message        |
+----------------+
| created temp a |
+----------------+
1 row in set (0.00 sec)

Query OK, 19587 rows affected (1.63 sec)
Records: 19587  Duplicates: 0  Warnings: 0

+----------------+
| message        |
+----------------+
| created temp c |
+----------------+
1 row in set (0.00 sec)

Query OK, 0 rows affected, 1 warning (0.00 sec)

Query OK, 27337 rows affected (0.28 sec)
Records: 27337  Duplicates: 0  Warnings: 0

+---------------------------------+
| message                         |
+---------------------------------+
| created rcbill_my.tempcustcmts1 |
+---------------------------------+
1 row in set (0.00 sec)

Query OK, 0 rows affected (0.01 sec)

Query OK, 0 rows affected, 1 warning (0.00 sec)

Query OK, 0 rows affected (0.01 sec)

Query OK, 14336 rows affected (5.54 sec)
Records: 14336  Duplicates: 0  Warnings: 0

+----------------+
| message        |
+----------------+
| created temp a |
+----------------+
1 row in set (0.00 sec)

Query OK, 19587 rows affected (1.52 sec)
Records: 19587  Duplicates: 0  Warnings: 0

+----------------+
| message        |
+----------------+
| created temp c |
+----------------+
1 row in set (0.00 sec)

Query OK, 0 rows affected, 1 warning (0.00 sec)

Query OK, 20284 rows affected (0.31 sec)
Records: 20284  Duplicates: 0  Warnings: 0

+---------------------------------+
| message                         |
+---------------------------------+
| created rcbill_my.tempcustcmts2 |
+---------------------------------+
1 row in set (0.00 sec)

Query OK, 0 rows affected (0.01 sec)

Query OK, 0 rows affected, 1 warning (0.00 sec)

Query OK, 0 rows affected (0.01 sec)

Query OK, 0 rows affected (0.01 sec)

Query OK, 14499 rows affected (1.02 sec)
Records: 14499  Duplicates: 0  Warnings: 0

+----------------------------------+
| message                          |
+----------------------------------+
| created rcbill_my.customers_cmts |
+----------------------------------+
1 row in set (0.00 sec)

Query OK, 0 rows affected (0.01 sec)

Query OK, 0 rows affected (0.01 sec)

Query OK, 0 rows affected (0.01 sec)

Query OK, 18833 rows affected (0.83 sec)
Records: 18833  Duplicates: 0  Warnings: 0

+--------------------------------------+
| message                              |
+--------------------------------------+
| created rcbill_my.customers_cmts_mxk |
+--------------------------------------+
1 row in set (0.00 sec)

Query OK, 488002 rows affected (59.31 sec)
Records: 488002  Duplicates: 0  Warnings: 0

+----------------+
| message        |
+----------------+
| created temp a |
+----------------+
1 row in set (0.00 sec)

Query OK, 0 rows affected (0.02 sec)

Query OK, 488744 rows affected (11.04 sec)
Records: 488744  Duplicates: 0  Warnings: 0

+------------------------------------------------+
| message                                        |
+------------------------------------------------+
| created rcbill_my.customers_contracts_cmts_mxk |
+------------------------------------------------+
1 row in set (0.00 sec)

Query OK, 0 rows affected (0.04 sec)

Query OK, 0 rows affected, 1 warning (0.00 sec)

Query OK, 0 rows affected, 1 warning (0.00 sec)

Query OK, 0 rows affected (0.00 sec)

Query OK, 8403 rows affected (2.75 sec)
Rows matched: 8403  Changed: 8403  Warnings: 0

+------------------------------------------------+
| message                                        |
+------------------------------------------------+
| updated rcbill_my.customers_contracts_cmts_mxk |
+------------------------------------------------+
1 row in set (0.00 sec)

Query OK, 0 rows affected (0.05 sec)

Query OK, 1977781 rows affected (3 min 47.04 sec)
Records: 1977781  Duplicates: 0  Warnings: 0

+----------------------------------------+
| message                                |
+----------------------------------------+
| created rcbill_my.customers_collection |
+----------------------------------------+
1 row in set (0.00 sec)

Query OK, 0 rows affected (0.03 sec)

Query OK, 2284409 rows affected (1 min 52.82 sec)
Records: 2284409  Duplicates: 0  Warnings: 0

+------------------------------------------------+
| message                                        |
+------------------------------------------------+
| created rcbill_my.customers_cmts_mxk_cont_coll |
+------------------------------------------------+
1 row in set (0.00 sec)

Query OK, 0 rows affected (0.02 sec)

Query OK, 445948 rows affected (2 min 14.08 sec)
Records: 445948  Duplicates: 0  Warnings: 0

+--------------------------------------------------------+
| message                                                |
+--------------------------------------------------------+
| created rcbill_my.customers_contracts_collection_pivot |
+--------------------------------------------------------+
1 row in set (0.00 sec)

Query OK, 0 rows affected (0.01 sec)

Query OK, 40254 rows affected (2 min 21.99 sec)
Records: 40254  Duplicates: 0  Warnings: 0

+----------------------------------------------+
| message                                      |
+----------------------------------------------+
| created rcbill_my.customers_collection_pivot |
+----------------------------------------------+
1 row in set (0.00 sec)

Query OK, 0 rows affected (0.01 sec)

Query OK, 44190 rows affected (2.29 sec)
Records: 44190  Duplicates: 0  Warnings: 0

+--------------------------------------------+
| message                                    |
+--------------------------------------------+
| created rcbill_my.rep_customers_collection |
+--------------------------------------------+
1 row in set (0.00 sec)

Query OK, 0 rows affected (0.00 sec)

Query OK, 0 rows affected, 1 warning (0.00 sec)

Query OK, 453946 rows affected (14.89 sec)
Records: 453946  Duplicates: 0  Warnings: 0

+-------------------------+
| message                 |
+-------------------------+
| created rcbill_my.tempa |
+-------------------------+
1 row in set (0.00 sec)

Query OK, 0 rows affected, 1 warning (0.00 sec)

Query OK, 445948 rows affected (19.46 sec)
Records: 445948  Duplicates: 0  Warnings: 0

+-------------------------+
| message                 |
+-------------------------+
| created rcbill_my.tempb |
+-------------------------+
1 row in set (0.00 sec)

Query OK, 453946 rows affected (23.03 sec)
Records: 453946  Duplicates: 0  Warnings: 0

+-----------+
| message   |
+-----------+
| created a |
+-----------+
1 row in set (0.00 sec)

Query OK, 445958 rows affected (20.88 sec)
Records: 445958  Duplicates: 0  Warnings: 0

+-----------+
| message   |
+-----------+
| created b |
+-----------+
1 row in set (0.00 sec)

Query OK, 0 rows affected (0.02 sec)

Query OK, 0 rows affected (0.02 sec)

Query OK, 0 rows affected (0.02 sec)

Query OK, 490410 rows affected (55.71 sec)
Records: 490410  Duplicates: 0  Warnings: 0

+----------------------------------------------+
| message                                      |
+----------------------------------------------+
| created rcbill_my.cust_cont_payment_cmts_mxk |
+----------------------------------------------+
1 row in set (0.00 sec)

Query OK, 0 rows affected (0.02 sec)

Query OK, 0 rows affected (0.01 sec)

Query OK, 0 rows affected, 1 warning (0.00 sec)

Query OK, 0 rows affected (0.01 sec)

Query OK, 44190 rows affected (18.48 sec)
Records: 44190  Duplicates: 0  Warnings: 0

+--------------------------------------------------+
| message                                          |
+--------------------------------------------------+
| created rcbill_my.rep_cust_cont_payment_cmts_mxk |
+--------------------------------------------------+
1 row in set (0.00 sec)

Query OK, 0 rows affected, 1 warning (0.00 sec)

Query OK, 0 rows affected, 1 warning (0.00 sec)

Query OK, 0 rows affected (0.01 sec)

Query OK, 44190 rows affected, 5 warnings (8.12 sec)
Records: 44190  Duplicates: 0  Warnings: 5

+----------------------+
| rep_custconsolidated |
+----------------------+
|                44190 |
+----------------------+
1 row in set (0.50 sec)

Query OK, 0 rows affected (0.01 sec)

+------------------------------------+
| message                            |
+------------------------------------+
| creating rcbill_my.rep_custextract |
+------------------------------------+
1 row in set (0.00 sec)

Query OK, 44190 rows affected (1.19 sec)
Records: 44190  Duplicates: 0  Warnings: 0

+-----------------+
| rep_custextract |
+-----------------+
|           44190 |
+-----------------+
1 row in set (0.02 sec)

Query OK, 0 rows affected (0.00 sec)

Query OK, 0 rows affected (0.01 sec)

+----------------------------------------------+
| message                                      |
+----------------------------------------------+
| creating rcbill_my.retentioncustomeractivity |
+----------------------------------------------+
1 row in set (0.00 sec)

Query OK, 876 rows affected (0.10 sec)
Records: 876  Duplicates: 0  Warnings: 0

+---------------------------+
| retentioncustomeractivity |
+---------------------------+
|                       876 |
+---------------------------+
1 row in set (0.00 sec)

+-----------+------------------------------------+------------+-------------+-----------------+------------------+---------------------+-------------------+
| HFC_NODE  | NODENAME                           | CMTS_DATE  | INSERTED_ON | UNIQUE_ACCOUNTS | UNIQUE_CONTRACTS | UNIQUE_MAC_INRCBOSS | UNIQUE_MAC_INCMTS |
+-----------+------------------------------------+------------+-------------+-----------------+------------------+---------------------+-------------------+
| NULL      | NULL                               | NULL       | 2020-10-15  |            6882 |             7268 |                7316 |                 0 |
| C5/0/0/U0 | ANSE-BOILEAU-2                     | 2020-07-27 | 2020-10-15  |             184 |              188 |                 184 |               188 |
| C5/0/0/U1 | 500-C3-ANSE-BOILEAU                | 2020-07-27 | 2020-10-15  |             182 |              186 |                 182 |               191 |
| C5/0/1/U0 | 501-C4-LA-MISIERE-LEFT-I           | 2020-07-27 | 2020-10-15  |             154 |              159 |                 154 |               161 |
| C5/0/1/U1 | 501-C5-LA-MISIERE-RIGHT            | 2020-07-27 | 2020-10-15  |             112 |              114 |                 112 |               115 |
| C5/0/1/U2 | 501-C7-LA-MISIERE-LEFT-II          | 2020-07-27 | 2020-10-15  |             152 |              155 |                 152 |               161 |
| C5/0/2/U0 | 502-C8-LA-LOUISE                   | 2020-07-27 | 2020-10-15  |             147 |              147 |                 147 |               151 |
| C5/0/2/U1 | LA-LOUISE-2                        | 2020-07-27 | 2020-10-15  |             143 |              145 |                 143 |               146 |
| C5/0/3/U0 | 504-C6-PETIT-PARIS                 | 2020-07-27 | 2020-10-15  |             161 |              164 |                 161 |               163 |
| C5/0/3/U1 | PETIT-PARIS-23                     | 2020-07-27 | 2020-10-15  |              80 |               82 |                  80 |                80 |
| C5/0/4/U0 | FOUR-SEASONS                       | 2020-07-27 | 2020-10-15  |               4 |                4 |                   4 |                 4 |
| C5/0/4/U1 | ANCHOR-CAFE-I                      | 2020-07-27 | 2020-10-15  |             148 |              152 |                 148 |               149 |
| C5/0/4/U2 | ANCHOR-CAFE-II                     | 2020-07-27 | 2020-10-15  |             157 |              158 |                 157 |               158 |
| C5/1/0/U0 | POINTE-LARUE-AIRPORT-23            | 2020-07-27 | 2020-10-15  |             102 |              105 |                 103 |               109 |
| C5/1/0/U1 | PPROVIDENCE-23                     | 2020-07-27 | 2020-10-15  |              20 |               22 |                  20 |                20 |
| C5/1/0/U2 | ROSHE-CAIMAN-23                    | 2020-07-27 | 2020-10-15  |              10 |               10 |                  10 |                10 |
| C5/1/0/U3 | HEAD-OFFICE | HO-23                | 2020-07-27 | 2020-10-15  |              22 |               22 |                  22 |                23 |
| C5/1/1/U1 | C5-UNION-VALE                      | 2020-07-27 | 2020-10-15  |             195 |              198 |                 195 |               198 |
| C5/1/3/U0 | POINTE-LARUE-AIRPORT-27            | 2020-07-27 | 2020-10-15  |             149 |              154 |                 149 |               153 |
| C5/1/3/U1 | PPROVIDENCE-27                     | 2020-07-27 | 2020-10-15  |              24 |               24 |                  24 |                24 |
| C5/1/3/U2 | ROSHE-CAIMAN-27                    | 2020-07-27 | 2020-10-15  |              30 |               31 |                  30 |                30 |
| C5/1/3/U3 | HEAD-OFFICE | HO-27                | 2020-07-27 | 2020-10-15  |              19 |               20 |                  19 |                19 |
| C5/1/4/U0 | ANSE-ROYALE-27                     | 2020-07-27 | 2020-10-15  |             101 |              103 |                 101 |               102 |
| C5/1/4/U1 | GLACIS-2-57                        | 2020-07-27 | 2020-10-15  |              59 |               64 |                  59 |                60 |
| C5/1/4/U2 | NULL                               | 2020-07-27 | 2020-10-15  |             103 |              105 |                 103 |               104 |
| C5/1/4/U3 | GLACIS-1                           | 2020-07-27 | 2020-10-15  |              48 |               50 |                  48 |                48 |
| C6/0/1/U0 | SERRET-ROAD-RIGHT/CURIO/PASCAL     | 2020-07-27 | 2020-10-15  |             130 |              133 |                 130 |               134 |
| C6/0/1/U1 | SERRET-ROAD-LEFT/ST.LOUIS/TOWN     | 2020-07-27 | 2020-10-15  |             106 |              112 |                 107 |               112 |
| C6/0/1/U2 | SERRET-ROAD-RIGHT/CURIO/PASCAL-2   | 2020-07-27 | 2020-10-15  |             124 |              125 |                 124 |               125 |
| C6/0/1/U3 | SERRET-ROAD-LEFT/ST.LOUIS/TOWN-2   | 2020-07-27 | 2020-10-15  |             106 |              110 |                 106 |               109 |
| C6/0/2/U0 | SANS-SOUCIS-I                      | 2020-07-27 | 2020-10-15  |             107 |              108 |                 105 |               110 |
| C6/0/2/U1 | SANS-SOUCIS-II                     | 2020-07-27 | 2020-10-15  |              97 |              100 |                  97 |               107 |
| C6/0/2/U2 | BEL-AIR-27                         | 2020-07-27 | 2020-10-15  |             117 |              124 |                 117 |               121 |
| C6/0/2/U3 | BEL-AIR-38                         | 2020-07-27 | 2020-10-15  |              76 |               77 |                  76 |                76 |
| C6/0/3/U0 | LES-MAMELLES-23                    | 2020-07-27 | 2020-10-15  |              74 |               74 |                  74 |                76 |
| C6/0/3/U1 | VICTORIA-23                        | 2020-07-27 | 2020-10-15  |               9 |                9 |                   9 |                12 |
| C6/0/4/U0 | LES-MAMELLES-27                    | 2020-07-27 | 2020-10-15  |              82 |               82 |                  82 |                83 |
| C6/0/4/U1 | VICTORIA-27                        | 2020-07-27 | 2020-10-15  |              35 |               36 |                  36 |                36 |
| C7/1/0/U0 | LA-RETRAITE-23                     | 2020-07-27 | 2020-10-15  |             101 |              105 |                 102 |               102 |
| C7/1/0/U1 | TEA-FACTORY-23                     | 2020-07-27 | 2020-10-15  |              17 |               20 |                  19 |                22 |
| C7/1/0/U2 | PAS-23                             | 2020-07-27 | 2020-10-15  |              84 |               87 |                  84 |                87 |
| C7/1/1/U0 | REEF-ESTATE-23                     | 2020-07-27 | 2020-10-15  |              82 |               84 |                  82 |                83 |
| C7/1/2/U0 | LA-RETRAITE-27                     | 2020-07-27 | 2020-10-15  |              81 |               82 |                  81 |                84 |
| C7/1/2/U1 | TEA-FACTORY-27                     | 2020-07-27 | 2020-10-15  |              34 |               44 |                  35 |                37 |
| C7/1/2/U2 | PAS-27                             | 2020-07-27 | 2020-10-15  |             107 |              109 |                 107 |               110 |
| C7/1/3/U0 | MT-BUXTON-27                       | 2020-07-27 | 2020-10-15  |             160 |              162 |                 160 |               166 |
| C7/1/3/U1 | MT-BUXTON-23                       | 2020-07-27 | 2020-10-15  |              73 |               76 |                  74 |                76 |
| C7/1/4/U0 | REEF-ESTATE-27                     | 2020-07-27 | 2020-10-15  |              99 |              100 |                  99 |                99 |
| C8/0/0/U0 | POLICE-ACADEMY-1-27 - POINTE LARUE | 2020-07-27 | 2020-10-15  |             217 |              218 |                 217 |               219 |
| C8/0/0/U1 | NULL                               | 2020-07-27 | 2020-10-15  |             100 |              104 |                 100 |               103 |
| C8/0/1/U0 | NULL                               | 2020-07-27 | 2020-10-15  |             194 |              196 |                 193 |               196 |
| C8/0/1/U1 | POLICE-ACADEMY-2-27 - TURTLE BAY   | 2020-07-27 | 2020-10-15  |             160 |              164 |                 161 |               161 |
| C8/0/2/U0 | BEAU-VALLON-LEFT-1-57              | 2020-07-27 | 2020-10-15  |              29 |               29 |                  29 |                29 |
| C8/0/3/U1 | BEAU-VALLON-RIGHT-2-57             | 2020-07-27 | 2020-10-15  |              51 |               55 |                  51 |                54 |
| C8/1/0/U0 | MA-JOIE-NODE-27                    | 2020-07-27 | 2020-10-15  |              96 |               97 |                  96 |                97 |
| C8/1/0/U1 | BELONIE-27                         | 2020-07-27 | 2020-10-15  |             147 |              149 |                 146 |               150 |
| C8/1/0/U3 | MA-JOIE-NODE-23                    | 2020-07-27 | 2020-10-15  |             104 |              105 |                 103 |               105 |
| C8/1/1/U0 | 611-C1-ROJN I                      | 2020-07-27 | 2020-10-15  |             115 |              115 |                 115 |               115 |
| C8/1/1/U1 | 611-C5-ROJN II                     | 2020-07-27 | 2020-10-15  |             135 |              137 |                 135 |               136 |
| C8/1/2/U0 | 612-C2-ANSE-ETOILE                 | 2020-07-27 | 2020-10-15  |             130 |              130 |                 130 |               132 |
| C8/1/2/U1 | ANSE-ETOILE-U2                     | 2020-07-27 | 2020-10-15  |              70 |               71 |                  70 |                73 |
| C8/1/3/U0 | 613-C3-ANSE-GAULETTE I             | 2020-07-27 | 2020-10-15  |              71 |               75 |                  71 |                74 |
| C8/1/3/U1 | 613-C7-ANSE-GAULETTE II            | 2020-07-27 | 2020-10-15  |              69 |               73 |                  69 |                69 |
| C8/1/3/U2 | 613-C3-ANSE-GAULETTE III           | 2020-07-27 | 2020-10-15  |              35 |               38 |                  35 |                35 |
| C8/1/3/U3 | TAKAMAKA I                         | 2020-07-27 | 2020-10-15  |              98 |              101 |                  98 |               101 |
| C8/1/3/U4 | TAKAMAKA II                        | 2020-07-27 | 2020-10-15  |             101 |              103 |                 101 |               102 |
| C8/1/4/U0 | 614-BEOLIERE-NODE-1                | 2020-07-27 | 2020-10-15  |             120 |              126 |                 121 |               126 |
| C8/1/4/U1 | 614-BEOLIERE-NODE-2                | 2020-07-27 | 2020-10-15  |              98 |               98 |                  98 |               104 |
+-----------+------------------------------------+------------+-------------+-----------------+------------------+---------------------+-------------------+
68 rows in set (0.17 sec)

+-----------------------+------------+-------------+-----------------+------------------+----------------------+-------------------+
| MXK_NAME              | MXK_DATE   | INSERTED_ON | UNIQUE_ACCOUNTS | UNIQUE_CONTRACTS | UNIQUE_FSAN_INRCBOSS | UNIQUE_FSAN_INMXK |
+-----------------------+------------+-------------+-----------------+------------------+----------------------+-------------------+
| NULL                  | NULL       | 2020-10-15  |            1065 |             1077 |                 1066 |                 0 |
| MXK-MAHE-ANSEETOILE   | 2020-07-27 | 2020-10-15  |             376 |              380 |                  379 |               398 |
| MXK-MAHE-ANSEROYALE   | 2020-07-27 | 2020-10-15  |             175 |              175 |                  174 |               198 |
| MXK-MAHE-BEAUVALLON-1 | 2020-07-27 | 2020-10-15  |            1806 |             1828 |                 1819 |              1919 |
| MXK-MAHE-BEAUVALLON-2 | 2020-07-27 | 2020-10-15  |              25 |               25 |                   25 |                30 |
| MXK-MAHE-PERSEVERANCE | 2020-07-27 | 2020-10-15  |            1060 |             1071 |                 1072 |              1241 |
| MXK-MAHE-PROVIDENCE   | 2020-07-27 | 2020-10-15  |             987 |             1014 |                  943 |              1192 |
| MXK-PRASLIN-GRANDANSE | 2020-07-27 | 2020-10-15  |            1295 |             1299 |                 1292 |              1514 |
+-----------------------+------------+-------------+-----------------+------------------+----------------------+-------------------+
8 rows in set (0.08 sec)

mysql> mysql \. C:\workspace\cloud\code\sql\_DailyScript\currenttime.sql
+---------------------+
| currenttime         |
+---------------------+
| 2020-10-15 09:59:17 |
+---------------------+
1 row in set (0.00 sec)

mysql> 
mysql> 
mysql> mysql \. C:\workspace\cloud\code\sql\Analysis\service_tickets_assignments.sql
Query OK, 0 rows affected (0.04 sec)

Query OK, 90134 rows affected (15.02 sec)
Records: 90134  Duplicates: 0  Warnings: 0

+-------------------------+
| rep_servicetickets_2020 |
+-------------------------+
|                   90134 |
+-------------------------+
1 row in set (2.11 sec)

mysql> mysql \. C:\workspace\cloud\code\sql\_DailyScript\currenttime.sql
+---------------------+
| currenttime         |
+---------------------+
| 2020-10-15 09:59:34 |
+---------------------+
1 row in set (0.00 sec)

mysql> 
mysql> 
mysql> exit
