    -> 
    -> mysql \. C:\workspace\cloud\code\sql\_DailyScript\_setdates.sql
Database changed
Query OK, 0 rows affected (0.00 sec)

Query OK, 0 rows affected (0.00 sec)

Query OK, 0 rows affected (0.00 sec)

Query OK, 0 rows affected (0.00 sec)

Query OK, 0 rows affected (0.00 sec)

Query OK, 0 rows affected (0.02 sec)

Query OK, 0 rows affected (0.00 sec)

Query OK, 0 rows affected (0.00 sec)

Query OK, 0 rows affected (0.00 sec)

Query OK, 0 rows affected (0.00 sec)

Query OK, 0 rows affected (0.00 sec)

Query OK, 0 rows affected (0.00 sec)

Query OK, 0 rows affected (0.00 sec)

Query OK, 0 rows affected (0.00 sec)

Query OK, 0 rows affected (0.00 sec)

Query OK, 0 rows affected (0.00 sec)

Query OK, 0 rows affected (0.00 sec)

Query OK, 0 rows affected (0.00 sec)

Query OK, 0 rows affected (0.00 sec)

Query OK, 0 rows affected (0.00 sec)

Query OK, 0 rows affected (0.00 sec)

mysql> mysql \. C:\workspace\cloud\code\sql\_DailyScript\currenttime.sql
+---------------------+
| currenttime         |
+---------------------+
| 2019-04-08 09:01:36 |
+---------------------+
1 row in set (0.00 sec)

mysql> 
mysql> mysql \. C:\workspace\cloud\code\sql\_DailyScript\load_RCB_VODTITLES.sql
Database changed
Query OK, 0 rows affected (0.00 sec)

Query OK, 3847 rows affected (0.13 sec)

Query OK, 3849 rows affected, 3849 warnings (0.12 sec)
Records: 3849  Deleted: 0  Skipped: 0  Warnings: 3849

Query OK, 0 rows affected (0.00 sec)

Query OK, 2 rows affected (0.00 sec)

+-----------+
| VODTITLES |
+-----------+
|      4308 |
+-----------+
1 row in set (0.01 sec)

+-----------+-----------+
| titletype | typecount |
+-----------+-----------+
| E         |      2758 |
| N         |       145 |
| T         |       944 |
| NULL      |      3847 |
+-----------+-----------+
4 rows in set (0.00 sec)

mysql> mysql \. C:\workspace\cloud\code\sql\_DailyScript\currenttime.sql
+---------------------+
| currenttime         |
+---------------------+
| 2019-04-08 09:01:36 |
+---------------------+
1 row in set (0.00 sec)

mysql> 
mysql> mysql \. C:\workspace\cloud\code\sql\_DailyScript\DAILY-SCRIPT-LIVETV-STATS.sql
Database changed
Query OK, 0 rows affected (0.37 sec)

Query OK, 75612 rows affected (1.81 sec)
Records: 75612  Duplicates: 0  Warnings: 0

+------------+------------+----------+--------------+--------------+-----------+-------------+----------+--------+------+------------+---------+---------------+
| Table      | Non_unique | Key_name | Seq_in_index | Column_name  | Collation | Cardinality | Sub_part | Packed | Null | Index_type | Comment | Index_comment |
+------------+------------+----------+--------------+--------------+-----------+-------------+----------+--------+------+------------+---------+---------------+
| templivetv |          1 | idxtv1   |            1 | device       | A         |       74965 |     NULL | NULL   | YES  | BTREE      |         |               |
| templivetv |          1 | idxtv2   |            1 | sessionstart | A         |       74965 |     NULL | NULL   | YES  | BTREE      |         |               |
+------------+------------+----------+--------------+--------------+-----------+-------------+----------+--------+------+------------+---------+---------------+
2 rows in set (0.00 sec)

Query OK, 75598 rows affected (31.42 sec)
Records: 75598  Duplicates: 0  Warnings: 0

Query OK, 2780 rows affected (0.76 sec)
Records: 2780  Duplicates: 0  Warnings: 0

Query OK, 0 rows affected (0.00 sec)

Query OK, 0 rows affected (0.01 sec)

Query OK, 142 rows affected (0.16 sec)
Records: 142  Duplicates: 0  Warnings: 0

Query OK, 0 rows affected (0.01 sec)

Query OK, 65312 rows affected (11 min 11.59 sec)
Records: 65312  Duplicates: 0  Warnings: 0

+-----------------+
| rep_livetvstats |
+-----------------+
|           65312 |
+-----------------+
1 row in set (0.02 sec)

mysql> mysql \. C:\workspace\cloud\code\sql\_DailyScript\currenttime.sql
+---------------------+
| currenttime         |
+---------------------+
| 2019-04-08 09:13:22 |
+---------------------+
1 row in set (0.00 sec)

mysql> 
mysql> mysql \. C:\workspace\cloud\code\sql\_DailyScript\DAILY-SCRIPT-VODTS-STATS.sql
Database changed
Query OK, 0 rows affected (0.05 sec)

Query OK, 2944 rows affected (29.96 sec)
Records: 2944  Duplicates: 0  Warnings: 0

+---------+------------+----------+--------------+--------------+-----------+-------------+----------+--------+------+------------+---------+---------------+
| Table   | Non_unique | Key_name | Seq_in_index | Column_name  | Collation | Cardinality | Sub_part | Packed | Null | Index_type | Comment | Index_comment |
+---------+------------+----------+--------------+--------------+-----------+-------------+----------+--------+------+------------+---------+---------------+
| tempvod |          1 | idxtvod1 |            1 | device       | A         |        2979 |     NULL | NULL   | YES  | BTREE      |         |               |
| tempvod |          1 | idxtvod2 |            1 | sessionstart | A         |        2979 |     NULL | NULL   | YES  | BTREE      |         |               |
+---------+------------+----------+--------------+--------------+-----------+-------------+----------+--------+------+------------+---------+---------------+
2 rows in set (0.00 sec)

Query OK, 2935 rows affected (2.13 sec)
Records: 2935  Duplicates: 0  Warnings: 0

Query OK, 0 rows affected (0.02 sec)

Query OK, 172166 rows affected (17.97 sec)
Records: 172166  Duplicates: 0  Warnings: 0

+--------------+
| rep_vodstats |
+--------------+
|       172166 |
+--------------+
1 row in set (0.06 sec)

Database changed
Query OK, 0 rows affected (0.03 sec)

Query OK, 11533 rows affected (3 min 45.54 sec)
Records: 11533  Duplicates: 0  Warnings: 0

+--------+------------+----------+--------------+--------------+-----------+-------------+----------+--------+------+------------+---------+---------------+
| Table  | Non_unique | Key_name | Seq_in_index | Column_name  | Collation | Cardinality | Sub_part | Packed | Null | Index_type | Comment | Index_comment |
+--------+------------+----------+--------------+--------------+-----------+-------------+----------+--------+------+------------+---------+---------------+
| tempts |          1 | idxtts1  |            1 | device       | A         |       11754 |     NULL | NULL   | YES  | BTREE      |         |               |
| tempts |          1 | idxtts2  |            1 | sessionstart | A         |       11754 |     NULL | NULL   | YES  | BTREE      |         |               |
+--------+------------+----------+--------------+--------------+-----------+-------------+----------+--------+------+------------+---------+---------------+
2 rows in set (0.00 sec)

Query OK, 11524 rows affected (13.13 sec)
Records: 11524  Duplicates: 0  Warnings: 0

Query OK, 0 rows affected (0.03 sec)

Query OK, 17898 rows affected (3 min 39.17 sec)
Records: 17898  Duplicates: 0  Warnings: 0

+-------------+
| rep_tsstats |
+-------------+
|       17898 |
+-------------+
1 row in set (0.00 sec)

mysql> mysql \. C:\workspace\cloud\code\sql\_DailyScript\currenttime.sql
+---------------------+
| currenttime         |
+---------------------+
| 2019-04-08 09:21:50 |
+---------------------+
1 row in set (0.00 sec)

mysql> 
mysql> mysql \. C:\workspace\cloud\code\sql\_DailyScript\DAILY-SCRIPT-RADIO-STATS.sql
Database changed
Query OK, 0 rows affected (0.07 sec)

Query OK, 135304 rows affected (4.38 sec)
Records: 135304  Duplicates: 0  Warnings: 0

+-----------+------------+----------+--------------+--------------+-----------+-------------+----------+--------+------+------------+---------+---------------+
| Table     | Non_unique | Key_name | Seq_in_index | Column_name  | Collation | Cardinality | Sub_part | Packed | Null | Index_type | Comment | Index_comment |
+-----------+------------+----------+--------------+--------------+-----------+-------------+----------+--------+------+------------+---------+---------------+
| tempradio |          1 | idxtrad1 |            1 | device       | A         |      135397 |     NULL | NULL   | YES  | BTREE      |         |               |
| tempradio |          1 | idxtrad2 |            1 | sessionstart | A         |      135397 |     NULL | NULL   | YES  | BTREE      |         |               |
+-----------+------------+----------+--------------+--------------+-----------+-------------+----------+--------+------+------------+---------+---------------+
2 rows in set (0.00 sec)

Query OK, 233 rows affected (3.96 sec)
Records: 233  Duplicates: 0  Warnings: 0

Query OK, 0 rows affected (0.02 sec)

Query OK, 2485 rows affected (0.25 sec)
Records: 2485  Duplicates: 0  Warnings: 0

+----------------+
| rep_radiostats |
+----------------+
|           2485 |
+----------------+
1 row in set (0.00 sec)

mysql> mysql \. C:\workspace\cloud\code\sql\_DailyScript\currenttime.sql
+---------------------+
| currenttime         |
+---------------------+
| 2019-04-08 09:21:59 |
+---------------------+
1 row in set (0.00 sec)

mysql> 
mysql> mysql \. C:\workspace\cloud\code\sql\_DailyScript\DAILY_SCRIPT_TELEMETRY_PIVOT.sql
Query OK, 0 rows affected (0.03 sec)

Query OK, 146 rows affected (0.24 sec)
Records: 146  Duplicates: 0  Warnings: 0

Query OK, 0 rows affected (0.01 sec)

Query OK, 3151 rows affected (0.68 sec)
Records: 3151  Duplicates: 0  Warnings: 0

Query OK, 0 rows affected (0.00 sec)

Query OK, 6 rows affected (0.02 sec)
Records: 6  Duplicates: 0  Warnings: 0

Query OK, 0 rows affected (0.03 sec)

Query OK, 54 rows affected (0.06 sec)
Records: 54  Duplicates: 0  Warnings: 0

mysql> mysql \. C:\workspace\cloud\code\sql\_DailyScript\currenttime.sql
+---------------------+
| currenttime         |
+---------------------+
| 2019-04-08 09:22:00 |
+---------------------+
1 row in set (0.00 sec)

mysql> 
mysql> mysql \. C:\workspace\cloud\code\sql\_DailyScript\telemetry_livetv_ranking2019.sql
Query OK, 0 rows affected (0.01 sec)

Query OK, 146 rows affected (0.03 sec)
Records: 146  Duplicates: 0  Warnings: 0

mysql> mysql \. C:\workspace\cloud\code\sql\_DailyScript\currenttime.sql
+---------------------+
| currenttime         |
+---------------------+
| 2019-04-08 09:22:00 |
+---------------------+
1 row in set (0.00 sec)

mysql> 
mysql> mysql \. C:\workspace\cloud\code\sql\_DailyScript\telemetry_radio_ranking2019.sql
Query OK, 0 rows affected (0.00 sec)

Query OK, 6 rows affected (0.03 sec)
Records: 6  Duplicates: 0  Warnings: 0

mysql> mysql \. C:\workspace\cloud\code\sql\_DailyScript\currenttime.sql
+---------------------+
| currenttime         |
+---------------------+
| 2019-04-08 09:22:00 |
+---------------------+
1 row in set (0.00 sec)

mysql> 
mysql> mysql \. C:\workspace\cloud\code\sql\_DailyScript\telemetry_ts_ranking2019.sql
Query OK, 0 rows affected (0.00 sec)

Query OK, 54 rows affected (0.05 sec)
Records: 54  Duplicates: 0  Warnings: 0

mysql> mysql \. C:\workspace\cloud\code\sql\_DailyScript\currenttime.sql
+---------------------+
| currenttime         |
+---------------------+
| 2019-04-08 09:22:00 |
+---------------------+
1 row in set (0.00 sec)

mysql> 
mysql> mysql \. C:\workspace\cloud\code\sql\_DailyScript\telemetry_vod_ranking2019.sql
Query OK, 0 rows affected (0.00 sec)

Query OK, 3151 rows affected (0.13 sec)
Records: 3151  Duplicates: 0  Warnings: 0

mysql> mysql \. C:\workspace\cloud\code\sql\_DailyScript\currenttime.sql
+---------------------+
| currenttime         |
+---------------------+
| 2019-04-08 09:22:00 |
+---------------------+
1 row in set (0.00 sec)

mysql> 
mysql> mysql \. C:\workspace\cloud\code\sql\_DailyScript\telemetry_vod_ranking2019_1.sql
Query OK, 0 rows affected (0.00 sec)

Query OK, 3151 rows affected (0.08 sec)
Records: 3151  Duplicates: 0  Warnings: 0

mysql> mysql \. C:\workspace\cloud\code\sql\_DailyScript\currenttime.sql
+---------------------+
| currenttime         |
+---------------------+
| 2019-04-08 09:22:00 |
+---------------------+
1 row in set (0.00 sec)

mysql> 
mysql> mysql \. C:\workspace\cloud\code\sql\_DailyScript\telemetry_vod_ranking2019_2.sql
Query OK, 0 rows affected (0.03 sec)

Query OK, 3151 rows affected (0.05 sec)
Records: 3151  Duplicates: 0  Warnings: 0

mysql> mysql \. C:\workspace\cloud\code\sql\_DailyScript\currenttime.sql
+---------------------+
| currenttime         |
+---------------------+
| 2019-04-08 09:22:01 |
+---------------------+
1 row in set (0.00 sec)

mysql> 
mysql> mysql \. C:\workspace\cloud\code\sql\_DailyScript\DAILY-SCRIPT-CREATE-LOAD.sql
Database changed
Database changed
Query OK, 0 rows affected (0.09 sec)

Query OK, 0 rows affected (0.00 sec)

Database changed
Query OK, 65115 rows affected (4.26 sec)
Records: 65115  Deleted: 0  Skipped: 0  Warnings: 0

Query OK, 0 rows affected (0.24 sec)
Records: 0  Duplicates: 0  Warnings: 0

Query OK, 0 rows affected (0.27 sec)
Records: 0  Duplicates: 0  Warnings: 0

Query OK, 0 rows affected (0.30 sec)
Records: 0  Duplicates: 0  Warnings: 0

Query OK, 0 rows affected (0.71 sec)
Records: 0  Duplicates: 0  Warnings: 0

+---------+
| clients |
+---------+
|   65115 |
+---------+
1 row in set (0.02 sec)

Query OK, 0 rows affected (0.05 sec)

Query OK, 1691 rows affected (0.57 sec)
Records: 1691  Duplicates: 0  Warnings: 0

+-------------------+
| rcb_clientparcels |
+-------------------+
|              1691 |
+-------------------+
1 row in set (0.00 sec)

Query OK, 0 rows affected (0.06 sec)

Query OK, 84479 rows affected (4.43 sec)
Records: 84479  Duplicates: 0  Warnings: 0

Query OK, 0 rows affected (0.30 sec)
Records: 0  Duplicates: 0  Warnings: 0

Query OK, 0 rows affected (0.06 sec)

Query OK, 65115 rows affected (3.63 sec)
Records: 65115  Duplicates: 0  Warnings: 0

Query OK, 0 rows affected (0.25 sec)
Records: 0  Duplicates: 0  Warnings: 0

Query OK, 0 rows affected (0.85 sec)
Records: 0  Duplicates: 0  Warnings: 0

Query OK, 0 rows affected (0.19 sec)
Records: 0  Duplicates: 0  Warnings: 0

+---------------+
| clientaddress |
+---------------+
|         65115 |
+---------------+
1 row in set (0.03 sec)

Database changed
Query OK, 0 rows affected (0.09 sec)

Query OK, 0 rows affected (0.01 sec)

Database changed
Query OK, 471298 rows affected, 65535 warnings (21.13 sec)
Records: 471298  Deleted: 0  Skipped: 0  Warnings: 182093

Query OK, 0 rows affected (1.99 sec)
Records: 0  Duplicates: 0  Warnings: 0

Query OK, 0 rows affected (3.04 sec)
Records: 0  Duplicates: 0  Warnings: 0

Query OK, 0 rows affected (1.93 sec)
Records: 0  Duplicates: 0  Warnings: 0

Query OK, 0 rows affected (0.16 sec)

Query OK, 471298 rows affected (53.39 sec)
Records: 471298  Duplicates: 0  Warnings: 0

Query OK, 0 rows affected (2.50 sec)
Records: 0  Duplicates: 0  Warnings: 0

Query OK, 0 rows affected (2.39 sec)
Records: 0  Duplicates: 0  Warnings: 0

+-----------+
| contracts |
+-----------+
|    471298 |
+-----------+
1 row in set (0.16 sec)

+-----------------+
| contractaddress |
+-----------------+
|          471298 |
+-----------------+
1 row in set (0.16 sec)

Database changed
Query OK, 0 rows affected (0.03 sec)

Query OK, 0 rows affected (0.00 sec)

Query OK, 6539 rows affected (0.14 sec)
Records: 6539  Deleted: 0  Skipped: 0  Warnings: 0

Query OK, 0 rows affected (0.02 sec)

Query OK, 6508 rows affected (0.38 sec)
Records: 6508  Duplicates: 0  Warnings: 0

Query OK, 0 rows affected (0.03 sec)
Records: 0  Duplicates: 0  Warnings: 0

Query OK, 0 rows affected (0.05 sec)

Query OK, 5363 rows affected (0.16 sec)
Records: 5363  Duplicates: 0  Warnings: 0

Query OK, 0 rows affected (0.03 sec)
Records: 0  Duplicates: 0  Warnings: 0

+-------------------+
| contractdiscounts |
+-------------------+
|              6539 |
+-------------------+
1 row in set (0.00 sec)

+-------------------------+
| clientcontractdiscounts |
+-------------------------+
|                    6508 |
+-------------------------+
1 row in set (0.00 sec)

+----------------------------+
| clientcontractlastdiscount |
+----------------------------+
|                       5363 |
+----------------------------+
1 row in set (0.01 sec)

Database changed
Query OK, 0 rows affected (0.15 sec)

Query OK, 0 rows affected (0.02 sec)

Database changed
Query OK, 127890 rows affected (4.18 sec)
Records: 127890  Deleted: 0  Skipped: 0  Warnings: 0

Query OK, 0 rows affected (0.28 sec)
Records: 0  Duplicates: 0  Warnings: 0

Query OK, 0 rows affected (0.44 sec)
Records: 0  Duplicates: 0  Warnings: 0

Query OK, 0 rows affected (0.31 sec)
Records: 0  Duplicates: 0  Warnings: 0

Query OK, 0 rows affected (0.29 sec)
Records: 0  Duplicates: 0  Warnings: 0

Query OK, 0 rows affected (0.82 sec)
Records: 0  Duplicates: 0  Warnings: 0

Query OK, 0 rows affected (0.58 sec)
Records: 0  Duplicates: 0  Warnings: 0

Query OK, 0 rows affected (0.07 sec)

Query OK, 1607757 rows affected (2 min 50.23 sec)
Records: 1607757  Duplicates: 0  Warnings: 0

+---------+
| devices |
+---------+
|  127890 |
+---------+
1 row in set (0.11 sec)

+-----------------------+
| clientcontractdevices |
+-----------------------+
|               1607757 |
+-----------------------+
1 row in set (0.62 sec)

Query OK, 0 rows affected (0.06 sec)

Query OK, 127876 rows affected (7.77 sec)
Records: 127876  Duplicates: 0  Warnings: 0

+---------------------------+
| rep_clientcontractdevices |
+---------------------------+
|                    127876 |
+---------------------------+
1 row in set (0.06 sec)

Database changed
Query OK, 0 rows affected (0.06 sec)

Query OK, 0 rows affected (0.00 sec)

Query OK, 240066 rows affected (8.63 sec)
Records: 240066  Deleted: 0  Skipped: 0  Warnings: 0

Query OK, 0 rows affected (1.18 sec)
Records: 0  Duplicates: 0  Warnings: 0

Query OK, 0 rows affected (0.65 sec)
Records: 0  Duplicates: 0  Warnings: 0

Query OK, 0 rows affected (1.25 sec)
Records: 0  Duplicates: 0  Warnings: 0

Query OK, 0 rows affected (0.53 sec)
Records: 0  Duplicates: 0  Warnings: 0

+---------+
| tickets |
+---------+
|  240066 |
+---------+
1 row in set (0.08 sec)

Database changed
Query OK, 0 rows affected (0.09 sec)

Query OK, 0 rows affected (0.01 sec)

Empty set (0.00 sec)

Query OK, 0 rows affected (0.02 sec)
Records: 0  Duplicates: 0  Warnings: 0

Query OK, 313 rows affected, 2 warnings (0.00 sec)
Records: 313  Deleted: 0  Skipped: 0  Warnings: 2

+-----------------+
| tickettechusers |
+-----------------+
|             313 |
+-----------------+
1 row in set (0.00 sec)

Database changed
Query OK, 0 rows affected (0.03 sec)

Query OK, 0 rows affected (0.02 sec)

Query OK, 0 rows affected (0.02 sec)
Records: 0  Duplicates: 0  Warnings: 0

Query OK, 494395 rows affected, 41486 warnings (13.33 sec)
Records: 494395  Deleted: 0  Skipped: 0  Warnings: 41486

+-------------------+
| ticketassignments |
+-------------------+
|            494395 |
+-------------------+
1 row in set (0.17 sec)

Database changed
Query OK, 0 rows affected (0.05 sec)

Query OK, 0 rows affected (0.00 sec)

Query OK, 1037854 rows affected (20.88 sec)
Records: 1037854  Deleted: 0  Skipped: 0  Warnings: 0

Query OK, 0 rows affected (3.51 sec)
Records: 0  Duplicates: 0  Warnings: 0

Query OK, 0 rows affected (2.51 sec)
Records: 0  Duplicates: 0  Warnings: 0

Query OK, 0 rows affected (2.69 sec)
Records: 0  Duplicates: 0  Warnings: 0

Query OK, 0 rows affected (3.70 sec)
Records: 0  Duplicates: 0  Warnings: 0

+----------------+
| ticketcomments |
+----------------+
|        1037854 |
+----------------+
1 row in set (0.37 sec)

Database changed
Query OK, 0 rows affected (0.00 sec)

Query OK, 0 rows affected (0.00 sec)

Query OK, 398209 rows affected (41.13 sec)
Records: 398209  Deleted: 0  Skipped: 0  Warnings: 0

Query OK, 0 rows affected (2.73 sec)
Records: 0  Duplicates: 0  Warnings: 0

+----------+
| comments |
+----------+
|   398209 |
+----------+
1 row in set (0.14 sec)

Database changed
Query OK, 0 rows affected (0.05 sec)

Query OK, 0 rows affected (0.00 sec)

Query OK, 717229 rows affected, 65535 warnings (1 min 4.28 sec)
Records: 717229  Deleted: 0  Skipped: 0  Warnings: 717230

Query OK, 0 rows affected (1.95 sec)
Records: 0  Duplicates: 0  Warnings: 0

Query OK, 0 rows affected (2.13 sec)
Records: 0  Duplicates: 0  Warnings: 0

Query OK, 0 rows affected (2.16 sec)
Records: 0  Duplicates: 0  Warnings: 0

Query OK, 0 rows affected (2.16 sec)
Records: 0  Duplicates: 0  Warnings: 0

Query OK, 0 rows affected (3.09 sec)
Records: 0  Duplicates: 0  Warnings: 0

+------------+
| devicesold |
+------------+
|     717229 |
+------------+
1 row in set (0.27 sec)

Database changed
Query OK, 0 rows affected (0.03 sec)

Query OK, 0 rows affected (0.00 sec)

Query OK, 1601063 rows affected (40.02 sec)
Records: 1601063  Deleted: 0  Skipped: 0  Warnings: 0

Query OK, 0 rows affected (7.40 sec)
Records: 0  Duplicates: 0  Warnings: 0

Query OK, 0 rows affected (5.44 sec)
Records: 0  Duplicates: 0  Warnings: 0

Query OK, 0 rows affected (5.41 sec)
Records: 0  Duplicates: 0  Warnings: 0

+------------------+
| contractservices |
+------------------+
|          1601063 |
+------------------+
1 row in set (0.60 sec)

Database changed
Query OK, 0 rows affected (0.26 sec)

Query OK, 0 rows affected (0.02 sec)

Query OK, 3552927 rows affected (2 min 31.04 sec)
Records: 3552927  Deleted: 0  Skipped: 0  Warnings: 0

Query OK, 0 rows affected (15.12 sec)
Records: 0  Duplicates: 0  Warnings: 0

Query OK, 0 rows affected (16.00 sec)
Records: 0  Duplicates: 0  Warnings: 0

Query OK, 0 rows affected (14.29 sec)
Records: 0  Duplicates: 0  Warnings: 0

Query OK, 0 rows affected (15.59 sec)
Records: 0  Duplicates: 0  Warnings: 0

+------------------+
| invoicescontents |
+------------------+
|          3552927 |
+------------------+
1 row in set (1.21 sec)

Database changed
Query OK, 0 rows affected (0.37 sec)

Query OK, 0 rows affected (0.00 sec)

Query OK, 2441917 rows affected (3 min 36.38 sec)
Records: 2441917  Deleted: 0  Skipped: 0  Warnings: 0

Query OK, 0 rows affected (13.71 sec)
Records: 0  Duplicates: 0  Warnings: 0

Query OK, 0 rows affected (13.28 sec)
Records: 0  Duplicates: 0  Warnings: 0

Query OK, 0 rows affected (11.32 sec)
Records: 0  Duplicates: 0  Warnings: 0

Query OK, 0 rows affected (11.55 sec)
Records: 0  Duplicates: 0  Warnings: 0

Query OK, 0 rows affected (12.20 sec)
Records: 0  Duplicates: 0  Warnings: 0

+----------------+
| invoicesheader |
+----------------+
|        2441917 |
+----------------+
1 row in set (0.81 sec)

Database changed
Query OK, 0 rows affected (0.17 sec)

Query OK, 0 rows affected (0.00 sec)

Query OK, 2581194 rows affected (1 min 40.50 sec)
Records: 2581194  Deleted: 0  Skipped: 0  Warnings: 0

Query OK, 0 rows affected (8.84 sec)
Records: 0  Duplicates: 0  Warnings: 0

Query OK, 0 rows affected (9.51 sec)
Records: 0  Duplicates: 0  Warnings: 0

Query OK, 0 rows affected (9.88 sec)
Records: 0  Duplicates: 0  Warnings: 0

Query OK, 0 rows affected (8.73 sec)
Records: 0  Duplicates: 0  Warnings: 0

+---------+
| casa    |
+---------+
| 2581194 |
+---------+
1 row in set (0.91 sec)

Query OK, 0 rows affected (0.02 sec)

Query OK, 12047 rows affected (1 min 13.37 sec)
Records: 12047  Duplicates: 0  Warnings: 0

+--------------------+
| rep_paycol_channel |
+--------------------+
|              12047 |
+--------------------+
1 row in set (0.00 sec)

Query OK, 0 rows affected (0.01 sec)

Query OK, 8213 rows affected (1 min 24.84 sec)
Records: 8213  Duplicates: 0  Warnings: 0

+----------------+
| rep_paycol_pos |
+----------------+
|           8213 |
+----------------+
1 row in set (0.00 sec)

Database changed
Query OK, 0 rows affected (0.03 sec)

Query OK, 0 rows affected (0.00 sec)

Database changed
Query OK, 37854 rows affected (1.10 sec)
Records: 37854  Deleted: 0  Skipped: 0  Warnings: 0

+-------+
| users |
+-------+
| 37854 |
+-------+
1 row in set (0.01 sec)

Database changed
Query OK, 0 rows affected (0.10 sec)

Query OK, 0 rows affected (0.00 sec)

Database changed
Query OK, 8549934 rows affected (2 min 36.84 sec)
Records: 8549934  Deleted: 0  Skipped: 0  Warnings: 0

Query OK, 0 rows affected (34.18 sec)
Records: 0  Duplicates: 0  Warnings: 0

Query OK, 0 rows affected (33.50 sec)
Records: 0  Duplicates: 0  Warnings: 0

Query OK, 0 rows affected (34.62 sec)
Records: 0  Duplicates: 0  Warnings: 0

Query OK, 0 rows affected (30.63 sec)
Records: 0  Duplicates: 0  Warnings: 0

+----------+
| ipusage1 |
+----------+
|  8549934 |
+----------+
1 row in set (3.14 sec)

Query OK, 0 rows affected (0.22 sec)

Query OK, 8612956 rows affected, 65535 warnings (11 min 5.88 sec)
Records: 8612956  Duplicates: 0  Warnings: 8603195

Query OK, 0 rows affected (43.69 sec)
Records: 0  Duplicates: 0  Warnings: 0

Query OK, 0 rows affected (33.10 sec)
Records: 0  Duplicates: 0  Warnings: 0

Query OK, 0 rows affected (31.55 sec)
Records: 0  Duplicates: 0  Warnings: 0

Query OK, 0 rows affected (32.33 sec)
Records: 0  Duplicates: 0  Warnings: 0

Query OK, 0 rows affected (45.88 sec)
Records: 0  Duplicates: 0  Warnings: 0

Query OK, 0 rows affected (43.63 sec)
Records: 0  Duplicates: 0  Warnings: 0

Query OK, 0 rows affected (46.64 sec)
Records: 0  Duplicates: 0  Warnings: 0

+---------+
| ipusage |
+---------+
| 8612956 |
+---------+
1 row in set (3.16 sec)

Query OK, 0 rows affected (0.03 sec)

Query OK, 3134080 rows affected (2 min 35.16 sec)
Records: 3134080  Duplicates: 0  Warnings: 0

Query OK, 0 rows affected (12.86 sec)
Records: 0  Duplicates: 0  Warnings: 0

Query OK, 0 rows affected (8.43 sec)
Records: 0  Duplicates: 0  Warnings: 0

Query OK, 0 rows affected (12.38 sec)
Records: 0  Duplicates: 0  Warnings: 0

Query OK, 0 rows affected (15.94 sec)
Records: 0  Duplicates: 0  Warnings: 0

Query OK, 0 rows affected (0.18 sec)

Query OK, 280220 rows affected (27.68 sec)
Records: 280220  Duplicates: 0  Warnings: 0

Query OK, 0 rows affected (1.10 sec)
Records: 0  Duplicates: 0  Warnings: 0

Query OK, 0 rows affected (1.02 sec)
Records: 0  Duplicates: 0  Warnings: 0

Query OK, 0 rows affected (1.16 sec)
Records: 0  Duplicates: 0  Warnings: 0

Query OK, 0 rows affected (0.73 sec)
Records: 0  Duplicates: 0  Warnings: 0

Query OK, 0 rows affected (0.64 sec)
Records: 0  Duplicates: 0  Warnings: 0

Query OK, 0 rows affected (0.03 sec)

Query OK, 1601026 rows affected (58.36 sec)
Records: 1601026  Duplicates: 0  Warnings: 0

Query OK, 0 rows affected (10.12 sec)
Records: 0  Duplicates: 0  Warnings: 0

Query OK, 0 rows affected (5.04 sec)
Records: 0  Duplicates: 0  Warnings: 0

Query OK, 0 rows affected (6.27 sec)
Records: 0  Duplicates: 0  Warnings: 0

mysql> mysql \. C:\workspace\cloud\code\sql\_DailyScript\currenttime.sql
+---------------------+
| currenttime         |
+---------------------+
| 2019-04-08 10:09:57 |
+---------------------+
1 row in set (0.01 sec)

mysql> 
mysql> mysql \. C:\workspace\cloud\code\sql\_DailyScript\ticket_analysis.sql
Database changed
Query OK, 0 rows affected (0.03 sec)

Query OK, 398837 rows affected (33.13 sec)
Records: 398837  Duplicates: 0  Warnings: 0

Query OK, 0 rows affected (3.24 sec)
Records: 0  Duplicates: 0  Warnings: 0

Query OK, 0 rows affected (1.35 sec)
Records: 0  Duplicates: 0  Warnings: 0

Query OK, 0 rows affected (1.18 sec)
Records: 0  Duplicates: 0  Warnings: 0

Query OK, 0 rows affected (0.05 sec)

Query OK, 14796 rows affected (8.88 sec)
Records: 14796  Duplicates: 0  Warnings: 0

Query OK, 0 rows affected, 1 warning (0.00 sec)

Query OK, 54689 rows affected (5.03 sec)
Records: 54689  Duplicates: 0  Warnings: 0

Query OK, 0 rows affected, 1 warning (0.00 sec)

Query OK, 284039 rows affected (9.08 sec)
Records: 284039  Duplicates: 0  Warnings: 0

Query OK, 0 rows affected, 1 warning (0.02 sec)

Query OK, 284039 rows affected (11.07 sec)
Records: 284039  Duplicates: 0  Warnings: 0

Query OK, 0 rows affected (0.04 sec)

Query OK, 54729 rows affected (3.84 sec)
Records: 54729  Duplicates: 0  Warnings: 0

Database changed
Query OK, 0 rows affected (0.00 sec)

Query OK, 0 rows affected (0.44 sec)

Query OK, 398837 rows affected (22.89 sec)
Records: 398837  Duplicates: 0  Warnings: 0

Query OK, 0 rows affected (0.40 sec)

Query OK, 186948 rows affected (12.84 sec)
Records: 186948  Duplicates: 0  Warnings: 0

+--------------------------+
| clientticket_cmmtjourney |
+--------------------------+
|                   398837 |
+--------------------------+
1 row in set (0.51 sec)

+---------------------------+
| clientticket_assgnjourney |
+---------------------------+
|                    186948 |
+---------------------------+
1 row in set (0.35 sec)

Query OK, 0 rows affected (0.05 sec)

Query OK, 65 rows affected (0.09 sec)
Records: 65  Duplicates: 0  Warnings: 0

mysql> mysql \. C:\workspace\cloud\code\sql\_DailyScript\currenttime.sql
+---------------------+
| currenttime         |
+---------------------+
| 2019-04-08 10:11:51 |
+---------------------+
1 row in set (0.00 sec)

mysql> 
mysql> mysql \. C:\workspace\cloud\code\sql\_DailyScript\load_DailyCalls.sql
Database changed
Query OK, 229 rows affected (0.49 sec)
Records: 229  Deleted: 0  Skipped: 0  Warnings: 0

Query OK, 0 rows affected, 1 warning (0.00 sec)

Query OK, 221 rows affected (0.08 sec)
Records: 221  Duplicates: 0  Warnings: 0

Query OK, 0 rows affected, 1 warning (0.00 sec)

Query OK, 66620 rows affected (0.52 sec)
Records: 66620  Duplicates: 0  Warnings: 0

+----------------------+
| callingclientsbefore |
+----------------------+
|               650129 |
+----------------------+
1 row in set (11.55 sec)

Query OK, 316 rows affected (5.51 sec)
Records: 316  Duplicates: 0  Warnings: 0

+---------------------+
| callingclientsafter |
+---------------------+
|              650445 |
+---------------------+
1 row in set (0.25 sec)

Query OK, 0 rows affected (0.02 sec)

Query OK, 161 rows affected (13.27 sec)
Records: 161  Duplicates: 0  Warnings: 0

Query OK, 0 rows affected (0.00 sec)

Query OK, 13452 rows affected (2.12 sec)
Records: 13452  Duplicates: 0  Warnings: 0

+-----------+
| callstats |
+-----------+
|     13452 |
+-----------+
1 row in set (0.02 sec)

mysql> mysql \. C:\workspace\cloud\code\sql\_DailyScript\currenttime.sql
+---------------------+
| currenttime         |
+---------------------+
| 2019-04-08 10:12:25 |
+---------------------+
1 row in set (0.00 sec)

mysql> 
mysql> mysql \. C:\workspace\cloud\code\sql\_DailyScript\DAILY-SCRIPT-USAGE.sql
Database changed
Query OK, 0 rows affected (0.00 sec)

Query OK, 6250 rows affected, 18093 warnings (7.04 sec)
Records: 6250  Deleted: 0  Skipped: 0  Warnings: 18093

Query OK, 0 rows affected (0.00 sec)

Query OK, 10637 rows affected, 30803 warnings (5.91 sec)
Records: 10637  Deleted: 0  Skipped: 0  Warnings: 30803

Query OK, 0 rows affected (0.00 sec)

Query OK, 44 rows affected, 142 warnings (0.05 sec)
Records: 44  Deleted: 0  Skipped: 0  Warnings: 142

Query OK, 0 rows affected (0.00 sec)

Query OK, 166 rows affected, 594 warnings (0.09 sec)
Records: 166  Deleted: 0  Skipped: 0  Warnings: 594

+------------+
| dailyusage |
+------------+
|    5113869 |
+------------+
1 row in set (16.13 sec)

+------------+------------+------------+---------+
| datestart  | dateend    | insertedon | records |
+------------+------------+------------+---------+
| 2019-04-07 | 2019-04-07 | 2019-04-08 |   17097 |
| 2019-04-06 | 2019-04-06 | 2019-04-07 |   17277 |
| 2019-04-05 | 2019-04-05 | 2019-04-06 |   17481 |
| 2019-04-04 | 2019-04-04 | 2019-04-05 |   17586 |
| 2019-04-03 | 2019-04-03 | 2019-04-04 |   17693 |
+------------+------------+------------+---------+
5 rows in set (1 min 48.15 sec)

mysql> mysql \. C:\workspace\cloud\code\sql\_DailyScript\currenttime.sql
+---------------------+
| currenttime         |
+---------------------+
| 2019-04-08 10:14:43 |
+---------------------+
1 row in set (0.00 sec)

mysql> 
mysql> mysql \. C:\workspace\cloud\code\sql\_DailyScript\DAILY-SCRIPT-SALES-TELEMETRY.sql
Database changed
Query OK, 18 rows affected, 14 warnings (0.05 sec)
Records: 18  Deleted: 0  Skipped: 0  Warnings: 14

+------------+
| dailysales |
+------------+
|     148379 |
+------------+
1 row in set (0.46 sec)

Query OK, 0 rows affected (0.02 sec)

Query OK, 148379 rows affected (14.50 sec)
Records: 148379  Duplicates: 0  Warnings: 0

+--------+
| sales  |
+--------+
| 148379 |
+--------+
1 row in set (0.09 sec)

Query OK, 0 rows affected (0.02 sec)

Query OK, 2359 rows affected (0.62 sec)
Records: 2359  Duplicates: 0  Warnings: 0

+-----------+
| saleslist |
+-----------+
|      2359 |
+-----------+
1 row in set (0.00 sec)

Database changed
ERROR 2 (HY000): File 'C:\ProgramData\MySQL\MySQL Server 5.7\Uploads\_csv\PrepaidCardSales-07042019-P1.csv' not found (Errcode: 2 - No such file or directory)
+------------------+
| dailysinglesales |
+------------------+
|             5627 |
+------------------+
1 row in set (0.06 sec)

Database changed
Query OK, 10 rows affected (0.03 sec)
Records: 10  Deleted: 0  Skipped: 0  Warnings: 0

+-----------------+
| dailyaddonsales |
+-----------------+
|           15316 |
+-----------------+
1 row in set (0.55 sec)

Query OK, 78 rows affected (0.16 sec)
Records: 78  Deleted: 0  Skipped: 0  Warnings: 0

+----------------+
| onlinepayments |
+----------------+
|          48786 |
+----------------+
1 row in set (0.14 sec)

+-------------+----------------+---------------------+
| paymentdate | onlinepayments | onlinepaymentamount |
+-------------+----------------+---------------------+
| 2019-04-07  |             78 |         54198.89000 |
| 2019-04-06  |             83 |         51467.55000 |
| 2019-04-05  |             87 |         55158.19000 |
| 2019-04-04  |             93 |         64949.80000 |
| 2019-04-03  |             88 |         53609.28000 |
+-------------+----------------+---------------------+
5 rows in set (1.60 sec)

+-------------+--------------+----------------+---------------------+
| paymentyear | paymentmonth | onlinepayments | onlinepaymentamount |
+-------------+--------------+----------------+---------------------+
|        2019 |            4 |            724 |        505874.64000 |
|        2019 |            3 |           2821 |       1851177.84000 |
|        2019 |            2 |           2441 |       1600446.38000 |
|        2019 |            1 |           2609 |       1678277.98000 |
|        2019 |         NULL |           8595 |       5635776.84000 |
+-------------+--------------+----------------+---------------------+
5 rows in set (0.07 sec)

mysql> mysql \. C:\workspace\cloud\code\sql\_DailyScript\currenttime.sql
+---------------------+
| currenttime         |
+---------------------+
| 2019-04-08 10:15:01 |
+---------------------+
1 row in set (0.00 sec)

mysql> 
mysql> mysql \. C:\workspace\cloud\code\sql\_DailyScript\DAILY-SCRIPT-ACTIVENUMBERS.sql
Database changed
Query OK, 1337 rows affected (1.00 sec)
Records: 1337  Deleted: 0  Skipped: 0  Warnings: 0

+------------+----------+
| period     | count(1) |
+------------+----------+
| 2019-04-07 |     1337 |
| 2019-04-06 |     1338 |
| 2019-04-05 |     1336 |
| 2019-04-04 |     1336 |
| 2019-04-03 |     1337 |
| 2019-04-02 |     1335 |
+------------+----------+
6 rows in set (0.00 sec)

Query OK, 0 rows affected (0.02 sec)

Query OK, 87 rows affected (1.80 sec)
Records: 87  Duplicates: 0  Warnings: 0

+-------------+
| packagelist |
+-------------+
|          87 |
+-------------+
1 row in set (0.02 sec)

Database changed
Query OK, 0 rows affected (0.00 sec)

Query OK, 0 rows affected (0.00 sec)

Query OK, 0 rows affected (0.00 sec)

Query OK, 0 rows affected (0.00 sec)

Query OK, 26985 rows affected, 218 warnings (1 min 58.80 sec)
Records: 26985  Deleted: 0  Skipped: 0  Warnings: 218

+------------+----------+
| period     | count(1) |
+------------+----------+
| 2019-04-07 |    26985 |
| 2019-04-06 |    27080 |
| 2019-04-05 |    27191 |
| 2019-04-04 |    27196 |
| 2019-04-03 |    27341 |
+------------+----------+
5 rows in set (0.28 sec)

Query OK, 0 rows affected (0.05 sec)

Query OK, 26347 rows affected (2 min 4.74 sec)
Records: 26347  Duplicates: 0  Warnings: 0

Query OK, 0 rows affected (0.20 sec)
Records: 0  Duplicates: 0  Warnings: 0

Query OK, 0 rows affected (0.28 sec)
Records: 0  Duplicates: 0  Warnings: 0

Query OK, 0 rows affected (0.19 sec)
Records: 0  Duplicates: 0  Warnings: 0

Query OK, 0 rows affected (0.28 sec)
Records: 0  Duplicates: 0  Warnings: 0

Query OK, 0 rows affected (0.10 sec)
Records: 0  Duplicates: 0  Warnings: 0

Query OK, 0 rows affected (0.06 sec)
Records: 0  Duplicates: 0  Warnings: 0

+-------------+
| countbefore |
+-------------+
|    25087445 |
+-------------+
1 row in set (59.92 sec)

Query OK, 26347 rows affected (41.91 sec)
Records: 26347  Duplicates: 0  Warnings: 0

+------------+
| countafter |
+------------+
|   25113792 |
+------------+
1 row in set (9.45 sec)

+------------+--------------------------+
| period     | customercontractactivity |
+------------+--------------------------+
| 2019-04-07 |                    26347 |
| 2019-04-06 |                    26441 |
| 2019-04-05 |                    26552 |
| 2019-04-04 |                    26557 |
| 2019-04-03 |                    26701 |
+------------+--------------------------+
5 rows in set (0.06 sec)

Query OK, 0 rows affected (0.14 sec)

Query OK, 208872 rows affected (9 min 32.51 sec)
Records: 208872  Duplicates: 0  Warnings: 0

Query OK, 0 rows affected (1.14 sec)
Records: 0  Duplicates: 0  Warnings: 0

Query OK, 0 rows affected (1.37 sec)
Records: 0  Duplicates: 0  Warnings: 0

Query OK, 0 rows affected (1.04 sec)
Records: 0  Duplicates: 0  Warnings: 0

Query OK, 0 rows affected (0.20 sec)

Query OK, 243 rows affected (1.25 sec)
Records: 243  Duplicates: 0  Warnings: 0

Query OK, 0 rows affected (0.02 sec)

Query OK, 2355 rows affected (0.65 sec)
Records: 2355  Duplicates: 0  Warnings: 0

Query OK, 0 rows affected (0.01 sec)

Query OK, 26337 rows affected (0.85 sec)
Records: 26337  Duplicates: 0  Warnings: 0

Query OK, 0 rows affected (0.02 sec)

Query OK, 16986 rows affected (0.55 sec)
Records: 16986  Duplicates: 0  Warnings: 0

Query OK, 0 rows affected (0.28 sec)

Query OK, 16986 rows affected (0.28 sec)
Records: 16986  Duplicates: 0  Warnings: 0

Query OK, 0 rows affected (0.04 sec)

Query OK, 16986 rows affected (2.58 sec)
Records: 16986  Duplicates: 0  Warnings: 0

Query OK, 0 rows affected (0.02 sec)

Query OK, 16986 rows affected (54.82 sec)
Records: 16986  Duplicates: 0  Warnings: 0

+-------------+
| clientstats |
+-------------+
|       16986 |
+-------------+
1 row in set (0.01 sec)

Query OK, 0 rows affected (0.00 sec)

Query OK, 13 rows affected, 1 warning (0.14 sec)
Records: 13  Duplicates: 0  Warnings: 1

+-----------------------+-------------+-------------+----------------+-----------------+
| services              | activecount | allaccounts | uniqueaccounts | uniquecontracts |
+-----------------------+-------------+-------------+----------------+-----------------+
| All                   |         124 |          27 |             27 |              85 |
| Internet & Voice      |         433 |         199 |            199 |             389 |
| Internet Only         |        4182 |        4046 |           4042 |            4119 |
| OTT Only              |           1 |           1 |              1 |               1 |
| TV & Internet         |        9138 |        3970 |           3966 |            8078 |
| TV & Internet & OTT   |        1671 |         487 |            487 |             987 |
| TV & Internet & Voice |         546 |         152 |            152 |             471 |
| TV & OTT              |         105 |          34 |             34 |              36 |
| TV & Voice            |         115 |          48 |             48 |             100 |
| TV & Voice & OTT      |          10 |           1 |              1 |               3 |
| TV Only               |       10578 |        7815 |           7809 |            8025 |
| Voice Only            |         207 |         206 |            206 |             207 |
| GRAND TOTAL           |       27110 |       16986 |          16932 |           22501 |
+-----------------------+-------------+-------------+----------------+-----------------+
13 rows in set (0.01 sec)

+-------------+-------------+-------------+----------------+-----------------+
| network     | activecount | allaccounts | uniqueaccounts | uniquecontracts |
+-------------+-------------+-------------+----------------+-----------------+
| ADDON       |          14 |           6 |              6 |               6 |
| GPON        |        6619 |        3384 |           3384 |            5127 |
| HFC         |       20477 |       13596 |          13596 |           17368 |
| GRAND TOTAL |       27110 |       16986 |          16932 |           22501 |
+-------------+-------------+-------------+----------------+-----------------+
4 rows in set, 1 warning (0.13 sec)

+-------------+-----------------------+-------------+-------------+----------------+-----------------+
| network     | services              | activecount | allaccounts | uniqueaccounts | uniquecontracts |
+-------------+-----------------------+-------------+-------------+----------------+-----------------+
| ADDON       | OTT Only              |           1 |           1 |              1 |               1 |
| ADDON       | TV & OTT              |           9 |           2 |              2 |               2 |
| ADDON       | TV Only               |           4 |           3 |              3 |               3 |
| ADDON       | Services Total        |          14 |           6 |              6 |               6 |
| GPON        | All                   |          35 |           7 |              7 |              24 |
| GPON        | Internet & Voice      |          63 |          26 |             26 |              53 |
| GPON        | Internet Only         |         885 |         805 |            805 |             823 |
| GPON        | TV & Internet         |        3034 |        1256 |           1256 |            2584 |
| GPON        | TV & Internet & OTT   |         744 |         208 |            208 |             426 |
| GPON        | TV & Internet & Voice |         130 |          34 |             34 |             104 |
| GPON        | TV & OTT              |          59 |          19 |             19 |              20 |
| GPON        | TV & Voice            |          50 |          19 |             19 |              42 |
| GPON        | TV Only               |        1609 |        1000 |           1000 |            1041 |
| GPON        | Voice Only            |          10 |          10 |             10 |              10 |
| GPON        | Services Total        |        6619 |        3384 |           3384 |            5127 |
| HFC         | All                   |          89 |          20 |             20 |              61 |
| HFC         | Internet & Voice      |         370 |         173 |            173 |             336 |
| HFC         | Internet Only         |        3297 |        3241 |           3241 |            3296 |
| HFC         | TV & Internet         |        6104 |        2714 |           2714 |            5494 |
| HFC         | TV & Internet & OTT   |         927 |         279 |            279 |             561 |
| HFC         | TV & Internet & Voice |         416 |         118 |            118 |             367 |
| HFC         | TV & OTT              |          37 |          13 |             13 |              14 |
| HFC         | TV & Voice            |          65 |          29 |             29 |              58 |
| HFC         | TV & Voice & OTT      |          10 |           1 |              1 |               3 |
| HFC         | TV Only               |        8965 |        6812 |           6812 |            6981 |
| HFC         | Voice Only            |         197 |         196 |            196 |             197 |
| HFC         | Services Total        |       20477 |       13596 |          13596 |           17368 |
| GRAND TOTAL | Services Total        |       27110 |       16986 |          16932 |           22501 |
+-------------+-----------------------+-------------+-------------+----------------+-----------------+
28 rows in set, 2 warnings (0.13 sec)

Query OK, 0 rows affected (0.00 sec)

Query OK, 44 rows affected, 3 warnings (0.20 sec)
Records: 44  Duplicates: 0  Warnings: 3

+-------------+---------------+-----------------------+-------------+-------------+----------------+-----------------+
| region      | network       | services              | activecount | allaccounts | uniqueaccounts | uniquecontracts |
+-------------+---------------+-----------------------+-------------+-------------+----------------+-----------------+
| Mahe        | ADDON         | OTT Only              |           1 |           1 |              1 |               1 |
| Mahe        | ADDON         | TV & OTT              |           4 |           1 |              1 |               1 |
| Mahe        | ADDON         | TV Only               |           4 |           3 |              3 |               3 |
| Mahe        | ADDON         | Services Total        |           9 |           5 |              5 |               5 |
| Mahe        | GPON          | All                   |          29 |           6 |              6 |              20 |
| Mahe        | GPON          | Internet & Voice      |          53 |          21 |             21 |              43 |
| Mahe        | GPON          | Internet Only         |         672 |         592 |            592 |             610 |
| Mahe        | GPON          | TV & Internet         |        2114 |         864 |            864 |            1775 |
| Mahe        | GPON          | TV & Internet & OTT   |         447 |         122 |            122 |             248 |
| Mahe        | GPON          | TV & Internet & Voice |         106 |          27 |             27 |              82 |
| Mahe        | GPON          | TV & OTT              |          34 |           8 |              8 |               8 |
| Mahe        | GPON          | TV & Voice            |          45 |          17 |             17 |              37 |
| Mahe        | GPON          | TV Only               |        1175 |         703 |            703 |             724 |
| Mahe        | GPON          | Voice Only            |          10 |          10 |             10 |              10 |
| Mahe        | GPON          | Services Total        |        4685 |        2370 |           2370 |            3557 |
| Mahe        | HFC           | All                   |          89 |          20 |             20 |              61 |
| Mahe        | HFC           | Internet & Voice      |         370 |         173 |            173 |             336 |
| Mahe        | HFC           | Internet Only         |        3297 |        3241 |           3241 |            3296 |
| Mahe        | HFC           | TV & Internet         |        6104 |        2714 |           2714 |            5494 |
| Mahe        | HFC           | TV & Internet & OTT   |         927 |         279 |            279 |             561 |
| Mahe        | HFC           | TV & Internet & Voice |         416 |         118 |            118 |             367 |
| Mahe        | HFC           | TV & OTT              |          37 |          13 |             13 |              14 |
| Mahe        | HFC           | TV & Voice            |          65 |          29 |             29 |              58 |
| Mahe        | HFC           | TV & Voice & OTT      |          10 |           1 |              1 |               3 |
| Mahe        | HFC           | TV Only               |        8961 |        6810 |           6810 |            6979 |
| Mahe        | HFC           | Voice Only            |         197 |         196 |            196 |             197 |
| Mahe        | HFC           | Services Total        |       20473 |       13594 |          13594 |           17366 |
| Mahe        | Network Total | Services Total        |       25167 |       15969 |          15917 |           20928 |
| Praslin     | ADDON         | TV & OTT              |           5 |           1 |              1 |               1 |
| Praslin     | ADDON         | Services Total        |           5 |           1 |              1 |               1 |
| Praslin     | GPON          | All                   |           6 |           1 |              1 |               4 |
| Praslin     | GPON          | Internet & Voice      |          10 |           5 |              5 |              10 |
| Praslin     | GPON          | Internet Only         |         213 |         213 |            213 |             213 |
| Praslin     | GPON          | TV & Internet         |         920 |         392 |            392 |             809 |
| Praslin     | GPON          | TV & Internet & OTT   |         297 |          86 |             86 |             178 |
| Praslin     | GPON          | TV & Internet & Voice |          24 |           7 |              7 |              22 |
| Praslin     | GPON          | TV & OTT              |          25 |          11 |             11 |              12 |
| Praslin     | GPON          | TV & Voice            |           5 |           2 |              2 |               5 |
| Praslin     | GPON          | TV Only               |         434 |         297 |            297 |             317 |
| Praslin     | GPON          | Services Total        |        1934 |        1014 |           1014 |            1570 |
| Praslin     | HFC           | TV Only               |           4 |           2 |              2 |               2 |
| Praslin     | HFC           | Services Total        |           4 |           2 |              2 |               2 |
| Praslin     | Network Total | Services Total        |        1943 |        1017 |           1015 |            1573 |
| GRAND TOTAL | Network Total | Services Total        |       27110 |       16986 |          16932 |           22501 |
+-------------+---------------+-----------------------+-------------+-------------+----------------+-----------------+
44 rows in set (0.00 sec)

Query OK, 0 rows affected (0.02 sec)

Query OK, 26337 rows affected (0.78 sec)
Records: 26337  Duplicates: 0  Warnings: 0

Query OK, 0 rows affected (0.00 sec)

Query OK, 1592 rows affected (11.34 sec)
Records: 1592  Duplicates: 0  Warnings: 0

+--------------------------------------+
| message                              |
+--------------------------------------+
| running rcbill_my.sp_ActiveNumber2() |
+--------------------------------------+
1 row in set (0.00 sec)

Query OK, 0 rows affected (2 min 39.61 sec)

mysql> mysql \. C:\workspace\cloud\code\sql\_DailyScript\currenttime.sql
+---------------------+
| currenttime         |
+---------------------+
| 2019-04-08 10:34:30 |
+---------------------+
1 row in set (0.00 sec)

mysql> 
mysql> mysql \. C:\workspace\cloud\code\sql\_DailyScript\GetActiveNumbers Average -Pivot.sql
Database changed
+-------------------------------------+
| @today := subdate(current_date(),1) |
+-------------------------------------+
| 2019-04-07                          |
+-------------------------------------+
1 row in set (0.00 sec)

+-------------------------------------+
| @lastdayofmonth := last_day(@today) |
+-------------------------------------+
| 2019-04-30                          |
+-------------------------------------+
1 row in set (0.00 sec)

Query OK, 0 rows affected (0.02 sec)

Query OK, 28653 rows affected, 59840 warnings (49.19 sec)
Records: 28653  Duplicates: 0  Warnings: 59840

Query OK, 0 rows affected (0.17 sec)
Records: 0  Duplicates: 0  Warnings: 0

Query OK, 0 rows affected (0.10 sec)
Records: 0  Duplicates: 0  Warnings: 0

Query OK, 0 rows affected (0.09 sec)
Records: 0  Duplicates: 0  Warnings: 0

+-----------------+
| activenumberavg |
+-----------------+
|           28653 |
+-----------------+
1 row in set (0.01 sec)

Query OK, 0 rows affected (0.02 sec)

Query OK, 1722 rows affected (0.48 sec)
Records: 1722  Duplicates: 0  Warnings: 0

+---------------------+
| rep_activenumberavg |
+---------------------+
|                1722 |
+---------------------+
1 row in set (0.00 sec)

+----------------------+
| rep_activenumberavg1 |
+----------------------+
|                  818 |
+----------------------+
1 row in set (0.00 sec)

Query OK, 0 rows affected (0.02 sec)

Query OK, 1447 rows affected (0.34 sec)
Records: 1447  Duplicates: 0  Warnings: 0

Query OK, 0 rows affected (0.12 sec)

Query OK, 7320 rows affected (0.65 sec)
Records: 7320  Duplicates: 0  Warnings: 0

Query OK, 0 rows affected (0.00 sec)

Query OK, 0 rows affected (0.00 sec)

Query OK, 0 rows affected (0.01 sec)

Query OK, 0 rows affected (0.00 sec)

Query OK, 0 rows affected (0.00 sec)
Statement prepared

Query OK, 52 rows affected (0.37 sec)
Records: 52  Duplicates: 0  Warnings: 0

Query OK, 0 rows affected (0.00 sec)

Query OK, 0 rows affected (0.00 sec)

+----------------------+
| rep_activenumberavg2 |
+----------------------+
|                 1447 |
+----------------------+
1 row in set (0.00 sec)

+------------------------+
| rep_activenumberavg_pv |
+------------------------+
|                     52 |
+------------------------+
1 row in set (0.00 sec)

Query OK, 0 rows affected (0.00 sec)

Query OK, 1447 rows affected (0.34 sec)
Records: 1447  Duplicates: 0  Warnings: 0

Query OK, 0 rows affected (0.00 sec)

Query OK, 0 rows affected (0.00 sec)

Query OK, 0 rows affected (0.15 sec)

Query OK, 0 rows affected (0.00 sec)

Query OK, 0 rows affected (0.00 sec)
Statement prepared

Query OK, 52 rows affected (0.03 sec)
Records: 52  Duplicates: 0  Warnings: 0

Query OK, 0 rows affected (0.00 sec)

Query OK, 0 rows affected (0.00 sec)

+-------------------------+
| rep_activenumberavgMahe |
+-------------------------+
|                    1447 |
+-------------------------+
1 row in set (0.00 sec)

+----------------------------+
| rep_activenumberavgMahe_pv |
+----------------------------+
|                         52 |
+----------------------------+
1 row in set (0.00 sec)

Query OK, 0 rows affected (0.00 sec)

Query OK, 934 rows affected (0.14 sec)
Records: 934  Duplicates: 0  Warnings: 0

Query OK, 0 rows affected (0.00 sec)

Query OK, 0 rows affected (0.02 sec)

Query OK, 0 rows affected (0.00 sec)

Query OK, 0 rows affected (0.00 sec)

Query OK, 0 rows affected (0.00 sec)
Statement prepared

Query OK, 38 rows affected (0.02 sec)
Records: 38  Duplicates: 0  Warnings: 0

Query OK, 0 rows affected (0.00 sec)

Query OK, 0 rows affected (0.00 sec)

+----------------------------+
| rep_activenumberavgPraslin |
+----------------------------+
|                        934 |
+----------------------------+
1 row in set (0.01 sec)

+-------------------------------+
| rep_activenumberavgPraslin_pv |
+-------------------------------+
|                            38 |
+-------------------------------+
1 row in set (0.00 sec)

mysql> mysql \. C:\workspace\cloud\code\sql\_DailyScript\currenttime.sql
+---------------------+
| currenttime         |
+---------------------+
| 2019-04-08 10:35:23 |
+---------------------+
1 row in set (0.00 sec)

mysql> 
mysql> mysql \. C:\workspace\cloud\code\sql\_DailyScript\budget_actual_analysis_2019.sql
Query OK, 0 rows affected (0.01 sec)

Query OK, 554 rows affected, 3 warnings (0.49 sec)
Records: 554  Duplicates: 0  Warnings: 3

+--------------------+
| budget_actual_2019 |
+--------------------+
|                554 |
+--------------------+
1 row in set (0.01 sec)

Query OK, 0 rows affected (0.00 sec)

Query OK, 47 rows affected (0.03 sec)
Records: 47  Duplicates: 0  Warnings: 0

+---------------------------+
| rep_budget_actual_2019_pv |
+---------------------------+
|                        47 |
+---------------------------+
1 row in set (0.01 sec)

mysql> mysql \. C:\workspace\cloud\code\sql\_DailyScript\currenttime.sql
+---------------------+
| currenttime         |
+---------------------+
| 2019-04-08 10:35:23 |
+---------------------+
1 row in set (0.00 sec)

mysql> 
mysql> mysql \. C:\workspace\cloud\code\sql\_DailyScript\reports-sales-addons-prepaid-camera.sql
Database changed
Query OK, 0 rows affected (0.00 sec)

Query OK, 3533 rows affected (0.67 sec)
Records: 3533  Duplicates: 0  Warnings: 0

Query OK, 0 rows affected (0.08 sec)

Query OK, 15325 rows affected (45.11 sec)
Records: 15325  Duplicates: 0  Warnings: 0

+--------------------+
| rep_prepaid_camera |
+--------------------+
|               3533 |
+--------------------+
1 row in set (0.00 sec)

+-----------+
| rep_addon |
+-----------+
|     15325 |
+-----------+
1 row in set (0.01 sec)

mysql> mysql \. C:\workspace\cloud\code\sql\_DailyScript\currenttime.sql
+---------------------+
| currenttime         |
+---------------------+
| 2019-04-08 10:36:09 |
+---------------------+
1 row in set (0.00 sec)

mysql> 
mysql> mysql \. C:\workspace\cloud\code\sql\_DailyScript\housing-estate-analysis.sql
Database changed
Query OK, 0 rows affected (0.00 sec)

Query OK, 2797 rows affected (1 min 31.65 sec)
Records: 2797  Duplicates: 0  Warnings: 0

+--------------------+
| rep_housingestates |
+--------------------+
|               2797 |
+--------------------+
1 row in set (0.01 sec)

mysql> mysql \. C:\workspace\cloud\code\sql\_DailyScript\currenttime.sql
+---------------------+
| currenttime         |
+---------------------+
| 2019-04-08 10:37:41 |
+---------------------+
1 row in set (0.00 sec)

mysql> 
mysql> mysql \. C:\workspace\cloud\code\sql\_DailyScript\RCB_ClientAnalyticsReport_Script.sql
Database changed
Query OK, 0 rows affected (0.00 sec)

Query OK, 0 rows affected (0.08 sec)

Query OK, 1643494 rows affected (1 min 56.17 sec)
Records: 1643494  Duplicates: 0  Warnings: 0

Query OK, 0 rows affected (6.27 sec)
Records: 0  Duplicates: 0  Warnings: 0

Query OK, 0 rows affected (5.49 sec)
Records: 0  Duplicates: 0  Warnings: 0

Query OK, 0 rows affected (9.47 sec)
Records: 0  Duplicates: 0  Warnings: 0

Query OK, 0 rows affected (10.57 sec)
Records: 0  Duplicates: 0  Warnings: 0

Query OK, 0 rows affected (10.17 sec)
Records: 0  Duplicates: 0  Warnings: 0

Query OK, 0 rows affected (9.70 sec)
Records: 0  Duplicates: 0  Warnings: 0

Query OK, 0 rows affected (0.00 sec)

Query OK, 433548 rows affected (18.29 sec)
Rows matched: 1643494  Changed: 433548  Warnings: 0

Query OK, 0 rows affected (0.04 sec)

Query OK, 27209 rows affected (2.73 sec)
Records: 27209  Duplicates: 0  Warnings: 0

Query OK, 0 rows affected (0.05 sec)

Query OK, 42087 rows affected (11 min 25.43 sec)
Records: 42087  Duplicates: 0  Warnings: 0

Query OK, 0 rows affected (0.62 sec)
Records: 0  Duplicates: 0  Warnings: 0

Query OK, 0 rows affected (0.17 sec)
Records: 0  Duplicates: 0  Warnings: 0

Query OK, 0 rows affected (0.14 sec)
Records: 0  Duplicates: 0  Warnings: 0

Query OK, 0 rows affected (0.04 sec)

Query OK, 408610 rows affected (11 min 37.37 sec)
Records: 408610  Duplicates: 0  Warnings: 0

Query OK, 0 rows affected (1.93 sec)
Records: 0  Duplicates: 0  Warnings: 0

Query OK, 0 rows affected (2.21 sec)
Records: 0  Duplicates: 0  Warnings: 0

Query OK, 0 rows affected (0.99 sec)
Records: 0  Duplicates: 0  Warnings: 0

Query OK, 0 rows affected (1.94 sec)
Records: 0  Duplicates: 0  Warnings: 0

Query OK, 0 rows affected (1.55 sec)
Records: 0  Duplicates: 0  Warnings: 0

Query OK, 0 rows affected (0.01 sec)

Query OK, 42087 rows affected (1 min 26.57 sec)
Records: 42087  Duplicates: 0  Warnings: 0

+--------------+
| clientreport |
+--------------+
|        42087 |
+--------------+
1 row in set (0.02 sec)

Query OK, 0 rows affected (0.25 sec)

Query OK, 42087 rows affected (8.51 sec)
Records: 42087  Duplicates: 0  Warnings: 0

+----------------------+
| clientextendedreport |
+----------------------+
|                42087 |
+----------------------+
1 row in set (0.01 sec)

Query OK, 0 rows affected (0.10 sec)

Query OK, 42087 rows affected (58.69 sec)
Records: 42087  Duplicates: 0  Warnings: 0

+---------+
| allcust |
+---------+
|   42087 |
+---------+
1 row in set (0.02 sec)

Query OK, 0 rows affected, 1 warning (0.00 sec)

Query OK, 5000 rows affected (0.30 sec)
Records: 5000  Duplicates: 0  Warnings: 0

Query OK, 0 rows affected (0.01 sec)

Query OK, 7023 rows affected (0.43 sec)
Records: 7023  Duplicates: 0  Warnings: 0

Query OK, 0 rows affected, 1 warning (0.00 sec)

Query OK, 5000 rows affected (0.23 sec)
Records: 5000  Duplicates: 0  Warnings: 0

Query OK, 0 rows affected (0.00 sec)

Query OK, 7372 rows affected (0.45 sec)
Records: 7372  Duplicates: 0  Warnings: 0

mysql> mysql \. C:\workspace\cloud\code\sql\_DailyScript\currenttime.sql
+---------------------+
| currenttime         |
+---------------------+
| 2019-04-08 11:06:38 |
+---------------------+
1 row in set (0.00 sec)

mysql> 
mysql> mysql \. C:\workspace\cloud\code\sql\_DailyScript\REVENUE_PER_NODE_MXK.sql
Query OK, 0 rows affected (0.03 sec)

Query OK, 0 rows affected (0.25 sec)

Query OK, 0 rows affected (0.00 sec)

Query OK, 4874 rows affected (0.73 sec)
Records: 4874  Duplicates: 0  Warnings: 0

+----------------------+
| message              |
+----------------------+
| created temp table a |
+----------------------+
1 row in set (0.00 sec)

Query OK, 4546 rows affected (1.20 sec)
Records: 4546  Duplicates: 0  Warnings: 0

+----------------------+
| message              |
+----------------------+
| created temp table b |
+----------------------+
1 row in set (0.00 sec)

Query OK, 0 rows affected, 1 warning (0.00 sec)

Query OK, 5028 rows affected (8.60 sec)
Records: 5028  Duplicates: 0  Warnings: 0

+--------------------------------+
| message                        |
+--------------------------------+
| created rcbill_my.tempcustmxk1 |
+--------------------------------+
1 row in set (0.00 sec)

Query OK, 0 rows affected (0.00 sec)

Query OK, 0 rows affected (0.00 sec)

Query OK, 0 rows affected, 1 warning (0.00 sec)

Query OK, 4874 rows affected (0.22 sec)
Records: 4874  Duplicates: 0  Warnings: 0

+----------------+
| message        |
+----------------+
| created temp a |
+----------------+
1 row in set (0.00 sec)

Query OK, 4546 rows affected (0.25 sec)
Records: 4546  Duplicates: 0  Warnings: 0

+----------------+
| message        |
+----------------+
| created temp b |
+----------------+
1 row in set (0.00 sec)

Query OK, 0 rows affected, 1 warning (0.00 sec)

Query OK, 4629 rows affected (5.74 sec)
Records: 4629  Duplicates: 0  Warnings: 0

+--------------------------------+
| message                        |
+--------------------------------+
| created rcbill_my.tempcustmxk2 |
+--------------------------------+
1 row in set (0.00 sec)

Query OK, 0 rows affected (0.00 sec)

Query OK, 0 rows affected (0.00 sec)

Query OK, 0 rows affected, 1 warning (0.00 sec)

Query OK, 0 rows affected (0.01 sec)

Query OK, 5294 rows affected (0.27 sec)
Records: 5294  Duplicates: 0  Warnings: 0

+---------------------------------+
| message                         |
+---------------------------------+
| created rcbill_my.customers_mxk |
+---------------------------------+
1 row in set (0.00 sec)

Query OK, 0 rows affected (0.00 sec)

Query OK, 0 rows affected (0.00 sec)

Query OK, 19405 rows affected (0.57 sec)
Records: 19405  Duplicates: 0  Warnings: 0

+----------------+
| message        |
+----------------+
| created temp a |
+----------------+
1 row in set (0.00 sec)

Query OK, 23982 rows affected (2.32 sec)
Records: 23982  Duplicates: 0  Warnings: 0

+----------------+
| message        |
+----------------+
| created temp c |
+----------------+
1 row in set (0.00 sec)

Query OK, 0 rows affected, 1 warning (0.02 sec)

Query OK, 36825 rows affected (0.85 sec)
Records: 36825  Duplicates: 0  Warnings: 0

+---------------------------------+
| message                         |
+---------------------------------+
| created rcbill_my.tempcustcmts1 |
+---------------------------------+
1 row in set (0.00 sec)

Query OK, 0 rows affected (0.02 sec)

Query OK, 0 rows affected, 1 warning (0.00 sec)

Query OK, 0 rows affected (0.00 sec)

Query OK, 19405 rows affected (0.92 sec)
Records: 19405  Duplicates: 0  Warnings: 0

+----------------+
| message        |
+----------------+
| created temp a |
+----------------+
1 row in set (0.00 sec)

Query OK, 23982 rows affected (0.99 sec)
Records: 23982  Duplicates: 0  Warnings: 0

+----------------+
| message        |
+----------------+
| created temp c |
+----------------+
1 row in set (0.01 sec)

Query OK, 0 rows affected, 1 warning (0.00 sec)

Query OK, 25382 rows affected (1.13 sec)
Records: 25382  Duplicates: 0  Warnings: 0

+---------------------------------+
| message                         |
+---------------------------------+
| created rcbill_my.tempcustcmts2 |
+---------------------------------+
1 row in set (0.00 sec)

Query OK, 0 rows affected (0.03 sec)

Query OK, 0 rows affected, 1 warning (0.00 sec)

Query OK, 0 rows affected (0.00 sec)

Query OK, 0 rows affected (0.02 sec)

Query OK, 19541 rows affected (1.32 sec)
Records: 19541  Duplicates: 0  Warnings: 0

+----------------------------------+
| message                          |
+----------------------------------+
| created rcbill_my.customers_cmts |
+----------------------------------+
1 row in set (0.00 sec)

Query OK, 0 rows affected (0.00 sec)

Query OK, 0 rows affected (0.00 sec)

Query OK, 0 rows affected (0.06 sec)

Query OK, 24835 rows affected (1.85 sec)
Records: 24835  Duplicates: 0  Warnings: 0

+--------------------------------------+
| message                              |
+--------------------------------------+
| created rcbill_my.customers_cmts_mxk |
+--------------------------------------+
1 row in set (0.00 sec)

Query OK, 430237 rows affected (24.63 sec)
Records: 430237  Duplicates: 0  Warnings: 0

+----------------+
| message        |
+----------------+
| created temp a |
+----------------+
1 row in set (0.00 sec)

Query OK, 0 rows affected (0.03 sec)

Query OK, 431670 rows affected (20.37 sec)
Records: 431670  Duplicates: 0  Warnings: 0

+------------------------------------------------+
| message                                        |
+------------------------------------------------+
| created rcbill_my.customers_contracts_cmts_mxk |
+------------------------------------------------+
1 row in set (0.00 sec)

Query OK, 0 rows affected (0.12 sec)

Query OK, 0 rows affected, 1 warning (0.00 sec)

Query OK, 0 rows affected, 1 warning (0.01 sec)

Query OK, 0 rows affected (0.00 sec)

Query OK, 8086 rows affected (2.24 sec)
Rows matched: 8086  Changed: 8086  Warnings: 0

+------------------------------------------------+
| message                                        |
+------------------------------------------------+
| updated rcbill_my.customers_contracts_cmts_mxk |
+------------------------------------------------+
1 row in set (0.00 sec)

Query OK, 0 rows affected (0.02 sec)

Query OK, 1592824 rows affected (4 min 56.65 sec)
Records: 1592824  Duplicates: 0  Warnings: 0

+----------------------------------------+
| message                                |
+----------------------------------------+
| created rcbill_my.customers_collection |
+----------------------------------------+
1 row in set (0.00 sec)

Query OK, 0 rows affected (0.10 sec)

Query OK, 1836869 rows affected (3 min 19.16 sec)
Records: 1836869  Duplicates: 0  Warnings: 0

+------------------------------------------------+
| message                                        |
+------------------------------------------------+
| created rcbill_my.customers_cmts_mxk_cont_coll |
+------------------------------------------------+
1 row in set (0.00 sec)

Query OK, 0 rows affected (0.19 sec)

Query OK, 30253 rows affected (5.49 sec)
Records: 30253  Duplicates: 0  Warnings: 0

+------------------------------------------------------------+
| message                                                    |
+------------------------------------------------------------+
| created rcbill_my.customers_contracts_collection_pivot2019 |
+------------------------------------------------------------+
1 row in set (0.00 sec)

Query OK, 0 rows affected (0.01 sec)

Query OK, 18353 rows affected (4.20 sec)
Records: 18353  Duplicates: 0  Warnings: 0

+--------------------------------------------------+
| message                                          |
+--------------------------------------------------+
| created rcbill_my.customers_collection_pivot2019 |
+--------------------------------------------------+
1 row in set (0.00 sec)

Query OK, 0 rows affected (0.00 sec)

Query OK, 42087 rows affected (3.10 sec)
Records: 42087  Duplicates: 0  Warnings: 0

+------------------------------------------------+
| message                                        |
+------------------------------------------------+
| created rcbill_my.rep_customers_collection2019 |
+------------------------------------------------+
1 row in set (0.00 sec)

Query OK, 0 rows affected (0.00 sec)

Query OK, 0 rows affected, 1 warning (0.01 sec)

Query OK, 402619 rows affected (20.95 sec)
Records: 402619  Duplicates: 0  Warnings: 0

+-------------------------+
| message                 |
+-------------------------+
| created rcbill_my.tempa |
+-------------------------+
1 row in set (0.00 sec)

Query OK, 0 rows affected, 1 warning (0.00 sec)

Query OK, 79849 rows affected (13.52 sec)
Records: 79849  Duplicates: 0  Warnings: 0

+-------------------------+
| message                 |
+-------------------------+
| created rcbill_my.tempb |
+-------------------------+
1 row in set (0.00 sec)

Query OK, 402619 rows affected (13.43 sec)
Records: 402619  Duplicates: 0  Warnings: 0

+-----------+
| message   |
+-----------+
| created a |
+-----------+
1 row in set (0.00 sec)

Query OK, 79959 rows affected (6.20 sec)
Records: 79959  Duplicates: 0  Warnings: 0

+-----------+
| message   |
+-----------+
| created b |
+-----------+
1 row in set (0.00 sec)

Query OK, 0 rows affected (0.08 sec)

Query OK, 0 rows affected (0.01 sec)

Query OK, 0 rows affected (0.02 sec)

Query OK, 405233 rows affected (43.73 sec)
Records: 405233  Duplicates: 0  Warnings: 0

+----------------------------------------------+
| message                                      |
+----------------------------------------------+
| created rcbill_my.cust_cont_payment_cmts_mxk |
+----------------------------------------------+
1 row in set (0.00 sec)

Query OK, 0 rows affected (0.01 sec)

Query OK, 0 rows affected (0.00 sec)

Query OK, 0 rows affected, 1 warning (0.00 sec)

Query OK, 0 rows affected (0.02 sec)

Query OK, 42087 rows affected (12.90 sec)
Records: 42087  Duplicates: 0  Warnings: 0

+--------------------------------------------------+
| message                                          |
+--------------------------------------------------+
| created rcbill_my.rep_cust_cont_payment_cmts_mxk |
+--------------------------------------------------+
1 row in set (0.00 sec)

Query OK, 0 rows affected, 1 warning (0.00 sec)

Query OK, 0 rows affected, 1 warning (0.00 sec)

Query OK, 0 rows affected (0.02 sec)

Query OK, 38095 rows affected, 5 warnings (7.12 sec)
Records: 38095  Duplicates: 0  Warnings: 5

+----------------------+
| rep_custconsolidated |
+----------------------+
|                38095 |
+----------------------+
1 row in set (0.03 sec)

Query OK, 0 rows affected (0.00 sec)

Query OK, 0 rows affected (0.03 sec)

+----------------------------------------------+
| message                                      |
+----------------------------------------------+
| creating rcbill_my.retentioncustomeractivity |
+----------------------------------------------+
1 row in set (0.00 sec)

Query OK, 497 rows affected (0.10 sec)
Records: 497  Duplicates: 0  Warnings: 0

+---------------------------+
| retentioncustomeractivity |
+---------------------------+
|                       497 |
+---------------------------+
1 row in set (0.00 sec)

+-----------+------------------------------------+------------+-------------+-----------------+------------------+---------------------+-------------------+
| HFC_NODE  | NODENAME                           | CMTS_DATE  | INSERTED_ON | UNIQUE_ACCOUNTS | UNIQUE_CONTRACTS | UNIQUE_MAC_INRCBOSS | UNIQUE_MAC_INCMTS |
+-----------+------------------------------------+------------+-------------+-----------------+------------------+---------------------+-------------------+
| NULL      | NULL                               | NULL       | 2019-04-08  |           10397 |            11083 |               11192 |                 0 |
| C5/0/0/U0 | ANSE-BOILEAU-2                     | 2019-02-04 | 2019-04-08  |             115 |              118 |                 115 |               118 |
| C5/0/0/U1 | 500-C3-ANSE-BOILEAU                | 2019-02-04 | 2019-04-08  |             227 |              235 |                 227 |               228 |
| C5/0/1/U0 | 501-C4-LA-MISIERE-LEFT-I           | 2019-02-04 | 2019-04-08  |             201 |              209 |                 200 |               206 |
| C5/0/1/U1 | 501-C5-LA-MISIERE-RIGHT            | 2019-02-04 | 2019-04-08  |              97 |              101 |                  97 |               100 |
| C5/0/1/U2 | 501-C7-LA-MISIERE-LEFT-II          | 2019-02-04 | 2019-04-08  |             102 |              107 |                 102 |               103 |
| C5/0/2/U0 | 502-C8-LA-LOUISE                   | 2019-02-04 | 2019-04-08  |             146 |              150 |                 146 |               149 |
| C5/0/2/U1 | LA-LOUISE-2                        | 2019-02-04 | 2019-04-08  |             150 |              152 |                 150 |               154 |
| C5/0/3/U0 | 504-C6-PETIT-PARIS                 | 2019-02-04 | 2019-04-08  |             155 |              157 |                 155 |               158 |
| C5/0/3/U1 | PETIT-PARIS-23                     | 2019-02-04 | 2019-04-08  |              75 |               78 |                  75 |                75 |
| C5/0/4/U0 | FOUR-SEASONS                       | 2019-02-04 | 2019-04-08  |               6 |               23 |                  23 |                23 |
| C5/0/4/U1 | ANCHOR-CAFE-I                      | 2019-02-04 | 2019-04-08  |             154 |              157 |                 154 |               155 |
| C5/0/4/U2 | ANCHOR-CAFE-II                     | 2019-02-04 | 2019-04-08  |             144 |              148 |                 143 |               145 |
| C5/1/0/U0 | POINTE-LARUE-AIRPORT-23            | 2019-02-04 | 2019-04-08  |             110 |              115 |                 110 |               112 |
| C5/1/0/U1 | PPROVIDENCE-23                     | 2019-02-04 | 2019-04-08  |              24 |               28 |                  25 |                25 |
| C5/1/0/U2 | ROSHE-CAIMAN-23                    | 2019-02-04 | 2019-04-08  |              11 |               12 |                  11 |                11 |
| C5/1/0/U3 | HEAD-OFFICE | HO-23                | 2019-02-04 | 2019-04-08  |              22 |               24 |                  23 |                25 |
| C5/1/1/U1 | C5-UNION-VALE                      | 2019-02-04 | 2019-04-08  |             191 |              199 |                 191 |               196 |
| C5/1/3/U0 | POINTE-LARUE-AIRPORT-27            | 2019-02-04 | 2019-04-08  |             141 |              147 |                 142 |               142 |
| C5/1/3/U1 | PPROVIDENCE-27                     | 2019-02-04 | 2019-04-08  |              33 |               33 |                  33 |                34 |
| C5/1/3/U2 | ROSHE-CAIMAN-27                    | 2019-02-04 | 2019-04-08  |              22 |               22 |                  22 |                22 |
| C5/1/3/U3 | HEAD-OFFICE | HO-27                | 2019-02-04 | 2019-04-08  |              21 |               21 |                  21 |                22 |
| C5/1/4/U0 | ANSE-ROYALE-27                     | 2019-02-04 | 2019-04-08  |             185 |              194 |                 186 |               188 |
| C5/1/4/U1 | GLACIS-2-57                        | 2019-02-04 | 2019-04-08  |             145 |              153 |                 145 |               148 |
| C5/1/4/U3 | GLACIS-1                           | 2019-02-04 | 2019-04-08  |              60 |               63 |                  60 |                62 |
| C6/0/1/U0 | SERRET-ROAD-RIGHT/CURIO/PASCAL     | 2019-02-04 | 2019-04-08  |             143 |              148 |                 143 |               146 |
| C6/0/1/U1 | SERRET-ROAD-LEFT/ST.LOUIS/TOWN     | 2019-02-04 | 2019-04-08  |             179 |              189 |                 179 |               182 |
| C6/0/1/U2 | SERRET-ROAD-RIGHT/CURIO/PASCAL-2   | 2019-02-04 | 2019-04-08  |             120 |              122 |                 120 |               123 |
| C6/0/1/U3 | SERRET-ROAD-LEFT/ST.LOUIS/TOWN-2   | 2019-02-04 | 2019-04-08  |             117 |              122 |                 117 |               118 |
| C6/0/2/U0 | SANS-SOUCIS-I                      | 2019-02-04 | 2019-04-08  |             124 |              126 |                 124 |               126 |
| C6/0/2/U1 | SANS-SOUCIS-II                     | 2019-02-04 | 2019-04-08  |             111 |              119 |                 110 |               112 |
| C6/0/2/U2 | BEL-AIR-27                         | 2019-02-04 | 2019-04-08  |             100 |              106 |                 100 |               101 |
| C6/0/2/U3 | BEL-AIR-38                         | 2019-02-04 | 2019-04-08  |             103 |              107 |                 103 |               106 |
| C6/0/3/U0 | LES-MAMELLES-23                    | 2019-02-04 | 2019-04-08  |              65 |               65 |                  65 |                68 |
| C6/0/3/U1 | VICTORIA-23                        | 2019-02-04 | 2019-04-08  |              30 |               36 |                  33 |                35 |
| C6/0/4/U0 | LES-MAMELLES-27                    | 2019-02-04 | 2019-04-08  |              84 |               85 |                  84 |                84 |
| C6/0/4/U1 | VICTORIA-27                        | 2019-02-04 | 2019-04-08  |              34 |               37 |                  34 |                36 |
| C7/1/0/U0 | LA-RETRAITE-23                     | 2019-02-04 | 2019-04-08  |             117 |              123 |                 118 |               119 |
| C7/1/0/U1 | TEA-FACTORY-23                     | 2019-02-04 | 2019-04-08  |              33 |               37 |                  33 |                34 |
| C7/1/0/U2 | PAS-23                             | 2019-02-04 | 2019-04-08  |              98 |              103 |                  98 |               101 |
| C7/1/1/U0 | REEF-ESTATE-23                     | 2019-02-04 | 2019-04-08  |              95 |               97 |                  95 |                97 |
| C7/1/1/U1 | BEL-OMBRE-NEW-23                   | 2019-02-04 | 2019-04-08  |              39 |               45 |                  43 |                44 |
| C7/1/2/U0 | LA-RETRAITE-27                     | 2019-02-04 | 2019-04-08  |             120 |              127 |                 119 |               120 |
| C7/1/2/U1 | TEA-FACTORY-27                     | 2019-02-04 | 2019-04-08  |              11 |               14 |                  12 |                14 |
| C7/1/2/U2 | PAS-27                             | 2019-02-04 | 2019-04-08  |             102 |              108 |                 101 |               108 |
| C7/1/3/U0 | MT-BUXTON-27                       | 2019-02-04 | 2019-04-08  |             116 |              120 |                 116 |               118 |
| C7/1/3/U1 | MT-BUXTON-23                       | 2019-02-04 | 2019-04-08  |             101 |              103 |                 100 |               105 |
| C7/1/4/U0 | REEF-ESTATE-27                     | 2019-02-04 | 2019-04-08  |              68 |               69 |                  68 |                69 |
| C7/1/4/U1 | BEL-OMBRE-NEW-27                   | 2019-02-04 | 2019-04-08  |              17 |               17 |                  17 |                17 |
| C8/0/0/U0 | POLICE-ACADEMY-1-27 - POINTE LARUE | 2019-02-04 | 2019-04-08  |             360 |              369 |                 360 |               365 |
| C8/0/1/U1 | POLICE-ACADEMY-2-27 - TURTLE BAY   | 2019-02-04 | 2019-04-08  |             264 |              276 |                 266 |               270 |
| C8/0/2/U0 | BEAU-VALLON-LEFT-1-57              | 2019-02-04 | 2019-04-08  |             105 |              109 |                 104 |               105 |
| C8/0/3/U1 | BEAU-VALLON-RIGHT-2-57             | 2019-02-04 | 2019-04-08  |             208 |              217 |                 208 |               210 |
| C8/1/0/U0 | MA-JOIE-NODE-27                    | 2019-02-04 | 2019-04-08  |             106 |              108 |                 106 |               109 |
| C8/1/0/U1 | BELONIE-27                         | 2019-02-04 | 2019-04-08  |             139 |              144 |                 137 |               139 |
| C8/1/0/U3 | MA-JOIE-NODE-23                    | 2019-02-04 | 2019-04-08  |             129 |              134 |                 129 |               133 |
| C8/1/1/U0 | 611-C1-ROJN I                      | 2019-02-04 | 2019-04-08  |             196 |              202 |                 196 |               200 |
| C8/1/1/U1 | 611-C5-ROJN II                     | 2019-02-04 | 2019-04-08  |              53 |               57 |                  53 |                54 |
| C8/1/2/U0 | 612-C2-ANSE-ETOILE                 | 2019-02-04 | 2019-04-08  |             197 |              203 |                 195 |               198 |
| C8/1/2/U1 | ANSE-ETOILE-U2                     | 2019-02-04 | 2019-04-08  |              90 |               93 |                  91 |                91 |
| C8/1/3/U0 | 613-C3-ANSE-GAULETTE I             | 2019-02-04 | 2019-04-08  |              51 |               55 |                  51 |                52 |
| C8/1/3/U1 | 613-C7-ANSE-GAULETTE II            | 2019-02-04 | 2019-04-08  |              68 |               74 |                  68 |                68 |
| C8/1/3/U2 | 613-C3-ANSE-GAULETTE III           | 2019-02-04 | 2019-04-08  |              53 |               58 |                  53 |                54 |
| C8/1/3/U3 | TAKAMAKA I                         | 2019-02-04 | 2019-04-08  |              98 |               99 |                  98 |                99 |
| C8/1/3/U4 | TAKAMAKA II                        | 2019-02-04 | 2019-04-08  |              99 |              101 |                  99 |               103 |
| C8/1/4/U0 | 614-BEOLIERE-NODE-1                | 2019-02-04 | 2019-04-08  |             139 |              147 |                 139 |               142 |
| C8/1/4/U1 | 614-BEOLIERE-NODE-2                | 2019-02-04 | 2019-04-08  |              81 |               86 |                  81 |                82 |
+-----------+------------------------------------+------------+-------------+-----------------+------------------+---------------------+-------------------+
67 rows in set (0.35 sec)

+------------------+------------+-------------+-----------------+------------------+----------------------+-------------------+
| MXK_NAME         | MXK_DATE   | INSERTED_ON | UNIQUE_ACCOUNTS | UNIQUE_CONTRACTS | UNIQUE_FSAN_INRCBOSS | UNIQUE_FSAN_INMXK |
+------------------+------------+-------------+-----------------+------------------+----------------------+-------------------+
| NULL             | NULL       | 2019-04-08  |             631 |              649 |                  638 |                 0 |
| MXK-ANSEETOILE   | 2019-02-04 | 2019-04-08  |              58 |               59 |                   59 |                62 |
| MXK-ANSEROYALE   | 2019-02-04 | 2019-04-08  |             121 |              122 |                  122 |               128 |
| MXK-BEAUVALLON   | 2019-02-04 | 2019-04-08  |             971 |              985 |                  979 |              1006 |
| MXK-MAHE         | 2019-02-04 | 2019-04-08  |             853 |              885 |                  835 |               951 |
| MXK-PERSEVERANCE | 2019-02-04 | 2019-04-08  |            1033 |             1052 |                 1047 |              1087 |
| MXK-PRASLIN      | 2019-02-04 | 2019-04-08  |            1157 |             1162 |                 1153 |              1199 |
+------------------+------------+-------------+-----------------+------------------+----------------------+-------------------+
7 rows in set (0.12 sec)

mysql> mysql \. C:\workspace\cloud\code\sql\_DailyScript\currenttime.sql
+---------------------+
| currenttime         |
+---------------------+
| 2019-04-08 11:18:21 |
+---------------------+
1 row in set (0.00 sec)

mysql> 
mysql> mysql \. C:\workspace\cloud\code\sql\Analysis\service_tickets_assignments.sql
Query OK, 0 rows affected (0.00 sec)

Query OK, 23893 rows affected (7.05 sec)
Records: 23893  Duplicates: 0  Warnings: 0

+-------------------------+
| rep_servicetickets_2019 |
+-------------------------+
|                   23893 |
+-------------------------+
1 row in set (0.03 sec)

mysql> mysql \. C:\workspace\cloud\code\sql\_DailyScript\currenttime.sql
+---------------------+
| currenttime         |
+---------------------+
| 2019-04-08 11:18:28 |
+---------------------+
1 row in set (0.00 sec)

mysql> 
mysql> mysql \. C:\workspace\cloud\code\sql\_DailyScript\sales-to-activenumber.sql
Database changed
+---------------------------------------+
| message                               |
+---------------------------------------+
| dropped table rcbill_my.salestoactive |
+---------------------------------------+
1 row in set (0.00 sec)

Query OK, 0 rows affected (0.01 sec)

Query OK, 13461 rows affected (28 min 14.23 sec)
Records: 13461  Duplicates: 0  Warnings: 0

+---------------------------------------+
| message                               |
+---------------------------------------+
| created table rcbill_my.salestoactive |
+---------------------------------------+
1 row in set (0.00 sec)

Query OK, 0 rows affected (0.02 sec)

+----------------------------------------------+
| message                                      |
+----------------------------------------------+
| dropped table rcbill_my.salestoactivejourney |
+----------------------------------------------+
1 row in set (0.00 sec)

Query OK, 47566 rows affected (24 min 6.70 sec)
Records: 47566  Duplicates: 0  Warnings: 0

+----------------------------------------------+
| message                                      |
+----------------------------------------------+
| created table rcbill_my.salestoactivejourney |
+----------------------------------------------+
1 row in set (0.02 sec)

mysql> mysql \. C:\workspace\cloud\code\sql\_DailyScript\currenttime.sql
+---------------------+
| currenttime         |
+---------------------+
| 2019-04-08 12:10:49 |
+---------------------+
1 row in set (0.00 sec)

mysql> 
mysql> exit
