    -> 
    -> mysql \. C:\workspace\cloud\code\sql\_DailyScript\_setdates.sql
Query OK, 0 rows affected (0.00 sec)

Query OK, 0 rows affected (1.53 sec)

Database changed
Query OK, 0 rows affected (0.00 sec)

Query OK, 0 rows affected (0.00 sec)

Query OK, 0 rows affected (0.00 sec)

Query OK, 0 rows affected (0.00 sec)

Query OK, 0 rows affected (0.00 sec)

Query OK, 0 rows affected (0.00 sec)

Query OK, 0 rows affected (0.00 sec)

Query OK, 0 rows affected (0.00 sec)

Query OK, 0 rows affected (0.00 sec)

Query OK, 0 rows affected (0.00 sec)

Query OK, 0 rows affected (0.00 sec)

Query OK, 0 rows affected (0.00 sec)

Query OK, 0 rows affected (0.00 sec)

Query OK, 0 rows affected (0.00 sec)

Query OK, 0 rows affected (0.00 sec)

Query OK, 0 rows affected (0.00 sec)

Query OK, 0 rows affected (0.00 sec)

Query OK, 0 rows affected (0.00 sec)

Query OK, 0 rows affected (0.00 sec)

Query OK, 0 rows affected (0.00 sec)

Query OK, 0 rows affected (0.00 sec)

Query OK, 0 rows affected (0.00 sec)

mysql> mysql \. C:\workspace\cloud\code\sql\_DailyScript\currenttime.sql
+---------------------+
| currenttime         |
+---------------------+
| 2021-10-04 16:26:16 |
+---------------------+
1 row in set (0.00 sec)

mysql> 
mysql> mysql \. C:\workspace\cloud\code\sql\_DailyScript\load_RCB_VODTITLES.sql
Database changed
Query OK, 0 rows affected (0.00 sec)

Query OK, 15986 rows affected (0.14 sec)

Query OK, 16025 rows affected, 16025 warnings (0.31 sec)
Records: 16025  Deleted: 0  Skipped: 0  Warnings: 16025

Query OK, 0 rows affected (0.00 sec)

Query OK, 2 rows affected (0.01 sec)

+-----------+
| VODTITLES |
+-----------+
|     16483 |
+-----------+
1 row in set (0.01 sec)

+-----------+-----------+
| titletype | typecount |
+-----------+-----------+
| E         |     13617 |
| N         |       245 |
| T         |      2161 |
| NULL      |     16023 |
+-----------+-----------+
4 rows in set (0.05 sec)

mysql> mysql \. C:\workspace\cloud\code\sql\_DailyScript\currenttime.sql
+---------------------+
| currenttime         |
+---------------------+
| 2021-10-04 16:26:16 |
+---------------------+
1 row in set (0.00 sec)

mysql> 
mysql> 
mysql> 
mysql> 
mysql> 
mysql> 
mysql> 
mysql> 
mysql> 
mysql> 
mysql> 
mysql> 
mysql> 
mysql> 
mysql> 
mysql> 
mysql> 
mysql> 
mysql> 
mysql> 
mysql> 
mysql> 
mysql> 
mysql> 
mysql> 
mysql> 
mysql> 
mysql> 
mysql> 
mysql> 
mysql> 
mysql> 
mysql> 
mysql> 
mysql> 
mysql> 
mysql> 
mysql> mysql \. C:\workspace\cloud\code\sql\_DailyScript\load_DailyCalls.sql
Database changed
Query OK, 399 rows affected (0.11 sec)
Records: 399  Deleted: 0  Skipped: 0  Warnings: 0

Query OK, 0 rows affected, 1 warning (0.00 sec)

Query OK, 399 rows affected (0.02 sec)
Records: 399  Duplicates: 0  Warnings: 0

Query OK, 0 rows affected, 1 warning (0.00 sec)

Query OK, 70511 rows affected (0.27 sec)
Records: 70511  Duplicates: 0  Warnings: 0

+----------------------+
| callingclientsbefore |
+----------------------+
|              1274770 |
+----------------------+
1 row in set (0.41 sec)

Query OK, 530 rows affected (8.19 sec)
Records: 530  Duplicates: 0  Warnings: 0

+---------------------+
| callingclientsafter |
+---------------------+
|             1275300 |
+---------------------+
1 row in set (0.32 sec)

Query OK, 0 rows affected (0.01 sec)

Query OK, 278 rows affected (2.32 sec)
Records: 278  Duplicates: 0  Warnings: 0

Query OK, 0 rows affected (0.00 sec)

Query OK, 24826 rows affected (3.92 sec)
Records: 24826  Duplicates: 0  Warnings: 0

+-----------+
| callstats |
+-----------+
|     24826 |
+-----------+
1 row in set (0.01 sec)

Query OK, 0 rows affected, 1 warning (0.00 sec)

Query OK, 530 rows affected (1.79 sec)
Records: 530  Duplicates: 0  Warnings: 0

+------------------------+
| rep_cccallreportbefore |
+------------------------+
|                1276421 |
+------------------------+
1 row in set (0.32 sec)

Query OK, 530 rows affected (0.11 sec)
Records: 530  Duplicates: 0  Warnings: 0

+-----------------------+
| rep_cccallreportafter |
+-----------------------+
|               1276951 |
+-----------------------+
1 row in set (0.32 sec)

Query OK, 0 rows affected (0.01 sec)

mysql> mysql \. C:\workspace\cloud\code\sql\_DailyScript\currenttime.sql
+---------------------+
| currenttime         |
+---------------------+
| 2021-10-04 16:26:36 |
+---------------------+
1 row in set (0.00 sec)

mysql> 
mysql> mysql \. C:\workspace\cloud\code\sql\_DailyScript\DAILY-SCRIPT-USAGE.sql
Database changed
Query OK, 0 rows affected (0.00 sec)

Query OK, 4423 rows affected, 12880 warnings (1.38 sec)
Records: 4423  Deleted: 0  Skipped: 0  Warnings: 12880

Query OK, 0 rows affected (0.00 sec)

Query OK, 7769 rows affected, 22591 warnings (0.83 sec)
Records: 7769  Deleted: 0  Skipped: 0  Warnings: 22591

Query OK, 0 rows affected (0.00 sec)

Query OK, 279 rows affected, 984 warnings (0.03 sec)
Records: 279  Deleted: 0  Skipped: 0  Warnings: 984

Query OK, 0 rows affected (0.00 sec)

Query OK, 163 rows affected, 563 warnings (0.06 sec)
Records: 163  Deleted: 0  Skipped: 0  Warnings: 563

+------------+
| dailyusage |
+------------+
|   18999839 |
+------------+
1 row in set (5.75 sec)

+------------+------------+------------+---------+
| datestart  | dateend    | insertedon | records |
+------------+------------+------------+---------+
| 2021-09-21 | 2021-09-21 | 2021-10-04 |   12634 |
| 2021-09-20 | 2021-09-20 | 2021-10-04 |   12588 |
| 2021-09-19 | 2021-09-19 | 2021-10-04 |   12407 |
| 2021-09-18 | 2021-09-18 | 2021-10-04 |   12683 |
| 2021-09-17 | 2021-09-17 | 2021-10-04 |   12648 |
+------------+------------+------------+---------+
5 rows in set (16.55 sec)

+----------+------------+------------+------------+---------+
| category | datestart  | dateend    | insertedon | records |
+----------+------------+------------+------------+---------+
| UNCAPPED | 2021-09-21 | 2021-09-21 | 2021-10-04 |    7769 |
| PREPAID  | 2021-09-21 | 2021-09-21 | 2021-10-04 |     279 |
| HOTSPOT  | 2021-09-21 | 2021-09-21 | 2021-10-04 |     163 |
| CAPPED   | 2021-09-21 | 2021-09-21 | 2021-10-04 |    4423 |
| UNCAPPED | 2021-09-20 | 2021-09-20 | 2021-10-04 |    7755 |
| PREPAID  | 2021-09-20 | 2021-09-20 | 2021-10-04 |     315 |
| HOTSPOT  | 2021-09-20 | 2021-09-20 | 2021-10-04 |     165 |
| CAPPED   | 2021-09-20 | 2021-09-20 | 2021-10-04 |    4353 |
| UNCAPPED | 2021-09-19 | 2021-09-19 | 2021-10-04 |    7598 |
| PREPAID  | 2021-09-19 | 2021-09-19 | 2021-10-04 |     311 |
| HOTSPOT  | 2021-09-19 | 2021-09-19 | 2021-10-04 |     131 |
| CAPPED   | 2021-09-19 | 2021-09-19 | 2021-10-04 |    4367 |
| UNCAPPED | 2021-09-18 | 2021-09-18 | 2021-10-04 |    7748 |
| PREPAID  | 2021-09-18 | 2021-09-18 | 2021-10-04 |     279 |
| HOTSPOT  | 2021-09-18 | 2021-09-18 | 2021-10-04 |     146 |
| CAPPED   | 2021-09-18 | 2021-09-18 | 2021-10-04 |    4510 |
| UNCAPPED | 2021-09-17 | 2021-09-17 | 2021-10-04 |    7784 |
| PREPAID  | 2021-09-17 | 2021-09-17 | 2021-10-04 |     267 |
| HOTSPOT  | 2021-09-17 | 2021-09-17 | 2021-10-04 |     196 |
| CAPPED   | 2021-09-17 | 2021-09-17 | 2021-10-04 |    4401 |
+----------+------------+------------+------------+---------+
20 rows in set (25.52 sec)

mysql> mysql \. C:\workspace\cloud\code\sql\_DailyScript\currenttime.sql
+---------------------+
| currenttime         |
+---------------------+
| 2021-10-04 16:27:26 |
+---------------------+
1 row in set (0.00 sec)

mysql> 
mysql> mysql \. C:\workspace\cloud\code\sql\_DailyScript\DAILY-SCRIPT-SALES-TELEMETRY.sql
Database changed
Query OK, 105 rows affected, 42 warnings (0.04 sec)
Records: 105  Deleted: 0  Skipped: 0  Warnings: 42

+------------+
| dailysales |
+------------+
|     247361 |
+------------+
1 row in set (0.12 sec)

Query OK, 0 rows affected (0.01 sec)

Query OK, 247361 rows affected (15.25 sec)
Records: 247361  Duplicates: 0  Warnings: 0

+--------+
| sales  |
+--------+
| 247361 |
+--------+
1 row in set (0.10 sec)

Query OK, 0 rows affected (0.01 sec)

Query OK, 4111 rows affected (0.38 sec)
Records: 4111  Duplicates: 0  Warnings: 0

+----------------+
| rep_dailysales |
+----------------+
|           4111 |
+----------------+
1 row in set (0.00 sec)

Query OK, 0 rows affected (0.00 sec)

Query OK, 4111 rows affected (0.59 sec)
Records: 4111  Duplicates: 0  Warnings: 0

+-------------------+
| rep_dailysalesreg |
+-------------------+
|              4111 |
+-------------------+
1 row in set (0.00 sec)

Query OK, 0 rows affected (0.01 sec)

Query OK, 2982 rows affected (0.75 sec)
Records: 2982  Duplicates: 0  Warnings: 0

+-----------+
| saleslist |
+-----------+
|      2982 |
+-----------+
1 row in set (0.00 sec)

Database changed
ERROR 2 (HY000): File 'C:\ProgramData\MySQL\MySQL Server 5.7\Uploads\_csv\PrepaidCardSales-21092021-P1.csv' not found (Errcode: 2 - No such file or directory)
+------------------+
| dailysinglesales |
+------------------+
|             6596 |
+------------------+
1 row in set (0.01 sec)

Database changed
Query OK, 14 rows affected (0.02 sec)
Records: 14  Deleted: 0  Skipped: 0  Warnings: 0

+-----------------+
| dailyaddonsales |
+-----------------+
|           25167 |
+-----------------+
1 row in set (0.01 sec)

Query OK, 195 rows affected (0.05 sec)
Records: 195  Deleted: 0  Skipped: 0  Warnings: 0

+----------------+
| onlinepayments |
+----------------+
|         223836 |
+----------------+
1 row in set (0.10 sec)

+-------------+----------------+---------------------+
| paymentdate | onlinepayments | onlinepaymentamount |
+-------------+----------------+---------------------+
| 2021-09-21  |            195 |        133194.24000 |
| 2021-09-20  |            281 |        173373.03000 |
| 2021-09-19  |            229 |        126054.42000 |
| 2021-09-18  |            237 |        147940.12000 |
| 2021-09-17  |            202 |        126395.10000 |
+-------------+----------------+---------------------+
5 rows in set (0.38 sec)

+-------------+--------------+----------------+---------------------+
| paymentyear | paymentmonth | onlinepayments | onlinepaymentamount |
+-------------+--------------+----------------+---------------------+
|        2021 |            9 |           5129 |       3233263.20000 |
|        2021 |            8 |           8864 |       5714008.87000 |
|        2021 |            7 |           8972 |       5795292.15000 |
|        2021 |            6 |           8773 |       5686976.03000 |
|        2021 |            5 |           9358 |       5959322.66000 |
+-------------+--------------+----------------+---------------------+
5 rows in set (0.21 sec)

mysql> mysql \. C:\workspace\cloud\code\sql\_DailyScript\currenttime.sql
+---------------------+
| currenttime         |
+---------------------+
| 2021-10-04 16:27:45 |
+---------------------+
1 row in set (0.00 sec)

mysql> 
mysql> mysql \. C:\workspace\cloud\code\sql\_DailyScript\DAILY-SCRIPT-ACTIVENUMBERS.sql
Database changed
Query OK, 1101 rows affected (0.42 sec)
Records: 1101  Deleted: 0  Skipped: 0  Warnings: 0

+------------+----------+
| period     | count(1) |
+------------+----------+
| 2021-09-21 |     1101 |
| 2021-09-20 |     1099 |
| 2021-09-19 |     1101 |
| 2021-09-18 |     1102 |
| 2021-09-17 |     1102 |
+------------+----------+
5 rows in set (0.00 sec)

Query OK, 0 rows affected (0.00 sec)

Query OK, 75 rows affected (1.32 sec)
Records: 75  Duplicates: 0  Warnings: 0

+-------------+
| packagelist |
+-------------+
|          75 |
+-------------+
1 row in set (0.00 sec)

Database changed
Query OK, 0 rows affected (0.00 sec)

Query OK, 0 rows affected (0.00 sec)

Query OK, 0 rows affected (0.00 sec)

Query OK, 0 rows affected (0.00 sec)

Query OK, 28770 rows affected, 975 warnings (12.09 sec)
Records: 28770  Deleted: 0  Skipped: 0  Warnings: 975

+------------+----------+
| period     | count(1) |
+------------+----------+
| 2021-09-21 |    28770 |
| 2021-09-20 |    28762 |
| 2021-09-19 |    28692 |
| 2021-09-18 |    28789 |
| 2021-09-17 |    28798 |
+------------+----------+
5 rows in set (0.07 sec)

Query OK, 0 rows affected (0.01 sec)

Query OK, 28208 rows affected (48.07 sec)
Records: 28208  Duplicates: 0  Warnings: 0

Query OK, 0 rows affected (0.11 sec)
Records: 0  Duplicates: 0  Warnings: 0

Query OK, 0 rows affected (0.11 sec)
Records: 0  Duplicates: 0  Warnings: 0

Query OK, 0 rows affected (0.10 sec)
Records: 0  Duplicates: 0  Warnings: 0

Query OK, 0 rows affected (0.08 sec)
Records: 0  Duplicates: 0  Warnings: 0

Query OK, 0 rows affected (0.07 sec)
Records: 0  Duplicates: 0  Warnings: 0

Query OK, 0 rows affected (0.07 sec)
Records: 0  Duplicates: 0  Warnings: 0

+-------------+
| countbefore |
+-------------+
|    49496494 |
+-------------+
1 row in set (13.75 sec)

Query OK, 28208 rows affected (1.74 sec)
Records: 28208  Duplicates: 0  Warnings: 0

+------------+
| countafter |
+------------+
|   49524702 |
+------------+
1 row in set (15.22 sec)

+------------+--------------------------+
| period     | customercontractactivity |
+------------+--------------------------+
| 2021-09-21 |                    28208 |
| 2021-09-20 |                    28200 |
| 2021-09-19 |                    28130 |
| 2021-09-18 |                    28227 |
| 2021-09-17 |                    28236 |
+------------+--------------------------+
5 rows in set (0.06 sec)

Query OK, 0 rows affected (0.01 sec)

Query OK, 317423 rows affected, 4 warnings (8 min 7.49 sec)
Records: 317423  Duplicates: 0  Warnings: 4

Query OK, 0 rows affected (0.96 sec)
Records: 0  Duplicates: 0  Warnings: 0

Query OK, 0 rows affected (1.10 sec)
Records: 0  Duplicates: 0  Warnings: 0

Query OK, 0 rows affected (1.11 sec)
Records: 0  Duplicates: 0  Warnings: 0

Query OK, 0 rows affected (0.01 sec)

Query OK, 231 rows affected (0.43 sec)
Records: 231  Duplicates: 0  Warnings: 0

Query OK, 0 rows affected (0.00 sec)

Query OK, 2546 rows affected (0.60 sec)
Records: 2546  Duplicates: 0  Warnings: 0

Query OK, 0 rows affected (0.01 sec)

Query OK, 28184 rows affected (0.56 sec)
Records: 28184  Duplicates: 0  Warnings: 0

Query OK, 0 rows affected (0.00 sec)

Query OK, 17118 rows affected (0.35 sec)
Records: 17118  Duplicates: 0  Warnings: 0

Query OK, 0 rows affected (0.00 sec)

Query OK, 17118 rows affected (0.12 sec)
Records: 17118  Duplicates: 0  Warnings: 0

Query OK, 0 rows affected (0.01 sec)

Query OK, 17118 rows affected (1.14 sec)
Records: 17118  Duplicates: 0  Warnings: 0

Query OK, 0 rows affected (0.01 sec)

Query OK, 17118 rows affected (41.75 sec)
Records: 17118  Duplicates: 0  Warnings: 0

+-------------+
| clientstats |
+-------------+
|       17118 |
+-------------+
1 row in set (0.01 sec)

Query OK, 0 rows affected (0.00 sec)

Query OK, 14 rows affected, 1 warning (0.09 sec)
Records: 14  Duplicates: 0  Warnings: 1

+-----------------------+-------------+-------------+----------------+-----------------+
| services              | activecount | allaccounts | uniqueaccounts | uniquecontracts |
+-----------------------+-------------+-------------+----------------+-----------------+
| All                   |         459 |          74 |             74 |             240 |
| Internet & OTT        |           4 |           2 |              2 |               2 |
| Internet & Voice      |         315 |         138 |            138 |             271 |
| Internet Only         |        4458 |        4360 |           4355 |            4399 |
| OTT Only              |           2 |           2 |              2 |               2 |
| TV & Internet         |        9647 |        4314 |           4305 |            8785 |
| TV & Internet & OTT   |        4340 |        1131 |           1130 |            2351 |
| TV & Internet & Voice |         540 |         155 |            155 |             476 |
| TV & OTT              |         310 |          74 |             72 |              82 |
| TV & Voice            |          72 |          32 |             32 |              66 |
| TV & Voice & OTT      |           3 |           1 |              1 |               2 |
| TV Only               |        8529 |        6722 |           6719 |            6929 |
| Voice Only            |         115 |         113 |            113 |             115 |
| GRAND TOTAL           |       28794 |       17118 |          17037 |           23720 |
+-----------------------+-------------+-------------+----------------+-----------------+
14 rows in set (0.00 sec)

+-------------+-------------+-------------+----------------+-----------------+
| network     | activecount | allaccounts | uniqueaccounts | uniquecontracts |
+-------------+-------------+-------------+----------------+-----------------+
| GPON        |       12661 |        6344 |           6341 |            9996 |
| HFC         |       16133 |       10774 |          10774 |           13724 |
| GRAND TOTAL |       28794 |       17118 |          17037 |           23720 |
+-------------+-------------+-------------+----------------+-----------------+
3 rows in set, 1 warning (0.11 sec)

+-------------+-----------------------+-------------+-------------+----------------+-----------------+
| network     | services              | activecount | allaccounts | uniqueaccounts | uniquecontracts |
+-------------+-----------------------+-------------+-------------+----------------+-----------------+
| GPON        | All                   |         320 |          57 |             57 |             182 |
| GPON        | Internet & Voice      |          89 |          37 |             37 |              78 |
| GPON        | Internet Only         |        1644 |        1561 |           1561 |            1586 |
| GPON        | TV & Internet         |        4975 |        2179 |           2179 |            4464 |
| GPON        | TV & Internet & OTT   |        3183 |         829 |            829 |            1731 |
| GPON        | TV & Internet & Voice |         278 |          76 |             76 |             236 |
| GPON        | TV & OTT              |         134 |          45 |             45 |              46 |
| GPON        | TV & Voice            |          45 |          20 |             20 |              42 |
| GPON        | TV & Voice & OTT      |           3 |           1 |              1 |               2 |
| GPON        | TV Only               |        1978 |        1528 |           1528 |            1617 |
| GPON        | Voice Only            |          12 |          11 |             11 |              12 |
| GPON        | Services Total        |       12661 |        6344 |           6341 |            9996 |
| HFC         | All                   |         139 |          17 |             17 |              58 |
| HFC         | Internet & OTT        |           4 |           2 |              2 |               2 |
| HFC         | Internet & Voice      |         226 |         101 |            101 |             193 |
| HFC         | Internet Only         |        2814 |        2799 |           2799 |            2813 |
| HFC         | OTT Only              |           2 |           2 |              2 |               2 |
| HFC         | TV & Internet         |        4672 |        2135 |           2135 |            4321 |
| HFC         | TV & Internet & OTT   |        1157 |         302 |            302 |             620 |
| HFC         | TV & Internet & Voice |         262 |          79 |             79 |             240 |
| HFC         | TV & OTT              |         176 |          29 |             29 |              36 |
| HFC         | TV & Voice            |          27 |          12 |             12 |              24 |
| HFC         | TV Only               |        6551 |        5194 |           5194 |            5312 |
| HFC         | Voice Only            |         103 |         102 |            102 |             103 |
| HFC         | Services Total        |       16133 |       10774 |          10774 |           13724 |
| GRAND TOTAL | Services Total        |       28794 |       17118 |          17037 |           23720 |
+-------------+-----------------------+-------------+-------------+----------------+-----------------+
26 rows in set, 2 warnings (0.12 sec)

Query OK, 0 rows affected (0.00 sec)

Query OK, 41 rows affected, 3 warnings (0.18 sec)
Records: 41  Duplicates: 0  Warnings: 3

+-------------+---------------+-----------------------+-------------+-------------+----------------+-----------------+
| region      | network       | services              | activecount | allaccounts | uniqueaccounts | uniquecontracts |
+-------------+---------------+-----------------------+-------------+-------------+----------------+-----------------+
| Mahe        | GPON          | All                   |         274 |          49 |             49 |             156 |
| Mahe        | GPON          | Internet & Voice      |          75 |          30 |             30 |              64 |
| Mahe        | GPON          | Internet Only         |        1405 |        1323 |           1323 |            1347 |
| Mahe        | GPON          | TV & Internet         |        4195 |        1832 |           1832 |            3748 |
| Mahe        | GPON          | TV & Internet & OTT   |        2610 |         666 |            666 |            1395 |
| Mahe        | GPON          | TV & Internet & Voice |         272 |          74 |             74 |             230 |
| Mahe        | GPON          | TV & OTT              |         123 |          40 |             40 |              41 |
| Mahe        | GPON          | TV & Voice            |          42 |          19 |             19 |              39 |
| Mahe        | GPON          | TV & Voice & OTT      |           3 |           1 |              1 |               2 |
| Mahe        | GPON          | TV Only               |        1640 |        1261 |           1261 |            1338 |
| Mahe        | GPON          | Voice Only            |          11 |          10 |             10 |              11 |
| Mahe        | GPON          | Services Total        |       10650 |        5305 |           5305 |            8371 |
| Mahe        | HFC           | All                   |         139 |          17 |             17 |              58 |
| Mahe        | HFC           | Internet & OTT        |           4 |           2 |              2 |               2 |
| Mahe        | HFC           | Internet & Voice      |         226 |         101 |            101 |             193 |
| Mahe        | HFC           | Internet Only         |        2814 |        2799 |           2799 |            2813 |
| Mahe        | HFC           | OTT Only              |           2 |           2 |              2 |               2 |
| Mahe        | HFC           | TV & Internet         |        4672 |        2135 |           2135 |            4321 |
| Mahe        | HFC           | TV & Internet & OTT   |        1157 |         302 |            302 |             620 |
| Mahe        | HFC           | TV & Internet & Voice |         262 |          79 |             79 |             240 |
| Mahe        | HFC           | TV & OTT              |         176 |          29 |             29 |              36 |
| Mahe        | HFC           | TV & Voice            |          27 |          12 |             12 |              24 |
| Mahe        | HFC           | TV Only               |        6549 |        5192 |           5192 |            5310 |
| Mahe        | HFC           | Voice Only            |         103 |         102 |            102 |             103 |
| Mahe        | HFC           | Services Total        |       16131 |       10772 |          10772 |           13722 |
| Mahe        | Network Total | Services Total        |       26781 |       16077 |          15999 |           22093 |
| Praslin     | GPON          | All                   |          46 |           8 |              8 |              26 |
| Praslin     | GPON          | Internet & Voice      |          14 |           7 |              7 |              14 |
| Praslin     | GPON          | Internet Only         |         239 |         238 |            238 |             239 |
| Praslin     | GPON          | TV & Internet         |         780 |         347 |            347 |             716 |
| Praslin     | GPON          | TV & Internet & OTT   |         573 |         163 |            163 |             336 |
| Praslin     | GPON          | TV & Internet & Voice |           6 |           2 |              2 |               6 |
| Praslin     | GPON          | TV & OTT              |          11 |           5 |              5 |               5 |
| Praslin     | GPON          | TV & Voice            |           3 |           1 |              1 |               3 |
| Praslin     | GPON          | TV Only               |         338 |         267 |            267 |             279 |
| Praslin     | GPON          | Voice Only            |           1 |           1 |              1 |               1 |
| Praslin     | GPON          | Services Total        |        2011 |        1039 |           1039 |            1625 |
| Praslin     | HFC           | TV Only               |           2 |           2 |              2 |               2 |
| Praslin     | HFC           | Services Total        |           2 |           2 |              2 |               2 |
| Praslin     | Network Total | Services Total        |        2013 |        1041 |           1041 |            1627 |
| GRAND TOTAL | Network Total | Services Total        |       28794 |       17118 |          17037 |           23720 |
+-------------+---------------+-----------------------+-------------+-------------+----------------+-----------------+
41 rows in set (0.00 sec)

Query OK, 0 rows affected (0.01 sec)

Query OK, 28185 rows affected (0.37 sec)
Records: 28185  Duplicates: 0  Warnings: 0

Query OK, 0 rows affected (0.00 sec)

Query OK, 2312 rows affected (0.34 sec)
Records: 2312  Duplicates: 0  Warnings: 0

+--------------------------------------+
| message                              |
+--------------------------------------+
| running rcbill_my.sp_ActiveNumber2() |
+--------------------------------------+
1 row in set (0.00 sec)

Query OK, 365 rows affected (1 min 59.05 sec)

mysql> mysql \. C:\workspace\cloud\code\sql\_DailyScript\currenttime.sql
+---------------------+
| currenttime         |
+---------------------+
| 2021-10-04 16:40:14 |
+---------------------+
1 row in set (0.00 sec)

mysql> 
mysql> mysql \. C:\workspace\cloud\code\sql\_DailyScript\GetActiveNumbers Average -Pivot.sql
Database changed
+-------------------------------------+
| @today := subdate(current_date(),1) |
+-------------------------------------+
| 2021-10-03                          |
+-------------------------------------+
1 row in set (0.00 sec)

+-------------------------------------+
| @lastdayofmonth := last_day(@today) |
+-------------------------------------+
| 2021-10-31                          |
+-------------------------------------+
1 row in set (0.00 sec)

Query OK, 0 rows affected (0.01 sec)

Query OK, 50513 rows affected, 65535 warnings (1 min 4.64 sec)
Records: 50513  Duplicates: 0  Warnings: 103457

Query OK, 0 rows affected (0.10 sec)
Records: 0  Duplicates: 0  Warnings: 0

Query OK, 0 rows affected (0.13 sec)
Records: 0  Duplicates: 0  Warnings: 0

Query OK, 0 rows affected (0.11 sec)
Records: 0  Duplicates: 0  Warnings: 0

+-----------------+
| activenumberavg |
+-----------------+
|           50513 |
+-----------------+
1 row in set (0.01 sec)

Query OK, 0 rows affected (0.00 sec)

Query OK, 1986 rows affected (0.56 sec)
Records: 1986  Duplicates: 0  Warnings: 0

+---------------------+
| rep_activenumberavg |
+---------------------+
|                1986 |
+---------------------+
1 row in set (0.00 sec)

+----------------------+
| rep_activenumberavg1 |
+----------------------+
|                  926 |
+----------------------+
1 row in set (0.00 sec)

Query OK, 0 rows affected (0.00 sec)

Query OK, 2668 rows affected (0.45 sec)
Records: 2668  Duplicates: 0  Warnings: 0

Query OK, 0 rows affected (0.00 sec)

Query OK, 13784 rows affected (0.82 sec)
Records: 13784  Duplicates: 0  Warnings: 0

Query OK, 0 rows affected (0.00 sec)

Query OK, 238 rows affected (0.26 sec)
Records: 238  Duplicates: 0  Warnings: 0

Query OK, 0 rows affected (0.00 sec)

Query OK, 0 rows affected (0.01 sec)

Query OK, 0 rows affected (0.00 sec)

Query OK, 0 rows affected (0.00 sec)

Query OK, 0 rows affected (0.00 sec)
Statement prepared

Query OK, 53 rows affected (0.05 sec)
Records: 53  Duplicates: 0  Warnings: 0

Query OK, 0 rows affected (0.00 sec)

Query OK, 0 rows affected (0.00 sec)

+----------------------+
| rep_activenumberavg2 |
+----------------------+
|                 2668 |
+----------------------+
1 row in set (0.00 sec)

+------------------------+
| rep_activenumberavg_pv |
+------------------------+
|                     53 |
+------------------------+
1 row in set (0.00 sec)

Query OK, 0 rows affected (0.00 sec)

Query OK, 2666 rows affected (0.38 sec)
Records: 2666  Duplicates: 0  Warnings: 0

Query OK, 0 rows affected (0.00 sec)

Query OK, 0 rows affected (0.00 sec)

Query OK, 0 rows affected (0.00 sec)

Query OK, 0 rows affected (0.00 sec)

Query OK, 0 rows affected (0.00 sec)
Statement prepared

Query OK, 53 rows affected (0.05 sec)
Records: 53  Duplicates: 0  Warnings: 0

Query OK, 0 rows affected (0.00 sec)

Query OK, 0 rows affected (0.00 sec)

+-------------------------+
| rep_activenumberavgMahe |
+-------------------------+
|                    2666 |
+-------------------------+
1 row in set (0.00 sec)

+----------------------------+
| rep_activenumberavgMahe_pv |
+----------------------------+
|                         53 |
+----------------------------+
1 row in set (0.00 sec)

Query OK, 0 rows affected (0.00 sec)

Query OK, 1687 rows affected (0.17 sec)
Records: 1687  Duplicates: 0  Warnings: 0

Query OK, 0 rows affected (0.00 sec)

Query OK, 0 rows affected (0.00 sec)

Query OK, 0 rows affected (0.00 sec)

Query OK, 0 rows affected (0.00 sec)

Query OK, 0 rows affected (0.00 sec)
Statement prepared

Query OK, 40 rows affected (0.03 sec)
Records: 40  Duplicates: 0  Warnings: 0

Query OK, 0 rows affected (0.00 sec)

Query OK, 0 rows affected (0.00 sec)

+----------------------------+
| rep_activenumberavgPraslin |
+----------------------------+
|                       1687 |
+----------------------------+
1 row in set (0.00 sec)

+-------------------------------+
| rep_activenumberavgPraslin_pv |
+-------------------------------+
|                            40 |
+-------------------------------+
1 row in set (0.00 sec)

mysql> mysql \. C:\workspace\cloud\code\sql\_DailyScript\currenttime.sql
+---------------------+
| currenttime         |
+---------------------+
| 2021-10-04 16:41:22 |
+---------------------+
1 row in set (0.00 sec)

mysql> 
mysql> mysql \. C:\workspace\cloud\code\sql\Analysis\clients_contracts_creditpolicy_2.sql
Database changed
Query OK, 0 rows affected (0.00 sec)

Query OK, 1900145 rows affected (38.62 sec)
Records: 1900145  Duplicates: 0  Warnings: 0

Query OK, 0 rows affected (0.01 sec)

Query OK, 28208 rows affected (0.96 sec)
Records: 28208  Duplicates: 0  Warnings: 0

Query OK, 0 rows affected (0.01 sec)

Query OK, 28278 rows affected (7.71 sec)
Records: 28278  Duplicates: 0  Warnings: 0

+-------------------------+
| rep_cust_cont_creditpol |
+-------------------------+
|                   28278 |
+-------------------------+
1 row in set (0.01 sec)

mysql> mysql \. C:\workspace\cloud\code\sql\_DailyScript\currenttime.sql
+---------------------+
| currenttime         |
+---------------------+
| 2021-10-04 16:42:09 |
+---------------------+
1 row in set (0.00 sec)

mysql> 
mysql> 
mysql> 
mysql> 
mysql> 
mysql> 
mysql> 
mysql> 
mysql> 
mysql> 
mysql> 
mysql> 
mysql> 
mysql> 
mysql> 
mysql> 
mysql> 
mysql> 
mysql> 
mysql> 
mysql> 
mysql> 
mysql> 
mysql> 
mysql> 
mysql> 
mysql> 
mysql> exit
