    -> 
    -> mysql \. C:\workspace\cloud\code\sql\_DailyScript\_setdates.sql
Database changed
Query OK, 0 rows affected (0.00 sec)

Query OK, 0 rows affected (0.00 sec)

Query OK, 0 rows affected (0.00 sec)

Query OK, 0 rows affected (0.00 sec)

Query OK, 0 rows affected (0.00 sec)

Query OK, 0 rows affected (0.00 sec)

Query OK, 0 rows affected (0.00 sec)

Query OK, 0 rows affected (0.00 sec)

Query OK, 0 rows affected (0.00 sec)

Query OK, 0 rows affected (0.00 sec)

Query OK, 0 rows affected (0.00 sec)

Query OK, 0 rows affected (0.00 sec)

Query OK, 0 rows affected (0.00 sec)

Query OK, 0 rows affected (0.00 sec)

Query OK, 0 rows affected (0.00 sec)

Query OK, 0 rows affected (0.00 sec)

Query OK, 0 rows affected (0.00 sec)

Query OK, 0 rows affected (0.00 sec)

Query OK, 0 rows affected (0.00 sec)

Query OK, 0 rows affected (0.00 sec)

Query OK, 0 rows affected (0.00 sec)

mysql> mysql \. C:\workspace\cloud\code\sql\_DailyScript\currenttime.sql
+---------------------+
| currenttime         |
+---------------------+
| 2020-11-07 08:35:10 |
+---------------------+
1 row in set (0.00 sec)

mysql> 
mysql> mysql \. C:\workspace\cloud\code\sql\_DailyScript\load_RCB_VODTITLES.sql
Database changed
Query OK, 0 rows affected (0.00 sec)

Query OK, 13359 rows affected (0.13 sec)

Query OK, 13361 rows affected, 13361 warnings (0.33 sec)
Records: 13361  Deleted: 0  Skipped: 0  Warnings: 13361

Query OK, 0 rows affected (0.00 sec)

Query OK, 2 rows affected (0.01 sec)

+-----------+
| VODTITLES |
+-----------+
|     13819 |
+-----------+
1 row in set (0.01 sec)

+-----------+-----------+
| titletype | typecount |
+-----------+-----------+
| E         |     11257 |
| N         |       236 |
| T         |      1866 |
| NULL      |     13359 |
+-----------+-----------+
4 rows in set (0.04 sec)

mysql> mysql \. C:\workspace\cloud\code\sql\_DailyScript\currenttime.sql
+---------------------+
| currenttime         |
+---------------------+
| 2020-11-07 08:35:11 |
+---------------------+
1 row in set (0.00 sec)

mysql> 
mysql> mysql \. C:\workspace\cloud\code\sql\_DailyScript\DAILY-SCRIPT-LIVETV-STATS.sql
Database changed
Query OK, 0 rows affected (0.01 sec)

Query OK, 100442 rows affected (1.08 sec)
Records: 100442  Duplicates: 0  Warnings: 0

+------------+------------+----------+--------------+--------------+-----------+-------------+----------+--------+------+------------+---------+---------------+
| Table      | Non_unique | Key_name | Seq_in_index | Column_name  | Collation | Cardinality | Sub_part | Packed | Null | Index_type | Comment | Index_comment |
+------------+------------+----------+--------------+--------------+-----------+-------------+----------+--------+------+------------+---------+---------------+
| templivetv |          1 | idxtv1   |            1 | device       | A         |      100103 |     NULL | NULL   | YES  | BTREE      |         |               |
| templivetv |          1 | idxtv2   |            1 | sessionstart | A         |      100103 |     NULL | NULL   | YES  | BTREE      |         |               |
+------------+------------+----------+--------------+--------------+-----------+-------------+----------+--------+------+------------+---------+---------------+
2 rows in set (0.00 sec)

Query OK, 100287 rows affected (14.34 sec)
Records: 100287  Duplicates: 0  Warnings: 0

Query OK, 2677 rows affected (0.70 sec)
Records: 2677  Duplicates: 0  Warnings: 0

Query OK, 0 rows affected (0.00 sec)

Query OK, 0 rows affected (0.00 sec)

Query OK, 133 rows affected (0.04 sec)
Records: 133  Duplicates: 0  Warnings: 0

Query OK, 0 rows affected (0.01 sec)

Query OK, 41639 rows affected (2 min 4.73 sec)
Records: 41639  Duplicates: 0  Warnings: 0

+-----------------+
| rep_livetvstats |
+-----------------+
|           41639 |
+-----------------+
1 row in set (0.02 sec)

mysql> mysql \. C:\workspace\cloud\code\sql\_DailyScript\currenttime.sql
+---------------------+
| currenttime         |
+---------------------+
| 2020-11-07 08:37:32 |
+---------------------+
1 row in set (0.00 sec)

mysql> 
mysql> mysql \. C:\workspace\cloud\code\sql\_DailyScript\DAILY-SCRIPT-VODTS-STATS.sql
Database changed
Query OK, 0 rows affected (0.01 sec)

Query OK, 3292 rows affected (13.76 sec)
Records: 3292  Duplicates: 0  Warnings: 0

+---------+------------+----------+--------------+--------------+-----------+-------------+----------+--------+------+------------+---------+---------------+
| Table   | Non_unique | Key_name | Seq_in_index | Column_name  | Collation | Cardinality | Sub_part | Packed | Null | Index_type | Comment | Index_comment |
+---------+------------+----------+--------------+--------------+-----------+-------------+----------+--------+------+------------+---------+---------------+
| tempvod |          1 | idxtvod1 |            1 | device       | A         |        3361 |     NULL | NULL   | YES  | BTREE      |         |               |
| tempvod |          1 | idxtvod2 |            1 | sessionstart | A         |        3361 |     NULL | NULL   | YES  | BTREE      |         |               |
+---------+------------+----------+--------------+--------------+-----------+-------------+----------+--------+------+------------+---------+---------------+
2 rows in set (0.00 sec)

Query OK, 3292 rows affected (2.79 sec)
Records: 3292  Duplicates: 0  Warnings: 0

Query OK, 0 rows affected (0.01 sec)

Query OK, 864464 rows affected (1 min 8.61 sec)
Records: 864464  Duplicates: 0  Warnings: 0

+--------------+
| rep_vodstats |
+--------------+
|       864464 |
+--------------+
1 row in set (0.25 sec)

Database changed
Query OK, 0 rows affected (0.01 sec)

Query OK, 15953 rows affected (39.31 sec)
Records: 15953  Duplicates: 0  Warnings: 0

+--------+------------+----------+--------------+--------------+-----------+-------------+----------+--------+------+------------+---------+---------------+
| Table  | Non_unique | Key_name | Seq_in_index | Column_name  | Collation | Cardinality | Sub_part | Packed | Null | Index_type | Comment | Index_comment |
+--------+------------+----------+--------------+--------------+-----------+-------------+----------+--------+------+------------+---------+---------------+
| tempts |          1 | idxtts1  |            1 | device       | A         |       16102 |     NULL | NULL   | YES  | BTREE      |         |               |
| tempts |          1 | idxtts2  |            1 | sessionstart | A         |       16102 |     NULL | NULL   | YES  | BTREE      |         |               |
+--------+------------+----------+--------------+--------------+-----------+-------------+----------+--------+------+------------+---------+---------------+
2 rows in set (0.00 sec)

Query OK, 15941 rows affected (12.29 sec)
Records: 15941  Duplicates: 0  Warnings: 0

Query OK, 0 rows affected (0.01 sec)

Query OK, 40628 rows affected (39.14 sec)
Records: 40628  Duplicates: 0  Warnings: 0

+-------------+
| rep_tsstats |
+-------------+
|       40628 |
+-------------+
1 row in set (0.01 sec)

mysql> mysql \. C:\workspace\cloud\code\sql\_DailyScript\currenttime.sql
+---------------------+
| currenttime         |
+---------------------+
| 2020-11-07 08:40:28 |
+---------------------+
1 row in set (0.00 sec)

mysql> 
mysql> mysql \. C:\workspace\cloud\code\sql\_DailyScript\DAILY-SCRIPT-RADIO-STATS.sql
Database changed
Query OK, 0 rows affected (0.01 sec)

Query OK, 320077 rows affected (3.52 sec)
Records: 320077  Duplicates: 0  Warnings: 0

+-----------+------------+----------+--------------+--------------+-----------+-------------+----------+--------+------+------------+---------+---------------+
| Table     | Non_unique | Key_name | Seq_in_index | Column_name  | Collation | Cardinality | Sub_part | Packed | Null | Index_type | Comment | Index_comment |
+-----------+------------+----------+--------------+--------------+-----------+-------------+----------+--------+------+------------+---------+---------------+
| tempradio |          1 | idxtrad1 |            1 | device       | A         |      321598 |     NULL | NULL   | YES  | BTREE      |         |               |
| tempradio |          1 | idxtrad2 |            1 | sessionstart | A         |      321598 |     NULL | NULL   | YES  | BTREE      |         |               |
+-----------+------------+----------+--------------+--------------+-----------+-------------+----------+--------+------+------------+---------+---------------+
2 rows in set (0.00 sec)

Query OK, 341 rows affected (1.34 sec)
Records: 341  Duplicates: 0  Warnings: 0

Query OK, 0 rows affected (0.01 sec)

Query OK, 5454 rows affected (0.41 sec)
Records: 5454  Duplicates: 0  Warnings: 0

+----------------+
| rep_radiostats |
+----------------+
|           5454 |
+----------------+
1 row in set (0.01 sec)

mysql> mysql \. C:\workspace\cloud\code\sql\_DailyScript\currenttime.sql
+---------------------+
| currenttime         |
+---------------------+
| 2020-11-07 08:40:33 |
+---------------------+
1 row in set (0.00 sec)

mysql> 
mysql> mysql \. C:\workspace\cloud\code\sql\_DailyScript\DAILY_SCRIPT_TELEMETRY_PIVOT_2020.sql
Query OK, 0 rows affected (0.02 sec)

Query OK, 146 rows affected (0.18 sec)
Records: 146  Duplicates: 0  Warnings: 0

Query OK, 0 rows affected (0.00 sec)

Query OK, 10829 rows affected (2.78 sec)
Records: 10829  Duplicates: 0  Warnings: 0

Query OK, 0 rows affected (0.01 sec)

Query OK, 8 rows affected (0.02 sec)
Records: 8  Duplicates: 0  Warnings: 0

Query OK, 0 rows affected (0.01 sec)

Query OK, 47 rows affected (0.07 sec)
Records: 47  Duplicates: 0  Warnings: 0

mysql> mysql \. C:\workspace\cloud\code\sql\_DailyScript\currenttime.sql
+---------------------+
| currenttime         |
+---------------------+
| 2020-11-07 08:40:36 |
+---------------------+
1 row in set (0.00 sec)

mysql> 
mysql> mysql \. C:\workspace\cloud\code\sql\_DailyScript\telemetry_livetv_ranking2020.sql
Query OK, 0 rows affected (0.01 sec)

Query OK, 146 rows affected (0.02 sec)
Records: 146  Duplicates: 0  Warnings: 0

mysql> mysql \. C:\workspace\cloud\code\sql\_DailyScript\currenttime.sql
+---------------------+
| currenttime         |
+---------------------+
| 2020-11-07 08:40:36 |
+---------------------+
1 row in set (0.00 sec)

mysql> 
mysql> mysql \. C:\workspace\cloud\code\sql\_DailyScript\telemetry_radio_ranking2020.sql
Query OK, 0 rows affected (0.01 sec)

Query OK, 8 rows affected (0.01 sec)
Records: 8  Duplicates: 0  Warnings: 0

mysql> mysql \. C:\workspace\cloud\code\sql\_DailyScript\currenttime.sql
+---------------------+
| currenttime         |
+---------------------+
| 2020-11-07 08:40:36 |
+---------------------+
1 row in set (0.00 sec)

mysql> 
mysql> mysql \. C:\workspace\cloud\code\sql\_DailyScript\telemetry_ts_ranking2020.sql
Query OK, 0 rows affected (0.01 sec)

Query OK, 47 rows affected (0.01 sec)
Records: 47  Duplicates: 0  Warnings: 0

mysql> mysql \. C:\workspace\cloud\code\sql\_DailyScript\currenttime.sql
+---------------------+
| currenttime         |
+---------------------+
| 2020-11-07 08:40:36 |
+---------------------+
1 row in set (0.00 sec)

mysql> 
mysql> mysql \. C:\workspace\cloud\code\sql\_DailyScript\telemetry_vod_ranking2020.sql
Query OK, 0 rows affected (0.01 sec)

Query OK, 10829 rows affected (0.51 sec)
Records: 10829  Duplicates: 0  Warnings: 0

mysql> mysql \. C:\workspace\cloud\code\sql\_DailyScript\currenttime.sql
+---------------------+
| currenttime         |
+---------------------+
| 2020-11-07 08:40:37 |
+---------------------+
1 row in set (0.00 sec)

mysql> 
mysql> mysql \. C:\workspace\cloud\code\sql\_DailyScript\telemetry_vod_ranking2020_1.sql
Query OK, 0 rows affected (0.01 sec)

Query OK, 10829 rows affected (0.23 sec)
Records: 10829  Duplicates: 0  Warnings: 0

mysql> mysql \. C:\workspace\cloud\code\sql\_DailyScript\currenttime.sql
+---------------------+
| currenttime         |
+---------------------+
| 2020-11-07 08:40:37 |
+---------------------+
1 row in set (0.00 sec)

mysql> 
mysql> mysql \. C:\workspace\cloud\code\sql\_DailyScript\telemetry_vod_ranking2020_2.sql
Query OK, 0 rows affected (0.00 sec)

Query OK, 10829 rows affected (0.23 sec)
Records: 10829  Duplicates: 0  Warnings: 0

mysql> mysql \. C:\workspace\cloud\code\sql\_DailyScript\currenttime.sql
+---------------------+
| currenttime         |
+---------------------+
| 2020-11-07 08:40:37 |
+---------------------+
1 row in set (0.00 sec)

mysql> 
mysql> mysql \. C:\workspace\cloud\code\sql\_DailyScript\DAILY-SCRIPT-CREATE-LOAD.sql
Database changed
Database changed
Query OK, 0 rows affected (0.00 sec)

Query OK, 0 rows affected (0.01 sec)

Database changed
Query OK, 67298 rows affected (2.41 sec)
Records: 67298  Deleted: 0  Skipped: 0  Warnings: 0

Query OK, 0 rows affected (0.13 sec)
Records: 0  Duplicates: 0  Warnings: 0

Query OK, 0 rows affected (0.22 sec)
Records: 0  Duplicates: 0  Warnings: 0

Query OK, 0 rows affected (0.23 sec)
Records: 0  Duplicates: 0  Warnings: 0

Query OK, 0 rows affected (0.21 sec)
Records: 0  Duplicates: 0  Warnings: 0

+---------+
| clients |
+---------+
|   67298 |
+---------+
1 row in set (0.02 sec)

Query OK, 0 rows affected (0.01 sec)

Query OK, 13636 rows affected (6.19 sec)
Records: 13636  Duplicates: 0  Warnings: 0

Query OK, 0 rows affected (0.05 sec)
Records: 0  Duplicates: 0  Warnings: 0

+-------------------+
| rcb_clientparcels |
+-------------------+
|             13636 |
+-------------------+
1 row in set (0.01 sec)

Query OK, 0 rows affected (0.00 sec)

Query OK, 81053 rows affected (3.13 sec)
Records: 81053  Duplicates: 0  Warnings: 0

Query OK, 0 rows affected (0.25 sec)
Records: 0  Duplicates: 0  Warnings: 0

Query OK, 0 rows affected (0.01 sec)

Query OK, 67298 rows affected (35.89 sec)
Records: 67298  Duplicates: 0  Warnings: 0

Query OK, 0 rows affected (0.20 sec)
Records: 0  Duplicates: 0  Warnings: 0

Query OK, 0 rows affected (0.21 sec)
Records: 0  Duplicates: 0  Warnings: 0

Query OK, 0 rows affected (0.16 sec)
Records: 0  Duplicates: 0  Warnings: 0

+---------------+
| clientaddress |
+---------------+
|         67298 |
+---------------+
1 row in set (0.02 sec)

Database changed
Query OK, 0 rows affected (0.02 sec)

Query OK, 0 rows affected (0.00 sec)

Database changed
Query OK, 529620 rows affected, 65535 warnings (14.95 sec)
Records: 529620  Deleted: 0  Skipped: 0  Warnings: 217511

Query OK, 0 rows affected (2.51 sec)
Records: 0  Duplicates: 0  Warnings: 0

Query OK, 0 rows affected (2.35 sec)
Records: 0  Duplicates: 0  Warnings: 0

Query OK, 0 rows affected (1.51 sec)
Records: 0  Duplicates: 0  Warnings: 0

Query OK, 0 rows affected (0.03 sec)

Query OK, 529620 rows affected (40.74 sec)
Records: 529620  Duplicates: 0  Warnings: 0

Query OK, 0 rows affected (1.72 sec)
Records: 0  Duplicates: 0  Warnings: 0

Query OK, 0 rows affected (1.30 sec)
Records: 0  Duplicates: 0  Warnings: 0

+-----------+
| contracts |
+-----------+
|    529620 |
+-----------+
1 row in set (0.16 sec)

+-----------------+
| contractaddress |
+-----------------+
|          529620 |
+-----------------+
1 row in set (0.14 sec)

Database changed
Query OK, 0 rows affected (0.01 sec)

Query OK, 0 rows affected (0.01 sec)

Query OK, 7622 rows affected (0.19 sec)
Records: 7622  Deleted: 0  Skipped: 0  Warnings: 0

Query OK, 0 rows affected (0.01 sec)

Query OK, 7590 rows affected (0.94 sec)
Records: 7590  Duplicates: 0  Warnings: 0

Query OK, 0 rows affected (0.03 sec)
Records: 0  Duplicates: 0  Warnings: 0

Query OK, 0 rows affected (0.03 sec)
Records: 0  Duplicates: 0  Warnings: 0

Query OK, 0 rows affected (0.03 sec)
Records: 0  Duplicates: 0  Warnings: 0

Query OK, 0 rows affected (0.01 sec)

Query OK, 5811 rows affected (0.07 sec)
Records: 5811  Duplicates: 0  Warnings: 0

Query OK, 0 rows affected (0.03 sec)
Records: 0  Duplicates: 0  Warnings: 0

+-------------------+
| contractdiscounts |
+-------------------+
|              7622 |
+-------------------+
1 row in set (0.00 sec)

+-------------------------+
| clientcontractdiscounts |
+-------------------------+
|                    7590 |
+-------------------------+
1 row in set (0.00 sec)

+----------------------------+
| clientcontractlastdiscount |
+----------------------------+
|                       5811 |
+----------------------------+
1 row in set (0.00 sec)

Database changed
Query OK, 0 rows affected (0.02 sec)

Query OK, 0 rows affected (0.00 sec)

Database changed
Query OK, 141155 rows affected, 8 warnings (2.56 sec)
Records: 141155  Deleted: 0  Skipped: 0  Warnings: 8

Query OK, 0 rows affected (0.26 sec)
Records: 0  Duplicates: 0  Warnings: 0

Query OK, 0 rows affected (0.31 sec)
Records: 0  Duplicates: 0  Warnings: 0

Query OK, 0 rows affected (0.26 sec)
Records: 0  Duplicates: 0  Warnings: 0

Query OK, 0 rows affected (0.31 sec)
Records: 0  Duplicates: 0  Warnings: 0

Query OK, 0 rows affected (0.36 sec)
Records: 0  Duplicates: 0  Warnings: 0

Query OK, 0 rows affected (0.54 sec)
Records: 0  Duplicates: 0  Warnings: 0

Query OK, 0 rows affected (0.07 sec)

Query OK, 1803447 rows affected (3 min 50.63 sec)
Records: 1803447  Duplicates: 0  Warnings: 0

Query OK, 0 rows affected (4.42 sec)
Records: 0  Duplicates: 0  Warnings: 0

+---------+
| devices |
+---------+
|  141155 |
+---------+
1 row in set (0.05 sec)

+-----------------------+
| clientcontractdevices |
+-----------------------+
|               1803447 |
+-----------------------+
1 row in set (0.66 sec)

Query OK, 0 rows affected (0.01 sec)

Query OK, 141072 rows affected (6.05 sec)
Records: 141072  Duplicates: 0  Warnings: 0

+---------------------------+
| rep_clientcontractdevices |
+---------------------------+
|                    141072 |
+---------------------------+
1 row in set (0.04 sec)

Database changed
Query OK, 0 rows affected (0.02 sec)

Query OK, 0 rows affected (0.01 sec)

Query OK, 303583 rows affected (6.82 sec)
Records: 303583  Deleted: 0  Skipped: 0  Warnings: 0

Query OK, 0 rows affected (0.77 sec)
Records: 0  Duplicates: 0  Warnings: 0

Query OK, 0 rows affected (0.70 sec)
Records: 0  Duplicates: 0  Warnings: 0

Query OK, 0 rows affected (0.64 sec)
Records: 0  Duplicates: 0  Warnings: 0

Query OK, 0 rows affected (0.55 sec)
Records: 0  Duplicates: 0  Warnings: 0

+---------+
| tickets |
+---------+
|  303583 |
+---------+
1 row in set (0.08 sec)

Database changed
Query OK, 0 rows affected (0.01 sec)

Query OK, 0 rows affected (0.01 sec)

Empty set (0.00 sec)

Query OK, 0 rows affected (0.02 sec)
Records: 0  Duplicates: 0  Warnings: 0

Query OK, 368 rows affected, 2 warnings (0.03 sec)
Records: 368  Deleted: 0  Skipped: 0  Warnings: 2

+-----------------+
| tickettechusers |
+-----------------+
|             368 |
+-----------------+
1 row in set (0.00 sec)

Database changed
Query OK, 0 rows affected (0.01 sec)

Query OK, 0 rows affected (0.01 sec)

Query OK, 0 rows affected (0.02 sec)
Records: 0  Duplicates: 0  Warnings: 0

Query OK, 666649 rows affected, 47945 warnings (11.00 sec)
Records: 666649  Deleted: 0  Skipped: 0  Warnings: 47945

+-------------------+
| ticketassignments |
+-------------------+
|            666649 |
+-------------------+
1 row in set (0.18 sec)

Database changed
Query OK, 0 rows affected (0.02 sec)

Query OK, 0 rows affected (0.01 sec)

Query OK, 1349588 rows affected (15.22 sec)
Records: 1349588  Deleted: 0  Skipped: 0  Warnings: 0

Query OK, 0 rows affected (4.02 sec)
Records: 0  Duplicates: 0  Warnings: 0

Query OK, 0 rows affected (2.91 sec)
Records: 0  Duplicates: 0  Warnings: 0

Query OK, 0 rows affected (2.63 sec)
Records: 0  Duplicates: 0  Warnings: 0

Query OK, 0 rows affected (2.96 sec)
Records: 0  Duplicates: 0  Warnings: 0

+----------------+
| ticketcomments |
+----------------+
|        1349588 |
+----------------+
1 row in set (0.36 sec)

Database changed
Query OK, 0 rows affected (0.02 sec)

Query OK, 0 rows affected (0.01 sec)

Query OK, 465237 rows affected (34.23 sec)
Records: 465237  Deleted: 0  Skipped: 0  Warnings: 0

Query OK, 0 rows affected (2.20 sec)
Records: 0  Duplicates: 0  Warnings: 0

+----------+
| comments |
+----------+
|   465237 |
+----------+
1 row in set (0.14 sec)

Database changed
Query OK, 0 rows affected (0.03 sec)

Query OK, 0 rows affected (0.00 sec)

Query OK, 1485344 rows affected, 65535 warnings (1 min 12.08 sec)
Records: 1485344  Deleted: 0  Skipped: 0  Warnings: 1485379

Query OK, 0 rows affected (4.55 sec)
Records: 0  Duplicates: 0  Warnings: 0

Query OK, 0 rows affected (3.66 sec)
Records: 0  Duplicates: 0  Warnings: 0

Query OK, 0 rows affected (3.62 sec)
Records: 0  Duplicates: 0  Warnings: 0

Query OK, 0 rows affected (3.60 sec)
Records: 0  Duplicates: 0  Warnings: 0

Query OK, 0 rows affected (5.16 sec)
Records: 0  Duplicates: 0  Warnings: 0

+------------+
| devicesold |
+------------+
|    1485344 |
+------------+
1 row in set (0.41 sec)

Database changed
Query OK, 0 rows affected (0.02 sec)

Query OK, 0 rows affected (0.01 sec)

Query OK, 1796794 rows affected (23.65 sec)
Records: 1796794  Deleted: 0  Skipped: 0  Warnings: 0

Query OK, 0 rows affected (5.00 sec)
Records: 0  Duplicates: 0  Warnings: 0

Query OK, 0 rows affected (4.15 sec)
Records: 0  Duplicates: 0  Warnings: 0

Query OK, 0 rows affected (4.20 sec)
Records: 0  Duplicates: 0  Warnings: 0

+------------------+
| contractservices |
+------------------+
|          1796794 |
+------------------+
1 row in set (0.50 sec)

Database changed
Query OK, 0 rows affected (0.05 sec)

Query OK, 0 rows affected (0.01 sec)

Query OK, 4353010 rows affected (1 min 48.56 sec)
Records: 4353010  Deleted: 0  Skipped: 0  Warnings: 0

Query OK, 0 rows affected (11.84 sec)
Records: 0  Duplicates: 0  Warnings: 0

Query OK, 0 rows affected (14.62 sec)
Records: 0  Duplicates: 0  Warnings: 0

Query OK, 0 rows affected (11.44 sec)
Records: 0  Duplicates: 0  Warnings: 0

Query OK, 0 rows affected (11.12 sec)
Records: 0  Duplicates: 0  Warnings: 0

+------------------+
| invoicescontents |
+------------------+
|          4353010 |
+------------------+
1 row in set (1.21 sec)

Database changed
Query OK, 0 rows affected (0.07 sec)

Query OK, 0 rows affected (0.00 sec)

Query OK, 3066994 rows affected (2 min 50.06 sec)
Records: 3066994  Deleted: 0  Skipped: 0  Warnings: 0

Query OK, 0 rows affected (12.20 sec)
Records: 0  Duplicates: 0  Warnings: 0

Query OK, 0 rows affected (11.76 sec)
Records: 0  Duplicates: 0  Warnings: 0

Query OK, 0 rows affected (9.90 sec)
Records: 0  Duplicates: 0  Warnings: 0

Query OK, 0 rows affected (12.45 sec)
Records: 0  Duplicates: 0  Warnings: 0

Query OK, 0 rows affected (10.78 sec)
Records: 0  Duplicates: 0  Warnings: 0

+----------------+
| invoicesheader |
+----------------+
|        3066994 |
+----------------+
1 row in set (0.86 sec)

Database changed
Query OK, 0 rows affected (0.04 sec)

Query OK, 0 rows affected (0.01 sec)

Query OK, 3095342 rows affected (1 min 19.89 sec)
Records: 3095342  Deleted: 0  Skipped: 0  Warnings: 0

Query OK, 0 rows affected (10.75 sec)
Records: 0  Duplicates: 0  Warnings: 0

Query OK, 0 rows affected (7.24 sec)
Records: 0  Duplicates: 0  Warnings: 0

Query OK, 0 rows affected (7.80 sec)
Records: 0  Duplicates: 0  Warnings: 0

Query OK, 0 rows affected (7.51 sec)
Records: 0  Duplicates: 0  Warnings: 0

+---------+
| casa    |
+---------+
| 3095342 |
+---------+
1 row in set (0.85 sec)

Query OK, 0 rows affected (0.01 sec)

Query OK, 15107 rows affected (1 min 17.97 sec)
Records: 15107  Duplicates: 0  Warnings: 0

+--------------------+
| rep_paycol_channel |
+--------------------+
|              15107 |
+--------------------+
1 row in set (0.01 sec)

Query OK, 0 rows affected (0.01 sec)

Query OK, 11144 rows affected (1 min 36.09 sec)
Records: 11144  Duplicates: 0  Warnings: 0

+----------------+
| rep_paycol_pos |
+----------------+
|          11144 |
+----------------+
1 row in set (0.00 sec)

Database changed
Query OK, 0 rows affected (0.01 sec)

Query OK, 0 rows affected (0.02 sec)

Database changed
Query OK, 39708 rows affected (0.85 sec)
Records: 39708  Deleted: 0  Skipped: 0  Warnings: 0

+-------+
| users |
+-------+
| 39708 |
+-------+
1 row in set (0.01 sec)

Query OK, 0 rows affected (0.08 sec)
Records: 0  Duplicates: 0  Warnings: 0

Database changed
Query OK, 0 rows affected (0.03 sec)

Query OK, 0 rows affected (0.01 sec)

Query OK, 1872898 rows affected, 2 warnings (27.96 sec)
Records: 1872898  Deleted: 0  Skipped: 0  Warnings: 2

Query OK, 0 rows affected (5.02 sec)
Records: 0  Duplicates: 0  Warnings: 0

Query OK, 0 rows affected (5.39 sec)
Records: 0  Duplicates: 0  Warnings: 0

Query OK, 0 rows affected (4.01 sec)
Records: 0  Duplicates: 0  Warnings: 0

Query OK, 0 rows affected (4.17 sec)
Records: 0  Duplicates: 0  Warnings: 0

Query OK, 0 rows affected (3.95 sec)
Records: 0  Duplicates: 0  Warnings: 0

+-------------+
| useractions |
+-------------+
|     1872898 |
+-------------+
1 row in set (0.51 sec)

Database changed
Query OK, 0 rows affected (0.09 sec)

Query OK, 0 rows affected (0.01 sec)

Database changed
Query OK, 24673312 rows affected (4 min 23.92 sec)
Records: 24673312  Deleted: 0  Skipped: 0  Warnings: 0

Query OK, 0 rows affected (1 min 5.96 sec)
Records: 0  Duplicates: 0  Warnings: 0

Query OK, 0 rows affected (1 min 2.25 sec)
Records: 0  Duplicates: 0  Warnings: 0

Query OK, 0 rows affected (1 min 3.20 sec)
Records: 0  Duplicates: 0  Warnings: 0

Query OK, 0 rows affected (56.15 sec)
Records: 0  Duplicates: 0  Warnings: 0

Query OK, 0 rows affected (1 min 11.64 sec)
Records: 0  Duplicates: 0  Warnings: 0

+----------+
| ipusage1 |
+----------+
| 24673312 |
+----------+
1 row in set (8.00 sec)

Query OK, 0 rows affected (0.13 sec)

Query OK, 24936182 rows affected, 65535 warnings (12 min 3.52 sec)
Records: 24936182  Duplicates: 0  Warnings: 24929608

Query OK, 0 rows affected (1 min 8.98 sec)
Records: 0  Duplicates: 0  Warnings: 0

Query OK, 0 rows affected (1 min 8.29 sec)
Records: 0  Duplicates: 0  Warnings: 0

Query OK, 0 rows affected (1 min 8.54 sec)
Records: 0  Duplicates: 0  Warnings: 0

Query OK, 0 rows affected (1 min 0.51 sec)
Records: 0  Duplicates: 0  Warnings: 0

Query OK, 0 rows affected (1 min 37.93 sec)
Records: 0  Duplicates: 0  Warnings: 0

Query OK, 0 rows affected (1 min 42.29 sec)
Records: 0  Duplicates: 0  Warnings: 0

Query OK, 0 rows affected (1 min 35.43 sec)
Records: 0  Duplicates: 0  Warnings: 0

Query OK, 0 rows affected (1 min 5.43 sec)
Records: 0  Duplicates: 0  Warnings: 0

+----------+
| ipusage  |
+----------+
| 24936182 |
+----------+
1 row in set (8.79 sec)

Query OK, 0 rows affected (0.05 sec)

Query OK, 6140614 rows affected (6 min 7.41 sec)
Records: 6140614  Duplicates: 0  Warnings: 0

Query OK, 0 rows affected (19.90 sec)
Records: 0  Duplicates: 0  Warnings: 0

Query OK, 0 rows affected (15.11 sec)
Records: 0  Duplicates: 0  Warnings: 0

Query OK, 0 rows affected (20.24 sec)
Records: 0  Duplicates: 0  Warnings: 0

Query OK, 0 rows affected (25.08 sec)
Records: 0  Duplicates: 0  Warnings: 0

Query OK, 0 rows affected (19.59 sec)
Records: 0  Duplicates: 0  Warnings: 0

+------------------+
| clientcontractip |
+------------------+
|          6140614 |
+------------------+
1 row in set (1.81 sec)

Query OK, 0 rows affected (0.03 sec)

Query OK, 510387 rows affected (44.10 sec)
Records: 510387  Duplicates: 0  Warnings: 0

Query OK, 0 rows affected (1.63 sec)
Records: 0  Duplicates: 0  Warnings: 0

Query OK, 0 rows affected (1.46 sec)
Records: 0  Duplicates: 0  Warnings: 0

Query OK, 0 rows affected (1.80 sec)
Records: 0  Duplicates: 0  Warnings: 0

Query OK, 0 rows affected (0.88 sec)
Records: 0  Duplicates: 0  Warnings: 0

Query OK, 0 rows affected (0.89 sec)
Records: 0  Duplicates: 0  Warnings: 0

Query OK, 0 rows affected (0.96 sec)
Records: 0  Duplicates: 0  Warnings: 0

Query OK, 0 rows affected (1.00 sec)
Records: 0  Duplicates: 0  Warnings: 0

+-----------------------+
| clientcontractipmonth |
+-----------------------+
|                510387 |
+-----------------------+
1 row in set (0.15 sec)

Query OK, 0 rows affected (0.05 sec)

Query OK, 1796564 rows affected (57.80 sec)
Records: 1796564  Duplicates: 0  Warnings: 0

Query OK, 0 rows affected (7.47 sec)
Records: 0  Duplicates: 0  Warnings: 0

Query OK, 0 rows affected (3.78 sec)
Records: 0  Duplicates: 0  Warnings: 0

Query OK, 0 rows affected (5.16 sec)
Records: 0  Duplicates: 0  Warnings: 0

+------------------------------+
| contractsservicepackageprice |
+------------------------------+
|                      1796564 |
+------------------------------+
1 row in set (0.49 sec)

Query OK, 0 rows affected (0.04 sec)

Query OK, 1796997 rows affected (2 min 6.73 sec)
Records: 1796997  Duplicates: 0  Warnings: 0

Query OK, 0 rows affected (8.39 sec)
Records: 0  Duplicates: 0  Warnings: 0

Query OK, 0 rows affected (8.02 sec)
Records: 0  Duplicates: 0  Warnings: 0

Query OK, 0 rows affected (4.81 sec)
Records: 0  Duplicates: 0  Warnings: 0

Query OK, 0 rows affected (7.01 sec)
Records: 0  Duplicates: 0  Warnings: 0

+------------------------------------+
| clientcontractsservicepackageprice |
+------------------------------------+
|                            1796997 |
+------------------------------------+
1 row in set (0.50 sec)

mysql> mysql \. C:\workspace\cloud\code\sql\_DailyScript\currenttime.sql
+---------------------+
| currenttime         |
+---------------------+
| 2020-11-07 09:47:27 |
+---------------------+
1 row in set (0.00 sec)

mysql> 
mysql> mysql \. C:\workspace\cloud\code\sql\_DailyScript\ticket_analysis.sql
Database changed
Query OK, 0 rows affected (0.03 sec)

Query OK, 710549 rows affected (22.97 sec)
Records: 710549  Duplicates: 0  Warnings: 0

Query OK, 0 rows affected (4.54 sec)
Records: 0  Duplicates: 0  Warnings: 0

Query OK, 0 rows affected (1.96 sec)
Records: 0  Duplicates: 0  Warnings: 0

Query OK, 0 rows affected (1.89 sec)
Records: 0  Duplicates: 0  Warnings: 0

Query OK, 0 rows affected (0.01 sec)

Query OK, 22783 rows affected (12.27 sec)
Records: 22783  Duplicates: 0  Warnings: 0

Query OK, 0 rows affected, 1 warning (0.00 sec)

Query OK, 100892 rows affected (6.96 sec)
Records: 100892  Duplicates: 0  Warnings: 0

Query OK, 0 rows affected, 1 warning (0.00 sec)

Query OK, 516774 rows affected (13.86 sec)
Records: 516774  Duplicates: 0  Warnings: 0

Query OK, 0 rows affected, 1 warning (0.00 sec)

Query OK, 516774 rows affected (14.11 sec)
Records: 516774  Duplicates: 0  Warnings: 0

Query OK, 0 rows affected (0.02 sec)

Query OK, 100984 rows affected (6.18 sec)
Records: 100984  Duplicates: 0  Warnings: 0

Database changed
Query OK, 0 rows affected (0.00 sec)

Query OK, 0 rows affected (0.01 sec)

Query OK, 710549 rows affected (22.90 sec)
Records: 710549  Duplicates: 0  Warnings: 0

Query OK, 0 rows affected (0.01 sec)

Query OK, 359198 rows affected (15.94 sec)
Records: 359198  Duplicates: 0  Warnings: 0

+--------------------------+
| clientticket_cmmtjourney |
+--------------------------+
|                   710549 |
+--------------------------+
1 row in set (2.30 sec)

+---------------------------+
| clientticket_assgnjourney |
+---------------------------+
|                    359198 |
+---------------------------+
1 row in set (0.40 sec)

Query OK, 0 rows affected (0.01 sec)

Query OK, 86 rows affected (0.09 sec)
Records: 86  Duplicates: 0  Warnings: 0

mysql> mysql \. C:\workspace\cloud\code\sql\_DailyScript\currenttime.sql
+---------------------+
| currenttime         |
+---------------------+
| 2020-11-07 09:49:34 |
+---------------------+
1 row in set (0.00 sec)

mysql> 
mysql> mysql \. C:\workspace\cloud\code\sql\_DailyScript\load_DailyCalls.sql
Database changed
Query OK, 648 rows affected (0.19 sec)
Records: 648  Deleted: 0  Skipped: 0  Warnings: 0

Query OK, 0 rows affected, 1 warning (0.00 sec)

Query OK, 625 rows affected (0.03 sec)
Records: 625  Duplicates: 0  Warnings: 0

Query OK, 0 rows affected, 1 warning (0.00 sec)

Query OK, 68056 rows affected (0.30 sec)
Records: 68056  Duplicates: 0  Warnings: 0

+----------------------+
| callingclientsbefore |
+----------------------+
|              1040111 |
+----------------------+
1 row in set (0.45 sec)

Query OK, 868 rows affected (12.77 sec)
Records: 868  Duplicates: 0  Warnings: 0

+---------------------+
| callingclientsafter |
+---------------------+
|             1040979 |
+---------------------+
1 row in set (0.27 sec)

Query OK, 0 rows affected (0.02 sec)

Query OK, 467 rows affected (3.73 sec)
Records: 467  Duplicates: 0  Warnings: 0

Query OK, 0 rows affected (0.00 sec)

Query OK, 20702 rows affected (3.14 sec)
Records: 20702  Duplicates: 0  Warnings: 0

+-----------+
| callstats |
+-----------+
|     20702 |
+-----------+
1 row in set (0.01 sec)

Query OK, 0 rows affected, 1 warning (0.00 sec)

Query OK, 868 rows affected (2.69 sec)
Records: 868  Duplicates: 0  Warnings: 0

+------------------------+
| rep_cccallreportbefore |
+------------------------+
|                1040821 |
+------------------------+
1 row in set (0.36 sec)

Query OK, 868 rows affected (0.24 sec)
Records: 868  Duplicates: 0  Warnings: 0

+-----------------------+
| rep_cccallreportafter |
+-----------------------+
|               1041689 |
+-----------------------+
1 row in set (0.27 sec)

Query OK, 0 rows affected (0.01 sec)

mysql> mysql \. C:\workspace\cloud\code\sql\_DailyScript\currenttime.sql
+---------------------+
| currenttime         |
+---------------------+
| 2020-11-07 09:49:58 |
+---------------------+
1 row in set (0.00 sec)

mysql> 
mysql> mysql \. C:\workspace\cloud\code\sql\_DailyScript\DAILY-SCRIPT-USAGE.sql
Database changed
Query OK, 0 rows affected (0.00 sec)

Query OK, 4627 rows affected, 13402 warnings (1.09 sec)
Records: 4627  Deleted: 0  Skipped: 0  Warnings: 13402

Query OK, 0 rows affected (0.00 sec)

Query OK, 6476 rows affected, 18755 warnings (1.39 sec)
Records: 6476  Deleted: 0  Skipped: 0  Warnings: 18755

Query OK, 0 rows affected (0.00 sec)

Query OK, 240 rows affected, 857 warnings (0.03 sec)
Records: 240  Deleted: 0  Skipped: 0  Warnings: 857

Query OK, 0 rows affected (0.00 sec)

Query OK, 180 rows affected, 626 warnings (0.03 sec)
Records: 180  Deleted: 0  Skipped: 0  Warnings: 626

+------------+
| dailyusage |
+------------+
|   15477414 |
+------------+
1 row in set (6.17 sec)

+------------+------------+------------+---------+
| datestart  | dateend    | insertedon | records |
+------------+------------+------------+---------+
| 2020-11-06 | 2020-11-06 | 2020-11-07 |   11523 |
| 2020-11-05 | 2020-11-05 | 2020-11-06 |   11718 |
| 2020-11-04 | 2020-11-04 | 2020-11-05 |   11378 |
| 2020-11-03 | 2020-11-03 | 2020-11-04 |   10852 |
| 2020-11-02 | 2020-11-02 | 2020-11-03 |   11510 |
+------------+------------+------------+---------+
5 rows in set (32.71 sec)

+----------+------------+------------+------------+---------+
| category | datestart  | dateend    | insertedon | records |
+----------+------------+------------+------------+---------+
| UNCAPPED | 2020-11-06 | 2020-11-06 | 2020-11-07 |    6476 |
| PREPAID  | 2020-11-06 | 2020-11-06 | 2020-11-07 |     240 |
| HOTSPOT  | 2020-11-06 | 2020-11-06 | 2020-11-07 |     180 |
| CAPPED   | 2020-11-06 | 2020-11-06 | 2020-11-07 |    4627 |
| UNCAPPED | 2020-11-05 | 2020-11-05 | 2020-11-06 |    6665 |
| PREPAID  | 2020-11-05 | 2020-11-05 | 2020-11-06 |     247 |
| HOTSPOT  | 2020-11-05 | 2020-11-05 | 2020-11-06 |     185 |
| CAPPED   | 2020-11-05 | 2020-11-05 | 2020-11-06 |    4621 |
| UNCAPPED | 2020-11-04 | 2020-11-04 | 2020-11-05 |    6395 |
| PREPAID  | 2020-11-04 | 2020-11-04 | 2020-11-05 |     242 |
| HOTSPOT  | 2020-11-04 | 2020-11-04 | 2020-11-05 |     201 |
| CAPPED   | 2020-11-04 | 2020-11-04 | 2020-11-05 |    4540 |
| UNCAPPED | 2020-11-03 | 2020-11-03 | 2020-11-04 |    6131 |
| PREPAID  | 2020-11-03 | 2020-11-03 | 2020-11-04 |     221 |
| HOTSPOT  | 2020-11-03 | 2020-11-03 | 2020-11-04 |     181 |
| CAPPED   | 2020-11-03 | 2020-11-03 | 2020-11-04 |    4319 |
| UNCAPPED | 2020-11-02 | 2020-11-02 | 2020-11-03 |    6706 |
| PREPAID  | 2020-11-02 | 2020-11-02 | 2020-11-03 |     232 |
| HOTSPOT  | 2020-11-02 | 2020-11-02 | 2020-11-03 |     141 |
| CAPPED   | 2020-11-02 | 2020-11-02 | 2020-11-03 |    4431 |
+----------+------------+------------+------------+---------+
20 rows in set (22.77 sec)

mysql> mysql \. C:\workspace\cloud\code\sql\_DailyScript\currenttime.sql
+---------------------+
| currenttime         |
+---------------------+
| 2020-11-07 09:51:03 |
+---------------------+
1 row in set (0.00 sec)

mysql> 
mysql> mysql \. C:\workspace\cloud\code\sql\_DailyScript\DAILY-SCRIPT-SALES-TELEMETRY.sql
Database changed
Query OK, 103 rows affected, 64 warnings (0.03 sec)
Records: 103  Deleted: 0  Skipped: 0  Warnings: 64

+------------+
| dailysales |
+------------+
|     213658 |
+------------+
1 row in set (0.25 sec)

Query OK, 0 rows affected (0.02 sec)

Query OK, 213658 rows affected (13.68 sec)
Records: 213658  Duplicates: 0  Warnings: 0

+--------+
| sales  |
+--------+
| 213658 |
+--------+
1 row in set (0.23 sec)

Query OK, 0 rows affected (0.02 sec)

Query OK, 3467 rows affected (0.35 sec)
Records: 3467  Duplicates: 0  Warnings: 0

+----------------+
| rep_dailysales |
+----------------+
|           3467 |
+----------------+
1 row in set (0.00 sec)

Query OK, 0 rows affected (0.01 sec)

Query OK, 3467 rows affected (0.53 sec)
Records: 3467  Duplicates: 0  Warnings: 0

+-------------------+
| rep_dailysalesreg |
+-------------------+
|              3467 |
+-------------------+
1 row in set (0.00 sec)

Query OK, 0 rows affected (0.01 sec)

Query OK, 2832 rows affected (0.69 sec)
Records: 2832  Duplicates: 0  Warnings: 0

+-----------+
| saleslist |
+-----------+
|      2832 |
+-----------+
1 row in set (0.00 sec)

Database changed
ERROR 2 (HY000): File 'C:\ProgramData\MySQL\MySQL Server 5.7\Uploads\_csv\PrepaidCardSales-06112020-P1.csv' not found (Errcode: 2 - No such file or directory)
+------------------+
| dailysinglesales |
+------------------+
|             6403 |
+------------------+
1 row in set (0.01 sec)

Database changed
Query OK, 8 rows affected (0.06 sec)
Records: 8  Deleted: 0  Skipped: 0  Warnings: 0

+-----------------+
| dailyaddonsales |
+-----------------+
|           21078 |
+-----------------+
1 row in set (0.03 sec)

Query OK, 198 rows affected (0.06 sec)
Records: 198  Deleted: 0  Skipped: 0  Warnings: 0

+----------------+
| onlinepayments |
+----------------+
|         134961 |
+----------------+
1 row in set (0.10 sec)

+-------------+----------------+---------------------+
| paymentdate | onlinepayments | onlinepaymentamount |
+-------------+----------------+---------------------+
| 2020-11-06  |            198 |        117751.35000 |
| 2020-11-05  |            209 |        134223.07000 |
| 2020-11-04  |            198 |        135557.66000 |
| 2020-11-03  |            223 |        146674.10000 |
| 2020-11-02  |            217 |        140087.51000 |
+-------------+----------------+---------------------+
5 rows in set (0.47 sec)

+-------------+--------------+----------------+---------------------+
| paymentyear | paymentmonth | onlinepayments | onlinepaymentamount |
+-------------+--------------+----------------+---------------------+
|        2020 |           11 |           1356 |        880391.67000 |
|        2020 |           10 |           6965 |       4508008.17000 |
|        2020 |            9 |           6132 |       3998941.54000 |
|        2020 |            8 |           6240 |       4098025.79000 |
|        2020 |            7 |           6291 |       4053825.83000 |
+-------------+--------------+----------------+---------------------+
5 rows in set (0.13 sec)

mysql> mysql \. C:\workspace\cloud\code\sql\_DailyScript\currenttime.sql
+---------------------+
| currenttime         |
+---------------------+
| 2020-11-07 09:51:19 |
+---------------------+
1 row in set (0.00 sec)

mysql> 
mysql> mysql \. C:\workspace\cloud\code\sql\_DailyScript\DAILY-SCRIPT-ACTIVENUMBERS.sql
Database changed
Query OK, 1174 rows affected (0.62 sec)
Records: 1174  Deleted: 0  Skipped: 0  Warnings: 0

+------------+----------+
| period     | count(1) |
+------------+----------+
| 2020-11-06 |     1174 |
| 2020-11-05 |     1173 |
| 2020-11-04 |     1172 |
| 2020-11-03 |     1170 |
| 2020-11-02 |     1169 |
+------------+----------+
5 rows in set (0.01 sec)

Query OK, 0 rows affected (0.00 sec)

Query OK, 79 rows affected (1.39 sec)
Records: 79  Duplicates: 0  Warnings: 0

+-------------+
| packagelist |
+-------------+
|          79 |
+-------------+
1 row in set (0.00 sec)

Database changed
Query OK, 0 rows affected (0.01 sec)

Query OK, 0 rows affected (0.00 sec)

Query OK, 0 rows affected (0.00 sec)

Query OK, 0 rows affected (0.00 sec)

Query OK, 28321 rows affected, 196 warnings (20.86 sec)
Records: 28321  Deleted: 0  Skipped: 0  Warnings: 196

+------------+----------+
| period     | count(1) |
+------------+----------+
| 2020-11-06 |    28321 |
| 2020-11-05 |    28236 |
| 2020-11-04 |    28253 |
| 2020-11-03 |    28077 |
| 2020-11-02 |    27737 |
+------------+----------+
5 rows in set (0.10 sec)

Query OK, 0 rows affected (0.05 sec)

Query OK, 27743 rows affected (48.68 sec)
Records: 27743  Duplicates: 0  Warnings: 0

Query OK, 0 rows affected (0.14 sec)
Records: 0  Duplicates: 0  Warnings: 0

Query OK, 0 rows affected (0.13 sec)
Records: 0  Duplicates: 0  Warnings: 0

Query OK, 0 rows affected (0.10 sec)
Records: 0  Duplicates: 0  Warnings: 0

Query OK, 0 rows affected (0.08 sec)
Records: 0  Duplicates: 0  Warnings: 0

Query OK, 0 rows affected (0.10 sec)
Records: 0  Duplicates: 0  Warnings: 0

Query OK, 0 rows affected (0.07 sec)
Records: 0  Duplicates: 0  Warnings: 0

+-------------+
| countbefore |
+-------------+
|    40570272 |
+-------------+
1 row in set (15.83 sec)

Query OK, 27743 rows affected (6.32 sec)
Records: 27743  Duplicates: 0  Warnings: 0

+------------+
| countafter |
+------------+
|   40598015 |
+------------+
1 row in set (12.64 sec)

+------------+--------------------------+
| period     | customercontractactivity |
+------------+--------------------------+
| 2020-11-06 |                    27743 |
| 2020-11-05 |                    27657 |
| 2020-11-04 |                    27673 |
| 2020-11-03 |                    27497 |
| 2020-11-02 |                    27157 |
+------------+--------------------------+
5 rows in set (0.06 sec)

Query OK, 0 rows affected (0.02 sec)

Query OK, 283723 rows affected (7 min 32.57 sec)
Records: 283723  Duplicates: 0  Warnings: 0

Query OK, 0 rows affected (0.98 sec)
Records: 0  Duplicates: 0  Warnings: 0

Query OK, 0 rows affected (1.08 sec)
Records: 0  Duplicates: 0  Warnings: 0

Query OK, 0 rows affected (1.04 sec)
Records: 0  Duplicates: 0  Warnings: 0

Query OK, 0 rows affected (0.00 sec)

Query OK, 235 rows affected (0.42 sec)
Records: 235  Duplicates: 0  Warnings: 0

Query OK, 0 rows affected (0.01 sec)

Query OK, 2658 rows affected (0.59 sec)
Records: 2658  Duplicates: 0  Warnings: 0

Query OK, 0 rows affected (0.01 sec)

Query OK, 27721 rows affected (0.55 sec)
Records: 27721  Duplicates: 0  Warnings: 0

Query OK, 0 rows affected (0.01 sec)

Query OK, 17381 rows affected (0.35 sec)
Records: 17381  Duplicates: 0  Warnings: 0

Query OK, 0 rows affected (0.00 sec)

Query OK, 17381 rows affected (0.13 sec)
Records: 17381  Duplicates: 0  Warnings: 0

Query OK, 0 rows affected (0.02 sec)

Query OK, 17381 rows affected (1.09 sec)
Records: 17381  Duplicates: 0  Warnings: 0

Query OK, 0 rows affected (0.02 sec)

Query OK, 17381 rows affected (44.41 sec)
Records: 17381  Duplicates: 0  Warnings: 0

+-------------+
| clientstats |
+-------------+
|       17381 |
+-------------+
1 row in set (0.00 sec)

Query OK, 0 rows affected (0.02 sec)

Query OK, 13 rows affected, 1 warning (0.09 sec)
Records: 13  Duplicates: 0  Warnings: 1

+-----------------------+-------------+-------------+----------------+-----------------+
| services              | activecount | allaccounts | uniqueaccounts | uniquecontracts |
+-----------------------+-------------+-------------+----------------+-----------------+
| All                   |         363 |          58 |             58 |             187 |
| Internet & Voice      |         352 |         158 |            158 |             308 |
| Internet Only         |        4299 |        4207 |           4201 |            4248 |
| OTT Only              |           1 |           1 |              1 |               1 |
| TV & Internet         |        9690 |        4385 |           4376 |            8915 |
| TV & Internet & OTT   |        3196 |         821 |            819 |            1704 |
| TV & Internet & Voice |         524 |         156 |            156 |             479 |
| TV & OTT              |         356 |          72 |             71 |              87 |
| TV & Voice            |          90 |          41 |             41 |              84 |
| TV & Voice & OTT      |           4 |           1 |              1 |               3 |
| TV Only               |        9387 |        7338 |           7320 |            7531 |
| Voice Only            |         145 |         143 |            143 |             145 |
| GRAND TOTAL           |       28407 |       17381 |          17301 |           23692 |
+-----------------------+-------------+-------------+----------------+-----------------+
13 rows in set (0.00 sec)

+-------------+-------------+-------------+----------------+-----------------+
| network     | activecount | allaccounts | uniqueaccounts | uniquecontracts |
+-------------+-------------+-------------+----------------+-----------------+
| GPON        |        9980 |        5122 |           5119 |            7969 |
| HFC         |       18427 |       12259 |          12259 |           15723 |
| GRAND TOTAL |       28407 |       17381 |          17301 |           23692 |
+-------------+-------------+-------------+----------------+-----------------+
3 rows in set, 1 warning (0.12 sec)

+-------------+-----------------------+-------------+-------------+----------------+-----------------+
| network     | services              | activecount | allaccounts | uniqueaccounts | uniquecontracts |
+-------------+-----------------------+-------------+-------------+----------------+-----------------+
| GPON        | All                   |         212 |          35 |             35 |             110 |
| GPON        | Internet & Voice      |          62 |          25 |             25 |              52 |
| GPON        | Internet Only         |        1213 |        1139 |           1139 |            1163 |
| GPON        | TV & Internet         |        4238 |        1882 |           1882 |            3855 |
| GPON        | TV & Internet & OTT   |        1851 |         468 |            468 |             978 |
| GPON        | TV & Internet & Voice |         209 |          61 |             61 |             191 |
| GPON        | TV & OTT              |         122 |          36 |             36 |              40 |
| GPON        | TV & Voice            |          54 |          24 |             24 |              50 |
| GPON        | TV & Voice & OTT      |           4 |           1 |              1 |               3 |
| GPON        | TV Only               |        2001 |        1438 |           1438 |            1513 |
| GPON        | Voice Only            |          14 |          13 |             13 |              14 |
| GPON        | Services Total        |        9980 |        5122 |           5119 |            7969 |
| HFC         | All                   |         151 |          23 |             23 |              77 |
| HFC         | Internet & Voice      |         290 |         133 |            133 |             256 |
| HFC         | Internet Only         |        3086 |        3068 |           3068 |            3085 |
| HFC         | OTT Only              |           1 |           1 |              1 |               1 |
| HFC         | TV & Internet         |        5452 |        2503 |           2503 |            5060 |
| HFC         | TV & Internet & OTT   |        1345 |         353 |            353 |             726 |
| HFC         | TV & Internet & Voice |         315 |          95 |             95 |             288 |
| HFC         | TV & OTT              |         234 |          36 |             36 |              47 |
| HFC         | TV & Voice            |          36 |          17 |             17 |              34 |
| HFC         | TV Only               |        7386 |        5900 |           5900 |            6018 |
| HFC         | Voice Only            |         131 |         130 |            130 |             131 |
| HFC         | Services Total        |       18427 |       12259 |          12259 |           15723 |
| GRAND TOTAL | Services Total        |       28407 |       17381 |          17301 |           23692 |
+-------------+-----------------------+-------------+-------------+----------------+-----------------+
25 rows in set, 2 warnings (0.13 sec)

Query OK, 0 rows affected (0.01 sec)

Query OK, 41 rows affected, 3 warnings (0.19 sec)
Records: 41  Duplicates: 0  Warnings: 3

+-------------+---------------+-----------------------+-------------+-------------+----------------+-----------------+
| region      | network       | services              | activecount | allaccounts | uniqueaccounts | uniquecontracts |
+-------------+---------------+-----------------------+-------------+-------------+----------------+-----------------+
| Mahe        | GPON          | All                   |         182 |          30 |             30 |              95 |
| Mahe        | GPON          | Internet & Voice      |          52 |          20 |             20 |              42 |
| Mahe        | GPON          | Internet Only         |         979 |         905 |            905 |             929 |
| Mahe        | GPON          | TV & Internet         |        3439 |        1522 |           1522 |            3115 |
| Mahe        | GPON          | TV & Internet & OTT   |        1455 |         354 |            354 |             743 |
| Mahe        | GPON          | TV & Internet & Voice |         196 |          57 |             57 |             178 |
| Mahe        | GPON          | TV & OTT              |          88 |          25 |             25 |              29 |
| Mahe        | GPON          | TV & Voice            |          49 |          22 |             22 |              46 |
| Mahe        | GPON          | TV & Voice & OTT      |           4 |           1 |              1 |               3 |
| Mahe        | GPON          | TV Only               |        1646 |        1145 |           1145 |            1209 |
| Mahe        | GPON          | Voice Only            |          13 |          12 |             12 |              13 |
| Mahe        | GPON          | Services Total        |        8103 |        4093 |           4093 |            6402 |
| Mahe        | HFC           | All                   |         151 |          23 |             23 |              77 |
| Mahe        | HFC           | Internet & Voice      |         290 |         133 |            133 |             256 |
| Mahe        | HFC           | Internet Only         |        3085 |        3067 |           3067 |            3084 |
| Mahe        | HFC           | OTT Only              |           1 |           1 |              1 |               1 |
| Mahe        | HFC           | TV & Internet         |        5452 |        2503 |           2503 |            5060 |
| Mahe        | HFC           | TV & Internet & OTT   |        1345 |         353 |            353 |             726 |
| Mahe        | HFC           | TV & Internet & Voice |         315 |          95 |             95 |             288 |
| Mahe        | HFC           | TV & OTT              |         234 |          36 |             36 |              47 |
| Mahe        | HFC           | TV & Voice            |          36 |          17 |             17 |              34 |
| Mahe        | HFC           | TV Only               |        7381 |        5897 |           5897 |            6015 |
| Mahe        | HFC           | Voice Only            |         131 |         130 |            130 |             131 |
| Mahe        | HFC           | Services Total        |       18421 |       12255 |          12255 |           15719 |
| Mahe        | Network Total | Services Total        |       26524 |       16348 |          16272 |           22121 |
| Praslin     | GPON          | All                   |          30 |           5 |              5 |              15 |
| Praslin     | GPON          | Internet & Voice      |          10 |           5 |              5 |              10 |
| Praslin     | GPON          | Internet Only         |         234 |         234 |            234 |             234 |
| Praslin     | GPON          | TV & Internet         |         799 |         360 |            360 |             740 |
| Praslin     | GPON          | TV & Internet & OTT   |         396 |         114 |            114 |             235 |
| Praslin     | GPON          | TV & Internet & Voice |          13 |           4 |              4 |              13 |
| Praslin     | GPON          | TV & OTT              |          34 |          11 |             11 |              11 |
| Praslin     | GPON          | TV & Voice            |           5 |           2 |              2 |               4 |
| Praslin     | GPON          | TV Only               |         355 |         293 |            293 |             304 |
| Praslin     | GPON          | Voice Only            |           1 |           1 |              1 |               1 |
| Praslin     | GPON          | Services Total        |        1877 |        1029 |           1029 |            1567 |
| Praslin     | HFC           | Internet Only         |           1 |           1 |              1 |               1 |
| Praslin     | HFC           | TV Only               |           5 |           3 |              3 |               3 |
| Praslin     | HFC           | Services Total        |           6 |           4 |              4 |               4 |
| Praslin     | Network Total | Services Total        |        1883 |        1033 |           1032 |            1571 |
| GRAND TOTAL | Network Total | Services Total        |       28407 |       17381 |          17301 |           23692 |
+-------------+---------------+-----------------------+-------------+-------------+----------------+-----------------+
41 rows in set (0.00 sec)

Query OK, 0 rows affected (0.01 sec)

Query OK, 27722 rows affected (0.44 sec)
Records: 27722  Duplicates: 0  Warnings: 0

Query OK, 0 rows affected (0.01 sec)

Query OK, 2182 rows affected (1.52 sec)
Records: 2182  Duplicates: 0  Warnings: 0

+--------------------------------------+
| message                              |
+--------------------------------------+
| running rcbill_my.sp_ActiveNumber2() |
+--------------------------------------+
1 row in set (0.00 sec)

Query OK, 365 rows affected (1 min 50.97 sec)

mysql> mysql \. C:\workspace\cloud\code\sql\_DailyScript\currenttime.sql
+---------------------+
| currenttime         |
+---------------------+
| 2020-11-07 10:03:23 |
+---------------------+
1 row in set (0.00 sec)

mysql> 
mysql> mysql \. C:\workspace\cloud\code\sql\_DailyScript\GetActiveNumbers Average -Pivot.sql
Database changed
+-------------------------------------+
| @today := subdate(current_date(),1) |
+-------------------------------------+
| 2020-11-06                          |
+-------------------------------------+
1 row in set (0.00 sec)

+-------------------------------------+
| @lastdayofmonth := last_day(@today) |
+-------------------------------------+
| 2020-11-30                          |
+-------------------------------------+
1 row in set (0.00 sec)

Query OK, 0 rows affected (0.01 sec)

Query OK, 43235 rows affected, 65535 warnings (55.70 sec)
Records: 43235  Duplicates: 0  Warnings: 88720

Query OK, 0 rows affected (0.09 sec)
Records: 0  Duplicates: 0  Warnings: 0

Query OK, 0 rows affected (0.12 sec)
Records: 0  Duplicates: 0  Warnings: 0

Query OK, 0 rows affected (0.09 sec)
Records: 0  Duplicates: 0  Warnings: 0

+-----------------+
| activenumberavg |
+-----------------+
|           43235 |
+-----------------+
1 row in set (0.02 sec)

Query OK, 0 rows affected (0.02 sec)

Query OK, 1924 rows affected (0.52 sec)
Records: 1924  Duplicates: 0  Warnings: 0

+---------------------+
| rep_activenumberavg |
+---------------------+
|                1924 |
+---------------------+
1 row in set (0.00 sec)

+----------------------+
| rep_activenumberavg1 |
+----------------------+
|                  899 |
+----------------------+
1 row in set (0.00 sec)

Query OK, 0 rows affected (0.01 sec)

Query OK, 2258 rows affected (0.40 sec)
Records: 2258  Duplicates: 0  Warnings: 0

Query OK, 0 rows affected (0.01 sec)

Query OK, 11577 rows affected (0.71 sec)
Records: 11577  Duplicates: 0  Warnings: 0

Query OK, 0 rows affected (0.00 sec)

Query OK, 0 rows affected (0.02 sec)

Query OK, 0 rows affected (0.00 sec)

Query OK, 0 rows affected (0.00 sec)

Query OK, 0 rows affected (0.02 sec)
Statement prepared

Query OK, 53 rows affected (0.05 sec)
Records: 53  Duplicates: 0  Warnings: 0

Query OK, 0 rows affected (0.00 sec)

Query OK, 0 rows affected (0.00 sec)

+----------------------+
| rep_activenumberavg2 |
+----------------------+
|                 2258 |
+----------------------+
1 row in set (0.00 sec)

+------------------------+
| rep_activenumberavg_pv |
+------------------------+
|                     53 |
+------------------------+
1 row in set (0.00 sec)

Query OK, 0 rows affected (0.02 sec)

Query OK, 2257 rows affected (0.33 sec)
Records: 2257  Duplicates: 0  Warnings: 0

Query OK, 0 rows affected (0.00 sec)

Query OK, 0 rows affected (0.02 sec)

Query OK, 0 rows affected (0.00 sec)

Query OK, 0 rows affected (0.00 sec)

Query OK, 0 rows affected (0.00 sec)
Statement prepared

Query OK, 53 rows affected (0.05 sec)
Records: 53  Duplicates: 0  Warnings: 0

Query OK, 0 rows affected (0.00 sec)

Query OK, 0 rows affected (0.00 sec)

+-------------------------+
| rep_activenumberavgMahe |
+-------------------------+
|                    2257 |
+-------------------------+
1 row in set (0.00 sec)

+----------------------------+
| rep_activenumberavgMahe_pv |
+----------------------------+
|                         53 |
+----------------------------+
1 row in set (0.01 sec)

Query OK, 0 rows affected (0.00 sec)

Query OK, 1439 rows affected (0.16 sec)
Records: 1439  Duplicates: 0  Warnings: 0

Query OK, 0 rows affected (0.00 sec)

Query OK, 0 rows affected (0.00 sec)

Query OK, 0 rows affected (0.00 sec)

Query OK, 0 rows affected (0.00 sec)

Query OK, 0 rows affected (0.00 sec)
Statement prepared

Query OK, 40 rows affected (0.03 sec)
Records: 40  Duplicates: 0  Warnings: 0

Query OK, 0 rows affected (0.00 sec)

Query OK, 0 rows affected (0.00 sec)

+----------------------------+
| rep_activenumberavgPraslin |
+----------------------------+
|                       1439 |
+----------------------------+
1 row in set (0.00 sec)

+-------------------------------+
| rep_activenumberavgPraslin_pv |
+-------------------------------+
|                            40 |
+-------------------------------+
1 row in set (0.02 sec)

mysql> mysql \. C:\workspace\cloud\code\sql\_DailyScript\currenttime.sql
+---------------------+
| currenttime         |
+---------------------+
| 2020-11-07 10:04:22 |
+---------------------+
1 row in set (0.00 sec)

mysql> 
mysql> mysql \. C:\workspace\cloud\code\sql\_DailyScript\budget_actual_analysis_2020.sql
Query OK, 0 rows affected (0.00 sec)

Query OK, 922 rows affected, 3 warnings (0.22 sec)
Records: 922  Duplicates: 0  Warnings: 3

+--------------------+
| budget_actual_2020 |
+--------------------+
|                922 |
+--------------------+
1 row in set (0.00 sec)

Query OK, 0 rows affected (0.01 sec)

Query OK, 48 rows affected (0.04 sec)
Records: 48  Duplicates: 0  Warnings: 0

+---------------------------+
| rep_budget_actual_2020_pv |
+---------------------------+
|                        48 |
+---------------------------+
1 row in set (0.00 sec)

mysql> mysql \. C:\workspace\cloud\code\sql\_DailyScript\currenttime.sql
+---------------------+
| currenttime         |
+---------------------+
| 2020-11-07 10:04:22 |
+---------------------+
1 row in set (0.00 sec)

mysql> 
mysql> mysql \. C:\workspace\cloud\code\sql\_DailyScript\reports-sales-addons-prepaid-camera.sql
Database changed
Query OK, 0 rows affected (0.01 sec)

Query OK, 4193 rows affected (0.20 sec)
Records: 4193  Duplicates: 0  Warnings: 0

Query OK, 0 rows affected (0.01 sec)

Query OK, 21121 rows affected (16.33 sec)
Records: 21121  Duplicates: 0  Warnings: 0

+--------------------+
| rep_prepaid_camera |
+--------------------+
|               4193 |
+--------------------+
1 row in set (0.01 sec)

+-----------+
| rep_addon |
+-----------+
|     21121 |
+-----------+
1 row in set (0.01 sec)

mysql> mysql \. C:\workspace\cloud\code\sql\_DailyScript\currenttime.sql
+---------------------+
| currenttime         |
+---------------------+
| 2020-11-07 10:04:39 |
+---------------------+
1 row in set (0.00 sec)

mysql> 
mysql> mysql \. C:\workspace\cloud\code\sql\_DailyScript\housing-estate-analysis.sql
Database changed
Query OK, 0 rows affected (0.01 sec)

Query OK, 3238 rows affected (1 min 0.38 sec)
Records: 3238  Duplicates: 0  Warnings: 0

+--------------------+
| rep_housingestates |
+--------------------+
|               3238 |
+--------------------+
1 row in set (0.00 sec)

mysql> mysql \. C:\workspace\cloud\code\sql\_DailyScript\currenttime.sql
+---------------------+
| currenttime         |
+---------------------+
| 2020-11-07 10:05:39 |
+---------------------+
1 row in set (0.00 sec)

mysql> 
mysql> mysql \. C:\workspace\cloud\code\sql\_DailyScript\RCB_ClientAnalyticsReport_Script.sql
Database changed
Query OK, 0 rows affected (0.00 sec)

Query OK, 0 rows affected (0.08 sec)

Query OK, 1979270 rows affected (1 min 12.51 sec)
Records: 1979270  Duplicates: 0  Warnings: 0

Query OK, 0 rows affected (6.37 sec)
Records: 0  Duplicates: 0  Warnings: 0

Query OK, 0 rows affected (4.39 sec)
Records: 0  Duplicates: 0  Warnings: 0

Query OK, 0 rows affected (11.49 sec)
Records: 0  Duplicates: 0  Warnings: 0

Query OK, 0 rows affected (7.43 sec)
Records: 0  Duplicates: 0  Warnings: 0

Query OK, 0 rows affected (9.67 sec)
Records: 0  Duplicates: 0  Warnings: 0

Query OK, 0 rows affected (6.98 sec)
Records: 0  Duplicates: 0  Warnings: 0

Query OK, 0 rows affected (0.00 sec)

Query OK, 495416 rows affected (16.46 sec)
Rows matched: 1979270  Changed: 495416  Warnings: 0

Query OK, 0 rows affected (0.01 sec)

Query OK, 28544 rows affected (4.00 sec)
Records: 28544  Duplicates: 0  Warnings: 0

Query OK, 0 rows affected (0.03 sec)

Query OK, 44268 rows affected (10 min 39.40 sec)
Records: 44268  Duplicates: 0  Warnings: 0

Query OK, 0 rows affected (0.19 sec)
Records: 0  Duplicates: 0  Warnings: 0

Query OK, 0 rows affected (0.14 sec)
Records: 0  Duplicates: 0  Warnings: 0

Query OK, 0 rows affected (0.09 sec)
Records: 0  Duplicates: 0  Warnings: 0

Query OK, 0 rows affected (0.01 sec)

Query OK, 462323 rows affected (15 min 16.56 sec)
Records: 462323  Duplicates: 0  Warnings: 0

Query OK, 0 rows affected (1.53 sec)
Records: 0  Duplicates: 0  Warnings: 0

Query OK, 0 rows affected (1.54 sec)
Records: 0  Duplicates: 0  Warnings: 0

Query OK, 0 rows affected (0.86 sec)
Records: 0  Duplicates: 0  Warnings: 0

Query OK, 0 rows affected (1.86 sec)
Records: 0  Duplicates: 0  Warnings: 0

Query OK, 0 rows affected (1.49 sec)
Records: 0  Duplicates: 0  Warnings: 0

Query OK, 0 rows affected (0.00 sec)

Query OK, 44268 rows affected (1 min 26.24 sec)
Records: 44268  Duplicates: 0  Warnings: 0

+--------------+
| clientreport |
+--------------+
|        44268 |
+--------------+
1 row in set (0.03 sec)

Query OK, 0 rows affected (0.02 sec)

Query OK, 44268 rows affected (5.78 sec)
Records: 44268  Duplicates: 0  Warnings: 0

+----------------------+
| clientextendedreport |
+----------------------+
|                44268 |
+----------------------+
1 row in set (0.02 sec)

Query OK, 0 rows affected (0.00 sec)

Query OK, 44268 rows affected (57.26 sec)
Records: 44268  Duplicates: 0  Warnings: 0

+---------+
| allcust |
+---------+
|   44268 |
+---------+
1 row in set (0.01 sec)

Query OK, 0 rows affected, 1 warning (0.00 sec)

Query OK, 5000 rows affected (0.14 sec)
Records: 5000  Duplicates: 0  Warnings: 0

Query OK, 0 rows affected (0.01 sec)

Query OK, 6900 rows affected (0.30 sec)
Records: 6900  Duplicates: 0  Warnings: 0

Query OK, 0 rows affected, 1 warning (0.02 sec)

Query OK, 5000 rows affected (0.13 sec)
Records: 5000  Duplicates: 0  Warnings: 0

Query OK, 0 rows affected (0.02 sec)

Query OK, 7243 rows affected (0.17 sec)
Records: 7243  Duplicates: 0  Warnings: 0

mysql> mysql \. C:\workspace\cloud\code\sql\_DailyScript\currenttime.sql
+---------------------+
| currenttime         |
+---------------------+
| 2020-11-07 10:36:32 |
+---------------------+
1 row in set (0.00 sec)

mysql> 
mysql> 
mysql> mysql \. C:\workspace\cloud\code\sql\_DailyScript\REVENUE_PER_NODE_MXK.sql
Query OK, 0 rows affected (0.02 sec)

Query OK, 0 rows affected (0.01 sec)

Query OK, 0 rows affected (0.00 sec)

Query OK, 6915 rows affected (2.12 sec)
Records: 6915  Duplicates: 0  Warnings: 0

+----------------------+
| message              |
+----------------------+
| created temp table a |
+----------------------+
1 row in set (0.00 sec)

Query OK, 6786 rows affected (0.99 sec)
Records: 6786  Duplicates: 0  Warnings: 0

+----------------------+
| message              |
+----------------------+
| created temp table b |
+----------------------+
1 row in set (0.00 sec)

Query OK, 0 rows affected, 1 warning (0.00 sec)

Query OK, 7221 rows affected (15.07 sec)
Records: 7221  Duplicates: 0  Warnings: 0

+--------------------------------+
| message                        |
+--------------------------------+
| created rcbill_my.tempcustmxk1 |
+--------------------------------+
1 row in set (0.00 sec)

Query OK, 0 rows affected (0.02 sec)

Query OK, 0 rows affected (0.00 sec)

Query OK, 0 rows affected, 1 warning (0.00 sec)

Query OK, 6915 rows affected (1.50 sec)
Records: 6915  Duplicates: 0  Warnings: 0

+----------------+
| message        |
+----------------+
| created temp a |
+----------------+
1 row in set (0.00 sec)

Query OK, 6786 rows affected (0.85 sec)
Records: 6786  Duplicates: 0  Warnings: 0

+----------------+
| message        |
+----------------+
| created temp b |
+----------------+
1 row in set (0.00 sec)

Query OK, 0 rows affected, 1 warning (0.00 sec)

Query OK, 6886 rows affected (9.62 sec)
Records: 6886  Duplicates: 0  Warnings: 0

+--------------------------------+
| message                        |
+--------------------------------+
| created rcbill_my.tempcustmxk2 |
+--------------------------------+
1 row in set (0.00 sec)

Query OK, 0 rows affected (0.00 sec)

Query OK, 0 rows affected (0.00 sec)

Query OK, 0 rows affected, 1 warning (0.00 sec)

Query OK, 0 rows affected (0.01 sec)

Query OK, 8090 rows affected (0.40 sec)
Records: 8090  Duplicates: 0  Warnings: 0

+---------------------------------+
| message                         |
+---------------------------------+
| created rcbill_my.customers_mxk |
+---------------------------------+
1 row in set (0.00 sec)

Query OK, 0 rows affected (0.01 sec)

Query OK, 0 rows affected (0.01 sec)

Query OK, 14358 rows affected (5.62 sec)
Records: 14358  Duplicates: 0  Warnings: 0

+----------------+
| message        |
+----------------+
| created temp a |
+----------------+
1 row in set (0.00 sec)

Query OK, 19587 rows affected (1.68 sec)
Records: 19587  Duplicates: 0  Warnings: 0

+----------------+
| message        |
+----------------+
| created temp c |
+----------------+
1 row in set (0.00 sec)

Query OK, 0 rows affected, 1 warning (0.00 sec)

Query OK, 27280 rows affected (0.29 sec)
Records: 27280  Duplicates: 0  Warnings: 0

+---------------------------------+
| message                         |
+---------------------------------+
| created rcbill_my.tempcustcmts1 |
+---------------------------------+
1 row in set (0.00 sec)

Query OK, 0 rows affected (0.02 sec)

Query OK, 0 rows affected, 1 warning (0.00 sec)

Query OK, 0 rows affected (0.02 sec)

Query OK, 14358 rows affected (5.66 sec)
Records: 14358  Duplicates: 0  Warnings: 0

+----------------+
| message        |
+----------------+
| created temp a |
+----------------+
1 row in set (0.00 sec)

Query OK, 19587 rows affected (1.55 sec)
Records: 19587  Duplicates: 0  Warnings: 0

+----------------+
| message        |
+----------------+
| created temp c |
+----------------+
1 row in set (0.00 sec)

Query OK, 0 rows affected, 1 warning (0.00 sec)

Query OK, 20272 rows affected (0.36 sec)
Records: 20272  Duplicates: 0  Warnings: 0

+---------------------------------+
| message                         |
+---------------------------------+
| created rcbill_my.tempcustcmts2 |
+---------------------------------+
1 row in set (0.00 sec)

Query OK, 0 rows affected (0.01 sec)

Query OK, 0 rows affected, 1 warning (0.00 sec)

Query OK, 0 rows affected (0.01 sec)

Query OK, 0 rows affected (0.01 sec)

Query OK, 14549 rows affected (1.03 sec)
Records: 14549  Duplicates: 0  Warnings: 0

+----------------------------------+
| message                          |
+----------------------------------+
| created rcbill_my.customers_cmts |
+----------------------------------+
1 row in set (0.00 sec)

Query OK, 0 rows affected (0.01 sec)

Query OK, 0 rows affected (0.01 sec)

Query OK, 0 rows affected (0.01 sec)

Query OK, 18884 rows affected (0.80 sec)
Records: 18884  Duplicates: 0  Warnings: 0

+--------------------------------------+
| message                              |
+--------------------------------------+
| created rcbill_my.customers_cmts_mxk |
+--------------------------------------+
1 row in set (0.00 sec)

Query OK, 490352 rows affected (1 min 1.12 sec)
Records: 490352  Duplicates: 0  Warnings: 0

+----------------+
| message        |
+----------------+
| created temp a |
+----------------+
1 row in set (0.00 sec)

Query OK, 0 rows affected (0.05 sec)

Query OK, 491094 rows affected (11.39 sec)
Records: 491094  Duplicates: 0  Warnings: 0

+------------------------------------------------+
| message                                        |
+------------------------------------------------+
| created rcbill_my.customers_contracts_cmts_mxk |
+------------------------------------------------+
1 row in set (0.00 sec)

Query OK, 0 rows affected (0.00 sec)

Query OK, 0 rows affected, 1 warning (0.02 sec)

Query OK, 0 rows affected, 1 warning (0.00 sec)

Query OK, 0 rows affected (0.00 sec)

Query OK, 8537 rows affected (2.78 sec)
Rows matched: 8537  Changed: 8537  Warnings: 0

+------------------------------------------------+
| message                                        |
+------------------------------------------------+
| updated rcbill_my.customers_contracts_cmts_mxk |
+------------------------------------------------+
1 row in set (0.00 sec)

Query OK, 0 rows affected (0.06 sec)

Query OK, 1995840 rows affected (4 min 1.96 sec)
Records: 1995840  Duplicates: 0  Warnings: 0

+----------------------------------------+
| message                                |
+----------------------------------------+
| created rcbill_my.customers_collection |
+----------------------------------------+
1 row in set (0.00 sec)

Query OK, 0 rows affected (0.03 sec)

Query OK, 2305383 rows affected (1 min 54.18 sec)
Records: 2305383  Duplicates: 0  Warnings: 0

+------------------------------------------------+
| message                                        |
+------------------------------------------------+
| created rcbill_my.customers_cmts_mxk_cont_coll |
+------------------------------------------------+
1 row in set (0.00 sec)

Query OK, 0 rows affected (0.03 sec)

Query OK, 448023 rows affected (2 min 15.09 sec)
Records: 448023  Duplicates: 0  Warnings: 0

+--------------------------------------------------------+
| message                                                |
+--------------------------------------------------------+
| created rcbill_my.customers_contracts_collection_pivot |
+--------------------------------------------------------+
1 row in set (0.00 sec)

Query OK, 0 rows affected (0.02 sec)

Query OK, 40339 rows affected (2 min 22.72 sec)
Records: 40339  Duplicates: 0  Warnings: 0

+----------------------------------------------+
| message                                      |
+----------------------------------------------+
| created rcbill_my.customers_collection_pivot |
+----------------------------------------------+
1 row in set (0.00 sec)

Query OK, 0 rows affected (0.01 sec)

Query OK, 44268 rows affected (2.43 sec)
Records: 44268  Duplicates: 0  Warnings: 0

+--------------------------------------------+
| message                                    |
+--------------------------------------------+
| created rcbill_my.rep_customers_collection |
+--------------------------------------------+
1 row in set (0.00 sec)

Query OK, 0 rows affected (0.00 sec)

Query OK, 0 rows affected, 1 warning (0.00 sec)

Query OK, 456087 rows affected (13.90 sec)
Records: 456087  Duplicates: 0  Warnings: 0

+-------------------------+
| message                 |
+-------------------------+
| created rcbill_my.tempa |
+-------------------------+
1 row in set (0.00 sec)

Query OK, 0 rows affected, 1 warning (0.00 sec)

Query OK, 448023 rows affected (19.74 sec)
Records: 448023  Duplicates: 0  Warnings: 0

+-------------------------+
| message                 |
+-------------------------+
| created rcbill_my.tempb |
+-------------------------+
1 row in set (0.00 sec)

Query OK, 456087 rows affected (21.47 sec)
Records: 456087  Duplicates: 0  Warnings: 0

+-----------+
| message   |
+-----------+
| created a |
+-----------+
1 row in set (0.00 sec)

Query OK, 448034 rows affected (21.87 sec)
Records: 448034  Duplicates: 0  Warnings: 0

+-----------+
| message   |
+-----------+
| created b |
+-----------+
1 row in set (0.00 sec)

Query OK, 0 rows affected (0.02 sec)

Query OK, 0 rows affected (0.03 sec)

Query OK, 0 rows affected (0.03 sec)

Query OK, 492558 rows affected (55.75 sec)
Records: 492558  Duplicates: 0  Warnings: 0

+----------------------------------------------+
| message                                      |
+----------------------------------------------+
| created rcbill_my.cust_cont_payment_cmts_mxk |
+----------------------------------------------+
1 row in set (0.00 sec)

Query OK, 0 rows affected (0.02 sec)

Query OK, 0 rows affected (0.01 sec)

Query OK, 0 rows affected, 1 warning (0.00 sec)

Query OK, 0 rows affected (0.02 sec)

Query OK, 44268 rows affected (17.66 sec)
Records: 44268  Duplicates: 0  Warnings: 0

+--------------------------------------------------+
| message                                          |
+--------------------------------------------------+
| created rcbill_my.rep_cust_cont_payment_cmts_mxk |
+--------------------------------------------------+
1 row in set (0.00 sec)

Query OK, 0 rows affected, 1 warning (0.00 sec)

Query OK, 0 rows affected, 1 warning (0.00 sec)

Query OK, 0 rows affected (0.02 sec)

Query OK, 44268 rows affected, 5 warnings (8.27 sec)
Records: 44268  Duplicates: 0  Warnings: 5

+----------------------+
| rep_custconsolidated |
+----------------------+
|                44268 |
+----------------------+
1 row in set (0.51 sec)

Query OK, 0 rows affected (0.01 sec)

+------------------------------------+
| message                            |
+------------------------------------+
| creating rcbill_my.rep_custextract |
+------------------------------------+
1 row in set (0.00 sec)

Query OK, 44268 rows affected (1.21 sec)
Records: 44268  Duplicates: 0  Warnings: 0

+-----------------+
| rep_custextract |
+-----------------+
|           44268 |
+-----------------+
1 row in set (0.01 sec)

Query OK, 0 rows affected (0.00 sec)

Query OK, 0 rows affected (0.01 sec)

+----------------------------------------------+
| message                                      |
+----------------------------------------------+
| creating rcbill_my.retentioncustomeractivity |
+----------------------------------------------+
1 row in set (0.00 sec)

Query OK, 876 rows affected (0.10 sec)
Records: 876  Duplicates: 0  Warnings: 0

+---------------------------+
| retentioncustomeractivity |
+---------------------------+
|                       876 |
+---------------------------+
1 row in set (0.00 sec)

+-----------+------------------------------------+------------+-------------+-----------------+------------------+---------------------+-------------------+
| HFC_NODE  | NODENAME                           | CMTS_DATE  | INSERTED_ON | UNIQUE_ACCOUNTS | UNIQUE_CONTRACTS | UNIQUE_MAC_INRCBOSS | UNIQUE_MAC_INCMTS |
+-----------+------------------------------------+------------+-------------+-----------------+------------------+---------------------+-------------------+
| NULL      | NULL                               | NULL       | 2020-11-07  |            6927 |             7321 |                7369 |                 0 |
| C5/0/0/U0 | ANSE-BOILEAU-2                     | 2020-07-27 | 2020-11-07  |             182 |              186 |                 182 |               188 |
| C5/0/0/U1 | 500-C3-ANSE-BOILEAU                | 2020-07-27 | 2020-11-07  |             181 |              185 |                 181 |               191 |
| C5/0/1/U0 | 501-C4-LA-MISIERE-LEFT-I           | 2020-07-27 | 2020-11-07  |             155 |              160 |                 155 |               161 |
| C5/0/1/U1 | 501-C5-LA-MISIERE-RIGHT            | 2020-07-27 | 2020-11-07  |             112 |              114 |                 112 |               115 |
| C5/0/1/U2 | 501-C7-LA-MISIERE-LEFT-II          | 2020-07-27 | 2020-11-07  |             153 |              156 |                 153 |               161 |
| C5/0/2/U0 | 502-C8-LA-LOUISE                   | 2020-07-27 | 2020-11-07  |             147 |              147 |                 147 |               151 |
| C5/0/2/U1 | LA-LOUISE-2                        | 2020-07-27 | 2020-11-07  |             143 |              144 |                 143 |               146 |
| C5/0/3/U0 | 504-C6-PETIT-PARIS                 | 2020-07-27 | 2020-11-07  |             161 |              164 |                 161 |               163 |
| C5/0/3/U1 | PETIT-PARIS-23                     | 2020-07-27 | 2020-11-07  |              80 |               82 |                  80 |                80 |
| C5/0/4/U0 | FOUR-SEASONS                       | 2020-07-27 | 2020-11-07  |               4 |                4 |                   4 |                 4 |
| C5/0/4/U1 | ANCHOR-CAFE-I                      | 2020-07-27 | 2020-11-07  |             149 |              153 |                 149 |               149 |
| C5/0/4/U2 | ANCHOR-CAFE-II                     | 2020-07-27 | 2020-11-07  |             155 |              156 |                 155 |               158 |
| C5/1/0/U0 | POINTE-LARUE-AIRPORT-23            | 2020-07-27 | 2020-11-07  |             101 |              104 |                 102 |               109 |
| C5/1/0/U1 | PPROVIDENCE-23                     | 2020-07-27 | 2020-11-07  |              20 |               22 |                  20 |                20 |
| C5/1/0/U2 | ROSHE-CAIMAN-23                    | 2020-07-27 | 2020-11-07  |              10 |               10 |                  10 |                10 |
| C5/1/0/U3 | HEAD-OFFICE | HO-23                | 2020-07-27 | 2020-11-07  |              21 |               21 |                  21 |                23 |
| C5/1/1/U1 | C5-UNION-VALE                      | 2020-07-27 | 2020-11-07  |             195 |              198 |                 195 |               198 |
| C5/1/3/U0 | POINTE-LARUE-AIRPORT-27            | 2020-07-27 | 2020-11-07  |             148 |              153 |                 148 |               153 |
| C5/1/3/U1 | PPROVIDENCE-27                     | 2020-07-27 | 2020-11-07  |              24 |               24 |                  24 |                24 |
| C5/1/3/U2 | ROSHE-CAIMAN-27                    | 2020-07-27 | 2020-11-07  |              30 |               31 |                  30 |                30 |
| C5/1/3/U3 | HEAD-OFFICE | HO-27                | 2020-07-27 | 2020-11-07  |              19 |               20 |                  19 |                19 |
| C5/1/4/U0 | ANSE-ROYALE-27                     | 2020-07-27 | 2020-11-07  |             100 |              102 |                 100 |               102 |
| C5/1/4/U1 | GLACIS-2-57                        | 2020-07-27 | 2020-11-07  |              59 |               64 |                  59 |                60 |
| C5/1/4/U2 | NULL                               | 2020-07-27 | 2020-11-07  |             104 |              106 |                 104 |               104 |
| C5/1/4/U3 | GLACIS-1                           | 2020-07-27 | 2020-11-07  |              47 |               48 |                  47 |                48 |
| C6/0/1/U0 | SERRET-ROAD-RIGHT/CURIO/PASCAL     | 2020-07-27 | 2020-11-07  |             130 |              133 |                 130 |               134 |
| C6/0/1/U1 | SERRET-ROAD-LEFT/ST.LOUIS/TOWN     | 2020-07-27 | 2020-11-07  |             105 |              111 |                 106 |               112 |
| C6/0/1/U2 | SERRET-ROAD-RIGHT/CURIO/PASCAL-2   | 2020-07-27 | 2020-11-07  |             123 |              124 |                 123 |               125 |
| C6/0/1/U3 | SERRET-ROAD-LEFT/ST.LOUIS/TOWN-2   | 2020-07-27 | 2020-11-07  |             103 |              107 |                 103 |               109 |
| C6/0/2/U0 | SANS-SOUCIS-I                      | 2020-07-27 | 2020-11-07  |             106 |              107 |                 104 |               110 |
| C6/0/2/U1 | SANS-SOUCIS-II                     | 2020-07-27 | 2020-11-07  |              97 |              100 |                  97 |               107 |
| C6/0/2/U2 | BEL-AIR-27                         | 2020-07-27 | 2020-11-07  |             116 |              123 |                 116 |               121 |
| C6/0/2/U3 | BEL-AIR-38                         | 2020-07-27 | 2020-11-07  |              76 |               77 |                  76 |                76 |
| C6/0/3/U0 | LES-MAMELLES-23                    | 2020-07-27 | 2020-11-07  |              72 |               72 |                  72 |                76 |
| C6/0/3/U1 | VICTORIA-23                        | 2020-07-27 | 2020-11-07  |               8 |                8 |                   8 |                12 |
| C6/0/4/U0 | LES-MAMELLES-27                    | 2020-07-27 | 2020-11-07  |              82 |               82 |                  82 |                83 |
| C6/0/4/U1 | VICTORIA-27                        | 2020-07-27 | 2020-11-07  |              35 |               36 |                  36 |                36 |
| C7/1/0/U0 | LA-RETRAITE-23                     | 2020-07-27 | 2020-11-07  |              96 |               99 |                  96 |               102 |
| C7/1/0/U1 | TEA-FACTORY-23                     | 2020-07-27 | 2020-11-07  |              16 |               19 |                  18 |                22 |
| C7/1/0/U2 | PAS-23                             | 2020-07-27 | 2020-11-07  |              84 |               87 |                  84 |                87 |
| C7/1/1/U0 | REEF-ESTATE-23                     | 2020-07-27 | 2020-11-07  |              82 |               84 |                  82 |                83 |
| C7/1/2/U0 | LA-RETRAITE-27                     | 2020-07-27 | 2020-11-07  |              81 |               82 |                  81 |                84 |
| C7/1/2/U1 | TEA-FACTORY-27                     | 2020-07-27 | 2020-11-07  |              34 |               44 |                  35 |                37 |
| C7/1/2/U2 | PAS-27                             | 2020-07-27 | 2020-11-07  |             107 |              109 |                 107 |               110 |
| C7/1/3/U0 | MT-BUXTON-27                       | 2020-07-27 | 2020-11-07  |             161 |              163 |                 161 |               166 |
| C7/1/3/U1 | MT-BUXTON-23                       | 2020-07-27 | 2020-11-07  |              73 |               76 |                  74 |                76 |
| C7/1/4/U0 | REEF-ESTATE-27                     | 2020-07-27 | 2020-11-07  |              98 |               99 |                  98 |                99 |
| C8/0/0/U0 | POLICE-ACADEMY-1-27 - POINTE LARUE | 2020-07-27 | 2020-11-07  |             216 |              217 |                 216 |               219 |
| C8/0/0/U1 | NULL                               | 2020-07-27 | 2020-11-07  |             101 |              105 |                 101 |               103 |
| C8/0/1/U0 | NULL                               | 2020-07-27 | 2020-11-07  |             195 |              197 |                 194 |               196 |
| C8/0/1/U1 | POLICE-ACADEMY-2-27 - TURTLE BAY   | 2020-07-27 | 2020-11-07  |             159 |              163 |                 160 |               161 |
| C8/0/2/U0 | BEAU-VALLON-LEFT-1-57              | 2020-07-27 | 2020-11-07  |              29 |               29 |                  29 |                29 |
| C8/0/3/U1 | BEAU-VALLON-RIGHT-2-57             | 2020-07-27 | 2020-11-07  |              50 |               54 |                  50 |                54 |
| C8/1/0/U0 | MA-JOIE-NODE-27                    | 2020-07-27 | 2020-11-07  |              95 |               96 |                  95 |                97 |
| C8/1/0/U1 | BELONIE-27                         | 2020-07-27 | 2020-11-07  |             147 |              149 |                 146 |               150 |
| C8/1/0/U3 | MA-JOIE-NODE-23                    | 2020-07-27 | 2020-11-07  |             105 |              106 |                 104 |               105 |
| C8/1/1/U0 | 611-C1-ROJN I                      | 2020-07-27 | 2020-11-07  |             115 |              115 |                 115 |               115 |
| C8/1/1/U1 | 611-C5-ROJN II                     | 2020-07-27 | 2020-11-07  |             134 |              136 |                 134 |               136 |
| C8/1/2/U0 | 612-C2-ANSE-ETOILE                 | 2020-07-27 | 2020-11-07  |             130 |              130 |                 130 |               132 |
| C8/1/2/U1 | ANSE-ETOILE-U2                     | 2020-07-27 | 2020-11-07  |              71 |               72 |                  71 |                73 |
| C8/1/3/U0 | 613-C3-ANSE-GAULETTE I             | 2020-07-27 | 2020-11-07  |              69 |               73 |                  69 |                74 |
| C8/1/3/U1 | 613-C7-ANSE-GAULETTE II            | 2020-07-27 | 2020-11-07  |              69 |               73 |                  69 |                69 |
| C8/1/3/U2 | 613-C3-ANSE-GAULETTE III           | 2020-07-27 | 2020-11-07  |              35 |               37 |                  35 |                35 |
| C8/1/3/U3 | TAKAMAKA I                         | 2020-07-27 | 2020-11-07  |              98 |              101 |                  98 |               101 |
| C8/1/3/U4 | TAKAMAKA II                        | 2020-07-27 | 2020-11-07  |             100 |              102 |                 100 |               102 |
| C8/1/4/U0 | 614-BEOLIERE-NODE-1                | 2020-07-27 | 2020-11-07  |             119 |              125 |                 120 |               126 |
| C8/1/4/U1 | 614-BEOLIERE-NODE-2                | 2020-07-27 | 2020-11-07  |              98 |               98 |                  98 |               104 |
+-----------+------------------------------------+------------+-------------+-----------------+------------------+---------------------+-------------------+
68 rows in set (0.16 sec)

+-----------------------+------------+-------------+-----------------+------------------+----------------------+-------------------+
| MXK_NAME              | MXK_DATE   | INSERTED_ON | UNIQUE_ACCOUNTS | UNIQUE_CONTRACTS | UNIQUE_FSAN_INRCBOSS | UNIQUE_FSAN_INMXK |
+-----------------------+------------+-------------+-----------------+------------------+----------------------+-------------------+
| NULL                  | NULL       | 2020-11-07  |            1187 |             1201 |                 1190 |                 0 |
| MXK-MAHE-ANSEETOILE   | 2020-07-27 | 2020-11-07  |             376 |              380 |                  379 |               398 |
| MXK-MAHE-ANSEROYALE   | 2020-07-27 | 2020-11-07  |             174 |              174 |                  173 |               198 |
| MXK-MAHE-BEAUVALLON-1 | 2020-07-27 | 2020-11-07  |            1803 |             1826 |                 1817 |              1919 |
| MXK-MAHE-BEAUVALLON-2 | 2020-07-27 | 2020-11-07  |              25 |               25 |                   25 |                30 |
| MXK-MAHE-PERSEVERANCE | 2020-07-27 | 2020-11-07  |            1061 |             1072 |                 1073 |              1241 |
| MXK-MAHE-PROVIDENCE   | 2020-07-27 | 2020-11-07  |             985 |             1013 |                  941 |              1192 |
| MXK-PRASLIN-GRANDANSE | 2020-07-27 | 2020-11-07  |            1292 |             1295 |                 1288 |              1514 |
+-----------------------+------------+-------------+-----------------+------------------+----------------------+-------------------+
8 rows in set (0.08 sec)

mysql> mysql \. C:\workspace\cloud\code\sql\_DailyScript\currenttime.sql
+---------------------+
| currenttime         |
+---------------------+
| 2020-11-07 10:51:53 |
+---------------------+
1 row in set (0.00 sec)

mysql> 
mysql> 
mysql> mysql \. C:\workspace\cloud\code\sql\Analysis\service_tickets_assignments.sql
Query OK, 0 rows affected (0.05 sec)

Query OK, 96680 rows affected (16.13 sec)
Records: 96680  Duplicates: 0  Warnings: 0

+-------------------------+
| rep_servicetickets_2020 |
+-------------------------+
|                   96680 |
+-------------------------+
1 row in set (2.26 sec)

mysql> mysql \. C:\workspace\cloud\code\sql\_DailyScript\currenttime.sql
+---------------------+
| currenttime         |
+---------------------+
| 2020-11-07 10:52:12 |
+---------------------+
1 row in set (0.00 sec)

mysql> 
mysql> 
mysql> exit
