    -> 
    -> mysql \. C:\workspace\cloud\code\sql\_DailyScript\_setdates.sql
Database changed
Query OK, 0 rows affected (0.00 sec)

Query OK, 0 rows affected (0.00 sec)

Query OK, 0 rows affected (0.00 sec)

Query OK, 0 rows affected (0.00 sec)

Query OK, 0 rows affected (0.00 sec)

Query OK, 0 rows affected (0.00 sec)

Query OK, 0 rows affected (0.00 sec)

Query OK, 0 rows affected (0.00 sec)

Query OK, 0 rows affected (0.00 sec)

Query OK, 0 rows affected (0.00 sec)

Query OK, 0 rows affected (0.00 sec)

Query OK, 0 rows affected (0.00 sec)

Query OK, 0 rows affected (0.00 sec)

Query OK, 0 rows affected (0.00 sec)

Query OK, 0 rows affected (0.00 sec)

Query OK, 0 rows affected (0.00 sec)

Query OK, 0 rows affected (0.00 sec)

Query OK, 0 rows affected (0.00 sec)

Query OK, 0 rows affected (0.00 sec)

Query OK, 0 rows affected (0.00 sec)

Query OK, 0 rows affected (0.00 sec)

mysql> mysql \. C:\workspace\cloud\code\sql\_DailyScript\currenttime.sql
+---------------------+
| currenttime         |
+---------------------+
| 2019-07-02 08:32:43 |
+---------------------+
1 row in set (0.00 sec)

mysql> 
mysql> mysql \. C:\workspace\cloud\code\sql\_DailyScript\load_RCB_VODTITLES.sql
Database changed
Query OK, 0 rows affected (0.00 sec)

Query OK, 5365 rows affected (0.08 sec)

Query OK, 5367 rows affected, 5367 warnings (0.15 sec)
Records: 5367  Deleted: 0  Skipped: 0  Warnings: 5367

Query OK, 0 rows affected (0.00 sec)

Query OK, 2 rows affected (0.01 sec)

+-----------+
| VODTITLES |
+-----------+
|      5825 |
+-----------+
1 row in set (0.00 sec)

+-----------+-----------+
| titletype | typecount |
+-----------+-----------+
| E         |      4092 |
| N         |       165 |
| T         |      1108 |
| NULL      |      5365 |
+-----------+-----------+
4 rows in set (0.02 sec)

mysql> mysql \. C:\workspace\cloud\code\sql\_DailyScript\currenttime.sql
+---------------------+
| currenttime         |
+---------------------+
| 2019-07-02 08:32:43 |
+---------------------+
1 row in set (0.00 sec)

mysql> 
mysql> mysql \. C:\workspace\cloud\code\sql\_DailyScript\DAILY-SCRIPT-LIVETV-STATS.sql
Database changed
Query OK, 0 rows affected (0.01 sec)

Query OK, 53971 rows affected (0.84 sec)
Records: 53971  Duplicates: 0  Warnings: 0

+------------+------------+----------+--------------+--------------+-----------+-------------+----------+--------+------+------------+---------+---------------+
| Table      | Non_unique | Key_name | Seq_in_index | Column_name  | Collation | Cardinality | Sub_part | Packed | Null | Index_type | Comment | Index_comment |
+------------+------------+----------+--------------+--------------+-----------+-------------+----------+--------+------+------------+---------+---------------+
| templivetv |          1 | idxtv1   |            1 | device       | A         |       54467 |     NULL | NULL   | YES  | BTREE      |         |               |
| templivetv |          1 | idxtv2   |            1 | sessionstart | A         |       54467 |     NULL | NULL   | YES  | BTREE      |         |               |
+------------+------------+----------+--------------+--------------+-----------+-------------+----------+--------+------+------------+---------+---------------+
2 rows in set (0.00 sec)

Query OK, 53932 rows affected (13.96 sec)
Records: 53932  Duplicates: 0  Warnings: 0

Query OK, 2639 rows affected (1.02 sec)
Records: 2639  Duplicates: 0  Warnings: 0

Query OK, 0 rows affected (0.00 sec)

Query OK, 0 rows affected (0.00 sec)

Query OK, 143 rows affected (0.19 sec)
Records: 143  Duplicates: 0  Warnings: 0

Query OK, 0 rows affected (0.01 sec)

Query OK, 77747 rows affected (15 min 24.17 sec)
Records: 77747  Duplicates: 0  Warnings: 0

+-----------------+
| rep_livetvstats |
+-----------------+
|           77747 |
+-----------------+
1 row in set (0.03 sec)

mysql> mysql \. C:\workspace\cloud\code\sql\_DailyScript\currenttime.sql
+---------------------+
| currenttime         |
+---------------------+
| 2019-07-02 08:48:24 |
+---------------------+
1 row in set (0.00 sec)

mysql> 
mysql> mysql \. C:\workspace\cloud\code\sql\_DailyScript\DAILY-SCRIPT-VODTS-STATS.sql
Database changed
Query OK, 0 rows affected (0.02 sec)

Query OK, 7327 rows affected (37.09 sec)
Records: 7327  Duplicates: 0  Warnings: 0

+---------+------------+----------+--------------+--------------+-----------+-------------+----------+--------+------+------------+---------+---------------+
| Table   | Non_unique | Key_name | Seq_in_index | Column_name  | Collation | Cardinality | Sub_part | Packed | Null | Index_type | Comment | Index_comment |
+---------+------------+----------+--------------+--------------+-----------+-------------+----------+--------+------+------------+---------+---------------+
| tempvod |          1 | idxtvod1 |            1 | device       | A         |        7568 |     NULL | NULL   | YES  | BTREE      |         |               |
| tempvod |          1 | idxtvod2 |            1 | sessionstart | A         |        7568 |     NULL | NULL   | YES  | BTREE      |         |               |
+---------+------------+----------+--------------+--------------+-----------+-------------+----------+--------+------+------------+---------+---------------+
2 rows in set (0.00 sec)

Query OK, 7266 rows affected (2.00 sec)
Records: 7266  Duplicates: 0  Warnings: 0

Query OK, 0 rows affected (0.01 sec)

Query OK, 249780 rows affected (24.92 sec)
Records: 249780  Duplicates: 0  Warnings: 0

+--------------+
| rep_vodstats |
+--------------+
|       249780 |
+--------------+
1 row in set (0.09 sec)

Database changed
Query OK, 0 rows affected (0.03 sec)

Query OK, 7825 rows affected (3 min 52.90 sec)
Records: 7825  Duplicates: 0  Warnings: 0

+--------+------------+----------+--------------+--------------+-----------+-------------+----------+--------+------+------------+---------+---------------+
| Table  | Non_unique | Key_name | Seq_in_index | Column_name  | Collation | Cardinality | Sub_part | Packed | Null | Index_type | Comment | Index_comment |
+--------+------------+----------+--------------+--------------+-----------+-------------+----------+--------+------+------------+---------+---------------+
| tempts |          1 | idxtts1  |            1 | device       | A         |        7038 |     NULL | NULL   | YES  | BTREE      |         |               |
| tempts |          1 | idxtts2  |            1 | sessionstart | A         |        7038 |     NULL | NULL   | YES  | BTREE      |         |               |
+--------+------------+----------+--------------+--------------+-----------+-------------+----------+--------+------+------------+---------+---------------+
2 rows in set (0.01 sec)

Query OK, 7824 rows affected (9.46 sec)
Records: 7824  Duplicates: 0  Warnings: 0

Query OK, 0 rows affected (0.01 sec)

Query OK, 21244 rows affected (4 min 0.56 sec)
Records: 21244  Duplicates: 0  Warnings: 0

+-------------+
| rep_tsstats |
+-------------+
|       21244 |
+-------------+
1 row in set (0.01 sec)

mysql> mysql \. C:\workspace\cloud\code\sql\_DailyScript\currenttime.sql
+---------------------+
| currenttime         |
+---------------------+
| 2019-07-02 08:57:31 |
+---------------------+
1 row in set (0.00 sec)

mysql> 
mysql> mysql \. C:\workspace\cloud\code\sql\_DailyScript\DAILY-SCRIPT-RADIO-STATS.sql
Database changed
Query OK, 0 rows affected (0.01 sec)

Query OK, 157416 rows affected (4.47 sec)
Records: 157416  Duplicates: 0  Warnings: 0

+-----------+------------+----------+--------------+--------------+-----------+-------------+----------+--------+------+------------+---------+---------------+
| Table     | Non_unique | Key_name | Seq_in_index | Column_name  | Collation | Cardinality | Sub_part | Packed | Null | Index_type | Comment | Index_comment |
+-----------+------------+----------+--------------+--------------+-----------+-------------+----------+--------+------+------------+---------+---------------+
| tempradio |          1 | idxtrad1 |            1 | device       | A         |      157778 |     NULL | NULL   | YES  | BTREE      |         |               |
| tempradio |          1 | idxtrad2 |            1 | sessionstart | A         |      157778 |     NULL | NULL   | YES  | BTREE      |         |               |
+-----------+------------+----------+--------------+--------------+-----------+-------------+----------+--------+------+------------+---------+---------------+
2 rows in set (0.00 sec)

Query OK, 226 rows affected (4.23 sec)
Records: 226  Duplicates: 0  Warnings: 0

Query OK, 0 rows affected (0.01 sec)

Query OK, 2913 rows affected (0.27 sec)
Records: 2913  Duplicates: 0  Warnings: 0

+----------------+
| rep_radiostats |
+----------------+
|           2913 |
+----------------+
1 row in set (0.00 sec)

mysql> mysql \. C:\workspace\cloud\code\sql\_DailyScript\currenttime.sql
+---------------------+
| currenttime         |
+---------------------+
| 2019-07-02 08:57:40 |
+---------------------+
1 row in set (0.00 sec)

mysql> 
mysql> mysql \. C:\workspace\cloud\code\sql\_DailyScript\DAILY_SCRIPT_TELEMETRY_PIVOT.sql
Query OK, 0 rows affected (0.00 sec)

Query OK, 146 rows affected (0.18 sec)
Records: 146  Duplicates: 0  Warnings: 0

Query OK, 0 rows affected (0.02 sec)

Query OK, 4681 rows affected (0.78 sec)
Records: 4681  Duplicates: 0  Warnings: 0

Query OK, 0 rows affected (0.01 sec)

Query OK, 6 rows affected (0.01 sec)
Records: 6  Duplicates: 0  Warnings: 0

Query OK, 0 rows affected (0.00 sec)

Query OK, 54 rows affected (0.04 sec)
Records: 54  Duplicates: 0  Warnings: 0

mysql> mysql \. C:\workspace\cloud\code\sql\_DailyScript\currenttime.sql
+---------------------+
| currenttime         |
+---------------------+
| 2019-07-02 08:57:41 |
+---------------------+
1 row in set (0.00 sec)

mysql> 
mysql> mysql \. C:\workspace\cloud\code\sql\_DailyScript\telemetry_livetv_ranking2019.sql
Query OK, 0 rows affected (0.07 sec)

Query OK, 146 rows affected (0.02 sec)
Records: 146  Duplicates: 0  Warnings: 0

mysql> mysql \. C:\workspace\cloud\code\sql\_DailyScript\currenttime.sql
+---------------------+
| currenttime         |
+---------------------+
| 2019-07-02 08:57:41 |
+---------------------+
1 row in set (0.00 sec)

mysql> 
mysql> mysql \. C:\workspace\cloud\code\sql\_DailyScript\telemetry_radio_ranking2019.sql
Query OK, 0 rows affected (0.00 sec)

Query OK, 6 rows affected (0.01 sec)
Records: 6  Duplicates: 0  Warnings: 0

mysql> mysql \. C:\workspace\cloud\code\sql\_DailyScript\currenttime.sql
+---------------------+
| currenttime         |
+---------------------+
| 2019-07-02 08:57:41 |
+---------------------+
1 row in set (0.00 sec)

mysql> 
mysql> mysql \. C:\workspace\cloud\code\sql\_DailyScript\telemetry_ts_ranking2019.sql
Query OK, 0 rows affected (0.01 sec)

Query OK, 54 rows affected (0.01 sec)
Records: 54  Duplicates: 0  Warnings: 0

mysql> mysql \. C:\workspace\cloud\code\sql\_DailyScript\currenttime.sql
+---------------------+
| currenttime         |
+---------------------+
| 2019-07-02 08:57:41 |
+---------------------+
1 row in set (0.00 sec)

mysql> 
mysql> mysql \. C:\workspace\cloud\code\sql\_DailyScript\telemetry_vod_ranking2019.sql
Query OK, 0 rows affected (0.01 sec)

Query OK, 4681 rows affected (0.33 sec)
Records: 4681  Duplicates: 0  Warnings: 0

mysql> mysql \. C:\workspace\cloud\code\sql\_DailyScript\currenttime.sql
+---------------------+
| currenttime         |
+---------------------+
| 2019-07-02 08:57:42 |
+---------------------+
1 row in set (0.00 sec)

mysql> 
mysql> mysql \. C:\workspace\cloud\code\sql\_DailyScript\telemetry_vod_ranking2019_1.sql
Query OK, 0 rows affected (0.00 sec)

Query OK, 4681 rows affected (0.10 sec)
Records: 4681  Duplicates: 0  Warnings: 0

mysql> mysql \. C:\workspace\cloud\code\sql\_DailyScript\currenttime.sql
+---------------------+
| currenttime         |
+---------------------+
| 2019-07-02 08:57:42 |
+---------------------+
1 row in set (0.00 sec)

mysql> 
mysql> mysql \. C:\workspace\cloud\code\sql\_DailyScript\telemetry_vod_ranking2019_2.sql
Query OK, 0 rows affected (0.01 sec)

Query OK, 4681 rows affected (0.10 sec)
Records: 4681  Duplicates: 0  Warnings: 0

mysql> mysql \. C:\workspace\cloud\code\sql\_DailyScript\currenttime.sql
+---------------------+
| currenttime         |
+---------------------+
| 2019-07-02 08:57:42 |
+---------------------+
1 row in set (0.00 sec)

mysql> 
mysql> mysql \. C:\workspace\cloud\code\sql\_DailyScript\DAILY-SCRIPT-CREATE-LOAD.sql
Database changed
Database changed
Query OK, 0 rows affected (0.04 sec)

Query OK, 0 rows affected (0.01 sec)

Database changed
Query OK, 65393 rows affected (3.34 sec)
Records: 65393  Deleted: 0  Skipped: 0  Warnings: 0

Query OK, 0 rows affected (0.16 sec)
Records: 0  Duplicates: 0  Warnings: 0

Query OK, 0 rows affected (0.32 sec)
Records: 0  Duplicates: 0  Warnings: 0

Query OK, 0 rows affected (0.29 sec)
Records: 0  Duplicates: 0  Warnings: 0

Query OK, 0 rows affected (0.25 sec)
Records: 0  Duplicates: 0  Warnings: 0

+---------+
| clients |
+---------+
|   65393 |
+---------+
1 row in set (0.02 sec)

Query OK, 0 rows affected (0.01 sec)

Query OK, 1973 rows affected (0.54 sec)
Records: 1973  Duplicates: 0  Warnings: 0

+-------------------+
| rcb_clientparcels |
+-------------------+
|              1973 |
+-------------------+
1 row in set (0.00 sec)

Query OK, 0 rows affected (0.01 sec)

Query OK, 84903 rows affected (4.02 sec)
Records: 84903  Duplicates: 0  Warnings: 0

Query OK, 0 rows affected (0.40 sec)
Records: 0  Duplicates: 0  Warnings: 0

Query OK, 0 rows affected (0.04 sec)

Query OK, 65393 rows affected (3.33 sec)
Records: 65393  Duplicates: 0  Warnings: 0

Query OK, 0 rows affected (0.23 sec)
Records: 0  Duplicates: 0  Warnings: 0

Query OK, 0 rows affected (0.25 sec)
Records: 0  Duplicates: 0  Warnings: 0

Query OK, 0 rows affected (0.20 sec)
Records: 0  Duplicates: 0  Warnings: 0

+---------------+
| clientaddress |
+---------------+
|         65393 |
+---------------+
1 row in set (0.02 sec)

Database changed
Query OK, 0 rows affected (0.01 sec)

Query OK, 0 rows affected (0.01 sec)

Database changed
Query OK, 479441 rows affected, 65535 warnings (18.55 sec)
Records: 479441  Deleted: 0  Skipped: 0  Warnings: 186733

Query OK, 0 rows affected (4.99 sec)
Records: 0  Duplicates: 0  Warnings: 0

Query OK, 0 rows affected (2.63 sec)
Records: 0  Duplicates: 0  Warnings: 0

Query OK, 0 rows affected (1.67 sec)
Records: 0  Duplicates: 0  Warnings: 0

Query OK, 0 rows affected (0.04 sec)

Query OK, 479441 rows affected (54.44 sec)
Records: 479441  Duplicates: 0  Warnings: 0

Query OK, 0 rows affected (2.35 sec)
Records: 0  Duplicates: 0  Warnings: 0

Query OK, 0 rows affected (1.74 sec)
Records: 0  Duplicates: 0  Warnings: 0

+-----------+
| contracts |
+-----------+
|    479441 |
+-----------+
1 row in set (0.19 sec)

+-----------------+
| contractaddress |
+-----------------+
|          479441 |
+-----------------+
1 row in set (0.16 sec)

Database changed
Query OK, 0 rows affected (0.01 sec)

Query OK, 0 rows affected (0.00 sec)

Query OK, 6642 rows affected (0.17 sec)
Records: 6642  Deleted: 0  Skipped: 0  Warnings: 0

Query OK, 0 rows affected (0.01 sec)

Query OK, 6611 rows affected (1.27 sec)
Records: 6611  Duplicates: 0  Warnings: 0

Query OK, 0 rows affected (0.03 sec)
Records: 0  Duplicates: 0  Warnings: 0

Query OK, 0 rows affected (0.01 sec)

Query OK, 5443 rows affected (0.05 sec)
Records: 5443  Duplicates: 0  Warnings: 0

Query OK, 0 rows affected (0.03 sec)
Records: 0  Duplicates: 0  Warnings: 0

+-------------------+
| contractdiscounts |
+-------------------+
|              6642 |
+-------------------+
1 row in set (0.00 sec)

+-------------------------+
| clientcontractdiscounts |
+-------------------------+
|                    6611 |
+-------------------------+
1 row in set (0.00 sec)

+----------------------------+
| clientcontractlastdiscount |
+----------------------------+
|                       5443 |
+----------------------------+
1 row in set (0.00 sec)

Database changed
Query OK, 0 rows affected (0.05 sec)

Query OK, 0 rows affected (0.01 sec)

Database changed
Query OK, 129179 rows affected (3.61 sec)
Records: 129179  Deleted: 0  Skipped: 0  Warnings: 0

Query OK, 0 rows affected (0.35 sec)
Records: 0  Duplicates: 0  Warnings: 0

Query OK, 0 rows affected (0.41 sec)
Records: 0  Duplicates: 0  Warnings: 0

Query OK, 0 rows affected (0.46 sec)
Records: 0  Duplicates: 0  Warnings: 0

Query OK, 0 rows affected (0.40 sec)
Records: 0  Duplicates: 0  Warnings: 0

Query OK, 0 rows affected (0.50 sec)
Records: 0  Duplicates: 0  Warnings: 0

Query OK, 0 rows affected (0.66 sec)
Records: 0  Duplicates: 0  Warnings: 0

Query OK, 0 rows affected (0.07 sec)

Query OK, 1635591 rows affected (2 min 52.20 sec)
Records: 1635591  Duplicates: 0  Warnings: 0

+---------+
| devices |
+---------+
|  129179 |
+---------+
1 row in set (0.05 sec)

+-----------------------+
| clientcontractdevices |
+-----------------------+
|               1635591 |
+-----------------------+
1 row in set (0.73 sec)

Query OK, 0 rows affected (0.01 sec)

Query OK, 128989 rows affected (6.61 sec)
Records: 128989  Duplicates: 0  Warnings: 0

+---------------------------+
| rep_clientcontractdevices |
+---------------------------+
|                    128989 |
+---------------------------+
1 row in set (0.05 sec)

Database changed
Query OK, 0 rows affected (0.03 sec)

Query OK, 0 rows affected (0.01 sec)

Query OK, 248533 rows affected (7.14 sec)
Records: 248533  Deleted: 0  Skipped: 0  Warnings: 0

Query OK, 0 rows affected (0.71 sec)
Records: 0  Duplicates: 0  Warnings: 0

Query OK, 0 rows affected (0.68 sec)
Records: 0  Duplicates: 0  Warnings: 0

Query OK, 0 rows affected (0.74 sec)
Records: 0  Duplicates: 0  Warnings: 0

Query OK, 0 rows affected (0.75 sec)
Records: 0  Duplicates: 0  Warnings: 0

+---------+
| tickets |
+---------+
|  248533 |
+---------+
1 row in set (0.08 sec)

Database changed
Query OK, 0 rows affected (0.03 sec)

Query OK, 0 rows affected (0.01 sec)

Empty set (0.00 sec)

Query OK, 0 rows affected (0.01 sec)
Records: 0  Duplicates: 0  Warnings: 0

Query OK, 314 rows affected, 2 warnings (0.02 sec)
Records: 314  Deleted: 0  Skipped: 0  Warnings: 2

+-----------------+
| tickettechusers |
+-----------------+
|             314 |
+-----------------+
1 row in set (0.00 sec)

Database changed
Query OK, 0 rows affected (0.01 sec)

Query OK, 0 rows affected (0.01 sec)

Query OK, 0 rows affected (0.01 sec)
Records: 0  Duplicates: 0  Warnings: 0

Query OK, 518485 rows affected, 42126 warnings (9.63 sec)
Records: 518485  Deleted: 0  Skipped: 0  Warnings: 42126

+-------------------+
| ticketassignments |
+-------------------+
|            518485 |
+-------------------+
1 row in set (0.18 sec)

Database changed
Query OK, 0 rows affected (0.10 sec)

Query OK, 0 rows affected (0.01 sec)

Query OK, 1080882 rows affected (15.26 sec)
Records: 1080882  Deleted: 0  Skipped: 0  Warnings: 0

Query OK, 0 rows affected (7.37 sec)
Records: 0  Duplicates: 0  Warnings: 0

Query OK, 0 rows affected (3.40 sec)
Records: 0  Duplicates: 0  Warnings: 0

Query OK, 0 rows affected (2.71 sec)
Records: 0  Duplicates: 0  Warnings: 0

Query OK, 0 rows affected (2.99 sec)
Records: 0  Duplicates: 0  Warnings: 0

+----------------+
| ticketcomments |
+----------------+
|        1080882 |
+----------------+
1 row in set (0.36 sec)

Database changed
Query OK, 0 rows affected (0.13 sec)

Query OK, 0 rows affected (0.00 sec)

Query OK, 407859 rows affected (46.44 sec)
Records: 407859  Deleted: 0  Skipped: 0  Warnings: 0

Query OK, 0 rows affected (2.67 sec)
Records: 0  Duplicates: 0  Warnings: 0

+----------+
| comments |
+----------+
|   407859 |
+----------+
1 row in set (0.14 sec)

Database changed
Query OK, 0 rows affected (0.06 sec)

Query OK, 0 rows affected (0.01 sec)

Query OK, 848556 rows affected, 65535 warnings (1 min 2.99 sec)
Records: 848556  Deleted: 0  Skipped: 0  Warnings: 848557

Query OK, 0 rows affected (4.30 sec)
Records: 0  Duplicates: 0  Warnings: 0

Query OK, 0 rows affected (2.65 sec)
Records: 0  Duplicates: 0  Warnings: 0

Query OK, 0 rows affected (2.50 sec)
Records: 0  Duplicates: 0  Warnings: 0

Query OK, 0 rows affected (2.69 sec)
Records: 0  Duplicates: 0  Warnings: 0

Query OK, 0 rows affected (3.49 sec)
Records: 0  Duplicates: 0  Warnings: 0

+------------+
| devicesold |
+------------+
|     848556 |
+------------+
1 row in set (0.27 sec)

Database changed
Query OK, 0 rows affected (0.09 sec)

Query OK, 0 rows affected (0.00 sec)

Query OK, 1629375 rows affected (25.94 sec)
Records: 1629375  Deleted: 0  Skipped: 0  Warnings: 0

Query OK, 0 rows affected (6.68 sec)
Records: 0  Duplicates: 0  Warnings: 0

Query OK, 0 rows affected (5.35 sec)
Records: 0  Duplicates: 0  Warnings: 0

Query OK, 0 rows affected (5.03 sec)
Records: 0  Duplicates: 0  Warnings: 0

+------------------+
| contractservices |
+------------------+
|          1629375 |
+------------------+
1 row in set (0.56 sec)

Database changed
Query OK, 0 rows affected (0.05 sec)

Query OK, 0 rows affected (0.01 sec)

Query OK, 3666370 rows affected (1 min 53.12 sec)
Records: 3666370  Deleted: 0  Skipped: 0  Warnings: 0

Query OK, 0 rows affected (14.34 sec)
Records: 0  Duplicates: 0  Warnings: 0

Query OK, 0 rows affected (14.71 sec)
Records: 0  Duplicates: 0  Warnings: 0

Query OK, 0 rows affected (14.81 sec)
Records: 0  Duplicates: 0  Warnings: 0

Query OK, 0 rows affected (12.86 sec)
Records: 0  Duplicates: 0  Warnings: 0

+------------------+
| invoicescontents |
+------------------+
|          3666370 |
+------------------+
1 row in set (1.27 sec)

Database changed
Query OK, 0 rows affected (0.16 sec)

Query OK, 0 rows affected (0.01 sec)

Query OK, 2531926 rows affected (2 min 57.35 sec)
Records: 2531926  Deleted: 0  Skipped: 0  Warnings: 0

Query OK, 0 rows affected (14.53 sec)
Records: 0  Duplicates: 0  Warnings: 0

Query OK, 0 rows affected (13.11 sec)
Records: 0  Duplicates: 0  Warnings: 0

Query OK, 0 rows affected (10.37 sec)
Records: 0  Duplicates: 0  Warnings: 0

Query OK, 0 rows affected (12.54 sec)
Records: 0  Duplicates: 0  Warnings: 0

Query OK, 0 rows affected (11.60 sec)
Records: 0  Duplicates: 0  Warnings: 0

+----------------+
| invoicesheader |
+----------------+
|        2531926 |
+----------------+
1 row in set (0.88 sec)

Database changed
Query OK, 0 rows affected (0.05 sec)

Query OK, 0 rows affected (0.01 sec)

Query OK, 2656975 rows affected (1 min 23.62 sec)
Records: 2656975  Deleted: 0  Skipped: 0  Warnings: 0

Query OK, 0 rows affected (11.87 sec)
Records: 0  Duplicates: 0  Warnings: 0

Query OK, 0 rows affected (9.83 sec)
Records: 0  Duplicates: 0  Warnings: 0

Query OK, 0 rows affected (9.38 sec)
Records: 0  Duplicates: 0  Warnings: 0

Query OK, 0 rows affected (9.53 sec)
Records: 0  Duplicates: 0  Warnings: 0

+---------+
| casa    |
+---------+
| 2656975 |
+---------+
1 row in set (0.95 sec)

Query OK, 0 rows affected (0.01 sec)

Query OK, 12474 rows affected (1 min 22.64 sec)
Records: 12474  Duplicates: 0  Warnings: 0

+--------------------+
| rep_paycol_channel |
+--------------------+
|              12474 |
+--------------------+
1 row in set (0.01 sec)

Query OK, 0 rows affected (0.01 sec)

Query OK, 8272 rows affected (1 min 34.05 sec)
Records: 8272  Duplicates: 0  Warnings: 0

+----------------+
| rep_paycol_pos |
+----------------+
|           8272 |
+----------------+
1 row in set (0.01 sec)

Database changed
Query OK, 0 rows affected (0.01 sec)

Query OK, 0 rows affected (0.00 sec)

Database changed
Query OK, 38140 rows affected (0.93 sec)
Records: 38140  Deleted: 0  Skipped: 0  Warnings: 0

+-------+
| users |
+-------+
| 38140 |
+-------+
1 row in set (0.02 sec)

Database changed
Query OK, 0 rows affected (0.08 sec)

Query OK, 0 rows affected (0.01 sec)

Database changed
Query OK, 11504287 rows affected (2 min 26.77 sec)
Records: 11504287  Deleted: 0  Skipped: 0  Warnings: 0

Query OK, 0 rows affected (43.60 sec)
Records: 0  Duplicates: 0  Warnings: 0

Query OK, 0 rows affected (42.90 sec)
Records: 0  Duplicates: 0  Warnings: 0

Query OK, 0 rows affected (42.41 sec)
Records: 0  Duplicates: 0  Warnings: 0

Query OK, 0 rows affected (37.54 sec)
Records: 0  Duplicates: 0  Warnings: 0

+----------+
| ipusage1 |
+----------+
| 11504287 |
+----------+
1 row in set (8.09 sec)

Query OK, 0 rows affected (0.10 sec)

Query OK, 11599286 rows affected, 65535 warnings (15 min 26.75 sec)
Records: 11599286  Duplicates: 0  Warnings: 11588738

Query OK, 0 rows affected (43.18 sec)
Records: 0  Duplicates: 0  Warnings: 0

Query OK, 0 rows affected (45.57 sec)
Records: 0  Duplicates: 0  Warnings: 0

Query OK, 0 rows affected (42.62 sec)
Records: 0  Duplicates: 0  Warnings: 0

Query OK, 0 rows affected (40.82 sec)
Records: 0  Duplicates: 0  Warnings: 0

Query OK, 0 rows affected (58.45 sec)
Records: 0  Duplicates: 0  Warnings: 0

Query OK, 0 rows affected (1 min 3.80 sec)
Records: 0  Duplicates: 0  Warnings: 0

Query OK, 0 rows affected (1 min 0.33 sec)
Records: 0  Duplicates: 0  Warnings: 0

+----------+
| ipusage  |
+----------+
| 11599286 |
+----------+
1 row in set (4.55 sec)

Query OK, 0 rows affected (0.05 sec)

Query OK, 3870864 rows affected (3 min 15.67 sec)
Records: 3870864  Duplicates: 0  Warnings: 0

Query OK, 0 rows affected (16.90 sec)
Records: 0  Duplicates: 0  Warnings: 0

Query OK, 0 rows affected (14.08 sec)
Records: 0  Duplicates: 0  Warnings: 0

Query OK, 0 rows affected (16.86 sec)
Records: 0  Duplicates: 0  Warnings: 0

Query OK, 0 rows affected (24.50 sec)
Records: 0  Duplicates: 0  Warnings: 0

Query OK, 0 rows affected (10.44 sec)
Records: 0  Duplicates: 0  Warnings: 0

Query OK, 0 rows affected (0.12 sec)

Query OK, 336645 rows affected (36.79 sec)
Records: 336645  Duplicates: 0  Warnings: 0

Query OK, 0 rows affected (1.51 sec)
Records: 0  Duplicates: 0  Warnings: 0

Query OK, 0 rows affected (1.43 sec)
Records: 0  Duplicates: 0  Warnings: 0

Query OK, 0 rows affected (1.60 sec)
Records: 0  Duplicates: 0  Warnings: 0

Query OK, 0 rows affected (1.04 sec)
Records: 0  Duplicates: 0  Warnings: 0

Query OK, 0 rows affected (1.00 sec)
Records: 0  Duplicates: 0  Warnings: 0

Query OK, 0 rows affected (0.02 sec)

Query OK, 1629272 rows affected (1 min 2.60 sec)
Records: 1629272  Duplicates: 0  Warnings: 0

Query OK, 0 rows affected (9.03 sec)
Records: 0  Duplicates: 0  Warnings: 0

Query OK, 0 rows affected (4.33 sec)
Records: 0  Duplicates: 0  Warnings: 0

Query OK, 0 rows affected (6.66 sec)
Records: 0  Duplicates: 0  Warnings: 0

mysql> mysql \. C:\workspace\cloud\code\sql\_DailyScript\currenttime.sql
+---------------------+
| currenttime         |
+---------------------+
| 2019-07-02 09:51:41 |
+---------------------+
1 row in set (0.00 sec)

mysql> 
mysql> mysql \. C:\workspace\cloud\code\sql\_DailyScript\ticket_analysis.sql
Database changed
Query OK, 0 rows affected (0.03 sec)

Query OK, 441862 rows affected (20.92 sec)
Records: 441862  Duplicates: 0  Warnings: 0

Query OK, 0 rows affected (4.71 sec)
Records: 0  Duplicates: 0  Warnings: 0

Query OK, 0 rows affected (1.54 sec)
Records: 0  Duplicates: 0  Warnings: 0

Query OK, 0 rows affected (1.50 sec)
Records: 0  Duplicates: 0  Warnings: 0

Query OK, 0 rows affected (0.01 sec)

Query OK, 15627 rows affected (10.06 sec)
Records: 15627  Duplicates: 0  Warnings: 0

Query OK, 0 rows affected, 1 warning (0.00 sec)

Query OK, 60757 rows affected (6.12 sec)
Records: 60757  Duplicates: 0  Warnings: 0

Query OK, 0 rows affected, 1 warning (0.00 sec)

Query OK, 315800 rows affected (10.07 sec)
Records: 315800  Duplicates: 0  Warnings: 0

Query OK, 0 rows affected, 1 warning (0.00 sec)

Query OK, 315800 rows affected (11.04 sec)
Records: 315800  Duplicates: 0  Warnings: 0

Query OK, 0 rows affected (0.01 sec)

Query OK, 60800 rows affected (3.97 sec)
Records: 60800  Duplicates: 0  Warnings: 0

Database changed
Query OK, 0 rows affected (0.00 sec)

Query OK, 0 rows affected (0.04 sec)

Query OK, 441862 rows affected (18.05 sec)
Records: 441862  Duplicates: 0  Warnings: 0

Query OK, 0 rows affected (0.01 sec)

Query OK, 211038 rows affected (13.00 sec)
Records: 211038  Duplicates: 0  Warnings: 0

+--------------------------+
| clientticket_cmmtjourney |
+--------------------------+
|                   441862 |
+--------------------------+
1 row in set (2.58 sec)

+---------------------------+
| clientticket_assgnjourney |
+---------------------------+
|                    211038 |
+---------------------------+
1 row in set (0.29 sec)

Query OK, 0 rows affected (0.01 sec)

Query OK, 65 rows affected (0.10 sec)
Records: 65  Duplicates: 0  Warnings: 0

mysql> mysql \. C:\workspace\cloud\code\sql\_DailyScript\currenttime.sql
+---------------------+
| currenttime         |
+---------------------+
| 2019-07-02 09:53:25 |
+---------------------+
1 row in set (0.00 sec)

mysql> 
mysql> mysql \. C:\workspace\cloud\code\sql\_DailyScript\load_DailyCalls.sql
Database changed
Query OK, 711 rows affected (0.69 sec)
Records: 711  Deleted: 0  Skipped: 0  Warnings: 0

Query OK, 0 rows affected, 1 warning (0.00 sec)

Query OK, 683 rows affected (0.16 sec)
Records: 683  Duplicates: 0  Warnings: 0

Query OK, 0 rows affected, 1 warning (0.00 sec)

Query OK, 66968 rows affected (0.59 sec)
Records: 66968  Duplicates: 0  Warnings: 0

+----------------------+
| callingclientsbefore |
+----------------------+
|               711542 |
+----------------------+
1 row in set (1.66 sec)

Query OK, 907 rows affected (18.80 sec)
Records: 907  Duplicates: 0  Warnings: 0

+---------------------+
| callingclientsafter |
+---------------------+
|              712449 |
+---------------------+
1 row in set (0.26 sec)

Query OK, 0 rows affected (0.01 sec)

Query OK, 450 rows affected (14.26 sec)
Records: 450  Duplicates: 0  Warnings: 0

Query OK, 0 rows affected (0.00 sec)

Query OK, 14522 rows affected (2.67 sec)
Records: 14522  Duplicates: 0  Warnings: 0

+-----------+
| callstats |
+-----------+
|     14522 |
+-----------+
1 row in set (0.01 sec)

Query OK, 0 rows affected, 1 warning (0.00 sec)

Query OK, 907 rows affected (7.58 sec)
Records: 907  Duplicates: 0  Warnings: 0

+------------------------+
| rep_cccallreportbefore |
+------------------------+
|                 715185 |
+------------------------+
1 row in set (0.25 sec)

Query OK, 907 rows affected (2.04 sec)
Records: 907  Duplicates: 0  Warnings: 0

+-----------------------+
| rep_cccallreportafter |
+-----------------------+
|                716092 |
+-----------------------+
1 row in set (0.27 sec)

Query OK, 0 rows affected (0.00 sec)

mysql> mysql \. C:\workspace\cloud\code\sql\_DailyScript\currenttime.sql
+---------------------+
| currenttime         |
+---------------------+
| 2019-07-02 09:54:14 |
+---------------------+
1 row in set (0.00 sec)

mysql> 
mysql> mysql \. C:\workspace\cloud\code\sql\_DailyScript\DAILY-SCRIPT-USAGE.sql
Database changed
Query OK, 0 rows affected (0.00 sec)

ERROR 2 (HY000): File 'C:\ProgramData\MySQL\MySQL Server 5.7\Uploads\_csv\cdrUsageClient-Capped-01072019.csv' not found (Errcode: 2 - No such file or directory)
Query OK, 0 rows affected (0.00 sec)

ERROR 2 (HY000): File 'C:\ProgramData\MySQL\MySQL Server 5.7\Uploads\_csv\cdrUsageClient-UnCapped-01072019.csv' not found (Errcode: 2 - No such file or directory)
Query OK, 0 rows affected (0.00 sec)

ERROR 2 (HY000): File 'C:\ProgramData\MySQL\MySQL Server 5.7\Uploads\_csv\cdrUsageClient-PREPAID-01072019.csv' not found (Errcode: 2 - No such file or directory)
Query OK, 0 rows affected (0.00 sec)

ERROR 2 (HY000): File 'C:\ProgramData\MySQL\MySQL Server 5.7\Uploads\_csv\cdrUsageClient-Hotspot-01072019.csv' not found (Errcode: 2 - No such file or directory)
+------------+
| dailyusage |
+------------+
|    6554258 |
+------------+
1 row in set (18.48 sec)

+------------+------------+------------+---------+
| datestart  | dateend    | insertedon | records |
+------------+------------+------------+---------+
| 2019-06-30 | 2019-06-30 | 2019-07-01 |   16960 |
| 2019-06-29 | 2019-06-29 | 2019-06-30 |   17254 |
| 2019-06-28 | 2019-06-28 | 2019-06-29 |   17481 |
| 2019-06-27 | 2019-06-27 | 2019-06-28 |   17598 |
| 2019-06-26 | 2019-06-26 | 2019-06-27 |   17556 |
+------------+------------+------------+---------+
5 rows in set (2 min 59.21 sec)

mysql> mysql \. C:\workspace\cloud\code\sql\_DailyScript\currenttime.sql
+---------------------+
| currenttime         |
+---------------------+
| 2019-07-02 09:57:32 |
+---------------------+
1 row in set (0.00 sec)

mysql> 
mysql> mysql \. C:\workspace\cloud\code\sql\_DailyScript\DAILY-SCRIPT-SALES-TELEMETRY.sql
Database changed
ERROR 2 (HY000): File 'C:\ProgramData\MySQL\MySQL Server 5.7\Uploads\_csv\SalesReport-01072019-1.csv' not found (Errcode: 2 - No such file or directory)
+------------+
| dailysales |
+------------+
|     157929 |
+------------+
1 row in set (0.50 sec)

Query OK, 0 rows affected (0.05 sec)

Query OK, 157929 rows affected (18.80 sec)
Records: 157929  Duplicates: 0  Warnings: 0

+--------+
| sales  |
+--------+
| 157929 |
+--------+
1 row in set (0.07 sec)

Query OK, 0 rows affected (0.01 sec)

Query OK, 2525 rows affected (0.32 sec)
Records: 2525  Duplicates: 0  Warnings: 0

+----------------+
| rep_dailysales |
+----------------+
|           2525 |
+----------------+
1 row in set (0.00 sec)

Query OK, 0 rows affected (0.02 sec)

Query OK, 2525 rows affected (0.53 sec)
Records: 2525  Duplicates: 0  Warnings: 0

+-------------------+
| rep_dailysalesreg |
+-------------------+
|              2525 |
+-------------------+
1 row in set (0.00 sec)

Query OK, 0 rows affected (0.02 sec)

Query OK, 2448 rows affected (0.64 sec)
Records: 2448  Duplicates: 0  Warnings: 0

+-----------+
| saleslist |
+-----------+
|      2448 |
+-----------+
1 row in set (0.00 sec)

Database changed
ERROR 2 (HY000): File 'C:\ProgramData\MySQL\MySQL Server 5.7\Uploads\_csv\PrepaidCardSales-01072019-P1.csv' not found (Errcode: 2 - No such file or directory)
+------------------+
| dailysinglesales |
+------------------+
|             5813 |
+------------------+
1 row in set (0.07 sec)

Database changed
ERROR 2 (HY000): File 'C:\ProgramData\MySQL\MySQL Server 5.7\Uploads\_csv\Sales-Addon-01072019.csv' not found (Errcode: 2 - No such file or directory)
+-----------------+
| dailyaddonsales |
+-----------------+
|           16128 |
+-----------------+
1 row in set (0.07 sec)

ERROR 2 (HY000): File 'C:\ProgramData\MySQL\MySQL Server 5.7\Uploads\_csv\eBarclays-PaymentsList-01072019.csv' not found (Errcode: 2 - No such file or directory)
+----------------+
| onlinepayments |
+----------------+
|          56663 |
+----------------+
1 row in set (0.09 sec)

+-------------+----------------+---------------------+
| paymentdate | onlinepayments | onlinepaymentamount |
+-------------+----------------+---------------------+
| 2019-06-30  |            144 |         89212.26000 |
| 2019-06-29  |            103 |         60732.44000 |
| 2019-06-28  |            173 |        101039.51000 |
| 2019-06-27  |            181 |        125736.91000 |
| 2019-06-26  |            145 |         93826.38000 |
+-------------+----------------+---------------------+
5 rows in set (2.23 sec)

+-------------+--------------+----------------+---------------------+
| paymentyear | paymentmonth | onlinepayments | onlinepaymentamount |
+-------------+--------------+----------------+---------------------+
|        2019 |            6 |           2798 |       1782990.54000 |
|        2019 |            5 |           2949 |       1930613.93000 |
|        2019 |            4 |           2854 |       1881797.80000 |
|        2019 |            3 |           2821 |       1851177.84000 |
|        2019 |            2 |           2441 |       1600446.38000 |
+-------------+--------------+----------------+---------------------+
5 rows in set (0.08 sec)

mysql> mysql \. C:\workspace\cloud\code\sql\_DailyScript\currenttime.sql
+---------------------+
| currenttime         |
+---------------------+
| 2019-07-02 09:57:56 |
+---------------------+
1 row in set (0.00 sec)

mysql> 
mysql> mysql \. C:\workspace\cloud\code\sql\_DailyScript\DAILY-SCRIPT-ACTIVENUMBERS.sql
Database changed
ERROR 2 (HY000): File 'C:\ProgramData\MySQL\MySQL Server 5.7\Uploads\_csv\DailySubscriptionStats-01072019.csv' not found (Errcode: 2 - No such file or directory)
+------------+----------+
| period     | count(1) |
+------------+----------+
| 2019-06-30 |     1300 |
| 2019-06-29 |     1297 |
| 2019-06-28 |     1301 |
| 2019-06-27 |     1301 |
| 2019-06-26 |     1301 |
| 2019-06-25 |     1299 |
+------------+----------+
6 rows in set (0.01 sec)

Query OK, 0 rows affected (0.02 sec)

Query OK, 0 rows affected (0.04 sec)
Records: 0  Duplicates: 0  Warnings: 0

+-------------+
| packagelist |
+-------------+
|           0 |
+-------------+
1 row in set (0.00 sec)

Database changed
Query OK, 0 rows affected (0.00 sec)

Query OK, 0 rows affected (0.00 sec)

Query OK, 0 rows affected (0.00 sec)

Query OK, 0 rows affected (0.00 sec)

ERROR 2 (HY000): File 'C:\ProgramData\MySQL\MySQL Server 5.7\Uploads\_csv\2019-07-01;2019-07-01.csv' not found (Errcode: 2 - No such file or directory)
+------------+----------+
| period     | count(1) |
+------------+----------+
| 2019-06-30 |    26437 |
| 2019-06-29 |    26787 |
| 2019-06-28 |    27097 |
| 2019-06-27 |    26926 |
| 2019-06-26 |    26976 |
+------------+----------+
5 rows in set (0.13 sec)

Query OK, 0 rows affected (0.02 sec)

Query OK, 0 rows affected (0.02 sec)
Records: 0  Duplicates: 0  Warnings: 0

Query OK, 0 rows affected (0.01 sec)
Records: 0  Duplicates: 0  Warnings: 0

Query OK, 0 rows affected (0.01 sec)
Records: 0  Duplicates: 0  Warnings: 0

Query OK, 0 rows affected (0.01 sec)
Records: 0  Duplicates: 0  Warnings: 0

Query OK, 0 rows affected (0.01 sec)
Records: 0  Duplicates: 0  Warnings: 0

Query OK, 0 rows affected (0.01 sec)
Records: 0  Duplicates: 0  Warnings: 0

Query OK, 0 rows affected (0.01 sec)
Records: 0  Duplicates: 0  Warnings: 0

+-------------+
| countbefore |
+-------------+
|    27320560 |
+-------------+
1 row in set (1 min 2.79 sec)

Query OK, 0 rows affected (0.00 sec)
Records: 0  Duplicates: 0  Warnings: 0

+------------+
| countafter |
+------------+
|   27320560 |
+------------+
1 row in set (9.61 sec)

+------------+--------------------------+
| period     | customercontractactivity |
+------------+--------------------------+
| 2019-06-30 |                    25809 |
| 2019-06-29 |                    26159 |
| 2019-06-28 |                    26469 |
| 2019-06-27 |                    26298 |
| 2019-06-26 |                    26348 |
+------------+--------------------------+
5 rows in set (0.07 sec)

Query OK, 0 rows affected (0.02 sec)

Query OK, 218352 rows affected (13 min 55.32 sec)
Records: 218352  Duplicates: 0  Warnings: 0

Query OK, 0 rows affected (1.08 sec)
Records: 0  Duplicates: 0  Warnings: 0

Query OK, 0 rows affected (1.15 sec)
Records: 0  Duplicates: 0  Warnings: 0

Query OK, 0 rows affected (1.06 sec)
Records: 0  Duplicates: 0  Warnings: 0

Query OK, 0 rows affected (0.04 sec)

Query OK, 0 rows affected (0.59 sec)
Records: 0  Duplicates: 0  Warnings: 0

Query OK, 0 rows affected (0.02 sec)

Query OK, 0 rows affected (0.01 sec)
Records: 0  Duplicates: 0  Warnings: 0

Query OK, 0 rows affected (0.02 sec)

Query OK, 0 rows affected (0.02 sec)
Records: 0  Duplicates: 0  Warnings: 0

Query OK, 0 rows affected (0.02 sec)

Query OK, 0 rows affected (0.00 sec)
Records: 0  Duplicates: 0  Warnings: 0

Query OK, 0 rows affected (0.01 sec)

Query OK, 0 rows affected (0.00 sec)
Records: 0  Duplicates: 0  Warnings: 0

Query OK, 0 rows affected (0.01 sec)

Query OK, 0 rows affected (0.01 sec)
Records: 0  Duplicates: 0  Warnings: 0

Query OK, 0 rows affected (0.01 sec)

Query OK, 0 rows affected (0.01 sec)
Records: 0  Duplicates: 0  Warnings: 0

+-------------+
| clientstats |
+-------------+
|           0 |
+-------------+
1 row in set (0.00 sec)

Query OK, 0 rows affected (0.00 sec)

Query OK, 0 rows affected, 1 warning (0.01 sec)
Records: 0  Duplicates: 0  Warnings: 1

Empty set (0.00 sec)

Empty set, 1 warning (0.00 sec)

Empty set, 2 warnings (0.00 sec)

Query OK, 0 rows affected (0.00 sec)

Query OK, 0 rows affected, 3 warnings (0.00 sec)
Records: 0  Duplicates: 0  Warnings: 3

Empty set (0.00 sec)

Query OK, 0 rows affected (0.00 sec)

Query OK, 0 rows affected (0.00 sec)
Records: 0  Duplicates: 0  Warnings: 0

Query OK, 0 rows affected (0.00 sec)

Query OK, 0 rows affected (0.01 sec)
Records: 0  Duplicates: 0  Warnings: 0

+--------------------------------------+
| message                              |
+--------------------------------------+
| running rcbill_my.sp_ActiveNumber2() |
+--------------------------------------+
1 row in set (0.00 sec)

Query OK, 181 rows affected (2 min 42.16 sec)

mysql> mysql \. C:\workspace\cloud\code\sql\_DailyScript\currenttime.sql
+---------------------+
| currenttime         |
+---------------------+
| 2019-07-02 10:15:50 |
+---------------------+
1 row in set (0.00 sec)

mysql> 
mysql> mysql \. C:\workspace\cloud\code\sql\_DailyScript\GetActiveNumbers Average -Pivot.sql
Database changed
+-------------------------------------+
| @today := subdate(current_date(),1) |
+-------------------------------------+
| 2019-07-01                          |
+-------------------------------------+
1 row in set (0.00 sec)

+-------------------------------------+
| @lastdayofmonth := last_day(@today) |
+-------------------------------------+
| 2019-07-31                          |
+-------------------------------------+
1 row in set (0.00 sec)

Query OK, 0 rows affected (0.03 sec)

Query OK, 30314 rows affected, 63132 warnings (51.52 sec)
Records: 30314  Duplicates: 0  Warnings: 63132

Query OK, 0 rows affected (0.07 sec)
Records: 0  Duplicates: 0  Warnings: 0

Query OK, 0 rows affected (0.10 sec)
Records: 0  Duplicates: 0  Warnings: 0

Query OK, 0 rows affected (0.08 sec)
Records: 0  Duplicates: 0  Warnings: 0

+-----------------+
| activenumberavg |
+-----------------+
|           30314 |
+-----------------+
1 row in set (0.01 sec)

Query OK, 0 rows affected (0.01 sec)

Query OK, 1752 rows affected (0.44 sec)
Records: 1752  Duplicates: 0  Warnings: 0

+---------------------+
| rep_activenumberavg |
+---------------------+
|                1752 |
+---------------------+
1 row in set (0.00 sec)

+----------------------+
| rep_activenumberavg1 |
+----------------------+
|                  831 |
+----------------------+
1 row in set (0.00 sec)

Query OK, 0 rows affected (0.00 sec)

Query OK, 1536 rows affected (0.34 sec)
Records: 1536  Duplicates: 0  Warnings: 0

Query OK, 0 rows affected (0.01 sec)

Query OK, 7776 rows affected (0.60 sec)
Records: 7776  Duplicates: 0  Warnings: 0

Query OK, 0 rows affected (0.00 sec)

Query OK, 0 rows affected (0.00 sec)

Query OK, 0 rows affected (0.02 sec)

Query OK, 0 rows affected (0.00 sec)

Query OK, 0 rows affected (0.00 sec)
Statement prepared

Query OK, 53 rows affected (0.03 sec)
Records: 53  Duplicates: 0  Warnings: 0

Query OK, 0 rows affected (0.00 sec)

Query OK, 0 rows affected (0.00 sec)

+----------------------+
| rep_activenumberavg2 |
+----------------------+
|                 1536 |
+----------------------+
1 row in set (0.00 sec)

+------------------------+
| rep_activenumberavg_pv |
+------------------------+
|                     53 |
+------------------------+
1 row in set (0.00 sec)

Query OK, 0 rows affected (0.00 sec)

Query OK, 1536 rows affected (0.29 sec)
Records: 1536  Duplicates: 0  Warnings: 0

Query OK, 0 rows affected (0.00 sec)

Query OK, 0 rows affected (0.00 sec)

Query OK, 0 rows affected (0.07 sec)

Query OK, 0 rows affected (0.00 sec)

Query OK, 0 rows affected (0.00 sec)
Statement prepared

Query OK, 53 rows affected (0.03 sec)
Records: 53  Duplicates: 0  Warnings: 0

Query OK, 0 rows affected (0.00 sec)

Query OK, 0 rows affected (0.00 sec)

+-------------------------+
| rep_activenumberavgMahe |
+-------------------------+
|                    1536 |
+-------------------------+
1 row in set (0.00 sec)

+----------------------------+
| rep_activenumberavgMahe_pv |
+----------------------------+
|                         53 |
+----------------------------+
1 row in set (0.00 sec)

Query OK, 0 rows affected (0.00 sec)

Query OK, 987 rows affected (0.12 sec)
Records: 987  Duplicates: 0  Warnings: 0

Query OK, 0 rows affected (0.00 sec)

Query OK, 0 rows affected (0.00 sec)

Query OK, 0 rows affected (0.00 sec)

Query OK, 0 rows affected (0.00 sec)

Query OK, 0 rows affected (0.00 sec)
Statement prepared

Query OK, 39 rows affected (0.02 sec)
Records: 39  Duplicates: 0  Warnings: 0

Query OK, 0 rows affected (0.00 sec)

Query OK, 0 rows affected (0.00 sec)

+----------------------------+
| rep_activenumberavgPraslin |
+----------------------------+
|                        987 |
+----------------------------+
1 row in set (0.00 sec)

+-------------------------------+
| rep_activenumberavgPraslin_pv |
+-------------------------------+
|                            39 |
+-------------------------------+
1 row in set (0.00 sec)

mysql> mysql \. C:\workspace\cloud\code\sql\_DailyScript\currenttime.sql
+---------------------+
| currenttime         |
+---------------------+
| 2019-07-02 10:16:44 |
+---------------------+
1 row in set (0.00 sec)

mysql> 
mysql> mysql \. C:\workspace\cloud\code\sql\_DailyScript\budget_actual_analysis_2019.sql
Query OK, 0 rows affected (0.01 sec)

Query OK, 558 rows affected, 3 warnings (0.86 sec)
Records: 558  Duplicates: 0  Warnings: 3

+--------------------+
| budget_actual_2019 |
+--------------------+
|                558 |
+--------------------+
1 row in set (0.00 sec)

Query OK, 0 rows affected (0.00 sec)

Query OK, 48 rows affected (0.04 sec)
Records: 48  Duplicates: 0  Warnings: 0

+---------------------------+
| rep_budget_actual_2019_pv |
+---------------------------+
|                        48 |
+---------------------------+
1 row in set (0.00 sec)

mysql> mysql \. C:\workspace\cloud\code\sql\_DailyScript\currenttime.sql
+---------------------+
| currenttime         |
+---------------------+
| 2019-07-02 10:16:45 |
+---------------------+
1 row in set (0.00 sec)

mysql> 
mysql> mysql \. C:\workspace\cloud\code\sql\_DailyScript\reports-sales-addons-prepaid-camera.sql
Database changed
Query OK, 0 rows affected (0.00 sec)

Query OK, 3683 rows affected (0.52 sec)
Records: 3683  Duplicates: 0  Warnings: 0

Query OK, 0 rows affected (0.01 sec)

Query OK, 16137 rows affected (1 min 17.83 sec)
Records: 16137  Duplicates: 0  Warnings: 0

+--------------------+
| rep_prepaid_camera |
+--------------------+
|               3683 |
+--------------------+
1 row in set (0.01 sec)

+-----------+
| rep_addon |
+-----------+
|     16137 |
+-----------+
1 row in set (0.01 sec)

mysql> mysql \. C:\workspace\cloud\code\sql\_DailyScript\currenttime.sql
+---------------------+
| currenttime         |
+---------------------+
| 2019-07-02 10:18:03 |
+---------------------+
1 row in set (0.00 sec)

mysql> 
mysql> mysql \. C:\workspace\cloud\code\sql\_DailyScript\housing-estate-analysis.sql
Database changed
Query OK, 0 rows affected (0.03 sec)

Query OK, 2835 rows affected (2 min 30.29 sec)
Records: 2835  Duplicates: 0  Warnings: 0

+--------------------+
| rep_housingestates |
+--------------------+
|               2835 |
+--------------------+
1 row in set (0.00 sec)

mysql> mysql \. C:\workspace\cloud\code\sql\_DailyScript\currenttime.sql
+---------------------+
| currenttime         |
+---------------------+
| 2019-07-02 10:20:34 |
+---------------------+
1 row in set (0.00 sec)

mysql> 
mysql> mysql \. C:\workspace\cloud\code\sql\_DailyScript\RCB_ClientAnalyticsReport_Script.sql
Database changed
Query OK, 0 rows affected (0.00 sec)

Query OK, 0 rows affected (0.05 sec)

Query OK, 1691156 rows affected (1 min 21.84 sec)
Records: 1691156  Duplicates: 0  Warnings: 0

Query OK, 0 rows affected (6.91 sec)
Records: 0  Duplicates: 0  Warnings: 0

Query OK, 0 rows affected (5.61 sec)
Records: 0  Duplicates: 0  Warnings: 0

Query OK, 0 rows affected (9.22 sec)
Records: 0  Duplicates: 0  Warnings: 0

Query OK, 0 rows affected (10.33 sec)
Records: 0  Duplicates: 0  Warnings: 0

Query OK, 0 rows affected (9.79 sec)
Records: 0  Duplicates: 0  Warnings: 0

Query OK, 0 rows affected (7.98 sec)
Records: 0  Duplicates: 0  Warnings: 0

Query OK, 0 rows affected (0.00 sec)

Query OK, 442521 rows affected (14.29 sec)
Rows matched: 1691156  Changed: 442521  Warnings: 0

Query OK, 0 rows affected (0.01 sec)

Query OK, 26891 rows affected (4.40 sec)
Records: 26891  Duplicates: 0  Warnings: 0

Query OK, 0 rows affected (0.01 sec)

Query OK, 42363 rows affected (11 min 20.31 sec)
Records: 42363  Duplicates: 0  Warnings: 0

Query OK, 0 rows affected (0.18 sec)
Records: 0  Duplicates: 0  Warnings: 0

Query OK, 0 rows affected (0.17 sec)
Records: 0  Duplicates: 0  Warnings: 0

Query OK, 0 rows affected (0.10 sec)
Records: 0  Duplicates: 0  Warnings: 0

Query OK, 0 rows affected (0.04 sec)

Query OK, 416518 rows affected (12 min 21.54 sec)
Records: 416518  Duplicates: 0  Warnings: 0

Query OK, 0 rows affected (1.89 sec)
Records: 0  Duplicates: 0  Warnings: 0

Query OK, 0 rows affected (1.85 sec)
Records: 0  Duplicates: 0  Warnings: 0

Query OK, 0 rows affected (1.09 sec)
Records: 0  Duplicates: 0  Warnings: 0

Query OK, 0 rows affected (2.17 sec)
Records: 0  Duplicates: 0  Warnings: 0

Query OK, 0 rows affected (1.05 sec)
Records: 0  Duplicates: 0  Warnings: 0

Query OK, 0 rows affected (0.04 sec)

Query OK, 42363 rows affected (1 min 30.55 sec)
Records: 42363  Duplicates: 0  Warnings: 0

+--------------+
| clientreport |
+--------------+
|        42363 |
+--------------+
1 row in set (0.02 sec)

Query OK, 0 rows affected (0.01 sec)

Query OK, 42363 rows affected (7.11 sec)
Records: 42363  Duplicates: 0  Warnings: 0

+----------------------+
| clientextendedreport |
+----------------------+
|                42363 |
+----------------------+
1 row in set (0.02 sec)

Query OK, 0 rows affected (0.01 sec)

Query OK, 42363 rows affected (41.00 sec)
Records: 42363  Duplicates: 0  Warnings: 0

+---------+
| allcust |
+---------+
|   42363 |
+---------+
1 row in set (0.01 sec)

Query OK, 0 rows affected, 1 warning (0.00 sec)

Query OK, 5000 rows affected (0.14 sec)
Records: 5000  Duplicates: 0  Warnings: 0

Query OK, 0 rows affected (0.01 sec)

Query OK, 6966 rows affected (0.39 sec)
Records: 6966  Duplicates: 0  Warnings: 0

Query OK, 0 rows affected, 1 warning (0.00 sec)

Query OK, 5000 rows affected (0.17 sec)
Records: 5000  Duplicates: 0  Warnings: 0

Query OK, 0 rows affected (0.02 sec)

Query OK, 7329 rows affected (0.19 sec)
Records: 7329  Duplicates: 0  Warnings: 0

mysql> mysql \. C:\workspace\cloud\code\sql\_DailyScript\currenttime.sql
+---------------------+
| currenttime         |
+---------------------+
| 2019-07-02 10:49:14 |
+---------------------+
1 row in set (0.00 sec)

mysql> 
mysql> mysql \. C:\workspace\cloud\code\sql\_DailyScript\REVENUE_PER_NODE_MXK.sql
Query OK, 0 rows affected (0.01 sec)

Query OK, 0 rows affected (0.01 sec)

Query OK, 0 rows affected (0.01 sec)

Query OK, 4641 rows affected (2.19 sec)
Records: 4641  Duplicates: 0  Warnings: 0

+----------------------+
| message              |
+----------------------+
| created temp table a |
+----------------------+
1 row in set (0.00 sec)

Query OK, 5092 rows affected (1.06 sec)
Records: 5092  Duplicates: 0  Warnings: 0

+----------------------+
| message              |
+----------------------+
| created temp table b |
+----------------------+
1 row in set (0.00 sec)

Query OK, 0 rows affected, 1 warning (0.00 sec)

Query OK, 4880 rows affected (8.89 sec)
Records: 4880  Duplicates: 0  Warnings: 0

+--------------------------------+
| message                        |
+--------------------------------+
| created rcbill_my.tempcustmxk1 |
+--------------------------------+
1 row in set (0.00 sec)

Query OK, 0 rows affected (0.00 sec)

Query OK, 0 rows affected (0.00 sec)

Query OK, 0 rows affected, 1 warning (0.00 sec)

Query OK, 4641 rows affected (0.97 sec)
Records: 4641  Duplicates: 0  Warnings: 0

+----------------+
| message        |
+----------------+
| created temp a |
+----------------+
1 row in set (0.00 sec)

Query OK, 5092 rows affected (0.36 sec)
Records: 5092  Duplicates: 0  Warnings: 0

+----------------+
| message        |
+----------------+
| created temp b |
+----------------+
1 row in set (0.00 sec)

Query OK, 0 rows affected, 1 warning (0.00 sec)

Query OK, 5175 rows affected (5.95 sec)
Records: 5175  Duplicates: 0  Warnings: 0

+--------------------------------+
| message                        |
+--------------------------------+
| created rcbill_my.tempcustmxk2 |
+--------------------------------+
1 row in set (0.00 sec)

Query OK, 0 rows affected (0.00 sec)

Query OK, 0 rows affected (0.00 sec)

Query OK, 0 rows affected, 1 warning (0.00 sec)

Query OK, 0 rows affected (0.01 sec)

Query OK, 5558 rows affected (0.28 sec)
Records: 5558  Duplicates: 0  Warnings: 0

+---------------------------------+
| message                         |
+---------------------------------+
| created rcbill_my.customers_mxk |
+---------------------------------+
1 row in set (0.00 sec)

Query OK, 0 rows affected (0.00 sec)

Query OK, 0 rows affected (0.00 sec)

Query OK, 13147 rows affected (5.70 sec)
Records: 13147  Duplicates: 0  Warnings: 0

+----------------+
| message        |
+----------------+
| created temp a |
+----------------+
1 row in set (0.00 sec)

Query OK, 21275 rows affected (1.90 sec)
Records: 21275  Duplicates: 0  Warnings: 0

+----------------+
| message        |
+----------------+
| created temp c |
+----------------+
1 row in set (0.00 sec)

Query OK, 0 rows affected, 1 warning (0.00 sec)

Query OK, 27708 rows affected (0.33 sec)
Records: 27708  Duplicates: 0  Warnings: 0

+---------------------------------+
| message                         |
+---------------------------------+
| created rcbill_my.tempcustcmts1 |
+---------------------------------+
1 row in set (0.00 sec)

Query OK, 0 rows affected (0.00 sec)

Query OK, 0 rows affected, 1 warning (0.00 sec)

Query OK, 0 rows affected (0.01 sec)

Query OK, 13147 rows affected (5.66 sec)
Records: 13147  Duplicates: 0  Warnings: 0

+----------------+
| message        |
+----------------+
| created temp a |
+----------------+
1 row in set (0.00 sec)

Query OK, 21275 rows affected (1.10 sec)
Records: 21275  Duplicates: 0  Warnings: 0

+----------------+
| message        |
+----------------+
| created temp c |
+----------------+
1 row in set (0.00 sec)

Query OK, 0 rows affected, 1 warning (0.00 sec)

Query OK, 22219 rows affected (0.35 sec)
Records: 22219  Duplicates: 0  Warnings: 0

+---------------------------------+
| message                         |
+---------------------------------+
| created rcbill_my.tempcustcmts2 |
+---------------------------------+
1 row in set (0.00 sec)

Query OK, 0 rows affected (0.01 sec)

Query OK, 0 rows affected, 1 warning (0.00 sec)

Query OK, 0 rows affected (0.07 sec)

Query OK, 0 rows affected (0.02 sec)

Query OK, 13313 rows affected (1.04 sec)
Records: 13313  Duplicates: 0  Warnings: 0

+----------------------------------+
| message                          |
+----------------------------------+
| created rcbill_my.customers_cmts |
+----------------------------------+
1 row in set (0.00 sec)

Query OK, 0 rows affected (0.00 sec)

Query OK, 0 rows affected (0.00 sec)

Query OK, 0 rows affected (0.01 sec)

Query OK, 18871 rows affected (0.96 sec)
Records: 18871  Duplicates: 0  Warnings: 0

+--------------------------------------+
| message                              |
+--------------------------------------+
| created rcbill_my.customers_cmts_mxk |
+--------------------------------------+
1 row in set (0.00 sec)

Query OK, 439229 rows affected (1 min 16.39 sec)
Records: 439229  Duplicates: 0  Warnings: 0

+----------------+
| message        |
+----------------+
| created temp a |
+----------------+
1 row in set (0.00 sec)

Query OK, 0 rows affected (0.02 sec)

Query OK, 440167 rows affected (13.41 sec)
Records: 440167  Duplicates: 0  Warnings: 0

+------------------------------------------------+
| message                                        |
+------------------------------------------------+
| created rcbill_my.customers_contracts_cmts_mxk |
+------------------------------------------------+
1 row in set (0.00 sec)

Query OK, 0 rows affected (0.01 sec)

Query OK, 0 rows affected, 1 warning (0.00 sec)

Query OK, 0 rows affected, 1 warning (0.00 sec)

Query OK, 0 rows affected (0.00 sec)

Query OK, 7989 rows affected (2.94 sec)
Rows matched: 7989  Changed: 7989  Warnings: 0

+------------------------------------------------+
| message                                        |
+------------------------------------------------+
| updated rcbill_my.customers_contracts_cmts_mxk |
+------------------------------------------------+
1 row in set (0.00 sec)

Query OK, 0 rows affected (0.02 sec)

Query OK, 1651593 rows affected (4 min 32.89 sec)
Records: 1651593  Duplicates: 0  Warnings: 0

+----------------------------------------+
| message                                |
+----------------------------------------+
| created rcbill_my.customers_collection |
+----------------------------------------+
1 row in set (0.00 sec)

Query OK, 0 rows affected (0.04 sec)

Query OK, 1900737 rows affected (2 min 3.32 sec)
Records: 1900737  Duplicates: 0  Warnings: 0

+------------------------------------------------+
| message                                        |
+------------------------------------------------+
| created rcbill_my.customers_cmts_mxk_cont_coll |
+------------------------------------------------+
1 row in set (0.00 sec)

Query OK, 0 rows affected (0.03 sec)

Query OK, 38372 rows affected (14.39 sec)
Records: 38372  Duplicates: 0  Warnings: 0

+------------------------------------------------------------+
| message                                                    |
+------------------------------------------------------------+
| created rcbill_my.customers_contracts_collection_pivot2019 |
+------------------------------------------------------------+
1 row in set (0.00 sec)

Query OK, 0 rows affected (0.28 sec)

Query OK, 19248 rows affected (7.58 sec)
Records: 19248  Duplicates: 0  Warnings: 0

+--------------------------------------------------+
| message                                          |
+--------------------------------------------------+
| created rcbill_my.customers_collection_pivot2019 |
+--------------------------------------------------+
1 row in set (0.00 sec)

Query OK, 0 rows affected (0.02 sec)

Query OK, 42363 rows affected (1.63 sec)
Records: 42363  Duplicates: 0  Warnings: 0

+------------------------------------------------+
| message                                        |
+------------------------------------------------+
| created rcbill_my.rep_customers_collection2019 |
+------------------------------------------------+
1 row in set (0.00 sec)

Query OK, 0 rows affected (0.01 sec)

Query OK, 0 rows affected, 1 warning (0.00 sec)

Query OK, 410565 rows affected (25.25 sec)
Records: 410565  Duplicates: 0  Warnings: 0

+-------------------------+
| message                 |
+-------------------------+
| created rcbill_my.tempa |
+-------------------------+
1 row in set (0.00 sec)

Query OK, 0 rows affected, 1 warning (0.00 sec)

Query OK, 87676 rows affected (11.77 sec)
Records: 87676  Duplicates: 0  Warnings: 0

+-------------------------+
| message                 |
+-------------------------+
| created rcbill_my.tempb |
+-------------------------+
1 row in set (0.00 sec)

Query OK, 410565 rows affected (9.33 sec)
Records: 410565  Duplicates: 0  Warnings: 0

+-----------+
| message   |
+-----------+
| created a |
+-----------+
1 row in set (0.00 sec)

Query OK, 87878 rows affected (5.29 sec)
Records: 87878  Duplicates: 0  Warnings: 0

+-----------+
| message   |
+-----------+
| created b |
+-----------+
1 row in set (0.00 sec)

Query OK, 0 rows affected (0.11 sec)

Query OK, 0 rows affected (0.01 sec)

Query OK, 0 rows affected (0.03 sec)

Query OK, 413350 rows affected (30.11 sec)
Records: 413350  Duplicates: 0  Warnings: 0

+----------------------------------------------+
| message                                      |
+----------------------------------------------+
| created rcbill_my.cust_cont_payment_cmts_mxk |
+----------------------------------------------+
1 row in set (0.00 sec)

Query OK, 0 rows affected (0.01 sec)

Query OK, 0 rows affected (0.01 sec)

Query OK, 0 rows affected, 1 warning (0.00 sec)

Query OK, 0 rows affected (0.01 sec)

Query OK, 42363 rows affected (13.18 sec)
Records: 42363  Duplicates: 0  Warnings: 0

+--------------------------------------------------+
| message                                          |
+--------------------------------------------------+
| created rcbill_my.rep_cust_cont_payment_cmts_mxk |
+--------------------------------------------------+
1 row in set (0.00 sec)

Query OK, 0 rows affected, 1 warning (0.00 sec)

Query OK, 0 rows affected, 1 warning (0.00 sec)

Query OK, 0 rows affected (0.01 sec)

Query OK, 38301 rows affected, 5 warnings (2.73 sec)
Records: 38301  Duplicates: 0  Warnings: 5

+----------------------+
| rep_custconsolidated |
+----------------------+
|                38301 |
+----------------------+
1 row in set (0.03 sec)

Query OK, 0 rows affected (0.00 sec)

Query OK, 0 rows affected (0.00 sec)

+----------------------------------------------+
| message                                      |
+----------------------------------------------+
| creating rcbill_my.retentioncustomeractivity |
+----------------------------------------------+
1 row in set (0.00 sec)

Query OK, 653 rows affected (0.09 sec)
Records: 653  Duplicates: 0  Warnings: 0

+---------------------------+
| retentioncustomeractivity |
+---------------------------+
|                       653 |
+---------------------------+
1 row in set (0.00 sec)

+-----------+------------------------------------+------------+-------------+-----------------+------------------+---------------------+-------------------+
| HFC_NODE  | NODENAME                           | CMTS_DATE  | INSERTED_ON | UNIQUE_ACCOUNTS | UNIQUE_CONTRACTS | UNIQUE_MAC_INRCBOSS | UNIQUE_MAC_INCMTS |
+-----------+------------------------------------+------------+-------------+-----------------+------------------+---------------------+-------------------+
| NULL      | NULL                               | NULL       | 2019-07-02  |            5480 |             5731 |                5785 |                 0 |
| C5/0/0/U0 | ANSE-BOILEAU-2                     | 2019-06-26 | 2019-07-02  |             176 |              180 |                 176 |               176 |
| C5/0/0/U1 | 500-C3-ANSE-BOILEAU                | 2019-06-26 | 2019-07-02  |             169 |              177 |                 169 |               171 |
| C5/0/1/U0 | 501-C4-LA-MISIERE-LEFT-I           | 2019-06-26 | 2019-07-02  |             209 |              219 |                 208 |               215 |
| C5/0/1/U1 | 501-C5-LA-MISIERE-RIGHT            | 2019-06-26 | 2019-07-02  |             101 |              104 |                 101 |               102 |
| C5/0/1/U2 | 501-C7-LA-MISIERE-LEFT-II          | 2019-06-26 | 2019-07-02  |              84 |               85 |                  84 |                86 |
| C5/0/2/U0 | 502-C8-LA-LOUISE                   | 2019-06-26 | 2019-07-02  |             136 |              137 |                 136 |               142 |
| C5/0/2/U1 | LA-LOUISE-2                        | 2019-06-26 | 2019-07-02  |             139 |              143 |                 139 |               144 |
| C5/0/3/U0 | 504-C6-PETIT-PARIS                 | 2019-06-26 | 2019-07-02  |             151 |              152 |                 151 |               161 |
| C5/0/3/U1 | PETIT-PARIS-23                     | 2019-06-26 | 2019-07-02  |              82 |               86 |                  82 |                84 |
| C5/0/4/U0 | FOUR-SEASONS                       | 2019-06-26 | 2019-07-02  |               6 |               18 |                  18 |                18 |
| C5/0/4/U1 | ANCHOR-CAFE-I                      | 2019-06-26 | 2019-07-02  |             140 |              142 |                 140 |               143 |
| C5/0/4/U2 | ANCHOR-CAFE-II                     | 2019-06-26 | 2019-07-02  |             152 |              155 |                 152 |               154 |
| C5/1/0/U0 | POINTE-LARUE-AIRPORT-23            | 2019-06-26 | 2019-07-02  |             100 |              108 |                 102 |               105 |
| C5/1/0/U1 | PPROVIDENCE-23                     | 2019-06-26 | 2019-07-02  |              27 |               30 |                  28 |                28 |
| C5/1/0/U2 | ROSHE-CAIMAN-23                    | 2019-06-26 | 2019-07-02  |              12 |               13 |                  12 |                12 |
| C5/1/0/U3 | HEAD-OFFICE | HO-23                | 2019-06-26 | 2019-07-02  |              26 |               26 |                  26 |                31 |
| C5/1/1/U1 | C5-UNION-VALE                      | 2019-06-26 | 2019-07-02  |             196 |              201 |                 196 |               197 |
| C5/1/3/U0 | POINTE-LARUE-AIRPORT-27            | 2019-06-26 | 2019-07-02  |             132 |              133 |                 132 |               135 |
| C5/1/3/U1 | PPROVIDENCE-27                     | 2019-06-26 | 2019-07-02  |              35 |               35 |                  35 |                35 |
| C5/1/3/U2 | ROSHE-CAIMAN-27                    | 2019-06-26 | 2019-07-02  |              23 |               23 |                  23 |                23 |
| C5/1/3/U3 | HEAD-OFFICE | HO-27                | 2019-06-26 | 2019-07-02  |              19 |               20 |                  19 |                21 |
| C5/1/4/U0 | ANSE-ROYALE-27                     | 2019-06-26 | 2019-07-02  |             176 |              182 |                 176 |               177 |
| C5/1/4/U1 | GLACIS-2-57                        | 2019-06-26 | 2019-07-02  |              93 |               97 |                  93 |                96 |
| C5/1/4/U3 | GLACIS-1                           | 2019-06-26 | 2019-07-02  |             103 |              107 |                 103 |               105 |
| C6/0/1/U0 | SERRET-ROAD-RIGHT/CURIO/PASCAL     | 2019-06-26 | 2019-07-02  |             120 |              120 |                 120 |               121 |
| C6/0/1/U1 | SERRET-ROAD-LEFT/ST.LOUIS/TOWN     | 2019-06-26 | 2019-07-02  |             140 |              146 |                 140 |               142 |
| C6/0/1/U2 | SERRET-ROAD-RIGHT/CURIO/PASCAL-2   | 2019-06-26 | 2019-07-02  |             127 |              132 |                 127 |               129 |
| C6/0/1/U3 | SERRET-ROAD-LEFT/ST.LOUIS/TOWN-2   | 2019-06-26 | 2019-07-02  |             137 |              141 |                 137 |               139 |
| C6/0/2/U0 | SANS-SOUCIS-I                      | 2019-06-26 | 2019-07-02  |             122 |              126 |                 122 |               128 |
| C6/0/2/U1 | SANS-SOUCIS-II                     | 2019-06-26 | 2019-07-02  |             109 |              111 |                 108 |               110 |
| C6/0/2/U2 | BEL-AIR-27                         | 2019-06-26 | 2019-07-02  |              87 |               89 |                  87 |                93 |
| C6/0/2/U3 | BEL-AIR-38                         | 2019-06-26 | 2019-07-02  |             115 |              121 |                 115 |               118 |
| C6/0/3/U0 | LES-MAMELLES-23                    | 2019-06-26 | 2019-07-02  |              98 |               98 |                  98 |               101 |
| C6/0/3/U1 | VICTORIA-23                        | 2019-06-26 | 2019-07-02  |              32 |               34 |                  32 |                34 |
| C6/0/4/U0 | LES-MAMELLES-27                    | 2019-06-26 | 2019-07-02  |              53 |               53 |                  53 |                55 |
| C6/0/4/U1 | VICTORIA-27                        | 2019-06-26 | 2019-07-02  |              18 |               23 |                  21 |                23 |
| C7/1/0/U0 | LA-RETRAITE-23                     | 2019-06-26 | 2019-07-02  |              97 |              103 |                  97 |               100 |
| C7/1/0/U1 | TEA-FACTORY-23                     | 2019-06-26 | 2019-07-02  |              27 |               32 |                  28 |                30 |
| C7/1/0/U2 | PAS-23                             | 2019-06-26 | 2019-07-02  |             103 |              107 |                 103 |               105 |
| C7/1/1/U0 | REEF-ESTATE-23                     | 2019-06-26 | 2019-07-02  |              89 |               90 |                  89 |                90 |
| C7/1/1/U1 | BEL-OMBRE-NEW-23                   | 2019-06-26 | 2019-07-02  |              21 |               21 |                  21 |                25 |
| C7/1/2/U0 | LA-RETRAITE-27                     | 2019-06-26 | 2019-07-02  |             126 |              131 |                 127 |               127 |
| C7/1/2/U1 | TEA-FACTORY-27                     | 2019-06-26 | 2019-07-02  |              19 |               22 |                  20 |                21 |
| C7/1/2/U2 | PAS-27                             | 2019-06-26 | 2019-07-02  |              89 |               92 |                  89 |                92 |
| C7/1/3/U0 | MT-BUXTON-27                       | 2019-06-26 | 2019-07-02  |             151 |              156 |                 151 |               158 |
| C7/1/3/U1 | MT-BUXTON-23                       | 2019-06-26 | 2019-07-02  |              60 |               61 |                  60 |                63 |
| C7/1/4/U0 | REEF-ESTATE-27                     | 2019-06-26 | 2019-07-02  |              61 |               62 |                  61 |                61 |
| C7/1/4/U1 | BEL-OMBRE-NEW-27                   | 2019-06-26 | 2019-07-02  |              18 |               18 |                  18 |                20 |
| C8/0/0/U0 | POLICE-ACADEMY-1-27 - POINTE LARUE | 2019-06-26 | 2019-07-02  |             173 |              175 |                 173 |               175 |
| C8/0/0/U1 | NULL                               | 2019-06-26 | 2019-07-02  |             104 |              107 |                 104 |               110 |
| C8/0/1/U0 | NULL                               | 2019-06-26 | 2019-07-02  |             193 |              196 |                 193 |               196 |
| C8/0/1/U1 | POLICE-ACADEMY-2-27 - TURTLE BAY   | 2019-06-26 | 2019-07-02  |             144 |              148 |                 145 |               145 |
| C8/0/2/U0 | BEAU-VALLON-LEFT-1-57              | 2019-06-26 | 2019-07-02  |              91 |               94 |                  91 |                93 |
| C8/0/3/U1 | BEAU-VALLON-RIGHT-2-57             | 2019-06-26 | 2019-07-02  |             198 |              207 |                 198 |               201 |
| C8/1/0/U0 | MA-JOIE-NODE-27                    | 2019-06-26 | 2019-07-02  |             113 |              114 |                 113 |               115 |
| C8/1/0/U1 | BELONIE-27                         | 2019-06-26 | 2019-07-02  |             147 |              150 |                 145 |               147 |
| C8/1/0/U3 | MA-JOIE-NODE-23                    | 2019-06-26 | 2019-07-02  |             114 |              117 |                 114 |               115 |
| C8/1/1/U0 | 611-C1-ROJN I                      | 2019-06-26 | 2019-07-02  |             147 |              148 |                 147 |               152 |
| C8/1/1/U1 | 611-C5-ROJN II                     | 2019-06-26 | 2019-07-02  |              87 |               89 |                  87 |                89 |
| C8/1/2/U0 | 612-C2-ANSE-ETOILE                 | 2019-06-26 | 2019-07-02  |             229 |              232 |                 229 |               230 |
| C8/1/2/U1 | ANSE-ETOILE-U2                     | 2019-06-26 | 2019-07-02  |              44 |               45 |                  44 |                45 |
| C8/1/3/U0 | 613-C3-ANSE-GAULETTE I             | 2019-06-26 | 2019-07-02  |              68 |               71 |                  68 |                69 |
| C8/1/3/U1 | 613-C7-ANSE-GAULETTE II            | 2019-06-26 | 2019-07-02  |              73 |               80 |                  73 |                75 |
| C8/1/3/U2 | 613-C3-ANSE-GAULETTE III           | 2019-06-26 | 2019-07-02  |              34 |               36 |                  34 |                35 |
| C8/1/3/U3 | TAKAMAKA I                         | 2019-06-26 | 2019-07-02  |              95 |               96 |                  95 |                97 |
| C8/1/3/U4 | TAKAMAKA II                        | 2019-06-26 | 2019-07-02  |              99 |              101 |                  99 |               100 |
| C8/1/4/U0 | 614-BEOLIERE-NODE-1                | 2019-06-26 | 2019-07-02  |             156 |              166 |                 156 |               161 |
| C8/1/4/U1 | 614-BEOLIERE-NODE-2                | 2019-06-26 | 2019-07-02  |              58 |               59 |                  58 |                61 |
+-----------+------------------------------------+------------+-------------+-----------------+------------------+---------------------+-------------------+
69 rows in set (0.28 sec)

+------------------+------------+-------------+-----------------+------------------+----------------------+-------------------+
| MXK_NAME         | MXK_DATE   | INSERTED_ON | UNIQUE_ACCOUNTS | UNIQUE_CONTRACTS | UNIQUE_FSAN_INRCBOSS | UNIQUE_FSAN_INMXK |
+------------------+------------+-------------+-----------------+------------------+----------------------+-------------------+
| NULL             | NULL       | 2019-07-02  |             373 |              380 |                  368 |                 0 |
| MXK-ANSEETOILE   | 2019-06-26 | 2019-07-02  |              99 |              100 |                  100 |               105 |
| MXK-ANSEROYALE   | 2019-06-26 | 2019-07-02  |             132 |              133 |                  133 |               149 |
| MXK-BEAUVALLON   | 2019-06-26 | 2019-07-02  |            1078 |             1093 |                 1085 |              1151 |
| MXK-MAHE         | 2019-06-26 | 2019-07-02  |             842 |              862 |                  807 |              1030 |
| MXK-PERSEVERANCE | 2019-06-26 | 2019-07-02  |             957 |              962 |                  958 |              1107 |
| MXK-PRASLIN      | 2019-06-26 | 2019-07-02  |            1173 |             1176 |                 1169 |              1325 |
+------------------+------------+-------------+-----------------+------------------+----------------------+-------------------+
7 rows in set (0.07 sec)

mysql> mysql \. C:\workspace\cloud\code\sql\_DailyScript\currenttime.sql
+---------------------+
| currenttime         |
+---------------------+
| 2019-07-02 11:00:03 |
+---------------------+
1 row in set (0.00 sec)

mysql> 
mysql> mysql \. C:\workspace\cloud\code\sql\Analysis\service_tickets_assignments.sql
Query OK, 0 rows affected (0.02 sec)

Query OK, 47786 rows affected (9.25 sec)
Records: 47786  Duplicates: 0  Warnings: 0

+-------------------------+
| rep_servicetickets_2019 |
+-------------------------+
|                   47786 |
+-------------------------+
1 row in set (0.05 sec)

mysql> mysql \. C:\workspace\cloud\code\sql\_DailyScript\currenttime.sql
+---------------------+
| currenttime         |
+---------------------+
| 2019-07-02 11:00:12 |
+---------------------+
1 row in set (0.00 sec)

mysql> 
mysql> 
mysql> 
mysql> 
mysql> exit
