    -> 
    -> mysql \. C:\workspace\cloud\code\sql\_DailyScript\_setdates.sql
Database changed
Query OK, 0 rows affected (0.00 sec)

Query OK, 0 rows affected (0.00 sec)

Query OK, 0 rows affected (0.00 sec)

Query OK, 0 rows affected (0.00 sec)

Query OK, 0 rows affected (0.00 sec)

Query OK, 0 rows affected (0.00 sec)

Query OK, 0 rows affected (0.00 sec)

Query OK, 0 rows affected (0.00 sec)

Query OK, 0 rows affected (0.00 sec)

Query OK, 0 rows affected (0.00 sec)

Query OK, 0 rows affected (0.00 sec)

Query OK, 0 rows affected (0.00 sec)

Query OK, 0 rows affected (0.00 sec)

Query OK, 0 rows affected (0.00 sec)

Query OK, 0 rows affected (0.00 sec)

Query OK, 0 rows affected (0.00 sec)

Query OK, 0 rows affected (0.00 sec)

Query OK, 0 rows affected (0.00 sec)

Query OK, 0 rows affected (0.00 sec)

Query OK, 0 rows affected (0.00 sec)

Query OK, 0 rows affected (0.00 sec)

mysql> mysql \. C:\workspace\cloud\code\sql\_DailyScript\currenttime.sql
+---------------------+
| currenttime         |
+---------------------+
| 2019-08-25 08:23:41 |
+---------------------+
1 row in set (0.00 sec)

mysql> 
mysql> mysql \. C:\workspace\cloud\code\sql\_DailyScript\load_RCB_VODTITLES.sql
Database changed
Query OK, 0 rows affected (0.00 sec)

Query OK, 6938 rows affected (0.15 sec)

Query OK, 6940 rows affected, 6940 warnings (0.19 sec)
Records: 6940  Deleted: 0  Skipped: 0  Warnings: 6940

Query OK, 0 rows affected (0.00 sec)

Query OK, 2 rows affected (0.01 sec)

+-----------+
| VODTITLES |
+-----------+
|      7398 |
+-----------+
1 row in set (0.00 sec)

+-----------+-----------+
| titletype | typecount |
+-----------+-----------+
| E         |      5519 |
| N         |       213 |
| T         |      1206 |
| NULL      |      6938 |
+-----------+-----------+
4 rows in set (0.03 sec)

mysql> mysql \. C:\workspace\cloud\code\sql\_DailyScript\currenttime.sql
+---------------------+
| currenttime         |
+---------------------+
| 2019-08-25 08:23:41 |
+---------------------+
1 row in set (0.00 sec)

mysql> 
mysql> mysql \. C:\workspace\cloud\code\sql\_DailyScript\DAILY-SCRIPT-LIVETV-STATS.sql
Database changed
Query OK, 0 rows affected (0.03 sec)

Query OK, 68899 rows affected (1.16 sec)
Records: 68899  Duplicates: 0  Warnings: 0

+------------+------------+----------+--------------+--------------+-----------+-------------+----------+--------+------+------------+---------+---------------+
| Table      | Non_unique | Key_name | Seq_in_index | Column_name  | Collation | Cardinality | Sub_part | Packed | Null | Index_type | Comment | Index_comment |
+------------+------------+----------+--------------+--------------+-----------+-------------+----------+--------+------+------------+---------+---------------+
| templivetv |          1 | idxtv1   |            1 | device       | A         |       68524 |     NULL | NULL   | YES  | BTREE      |         |               |
| templivetv |          1 | idxtv2   |            1 | sessionstart | A         |       68524 |     NULL | NULL   | YES  | BTREE      |         |               |
+------------+------------+----------+--------------+--------------+-----------+-------------+----------+--------+------+------------+---------+---------------+
2 rows in set (0.00 sec)

Query OK, 68335 rows affected (22.94 sec)
Records: 68335  Duplicates: 0  Warnings: 0

Query OK, 2701 rows affected (1.16 sec)
Records: 2701  Duplicates: 0  Warnings: 0

Query OK, 0 rows affected (0.00 sec)

Query OK, 0 rows affected (0.03 sec)

Query OK, 137 rows affected (0.05 sec)
Records: 137  Duplicates: 0  Warnings: 0

Query OK, 0 rows affected (0.03 sec)

Query OK, 85192 rows affected (11 min 55.81 sec)
Records: 85192  Duplicates: 0  Warnings: 0

+-----------------+
| rep_livetvstats |
+-----------------+
|           85192 |
+-----------------+
1 row in set (0.03 sec)

mysql> mysql \. C:\workspace\cloud\code\sql\_DailyScript\currenttime.sql
+---------------------+
| currenttime         |
+---------------------+
| 2019-08-25 08:36:03 |
+---------------------+
1 row in set (0.00 sec)

mysql> 
mysql> mysql \. C:\workspace\cloud\code\sql\_DailyScript\DAILY-SCRIPT-VODTS-STATS.sql
Database changed
Query OK, 0 rows affected (0.02 sec)

Query OK, 3162 rows affected (15.55 sec)
Records: 3162  Duplicates: 0  Warnings: 0

+---------+------------+----------+--------------+--------------+-----------+-------------+----------+--------+------+------------+---------+---------------+
| Table   | Non_unique | Key_name | Seq_in_index | Column_name  | Collation | Cardinality | Sub_part | Packed | Null | Index_type | Comment | Index_comment |
+---------+------------+----------+--------------+--------------+-----------+-------------+----------+--------+------+------------+---------+---------------+
| tempvod |          1 | idxtvod1 |            1 | device       | A         |        3169 |     NULL | NULL   | YES  | BTREE      |         |               |
| tempvod |          1 | idxtvod2 |            1 | sessionstart | A         |        3169 |     NULL | NULL   | YES  | BTREE      |         |               |
+---------+------------+----------+--------------+--------------+-----------+-------------+----------+--------+------+------------+---------+---------------+
2 rows in set (0.00 sec)

Query OK, 3152 rows affected (2.32 sec)
Records: 3152  Duplicates: 0  Warnings: 0

Query OK, 0 rows affected (0.02 sec)

Query OK, 305637 rows affected (31.96 sec)
Records: 305637  Duplicates: 0  Warnings: 0

+--------------+
| rep_vodstats |
+--------------+
|       305637 |
+--------------+
1 row in set (0.11 sec)

Database changed
Query OK, 0 rows affected (0.01 sec)

Query OK, 9104 rows affected (1 min 7.42 sec)
Records: 9104  Duplicates: 0  Warnings: 0

+--------+------------+----------+--------------+--------------+-----------+-------------+----------+--------+------+------------+---------+---------------+
| Table  | Non_unique | Key_name | Seq_in_index | Column_name  | Collation | Cardinality | Sub_part | Packed | Null | Index_type | Comment | Index_comment |
+--------+------------+----------+--------------+--------------+-----------+-------------+----------+--------+------+------------+---------+---------------+
| tempts |          1 | idxtts1  |            1 | device       | A         |        9339 |     NULL | NULL   | YES  | BTREE      |         |               |
| tempts |          1 | idxtts2  |            1 | sessionstart | A         |        9339 |     NULL | NULL   | YES  | BTREE      |         |               |
+--------+------------+----------+--------------+--------------+-----------+-------------+----------+--------+------+------------+---------+---------------+
2 rows in set (0.00 sec)

Query OK, 9057 rows affected (11.57 sec)
Records: 9057  Duplicates: 0  Warnings: 0

Query OK, 0 rows affected (0.02 sec)

Query OK, 23316 rows affected (1 min 13.93 sec)
Records: 23316  Duplicates: 0  Warnings: 0

+-------------+
| rep_tsstats |
+-------------+
|       23316 |
+-------------+
1 row in set (0.02 sec)

mysql> mysql \. C:\workspace\cloud\code\sql\_DailyScript\currenttime.sql
+---------------------+
| currenttime         |
+---------------------+
| 2019-08-25 08:39:26 |
+---------------------+
1 row in set (0.00 sec)

mysql> 
mysql> mysql \. C:\workspace\cloud\code\sql\_DailyScript\DAILY-SCRIPT-RADIO-STATS.sql
Database changed
Query OK, 0 rows affected (0.02 sec)

Query OK, 172129 rows affected (3.04 sec)
Records: 172129  Duplicates: 0  Warnings: 0

+-----------+------------+----------+--------------+--------------+-----------+-------------+----------+--------+------+------------+---------+---------------+
| Table     | Non_unique | Key_name | Seq_in_index | Column_name  | Collation | Cardinality | Sub_part | Packed | Null | Index_type | Comment | Index_comment |
+-----------+------------+----------+--------------+--------------+-----------+-------------+----------+--------+------+------------+---------+---------------+
| tempradio |          1 | idxtrad1 |            1 | device       | A         |      171890 |     NULL | NULL   | YES  | BTREE      |         |               |
| tempradio |          1 | idxtrad2 |            1 | sessionstart | A         |      171890 |     NULL | NULL   | YES  | BTREE      |         |               |
+-----------+------------+----------+--------------+--------------+-----------+-------------+----------+--------+------+------------+---------+---------------+
2 rows in set (0.00 sec)

Query OK, 365 rows affected (1.09 sec)
Records: 365  Duplicates: 0  Warnings: 0

Query OK, 0 rows affected (0.00 sec)

Query OK, 3176 rows affected (0.30 sec)
Records: 3176  Duplicates: 0  Warnings: 0

+----------------+
| rep_radiostats |
+----------------+
|           3176 |
+----------------+
1 row in set (0.00 sec)

mysql> mysql \. C:\workspace\cloud\code\sql\_DailyScript\currenttime.sql
+---------------------+
| currenttime         |
+---------------------+
| 2019-08-25 08:39:30 |
+---------------------+
1 row in set (0.00 sec)

mysql> 
mysql> mysql \. C:\workspace\cloud\code\sql\_DailyScript\DAILY_SCRIPT_TELEMETRY_PIVOT.sql
Query OK, 0 rows affected (0.01 sec)

Query OK, 147 rows affected (0.19 sec)
Records: 147  Duplicates: 0  Warnings: 0

Query OK, 0 rows affected (0.00 sec)

Query OK, 5527 rows affected (1.54 sec)
Records: 5527  Duplicates: 0  Warnings: 0

Query OK, 0 rows affected (0.00 sec)

Query OK, 6 rows affected (0.03 sec)
Records: 6  Duplicates: 0  Warnings: 0

Query OK, 0 rows affected (0.05 sec)

Query OK, 55 rows affected (0.11 sec)
Records: 55  Duplicates: 0  Warnings: 0

mysql> mysql \. C:\workspace\cloud\code\sql\_DailyScript\currenttime.sql
+---------------------+
| currenttime         |
+---------------------+
| 2019-08-25 08:39:32 |
+---------------------+
1 row in set (0.00 sec)

mysql> 
mysql> mysql \. C:\workspace\cloud\code\sql\_DailyScript\telemetry_livetv_ranking2019.sql
Query OK, 0 rows affected (0.03 sec)

Query OK, 147 rows affected (0.06 sec)
Records: 147  Duplicates: 0  Warnings: 0

mysql> mysql \. C:\workspace\cloud\code\sql\_DailyScript\currenttime.sql
+---------------------+
| currenttime         |
+---------------------+
| 2019-08-25 08:39:32 |
+---------------------+
1 row in set (0.00 sec)

mysql> 
mysql> mysql \. C:\workspace\cloud\code\sql\_DailyScript\telemetry_radio_ranking2019.sql
Query OK, 0 rows affected (0.00 sec)

Query OK, 6 rows affected (0.00 sec)
Records: 6  Duplicates: 0  Warnings: 0

mysql> mysql \. C:\workspace\cloud\code\sql\_DailyScript\currenttime.sql
+---------------------+
| currenttime         |
+---------------------+
| 2019-08-25 08:39:32 |
+---------------------+
1 row in set (0.01 sec)

mysql> 
mysql> mysql \. C:\workspace\cloud\code\sql\_DailyScript\telemetry_ts_ranking2019.sql
Query OK, 0 rows affected (0.00 sec)

Query OK, 55 rows affected (0.02 sec)
Records: 55  Duplicates: 0  Warnings: 0

mysql> mysql \. C:\workspace\cloud\code\sql\_DailyScript\currenttime.sql
+---------------------+
| currenttime         |
+---------------------+
| 2019-08-25 08:39:32 |
+---------------------+
1 row in set (0.00 sec)

mysql> 
mysql> mysql \. C:\workspace\cloud\code\sql\_DailyScript\telemetry_vod_ranking2019.sql
Query OK, 0 rows affected (0.03 sec)

Query OK, 5527 rows affected (0.27 sec)
Records: 5527  Duplicates: 0  Warnings: 0

mysql> mysql \. C:\workspace\cloud\code\sql\_DailyScript\currenttime.sql
+---------------------+
| currenttime         |
+---------------------+
| 2019-08-25 08:39:32 |
+---------------------+
1 row in set (0.00 sec)

mysql> 
mysql> mysql \. C:\workspace\cloud\code\sql\_DailyScript\telemetry_vod_ranking2019_1.sql
Query OK, 0 rows affected (0.05 sec)

Query OK, 5527 rows affected (0.12 sec)
Records: 5527  Duplicates: 0  Warnings: 0

mysql> mysql \. C:\workspace\cloud\code\sql\_DailyScript\currenttime.sql
+---------------------+
| currenttime         |
+---------------------+
| 2019-08-25 08:39:33 |
+---------------------+
1 row in set (0.00 sec)

mysql> 
mysql> mysql \. C:\workspace\cloud\code\sql\_DailyScript\telemetry_vod_ranking2019_2.sql
Query OK, 0 rows affected (0.00 sec)

Query OK, 5527 rows affected (0.62 sec)
Records: 5527  Duplicates: 0  Warnings: 0

mysql> mysql \. C:\workspace\cloud\code\sql\_DailyScript\currenttime.sql
+---------------------+
| currenttime         |
+---------------------+
| 2019-08-25 08:39:33 |
+---------------------+
1 row in set (0.00 sec)

mysql> 
mysql> mysql \. C:\workspace\cloud\code\sql\_DailyScript\DAILY-SCRIPT-CREATE-LOAD.sql
Database changed
Database changed
Query OK, 0 rows affected (0.12 sec)

Query OK, 0 rows affected (0.01 sec)

Database changed
Query OK, 65583 rows affected (4.05 sec)
Records: 65583  Deleted: 0  Skipped: 0  Warnings: 0

Query OK, 0 rows affected (0.23 sec)
Records: 0  Duplicates: 0  Warnings: 0

Query OK, 0 rows affected (0.43 sec)
Records: 0  Duplicates: 0  Warnings: 0

Query OK, 0 rows affected (0.30 sec)
Records: 0  Duplicates: 0  Warnings: 0

Query OK, 0 rows affected (0.42 sec)
Records: 0  Duplicates: 0  Warnings: 0

+---------+
| clients |
+---------+
|   65583 |
+---------+
1 row in set (0.03 sec)

Query OK, 0 rows affected (0.03 sec)

Query OK, 2217 rows affected (0.50 sec)
Records: 2217  Duplicates: 0  Warnings: 0

+-------------------+
| rcb_clientparcels |
+-------------------+
|              2217 |
+-------------------+
1 row in set (0.00 sec)

Query OK, 0 rows affected (0.24 sec)

Query OK, 85310 rows affected (4.08 sec)
Records: 85310  Duplicates: 0  Warnings: 0

Query OK, 0 rows affected (0.36 sec)
Records: 0  Duplicates: 0  Warnings: 0

Query OK, 0 rows affected (0.03 sec)

Query OK, 65583 rows affected (3.33 sec)
Records: 65583  Duplicates: 0  Warnings: 0

Query OK, 0 rows affected (0.58 sec)
Records: 0  Duplicates: 0  Warnings: 0

Query OK, 0 rows affected (0.34 sec)
Records: 0  Duplicates: 0  Warnings: 0

Query OK, 0 rows affected (0.25 sec)
Records: 0  Duplicates: 0  Warnings: 0

+---------------+
| clientaddress |
+---------------+
|         65583 |
+---------------+
1 row in set (0.03 sec)

Database changed
Query OK, 0 rows affected (0.04 sec)

Query OK, 0 rows affected (0.02 sec)

Database changed
Query OK, 484754 rows affected, 65535 warnings (22.10 sec)
Records: 484754  Deleted: 0  Skipped: 0  Warnings: 189774

Query OK, 0 rows affected (22.00 sec)
Records: 0  Duplicates: 0  Warnings: 0

Query OK, 0 rows affected (3.96 sec)
Records: 0  Duplicates: 0  Warnings: 0

Query OK, 0 rows affected (3.24 sec)
Records: 0  Duplicates: 0  Warnings: 0

Query OK, 0 rows affected (0.15 sec)

Query OK, 484754 rows affected (54.06 sec)
Records: 484754  Duplicates: 0  Warnings: 0

Query OK, 0 rows affected (2.24 sec)
Records: 0  Duplicates: 0  Warnings: 0

Query OK, 0 rows affected (1.82 sec)
Records: 0  Duplicates: 0  Warnings: 0

+-----------+
| contracts |
+-----------+
|    484754 |
+-----------+
1 row in set (0.20 sec)

+-----------------+
| contractaddress |
+-----------------+
|          484754 |
+-----------------+
1 row in set (0.19 sec)

Database changed
Query OK, 0 rows affected (0.01 sec)

Query OK, 0 rows affected (0.00 sec)

Query OK, 7013 rows affected (0.27 sec)
Records: 7013  Deleted: 0  Skipped: 0  Warnings: 0

Query OK, 0 rows affected (0.02 sec)

Query OK, 6982 rows affected (2.67 sec)
Records: 6982  Duplicates: 0  Warnings: 0

Query OK, 0 rows affected (0.05 sec)
Records: 0  Duplicates: 0  Warnings: 0

Query OK, 0 rows affected (0.02 sec)

Query OK, 5486 rows affected (0.19 sec)
Records: 5486  Duplicates: 0  Warnings: 0

Query OK, 0 rows affected (0.05 sec)
Records: 0  Duplicates: 0  Warnings: 0

+-------------------+
| contractdiscounts |
+-------------------+
|              7013 |
+-------------------+
1 row in set (0.01 sec)

+-------------------------+
| clientcontractdiscounts |
+-------------------------+
|                    6982 |
+-------------------------+
1 row in set (0.00 sec)

+----------------------------+
| clientcontractlastdiscount |
+----------------------------+
|                       5486 |
+----------------------------+
1 row in set (0.00 sec)

Database changed
Query OK, 0 rows affected (0.18 sec)

Query OK, 0 rows affected (0.02 sec)

Database changed
Query OK, 130040 rows affected (4.45 sec)
Records: 130040  Deleted: 0  Skipped: 0  Warnings: 0

Query OK, 0 rows affected (0.45 sec)
Records: 0  Duplicates: 0  Warnings: 0

Query OK, 0 rows affected (0.40 sec)
Records: 0  Duplicates: 0  Warnings: 0

Query OK, 0 rows affected (0.62 sec)
Records: 0  Duplicates: 0  Warnings: 0

Query OK, 0 rows affected (0.60 sec)
Records: 0  Duplicates: 0  Warnings: 0

Query OK, 0 rows affected (0.46 sec)
Records: 0  Duplicates: 0  Warnings: 0

Query OK, 0 rows affected (0.97 sec)
Records: 0  Duplicates: 0  Warnings: 0

Query OK, 0 rows affected (0.12 sec)

Query OK, 1654611 rows affected (3 min 51.03 sec)
Records: 1654611  Duplicates: 0  Warnings: 0

+---------+
| devices |
+---------+
|  130040 |
+---------+
1 row in set (0.09 sec)

+-----------------------+
| clientcontractdevices |
+-----------------------+
|               1654611 |
+-----------------------+
1 row in set (1.10 sec)

Query OK, 0 rows affected (0.10 sec)

Query OK, 129943 rows affected (9.80 sec)
Records: 129943  Duplicates: 0  Warnings: 0

+---------------------------+
| rep_clientcontractdevices |
+---------------------------+
|                    129943 |
+---------------------------+
1 row in set (0.05 sec)

Database changed
Query OK, 0 rows affected (0.15 sec)

Query OK, 0 rows affected (0.02 sec)

Query OK, 253877 rows affected (9.79 sec)
Records: 253877  Deleted: 0  Skipped: 0  Warnings: 0

Query OK, 0 rows affected (0.84 sec)
Records: 0  Duplicates: 0  Warnings: 0

Query OK, 0 rows affected (0.75 sec)
Records: 0  Duplicates: 0  Warnings: 0

Query OK, 0 rows affected (0.97 sec)
Records: 0  Duplicates: 0  Warnings: 0

Query OK, 0 rows affected (0.67 sec)
Records: 0  Duplicates: 0  Warnings: 0

+---------+
| tickets |
+---------+
|  253877 |
+---------+
1 row in set (0.08 sec)

Database changed
Query OK, 0 rows affected (0.15 sec)

Query OK, 0 rows affected (0.00 sec)

Empty set (0.00 sec)

Query OK, 0 rows affected (0.02 sec)
Records: 0  Duplicates: 0  Warnings: 0

Query OK, 315 rows affected, 2 warnings (0.01 sec)
Records: 315  Deleted: 0  Skipped: 0  Warnings: 2

+-----------------+
| tickettechusers |
+-----------------+
|             315 |
+-----------------+
1 row in set (0.00 sec)

Database changed
Query OK, 0 rows affected (0.02 sec)

Query OK, 0 rows affected (0.00 sec)

Query OK, 0 rows affected (0.01 sec)
Records: 0  Duplicates: 0  Warnings: 0

Query OK, 533206 rows affected, 42571 warnings (12.16 sec)
Records: 533206  Deleted: 0  Skipped: 0  Warnings: 42571

+-------------------+
| ticketassignments |
+-------------------+
|            533206 |
+-------------------+
1 row in set (0.17 sec)

Database changed
Query OK, 0 rows affected (0.05 sec)

Query OK, 0 rows affected (0.02 sec)

Query OK, 1108040 rows affected (20.77 sec)
Records: 1108040  Deleted: 0  Skipped: 0  Warnings: 0

Query OK, 0 rows affected (9.42 sec)
Records: 0  Duplicates: 0  Warnings: 0

Query OK, 0 rows affected (3.42 sec)
Records: 0  Duplicates: 0  Warnings: 0

Query OK, 0 rows affected (3.35 sec)
Records: 0  Duplicates: 0  Warnings: 0

Query OK, 0 rows affected (3.76 sec)
Records: 0  Duplicates: 0  Warnings: 0

+----------------+
| ticketcomments |
+----------------+
|        1108040 |
+----------------+
1 row in set (0.40 sec)

Database changed
Query OK, 0 rows affected (0.02 sec)

Query OK, 0 rows affected (0.02 sec)

Query OK, 414862 rows affected (49.51 sec)
Records: 414862  Deleted: 0  Skipped: 0  Warnings: 0

Query OK, 0 rows affected (3.20 sec)
Records: 0  Duplicates: 0  Warnings: 0

+----------+
| comments |
+----------+
|   414862 |
+----------+
1 row in set (0.14 sec)

Database changed
Query OK, 0 rows affected (0.05 sec)

Query OK, 0 rows affected (0.00 sec)

Query OK, 908609 rows affected, 65535 warnings (1 min 9.19 sec)
Records: 908609  Deleted: 0  Skipped: 0  Warnings: 908610

Query OK, 0 rows affected (7.58 sec)
Records: 0  Duplicates: 0  Warnings: 0

Query OK, 0 rows affected (3.48 sec)
Records: 0  Duplicates: 0  Warnings: 0

Query OK, 0 rows affected (3.17 sec)
Records: 0  Duplicates: 0  Warnings: 0

Query OK, 0 rows affected (3.67 sec)
Records: 0  Duplicates: 0  Warnings: 0

Query OK, 0 rows affected (3.64 sec)
Records: 0  Duplicates: 0  Warnings: 0

+------------+
| devicesold |
+------------+
|     908609 |
+------------+
1 row in set (0.32 sec)

Database changed
Query OK, 0 rows affected (0.02 sec)

Query OK, 0 rows affected (0.00 sec)

Query OK, 1648134 rows affected (29.09 sec)
Records: 1648134  Deleted: 0  Skipped: 0  Warnings: 0

Query OK, 0 rows affected (10.83 sec)
Records: 0  Duplicates: 0  Warnings: 0

Query OK, 0 rows affected (6.66 sec)
Records: 0  Duplicates: 0  Warnings: 0

Query OK, 0 rows affected (7.26 sec)
Records: 0  Duplicates: 0  Warnings: 0

+------------------+
| contractservices |
+------------------+
|          1648134 |
+------------------+
1 row in set (0.62 sec)

Database changed
Query OK, 0 rows affected (0.20 sec)

Query OK, 0 rows affected (0.00 sec)

Query OK, 3734647 rows affected (2 min 15.80 sec)
Records: 3734647  Deleted: 0  Skipped: 0  Warnings: 0

Query OK, 0 rows affected (14.67 sec)
Records: 0  Duplicates: 0  Warnings: 0

Query OK, 0 rows affected (14.30 sec)
Records: 0  Duplicates: 0  Warnings: 0

Query OK, 0 rows affected (13.41 sec)
Records: 0  Duplicates: 0  Warnings: 0

Query OK, 0 rows affected (13.71 sec)
Records: 0  Duplicates: 0  Warnings: 0

+------------------+
| invoicescontents |
+------------------+
|          3734647 |
+------------------+
1 row in set (1.46 sec)

Database changed
Query OK, 0 rows affected (0.21 sec)

Query OK, 0 rows affected (0.01 sec)

Query OK, 2585694 rows affected (3 min 28.33 sec)
Records: 2585694  Deleted: 0  Skipped: 0  Warnings: 0

Query OK, 0 rows affected (19.32 sec)
Records: 0  Duplicates: 0  Warnings: 0

Query OK, 0 rows affected (16.27 sec)
Records: 0  Duplicates: 0  Warnings: 0

Query OK, 0 rows affected (14.00 sec)
Records: 0  Duplicates: 0  Warnings: 0

Query OK, 0 rows affected (13.45 sec)
Records: 0  Duplicates: 0  Warnings: 0

Query OK, 0 rows affected (12.29 sec)
Records: 0  Duplicates: 0  Warnings: 0

+----------------+
| invoicesheader |
+----------------+
|        2585694 |
+----------------+
1 row in set (0.93 sec)

Database changed
Query OK, 0 rows affected (0.08 sec)

Query OK, 0 rows affected (0.00 sec)

Query OK, 2701591 rows affected (1 min 32.92 sec)
Records: 2701591  Deleted: 0  Skipped: 0  Warnings: 0

Query OK, 0 rows affected (12.58 sec)
Records: 0  Duplicates: 0  Warnings: 0

Query OK, 0 rows affected (11.36 sec)
Records: 0  Duplicates: 0  Warnings: 0

Query OK, 0 rows affected (12.21 sec)
Records: 0  Duplicates: 0  Warnings: 0

Query OK, 0 rows affected (13.10 sec)
Records: 0  Duplicates: 0  Warnings: 0

+---------+
| casa    |
+---------+
| 2701591 |
+---------+
1 row in set (0.99 sec)

Query OK, 0 rows affected (0.01 sec)

Query OK, 12761 rows affected (1 min 26.17 sec)
Records: 12761  Duplicates: 0  Warnings: 0

+--------------------+
| rep_paycol_channel |
+--------------------+
|              12761 |
+--------------------+
1 row in set (0.00 sec)

Query OK, 0 rows affected (0.00 sec)

Query OK, 8527 rows affected (1 min 37.69 sec)
Records: 8527  Duplicates: 0  Warnings: 0

+----------------+
| rep_paycol_pos |
+----------------+
|           8527 |
+----------------+
1 row in set (0.00 sec)

Database changed
Query OK, 0 rows affected (0.02 sec)

Query OK, 0 rows affected (0.00 sec)

Database changed
Query OK, 38348 rows affected (1.00 sec)
Records: 38348  Deleted: 0  Skipped: 0  Warnings: 0

+-------+
| users |
+-------+
| 38348 |
+-------+
1 row in set (0.02 sec)

Database changed
Query OK, 0 rows affected (0.08 sec)

Query OK, 0 rows affected (0.00 sec)

Database changed
Query OK, 8277171 rows affected (2 min 12.34 sec)
Records: 8277171  Deleted: 0  Skipped: 0  Warnings: 0

Query OK, 0 rows affected (34.26 sec)
Records: 0  Duplicates: 0  Warnings: 0

Query OK, 0 rows affected (34.76 sec)
Records: 0  Duplicates: 0  Warnings: 0

Query OK, 0 rows affected (33.67 sec)
Records: 0  Duplicates: 0  Warnings: 0

Query OK, 0 rows affected (30.68 sec)
Records: 0  Duplicates: 0  Warnings: 0

+----------+
| ipusage1 |
+----------+
|  8277171 |
+----------+
1 row in set (2.94 sec)

Query OK, 0 rows affected (0.70 sec)

Query OK, 8347973 rows affected, 65535 warnings (11 min 26.28 sec)
Records: 8347973  Duplicates: 0  Warnings: 8345614

Query OK, 0 rows affected (27.61 sec)
Records: 0  Duplicates: 0  Warnings: 0

Query OK, 0 rows affected (38.71 sec)
Records: 0  Duplicates: 0  Warnings: 0

Query OK, 0 rows affected (33.40 sec)
Records: 0  Duplicates: 0  Warnings: 0

Query OK, 0 rows affected (32.33 sec)
Records: 0  Duplicates: 0  Warnings: 0

Query OK, 0 rows affected (44.58 sec)
Records: 0  Duplicates: 0  Warnings: 0

Query OK, 0 rows affected (49.37 sec)
Records: 0  Duplicates: 0  Warnings: 0

Query OK, 0 rows affected (46.49 sec)
Records: 0  Duplicates: 0  Warnings: 0

+---------+
| ipusage |
+---------+
| 8347973 |
+---------+
1 row in set (7.85 sec)

Query OK, 0 rows affected (0.13 sec)

Query OK, 2148007 rows affected (2 min 17.87 sec)
Records: 2148007  Duplicates: 0  Warnings: 0

Query OK, 0 rows affected (13.04 sec)
Records: 0  Duplicates: 0  Warnings: 0

Query OK, 0 rows affected (8.06 sec)
Records: 0  Duplicates: 0  Warnings: 0

Query OK, 0 rows affected (9.60 sec)
Records: 0  Duplicates: 0  Warnings: 0

Query OK, 0 rows affected (10.38 sec)
Records: 0  Duplicates: 0  Warnings: 0

Query OK, 0 rows affected (7.36 sec)
Records: 0  Duplicates: 0  Warnings: 0

Query OK, 0 rows affected (0.03 sec)

Query OK, 159714 rows affected (17.61 sec)
Records: 159714  Duplicates: 0  Warnings: 0

Query OK, 0 rows affected (0.60 sec)
Records: 0  Duplicates: 0  Warnings: 0

Query OK, 0 rows affected (0.83 sec)
Records: 0  Duplicates: 0  Warnings: 0

Query OK, 0 rows affected (0.66 sec)
Records: 0  Duplicates: 0  Warnings: 0

Query OK, 0 rows affected (0.34 sec)
Records: 0  Duplicates: 0  Warnings: 0

Query OK, 0 rows affected (0.33 sec)
Records: 0  Duplicates: 0  Warnings: 0

Query OK, 0 rows affected (0.05 sec)

Query OK, 1647976 rows affected (1 min 6.17 sec)
Records: 1647976  Duplicates: 0  Warnings: 0

Query OK, 0 rows affected (8.86 sec)
Records: 0  Duplicates: 0  Warnings: 0

Query OK, 0 rows affected (5.79 sec)
Records: 0  Duplicates: 0  Warnings: 0

Query OK, 0 rows affected (7.40 sec)
Records: 0  Duplicates: 0  Warnings: 0

mysql> mysql \. C:\workspace\cloud\code\sql\_DailyScript\currenttime.sql
+---------------------+
| currenttime         |
+---------------------+
| 2019-08-25 09:29:16 |
+---------------------+
1 row in set (0.00 sec)

mysql> 
mysql> mysql \. C:\workspace\cloud\code\sql\_DailyScript\ticket_analysis.sql
Database changed
Query OK, 0 rows affected (0.08 sec)

Query OK, 469020 rows affected (22.31 sec)
Records: 469020  Duplicates: 0  Warnings: 0

Query OK, 0 rows affected (7.90 sec)
Records: 0  Duplicates: 0  Warnings: 0

Query OK, 0 rows affected (1.82 sec)
Records: 0  Duplicates: 0  Warnings: 0

Query OK, 0 rows affected (1.63 sec)
Records: 0  Duplicates: 0  Warnings: 0

Query OK, 0 rows affected (0.02 sec)

Query OK, 16217 rows affected (10.86 sec)
Records: 16217  Duplicates: 0  Warnings: 0

Query OK, 0 rows affected, 1 warning (0.00 sec)

Query OK, 64552 rows affected (7.05 sec)
Records: 64552  Duplicates: 0  Warnings: 0

Query OK, 0 rows affected, 1 warning (0.01 sec)

Query OK, 335480 rows affected (14.77 sec)
Records: 335480  Duplicates: 0  Warnings: 0

Query OK, 0 rows affected, 1 warning (0.01 sec)

Query OK, 335480 rows affected (16.90 sec)
Records: 335480  Duplicates: 0  Warnings: 0

Query OK, 0 rows affected (0.02 sec)

Query OK, 64595 rows affected (7.11 sec)
Records: 64595  Duplicates: 0  Warnings: 0

Database changed
Query OK, 0 rows affected (0.00 sec)

Query OK, 0 rows affected (0.02 sec)

Query OK, 469020 rows affected (22.93 sec)
Records: 469020  Duplicates: 0  Warnings: 0

Query OK, 0 rows affected (0.09 sec)

Query OK, 225759 rows affected (15.46 sec)
Records: 225759  Duplicates: 0  Warnings: 0

+--------------------------+
| clientticket_cmmtjourney |
+--------------------------+
|                   469020 |
+--------------------------+
1 row in set (5.01 sec)

+---------------------------+
| clientticket_assgnjourney |
+---------------------------+
|                    225759 |
+---------------------------+
1 row in set (0.30 sec)

Query OK, 0 rows affected (0.03 sec)

Query OK, 72 rows affected (0.20 sec)
Records: 72  Duplicates: 0  Warnings: 0

mysql> mysql \. C:\workspace\cloud\code\sql\_DailyScript\currenttime.sql
+---------------------+
| currenttime         |
+---------------------+
| 2019-08-25 09:31:30 |
+---------------------+
1 row in set (0.00 sec)

mysql> 
mysql> mysql \. C:\workspace\cloud\code\sql\_DailyScript\load_DailyCalls.sql
Database changed
ERROR 2 (HY000): File 'C:\ProgramData\MySQL\MySQL Server 5.7\Uploads\CC\distribution_detail-CC-24082019.csv' not found (Errcode: 2 - No such file or directory)
Query OK, 0 rows affected, 1 warning (0.00 sec)

Query OK, 0 rows affected (0.61 sec)
Records: 0  Duplicates: 0  Warnings: 0

Query OK, 0 rows affected, 1 warning (0.00 sec)

Query OK, 67280 rows affected (0.53 sec)
Records: 67280  Duplicates: 0  Warnings: 0

+----------------------+
| callingclientsbefore |
+----------------------+
|               742078 |
+----------------------+
1 row in set (0.58 sec)

Query OK, 0 rows affected (0.00 sec)
Records: 0  Duplicates: 0  Warnings: 0

+---------------------+
| callingclientsafter |
+---------------------+
|              742078 |
+---------------------+
1 row in set (0.24 sec)

Query OK, 0 rows affected (0.01 sec)

Query OK, 0 rows affected (5.91 sec)
Records: 0  Duplicates: 0  Warnings: 0

Query OK, 0 rows affected (0.00 sec)

Query OK, 15202 rows affected (2.77 sec)
Records: 15202  Duplicates: 0  Warnings: 0

+-----------+
| callstats |
+-----------+
|     15202 |
+-----------+
1 row in set (0.00 sec)

Query OK, 0 rows affected, 1 warning (0.01 sec)

Query OK, 0 rows affected (4.04 sec)
Records: 0  Duplicates: 0  Warnings: 0

+------------------------+
| rep_cccallreportbefore |
+------------------------+
|                 745805 |
+------------------------+
1 row in set (0.24 sec)

Query OK, 0 rows affected (0.00 sec)
Records: 0  Duplicates: 0  Warnings: 0

+-----------------------+
| rep_cccallreportafter |
+-----------------------+
|                745805 |
+-----------------------+
1 row in set (0.26 sec)

Query OK, 0 rows affected (0.00 sec)

mysql> mysql \. C:\workspace\cloud\code\sql\_DailyScript\currenttime.sql
+---------------------+
| currenttime         |
+---------------------+
| 2019-08-25 09:31:45 |
+---------------------+
1 row in set (0.00 sec)

mysql> 
mysql> mysql \. C:\workspace\cloud\code\sql\_DailyScript\DAILY-SCRIPT-USAGE.sql
Database changed
Query OK, 0 rows affected (0.00 sec)

Query OK, 6534 rows affected, 18929 warnings (4.43 sec)
Records: 6534  Deleted: 0  Skipped: 0  Warnings: 18929

Query OK, 0 rows affected (0.00 sec)

Query OK, 10291 rows affected, 29756 warnings (4.46 sec)
Records: 10291  Deleted: 0  Skipped: 0  Warnings: 29756

Query OK, 0 rows affected (0.00 sec)

Query OK, 42 rows affected, 140 warnings (0.12 sec)
Records: 42  Deleted: 0  Skipped: 0  Warnings: 140

Query OK, 0 rows affected (0.00 sec)

Query OK, 208 rows affected, 716 warnings (0.09 sec)
Records: 208  Deleted: 0  Skipped: 0  Warnings: 716

+------------+
| dailyusage |
+------------+
|    7507344 |
+------------+
1 row in set (8.51 sec)

+------------+------------+------------+---------+
| datestart  | dateend    | insertedon | records |
+------------+------------+------------+---------+
| 2019-08-24 | 2019-08-24 | 2019-08-25 |   17075 |
| 2019-08-23 | 2019-08-23 | 2019-08-24 |   17318 |
| 2019-08-22 | 2019-08-22 | 2019-08-23 |   17319 |
| 2019-08-21 | 2019-08-21 | 2019-08-22 |   17172 |
| 2019-08-20 | 2019-08-20 | 2019-08-21 |   17124 |
+------------+------------+------------+---------+
5 rows in set (54.19 sec)

mysql> mysql \. C:\workspace\cloud\code\sql\_DailyScript\currenttime.sql
+---------------------+
| currenttime         |
+---------------------+
| 2019-08-25 09:32:57 |
+---------------------+
1 row in set (0.02 sec)

mysql> 
mysql> mysql \. C:\workspace\cloud\code\sql\_DailyScript\DAILY-SCRIPT-SALES-TELEMETRY.sql
Database changed
Query OK, 119 rows affected, 39 warnings (0.08 sec)
Records: 119  Deleted: 0  Skipped: 0  Warnings: 39

+------------+
| dailysales |
+------------+
|     164474 |
+------------+
1 row in set (0.53 sec)

Query OK, 0 rows affected (0.03 sec)

Query OK, 164474 rows affected (15.19 sec)
Records: 164474  Duplicates: 0  Warnings: 0

+--------+
| sales  |
+--------+
| 164474 |
+--------+
1 row in set (0.09 sec)

Query OK, 0 rows affected (0.01 sec)

Query OK, 2629 rows affected (0.32 sec)
Records: 2629  Duplicates: 0  Warnings: 0

+----------------+
| rep_dailysales |
+----------------+
|           2629 |
+----------------+
1 row in set (0.02 sec)

Query OK, 0 rows affected (0.00 sec)

Query OK, 2629 rows affected (0.52 sec)
Records: 2629  Duplicates: 0  Warnings: 0

+-------------------+
| rep_dailysalesreg |
+-------------------+
|              2629 |
+-------------------+
1 row in set (0.02 sec)

Query OK, 0 rows affected (0.00 sec)

Query OK, 2496 rows affected (0.65 sec)
Records: 2496  Duplicates: 0  Warnings: 0

+-----------+
| saleslist |
+-----------+
|      2496 |
+-----------+
1 row in set (0.00 sec)

Database changed
Query OK, 1 row affected (0.04 sec)
Records: 1  Deleted: 0  Skipped: 0  Warnings: 0

+------------------+
| dailysinglesales |
+------------------+
|             5913 |
+------------------+
1 row in set (0.03 sec)

Database changed
Query OK, 13 rows affected (0.08 sec)
Records: 13  Deleted: 0  Skipped: 0  Warnings: 0

+-----------------+
| dailyaddonsales |
+-----------------+
|           16685 |
+-----------------+
1 row in set (0.25 sec)

Query OK, 171 rows affected (0.28 sec)
Records: 171  Deleted: 0  Skipped: 0  Warnings: 0

+----------------+
| onlinepayments |
+----------------+
|          61878 |
+----------------+
1 row in set (0.12 sec)

+-------------+----------------+---------------------+
| paymentdate | onlinepayments | onlinepaymentamount |
+-------------+----------------+---------------------+
| 2019-08-24  |            171 |        125690.71000 |
| 2019-08-23  |            116 |         77281.44000 |
| 2019-08-22  |            106 |         62449.78000 |
| 2019-08-21  |             66 |         37167.69000 |
| 2019-08-20  |             80 |         40041.12000 |
+-------------+----------------+---------------------+
5 rows in set (0.54 sec)

+-------------+--------------+----------------+---------------------+
| paymentyear | paymentmonth | onlinepayments | onlinepaymentamount |
+-------------+--------------+----------------+---------------------+
|        2019 |            8 |           2187 |       1401800.55000 |
|        2019 |            7 |           3028 |       2000847.29000 |
|        2019 |            6 |           2798 |       1782990.54000 |
|        2019 |            5 |           2949 |       1930613.93000 |
|        2019 |            4 |           2854 |       1881797.80000 |
+-------------+--------------+----------------+---------------------+
5 rows in set (0.08 sec)

mysql> mysql \. C:\workspace\cloud\code\sql\_DailyScript\currenttime.sql
+---------------------+
| currenttime         |
+---------------------+
| 2019-08-25 09:33:16 |
+---------------------+
1 row in set (0.00 sec)

mysql> 
mysql> mysql \. C:\workspace\cloud\code\sql\_DailyScript\DAILY-SCRIPT-ACTIVENUMBERS.sql
Database changed
Query OK, 1272 rows affected (1.05 sec)
Records: 1272  Deleted: 0  Skipped: 0  Warnings: 0

+------------+----------+
| period     | count(1) |
+------------+----------+
| 2019-08-24 |     1272 |
| 2019-08-23 |     1270 |
| 2019-08-22 |     1270 |
| 2019-08-21 |     1273 |
| 2019-08-20 |     1273 |
| 2019-08-19 |     1271 |
+------------+----------+
6 rows in set (0.02 sec)

Query OK, 0 rows affected (0.00 sec)

Query OK, 81 rows affected (1.79 sec)
Records: 81  Duplicates: 0  Warnings: 0

+-------------+
| packagelist |
+-------------+
|          81 |
+-------------+
1 row in set (0.00 sec)

Database changed
Query OK, 0 rows affected (0.00 sec)

Query OK, 0 rows affected (0.00 sec)

Query OK, 0 rows affected (0.01 sec)

Query OK, 0 rows affected (0.00 sec)

Query OK, 27154 rows affected, 224 warnings (1 min 14.76 sec)
Records: 27154  Deleted: 0  Skipped: 0  Warnings: 224

+------------+----------+
| period     | count(1) |
+------------+----------+
| 2019-08-24 |    27154 |
| 2019-08-23 |    27240 |
| 2019-08-22 |    27157 |
| 2019-08-21 |    27196 |
| 2019-08-20 |    27162 |
+------------+----------+
5 rows in set (0.14 sec)

Query OK, 0 rows affected (0.05 sec)

Query OK, 26525 rows affected (2 min 9.23 sec)
Records: 26525  Duplicates: 0  Warnings: 0

Query OK, 0 rows affected (0.16 sec)
Records: 0  Duplicates: 0  Warnings: 0

Query OK, 0 rows affected (0.12 sec)
Records: 0  Duplicates: 0  Warnings: 0

Query OK, 0 rows affected (0.15 sec)
Records: 0  Duplicates: 0  Warnings: 0

Query OK, 0 rows affected (0.12 sec)
Records: 0  Duplicates: 0  Warnings: 0

Query OK, 0 rows affected (0.07 sec)
Records: 0  Duplicates: 0  Warnings: 0

Query OK, 0 rows affected (0.07 sec)
Records: 0  Duplicates: 0  Warnings: 0

+-------------+
| countbefore |
+-------------+
|    28772849 |
+-------------+
1 row in set (26.49 sec)

Query OK, 26525 rows affected (36.98 sec)
Records: 26525  Duplicates: 0  Warnings: 0

+------------+
| countafter |
+------------+
|   28799374 |
+------------+
1 row in set (14.21 sec)

+------------+--------------------------+
| period     | customercontractactivity |
+------------+--------------------------+
| 2019-08-24 |                    26525 |
| 2019-08-23 |                    26610 |
| 2019-08-22 |                    26528 |
| 2019-08-21 |                    26567 |
| 2019-08-20 |                    26533 |
+------------+--------------------------+
5 rows in set (0.07 sec)

Query OK, 0 rows affected (0.12 sec)

Query OK, 225269 rows affected (10 min 29.98 sec)
Records: 225269  Duplicates: 0  Warnings: 0

Query OK, 0 rows affected (1.03 sec)
Records: 0  Duplicates: 0  Warnings: 0

Query OK, 0 rows affected (1.07 sec)
Records: 0  Duplicates: 0  Warnings: 0

Query OK, 0 rows affected (1.06 sec)
Records: 0  Duplicates: 0  Warnings: 0

Query OK, 0 rows affected (0.02 sec)

Query OK, 249 rows affected (0.54 sec)
Records: 249  Duplicates: 0  Warnings: 0

Query OK, 0 rows affected (0.00 sec)

Query OK, 2498 rows affected (0.65 sec)
Records: 2498  Duplicates: 0  Warnings: 0

Query OK, 0 rows affected (0.02 sec)

Query OK, 26514 rows affected (0.67 sec)
Records: 26514  Duplicates: 0  Warnings: 0

Query OK, 0 rows affected (0.02 sec)

Query OK, 16878 rows affected (0.50 sec)
Records: 16878  Duplicates: 0  Warnings: 0

Query OK, 0 rows affected (0.00 sec)

Query OK, 16878 rows affected (0.17 sec)
Records: 16878  Duplicates: 0  Warnings: 0

Query OK, 0 rows affected (0.03 sec)

Query OK, 16878 rows affected (1.90 sec)
Records: 16878  Duplicates: 0  Warnings: 0

Query OK, 0 rows affected (0.09 sec)

Query OK, 16878 rows affected (53.51 sec)
Records: 16878  Duplicates: 0  Warnings: 0

+-------------+
| clientstats |
+-------------+
|       16878 |
+-------------+
1 row in set (0.00 sec)

Query OK, 0 rows affected (0.01 sec)

Query OK, 13 rows affected, 1 warning (0.15 sec)
Records: 13  Duplicates: 0  Warnings: 1

+-----------------------+-------------+-------------+----------------+-----------------+
| services              | activecount | allaccounts | uniqueaccounts | uniquecontracts |
+-----------------------+-------------+-------------+----------------+-----------------+
| All                   |         193 |          34 |             34 |             111 |
| Internet & Voice      |         445 |         204 |            204 |             399 |
| Internet Only         |        4217 |        4067 |           4061 |            4142 |
| OTT Only              |          12 |           3 |              3 |              12 |
| TV & Internet         |        8631 |        3780 |           3771 |            7685 |
| TV & Internet & OTT   |        2331 |         619 |            619 |            1273 |
| TV & Internet & Voice |         484 |         138 |            138 |             427 |
| TV & OTT              |         353 |          67 |             67 |              82 |
| TV & Voice            |         110 |          46 |             46 |              95 |
| TV & Voice & OTT      |           6 |           2 |              2 |               4 |
| TV Only               |       10331 |        7739 |           7732 |            7916 |
| Voice Only            |         180 |         179 |            179 |             180 |
| GRAND TOTAL           |       27293 |       16878 |          16810 |           22326 |
+-----------------------+-------------+-------------+----------------+-----------------+
13 rows in set (0.00 sec)

+-------------+-------------+-------------+----------------+-----------------+
| network     | activecount | allaccounts | uniqueaccounts | uniquecontracts |
+-------------+-------------+-------------+----------------+-----------------+
| ADDON       |          12 |           8 |              8 |               8 |
| GPON        |        7173 |        3609 |           3606 |            5443 |
| HFC         |       20098 |       13260 |          13260 |           16865 |
| MOBILE TV   |          10 |           1 |              1 |              10 |
| GRAND TOTAL |       27293 |       16878 |          16810 |           22326 |
+-------------+-------------+-------------+----------------+-----------------+
5 rows in set, 1 warning (0.13 sec)

+-------------+-----------------------+-------------+-------------+----------------+-----------------+
| network     | services              | activecount | allaccounts | uniqueaccounts | uniquecontracts |
+-------------+-----------------------+-------------+-------------+----------------+-----------------+
| ADDON       | OTT Only              |           2 |           2 |              2 |               2 |
| ADDON       | TV & OTT              |           4 |           1 |              1 |               1 |
| ADDON       | TV Only               |           6 |           5 |              5 |               5 |
| ADDON       | Services Total        |          12 |           8 |              8 |               8 |
| GPON        | All                   |          77 |          14 |             14 |              44 |
| GPON        | Internet & Voice      |          67 |          28 |             28 |              57 |
| GPON        | Internet Only         |         958 |         866 |            866 |             886 |
| GPON        | TV & Internet         |        2935 |        1226 |           1226 |            2514 |
| GPON        | TV & Internet & OTT   |        1202 |         313 |            313 |             647 |
| GPON        | TV & Internet & Voice |         125 |          34 |             34 |             106 |
| GPON        | TV & OTT              |          79 |          24 |             24 |              25 |
| GPON        | TV & Voice            |          46 |          18 |             18 |              38 |
| GPON        | TV & Voice & OTT      |           3 |           1 |              1 |               2 |
| GPON        | TV Only               |        1672 |        1076 |           1076 |            1115 |
| GPON        | Voice Only            |           9 |           9 |              9 |               9 |
| GPON        | Services Total        |        7173 |        3609 |           3606 |            5443 |
| HFC         | All                   |         116 |          20 |             20 |              67 |
| HFC         | Internet & Voice      |         378 |         176 |            176 |             342 |
| HFC         | Internet Only         |        3259 |        3201 |           3201 |            3256 |
| HFC         | TV & Internet         |        5696 |        2554 |           2554 |            5171 |
| HFC         | TV & Internet & OTT   |        1129 |         306 |            306 |             626 |
| HFC         | TV & Internet & Voice |         359 |         104 |            104 |             321 |
| HFC         | TV & OTT              |         270 |          42 |             42 |              56 |
| HFC         | TV & Voice            |          64 |          28 |             28 |              57 |
| HFC         | TV & Voice & OTT      |           3 |           1 |              1 |               2 |
| HFC         | TV Only               |        8653 |        6658 |           6658 |            6796 |
| HFC         | Voice Only            |         171 |         170 |            170 |             171 |
| HFC         | Services Total        |       20098 |       13260 |          13260 |           16865 |
| MOBILE TV   | OTT Only              |          10 |           1 |              1 |              10 |
| MOBILE TV   | Services Total        |          10 |           1 |              1 |              10 |
| GRAND TOTAL | Services Total        |       27293 |       16878 |          16810 |           22326 |
+-------------+-----------------------+-------------+-------------+----------------+-----------------+
31 rows in set, 2 warnings (0.15 sec)

Query OK, 0 rows affected (0.01 sec)

Query OK, 48 rows affected, 3 warnings (0.20 sec)
Records: 48  Duplicates: 0  Warnings: 3

+-------------+---------------+-----------------------+-------------+-------------+----------------+-----------------+
| region      | network       | services              | activecount | allaccounts | uniqueaccounts | uniquecontracts |
+-------------+---------------+-----------------------+-------------+-------------+----------------+-----------------+
| Mahe        | ADDON         | OTT Only              |           2 |           2 |              2 |               2 |
| Mahe        | ADDON         | TV & OTT              |           4 |           1 |              1 |               1 |
| Mahe        | ADDON         | TV Only               |           4 |           3 |              3 |               3 |
| Mahe        | ADDON         | Services Total        |          10 |           6 |              6 |               6 |
| Mahe        | GPON          | All                   |          59 |          11 |             11 |              35 |
| Mahe        | GPON          | Internet & Voice      |          57 |          23 |             23 |              47 |
| Mahe        | GPON          | Internet Only         |         748 |         656 |            656 |             676 |
| Mahe        | GPON          | TV & Internet         |        2106 |         874 |            874 |            1783 |
| Mahe        | GPON          | TV & Internet & OTT   |         788 |         197 |            197 |             406 |
| Mahe        | GPON          | TV & Internet & Voice |         107 |          29 |             29 |              89 |
| Mahe        | GPON          | TV & OTT              |          53 |          14 |             14 |              14 |
| Mahe        | GPON          | TV & Voice            |          43 |          17 |             17 |              35 |
| Mahe        | GPON          | TV Only               |        1241 |         777 |            777 |             799 |
| Mahe        | GPON          | Voice Only            |           8 |           8 |              8 |               8 |
| Mahe        | GPON          | Services Total        |        5210 |        2606 |           2606 |            3892 |
| Mahe        | HFC           | All                   |         116 |          20 |             20 |              67 |
| Mahe        | HFC           | Internet & Voice      |         378 |         176 |            176 |             342 |
| Mahe        | HFC           | Internet Only         |        3259 |        3201 |           3201 |            3256 |
| Mahe        | HFC           | TV & Internet         |        5696 |        2554 |           2554 |            5171 |
| Mahe        | HFC           | TV & Internet & OTT   |        1129 |         306 |            306 |             626 |
| Mahe        | HFC           | TV & Internet & Voice |         359 |         104 |            104 |             321 |
| Mahe        | HFC           | TV & OTT              |         270 |          42 |             42 |              56 |
| Mahe        | HFC           | TV & Voice            |          64 |          28 |             28 |              57 |
| Mahe        | HFC           | TV & Voice & OTT      |           3 |           1 |              1 |               2 |
| Mahe        | HFC           | TV Only               |        8648 |        6655 |           6655 |            6793 |
| Mahe        | HFC           | Voice Only            |         171 |         170 |            170 |             171 |
| Mahe        | HFC           | Services Total        |       20093 |       13257 |          13257 |           16862 |
| Mahe        | MOBILE TV     | OTT Only              |          10 |           1 |              1 |              10 |
| Mahe        | MOBILE TV     | Services Total        |          10 |           1 |              1 |              10 |
| Mahe        | Network Total | Services Total        |       25323 |       15870 |          15806 |           20770 |
| Praslin     | ADDON         | TV Only               |           2 |           2 |              2 |               2 |
| Praslin     | ADDON         | Services Total        |           2 |           2 |              2 |               2 |
| Praslin     | GPON          | All                   |          18 |           3 |              3 |               9 |
| Praslin     | GPON          | Internet & Voice      |          10 |           5 |              5 |              10 |
| Praslin     | GPON          | Internet Only         |         210 |         210 |            210 |             210 |
| Praslin     | GPON          | TV & Internet         |         829 |         352 |            352 |             731 |
| Praslin     | GPON          | TV & Internet & OTT   |         414 |         116 |            116 |             241 |
| Praslin     | GPON          | TV & Internet & Voice |          18 |           5 |              5 |              17 |
| Praslin     | GPON          | TV & OTT              |          26 |          10 |             10 |              11 |
| Praslin     | GPON          | TV & Voice            |           3 |           1 |              1 |               3 |
| Praslin     | GPON          | TV & Voice & OTT      |           3 |           1 |              1 |               2 |
| Praslin     | GPON          | TV Only               |         431 |         299 |            299 |             316 |
| Praslin     | GPON          | Voice Only            |           1 |           1 |              1 |               1 |
| Praslin     | GPON          | Services Total        |        1963 |        1003 |           1003 |            1551 |
| Praslin     | HFC           | TV Only               |           5 |           3 |              3 |               3 |
| Praslin     | HFC           | Services Total        |           5 |           3 |              3 |               3 |
| Praslin     | Network Total | Services Total        |        1970 |        1008 |           1007 |            1556 |
| GRAND TOTAL | Network Total | Services Total        |       27293 |       16878 |          16810 |           22326 |
+-------------+---------------+-----------------------+-------------+-------------+----------------+-----------------+
48 rows in set (0.00 sec)

Query OK, 0 rows affected (0.01 sec)

Query OK, 26515 rows affected (0.50 sec)
Records: 26515  Duplicates: 0  Warnings: 0

Query OK, 0 rows affected (0.02 sec)

Query OK, 1944 rows affected (3.45 sec)
Records: 1944  Duplicates: 0  Warnings: 0

+--------------------------------------+
| message                              |
+--------------------------------------+
| running rcbill_my.sp_ActiveNumber2() |
+--------------------------------------+
1 row in set (0.01 sec)

Query OK, 236 rows affected (2 min 14.70 sec)

mysql> mysql \. C:\workspace\cloud\code\sql\_DailyScript\currenttime.sql
+---------------------+
| currenttime         |
+---------------------+
| 2019-08-25 09:51:53 |
+---------------------+
1 row in set (0.00 sec)

mysql> 
mysql> mysql \. C:\workspace\cloud\code\sql\_DailyScript\GetActiveNumbers Average -Pivot.sql
Database changed
+-------------------------------------+
| @today := subdate(current_date(),1) |
+-------------------------------------+
| 2019-08-24                          |
+-------------------------------------+
1 row in set (0.00 sec)

+-------------------------------------+
| @lastdayofmonth := last_day(@today) |
+-------------------------------------+
| 2019-08-31                          |
+-------------------------------------+
1 row in set (0.00 sec)

Query OK, 0 rows affected (0.04 sec)

Query OK, 31876 rows affected, 65535 warnings (56.02 sec)
Records: 31876  Duplicates: 0  Warnings: 66178

Query OK, 0 rows affected (0.09 sec)
Records: 0  Duplicates: 0  Warnings: 0

Query OK, 0 rows affected (0.12 sec)
Records: 0  Duplicates: 0  Warnings: 0

Query OK, 0 rows affected (0.13 sec)
Records: 0  Duplicates: 0  Warnings: 0

+-----------------+
| activenumberavg |
+-----------------+
|           31876 |
+-----------------+
1 row in set (0.01 sec)

Query OK, 0 rows affected (0.02 sec)

Query OK, 1769 rows affected (0.46 sec)
Records: 1769  Duplicates: 0  Warnings: 0

+---------------------+
| rep_activenumberavg |
+---------------------+
|                1769 |
+---------------------+
1 row in set (0.02 sec)

+----------------------+
| rep_activenumberavg1 |
+----------------------+
|                  841 |
+----------------------+
1 row in set (0.00 sec)

Query OK, 0 rows affected (0.00 sec)

Query OK, 1626 rows affected (0.35 sec)
Records: 1626  Duplicates: 0  Warnings: 0

Query OK, 0 rows affected (0.00 sec)

Query OK, 8226 rows affected (0.62 sec)
Records: 8226  Duplicates: 0  Warnings: 0

Query OK, 0 rows affected (0.00 sec)

Query OK, 0 rows affected (0.00 sec)

Query OK, 0 rows affected (0.02 sec)

Query OK, 0 rows affected (0.00 sec)

Query OK, 0 rows affected (0.00 sec)
Statement prepared

Query OK, 53 rows affected (0.02 sec)
Records: 53  Duplicates: 0  Warnings: 0

Query OK, 0 rows affected (0.00 sec)

Query OK, 0 rows affected (0.00 sec)

+----------------------+
| rep_activenumberavg2 |
+----------------------+
|                 1626 |
+----------------------+
1 row in set (0.00 sec)

+------------------------+
| rep_activenumberavg_pv |
+------------------------+
|                     53 |
+------------------------+
1 row in set (0.00 sec)

Query OK, 0 rows affected (0.00 sec)

Query OK, 1626 rows affected (0.35 sec)
Records: 1626  Duplicates: 0  Warnings: 0

Query OK, 0 rows affected (0.01 sec)

Query OK, 0 rows affected (0.02 sec)

Query OK, 0 rows affected (0.00 sec)

Query OK, 0 rows affected (0.00 sec)

Query OK, 0 rows affected (0.01 sec)
Statement prepared

Query OK, 53 rows affected (0.01 sec)
Records: 53  Duplicates: 0  Warnings: 0

Query OK, 0 rows affected (0.00 sec)

Query OK, 0 rows affected (0.00 sec)

+-------------------------+
| rep_activenumberavgMahe |
+-------------------------+
|                    1626 |
+-------------------------+
1 row in set (0.02 sec)

+----------------------------+
| rep_activenumberavgMahe_pv |
+----------------------------+
|                         53 |
+----------------------------+
1 row in set (0.00 sec)

Query OK, 0 rows affected (0.00 sec)

Query OK, 1041 rows affected (0.15 sec)
Records: 1041  Duplicates: 0  Warnings: 0

Query OK, 0 rows affected (0.00 sec)

Query OK, 0 rows affected (0.00 sec)

Query OK, 0 rows affected (0.00 sec)

Query OK, 0 rows affected (0.00 sec)

Query OK, 0 rows affected (0.00 sec)
Statement prepared

Query OK, 39 rows affected (0.02 sec)
Records: 39  Duplicates: 0  Warnings: 0

Query OK, 0 rows affected (0.00 sec)

Query OK, 0 rows affected (0.00 sec)

+----------------------------+
| rep_activenumberavgPraslin |
+----------------------------+
|                       1041 |
+----------------------------+
1 row in set (0.00 sec)

+-------------------------------+
| rep_activenumberavgPraslin_pv |
+-------------------------------+
|                            39 |
+-------------------------------+
1 row in set (0.00 sec)

mysql> mysql \. C:\workspace\cloud\code\sql\_DailyScript\currenttime.sql
+---------------------+
| currenttime         |
+---------------------+
| 2019-08-25 09:52:51 |
+---------------------+
1 row in set (0.00 sec)

mysql> 
mysql> mysql \. C:\workspace\cloud\code\sql\_DailyScript\budget_actual_analysis_2019.sql
Query OK, 0 rows affected (0.00 sec)

Query OK, 562 rows affected, 3 warnings (0.35 sec)
Records: 562  Duplicates: 0  Warnings: 3

+--------------------+
| budget_actual_2019 |
+--------------------+
|                562 |
+--------------------+
1 row in set (0.01 sec)

Query OK, 0 rows affected (0.01 sec)

Query OK, 48 rows affected (0.03 sec)
Records: 48  Duplicates: 0  Warnings: 0

+---------------------------+
| rep_budget_actual_2019_pv |
+---------------------------+
|                        48 |
+---------------------------+
1 row in set (0.00 sec)

mysql> mysql \. C:\workspace\cloud\code\sql\_DailyScript\currenttime.sql
+---------------------+
| currenttime         |
+---------------------+
| 2019-08-25 09:52:52 |
+---------------------+
1 row in set (0.00 sec)

mysql> 
mysql> mysql \. C:\workspace\cloud\code\sql\_DailyScript\reports-sales-addons-prepaid-camera.sql
Database changed
Query OK, 0 rows affected (0.02 sec)

Query OK, 3760 rows affected (0.23 sec)
Records: 3760  Duplicates: 0  Warnings: 0

Query OK, 0 rows affected (0.04 sec)

Query OK, 16706 rows affected (16.02 sec)
Records: 16706  Duplicates: 0  Warnings: 0

+--------------------+
| rep_prepaid_camera |
+--------------------+
|               3760 |
+--------------------+
1 row in set (0.00 sec)

+-----------+
| rep_addon |
+-----------+
|     16706 |
+-----------+
1 row in set (0.01 sec)

mysql> mysql \. C:\workspace\cloud\code\sql\_DailyScript\currenttime.sql
+---------------------+
| currenttime         |
+---------------------+
| 2019-08-25 09:53:08 |
+---------------------+
1 row in set (0.00 sec)

mysql> 
mysql> mysql \. C:\workspace\cloud\code\sql\_DailyScript\housing-estate-analysis.sql
Database changed
Query OK, 0 rows affected (0.01 sec)

Query OK, 2861 rows affected (1 min 7.58 sec)
Records: 2861  Duplicates: 0  Warnings: 0

+--------------------+
| rep_housingestates |
+--------------------+
|               2861 |
+--------------------+
1 row in set (0.00 sec)

mysql> mysql \. C:\workspace\cloud\code\sql\_DailyScript\currenttime.sql
+---------------------+
| currenttime         |
+---------------------+
| 2019-08-25 09:54:16 |
+---------------------+
1 row in set (0.00 sec)

mysql> 
mysql> mysql \. C:\workspace\cloud\code\sql\_DailyScript\RCB_ClientAnalyticsReport_Script.sql
Database changed
Query OK, 0 rows affected (0.00 sec)

Query OK, 0 rows affected (0.07 sec)

Query OK, 1721416 rows affected (1 min 43.77 sec)
Records: 1721416  Duplicates: 0  Warnings: 0

Query OK, 0 rows affected (10.23 sec)
Records: 0  Duplicates: 0  Warnings: 0

Query OK, 0 rows affected (6.11 sec)
Records: 0  Duplicates: 0  Warnings: 0

Query OK, 0 rows affected (10.12 sec)
Records: 0  Duplicates: 0  Warnings: 0

Query OK, 0 rows affected (10.95 sec)
Records: 0  Duplicates: 0  Warnings: 0

Query OK, 0 rows affected (10.04 sec)
Records: 0  Duplicates: 0  Warnings: 0

Query OK, 0 rows affected (10.43 sec)
Records: 0  Duplicates: 0  Warnings: 0

Query OK, 0 rows affected (0.00 sec)

Query OK, 448963 rows affected (19.32 sec)
Rows matched: 1721416  Changed: 448963  Warnings: 0

Query OK, 0 rows affected (0.01 sec)

Query OK, 27447 rows affected (4.92 sec)
Records: 27447  Duplicates: 0  Warnings: 0

Query OK, 0 rows affected (0.02 sec)

Query OK, 42553 rows affected (12 min 3.84 sec)
Records: 42553  Duplicates: 0  Warnings: 0

Query OK, 0 rows affected (0.22 sec)
Records: 0  Duplicates: 0  Warnings: 0

Query OK, 0 rows affected (0.16 sec)
Records: 0  Duplicates: 0  Warnings: 0

Query OK, 0 rows affected (0.10 sec)
Records: 0  Duplicates: 0  Warnings: 0

Query OK, 0 rows affected (0.08 sec)

Query OK, 421698 rows affected (13 min 53.27 sec)
Records: 421698  Duplicates: 0  Warnings: 0

Query OK, 0 rows affected (1.84 sec)
Records: 0  Duplicates: 0  Warnings: 0

Query OK, 0 rows affected (1.82 sec)
Records: 0  Duplicates: 0  Warnings: 0

Query OK, 0 rows affected (0.93 sec)
Records: 0  Duplicates: 0  Warnings: 0

Query OK, 0 rows affected (2.20 sec)
Records: 0  Duplicates: 0  Warnings: 0

Query OK, 0 rows affected (1.37 sec)
Records: 0  Duplicates: 0  Warnings: 0

Query OK, 0 rows affected (0.02 sec)

Query OK, 42553 rows affected (1 min 38.25 sec)
Records: 42553  Duplicates: 0  Warnings: 0

+--------------+
| clientreport |
+--------------+
|        42553 |
+--------------+
1 row in set (0.02 sec)

Query OK, 0 rows affected (0.02 sec)

Query OK, 42553 rows affected (7.04 sec)
Records: 42553  Duplicates: 0  Warnings: 0

+----------------------+
| clientextendedreport |
+----------------------+
|                42553 |
+----------------------+
1 row in set (0.02 sec)

Query OK, 0 rows affected (0.05 sec)

Query OK, 42553 rows affected (47.12 sec)
Records: 42553  Duplicates: 0  Warnings: 0

+---------+
| allcust |
+---------+
|   42553 |
+---------+
1 row in set (0.01 sec)

Query OK, 0 rows affected, 1 warning (0.00 sec)

Query OK, 5000 rows affected (0.22 sec)
Records: 5000  Duplicates: 0  Warnings: 0

Query OK, 0 rows affected (0.02 sec)

Query OK, 6899 rows affected (0.40 sec)
Records: 6899  Duplicates: 0  Warnings: 0

Query OK, 0 rows affected, 1 warning (0.00 sec)

Query OK, 5000 rows affected (0.16 sec)
Records: 5000  Duplicates: 0  Warnings: 0

Query OK, 0 rows affected (0.02 sec)

Query OK, 7354 rows affected (0.23 sec)
Records: 7354  Duplicates: 0  Warnings: 0

mysql> mysql \. C:\workspace\cloud\code\sql\_DailyScript\currenttime.sql
+---------------------+
| currenttime         |
+---------------------+
| 2019-08-25 10:26:01 |
+---------------------+
1 row in set (0.00 sec)

mysql> 
mysql> mysql \. C:\workspace\cloud\code\sql\_DailyScript\REVENUE_PER_NODE_MXK.sql
Query OK, 0 rows affected (0.00 sec)

Query OK, 0 rows affected (0.01 sec)

Query OK, 0 rows affected (0.00 sec)

Query OK, 4812 rows affected (2.88 sec)
Records: 4812  Duplicates: 0  Warnings: 0

+----------------------+
| message              |
+----------------------+
| created temp table a |
+----------------------+
1 row in set (0.00 sec)

Query OK, 5092 rows affected (0.74 sec)
Records: 5092  Duplicates: 0  Warnings: 0

+----------------------+
| message              |
+----------------------+
| created temp table b |
+----------------------+
1 row in set (0.00 sec)

Query OK, 0 rows affected, 1 warning (0.00 sec)

Query OK, 5054 rows affected (9.99 sec)
Records: 5054  Duplicates: 0  Warnings: 0

+--------------------------------+
| message                        |
+--------------------------------+
| created rcbill_my.tempcustmxk1 |
+--------------------------------+
1 row in set (0.00 sec)

Query OK, 0 rows affected (0.02 sec)

Query OK, 0 rows affected (0.00 sec)

Query OK, 0 rows affected, 1 warning (0.00 sec)

Query OK, 4812 rows affected (1.10 sec)
Records: 4812  Duplicates: 0  Warnings: 0

+----------------+
| message        |
+----------------+
| created temp a |
+----------------+
1 row in set (0.00 sec)

Query OK, 5092 rows affected (0.37 sec)
Records: 5092  Duplicates: 0  Warnings: 0

+----------------+
| message        |
+----------------+
| created temp b |
+----------------+
1 row in set (0.00 sec)

Query OK, 0 rows affected, 1 warning (0.00 sec)

Query OK, 5181 rows affected (6.46 sec)
Records: 5181  Duplicates: 0  Warnings: 0

+--------------------------------+
| message                        |
+--------------------------------+
| created rcbill_my.tempcustmxk2 |
+--------------------------------+
1 row in set (0.00 sec)

Query OK, 0 rows affected (0.00 sec)

Query OK, 0 rows affected (0.00 sec)

Query OK, 0 rows affected, 1 warning (0.00 sec)

Query OK, 0 rows affected (0.01 sec)

Query OK, 5722 rows affected (0.32 sec)
Records: 5722  Duplicates: 0  Warnings: 0

+---------------------------------+
| message                         |
+---------------------------------+
| created rcbill_my.customers_mxk |
+---------------------------------+
1 row in set (0.00 sec)

Query OK, 0 rows affected (0.00 sec)

Query OK, 0 rows affected (0.00 sec)

Query OK, 13253 rows affected (6.43 sec)
Records: 13253  Duplicates: 0  Warnings: 0

+----------------+
| message        |
+----------------+
| created temp a |
+----------------+
1 row in set (0.00 sec)

Query OK, 21275 rows affected (1.59 sec)
Records: 21275  Duplicates: 0  Warnings: 0

+----------------+
| message        |
+----------------+
| created temp c |
+----------------+
1 row in set (0.00 sec)

Query OK, 0 rows affected, 1 warning (0.00 sec)

Query OK, 27751 rows affected (0.43 sec)
Records: 27751  Duplicates: 0  Warnings: 0

+---------------------------------+
| message                         |
+---------------------------------+
| created rcbill_my.tempcustcmts1 |
+---------------------------------+
1 row in set (0.00 sec)

Query OK, 0 rows affected (0.00 sec)

Query OK, 0 rows affected, 1 warning (0.00 sec)

Query OK, 0 rows affected (0.00 sec)

Query OK, 13253 rows affected (6.01 sec)
Records: 13253  Duplicates: 0  Warnings: 0

+----------------+
| message        |
+----------------+
| created temp a |
+----------------+
1 row in set (0.00 sec)

Query OK, 21275 rows affected (1.10 sec)
Records: 21275  Duplicates: 0  Warnings: 0

+----------------+
| message        |
+----------------+
| created temp c |
+----------------+
1 row in set (0.00 sec)

Query OK, 0 rows affected, 1 warning (0.00 sec)

Query OK, 22228 rows affected (0.32 sec)
Records: 22228  Duplicates: 0  Warnings: 0

+---------------------------------+
| message                         |
+---------------------------------+
| created rcbill_my.tempcustcmts2 |
+---------------------------------+
1 row in set (0.00 sec)

Query OK, 0 rows affected (0.00 sec)

Query OK, 0 rows affected, 1 warning (0.00 sec)

Query OK, 0 rows affected (0.02 sec)

Query OK, 0 rows affected (0.00 sec)

Query OK, 13471 rows affected (1.18 sec)
Records: 13471  Duplicates: 0  Warnings: 0

+----------------------------------+
| message                          |
+----------------------------------+
| created rcbill_my.customers_cmts |
+----------------------------------+
1 row in set (0.00 sec)

Query OK, 0 rows affected (0.00 sec)

Query OK, 0 rows affected (0.00 sec)

Query OK, 0 rows affected (0.03 sec)

Query OK, 19193 rows affected (1.07 sec)
Records: 19193  Duplicates: 0  Warnings: 0

+--------------------------------------+
| message                              |
+--------------------------------------+
| created rcbill_my.customers_cmts_mxk |
+--------------------------------------+
1 row in set (0.00 sec)

Query OK, 445292 rows affected (1 min 19.27 sec)
Records: 445292  Duplicates: 0  Warnings: 0

+----------------+
| message        |
+----------------+
| created temp a |
+----------------+
1 row in set (0.00 sec)

Query OK, 0 rows affected (0.04 sec)

Query OK, 446236 rows affected (16.81 sec)
Records: 446236  Duplicates: 0  Warnings: 0

+------------------------------------------------+
| message                                        |
+------------------------------------------------+
| created rcbill_my.customers_contracts_cmts_mxk |
+------------------------------------------------+
1 row in set (0.01 sec)

Query OK, 0 rows affected (0.01 sec)

Query OK, 0 rows affected, 1 warning (0.00 sec)

Query OK, 0 rows affected, 1 warning (0.00 sec)

Query OK, 0 rows affected (0.00 sec)

Query OK, 8132 rows affected (3.69 sec)
Rows matched: 8132  Changed: 8132  Warnings: 0

+------------------------------------------------+
| message                                        |
+------------------------------------------------+
| updated rcbill_my.customers_contracts_cmts_mxk |
+------------------------------------------------+
1 row in set (0.00 sec)

Query OK, 0 rows affected (0.12 sec)

Query OK, 1686393 rows affected (4 min 25.23 sec)
Records: 1686393  Duplicates: 0  Warnings: 0

+----------------------------------------+
| message                                |
+----------------------------------------+
| created rcbill_my.customers_collection |
+----------------------------------------+
1 row in set (0.00 sec)

Query OK, 0 rows affected (0.07 sec)

Query OK, 1943789 rows affected (2 min 21.31 sec)
Records: 1943789  Duplicates: 0  Warnings: 0

+------------------------------------------------+
| message                                        |
+------------------------------------------------+
| created rcbill_my.customers_cmts_mxk_cont_coll |
+------------------------------------------------+
1 row in set (0.00 sec)

Query OK, 0 rows affected (0.03 sec)

Query OK, 43543 rows affected (13.39 sec)
Records: 43543  Duplicates: 0  Warnings: 0

+------------------------------------------------------------+
| message                                                    |
+------------------------------------------------------------+
| created rcbill_my.customers_contracts_collection_pivot2019 |
+------------------------------------------------------------+
1 row in set (0.00 sec)

Query OK, 0 rows affected (0.02 sec)

Query OK, 19673 rows affected (8.98 sec)
Records: 19673  Duplicates: 0  Warnings: 0

+--------------------------------------------------+
| message                                          |
+--------------------------------------------------+
| created rcbill_my.customers_collection_pivot2019 |
+--------------------------------------------------+
1 row in set (0.00 sec)

Query OK, 0 rows affected (0.02 sec)

Query OK, 42553 rows affected (1.76 sec)
Records: 42553  Duplicates: 0  Warnings: 0

+------------------------------------------------+
| message                                        |
+------------------------------------------------+
| created rcbill_my.rep_customers_collection2019 |
+------------------------------------------------+
1 row in set (0.00 sec)

Query OK, 0 rows affected (0.00 sec)

Query OK, 0 rows affected, 1 warning (0.00 sec)

Query OK, 415729 rows affected (28.21 sec)
Records: 415729  Duplicates: 0  Warnings: 0

+-------------------------+
| message                 |
+-------------------------+
| created rcbill_my.tempa |
+-------------------------+
1 row in set (0.00 sec)

Query OK, 0 rows affected, 1 warning (0.00 sec)

Query OK, 92763 rows affected (12.48 sec)
Records: 92763  Duplicates: 0  Warnings: 0

+-------------------------+
| message                 |
+-------------------------+
| created rcbill_my.tempb |
+-------------------------+
1 row in set (0.00 sec)

Query OK, 415729 rows affected (11.37 sec)
Records: 415729  Duplicates: 0  Warnings: 0

+-----------+
| message   |
+-----------+
| created a |
+-----------+
1 row in set (0.00 sec)

Query OK, 92969 rows affected (5.98 sec)
Records: 92969  Duplicates: 0  Warnings: 0

+-----------+
| message   |
+-----------+
| created b |
+-----------+
1 row in set (0.00 sec)

Query OK, 0 rows affected (0.12 sec)

Query OK, 0 rows affected (0.00 sec)

Query OK, 0 rows affected (0.03 sec)

Query OK, 418608 rows affected (35.65 sec)
Records: 418608  Duplicates: 0  Warnings: 0

+----------------------------------------------+
| message                                      |
+----------------------------------------------+
| created rcbill_my.cust_cont_payment_cmts_mxk |
+----------------------------------------------+
1 row in set (0.00 sec)

Query OK, 0 rows affected (0.01 sec)

Query OK, 0 rows affected (0.00 sec)

Query OK, 0 rows affected, 1 warning (0.00 sec)

Query OK, 0 rows affected (0.02 sec)

Query OK, 42553 rows affected (18.16 sec)
Records: 42553  Duplicates: 0  Warnings: 0

+--------------------------------------------------+
| message                                          |
+--------------------------------------------------+
| created rcbill_my.rep_cust_cont_payment_cmts_mxk |
+--------------------------------------------------+
1 row in set (0.01 sec)

Query OK, 0 rows affected, 1 warning (0.00 sec)

Query OK, 0 rows affected, 1 warning (0.00 sec)

Query OK, 0 rows affected (0.02 sec)

Query OK, 42553 rows affected, 5 warnings (9.12 sec)
Records: 42553  Duplicates: 0  Warnings: 5

+----------------------+
| rep_custconsolidated |
+----------------------+
|                42553 |
+----------------------+
1 row in set (0.03 sec)

Query OK, 0 rows affected (0.00 sec)

Query OK, 0 rows affected (0.25 sec)

+----------------------------------------------+
| message                                      |
+----------------------------------------------+
| creating rcbill_my.retentioncustomeractivity |
+----------------------------------------------+
1 row in set (0.00 sec)

Query OK, 764 rows affected (0.10 sec)
Records: 764  Duplicates: 0  Warnings: 0

+---------------------------+
| retentioncustomeractivity |
+---------------------------+
|                       764 |
+---------------------------+
1 row in set (0.00 sec)

+-----------+------------------------------------+------------+-------------+-----------------+------------------+---------------------+-------------------+
| HFC_NODE  | NODENAME                           | CMTS_DATE  | INSERTED_ON | UNIQUE_ACCOUNTS | UNIQUE_CONTRACTS | UNIQUE_MAC_INRCBOSS | UNIQUE_MAC_INCMTS |
+-----------+------------------------------------+------------+-------------+-----------------+------------------+---------------------+-------------------+
| NULL      | NULL                               | NULL       | 2019-08-25  |            5620 |             5889 |                5947 |                 0 |
| C5/0/0/U0 | ANSE-BOILEAU-2                     | 2019-06-26 | 2019-08-25  |             175 |              179 |                 175 |               176 |
| C5/0/0/U1 | 500-C3-ANSE-BOILEAU                | 2019-06-26 | 2019-08-25  |             168 |              176 |                 168 |               171 |
| C5/0/1/U0 | 501-C4-LA-MISIERE-LEFT-I           | 2019-06-26 | 2019-08-25  |             209 |              219 |                 208 |               215 |
| C5/0/1/U1 | 501-C5-LA-MISIERE-RIGHT            | 2019-06-26 | 2019-08-25  |             101 |              104 |                 101 |               102 |
| C5/0/1/U2 | 501-C7-LA-MISIERE-LEFT-II          | 2019-06-26 | 2019-08-25  |              84 |               85 |                  84 |                86 |
| C5/0/2/U0 | 502-C8-LA-LOUISE                   | 2019-06-26 | 2019-08-25  |             137 |              139 |                 137 |               142 |
| C5/0/2/U1 | LA-LOUISE-2                        | 2019-06-26 | 2019-08-25  |             137 |              140 |                 137 |               144 |
| C5/0/3/U0 | 504-C6-PETIT-PARIS                 | 2019-06-26 | 2019-08-25  |             156 |              158 |                 156 |               161 |
| C5/0/3/U1 | PETIT-PARIS-23                     | 2019-06-26 | 2019-08-25  |              78 |               81 |                  78 |                84 |
| C5/0/4/U0 | FOUR-SEASONS                       | 2019-06-26 | 2019-08-25  |               6 |               18 |                  18 |                18 |
| C5/0/4/U1 | ANCHOR-CAFE-I                      | 2019-06-26 | 2019-08-25  |             140 |              142 |                 140 |               143 |
| C5/0/4/U2 | ANCHOR-CAFE-II                     | 2019-06-26 | 2019-08-25  |             149 |              152 |                 149 |               154 |
| C5/1/0/U0 | POINTE-LARUE-AIRPORT-23            | 2019-06-26 | 2019-08-25  |              98 |              106 |                 100 |               105 |
| C5/1/0/U1 | PPROVIDENCE-23                     | 2019-06-26 | 2019-08-25  |              26 |               29 |                  27 |                28 |
| C5/1/0/U2 | ROSHE-CAIMAN-23                    | 2019-06-26 | 2019-08-25  |              11 |               12 |                  11 |                12 |
| C5/1/0/U3 | HEAD-OFFICE | HO-23                | 2019-06-26 | 2019-08-25  |              26 |               26 |                  26 |                31 |
| C5/1/1/U1 | C5-UNION-VALE                      | 2019-06-26 | 2019-08-25  |             196 |              201 |                 196 |               197 |
| C5/1/3/U0 | POINTE-LARUE-AIRPORT-27            | 2019-06-26 | 2019-08-25  |             133 |              135 |                 133 |               135 |
| C5/1/3/U1 | PPROVIDENCE-27                     | 2019-06-26 | 2019-08-25  |              35 |               35 |                  35 |                35 |
| C5/1/3/U2 | ROSHE-CAIMAN-27                    | 2019-06-26 | 2019-08-25  |              23 |               23 |                  23 |                23 |
| C5/1/3/U3 | HEAD-OFFICE | HO-27                | 2019-06-26 | 2019-08-25  |              20 |               21 |                  20 |                21 |
| C5/1/4/U0 | ANSE-ROYALE-27                     | 2019-06-26 | 2019-08-25  |             173 |              179 |                 173 |               177 |
| C5/1/4/U1 | GLACIS-2-57                        | 2019-06-26 | 2019-08-25  |              91 |               95 |                  91 |                96 |
| C5/1/4/U3 | GLACIS-1                           | 2019-06-26 | 2019-08-25  |              94 |               98 |                  94 |               105 |
| C6/0/1/U0 | SERRET-ROAD-RIGHT/CURIO/PASCAL     | 2019-06-26 | 2019-08-25  |             119 |              119 |                 119 |               121 |
| C6/0/1/U1 | SERRET-ROAD-LEFT/ST.LOUIS/TOWN     | 2019-06-26 | 2019-08-25  |             138 |              144 |                 138 |               142 |
| C6/0/1/U2 | SERRET-ROAD-RIGHT/CURIO/PASCAL-2   | 2019-06-26 | 2019-08-25  |             125 |              130 |                 125 |               129 |
| C6/0/1/U3 | SERRET-ROAD-LEFT/ST.LOUIS/TOWN-2   | 2019-06-26 | 2019-08-25  |             136 |              140 |                 136 |               139 |
| C6/0/2/U0 | SANS-SOUCIS-I                      | 2019-06-26 | 2019-08-25  |             125 |              129 |                 125 |               128 |
| C6/0/2/U1 | SANS-SOUCIS-II                     | 2019-06-26 | 2019-08-25  |             106 |              108 |                 105 |               110 |
| C6/0/2/U2 | BEL-AIR-27                         | 2019-06-26 | 2019-08-25  |              88 |               90 |                  88 |                93 |
| C6/0/2/U3 | BEL-AIR-38                         | 2019-06-26 | 2019-08-25  |             114 |              119 |                 114 |               118 |
| C6/0/3/U0 | LES-MAMELLES-23                    | 2019-06-26 | 2019-08-25  |              99 |               99 |                  99 |               101 |
| C6/0/3/U1 | VICTORIA-23                        | 2019-06-26 | 2019-08-25  |              31 |               32 |                  31 |                34 |
| C6/0/4/U0 | LES-MAMELLES-27                    | 2019-06-26 | 2019-08-25  |              53 |               53 |                  53 |                55 |
| C6/0/4/U1 | VICTORIA-27                        | 2019-06-26 | 2019-08-25  |              18 |               23 |                  21 |                23 |
| C7/1/0/U0 | LA-RETRAITE-23                     | 2019-06-26 | 2019-08-25  |              95 |              101 |                  95 |               100 |
| C7/1/0/U1 | TEA-FACTORY-23                     | 2019-06-26 | 2019-08-25  |              27 |               32 |                  28 |                30 |
| C7/1/0/U2 | PAS-23                             | 2019-06-26 | 2019-08-25  |             103 |              105 |                 103 |               105 |
| C7/1/1/U0 | REEF-ESTATE-23                     | 2019-06-26 | 2019-08-25  |              87 |               88 |                  87 |                90 |
| C7/1/1/U1 | BEL-OMBRE-NEW-23                   | 2019-06-26 | 2019-08-25  |              21 |               21 |                  21 |                25 |
| C7/1/2/U0 | LA-RETRAITE-27                     | 2019-06-26 | 2019-08-25  |             123 |              128 |                 124 |               127 |
| C7/1/2/U1 | TEA-FACTORY-27                     | 2019-06-26 | 2019-08-25  |              20 |               23 |                  21 |                21 |
| C7/1/2/U2 | PAS-27                             | 2019-06-26 | 2019-08-25  |              89 |               92 |                  89 |                92 |
| C7/1/3/U0 | MT-BUXTON-27                       | 2019-06-26 | 2019-08-25  |             155 |              159 |                 155 |               158 |
| C7/1/3/U1 | MT-BUXTON-23                       | 2019-06-26 | 2019-08-25  |              61 |               62 |                  61 |                63 |
| C7/1/4/U0 | REEF-ESTATE-27                     | 2019-06-26 | 2019-08-25  |              60 |               61 |                  60 |                61 |
| C7/1/4/U1 | BEL-OMBRE-NEW-27                   | 2019-06-26 | 2019-08-25  |              17 |               17 |                  17 |                20 |
| C8/0/0/U0 | POLICE-ACADEMY-1-27 - POINTE LARUE | 2019-06-26 | 2019-08-25  |             174 |              176 |                 174 |               175 |
| C8/0/0/U1 | NULL                               | 2019-06-26 | 2019-08-25  |             100 |              103 |                 100 |               110 |
| C8/0/1/U0 | NULL                               | 2019-06-26 | 2019-08-25  |             190 |              192 |                 190 |               196 |
| C8/0/1/U1 | POLICE-ACADEMY-2-27 - TURTLE BAY   | 2019-06-26 | 2019-08-25  |             144 |              148 |                 145 |               145 |
| C8/0/2/U0 | BEAU-VALLON-LEFT-1-57              | 2019-06-26 | 2019-08-25  |              92 |               95 |                  92 |                93 |
| C8/0/3/U1 | BEAU-VALLON-RIGHT-2-57             | 2019-06-26 | 2019-08-25  |             195 |              204 |                 195 |               201 |
| C8/1/0/U0 | MA-JOIE-NODE-27                    | 2019-06-26 | 2019-08-25  |             114 |              115 |                 114 |               115 |
| C8/1/0/U1 | BELONIE-27                         | 2019-06-26 | 2019-08-25  |             137 |              139 |                 136 |               147 |
| C8/1/0/U3 | MA-JOIE-NODE-23                    | 2019-06-26 | 2019-08-25  |             115 |              118 |                 115 |               115 |
| C8/1/1/U0 | 611-C1-ROJN I                      | 2019-06-26 | 2019-08-25  |             147 |              148 |                 147 |               152 |
| C8/1/1/U1 | 611-C5-ROJN II                     | 2019-06-26 | 2019-08-25  |              86 |               88 |                  86 |                89 |
| C8/1/2/U0 | 612-C2-ANSE-ETOILE                 | 2019-06-26 | 2019-08-25  |             226 |              228 |                 226 |               230 |
| C8/1/2/U1 | ANSE-ETOILE-U2                     | 2019-06-26 | 2019-08-25  |              44 |               45 |                  44 |                45 |
| C8/1/3/U0 | 613-C3-ANSE-GAULETTE I             | 2019-06-26 | 2019-08-25  |              69 |               72 |                  69 |                69 |
| C8/1/3/U1 | 613-C7-ANSE-GAULETTE II            | 2019-06-26 | 2019-08-25  |              70 |               78 |                  70 |                75 |
| C8/1/3/U2 | 613-C3-ANSE-GAULETTE III           | 2019-06-26 | 2019-08-25  |              33 |               36 |                  33 |                35 |
| C8/1/3/U3 | TAKAMAKA I                         | 2019-06-26 | 2019-08-25  |              96 |               97 |                  96 |                97 |
| C8/1/3/U4 | TAKAMAKA II                        | 2019-06-26 | 2019-08-25  |              99 |              101 |                  99 |               100 |
| C8/1/4/U0 | 614-BEOLIERE-NODE-1                | 2019-06-26 | 2019-08-25  |             154 |              164 |                 154 |               161 |
| C8/1/4/U1 | 614-BEOLIERE-NODE-2                | 2019-06-26 | 2019-08-25  |              59 |               60 |                  59 |                61 |
+-----------+------------------------------------+------------+-------------+-----------------+------------------+---------------------+-------------------+
69 rows in set (0.23 sec)

+------------------+------------+-------------+-----------------+------------------+----------------------+-------------------+
| MXK_NAME         | MXK_DATE   | INSERTED_ON | UNIQUE_ACCOUNTS | UNIQUE_CONTRACTS | UNIQUE_FSAN_INRCBOSS | UNIQUE_FSAN_INMXK |
+------------------+------------+-------------+-----------------+------------------+----------------------+-------------------+
| NULL             | NULL       | 2019-08-25  |             528 |              538 |                  522 |                 0 |
| MXK-ANSEETOILE   | 2019-06-26 | 2019-08-25  |              99 |              100 |                  100 |               105 |
| MXK-ANSEROYALE   | 2019-06-26 | 2019-08-25  |             131 |              132 |                  132 |               149 |
| MXK-BEAUVALLON   | 2019-06-26 | 2019-08-25  |            1085 |             1100 |                 1093 |              1151 |
| MXK-MAHE         | 2019-06-26 | 2019-08-25  |             846 |              867 |                  808 |              1030 |
| MXK-PERSEVERANCE | 2019-06-26 | 2019-08-25  |             959 |              964 |                  959 |              1107 |
| MXK-PRASLIN      | 2019-06-26 | 2019-08-25  |            1174 |             1177 |                 1169 |              1325 |
+------------------+------------+-------------+-----------------+------------------+----------------------+-------------------+
7 rows in set (0.09 sec)

mysql> mysql \. C:\workspace\cloud\code\sql\_DailyScript\currenttime.sql
+---------------------+
| currenttime         |
+---------------------+
| 2019-08-25 10:37:34 |
+---------------------+
1 row in set (0.00 sec)

mysql> 
mysql> mysql \. C:\workspace\cloud\code\sql\Analysis\service_tickets_assignments.sql
Query OK, 0 rows affected (0.00 sec)

Query OK, 62709 rows affected (13.85 sec)
Records: 62709  Duplicates: 0  Warnings: 0

+-------------------------+
| rep_servicetickets_2019 |
+-------------------------+
|                   62709 |
+-------------------------+
1 row in set (0.08 sec)

mysql> mysql \. C:\workspace\cloud\code\sql\_DailyScript\currenttime.sql
+---------------------+
| currenttime         |
+---------------------+
| 2019-08-25 10:37:48 |
+---------------------+
1 row in set (0.00 sec)

mysql> 
mysql> 
mysql> exit
