    -> 
    -> mysql \. C:\workspace\cloud\code\sql\_DailyScript\_setdates.sql
Database changed
Query OK, 0 rows affected (0.00 sec)

Query OK, 0 rows affected (0.00 sec)

Query OK, 0 rows affected (0.00 sec)

Query OK, 0 rows affected (0.00 sec)

Query OK, 0 rows affected (0.00 sec)

Query OK, 0 rows affected (0.00 sec)

Query OK, 0 rows affected (0.00 sec)

Query OK, 0 rows affected (0.00 sec)

Query OK, 0 rows affected (0.00 sec)

Query OK, 0 rows affected (0.00 sec)

Query OK, 0 rows affected (0.00 sec)

Query OK, 0 rows affected (0.00 sec)

Query OK, 0 rows affected (0.00 sec)

Query OK, 0 rows affected (0.00 sec)

Query OK, 0 rows affected (0.00 sec)

Query OK, 0 rows affected (0.00 sec)

Query OK, 0 rows affected (0.00 sec)

Query OK, 0 rows affected (0.00 sec)

Query OK, 0 rows affected (0.00 sec)

Query OK, 0 rows affected (0.00 sec)

Query OK, 0 rows affected (0.00 sec)

mysql> mysql \. C:\workspace\cloud\code\sql\_DailyScript\currenttime.sql
+---------------------+
| currenttime         |
+---------------------+
| 2020-04-14 07:20:33 |
+---------------------+
1 row in set (0.00 sec)

mysql> 
mysql> mysql \. C:\workspace\cloud\code\sql\_DailyScript\load_RCB_VODTITLES.sql
Database changed
Query OK, 0 rows affected (0.00 sec)

Query OK, 10205 rows affected (0.18 sec)

Query OK, 10207 rows affected, 10207 warnings (0.39 sec)
Records: 10207  Deleted: 0  Skipped: 0  Warnings: 10207

Query OK, 0 rows affected (0.00 sec)

Query OK, 2 rows affected (0.01 sec)

+-----------+
| VODTITLES |
+-----------+
|     10665 |
+-----------+
1 row in set (0.00 sec)

+-----------+-----------+
| titletype | typecount |
+-----------+-----------+
| E         |      8433 |
| N         |       213 |
| T         |      1559 |
| NULL      |     10205 |
+-----------+-----------+
4 rows in set (0.04 sec)

mysql> mysql \. C:\workspace\cloud\code\sql\_DailyScript\currenttime.sql
+---------------------+
| currenttime         |
+---------------------+
| 2020-04-14 07:20:33 |
+---------------------+
1 row in set (0.00 sec)

mysql> 
mysql> mysql \. C:\workspace\cloud\code\sql\_DailyScript\DAILY-SCRIPT-LIVETV-STATS.sql
Database changed
Query OK, 0 rows affected (0.01 sec)

Query OK, 125027 rows affected (2.06 sec)
Records: 125027  Duplicates: 0  Warnings: 0

+------------+------------+----------+--------------+--------------+-----------+-------------+----------+--------+------+------------+---------+---------------+
| Table      | Non_unique | Key_name | Seq_in_index | Column_name  | Collation | Cardinality | Sub_part | Packed | Null | Index_type | Comment | Index_comment |
+------------+------------+----------+--------------+--------------+-----------+-------------+----------+--------+------+------------+---------+---------------+
| templivetv |          1 | idxtv1   |            1 | device       | A         |      124930 |     NULL | NULL   | YES  | BTREE      |         |               |
| templivetv |          1 | idxtv2   |            1 | sessionstart | A         |      124930 |     NULL | NULL   | YES  | BTREE      |         |               |
+------------+------------+----------+--------------+--------------+-----------+-------------+----------+--------+------+------------+---------+---------------+
2 rows in set (0.00 sec)

Query OK, 125066 rows affected (46.85 sec)
Records: 125066  Duplicates: 0  Warnings: 0

Query OK, 2809 rows affected (1.12 sec)
Records: 2809  Duplicates: 0  Warnings: 0

Query OK, 0 rows affected (0.00 sec)

Query OK, 0 rows affected (0.00 sec)

Query OK, 137 rows affected (0.11 sec)
Records: 137  Duplicates: 0  Warnings: 0

Query OK, 0 rows affected (0.04 sec)

Query OK, 116890 rows affected (32 min 49.54 sec)
Records: 116890  Duplicates: 0  Warnings: 0

+-----------------+
| rep_livetvstats |
+-----------------+
|          116890 |
+-----------------+
1 row in set (0.04 sec)

mysql> mysql \. C:\workspace\cloud\code\sql\_DailyScript\currenttime.sql
+---------------------+
| currenttime         |
+---------------------+
| 2020-04-14 07:54:13 |
+---------------------+
1 row in set (0.00 sec)

mysql> 
mysql> mysql \. C:\workspace\cloud\code\sql\_DailyScript\DAILY-SCRIPT-VODTS-STATS.sql
Database changed
Query OK, 0 rows affected (0.01 sec)

Query OK, 7013 rows affected (1 min 47.29 sec)
Records: 7013  Duplicates: 0  Warnings: 0

+---------+------------+----------+--------------+--------------+-----------+-------------+----------+--------+------+------------+---------+---------------+
| Table   | Non_unique | Key_name | Seq_in_index | Column_name  | Collation | Cardinality | Sub_part | Packed | Null | Index_type | Comment | Index_comment |
+---------+------------+----------+--------------+--------------+-----------+-------------+----------+--------+------+------------+---------+---------------+
| tempvod |          1 | idxtvod1 |            1 | device       | A         |        7246 |     NULL | NULL   | YES  | BTREE      |         |               |
| tempvod |          1 | idxtvod2 |            1 | sessionstart | A         |        7246 |     NULL | NULL   | YES  | BTREE      |         |               |
+---------+------------+----------+--------------+--------------+-----------+-------------+----------+--------+------+------------+---------+---------------+
2 rows in set (0.00 sec)

Query OK, 7032 rows affected (5.31 sec)
Records: 7032  Duplicates: 0  Warnings: 0

Query OK, 0 rows affected (0.01 sec)

Query OK, 584766 rows affected (57.93 sec)
Records: 584766  Duplicates: 0  Warnings: 0

+--------------+
| rep_vodstats |
+--------------+
|       584766 |
+--------------+
1 row in set (0.20 sec)

Database changed
Query OK, 0 rows affected (0.01 sec)

Query OK, 17108 rows affected (5 min 46.28 sec)
Records: 17108  Duplicates: 0  Warnings: 0

+--------+------------+----------+--------------+--------------+-----------+-------------+----------+--------+------+------------+---------+---------------+
| Table  | Non_unique | Key_name | Seq_in_index | Column_name  | Collation | Cardinality | Sub_part | Packed | Null | Index_type | Comment | Index_comment |
+--------+------------+----------+--------------+--------------+-----------+-------------+----------+--------+------+------------+---------+---------------+
| tempts |          1 | idxtts1  |            1 | device       | A         |       16145 |     NULL | NULL   | YES  | BTREE      |         |               |
| tempts |          1 | idxtts2  |            1 | sessionstart | A         |       16145 |     NULL | NULL   | YES  | BTREE      |         |               |
+--------+------------+----------+--------------+--------------+-----------+-------------+----------+--------+------+------------+---------+---------------+
2 rows in set (0.00 sec)

Query OK, 17111 rows affected (15.59 sec)
Records: 17111  Duplicates: 0  Warnings: 0

Query OK, 0 rows affected (0.01 sec)

Query OK, 32683 rows affected (5 min 41.40 sec)
Records: 32683  Duplicates: 0  Warnings: 0

+-------------+
| rep_tsstats |
+-------------+
|       32683 |
+-------------+
1 row in set (0.01 sec)

mysql> mysql \. C:\workspace\cloud\code\sql\_DailyScript\currenttime.sql
+---------------------+
| currenttime         |
+---------------------+
| 2020-04-14 08:08:48 |
+---------------------+
1 row in set (0.00 sec)

mysql> 
mysql> mysql \. C:\workspace\cloud\code\sql\_DailyScript\DAILY-SCRIPT-RADIO-STATS.sql
Database changed
Query OK, 0 rows affected (0.01 sec)

Query OK, 247148 rows affected (7.95 sec)
Records: 247148  Duplicates: 0  Warnings: 0

+-----------+------------+----------+--------------+--------------+-----------+-------------+----------+--------+------+------------+---------+---------------+
| Table     | Non_unique | Key_name | Seq_in_index | Column_name  | Collation | Cardinality | Sub_part | Packed | Null | Index_type | Comment | Index_comment |
+-----------+------------+----------+--------------+--------------+-----------+-------------+----------+--------+------+------------+---------+---------------+
| tempradio |          1 | idxtrad1 |            1 | device       | A         |      248590 |     NULL | NULL   | YES  | BTREE      |         |               |
| tempradio |          1 | idxtrad2 |            1 | sessionstart | A         |      248590 |     NULL | NULL   | YES  | BTREE      |         |               |
+-----------+------------+----------+--------------+--------------+-----------+-------------+----------+--------+------+------------+---------+---------------+
2 rows in set (0.00 sec)

Query OK, 447 rows affected (6.44 sec)
Records: 447  Duplicates: 0  Warnings: 0

Query OK, 0 rows affected (0.01 sec)

Query OK, 4448 rows affected (0.43 sec)
Records: 4448  Duplicates: 0  Warnings: 0

+----------------+
| rep_radiostats |
+----------------+
|           4448 |
+----------------+
1 row in set (0.00 sec)

mysql> mysql \. C:\workspace\cloud\code\sql\_DailyScript\currenttime.sql
+---------------------+
| currenttime         |
+---------------------+
| 2020-04-14 08:09:02 |
+---------------------+
1 row in set (0.00 sec)

mysql> 
mysql> mysql \. C:\workspace\cloud\code\sql\_DailyScript\DAILY_SCRIPT_TELEMETRY_PIVOT_2020.sql
Query OK, 0 rows affected (0.02 sec)

Query OK, 144 rows affected (0.23 sec)
Records: 144  Duplicates: 0  Warnings: 0

Query OK, 0 rows affected (0.00 sec)

Query OK, 8478 rows affected (1.42 sec)
Records: 8478  Duplicates: 0  Warnings: 0

Query OK, 0 rows affected (0.02 sec)

Query OK, 8 rows affected (0.02 sec)
Records: 8  Duplicates: 0  Warnings: 0

Query OK, 0 rows affected (0.01 sec)

Query OK, 47 rows affected (0.09 sec)
Records: 47  Duplicates: 0  Warnings: 0

mysql> mysql \. C:\workspace\cloud\code\sql\_DailyScript\currenttime.sql
+---------------------+
| currenttime         |
+---------------------+
| 2020-04-14 08:09:04 |
+---------------------+
1 row in set (0.00 sec)

mysql> 
mysql> mysql \. C:\workspace\cloud\code\sql\_DailyScript\telemetry_livetv_ranking2020.sql
Query OK, 0 rows affected (0.00 sec)

Query OK, 144 rows affected (0.01 sec)
Records: 144  Duplicates: 0  Warnings: 0

mysql> mysql \. C:\workspace\cloud\code\sql\_DailyScript\currenttime.sql
+---------------------+
| currenttime         |
+---------------------+
| 2020-04-14 08:09:04 |
+---------------------+
1 row in set (0.00 sec)

mysql> 
mysql> mysql \. C:\workspace\cloud\code\sql\_DailyScript\telemetry_radio_ranking2020.sql
Query OK, 0 rows affected (0.00 sec)

Query OK, 8 rows affected (0.01 sec)
Records: 8  Duplicates: 0  Warnings: 0

mysql> mysql \. C:\workspace\cloud\code\sql\_DailyScript\currenttime.sql
+---------------------+
| currenttime         |
+---------------------+
| 2020-04-14 08:09:04 |
+---------------------+
1 row in set (0.00 sec)

mysql> 
mysql> mysql \. C:\workspace\cloud\code\sql\_DailyScript\telemetry_ts_ranking2020.sql
Query OK, 0 rows affected (0.00 sec)

Query OK, 47 rows affected (0.06 sec)
Records: 47  Duplicates: 0  Warnings: 0

mysql> mysql \. C:\workspace\cloud\code\sql\_DailyScript\currenttime.sql
+---------------------+
| currenttime         |
+---------------------+
| 2020-04-14 08:09:04 |
+---------------------+
1 row in set (0.00 sec)

mysql> 
mysql> mysql \. C:\workspace\cloud\code\sql\_DailyScript\telemetry_vod_ranking2020.sql
Query OK, 0 rows affected (0.00 sec)

Query OK, 8478 rows affected (0.45 sec)
Records: 8478  Duplicates: 0  Warnings: 0

mysql> mysql \. C:\workspace\cloud\code\sql\_DailyScript\currenttime.sql
+---------------------+
| currenttime         |
+---------------------+
| 2020-04-14 08:09:05 |
+---------------------+
1 row in set (0.00 sec)

mysql> 
mysql> mysql \. C:\workspace\cloud\code\sql\_DailyScript\telemetry_vod_ranking2020_1.sql
Query OK, 0 rows affected (0.00 sec)

Query OK, 8478 rows affected (0.29 sec)
Records: 8478  Duplicates: 0  Warnings: 0

mysql> mysql \. C:\workspace\cloud\code\sql\_DailyScript\currenttime.sql
+---------------------+
| currenttime         |
+---------------------+
| 2020-04-14 08:09:05 |
+---------------------+
1 row in set (0.00 sec)

mysql> 
mysql> mysql \. C:\workspace\cloud\code\sql\_DailyScript\telemetry_vod_ranking2020_2.sql
Query OK, 0 rows affected (0.00 sec)

Query OK, 8478 rows affected (0.22 sec)
Records: 8478  Duplicates: 0  Warnings: 0

mysql> mysql \. C:\workspace\cloud\code\sql\_DailyScript\currenttime.sql
+---------------------+
| currenttime         |
+---------------------+
| 2020-04-14 08:09:05 |
+---------------------+
1 row in set (0.00 sec)

mysql> 
mysql> mysql \. C:\workspace\cloud\code\sql\_DailyScript\DAILY-SCRIPT-CREATE-LOAD.sql
Database changed
Database changed
Query OK, 0 rows affected (0.02 sec)

Query OK, 0 rows affected (0.01 sec)

Database changed
Query OK, 66409 rows affected (3.22 sec)
Records: 66409  Deleted: 0  Skipped: 0  Warnings: 0

Query OK, 0 rows affected (0.17 sec)
Records: 0  Duplicates: 0  Warnings: 0

Query OK, 0 rows affected (0.33 sec)
Records: 0  Duplicates: 0  Warnings: 0

Query OK, 0 rows affected (0.28 sec)
Records: 0  Duplicates: 0  Warnings: 0

Query OK, 0 rows affected (0.26 sec)
Records: 0  Duplicates: 0  Warnings: 0

+---------+
| clients |
+---------+
|   66409 |
+---------+
1 row in set (0.02 sec)

Query OK, 0 rows affected (0.01 sec)

Query OK, 9006 rows affected (5.73 sec)
Records: 9006  Duplicates: 0  Warnings: 0

Query OK, 0 rows affected (0.04 sec)
Records: 0  Duplicates: 0  Warnings: 0

+-------------------+
| rcb_clientparcels |
+-------------------+
|              9006 |
+-------------------+
1 row in set (0.00 sec)

Query OK, 0 rows affected (0.05 sec)

Query OK, 80106 rows affected (3.71 sec)
Records: 80106  Duplicates: 0  Warnings: 0

Query OK, 0 rows affected (0.30 sec)
Records: 0  Duplicates: 0  Warnings: 0

Query OK, 0 rows affected (0.01 sec)

Query OK, 66409 rows affected (19.10 sec)
Records: 66409  Duplicates: 0  Warnings: 0

Query OK, 0 rows affected (0.28 sec)
Records: 0  Duplicates: 0  Warnings: 0

Query OK, 0 rows affected (0.25 sec)
Records: 0  Duplicates: 0  Warnings: 0

Query OK, 0 rows affected (0.21 sec)
Records: 0  Duplicates: 0  Warnings: 0

+---------------+
| clientaddress |
+---------------+
|         66409 |
+---------------+
1 row in set (0.03 sec)

Database changed
Query OK, 0 rows affected (0.01 sec)

Query OK, 0 rows affected (0.01 sec)

Database changed
Query OK, 508655 rows affected, 65535 warnings (19.18 sec)
Records: 508655  Deleted: 0  Skipped: 0  Warnings: 203934

Query OK, 0 rows affected (5.00 sec)
Records: 0  Duplicates: 0  Warnings: 0

Query OK, 0 rows affected (3.09 sec)
Records: 0  Duplicates: 0  Warnings: 0

Query OK, 0 rows affected (2.60 sec)
Records: 0  Duplicates: 0  Warnings: 0

Query OK, 0 rows affected (0.01 sec)

Query OK, 508655 rows affected (56.71 sec)
Records: 508655  Duplicates: 0  Warnings: 0

Query OK, 0 rows affected (2.10 sec)
Records: 0  Duplicates: 0  Warnings: 0

Query OK, 0 rows affected (1.53 sec)
Records: 0  Duplicates: 0  Warnings: 0

+-----------+
| contracts |
+-----------+
|    508655 |
+-----------+
1 row in set (0.22 sec)

+-----------------+
| contractaddress |
+-----------------+
|          508655 |
+-----------------+
1 row in set (0.16 sec)

Database changed
Query OK, 0 rows affected (0.01 sec)

Query OK, 0 rows affected (0.01 sec)

Query OK, 7344 rows affected (0.21 sec)
Records: 7344  Deleted: 0  Skipped: 0  Warnings: 0

Query OK, 0 rows affected (0.03 sec)

Query OK, 7313 rows affected (1.46 sec)
Records: 7313  Duplicates: 0  Warnings: 0

Query OK, 0 rows affected (0.04 sec)
Records: 0  Duplicates: 0  Warnings: 0

Query OK, 0 rows affected (0.13 sec)

Query OK, 5655 rows affected (0.05 sec)
Records: 5655  Duplicates: 0  Warnings: 0

Query OK, 0 rows affected (0.03 sec)
Records: 0  Duplicates: 0  Warnings: 0

+-------------------+
| contractdiscounts |
+-------------------+
|              7344 |
+-------------------+
1 row in set (0.00 sec)

+-------------------------+
| clientcontractdiscounts |
+-------------------------+
|                    7313 |
+-------------------------+
1 row in set (0.00 sec)

+----------------------------+
| clientcontractlastdiscount |
+----------------------------+
|                       5655 |
+----------------------------+
1 row in set (0.00 sec)

Database changed
Query OK, 0 rows affected (0.08 sec)

Query OK, 0 rows affected (0.01 sec)

Database changed
Query OK, 134902 rows affected, 4 warnings (4.09 sec)
Records: 134902  Deleted: 0  Skipped: 0  Warnings: 4

Query OK, 0 rows affected (0.35 sec)
Records: 0  Duplicates: 0  Warnings: 0

Query OK, 0 rows affected (0.45 sec)
Records: 0  Duplicates: 0  Warnings: 0

Query OK, 0 rows affected (0.40 sec)
Records: 0  Duplicates: 0  Warnings: 0

Query OK, 0 rows affected (0.35 sec)
Records: 0  Duplicates: 0  Warnings: 0

Query OK, 0 rows affected (0.43 sec)
Records: 0  Duplicates: 0  Warnings: 0

Query OK, 0 rows affected (0.78 sec)
Records: 0  Duplicates: 0  Warnings: 0

Query OK, 0 rows affected (0.06 sec)

Query OK, 1735891 rows affected (3 min 54.20 sec)
Records: 1735891  Duplicates: 0  Warnings: 0

+---------+
| devices |
+---------+
|  134902 |
+---------+
1 row in set (0.05 sec)

+-----------------------+
| clientcontractdevices |
+-----------------------+
|               1735891 |
+-----------------------+
1 row in set (1.43 sec)

Query OK, 0 rows affected (0.19 sec)

Query OK, 134898 rows affected (8.69 sec)
Records: 134898  Duplicates: 0  Warnings: 0

+---------------------------+
| rep_clientcontractdevices |
+---------------------------+
|                    134898 |
+---------------------------+
1 row in set (0.05 sec)

Database changed
Query OK, 0 rows affected (0.01 sec)

Query OK, 0 rows affected (0.01 sec)

Query OK, 280140 rows affected (10.34 sec)
Records: 280140  Deleted: 0  Skipped: 0  Warnings: 0

Query OK, 0 rows affected (0.85 sec)
Records: 0  Duplicates: 0  Warnings: 0

Query OK, 0 rows affected (0.86 sec)
Records: 0  Duplicates: 0  Warnings: 0

Query OK, 0 rows affected (0.69 sec)
Records: 0  Duplicates: 0  Warnings: 0

Query OK, 0 rows affected (0.61 sec)
Records: 0  Duplicates: 0  Warnings: 0

+---------+
| tickets |
+---------+
|  280140 |
+---------+
1 row in set (0.10 sec)

Database changed
Query OK, 0 rows affected (0.01 sec)

Query OK, 0 rows affected (0.01 sec)

Empty set (0.00 sec)

Query OK, 0 rows affected (0.01 sec)
Records: 0  Duplicates: 0  Warnings: 0

Query OK, 354 rows affected, 2 warnings (0.02 sec)
Records: 354  Deleted: 0  Skipped: 0  Warnings: 2

+-----------------+
| tickettechusers |
+-----------------+
|             354 |
+-----------------+
1 row in set (0.00 sec)

Database changed
Query OK, 0 rows affected (0.05 sec)

Query OK, 0 rows affected (0.01 sec)

Query OK, 0 rows affected (0.01 sec)
Records: 0  Duplicates: 0  Warnings: 0

Query OK, 603802 rows affected, 45319 warnings (13.61 sec)
Records: 603802  Deleted: 0  Skipped: 0  Warnings: 45319

+-------------------+
| ticketassignments |
+-------------------+
|            603802 |
+-------------------+
1 row in set (0.20 sec)

Database changed
Query OK, 0 rows affected (0.13 sec)

Query OK, 0 rows affected (0.01 sec)

Query OK, 1235426 rows affected (19.51 sec)
Records: 1235426  Deleted: 0  Skipped: 0  Warnings: 0

Query OK, 0 rows affected (6.92 sec)
Records: 0  Duplicates: 0  Warnings: 0

Query OK, 0 rows affected (3.66 sec)
Records: 0  Duplicates: 0  Warnings: 0

Query OK, 0 rows affected (2.90 sec)
Records: 0  Duplicates: 0  Warnings: 0

Query OK, 0 rows affected (3.40 sec)
Records: 0  Duplicates: 0  Warnings: 0

+----------------+
| ticketcomments |
+----------------+
|        1235426 |
+----------------+
1 row in set (0.43 sec)

Database changed
Query OK, 0 rows affected (0.02 sec)

Query OK, 0 rows affected (0.01 sec)

Query OK, 442331 rows affected (47.26 sec)
Records: 442331  Deleted: 0  Skipped: 0  Warnings: 0

Query OK, 0 rows affected (2.45 sec)
Records: 0  Duplicates: 0  Warnings: 0

+----------+
| comments |
+----------+
|   442331 |
+----------+
1 row in set (0.15 sec)

Database changed
Query OK, 0 rows affected (0.04 sec)

Query OK, 0 rows affected (0.01 sec)

Query OK, 1210487 rows affected, 65535 warnings (1 min 13.54 sec)
Records: 1210487  Deleted: 0  Skipped: 0  Warnings: 1210503

Query OK, 0 rows affected (6.39 sec)
Records: 0  Duplicates: 0  Warnings: 0

Query OK, 0 rows affected (3.68 sec)
Records: 0  Duplicates: 0  Warnings: 0

Query OK, 0 rows affected (3.62 sec)
Records: 0  Duplicates: 0  Warnings: 0

Query OK, 0 rows affected (3.72 sec)
Records: 0  Duplicates: 0  Warnings: 0

Query OK, 0 rows affected (5.17 sec)
Records: 0  Duplicates: 0  Warnings: 0

+------------+
| devicesold |
+------------+
|    1210487 |
+------------+
1 row in set (0.41 sec)

Database changed
Query OK, 0 rows affected (0.03 sec)

Query OK, 0 rows affected (0.01 sec)

Query OK, 1729098 rows affected (28.79 sec)
Records: 1729098  Deleted: 0  Skipped: 0  Warnings: 0

Query OK, 0 rows affected (6.67 sec)
Records: 0  Duplicates: 0  Warnings: 0

Query OK, 0 rows affected (5.31 sec)
Records: 0  Duplicates: 0  Warnings: 0

Query OK, 0 rows affected (5.10 sec)
Records: 0  Duplicates: 0  Warnings: 0

+------------------+
| contractservices |
+------------------+
|          1729098 |
+------------------+
1 row in set (0.56 sec)

Database changed
Query OK, 0 rows affected (0.10 sec)

Query OK, 0 rows affected (0.01 sec)

Query OK, 4058910 rows affected (2 min 23.40 sec)
Records: 4058910  Deleted: 0  Skipped: 0  Warnings: 0

Query OK, 0 rows affected (15.32 sec)
Records: 0  Duplicates: 0  Warnings: 0

Query OK, 0 rows affected (15.53 sec)
Records: 0  Duplicates: 0  Warnings: 0

Query OK, 0 rows affected (16.04 sec)
Records: 0  Duplicates: 0  Warnings: 0

Query OK, 0 rows affected (15.70 sec)
Records: 0  Duplicates: 0  Warnings: 0

+------------------+
| invoicescontents |
+------------------+
|          4058910 |
+------------------+
1 row in set (1.38 sec)

Database changed
Query OK, 0 rows affected (0.26 sec)

Query OK, 0 rows affected (0.01 sec)

Query OK, 2837756 rows affected (3 min 32.40 sec)
Records: 2837756  Deleted: 0  Skipped: 0  Warnings: 0

Query OK, 0 rows affected (14.17 sec)
Records: 0  Duplicates: 0  Warnings: 0

Query OK, 0 rows affected (14.10 sec)
Records: 0  Duplicates: 0  Warnings: 0

Query OK, 0 rows affected (11.41 sec)
Records: 0  Duplicates: 0  Warnings: 0

Query OK, 0 rows affected (13.23 sec)
Records: 0  Duplicates: 0  Warnings: 0

Query OK, 0 rows affected (11.77 sec)
Records: 0  Duplicates: 0  Warnings: 0

+----------------+
| invoicesheader |
+----------------+
|        2837756 |
+----------------+
1 row in set (1.08 sec)

Database changed
Query OK, 0 rows affected (0.19 sec)

Query OK, 0 rows affected (0.01 sec)

Query OK, 2909182 rows affected (1 min 31.16 sec)
Records: 2909182  Deleted: 0  Skipped: 0  Warnings: 0

Query OK, 0 rows affected (10.23 sec)
Records: 0  Duplicates: 0  Warnings: 0

Query OK, 0 rows affected (9.58 sec)
Records: 0  Duplicates: 0  Warnings: 0

Query OK, 0 rows affected (9.08 sec)
Records: 0  Duplicates: 0  Warnings: 0

Query OK, 0 rows affected (8.71 sec)
Records: 0  Duplicates: 0  Warnings: 0

+---------+
| casa    |
+---------+
| 2909182 |
+---------+
1 row in set (0.98 sec)

Query OK, 0 rows affected (0.00 sec)

Query OK, 13974 rows affected (1 min 25.58 sec)
Records: 13974  Duplicates: 0  Warnings: 0

+--------------------+
| rep_paycol_channel |
+--------------------+
|              13974 |
+--------------------+
1 row in set (0.01 sec)

Query OK, 0 rows affected (0.01 sec)

Query OK, 10043 rows affected (1 min 42.83 sec)
Records: 10043  Duplicates: 0  Warnings: 0

+----------------+
| rep_paycol_pos |
+----------------+
|          10043 |
+----------------+
1 row in set (0.01 sec)

Database changed
Query OK, 0 rows affected (0.01 sec)

Query OK, 0 rows affected (0.01 sec)

Database changed
Query OK, 39152 rows affected (1.05 sec)
Records: 39152  Deleted: 0  Skipped: 0  Warnings: 0

+-------+
| users |
+-------+
| 39152 |
+-------+
1 row in set (0.02 sec)

Query OK, 0 rows affected (0.09 sec)
Records: 0  Duplicates: 0  Warnings: 0

Database changed
Query OK, 0 rows affected (0.04 sec)

Query OK, 0 rows affected (0.01 sec)

Query OK, 1872898 rows affected, 2 warnings (35.93 sec)
Records: 1872898  Deleted: 0  Skipped: 0  Warnings: 2

Query OK, 0 rows affected (8.03 sec)
Records: 0  Duplicates: 0  Warnings: 0

Query OK, 0 rows affected (6.03 sec)
Records: 0  Duplicates: 0  Warnings: 0

Query OK, 0 rows affected (6.00 sec)
Records: 0  Duplicates: 0  Warnings: 0

Query OK, 0 rows affected (4.96 sec)
Records: 0  Duplicates: 0  Warnings: 0

Query OK, 0 rows affected (5.07 sec)
Records: 0  Duplicates: 0  Warnings: 0

+-------------+
| useractions |
+-------------+
|     1872898 |
+-------------+
1 row in set (0.65 sec)

Database changed
Query OK, 0 rows affected (0.11 sec)

Query OK, 0 rows affected (0.01 sec)

Database changed
Query OK, 16848567 rows affected (3 min 57.78 sec)
Records: 16848567  Deleted: 0  Skipped: 0  Warnings: 0

Query OK, 0 rows affected (55.74 sec)
Records: 0  Duplicates: 0  Warnings: 0

Query OK, 0 rows affected (55.58 sec)
Records: 0  Duplicates: 0  Warnings: 0

Query OK, 0 rows affected (55.76 sec)
Records: 0  Duplicates: 0  Warnings: 0

Query OK, 0 rows affected (50.24 sec)
Records: 0  Duplicates: 0  Warnings: 0

+----------+
| ipusage1 |
+----------+
| 16848567 |
+----------+
1 row in set (9.12 sec)

Query OK, 0 rows affected (0.27 sec)

Query OK, 17003307 rows affected, 65535 warnings (8 min 36.45 sec)
Records: 17003307  Duplicates: 0  Warnings: 16998787

Query OK, 0 rows affected (58.17 sec)
Records: 0  Duplicates: 0  Warnings: 0

Query OK, 0 rows affected (58.92 sec)
Records: 0  Duplicates: 0  Warnings: 0

Query OK, 0 rows affected (57.23 sec)
Records: 0  Duplicates: 0  Warnings: 0

Query OK, 0 rows affected (55.10 sec)
Records: 0  Duplicates: 0  Warnings: 0

Query OK, 0 rows affected (1 min 29.25 sec)
Records: 0  Duplicates: 0  Warnings: 0

Query OK, 0 rows affected (1 min 29.62 sec)
Records: 0  Duplicates: 0  Warnings: 0

Query OK, 0 rows affected (1 min 24.64 sec)
Records: 0  Duplicates: 0  Warnings: 0

+----------+
| ipusage  |
+----------+
| 17003307 |
+----------+
1 row in set (8.18 sec)

Query OK, 0 rows affected (0.18 sec)

Query OK, 4239774 rows affected (4 min 36.85 sec)
Records: 4239774  Duplicates: 0  Warnings: 0

Query OK, 0 rows affected (18.27 sec)
Records: 0  Duplicates: 0  Warnings: 0

Query OK, 0 rows affected (12.59 sec)
Records: 0  Duplicates: 0  Warnings: 0

Query OK, 0 rows affected (17.46 sec)
Records: 0  Duplicates: 0  Warnings: 0

Query OK, 0 rows affected (21.57 sec)
Records: 0  Duplicates: 0  Warnings: 0

Query OK, 0 rows affected (13.61 sec)
Records: 0  Duplicates: 0  Warnings: 0

Query OK, 0 rows affected (0.08 sec)

Query OK, 359466 rows affected (37.92 sec)
Records: 359466  Duplicates: 0  Warnings: 0

Query OK, 0 rows affected (1.34 sec)
Records: 0  Duplicates: 0  Warnings: 0

Query OK, 0 rows affected (1.26 sec)
Records: 0  Duplicates: 0  Warnings: 0

Query OK, 0 rows affected (1.46 sec)
Records: 0  Duplicates: 0  Warnings: 0

Query OK, 0 rows affected (0.79 sec)
Records: 0  Duplicates: 0  Warnings: 0

Query OK, 0 rows affected (0.84 sec)
Records: 0  Duplicates: 0  Warnings: 0

Query OK, 0 rows affected (0.75 sec)
Records: 0  Duplicates: 0  Warnings: 0

Query OK, 0 rows affected (0.87 sec)
Records: 0  Duplicates: 0  Warnings: 0

Query OK, 0 rows affected (0.04 sec)

Query OK, 1728899 rows affected (1 min 5.89 sec)
Records: 1728899  Duplicates: 0  Warnings: 0

Query OK, 0 rows affected (8.53 sec)
Records: 0  Duplicates: 0  Warnings: 0

Query OK, 0 rows affected (5.10 sec)
Records: 0  Duplicates: 0  Warnings: 0

Query OK, 0 rows affected (6.58 sec)
Records: 0  Duplicates: 0  Warnings: 0

mysql> mysql \. C:\workspace\cloud\code\sql\_DailyScript\currenttime.sql
+---------------------+
| currenttime         |
+---------------------+
| 2020-04-14 09:07:07 |
+---------------------+
1 row in set (0.00 sec)

mysql> 
mysql> mysql \. C:\workspace\cloud\code\sql\_DailyScript\ticket_analysis.sql
Database changed
Query OK, 0 rows affected (0.07 sec)

Query OK, 596396 rows affected (26.85 sec)
Records: 596396  Duplicates: 0  Warnings: 0

Query OK, 0 rows affected (4.95 sec)
Records: 0  Duplicates: 0  Warnings: 0

Query OK, 0 rows affected (1.92 sec)
Records: 0  Duplicates: 0  Warnings: 0

Query OK, 0 rows affected (1.78 sec)
Records: 0  Duplicates: 0  Warnings: 0

Query OK, 0 rows affected (0.01 sec)

Query OK, 19716 rows affected (12.76 sec)
Records: 19716  Duplicates: 0  Warnings: 0

Query OK, 0 rows affected, 1 warning (0.00 sec)

Query OK, 83283 rows affected (7.79 sec)
Records: 83283  Duplicates: 0  Warnings: 0

Query OK, 0 rows affected, 1 warning (0.00 sec)

Query OK, 429214 rows affected (13.42 sec)
Records: 429214  Duplicates: 0  Warnings: 0

Query OK, 0 rows affected, 1 warning (0.00 sec)

Query OK, 429214 rows affected (13.29 sec)
Records: 429214  Duplicates: 0  Warnings: 0

Query OK, 0 rows affected (0.01 sec)

Query OK, 83347 rows affected (5.14 sec)
Records: 83347  Duplicates: 0  Warnings: 0

Database changed
Query OK, 0 rows affected (0.02 sec)

Query OK, 0 rows affected (0.02 sec)

Query OK, 596396 rows affected (23.06 sec)
Records: 596396  Duplicates: 0  Warnings: 0

Query OK, 0 rows affected (0.09 sec)

Query OK, 296354 rows affected (18.48 sec)
Records: 296354  Duplicates: 0  Warnings: 0

+--------------------------+
| clientticket_cmmtjourney |
+--------------------------+
|                   596396 |
+--------------------------+
1 row in set (3.56 sec)

+---------------------------+
| clientticket_assgnjourney |
+---------------------------+
|                    296354 |
+---------------------------+
1 row in set (0.39 sec)

Query OK, 0 rows affected (0.01 sec)

Query OK, 65 rows affected (0.12 sec)
Records: 65  Duplicates: 0  Warnings: 0

mysql> mysql \. C:\workspace\cloud\code\sql\_DailyScript\currenttime.sql
+---------------------+
| currenttime         |
+---------------------+
| 2020-04-14 09:09:21 |
+---------------------+
1 row in set (0.00 sec)

mysql> 
mysql> mysql \. C:\workspace\cloud\code\sql\_DailyScript\load_DailyCalls.sql
Database changed
Query OK, 481 rows affected (0.44 sec)
Records: 481  Deleted: 0  Skipped: 0  Warnings: 0

Query OK, 0 rows affected, 1 warning (0.00 sec)

Query OK, 464 rows affected (0.14 sec)
Records: 464  Duplicates: 0  Warnings: 0

Query OK, 0 rows affected, 1 warning (0.00 sec)

Query OK, 66366 rows affected (0.40 sec)
Records: 66366  Duplicates: 0  Warnings: 0

+----------------------+
| callingclientsbefore |
+----------------------+
|               892755 |
+----------------------+
1 row in set (1.56 sec)

Query OK, 625 rows affected (12.55 sec)
Records: 625  Duplicates: 0  Warnings: 0

+---------------------+
| callingclientsafter |
+---------------------+
|              893380 |
+---------------------+
1 row in set (0.29 sec)

Query OK, 0 rows affected (0.02 sec)

Query OK, 319 rows affected (15.51 sec)
Records: 319  Duplicates: 0  Warnings: 0

Query OK, 0 rows affected (0.00 sec)

Query OK, 17991 rows affected (3.36 sec)
Records: 17991  Duplicates: 0  Warnings: 0

+-----------+
| callstats |
+-----------+
|     17991 |
+-----------+
1 row in set (0.01 sec)

Query OK, 0 rows affected, 1 warning (0.00 sec)

Query OK, 625 rows affected (12.41 sec)
Records: 625  Duplicates: 0  Warnings: 0

+------------------------+
| rep_cccallreportbefore |
+------------------------+
|                 897309 |
+------------------------+
1 row in set (0.29 sec)

Query OK, 625 rows affected (1.31 sec)
Records: 625  Duplicates: 0  Warnings: 0

+-----------------------+
| rep_cccallreportafter |
+-----------------------+
|                897934 |
+-----------------------+
1 row in set (0.30 sec)

Query OK, 0 rows affected (0.01 sec)

mysql> mysql \. C:\workspace\cloud\code\sql\_DailyScript\currenttime.sql
+---------------------+
| currenttime         |
+---------------------+
| 2020-04-14 09:10:10 |
+---------------------+
1 row in set (0.00 sec)

mysql> 
mysql> mysql \. C:\workspace\cloud\code\sql\_DailyScript\DAILY-SCRIPT-USAGE.sql
Database changed
Query OK, 0 rows affected (0.00 sec)

Query OK, 8221 rows affected, 23884 warnings (7.82 sec)
Records: 8221  Deleted: 0  Skipped: 0  Warnings: 23884

Query OK, 0 rows affected (0.00 sec)

Query OK, 13348 rows affected, 38731 warnings (9.27 sec)
Records: 13348  Deleted: 0  Skipped: 0  Warnings: 38731

Query OK, 0 rows affected (0.00 sec)

Query OK, 269 rows affected, 964 warnings (0.06 sec)
Records: 269  Deleted: 0  Skipped: 0  Warnings: 964

Query OK, 0 rows affected (0.00 sec)

Query OK, 119 rows affected, 433 warnings (0.04 sec)
Records: 119  Deleted: 0  Skipped: 0  Warnings: 433

+------------+
| dailyusage |
+------------+
|   11563420 |
+------------+
1 row in set (50.34 sec)

+------------+------------+------------+---------+
| datestart  | dateend    | insertedon | records |
+------------+------------+------------+---------+
| 2020-04-13 | 2020-04-13 | 2020-04-14 |   21957 |
| 2020-04-12 | 2020-04-12 | 2020-04-13 |   22393 |
| 2020-04-11 | 2020-04-11 | 2020-04-12 |   22597 |
| 2020-04-10 | 2020-04-10 | 2020-04-11 |   22382 |
| 2020-04-09 | 2020-04-09 | 2020-04-10 |   23435 |
+------------+------------+------------+---------+
5 rows in set (4 min 42.19 sec)

mysql> mysql \. C:\workspace\cloud\code\sql\_DailyScript\currenttime.sql
+---------------------+
| currenttime         |
+---------------------+
| 2020-04-14 09:15:59 |
+---------------------+
1 row in set (0.00 sec)

mysql> 
mysql> mysql \. C:\workspace\cloud\code\sql\_DailyScript\DAILY-SCRIPT-SALES-TELEMETRY.sql
Database changed
Query OK, 7 rows affected, 12 warnings (0.04 sec)
Records: 7  Deleted: 0  Skipped: 0  Warnings: 12

+------------+
| dailysales |
+------------+
|     191595 |
+------------+
1 row in set (0.38 sec)

Query OK, 0 rows affected (0.02 sec)

Query OK, 191595 rows affected (23.58 sec)
Records: 191595  Duplicates: 0  Warnings: 0

+--------+
| sales  |
+--------+
| 191595 |
+--------+
1 row in set (0.09 sec)

Query OK, 0 rows affected (0.00 sec)

Query OK, 3074 rows affected (0.40 sec)
Records: 3074  Duplicates: 0  Warnings: 0

+----------------+
| rep_dailysales |
+----------------+
|           3074 |
+----------------+
1 row in set (0.00 sec)

Query OK, 0 rows affected (0.01 sec)

Query OK, 3074 rows affected (0.59 sec)
Records: 3074  Duplicates: 0  Warnings: 0

+-------------------+
| rep_dailysalesreg |
+-------------------+
|              3074 |
+-------------------+
1 row in set (0.00 sec)

Query OK, 0 rows affected (0.01 sec)

Query OK, 2708 rows affected (0.82 sec)
Records: 2708  Duplicates: 0  Warnings: 0

+-----------+
| saleslist |
+-----------+
|      2708 |
+-----------+
1 row in set (0.00 sec)

Database changed
ERROR 2 (HY000): File 'C:\ProgramData\MySQL\MySQL Server 5.7\Uploads\_csv\PrepaidCardSales-13042020-P1.csv' not found (Errcode: 2 - No such file or directory)
+------------------+
| dailysinglesales |
+------------------+
|             6232 |
+------------------+
1 row in set (0.09 sec)

Database changed
Query OK, 12 rows affected (0.03 sec)
Records: 12  Deleted: 0  Skipped: 0  Warnings: 0

+-----------------+
| dailyaddonsales |
+-----------------+
|           18917 |
+-----------------+
1 row in set (0.13 sec)

Query OK, 179 rows affected (0.15 sec)
Records: 179  Deleted: 0  Skipped: 0  Warnings: 0

+----------------+
| onlinepayments |
+----------------+
|          90283 |
+----------------+
1 row in set (0.38 sec)

+-------------+----------------+---------------------+
| paymentdate | onlinepayments | onlinepaymentamount |
+-------------+----------------+---------------------+
| 2020-04-13  |            179 |        120546.76000 |
| 2020-04-12  |            180 |        107555.13000 |
| 2020-04-11  |            144 |         89153.79000 |
| 2020-04-10  |            177 |        110718.72000 |
| 2020-04-09  |            197 |        114506.38000 |
+-------------+----------------+---------------------+
5 rows in set (4.39 sec)

+-------------+--------------+----------------+---------------------+
| paymentyear | paymentmonth | onlinepayments | onlinepaymentamount |
+-------------+--------------+----------------+---------------------+
|        2020 |            4 |           2675 |       1715900.83000 |
|        2020 |            3 |           4932 |       3198124.05000 |
|        2020 |            2 |           3434 |       2334711.58000 |
|        2020 |            1 |           3598 |       2395112.36000 |
|        2020 |         NULL |          14639 |       9643848.82000 |
+-------------+--------------+----------------+---------------------+
5 rows in set (0.11 sec)

mysql> mysql \. C:\workspace\cloud\code\sql\_DailyScript\currenttime.sql
+---------------------+
| currenttime         |
+---------------------+
| 2020-04-14 09:16:31 |
+---------------------+
1 row in set (0.00 sec)

mysql> 
mysql> mysql \. C:\workspace\cloud\code\sql\_DailyScript\DAILY-SCRIPT-ACTIVENUMBERS.sql
Database changed
Query OK, 1172 rows affected (1.08 sec)
Records: 1172  Deleted: 0  Skipped: 0  Warnings: 0

+------------+----------+
| period     | count(1) |
+------------+----------+
| 2020-04-13 |     1172 |
| 2020-04-12 |     1172 |
| 2020-04-11 |     1173 |
| 2020-04-10 |     1173 |
| 2020-04-09 |     1172 |
+------------+----------+
5 rows in set (0.01 sec)

Query OK, 0 rows affected (0.00 sec)

Query OK, 80 rows affected (1.77 sec)
Records: 80  Duplicates: 0  Warnings: 0

+-------------+
| packagelist |
+-------------+
|          80 |
+-------------+
1 row in set (0.00 sec)

Database changed
Query OK, 0 rows affected (0.01 sec)

Query OK, 0 rows affected (0.00 sec)

Query OK, 0 rows affected (0.00 sec)

Query OK, 0 rows affected (0.00 sec)

Query OK, 27836 rows affected, 213 warnings (56.82 sec)
Records: 27836  Deleted: 0  Skipped: 0  Warnings: 213

+------------+----------+
| period     | count(1) |
+------------+----------+
| 2020-04-13 |    27836 |
| 2020-04-12 |    27957 |
| 2020-04-11 |    28071 |
| 2020-04-10 |    28154 |
| 2020-04-09 |    28280 |
+------------+----------+
5 rows in set (0.14 sec)

Query OK, 0 rows affected (0.02 sec)

Query OK, 27237 rows affected (2 min 11.88 sec)
Records: 27237  Duplicates: 0  Warnings: 0

Query OK, 0 rows affected (0.17 sec)
Records: 0  Duplicates: 0  Warnings: 0

Query OK, 0 rows affected (0.12 sec)
Records: 0  Duplicates: 0  Warnings: 0

Query OK, 0 rows affected (0.11 sec)
Records: 0  Duplicates: 0  Warnings: 0

Query OK, 0 rows affected (0.09 sec)
Records: 0  Duplicates: 0  Warnings: 0

Query OK, 0 rows affected (0.10 sec)
Records: 0  Duplicates: 0  Warnings: 0

Query OK, 0 rows affected (0.07 sec)
Records: 0  Duplicates: 0  Warnings: 0

+-------------+
| countbefore |
+-------------+
|    34986392 |
+-------------+
1 row in set (2 min 12.10 sec)

Query OK, 27237 rows affected (26.57 sec)
Records: 27237  Duplicates: 0  Warnings: 0

+------------+
| countafter |
+------------+
|   35013629 |
+------------+
1 row in set (16.14 sec)

+------------+--------------------------+
| period     | customercontractactivity |
+------------+--------------------------+
| 2020-04-13 |                    27237 |
| 2020-04-12 |                    27358 |
| 2020-04-11 |                    27472 |
| 2020-04-10 |                    27554 |
| 2020-04-09 |                    27680 |
+------------+--------------------------+
5 rows in set (0.07 sec)

Query OK, 0 rows affected (0.03 sec)

Query OK, 260531 rows affected (19 min 13.57 sec)
Records: 260531  Duplicates: 0  Warnings: 0

Query OK, 0 rows affected (1.07 sec)
Records: 0  Duplicates: 0  Warnings: 0

Query OK, 0 rows affected (1.00 sec)
Records: 0  Duplicates: 0  Warnings: 0

Query OK, 0 rows affected (1.06 sec)
Records: 0  Duplicates: 0  Warnings: 0

Query OK, 0 rows affected (0.00 sec)

Query OK, 184 rows affected (0.52 sec)
Records: 184  Duplicates: 0  Warnings: 0

Query OK, 0 rows affected (0.30 sec)

Query OK, 2574 rows affected (0.61 sec)
Records: 2574  Duplicates: 0  Warnings: 0

Query OK, 0 rows affected (0.01 sec)

Query OK, 27220 rows affected (0.67 sec)
Records: 27220  Duplicates: 0  Warnings: 0

Query OK, 0 rows affected (0.01 sec)

Query OK, 17174 rows affected (0.43 sec)
Records: 17174  Duplicates: 0  Warnings: 0

Query OK, 0 rows affected (0.01 sec)

Query OK, 17174 rows affected (0.14 sec)
Records: 17174  Duplicates: 0  Warnings: 0

Query OK, 0 rows affected (0.01 sec)

Query OK, 17174 rows affected (1.40 sec)
Records: 17174  Duplicates: 0  Warnings: 0

Query OK, 0 rows affected (0.01 sec)

Query OK, 17174 rows affected (51.32 sec)
Records: 17174  Duplicates: 0  Warnings: 0

+-------------+
| clientstats |
+-------------+
|       17174 |
+-------------+
1 row in set (0.01 sec)

Query OK, 0 rows affected (0.01 sec)

Query OK, 12 rows affected, 1 warning (0.10 sec)
Records: 12  Duplicates: 0  Warnings: 1

+-----------------------+-------------+-------------+----------------+-----------------+
| services              | activecount | allaccounts | uniqueaccounts | uniquecontracts |
+-----------------------+-------------+-------------+----------------+-----------------+
| All                   |         315 |          55 |             55 |             176 |
| Internet & Voice      |         413 |         188 |            188 |             367 |
| Internet Only         |        4273 |        4183 |           4179 |            4222 |
| OTT Only              |           2 |           2 |              2 |               2 |
| TV & Internet         |        9455 |        4220 |           4213 |            8590 |
| TV & Internet & OTT   |        2875 |         767 |            766 |            1575 |
| TV & Internet & Voice |         507 |         150 |            150 |             459 |
| TV & OTT              |         391 |          70 |             69 |              89 |
| TV & Voice            |          94 |          42 |             42 |              87 |
| TV Only               |        9471 |        7338 |           7332 |            7527 |
| Voice Only            |         160 |         159 |            157 |             160 |
| GRAND TOTAL           |       27956 |       17174 |          17110 |           23254 |
+-----------------------+-------------+-------------+----------------+-----------------+
12 rows in set (0.00 sec)

+-------------+-------------+-------------+----------------+-----------------+
| network     | activecount | allaccounts | uniqueaccounts | uniquecontracts |
+-------------+-------------+-------------+----------------+-----------------+
| ADDON       |          16 |          11 |             11 |              11 |
| GPON        |        8670 |        4353 |           4350 |            6790 |
| HFC         |       19270 |       12810 |          12810 |           16453 |
| GRAND TOTAL |       27956 |       17174 |          17110 |           23254 |
+-------------+-------------+-------------+----------------+-----------------+
4 rows in set, 1 warning (0.12 sec)

+-------------+-----------------------+-------------+-------------+----------------+-----------------+
| network     | services              | activecount | allaccounts | uniqueaccounts | uniquecontracts |
+-------------+-----------------------+-------------+-------------+----------------+-----------------+
| ADDON       | OTT Only              |           2 |           2 |              2 |               2 |
| ADDON       | TV & OTT              |           8 |           3 |              3 |               3 |
| ADDON       | TV Only               |           6 |           6 |              6 |               6 |
| ADDON       | Services Total        |          16 |          11 |             11 |              11 |
| GPON        | All                   |         177 |          31 |             31 |              98 |
| GPON        | Internet & Voice      |          69 |          29 |             29 |              59 |
| GPON        | Internet Only         |        1087 |        1018 |           1018 |            1041 |
| GPON        | TV & Internet         |        3702 |        1591 |           1591 |            3271 |
| GPON        | TV & Internet & OTT   |        1618 |         429 |            429 |             887 |
| GPON        | TV & Internet & Voice |         174 |          51 |             51 |             157 |
| GPON        | TV & OTT              |         143 |          30 |             30 |              35 |
| GPON        | TV & Voice            |          41 |          17 |             17 |              36 |
| GPON        | TV Only               |        1645 |        1143 |           1143 |            1192 |
| GPON        | Voice Only            |          14 |          14 |             14 |              14 |
| GPON        | Services Total        |        8670 |        4353 |           4350 |            6790 |
| HFC         | All                   |         138 |          24 |             24 |              78 |
| HFC         | Internet & Voice      |         344 |         159 |            159 |             308 |
| HFC         | Internet Only         |        3186 |        3165 |           3165 |            3181 |
| HFC         | TV & Internet         |        5753 |        2629 |           2629 |            5319 |
| HFC         | TV & Internet & OTT   |        1257 |         338 |            338 |             688 |
| HFC         | TV & Internet & Voice |         333 |          99 |             99 |             302 |
| HFC         | TV & OTT              |         240 |          37 |             37 |              51 |
| HFC         | TV & Voice            |          53 |          25 |             25 |              51 |
| HFC         | TV Only               |        7820 |        6189 |           6189 |            6329 |
| HFC         | Voice Only            |         146 |         145 |            145 |             146 |
| HFC         | Services Total        |       19270 |       12810 |          12810 |           16453 |
| GRAND TOTAL | Services Total        |       27956 |       17174 |          17110 |           23254 |
+-------------+-----------------------+-------------+-------------+----------------+-----------------+
27 rows in set, 2 warnings (0.15 sec)

Query OK, 0 rows affected (0.00 sec)

Query OK, 44 rows affected, 3 warnings (0.20 sec)
Records: 44  Duplicates: 0  Warnings: 3

+-------------+---------------+-----------------------+-------------+-------------+----------------+-----------------+
| region      | network       | services              | activecount | allaccounts | uniqueaccounts | uniquecontracts |
+-------------+---------------+-----------------------+-------------+-------------+----------------+-----------------+
| Mahe        | ADDON         | OTT Only              |           2 |           2 |              2 |               2 |
| Mahe        | ADDON         | TV & OTT              |           8 |           3 |              3 |               3 |
| Mahe        | ADDON         | TV Only               |           2 |           2 |              2 |               2 |
| Mahe        | ADDON         | Services Total        |          12 |           7 |              7 |               7 |
| Mahe        | GPON          | All                   |         160 |          28 |             28 |              89 |
| Mahe        | GPON          | Internet & Voice      |          55 |          22 |             22 |              45 |
| Mahe        | GPON          | Internet Only         |         869 |         800 |            800 |             823 |
| Mahe        | GPON          | TV & Internet         |        2822 |        1204 |           1204 |            2476 |
| Mahe        | GPON          | TV & Internet & OTT   |        1166 |         295 |            295 |             610 |
| Mahe        | GPON          | TV & Internet & Voice |         159 |          47 |             47 |             143 |
| Mahe        | GPON          | TV & OTT              |         118 |          23 |             23 |              27 |
| Mahe        | GPON          | TV & Voice            |          41 |          17 |             17 |              36 |
| Mahe        | GPON          | TV Only               |        1310 |         890 |            890 |             926 |
| Mahe        | GPON          | Voice Only            |          13 |          13 |             13 |              13 |
| Mahe        | GPON          | Services Total        |        6713 |        3339 |           3339 |            5188 |
| Mahe        | HFC           | All                   |         138 |          24 |             24 |              78 |
| Mahe        | HFC           | Internet & Voice      |         344 |         159 |            159 |             308 |
| Mahe        | HFC           | Internet Only         |        3185 |        3164 |           3164 |            3180 |
| Mahe        | HFC           | TV & Internet         |        5753 |        2629 |           2629 |            5319 |
| Mahe        | HFC           | TV & Internet & OTT   |        1257 |         338 |            338 |             688 |
| Mahe        | HFC           | TV & Internet & Voice |         333 |          99 |             99 |             302 |
| Mahe        | HFC           | TV & OTT              |         240 |          37 |             37 |              51 |
| Mahe        | HFC           | TV & Voice            |          53 |          25 |             25 |              51 |
| Mahe        | HFC           | TV Only               |        7815 |        6186 |           6186 |            6326 |
| Mahe        | HFC           | Voice Only            |         146 |         145 |            145 |             146 |
| Mahe        | HFC           | Services Total        |       19264 |       12806 |          12806 |           16449 |
| Mahe        | Network Total | Services Total        |       25989 |       16152 |          16094 |           21644 |
| Praslin     | ADDON         | TV Only               |           4 |           4 |              4 |               4 |
| Praslin     | ADDON         | Services Total        |           4 |           4 |              4 |               4 |
| Praslin     | GPON          | All                   |          17 |           3 |              3 |               9 |
| Praslin     | GPON          | Internet & Voice      |          14 |           7 |              7 |              14 |
| Praslin     | GPON          | Internet Only         |         218 |         218 |            218 |             218 |
| Praslin     | GPON          | TV & Internet         |         880 |         387 |            387 |             795 |
| Praslin     | GPON          | TV & Internet & OTT   |         452 |         134 |            134 |             277 |
| Praslin     | GPON          | TV & Internet & Voice |          15 |           4 |              4 |              14 |
| Praslin     | GPON          | TV & OTT              |          25 |           7 |              7 |               8 |
| Praslin     | GPON          | TV Only               |         335 |         253 |            253 |             266 |
| Praslin     | GPON          | Voice Only            |           1 |           1 |              1 |               1 |
| Praslin     | GPON          | Services Total        |        1957 |        1014 |           1014 |            1602 |
| Praslin     | HFC           | Internet Only         |           1 |           1 |              1 |               1 |
| Praslin     | HFC           | TV Only               |           5 |           3 |              3 |               3 |
| Praslin     | HFC           | Services Total        |           6 |           4 |              4 |               4 |
| Praslin     | Network Total | Services Total        |        1967 |        1022 |           1019 |            1610 |
| GRAND TOTAL | Network Total | Services Total        |       27956 |       17174 |          17110 |           23254 |
+-------------+---------------+-----------------------+-------------+-------------+----------------+-----------------+
44 rows in set (0.00 sec)

Query OK, 0 rows affected (0.01 sec)

Query OK, 27221 rows affected (0.53 sec)
Records: 27221  Duplicates: 0  Warnings: 0

Query OK, 0 rows affected (0.01 sec)

Query OK, 2027 rows affected (12.91 sec)
Records: 2027  Duplicates: 0  Warnings: 0

+--------------------------------------+
| message                              |
+--------------------------------------+
| running rcbill_my.sp_ActiveNumber2() |
+--------------------------------------+
1 row in set (0.00 sec)

Query OK, 365 rows affected (3 min 23.93 sec)

mysql> mysql \. C:\workspace\cloud\code\sql\_DailyScript\currenttime.sql
+---------------------+
| currenttime         |
+---------------------+
| 2020-04-14 09:46:28 |
+---------------------+
1 row in set (0.00 sec)

mysql> 
mysql> mysql \. C:\workspace\cloud\code\sql\_DailyScript\GetActiveNumbers Average -Pivot.sql
Database changed
+-------------------------------------+
| @today := subdate(current_date(),1) |
+-------------------------------------+
| 2020-04-13                          |
+-------------------------------------+
1 row in set (0.00 sec)

+-------------------------------------+
| @lastdayofmonth := last_day(@today) |
+-------------------------------------+
| 2020-04-30                          |
+-------------------------------------+
1 row in set (0.00 sec)

Query OK, 0 rows affected (0.01 sec)

Query OK, 38046 rows affected, 65535 warnings (1 min 4.85 sec)
Records: 38046  Duplicates: 0  Warnings: 78592

Query OK, 0 rows affected (0.10 sec)
Records: 0  Duplicates: 0  Warnings: 0

Query OK, 0 rows affected (0.12 sec)
Records: 0  Duplicates: 0  Warnings: 0

Query OK, 0 rows affected (0.10 sec)
Records: 0  Duplicates: 0  Warnings: 0

+-----------------+
| activenumberavg |
+-----------------+
|           38046 |
+-----------------+
1 row in set (0.01 sec)

Query OK, 0 rows affected (0.01 sec)

Query OK, 1855 rows affected (0.51 sec)
Records: 1855  Duplicates: 0  Warnings: 0

+---------------------+
| rep_activenumberavg |
+---------------------+
|                1855 |
+---------------------+
1 row in set (0.00 sec)

+----------------------+
| rep_activenumberavg1 |
+----------------------+
|                  873 |
+----------------------+
1 row in set (0.00 sec)

Query OK, 0 rows affected (0.01 sec)

Query OK, 1963 rows affected (0.43 sec)
Records: 1963  Duplicates: 0  Warnings: 0

Query OK, 0 rows affected (0.01 sec)

Query OK, 10008 rows affected (0.76 sec)
Records: 10008  Duplicates: 0  Warnings: 0

Query OK, 0 rows affected (0.00 sec)

Query OK, 0 rows affected (0.01 sec)

Query OK, 0 rows affected (0.02 sec)

Query OK, 0 rows affected (0.00 sec)

Query OK, 0 rows affected (0.00 sec)
Statement prepared

Query OK, 53 rows affected (0.04 sec)
Records: 53  Duplicates: 0  Warnings: 0

Query OK, 0 rows affected (0.00 sec)

Query OK, 0 rows affected (0.00 sec)

+----------------------+
| rep_activenumberavg2 |
+----------------------+
|                 1963 |
+----------------------+
1 row in set (0.00 sec)

+------------------------+
| rep_activenumberavg_pv |
+------------------------+
|                     53 |
+------------------------+
1 row in set (0.00 sec)

Query OK, 0 rows affected (0.02 sec)

Query OK, 1963 rows affected (0.34 sec)
Records: 1963  Duplicates: 0  Warnings: 0

Query OK, 0 rows affected (0.00 sec)

Query OK, 0 rows affected (0.02 sec)

Query OK, 0 rows affected (0.00 sec)

Query OK, 0 rows affected (0.00 sec)

Query OK, 0 rows affected (0.00 sec)
Statement prepared

Query OK, 53 rows affected (0.05 sec)
Records: 53  Duplicates: 0  Warnings: 0

Query OK, 0 rows affected (0.00 sec)

Query OK, 0 rows affected (0.00 sec)

+-------------------------+
| rep_activenumberavgMahe |
+-------------------------+
|                    1963 |
+-------------------------+
1 row in set (0.00 sec)

+----------------------------+
| rep_activenumberavgMahe_pv |
+----------------------------+
|                         53 |
+----------------------------+
1 row in set (0.00 sec)

Query OK, 0 rows affected (0.00 sec)

Query OK, 1256 rows affected (0.16 sec)
Records: 1256  Duplicates: 0  Warnings: 0

Query OK, 0 rows affected (0.00 sec)

Query OK, 0 rows affected (0.00 sec)

Query OK, 0 rows affected (0.00 sec)

Query OK, 0 rows affected (0.00 sec)

Query OK, 0 rows affected (0.00 sec)
Statement prepared

Query OK, 40 rows affected (0.04 sec)
Records: 40  Duplicates: 0  Warnings: 0

Query OK, 0 rows affected (0.00 sec)

Query OK, 0 rows affected (0.00 sec)

+----------------------------+
| rep_activenumberavgPraslin |
+----------------------------+
|                       1256 |
+----------------------------+
1 row in set (0.00 sec)

+-------------------------------+
| rep_activenumberavgPraslin_pv |
+-------------------------------+
|                            40 |
+-------------------------------+
1 row in set (0.00 sec)

mysql> mysql \. C:\workspace\cloud\code\sql\_DailyScript\currenttime.sql
+---------------------+
| currenttime         |
+---------------------+
| 2020-04-14 09:47:36 |
+---------------------+
1 row in set (0.01 sec)

mysql> 
mysql> mysql \. C:\workspace\cloud\code\sql\_DailyScript\budget_actual_analysis_2020.sql
Query OK, 0 rows affected (0.01 sec)

Query OK, 716 rows affected, 3 warnings (0.22 sec)
Records: 716  Duplicates: 0  Warnings: 3

+--------------------+
| budget_actual_2020 |
+--------------------+
|                716 |
+--------------------+
1 row in set (0.00 sec)

Query OK, 0 rows affected (0.00 sec)

Query OK, 47 rows affected (0.04 sec)
Records: 47  Duplicates: 0  Warnings: 0

+---------------------------+
| rep_budget_actual_2020_pv |
+---------------------------+
|                        47 |
+---------------------------+
1 row in set (0.00 sec)

mysql> mysql \. C:\workspace\cloud\code\sql\_DailyScript\currenttime.sql
+---------------------+
| currenttime         |
+---------------------+
| 2020-04-14 09:47:36 |
+---------------------+
1 row in set (0.00 sec)

mysql> 
mysql> mysql \. C:\workspace\cloud\code\sql\_DailyScript\reports-sales-addons-prepaid-camera.sql
Database changed
Query OK, 0 rows affected (0.00 sec)

Query OK, 4040 rows affected (0.42 sec)
Records: 4040  Duplicates: 0  Warnings: 0

Query OK, 0 rows affected (0.01 sec)

Query OK, 18960 rows affected (2 min 11.09 sec)
Records: 18960  Duplicates: 0  Warnings: 0

+--------------------+
| rep_prepaid_camera |
+--------------------+
|               4040 |
+--------------------+
1 row in set (0.01 sec)

+-----------+
| rep_addon |
+-----------+
|     18960 |
+-----------+
1 row in set (0.01 sec)

mysql> mysql \. C:\workspace\cloud\code\sql\_DailyScript\currenttime.sql
+---------------------+
| currenttime         |
+---------------------+
| 2020-04-14 09:49:48 |
+---------------------+
1 row in set (0.00 sec)

mysql> 
mysql> mysql \. C:\workspace\cloud\code\sql\_DailyScript\housing-estate-analysis.sql
Database changed
Query OK, 0 rows affected (0.01 sec)

Query OK, 3088 rows affected (1 min 10.89 sec)
Records: 3088  Duplicates: 0  Warnings: 0

+--------------------+
| rep_housingestates |
+--------------------+
|               3088 |
+--------------------+
1 row in set (0.00 sec)

mysql> mysql \. C:\workspace\cloud\code\sql\_DailyScript\currenttime.sql
+---------------------+
| currenttime         |
+---------------------+
| 2020-04-14 09:50:59 |
+---------------------+
1 row in set (0.00 sec)

mysql> 
mysql> mysql \. C:\workspace\cloud\code\sql\_DailyScript\RCB_ClientAnalyticsReport_Script.sql
Database changed
Query OK, 0 rows affected (0.00 sec)

Query OK, 0 rows affected (0.08 sec)

Query OK, 1858071 rows affected (1 min 29.69 sec)
Records: 1858071  Duplicates: 0  Warnings: 0

Query OK, 0 rows affected (6.92 sec)
Records: 0  Duplicates: 0  Warnings: 0

Query OK, 0 rows affected (5.52 sec)
Records: 0  Duplicates: 0  Warnings: 0

Query OK, 0 rows affected (9.51 sec)
Records: 0  Duplicates: 0  Warnings: 0

Query OK, 0 rows affected (9.30 sec)
Records: 0  Duplicates: 0  Warnings: 0

Query OK, 0 rows affected (10.01 sec)
Records: 0  Duplicates: 0  Warnings: 0

Query OK, 0 rows affected (8.76 sec)
Records: 0  Duplicates: 0  Warnings: 0

Query OK, 0 rows affected (0.00 sec)

Query OK, 474934 rows affected (15.58 sec)
Rows matched: 1858071  Changed: 474934  Warnings: 0

Query OK, 0 rows affected (0.01 sec)

Query OK, 28124 rows affected (3.75 sec)
Records: 28124  Duplicates: 0  Warnings: 0

Query OK, 0 rows affected (0.01 sec)

Query OK, 43379 rows affected (12 min 4.21 sec)
Records: 43379  Duplicates: 0  Warnings: 0

Query OK, 0 rows affected (0.24 sec)
Records: 0  Duplicates: 0  Warnings: 0

Query OK, 0 rows affected (0.16 sec)
Records: 0  Duplicates: 0  Warnings: 0

Query OK, 0 rows affected (0.09 sec)
Records: 0  Duplicates: 0  Warnings: 0

Query OK, 0 rows affected (0.04 sec)

Query OK, 444341 rows affected (15 min 12.55 sec)
Records: 444341  Duplicates: 0  Warnings: 0

Query OK, 0 rows affected (1.95 sec)
Records: 0  Duplicates: 0  Warnings: 0

Query OK, 0 rows affected (1.99 sec)
Records: 0  Duplicates: 0  Warnings: 0

Query OK, 0 rows affected (1.05 sec)
Records: 0  Duplicates: 0  Warnings: 0

Query OK, 0 rows affected (2.96 sec)
Records: 0  Duplicates: 0  Warnings: 0

Query OK, 0 rows affected (1.58 sec)
Records: 0  Duplicates: 0  Warnings: 0

Query OK, 0 rows affected (0.01 sec)

Query OK, 43379 rows affected (1 min 39.06 sec)
Records: 43379  Duplicates: 0  Warnings: 0

+--------------+
| clientreport |
+--------------+
|        43379 |
+--------------+
1 row in set (0.02 sec)

Query OK, 0 rows affected (0.01 sec)

Query OK, 43379 rows affected (6.97 sec)
Records: 43379  Duplicates: 0  Warnings: 0

+----------------------+
| clientextendedreport |
+----------------------+
|                43379 |
+----------------------+
1 row in set (0.01 sec)

Query OK, 0 rows affected (0.01 sec)

Query OK, 43379 rows affected (2 min 54.72 sec)
Records: 43379  Duplicates: 0  Warnings: 0

+---------+
| allcust |
+---------+
|   43379 |
+---------+
1 row in set (0.01 sec)

Query OK, 0 rows affected, 1 warning (0.00 sec)

Query OK, 5000 rows affected (0.14 sec)
Records: 5000  Duplicates: 0  Warnings: 0

Query OK, 0 rows affected (0.03 sec)

Query OK, 6900 rows affected (0.71 sec)
Records: 6900  Duplicates: 0  Warnings: 0

Query OK, 0 rows affected, 1 warning (0.00 sec)

Query OK, 5000 rows affected (0.16 sec)
Records: 5000  Duplicates: 0  Warnings: 0

Query OK, 0 rows affected (0.01 sec)

Query OK, 7318 rows affected (0.20 sec)
Records: 7318  Duplicates: 0  Warnings: 0

mysql> mysql \. C:\workspace\cloud\code\sql\_DailyScript\currenttime.sql
+---------------------+
| currenttime         |
+---------------------+
| 2020-04-14 10:25:47 |
+---------------------+
1 row in set (0.00 sec)

mysql> 
mysql> 
mysql> mysql \. C:\workspace\cloud\code\sql\_DailyScript\REVENUE_PER_NODE_MXK.sql
Query OK, 0 rows affected (0.00 sec)

Query OK, 0 rows affected (0.01 sec)

Query OK, 0 rows affected (0.01 sec)

Query OK, 5891 rows affected (3.28 sec)
Records: 5891  Duplicates: 0  Warnings: 0

+----------------------+
| message              |
+----------------------+
| created temp table a |
+----------------------+
1 row in set (0.00 sec)

Query OK, 5843 rows affected (2.69 sec)
Records: 5843  Duplicates: 0  Warnings: 0

+----------------------+
| message              |
+----------------------+
| created temp table b |
+----------------------+
1 row in set (0.00 sec)

Query OK, 0 rows affected, 1 warning (0.00 sec)

Query OK, 6181 rows affected (14.07 sec)
Records: 6181  Duplicates: 0  Warnings: 0

+--------------------------------+
| message                        |
+--------------------------------+
| created rcbill_my.tempcustmxk1 |
+--------------------------------+
1 row in set (0.00 sec)

Query OK, 0 rows affected (0.00 sec)

Query OK, 0 rows affected (0.00 sec)

Query OK, 0 rows affected, 1 warning (0.00 sec)

Query OK, 5891 rows affected (1.55 sec)
Records: 5891  Duplicates: 0  Warnings: 0

+----------------+
| message        |
+----------------+
| created temp a |
+----------------+
1 row in set (0.00 sec)

Query OK, 5843 rows affected (0.70 sec)
Records: 5843  Duplicates: 0  Warnings: 0

+----------------+
| message        |
+----------------+
| created temp b |
+----------------+
1 row in set (0.00 sec)

Query OK, 0 rows affected, 1 warning (0.00 sec)

Query OK, 5939 rows affected (9.40 sec)
Records: 5939  Duplicates: 0  Warnings: 0

+--------------------------------+
| message                        |
+--------------------------------+
| created rcbill_my.tempcustmxk2 |
+--------------------------------+
1 row in set (0.00 sec)

Query OK, 0 rows affected (0.01 sec)

Query OK, 0 rows affected (0.00 sec)

Query OK, 0 rows affected, 1 warning (0.00 sec)

Query OK, 0 rows affected (0.00 sec)

Query OK, 6893 rows affected (0.37 sec)
Records: 6893  Duplicates: 0  Warnings: 0

+---------------------------------+
| message                         |
+---------------------------------+
| created rcbill_my.customers_mxk |
+---------------------------------+
1 row in set (0.00 sec)

Query OK, 0 rows affected (0.00 sec)

Query OK, 0 rows affected (0.00 sec)

Query OK, 14061 rows affected (6.64 sec)
Records: 14061  Duplicates: 0  Warnings: 0

+----------------+
| message        |
+----------------+
| created temp a |
+----------------+
1 row in set (0.00 sec)

Query OK, 19661 rows affected (3.11 sec)
Records: 19661  Duplicates: 0  Warnings: 0

+----------------+
| message        |
+----------------+
| created temp c |
+----------------+
1 row in set (0.01 sec)

Query OK, 0 rows affected, 1 warning (0.00 sec)

Query OK, 27280 rows affected (0.31 sec)
Records: 27280  Duplicates: 0  Warnings: 0

+---------------------------------+
| message                         |
+---------------------------------+
| created rcbill_my.tempcustcmts1 |
+---------------------------------+
1 row in set (0.00 sec)

Query OK, 0 rows affected (0.00 sec)

Query OK, 0 rows affected, 1 warning (0.00 sec)

Query OK, 0 rows affected (0.01 sec)

Query OK, 14061 rows affected (6.68 sec)
Records: 14061  Duplicates: 0  Warnings: 0

+----------------+
| message        |
+----------------+
| created temp a |
+----------------+
1 row in set (0.00 sec)

Query OK, 19661 rows affected (1.47 sec)
Records: 19661  Duplicates: 0  Warnings: 0

+----------------+
| message        |
+----------------+
| created temp c |
+----------------+
1 row in set (0.00 sec)

Query OK, 0 rows affected, 1 warning (0.00 sec)

Query OK, 20467 rows affected (0.37 sec)
Records: 20467  Duplicates: 0  Warnings: 0

+---------------------------------+
| message                         |
+---------------------------------+
| created rcbill_my.tempcustcmts2 |
+---------------------------------+
1 row in set (0.00 sec)

Query OK, 0 rows affected (0.01 sec)

Query OK, 0 rows affected, 1 warning (0.00 sec)

Query OK, 0 rows affected (0.01 sec)

Query OK, 0 rows affected (0.01 sec)

Query OK, 14229 rows affected (1.33 sec)
Records: 14229  Duplicates: 0  Warnings: 0

+----------------------------------+
| message                          |
+----------------------------------+
| created rcbill_my.customers_cmts |
+----------------------------------+
1 row in set (0.00 sec)

Query OK, 0 rows affected (0.01 sec)

Query OK, 0 rows affected (0.00 sec)

Query OK, 0 rows affected (0.03 sec)

Query OK, 18016 rows affected (1.32 sec)
Records: 18016  Duplicates: 0  Warnings: 0

+--------------------------------------+
| message                              |
+--------------------------------------+
| created rcbill_my.customers_cmts_mxk |
+--------------------------------------+
1 row in set (0.00 sec)

Query OK, 470395 rows affected (1 min 18.50 sec)
Records: 470395  Duplicates: 0  Warnings: 0

+----------------+
| message        |
+----------------+
| created temp a |
+----------------+
1 row in set (0.00 sec)

Query OK, 0 rows affected (0.02 sec)

Query OK, 471110 rows affected (15.83 sec)
Records: 471110  Duplicates: 0  Warnings: 0

+------------------------------------------------+
| message                                        |
+------------------------------------------------+
| created rcbill_my.customers_contracts_cmts_mxk |
+------------------------------------------------+
1 row in set (0.00 sec)

Query OK, 0 rows affected (0.03 sec)

Query OK, 0 rows affected, 1 warning (0.00 sec)

Query OK, 0 rows affected, 1 warning (0.00 sec)

Query OK, 0 rows affected (0.00 sec)

Query OK, 7998 rows affected (3.42 sec)
Rows matched: 7998  Changed: 7998  Warnings: 0

+------------------------------------------------+
| message                                        |
+------------------------------------------------+
| updated rcbill_my.customers_contracts_cmts_mxk |
+------------------------------------------------+
1 row in set (0.00 sec)

Query OK, 0 rows affected (0.04 sec)

Query OK, 1848838 rows affected (5 min 2.40 sec)
Records: 1848838  Duplicates: 0  Warnings: 0

+----------------------------------------+
| message                                |
+----------------------------------------+
| created rcbill_my.customers_collection |
+----------------------------------------+
1 row in set (0.00 sec)

Query OK, 0 rows affected (0.03 sec)

Query OK, 2132501 rows affected (2 min 5.98 sec)
Records: 2132501  Duplicates: 0  Warnings: 0

+------------------------------------------------+
| message                                        |
+------------------------------------------------+
| created rcbill_my.customers_cmts_mxk_cont_coll |
+------------------------------------------------+
1 row in set (0.00 sec)

Query OK, 0 rows affected (0.03 sec)

Query OK, 430777 rows affected (2 min 46.94 sec)
Records: 430777  Duplicates: 0  Warnings: 0

+--------------------------------------------------------+
| message                                                |
+--------------------------------------------------------+
| created rcbill_my.customers_contracts_collection_pivot |
+--------------------------------------------------------+
1 row in set (0.00 sec)

Query OK, 0 rows affected (0.33 sec)

Query OK, 39451 rows affected (2 min 51.47 sec)
Records: 39451  Duplicates: 0  Warnings: 0

+----------------------------------------------+
| message                                      |
+----------------------------------------------+
| created rcbill_my.customers_collection_pivot |
+----------------------------------------------+
1 row in set (0.00 sec)

Query OK, 0 rows affected (0.06 sec)

Query OK, 43379 rows affected (4.71 sec)
Records: 43379  Duplicates: 0  Warnings: 0

+--------------------------------------------+
| message                                    |
+--------------------------------------------+
| created rcbill_my.rep_customers_collection |
+--------------------------------------------+
1 row in set (0.00 sec)

Query OK, 0 rows affected (0.00 sec)

Query OK, 0 rows affected, 1 warning (0.00 sec)

Query OK, 438114 rows affected (18.67 sec)
Records: 438114  Duplicates: 0  Warnings: 0

+-------------------------+
| message                 |
+-------------------------+
| created rcbill_my.tempa |
+-------------------------+
1 row in set (0.00 sec)

Query OK, 0 rows affected, 1 warning (0.00 sec)

Query OK, 430777 rows affected (27.31 sec)
Records: 430777  Duplicates: 0  Warnings: 0

+-------------------------+
| message                 |
+-------------------------+
| created rcbill_my.tempb |
+-------------------------+
1 row in set (0.00 sec)

Query OK, 438114 rows affected (29.93 sec)
Records: 438114  Duplicates: 0  Warnings: 0

+-----------+
| message   |
+-----------+
| created a |
+-----------+
1 row in set (0.00 sec)

Query OK, 430792 rows affected (33.43 sec)
Records: 430792  Duplicates: 0  Warnings: 0

+-----------+
| message   |
+-----------+
| created b |
+-----------+
1 row in set (0.00 sec)

Query OK, 0 rows affected (0.02 sec)

Query OK, 0 rows affected (0.02 sec)

Query OK, 0 rows affected (0.08 sec)

Query OK, 474495 rows affected (1 min 0.66 sec)
Records: 474495  Duplicates: 0  Warnings: 0

+----------------------------------------------+
| message                                      |
+----------------------------------------------+
| created rcbill_my.cust_cont_payment_cmts_mxk |
+----------------------------------------------+
1 row in set (0.00 sec)

Query OK, 0 rows affected (0.02 sec)

Query OK, 0 rows affected (0.01 sec)

Query OK, 0 rows affected, 1 warning (0.00 sec)

Query OK, 0 rows affected (0.01 sec)

Query OK, 43379 rows affected (22.02 sec)
Records: 43379  Duplicates: 0  Warnings: 0

+--------------------------------------------------+
| message                                          |
+--------------------------------------------------+
| created rcbill_my.rep_cust_cont_payment_cmts_mxk |
+--------------------------------------------------+
1 row in set (0.00 sec)

Query OK, 0 rows affected, 1 warning (0.00 sec)

Query OK, 0 rows affected, 1 warning (0.00 sec)

Query OK, 0 rows affected (0.03 sec)

Query OK, 43379 rows affected, 5 warnings (11.71 sec)
Records: 43379  Duplicates: 0  Warnings: 5

+----------------------+
| rep_custconsolidated |
+----------------------+
|                43379 |
+----------------------+
1 row in set (1.00 sec)

Query OK, 0 rows affected (0.00 sec)

Query OK, 0 rows affected (0.01 sec)

+----------------------------------------------+
| message                                      |
+----------------------------------------------+
| creating rcbill_my.retentioncustomeractivity |
+----------------------------------------------+
1 row in set (0.00 sec)

Query OK, 852 rows affected (0.12 sec)
Records: 852  Duplicates: 0  Warnings: 0

+---------------------------+
| retentioncustomeractivity |
+---------------------------+
|                       852 |
+---------------------------+
1 row in set (0.00 sec)

+-----------+------------------------------------+------------+-------------+-----------------+------------------+---------------------+-------------------+
| HFC_NODE  | NODENAME                           | CMTS_DATE  | INSERTED_ON | UNIQUE_ACCOUNTS | UNIQUE_CONTRACTS | UNIQUE_MAC_INRCBOSS | UNIQUE_MAC_INCMTS |
+-----------+------------------------------------+------------+-------------+-----------------+------------------+---------------------+-------------------+
| NULL      | NULL                               | NULL       | 2020-04-14  |            6724 |             7085 |                7125 |                 0 |
| C5/0/0/U0 | ANSE-BOILEAU-2                     | 2020-01-06 | 2020-04-14  |             171 |              178 |                 171 |               171 |
| C5/0/0/U1 | 500-C3-ANSE-BOILEAU                | 2020-01-06 | 2020-04-14  |             175 |              177 |                 175 |               179 |
| C5/0/1/U0 | 501-C4-LA-MISIERE-LEFT-I           | 2020-01-06 | 2020-04-14  |             147 |              154 |                 147 |               150 |
| C5/0/1/U1 | 501-C5-LA-MISIERE-RIGHT            | 2020-01-06 | 2020-04-14  |              97 |              100 |                  97 |               100 |
| C5/0/1/U2 | 501-C7-LA-MISIERE-LEFT-II          | 2020-01-06 | 2020-04-14  |             145 |              152 |                 146 |               147 |
| C5/0/2/U0 | 502-C8-LA-LOUISE                   | 2020-01-06 | 2020-04-14  |             137 |              141 |                 137 |               143 |
| C5/0/2/U1 | LA-LOUISE-2                        | 2020-01-06 | 2020-04-14  |             129 |              129 |                 129 |               132 |
| C5/0/3/U0 | 504-C6-PETIT-PARIS                 | 2020-01-06 | 2020-04-14  |             155 |              158 |                 155 |               159 |
| C5/0/3/U1 | PETIT-PARIS-23                     | 2020-01-06 | 2020-04-14  |              74 |               77 |                  74 |                77 |
| C5/0/4/U0 | FOUR-SEASONS                       | 2020-01-06 | 2020-04-14  |               3 |                4 |                   4 |                 4 |
| C5/0/4/U1 | ANCHOR-CAFE-I                      | 2020-01-06 | 2020-04-14  |             142 |              145 |                 142 |               149 |
| C5/0/4/U2 | ANCHOR-CAFE-II                     | 2020-01-06 | 2020-04-14  |             142 |              146 |                 143 |               144 |
| C5/1/0/U0 | POINTE-LARUE-AIRPORT-23            | 2020-01-06 | 2020-04-14  |              49 |               52 |                  50 |                56 |
| C5/1/0/U1 | PPROVIDENCE-23                     | 2020-01-06 | 2020-04-14  |              21 |               24 |                  22 |                22 |
| C5/1/0/U2 | ROSHE-CAIMAN-23                    | 2020-01-06 | 2020-04-14  |               8 |                8 |                   8 |                 8 |
| C5/1/0/U3 | HEAD-OFFICE | HO-23                | 2020-01-06 | 2020-04-14  |              20 |               20 |                  20 |                20 |
| C5/1/1/U1 | C5-UNION-VALE                      | 2020-01-06 | 2020-04-14  |             184 |              189 |                 184 |               186 |
| C5/1/3/U0 | POINTE-LARUE-AIRPORT-27            | 2020-01-06 | 2020-04-14  |             170 |              175 |                 170 |               173 |
| C5/1/3/U1 | PPROVIDENCE-27                     | 2020-01-06 | 2020-04-14  |              27 |               27 |                  27 |                27 |
| C5/1/3/U2 | ROSHE-CAIMAN-27                    | 2020-01-06 | 2020-04-14  |              33 |               34 |                  32 |                32 |
| C5/1/3/U3 | HEAD-OFFICE | HO-27                | 2020-01-06 | 2020-04-14  |              17 |               18 |                  17 |                18 |
| C5/1/4/U0 | ANSE-ROYALE-27                     | 2020-01-06 | 2020-04-14  |              85 |               88 |                  85 |                87 |
| C5/1/4/U1 | GLACIS-2-57                        | 2020-01-06 | 2020-04-14  |              91 |               93 |                  91 |                95 |
| C5/1/4/U2 | NULL                               | 2020-01-06 | 2020-04-14  |              90 |               91 |                  90 |                93 |
| C5/1/4/U3 | GLACIS-1                           | 2020-01-06 | 2020-04-14  |              47 |               51 |                  47 |                48 |
| C6/0/1/U0 | SERRET-ROAD-RIGHT/CURIO/PASCAL     | 2020-01-06 | 2020-04-14  |             121 |              123 |                 121 |               122 |
| C6/0/1/U1 | SERRET-ROAD-LEFT/ST.LOUIS/TOWN     | 2020-01-06 | 2020-04-14  |             129 |              134 |                 129 |               134 |
| C6/0/1/U2 | SERRET-ROAD-RIGHT/CURIO/PASCAL-2   | 2020-01-06 | 2020-04-14  |             113 |              114 |                 113 |               113 |
| C6/0/1/U3 | SERRET-ROAD-LEFT/ST.LOUIS/TOWN-2   | 2020-01-06 | 2020-04-14  |             127 |              130 |                 127 |               128 |
| C6/0/2/U0 | SANS-SOUCIS-I                      | 2020-01-06 | 2020-04-14  |              85 |               88 |                  85 |                87 |
| C6/0/2/U1 | SANS-SOUCIS-II                     | 2020-01-06 | 2020-04-14  |             129 |              134 |                 129 |               136 |
| C6/0/2/U2 | BEL-AIR-27                         | 2020-01-06 | 2020-04-14  |              96 |               98 |                  96 |               101 |
| C6/0/2/U3 | BEL-AIR-38                         | 2020-01-06 | 2020-04-14  |              99 |              104 |                  99 |               101 |
| C6/0/3/U0 | LES-MAMELLES-23                    | 2020-01-06 | 2020-04-14  |              51 |               51 |                  51 |                51 |
| C6/0/3/U1 | VICTORIA-23                        | 2020-01-06 | 2020-04-14  |              12 |               12 |                  12 |                13 |
| C6/0/4/U0 | LES-MAMELLES-27                    | 2020-01-06 | 2020-04-14  |              85 |               85 |                  85 |                87 |
| C6/0/4/U1 | VICTORIA-27                        | 2020-01-06 | 2020-04-14  |              34 |               36 |                  35 |                37 |
| C7/1/0/U0 | LA-RETRAITE-23                     | 2020-01-06 | 2020-04-14  |             109 |              112 |                 110 |               114 |
| C7/1/0/U1 | TEA-FACTORY-23                     | 2020-01-06 | 2020-04-14  |              25 |               31 |                  27 |                28 |
| C7/1/0/U2 | PAS-23                             | 2020-01-06 | 2020-04-14  |             125 |              128 |                 126 |               128 |
| C7/1/1/U0 | REEF-ESTATE-23                     | 2020-01-06 | 2020-04-14  |              74 |               76 |                  74 |                78 |
| C7/1/1/U1 | BEL-OMBRE-NEW-23                   | 2020-01-06 | 2020-04-14  |               1 |                1 |                   1 |                 2 |
| C7/1/2/U0 | LA-RETRAITE-27                     | 2020-01-06 | 2020-04-14  |              79 |               83 |                  79 |                81 |
| C7/1/2/U1 | TEA-FACTORY-27                     | 2020-01-06 | 2020-04-14  |              22 |               26 |                  23 |                24 |
| C7/1/2/U2 | PAS-27                             | 2020-01-06 | 2020-04-14  |              72 |               75 |                  72 |                74 |
| C7/1/3/U0 | MT-BUXTON-27                       | 2020-01-06 | 2020-04-14  |             150 |              152 |                 150 |               156 |
| C7/1/3/U1 | MT-BUXTON-23                       | 2020-01-06 | 2020-04-14  |              70 |               71 |                  70 |                71 |
| C7/1/4/U0 | REEF-ESTATE-27                     | 2020-01-06 | 2020-04-14  |              79 |               79 |                  79 |                79 |
| C7/1/4/U1 | BEL-OMBRE-NEW-27                   | 2020-01-06 | 2020-04-14  |               4 |                4 |                   4 |                 4 |
| C8/0/0/U0 | POLICE-ACADEMY-1-27 - POINTE LARUE | 2020-01-06 | 2020-04-14  |             180 |              180 |                 180 |               182 |
| C8/0/0/U1 | NULL                               | 2020-01-06 | 2020-04-14  |             111 |              116 |                 112 |               116 |
| C8/0/1/U0 | NULL                               | 2020-01-06 | 2020-04-14  |             182 |              185 |                 181 |               182 |
| C8/0/1/U1 | POLICE-ACADEMY-2-27 - TURTLE BAY   | 2020-01-06 | 2020-04-14  |             139 |              141 |                 140 |               145 |
| C8/0/2/U0 | BEAU-VALLON-LEFT-1-57              | 2020-01-06 | 2020-04-14  |              58 |               60 |                  59 |                62 |
| C8/0/3/U1 | BEAU-VALLON-RIGHT-2-57             | 2020-01-06 | 2020-04-14  |             144 |              151 |                 144 |               150 |
| C8/1/0/U0 | MA-JOIE-NODE-27                    | 2020-01-06 | 2020-04-14  |             109 |              113 |                 108 |               110 |
| C8/1/0/U1 | BELONIE-27                         | 2020-01-06 | 2020-04-14  |             146 |              149 |                 145 |               150 |
| C8/1/0/U3 | MA-JOIE-NODE-23                    | 2020-01-06 | 2020-04-14  |             106 |              106 |                 106 |               107 |
| C8/1/1/U0 | 611-C1-ROJN I                      | 2020-01-06 | 2020-04-14  |             114 |              115 |                 114 |               115 |
| C8/1/1/U1 | 611-C5-ROJN II                     | 2020-01-06 | 2020-04-14  |             119 |              120 |                 119 |               124 |
| C8/1/2/U0 | 612-C2-ANSE-ETOILE                 | 2020-01-06 | 2020-04-14  |             160 |              164 |                 160 |               161 |
| C8/1/2/U1 | ANSE-ETOILE-U2                     | 2020-01-06 | 2020-04-14  |              67 |               68 |                  67 |                69 |
| C8/1/3/U0 | 613-C3-ANSE-GAULETTE I             | 2020-01-06 | 2020-04-14  |              62 |               69 |                  62 |                66 |
| C8/1/3/U1 | 613-C7-ANSE-GAULETTE II            | 2020-01-06 | 2020-04-14  |              72 |               75 |                  72 |                72 |
| C8/1/3/U2 | 613-C3-ANSE-GAULETTE III           | 2020-01-06 | 2020-04-14  |              31 |               32 |                  31 |                31 |
| C8/1/3/U3 | TAKAMAKA I                         | 2020-01-06 | 2020-04-14  |             103 |              106 |                 103 |               105 |
| C8/1/3/U4 | TAKAMAKA II                        | 2020-01-06 | 2020-04-14  |              96 |               97 |                  96 |                96 |
| C8/1/4/U0 | 614-BEOLIERE-NODE-1                | 2020-01-06 | 2020-04-14  |             105 |              107 |                 105 |               112 |
| C8/1/4/U1 | 614-BEOLIERE-NODE-2                | 2020-01-06 | 2020-04-14  |              94 |               96 |                  94 |               102 |
+-----------+------------------------------------+------------+-------------+-----------------+------------------+---------------------+-------------------+
70 rows in set (0.32 sec)

+------------------+------------+-------------+-----------------+------------------+----------------------+-------------------+
| MXK_NAME         | MXK_DATE   | INSERTED_ON | UNIQUE_ACCOUNTS | UNIQUE_CONTRACTS | UNIQUE_FSAN_INRCBOSS | UNIQUE_FSAN_INMXK |
+------------------+------------+-------------+-----------------+------------------+----------------------+-------------------+
| NULL             | NULL       | 2020-04-14  |             936 |              950 |                  938 |                 0 |
| MXK-ANSEETOILE   | 2020-01-06 | 2020-04-14  |             212 |              215 |                  215 |               228 |
| MXK-ANSEROYALE   | 2020-01-06 | 2020-04-14  |             147 |              147 |                  147 |               166 |
| MXK-BEAUVALLON   | 2020-01-06 | 2020-04-14  |            1443 |             1463 |                 1454 |              1537 |
| MXK-MAHE         | 2020-01-06 | 2020-04-14  |             928 |              955 |                  885 |              1124 |
| MXK-PERSEVERANCE | 2020-01-06 | 2020-04-14  |            1005 |             1012 |                 1011 |              1159 |
| MXK-PRASLIN      | 2020-01-06 | 2020-04-14  |            1215 |             1218 |                 1211 |              1357 |
+------------------+------------+-------------+-----------------+------------------+----------------------+-------------------+
7 rows in set (0.10 sec)

mysql> mysql \. C:\workspace\cloud\code\sql\_DailyScript\currenttime.sql
+---------------------+
| currenttime         |
+---------------------+
| 2020-04-14 10:44:36 |
+---------------------+
1 row in set (0.00 sec)

mysql> 
mysql> 
mysql> mysql \. C:\workspace\cloud\code\sql\Analysis\service_tickets_assignments.sql
Query OK, 0 rows affected (0.01 sec)

Query OK, 33897 rows affected (9.44 sec)
Records: 33897  Duplicates: 0  Warnings: 0

+-------------------------+
| rep_servicetickets_2020 |
+-------------------------+
|                   33897 |
+-------------------------+
1 row in set (0.04 sec)

mysql> mysql \. C:\workspace\cloud\code\sql\_DailyScript\currenttime.sql
+---------------------+
| currenttime         |
+---------------------+
| 2020-04-14 10:44:45 |
+---------------------+
1 row in set (0.00 sec)

mysql> 
mysql> 
mysql> exit
