    -> 
    -> mysql \. C:\workspace\cloud\code\sql\_DailyScript\_setdates.sql
Database changed
Query OK, 0 rows affected (0.00 sec)

Query OK, 0 rows affected (0.00 sec)

Query OK, 0 rows affected (0.00 sec)

Query OK, 0 rows affected (0.00 sec)

Query OK, 0 rows affected (0.00 sec)

Query OK, 0 rows affected (0.00 sec)

Query OK, 0 rows affected (0.00 sec)

Query OK, 0 rows affected (0.00 sec)

Query OK, 0 rows affected (0.00 sec)

Query OK, 0 rows affected (0.00 sec)

Query OK, 0 rows affected (0.00 sec)

Query OK, 0 rows affected (0.00 sec)

Query OK, 0 rows affected (0.00 sec)

Query OK, 0 rows affected (0.00 sec)

Query OK, 0 rows affected (0.00 sec)

Query OK, 0 rows affected (0.00 sec)

Query OK, 0 rows affected (0.00 sec)

Query OK, 0 rows affected (0.00 sec)

Query OK, 0 rows affected (0.00 sec)

Query OK, 0 rows affected (0.00 sec)

Query OK, 0 rows affected (0.00 sec)

mysql> mysql \. C:\workspace\cloud\code\sql\_DailyScript\currenttime.sql
+---------------------+
| currenttime         |
+---------------------+
| 2020-01-03 15:02:52 |
+---------------------+
1 row in set (0.00 sec)

mysql> 
mysql> mysql \. C:\workspace\cloud\code\sql\_DailyScript\load_RCB_VODTITLES.sql
Database changed
Query OK, 0 rows affected (0.00 sec)

Query OK, 8657 rows affected (0.26 sec)

Query OK, 8659 rows affected, 8659 warnings (0.28 sec)
Records: 8659  Deleted: 0  Skipped: 0  Warnings: 8659

Query OK, 0 rows affected (0.00 sec)

Query OK, 2 rows affected (0.00 sec)

+-----------+
| VODTITLES |
+-----------+
|      9117 |
+-----------+
1 row in set (0.00 sec)

+-----------+-----------+
| titletype | typecount |
+-----------+-----------+
| E         |      7020 |
| N         |       213 |
| T         |      1424 |
| NULL      |      8657 |
+-----------+-----------+
4 rows in set (0.02 sec)

mysql> mysql \. C:\workspace\cloud\code\sql\_DailyScript\currenttime.sql
+---------------------+
| currenttime         |
+---------------------+
| 2020-01-03 15:02:52 |
+---------------------+
1 row in set (0.00 sec)

mysql> 
mysql> mysql \. C:\workspace\cloud\code\sql\_DailyScript\DAILY-SCRIPT-LIVETV-STATS.sql
Database changed
Query OK, 0 rows affected (0.02 sec)

Query OK, 68130 rows affected (1.18 sec)
Records: 68130  Duplicates: 0  Warnings: 0

+------------+------------+----------+--------------+--------------+-----------+-------------+----------+--------+------+------------+---------+---------------+
| Table      | Non_unique | Key_name | Seq_in_index | Column_name  | Collation | Cardinality | Sub_part | Packed | Null | Index_type | Comment | Index_comment |
+------------+------------+----------+--------------+--------------+-----------+-------------+----------+--------+------+------------+---------+---------------+
| templivetv |          1 | idxtv1   |            1 | device       | A         |       67657 |     NULL | NULL   | YES  | BTREE      |         |               |
| templivetv |          1 | idxtv2   |            1 | sessionstart | A         |       67657 |     NULL | NULL   | YES  | BTREE      |         |               |
+------------+------------+----------+--------------+--------------+-----------+-------------+----------+--------+------+------------+---------+---------------+
2 rows in set (0.00 sec)

Query OK, 68153 rows affected (27.45 sec)
Records: 68153  Duplicates: 0  Warnings: 0

Query OK, 2708 rows affected (0.62 sec)
Records: 2708  Duplicates: 0  Warnings: 0

Query OK, 0 rows affected (0.01 sec)

Query OK, 0 rows affected (0.00 sec)

Query OK, 133 rows affected (0.06 sec)
Records: 133  Duplicates: 0  Warnings: 0

Query OK, 0 rows affected (0.03 sec)

Query OK, 103209 rows affected (15 min 45.94 sec)
Records: 103209  Duplicates: 0  Warnings: 0

+-----------------+
| rep_livetvstats |
+-----------------+
|          103209 |
+-----------------+
1 row in set (0.03 sec)

mysql> mysql \. C:\workspace\cloud\code\sql\_DailyScript\currenttime.sql
+---------------------+
| currenttime         |
+---------------------+
| 2020-01-03 15:19:08 |
+---------------------+
1 row in set (0.01 sec)

mysql> 
mysql> mysql \. C:\workspace\cloud\code\sql\_DailyScript\DAILY-SCRIPT-VODTS-STATS.sql
Database changed
Query OK, 0 rows affected (0.03 sec)

Query OK, 3556 rows affected (20.35 sec)
Records: 3556  Duplicates: 0  Warnings: 0

+---------+------------+----------+--------------+--------------+-----------+-------------+----------+--------+------+------------+---------+---------------+
| Table   | Non_unique | Key_name | Seq_in_index | Column_name  | Collation | Cardinality | Sub_part | Packed | Null | Index_type | Comment | Index_comment |
+---------+------------+----------+--------------+--------------+-----------+-------------+----------+--------+------+------------+---------+---------------+
| tempvod |          1 | idxtvod1 |            1 | device       | A         |        3704 |     NULL | NULL   | YES  | BTREE      |         |               |
| tempvod |          1 | idxtvod2 |            1 | sessionstart | A         |        3704 |     NULL | NULL   | YES  | BTREE      |         |               |
+---------+------------+----------+--------------+--------------+-----------+-------------+----------+--------+------+------------+---------+---------------+
2 rows in set (0.00 sec)

Query OK, 3556 rows affected (3.10 sec)
Records: 3556  Duplicates: 0  Warnings: 0

Query OK, 0 rows affected (0.02 sec)

Query OK, 449606 rows affected (42.14 sec)
Records: 449606  Duplicates: 0  Warnings: 0

+--------------+
| rep_vodstats |
+--------------+
|       449606 |
+--------------+
1 row in set (0.15 sec)

Database changed
Query OK, 0 rows affected (0.00 sec)

Query OK, 10493 rows affected (1 min 27.22 sec)
Records: 10493  Duplicates: 0  Warnings: 0

+--------+------------+----------+--------------+--------------+-----------+-------------+----------+--------+------+------------+---------+---------------+
| Table  | Non_unique | Key_name | Seq_in_index | Column_name  | Collation | Cardinality | Sub_part | Packed | Null | Index_type | Comment | Index_comment |
+--------+------------+----------+--------------+--------------+-----------+-------------+----------+--------+------+------------+---------+---------------+
| tempts |          1 | idxtts1  |            1 | device       | A         |       10198 |     NULL | NULL   | YES  | BTREE      |         |               |
| tempts |          1 | idxtts2  |            1 | sessionstart | A         |       10198 |     NULL | NULL   | YES  | BTREE      |         |               |
+--------+------------+----------+--------------+--------------+-----------+-------------+----------+--------+------+------------+---------+---------------+
2 rows in set (0.00 sec)

Query OK, 10496 rows affected (11.99 sec)
Records: 10496  Duplicates: 0  Warnings: 0

Query OK, 0 rows affected (0.02 sec)

Query OK, 28573 rows affected (1 min 17.19 sec)
Records: 28573  Duplicates: 0  Warnings: 0

+-------------+
| rep_tsstats |
+-------------+
|       28573 |
+-------------+
1 row in set (0.02 sec)

mysql> mysql \. C:\workspace\cloud\code\sql\_DailyScript\currenttime.sql
+---------------------+
| currenttime         |
+---------------------+
| 2020-01-03 15:23:10 |
+---------------------+
1 row in set (0.00 sec)

mysql> 
mysql> mysql \. C:\workspace\cloud\code\sql\_DailyScript\DAILY-SCRIPT-RADIO-STATS.sql
Database changed
Query OK, 0 rows affected (0.03 sec)

Query OK, 211754 rows affected (3.00 sec)
Records: 211754  Duplicates: 0  Warnings: 0

+-----------+------------+----------+--------------+--------------+-----------+-------------+----------+--------+------+------------+---------+---------------+
| Table     | Non_unique | Key_name | Seq_in_index | Column_name  | Collation | Cardinality | Sub_part | Packed | Null | Index_type | Comment | Index_comment |
+-----------+------------+----------+--------------+--------------+-----------+-------------+----------+--------+------+------------+---------+---------------+
| tempradio |          1 | idxtrad1 |            1 | device       | A         |      212208 |     NULL | NULL   | YES  | BTREE      |         |               |
| tempradio |          1 | idxtrad2 |            1 | sessionstart | A         |      212208 |     NULL | NULL   | YES  | BTREE      |         |               |
+-----------+------------+----------+--------------+--------------+-----------+-------------+----------+--------+------+------------+---------+---------------+
2 rows in set (0.00 sec)

Query OK, 449 rows affected (1.74 sec)
Records: 449  Duplicates: 0  Warnings: 0

Query OK, 0 rows affected (0.06 sec)

Query OK, 3913 rows affected (0.30 sec)
Records: 3913  Duplicates: 0  Warnings: 0

+----------------+
| rep_radiostats |
+----------------+
|           3913 |
+----------------+
1 row in set (0.00 sec)

mysql> mysql \. C:\workspace\cloud\code\sql\_DailyScript\currenttime.sql
+---------------------+
| currenttime         |
+---------------------+
| 2020-01-03 15:23:15 |
+---------------------+
1 row in set (0.00 sec)

mysql> 
mysql> mysql \. C:\workspace\cloud\code\sql\_DailyScript\DAILY_SCRIPT_TELEMETRY_PIVOT_2020.sql
Query OK, 0 rows affected (0.01 sec)

Query OK, 137 rows affected (0.15 sec)
Records: 137  Duplicates: 0  Warnings: 0

Query OK, 0 rows affected (0.01 sec)

Query OK, 1422 rows affected (0.94 sec)
Records: 1422  Duplicates: 0  Warnings: 0

Query OK, 0 rows affected (0.08 sec)

Query OK, 8 rows affected (0.00 sec)
Records: 8  Duplicates: 0  Warnings: 0

Query OK, 0 rows affected (0.03 sec)

Query OK, 42 rows affected (0.39 sec)
Records: 42  Duplicates: 0  Warnings: 0

mysql> mysql \. C:\workspace\cloud\code\sql\_DailyScript\currenttime.sql
+---------------------+
| currenttime         |
+---------------------+
| 2020-01-03 15:23:17 |
+---------------------+
1 row in set (0.00 sec)

mysql> 
mysql> mysql \. C:\workspace\cloud\code\sql\_DailyScript\telemetry_livetv_ranking2020.sql
Query OK, 0 rows affected (0.00 sec)

Query OK, 137 rows affected (0.04 sec)
Records: 137  Duplicates: 0  Warnings: 0

mysql> mysql \. C:\workspace\cloud\code\sql\_DailyScript\currenttime.sql
+---------------------+
| currenttime         |
+---------------------+
| 2020-01-03 15:23:17 |
+---------------------+
1 row in set (0.00 sec)

mysql> 
mysql> mysql \. C:\workspace\cloud\code\sql\_DailyScript\telemetry_radio_ranking2020.sql
Query OK, 0 rows affected (0.00 sec)

Query OK, 8 rows affected (0.02 sec)
Records: 8  Duplicates: 0  Warnings: 0

mysql> mysql \. C:\workspace\cloud\code\sql\_DailyScript\currenttime.sql
+---------------------+
| currenttime         |
+---------------------+
| 2020-01-03 15:23:17 |
+---------------------+
1 row in set (0.00 sec)

mysql> 
mysql> mysql \. C:\workspace\cloud\code\sql\_DailyScript\telemetry_ts_ranking2020.sql
Query OK, 0 rows affected (0.00 sec)

Query OK, 42 rows affected (0.05 sec)
Records: 42  Duplicates: 0  Warnings: 0

mysql> mysql \. C:\workspace\cloud\code\sql\_DailyScript\currenttime.sql
+---------------------+
| currenttime         |
+---------------------+
| 2020-01-03 15:23:17 |
+---------------------+
1 row in set (0.00 sec)

mysql> 
mysql> mysql \. C:\workspace\cloud\code\sql\_DailyScript\telemetry_vod_ranking2020.sql
Query OK, 0 rows affected (0.00 sec)

Query OK, 1422 rows affected (0.18 sec)
Records: 1422  Duplicates: 0  Warnings: 0

mysql> mysql \. C:\workspace\cloud\code\sql\_DailyScript\currenttime.sql
+---------------------+
| currenttime         |
+---------------------+
| 2020-01-03 15:23:17 |
+---------------------+
1 row in set (0.00 sec)

mysql> 
mysql> mysql \. C:\workspace\cloud\code\sql\_DailyScript\telemetry_vod_ranking2020_1.sql
Query OK, 0 rows affected (0.00 sec)

Query OK, 1422 rows affected (0.05 sec)
Records: 1422  Duplicates: 0  Warnings: 0

mysql> mysql \. C:\workspace\cloud\code\sql\_DailyScript\currenttime.sql
+---------------------+
| currenttime         |
+---------------------+
| 2020-01-03 15:23:17 |
+---------------------+
1 row in set (0.00 sec)

mysql> 
mysql> mysql \. C:\workspace\cloud\code\sql\_DailyScript\telemetry_vod_ranking2020_2.sql
Query OK, 0 rows affected (0.03 sec)

Query OK, 1422 rows affected (0.14 sec)
Records: 1422  Duplicates: 0  Warnings: 0

mysql> mysql \. C:\workspace\cloud\code\sql\_DailyScript\currenttime.sql
+---------------------+
| currenttime         |
+---------------------+
| 2020-01-03 15:23:17 |
+---------------------+
1 row in set (0.00 sec)

mysql> 
mysql> mysql \. C:\workspace\cloud\code\sql\_DailyScript\DAILY-SCRIPT-CREATE-LOAD.sql
Database changed
Database changed
Query OK, 0 rows affected (0.13 sec)

Query OK, 0 rows affected (0.02 sec)

Database changed
Query OK, 66034 rows affected (2.98 sec)
Records: 66034  Deleted: 0  Skipped: 0  Warnings: 0

Query OK, 0 rows affected (0.30 sec)
Records: 0  Duplicates: 0  Warnings: 0

Query OK, 0 rows affected (0.23 sec)
Records: 0  Duplicates: 0  Warnings: 0

Query OK, 0 rows affected (0.37 sec)
Records: 0  Duplicates: 0  Warnings: 0

Query OK, 0 rows affected (0.33 sec)
Records: 0  Duplicates: 0  Warnings: 0

+---------+
| clients |
+---------+
|   66034 |
+---------+
1 row in set (0.01 sec)

Query OK, 0 rows affected (0.01 sec)

Query OK, 4691 rows affected (0.90 sec)
Records: 4691  Duplicates: 0  Warnings: 0

+-------------------+
| rcb_clientparcels |
+-------------------+
|              4691 |
+-------------------+
1 row in set (0.01 sec)

Query OK, 0 rows affected (0.02 sec)

Query OK, 82782 rows affected (3.59 sec)
Records: 82782  Duplicates: 0  Warnings: 0

Query OK, 0 rows affected (0.32 sec)
Records: 0  Duplicates: 0  Warnings: 0

Query OK, 0 rows affected (0.05 sec)

Query OK, 66034 rows affected (3.26 sec)
Records: 66034  Duplicates: 0  Warnings: 0

Query OK, 0 rows affected (0.23 sec)
Records: 0  Duplicates: 0  Warnings: 0

Query OK, 0 rows affected (0.24 sec)
Records: 0  Duplicates: 0  Warnings: 0

Query OK, 0 rows affected (0.32 sec)
Records: 0  Duplicates: 0  Warnings: 0

+---------------+
| clientaddress |
+---------------+
|         66034 |
+---------------+
1 row in set (0.02 sec)

Database changed
Query OK, 0 rows affected (0.10 sec)

Query OK, 0 rows affected (0.02 sec)

Database changed
Query OK, 497376 rows affected, 65535 warnings (18.75 sec)
Records: 497376  Deleted: 0  Skipped: 0  Warnings: 196993

Query OK, 0 rows affected (5.74 sec)
Records: 0  Duplicates: 0  Warnings: 0

Query OK, 0 rows affected (2.86 sec)
Records: 0  Duplicates: 0  Warnings: 0

Query OK, 0 rows affected (2.57 sec)
Records: 0  Duplicates: 0  Warnings: 0

Query OK, 0 rows affected (0.02 sec)

Query OK, 497376 rows affected (51.06 sec)
Records: 497376  Duplicates: 0  Warnings: 0

Query OK, 0 rows affected (2.90 sec)
Records: 0  Duplicates: 0  Warnings: 0

Query OK, 0 rows affected (1.62 sec)
Records: 0  Duplicates: 0  Warnings: 0

+-----------+
| contracts |
+-----------+
|    497376 |
+-----------+
1 row in set (0.15 sec)

+-----------------+
| contractaddress |
+-----------------+
|          497376 |
+-----------------+
1 row in set (0.15 sec)

Database changed
Query OK, 0 rows affected (0.01 sec)

Query OK, 0 rows affected (0.00 sec)

Query OK, 7212 rows affected (0.28 sec)
Records: 7212  Deleted: 0  Skipped: 0  Warnings: 0

Query OK, 0 rows affected (0.04 sec)

Query OK, 7181 rows affected (3.22 sec)
Records: 7181  Duplicates: 0  Warnings: 0

Query OK, 0 rows affected (0.03 sec)
Records: 0  Duplicates: 0  Warnings: 0

Query OK, 0 rows affected (0.02 sec)

Query OK, 5600 rows affected (0.05 sec)
Records: 5600  Duplicates: 0  Warnings: 0

Query OK, 0 rows affected (0.49 sec)
Records: 0  Duplicates: 0  Warnings: 0

+-------------------+
| contractdiscounts |
+-------------------+
|              7212 |
+-------------------+
1 row in set (0.00 sec)

+-------------------------+
| clientcontractdiscounts |
+-------------------------+
|                    7181 |
+-------------------------+
1 row in set (0.00 sec)

+----------------------------+
| clientcontractlastdiscount |
+----------------------------+
|                       5600 |
+----------------------------+
1 row in set (0.00 sec)

Database changed
Query OK, 0 rows affected (0.23 sec)

Query OK, 0 rows affected (0.00 sec)

Database changed
Query OK, 132334 rows affected (6.63 sec)
Records: 132334  Deleted: 0  Skipped: 0  Warnings: 0

Query OK, 0 rows affected (0.83 sec)
Records: 0  Duplicates: 0  Warnings: 0

Query OK, 0 rows affected (0.79 sec)
Records: 0  Duplicates: 0  Warnings: 0

Query OK, 0 rows affected (0.79 sec)
Records: 0  Duplicates: 0  Warnings: 0

Query OK, 0 rows affected (0.50 sec)
Records: 0  Duplicates: 0  Warnings: 0

Query OK, 0 rows affected (0.62 sec)
Records: 0  Duplicates: 0  Warnings: 0

Query OK, 0 rows affected (0.60 sec)
Records: 0  Duplicates: 0  Warnings: 0

Query OK, 0 rows affected (0.45 sec)

Query OK, 1698190 rows affected (3 min 10.72 sec)
Records: 1698190  Duplicates: 0  Warnings: 0

+---------+
| devices |
+---------+
|  132334 |
+---------+
1 row in set (0.06 sec)

+-----------------------+
| clientcontractdevices |
+-----------------------+
|               1698190 |
+-----------------------+
1 row in set (0.67 sec)

Query OK, 0 rows affected (0.01 sec)

Query OK, 132330 rows affected (6.43 sec)
Records: 132330  Duplicates: 0  Warnings: 0

+---------------------------+
| rep_clientcontractdevices |
+---------------------------+
|                    132330 |
+---------------------------+
1 row in set (0.05 sec)

Database changed
Query OK, 0 rows affected (0.25 sec)

Query OK, 0 rows affected (0.00 sec)

Query OK, 267514 rows affected (8.90 sec)
Records: 267514  Deleted: 0  Skipped: 0  Warnings: 0

Query OK, 0 rows affected (0.85 sec)
Records: 0  Duplicates: 0  Warnings: 0

Query OK, 0 rows affected (0.79 sec)
Records: 0  Duplicates: 0  Warnings: 0

Query OK, 0 rows affected (0.62 sec)
Records: 0  Duplicates: 0  Warnings: 0

Query OK, 0 rows affected (0.59 sec)
Records: 0  Duplicates: 0  Warnings: 0

+---------+
| tickets |
+---------+
|  267514 |
+---------+
1 row in set (0.08 sec)

Database changed
Query OK, 0 rows affected (0.25 sec)

Query OK, 0 rows affected (0.00 sec)

Empty set (0.00 sec)

Query OK, 0 rows affected (0.01 sec)
Records: 0  Duplicates: 0  Warnings: 0

Query OK, 337 rows affected, 2 warnings (0.09 sec)
Records: 337  Deleted: 0  Skipped: 0  Warnings: 2

+-----------------+
| tickettechusers |
+-----------------+
|             337 |
+-----------------+
1 row in set (0.00 sec)

Database changed
Query OK, 0 rows affected (0.03 sec)

Query OK, 0 rows affected (0.01 sec)

Query OK, 0 rows affected (0.01 sec)
Records: 0  Duplicates: 0  Warnings: 0

Query OK, 569440 rows affected, 44021 warnings (14.11 sec)
Records: 569440  Deleted: 0  Skipped: 0  Warnings: 44021

+-------------------+
| ticketassignments |
+-------------------+
|            569440 |
+-------------------+
1 row in set (0.15 sec)

Database changed
Query OK, 0 rows affected (0.20 sec)

Query OK, 0 rows affected (0.13 sec)

Query OK, 1174967 rows affected (18.86 sec)
Records: 1174967  Deleted: 0  Skipped: 0  Warnings: 0

Query OK, 0 rows affected (8.24 sec)
Records: 0  Duplicates: 0  Warnings: 0

Query OK, 0 rows affected (3.36 sec)
Records: 0  Duplicates: 0  Warnings: 0

Query OK, 0 rows affected (3.65 sec)
Records: 0  Duplicates: 0  Warnings: 0

Query OK, 0 rows affected (3.41 sec)
Records: 0  Duplicates: 0  Warnings: 0

+----------------+
| ticketcomments |
+----------------+
|        1174967 |
+----------------+
1 row in set (0.40 sec)

Database changed
Query OK, 0 rows affected (0.13 sec)

Query OK, 0 rows affected (0.01 sec)

Query OK, 430410 rows affected (44.49 sec)
Records: 430410  Deleted: 0  Skipped: 0  Warnings: 0

Query OK, 0 rows affected (2.97 sec)
Records: 0  Duplicates: 0  Warnings: 0

+----------+
| comments |
+----------+
|   430410 |
+----------+
1 row in set (0.15 sec)

Database changed
Query OK, 0 rows affected (0.11 sec)

Query OK, 0 rows affected (0.00 sec)

Query OK, 1089980 rows affected, 65535 warnings (1 min 5.19 sec)
Records: 1089980  Deleted: 0  Skipped: 0  Warnings: 1089996

Query OK, 0 rows affected (7.90 sec)
Records: 0  Duplicates: 0  Warnings: 0

Query OK, 0 rows affected (3.18 sec)
Records: 0  Duplicates: 0  Warnings: 0

Query OK, 0 rows affected (3.46 sec)
Records: 0  Duplicates: 0  Warnings: 0

Query OK, 0 rows affected (3.59 sec)
Records: 0  Duplicates: 0  Warnings: 0

Query OK, 0 rows affected (4.92 sec)
Records: 0  Duplicates: 0  Warnings: 0

+------------+
| devicesold |
+------------+
|    1089980 |
+------------+
1 row in set (0.33 sec)

Database changed
Query OK, 0 rows affected (0.02 sec)

Query OK, 0 rows affected (0.02 sec)

Query OK, 1691456 rows affected (25.73 sec)
Records: 1691456  Deleted: 0  Skipped: 0  Warnings: 0

Query OK, 0 rows affected (7.07 sec)
Records: 0  Duplicates: 0  Warnings: 0

Query OK, 0 rows affected (4.05 sec)
Records: 0  Duplicates: 0  Warnings: 0

Query OK, 0 rows affected (4.42 sec)
Records: 0  Duplicates: 0  Warnings: 0

+------------------+
| contractservices |
+------------------+
|          1691456 |
+------------------+
1 row in set (0.52 sec)

Database changed
Query OK, 0 rows affected (0.30 sec)

Query OK, 0 rows affected (0.00 sec)

Query OK, 3916044 rows affected (2 min 9.38 sec)
Records: 3916044  Deleted: 0  Skipped: 0  Warnings: 0

Query OK, 0 rows affected (22.57 sec)
Records: 0  Duplicates: 0  Warnings: 0

Query OK, 0 rows affected (16.80 sec)
Records: 0  Duplicates: 0  Warnings: 0

Query OK, 0 rows affected (17.63 sec)
Records: 0  Duplicates: 0  Warnings: 0

Query OK, 0 rows affected (16.09 sec)
Records: 0  Duplicates: 0  Warnings: 0

+------------------+
| invoicescontents |
+------------------+
|          3916044 |
+------------------+
1 row in set (1.14 sec)

Database changed
Query OK, 0 rows affected (0.55 sec)

Query OK, 0 rows affected (0.00 sec)

Query OK, 2727152 rows affected (3 min 7.77 sec)
Records: 2727152  Deleted: 0  Skipped: 0  Warnings: 0

Query OK, 0 rows affected (15.52 sec)
Records: 0  Duplicates: 0  Warnings: 0

Query OK, 0 rows affected (14.31 sec)
Records: 0  Duplicates: 0  Warnings: 0

Query OK, 0 rows affected (12.17 sec)
Records: 0  Duplicates: 0  Warnings: 0

Query OK, 0 rows affected (12.15 sec)
Records: 0  Duplicates: 0  Warnings: 0

Query OK, 0 rows affected (14.03 sec)
Records: 0  Duplicates: 0  Warnings: 0

+----------------+
| invoicesheader |
+----------------+
|        2727152 |
+----------------+
1 row in set (0.85 sec)

Database changed
Query OK, 0 rows affected (0.19 sec)

Query OK, 0 rows affected (0.00 sec)

Query OK, 2819010 rows affected (1 min 23.87 sec)
Records: 2819010  Deleted: 0  Skipped: 0  Warnings: 0

Query OK, 0 rows affected (11.82 sec)
Records: 0  Duplicates: 0  Warnings: 0

Query OK, 0 rows affected (9.83 sec)
Records: 0  Duplicates: 0  Warnings: 0

Query OK, 0 rows affected (9.37 sec)
Records: 0  Duplicates: 0  Warnings: 0

Query OK, 0 rows affected (9.69 sec)
Records: 0  Duplicates: 0  Warnings: 0

+---------+
| casa    |
+---------+
| 2819010 |
+---------+
1 row in set (0.82 sec)

Query OK, 0 rows affected (0.03 sec)

Query OK, 13443 rows affected (1 min 12.31 sec)
Records: 13443  Duplicates: 0  Warnings: 0

+--------------------+
| rep_paycol_channel |
+--------------------+
|              13443 |
+--------------------+
1 row in set (0.00 sec)

Query OK, 0 rows affected (0.00 sec)

Query OK, 9129 rows affected (1 min 23.69 sec)
Records: 9129  Duplicates: 0  Warnings: 0

+----------------+
| rep_paycol_pos |
+----------------+
|           9129 |
+----------------+
1 row in set (0.00 sec)

Database changed
Query OK, 0 rows affected (0.10 sec)

Query OK, 0 rows affected (0.00 sec)

Database changed
Query OK, 38819 rows affected (0.80 sec)
Records: 38819  Deleted: 0  Skipped: 0  Warnings: 0

+-------+
| users |
+-------+
| 38819 |
+-------+
1 row in set (0.02 sec)

Database changed
Query OK, 0 rows affected (0.18 sec)

Query OK, 0 rows affected (0.00 sec)

Query OK, 1872898 rows affected, 2 warnings (35.28 sec)
Records: 1872898  Deleted: 0  Skipped: 0  Warnings: 2

Query OK, 0 rows affected (10.70 sec)
Records: 0  Duplicates: 0  Warnings: 0

Query OK, 0 rows affected (6.31 sec)
Records: 0  Duplicates: 0  Warnings: 0

Query OK, 0 rows affected (6.45 sec)
Records: 0  Duplicates: 0  Warnings: 0

Query OK, 0 rows affected (4.44 sec)
Records: 0  Duplicates: 0  Warnings: 0

Query OK, 0 rows affected (4.79 sec)
Records: 0  Duplicates: 0  Warnings: 0

+-------------+
| useractions |
+-------------+
|     1872898 |
+-------------+
1 row in set (0.58 sec)

Database changed
Query OK, 0 rows affected (0.09 sec)

Query OK, 0 rows affected (0.01 sec)

Database changed
Query OK, 12955631 rows affected (2 min 54.81 sec)
Records: 12955631  Deleted: 0  Skipped: 0  Warnings: 0

Query OK, 0 rows affected (44.39 sec)
Records: 0  Duplicates: 0  Warnings: 0

Query OK, 0 rows affected (54.95 sec)
Records: 0  Duplicates: 0  Warnings: 0

Query OK, 0 rows affected (47.03 sec)
Records: 0  Duplicates: 0  Warnings: 0

Query OK, 0 rows affected (40.79 sec)
Records: 0  Duplicates: 0  Warnings: 0

+----------+
| ipusage1 |
+----------+
| 12955631 |
+----------+
1 row in set (8.73 sec)

Query OK, 0 rows affected (0.22 sec)

Query OK, 13068374 rows affected, 65535 warnings (14 min 50.24 sec)
Records: 13068374  Duplicates: 0  Warnings: 13064789

Query OK, 0 rows affected (38.08 sec)
Records: 0  Duplicates: 0  Warnings: 0

Query OK, 0 rows affected (44.03 sec)
Records: 0  Duplicates: 0  Warnings: 0

Query OK, 0 rows affected (43.64 sec)
Records: 0  Duplicates: 0  Warnings: 0

Query OK, 0 rows affected (48.28 sec)
Records: 0  Duplicates: 0  Warnings: 0

Query OK, 0 rows affected (1 min 4.04 sec)
Records: 0  Duplicates: 0  Warnings: 0

Query OK, 0 rows affected (1 min 2.24 sec)
Records: 0  Duplicates: 0  Warnings: 0

Query OK, 0 rows affected (1 min 2.49 sec)
Records: 0  Duplicates: 0  Warnings: 0

+----------+
| ipusage  |
+----------+
| 13068374 |
+----------+
1 row in set (7.14 sec)

Query OK, 0 rows affected (0.07 sec)

Query OK, 3299505 rows affected (3 min 0.19 sec)
Records: 3299505  Duplicates: 0  Warnings: 0

Query OK, 0 rows affected (13.96 sec)
Records: 0  Duplicates: 0  Warnings: 0

Query OK, 0 rows affected (11.74 sec)
Records: 0  Duplicates: 0  Warnings: 0

Query OK, 0 rows affected (11.13 sec)
Records: 0  Duplicates: 0  Warnings: 0

Query OK, 0 rows affected (14.02 sec)
Records: 0  Duplicates: 0  Warnings: 0

Query OK, 0 rows affected (7.77 sec)
Records: 0  Duplicates: 0  Warnings: 0

Query OK, 0 rows affected (0.03 sec)

Query OK, 266192 rows affected (22.94 sec)
Records: 266192  Duplicates: 0  Warnings: 0

Query OK, 0 rows affected (0.85 sec)
Records: 0  Duplicates: 0  Warnings: 0

Query OK, 0 rows affected (0.81 sec)
Records: 0  Duplicates: 0  Warnings: 0

Query OK, 0 rows affected (0.94 sec)
Records: 0  Duplicates: 0  Warnings: 0

Query OK, 0 rows affected (0.51 sec)
Records: 0  Duplicates: 0  Warnings: 0

Query OK, 0 rows affected (0.52 sec)
Records: 0  Duplicates: 0  Warnings: 0

Query OK, 0 rows affected (0.51 sec)
Records: 0  Duplicates: 0  Warnings: 0

Query OK, 0 rows affected (0.50 sec)
Records: 0  Duplicates: 0  Warnings: 0

Query OK, 0 rows affected (0.05 sec)

Query OK, 1691268 rows affected (56.79 sec)
Records: 1691268  Duplicates: 0  Warnings: 0

Query OK, 0 rows affected (7.32 sec)
Records: 0  Duplicates: 0  Warnings: 0

Query OK, 0 rows affected (5.78 sec)
Records: 0  Duplicates: 0  Warnings: 0

Query OK, 0 rows affected (6.57 sec)
Records: 0  Duplicates: 0  Warnings: 0

mysql> mysql \. C:\workspace\cloud\code\sql\_DailyScript\currenttime.sql
+---------------------+
| currenttime         |
+---------------------+
| 2020-01-03 16:19:00 |
+---------------------+
1 row in set (0.00 sec)

mysql> 
mysql> mysql \. C:\workspace\cloud\code\sql\_DailyScript\ticket_analysis.sql
Database changed
Query OK, 0 rows affected (0.15 sec)

Query OK, 535947 rows affected (25.38 sec)
Records: 535947  Duplicates: 0  Warnings: 0

Query OK, 0 rows affected (7.31 sec)
Records: 0  Duplicates: 0  Warnings: 0

Query OK, 0 rows affected (2.07 sec)
Records: 0  Duplicates: 0  Warnings: 0

Query OK, 0 rows affected (2.44 sec)
Records: 0  Duplicates: 0  Warnings: 0

Query OK, 0 rows affected (0.05 sec)

Query OK, 18167 rows affected (10.73 sec)
Records: 18167  Duplicates: 0  Warnings: 0

Query OK, 0 rows affected, 1 warning (0.00 sec)

Query OK, 73999 rows affected (6.76 sec)
Records: 73999  Duplicates: 0  Warnings: 0

Query OK, 0 rows affected, 1 warning (0.00 sec)

Query OK, 383868 rows affected (11.65 sec)
Records: 383868  Duplicates: 0  Warnings: 0

Query OK, 0 rows affected, 1 warning (0.00 sec)

Query OK, 383868 rows affected (14.73 sec)
Records: 383868  Duplicates: 0  Warnings: 0

Query OK, 0 rows affected (0.00 sec)

Query OK, 74053 rows affected (8.49 sec)
Records: 74053  Duplicates: 0  Warnings: 0

Database changed
Query OK, 0 rows affected (0.00 sec)

Query OK, 0 rows affected (0.08 sec)

Query OK, 535947 rows affected (21.88 sec)
Records: 535947  Duplicates: 0  Warnings: 0

Query OK, 0 rows affected (0.08 sec)

Query OK, 261993 rows affected (14.96 sec)
Records: 261993  Duplicates: 0  Warnings: 0

+--------------------------+
| clientticket_cmmtjourney |
+--------------------------+
|                   535947 |
+--------------------------+
1 row in set (4.58 sec)

+---------------------------+
| clientticket_assgnjourney |
+---------------------------+
|                    261993 |
+---------------------------+
1 row in set (0.32 sec)

Query OK, 0 rows affected (0.00 sec)

Query OK, 74 rows affected (0.12 sec)
Records: 74  Duplicates: 0  Warnings: 0

mysql> mysql \. C:\workspace\cloud\code\sql\_DailyScript\currenttime.sql
+---------------------+
| currenttime         |
+---------------------+
| 2020-01-03 16:21:12 |
+---------------------+
1 row in set (0.00 sec)

mysql> 
mysql> mysql \. C:\workspace\cloud\code\sql\_DailyScript\load_DailyCalls.sql
Database changed
Query OK, 284 rows affected (0.41 sec)
Records: 284  Deleted: 0  Skipped: 0  Warnings: 0

Query OK, 0 rows affected, 1 warning (0.00 sec)

Query OK, 273 rows affected (0.15 sec)
Records: 273  Duplicates: 0  Warnings: 0

Query OK, 0 rows affected, 1 warning (0.00 sec)

Query OK, 66744 rows affected (0.40 sec)
Records: 66744  Duplicates: 0  Warnings: 0

+----------------------+
| callingclientsbefore |
+----------------------+
|               810535 |
+----------------------+
1 row in set (0.87 sec)

Query OK, 413 rows affected (6.37 sec)
Records: 413  Duplicates: 0  Warnings: 0

+---------------------+
| callingclientsafter |
+---------------------+
|              810948 |
+---------------------+
1 row in set (0.22 sec)

Query OK, 0 rows affected (0.03 sec)

Query OK, 200 rows affected (3.96 sec)
Records: 200  Duplicates: 0  Warnings: 0

Query OK, 0 rows affected (0.00 sec)

Query OK, 16773 rows affected (2.47 sec)
Records: 16773  Duplicates: 0  Warnings: 0

+-----------+
| callstats |
+-----------+
|     16773 |
+-----------+
1 row in set (0.00 sec)

Query OK, 0 rows affected, 1 warning (0.00 sec)

Query OK, 413 rows affected (4.39 sec)
Records: 413  Duplicates: 0  Warnings: 0

+------------------------+
| rep_cccallreportbefore |
+------------------------+
|                 814895 |
+------------------------+
1 row in set (0.22 sec)

Query OK, 413 rows affected (1.15 sec)
Records: 413  Duplicates: 0  Warnings: 0

+-----------------------+
| rep_cccallreportafter |
+-----------------------+
|                815308 |
+-----------------------+
1 row in set (0.23 sec)

Query OK, 0 rows affected (0.00 sec)

mysql> mysql \. C:\workspace\cloud\code\sql\_DailyScript\currenttime.sql
+---------------------+
| currenttime         |
+---------------------+
| 2020-01-03 16:21:33 |
+---------------------+
1 row in set (0.00 sec)

mysql> 
mysql> mysql \. C:\workspace\cloud\code\sql\_DailyScript\DAILY-SCRIPT-USAGE.sql
Database changed
Query OK, 0 rows affected (0.00 sec)

Query OK, 6707 rows affected, 19441 warnings (4.62 sec)
Records: 6707  Deleted: 0  Skipped: 0  Warnings: 19441

Query OK, 0 rows affected (0.00 sec)

Query OK, 10027 rows affected, 28975 warnings (4.36 sec)
Records: 10027  Deleted: 0  Skipped: 0  Warnings: 28975

Query OK, 0 rows affected (0.00 sec)

Query OK, 153 rows affected, 537 warnings (0.05 sec)
Records: 153  Deleted: 0  Skipped: 0  Warnings: 537

Query OK, 0 rows affected (0.00 sec)

Query OK, 208 rows affected, 688 warnings (0.08 sec)
Records: 208  Deleted: 0  Skipped: 0  Warnings: 688

+------------+
| dailyusage |
+------------+
|    9658502 |
+------------+
1 row in set (10.87 sec)

+------------+------------+------------+---------+
| datestart  | dateend    | insertedon | records |
+------------+------------+------------+---------+
| 2020-01-02 | 2020-01-02 | 2020-01-03 |   17095 |
| 2020-01-01 | 2020-01-01 | 2020-01-02 |   17238 |
| 2019-12-31 | 2019-12-31 | 2020-01-01 |   17478 |
| 2019-12-30 | 2019-12-30 | 2019-12-31 |   17602 |
| 2019-12-29 | 2019-12-29 | 2019-12-30 |   17238 |
+------------+------------+------------+---------+
5 rows in set (1 min 0.92 sec)

mysql> mysql \. C:\workspace\cloud\code\sql\_DailyScript\currenttime.sql
+---------------------+
| currenttime         |
+---------------------+
| 2020-01-03 16:22:54 |
+---------------------+
1 row in set (0.00 sec)

mysql> 
mysql> mysql \. C:\workspace\cloud\code\sql\_DailyScript\DAILY-SCRIPT-SALES-TELEMETRY.sql
Database changed
Query OK, 16 rows affected, 67 warnings (0.04 sec)
Records: 16  Deleted: 0  Skipped: 0  Warnings: 67

+------------+
| dailysales |
+------------+
|     179230 |
+------------+
1 row in set (0.56 sec)

Query OK, 0 rows affected (0.02 sec)

Query OK, 179230 rows affected (14.30 sec)
Records: 179230  Duplicates: 0  Warnings: 0

+--------+
| sales  |
+--------+
| 179230 |
+--------+
1 row in set (0.08 sec)

Query OK, 0 rows affected (0.00 sec)

Query OK, 2883 rows affected (0.30 sec)
Records: 2883  Duplicates: 0  Warnings: 0

+----------------+
| rep_dailysales |
+----------------+
|           2883 |
+----------------+
1 row in set (0.00 sec)

Query OK, 0 rows affected (0.01 sec)

Query OK, 2883 rows affected (0.47 sec)
Records: 2883  Duplicates: 0  Warnings: 0

+-------------------+
| rep_dailysalesreg |
+-------------------+
|              2883 |
+-------------------+
1 row in set (0.00 sec)

Query OK, 0 rows affected (0.00 sec)

Query OK, 2630 rows affected (0.62 sec)
Records: 2630  Duplicates: 0  Warnings: 0

+-----------+
| saleslist |
+-----------+
|      2630 |
+-----------+
1 row in set (0.00 sec)

Database changed
ERROR 2 (HY000): File 'C:\ProgramData\MySQL\MySQL Server 5.7\Uploads\_csv\PrepaidCardSales-02012020-P1.csv' not found (Errcode: 2 - No such file or directory)
+------------------+
| dailysinglesales |
+------------------+
|             6108 |
+------------------+
1 row in set (0.04 sec)

Database changed
Query OK, 7 rows affected (0.08 sec)
Records: 7  Deleted: 0  Skipped: 0  Warnings: 0

+-----------------+
| dailyaddonsales |
+-----------------+
|           17952 |
+-----------------+
1 row in set (0.07 sec)

Query OK, 138 rows affected (0.23 sec)
Records: 138  Deleted: 0  Skipped: 0  Warnings: 0

+----------------+
| onlinepayments |
+----------------+
|          75875 |
+----------------+
1 row in set (0.25 sec)

+-------------+----------------+---------------------+
| paymentdate | onlinepayments | onlinepaymentamount |
+-------------+----------------+---------------------+
| 2020-01-02  |            138 |         94332.75000 |
| 2020-01-01  |             93 |         65416.94000 |
| 2019-12-31  |            124 |         79734.35000 |
| 2019-12-30  |            139 |         84686.53000 |
| 2019-12-29  |             77 |         53317.05000 |
+-------------+----------------+---------------------+
5 rows in set (0.32 sec)

+-------------+--------------+----------------+---------------------+
| paymentyear | paymentmonth | onlinepayments | onlinepaymentamount |
+-------------+--------------+----------------+---------------------+
|        2020 |            1 |            231 |        159749.69000 |
|        2020 |         NULL |            231 |        159749.69000 |
|        2019 |           12 |           3234 |       2134467.48000 |
|        2019 |           11 |           3112 |       2058344.74000 |
|        2019 |           10 |           3323 |       2227696.68000 |
+-------------+--------------+----------------+---------------------+
5 rows in set (0.08 sec)

mysql> mysql \. C:\workspace\cloud\code\sql\_DailyScript\currenttime.sql
+---------------------+
| currenttime         |
+---------------------+
| 2020-01-03 16:23:12 |
+---------------------+
1 row in set (0.00 sec)

mysql> 
mysql> mysql \. C:\workspace\cloud\code\sql\_DailyScript\DAILY-SCRIPT-ACTIVENUMBERS.sql
Database changed
Query OK, 1224 rows affected (1.10 sec)
Records: 1224  Deleted: 0  Skipped: 0  Warnings: 0

+------------+----------+
| period     | count(1) |
+------------+----------+
| 2020-01-02 |     1224 |
| 2020-01-01 |     1224 |
| 2019-12-31 |     1227 |
| 2019-12-30 |     1228 |
| 2019-12-29 |     1236 |
| 2019-12-28 |     1236 |
+------------+----------+
6 rows in set (0.01 sec)

Query OK, 0 rows affected (0.01 sec)

Query OK, 80 rows affected (1.57 sec)
Records: 80  Duplicates: 0  Warnings: 0

+-------------+
| packagelist |
+-------------+
|          80 |
+-------------+
1 row in set (0.00 sec)

Database changed
Query OK, 0 rows affected (0.00 sec)

Query OK, 0 rows affected (0.00 sec)

Query OK, 0 rows affected (0.00 sec)

Query OK, 0 rows affected (0.00 sec)

Query OK, 26766 rows affected, 210 warnings (1 min 9.77 sec)
Records: 26766  Deleted: 0  Skipped: 0  Warnings: 210

+------------+----------+
| period     | count(1) |
+------------+----------+
| 2020-01-02 |    26766 |
| 2020-01-01 |    27095 |
| 2019-12-31 |    27324 |
| 2019-12-30 |    27052 |
| 2019-12-29 |    26873 |
+------------+----------+
5 rows in set (0.30 sec)

Query OK, 0 rows affected (0.05 sec)

Query OK, 26154 rows affected (2 min 6.48 sec)
Records: 26154  Duplicates: 0  Warnings: 0

Query OK, 0 rows affected (0.28 sec)
Records: 0  Duplicates: 0  Warnings: 0

Query OK, 0 rows affected (0.10 sec)
Records: 0  Duplicates: 0  Warnings: 0

Query OK, 0 rows affected (0.09 sec)
Records: 0  Duplicates: 0  Warnings: 0

Query OK, 0 rows affected (0.07 sec)
Records: 0  Duplicates: 0  Warnings: 0

Query OK, 0 rows affected (0.08 sec)
Records: 0  Duplicates: 0  Warnings: 0

Query OK, 0 rows affected (0.07 sec)
Records: 0  Duplicates: 0  Warnings: 0

+-------------+
| countbefore |
+-------------+
|    32227974 |
+-------------+
1 row in set (38.26 sec)

Query OK, 26154 rows affected (34.14 sec)
Records: 26154  Duplicates: 0  Warnings: 0

+------------+
| countafter |
+------------+
|   32254128 |
+------------+
1 row in set (16.06 sec)

+------------+--------------------------+
| period     | customercontractactivity |
+------------+--------------------------+
| 2020-01-02 |                    26154 |
| 2020-01-01 |                    26483 |
| 2019-12-31 |                    26712 |
| 2019-12-30 |                    26439 |
| 2019-12-29 |                    26259 |
+------------+--------------------------+
5 rows in set (0.07 sec)

Query OK, 0 rows affected (0.09 sec)

Query OK, 244581 rows affected (10 min 59.00 sec)
Records: 244581  Duplicates: 0  Warnings: 0

Query OK, 0 rows affected (0.91 sec)
Records: 0  Duplicates: 0  Warnings: 0

Query OK, 0 rows affected (0.90 sec)
Records: 0  Duplicates: 0  Warnings: 0

Query OK, 0 rows affected (0.94 sec)
Records: 0  Duplicates: 0  Warnings: 0

Query OK, 0 rows affected (0.02 sec)

Query OK, 246 rows affected (0.42 sec)
Records: 246  Duplicates: 0  Warnings: 0

Query OK, 0 rows affected (0.17 sec)

Query OK, 2492 rows affected (0.57 sec)
Records: 2492  Duplicates: 0  Warnings: 0

Query OK, 0 rows affected (0.02 sec)

Query OK, 26142 rows affected (0.55 sec)
Records: 26142  Duplicates: 0  Warnings: 0

Query OK, 0 rows affected (0.02 sec)

Query OK, 16685 rows affected (0.33 sec)
Records: 16685  Duplicates: 0  Warnings: 0

Query OK, 0 rows affected (0.07 sec)

Query OK, 16685 rows affected (0.12 sec)
Records: 16685  Duplicates: 0  Warnings: 0

Query OK, 0 rows affected (0.01 sec)

Query OK, 16685 rows affected (1.17 sec)
Records: 16685  Duplicates: 0  Warnings: 0

Query OK, 0 rows affected (0.23 sec)

Query OK, 16685 rows affected (42.71 sec)
Records: 16685  Duplicates: 0  Warnings: 0

+-------------+
| clientstats |
+-------------+
|       16685 |
+-------------+
1 row in set (0.01 sec)

Query OK, 0 rows affected (0.03 sec)

Query OK, 12 rows affected, 1 warning (0.09 sec)
Records: 12  Duplicates: 0  Warnings: 1

+-----------------------+-------------+-------------+----------------+-----------------+
| services              | activecount | allaccounts | uniqueaccounts | uniquecontracts |
+-----------------------+-------------+-------------+----------------+-----------------+
| All                   |         237 |          39 |             39 |             127 |
| Internet & Voice      |         417 |         190 |            190 |             371 |
| Internet Only         |        4105 |        4007 |           3997 |            4044 |
| OTT Only              |           1 |           1 |              1 |               1 |
| TV & Internet         |        8670 |        3828 |           3815 |            7801 |
| TV & Internet & OTT   |        2469 |         666 |            666 |            1364 |
| TV & Internet & Voice |         482 |         142 |            142 |             434 |
| TV & OTT              |         341 |          67 |             66 |              83 |
| TV & Voice            |         100 |          42 |             42 |              87 |
| TV Only               |        9896 |        7523 |           7517 |            7712 |
| Voice Only            |         181 |         180 |            179 |             181 |
| GRAND TOTAL           |       26899 |       16685 |          16599 |           22205 |
+-----------------------+-------------+-------------+----------------+-----------------+
12 rows in set (0.00 sec)

+-------------+-------------+-------------+----------------+-----------------+
| network     | activecount | allaccounts | uniqueaccounts | uniquecontracts |
+-------------+-------------+-------------+----------------+-----------------+
| ADDON       |          14 |          10 |             10 |              10 |
| GPON        |        7753 |        3945 |           3942 |            6010 |
| HFC         |       19132 |       12730 |          12730 |           16185 |
| GRAND TOTAL |       26899 |       16685 |          16599 |           22205 |
+-------------+-------------+-------------+----------------+-----------------+
4 rows in set, 1 warning (0.12 sec)

+-------------+-----------------------+-------------+-------------+----------------+-----------------+
| network     | services              | activecount | allaccounts | uniqueaccounts | uniquecontracts |
+-------------+-----------------------+-------------+-------------+----------------+-----------------+
| ADDON       | OTT Only              |           1 |           1 |              1 |               1 |
| ADDON       | TV & OTT              |           6 |           2 |              2 |               2 |
| ADDON       | TV Only               |           7 |           7 |              7 |               7 |
| ADDON       | Services Total        |          14 |          10 |             10 |              10 |
| GPON        | All                   |         129 |          20 |             20 |              65 |
| GPON        | Internet & Voice      |          68 |          28 |             28 |              58 |
| GPON        | Internet Only         |        1035 |         955 |            955 |             977 |
| GPON        | TV & Internet         |        3226 |        1369 |           1369 |            2812 |
| GPON        | TV & Internet & OTT   |        1296 |         346 |            346 |             710 |
| GPON        | TV & Internet & Voice |         153 |          44 |             44 |             136 |
| GPON        | TV & OTT              |          85 |          28 |             28 |              29 |
| GPON        | TV & Voice            |          50 |          20 |             20 |              43 |
| GPON        | TV Only               |        1701 |        1125 |           1125 |            1170 |
| GPON        | Voice Only            |          10 |          10 |             10 |              10 |
| GPON        | Services Total        |        7753 |        3945 |           3942 |            6010 |
| HFC         | All                   |         108 |          19 |             19 |              62 |
| HFC         | Internet & Voice      |         349 |         162 |            162 |             313 |
| HFC         | Internet Only         |        3070 |        3052 |           3052 |            3067 |
| HFC         | TV & Internet         |        5444 |        2459 |           2459 |            4989 |
| HFC         | TV & Internet & OTT   |        1173 |         320 |            320 |             654 |
| HFC         | TV & Internet & Voice |         329 |          98 |             98 |             298 |
| HFC         | TV & OTT              |         250 |          37 |             37 |              52 |
| HFC         | TV & Voice            |          50 |          22 |             22 |              44 |
| HFC         | TV Only               |        8188 |        6391 |           6391 |            6535 |
| HFC         | Voice Only            |         171 |         170 |            170 |             171 |
| HFC         | Services Total        |       19132 |       12730 |          12730 |           16185 |
| GRAND TOTAL | Services Total        |       26899 |       16685 |          16599 |           22205 |
+-------------+-----------------------+-------------+-------------+----------------+-----------------+
27 rows in set, 2 warnings (0.12 sec)

Query OK, 0 rows affected (0.03 sec)

Query OK, 44 rows affected, 3 warnings (0.17 sec)
Records: 44  Duplicates: 0  Warnings: 3

+-------------+---------------+-----------------------+-------------+-------------+----------------+-----------------+
| region      | network       | services              | activecount | allaccounts | uniqueaccounts | uniquecontracts |
+-------------+---------------+-----------------------+-------------+-------------+----------------+-----------------+
| Mahe        | ADDON         | OTT Only              |           1 |           1 |              1 |               1 |
| Mahe        | ADDON         | TV & OTT              |           6 |           2 |              2 |               2 |
| Mahe        | ADDON         | TV Only               |           3 |           3 |              3 |               3 |
| Mahe        | ADDON         | Services Total        |          10 |           6 |              6 |               6 |
| Mahe        | GPON          | All                   |         116 |          18 |             18 |              59 |
| Mahe        | GPON          | Internet & Voice      |          54 |          21 |             21 |              44 |
| Mahe        | GPON          | Internet Only         |         816 |         736 |            736 |             758 |
| Mahe        | GPON          | TV & Internet         |        2367 |         991 |            991 |            2032 |
| Mahe        | GPON          | TV & Internet & OTT   |         933 |         242 |            242 |             493 |
| Mahe        | GPON          | TV & Internet & Voice |         136 |          39 |             39 |             119 |
| Mahe        | GPON          | TV & OTT              |          63 |          19 |             19 |              20 |
| Mahe        | GPON          | TV & Voice            |          46 |          19 |             19 |              40 |
| Mahe        | GPON          | TV Only               |        1309 |         850 |            850 |             877 |
| Mahe        | GPON          | Voice Only            |          10 |          10 |             10 |              10 |
| Mahe        | GPON          | Services Total        |        5850 |        2945 |           2945 |            4452 |
| Mahe        | HFC           | All                   |         108 |          19 |             19 |              62 |
| Mahe        | HFC           | Internet & Voice      |         349 |         162 |            162 |             313 |
| Mahe        | HFC           | Internet Only         |        3069 |        3051 |           3051 |            3066 |
| Mahe        | HFC           | TV & Internet         |        5444 |        2459 |           2459 |            4989 |
| Mahe        | HFC           | TV & Internet & OTT   |        1173 |         320 |            320 |             654 |
| Mahe        | HFC           | TV & Internet & Voice |         329 |          98 |             98 |             298 |
| Mahe        | HFC           | TV & OTT              |         250 |          37 |             37 |              52 |
| Mahe        | HFC           | TV & Voice            |          50 |          22 |             22 |              44 |
| Mahe        | HFC           | TV Only               |        8183 |        6388 |           6388 |            6532 |
| Mahe        | HFC           | Voice Only            |         171 |         170 |            170 |             171 |
| Mahe        | HFC           | Services Total        |       19126 |       12726 |          12726 |           16181 |
| Mahe        | Network Total | Services Total        |       24986 |       15677 |          15597 |           20639 |
| Praslin     | ADDON         | TV Only               |           4 |           4 |              4 |               4 |
| Praslin     | ADDON         | Services Total        |           4 |           4 |              4 |               4 |
| Praslin     | GPON          | All                   |          13 |           2 |              2 |               6 |
| Praslin     | GPON          | Internet & Voice      |          14 |           7 |              7 |              14 |
| Praslin     | GPON          | Internet Only         |         219 |         219 |            219 |             219 |
| Praslin     | GPON          | TV & Internet         |         859 |         378 |            378 |             780 |
| Praslin     | GPON          | TV & Internet & OTT   |         363 |         104 |            104 |             217 |
| Praslin     | GPON          | TV & Internet & Voice |          17 |           5 |              5 |              17 |
| Praslin     | GPON          | TV & OTT              |          22 |           9 |              9 |               9 |
| Praslin     | GPON          | TV & Voice            |           4 |           1 |              1 |               3 |
| Praslin     | GPON          | TV Only               |         392 |         275 |            275 |             293 |
| Praslin     | GPON          | Services Total        |        1903 |        1000 |           1000 |            1558 |
| Praslin     | HFC           | Internet Only         |           1 |           1 |              1 |               1 |
| Praslin     | HFC           | TV Only               |           5 |           3 |              3 |               3 |
| Praslin     | HFC           | Services Total        |           6 |           4 |              4 |               4 |
| Praslin     | Network Total | Services Total        |        1913 |        1008 |           1005 |            1566 |
| GRAND TOTAL | Network Total | Services Total        |       26899 |       16685 |          16599 |           22205 |
+-------------+---------------+-----------------------+-------------+-------------+----------------+-----------------+
44 rows in set (0.00 sec)

Query OK, 0 rows affected (0.06 sec)

Query OK, 26143 rows affected (0.44 sec)
Records: 26143  Duplicates: 0  Warnings: 0

Query OK, 0 rows affected (0.01 sec)

Query OK, 1974 rows affected (7.12 sec)
Records: 1974  Duplicates: 0  Warnings: 0

+--------------------------------------+
| message                              |
+--------------------------------------+
| running rcbill_my.sp_ActiveNumber2() |
+--------------------------------------+
1 row in set (0.02 sec)

Query OK, 365 rows affected (2 min 19.55 sec)

mysql> mysql \. C:\workspace\cloud\code\sql\_DailyScript\currenttime.sql
+---------------------+
| currenttime         |
+---------------------+
| 2020-01-03 16:42:16 |
+---------------------+
1 row in set (0.00 sec)

mysql> 
mysql> mysql \. C:\workspace\cloud\code\sql\_DailyScript\GetActiveNumbers Average -Pivot.sql
Database changed
+-------------------------------------+
| @today := subdate(current_date(),1) |
+-------------------------------------+
| 2020-01-02                          |
+-------------------------------------+
1 row in set (0.00 sec)

+-------------------------------------+
| @lastdayofmonth := last_day(@today) |
+-------------------------------------+
| 2020-01-31                          |
+-------------------------------------+
1 row in set (0.00 sec)

Query OK, 0 rows affected (0.03 sec)

Query OK, 35759 rows affected, 65535 warnings (52.92 sec)
Records: 35759  Duplicates: 0  Warnings: 72646

Query OK, 0 rows affected (0.08 sec)
Records: 0  Duplicates: 0  Warnings: 0

Query OK, 0 rows affected (0.10 sec)
Records: 0  Duplicates: 0  Warnings: 0

Query OK, 0 rows affected (0.09 sec)
Records: 0  Duplicates: 0  Warnings: 0

+-----------------+
| activenumberavg |
+-----------------+
|           35759 |
+-----------------+
1 row in set (0.00 sec)

Query OK, 0 rows affected (0.01 sec)

Query OK, 1814 rows affected (0.40 sec)
Records: 1814  Duplicates: 0  Warnings: 0

+---------------------+
| rep_activenumberavg |
+---------------------+
|                1814 |
+---------------------+
1 row in set (0.00 sec)

+----------------------+
| rep_activenumberavg1 |
+----------------------+
|                  858 |
+----------------------+
1 row in set (0.00 sec)

Query OK, 0 rows affected (0.00 sec)

Query OK, 1838 rows affected (0.35 sec)
Records: 1838  Duplicates: 0  Warnings: 0

Query OK, 0 rows affected (0.00 sec)

Query OK, 9337 rows affected (0.59 sec)
Records: 9337  Duplicates: 0  Warnings: 0

Query OK, 0 rows affected (0.00 sec)

Query OK, 0 rows affected (0.00 sec)

Query OK, 0 rows affected (0.00 sec)

Query OK, 0 rows affected (0.00 sec)

Query OK, 0 rows affected (0.00 sec)
Statement prepared

Query OK, 53 rows affected (0.05 sec)
Records: 53  Duplicates: 0  Warnings: 0

Query OK, 0 rows affected (0.00 sec)

Query OK, 0 rows affected (0.00 sec)

+----------------------+
| rep_activenumberavg2 |
+----------------------+
|                 1838 |
+----------------------+
1 row in set (0.00 sec)

+------------------------+
| rep_activenumberavg_pv |
+------------------------+
|                     53 |
+------------------------+
1 row in set (0.00 sec)

Query OK, 0 rows affected (0.02 sec)

Query OK, 1838 rows affected (0.30 sec)
Records: 1838  Duplicates: 0  Warnings: 0

Query OK, 0 rows affected (0.00 sec)

Query OK, 0 rows affected (0.00 sec)

Query OK, 0 rows affected (0.00 sec)

Query OK, 0 rows affected (0.00 sec)

Query OK, 0 rows affected (0.00 sec)
Statement prepared

Query OK, 53 rows affected (0.04 sec)
Records: 53  Duplicates: 0  Warnings: 0

Query OK, 0 rows affected (0.00 sec)

Query OK, 0 rows affected (0.00 sec)

+-------------------------+
| rep_activenumberavgMahe |
+-------------------------+
|                    1838 |
+-------------------------+
1 row in set (0.00 sec)

+----------------------------+
| rep_activenumberavgMahe_pv |
+----------------------------+
|                         53 |
+----------------------------+
1 row in set (0.00 sec)

Query OK, 0 rows affected (0.00 sec)

Query OK, 1176 rows affected (0.13 sec)
Records: 1176  Duplicates: 0  Warnings: 0

Query OK, 0 rows affected (0.00 sec)

Query OK, 0 rows affected (0.00 sec)

Query OK, 0 rows affected (0.00 sec)

Query OK, 0 rows affected (0.00 sec)

Query OK, 0 rows affected (0.01 sec)
Statement prepared

Query OK, 40 rows affected (0.02 sec)
Records: 40  Duplicates: 0  Warnings: 0

Query OK, 0 rows affected (0.00 sec)

Query OK, 0 rows affected (0.01 sec)

+----------------------------+
| rep_activenumberavgPraslin |
+----------------------------+
|                       1176 |
+----------------------------+
1 row in set (0.00 sec)

+-------------------------------+
| rep_activenumberavgPraslin_pv |
+-------------------------------+
|                            40 |
+-------------------------------+
1 row in set (0.00 sec)

mysql> mysql \. C:\workspace\cloud\code\sql\_DailyScript\currenttime.sql
+---------------------+
| currenttime         |
+---------------------+
| 2020-01-03 16:43:11 |
+---------------------+
1 row in set (0.00 sec)

mysql> 
mysql> mysql \. C:\workspace\cloud\code\sql\_DailyScript\budget_actual_analysis_2020.sql
Query OK, 0 rows affected (0.02 sec)

Query OK, 593 rows affected, 3 warnings (0.06 sec)
Records: 593  Duplicates: 0  Warnings: 3

+--------------------+
| budget_actual_2020 |
+--------------------+
|                593 |
+--------------------+
1 row in set (0.01 sec)

Query OK, 0 rows affected (0.00 sec)

Query OK, 47 rows affected (0.03 sec)
Records: 47  Duplicates: 0  Warnings: 0

+---------------------------+
| rep_budget_actual_2020_pv |
+---------------------------+
|                        47 |
+---------------------------+
1 row in set (0.02 sec)

mysql> mysql \. C:\workspace\cloud\code\sql\_DailyScript\currenttime.sql
+---------------------+
| currenttime         |
+---------------------+
| 2020-01-03 16:43:12 |
+---------------------+
1 row in set (0.00 sec)

mysql> 
mysql> mysql \. C:\workspace\cloud\code\sql\_DailyScript\reports-sales-addons-prepaid-camera.sql
Database changed
Query OK, 0 rows affected (0.00 sec)

Query OK, 3927 rows affected (0.23 sec)
Records: 3927  Duplicates: 0  Warnings: 0

Query OK, 0 rows affected (0.01 sec)

Query OK, 17975 rows affected (20.00 sec)
Records: 17975  Duplicates: 0  Warnings: 0

+--------------------+
| rep_prepaid_camera |
+--------------------+
|               3927 |
+--------------------+
1 row in set (0.02 sec)

+-----------+
| rep_addon |
+-----------+
|     17975 |
+-----------+
1 row in set (0.00 sec)

mysql> mysql \. C:\workspace\cloud\code\sql\_DailyScript\currenttime.sql
+---------------------+
| currenttime         |
+---------------------+
| 2020-01-03 16:43:32 |
+---------------------+
1 row in set (0.00 sec)

mysql> 
mysql> mysql \. C:\workspace\cloud\code\sql\_DailyScript\housing-estate-analysis.sql
Database changed
Query OK, 0 rows affected (0.00 sec)

Query OK, 2977 rows affected (1 min 11.48 sec)
Records: 2977  Duplicates: 0  Warnings: 0

+--------------------+
| rep_housingestates |
+--------------------+
|               2977 |
+--------------------+
1 row in set (0.00 sec)

mysql> mysql \. C:\workspace\cloud\code\sql\_DailyScript\currenttime.sql
+---------------------+
| currenttime         |
+---------------------+
| 2020-01-03 16:44:43 |
+---------------------+
1 row in set (0.00 sec)

mysql> 
mysql> mysql \. C:\workspace\cloud\code\sql\_DailyScript\RCB_ClientAnalyticsReport_Script.sql
Database changed
Query OK, 0 rows affected (0.00 sec)

Query OK, 0 rows affected (0.12 sec)

Query OK, 1800710 rows affected (1 min 24.77 sec)
Records: 1800710  Duplicates: 0  Warnings: 0

Query OK, 0 rows affected (8.95 sec)
Records: 0  Duplicates: 0  Warnings: 0

Query OK, 0 rows affected (4.89 sec)
Records: 0  Duplicates: 0  Warnings: 0

Query OK, 0 rows affected (8.43 sec)
Records: 0  Duplicates: 0  Warnings: 0

Query OK, 0 rows affected (9.78 sec)
Records: 0  Duplicates: 0  Warnings: 0

Query OK, 0 rows affected (10.22 sec)
Records: 0  Duplicates: 0  Warnings: 0

Query OK, 0 rows affected (9.70 sec)
Records: 0  Duplicates: 0  Warnings: 0

Query OK, 0 rows affected (0.00 sec)

Query OK, 462930 rows affected (16.19 sec)
Rows matched: 1800710  Changed: 462930  Warnings: 0

Query OK, 0 rows affected (0.02 sec)

Query OK, 27157 rows affected (3.69 sec)
Records: 27157  Duplicates: 0  Warnings: 0

Query OK, 0 rows affected (0.02 sec)

Query OK, 43004 rows affected (10 min 6.16 sec)
Records: 43004  Duplicates: 0  Warnings: 0

Query OK, 0 rows affected (0.32 sec)
Records: 0  Duplicates: 0  Warnings: 0

Query OK, 0 rows affected (0.13 sec)
Records: 0  Duplicates: 0  Warnings: 0

Query OK, 0 rows affected (0.09 sec)
Records: 0  Duplicates: 0  Warnings: 0

Query OK, 0 rows affected (0.01 sec)

Query OK, 433954 rows affected (11 min 57.27 sec)
Records: 433954  Duplicates: 0  Warnings: 0

Query OK, 0 rows affected (1.58 sec)
Records: 0  Duplicates: 0  Warnings: 0

Query OK, 0 rows affected (1.55 sec)
Records: 0  Duplicates: 0  Warnings: 0

Query OK, 0 rows affected (0.82 sec)
Records: 0  Duplicates: 0  Warnings: 0

Query OK, 0 rows affected (2.49 sec)
Records: 0  Duplicates: 0  Warnings: 0

Query OK, 0 rows affected (2.27 sec)
Records: 0  Duplicates: 0  Warnings: 0

Query OK, 0 rows affected (0.12 sec)

Query OK, 43004 rows affected (1 min 25.68 sec)
Records: 43004  Duplicates: 0  Warnings: 0

+--------------+
| clientreport |
+--------------+
|        43004 |
+--------------+
1 row in set (0.02 sec)

Query OK, 0 rows affected (0.04 sec)

Query OK, 43004 rows affected (5.66 sec)
Records: 43004  Duplicates: 0  Warnings: 0

+----------------------+
| clientextendedreport |
+----------------------+
|                43004 |
+----------------------+
1 row in set (0.02 sec)

Query OK, 0 rows affected (0.01 sec)

Query OK, 43004 rows affected (40.54 sec)
Records: 43004  Duplicates: 0  Warnings: 0

+---------+
| allcust |
+---------+
|   43004 |
+---------+
1 row in set (0.02 sec)

Query OK, 0 rows affected, 1 warning (0.00 sec)

Query OK, 5000 rows affected (0.14 sec)
Records: 5000  Duplicates: 0  Warnings: 0

Query OK, 0 rows affected (0.03 sec)

Query OK, 6866 rows affected (0.28 sec)
Records: 6866  Duplicates: 0  Warnings: 0

Query OK, 0 rows affected, 1 warning (0.02 sec)

Query OK, 5000 rows affected (0.13 sec)
Records: 5000  Duplicates: 0  Warnings: 0

Query OK, 0 rows affected (0.02 sec)

Query OK, 7284 rows affected (0.16 sec)
Records: 7284  Duplicates: 0  Warnings: 0

mysql> mysql \. C:\workspace\cloud\code\sql\_DailyScript\currenttime.sql
+---------------------+
| currenttime         |
+---------------------+
| 2020-01-03 17:11:46 |
+---------------------+
1 row in set (0.00 sec)

mysql> 
mysql> 
mysql> mysql \. C:\workspace\cloud\code\sql\Analysis\service_tickets_assignments.sql
Query OK, 0 rows affected (0.00 sec)

Query OK, 51 rows affected (3.04 sec)
Records: 51  Duplicates: 0  Warnings: 0

+-------------------------+
| rep_servicetickets_2020 |
+-------------------------+
|                      51 |
+-------------------------+
1 row in set (0.00 sec)

mysql> mysql \. C:\workspace\cloud\code\sql\_DailyScript\currenttime.sql
+---------------------+
| currenttime         |
+---------------------+
| 2020-01-03 17:11:49 |
+---------------------+
1 row in set (0.00 sec)

mysql> 
mysql> 
mysql> exit
