    -> 
    -> mysql \. C:\workspace\cloud\code\sql\_DailyScript\_setdates.sql
Database changed
Query OK, 0 rows affected (0.00 sec)

Query OK, 0 rows affected (0.00 sec)

Query OK, 0 rows affected (0.00 sec)

Query OK, 0 rows affected (0.00 sec)

Query OK, 0 rows affected (0.00 sec)

Query OK, 0 rows affected (0.00 sec)

Query OK, 0 rows affected (0.00 sec)

Query OK, 0 rows affected (0.00 sec)

Query OK, 0 rows affected (0.00 sec)

Query OK, 0 rows affected (0.00 sec)

Query OK, 0 rows affected (0.00 sec)

Query OK, 0 rows affected (0.00 sec)

Query OK, 0 rows affected (0.00 sec)

Query OK, 0 rows affected (0.00 sec)

Query OK, 0 rows affected (0.00 sec)

Query OK, 0 rows affected (0.00 sec)

Query OK, 0 rows affected (0.00 sec)

Query OK, 0 rows affected (0.00 sec)

Query OK, 0 rows affected (0.00 sec)

Query OK, 0 rows affected (0.00 sec)

Query OK, 0 rows affected (0.00 sec)

mysql> mysql \. C:\workspace\cloud\code\sql\_DailyScript\currenttime.sql
+---------------------+
| currenttime         |
+---------------------+
| 2020-06-04 09:38:34 |
+---------------------+
1 row in set (0.00 sec)

mysql> 
mysql> mysql \. C:\workspace\cloud\code\sql\_DailyScript\load_RCB_VODTITLES.sql
Database changed
Query OK, 0 rows affected (0.00 sec)

Query OK, 11034 rows affected (0.09 sec)

Query OK, 11036 rows affected, 11036 warnings (0.27 sec)
Records: 11036  Deleted: 0  Skipped: 0  Warnings: 11036

Query OK, 0 rows affected (0.00 sec)

Query OK, 2 rows affected (0.00 sec)

+-----------+
| VODTITLES |
+-----------+
|     11494 |
+-----------+
1 row in set (0.01 sec)

+-----------+-----------+
| titletype | typecount |
+-----------+-----------+
| E         |      9173 |
| N         |       213 |
| T         |      1648 |
| NULL      |     11034 |
+-----------+-----------+
4 rows in set (0.03 sec)

mysql> mysql \. C:\workspace\cloud\code\sql\_DailyScript\currenttime.sql
+---------------------+
| currenttime         |
+---------------------+
| 2020-06-04 09:38:34 |
+---------------------+
1 row in set (0.01 sec)

mysql> 
mysql> mysql \. C:\workspace\cloud\code\sql\_DailyScript\DAILY-SCRIPT-LIVETV-STATS.sql
Database changed
Query OK, 0 rows affected (0.01 sec)

Query OK, 72144 rows affected (0.71 sec)
Records: 72144  Duplicates: 0  Warnings: 0

+------------+------------+----------+--------------+--------------+-----------+-------------+----------+--------+------+------------+---------+---------------+
| Table      | Non_unique | Key_name | Seq_in_index | Column_name  | Collation | Cardinality | Sub_part | Packed | Null | Index_type | Comment | Index_comment |
+------------+------------+----------+--------------+--------------+-----------+-------------+----------+--------+------+------------+---------+---------------+
| templivetv |          1 | idxtv1   |            1 | device       | A         |       71970 |     NULL | NULL   | YES  | BTREE      |         |               |
| templivetv |          1 | idxtv2   |            1 | sessionstart | A         |       71970 |     NULL | NULL   | YES  | BTREE      |         |               |
+------------+------------+----------+--------------+--------------+-----------+-------------+----------+--------+------+------------+---------+---------------+
2 rows in set (0.00 sec)

Query OK, 72022 rows affected (8.14 sec)
Records: 72022  Duplicates: 0  Warnings: 0

Query OK, 2616 rows affected (0.48 sec)
Records: 2616  Duplicates: 0  Warnings: 0

Query OK, 0 rows affected (0.00 sec)

Query OK, 0 rows affected (0.00 sec)

Query OK, 134 rows affected (0.04 sec)
Records: 134  Duplicates: 0  Warnings: 0

Query OK, 0 rows affected (0.01 sec)

Query OK, 20633 rows affected (1 min 31.14 sec)
Records: 20633  Duplicates: 0  Warnings: 0

+-----------------+
| rep_livetvstats |
+-----------------+
|           20633 |
+-----------------+
1 row in set (0.01 sec)

mysql> mysql \. C:\workspace\cloud\code\sql\_DailyScript\currenttime.sql
+---------------------+
| currenttime         |
+---------------------+
| 2020-06-04 09:40:15 |
+---------------------+
1 row in set (0.00 sec)

mysql> 
mysql> mysql \. C:\workspace\cloud\code\sql\_DailyScript\DAILY-SCRIPT-VODTS-STATS.sql
Database changed
Query OK, 0 rows affected (0.03 sec)

Query OK, 3103 rows affected (10.39 sec)
Records: 3103  Duplicates: 0  Warnings: 0

+---------+------------+----------+--------------+--------------+-----------+-------------+----------+--------+------+------------+---------+---------------+
| Table   | Non_unique | Key_name | Seq_in_index | Column_name  | Collation | Cardinality | Sub_part | Packed | Null | Index_type | Comment | Index_comment |
+---------+------------+----------+--------------+--------------+-----------+-------------+----------+--------+------+------------+---------+---------------+
| tempvod |          1 | idxtvod1 |            1 | device       | A         |        3221 |     NULL | NULL   | YES  | BTREE      |         |               |
| tempvod |          1 | idxtvod2 |            1 | sessionstart | A         |        3221 |     NULL | NULL   | YES  | BTREE      |         |               |
+---------+------------+----------+--------------+--------------+-----------+-------------+----------+--------+------+------------+---------+---------------+
2 rows in set (0.00 sec)

Query OK, 3096 rows affected (2.06 sec)
Records: 3096  Duplicates: 0  Warnings: 0

Query OK, 0 rows affected (0.00 sec)

Query OK, 672560 rows affected (52.27 sec)
Records: 672560  Duplicates: 0  Warnings: 0

+--------------+
| rep_vodstats |
+--------------+
|       672560 |
+--------------+
1 row in set (0.19 sec)

Database changed
Query OK, 0 rows affected (0.01 sec)

Query OK, 14019 rows affected (32.68 sec)
Records: 14019  Duplicates: 0  Warnings: 0

+--------+------------+----------+--------------+--------------+-----------+-------------+----------+--------+------+------------+---------+---------------+
| Table  | Non_unique | Key_name | Seq_in_index | Column_name  | Collation | Cardinality | Sub_part | Packed | Null | Index_type | Comment | Index_comment |
+--------+------------+----------+--------------+--------------+-----------+-------------+----------+--------+------+------------+---------+---------------+
| tempts |          1 | idxtts1  |            1 | device       | A         |       14170 |     NULL | NULL   | YES  | BTREE      |         |               |
| tempts |          1 | idxtts2  |            1 | sessionstart | A         |       14170 |     NULL | NULL   | YES  | BTREE      |         |               |
+--------+------------+----------+--------------+--------------+-----------+-------------+----------+--------+------+------------+---------+---------------+
2 rows in set (0.00 sec)

Query OK, 13960 rows affected (9.93 sec)
Records: 13960  Duplicates: 0  Warnings: 0

Query OK, 0 rows affected (0.00 sec)

Query OK, 34616 rows affected (32.93 sec)
Records: 34616  Duplicates: 0  Warnings: 0

+-------------+
| rep_tsstats |
+-------------+
|       34616 |
+-------------+
1 row in set (0.02 sec)

mysql> mysql \. C:\workspace\cloud\code\sql\_DailyScript\currenttime.sql
+---------------------+
| currenttime         |
+---------------------+
| 2020-06-04 09:42:35 |
+---------------------+
1 row in set (0.00 sec)

mysql> 
mysql> mysql \. C:\workspace\cloud\code\sql\_DailyScript\DAILY-SCRIPT-RADIO-STATS.sql
Database changed
Query OK, 0 rows affected (0.00 sec)

Query OK, 264983 rows affected (2.79 sec)
Records: 264983  Duplicates: 0  Warnings: 0

+-----------+------------+----------+--------------+--------------+-----------+-------------+----------+--------+------+------------+---------+---------------+
| Table     | Non_unique | Key_name | Seq_in_index | Column_name  | Collation | Cardinality | Sub_part | Packed | Null | Index_type | Comment | Index_comment |
+-----------+------------+----------+--------------+--------------+-----------+-------------+----------+--------+------+------------+---------+---------------+
| tempradio |          1 | idxtrad1 |            1 | device       | A         |      267135 |     NULL | NULL   | YES  | BTREE      |         |               |
| tempradio |          1 | idxtrad2 |            1 | sessionstart | A         |      267135 |     NULL | NULL   | YES  | BTREE      |         |               |
+-----------+------------+----------+--------------+--------------+-----------+-------------+----------+--------+------+------------+---------+---------------+
2 rows in set (0.00 sec)

Query OK, 154 rows affected (0.89 sec)
Records: 154  Duplicates: 0  Warnings: 0

Query OK, 0 rows affected (0.01 sec)

Query OK, 4692 rows affected (0.34 sec)
Records: 4692  Duplicates: 0  Warnings: 0

+----------------+
| rep_radiostats |
+----------------+
|           4692 |
+----------------+
1 row in set (0.00 sec)

mysql> mysql \. C:\workspace\cloud\code\sql\_DailyScript\currenttime.sql
+---------------------+
| currenttime         |
+---------------------+
| 2020-06-04 09:42:39 |
+---------------------+
1 row in set (0.00 sec)

mysql> 
mysql> mysql \. C:\workspace\cloud\code\sql\_DailyScript\DAILY_SCRIPT_TELEMETRY_PIVOT_2020.sql
Query OK, 0 rows affected (0.00 sec)

Query OK, 144 rows affected (0.13 sec)
Records: 144  Duplicates: 0  Warnings: 0

Query OK, 0 rows affected (0.00 sec)

Query OK, 9573 rows affected (1.77 sec)
Records: 9573  Duplicates: 0  Warnings: 0

Query OK, 0 rows affected (0.00 sec)

Query OK, 8 rows affected (0.02 sec)
Records: 8  Duplicates: 0  Warnings: 0

Query OK, 0 rows affected (0.00 sec)

Query OK, 47 rows affected (0.06 sec)
Records: 47  Duplicates: 0  Warnings: 0

mysql> mysql \. C:\workspace\cloud\code\sql\_DailyScript\currenttime.sql
+---------------------+
| currenttime         |
+---------------------+
| 2020-06-04 09:42:41 |
+---------------------+
1 row in set (0.00 sec)

mysql> 
mysql> mysql \. C:\workspace\cloud\code\sql\_DailyScript\telemetry_livetv_ranking2020.sql
Query OK, 0 rows affected (0.02 sec)

Query OK, 144 rows affected (0.02 sec)
Records: 144  Duplicates: 0  Warnings: 0

mysql> mysql \. C:\workspace\cloud\code\sql\_DailyScript\currenttime.sql
+---------------------+
| currenttime         |
+---------------------+
| 2020-06-04 09:42:41 |
+---------------------+
1 row in set (0.00 sec)

mysql> 
mysql> mysql \. C:\workspace\cloud\code\sql\_DailyScript\telemetry_radio_ranking2020.sql
Query OK, 0 rows affected (0.01 sec)

Query OK, 8 rows affected (0.00 sec)
Records: 8  Duplicates: 0  Warnings: 0

mysql> mysql \. C:\workspace\cloud\code\sql\_DailyScript\currenttime.sql
+---------------------+
| currenttime         |
+---------------------+
| 2020-06-04 09:42:41 |
+---------------------+
1 row in set (0.00 sec)

mysql> 
mysql> mysql \. C:\workspace\cloud\code\sql\_DailyScript\telemetry_ts_ranking2020.sql
Query OK, 0 rows affected (0.00 sec)

Query OK, 47 rows affected (0.03 sec)
Records: 47  Duplicates: 0  Warnings: 0

mysql> mysql \. C:\workspace\cloud\code\sql\_DailyScript\currenttime.sql
+---------------------+
| currenttime         |
+---------------------+
| 2020-06-04 09:42:41 |
+---------------------+
1 row in set (0.00 sec)

mysql> 
mysql> mysql \. C:\workspace\cloud\code\sql\_DailyScript\telemetry_vod_ranking2020.sql
Query OK, 0 rows affected (0.00 sec)

Query OK, 9573 rows affected (0.42 sec)
Records: 9573  Duplicates: 0  Warnings: 0

mysql> mysql \. C:\workspace\cloud\code\sql\_DailyScript\currenttime.sql
+---------------------+
| currenttime         |
+---------------------+
| 2020-06-04 09:42:42 |
+---------------------+
1 row in set (0.00 sec)

mysql> 
mysql> mysql \. C:\workspace\cloud\code\sql\_DailyScript\telemetry_vod_ranking2020_1.sql
Query OK, 0 rows affected (0.01 sec)

Query OK, 9573 rows affected (0.23 sec)
Records: 9573  Duplicates: 0  Warnings: 0

mysql> mysql \. C:\workspace\cloud\code\sql\_DailyScript\currenttime.sql
+---------------------+
| currenttime         |
+---------------------+
| 2020-06-04 09:42:42 |
+---------------------+
1 row in set (0.00 sec)

mysql> 
mysql> mysql \. C:\workspace\cloud\code\sql\_DailyScript\telemetry_vod_ranking2020_2.sql
Query OK, 0 rows affected (0.01 sec)

Query OK, 9573 rows affected (0.22 sec)
Records: 9573  Duplicates: 0  Warnings: 0

mysql> mysql \. C:\workspace\cloud\code\sql\_DailyScript\currenttime.sql
+---------------------+
| currenttime         |
+---------------------+
| 2020-06-04 09:42:42 |
+---------------------+
1 row in set (0.00 sec)

mysql> 
mysql> 
mysql> 
mysql> 
mysql> mysql \. C:\workspace\cloud\code\sql\_DailyScript\ticket_analysis.sql
Database changed
Query OK, 0 rows affected (0.05 sec)

Query OK, 623277 rows affected (21.47 sec)
Records: 623277  Duplicates: 0  Warnings: 0

Query OK, 0 rows affected (4.02 sec)
Records: 0  Duplicates: 0  Warnings: 0

Query OK, 0 rows affected (1.68 sec)
Records: 0  Duplicates: 0  Warnings: 0

Query OK, 0 rows affected (1.57 sec)
Records: 0  Duplicates: 0  Warnings: 0

Query OK, 0 rows affected (0.01 sec)

Query OK, 20418 rows affected (10.09 sec)
Records: 20418  Duplicates: 0  Warnings: 0

Query OK, 0 rows affected, 1 warning (0.00 sec)

Query OK, 87803 rows affected (5.81 sec)
Records: 87803  Duplicates: 0  Warnings: 0

Query OK, 0 rows affected, 1 warning (0.00 sec)

Query OK, 451208 rows affected (11.21 sec)
Records: 451208  Duplicates: 0  Warnings: 0

Query OK, 0 rows affected, 1 warning (0.00 sec)

Query OK, 451208 rows affected (11.85 sec)
Records: 451208  Duplicates: 0  Warnings: 0

Query OK, 0 rows affected (0.03 sec)

Query OK, 87873 rows affected (4.10 sec)
Records: 87873  Duplicates: 0  Warnings: 0

Database changed
Query OK, 0 rows affected (0.00 sec)

Query OK, 0 rows affected (0.04 sec)

Query OK, 623277 rows affected (17.99 sec)
Records: 623277  Duplicates: 0  Warnings: 0

Query OK, 0 rows affected (0.02 sec)

Query OK, 311902 rows affected (13.41 sec)
Records: 311902  Duplicates: 0  Warnings: 0

+--------------------------+
| clientticket_cmmtjourney |
+--------------------------+
|                   623277 |
+--------------------------+
1 row in set (2.03 sec)

+---------------------------+
| clientticket_assgnjourney |
+---------------------------+
|                    311902 |
+---------------------------+
1 row in set (0.33 sec)

Query OK, 0 rows affected (0.01 sec)

Query OK, 75 rows affected (0.09 sec)
Records: 75  Duplicates: 0  Warnings: 0

mysql> mysql \. C:\workspace\cloud\code\sql\_DailyScript\currenttime.sql
+---------------------+
| currenttime         |
+---------------------+
| 2020-06-04 09:44:28 |
+---------------------+
1 row in set (0.00 sec)

mysql> 
mysql> mysql \. C:\workspace\cloud\code\sql\_DailyScript\load_DailyCalls.sql
Database changed
Query OK, 378 rows affected (0.13 sec)
Records: 378  Deleted: 0  Skipped: 0  Warnings: 0

Query OK, 0 rows affected, 1 warning (0.00 sec)

Query OK, 364 rows affected (0.03 sec)
Records: 364  Duplicates: 0  Warnings: 0

Query OK, 0 rows affected, 1 warning (0.00 sec)

Query OK, 66984 rows affected (0.31 sec)
Records: 66984  Duplicates: 0  Warnings: 0

+----------------------+
| callingclientsbefore |
+----------------------+
|               932379 |
+----------------------+
1 row in set (0.35 sec)

Query OK, 586 rows affected (7.25 sec)
Records: 586  Duplicates: 0  Warnings: 0

+---------------------+
| callingclientsafter |
+---------------------+
|              932965 |
+---------------------+
1 row in set (0.24 sec)

Query OK, 0 rows affected (0.01 sec)

Query OK, 274 rows affected (3.11 sec)
Records: 274  Duplicates: 0  Warnings: 0

Query OK, 0 rows affected (0.00 sec)

Query OK, 18728 rows affected (2.70 sec)
Records: 18728  Duplicates: 0  Warnings: 0

+-----------+
| callstats |
+-----------+
|     18728 |
+-----------+
1 row in set (0.02 sec)

Query OK, 0 rows affected, 1 warning (0.00 sec)

Query OK, 586 rows affected (2.15 sec)
Records: 586  Duplicates: 0  Warnings: 0

+------------------------+
| rep_cccallreportbefore |
+------------------------+
|                 936946 |
+------------------------+
1 row in set (0.32 sec)

Query OK, 586 rows affected (0.14 sec)
Records: 586  Duplicates: 0  Warnings: 0

+-----------------------+
| rep_cccallreportafter |
+-----------------------+
|                937532 |
+-----------------------+
1 row in set (0.25 sec)

Query OK, 0 rows affected (0.01 sec)

mysql> mysql \. C:\workspace\cloud\code\sql\_DailyScript\currenttime.sql
+---------------------+
| currenttime         |
+---------------------+
| 2020-06-04 09:44:45 |
+---------------------+
1 row in set (0.00 sec)

mysql> 
mysql> mysql \. C:\workspace\cloud\code\sql\_DailyScript\DAILY-SCRIPT-USAGE.sql
Database changed
Query OK, 0 rows affected (0.00 sec)

Query OK, 8703 rows affected, 25209 warnings (1.37 sec)
Records: 8703  Deleted: 0  Skipped: 0  Warnings: 25209

Query OK, 0 rows affected (0.00 sec)

Query OK, 12932 rows affected, 37521 warnings (1.72 sec)
Records: 12932  Deleted: 0  Skipped: 0  Warnings: 37521

Query OK, 0 rows affected (0.00 sec)

Query OK, 360 rows affected, 1263 warnings (0.03 sec)
Records: 360  Deleted: 0  Skipped: 0  Warnings: 1263

Query OK, 0 rows affected (0.00 sec)

Query OK, 177 rows affected, 610 warnings (0.05 sec)
Records: 177  Deleted: 0  Skipped: 0  Warnings: 610

+------------+
| dailyusage |
+------------+
|   12539927 |
+------------+
1 row in set (4.83 sec)

+------------+------------+------------+---------+
| datestart  | dateend    | insertedon | records |
+------------+------------+------------+---------+
| 2020-06-02 | 2020-06-02 | 2020-06-04 |   22172 |
| 2020-06-01 | 2020-06-01 | 2020-06-02 |     248 |
| 2020-05-31 | 2020-05-31 | 2020-06-02 |     239 |
| 2020-05-30 | 2020-05-30 | 2020-06-02 |     245 |
| 2020-05-29 | 2020-05-29 | 2020-06-02 |   20415 |
+------------+------------+------------+---------+
5 rows in set (23.71 sec)

mysql> mysql \. C:\workspace\cloud\code\sql\_DailyScript\currenttime.sql
+---------------------+
| currenttime         |
+---------------------+
| 2020-06-04 09:45:17 |
+---------------------+
1 row in set (0.00 sec)

mysql> 
mysql> mysql \. C:\workspace\cloud\code\sql\_DailyScript\DAILY-SCRIPT-SALES-TELEMETRY.sql
Database changed
Query OK, 147 rows affected, 87 warnings (0.04 sec)
Records: 147  Deleted: 0  Skipped: 0  Warnings: 87

+------------+
| dailysales |
+------------+
|     197280 |
+------------+
1 row in set (0.22 sec)

Query OK, 0 rows affected (0.01 sec)

Query OK, 197280 rows affected (11.95 sec)
Records: 197280  Duplicates: 0  Warnings: 0

+--------+
| sales  |
+--------+
| 197280 |
+--------+
1 row in set (0.08 sec)

Query OK, 0 rows affected (0.01 sec)

Query OK, 3167 rows affected (0.32 sec)
Records: 3167  Duplicates: 0  Warnings: 0

+----------------+
| rep_dailysales |
+----------------+
|           3167 |
+----------------+
1 row in set (0.00 sec)

Query OK, 0 rows affected (0.01 sec)

Query OK, 3167 rows affected (0.47 sec)
Records: 3167  Duplicates: 0  Warnings: 0

+-------------------+
| rep_dailysalesreg |
+-------------------+
|              3167 |
+-------------------+
1 row in set (0.00 sec)

Query OK, 0 rows affected (0.01 sec)

Query OK, 2739 rows affected (0.62 sec)
Records: 2739  Duplicates: 0  Warnings: 0

+-----------+
| saleslist |
+-----------+
|      2739 |
+-----------+
1 row in set (0.00 sec)

Database changed
Query OK, 2 rows affected (0.01 sec)
Records: 2  Deleted: 0  Skipped: 0  Warnings: 0

+------------------+
| dailysinglesales |
+------------------+
|             6276 |
+------------------+
1 row in set (0.01 sec)

Database changed
ERROR 2 (HY000): File 'C:\ProgramData\MySQL\MySQL Server 5.7\Uploads\_csv\Sales-Addon-02062020.csv' not found (Errcode: 2 - No such file or directory)
+-----------------+
| dailyaddonsales |
+-----------------+
|           19578 |
+-----------------+
1 row in set (0.04 sec)

Query OK, 209 rows affected (0.04 sec)
Records: 209  Deleted: 0  Skipped: 0  Warnings: 0

+----------------+
| onlinepayments |
+----------------+
|         102352 |
+----------------+
1 row in set (0.07 sec)

+-------------+----------------+---------------------+
| paymentdate | onlinepayments | onlinepaymentamount |
+-------------+----------------+---------------------+
| 2020-06-02  |            209 |        147317.39000 |
| 2020-06-01  |            299 |        217455.98000 |
| 2020-05-31  |            165 |        116993.95000 |
| 2020-05-30  |            171 |        116376.84000 |
| 2020-05-29  |            204 |        135773.68000 |
+-------------+----------------+---------------------+
5 rows in set (0.28 sec)

+-------------+--------------+----------------+---------------------+
| paymentyear | paymentmonth | onlinepayments | onlinepaymentamount |
+-------------+--------------+----------------+---------------------+
|        2020 |            6 |            508 |        364773.37000 |
|        2020 |            5 |           6399 |       4169369.14000 |
|        2020 |            4 |           7837 |       4979458.33000 |
|        2020 |            3 |           4932 |       3198124.05000 |
|        2020 |            2 |           3434 |       2334711.58000 |
+-------------+--------------+----------------+---------------------+
5 rows in set (0.10 sec)

mysql> mysql \. C:\workspace\cloud\code\sql\_DailyScript\currenttime.sql
+---------------------+
| currenttime         |
+---------------------+
| 2020-06-04 09:45:31 |
+---------------------+
1 row in set (0.00 sec)

mysql> 
mysql> mysql \. C:\workspace\cloud\code\sql\_DailyScript\DAILY-SCRIPT-ACTIVENUMBERS.sql
Database changed
Query OK, 1160 rows affected (0.47 sec)
Records: 1160  Deleted: 0  Skipped: 0  Warnings: 0

+------------+----------+
| period     | count(1) |
+------------+----------+
| 2020-06-02 |     1160 |
| 2020-06-01 |     1161 |
| 2020-05-31 |     1161 |
| 2020-05-30 |     1160 |
| 2020-05-29 |     1163 |
+------------+----------+
5 rows in set (0.01 sec)

Query OK, 0 rows affected (0.01 sec)

Query OK, 79 rows affected (1.33 sec)
Records: 79  Duplicates: 0  Warnings: 0

+-------------+
| packagelist |
+-------------+
|          79 |
+-------------+
1 row in set (0.00 sec)

Database changed
Query OK, 0 rows affected (0.00 sec)

Query OK, 0 rows affected (0.00 sec)

Query OK, 0 rows affected (0.00 sec)

Query OK, 0 rows affected (0.00 sec)

Query OK, 27490 rows affected, 249 warnings (21.42 sec)
Records: 27490  Deleted: 0  Skipped: 0  Warnings: 249

+------------+----------+
| period     | count(1) |
+------------+----------+
| 2020-06-02 |    27490 |
| 2020-06-01 |    27539 |
| 2020-05-31 |    27431 |
| 2020-05-30 |    27372 |
| 2020-05-29 |    27491 |
+------------+----------+
5 rows in set (0.14 sec)

Query OK, 0 rows affected (0.02 sec)

Query OK, 26896 rows affected (44.27 sec)
Records: 26896  Duplicates: 0  Warnings: 0

Query OK, 0 rows affected (0.13 sec)
Records: 0  Duplicates: 0  Warnings: 0

Query OK, 0 rows affected (0.10 sec)
Records: 0  Duplicates: 0  Warnings: 0

Query OK, 0 rows affected (0.10 sec)
Records: 0  Duplicates: 0  Warnings: 0

Query OK, 0 rows affected (0.10 sec)
Records: 0  Duplicates: 0  Warnings: 0

Query OK, 0 rows affected (0.07 sec)
Records: 0  Duplicates: 0  Warnings: 0

Query OK, 0 rows affected (0.07 sec)
Records: 0  Duplicates: 0  Warnings: 0

+-------------+
| countbefore |
+-------------+
|    36334991 |
+-------------+
1 row in set (12.94 sec)

Query OK, 26896 rows affected (5.48 sec)
Records: 26896  Duplicates: 0  Warnings: 0

+------------+
| countafter |
+------------+
|   36361887 |
+------------+
1 row in set (12.70 sec)

+------------+--------------------------+
| period     | customercontractactivity |
+------------+--------------------------+
| 2020-06-02 |                    26896 |
| 2020-06-01 |                    26944 |
| 2020-05-31 |                    26837 |
| 2020-05-30 |                    26778 |
| 2020-05-29 |                    26894 |
+------------+--------------------------+
5 rows in set (0.05 sec)

Query OK, 0 rows affected (0.02 sec)

Query OK, 266720 rows affected (6 min 24.82 sec)
Records: 266720  Duplicates: 0  Warnings: 0

Query OK, 0 rows affected (0.89 sec)
Records: 0  Duplicates: 0  Warnings: 0

Query OK, 0 rows affected (1.03 sec)
Records: 0  Duplicates: 0  Warnings: 0

Query OK, 0 rows affected (1.13 sec)
Records: 0  Duplicates: 0  Warnings: 0

Query OK, 0 rows affected (0.01 sec)

Query OK, 230 rows affected (0.42 sec)
Records: 230  Duplicates: 0  Warnings: 0

Query OK, 0 rows affected (0.01 sec)

Query OK, 2549 rows affected (0.55 sec)
Records: 2549  Duplicates: 0  Warnings: 0

Query OK, 0 rows affected (0.01 sec)

Query OK, 26879 rows affected (0.52 sec)
Records: 26879  Duplicates: 0  Warnings: 0

Query OK, 0 rows affected (0.00 sec)

Query OK, 17057 rows affected (0.35 sec)
Records: 17057  Duplicates: 0  Warnings: 0

Query OK, 0 rows affected (0.01 sec)

Query OK, 17057 rows affected (0.11 sec)
Records: 17057  Duplicates: 0  Warnings: 0

Query OK, 0 rows affected (0.01 sec)

Query OK, 17057 rows affected (1.07 sec)
Records: 17057  Duplicates: 0  Warnings: 0

Query OK, 0 rows affected (0.01 sec)

Query OK, 17057 rows affected (42.69 sec)
Records: 17057  Duplicates: 0  Warnings: 0

+-------------+
| clientstats |
+-------------+
|       17057 |
+-------------+
1 row in set (0.01 sec)

Query OK, 0 rows affected (0.01 sec)

Query OK, 12 rows affected, 1 warning (0.09 sec)
Records: 12  Duplicates: 0  Warnings: 1

+-----------------------+-------------+-------------+----------------+-----------------+
| services              | activecount | allaccounts | uniqueaccounts | uniquecontracts |
+-----------------------+-------------+-------------+----------------+-----------------+
| All                   |         293 |          49 |             49 |             157 |
| Internet & Voice      |         410 |         186 |            186 |             365 |
| Internet Only         |        4341 |        4251 |           4242 |            4290 |
| OTT Only              |           2 |           2 |              2 |               2 |
| TV & Internet         |        9199 |        4136 |           4128 |            8383 |
| TV & Internet & OTT   |        2900 |         760 |            760 |            1568 |
| TV & Internet & Voice |         499 |         150 |            150 |             455 |
| TV & OTT              |         318 |          62 |             61 |              80 |
| TV & Voice            |          84 |          38 |             38 |              79 |
| TV Only               |        9377 |        7272 |           7262 |            7466 |
| Voice Only            |         152 |         151 |            151 |             152 |
| GRAND TOTAL           |       27575 |       17057 |          16978 |           22997 |
+-----------------------+-------------+-------------+----------------+-----------------+
12 rows in set (0.00 sec)

+-------------+-------------+-------------+----------------+-----------------+
| network     | activecount | allaccounts | uniqueaccounts | uniquecontracts |
+-------------+-------------+-------------+----------------+-----------------+
| ADDON       |          13 |          10 |             10 |              10 |
| GPON        |        8693 |        4404 |           4401 |            6849 |
| HFC         |       18869 |       12643 |          12643 |           16138 |
| GRAND TOTAL |       27575 |       17057 |          16978 |           22997 |
+-------------+-------------+-------------+----------------+-----------------+
4 rows in set, 1 warning (0.12 sec)

+-------------+-----------------------+-------------+-------------+----------------+-----------------+
| network     | services              | activecount | allaccounts | uniqueaccounts | uniquecontracts |
+-------------+-----------------------+-------------+-------------+----------------+-----------------+
| ADDON       | OTT Only              |           2 |           2 |              2 |               2 |
| ADDON       | TV & OTT              |           4 |           1 |              1 |               1 |
| ADDON       | TV Only               |           7 |           7 |              7 |               7 |
| ADDON       | Services Total        |          13 |          10 |             10 |              10 |
| GPON        | All                   |         155 |          26 |             26 |              83 |
| GPON        | Internet & Voice      |          66 |          27 |             27 |              56 |
| GPON        | Internet Only         |        1120 |        1047 |           1047 |            1071 |
| GPON        | TV & Internet         |        3681 |        1610 |           1610 |            3292 |
| GPON        | TV & Internet & OTT   |        1667 |         426 |            426 |             886 |
| GPON        | TV & Internet & Voice |         192 |          57 |             57 |             175 |
| GPON        | TV & OTT              |          77 |          24 |             24 |              28 |
| GPON        | TV & Voice            |          36 |          15 |             15 |              32 |
| GPON        | TV Only               |        1683 |        1156 |           1156 |            1210 |
| GPON        | Voice Only            |          16 |          16 |             16 |              16 |
| GPON        | Services Total        |        8693 |        4404 |           4401 |            6849 |
| HFC         | All                   |         138 |          23 |             23 |              74 |
| HFC         | Internet & Voice      |         344 |         159 |            159 |             309 |
| HFC         | Internet Only         |        3221 |        3204 |           3204 |            3219 |
| HFC         | TV & Internet         |        5518 |        2526 |           2526 |            5091 |
| HFC         | TV & Internet & OTT   |        1233 |         334 |            334 |             682 |
| HFC         | TV & Internet & Voice |         307 |          93 |             93 |             280 |
| HFC         | TV & OTT              |         237 |          37 |             37 |              51 |
| HFC         | TV & Voice            |          48 |          23 |             23 |              47 |
| HFC         | TV Only               |        7687 |        6109 |           6109 |            6249 |
| HFC         | Voice Only            |         136 |         135 |            135 |             136 |
| HFC         | Services Total        |       18869 |       12643 |          12643 |           16138 |
| GRAND TOTAL | Services Total        |       27575 |       17057 |          16978 |           22997 |
+-------------+-----------------------+-------------+-------------+----------------+-----------------+
27 rows in set, 2 warnings (0.15 sec)

Query OK, 0 rows affected (0.00 sec)

Query OK, 48 rows affected, 3 warnings (0.17 sec)
Records: 48  Duplicates: 0  Warnings: 3

+-------------+---------------+-----------------------+-------------+-------------+----------------+-----------------+
| region      | network       | services              | activecount | allaccounts | uniqueaccounts | uniquecontracts |
+-------------+---------------+-----------------------+-------------+-------------+----------------+-----------------+
| Eden Island | GPON          | TV & Internet         |           2 |           1 |              1 |               2 |
| Eden Island | GPON          | Services Total        |           2 |           1 |              1 |               2 |
| Eden Island | Network Total | Services Total        |           2 |           1 |              1 |               2 |
| Mahe        | ADDON         | OTT Only              |           2 |           2 |              2 |               2 |
| Mahe        | ADDON         | TV & OTT              |           4 |           1 |              1 |               1 |
| Mahe        | ADDON         | TV Only               |           3 |           3 |              3 |               3 |
| Mahe        | ADDON         | Services Total        |           9 |           6 |              6 |               6 |
| Mahe        | GPON          | All                   |         142 |          24 |             24 |              77 |
| Mahe        | GPON          | Internet & Voice      |          54 |          21 |             21 |              44 |
| Mahe        | GPON          | Internet Only         |         899 |         826 |            826 |             850 |
| Mahe        | GPON          | TV & Internet         |        2835 |        1231 |           1231 |            2518 |
| Mahe        | GPON          | TV & Internet & OTT   |        1232 |         303 |            303 |             631 |
| Mahe        | GPON          | TV & Internet & Voice |         178 |          53 |             53 |             162 |
| Mahe        | GPON          | TV & OTT              |          60 |          16 |             16 |              19 |
| Mahe        | GPON          | TV & Voice            |          33 |          14 |             14 |              29 |
| Mahe        | GPON          | TV Only               |        1354 |         905 |            905 |             949 |
| Mahe        | GPON          | Voice Only            |          14 |          14 |             14 |              14 |
| Mahe        | GPON          | Services Total        |        6801 |        3407 |           3407 |            5293 |
| Mahe        | HFC           | All                   |         138 |          23 |             23 |              74 |
| Mahe        | HFC           | Internet & Voice      |         344 |         159 |            159 |             309 |
| Mahe        | HFC           | Internet Only         |        3220 |        3203 |           3203 |            3218 |
| Mahe        | HFC           | TV & Internet         |        5518 |        2526 |           2526 |            5091 |
| Mahe        | HFC           | TV & Internet & OTT   |        1233 |         334 |            334 |             682 |
| Mahe        | HFC           | TV & Internet & Voice |         307 |          93 |             93 |             280 |
| Mahe        | HFC           | TV & OTT              |         237 |          37 |             37 |              51 |
| Mahe        | HFC           | TV & Voice            |          48 |          23 |             23 |              47 |
| Mahe        | HFC           | TV Only               |        7683 |        6107 |           6107 |            6247 |
| Mahe        | HFC           | Voice Only            |         136 |         135 |            135 |             136 |
| Mahe        | HFC           | Services Total        |       18864 |       12640 |          12640 |           16135 |
| Mahe        | Network Total | Services Total        |       25674 |       16053 |          15980 |           21434 |
| Praslin     | ADDON         | TV Only               |           4 |           4 |              4 |               4 |
| Praslin     | ADDON         | Services Total        |           4 |           4 |              4 |               4 |
| Praslin     | GPON          | All                   |          13 |           2 |              2 |               6 |
| Praslin     | GPON          | Internet & Voice      |          12 |           6 |              6 |              12 |
| Praslin     | GPON          | Internet Only         |         221 |         221 |            221 |             221 |
| Praslin     | GPON          | TV & Internet         |         844 |         378 |            378 |             772 |
| Praslin     | GPON          | TV & Internet & OTT   |         435 |         123 |            123 |             255 |
| Praslin     | GPON          | TV & Internet & Voice |          14 |           4 |              4 |              13 |
| Praslin     | GPON          | TV & OTT              |          17 |           8 |              8 |               9 |
| Praslin     | GPON          | TV & Voice            |           3 |           1 |              1 |               3 |
| Praslin     | GPON          | TV Only               |         329 |         251 |            251 |             261 |
| Praslin     | GPON          | Voice Only            |           2 |           2 |              2 |               2 |
| Praslin     | GPON          | Services Total        |        1890 |         996 |            996 |            1554 |
| Praslin     | HFC           | Internet Only         |           1 |           1 |              1 |               1 |
| Praslin     | HFC           | TV Only               |           4 |           2 |              2 |               2 |
| Praslin     | HFC           | Services Total        |           5 |           3 |              3 |               3 |
| Praslin     | Network Total | Services Total        |        1899 |        1003 |           1000 |            1561 |
| GRAND TOTAL | Network Total | Services Total        |       27575 |       17057 |          16978 |           22997 |
+-------------+---------------+-----------------------+-------------+-------------+----------------+-----------------+
48 rows in set (0.00 sec)

Query OK, 0 rows affected (0.00 sec)

Query OK, 26880 rows affected (0.40 sec)
Records: 26880  Duplicates: 0  Warnings: 0

Query OK, 0 rows affected (0.01 sec)

Query OK, 2030 rows affected (1.72 sec)
Records: 2030  Duplicates: 0  Warnings: 0

+--------------------------------------+
| message                              |
+--------------------------------------+
| running rcbill_my.sp_ActiveNumber2() |
+--------------------------------------+
1 row in set (0.00 sec)

Query OK, 365 rows affected (1 min 35.16 sec)

mysql> mysql \. C:\workspace\cloud\code\sql\_DailyScript\currenttime.sql
+---------------------+
| currenttime         |
+---------------------+
| 2020-06-04 09:56:02 |
+---------------------+
1 row in set (0.00 sec)

mysql> 
mysql> mysql \. C:\workspace\cloud\code\sql\_DailyScript\GetActiveNumbers Average -Pivot.sql
Database changed
+-------------------------------------+
| @today := subdate(current_date(),1) |
+-------------------------------------+
| 2020-06-03                          |
+-------------------------------------+
1 row in set (0.00 sec)

+-------------------------------------+
| @lastdayofmonth := last_day(@today) |
+-------------------------------------+
| 2020-06-30                          |
+-------------------------------------+
1 row in set (0.00 sec)

Query OK, 0 rows affected (0.01 sec)

Query OK, 39492 rows affected, 65535 warnings (45.73 sec)
Records: 39492  Duplicates: 0  Warnings: 81189

Query OK, 0 rows affected (0.09 sec)
Records: 0  Duplicates: 0  Warnings: 0

Query OK, 0 rows affected (0.10 sec)
Records: 0  Duplicates: 0  Warnings: 0

Query OK, 0 rows affected (0.10 sec)
Records: 0  Duplicates: 0  Warnings: 0

+-----------------+
| activenumberavg |
+-----------------+
|           39492 |
+-----------------+
1 row in set (0.01 sec)

Query OK, 0 rows affected (0.01 sec)

Query OK, 1877 rows affected (0.44 sec)
Records: 1877  Duplicates: 0  Warnings: 0

+---------------------+
| rep_activenumberavg |
+---------------------+
|                1877 |
+---------------------+
1 row in set (0.00 sec)

+----------------------+
| rep_activenumberavg1 |
+----------------------+
|                  880 |
+----------------------+
1 row in set (0.00 sec)

Query OK, 0 rows affected (0.00 sec)

Query OK, 2047 rows affected (0.33 sec)
Records: 2047  Duplicates: 0  Warnings: 0

Query OK, 0 rows affected (0.01 sec)

Query OK, 10451 rows affected (0.62 sec)
Records: 10451  Duplicates: 0  Warnings: 0

Query OK, 0 rows affected (0.00 sec)

Query OK, 0 rows affected (0.00 sec)

Query OK, 0 rows affected (0.01 sec)

Query OK, 0 rows affected (0.00 sec)

Query OK, 0 rows affected (0.00 sec)
Statement prepared

Query OK, 53 rows affected (0.04 sec)
Records: 53  Duplicates: 0  Warnings: 0

Query OK, 0 rows affected (0.00 sec)

Query OK, 0 rows affected (0.00 sec)

+----------------------+
| rep_activenumberavg2 |
+----------------------+
|                 2047 |
+----------------------+
1 row in set (0.00 sec)

+------------------------+
| rep_activenumberavg_pv |
+------------------------+
|                     53 |
+------------------------+
1 row in set (0.00 sec)

Query OK, 0 rows affected (0.01 sec)

Query OK, 2047 rows affected (0.28 sec)
Records: 2047  Duplicates: 0  Warnings: 0

Query OK, 0 rows affected (0.00 sec)

Query OK, 0 rows affected (0.00 sec)

Query OK, 0 rows affected (0.01 sec)

Query OK, 0 rows affected (0.00 sec)

Query OK, 0 rows affected (0.00 sec)
Statement prepared

Query OK, 53 rows affected (0.03 sec)
Records: 53  Duplicates: 0  Warnings: 0

Query OK, 0 rows affected (0.00 sec)

Query OK, 0 rows affected (0.01 sec)

+-------------------------+
| rep_activenumberavgMahe |
+-------------------------+
|                    2047 |
+-------------------------+
1 row in set (0.00 sec)

+----------------------------+
| rep_activenumberavgMahe_pv |
+----------------------------+
|                         53 |
+----------------------------+
1 row in set (0.00 sec)

Query OK, 0 rows affected (0.00 sec)

Query OK, 1309 rows affected (0.14 sec)
Records: 1309  Duplicates: 0  Warnings: 0

Query OK, 0 rows affected (0.00 sec)

Query OK, 0 rows affected (0.00 sec)

Query OK, 0 rows affected (0.01 sec)

Query OK, 0 rows affected (0.00 sec)

Query OK, 0 rows affected (0.00 sec)
Statement prepared

Query OK, 40 rows affected (0.03 sec)
Records: 40  Duplicates: 0  Warnings: 0

Query OK, 0 rows affected (0.00 sec)

Query OK, 0 rows affected (0.01 sec)

+----------------------------+
| rep_activenumberavgPraslin |
+----------------------------+
|                       1309 |
+----------------------------+
1 row in set (0.00 sec)

+-------------------------------+
| rep_activenumberavgPraslin_pv |
+-------------------------------+
|                            40 |
+-------------------------------+
1 row in set (0.00 sec)

mysql> mysql \. C:\workspace\cloud\code\sql\_DailyScript\currenttime.sql
+---------------------+
| currenttime         |
+---------------------+
| 2020-06-04 09:56:50 |
+---------------------+
1 row in set (0.00 sec)

mysql> 
mysql> 
mysql> 
mysql> 
mysql> 
mysql> 
mysql> 
mysql> 
mysql> 
mysql> 
mysql> 
mysql> 
mysql> 
mysql> 
mysql> 
mysql> 
mysql> 
mysql> 
mysql> 
mysql> 
mysql> 
mysql> 
mysql> exit
