    -> 
    -> mysql \. C:\workspace\cloud\code\sql\_DailyScript\_setdates.sql
Query OK, 0 rows affected (0.00 sec)

Query OK, 0 rows affected (1.45 sec)

Database changed
Query OK, 0 rows affected (0.00 sec)

Query OK, 0 rows affected (0.00 sec)

Query OK, 0 rows affected (0.00 sec)

Query OK, 0 rows affected (0.00 sec)

Query OK, 0 rows affected (0.00 sec)

Query OK, 0 rows affected (0.00 sec)

Query OK, 0 rows affected (0.00 sec)

Query OK, 0 rows affected (0.00 sec)

Query OK, 0 rows affected (0.00 sec)

Query OK, 0 rows affected (0.00 sec)

Query OK, 0 rows affected (0.00 sec)

Query OK, 0 rows affected (0.00 sec)

Query OK, 0 rows affected (0.00 sec)

Query OK, 0 rows affected (0.00 sec)

Query OK, 0 rows affected (0.00 sec)

Query OK, 0 rows affected (0.00 sec)

Query OK, 0 rows affected (0.00 sec)

Query OK, 0 rows affected (0.00 sec)

Query OK, 0 rows affected (0.00 sec)

Query OK, 0 rows affected (0.00 sec)

Query OK, 0 rows affected (0.00 sec)

Query OK, 0 rows affected (0.00 sec)

mysql> mysql \. C:\workspace\cloud\code\sql\_DailyScript\currenttime.sql
+---------------------+
| currenttime         |
+---------------------+
| 2021-05-21 04:56:07 |
+---------------------+
1 row in set (0.00 sec)

mysql> 
mysql> mysql \. C:\workspace\cloud\code\sql\_DailyScript\load_RCB_VODTITLES.sql
Database changed
Query OK, 0 rows affected (0.00 sec)

Query OK, 14947 rows affected (0.13 sec)

Query OK, 14949 rows affected, 14949 warnings (0.32 sec)
Records: 14949  Deleted: 0  Skipped: 0  Warnings: 14949

Query OK, 0 rows affected (0.00 sec)

Query OK, 2 rows affected (0.01 sec)

+-----------+
| VODTITLES |
+-----------+
|     15407 |
+-----------+
1 row in set (0.00 sec)

+-----------+-----------+
| titletype | typecount |
+-----------+-----------+
| E         |     12626 |
| N         |       246 |
| T         |      2075 |
| NULL      |     14947 |
+-----------+-----------+
4 rows in set (0.05 sec)

mysql> mysql \. C:\workspace\cloud\code\sql\_DailyScript\currenttime.sql
+---------------------+
| currenttime         |
+---------------------+
| 2021-05-21 04:56:07 |
+---------------------+
1 row in set (0.00 sec)

mysql> 
mysql> mysql \. C:\workspace\cloud\code\sql\_DailyScript\DAILY-SCRIPT-LIVETV-STATS.sql
Database changed
Query OK, 0 rows affected (0.01 sec)

Query OK, 96313 rows affected (1.14 sec)
Records: 96313  Duplicates: 0  Warnings: 0

+------------+------------+----------+--------------+--------------+-----------+-------------+----------+--------+------+------------+---------+---------------+
| Table      | Non_unique | Key_name | Seq_in_index | Column_name  | Collation | Cardinality | Sub_part | Packed | Null | Index_type | Comment | Index_comment |
+------------+------------+----------+--------------+--------------+-----------+-------------+----------+--------+------+------------+---------+---------------+
| templivetv |          1 | idxtv1   |            1 | device       | A         |       96226 |     NULL | NULL   | YES  | BTREE      |         |               |
| templivetv |          1 | idxtv2   |            1 | sessionstart | A         |       96226 |     NULL | NULL   | YES  | BTREE      |         |               |
+------------+------------+----------+--------------+--------------+-----------+-------------+----------+--------+------+------------+---------+---------------+
2 rows in set (0.00 sec)

Query OK, 96556 rows affected (12.15 sec)
Records: 96556  Duplicates: 0  Warnings: 0

Query OK, 2617 rows affected (0.65 sec)
Records: 2617  Duplicates: 0  Warnings: 0

Query OK, 0 rows affected (0.00 sec)

Query OK, 0 rows affected (0.00 sec)

Query OK, 132 rows affected (0.03 sec)
Records: 132  Duplicates: 0  Warnings: 0

Query OK, 0 rows affected (0.00 sec)

Query OK, 66662 rows affected (7 min 1.08 sec)
Records: 66662  Duplicates: 0  Warnings: 0

+-----------------+
| rep_livetvstats |
+-----------------+
|           66662 |
+-----------------+
1 row in set (0.02 sec)

mysql> mysql \. C:\workspace\cloud\code\sql\_DailyScript\currenttime.sql
+---------------------+
| currenttime         |
+---------------------+
| 2021-05-21 05:03:22 |
+---------------------+
1 row in set (0.00 sec)

mysql> 
mysql> mysql \. C:\workspace\cloud\code\sql\_DailyScript\DAILY-SCRIPT-VODTS-STATS.sql
Database changed
Query OK, 0 rows affected (0.02 sec)

Query OK, 8464 rows affected (25.73 sec)
Records: 8464  Duplicates: 0  Warnings: 0

+---------+------------+----------+--------------+--------------+-----------+-------------+----------+--------+------+------------+---------+---------------+
| Table   | Non_unique | Key_name | Seq_in_index | Column_name  | Collation | Cardinality | Sub_part | Packed | Null | Index_type | Comment | Index_comment |
+---------+------------+----------+--------------+--------------+-----------+-------------+----------+--------+------+------------+---------+---------------+
| tempvod |          1 | idxtvod1 |            1 | device       | A         |        8695 |     NULL | NULL   | YES  | BTREE      |         |               |
| tempvod |          1 | idxtvod2 |            1 | sessionstart | A         |        8695 |     NULL | NULL   | YES  | BTREE      |         |               |
+---------+------------+----------+--------------+--------------+-----------+-------------+----------+--------+------+------------+---------+---------------+
2 rows in set (0.00 sec)

Query OK, 8483 rows affected (4.46 sec)
Records: 8483  Duplicates: 0  Warnings: 0

Query OK, 0 rows affected (0.01 sec)

Query OK, 1195806 rows affected (1 min 40.56 sec)
Records: 1195806  Duplicates: 0  Warnings: 0

+--------------+
| rep_vodstats |
+--------------+
|      1195806 |
+--------------+
1 row in set (0.35 sec)

Database changed
Query OK, 0 rows affected (0.01 sec)

Query OK, 23431 rows affected (47.39 sec)
Records: 23431  Duplicates: 0  Warnings: 0

+--------+------------+----------+--------------+--------------+-----------+-------------+----------+--------+------+------------+---------+---------------+
| Table  | Non_unique | Key_name | Seq_in_index | Column_name  | Collation | Cardinality | Sub_part | Packed | Null | Index_type | Comment | Index_comment |
+--------+------------+----------+--------------+--------------+-----------+-------------+----------+--------+------+------------+---------+---------------+
| tempts |          1 | idxtts1  |            1 | device       | A         |       23669 |     NULL | NULL   | YES  | BTREE      |         |               |
| tempts |          1 | idxtts2  |            1 | sessionstart | A         |       23669 |     NULL | NULL   | YES  | BTREE      |         |               |
+--------+------------+----------+--------------+--------------+-----------+-------------+----------+--------+------+------------+---------+---------------+
2 rows in set (0.00 sec)

Query OK, 23557 rows affected (15.48 sec)
Records: 23557  Duplicates: 0  Warnings: 0

Query OK, 0 rows affected (0.01 sec)

Query OK, 47995 rows affected (46.91 sec)
Records: 47995  Duplicates: 0  Warnings: 0

+-------------+
| rep_tsstats |
+-------------+
|       47995 |
+-------------+
1 row in set (0.02 sec)

mysql> mysql \. C:\workspace\cloud\code\sql\_DailyScript\currenttime.sql
+---------------------+
| currenttime         |
+---------------------+
| 2021-05-21 05:07:23 |
+---------------------+
1 row in set (0.00 sec)

mysql> 
mysql> mysql \. C:\workspace\cloud\code\sql\_DailyScript\DAILY-SCRIPT-RADIO-STATS.sql
Database changed
Query OK, 0 rows affected (0.01 sec)

Query OK, 391181 rows affected (4.54 sec)
Records: 391181  Duplicates: 0  Warnings: 0

+-----------+------------+----------+--------------+--------------+-----------+-------------+----------+--------+------+------------+---------+---------------+
| Table     | Non_unique | Key_name | Seq_in_index | Column_name  | Collation | Cardinality | Sub_part | Packed | Null | Index_type | Comment | Index_comment |
+-----------+------------+----------+--------------+--------------+-----------+-------------+----------+--------+------+------------+---------+---------------+
| tempradio |          1 | idxtrad1 |            1 | device       | A         |      393419 |     NULL | NULL   | YES  | BTREE      |         |               |
| tempradio |          1 | idxtrad2 |            1 | sessionstart | A         |      393419 |     NULL | NULL   | YES  | BTREE      |         |               |
+-----------+------------+----------+--------------+--------------+-----------+-------------+----------+--------+------+------------+---------+---------------+
2 rows in set (0.00 sec)

Query OK, 314 rows affected (0.85 sec)
Records: 314  Duplicates: 0  Warnings: 0

Query OK, 0 rows affected (0.01 sec)

Query OK, 6384 rows affected (0.51 sec)
Records: 6384  Duplicates: 0  Warnings: 0

+----------------+
| rep_radiostats |
+----------------+
|           6384 |
+----------------+
1 row in set (0.00 sec)

mysql> mysql \. C:\workspace\cloud\code\sql\_DailyScript\currenttime.sql
+---------------------+
| currenttime         |
+---------------------+
| 2021-05-21 05:07:29 |
+---------------------+
1 row in set (0.00 sec)

mysql> 
mysql> mysql \. C:\workspace\cloud\code\sql\_DailyScript\DAILY_SCRIPT_TELEMETRY_PIVOT_2021.sql
Query OK, 0 rows affected (0.01 sec)

Query OK, 140 rows affected (0.10 sec)
Records: 140  Duplicates: 0  Warnings: 0

Query OK, 0 rows affected (0.01 sec)

Query OK, 12207 rows affected (1.65 sec)
Records: 12207  Duplicates: 0  Warnings: 0

Query OK, 0 rows affected (0.00 sec)

Query OK, 5 rows affected (0.02 sec)
Records: 5  Duplicates: 0  Warnings: 0

Query OK, 0 rows affected (0.00 sec)

Query OK, 44 rows affected (0.05 sec)
Records: 44  Duplicates: 0  Warnings: 0

mysql> mysql \. C:\workspace\cloud\code\sql\_DailyScript\currenttime.sql
+---------------------+
| currenttime         |
+---------------------+
| 2021-05-21 05:07:31 |
+---------------------+
1 row in set (0.00 sec)

mysql> 
mysql> mysql \. C:\workspace\cloud\code\sql\_DailyScript\telemetry_livetv_ranking2021.sql
Query OK, 0 rows affected (0.00 sec)

Query OK, 140 rows affected (0.02 sec)
Records: 140  Duplicates: 0  Warnings: 0

mysql> mysql \. C:\workspace\cloud\code\sql\_DailyScript\currenttime.sql
+---------------------+
| currenttime         |
+---------------------+
| 2021-05-21 05:07:31 |
+---------------------+
1 row in set (0.00 sec)

mysql> 
mysql> mysql \. C:\workspace\cloud\code\sql\_DailyScript\telemetry_radio_ranking2021.sql
Query OK, 0 rows affected (0.00 sec)

Query OK, 5 rows affected (0.01 sec)
Records: 5  Duplicates: 0  Warnings: 0

mysql> mysql \. C:\workspace\cloud\code\sql\_DailyScript\currenttime.sql
+---------------------+
| currenttime         |
+---------------------+
| 2021-05-21 05:07:31 |
+---------------------+
1 row in set (0.00 sec)

mysql> 
mysql> mysql \. C:\workspace\cloud\code\sql\_DailyScript\telemetry_ts_ranking2021.sql
Query OK, 0 rows affected (0.00 sec)

Query OK, 44 rows affected (0.01 sec)
Records: 44  Duplicates: 0  Warnings: 0

mysql> mysql \. C:\workspace\cloud\code\sql\_DailyScript\currenttime.sql
+---------------------+
| currenttime         |
+---------------------+
| 2021-05-21 05:07:31 |
+---------------------+
1 row in set (0.00 sec)

mysql> 
mysql> mysql \. C:\workspace\cloud\code\sql\_DailyScript\telemetry_vod_ranking2021.sql
Query OK, 0 rows affected (0.02 sec)

Query OK, 12207 rows affected (0.60 sec)
Records: 12207  Duplicates: 0  Warnings: 0

mysql> mysql \. C:\workspace\cloud\code\sql\_DailyScript\currenttime.sql
+---------------------+
| currenttime         |
+---------------------+
| 2021-05-21 05:07:32 |
+---------------------+
1 row in set (0.00 sec)

mysql> 
mysql> mysql \. C:\workspace\cloud\code\sql\_DailyScript\telemetry_vod_ranking2021_1.sql
Query OK, 0 rows affected (0.01 sec)

Query OK, 12207 rows affected (0.28 sec)
Records: 12207  Duplicates: 0  Warnings: 0

mysql> mysql \. C:\workspace\cloud\code\sql\_DailyScript\currenttime.sql
+---------------------+
| currenttime         |
+---------------------+
| 2021-05-21 05:07:32 |
+---------------------+
1 row in set (0.00 sec)

mysql> 
mysql> mysql \. C:\workspace\cloud\code\sql\_DailyScript\telemetry_vod_ranking2021_2.sql
Query OK, 0 rows affected (0.01 sec)

Query OK, 12207 rows affected (0.27 sec)
Records: 12207  Duplicates: 0  Warnings: 0

mysql> mysql \. C:\workspace\cloud\code\sql\_DailyScript\currenttime.sql
+---------------------+
| currenttime         |
+---------------------+
| 2021-05-21 05:07:32 |
+---------------------+
1 row in set (0.00 sec)

mysql> 
mysql> mysql \. C:\workspace\cloud\code\sql\_DailyScript\DAILY-SCRIPT-CREATE-LOAD.sql
Database changed
Database changed
Query OK, 0 rows affected (0.01 sec)

Query OK, 0 rows affected (0.01 sec)

Database changed
Query OK, 68034 rows affected (2.30 sec)
Records: 68034  Deleted: 0  Skipped: 0  Warnings: 0

Query OK, 0 rows affected (0.14 sec)
Records: 0  Duplicates: 0  Warnings: 0

Query OK, 0 rows affected (0.22 sec)
Records: 0  Duplicates: 0  Warnings: 0

Query OK, 0 rows affected (0.24 sec)
Records: 0  Duplicates: 0  Warnings: 0

Query OK, 0 rows affected (0.23 sec)
Records: 0  Duplicates: 0  Warnings: 0

+---------+
| clients |
+---------+
|   68034 |
+---------+
1 row in set (0.02 sec)

Query OK, 0 rows affected (0.01 sec)

Query OK, 15348 rows affected (6.85 sec)
Records: 15348  Duplicates: 0  Warnings: 0

Query OK, 0 rows affected (0.05 sec)
Records: 0  Duplicates: 0  Warnings: 0

+-------------------+
| rcb_clientparcels |
+-------------------+
|             15348 |
+-------------------+
1 row in set (0.01 sec)

Query OK, 0 rows affected (0.01 sec)

Query OK, 83554 rows affected (3.11 sec)
Records: 83554  Duplicates: 0  Warnings: 0

Query OK, 0 rows affected (0.27 sec)
Records: 0  Duplicates: 0  Warnings: 0

Query OK, 0 rows affected (0.01 sec)

Query OK, 68034 rows affected (31.54 sec)
Records: 68034  Duplicates: 0  Warnings: 0

Query OK, 0 rows affected (0.20 sec)
Records: 0  Duplicates: 0  Warnings: 0

Query OK, 0 rows affected (0.21 sec)
Records: 0  Duplicates: 0  Warnings: 0

Query OK, 0 rows affected (0.17 sec)
Records: 0  Duplicates: 0  Warnings: 0

+---------------+
| clientaddress |
+---------------+
|         68034 |
+---------------+
1 row in set (0.02 sec)

Database changed
Query OK, 0 rows affected (0.01 sec)

Query OK, 0 rows affected (0.01 sec)

Database changed
Query OK, 547764 rows affected, 65535 warnings (15.19 sec)
Records: 547764  Deleted: 0  Skipped: 0  Warnings: 229433

Query OK, 0 rows affected (1.15 sec)
Records: 0  Duplicates: 0  Warnings: 0

Query OK, 0 rows affected (2.23 sec)
Records: 0  Duplicates: 0  Warnings: 0

Query OK, 0 rows affected (1.18 sec)
Records: 0  Duplicates: 0  Warnings: 0

Query OK, 0 rows affected (0.01 sec)

Query OK, 547764 rows affected (38.92 sec)
Records: 547764  Duplicates: 0  Warnings: 0

Query OK, 0 rows affected (1.85 sec)
Records: 0  Duplicates: 0  Warnings: 0

Query OK, 0 rows affected (1.42 sec)
Records: 0  Duplicates: 0  Warnings: 0

+-----------+
| contracts |
+-----------+
|    547764 |
+-----------+
1 row in set (0.14 sec)

+-----------------+
| contractaddress |
+-----------------+
|          547764 |
+-----------------+
1 row in set (0.15 sec)

Database changed
Query OK, 0 rows affected (0.01 sec)

Query OK, 0 rows affected (0.01 sec)

Query OK, 7945 rows affected (0.14 sec)
Records: 7945  Deleted: 0  Skipped: 0  Warnings: 0

Query OK, 0 rows affected (0.01 sec)

Query OK, 7912 rows affected (0.14 sec)
Records: 7912  Duplicates: 0  Warnings: 0

Query OK, 0 rows affected (0.04 sec)
Records: 0  Duplicates: 0  Warnings: 0

Query OK, 0 rows affected (0.03 sec)
Records: 0  Duplicates: 0  Warnings: 0

Query OK, 0 rows affected (0.03 sec)
Records: 0  Duplicates: 0  Warnings: 0

Query OK, 0 rows affected (0.01 sec)

Query OK, 5982 rows affected (0.05 sec)
Records: 5982  Duplicates: 0  Warnings: 0

Query OK, 0 rows affected (0.16 sec)
Records: 0  Duplicates: 0  Warnings: 0

+-------------------+
| contractdiscounts |
+-------------------+
|              7945 |
+-------------------+
1 row in set (0.00 sec)

+-------------------------+
| clientcontractdiscounts |
+-------------------------+
|                    7912 |
+-------------------------+
1 row in set (0.00 sec)

+----------------------------+
| clientcontractlastdiscount |
+----------------------------+
|                       5982 |
+----------------------------+
1 row in set (0.00 sec)

Database changed
Query OK, 0 rows affected (0.04 sec)

Query OK, 0 rows affected (0.01 sec)

Database changed
Query OK, 146545 rows affected, 8 warnings (2.47 sec)
Records: 146545  Deleted: 0  Skipped: 0  Warnings: 8

Query OK, 0 rows affected (0.26 sec)
Records: 0  Duplicates: 0  Warnings: 0

Query OK, 0 rows affected (0.27 sec)
Records: 0  Duplicates: 0  Warnings: 0

Query OK, 0 rows affected (0.28 sec)
Records: 0  Duplicates: 0  Warnings: 0

Query OK, 0 rows affected (0.27 sec)
Records: 0  Duplicates: 0  Warnings: 0

Query OK, 0 rows affected (0.36 sec)
Records: 0  Duplicates: 0  Warnings: 0

Query OK, 0 rows affected (0.52 sec)
Records: 0  Duplicates: 0  Warnings: 0

Query OK, 0 rows affected (0.03 sec)

Query OK, 1862224 rows affected (1 min 27.68 sec)
Records: 1862224  Duplicates: 0  Warnings: 0

Query OK, 0 rows affected (6.38 sec)
Records: 0  Duplicates: 0  Warnings: 0

+---------+
| devices |
+---------+
|  146545 |
+---------+
1 row in set (0.05 sec)

+-----------------------+
| clientcontractdevices |
+-----------------------+
|               1862224 |
+-----------------------+
1 row in set (0.74 sec)

Query OK, 0 rows affected (0.01 sec)

Query OK, 146465 rows affected (6.30 sec)
Records: 146465  Duplicates: 0  Warnings: 0

+---------------------------+
| rep_clientcontractdevices |
+---------------------------+
|                    146465 |
+---------------------------+
1 row in set (0.04 sec)

Database changed
Query OK, 0 rows affected (0.01 sec)

Query OK, 0 rows affected (0.01 sec)

Query OK, 325265 rows affected (7.29 sec)
Records: 325265  Deleted: 0  Skipped: 0  Warnings: 0

Query OK, 0 rows affected (0.75 sec)
Records: 0  Duplicates: 0  Warnings: 0

Query OK, 0 rows affected (0.70 sec)
Records: 0  Duplicates: 0  Warnings: 0

Query OK, 0 rows affected (0.67 sec)
Records: 0  Duplicates: 0  Warnings: 0

Query OK, 0 rows affected (0.59 sec)
Records: 0  Duplicates: 0  Warnings: 0

+---------+
| tickets |
+---------+
|  325265 |
+---------+
1 row in set (0.09 sec)

Database changed
Query OK, 0 rows affected (0.00 sec)

Query OK, 0 rows affected (0.01 sec)

Empty set (0.00 sec)

Query OK, 0 rows affected (0.01 sec)
Records: 0  Duplicates: 0  Warnings: 0

Query OK, 373 rows affected, 2 warnings (0.02 sec)
Records: 373  Deleted: 0  Skipped: 0  Warnings: 2

+-----------------+
| tickettechusers |
+-----------------+
|             373 |
+-----------------+
1 row in set (0.00 sec)

Database changed
Query OK, 0 rows affected (0.01 sec)

Query OK, 0 rows affected (0.01 sec)

Query OK, 0 rows affected (0.01 sec)
Records: 0  Duplicates: 0  Warnings: 0

Query OK, 724767 rows affected, 50328 warnings (11.39 sec)
Records: 724767  Deleted: 0  Skipped: 0  Warnings: 50328

+-------------------+
| ticketassignments |
+-------------------+
|            724767 |
+-------------------+
1 row in set (0.20 sec)

Database changed
Query OK, 0 rows affected (0.02 sec)

Query OK, 0 rows affected (0.01 sec)

Query OK, 1452507 rows affected (15.64 sec)
Records: 1452507  Deleted: 0  Skipped: 0  Warnings: 0

Query OK, 0 rows affected (2.52 sec)
Records: 0  Duplicates: 0  Warnings: 0

Query OK, 0 rows affected (2.54 sec)
Records: 0  Duplicates: 0  Warnings: 0

Query OK, 0 rows affected (2.25 sec)
Records: 0  Duplicates: 0  Warnings: 0

Query OK, 0 rows affected (2.75 sec)
Records: 0  Duplicates: 0  Warnings: 0

+----------------+
| ticketcomments |
+----------------+
|        1452507 |
+----------------+
1 row in set (0.38 sec)

Database changed
Query OK, 0 rows affected (0.01 sec)

Query OK, 0 rows affected (0.01 sec)

Query OK, 483322 rows affected (34.17 sec)
Records: 483322  Deleted: 0  Skipped: 0  Warnings: 0

Query OK, 0 rows affected (2.34 sec)
Records: 0  Duplicates: 0  Warnings: 0

+----------+
| comments |
+----------+
|   483322 |
+----------+
1 row in set (0.14 sec)

Database changed
Query OK, 0 rows affected (0.03 sec)

Query OK, 0 rows affected (0.01 sec)

Query OK, 1727271 rows affected, 65535 warnings (1 min 15.40 sec)
Records: 1727271  Deleted: 0  Skipped: 0  Warnings: 1727324

Query OK, 0 rows affected (3.09 sec)
Records: 0  Duplicates: 0  Warnings: 0

Query OK, 0 rows affected (3.77 sec)
Records: 0  Duplicates: 0  Warnings: 0

Query OK, 0 rows affected (3.56 sec)
Records: 0  Duplicates: 0  Warnings: 0

Query OK, 0 rows affected (3.63 sec)
Records: 0  Duplicates: 0  Warnings: 0

Query OK, 0 rows affected (7.00 sec)
Records: 0  Duplicates: 0  Warnings: 0

+------------+
| devicesold |
+------------+
|    1727271 |
+------------+
1 row in set (0.46 sec)

Database changed
Query OK, 0 rows affected (0.01 sec)

Query OK, 0 rows affected (0.01 sec)

Query OK, 1855552 rows affected (22.93 sec)
Records: 1855552  Deleted: 0  Skipped: 0  Warnings: 0

Query OK, 0 rows affected (3.52 sec)
Records: 0  Duplicates: 0  Warnings: 0

Query OK, 0 rows affected (3.75 sec)
Records: 0  Duplicates: 0  Warnings: 0

Query OK, 0 rows affected (3.69 sec)
Records: 0  Duplicates: 0  Warnings: 0

+------------------+
| contractservices |
+------------------+
|          1855552 |
+------------------+
1 row in set (0.49 sec)

Database changed
Query OK, 0 rows affected (0.05 sec)

Query OK, 0 rows affected (0.01 sec)

Query OK, 4639821 rows affected (1 min 55.34 sec)
Records: 4639821  Deleted: 0  Skipped: 0  Warnings: 0

Query OK, 0 rows affected (16.91 sec)
Records: 0  Duplicates: 0  Warnings: 0

Query OK, 0 rows affected (14.16 sec)
Records: 0  Duplicates: 0  Warnings: 0

Query OK, 0 rows affected (13.30 sec)
Records: 0  Duplicates: 0  Warnings: 0

Query OK, 0 rows affected (12.45 sec)
Records: 0  Duplicates: 0  Warnings: 0

Query OK, 0 rows affected (12.23 sec)
Records: 0  Duplicates: 0  Warnings: 0

+------------------+
| invoicescontents |
+------------------+
|          4639821 |
+------------------+
1 row in set (1.27 sec)

Database changed
Query OK, 0 rows affected (0.07 sec)

Query OK, 0 rows affected (0.01 sec)

Query OK, 3290212 rows affected (3 min 5.77 sec)
Records: 3290212  Deleted: 0  Skipped: 0  Warnings: 0

Query OK, 0 rows affected (17.43 sec)
Records: 0  Duplicates: 0  Warnings: 0

Query OK, 0 rows affected (14.01 sec)
Records: 0  Duplicates: 0  Warnings: 0

Query OK, 0 rows affected (10.78 sec)
Records: 0  Duplicates: 0  Warnings: 0

Query OK, 0 rows affected (11.97 sec)
Records: 0  Duplicates: 0  Warnings: 0

Query OK, 0 rows affected (11.62 sec)
Records: 0  Duplicates: 0  Warnings: 0

Query OK, 0 rows affected (12.13 sec)
Records: 0  Duplicates: 0  Warnings: 0

+----------------+
| invoicesheader |
+----------------+
|        3290212 |
+----------------+
1 row in set (0.90 sec)

Database changed
Query OK, 0 rows affected (0.05 sec)

Query OK, 0 rows affected (0.01 sec)

Query OK, 3271412 rows affected (1 min 23.55 sec)
Records: 3271412  Deleted: 0  Skipped: 0  Warnings: 0

Query OK, 0 rows affected (11.73 sec)
Records: 0  Duplicates: 0  Warnings: 0

Query OK, 0 rows affected (8.31 sec)
Records: 0  Duplicates: 0  Warnings: 0

Query OK, 0 rows affected (8.14 sec)
Records: 0  Duplicates: 0  Warnings: 0

Query OK, 0 rows affected (7.00 sec)
Records: 0  Duplicates: 0  Warnings: 0

Query OK, 0 rows affected (10.00 sec)
Records: 0  Duplicates: 0  Warnings: 0

+---------+
| casa    |
+---------+
| 3271412 |
+---------+
1 row in set (0.90 sec)

Query OK, 0 rows affected (0.00 sec)

Query OK, 1631 rows affected (4.85 sec)
Rows matched: 1631  Changed: 1631  Warnings: 0

Query OK, 0 rows affected (0.01 sec)

Query OK, 16166 rows affected (1 min 24.16 sec)
Records: 16166  Duplicates: 0  Warnings: 0

+--------------------+
| rep_paycol_channel |
+--------------------+
|              16166 |
+--------------------+
1 row in set (0.01 sec)

Query OK, 0 rows affected (0.01 sec)

Query OK, 12321 rows affected (1 min 43.03 sec)
Records: 12321  Duplicates: 0  Warnings: 0

+----------------+
| rep_paycol_pos |
+----------------+
|          12321 |
+----------------+
1 row in set (0.01 sec)

Database changed
Query OK, 0 rows affected (0.01 sec)

Query OK, 0 rows affected (0.01 sec)

Database changed
Query OK, 40275 rows affected (0.74 sec)
Records: 40275  Deleted: 0  Skipped: 0  Warnings: 0

+-------+
| users |
+-------+
| 40275 |
+-------+
1 row in set (0.01 sec)

Query OK, 0 rows affected (0.08 sec)
Records: 0  Duplicates: 0  Warnings: 0

Database changed
Query OK, 0 rows affected (0.03 sec)

Query OK, 0 rows affected (0.01 sec)

Query OK, 1872898 rows affected, 2 warnings (27.73 sec)
Records: 1872898  Deleted: 0  Skipped: 0  Warnings: 2

Query OK, 0 rows affected (3.46 sec)
Records: 0  Duplicates: 0  Warnings: 0

Query OK, 0 rows affected (3.74 sec)
Records: 0  Duplicates: 0  Warnings: 0

Query OK, 0 rows affected (3.65 sec)
Records: 0  Duplicates: 0  Warnings: 0

Query OK, 0 rows affected (3.25 sec)
Records: 0  Duplicates: 0  Warnings: 0

Query OK, 0 rows affected (3.15 sec)
Records: 0  Duplicates: 0  Warnings: 0

+-------------+
| useractions |
+-------------+
|     1872898 |
+-------------+
1 row in set (0.50 sec)

Database changed
Query OK, 0 rows affected (0.09 sec)

Query OK, 0 rows affected (0.01 sec)

Database changed
Query OK, 28855791 rows affected (4 min 54.12 sec)
Records: 28855791  Deleted: 0  Skipped: 0  Warnings: 0

Query OK, 0 rows affected (1 min 16.44 sec)
Records: 0  Duplicates: 0  Warnings: 0

Query OK, 0 rows affected (1 min 13.05 sec)
Records: 0  Duplicates: 0  Warnings: 0

Query OK, 0 rows affected (1 min 12.92 sec)
Records: 0  Duplicates: 0  Warnings: 0

Query OK, 0 rows affected (1 min 7.87 sec)
Records: 0  Duplicates: 0  Warnings: 0

Query OK, 0 rows affected (1 min 37.15 sec)
Records: 0  Duplicates: 0  Warnings: 0

+----------+
| ipusage1 |
+----------+
| 28855791 |
+----------+
1 row in set (8.25 sec)

Query OK, 0 rows affected (0.03 sec)

Query OK, 1855479 rows affected (22.51 sec)
Records: 1855479  Duplicates: 0  Warnings: 0

Query OK, 0 rows affected (8.95 sec)
Records: 0  Duplicates: 0  Warnings: 0

Query OK, 0 rows affected (3.42 sec)
Records: 0  Duplicates: 0  Warnings: 0

Query OK, 0 rows affected (7.14 sec)
Records: 0  Duplicates: 0  Warnings: 0

+------------------------------+
| contractsservicepackageprice |
+------------------------------+
|                      1855479 |
+------------------------------+
1 row in set (0.49 sec)

Query OK, 0 rows affected (0.04 sec)

Query OK, 1855762 rows affected (2 min 4.84 sec)
Records: 1855762  Duplicates: 0  Warnings: 0

Query OK, 0 rows affected (10.47 sec)
Records: 0  Duplicates: 0  Warnings: 0

Query OK, 0 rows affected (9.80 sec)
Records: 0  Duplicates: 0  Warnings: 0

Query OK, 0 rows affected (4.52 sec)
Records: 0  Duplicates: 0  Warnings: 0

Query OK, 0 rows affected (7.95 sec)
Records: 0  Duplicates: 0  Warnings: 0

+------------------------------------+
| clientcontractsservicepackageprice |
+------------------------------------+
|                            1855762 |
+------------------------------------+
1 row in set (0.49 sec)

mysql> mysql \. C:\workspace\cloud\code\sql\_DailyScript\currenttime.sql
+---------------------+
| currenttime         |
+---------------------+
| 2021-05-21 05:43:12 |
+---------------------+
1 row in set (0.00 sec)

mysql> 
mysql> mysql \. C:\workspace\cloud\code\sql\_DailyScript\ticket_analysis.sql
Database changed
Query OK, 0 rows affected (0.03 sec)

Query OK, 813467 rows affected (22.86 sec)
Records: 813467  Duplicates: 0  Warnings: 0

Query OK, 0 rows affected (3.18 sec)
Records: 0  Duplicates: 0  Warnings: 0

Query OK, 0 rows affected (1.67 sec)
Records: 0  Duplicates: 0  Warnings: 0

Query OK, 0 rows affected (1.49 sec)
Records: 0  Duplicates: 0  Warnings: 0

Query OK, 0 rows affected (0.01 sec)

Query OK, 25439 rows affected (13.03 sec)
Records: 25439  Duplicates: 0  Warnings: 0

Query OK, 0 rows affected, 1 warning (0.00 sec)

Query OK, 117662 rows affected (7.86 sec)
Records: 117662  Duplicates: 0  Warnings: 0

Query OK, 0 rows affected, 1 warning (0.00 sec)

Query OK, 598666 rows affected (15.69 sec)
Records: 598666  Duplicates: 0  Warnings: 0

Query OK, 0 rows affected, 1 warning (0.00 sec)

Query OK, 598666 rows affected (15.70 sec)
Records: 598666  Duplicates: 0  Warnings: 0

Query OK, 0 rows affected (0.01 sec)

Query OK, 117774 rows affected (4.91 sec)
Records: 117774  Duplicates: 0  Warnings: 0

Database changed
Query OK, 0 rows affected (0.00 sec)

Query OK, 0 rows affected (0.02 sec)

Query OK, 813467 rows affected (25.29 sec)
Records: 813467  Duplicates: 0  Warnings: 0

Query OK, 0 rows affected (0.02 sec)

Query OK, 417316 rows affected (15.29 sec)
Records: 417316  Duplicates: 0  Warnings: 0

+--------------------------+
| clientticket_cmmtjourney |
+--------------------------+
|                   813467 |
+--------------------------+
1 row in set (1.24 sec)

+---------------------------+
| clientticket_assgnjourney |
+---------------------------+
|                    417316 |
+---------------------------+
1 row in set (0.76 sec)

Query OK, 0 rows affected (0.01 sec)

Query OK, 87 rows affected (0.16 sec)
Records: 87  Duplicates: 0  Warnings: 0

mysql> mysql \. C:\workspace\cloud\code\sql\_DailyScript\currenttime.sql
+---------------------+
| currenttime         |
+---------------------+
| 2021-05-21 05:45:21 |
+---------------------+
1 row in set (0.00 sec)

mysql> 
mysql> mysql \. C:\workspace\cloud\code\sql\_DailyScript\load_DailyCalls.sql
Database changed
Query OK, 402 rows affected (0.16 sec)
Records: 402  Deleted: 0  Skipped: 0  Warnings: 0

Query OK, 0 rows affected, 1 warning (0.00 sec)

Query OK, 402 rows affected (0.03 sec)
Records: 402  Duplicates: 0  Warnings: 0

Query OK, 0 rows affected, 1 warning (0.00 sec)

Query OK, 69429 rows affected (0.26 sec)
Records: 69429  Duplicates: 0  Warnings: 0

+----------------------+
| callingclientsbefore |
+----------------------+
|              1194087 |
+----------------------+
1 row in set (0.49 sec)

Query OK, 609 rows affected (8.70 sec)
Records: 609  Duplicates: 0  Warnings: 0

+---------------------+
| callingclientsafter |
+---------------------+
|             1194696 |
+---------------------+
1 row in set (0.32 sec)

Query OK, 0 rows affected (0.01 sec)

Query OK, 274 rows affected (4.24 sec)
Records: 274  Duplicates: 0  Warnings: 0

Query OK, 0 rows affected (0.00 sec)

Query OK, 23271 rows affected (3.79 sec)
Records: 23271  Duplicates: 0  Warnings: 0

+-----------+
| callstats |
+-----------+
|     23271 |
+-----------+
1 row in set (0.01 sec)

Query OK, 0 rows affected, 1 warning (0.00 sec)

Query OK, 609 rows affected (2.61 sec)
Records: 609  Duplicates: 0  Warnings: 0

+------------------------+
| rep_cccallreportbefore |
+------------------------+
|                1195659 |
+------------------------+
1 row in set (0.32 sec)

Query OK, 609 rows affected (0.17 sec)
Records: 609  Duplicates: 0  Warnings: 0

+-----------------------+
| rep_cccallreportafter |
+-----------------------+
|               1196268 |
+-----------------------+
1 row in set (0.32 sec)

Query OK, 0 rows affected (0.01 sec)

mysql> mysql \. C:\workspace\cloud\code\sql\_DailyScript\currenttime.sql
+---------------------+
| currenttime         |
+---------------------+
| 2021-05-21 05:45:43 |
+---------------------+
1 row in set (0.00 sec)

mysql> 
mysql> mysql \. C:\workspace\cloud\code\sql\_DailyScript\DAILY-SCRIPT-USAGE.sql
Database changed
Query OK, 0 rows affected (0.00 sec)

Query OK, 4441 rows affected, 12925 warnings (0.98 sec)
Records: 4441  Deleted: 0  Skipped: 0  Warnings: 12925

Query OK, 0 rows affected (0.00 sec)

Query OK, 6850 rows affected, 19853 warnings (1.19 sec)
Records: 6850  Deleted: 0  Skipped: 0  Warnings: 19853

Query OK, 0 rows affected (0.00 sec)

Query OK, 259 rows affected, 936 warnings (0.06 sec)
Records: 259  Deleted: 0  Skipped: 0  Warnings: 936

Query OK, 0 rows affected (0.00 sec)

Query OK, 149 rows affected, 524 warnings (0.03 sec)
Records: 149  Deleted: 0  Skipped: 0  Warnings: 524

+------------+
| dailyusage |
+------------+
|   17592157 |
+------------+
1 row in set (6.87 sec)

+------------+------------+------------+---------+
| datestart  | dateend    | insertedon | records |
+------------+------------+------------+---------+
| 2021-05-20 | 2021-05-20 | 2021-05-21 |   11699 |
| 2021-05-19 | 2021-05-19 | 2021-05-20 |   11744 |
| 2021-05-18 | 2021-05-18 | 2021-05-19 |   11702 |
| 2021-05-17 | 2021-05-17 | 2021-05-18 |   11520 |
| 2021-05-16 | 2021-05-16 | 2021-05-17 |   11542 |
+------------+------------+------------+---------+
5 rows in set (36.78 sec)

+----------+------------+------------+------------+---------+
| category | datestart  | dateend    | insertedon | records |
+----------+------------+------------+------------+---------+
| UNCAPPED | 2021-05-20 | 2021-05-20 | 2021-05-21 |    6850 |
| PREPAID  | 2021-05-20 | 2021-05-20 | 2021-05-21 |     259 |
| HOTSPOT  | 2021-05-20 | 2021-05-20 | 2021-05-21 |     149 |
| CAPPED   | 2021-05-20 | 2021-05-20 | 2021-05-21 |    4441 |
| UNCAPPED | 2021-05-19 | 2021-05-19 | 2021-05-20 |    6805 |
| PREPAID  | 2021-05-19 | 2021-05-19 | 2021-05-20 |     280 |
| HOTSPOT  | 2021-05-19 | 2021-05-19 | 2021-05-20 |     179 |
| CAPPED   | 2021-05-19 | 2021-05-19 | 2021-05-20 |    4480 |
| UNCAPPED | 2021-05-18 | 2021-05-18 | 2021-05-19 |    6862 |
| PREPAID  | 2021-05-18 | 2021-05-18 | 2021-05-19 |     280 |
| HOTSPOT  | 2021-05-18 | 2021-05-18 | 2021-05-19 |     118 |
| CAPPED   | 2021-05-18 | 2021-05-18 | 2021-05-19 |    4442 |
| UNCAPPED | 2021-05-17 | 2021-05-17 | 2021-05-18 |    6729 |
| PREPAID  | 2021-05-17 | 2021-05-17 | 2021-05-18 |     291 |
| HOTSPOT  | 2021-05-17 | 2021-05-17 | 2021-05-18 |     132 |
| CAPPED   | 2021-05-17 | 2021-05-17 | 2021-05-18 |    4368 |
| UNCAPPED | 2021-05-16 | 2021-05-16 | 2021-05-17 |    6704 |
| PREPAID  | 2021-05-16 | 2021-05-16 | 2021-05-17 |     314 |
| HOTSPOT  | 2021-05-16 | 2021-05-16 | 2021-05-17 |     133 |
| CAPPED   | 2021-05-16 | 2021-05-16 | 2021-05-17 |    4391 |
+----------+------------+------------+------------+---------+
20 rows in set (25.97 sec)

mysql> mysql \. C:\workspace\cloud\code\sql\_DailyScript\currenttime.sql
+---------------------+
| currenttime         |
+---------------------+
| 2021-05-21 05:46:54 |
+---------------------+
1 row in set (0.00 sec)

mysql> 
mysql> mysql \. C:\workspace\cloud\code\sql\_DailyScript\DAILY-SCRIPT-SALES-TELEMETRY.sql
Database changed
Query OK, 122 rows affected, 98 warnings (0.05 sec)
Records: 122  Deleted: 0  Skipped: 0  Warnings: 98

+------------+
| dailysales |
+------------+
|     233531 |
+------------+
1 row in set (0.22 sec)

Query OK, 0 rows affected (0.01 sec)

Query OK, 233531 rows affected (15.55 sec)
Records: 233531  Duplicates: 0  Warnings: 0

+--------+
| sales  |
+--------+
| 233531 |
+--------+
1 row in set (0.10 sec)

Query OK, 0 rows affected (0.02 sec)

Query OK, 3862 rows affected (0.37 sec)
Records: 3862  Duplicates: 0  Warnings: 0

+----------------+
| rep_dailysales |
+----------------+
|           3862 |
+----------------+
1 row in set (0.00 sec)

Query OK, 0 rows affected (0.00 sec)

Query OK, 3862 rows affected (0.58 sec)
Records: 3862  Duplicates: 0  Warnings: 0

+-------------------+
| rep_dailysalesreg |
+-------------------+
|              3862 |
+-------------------+
1 row in set (0.00 sec)

Query OK, 0 rows affected (0.01 sec)

Query OK, 2926 rows affected (0.73 sec)
Records: 2926  Duplicates: 0  Warnings: 0

+-----------+
| saleslist |
+-----------+
|      2926 |
+-----------+
1 row in set (0.00 sec)

Database changed
ERROR 2 (HY000): File 'C:\ProgramData\MySQL\MySQL Server 5.7\Uploads\_csv\PrepaidCardSales-20052021-P1.csv' not found (Errcode: 2 - No such file or directory)
+------------------+
| dailysinglesales |
+------------------+
|             6512 |
+------------------+
1 row in set (0.01 sec)

Database changed
Query OK, 22 rows affected (0.04 sec)
Records: 22  Deleted: 0  Skipped: 0  Warnings: 0

+-----------------+
| dailyaddonsales |
+-----------------+
|           23524 |
+-----------------+
1 row in set (0.04 sec)

Query OK, 254 rows affected (0.11 sec)
Records: 254  Deleted: 0  Skipped: 0  Warnings: 0

+----------------+
| onlinepayments |
+----------------+
|         188141 |
+----------------+
1 row in set (0.14 sec)

+-------------+----------------+---------------------+
| paymentdate | onlinepayments | onlinepaymentamount |
+-------------+----------------+---------------------+
| 2021-05-20  |            254 |        150996.57000 |
| 2021-05-19  |            217 |        129113.49000 |
| 2021-05-18  |            222 |        126289.44000 |
| 2021-05-17  |            253 |        160515.16000 |
| 2021-05-16  |            201 |        121346.08000 |
+-------------+----------------+---------------------+
5 rows in set (0.54 sec)

+-------------+--------------+----------------+---------------------+
| paymentyear | paymentmonth | onlinepayments | onlinepaymentamount |
+-------------+--------------+----------------+---------------------+
|        2021 |            5 |           5401 |       3403525.42000 |
|        2021 |            4 |           8607 |       5573873.25000 |
|        2021 |            3 |           9164 |       5894594.15000 |
|        2021 |            2 |           8581 |       5454096.95000 |
|        2021 |            1 |           9124 |       5808374.04000 |
+-------------+--------------+----------------+---------------------+
5 rows in set (0.18 sec)

mysql> mysql \. C:\workspace\cloud\code\sql\_DailyScript\currenttime.sql
+---------------------+
| currenttime         |
+---------------------+
| 2021-05-21 05:47:13 |
+---------------------+
1 row in set (0.00 sec)

mysql> 
mysql> mysql \. C:\workspace\cloud\code\sql\_DailyScript\DAILY-SCRIPT-ACTIVENUMBERS.sql
Database changed
Query OK, 1124 rows affected (0.49 sec)
Records: 1124  Deleted: 0  Skipped: 0  Warnings: 0

+------------+----------+
| period     | count(1) |
+------------+----------+
| 2021-05-20 |     1124 |
| 2021-05-19 |     1125 |
| 2021-05-18 |     1124 |
| 2021-05-17 |     1126 |
| 2021-05-16 |     1128 |
+------------+----------+
5 rows in set (0.01 sec)

Query OK, 0 rows affected (0.01 sec)

Query OK, 77 rows affected (1.40 sec)
Records: 77  Duplicates: 0  Warnings: 0

+-------------+
| packagelist |
+-------------+
|          77 |
+-------------+
1 row in set (0.00 sec)

Database changed
Query OK, 0 rows affected (0.00 sec)

Query OK, 0 rows affected (0.00 sec)

Query OK, 0 rows affected (0.00 sec)

Query OK, 0 rows affected (0.00 sec)

Query OK, 28829 rows affected, 199 warnings (18.09 sec)
Records: 28829  Deleted: 0  Skipped: 0  Warnings: 199

+------------+----------+
| period     | count(1) |
+------------+----------+
| 2021-05-20 |    28829 |
| 2021-05-19 |    28792 |
| 2021-05-18 |    28816 |
| 2021-05-17 |    28708 |
| 2021-05-16 |    28594 |
+------------+----------+
5 rows in set (0.13 sec)

Query OK, 0 rows affected (0.02 sec)

Query OK, 28261 rows affected (50.15 sec)
Records: 28261  Duplicates: 0  Warnings: 0

Query OK, 0 rows affected (0.11 sec)
Records: 0  Duplicates: 0  Warnings: 0

Query OK, 0 rows affected (0.11 sec)
Records: 0  Duplicates: 0  Warnings: 0

Query OK, 0 rows affected (0.10 sec)
Records: 0  Duplicates: 0  Warnings: 0

Query OK, 0 rows affected (0.08 sec)
Records: 0  Duplicates: 0  Warnings: 0

Query OK, 0 rows affected (0.07 sec)
Records: 0  Duplicates: 0  Warnings: 0

Query OK, 0 rows affected (0.07 sec)
Records: 0  Duplicates: 0  Warnings: 0

+-------------+
| countbefore |
+-------------+
|    45981900 |
+-------------+
1 row in set (17.59 sec)

Query OK, 28261 rows affected (5.88 sec)
Records: 28261  Duplicates: 0  Warnings: 0

+------------+
| countafter |
+------------+
|   46010161 |
+------------+
1 row in set (15.33 sec)

+------------+--------------------------+
| period     | customercontractactivity |
+------------+--------------------------+
| 2021-05-20 |                    28261 |
| 2021-05-19 |                    28226 |
| 2021-05-18 |                    28250 |
| 2021-05-17 |                    28141 |
| 2021-05-16 |                    28028 |
+------------+--------------------------+
5 rows in set (0.06 sec)

Query OK, 0 rows affected (0.04 sec)

Query OK, 303780 rows affected (8 min 15.85 sec)
Records: 303780  Duplicates: 0  Warnings: 0

Query OK, 0 rows affected (1.00 sec)
Records: 0  Duplicates: 0  Warnings: 0

Query OK, 0 rows affected (1.13 sec)
Records: 0  Duplicates: 0  Warnings: 0

Query OK, 0 rows affected (1.10 sec)
Records: 0  Duplicates: 0  Warnings: 0

Query OK, 0 rows affected (0.01 sec)

Query OK, 231 rows affected (0.45 sec)
Records: 231  Duplicates: 0  Warnings: 0

Query OK, 0 rows affected (0.00 sec)

Query OK, 2616 rows affected (0.62 sec)
Records: 2616  Duplicates: 0  Warnings: 0

Query OK, 0 rows affected (0.01 sec)

Query OK, 28238 rows affected (0.57 sec)
Records: 28238  Duplicates: 0  Warnings: 0

Query OK, 0 rows affected (0.01 sec)

Query OK, 17269 rows affected (0.36 sec)
Records: 17269  Duplicates: 0  Warnings: 0

Query OK, 0 rows affected (0.01 sec)

Query OK, 17269 rows affected (0.13 sec)
Records: 17269  Duplicates: 0  Warnings: 0

Query OK, 0 rows affected (0.01 sec)

Query OK, 17269 rows affected (1.18 sec)
Records: 17269  Duplicates: 0  Warnings: 0

Query OK, 0 rows affected (0.01 sec)

Query OK, 17269 rows affected (44.31 sec)
Records: 17269  Duplicates: 0  Warnings: 0

+-------------+
| clientstats |
+-------------+
|       17269 |
+-------------+
1 row in set (0.01 sec)

Query OK, 0 rows affected (0.01 sec)

Query OK, 13 rows affected, 1 warning (0.10 sec)
Records: 13  Duplicates: 0  Warnings: 1

+-----------------------+-------------+-------------+----------------+-----------------+
| services              | activecount | allaccounts | uniqueaccounts | uniquecontracts |
+-----------------------+-------------+-------------+----------------+-----------------+
| All                   |         386 |          65 |             65 |             207 |
| Internet & OTT        |           4 |           2 |              2 |               2 |
| Internet & Voice      |         338 |         150 |            150 |             294 |
| Internet Only         |        4378 |        4260 |           4256 |            4304 |
| OTT Only              |           1 |           1 |              1 |               1 |
| TV & Internet         |        9958 |        4472 |           4466 |            9124 |
| TV & Internet & OTT   |        3747 |         965 |            963 |            1991 |
| TV & Internet & Voice |         520 |         146 |            146 |             449 |
| TV & OTT              |         537 |          78 |             76 |             101 |
| TV & Voice            |          74 |          33 |             33 |              68 |
| TV Only               |        8910 |        6978 |           6969 |            7172 |
| Voice Only            |         122 |         119 |            119 |             122 |
| GRAND TOTAL           |       28975 |       17269 |          17202 |           23835 |
+-----------------------+-------------+-------------+----------------+-----------------+
13 rows in set (0.00 sec)

+-------------+-------------+-------------+----------------+-----------------+
| network     | activecount | allaccounts | uniqueaccounts | uniquecontracts |
+-------------+-------------+-------------+----------------+-----------------+
| GPON        |       11831 |        5901 |           5898 |            9323 |
| HFC         |       17144 |       11368 |          11368 |           14512 |
| GRAND TOTAL |       28975 |       17269 |          17202 |           23835 |
+-------------+-------------+-------------+----------------+-----------------+
3 rows in set, 1 warning (0.12 sec)

+-------------+-----------------------+-------------+-------------+----------------+-----------------+
| network     | services              | activecount | allaccounts | uniqueaccounts | uniquecontracts |
+-------------+-----------------------+-------------+-------------+----------------+-----------------+
| GPON        | All                   |         266 |          48 |             48 |             150 |
| GPON        | Internet & Voice      |          90 |          38 |             38 |              80 |
| GPON        | Internet Only         |        1428 |        1329 |           1329 |            1355 |
| GPON        | TV & Internet         |        4944 |        2183 |           2183 |            4495 |
| GPON        | TV & Internet & OTT   |        2498 |         639 |            639 |            1326 |
| GPON        | TV & Internet & Voice |         253 |          66 |             66 |             206 |
| GPON        | TV & OTT              |         307 |          43 |             43 |              54 |
| GPON        | TV & Voice            |          50 |          22 |             22 |              46 |
| GPON        | TV Only               |        1984 |        1523 |           1523 |            1600 |
| GPON        | Voice Only            |          11 |          10 |             10 |              11 |
| GPON        | Services Total        |       11831 |        5901 |           5898 |            9323 |
| HFC         | All                   |         120 |          17 |             17 |              57 |
| HFC         | Internet & OTT        |           4 |           2 |              2 |               2 |
| HFC         | Internet & Voice      |         248 |         112 |            112 |             214 |
| HFC         | Internet Only         |        2950 |        2931 |           2931 |            2949 |
| HFC         | OTT Only              |           1 |           1 |              1 |               1 |
| HFC         | TV & Internet         |        5014 |        2289 |           2289 |            4629 |
| HFC         | TV & Internet & OTT   |        1249 |         326 |            326 |             665 |
| HFC         | TV & Internet & Voice |         267 |          80 |             80 |             243 |
| HFC         | TV & OTT              |         230 |          35 |             35 |              47 |
| HFC         | TV & Voice            |          24 |          11 |             11 |              22 |
| HFC         | TV Only               |        6926 |        5455 |           5455 |            5572 |
| HFC         | Voice Only            |         111 |         109 |            109 |             111 |
| HFC         | Services Total        |       17144 |       11368 |          11368 |           14512 |
| GRAND TOTAL | Services Total        |       28975 |       17269 |          17202 |           23835 |
+-------------+-----------------------+-------------+-------------+----------------+-----------------+
25 rows in set, 2 warnings (0.14 sec)

Query OK, 0 rows affected (0.01 sec)

Query OK, 44 rows affected, 3 warnings (0.19 sec)
Records: 44  Duplicates: 0  Warnings: 3

+-------------+---------------+-----------------------+-------------+-------------+----------------+-----------------+
| region      | network       | services              | activecount | allaccounts | uniqueaccounts | uniquecontracts |
+-------------+---------------+-----------------------+-------------+-------------+----------------+-----------------+
| Eden Island | GPON          | TV & Internet         |           2 |           1 |              1 |               2 |
| Eden Island | GPON          | Services Total        |           2 |           1 |              1 |               2 |
| Eden Island | Network Total | Services Total        |           2 |           1 |              1 |               2 |
| Mahe        | GPON          | All                   |         235 |          43 |             43 |             135 |
| Mahe        | GPON          | Internet & Voice      |          80 |          33 |             33 |              70 |
| Mahe        | GPON          | Internet Only         |        1195 |        1096 |           1096 |            1122 |
| Mahe        | GPON          | TV & Internet         |        4075 |        1797 |           1797 |            3700 |
| Mahe        | GPON          | TV & Internet & OTT   |        2139 |         539 |            539 |            1123 |
| Mahe        | GPON          | TV & Internet & Voice |         240 |          62 |             62 |             193 |
| Mahe        | GPON          | TV & OTT              |         281 |          33 |             33 |              44 |
| Mahe        | GPON          | TV & Voice            |          48 |          21 |             21 |              44 |
| Mahe        | GPON          | TV Only               |        1617 |        1231 |           1231 |            1292 |
| Mahe        | GPON          | Voice Only            |          11 |          10 |             10 |              11 |
| Mahe        | GPON          | Services Total        |        9921 |        4865 |           4865 |            7734 |
| Mahe        | HFC           | All                   |         120 |          17 |             17 |              57 |
| Mahe        | HFC           | Internet & OTT        |           4 |           2 |              2 |               2 |
| Mahe        | HFC           | Internet & Voice      |         248 |         112 |            112 |             214 |
| Mahe        | HFC           | Internet Only         |        2949 |        2930 |           2930 |            2948 |
| Mahe        | HFC           | OTT Only              |           1 |           1 |              1 |               1 |
| Mahe        | HFC           | TV & Internet         |        5012 |        2288 |           2288 |            4627 |
| Mahe        | HFC           | TV & Internet & OTT   |        1249 |         326 |            326 |             665 |
| Mahe        | HFC           | TV & Internet & Voice |         267 |          80 |             80 |             243 |
| Mahe        | HFC           | TV & OTT              |         230 |          35 |             35 |              47 |
| Mahe        | HFC           | TV & Voice            |          24 |          11 |             11 |              22 |
| Mahe        | HFC           | TV Only               |        6923 |        5453 |           5453 |            5570 |
| Mahe        | HFC           | Voice Only            |         111 |         109 |            109 |             111 |
| Mahe        | HFC           | Services Total        |       17138 |       11364 |          11364 |           14507 |
| Mahe        | Network Total | Services Total        |       27059 |       16229 |          16165 |           22241 |
| Praslin     | GPON          | All                   |          31 |           5 |              5 |              15 |
| Praslin     | GPON          | Internet & Voice      |          10 |           5 |              5 |              10 |
| Praslin     | GPON          | Internet Only         |         233 |         233 |            233 |             233 |
| Praslin     | GPON          | TV & Internet         |         867 |         385 |            385 |             793 |
| Praslin     | GPON          | TV & Internet & OTT   |         359 |         100 |            100 |             203 |
| Praslin     | GPON          | TV & Internet & Voice |          13 |           4 |              4 |              13 |
| Praslin     | GPON          | TV & OTT              |          26 |          10 |             10 |              10 |
| Praslin     | GPON          | TV & Voice            |           2 |           1 |              1 |               2 |
| Praslin     | GPON          | TV Only               |         367 |         292 |            292 |             308 |
| Praslin     | GPON          | Services Total        |        1908 |        1035 |           1035 |            1587 |
| Praslin     | HFC           | Internet Only         |           1 |           1 |              1 |               1 |
| Praslin     | HFC           | TV & Internet         |           2 |           1 |              1 |               2 |
| Praslin     | HFC           | TV Only               |           3 |           2 |              2 |               2 |
| Praslin     | HFC           | Services Total        |           6 |           4 |              4 |               5 |
| Praslin     | Network Total | Services Total        |        1914 |        1039 |           1039 |            1592 |
| GRAND TOTAL | Network Total | Services Total        |       28975 |       17269 |          17202 |           23835 |
+-------------+---------------+-----------------------+-------------+-------------+----------------+-----------------+
44 rows in set (0.00 sec)

Query OK, 0 rows affected (0.01 sec)

Query OK, 28239 rows affected (0.45 sec)
Records: 28239  Duplicates: 0  Warnings: 0

Query OK, 0 rows affected (0.01 sec)

Query OK, 2275 rows affected (1.44 sec)
Records: 2275  Duplicates: 0  Warnings: 0

+--------------------------------------+
| message                              |
+--------------------------------------+
| running rcbill_my.sp_ActiveNumber2() |
+--------------------------------------+
1 row in set (0.00 sec)

Query OK, 365 rows affected (1 min 57.22 sec)

mysql> mysql \. C:\workspace\cloud\code\sql\_DailyScript\currenttime.sql
+---------------------+
| currenttime         |
+---------------------+
| 2021-05-21 06:00:10 |
+---------------------+
1 row in set (0.00 sec)

mysql> 
mysql> mysql \. C:\workspace\cloud\code\sql\_DailyScript\GetActiveNumbers Average -Pivot.sql
Database changed
+-------------------------------------+
| @today := subdate(current_date(),1) |
+-------------------------------------+
| 2021-05-20                          |
+-------------------------------------+
1 row in set (0.00 sec)

+-------------------------------------+
| @lastdayofmonth := last_day(@today) |
+-------------------------------------+
| 2021-05-31                          |
+-------------------------------------+
1 row in set (0.00 sec)

Query OK, 0 rows affected (0.01 sec)

Query OK, 47664 rows affected, 65535 warnings (1 min 1.09 sec)
Records: 47664  Duplicates: 0  Warnings: 96537

Query OK, 0 rows affected (0.11 sec)
Records: 0  Duplicates: 0  Warnings: 0

Query OK, 0 rows affected (0.14 sec)
Records: 0  Duplicates: 0  Warnings: 0

Query OK, 0 rows affected (0.11 sec)
Records: 0  Duplicates: 0  Warnings: 0

+-----------------+
| activenumberavg |
+-----------------+
|           47664 |
+-----------------+
1 row in set (0.02 sec)

Query OK, 0 rows affected (0.01 sec)

Query OK, 1961 rows affected (0.56 sec)
Records: 1961  Duplicates: 0  Warnings: 0

+---------------------+
| rep_activenumberavg |
+---------------------+
|                1961 |
+---------------------+
1 row in set (0.00 sec)

+----------------------+
| rep_activenumberavg1 |
+----------------------+
|                  915 |
+----------------------+
1 row in set (0.00 sec)

Query OK, 0 rows affected (0.01 sec)

Query OK, 2507 rows affected (0.45 sec)
Records: 2507  Duplicates: 0  Warnings: 0

Query OK, 0 rows affected (0.01 sec)

Query OK, 12909 rows affected (0.82 sec)
Records: 12909  Duplicates: 0  Warnings: 0

Query OK, 0 rows affected (0.00 sec)

Query OK, 0 rows affected (0.01 sec)

Query OK, 0 rows affected (0.01 sec)

Query OK, 0 rows affected (0.00 sec)

Query OK, 0 rows affected (0.00 sec)
Statement prepared

Query OK, 53 rows affected (0.05 sec)
Records: 53  Duplicates: 0  Warnings: 0

Query OK, 0 rows affected (0.00 sec)

Query OK, 0 rows affected (0.00 sec)

+----------------------+
| rep_activenumberavg2 |
+----------------------+
|                 2507 |
+----------------------+
1 row in set (0.00 sec)

+------------------------+
| rep_activenumberavg_pv |
+------------------------+
|                     53 |
+------------------------+
1 row in set (0.00 sec)

Query OK, 0 rows affected (0.01 sec)

Query OK, 2506 rows affected (0.37 sec)
Records: 2506  Duplicates: 0  Warnings: 0

Query OK, 0 rows affected (0.00 sec)

Query OK, 0 rows affected (0.01 sec)

Query OK, 0 rows affected (0.01 sec)

Query OK, 0 rows affected (0.00 sec)

Query OK, 0 rows affected (0.00 sec)
Statement prepared

Query OK, 53 rows affected (0.05 sec)
Records: 53  Duplicates: 0  Warnings: 0

Query OK, 0 rows affected (0.00 sec)

Query OK, 0 rows affected (0.00 sec)

+-------------------------+
| rep_activenumberavgMahe |
+-------------------------+
|                    2506 |
+-------------------------+
1 row in set (0.00 sec)

+----------------------------+
| rep_activenumberavgMahe_pv |
+----------------------------+
|                         53 |
+----------------------------+
1 row in set (0.00 sec)

Query OK, 0 rows affected (0.01 sec)

Query OK, 1586 rows affected (0.17 sec)
Records: 1586  Duplicates: 0  Warnings: 0

Query OK, 0 rows affected (0.00 sec)

Query OK, 0 rows affected (0.00 sec)

Query OK, 0 rows affected (0.01 sec)

Query OK, 0 rows affected (0.00 sec)

Query OK, 0 rows affected (0.00 sec)
Statement prepared

Query OK, 40 rows affected (0.03 sec)
Records: 40  Duplicates: 0  Warnings: 0

Query OK, 0 rows affected (0.00 sec)

Query OK, 0 rows affected (0.00 sec)

+----------------------------+
| rep_activenumberavgPraslin |
+----------------------------+
|                       1586 |
+----------------------------+
1 row in set (0.00 sec)

+-------------------------------+
| rep_activenumberavgPraslin_pv |
+-------------------------------+
|                            40 |
+-------------------------------+
1 row in set (0.00 sec)

mysql> mysql \. C:\workspace\cloud\code\sql\_DailyScript\currenttime.sql
+---------------------+
| currenttime         |
+---------------------+
| 2021-05-21 06:01:14 |
+---------------------+
1 row in set (0.00 sec)

mysql> 
mysql> mysql \. C:\workspace\cloud\code\sql\_DailyScript\budget_actual_analysis_2021.sql
Query OK, 0 rows affected (0.01 sec)

Query OK, 755 rows affected, 3 warnings (0.13 sec)
Records: 755  Duplicates: 0  Warnings: 3

+--------------------+
| budget_actual_2021 |
+--------------------+
|                755 |
+--------------------+
1 row in set (0.00 sec)

Query OK, 0 rows affected (0.01 sec)

Query OK, 47 rows affected (0.04 sec)
Records: 47  Duplicates: 0  Warnings: 0

+---------------------------+
| rep_budget_actual_2021_pv |
+---------------------------+
|                        47 |
+---------------------------+
1 row in set (0.00 sec)

mysql> mysql \. C:\workspace\cloud\code\sql\_DailyScript\currenttime.sql
+---------------------+
| currenttime         |
+---------------------+
| 2021-05-21 06:01:14 |
+---------------------+
1 row in set (0.00 sec)

mysql> 
mysql> mysql \. C:\workspace\cloud\code\sql\_DailyScript\reports-sales-addons-prepaid-camera.sql
Database changed
Query OK, 0 rows affected (0.00 sec)

Query OK, 4285 rows affected (0.19 sec)
Records: 4285  Duplicates: 0  Warnings: 0

Query OK, 0 rows affected (0.01 sec)

Query OK, 23568 rows affected (6.44 sec)
Records: 23568  Duplicates: 0  Warnings: 0

+--------------------+
| rep_prepaid_camera |
+--------------------+
|               4285 |
+--------------------+
1 row in set (0.00 sec)

+-----------+
| rep_addon |
+-----------+
|     23568 |
+-----------+
1 row in set (0.01 sec)

mysql> mysql \. C:\workspace\cloud\code\sql\_DailyScript\currenttime.sql
+---------------------+
| currenttime         |
+---------------------+
| 2021-05-21 06:01:21 |
+---------------------+
1 row in set (0.00 sec)

mysql> 
mysql> mysql \. C:\workspace\cloud\code\sql\_DailyScript\RCB_ClientAnalyticsReport_Script.sql
Database changed
Query OK, 0 rows affected (0.00 sec)

Query OK, 0 rows affected (0.11 sec)

Query OK, 2066299 rows affected (1 min 12.12 sec)
Records: 2066299  Duplicates: 0  Warnings: 0

Query OK, 0 rows affected (8.92 sec)
Records: 0  Duplicates: 0  Warnings: 0

Query OK, 0 rows affected (5.09 sec)
Records: 0  Duplicates: 0  Warnings: 0

Query OK, 0 rows affected (8.16 sec)
Records: 0  Duplicates: 0  Warnings: 0

Query OK, 0 rows affected (8.68 sec)
Records: 0  Duplicates: 0  Warnings: 0

Query OK, 0 rows affected (10.27 sec)
Records: 0  Duplicates: 0  Warnings: 0

Query OK, 0 rows affected (7.40 sec)
Records: 0  Duplicates: 0  Warnings: 0

Query OK, 0 rows affected (0.00 sec)

Query OK, 513122 rows affected (13.17 sec)
Rows matched: 2066299  Changed: 513122  Warnings: 0

Query OK, 0 rows affected (0.01 sec)

Query OK, 29038 rows affected (7.52 sec)
Records: 29038  Duplicates: 0  Warnings: 0

+---------------------+
| clientcontractssubs |
+---------------------+
|               29038 |
+---------------------+
1 row in set (0.01 sec)

Query OK, 0 rows affected (0.03 sec)

Query OK, 45004 rows affected (11 min 19.60 sec)
Records: 45004  Duplicates: 0  Warnings: 0

Query OK, 0 rows affected (0.17 sec)
Records: 0  Duplicates: 0  Warnings: 0

Query OK, 0 rows affected (0.17 sec)
Records: 0  Duplicates: 0  Warnings: 0

Query OK, 0 rows affected (0.09 sec)
Records: 0  Duplicates: 0  Warnings: 0

+-----------------------+
| clientcontracthistory |
+-----------------------+
|                 45004 |
+-----------------------+
1 row in set (0.01 sec)

Query OK, 0 rows affected (0.02 sec)

Query OK, 2814820 rows affected (1 min 32.55 sec)
Records: 2814820  Duplicates: 0  Warnings: 0

Query OK, 0 rows affected (0.02 sec)

Query OK, 480644 rows affected (4 min 48.86 sec)
Records: 480644  Duplicates: 0  Warnings: 0

Query OK, 0 rows affected (1.58 sec)
Records: 0  Duplicates: 0  Warnings: 0

Query OK, 0 rows affected (0.78 sec)
Records: 0  Duplicates: 0  Warnings: 0

Query OK, 0 rows affected (1.74 sec)
Records: 0  Duplicates: 0  Warnings: 0

Query OK, 0 rows affected (0.96 sec)
Records: 0  Duplicates: 0  Warnings: 0

+--------------------------+
| clientcontractinvpmt_stg |
+--------------------------+
|                   480644 |
+--------------------------+
1 row in set (0.13 sec)

Query OK, 0 rows affected (0.02 sec)

Query OK, 480644 rows affected (11.17 sec)
Records: 480644  Duplicates: 0  Warnings: 0

Query OK, 0 rows affected (1.63 sec)
Records: 0  Duplicates: 0  Warnings: 0

Query OK, 0 rows affected (0.98 sec)
Records: 0  Duplicates: 0  Warnings: 0

Query OK, 0 rows affected (2.04 sec)
Records: 0  Duplicates: 0  Warnings: 0

Query OK, 0 rows affected (1.00 sec)
Records: 0  Duplicates: 0  Warnings: 0

+----------------------+
| clientcontractinvpmt |
+----------------------+
|               480644 |
+----------------------+
1 row in set (0.13 sec)

Query OK, 0 rows affected (0.02 sec)

Query OK, 45004 rows affected (1 min 28.67 sec)
Records: 45004  Duplicates: 0  Warnings: 0

+--------------+
| clientreport |
+--------------+
|        45004 |
+--------------+
1 row in set (0.02 sec)

Query OK, 0 rows affected (0.01 sec)

Query OK, 45004 rows affected (10.30 sec)
Records: 45004  Duplicates: 0  Warnings: 0

+----------------------+
| clientextendedreport |
+----------------------+
|                45004 |
+----------------------+
1 row in set (0.01 sec)

Query OK, 0 rows affected (0.01 sec)

Query OK, 45004 rows affected (1 min 3.45 sec)
Records: 45004  Duplicates: 0  Warnings: 0

+---------+
| allcust |
+---------+
|   45004 |
+---------+
1 row in set (0.01 sec)

Query OK, 0 rows affected, 1 warning (0.00 sec)

Query OK, 5000 rows affected (0.14 sec)
Records: 5000  Duplicates: 0  Warnings: 0

Query OK, 0 rows affected (0.01 sec)

Query OK, 6821 rows affected (0.30 sec)
Records: 6821  Duplicates: 0  Warnings: 0

Query OK, 0 rows affected, 1 warning (0.00 sec)

Query OK, 5000 rows affected (0.14 sec)
Records: 5000  Duplicates: 0  Warnings: 0

Query OK, 0 rows affected (0.01 sec)

Query OK, 7236 rows affected (0.17 sec)
Records: 7236  Duplicates: 0  Warnings: 0

mysql> mysql \. C:\workspace\cloud\code\sql\_DailyScript\currenttime.sql
+---------------------+
| currenttime         |
+---------------------+
| 2021-05-21 06:24:29 |
+---------------------+
1 row in set (0.00 sec)

mysql> 
mysql> 
mysql> mysql \. C:\workspace\cloud\code\sql\_DailyScript\REVENUE_PER_NODE_MXK.sql
Query OK, 0 rows affected (0.02 sec)

Query OK, 0 rows affected (0.01 sec)

Query OK, 0 rows affected (0.01 sec)

Query OK, 7975 rows affected (2.06 sec)
Records: 7975  Duplicates: 0  Warnings: 0

+----------------------+
| message              |
+----------------------+
| created temp table a |
+----------------------+
1 row in set (0.00 sec)

Query OK, 6786 rows affected (1.00 sec)
Records: 6786  Duplicates: 0  Warnings: 0

+----------------------+
| message              |
+----------------------+
| created temp table b |
+----------------------+
1 row in set (0.00 sec)

Query OK, 0 rows affected, 1 warning (0.00 sec)

Query OK, 8281 rows affected (22.13 sec)
Records: 8281  Duplicates: 0  Warnings: 0

+--------------------------------+
| message                        |
+--------------------------------+
| created rcbill_my.tempcustmxk1 |
+--------------------------------+
1 row in set (0.00 sec)

Query OK, 0 rows affected (0.01 sec)

Query OK, 0 rows affected (0.00 sec)

Query OK, 0 rows affected, 1 warning (0.00 sec)

Query OK, 7975 rows affected (1.85 sec)
Records: 7975  Duplicates: 0  Warnings: 0

+----------------+
| message        |
+----------------+
| created temp a |
+----------------+
1 row in set (0.00 sec)

Query OK, 6786 rows affected (0.85 sec)
Records: 6786  Duplicates: 0  Warnings: 0

+----------------+
| message        |
+----------------+
| created temp b |
+----------------+
1 row in set (0.00 sec)

Query OK, 0 rows affected, 1 warning (0.00 sec)

Query OK, 6914 rows affected (11.68 sec)
Records: 6914  Duplicates: 0  Warnings: 0

+--------------------------------+
| message                        |
+--------------------------------+
| created rcbill_my.tempcustmxk2 |
+--------------------------------+
1 row in set (0.00 sec)

Query OK, 0 rows affected (0.01 sec)

Query OK, 0 rows affected (0.00 sec)

Query OK, 0 rows affected, 1 warning (0.00 sec)

Query OK, 0 rows affected (0.01 sec)

Query OK, 9169 rows affected (0.45 sec)
Records: 9169  Duplicates: 0  Warnings: 0

+---------------------------------+
| message                         |
+---------------------------------+
| created rcbill_my.customers_mxk |
+---------------------------------+
1 row in set (0.00 sec)

Query OK, 0 rows affected (0.01 sec)

Query OK, 0 rows affected (0.01 sec)

Query OK, 14398 rows affected (5.83 sec)
Records: 14398  Duplicates: 0  Warnings: 0

+----------------+
| message        |
+----------------+
| created temp a |
+----------------+
1 row in set (0.00 sec)

Query OK, 17831 rows affected (1.87 sec)
Records: 17831  Duplicates: 0  Warnings: 0

+----------------+
| message        |
+----------------+
| created temp c |
+----------------+
1 row in set (0.00 sec)

Query OK, 0 rows affected, 1 warning (0.00 sec)

Query OK, 14398 rows affected (0.18 sec)
Records: 14398  Duplicates: 0  Warnings: 0

+---------------------------------+
| message                         |
+---------------------------------+
| created rcbill_my.tempcustcmts1 |
+---------------------------------+
1 row in set (0.00 sec)

Query OK, 0 rows affected (0.01 sec)

Query OK, 0 rows affected, 1 warning (0.00 sec)

Query OK, 0 rows affected (0.01 sec)

Query OK, 14398 rows affected (5.88 sec)
Records: 14398  Duplicates: 0  Warnings: 0

+----------------+
| message        |
+----------------+
| created temp a |
+----------------+
1 row in set (0.00 sec)

Query OK, 17831 rows affected (1.69 sec)
Records: 17831  Duplicates: 0  Warnings: 0

+----------------+
| message        |
+----------------+
| created temp c |
+----------------+
1 row in set (0.00 sec)

Query OK, 0 rows affected, 1 warning (0.00 sec)

Query OK, 17831 rows affected (0.17 sec)
Records: 17831  Duplicates: 0  Warnings: 0

+---------------------------------+
| message                         |
+---------------------------------+
| created rcbill_my.tempcustcmts2 |
+---------------------------------+
1 row in set (0.00 sec)

Query OK, 0 rows affected (0.01 sec)

Query OK, 0 rows affected, 1 warning (0.00 sec)

Query OK, 0 rows affected (0.01 sec)

Query OK, 0 rows affected (0.01 sec)

Query OK, 20781 rows affected (0.79 sec)
Records: 20781  Duplicates: 0  Warnings: 0

+----------------------------------+
| message                          |
+----------------------------------+
| created rcbill_my.customers_cmts |
+----------------------------------+
1 row in set (0.00 sec)

Query OK, 0 rows affected (0.01 sec)

Query OK, 0 rows affected (0.00 sec)

Query OK, 0 rows affected (0.02 sec)

Query OK, 25143 rows affected (0.98 sec)
Records: 25143  Duplicates: 0  Warnings: 0

+--------------------------------------+
| message                              |
+--------------------------------------+
| created rcbill_my.customers_cmts_mxk |
+--------------------------------------+
1 row in set (0.00 sec)

Query OK, 508021 rows affected (1 min 1.05 sec)
Records: 508021  Duplicates: 0  Warnings: 0

+----------------+
| message        |
+----------------+
| created temp a |
+----------------+
1 row in set (0.00 sec)

Query OK, 0 rows affected (0.02 sec)

Query OK, 508747 rows affected (9.77 sec)
Records: 508747  Duplicates: 0  Warnings: 0

+------------------------------------------------+
| message                                        |
+------------------------------------------------+
| created rcbill_my.customers_contracts_cmts_mxk |
+------------------------------------------------+
1 row in set (0.00 sec)

Query OK, 0 rows affected (0.03 sec)

Query OK, 0 rows affected, 1 warning (0.00 sec)

Query OK, 0 rows affected, 1 warning (0.00 sec)

Query OK, 0 rows affected (0.00 sec)

Query OK, 3994 rows affected (1.88 sec)
Rows matched: 3994  Changed: 3994  Warnings: 0

+------------------------------------------------+
| message                                        |
+------------------------------------------------+
| updated rcbill_my.customers_contracts_cmts_mxk |
+------------------------------------------------+
1 row in set (0.00 sec)

Query OK, 0 rows affected (0.03 sec)

Query OK, 2134005 rows affected (3 min 56.17 sec)
Records: 2134005  Duplicates: 0  Warnings: 0

+----------------------------------------+
| message                                |
+----------------------------------------+
| created rcbill_my.customers_collection |
+----------------------------------------+
1 row in set (0.00 sec)

Query OK, 0 rows affected (0.03 sec)

Query OK, 2466955 rows affected (1 min 46.63 sec)
Records: 2466955  Duplicates: 0  Warnings: 0

+------------------------------------------------+
| message                                        |
+------------------------------------------------+
| created rcbill_my.customers_cmts_mxk_cont_coll |
+------------------------------------------------+
1 row in set (0.00 sec)

Query OK, 0 rows affected (0.03 sec)

Query OK, 463164 rows affected (2 min 47.43 sec)
Records: 463164  Duplicates: 0  Warnings: 0

+--------------------------------------------------------+
| message                                                |
+--------------------------------------------------------+
| created rcbill_my.customers_contracts_collection_pivot |
+--------------------------------------------------------+
1 row in set (0.00 sec)

Query OK, 0 rows affected (0.01 sec)

Query OK, 41023 rows affected (2 min 52.89 sec)
Records: 41023  Duplicates: 0  Warnings: 0

+----------------------------------------------+
| message                                      |
+----------------------------------------------+
| created rcbill_my.customers_collection_pivot |
+----------------------------------------------+
1 row in set (0.00 sec)

Query OK, 0 rows affected (0.01 sec)

Query OK, 45004 rows affected (2.03 sec)
Records: 45004  Duplicates: 0  Warnings: 0

+--------------------------------------------+
| message                                    |
+--------------------------------------------+
| created rcbill_my.rep_customers_collection |
+--------------------------------------------+
1 row in set (0.00 sec)

Query OK, 0 rows affected (0.00 sec)

Query OK, 0 rows affected, 1 warning (0.00 sec)

Query OK, 471737 rows affected (13.29 sec)
Records: 471737  Duplicates: 0  Warnings: 0

+-------------------------+
| message                 |
+-------------------------+
| created rcbill_my.tempa |
+-------------------------+
1 row in set (0.00 sec)

Query OK, 0 rows affected, 1 warning (0.00 sec)

Query OK, 463164 rows affected (23.32 sec)
Records: 463164  Duplicates: 0  Warnings: 0

+-------------------------+
| message                 |
+-------------------------+
| created rcbill_my.tempb |
+-------------------------+
1 row in set (0.00 sec)

Query OK, 471737 rows affected (26.89 sec)
Records: 471737  Duplicates: 0  Warnings: 0

+-----------+
| message   |
+-----------+
| created a |
+-----------+
1 row in set (0.00 sec)

Query OK, 463164 rows affected (27.38 sec)
Records: 463164  Duplicates: 0  Warnings: 0

+-----------+
| message   |
+-----------+
| created b |
+-----------+
1 row in set (0.00 sec)

Query OK, 0 rows affected (0.04 sec)

Query OK, 0 rows affected (0.04 sec)

Query OK, 0 rows affected (0.02 sec)

Query OK, 508457 rows affected (1 min 1.37 sec)
Records: 508457  Duplicates: 0  Warnings: 0

+----------------------------------------------+
| message                                      |
+----------------------------------------------+
| created rcbill_my.cust_cont_payment_cmts_mxk |
+----------------------------------------------+
1 row in set (0.00 sec)

Query OK, 0 rows affected (0.02 sec)

Query OK, 0 rows affected (0.02 sec)

Query OK, 0 rows affected, 1 warning (0.00 sec)

Query OK, 0 rows affected (0.01 sec)

Query OK, 45004 rows affected (25.25 sec)
Records: 45004  Duplicates: 0  Warnings: 0

+--------------------------------------------------+
| message                                          |
+--------------------------------------------------+
| created rcbill_my.rep_cust_cont_payment_cmts_mxk |
+--------------------------------------------------+
1 row in set (0.00 sec)

Query OK, 0 rows affected, 1 warning (0.00 sec)

Query OK, 0 rows affected, 1 warning (0.00 sec)

Query OK, 0 rows affected (0.01 sec)

Query OK, 45004 rows affected (9.79 sec)
Records: 45004  Duplicates: 0  Warnings: 0

+----------------------+
| rep_custconsolidated |
+----------------------+
|                45004 |
+----------------------+
1 row in set (0.05 sec)

Query OK, 0 rows affected (0.01 sec)

+------------------------------------+
| message                            |
+------------------------------------+
| creating rcbill_my.rep_custextract |
+------------------------------------+
1 row in set (0.00 sec)

Query OK, 45004 rows affected (1.21 sec)
Records: 45004  Duplicates: 0  Warnings: 0

+-----------------+
| rep_custextract |
+-----------------+
|           45004 |
+-----------------+
1 row in set (0.01 sec)

Query OK, 0 rows affected (0.00 sec)

Query OK, 0 rows affected (0.01 sec)

+----------------------------------------------+
| message                                      |
+----------------------------------------------+
| creating rcbill_my.retentioncustomeractivity |
+----------------------------------------------+
1 row in set (0.00 sec)

Query OK, 918 rows affected (0.12 sec)
Records: 918  Duplicates: 0  Warnings: 0

+---------------------------+
| retentioncustomeractivity |
+---------------------------+
|                       918 |
+---------------------------+
1 row in set (0.00 sec)

+-----------+------------------------------------+------------+-------------+-----------------+------------------+---------------------+-------------------+
| HFC_NODE  | NODENAME                           | CMTS_DATE  | INSERTED_ON | UNIQUE_ACCOUNTS | UNIQUE_CONTRACTS | UNIQUE_MAC_INRCBOSS | UNIQUE_MAC_INCMTS |
+-----------+------------------------------------+------------+-------------+-----------------+------------------+---------------------+-------------------+
| NULL      | NULL                               | NULL       | 2021-05-21  |           12801 |            14011 |               13965 |                 0 |
| C5/0/0/U0 | ANSE-BOILEAU-2                     | 2021-03-10 | 2021-05-21  |               0 |                0 |                   0 |               204 |
| C5/0/0/U1 | 500-C3-ANSE-BOILEAU                | 2021-03-10 | 2021-05-21  |               0 |                0 |                   0 |               202 |
| C5/0/1/U0 | 501-C4-LA-MISIERE-LEFT-I           | 2021-03-10 | 2021-05-21  |               0 |                0 |                   0 |               164 |
| C5/0/1/U1 | 501-C5-LA-MISIERE-RIGHT            | 2021-03-10 | 2021-05-21  |               0 |                0 |                   0 |               115 |
| C5/0/1/U2 | 501-C7-LA-MISIERE-LEFT-II          | 2021-03-10 | 2021-05-21  |               0 |                0 |                   0 |               161 |
| C5/0/2/U0 | 502-C8-LA-LOUISE                   | 2021-03-10 | 2021-05-21  |               0 |                0 |                   0 |               139 |
| C5/0/2/U1 | LA-LOUISE-2                        | 2021-03-10 | 2021-05-21  |               0 |                0 |                   0 |               142 |
| C5/0/3/U0 | 504-C6-PETIT-PARIS                 | 2021-03-10 | 2021-05-21  |               0 |                0 |                   0 |               150 |
| C5/0/3/U1 | PETIT-PARIS-23                     | 2021-03-10 | 2021-05-21  |               0 |                0 |                   0 |                73 |
| C5/0/4/U0 | FOUR-SEASONS                       | 2021-03-10 | 2021-05-21  |               0 |                0 |                   0 |                 2 |
| C5/0/4/U1 | ANCHOR-CAFE-I                      | 2021-03-10 | 2021-05-21  |               0 |                0 |                   0 |               168 |
| C5/0/4/U2 | ANCHOR-CAFE-II                     | 2021-03-10 | 2021-05-21  |               0 |                0 |                   0 |               160 |
| C5/1/0/U0 | POINTE-LARUE-AIRPORT-23            | 2021-03-10 | 2021-05-21  |               0 |                0 |                   0 |               114 |
| C5/1/0/U1 | PPROVIDENCE-23                     | 2021-03-10 | 2021-05-21  |               0 |                0 |                   0 |                21 |
| C5/1/0/U2 | ROSHE-CAIMAN-23                    | 2021-03-10 | 2021-05-21  |               0 |                0 |                   0 |                11 |
| C5/1/0/U3 | HEAD-OFFICE | HO-23                | 2021-03-10 | 2021-05-21  |               0 |                0 |                   0 |                22 |
| C5/1/1/U1 | C5-UNION-VALE                      | 2021-03-10 | 2021-05-21  |               0 |                0 |                   0 |               187 |
| C5/1/3/U0 | POINTE-LARUE-AIRPORT-27            | 2021-03-10 | 2021-05-21  |               0 |                0 |                   0 |               149 |
| C5/1/3/U1 | PPROVIDENCE-27                     | 2021-03-10 | 2021-05-21  |               0 |                0 |                   0 |                23 |
| C5/1/3/U2 | ROSHE-CAIMAN-27                    | 2021-03-10 | 2021-05-21  |               0 |                0 |                   0 |                29 |
| C5/1/3/U3 | HEAD-OFFICE | HO-27                | 2021-03-10 | 2021-05-21  |               0 |                0 |                   0 |                21 |
| C5/1/4/U0 | ANSE-ROYALE-27                     | 2021-03-10 | 2021-05-21  |               0 |                0 |                   0 |                99 |
| C5/1/4/U1 | GLACIS-2-57                        | 2021-03-10 | 2021-05-21  |               0 |                0 |                   0 |                64 |
| C5/1/4/U2 | NULL                               | 2021-03-10 | 2021-05-21  |               0 |                0 |                   0 |               115 |
| C5/1/4/U3 | GLACIS-1                           | 2021-03-10 | 2021-05-21  |               0 |                0 |                   0 |                26 |
| C6/0/1/U0 | SERRET-ROAD-RIGHT/CURIO/PASCAL     | 2021-03-10 | 2021-05-21  |               0 |                0 |                   0 |               129 |
| C6/0/1/U1 | SERRET-ROAD-LEFT/ST.LOUIS/TOWN     | 2021-03-10 | 2021-05-21  |               0 |                0 |                   0 |                74 |
| C6/0/1/U2 | SERRET-ROAD-RIGHT/CURIO/PASCAL-2   | 2021-03-10 | 2021-05-21  |               0 |                0 |                   0 |               130 |
| C6/0/1/U3 | SERRET-ROAD-LEFT/ST.LOUIS/TOWN-2   | 2021-03-10 | 2021-05-21  |               0 |                0 |                   0 |                75 |
| C6/0/2/U0 | SANS-SOUCIS-I                      | 2021-03-10 | 2021-05-21  |               0 |                0 |                   0 |               134 |
| C6/0/2/U1 | SANS-SOUCIS-II                     | 2021-03-10 | 2021-05-21  |               0 |                0 |                   0 |                78 |
| C6/0/2/U2 | BEL-AIR-27                         | 2021-03-10 | 2021-05-21  |               0 |                0 |                   0 |                91 |
| C6/0/2/U3 | BEL-AIR-38                         | 2021-03-10 | 2021-05-21  |               0 |                0 |                   0 |                84 |
| C6/0/3/U0 | LES-MAMELLES-23                    | 2021-03-10 | 2021-05-21  |               0 |                0 |                   0 |                56 |
| C6/0/3/U1 | VICTORIA-23                        | 2021-03-10 | 2021-05-21  |               0 |                0 |                   0 |                22 |
| C6/0/4/U0 | LES-MAMELLES-27                    | 2021-03-10 | 2021-05-21  |               0 |                0 |                   0 |               100 |
| C6/0/4/U1 | VICTORIA-27                        | 2021-03-10 | 2021-05-21  |               0 |                0 |                   0 |                20 |
| C7/1/0/U0 | LA-RETRAITE-23                     | 2021-03-10 | 2021-05-21  |               0 |                0 |                   0 |                75 |
| C7/1/0/U1 | TEA-FACTORY-23                     | 2021-03-10 | 2021-05-21  |               0 |                0 |                   0 |                34 |
| C7/1/0/U2 | PAS-23                             | 2021-03-10 | 2021-05-21  |               0 |                0 |                   0 |                88 |
| C7/1/1/U0 | REEF-ESTATE-23                     | 2021-03-10 | 2021-05-21  |               0 |                0 |                   0 |                77 |
| C7/1/2/U0 | LA-RETRAITE-27                     | 2021-03-10 | 2021-05-21  |               0 |                0 |                   0 |                72 |
| C7/1/2/U1 | TEA-FACTORY-27                     | 2021-03-10 | 2021-05-21  |               0 |                0 |                   0 |                22 |
| C7/1/2/U2 | PAS-27                             | 2021-03-10 | 2021-05-21  |               0 |                0 |                   0 |               100 |
| C7/1/3/U0 | MT-BUXTON-27                       | 2021-03-10 | 2021-05-21  |               0 |                0 |                   0 |               156 |
| C7/1/3/U1 | MT-BUXTON-23                       | 2021-03-10 | 2021-05-21  |               0 |                0 |                   0 |                76 |
| C7/1/4/U0 | REEF-ESTATE-27                     | 2021-03-10 | 2021-05-21  |               0 |                0 |                   0 |                94 |
| C8/0/0/U0 | POLICE-ACADEMY-1-27 - POINTE LARUE | 2021-03-10 | 2021-05-21  |               0 |                0 |                   0 |                85 |
| C8/0/0/U1 | NULL                               | 2021-03-10 | 2021-05-21  |               0 |                0 |                   0 |               109 |
| C8/0/1/U0 | NULL                               | 2021-03-10 | 2021-05-21  |               0 |                0 |                   0 |               310 |
| C8/0/1/U1 | POLICE-ACADEMY-2-27 - TURTLE BAY   | 2021-03-10 | 2021-05-21  |               0 |                0 |                   0 |               165 |
| C8/1/0/U0 | MA-JOIE-NODE-27                    | 2021-03-10 | 2021-05-21  |               0 |                0 |                   0 |                92 |
| C8/1/0/U1 | BELONIE-27                         | 2021-03-10 | 2021-05-21  |               0 |                0 |                   0 |               146 |
| C8/1/0/U3 | MA-JOIE-NODE-23                    | 2021-03-10 | 2021-05-21  |               0 |                0 |                   0 |                91 |
| C8/1/1/U0 | 611-C1-ROJN I                      | 2021-03-10 | 2021-05-21  |               0 |                0 |                   0 |               116 |
| C8/1/1/U1 | 611-C5-ROJN II                     | 2021-03-10 | 2021-05-21  |               0 |                0 |                   0 |               118 |
| C8/1/2/U0 | 612-C2-ANSE-ETOILE                 | 2021-03-10 | 2021-05-21  |               0 |                0 |                   0 |               112 |
| C8/1/2/U1 | ANSE-ETOILE-U2                     | 2021-03-10 | 2021-05-21  |               0 |                0 |                   0 |                49 |
| C8/1/3/U0 | 613-C3-ANSE-GAULETTE I             | 2021-03-10 | 2021-05-21  |               0 |                0 |                   0 |                77 |
| C8/1/3/U1 | 613-C7-ANSE-GAULETTE II            | 2021-03-10 | 2021-05-21  |               0 |                0 |                   0 |                80 |
| C8/1/3/U2 | 613-C3-ANSE-GAULETTE III           | 2021-03-10 | 2021-05-21  |               0 |                0 |                   0 |                41 |
| C8/1/3/U3 | TAKAMAKA I                         | 2021-03-10 | 2021-05-21  |               0 |                0 |                   0 |               100 |
| C8/1/3/U4 | TAKAMAKA II                        | 2021-03-10 | 2021-05-21  |               0 |                0 |                   0 |               103 |
| C8/1/4/U0 | 614-BEOLIERE-NODE-1                | 2021-03-10 | 2021-05-21  |               0 |                0 |                   0 |               135 |
| C8/1/4/U1 | 614-BEOLIERE-NODE-2                | 2021-03-10 | 2021-05-21  |               0 |                0 |                   0 |               106 |
+-----------+------------------------------------+------------+-------------+-----------------+------------------+---------------------+-------------------+
66 rows in set (0.28 sec)

+-----------------------+------------+-------------+-----------------+------------------+----------------------+-------------------+
| MXK_NAME              | MXK_DATE   | INSERTED_ON | UNIQUE_ACCOUNTS | UNIQUE_CONTRACTS | UNIQUE_FSAN_INRCBOSS | UNIQUE_FSAN_INMXK |
+-----------------------+------------+-------------+-----------------+------------------+----------------------+-------------------+
| NULL                  | NULL       | 2021-05-21  |            2197 |             2250 |                 2237 |                 0 |
| MXK-MAHE-ANSEETOILE   | 2020-07-27 | 2021-05-21  |             376 |              380 |                  379 |               398 |
| MXK-MAHE-ANSEROYALE   | 2020-07-27 | 2021-05-21  |             171 |              173 |                  172 |               198 |
| MXK-MAHE-BEAUVALLON-1 | 2020-07-27 | 2021-05-21  |            1795 |             1824 |                 1812 |              1919 |
| MXK-MAHE-BEAUVALLON-2 | 2020-07-27 | 2021-05-21  |              26 |               26 |                   26 |                30 |
| MXK-MAHE-PERSEVERANCE | 2020-07-27 | 2021-05-21  |            1054 |             1079 |                 1065 |              1241 |
| MXK-MAHE-PROVIDENCE   | 2020-07-27 | 2021-05-21  |             996 |             1027 |                  945 |              1192 |
| MXK-PRASLIN-GRANDANSE | 2020-07-27 | 2021-05-21  |            1282 |             1286 |                 1278 |              1514 |
+-----------------------+------------+-------------+-----------------+------------------+----------------------+-------------------+
8 rows in set (0.10 sec)

mysql> mysql \. C:\workspace\cloud\code\sql\_DailyScript\currenttime.sql
+---------------------+
| currenttime         |
+---------------------+
| 2021-05-21 06:41:14 |
+---------------------+
1 row in set (0.00 sec)

mysql> 
mysql> mysql \. C:\workspace\cloud\code\sql\_DailyScript\housing-estate-analysis.sql
Database changed
Query OK, 0 rows affected (0.01 sec)

Query OK, 3720 rows affected (44.07 sec)
Records: 3720  Duplicates: 0  Warnings: 0

+--------------------+
| rep_housingestates |
+--------------------+
|               3720 |
+--------------------+
1 row in set (0.00 sec)

mysql> mysql \. C:\workspace\cloud\code\sql\_DailyScript\currenttime.sql
+---------------------+
| currenttime         |
+---------------------+
| 2021-05-21 06:41:58 |
+---------------------+
1 row in set (0.00 sec)

mysql> 
mysql> 
mysql> mysql \. C:\workspace\cloud\code\sql\Analysis\service_tickets_assignments.sql
Query OK, 0 rows affected (0.01 sec)

Query OK, 41704 rows affected (7.38 sec)
Records: 41704  Duplicates: 0  Warnings: 0

+-------------------------+
| rep_servicetickets_2021 |
+-------------------------+
|                   41704 |
+-------------------------+
1 row in set (0.05 sec)

mysql> mysql \. C:\workspace\cloud\code\sql\_DailyScript\currenttime.sql
+---------------------+
| currenttime         |
+---------------------+
| 2021-05-21 06:42:06 |
+---------------------+
1 row in set (0.00 sec)

mysql> 
