    -> 
    -> mysql \. C:\workspace\cloud\code\sql\_DailyScript\_setdates.sql
Query OK, 0 rows affected (0.01 sec)

Query OK, 0 rows affected (1.81 sec)

Database changed
Query OK, 0 rows affected (0.00 sec)

Query OK, 0 rows affected (0.00 sec)

Query OK, 0 rows affected (0.00 sec)

Query OK, 0 rows affected (0.00 sec)

Query OK, 0 rows affected (0.00 sec)

Query OK, 0 rows affected (0.00 sec)

Query OK, 0 rows affected (0.00 sec)

Query OK, 0 rows affected (0.00 sec)

Query OK, 0 rows affected (0.00 sec)

Query OK, 0 rows affected (0.00 sec)

Query OK, 0 rows affected (0.00 sec)

Query OK, 0 rows affected (0.00 sec)

Query OK, 0 rows affected (0.00 sec)

Query OK, 0 rows affected (0.00 sec)

Query OK, 0 rows affected (0.00 sec)

Query OK, 0 rows affected (0.00 sec)

Query OK, 0 rows affected (0.00 sec)

Query OK, 0 rows affected (0.00 sec)

Query OK, 0 rows affected (0.00 sec)

Query OK, 0 rows affected (0.00 sec)

Query OK, 0 rows affected (0.00 sec)

Query OK, 0 rows affected (0.00 sec)

mysql> mysql \. C:\workspace\cloud\code\sql\_DailyScript\currenttime.sql
+---------------------+
| currenttime         |
+---------------------+
| 2021-12-20 09:51:41 |
+---------------------+
1 row in set (0.00 sec)

mysql> 
mysql> mysql \. C:\workspace\cloud\code\sql\_DailyScript\load_RCB_VODTITLES.sql
Database changed
Query OK, 0 rows affected (0.00 sec)

Query OK, 16962 rows affected (0.20 sec)

Query OK, 16964 rows affected, 16964 warnings (0.42 sec)
Records: 16964  Deleted: 0  Skipped: 0  Warnings: 16964

Query OK, 0 rows affected (0.00 sec)

Query OK, 2 rows affected (0.01 sec)

+-----------+
| VODTITLES |
+-----------+
|     17422 |
+-----------+
1 row in set (0.01 sec)

+-----------+-----------+
| titletype | typecount |
+-----------+-----------+
| E         |     14445 |
| N         |       245 |
| T         |      2272 |
| NULL      |     16962 |
+-----------+-----------+
4 rows in set (0.06 sec)

mysql> mysql \. C:\workspace\cloud\code\sql\_DailyScript\currenttime.sql
+---------------------+
| currenttime         |
+---------------------+
| 2021-12-20 09:51:41 |
+---------------------+
1 row in set (0.00 sec)

mysql> 
mysql> 
mysql> 
mysql> 
mysql> 
mysql> 
mysql> 
mysql> 
mysql> 
mysql> 
mysql> 
mysql> 
mysql> 
mysql> 
mysql> 
mysql> 
mysql> 
mysql> 
mysql> 
mysql> 
mysql> 
mysql> 
mysql> 
mysql> 
mysql> 
mysql> 
mysql> 
mysql> 
mysql> 
mysql> 
mysql> 
mysql> 
mysql> 
mysql> 
mysql> 
mysql> 
mysql> 
mysql> mysql \. C:\workspace\cloud\code\sql\_DailyScript\load_DailyCalls.sql
Database changed
Query OK, 310 rows affected (0.14 sec)
Records: 310  Deleted: 0  Skipped: 0  Warnings: 0

Query OK, 0 rows affected, 1 warning (0.00 sec)

Query OK, 310 rows affected (0.03 sec)
Records: 310  Duplicates: 0  Warnings: 0

Query OK, 0 rows affected, 1 warning (0.00 sec)

Query OK, 93936 rows affected (0.36 sec)
Records: 93936  Duplicates: 0  Warnings: 0

+----------------------+
| callingclientsbefore |
+----------------------+
|              1334639 |
+----------------------+
1 row in set (0.53 sec)

Query OK, 516 rows affected (8.32 sec)
Records: 516  Duplicates: 0  Warnings: 0

+---------------------+
| callingclientsafter |
+---------------------+
|             1335155 |
+---------------------+
1 row in set (0.36 sec)

Query OK, 0 rows affected (0.01 sec)

Query OK, 221 rows affected (4.38 sec)
Records: 221  Duplicates: 0  Warnings: 0

Query OK, 0 rows affected (0.00 sec)

Query OK, 25885 rows affected (4.30 sec)
Records: 25885  Duplicates: 0  Warnings: 0

+-----------+
| callstats |
+-----------+
|     25885 |
+-----------+
1 row in set (0.01 sec)

Query OK, 0 rows affected, 1 warning (0.00 sec)

Query OK, 516 rows affected (2.72 sec)
Records: 516  Duplicates: 0  Warnings: 0

+------------------------+
| rep_cccallreportbefore |
+------------------------+
|                1334887 |
+------------------------+
1 row in set (0.35 sec)

Query OK, 516 rows affected (0.13 sec)
Records: 516  Duplicates: 0  Warnings: 0

+-----------------------+
| rep_cccallreportafter |
+-----------------------+
|               1335403 |
+-----------------------+
1 row in set (0.35 sec)

Query OK, 0 rows affected (0.01 sec)

mysql> mysql \. C:\workspace\cloud\code\sql\_DailyScript\currenttime.sql
+---------------------+
| currenttime         |
+---------------------+
| 2021-12-20 09:52:04 |
+---------------------+
1 row in set (0.00 sec)

mysql> 
mysql> mysql \. C:\workspace\cloud\code\sql\_DailyScript\DAILY-SCRIPT-USAGE.sql
Database changed
Query OK, 0 rows affected (0.00 sec)

Query OK, 3993 rows affected, 11553 warnings (0.72 sec)
Records: 3993  Deleted: 0  Skipped: 0  Warnings: 11553

Query OK, 0 rows affected (0.00 sec)

Query OK, 6368 rows affected, 18408 warnings (0.86 sec)
Records: 6368  Deleted: 0  Skipped: 0  Warnings: 18408

Query OK, 0 rows affected (0.00 sec)

Query OK, 341 rows affected, 1194 warnings (0.51 sec)
Records: 341  Deleted: 0  Skipped: 0  Warnings: 1194

Query OK, 0 rows affected (0.00 sec)

Query OK, 162 rows affected, 560 warnings (0.07 sec)
Records: 162  Deleted: 0  Skipped: 0  Warnings: 560

+------------+
| dailyusage |
+------------+
|   20008178 |
+------------+
1 row in set (7.67 sec)

+------------+------------+------------+---------+
| datestart  | dateend    | insertedon | records |
+------------+------------+------------+---------+
| 2021-12-18 | 2021-12-18 | 2021-12-20 |   10864 |
| 2021-12-17 | 2021-12-17 | 2021-12-20 |   11129 |
| 2021-12-16 | 2021-12-16 | 2021-12-17 |   10831 |
| 2021-12-15 | 2021-12-15 | 2021-12-16 |   12109 |
| 2021-12-14 | 2021-12-14 | 2021-12-15 |   12600 |
+------------+------------+------------+---------+
5 rows in set (25.80 sec)

+----------+------------+------------+------------+---------+
| category | datestart  | dateend    | insertedon | records |
+----------+------------+------------+------------+---------+
| UNCAPPED | 2021-12-18 | 2021-12-18 | 2021-12-20 |    6368 |
| PREPAID  | 2021-12-18 | 2021-12-18 | 2021-12-20 |     341 |
| HOTSPOT  | 2021-12-18 | 2021-12-18 | 2021-12-20 |     162 |
| CAPPED   | 2021-12-18 | 2021-12-18 | 2021-12-20 |    3993 |
| UNCAPPED | 2021-12-17 | 2021-12-17 | 2021-12-20 |    6621 |
| PREPAID  | 2021-12-17 | 2021-12-17 | 2021-12-20 |     329 |
| HOTSPOT  | 2021-12-17 | 2021-12-17 | 2021-12-20 |     166 |
| CAPPED   | 2021-12-17 | 2021-12-17 | 2021-12-20 |    4013 |
| UNCAPPED | 2021-12-16 | 2021-12-16 | 2021-12-17 |    6303 |
| PREPAID  | 2021-12-16 | 2021-12-16 | 2021-12-17 |     342 |
| HOTSPOT  | 2021-12-16 | 2021-12-16 | 2021-12-17 |     179 |
| CAPPED   | 2021-12-16 | 2021-12-16 | 2021-12-17 |    4007 |
| UNCAPPED | 2021-12-15 | 2021-12-15 | 2021-12-16 |    7225 |
| PREPAID  | 2021-12-15 | 2021-12-15 | 2021-12-16 |     304 |
| HOTSPOT  | 2021-12-15 | 2021-12-15 | 2021-12-16 |     186 |
| CAPPED   | 2021-12-15 | 2021-12-15 | 2021-12-16 |    4394 |
| UNCAPPED | 2021-12-14 | 2021-12-14 | 2021-12-15 |    7576 |
| PREPAID  | 2021-12-14 | 2021-12-14 | 2021-12-15 |     319 |
| HOTSPOT  | 2021-12-14 | 2021-12-14 | 2021-12-15 |     195 |
| CAPPED   | 2021-12-14 | 2021-12-14 | 2021-12-15 |    4510 |
+----------+------------+------------+------------+---------+
20 rows in set (29.50 sec)

mysql> mysql \. C:\workspace\cloud\code\sql\_DailyScript\currenttime.sql
+---------------------+
| currenttime         |
+---------------------+
| 2021-12-20 09:53:09 |
+---------------------+
1 row in set (0.00 sec)

mysql> 
mysql> mysql \. C:\workspace\cloud\code\sql\_DailyScript\DAILY-SCRIPT-SALES-TELEMETRY.sql
Database changed
Query OK, 78 rows affected, 50 warnings (0.03 sec)
Records: 78  Deleted: 0  Skipped: 0  Warnings: 50

+------------+
| dailysales |
+------------+
|     244408 |
+------------+
1 row in set (0.22 sec)

+------------+---------+
| orderdate  | records |
+------------+---------+
| 2021-12-18 |      78 |
| 2021-12-17 |     131 |
| 2021-12-16 |     202 |
| 2021-12-15 |      89 |
| 2021-12-14 |     102 |
| 2021-12-13 |     188 |
| 2021-12-12 |      18 |
| 2021-12-11 |      86 |
| 2021-12-10 |     146 |
| 2021-12-09 |     195 |
| 2021-12-08 |       4 |
| 2021-12-07 |     185 |
| 2021-12-06 |     209 |
| 2021-12-05 |      21 |
| 2021-12-04 |      92 |
+------------+---------+
15 rows in set (0.56 sec)

Query OK, 0 rows affected (0.02 sec)

Query OK, 244408 rows affected (21.51 sec)
Records: 244408  Duplicates: 0  Warnings: 0

+--------+
| sales  |
+--------+
| 244408 |
+--------+
1 row in set (0.07 sec)

Query OK, 0 rows affected (0.01 sec)

Query OK, 6326 rows affected (0.43 sec)
Records: 6326  Duplicates: 0  Warnings: 0

+----------------+
| rep_dailysales |
+----------------+
|           6326 |
+----------------+
1 row in set (0.00 sec)

Query OK, 0 rows affected (0.01 sec)

Query OK, 6326 rows affected (0.78 sec)
Records: 6326  Duplicates: 0  Warnings: 0

+-------------------+
| rep_dailysalesreg |
+-------------------+
|              6326 |
+-------------------+
1 row in set (0.00 sec)

Query OK, 0 rows affected (0.01 sec)

Query OK, 2409 rows affected (0.74 sec)
Records: 2409  Duplicates: 0  Warnings: 0

+-----------+
| saleslist |
+-----------+
|      2409 |
+-----------+
1 row in set (0.00 sec)

Database changed
ERROR 2 (HY000): File 'C:\ProgramData\MySQL\MySQL Server 5.7\Uploads\_csv\PrepaidCardSales-18122021-P1.csv' not found (Errcode: 2 - No such file or directory)
+------------------+
| dailysinglesales |
+------------------+
|             6648 |
+------------------+
1 row in set (0.02 sec)

Database changed
Query OK, 8 rows affected (0.03 sec)
Records: 8  Deleted: 0  Skipped: 0  Warnings: 0

+-----------------+
| dailyaddonsales |
+-----------------+
|           26140 |
+-----------------+
1 row in set (0.03 sec)

Query OK, 262 rows affected (0.07 sec)
Records: 262  Deleted: 0  Skipped: 0  Warnings: 0

+----------------+
| onlinepayments |
+----------------+
|         249369 |
+----------------+
1 row in set (0.13 sec)

+-------------+----------------+---------------------+
| paymentdate | onlinepayments | onlinepaymentamount |
+-------------+----------------+---------------------+
| 2021-12-18  |            262 |        153030.13000 |
| 2021-12-17  |            288 |        192092.30000 |
| 2021-12-16  |            257 |        162488.67000 |
| 2021-12-15  |            223 |        153985.22000 |
| 2021-12-14  |            199 |        121456.84000 |
+-------------+----------------+---------------------+
5 rows in set (0.84 sec)

+-------------+--------------+----------------+---------------------+
| paymentyear | paymentmonth | onlinepayments | onlinepaymentamount |
+-------------+--------------+----------------+---------------------+
|        2021 |           12 |           4591 |       2994746.22000 |
|        2021 |           11 |           8553 |       5661260.44000 |
|        2021 |           10 |           8715 |       5741511.04000 |
|        2021 |            9 |           8803 |       5663928.71000 |
|        2021 |            8 |           8864 |       5714008.87000 |
+-------------+--------------+----------------+---------------------+
5 rows in set (0.26 sec)

mysql> mysql \. C:\workspace\cloud\code\sql\_DailyScript\currenttime.sql
+---------------------+
| currenttime         |
+---------------------+
| 2021-12-20 09:53:35 |
+---------------------+
1 row in set (0.00 sec)

mysql> 
mysql> mysql \. C:\workspace\cloud\code\sql\_DailyScript\DAILY-SCRIPT-ACTIVENUMBERS.sql
Database changed
Query OK, 1090 rows affected (0.45 sec)
Records: 1090  Deleted: 0  Skipped: 0  Warnings: 0

+------------+----------+
| period     | count(1) |
+------------+----------+
| 2021-12-18 |     1090 |
| 2021-12-17 |     1090 |
| 2021-12-16 |     1090 |
| 2021-12-15 |     1088 |
| 2021-12-14 |     1088 |
+------------+----------+
5 rows in set (0.01 sec)

Query OK, 0 rows affected (0.00 sec)

Query OK, 75 rows affected (1.38 sec)
Records: 75  Duplicates: 0  Warnings: 0

+-------------+
| packagelist |
+-------------+
|          75 |
+-------------+
1 row in set (0.00 sec)

Database changed
Query OK, 0 rows affected (0.00 sec)

Query OK, 0 rows affected (0.00 sec)

Query OK, 0 rows affected (0.00 sec)

Query OK, 0 rows affected (0.00 sec)

Query OK, 29107 rows affected, 196 warnings (12.82 sec)
Records: 29107  Deleted: 0  Skipped: 0  Warnings: 196

+------------+----------+
| period     | count(1) |
+------------+----------+
| 2021-12-18 |    29107 |
| 2021-12-17 |    29151 |
| 2021-12-16 |    29072 |
| 2021-12-15 |    28996 |
| 2021-12-14 |    29015 |
+------------+----------+
5 rows in set (0.16 sec)

Query OK, 0 rows affected (0.01 sec)

Query OK, 28547 rows affected (52.84 sec)
Records: 28547  Duplicates: 0  Warnings: 0

Query OK, 0 rows affected (0.12 sec)
Records: 0  Duplicates: 0  Warnings: 0

Query OK, 0 rows affected (0.12 sec)
Records: 0  Duplicates: 0  Warnings: 0

Query OK, 0 rows affected (0.11 sec)
Records: 0  Duplicates: 0  Warnings: 0

Query OK, 0 rows affected (0.09 sec)
Records: 0  Duplicates: 0  Warnings: 0

Query OK, 0 rows affected (0.07 sec)
Records: 0  Duplicates: 0  Warnings: 0

Query OK, 0 rows affected (0.07 sec)
Records: 0  Duplicates: 0  Warnings: 0

+-------------+
| countbefore |
+-------------+
|    51989915 |
+-------------+
1 row in set (16.43 sec)

Query OK, 28547 rows affected (2.01 sec)
Records: 28547  Duplicates: 0  Warnings: 0

+------------+
| countafter |
+------------+
|   52018462 |
+------------+
1 row in set (16.91 sec)

+------------+--------------------------+
| period     | customercontractactivity |
+------------+--------------------------+
| 2021-12-18 |                    28547 |
| 2021-12-17 |                    28591 |
| 2021-12-16 |                    28511 |
| 2021-12-15 |                    28438 |
| 2021-12-14 |                    28457 |
+------------+--------------------------+
5 rows in set (0.07 sec)

Query OK, 0 rows affected (0.01 sec)

Query OK, 326569 rows affected, 4 warnings (10 min 25.97 sec)
Records: 326569  Duplicates: 0  Warnings: 4

Query OK, 0 rows affected (1.09 sec)
Records: 0  Duplicates: 0  Warnings: 0

Query OK, 0 rows affected (1.34 sec)
Records: 0  Duplicates: 0  Warnings: 0

Query OK, 0 rows affected (1.40 sec)
Records: 0  Duplicates: 0  Warnings: 0

Query OK, 0 rows affected (0.01 sec)

Query OK, 223 rows affected (0.52 sec)
Records: 223  Duplicates: 0  Warnings: 0

Query OK, 0 rows affected (0.01 sec)

Query OK, 2612 rows affected (0.69 sec)
Records: 2612  Duplicates: 0  Warnings: 0

Query OK, 0 rows affected (0.01 sec)

Query OK, 28523 rows affected (0.68 sec)
Records: 28523  Duplicates: 0  Warnings: 0

Query OK, 0 rows affected (0.01 sec)

Query OK, 17073 rows affected (0.44 sec)
Records: 17073  Duplicates: 0  Warnings: 0

Query OK, 0 rows affected (0.00 sec)

Query OK, 17073 rows affected (0.14 sec)
Records: 17073  Duplicates: 0  Warnings: 0

Query OK, 0 rows affected (0.01 sec)

Query OK, 17073 rows affected (1.29 sec)
Records: 17073  Duplicates: 0  Warnings: 0

Query OK, 0 rows affected (0.01 sec)

Query OK, 17073 rows affected (44.34 sec)
Records: 17073  Duplicates: 0  Warnings: 0

+-------------+
| clientstats |
+-------------+
|       17073 |
+-------------+
1 row in set (0.01 sec)

Query OK, 0 rows affected (0.01 sec)

Query OK, 13 rows affected, 1 warning (0.13 sec)
Records: 13  Duplicates: 0  Warnings: 1

+-----------------------+-------------+-------------+----------------+-----------------+
| services              | activecount | allaccounts | uniqueaccounts | uniquecontracts |
+-----------------------+-------------+-------------+----------------+-----------------+
| All                   |         435 |          72 |             72 |             231 |
| Internet & OTT        |           8 |           4 |              4 |               5 |
| Internet & Voice      |         292 |         126 |            126 |             247 |
| Internet Only         |        4368 |        4272 |           4268 |            4307 |
| OTT Only              |           1 |           1 |              1 |               1 |
| TV & Internet         |        9977 |        4465 |           4456 |            9099 |
| TV & Internet & OTT   |        4795 |        1256 |           1253 |            2617 |
| TV & Internet & Voice |         515 |         146 |            146 |             448 |
| TV & OTT              |         331 |          86 |             84 |              95 |
| TV & Voice            |          82 |          36 |             36 |              74 |
| TV Only               |        8281 |        6502 |           6494 |            6710 |
| Voice Only            |         108 |         107 |            107 |             108 |
| GRAND TOTAL           |       29193 |       17073 |          16998 |           23942 |
+-----------------------+-------------+-------------+----------------+-----------------+
13 rows in set (0.00 sec)

+-------------+-------------+-------------+----------------+-----------------+
| network     | activecount | allaccounts | uniqueaccounts | uniquecontracts |
+-------------+-------------+-------------+----------------+-----------------+
| GPON        |       14343 |        7043 |           7040 |           11231 |
| HFC         |       14850 |       10030 |          10030 |           12711 |
| GRAND TOTAL |       29193 |       17073 |          16998 |           23942 |
+-------------+-------------+-------------+----------------+-----------------+
3 rows in set, 1 warning (0.13 sec)

+-------------+-----------------------+-------------+-------------+----------------+-----------------+
| network     | services              | activecount | allaccounts | uniqueaccounts | uniquecontracts |
+-------------+-----------------------+-------------+-------------+----------------+-----------------+
| GPON        | All                   |         339 |          59 |             59 |             188 |
| GPON        | Internet & OTT        |           2 |           1 |              1 |               1 |
| GPON        | Internet & Voice      |          81 |          33 |             33 |              70 |
| GPON        | Internet Only         |        1681 |        1600 |           1600 |            1621 |
| GPON        | TV & Internet         |        5697 |        2506 |           2506 |            5130 |
| GPON        | TV & Internet & OTT   |        3813 |         991 |            991 |            2076 |
| GPON        | TV & Internet & Voice |         292 |          77 |             77 |             239 |
| GPON        | TV & OTT              |         205 |          66 |             66 |              70 |
| GPON        | TV & Voice            |          51 |          23 |             23 |              48 |
| GPON        | TV Only               |        2170 |        1676 |           1676 |            1776 |
| GPON        | Voice Only            |          12 |          11 |             11 |              12 |
| GPON        | Services Total        |       14343 |        7043 |           7040 |           11231 |
| HFC         | All                   |          96 |          13 |             13 |              43 |
| HFC         | Internet & OTT        |           6 |           3 |              3 |               4 |
| HFC         | Internet & Voice      |         211 |          93 |             93 |             177 |
| HFC         | Internet Only         |        2687 |        2672 |           2672 |            2686 |
| HFC         | OTT Only              |           1 |           1 |              1 |               1 |
| HFC         | TV & Internet         |        4280 |        1959 |           1959 |            3969 |
| HFC         | TV & Internet & OTT   |         982 |         265 |            265 |             541 |
| HFC         | TV & Internet & Voice |         223 |          69 |             69 |             209 |
| HFC         | TV & OTT              |         126 |          20 |             20 |              25 |
| HFC         | TV & Voice            |          31 |          13 |             13 |              26 |
| HFC         | TV Only               |        6111 |        4826 |           4826 |            4934 |
| HFC         | Voice Only            |          96 |          96 |             96 |              96 |
| HFC         | Services Total        |       14850 |       10030 |          10030 |           12711 |
| GRAND TOTAL | Services Total        |       29193 |       17073 |          16998 |           23942 |
+-------------+-----------------------+-------------+-------------+----------------+-----------------+
26 rows in set, 2 warnings (0.14 sec)

Query OK, 0 rows affected (0.01 sec)

Query OK, 40 rows affected, 3 warnings (0.21 sec)
Records: 40  Duplicates: 0  Warnings: 3

+-------------+---------------+-----------------------+-------------+-------------+----------------+-----------------+
| region      | network       | services              | activecount | allaccounts | uniqueaccounts | uniquecontracts |
+-------------+---------------+-----------------------+-------------+-------------+----------------+-----------------+
| Mahe        | GPON          | All                   |         298 |          52 |             52 |             165 |
| Mahe        | GPON          | Internet & OTT        |           2 |           1 |              1 |               1 |
| Mahe        | GPON          | Internet & Voice      |          71 |          28 |             28 |              60 |
| Mahe        | GPON          | Internet Only         |        1432 |        1351 |           1351 |            1372 |
| Mahe        | GPON          | TV & Internet         |        4943 |        2170 |           2170 |            4441 |
| Mahe        | GPON          | TV & Internet & OTT   |        3181 |         807 |            807 |            1696 |
| Mahe        | GPON          | TV & Internet & Voice |         283 |          74 |             74 |             230 |
| Mahe        | GPON          | TV & OTT              |         185 |          56 |             56 |              60 |
| Mahe        | GPON          | TV & Voice            |          48 |          22 |             22 |              45 |
| Mahe        | GPON          | TV Only               |        1820 |        1404 |           1404 |            1491 |
| Mahe        | GPON          | Voice Only            |          12 |          11 |             11 |              12 |
| Mahe        | GPON          | Services Total        |       12275 |        5976 |           5976 |            9573 |
| Mahe        | HFC           | All                   |          96 |          13 |             13 |              43 |
| Mahe        | HFC           | Internet & OTT        |           6 |           3 |              3 |               4 |
| Mahe        | HFC           | Internet & Voice      |         211 |          93 |             93 |             177 |
| Mahe        | HFC           | Internet Only         |        2687 |        2672 |           2672 |            2686 |
| Mahe        | HFC           | OTT Only              |           1 |           1 |              1 |               1 |
| Mahe        | HFC           | TV & Internet         |        4280 |        1959 |           1959 |            3969 |
| Mahe        | HFC           | TV & Internet & OTT   |         982 |         265 |            265 |             541 |
| Mahe        | HFC           | TV & Internet & Voice |         223 |          69 |             69 |             209 |
| Mahe        | HFC           | TV & OTT              |         126 |          20 |             20 |              25 |
| Mahe        | HFC           | TV & Voice            |          31 |          13 |             13 |              26 |
| Mahe        | HFC           | TV Only               |        6110 |        4825 |           4825 |            4933 |
| Mahe        | HFC           | Voice Only            |          96 |          96 |             96 |              96 |
| Mahe        | HFC           | Services Total        |       14849 |       10029 |          10029 |           12710 |
| Mahe        | Network Total | Services Total        |       27124 |       16005 |          15933 |           22283 |
| Praslin     | GPON          | All                   |          41 |           7 |              7 |              23 |
| Praslin     | GPON          | Internet & Voice      |          10 |           5 |              5 |              10 |
| Praslin     | GPON          | Internet Only         |         249 |         249 |            249 |             249 |
| Praslin     | GPON          | TV & Internet         |         754 |         336 |            336 |             689 |
| Praslin     | GPON          | TV & Internet & OTT   |         632 |         184 |            184 |             380 |
| Praslin     | GPON          | TV & Internet & Voice |           9 |           3 |              3 |               9 |
| Praslin     | GPON          | TV & OTT              |          20 |          10 |             10 |              10 |
| Praslin     | GPON          | TV & Voice            |           3 |           1 |              1 |               3 |
| Praslin     | GPON          | TV Only               |         350 |         272 |            272 |             285 |
| Praslin     | GPON          | Services Total        |        2068 |        1067 |           1067 |            1658 |
| Praslin     | HFC           | TV Only               |           1 |           1 |              1 |               1 |
| Praslin     | HFC           | Services Total        |           1 |           1 |              1 |               1 |
| Praslin     | Network Total | Services Total        |        2069 |        1068 |           1068 |            1659 |
| GRAND TOTAL | Network Total | Services Total        |       29193 |       17073 |          16998 |           23942 |
+-------------+---------------+-----------------------+-------------+-------------+----------------+-----------------+
40 rows in set (0.00 sec)

Query OK, 0 rows affected (0.01 sec)

Query OK, 28524 rows affected (0.46 sec)
Records: 28524  Duplicates: 0  Warnings: 0

Query OK, 0 rows affected (0.01 sec)

Query OK, 2379 rows affected (1.58 sec)
Records: 2379  Duplicates: 0  Warnings: 0

+--------------------------------------+
| message                              |
+--------------------------------------+
| running rcbill_my.sp_ActiveNumber2() |
+--------------------------------------+
1 row in set (0.00 sec)

Query OK, 365 rows affected (2 min 19.51 sec)

mysql> mysql \. C:\workspace\cloud\code\sql\_DailyScript\currenttime.sql
+---------------------+
| currenttime         |
+---------------------+
| 2021-12-20 10:08:59 |
+---------------------+
1 row in set (0.00 sec)

mysql> 
mysql> mysql \. C:\workspace\cloud\code\sql\_DailyScript\GetActiveNumbers Average -Pivot.sql
Database changed
+-------------------------------------+
| @today := subdate(current_date(),1) |
+-------------------------------------+
| 2021-12-19                          |
+-------------------------------------+
1 row in set (0.00 sec)

+-------------------------------------+
| @lastdayofmonth := last_day(@today) |
+-------------------------------------+
| 2021-12-31                          |
+-------------------------------------+
1 row in set (0.00 sec)

Query OK, 0 rows affected (0.01 sec)

Query OK, 52589 rows affected, 65535 warnings (1 min 9.20 sec)
Records: 52589  Duplicates: 0  Warnings: 107860

Query OK, 0 rows affected (0.12 sec)
Records: 0  Duplicates: 0  Warnings: 0

Query OK, 0 rows affected (0.16 sec)
Records: 0  Duplicates: 0  Warnings: 0

Query OK, 0 rows affected (0.12 sec)
Records: 0  Duplicates: 0  Warnings: 0

+-----------------+
| activenumberavg |
+-----------------+
|           52589 |
+-----------------+
1 row in set (0.02 sec)

Query OK, 0 rows affected (0.01 sec)

Query OK, 2005 rows affected (0.63 sec)
Records: 2005  Duplicates: 0  Warnings: 0

+---------------------+
| rep_activenumberavg |
+---------------------+
|                2005 |
+---------------------+
1 row in set (0.00 sec)

+----------------------+
| rep_activenumberavg1 |
+----------------------+
|                  931 |
+----------------------+
1 row in set (0.00 sec)

Query OK, 0 rows affected (0.01 sec)

Query OK, 2788 rows affected (0.51 sec)
Records: 2788  Duplicates: 0  Warnings: 0

Query OK, 0 rows affected (0.01 sec)

Query OK, 14438 rows affected (0.93 sec)
Records: 14438  Duplicates: 0  Warnings: 0

Query OK, 0 rows affected (0.01 sec)

Query OK, 250 rows affected (0.30 sec)
Records: 250  Duplicates: 0  Warnings: 0

Query OK, 0 rows affected (0.00 sec)

Query OK, 0 rows affected (0.01 sec)

Query OK, 0 rows affected (0.01 sec)

Query OK, 0 rows affected (0.00 sec)

Query OK, 0 rows affected (0.00 sec)
Statement prepared

Query OK, 53 rows affected (0.06 sec)
Records: 53  Duplicates: 0  Warnings: 0

Query OK, 0 rows affected (0.00 sec)

Query OK, 0 rows affected (0.00 sec)

+----------------------+
| rep_activenumberavg2 |
+----------------------+
|                 2788 |
+----------------------+
1 row in set (0.00 sec)

+------------------------+
| rep_activenumberavg_pv |
+------------------------+
|                     53 |
+------------------------+
1 row in set (0.00 sec)

Query OK, 0 rows affected (0.01 sec)

Query OK, 2785 rows affected (0.45 sec)
Records: 2785  Duplicates: 0  Warnings: 0

Query OK, 0 rows affected (0.00 sec)

Query OK, 0 rows affected (0.01 sec)

Query OK, 0 rows affected (0.01 sec)

Query OK, 0 rows affected (0.00 sec)

Query OK, 0 rows affected (0.00 sec)
Statement prepared

Query OK, 53 rows affected (0.07 sec)
Records: 53  Duplicates: 0  Warnings: 0

Query OK, 0 rows affected (0.00 sec)

Query OK, 0 rows affected (0.00 sec)

+-------------------------+
| rep_activenumberavgMahe |
+-------------------------+
|                    2785 |
+-------------------------+
1 row in set (0.00 sec)

+----------------------------+
| rep_activenumberavgMahe_pv |
+----------------------------+
|                         53 |
+----------------------------+
1 row in set (0.00 sec)

Query OK, 0 rows affected (0.01 sec)

Query OK, 1763 rows affected (0.21 sec)
Records: 1763  Duplicates: 0  Warnings: 0

Query OK, 0 rows affected (0.00 sec)

Query OK, 0 rows affected (0.01 sec)

Query OK, 0 rows affected (0.00 sec)

Query OK, 0 rows affected (0.00 sec)

Query OK, 0 rows affected (0.00 sec)
Statement prepared

Query OK, 40 rows affected (0.04 sec)
Records: 40  Duplicates: 0  Warnings: 0

Query OK, 0 rows affected (0.00 sec)

Query OK, 0 rows affected (0.00 sec)

+----------------------------+
| rep_activenumberavgPraslin |
+----------------------------+
|                       1763 |
+----------------------------+
1 row in set (0.00 sec)

+-------------------------------+
| rep_activenumberavgPraslin_pv |
+-------------------------------+
|                            40 |
+-------------------------------+
1 row in set (0.00 sec)

mysql> mysql \. C:\workspace\cloud\code\sql\_DailyScript\currenttime.sql
+---------------------+
| currenttime         |
+---------------------+
| 2021-12-20 10:10:12 |
+---------------------+
1 row in set (0.00 sec)

mysql> 
mysql> mysql \. C:\workspace\cloud\code\sql\Analysis\clients_contracts_creditpolicy_2.sql
Database changed
Query OK, 0 rows affected (0.00 sec)

Query OK, 1922498 rows affected (47.47 sec)
Records: 1922498  Duplicates: 0  Warnings: 0

Query OK, 0 rows affected (0.01 sec)

Query OK, 28547 rows affected (1.08 sec)
Records: 28547  Duplicates: 0  Warnings: 0

Query OK, 0 rows affected (0.01 sec)

Query OK, 28621 rows affected (15.09 sec)
Records: 28621  Duplicates: 0  Warnings: 0

+-------------------------+
| rep_cust_cont_creditpol |
+-------------------------+
|                   28621 |
+-------------------------+
1 row in set (0.01 sec)

mysql> mysql \. C:\workspace\cloud\code\sql\_DailyScript\currenttime.sql
+---------------------+
| currenttime         |
+---------------------+
| 2021-12-20 10:11:16 |
+---------------------+
1 row in set (0.00 sec)

mysql> 
mysql> 
mysql> 
mysql> 
mysql> 
mysql> 
mysql> 
mysql> 
mysql> 
mysql> 
mysql> 
mysql> 
mysql> 
mysql> 
mysql> 
mysql> 
mysql> 
mysql> 
mysql> 
mysql> 
mysql> 
mysql> 
mysql> 
mysql> 
mysql> 
mysql> 
mysql> 
mysql> 
mysql> exit
