    -> 
    -> mysql \. C:\workspace\cloud\code\sql\_DailyScript\_setdates.sql
Database changed
Query OK, 0 rows affected (0.00 sec)

Query OK, 0 rows affected (0.00 sec)

Query OK, 0 rows affected (0.00 sec)

Query OK, 0 rows affected (0.00 sec)

Query OK, 0 rows affected (0.00 sec)

Query OK, 0 rows affected (0.00 sec)

Query OK, 0 rows affected (0.00 sec)

Query OK, 0 rows affected (0.00 sec)

Query OK, 0 rows affected (0.00 sec)

Query OK, 0 rows affected (0.02 sec)

Query OK, 0 rows affected (0.00 sec)

Query OK, 0 rows affected (0.00 sec)

Query OK, 0 rows affected (0.00 sec)

Query OK, 0 rows affected (0.00 sec)

Query OK, 0 rows affected (0.00 sec)

Query OK, 0 rows affected (0.01 sec)

Query OK, 0 rows affected (0.00 sec)

Query OK, 0 rows affected (0.00 sec)

Query OK, 0 rows affected (0.00 sec)

Query OK, 0 rows affected (0.00 sec)

Query OK, 0 rows affected (0.00 sec)

mysql> mysql \. C:\workspace\cloud\code\sql\_DailyScript\currenttime.sql
+---------------------+
| currenttime         |
+---------------------+
| 2019-10-28 08:34:09 |
+---------------------+
1 row in set (0.00 sec)

mysql> 
mysql> mysql \. C:\workspace\cloud\code\sql\_DailyScript\load_RCB_VODTITLES.sql
Database changed
Query OK, 0 rows affected (0.00 sec)

Query OK, 7686 rows affected (0.13 sec)

Query OK, 7688 rows affected, 7688 warnings (0.18 sec)
Records: 7688  Deleted: 0  Skipped: 0  Warnings: 7688

Query OK, 0 rows affected (0.00 sec)

Query OK, 2 rows affected (0.00 sec)

+-----------+
| VODTITLES |
+-----------+
|      8146 |
+-----------+
1 row in set (0.02 sec)

+-----------+-----------+
| titletype | typecount |
+-----------+-----------+
| E         |      6176 |
| N         |       213 |
| T         |      1297 |
| NULL      |      7686 |
+-----------+-----------+
4 rows in set (0.03 sec)

mysql> mysql \. C:\workspace\cloud\code\sql\_DailyScript\currenttime.sql
+---------------------+
| currenttime         |
+---------------------+
| 2019-10-28 08:34:09 |
+---------------------+
1 row in set (0.00 sec)

mysql> 
mysql> mysql \. C:\workspace\cloud\code\sql\_DailyScript\DAILY-SCRIPT-LIVETV-STATS.sql
Database changed
Query OK, 0 rows affected (0.02 sec)

Query OK, 78469 rows affected (1.10 sec)
Records: 78469  Duplicates: 0  Warnings: 0

+------------+------------+----------+--------------+--------------+-----------+-------------+----------+--------+------+------------+---------+---------------+
| Table      | Non_unique | Key_name | Seq_in_index | Column_name  | Collation | Cardinality | Sub_part | Packed | Null | Index_type | Comment | Index_comment |
+------------+------------+----------+--------------+--------------+-----------+-------------+----------+--------+------+------------+---------+---------------+
| templivetv |          1 | idxtv1   |            1 | device       | A         |       78513 |     NULL | NULL   | YES  | BTREE      |         |               |
| templivetv |          1 | idxtv2   |            1 | sessionstart | A         |       78513 |     NULL | NULL   | YES  | BTREE      |         |               |
+------------+------------+----------+--------------+--------------+-----------+-------------+----------+--------+------+------------+---------+---------------+
2 rows in set (0.00 sec)

Query OK, 78380 rows affected (22.64 sec)
Records: 78380  Duplicates: 0  Warnings: 0

Query OK, 2828 rows affected (1.06 sec)
Records: 2828  Duplicates: 0  Warnings: 0

Query OK, 0 rows affected (0.00 sec)

Query OK, 0 rows affected (0.02 sec)

Query OK, 144 rows affected (0.07 sec)
Records: 144  Duplicates: 0  Warnings: 0

Query OK, 0 rows affected (0.05 sec)

Query OK, 94017 rows affected (22 min 18.68 sec)
Records: 94017  Duplicates: 0  Warnings: 0

+-----------------+
| rep_livetvstats |
+-----------------+
|           94017 |
+-----------------+
1 row in set (0.05 sec)

mysql> mysql \. C:\workspace\cloud\code\sql\_DailyScript\currenttime.sql
+---------------------+
| currenttime         |
+---------------------+
| 2019-10-28 08:56:53 |
+---------------------+
1 row in set (0.00 sec)

mysql> 
mysql> mysql \. C:\workspace\cloud\code\sql\_DailyScript\DAILY-SCRIPT-VODTS-STATS.sql
Database changed
Query OK, 0 rows affected (0.01 sec)

Query OK, 4096 rows affected (57.54 sec)
Records: 4096  Duplicates: 0  Warnings: 0

+---------+------------+----------+--------------+--------------+-----------+-------------+----------+--------+------+------------+---------+---------------+
| Table   | Non_unique | Key_name | Seq_in_index | Column_name  | Collation | Cardinality | Sub_part | Packed | Null | Index_type | Comment | Index_comment |
+---------+------------+----------+--------------+--------------+-----------+-------------+----------+--------+------+------------+---------+---------------+
| tempvod |          1 | idxtvod1 |            1 | device       | A         |        4187 |     NULL | NULL   | YES  | BTREE      |         |               |
| tempvod |          1 | idxtvod2 |            1 | sessionstart | A         |        4187 |     NULL | NULL   | YES  | BTREE      |         |               |
+---------+------------+----------+--------------+--------------+-----------+-------------+----------+--------+------+------------+---------+---------------+
2 rows in set (0.00 sec)

Query OK, 4058 rows affected (2.37 sec)
Records: 4058  Duplicates: 0  Warnings: 0

Query OK, 0 rows affected (0.01 sec)

Query OK, 372945 rows affected (37.28 sec)
Records: 372945  Duplicates: 0  Warnings: 0

+--------------+
| rep_vodstats |
+--------------+
|       372945 |
+--------------+
1 row in set (0.14 sec)

Database changed
Query OK, 0 rows affected (0.02 sec)

Query OK, 13161 rows affected (4 min 56.72 sec)
Records: 13161  Duplicates: 0  Warnings: 0

+--------+------------+----------+--------------+--------------+-----------+-------------+----------+--------+------+------------+---------+---------------+
| Table  | Non_unique | Key_name | Seq_in_index | Column_name  | Collation | Cardinality | Sub_part | Packed | Null | Index_type | Comment | Index_comment |
+--------+------------+----------+--------------+--------------+-----------+-------------+----------+--------+------+------------+---------+---------------+
| tempts |          1 | idxtts1  |            1 | device       | A         |       12109 |     NULL | NULL   | YES  | BTREE      |         |               |
| tempts |          1 | idxtts2  |            1 | sessionstart | A         |       12109 |     NULL | NULL   | YES  | BTREE      |         |               |
+--------+------------+----------+--------------+--------------+-----------+-------------+----------+--------+------+------------+---------+---------------+
2 rows in set (0.00 sec)

Query OK, 13142 rows affected (12.76 sec)
Records: 13142  Duplicates: 0  Warnings: 0

Query OK, 0 rows affected (0.00 sec)

Query OK, 25880 rows affected (4 min 27.38 sec)
Records: 25880  Duplicates: 0  Warnings: 0

+-------------+
| rep_tsstats |
+-------------+
|       25880 |
+-------------+
1 row in set (0.00 sec)

mysql> mysql \. C:\workspace\cloud\code\sql\_DailyScript\currenttime.sql
+---------------------+
| currenttime         |
+---------------------+
| 2019-10-28 09:08:07 |
+---------------------+
1 row in set (0.00 sec)

mysql> 
mysql> mysql \. C:\workspace\cloud\code\sql\_DailyScript\DAILY-SCRIPT-RADIO-STATS.sql
Database changed
Query OK, 0 rows affected (0.02 sec)

Query OK, 187723 rows affected (6.19 sec)
Records: 187723  Duplicates: 0  Warnings: 0

+-----------+------------+----------+--------------+--------------+-----------+-------------+----------+--------+------+------------+---------+---------------+
| Table     | Non_unique | Key_name | Seq_in_index | Column_name  | Collation | Cardinality | Sub_part | Packed | Null | Index_type | Comment | Index_comment |
+-----------+------------+----------+--------------+--------------+-----------+-------------+----------+--------+------+------------+---------+---------------+
| tempradio |          1 | idxtrad1 |            1 | device       | A         |      188320 |     NULL | NULL   | YES  | BTREE      |         |               |
| tempradio |          1 | idxtrad2 |            1 | sessionstart | A         |      188320 |     NULL | NULL   | YES  | BTREE      |         |               |
+-----------+------------+----------+--------------+--------------+-----------+-------------+----------+--------+------+------------+---------+---------------+
2 rows in set (0.01 sec)

Query OK, 197 rows affected (4.25 sec)
Records: 197  Duplicates: 0  Warnings: 0

Query OK, 0 rows affected (0.01 sec)

Query OK, 3493 rows affected (0.32 sec)
Records: 3493  Duplicates: 0  Warnings: 0

+----------------+
| rep_radiostats |
+----------------+
|           3493 |
+----------------+
1 row in set (0.00 sec)

mysql> mysql \. C:\workspace\cloud\code\sql\_DailyScript\currenttime.sql
+---------------------+
| currenttime         |
+---------------------+
| 2019-10-28 09:08:18 |
+---------------------+
1 row in set (0.00 sec)

mysql> 
mysql> mysql \. C:\workspace\cloud\code\sql\_DailyScript\DAILY_SCRIPT_TELEMETRY_PIVOT.sql
Query OK, 0 rows affected (0.00 sec)

Query OK, 148 rows affected (0.26 sec)
Records: 148  Duplicates: 0  Warnings: 0

Query OK, 0 rows affected (0.01 sec)

Query OK, 6623 rows affected (1.43 sec)
Records: 6623  Duplicates: 0  Warnings: 0

Query OK, 0 rows affected (0.01 sec)

Query OK, 6 rows affected (0.05 sec)
Records: 6  Duplicates: 0  Warnings: 0

Query OK, 0 rows affected (0.03 sec)

Query OK, 55 rows affected (0.13 sec)
Records: 55  Duplicates: 0  Warnings: 0

mysql> mysql \. C:\workspace\cloud\code\sql\_DailyScript\currenttime.sql
+---------------------+
| currenttime         |
+---------------------+
| 2019-10-28 09:08:20 |
+---------------------+
1 row in set (0.00 sec)

mysql> 
mysql> mysql \. C:\workspace\cloud\code\sql\_DailyScript\telemetry_livetv_ranking2019.sql
Query OK, 0 rows affected (0.00 sec)

Query OK, 148 rows affected (0.01 sec)
Records: 148  Duplicates: 0  Warnings: 0

mysql> mysql \. C:\workspace\cloud\code\sql\_DailyScript\currenttime.sql
+---------------------+
| currenttime         |
+---------------------+
| 2019-10-28 09:08:20 |
+---------------------+
1 row in set (0.00 sec)

mysql> 
mysql> mysql \. C:\workspace\cloud\code\sql\_DailyScript\telemetry_radio_ranking2019.sql
Query OK, 0 rows affected (0.02 sec)

Query OK, 6 rows affected (0.00 sec)
Records: 6  Duplicates: 0  Warnings: 0

mysql> mysql \. C:\workspace\cloud\code\sql\_DailyScript\currenttime.sql
+---------------------+
| currenttime         |
+---------------------+
| 2019-10-28 09:08:20 |
+---------------------+
1 row in set (0.00 sec)

mysql> 
mysql> mysql \. C:\workspace\cloud\code\sql\_DailyScript\telemetry_ts_ranking2019.sql
Query OK, 0 rows affected (0.00 sec)

Query OK, 55 rows affected (0.02 sec)
Records: 55  Duplicates: 0  Warnings: 0

mysql> mysql \. C:\workspace\cloud\code\sql\_DailyScript\currenttime.sql
+---------------------+
| currenttime         |
+---------------------+
| 2019-10-28 09:08:20 |
+---------------------+
1 row in set (0.02 sec)

mysql> 
mysql> mysql \. C:\workspace\cloud\code\sql\_DailyScript\telemetry_vod_ranking2019.sql
Query OK, 0 rows affected (0.00 sec)

Query OK, 6623 rows affected (0.42 sec)
Records: 6623  Duplicates: 0  Warnings: 0

mysql> mysql \. C:\workspace\cloud\code\sql\_DailyScript\currenttime.sql
+---------------------+
| currenttime         |
+---------------------+
| 2019-10-28 09:08:20 |
+---------------------+
1 row in set (0.00 sec)

mysql> 
mysql> mysql \. C:\workspace\cloud\code\sql\_DailyScript\telemetry_vod_ranking2019_1.sql
Query OK, 0 rows affected (0.02 sec)

Query OK, 6623 rows affected (0.16 sec)
Records: 6623  Duplicates: 0  Warnings: 0

mysql> mysql \. C:\workspace\cloud\code\sql\_DailyScript\currenttime.sql
+---------------------+
| currenttime         |
+---------------------+
| 2019-10-28 09:08:21 |
+---------------------+
1 row in set (0.00 sec)

mysql> 
mysql> mysql \. C:\workspace\cloud\code\sql\_DailyScript\telemetry_vod_ranking2019_2.sql
Query OK, 0 rows affected (0.01 sec)

Query OK, 6623 rows affected (0.16 sec)
Records: 6623  Duplicates: 0  Warnings: 0

mysql> mysql \. C:\workspace\cloud\code\sql\_DailyScript\currenttime.sql
+---------------------+
| currenttime         |
+---------------------+
| 2019-10-28 09:08:21 |
+---------------------+
1 row in set (0.00 sec)

mysql> 
mysql> mysql \. C:\workspace\cloud\code\sql\_DailyScript\DAILY-SCRIPT-CREATE-LOAD.sql
Database changed
Database changed
Query OK, 0 rows affected (0.05 sec)

Query OK, 0 rows affected (0.00 sec)

Database changed
Query OK, 65809 rows affected (3.46 sec)
Records: 65809  Deleted: 0  Skipped: 0  Warnings: 0

Query OK, 0 rows affected (0.19 sec)
Records: 0  Duplicates: 0  Warnings: 0

Query OK, 0 rows affected (0.40 sec)
Records: 0  Duplicates: 0  Warnings: 0

Query OK, 0 rows affected (0.33 sec)
Records: 0  Duplicates: 0  Warnings: 0

Query OK, 0 rows affected (0.28 sec)
Records: 0  Duplicates: 0  Warnings: 0

+---------+
| clients |
+---------+
|   65809 |
+---------+
1 row in set (0.02 sec)

Query OK, 0 rows affected (0.01 sec)

Query OK, 2446 rows affected (0.62 sec)
Records: 2446  Duplicates: 0  Warnings: 0

+-------------------+
| rcb_clientparcels |
+-------------------+
|              2446 |
+-------------------+
1 row in set (0.00 sec)

Query OK, 0 rows affected (0.03 sec)

Query OK, 85685 rows affected (4.46 sec)
Records: 85685  Duplicates: 0  Warnings: 0

Query OK, 0 rows affected (0.35 sec)
Records: 0  Duplicates: 0  Warnings: 0

Query OK, 0 rows affected (0.02 sec)

Query OK, 65809 rows affected (3.36 sec)
Records: 65809  Duplicates: 0  Warnings: 0

Query OK, 0 rows affected (0.28 sec)
Records: 0  Duplicates: 0  Warnings: 0

Query OK, 0 rows affected (0.27 sec)
Records: 0  Duplicates: 0  Warnings: 0

Query OK, 0 rows affected (0.19 sec)
Records: 0  Duplicates: 0  Warnings: 0

+---------------+
| clientaddress |
+---------------+
|         65809 |
+---------------+
1 row in set (0.02 sec)

Database changed
Query OK, 0 rows affected (0.02 sec)

Query OK, 0 rows affected (0.00 sec)

Database changed
Query OK, 490781 rows affected, 65535 warnings (19.06 sec)
Records: 490781  Deleted: 0  Skipped: 0  Warnings: 193039

Query OK, 0 rows affected (5.07 sec)
Records: 0  Duplicates: 0  Warnings: 0

Query OK, 0 rows affected (2.87 sec)
Records: 0  Duplicates: 0  Warnings: 0

Query OK, 0 rows affected (1.79 sec)
Records: 0  Duplicates: 0  Warnings: 0

Query OK, 0 rows affected (0.07 sec)

Query OK, 490781 rows affected (58.20 sec)
Records: 490781  Duplicates: 0  Warnings: 0

Query OK, 0 rows affected (2.35 sec)
Records: 0  Duplicates: 0  Warnings: 0

Query OK, 0 rows affected (1.92 sec)
Records: 0  Duplicates: 0  Warnings: 0

+-----------+
| contracts |
+-----------+
|    490781 |
+-----------+
1 row in set (0.22 sec)

+-----------------+
| contractaddress |
+-----------------+
|          490781 |
+-----------------+
1 row in set (0.17 sec)

Database changed
Query OK, 0 rows affected (0.02 sec)

Query OK, 0 rows affected (0.01 sec)

Query OK, 7081 rows affected (0.14 sec)
Records: 7081  Deleted: 0  Skipped: 0  Warnings: 0

Query OK, 0 rows affected (0.01 sec)

Query OK, 7050 rows affected (2.23 sec)
Records: 7050  Duplicates: 0  Warnings: 0

Query OK, 0 rows affected (0.03 sec)
Records: 0  Duplicates: 0  Warnings: 0

Query OK, 0 rows affected (0.04 sec)

Query OK, 5523 rows affected (0.08 sec)
Records: 5523  Duplicates: 0  Warnings: 0

Query OK, 0 rows affected (0.03 sec)
Records: 0  Duplicates: 0  Warnings: 0

+-------------------+
| contractdiscounts |
+-------------------+
|              7081 |
+-------------------+
1 row in set (0.00 sec)

+-------------------------+
| clientcontractdiscounts |
+-------------------------+
|                    7050 |
+-------------------------+
1 row in set (0.01 sec)

+----------------------------+
| clientcontractlastdiscount |
+----------------------------+
|                       5523 |
+----------------------------+
1 row in set (0.00 sec)

Database changed
Query OK, 0 rows affected (0.40 sec)

Query OK, 0 rows affected (0.00 sec)

Database changed
Query OK, 130892 rows affected (5.51 sec)
Records: 130892  Deleted: 0  Skipped: 0  Warnings: 0

Query OK, 0 rows affected (0.52 sec)
Records: 0  Duplicates: 0  Warnings: 0

Query OK, 0 rows affected (0.79 sec)
Records: 0  Duplicates: 0  Warnings: 0

Query OK, 0 rows affected (0.61 sec)
Records: 0  Duplicates: 0  Warnings: 0

Query OK, 0 rows affected (0.56 sec)
Records: 0  Duplicates: 0  Warnings: 0

Query OK, 0 rows affected (0.74 sec)
Records: 0  Duplicates: 0  Warnings: 0

Query OK, 0 rows affected (1.35 sec)
Records: 0  Duplicates: 0  Warnings: 0

Query OK, 0 rows affected (0.25 sec)

Query OK, 1675727 rows affected (3 min 16.24 sec)
Records: 1675727  Duplicates: 0  Warnings: 0

+---------+
| devices |
+---------+
|  130892 |
+---------+
1 row in set (0.05 sec)

+-----------------------+
| clientcontractdevices |
+-----------------------+
|               1675727 |
+-----------------------+
1 row in set (0.79 sec)

Query OK, 0 rows affected (0.05 sec)

Query OK, 130866 rows affected (7.76 sec)
Records: 130866  Duplicates: 0  Warnings: 0

+---------------------------+
| rep_clientcontractdevices |
+---------------------------+
|                    130866 |
+---------------------------+
1 row in set (0.03 sec)

Database changed
Query OK, 0 rows affected (0.04 sec)

Query OK, 0 rows affected (0.00 sec)

Query OK, 260071 rows affected (8.54 sec)
Records: 260071  Deleted: 0  Skipped: 0  Warnings: 0

Query OK, 0 rows affected (0.80 sec)
Records: 0  Duplicates: 0  Warnings: 0

Query OK, 0 rows affected (0.72 sec)
Records: 0  Duplicates: 0  Warnings: 0

Query OK, 0 rows affected (0.75 sec)
Records: 0  Duplicates: 0  Warnings: 0

Query OK, 0 rows affected (0.68 sec)
Records: 0  Duplicates: 0  Warnings: 0

+---------+
| tickets |
+---------+
|  260071 |
+---------+
1 row in set (0.09 sec)

Database changed
Query OK, 0 rows affected (0.01 sec)

Query OK, 0 rows affected (0.00 sec)

Empty set (0.00 sec)

Query OK, 0 rows affected (0.02 sec)
Records: 0  Duplicates: 0  Warnings: 0

Query OK, 316 rows affected, 2 warnings (0.00 sec)
Records: 316  Deleted: 0  Skipped: 0  Warnings: 2

+-----------------+
| tickettechusers |
+-----------------+
|             316 |
+-----------------+
1 row in set (0.00 sec)

Database changed
Query OK, 0 rows affected (0.02 sec)

Query OK, 0 rows affected (0.02 sec)

Query OK, 0 rows affected (0.00 sec)
Records: 0  Duplicates: 0  Warnings: 0

Query OK, 549350 rows affected, 43108 warnings (11.64 sec)
Records: 549350  Deleted: 0  Skipped: 0  Warnings: 43108

+-------------------+
| ticketassignments |
+-------------------+
|            549350 |
+-------------------+
1 row in set (0.18 sec)

Database changed
Query OK, 0 rows affected (0.05 sec)

Query OK, 0 rows affected (0.00 sec)

Query OK, 1139143 rows affected (17.24 sec)
Records: 1139143  Deleted: 0  Skipped: 0  Warnings: 0

Query OK, 0 rows affected (8.99 sec)
Records: 0  Duplicates: 0  Warnings: 0

Query OK, 0 rows affected (3.90 sec)
Records: 0  Duplicates: 0  Warnings: 0

Query OK, 0 rows affected (2.97 sec)
Records: 0  Duplicates: 0  Warnings: 0

Query OK, 0 rows affected (3.85 sec)
Records: 0  Duplicates: 0  Warnings: 0

+----------------+
| ticketcomments |
+----------------+
|        1139143 |
+----------------+
1 row in set (0.40 sec)

Database changed
Query OK, 0 rows affected (0.02 sec)

Query OK, 0 rows affected (0.00 sec)

Query OK, 422355 rows affected (50.27 sec)
Records: 422355  Deleted: 0  Skipped: 0  Warnings: 0

Query OK, 0 rows affected (2.69 sec)
Records: 0  Duplicates: 0  Warnings: 0

+----------+
| comments |
+----------+
|   422355 |
+----------+
1 row in set (0.15 sec)

Database changed
Query OK, 0 rows affected (0.03 sec)

Query OK, 0 rows affected (0.01 sec)

Query OK, 984115 rows affected, 65535 warnings (1 min 6.14 sec)
Records: 984115  Deleted: 0  Skipped: 0  Warnings: 984116

Query OK, 0 rows affected (5.15 sec)
Records: 0  Duplicates: 0  Warnings: 0

Query OK, 0 rows affected (3.01 sec)
Records: 0  Duplicates: 0  Warnings: 0

Query OK, 0 rows affected (3.09 sec)
Records: 0  Duplicates: 0  Warnings: 0

Query OK, 0 rows affected (3.33 sec)
Records: 0  Duplicates: 0  Warnings: 0

Query OK, 0 rows affected (3.95 sec)
Records: 0  Duplicates: 0  Warnings: 0

+------------+
| devicesold |
+------------+
|     984115 |
+------------+
1 row in set (0.36 sec)

Database changed
Query OK, 0 rows affected (0.01 sec)

Query OK, 0 rows affected (0.02 sec)

Query OK, 1669061 rows affected (27.09 sec)
Records: 1669061  Deleted: 0  Skipped: 0  Warnings: 0

Query OK, 0 rows affected (6.50 sec)
Records: 0  Duplicates: 0  Warnings: 0

Query OK, 0 rows affected (5.10 sec)
Records: 0  Duplicates: 0  Warnings: 0

Query OK, 0 rows affected (5.38 sec)
Records: 0  Duplicates: 0  Warnings: 0

+------------------+
| contractservices |
+------------------+
|          1669061 |
+------------------+
1 row in set (0.59 sec)

Database changed
Query OK, 0 rows affected (0.12 sec)

Query OK, 0 rows affected (0.00 sec)

Query OK, 3820171 rows affected (2 min 6.70 sec)
Records: 3820171  Deleted: 0  Skipped: 0  Warnings: 0

Query OK, 0 rows affected (16.19 sec)
Records: 0  Duplicates: 0  Warnings: 0

Query OK, 0 rows affected (14.46 sec)
Records: 0  Duplicates: 0  Warnings: 0

Query OK, 0 rows affected (16.24 sec)
Records: 0  Duplicates: 0  Warnings: 0

Query OK, 0 rows affected (17.68 sec)
Records: 0  Duplicates: 0  Warnings: 0

+------------------+
| invoicescontents |
+------------------+
|          3820171 |
+------------------+
1 row in set (1.38 sec)

Database changed
Query OK, 0 rows affected (0.10 sec)

Query OK, 0 rows affected (0.01 sec)

Query OK, 2653725 rows affected (3 min 27.79 sec)
Records: 2653725  Deleted: 0  Skipped: 0  Warnings: 0

Query OK, 0 rows affected (17.25 sec)
Records: 0  Duplicates: 0  Warnings: 0

Query OK, 0 rows affected (15.03 sec)
Records: 0  Duplicates: 0  Warnings: 0

Query OK, 0 rows affected (14.46 sec)
Records: 0  Duplicates: 0  Warnings: 0

Query OK, 0 rows affected (16.21 sec)
Records: 0  Duplicates: 0  Warnings: 0

Query OK, 0 rows affected (14.28 sec)
Records: 0  Duplicates: 0  Warnings: 0

+----------------+
| invoicesheader |
+----------------+
|        2653725 |
+----------------+
1 row in set (1.07 sec)

Database changed
Query OK, 0 rows affected (0.05 sec)

Query OK, 0 rows affected (0.00 sec)

Query OK, 2758155 rows affected (1 min 29.51 sec)
Records: 2758155  Deleted: 0  Skipped: 0  Warnings: 0

Query OK, 0 rows affected (13.64 sec)
Records: 0  Duplicates: 0  Warnings: 0

Query OK, 0 rows affected (8.53 sec)
Records: 0  Duplicates: 0  Warnings: 0

Query OK, 0 rows affected (9.81 sec)
Records: 0  Duplicates: 0  Warnings: 0

Query OK, 0 rows affected (9.75 sec)
Records: 0  Duplicates: 0  Warnings: 0

+---------+
| casa    |
+---------+
| 2758155 |
+---------+
1 row in set (1.01 sec)

Query OK, 0 rows affected (0.01 sec)

Query OK, 13100 rows affected (1 min 32.31 sec)
Records: 13100  Duplicates: 0  Warnings: 0

+--------------------+
| rep_paycol_channel |
+--------------------+
|              13100 |
+--------------------+
1 row in set (0.01 sec)

Query OK, 0 rows affected (0.00 sec)

Query OK, 8827 rows affected (1 min 48.15 sec)
Records: 8827  Duplicates: 0  Warnings: 0

+----------------+
| rep_paycol_pos |
+----------------+
|           8827 |
+----------------+
1 row in set (0.00 sec)

Database changed
Query OK, 0 rows affected (0.03 sec)

Query OK, 0 rows affected (0.01 sec)

Database changed
Query OK, 38583 rows affected (0.99 sec)
Records: 38583  Deleted: 0  Skipped: 0  Warnings: 0

+-------+
| users |
+-------+
| 38583 |
+-------+
1 row in set (0.02 sec)

Database changed
Query OK, 0 rows affected (0.09 sec)

Query OK, 0 rows affected (0.01 sec)

Database changed
Query OK, 10565187 rows affected (2 min 16.28 sec)
Records: 10565187  Deleted: 0  Skipped: 0  Warnings: 0

Query OK, 0 rows affected (37.50 sec)
Records: 0  Duplicates: 0  Warnings: 0

Query OK, 0 rows affected (40.74 sec)
Records: 0  Duplicates: 0  Warnings: 0

Query OK, 0 rows affected (35.44 sec)
Records: 0  Duplicates: 0  Warnings: 0

Query OK, 0 rows affected (35.14 sec)
Records: 0  Duplicates: 0  Warnings: 0

+----------+
| ipusage1 |
+----------+
| 10565187 |
+----------+
1 row in set (4.25 sec)

Query OK, 0 rows affected (0.20 sec)

Query OK, 10658073 rows affected, 65535 warnings (13 min 50.54 sec)
Records: 10658073  Duplicates: 0  Warnings: 10655005

Query OK, 0 rows affected (35.00 sec)
Records: 0  Duplicates: 0  Warnings: 0

Query OK, 0 rows affected (38.38 sec)
Records: 0  Duplicates: 0  Warnings: 0

Query OK, 0 rows affected (38.39 sec)
Records: 0  Duplicates: 0  Warnings: 0

Query OK, 0 rows affected (39.05 sec)
Records: 0  Duplicates: 0  Warnings: 0

Query OK, 0 rows affected (52.74 sec)
Records: 0  Duplicates: 0  Warnings: 0

Query OK, 0 rows affected (58.95 sec)
Records: 0  Duplicates: 0  Warnings: 0

Query OK, 0 rows affected (55.12 sec)
Records: 0  Duplicates: 0  Warnings: 0

+----------+
| ipusage  |
+----------+
| 10658073 |
+----------+
1 row in set (8.38 sec)

Query OK, 0 rows affected (0.36 sec)

Query OK, 2709511 rows affected (3 min 3.81 sec)
Records: 2709511  Duplicates: 0  Warnings: 0

Query OK, 0 rows affected (11.43 sec)
Records: 0  Duplicates: 0  Warnings: 0

Query OK, 0 rows affected (8.71 sec)
Records: 0  Duplicates: 0  Warnings: 0

Query OK, 0 rows affected (11.06 sec)
Records: 0  Duplicates: 0  Warnings: 0

Query OK, 0 rows affected (13.58 sec)
Records: 0  Duplicates: 0  Warnings: 0

Query OK, 0 rows affected (6.50 sec)
Records: 0  Duplicates: 0  Warnings: 0

Query OK, 0 rows affected (0.06 sec)

Query OK, 206427 rows affected (23.80 sec)
Records: 206427  Duplicates: 0  Warnings: 0

Query OK, 0 rows affected (0.86 sec)
Records: 0  Duplicates: 0  Warnings: 0

Query OK, 0 rows affected (0.83 sec)
Records: 0  Duplicates: 0  Warnings: 0

Query OK, 0 rows affected (0.82 sec)
Records: 0  Duplicates: 0  Warnings: 0

Query OK, 0 rows affected (0.45 sec)
Records: 0  Duplicates: 0  Warnings: 0

Query OK, 0 rows affected (0.47 sec)
Records: 0  Duplicates: 0  Warnings: 0

Query OK, 0 rows affected (0.52 sec)
Records: 0  Duplicates: 0  Warnings: 0

Query OK, 0 rows affected (0.49 sec)
Records: 0  Duplicates: 0  Warnings: 0

Query OK, 0 rows affected (0.04 sec)

Query OK, 1668878 rows affected (1 min 1.48 sec)
Records: 1668878  Duplicates: 0  Warnings: 0

Query OK, 0 rows affected (11.97 sec)
Records: 0  Duplicates: 0  Warnings: 0

Query OK, 0 rows affected (4.44 sec)
Records: 0  Duplicates: 0  Warnings: 0

Query OK, 0 rows affected (6.94 sec)
Records: 0  Duplicates: 0  Warnings: 0

mysql> mysql \. C:\workspace\cloud\code\sql\_DailyScript\currenttime.sql
+---------------------+
| currenttime         |
+---------------------+
| 2019-10-28 10:01:17 |
+---------------------+
1 row in set (0.00 sec)

mysql> 
mysql> mysql \. C:\workspace\cloud\code\sql\_DailyScript\ticket_analysis.sql
Database changed
Query OK, 0 rows affected (0.05 sec)

Query OK, 500123 rows affected (22.57 sec)
Records: 500123  Duplicates: 0  Warnings: 0

Query OK, 0 rows affected (5.27 sec)
Records: 0  Duplicates: 0  Warnings: 0

Query OK, 0 rows affected (1.87 sec)
Records: 0  Duplicates: 0  Warnings: 0

Query OK, 0 rows affected (1.94 sec)
Records: 0  Duplicates: 0  Warnings: 0

Query OK, 0 rows affected (0.01 sec)

Query OK, 17079 rows affected (11.88 sec)
Records: 17079  Duplicates: 0  Warnings: 0

Query OK, 0 rows affected, 1 warning (0.00 sec)

Query OK, 68822 rows affected (7.28 sec)
Records: 68822  Duplicates: 0  Warnings: 0

Query OK, 0 rows affected, 1 warning (0.00 sec)

Query OK, 358106 rows affected (12.90 sec)
Records: 358106  Duplicates: 0  Warnings: 0

Query OK, 0 rows affected, 1 warning (0.00 sec)

Query OK, 358106 rows affected (13.02 sec)
Records: 358106  Duplicates: 0  Warnings: 0

Query OK, 0 rows affected (0.01 sec)

Query OK, 68873 rows affected (5.00 sec)
Records: 68873  Duplicates: 0  Warnings: 0

Database changed
Query OK, 0 rows affected (0.00 sec)

Query OK, 0 rows affected (0.02 sec)

Query OK, 500123 rows affected (20.66 sec)
Records: 500123  Duplicates: 0  Warnings: 0

Query OK, 0 rows affected (0.01 sec)

Query OK, 241903 rows affected (14.82 sec)
Records: 241903  Duplicates: 0  Warnings: 0

+--------------------------+
| clientticket_cmmtjourney |
+--------------------------+
|                   500123 |
+--------------------------+
1 row in set (3.68 sec)

+---------------------------+
| clientticket_assgnjourney |
+---------------------------+
|                    241903 |
+---------------------------+
1 row in set (0.34 sec)

Query OK, 0 rows affected (0.12 sec)

Query OK, 68 rows affected (0.11 sec)
Records: 68  Duplicates: 0  Warnings: 0

mysql> mysql \. C:\workspace\cloud\code\sql\_DailyScript\currenttime.sql
+---------------------+
| currenttime         |
+---------------------+
| 2019-10-28 10:03:18 |
+---------------------+
1 row in set (0.00 sec)

mysql> 
mysql> mysql \. C:\workspace\cloud\code\sql\_DailyScript\load_DailyCalls.sql
Database changed
Query OK, 337 rows affected (0.34 sec)
Records: 337  Deleted: 0  Skipped: 0  Warnings: 0

Query OK, 0 rows affected, 1 warning (0.00 sec)

Query OK, 329 rows affected (0.22 sec)
Records: 329  Duplicates: 0  Warnings: 0

Query OK, 0 rows affected, 1 warning (0.00 sec)

Query OK, 67611 rows affected (0.42 sec)
Records: 67611  Duplicates: 0  Warnings: 0

+----------------------+
| callingclientsbefore |
+----------------------+
|               772138 |
+----------------------+
1 row in set (1.25 sec)

Query OK, 457 rows affected (8.68 sec)
Records: 457  Duplicates: 0  Warnings: 0

+---------------------+
| callingclientsafter |
+---------------------+
|              772595 |
+---------------------+
1 row in set (0.24 sec)

Query OK, 0 rows affected (0.02 sec)

Query OK, 236 rows affected (15.08 sec)
Records: 236  Duplicates: 0  Warnings: 0

Query OK, 0 rows affected (0.00 sec)

Query OK, 15994 rows affected (2.75 sec)
Records: 15994  Duplicates: 0  Warnings: 0

+-----------+
| callstats |
+-----------+
|     15994 |
+-----------+
1 row in set (0.01 sec)

Query OK, 0 rows affected, 1 warning (0.00 sec)

Query OK, 457 rows affected (10.20 sec)
Records: 457  Duplicates: 0  Warnings: 0

+------------------------+
| rep_cccallreportbefore |
+------------------------+
|                 775975 |
+------------------------+
1 row in set (0.27 sec)

Query OK, 499 rows affected (1.29 sec)
Records: 499  Duplicates: 0  Warnings: 0

+-----------------------+
| rep_cccallreportafter |
+-----------------------+
|                776474 |
+-----------------------+
1 row in set (0.27 sec)

Query OK, 0 rows affected (0.00 sec)

mysql> mysql \. C:\workspace\cloud\code\sql\_DailyScript\currenttime.sql
+---------------------+
| currenttime         |
+---------------------+
| 2019-10-28 10:03:59 |
+---------------------+
1 row in set (0.00 sec)

mysql> 
mysql> mysql \. C:\workspace\cloud\code\sql\_DailyScript\DAILY-SCRIPT-USAGE.sql
Database changed
Query OK, 0 rows affected (0.00 sec)

Query OK, 6678 rows affected, 19316 warnings (3.11 sec)
Records: 6678  Deleted: 0  Skipped: 0  Warnings: 19316

Query OK, 0 rows affected (0.00 sec)

Query OK, 10552 rows affected, 30566 warnings (3.61 sec)
Records: 10552  Deleted: 0  Skipped: 0  Warnings: 30566

Query OK, 0 rows affected (0.02 sec)

Query OK, 26 rows affected, 88 warnings (0.01 sec)
Records: 26  Deleted: 0  Skipped: 0  Warnings: 88

Query OK, 0 rows affected (0.00 sec)

Query OK, 217 rows affected, 759 warnings (0.07 sec)
Records: 217  Deleted: 0  Skipped: 0  Warnings: 759

+------------+
| dailyusage |
+------------+
|    8492078 |
+------------+
1 row in set (28.89 sec)

+------------+------------+------------+---------+
| datestart  | dateend    | insertedon | records |
+------------+------------+------------+---------+
| 2019-10-27 | 2019-10-27 | 2019-10-28 |   17473 |
| 2019-10-26 | 2019-10-26 | 2019-10-27 |   17463 |
| 2019-10-25 | 2019-10-25 | 2019-10-26 |   17583 |
| 2019-10-24 | 2019-10-24 | 2019-10-25 |   17422 |
| 2019-10-23 | 2019-10-23 | 2019-10-24 |   17519 |
+------------+------------+------------+---------+
5 rows in set (3 min 32.96 sec)

mysql> mysql \. C:\workspace\cloud\code\sql\_DailyScript\currenttime.sql
+---------------------+
| currenttime         |
+---------------------+
| 2019-10-28 10:08:08 |
+---------------------+
1 row in set (0.00 sec)

mysql> 
mysql> mysql \. C:\workspace\cloud\code\sql\_DailyScript\DAILY-SCRIPT-SALES-TELEMETRY.sql
Database changed
Query OK, 28 rows affected, 2 warnings (0.08 sec)
Records: 28  Deleted: 0  Skipped: 0  Warnings: 2

+------------+
| dailysales |
+------------+
|     171556 |
+------------+
1 row in set (0.44 sec)

Query OK, 0 rows affected (0.01 sec)

Query OK, 171556 rows affected (22.02 sec)
Records: 171556  Duplicates: 0  Warnings: 0

+--------+
| sales  |
+--------+
| 171556 |
+--------+
1 row in set (0.11 sec)

Query OK, 0 rows affected (0.00 sec)

Query OK, 2757 rows affected (0.39 sec)
Records: 2757  Duplicates: 0  Warnings: 0

+----------------+
| rep_dailysales |
+----------------+
|           2757 |
+----------------+
1 row in set (0.00 sec)

Query OK, 0 rows affected (0.00 sec)

Query OK, 2757 rows affected (0.59 sec)
Records: 2757  Duplicates: 0  Warnings: 0

+-------------------+
| rep_dailysalesreg |
+-------------------+
|              2757 |
+-------------------+
1 row in set (0.00 sec)

Query OK, 0 rows affected (0.00 sec)

Query OK, 2554 rows affected (0.72 sec)
Records: 2554  Duplicates: 0  Warnings: 0

+-----------+
| saleslist |
+-----------+
|      2554 |
+-----------+
1 row in set (0.00 sec)

Database changed
ERROR 2 (HY000): File 'C:\ProgramData\MySQL\MySQL Server 5.7\Uploads\_csv\PrepaidCardSales-27102019-P1.csv' not found (Errcode: 2 - No such file or directory)
+------------------+
| dailysinglesales |
+------------------+
|             6012 |
+------------------+
1 row in set (0.08 sec)

Database changed
Query OK, 15 rows affected (0.01 sec)
Records: 15  Deleted: 0  Skipped: 0  Warnings: 0

+-----------------+
| dailyaddonsales |
+-----------------+
|           17417 |
+-----------------+
1 row in set (0.23 sec)

Query OK, 149 rows affected (0.06 sec)
Records: 149  Deleted: 0  Skipped: 0  Warnings: 0

+----------------+
| onlinepayments |
+----------------+
|          68734 |
+----------------+
1 row in set (0.22 sec)

+-------------+----------------+---------------------+
| paymentdate | onlinepayments | onlinepaymentamount |
+-------------+----------------+---------------------+
| 2019-10-27  |            149 |         97205.39000 |
| 2019-10-26  |            206 |        131076.43000 |
| 2019-10-25  |            170 |        102130.22000 |
| 2019-10-24  |            152 |        100946.75000 |
| 2019-10-23  |            107 |         73607.09000 |
+-------------+----------------+---------------------+
5 rows in set (3.59 sec)

+-------------+--------------+----------------+---------------------+
| paymentyear | paymentmonth | onlinepayments | onlinepaymentamount |
+-------------+--------------+----------------+---------------------+
|        2019 |           10 |           2759 |       1838987.70000 |
|        2019 |            9 |           3167 |       2039048.12000 |
|        2019 |            8 |           3117 |       1993718.27000 |
|        2019 |            7 |           3028 |       2000847.29000 |
|        2019 |            6 |           2798 |       1782990.54000 |
+-------------+--------------+----------------+---------------------+
5 rows in set (0.09 sec)

mysql> mysql \. C:\workspace\cloud\code\sql\_DailyScript\currenttime.sql
+---------------------+
| currenttime         |
+---------------------+
| 2019-10-28 10:08:37 |
+---------------------+
1 row in set (0.00 sec)

mysql> 
mysql> mysql \. C:\workspace\cloud\code\sql\_DailyScript\DAILY-SCRIPT-ACTIVENUMBERS.sql
Database changed
Query OK, 1253 rows affected (0.94 sec)
Records: 1253  Deleted: 0  Skipped: 0  Warnings: 0

+------------+----------+
| period     | count(1) |
+------------+----------+
| 2019-10-27 |     1253 |
| 2019-10-26 |     1253 |
| 2019-10-25 |     1250 |
| 2019-10-24 |     1250 |
| 2019-10-23 |     1251 |
| 2019-10-22 |     1251 |
+------------+----------+
6 rows in set (0.01 sec)

Query OK, 0 rows affected (0.01 sec)

Query OK, 82 rows affected (1.81 sec)
Records: 82  Duplicates: 0  Warnings: 0

+-------------+
| packagelist |
+-------------+
|          82 |
+-------------+
1 row in set (0.00 sec)

Database changed
Query OK, 0 rows affected (0.00 sec)

Query OK, 0 rows affected (0.00 sec)

Query OK, 0 rows affected (0.00 sec)

Query OK, 0 rows affected (0.00 sec)

Query OK, 26683 rows affected, 206 warnings (45.20 sec)
Records: 26683  Deleted: 0  Skipped: 0  Warnings: 206

+------------+----------+
| period     | count(1) |
+------------+----------+
| 2019-10-27 |    26683 |
| 2019-10-26 |    26942 |
| 2019-10-25 |    27023 |
| 2019-10-24 |    26897 |
| 2019-10-23 |    26847 |
+------------+----------+
5 rows in set (0.17 sec)

Query OK, 0 rows affected (0.01 sec)

Query OK, 26063 rows affected (2 min 51.80 sec)
Records: 26063  Duplicates: 0  Warnings: 0

Query OK, 0 rows affected (0.21 sec)
Records: 0  Duplicates: 0  Warnings: 0

Query OK, 0 rows affected (0.12 sec)
Records: 0  Duplicates: 0  Warnings: 0

Query OK, 0 rows affected (0.15 sec)
Records: 0  Duplicates: 0  Warnings: 0

Query OK, 0 rows affected (0.09 sec)
Records: 0  Duplicates: 0  Warnings: 0

Query OK, 0 rows affected (0.08 sec)
Records: 0  Duplicates: 0  Warnings: 0

Query OK, 0 rows affected (0.08 sec)
Records: 0  Duplicates: 0  Warnings: 0

+-------------+
| countbefore |
+-------------+
|    30458178 |
+-------------+
1 row in set (1 min 43.49 sec)

Query OK, 26063 rows affected (28.35 sec)
Records: 26063  Duplicates: 0  Warnings: 0

+------------+
| countafter |
+------------+
|   30484241 |
+------------+
1 row in set (15.58 sec)

+------------+--------------------------+
| period     | customercontractactivity |
+------------+--------------------------+
| 2019-10-27 |                    26063 |
| 2019-10-26 |                    26322 |
| 2019-10-25 |                    26403 |
| 2019-10-24 |                    26277 |
| 2019-10-23 |                    26227 |
+------------+--------------------------+
5 rows in set (0.07 sec)

Query OK, 0 rows affected (0.07 sec)

Query OK, 236094 rows affected (15 min 35.28 sec)
Records: 236094  Duplicates: 0  Warnings: 0

Query OK, 0 rows affected (1.09 sec)
Records: 0  Duplicates: 0  Warnings: 0

Query OK, 0 rows affected (1.10 sec)
Records: 0  Duplicates: 0  Warnings: 0

Query OK, 0 rows affected (1.07 sec)
Records: 0  Duplicates: 0  Warnings: 0

Query OK, 0 rows affected (0.00 sec)

Query OK, 252 rows affected (0.70 sec)
Records: 252  Duplicates: 0  Warnings: 0

Query OK, 0 rows affected (0.00 sec)

Query OK, 2502 rows affected (0.64 sec)
Records: 2502  Duplicates: 0  Warnings: 0

Query OK, 0 rows affected (0.01 sec)

Query OK, 26051 rows affected (0.70 sec)
Records: 26051  Duplicates: 0  Warnings: 0

Query OK, 0 rows affected (0.02 sec)

Query OK, 16645 rows affected (0.42 sec)
Records: 16645  Duplicates: 0  Warnings: 0

Query OK, 0 rows affected (0.01 sec)

Query OK, 16645 rows affected (0.15 sec)
Records: 16645  Duplicates: 0  Warnings: 0

Query OK, 0 rows affected (0.00 sec)

Query OK, 16645 rows affected (1.39 sec)
Records: 16645  Duplicates: 0  Warnings: 0

Query OK, 0 rows affected (0.02 sec)

Query OK, 16645 rows affected (51.02 sec)
Records: 16645  Duplicates: 0  Warnings: 0

+-------------+
| clientstats |
+-------------+
|       16645 |
+-------------+
1 row in set (0.01 sec)

Query OK, 0 rows affected (0.01 sec)

Query OK, 12 rows affected, 1 warning (0.15 sec)
Records: 12  Duplicates: 0  Warnings: 1

+-----------------------+-------------+-------------+----------------+-----------------+
| services              | activecount | allaccounts | uniqueaccounts | uniquecontracts |
+-----------------------+-------------+-------------+----------------+-----------------+
| All                   |         253 |          44 |             44 |             142 |
| Internet & Voice      |         433 |         199 |            199 |             388 |
| Internet Only         |        4172 |        4065 |           4061 |            4112 |
| OTT Only              |           5 |           3 |              3 |               5 |
| TV & Internet         |        8532 |        3748 |           3738 |            7625 |
| TV & Internet & OTT   |        2367 |         633 |            631 |            1302 |
| TV & Internet & Voice |         481 |         140 |            140 |             431 |
| TV & OTT              |         329 |          63 |             63 |              78 |
| TV & Voice            |         104 |          45 |             45 |              92 |
| TV Only               |        9975 |        7531 |           7527 |            7714 |
| Voice Only            |         175 |         174 |            174 |             175 |
| GRAND TOTAL           |       26826 |       16645 |          16577 |           22064 |
+-----------------------+-------------+-------------+----------------+-----------------+
12 rows in set (0.00 sec)

+-------------+-------------+-------------+----------------+-----------------+
| network     | activecount | allaccounts | uniqueaccounts | uniquecontracts |
+-------------+-------------+-------------+----------------+-----------------+
| ADDON       |          14 |          10 |             10 |              10 |
| GPON        |        7283 |        3659 |           3656 |            5575 |
| HFC         |       19526 |       12975 |          12975 |           16476 |
| MOBILE TV   |           3 |           1 |              1 |               3 |
| GRAND TOTAL |       26826 |       16645 |          16577 |           22064 |
+-------------+-------------+-------------+----------------+-----------------+
5 rows in set, 1 warning (0.15 sec)

+-------------+-----------------------+-------------+-------------+----------------+-----------------+
| network     | services              | activecount | allaccounts | uniqueaccounts | uniquecontracts |
+-------------+-----------------------+-------------+-------------+----------------+-----------------+
| ADDON       | OTT Only              |           2 |           2 |              2 |               2 |
| ADDON       | TV & OTT              |           4 |           1 |              1 |               1 |
| ADDON       | TV Only               |           8 |           7 |              7 |               7 |
| ADDON       | Services Total        |          14 |          10 |             10 |              10 |
| GPON        | All                   |         126 |          21 |             21 |              67 |
| GPON        | Internet & Voice      |          65 |          27 |             27 |              55 |
| GPON        | Internet Only         |         953 |         873 |            873 |             895 |
| GPON        | TV & Internet         |        3020 |        1266 |           1266 |            2597 |
| GPON        | TV & Internet & OTT   |        1206 |         319 |            319 |             659 |
| GPON        | TV & Internet & Voice |         151 |          42 |             42 |             131 |
| GPON        | TV & OTT              |          69 |          24 |             24 |              24 |
| GPON        | TV & Voice            |          44 |          18 |             18 |              37 |
| GPON        | TV Only               |        1638 |        1058 |           1058 |            1099 |
| GPON        | Voice Only            |          11 |          11 |             11 |              11 |
| GPON        | Services Total        |        7283 |        3659 |           3656 |            5575 |
| HFC         | All                   |         127 |          23 |             23 |              75 |
| HFC         | Internet & Voice      |         368 |         172 |            172 |             333 |
| HFC         | Internet Only         |        3219 |        3192 |           3192 |            3217 |
| HFC         | TV & Internet         |        5512 |        2482 |           2482 |            5028 |
| HFC         | TV & Internet & OTT   |        1161 |         314 |            314 |             643 |
| HFC         | TV & Internet & Voice |         330 |          98 |             98 |             300 |
| HFC         | TV & OTT              |         256 |          38 |             38 |              53 |
| HFC         | TV & Voice            |          60 |          27 |             27 |              55 |
| HFC         | TV Only               |        8329 |        6466 |           6466 |            6608 |
| HFC         | Voice Only            |         164 |         163 |            163 |             164 |
| HFC         | Services Total        |       19526 |       12975 |          12975 |           16476 |
| MOBILE TV   | OTT Only              |           3 |           1 |              1 |               3 |
| MOBILE TV   | Services Total        |           3 |           1 |              1 |               3 |
| GRAND TOTAL | Services Total        |       26826 |       16645 |          16577 |           22064 |
+-------------+-----------------------+-------------+-------------+----------------+-----------------+
29 rows in set, 2 warnings (0.15 sec)

Query OK, 0 rows affected (0.00 sec)

Query OK, 46 rows affected, 3 warnings (0.21 sec)
Records: 46  Duplicates: 0  Warnings: 3

+-------------+---------------+-----------------------+-------------+-------------+----------------+-----------------+
| region      | network       | services              | activecount | allaccounts | uniqueaccounts | uniquecontracts |
+-------------+---------------+-----------------------+-------------+-------------+----------------+-----------------+
| Mahe        | ADDON         | OTT Only              |           2 |           2 |              2 |               2 |
| Mahe        | ADDON         | TV & OTT              |           4 |           1 |              1 |               1 |
| Mahe        | ADDON         | TV Only               |           4 |           3 |              3 |               3 |
| Mahe        | ADDON         | Services Total        |          10 |           6 |              6 |               6 |
| Mahe        | GPON          | All                   |         105 |          17 |             17 |              55 |
| Mahe        | GPON          | Internet & Voice      |          53 |          21 |             21 |              43 |
| Mahe        | GPON          | Internet Only         |         748 |         668 |            668 |             690 |
| Mahe        | GPON          | TV & Internet         |        2211 |         914 |            914 |            1868 |
| Mahe        | GPON          | TV & Internet & OTT   |         826 |         211 |            211 |             433 |
| Mahe        | GPON          | TV & Internet & Voice |         133 |          37 |             37 |             114 |
| Mahe        | GPON          | TV & OTT              |          50 |          15 |             15 |              15 |
| Mahe        | GPON          | TV & Voice            |          41 |          17 |             17 |              34 |
| Mahe        | GPON          | TV Only               |        1218 |         761 |            761 |             784 |
| Mahe        | GPON          | Voice Only            |          11 |          11 |             11 |              11 |
| Mahe        | GPON          | Services Total        |        5396 |        2672 |           2672 |            4047 |
| Mahe        | HFC           | All                   |         127 |          23 |             23 |              75 |
| Mahe        | HFC           | Internet & Voice      |         368 |         172 |            172 |             333 |
| Mahe        | HFC           | Internet Only         |        3218 |        3191 |           3191 |            3216 |
| Mahe        | HFC           | TV & Internet         |        5512 |        2482 |           2482 |            5028 |
| Mahe        | HFC           | TV & Internet & OTT   |        1161 |         314 |            314 |             643 |
| Mahe        | HFC           | TV & Internet & Voice |         330 |          98 |             98 |             300 |
| Mahe        | HFC           | TV & OTT              |         256 |          38 |             38 |              53 |
| Mahe        | HFC           | TV & Voice            |          60 |          27 |             27 |              55 |
| Mahe        | HFC           | TV Only               |        8324 |        6463 |           6463 |            6605 |
| Mahe        | HFC           | Voice Only            |         164 |         163 |            163 |             164 |
| Mahe        | HFC           | Services Total        |       19520 |       12971 |          12971 |           16472 |
| Mahe        | MOBILE TV     | OTT Only              |           3 |           1 |              1 |               3 |
| Mahe        | MOBILE TV     | Services Total        |           3 |           1 |              1 |               3 |
| Mahe        | Network Total | Services Total        |       24929 |       15650 |          15588 |           20528 |
| Praslin     | ADDON         | TV Only               |           4 |           4 |              4 |               4 |
| Praslin     | ADDON         | Services Total        |           4 |           4 |              4 |               4 |
| Praslin     | GPON          | All                   |          21 |           4 |              4 |              12 |
| Praslin     | GPON          | Internet & Voice      |          12 |           6 |              6 |              12 |
| Praslin     | GPON          | Internet Only         |         205 |         205 |            205 |             205 |
| Praslin     | GPON          | TV & Internet         |         809 |         352 |            352 |             729 |
| Praslin     | GPON          | TV & Internet & OTT   |         380 |         108 |            108 |             226 |
| Praslin     | GPON          | TV & Internet & Voice |          18 |           5 |              5 |              17 |
| Praslin     | GPON          | TV & OTT              |          19 |           9 |              9 |               9 |
| Praslin     | GPON          | TV & Voice            |           3 |           1 |              1 |               3 |
| Praslin     | GPON          | TV Only               |         420 |         297 |            297 |             315 |
| Praslin     | GPON          | Services Total        |        1887 |         987 |            987 |            1528 |
| Praslin     | HFC           | Internet Only         |           1 |           1 |              1 |               1 |
| Praslin     | HFC           | TV Only               |           5 |           3 |              3 |               3 |
| Praslin     | HFC           | Services Total        |           6 |           4 |              4 |               4 |
| Praslin     | Network Total | Services Total        |        1897 |         995 |            992 |            1536 |
| GRAND TOTAL | Network Total | Services Total        |       26826 |       16645 |          16577 |           22064 |
+-------------+---------------+-----------------------+-------------+-------------+----------------+-----------------+
46 rows in set (0.00 sec)

Query OK, 0 rows affected (0.01 sec)

Query OK, 26052 rows affected (0.55 sec)
Records: 26052  Duplicates: 0  Warnings: 0

Query OK, 0 rows affected (0.00 sec)

Query OK, 1937 rows affected (13.10 sec)
Records: 1937  Duplicates: 0  Warnings: 0

+--------------------------------------+
| message                              |
+--------------------------------------+
| running rcbill_my.sp_ActiveNumber2() |
+--------------------------------------+
1 row in set (0.00 sec)

Query OK, 300 rows affected (2 min 49.12 sec)

mysql> mysql \. C:\workspace\cloud\code\sql\_DailyScript\currenttime.sql
+---------------------+
| currenttime         |
+---------------------+
| 2019-10-28 10:34:22 |
+---------------------+
1 row in set (0.00 sec)

mysql> 
mysql> mysql \. C:\workspace\cloud\code\sql\_DailyScript\GetActiveNumbers Average -Pivot.sql
Database changed
+-------------------------------------+
| @today := subdate(current_date(),1) |
+-------------------------------------+
| 2019-10-27                          |
+-------------------------------------+
1 row in set (0.00 sec)

+-------------------------------------+
| @lastdayofmonth := last_day(@today) |
+-------------------------------------+
| 2019-10-31                          |
+-------------------------------------+
1 row in set (0.00 sec)

Query OK, 0 rows affected (0.02 sec)

Query OK, 33439 rows affected, 65535 warnings (1 min 0.03 sec)
Records: 33439  Duplicates: 0  Warnings: 69566

Query OK, 0 rows affected (0.08 sec)
Records: 0  Duplicates: 0  Warnings: 0

Query OK, 0 rows affected (0.13 sec)
Records: 0  Duplicates: 0  Warnings: 0

Query OK, 0 rows affected (0.11 sec)
Records: 0  Duplicates: 0  Warnings: 0

+-----------------+
| activenumberavg |
+-----------------+
|           33439 |
+-----------------+
1 row in set (0.02 sec)

Query OK, 0 rows affected (0.02 sec)

Query OK, 1788 rows affected (0.52 sec)
Records: 1788  Duplicates: 0  Warnings: 0

+---------------------+
| rep_activenumberavg |
+---------------------+
|                1788 |
+---------------------+
1 row in set (0.00 sec)

+----------------------+
| rep_activenumberavg1 |
+----------------------+
|                  848 |
+----------------------+
1 row in set (0.02 sec)

Query OK, 0 rows affected (0.00 sec)

Query OK, 1712 rows affected (0.45 sec)
Records: 1712  Duplicates: 0  Warnings: 0

Query OK, 0 rows affected (0.00 sec)

Query OK, 8673 rows affected (0.70 sec)
Records: 8673  Duplicates: 0  Warnings: 0

Query OK, 0 rows affected (0.00 sec)

Query OK, 0 rows affected (0.02 sec)

Query OK, 0 rows affected (0.00 sec)

Query OK, 0 rows affected (0.00 sec)

Query OK, 0 rows affected (0.00 sec)
Statement prepared

Query OK, 53 rows affected (0.03 sec)
Records: 53  Duplicates: 0  Warnings: 0

Query OK, 0 rows affected (0.00 sec)

Query OK, 0 rows affected (0.00 sec)

+----------------------+
| rep_activenumberavg2 |
+----------------------+
|                 1712 |
+----------------------+
1 row in set (0.00 sec)

+------------------------+
| rep_activenumberavg_pv |
+------------------------+
|                     53 |
+------------------------+
1 row in set (0.00 sec)

Query OK, 0 rows affected (0.00 sec)

Query OK, 1712 rows affected (0.34 sec)
Records: 1712  Duplicates: 0  Warnings: 0

Query OK, 0 rows affected (0.00 sec)

Query OK, 0 rows affected (0.00 sec)

Query OK, 0 rows affected (0.02 sec)

Query OK, 0 rows affected (0.00 sec)

Query OK, 0 rows affected (0.00 sec)
Statement prepared

Query OK, 53 rows affected (0.03 sec)
Records: 53  Duplicates: 0  Warnings: 0

Query OK, 0 rows affected (0.00 sec)

Query OK, 0 rows affected (0.00 sec)

+-------------------------+
| rep_activenumberavgMahe |
+-------------------------+
|                    1712 |
+-------------------------+
1 row in set (0.00 sec)

+----------------------------+
| rep_activenumberavgMahe_pv |
+----------------------------+
|                         53 |
+----------------------------+
1 row in set (0.00 sec)

Query OK, 0 rows affected (0.01 sec)

Query OK, 1094 rows affected (0.14 sec)
Records: 1094  Duplicates: 0  Warnings: 0

Query OK, 0 rows affected (0.00 sec)

Query OK, 0 rows affected (0.00 sec)

Query OK, 0 rows affected (0.00 sec)

Query OK, 0 rows affected (0.00 sec)

Query OK, 0 rows affected (0.00 sec)
Statement prepared

Query OK, 39 rows affected (0.02 sec)
Records: 39  Duplicates: 0  Warnings: 0

Query OK, 0 rows affected (0.01 sec)

Query OK, 0 rows affected (0.00 sec)

+----------------------------+
| rep_activenumberavgPraslin |
+----------------------------+
|                       1094 |
+----------------------------+
1 row in set (0.00 sec)

+-------------------------------+
| rep_activenumberavgPraslin_pv |
+-------------------------------+
|                            39 |
+-------------------------------+
1 row in set (0.00 sec)

mysql> mysql \. C:\workspace\cloud\code\sql\_DailyScript\currenttime.sql
+---------------------+
| currenttime         |
+---------------------+
| 2019-10-28 10:35:25 |
+---------------------+
1 row in set (0.00 sec)

mysql> 
mysql> mysql \. C:\workspace\cloud\code\sql\_DailyScript\budget_actual_analysis_2019.sql
Query OK, 0 rows affected (0.02 sec)

Query OK, 566 rows affected, 3 warnings (0.52 sec)
Records: 566  Duplicates: 0  Warnings: 3

+--------------------+
| budget_actual_2019 |
+--------------------+
|                566 |
+--------------------+
1 row in set (0.00 sec)

Query OK, 0 rows affected (0.00 sec)

Query OK, 48 rows affected (0.03 sec)
Records: 48  Duplicates: 0  Warnings: 0

+---------------------------+
| rep_budget_actual_2019_pv |
+---------------------------+
|                        48 |
+---------------------------+
1 row in set (0.00 sec)

mysql> mysql \. C:\workspace\cloud\code\sql\_DailyScript\currenttime.sql
+---------------------+
| currenttime         |
+---------------------+
| 2019-10-28 10:35:26 |
+---------------------+
1 row in set (0.00 sec)

mysql> 
mysql> mysql \. C:\workspace\cloud\code\sql\_DailyScript\reports-sales-addons-prepaid-camera.sql
Database changed
Query OK, 0 rows affected (0.02 sec)

Query OK, 3848 rows affected (0.67 sec)
Records: 3848  Duplicates: 0  Warnings: 0

Query OK, 0 rows affected (0.00 sec)

Query OK, 17438 rows affected (47.48 sec)
Records: 17438  Duplicates: 0  Warnings: 0

+--------------------+
| rep_prepaid_camera |
+--------------------+
|               3848 |
+--------------------+
1 row in set (0.01 sec)

+-----------+
| rep_addon |
+-----------+
|     17438 |
+-----------+
1 row in set (0.00 sec)

mysql> mysql \. C:\workspace\cloud\code\sql\_DailyScript\currenttime.sql
+---------------------+
| currenttime         |
+---------------------+
| 2019-10-28 10:36:14 |
+---------------------+
1 row in set (0.00 sec)

mysql> 
mysql> mysql \. C:\workspace\cloud\code\sql\_DailyScript\housing-estate-analysis.sql
Database changed
Query OK, 0 rows affected (0.00 sec)

Query OK, 2893 rows affected (40.34 sec)
Records: 2893  Duplicates: 0  Warnings: 0

+--------------------+
| rep_housingestates |
+--------------------+
|               2893 |
+--------------------+
1 row in set (0.00 sec)

mysql> mysql \. C:\workspace\cloud\code\sql\_DailyScript\currenttime.sql
+---------------------+
| currenttime         |
+---------------------+
| 2019-10-28 10:36:54 |
+---------------------+
1 row in set (0.00 sec)

mysql> 
mysql> mysql \. C:\workspace\cloud\code\sql\_DailyScript\RCB_ClientAnalyticsReport_Script.sql
Database changed
Query OK, 0 rows affected (0.00 sec)

Query OK, 0 rows affected (0.05 sec)

Query OK, 1761604 rows affected (1 min 29.77 sec)
Records: 1761604  Duplicates: 0  Warnings: 0

Query OK, 0 rows affected (6.68 sec)
Records: 0  Duplicates: 0  Warnings: 0

Query OK, 0 rows affected (6.07 sec)
Records: 0  Duplicates: 0  Warnings: 0

Query OK, 0 rows affected (9.41 sec)
Records: 0  Duplicates: 0  Warnings: 0

Query OK, 0 rows affected (9.39 sec)
Records: 0  Duplicates: 0  Warnings: 0

Query OK, 0 rows affected (10.34 sec)
Records: 0  Duplicates: 0  Warnings: 0

Query OK, 0 rows affected (9.67 sec)
Records: 0  Duplicates: 0  Warnings: 0

Query OK, 0 rows affected (0.00 sec)

Query OK, 455790 rows affected (15.39 sec)
Rows matched: 1761604  Changed: 455790  Warnings: 0

Query OK, 0 rows affected (0.02 sec)

Query OK, 27011 rows affected (4.80 sec)
Records: 27011  Duplicates: 0  Warnings: 0

Query OK, 0 rows affected (0.02 sec)

Query OK, 42779 rows affected (12 min 0.86 sec)
Records: 42779  Duplicates: 0  Warnings: 0

Query OK, 0 rows affected (0.19 sec)
Records: 0  Duplicates: 0  Warnings: 0

Query OK, 0 rows affected (0.16 sec)
Records: 0  Duplicates: 0  Warnings: 0

Query OK, 0 rows affected (0.08 sec)
Records: 0  Duplicates: 0  Warnings: 0

Query OK, 0 rows affected (0.04 sec)

Query OK, 427633 rows affected (13 min 55.86 sec)
Records: 427633  Duplicates: 0  Warnings: 0

Query OK, 0 rows affected (1.90 sec)
Records: 0  Duplicates: 0  Warnings: 0

Query OK, 0 rows affected (1.94 sec)
Records: 0  Duplicates: 0  Warnings: 0

Query OK, 0 rows affected (0.97 sec)
Records: 0  Duplicates: 0  Warnings: 0

Query OK, 0 rows affected (2.07 sec)
Records: 0  Duplicates: 0  Warnings: 0

Query OK, 0 rows affected (1.06 sec)
Records: 0  Duplicates: 0  Warnings: 0

Query OK, 0 rows affected (0.04 sec)

Query OK, 42779 rows affected (1 min 37.86 sec)
Records: 42779  Duplicates: 0  Warnings: 0

+--------------+
| clientreport |
+--------------+
|        42779 |
+--------------+
1 row in set (0.01 sec)

Query OK, 0 rows affected (0.02 sec)

Query OK, 42779 rows affected (6.96 sec)
Records: 42779  Duplicates: 0  Warnings: 0

+----------------------+
| clientextendedreport |
+----------------------+
|                42779 |
+----------------------+
1 row in set (0.01 sec)

Query OK, 0 rows affected (0.02 sec)

Query OK, 42779 rows affected (1 min 32.96 sec)
Records: 42779  Duplicates: 0  Warnings: 0

+---------+
| allcust |
+---------+
|   42779 |
+---------+
1 row in set (0.02 sec)

Query OK, 0 rows affected, 1 warning (0.00 sec)

Query OK, 5000 rows affected (0.17 sec)
Records: 5000  Duplicates: 0  Warnings: 0

Query OK, 0 rows affected (0.00 sec)

Query OK, 6867 rows affected (0.36 sec)
Records: 6867  Duplicates: 0  Warnings: 0

Query OK, 0 rows affected, 1 warning (0.00 sec)

Query OK, 5000 rows affected (0.14 sec)
Records: 5000  Duplicates: 0  Warnings: 0

Query OK, 0 rows affected (0.01 sec)

Query OK, 7307 rows affected (0.22 sec)
Records: 7307  Duplicates: 0  Warnings: 0

mysql> mysql \. C:\workspace\cloud\code\sql\_DailyScript\currenttime.sql
+---------------------+
| currenttime         |
+---------------------+
| 2019-10-28 11:09:00 |
+---------------------+
1 row in set (0.00 sec)

mysql> 
mysql> mysql \. C:\workspace\cloud\code\sql\_DailyScript\REVENUE_PER_NODE_MXK.sql
Query OK, 0 rows affected (0.00 sec)

Query OK, 0 rows affected (0.02 sec)

Query OK, 0 rows affected (0.01 sec)

Query OK, 5012 rows affected (2.04 sec)
Records: 5012  Duplicates: 0  Warnings: 0

+----------------------+
| message              |
+----------------------+
| created temp table a |
+----------------------+
1 row in set (0.00 sec)

Query OK, 5367 rows affected (2.07 sec)
Records: 5367  Duplicates: 0  Warnings: 0

+----------------------+
| message              |
+----------------------+
| created temp table b |
+----------------------+
1 row in set (0.00 sec)

Query OK, 0 rows affected, 1 warning (0.00 sec)

Query OK, 5289 rows affected (10.75 sec)
Records: 5289  Duplicates: 0  Warnings: 0

+--------------------------------+
| message                        |
+--------------------------------+
| created rcbill_my.tempcustmxk1 |
+--------------------------------+
1 row in set (0.00 sec)

Query OK, 0 rows affected (0.00 sec)

Query OK, 0 rows affected (0.00 sec)

Query OK, 0 rows affected, 1 warning (0.00 sec)

Query OK, 5012 rows affected (1.28 sec)
Records: 5012  Duplicates: 0  Warnings: 0

+----------------+
| message        |
+----------------+
| created temp a |
+----------------+
1 row in set (0.00 sec)

Query OK, 5367 rows affected (0.53 sec)
Records: 5367  Duplicates: 0  Warnings: 0

+----------------+
| message        |
+----------------+
| created temp b |
+----------------+
1 row in set (0.00 sec)

Query OK, 0 rows affected, 1 warning (0.00 sec)

Query OK, 5450 rows affected (6.86 sec)
Records: 5450  Duplicates: 0  Warnings: 0

+--------------------------------+
| message                        |
+--------------------------------+
| created rcbill_my.tempcustmxk2 |
+--------------------------------+
1 row in set (0.00 sec)

Query OK, 0 rows affected (0.00 sec)

Query OK, 0 rows affected (0.00 sec)

Query OK, 0 rows affected, 1 warning (0.00 sec)

Query OK, 0 rows affected (0.00 sec)

Query OK, 5924 rows affected (0.33 sec)
Records: 5924  Duplicates: 0  Warnings: 0

+---------------------------------+
| message                         |
+---------------------------------+
| created rcbill_my.customers_mxk |
+---------------------------------+
1 row in set (0.00 sec)

Query OK, 0 rows affected (0.00 sec)

Query OK, 0 rows affected (0.00 sec)

Query OK, 13861 rows affected (6.40 sec)
Records: 13861  Duplicates: 0  Warnings: 0

+----------------+
| message        |
+----------------+
| created temp a |
+----------------+
1 row in set (0.01 sec)

Query OK, 21067 rows affected (2.94 sec)
Records: 21067  Duplicates: 0  Warnings: 0

+----------------+
| message        |
+----------------+
| created temp c |
+----------------+
1 row in set (0.00 sec)

Query OK, 0 rows affected, 1 warning (0.00 sec)

Query OK, 28421 rows affected (0.39 sec)
Records: 28421  Duplicates: 0  Warnings: 0

+---------------------------------+
| message                         |
+---------------------------------+
| created rcbill_my.tempcustcmts1 |
+---------------------------------+
1 row in set (0.00 sec)

Query OK, 0 rows affected (0.00 sec)

Query OK, 0 rows affected, 1 warning (0.00 sec)

Query OK, 0 rows affected (0.02 sec)

Query OK, 13861 rows affected (6.40 sec)
Records: 13861  Duplicates: 0  Warnings: 0

+----------------+
| message        |
+----------------+
| created temp a |
+----------------+
1 row in set (0.02 sec)

Query OK, 21067 rows affected (1.35 sec)
Records: 21067  Duplicates: 0  Warnings: 0

+----------------+
| message        |
+----------------+
| created temp c |
+----------------+
1 row in set (0.00 sec)

Query OK, 0 rows affected, 1 warning (0.00 sec)

Query OK, 22058 rows affected (0.32 sec)
Records: 22058  Duplicates: 0  Warnings: 0

+---------------------------------+
| message                         |
+---------------------------------+
| created rcbill_my.tempcustcmts2 |
+---------------------------------+
1 row in set (0.00 sec)

Query OK, 0 rows affected (0.01 sec)

Query OK, 0 rows affected, 1 warning (0.00 sec)

Query OK, 0 rows affected (0.00 sec)

Query OK, 0 rows affected (0.01 sec)

Query OK, 13962 rows affected (1.20 sec)
Records: 13962  Duplicates: 0  Warnings: 0

+----------------------------------+
| message                          |
+----------------------------------+
| created rcbill_my.customers_cmts |
+----------------------------------+
1 row in set (0.01 sec)

Query OK, 0 rows affected (0.00 sec)

Query OK, 0 rows affected (0.00 sec)

Query OK, 0 rows affected (0.02 sec)

Query OK, 17453 rows affected (0.92 sec)
Records: 17453  Duplicates: 0  Warnings: 0

+--------------------------------------+
| message                              |
+--------------------------------------+
| created rcbill_my.customers_cmts_mxk |
+--------------------------------------+
1 row in set (0.00 sec)

Query OK, 451836 rows affected (1 min 25.97 sec)
Records: 451836  Duplicates: 0  Warnings: 0

+----------------+
| message        |
+----------------+
| created temp a |
+----------------+
1 row in set (0.01 sec)

Query OK, 0 rows affected (0.02 sec)

Query OK, 452517 rows affected (13.78 sec)
Records: 452517  Duplicates: 0  Warnings: 0

+------------------------------------------------+
| message                                        |
+------------------------------------------------+
| created rcbill_my.customers_contracts_cmts_mxk |
+------------------------------------------------+
1 row in set (0.00 sec)

Query OK, 0 rows affected (0.01 sec)

Query OK, 0 rows affected, 1 warning (0.00 sec)

Query OK, 0 rows affected, 1 warning (0.00 sec)

Query OK, 0 rows affected (0.00 sec)

Query OK, 7678 rows affected (3.15 sec)
Rows matched: 7678  Changed: 7678  Warnings: 0

+------------------------------------------------+
| message                                        |
+------------------------------------------------+
| updated rcbill_my.customers_contracts_cmts_mxk |
+------------------------------------------------+
1 row in set (0.00 sec)

Query OK, 0 rows affected (0.02 sec)

Query OK, 1730904 rows affected (4 min 41.90 sec)
Records: 1730904  Duplicates: 0  Warnings: 0

+----------------------------------------+
| message                                |
+----------------------------------------+
| created rcbill_my.customers_collection |
+----------------------------------------+
1 row in set (0.00 sec)

Query OK, 0 rows affected (0.07 sec)

Query OK, 1994299 rows affected (1 min 54.59 sec)
Records: 1994299  Duplicates: 0  Warnings: 0

+------------------------------------------------+
| message                                        |
+------------------------------------------------+
| created rcbill_my.customers_cmts_mxk_cont_coll |
+------------------------------------------------+
1 row in set (0.00 sec)

Query OK, 0 rows affected (0.02 sec)

Query OK, 49452 rows affected (11.54 sec)
Records: 49452  Duplicates: 0  Warnings: 0

+------------------------------------------------------------+
| message                                                    |
+------------------------------------------------------------+
| created rcbill_my.customers_contracts_collection_pivot2019 |
+------------------------------------------------------------+
1 row in set (0.00 sec)

Query OK, 0 rows affected (0.02 sec)

Query OK, 20082 rows affected (10.12 sec)
Records: 20082  Duplicates: 0  Warnings: 0

+--------------------------------------------------+
| message                                          |
+--------------------------------------------------+
| created rcbill_my.customers_collection_pivot2019 |
+--------------------------------------------------+
1 row in set (0.00 sec)

Query OK, 0 rows affected (0.01 sec)

Query OK, 42779 rows affected (1.35 sec)
Records: 42779  Duplicates: 0  Warnings: 0

+------------------------------------------------+
| message                                        |
+------------------------------------------------+
| created rcbill_my.rep_customers_collection2019 |
+------------------------------------------------+
1 row in set (0.00 sec)

Query OK, 0 rows affected (0.00 sec)

Query OK, 0 rows affected, 1 warning (0.00 sec)

Query OK, 421417 rows affected (24.54 sec)
Records: 421417  Duplicates: 0  Warnings: 0

+-------------------------+
| message                 |
+-------------------------+
| created rcbill_my.tempa |
+-------------------------+
1 row in set (0.00 sec)

Query OK, 0 rows affected, 1 warning (0.00 sec)

Query OK, 98609 rows affected (11.99 sec)
Records: 98609  Duplicates: 0  Warnings: 0

+-------------------------+
| message                 |
+-------------------------+
| created rcbill_my.tempb |
+-------------------------+
1 row in set (0.00 sec)

Query OK, 421417 rows affected (10.79 sec)
Records: 421417  Duplicates: 0  Warnings: 0

+-----------+
| message   |
+-----------+
| created a |
+-----------+
1 row in set (0.00 sec)

Query OK, 98619 rows affected (5.66 sec)
Records: 98619  Duplicates: 0  Warnings: 0

+-----------+
| message   |
+-----------+
| created b |
+-----------+
1 row in set (0.00 sec)

Query OK, 0 rows affected (0.08 sec)

Query OK, 0 rows affected (0.01 sec)

Query OK, 0 rows affected (0.03 sec)

Query OK, 424372 rows affected (31.44 sec)
Records: 424372  Duplicates: 0  Warnings: 0

+----------------------------------------------+
| message                                      |
+----------------------------------------------+
| created rcbill_my.cust_cont_payment_cmts_mxk |
+----------------------------------------------+
1 row in set (0.00 sec)

Query OK, 0 rows affected (0.02 sec)

Query OK, 0 rows affected (0.00 sec)

Query OK, 0 rows affected, 1 warning (0.00 sec)

Query OK, 0 rows affected (0.02 sec)

Query OK, 42779 rows affected (14.33 sec)
Records: 42779  Duplicates: 0  Warnings: 0

+--------------------------------------------------+
| message                                          |
+--------------------------------------------------+
| created rcbill_my.rep_cust_cont_payment_cmts_mxk |
+--------------------------------------------------+
1 row in set (0.00 sec)

Query OK, 0 rows affected, 1 warning (0.00 sec)

Query OK, 0 rows affected, 1 warning (0.01 sec)

Query OK, 0 rows affected (0.00 sec)

Query OK, 42779 rows affected, 5 warnings (10.37 sec)
Records: 42779  Duplicates: 0  Warnings: 5

+----------------------+
| rep_custconsolidated |
+----------------------+
|                42779 |
+----------------------+
1 row in set (0.02 sec)

Query OK, 0 rows affected (0.00 sec)

Query OK, 0 rows affected (0.00 sec)

+----------------------------------------------+
| message                                      |
+----------------------------------------------+
| creating rcbill_my.retentioncustomeractivity |
+----------------------------------------------+
1 row in set (0.00 sec)

Query OK, 881 rows affected (0.10 sec)
Records: 881  Duplicates: 0  Warnings: 0

+---------------------------+
| retentioncustomeractivity |
+---------------------------+
|                       881 |
+---------------------------+
1 row in set (0.00 sec)

+-----------+------------------------------------+------------+-------------+-----------------+------------------+---------------------+-------------------+
| HFC_NODE  | NODENAME                           | CMTS_DATE  | INSERTED_ON | UNIQUE_ACCOUNTS | UNIQUE_CONTRACTS | UNIQUE_MAC_INRCBOSS | UNIQUE_MAC_INCMTS |
+-----------+------------------------------------+------------+-------------+-----------------+------------------+---------------------+-------------------+
| NULL      | NULL                               | NULL       | 2019-10-28  |            6146 |             6440 |                6483 |                 0 |
| C5/0/0/U0 | ANSE-BOILEAU-2                     | 2019-10-01 | 2019-10-28  |             176 |              178 |                 176 |               176 |
| C5/0/0/U1 | 500-C3-ANSE-BOILEAU                | 2019-10-01 | 2019-10-28  |             177 |              185 |                 177 |               181 |
| C5/0/1/U0 | 501-C4-LA-MISIERE-LEFT-I           | 2019-10-01 | 2019-10-28  |             149 |              155 |                 148 |               150 |
| C5/0/1/U1 | 501-C5-LA-MISIERE-RIGHT            | 2019-10-01 | 2019-10-28  |             110 |              113 |                 110 |               111 |
| C5/0/1/U2 | 501-C7-LA-MISIERE-LEFT-II          | 2019-10-01 | 2019-10-28  |             152 |              159 |                 152 |               154 |
| C5/0/2/U0 | 502-C8-LA-LOUISE                   | 2019-10-01 | 2019-10-28  |             137 |              139 |                 137 |               141 |
| C5/0/2/U1 | LA-LOUISE-2                        | 2019-10-01 | 2019-10-28  |             145 |              149 |                 145 |               147 |
| C5/0/3/U0 | 504-C6-PETIT-PARIS                 | 2019-10-01 | 2019-10-28  |             158 |              161 |                 158 |               158 |
| C5/0/3/U1 | PETIT-PARIS-23                     | 2019-10-01 | 2019-10-28  |              71 |               73 |                  71 |                73 |
| C5/0/4/U0 | FOUR-SEASONS                       | 2019-10-01 | 2019-10-28  |               4 |               12 |                  12 |                12 |
| C5/0/4/U1 | ANCHOR-CAFE-I                      | 2019-10-01 | 2019-10-28  |             143 |              146 |                 143 |               146 |
| C5/0/4/U2 | ANCHOR-CAFE-II                     | 2019-10-01 | 2019-10-28  |             148 |              151 |                 148 |               150 |
| C5/1/0/U0 | POINTE-LARUE-AIRPORT-23            | 2019-10-01 | 2019-10-28  |              98 |              104 |                 100 |               104 |
| C5/1/0/U1 | PPROVIDENCE-23                     | 2019-10-01 | 2019-10-28  |              25 |               27 |                  25 |                25 |
| C5/1/0/U2 | ROSHE-CAIMAN-23                    | 2019-10-01 | 2019-10-28  |              10 |               11 |                  10 |                10 |
| C5/1/0/U3 | HEAD-OFFICE | HO-23                | 2019-10-01 | 2019-10-28  |              31 |               31 |                  31 |                32 |
| C5/1/1/U1 | C5-UNION-VALE                      | 2019-10-01 | 2019-10-28  |             186 |              191 |                 186 |               188 |
| C5/1/3/U0 | POINTE-LARUE-AIRPORT-27            | 2019-10-01 | 2019-10-28  |             134 |              139 |                 134 |               136 |
| C5/1/3/U1 | PPROVIDENCE-27                     | 2019-10-01 | 2019-10-28  |              37 |               38 |                  37 |                37 |
| C5/1/3/U2 | ROSHE-CAIMAN-27                    | 2019-10-01 | 2019-10-28  |              25 |               25 |                  25 |                26 |
| C5/1/3/U3 | HEAD-OFFICE | HO-27                | 2019-10-01 | 2019-10-28  |              12 |               13 |                  12 |                13 |
| C5/1/4/U0 | ANSE-ROYALE-27                     | 2019-10-01 | 2019-10-28  |              94 |               98 |                  94 |                95 |
| C5/1/4/U1 | GLACIS-2-57                        | 2019-10-01 | 2019-10-28  |             117 |              123 |                 117 |               119 |
| C5/1/4/U2 | NULL                               | 2019-10-01 | 2019-10-28  |              94 |               95 |                  94 |                95 |
| C5/1/4/U3 | GLACIS-1                           | 2019-10-01 | 2019-10-28  |              44 |               45 |                  44 |                46 |
| C6/0/1/U0 | SERRET-ROAD-RIGHT/CURIO/PASCAL     | 2019-10-01 | 2019-10-28  |             119 |              122 |                 119 |               122 |
| C6/0/1/U1 | SERRET-ROAD-LEFT/ST.LOUIS/TOWN     | 2019-10-01 | 2019-10-28  |             140 |              144 |                 140 |               141 |
| C6/0/1/U2 | SERRET-ROAD-RIGHT/CURIO/PASCAL-2   | 2019-10-01 | 2019-10-28  |             121 |              121 |                 121 |               123 |
| C6/0/1/U3 | SERRET-ROAD-LEFT/ST.LOUIS/TOWN-2   | 2019-10-01 | 2019-10-28  |             145 |              149 |                 145 |               146 |
| C6/0/2/U0 | SANS-SOUCIS-I                      | 2019-10-01 | 2019-10-28  |             120 |              126 |                 120 |               125 |
| C6/0/2/U1 | SANS-SOUCIS-II                     | 2019-10-01 | 2019-10-28  |             100 |              102 |                 100 |               101 |
| C6/0/2/U2 | BEL-AIR-27                         | 2019-10-01 | 2019-10-28  |              91 |               93 |                  91 |                93 |
| C6/0/2/U3 | BEL-AIR-38                         | 2019-10-01 | 2019-10-28  |             105 |              110 |                 105 |               108 |
| C6/0/3/U0 | LES-MAMELLES-23                    | 2019-10-01 | 2019-10-28  |              75 |               75 |                  75 |                75 |
| C6/0/3/U1 | VICTORIA-23                        | 2019-10-01 | 2019-10-28  |              22 |               24 |                  22 |                25 |
| C6/0/4/U0 | LES-MAMELLES-27                    | 2019-10-01 | 2019-10-28  |              83 |               83 |                  83 |                83 |
| C6/0/4/U1 | VICTORIA-27                        | 2019-10-01 | 2019-10-28  |              32 |               35 |                  31 |                31 |
| C7/1/0/U0 | LA-RETRAITE-23                     | 2019-10-01 | 2019-10-28  |              81 |               87 |                  81 |                82 |
| C7/1/0/U1 | TEA-FACTORY-23                     | 2019-10-01 | 2019-10-28  |              21 |               25 |                  21 |                21 |
| C7/1/0/U2 | PAS-23                             | 2019-10-01 | 2019-10-28  |             102 |              103 |                 102 |               104 |
| C7/1/1/U0 | REEF-ESTATE-23                     | 2019-10-01 | 2019-10-28  |              91 |               92 |                  91 |                91 |
| C7/1/1/U1 | BEL-OMBRE-NEW-23                   | 2019-10-01 | 2019-10-28  |              16 |               16 |                  16 |                19 |
| C7/1/2/U0 | LA-RETRAITE-27                     | 2019-10-01 | 2019-10-28  |             126 |              130 |                 127 |               128 |
| C7/1/2/U1 | TEA-FACTORY-27                     | 2019-10-01 | 2019-10-28  |              27 |               31 |                  30 |                31 |
| C7/1/2/U2 | PAS-27                             | 2019-10-01 | 2019-10-28  |              98 |              102 |                  98 |                99 |
| C7/1/3/U0 | MT-BUXTON-27                       | 2019-10-01 | 2019-10-28  |             142 |              144 |                 142 |               143 |
| C7/1/3/U1 | MT-BUXTON-23                       | 2019-10-01 | 2019-10-28  |              75 |               77 |                  75 |                75 |
| C7/1/4/U0 | REEF-ESTATE-27                     | 2019-10-01 | 2019-10-28  |              65 |               66 |                  65 |                65 |
| C7/1/4/U1 | BEL-OMBRE-NEW-27                   | 2019-10-01 | 2019-10-28  |              21 |               21 |                  21 |                23 |
| C8/0/0/U0 | POLICE-ACADEMY-1-27 - POINTE LARUE | 2019-10-01 | 2019-10-28  |             221 |              225 |                 221 |               222 |
| C8/0/0/U1 | NULL                               | 2019-10-01 | 2019-10-28  |              95 |               99 |                  95 |               100 |
| C8/0/1/U0 | NULL                               | 2019-10-01 | 2019-10-28  |             153 |              154 |                 153 |               154 |
| C8/0/1/U1 | POLICE-ACADEMY-2-27 - TURTLE BAY   | 2019-10-01 | 2019-10-28  |             165 |              167 |                 165 |               165 |
| C8/0/2/U0 | BEAU-VALLON-LEFT-1-57              | 2019-10-01 | 2019-10-28  |              95 |               98 |                  95 |                96 |
| C8/0/3/U1 | BEAU-VALLON-RIGHT-2-57             | 2019-10-01 | 2019-10-28  |             172 |              179 |                 172 |               175 |
| C8/1/0/U0 | MA-JOIE-NODE-27                    | 2019-10-01 | 2019-10-28  |             115 |              119 |                 115 |               118 |
| C8/1/0/U1 | BELONIE-27                         | 2019-10-01 | 2019-10-28  |             156 |              159 |                 155 |               155 |
| C8/1/0/U3 | MA-JOIE-NODE-23                    | 2019-10-01 | 2019-10-28  |             105 |              105 |                 105 |               106 |
| C8/1/1/U0 | 611-C1-ROJN I                      | 2019-10-01 | 2019-10-28  |             138 |              140 |                 138 |               141 |
| C8/1/1/U1 | 611-C5-ROJN II                     | 2019-10-01 | 2019-10-28  |             104 |              105 |                 104 |               104 |
| C8/1/2/U0 | 612-C2-ANSE-ETOILE                 | 2019-10-01 | 2019-10-28  |             190 |              196 |                 190 |               192 |
| C8/1/2/U1 | ANSE-ETOILE-U2                     | 2019-10-01 | 2019-10-28  |              58 |               59 |                  58 |                58 |
| C8/1/3/U0 | 613-C3-ANSE-GAULETTE I             | 2019-10-01 | 2019-10-28  |              71 |               77 |                  71 |                71 |
| C8/1/3/U1 | 613-C7-ANSE-GAULETTE II            | 2019-10-01 | 2019-10-28  |              72 |               79 |                  72 |                73 |
| C8/1/3/U2 | 613-C3-ANSE-GAULETTE III           | 2019-10-01 | 2019-10-28  |              38 |               39 |                  38 |                38 |
| C8/1/3/U3 | TAKAMAKA I                         | 2019-10-01 | 2019-10-28  |             104 |              108 |                 104 |               106 |
| C8/1/3/U4 | TAKAMAKA II                        | 2019-10-01 | 2019-10-28  |             100 |              100 |                 100 |               101 |
| C8/1/4/U0 | 614-BEOLIERE-NODE-1                | 2019-10-01 | 2019-10-28  |             128 |              134 |                 128 |               130 |
| C8/1/4/U1 | 614-BEOLIERE-NODE-2                | 2019-10-01 | 2019-10-28  |              97 |              100 |                  97 |               100 |
+-----------+------------------------------------+------------+-------------+-----------------+------------------+---------------------+-------------------+
70 rows in set (0.21 sec)

+------------------+------------+-------------+-----------------+------------------+----------------------+-------------------+
| MXK_NAME         | MXK_DATE   | INSERTED_ON | UNIQUE_ACCOUNTS | UNIQUE_CONTRACTS | UNIQUE_FSAN_INRCBOSS | UNIQUE_FSAN_INMXK |
+------------------+------------+-------------+-----------------+------------------+----------------------+-------------------+
| NULL             | NULL       | 2019-10-28  |             463 |              468 |                  459 |                 0 |
| MXK-ANSEETOILE   | 2019-10-01 | 2019-10-28  |             149 |              151 |                  151 |               156 |
| MXK-ANSEROYALE   | 2019-10-01 | 2019-10-28  |             139 |              139 |                  139 |               156 |
| MXK-BEAUVALLON   | 2019-10-01 | 2019-10-28  |            1193 |             1213 |                 1205 |              1271 |
| MXK-MAHE         | 2019-10-01 | 2019-10-28  |             900 |              927 |                  867 |              1092 |
| MXK-PERSEVERANCE | 2019-10-01 | 2019-10-28  |             991 |              997 |                  996 |              1141 |
| MXK-PRASLIN      | 2019-10-01 | 2019-10-28  |            1168 |             1171 |                 1164 |              1277 |
+------------------+------------+-------------+-----------------+------------------+----------------------+-------------------+
7 rows in set (0.07 sec)

mysql> mysql \. C:\workspace\cloud\code\sql\_DailyScript\currenttime.sql
+---------------------+
| currenttime         |
+---------------------+
| 2019-10-28 11:20:16 |
+---------------------+
1 row in set (0.00 sec)

mysql> 
mysql> mysql \. C:\workspace\cloud\code\sql\Analysis\service_tickets_assignments.sql
Query OK, 0 rows affected (0.03 sec)

Query OK, 78838 rows affected (20.98 sec)
Records: 78838  Duplicates: 0  Warnings: 0

+-------------------------+
| rep_servicetickets_2019 |
+-------------------------+
|                   78838 |
+-------------------------+
1 row in set (1.69 sec)

mysql> mysql \. C:\workspace\cloud\code\sql\_DailyScript\currenttime.sql
+---------------------+
| currenttime         |
+---------------------+
| 2019-10-28 11:20:39 |
+---------------------+
1 row in set (0.00 sec)

mysql> 
mysql> 
mysql> exit
