    -> 
    -> mysql \. C:\workspace\cloud\code\sql\_DailyScript\_setdates.sql
Database changed
Query OK, 0 rows affected (0.00 sec)

Query OK, 0 rows affected (0.00 sec)

Query OK, 0 rows affected (0.00 sec)

Query OK, 0 rows affected (0.00 sec)

Query OK, 0 rows affected (0.00 sec)

Query OK, 0 rows affected (0.00 sec)

Query OK, 0 rows affected (0.00 sec)

Query OK, 0 rows affected (0.00 sec)

Query OK, 0 rows affected (0.00 sec)

Query OK, 0 rows affected (0.00 sec)

Query OK, 0 rows affected (0.00 sec)

Query OK, 0 rows affected (0.00 sec)

Query OK, 0 rows affected (0.00 sec)

Query OK, 0 rows affected (0.00 sec)

Query OK, 0 rows affected (0.00 sec)

Query OK, 0 rows affected (0.00 sec)

Query OK, 0 rows affected (0.00 sec)

Query OK, 0 rows affected (0.00 sec)

Query OK, 0 rows affected (0.00 sec)

Query OK, 0 rows affected (0.00 sec)

Query OK, 0 rows affected (0.00 sec)

mysql> mysql \. C:\workspace\cloud\code\sql\_DailyScript\currenttime.sql
+---------------------+
| currenttime         |
+---------------------+
| 2020-04-19 13:17:23 |
+---------------------+
1 row in set (0.00 sec)

mysql> 
mysql> mysql \. C:\workspace\cloud\code\sql\_DailyScript\load_RCB_VODTITLES.sql
Database changed
Query OK, 0 rows affected (0.00 sec)

Query OK, 10383 rows affected (0.20 sec)

Query OK, 10385 rows affected, 10385 warnings (0.22 sec)
Records: 10385  Deleted: 0  Skipped: 0  Warnings: 10385

Query OK, 0 rows affected (0.00 sec)

Query OK, 2 rows affected (0.01 sec)

+-----------+
| VODTITLES |
+-----------+
|     10843 |
+-----------+
1 row in set (0.01 sec)

+-----------+-----------+
| titletype | typecount |
+-----------+-----------+
| E         |      8611 |
| N         |       213 |
| T         |      1559 |
| NULL      |     10383 |
+-----------+-----------+
4 rows in set (0.03 sec)

mysql> mysql \. C:\workspace\cloud\code\sql\_DailyScript\currenttime.sql
+---------------------+
| currenttime         |
+---------------------+
| 2020-04-19 13:17:24 |
+---------------------+
1 row in set (0.00 sec)

mysql> 
mysql> mysql \. C:\workspace\cloud\code\sql\_DailyScript\DAILY-SCRIPT-LIVETV-STATS.sql
Database changed
Query OK, 0 rows affected (0.01 sec)

Query OK, 109141 rows affected (1.32 sec)
Records: 109141  Duplicates: 0  Warnings: 0

+------------+------------+----------+--------------+--------------+-----------+-------------+----------+--------+------+------------+---------+---------------+
| Table      | Non_unique | Key_name | Seq_in_index | Column_name  | Collation | Cardinality | Sub_part | Packed | Null | Index_type | Comment | Index_comment |
+------------+------------+----------+--------------+--------------+-----------+-------------+----------+--------+------+------------+---------+---------------+
| templivetv |          1 | idxtv1   |            1 | device       | A         |      109416 |     NULL | NULL   | YES  | BTREE      |         |               |
| templivetv |          1 | idxtv2   |            1 | sessionstart | A         |      109416 |     NULL | NULL   | YES  | BTREE      |         |               |
+------------+------------+----------+--------------+--------------+-----------+-------------+----------+--------+------+------------+---------+---------------+
2 rows in set (0.00 sec)

Query OK, 108594 rows affected (29.40 sec)
Records: 108594  Duplicates: 0  Warnings: 0

Query OK, 2820 rows affected (1.12 sec)
Records: 2820  Duplicates: 0  Warnings: 0

Query OK, 0 rows affected (0.00 sec)

Query OK, 0 rows affected (0.02 sec)

Query OK, 138 rows affected (0.10 sec)
Records: 138  Duplicates: 0  Warnings: 0

Query OK, 0 rows affected (0.01 sec)

Query OK, 117574 rows affected (32 min 51.62 sec)
Records: 117574  Duplicates: 0  Warnings: 0

+-----------------+
| rep_livetvstats |
+-----------------+
|          117574 |
+-----------------+
1 row in set (0.04 sec)

mysql> mysql \. C:\workspace\cloud\code\sql\_DailyScript\currenttime.sql
+---------------------+
| currenttime         |
+---------------------+
| 2020-04-19 13:50:47 |
+---------------------+
1 row in set (0.00 sec)

mysql> 
mysql> mysql \. C:\workspace\cloud\code\sql\_DailyScript\DAILY-SCRIPT-VODTS-STATS.sql
Database changed
Query OK, 0 rows affected (0.01 sec)

Query OK, 6943 rows affected (1 min 37.35 sec)
Records: 6943  Duplicates: 0  Warnings: 0

+---------+------------+----------+--------------+--------------+-----------+-------------+----------+--------+------+------------+---------+---------------+
| Table   | Non_unique | Key_name | Seq_in_index | Column_name  | Collation | Cardinality | Sub_part | Packed | Null | Index_type | Comment | Index_comment |
+---------+------------+----------+--------------+--------------+-----------+-------------+----------+--------+------+------------+---------+---------------+
| tempvod |          1 | idxtvod1 |            1 | device       | A         |        6639 |     NULL | NULL   | YES  | BTREE      |         |               |
| tempvod |          1 | idxtvod2 |            1 | sessionstart | A         |        6639 |     NULL | NULL   | YES  | BTREE      |         |               |
+---------+------------+----------+--------------+--------------+-----------+-------------+----------+--------+------+------------+---------+---------------+
2 rows in set (0.00 sec)

Query OK, 6938 rows affected (3.45 sec)
Records: 6938  Duplicates: 0  Warnings: 0

Query OK, 0 rows affected (0.02 sec)

Query OK, 595355 rows affected (56.49 sec)
Records: 595355  Duplicates: 0  Warnings: 0

+--------------+
| rep_vodstats |
+--------------+
|       595355 |
+--------------+
1 row in set (0.20 sec)

Database changed
Query OK, 0 rows affected (0.01 sec)

Query OK, 15785 rows affected (5 min 40.96 sec)
Records: 15785  Duplicates: 0  Warnings: 0

+--------+------------+----------+--------------+--------------+-----------+-------------+----------+--------+------+------------+---------+---------------+
| Table  | Non_unique | Key_name | Seq_in_index | Column_name  | Collation | Cardinality | Sub_part | Packed | Null | Index_type | Comment | Index_comment |
+--------+------------+----------+--------------+--------------+-----------+-------------+----------+--------+------+------------+---------+---------------+
| tempts |          1 | idxtts1  |            1 | device       | A         |       15941 |     NULL | NULL   | YES  | BTREE      |         |               |
| tempts |          1 | idxtts2  |            1 | sessionstart | A         |       15941 |     NULL | NULL   | YES  | BTREE      |         |               |
+--------+------------+----------+--------------+--------------+-----------+-------------+----------+--------+------+------------+---------+---------------+
2 rows in set (0.00 sec)

Query OK, 15735 rows affected (13.68 sec)
Records: 15735  Duplicates: 0  Warnings: 0

Query OK, 0 rows affected (0.01 sec)

Query OK, 32884 rows affected (5 min 57.79 sec)
Records: 32884  Duplicates: 0  Warnings: 0

+-------------+
| rep_tsstats |
+-------------+
|       32884 |
+-------------+
1 row in set (0.01 sec)

mysql> mysql \. C:\workspace\cloud\code\sql\_DailyScript\currenttime.sql
+---------------------+
| currenttime         |
+---------------------+
| 2020-04-19 14:05:17 |
+---------------------+
1 row in set (0.01 sec)

mysql> 
mysql> mysql \. C:\workspace\cloud\code\sql\_DailyScript\DAILY-SCRIPT-RADIO-STATS.sql
Database changed
Query OK, 0 rows affected (0.04 sec)

Query OK, 249335 rows affected (17.02 sec)
Records: 249335  Duplicates: 0  Warnings: 0

+-----------+------------+----------+--------------+--------------+-----------+-------------+----------+--------+------+------------+---------+---------------+
| Table     | Non_unique | Key_name | Seq_in_index | Column_name  | Collation | Cardinality | Sub_part | Packed | Null | Index_type | Comment | Index_comment |
+-----------+------------+----------+--------------+--------------+-----------+-------------+----------+--------+------+------------+---------+---------------+
| tempradio |          1 | idxtrad1 |            1 | device       | A         |      250008 |     NULL | NULL   | YES  | BTREE      |         |               |
| tempradio |          1 | idxtrad2 |            1 | sessionstart | A         |      250008 |     NULL | NULL   | YES  | BTREE      |         |               |
+-----------+------------+----------+--------------+--------------+-----------+-------------+----------+--------+------+------------+---------+---------------+
2 rows in set (0.00 sec)

Query OK, 557 rows affected (10.70 sec)
Records: 557  Duplicates: 0  Warnings: 0

Query OK, 0 rows affected (0.13 sec)

Query OK, 4473 rows affected (0.41 sec)
Records: 4473  Duplicates: 0  Warnings: 0

+----------------+
| rep_radiostats |
+----------------+
|           4473 |
+----------------+
1 row in set (0.01 sec)

mysql> mysql \. C:\workspace\cloud\code\sql\_DailyScript\currenttime.sql
+---------------------+
| currenttime         |
+---------------------+
| 2020-04-19 14:05:46 |
+---------------------+
1 row in set (0.00 sec)

mysql> 
mysql> mysql \. C:\workspace\cloud\code\sql\_DailyScript\DAILY_SCRIPT_TELEMETRY_PIVOT_2020.sql
Query OK, 0 rows affected (0.01 sec)

Query OK, 144 rows affected (0.33 sec)
Records: 144  Duplicates: 0  Warnings: 0

Query OK, 0 rows affected (0.01 sec)

Query OK, 8574 rows affected (1.85 sec)
Records: 8574  Duplicates: 0  Warnings: 0

Query OK, 0 rows affected (0.01 sec)

Query OK, 8 rows affected (0.04 sec)
Records: 8  Duplicates: 0  Warnings: 0

Query OK, 0 rows affected (0.01 sec)

Query OK, 47 rows affected (0.06 sec)
Records: 47  Duplicates: 0  Warnings: 0

mysql> mysql \. C:\workspace\cloud\code\sql\_DailyScript\currenttime.sql
+---------------------+
| currenttime         |
+---------------------+
| 2020-04-19 14:05:48 |
+---------------------+
1 row in set (0.00 sec)

mysql> 
mysql> mysql \. C:\workspace\cloud\code\sql\_DailyScript\telemetry_livetv_ranking2020.sql
Query OK, 0 rows affected (0.01 sec)

Query OK, 144 rows affected (0.04 sec)
Records: 144  Duplicates: 0  Warnings: 0

mysql> mysql \. C:\workspace\cloud\code\sql\_DailyScript\currenttime.sql
+---------------------+
| currenttime         |
+---------------------+
| 2020-04-19 14:05:48 |
+---------------------+
1 row in set (0.00 sec)

mysql> 
mysql> mysql \. C:\workspace\cloud\code\sql\_DailyScript\telemetry_radio_ranking2020.sql
Query OK, 0 rows affected (0.13 sec)

Query OK, 8 rows affected (0.01 sec)
Records: 8  Duplicates: 0  Warnings: 0

mysql> mysql \. C:\workspace\cloud\code\sql\_DailyScript\currenttime.sql
+---------------------+
| currenttime         |
+---------------------+
| 2020-04-19 14:05:48 |
+---------------------+
1 row in set (0.00 sec)

mysql> 
mysql> mysql \. C:\workspace\cloud\code\sql\_DailyScript\telemetry_ts_ranking2020.sql
Query OK, 0 rows affected (0.01 sec)

Query OK, 47 rows affected (0.01 sec)
Records: 47  Duplicates: 0  Warnings: 0

mysql> mysql \. C:\workspace\cloud\code\sql\_DailyScript\currenttime.sql
+---------------------+
| currenttime         |
+---------------------+
| 2020-04-19 14:05:48 |
+---------------------+
1 row in set (0.00 sec)

mysql> 
mysql> mysql \. C:\workspace\cloud\code\sql\_DailyScript\telemetry_vod_ranking2020.sql
Query OK, 0 rows affected (0.01 sec)

Query OK, 8574 rows affected (0.42 sec)
Records: 8574  Duplicates: 0  Warnings: 0

mysql> mysql \. C:\workspace\cloud\code\sql\_DailyScript\currenttime.sql
+---------------------+
| currenttime         |
+---------------------+
| 2020-04-19 14:05:49 |
+---------------------+
1 row in set (0.00 sec)

mysql> 
mysql> mysql \. C:\workspace\cloud\code\sql\_DailyScript\telemetry_vod_ranking2020_1.sql
Query OK, 0 rows affected (0.00 sec)

Query OK, 8574 rows affected (0.20 sec)
Records: 8574  Duplicates: 0  Warnings: 0

mysql> mysql \. C:\workspace\cloud\code\sql\_DailyScript\currenttime.sql
+---------------------+
| currenttime         |
+---------------------+
| 2020-04-19 14:05:49 |
+---------------------+
1 row in set (0.01 sec)

mysql> 
mysql> mysql \. C:\workspace\cloud\code\sql\_DailyScript\telemetry_vod_ranking2020_2.sql
Query OK, 0 rows affected (0.01 sec)

Query OK, 8574 rows affected (0.19 sec)
Records: 8574  Duplicates: 0  Warnings: 0

mysql> mysql \. C:\workspace\cloud\code\sql\_DailyScript\currenttime.sql
+---------------------+
| currenttime         |
+---------------------+
| 2020-04-19 14:05:49 |
+---------------------+
1 row in set (0.00 sec)

mysql> 
mysql> mysql \. C:\workspace\cloud\code\sql\_DailyScript\DAILY-SCRIPT-CREATE-LOAD.sql
Database changed
Database changed
Query OK, 0 rows affected (0.04 sec)

Query OK, 0 rows affected (0.01 sec)

Database changed
Query OK, 66413 rows affected (3.49 sec)
Records: 66413  Deleted: 0  Skipped: 0  Warnings: 0

Query OK, 0 rows affected (0.16 sec)
Records: 0  Duplicates: 0  Warnings: 0

Query OK, 0 rows affected (0.26 sec)
Records: 0  Duplicates: 0  Warnings: 0

Query OK, 0 rows affected (0.28 sec)
Records: 0  Duplicates: 0  Warnings: 0

Query OK, 0 rows affected (0.30 sec)
Records: 0  Duplicates: 0  Warnings: 0

+---------+
| clients |
+---------+
|   66413 |
+---------+
1 row in set (0.03 sec)

Query OK, 0 rows affected (0.10 sec)

Query OK, 9039 rows affected (6.13 sec)
Records: 9039  Duplicates: 0  Warnings: 0

Query OK, 0 rows affected (0.04 sec)
Records: 0  Duplicates: 0  Warnings: 0

+-------------------+
| rcb_clientparcels |
+-------------------+
|              9039 |
+-------------------+
1 row in set (0.00 sec)

Query OK, 0 rows affected (0.03 sec)

Query OK, 80238 rows affected (3.80 sec)
Records: 80238  Duplicates: 0  Warnings: 0

Query OK, 0 rows affected (0.30 sec)
Records: 0  Duplicates: 0  Warnings: 0

Query OK, 0 rows affected (0.04 sec)

Query OK, 66413 rows affected (17.97 sec)
Records: 66413  Duplicates: 0  Warnings: 0

Query OK, 0 rows affected (0.30 sec)
Records: 0  Duplicates: 0  Warnings: 0

Query OK, 0 rows affected (0.34 sec)
Records: 0  Duplicates: 0  Warnings: 0

Query OK, 0 rows affected (0.20 sec)
Records: 0  Duplicates: 0  Warnings: 0

+---------------+
| clientaddress |
+---------------+
|         66413 |
+---------------+
1 row in set (0.02 sec)

Database changed
Query OK, 0 rows affected (0.05 sec)

Query OK, 0 rows affected (0.01 sec)

Database changed
Query OK, 509102 rows affected, 65535 warnings (18.30 sec)
Records: 509102  Deleted: 0  Skipped: 0  Warnings: 204202

Query OK, 0 rows affected (6.08 sec)
Records: 0  Duplicates: 0  Warnings: 0

Query OK, 0 rows affected (3.23 sec)
Records: 0  Duplicates: 0  Warnings: 0

Query OK, 0 rows affected (2.19 sec)
Records: 0  Duplicates: 0  Warnings: 0

Query OK, 0 rows affected (0.02 sec)

Query OK, 509102 rows affected (52.61 sec)
Records: 509102  Duplicates: 0  Warnings: 0

Query OK, 0 rows affected (1.93 sec)
Records: 0  Duplicates: 0  Warnings: 0

Query OK, 0 rows affected (1.52 sec)
Records: 0  Duplicates: 0  Warnings: 0

+-----------+
| contracts |
+-----------+
|    509102 |
+-----------+
1 row in set (0.19 sec)

+-----------------+
| contractaddress |
+-----------------+
|          509102 |
+-----------------+
1 row in set (0.16 sec)

Database changed
Query OK, 0 rows affected (0.01 sec)

Query OK, 0 rows affected (0.01 sec)

Query OK, 7351 rows affected (0.17 sec)
Records: 7351  Deleted: 0  Skipped: 0  Warnings: 0

Query OK, 0 rows affected (0.01 sec)

Query OK, 7320 rows affected (1.76 sec)
Records: 7320  Duplicates: 0  Warnings: 0

Query OK, 0 rows affected (0.04 sec)
Records: 0  Duplicates: 0  Warnings: 0

Query OK, 0 rows affected (0.01 sec)

Query OK, 5660 rows affected (0.07 sec)
Records: 5660  Duplicates: 0  Warnings: 0

Query OK, 0 rows affected (0.03 sec)
Records: 0  Duplicates: 0  Warnings: 0

+-------------------+
| contractdiscounts |
+-------------------+
|              7351 |
+-------------------+
1 row in set (0.01 sec)

+-------------------------+
| clientcontractdiscounts |
+-------------------------+
|                    7320 |
+-------------------------+
1 row in set (0.01 sec)

+----------------------------+
| clientcontractlastdiscount |
+----------------------------+
|                       5660 |
+----------------------------+
1 row in set (0.01 sec)

Database changed
Query OK, 0 rows affected (0.03 sec)

Query OK, 0 rows affected (0.04 sec)

Database changed
Query OK, 134922 rows affected, 4 warnings (4.30 sec)
Records: 134922  Deleted: 0  Skipped: 0  Warnings: 4

Query OK, 0 rows affected (0.63 sec)
Records: 0  Duplicates: 0  Warnings: 0

Query OK, 0 rows affected (0.56 sec)
Records: 0  Duplicates: 0  Warnings: 0

Query OK, 0 rows affected (0.44 sec)
Records: 0  Duplicates: 0  Warnings: 0

Query OK, 0 rows affected (0.29 sec)
Records: 0  Duplicates: 0  Warnings: 0

Query OK, 0 rows affected (0.42 sec)
Records: 0  Duplicates: 0  Warnings: 0

Query OK, 0 rows affected (0.57 sec)
Records: 0  Duplicates: 0  Warnings: 0

Query OK, 0 rows affected (0.20 sec)

Query OK, 1737289 rows affected (3 min 51.28 sec)
Records: 1737289  Duplicates: 0  Warnings: 0

+---------+
| devices |
+---------+
|  134922 |
+---------+
1 row in set (0.05 sec)

+-----------------------+
| clientcontractdevices |
+-----------------------+
|               1737289 |
+-----------------------+
1 row in set (1.23 sec)

Query OK, 0 rows affected (0.02 sec)

Query OK, 134863 rows affected (7.12 sec)
Records: 134863  Duplicates: 0  Warnings: 0

+---------------------------+
| rep_clientcontractdevices |
+---------------------------+
|                    134863 |
+---------------------------+
1 row in set (0.04 sec)

Database changed
Query OK, 0 rows affected (0.03 sec)

Query OK, 0 rows affected (0.01 sec)

Query OK, 280668 rows affected (8.16 sec)
Records: 280668  Deleted: 0  Skipped: 0  Warnings: 0

Query OK, 0 rows affected (0.75 sec)
Records: 0  Duplicates: 0  Warnings: 0

Query OK, 0 rows affected (0.66 sec)
Records: 0  Duplicates: 0  Warnings: 0

Query OK, 0 rows affected (0.72 sec)
Records: 0  Duplicates: 0  Warnings: 0

Query OK, 0 rows affected (0.57 sec)
Records: 0  Duplicates: 0  Warnings: 0

+---------+
| tickets |
+---------+
|  280668 |
+---------+
1 row in set (0.09 sec)

Database changed
Query OK, 0 rows affected (0.02 sec)

Query OK, 0 rows affected (0.01 sec)

Empty set (0.01 sec)

Query OK, 0 rows affected (0.01 sec)
Records: 0  Duplicates: 0  Warnings: 0

Query OK, 354 rows affected, 2 warnings (0.01 sec)
Records: 354  Deleted: 0  Skipped: 0  Warnings: 2

+-----------------+
| tickettechusers |
+-----------------+
|             354 |
+-----------------+
1 row in set (0.00 sec)

Database changed
Query OK, 0 rows affected (0.01 sec)

Query OK, 0 rows affected (0.01 sec)

Query OK, 0 rows affected (0.01 sec)
Records: 0  Duplicates: 0  Warnings: 0

Query OK, 605540 rows affected, 45329 warnings (11.87 sec)
Records: 605540  Deleted: 0  Skipped: 0  Warnings: 45329

+-------------------+
| ticketassignments |
+-------------------+
|            605540 |
+-------------------+
1 row in set (0.18 sec)

Database changed
Query OK, 0 rows affected (0.02 sec)

Query OK, 0 rows affected (0.01 sec)

Query OK, 1238396 rows affected (17.20 sec)
Records: 1238396  Deleted: 0  Skipped: 0  Warnings: 0

Query OK, 0 rows affected (7.13 sec)
Records: 0  Duplicates: 0  Warnings: 0

Query OK, 0 rows affected (2.65 sec)
Records: 0  Duplicates: 0  Warnings: 0

Query OK, 0 rows affected (3.59 sec)
Records: 0  Duplicates: 0  Warnings: 0

Query OK, 0 rows affected (3.58 sec)
Records: 0  Duplicates: 0  Warnings: 0

+----------------+
| ticketcomments |
+----------------+
|        1238396 |
+----------------+
1 row in set (0.39 sec)

Database changed
Query OK, 0 rows affected (0.04 sec)

Query OK, 0 rows affected (0.01 sec)

Query OK, 443123 rows affected (44.72 sec)
Records: 443123  Deleted: 0  Skipped: 0  Warnings: 0

Query OK, 0 rows affected (2.49 sec)
Records: 0  Duplicates: 0  Warnings: 0

+----------+
| comments |
+----------+
|   443123 |
+----------+
1 row in set (0.15 sec)

Database changed
Query OK, 0 rows affected (0.04 sec)

Query OK, 0 rows affected (0.01 sec)

Query OK, 1211849 rows affected, 65535 warnings (1 min 11.31 sec)
Records: 1211849  Deleted: 0  Skipped: 0  Warnings: 1211865

Query OK, 0 rows affected (5.91 sec)
Records: 0  Duplicates: 0  Warnings: 0

Query OK, 0 rows affected (3.59 sec)
Records: 0  Duplicates: 0  Warnings: 0

Query OK, 0 rows affected (4.22 sec)
Records: 0  Duplicates: 0  Warnings: 0

Query OK, 0 rows affected (3.97 sec)
Records: 0  Duplicates: 0  Warnings: 0

Query OK, 0 rows affected (5.77 sec)
Records: 0  Duplicates: 0  Warnings: 0

+------------+
| devicesold |
+------------+
|    1211849 |
+------------+
1 row in set (0.44 sec)

Database changed
Query OK, 0 rows affected (0.07 sec)

Query OK, 0 rows affected (0.01 sec)

Query OK, 1730629 rows affected (28.57 sec)
Records: 1730629  Deleted: 0  Skipped: 0  Warnings: 0

Query OK, 0 rows affected (9.13 sec)
Records: 0  Duplicates: 0  Warnings: 0

Query OK, 0 rows affected (5.50 sec)
Records: 0  Duplicates: 0  Warnings: 0

Query OK, 0 rows affected (5.91 sec)
Records: 0  Duplicates: 0  Warnings: 0

+------------------+
| contractservices |
+------------------+
|          1730629 |
+------------------+
1 row in set (0.58 sec)

Database changed
Query OK, 0 rows affected (0.23 sec)

Query OK, 0 rows affected (0.02 sec)

Query OK, 4065389 rows affected (2 min 13.66 sec)
Records: 4065389  Deleted: 0  Skipped: 0  Warnings: 0

Query OK, 0 rows affected (15.64 sec)
Records: 0  Duplicates: 0  Warnings: 0

Query OK, 0 rows affected (12.10 sec)
Records: 0  Duplicates: 0  Warnings: 0

Query OK, 0 rows affected (14.02 sec)
Records: 0  Duplicates: 0  Warnings: 0

Query OK, 0 rows affected (13.01 sec)
Records: 0  Duplicates: 0  Warnings: 0

+------------------+
| invoicescontents |
+------------------+
|          4065389 |
+------------------+
1 row in set (1.29 sec)

Database changed
Query OK, 0 rows affected (0.21 sec)

Query OK, 0 rows affected (0.01 sec)

Query OK, 2842807 rows affected (3 min 23.61 sec)
Records: 2842807  Deleted: 0  Skipped: 0  Warnings: 0

Query OK, 0 rows affected (14.13 sec)
Records: 0  Duplicates: 0  Warnings: 0

Query OK, 0 rows affected (14.71 sec)
Records: 0  Duplicates: 0  Warnings: 0

Query OK, 0 rows affected (13.38 sec)
Records: 0  Duplicates: 0  Warnings: 0

Query OK, 0 rows affected (11.53 sec)
Records: 0  Duplicates: 0  Warnings: 0

Query OK, 0 rows affected (13.02 sec)
Records: 0  Duplicates: 0  Warnings: 0

+----------------+
| invoicesheader |
+----------------+
|        2842807 |
+----------------+
1 row in set (0.91 sec)

Database changed
Query OK, 0 rows affected (0.05 sec)

Query OK, 0 rows affected (0.01 sec)

Query OK, 2912875 rows affected (1 min 34.85 sec)
Records: 2912875  Deleted: 0  Skipped: 0  Warnings: 0

Query OK, 0 rows affected (15.36 sec)
Records: 0  Duplicates: 0  Warnings: 0

Query OK, 0 rows affected (11.50 sec)
Records: 0  Duplicates: 0  Warnings: 0

Query OK, 0 rows affected (8.39 sec)
Records: 0  Duplicates: 0  Warnings: 0

Query OK, 0 rows affected (9.30 sec)
Records: 0  Duplicates: 0  Warnings: 0

+---------+
| casa    |
+---------+
| 2912875 |
+---------+
1 row in set (0.95 sec)

Query OK, 0 rows affected (0.04 sec)

Query OK, 14007 rows affected (1 min 24.48 sec)
Records: 14007  Duplicates: 0  Warnings: 0

+--------------------+
| rep_paycol_channel |
+--------------------+
|              14007 |
+--------------------+
1 row in set (0.01 sec)

Query OK, 0 rows affected (0.01 sec)

Query OK, 10063 rows affected (1 min 41.64 sec)
Records: 10063  Duplicates: 0  Warnings: 0

+----------------+
| rep_paycol_pos |
+----------------+
|          10063 |
+----------------+
1 row in set (0.01 sec)

Database changed
Query OK, 0 rows affected (0.01 sec)

Query OK, 0 rows affected (0.01 sec)

Database changed
Query OK, 39154 rows affected (0.94 sec)
Records: 39154  Deleted: 0  Skipped: 0  Warnings: 0

+-------+
| users |
+-------+
| 39154 |
+-------+
1 row in set (0.02 sec)

Query OK, 0 rows affected (0.08 sec)
Records: 0  Duplicates: 0  Warnings: 0

Database changed
Query OK, 0 rows affected (0.06 sec)

Query OK, 0 rows affected (0.01 sec)

Query OK, 1872898 rows affected, 2 warnings (34.60 sec)
Records: 1872898  Deleted: 0  Skipped: 0  Warnings: 2

Query OK, 0 rows affected (7.80 sec)
Records: 0  Duplicates: 0  Warnings: 0

Query OK, 0 rows affected (6.00 sec)
Records: 0  Duplicates: 0  Warnings: 0

Query OK, 0 rows affected (6.00 sec)
Records: 0  Duplicates: 0  Warnings: 0

Query OK, 0 rows affected (4.15 sec)
Records: 0  Duplicates: 0  Warnings: 0

Query OK, 0 rows affected (5.65 sec)
Records: 0  Duplicates: 0  Warnings: 0

+-------------+
| useractions |
+-------------+
|     1872898 |
+-------------+
1 row in set (0.66 sec)

Database changed
Query OK, 0 rows affected (0.11 sec)

Query OK, 0 rows affected (0.01 sec)

Database changed
Query OK, 17054169 rows affected (3 min 56.56 sec)
Records: 17054169  Deleted: 0  Skipped: 0  Warnings: 0

Query OK, 0 rows affected (55.09 sec)
Records: 0  Duplicates: 0  Warnings: 0

Query OK, 0 rows affected (55.74 sec)
Records: 0  Duplicates: 0  Warnings: 0

Query OK, 0 rows affected (53.18 sec)
Records: 0  Duplicates: 0  Warnings: 0

Query OK, 0 rows affected (46.81 sec)
Records: 0  Duplicates: 0  Warnings: 0

+----------+
| ipusage1 |
+----------+
| 17054169 |
+----------+
1 row in set (7.92 sec)

Query OK, 0 rows affected (0.49 sec)

Query OK, 17213541 rows affected, 65535 warnings (8 min 20.73 sec)
Records: 17213541  Duplicates: 0  Warnings: 17208933

Query OK, 0 rows affected (54.95 sec)
Records: 0  Duplicates: 0  Warnings: 0

Query OK, 0 rows affected (56.08 sec)
Records: 0  Duplicates: 0  Warnings: 0

Query OK, 0 rows affected (54.82 sec)
Records: 0  Duplicates: 0  Warnings: 0

Query OK, 0 rows affected (51.09 sec)
Records: 0  Duplicates: 0  Warnings: 0

Query OK, 0 rows affected (1 min 25.09 sec)
Records: 0  Duplicates: 0  Warnings: 0

Query OK, 0 rows affected (1 min 26.09 sec)
Records: 0  Duplicates: 0  Warnings: 0

Query OK, 0 rows affected (1 min 16.53 sec)
Records: 0  Duplicates: 0  Warnings: 0

+----------+
| ipusage  |
+----------+
| 17213541 |
+----------+
1 row in set (8.28 sec)

Query OK, 0 rows affected (0.19 sec)

Query OK, 4286996 rows affected (4 min 26.04 sec)
Records: 4286996  Duplicates: 0  Warnings: 0

Query OK, 0 rows affected (16.15 sec)
Records: 0  Duplicates: 0  Warnings: 0

Query OK, 0 rows affected (12.83 sec)
Records: 0  Duplicates: 0  Warnings: 0

Query OK, 0 rows affected (16.43 sec)
Records: 0  Duplicates: 0  Warnings: 0

Query OK, 0 rows affected (21.50 sec)
Records: 0  Duplicates: 0  Warnings: 0

Query OK, 0 rows affected (14.04 sec)
Records: 0  Duplicates: 0  Warnings: 0

Query OK, 0 rows affected (0.02 sec)

Query OK, 361074 rows affected (37.45 sec)
Records: 361074  Duplicates: 0  Warnings: 0

Query OK, 0 rows affected (1.26 sec)
Records: 0  Duplicates: 0  Warnings: 0

Query OK, 0 rows affected (1.17 sec)
Records: 0  Duplicates: 0  Warnings: 0

Query OK, 0 rows affected (1.32 sec)
Records: 0  Duplicates: 0  Warnings: 0

Query OK, 0 rows affected (0.79 sec)
Records: 0  Duplicates: 0  Warnings: 0

Query OK, 0 rows affected (0.74 sec)
Records: 0  Duplicates: 0  Warnings: 0

Query OK, 0 rows affected (0.71 sec)
Records: 0  Duplicates: 0  Warnings: 0

Query OK, 0 rows affected (0.74 sec)
Records: 0  Duplicates: 0  Warnings: 0

Query OK, 0 rows affected (0.03 sec)

Query OK, 1730430 rows affected (1 min 3.85 sec)
Records: 1730430  Duplicates: 0  Warnings: 0

Query OK, 0 rows affected (10.45 sec)
Records: 0  Duplicates: 0  Warnings: 0

Query OK, 0 rows affected (3.71 sec)
Records: 0  Duplicates: 0  Warnings: 0

Query OK, 0 rows affected (6.08 sec)
Records: 0  Duplicates: 0  Warnings: 0

mysql> mysql \. C:\workspace\cloud\code\sql\_DailyScript\currenttime.sql
+---------------------+
| currenttime         |
+---------------------+
| 2020-04-19 15:02:08 |
+---------------------+
1 row in set (0.00 sec)

mysql> 
mysql> mysql \. C:\workspace\cloud\code\sql\_DailyScript\ticket_analysis.sql
Database changed
Query OK, 0 rows affected (0.04 sec)

Query OK, 599366 rows affected (26.30 sec)
Records: 599366  Duplicates: 0  Warnings: 0

Query OK, 0 rows affected (5.18 sec)
Records: 0  Duplicates: 0  Warnings: 0

Query OK, 0 rows affected (2.49 sec)
Records: 0  Duplicates: 0  Warnings: 0

Query OK, 0 rows affected (1.62 sec)
Records: 0  Duplicates: 0  Warnings: 0

Query OK, 0 rows affected (0.01 sec)

Query OK, 19727 rows affected (11.95 sec)
Records: 19727  Duplicates: 0  Warnings: 0

Query OK, 0 rows affected, 1 warning (0.01 sec)

Query OK, 83788 rows affected (7.14 sec)
Records: 83788  Duplicates: 0  Warnings: 0

Query OK, 0 rows affected, 1 warning (0.00 sec)

Query OK, 432025 rows affected (12.69 sec)
Records: 432025  Duplicates: 0  Warnings: 0

Query OK, 0 rows affected, 1 warning (0.01 sec)

Query OK, 432025 rows affected (13.16 sec)
Records: 432025  Duplicates: 0  Warnings: 0

Query OK, 0 rows affected (0.01 sec)

Query OK, 83853 rows affected (4.67 sec)
Records: 83853  Duplicates: 0  Warnings: 0

Database changed
Query OK, 0 rows affected (0.01 sec)

Query OK, 0 rows affected (0.04 sec)

Query OK, 599366 rows affected (21.05 sec)
Records: 599366  Duplicates: 0  Warnings: 0

Query OK, 0 rows affected (0.01 sec)

Query OK, 298092 rows affected (16.43 sec)
Records: 298092  Duplicates: 0  Warnings: 0

+--------------------------+
| clientticket_cmmtjourney |
+--------------------------+
|                   599366 |
+--------------------------+
1 row in set (3.11 sec)

+---------------------------+
| clientticket_assgnjourney |
+---------------------------+
|                    298092 |
+---------------------------+
1 row in set (0.38 sec)

Query OK, 0 rows affected (0.01 sec)

Query OK, 65 rows affected (0.12 sec)
Records: 65  Duplicates: 0  Warnings: 0

mysql> mysql \. C:\workspace\cloud\code\sql\_DailyScript\currenttime.sql
+---------------------+
| currenttime         |
+---------------------+
| 2020-04-19 15:04:15 |
+---------------------+
1 row in set (0.01 sec)

mysql> 
mysql> mysql \. C:\workspace\cloud\code\sql\_DailyScript\load_DailyCalls.sql
Database changed
Query OK, 614 rows affected (0.79 sec)
Records: 614  Deleted: 0  Skipped: 0  Warnings: 0

Query OK, 0 rows affected, 1 warning (0.00 sec)

Query OK, 593 rows affected (0.15 sec)
Records: 593  Duplicates: 0  Warnings: 0

Query OK, 0 rows affected, 1 warning (0.00 sec)

Query OK, 66427 rows affected (0.45 sec)
Records: 66427  Duplicates: 0  Warnings: 0

+----------------------+
| callingclientsbefore |
+----------------------+
|               898503 |
+----------------------+
1 row in set (2.86 sec)

Query OK, 798 rows affected (14.59 sec)
Records: 798  Duplicates: 0  Warnings: 0

+---------------------+
| callingclientsafter |
+---------------------+
|              899301 |
+---------------------+
1 row in set (0.27 sec)

Query OK, 0 rows affected (0.01 sec)

Query OK, 365 rows affected (21.23 sec)
Records: 365  Duplicates: 0  Warnings: 0

Query OK, 0 rows affected (0.00 sec)

Query OK, 18079 rows affected (3.10 sec)
Records: 18079  Duplicates: 0  Warnings: 0

+-----------+
| callstats |
+-----------+
|     18079 |
+-----------+
1 row in set (0.01 sec)

Query OK, 0 rows affected, 1 warning (0.00 sec)

Query OK, 798 rows affected (30.22 sec)
Records: 798  Duplicates: 0  Warnings: 0

+------------------------+
| rep_cccallreportbefore |
+------------------------+
|                 903057 |
+------------------------+
1 row in set (0.38 sec)

Query OK, 798 rows affected (1.05 sec)
Records: 798  Duplicates: 0  Warnings: 0

+-----------------------+
| rep_cccallreportafter |
+-----------------------+
|                903855 |
+-----------------------+
1 row in set (0.29 sec)

Query OK, 0 rows affected (0.01 sec)

mysql> mysql \. C:\workspace\cloud\code\sql\_DailyScript\currenttime.sql
+---------------------+
| currenttime         |
+---------------------+
| 2020-04-19 15:05:30 |
+---------------------+
1 row in set (0.00 sec)

mysql> 
mysql> mysql \. C:\workspace\cloud\code\sql\_DailyScript\DAILY-SCRIPT-USAGE.sql
Database changed
Query OK, 0 rows affected (0.00 sec)

Query OK, 8176 rows affected, 23715 warnings (6.13 sec)
Records: 8176  Deleted: 0  Skipped: 0  Warnings: 23715

Query OK, 0 rows affected (0.01 sec)

Query OK, 13081 rows affected, 37865 warnings (5.00 sec)
Records: 13081  Deleted: 0  Skipped: 0  Warnings: 37865

Query OK, 0 rows affected (0.00 sec)

Query OK, 350 rows affected, 1249 warnings (0.07 sec)
Records: 350  Deleted: 0  Skipped: 0  Warnings: 1249

Query OK, 0 rows affected (0.01 sec)

Query OK, 149 rows affected, 518 warnings (0.04 sec)
Records: 149  Deleted: 0  Skipped: 0  Warnings: 518

+------------+
| dailyusage |
+------------+
|   11650102 |
+------------+
1 row in set (53.27 sec)

+------------+------------+------------+---------+
| datestart  | dateend    | insertedon | records |
+------------+------------+------------+---------+
| 2020-04-18 | 2020-04-18 | 2020-04-19 |   21756 |
| 2020-04-17 | 2020-04-17 | 2020-04-18 |   21379 |
| 2020-04-16 | 2020-04-16 | 2020-04-17 |   21741 |
| 2020-04-15 | 2020-04-15 | 2020-04-16 |   21582 |
| 2020-04-14 | 2020-04-14 | 2020-04-15 |     224 |
+------------+------------+------------+---------+
5 rows in set (5 min 48.35 sec)

mysql> mysql \. C:\workspace\cloud\code\sql\_DailyScript\currenttime.sql
+---------------------+
| currenttime         |
+---------------------+
| 2020-04-19 15:12:23 |
+---------------------+
1 row in set (0.00 sec)

mysql> 
mysql> mysql \. C:\workspace\cloud\code\sql\_DailyScript\DAILY-SCRIPT-SALES-TELEMETRY.sql
Database changed
Query OK, 71 rows affected, 28 warnings (0.03 sec)
Records: 71  Deleted: 0  Skipped: 0  Warnings: 28

+------------+
| dailysales |
+------------+
|     192130 |
+------------+
1 row in set (0.51 sec)

Query OK, 0 rows affected (0.02 sec)

Query OK, 192130 rows affected (23.07 sec)
Records: 192130  Duplicates: 0  Warnings: 0

+--------+
| sales  |
+--------+
| 192130 |
+--------+
1 row in set (0.09 sec)

Query OK, 0 rows affected (0.01 sec)

Query OK, 3084 rows affected (0.35 sec)
Records: 3084  Duplicates: 0  Warnings: 0

+----------------+
| rep_dailysales |
+----------------+
|           3084 |
+----------------+
1 row in set (0.00 sec)

Query OK, 0 rows affected (0.13 sec)

Query OK, 3084 rows affected (0.57 sec)
Records: 3084  Duplicates: 0  Warnings: 0

+-------------------+
| rep_dailysalesreg |
+-------------------+
|              3084 |
+-------------------+
1 row in set (0.00 sec)

Query OK, 0 rows affected (0.00 sec)

Query OK, 2711 rows affected (0.69 sec)
Records: 2711  Duplicates: 0  Warnings: 0

+-----------+
| saleslist |
+-----------+
|      2711 |
+-----------+
1 row in set (0.00 sec)

Database changed
ERROR 2 (HY000): File 'C:\ProgramData\MySQL\MySQL Server 5.7\Uploads\_csv\PrepaidCardSales-18042020-P1.csv' not found (Errcode: 2 - No such file or directory)
+------------------+
| dailysinglesales |
+------------------+
|             6235 |
+------------------+
1 row in set (0.19 sec)

Database changed
Query OK, 24 rows affected (0.05 sec)
Records: 24  Deleted: 0  Skipped: 0  Warnings: 0

+-----------------+
| dailyaddonsales |
+-----------------+
|           19010 |
+-----------------+
1 row in set (0.06 sec)

Query OK, 226 rows affected (0.30 sec)
Records: 226  Deleted: 0  Skipped: 0  Warnings: 0

+----------------+
| onlinepayments |
+----------------+
|          91449 |
+----------------+
1 row in set (0.18 sec)

+-------------+----------------+---------------------+
| paymentdate | onlinepayments | onlinepaymentamount |
+-------------+----------------+---------------------+
| 2020-04-18  |            226 |        132234.39000 |
| 2020-04-17  |            207 |        118555.82000 |
| 2020-04-16  |            260 |        158263.80000 |
| 2020-04-15  |            252 |        153232.86000 |
| 2020-04-14  |            221 |        139322.53000 |
+-------------+----------------+---------------------+
5 rows in set (4.38 sec)

+-------------+--------------+----------------+---------------------+
| paymentyear | paymentmonth | onlinepayments | onlinepaymentamount |
+-------------+--------------+----------------+---------------------+
|        2020 |            4 |           3841 |       2417510.23000 |
|        2020 |            3 |           4932 |       3198124.05000 |
|        2020 |            2 |           3434 |       2334711.58000 |
|        2020 |            1 |           3598 |       2395112.36000 |
|        2020 |         NULL |          15805 |      10345458.22000 |
+-------------+--------------+----------------+---------------------+
5 rows in set (0.10 sec)

mysql> mysql \. C:\workspace\cloud\code\sql\_DailyScript\currenttime.sql
+---------------------+
| currenttime         |
+---------------------+
| 2020-04-19 15:12:54 |
+---------------------+
1 row in set (0.00 sec)

mysql> 
mysql> mysql \. C:\workspace\cloud\code\sql\_DailyScript\DAILY-SCRIPT-ACTIVENUMBERS.sql
Database changed
Query OK, 1174 rows affected (0.68 sec)
Records: 1174  Deleted: 0  Skipped: 0  Warnings: 0

+------------+----------+
| period     | count(1) |
+------------+----------+
| 2020-04-18 |     1174 |
| 2020-04-17 |     1173 |
| 2020-04-16 |     1172 |
| 2020-04-15 |     1172 |
| 2020-04-14 |     1175 |
+------------+----------+
5 rows in set (0.01 sec)

Query OK, 0 rows affected (0.00 sec)

Query OK, 80 rows affected (1.52 sec)
Records: 80  Duplicates: 0  Warnings: 0

+-------------+
| packagelist |
+-------------+
|          80 |
+-------------+
1 row in set (0.00 sec)

Database changed
Query OK, 0 rows affected (0.00 sec)

Query OK, 0 rows affected (0.01 sec)

Query OK, 0 rows affected (0.00 sec)

Query OK, 0 rows affected (0.00 sec)

Query OK, 27861 rows affected, 204 warnings (50.90 sec)
Records: 27861  Deleted: 0  Skipped: 0  Warnings: 204

+------------+----------+
| period     | count(1) |
+------------+----------+
| 2020-04-18 |    27861 |
| 2020-04-17 |    27971 |
| 2020-04-16 |    27973 |
| 2020-04-15 |    27999 |
| 2020-04-14 |    27912 |
+------------+----------+
5 rows in set (0.15 sec)

Query OK, 0 rows affected (0.04 sec)

Query OK, 27266 rows affected (3 min 10.41 sec)
Records: 27266  Duplicates: 0  Warnings: 0

Query OK, 0 rows affected (0.14 sec)
Records: 0  Duplicates: 0  Warnings: 0

Query OK, 0 rows affected (0.13 sec)
Records: 0  Duplicates: 0  Warnings: 0

Query OK, 0 rows affected (0.10 sec)
Records: 0  Duplicates: 0  Warnings: 0

Query OK, 0 rows affected (0.09 sec)
Records: 0  Duplicates: 0  Warnings: 0

Query OK, 0 rows affected (0.06 sec)
Records: 0  Duplicates: 0  Warnings: 0

Query OK, 0 rows affected (0.07 sec)
Records: 0  Duplicates: 0  Warnings: 0

+-------------+
| countbefore |
+-------------+
|    35123105 |
+-------------+
1 row in set (2 min 3.52 sec)

Query OK, 27266 rows affected (31.02 sec)
Records: 27266  Duplicates: 0  Warnings: 0

+------------+
| countafter |
+------------+
|   35150371 |
+------------+
1 row in set (24.08 sec)

+------------+--------------------------+
| period     | customercontractactivity |
+------------+--------------------------+
| 2020-04-18 |                    27266 |
| 2020-04-17 |                    27376 |
| 2020-04-16 |                    27378 |
| 2020-04-15 |                    27405 |
| 2020-04-14 |                    27317 |
+------------+--------------------------+
5 rows in set (0.07 sec)

Query OK, 0 rows affected (0.10 sec)

Query OK, 261121 rows affected (20 min 21.41 sec)
Records: 261121  Duplicates: 0  Warnings: 0

Query OK, 0 rows affected (1.02 sec)
Records: 0  Duplicates: 0  Warnings: 0

Query OK, 0 rows affected (1.05 sec)
Records: 0  Duplicates: 0  Warnings: 0

Query OK, 0 rows affected (1.09 sec)
Records: 0  Duplicates: 0  Warnings: 0

Query OK, 0 rows affected (0.01 sec)

Query OK, 184 rows affected (0.54 sec)
Records: 184  Duplicates: 0  Warnings: 0

Query OK, 0 rows affected (0.00 sec)

Query OK, 2571 rows affected (0.68 sec)
Records: 2571  Duplicates: 0  Warnings: 0

Query OK, 0 rows affected (0.03 sec)

Query OK, 27249 rows affected (0.62 sec)
Records: 27249  Duplicates: 0  Warnings: 0

Query OK, 0 rows affected (0.01 sec)

Query OK, 17179 rows affected (0.50 sec)
Records: 17179  Duplicates: 0  Warnings: 0

Query OK, 0 rows affected (0.01 sec)

Query OK, 17179 rows affected (0.14 sec)
Records: 17179  Duplicates: 0  Warnings: 0

Query OK, 0 rows affected (0.04 sec)

Query OK, 17179 rows affected (1.29 sec)
Records: 17179  Duplicates: 0  Warnings: 0

Query OK, 0 rows affected (0.08 sec)

Query OK, 17179 rows affected (50.81 sec)
Records: 17179  Duplicates: 0  Warnings: 0

+-------------+
| clientstats |
+-------------+
|       17179 |
+-------------+
1 row in set (0.01 sec)

Query OK, 0 rows affected (0.00 sec)

Query OK, 12 rows affected, 1 warning (0.09 sec)
Records: 12  Duplicates: 0  Warnings: 1

+-----------------------+-------------+-------------+----------------+-----------------+
| services              | activecount | allaccounts | uniqueaccounts | uniquecontracts |
+-----------------------+-------------+-------------+----------------+-----------------+
| All                   |         311 |          54 |             54 |             173 |
| Internet & Voice      |         407 |         185 |            185 |             361 |
| Internet Only         |        4283 |        4191 |           4187 |            4231 |
| OTT Only              |           2 |           2 |              2 |               2 |
| TV & Internet         |        9482 |        4238 |           4229 |            8618 |
| TV & Internet & OTT   |        2910 |         774 |            773 |            1591 |
| TV & Internet & Voice |         502 |         148 |            148 |             454 |
| TV & OTT              |         377 |          68 |             67 |              84 |
| TV & Voice            |          82 |          36 |             36 |              75 |
| TV Only               |        9486 |        7342 |           7334 |            7537 |
| Voice Only            |         142 |         141 |            140 |             142 |
| GRAND TOTAL           |       27984 |       17179 |          17107 |           23268 |
+-----------------------+-------------+-------------+----------------+-----------------+
12 rows in set (0.00 sec)

+-------------+-------------+-------------+----------------+-----------------+
| network     | activecount | allaccounts | uniqueaccounts | uniquecontracts |
+-------------+-------------+-------------+----------------+-----------------+
| ADDON       |          15 |          10 |             10 |              10 |
| GPON        |        8673 |        4352 |           4349 |            6787 |
| HFC         |       19296 |       12817 |          12817 |           16471 |
| GRAND TOTAL |       27984 |       17179 |          17107 |           23268 |
+-------------+-------------+-------------+----------------+-----------------+
4 rows in set, 1 warning (0.12 sec)

+-------------+-----------------------+-------------+-------------+----------------+-----------------+
| network     | services              | activecount | allaccounts | uniqueaccounts | uniquecontracts |
+-------------+-----------------------+-------------+-------------+----------------+-----------------+
| ADDON       | OTT Only              |           2 |           2 |              2 |               2 |
| ADDON       | TV & OTT              |           8 |           3 |              3 |               3 |
| ADDON       | TV Only               |           5 |           5 |              5 |               5 |
| ADDON       | Services Total        |          15 |          10 |             10 |              10 |
| GPON        | All                   |         173 |          30 |             30 |              95 |
| GPON        | Internet & Voice      |          67 |          28 |             28 |              57 |
| GPON        | Internet Only         |        1090 |        1021 |           1021 |            1044 |
| GPON        | TV & Internet         |        3688 |        1587 |           1587 |            3262 |
| GPON        | TV & Internet & OTT   |        1639 |         433 |            433 |             896 |
| GPON        | TV & Internet & Voice |         175 |          51 |             51 |             158 |
| GPON        | TV & OTT              |         137 |          30 |             30 |              33 |
| GPON        | TV & Voice            |          41 |          17 |             17 |              36 |
| GPON        | TV Only               |        1653 |        1145 |           1145 |            1196 |
| GPON        | Voice Only            |          10 |          10 |             10 |              10 |
| GPON        | Services Total        |        8673 |        4352 |           4349 |            6787 |
| HFC         | All                   |         138 |          24 |             24 |              78 |
| HFC         | Internet & Voice      |         340 |         157 |            157 |             304 |
| HFC         | Internet Only         |        3193 |        3170 |           3170 |            3187 |
| HFC         | TV & Internet         |        5794 |        2651 |           2651 |            5356 |
| HFC         | TV & Internet & OTT   |        1271 |         341 |            341 |             695 |
| HFC         | TV & Internet & Voice |         327 |          97 |             97 |             296 |
| HFC         | TV & OTT              |         232 |          35 |             35 |              48 |
| HFC         | TV & Voice            |          41 |          19 |             19 |              39 |
| HFC         | TV Only               |        7828 |        6192 |           6192 |            6336 |
| HFC         | Voice Only            |         132 |         131 |            131 |             132 |
| HFC         | Services Total        |       19296 |       12817 |          12817 |           16471 |
| GRAND TOTAL | Services Total        |       27984 |       17179 |          17107 |           23268 |
+-------------+-----------------------+-------------+-------------+----------------+-----------------+
27 rows in set, 2 warnings (0.14 sec)

Query OK, 0 rows affected (0.00 sec)

Query OK, 44 rows affected, 3 warnings (0.19 sec)
Records: 44  Duplicates: 0  Warnings: 3

+-------------+---------------+-----------------------+-------------+-------------+----------------+-----------------+
| region      | network       | services              | activecount | allaccounts | uniqueaccounts | uniquecontracts |
+-------------+---------------+-----------------------+-------------+-------------+----------------+-----------------+
| Mahe        | ADDON         | OTT Only              |           2 |           2 |              2 |               2 |
| Mahe        | ADDON         | TV & OTT              |           8 |           3 |              3 |               3 |
| Mahe        | ADDON         | TV Only               |           1 |           1 |              1 |               1 |
| Mahe        | ADDON         | Services Total        |          11 |           6 |              6 |               6 |
| Mahe        | GPON          | All                   |         156 |          27 |             27 |              86 |
| Mahe        | GPON          | Internet & Voice      |          55 |          22 |             22 |              45 |
| Mahe        | GPON          | Internet Only         |         868 |         799 |            799 |             822 |
| Mahe        | GPON          | TV & Internet         |        2816 |        1201 |           1201 |            2470 |
| Mahe        | GPON          | TV & Internet & OTT   |        1168 |         296 |            296 |             612 |
| Mahe        | GPON          | TV & Internet & Voice |         160 |          47 |             47 |             144 |
| Mahe        | GPON          | TV & OTT              |         121 |          24 |             24 |              27 |
| Mahe        | GPON          | TV & Voice            |          41 |          17 |             17 |              36 |
| Mahe        | GPON          | TV Only               |        1313 |         892 |            892 |             929 |
| Mahe        | GPON          | Voice Only            |           9 |           9 |              9 |               9 |
| Mahe        | GPON          | Services Total        |        6707 |        3334 |           3334 |            5180 |
| Mahe        | HFC           | All                   |         138 |          24 |             24 |              78 |
| Mahe        | HFC           | Internet & Voice      |         340 |         157 |            157 |             304 |
| Mahe        | HFC           | Internet Only         |        3192 |        3169 |           3169 |            3186 |
| Mahe        | HFC           | TV & Internet         |        5794 |        2651 |           2651 |            5356 |
| Mahe        | HFC           | TV & Internet & OTT   |        1271 |         341 |            341 |             695 |
| Mahe        | HFC           | TV & Internet & Voice |         327 |          97 |             97 |             296 |
| Mahe        | HFC           | TV & OTT              |         232 |          35 |             35 |              48 |
| Mahe        | HFC           | TV & Voice            |          41 |          19 |             19 |              39 |
| Mahe        | HFC           | TV Only               |        7823 |        6189 |           6189 |            6333 |
| Mahe        | HFC           | Voice Only            |         132 |         131 |            131 |             132 |
| Mahe        | HFC           | Services Total        |       19290 |       12813 |          12813 |           16467 |
| Mahe        | Network Total | Services Total        |       26008 |       16153 |          16087 |           21653 |
| Praslin     | ADDON         | TV Only               |           4 |           4 |              4 |               4 |
| Praslin     | ADDON         | Services Total        |           4 |           4 |              4 |               4 |
| Praslin     | GPON          | All                   |          17 |           3 |              3 |               9 |
| Praslin     | GPON          | Internet & Voice      |          12 |           6 |              6 |              12 |
| Praslin     | GPON          | Internet Only         |         222 |         222 |            222 |             222 |
| Praslin     | GPON          | TV & Internet         |         872 |         386 |            386 |             792 |
| Praslin     | GPON          | TV & Internet & OTT   |         471 |         137 |            137 |             284 |
| Praslin     | GPON          | TV & Internet & Voice |          15 |           4 |              4 |              14 |
| Praslin     | GPON          | TV & OTT              |          16 |           6 |              6 |               6 |
| Praslin     | GPON          | TV Only               |         340 |         253 |            253 |             267 |
| Praslin     | GPON          | Voice Only            |           1 |           1 |              1 |               1 |
| Praslin     | GPON          | Services Total        |        1966 |        1018 |           1018 |            1607 |
| Praslin     | HFC           | Internet Only         |           1 |           1 |              1 |               1 |
| Praslin     | HFC           | TV Only               |           5 |           3 |              3 |               3 |
| Praslin     | HFC           | Services Total        |           6 |           4 |              4 |               4 |
| Praslin     | Network Total | Services Total        |        1976 |        1026 |           1023 |            1615 |
| GRAND TOTAL | Network Total | Services Total        |       27984 |       17179 |          17107 |           23268 |
+-------------+---------------+-----------------------+-------------+-------------+----------------+-----------------+
44 rows in set (0.00 sec)

Query OK, 0 rows affected (0.01 sec)

Query OK, 27250 rows affected (0.47 sec)
Records: 27250  Duplicates: 0  Warnings: 0

Query OK, 0 rows affected (0.01 sec)

Query OK, 2031 rows affected (19.81 sec)
Records: 2031  Duplicates: 0  Warnings: 0

+--------------------------------------+
| message                              |
+--------------------------------------+
| running rcbill_my.sp_ActiveNumber2() |
+--------------------------------------+
1 row in set (0.01 sec)

Query OK, 365 rows affected (3 min 15.66 sec)

mysql> mysql \. C:\workspace\cloud\code\sql\_DailyScript\currenttime.sql
+---------------------+
| currenttime         |
+---------------------+
| 2020-04-19 15:44:53 |
+---------------------+
1 row in set (0.01 sec)

mysql> 
mysql> mysql \. C:\workspace\cloud\code\sql\_DailyScript\GetActiveNumbers Average -Pivot.sql
Database changed
+-------------------------------------+
| @today := subdate(current_date(),1) |
+-------------------------------------+
| 2020-04-18                          |
+-------------------------------------+
1 row in set (0.00 sec)

+-------------------------------------+
| @lastdayofmonth := last_day(@today) |
+-------------------------------------+
| 2020-04-30                          |
+-------------------------------------+
1 row in set (0.01 sec)

Query OK, 0 rows affected (0.02 sec)

Query OK, 38055 rows affected, 65535 warnings (1 min 1.01 sec)
Records: 38055  Duplicates: 0  Warnings: 78702

Query OK, 0 rows affected (0.10 sec)
Records: 0  Duplicates: 0  Warnings: 0

Query OK, 0 rows affected (0.12 sec)
Records: 0  Duplicates: 0  Warnings: 0

Query OK, 0 rows affected (0.10 sec)
Records: 0  Duplicates: 0  Warnings: 0

+-----------------+
| activenumberavg |
+-----------------+
|           38055 |
+-----------------+
1 row in set (0.01 sec)

Query OK, 0 rows affected (0.01 sec)

Query OK, 1855 rows affected (0.48 sec)
Records: 1855  Duplicates: 0  Warnings: 0

+---------------------+
| rep_activenumberavg |
+---------------------+
|                1855 |
+---------------------+
1 row in set (0.00 sec)

+----------------------+
| rep_activenumberavg1 |
+----------------------+
|                  873 |
+----------------------+
1 row in set (0.01 sec)

Query OK, 0 rows affected (0.01 sec)

Query OK, 1963 rows affected (0.42 sec)
Records: 1963  Duplicates: 0  Warnings: 0

Query OK, 0 rows affected (0.01 sec)

Query OK, 10010 rows affected (0.71 sec)
Records: 10010  Duplicates: 0  Warnings: 0

Query OK, 0 rows affected (0.00 sec)

Query OK, 0 rows affected (0.01 sec)

Query OK, 0 rows affected (0.01 sec)

Query OK, 0 rows affected (0.00 sec)

Query OK, 0 rows affected (0.00 sec)
Statement prepared

Query OK, 53 rows affected (0.04 sec)
Records: 53  Duplicates: 0  Warnings: 0

Query OK, 0 rows affected (0.00 sec)

Query OK, 0 rows affected (0.00 sec)

+----------------------+
| rep_activenumberavg2 |
+----------------------+
|                 1963 |
+----------------------+
1 row in set (0.00 sec)

+------------------------+
| rep_activenumberavg_pv |
+------------------------+
|                     53 |
+------------------------+
1 row in set (0.00 sec)

Query OK, 0 rows affected (0.03 sec)

Query OK, 1963 rows affected (0.34 sec)
Records: 1963  Duplicates: 0  Warnings: 0

Query OK, 0 rows affected (0.00 sec)

Query OK, 0 rows affected (0.00 sec)

Query OK, 0 rows affected (0.01 sec)

Query OK, 0 rows affected (0.00 sec)

Query OK, 0 rows affected (0.00 sec)
Statement prepared

Query OK, 53 rows affected (0.04 sec)
Records: 53  Duplicates: 0  Warnings: 0

Query OK, 0 rows affected (0.00 sec)

Query OK, 0 rows affected (0.00 sec)

+-------------------------+
| rep_activenumberavgMahe |
+-------------------------+
|                    1963 |
+-------------------------+
1 row in set (0.00 sec)

+----------------------------+
| rep_activenumberavgMahe_pv |
+----------------------------+
|                         53 |
+----------------------------+
1 row in set (0.01 sec)

Query OK, 0 rows affected (0.00 sec)

Query OK, 1256 rows affected (0.16 sec)
Records: 1256  Duplicates: 0  Warnings: 0

Query OK, 0 rows affected (0.00 sec)

Query OK, 0 rows affected (0.01 sec)

Query OK, 0 rows affected (0.01 sec)

Query OK, 0 rows affected (0.00 sec)

Query OK, 0 rows affected (0.00 sec)
Statement prepared

Query OK, 40 rows affected (0.03 sec)
Records: 40  Duplicates: 0  Warnings: 0

Query OK, 0 rows affected (0.01 sec)

Query OK, 0 rows affected (0.00 sec)

+----------------------------+
| rep_activenumberavgPraslin |
+----------------------------+
|                       1256 |
+----------------------------+
1 row in set (0.00 sec)

+-------------------------------+
| rep_activenumberavgPraslin_pv |
+-------------------------------+
|                            40 |
+-------------------------------+
1 row in set (0.00 sec)

mysql> mysql \. C:\workspace\cloud\code\sql\_DailyScript\currenttime.sql
+---------------------+
| currenttime         |
+---------------------+
| 2020-04-19 15:45:57 |
+---------------------+
1 row in set (0.00 sec)

mysql> 
mysql> mysql \. C:\workspace\cloud\code\sql\_DailyScript\budget_actual_analysis_2020.sql
Query OK, 0 rows affected (0.01 sec)

Query OK, 716 rows affected, 3 warnings (0.45 sec)
Records: 716  Duplicates: 0  Warnings: 3

+--------------------+
| budget_actual_2020 |
+--------------------+
|                716 |
+--------------------+
1 row in set (0.00 sec)

Query OK, 0 rows affected (0.00 sec)

Query OK, 47 rows affected (0.04 sec)
Records: 47  Duplicates: 0  Warnings: 0

+---------------------------+
| rep_budget_actual_2020_pv |
+---------------------------+
|                        47 |
+---------------------------+
1 row in set (0.00 sec)

mysql> mysql \. C:\workspace\cloud\code\sql\_DailyScript\currenttime.sql
+---------------------+
| currenttime         |
+---------------------+
| 2020-04-19 15:45:57 |
+---------------------+
1 row in set (0.00 sec)

mysql> 
mysql> mysql \. C:\workspace\cloud\code\sql\_DailyScript\reports-sales-addons-prepaid-camera.sql
Database changed
Query OK, 0 rows affected (0.01 sec)

Query OK, 4043 rows affected (0.67 sec)
Records: 4043  Duplicates: 0  Warnings: 0

Query OK, 0 rows affected (0.01 sec)

Query OK, 19053 rows affected (2 min 4.34 sec)
Records: 19053  Duplicates: 0  Warnings: 0

+--------------------+
| rep_prepaid_camera |
+--------------------+
|               4043 |
+--------------------+
1 row in set (0.01 sec)

+-----------+
| rep_addon |
+-----------+
|     19053 |
+-----------+
1 row in set (0.01 sec)

mysql> mysql \. C:\workspace\cloud\code\sql\_DailyScript\currenttime.sql
+---------------------+
| currenttime         |
+---------------------+
| 2020-04-19 15:48:02 |
+---------------------+
1 row in set (0.00 sec)

mysql> 
mysql> mysql \. C:\workspace\cloud\code\sql\_DailyScript\housing-estate-analysis.sql
Database changed
Query OK, 0 rows affected (0.03 sec)

Query OK, 3088 rows affected (59.76 sec)
Records: 3088  Duplicates: 0  Warnings: 0

+--------------------+
| rep_housingestates |
+--------------------+
|               3088 |
+--------------------+
1 row in set (0.00 sec)

mysql> mysql \. C:\workspace\cloud\code\sql\_DailyScript\currenttime.sql
+---------------------+
| currenttime         |
+---------------------+
| 2020-04-19 15:49:02 |
+---------------------+
1 row in set (0.00 sec)

mysql> 
mysql> mysql \. C:\workspace\cloud\code\sql\_DailyScript\RCB_ClientAnalyticsReport_Script.sql
Database changed
Query OK, 0 rows affected (0.00 sec)

Query OK, 0 rows affected (0.06 sec)

Query OK, 1859588 rows affected (1 min 27.60 sec)
Records: 1859588  Duplicates: 0  Warnings: 0

Query OK, 0 rows affected (8.90 sec)
Records: 0  Duplicates: 0  Warnings: 0

Query OK, 0 rows affected (5.71 sec)
Records: 0  Duplicates: 0  Warnings: 0

Query OK, 0 rows affected (9.31 sec)
Records: 0  Duplicates: 0  Warnings: 0

Query OK, 0 rows affected (9.17 sec)
Records: 0  Duplicates: 0  Warnings: 0

Query OK, 0 rows affected (10.58 sec)
Records: 0  Duplicates: 0  Warnings: 0

Query OK, 0 rows affected (8.49 sec)
Records: 0  Duplicates: 0  Warnings: 0

Query OK, 0 rows affected (0.00 sec)

Query OK, 475411 rows affected (17.19 sec)
Rows matched: 1859588  Changed: 475411  Warnings: 0

Query OK, 0 rows affected (0.01 sec)

Query OK, 28211 rows affected (4.83 sec)
Records: 28211  Duplicates: 0  Warnings: 0

Query OK, 0 rows affected (0.01 sec)

Query OK, 43383 rows affected (11 min 42.91 sec)
Records: 43383  Duplicates: 0  Warnings: 0

Query OK, 0 rows affected (0.19 sec)
Records: 0  Duplicates: 0  Warnings: 0

Query OK, 0 rows affected (0.19 sec)
Records: 0  Duplicates: 0  Warnings: 0

Query OK, 0 rows affected (0.09 sec)
Records: 0  Duplicates: 0  Warnings: 0

Query OK, 0 rows affected (0.04 sec)

Query OK, 444785 rows affected (14 min 18.02 sec)
Records: 444785  Duplicates: 0  Warnings: 0

Query OK, 0 rows affected (1.66 sec)
Records: 0  Duplicates: 0  Warnings: 0

Query OK, 0 rows affected (1.74 sec)
Records: 0  Duplicates: 0  Warnings: 0

Query OK, 0 rows affected (0.86 sec)
Records: 0  Duplicates: 0  Warnings: 0

Query OK, 0 rows affected (2.00 sec)
Records: 0  Duplicates: 0  Warnings: 0

Query OK, 0 rows affected (1.17 sec)
Records: 0  Duplicates: 0  Warnings: 0

Query OK, 0 rows affected (0.01 sec)

Query OK, 43383 rows affected (1 min 30.82 sec)
Records: 43383  Duplicates: 0  Warnings: 0

+--------------+
| clientreport |
+--------------+
|        43383 |
+--------------+
1 row in set (0.01 sec)

Query OK, 0 rows affected (0.01 sec)

Query OK, 43383 rows affected (6.45 sec)
Records: 43383  Duplicates: 0  Warnings: 0

+----------------------+
| clientextendedreport |
+----------------------+
|                43383 |
+----------------------+
1 row in set (0.01 sec)

Query OK, 0 rows affected (0.01 sec)

Query OK, 43383 rows affected (2 min 23.49 sec)
Records: 43383  Duplicates: 0  Warnings: 0

+---------+
| allcust |
+---------+
|   43383 |
+---------+
1 row in set (0.01 sec)

Query OK, 0 rows affected, 1 warning (0.00 sec)

Query OK, 5000 rows affected (0.14 sec)
Records: 5000  Duplicates: 0  Warnings: 0

Query OK, 0 rows affected (0.01 sec)

Query OK, 6890 rows affected (0.36 sec)
Records: 6890  Duplicates: 0  Warnings: 0

Query OK, 0 rows affected, 1 warning (0.00 sec)

Query OK, 5000 rows affected (0.14 sec)
Records: 5000  Duplicates: 0  Warnings: 0

Query OK, 0 rows affected (0.00 sec)

Query OK, 7315 rows affected (0.19 sec)
Records: 7315  Duplicates: 0  Warnings: 0

mysql> mysql \. C:\workspace\cloud\code\sql\_DailyScript\currenttime.sql
+---------------------+
| currenttime         |
+---------------------+
| 2020-04-19 16:21:54 |
+---------------------+
1 row in set (0.00 sec)

mysql> 
mysql> 
mysql> mysql \. C:\workspace\cloud\code\sql\_DailyScript\REVENUE_PER_NODE_MXK.sql
Query OK, 0 rows affected (0.01 sec)

Query OK, 0 rows affected (0.01 sec)

Query OK, 0 rows affected (0.01 sec)

Query OK, 5880 rows affected (3.00 sec)
Records: 5880  Duplicates: 0  Warnings: 0

+----------------------+
| message              |
+----------------------+
| created temp table a |
+----------------------+
1 row in set (0.01 sec)

Query OK, 5843 rows affected (3.08 sec)
Records: 5843  Duplicates: 0  Warnings: 0

+----------------------+
| message              |
+----------------------+
| created temp table b |
+----------------------+
1 row in set (0.01 sec)

Query OK, 0 rows affected, 1 warning (0.00 sec)

Query OK, 6170 rows affected (12.57 sec)
Records: 6170  Duplicates: 0  Warnings: 0

+--------------------------------+
| message                        |
+--------------------------------+
| created rcbill_my.tempcustmxk1 |
+--------------------------------+
1 row in set (0.01 sec)

Query OK, 0 rows affected (0.01 sec)

Query OK, 0 rows affected (0.00 sec)

Query OK, 0 rows affected, 1 warning (0.00 sec)

Query OK, 5880 rows affected (1.36 sec)
Records: 5880  Duplicates: 0  Warnings: 0

+----------------+
| message        |
+----------------+
| created temp a |
+----------------+
1 row in set (0.01 sec)

Query OK, 5843 rows affected (0.62 sec)
Records: 5843  Duplicates: 0  Warnings: 0

+----------------+
| message        |
+----------------+
| created temp b |
+----------------+
1 row in set (0.00 sec)

Query OK, 0 rows affected, 1 warning (0.00 sec)

Query OK, 5939 rows affected (8.22 sec)
Records: 5939  Duplicates: 0  Warnings: 0

+--------------------------------+
| message                        |
+--------------------------------+
| created rcbill_my.tempcustmxk2 |
+--------------------------------+
1 row in set (0.00 sec)

Query OK, 0 rows affected (0.00 sec)

Query OK, 0 rows affected (0.01 sec)

Query OK, 0 rows affected, 1 warning (0.00 sec)

Query OK, 0 rows affected (0.01 sec)

Query OK, 6897 rows affected (0.32 sec)
Records: 6897  Duplicates: 0  Warnings: 0

+---------------------------------+
| message                         |
+---------------------------------+
| created rcbill_my.customers_mxk |
+---------------------------------+
1 row in set (0.00 sec)

Query OK, 0 rows affected (0.00 sec)

Query OK, 0 rows affected (0.01 sec)

Query OK, 14042 rows affected (5.79 sec)
Records: 14042  Duplicates: 0  Warnings: 0

+----------------+
| message        |
+----------------+
| created temp a |
+----------------+
1 row in set (0.01 sec)

Query OK, 19661 rows affected (3.60 sec)
Records: 19661  Duplicates: 0  Warnings: 0

+----------------+
| message        |
+----------------+
| created temp c |
+----------------+
1 row in set (0.00 sec)

Query OK, 0 rows affected, 1 warning (0.00 sec)

Query OK, 27220 rows affected (0.30 sec)
Records: 27220  Duplicates: 0  Warnings: 0

+---------------------------------+
| message                         |
+---------------------------------+
| created rcbill_my.tempcustcmts1 |
+---------------------------------+
1 row in set (0.00 sec)

Query OK, 0 rows affected (0.01 sec)

Query OK, 0 rows affected, 1 warning (0.00 sec)

Query OK, 0 rows affected (0.01 sec)

Query OK, 14042 rows affected (5.80 sec)
Records: 14042  Duplicates: 0  Warnings: 0

+----------------+
| message        |
+----------------+
| created temp a |
+----------------+
1 row in set (0.01 sec)

Query OK, 19661 rows affected (1.33 sec)
Records: 19661  Duplicates: 0  Warnings: 0

+----------------+
| message        |
+----------------+
| created temp c |
+----------------+
1 row in set (0.01 sec)

Query OK, 0 rows affected, 1 warning (0.00 sec)

Query OK, 20467 rows affected (0.28 sec)
Records: 20467  Duplicates: 0  Warnings: 0

+---------------------------------+
| message                         |
+---------------------------------+
| created rcbill_my.tempcustcmts2 |
+---------------------------------+
1 row in set (0.00 sec)

Query OK, 0 rows affected (0.01 sec)

Query OK, 0 rows affected, 1 warning (0.01 sec)

Query OK, 0 rows affected (0.01 sec)

Query OK, 0 rows affected (0.00 sec)

Query OK, 14228 rows affected (1.00 sec)
Records: 14228  Duplicates: 0  Warnings: 0

+----------------------------------+
| message                          |
+----------------------------------+
| created rcbill_my.customers_cmts |
+----------------------------------+
1 row in set (0.00 sec)

Query OK, 0 rows affected (0.00 sec)

Query OK, 0 rows affected (0.01 sec)

Query OK, 0 rows affected (0.01 sec)

Query OK, 18015 rows affected (1.01 sec)
Records: 18015  Duplicates: 0  Warnings: 0

+--------------------------------------+
| message                              |
+--------------------------------------+
| created rcbill_my.customers_cmts_mxk |
+--------------------------------------+
1 row in set (0.00 sec)

Query OK, 470889 rows affected (1 min 12.57 sec)
Records: 470889  Duplicates: 0  Warnings: 0

+----------------+
| message        |
+----------------+
| created temp a |
+----------------+
1 row in set (0.00 sec)

Query OK, 0 rows affected (0.01 sec)

Query OK, 471602 rows affected (14.10 sec)
Records: 471602  Duplicates: 0  Warnings: 0

+------------------------------------------------+
| message                                        |
+------------------------------------------------+
| created rcbill_my.customers_contracts_cmts_mxk |
+------------------------------------------------+
1 row in set (0.00 sec)

Query OK, 0 rows affected (0.01 sec)

Query OK, 0 rows affected, 1 warning (0.00 sec)

Query OK, 0 rows affected, 1 warning (0.00 sec)

Query OK, 0 rows affected (0.00 sec)

Query OK, 7977 rows affected (3.25 sec)
Rows matched: 7977  Changed: 7977  Warnings: 0

+------------------------------------------------+
| message                                        |
+------------------------------------------------+
| updated rcbill_my.customers_contracts_cmts_mxk |
+------------------------------------------------+
1 row in set (0.01 sec)

Query OK, 0 rows affected (0.15 sec)

Query OK, 1851799 rows affected (4 min 44.58 sec)
Records: 1851799  Duplicates: 0  Warnings: 0

+----------------------------------------+
| message                                |
+----------------------------------------+
| created rcbill_my.customers_collection |
+----------------------------------------+
1 row in set (0.01 sec)

Query OK, 0 rows affected (0.07 sec)

Query OK, 2136145 rows affected (2 min 1.38 sec)
Records: 2136145  Duplicates: 0  Warnings: 0

+------------------------------------------------+
| message                                        |
+------------------------------------------------+
| created rcbill_my.customers_cmts_mxk_cont_coll |
+------------------------------------------------+
1 row in set (0.00 sec)

Query OK, 0 rows affected (0.04 sec)

Query OK, 431193 rows affected (2 min 44.44 sec)
Records: 431193  Duplicates: 0  Warnings: 0

+--------------------------------------------------------+
| message                                                |
+--------------------------------------------------------+
| created rcbill_my.customers_contracts_collection_pivot |
+--------------------------------------------------------+
1 row in set (0.00 sec)

Query OK, 0 rows affected (0.01 sec)

Query OK, 39456 rows affected (2 min 42.12 sec)
Records: 39456  Duplicates: 0  Warnings: 0

+----------------------------------------------+
| message                                      |
+----------------------------------------------+
| created rcbill_my.customers_collection_pivot |
+----------------------------------------------+
1 row in set (0.00 sec)

Query OK, 0 rows affected (0.01 sec)

Query OK, 43383 rows affected (3.28 sec)
Records: 43383  Duplicates: 0  Warnings: 0

+--------------------------------------------+
| message                                    |
+--------------------------------------------+
| created rcbill_my.rep_customers_collection |
+--------------------------------------------+
1 row in set (0.00 sec)

Query OK, 0 rows affected (0.00 sec)

Query OK, 0 rows affected, 1 warning (0.01 sec)

Query OK, 438558 rows affected (19.90 sec)
Records: 438558  Duplicates: 0  Warnings: 0

+-------------------------+
| message                 |
+-------------------------+
| created rcbill_my.tempa |
+-------------------------+
1 row in set (0.00 sec)

Query OK, 0 rows affected, 1 warning (0.00 sec)

Query OK, 431193 rows affected (26.67 sec)
Records: 431193  Duplicates: 0  Warnings: 0

+-------------------------+
| message                 |
+-------------------------+
| created rcbill_my.tempb |
+-------------------------+
1 row in set (0.00 sec)

Query OK, 438558 rows affected (28.44 sec)
Records: 438558  Duplicates: 0  Warnings: 0

+-----------+
| message   |
+-----------+
| created a |
+-----------+
1 row in set (0.00 sec)

Query OK, 431208 rows affected (30.66 sec)
Records: 431208  Duplicates: 0  Warnings: 0

+-----------+
| message   |
+-----------+
| created b |
+-----------+
1 row in set (0.00 sec)

Query OK, 0 rows affected (0.02 sec)

Query OK, 0 rows affected (0.02 sec)

Query OK, 0 rows affected (0.02 sec)

Query OK, 474942 rows affected (57.92 sec)
Records: 474942  Duplicates: 0  Warnings: 0

+----------------------------------------------+
| message                                      |
+----------------------------------------------+
| created rcbill_my.cust_cont_payment_cmts_mxk |
+----------------------------------------------+
1 row in set (0.00 sec)

Query OK, 0 rows affected (0.01 sec)

Query OK, 0 rows affected (0.01 sec)

Query OK, 0 rows affected, 1 warning (0.00 sec)

Query OK, 0 rows affected (0.04 sec)

Query OK, 43383 rows affected (21.60 sec)
Records: 43383  Duplicates: 0  Warnings: 0

+--------------------------------------------------+
| message                                          |
+--------------------------------------------------+
| created rcbill_my.rep_cust_cont_payment_cmts_mxk |
+--------------------------------------------------+
1 row in set (0.00 sec)

Query OK, 0 rows affected, 1 warning (0.00 sec)

Query OK, 0 rows affected, 1 warning (0.00 sec)

Query OK, 0 rows affected (0.02 sec)

Query OK, 43383 rows affected, 5 warnings (10.89 sec)
Records: 43383  Duplicates: 0  Warnings: 5

+----------------------+
| rep_custconsolidated |
+----------------------+
|                43383 |
+----------------------+
1 row in set (0.98 sec)

Query OK, 0 rows affected (0.00 sec)

Query OK, 0 rows affected (0.01 sec)

+----------------------------------------------+
| message                                      |
+----------------------------------------------+
| creating rcbill_my.retentioncustomeractivity |
+----------------------------------------------+
1 row in set (0.00 sec)

Query OK, 854 rows affected (0.10 sec)
Records: 854  Duplicates: 0  Warnings: 0

+---------------------------+
| retentioncustomeractivity |
+---------------------------+
|                       854 |
+---------------------------+
1 row in set (0.00 sec)

+-----------+------------------------------------+------------+-------------+-----------------+------------------+---------------------+-------------------+
| HFC_NODE  | NODENAME                           | CMTS_DATE  | INSERTED_ON | UNIQUE_ACCOUNTS | UNIQUE_CONTRACTS | UNIQUE_MAC_INRCBOSS | UNIQUE_MAC_INCMTS |
+-----------+------------------------------------+------------+-------------+-----------------+------------------+---------------------+-------------------+
| NULL      | NULL                               | NULL       | 2020-04-19  |            6721 |             7085 |                7125 |                 0 |
| C5/0/0/U0 | ANSE-BOILEAU-2                     | 2020-01-06 | 2020-04-19  |             171 |              178 |                 171 |               171 |
| C5/0/0/U1 | 500-C3-ANSE-BOILEAU                | 2020-01-06 | 2020-04-19  |             174 |              176 |                 174 |               179 |
| C5/0/1/U0 | 501-C4-LA-MISIERE-LEFT-I           | 2020-01-06 | 2020-04-19  |             147 |              154 |                 147 |               150 |
| C5/0/1/U1 | 501-C5-LA-MISIERE-RIGHT            | 2020-01-06 | 2020-04-19  |              97 |              100 |                  97 |               100 |
| C5/0/1/U2 | 501-C7-LA-MISIERE-LEFT-II          | 2020-01-06 | 2020-04-19  |             144 |              151 |                 145 |               147 |
| C5/0/2/U0 | 502-C8-LA-LOUISE                   | 2020-01-06 | 2020-04-19  |             136 |              140 |                 136 |               143 |
| C5/0/2/U1 | LA-LOUISE-2                        | 2020-01-06 | 2020-04-19  |             129 |              129 |                 129 |               132 |
| C5/0/3/U0 | 504-C6-PETIT-PARIS                 | 2020-01-06 | 2020-04-19  |             155 |              158 |                 155 |               159 |
| C5/0/3/U1 | PETIT-PARIS-23                     | 2020-01-06 | 2020-04-19  |              73 |               76 |                  73 |                77 |
| C5/0/4/U0 | FOUR-SEASONS                       | 2020-01-06 | 2020-04-19  |               3 |                4 |                   4 |                 4 |
| C5/0/4/U1 | ANCHOR-CAFE-I                      | 2020-01-06 | 2020-04-19  |             142 |              145 |                 142 |               149 |
| C5/0/4/U2 | ANCHOR-CAFE-II                     | 2020-01-06 | 2020-04-19  |             142 |              146 |                 143 |               144 |
| C5/1/0/U0 | POINTE-LARUE-AIRPORT-23            | 2020-01-06 | 2020-04-19  |              49 |               52 |                  50 |                56 |
| C5/1/0/U1 | PPROVIDENCE-23                     | 2020-01-06 | 2020-04-19  |              21 |               24 |                  22 |                22 |
| C5/1/0/U2 | ROSHE-CAIMAN-23                    | 2020-01-06 | 2020-04-19  |               8 |                8 |                   8 |                 8 |
| C5/1/0/U3 | HEAD-OFFICE | HO-23                | 2020-01-06 | 2020-04-19  |              20 |               20 |                  20 |                20 |
| C5/1/1/U1 | C5-UNION-VALE                      | 2020-01-06 | 2020-04-19  |             184 |              189 |                 184 |               186 |
| C5/1/3/U0 | POINTE-LARUE-AIRPORT-27            | 2020-01-06 | 2020-04-19  |             168 |              173 |                 168 |               173 |
| C5/1/3/U1 | PPROVIDENCE-27                     | 2020-01-06 | 2020-04-19  |              27 |               27 |                  27 |                27 |
| C5/1/3/U2 | ROSHE-CAIMAN-27                    | 2020-01-06 | 2020-04-19  |              33 |               34 |                  32 |                32 |
| C5/1/3/U3 | HEAD-OFFICE | HO-27                | 2020-01-06 | 2020-04-19  |              17 |               18 |                  17 |                18 |
| C5/1/4/U0 | ANSE-ROYALE-27                     | 2020-01-06 | 2020-04-19  |              85 |               88 |                  85 |                87 |
| C5/1/4/U1 | GLACIS-2-57                        | 2020-01-06 | 2020-04-19  |              91 |               93 |                  91 |                95 |
| C5/1/4/U2 | NULL                               | 2020-01-06 | 2020-04-19  |              90 |               91 |                  90 |                93 |
| C5/1/4/U3 | GLACIS-1                           | 2020-01-06 | 2020-04-19  |              47 |               51 |                  47 |                48 |
| C6/0/1/U0 | SERRET-ROAD-RIGHT/CURIO/PASCAL     | 2020-01-06 | 2020-04-19  |             120 |              122 |                 120 |               122 |
| C6/0/1/U1 | SERRET-ROAD-LEFT/ST.LOUIS/TOWN     | 2020-01-06 | 2020-04-19  |             129 |              134 |                 129 |               134 |
| C6/0/1/U2 | SERRET-ROAD-RIGHT/CURIO/PASCAL-2   | 2020-01-06 | 2020-04-19  |             113 |              114 |                 113 |               113 |
| C6/0/1/U3 | SERRET-ROAD-LEFT/ST.LOUIS/TOWN-2   | 2020-01-06 | 2020-04-19  |             126 |              129 |                 126 |               128 |
| C6/0/2/U0 | SANS-SOUCIS-I                      | 2020-01-06 | 2020-04-19  |              85 |               88 |                  85 |                87 |
| C6/0/2/U1 | SANS-SOUCIS-II                     | 2020-01-06 | 2020-04-19  |             129 |              134 |                 129 |               136 |
| C6/0/2/U2 | BEL-AIR-27                         | 2020-01-06 | 2020-04-19  |              93 |               95 |                  93 |               101 |
| C6/0/2/U3 | BEL-AIR-38                         | 2020-01-06 | 2020-04-19  |              99 |              104 |                  99 |               101 |
| C6/0/3/U0 | LES-MAMELLES-23                    | 2020-01-06 | 2020-04-19  |              51 |               51 |                  51 |                51 |
| C6/0/3/U1 | VICTORIA-23                        | 2020-01-06 | 2020-04-19  |              12 |               12 |                  12 |                13 |
| C6/0/4/U0 | LES-MAMELLES-27                    | 2020-01-06 | 2020-04-19  |              85 |               85 |                  85 |                87 |
| C6/0/4/U1 | VICTORIA-27                        | 2020-01-06 | 2020-04-19  |              34 |               36 |                  35 |                37 |
| C7/1/0/U0 | LA-RETRAITE-23                     | 2020-01-06 | 2020-04-19  |             109 |              112 |                 110 |               114 |
| C7/1/0/U1 | TEA-FACTORY-23                     | 2020-01-06 | 2020-04-19  |              25 |               31 |                  27 |                28 |
| C7/1/0/U2 | PAS-23                             | 2020-01-06 | 2020-04-19  |             125 |              128 |                 126 |               128 |
| C7/1/1/U0 | REEF-ESTATE-23                     | 2020-01-06 | 2020-04-19  |              74 |               76 |                  74 |                78 |
| C7/1/1/U1 | BEL-OMBRE-NEW-23                   | 2020-01-06 | 2020-04-19  |               1 |                1 |                   1 |                 2 |
| C7/1/2/U0 | LA-RETRAITE-27                     | 2020-01-06 | 2020-04-19  |              80 |               84 |                  80 |                81 |
| C7/1/2/U1 | TEA-FACTORY-27                     | 2020-01-06 | 2020-04-19  |              22 |               26 |                  23 |                24 |
| C7/1/2/U2 | PAS-27                             | 2020-01-06 | 2020-04-19  |              72 |               75 |                  72 |                74 |
| C7/1/3/U0 | MT-BUXTON-27                       | 2020-01-06 | 2020-04-19  |             148 |              150 |                 148 |               156 |
| C7/1/3/U1 | MT-BUXTON-23                       | 2020-01-06 | 2020-04-19  |              70 |               71 |                  70 |                71 |
| C7/1/4/U0 | REEF-ESTATE-27                     | 2020-01-06 | 2020-04-19  |              78 |               78 |                  78 |                79 |
| C7/1/4/U1 | BEL-OMBRE-NEW-27                   | 2020-01-06 | 2020-04-19  |               4 |                4 |                   4 |                 4 |
| C8/0/0/U0 | POLICE-ACADEMY-1-27 - POINTE LARUE | 2020-01-06 | 2020-04-19  |             180 |              180 |                 180 |               182 |
| C8/0/0/U1 | NULL                               | 2020-01-06 | 2020-04-19  |             111 |              116 |                 112 |               116 |
| C8/0/1/U0 | NULL                               | 2020-01-06 | 2020-04-19  |             181 |              184 |                 180 |               182 |
| C8/0/1/U1 | POLICE-ACADEMY-2-27 - TURTLE BAY   | 2020-01-06 | 2020-04-19  |             139 |              141 |                 140 |               145 |
| C8/0/2/U0 | BEAU-VALLON-LEFT-1-57              | 2020-01-06 | 2020-04-19  |              58 |               60 |                  59 |                62 |
| C8/0/3/U1 | BEAU-VALLON-RIGHT-2-57             | 2020-01-06 | 2020-04-19  |             143 |              150 |                 143 |               150 |
| C8/1/0/U0 | MA-JOIE-NODE-27                    | 2020-01-06 | 2020-04-19  |             109 |              113 |                 108 |               110 |
| C8/1/0/U1 | BELONIE-27                         | 2020-01-06 | 2020-04-19  |             145 |              148 |                 144 |               150 |
| C8/1/0/U3 | MA-JOIE-NODE-23                    | 2020-01-06 | 2020-04-19  |             106 |              106 |                 106 |               107 |
| C8/1/1/U0 | 611-C1-ROJN I                      | 2020-01-06 | 2020-04-19  |             114 |              115 |                 114 |               115 |
| C8/1/1/U1 | 611-C5-ROJN II                     | 2020-01-06 | 2020-04-19  |             119 |              120 |                 119 |               124 |
| C8/1/2/U0 | 612-C2-ANSE-ETOILE                 | 2020-01-06 | 2020-04-19  |             158 |              162 |                 158 |               161 |
| C8/1/2/U1 | ANSE-ETOILE-U2                     | 2020-01-06 | 2020-04-19  |              67 |               68 |                  67 |                69 |
| C8/1/3/U0 | 613-C3-ANSE-GAULETTE I             | 2020-01-06 | 2020-04-19  |              62 |               69 |                  62 |                66 |
| C8/1/3/U1 | 613-C7-ANSE-GAULETTE II            | 2020-01-06 | 2020-04-19  |              72 |               75 |                  72 |                72 |
| C8/1/3/U2 | 613-C3-ANSE-GAULETTE III           | 2020-01-06 | 2020-04-19  |              31 |               32 |                  31 |                31 |
| C8/1/3/U3 | TAKAMAKA I                         | 2020-01-06 | 2020-04-19  |             103 |              106 |                 103 |               105 |
| C8/1/3/U4 | TAKAMAKA II                        | 2020-01-06 | 2020-04-19  |              96 |               97 |                  96 |                96 |
| C8/1/4/U0 | 614-BEOLIERE-NODE-1                | 2020-01-06 | 2020-04-19  |             105 |              107 |                 105 |               112 |
| C8/1/4/U1 | 614-BEOLIERE-NODE-2                | 2020-01-06 | 2020-04-19  |              94 |               96 |                  94 |               102 |
+-----------+------------------------------------+------------+-------------+-----------------+------------------+---------------------+-------------------+
70 rows in set (0.23 sec)

+------------------+------------+-------------+-----------------+------------------+----------------------+-------------------+
| MXK_NAME         | MXK_DATE   | INSERTED_ON | UNIQUE_ACCOUNTS | UNIQUE_CONTRACTS | UNIQUE_FSAN_INRCBOSS | UNIQUE_FSAN_INMXK |
+------------------+------------+-------------+-----------------+------------------+----------------------+-------------------+
| NULL             | NULL       | 2020-04-19  |             940 |              954 |                  942 |                 0 |
| MXK-ANSEETOILE   | 2020-01-06 | 2020-04-19  |             212 |              215 |                  215 |               228 |
| MXK-ANSEROYALE   | 2020-01-06 | 2020-04-19  |             146 |              146 |                  146 |               166 |
| MXK-BEAUVALLON   | 2020-01-06 | 2020-04-19  |            1439 |             1459 |                 1450 |              1537 |
| MXK-MAHE         | 2020-01-06 | 2020-04-19  |             926 |              953 |                  883 |              1124 |
| MXK-PERSEVERANCE | 2020-01-06 | 2020-04-19  |            1000 |             1007 |                 1006 |              1159 |
| MXK-PRASLIN      | 2020-01-06 | 2020-04-19  |            1212 |             1215 |                 1208 |              1357 |
+------------------+------------+-------------+-----------------+------------------+----------------------+-------------------+
7 rows in set (0.07 sec)

mysql> mysql \. C:\workspace\cloud\code\sql\_DailyScript\currenttime.sql
+---------------------+
| currenttime         |
+---------------------+
| 2020-04-19 16:39:47 |
+---------------------+
1 row in set (0.01 sec)

mysql> 
mysql> 
mysql> mysql \. C:\workspace\cloud\code\sql\Analysis\service_tickets_assignments.sql
Query OK, 0 rows affected (0.01 sec)

Query OK, 35635 rows affected (8.47 sec)
Records: 35635  Duplicates: 0  Warnings: 0

+-------------------------+
| rep_servicetickets_2020 |
+-------------------------+
|                   35635 |
+-------------------------+
1 row in set (0.04 sec)

mysql> mysql \. C:\workspace\cloud\code\sql\_DailyScript\currenttime.sql
+---------------------+
| currenttime         |
+---------------------+
| 2020-04-19 16:39:55 |
+---------------------+
1 row in set (0.00 sec)

mysql> 
mysql> 
mysql> exit
