    -> 
    -> mysql \. C:\workspace\cloud\code\sql\_DailyScript\_setdates.sql
Query OK, 0 rows affected (0.00 sec)

Query OK, 0 rows affected (1.51 sec)

Database changed
Query OK, 0 rows affected (0.00 sec)

Query OK, 0 rows affected (0.00 sec)

Query OK, 0 rows affected (0.00 sec)

Query OK, 0 rows affected (0.00 sec)

Query OK, 0 rows affected (0.00 sec)

Query OK, 0 rows affected (0.00 sec)

Query OK, 0 rows affected (0.00 sec)

Query OK, 0 rows affected (0.00 sec)

Query OK, 0 rows affected (0.00 sec)

Query OK, 0 rows affected (0.00 sec)

Query OK, 0 rows affected (0.00 sec)

Query OK, 0 rows affected (0.00 sec)

Query OK, 0 rows affected (0.00 sec)

Query OK, 0 rows affected (0.00 sec)

Query OK, 0 rows affected (0.00 sec)

Query OK, 0 rows affected (0.00 sec)

Query OK, 0 rows affected (0.00 sec)

Query OK, 0 rows affected (0.00 sec)

Query OK, 0 rows affected (0.00 sec)

Query OK, 0 rows affected (0.00 sec)

Query OK, 0 rows affected (0.00 sec)

Query OK, 0 rows affected (0.00 sec)

mysql> mysql \. C:\workspace\cloud\code\sql\_DailyScript\currenttime.sql
+---------------------+
| currenttime         |
+---------------------+
| 2021-10-04 15:43:00 |
+---------------------+
1 row in set (0.00 sec)

mysql> 
mysql> mysql \. C:\workspace\cloud\code\sql\_DailyScript\load_RCB_VODTITLES.sql
Database changed
Query OK, 0 rows affected (0.00 sec)

Query OK, 15982 rows affected (0.17 sec)

Query OK, 15984 rows affected, 15984 warnings (0.35 sec)
Records: 15984  Deleted: 0  Skipped: 0  Warnings: 15984

Query OK, 0 rows affected (0.00 sec)

Query OK, 2 rows affected (0.01 sec)

+-----------+
| VODTITLES |
+-----------+
|     16442 |
+-----------+
1 row in set (0.01 sec)

+-----------+-----------+
| titletype | typecount |
+-----------+-----------+
| E         |     13575 |
| N         |       245 |
| T         |      2162 |
| NULL      |     15982 |
+-----------+-----------+
4 rows in set (0.04 sec)

mysql> mysql \. C:\workspace\cloud\code\sql\_DailyScript\currenttime.sql
+---------------------+
| currenttime         |
+---------------------+
| 2021-10-04 15:43:00 |
+---------------------+
1 row in set (0.00 sec)

mysql> 
mysql> 
mysql> 
mysql> 
mysql> 
mysql> 
mysql> 
mysql> 
mysql> 
mysql> 
mysql> 
mysql> 
mysql> 
mysql> 
mysql> 
mysql> 
mysql> 
mysql> 
mysql> 
mysql> 
mysql> 
mysql> 
mysql> 
mysql> 
mysql> 
mysql> 
mysql> 
mysql> 
mysql> 
mysql> 
mysql> 
mysql> 
mysql> 
mysql> 
mysql> mysql \. C:\workspace\cloud\code\sql\_DailyScript\ticket_analysis.sql
Database changed
Query OK, 0 rows affected (0.01 sec)

Query OK, 880225 rows affected (27.42 sec)
Records: 880225  Duplicates: 0  Warnings: 0

Query OK, 0 rows affected (3.30 sec)
Records: 0  Duplicates: 0  Warnings: 0

Query OK, 0 rows affected (1.66 sec)
Records: 0  Duplicates: 0  Warnings: 0

Query OK, 0 rows affected (1.60 sec)
Records: 0  Duplicates: 0  Warnings: 0

Query OK, 0 rows affected (0.01 sec)

Query OK, 27550 rows affected (13.57 sec)
Records: 27550  Duplicates: 0  Warnings: 0

Query OK, 0 rows affected, 1 warning (0.00 sec)

Query OK, 128715 rows affected (8.03 sec)
Records: 128715  Duplicates: 0  Warnings: 0

Query OK, 0 rows affected, 1 warning (0.00 sec)

Query OK, 650079 rows affected (17.00 sec)
Records: 650079  Duplicates: 0  Warnings: 0

Query OK, 0 rows affected, 1 warning (0.00 sec)

Query OK, 650079 rows affected (17.37 sec)
Records: 650079  Duplicates: 0  Warnings: 0

Query OK, 0 rows affected (0.02 sec)

Query OK, 128842 rows affected (5.41 sec)
Records: 128842  Duplicates: 0  Warnings: 0

Database changed
Query OK, 0 rows affected (0.00 sec)

Query OK, 0 rows affected (0.01 sec)

Query OK, 880225 rows affected (28.64 sec)
Records: 880225  Duplicates: 0  Warnings: 0

Query OK, 0 rows affected (0.02 sec)

Query OK, 455768 rows affected (18.42 sec)
Records: 455768  Duplicates: 0  Warnings: 0

+--------------------------+
| clientticket_cmmtjourney |
+--------------------------+
|                   880225 |
+--------------------------+
1 row in set (1.59 sec)

+---------------------------+
| clientticket_assgnjourney |
+---------------------------+
|                    455768 |
+---------------------------+
1 row in set (3.45 sec)

Query OK, 0 rows affected (0.01 sec)

Query OK, 84 rows affected (0.10 sec)
Records: 84  Duplicates: 0  Warnings: 0

mysql> mysql \. C:\workspace\cloud\code\sql\_DailyScript\currenttime.sql
+---------------------+
| currenttime         |
+---------------------+
| 2021-10-04 15:45:28 |
+---------------------+
1 row in set (0.00 sec)

mysql> 
mysql> mysql \. C:\workspace\cloud\code\sql\_DailyScript\load_DailyCalls.sql
Database changed
Query OK, 520 rows affected (0.16 sec)
Records: 520  Deleted: 0  Skipped: 0  Warnings: 0

Query OK, 0 rows affected, 1 warning (0.00 sec)

Query OK, 519 rows affected (0.02 sec)
Records: 519  Duplicates: 0  Warnings: 0

Query OK, 0 rows affected, 1 warning (0.00 sec)

Query OK, 70511 rows affected (0.32 sec)
Records: 70511  Duplicates: 0  Warnings: 0

+----------------------+
| callingclientsbefore |
+----------------------+
|              1273423 |
+----------------------+
1 row in set (0.46 sec)

Query OK, 694 rows affected (10.87 sec)
Records: 694  Duplicates: 0  Warnings: 0

+---------------------+
| callingclientsafter |
+---------------------+
|             1274117 |
+---------------------+
1 row in set (0.33 sec)

Query OK, 0 rows affected (0.01 sec)

Query OK, 355 rows affected (3.82 sec)
Records: 355  Duplicates: 0  Warnings: 0

Query OK, 0 rows affected (0.00 sec)

Query OK, 24798 rows affected (3.92 sec)
Records: 24798  Duplicates: 0  Warnings: 0

+-----------+
| callstats |
+-----------+
|     24798 |
+-----------+
1 row in set (0.01 sec)

Query OK, 0 rows affected, 1 warning (0.00 sec)

Query OK, 694 rows affected (2.51 sec)
Records: 694  Duplicates: 0  Warnings: 0

+------------------------+
| rep_cccallreportbefore |
+------------------------+
|                1275074 |
+------------------------+
1 row in set (0.33 sec)

Query OK, 694 rows affected (0.16 sec)
Records: 694  Duplicates: 0  Warnings: 0

+-----------------------+
| rep_cccallreportafter |
+-----------------------+
|               1275768 |
+-----------------------+
1 row in set (0.33 sec)

Query OK, 0 rows affected (0.00 sec)

mysql> mysql \. C:\workspace\cloud\code\sql\_DailyScript\currenttime.sql
+---------------------+
| currenttime         |
+---------------------+
| 2021-10-04 15:45:51 |
+---------------------+
1 row in set (0.00 sec)

mysql> 
mysql> mysql \. C:\workspace\cloud\code\sql\_DailyScript\DAILY-SCRIPT-USAGE.sql
Database changed
Query OK, 0 rows affected (0.00 sec)

Query OK, 4367 rows affected, 12705 warnings (0.64 sec)
Records: 4367  Deleted: 0  Skipped: 0  Warnings: 12705

Query OK, 0 rows affected (0.00 sec)

Query OK, 7598 rows affected, 22032 warnings (0.81 sec)
Records: 7598  Deleted: 0  Skipped: 0  Warnings: 22032

Query OK, 0 rows affected (0.00 sec)

Query OK, 311 rows affected, 1115 warnings (0.04 sec)
Records: 311  Deleted: 0  Skipped: 0  Warnings: 1115

Query OK, 0 rows affected (0.00 sec)

Query OK, 131 rows affected, 454 warnings (0.02 sec)
Records: 131  Deleted: 0  Skipped: 0  Warnings: 454

+------------+
| dailyusage |
+------------+
|   18974617 |
+------------+
1 row in set (6.51 sec)

+------------+------------+------------+---------+
| datestart  | dateend    | insertedon | records |
+------------+------------+------------+---------+
| 2021-09-19 | 2021-09-19 | 2021-10-04 |   12407 |
| 2021-09-18 | 2021-09-18 | 2021-10-04 |   12683 |
| 2021-09-17 | 2021-09-17 | 2021-10-04 |   12648 |
| 2021-09-16 | 2021-09-16 | 2021-10-04 |   12606 |
| 2021-09-15 | 2021-09-15 | 2021-09-16 |   11980 |
+------------+------------+------------+---------+
5 rows in set (17.71 sec)

+----------+------------+------------+------------+---------+
| category | datestart  | dateend    | insertedon | records |
+----------+------------+------------+------------+---------+
| UNCAPPED | 2021-09-19 | 2021-09-19 | 2021-10-04 |    7598 |
| PREPAID  | 2021-09-19 | 2021-09-19 | 2021-10-04 |     311 |
| HOTSPOT  | 2021-09-19 | 2021-09-19 | 2021-10-04 |     131 |
| CAPPED   | 2021-09-19 | 2021-09-19 | 2021-10-04 |    4367 |
| UNCAPPED | 2021-09-18 | 2021-09-18 | 2021-10-04 |    7748 |
| PREPAID  | 2021-09-18 | 2021-09-18 | 2021-10-04 |     279 |
| HOTSPOT  | 2021-09-18 | 2021-09-18 | 2021-10-04 |     146 |
| CAPPED   | 2021-09-18 | 2021-09-18 | 2021-10-04 |    4510 |
| UNCAPPED | 2021-09-17 | 2021-09-17 | 2021-10-04 |    7784 |
| PREPAID  | 2021-09-17 | 2021-09-17 | 2021-10-04 |     267 |
| HOTSPOT  | 2021-09-17 | 2021-09-17 | 2021-10-04 |     196 |
| CAPPED   | 2021-09-17 | 2021-09-17 | 2021-10-04 |    4401 |
| UNCAPPED | 2021-09-16 | 2021-09-16 | 2021-10-04 |    7752 |
| PREPAID  | 2021-09-16 | 2021-09-16 | 2021-10-04 |     293 |
| HOTSPOT  | 2021-09-16 | 2021-09-16 | 2021-10-04 |     169 |
| CAPPED   | 2021-09-16 | 2021-09-16 | 2021-10-04 |    4392 |
| UNCAPPED | 2021-09-15 | 2021-09-15 | 2021-09-16 |    7265 |
| PREPAID  | 2021-09-15 | 2021-09-15 | 2021-09-16 |     281 |
| HOTSPOT  | 2021-09-15 | 2021-09-15 | 2021-09-16 |     195 |
| CAPPED   | 2021-09-15 | 2021-09-15 | 2021-09-16 |    4239 |
+----------+------------+------------+------------+---------+
20 rows in set (25.83 sec)

mysql> mysql \. C:\workspace\cloud\code\sql\_DailyScript\currenttime.sql
+---------------------+
| currenttime         |
+---------------------+
| 2021-10-04 15:46:43 |
+---------------------+
1 row in set (0.00 sec)

mysql> 
mysql> mysql \. C:\workspace\cloud\code\sql\_DailyScript\DAILY-SCRIPT-SALES-TELEMETRY.sql
Database changed
Query OK, 22 rows affected, 10 warnings (0.02 sec)
Records: 22  Deleted: 0  Skipped: 0  Warnings: 10

+------------+
| dailysales |
+------------+
|     247129 |
+------------+
1 row in set (0.20 sec)

Query OK, 0 rows affected (0.01 sec)

Query OK, 247129 rows affected (15.75 sec)
Records: 247129  Duplicates: 0  Warnings: 0

+--------+
| sales  |
+--------+
| 247129 |
+--------+
1 row in set (0.10 sec)

Query OK, 0 rows affected (0.01 sec)

Query OK, 4107 rows affected (0.39 sec)
Records: 4107  Duplicates: 0  Warnings: 0

+----------------+
| rep_dailysales |
+----------------+
|           4107 |
+----------------+
1 row in set (0.00 sec)

Query OK, 0 rows affected (0.01 sec)

Query OK, 4107 rows affected (0.63 sec)
Records: 4107  Duplicates: 0  Warnings: 0

+-------------------+
| rep_dailysalesreg |
+-------------------+
|              4107 |
+-------------------+
1 row in set (0.00 sec)

Query OK, 0 rows affected (0.01 sec)

Query OK, 2982 rows affected (0.75 sec)
Records: 2982  Duplicates: 0  Warnings: 0

+-----------+
| saleslist |
+-----------+
|      2982 |
+-----------+
1 row in set (0.00 sec)

Database changed
ERROR 2 (HY000): File 'C:\ProgramData\MySQL\MySQL Server 5.7\Uploads\_csv\PrepaidCardSales-19092021-P1.csv' not found (Errcode: 2 - No such file or directory)
+------------------+
| dailysinglesales |
+------------------+
|             6596 |
+------------------+
1 row in set (0.01 sec)

Database changed
Query OK, 15 rows affected (0.01 sec)
Records: 15  Deleted: 0  Skipped: 0  Warnings: 0

+-----------------+
| dailyaddonsales |
+-----------------+
|           25134 |
+-----------------+
1 row in set (0.02 sec)

Query OK, 229 rows affected (0.06 sec)
Records: 229  Deleted: 0  Skipped: 0  Warnings: 0

+----------------+
| onlinepayments |
+----------------+
|         223360 |
+----------------+
1 row in set (0.10 sec)

+-------------+----------------+---------------------+
| paymentdate | onlinepayments | onlinepaymentamount |
+-------------+----------------+---------------------+
| 2021-09-19  |            229 |        126054.42000 |
| 2021-09-18  |            237 |        147940.12000 |
| 2021-09-17  |            202 |        126395.10000 |
| 2021-09-16  |            190 |        103228.91000 |
| 2021-09-15  |            153 |        105091.90000 |
+-------------+----------------+---------------------+
5 rows in set (0.62 sec)

+-------------+--------------+----------------+---------------------+
| paymentyear | paymentmonth | onlinepayments | onlinepaymentamount |
+-------------+--------------+----------------+---------------------+
|        2021 |            9 |           4653 |       2926695.93000 |
|        2021 |            8 |           8864 |       5714008.87000 |
|        2021 |            7 |           8972 |       5795292.15000 |
|        2021 |            6 |           8773 |       5686976.03000 |
|        2021 |            5 |           9358 |       5959322.66000 |
+-------------+--------------+----------------+---------------------+
5 rows in set (0.20 sec)

mysql> mysql \. C:\workspace\cloud\code\sql\_DailyScript\currenttime.sql
+---------------------+
| currenttime         |
+---------------------+
| 2021-10-04 15:47:02 |
+---------------------+
1 row in set (0.00 sec)

mysql> 
mysql> mysql \. C:\workspace\cloud\code\sql\_DailyScript\DAILY-SCRIPT-ACTIVENUMBERS.sql
Database changed
Query OK, 1101 rows affected (0.43 sec)
Records: 1101  Deleted: 0  Skipped: 0  Warnings: 0

+------------+----------+
| period     | count(1) |
+------------+----------+
| 2021-09-19 |     1101 |
| 2021-09-18 |     1102 |
| 2021-09-17 |     1102 |
| 2021-09-16 |     1101 |
| 2021-09-15 |     1102 |
+------------+----------+
5 rows in set (0.01 sec)

Query OK, 0 rows affected (0.00 sec)

Query OK, 75 rows affected (1.30 sec)
Records: 75  Duplicates: 0  Warnings: 0

+-------------+
| packagelist |
+-------------+
|          75 |
+-------------+
1 row in set (0.00 sec)

Database changed
Query OK, 0 rows affected (0.00 sec)

Query OK, 0 rows affected (0.00 sec)

Query OK, 0 rows affected (0.00 sec)

Query OK, 0 rows affected (0.00 sec)

Query OK, 28692 rows affected, 1101 warnings (11.56 sec)
Records: 28692  Deleted: 0  Skipped: 0  Warnings: 1101

+------------+----------+
| period     | count(1) |
+------------+----------+
| 2021-09-19 |    28692 |
| 2021-09-18 |    28789 |
| 2021-09-17 |    28798 |
| 2021-09-16 |    28885 |
| 2021-09-15 |    28830 |
+------------+----------+
5 rows in set (0.11 sec)

Query OK, 0 rows affected (0.01 sec)

Query OK, 28130 rows affected (49.79 sec)
Records: 28130  Duplicates: 0  Warnings: 0

Query OK, 0 rows affected (0.25 sec)
Records: 0  Duplicates: 0  Warnings: 0

Query OK, 0 rows affected (0.11 sec)
Records: 0  Duplicates: 0  Warnings: 0

Query OK, 0 rows affected (0.10 sec)
Records: 0  Duplicates: 0  Warnings: 0

Query OK, 0 rows affected (0.08 sec)
Records: 0  Duplicates: 0  Warnings: 0

Query OK, 0 rows affected (0.07 sec)
Records: 0  Duplicates: 0  Warnings: 0

Query OK, 0 rows affected (0.08 sec)
Records: 0  Duplicates: 0  Warnings: 0

+-------------+
| countbefore |
+-------------+
|    49440164 |
+-------------+
1 row in set (13.20 sec)

Query OK, 28130 rows affected (1.73 sec)
Records: 28130  Duplicates: 0  Warnings: 0

+------------+
| countafter |
+------------+
|   49468294 |
+------------+
1 row in set (15.22 sec)

+------------+--------------------------+
| period     | customercontractactivity |
+------------+--------------------------+
| 2021-09-19 |                    28130 |
| 2021-09-18 |                    28227 |
| 2021-09-17 |                    28236 |
| 2021-09-16 |                    28323 |
| 2021-09-15 |                    28268 |
+------------+--------------------------+
5 rows in set (0.06 sec)

Query OK, 0 rows affected (0.01 sec)

Query OK, 317224 rows affected, 4 warnings (8 min 51.02 sec)
Records: 317224  Duplicates: 0  Warnings: 4

Query OK, 0 rows affected (0.96 sec)
Records: 0  Duplicates: 0  Warnings: 0

Query OK, 0 rows affected (1.19 sec)
Records: 0  Duplicates: 0  Warnings: 0

Query OK, 0 rows affected (1.14 sec)
Records: 0  Duplicates: 0  Warnings: 0

Query OK, 0 rows affected (0.02 sec)

Query OK, 230 rows affected (0.42 sec)
Records: 230  Duplicates: 0  Warnings: 0

Query OK, 0 rows affected (0.00 sec)

Query OK, 2550 rows affected (0.57 sec)
Records: 2550  Duplicates: 0  Warnings: 0

Query OK, 0 rows affected (0.01 sec)

Query OK, 28107 rows affected (0.54 sec)
Records: 28107  Duplicates: 0  Warnings: 0

Query OK, 0 rows affected (0.00 sec)

Query OK, 17090 rows affected (0.37 sec)
Records: 17090  Duplicates: 0  Warnings: 0

Query OK, 0 rows affected (0.01 sec)

Query OK, 17090 rows affected (0.13 sec)
Records: 17090  Duplicates: 0  Warnings: 0

Query OK, 0 rows affected (0.01 sec)

Query OK, 17090 rows affected (1.08 sec)
Records: 17090  Duplicates: 0  Warnings: 0

Query OK, 0 rows affected (0.01 sec)

Query OK, 17090 rows affected (42.59 sec)
Records: 17090  Duplicates: 0  Warnings: 0

+-------------+
| clientstats |
+-------------+
|       17090 |
+-------------+
1 row in set (0.01 sec)

Query OK, 0 rows affected (0.02 sec)

Query OK, 14 rows affected, 1 warning (0.10 sec)
Records: 14  Duplicates: 0  Warnings: 1

+-----------------------+-------------+-------------+----------------+-----------------+
| services              | activecount | allaccounts | uniqueaccounts | uniquecontracts |
+-----------------------+-------------+-------------+----------------+-----------------+
| All                   |         460 |          73 |             73 |             238 |
| Internet & OTT        |           4 |           2 |              2 |               2 |
| Internet & Voice      |         307 |         134 |            134 |             263 |
| Internet Only         |        4436 |        4339 |           4334 |            4377 |
| OTT Only              |           1 |           1 |              1 |               1 |
| TV & Internet         |        9612 |        4300 |           4291 |            8755 |
| TV & Internet & OTT   |        4306 |        1122 |           1121 |            2333 |
| TV & Internet & Voice |         534 |         153 |            153 |             470 |
| TV & OTT              |         317 |          76 |             74 |              85 |
| TV & Voice            |          74 |          33 |             33 |              68 |
| TV & Voice & OTT      |           6 |           2 |              2 |               4 |
| TV Only               |        8541 |        6739 |           6735 |            6945 |
| Voice Only            |         118 |         116 |            116 |             118 |
| GRAND TOTAL           |       28716 |       17090 |          17010 |           23659 |
+-----------------------+-------------+-------------+----------------+-----------------+
14 rows in set (0.01 sec)

+-------------+-------------+-------------+----------------+-----------------+
| network     | activecount | allaccounts | uniqueaccounts | uniquecontracts |
+-------------+-------------+-------------+----------------+-----------------+
| GPON        |       12611 |        6324 |           6321 |            9954 |
| HFC         |       16105 |       10766 |          10766 |           13705 |
| GRAND TOTAL |       28716 |       17090 |          17010 |           23659 |
+-------------+-------------+-------------+----------------+-----------------+
3 rows in set, 1 warning (0.13 sec)

+-------------+-----------------------+-------------+-------------+----------------+-----------------+
| network     | services              | activecount | allaccounts | uniqueaccounts | uniquecontracts |
+-------------+-----------------------+-------------+-------------+----------------+-----------------+
| GPON        | All                   |         321 |          56 |             56 |             180 |
| GPON        | Internet & Voice      |          87 |          36 |             36 |              76 |
| GPON        | Internet Only         |        1633 |        1550 |           1550 |            1575 |
| GPON        | TV & Internet         |        4955 |        2171 |           2171 |            4448 |
| GPON        | TV & Internet & OTT   |        3147 |         819 |            819 |            1711 |
| GPON        | TV & Internet & Voice |         275 |          75 |             75 |             233 |
| GPON        | TV & OTT              |         139 |          46 |             46 |              47 |
| GPON        | TV & Voice            |          45 |          20 |             20 |              42 |
| GPON        | TV & Voice & OTT      |           6 |           2 |              2 |               4 |
| GPON        | TV Only               |        1989 |        1536 |           1536 |            1624 |
| GPON        | Voice Only            |          14 |          13 |             13 |              14 |
| GPON        | Services Total        |       12611 |        6324 |           6321 |            9954 |
| HFC         | All                   |         139 |          17 |             17 |              58 |
| HFC         | Internet & OTT        |           4 |           2 |              2 |               2 |
| HFC         | Internet & Voice      |         220 |          98 |             98 |             187 |
| HFC         | Internet Only         |        2803 |        2789 |           2789 |            2802 |
| HFC         | OTT Only              |           1 |           1 |              1 |               1 |
| HFC         | TV & Internet         |        4657 |        2129 |           2129 |            4307 |
| HFC         | TV & Internet & OTT   |        1159 |         303 |            303 |             622 |
| HFC         | TV & Internet & Voice |         259 |          78 |             78 |             237 |
| HFC         | TV & OTT              |         178 |          30 |             30 |              38 |
| HFC         | TV & Voice            |          29 |          13 |             13 |              26 |
| HFC         | TV Only               |        6552 |        5203 |           5203 |            5321 |
| HFC         | Voice Only            |         104 |         103 |            103 |             104 |
| HFC         | Services Total        |       16105 |       10766 |          10766 |           13705 |
| GRAND TOTAL | Services Total        |       28716 |       17090 |          17010 |           23659 |
+-------------+-----------------------+-------------+-------------+----------------+-----------------+
26 rows in set, 2 warnings (0.12 sec)

Query OK, 0 rows affected (0.00 sec)

Query OK, 41 rows affected, 3 warnings (0.17 sec)
Records: 41  Duplicates: 0  Warnings: 3

+-------------+---------------+-----------------------+-------------+-------------+----------------+-----------------+
| region      | network       | services              | activecount | allaccounts | uniqueaccounts | uniquecontracts |
+-------------+---------------+-----------------------+-------------+-------------+----------------+-----------------+
| Mahe        | GPON          | All                   |         275 |          48 |             48 |             154 |
| Mahe        | GPON          | Internet & Voice      |          75 |          30 |             30 |              64 |
| Mahe        | GPON          | Internet Only         |        1393 |        1311 |           1311 |            1335 |
| Mahe        | GPON          | TV & Internet         |        4184 |        1828 |           1828 |            3740 |
| Mahe        | GPON          | TV & Internet & OTT   |        2581 |         658 |            658 |            1379 |
| Mahe        | GPON          | TV & Internet & Voice |         269 |          73 |             73 |             227 |
| Mahe        | GPON          | TV & OTT              |         128 |          41 |             41 |              42 |
| Mahe        | GPON          | TV & Voice            |          42 |          19 |             19 |              39 |
| Mahe        | GPON          | TV & Voice & OTT      |           6 |           2 |              2 |               4 |
| Mahe        | GPON          | TV Only               |        1655 |        1273 |           1273 |            1350 |
| Mahe        | GPON          | Voice Only            |          12 |          11 |             11 |              12 |
| Mahe        | GPON          | Services Total        |       10620 |        5294 |           5294 |            8346 |
| Mahe        | HFC           | All                   |         139 |          17 |             17 |              58 |
| Mahe        | HFC           | Internet & OTT        |           4 |           2 |              2 |               2 |
| Mahe        | HFC           | Internet & Voice      |         220 |          98 |             98 |             187 |
| Mahe        | HFC           | Internet Only         |        2803 |        2789 |           2789 |            2802 |
| Mahe        | HFC           | OTT Only              |           1 |           1 |              1 |               1 |
| Mahe        | HFC           | TV & Internet         |        4657 |        2129 |           2129 |            4307 |
| Mahe        | HFC           | TV & Internet & OTT   |        1159 |         303 |            303 |             622 |
| Mahe        | HFC           | TV & Internet & Voice |         259 |          78 |             78 |             237 |
| Mahe        | HFC           | TV & OTT              |         178 |          30 |             30 |              38 |
| Mahe        | HFC           | TV & Voice            |          29 |          13 |             13 |              26 |
| Mahe        | HFC           | TV Only               |        6551 |        5202 |           5202 |            5320 |
| Mahe        | HFC           | Voice Only            |         104 |         103 |            103 |             104 |
| Mahe        | HFC           | Services Total        |       16104 |       10765 |          10765 |           13704 |
| Mahe        | Network Total | Services Total        |       26724 |       16059 |          15982 |           22050 |
| Praslin     | GPON          | All                   |          46 |           8 |              8 |              26 |
| Praslin     | GPON          | Internet & Voice      |          12 |           6 |              6 |              12 |
| Praslin     | GPON          | Internet Only         |         240 |         239 |            239 |             240 |
| Praslin     | GPON          | TV & Internet         |         771 |         343 |            343 |             708 |
| Praslin     | GPON          | TV & Internet & OTT   |         566 |         161 |            161 |             332 |
| Praslin     | GPON          | TV & Internet & Voice |           6 |           2 |              2 |               6 |
| Praslin     | GPON          | TV & OTT              |          11 |           5 |              5 |               5 |
| Praslin     | GPON          | TV & Voice            |           3 |           1 |              1 |               3 |
| Praslin     | GPON          | TV Only               |         334 |         263 |            263 |             274 |
| Praslin     | GPON          | Voice Only            |           2 |           2 |              2 |               2 |
| Praslin     | GPON          | Services Total        |        1991 |        1030 |           1030 |            1608 |
| Praslin     | HFC           | TV Only               |           1 |           1 |              1 |               1 |
| Praslin     | HFC           | Services Total        |           1 |           1 |              1 |               1 |
| Praslin     | Network Total | Services Total        |        1992 |        1031 |           1031 |            1609 |
| GRAND TOTAL | Network Total | Services Total        |       28716 |       17090 |          17010 |           23659 |
+-------------+---------------+-----------------------+-------------+-------------+----------------+-----------------+
41 rows in set (0.00 sec)

Query OK, 0 rows affected (0.01 sec)

Query OK, 28108 rows affected (0.46 sec)
Records: 28108  Duplicates: 0  Warnings: 0

Query OK, 0 rows affected (0.01 sec)

Query OK, 2312 rows affected (1.78 sec)
Records: 2312  Duplicates: 0  Warnings: 0

+--------------------------------------+
| message                              |
+--------------------------------------+
| running rcbill_my.sp_ActiveNumber2() |
+--------------------------------------+
1 row in set (0.00 sec)

Query OK, 365 rows affected (1 min 58.79 sec)

mysql> mysql \. C:\workspace\cloud\code\sql\_DailyScript\currenttime.sql
+---------------------+
| currenttime         |
+---------------------+
| 2021-10-04 16:00:18 |
+---------------------+
1 row in set (0.00 sec)

mysql> 
mysql> mysql \. C:\workspace\cloud\code\sql\_DailyScript\GetActiveNumbers Average -Pivot.sql
Database changed
+-------------------------------------+
| @today := subdate(current_date(),1) |
+-------------------------------------+
| 2021-10-03                          |
+-------------------------------------+
1 row in set (0.00 sec)

+-------------------------------------+
| @lastdayofmonth := last_day(@today) |
+-------------------------------------+
| 2021-10-31                          |
+-------------------------------------+
1 row in set (0.00 sec)

Query OK, 0 rows affected (0.01 sec)

Query OK, 50512 rows affected, 65535 warnings (1 min 1.77 sec)
Records: 50512  Duplicates: 0  Warnings: 103626

Query OK, 0 rows affected (0.11 sec)
Records: 0  Duplicates: 0  Warnings: 0

Query OK, 0 rows affected (0.13 sec)
Records: 0  Duplicates: 0  Warnings: 0

Query OK, 0 rows affected (0.11 sec)
Records: 0  Duplicates: 0  Warnings: 0

+-----------------+
| activenumberavg |
+-----------------+
|           50512 |
+-----------------+
1 row in set (0.01 sec)

Query OK, 0 rows affected (0.01 sec)

Query OK, 1986 rows affected (0.56 sec)
Records: 1986  Duplicates: 0  Warnings: 0

+---------------------+
| rep_activenumberavg |
+---------------------+
|                1986 |
+---------------------+
1 row in set (0.00 sec)

+----------------------+
| rep_activenumberavg1 |
+----------------------+
|                  926 |
+----------------------+
1 row in set (0.00 sec)

Query OK, 0 rows affected (0.00 sec)

Query OK, 2668 rows affected (0.46 sec)
Records: 2668  Duplicates: 0  Warnings: 0

Query OK, 0 rows affected (0.01 sec)

Query OK, 13784 rows affected (0.82 sec)
Records: 13784  Duplicates: 0  Warnings: 0

Query OK, 0 rows affected (0.00 sec)

Query OK, 238 rows affected (0.26 sec)
Records: 238  Duplicates: 0  Warnings: 0

Query OK, 0 rows affected (0.00 sec)

Query OK, 0 rows affected (0.00 sec)

Query OK, 0 rows affected (0.01 sec)

Query OK, 0 rows affected (0.00 sec)

Query OK, 0 rows affected (0.00 sec)
Statement prepared

Query OK, 53 rows affected (0.05 sec)
Records: 53  Duplicates: 0  Warnings: 0

Query OK, 0 rows affected (0.00 sec)

Query OK, 0 rows affected (0.00 sec)

+----------------------+
| rep_activenumberavg2 |
+----------------------+
|                 2668 |
+----------------------+
1 row in set (0.00 sec)

+------------------------+
| rep_activenumberavg_pv |
+------------------------+
|                     53 |
+------------------------+
1 row in set (0.00 sec)

Query OK, 0 rows affected (0.00 sec)

Query OK, 2666 rows affected (0.38 sec)
Records: 2666  Duplicates: 0  Warnings: 0

Query OK, 0 rows affected (0.00 sec)

Query OK, 0 rows affected (0.01 sec)

Query OK, 0 rows affected (0.01 sec)

Query OK, 0 rows affected (0.00 sec)

Query OK, 0 rows affected (0.00 sec)
Statement prepared

Query OK, 53 rows affected (0.05 sec)
Records: 53  Duplicates: 0  Warnings: 0

Query OK, 0 rows affected (0.00 sec)

Query OK, 0 rows affected (0.00 sec)

+-------------------------+
| rep_activenumberavgMahe |
+-------------------------+
|                    2666 |
+-------------------------+
1 row in set (0.00 sec)

+----------------------------+
| rep_activenumberavgMahe_pv |
+----------------------------+
|                         53 |
+----------------------------+
1 row in set (0.00 sec)

Query OK, 0 rows affected (0.00 sec)

Query OK, 1687 rows affected (0.17 sec)
Records: 1687  Duplicates: 0  Warnings: 0

Query OK, 0 rows affected (0.00 sec)

Query OK, 0 rows affected (0.00 sec)

Query OK, 0 rows affected (0.01 sec)

Query OK, 0 rows affected (0.00 sec)

Query OK, 0 rows affected (0.00 sec)
Statement prepared

Query OK, 40 rows affected (0.04 sec)
Records: 40  Duplicates: 0  Warnings: 0

Query OK, 0 rows affected (0.00 sec)

Query OK, 0 rows affected (0.00 sec)

+----------------------------+
| rep_activenumberavgPraslin |
+----------------------------+
|                       1687 |
+----------------------------+
1 row in set (0.00 sec)

+-------------------------------+
| rep_activenumberavgPraslin_pv |
+-------------------------------+
|                            40 |
+-------------------------------+
1 row in set (0.00 sec)

mysql> mysql \. C:\workspace\cloud\code\sql\_DailyScript\currenttime.sql
+---------------------+
| currenttime         |
+---------------------+
| 2021-10-04 16:01:23 |
+---------------------+
1 row in set (0.00 sec)

mysql> 
mysql> mysql \. C:\workspace\cloud\code\sql\Analysis\clients_contracts_creditpolicy_2.sql
Database changed
Query OK, 0 rows affected (0.00 sec)

Query OK, 1900145 rows affected (39.86 sec)
Records: 1900145  Duplicates: 0  Warnings: 0

Query OK, 0 rows affected (0.01 sec)

Query OK, 28130 rows affected (0.98 sec)
Records: 28130  Duplicates: 0  Warnings: 0

Query OK, 0 rows affected (0.01 sec)

Query OK, 28199 rows affected (7.63 sec)
Records: 28199  Duplicates: 0  Warnings: 0

+-------------------------+
| rep_cust_cont_creditpol |
+-------------------------+
|                   28199 |
+-------------------------+
1 row in set (0.01 sec)

mysql> mysql \. C:\workspace\cloud\code\sql\_DailyScript\currenttime.sql
+---------------------+
| currenttime         |
+---------------------+
| 2021-10-04 16:02:12 |
+---------------------+
1 row in set (0.00 sec)

mysql> 
mysql> 
mysql> 
mysql> 
mysql> 
mysql> 
mysql> 
mysql> 
mysql> 
mysql> 
mysql> 
mysql> 
mysql> 
mysql> 
mysql> 
mysql> 
mysql> 
mysql> 
mysql> 
mysql> 
mysql> 
mysql> 
mysql> 
mysql> 
mysql> 
mysql> 
mysql> 
mysql> exit
    -> 
    -> mysql \. C:\workspace\cloud\code\sql\_DailyScript\_setdates.sql
Query OK, 0 rows affected (0.01 sec)

Query OK, 0 rows affected (1.57 sec)

Database changed
Query OK, 0 rows affected (0.00 sec)

Query OK, 0 rows affected (0.00 sec)

Query OK, 0 rows affected (0.00 sec)

Query OK, 0 rows affected (0.00 sec)

Query OK, 0 rows affected (0.00 sec)

Query OK, 0 rows affected (0.00 sec)

Query OK, 0 rows affected (0.00 sec)

Query OK, 0 rows affected (0.00 sec)

Query OK, 0 rows affected (0.00 sec)

Query OK, 0 rows affected (0.00 sec)

Query OK, 0 rows affected (0.00 sec)

Query OK, 0 rows affected (0.00 sec)

Query OK, 0 rows affected (0.00 sec)

Query OK, 0 rows affected (0.00 sec)

Query OK, 0 rows affected (0.00 sec)

Query OK, 0 rows affected (0.00 sec)

Query OK, 0 rows affected (0.00 sec)

Query OK, 0 rows affected (0.00 sec)

Query OK, 0 rows affected (0.00 sec)

Query OK, 0 rows affected (0.00 sec)

Query OK, 0 rows affected (0.00 sec)

Query OK, 0 rows affected (0.00 sec)

mysql> mysql \. C:\workspace\cloud\code\sql\_DailyScript\currenttime.sql
+---------------------+
| currenttime         |
+---------------------+
| 2021-10-04 16:03:54 |
+---------------------+
1 row in set (0.00 sec)

mysql> 
mysql> mysql \. C:\workspace\cloud\code\sql\_DailyScript\load_RCB_VODTITLES.sql
Database changed
Query OK, 0 rows affected (0.00 sec)

Query OK, 15982 rows affected (0.17 sec)

Query OK, 15988 rows affected, 15988 warnings (0.31 sec)
Records: 15988  Deleted: 0  Skipped: 0  Warnings: 15988

Query OK, 0 rows affected (0.00 sec)

Query OK, 2 rows affected (0.02 sec)

+-----------+
| VODTITLES |
+-----------+
|     16446 |
+-----------+
1 row in set (0.01 sec)

+-----------+-----------+
| titletype | typecount |
+-----------+-----------+
| E         |     13579 |
| N         |       245 |
| T         |      2162 |
| NULL      |     15986 |
+-----------+-----------+
4 rows in set (0.04 sec)

mysql> mysql \. C:\workspace\cloud\code\sql\_DailyScript\currenttime.sql
+---------------------+
| currenttime         |
+---------------------+
| 2021-10-04 16:03:55 |
+---------------------+
1 row in set (0.00 sec)

mysql> 
mysql> 
mysql> 
mysql> 
mysql> 
mysql> 
mysql> 
mysql> 
mysql> 
mysql> 
mysql> 
mysql> 
mysql> 
mysql> 
mysql> 
mysql> 
mysql> 
mysql> 
mysql> 
mysql> 
mysql> 
mysql> 
mysql> 
mysql> 
mysql> 
mysql> 
mysql> 
mysql> 
mysql> 
mysql> 
mysql> 
mysql> 
mysql> 
mysql> 
mysql> 
mysql> 
mysql> 
mysql> mysql \. C:\workspace\cloud\code\sql\_DailyScript\load_DailyCalls.sql
Database changed
Query OK, 482 rows affected (0.14 sec)
Records: 482  Deleted: 0  Skipped: 0  Warnings: 0

Query OK, 0 rows affected, 1 warning (0.00 sec)

Query OK, 482 rows affected (0.04 sec)
Records: 482  Duplicates: 0  Warnings: 0

Query OK, 0 rows affected, 1 warning (0.00 sec)

Query OK, 70511 rows affected (0.31 sec)
Records: 70511  Duplicates: 0  Warnings: 0

+----------------------+
| callingclientsbefore |
+----------------------+
|              1274117 |
+----------------------+
1 row in set (0.47 sec)

Query OK, 653 rows affected (10.02 sec)
Records: 653  Duplicates: 0  Warnings: 0

+---------------------+
| callingclientsafter |
+---------------------+
|             1274770 |
+---------------------+
1 row in set (0.33 sec)

Query OK, 0 rows affected (0.01 sec)

Query OK, 336 rows affected (4.11 sec)
Records: 336  Duplicates: 0  Warnings: 0

Query OK, 0 rows affected (0.00 sec)

Query OK, 24812 rows affected (3.91 sec)
Records: 24812  Duplicates: 0  Warnings: 0

+-----------+
| callstats |
+-----------+
|     24812 |
+-----------+
1 row in set (0.01 sec)

Query OK, 0 rows affected, 1 warning (0.00 sec)

Query OK, 653 rows affected (2.33 sec)
Records: 653  Duplicates: 0  Warnings: 0

+------------------------+
| rep_cccallreportbefore |
+------------------------+
|                1275768 |
+------------------------+
1 row in set (0.33 sec)

Query OK, 653 rows affected (0.12 sec)
Records: 653  Duplicates: 0  Warnings: 0

+-----------------------+
| rep_cccallreportafter |
+-----------------------+
|               1276421 |
+-----------------------+
1 row in set (0.33 sec)

Query OK, 0 rows affected (0.00 sec)

mysql> mysql \. C:\workspace\cloud\code\sql\_DailyScript\currenttime.sql
+---------------------+
| currenttime         |
+---------------------+
| 2021-10-04 16:04:17 |
+---------------------+
1 row in set (0.00 sec)

mysql> 
mysql> mysql \. C:\workspace\cloud\code\sql\_DailyScript\DAILY-SCRIPT-USAGE.sql
Database changed
Query OK, 0 rows affected (0.00 sec)

Query OK, 4353 rows affected, 12668 warnings (0.65 sec)
Records: 4353  Deleted: 0  Skipped: 0  Warnings: 12668

Query OK, 0 rows affected (0.00 sec)

Query OK, 7755 rows affected, 22535 warnings (0.87 sec)
Records: 7755  Deleted: 0  Skipped: 0  Warnings: 22535

Query OK, 0 rows affected (0.00 sec)

Query OK, 315 rows affected, 1116 warnings (0.04 sec)
Records: 315  Deleted: 0  Skipped: 0  Warnings: 1116

Query OK, 0 rows affected (0.00 sec)

Query OK, 165 rows affected, 578 warnings (0.03 sec)
Records: 165  Deleted: 0  Skipped: 0  Warnings: 578

+------------+
| dailyusage |
+------------+
|   18987205 |
+------------+
1 row in set (6.49 sec)

+------------+------------+------------+---------+
| datestart  | dateend    | insertedon | records |
+------------+------------+------------+---------+
| 2021-09-20 | 2021-09-20 | 2021-10-04 |   12588 |
| 2021-09-19 | 2021-09-19 | 2021-10-04 |   12407 |
| 2021-09-18 | 2021-09-18 | 2021-10-04 |   12683 |
| 2021-09-17 | 2021-09-17 | 2021-10-04 |   12648 |
| 2021-09-16 | 2021-09-16 | 2021-10-04 |   12606 |
+------------+------------+------------+---------+
5 rows in set (17.68 sec)

+----------+------------+------------+------------+---------+
| category | datestart  | dateend    | insertedon | records |
+----------+------------+------------+------------+---------+
| UNCAPPED | 2021-09-20 | 2021-09-20 | 2021-10-04 |    7755 |
| PREPAID  | 2021-09-20 | 2021-09-20 | 2021-10-04 |     315 |
| HOTSPOT  | 2021-09-20 | 2021-09-20 | 2021-10-04 |     165 |
| CAPPED   | 2021-09-20 | 2021-09-20 | 2021-10-04 |    4353 |
| UNCAPPED | 2021-09-19 | 2021-09-19 | 2021-10-04 |    7598 |
| PREPAID  | 2021-09-19 | 2021-09-19 | 2021-10-04 |     311 |
| HOTSPOT  | 2021-09-19 | 2021-09-19 | 2021-10-04 |     131 |
| CAPPED   | 2021-09-19 | 2021-09-19 | 2021-10-04 |    4367 |
| UNCAPPED | 2021-09-18 | 2021-09-18 | 2021-10-04 |    7748 |
| PREPAID  | 2021-09-18 | 2021-09-18 | 2021-10-04 |     279 |
| HOTSPOT  | 2021-09-18 | 2021-09-18 | 2021-10-04 |     146 |
| CAPPED   | 2021-09-18 | 2021-09-18 | 2021-10-04 |    4510 |
| UNCAPPED | 2021-09-17 | 2021-09-17 | 2021-10-04 |    7784 |
| PREPAID  | 2021-09-17 | 2021-09-17 | 2021-10-04 |     267 |
| HOTSPOT  | 2021-09-17 | 2021-09-17 | 2021-10-04 |     196 |
| CAPPED   | 2021-09-17 | 2021-09-17 | 2021-10-04 |    4401 |
| UNCAPPED | 2021-09-16 | 2021-09-16 | 2021-10-04 |    7752 |
| PREPAID  | 2021-09-16 | 2021-09-16 | 2021-10-04 |     293 |
| HOTSPOT  | 2021-09-16 | 2021-09-16 | 2021-10-04 |     169 |
| CAPPED   | 2021-09-16 | 2021-09-16 | 2021-10-04 |    4392 |
+----------+------------+------------+------------+---------+
20 rows in set (26.13 sec)

mysql> mysql \. C:\workspace\cloud\code\sql\_DailyScript\currenttime.sql
+---------------------+
| currenttime         |
+---------------------+
| 2021-10-04 16:05:09 |
+---------------------+
1 row in set (0.00 sec)

mysql> 
mysql> mysql \. C:\workspace\cloud\code\sql\_DailyScript\DAILY-SCRIPT-SALES-TELEMETRY.sql
Database changed
Query OK, 127 rows affected, 128 warnings (0.04 sec)
Records: 127  Deleted: 0  Skipped: 0  Warnings: 128

+------------+
| dailysales |
+------------+
|     247256 |
+------------+
1 row in set (0.20 sec)

Query OK, 0 rows affected (0.01 sec)

Query OK, 247256 rows affected (15.62 sec)
Records: 247256  Duplicates: 0  Warnings: 0

+--------+
| sales  |
+--------+
| 247256 |
+--------+
1 row in set (0.10 sec)

Query OK, 0 rows affected (0.01 sec)

Query OK, 4109 rows affected (0.39 sec)
Records: 4109  Duplicates: 0  Warnings: 0

+----------------+
| rep_dailysales |
+----------------+
|           4109 |
+----------------+
1 row in set (0.00 sec)

Query OK, 0 rows affected (0.01 sec)

Query OK, 4109 rows affected (0.60 sec)
Records: 4109  Duplicates: 0  Warnings: 0

+-------------------+
| rep_dailysalesreg |
+-------------------+
|              4109 |
+-------------------+
1 row in set (0.00 sec)

Query OK, 0 rows affected (0.00 sec)

Query OK, 2982 rows affected (0.75 sec)
Records: 2982  Duplicates: 0  Warnings: 0

+-----------+
| saleslist |
+-----------+
|      2982 |
+-----------+
1 row in set (0.00 sec)

Database changed
ERROR 2 (HY000): File 'C:\ProgramData\MySQL\MySQL Server 5.7\Uploads\_csv\PrepaidCardSales-20092021-P1.csv' not found (Errcode: 2 - No such file or directory)
+------------------+
| dailysinglesales |
+------------------+
|             6596 |
+------------------+
1 row in set (0.01 sec)

Database changed
Query OK, 19 rows affected (0.03 sec)
Records: 19  Deleted: 0  Skipped: 0  Warnings: 0

+-----------------+
| dailyaddonsales |
+-----------------+
|           25153 |
+-----------------+
1 row in set (0.02 sec)

Query OK, 281 rows affected (0.04 sec)
Records: 281  Deleted: 0  Skipped: 0  Warnings: 0

+----------------+
| onlinepayments |
+----------------+
|         223641 |
+----------------+
1 row in set (0.11 sec)

+-------------+----------------+---------------------+
| paymentdate | onlinepayments | onlinepaymentamount |
+-------------+----------------+---------------------+
| 2021-09-20  |            281 |        173373.03000 |
| 2021-09-19  |            229 |        126054.42000 |
| 2021-09-18  |            237 |        147940.12000 |
| 2021-09-17  |            202 |        126395.10000 |
| 2021-09-16  |            190 |        103228.91000 |
+-------------+----------------+---------------------+
5 rows in set (0.56 sec)

+-------------+--------------+----------------+---------------------+
| paymentyear | paymentmonth | onlinepayments | onlinepaymentamount |
+-------------+--------------+----------------+---------------------+
|        2021 |            9 |           4934 |       3100068.96000 |
|        2021 |            8 |           8864 |       5714008.87000 |
|        2021 |            7 |           8972 |       5795292.15000 |
|        2021 |            6 |           8773 |       5686976.03000 |
|        2021 |            5 |           9358 |       5959322.66000 |
+-------------+--------------+----------------+---------------------+
5 rows in set (0.21 sec)

mysql> mysql \. C:\workspace\cloud\code\sql\_DailyScript\currenttime.sql
+---------------------+
| currenttime         |
+---------------------+
| 2021-10-04 16:05:28 |
+---------------------+
1 row in set (0.00 sec)

mysql> 
mysql> mysql \. C:\workspace\cloud\code\sql\_DailyScript\DAILY-SCRIPT-ACTIVENUMBERS.sql
Database changed
Query OK, 1099 rows affected (0.48 sec)
Records: 1099  Deleted: 0  Skipped: 0  Warnings: 0

+------------+----------+
| period     | count(1) |
+------------+----------+
| 2021-09-20 |     1099 |
| 2021-09-19 |     1101 |
| 2021-09-18 |     1102 |
| 2021-09-17 |     1102 |
| 2021-09-16 |     1101 |
+------------+----------+
5 rows in set (0.00 sec)

Query OK, 0 rows affected (0.01 sec)

Query OK, 75 rows affected (1.35 sec)
Records: 75  Duplicates: 0  Warnings: 0

+-------------+
| packagelist |
+-------------+
|          75 |
+-------------+
1 row in set (0.00 sec)

Database changed
Query OK, 0 rows affected (0.00 sec)

Query OK, 0 rows affected (0.00 sec)

Query OK, 0 rows affected (0.00 sec)

Query OK, 0 rows affected (0.00 sec)

Query OK, 28762 rows affected, 1029 warnings (11.83 sec)
Records: 28762  Deleted: 0  Skipped: 0  Warnings: 1029

+------------+----------+
| period     | count(1) |
+------------+----------+
| 2021-09-20 |    28762 |
| 2021-09-19 |    28692 |
| 2021-09-18 |    28789 |
| 2021-09-17 |    28798 |
| 2021-09-16 |    28885 |
+------------+----------+
5 rows in set (0.11 sec)

Query OK, 0 rows affected (0.01 sec)

Query OK, 28200 rows affected (46.63 sec)
Records: 28200  Duplicates: 0  Warnings: 0

Query OK, 0 rows affected (0.11 sec)
Records: 0  Duplicates: 0  Warnings: 0

Query OK, 0 rows affected (0.11 sec)
Records: 0  Duplicates: 0  Warnings: 0

Query OK, 0 rows affected (0.10 sec)
Records: 0  Duplicates: 0  Warnings: 0

Query OK, 0 rows affected (0.08 sec)
Records: 0  Duplicates: 0  Warnings: 0

Query OK, 0 rows affected (0.07 sec)
Records: 0  Duplicates: 0  Warnings: 0

Query OK, 0 rows affected (0.07 sec)
Records: 0  Duplicates: 0  Warnings: 0

+-------------+
| countbefore |
+-------------+
|    49468294 |
+-------------+
1 row in set (13.80 sec)

Query OK, 28200 rows affected (1.76 sec)
Records: 28200  Duplicates: 0  Warnings: 0

+------------+
| countafter |
+------------+
|   49496494 |
+------------+
1 row in set (15.17 sec)

+------------+--------------------------+
| period     | customercontractactivity |
+------------+--------------------------+
| 2021-09-20 |                    28200 |
| 2021-09-19 |                    28130 |
| 2021-09-18 |                    28227 |
| 2021-09-17 |                    28236 |
| 2021-09-16 |                    28323 |
+------------+--------------------------+
5 rows in set (0.06 sec)

Query OK, 0 rows affected (0.01 sec)

Query OK, 317330 rows affected, 4 warnings (8 min 37.63 sec)
Records: 317330  Duplicates: 0  Warnings: 4

Query OK, 0 rows affected (1.00 sec)
Records: 0  Duplicates: 0  Warnings: 0

Query OK, 0 rows affected (1.16 sec)
Records: 0  Duplicates: 0  Warnings: 0

Query OK, 0 rows affected (1.17 sec)
Records: 0  Duplicates: 0  Warnings: 0

Query OK, 0 rows affected (0.01 sec)

Query OK, 230 rows affected (0.42 sec)
Records: 230  Duplicates: 0  Warnings: 0

Query OK, 0 rows affected (0.00 sec)

Query OK, 2544 rows affected (0.58 sec)
Records: 2544  Duplicates: 0  Warnings: 0

Query OK, 0 rows affected (0.01 sec)

Query OK, 28176 rows affected (0.56 sec)
Records: 28176  Duplicates: 0  Warnings: 0

Query OK, 0 rows affected (0.00 sec)

Query OK, 17119 rows affected (0.38 sec)
Records: 17119  Duplicates: 0  Warnings: 0

Query OK, 0 rows affected (0.01 sec)

Query OK, 17119 rows affected (0.12 sec)
Records: 17119  Duplicates: 0  Warnings: 0

Query OK, 0 rows affected (0.01 sec)

Query OK, 17119 rows affected (1.10 sec)
Records: 17119  Duplicates: 0  Warnings: 0

Query OK, 0 rows affected (0.01 sec)

Query OK, 17119 rows affected (42.52 sec)
Records: 17119  Duplicates: 0  Warnings: 0

+-------------+
| clientstats |
+-------------+
|       17119 |
+-------------+
1 row in set (0.01 sec)

Query OK, 0 rows affected (0.00 sec)

Query OK, 14 rows affected, 1 warning (0.10 sec)
Records: 14  Duplicates: 0  Warnings: 1

+-----------------------+-------------+-------------+----------------+-----------------+
| services              | activecount | allaccounts | uniqueaccounts | uniquecontracts |
+-----------------------+-------------+-------------+----------------+-----------------+
| All                   |         460 |          74 |             74 |             241 |
| Internet & OTT        |           4 |           2 |              2 |               2 |
| Internet & Voice      |         313 |         137 |            137 |             269 |
| Internet Only         |        4455 |        4357 |           4352 |            4396 |
| OTT Only              |           2 |           2 |              2 |               2 |
| TV & Internet         |        9665 |        4320 |           4311 |            8799 |
| TV & Internet & OTT   |        4320 |        1125 |           1124 |            2339 |
| TV & Internet & Voice |         534 |         153 |            153 |             470 |
| TV & OTT              |         309 |          74 |             72 |              82 |
| TV & Voice            |          74 |          33 |             33 |              68 |
| TV & Voice & OTT      |           3 |           1 |              1 |               2 |
| TV Only               |        8532 |        6728 |           6724 |            6935 |
| Voice Only            |         115 |         113 |            113 |             115 |
| GRAND TOTAL           |       28786 |       17119 |          17039 |           23720 |
+-----------------------+-------------+-------------+----------------+-----------------+
14 rows in set (0.00 sec)

+-------------+-------------+-------------+----------------+-----------------+
| network     | activecount | allaccounts | uniqueaccounts | uniquecontracts |
+-------------+-------------+-------------+----------------+-----------------+
| GPON        |       12658 |        6346 |           6343 |           10000 |
| HFC         |       16128 |       10773 |          10773 |           13720 |
| GRAND TOTAL |       28786 |       17119 |          17039 |           23720 |
+-------------+-------------+-------------+----------------+-----------------+
3 rows in set, 1 warning (0.11 sec)

+-------------+-----------------------+-------------+-------------+----------------+-----------------+
| network     | services              | activecount | allaccounts | uniqueaccounts | uniquecontracts |
+-------------+-----------------------+-------------+-------------+----------------+-----------------+
| GPON        | All                   |         321 |          57 |             57 |             183 |
| GPON        | Internet & Voice      |          89 |          37 |             37 |              78 |
| GPON        | Internet Only         |        1642 |        1559 |           1559 |            1584 |
| GPON        | TV & Internet         |        4984 |        2183 |           2183 |            4475 |
| GPON        | TV & Internet & OTT   |        3163 |         823 |            823 |            1719 |
| GPON        | TV & Internet & Voice |         278 |          76 |             76 |             236 |
| GPON        | TV & OTT              |         134 |          45 |             45 |              46 |
| GPON        | TV & Voice            |          45 |          20 |             20 |              42 |
| GPON        | TV & Voice & OTT      |           3 |           1 |              1 |               2 |
| GPON        | TV Only               |        1987 |        1534 |           1534 |            1623 |
| GPON        | Voice Only            |          12 |          11 |             11 |              12 |
| GPON        | Services Total        |       12658 |        6346 |           6343 |           10000 |
| HFC         | All                   |         139 |          17 |             17 |              58 |
| HFC         | Internet & OTT        |           4 |           2 |              2 |               2 |
| HFC         | Internet & Voice      |         224 |         100 |            100 |             191 |
| HFC         | Internet Only         |        2813 |        2798 |           2798 |            2812 |
| HFC         | OTT Only              |           2 |           2 |              2 |               2 |
| HFC         | TV & Internet         |        4681 |        2137 |           2137 |            4324 |
| HFC         | TV & Internet & OTT   |        1157 |         302 |            302 |             620 |
| HFC         | TV & Internet & Voice |         256 |          77 |             77 |             234 |
| HFC         | TV & OTT              |         175 |          29 |             29 |              36 |
| HFC         | TV & Voice            |          29 |          13 |             13 |              26 |
| HFC         | TV Only               |        6545 |        5194 |           5194 |            5312 |
| HFC         | Voice Only            |         103 |         102 |            102 |             103 |
| HFC         | Services Total        |       16128 |       10773 |          10773 |           13720 |
| GRAND TOTAL | Services Total        |       28786 |       17119 |          17039 |           23720 |
+-------------+-----------------------+-------------+-------------+----------------+-----------------+
26 rows in set, 2 warnings (0.12 sec)

Query OK, 0 rows affected (0.00 sec)

Query OK, 41 rows affected, 3 warnings (0.16 sec)
Records: 41  Duplicates: 0  Warnings: 3

+-------------+---------------+-----------------------+-------------+-------------+----------------+-----------------+
| region      | network       | services              | activecount | allaccounts | uniqueaccounts | uniquecontracts |
+-------------+---------------+-----------------------+-------------+-------------+----------------+-----------------+
| Mahe        | GPON          | All                   |         275 |          49 |             49 |             157 |
| Mahe        | GPON          | Internet & Voice      |          75 |          30 |             30 |              64 |
| Mahe        | GPON          | Internet Only         |        1403 |        1321 |           1321 |            1345 |
| Mahe        | GPON          | TV & Internet         |        4200 |        1835 |           1835 |            3755 |
| Mahe        | GPON          | TV & Internet & OTT   |        2591 |         660 |            660 |            1383 |
| Mahe        | GPON          | TV & Internet & Voice |         272 |          74 |             74 |             230 |
| Mahe        | GPON          | TV & OTT              |         123 |          40 |             40 |              41 |
| Mahe        | GPON          | TV & Voice            |          42 |          19 |             19 |              39 |
| Mahe        | GPON          | TV & Voice & OTT      |           3 |           1 |              1 |               2 |
| Mahe        | GPON          | TV Only               |        1650 |        1269 |           1269 |            1346 |
| Mahe        | GPON          | Voice Only            |          11 |          10 |             10 |              11 |
| Mahe        | GPON          | Services Total        |       10645 |        5308 |           5308 |            8373 |
| Mahe        | HFC           | All                   |         139 |          17 |             17 |              58 |
| Mahe        | HFC           | Internet & OTT        |           4 |           2 |              2 |               2 |
| Mahe        | HFC           | Internet & Voice      |         224 |         100 |            100 |             191 |
| Mahe        | HFC           | Internet Only         |        2813 |        2798 |           2798 |            2812 |
| Mahe        | HFC           | OTT Only              |           2 |           2 |              2 |               2 |
| Mahe        | HFC           | TV & Internet         |        4681 |        2137 |           2137 |            4324 |
| Mahe        | HFC           | TV & Internet & OTT   |        1157 |         302 |            302 |             620 |
| Mahe        | HFC           | TV & Internet & Voice |         256 |          77 |             77 |             234 |
| Mahe        | HFC           | TV & OTT              |         175 |          29 |             29 |              36 |
| Mahe        | HFC           | TV & Voice            |          29 |          13 |             13 |              26 |
| Mahe        | HFC           | TV Only               |        6543 |        5192 |           5192 |            5310 |
| Mahe        | HFC           | Voice Only            |         103 |         102 |            102 |             103 |
| Mahe        | HFC           | Services Total        |       16126 |       10771 |          10771 |           13718 |
| Mahe        | Network Total | Services Total        |       26771 |       16079 |          16002 |           22091 |
| Praslin     | GPON          | All                   |          46 |           8 |              8 |              26 |
| Praslin     | GPON          | Internet & Voice      |          14 |           7 |              7 |              14 |
| Praslin     | GPON          | Internet Only         |         239 |         238 |            238 |             239 |
| Praslin     | GPON          | TV & Internet         |         784 |         348 |            348 |             720 |
| Praslin     | GPON          | TV & Internet & OTT   |         572 |         163 |            163 |             336 |
| Praslin     | GPON          | TV & Internet & Voice |           6 |           2 |              2 |               6 |
| Praslin     | GPON          | TV & OTT              |          11 |           5 |              5 |               5 |
| Praslin     | GPON          | TV & Voice            |           3 |           1 |              1 |               3 |
| Praslin     | GPON          | TV Only               |         337 |         265 |            265 |             277 |
| Praslin     | GPON          | Voice Only            |           1 |           1 |              1 |               1 |
| Praslin     | GPON          | Services Total        |        2013 |        1038 |           1038 |            1627 |
| Praslin     | HFC           | TV Only               |           2 |           2 |              2 |               2 |
| Praslin     | HFC           | Services Total        |           2 |           2 |              2 |               2 |
| Praslin     | Network Total | Services Total        |        2015 |        1040 |           1040 |            1629 |
| GRAND TOTAL | Network Total | Services Total        |       28786 |       17119 |          17039 |           23720 |
+-------------+---------------+-----------------------+-------------+-------------+----------------+-----------------+
41 rows in set (0.00 sec)

Query OK, 0 rows affected (0.00 sec)

Query OK, 28177 rows affected (0.44 sec)
Records: 28177  Duplicates: 0  Warnings: 0

Query OK, 0 rows affected (0.01 sec)

Query OK, 2312 rows affected (1.95 sec)
Records: 2312  Duplicates: 0  Warnings: 0

+--------------------------------------+
| message                              |
+--------------------------------------+
| running rcbill_my.sp_ActiveNumber2() |
+--------------------------------------+
1 row in set (0.00 sec)

Query OK, 365 rows affected (1 min 56.01 sec)

mysql> mysql \. C:\workspace\cloud\code\sql\_DailyScript\currenttime.sql
+---------------------+
| currenttime         |
+---------------------+
| 2021-10-04 16:18:26 |
+---------------------+
1 row in set (0.00 sec)

mysql> 
mysql> mysql \. C:\workspace\cloud\code\sql\_DailyScript\GetActiveNumbers Average -Pivot.sql
Database changed
+-------------------------------------+
| @today := subdate(current_date(),1) |
+-------------------------------------+
| 2021-10-03                          |
+-------------------------------------+
1 row in set (0.00 sec)

+-------------------------------------+
| @lastdayofmonth := last_day(@today) |
+-------------------------------------+
| 2021-10-31                          |
+-------------------------------------+
1 row in set (0.00 sec)

Query OK, 0 rows affected (0.01 sec)

Query OK, 50512 rows affected, 65535 warnings (1 min 2.81 sec)
Records: 50512  Duplicates: 0  Warnings: 103635

Query OK, 0 rows affected (0.11 sec)
Records: 0  Duplicates: 0  Warnings: 0

Query OK, 0 rows affected (0.13 sec)
Records: 0  Duplicates: 0  Warnings: 0

Query OK, 0 rows affected (0.11 sec)
Records: 0  Duplicates: 0  Warnings: 0

+-----------------+
| activenumberavg |
+-----------------+
|           50512 |
+-----------------+
1 row in set (0.01 sec)

Query OK, 0 rows affected (0.01 sec)

Query OK, 1986 rows affected (0.56 sec)
Records: 1986  Duplicates: 0  Warnings: 0

+---------------------+
| rep_activenumberavg |
+---------------------+
|                1986 |
+---------------------+
1 row in set (0.00 sec)

+----------------------+
| rep_activenumberavg1 |
+----------------------+
|                  926 |
+----------------------+
1 row in set (0.00 sec)

Query OK, 0 rows affected (0.01 sec)

Query OK, 2668 rows affected (0.46 sec)
Records: 2668  Duplicates: 0  Warnings: 0

Query OK, 0 rows affected (0.00 sec)

Query OK, 13784 rows affected (0.86 sec)
Records: 13784  Duplicates: 0  Warnings: 0

Query OK, 0 rows affected (0.00 sec)

Query OK, 238 rows affected (0.27 sec)
Records: 238  Duplicates: 0  Warnings: 0

Query OK, 0 rows affected (0.00 sec)

Query OK, 0 rows affected (0.00 sec)

Query OK, 0 rows affected (0.01 sec)

Query OK, 0 rows affected (0.00 sec)

Query OK, 0 rows affected (0.00 sec)
Statement prepared

Query OK, 53 rows affected (0.05 sec)
Records: 53  Duplicates: 0  Warnings: 0

Query OK, 0 rows affected (0.00 sec)

Query OK, 0 rows affected (0.00 sec)

+----------------------+
| rep_activenumberavg2 |
+----------------------+
|                 2668 |
+----------------------+
1 row in set (0.00 sec)

+------------------------+
| rep_activenumberavg_pv |
+------------------------+
|                     53 |
+------------------------+
1 row in set (0.00 sec)

Query OK, 0 rows affected (0.01 sec)

Query OK, 2666 rows affected (0.37 sec)
Records: 2666  Duplicates: 0  Warnings: 0

Query OK, 0 rows affected (0.00 sec)

Query OK, 0 rows affected (0.01 sec)

Query OK, 0 rows affected (0.00 sec)

Query OK, 0 rows affected (0.00 sec)

Query OK, 0 rows affected (0.00 sec)
Statement prepared

Query OK, 53 rows affected (0.05 sec)
Records: 53  Duplicates: 0  Warnings: 0

Query OK, 0 rows affected (0.00 sec)

Query OK, 0 rows affected (0.00 sec)

+-------------------------+
| rep_activenumberavgMahe |
+-------------------------+
|                    2666 |
+-------------------------+
1 row in set (0.00 sec)

+----------------------------+
| rep_activenumberavgMahe_pv |
+----------------------------+
|                         53 |
+----------------------------+
1 row in set (0.00 sec)

Query OK, 0 rows affected (0.00 sec)

Query OK, 1687 rows affected (0.17 sec)
Records: 1687  Duplicates: 0  Warnings: 0

Query OK, 0 rows affected (0.00 sec)

Query OK, 0 rows affected (0.00 sec)

Query OK, 0 rows affected (0.00 sec)

Query OK, 0 rows affected (0.00 sec)

Query OK, 0 rows affected (0.00 sec)
Statement prepared

Query OK, 40 rows affected (0.04 sec)
Records: 40  Duplicates: 0  Warnings: 0

Query OK, 0 rows affected (0.00 sec)

Query OK, 0 rows affected (0.00 sec)

+----------------------------+
| rep_activenumberavgPraslin |
+----------------------------+
|                       1687 |
+----------------------------+
1 row in set (0.00 sec)

+-------------------------------+
| rep_activenumberavgPraslin_pv |
+-------------------------------+
|                            40 |
+-------------------------------+
1 row in set (0.00 sec)

mysql> mysql \. C:\workspace\cloud\code\sql\_DailyScript\currenttime.sql
+---------------------+
| currenttime         |
+---------------------+
| 2021-10-04 16:19:32 |
+---------------------+
1 row in set (0.00 sec)

mysql> 
mysql> mysql \. C:\workspace\cloud\code\sql\Analysis\clients_contracts_creditpolicy_2.sql
Database changed
Query OK, 0 rows affected (0.00 sec)

Query OK, 1900145 rows affected (38.90 sec)
Records: 1900145  Duplicates: 0  Warnings: 0

Query OK, 0 rows affected (0.01 sec)

Query OK, 28200 rows affected (1.00 sec)
Records: 28200  Duplicates: 0  Warnings: 0

Query OK, 0 rows affected (0.01 sec)

Query OK, 28270 rows affected (7.66 sec)
Records: 28270  Duplicates: 0  Warnings: 0

+-------------------------+
| rep_cust_cont_creditpol |
+-------------------------+
|                   28270 |
+-------------------------+
1 row in set (0.01 sec)

mysql> mysql \. C:\workspace\cloud\code\sql\_DailyScript\currenttime.sql
+---------------------+
| currenttime         |
+---------------------+
| 2021-10-04 16:20:19 |
+---------------------+
1 row in set (0.00 sec)

mysql> 
mysql> 
mysql> 
mysql> 
mysql> 
mysql> 
mysql> 
mysql> 
mysql> 
mysql> 
mysql> 
mysql> 
mysql> 
mysql> 
mysql> 
mysql> 
mysql> 
mysql> 
mysql> 
mysql> 
mysql> 
mysql> 
mysql> 
mysql> 
mysql> 
mysql> 
mysql> 
mysql> exit
