    -> 
    -> mysql \. C:\workspace\cloud\code\sql\_DailyScript\_setdates.sql
Database changed
Query OK, 0 rows affected (0.00 sec)

Query OK, 0 rows affected (0.00 sec)

Query OK, 0 rows affected (0.00 sec)

Query OK, 0 rows affected (0.00 sec)

Query OK, 0 rows affected (0.00 sec)

Query OK, 0 rows affected (0.00 sec)

Query OK, 0 rows affected (0.00 sec)

Query OK, 0 rows affected (0.00 sec)

Query OK, 0 rows affected (0.00 sec)

Query OK, 0 rows affected (0.00 sec)

Query OK, 0 rows affected (0.00 sec)

Query OK, 0 rows affected (0.00 sec)

Query OK, 0 rows affected (0.00 sec)

Query OK, 0 rows affected (0.00 sec)

Query OK, 0 rows affected (0.00 sec)

Query OK, 0 rows affected (0.00 sec)

Query OK, 0 rows affected (0.00 sec)

Query OK, 0 rows affected (0.00 sec)

Query OK, 0 rows affected (0.00 sec)

Query OK, 0 rows affected (0.00 sec)

Query OK, 0 rows affected (0.00 sec)

mysql> mysql \. C:\workspace\cloud\code\sql\_DailyScript\currenttime.sql
+---------------------+
| currenttime         |
+---------------------+
| 2019-12-02 07:36:33 |
+---------------------+
1 row in set (0.00 sec)

mysql> 
mysql> mysql \. C:\workspace\cloud\code\sql\_DailyScript\load_RCB_VODTITLES.sql
Database changed
Query OK, 0 rows affected (0.00 sec)

Query OK, 8394 rows affected (0.17 sec)

Query OK, 8396 rows affected, 8396 warnings (0.27 sec)
Records: 8396  Deleted: 0  Skipped: 0  Warnings: 8396

Query OK, 0 rows affected (0.00 sec)

Query OK, 2 rows affected (0.01 sec)

+-----------+
| VODTITLES |
+-----------+
|      8854 |
+-----------+
1 row in set (0.00 sec)

+-----------+-----------+
| titletype | typecount |
+-----------+-----------+
| E         |      6825 |
| N         |       213 |
| T         |      1356 |
| NULL      |      8394 |
+-----------+-----------+
4 rows in set (0.02 sec)

mysql> mysql \. C:\workspace\cloud\code\sql\_DailyScript\currenttime.sql
+---------------------+
| currenttime         |
+---------------------+
| 2019-12-02 07:36:33 |
+---------------------+
1 row in set (0.00 sec)

mysql> 
mysql> mysql \. C:\workspace\cloud\code\sql\_DailyScript\DAILY-SCRIPT-LIVETV-STATS.sql
Database changed
Query OK, 0 rows affected (0.02 sec)

Query OK, 92668 rows affected (1.49 sec)
Records: 92668  Duplicates: 0  Warnings: 0

+------------+------------+----------+--------------+--------------+-----------+-------------+----------+--------+------+------------+---------+---------------+
| Table      | Non_unique | Key_name | Seq_in_index | Column_name  | Collation | Cardinality | Sub_part | Packed | Null | Index_type | Comment | Index_comment |
+------------+------------+----------+--------------+--------------+-----------+-------------+----------+--------+------+------------+---------+---------------+
| templivetv |          1 | idxtv1   |            1 | device       | A         |       84278 |     NULL | NULL   | YES  | BTREE      |         |               |
| templivetv |          1 | idxtv2   |            1 | sessionstart | A         |       84278 |     NULL | NULL   | YES  | BTREE      |         |               |
+------------+------------+----------+--------------+--------------+-----------+-------------+----------+--------+------+------------+---------+---------------+
2 rows in set (0.00 sec)

Query OK, 92431 rows affected (37.51 sec)
Records: 92431  Duplicates: 0  Warnings: 0

Query OK, 2743 rows affected (1.04 sec)
Records: 2743  Duplicates: 0  Warnings: 0

Query OK, 0 rows affected (0.00 sec)

Query OK, 0 rows affected (0.01 sec)

Query OK, 142 rows affected (0.29 sec)
Records: 142  Duplicates: 0  Warnings: 0

Query OK, 0 rows affected (0.05 sec)

Query OK, 98884 rows affected (18 min 15.64 sec)
Records: 98884  Duplicates: 0  Warnings: 0

+-----------------+
| rep_livetvstats |
+-----------------+
|           98884 |
+-----------------+
1 row in set (0.03 sec)

mysql> mysql \. C:\workspace\cloud\code\sql\_DailyScript\currenttime.sql
+---------------------+
| currenttime         |
+---------------------+
| 2019-12-02 07:55:29 |
+---------------------+
1 row in set (0.00 sec)

mysql> 
mysql> mysql \. C:\workspace\cloud\code\sql\_DailyScript\DAILY-SCRIPT-VODTS-STATS.sql
Database changed
Query OK, 0 rows affected (0.08 sec)

Query OK, 4127 rows affected (47.33 sec)
Records: 4127  Duplicates: 0  Warnings: 0

+---------+------------+----------+--------------+--------------+-----------+-------------+----------+--------+------+------------+---------+---------------+
| Table   | Non_unique | Key_name | Seq_in_index | Column_name  | Collation | Cardinality | Sub_part | Packed | Null | Index_type | Comment | Index_comment |
+---------+------------+----------+--------------+--------------+-----------+-------------+----------+--------+------+------------+---------+---------------+
| tempvod |          1 | idxtvod1 |            1 | device       | A         |        4348 |     NULL | NULL   | YES  | BTREE      |         |               |
| tempvod |          1 | idxtvod2 |            1 | sessionstart | A         |        4348 |     NULL | NULL   | YES  | BTREE      |         |               |
+---------+------------+----------+--------------+--------------+-----------+-------------+----------+--------+------+------------+---------+---------------+
2 rows in set (0.00 sec)

Query OK, 4151 rows affected (3.65 sec)
Records: 4151  Duplicates: 0  Warnings: 0

Query OK, 0 rows affected (0.02 sec)

Query OK, 414260 rows affected (36.62 sec)
Records: 414260  Duplicates: 0  Warnings: 0

+--------------+
| rep_vodstats |
+--------------+
|       414260 |
+--------------+
1 row in set (0.13 sec)

Database changed
Query OK, 0 rows affected (0.03 sec)

Query OK, 15261 rows affected (2 min 47.78 sec)
Records: 15261  Duplicates: 0  Warnings: 0

+--------+------------+----------+--------------+--------------+-----------+-------------+----------+--------+------+------------+---------+---------------+
| Table  | Non_unique | Key_name | Seq_in_index | Column_name  | Collation | Cardinality | Sub_part | Packed | Null | Index_type | Comment | Index_comment |
+--------+------------+----------+--------------+--------------+-----------+-------------+----------+--------+------+------------+---------+---------------+
| tempts |          1 | idxtts1  |            1 | device       | A         |       15458 |     NULL | NULL   | YES  | BTREE      |         |               |
| tempts |          1 | idxtts2  |            1 | sessionstart | A         |       15458 |     NULL | NULL   | YES  | BTREE      |         |               |
+--------+------------+----------+--------------+--------------+-----------+-------------+----------+--------+------+------------+---------+---------------+
2 rows in set (0.00 sec)

Query OK, 15215 rows affected (12.63 sec)
Records: 15215  Duplicates: 0  Warnings: 0

Query OK, 0 rows affected (0.01 sec)

Query OK, 27309 rows affected (3 min 14.12 sec)
Records: 27309  Duplicates: 0  Warnings: 0

+-------------+
| rep_tsstats |
+-------------+
|       27309 |
+-------------+
1 row in set (0.01 sec)

mysql> mysql \. C:\workspace\cloud\code\sql\_DailyScript\currenttime.sql
+---------------------+
| currenttime         |
+---------------------+
| 2019-12-02 08:03:12 |
+---------------------+
1 row in set (0.00 sec)

mysql> 
mysql> mysql \. C:\workspace\cloud\code\sql\_DailyScript\DAILY-SCRIPT-RADIO-STATS.sql
Database changed
Query OK, 0 rows affected (0.01 sec)

Query OK, 198221 rows affected (4.17 sec)
Records: 198221  Duplicates: 0  Warnings: 0

+-----------+------------+----------+--------------+--------------+-----------+-------------+----------+--------+------+------------+---------+---------------+
| Table     | Non_unique | Key_name | Seq_in_index | Column_name  | Collation | Cardinality | Sub_part | Packed | Null | Index_type | Comment | Index_comment |
+-----------+------------+----------+--------------+--------------+-----------+-------------+----------+--------+------+------------+---------+---------------+
| tempradio |          1 | idxtrad1 |            1 | device       | A         |      197831 |     NULL | NULL   | YES  | BTREE      |         |               |
| tempradio |          1 | idxtrad2 |            1 | sessionstart | A         |      197831 |     NULL | NULL   | YES  | BTREE      |         |               |
+-----------+------------+----------+--------------+--------------+-----------+-------------+----------+--------+------+------------+---------+---------------+
2 rows in set (0.00 sec)

Query OK, 236 rows affected (2.20 sec)
Records: 236  Duplicates: 0  Warnings: 0

Query OK, 0 rows affected (0.11 sec)

Query OK, 3668 rows affected (0.39 sec)
Records: 3668  Duplicates: 0  Warnings: 0

+----------------+
| rep_radiostats |
+----------------+
|           3668 |
+----------------+
1 row in set (0.00 sec)

mysql> mysql \. C:\workspace\cloud\code\sql\_DailyScript\currenttime.sql
+---------------------+
| currenttime         |
+---------------------+
| 2019-12-02 08:03:19 |
+---------------------+
1 row in set (0.00 sec)

mysql> 
mysql> mysql \. C:\workspace\cloud\code\sql\_DailyScript\DAILY_SCRIPT_TELEMETRY_PIVOT.sql
Query OK, 0 rows affected (0.03 sec)

Query OK, 148 rows affected (0.27 sec)
Records: 148  Duplicates: 0  Warnings: 0

Query OK, 0 rows affected (0.03 sec)

Query OK, 7415 rows affected (2.43 sec)
Records: 7415  Duplicates: 0  Warnings: 0

Query OK, 0 rows affected (0.04 sec)

Query OK, 6 rows affected (0.01 sec)
Records: 6  Duplicates: 0  Warnings: 0

Query OK, 0 rows affected (0.05 sec)

Query OK, 56 rows affected (0.17 sec)
Records: 56  Duplicates: 0  Warnings: 0

mysql> mysql \. C:\workspace\cloud\code\sql\_DailyScript\currenttime.sql
+---------------------+
| currenttime         |
+---------------------+
| 2019-12-02 08:03:22 |
+---------------------+
1 row in set (0.00 sec)

mysql> 
mysql> mysql \. C:\workspace\cloud\code\sql\_DailyScript\telemetry_livetv_ranking2019.sql
Query OK, 0 rows affected (0.00 sec)

Query OK, 148 rows affected (0.05 sec)
Records: 148  Duplicates: 0  Warnings: 0

mysql> mysql \. C:\workspace\cloud\code\sql\_DailyScript\currenttime.sql
+---------------------+
| currenttime         |
+---------------------+
| 2019-12-02 08:03:22 |
+---------------------+
1 row in set (0.00 sec)

mysql> 
mysql> mysql \. C:\workspace\cloud\code\sql\_DailyScript\telemetry_radio_ranking2019.sql
Query OK, 0 rows affected (0.02 sec)

Query OK, 6 rows affected (0.02 sec)
Records: 6  Duplicates: 0  Warnings: 0

mysql> mysql \. C:\workspace\cloud\code\sql\_DailyScript\currenttime.sql
+---------------------+
| currenttime         |
+---------------------+
| 2019-12-02 08:03:22 |
+---------------------+
1 row in set (0.00 sec)

mysql> 
mysql> mysql \. C:\workspace\cloud\code\sql\_DailyScript\telemetry_ts_ranking2019.sql
Query OK, 0 rows affected (0.00 sec)

Query OK, 56 rows affected (0.01 sec)
Records: 56  Duplicates: 0  Warnings: 0

mysql> mysql \. C:\workspace\cloud\code\sql\_DailyScript\currenttime.sql
+---------------------+
| currenttime         |
+---------------------+
| 2019-12-02 08:03:22 |
+---------------------+
1 row in set (0.00 sec)

mysql> 
mysql> mysql \. C:\workspace\cloud\code\sql\_DailyScript\telemetry_vod_ranking2019.sql
Query OK, 0 rows affected (0.01 sec)

Query OK, 7415 rows affected (0.43 sec)
Records: 7415  Duplicates: 0  Warnings: 0

mysql> mysql \. C:\workspace\cloud\code\sql\_DailyScript\currenttime.sql
+---------------------+
| currenttime         |
+---------------------+
| 2019-12-02 08:03:22 |
+---------------------+
1 row in set (0.00 sec)

mysql> 
mysql> mysql \. C:\workspace\cloud\code\sql\_DailyScript\telemetry_vod_ranking2019_1.sql
Query OK, 0 rows affected (0.02 sec)

Query OK, 7415 rows affected (0.19 sec)
Records: 7415  Duplicates: 0  Warnings: 0

mysql> mysql \. C:\workspace\cloud\code\sql\_DailyScript\currenttime.sql
+---------------------+
| currenttime         |
+---------------------+
| 2019-12-02 08:03:23 |
+---------------------+
1 row in set (0.00 sec)

mysql> 
mysql> mysql \. C:\workspace\cloud\code\sql\_DailyScript\telemetry_vod_ranking2019_2.sql
Query OK, 0 rows affected (0.03 sec)

Query OK, 7415 rows affected (0.21 sec)
Records: 7415  Duplicates: 0  Warnings: 0

mysql> mysql \. C:\workspace\cloud\code\sql\_DailyScript\currenttime.sql
+---------------------+
| currenttime         |
+---------------------+
| 2019-12-02 08:03:23 |
+---------------------+
1 row in set (0.00 sec)

mysql> 
mysql> mysql \. C:\workspace\cloud\code\sql\_DailyScript\DAILY-SCRIPT-CREATE-LOAD.sql
Database changed
Database changed
Query OK, 0 rows affected (0.09 sec)

Query OK, 0 rows affected (0.07 sec)

Database changed
Query OK, 65935 rows affected (3.15 sec)
Records: 65935  Deleted: 0  Skipped: 0  Warnings: 0

Query OK, 0 rows affected (0.20 sec)
Records: 0  Duplicates: 0  Warnings: 0

Query OK, 0 rows affected (0.25 sec)
Records: 0  Duplicates: 0  Warnings: 0

Query OK, 0 rows affected (0.38 sec)
Records: 0  Duplicates: 0  Warnings: 0

Query OK, 0 rows affected (0.32 sec)
Records: 0  Duplicates: 0  Warnings: 0

+---------+
| clients |
+---------+
|   65935 |
+---------+
1 row in set (0.02 sec)

Query OK, 0 rows affected (0.02 sec)

Query OK, 3121 rows affected (0.72 sec)
Records: 3121  Duplicates: 0  Warnings: 0

+-------------------+
| rcb_clientparcels |
+-------------------+
|              3121 |
+-------------------+
1 row in set (0.00 sec)

Query OK, 0 rows affected (0.03 sec)

Query OK, 85351 rows affected (4.18 sec)
Records: 85351  Duplicates: 0  Warnings: 0

Query OK, 0 rows affected (0.37 sec)
Records: 0  Duplicates: 0  Warnings: 0

Query OK, 0 rows affected (0.08 sec)

Query OK, 65935 rows affected (3.32 sec)
Records: 65935  Duplicates: 0  Warnings: 0

Query OK, 0 rows affected (0.26 sec)
Records: 0  Duplicates: 0  Warnings: 0

Query OK, 0 rows affected (0.28 sec)
Records: 0  Duplicates: 0  Warnings: 0

Query OK, 0 rows affected (0.17 sec)
Records: 0  Duplicates: 0  Warnings: 0

+---------------+
| clientaddress |
+---------------+
|         65935 |
+---------------+
1 row in set (0.02 sec)

Database changed
Query OK, 0 rows affected (0.10 sec)

Query OK, 0 rows affected (0.01 sec)

Database changed
Query OK, 494168 rows affected, 65535 warnings (18.91 sec)
Records: 494168  Deleted: 0  Skipped: 0  Warnings: 194927

Query OK, 0 rows affected (5.80 sec)
Records: 0  Duplicates: 0  Warnings: 0

Query OK, 0 rows affected (2.64 sec)
Records: 0  Duplicates: 0  Warnings: 0

Query OK, 0 rows affected (2.33 sec)
Records: 0  Duplicates: 0  Warnings: 0

Query OK, 0 rows affected (0.01 sec)

Query OK, 494168 rows affected (47.38 sec)
Records: 494168  Duplicates: 0  Warnings: 0

Query OK, 0 rows affected (1.86 sec)
Records: 0  Duplicates: 0  Warnings: 0

Query OK, 0 rows affected (1.45 sec)
Records: 0  Duplicates: 0  Warnings: 0

+-----------+
| contracts |
+-----------+
|    494168 |
+-----------+
1 row in set (0.18 sec)

+-----------------+
| contractaddress |
+-----------------+
|          494168 |
+-----------------+
1 row in set (0.15 sec)

Database changed
Query OK, 0 rows affected (0.02 sec)

Query OK, 0 rows affected (0.01 sec)

Query OK, 7180 rows affected (0.18 sec)
Records: 7180  Deleted: 0  Skipped: 0  Warnings: 0

Query OK, 0 rows affected (0.10 sec)

Query OK, 7149 rows affected (2.27 sec)
Records: 7149  Duplicates: 0  Warnings: 0

Query OK, 0 rows affected (0.04 sec)
Records: 0  Duplicates: 0  Warnings: 0

Query OK, 0 rows affected (0.01 sec)

Query OK, 5577 rows affected (0.04 sec)
Records: 5577  Duplicates: 0  Warnings: 0

Query OK, 0 rows affected (0.05 sec)
Records: 0  Duplicates: 0  Warnings: 0

+-------------------+
| contractdiscounts |
+-------------------+
|              7180 |
+-------------------+
1 row in set (0.00 sec)

+-------------------------+
| clientcontractdiscounts |
+-------------------------+
|                    7149 |
+-------------------------+
1 row in set (0.00 sec)

+----------------------------+
| clientcontractlastdiscount |
+----------------------------+
|                       5577 |
+----------------------------+
1 row in set (0.00 sec)

Database changed
Query OK, 0 rows affected (0.15 sec)

Query OK, 0 rows affected (0.00 sec)

Database changed
Query OK, 131550 rows affected (3.88 sec)
Records: 131550  Deleted: 0  Skipped: 0  Warnings: 0

Query OK, 0 rows affected (0.46 sec)
Records: 0  Duplicates: 0  Warnings: 0

Query OK, 0 rows affected (0.54 sec)
Records: 0  Duplicates: 0  Warnings: 0

Query OK, 0 rows affected (0.35 sec)
Records: 0  Duplicates: 0  Warnings: 0

Query OK, 0 rows affected (0.34 sec)
Records: 0  Duplicates: 0  Warnings: 0

Query OK, 0 rows affected (0.39 sec)
Records: 0  Duplicates: 0  Warnings: 0

Query OK, 0 rows affected (1.22 sec)
Records: 0  Duplicates: 0  Warnings: 0

Query OK, 0 rows affected (0.29 sec)

Query OK, 1687750 rows affected (3 min 27.53 sec)
Records: 1687750  Duplicates: 0  Warnings: 0

+---------+
| devices |
+---------+
|  131550 |
+---------+
1 row in set (0.04 sec)

+-----------------------+
| clientcontractdevices |
+-----------------------+
|               1687750 |
+-----------------------+
1 row in set (0.84 sec)

Query OK, 0 rows affected (0.03 sec)

Query OK, 131529 rows affected (7.24 sec)
Records: 131529  Duplicates: 0  Warnings: 0

+---------------------------+
| rep_clientcontractdevices |
+---------------------------+
|                    131529 |
+---------------------------+
1 row in set (0.28 sec)

Database changed
Query OK, 0 rows affected (0.03 sec)

Query OK, 0 rows affected (0.33 sec)

Query OK, 263847 rows affected (8.13 sec)
Records: 263847  Deleted: 0  Skipped: 0  Warnings: 0

Query OK, 0 rows affected (0.80 sec)
Records: 0  Duplicates: 0  Warnings: 0

Query OK, 0 rows affected (1.22 sec)
Records: 0  Duplicates: 0  Warnings: 0

Query OK, 0 rows affected (4.20 sec)
Records: 0  Duplicates: 0  Warnings: 0

Query OK, 0 rows affected (0.78 sec)
Records: 0  Duplicates: 0  Warnings: 0

+---------+
| tickets |
+---------+
|  263847 |
+---------+
1 row in set (0.10 sec)

Database changed
Query OK, 0 rows affected (0.04 sec)

Query OK, 0 rows affected (0.03 sec)

Empty set (0.00 sec)

Query OK, 0 rows affected (0.04 sec)
Records: 0  Duplicates: 0  Warnings: 0

Query OK, 316 rows affected, 2 warnings (0.04 sec)
Records: 316  Deleted: 0  Skipped: 0  Warnings: 2

+-----------------+
| tickettechusers |
+-----------------+
|             316 |
+-----------------+
1 row in set (0.00 sec)

Database changed
Query OK, 0 rows affected (0.04 sec)

Query OK, 0 rows affected (0.03 sec)

Query OK, 0 rows affected (0.04 sec)
Records: 0  Duplicates: 0  Warnings: 0

Query OK, 559281 rows affected, 43549 warnings (12.88 sec)
Records: 559281  Deleted: 0  Skipped: 0  Warnings: 43549

+-------------------+
| ticketassignments |
+-------------------+
|            559281 |
+-------------------+
1 row in set (0.83 sec)

Database changed
Query OK, 0 rows affected (0.08 sec)

Query OK, 0 rows affected (0.03 sec)

Query OK, 1157220 rows affected (19.46 sec)
Records: 1157220  Deleted: 0  Skipped: 0  Warnings: 0

Query OK, 0 rows affected (7.86 sec)
Records: 0  Duplicates: 0  Warnings: 0

Query OK, 0 rows affected (4.40 sec)
Records: 0  Duplicates: 0  Warnings: 0

Query OK, 0 rows affected (3.39 sec)
Records: 0  Duplicates: 0  Warnings: 0

Query OK, 0 rows affected (3.86 sec)
Records: 0  Duplicates: 0  Warnings: 0

+----------------+
| ticketcomments |
+----------------+
|        1157220 |
+----------------+
1 row in set (0.35 sec)

Database changed
Query OK, 0 rows affected (0.03 sec)

Query OK, 0 rows affected (0.02 sec)

Query OK, 426711 rows affected (44.97 sec)
Records: 426711  Deleted: 0  Skipped: 0  Warnings: 0

Query OK, 0 rows affected (2.43 sec)
Records: 0  Duplicates: 0  Warnings: 0

+----------+
| comments |
+----------+
|   426711 |
+----------+
1 row in set (0.13 sec)

Database changed
Query OK, 0 rows affected (0.13 sec)

Query OK, 0 rows affected (0.01 sec)

Query OK, 1051323 rows affected, 65535 warnings (1 min 7.25 sec)
Records: 1051323  Deleted: 0  Skipped: 0  Warnings: 1051339

Query OK, 0 rows affected (6.10 sec)
Records: 0  Duplicates: 0  Warnings: 0

Query OK, 0 rows affected (4.90 sec)
Records: 0  Duplicates: 0  Warnings: 0

Query OK, 0 rows affected (2.68 sec)
Records: 0  Duplicates: 0  Warnings: 0

Query OK, 0 rows affected (3.35 sec)
Records: 0  Duplicates: 0  Warnings: 0

Query OK, 0 rows affected (4.57 sec)
Records: 0  Duplicates: 0  Warnings: 0

+------------+
| devicesold |
+------------+
|    1051323 |
+------------+
1 row in set (0.36 sec)

Database changed
Query OK, 0 rows affected (0.02 sec)

Query OK, 0 rows affected (0.02 sec)

Query OK, 1681069 rows affected (24.80 sec)
Records: 1681069  Deleted: 0  Skipped: 0  Warnings: 0

Query OK, 0 rows affected (8.26 sec)
Records: 0  Duplicates: 0  Warnings: 0

Query OK, 0 rows affected (4.10 sec)
Records: 0  Duplicates: 0  Warnings: 0

Query OK, 0 rows affected (4.04 sec)
Records: 0  Duplicates: 0  Warnings: 0

+------------------+
| contractservices |
+------------------+
|          1681069 |
+------------------+
1 row in set (0.52 sec)

Database changed
Query OK, 0 rows affected (0.07 sec)

Query OK, 0 rows affected (0.01 sec)

Query OK, 3872623 rows affected (2 min 9.96 sec)
Records: 3872623  Deleted: 0  Skipped: 0  Warnings: 0

Query OK, 0 rows affected (17.29 sec)
Records: 0  Duplicates: 0  Warnings: 0

Query OK, 0 rows affected (18.44 sec)
Records: 0  Duplicates: 0  Warnings: 0

Query OK, 0 rows affected (17.26 sec)
Records: 0  Duplicates: 0  Warnings: 0

Query OK, 0 rows affected (14.93 sec)
Records: 0  Duplicates: 0  Warnings: 0

+------------------+
| invoicescontents |
+------------------+
|          3872623 |
+------------------+
1 row in set (1.17 sec)

Database changed
Query OK, 0 rows affected (0.41 sec)

Query OK, 0 rows affected (0.01 sec)

Query OK, 2693442 rows affected (3 min 20.36 sec)
Records: 2693442  Deleted: 0  Skipped: 0  Warnings: 0

Query OK, 0 rows affected (14.68 sec)
Records: 0  Duplicates: 0  Warnings: 0

Query OK, 0 rows affected (13.65 sec)
Records: 0  Duplicates: 0  Warnings: 0

Query OK, 0 rows affected (12.94 sec)
Records: 0  Duplicates: 0  Warnings: 0

Query OK, 0 rows affected (13.30 sec)
Records: 0  Duplicates: 0  Warnings: 0

Query OK, 0 rows affected (14.77 sec)
Records: 0  Duplicates: 0  Warnings: 0

+----------------+
| invoicesheader |
+----------------+
|        2693442 |
+----------------+
1 row in set (0.95 sec)

Database changed
Query OK, 0 rows affected (0.20 sec)

Query OK, 0 rows affected (0.01 sec)

Query OK, 2791176 rows affected (1 min 23.90 sec)
Records: 2791176  Deleted: 0  Skipped: 0  Warnings: 0

Query OK, 0 rows affected (11.08 sec)
Records: 0  Duplicates: 0  Warnings: 0

Query OK, 0 rows affected (9.61 sec)
Records: 0  Duplicates: 0  Warnings: 0

Query OK, 0 rows affected (8.32 sec)
Records: 0  Duplicates: 0  Warnings: 0

Query OK, 0 rows affected (9.11 sec)
Records: 0  Duplicates: 0  Warnings: 0

+---------+
| casa    |
+---------+
| 2791176 |
+---------+
1 row in set (0.82 sec)

Query OK, 0 rows affected (0.03 sec)

Query OK, 13286 rows affected (1 min 15.30 sec)
Records: 13286  Duplicates: 0  Warnings: 0

+--------------------+
| rep_paycol_channel |
+--------------------+
|              13286 |
+--------------------+
1 row in set (0.01 sec)

Query OK, 0 rows affected (0.01 sec)

Query OK, 8990 rows affected (1 min 25.72 sec)
Records: 8990  Duplicates: 0  Warnings: 0

+----------------+
| rep_paycol_pos |
+----------------+
|           8990 |
+----------------+
1 row in set (0.00 sec)

Database changed
Query OK, 0 rows affected (0.02 sec)

Query OK, 0 rows affected (0.01 sec)

Database changed
Query OK, 38723 rows affected (0.93 sec)
Records: 38723  Deleted: 0  Skipped: 0  Warnings: 0

+-------+
| users |
+-------+
| 38723 |
+-------+
1 row in set (0.02 sec)

Database changed
Query OK, 0 rows affected (0.09 sec)

Query OK, 0 rows affected (0.01 sec)

Database changed
Query OK, 11838961 rows affected (2 min 43.90 sec)
Records: 11838961  Deleted: 0  Skipped: 0  Warnings: 0

Query OK, 0 rows affected (40.12 sec)
Records: 0  Duplicates: 0  Warnings: 0

Query OK, 0 rows affected (41.54 sec)
Records: 0  Duplicates: 0  Warnings: 0

Query OK, 0 rows affected (42.85 sec)
Records: 0  Duplicates: 0  Warnings: 0

Query OK, 0 rows affected (48.39 sec)
Records: 0  Duplicates: 0  Warnings: 0

+----------+
| ipusage1 |
+----------+
| 11838961 |
+----------+
1 row in set (11.14 sec)

Query OK, 0 rows affected (0.20 sec)

Query OK, 11938926 rows affected, 65535 warnings (13 min 43.37 sec)
Records: 11938926  Duplicates: 0  Warnings: 11935558

Query OK, 0 rows affected (37.78 sec)
Records: 0  Duplicates: 0  Warnings: 0

Query OK, 0 rows affected (44.43 sec)
Records: 0  Duplicates: 0  Warnings: 0

Query OK, 0 rows affected (41.01 sec)
Records: 0  Duplicates: 0  Warnings: 0

Query OK, 0 rows affected (40.66 sec)
Records: 0  Duplicates: 0  Warnings: 0

Query OK, 0 rows affected (52.79 sec)
Records: 0  Duplicates: 0  Warnings: 0

Query OK, 0 rows affected (57.81 sec)
Records: 0  Duplicates: 0  Warnings: 0

Query OK, 0 rows affected (1 min 5.03 sec)
Records: 0  Duplicates: 0  Warnings: 0

+----------+
| ipusage  |
+----------+
| 11938926 |
+----------+
1 row in set (12.41 sec)

Query OK, 0 rows affected (0.15 sec)

Query OK, 3019781 rows affected (2 min 48.75 sec)
Records: 3019781  Duplicates: 0  Warnings: 0

Query OK, 0 rows affected (13.94 sec)
Records: 0  Duplicates: 0  Warnings: 0

Query OK, 0 rows affected (10.62 sec)
Records: 0  Duplicates: 0  Warnings: 0

Query OK, 0 rows affected (10.41 sec)
Records: 0  Duplicates: 0  Warnings: 0

Query OK, 0 rows affected (14.13 sec)
Records: 0  Duplicates: 0  Warnings: 0

Query OK, 0 rows affected (6.92 sec)
Records: 0  Duplicates: 0  Warnings: 0

Query OK, 0 rows affected (0.16 sec)

Query OK, 240401 rows affected (20.80 sec)
Records: 240401  Duplicates: 0  Warnings: 0

Query OK, 0 rows affected (0.80 sec)
Records: 0  Duplicates: 0  Warnings: 0

Query OK, 0 rows affected (0.80 sec)
Records: 0  Duplicates: 0  Warnings: 0

Query OK, 0 rows affected (0.88 sec)
Records: 0  Duplicates: 0  Warnings: 0

Query OK, 0 rows affected (0.45 sec)
Records: 0  Duplicates: 0  Warnings: 0

Query OK, 0 rows affected (0.42 sec)
Records: 0  Duplicates: 0  Warnings: 0

Query OK, 0 rows affected (0.46 sec)
Records: 0  Duplicates: 0  Warnings: 0

Query OK, 0 rows affected (0.47 sec)
Records: 0  Duplicates: 0  Warnings: 0

Query OK, 0 rows affected (0.09 sec)

Query OK, 1680880 rows affected (1 min 3.68 sec)
Records: 1680880  Duplicates: 0  Warnings: 0

Query OK, 0 rows affected (7.81 sec)
Records: 0  Duplicates: 0  Warnings: 0

Query OK, 0 rows affected (5.56 sec)
Records: 0  Duplicates: 0  Warnings: 0

Query OK, 0 rows affected (6.27 sec)
Records: 0  Duplicates: 0  Warnings: 0

mysql> mysql \. C:\workspace\cloud\code\sql\_DailyScript\currenttime.sql
+---------------------+
| currenttime         |
+---------------------+
| 2019-12-02 08:56:24 |
+---------------------+
1 row in set (0.00 sec)

mysql> 
mysql> mysql \. C:\workspace\cloud\code\sql\_DailyScript\ticket_analysis.sql
Database changed
Query OK, 0 rows affected (0.06 sec)

Query OK, 518200 rows affected (24.92 sec)
Records: 518200  Duplicates: 0  Warnings: 0

Query OK, 0 rows affected (6.20 sec)
Records: 0  Duplicates: 0  Warnings: 0

Query OK, 0 rows affected (1.91 sec)
Records: 0  Duplicates: 0  Warnings: 0

Query OK, 0 rows affected (1.88 sec)
Records: 0  Duplicates: 0  Warnings: 0

Query OK, 0 rows affected (0.11 sec)

Query OK, 17629 rows affected (10.78 sec)
Records: 17629  Duplicates: 0  Warnings: 0

Query OK, 0 rows affected, 1 warning (0.00 sec)

Query OK, 71496 rows affected (6.47 sec)
Records: 71496  Duplicates: 0  Warnings: 0

Query OK, 0 rows affected, 1 warning (0.00 sec)

Query OK, 371067 rows affected (11.00 sec)
Records: 371067  Duplicates: 0  Warnings: 0

Query OK, 0 rows affected, 1 warning (0.00 sec)

Query OK, 371067 rows affected (13.50 sec)
Records: 371067  Duplicates: 0  Warnings: 0

Query OK, 0 rows affected (0.03 sec)

Query OK, 71549 rows affected (6.03 sec)
Records: 71549  Duplicates: 0  Warnings: 0

Database changed
Query OK, 0 rows affected (0.00 sec)

Query OK, 0 rows affected (0.05 sec)

Query OK, 518200 rows affected (21.25 sec)
Records: 518200  Duplicates: 0  Warnings: 0

Query OK, 0 rows affected (0.17 sec)

Query OK, 251834 rows affected (14.70 sec)
Records: 251834  Duplicates: 0  Warnings: 0

+--------------------------+
| clientticket_cmmtjourney |
+--------------------------+
|                   518200 |
+--------------------------+
1 row in set (4.20 sec)

+---------------------------+
| clientticket_assgnjourney |
+---------------------------+
|                    251834 |
+---------------------------+
1 row in set (0.33 sec)

Query OK, 0 rows affected (0.04 sec)

Query OK, 67 rows affected (0.08 sec)
Records: 67  Duplicates: 0  Warnings: 0

mysql> mysql \. C:\workspace\cloud\code\sql\_DailyScript\currenttime.sql
+---------------------+
| currenttime         |
+---------------------+
| 2019-12-02 08:58:28 |
+---------------------+
1 row in set (0.00 sec)

mysql> 
mysql> mysql \. C:\workspace\cloud\code\sql\_DailyScript\load_DailyCalls.sql
Database changed
Query OK, 445 rows affected (0.45 sec)
Records: 445  Deleted: 0  Skipped: 0  Warnings: 0

Query OK, 0 rows affected, 1 warning (0.00 sec)

Query OK, 438 rows affected (0.13 sec)
Records: 438  Duplicates: 0  Warnings: 0

Query OK, 0 rows affected, 1 warning (0.00 sec)

Query OK, 67719 rows affected (0.34 sec)
Records: 67719  Duplicates: 0  Warnings: 0

+----------------------+
| callingclientsbefore |
+----------------------+
|               789554 |
+----------------------+
1 row in set (1.02 sec)

Query OK, 625 rows affected (10.50 sec)
Records: 625  Duplicates: 0  Warnings: 0

+---------------------+
| callingclientsafter |
+---------------------+
|              790179 |
+---------------------+
1 row in set (0.23 sec)

Query OK, 0 rows affected (0.01 sec)

Query OK, 262 rows affected (5.66 sec)
Records: 262  Duplicates: 0  Warnings: 0

Query OK, 0 rows affected (0.00 sec)

Query OK, 16406 rows affected (2.57 sec)
Records: 16406  Duplicates: 0  Warnings: 0

+-----------+
| callstats |
+-----------+
|     16406 |
+-----------+
1 row in set (0.01 sec)

Query OK, 0 rows affected, 1 warning (0.00 sec)

Query OK, 625 rows affected (6.93 sec)
Records: 625  Duplicates: 0  Warnings: 0

+------------------------+
| rep_cccallreportbefore |
+------------------------+
|                 793727 |
+------------------------+
1 row in set (0.22 sec)

Query OK, 625 rows affected (2.34 sec)
Records: 625  Duplicates: 0  Warnings: 0

+-----------------------+
| rep_cccallreportafter |
+-----------------------+
|                794352 |
+-----------------------+
1 row in set (0.24 sec)

Query OK, 0 rows affected (0.00 sec)

mysql> mysql \. C:\workspace\cloud\code\sql\_DailyScript\currenttime.sql
+---------------------+
| currenttime         |
+---------------------+
| 2019-12-02 08:58:59 |
+---------------------+
1 row in set (0.00 sec)

mysql> 
mysql> mysql \. C:\workspace\cloud\code\sql\_DailyScript\DAILY-SCRIPT-USAGE.sql
Database changed
Query OK, 0 rows affected (0.00 sec)

Query OK, 6782 rows affected, 19605 warnings (4.19 sec)
Records: 6782  Deleted: 0  Skipped: 0  Warnings: 19605

Query OK, 0 rows affected (0.00 sec)

Query OK, 10389 rows affected, 30084 warnings (5.80 sec)
Records: 10389  Deleted: 0  Skipped: 0  Warnings: 30084

Query OK, 0 rows affected (0.00 sec)

Query OK, 38 rows affected, 126 warnings (0.03 sec)
Records: 38  Deleted: 0  Skipped: 0  Warnings: 126

Query OK, 0 rows affected (0.00 sec)

Query OK, 189 rows affected, 640 warnings (0.05 sec)
Records: 189  Deleted: 0  Skipped: 0  Warnings: 640

+------------+
| dailyusage |
+------------+
|    9113995 |
+------------+
1 row in set (18.33 sec)

+------------+------------+------------+---------+
| datestart  | dateend    | insertedon | records |
+------------+------------+------------+---------+
| 2019-12-01 | 2019-12-01 | 2019-12-02 |   17398 |
| 2019-11-30 | 2019-11-30 | 2019-12-01 |   17627 |
| 2019-11-29 | 2019-11-29 | 2019-11-30 |   17892 |
| 2019-11-28 | 2019-11-28 | 2019-11-29 |   17774 |
| 2019-11-27 | 2019-11-27 | 2019-11-28 |   17725 |
+------------+------------+------------+---------+
5 rows in set (2 min 31.24 sec)

mysql> mysql \. C:\workspace\cloud\code\sql\_DailyScript\currenttime.sql
+---------------------+
| currenttime         |
+---------------------+
| 2019-12-02 09:01:58 |
+---------------------+
1 row in set (0.00 sec)

mysql> 
mysql> mysql \. C:\workspace\cloud\code\sql\_DailyScript\DAILY-SCRIPT-SALES-TELEMETRY.sql
Database changed
Query OK, 26 rows affected, 7 warnings (0.09 sec)
Records: 26  Deleted: 0  Skipped: 0  Warnings: 7

+------------+
| dailysales |
+------------+
|     175606 |
+------------+
1 row in set (0.46 sec)

Query OK, 0 rows affected (0.01 sec)

Query OK, 175606 rows affected (15.85 sec)
Records: 175606  Duplicates: 0  Warnings: 0

+--------+
| sales  |
+--------+
| 175606 |
+--------+
1 row in set (0.08 sec)

Query OK, 0 rows affected (0.00 sec)

Query OK, 2824 rows affected (0.31 sec)
Records: 2824  Duplicates: 0  Warnings: 0

+----------------+
| rep_dailysales |
+----------------+
|           2824 |
+----------------+
1 row in set (0.00 sec)

Query OK, 0 rows affected (0.00 sec)

Query OK, 2824 rows affected (0.48 sec)
Records: 2824  Duplicates: 0  Warnings: 0

+-------------------+
| rep_dailysalesreg |
+-------------------+
|              2824 |
+-------------------+
1 row in set (0.00 sec)

Query OK, 0 rows affected (0.01 sec)

Query OK, 2604 rows affected (0.62 sec)
Records: 2604  Duplicates: 0  Warnings: 0

+-----------+
| saleslist |
+-----------+
|      2604 |
+-----------+
1 row in set (0.00 sec)

Database changed
ERROR 2 (HY000): File 'C:\ProgramData\MySQL\MySQL Server 5.7\Uploads\_csv\PrepaidCardSales-01122019-P1.csv' not found (Errcode: 2 - No such file or directory)
+------------------+
| dailysinglesales |
+------------------+
|             6061 |
+------------------+
1 row in set (0.07 sec)

Database changed
Query OK, 8 rows affected (0.06 sec)
Records: 8  Deleted: 0  Skipped: 0  Warnings: 0

+-----------------+
| dailyaddonsales |
+-----------------+
|           17729 |
+-----------------+
1 row in set (0.07 sec)

Query OK, 159 rows affected (0.15 sec)
Records: 159  Deleted: 0  Skipped: 0  Warnings: 0

+----------------+
| onlinepayments |
+----------------+
|          72569 |
+----------------+
1 row in set (0.19 sec)

+-------------+----------------+---------------------+
| paymentdate | onlinepayments | onlinepaymentamount |
+-------------+----------------+---------------------+
| 2019-12-01  |            159 |        111685.95000 |
| 2019-11-30  |            154 |        107643.57000 |
| 2019-11-29  |            116 |         73931.32000 |
| 2019-11-28  |            152 |        114237.44000 |
| 2019-11-27  |            152 |         99847.38000 |
+-------------+----------------+---------------------+
5 rows in set (2.13 sec)

+-------------+--------------+----------------+---------------------+
| paymentyear | paymentmonth | onlinepayments | onlinepaymentamount |
+-------------+--------------+----------------+---------------------+
|        2019 |           12 |            159 |        111685.95000 |
|        2019 |           11 |           3112 |       2058344.74000 |
|        2019 |           10 |           3323 |       2227696.68000 |
|        2019 |            9 |           3167 |       2039048.12000 |
|        2019 |            8 |           3117 |       1993718.27000 |
+-------------+--------------+----------------+---------------------+
5 rows in set (0.08 sec)

mysql> mysql \. C:\workspace\cloud\code\sql\_DailyScript\currenttime.sql
+---------------------+
| currenttime         |
+---------------------+
| 2019-12-02 09:02:19 |
+---------------------+
1 row in set (0.00 sec)

mysql> 
mysql> mysql \. C:\workspace\cloud\code\sql\_DailyScript\DAILY-SCRIPT-ACTIVENUMBERS.sql
Database changed
Query OK, 1250 rows affected (1.39 sec)
Records: 1250  Deleted: 0  Skipped: 0  Warnings: 0

+------------+----------+
| period     | count(1) |
+------------+----------+
| 2019-12-01 |     1250 |
| 2019-11-30 |     1250 |
| 2019-11-29 |     1242 |
| 2019-11-28 |     1246 |
| 2019-11-27 |     1238 |
| 2019-11-26 |     1239 |
+------------+----------+
6 rows in set (0.01 sec)

Query OK, 0 rows affected (0.00 sec)

Query OK, 82 rows affected (1.57 sec)
Records: 82  Duplicates: 0  Warnings: 0

+-------------+
| packagelist |
+-------------+
|          82 |
+-------------+
1 row in set (0.00 sec)

Database changed
Query OK, 0 rows affected (0.00 sec)

Query OK, 0 rows affected (0.00 sec)

Query OK, 0 rows affected (0.00 sec)

Query OK, 0 rows affected (0.00 sec)

Query OK, 26687 rows affected, 222 warnings (1 min 4.38 sec)
Records: 26687  Deleted: 0  Skipped: 0  Warnings: 222

+------------+----------+
| period     | count(1) |
+------------+----------+
| 2019-12-01 |    26687 |
| 2019-11-30 |    26813 |
| 2019-11-29 |    27085 |
| 2019-11-28 |    27099 |
| 2019-11-27 |    27104 |
+------------+----------+
5 rows in set (0.19 sec)

Query OK, 0 rows affected (0.03 sec)

Query OK, 26069 rows affected (1 min 56.27 sec)
Records: 26069  Duplicates: 0  Warnings: 0

Query OK, 0 rows affected (0.16 sec)
Records: 0  Duplicates: 0  Warnings: 0

Query OK, 0 rows affected (0.12 sec)
Records: 0  Duplicates: 0  Warnings: 0

Query OK, 0 rows affected (0.12 sec)
Records: 0  Duplicates: 0  Warnings: 0

Query OK, 0 rows affected (0.08 sec)
Records: 0  Duplicates: 0  Warnings: 0

Query OK, 0 rows affected (0.07 sec)
Records: 0  Duplicates: 0  Warnings: 0

Query OK, 0 rows affected (0.07 sec)
Records: 0  Duplicates: 0  Warnings: 0

+-------------+
| countbefore |
+-------------+
|    31382681 |
+-------------+
1 row in set (1 min 2.49 sec)

Query OK, 26069 rows affected (32.45 sec)
Records: 26069  Duplicates: 0  Warnings: 0

+------------+
| countafter |
+------------+
|   31408750 |
+------------+
1 row in set (16.64 sec)

+------------+--------------------------+
| period     | customercontractactivity |
+------------+--------------------------+
| 2019-12-01 |                    26069 |
| 2019-11-30 |                    26195 |
| 2019-11-29 |                    26468 |
| 2019-11-28 |                    26482 |
| 2019-11-27 |                    26486 |
+------------+--------------------------+
5 rows in set (0.06 sec)

Query OK, 0 rows affected (0.03 sec)

Query OK, 240273 rows affected (12 min 34.94 sec)
Records: 240273  Duplicates: 0  Warnings: 0

Query OK, 0 rows affected (0.86 sec)
Records: 0  Duplicates: 0  Warnings: 0

Query OK, 0 rows affected (0.90 sec)
Records: 0  Duplicates: 0  Warnings: 0

Query OK, 0 rows affected (0.95 sec)
Records: 0  Duplicates: 0  Warnings: 0

Query OK, 0 rows affected (0.01 sec)

Query OK, 254 rows affected (0.42 sec)
Records: 254  Duplicates: 0  Warnings: 0

Query OK, 0 rows affected (0.00 sec)

Query OK, 2503 rows affected (0.55 sec)
Records: 2503  Duplicates: 0  Warnings: 0

Query OK, 0 rows affected (0.01 sec)

Query OK, 26058 rows affected (0.57 sec)
Records: 26058  Duplicates: 0  Warnings: 0

Query OK, 0 rows affected (0.01 sec)

Query OK, 16717 rows affected (0.35 sec)
Records: 16717  Duplicates: 0  Warnings: 0

Query OK, 0 rows affected (0.05 sec)

Query OK, 16717 rows affected (0.14 sec)
Records: 16717  Duplicates: 0  Warnings: 0

Query OK, 0 rows affected (0.01 sec)

Query OK, 16717 rows affected (1.28 sec)
Records: 16717  Duplicates: 0  Warnings: 0

Query OK, 0 rows affected (0.06 sec)

Query OK, 16717 rows affected (44.67 sec)
Records: 16717  Duplicates: 0  Warnings: 0

+-------------+
| clientstats |
+-------------+
|       16717 |
+-------------+
1 row in set (0.01 sec)

Query OK, 0 rows affected (0.00 sec)

Query OK, 13 rows affected, 1 warning (0.13 sec)
Records: 13  Duplicates: 0  Warnings: 1

+-----------------------+-------------+-------------+----------------+-----------------+
| services              | activecount | allaccounts | uniqueaccounts | uniquecontracts |
+-----------------------+-------------+-------------+----------------+-----------------+
| All                   |         237 |          40 |             40 |             130 |
| Internet & Voice      |         421 |         193 |            193 |             376 |
| Internet Only         |        4200 |        4094 |           4085 |            4139 |
| OTT Only              |           6 |           4 |              4 |               6 |
| TV & Internet         |        8484 |        3737 |           3729 |            7613 |
| TV & Internet & OTT   |        2322 |         625 |            624 |            1277 |
| TV & Internet & Voice |         490 |         143 |            143 |             438 |
| TV & OTT              |         356 |          70 |             69 |              87 |
| TV & Voice            |         109 |          46 |             46 |              96 |
| TV & Voice & OTT      |           3 |           1 |              1 |               2 |
| TV Only               |       10004 |        7582 |           7563 |            7761 |
| Voice Only            |         183 |         182 |            182 |             183 |
| GRAND TOTAL           |       26815 |       16717 |          16626 |           22108 |
+-----------------------+-------------+-------------+----------------+-----------------+
13 rows in set (0.00 sec)

+-------------+-------------+-------------+----------------+-----------------+
| network     | activecount | allaccounts | uniqueaccounts | uniquecontracts |
+-------------+-------------+-------------+----------------+-----------------+
| ADDON       |          13 |           9 |              9 |               9 |
| GPON        |        7496 |        3849 |           3846 |            5796 |
| HFC         |       19302 |       12857 |          12857 |           16299 |
| MOBILE TV   |           4 |           2 |              2 |               4 |
| GRAND TOTAL |       26815 |       16717 |          16626 |           22108 |
+-------------+-------------+-------------+----------------+-----------------+
5 rows in set, 1 warning (0.12 sec)

+-------------+-----------------------+-------------+-------------+----------------+-----------------+
| network     | services              | activecount | allaccounts | uniqueaccounts | uniquecontracts |
+-------------+-----------------------+-------------+-------------+----------------+-----------------+
| ADDON       | OTT Only              |           2 |           2 |              2 |               2 |
| ADDON       | TV & OTT              |           4 |           1 |              1 |               1 |
| ADDON       | TV Only               |           7 |           6 |              6 |               6 |
| ADDON       | Services Total        |          13 |           9 |              9 |               9 |
| GPON        | All                   |         125 |          20 |             20 |              65 |
| GPON        | Internet & Voice      |          65 |          27 |             27 |              55 |
| GPON        | Internet Only         |        1029 |         949 |            949 |             971 |
| GPON        | TV & Internet         |        3060 |        1288 |           1288 |            2648 |
| GPON        | TV & Internet & OTT   |        1195 |         318 |            318 |             650 |
| GPON        | TV & Internet & Voice |         151 |          42 |             42 |             131 |
| GPON        | TV & OTT              |          69 |          23 |             23 |              24 |
| GPON        | TV & Voice            |          55 |          22 |             22 |              47 |
| GPON        | TV Only               |        1737 |        1150 |           1150 |            1195 |
| GPON        | Voice Only            |          10 |          10 |             10 |              10 |
| GPON        | Services Total        |        7496 |        3849 |           3846 |            5796 |
| HFC         | All                   |         112 |          20 |             20 |              65 |
| HFC         | Internet & Voice      |         356 |         166 |            166 |             321 |
| HFC         | Internet Only         |        3171 |        3145 |           3145 |            3168 |
| HFC         | TV & Internet         |        5424 |        2449 |           2449 |            4965 |
| HFC         | TV & Internet & OTT   |        1127 |         307 |            307 |             627 |
| HFC         | TV & Internet & Voice |         339 |         101 |            101 |             307 |
| HFC         | TV & OTT              |         283 |          46 |             46 |              62 |
| HFC         | TV & Voice            |          54 |          24 |             24 |              49 |
| HFC         | TV & Voice & OTT      |           3 |           1 |              1 |               2 |
| HFC         | TV Only               |        8260 |        6426 |           6426 |            6560 |
| HFC         | Voice Only            |         173 |         172 |            172 |             173 |
| HFC         | Services Total        |       19302 |       12857 |          12857 |           16299 |
| MOBILE TV   | OTT Only              |           4 |           2 |              2 |               4 |
| MOBILE TV   | Services Total        |           4 |           2 |              2 |               4 |
| GRAND TOTAL | Services Total        |       26815 |       16717 |          16626 |           22108 |
+-------------+-----------------------+-------------+-------------+----------------+-----------------+
30 rows in set, 2 warnings (0.13 sec)

Query OK, 0 rows affected (0.00 sec)

Query OK, 48 rows affected, 3 warnings (0.16 sec)
Records: 48  Duplicates: 0  Warnings: 3

+-------------+---------------+-----------------------+-------------+-------------+----------------+-----------------+
| region      | network       | services              | activecount | allaccounts | uniqueaccounts | uniquecontracts |
+-------------+---------------+-----------------------+-------------+-------------+----------------+-----------------+
| Mahe        | ADDON         | OTT Only              |           2 |           2 |              2 |               2 |
| Mahe        | ADDON         | TV & OTT              |           4 |           1 |              1 |               1 |
| Mahe        | ADDON         | TV Only               |           3 |           2 |              2 |               2 |
| Mahe        | ADDON         | Services Total        |           9 |           5 |              5 |               5 |
| Mahe        | GPON          | All                   |         108 |          17 |             17 |              56 |
| Mahe        | GPON          | Internet & Voice      |          53 |          21 |             21 |              43 |
| Mahe        | GPON          | Internet Only         |         797 |         717 |            717 |             739 |
| Mahe        | GPON          | TV & Internet         |        2210 |         921 |            921 |            1882 |
| Mahe        | GPON          | TV & Internet & OTT   |         841 |         215 |            215 |             439 |
| Mahe        | GPON          | TV & Internet & Voice |         130 |          36 |             36 |             111 |
| Mahe        | GPON          | TV & OTT              |          53 |          15 |             15 |              16 |
| Mahe        | GPON          | TV & Voice            |          52 |          21 |             21 |              44 |
| Mahe        | GPON          | TV Only               |        1340 |         865 |            865 |             893 |
| Mahe        | GPON          | Voice Only            |           9 |           9 |              9 |               9 |
| Mahe        | GPON          | Services Total        |        5593 |        2837 |           2837 |            4232 |
| Mahe        | HFC           | All                   |         112 |          20 |             20 |              65 |
| Mahe        | HFC           | Internet & Voice      |         356 |         166 |            166 |             321 |
| Mahe        | HFC           | Internet Only         |        3170 |        3144 |           3144 |            3167 |
| Mahe        | HFC           | TV & Internet         |        5424 |        2449 |           2449 |            4965 |
| Mahe        | HFC           | TV & Internet & OTT   |        1127 |         307 |            307 |             627 |
| Mahe        | HFC           | TV & Internet & Voice |         339 |         101 |            101 |             307 |
| Mahe        | HFC           | TV & OTT              |         283 |          46 |             46 |              62 |
| Mahe        | HFC           | TV & Voice            |          54 |          24 |             24 |              49 |
| Mahe        | HFC           | TV & Voice & OTT      |           3 |           1 |              1 |               2 |
| Mahe        | HFC           | TV Only               |        8255 |        6423 |           6423 |            6557 |
| Mahe        | HFC           | Voice Only            |         173 |         172 |            172 |             173 |
| Mahe        | HFC           | Services Total        |       19296 |       12853 |          12853 |           16295 |
| Mahe        | MOBILE TV     | OTT Only              |           4 |           2 |              2 |               4 |
| Mahe        | MOBILE TV     | Services Total        |           4 |           2 |              2 |               4 |
| Mahe        | Network Total | Services Total        |       24902 |       15697 |          15612 |           20536 |
| Praslin     | ADDON         | TV Only               |           4 |           4 |              4 |               4 |
| Praslin     | ADDON         | Services Total        |           4 |           4 |              4 |               4 |
| Praslin     | GPON          | All                   |          17 |           3 |              3 |               9 |
| Praslin     | GPON          | Internet & Voice      |          12 |           6 |              6 |              12 |
| Praslin     | GPON          | Internet Only         |         232 |         232 |            232 |             232 |
| Praslin     | GPON          | TV & Internet         |         850 |         367 |            367 |             766 |
| Praslin     | GPON          | TV & Internet & OTT   |         354 |         103 |            103 |             211 |
| Praslin     | GPON          | TV & Internet & Voice |          21 |           6 |              6 |              20 |
| Praslin     | GPON          | TV & OTT              |          16 |           8 |              8 |               8 |
| Praslin     | GPON          | TV & Voice            |           3 |           1 |              1 |               3 |
| Praslin     | GPON          | TV Only               |         397 |         285 |            285 |             302 |
| Praslin     | GPON          | Voice Only            |           1 |           1 |              1 |               1 |
| Praslin     | GPON          | Services Total        |        1903 |        1012 |           1012 |            1564 |
| Praslin     | HFC           | Internet Only         |           1 |           1 |              1 |               1 |
| Praslin     | HFC           | TV Only               |           5 |           3 |              3 |               3 |
| Praslin     | HFC           | Services Total        |           6 |           4 |              4 |               4 |
| Praslin     | Network Total | Services Total        |        1913 |        1020 |           1017 |            1572 |
| GRAND TOTAL | Network Total | Services Total        |       26815 |       16717 |          16626 |           22108 |
+-------------+---------------+-----------------------+-------------+-------------+----------------+-----------------+
48 rows in set (0.00 sec)

Query OK, 0 rows affected (0.00 sec)

Query OK, 26059 rows affected (0.50 sec)
Records: 26059  Duplicates: 0  Warnings: 0

Query OK, 0 rows affected (0.01 sec)

Query OK, 1976 rows affected (6.65 sec)
Records: 1976  Duplicates: 0  Warnings: 0

+--------------------------------------+
| message                              |
+--------------------------------------+
| running rcbill_my.sp_ActiveNumber2() |
+--------------------------------------+
1 row in set (0.00 sec)

Query OK, 335 rows affected (2 min 21.90 sec)

mysql> mysql \. C:\workspace\cloud\code\sql\_DailyScript\currenttime.sql
+---------------------+
| currenttime         |
+---------------------+
| 2019-12-02 09:23:11 |
+---------------------+
1 row in set (0.00 sec)

mysql> 
mysql> mysql \. C:\workspace\cloud\code\sql\_DailyScript\GetActiveNumbers Average -Pivot.sql
Database changed
+-------------------------------------+
| @today := subdate(current_date(),1) |
+-------------------------------------+
| 2019-12-01                          |
+-------------------------------------+
1 row in set (0.00 sec)

+-------------------------------------+
| @lastdayofmonth := last_day(@today) |
+-------------------------------------+
| 2019-12-31                          |
+-------------------------------------+
1 row in set (0.00 sec)

Query OK, 0 rows affected (0.02 sec)

Query OK, 34969 rows affected, 65535 warnings (52.31 sec)
Records: 34969  Duplicates: 0  Warnings: 70957

Query OK, 0 rows affected (0.10 sec)
Records: 0  Duplicates: 0  Warnings: 0

Query OK, 0 rows affected (0.10 sec)
Records: 0  Duplicates: 0  Warnings: 0

Query OK, 0 rows affected (0.09 sec)
Records: 0  Duplicates: 0  Warnings: 0

+-----------------+
| activenumberavg |
+-----------------+
|           34969 |
+-----------------+
1 row in set (0.01 sec)

Query OK, 0 rows affected (0.02 sec)

Query OK, 1799 rows affected (0.43 sec)
Records: 1799  Duplicates: 0  Warnings: 0

+---------------------+
| rep_activenumberavg |
+---------------------+
|                1799 |
+---------------------+
1 row in set (0.00 sec)

+----------------------+
| rep_activenumberavg1 |
+----------------------+
|                  854 |
+----------------------+
1 row in set (0.00 sec)

Query OK, 0 rows affected (0.02 sec)

Query OK, 1796 rows affected (0.36 sec)
Records: 1796  Duplicates: 0  Warnings: 0

Query OK, 0 rows affected (0.01 sec)

Query OK, 9119 rows affected (0.60 sec)
Records: 9119  Duplicates: 0  Warnings: 0

Query OK, 0 rows affected (0.00 sec)

Query OK, 0 rows affected (0.00 sec)

Query OK, 0 rows affected (0.00 sec)

Query OK, 0 rows affected (0.00 sec)

Query OK, 0 rows affected (0.00 sec)
Statement prepared

Query OK, 53 rows affected (0.03 sec)
Records: 53  Duplicates: 0  Warnings: 0

Query OK, 0 rows affected (0.00 sec)

Query OK, 0 rows affected (0.00 sec)

+----------------------+
| rep_activenumberavg2 |
+----------------------+
|                 1796 |
+----------------------+
1 row in set (0.00 sec)

+------------------------+
| rep_activenumberavg_pv |
+------------------------+
|                     53 |
+------------------------+
1 row in set (0.00 sec)

Query OK, 0 rows affected (0.00 sec)

Query OK, 1796 rows affected (0.28 sec)
Records: 1796  Duplicates: 0  Warnings: 0

Query OK, 0 rows affected (0.00 sec)

Query OK, 0 rows affected (0.00 sec)

Query OK, 0 rows affected (0.01 sec)

Query OK, 0 rows affected (0.00 sec)

Query OK, 0 rows affected (0.00 sec)
Statement prepared

Query OK, 53 rows affected (0.06 sec)
Records: 53  Duplicates: 0  Warnings: 0

Query OK, 0 rows affected (0.00 sec)

Query OK, 0 rows affected (0.00 sec)

+-------------------------+
| rep_activenumberavgMahe |
+-------------------------+
|                    1796 |
+-------------------------+
1 row in set (0.00 sec)

+----------------------------+
| rep_activenumberavgMahe_pv |
+----------------------------+
|                         53 |
+----------------------------+
1 row in set (0.00 sec)

Query OK, 0 rows affected (0.00 sec)

Query OK, 1149 rows affected (0.12 sec)
Records: 1149  Duplicates: 0  Warnings: 0

Query OK, 0 rows affected (0.00 sec)

Query OK, 0 rows affected (0.00 sec)

Query OK, 0 rows affected (0.00 sec)

Query OK, 0 rows affected (0.00 sec)

Query OK, 0 rows affected (0.00 sec)
Statement prepared

Query OK, 40 rows affected (0.02 sec)
Records: 40  Duplicates: 0  Warnings: 0

Query OK, 0 rows affected (0.00 sec)

Query OK, 0 rows affected (0.00 sec)

+----------------------------+
| rep_activenumberavgPraslin |
+----------------------------+
|                       1149 |
+----------------------------+
1 row in set (0.00 sec)

+-------------------------------+
| rep_activenumberavgPraslin_pv |
+-------------------------------+
|                            40 |
+-------------------------------+
1 row in set (0.00 sec)

mysql> mysql \. C:\workspace\cloud\code\sql\_DailyScript\currenttime.sql
+---------------------+
| currenttime         |
+---------------------+
| 2019-12-02 09:24:05 |
+---------------------+
1 row in set (0.00 sec)

mysql> 
mysql> mysql \. C:\workspace\cloud\code\sql\_DailyScript\budget_actual_analysis_2019.sql
Query OK, 0 rows affected (0.00 sec)

Query OK, 570 rows affected, 3 warnings (0.36 sec)
Records: 570  Duplicates: 0  Warnings: 3

+--------------------+
| budget_actual_2019 |
+--------------------+
|                570 |
+--------------------+
1 row in set (0.00 sec)

Query OK, 0 rows affected (0.00 sec)

Query OK, 48 rows affected (0.03 sec)
Records: 48  Duplicates: 0  Warnings: 0

+---------------------------+
| rep_budget_actual_2019_pv |
+---------------------------+
|                        48 |
+---------------------------+
1 row in set (0.00 sec)

mysql> mysql \. C:\workspace\cloud\code\sql\_DailyScript\currenttime.sql
+---------------------+
| currenttime         |
+---------------------+
| 2019-12-02 09:24:06 |
+---------------------+
1 row in set (0.00 sec)

mysql> 
mysql> mysql \. C:\workspace\cloud\code\sql\_DailyScript\reports-sales-addons-prepaid-camera.sql
Database changed
Query OK, 0 rows affected (0.00 sec)

Query OK, 3888 rows affected (0.28 sec)
Records: 3888  Duplicates: 0  Warnings: 0

Query OK, 0 rows affected (0.01 sec)

Query OK, 17750 rows affected (24.48 sec)
Records: 17750  Duplicates: 0  Warnings: 0

+--------------------+
| rep_prepaid_camera |
+--------------------+
|               3888 |
+--------------------+
1 row in set (0.01 sec)

+-----------+
| rep_addon |
+-----------+
|     17750 |
+-----------+
1 row in set (0.01 sec)

mysql> mysql \. C:\workspace\cloud\code\sql\_DailyScript\currenttime.sql
+---------------------+
| currenttime         |
+---------------------+
| 2019-12-02 09:24:31 |
+---------------------+
1 row in set (0.00 sec)

mysql> 
mysql> mysql \. C:\workspace\cloud\code\sql\_DailyScript\housing-estate-analysis.sql
Database changed
Query OK, 0 rows affected (0.02 sec)

Query OK, 2916 rows affected (26.08 sec)
Records: 2916  Duplicates: 0  Warnings: 0

+--------------------+
| rep_housingestates |
+--------------------+
|               2916 |
+--------------------+
1 row in set (0.00 sec)

mysql> mysql \. C:\workspace\cloud\code\sql\_DailyScript\currenttime.sql
+---------------------+
| currenttime         |
+---------------------+
| 2019-12-02 09:24:57 |
+---------------------+
1 row in set (0.00 sec)

mysql> 
mysql> mysql \. C:\workspace\cloud\code\sql\_DailyScript\RCB_ClientAnalyticsReport_Script.sql
Database changed
Query OK, 0 rows affected (0.00 sec)

Query OK, 0 rows affected (0.10 sec)

Query OK, 1780669 rows affected (1 min 27.56 sec)
Records: 1780669  Duplicates: 0  Warnings: 0

Query OK, 0 rows affected (8.39 sec)
Records: 0  Duplicates: 0  Warnings: 0

Query OK, 0 rows affected (5.73 sec)
Records: 0  Duplicates: 0  Warnings: 0

Query OK, 0 rows affected (8.68 sec)
Records: 0  Duplicates: 0  Warnings: 0

Query OK, 0 rows affected (8.74 sec)
Records: 0  Duplicates: 0  Warnings: 0

Query OK, 0 rows affected (10.19 sec)
Records: 0  Duplicates: 0  Warnings: 0

Query OK, 0 rows affected (6.73 sec)
Records: 0  Duplicates: 0  Warnings: 0

Query OK, 0 rows affected (0.00 sec)

Query OK, 459524 rows affected (14.01 sec)
Rows matched: 1780669  Changed: 459524  Warnings: 0

Query OK, 0 rows affected (0.01 sec)

Query OK, 26877 rows affected (3.62 sec)
Records: 26877  Duplicates: 0  Warnings: 0

Query OK, 0 rows affected (0.06 sec)

Query OK, 42905 rows affected (10 min 11.77 sec)
Records: 42905  Duplicates: 0  Warnings: 0

Query OK, 0 rows affected (0.21 sec)
Records: 0  Duplicates: 0  Warnings: 0

Query OK, 0 rows affected (0.14 sec)
Records: 0  Duplicates: 0  Warnings: 0

Query OK, 0 rows affected (0.08 sec)
Records: 0  Duplicates: 0  Warnings: 0

Query OK, 0 rows affected (0.12 sec)

Query OK, 430979 rows affected (11 min 52.73 sec)
Records: 430979  Duplicates: 0  Warnings: 0

Query OK, 0 rows affected (1.55 sec)
Records: 0  Duplicates: 0  Warnings: 0

Query OK, 0 rows affected (1.56 sec)
Records: 0  Duplicates: 0  Warnings: 0

Query OK, 0 rows affected (0.81 sec)
Records: 0  Duplicates: 0  Warnings: 0

Query OK, 0 rows affected (1.88 sec)
Records: 0  Duplicates: 0  Warnings: 0

Query OK, 0 rows affected (1.16 sec)
Records: 0  Duplicates: 0  Warnings: 0

Query OK, 0 rows affected (0.03 sec)

Query OK, 42905 rows affected (1 min 28.36 sec)
Records: 42905  Duplicates: 0  Warnings: 0

+--------------+
| clientreport |
+--------------+
|        42905 |
+--------------+
1 row in set (0.02 sec)

Query OK, 0 rows affected (0.03 sec)

Query OK, 42905 rows affected (5.88 sec)
Records: 42905  Duplicates: 0  Warnings: 0

+----------------------+
| clientextendedreport |
+----------------------+
|                42905 |
+----------------------+
1 row in set (0.01 sec)

Query OK, 0 rows affected (0.04 sec)

Query OK, 42905 rows affected (1 min 11.71 sec)
Records: 42905  Duplicates: 0  Warnings: 0

+---------+
| allcust |
+---------+
|   42905 |
+---------+
1 row in set (0.01 sec)

Query OK, 0 rows affected, 1 warning (0.00 sec)

Query OK, 5000 rows affected (0.24 sec)
Records: 5000  Duplicates: 0  Warnings: 0

Query OK, 0 rows affected (0.01 sec)

Query OK, 6851 rows affected (0.33 sec)
Records: 6851  Duplicates: 0  Warnings: 0

Query OK, 0 rows affected, 1 warning (0.01 sec)

Query OK, 5000 rows affected (0.13 sec)
Records: 5000  Duplicates: 0  Warnings: 0

Query OK, 0 rows affected (0.01 sec)

Query OK, 7317 rows affected (0.32 sec)
Records: 7317  Duplicates: 0  Warnings: 0

mysql> mysql \. C:\workspace\cloud\code\sql\_DailyScript\currenttime.sql
+---------------------+
| currenttime         |
+---------------------+
| 2019-12-02 09:52:30 |
+---------------------+
1 row in set (0.00 sec)

mysql> 
mysql> mysql \. C:\workspace\cloud\code\sql\_DailyScript\REVENUE_PER_NODE_MXK.sql
Query OK, 0 rows affected (0.00 sec)

Query OK, 0 rows affected (0.01 sec)

Query OK, 0 rows affected (0.01 sec)

Query OK, 5222 rows affected (2.34 sec)
Records: 5222  Duplicates: 0  Warnings: 0

+----------------------+
| message              |
+----------------------+
| created temp table a |
+----------------------+
1 row in set (0.00 sec)

Query OK, 5367 rows affected (1.16 sec)
Records: 5367  Duplicates: 0  Warnings: 0

+----------------------+
| message              |
+----------------------+
| created temp table b |
+----------------------+
1 row in set (0.00 sec)

Query OK, 0 rows affected, 1 warning (0.00 sec)

Query OK, 5498 rows affected (9.57 sec)
Records: 5498  Duplicates: 0  Warnings: 0

+--------------------------------+
| message                        |
+--------------------------------+
| created rcbill_my.tempcustmxk1 |
+--------------------------------+
1 row in set (0.00 sec)

Query OK, 0 rows affected (0.00 sec)

Query OK, 0 rows affected (0.00 sec)

Query OK, 0 rows affected, 1 warning (0.00 sec)

Query OK, 5222 rows affected (1.13 sec)
Records: 5222  Duplicates: 0  Warnings: 0

+----------------+
| message        |
+----------------+
| created temp a |
+----------------+
1 row in set (0.00 sec)

Query OK, 5367 rows affected (0.45 sec)
Records: 5367  Duplicates: 0  Warnings: 0

+----------------+
| message        |
+----------------+
| created temp b |
+----------------+
1 row in set (0.00 sec)

Query OK, 0 rows affected, 1 warning (0.00 sec)

Query OK, 5455 rows affected (6.52 sec)
Records: 5455  Duplicates: 0  Warnings: 0

+--------------------------------+
| message                        |
+--------------------------------+
| created rcbill_my.tempcustmxk2 |
+--------------------------------+
1 row in set (0.00 sec)

Query OK, 0 rows affected (0.00 sec)

Query OK, 0 rows affected (0.00 sec)

Query OK, 0 rows affected, 1 warning (0.00 sec)

Query OK, 0 rows affected (0.01 sec)

Query OK, 6134 rows affected (0.30 sec)
Records: 6134  Duplicates: 0  Warnings: 0

+---------------------------------+
| message                         |
+---------------------------------+
| created rcbill_my.customers_mxk |
+---------------------------------+
1 row in set (0.00 sec)

Query OK, 0 rows affected (0.00 sec)

Query OK, 0 rows affected (0.00 sec)

Query OK, 13897 rows affected (5.39 sec)
Records: 13897  Duplicates: 0  Warnings: 0

+----------------+
| message        |
+----------------+
| created temp a |
+----------------+
1 row in set (0.00 sec)

Query OK, 21067 rows affected (1.75 sec)
Records: 21067  Duplicates: 0  Warnings: 0

+----------------+
| message        |
+----------------+
| created temp c |
+----------------+
1 row in set (0.00 sec)

Query OK, 0 rows affected, 1 warning (0.00 sec)

Query OK, 28375 rows affected (0.30 sec)
Records: 28375  Duplicates: 0  Warnings: 0

+---------------------------------+
| message                         |
+---------------------------------+
| created rcbill_my.tempcustcmts1 |
+---------------------------------+
1 row in set (0.00 sec)

Query OK, 0 rows affected (0.00 sec)

Query OK, 0 rows affected, 1 warning (0.00 sec)

Query OK, 0 rows affected (0.01 sec)

Query OK, 13897 rows affected (5.46 sec)
Records: 13897  Duplicates: 0  Warnings: 0

+----------------+
| message        |
+----------------+
| created temp a |
+----------------+
1 row in set (0.00 sec)

Query OK, 21067 rows affected (1.07 sec)
Records: 21067  Duplicates: 0  Warnings: 0

+----------------+
| message        |
+----------------+
| created temp c |
+----------------+
1 row in set (0.00 sec)

Query OK, 0 rows affected, 1 warning (0.00 sec)

Query OK, 22049 rows affected (0.27 sec)
Records: 22049  Duplicates: 0  Warnings: 0

+---------------------------------+
| message                         |
+---------------------------------+
| created rcbill_my.tempcustcmts2 |
+---------------------------------+
1 row in set (0.00 sec)

Query OK, 0 rows affected (0.01 sec)

Query OK, 0 rows affected, 1 warning (0.00 sec)

Query OK, 0 rows affected (0.00 sec)

Query OK, 0 rows affected (0.00 sec)

Query OK, 14044 rows affected (0.98 sec)
Records: 14044  Duplicates: 0  Warnings: 0

+----------------------------------+
| message                          |
+----------------------------------+
| created rcbill_my.customers_cmts |
+----------------------------------+
1 row in set (0.00 sec)

Query OK, 0 rows affected (0.01 sec)

Query OK, 0 rows affected (0.00 sec)

Query OK, 0 rows affected (0.01 sec)

Query OK, 17540 rows affected (0.78 sec)
Records: 17540  Duplicates: 0  Warnings: 0

+--------------------------------------+
| message                              |
+--------------------------------------+
| created rcbill_my.customers_cmts_mxk |
+--------------------------------------+
1 row in set (0.00 sec)

Query OK, 455550 rows affected (1 min 8.07 sec)
Records: 455550  Duplicates: 0  Warnings: 0

+----------------+
| message        |
+----------------+
| created temp a |
+----------------+
1 row in set (0.00 sec)

Query OK, 0 rows affected (0.02 sec)

Query OK, 456228 rows affected (11.72 sec)
Records: 456228  Duplicates: 0  Warnings: 0

+------------------------------------------------+
| message                                        |
+------------------------------------------------+
| created rcbill_my.customers_contracts_cmts_mxk |
+------------------------------------------------+
1 row in set (0.00 sec)

Query OK, 0 rows affected (0.01 sec)

Query OK, 0 rows affected, 1 warning (0.00 sec)

Query OK, 0 rows affected, 1 warning (0.00 sec)

Query OK, 0 rows affected (0.00 sec)

Query OK, 7585 rows affected (3.45 sec)
Rows matched: 7585  Changed: 7585  Warnings: 0

+------------------------------------------------+
| message                                        |
+------------------------------------------------+
| updated rcbill_my.customers_contracts_cmts_mxk |
+------------------------------------------------+
1 row in set (0.00 sec)

Query OK, 0 rows affected (0.04 sec)

Query OK, 1756180 rows affected (4 min 19.88 sec)
Records: 1756180  Duplicates: 0  Warnings: 0

+----------------------------------------+
| message                                |
+----------------------------------------+
| created rcbill_my.customers_collection |
+----------------------------------------+
1 row in set (0.00 sec)

Query OK, 0 rows affected (0.03 sec)

Query OK, 2023801 rows affected (2 min 27.01 sec)
Records: 2023801  Duplicates: 0  Warnings: 0

+------------------------------------------------+
| message                                        |
+------------------------------------------------+
| created rcbill_my.customers_cmts_mxk_cont_coll |
+------------------------------------------------+
1 row in set (0.00 sec)

Query OK, 0 rows affected (0.01 sec)

Query OK, 52662 rows affected (13.42 sec)
Records: 52662  Duplicates: 0  Warnings: 0

+------------------------------------------------------------+
| message                                                    |
+------------------------------------------------------------+
| created rcbill_my.customers_contracts_collection_pivot2019 |
+------------------------------------------------------------+
1 row in set (0.00 sec)

Query OK, 0 rows affected (0.04 sec)

Query OK, 20302 rows affected (12.42 sec)
Records: 20302  Duplicates: 0  Warnings: 0

+--------------------------------------------------+
| message                                          |
+--------------------------------------------------+
| created rcbill_my.customers_collection_pivot2019 |
+--------------------------------------------------+
1 row in set (0.00 sec)

Query OK, 0 rows affected (0.02 sec)

Query OK, 42905 rows affected (1.29 sec)
Records: 42905  Duplicates: 0  Warnings: 0

+------------------------------------------------+
| message                                        |
+------------------------------------------------+
| created rcbill_my.rep_customers_collection2019 |
+------------------------------------------------+
1 row in set (0.00 sec)

Query OK, 0 rows affected (0.00 sec)

Query OK, 0 rows affected, 1 warning (0.00 sec)

Query OK, 424767 rows affected (20.30 sec)
Records: 424767  Duplicates: 0  Warnings: 0

+-------------------------+
| message                 |
+-------------------------+
| created rcbill_my.tempa |
+-------------------------+
1 row in set (0.00 sec)

Query OK, 0 rows affected, 1 warning (0.00 sec)

Query OK, 101781 rows affected (13.48 sec)
Records: 101781  Duplicates: 0  Warnings: 0

+-------------------------+
| message                 |
+-------------------------+
| created rcbill_my.tempb |
+-------------------------+
1 row in set (0.00 sec)

Query OK, 424767 rows affected (10.49 sec)
Records: 424767  Duplicates: 0  Warnings: 0

+-----------+
| message   |
+-----------+
| created a |
+-----------+
1 row in set (0.00 sec)

Query OK, 101795 rows affected (5.33 sec)
Records: 101795  Duplicates: 0  Warnings: 0

+-----------+
| message   |
+-----------+
| created b |
+-----------+
1 row in set (0.00 sec)

Query OK, 0 rows affected (0.09 sec)

Query OK, 0 rows affected (0.01 sec)

Query OK, 0 rows affected (0.03 sec)

Query OK, 427761 rows affected (26.46 sec)
Records: 427761  Duplicates: 0  Warnings: 0

+----------------------------------------------+
| message                                      |
+----------------------------------------------+
| created rcbill_my.cust_cont_payment_cmts_mxk |
+----------------------------------------------+
1 row in set (0.00 sec)

Query OK, 0 rows affected (0.01 sec)

Query OK, 0 rows affected (0.00 sec)

Query OK, 0 rows affected, 1 warning (0.00 sec)

Query OK, 0 rows affected (0.01 sec)

Query OK, 42905 rows affected (12.69 sec)
Records: 42905  Duplicates: 0  Warnings: 0

+--------------------------------------------------+
| message                                          |
+--------------------------------------------------+
| created rcbill_my.rep_cust_cont_payment_cmts_mxk |
+--------------------------------------------------+
1 row in set (0.00 sec)

Query OK, 0 rows affected, 1 warning (0.00 sec)

Query OK, 0 rows affected, 1 warning (0.00 sec)

Query OK, 0 rows affected (0.03 sec)

Query OK, 42905 rows affected, 5 warnings (8.14 sec)
Records: 42905  Duplicates: 0  Warnings: 5

+----------------------+
| rep_custconsolidated |
+----------------------+
|                42905 |
+----------------------+
1 row in set (0.03 sec)

Query OK, 0 rows affected (0.00 sec)

Query OK, 0 rows affected (0.01 sec)

+----------------------------------------------+
| message                                      |
+----------------------------------------------+
| creating rcbill_my.retentioncustomeractivity |
+----------------------------------------------+
1 row in set (0.00 sec)

Query OK, 902 rows affected (0.08 sec)
Records: 902  Duplicates: 0  Warnings: 0

+---------------------------+
| retentioncustomeractivity |
+---------------------------+
|                       902 |
+---------------------------+
1 row in set (0.00 sec)

+-----------+------------------------------------+------------+-------------+-----------------+------------------+---------------------+-------------------+
| HFC_NODE  | NODENAME                           | CMTS_DATE  | INSERTED_ON | UNIQUE_ACCOUNTS | UNIQUE_CONTRACTS | UNIQUE_MAC_INRCBOSS | UNIQUE_MAC_INCMTS |
+-----------+------------------------------------+------------+-------------+-----------------+------------------+---------------------+-------------------+
| NULL      | NULL                               | NULL       | 2019-12-02  |            6223 |             6530 |                6565 |                 0 |
| C5/0/0/U0 | ANSE-BOILEAU-2                     | 2019-10-01 | 2019-12-02  |             176 |              178 |                 176 |               176 |
| C5/0/0/U1 | 500-C3-ANSE-BOILEAU                | 2019-10-01 | 2019-12-02  |             177 |              185 |                 177 |               181 |
| C5/0/1/U0 | 501-C4-LA-MISIERE-LEFT-I           | 2019-10-01 | 2019-12-02  |             148 |              155 |                 147 |               150 |
| C5/0/1/U1 | 501-C5-LA-MISIERE-RIGHT            | 2019-10-01 | 2019-12-02  |             110 |              113 |                 110 |               111 |
| C5/0/1/U2 | 501-C7-LA-MISIERE-LEFT-II          | 2019-10-01 | 2019-12-02  |             150 |              157 |                 150 |               154 |
| C5/0/2/U0 | 502-C8-LA-LOUISE                   | 2019-10-01 | 2019-12-02  |             138 |              140 |                 138 |               141 |
| C5/0/2/U1 | LA-LOUISE-2                        | 2019-10-01 | 2019-12-02  |             143 |              147 |                 143 |               147 |
| C5/0/3/U0 | 504-C6-PETIT-PARIS                 | 2019-10-01 | 2019-12-02  |             157 |              160 |                 157 |               158 |
| C5/0/3/U1 | PETIT-PARIS-23                     | 2019-10-01 | 2019-12-02  |              69 |               71 |                  69 |                73 |
| C5/0/4/U0 | FOUR-SEASONS                       | 2019-10-01 | 2019-12-02  |               4 |               12 |                  12 |                12 |
| C5/0/4/U1 | ANCHOR-CAFE-I                      | 2019-10-01 | 2019-12-02  |             142 |              145 |                 142 |               146 |
| C5/0/4/U2 | ANCHOR-CAFE-II                     | 2019-10-01 | 2019-12-02  |             147 |              150 |                 147 |               150 |
| C5/1/0/U0 | POINTE-LARUE-AIRPORT-23            | 2019-10-01 | 2019-12-02  |              98 |              104 |                 100 |               104 |
| C5/1/0/U1 | PPROVIDENCE-23                     | 2019-10-01 | 2019-12-02  |              25 |               27 |                  25 |                25 |
| C5/1/0/U2 | ROSHE-CAIMAN-23                    | 2019-10-01 | 2019-12-02  |              10 |               11 |                  10 |                10 |
| C5/1/0/U3 | HEAD-OFFICE | HO-23                | 2019-10-01 | 2019-12-02  |              30 |               30 |                  30 |                32 |
| C5/1/1/U1 | C5-UNION-VALE                      | 2019-10-01 | 2019-12-02  |             183 |              188 |                 183 |               188 |
| C5/1/3/U0 | POINTE-LARUE-AIRPORT-27            | 2019-10-01 | 2019-12-02  |             133 |              138 |                 133 |               136 |
| C5/1/3/U1 | PPROVIDENCE-27                     | 2019-10-01 | 2019-12-02  |              37 |               38 |                  37 |                37 |
| C5/1/3/U2 | ROSHE-CAIMAN-27                    | 2019-10-01 | 2019-12-02  |              24 |               24 |                  24 |                26 |
| C5/1/3/U3 | HEAD-OFFICE | HO-27                | 2019-10-01 | 2019-12-02  |              12 |               13 |                  12 |                13 |
| C5/1/4/U0 | ANSE-ROYALE-27                     | 2019-10-01 | 2019-12-02  |              94 |               98 |                  94 |                95 |
| C5/1/4/U1 | GLACIS-2-57                        | 2019-10-01 | 2019-12-02  |             114 |              120 |                 114 |               119 |
| C5/1/4/U2 | NULL                               | 2019-10-01 | 2019-12-02  |              94 |               94 |                  94 |                95 |
| C5/1/4/U3 | GLACIS-1                           | 2019-10-01 | 2019-12-02  |              43 |               44 |                  43 |                46 |
| C6/0/1/U0 | SERRET-ROAD-RIGHT/CURIO/PASCAL     | 2019-10-01 | 2019-12-02  |             117 |              120 |                 117 |               122 |
| C6/0/1/U1 | SERRET-ROAD-LEFT/ST.LOUIS/TOWN     | 2019-10-01 | 2019-12-02  |             140 |              144 |                 140 |               141 |
| C6/0/1/U2 | SERRET-ROAD-RIGHT/CURIO/PASCAL-2   | 2019-10-01 | 2019-12-02  |             121 |              122 |                 121 |               123 |
| C6/0/1/U3 | SERRET-ROAD-LEFT/ST.LOUIS/TOWN-2   | 2019-10-01 | 2019-12-02  |             145 |              149 |                 145 |               146 |
| C6/0/2/U0 | SANS-SOUCIS-I                      | 2019-10-01 | 2019-12-02  |             120 |              125 |                 120 |               125 |
| C6/0/2/U1 | SANS-SOUCIS-II                     | 2019-10-01 | 2019-12-02  |              99 |              101 |                  99 |               101 |
| C6/0/2/U2 | BEL-AIR-27                         | 2019-10-01 | 2019-12-02  |              89 |               91 |                  89 |                93 |
| C6/0/2/U3 | BEL-AIR-38                         | 2019-10-01 | 2019-12-02  |             105 |              110 |                 105 |               108 |
| C6/0/3/U0 | LES-MAMELLES-23                    | 2019-10-01 | 2019-12-02  |              75 |               75 |                  75 |                75 |
| C6/0/3/U1 | VICTORIA-23                        | 2019-10-01 | 2019-12-02  |              22 |               23 |                  22 |                25 |
| C6/0/4/U0 | LES-MAMELLES-27                    | 2019-10-01 | 2019-12-02  |              83 |               83 |                  83 |                83 |
| C6/0/4/U1 | VICTORIA-27                        | 2019-10-01 | 2019-12-02  |              32 |               35 |                  31 |                31 |
| C7/1/0/U0 | LA-RETRAITE-23                     | 2019-10-01 | 2019-12-02  |              80 |               86 |                  80 |                82 |
| C7/1/0/U1 | TEA-FACTORY-23                     | 2019-10-01 | 2019-12-02  |              21 |               25 |                  21 |                21 |
| C7/1/0/U2 | PAS-23                             | 2019-10-01 | 2019-12-02  |             102 |              103 |                 102 |               104 |
| C7/1/1/U0 | REEF-ESTATE-23                     | 2019-10-01 | 2019-12-02  |              89 |               90 |                  89 |                91 |
| C7/1/1/U1 | BEL-OMBRE-NEW-23                   | 2019-10-01 | 2019-12-02  |              16 |               16 |                  16 |                19 |
| C7/1/2/U0 | LA-RETRAITE-27                     | 2019-10-01 | 2019-12-02  |             124 |              128 |                 125 |               128 |
| C7/1/2/U1 | TEA-FACTORY-27                     | 2019-10-01 | 2019-12-02  |              27 |               31 |                  30 |                31 |
| C7/1/2/U2 | PAS-27                             | 2019-10-01 | 2019-12-02  |              97 |              101 |                  97 |                99 |
| C7/1/3/U0 | MT-BUXTON-27                       | 2019-10-01 | 2019-12-02  |             141 |              143 |                 141 |               143 |
| C7/1/3/U1 | MT-BUXTON-23                       | 2019-10-01 | 2019-12-02  |              75 |               77 |                  75 |                75 |
| C7/1/4/U0 | REEF-ESTATE-27                     | 2019-10-01 | 2019-12-02  |              65 |               66 |                  65 |                65 |
| C7/1/4/U1 | BEL-OMBRE-NEW-27                   | 2019-10-01 | 2019-12-02  |              20 |               20 |                  20 |                23 |
| C8/0/0/U0 | POLICE-ACADEMY-1-27 - POINTE LARUE | 2019-10-01 | 2019-12-02  |             218 |              222 |                 218 |               222 |
| C8/0/0/U1 | NULL                               | 2019-10-01 | 2019-12-02  |              94 |               98 |                  94 |               100 |
| C8/0/1/U0 | NULL                               | 2019-10-01 | 2019-12-02  |             151 |              152 |                 151 |               154 |
| C8/0/1/U1 | POLICE-ACADEMY-2-27 - TURTLE BAY   | 2019-10-01 | 2019-12-02  |             164 |              166 |                 164 |               165 |
| C8/0/2/U0 | BEAU-VALLON-LEFT-1-57              | 2019-10-01 | 2019-12-02  |              95 |               98 |                  95 |                96 |
| C8/0/3/U1 | BEAU-VALLON-RIGHT-2-57             | 2019-10-01 | 2019-12-02  |             171 |              178 |                 171 |               175 |
| C8/1/0/U0 | MA-JOIE-NODE-27                    | 2019-10-01 | 2019-12-02  |             116 |              119 |                 115 |               118 |
| C8/1/0/U1 | BELONIE-27                         | 2019-10-01 | 2019-12-02  |             154 |              157 |                 153 |               155 |
| C8/1/0/U3 | MA-JOIE-NODE-23                    | 2019-10-01 | 2019-12-02  |             104 |              104 |                 104 |               106 |
| C8/1/1/U0 | 611-C1-ROJN I                      | 2019-10-01 | 2019-12-02  |             138 |              139 |                 138 |               141 |
| C8/1/1/U1 | 611-C5-ROJN II                     | 2019-10-01 | 2019-12-02  |             104 |              105 |                 104 |               104 |
| C8/1/2/U0 | 612-C2-ANSE-ETOILE                 | 2019-10-01 | 2019-12-02  |             188 |              194 |                 188 |               192 |
| C8/1/2/U1 | ANSE-ETOILE-U2                     | 2019-10-01 | 2019-12-02  |              58 |               59 |                  58 |                58 |
| C8/1/3/U0 | 613-C3-ANSE-GAULETTE I             | 2019-10-01 | 2019-12-02  |              71 |               77 |                  71 |                71 |
| C8/1/3/U1 | 613-C7-ANSE-GAULETTE II            | 2019-10-01 | 2019-12-02  |              71 |               78 |                  71 |                73 |
| C8/1/3/U2 | 613-C3-ANSE-GAULETTE III           | 2019-10-01 | 2019-12-02  |              38 |               39 |                  38 |                38 |
| C8/1/3/U3 | TAKAMAKA I                         | 2019-10-01 | 2019-12-02  |             104 |              108 |                 104 |               106 |
| C8/1/3/U4 | TAKAMAKA II                        | 2019-10-01 | 2019-12-02  |             100 |              100 |                 100 |               101 |
| C8/1/4/U0 | 614-BEOLIERE-NODE-1                | 2019-10-01 | 2019-12-02  |             128 |              134 |                 128 |               130 |
| C8/1/4/U1 | 614-BEOLIERE-NODE-2                | 2019-10-01 | 2019-12-02  |              97 |              100 |                  97 |               100 |
+-----------+------------------------------------+------------+-------------+-----------------+------------------+---------------------+-------------------+
70 rows in set (0.20 sec)

+------------------+------------+-------------+-----------------+------------------+----------------------+-------------------+
| MXK_NAME         | MXK_DATE   | INSERTED_ON | UNIQUE_ACCOUNTS | UNIQUE_CONTRACTS | UNIQUE_FSAN_INRCBOSS | UNIQUE_FSAN_INMXK |
+------------------+------------+-------------+-----------------+------------------+----------------------+-------------------+
| NULL             | NULL       | 2019-12-02  |             666 |              674 |                  665 |                 0 |
| MXK-ANSEETOILE   | 2019-10-01 | 2019-12-02  |             148 |              150 |                  150 |               156 |
| MXK-ANSEROYALE   | 2019-10-01 | 2019-12-02  |             138 |              138 |                  138 |               156 |
| MXK-BEAUVALLON   | 2019-10-01 | 2019-12-02  |            1191 |             1212 |                 1203 |              1271 |
| MXK-MAHE         | 2019-10-01 | 2019-12-02  |             904 |              932 |                  868 |              1092 |
| MXK-PERSEVERANCE | 2019-10-01 | 2019-12-02  |             995 |             1001 |                 1000 |              1141 |
| MXK-PRASLIN      | 2019-10-01 | 2019-12-02  |            1167 |             1170 |                 1163 |              1277 |
+------------------+------------+-------------+-----------------+------------------+----------------------+-------------------+
7 rows in set (0.11 sec)

mysql> mysql \. C:\workspace\cloud\code\sql\_DailyScript\currenttime.sql
+---------------------+
| currenttime         |
+---------------------+
| 2019-12-02 10:03:23 |
+---------------------+
1 row in set (0.00 sec)

mysql> 
mysql> mysql \. C:\workspace\cloud\code\sql\Analysis\service_tickets_assignments.sql
Query OK, 0 rows affected (0.02 sec)

Query OK, 88768 rows affected (17.25 sec)
Records: 88768  Duplicates: 0  Warnings: 0

+-------------------------+
| rep_servicetickets_2019 |
+-------------------------+
|                   88768 |
+-------------------------+
1 row in set (1.54 sec)

mysql> mysql \. C:\workspace\cloud\code\sql\_DailyScript\currenttime.sql
+---------------------+
| currenttime         |
+---------------------+
| 2019-12-02 10:03:41 |
+---------------------+
1 row in set (0.00 sec)

mysql> 
mysql> 
mysql> exit
