    -> 
    -> mysql \. C:\workspace\cloud\code\sql\_DailyScript\_setdates.sql
Database changed
Query OK, 0 rows affected (0.00 sec)

Query OK, 0 rows affected (0.00 sec)

Query OK, 0 rows affected (0.00 sec)

Query OK, 0 rows affected (0.00 sec)

Query OK, 0 rows affected (0.00 sec)

Query OK, 0 rows affected (0.00 sec)

Query OK, 0 rows affected (0.00 sec)

Query OK, 0 rows affected (0.00 sec)

Query OK, 0 rows affected (0.00 sec)

Query OK, 0 rows affected (0.00 sec)

Query OK, 0 rows affected (0.00 sec)

Query OK, 0 rows affected (0.00 sec)

Query OK, 0 rows affected (0.00 sec)

Query OK, 0 rows affected (0.00 sec)

Query OK, 0 rows affected (0.00 sec)

Query OK, 0 rows affected (0.00 sec)

Query OK, 0 rows affected (0.00 sec)

Query OK, 0 rows affected (0.00 sec)

Query OK, 0 rows affected (0.00 sec)

Query OK, 0 rows affected (0.00 sec)

Query OK, 0 rows affected (0.00 sec)

mysql> mysql \. C:\workspace\cloud\code\sql\_DailyScript\currenttime.sql
+---------------------+
| currenttime         |
+---------------------+
| 2021-03-15 07:02:12 |
+---------------------+
1 row in set (0.00 sec)

mysql> 
mysql> mysql \. C:\workspace\cloud\code\sql\_DailyScript\load_RCB_VODTITLES.sql
Database changed
Query OK, 0 rows affected (0.00 sec)

Query OK, 14094 rows affected (0.18 sec)

Query OK, 14096 rows affected, 14096 warnings (0.32 sec)
Records: 14096  Deleted: 0  Skipped: 0  Warnings: 14096

Query OK, 0 rows affected (0.00 sec)

Query OK, 2 rows affected (0.01 sec)

+-----------+
| VODTITLES |
+-----------+
|     14554 |
+-----------+
1 row in set (0.01 sec)

+-----------+-----------+
| titletype | typecount |
+-----------+-----------+
| E         |     11842 |
| N         |       246 |
| T         |      2006 |
| NULL      |     14094 |
+-----------+-----------+
4 rows in set (0.05 sec)

mysql> mysql \. C:\workspace\cloud\code\sql\_DailyScript\currenttime.sql
+---------------------+
| currenttime         |
+---------------------+
| 2021-03-15 07:02:13 |
+---------------------+
1 row in set (0.00 sec)

mysql> 
mysql> mysql \. C:\workspace\cloud\code\sql\_DailyScript\DAILY-SCRIPT-LIVETV-STATS.sql
Database changed
Query OK, 0 rows affected (0.01 sec)

Query OK, 105971 rows affected (1.24 sec)
Records: 105971  Duplicates: 0  Warnings: 0

+------------+------------+----------+--------------+--------------+-----------+-------------+----------+--------+------+------------+---------+---------------+
| Table      | Non_unique | Key_name | Seq_in_index | Column_name  | Collation | Cardinality | Sub_part | Packed | Null | Index_type | Comment | Index_comment |
+------------+------------+----------+--------------+--------------+-----------+-------------+----------+--------+------+------------+---------+---------------+
| templivetv |          1 | idxtv1   |            1 | device       | A         |      106326 |     NULL | NULL   | YES  | BTREE      |         |               |
| templivetv |          1 | idxtv2   |            1 | sessionstart | A         |      106326 |     NULL | NULL   | YES  | BTREE      |         |               |
+------------+------------+----------+--------------+--------------+-----------+-------------+----------+--------+------+------------+---------+---------------+
2 rows in set (0.00 sec)

Query OK, 106201 rows affected (14.03 sec)
Records: 106201  Duplicates: 0  Warnings: 0

Query OK, 2622 rows affected (0.90 sec)
Records: 2622  Duplicates: 0  Warnings: 0

Query OK, 0 rows affected (0.00 sec)

Query OK, 0 rows affected (0.00 sec)

Query OK, 125 rows affected (0.06 sec)
Records: 125  Duplicates: 0  Warnings: 0

Query OK, 0 rows affected (0.01 sec)

Query OK, 58248 rows affected (4 min 33.85 sec)
Records: 58248  Duplicates: 0  Warnings: 0

+-----------------+
| rep_livetvstats |
+-----------------+
|           58248 |
+-----------------+
1 row in set (0.02 sec)

mysql> mysql \. C:\workspace\cloud\code\sql\_DailyScript\currenttime.sql
+---------------------+
| currenttime         |
+---------------------+
| 2021-03-15 07:07:03 |
+---------------------+
1 row in set (0.00 sec)

mysql> 
mysql> mysql \. C:\workspace\cloud\code\sql\_DailyScript\DAILY-SCRIPT-VODTS-STATS.sql
Database changed
Query OK, 0 rows affected (0.01 sec)

Query OK, 5909 rows affected (19.47 sec)
Records: 5909  Duplicates: 0  Warnings: 0

+---------+------------+----------+--------------+--------------+-----------+-------------+----------+--------+------+------------+---------+---------------+
| Table   | Non_unique | Key_name | Seq_in_index | Column_name  | Collation | Cardinality | Sub_part | Packed | Null | Index_type | Comment | Index_comment |
+---------+------------+----------+--------------+--------------+-----------+-------------+----------+--------+------+------------+---------+---------------+
| tempvod |          1 | idxtvod1 |            1 | device       | A         |        6119 |     NULL | NULL   | YES  | BTREE      |         |               |
| tempvod |          1 | idxtvod2 |            1 | sessionstart | A         |        6119 |     NULL | NULL   | YES  | BTREE      |         |               |
+---------+------------+----------+--------------+--------------+-----------+-------------+----------+--------+------+------------+---------+---------------+
2 rows in set (0.00 sec)

Query OK, 5913 rows affected (3.09 sec)
Records: 5913  Duplicates: 0  Warnings: 0

Query OK, 0 rows affected (0.01 sec)

Query OK, 1071098 rows affected (1 min 26.57 sec)
Records: 1071098  Duplicates: 0  Warnings: 0

+--------------+
| rep_vodstats |
+--------------+
|      1071098 |
+--------------+
1 row in set (0.31 sec)

Database changed
Query OK, 0 rows affected (0.01 sec)

Query OK, 21489 rows affected (43.99 sec)
Records: 21489  Duplicates: 0  Warnings: 0

+--------+------------+----------+--------------+--------------+-----------+-------------+----------+--------+------+------------+---------+---------------+
| Table  | Non_unique | Key_name | Seq_in_index | Column_name  | Collation | Cardinality | Sub_part | Packed | Null | Index_type | Comment | Index_comment |
+--------+------------+----------+--------------+--------------+-----------+-------------+----------+--------+------+------------+---------+---------------+
| tempts |          1 | idxtts1  |            1 | device       | A         |       21576 |     NULL | NULL   | YES  | BTREE      |         |               |
| tempts |          1 | idxtts2  |            1 | sessionstart | A         |       21576 |     NULL | NULL   | YES  | BTREE      |         |               |
+--------+------------+----------+--------------+--------------+-----------+-------------+----------+--------+------+------------+---------+---------------+
2 rows in set (0.00 sec)

Query OK, 21468 rows affected (13.69 sec)
Records: 21468  Duplicates: 0  Warnings: 0

Query OK, 0 rows affected (0.01 sec)

Query OK, 45469 rows affected (45.93 sec)
Records: 45469  Duplicates: 0  Warnings: 0

+-------------+
| rep_tsstats |
+-------------+
|       45469 |
+-------------+
1 row in set (0.01 sec)

mysql> mysql \. C:\workspace\cloud\code\sql\_DailyScript\currenttime.sql
+---------------------+
| currenttime         |
+---------------------+
| 2021-03-15 07:10:36 |
+---------------------+
1 row in set (0.00 sec)

mysql> 
mysql> mysql \. C:\workspace\cloud\code\sql\_DailyScript\DAILY-SCRIPT-RADIO-STATS.sql
Database changed
Query OK, 0 rows affected (0.01 sec)

Query OK, 370065 rows affected (4.36 sec)
Records: 370065  Duplicates: 0  Warnings: 0

+-----------+------------+----------+--------------+--------------+-----------+-------------+----------+--------+------+------------+---------+---------------+
| Table     | Non_unique | Key_name | Seq_in_index | Column_name  | Collation | Cardinality | Sub_part | Packed | Null | Index_type | Comment | Index_comment |
+-----------+------------+----------+--------------+--------------+-----------+-------------+----------+--------+------+------------+---------+---------------+
| tempradio |          1 | idxtrad1 |            1 | device       | A         |      371446 |     NULL | NULL   | YES  | BTREE      |         |               |
| tempradio |          1 | idxtrad2 |            1 | sessionstart | A         |      371446 |     NULL | NULL   | YES  | BTREE      |         |               |
+-----------+------------+----------+--------------+--------------+-----------+-------------+----------+--------+------+------------+---------+---------------+
2 rows in set (0.00 sec)

Query OK, 351 rows affected (1.57 sec)
Records: 351  Duplicates: 0  Warnings: 0

Query OK, 0 rows affected (0.01 sec)

Query OK, 6079 rows affected (0.54 sec)
Records: 6079  Duplicates: 0  Warnings: 0

+----------------+
| rep_radiostats |
+----------------+
|           6079 |
+----------------+
1 row in set (0.00 sec)

mysql> mysql \. C:\workspace\cloud\code\sql\_DailyScript\currenttime.sql
+---------------------+
| currenttime         |
+---------------------+
| 2021-03-15 07:10:43 |
+---------------------+
1 row in set (0.00 sec)

mysql> 
mysql> mysql \. C:\workspace\cloud\code\sql\_DailyScript\DAILY_SCRIPT_TELEMETRY_PIVOT_2021.sql
Query OK, 0 rows affected (0.01 sec)

Query OK, 140 rows affected (0.08 sec)
Records: 140  Duplicates: 0  Warnings: 0

Query OK, 0 rows affected (0.01 sec)

Query OK, 11136 rows affected (1.49 sec)
Records: 11136  Duplicates: 0  Warnings: 0

Query OK, 0 rows affected (0.01 sec)

Query OK, 5 rows affected (0.02 sec)
Records: 5  Duplicates: 0  Warnings: 0

Query OK, 0 rows affected (0.00 sec)

Query OK, 44 rows affected (0.06 sec)
Records: 44  Duplicates: 0  Warnings: 0

mysql> mysql \. C:\workspace\cloud\code\sql\_DailyScript\currenttime.sql
+---------------------+
| currenttime         |
+---------------------+
| 2021-03-15 07:10:45 |
+---------------------+
1 row in set (0.00 sec)

mysql> 
mysql> mysql \. C:\workspace\cloud\code\sql\_DailyScript\telemetry_livetv_ranking2021.sql
Query OK, 0 rows affected (0.01 sec)

Query OK, 140 rows affected (0.02 sec)
Records: 140  Duplicates: 0  Warnings: 0

mysql> mysql \. C:\workspace\cloud\code\sql\_DailyScript\currenttime.sql
+---------------------+
| currenttime         |
+---------------------+
| 2021-03-15 07:10:45 |
+---------------------+
1 row in set (0.00 sec)

mysql> 
mysql> mysql \. C:\workspace\cloud\code\sql\_DailyScript\telemetry_radio_ranking2021.sql
Query OK, 0 rows affected (0.00 sec)

Query OK, 5 rows affected (0.01 sec)
Records: 5  Duplicates: 0  Warnings: 0

mysql> mysql \. C:\workspace\cloud\code\sql\_DailyScript\currenttime.sql
+---------------------+
| currenttime         |
+---------------------+
| 2021-03-15 07:10:45 |
+---------------------+
1 row in set (0.00 sec)

mysql> 
mysql> mysql \. C:\workspace\cloud\code\sql\_DailyScript\telemetry_ts_ranking2021.sql
Query OK, 0 rows affected (0.01 sec)

Query OK, 44 rows affected (0.02 sec)
Records: 44  Duplicates: 0  Warnings: 0

mysql> mysql \. C:\workspace\cloud\code\sql\_DailyScript\currenttime.sql
+---------------------+
| currenttime         |
+---------------------+
| 2021-03-15 07:10:45 |
+---------------------+
1 row in set (0.00 sec)

mysql> 
mysql> mysql \. C:\workspace\cloud\code\sql\_DailyScript\telemetry_vod_ranking2021.sql
Query OK, 0 rows affected (0.00 sec)

Query OK, 11136 rows affected (0.49 sec)
Records: 11136  Duplicates: 0  Warnings: 0

mysql> mysql \. C:\workspace\cloud\code\sql\_DailyScript\currenttime.sql
+---------------------+
| currenttime         |
+---------------------+
| 2021-03-15 07:10:45 |
+---------------------+
1 row in set (0.00 sec)

mysql> 
mysql> mysql \. C:\workspace\cloud\code\sql\_DailyScript\telemetry_vod_ranking2021_1.sql
Query OK, 0 rows affected (0.01 sec)

Query OK, 11136 rows affected (0.24 sec)
Records: 11136  Duplicates: 0  Warnings: 0

mysql> mysql \. C:\workspace\cloud\code\sql\_DailyScript\currenttime.sql
+---------------------+
| currenttime         |
+---------------------+
| 2021-03-15 07:10:45 |
+---------------------+
1 row in set (0.00 sec)

mysql> 
mysql> mysql \. C:\workspace\cloud\code\sql\_DailyScript\telemetry_vod_ranking2021_2.sql
Query OK, 0 rows affected (0.01 sec)

Query OK, 11136 rows affected (0.23 sec)
Records: 11136  Duplicates: 0  Warnings: 0

mysql> mysql \. C:\workspace\cloud\code\sql\_DailyScript\currenttime.sql
+---------------------+
| currenttime         |
+---------------------+
| 2021-03-15 07:10:46 |
+---------------------+
1 row in set (0.00 sec)

mysql> 
mysql> mysql \. C:\workspace\cloud\code\sql\_DailyScript\DAILY-SCRIPT-CREATE-LOAD.sql
Database changed
Database changed
Query OK, 0 rows affected (0.01 sec)

Query OK, 0 rows affected (0.01 sec)

Database changed
Query OK, 67709 rows affected (2.33 sec)
Records: 67709  Deleted: 0  Skipped: 0  Warnings: 0

Query OK, 0 rows affected (0.14 sec)
Records: 0  Duplicates: 0  Warnings: 0

Query OK, 0 rows affected (0.22 sec)
Records: 0  Duplicates: 0  Warnings: 0

Query OK, 0 rows affected (0.24 sec)
Records: 0  Duplicates: 0  Warnings: 0

Query OK, 0 rows affected (0.23 sec)
Records: 0  Duplicates: 0  Warnings: 0

+---------+
| clients |
+---------+
|   67709 |
+---------+
1 row in set (0.02 sec)

Query OK, 0 rows affected (0.01 sec)

Query OK, 14685 rows affected (6.75 sec)
Records: 14685  Duplicates: 0  Warnings: 0

Query OK, 0 rows affected (0.05 sec)
Records: 0  Duplicates: 0  Warnings: 0

+-------------------+
| rcb_clientparcels |
+-------------------+
|             14685 |
+-------------------+
1 row in set (0.00 sec)

Query OK, 0 rows affected (0.01 sec)

Query OK, 82754 rows affected (3.65 sec)
Records: 82754  Duplicates: 0  Warnings: 0

Query OK, 0 rows affected (0.27 sec)
Records: 0  Duplicates: 0  Warnings: 0

Query OK, 0 rows affected (0.01 sec)

Query OK, 67709 rows affected (32.21 sec)
Records: 67709  Duplicates: 0  Warnings: 0

Query OK, 0 rows affected (0.20 sec)
Records: 0  Duplicates: 0  Warnings: 0

Query OK, 0 rows affected (0.21 sec)
Records: 0  Duplicates: 0  Warnings: 0

Query OK, 0 rows affected (0.17 sec)
Records: 0  Duplicates: 0  Warnings: 0

+---------------+
| clientaddress |
+---------------+
|         67709 |
+---------------+
1 row in set (0.02 sec)

Database changed
Query OK, 0 rows affected (0.02 sec)

Query OK, 0 rows affected (0.01 sec)

Database changed
Query OK, 541597 rows affected, 65535 warnings (15.55 sec)
Records: 541597  Deleted: 0  Skipped: 0  Warnings: 225500

Query OK, 0 rows affected (2.74 sec)
Records: 0  Duplicates: 0  Warnings: 0

Query OK, 0 rows affected (2.49 sec)
Records: 0  Duplicates: 0  Warnings: 0

Query OK, 0 rows affected (1.41 sec)
Records: 0  Duplicates: 0  Warnings: 0

Query OK, 0 rows affected (0.01 sec)

Query OK, 541597 rows affected (40.01 sec)
Records: 541597  Duplicates: 0  Warnings: 0

Query OK, 0 rows affected (1.79 sec)
Records: 0  Duplicates: 0  Warnings: 0

Query OK, 0 rows affected (1.40 sec)
Records: 0  Duplicates: 0  Warnings: 0

+-----------+
| contracts |
+-----------+
|    541597 |
+-----------+
1 row in set (0.17 sec)

+-----------------+
| contractaddress |
+-----------------+
|          541597 |
+-----------------+
1 row in set (0.15 sec)

Database changed
Query OK, 0 rows affected (0.01 sec)

Query OK, 0 rows affected (0.01 sec)

Query OK, 7820 rows affected (0.15 sec)
Records: 7820  Deleted: 0  Skipped: 0  Warnings: 0

Query OK, 0 rows affected (0.01 sec)

Query OK, 7788 rows affected (0.97 sec)
Records: 7788  Duplicates: 0  Warnings: 0

Query OK, 0 rows affected (0.04 sec)
Records: 0  Duplicates: 0  Warnings: 0

Query OK, 0 rows affected (0.03 sec)
Records: 0  Duplicates: 0  Warnings: 0

Query OK, 0 rows affected (0.04 sec)
Records: 0  Duplicates: 0  Warnings: 0

Query OK, 0 rows affected (0.03 sec)

Query OK, 5915 rows affected (0.06 sec)
Records: 5915  Duplicates: 0  Warnings: 0

Query OK, 0 rows affected (0.03 sec)
Records: 0  Duplicates: 0  Warnings: 0

+-------------------+
| contractdiscounts |
+-------------------+
|              7820 |
+-------------------+
1 row in set (0.00 sec)

+-------------------------+
| clientcontractdiscounts |
+-------------------------+
|                    7788 |
+-------------------------+
1 row in set (0.00 sec)

+----------------------------+
| clientcontractlastdiscount |
+----------------------------+
|                       5915 |
+----------------------------+
1 row in set (0.00 sec)

Database changed
Query OK, 0 rows affected (0.04 sec)

Query OK, 0 rows affected (0.01 sec)

Database changed
Query OK, 144568 rows affected, 8 warnings (2.76 sec)
Records: 144568  Deleted: 0  Skipped: 0  Warnings: 8

Query OK, 0 rows affected (0.26 sec)
Records: 0  Duplicates: 0  Warnings: 0

Query OK, 0 rows affected (0.29 sec)
Records: 0  Duplicates: 0  Warnings: 0

Query OK, 0 rows affected (0.32 sec)
Records: 0  Duplicates: 0  Warnings: 0

Query OK, 0 rows affected (0.28 sec)
Records: 0  Duplicates: 0  Warnings: 0

Query OK, 0 rows affected (0.36 sec)
Records: 0  Duplicates: 0  Warnings: 0

Query OK, 0 rows affected (0.50 sec)
Records: 0  Duplicates: 0  Warnings: 0

Query OK, 0 rows affected (0.03 sec)

Query OK, 1841685 rows affected (4 min 4.74 sec)
Records: 1841685  Duplicates: 0  Warnings: 0

Query OK, 0 rows affected (4.87 sec)
Records: 0  Duplicates: 0  Warnings: 0

+---------+
| devices |
+---------+
|  144568 |
+---------+
1 row in set (0.05 sec)

+-----------------------+
| clientcontractdevices |
+-----------------------+
|               1841685 |
+-----------------------+
1 row in set (0.66 sec)

Query OK, 0 rows affected (0.01 sec)

Query OK, 144561 rows affected (7.13 sec)
Records: 144561  Duplicates: 0  Warnings: 0

+---------------------------+
| rep_clientcontractdevices |
+---------------------------+
|                    144561 |
+---------------------------+
1 row in set (0.04 sec)

Database changed
Query OK, 0 rows affected (0.02 sec)

Query OK, 0 rows affected (0.01 sec)

Query OK, 317012 rows affected (7.35 sec)
Records: 317012  Deleted: 0  Skipped: 0  Warnings: 0

Query OK, 0 rows affected (0.72 sec)
Records: 0  Duplicates: 0  Warnings: 0

Query OK, 0 rows affected (0.67 sec)
Records: 0  Duplicates: 0  Warnings: 0

Query OK, 0 rows affected (0.66 sec)
Records: 0  Duplicates: 0  Warnings: 0

Query OK, 0 rows affected (0.56 sec)
Records: 0  Duplicates: 0  Warnings: 0

+---------+
| tickets |
+---------+
|  317012 |
+---------+
1 row in set (0.08 sec)

Database changed
Query OK, 0 rows affected (0.01 sec)

Query OK, 0 rows affected (0.01 sec)

Empty set (0.00 sec)

Query OK, 0 rows affected (0.01 sec)
Records: 0  Duplicates: 0  Warnings: 0

Query OK, 372 rows affected, 2 warnings (0.04 sec)
Records: 372  Deleted: 0  Skipped: 0  Warnings: 2

+-----------------+
| tickettechusers |
+-----------------+
|             372 |
+-----------------+
1 row in set (0.00 sec)

Database changed
Query OK, 0 rows affected (0.01 sec)

Query OK, 0 rows affected (0.01 sec)

Query OK, 0 rows affected (0.01 sec)
Records: 0  Duplicates: 0  Warnings: 0

Query OK, 702634 rows affected, 49224 warnings (11.62 sec)
Records: 702634  Deleted: 0  Skipped: 0  Warnings: 49224

+-------------------+
| ticketassignments |
+-------------------+
|            702634 |
+-------------------+
1 row in set (0.19 sec)

Database changed
Query OK, 0 rows affected (0.05 sec)

Query OK, 0 rows affected (0.01 sec)

Query OK, 1413655 rows affected (16.25 sec)
Records: 1413655  Deleted: 0  Skipped: 0  Warnings: 0

Query OK, 0 rows affected (4.23 sec)
Records: 0  Duplicates: 0  Warnings: 0

Query OK, 0 rows affected (3.17 sec)
Records: 0  Duplicates: 0  Warnings: 0

Query OK, 0 rows affected (2.87 sec)
Records: 0  Duplicates: 0  Warnings: 0

Query OK, 0 rows affected (4.34 sec)
Records: 0  Duplicates: 0  Warnings: 0

+----------------+
| ticketcomments |
+----------------+
|        1413655 |
+----------------+
1 row in set (0.40 sec)

Database changed
Query OK, 0 rows affected (0.01 sec)

Query OK, 0 rows affected (0.01 sec)

Query OK, 476216 rows affected (34.20 sec)
Records: 476216  Deleted: 0  Skipped: 0  Warnings: 0

Query OK, 0 rows affected (2.43 sec)
Records: 0  Duplicates: 0  Warnings: 0

+----------+
| comments |
+----------+
|   476216 |
+----------+
1 row in set (0.14 sec)

Database changed
Query OK, 0 rows affected (0.03 sec)

Query OK, 0 rows affected (0.01 sec)

Query OK, 1649018 rows affected, 65535 warnings (1 min 15.07 sec)
Records: 1649018  Deleted: 0  Skipped: 0  Warnings: 1649067

Query OK, 0 rows affected (4.36 sec)
Records: 0  Duplicates: 0  Warnings: 0

Query OK, 0 rows affected (3.99 sec)
Records: 0  Duplicates: 0  Warnings: 0

Query OK, 0 rows affected (3.99 sec)
Records: 0  Duplicates: 0  Warnings: 0

Query OK, 0 rows affected (4.07 sec)
Records: 0  Duplicates: 0  Warnings: 0

Query OK, 0 rows affected (5.72 sec)
Records: 0  Duplicates: 0  Warnings: 0

+------------+
| devicesold |
+------------+
|    1649018 |
+------------+
1 row in set (0.47 sec)

Database changed
Query OK, 0 rows affected (0.02 sec)

Query OK, 0 rows affected (0.01 sec)

Query OK, 1834809 rows affected (23.65 sec)
Records: 1834809  Deleted: 0  Skipped: 0  Warnings: 0

Query OK, 0 rows affected (4.95 sec)
Records: 0  Duplicates: 0  Warnings: 0

Query OK, 0 rows affected (4.29 sec)
Records: 0  Duplicates: 0  Warnings: 0

Query OK, 0 rows affected (4.06 sec)
Records: 0  Duplicates: 0  Warnings: 0

+------------------+
| contractservices |
+------------------+
|          1834809 |
+------------------+
1 row in set (0.52 sec)

Database changed
Query OK, 0 rows affected (0.06 sec)

Query OK, 0 rows affected (0.01 sec)

Query OK, 4534868 rows affected (1 min 59.95 sec)
Records: 4534868  Deleted: 0  Skipped: 0  Warnings: 0

Query OK, 0 rows affected (12.38 sec)
Records: 0  Duplicates: 0  Warnings: 0

Query OK, 0 rows affected (14.94 sec)
Records: 0  Duplicates: 0  Warnings: 0

Query OK, 0 rows affected (13.09 sec)
Records: 0  Duplicates: 0  Warnings: 0

Query OK, 0 rows affected (12.43 sec)
Records: 0  Duplicates: 0  Warnings: 0

Query OK, 0 rows affected (10.86 sec)
Records: 0  Duplicates: 0  Warnings: 0

+------------------+
| invoicescontents |
+------------------+
|          4534868 |
+------------------+
1 row in set (1.66 sec)

Database changed
Query OK, 0 rows affected (0.17 sec)

Query OK, 0 rows affected (0.01 sec)

Query OK, 3210081 rows affected (2 min 59.56 sec)
Records: 3210081  Deleted: 0  Skipped: 0  Warnings: 0

Query OK, 0 rows affected (13.02 sec)
Records: 0  Duplicates: 0  Warnings: 0

Query OK, 0 rows affected (13.36 sec)
Records: 0  Duplicates: 0  Warnings: 0

Query OK, 0 rows affected (10.48 sec)
Records: 0  Duplicates: 0  Warnings: 0

Query OK, 0 rows affected (12.06 sec)
Records: 0  Duplicates: 0  Warnings: 0

Query OK, 0 rows affected (12.56 sec)
Records: 0  Duplicates: 0  Warnings: 0

Query OK, 0 rows affected (10.69 sec)
Records: 0  Duplicates: 0  Warnings: 0

+----------------+
| invoicesheader |
+----------------+
|        3210081 |
+----------------+
1 row in set (0.89 sec)

Database changed
Query OK, 0 rows affected (0.04 sec)

Query OK, 0 rows affected (0.01 sec)

Query OK, 3210141 rows affected (1 min 23.03 sec)
Records: 3210141  Deleted: 0  Skipped: 0  Warnings: 0

Query OK, 0 rows affected (8.27 sec)
Records: 0  Duplicates: 0  Warnings: 0

Query OK, 0 rows affected (8.46 sec)
Records: 0  Duplicates: 0  Warnings: 0

Query OK, 0 rows affected (8.27 sec)
Records: 0  Duplicates: 0  Warnings: 0

Query OK, 0 rows affected (7.80 sec)
Records: 0  Duplicates: 0  Warnings: 0

Query OK, 0 rows affected (9.63 sec)
Records: 0  Duplicates: 0  Warnings: 0

+---------+
| casa    |
+---------+
| 3210141 |
+---------+
1 row in set (0.88 sec)

Query OK, 0 rows affected (0.01 sec)

Query OK, 15798 rows affected (1 min 19.22 sec)
Records: 15798  Duplicates: 0  Warnings: 0

+--------------------+
| rep_paycol_channel |
+--------------------+
|              15798 |
+--------------------+
1 row in set (0.01 sec)

Query OK, 0 rows affected (0.02 sec)

Query OK, 11901 rows affected (1 min 36.08 sec)
Records: 11901  Duplicates: 0  Warnings: 0

+----------------+
| rep_paycol_pos |
+----------------+
|          11901 |
+----------------+
1 row in set (0.01 sec)

Database changed
Query OK, 0 rows affected (0.01 sec)

Query OK, 0 rows affected (0.01 sec)

Database changed
Query OK, 39983 rows affected (0.75 sec)
Records: 39983  Deleted: 0  Skipped: 0  Warnings: 0

+-------+
| users |
+-------+
| 39983 |
+-------+
1 row in set (0.01 sec)

Query OK, 0 rows affected (0.08 sec)
Records: 0  Duplicates: 0  Warnings: 0

Database changed
Query OK, 0 rows affected (0.03 sec)

Query OK, 0 rows affected (0.01 sec)

Query OK, 1872898 rows affected, 2 warnings (28.86 sec)
Records: 1872898  Deleted: 0  Skipped: 0  Warnings: 2

Query OK, 0 rows affected (5.28 sec)
Records: 0  Duplicates: 0  Warnings: 0

Query OK, 0 rows affected (4.51 sec)
Records: 0  Duplicates: 0  Warnings: 0

Query OK, 0 rows affected (4.44 sec)
Records: 0  Duplicates: 0  Warnings: 0

Query OK, 0 rows affected (4.08 sec)
Records: 0  Duplicates: 0  Warnings: 0

Query OK, 0 rows affected (3.86 sec)
Records: 0  Duplicates: 0  Warnings: 0

+-------------+
| useractions |
+-------------+
|     1872898 |
+-------------+
1 row in set (0.54 sec)

Database changed
Query OK, 0 rows affected (0.09 sec)

Query OK, 0 rows affected (0.01 sec)

Database changed
Query OK, 27396545 rows affected (4 min 44.49 sec)
Records: 27396545  Deleted: 0  Skipped: 0  Warnings: 0

Query OK, 0 rows affected (1 min 14.02 sec)
Records: 0  Duplicates: 0  Warnings: 0

Query OK, 0 rows affected (1 min 10.93 sec)
Records: 0  Duplicates: 0  Warnings: 0

Query OK, 0 rows affected (1 min 10.92 sec)
Records: 0  Duplicates: 0  Warnings: 0

Query OK, 0 rows affected (1 min 4.62 sec)
Records: 0  Duplicates: 0  Warnings: 0

Query OK, 0 rows affected (1 min 21.46 sec)
Records: 0  Duplicates: 0  Warnings: 0

+----------+
| ipusage1 |
+----------+
| 27396545 |
+----------+
1 row in set (8.63 sec)

Query OK, 0 rows affected (0.02 sec)

Query OK, 1834764 rows affected (51.92 sec)
Records: 1834764  Duplicates: 0  Warnings: 0

Query OK, 0 rows affected (9.45 sec)
Records: 0  Duplicates: 0  Warnings: 0

Query OK, 0 rows affected (3.40 sec)
Records: 0  Duplicates: 0  Warnings: 0

Query OK, 0 rows affected (5.54 sec)
Records: 0  Duplicates: 0  Warnings: 0

+------------------------------+
| contractsservicepackageprice |
+------------------------------+
|                      1834764 |
+------------------------------+
1 row in set (0.52 sec)

Query OK, 0 rows affected (0.04 sec)

Query OK, 1835014 rows affected (2 min 8.79 sec)
Records: 1835014  Duplicates: 0  Warnings: 0

Query OK, 0 rows affected (7.56 sec)
Records: 0  Duplicates: 0  Warnings: 0

Query OK, 0 rows affected (9.83 sec)
Records: 0  Duplicates: 0  Warnings: 0

Query OK, 0 rows affected (4.39 sec)
Records: 0  Duplicates: 0  Warnings: 0

Query OK, 0 rows affected (7.11 sec)
Records: 0  Duplicates: 0  Warnings: 0

+------------------------------------+
| clientcontractsservicepackageprice |
+------------------------------------+
|                            1835014 |
+------------------------------------+
1 row in set (0.51 sec)

mysql> mysql \. C:\workspace\cloud\code\sql\_DailyScript\currenttime.sql
+---------------------+
| currenttime         |
+---------------------+
| 2021-03-15 07:48:44 |
+---------------------+
1 row in set (0.00 sec)

mysql> 
mysql> mysql \. C:\workspace\cloud\code\sql\_DailyScript\ticket_analysis.sql
Database changed
Query OK, 0 rows affected (0.02 sec)

Query OK, 774615 rows affected (29.02 sec)
Records: 774615  Duplicates: 0  Warnings: 0

Query OK, 0 rows affected (4.60 sec)
Records: 0  Duplicates: 0  Warnings: 0

Query OK, 0 rows affected (2.12 sec)
Records: 0  Duplicates: 0  Warnings: 0

Query OK, 0 rows affected (2.06 sec)
Records: 0  Duplicates: 0  Warnings: 0

Query OK, 0 rows affected (0.01 sec)

Query OK, 24202 rows affected (12.76 sec)
Records: 24202  Duplicates: 0  Warnings: 0

Query OK, 0 rows affected, 1 warning (0.00 sec)

Query OK, 111715 rows affected (7.93 sec)
Records: 111715  Duplicates: 0  Warnings: 0

Query OK, 0 rows affected, 1 warning (0.00 sec)

Query OK, 569701 rows affected (14.86 sec)
Records: 569701  Duplicates: 0  Warnings: 0

Query OK, 0 rows affected, 1 warning (0.00 sec)

Query OK, 569701 rows affected (15.61 sec)
Records: 569701  Duplicates: 0  Warnings: 0

Query OK, 0 rows affected (0.01 sec)

Query OK, 111820 rows affected (6.29 sec)
Records: 111820  Duplicates: 0  Warnings: 0

Database changed
Query OK, 0 rows affected (0.00 sec)

Query OK, 0 rows affected (0.03 sec)

Query OK, 774615 rows affected (28.67 sec)
Records: 774615  Duplicates: 0  Warnings: 0

Query OK, 0 rows affected (0.01 sec)

Query OK, 395183 rows affected (16.99 sec)
Records: 395183  Duplicates: 0  Warnings: 0

+--------------------------+
| clientticket_cmmtjourney |
+--------------------------+
|                   774615 |
+--------------------------+
1 row in set (2.19 sec)

+---------------------------+
| clientticket_assgnjourney |
+---------------------------+
|                    395183 |
+---------------------------+
1 row in set (0.43 sec)

Query OK, 0 rows affected (0.01 sec)

Query OK, 76 rows affected (0.09 sec)
Records: 76  Duplicates: 0  Warnings: 0

mysql> mysql \. C:\workspace\cloud\code\sql\_DailyScript\currenttime.sql
+---------------------+
| currenttime         |
+---------------------+
| 2021-03-15 07:51:08 |
+---------------------+
1 row in set (0.00 sec)

mysql> 
mysql> mysql \. C:\workspace\cloud\code\sql\_DailyScript\load_DailyCalls.sql
Database changed
Query OK, 249 rows affected (0.10 sec)
Records: 249  Deleted: 0  Skipped: 0  Warnings: 0

Query OK, 0 rows affected, 1 warning (0.00 sec)

Query OK, 249 rows affected (0.03 sec)
Records: 249  Duplicates: 0  Warnings: 0

Query OK, 0 rows affected, 1 warning (0.00 sec)

Query OK, 68840 rows affected (0.25 sec)
Records: 68840  Duplicates: 0  Warnings: 0

+----------------------+
| callingclientsbefore |
+----------------------+
|              1145385 |
+----------------------+
1 row in set (0.47 sec)

Query OK, 366 rows affected (5.24 sec)
Records: 366  Duplicates: 0  Warnings: 0

+---------------------+
| callingclientsafter |
+---------------------+
|             1145751 |
+---------------------+
1 row in set (0.30 sec)

Query OK, 0 rows affected (0.01 sec)

Query OK, 167 rows affected (4.10 sec)
Records: 167  Duplicates: 0  Warnings: 0

Query OK, 0 rows affected (0.01 sec)

Query OK, 22407 rows affected (3.75 sec)
Records: 22407  Duplicates: 0  Warnings: 0

+-----------+
| callstats |
+-----------+
|     22407 |
+-----------+
1 row in set (0.01 sec)

Query OK, 0 rows affected, 1 warning (0.00 sec)

Query OK, 366 rows affected (2.65 sec)
Records: 366  Duplicates: 0  Warnings: 0

+------------------------+
| rep_cccallreportbefore |
+------------------------+
|                1146704 |
+------------------------+
1 row in set (0.42 sec)

Query OK, 366 rows affected (0.09 sec)
Records: 366  Duplicates: 0  Warnings: 0

+-----------------------+
| rep_cccallreportafter |
+-----------------------+
|               1147070 |
+-----------------------+
1 row in set (0.31 sec)

Query OK, 0 rows affected (0.01 sec)

mysql> mysql \. C:\workspace\cloud\code\sql\_DailyScript\currenttime.sql
+---------------------+
| currenttime         |
+---------------------+
| 2021-03-15 07:51:26 |
+---------------------+
1 row in set (0.00 sec)

mysql> 
mysql> mysql \. C:\workspace\cloud\code\sql\_DailyScript\DAILY-SCRIPT-USAGE.sql
Database changed
Query OK, 0 rows affected (0.00 sec)

Query OK, 4508 rows affected, 13047 warnings (1.02 sec)
Records: 4508  Deleted: 0  Skipped: 0  Warnings: 13047

Query OK, 0 rows affected (0.00 sec)

Query OK, 6692 rows affected, 19392 warnings (1.13 sec)
Records: 6692  Deleted: 0  Skipped: 0  Warnings: 19392

Query OK, 0 rows affected (0.00 sec)

Query OK, 274 rows affected, 989 warnings (0.06 sec)
Records: 274  Deleted: 0  Skipped: 0  Warnings: 989

Query OK, 0 rows affected (0.00 sec)

Query OK, 127 rows affected, 433 warnings (0.04 sec)
Records: 127  Deleted: 0  Skipped: 0  Warnings: 433

+------------+
| dailyusage |
+------------+
|   16847788 |
+------------+
1 row in set (6.60 sec)

+------------+------------+------------+---------+
| datestart  | dateend    | insertedon | records |
+------------+------------+------------+---------+
| 2021-03-14 | 2021-03-14 | 2021-03-15 |   11601 |
| 2021-03-13 | 2021-03-13 | 2021-03-14 |   11643 |
| 2021-03-12 | 2021-03-12 | 2021-03-13 |   11761 |
| 2021-03-11 | 2021-03-11 | 2021-03-12 |   11501 |
| 2021-03-10 | 2021-03-10 | 2021-03-11 |   11583 |
+------------+------------+------------+---------+
5 rows in set (32.55 sec)

+----------+------------+------------+------------+---------+
| category | datestart  | dateend    | insertedon | records |
+----------+------------+------------+------------+---------+
| UNCAPPED | 2021-03-14 | 2021-03-14 | 2021-03-15 |    6692 |
| PREPAID  | 2021-03-14 | 2021-03-14 | 2021-03-15 |     274 |
| HOTSPOT  | 2021-03-14 | 2021-03-14 | 2021-03-15 |     127 |
| CAPPED   | 2021-03-14 | 2021-03-14 | 2021-03-15 |    4508 |
| UNCAPPED | 2021-03-13 | 2021-03-13 | 2021-03-14 |    6734 |
| PREPAID  | 2021-03-13 | 2021-03-13 | 2021-03-14 |     249 |
| HOTSPOT  | 2021-03-13 | 2021-03-13 | 2021-03-14 |     155 |
| CAPPED   | 2021-03-13 | 2021-03-13 | 2021-03-14 |    4505 |
| UNCAPPED | 2021-03-12 | 2021-03-12 | 2021-03-13 |    6817 |
| PREPAID  | 2021-03-12 | 2021-03-12 | 2021-03-13 |     241 |
| HOTSPOT  | 2021-03-12 | 2021-03-12 | 2021-03-13 |     166 |
| CAPPED   | 2021-03-12 | 2021-03-12 | 2021-03-13 |    4537 |
| UNCAPPED | 2021-03-11 | 2021-03-11 | 2021-03-12 |    6612 |
| PREPAID  | 2021-03-11 | 2021-03-11 | 2021-03-12 |     238 |
| HOTSPOT  | 2021-03-11 | 2021-03-11 | 2021-03-12 |     157 |
| CAPPED   | 2021-03-11 | 2021-03-11 | 2021-03-12 |    4494 |
| UNCAPPED | 2021-03-10 | 2021-03-10 | 2021-03-11 |    6660 |
| PREPAID  | 2021-03-10 | 2021-03-10 | 2021-03-11 |     257 |
| HOTSPOT  | 2021-03-10 | 2021-03-10 | 2021-03-11 |     141 |
| CAPPED   | 2021-03-10 | 2021-03-10 | 2021-03-11 |    4525 |
+----------+------------+------------+------------+---------+
20 rows in set (24.44 sec)

mysql> mysql \. C:\workspace\cloud\code\sql\_DailyScript\currenttime.sql
+---------------------+
| currenttime         |
+---------------------+
| 2021-03-15 07:52:32 |
+---------------------+
1 row in set (0.00 sec)

mysql> 
mysql> mysql \. C:\workspace\cloud\code\sql\_DailyScript\DAILY-SCRIPT-SALES-TELEMETRY.sql
Database changed
Query OK, 10 rows affected, 5 warnings (0.01 sec)
Records: 10  Deleted: 0  Skipped: 0  Warnings: 5

+------------+
| dailysales |
+------------+
|     226473 |
+------------+
1 row in set (0.23 sec)

Query OK, 0 rows affected (0.01 sec)

Query OK, 226473 rows affected (15.72 sec)
Records: 226473  Duplicates: 0  Warnings: 0

+--------+
| sales  |
+--------+
| 226473 |
+--------+
1 row in set (0.22 sec)

Query OK, 0 rows affected (0.01 sec)

Query OK, 3709 rows affected (0.38 sec)
Records: 3709  Duplicates: 0  Warnings: 0

+----------------+
| rep_dailysales |
+----------------+
|           3709 |
+----------------+
1 row in set (0.00 sec)

Query OK, 0 rows affected (0.01 sec)

Query OK, 3709 rows affected (0.61 sec)
Records: 3709  Duplicates: 0  Warnings: 0

+-------------------+
| rep_dailysalesreg |
+-------------------+
|              3709 |
+-------------------+
1 row in set (0.00 sec)

Query OK, 0 rows affected (0.01 sec)

Query OK, 2886 rows affected (0.71 sec)
Records: 2886  Duplicates: 0  Warnings: 0

+-----------+
| saleslist |
+-----------+
|      2886 |
+-----------+
1 row in set (0.00 sec)

Database changed
ERROR 2 (HY000): File 'C:\ProgramData\MySQL\MySQL Server 5.7\Uploads\_csv\PrepaidCardSales-14032021-P1.csv' not found (Errcode: 2 - No such file or directory)
+------------------+
| dailysinglesales |
+------------------+
|             6482 |
+------------------+
1 row in set (0.01 sec)

Database changed
Query OK, 13 rows affected (0.01 sec)
Records: 13  Deleted: 0  Skipped: 0  Warnings: 0

+-----------------+
| dailyaddonsales |
+-----------------+
|           22638 |
+-----------------+
1 row in set (0.03 sec)

Query OK, 191 rows affected (0.12 sec)
Records: 191  Deleted: 0  Skipped: 0  Warnings: 0

+----------------+
| onlinepayments |
+----------------+
|         169055 |
+----------------+
1 row in set (0.12 sec)

+-------------+----------------+---------------------+
| paymentdate | onlinepayments | onlinepaymentamount |
+-------------+----------------+---------------------+
| 2021-03-14  |            191 |        127602.13000 |
| 2021-03-13  |            182 |        122808.78000 |
| 2021-03-12  |            193 |        127979.06000 |
| 2021-03-11  |            209 |        123398.02000 |
| 2021-03-10  |            223 |        155551.19000 |
+-------------+----------------+---------------------+
5 rows in set (0.63 sec)

+-------------+--------------+----------------+---------------------+
| paymentyear | paymentmonth | onlinepayments | onlinepaymentamount |
+-------------+--------------+----------------+---------------------+
|        2021 |            3 |           4086 |       2666071.41000 |
|        2021 |            2 |           8581 |       5454096.95000 |
|        2021 |            1 |           9124 |       5808374.04000 |
|        2021 |         NULL |          21791 |      13928542.40000 |
|        2020 |           12 |           7235 |       4780077.29000 |
+-------------+--------------+----------------+---------------------+
5 rows in set (0.16 sec)

mysql> mysql \. C:\workspace\cloud\code\sql\_DailyScript\currenttime.sql
+---------------------+
| currenttime         |
+---------------------+
| 2021-03-15 07:52:51 |
+---------------------+
1 row in set (0.00 sec)

mysql> 
mysql> mysql \. C:\workspace\cloud\code\sql\_DailyScript\DAILY-SCRIPT-ACTIVENUMBERS.sql
Database changed
Query OK, 1144 rows affected (0.53 sec)
Records: 1144  Deleted: 0  Skipped: 0  Warnings: 0

+------------+----------+
| period     | count(1) |
+------------+----------+
| 2021-03-14 |     1144 |
| 2021-03-13 |     1144 |
| 2021-03-12 |     1144 |
| 2021-03-11 |     1146 |
| 2021-03-10 |     1146 |
+------------+----------+
5 rows in set (0.01 sec)

Query OK, 0 rows affected (0.00 sec)

Query OK, 78 rows affected (1.38 sec)
Records: 78  Duplicates: 0  Warnings: 0

+-------------+
| packagelist |
+-------------+
|          78 |
+-------------+
1 row in set (0.00 sec)

Database changed
Query OK, 0 rows affected (0.00 sec)

Query OK, 0 rows affected (0.00 sec)

Query OK, 0 rows affected (0.00 sec)

Query OK, 0 rows affected (0.00 sec)

Query OK, 28289 rows affected, 194 warnings (20.18 sec)
Records: 28289  Deleted: 0  Skipped: 0  Warnings: 194

+------------+----------+
| period     | count(1) |
+------------+----------+
| 2021-03-14 |    28289 |
| 2021-03-13 |    28372 |
| 2021-03-12 |    28385 |
| 2021-03-11 |    28390 |
| 2021-03-10 |    28376 |
+------------+----------+
5 rows in set (0.12 sec)

Query OK, 0 rows affected (0.02 sec)

Query OK, 27720 rows affected (51.89 sec)
Records: 27720  Duplicates: 0  Warnings: 0

Query OK, 0 rows affected (0.12 sec)
Records: 0  Duplicates: 0  Warnings: 0

Query OK, 0 rows affected (0.13 sec)
Records: 0  Duplicates: 0  Warnings: 0

Query OK, 0 rows affected (0.10 sec)
Records: 0  Duplicates: 0  Warnings: 0

Query OK, 0 rows affected (0.08 sec)
Records: 0  Duplicates: 0  Warnings: 0

Query OK, 0 rows affected (0.07 sec)
Records: 0  Duplicates: 0  Warnings: 0

Query OK, 0 rows affected (0.07 sec)
Records: 0  Duplicates: 0  Warnings: 0

+-------------+
| countbefore |
+-------------+
|    44106588 |
+-------------+
1 row in set (16.60 sec)

Query OK, 27720 rows affected (5.32 sec)
Records: 27720  Duplicates: 0  Warnings: 0

+------------+
| countafter |
+------------+
|   44134308 |
+------------+
1 row in set (15.86 sec)

+------------+--------------------------+
| period     | customercontractactivity |
+------------+--------------------------+
| 2021-03-14 |                    27720 |
| 2021-03-13 |                    27803 |
| 2021-03-12 |                    27816 |
| 2021-03-11 |                    27820 |
| 2021-03-10 |                    27805 |
+------------+--------------------------+
5 rows in set (0.06 sec)

Query OK, 0 rows affected (0.02 sec)

Query OK, 296551 rows affected (8 min 24.72 sec)
Records: 296551  Duplicates: 0  Warnings: 0

Query OK, 0 rows affected (1.04 sec)
Records: 0  Duplicates: 0  Warnings: 0

Query OK, 0 rows affected (1.14 sec)
Records: 0  Duplicates: 0  Warnings: 0

Query OK, 0 rows affected (1.09 sec)
Records: 0  Duplicates: 0  Warnings: 0

Query OK, 0 rows affected (0.01 sec)

Query OK, 233 rows affected (0.45 sec)
Records: 233  Duplicates: 0  Warnings: 0

Query OK, 0 rows affected (0.01 sec)

Query OK, 2673 rows affected (0.61 sec)
Records: 2673  Duplicates: 0  Warnings: 0

Query OK, 0 rows affected (0.01 sec)

Query OK, 27699 rows affected (0.56 sec)
Records: 27699  Duplicates: 0  Warnings: 0

Query OK, 0 rows affected (0.01 sec)

Query OK, 17171 rows affected (0.35 sec)
Records: 17171  Duplicates: 0  Warnings: 0

Query OK, 0 rows affected (0.01 sec)

Query OK, 17171 rows affected (0.13 sec)
Records: 17171  Duplicates: 0  Warnings: 0

Query OK, 0 rows affected (0.02 sec)

Query OK, 17171 rows affected (1.16 sec)
Records: 17171  Duplicates: 0  Warnings: 0

Query OK, 0 rows affected (0.01 sec)

Query OK, 17171 rows affected (44.05 sec)
Records: 17171  Duplicates: 0  Warnings: 0

+-------------+
| clientstats |
+-------------+
|       17171 |
+-------------+
1 row in set (0.01 sec)

Query OK, 0 rows affected (0.00 sec)

Query OK, 13 rows affected, 1 warning (0.10 sec)
Records: 13  Duplicates: 0  Warnings: 1

+-----------------------+-------------+-------------+----------------+-----------------+
| services              | activecount | allaccounts | uniqueaccounts | uniquecontracts |
+-----------------------+-------------+-------------+----------------+-----------------+
| All                   |         362 |          60 |             60 |             191 |
| Internet & OTT        |           4 |           2 |              2 |               2 |
| Internet & Voice      |         338 |         151 |            151 |             294 |
| Internet Only         |        4330 |        4215 |           4208 |            4255 |
| OTT Only              |           1 |           1 |              1 |               1 |
| TV & Internet         |        9765 |        4406 |           4396 |            8963 |
| TV & Internet & OTT   |        3412 |         869 |            867 |            1803 |
| TV & Internet & Voice |         519 |         148 |            148 |             456 |
| TV & OTT              |         528 |          77 |             75 |              97 |
| TV & Voice            |          85 |          38 |             38 |              78 |
| TV Only               |        8951 |        7086 |           7079 |            7259 |
| Voice Only            |         120 |         118 |            118 |             120 |
| GRAND TOTAL           |       28415 |       17171 |          17099 |           23519 |
+-----------------------+-------------+-------------+----------------+-----------------+
13 rows in set (0.00 sec)

+-------------+-------------+-------------+----------------+-----------------+
| network     | activecount | allaccounts | uniqueaccounts | uniquecontracts |
+-------------+-------------+-------------+----------------+-----------------+
| GPON        |       10770 |        5426 |           5423 |            8501 |
| HFC         |       17645 |       11745 |          11745 |           15018 |
| GRAND TOTAL |       28415 |       17171 |          17099 |           23519 |
+-------------+-------------+-------------+----------------+-----------------+
3 rows in set, 1 warning (0.11 sec)

+-------------+-----------------------+-------------+-------------+----------------+-----------------+
| network     | services              | activecount | allaccounts | uniqueaccounts | uniquecontracts |
+-------------+-----------------------+-------------+-------------+----------------+-----------------+
| GPON        | All                   |         226 |          39 |             39 |             122 |
| GPON        | Internet & Voice      |          66 |          27 |             27 |              56 |
| GPON        | Internet Only         |        1336 |        1237 |           1237 |            1263 |
| GPON        | TV & Internet         |        4546 |        2011 |           2011 |            4125 |
| GPON        | TV & Internet & OTT   |        2106 |         529 |            529 |            1104 |
| GPON        | TV & Internet & Voice |         268 |          71 |             71 |             223 |
| GPON        | TV & OTT              |         307 |          43 |             43 |              53 |
| GPON        | TV & Voice            |          56 |          25 |             25 |              52 |
| GPON        | TV Only               |        1851 |        1437 |           1437 |            1495 |
| GPON        | Voice Only            |           8 |           7 |              7 |               8 |
| GPON        | Services Total        |       10770 |        5426 |           5423 |            8501 |
| HFC         | All                   |         136 |          21 |             21 |              69 |
| HFC         | Internet & OTT        |           4 |           2 |              2 |               2 |
| HFC         | Internet & Voice      |         272 |         124 |            124 |             238 |
| HFC         | Internet Only         |        2994 |        2978 |           2978 |            2992 |
| HFC         | OTT Only              |           1 |           1 |              1 |               1 |
| HFC         | TV & Internet         |        5219 |        2395 |           2395 |            4838 |
| HFC         | TV & Internet & OTT   |        1306 |         340 |            340 |             699 |
| HFC         | TV & Internet & Voice |         251 |          77 |             77 |             233 |
| HFC         | TV & OTT              |         221 |          34 |             34 |              44 |
| HFC         | TV & Voice            |          29 |          13 |             13 |              26 |
| HFC         | TV Only               |        7100 |        5649 |           5649 |            5764 |
| HFC         | Voice Only            |         112 |         111 |            111 |             112 |
| HFC         | Services Total        |       17645 |       11745 |          11745 |           15018 |
| GRAND TOTAL | Services Total        |       28415 |       17171 |          17099 |           23519 |
+-------------+-----------------------+-------------+-------------+----------------+-----------------+
25 rows in set, 2 warnings (0.13 sec)

Query OK, 0 rows affected (0.01 sec)

Query OK, 43 rows affected, 3 warnings (0.18 sec)
Records: 43  Duplicates: 0  Warnings: 3

+-------------+---------------+-----------------------+-------------+-------------+----------------+-----------------+
| region      | network       | services              | activecount | allaccounts | uniqueaccounts | uniquecontracts |
+-------------+---------------+-----------------------+-------------+-------------+----------------+-----------------+
| Eden Island | GPON          | TV & Internet         |           2 |           1 |              1 |               2 |
| Eden Island | GPON          | Services Total        |           2 |           1 |              1 |               2 |
| Eden Island | Network Total | Services Total        |           2 |           1 |              1 |               2 |
| Mahe        | GPON          | All                   |         200 |          35 |             35 |             110 |
| Mahe        | GPON          | Internet & Voice      |          54 |          21 |             21 |              44 |
| Mahe        | GPON          | Internet Only         |        1106 |        1007 |           1007 |            1033 |
| Mahe        | GPON          | TV & Internet         |        3726 |        1643 |           1643 |            3368 |
| Mahe        | GPON          | TV & Internet & OTT   |        1697 |         416 |            416 |             869 |
| Mahe        | GPON          | TV & Internet & Voice |         249 |          65 |             65 |             204 |
| Mahe        | GPON          | TV & OTT              |         282 |          34 |             34 |              44 |
| Mahe        | GPON          | TV & Voice            |          56 |          25 |             25 |              52 |
| Mahe        | GPON          | TV Only               |        1504 |        1161 |           1161 |            1207 |
| Mahe        | GPON          | Voice Only            |           8 |           7 |              7 |               8 |
| Mahe        | GPON          | Services Total        |        8882 |        4414 |           4414 |            6939 |
| Mahe        | HFC           | All                   |         136 |          21 |             21 |              69 |
| Mahe        | HFC           | Internet & OTT        |           4 |           2 |              2 |               2 |
| Mahe        | HFC           | Internet & Voice      |         272 |         124 |            124 |             238 |
| Mahe        | HFC           | Internet Only         |        2993 |        2977 |           2977 |            2991 |
| Mahe        | HFC           | OTT Only              |           1 |           1 |              1 |               1 |
| Mahe        | HFC           | TV & Internet         |        5217 |        2394 |           2394 |            4836 |
| Mahe        | HFC           | TV & Internet & OTT   |        1306 |         340 |            340 |             699 |
| Mahe        | HFC           | TV & Internet & Voice |         251 |          77 |             77 |             233 |
| Mahe        | HFC           | TV & OTT              |         221 |          34 |             34 |              44 |
| Mahe        | HFC           | TV & Voice            |          29 |          13 |             13 |              26 |
| Mahe        | HFC           | TV Only               |        7097 |        5647 |           5647 |            5762 |
| Mahe        | HFC           | Voice Only            |         112 |         111 |            111 |             112 |
| Mahe        | HFC           | Services Total        |       17639 |       11741 |          11741 |           15013 |
| Mahe        | Network Total | Services Total        |       26521 |       16155 |          16086 |           21952 |
| Praslin     | GPON          | All                   |          26 |           4 |              4 |              12 |
| Praslin     | GPON          | Internet & Voice      |          12 |           6 |              6 |              12 |
| Praslin     | GPON          | Internet Only         |         230 |         230 |            230 |             230 |
| Praslin     | GPON          | TV & Internet         |         818 |         367 |            367 |             755 |
| Praslin     | GPON          | TV & Internet & OTT   |         409 |         113 |            113 |             235 |
| Praslin     | GPON          | TV & Internet & Voice |          19 |           6 |              6 |              19 |
| Praslin     | GPON          | TV & OTT              |          25 |           9 |              9 |               9 |
| Praslin     | GPON          | TV Only               |         347 |         276 |            276 |             288 |
| Praslin     | GPON          | Services Total        |        1886 |        1011 |           1011 |            1560 |
| Praslin     | HFC           | Internet Only         |           1 |           1 |              1 |               1 |
| Praslin     | HFC           | TV & Internet         |           2 |           1 |              1 |               2 |
| Praslin     | HFC           | TV Only               |           3 |           2 |              2 |               2 |
| Praslin     | HFC           | Services Total        |           6 |           4 |              4 |               5 |
| Praslin     | Network Total | Services Total        |        1892 |        1015 |           1015 |            1565 |
| GRAND TOTAL | Network Total | Services Total        |       28415 |       17171 |          17099 |           23519 |
+-------------+---------------+-----------------------+-------------+-------------+----------------+-----------------+
43 rows in set (0.00 sec)

Query OK, 0 rows affected (0.01 sec)

Query OK, 27700 rows affected (0.43 sec)
Records: 27700  Duplicates: 0  Warnings: 0

Query OK, 0 rows affected (0.01 sec)

Query OK, 2229 rows affected (0.86 sec)
Records: 2229  Duplicates: 0  Warnings: 0

+--------------------------------------+
| message                              |
+--------------------------------------+
| running rcbill_my.sp_ActiveNumber2() |
+--------------------------------------+
1 row in set (0.00 sec)

Query OK, 365 rows affected (2 min 0.05 sec)

mysql> mysql \. C:\workspace\cloud\code\sql\_DailyScript\currenttime.sql
+---------------------+
| currenttime         |
+---------------------+
| 2021-03-15 08:06:01 |
+---------------------+
1 row in set (0.00 sec)

mysql> 
mysql> mysql \. C:\workspace\cloud\code\sql\_DailyScript\GetActiveNumbers Average -Pivot.sql
Database changed
+-------------------------------------+
| @today := subdate(current_date(),1) |
+-------------------------------------+
| 2021-03-14                          |
+-------------------------------------+
1 row in set (0.00 sec)

+-------------------------------------+
| @lastdayofmonth := last_day(@today) |
+-------------------------------------+
| 2021-03-31                          |
+-------------------------------------+
1 row in set (0.00 sec)

Query OK, 0 rows affected (0.01 sec)

Query OK, 46200 rows affected, 65535 warnings (59.21 sec)
Records: 46200  Duplicates: 0  Warnings: 94770

Query OK, 0 rows affected (0.10 sec)
Records: 0  Duplicates: 0  Warnings: 0

Query OK, 0 rows affected (0.12 sec)
Records: 0  Duplicates: 0  Warnings: 0

Query OK, 0 rows affected (0.12 sec)
Records: 0  Duplicates: 0  Warnings: 0

+-----------------+
| activenumberavg |
+-----------------+
|           46200 |
+-----------------+
1 row in set (0.01 sec)

Query OK, 0 rows affected (0.01 sec)

Query OK, 1950 rows affected (0.53 sec)
Records: 1950  Duplicates: 0  Warnings: 0

+---------------------+
| rep_activenumberavg |
+---------------------+
|                1950 |
+---------------------+
1 row in set (0.00 sec)

+----------------------+
| rep_activenumberavg1 |
+----------------------+
|                  911 |
+----------------------+
1 row in set (0.00 sec)

Query OK, 0 rows affected (0.01 sec)

Query OK, 2425 rows affected (0.41 sec)
Records: 2425  Duplicates: 0  Warnings: 0

Query OK, 0 rows affected (0.00 sec)

Query OK, 12468 rows affected (0.76 sec)
Records: 12468  Duplicates: 0  Warnings: 0

Query OK, 0 rows affected (0.00 sec)

Query OK, 0 rows affected (0.01 sec)

Query OK, 0 rows affected (0.01 sec)

Query OK, 0 rows affected (0.00 sec)

Query OK, 0 rows affected (0.00 sec)
Statement prepared

Query OK, 53 rows affected (0.05 sec)
Records: 53  Duplicates: 0  Warnings: 0

Query OK, 0 rows affected (0.00 sec)

Query OK, 0 rows affected (0.00 sec)

+----------------------+
| rep_activenumberavg2 |
+----------------------+
|                 2425 |
+----------------------+
1 row in set (0.00 sec)

+------------------------+
| rep_activenumberavg_pv |
+------------------------+
|                     53 |
+------------------------+
1 row in set (0.00 sec)

Query OK, 0 rows affected (0.01 sec)

Query OK, 2424 rows affected (0.35 sec)
Records: 2424  Duplicates: 0  Warnings: 0

Query OK, 0 rows affected (0.00 sec)

Query OK, 0 rows affected (0.00 sec)

Query OK, 0 rows affected (0.01 sec)

Query OK, 0 rows affected (0.00 sec)

Query OK, 0 rows affected (0.00 sec)
Statement prepared

Query OK, 53 rows affected (0.05 sec)
Records: 53  Duplicates: 0  Warnings: 0

Query OK, 0 rows affected (0.00 sec)

Query OK, 0 rows affected (0.00 sec)

+-------------------------+
| rep_activenumberavgMahe |
+-------------------------+
|                    2424 |
+-------------------------+
1 row in set (0.00 sec)

+----------------------------+
| rep_activenumberavgMahe_pv |
+----------------------------+
|                         53 |
+----------------------------+
1 row in set (0.00 sec)

Query OK, 0 rows affected (0.01 sec)

Query OK, 1536 rows affected (0.16 sec)
Records: 1536  Duplicates: 0  Warnings: 0

Query OK, 0 rows affected (0.00 sec)

Query OK, 0 rows affected (0.00 sec)

Query OK, 0 rows affected (0.01 sec)

Query OK, 0 rows affected (0.00 sec)

Query OK, 0 rows affected (0.00 sec)
Statement prepared

Query OK, 40 rows affected (0.04 sec)
Records: 40  Duplicates: 0  Warnings: 0

Query OK, 0 rows affected (0.00 sec)

Query OK, 0 rows affected (0.00 sec)

+----------------------------+
| rep_activenumberavgPraslin |
+----------------------------+
|                       1536 |
+----------------------------+
1 row in set (0.00 sec)

+-------------------------------+
| rep_activenumberavgPraslin_pv |
+-------------------------------+
|                            40 |
+-------------------------------+
1 row in set (0.00 sec)

mysql> mysql \. C:\workspace\cloud\code\sql\_DailyScript\currenttime.sql
+---------------------+
| currenttime         |
+---------------------+
| 2021-03-15 08:07:03 |
+---------------------+
1 row in set (0.00 sec)

mysql> 
mysql> mysql \. C:\workspace\cloud\code\sql\_DailyScript\budget_actual_analysis_2021.sql
Query OK, 0 rows affected (0.01 sec)

Query OK, 675 rows affected, 3 warnings (0.09 sec)
Records: 675  Duplicates: 0  Warnings: 3

+--------------------+
| budget_actual_2021 |
+--------------------+
|                675 |
+--------------------+
1 row in set (0.00 sec)

Query OK, 0 rows affected (0.01 sec)

Query OK, 47 rows affected (0.04 sec)
Records: 47  Duplicates: 0  Warnings: 0

+---------------------------+
| rep_budget_actual_2021_pv |
+---------------------------+
|                        47 |
+---------------------------+
1 row in set (0.00 sec)

mysql> mysql \. C:\workspace\cloud\code\sql\_DailyScript\currenttime.sql
+---------------------+
| currenttime         |
+---------------------+
| 2021-03-15 08:07:03 |
+---------------------+
1 row in set (0.00 sec)

mysql> 
mysql> mysql \. C:\workspace\cloud\code\sql\_DailyScript\reports-sales-addons-prepaid-camera.sql
Database changed
Query OK, 0 rows affected (0.01 sec)

Query OK, 4260 rows affected (0.18 sec)
Records: 4260  Duplicates: 0  Warnings: 0

Query OK, 0 rows affected (0.02 sec)

Query OK, 22682 rows affected (4.91 sec)
Records: 22682  Duplicates: 0  Warnings: 0

+--------------------+
| rep_prepaid_camera |
+--------------------+
|               4260 |
+--------------------+
1 row in set (0.01 sec)

+-----------+
| rep_addon |
+-----------+
|     22682 |
+-----------+
1 row in set (0.01 sec)

mysql> mysql \. C:\workspace\cloud\code\sql\_DailyScript\currenttime.sql
+---------------------+
| currenttime         |
+---------------------+
| 2021-03-15 08:07:08 |
+---------------------+
1 row in set (0.00 sec)

mysql> 
mysql> mysql \. C:\workspace\cloud\code\sql\_DailyScript\RCB_ClientAnalyticsReport_Script.sql
Database changed
Query OK, 0 rows affected (0.00 sec)

Query OK, 0 rows affected (0.04 sec)

Query OK, 2038554 rows affected (1 min 16.18 sec)
Records: 2038554  Duplicates: 0  Warnings: 0

Query OK, 0 rows affected (6.29 sec)
Records: 0  Duplicates: 0  Warnings: 0

Query OK, 0 rows affected (5.14 sec)
Records: 0  Duplicates: 0  Warnings: 0

Query OK, 0 rows affected (8.27 sec)
Records: 0  Duplicates: 0  Warnings: 0

Query OK, 0 rows affected (8.63 sec)
Records: 0  Duplicates: 0  Warnings: 0

Query OK, 0 rows affected (8.96 sec)
Records: 0  Duplicates: 0  Warnings: 0

Query OK, 0 rows affected (7.96 sec)
Records: 0  Duplicates: 0  Warnings: 0

Query OK, 0 rows affected (0.00 sec)

Query OK, 506701 rows affected (17.07 sec)
Rows matched: 2038554  Changed: 506701  Warnings: 0

Query OK, 0 rows affected (0.01 sec)

Query OK, 28571 rows affected (3.82 sec)
Records: 28571  Duplicates: 0  Warnings: 0

+---------------------+
| clientcontractssubs |
+---------------------+
|               28571 |
+---------------------+
1 row in set (0.01 sec)

Query OK, 0 rows affected (0.04 sec)

Query OK, 44679 rows affected (10 min 46.76 sec)
Records: 44679  Duplicates: 0  Warnings: 0

Query OK, 0 rows affected (0.18 sec)
Records: 0  Duplicates: 0  Warnings: 0

Query OK, 0 rows affected (0.15 sec)
Records: 0  Duplicates: 0  Warnings: 0

Query OK, 0 rows affected (0.09 sec)
Records: 0  Duplicates: 0  Warnings: 0

+-----------------------+
| clientcontracthistory |
+-----------------------+
|                 44679 |
+-----------------------+
1 row in set (0.01 sec)

Query OK, 0 rows affected (0.02 sec)

Query OK, 2763272 rows affected (1 min 27.47 sec)
Records: 2763272  Duplicates: 0  Warnings: 0

Query OK, 0 rows affected (0.02 sec)

Query OK, 475083 rows affected (6 min 35.01 sec)
Records: 475083  Duplicates: 0  Warnings: 0

Query OK, 0 rows affected (1.79 sec)
Records: 0  Duplicates: 0  Warnings: 0

Query OK, 0 rows affected (0.78 sec)
Records: 0  Duplicates: 0  Warnings: 0

Query OK, 0 rows affected (1.80 sec)
Records: 0  Duplicates: 0  Warnings: 0

Query OK, 0 rows affected (0.87 sec)
Records: 0  Duplicates: 0  Warnings: 0

+--------------------------+
| clientcontractinvpmt_stg |
+--------------------------+
|                   475083 |
+--------------------------+
1 row in set (0.13 sec)

Query OK, 0 rows affected (0.02 sec)

Query OK, 475083 rows affected (12.96 sec)
Records: 475083  Duplicates: 0  Warnings: 0

Query OK, 0 rows affected (2.07 sec)
Records: 0  Duplicates: 0  Warnings: 0

Query OK, 0 rows affected (0.83 sec)
Records: 0  Duplicates: 0  Warnings: 0

Query OK, 0 rows affected (1.78 sec)
Records: 0  Duplicates: 0  Warnings: 0

Query OK, 0 rows affected (0.86 sec)
Records: 0  Duplicates: 0  Warnings: 0

+----------------------+
| clientcontractinvpmt |
+----------------------+
|               475083 |
+----------------------+
1 row in set (0.13 sec)

Query OK, 0 rows affected (0.01 sec)

Query OK, 44679 rows affected (1 min 24.01 sec)
Records: 44679  Duplicates: 0  Warnings: 0

+--------------+
| clientreport |
+--------------+
|        44679 |
+--------------+
1 row in set (0.02 sec)

Query OK, 0 rows affected (0.01 sec)

Query OK, 44679 rows affected (5.78 sec)
Records: 44679  Duplicates: 0  Warnings: 0

+----------------------+
| clientextendedreport |
+----------------------+
|                44679 |
+----------------------+
1 row in set (0.01 sec)

Query OK, 0 rows affected (0.01 sec)

Query OK, 44679 rows affected (59.21 sec)
Records: 44679  Duplicates: 0  Warnings: 0

+---------+
| allcust |
+---------+
|   44679 |
+---------+
1 row in set (0.01 sec)

Query OK, 0 rows affected, 1 warning (0.00 sec)

Query OK, 5000 rows affected (0.13 sec)
Records: 5000  Duplicates: 0  Warnings: 0

Query OK, 0 rows affected (0.01 sec)

Query OK, 6838 rows affected (0.29 sec)
Records: 6838  Duplicates: 0  Warnings: 0

Query OK, 0 rows affected, 1 warning (0.00 sec)

Query OK, 5000 rows affected (0.14 sec)
Records: 5000  Duplicates: 0  Warnings: 0

Query OK, 0 rows affected (0.01 sec)

Query OK, 7283 rows affected (0.17 sec)
Records: 7283  Duplicates: 0  Warnings: 0

mysql> mysql \. C:\workspace\cloud\code\sql\_DailyScript\currenttime.sql
+---------------------+
| currenttime         |
+---------------------+
| 2021-03-15 08:31:15 |
+---------------------+
1 row in set (0.00 sec)

mysql> 
mysql> 
mysql> mysql \. C:\workspace\cloud\code\sql\_DailyScript\REVENUE_PER_NODE_MXK.sql
Query OK, 0 rows affected (0.01 sec)

Query OK, 0 rows affected (0.01 sec)

Query OK, 0 rows affected (0.01 sec)

Query OK, 7476 rows affected (2.46 sec)
Records: 7476  Duplicates: 0  Warnings: 0

+----------------------+
| message              |
+----------------------+
| created temp table a |
+----------------------+
1 row in set (0.00 sec)

Query OK, 6786 rows affected (1.05 sec)
Records: 6786  Duplicates: 0  Warnings: 0

+----------------------+
| message              |
+----------------------+
| created temp table b |
+----------------------+
1 row in set (0.00 sec)

Query OK, 0 rows affected, 1 warning (0.00 sec)

Query OK, 7784 rows affected (20.25 sec)
Records: 7784  Duplicates: 0  Warnings: 0

+--------------------------------+
| message                        |
+--------------------------------+
| created rcbill_my.tempcustmxk1 |
+--------------------------------+
1 row in set (0.00 sec)

Query OK, 0 rows affected (0.01 sec)

Query OK, 0 rows affected (0.00 sec)

Query OK, 0 rows affected, 1 warning (0.00 sec)

Query OK, 7476 rows affected (1.77 sec)
Records: 7476  Duplicates: 0  Warnings: 0

+----------------+
| message        |
+----------------+
| created temp a |
+----------------+
1 row in set (0.00 sec)

Query OK, 6786 rows affected (0.90 sec)
Records: 6786  Duplicates: 0  Warnings: 0

+----------------+
| message        |
+----------------+
| created temp b |
+----------------+
1 row in set (0.00 sec)

Query OK, 0 rows affected, 1 warning (0.00 sec)

Query OK, 6913 rows affected (10.74 sec)
Records: 6913  Duplicates: 0  Warnings: 0

+--------------------------------+
| message                        |
+--------------------------------+
| created rcbill_my.tempcustmxk2 |
+--------------------------------+
1 row in set (0.00 sec)

Query OK, 0 rows affected (0.01 sec)

Query OK, 0 rows affected (0.01 sec)

Query OK, 0 rows affected, 1 warning (0.00 sec)

Query OK, 0 rows affected (0.01 sec)

Query OK, 8629 rows affected (0.40 sec)
Records: 8629  Duplicates: 0  Warnings: 0

+---------------------------------+
| message                         |
+---------------------------------+
| created rcbill_my.customers_mxk |
+---------------------------------+
1 row in set (0.00 sec)

Query OK, 0 rows affected (0.00 sec)

Query OK, 0 rows affected (0.00 sec)

Query OK, 14402 rows affected (5.68 sec)
Records: 14402  Duplicates: 0  Warnings: 0

+----------------+
| message        |
+----------------+
| created temp a |
+----------------+
1 row in set (0.00 sec)

Query OK, 17831 rows affected (1.86 sec)
Records: 17831  Duplicates: 0  Warnings: 0

+----------------+
| message        |
+----------------+
| created temp c |
+----------------+
1 row in set (0.00 sec)

Query OK, 0 rows affected, 1 warning (0.00 sec)

Query OK, 26171 rows affected (0.30 sec)
Records: 26171  Duplicates: 0  Warnings: 0

+---------------------------------+
| message                         |
+---------------------------------+
| created rcbill_my.tempcustcmts1 |
+---------------------------------+
1 row in set (0.00 sec)

Query OK, 0 rows affected (0.01 sec)

Query OK, 0 rows affected, 1 warning (0.00 sec)

Query OK, 0 rows affected (0.01 sec)

Query OK, 14402 rows affected (5.85 sec)
Records: 14402  Duplicates: 0  Warnings: 0

+----------------+
| message        |
+----------------+
| created temp a |
+----------------+
1 row in set (0.00 sec)

Query OK, 17831 rows affected (1.69 sec)
Records: 17831  Duplicates: 0  Warnings: 0

+----------------+
| message        |
+----------------+
| created temp c |
+----------------+
1 row in set (0.00 sec)

Query OK, 0 rows affected, 1 warning (0.00 sec)

Query OK, 18425 rows affected (0.24 sec)
Records: 18425  Duplicates: 0  Warnings: 0

+---------------------------------+
| message                         |
+---------------------------------+
| created rcbill_my.tempcustcmts2 |
+---------------------------------+
1 row in set (0.00 sec)

Query OK, 0 rows affected (0.01 sec)

Query OK, 0 rows affected, 1 warning (0.00 sec)

Query OK, 0 rows affected (0.01 sec)

Query OK, 0 rows affected (0.01 sec)

Query OK, 14431 rows affected (0.93 sec)
Records: 14431  Duplicates: 0  Warnings: 0

+----------------------------------+
| message                          |
+----------------------------------+
| created rcbill_my.customers_cmts |
+----------------------------------+
1 row in set (0.00 sec)

Query OK, 0 rows affected (0.00 sec)

Query OK, 0 rows affected (0.00 sec)

Query OK, 0 rows affected (0.01 sec)

Query OK, 18792 rows affected (0.79 sec)
Records: 18792  Duplicates: 0  Warnings: 0

+--------------------------------------+
| message                              |
+--------------------------------------+
| created rcbill_my.customers_cmts_mxk |
+--------------------------------------+
1 row in set (0.00 sec)

Query OK, 501648 rows affected (1 min 0.01 sec)
Records: 501648  Duplicates: 0  Warnings: 0

+----------------+
| message        |
+----------------+
| created temp a |
+----------------+
1 row in set (0.00 sec)

Query OK, 0 rows affected (0.02 sec)

Query OK, 502370 rows affected (11.94 sec)
Records: 502370  Duplicates: 0  Warnings: 0

+------------------------------------------------+
| message                                        |
+------------------------------------------------+
| created rcbill_my.customers_contracts_cmts_mxk |
+------------------------------------------------+
1 row in set (0.00 sec)

Query OK, 0 rows affected (0.01 sec)

Query OK, 0 rows affected, 1 warning (0.00 sec)

Query OK, 0 rows affected, 1 warning (0.00 sec)

Query OK, 0 rows affected (0.00 sec)

Query OK, 8290 rows affected (2.90 sec)
Rows matched: 8290  Changed: 8290  Warnings: 0

+------------------------------------------------+
| message                                        |
+------------------------------------------------+
| updated rcbill_my.customers_contracts_cmts_mxk |
+------------------------------------------------+
1 row in set (0.00 sec)

Query OK, 0 rows affected (0.07 sec)

Query OK, 2087181 rows affected (3 min 56.39 sec)
Records: 2087181  Duplicates: 0  Warnings: 0

+----------------------------------------+
| message                                |
+----------------------------------------+
| created rcbill_my.customers_collection |
+----------------------------------------+
1 row in set (0.00 sec)

Query OK, 0 rows affected (0.04 sec)

Query OK, 2411078 rows affected (2 min 1.95 sec)
Records: 2411078  Duplicates: 0  Warnings: 0

+------------------------------------------------+
| message                                        |
+------------------------------------------------+
| created rcbill_my.customers_cmts_mxk_cont_coll |
+------------------------------------------------+
1 row in set (0.00 sec)

Query OK, 0 rows affected (0.06 sec)

Query OK, 457746 rows affected (2 min 46.34 sec)
Records: 457746  Duplicates: 0  Warnings: 0

+--------------------------------------------------------+
| message                                                |
+--------------------------------------------------------+
| created rcbill_my.customers_contracts_collection_pivot |
+--------------------------------------------------------+
1 row in set (0.00 sec)

Query OK, 0 rows affected (0.01 sec)

Query OK, 40701 rows affected (2 min 49.83 sec)
Records: 40701  Duplicates: 0  Warnings: 0

+----------------------------------------------+
| message                                      |
+----------------------------------------------+
| created rcbill_my.customers_collection_pivot |
+----------------------------------------------+
1 row in set (0.00 sec)

Query OK, 0 rows affected (0.01 sec)

Query OK, 44679 rows affected (3.76 sec)
Records: 44679  Duplicates: 0  Warnings: 0

+--------------------------------------------+
| message                                    |
+--------------------------------------------+
| created rcbill_my.rep_customers_collection |
+--------------------------------------------+
1 row in set (0.00 sec)

Query OK, 0 rows affected (0.00 sec)

Query OK, 0 rows affected, 1 warning (0.00 sec)

Query OK, 466201 rows affected (13.35 sec)
Records: 466201  Duplicates: 0  Warnings: 0

+-------------------------+
| message                 |
+-------------------------+
| created rcbill_my.tempa |
+-------------------------+
1 row in set (0.00 sec)

Query OK, 0 rows affected, 1 warning (0.00 sec)

Query OK, 457746 rows affected (26.93 sec)
Records: 457746  Duplicates: 0  Warnings: 0

+-------------------------+
| message                 |
+-------------------------+
| created rcbill_my.tempb |
+-------------------------+
1 row in set (0.00 sec)

Query OK, 466201 rows affected (26.14 sec)
Records: 466201  Duplicates: 0  Warnings: 0

+-----------+
| message   |
+-----------+
| created a |
+-----------+
1 row in set (0.00 sec)

Query OK, 457751 rows affected (28.73 sec)
Records: 457751  Duplicates: 0  Warnings: 0

+-----------+
| message   |
+-----------+
| created b |
+-----------+
1 row in set (0.00 sec)

Query OK, 0 rows affected (0.02 sec)

Query OK, 0 rows affected (0.03 sec)

Query OK, 0 rows affected (0.02 sec)

Query OK, 502780 rows affected (1 min 6.28 sec)
Records: 502780  Duplicates: 0  Warnings: 0

+----------------------------------------------+
| message                                      |
+----------------------------------------------+
| created rcbill_my.cust_cont_payment_cmts_mxk |
+----------------------------------------------+
1 row in set (0.00 sec)

Query OK, 0 rows affected (0.04 sec)

Query OK, 0 rows affected (0.04 sec)

Query OK, 0 rows affected, 1 warning (0.00 sec)

Query OK, 0 rows affected (0.01 sec)

Query OK, 44679 rows affected (21.53 sec)
Records: 44679  Duplicates: 0  Warnings: 0

+--------------------------------------------------+
| message                                          |
+--------------------------------------------------+
| created rcbill_my.rep_cust_cont_payment_cmts_mxk |
+--------------------------------------------------+
1 row in set (0.00 sec)

Query OK, 0 rows affected, 1 warning (0.00 sec)

Query OK, 0 rows affected, 1 warning (0.00 sec)

Query OK, 0 rows affected (0.01 sec)

Query OK, 44679 rows affected (11.70 sec)
Records: 44679  Duplicates: 0  Warnings: 0

+----------------------+
| rep_custconsolidated |
+----------------------+
|                44679 |
+----------------------+
1 row in set (0.83 sec)

Query OK, 0 rows affected (0.01 sec)

+------------------------------------+
| message                            |
+------------------------------------+
| creating rcbill_my.rep_custextract |
+------------------------------------+
1 row in set (0.00 sec)

Query OK, 44679 rows affected (1.20 sec)
Records: 44679  Duplicates: 0  Warnings: 0

+-----------------+
| rep_custextract |
+-----------------+
|           44679 |
+-----------------+
1 row in set (0.01 sec)

Query OK, 0 rows affected (0.00 sec)

Query OK, 0 rows affected (0.01 sec)

+----------------------------------------------+
| message                                      |
+----------------------------------------------+
| creating rcbill_my.retentioncustomeractivity |
+----------------------------------------------+
1 row in set (0.00 sec)

Query OK, 874 rows affected (0.25 sec)
Records: 874  Duplicates: 0  Warnings: 0

+---------------------------+
| retentioncustomeractivity |
+---------------------------+
|                       874 |
+---------------------------+
1 row in set (0.00 sec)

+-----------+------------------------------------+------------+-------------+-----------------+------------------+---------------------+-------------------+
| HFC_NODE  | NODENAME                           | CMTS_DATE  | INSERTED_ON | UNIQUE_ACCOUNTS | UNIQUE_CONTRACTS | UNIQUE_MAC_INRCBOSS | UNIQUE_MAC_INCMTS |
+-----------+------------------------------------+------------+-------------+-----------------+------------------+---------------------+-------------------+
| NULL      | NULL                               | NULL       | 2021-03-15  |            7152 |             7560 |                7605 |                 0 |
| C5/0/0/U0 | ANSE-BOILEAU-2                     | 2021-03-10 | 2021-03-15  |             202 |              206 |                 202 |               204 |
| C5/0/0/U1 | 500-C3-ANSE-BOILEAU                | 2021-03-10 | 2021-03-15  |             202 |              207 |                 202 |               202 |
| C5/0/1/U0 | 501-C4-LA-MISIERE-LEFT-I           | 2021-03-10 | 2021-03-15  |             164 |              165 |                 164 |               164 |
| C5/0/1/U1 | 501-C5-LA-MISIERE-RIGHT            | 2021-03-10 | 2021-03-15  |             115 |              117 |                 115 |               115 |
| C5/0/1/U2 | 501-C7-LA-MISIERE-LEFT-II          | 2021-03-10 | 2021-03-15  |             161 |              168 |                 161 |               161 |
| C5/0/2/U0 | 502-C8-LA-LOUISE                   | 2021-03-10 | 2021-03-15  |             137 |              138 |                 137 |               139 |
| C5/0/2/U1 | LA-LOUISE-2                        | 2021-03-10 | 2021-03-15  |             142 |              142 |                 142 |               142 |
| C5/0/3/U0 | 504-C6-PETIT-PARIS                 | 2021-03-10 | 2021-03-15  |             150 |              154 |                 150 |               150 |
| C5/0/3/U1 | PETIT-PARIS-23                     | 2021-03-10 | 2021-03-15  |              72 |               73 |                  72 |                73 |
| C5/0/4/U0 | FOUR-SEASONS                       | 2021-03-10 | 2021-03-15  |               2 |                2 |                   2 |                 2 |
| C5/0/4/U1 | ANCHOR-CAFE-I                      | 2021-03-10 | 2021-03-15  |             168 |              171 |                 168 |               168 |
| C5/0/4/U2 | ANCHOR-CAFE-II                     | 2021-03-10 | 2021-03-15  |             160 |              162 |                 160 |               160 |
| C5/1/0/U0 | POINTE-LARUE-AIRPORT-23            | 2021-03-10 | 2021-03-15  |             113 |              118 |                 114 |               114 |
| C5/1/0/U1 | PPROVIDENCE-23                     | 2021-03-10 | 2021-03-15  |              20 |               21 |                  21 |                21 |
| C5/1/0/U2 | ROSHE-CAIMAN-23                    | 2021-03-10 | 2021-03-15  |              11 |               12 |                  11 |                11 |
| C5/1/0/U3 | HEAD-OFFICE | HO-23                | 2021-03-10 | 2021-03-15  |              22 |               22 |                  22 |                22 |
| C5/1/1/U1 | C5-UNION-VALE                      | 2021-03-10 | 2021-03-15  |             187 |              189 |                 187 |               187 |
| C5/1/3/U0 | POINTE-LARUE-AIRPORT-27            | 2021-03-10 | 2021-03-15  |             148 |              150 |                 148 |               149 |
| C5/1/3/U1 | PPROVIDENCE-27                     | 2021-03-10 | 2021-03-15  |              23 |               23 |                  23 |                23 |
| C5/1/3/U2 | ROSHE-CAIMAN-27                    | 2021-03-10 | 2021-03-15  |              29 |               29 |                  29 |                29 |
| C5/1/3/U3 | HEAD-OFFICE | HO-27                | 2021-03-10 | 2021-03-15  |              20 |               20 |                  20 |                21 |
| C5/1/4/U0 | ANSE-ROYALE-27                     | 2021-03-10 | 2021-03-15  |              99 |              101 |                  99 |                99 |
| C5/1/4/U1 | GLACIS-2-57                        | 2021-03-10 | 2021-03-15  |              64 |               68 |                  64 |                64 |
| C5/1/4/U2 | NULL                               | 2021-03-10 | 2021-03-15  |             115 |              118 |                 115 |               115 |
| C5/1/4/U3 | GLACIS-1                           | 2021-03-10 | 2021-03-15  |              26 |               26 |                  26 |                26 |
| C6/0/1/U0 | SERRET-ROAD-RIGHT/CURIO/PASCAL     | 2021-03-10 | 2021-03-15  |             129 |              133 |                 129 |               129 |
| C6/0/1/U1 | SERRET-ROAD-LEFT/ST.LOUIS/TOWN     | 2021-03-10 | 2021-03-15  |              73 |               76 |                  73 |                74 |
| C6/0/1/U2 | SERRET-ROAD-RIGHT/CURIO/PASCAL-2   | 2021-03-10 | 2021-03-15  |             130 |              130 |                 130 |               130 |
| C6/0/1/U3 | SERRET-ROAD-LEFT/ST.LOUIS/TOWN-2   | 2021-03-10 | 2021-03-15  |              75 |               79 |                  75 |                75 |
| C6/0/2/U0 | SANS-SOUCIS-I                      | 2021-03-10 | 2021-03-15  |             132 |              136 |                 132 |               134 |
| C6/0/2/U1 | SANS-SOUCIS-II                     | 2021-03-10 | 2021-03-15  |              78 |               79 |                  78 |                78 |
| C6/0/2/U2 | BEL-AIR-27                         | 2021-03-10 | 2021-03-15  |              90 |               94 |                  90 |                91 |
| C6/0/2/U3 | BEL-AIR-38                         | 2021-03-10 | 2021-03-15  |              84 |               85 |                  84 |                84 |
| C6/0/3/U0 | LES-MAMELLES-23                    | 2021-03-10 | 2021-03-15  |              56 |               56 |                  56 |                56 |
| C6/0/3/U1 | VICTORIA-23                        | 2021-03-10 | 2021-03-15  |              20 |               21 |                  21 |                22 |
| C6/0/4/U0 | LES-MAMELLES-27                    | 2021-03-10 | 2021-03-15  |              99 |              100 |                  99 |               100 |
| C6/0/4/U1 | VICTORIA-27                        | 2021-03-10 | 2021-03-15  |              18 |               18 |                  18 |                20 |
| C7/1/0/U0 | LA-RETRAITE-23                     | 2021-03-10 | 2021-03-15  |              75 |               77 |                  75 |                75 |
| C7/1/0/U1 | TEA-FACTORY-23                     | 2021-03-10 | 2021-03-15  |              32 |               39 |                  34 |                34 |
| C7/1/0/U2 | PAS-23                             | 2021-03-10 | 2021-03-15  |              85 |               87 |                  86 |                88 |
| C7/1/1/U0 | REEF-ESTATE-23                     | 2021-03-10 | 2021-03-15  |              77 |               79 |                  77 |                77 |
| C7/1/2/U0 | LA-RETRAITE-27                     | 2021-03-10 | 2021-03-15  |              71 |               72 |                  71 |                72 |
| C7/1/2/U1 | TEA-FACTORY-27                     | 2021-03-10 | 2021-03-15  |              21 |               26 |                  22 |                22 |
| C7/1/2/U2 | PAS-27                             | 2021-03-10 | 2021-03-15  |              99 |              102 |                  99 |               100 |
| C7/1/3/U0 | MT-BUXTON-27                       | 2021-03-10 | 2021-03-15  |             156 |              159 |                 156 |               156 |
| C7/1/3/U1 | MT-BUXTON-23                       | 2021-03-10 | 2021-03-15  |              75 |               78 |                  76 |                76 |
| C7/1/4/U0 | REEF-ESTATE-27                     | 2021-03-10 | 2021-03-15  |              94 |               95 |                  94 |                94 |
| C8/0/0/U0 | POLICE-ACADEMY-1-27 - POINTE LARUE | 2021-03-10 | 2021-03-15  |              85 |               87 |                  85 |                85 |
| C8/0/0/U1 | NULL                               | 2021-03-10 | 2021-03-15  |             107 |              112 |                 107 |               109 |
| C8/0/1/U0 | NULL                               | 2021-03-10 | 2021-03-15  |             311 |              312 |                 310 |               310 |
| C8/0/1/U1 | POLICE-ACADEMY-2-27 - TURTLE BAY   | 2021-03-10 | 2021-03-15  |             164 |              166 |                 164 |               165 |
| C8/1/0/U0 | MA-JOIE-NODE-27                    | 2021-03-10 | 2021-03-15  |              93 |               95 |                  92 |                92 |
| C8/1/0/U1 | BELONIE-27                         | 2021-03-10 | 2021-03-15  |             147 |              149 |                 146 |               146 |
| C8/1/0/U3 | MA-JOIE-NODE-23                    | 2021-03-10 | 2021-03-15  |              91 |               91 |                  91 |                91 |
| C8/1/1/U0 | 611-C1-ROJN I                      | 2021-03-10 | 2021-03-15  |             116 |              117 |                 116 |               116 |
| C8/1/1/U1 | 611-C5-ROJN II                     | 2021-03-10 | 2021-03-15  |             118 |              119 |                 118 |               118 |
| C8/1/2/U0 | 612-C2-ANSE-ETOILE                 | 2021-03-10 | 2021-03-15  |             112 |              112 |                 112 |               112 |
| C8/1/2/U1 | ANSE-ETOILE-U2                     | 2021-03-10 | 2021-03-15  |              48 |               48 |                  48 |                49 |
| C8/1/3/U0 | 613-C3-ANSE-GAULETTE I             | 2021-03-10 | 2021-03-15  |              77 |               81 |                  77 |                77 |
| C8/1/3/U1 | 613-C7-ANSE-GAULETTE II            | 2021-03-10 | 2021-03-15  |              79 |               82 |                  80 |                80 |
| C8/1/3/U2 | 613-C3-ANSE-GAULETTE III           | 2021-03-10 | 2021-03-15  |              41 |               44 |                  41 |                41 |
| C8/1/3/U3 | TAKAMAKA I                         | 2021-03-10 | 2021-03-15  |              99 |              100 |                  99 |               100 |
| C8/1/3/U4 | TAKAMAKA II                        | 2021-03-10 | 2021-03-15  |             102 |              104 |                 102 |               103 |
| C8/1/4/U0 | 614-BEOLIERE-NODE-1                | 2021-03-10 | 2021-03-15  |             132 |              135 |                 133 |               135 |
| C8/1/4/U1 | 614-BEOLIERE-NODE-2                | 2021-03-10 | 2021-03-15  |             104 |              104 |                 104 |               106 |
+-----------+------------------------------------+------------+-------------+-----------------+------------------+---------------------+-------------------+
66 rows in set (0.18 sec)

+-----------------------+------------+-------------+-----------------+------------------+----------------------+-------------------+
| MXK_NAME              | MXK_DATE   | INSERTED_ON | UNIQUE_ACCOUNTS | UNIQUE_CONTRACTS | UNIQUE_FSAN_INRCBOSS | UNIQUE_FSAN_INMXK |
+-----------------------+------------+-------------+-----------------+------------------+----------------------+-------------------+
| NULL                  | NULL       | 2021-03-15  |            1664 |             1712 |                 1700 |                 0 |
| MXK-MAHE-ANSEETOILE   | 2020-07-27 | 2021-03-15  |             378 |              382 |                  381 |               398 |
| MXK-MAHE-ANSEROYALE   | 2020-07-27 | 2021-03-15  |             171 |              173 |                  172 |               198 |
| MXK-MAHE-BEAUVALLON-1 | 2020-07-27 | 2021-03-15  |            1806 |             1836 |                 1824 |              1919 |
| MXK-MAHE-BEAUVALLON-2 | 2020-07-27 | 2021-03-15  |              26 |               26 |                   26 |                30 |
| MXK-MAHE-PERSEVERANCE | 2020-07-27 | 2021-03-15  |            1063 |             1088 |                 1075 |              1241 |
| MXK-MAHE-PROVIDENCE   | 2020-07-27 | 2021-03-15  |             998 |             1029 |                  949 |              1192 |
| MXK-PRASLIN-GRANDANSE | 2020-07-27 | 2021-03-15  |            1296 |             1300 |                 1292 |              1514 |
+-----------------------+------------+-------------+-----------------+------------------+----------------------+-------------------+
8 rows in set (0.09 sec)

mysql> mysql \. C:\workspace\cloud\code\sql\_DailyScript\currenttime.sql
+---------------------+
| currenttime         |
+---------------------+
| 2021-03-15 08:48:21 |
+---------------------+
1 row in set (0.00 sec)

mysql> 
mysql> mysql \. C:\workspace\cloud\code\sql\_DailyScript\housing-estate-analysis.sql
Database changed
Query OK, 0 rows affected (0.01 sec)

Query OK, 3690 rows affected (1 min 19.62 sec)
Records: 3690  Duplicates: 0  Warnings: 0

+--------------------+
| rep_housingestates |
+--------------------+
|               3690 |
+--------------------+
1 row in set (0.00 sec)

mysql> mysql \. C:\workspace\cloud\code\sql\_DailyScript\currenttime.sql
+---------------------+
| currenttime         |
+---------------------+
| 2021-03-15 08:49:41 |
+---------------------+
1 row in set (0.00 sec)

mysql> 
mysql> 
mysql> mysql \. C:\workspace\cloud\code\sql\Analysis\service_tickets_assignments.sql
Query OK, 0 rows affected (0.01 sec)

Query OK, 19601 rows affected (3.85 sec)
Records: 19601  Duplicates: 0  Warnings: 0

+-------------------------+
| rep_servicetickets_2021 |
+-------------------------+
|                   19601 |
+-------------------------+
1 row in set (0.02 sec)

mysql> mysql \. C:\workspace\cloud\code\sql\_DailyScript\currenttime.sql
+---------------------+
| currenttime         |
+---------------------+
| 2021-03-15 08:49:44 |
+---------------------+
1 row in set (0.00 sec)

mysql> 
mysql> mysql \. C:\workspace\cloud\code\sql\_DailyScript\DAILY-SCRIPT-USAGESTATS.sql
Database changed
Query OK, 0 rows affected (0.14 sec)

Query OK, 27689653 rows affected, 65535 warnings (13 min 7.17 sec)
Records: 27689653  Duplicates: 0  Warnings: 27681591

Query OK, 0 rows affected (1 min 16.39 sec)
Records: 0  Duplicates: 0  Warnings: 0

Query OK, 0 rows affected (1 min 13.74 sec)
Records: 0  Duplicates: 0  Warnings: 0

Query OK, 0 rows affected (1 min 12.96 sec)
Records: 0  Duplicates: 0  Warnings: 0

Query OK, 0 rows affected (1 min 8.52 sec)
Records: 0  Duplicates: 0  Warnings: 0

Query OK, 0 rows affected (1 min 52.71 sec)
Records: 0  Duplicates: 0  Warnings: 0

Query OK, 0 rows affected (2 min 0.96 sec)
Records: 0  Duplicates: 0  Warnings: 0

Query OK, 0 rows affected (1 min 47.42 sec)
Records: 0  Duplicates: 0  Warnings: 0

Query OK, 0 rows affected (1 min 14.90 sec)
Records: 0  Duplicates: 0  Warnings: 0

+----------+
| ipusage  |
+----------+
| 27689653 |
+----------+
1 row in set (9.41 sec)

Query OK, 0 rows affected (0.05 sec)

Query OK, 7356232 rows affected (6 min 53.28 sec)
Records: 7356232  Duplicates: 0  Warnings: 0

Query OK, 0 rows affected (25.09 sec)
Records: 0  Duplicates: 0  Warnings: 0

Query OK, 0 rows affected (20.97 sec)
Records: 0  Duplicates: 0  Warnings: 0

Query OK, 0 rows affected (26.15 sec)
Records: 0  Duplicates: 0  Warnings: 0

Query OK, 0 rows affected (31.41 sec)
Records: 0  Duplicates: 0  Warnings: 0

Query OK, 0 rows affected (24.60 sec)
Records: 0  Duplicates: 0  Warnings: 0

+------------------+
| clientcontractip |
+------------------+
|          7356232 |
+------------------+
1 row in set (2.16 sec)

Query OK, 0 rows affected (0.08 sec)

Query OK, 13601233 rows affected (2 min 35.82 sec)
Records: 13601233  Duplicates: 0  Warnings: 0

+---------------------------+
| clientcontractipusage_stg |
+---------------------------+
|                  13601233 |
+---------------------------+
1 row in set (5.25 sec)

+------------------------------------+
| clientcontractipusage_beforeinsert |
+------------------------------------+
|                           13601233 |
+------------------------------------+
1 row in set (6.51 sec)

Query OK, 11317 rows affected (11.03 sec)
Records: 11317  Duplicates: 0  Warnings: 0

+-----------------------------------+
| clientcontractipusage_afterinsert |
+-----------------------------------+
|                          13612550 |
+-----------------------------------+
1 row in set (5.06 sec)

+------------+----------+
| usagedate  | count(*) |
+------------+----------+
| 2021-03-14 |    11317 |
| 2021-03-13 |    11424 |
| 2021-03-12 |    11543 |
| 2021-03-11 |    11280 |
| 2021-03-10 |    11408 |
| 2021-03-09 |     8907 |
| 2021-03-08 |    11446 |
| 2021-03-07 |    11480 |
| 2021-03-06 |    11497 |
| 2021-03-05 |    11459 |
| 2021-03-04 |    13851 |
| 2021-03-03 |    10325 |
| 2021-03-02 |    10373 |
| 2021-03-01 |    10482 |
| 2021-02-28 |    10187 |
+------------+----------+
15 rows in set (0.07 sec)

Query OK, 0 rows affected (0.02 sec)

Query OK, 592117 rows affected (55.95 sec)
Records: 592117  Duplicates: 0  Warnings: 0

Query OK, 0 rows affected (1.92 sec)
Records: 0  Duplicates: 0  Warnings: 0

Query OK, 0 rows affected (1.74 sec)
Records: 0  Duplicates: 0  Warnings: 0

Query OK, 0 rows affected (2.11 sec)
Records: 0  Duplicates: 0  Warnings: 0

Query OK, 0 rows affected (1.19 sec)
Records: 0  Duplicates: 0  Warnings: 0

Query OK, 0 rows affected (1.17 sec)
Records: 0  Duplicates: 0  Warnings: 0

Query OK, 0 rows affected (1.20 sec)
Records: 0  Duplicates: 0  Warnings: 0

Query OK, 0 rows affected (1.19 sec)
Records: 0  Duplicates: 0  Warnings: 0

+-----------------------+
| clientcontractipmonth |
+-----------------------+
|                592117 |
+-----------------------+
1 row in set (0.16 sec)

mysql> mysql \. C:\workspace\cloud\code\sql\_DailyScript\currenttime.sql
+---------------------+
| currenttime         |
+---------------------+
| 2021-03-15 09:28:03 |
+---------------------+
1 row in set (0.00 sec)

mysql> 
mysql> exit
