    -> 
    -> mysql \. C:\workspace\cloud\code\sql\_DailyScript\_setdates.sql
Database changed
Query OK, 0 rows affected (0.00 sec)

Query OK, 0 rows affected (0.00 sec)

Query OK, 0 rows affected (0.00 sec)

Query OK, 0 rows affected (0.00 sec)

Query OK, 0 rows affected (0.00 sec)

Query OK, 0 rows affected (0.00 sec)

Query OK, 0 rows affected (0.00 sec)

Query OK, 0 rows affected (0.00 sec)

Query OK, 0 rows affected (0.00 sec)

Query OK, 0 rows affected (0.00 sec)

Query OK, 0 rows affected (0.00 sec)

Query OK, 0 rows affected (0.00 sec)

Query OK, 0 rows affected (0.00 sec)

Query OK, 0 rows affected (0.01 sec)

Query OK, 0 rows affected (0.00 sec)

Query OK, 0 rows affected (0.00 sec)

Query OK, 0 rows affected (0.00 sec)

Query OK, 0 rows affected (0.00 sec)

Query OK, 0 rows affected (0.00 sec)

Query OK, 0 rows affected (0.00 sec)

Query OK, 0 rows affected (0.00 sec)

mysql> mysql \. C:\workspace\cloud\code\sql\_DailyScript\currenttime.sql
+---------------------+
| currenttime         |
+---------------------+
| 2019-10-22 08:43:48 |
+---------------------+
1 row in set (0.00 sec)

mysql> 
mysql> mysql \. C:\workspace\cloud\code\sql\_DailyScript\load_RCB_VODTITLES.sql
Database changed
Query OK, 0 rows affected (0.00 sec)

Query OK, 7385 rows affected (0.04 sec)

Query OK, 7387 rows affected, 7387 warnings (0.25 sec)
Records: 7387  Deleted: 0  Skipped: 0  Warnings: 7387

Query OK, 0 rows affected (0.00 sec)

Query OK, 2 rows affected (0.01 sec)

+-----------+
| VODTITLES |
+-----------+
|      7845 |
+-----------+
1 row in set (0.00 sec)

+-----------+-----------+
| titletype | typecount |
+-----------+-----------+
| E         |      5876 |
| N         |       213 |
| T         |      1296 |
| NULL      |      7385 |
+-----------+-----------+
4 rows in set (0.03 sec)

mysql> mysql \. C:\workspace\cloud\code\sql\_DailyScript\currenttime.sql
+---------------------+
| currenttime         |
+---------------------+
| 2019-10-22 08:43:49 |
+---------------------+
1 row in set (0.00 sec)

mysql> 
mysql> mysql \. C:\workspace\cloud\code\sql\_DailyScript\DAILY-SCRIPT-LIVETV-STATS.sql
Database changed
Query OK, 0 rows affected (0.01 sec)

Query OK, 60373 rows affected (0.92 sec)
Records: 60373  Duplicates: 0  Warnings: 0

+------------+------------+----------+--------------+--------------+-----------+-------------+----------+--------+------+------------+---------+---------------+
| Table      | Non_unique | Key_name | Seq_in_index | Column_name  | Collation | Cardinality | Sub_part | Packed | Null | Index_type | Comment | Index_comment |
+------------+------------+----------+--------------+--------------+-----------+-------------+----------+--------+------+------------+---------+---------------+
| templivetv |          1 | idxtv1   |            1 | device       | A         |       60623 |     NULL | NULL   | YES  | BTREE      |         |               |
| templivetv |          1 | idxtv2   |            1 | sessionstart | A         |       60623 |     NULL | NULL   | YES  | BTREE      |         |               |
+------------+------------+----------+--------------+--------------+-----------+-------------+----------+--------+------+------------+---------+---------------+
2 rows in set (0.00 sec)

Query OK, 60390 rows affected (18.65 sec)
Records: 60390  Duplicates: 0  Warnings: 0

Query OK, 2692 rows affected (0.94 sec)
Records: 2692  Duplicates: 0  Warnings: 0

Query OK, 0 rows affected (0.00 sec)

Query OK, 0 rows affected (0.04 sec)

Query OK, 141 rows affected (0.06 sec)
Records: 141  Duplicates: 0  Warnings: 0

Query OK, 0 rows affected (0.00 sec)

Query OK, 93168 rows affected (21 min 34.30 sec)
Records: 93168  Duplicates: 0  Warnings: 0

+-----------------+
| rep_livetvstats |
+-----------------+
|           93168 |
+-----------------+
1 row in set (0.03 sec)

mysql> mysql \. C:\workspace\cloud\code\sql\_DailyScript\currenttime.sql
+---------------------+
| currenttime         |
+---------------------+
| 2019-10-22 09:05:44 |
+---------------------+
1 row in set (0.00 sec)

mysql> 
mysql> mysql \. C:\workspace\cloud\code\sql\_DailyScript\DAILY-SCRIPT-VODTS-STATS.sql
Database changed
Query OK, 0 rows affected (0.17 sec)

Query OK, 3015 rows affected (51.05 sec)
Records: 3015  Duplicates: 0  Warnings: 0

+---------+------------+----------+--------------+--------------+-----------+-------------+----------+--------+------+------------+---------+---------------+
| Table   | Non_unique | Key_name | Seq_in_index | Column_name  | Collation | Cardinality | Sub_part | Packed | Null | Index_type | Comment | Index_comment |
+---------+------------+----------+--------------+--------------+-----------+-------------+----------+--------+------+------------+---------+---------------+
| tempvod |          1 | idxtvod1 |            1 | device       | A         |        3221 |     NULL | NULL   | YES  | BTREE      |         |               |
| tempvod |          1 | idxtvod2 |            1 | sessionstart | A         |        3221 |     NULL | NULL   | YES  | BTREE      |         |               |
+---------+------------+----------+--------------+--------------+-----------+-------------+----------+--------+------+------------+---------+---------------+
2 rows in set (0.00 sec)

Query OK, 3019 rows affected (2.03 sec)
Records: 3019  Duplicates: 0  Warnings: 0

Query OK, 0 rows affected (0.03 sec)

Query OK, 367064 rows affected (35.51 sec)
Records: 367064  Duplicates: 0  Warnings: 0

+--------------+
| rep_vodstats |
+--------------+
|       367064 |
+--------------+
1 row in set (0.12 sec)

Database changed
Query OK, 0 rows affected (0.07 sec)

Query OK, 11308 rows affected (4 min 34.65 sec)
Records: 11308  Duplicates: 0  Warnings: 0

+--------+------------+----------+--------------+--------------+-----------+-------------+----------+--------+------+------------+---------+---------------+
| Table  | Non_unique | Key_name | Seq_in_index | Column_name  | Collation | Cardinality | Sub_part | Packed | Null | Index_type | Comment | Index_comment |
+--------+------------+----------+--------------+--------------+-----------+-------------+----------+--------+------+------------+---------+---------------+
| tempts |          1 | idxtts1  |            1 | device       | A         |       11432 |     NULL | NULL   | YES  | BTREE      |         |               |
| tempts |          1 | idxtts2  |            1 | sessionstart | A         |       11432 |     NULL | NULL   | YES  | BTREE      |         |               |
+--------+------------+----------+--------------+--------------+-----------+-------------+----------+--------+------+------------+---------+---------------+
2 rows in set (0.00 sec)

Query OK, 11308 rows affected (12.02 sec)
Records: 11308  Duplicates: 0  Warnings: 0

Query OK, 0 rows affected (0.01 sec)

Query OK, 25631 rows affected (4 min 14.09 sec)
Records: 25631  Duplicates: 0  Warnings: 0

+-------------+
| rep_tsstats |
+-------------+
|       25631 |
+-------------+
1 row in set (0.01 sec)

mysql> mysql \. C:\workspace\cloud\code\sql\_DailyScript\currenttime.sql
+---------------------+
| currenttime         |
+---------------------+
| 2019-10-22 09:16:14 |
+---------------------+
1 row in set (0.00 sec)

mysql> 
mysql> mysql \. C:\workspace\cloud\code\sql\_DailyScript\DAILY-SCRIPT-RADIO-STATS.sql
Database changed
Query OK, 0 rows affected (0.02 sec)

Query OK, 186268 rows affected (7.14 sec)
Records: 186268  Duplicates: 0  Warnings: 0

+-----------+------------+----------+--------------+--------------+-----------+-------------+----------+--------+------+------------+---------+---------------+
| Table     | Non_unique | Key_name | Seq_in_index | Column_name  | Collation | Cardinality | Sub_part | Packed | Null | Index_type | Comment | Index_comment |
+-----------+------------+----------+--------------+--------------+-----------+-------------+----------+--------+------+------------+---------+---------------+
| tempradio |          1 | idxtrad1 |            1 | device       | A         |      187320 |     NULL | NULL   | YES  | BTREE      |         |               |
| tempradio |          1 | idxtrad2 |            1 | sessionstart | A         |      187320 |     NULL | NULL   | YES  | BTREE      |         |               |
+-----------+------------+----------+--------------+--------------+-----------+-------------+----------+--------+------+------------+---------+---------------+
2 rows in set (0.00 sec)

Query OK, 170 rows affected (5.29 sec)
Records: 170  Duplicates: 0  Warnings: 0

Query OK, 0 rows affected (0.01 sec)

Query OK, 3463 rows affected (0.30 sec)
Records: 3463  Duplicates: 0  Warnings: 0

+----------------+
| rep_radiostats |
+----------------+
|           3463 |
+----------------+
1 row in set (0.00 sec)

mysql> mysql \. C:\workspace\cloud\code\sql\_DailyScript\currenttime.sql
+---------------------+
| currenttime         |
+---------------------+
| 2019-10-22 09:16:26 |
+---------------------+
1 row in set (0.00 sec)

mysql> 
mysql> mysql \. C:\workspace\cloud\code\sql\_DailyScript\DAILY_SCRIPT_TELEMETRY_PIVOT.sql
Query OK, 0 rows affected (0.03 sec)

Query OK, 148 rows affected (0.27 sec)
Records: 148  Duplicates: 0  Warnings: 0

Query OK, 0 rows affected (0.02 sec)

Query OK, 6476 rows affected (1.42 sec)
Records: 6476  Duplicates: 0  Warnings: 0

Query OK, 0 rows affected (0.01 sec)

Query OK, 6 rows affected (0.01 sec)
Records: 6  Duplicates: 0  Warnings: 0

Query OK, 0 rows affected (0.02 sec)

Query OK, 55 rows affected (0.60 sec)
Records: 55  Duplicates: 0  Warnings: 0

mysql> mysql \. C:\workspace\cloud\code\sql\_DailyScript\currenttime.sql
+---------------------+
| currenttime         |
+---------------------+
| 2019-10-22 09:16:29 |
+---------------------+
1 row in set (0.00 sec)

mysql> 
mysql> mysql \. C:\workspace\cloud\code\sql\_DailyScript\telemetry_livetv_ranking2019.sql
Query OK, 0 rows affected (0.01 sec)

Query OK, 148 rows affected (0.01 sec)
Records: 148  Duplicates: 0  Warnings: 0

mysql> mysql \. C:\workspace\cloud\code\sql\_DailyScript\currenttime.sql
+---------------------+
| currenttime         |
+---------------------+
| 2019-10-22 09:16:29 |
+---------------------+
1 row in set (0.00 sec)

mysql> 
mysql> mysql \. C:\workspace\cloud\code\sql\_DailyScript\telemetry_radio_ranking2019.sql
Query OK, 0 rows affected (0.01 sec)

Query OK, 6 rows affected (0.03 sec)
Records: 6  Duplicates: 0  Warnings: 0

mysql> mysql \. C:\workspace\cloud\code\sql\_DailyScript\currenttime.sql
+---------------------+
| currenttime         |
+---------------------+
| 2019-10-22 09:16:29 |
+---------------------+
1 row in set (0.00 sec)

mysql> 
mysql> mysql \. C:\workspace\cloud\code\sql\_DailyScript\telemetry_ts_ranking2019.sql
Query OK, 0 rows affected (0.01 sec)

Query OK, 55 rows affected (0.03 sec)
Records: 55  Duplicates: 0  Warnings: 0

mysql> mysql \. C:\workspace\cloud\code\sql\_DailyScript\currenttime.sql
+---------------------+
| currenttime         |
+---------------------+
| 2019-10-22 09:16:29 |
+---------------------+
1 row in set (0.00 sec)

mysql> 
mysql> mysql \. C:\workspace\cloud\code\sql\_DailyScript\telemetry_vod_ranking2019.sql
Query OK, 0 rows affected (0.01 sec)

Query OK, 6476 rows affected (0.28 sec)
Records: 6476  Duplicates: 0  Warnings: 0

mysql> mysql \. C:\workspace\cloud\code\sql\_DailyScript\currenttime.sql
+---------------------+
| currenttime         |
+---------------------+
| 2019-10-22 09:16:29 |
+---------------------+
1 row in set (0.00 sec)

mysql> 
mysql> mysql \. C:\workspace\cloud\code\sql\_DailyScript\telemetry_vod_ranking2019_1.sql
Query OK, 0 rows affected (0.01 sec)

Query OK, 6476 rows affected (0.17 sec)
Records: 6476  Duplicates: 0  Warnings: 0

mysql> mysql \. C:\workspace\cloud\code\sql\_DailyScript\currenttime.sql
+---------------------+
| currenttime         |
+---------------------+
| 2019-10-22 09:16:29 |
+---------------------+
1 row in set (0.00 sec)

mysql> 
mysql> mysql \. C:\workspace\cloud\code\sql\_DailyScript\telemetry_vod_ranking2019_2.sql
Query OK, 0 rows affected (0.00 sec)

Query OK, 6476 rows affected (0.15 sec)
Records: 6476  Duplicates: 0  Warnings: 0

mysql> mysql \. C:\workspace\cloud\code\sql\_DailyScript\currenttime.sql
+---------------------+
| currenttime         |
+---------------------+
| 2019-10-22 09:16:29 |
+---------------------+
1 row in set (0.00 sec)

mysql> 
mysql> mysql \. C:\workspace\cloud\code\sql\_DailyScript\DAILY-SCRIPT-CREATE-LOAD.sql
Database changed
Database changed
Query OK, 0 rows affected (0.04 sec)

Query OK, 0 rows affected (0.01 sec)

Database changed
Query OK, 65791 rows affected (3.50 sec)
Records: 65791  Deleted: 0  Skipped: 0  Warnings: 0

Query OK, 0 rows affected (0.18 sec)
Records: 0  Duplicates: 0  Warnings: 0

Query OK, 0 rows affected (0.27 sec)
Records: 0  Duplicates: 0  Warnings: 0

Query OK, 0 rows affected (0.31 sec)
Records: 0  Duplicates: 0  Warnings: 0

Query OK, 0 rows affected (0.27 sec)
Records: 0  Duplicates: 0  Warnings: 0

+---------+
| clients |
+---------+
|   65791 |
+---------+
1 row in set (0.02 sec)

Query OK, 0 rows affected (0.01 sec)

Query OK, 2410 rows affected (0.50 sec)
Records: 2410  Duplicates: 0  Warnings: 0

+-------------------+
| rcb_clientparcels |
+-------------------+
|              2410 |
+-------------------+
1 row in set (0.00 sec)

Query OK, 0 rows affected (0.03 sec)

Query OK, 85676 rows affected (3.93 sec)
Records: 85676  Duplicates: 0  Warnings: 0

Query OK, 0 rows affected (0.31 sec)
Records: 0  Duplicates: 0  Warnings: 0

Query OK, 0 rows affected (0.02 sec)

Query OK, 65791 rows affected (2.97 sec)
Records: 65791  Duplicates: 0  Warnings: 0

Query OK, 0 rows affected (0.23 sec)
Records: 0  Duplicates: 0  Warnings: 0

Query OK, 0 rows affected (0.25 sec)
Records: 0  Duplicates: 0  Warnings: 0

Query OK, 0 rows affected (0.21 sec)
Records: 0  Duplicates: 0  Warnings: 0

+---------------+
| clientaddress |
+---------------+
|         65791 |
+---------------+
1 row in set (0.02 sec)

Database changed
Query OK, 0 rows affected (0.04 sec)

Query OK, 0 rows affected (0.01 sec)

Database changed
Query OK, 490170 rows affected, 65535 warnings (17.66 sec)
Records: 490170  Deleted: 0  Skipped: 0  Warnings: 192706

Query OK, 0 rows affected (5.45 sec)
Records: 0  Duplicates: 0  Warnings: 0

Query OK, 0 rows affected (3.03 sec)
Records: 0  Duplicates: 0  Warnings: 0

Query OK, 0 rows affected (1.72 sec)
Records: 0  Duplicates: 0  Warnings: 0

Query OK, 0 rows affected (0.04 sec)

Query OK, 490170 rows affected (53.95 sec)
Records: 490170  Duplicates: 0  Warnings: 0

Query OK, 0 rows affected (2.26 sec)
Records: 0  Duplicates: 0  Warnings: 0

Query OK, 0 rows affected (1.56 sec)
Records: 0  Duplicates: 0  Warnings: 0

+-----------+
| contracts |
+-----------+
|    490170 |
+-----------+
1 row in set (0.18 sec)

+-----------------+
| contractaddress |
+-----------------+
|          490170 |
+-----------------+
1 row in set (0.14 sec)

Database changed
Query OK, 0 rows affected (0.01 sec)

Query OK, 0 rows affected (0.01 sec)

Query OK, 7065 rows affected (0.20 sec)
Records: 7065  Deleted: 0  Skipped: 0  Warnings: 0

Query OK, 0 rows affected (0.03 sec)

Query OK, 7034 rows affected (1.29 sec)
Records: 7034  Duplicates: 0  Warnings: 0

Query OK, 0 rows affected (0.05 sec)
Records: 0  Duplicates: 0  Warnings: 0

Query OK, 0 rows affected (0.01 sec)

Query OK, 5516 rows affected (0.04 sec)
Records: 5516  Duplicates: 0  Warnings: 0

Query OK, 0 rows affected (0.04 sec)
Records: 0  Duplicates: 0  Warnings: 0

+-------------------+
| contractdiscounts |
+-------------------+
|              7065 |
+-------------------+
1 row in set (0.00 sec)

+-------------------------+
| clientcontractdiscounts |
+-------------------------+
|                    7034 |
+-------------------------+
1 row in set (0.00 sec)

+----------------------------+
| clientcontractlastdiscount |
+----------------------------+
|                       5516 |
+----------------------------+
1 row in set (0.00 sec)

Database changed
Query OK, 0 rows affected (0.30 sec)

Query OK, 0 rows affected (0.00 sec)

Database changed
Query OK, 130814 rows affected (3.27 sec)
Records: 130814  Deleted: 0  Skipped: 0  Warnings: 0

Query OK, 0 rows affected (0.32 sec)
Records: 0  Duplicates: 0  Warnings: 0

Query OK, 0 rows affected (0.55 sec)
Records: 0  Duplicates: 0  Warnings: 0

Query OK, 0 rows affected (0.56 sec)
Records: 0  Duplicates: 0  Warnings: 0

Query OK, 0 rows affected (0.47 sec)
Records: 0  Duplicates: 0  Warnings: 0

Query OK, 0 rows affected (0.79 sec)
Records: 0  Duplicates: 0  Warnings: 0

Query OK, 0 rows affected (0.77 sec)
Records: 0  Duplicates: 0  Warnings: 0

Query OK, 0 rows affected (0.07 sec)

Query OK, 1673405 rows affected (3 min 9.45 sec)
Records: 1673405  Duplicates: 0  Warnings: 0

+---------+
| devices |
+---------+
|  130814 |
+---------+
1 row in set (0.06 sec)

+-----------------------+
| clientcontractdevices |
+-----------------------+
|               1673405 |
+-----------------------+
1 row in set (0.74 sec)

Query OK, 0 rows affected (0.04 sec)

Query OK, 130732 rows affected (6.84 sec)
Records: 130732  Duplicates: 0  Warnings: 0

+---------------------------+
| rep_clientcontractdevices |
+---------------------------+
|                    130732 |
+---------------------------+
1 row in set (0.05 sec)

Database changed
Query OK, 0 rows affected (0.04 sec)

Query OK, 0 rows affected (0.01 sec)

Query OK, 259512 rows affected (8.25 sec)
Records: 259512  Deleted: 0  Skipped: 0  Warnings: 0

Query OK, 0 rows affected (0.73 sec)
Records: 0  Duplicates: 0  Warnings: 0

Query OK, 0 rows affected (0.67 sec)
Records: 0  Duplicates: 0  Warnings: 0

Query OK, 0 rows affected (0.69 sec)
Records: 0  Duplicates: 0  Warnings: 0

Query OK, 0 rows affected (0.75 sec)
Records: 0  Duplicates: 0  Warnings: 0

+---------+
| tickets |
+---------+
|  259512 |
+---------+
1 row in set (0.09 sec)

Database changed
Query OK, 0 rows affected (0.01 sec)

Query OK, 0 rows affected (0.00 sec)

Empty set (0.01 sec)

Query OK, 0 rows affected (0.01 sec)
Records: 0  Duplicates: 0  Warnings: 0

Query OK, 316 rows affected, 2 warnings (0.02 sec)
Records: 316  Deleted: 0  Skipped: 0  Warnings: 2

+-----------------+
| tickettechusers |
+-----------------+
|             316 |
+-----------------+
1 row in set (0.00 sec)

Database changed
Query OK, 0 rows affected (0.01 sec)

Query OK, 0 rows affected (0.01 sec)

Query OK, 0 rows affected (0.01 sec)
Records: 0  Duplicates: 0  Warnings: 0

Query OK, 547968 rows affected, 43063 warnings (11.19 sec)
Records: 547968  Deleted: 0  Skipped: 0  Warnings: 43063

+-------------------+
| ticketassignments |
+-------------------+
|            547968 |
+-------------------+
1 row in set (0.19 sec)

Database changed
Query OK, 0 rows affected (0.09 sec)

Query OK, 0 rows affected (0.01 sec)

Query OK, 1136287 rows affected (18.13 sec)
Records: 1136287  Deleted: 0  Skipped: 0  Warnings: 0

Query OK, 0 rows affected (6.85 sec)
Records: 0  Duplicates: 0  Warnings: 0

Query OK, 0 rows affected (4.49 sec)
Records: 0  Duplicates: 0  Warnings: 0

Query OK, 0 rows affected (2.93 sec)
Records: 0  Duplicates: 0  Warnings: 0

Query OK, 0 rows affected (3.58 sec)
Records: 0  Duplicates: 0  Warnings: 0

+----------------+
| ticketcomments |
+----------------+
|        1136287 |
+----------------+
1 row in set (0.42 sec)

Database changed
Query OK, 0 rows affected (0.01 sec)

Query OK, 0 rows affected (0.01 sec)

Query OK, 421576 rows affected (45.23 sec)
Records: 421576  Deleted: 0  Skipped: 0  Warnings: 0

Query OK, 0 rows affected (2.45 sec)
Records: 0  Duplicates: 0  Warnings: 0

+----------+
| comments |
+----------+
|   421576 |
+----------+
1 row in set (0.14 sec)

Database changed
Query OK, 0 rows affected (0.06 sec)

Query OK, 0 rows affected (0.01 sec)

Query OK, 982209 rows affected, 65535 warnings (1 min 8.63 sec)
Records: 982209  Deleted: 0  Skipped: 0  Warnings: 982210

Query OK, 0 rows affected (5.74 sec)
Records: 0  Duplicates: 0  Warnings: 0

Query OK, 0 rows affected (3.06 sec)
Records: 0  Duplicates: 0  Warnings: 0

Query OK, 0 rows affected (3.19 sec)
Records: 0  Duplicates: 0  Warnings: 0

Query OK, 0 rows affected (3.66 sec)
Records: 0  Duplicates: 0  Warnings: 0

Query OK, 0 rows affected (3.84 sec)
Records: 0  Duplicates: 0  Warnings: 0

+------------+
| devicesold |
+------------+
|     982209 |
+------------+
1 row in set (0.37 sec)

Database changed
Query OK, 0 rows affected (0.04 sec)

Query OK, 0 rows affected (0.01 sec)

Query OK, 1666879 rows affected (28.73 sec)
Records: 1666879  Deleted: 0  Skipped: 0  Warnings: 0

Query OK, 0 rows affected (9.28 sec)
Records: 0  Duplicates: 0  Warnings: 0

Query OK, 0 rows affected (5.10 sec)
Records: 0  Duplicates: 0  Warnings: 0

Query OK, 0 rows affected (5.29 sec)
Records: 0  Duplicates: 0  Warnings: 0

+------------------+
| contractservices |
+------------------+
|          1666879 |
+------------------+
1 row in set (0.59 sec)

Database changed
Query OK, 0 rows affected (0.11 sec)

Query OK, 0 rows affected (0.01 sec)

Query OK, 3811338 rows affected (2 min 5.87 sec)
Records: 3811338  Deleted: 0  Skipped: 0  Warnings: 0

Query OK, 0 rows affected (15.68 sec)
Records: 0  Duplicates: 0  Warnings: 0

Query OK, 0 rows affected (15.51 sec)
Records: 0  Duplicates: 0  Warnings: 0

Query OK, 0 rows affected (18.08 sec)
Records: 0  Duplicates: 0  Warnings: 0

Query OK, 0 rows affected (13.01 sec)
Records: 0  Duplicates: 0  Warnings: 0

+------------------+
| invoicescontents |
+------------------+
|          3811338 |
+------------------+
1 row in set (1.32 sec)

Database changed
Query OK, 0 rows affected (0.07 sec)

Query OK, 0 rows affected (0.01 sec)

Query OK, 2646157 rows affected (3 min 23.68 sec)
Records: 2646157  Deleted: 0  Skipped: 0  Warnings: 0

Query OK, 0 rows affected (15.96 sec)
Records: 0  Duplicates: 0  Warnings: 0

Query OK, 0 rows affected (14.13 sec)
Records: 0  Duplicates: 0  Warnings: 0

Query OK, 0 rows affected (13.78 sec)
Records: 0  Duplicates: 0  Warnings: 0

Query OK, 0 rows affected (11.44 sec)
Records: 0  Duplicates: 0  Warnings: 0

Query OK, 0 rows affected (11.45 sec)
Records: 0  Duplicates: 0  Warnings: 0

+----------------+
| invoicesheader |
+----------------+
|        2646157 |
+----------------+
1 row in set (1.01 sec)

Database changed
Query OK, 0 rows affected (0.07 sec)

Query OK, 0 rows affected (0.01 sec)

Query OK, 2751528 rows affected (1 min 27.29 sec)
Records: 2751528  Deleted: 0  Skipped: 0  Warnings: 0

Query OK, 0 rows affected (12.10 sec)
Records: 0  Duplicates: 0  Warnings: 0

Query OK, 0 rows affected (9.22 sec)
Records: 0  Duplicates: 0  Warnings: 0

Query OK, 0 rows affected (11.16 sec)
Records: 0  Duplicates: 0  Warnings: 0

Query OK, 0 rows affected (10.64 sec)
Records: 0  Duplicates: 0  Warnings: 0

+---------+
| casa    |
+---------+
| 2751528 |
+---------+
1 row in set (1.03 sec)

Query OK, 0 rows affected (0.01 sec)

Query OK, 13069 rows affected (1 min 27.62 sec)
Records: 13069  Duplicates: 0  Warnings: 0

+--------------------+
| rep_paycol_channel |
+--------------------+
|              13069 |
+--------------------+
1 row in set (0.01 sec)

Query OK, 0 rows affected (0.01 sec)

Query OK, 8799 rows affected (1 min 39.71 sec)
Records: 8799  Duplicates: 0  Warnings: 0

+----------------+
| rep_paycol_pos |
+----------------+
|           8799 |
+----------------+
1 row in set (0.01 sec)

Database changed
Query OK, 0 rows affected (0.03 sec)

Query OK, 0 rows affected (0.01 sec)

Database changed
Query OK, 38565 rows affected (0.98 sec)
Records: 38565  Deleted: 0  Skipped: 0  Warnings: 0

+-------+
| users |
+-------+
| 38565 |
+-------+
1 row in set (0.02 sec)

Database changed
Query OK, 0 rows affected (0.06 sec)

Query OK, 0 rows affected (0.00 sec)

Database changed
Query OK, 10346693 rows affected (2 min 20.95 sec)
Records: 10346693  Deleted: 0  Skipped: 0  Warnings: 0

Query OK, 0 rows affected (37.43 sec)
Records: 0  Duplicates: 0  Warnings: 0

Query OK, 0 rows affected (35.42 sec)
Records: 0  Duplicates: 0  Warnings: 0

Query OK, 0 rows affected (37.09 sec)
Records: 0  Duplicates: 0  Warnings: 0

Query OK, 0 rows affected (34.11 sec)
Records: 0  Duplicates: 0  Warnings: 0

+----------+
| ipusage1 |
+----------+
| 10346693 |
+----------+
1 row in set (7.22 sec)

Query OK, 0 rows affected (0.12 sec)

Query OK, 10438249 rows affected, 65535 warnings (13 min 16.73 sec)
Records: 10438249  Duplicates: 0  Warnings: 10435270

Query OK, 0 rows affected (35.13 sec)
Records: 0  Duplicates: 0  Warnings: 0

Query OK, 0 rows affected (37.84 sec)
Records: 0  Duplicates: 0  Warnings: 0

Query OK, 0 rows affected (36.72 sec)
Records: 0  Duplicates: 0  Warnings: 0

Query OK, 0 rows affected (35.83 sec)
Records: 0  Duplicates: 0  Warnings: 0

Query OK, 0 rows affected (52.74 sec)
Records: 0  Duplicates: 0  Warnings: 0

Query OK, 0 rows affected (1 min 0.15 sec)
Records: 0  Duplicates: 0  Warnings: 0

Query OK, 0 rows affected (52.23 sec)
Records: 0  Duplicates: 0  Warnings: 0

+----------+
| ipusage  |
+----------+
| 10438249 |
+----------+
1 row in set (7.06 sec)

Query OK, 0 rows affected (0.10 sec)

Query OK, 2655335 rows affected (2 min 56.42 sec)
Records: 2655335  Duplicates: 0  Warnings: 0

Query OK, 0 rows affected (12.08 sec)
Records: 0  Duplicates: 0  Warnings: 0

Query OK, 0 rows affected (9.11 sec)
Records: 0  Duplicates: 0  Warnings: 0

Query OK, 0 rows affected (11.28 sec)
Records: 0  Duplicates: 0  Warnings: 0

Query OK, 0 rows affected (14.06 sec)
Records: 0  Duplicates: 0  Warnings: 0

Query OK, 0 rows affected (6.36 sec)
Records: 0  Duplicates: 0  Warnings: 0

Query OK, 0 rows affected (0.04 sec)

Query OK, 202734 rows affected (23.61 sec)
Records: 202734  Duplicates: 0  Warnings: 0

Query OK, 0 rows affected (0.73 sec)
Records: 0  Duplicates: 0  Warnings: 0

Query OK, 0 rows affected (0.70 sec)
Records: 0  Duplicates: 0  Warnings: 0

Query OK, 0 rows affected (0.80 sec)
Records: 0  Duplicates: 0  Warnings: 0

Query OK, 0 rows affected (0.45 sec)
Records: 0  Duplicates: 0  Warnings: 0

Query OK, 0 rows affected (0.39 sec)
Records: 0  Duplicates: 0  Warnings: 0

Query OK, 0 rows affected (0.43 sec)
Records: 0  Duplicates: 0  Warnings: 0

Query OK, 0 rows affected (0.46 sec)
Records: 0  Duplicates: 0  Warnings: 0

Query OK, 0 rows affected (0.02 sec)

Query OK, 1666696 rows affected (59.98 sec)
Records: 1666696  Duplicates: 0  Warnings: 0

Query OK, 0 rows affected (8.73 sec)
Records: 0  Duplicates: 0  Warnings: 0

Query OK, 0 rows affected (5.55 sec)
Records: 0  Duplicates: 0  Warnings: 0

Query OK, 0 rows affected (6.86 sec)
Records: 0  Duplicates: 0  Warnings: 0

mysql> mysql \. C:\workspace\cloud\code\sql\_DailyScript\currenttime.sql
+---------------------+
| currenttime         |
+---------------------+
| 2019-10-22 10:07:45 |
+---------------------+
1 row in set (0.00 sec)

mysql> 
mysql> mysql \. C:\workspace\cloud\code\sql\_DailyScript\ticket_analysis.sql
Database changed
Query OK, 0 rows affected (0.04 sec)

Query OK, 497267 rows affected (22.62 sec)
Records: 497267  Duplicates: 0  Warnings: 0

Query OK, 0 rows affected (5.48 sec)
Records: 0  Duplicates: 0  Warnings: 0

Query OK, 0 rows affected (1.61 sec)
Records: 0  Duplicates: 0  Warnings: 0

Query OK, 0 rows affected (1.67 sec)
Records: 0  Duplicates: 0  Warnings: 0

Query OK, 0 rows affected (0.01 sec)

Query OK, 17016 rows affected (11.42 sec)
Records: 17016  Duplicates: 0  Warnings: 0

Query OK, 0 rows affected, 1 warning (0.00 sec)

Query OK, 68394 rows affected (6.87 sec)
Records: 68394  Duplicates: 0  Warnings: 0

Query OK, 0 rows affected, 1 warning (0.00 sec)

Query OK, 355881 rows affected (12.82 sec)
Records: 355881  Duplicates: 0  Warnings: 0

Query OK, 0 rows affected, 1 warning (0.00 sec)

Query OK, 355881 rows affected (12.12 sec)
Records: 355881  Duplicates: 0  Warnings: 0

Query OK, 0 rows affected (0.01 sec)

Query OK, 68442 rows affected (5.46 sec)
Records: 68442  Duplicates: 0  Warnings: 0

Database changed
Query OK, 0 rows affected (0.00 sec)

Query OK, 0 rows affected (0.01 sec)

Query OK, 497267 rows affected (20.46 sec)
Records: 497267  Duplicates: 0  Warnings: 0

Query OK, 0 rows affected (0.20 sec)

Query OK, 240521 rows affected (13.97 sec)
Records: 240521  Duplicates: 0  Warnings: 0

+--------------------------+
| clientticket_cmmtjourney |
+--------------------------+
|                   497267 |
+--------------------------+
1 row in set (3.84 sec)

+---------------------------+
| clientticket_assgnjourney |
+---------------------------+
|                    240521 |
+---------------------------+
1 row in set (0.35 sec)

Query OK, 0 rows affected (0.01 sec)

Query OK, 68 rows affected (0.11 sec)
Records: 68  Duplicates: 0  Warnings: 0

mysql> mysql \. C:\workspace\cloud\code\sql\_DailyScript\currenttime.sql
+---------------------+
| currenttime         |
+---------------------+
| 2019-10-22 10:09:44 |
+---------------------+
1 row in set (0.00 sec)

mysql> 
mysql> mysql \. C:\workspace\cloud\code\sql\_DailyScript\load_DailyCalls.sql
Database changed
Query OK, 338 rows affected (0.39 sec)
Records: 338  Deleted: 0  Skipped: 0  Warnings: 0

Query OK, 0 rows affected, 1 warning (0.00 sec)

Query OK, 332 rows affected (0.18 sec)
Records: 332  Duplicates: 0  Warnings: 0

Query OK, 0 rows affected, 1 warning (0.00 sec)

Query OK, 67588 rows affected (0.48 sec)
Records: 67588  Duplicates: 0  Warnings: 0

+----------------------+
| callingclientsbefore |
+----------------------+
|               769073 |
+----------------------+
1 row in set (1.52 sec)

Query OK, 492 rows affected (8.84 sec)
Records: 492  Duplicates: 0  Warnings: 0

+---------------------+
| callingclientsafter |
+---------------------+
|              769565 |
+---------------------+
1 row in set (0.25 sec)

Query OK, 0 rows affected (0.01 sec)

Query OK, 252 rows affected (14.66 sec)
Records: 252  Duplicates: 0  Warnings: 0

Query OK, 0 rows affected (0.00 sec)

Query OK, 15921 rows affected (2.75 sec)
Records: 15921  Duplicates: 0  Warnings: 0

+-----------+
| callstats |
+-----------+
|     15921 |
+-----------+
1 row in set (0.01 sec)

Query OK, 0 rows affected, 1 warning (0.00 sec)

Query OK, 492 rows affected (18.03 sec)
Records: 492  Duplicates: 0  Warnings: 0

+------------------------+
| rep_cccallreportbefore |
+------------------------+
|                 772910 |
+------------------------+
1 row in set (0.27 sec)

Query OK, 492 rows affected (1.30 sec)
Records: 492  Duplicates: 0  Warnings: 0

+-----------------------+
| rep_cccallreportafter |
+-----------------------+
|                773402 |
+-----------------------+
1 row in set (0.24 sec)

Query OK, 0 rows affected (0.00 sec)

mysql> mysql \. C:\workspace\cloud\code\sql\_DailyScript\currenttime.sql
+---------------------+
| currenttime         |
+---------------------+
| 2019-10-22 10:10:33 |
+---------------------+
1 row in set (0.00 sec)

mysql> 
mysql> mysql \. C:\workspace\cloud\code\sql\_DailyScript\DAILY-SCRIPT-USAGE.sql
Database changed
Query OK, 0 rows affected (0.00 sec)

Query OK, 6518 rows affected, 18844 warnings (3.46 sec)
Records: 6518  Deleted: 0  Skipped: 0  Warnings: 18844

Query OK, 0 rows affected (0.00 sec)

Query OK, 10420 rows affected, 30130 warnings (4.55 sec)
Records: 10420  Deleted: 0  Skipped: 0  Warnings: 30130

Query OK, 0 rows affected (0.00 sec)

Query OK, 38 rows affected, 125 warnings (0.03 sec)
Records: 38  Deleted: 0  Skipped: 0  Warnings: 125

Query OK, 0 rows affected (0.00 sec)

Query OK, 256 rows affected, 878 warnings (0.06 sec)
Records: 256  Deleted: 0  Skipped: 0  Warnings: 878

+------------+
| dailyusage |
+------------+
|    8387237 |
+------------+
1 row in set (27.05 sec)

+------------+------------+------------+---------+
| datestart  | dateend    | insertedon | records |
+------------+------------+------------+---------+
| 2019-10-21 | 2019-10-21 | 2019-10-22 |   17232 |
| 2019-10-20 | 2019-10-20 | 2019-10-21 |   17109 |
| 2019-10-19 | 2019-10-19 | 2019-10-20 |   17277 |
| 2019-10-18 | 2019-10-18 | 2019-10-19 |   17408 |
| 2019-10-17 | 2019-10-17 | 2019-10-18 |   17532 |
+------------+------------+------------+---------+
5 rows in set (2 min 49.00 sec)

mysql> mysql \. C:\workspace\cloud\code\sql\_DailyScript\currenttime.sql
+---------------------+
| currenttime         |
+---------------------+
| 2019-10-22 10:13:58 |
+---------------------+
1 row in set (0.00 sec)

mysql> 
mysql> mysql \. C:\workspace\cloud\code\sql\_DailyScript\DAILY-SCRIPT-SALES-TELEMETRY.sql
Database changed
Query OK, 107 rows affected, 40 warnings (0.07 sec)
Records: 107  Deleted: 0  Skipped: 0  Warnings: 40

+------------+
| dailysales |
+------------+
|     170816 |
+------------+
1 row in set (0.35 sec)

Query OK, 0 rows affected (0.02 sec)

Query OK, 170816 rows affected (19.91 sec)
Records: 170816  Duplicates: 0  Warnings: 0

+--------+
| sales  |
+--------+
| 170816 |
+--------+
1 row in set (0.09 sec)

Query OK, 0 rows affected (0.01 sec)

Query OK, 2746 rows affected (0.35 sec)
Records: 2746  Duplicates: 0  Warnings: 0

+----------------+
| rep_dailysales |
+----------------+
|           2746 |
+----------------+
1 row in set (0.00 sec)

Query OK, 0 rows affected (0.00 sec)

Query OK, 2746 rows affected (0.57 sec)
Records: 2746  Duplicates: 0  Warnings: 0

+-------------------+
| rep_dailysalesreg |
+-------------------+
|              2746 |
+-------------------+
1 row in set (0.00 sec)

Query OK, 0 rows affected (0.00 sec)

Query OK, 2548 rows affected (0.68 sec)
Records: 2548  Duplicates: 0  Warnings: 0

+-----------+
| saleslist |
+-----------+
|      2548 |
+-----------+
1 row in set (0.00 sec)

Database changed
ERROR 2 (HY000): File 'C:\ProgramData\MySQL\MySQL Server 5.7\Uploads\_csv\PrepaidCardSales-21102019-P1.csv' not found (Errcode: 2 - No such file or directory)
+------------------+
| dailysinglesales |
+------------------+
|             6003 |
+------------------+
1 row in set (0.18 sec)

Database changed
Query OK, 12 rows affected (0.05 sec)
Records: 12  Deleted: 0  Skipped: 0  Warnings: 0

+-----------------+
| dailyaddonsales |
+-----------------+
|           17323 |
+-----------------+
1 row in set (0.14 sec)

Query OK, 72 rows affected (0.05 sec)
Records: 72  Deleted: 0  Skipped: 0  Warnings: 0

+----------------+
| onlinepayments |
+----------------+
|          67863 |
+----------------+
1 row in set (0.31 sec)

+-------------+----------------+---------------------+
| paymentdate | onlinepayments | onlinepaymentamount |
+-------------+----------------+---------------------+
| 2019-10-21  |             72 |         44178.79000 |
| 2019-10-20  |             73 |         34832.28000 |
| 2019-10-19  |             71 |         40190.14000 |
| 2019-10-18  |             76 |         52630.21000 |
| 2019-10-17  |             86 |         62390.60000 |
+-------------+----------------+---------------------+
5 rows in set (3.19 sec)

+-------------+--------------+----------------+---------------------+
| paymentyear | paymentmonth | onlinepayments | onlinepaymentamount |
+-------------+--------------+----------------+---------------------+
|        2019 |           10 |           1888 |       1208857.05000 |
|        2019 |            9 |           3167 |       2039048.12000 |
|        2019 |            8 |           3117 |       1993718.27000 |
|        2019 |            7 |           3028 |       2000847.29000 |
|        2019 |            6 |           2798 |       1782990.54000 |
+-------------+--------------+----------------+---------------------+
5 rows in set (0.08 sec)

mysql> mysql \. C:\workspace\cloud\code\sql\_DailyScript\currenttime.sql
+---------------------+
| currenttime         |
+---------------------+
| 2019-10-22 10:14:24 |
+---------------------+
1 row in set (0.00 sec)

mysql> 
mysql> mysql \. C:\workspace\cloud\code\sql\_DailyScript\DAILY-SCRIPT-ACTIVENUMBERS.sql
Database changed
Query OK, 1247 rows affected (0.81 sec)
Records: 1247  Deleted: 0  Skipped: 0  Warnings: 0

+------------+----------+
| period     | count(1) |
+------------+----------+
| 2019-10-21 |     1247 |
| 2019-10-20 |     1248 |
| 2019-10-19 |     1248 |
| 2019-10-18 |     1248 |
| 2019-10-17 |     1248 |
| 2019-10-16 |     1247 |
+------------+----------+
6 rows in set (0.02 sec)

Query OK, 0 rows affected (0.01 sec)

Query OK, 81 rows affected (1.76 sec)
Records: 81  Duplicates: 0  Warnings: 0

+-------------+
| packagelist |
+-------------+
|          81 |
+-------------+
1 row in set (0.00 sec)

Database changed
Query OK, 0 rows affected (0.00 sec)

Query OK, 0 rows affected (0.00 sec)

Query OK, 0 rows affected (0.00 sec)

Query OK, 0 rows affected (0.00 sec)

Query OK, 26864 rows affected, 202 warnings (39.80 sec)
Records: 26864  Deleted: 0  Skipped: 0  Warnings: 202

+------------+----------+
| period     | count(1) |
+------------+----------+
| 2019-10-21 |    26864 |
| 2019-10-20 |    26770 |
| 2019-10-19 |    26958 |
| 2019-10-18 |    26946 |
| 2019-10-17 |    26882 |
+------------+----------+
5 rows in set (0.20 sec)

Query OK, 0 rows affected (0.06 sec)

Query OK, 26244 rows affected (2 min 18.77 sec)
Records: 26244  Duplicates: 0  Warnings: 0

Query OK, 0 rows affected (0.33 sec)
Records: 0  Duplicates: 0  Warnings: 0

Query OK, 0 rows affected (0.15 sec)
Records: 0  Duplicates: 0  Warnings: 0

Query OK, 0 rows affected (0.10 sec)
Records: 0  Duplicates: 0  Warnings: 0

Query OK, 0 rows affected (0.09 sec)
Records: 0  Duplicates: 0  Warnings: 0

Query OK, 0 rows affected (0.08 sec)
Records: 0  Duplicates: 0  Warnings: 0

Query OK, 0 rows affected (0.11 sec)
Records: 0  Duplicates: 0  Warnings: 0

+-------------+
| countbefore |
+-------------+
|    30300384 |
+-------------+
1 row in set (1 min 17.10 sec)

Query OK, 26244 rows affected (27.17 sec)
Records: 26244  Duplicates: 0  Warnings: 0

+------------+
| countafter |
+------------+
|   30326628 |
+------------+
1 row in set (14.24 sec)

+------------+--------------------------+
| period     | customercontractactivity |
+------------+--------------------------+
| 2019-10-21 |                    26244 |
| 2019-10-20 |                    26150 |
| 2019-10-19 |                    26338 |
| 2019-10-18 |                    26326 |
| 2019-10-17 |                    26262 |
+------------+--------------------------+
5 rows in set (0.12 sec)

Query OK, 0 rows affected (0.08 sec)

Query OK, 235364 rows affected (15 min 21.74 sec)
Records: 235364  Duplicates: 0  Warnings: 0

Query OK, 0 rows affected (1.09 sec)
Records: 0  Duplicates: 0  Warnings: 0

Query OK, 0 rows affected (1.15 sec)
Records: 0  Duplicates: 0  Warnings: 0

Query OK, 0 rows affected (1.14 sec)
Records: 0  Duplicates: 0  Warnings: 0

Query OK, 0 rows affected (0.03 sec)

Query OK, 251 rows affected (0.55 sec)
Records: 251  Duplicates: 0  Warnings: 0

Query OK, 0 rows affected (0.01 sec)

Query OK, 2508 rows affected (0.63 sec)
Records: 2508  Duplicates: 0  Warnings: 0

Query OK, 0 rows affected (0.01 sec)

Query OK, 26232 rows affected (0.65 sec)
Records: 26232  Duplicates: 0  Warnings: 0

Query OK, 0 rows affected (0.01 sec)

Query OK, 16770 rows affected (0.41 sec)
Records: 16770  Duplicates: 0  Warnings: 0

Query OK, 0 rows affected (0.03 sec)

Query OK, 16770 rows affected (0.17 sec)
Records: 16770  Duplicates: 0  Warnings: 0

Query OK, 0 rows affected (0.01 sec)

Query OK, 16770 rows affected (1.41 sec)
Records: 16770  Duplicates: 0  Warnings: 0

Query OK, 0 rows affected (0.03 sec)

Query OK, 16770 rows affected (49.65 sec)
Records: 16770  Duplicates: 0  Warnings: 0

+-------------+
| clientstats |
+-------------+
|       16770 |
+-------------+
1 row in set (0.01 sec)

Query OK, 0 rows affected (0.00 sec)

Query OK, 13 rows affected, 1 warning (0.14 sec)
Records: 13  Duplicates: 0  Warnings: 1

+-----------------------+-------------+-------------+----------------+-----------------+
| services              | activecount | allaccounts | uniqueaccounts | uniquecontracts |
+-----------------------+-------------+-------------+----------------+-----------------+
| All                   |         233 |          41 |             41 |             132 |
| Internet & Voice      |         425 |         195 |            195 |             380 |
| Internet Only         |        4178 |        4074 |           4065 |            4124 |
| OTT Only              |           5 |           3 |              3 |               5 |
| TV & Internet         |        8697 |        3821 |           3811 |            7776 |
| TV & Internet & OTT   |        2348 |         627 |            626 |            1292 |
| TV & Internet & Voice |         484 |         141 |            141 |             433 |
| TV & OTT              |         317 |          58 |             58 |              74 |
| TV & Voice            |         107 |          47 |             47 |              96 |
| TV & Voice & OTT      |           3 |           1 |              1 |               2 |
| TV Only               |       10038 |        7596 |           7590 |            7780 |
| Voice Only            |         167 |         166 |            166 |             167 |
| GRAND TOTAL           |       27002 |       16770 |          16699 |           22261 |
+-----------------------+-------------+-------------+----------------+-----------------+
13 rows in set (0.00 sec)

+-------------+-------------+-------------+----------------+-----------------+
| network     | activecount | allaccounts | uniqueaccounts | uniquecontracts |
+-------------+-------------+-------------+----------------+-----------------+
| ADDON       |          14 |          10 |             10 |              10 |
| GPON        |        7303 |        3684 |           3681 |            5620 |
| HFC         |       19682 |       13075 |          13075 |           16628 |
| MOBILE TV   |           3 |           1 |              1 |               3 |
| GRAND TOTAL |       27002 |       16770 |          16699 |           22261 |
+-------------+-------------+-------------+----------------+-----------------+
5 rows in set, 1 warning (0.13 sec)

+-------------+-----------------------+-------------+-------------+----------------+-----------------+
| network     | services              | activecount | allaccounts | uniqueaccounts | uniquecontracts |
+-------------+-----------------------+-------------+-------------+----------------+-----------------+
| ADDON       | OTT Only              |           2 |           2 |              2 |               2 |
| ADDON       | TV & OTT              |           4 |           1 |              1 |               1 |
| ADDON       | TV Only               |           8 |           7 |              7 |               7 |
| ADDON       | Services Total        |          14 |          10 |             10 |              10 |
| GPON        | All                   |         111 |          19 |             19 |              60 |
| GPON        | Internet & Voice      |          65 |          27 |             27 |              55 |
| GPON        | Internet Only         |         960 |         887 |            887 |             910 |
| GPON        | TV & Internet         |        3079 |        1290 |           1290 |            2647 |
| GPON        | TV & Internet & OTT   |        1192 |         314 |            314 |             651 |
| GPON        | TV & Internet & Voice |         148 |          41 |             41 |             128 |
| GPON        | TV & OTT              |          63 |          21 |             21 |              22 |
| GPON        | TV & Voice            |          47 |          20 |             20 |              41 |
| GPON        | TV Only               |        1629 |        1056 |           1056 |            1097 |
| GPON        | Voice Only            |           9 |           9 |              9 |               9 |
| GPON        | Services Total        |        7303 |        3684 |           3681 |            5620 |
| HFC         | All                   |         122 |          22 |             22 |              72 |
| HFC         | Internet & Voice      |         360 |         168 |            168 |             325 |
| HFC         | Internet Only         |        3218 |        3187 |           3187 |            3214 |
| HFC         | TV & Internet         |        5618 |        2531 |           2531 |            5129 |
| HFC         | TV & Internet & OTT   |        1156 |         313 |            313 |             641 |
| HFC         | TV & Internet & Voice |         336 |         100 |            100 |             305 |
| HFC         | TV & OTT              |         250 |          36 |             36 |              51 |
| HFC         | TV & Voice            |          60 |          27 |             27 |              55 |
| HFC         | TV & Voice & OTT      |           3 |           1 |              1 |               2 |
| HFC         | TV Only               |        8401 |        6533 |           6533 |            6676 |
| HFC         | Voice Only            |         158 |         157 |            157 |             158 |
| HFC         | Services Total        |       19682 |       13075 |          13075 |           16628 |
| MOBILE TV   | OTT Only              |           3 |           1 |              1 |               3 |
| MOBILE TV   | Services Total        |           3 |           1 |              1 |               3 |
| GRAND TOTAL | Services Total        |       27002 |       16770 |          16699 |           22261 |
+-------------+-----------------------+-------------+-------------+----------------+-----------------+
30 rows in set, 2 warnings (0.15 sec)

Query OK, 0 rows affected (0.00 sec)

Query OK, 47 rows affected, 3 warnings (0.21 sec)
Records: 47  Duplicates: 0  Warnings: 3

+-------------+---------------+-----------------------+-------------+-------------+----------------+-----------------+
| region      | network       | services              | activecount | allaccounts | uniqueaccounts | uniquecontracts |
+-------------+---------------+-----------------------+-------------+-------------+----------------+-----------------+
| Mahe        | ADDON         | OTT Only              |           2 |           2 |              2 |               2 |
| Mahe        | ADDON         | TV & OTT              |           4 |           1 |              1 |               1 |
| Mahe        | ADDON         | TV Only               |           4 |           3 |              3 |               3 |
| Mahe        | ADDON         | Services Total        |          10 |           6 |              6 |               6 |
| Mahe        | GPON          | All                   |          90 |          15 |             15 |              48 |
| Mahe        | GPON          | Internet & Voice      |          53 |          21 |             21 |              43 |
| Mahe        | GPON          | Internet Only         |         745 |         673 |            673 |             695 |
| Mahe        | GPON          | TV & Internet         |        2237 |         926 |            926 |            1893 |
| Mahe        | GPON          | TV & Internet & OTT   |         801 |         203 |            203 |             417 |
| Mahe        | GPON          | TV & Internet & Voice |         133 |          37 |             37 |             114 |
| Mahe        | GPON          | TV & OTT              |          55 |          17 |             17 |              18 |
| Mahe        | GPON          | TV & Voice            |          44 |          19 |             19 |              38 |
| Mahe        | GPON          | TV Only               |        1221 |         763 |            763 |             787 |
| Mahe        | GPON          | Voice Only            |           8 |           8 |              8 |               8 |
| Mahe        | GPON          | Services Total        |        5387 |        2682 |           2682 |            4061 |
| Mahe        | HFC           | All                   |         122 |          22 |             22 |              72 |
| Mahe        | HFC           | Internet & Voice      |         360 |         168 |            168 |             325 |
| Mahe        | HFC           | Internet Only         |        3218 |        3187 |           3187 |            3214 |
| Mahe        | HFC           | TV & Internet         |        5618 |        2531 |           2531 |            5129 |
| Mahe        | HFC           | TV & Internet & OTT   |        1156 |         313 |            313 |             641 |
| Mahe        | HFC           | TV & Internet & Voice |         336 |         100 |            100 |             305 |
| Mahe        | HFC           | TV & OTT              |         250 |          36 |             36 |              51 |
| Mahe        | HFC           | TV & Voice            |          60 |          27 |             27 |              55 |
| Mahe        | HFC           | TV & Voice & OTT      |           3 |           1 |              1 |               2 |
| Mahe        | HFC           | TV Only               |        8396 |        6530 |           6530 |            6673 |
| Mahe        | HFC           | Voice Only            |         158 |         157 |            157 |             158 |
| Mahe        | HFC           | Services Total        |       19677 |       13072 |          13072 |           16625 |
| Mahe        | MOBILE TV     | OTT Only              |           3 |           1 |              1 |               3 |
| Mahe        | MOBILE TV     | Services Total        |           3 |           1 |              1 |               3 |
| Mahe        | Network Total | Services Total        |       25077 |       15761 |          15696 |           20695 |
| Praslin     | ADDON         | TV Only               |           4 |           4 |              4 |               4 |
| Praslin     | ADDON         | Services Total        |           4 |           4 |              4 |               4 |
| Praslin     | GPON          | All                   |          21 |           4 |              4 |              12 |
| Praslin     | GPON          | Internet & Voice      |          12 |           6 |              6 |              12 |
| Praslin     | GPON          | Internet Only         |         215 |         214 |            214 |             215 |
| Praslin     | GPON          | TV & Internet         |         842 |         364 |            364 |             754 |
| Praslin     | GPON          | TV & Internet & OTT   |         391 |         111 |            111 |             234 |
| Praslin     | GPON          | TV & Internet & Voice |          15 |           4 |              4 |              14 |
| Praslin     | GPON          | TV & OTT              |           8 |           4 |              4 |               4 |
| Praslin     | GPON          | TV & Voice            |           3 |           1 |              1 |               3 |
| Praslin     | GPON          | TV Only               |         408 |         293 |            293 |             310 |
| Praslin     | GPON          | Voice Only            |           1 |           1 |              1 |               1 |
| Praslin     | GPON          | Services Total        |        1916 |        1002 |           1002 |            1559 |
| Praslin     | HFC           | TV Only               |           5 |           3 |              3 |               3 |
| Praslin     | HFC           | Services Total        |           5 |           3 |              3 |               3 |
| Praslin     | Network Total | Services Total        |        1925 |        1009 |           1006 |            1566 |
| GRAND TOTAL | Network Total | Services Total        |       27002 |       16770 |          16699 |           22261 |
+-------------+---------------+-----------------------+-------------+-------------+----------------+-----------------+
47 rows in set (0.00 sec)

Query OK, 0 rows affected (0.01 sec)

Query OK, 26233 rows affected (0.51 sec)
Records: 26233  Duplicates: 0  Warnings: 0

Query OK, 0 rows affected (0.01 sec)

Query OK, 1921 rows affected (13.81 sec)
Records: 1921  Duplicates: 0  Warnings: 0

+--------------------------------------+
| message                              |
+--------------------------------------+
| running rcbill_my.sp_ActiveNumber2() |
+--------------------------------------+
1 row in set (0.00 sec)

Query OK, 294 rows affected (2 min 52.51 sec)

mysql> mysql \. C:\workspace\cloud\code\sql\_DailyScript\currenttime.sql
+---------------------+
| currenttime         |
+---------------------+
| 2019-10-22 10:38:51 |
+---------------------+
1 row in set (0.00 sec)

mysql> 
mysql> mysql \. C:\workspace\cloud\code\sql\_DailyScript\GetActiveNumbers Average -Pivot.sql
Database changed
+-------------------------------------+
| @today := subdate(current_date(),1) |
+-------------------------------------+
| 2019-10-21                          |
+-------------------------------------+
1 row in set (0.00 sec)

+-------------------------------------+
| @lastdayofmonth := last_day(@today) |
+-------------------------------------+
| 2019-10-31                          |
+-------------------------------------+
1 row in set (0.00 sec)

Query OK, 0 rows affected (0.02 sec)

Query OK, 33428 rows affected, 65535 warnings (56.39 sec)
Records: 33428  Duplicates: 0  Warnings: 69396

Query OK, 0 rows affected (0.09 sec)
Records: 0  Duplicates: 0  Warnings: 0

Query OK, 0 rows affected (0.11 sec)
Records: 0  Duplicates: 0  Warnings: 0

Query OK, 0 rows affected (0.09 sec)
Records: 0  Duplicates: 0  Warnings: 0

+-----------------+
| activenumberavg |
+-----------------+
|           33428 |
+-----------------+
1 row in set (0.01 sec)

Query OK, 0 rows affected (0.01 sec)

Query OK, 1785 rows affected (0.49 sec)
Records: 1785  Duplicates: 0  Warnings: 0

+---------------------+
| rep_activenumberavg |
+---------------------+
|                1785 |
+---------------------+
1 row in set (0.00 sec)

+----------------------+
| rep_activenumberavg1 |
+----------------------+
|                  845 |
+----------------------+
1 row in set (0.00 sec)

Query OK, 0 rows affected (0.00 sec)

Query OK, 1711 rows affected (0.35 sec)
Records: 1711  Duplicates: 0  Warnings: 0

Query OK, 0 rows affected (0.03 sec)

Query OK, 8668 rows affected (0.65 sec)
Records: 8668  Duplicates: 0  Warnings: 0

Query OK, 0 rows affected (0.00 sec)

Query OK, 0 rows affected (0.00 sec)

Query OK, 0 rows affected (0.00 sec)

Query OK, 0 rows affected (0.00 sec)

Query OK, 0 rows affected (0.00 sec)
Statement prepared

Query OK, 53 rows affected (0.03 sec)
Records: 53  Duplicates: 0  Warnings: 0

Query OK, 0 rows affected (0.00 sec)

Query OK, 0 rows affected (0.00 sec)

+----------------------+
| rep_activenumberavg2 |
+----------------------+
|                 1711 |
+----------------------+
1 row in set (0.00 sec)

+------------------------+
| rep_activenumberavg_pv |
+------------------------+
|                     53 |
+------------------------+
1 row in set (0.00 sec)

Query OK, 0 rows affected (0.00 sec)

Query OK, 1711 rows affected (0.33 sec)
Records: 1711  Duplicates: 0  Warnings: 0

Query OK, 0 rows affected (0.00 sec)

Query OK, 0 rows affected (0.00 sec)

Query OK, 0 rows affected (0.00 sec)

Query OK, 0 rows affected (0.00 sec)

Query OK, 0 rows affected (0.00 sec)
Statement prepared

Query OK, 53 rows affected (0.04 sec)
Records: 53  Duplicates: 0  Warnings: 0

Query OK, 0 rows affected (0.00 sec)

Query OK, 0 rows affected (0.00 sec)

+-------------------------+
| rep_activenumberavgMahe |
+-------------------------+
|                    1711 |
+-------------------------+
1 row in set (0.00 sec)

+----------------------------+
| rep_activenumberavgMahe_pv |
+----------------------------+
|                         53 |
+----------------------------+
1 row in set (0.00 sec)

Query OK, 0 rows affected (0.02 sec)

Query OK, 1094 rows affected (0.18 sec)
Records: 1094  Duplicates: 0  Warnings: 0

Query OK, 0 rows affected (0.00 sec)

Query OK, 0 rows affected (0.00 sec)

Query OK, 0 rows affected (0.01 sec)

Query OK, 0 rows affected (0.00 sec)

Query OK, 0 rows affected (0.00 sec)
Statement prepared

Query OK, 39 rows affected (0.02 sec)
Records: 39  Duplicates: 0  Warnings: 0

Query OK, 0 rows affected (0.00 sec)

Query OK, 0 rows affected (0.00 sec)

+----------------------------+
| rep_activenumberavgPraslin |
+----------------------------+
|                       1094 |
+----------------------------+
1 row in set (0.00 sec)

+-------------------------------+
| rep_activenumberavgPraslin_pv |
+-------------------------------+
|                            39 |
+-------------------------------+
1 row in set (0.00 sec)

mysql> mysql \. C:\workspace\cloud\code\sql\_DailyScript\currenttime.sql
+---------------------+
| currenttime         |
+---------------------+
| 2019-10-22 10:39:50 |
+---------------------+
1 row in set (0.00 sec)

mysql> 
mysql> mysql \. C:\workspace\cloud\code\sql\_DailyScript\budget_actual_analysis_2019.sql
Query OK, 0 rows affected (0.00 sec)

Query OK, 566 rows affected, 3 warnings (0.39 sec)
Records: 566  Duplicates: 0  Warnings: 3

+--------------------+
| budget_actual_2019 |
+--------------------+
|                566 |
+--------------------+
1 row in set (0.00 sec)

Query OK, 0 rows affected (0.01 sec)

Query OK, 48 rows affected (0.04 sec)
Records: 48  Duplicates: 0  Warnings: 0

+---------------------------+
| rep_budget_actual_2019_pv |
+---------------------------+
|                        48 |
+---------------------------+
1 row in set (0.00 sec)

mysql> mysql \. C:\workspace\cloud\code\sql\_DailyScript\currenttime.sql
+---------------------+
| currenttime         |
+---------------------+
| 2019-10-22 10:39:51 |
+---------------------+
1 row in set (0.01 sec)

mysql> 
mysql> mysql \. C:\workspace\cloud\code\sql\_DailyScript\reports-sales-addons-prepaid-camera.sql
Database changed
Query OK, 0 rows affected (0.02 sec)

Query OK, 3839 rows affected (0.46 sec)
Records: 3839  Duplicates: 0  Warnings: 0

Query OK, 0 rows affected (0.01 sec)

Query OK, 17344 rows affected (53.98 sec)
Records: 17344  Duplicates: 0  Warnings: 0

+--------------------+
| rep_prepaid_camera |
+--------------------+
|               3839 |
+--------------------+
1 row in set (0.01 sec)

+-----------+
| rep_addon |
+-----------+
|     17344 |
+-----------+
1 row in set (0.01 sec)

mysql> mysql \. C:\workspace\cloud\code\sql\_DailyScript\currenttime.sql
+---------------------+
| currenttime         |
+---------------------+
| 2019-10-22 10:40:45 |
+---------------------+
1 row in set (0.00 sec)

mysql> 
mysql> mysql \. C:\workspace\cloud\code\sql\_DailyScript\housing-estate-analysis.sql
Database changed
Query OK, 0 rows affected (0.01 sec)

Query OK, 2889 rows affected (45.09 sec)
Records: 2889  Duplicates: 0  Warnings: 0

+--------------------+
| rep_housingestates |
+--------------------+
|               2889 |
+--------------------+
1 row in set (0.00 sec)

mysql> mysql \. C:\workspace\cloud\code\sql\_DailyScript\currenttime.sql
+---------------------+
| currenttime         |
+---------------------+
| 2019-10-22 10:41:30 |
+---------------------+
1 row in set (0.00 sec)

mysql> 
mysql> mysql \. C:\workspace\cloud\code\sql\_DailyScript\RCB_ClientAnalyticsReport_Script.sql
Database changed
Query OK, 0 rows affected (0.00 sec)

Query OK, 0 rows affected (0.24 sec)

Query OK, 1757221 rows affected (1 min 28.86 sec)
Records: 1757221  Duplicates: 0  Warnings: 0

Query OK, 0 rows affected (8.77 sec)
Records: 0  Duplicates: 0  Warnings: 0

Query OK, 0 rows affected (5.41 sec)
Records: 0  Duplicates: 0  Warnings: 0

Query OK, 0 rows affected (10.13 sec)
Records: 0  Duplicates: 0  Warnings: 0

Query OK, 0 rows affected (10.04 sec)
Records: 0  Duplicates: 0  Warnings: 0

Query OK, 0 rows affected (10.30 sec)
Records: 0  Duplicates: 0  Warnings: 0

Query OK, 0 rows affected (8.04 sec)
Records: 0  Duplicates: 0  Warnings: 0

Query OK, 0 rows affected (0.00 sec)

Query OK, 455016 rows affected (16.76 sec)
Rows matched: 1757221  Changed: 455016  Warnings: 0

Query OK, 0 rows affected (0.01 sec)

Query OK, 26992 rows affected (5.17 sec)
Records: 26992  Duplicates: 0  Warnings: 0

Query OK, 0 rows affected (0.02 sec)

Query OK, 42761 rows affected (11 min 50.00 sec)
Records: 42761  Duplicates: 0  Warnings: 0

Query OK, 0 rows affected (0.22 sec)
Records: 0  Duplicates: 0  Warnings: 0

Query OK, 0 rows affected (0.21 sec)
Records: 0  Duplicates: 0  Warnings: 0

Query OK, 0 rows affected (0.12 sec)
Records: 0  Duplicates: 0  Warnings: 0

Query OK, 0 rows affected (0.03 sec)

Query OK, 427027 rows affected (14 min 5.47 sec)
Records: 427027  Duplicates: 0  Warnings: 0

Query OK, 0 rows affected (1.88 sec)
Records: 0  Duplicates: 0  Warnings: 0

Query OK, 0 rows affected (1.81 sec)
Records: 0  Duplicates: 0  Warnings: 0

Query OK, 0 rows affected (0.94 sec)
Records: 0  Duplicates: 0  Warnings: 0

Query OK, 0 rows affected (2.05 sec)
Records: 0  Duplicates: 0  Warnings: 0

Query OK, 0 rows affected (1.11 sec)
Records: 0  Duplicates: 0  Warnings: 0

Query OK, 0 rows affected (0.01 sec)

Query OK, 42761 rows affected (1 min 41.62 sec)
Records: 42761  Duplicates: 0  Warnings: 0

+--------------+
| clientreport |
+--------------+
|        42761 |
+--------------+
1 row in set (0.02 sec)

Query OK, 0 rows affected (0.01 sec)

Query OK, 42761 rows affected (7.47 sec)
Records: 42761  Duplicates: 0  Warnings: 0

+----------------------+
| clientextendedreport |
+----------------------+
|                42761 |
+----------------------+
1 row in set (0.02 sec)

Query OK, 0 rows affected (0.01 sec)

Query OK, 42761 rows affected (1 min 38.80 sec)
Records: 42761  Duplicates: 0  Warnings: 0

+---------+
| allcust |
+---------+
|   42761 |
+---------+
1 row in set (0.02 sec)

Query OK, 0 rows affected, 1 warning (0.00 sec)

Query OK, 5000 rows affected (0.17 sec)
Records: 5000  Duplicates: 0  Warnings: 0

Query OK, 0 rows affected (0.01 sec)

Query OK, 6889 rows affected (0.37 sec)
Records: 6889  Duplicates: 0  Warnings: 0

Query OK, 0 rows affected, 1 warning (0.00 sec)

Query OK, 5000 rows affected (0.16 sec)
Records: 5000  Duplicates: 0  Warnings: 0

Query OK, 0 rows affected (0.01 sec)

Query OK, 7299 rows affected (0.23 sec)
Records: 7299  Duplicates: 0  Warnings: 0

mysql> mysql \. C:\workspace\cloud\code\sql\_DailyScript\currenttime.sql
+---------------------+
| currenttime         |
+---------------------+
| 2019-10-22 11:13:47 |
+---------------------+
1 row in set (0.00 sec)

mysql> 
mysql> mysql \. C:\workspace\cloud\code\sql\_DailyScript\REVENUE_PER_NODE_MXK.sql
Query OK, 0 rows affected (0.00 sec)

Query OK, 0 rows affected (0.01 sec)

Query OK, 0 rows affected (0.01 sec)

Query OK, 4993 rows affected (2.02 sec)
Records: 4993  Duplicates: 0  Warnings: 0

+----------------------+
| message              |
+----------------------+
| created temp table a |
+----------------------+
1 row in set (0.00 sec)

Query OK, 5367 rows affected (1.49 sec)
Records: 5367  Duplicates: 0  Warnings: 0

+----------------------+
| message              |
+----------------------+
| created temp table b |
+----------------------+
1 row in set (0.00 sec)

Query OK, 0 rows affected, 1 warning (0.00 sec)

Query OK, 5270 rows affected (10.90 sec)
Records: 5270  Duplicates: 0  Warnings: 0

+--------------------------------+
| message                        |
+--------------------------------+
| created rcbill_my.tempcustmxk1 |
+--------------------------------+
1 row in set (0.00 sec)

Query OK, 0 rows affected (0.00 sec)

Query OK, 0 rows affected (0.00 sec)

Query OK, 0 rows affected, 1 warning (0.00 sec)

Query OK, 4993 rows affected (1.37 sec)
Records: 4993  Duplicates: 0  Warnings: 0

+----------------+
| message        |
+----------------+
| created temp a |
+----------------+
1 row in set (0.00 sec)

Query OK, 5367 rows affected (0.56 sec)
Records: 5367  Duplicates: 0  Warnings: 0

+----------------+
| message        |
+----------------+
| created temp b |
+----------------+
1 row in set (0.00 sec)

Query OK, 0 rows affected, 1 warning (0.00 sec)

Query OK, 5450 rows affected (7.47 sec)
Records: 5450  Duplicates: 0  Warnings: 0

+--------------------------------+
| message                        |
+--------------------------------+
| created rcbill_my.tempcustmxk2 |
+--------------------------------+
1 row in set (0.00 sec)

Query OK, 0 rows affected (0.00 sec)

Query OK, 0 rows affected (0.00 sec)

Query OK, 0 rows affected, 1 warning (0.00 sec)

Query OK, 0 rows affected (0.00 sec)

Query OK, 5905 rows affected (0.35 sec)
Records: 5905  Duplicates: 0  Warnings: 0

+---------------------------------+
| message                         |
+---------------------------------+
| created rcbill_my.customers_mxk |
+---------------------------------+
1 row in set (0.00 sec)

Query OK, 0 rows affected (0.00 sec)

Query OK, 0 rows affected (0.00 sec)

Query OK, 13819 rows affected (6.27 sec)
Records: 13819  Duplicates: 0  Warnings: 0

+----------------+
| message        |
+----------------+
| created temp a |
+----------------+
1 row in set (0.00 sec)

Query OK, 21067 rows affected (2.56 sec)
Records: 21067  Duplicates: 0  Warnings: 0

+----------------+
| message        |
+----------------+
| created temp c |
+----------------+
1 row in set (0.00 sec)

Query OK, 0 rows affected, 1 warning (0.00 sec)

Query OK, 28365 rows affected (0.39 sec)
Records: 28365  Duplicates: 0  Warnings: 0

+---------------------------------+
| message                         |
+---------------------------------+
| created rcbill_my.tempcustcmts1 |
+---------------------------------+
1 row in set (0.00 sec)

Query OK, 0 rows affected (0.00 sec)

Query OK, 0 rows affected, 1 warning (0.00 sec)

Query OK, 0 rows affected (0.01 sec)

Query OK, 13819 rows affected (6.58 sec)
Records: 13819  Duplicates: 0  Warnings: 0

+----------------+
| message        |
+----------------+
| created temp a |
+----------------+
1 row in set (0.00 sec)

Query OK, 21067 rows affected (1.26 sec)
Records: 21067  Duplicates: 0  Warnings: 0

+----------------+
| message        |
+----------------+
| created temp c |
+----------------+
1 row in set (0.00 sec)

Query OK, 0 rows affected, 1 warning (0.00 sec)

Query OK, 22055 rows affected (0.34 sec)
Records: 22055  Duplicates: 0  Warnings: 0

+---------------------------------+
| message                         |
+---------------------------------+
| created rcbill_my.tempcustcmts2 |
+---------------------------------+
1 row in set (0.00 sec)

Query OK, 0 rows affected (0.01 sec)

Query OK, 0 rows affected, 1 warning (0.00 sec)

Query OK, 0 rows affected (0.01 sec)

Query OK, 0 rows affected (0.00 sec)

Query OK, 13931 rows affected (1.17 sec)
Records: 13931  Duplicates: 0  Warnings: 0

+----------------------------------+
| message                          |
+----------------------------------+
| created rcbill_my.customers_cmts |
+----------------------------------+
1 row in set (0.00 sec)

Query OK, 0 rows affected (0.01 sec)

Query OK, 0 rows affected (0.00 sec)

Query OK, 0 rows affected (0.01 sec)

Query OK, 17422 rows affected (0.90 sec)
Records: 17422  Duplicates: 0  Warnings: 0

+--------------------------------------+
| message                              |
+--------------------------------------+
| created rcbill_my.customers_cmts_mxk |
+--------------------------------------+
1 row in set (0.00 sec)

Query OK, 451137 rows affected (1 min 19.92 sec)
Records: 451137  Duplicates: 0  Warnings: 0

+----------------+
| message        |
+----------------+
| created temp a |
+----------------+
1 row in set (0.00 sec)

Query OK, 0 rows affected (0.02 sec)

Query OK, 451819 rows affected (13.98 sec)
Records: 451819  Duplicates: 0  Warnings: 0

+------------------------------------------------+
| message                                        |
+------------------------------------------------+
| created rcbill_my.customers_contracts_cmts_mxk |
+------------------------------------------------+
1 row in set (0.00 sec)

Query OK, 0 rows affected (0.04 sec)

Query OK, 0 rows affected, 1 warning (0.00 sec)

Query OK, 0 rows affected, 1 warning (0.00 sec)

Query OK, 0 rows affected (0.00 sec)

Query OK, 7677 rows affected (3.48 sec)
Rows matched: 7677  Changed: 7677  Warnings: 0

+------------------------------------------------+
| message                                        |
+------------------------------------------------+
| updated rcbill_my.customers_contracts_cmts_mxk |
+------------------------------------------------+
1 row in set (0.00 sec)

Query OK, 0 rows affected (0.02 sec)

Query OK, 1725742 rows affected (4 min 48.56 sec)
Records: 1725742  Duplicates: 0  Warnings: 0

+----------------------------------------+
| message                                |
+----------------------------------------+
| created rcbill_my.customers_collection |
+----------------------------------------+
1 row in set (0.00 sec)

Query OK, 0 rows affected (0.27 sec)

Query OK, 1987760 rows affected (2 min 4.46 sec)
Records: 1987760  Duplicates: 0  Warnings: 0

+------------------------------------------------+
| message                                        |
+------------------------------------------------+
| created rcbill_my.customers_cmts_mxk_cont_coll |
+------------------------------------------------+
1 row in set (0.00 sec)

Query OK, 0 rows affected (0.01 sec)

Query OK, 48855 rows affected (12.30 sec)
Records: 48855  Duplicates: 0  Warnings: 0

+------------------------------------------------------------+
| message                                                    |
+------------------------------------------------------------+
| created rcbill_my.customers_contracts_collection_pivot2019 |
+------------------------------------------------------------+
1 row in set (0.00 sec)

Query OK, 0 rows affected (0.01 sec)

Query OK, 20046 rows affected (10.82 sec)
Records: 20046  Duplicates: 0  Warnings: 0

+--------------------------------------------------+
| message                                          |
+--------------------------------------------------+
| created rcbill_my.customers_collection_pivot2019 |
+--------------------------------------------------+
1 row in set (0.00 sec)

Query OK, 0 rows affected (0.01 sec)

Query OK, 42761 rows affected (1.78 sec)
Records: 42761  Duplicates: 0  Warnings: 0

+------------------------------------------------+
| message                                        |
+------------------------------------------------+
| created rcbill_my.rep_customers_collection2019 |
+------------------------------------------------+
1 row in set (0.00 sec)

Query OK, 0 rows affected (0.00 sec)

Query OK, 0 rows affected, 1 warning (0.00 sec)

Query OK, 420812 rows affected (24.19 sec)
Records: 420812  Duplicates: 0  Warnings: 0

+-------------------------+
| message                 |
+-------------------------+
| created rcbill_my.tempa |
+-------------------------+
1 row in set (0.00 sec)

Query OK, 0 rows affected, 1 warning (0.00 sec)

Query OK, 98015 rows affected (14.03 sec)
Records: 98015  Duplicates: 0  Warnings: 0

+-------------------------+
| message                 |
+-------------------------+
| created rcbill_my.tempb |
+-------------------------+
1 row in set (0.00 sec)

Query OK, 420812 rows affected (9.80 sec)
Records: 420812  Duplicates: 0  Warnings: 0

+-----------+
| message   |
+-----------+
| created a |
+-----------+
1 row in set (0.00 sec)

Query OK, 98026 rows affected (6.09 sec)
Records: 98026  Duplicates: 0  Warnings: 0

+-----------+
| message   |
+-----------+
| created b |
+-----------+
1 row in set (0.00 sec)

Query OK, 0 rows affected (0.11 sec)

Query OK, 0 rows affected (0.01 sec)

Query OK, 0 rows affected (0.03 sec)

Query OK, 423762 rows affected (33.41 sec)
Records: 423762  Duplicates: 0  Warnings: 0

+----------------------------------------------+
| message                                      |
+----------------------------------------------+
| created rcbill_my.cust_cont_payment_cmts_mxk |
+----------------------------------------------+
1 row in set (0.00 sec)

Query OK, 0 rows affected (0.01 sec)

Query OK, 0 rows affected (0.00 sec)

Query OK, 0 rows affected, 1 warning (0.00 sec)

Query OK, 0 rows affected (0.01 sec)

Query OK, 42761 rows affected (14.90 sec)
Records: 42761  Duplicates: 0  Warnings: 0

+--------------------------------------------------+
| message                                          |
+--------------------------------------------------+
| created rcbill_my.rep_cust_cont_payment_cmts_mxk |
+--------------------------------------------------+
1 row in set (0.00 sec)

Query OK, 0 rows affected, 1 warning (0.00 sec)

Query OK, 0 rows affected, 1 warning (0.00 sec)

Query OK, 0 rows affected (0.01 sec)

Query OK, 42761 rows affected, 5 warnings (9.10 sec)
Records: 42761  Duplicates: 0  Warnings: 5

+----------------------+
| rep_custconsolidated |
+----------------------+
|                42761 |
+----------------------+
1 row in set (0.03 sec)

Query OK, 0 rows affected (0.00 sec)

Query OK, 0 rows affected (0.00 sec)

+----------------------------------------------+
| message                                      |
+----------------------------------------------+
| creating rcbill_my.retentioncustomeractivity |
+----------------------------------------------+
1 row in set (0.00 sec)

Query OK, 879 rows affected (0.09 sec)
Records: 879  Duplicates: 0  Warnings: 0

+---------------------------+
| retentioncustomeractivity |
+---------------------------+
|                       879 |
+---------------------------+
1 row in set (0.00 sec)

+-----------+------------------------------------+------------+-------------+-----------------+------------------+---------------------+-------------------+
| HFC_NODE  | NODENAME                           | CMTS_DATE  | INSERTED_ON | UNIQUE_ACCOUNTS | UNIQUE_CONTRACTS | UNIQUE_MAC_INRCBOSS | UNIQUE_MAC_INCMTS |
+-----------+------------------------------------+------------+-------------+-----------------+------------------+---------------------+-------------------+
| NULL      | NULL                               | NULL       | 2019-10-22  |            6116 |             6410 |                6453 |                 0 |
| C5/0/0/U0 | ANSE-BOILEAU-2                     | 2019-10-01 | 2019-10-22  |             176 |              178 |                 176 |               176 |
| C5/0/0/U1 | 500-C3-ANSE-BOILEAU                | 2019-10-01 | 2019-10-22  |             176 |              184 |                 176 |               181 |
| C5/0/1/U0 | 501-C4-LA-MISIERE-LEFT-I           | 2019-10-01 | 2019-10-22  |             148 |              154 |                 147 |               150 |
| C5/0/1/U1 | 501-C5-LA-MISIERE-RIGHT            | 2019-10-01 | 2019-10-22  |             109 |              112 |                 109 |               111 |
| C5/0/1/U2 | 501-C7-LA-MISIERE-LEFT-II          | 2019-10-01 | 2019-10-22  |             151 |              158 |                 151 |               154 |
| C5/0/2/U0 | 502-C8-LA-LOUISE                   | 2019-10-01 | 2019-10-22  |             139 |              141 |                 139 |               141 |
| C5/0/2/U1 | LA-LOUISE-2                        | 2019-10-01 | 2019-10-22  |             144 |              148 |                 144 |               147 |
| C5/0/3/U0 | 504-C6-PETIT-PARIS                 | 2019-10-01 | 2019-10-22  |             157 |              160 |                 157 |               158 |
| C5/0/3/U1 | PETIT-PARIS-23                     | 2019-10-01 | 2019-10-22  |              71 |               73 |                  71 |                73 |
| C5/0/4/U0 | FOUR-SEASONS                       | 2019-10-01 | 2019-10-22  |               4 |               12 |                  12 |                12 |
| C5/0/4/U1 | ANCHOR-CAFE-I                      | 2019-10-01 | 2019-10-22  |             143 |              146 |                 143 |               146 |
| C5/0/4/U2 | ANCHOR-CAFE-II                     | 2019-10-01 | 2019-10-22  |             148 |              151 |                 148 |               150 |
| C5/1/0/U0 | POINTE-LARUE-AIRPORT-23            | 2019-10-01 | 2019-10-22  |              99 |              105 |                 101 |               104 |
| C5/1/0/U1 | PPROVIDENCE-23                     | 2019-10-01 | 2019-10-22  |              25 |               27 |                  25 |                25 |
| C5/1/0/U2 | ROSHE-CAIMAN-23                    | 2019-10-01 | 2019-10-22  |              10 |               11 |                  10 |                10 |
| C5/1/0/U3 | HEAD-OFFICE | HO-23                | 2019-10-01 | 2019-10-22  |              31 |               31 |                  31 |                32 |
| C5/1/1/U1 | C5-UNION-VALE                      | 2019-10-01 | 2019-10-22  |             186 |              191 |                 186 |               188 |
| C5/1/3/U0 | POINTE-LARUE-AIRPORT-27            | 2019-10-01 | 2019-10-22  |             134 |              139 |                 134 |               136 |
| C5/1/3/U1 | PPROVIDENCE-27                     | 2019-10-01 | 2019-10-22  |              37 |               38 |                  37 |                37 |
| C5/1/3/U2 | ROSHE-CAIMAN-27                    | 2019-10-01 | 2019-10-22  |              26 |               26 |                  26 |                26 |
| C5/1/3/U3 | HEAD-OFFICE | HO-27                | 2019-10-01 | 2019-10-22  |              12 |               13 |                  12 |                13 |
| C5/1/4/U0 | ANSE-ROYALE-27                     | 2019-10-01 | 2019-10-22  |              94 |               98 |                  94 |                95 |
| C5/1/4/U1 | GLACIS-2-57                        | 2019-10-01 | 2019-10-22  |             116 |              122 |                 116 |               119 |
| C5/1/4/U2 | NULL                               | 2019-10-01 | 2019-10-22  |              94 |               95 |                  94 |                95 |
| C5/1/4/U3 | GLACIS-1                           | 2019-10-01 | 2019-10-22  |              44 |               45 |                  44 |                46 |
| C6/0/1/U0 | SERRET-ROAD-RIGHT/CURIO/PASCAL     | 2019-10-01 | 2019-10-22  |             120 |              123 |                 120 |               122 |
| C6/0/1/U1 | SERRET-ROAD-LEFT/ST.LOUIS/TOWN     | 2019-10-01 | 2019-10-22  |             139 |              143 |                 139 |               141 |
| C6/0/1/U2 | SERRET-ROAD-RIGHT/CURIO/PASCAL-2   | 2019-10-01 | 2019-10-22  |             121 |              121 |                 121 |               123 |
| C6/0/1/U3 | SERRET-ROAD-LEFT/ST.LOUIS/TOWN-2   | 2019-10-01 | 2019-10-22  |             144 |              148 |                 144 |               146 |
| C6/0/2/U0 | SANS-SOUCIS-I                      | 2019-10-01 | 2019-10-22  |             122 |              128 |                 122 |               125 |
| C6/0/2/U1 | SANS-SOUCIS-II                     | 2019-10-01 | 2019-10-22  |              97 |               99 |                  97 |               101 |
| C6/0/2/U2 | BEL-AIR-27                         | 2019-10-01 | 2019-10-22  |              91 |               93 |                  91 |                93 |
| C6/0/2/U3 | BEL-AIR-38                         | 2019-10-01 | 2019-10-22  |             106 |              111 |                 106 |               108 |
| C6/0/3/U0 | LES-MAMELLES-23                    | 2019-10-01 | 2019-10-22  |              75 |               75 |                  75 |                75 |
| C6/0/3/U1 | VICTORIA-23                        | 2019-10-01 | 2019-10-22  |              22 |               24 |                  22 |                25 |
| C6/0/4/U0 | LES-MAMELLES-27                    | 2019-10-01 | 2019-10-22  |              83 |               83 |                  83 |                83 |
| C6/0/4/U1 | VICTORIA-27                        | 2019-10-01 | 2019-10-22  |              32 |               35 |                  31 |                31 |
| C7/1/0/U0 | LA-RETRAITE-23                     | 2019-10-01 | 2019-10-22  |              81 |               87 |                  81 |                82 |
| C7/1/0/U1 | TEA-FACTORY-23                     | 2019-10-01 | 2019-10-22  |              20 |               24 |                  20 |                21 |
| C7/1/0/U2 | PAS-23                             | 2019-10-01 | 2019-10-22  |             101 |              102 |                 101 |               104 |
| C7/1/1/U0 | REEF-ESTATE-23                     | 2019-10-01 | 2019-10-22  |              91 |               92 |                  91 |                91 |
| C7/1/1/U1 | BEL-OMBRE-NEW-23                   | 2019-10-01 | 2019-10-22  |              16 |               16 |                  16 |                19 |
| C7/1/2/U0 | LA-RETRAITE-27                     | 2019-10-01 | 2019-10-22  |             126 |              130 |                 127 |               128 |
| C7/1/2/U1 | TEA-FACTORY-27                     | 2019-10-01 | 2019-10-22  |              27 |               31 |                  30 |                31 |
| C7/1/2/U2 | PAS-27                             | 2019-10-01 | 2019-10-22  |              98 |              102 |                  98 |                99 |
| C7/1/3/U0 | MT-BUXTON-27                       | 2019-10-01 | 2019-10-22  |             141 |              143 |                 141 |               143 |
| C7/1/3/U1 | MT-BUXTON-23                       | 2019-10-01 | 2019-10-22  |              74 |               76 |                  74 |                75 |
| C7/1/4/U0 | REEF-ESTATE-27                     | 2019-10-01 | 2019-10-22  |              65 |               66 |                  65 |                65 |
| C7/1/4/U1 | BEL-OMBRE-NEW-27                   | 2019-10-01 | 2019-10-22  |              21 |               21 |                  21 |                23 |
| C8/0/0/U0 | POLICE-ACADEMY-1-27 - POINTE LARUE | 2019-10-01 | 2019-10-22  |             219 |              223 |                 219 |               222 |
| C8/0/0/U1 | NULL                               | 2019-10-01 | 2019-10-22  |              96 |              100 |                  96 |               100 |
| C8/0/1/U0 | NULL                               | 2019-10-01 | 2019-10-22  |             153 |              154 |                 153 |               154 |
| C8/0/1/U1 | POLICE-ACADEMY-2-27 - TURTLE BAY   | 2019-10-01 | 2019-10-22  |             164 |              166 |                 164 |               165 |
| C8/0/2/U0 | BEAU-VALLON-LEFT-1-57              | 2019-10-01 | 2019-10-22  |              94 |               97 |                  94 |                96 |
| C8/0/3/U1 | BEAU-VALLON-RIGHT-2-57             | 2019-10-01 | 2019-10-22  |             171 |              178 |                 171 |               175 |
| C8/1/0/U0 | MA-JOIE-NODE-27                    | 2019-10-01 | 2019-10-22  |             117 |              121 |                 117 |               118 |
| C8/1/0/U1 | BELONIE-27                         | 2019-10-01 | 2019-10-22  |             155 |              158 |                 154 |               155 |
| C8/1/0/U3 | MA-JOIE-NODE-23                    | 2019-10-01 | 2019-10-22  |             105 |              105 |                 105 |               106 |
| C8/1/1/U0 | 611-C1-ROJN I                      | 2019-10-01 | 2019-10-22  |             139 |              141 |                 139 |               141 |
| C8/1/1/U1 | 611-C5-ROJN II                     | 2019-10-01 | 2019-10-22  |             104 |              104 |                 104 |               104 |
| C8/1/2/U0 | 612-C2-ANSE-ETOILE                 | 2019-10-01 | 2019-10-22  |             190 |              196 |                 190 |               192 |
| C8/1/2/U1 | ANSE-ETOILE-U2                     | 2019-10-01 | 2019-10-22  |              58 |               59 |                  58 |                58 |
| C8/1/3/U0 | 613-C3-ANSE-GAULETTE I             | 2019-10-01 | 2019-10-22  |              71 |               77 |                  71 |                71 |
| C8/1/3/U1 | 613-C7-ANSE-GAULETTE II            | 2019-10-01 | 2019-10-22  |              73 |               80 |                  73 |                73 |
| C8/1/3/U2 | 613-C3-ANSE-GAULETTE III           | 2019-10-01 | 2019-10-22  |              38 |               39 |                  38 |                38 |
| C8/1/3/U3 | TAKAMAKA I                         | 2019-10-01 | 2019-10-22  |             103 |              107 |                 103 |               106 |
| C8/1/3/U4 | TAKAMAKA II                        | 2019-10-01 | 2019-10-22  |             100 |              100 |                 100 |               101 |
| C8/1/4/U0 | 614-BEOLIERE-NODE-1                | 2019-10-01 | 2019-10-22  |             127 |              133 |                 127 |               130 |
| C8/1/4/U1 | 614-BEOLIERE-NODE-2                | 2019-10-01 | 2019-10-22  |              97 |              100 |                  97 |               100 |
+-----------+------------------------------------+------------+-------------+-----------------+------------------+---------------------+-------------------+
70 rows in set (0.28 sec)

+------------------+------------+-------------+-----------------+------------------+----------------------+-------------------+
| MXK_NAME         | MXK_DATE   | INSERTED_ON | UNIQUE_ACCOUNTS | UNIQUE_CONTRACTS | UNIQUE_FSAN_INRCBOSS | UNIQUE_FSAN_INMXK |
+------------------+------------+-------------+-----------------+------------------+----------------------+-------------------+
| NULL             | NULL       | 2019-10-22  |             445 |              450 |                  439 |                 0 |
| MXK-ANSEETOILE   | 2019-10-01 | 2019-10-22  |             148 |              150 |                  150 |               156 |
| MXK-ANSEROYALE   | 2019-10-01 | 2019-10-22  |             138 |              138 |                  138 |               156 |
| MXK-BEAUVALLON   | 2019-10-01 | 2019-10-22  |            1195 |             1215 |                 1207 |              1271 |
| MXK-MAHE         | 2019-10-01 | 2019-10-22  |             901 |              928 |                  868 |              1092 |
| MXK-PERSEVERANCE | 2019-10-01 | 2019-10-22  |             992 |              998 |                  997 |              1141 |
| MXK-PRASLIN      | 2019-10-01 | 2019-10-22  |            1166 |             1169 |                 1162 |              1277 |
+------------------+------------+-------------+-----------------+------------------+----------------------+-------------------+
7 rows in set (0.06 sec)

mysql> mysql \. C:\workspace\cloud\code\sql\_DailyScript\currenttime.sql
+---------------------+
| currenttime         |
+---------------------+
| 2019-10-22 11:25:19 |
+---------------------+
1 row in set (0.00 sec)

mysql> 
mysql> mysql \. C:\workspace\cloud\code\sql\Analysis\service_tickets_assignments.sql
Query OK, 0 rows affected (0.17 sec)

Query OK, 77456 rows affected (20.26 sec)
Records: 77456  Duplicates: 0  Warnings: 0

+-------------------------+
| rep_servicetickets_2019 |
+-------------------------+
|                   77456 |
+-------------------------+
1 row in set (1.69 sec)

mysql> mysql \. C:\workspace\cloud\code\sql\_DailyScript\currenttime.sql
+---------------------+
| currenttime         |
+---------------------+
| 2019-10-22 11:25:41 |
+---------------------+
1 row in set (0.00 sec)

mysql> 
mysql> 
mysql> exit
