    -> 
    -> mysql \. C:\workspace\cloud\code\sql\_DailyScript\_setdates.sql
Database changed
Query OK, 0 rows affected (0.00 sec)

Query OK, 0 rows affected (0.00 sec)

Query OK, 0 rows affected (0.00 sec)

Query OK, 0 rows affected (0.00 sec)

Query OK, 0 rows affected (0.00 sec)

Query OK, 0 rows affected (0.00 sec)

Query OK, 0 rows affected (0.00 sec)

Query OK, 0 rows affected (0.00 sec)

Query OK, 0 rows affected (0.00 sec)

Query OK, 0 rows affected (0.00 sec)

Query OK, 0 rows affected (0.00 sec)

Query OK, 0 rows affected (0.00 sec)

Query OK, 0 rows affected (0.00 sec)

Query OK, 0 rows affected (0.00 sec)

Query OK, 0 rows affected (0.00 sec)

Query OK, 0 rows affected (0.00 sec)

Query OK, 0 rows affected (0.00 sec)

Query OK, 0 rows affected (0.00 sec)

Query OK, 0 rows affected (0.00 sec)

Query OK, 0 rows affected (0.00 sec)

Query OK, 0 rows affected (0.00 sec)

mysql> mysql \. C:\workspace\cloud\code\sql\_DailyScript\currenttime.sql
+---------------------+
| currenttime         |
+---------------------+
| 2020-01-20 05:50:08 |
+---------------------+
1 row in set (0.00 sec)

mysql> 
mysql> mysql \. C:\workspace\cloud\code\sql\_DailyScript\load_RCB_VODTITLES.sql
Database changed
Query OK, 0 rows affected (0.00 sec)

Query OK, 9197 rows affected (1.01 sec)

Query OK, 9199 rows affected, 9199 warnings (0.54 sec)
Records: 9199  Deleted: 0  Skipped: 0  Warnings: 9199

Query OK, 0 rows affected (0.00 sec)

Query OK, 2 rows affected (0.06 sec)

+-----------+
| VODTITLES |
+-----------+
|      9657 |
+-----------+
1 row in set (0.00 sec)

+-----------+-----------+
| titletype | typecount |
+-----------+-----------+
| E         |      7543 |
| N         |       213 |
| T         |      1441 |
| NULL      |      9197 |
+-----------+-----------+
4 rows in set (0.03 sec)

mysql> mysql \. C:\workspace\cloud\code\sql\_DailyScript\currenttime.sql
+---------------------+
| currenttime         |
+---------------------+
| 2020-01-20 05:50:09 |
+---------------------+
1 row in set (0.00 sec)

mysql> 
mysql> mysql \. C:\workspace\cloud\code\sql\_DailyScript\DAILY-SCRIPT-LIVETV-STATS.sql
Database changed
Query OK, 0 rows affected (0.39 sec)

Query OK, 85723 rows affected (1.40 sec)
Records: 85723  Duplicates: 0  Warnings: 0

+------------+------------+----------+--------------+--------------+-----------+-------------+----------+--------+------+------------+---------+---------------+
| Table      | Non_unique | Key_name | Seq_in_index | Column_name  | Collation | Cardinality | Sub_part | Packed | Null | Index_type | Comment | Index_comment |
+------------+------------+----------+--------------+--------------+-----------+-------------+----------+--------+------+------------+---------+---------------+
| templivetv |          1 | idxtv1   |            1 | device       | A         |       85657 |     NULL | NULL   | YES  | BTREE      |         |               |
| templivetv |          1 | idxtv2   |            1 | sessionstart | A         |       85657 |     NULL | NULL   | YES  | BTREE      |         |               |
+------------+------------+----------+--------------+--------------+-----------+-------------+----------+--------+------+------------+---------+---------------+
2 rows in set (0.00 sec)

Query OK, 85352 rows affected (52.01 sec)
Records: 85352  Duplicates: 0  Warnings: 0

Query OK, 2763 rows affected (1.14 sec)
Records: 2763  Duplicates: 0  Warnings: 0

Query OK, 0 rows affected (0.00 sec)

Query OK, 0 rows affected (0.02 sec)

Query OK, 136 rows affected (0.12 sec)
Records: 136  Duplicates: 0  Warnings: 0

Query OK, 0 rows affected (0.04 sec)

Query OK, 105492 rows affected (21 min 39.83 sec)
Records: 105492  Duplicates: 0  Warnings: 0

+-----------------+
| rep_livetvstats |
+-----------------+
|          105492 |
+-----------------+
1 row in set (0.03 sec)

mysql> mysql \. C:\workspace\cloud\code\sql\_DailyScript\currenttime.sql
+---------------------+
| currenttime         |
+---------------------+
| 2020-01-20 06:12:44 |
+---------------------+
1 row in set (0.00 sec)

mysql> 
mysql> mysql \. C:\workspace\cloud\code\sql\_DailyScript\DAILY-SCRIPT-VODTS-STATS.sql
Database changed
Query OK, 0 rows affected (0.01 sec)

Query OK, 5067 rows affected (47.39 sec)
Records: 5067  Duplicates: 0  Warnings: 0

+---------+------------+----------+--------------+--------------+-----------+-------------+----------+--------+------+------------+---------+---------------+
| Table   | Non_unique | Key_name | Seq_in_index | Column_name  | Collation | Cardinality | Sub_part | Packed | Null | Index_type | Comment | Index_comment |
+---------+------------+----------+--------------+--------------+-----------+-------------+----------+--------+------+------------+---------+---------------+
| tempvod |          1 | idxtvod1 |            1 | device       | A         |        5137 |     NULL | NULL   | YES  | BTREE      |         |               |
| tempvod |          1 | idxtvod2 |            1 | sessionstart | A         |        5137 |     NULL | NULL   | YES  | BTREE      |         |               |
+---------+------------+----------+--------------+--------------+-----------+-------------+----------+--------+------+------------+---------+---------------+
2 rows in set (0.00 sec)

Query OK, 5062 rows affected (2.46 sec)
Records: 5062  Duplicates: 0  Warnings: 0

Query OK, 0 rows affected (0.02 sec)

Query OK, 472945 rows affected (40.45 sec)
Records: 472945  Duplicates: 0  Warnings: 0

+--------------+
| rep_vodstats |
+--------------+
|       472945 |
+--------------+
1 row in set (0.15 sec)

Database changed
Query OK, 0 rows affected (0.03 sec)

Query OK, 12396 rows affected (3 min 18.47 sec)
Records: 12396  Duplicates: 0  Warnings: 0

+--------+------------+----------+--------------+--------------+-----------+-------------+----------+--------+------+------------+---------+---------------+
| Table  | Non_unique | Key_name | Seq_in_index | Column_name  | Collation | Cardinality | Sub_part | Packed | Null | Index_type | Comment | Index_comment |
+--------+------------+----------+--------------+--------------+-----------+-------------+----------+--------+------+------------+---------+---------------+
| tempts |          1 | idxtts1  |            1 | device       | A         |       12559 |     NULL | NULL   | YES  | BTREE      |         |               |
| tempts |          1 | idxtts2  |            1 | sessionstart | A         |       12559 |     NULL | NULL   | YES  | BTREE      |         |               |
+--------+------------+----------+--------------+--------------+-----------+-------------+----------+--------+------+------------+---------+---------------+
2 rows in set (0.00 sec)

Query OK, 12290 rows affected (12.02 sec)
Records: 12290  Duplicates: 0  Warnings: 0

Query OK, 0 rows affected (0.01 sec)

Query OK, 29255 rows affected (3 min 41.18 sec)
Records: 29255  Duplicates: 0  Warnings: 0

+-------------+
| rep_tsstats |
+-------------+
|       29255 |
+-------------+
1 row in set (0.01 sec)

mysql> mysql \. C:\workspace\cloud\code\sql\_DailyScript\currenttime.sql
+---------------------+
| currenttime         |
+---------------------+
| 2020-01-20 06:21:27 |
+---------------------+
1 row in set (0.00 sec)

mysql> 
mysql> mysql \. C:\workspace\cloud\code\sql\_DailyScript\DAILY-SCRIPT-RADIO-STATS.sql
Database changed
Query OK, 0 rows affected (0.02 sec)

Query OK, 216708 rows affected (4.73 sec)
Records: 216708  Duplicates: 0  Warnings: 0

+-----------+------------+----------+--------------+--------------+-----------+-------------+----------+--------+------+------------+---------+---------------+
| Table     | Non_unique | Key_name | Seq_in_index | Column_name  | Collation | Cardinality | Sub_part | Packed | Null | Index_type | Comment | Index_comment |
+-----------+------------+----------+--------------+--------------+-----------+-------------+----------+--------+------+------------+---------+---------------+
| tempradio |          1 | idxtrad1 |            1 | device       | A         |      217509 |     NULL | NULL   | YES  | BTREE      |         |               |
| tempradio |          1 | idxtrad2 |            1 | sessionstart | A         |      217509 |     NULL | NULL   | YES  | BTREE      |         |               |
+-----------+------------+----------+--------------+--------------+-----------+-------------+----------+--------+------+------------+---------+---------------+
2 rows in set (0.00 sec)

Query OK, 252 rows affected (3.29 sec)
Records: 252  Duplicates: 0  Warnings: 0

Query OK, 0 rows affected (0.01 sec)

Query OK, 4032 rows affected (0.32 sec)
Records: 4032  Duplicates: 0  Warnings: 0

+----------------+
| rep_radiostats |
+----------------+
|           4032 |
+----------------+
1 row in set (0.00 sec)

mysql> mysql \. C:\workspace\cloud\code\sql\_DailyScript\currenttime.sql
+---------------------+
| currenttime         |
+---------------------+
| 2020-01-20 06:21:35 |
+---------------------+
1 row in set (0.00 sec)

mysql> 
mysql> mysql \. C:\workspace\cloud\code\sql\_DailyScript\DAILY_SCRIPT_TELEMETRY_PIVOT_2020.sql
Query OK, 0 rows affected (0.04 sec)

Query OK, 139 rows affected (0.11 sec)
Records: 139  Duplicates: 0  Warnings: 0

Query OK, 0 rows affected (0.12 sec)

Query OK, 6308 rows affected (1.03 sec)
Records: 6308  Duplicates: 0  Warnings: 0

Query OK, 0 rows affected (0.00 sec)

Query OK, 8 rows affected (0.01 sec)
Records: 8  Duplicates: 0  Warnings: 0

Query OK, 0 rows affected (0.04 sec)

Query OK, 47 rows affected (0.32 sec)
Records: 47  Duplicates: 0  Warnings: 0

mysql> mysql \. C:\workspace\cloud\code\sql\_DailyScript\currenttime.sql
+---------------------+
| currenttime         |
+---------------------+
| 2020-01-20 06:21:37 |
+---------------------+
1 row in set (0.00 sec)

mysql> 
mysql> mysql \. C:\workspace\cloud\code\sql\_DailyScript\telemetry_livetv_ranking2020.sql
Query OK, 0 rows affected (0.00 sec)

Query OK, 139 rows affected (0.04 sec)
Records: 139  Duplicates: 0  Warnings: 0

mysql> mysql \. C:\workspace\cloud\code\sql\_DailyScript\currenttime.sql
+---------------------+
| currenttime         |
+---------------------+
| 2020-01-20 06:21:37 |
+---------------------+
1 row in set (0.00 sec)

mysql> 
mysql> mysql \. C:\workspace\cloud\code\sql\_DailyScript\telemetry_radio_ranking2020.sql
Query OK, 0 rows affected (0.01 sec)

Query OK, 8 rows affected (0.01 sec)
Records: 8  Duplicates: 0  Warnings: 0

mysql> mysql \. C:\workspace\cloud\code\sql\_DailyScript\currenttime.sql
+---------------------+
| currenttime         |
+---------------------+
| 2020-01-20 06:21:37 |
+---------------------+
1 row in set (0.00 sec)

mysql> 
mysql> mysql \. C:\workspace\cloud\code\sql\_DailyScript\telemetry_ts_ranking2020.sql
Query OK, 0 rows affected (0.00 sec)

Query OK, 47 rows affected (0.01 sec)
Records: 47  Duplicates: 0  Warnings: 0

mysql> mysql \. C:\workspace\cloud\code\sql\_DailyScript\currenttime.sql
+---------------------+
| currenttime         |
+---------------------+
| 2020-01-20 06:21:37 |
+---------------------+
1 row in set (0.00 sec)

mysql> 
mysql> mysql \. C:\workspace\cloud\code\sql\_DailyScript\telemetry_vod_ranking2020.sql
Query OK, 0 rows affected (0.00 sec)

Query OK, 6308 rows affected (0.35 sec)
Records: 6308  Duplicates: 0  Warnings: 0

mysql> mysql \. C:\workspace\cloud\code\sql\_DailyScript\currenttime.sql
+---------------------+
| currenttime         |
+---------------------+
| 2020-01-20 06:21:37 |
+---------------------+
1 row in set (0.00 sec)

mysql> 
mysql> mysql \. C:\workspace\cloud\code\sql\_DailyScript\telemetry_vod_ranking2020_1.sql
Query OK, 0 rows affected (0.01 sec)

Query OK, 6308 rows affected (0.12 sec)
Records: 6308  Duplicates: 0  Warnings: 0

mysql> mysql \. C:\workspace\cloud\code\sql\_DailyScript\currenttime.sql
+---------------------+
| currenttime         |
+---------------------+
| 2020-01-20 06:21:37 |
+---------------------+
1 row in set (0.00 sec)

mysql> 
mysql> mysql \. C:\workspace\cloud\code\sql\_DailyScript\telemetry_vod_ranking2020_2.sql
Query OK, 0 rows affected (0.04 sec)

Query OK, 6308 rows affected (0.12 sec)
Records: 6308  Duplicates: 0  Warnings: 0

mysql> mysql \. C:\workspace\cloud\code\sql\_DailyScript\currenttime.sql
+---------------------+
| currenttime         |
+---------------------+
| 2020-01-20 06:21:37 |
+---------------------+
1 row in set (0.00 sec)

mysql> 
mysql> mysql \. C:\workspace\cloud\code\sql\_DailyScript\DAILY-SCRIPT-CREATE-LOAD.sql
Database changed
Database changed
Query OK, 0 rows affected (0.07 sec)

Query OK, 0 rows affected (0.01 sec)

Database changed
Query OK, 66098 rows affected (3.18 sec)
Records: 66098  Deleted: 0  Skipped: 0  Warnings: 0

Query OK, 0 rows affected (0.26 sec)
Records: 0  Duplicates: 0  Warnings: 0

Query OK, 0 rows affected (0.27 sec)
Records: 0  Duplicates: 0  Warnings: 0

Query OK, 0 rows affected (0.31 sec)
Records: 0  Duplicates: 0  Warnings: 0

Query OK, 0 rows affected (0.43 sec)
Records: 0  Duplicates: 0  Warnings: 0

+---------+
| clients |
+---------+
|   66098 |
+---------+
1 row in set (0.02 sec)

Query OK, 0 rows affected (0.02 sec)

Query OK, 5924 rows affected (1.16 sec)
Records: 5924  Duplicates: 0  Warnings: 0

+-------------------+
| rcb_clientparcels |
+-------------------+
|              5924 |
+-------------------+
1 row in set (0.00 sec)

Query OK, 0 rows affected (0.04 sec)

Query OK, 80552 rows affected (4.07 sec)
Records: 80552  Duplicates: 0  Warnings: 0

Query OK, 0 rows affected (0.28 sec)
Records: 0  Duplicates: 0  Warnings: 0

Query OK, 0 rows affected (0.19 sec)

Query OK, 66098 rows affected (2.75 sec)
Records: 66098  Duplicates: 0  Warnings: 0

Query OK, 0 rows affected (0.23 sec)
Records: 0  Duplicates: 0  Warnings: 0

Query OK, 0 rows affected (0.32 sec)
Records: 0  Duplicates: 0  Warnings: 0

Query OK, 0 rows affected (0.24 sec)
Records: 0  Duplicates: 0  Warnings: 0

+---------------+
| clientaddress |
+---------------+
|         66098 |
+---------------+
1 row in set (0.02 sec)

Database changed
Query OK, 0 rows affected (0.14 sec)

Query OK, 0 rows affected (0.00 sec)

Database changed
Query OK, 498982 rows affected, 65535 warnings (18.61 sec)
Records: 498982  Deleted: 0  Skipped: 0  Warnings: 197938

Query OK, 0 rows affected (6.86 sec)
Records: 0  Duplicates: 0  Warnings: 0

Query OK, 0 rows affected (3.04 sec)
Records: 0  Duplicates: 0  Warnings: 0

Query OK, 0 rows affected (2.30 sec)
Records: 0  Duplicates: 0  Warnings: 0

Query OK, 0 rows affected (0.03 sec)

Query OK, 498982 rows affected (48.45 sec)
Records: 498982  Duplicates: 0  Warnings: 0

Query OK, 0 rows affected (2.05 sec)
Records: 0  Duplicates: 0  Warnings: 0

Query OK, 0 rows affected (1.65 sec)
Records: 0  Duplicates: 0  Warnings: 0

+-----------+
| contracts |
+-----------+
|    498982 |
+-----------+
1 row in set (0.32 sec)

+-----------------+
| contractaddress |
+-----------------+
|          498982 |
+-----------------+
1 row in set (0.14 sec)

Database changed
Query OK, 0 rows affected (0.15 sec)

Query OK, 0 rows affected (0.01 sec)

Query OK, 7224 rows affected (0.23 sec)
Records: 7224  Deleted: 0  Skipped: 0  Warnings: 0

Query OK, 0 rows affected (0.01 sec)

Query OK, 7193 rows affected (2.39 sec)
Records: 7193  Duplicates: 0  Warnings: 0

Query OK, 0 rows affected (0.04 sec)
Records: 0  Duplicates: 0  Warnings: 0

Query OK, 0 rows affected (0.01 sec)

Query OK, 5608 rows affected (0.11 sec)
Records: 5608  Duplicates: 0  Warnings: 0

Query OK, 0 rows affected (0.03 sec)
Records: 0  Duplicates: 0  Warnings: 0

+-------------------+
| contractdiscounts |
+-------------------+
|              7224 |
+-------------------+
1 row in set (0.00 sec)

+-------------------------+
| clientcontractdiscounts |
+-------------------------+
|                    7193 |
+-------------------------+
1 row in set (0.00 sec)

+----------------------------+
| clientcontractlastdiscount |
+----------------------------+
|                       5608 |
+----------------------------+
1 row in set (0.00 sec)

Database changed
Query OK, 0 rows affected (0.15 sec)

Query OK, 0 rows affected (0.05 sec)

Database changed
Query OK, 132722 rows affected (3.49 sec)
Records: 132722  Deleted: 0  Skipped: 0  Warnings: 0

Query OK, 0 rows affected (0.31 sec)
Records: 0  Duplicates: 0  Warnings: 0

Query OK, 0 rows affected (0.34 sec)
Records: 0  Duplicates: 0  Warnings: 0

Query OK, 0 rows affected (0.46 sec)
Records: 0  Duplicates: 0  Warnings: 0

Query OK, 0 rows affected (0.53 sec)
Records: 0  Duplicates: 0  Warnings: 0

Query OK, 0 rows affected (0.80 sec)
Records: 0  Duplicates: 0  Warnings: 0

Query OK, 0 rows affected (0.91 sec)
Records: 0  Duplicates: 0  Warnings: 0

Query OK, 0 rows affected (0.16 sec)

Query OK, 1703761 rows affected (3 min 17.27 sec)
Records: 1703761  Duplicates: 0  Warnings: 0

+---------+
| devices |
+---------+
|  132722 |
+---------+
1 row in set (0.08 sec)

+-----------------------+
| clientcontractdevices |
+-----------------------+
|               1703761 |
+-----------------------+
1 row in set (0.81 sec)

Query OK, 0 rows affected (0.15 sec)

Query OK, 132703 rows affected (7.85 sec)
Records: 132703  Duplicates: 0  Warnings: 0

+---------------------------+
| rep_clientcontractdevices |
+---------------------------+
|                    132703 |
+---------------------------+
1 row in set (0.04 sec)

Database changed
Query OK, 0 rows affected (0.04 sec)

Query OK, 0 rows affected (0.01 sec)

Query OK, 269335 rows affected (8.47 sec)
Records: 269335  Deleted: 0  Skipped: 0  Warnings: 0

Query OK, 0 rows affected (0.70 sec)
Records: 0  Duplicates: 0  Warnings: 0

Query OK, 0 rows affected (0.89 sec)
Records: 0  Duplicates: 0  Warnings: 0

Query OK, 0 rows affected (0.84 sec)
Records: 0  Duplicates: 0  Warnings: 0

Query OK, 0 rows affected (0.69 sec)
Records: 0  Duplicates: 0  Warnings: 0

+---------+
| tickets |
+---------+
|  269335 |
+---------+
1 row in set (0.08 sec)

Database changed
Query OK, 0 rows affected (0.01 sec)

Query OK, 0 rows affected (0.00 sec)

Empty set (0.00 sec)

Query OK, 0 rows affected (0.01 sec)
Records: 0  Duplicates: 0  Warnings: 0

Query OK, 347 rows affected, 2 warnings (0.06 sec)
Records: 347  Deleted: 0  Skipped: 0  Warnings: 2

+-----------------+
| tickettechusers |
+-----------------+
|             347 |
+-----------------+
1 row in set (0.00 sec)

Database changed
Query OK, 0 rows affected (0.01 sec)

Query OK, 0 rows affected (0.01 sec)

Query OK, 0 rows affected (0.01 sec)
Records: 0  Duplicates: 0  Warnings: 0

Query OK, 574351 rows affected, 44267 warnings (11.21 sec)
Records: 574351  Deleted: 0  Skipped: 0  Warnings: 44267

+-------------------+
| ticketassignments |
+-------------------+
|            574351 |
+-------------------+
1 row in set (0.17 sec)

Database changed
Query OK, 0 rows affected (0.13 sec)

Query OK, 0 rows affected (0.01 sec)

Query OK, 1183242 rows affected (18.58 sec)
Records: 1183242  Deleted: 0  Skipped: 0  Warnings: 0

Query OK, 0 rows affected (8.12 sec)
Records: 0  Duplicates: 0  Warnings: 0

Query OK, 0 rows affected (3.74 sec)
Records: 0  Duplicates: 0  Warnings: 0

Query OK, 0 rows affected (2.94 sec)
Records: 0  Duplicates: 0  Warnings: 0

Query OK, 0 rows affected (4.01 sec)
Records: 0  Duplicates: 0  Warnings: 0

+----------------+
| ticketcomments |
+----------------+
|        1183242 |
+----------------+
1 row in set (0.35 sec)

Database changed
Query OK, 0 rows affected (0.01 sec)

Query OK, 0 rows affected (0.01 sec)

Query OK, 431873 rows affected (41.90 sec)
Records: 431873  Deleted: 0  Skipped: 0  Warnings: 0

Query OK, 0 rows affected (2.41 sec)
Records: 0  Duplicates: 0  Warnings: 0

+----------+
| comments |
+----------+
|   431873 |
+----------+
1 row in set (0.13 sec)

Database changed
Query OK, 0 rows affected (0.04 sec)

Query OK, 0 rows affected (0.01 sec)

Query OK, 1095369 rows affected, 65535 warnings (1 min 4.67 sec)
Records: 1095369  Deleted: 0  Skipped: 0  Warnings: 1095385

Query OK, 0 rows affected (8.61 sec)
Records: 0  Duplicates: 0  Warnings: 0

Query OK, 0 rows affected (5.24 sec)
Records: 0  Duplicates: 0  Warnings: 0

Query OK, 0 rows affected (6.01 sec)
Records: 0  Duplicates: 0  Warnings: 0

Query OK, 0 rows affected (5.02 sec)
Records: 0  Duplicates: 0  Warnings: 0

Query OK, 0 rows affected (5.53 sec)
Records: 0  Duplicates: 0  Warnings: 0

+------------+
| devicesold |
+------------+
|    1095369 |
+------------+
1 row in set (0.34 sec)

Database changed
Query OK, 0 rows affected (0.01 sec)

Query OK, 0 rows affected (0.01 sec)

Query OK, 1697062 rows affected (26.60 sec)
Records: 1697062  Deleted: 0  Skipped: 0  Warnings: 0

Query OK, 0 rows affected (9.46 sec)
Records: 0  Duplicates: 0  Warnings: 0

Query OK, 0 rows affected (5.37 sec)
Records: 0  Duplicates: 0  Warnings: 0

Query OK, 0 rows affected (5.96 sec)
Records: 0  Duplicates: 0  Warnings: 0

+------------------+
| contractservices |
+------------------+
|          1697062 |
+------------------+
1 row in set (0.62 sec)

Database changed
Query OK, 0 rows affected (0.18 sec)

Query OK, 0 rows affected (0.01 sec)

Query OK, 3934447 rows affected (2 min 8.97 sec)
Records: 3934447  Deleted: 0  Skipped: 0  Warnings: 0

Query OK, 0 rows affected (16.37 sec)
Records: 0  Duplicates: 0  Warnings: 0

Query OK, 0 rows affected (15.14 sec)
Records: 0  Duplicates: 0  Warnings: 0

Query OK, 0 rows affected (14.93 sec)
Records: 0  Duplicates: 0  Warnings: 0

Query OK, 0 rows affected (16.09 sec)
Records: 0  Duplicates: 0  Warnings: 0

+------------------+
| invoicescontents |
+------------------+
|          3934447 |
+------------------+
1 row in set (1.13 sec)

Database changed
Query OK, 0 rows affected (0.22 sec)

Query OK, 0 rows affected (0.01 sec)

Query OK, 2741706 rows affected (3 min 21.94 sec)
Records: 2741706  Deleted: 0  Skipped: 0  Warnings: 0

Query OK, 0 rows affected (13.66 sec)
Records: 0  Duplicates: 0  Warnings: 0

Query OK, 0 rows affected (12.61 sec)
Records: 0  Duplicates: 0  Warnings: 0

Query OK, 0 rows affected (10.08 sec)
Records: 0  Duplicates: 0  Warnings: 0

Query OK, 0 rows affected (11.47 sec)
Records: 0  Duplicates: 0  Warnings: 0

Query OK, 0 rows affected (10.82 sec)
Records: 0  Duplicates: 0  Warnings: 0

+----------------+
| invoicesheader |
+----------------+
|        2741706 |
+----------------+
1 row in set (0.81 sec)

Database changed
Query OK, 0 rows affected (0.23 sec)

Query OK, 0 rows affected (0.01 sec)

Query OK, 2830331 rows affected (1 min 22.55 sec)
Records: 2830331  Deleted: 0  Skipped: 0  Warnings: 0

Query OK, 0 rows affected (15.17 sec)
Records: 0  Duplicates: 0  Warnings: 0

Query OK, 0 rows affected (10.52 sec)
Records: 0  Duplicates: 0  Warnings: 0

Query OK, 0 rows affected (9.48 sec)
Records: 0  Duplicates: 0  Warnings: 0

Query OK, 0 rows affected (9.52 sec)
Records: 0  Duplicates: 0  Warnings: 0

+---------+
| casa    |
+---------+
| 2830331 |
+---------+
1 row in set (0.85 sec)

Query OK, 0 rows affected (0.16 sec)

Query OK, 13526 rows affected (1 min 14.03 sec)
Records: 13526  Duplicates: 0  Warnings: 0

+--------------------+
| rep_paycol_channel |
+--------------------+
|              13526 |
+--------------------+
1 row in set (0.01 sec)

Query OK, 0 rows affected (0.04 sec)

Query OK, 9576 rows affected (1 min 29.01 sec)
Records: 9576  Duplicates: 0  Warnings: 0

+----------------+
| rep_paycol_pos |
+----------------+
|           9576 |
+----------------+
1 row in set (0.00 sec)

Database changed
Query OK, 0 rows affected (0.02 sec)

Query OK, 0 rows affected (0.01 sec)

Database changed
Query OK, 38890 rows affected (0.89 sec)
Records: 38890  Deleted: 0  Skipped: 0  Warnings: 0

+-------+
| users |
+-------+
| 38890 |
+-------+
1 row in set (0.02 sec)

Database changed
Query OK, 0 rows affected (0.04 sec)

Query OK, 0 rows affected (0.02 sec)

Query OK, 1872898 rows affected, 2 warnings (33.16 sec)
Records: 1872898  Deleted: 0  Skipped: 0  Warnings: 2

Query OK, 0 rows affected (9.39 sec)
Records: 0  Duplicates: 0  Warnings: 0

Query OK, 0 rows affected (4.97 sec)
Records: 0  Duplicates: 0  Warnings: 0

Query OK, 0 rows affected (6.12 sec)
Records: 0  Duplicates: 0  Warnings: 0

Query OK, 0 rows affected (5.41 sec)
Records: 0  Duplicates: 0  Warnings: 0

Query OK, 0 rows affected (3.71 sec)
Records: 0  Duplicates: 0  Warnings: 0

+-------------+
| useractions |
+-------------+
|     1872898 |
+-------------+
1 row in set (0.56 sec)

Database changed
Query OK, 0 rows affected (0.06 sec)

Query OK, 0 rows affected (0.00 sec)

Database changed
Query OK, 13562964 rows affected (3 min 13.57 sec)
Records: 13562964  Deleted: 0  Skipped: 0  Warnings: 0

Query OK, 0 rows affected (44.20 sec)
Records: 0  Duplicates: 0  Warnings: 0

Query OK, 0 rows affected (45.89 sec)
Records: 0  Duplicates: 0  Warnings: 0

Query OK, 0 rows affected (50.86 sec)
Records: 0  Duplicates: 0  Warnings: 0

Query OK, 0 rows affected (44.18 sec)
Records: 0  Duplicates: 0  Warnings: 0

+----------+
| ipusage1 |
+----------+
| 13562964 |
+----------+
1 row in set (10.56 sec)

Query OK, 0 rows affected (0.22 sec)

Query OK, 13680355 rows affected, 65535 warnings (15 min 34.26 sec)
Records: 13680355  Duplicates: 0  Warnings: 13676658

Query OK, 0 rows affected (40.38 sec)
Records: 0  Duplicates: 0  Warnings: 0

Query OK, 0 rows affected (44.50 sec)
Records: 0  Duplicates: 0  Warnings: 0

Query OK, 0 rows affected (44.88 sec)
Records: 0  Duplicates: 0  Warnings: 0

Query OK, 0 rows affected (43.91 sec)
Records: 0  Duplicates: 0  Warnings: 0

Query OK, 0 rows affected (1 min 6.29 sec)
Records: 0  Duplicates: 0  Warnings: 0

Query OK, 0 rows affected (1 min 9.07 sec)
Records: 0  Duplicates: 0  Warnings: 0

Query OK, 0 rows affected (1 min 3.56 sec)
Records: 0  Duplicates: 0  Warnings: 0

+----------+
| ipusage  |
+----------+
| 13680355 |
+----------+
1 row in set (10.76 sec)

Query OK, 0 rows affected (0.08 sec)

Query OK, 3451483 rows affected (3 min 11.39 sec)
Records: 3451483  Duplicates: 0  Warnings: 0

Query OK, 0 rows affected (15.84 sec)
Records: 0  Duplicates: 0  Warnings: 0

Query OK, 0 rows affected (13.80 sec)
Records: 0  Duplicates: 0  Warnings: 0

Query OK, 0 rows affected (11.11 sec)
Records: 0  Duplicates: 0  Warnings: 0

Query OK, 0 rows affected (17.49 sec)
Records: 0  Duplicates: 0  Warnings: 0

Query OK, 0 rows affected (12.03 sec)
Records: 0  Duplicates: 0  Warnings: 0

Query OK, 0 rows affected (0.17 sec)

Query OK, 275096 rows affected (25.27 sec)
Records: 275096  Duplicates: 0  Warnings: 0

Query OK, 0 rows affected (0.88 sec)
Records: 0  Duplicates: 0  Warnings: 0

Query OK, 0 rows affected (0.85 sec)
Records: 0  Duplicates: 0  Warnings: 0

Query OK, 0 rows affected (0.99 sec)
Records: 0  Duplicates: 0  Warnings: 0

Query OK, 0 rows affected (0.52 sec)
Records: 0  Duplicates: 0  Warnings: 0

Query OK, 0 rows affected (0.51 sec)
Records: 0  Duplicates: 0  Warnings: 0

Query OK, 0 rows affected (0.51 sec)
Records: 0  Duplicates: 0  Warnings: 0

Query OK, 0 rows affected (0.51 sec)
Records: 0  Duplicates: 0  Warnings: 0

Query OK, 0 rows affected (0.02 sec)

Query OK, 1696874 rows affected (1 min 2.96 sec)
Records: 1696874  Duplicates: 0  Warnings: 0

Query OK, 0 rows affected (8.00 sec)
Records: 0  Duplicates: 0  Warnings: 0

Query OK, 0 rows affected (3.31 sec)
Records: 0  Duplicates: 0  Warnings: 0

Query OK, 0 rows affected (6.32 sec)
Records: 0  Duplicates: 0  Warnings: 0

mysql> mysql \. C:\workspace\cloud\code\sql\_DailyScript\currenttime.sql
+---------------------+
| currenttime         |
+---------------------+
| 2020-01-20 07:19:11 |
+---------------------+
1 row in set (0.00 sec)

mysql> 
mysql> mysql \. C:\workspace\cloud\code\sql\_DailyScript\ticket_analysis.sql
Database changed
Query OK, 0 rows affected (0.07 sec)

Query OK, 544222 rows affected (26.15 sec)
Records: 544222  Duplicates: 0  Warnings: 0

Query OK, 0 rows affected (10.54 sec)
Records: 0  Duplicates: 0  Warnings: 0

Query OK, 0 rows affected (3.03 sec)
Records: 0  Duplicates: 0  Warnings: 0

Query OK, 0 rows affected (3.28 sec)
Records: 0  Duplicates: 0  Warnings: 0

Query OK, 0 rows affected (0.02 sec)

Query OK, 18461 rows affected (11.64 sec)
Records: 18461  Duplicates: 0  Warnings: 0

Query OK, 0 rows affected, 1 warning (0.00 sec)

Query OK, 75220 rows affected (6.91 sec)
Records: 75220  Duplicates: 0  Warnings: 0

Query OK, 0 rows affected, 1 warning (0.00 sec)

Query OK, 389526 rows affected (11.90 sec)
Records: 389526  Duplicates: 0  Warnings: 0

Query OK, 0 rows affected, 1 warning (0.00 sec)

Query OK, 389526 rows affected (14.95 sec)
Records: 389526  Duplicates: 0  Warnings: 0

Query OK, 0 rows affected (0.22 sec)

Query OK, 75275 rows affected (7.90 sec)
Records: 75275  Duplicates: 0  Warnings: 0

Database changed
Query OK, 0 rows affected (0.00 sec)

Query OK, 0 rows affected (0.02 sec)

Query OK, 544222 rows affected (21.39 sec)
Records: 544222  Duplicates: 0  Warnings: 0

Query OK, 0 rows affected (0.01 sec)

Query OK, 266904 rows affected (13.02 sec)
Records: 266904  Duplicates: 0  Warnings: 0

+--------------------------+
| clientticket_cmmtjourney |
+--------------------------+
|                   544222 |
+--------------------------+
1 row in set (4.54 sec)

+---------------------------+
| clientticket_assgnjourney |
+---------------------------+
|                    266904 |
+---------------------------+
1 row in set (0.30 sec)

Query OK, 0 rows affected (0.01 sec)

Query OK, 75 rows affected (0.08 sec)
Records: 75  Duplicates: 0  Warnings: 0

mysql> mysql \. C:\workspace\cloud\code\sql\_DailyScript\currenttime.sql
+---------------------+
| currenttime         |
+---------------------+
| 2020-01-20 07:21:27 |
+---------------------+
1 row in set (0.00 sec)

mysql> 
mysql> mysql \. C:\workspace\cloud\code\sql\_DailyScript\load_DailyCalls.sql
Database changed
Query OK, 299 rows affected (0.71 sec)
Records: 299  Deleted: 0  Skipped: 0  Warnings: 0

Query OK, 0 rows affected, 1 warning (0.00 sec)

Query OK, 288 rows affected (0.23 sec)
Records: 288  Duplicates: 0  Warnings: 0

Query OK, 0 rows affected, 1 warning (0.00 sec)

Query OK, 65656 rows affected (0.53 sec)
Records: 65656  Duplicates: 0  Warnings: 0

+----------------------+
| callingclientsbefore |
+----------------------+
|               820118 |
+----------------------+
1 row in set (1.28 sec)

Query OK, 474 rows affected (6.73 sec)
Records: 474  Duplicates: 0  Warnings: 0

+---------------------+
| callingclientsafter |
+---------------------+
|              820592 |
+---------------------+
1 row in set (0.23 sec)

Query OK, 0 rows affected (0.01 sec)

Query OK, 201 rows affected (10.88 sec)
Records: 201  Duplicates: 0  Warnings: 0

Query OK, 0 rows affected (0.00 sec)

Query OK, 16961 rows affected (2.45 sec)
Records: 16961  Duplicates: 0  Warnings: 0

+-----------+
| callstats |
+-----------+
|     16961 |
+-----------+
1 row in set (0.01 sec)

Query OK, 0 rows affected, 1 warning (0.00 sec)

Query OK, 474 rows affected (6.97 sec)
Records: 474  Duplicates: 0  Warnings: 0

+------------------------+
| rep_cccallreportbefore |
+------------------------+
|                 824514 |
+------------------------+
1 row in set (0.24 sec)

Query OK, 474 rows affected (1.63 sec)
Records: 474  Duplicates: 0  Warnings: 0

+-----------------------+
| rep_cccallreportafter |
+-----------------------+
|                824988 |
+-----------------------+
1 row in set (0.22 sec)

Query OK, 0 rows affected (0.00 sec)

mysql> mysql \. C:\workspace\cloud\code\sql\_DailyScript\currenttime.sql
+---------------------+
| currenttime         |
+---------------------+
| 2020-01-20 07:21:59 |
+---------------------+
1 row in set (0.00 sec)

mysql> 
mysql> mysql \. C:\workspace\cloud\code\sql\_DailyScript\DAILY-SCRIPT-USAGE.sql
Database changed
Query OK, 0 rows affected (0.00 sec)

Query OK, 6879 rows affected, 19891 warnings (5.38 sec)
Records: 6879  Deleted: 0  Skipped: 0  Warnings: 19891

Query OK, 0 rows affected (0.00 sec)

Query OK, 10286 rows affected, 29717 warnings (5.27 sec)
Records: 10286  Deleted: 0  Skipped: 0  Warnings: 29717

Query OK, 0 rows affected (0.00 sec)

Query OK, 164 rows affected, 586 warnings (0.06 sec)
Records: 164  Deleted: 0  Skipped: 0  Warnings: 586

Query OK, 0 rows affected (0.00 sec)

Query OK, 190 rows affected, 664 warnings (0.09 sec)
Records: 190  Deleted: 0  Skipped: 0  Warnings: 664

+------------+
| dailyusage |
+------------+
|    9954969 |
+------------+
1 row in set (23.05 sec)

+------------+------------+------------+---------+
| datestart  | dateend    | insertedon | records |
+------------+------------+------------+---------+
| 2020-01-19 | 2020-01-19 | 2020-01-20 |   17519 |
| 2020-01-18 | 2020-01-18 | 2020-01-19 |   17651 |
| 2020-01-17 | 2020-01-17 | 2020-01-18 |   17728 |
| 2020-01-16 | 2020-01-16 | 2020-01-17 |   17720 |
| 2020-01-15 | 2020-01-15 | 2020-01-16 |   17573 |
+------------+------------+------------+---------+
5 rows in set (3 min 42.83 sec)

mysql> mysql \. C:\workspace\cloud\code\sql\_DailyScript\currenttime.sql
+---------------------+
| currenttime         |
+---------------------+
| 2020-01-20 07:26:16 |
+---------------------+
1 row in set (0.00 sec)

mysql> 
mysql> mysql \. C:\workspace\cloud\code\sql\_DailyScript\DAILY-SCRIPT-SALES-TELEMETRY.sql
Database changed
Query OK, 22 rows affected, 8 warnings (0.04 sec)
Records: 22  Deleted: 0  Skipped: 0  Warnings: 8

+------------+
| dailysales |
+------------+
|     181068 |
+------------+
1 row in set (0.68 sec)

Query OK, 0 rows affected (0.01 sec)

Query OK, 181068 rows affected (19.20 sec)
Records: 181068  Duplicates: 0  Warnings: 0

+--------+
| sales  |
+--------+
| 181068 |
+--------+
1 row in set (0.07 sec)

Query OK, 0 rows affected (0.03 sec)

Query OK, 2913 rows affected (0.40 sec)
Records: 2913  Duplicates: 0  Warnings: 0

+----------------+
| rep_dailysales |
+----------------+
|           2913 |
+----------------+
1 row in set (0.00 sec)

Query OK, 0 rows affected (0.00 sec)

Query OK, 2913 rows affected (0.47 sec)
Records: 2913  Duplicates: 0  Warnings: 0

+-------------------+
| rep_dailysalesreg |
+-------------------+
|              2913 |
+-------------------+
1 row in set (0.00 sec)

Query OK, 0 rows affected (0.02 sec)

Query OK, 2638 rows affected (0.63 sec)
Records: 2638  Duplicates: 0  Warnings: 0

+-----------+
| saleslist |
+-----------+
|      2638 |
+-----------+
1 row in set (0.00 sec)

Database changed
ERROR 2 (HY000): File 'C:\ProgramData\MySQL\MySQL Server 5.7\Uploads\_csv\PrepaidCardSales-19012020-P1.csv' not found (Errcode: 2 - No such file or directory)
+------------------+
| dailysinglesales |
+------------------+
|             6131 |
+------------------+
1 row in set (0.05 sec)

Database changed
Query OK, 8 rows affected (0.06 sec)
Records: 8  Deleted: 0  Skipped: 0  Warnings: 0

+-----------------+
| dailyaddonsales |
+-----------------+
|           18067 |
+-----------------+
1 row in set (0.14 sec)

Query OK, 86 rows affected (0.36 sec)
Records: 86  Deleted: 0  Skipped: 0  Warnings: 0

+----------------+
| onlinepayments |
+----------------+
|          77566 |
+----------------+
1 row in set (0.14 sec)

+-------------+----------------+---------------------+
| paymentdate | onlinepayments | onlinepaymentamount |
+-------------+----------------+---------------------+
| 2020-01-19  |             86 |         51270.85000 |
| 2020-01-18  |             97 |         69671.60000 |
| 2020-01-17  |             99 |         66283.36000 |
| 2020-01-16  |            109 |         57590.55000 |
| 2020-01-15  |            105 |         73823.80000 |
+-------------+----------------+---------------------+
5 rows in set (3.67 sec)

+-------------+--------------+----------------+---------------------+
| paymentyear | paymentmonth | onlinepayments | onlinepaymentamount |
+-------------+--------------+----------------+---------------------+
|        2020 |            1 |           1922 |       1253246.48000 |
|        2020 |         NULL |           1922 |       1253246.48000 |
|        2019 |           12 |           3234 |       2134467.48000 |
|        2019 |           11 |           3112 |       2058344.74000 |
|        2019 |           10 |           3323 |       2227696.68000 |
+-------------+--------------+----------------+---------------------+
5 rows in set (0.08 sec)

mysql> mysql \. C:\workspace\cloud\code\sql\_DailyScript\currenttime.sql
+---------------------+
| currenttime         |
+---------------------+
| 2020-01-20 07:26:42 |
+---------------------+
1 row in set (0.00 sec)

mysql> 
mysql> mysql \. C:\workspace\cloud\code\sql\_DailyScript\DAILY-SCRIPT-ACTIVENUMBERS.sql
Database changed
Query OK, 1206 rows affected (1.63 sec)
Records: 1206  Deleted: 0  Skipped: 0  Warnings: 0

+------------+----------+
| period     | count(1) |
+------------+----------+
| 2020-01-19 |     1206 |
| 2020-01-18 |     1206 |
| 2020-01-17 |     1208 |
| 2020-01-16 |     1216 |
| 2020-01-15 |     1220 |
| 2020-01-14 |     1217 |
+------------+----------+
6 rows in set (0.01 sec)

Query OK, 0 rows affected (0.01 sec)

Query OK, 80 rows affected (1.47 sec)
Records: 80  Duplicates: 0  Warnings: 0

+-------------+
| packagelist |
+-------------+
|          80 |
+-------------+
1 row in set (0.00 sec)

Database changed
Query OK, 0 rows affected (0.00 sec)

Query OK, 0 rows affected (0.00 sec)

Query OK, 0 rows affected (0.00 sec)

Query OK, 0 rows affected (0.00 sec)

Query OK, 26916 rows affected, 188 warnings (1 min 22.11 sec)
Records: 26916  Deleted: 0  Skipped: 0  Warnings: 188

+------------+----------+
| period     | count(1) |
+------------+----------+
| 2020-01-19 |    26916 |
| 2020-01-18 |    27132 |
| 2020-01-17 |    27221 |
| 2020-01-16 |    27195 |
| 2020-01-15 |    27172 |
+------------+----------+
5 rows in set (0.14 sec)

Query OK, 0 rows affected (0.06 sec)

Query OK, 26311 rows affected (2 min 37.15 sec)
Records: 26311  Duplicates: 0  Warnings: 0

Query OK, 0 rows affected (0.15 sec)
Records: 0  Duplicates: 0  Warnings: 0

Query OK, 0 rows affected (0.10 sec)
Records: 0  Duplicates: 0  Warnings: 0

Query OK, 0 rows affected (0.11 sec)
Records: 0  Duplicates: 0  Warnings: 0

Query OK, 0 rows affected (0.07 sec)
Records: 0  Duplicates: 0  Warnings: 0

Query OK, 0 rows affected (0.09 sec)
Records: 0  Duplicates: 0  Warnings: 0

Query OK, 0 rows affected (0.07 sec)
Records: 0  Duplicates: 0  Warnings: 0

+-------------+
| countbefore |
+-------------+
|    32673336 |
+-------------+
1 row in set (54.63 sec)

Query OK, 26311 rows affected (31.88 sec)
Records: 26311  Duplicates: 0  Warnings: 0

+------------+
| countafter |
+------------+
|   32699647 |
+------------+
1 row in set (15.03 sec)

+------------+--------------------------+
| period     | customercontractactivity |
+------------+--------------------------+
| 2020-01-19 |                    26311 |
| 2020-01-18 |                    26527 |
| 2020-01-17 |                    26616 |
| 2020-01-16 |                    26589 |
| 2020-01-15 |                    26566 |
+------------+--------------------------+
5 rows in set (0.06 sec)

Query OK, 0 rows affected (0.18 sec)

Query OK, 247229 rows affected (14 min 3.92 sec)
Records: 247229  Duplicates: 0  Warnings: 0

Query OK, 0 rows affected (0.90 sec)
Records: 0  Duplicates: 0  Warnings: 0

Query OK, 0 rows affected (0.91 sec)
Records: 0  Duplicates: 0  Warnings: 0

Query OK, 0 rows affected (0.95 sec)
Records: 0  Duplicates: 0  Warnings: 0

Query OK, 0 rows affected (0.01 sec)

Query OK, 259 rows affected (0.44 sec)
Records: 259  Duplicates: 0  Warnings: 0

Query OK, 0 rows affected (0.01 sec)

Query OK, 2568 rows affected (0.52 sec)
Records: 2568  Duplicates: 0  Warnings: 0

Query OK, 0 rows affected (0.02 sec)

Query OK, 26300 rows affected (0.54 sec)
Records: 26300  Duplicates: 0  Warnings: 0

Query OK, 0 rows affected (0.12 sec)

Query OK, 16750 rows affected (0.34 sec)
Records: 16750  Duplicates: 0  Warnings: 0

Query OK, 0 rows affected (0.03 sec)

Query OK, 16750 rows affected (0.11 sec)
Records: 16750  Duplicates: 0  Warnings: 0

Query OK, 0 rows affected (0.05 sec)

Query OK, 16750 rows affected (1.14 sec)
Records: 16750  Duplicates: 0  Warnings: 0

Query OK, 0 rows affected (0.14 sec)

Query OK, 16750 rows affected (43.90 sec)
Records: 16750  Duplicates: 0  Warnings: 0

+-------------+
| clientstats |
+-------------+
|       16750 |
+-------------+
1 row in set (0.01 sec)

Query OK, 0 rows affected (0.01 sec)

Query OK, 13 rows affected, 1 warning (0.10 sec)
Records: 13  Duplicates: 0  Warnings: 1

+-----------------------+-------------+-------------+----------------+-----------------+
| services              | activecount | allaccounts | uniqueaccounts | uniquecontracts |
+-----------------------+-------------+-------------+----------------+-----------------+
| All                   |         242 |          40 |             40 |             131 |
| Internet & Voice      |         409 |         186 |            186 |             363 |
| Internet Only         |        4141 |        4042 |           4030 |            4078 |
| OTT Only              |           1 |           1 |              1 |               1 |
| TV & Internet         |        8716 |        3859 |           3848 |            7866 |
| TV & Internet & OTT   |        2600 |         699 |            698 |            1437 |
| TV & Internet & Voice |         481 |         141 |            141 |             433 |
| TV & OTT              |         339 |          64 |             63 |              81 |
| TV & Voice            |          97 |          44 |             44 |              88 |
| TV & Voice & OTT      |           3 |           1 |              1 |               2 |
| TV Only               |        9872 |        7520 |           7512 |            7720 |
| Voice Only            |         154 |         153 |            151 |             154 |
| GRAND TOTAL           |       27055 |       16750 |          16660 |           22354 |
+-----------------------+-------------+-------------+----------------+-----------------+
13 rows in set (0.00 sec)

+-------------+-------------+-------------+----------------+-----------------+
| network     | activecount | allaccounts | uniqueaccounts | uniquecontracts |
+-------------+-------------+-------------+----------------+-----------------+
| ADDON       |          13 |           9 |              9 |               9 |
| GPON        |        7944 |        4032 |           4029 |            6175 |
| HFC         |       19098 |       12709 |          12709 |           16170 |
| GRAND TOTAL |       27055 |       16750 |          16660 |           22354 |
+-------------+-------------+-------------+----------------+-----------------+
4 rows in set, 1 warning (0.11 sec)

+-------------+-----------------------+-------------+-------------+----------------+-----------------+
| network     | services              | activecount | allaccounts | uniqueaccounts | uniquecontracts |
+-------------+-----------------------+-------------+-------------+----------------+-----------------+
| ADDON       | OTT Only              |           1 |           1 |              1 |               1 |
| ADDON       | TV & OTT              |           6 |           2 |              2 |               2 |
| ADDON       | TV Only               |           6 |           6 |              6 |               6 |
| ADDON       | Services Total        |          13 |           9 |              9 |               9 |
| GPON        | All                   |         125 |          19 |             19 |              63 |
| GPON        | Internet & Voice      |          68 |          28 |             28 |              58 |
| GPON        | Internet Only         |        1054 |         973 |            973 |             995 |
| GPON        | TV & Internet         |        3269 |        1396 |           1396 |            2869 |
| GPON        | TV & Internet & OTT   |        1410 |         374 |            374 |             773 |
| GPON        | TV & Internet & Voice |         169 |          48 |             48 |             150 |
| GPON        | TV & OTT              |          70 |          21 |             21 |              22 |
| GPON        | TV & Voice            |          41 |          18 |             18 |              36 |
| GPON        | TV & Voice & OTT      |           3 |           1 |              1 |               2 |
| GPON        | TV Only               |        1725 |        1144 |           1144 |            1197 |
| GPON        | Voice Only            |          10 |          10 |             10 |              10 |
| GPON        | Services Total        |        7944 |        4032 |           4029 |            6175 |
| HFC         | All                   |         117 |          21 |             21 |              68 |
| HFC         | Internet & Voice      |         341 |         158 |            158 |             305 |
| HFC         | Internet Only         |        3087 |        3069 |           3069 |            3083 |
| HFC         | TV & Internet         |        5447 |        2463 |           2463 |            4997 |
| HFC         | TV & Internet & OTT   |        1190 |         325 |            325 |             664 |
| HFC         | TV & Internet & Voice |         312 |          93 |             93 |             283 |
| HFC         | TV & OTT              |         263 |          41 |             41 |              57 |
| HFC         | TV & Voice            |          56 |          26 |             26 |              52 |
| HFC         | TV Only               |        8141 |        6370 |           6370 |            6517 |
| HFC         | Voice Only            |         144 |         143 |            143 |             144 |
| HFC         | Services Total        |       19098 |       12709 |          12709 |           16170 |
| GRAND TOTAL | Services Total        |       27055 |       16750 |          16660 |           22354 |
+-------------+-----------------------+-------------+-------------+----------------+-----------------+
28 rows in set, 2 warnings (0.13 sec)

Query OK, 0 rows affected (0.00 sec)

Query OK, 44 rows affected, 3 warnings (0.18 sec)
Records: 44  Duplicates: 0  Warnings: 3

+-------------+---------------+-----------------------+-------------+-------------+----------------+-----------------+
| region      | network       | services              | activecount | allaccounts | uniqueaccounts | uniquecontracts |
+-------------+---------------+-----------------------+-------------+-------------+----------------+-----------------+
| Mahe        | ADDON         | OTT Only              |           1 |           1 |              1 |               1 |
| Mahe        | ADDON         | TV & OTT              |           6 |           2 |              2 |               2 |
| Mahe        | ADDON         | TV Only               |           2 |           2 |              2 |               2 |
| Mahe        | ADDON         | Services Total        |           9 |           5 |              5 |               5 |
| Mahe        | GPON          | All                   |         112 |          17 |             17 |              57 |
| Mahe        | GPON          | Internet & Voice      |          54 |          21 |             21 |              44 |
| Mahe        | GPON          | Internet Only         |         830 |         749 |            749 |             771 |
| Mahe        | GPON          | TV & Internet         |        2414 |        1023 |           1023 |            2096 |
| Mahe        | GPON          | TV & Internet & OTT   |        1003 |         257 |            257 |             528 |
| Mahe        | GPON          | TV & Internet & Voice |         144 |          41 |             41 |             126 |
| Mahe        | GPON          | TV & OTT              |          59 |          16 |             16 |              17 |
| Mahe        | GPON          | TV & Voice            |          41 |          18 |             18 |              36 |
| Mahe        | GPON          | TV & Voice & OTT      |           3 |           1 |              1 |               2 |
| Mahe        | GPON          | TV Only               |        1353 |         880 |            880 |             919 |
| Mahe        | GPON          | Voice Only            |          10 |          10 |             10 |              10 |
| Mahe        | GPON          | Services Total        |        6023 |        3033 |           3033 |            4606 |
| Mahe        | HFC           | All                   |         117 |          21 |             21 |              68 |
| Mahe        | HFC           | Internet & Voice      |         341 |         158 |            158 |             305 |
| Mahe        | HFC           | Internet Only         |        3086 |        3068 |           3068 |            3082 |
| Mahe        | HFC           | TV & Internet         |        5447 |        2463 |           2463 |            4997 |
| Mahe        | HFC           | TV & Internet & OTT   |        1190 |         325 |            325 |             664 |
| Mahe        | HFC           | TV & Internet & Voice |         312 |          93 |             93 |             283 |
| Mahe        | HFC           | TV & OTT              |         263 |          41 |             41 |              57 |
| Mahe        | HFC           | TV & Voice            |          56 |          26 |             26 |              52 |
| Mahe        | HFC           | TV Only               |        8136 |        6367 |           6367 |            6514 |
| Mahe        | HFC           | Voice Only            |         144 |         143 |            143 |             144 |
| Mahe        | HFC           | Services Total        |       19092 |       12705 |          12705 |           16166 |
| Mahe        | Network Total | Services Total        |       25124 |       15743 |          15659 |           20777 |
| Praslin     | ADDON         | TV Only               |           4 |           4 |              4 |               4 |
| Praslin     | ADDON         | Services Total        |           4 |           4 |              4 |               4 |
| Praslin     | GPON          | All                   |          13 |           2 |              2 |               6 |
| Praslin     | GPON          | Internet & Voice      |          14 |           7 |              7 |              14 |
| Praslin     | GPON          | Internet Only         |         224 |         224 |            224 |             224 |
| Praslin     | GPON          | TV & Internet         |         855 |         373 |            373 |             773 |
| Praslin     | GPON          | TV & Internet & OTT   |         407 |         117 |            117 |             245 |
| Praslin     | GPON          | TV & Internet & Voice |          25 |           7 |              7 |              24 |
| Praslin     | GPON          | TV & OTT              |          11 |           5 |              5 |               5 |
| Praslin     | GPON          | TV Only               |         372 |         264 |            264 |             278 |
| Praslin     | GPON          | Services Total        |        1921 |         999 |            999 |            1569 |
| Praslin     | HFC           | Internet Only         |           1 |           1 |              1 |               1 |
| Praslin     | HFC           | TV Only               |           5 |           3 |              3 |               3 |
| Praslin     | HFC           | Services Total        |           6 |           4 |              4 |               4 |
| Praslin     | Network Total | Services Total        |        1931 |        1007 |           1004 |            1577 |
| GRAND TOTAL | Network Total | Services Total        |       27055 |       16750 |          16660 |           22354 |
+-------------+---------------+-----------------------+-------------+-------------+----------------+-----------------+
44 rows in set (0.00 sec)

Query OK, 0 rows affected (0.00 sec)

Query OK, 26301 rows affected (0.47 sec)
Records: 26301  Duplicates: 0  Warnings: 0

Query OK, 0 rows affected (0.00 sec)

Query OK, 1981 rows affected (8.27 sec)
Records: 1981  Duplicates: 0  Warnings: 0

+--------------------------------------+
| message                              |
+--------------------------------------+
| running rcbill_my.sp_ActiveNumber2() |
+--------------------------------------+
1 row in set (0.00 sec)

Query OK, 365 rows affected (2 min 35.67 sec)

mysql> mysql \. C:\workspace\cloud\code\sql\_DailyScript\currenttime.sql
+---------------------+
| currenttime         |
+---------------------+
| 2020-01-20 07:50:06 |
+---------------------+
1 row in set (0.00 sec)

mysql> 
mysql> mysql \. C:\workspace\cloud\code\sql\_DailyScript\GetActiveNumbers Average -Pivot.sql
Database changed
+-------------------------------------+
| @today := subdate(current_date(),1) |
+-------------------------------------+
| 2020-01-19                          |
+-------------------------------------+
1 row in set (0.00 sec)

+-------------------------------------+
| @lastdayofmonth := last_day(@today) |
+-------------------------------------+
| 2020-01-31                          |
+-------------------------------------+
1 row in set (0.00 sec)

Query OK, 0 rows affected (0.03 sec)

Query OK, 35805 rows affected, 65535 warnings (54.27 sec)
Records: 35805  Duplicates: 0  Warnings: 74048

Query OK, 0 rows affected (0.08 sec)
Records: 0  Duplicates: 0  Warnings: 0

Query OK, 0 rows affected (0.11 sec)
Records: 0  Duplicates: 0  Warnings: 0

Query OK, 0 rows affected (0.09 sec)
Records: 0  Duplicates: 0  Warnings: 0

+-----------------+
| activenumberavg |
+-----------------+
|           35805 |
+-----------------+
1 row in set (0.01 sec)

Query OK, 0 rows affected (0.03 sec)

Query OK, 1821 rows affected (0.41 sec)
Records: 1821  Duplicates: 0  Warnings: 0

+---------------------+
| rep_activenumberavg |
+---------------------+
|                1821 |
+---------------------+
1 row in set (0.00 sec)

+----------------------+
| rep_activenumberavg1 |
+----------------------+
|                  861 |
+----------------------+
1 row in set (0.00 sec)

Query OK, 0 rows affected (0.00 sec)

Query OK, 1839 rows affected (0.36 sec)
Records: 1839  Duplicates: 0  Warnings: 0

Query OK, 0 rows affected (0.08 sec)

Query OK, 9345 rows affected (0.59 sec)
Records: 9345  Duplicates: 0  Warnings: 0

Query OK, 0 rows affected (0.00 sec)

Query OK, 0 rows affected (0.01 sec)

Query OK, 0 rows affected (0.03 sec)

Query OK, 0 rows affected (0.00 sec)

Query OK, 0 rows affected (0.00 sec)
Statement prepared

Query OK, 53 rows affected (0.04 sec)
Records: 53  Duplicates: 0  Warnings: 0

Query OK, 0 rows affected (0.00 sec)

Query OK, 0 rows affected (0.00 sec)

+----------------------+
| rep_activenumberavg2 |
+----------------------+
|                 1839 |
+----------------------+
1 row in set (0.00 sec)

+------------------------+
| rep_activenumberavg_pv |
+------------------------+
|                     53 |
+------------------------+
1 row in set (0.00 sec)

Query OK, 0 rows affected (0.01 sec)

Query OK, 1839 rows affected (0.30 sec)
Records: 1839  Duplicates: 0  Warnings: 0

Query OK, 0 rows affected (0.00 sec)

Query OK, 0 rows affected (0.00 sec)

Query OK, 0 rows affected (0.03 sec)

Query OK, 0 rows affected (0.00 sec)

Query OK, 0 rows affected (0.00 sec)
Statement prepared

Query OK, 53 rows affected (0.03 sec)
Records: 53  Duplicates: 0  Warnings: 0

Query OK, 0 rows affected (0.00 sec)

Query OK, 0 rows affected (0.00 sec)

+-------------------------+
| rep_activenumberavgMahe |
+-------------------------+
|                    1839 |
+-------------------------+
1 row in set (0.00 sec)

+----------------------------+
| rep_activenumberavgMahe_pv |
+----------------------------+
|                         53 |
+----------------------------+
1 row in set (0.00 sec)

Query OK, 0 rows affected (0.00 sec)

Query OK, 1176 rows affected (0.13 sec)
Records: 1176  Duplicates: 0  Warnings: 0

Query OK, 0 rows affected (0.00 sec)

Query OK, 0 rows affected (0.00 sec)

Query OK, 0 rows affected (0.00 sec)

Query OK, 0 rows affected (0.00 sec)

Query OK, 0 rows affected (0.00 sec)
Statement prepared

Query OK, 40 rows affected (0.03 sec)
Records: 40  Duplicates: 0  Warnings: 0

Query OK, 0 rows affected (0.00 sec)

Query OK, 0 rows affected (0.00 sec)

+----------------------------+
| rep_activenumberavgPraslin |
+----------------------------+
|                       1176 |
+----------------------------+
1 row in set (0.00 sec)

+-------------------------------+
| rep_activenumberavgPraslin_pv |
+-------------------------------+
|                            40 |
+-------------------------------+
1 row in set (0.00 sec)

mysql> mysql \. C:\workspace\cloud\code\sql\_DailyScript\currenttime.sql
+---------------------+
| currenttime         |
+---------------------+
| 2020-01-20 07:51:03 |
+---------------------+
1 row in set (0.00 sec)

mysql> 
mysql> mysql \. C:\workspace\cloud\code\sql\_DailyScript\budget_actual_analysis_2020.sql
Query OK, 0 rows affected (0.00 sec)

Query OK, 593 rows affected, 3 warnings (0.11 sec)
Records: 593  Duplicates: 0  Warnings: 3

+--------------------+
| budget_actual_2020 |
+--------------------+
|                593 |
+--------------------+
1 row in set (0.00 sec)

Query OK, 0 rows affected (0.01 sec)

Query OK, 47 rows affected (0.03 sec)
Records: 47  Duplicates: 0  Warnings: 0

+---------------------------+
| rep_budget_actual_2020_pv |
+---------------------------+
|                        47 |
+---------------------------+
1 row in set (0.00 sec)

mysql> mysql \. C:\workspace\cloud\code\sql\_DailyScript\currenttime.sql
+---------------------+
| currenttime         |
+---------------------+
| 2020-01-20 07:51:03 |
+---------------------+
1 row in set (0.00 sec)

mysql> 
mysql> mysql \. C:\workspace\cloud\code\sql\_DailyScript\reports-sales-addons-prepaid-camera.sql
Database changed
Query OK, 0 rows affected (0.01 sec)

Query OK, 3948 rows affected (0.29 sec)
Records: 3948  Duplicates: 0  Warnings: 0

Query OK, 0 rows affected (0.01 sec)

Query OK, 18090 rows affected (33.60 sec)
Records: 18090  Duplicates: 0  Warnings: 0

+--------------------+
| rep_prepaid_camera |
+--------------------+
|               3948 |
+--------------------+
1 row in set (0.01 sec)

+-----------+
| rep_addon |
+-----------+
|     18090 |
+-----------+
1 row in set (0.01 sec)

mysql> mysql \. C:\workspace\cloud\code\sql\_DailyScript\currenttime.sql
+---------------------+
| currenttime         |
+---------------------+
| 2020-01-20 07:51:37 |
+---------------------+
1 row in set (0.00 sec)

mysql> 
mysql> mysql \. C:\workspace\cloud\code\sql\_DailyScript\housing-estate-analysis.sql
Database changed
Query OK, 0 rows affected (0.02 sec)

Query OK, 3022 rows affected (1 min 45.25 sec)
Records: 3022  Duplicates: 0  Warnings: 0

+--------------------+
| rep_housingestates |
+--------------------+
|               3022 |
+--------------------+
1 row in set (0.00 sec)

mysql> mysql \. C:\workspace\cloud\code\sql\_DailyScript\currenttime.sql
+---------------------+
| currenttime         |
+---------------------+
| 2020-01-20 07:53:22 |
+---------------------+
1 row in set (0.00 sec)

mysql> 
mysql> mysql \. C:\workspace\cloud\code\sql\_DailyScript\RCB_ClientAnalyticsReport_Script.sql
Database changed
Query OK, 0 rows affected (0.00 sec)

Query OK, 0 rows affected (0.06 sec)

Query OK, 1810949 rows affected (1 min 22.19 sec)
Records: 1810949  Duplicates: 0  Warnings: 0

Query OK, 0 rows affected (15.00 sec)
Records: 0  Duplicates: 0  Warnings: 0

Query OK, 0 rows affected (8.44 sec)
Records: 0  Duplicates: 0  Warnings: 0

Query OK, 0 rows affected (9.26 sec)
Records: 0  Duplicates: 0  Warnings: 0

Query OK, 0 rows affected (11.40 sec)
Records: 0  Duplicates: 0  Warnings: 0

Query OK, 0 rows affected (10.49 sec)
Records: 0  Duplicates: 0  Warnings: 0

Query OK, 0 rows affected (10.06 sec)
Records: 0  Duplicates: 0  Warnings: 0

Query OK, 0 rows affected (0.00 sec)

Query OK, 464635 rows affected (17.29 sec)
Rows matched: 1810949  Changed: 464635  Warnings: 0

Query OK, 0 rows affected (0.01 sec)

Query OK, 27313 rows affected (3.91 sec)
Records: 27313  Duplicates: 0  Warnings: 0

Query OK, 0 rows affected (0.03 sec)

Query OK, 43068 rows affected (10 min 5.02 sec)
Records: 43068  Duplicates: 0  Warnings: 0

Query OK, 0 rows affected (0.20 sec)
Records: 0  Duplicates: 0  Warnings: 0

Query OK, 0 rows affected (0.14 sec)
Records: 0  Duplicates: 0  Warnings: 0

Query OK, 0 rows affected (0.08 sec)
Records: 0  Duplicates: 0  Warnings: 0

Query OK, 0 rows affected (0.15 sec)

Query OK, 435496 rows affected (12 min 5.85 sec)
Records: 435496  Duplicates: 0  Warnings: 0

Query OK, 0 rows affected (1.55 sec)
Records: 0  Duplicates: 0  Warnings: 0

Query OK, 0 rows affected (1.50 sec)
Records: 0  Duplicates: 0  Warnings: 0

Query OK, 0 rows affected (0.80 sec)
Records: 0  Duplicates: 0  Warnings: 0

Query OK, 0 rows affected (1.97 sec)
Records: 0  Duplicates: 0  Warnings: 0

Query OK, 0 rows affected (1.68 sec)
Records: 0  Duplicates: 0  Warnings: 0

Query OK, 0 rows affected (0.01 sec)

Query OK, 43068 rows affected (1 min 25.77 sec)
Records: 43068  Duplicates: 0  Warnings: 0

+--------------+
| clientreport |
+--------------+
|        43068 |
+--------------+
1 row in set (0.03 sec)

Query OK, 0 rows affected (0.01 sec)

Query OK, 43068 rows affected (5.91 sec)
Records: 43068  Duplicates: 0  Warnings: 0

+----------------------+
| clientextendedreport |
+----------------------+
|                43068 |
+----------------------+
1 row in set (0.01 sec)

Query OK, 0 rows affected (0.09 sec)

Query OK, 43068 rows affected (42.51 sec)
Records: 43068  Duplicates: 0  Warnings: 0

+---------+
| allcust |
+---------+
|   43068 |
+---------+
1 row in set (0.01 sec)

Query OK, 0 rows affected, 1 warning (0.00 sec)

Query OK, 5000 rows affected (0.14 sec)
Records: 5000  Duplicates: 0  Warnings: 0

Query OK, 0 rows affected (0.07 sec)

Query OK, 6877 rows affected (0.32 sec)
Records: 6877  Duplicates: 0  Warnings: 0

Query OK, 0 rows affected, 1 warning (0.00 sec)

Query OK, 5000 rows affected (0.13 sec)
Records: 5000  Duplicates: 0  Warnings: 0

Query OK, 0 rows affected (0.01 sec)

Query OK, 7289 rows affected (0.18 sec)
Records: 7289  Duplicates: 0  Warnings: 0

mysql> mysql \. C:\workspace\cloud\code\sql\_DailyScript\currenttime.sql
+---------------------+
| currenttime         |
+---------------------+
| 2020-01-20 08:20:45 |
+---------------------+
1 row in set (0.00 sec)

mysql> 
mysql> 
mysql> mysql \. C:\workspace\cloud\code\sql\_DailyScript\REVENUE_PER_NODE_MXK.sql
Query OK, 0 rows affected (0.01 sec)

Query OK, 0 rows affected (0.01 sec)

Query OK, 0 rows affected (0.00 sec)

Query OK, 5493 rows affected (2.83 sec)
Records: 5493  Duplicates: 0  Warnings: 0

+----------------------+
| message              |
+----------------------+
| created temp table a |
+----------------------+
1 row in set (0.00 sec)

Query OK, 5843 rows affected (1.83 sec)
Records: 5843  Duplicates: 0  Warnings: 0

+----------------------+
| message              |
+----------------------+
| created temp table b |
+----------------------+
1 row in set (0.00 sec)

Query OK, 0 rows affected, 1 warning (0.00 sec)

Query OK, 5783 rows affected (10.65 sec)
Records: 5783  Duplicates: 0  Warnings: 0

+--------------------------------+
| message                        |
+--------------------------------+
| created rcbill_my.tempcustmxk1 |
+--------------------------------+
1 row in set (0.00 sec)

Query OK, 0 rows affected (0.00 sec)

Query OK, 0 rows affected (0.00 sec)

Query OK, 0 rows affected, 1 warning (0.00 sec)

Query OK, 5493 rows affected (1.16 sec)
Records: 5493  Duplicates: 0  Warnings: 0

+----------------+
| message        |
+----------------+
| created temp a |
+----------------+
1 row in set (0.00 sec)

Query OK, 5843 rows affected (0.57 sec)
Records: 5843  Duplicates: 0  Warnings: 0

+----------------+
| message        |
+----------------+
| created temp b |
+----------------+
1 row in set (0.00 sec)

Query OK, 0 rows affected, 1 warning (0.00 sec)

Query OK, 5935 rows affected (7.08 sec)
Records: 5935  Duplicates: 0  Warnings: 0

+--------------------------------+
| message                        |
+--------------------------------+
| created rcbill_my.tempcustmxk2 |
+--------------------------------+
1 row in set (0.00 sec)

Query OK, 0 rows affected (0.00 sec)

Query OK, 0 rows affected (0.00 sec)

Query OK, 0 rows affected, 1 warning (0.00 sec)

Query OK, 0 rows affected (0.00 sec)

Query OK, 6481 rows affected (0.29 sec)
Records: 6481  Duplicates: 0  Warnings: 0

+---------------------------------+
| message                         |
+---------------------------------+
| created rcbill_my.customers_mxk |
+---------------------------------+
1 row in set (0.00 sec)

Query OK, 0 rows affected (0.00 sec)

Query OK, 0 rows affected (0.00 sec)

Query OK, 13940 rows affected (5.35 sec)
Records: 13940  Duplicates: 0  Warnings: 0

+----------------+
| message        |
+----------------+
| created temp a |
+----------------+
1 row in set (0.00 sec)

Query OK, 19661 rows affected (2.78 sec)
Records: 19661  Duplicates: 0  Warnings: 0

+----------------+
| message        |
+----------------+
| created temp c |
+----------------+
1 row in set (0.00 sec)

Query OK, 0 rows affected, 1 warning (0.00 sec)

Query OK, 27407 rows affected (0.28 sec)
Records: 27407  Duplicates: 0  Warnings: 0

+---------------------------------+
| message                         |
+---------------------------------+
| created rcbill_my.tempcustcmts1 |
+---------------------------------+
1 row in set (0.00 sec)

Query OK, 0 rows affected (0.00 sec)

Query OK, 0 rows affected, 1 warning (0.00 sec)

Query OK, 0 rows affected (0.01 sec)

Query OK, 13940 rows affected (5.26 sec)
Records: 13940  Duplicates: 0  Warnings: 0

+----------------+
| message        |
+----------------+
| created temp a |
+----------------+
1 row in set (0.00 sec)

Query OK, 19661 rows affected (1.20 sec)
Records: 19661  Duplicates: 0  Warnings: 0

+----------------+
| message        |
+----------------+
| created temp c |
+----------------+
1 row in set (0.00 sec)

Query OK, 0 rows affected, 1 warning (0.00 sec)

Query OK, 20506 rows affected (0.24 sec)
Records: 20506  Duplicates: 0  Warnings: 0

+---------------------------------+
| message                         |
+---------------------------------+
| created rcbill_my.tempcustcmts2 |
+---------------------------------+
1 row in set (0.00 sec)

Query OK, 0 rows affected (0.01 sec)

Query OK, 0 rows affected, 1 warning (0.00 sec)

Query OK, 0 rows affected (0.01 sec)

Query OK, 0 rows affected (0.03 sec)

Query OK, 13994 rows affected (0.90 sec)
Records: 13994  Duplicates: 0  Warnings: 0

+----------------------------------+
| message                          |
+----------------------------------+
| created rcbill_my.customers_cmts |
+----------------------------------+
1 row in set (0.00 sec)

Query OK, 0 rows affected (0.01 sec)

Query OK, 0 rows affected (0.00 sec)

Query OK, 0 rows affected (0.02 sec)

Query OK, 17776 rows affected (0.82 sec)
Records: 17776  Duplicates: 0  Warnings: 0

+--------------------------------------+
| message                              |
+--------------------------------------+
| created rcbill_my.customers_cmts_mxk |
+--------------------------------------+
1 row in set (0.00 sec)

Query OK, 460564 rows affected (1 min 6.65 sec)
Records: 460564  Duplicates: 0  Warnings: 0

+----------------+
| message        |
+----------------+
| created temp a |
+----------------+
1 row in set (0.00 sec)

Query OK, 0 rows affected (0.01 sec)

Query OK, 461248 rows affected (15.65 sec)
Records: 461248  Duplicates: 0  Warnings: 0

+------------------------------------------------+
| message                                        |
+------------------------------------------------+
| created rcbill_my.customers_contracts_cmts_mxk |
+------------------------------------------------+
1 row in set (0.00 sec)

Query OK, 0 rows affected (0.01 sec)

Query OK, 0 rows affected, 1 warning (0.00 sec)

Query OK, 0 rows affected, 1 warning (0.00 sec)

Query OK, 0 rows affected (0.00 sec)

Query OK, 7962 rows affected (3.73 sec)
Rows matched: 7962  Changed: 7962  Warnings: 0

+------------------------------------------------+
| message                                        |
+------------------------------------------------+
| updated rcbill_my.customers_contracts_cmts_mxk |
+------------------------------------------------+
1 row in set (0.00 sec)

Query OK, 0 rows affected (0.05 sec)

Query OK, 1786999 rows affected (4 min 23.10 sec)
Records: 1786999  Duplicates: 0  Warnings: 0

+----------------------------------------+
| message                                |
+----------------------------------------+
| created rcbill_my.customers_collection |
+----------------------------------------+
1 row in set (0.00 sec)

Query OK, 0 rows affected (0.03 sec)

Query OK, 2059826 rows affected (2 min 6.88 sec)
Records: 2059826  Duplicates: 0  Warnings: 0

+------------------------------------------------+
| message                                        |
+------------------------------------------------+
| created rcbill_my.customers_cmts_mxk_cont_coll |
+------------------------------------------------+
1 row in set (0.00 sec)

Query OK, 0 rows affected (0.02 sec)

Query OK, 422194 rows affected (2 min 36.03 sec)
Records: 422194  Duplicates: 0  Warnings: 0

+--------------------------------------------------------+
| message                                                |
+--------------------------------------------------------+
| created rcbill_my.customers_contracts_collection_pivot |
+--------------------------------------------------------+
1 row in set (0.00 sec)

Query OK, 0 rows affected (0.07 sec)

Query OK, 39136 rows affected (2 min 25.97 sec)
Records: 39136  Duplicates: 0  Warnings: 0

+----------------------------------------------+
| message                                      |
+----------------------------------------------+
| created rcbill_my.customers_collection_pivot |
+----------------------------------------------+
1 row in set (0.00 sec)

Query OK, 0 rows affected (0.23 sec)

Query OK, 43068 rows affected (4.38 sec)
Records: 43068  Duplicates: 0  Warnings: 0

+--------------------------------------------+
| message                                    |
+--------------------------------------------+
| created rcbill_my.rep_customers_collection |
+--------------------------------------------+
1 row in set (0.00 sec)

Query OK, 0 rows affected (0.00 sec)

Query OK, 0 rows affected, 1 warning (0.00 sec)

Query OK, 429276 rows affected (27.34 sec)
Records: 429276  Duplicates: 0  Warnings: 0

+-------------------------+
| message                 |
+-------------------------+
| created rcbill_my.tempa |
+-------------------------+
1 row in set (0.00 sec)

Query OK, 0 rows affected, 1 warning (0.00 sec)

Query OK, 422194 rows affected (53.34 sec)
Records: 422194  Duplicates: 0  Warnings: 0

+-------------------------+
| message                 |
+-------------------------+
| created rcbill_my.tempb |
+-------------------------+
1 row in set (0.00 sec)

Query OK, 429276 rows affected (40.89 sec)
Records: 429276  Duplicates: 0  Warnings: 0

+-----------+
| message   |
+-----------+
| created a |
+-----------+
1 row in set (0.00 sec)

Query OK, 422207 rows affected (37.23 sec)
Records: 422207  Duplicates: 0  Warnings: 0

+-----------+
| message   |
+-----------+
| created b |
+-----------+
1 row in set (0.00 sec)

Query OK, 0 rows affected (0.01 sec)

Query OK, 0 rows affected (0.02 sec)

Query OK, 0 rows affected (0.03 sec)

Query OK, 465575 rows affected (51.87 sec)
Records: 465575  Duplicates: 0  Warnings: 0

+----------------------------------------------+
| message                                      |
+----------------------------------------------+
| created rcbill_my.cust_cont_payment_cmts_mxk |
+----------------------------------------------+
1 row in set (0.00 sec)

Query OK, 0 rows affected (0.02 sec)

Query OK, 0 rows affected (0.01 sec)

Query OK, 0 rows affected, 1 warning (0.00 sec)

Query OK, 0 rows affected (0.02 sec)

Query OK, 43068 rows affected (20.12 sec)
Records: 43068  Duplicates: 0  Warnings: 0

+--------------------------------------------------+
| message                                          |
+--------------------------------------------------+
| created rcbill_my.rep_cust_cont_payment_cmts_mxk |
+--------------------------------------------------+
1 row in set (0.00 sec)

Query OK, 0 rows affected, 1 warning (0.00 sec)

Query OK, 0 rows affected, 1 warning (0.00 sec)

Query OK, 0 rows affected (0.01 sec)

Query OK, 43068 rows affected, 5 warnings (10.63 sec)
Records: 43068  Duplicates: 0  Warnings: 5

+----------------------+
| rep_custconsolidated |
+----------------------+
|                43068 |
+----------------------+
1 row in set (0.90 sec)

Query OK, 0 rows affected (0.00 sec)

Query OK, 0 rows affected (0.01 sec)

+----------------------------------------------+
| message                                      |
+----------------------------------------------+
| creating rcbill_my.retentioncustomeractivity |
+----------------------------------------------+
1 row in set (0.00 sec)

Query OK, 857 rows affected (0.09 sec)
Records: 857  Duplicates: 0  Warnings: 0

+---------------------------+
| retentioncustomeractivity |
+---------------------------+
|                       857 |
+---------------------------+
1 row in set (0.00 sec)

+-----------+------------------------------------+------------+-------------+-----------------+------------------+---------------------+-------------------+
| HFC_NODE  | NODENAME                           | CMTS_DATE  | INSERTED_ON | UNIQUE_ACCOUNTS | UNIQUE_CONTRACTS | UNIQUE_MAC_INRCBOSS | UNIQUE_MAC_INCMTS |
+-----------+------------------------------------+------------+-------------+-----------------+------------------+---------------------+-------------------+
| NULL      | NULL                               | NULL       | 2020-01-20  |            6519 |             6849 |                6879 |                 0 |
| C5/0/0/U0 | ANSE-BOILEAU-2                     | 2020-01-06 | 2020-01-20  |             171 |              178 |                 171 |               171 |
| C5/0/0/U1 | 500-C3-ANSE-BOILEAU                | 2020-01-06 | 2020-01-20  |             179 |              181 |                 179 |               179 |
| C5/0/1/U0 | 501-C4-LA-MISIERE-LEFT-I           | 2020-01-06 | 2020-01-20  |             147 |              154 |                 147 |               150 |
| C5/0/1/U1 | 501-C5-LA-MISIERE-RIGHT            | 2020-01-06 | 2020-01-20  |              99 |              102 |                  99 |               100 |
| C5/0/1/U2 | 501-C7-LA-MISIERE-LEFT-II          | 2020-01-06 | 2020-01-20  |             146 |              153 |                 147 |               147 |
| C5/0/2/U0 | 502-C8-LA-LOUISE                   | 2020-01-06 | 2020-01-20  |             139 |              143 |                 139 |               143 |
| C5/0/2/U1 | LA-LOUISE-2                        | 2020-01-06 | 2020-01-20  |             132 |              132 |                 132 |               132 |
| C5/0/3/U0 | 504-C6-PETIT-PARIS                 | 2020-01-06 | 2020-01-20  |             158 |              162 |                 158 |               159 |
| C5/0/3/U1 | PETIT-PARIS-23                     | 2020-01-06 | 2020-01-20  |              77 |               80 |                  77 |                77 |
| C5/0/4/U0 | FOUR-SEASONS                       | 2020-01-06 | 2020-01-20  |               3 |                4 |                   4 |                 4 |
| C5/0/4/U1 | ANCHOR-CAFE-I                      | 2020-01-06 | 2020-01-20  |             147 |              150 |                 147 |               149 |
| C5/0/4/U2 | ANCHOR-CAFE-II                     | 2020-01-06 | 2020-01-20  |             142 |              146 |                 143 |               144 |
| C5/1/0/U0 | POINTE-LARUE-AIRPORT-23            | 2020-01-06 | 2020-01-20  |              52 |               55 |                  53 |                56 |
| C5/1/0/U1 | PPROVIDENCE-23                     | 2020-01-06 | 2020-01-20  |              21 |               24 |                  22 |                22 |
| C5/1/0/U2 | ROSHE-CAIMAN-23                    | 2020-01-06 | 2020-01-20  |               8 |                8 |                   8 |                 8 |
| C5/1/0/U3 | HEAD-OFFICE | HO-23                | 2020-01-06 | 2020-01-20  |              20 |               20 |                  20 |                20 |
| C5/1/1/U1 | C5-UNION-VALE                      | 2020-01-06 | 2020-01-20  |             186 |              192 |                 186 |               186 |
| C5/1/3/U0 | POINTE-LARUE-AIRPORT-27            | 2020-01-06 | 2020-01-20  |             170 |              175 |                 170 |               173 |
| C5/1/3/U1 | PPROVIDENCE-27                     | 2020-01-06 | 2020-01-20  |              27 |               27 |                  27 |                27 |
| C5/1/3/U2 | ROSHE-CAIMAN-27                    | 2020-01-06 | 2020-01-20  |              33 |               34 |                  32 |                32 |
| C5/1/3/U3 | HEAD-OFFICE | HO-27                | 2020-01-06 | 2020-01-20  |              18 |               19 |                  18 |                18 |
| C5/1/4/U0 | ANSE-ROYALE-27                     | 2020-01-06 | 2020-01-20  |              86 |               89 |                  86 |                87 |
| C5/1/4/U1 | GLACIS-2-57                        | 2020-01-06 | 2020-01-20  |              94 |               97 |                  94 |                95 |
| C5/1/4/U2 | NULL                               | 2020-01-06 | 2020-01-20  |              93 |               94 |                  93 |                93 |
| C5/1/4/U3 | GLACIS-1                           | 2020-01-06 | 2020-01-20  |              47 |               52 |                  47 |                48 |
| C6/0/1/U0 | SERRET-ROAD-RIGHT/CURIO/PASCAL     | 2020-01-06 | 2020-01-20  |             122 |              124 |                 122 |               122 |
| C6/0/1/U1 | SERRET-ROAD-LEFT/ST.LOUIS/TOWN     | 2020-01-06 | 2020-01-20  |             132 |              137 |                 132 |               134 |
| C6/0/1/U2 | SERRET-ROAD-RIGHT/CURIO/PASCAL-2   | 2020-01-06 | 2020-01-20  |             113 |              114 |                 113 |               113 |
| C6/0/1/U3 | SERRET-ROAD-LEFT/ST.LOUIS/TOWN-2   | 2020-01-06 | 2020-01-20  |             128 |              131 |                 128 |               128 |
| C6/0/2/U0 | SANS-SOUCIS-I                      | 2020-01-06 | 2020-01-20  |              84 |               87 |                  84 |                87 |
| C6/0/2/U1 | SANS-SOUCIS-II                     | 2020-01-06 | 2020-01-20  |             134 |              139 |                 134 |               136 |
| C6/0/2/U2 | BEL-AIR-27                         | 2020-01-06 | 2020-01-20  |              97 |               99 |                  97 |               101 |
| C6/0/2/U3 | BEL-AIR-38                         | 2020-01-06 | 2020-01-20  |             100 |              105 |                 100 |               101 |
| C6/0/3/U0 | LES-MAMELLES-23                    | 2020-01-06 | 2020-01-20  |              51 |               51 |                  51 |                51 |
| C6/0/3/U1 | VICTORIA-23                        | 2020-01-06 | 2020-01-20  |              12 |               12 |                  12 |                13 |
| C6/0/4/U0 | LES-MAMELLES-27                    | 2020-01-06 | 2020-01-20  |              87 |               87 |                  87 |                87 |
| C6/0/4/U1 | VICTORIA-27                        | 2020-01-06 | 2020-01-20  |              34 |               36 |                  35 |                37 |
| C7/1/0/U0 | LA-RETRAITE-23                     | 2020-01-06 | 2020-01-20  |             112 |              115 |                 113 |               114 |
| C7/1/0/U1 | TEA-FACTORY-23                     | 2020-01-06 | 2020-01-20  |              26 |               33 |                  28 |                28 |
| C7/1/0/U2 | PAS-23                             | 2020-01-06 | 2020-01-20  |             127 |              130 |                 128 |               128 |
| C7/1/1/U0 | REEF-ESTATE-23                     | 2020-01-06 | 2020-01-20  |              77 |               79 |                  77 |                78 |
| C7/1/1/U1 | BEL-OMBRE-NEW-23                   | 2020-01-06 | 2020-01-20  |               1 |                1 |                   1 |                 2 |
| C7/1/2/U0 | LA-RETRAITE-27                     | 2020-01-06 | 2020-01-20  |              81 |               85 |                  81 |                81 |
| C7/1/2/U1 | TEA-FACTORY-27                     | 2020-01-06 | 2020-01-20  |              22 |               25 |                  23 |                24 |
| C7/1/2/U2 | PAS-27                             | 2020-01-06 | 2020-01-20  |              72 |               75 |                  72 |                74 |
| C7/1/3/U0 | MT-BUXTON-27                       | 2020-01-06 | 2020-01-20  |             156 |              159 |                 156 |               156 |
| C7/1/3/U1 | MT-BUXTON-23                       | 2020-01-06 | 2020-01-20  |              71 |               73 |                  71 |                71 |
| C7/1/4/U0 | REEF-ESTATE-27                     | 2020-01-06 | 2020-01-20  |              79 |               79 |                  79 |                79 |
| C7/1/4/U1 | BEL-OMBRE-NEW-27                   | 2020-01-06 | 2020-01-20  |               4 |                4 |                   4 |                 4 |
| C8/0/0/U0 | POLICE-ACADEMY-1-27 - POINTE LARUE | 2020-01-06 | 2020-01-20  |             182 |              182 |                 182 |               182 |
| C8/0/0/U1 | NULL                               | 2020-01-06 | 2020-01-20  |             115 |              120 |                 116 |               116 |
| C8/0/1/U0 | NULL                               | 2020-01-06 | 2020-01-20  |             183 |              186 |                 182 |               182 |
| C8/0/1/U1 | POLICE-ACADEMY-2-27 - TURTLE BAY   | 2020-01-06 | 2020-01-20  |             141 |              143 |                 142 |               145 |
| C8/0/2/U0 | BEAU-VALLON-LEFT-1-57              | 2020-01-06 | 2020-01-20  |              60 |               62 |                  61 |                62 |
| C8/0/3/U1 | BEAU-VALLON-RIGHT-2-57             | 2020-01-06 | 2020-01-20  |             149 |              156 |                 149 |               150 |
| C8/1/0/U0 | MA-JOIE-NODE-27                    | 2020-01-06 | 2020-01-20  |             111 |              115 |                 110 |               110 |
| C8/1/0/U1 | BELONIE-27                         | 2020-01-06 | 2020-01-20  |             151 |              154 |                 150 |               150 |
| C8/1/0/U3 | MA-JOIE-NODE-23                    | 2020-01-06 | 2020-01-20  |             107 |              107 |                 107 |               107 |
| C8/1/1/U0 | 611-C1-ROJN I                      | 2020-01-06 | 2020-01-20  |             114 |              115 |                 114 |               115 |
| C8/1/1/U1 | 611-C5-ROJN II                     | 2020-01-06 | 2020-01-20  |             124 |              125 |                 124 |               124 |
| C8/1/2/U0 | 612-C2-ANSE-ETOILE                 | 2020-01-06 | 2020-01-20  |             161 |              166 |                 161 |               161 |
| C8/1/2/U1 | ANSE-ETOILE-U2                     | 2020-01-06 | 2020-01-20  |              69 |               70 |                  69 |                69 |
| C8/1/3/U0 | 613-C3-ANSE-GAULETTE I             | 2020-01-06 | 2020-01-20  |              66 |               73 |                  66 |                66 |
| C8/1/3/U1 | 613-C7-ANSE-GAULETTE II            | 2020-01-06 | 2020-01-20  |              72 |               75 |                  72 |                72 |
| C8/1/3/U2 | 613-C3-ANSE-GAULETTE III           | 2020-01-06 | 2020-01-20  |              31 |               33 |                  31 |                31 |
| C8/1/3/U3 | TAKAMAKA I                         | 2020-01-06 | 2020-01-20  |             105 |              108 |                 105 |               105 |
| C8/1/3/U4 | TAKAMAKA II                        | 2020-01-06 | 2020-01-20  |              96 |               97 |                  96 |                96 |
| C8/1/4/U0 | 614-BEOLIERE-NODE-1                | 2020-01-06 | 2020-01-20  |             109 |              112 |                 109 |               112 |
| C8/1/4/U1 | 614-BEOLIERE-NODE-2                | 2020-01-06 | 2020-01-20  |              99 |              102 |                  99 |               102 |
+-----------+------------------------------------+------------+-------------+-----------------+------------------+---------------------+-------------------+
70 rows in set (0.28 sec)

+------------------+------------+-------------+-----------------+------------------+----------------------+-------------------+
| MXK_NAME         | MXK_DATE   | INSERTED_ON | UNIQUE_ACCOUNTS | UNIQUE_CONTRACTS | UNIQUE_FSAN_INRCBOSS | UNIQUE_FSAN_INMXK |
+------------------+------------+-------------+-----------------+------------------+----------------------+-------------------+
| NULL             | NULL       | 2020-01-20  |             535 |              543 |                  532 |                 0 |
| MXK-ANSEETOILE   | 2020-01-06 | 2020-01-20  |             212 |              215 |                  215 |               228 |
| MXK-ANSEROYALE   | 2020-01-06 | 2020-01-20  |             147 |              147 |                  147 |               166 |
| MXK-BEAUVALLON   | 2020-01-06 | 2020-01-20  |            1447 |             1467 |                 1459 |              1537 |
| MXK-MAHE         | 2020-01-06 | 2020-01-20  |             927 |              955 |                  888 |              1124 |
| MXK-PERSEVERANCE | 2020-01-06 | 2020-01-20  |            1009 |             1016 |                 1015 |              1159 |
| MXK-PRASLIN      | 2020-01-06 | 2020-01-20  |            1216 |             1220 |                 1212 |              1357 |
+------------------+------------+-------------+-----------------+------------------+----------------------+-------------------+
7 rows in set (0.09 sec)

mysql> mysql \. C:\workspace\cloud\code\sql\_DailyScript\currenttime.sql
+---------------------+
| currenttime         |
+---------------------+
| 2020-01-20 08:38:32 |
+---------------------+
1 row in set (0.00 sec)

mysql> 
mysql> 
mysql> mysql \. C:\workspace\cloud\code\sql\Analysis\service_tickets_assignments.sql
Query OK, 0 rows affected (0.01 sec)

Query OK, 4562 rows affected (4.30 sec)
Records: 4562  Duplicates: 0  Warnings: 0

+-------------------------+
| rep_servicetickets_2020 |
+-------------------------+
|                    4562 |
+-------------------------+
1 row in set (0.01 sec)

mysql> mysql \. C:\workspace\cloud\code\sql\_DailyScript\currenttime.sql
+---------------------+
| currenttime         |
+---------------------+
| 2020-01-20 08:38:37 |
+---------------------+
1 row in set (0.00 sec)

mysql> 
mysql> 
mysql> exit
