    -> 
    -> mysql \. C:\workspace\cloud\code\sql\_DailyScript\_setdates.sql
Database changed
Query OK, 0 rows affected (0.00 sec)

Query OK, 0 rows affected (0.00 sec)

Query OK, 0 rows affected (0.00 sec)

Query OK, 0 rows affected (0.00 sec)

Query OK, 0 rows affected (0.00 sec)

Query OK, 0 rows affected (0.00 sec)

Query OK, 0 rows affected (0.00 sec)

Query OK, 0 rows affected (0.00 sec)

Query OK, 0 rows affected (0.01 sec)

Query OK, 0 rows affected (0.00 sec)

Query OK, 0 rows affected (0.00 sec)

Query OK, 0 rows affected (0.00 sec)

Query OK, 0 rows affected (0.00 sec)

Query OK, 0 rows affected (0.00 sec)

Query OK, 0 rows affected (0.00 sec)

Query OK, 0 rows affected (0.00 sec)

Query OK, 0 rows affected (0.00 sec)

Query OK, 0 rows affected (0.00 sec)

Query OK, 0 rows affected (0.00 sec)

Query OK, 0 rows affected (0.02 sec)

Query OK, 0 rows affected (0.00 sec)

mysql> mysql \. C:\workspace\cloud\code\sql\_DailyScript\currenttime.sql
+---------------------+
| currenttime         |
+---------------------+
| 2019-05-02 08:04:49 |
+---------------------+
1 row in set (0.00 sec)

mysql> 
mysql> mysql \. C:\workspace\cloud\code\sql\_DailyScript\load_RCB_VODTITLES.sql
Database changed
Query OK, 0 rows affected (0.00 sec)

Query OK, 4363 rows affected (0.22 sec)

Query OK, 4365 rows affected, 4365 warnings (0.18 sec)
Records: 4365  Deleted: 0  Skipped: 0  Warnings: 4365

Query OK, 0 rows affected (0.00 sec)

Query OK, 2 rows affected (0.01 sec)

+-----------+
| VODTITLES |
+-----------+
|      4824 |
+-----------+
1 row in set (0.00 sec)

+-----------+-----------+
| titletype | typecount |
+-----------+-----------+
| E         |      3222 |
| N         |       165 |
| T         |       976 |
| NULL      |      4363 |
+-----------+-----------+
4 rows in set (0.08 sec)

mysql> mysql \. C:\workspace\cloud\code\sql\_DailyScript\currenttime.sql
+---------------------+
| currenttime         |
+---------------------+
| 2019-05-02 08:04:49 |
+---------------------+
1 row in set (0.00 sec)

mysql> 
mysql> mysql \. C:\workspace\cloud\code\sql\_DailyScript\DAILY-SCRIPT-LIVETV-STATS.sql
Database changed
Query OK, 0 rows affected (0.20 sec)

Query OK, 76735 rows affected (1.48 sec)
Records: 76735  Duplicates: 0  Warnings: 0

+------------+------------+----------+--------------+--------------+-----------+-------------+----------+--------+------+------------+---------+---------------+
| Table      | Non_unique | Key_name | Seq_in_index | Column_name  | Collation | Cardinality | Sub_part | Packed | Null | Index_type | Comment | Index_comment |
+------------+------------+----------+--------------+--------------+-----------+-------------+----------+--------+------+------------+---------+---------------+
| templivetv |          1 | idxtv1   |            1 | device       | A         |       72456 |     NULL | NULL   | YES  | BTREE      |         |               |
| templivetv |          1 | idxtv2   |            1 | sessionstart | A         |       72456 |     NULL | NULL   | YES  | BTREE      |         |               |
+------------+------------+----------+--------------+--------------+-----------+-------------+----------+--------+------+------------+---------+---------------+
2 rows in set (0.00 sec)

Query OK, 76013 rows affected (1 min 4.38 sec)
Records: 76013  Duplicates: 0  Warnings: 0

Query OK, 2801 rows affected (2.00 sec)
Records: 2801  Duplicates: 0  Warnings: 0

Query OK, 0 rows affected (0.00 sec)

Query OK, 0 rows affected (0.03 sec)

Query OK, 145 rows affected (0.23 sec)
Records: 145  Duplicates: 0  Warnings: 0

Query OK, 0 rows affected (0.08 sec)

Query OK, 68733 rows affected (13 min 39.56 sec)
Records: 68733  Duplicates: 0  Warnings: 0

+-----------------+
| rep_livetvstats |
+-----------------+
|           68733 |
+-----------------+
1 row in set (0.16 sec)

mysql> mysql \. C:\workspace\cloud\code\sql\_DailyScript\currenttime.sql
+---------------------+
| currenttime         |
+---------------------+
| 2019-05-02 08:19:38 |
+---------------------+
1 row in set (0.00 sec)

mysql> 
mysql> mysql \. C:\workspace\cloud\code\sql\_DailyScript\DAILY-SCRIPT-VODTS-STATS.sql
Database changed
Query OK, 0 rows affected (0.16 sec)

Query OK, 2857 rows affected (58.84 sec)
Records: 2857  Duplicates: 0  Warnings: 0

+---------+------------+----------+--------------+--------------+-----------+-------------+----------+--------+------+------------+---------+---------------+
| Table   | Non_unique | Key_name | Seq_in_index | Column_name  | Collation | Cardinality | Sub_part | Packed | Null | Index_type | Comment | Index_comment |
+---------+------------+----------+--------------+--------------+-----------+-------------+----------+--------+------+------------+---------+---------------+
| tempvod |          1 | idxtvod1 |            1 | device       | A         |        3060 |     NULL | NULL   | YES  | BTREE      |         |               |
| tempvod |          1 | idxtvod2 |            1 | sessionstart | A         |        3060 |     NULL | NULL   | YES  | BTREE      |         |               |
+---------+------------+----------+--------------+--------------+-----------+-------------+----------+--------+------+------------+---------+---------------+
2 rows in set (0.00 sec)

Query OK, 2848 rows affected (6.37 sec)
Records: 2848  Duplicates: 0  Warnings: 0

Query OK, 0 rows affected (0.09 sec)

Query OK, 191463 rows affected (21.06 sec)
Records: 191463  Duplicates: 0  Warnings: 0

+--------------+
| rep_vodstats |
+--------------+
|       191463 |
+--------------+
1 row in set (0.08 sec)

Database changed
Query OK, 0 rows affected (0.13 sec)

Query OK, 13616 rows affected (4 min 49.75 sec)
Records: 13616  Duplicates: 0  Warnings: 0

+--------+------------+----------+--------------+--------------+-----------+-------------+----------+--------+------+------------+---------+---------------+
| Table  | Non_unique | Key_name | Seq_in_index | Column_name  | Collation | Cardinality | Sub_part | Packed | Null | Index_type | Comment | Index_comment |
+--------+------------+----------+--------------+--------------+-----------+-------------+----------+--------+------+------------+---------+---------------+
| tempts |          1 | idxtts1  |            1 | device       | A         |       12246 |     NULL | NULL   | YES  | BTREE      |         |               |
| tempts |          1 | idxtts2  |            1 | sessionstart | A         |       12246 |     NULL | NULL   | YES  | BTREE      |         |               |
+--------+------------+----------+--------------+--------------+-----------+-------------+----------+--------+------+------------+---------+---------------+
2 rows in set (0.00 sec)

Query OK, 13571 rows affected (38.74 sec)
Records: 13571  Duplicates: 0  Warnings: 0

Query OK, 0 rows affected (0.09 sec)

Query OK, 18874 rows affected (4 min 58.05 sec)
Records: 18874  Duplicates: 0  Warnings: 0

+-------------+
| rep_tsstats |
+-------------+
|       18874 |
+-------------+
1 row in set (0.00 sec)

mysql> mysql \. C:\workspace\cloud\code\sql\_DailyScript\currenttime.sql
+---------------------+
| currenttime         |
+---------------------+
| 2019-05-02 08:31:31 |
+---------------------+
1 row in set (0.00 sec)

mysql> 
mysql> mysql \. C:\workspace\cloud\code\sql\_DailyScript\DAILY-SCRIPT-RADIO-STATS.sql
Database changed
Query OK, 0 rows affected (0.19 sec)

Query OK, 141107 rows affected (5.41 sec)
Records: 141107  Duplicates: 0  Warnings: 0

+-----------+------------+----------+--------------+--------------+-----------+-------------+----------+--------+------+------------+---------+---------------+
| Table     | Non_unique | Key_name | Seq_in_index | Column_name  | Collation | Cardinality | Sub_part | Packed | Null | Index_type | Comment | Index_comment |
+-----------+------------+----------+--------------+--------------+-----------+-------------+----------+--------+------+------------+---------+---------------+
| tempradio |          1 | idxtrad1 |            1 | device       | A         |      141382 |     NULL | NULL   | YES  | BTREE      |         |               |
| tempradio |          1 | idxtrad2 |            1 | sessionstart | A         |      141382 |     NULL | NULL   | YES  | BTREE      |         |               |
+-----------+------------+----------+--------------+--------------+-----------+-------------+----------+--------+------+------------+---------+---------------+
2 rows in set (0.00 sec)

Query OK, 413 rows affected (7.23 sec)
Records: 413  Duplicates: 0  Warnings: 0

Query OK, 0 rows affected (0.08 sec)

Query OK, 2608 rows affected (0.28 sec)
Records: 2608  Duplicates: 0  Warnings: 0

+----------------+
| rep_radiostats |
+----------------+
|           2608 |
+----------------+
1 row in set (0.00 sec)

mysql> mysql \. C:\workspace\cloud\code\sql\_DailyScript\currenttime.sql
+---------------------+
| currenttime         |
+---------------------+
| 2019-05-02 08:31:44 |
+---------------------+
1 row in set (0.00 sec)

mysql> 
mysql> mysql \. C:\workspace\cloud\code\sql\_DailyScript\DAILY_SCRIPT_TELEMETRY_PIVOT.sql
Query OK, 0 rows affected (0.05 sec)

Query OK, 146 rows affected (0.20 sec)
Records: 146  Duplicates: 0  Warnings: 0

Query OK, 0 rows affected (0.01 sec)

Query OK, 3637 rows affected (0.86 sec)
Records: 3637  Duplicates: 0  Warnings: 0

Query OK, 0 rows affected (0.08 sec)

Query OK, 6 rows affected (0.08 sec)
Records: 6  Duplicates: 0  Warnings: 0

Query OK, 0 rows affected (0.03 sec)

Query OK, 54 rows affected (0.09 sec)
Records: 54  Duplicates: 0  Warnings: 0

mysql> mysql \. C:\workspace\cloud\code\sql\_DailyScript\currenttime.sql
+---------------------+
| currenttime         |
+---------------------+
| 2019-05-02 08:31:46 |
+---------------------+
1 row in set (0.00 sec)

mysql> 
mysql> mysql \. C:\workspace\cloud\code\sql\_DailyScript\telemetry_livetv_ranking2019.sql
Query OK, 0 rows affected (0.03 sec)

Query OK, 146 rows affected (0.17 sec)
Records: 146  Duplicates: 0  Warnings: 0

mysql> mysql \. C:\workspace\cloud\code\sql\_DailyScript\currenttime.sql
+---------------------+
| currenttime         |
+---------------------+
| 2019-05-02 08:31:46 |
+---------------------+
1 row in set (0.00 sec)

mysql> 
mysql> mysql \. C:\workspace\cloud\code\sql\_DailyScript\telemetry_radio_ranking2019.sql
Query OK, 0 rows affected (0.03 sec)

Query OK, 6 rows affected (0.14 sec)
Records: 6  Duplicates: 0  Warnings: 0

mysql> mysql \. C:\workspace\cloud\code\sql\_DailyScript\currenttime.sql
+---------------------+
| currenttime         |
+---------------------+
| 2019-05-02 08:31:46 |
+---------------------+
1 row in set (0.02 sec)

mysql> 
mysql> mysql \. C:\workspace\cloud\code\sql\_DailyScript\telemetry_ts_ranking2019.sql
Query OK, 0 rows affected (0.02 sec)

Query OK, 54 rows affected (0.02 sec)
Records: 54  Duplicates: 0  Warnings: 0

mysql> mysql \. C:\workspace\cloud\code\sql\_DailyScript\currenttime.sql
+---------------------+
| currenttime         |
+---------------------+
| 2019-05-02 08:31:46 |
+---------------------+
1 row in set (0.00 sec)

mysql> 
mysql> mysql \. C:\workspace\cloud\code\sql\_DailyScript\telemetry_vod_ranking2019.sql
Query OK, 0 rows affected (0.02 sec)

Query OK, 3637 rows affected (0.19 sec)
Records: 3637  Duplicates: 0  Warnings: 0

mysql> mysql \. C:\workspace\cloud\code\sql\_DailyScript\currenttime.sql
+---------------------+
| currenttime         |
+---------------------+
| 2019-05-02 08:31:46 |
+---------------------+
1 row in set (0.00 sec)

mysql> 
mysql> mysql \. C:\workspace\cloud\code\sql\_DailyScript\telemetry_vod_ranking2019_1.sql
Query OK, 0 rows affected (0.08 sec)

Query OK, 3637 rows affected (0.13 sec)
Records: 3637  Duplicates: 0  Warnings: 0

mysql> mysql \. C:\workspace\cloud\code\sql\_DailyScript\currenttime.sql
+---------------------+
| currenttime         |
+---------------------+
| 2019-05-02 08:31:47 |
+---------------------+
1 row in set (0.00 sec)

mysql> 
mysql> mysql \. C:\workspace\cloud\code\sql\_DailyScript\telemetry_vod_ranking2019_2.sql
Query OK, 0 rows affected (0.08 sec)

Query OK, 3637 rows affected (0.11 sec)
Records: 3637  Duplicates: 0  Warnings: 0

mysql> mysql \. C:\workspace\cloud\code\sql\_DailyScript\currenttime.sql
+---------------------+
| currenttime         |
+---------------------+
| 2019-05-02 08:31:47 |
+---------------------+
1 row in set (0.00 sec)

mysql> 
mysql> mysql \. C:\workspace\cloud\code\sql\_DailyScript\DAILY-SCRIPT-CREATE-LOAD.sql
Database changed
Database changed
Query OK, 0 rows affected (0.33 sec)

Query OK, 0 rows affected (0.06 sec)

Database changed
Query OK, 65183 rows affected (2.65 sec)
Records: 65183  Deleted: 0  Skipped: 0  Warnings: 0

Query OK, 0 rows affected (0.20 sec)
Records: 0  Duplicates: 0  Warnings: 0

Query OK, 0 rows affected (0.28 sec)
Records: 0  Duplicates: 0  Warnings: 0

Query OK, 0 rows affected (0.31 sec)
Records: 0  Duplicates: 0  Warnings: 0

Query OK, 0 rows affected (0.47 sec)
Records: 0  Duplicates: 0  Warnings: 0

+---------+
| clients |
+---------+
|   65183 |
+---------+
1 row in set (0.03 sec)

Query OK, 0 rows affected (0.02 sec)

Query OK, 1783 rows affected (0.47 sec)
Records: 1783  Duplicates: 0  Warnings: 0

+-------------------+
| rcb_clientparcels |
+-------------------+
|              1783 |
+-------------------+
1 row in set (0.00 sec)

Query OK, 0 rows affected (0.27 sec)

Query OK, 84435 rows affected (4.22 sec)
Records: 84435  Duplicates: 0  Warnings: 0

Query OK, 0 rows affected (0.39 sec)
Records: 0  Duplicates: 0  Warnings: 0

Query OK, 0 rows affected (0.20 sec)

Query OK, 65183 rows affected (3.39 sec)
Records: 65183  Duplicates: 0  Warnings: 0

Query OK, 0 rows affected (0.27 sec)
Records: 0  Duplicates: 0  Warnings: 0

Query OK, 0 rows affected (0.31 sec)
Records: 0  Duplicates: 0  Warnings: 0

Query OK, 0 rows affected (0.20 sec)
Records: 0  Duplicates: 0  Warnings: 0

+---------------+
| clientaddress |
+---------------+
|         65183 |
+---------------+
1 row in set (0.03 sec)

Database changed
Query OK, 0 rows affected (0.16 sec)

Query OK, 0 rows affected (0.05 sec)

Database changed
Query OK, 473535 rows affected, 65535 warnings (16.48 sec)
Records: 473535  Deleted: 0  Skipped: 0  Warnings: 183366

Query OK, 0 rows affected (8.22 sec)
Records: 0  Duplicates: 0  Warnings: 0

Query OK, 0 rows affected (3.44 sec)
Records: 0  Duplicates: 0  Warnings: 0

Query OK, 0 rows affected (2.31 sec)
Records: 0  Duplicates: 0  Warnings: 0

Query OK, 0 rows affected (0.30 sec)

Query OK, 473535 rows affected (55.02 sec)
Records: 473535  Duplicates: 0  Warnings: 0

Query OK, 0 rows affected (2.25 sec)
Records: 0  Duplicates: 0  Warnings: 0

Query OK, 0 rows affected (1.78 sec)
Records: 0  Duplicates: 0  Warnings: 0

+-----------+
| contracts |
+-----------+
|    473535 |
+-----------+
1 row in set (0.20 sec)

+-----------------+
| contractaddress |
+-----------------+
|          473535 |
+-----------------+
1 row in set (0.17 sec)

Database changed
Query OK, 0 rows affected (0.02 sec)

Query OK, 0 rows affected (0.11 sec)

Query OK, 6549 rows affected (0.14 sec)
Records: 6549  Deleted: 0  Skipped: 0  Warnings: 0

Query OK, 0 rows affected (0.08 sec)

Query OK, 6518 rows affected (2.56 sec)
Records: 6518  Duplicates: 0  Warnings: 0

Query OK, 0 rows affected (0.08 sec)
Records: 0  Duplicates: 0  Warnings: 0

Query OK, 0 rows affected (0.00 sec)

Query OK, 5369 rows affected (0.25 sec)
Records: 5369  Duplicates: 0  Warnings: 0

Query OK, 0 rows affected (0.03 sec)
Records: 0  Duplicates: 0  Warnings: 0

+-------------------+
| contractdiscounts |
+-------------------+
|              6549 |
+-------------------+
1 row in set (0.00 sec)

+-------------------------+
| clientcontractdiscounts |
+-------------------------+
|                    6518 |
+-------------------------+
1 row in set (0.01 sec)

+----------------------------+
| clientcontractlastdiscount |
+----------------------------+
|                       5369 |
+----------------------------+
1 row in set (0.00 sec)

Database changed
Query OK, 0 rows affected (0.14 sec)

Query OK, 0 rows affected (0.01 sec)

Database changed
Query OK, 128228 rows affected (3.52 sec)
Records: 128228  Deleted: 0  Skipped: 0  Warnings: 0

Query OK, 0 rows affected (0.61 sec)
Records: 0  Duplicates: 0  Warnings: 0

Query OK, 0 rows affected (0.34 sec)
Records: 0  Duplicates: 0  Warnings: 0

Query OK, 0 rows affected (0.52 sec)
Records: 0  Duplicates: 0  Warnings: 0

Query OK, 0 rows affected (0.72 sec)
Records: 0  Duplicates: 0  Warnings: 0

Query OK, 0 rows affected (0.50 sec)
Records: 0  Duplicates: 0  Warnings: 0

Query OK, 0 rows affected (0.69 sec)
Records: 0  Duplicates: 0  Warnings: 0

Query OK, 0 rows affected (0.31 sec)

Query OK, 1615670 rows affected (3 min 59.23 sec)
Records: 1615670  Duplicates: 0  Warnings: 0

+---------+
| devices |
+---------+
|  128228 |
+---------+
1 row in set (0.11 sec)

+-----------------------+
| clientcontractdevices |
+-----------------------+
|               1615670 |
+-----------------------+
1 row in set (1.30 sec)

Query OK, 0 rows affected (0.14 sec)

Query OK, 128226 rows affected (9.81 sec)
Records: 128226  Duplicates: 0  Warnings: 0

+---------------------------+
| rep_clientcontractdevices |
+---------------------------+
|                    128226 |
+---------------------------+
1 row in set (0.06 sec)

Database changed
Query OK, 0 rows affected (0.31 sec)

Query OK, 0 rows affected (0.01 sec)

Query OK, 242463 rows affected (7.84 sec)
Records: 242463  Deleted: 0  Skipped: 0  Warnings: 0

Query OK, 0 rows affected (0.78 sec)
Records: 0  Duplicates: 0  Warnings: 0

Query OK, 0 rows affected (0.69 sec)
Records: 0  Duplicates: 0  Warnings: 0

Query OK, 0 rows affected (0.73 sec)
Records: 0  Duplicates: 0  Warnings: 0

Query OK, 0 rows affected (0.63 sec)
Records: 0  Duplicates: 0  Warnings: 0

+---------+
| tickets |
+---------+
|  242463 |
+---------+
1 row in set (0.08 sec)

Database changed
Query OK, 0 rows affected (0.05 sec)

Query OK, 0 rows affected (0.00 sec)

Empty set (0.02 sec)

Query OK, 0 rows affected (0.00 sec)
Records: 0  Duplicates: 0  Warnings: 0

Query OK, 313 rows affected, 2 warnings (0.03 sec)
Records: 313  Deleted: 0  Skipped: 0  Warnings: 2

+-----------------+
| tickettechusers |
+-----------------+
|             313 |
+-----------------+
1 row in set (0.00 sec)

Database changed
Query OK, 0 rows affected (0.00 sec)

Query OK, 0 rows affected (0.00 sec)

Query OK, 0 rows affected (0.03 sec)
Records: 0  Duplicates: 0  Warnings: 0

Query OK, 501025 rows affected, 41642 warnings (9.40 sec)
Records: 501025  Deleted: 0  Skipped: 0  Warnings: 41642

+-------------------+
| ticketassignments |
+-------------------+
|            501025 |
+-------------------+
1 row in set (0.19 sec)

Database changed
Query OK, 0 rows affected (0.17 sec)

Query OK, 0 rows affected (0.02 sec)

Query OK, 1049978 rows affected (19.96 sec)
Records: 1049978  Deleted: 0  Skipped: 0  Warnings: 0

Query OK, 0 rows affected (8.53 sec)
Records: 0  Duplicates: 0  Warnings: 0

Query OK, 0 rows affected (4.06 sec)
Records: 0  Duplicates: 0  Warnings: 0

Query OK, 0 rows affected (3.17 sec)
Records: 0  Duplicates: 0  Warnings: 0

Query OK, 0 rows affected (3.62 sec)
Records: 0  Duplicates: 0  Warnings: 0

+----------------+
| ticketcomments |
+----------------+
|        1049978 |
+----------------+
1 row in set (0.52 sec)

Database changed
Query OK, 0 rows affected (0.13 sec)

Query OK, 0 rows affected (0.00 sec)

Query OK, 400977 rows affected (47.96 sec)
Records: 400977  Deleted: 0  Skipped: 0  Warnings: 0

Query OK, 0 rows affected (2.84 sec)
Records: 0  Duplicates: 0  Warnings: 0

+----------+
| comments |
+----------+
|   400977 |
+----------+
1 row in set (0.16 sec)

Database changed
Query OK, 0 rows affected (0.38 sec)

Query OK, 0 rows affected (0.02 sec)

Query OK, 753460 rows affected, 65535 warnings (1 min 1.15 sec)
Records: 753460  Deleted: 0  Skipped: 0  Warnings: 753461

Query OK, 0 rows affected (2.70 sec)
Records: 0  Duplicates: 0  Warnings: 0

Query OK, 0 rows affected (5.01 sec)
Records: 0  Duplicates: 0  Warnings: 0

Query OK, 0 rows affected (2.81 sec)
Records: 0  Duplicates: 0  Warnings: 0

Query OK, 0 rows affected (2.77 sec)
Records: 0  Duplicates: 0  Warnings: 0

Query OK, 0 rows affected (3.86 sec)
Records: 0  Duplicates: 0  Warnings: 0

+------------+
| devicesold |
+------------+
|     753460 |
+------------+
1 row in set (0.36 sec)

Database changed
Query OK, 0 rows affected (0.09 sec)

Query OK, 0 rows affected (0.02 sec)

Query OK, 1608941 rows affected (25.71 sec)
Records: 1608941  Deleted: 0  Skipped: 0  Warnings: 0

Query OK, 0 rows affected (10.14 sec)
Records: 0  Duplicates: 0  Warnings: 0

Query OK, 0 rows affected (5.78 sec)
Records: 0  Duplicates: 0  Warnings: 0

Query OK, 0 rows affected (5.75 sec)
Records: 0  Duplicates: 0  Warnings: 0

+------------------+
| contractservices |
+------------------+
|          1608941 |
+------------------+
1 row in set (0.63 sec)

Database changed
Query OK, 0 rows affected (0.25 sec)

Query OK, 0 rows affected (0.01 sec)

Query OK, 3585171 rows affected (2 min 9.29 sec)
Records: 3585171  Deleted: 0  Skipped: 0  Warnings: 0

Query OK, 0 rows affected (17.72 sec)
Records: 0  Duplicates: 0  Warnings: 0

Query OK, 0 rows affected (16.62 sec)
Records: 0  Duplicates: 0  Warnings: 0

Query OK, 0 rows affected (17.09 sec)
Records: 0  Duplicates: 0  Warnings: 0

Query OK, 0 rows affected (16.20 sec)
Records: 0  Duplicates: 0  Warnings: 0

+------------------+
| invoicescontents |
+------------------+
|          3585171 |
+------------------+
1 row in set (1.47 sec)

Database changed
Query OK, 0 rows affected (0.59 sec)

Query OK, 0 rows affected (0.02 sec)

Query OK, 2467306 rows affected (3 min 13.34 sec)
Records: 2467306  Deleted: 0  Skipped: 0  Warnings: 0

Query OK, 0 rows affected (17.12 sec)
Records: 0  Duplicates: 0  Warnings: 0

Query OK, 0 rows affected (15.54 sec)
Records: 0  Duplicates: 0  Warnings: 0

Query OK, 0 rows affected (14.07 sec)
Records: 0  Duplicates: 0  Warnings: 0

Query OK, 0 rows affected (13.37 sec)
Records: 0  Duplicates: 0  Warnings: 0

Query OK, 0 rows affected (11.76 sec)
Records: 0  Duplicates: 0  Warnings: 0

+----------------+
| invoicesheader |
+----------------+
|        2467306 |
+----------------+
1 row in set (0.95 sec)

Database changed
Query OK, 0 rows affected (0.39 sec)

Query OK, 0 rows affected (0.08 sec)

Query OK, 2602457 rows affected (1 min 25.92 sec)
Records: 2602457  Deleted: 0  Skipped: 0  Warnings: 0

Query OK, 0 rows affected (13.48 sec)
Records: 0  Duplicates: 0  Warnings: 0

Query OK, 0 rows affected (10.14 sec)
Records: 0  Duplicates: 0  Warnings: 0

Query OK, 0 rows affected (10.40 sec)
Records: 0  Duplicates: 0  Warnings: 0

Query OK, 0 rows affected (10.37 sec)
Records: 0  Duplicates: 0  Warnings: 0

+---------+
| casa    |
+---------+
| 2602457 |
+---------+
1 row in set (1.02 sec)

Query OK, 0 rows affected (0.06 sec)

Query OK, 12166 rows affected (1 min 21.48 sec)
Records: 12166  Duplicates: 0  Warnings: 0

+--------------------+
| rep_paycol_channel |
+--------------------+
|              12166 |
+--------------------+
1 row in set (0.01 sec)

Query OK, 0 rows affected (0.05 sec)

Query OK, 8329 rows affected (1 min 34.18 sec)
Records: 8329  Duplicates: 0  Warnings: 0

+----------------+
| rep_paycol_pos |
+----------------+
|           8329 |
+----------------+
1 row in set (0.02 sec)

Database changed
Query OK, 0 rows affected (0.03 sec)

Query OK, 0 rows affected (0.02 sec)

Database changed
Query OK, 37926 rows affected (0.80 sec)
Records: 37926  Deleted: 0  Skipped: 0  Warnings: 0

+-------+
| users |
+-------+
| 37926 |
+-------+
1 row in set (0.02 sec)

Database changed
Query OK, 0 rows affected (0.30 sec)

Query OK, 0 rows affected (0.05 sec)

Database changed
Query OK, 9384245 rows affected (2 min 15.13 sec)
Records: 9384245  Deleted: 0  Skipped: 0  Warnings: 0

Query OK, 0 rows affected (39.84 sec)
Records: 0  Duplicates: 0  Warnings: 0

Query OK, 0 rows affected (42.62 sec)
Records: 0  Duplicates: 0  Warnings: 0

Query OK, 0 rows affected (41.66 sec)
Records: 0  Duplicates: 0  Warnings: 0

Query OK, 0 rows affected (38.15 sec)
Records: 0  Duplicates: 0  Warnings: 0

+----------+
| ipusage1 |
+----------+
|  9384245 |
+----------+
1 row in set (11.50 sec)

Query OK, 0 rows affected (1.11 sec)

Query OK, 9454436 rows affected, 65535 warnings (14 min 10.60 sec)
Records: 9454436  Duplicates: 0  Warnings: 9444432

Query OK, 0 rows affected (2 min 16.41 sec)
Records: 0  Duplicates: 0  Warnings: 0

Query OK, 0 rows affected (53.17 sec)
Records: 0  Duplicates: 0  Warnings: 0

Query OK, 0 rows affected (39.60 sec)
Records: 0  Duplicates: 0  Warnings: 0

Query OK, 0 rows affected (38.77 sec)
Records: 0  Duplicates: 0  Warnings: 0

Query OK, 0 rows affected (52.94 sec)
Records: 0  Duplicates: 0  Warnings: 0

Query OK, 0 rows affected (1 min 5.59 sec)
Records: 0  Duplicates: 0  Warnings: 0

Query OK, 0 rows affected (1 min 12.28 sec)
Records: 0  Duplicates: 0  Warnings: 0

+---------+
| ipusage |
+---------+
| 9454436 |
+---------+
1 row in set (13.37 sec)

Query OK, 0 rows affected (1.33 sec)

Query OK, 3342709 rows affected (3 min 18.38 sec)
Records: 3342709  Duplicates: 0  Warnings: 0

Query OK, 0 rows affected (24.65 sec)
Records: 0  Duplicates: 0  Warnings: 0

Query OK, 0 rows affected (17.29 sec)
Records: 0  Duplicates: 0  Warnings: 0

Query OK, 0 rows affected (16.87 sec)
Records: 0  Duplicates: 0  Warnings: 0

Query OK, 0 rows affected (22.07 sec)
Records: 0  Duplicates: 0  Warnings: 0

Query OK, 0 rows affected (1.01 sec)

Query OK, 297714 rows affected (33.48 sec)
Records: 297714  Duplicates: 0  Warnings: 0

Query OK, 0 rows affected (1.58 sec)
Records: 0  Duplicates: 0  Warnings: 0

Query OK, 0 rows affected (1.22 sec)
Records: 0  Duplicates: 0  Warnings: 0

Query OK, 0 rows affected (1.38 sec)
Records: 0  Duplicates: 0  Warnings: 0

Query OK, 0 rows affected (0.80 sec)
Records: 0  Duplicates: 0  Warnings: 0

Query OK, 0 rows affected (1.09 sec)
Records: 0  Duplicates: 0  Warnings: 0

Query OK, 0 rows affected (0.44 sec)

Query OK, 1608887 rows affected (1 min 37.40 sec)
Records: 1608887  Duplicates: 0  Warnings: 0

Query OK, 0 rows affected (9.36 sec)
Records: 0  Duplicates: 0  Warnings: 0

Query OK, 0 rows affected (6.54 sec)
Records: 0  Duplicates: 0  Warnings: 0

Query OK, 0 rows affected (8.04 sec)
Records: 0  Duplicates: 0  Warnings: 0

mysql> mysql \. C:\workspace\cloud\code\sql\_DailyScript\currenttime.sql
+---------------------+
| currenttime         |
+---------------------+
| 2019-05-02 09:29:22 |
+---------------------+
1 row in set (0.00 sec)

mysql> 
mysql> mysql \. C:\workspace\cloud\code\sql\_DailyScript\ticket_analysis.sql
Database changed
Query OK, 0 rows affected (0.44 sec)

Query OK, 410960 rows affected (30.73 sec)
Records: 410960  Duplicates: 0  Warnings: 0

Query OK, 0 rows affected (7.08 sec)
Records: 0  Duplicates: 0  Warnings: 0

Query OK, 0 rows affected (1.72 sec)
Records: 0  Duplicates: 0  Warnings: 0

Query OK, 0 rows affected (1.58 sec)
Records: 0  Duplicates: 0  Warnings: 0

Query OK, 0 rows affected (0.30 sec)

Query OK, 14995 rows affected (11.09 sec)
Records: 14995  Duplicates: 0  Warnings: 0

Query OK, 0 rows affected, 1 warning (0.00 sec)

Query OK, 56408 rows affected (7.58 sec)
Records: 56408  Duplicates: 0  Warnings: 0

Query OK, 0 rows affected, 1 warning (0.00 sec)

Query OK, 293049 rows affected (9.54 sec)
Records: 293049  Duplicates: 0  Warnings: 0

Query OK, 0 rows affected, 1 warning (0.00 sec)

Query OK, 293049 rows affected (13.36 sec)
Records: 293049  Duplicates: 0  Warnings: 0

Query OK, 0 rows affected (0.25 sec)

Query OK, 56449 rows affected (6.16 sec)
Records: 56449  Duplicates: 0  Warnings: 0

Database changed
Query OK, 0 rows affected (0.00 sec)

Query OK, 0 rows affected (0.06 sec)

Query OK, 410960 rows affected (19.29 sec)
Records: 410960  Duplicates: 0  Warnings: 0

Query OK, 0 rows affected (0.72 sec)

Query OK, 193578 rows affected (17.89 sec)
Records: 193578  Duplicates: 0  Warnings: 0

+--------------------------+
| clientticket_cmmtjourney |
+--------------------------+
|                   410960 |
+--------------------------+
1 row in set (3.83 sec)

+---------------------------+
| clientticket_assgnjourney |
+---------------------------+
|                    193578 |
+---------------------------+
1 row in set (0.31 sec)

Query OK, 0 rows affected (0.08 sec)

Query OK, 75 rows affected (0.23 sec)
Records: 75  Duplicates: 0  Warnings: 0

mysql> mysql \. C:\workspace\cloud\code\sql\_DailyScript\currenttime.sql
+---------------------+
| currenttime         |
+---------------------+
| 2019-05-02 09:31:34 |
+---------------------+
1 row in set (0.00 sec)

mysql> 
mysql> mysql \. C:\workspace\cloud\code\sql\_DailyScript\load_DailyCalls.sql
Database changed
Query OK, 356 rows affected (1.08 sec)
Records: 356  Deleted: 0  Skipped: 0  Warnings: 0

Query OK, 0 rows affected, 1 warning (0.00 sec)

Query OK, 343 rows affected (0.36 sec)
Records: 343  Duplicates: 0  Warnings: 0

Query OK, 0 rows affected, 1 warning (0.00 sec)

Query OK, 66660 rows affected (0.72 sec)
Records: 66660  Duplicates: 0  Warnings: 0

+----------------------+
| callingclientsbefore |
+----------------------+
|               663131 |
+----------------------+
1 row in set (9.58 sec)

Query OK, 467 rows affected (9.72 sec)
Records: 467  Duplicates: 0  Warnings: 0

+---------------------+
| callingclientsafter |
+---------------------+
|              663598 |
+---------------------+
1 row in set (0.28 sec)

Query OK, 0 rows affected (0.05 sec)

Query OK, 234 rows affected (24.54 sec)
Records: 234  Duplicates: 0  Warnings: 0

Query OK, 0 rows affected (0.05 sec)

Query OK, 13764 rows affected (3.09 sec)
Records: 13764  Duplicates: 0  Warnings: 0

+-----------+
| callstats |
+-----------+
|     13764 |
+-----------+
1 row in set (0.02 sec)

mysql> mysql \. C:\workspace\cloud\code\sql\_DailyScript\currenttime.sql
+---------------------+
| currenttime         |
+---------------------+
| 2019-05-02 09:32:24 |
+---------------------+
1 row in set (0.00 sec)

mysql> 
mysql> mysql \. C:\workspace\cloud\code\sql\_DailyScript\DAILY-SCRIPT-USAGE.sql
Database changed
Query OK, 0 rows affected (0.00 sec)

Query OK, 6212 rows affected, 18005 warnings (6.53 sec)
Records: 6212  Deleted: 0  Skipped: 0  Warnings: 18005

Query OK, 0 rows affected (0.00 sec)

Query OK, 10602 rows affected, 30689 warnings (7.97 sec)
Records: 10602  Deleted: 0  Skipped: 0  Warnings: 30689

Query OK, 0 rows affected (0.00 sec)

Query OK, 54 rows affected, 173 warnings (0.11 sec)
Records: 54  Deleted: 0  Skipped: 0  Warnings: 173

Query OK, 0 rows affected (0.00 sec)

Query OK, 178 rows affected, 646 warnings (0.11 sec)
Records: 178  Deleted: 0  Skipped: 0  Warnings: 646

+------------+
| dailyusage |
+------------+
|    5525049 |
+------------+
1 row in set (29.93 sec)

+------------+------------+------------+---------+
| datestart  | dateend    | insertedon | records |
+------------+------------+------------+---------+
| 2019-05-01 | 2019-05-01 | 2019-05-02 |   17046 |
| 2019-04-30 | 2019-04-30 | 2019-05-01 |   17222 |
| 2019-04-29 | 2019-04-29 | 2019-04-30 |   17138 |
| 2019-04-28 | 2019-04-28 | 2019-04-29 |   16784 |
| 2019-04-27 | 2019-04-27 | 2019-04-28 |   17025 |
+------------+------------+------------+---------+
5 rows in set (3 min 59.09 sec)

mysql> mysql \. C:\workspace\cloud\code\sql\_DailyScript\currenttime.sql
+---------------------+
| currenttime         |
+---------------------+
| 2019-05-02 09:37:08 |
+---------------------+
1 row in set (0.00 sec)

mysql> 
mysql> mysql \. C:\workspace\cloud\code\sql\_DailyScript\DAILY-SCRIPT-SALES-TELEMETRY.sql
Database changed
Query OK, 1 row affected, 5 warnings (0.16 sec)
Records: 1  Deleted: 0  Skipped: 0  Warnings: 5

+------------+
| dailysales |
+------------+
|     151140 |
+------------+
1 row in set (6.09 sec)

Query OK, 0 rows affected (0.08 sec)

Query OK, 151140 rows affected (21.57 sec)
Records: 151140  Duplicates: 0  Warnings: 0

+--------+
| sales  |
+--------+
| 151140 |
+--------+
1 row in set (0.41 sec)

Query OK, 0 rows affected (0.11 sec)

Query OK, 2400 rows affected (0.59 sec)
Records: 2400  Duplicates: 0  Warnings: 0

+----------------+
| rep_dailysales |
+----------------+
|           2400 |
+----------------+
1 row in set (0.01 sec)

Query OK, 0 rows affected (0.14 sec)

Query OK, 2400 rows affected (0.66 sec)
Records: 2400  Duplicates: 0  Warnings: 0

+-------------------+
| rep_dailysalesreg |
+-------------------+
|              2400 |
+-------------------+
1 row in set (0.00 sec)

Query OK, 0 rows affected (0.02 sec)

Query OK, 2384 rows affected (0.75 sec)
Records: 2384  Duplicates: 0  Warnings: 0

+-----------+
| saleslist |
+-----------+
|      2384 |
+-----------+
1 row in set (0.00 sec)

Database changed
ERROR 2 (HY000): File 'C:\ProgramData\MySQL\MySQL Server 5.7\Uploads\_csv\PrepaidCardSales-01052019-P1.csv' not found (Errcode: 2 - No such file or directory)
+------------------+
| dailysinglesales |
+------------------+
|             5686 |
+------------------+
1 row in set (0.91 sec)

Database changed
Query OK, 5 rows affected (0.04 sec)
Records: 5  Deleted: 0  Skipped: 0  Warnings: 0

+-----------------+
| dailyaddonsales |
+-----------------+
|           15572 |
+-----------------+
1 row in set (0.42 sec)

Query OK, 192 rows affected (1.01 sec)
Records: 192  Deleted: 0  Skipped: 0  Warnings: 0

+----------------+
| onlinepayments |
+----------------+
|          51108 |
+----------------+
1 row in set (0.21 sec)

+-------------+----------------+---------------------+
| paymentdate | onlinepayments | onlinepaymentamount |
+-------------+----------------+---------------------+
| 2019-05-01  |            192 |        149000.66000 |
| 2019-04-30  |            102 |         71173.03000 |
| 2019-04-29  |            113 |         92071.95000 |
| 2019-04-28  |            124 |         71596.58000 |
| 2019-04-27  |            107 |         70844.35000 |
+-------------+----------------+---------------------+
5 rows in set (4.23 sec)

+-------------+--------------+----------------+---------------------+
| paymentyear | paymentmonth | onlinepayments | onlinepaymentamount |
+-------------+--------------+----------------+---------------------+
|        2019 |            5 |            192 |        149000.66000 |
|        2019 |            4 |           2854 |       1881797.80000 |
|        2019 |            3 |           2821 |       1851177.84000 |
|        2019 |            2 |           2441 |       1600446.38000 |
|        2019 |            1 |           2609 |       1678277.98000 |
+-------------+--------------+----------------+---------------------+
5 rows in set (0.06 sec)

mysql> mysql \. C:\workspace\cloud\code\sql\_DailyScript\currenttime.sql
+---------------------+
| currenttime         |
+---------------------+
| 2019-05-02 09:37:45 |
+---------------------+
1 row in set (0.00 sec)

mysql> 
mysql> mysql \. C:\workspace\cloud\code\sql\_DailyScript\DAILY-SCRIPT-ACTIVENUMBERS.sql
Database changed
Query OK, 1340 rows affected (1.67 sec)
Records: 1340  Deleted: 0  Skipped: 0  Warnings: 0

+------------+----------+
| period     | count(1) |
+------------+----------+
| 2019-05-01 |     1340 |
| 2019-04-30 |     1343 |
| 2019-04-29 |     1336 |
| 2019-04-28 |     1337 |
| 2019-04-27 |     1337 |
| 2019-04-26 |     1337 |
+------------+----------+
6 rows in set (0.00 sec)

Query OK, 0 rows affected (0.03 sec)

Query OK, 86 rows affected (2.08 sec)
Records: 86  Duplicates: 0  Warnings: 0

+-------------+
| packagelist |
+-------------+
|          86 |
+-------------+
1 row in set (0.00 sec)

Database changed
Query OK, 0 rows affected (0.00 sec)

Query OK, 0 rows affected (0.00 sec)

Query OK, 0 rows affected (0.00 sec)

Query OK, 0 rows affected (0.00 sec)

Query OK, 26581 rows affected, 225 warnings (1 min 52.13 sec)
Records: 26581  Deleted: 0  Skipped: 0  Warnings: 225

+------------+----------+
| period     | count(1) |
+------------+----------+
| 2019-05-01 |    26581 |
| 2019-04-30 |    27160 |
| 2019-04-29 |    26964 |
| 2019-04-28 |    26699 |
| 2019-04-27 |    26972 |
+------------+----------+
5 rows in set (0.28 sec)

Query OK, 0 rows affected (0.50 sec)

Query OK, 25945 rows affected (5 min 6.59 sec)
Records: 25945  Duplicates: 0  Warnings: 0

Query OK, 0 rows affected (0.33 sec)
Records: 0  Duplicates: 0  Warnings: 0

Query OK, 0 rows affected (0.13 sec)
Records: 0  Duplicates: 0  Warnings: 0

Query OK, 0 rows affected (0.22 sec)
Records: 0  Duplicates: 0  Warnings: 0

Query OK, 0 rows affected (0.64 sec)
Records: 0  Duplicates: 0  Warnings: 0

Query OK, 0 rows affected (0.22 sec)
Records: 0  Duplicates: 0  Warnings: 0

Query OK, 0 rows affected (0.11 sec)
Records: 0  Duplicates: 0  Warnings: 0

+-------------+
| countbefore |
+-------------+
|    25720348 |
+-------------+
1 row in set (2 min 14.56 sec)

Query OK, 25945 rows affected (1 min 8.72 sec)
Records: 25945  Duplicates: 0  Warnings: 0

+------------+
| countafter |
+------------+
|   25746293 |
+------------+
1 row in set (48.15 sec)

+------------+--------------------------+
| period     | customercontractactivity |
+------------+--------------------------+
| 2019-05-01 |                    25945 |
| 2019-04-30 |                    26523 |
| 2019-04-29 |                    26328 |
| 2019-04-28 |                    26061 |
| 2019-04-27 |                    26334 |
+------------+--------------------------+
5 rows in set (0.08 sec)

Query OK, 0 rows affected (0.22 sec)

Query OK, 211607 rows affected (22 min 27.13 sec)
Records: 211607  Duplicates: 0  Warnings: 0

Query OK, 0 rows affected (1.44 sec)
Records: 0  Duplicates: 0  Warnings: 0

Query OK, 0 rows affected (1.22 sec)
Records: 0  Duplicates: 0  Warnings: 0

Query OK, 0 rows affected (1.30 sec)
Records: 0  Duplicates: 0  Warnings: 0

Query OK, 0 rows affected (0.56 sec)

Query OK, 247 rows affected (0.86 sec)
Records: 247  Duplicates: 0  Warnings: 0

Query OK, 0 rows affected (0.09 sec)

Query OK, 2382 rows affected (0.95 sec)
Records: 2382  Duplicates: 0  Warnings: 0

Query OK, 0 rows affected (0.03 sec)

Query OK, 25935 rows affected (0.86 sec)
Records: 25935  Duplicates: 0  Warnings: 0

Query OK, 0 rows affected (0.16 sec)

Query OK, 16708 rows affected (0.86 sec)
Records: 16708  Duplicates: 0  Warnings: 0

Query OK, 0 rows affected (0.73 sec)

Query OK, 16708 rows affected (0.23 sec)
Records: 16708  Duplicates: 0  Warnings: 0

Query OK, 0 rows affected (0.16 sec)

Query OK, 16708 rows affected (2.87 sec)
Records: 16708  Duplicates: 0  Warnings: 0

Query OK, 0 rows affected (0.25 sec)

Query OK, 16708 rows affected (56.27 sec)
Records: 16708  Duplicates: 0  Warnings: 0

+-------------+
| clientstats |
+-------------+
|       16708 |
+-------------+
1 row in set (0.01 sec)

Query OK, 0 rows affected (0.19 sec)

Query OK, 13 rows affected, 1 warning (0.27 sec)
Records: 13  Duplicates: 0  Warnings: 1

+-----------------------+-------------+-------------+----------------+-----------------+
| services              | activecount | allaccounts | uniqueaccounts | uniquecontracts |
+-----------------------+-------------+-------------+----------------+-----------------+
| All                   |         127 |          27 |             27 |              86 |
| Internet & Voice      |         449 |         207 |            207 |             405 |
| Internet Only         |        4094 |        3961 |           3958 |            4028 |
| OTT Only              |           1 |           1 |              1 |               1 |
| TV & Internet         |        8831 |        3828 |           3822 |            7798 |
| TV & Internet & OTT   |        1730 |         503 |            503 |            1019 |
| TV & Internet & Voice |         543 |         150 |            150 |             465 |
| TV & OTT              |         124 |          42 |             42 |              43 |
| TV & Voice            |         103 |          43 |             43 |              89 |
| TV & Voice & OTT      |          10 |           1 |              1 |               3 |
| TV Only               |       10504 |        7754 |           7744 |            7950 |
| Voice Only            |         192 |         191 |            191 |             192 |
| GRAND TOTAL           |       26708 |       16708 |          16644 |           22079 |
+-----------------------+-------------+-------------+----------------+-----------------+
13 rows in set (0.00 sec)

+-------------+-------------+-------------+----------------+-----------------+
| network     | activecount | allaccounts | uniqueaccounts | uniquecontracts |
+-------------+-------------+-------------+----------------+-----------------+
| ADDON       |          13 |           5 |              5 |               5 |
| GPON        |        6582 |        3350 |           3350 |            5050 |
| HFC         |       20113 |       13353 |          13353 |           17024 |
| GRAND TOTAL |       26708 |       16708 |          16644 |           22079 |
+-------------+-------------+-------------+----------------+-----------------+
4 rows in set, 1 warning (0.14 sec)

+-------------+-----------------------+-------------+-------------+----------------+-----------------+
| network     | services              | activecount | allaccounts | uniqueaccounts | uniquecontracts |
+-------------+-----------------------+-------------+-------------+----------------+-----------------+
| ADDON       | OTT Only              |           1 |           1 |              1 |               1 |
| ADDON       | TV & OTT              |           9 |           2 |              2 |               2 |
| ADDON       | TV Only               |           3 |           2 |              2 |               2 |
| ADDON       | Services Total        |          13 |           5 |              5 |               5 |
| GPON        | All                   |          36 |           7 |              7 |              24 |
| GPON        | Internet & Voice      |          59 |          24 |             24 |              49 |
| GPON        | Internet Only         |         884 |         805 |            805 |             822 |
| GPON        | TV & Internet         |        2916 |        1198 |           1198 |            2473 |
| GPON        | TV & Internet & OTT   |         800 |         225 |            225 |             461 |
| GPON        | TV & Internet & Voice |         130 |          34 |             34 |             104 |
| GPON        | TV & OTT              |          80 |          26 |             26 |              27 |
| GPON        | TV & Voice            |          45 |          17 |             17 |              37 |
| GPON        | TV Only               |        1621 |        1003 |           1003 |            1042 |
| GPON        | Voice Only            |          11 |          11 |             11 |              11 |
| GPON        | Services Total        |        6582 |        3350 |           3350 |            5050 |
| HFC         | All                   |          91 |          20 |             20 |              62 |
| HFC         | Internet & Voice      |         390 |         183 |            183 |             356 |
| HFC         | Internet Only         |        3210 |        3156 |           3156 |            3206 |
| HFC         | TV & Internet         |        5915 |        2630 |           2630 |            5325 |
| HFC         | TV & Internet & OTT   |         930 |         278 |            278 |             558 |
| HFC         | TV & Internet & Voice |         413 |         116 |            116 |             361 |
| HFC         | TV & OTT              |          35 |          14 |             14 |              14 |
| HFC         | TV & Voice            |          58 |          26 |             26 |              52 |
| HFC         | TV & Voice & OTT      |          10 |           1 |              1 |               3 |
| HFC         | TV Only               |        8880 |        6749 |           6749 |            6906 |
| HFC         | Voice Only            |         181 |         180 |            180 |             181 |
| HFC         | Services Total        |       20113 |       13353 |          13353 |           17024 |
| GRAND TOTAL | Services Total        |       26708 |       16708 |          16644 |           22079 |
+-------------+-----------------------+-------------+-------------+----------------+-----------------+
28 rows in set, 2 warnings (0.16 sec)

Query OK, 0 rows affected (0.00 sec)

Query OK, 44 rows affected, 3 warnings (0.63 sec)
Records: 44  Duplicates: 0  Warnings: 3

+-------------+---------------+-----------------------+-------------+-------------+----------------+-----------------+
| region      | network       | services              | activecount | allaccounts | uniqueaccounts | uniquecontracts |
+-------------+---------------+-----------------------+-------------+-------------+----------------+-----------------+
| Mahe        | ADDON         | OTT Only              |           1 |           1 |              1 |               1 |
| Mahe        | ADDON         | TV & OTT              |           4 |           1 |              1 |               1 |
| Mahe        | ADDON         | TV Only               |           3 |           2 |              2 |               2 |
| Mahe        | ADDON         | Services Total        |           8 |           4 |              4 |               4 |
| Mahe        | GPON          | All                   |          30 |           6 |              6 |              20 |
| Mahe        | GPON          | Internet & Voice      |          49 |          19 |             19 |              39 |
| Mahe        | GPON          | Internet Only         |         665 |         586 |            586 |             603 |
| Mahe        | GPON          | TV & Internet         |        2042 |         833 |            833 |            1711 |
| Mahe        | GPON          | TV & Internet & OTT   |         475 |         131 |            131 |             268 |
| Mahe        | GPON          | TV & Internet & Voice |         109 |          28 |             28 |              85 |
| Mahe        | GPON          | TV & OTT              |          45 |          12 |             12 |              12 |
| Mahe        | GPON          | TV & Voice            |          40 |          15 |             15 |              32 |
| Mahe        | GPON          | TV Only               |        1202 |         716 |            716 |             737 |
| Mahe        | GPON          | Voice Only            |          11 |          11 |             11 |              11 |
| Mahe        | GPON          | Services Total        |        4668 |        2357 |           2357 |            3518 |
| Mahe        | HFC           | All                   |          91 |          20 |             20 |              62 |
| Mahe        | HFC           | Internet & Voice      |         390 |         183 |            183 |             356 |
| Mahe        | HFC           | Internet Only         |        3210 |        3156 |           3156 |            3206 |
| Mahe        | HFC           | TV & Internet         |        5915 |        2630 |           2630 |            5325 |
| Mahe        | HFC           | TV & Internet & OTT   |         930 |         278 |            278 |             558 |
| Mahe        | HFC           | TV & Internet & Voice |         413 |         116 |            116 |             361 |
| Mahe        | HFC           | TV & OTT              |          35 |          14 |             14 |              14 |
| Mahe        | HFC           | TV & Voice            |          58 |          26 |             26 |              52 |
| Mahe        | HFC           | TV & Voice & OTT      |          10 |           1 |              1 |               3 |
| Mahe        | HFC           | TV Only               |        8875 |        6746 |           6746 |            6903 |
| Mahe        | HFC           | Voice Only            |         181 |         180 |            180 |             181 |
| Mahe        | HFC           | Services Total        |       20108 |       13350 |          13350 |           17021 |
| Mahe        | Network Total | Services Total        |       24784 |       15711 |          15648 |           20543 |
| Praslin     | ADDON         | TV & OTT              |           5 |           1 |              1 |               1 |
| Praslin     | ADDON         | Services Total        |           5 |           1 |              1 |               1 |
| Praslin     | GPON          | All                   |           6 |           1 |              1 |               4 |
| Praslin     | GPON          | Internet & Voice      |          10 |           5 |              5 |              10 |
| Praslin     | GPON          | Internet Only         |         219 |         219 |            219 |             219 |
| Praslin     | GPON          | TV & Internet         |         874 |         365 |            365 |             762 |
| Praslin     | GPON          | TV & Internet & OTT   |         325 |          94 |             94 |             193 |
| Praslin     | GPON          | TV & Internet & Voice |          21 |           6 |              6 |              19 |
| Praslin     | GPON          | TV & OTT              |          35 |          14 |             14 |              15 |
| Praslin     | GPON          | TV & Voice            |           5 |           2 |              2 |               5 |
| Praslin     | GPON          | TV Only               |         419 |         287 |            287 |             305 |
| Praslin     | GPON          | Services Total        |        1914 |         993 |            993 |            1532 |
| Praslin     | HFC           | TV Only               |           5 |           3 |              3 |               3 |
| Praslin     | HFC           | Services Total        |           5 |           3 |              3 |               3 |
| Praslin     | Network Total | Services Total        |        1924 |         997 |            996 |            1536 |
| GRAND TOTAL | Network Total | Services Total        |       26708 |       16708 |          16644 |           22079 |
+-------------+---------------+-----------------------+-------------+-------------+----------------+-----------------+
44 rows in set (0.00 sec)

Query OK, 0 rows affected (0.06 sec)

Query OK, 25935 rows affected (0.95 sec)
Records: 25935  Duplicates: 0  Warnings: 0

Query OK, 0 rows affected (0.08 sec)

Query OK, 1592 rows affected (21.90 sec)
Records: 1592  Duplicates: 0  Warnings: 0

+--------------------------------------+
| message                              |
+--------------------------------------+
| running rcbill_my.sp_ActiveNumber2() |
+--------------------------------------+
1 row in set (0.00 sec)

Query OK, 0 rows affected (3 min 47.87 sec)

mysql> mysql \. C:\workspace\cloud\code\sql\_DailyScript\currenttime.sql
+---------------------+
| currenttime         |
+---------------------+
| 2019-05-02 10:16:50 |
+---------------------+
1 row in set (0.00 sec)

mysql> 
mysql> mysql \. C:\workspace\cloud\code\sql\_DailyScript\GetActiveNumbers Average -Pivot.sql
Database changed
+-------------------------------------+
| @today := subdate(current_date(),1) |
+-------------------------------------+
| 2019-05-01                          |
+-------------------------------------+
1 row in set (0.00 sec)

+-------------------------------------+
| @lastdayofmonth := last_day(@today) |
+-------------------------------------+
| 2019-05-31                          |
+-------------------------------------+
1 row in set (0.00 sec)

Query OK, 0 rows affected (0.16 sec)

Query OK, 29453 rows affected, 60150 warnings (54.22 sec)
Records: 29453  Duplicates: 0  Warnings: 60150

Query OK, 0 rows affected (0.22 sec)
Records: 0  Duplicates: 0  Warnings: 0

Query OK, 0 rows affected (0.30 sec)
Records: 0  Duplicates: 0  Warnings: 0

Query OK, 0 rows affected (0.33 sec)
Records: 0  Duplicates: 0  Warnings: 0

+-----------------+
| activenumberavg |
+-----------------+
|           29453 |
+-----------------+
1 row in set (0.00 sec)

Query OK, 0 rows affected (0.09 sec)

Query OK, 1730 rows affected (0.50 sec)
Records: 1730  Duplicates: 0  Warnings: 0

+---------------------+
| rep_activenumberavg |
+---------------------+
|                1730 |
+---------------------+
1 row in set (0.00 sec)

+----------------------+
| rep_activenumberavg1 |
+----------------------+
|                  822 |
+----------------------+
1 row in set (0.00 sec)

Query OK, 0 rows affected (0.02 sec)

Query OK, 1491 rows affected (0.42 sec)
Records: 1491  Duplicates: 0  Warnings: 0

Query OK, 0 rows affected (0.03 sec)

Query OK, 7543 rows affected (0.66 sec)
Records: 7543  Duplicates: 0  Warnings: 0

Query OK, 0 rows affected (0.00 sec)

Query OK, 0 rows affected (0.00 sec)

Query OK, 0 rows affected (0.01 sec)

Query OK, 0 rows affected (0.00 sec)

Query OK, 0 rows affected (0.00 sec)
Statement prepared

Query OK, 52 rows affected (0.05 sec)
Records: 52  Duplicates: 0  Warnings: 0

Query OK, 0 rows affected (0.00 sec)

Query OK, 0 rows affected (0.00 sec)

+----------------------+
| rep_activenumberavg2 |
+----------------------+
|                 1491 |
+----------------------+
1 row in set (0.00 sec)

+------------------------+
| rep_activenumberavg_pv |
+------------------------+
|                     52 |
+------------------------+
1 row in set (0.00 sec)

Query OK, 0 rows affected (0.01 sec)

Query OK, 1491 rows affected (0.33 sec)
Records: 1491  Duplicates: 0  Warnings: 0

Query OK, 0 rows affected (0.00 sec)

Query OK, 0 rows affected (0.02 sec)

Query OK, 0 rows affected (0.05 sec)

Query OK, 0 rows affected (0.00 sec)

Query OK, 0 rows affected (0.00 sec)
Statement prepared

Query OK, 52 rows affected (0.03 sec)
Records: 52  Duplicates: 0  Warnings: 0

Query OK, 0 rows affected (0.00 sec)

Query OK, 0 rows affected (0.00 sec)

+-------------------------+
| rep_activenumberavgMahe |
+-------------------------+
|                    1491 |
+-------------------------+
1 row in set (0.00 sec)

+----------------------------+
| rep_activenumberavgMahe_pv |
+----------------------------+
|                         52 |
+----------------------------+
1 row in set (0.00 sec)

Query OK, 0 rows affected (0.01 sec)

Query OK, 960 rows affected (0.16 sec)
Records: 960  Duplicates: 0  Warnings: 0

Query OK, 0 rows affected (0.00 sec)

Query OK, 0 rows affected (0.01 sec)

Query OK, 0 rows affected (0.00 sec)

Query OK, 0 rows affected (0.00 sec)

Query OK, 0 rows affected (0.00 sec)
Statement prepared

Query OK, 38 rows affected (0.06 sec)
Records: 38  Duplicates: 0  Warnings: 0

Query OK, 0 rows affected (0.00 sec)

Query OK, 0 rows affected (0.00 sec)

+----------------------------+
| rep_activenumberavgPraslin |
+----------------------------+
|                        960 |
+----------------------------+
1 row in set (0.00 sec)

+-------------------------------+
| rep_activenumberavgPraslin_pv |
+-------------------------------+
|                            38 |
+-------------------------------+
1 row in set (0.01 sec)

mysql> mysql \. C:\workspace\cloud\code\sql\_DailyScript\currenttime.sql
+---------------------+
| currenttime         |
+---------------------+
| 2019-05-02 10:17:48 |
+---------------------+
1 row in set (0.00 sec)

mysql> 
mysql> mysql \. C:\workspace\cloud\code\sql\_DailyScript\budget_actual_analysis_2019.sql
Query OK, 0 rows affected (0.00 sec)

Query OK, 555 rows affected, 3 warnings (0.72 sec)
Records: 555  Duplicates: 0  Warnings: 3

+--------------------+
| budget_actual_2019 |
+--------------------+
|                555 |
+--------------------+
1 row in set (0.01 sec)

Query OK, 0 rows affected (0.05 sec)

Query OK, 47 rows affected (0.05 sec)
Records: 47  Duplicates: 0  Warnings: 0

+---------------------------+
| rep_budget_actual_2019_pv |
+---------------------------+
|                        47 |
+---------------------------+
1 row in set (0.00 sec)

mysql> mysql \. C:\workspace\cloud\code\sql\_DailyScript\currenttime.sql
+---------------------+
| currenttime         |
+---------------------+
| 2019-05-02 10:17:49 |
+---------------------+
1 row in set (0.00 sec)

mysql> 
mysql> mysql \. C:\workspace\cloud\code\sql\_DailyScript\reports-sales-addons-prepaid-camera.sql
Database changed
Query OK, 0 rows affected (0.01 sec)

Query OK, 3584 rows affected (0.52 sec)
Records: 3584  Duplicates: 0  Warnings: 0

Query OK, 0 rows affected (0.33 sec)

Query OK, 15581 rows affected (3 min 12.02 sec)
Records: 15581  Duplicates: 0  Warnings: 0

+--------------------+
| rep_prepaid_camera |
+--------------------+
|               3584 |
+--------------------+
1 row in set (0.02 sec)

+-----------+
| rep_addon |
+-----------+
|     15581 |
+-----------+
1 row in set (0.00 sec)

mysql> mysql \. C:\workspace\cloud\code\sql\_DailyScript\currenttime.sql
+---------------------+
| currenttime         |
+---------------------+
| 2019-05-02 10:21:02 |
+---------------------+
1 row in set (0.00 sec)

mysql> 
mysql> mysql \. C:\workspace\cloud\code\sql\_DailyScript\housing-estate-analysis.sql
Database changed
Query OK, 0 rows affected (0.34 sec)

Query OK, 2809 rows affected (1 min 28.46 sec)
Records: 2809  Duplicates: 0  Warnings: 0

+--------------------+
| rep_housingestates |
+--------------------+
|               2809 |
+--------------------+
1 row in set (0.00 sec)

mysql> mysql \. C:\workspace\cloud\code\sql\_DailyScript\currenttime.sql
+---------------------+
| currenttime         |
+---------------------+
| 2019-05-02 10:22:31 |
+---------------------+
1 row in set (0.02 sec)

mysql> 
mysql> mysql \. C:\workspace\cloud\code\sql\_DailyScript\RCB_ClientAnalyticsReport_Script.sql
Database changed
Query OK, 0 rows affected (0.00 sec)

Query OK, 0 rows affected (0.39 sec)

Query OK, 1657966 rows affected (2 min 35.79 sec)
Records: 1657966  Duplicates: 0  Warnings: 0

Query OK, 0 rows affected (15.65 sec)
Records: 0  Duplicates: 0  Warnings: 0

Query OK, 0 rows affected (9.36 sec)
Records: 0  Duplicates: 0  Warnings: 0

Query OK, 0 rows affected (11.75 sec)
Records: 0  Duplicates: 0  Warnings: 0

Query OK, 0 rows affected (12.01 sec)
Records: 0  Duplicates: 0  Warnings: 0

Query OK, 0 rows affected (11.45 sec)
Records: 0  Duplicates: 0  Warnings: 0

Query OK, 0 rows affected (11.30 sec)
Records: 0  Duplicates: 0  Warnings: 0

Query OK, 0 rows affected (0.00 sec)

Query OK, 436158 rows affected (18.01 sec)
Rows matched: 1657966  Changed: 436158  Warnings: 0

Query OK, 0 rows affected (0.08 sec)

Query OK, 27061 rows affected (6.51 sec)
Records: 27061  Duplicates: 0  Warnings: 0

Query OK, 0 rows affected (0.08 sec)

Query OK, 42154 rows affected (13 min 11.59 sec)
Records: 42154  Duplicates: 0  Warnings: 0

Query OK, 0 rows affected (0.55 sec)
Records: 0  Duplicates: 0  Warnings: 0

Query OK, 0 rows affected (0.53 sec)
Records: 0  Duplicates: 0  Warnings: 0

Query OK, 0 rows affected (0.19 sec)
Records: 0  Duplicates: 0  Warnings: 0

Query OK, 0 rows affected (0.47 sec)

Query OK, 410805 rows affected (16 min 1.67 sec)
Records: 410805  Duplicates: 0  Warnings: 0

Query OK, 0 rows affected (2.03 sec)
Records: 0  Duplicates: 0  Warnings: 0

Query OK, 0 rows affected (2.00 sec)
Records: 0  Duplicates: 0  Warnings: 0

Query OK, 0 rows affected (1.20 sec)
Records: 0  Duplicates: 0  Warnings: 0

Query OK, 0 rows affected (2.20 sec)
Records: 0  Duplicates: 0  Warnings: 0

Query OK, 0 rows affected (1.92 sec)
Records: 0  Duplicates: 0  Warnings: 0

Query OK, 0 rows affected (0.09 sec)

Query OK, 42154 rows affected (1 min 44.49 sec)
Records: 42154  Duplicates: 0  Warnings: 0

+--------------+
| clientreport |
+--------------+
|        42154 |
+--------------+
1 row in set (0.03 sec)

Query OK, 0 rows affected (0.19 sec)

Query OK, 42154 rows affected (10.17 sec)
Records: 42154  Duplicates: 0  Warnings: 0

+----------------------+
| clientextendedreport |
+----------------------+
|                42154 |
+----------------------+
1 row in set (0.02 sec)

Query OK, 0 rows affected (0.06 sec)

Query OK, 42154 rows affected (11 min 0.82 sec)
Records: 42154  Duplicates: 0  Warnings: 0

+---------+
| allcust |
+---------+
|   42154 |
+---------+
1 row in set (0.02 sec)

Query OK, 0 rows affected, 1 warning (0.00 sec)

Query OK, 5000 rows affected (1.34 sec)
Records: 5000  Duplicates: 0  Warnings: 0

Query OK, 0 rows affected (0.11 sec)

Query OK, 6997 rows affected (3.70 sec)
Records: 6997  Duplicates: 0  Warnings: 0

Query OK, 0 rows affected, 1 warning (0.00 sec)

Query OK, 5000 rows affected (0.33 sec)
Records: 5000  Duplicates: 0  Warnings: 0

Query OK, 0 rows affected (0.25 sec)

Query OK, 7371 rows affected (0.39 sec)
Records: 7371  Duplicates: 0  Warnings: 0

mysql> mysql \. C:\workspace\cloud\code\sql\_DailyScript\currenttime.sql
+---------------------+
| currenttime         |
+---------------------+
| 2019-05-02 11:09:10 |
+---------------------+
1 row in set (0.00 sec)

mysql> 
mysql> mysql \. C:\workspace\cloud\code\sql\_DailyScript\REVENUE_PER_NODE_MXK.sql
Query OK, 0 rows affected (0.06 sec)

Query OK, 0 rows affected (0.05 sec)

Query OK, 0 rows affected (0.25 sec)

Query OK, 4924 rows affected (3.02 sec)
Records: 4924  Duplicates: 0  Warnings: 0

+----------------------+
| message              |
+----------------------+
| created temp table a |
+----------------------+
1 row in set (0.00 sec)

Query OK, 4614 rows affected (1.76 sec)
Records: 4614  Duplicates: 0  Warnings: 0

+----------------------+
| message              |
+----------------------+
| created temp table b |
+----------------------+
1 row in set (0.00 sec)

Query OK, 0 rows affected, 1 warning (0.02 sec)

Query OK, 5083 rows affected (10.22 sec)
Records: 5083  Duplicates: 0  Warnings: 0

+--------------------------------+
| message                        |
+--------------------------------+
| created rcbill_my.tempcustmxk1 |
+--------------------------------+
1 row in set (0.00 sec)

Query OK, 0 rows affected (0.00 sec)

Query OK, 0 rows affected (0.00 sec)

Query OK, 0 rows affected, 1 warning (0.00 sec)

Query OK, 4924 rows affected (0.36 sec)
Records: 4924  Duplicates: 0  Warnings: 0

+----------------+
| message        |
+----------------+
| created temp a |
+----------------+
1 row in set (0.00 sec)

Query OK, 4614 rows affected (0.52 sec)
Records: 4614  Duplicates: 0  Warnings: 0

+----------------+
| message        |
+----------------+
| created temp b |
+----------------+
1 row in set (0.00 sec)

Query OK, 0 rows affected, 1 warning (0.00 sec)

Query OK, 4706 rows affected (6.86 sec)
Records: 4706  Duplicates: 0  Warnings: 0

+--------------------------------+
| message                        |
+--------------------------------+
| created rcbill_my.tempcustmxk2 |
+--------------------------------+
1 row in set (0.00 sec)

Query OK, 0 rows affected (0.00 sec)

Query OK, 0 rows affected (0.00 sec)

Query OK, 0 rows affected, 1 warning (0.00 sec)

Query OK, 0 rows affected (0.05 sec)

Query OK, 5389 rows affected (0.33 sec)
Records: 5389  Duplicates: 0  Warnings: 0

+---------------------------------+
| message                         |
+---------------------------------+
| created rcbill_my.customers_mxk |
+---------------------------------+
1 row in set (0.00 sec)

Query OK, 0 rows affected (0.00 sec)

Query OK, 0 rows affected (0.00 sec)

Query OK, 19453 rows affected (0.72 sec)
Records: 19453  Duplicates: 0  Warnings: 0

+----------------+
| message        |
+----------------+
| created temp a |
+----------------+
1 row in set (0.00 sec)

Query OK, 21986 rows affected (3.78 sec)
Records: 21986  Duplicates: 0  Warnings: 0

+----------------+
| message        |
+----------------+
| created temp c |
+----------------+
1 row in set (0.00 sec)

Query OK, 0 rows affected, 1 warning (0.00 sec)

Query OK, 34912 rows affected (0.80 sec)
Records: 34912  Duplicates: 0  Warnings: 0

+---------------------------------+
| message                         |
+---------------------------------+
| created rcbill_my.tempcustcmts1 |
+---------------------------------+
1 row in set (0.00 sec)

Query OK, 0 rows affected (0.00 sec)

Query OK, 0 rows affected, 1 warning (0.00 sec)

Query OK, 0 rows affected (0.02 sec)

Query OK, 19453 rows affected (0.53 sec)
Records: 19453  Duplicates: 0  Warnings: 0

+----------------+
| message        |
+----------------+
| created temp a |
+----------------+
1 row in set (0.00 sec)

Query OK, 21986 rows affected (1.45 sec)
Records: 21986  Duplicates: 0  Warnings: 0

+----------------+
| message        |
+----------------+
| created temp c |
+----------------+
1 row in set (0.00 sec)

Query OK, 0 rows affected, 1 warning (0.00 sec)

Query OK, 23213 rows affected (0.80 sec)
Records: 23213  Duplicates: 0  Warnings: 0

+---------------------------------+
| message                         |
+---------------------------------+
| created rcbill_my.tempcustcmts2 |
+---------------------------------+
1 row in set (0.00 sec)

Query OK, 0 rows affected (0.01 sec)

Query OK, 0 rows affected, 1 warning (0.00 sec)

Query OK, 0 rows affected (0.02 sec)

Query OK, 0 rows affected (0.03 sec)

Query OK, 19532 rows affected (1.47 sec)
Records: 19532  Duplicates: 0  Warnings: 0

+----------------------------------+
| message                          |
+----------------------------------+
| created rcbill_my.customers_cmts |
+----------------------------------+
1 row in set (0.00 sec)

Query OK, 0 rows affected (0.01 sec)

Query OK, 0 rows affected (0.00 sec)

Query OK, 0 rows affected (0.09 sec)

Query OK, 24921 rows affected (1.45 sec)
Records: 24921  Duplicates: 0  Warnings: 0

+--------------------------------------+
| message                              |
+--------------------------------------+
| created rcbill_my.customers_cmts_mxk |
+--------------------------------------+
1 row in set (0.00 sec)

Query OK, 432761 rows affected (30.88 sec)
Records: 432761  Duplicates: 0  Warnings: 0

+----------------+
| message        |
+----------------+
| created temp a |
+----------------+
1 row in set (0.00 sec)

Query OK, 0 rows affected (1.84 sec)

Query OK, 434197 rows affected (26.51 sec)
Records: 434197  Duplicates: 0  Warnings: 0

+------------------------------------------------+
| message                                        |
+------------------------------------------------+
| created rcbill_my.customers_contracts_cmts_mxk |
+------------------------------------------------+
1 row in set (0.00 sec)

Query OK, 0 rows affected (0.01 sec)

Query OK, 0 rows affected, 1 warning (0.00 sec)

Query OK, 0 rows affected, 1 warning (0.00 sec)

Query OK, 0 rows affected (0.00 sec)

Query OK, 7956 rows affected (4.83 sec)
Rows matched: 7956  Changed: 7956  Warnings: 0

+------------------------------------------------+
| message                                        |
+------------------------------------------------+
| updated rcbill_my.customers_contracts_cmts_mxk |
+------------------------------------------------+
1 row in set (0.00 sec)

Query OK, 0 rows affected (0.50 sec)

Query OK, 1608824 rows affected (5 min 20.12 sec)
Records: 1608824  Duplicates: 0  Warnings: 0

+----------------------------------------+
| message                                |
+----------------------------------------+
| created rcbill_my.customers_collection |
+----------------------------------------+
1 row in set (0.00 sec)

Query OK, 0 rows affected (0.63 sec)

Query OK, 1856201 rows affected (2 min 35.21 sec)
Records: 1856201  Duplicates: 0  Warnings: 0

+------------------------------------------------+
| message                                        |
+------------------------------------------------+
| created rcbill_my.customers_cmts_mxk_cont_coll |
+------------------------------------------------+
1 row in set (0.00 sec)

Query OK, 0 rows affected (0.03 sec)

Query OK, 32566 rows affected (11.78 sec)
Records: 32566  Duplicates: 0  Warnings: 0

+------------------------------------------------------------+
| message                                                    |
+------------------------------------------------------------+
| created rcbill_my.customers_contracts_collection_pivot2019 |
+------------------------------------------------------------+
1 row in set (0.00 sec)

Query OK, 0 rows affected (0.33 sec)

Query OK, 18643 rows affected (6.51 sec)
Records: 18643  Duplicates: 0  Warnings: 0

+--------------------------------------------------+
| message                                          |
+--------------------------------------------------+
| created rcbill_my.customers_collection_pivot2019 |
+--------------------------------------------------+
1 row in set (0.00 sec)

Query OK, 0 rows affected (0.06 sec)

Query OK, 42154 rows affected (2.13 sec)
Records: 42154  Duplicates: 0  Warnings: 0

+------------------------------------------------+
| message                                        |
+------------------------------------------------+
| created rcbill_my.rep_customers_collection2019 |
+------------------------------------------------+
1 row in set (0.00 sec)

Query OK, 0 rows affected (0.00 sec)

Query OK, 0 rows affected, 1 warning (0.00 sec)

Query OK, 404809 rows affected (25.09 sec)
Records: 404809  Duplicates: 0  Warnings: 0

+-------------------------+
| message                 |
+-------------------------+
| created rcbill_my.tempa |
+-------------------------+
1 row in set (0.00 sec)

Query OK, 0 rows affected, 1 warning (0.00 sec)

Query OK, 82034 rows affected (16.76 sec)
Records: 82034  Duplicates: 0  Warnings: 0

+-------------------------+
| message                 |
+-------------------------+
| created rcbill_my.tempb |
+-------------------------+
1 row in set (0.00 sec)

Query OK, 404809 rows affected (11.51 sec)
Records: 404809  Duplicates: 0  Warnings: 0

+-----------+
| message   |
+-----------+
| created a |
+-----------+
1 row in set (0.00 sec)

Query OK, 82148 rows affected (10.25 sec)
Records: 82148  Duplicates: 0  Warnings: 0

+-----------+
| message   |
+-----------+
| created b |
+-----------+
1 row in set (0.00 sec)

Query OK, 0 rows affected (0.11 sec)

Query OK, 0 rows affected (0.00 sec)

Query OK, 0 rows affected (0.28 sec)

Query OK, 407472 rows affected (36.13 sec)
Records: 407472  Duplicates: 0  Warnings: 0

+----------------------------------------------+
| message                                      |
+----------------------------------------------+
| created rcbill_my.cust_cont_payment_cmts_mxk |
+----------------------------------------------+
1 row in set (0.00 sec)

Query OK, 0 rows affected (0.01 sec)

Query OK, 0 rows affected (0.00 sec)

Query OK, 0 rows affected, 1 warning (0.00 sec)

Query OK, 0 rows affected (0.08 sec)

Query OK, 42154 rows affected (15.59 sec)
Records: 42154  Duplicates: 0  Warnings: 0

+--------------------------------------------------+
| message                                          |
+--------------------------------------------------+
| created rcbill_my.rep_cust_cont_payment_cmts_mxk |
+--------------------------------------------------+
1 row in set (0.00 sec)

Query OK, 0 rows affected, 1 warning (0.00 sec)

Query OK, 0 rows affected, 1 warning (0.00 sec)

Query OK, 0 rows affected (0.03 sec)

Query OK, 38161 rows affected, 5 warnings (12.90 sec)
Records: 38161  Duplicates: 0  Warnings: 5

+----------------------+
| rep_custconsolidated |
+----------------------+
|                38161 |
+----------------------+
1 row in set (0.05 sec)

Query OK, 0 rows affected (0.00 sec)

Query OK, 0 rows affected (0.17 sec)

+----------------------------------------------+
| message                                      |
+----------------------------------------------+
| creating rcbill_my.retentioncustomeractivity |
+----------------------------------------------+
1 row in set (0.00 sec)

Query OK, 548 rows affected (0.13 sec)
Records: 548  Duplicates: 0  Warnings: 0

+---------------------------+
| retentioncustomeractivity |
+---------------------------+
|                       548 |
+---------------------------+
1 row in set (0.00 sec)

+-----------+------------------------------------+------------+-------------+-----------------+------------------+---------------------+-------------------+
| HFC_NODE  | NODENAME                           | CMTS_DATE  | INSERTED_ON | UNIQUE_ACCOUNTS | UNIQUE_CONTRACTS | UNIQUE_MAC_INRCBOSS | UNIQUE_MAC_INCMTS |
+-----------+------------------------------------+------------+-------------+-----------------+------------------+---------------------+-------------------+
| NULL      | NULL                               | NULL       | 2019-05-02  |           10451 |            11145 |               11241 |                 0 |
| C5/0/0/U0 | ANSE-BOILEAU-2                     | 2019-04-15 | 2019-05-02  |             174 |              180 |                 174 |               176 |
| C5/0/0/U1 | 500-C3-ANSE-BOILEAU                | 2019-04-15 | 2019-05-02  |             177 |              182 |                 177 |               177 |
| C5/0/1/U0 | 501-C4-LA-MISIERE-LEFT-I           | 2019-04-15 | 2019-05-02  |             200 |              206 |                 200 |               201 |
| C5/0/1/U1 | 501-C5-LA-MISIERE-RIGHT            | 2019-04-15 | 2019-05-02  |             106 |              110 |                 106 |               107 |
| C5/0/1/U2 | 501-C7-LA-MISIERE-LEFT-II          | 2019-04-15 | 2019-05-02  |              99 |              105 |                  99 |               102 |
| C5/0/2/U0 | 502-C8-LA-LOUISE                   | 2019-04-15 | 2019-05-02  |             141 |              144 |                 142 |               142 |
| C5/0/2/U1 | LA-LOUISE-2                        | 2019-04-15 | 2019-05-02  |             147 |              150 |                 147 |               148 |
| C5/0/3/U0 | 504-C6-PETIT-PARIS                 | 2019-04-15 | 2019-05-02  |             157 |              162 |                 157 |               157 |
| C5/0/3/U1 | PETIT-PARIS-23                     | 2019-04-15 | 2019-05-02  |              84 |               84 |                  84 |                85 |
| C5/0/4/U0 | FOUR-SEASONS                       | 2019-04-15 | 2019-05-02  |               6 |               22 |                  22 |                23 |
| C5/0/4/U1 | ANCHOR-CAFE-I                      | 2019-04-15 | 2019-05-02  |             153 |              157 |                 153 |               159 |
| C5/0/4/U2 | ANCHOR-CAFE-II                     | 2019-04-15 | 2019-05-02  |             139 |              142 |                 138 |               145 |
| C5/1/0/U0 | POINTE-LARUE-AIRPORT-23            | 2019-04-15 | 2019-05-02  |             107 |              117 |                 109 |               111 |
| C5/1/0/U1 | PPROVIDENCE-23                     | 2019-04-15 | 2019-05-02  |              29 |               32 |                  29 |                29 |
| C5/1/0/U2 | ROSHE-CAIMAN-23                    | 2019-04-15 | 2019-05-02  |              10 |               10 |                  10 |                10 |
| C5/1/0/U3 | HEAD-OFFICE | HO-23                | 2019-04-15 | 2019-05-02  |              23 |               24 |                  23 |                23 |
| C5/1/1/U1 | C5-UNION-VALE                      | 2019-04-15 | 2019-05-02  |             183 |              191 |                 184 |               185 |
| C5/1/3/U0 | POINTE-LARUE-AIRPORT-27            | 2019-04-15 | 2019-05-02  |             126 |              127 |                 126 |               128 |
| C5/1/3/U1 | PPROVIDENCE-27                     | 2019-04-15 | 2019-05-02  |              37 |               38 |                  37 |                37 |
| C5/1/3/U2 | ROSHE-CAIMAN-27                    | 2019-04-15 | 2019-05-02  |              25 |               26 |                  25 |                25 |
| C5/1/3/U3 | HEAD-OFFICE | HO-27                | 2019-04-15 | 2019-05-02  |              25 |               25 |                  25 |                26 |
| C5/1/4/U0 | ANSE-ROYALE-27                     | 2019-04-15 | 2019-05-02  |             191 |              200 |                 192 |               193 |
| C5/1/4/U1 | GLACIS-2-57                        | 2019-04-15 | 2019-05-02  |             137 |              144 |                 136 |               138 |
| C5/1/4/U3 | GLACIS-1                           | 2019-04-15 | 2019-05-02  |              65 |               67 |                  65 |                65 |
| C6/0/1/U0 | SERRET-ROAD-RIGHT/CURIO/PASCAL     | 2019-04-15 | 2019-05-02  |             139 |              144 |                 139 |               140 |
| C6/0/1/U1 | SERRET-ROAD-LEFT/ST.LOUIS/TOWN     | 2019-04-15 | 2019-05-02  |             144 |              152 |                 144 |               144 |
| C6/0/1/U2 | SERRET-ROAD-RIGHT/CURIO/PASCAL-2   | 2019-04-15 | 2019-05-02  |             113 |              116 |                 113 |               114 |
| C6/0/1/U3 | SERRET-ROAD-LEFT/ST.LOUIS/TOWN-2   | 2019-04-15 | 2019-05-02  |             143 |              149 |                 143 |               143 |
| C6/0/2/U0 | SANS-SOUCIS-I                      | 2019-04-15 | 2019-05-02  |             120 |              127 |                 120 |               121 |
| C6/0/2/U1 | SANS-SOUCIS-II                     | 2019-04-15 | 2019-05-02  |             110 |              113 |                 109 |               109 |
| C6/0/2/U2 | BEL-AIR-27                         | 2019-04-15 | 2019-05-02  |              97 |              102 |                  97 |                97 |
| C6/0/2/U3 | BEL-AIR-38                         | 2019-04-15 | 2019-05-02  |             110 |              114 |                 110 |               111 |
| C6/0/3/U0 | LES-MAMELLES-23                    | 2019-04-15 | 2019-05-02  |              95 |               96 |                  95 |                96 |
| C6/0/3/U1 | VICTORIA-23                        | 2019-04-15 | 2019-05-02  |              23 |               27 |                  25 |                28 |
| C6/0/4/U0 | LES-MAMELLES-27                    | 2019-04-15 | 2019-05-02  |              58 |               58 |                  58 |                58 |
| C6/0/4/U1 | VICTORIA-27                        | 2019-04-15 | 2019-05-02  |              37 |               42 |                  38 |                38 |
| C7/1/0/U0 | LA-RETRAITE-23                     | 2019-04-15 | 2019-05-02  |             106 |              111 |                 106 |               107 |
| C7/1/0/U1 | TEA-FACTORY-23                     | 2019-04-15 | 2019-05-02  |              21 |               25 |                  21 |                21 |
| C7/1/0/U2 | PAS-23                             | 2019-04-15 | 2019-05-02  |             119 |              122 |                 120 |               120 |
| C7/1/1/U0 | REEF-ESTATE-23                     | 2019-04-15 | 2019-05-02  |             103 |              105 |                 103 |               103 |
| C7/1/1/U1 | BEL-OMBRE-NEW-23                   | 2019-04-15 | 2019-05-02  |              20 |               26 |                  25 |                26 |
| C7/1/2/U0 | LA-RETRAITE-27                     | 2019-04-15 | 2019-05-02  |             121 |              127 |                 121 |               121 |
| C7/1/2/U1 | TEA-FACTORY-27                     | 2019-04-15 | 2019-05-02  |              25 |               30 |                  28 |                28 |
| C7/1/2/U2 | PAS-27                             | 2019-04-15 | 2019-05-02  |              91 |               98 |                  91 |                91 |
| C7/1/3/U0 | MT-BUXTON-27                       | 2019-04-15 | 2019-05-02  |             174 |              178 |                 173 |               174 |
| C7/1/3/U1 | MT-BUXTON-23                       | 2019-04-15 | 2019-05-02  |              49 |               50 |                  49 |                51 |
| C7/1/4/U0 | REEF-ESTATE-27                     | 2019-04-15 | 2019-05-02  |              61 |               62 |                  61 |                61 |
| C7/1/4/U1 | BEL-OMBRE-NEW-27                   | 2019-04-15 | 2019-05-02  |              30 |               30 |                  30 |                30 |
| C8/0/0/U0 | POLICE-ACADEMY-1-27 - POINTE LARUE | 2019-04-15 | 2019-05-02  |             201 |              203 |                 201 |               202 |
| C8/0/0/U1 | NULL                               | 2019-04-15 | 2019-05-02  |             117 |              123 |                 118 |               119 |
| C8/0/1/U0 | NULL                               | 2019-04-15 | 2019-05-02  |             172 |              180 |                 172 |               173 |
| C8/0/1/U1 | POLICE-ACADEMY-2-27 - TURTLE BAY   | 2019-04-15 | 2019-05-02  |             140 |              143 |                 140 |               143 |
| C8/0/2/U0 | BEAU-VALLON-LEFT-1-57              | 2019-04-15 | 2019-05-02  |             101 |              107 |                 101 |               101 |
| C8/0/3/U1 | BEAU-VALLON-RIGHT-2-57             | 2019-04-15 | 2019-05-02  |             207 |              215 |                 207 |               210 |
| C8/1/0/U0 | MA-JOIE-NODE-27                    | 2019-04-15 | 2019-05-02  |             141 |              146 |                 141 |               143 |
| C8/1/0/U1 | BELONIE-27                         | 2019-04-15 | 2019-05-02  |             149 |              153 |                 147 |               147 |
| C8/1/0/U3 | MA-JOIE-NODE-23                    | 2019-04-15 | 2019-05-02  |              98 |               99 |                  98 |                99 |
| C8/1/1/U0 | 611-C1-ROJN I                      | 2019-04-15 | 2019-05-02  |             177 |              185 |                 177 |               179 |
| C8/1/1/U1 | 611-C5-ROJN II                     | 2019-04-15 | 2019-05-02  |              66 |               68 |                  66 |                68 |
| C8/1/2/U0 | 612-C2-ANSE-ETOILE                 | 2019-04-15 | 2019-05-02  |             186 |              195 |                 185 |               186 |
| C8/1/2/U1 | ANSE-ETOILE-U2                     | 2019-04-15 | 2019-05-02  |              95 |               97 |                  95 |                95 |
| C8/1/3/U0 | 613-C3-ANSE-GAULETTE I             | 2019-04-15 | 2019-05-02  |              72 |               79 |                  72 |                72 |
| C8/1/3/U1 | 613-C7-ANSE-GAULETTE II            | 2019-04-15 | 2019-05-02  |              58 |               63 |                  58 |                59 |
| C8/1/3/U2 | 613-C3-ANSE-GAULETTE III           | 2019-04-15 | 2019-05-02  |              47 |               49 |                  47 |                48 |
| C8/1/3/U3 | TAKAMAKA I                         | 2019-04-15 | 2019-05-02  |              95 |               97 |                  95 |               104 |
| C8/1/3/U4 | TAKAMAKA II                        | 2019-04-15 | 2019-05-02  |              97 |               99 |                  97 |               102 |
| C8/1/4/U0 | 614-BEOLIERE-NODE-1                | 2019-04-15 | 2019-05-02  |             102 |              107 |                 102 |               103 |
| C8/1/4/U1 | 614-BEOLIERE-NODE-2                | 2019-04-15 | 2019-05-02  |             126 |              134 |                 126 |               126 |
+-----------+------------------------------------+------------+-------------+-----------------+------------------+---------------------+-------------------+
69 rows in set (0.41 sec)

+------------------+------------+-------------+-----------------+------------------+----------------------+-------------------+
| MXK_NAME         | MXK_DATE   | INSERTED_ON | UNIQUE_ACCOUNTS | UNIQUE_CONTRACTS | UNIQUE_FSAN_INRCBOSS | UNIQUE_FSAN_INMXK |
+------------------+------------+-------------+-----------------+------------------+----------------------+-------------------+
| NULL             | NULL       | 2019-05-02  |             644 |              667 |                  659 |                 0 |
| MXK-ANSEETOILE   | 2019-04-15 | 2019-05-02  |              67 |               68 |                   68 |                72 |
| MXK-ANSEROYALE   | 2019-04-15 | 2019-05-02  |             129 |              130 |                  130 |               140 |
| MXK-BEAUVALLON   | 2019-04-15 | 2019-05-02  |             993 |             1006 |                 1000 |              1031 |
| MXK-MAHE         | 2019-04-15 | 2019-05-02  |             861 |              892 |                  837 |               965 |
| MXK-PERSEVERANCE | 2019-04-15 | 2019-05-02  |            1021 |             1037 |                 1031 |              1068 |
| MXK-PRASLIN      | 2019-04-15 | 2019-05-02  |            1154 |             1159 |                 1150 |              1210 |
+------------------+------------+-------------+-----------------+------------------+----------------------+-------------------+
7 rows in set (0.25 sec)

mysql> mysql \. C:\workspace\cloud\code\sql\_DailyScript\currenttime.sql
+---------------------+
| currenttime         |
+---------------------+
| 2019-05-02 11:21:16 |
+---------------------+
1 row in set (0.00 sec)

mysql> 
mysql> mysql \. C:\workspace\cloud\code\sql\Analysis\service_tickets_assignments.sql
Query OK, 0 rows affected (0.02 sec)

Query OK, 30511 rows affected (25.15 sec)
Records: 30511  Duplicates: 0  Warnings: 0

+-------------------------+
| rep_servicetickets_2019 |
+-------------------------+
|                   30511 |
+-------------------------+
1 row in set (0.03 sec)

mysql> mysql \. C:\workspace\cloud\code\sql\_DailyScript\currenttime.sql
+---------------------+
| currenttime         |
+---------------------+
| 2019-05-02 11:21:41 |
+---------------------+
1 row in set (0.00 sec)

mysql> 
mysql> mysql \. C:\workspace\cloud\code\sql\_DailyScript\sales-to-activenumber.sql
Database changed
+---------------------------------------+
| message                               |
+---------------------------------------+
| dropped table rcbill_my.salestoactive |
+---------------------------------------+
1 row in set (0.00 sec)

Query OK, 0 rows affected (0.03 sec)

Query OK, 13631 rows affected (2 hours 21 min 43.60 sec)
Records: 13631  Duplicates: 0  Warnings: 0

+---------------------------------------+
| message                               |
+---------------------------------------+
| created table rcbill_my.salestoactive |
+---------------------------------------+
1 row in set (0.00 sec)

Query OK, 0 rows affected (1.00 sec)

+----------------------------------------------+
| message                                      |
+----------------------------------------------+
| dropped table rcbill_my.salestoactivejourney |
+----------------------------------------------+
1 row in set (0.00 sec)

Query OK, 48950 rows affected (7 hours 1 min 27.29 sec)
Records: 48950  Duplicates: 0  Warnings: 0

+----------------------------------------------+
| message                                      |
+----------------------------------------------+
| created table rcbill_my.salestoactivejourney |
+----------------------------------------------+
1 row in set (0.09 sec)

mysql> mysql \. C:\workspace\cloud\code\sql\_DailyScript\currenttime.sql
+---------------------+
| currenttime         |
+---------------------+
| 2019-05-02 20:44:53 |
+---------------------+
1 row in set (0.00 sec)

mysql> 
mysql> exit
