    -> 
    -> mysql \. C:\workspace\cloud\code\sql\_DailyScript\_setdates.sql
Database changed
Query OK, 0 rows affected (0.00 sec)

Query OK, 0 rows affected (0.00 sec)

Query OK, 0 rows affected (0.00 sec)

Query OK, 0 rows affected (0.00 sec)

Query OK, 0 rows affected (0.00 sec)

Query OK, 0 rows affected (0.00 sec)

Query OK, 0 rows affected (0.00 sec)

Query OK, 0 rows affected (0.00 sec)

Query OK, 0 rows affected (0.00 sec)

Query OK, 0 rows affected (0.00 sec)

Query OK, 0 rows affected (0.00 sec)

Query OK, 0 rows affected (0.00 sec)

Query OK, 0 rows affected (0.00 sec)

Query OK, 0 rows affected (0.00 sec)

Query OK, 0 rows affected (0.00 sec)

Query OK, 0 rows affected (0.00 sec)

Query OK, 0 rows affected (0.00 sec)

Query OK, 0 rows affected (0.00 sec)

Query OK, 0 rows affected (0.00 sec)

Query OK, 0 rows affected (0.00 sec)

Query OK, 0 rows affected (0.00 sec)

mysql> mysql \. C:\workspace\cloud\code\sql\_DailyScript\currenttime.sql
+---------------------+
| currenttime         |
+---------------------+
| 2020-03-31 08:02:32 |
+---------------------+
1 row in set (0.00 sec)

mysql> 
mysql> mysql \. C:\workspace\cloud\code\sql\_DailyScript\load_RCB_VODTITLES.sql
Database changed
Query OK, 0 rows affected (0.00 sec)

Query OK, 9991 rows affected (0.32 sec)

Query OK, 9993 rows affected, 9993 warnings (0.16 sec)
Records: 9993  Deleted: 0  Skipped: 0  Warnings: 9993

Query OK, 0 rows affected (0.00 sec)

Query OK, 2 rows affected (0.01 sec)

+-----------+
| VODTITLES |
+-----------+
|     10451 |
+-----------+
1 row in set (0.00 sec)

+-----------+-----------+
| titletype | typecount |
+-----------+-----------+
| E         |      8240 |
| N         |       213 |
| T         |      1538 |
| NULL      |      9991 |
+-----------+-----------+
4 rows in set (0.03 sec)

mysql> mysql \. C:\workspace\cloud\code\sql\_DailyScript\currenttime.sql
+---------------------+
| currenttime         |
+---------------------+
| 2020-03-31 08:02:33 |
+---------------------+
1 row in set (0.00 sec)

mysql> 
mysql> mysql \. C:\workspace\cloud\code\sql\_DailyScript\DAILY-SCRIPT-LIVETV-STATS.sql
Database changed
Query OK, 0 rows affected (0.01 sec)

Query OK, 100763 rows affected (1.65 sec)
Records: 100763  Duplicates: 0  Warnings: 0

+------------+------------+----------+--------------+--------------+-----------+-------------+----------+--------+------+------------+---------+---------------+
| Table      | Non_unique | Key_name | Seq_in_index | Column_name  | Collation | Cardinality | Sub_part | Packed | Null | Index_type | Comment | Index_comment |
+------------+------------+----------+--------------+--------------+-----------+-------------+----------+--------+------+------------+---------+---------------+
| templivetv |          1 | idxtv1   |            1 | device       | A         |      101475 |     NULL | NULL   | YES  | BTREE      |         |               |
| templivetv |          1 | idxtv2   |            1 | sessionstart | A         |      101475 |     NULL | NULL   | YES  | BTREE      |         |               |
+------------+------------+----------+--------------+--------------+-----------+-------------+----------+--------+------+------------+---------+---------------+
2 rows in set (0.00 sec)

Query OK, 100863 rows affected (31.50 sec)
Records: 100863  Duplicates: 0  Warnings: 0

Query OK, 2759 rows affected (0.81 sec)
Records: 2759  Duplicates: 0  Warnings: 0

Query OK, 0 rows affected (0.00 sec)

Query OK, 0 rows affected (0.00 sec)

Query OK, 135 rows affected (0.07 sec)
Records: 135  Duplicates: 0  Warnings: 0

Query OK, 0 rows affected (0.01 sec)

Query OK, 114974 rows affected (31 min 57.85 sec)
Records: 114974  Duplicates: 0  Warnings: 0

+-----------------+
| rep_livetvstats |
+-----------------+
|          114974 |
+-----------------+
1 row in set (0.04 sec)

mysql> mysql \. C:\workspace\cloud\code\sql\_DailyScript\currenttime.sql
+---------------------+
| currenttime         |
+---------------------+
| 2020-03-31 08:35:05 |
+---------------------+
1 row in set (0.00 sec)

mysql> 
mysql> mysql \. C:\workspace\cloud\code\sql\_DailyScript\DAILY-SCRIPT-VODTS-STATS.sql
Database changed
Query OK, 0 rows affected (0.01 sec)

Query OK, 5893 rows affected (1 min 49.65 sec)
Records: 5893  Duplicates: 0  Warnings: 0

+---------+------------+----------+--------------+--------------+-----------+-------------+----------+--------+------+------------+---------+---------------+
| Table   | Non_unique | Key_name | Seq_in_index | Column_name  | Collation | Cardinality | Sub_part | Packed | Null | Index_type | Comment | Index_comment |
+---------+------------+----------+--------------+--------------+-----------+-------------+----------+--------+------+------------+---------+---------------+
| tempvod |          1 | idxtvod1 |            1 | device       | A         |        6119 |     NULL | NULL   | YES  | BTREE      |         |               |
| tempvod |          1 | idxtvod2 |            1 | sessionstart | A         |        6119 |     NULL | NULL   | YES  | BTREE      |         |               |
+---------+------------+----------+--------------+--------------+-----------+-------------+----------+--------+------+------------+---------+---------------+
2 rows in set (0.00 sec)

Query OK, 5843 rows affected (4.17 sec)
Records: 5843  Duplicates: 0  Warnings: 0

Query OK, 0 rows affected (0.03 sec)

Query OK, 559322 rows affected (54.34 sec)
Records: 559322  Duplicates: 0  Warnings: 0

+--------------+
| rep_vodstats |
+--------------+
|       559322 |
+--------------+
1 row in set (0.20 sec)

Database changed
Query OK, 0 rows affected (0.01 sec)

Query OK, 14917 rows affected (5 min 29.85 sec)
Records: 14917  Duplicates: 0  Warnings: 0

+--------+------------+----------+--------------+--------------+-----------+-------------+----------+--------+------+------------+---------+---------------+
| Table  | Non_unique | Key_name | Seq_in_index | Column_name  | Collation | Cardinality | Sub_part | Packed | Null | Index_type | Comment | Index_comment |
+--------+------------+----------+--------------+--------------+-----------+-------------+----------+--------+------+------------+---------+---------------+
| tempts |          1 | idxtts1  |            1 | device       | A         |       15136 |     NULL | NULL   | YES  | BTREE      |         |               |
| tempts |          1 | idxtts2  |            1 | sessionstart | A         |       15136 |     NULL | NULL   | YES  | BTREE      |         |               |
+--------+------------+----------+--------------+--------------+-----------+-------------+----------+--------+------+------------+---------+---------------+
2 rows in set (0.00 sec)

Query OK, 14906 rows affected (13.51 sec)
Records: 14906  Duplicates: 0  Warnings: 0

Query OK, 0 rows affected (0.01 sec)

Query OK, 32114 rows affected (5 min 19.48 sec)
Records: 32114  Duplicates: 0  Warnings: 0

+-------------+
| rep_tsstats |
+-------------+
|       32114 |
+-------------+
1 row in set (0.01 sec)

mysql> mysql \. C:\workspace\cloud\code\sql\_DailyScript\currenttime.sql
+---------------------+
| currenttime         |
+---------------------+
| 2020-03-31 08:48:56 |
+---------------------+
1 row in set (0.00 sec)

mysql> 
mysql> mysql \. C:\workspace\cloud\code\sql\_DailyScript\DAILY-SCRIPT-RADIO-STATS.sql
Database changed
Query OK, 0 rows affected (0.01 sec)

Query OK, 241536 rows affected (6.58 sec)
Records: 241536  Duplicates: 0  Warnings: 0

+-----------+------------+----------+--------------+--------------+-----------+-------------+----------+--------+------+------------+---------+---------------+
| Table     | Non_unique | Key_name | Seq_in_index | Column_name  | Collation | Cardinality | Sub_part | Packed | Null | Index_type | Comment | Index_comment |
+-----------+------------+----------+--------------+--------------+-----------+-------------+----------+--------+------+------------+---------+---------------+
| tempradio |          1 | idxtrad1 |            1 | device       | A         |      242310 |     NULL | NULL   | YES  | BTREE      |         |               |
| tempradio |          1 | idxtrad2 |            1 | sessionstart | A         |      242310 |     NULL | NULL   | YES  | BTREE      |         |               |
+-----------+------------+----------+--------------+--------------+-----------+-------------+----------+--------+------+------------+---------+---------------+
2 rows in set (0.00 sec)

Query OK, 366 rows affected (6.20 sec)
Records: 366  Duplicates: 0  Warnings: 0

Query OK, 0 rows affected (0.02 sec)

Query OK, 4378 rows affected (0.40 sec)
Records: 4378  Duplicates: 0  Warnings: 0

+----------------+
| rep_radiostats |
+----------------+
|           4378 |
+----------------+
1 row in set (0.00 sec)

mysql> mysql \. C:\workspace\cloud\code\sql\_DailyScript\currenttime.sql
+---------------------+
| currenttime         |
+---------------------+
| 2020-03-31 08:49:09 |
+---------------------+
1 row in set (0.00 sec)

mysql> 
mysql> mysql \. C:\workspace\cloud\code\sql\_DailyScript\DAILY_SCRIPT_TELEMETRY_PIVOT_2020.sql
Query OK, 0 rows affected (0.01 sec)

Query OK, 144 rows affected (0.29 sec)
Records: 144  Duplicates: 0  Warnings: 0

Query OK, 0 rows affected (0.01 sec)

Query OK, 8198 rows affected (1.33 sec)
Records: 8198  Duplicates: 0  Warnings: 0

Query OK, 0 rows affected (0.01 sec)

Query OK, 8 rows affected (0.01 sec)
Records: 8  Duplicates: 0  Warnings: 0

Query OK, 0 rows affected (0.00 sec)

Query OK, 47 rows affected (0.10 sec)
Records: 47  Duplicates: 0  Warnings: 0

mysql> mysql \. C:\workspace\cloud\code\sql\_DailyScript\currenttime.sql
+---------------------+
| currenttime         |
+---------------------+
| 2020-03-31 08:49:11 |
+---------------------+
1 row in set (0.00 sec)

mysql> 
mysql> mysql \. C:\workspace\cloud\code\sql\_DailyScript\telemetry_livetv_ranking2020.sql
Query OK, 0 rows affected (0.00 sec)

Query OK, 144 rows affected (0.01 sec)
Records: 144  Duplicates: 0  Warnings: 0

mysql> mysql \. C:\workspace\cloud\code\sql\_DailyScript\currenttime.sql
+---------------------+
| currenttime         |
+---------------------+
| 2020-03-31 08:49:11 |
+---------------------+
1 row in set (0.00 sec)

mysql> 
mysql> mysql \. C:\workspace\cloud\code\sql\_DailyScript\telemetry_radio_ranking2020.sql
Query OK, 0 rows affected (0.00 sec)

Query OK, 8 rows affected (0.01 sec)
Records: 8  Duplicates: 0  Warnings: 0

mysql> mysql \. C:\workspace\cloud\code\sql\_DailyScript\currenttime.sql
+---------------------+
| currenttime         |
+---------------------+
| 2020-03-31 08:49:11 |
+---------------------+
1 row in set (0.00 sec)

mysql> 
mysql> mysql \. C:\workspace\cloud\code\sql\_DailyScript\telemetry_ts_ranking2020.sql
Query OK, 0 rows affected (0.00 sec)

Query OK, 47 rows affected (0.07 sec)
Records: 47  Duplicates: 0  Warnings: 0

mysql> mysql \. C:\workspace\cloud\code\sql\_DailyScript\currenttime.sql
+---------------------+
| currenttime         |
+---------------------+
| 2020-03-31 08:49:11 |
+---------------------+
1 row in set (0.00 sec)

mysql> 
mysql> mysql \. C:\workspace\cloud\code\sql\_DailyScript\telemetry_vod_ranking2020.sql
Query OK, 0 rows affected (0.00 sec)

Query OK, 8198 rows affected (0.38 sec)
Records: 8198  Duplicates: 0  Warnings: 0

mysql> mysql \. C:\workspace\cloud\code\sql\_DailyScript\currenttime.sql
+---------------------+
| currenttime         |
+---------------------+
| 2020-03-31 08:49:12 |
+---------------------+
1 row in set (0.00 sec)

mysql> 
mysql> mysql \. C:\workspace\cloud\code\sql\_DailyScript\telemetry_vod_ranking2020_1.sql
Query OK, 0 rows affected (0.00 sec)

Query OK, 8198 rows affected (0.19 sec)
Records: 8198  Duplicates: 0  Warnings: 0

mysql> mysql \. C:\workspace\cloud\code\sql\_DailyScript\currenttime.sql
+---------------------+
| currenttime         |
+---------------------+
| 2020-03-31 08:49:12 |
+---------------------+
1 row in set (0.00 sec)

mysql> 
mysql> mysql \. C:\workspace\cloud\code\sql\_DailyScript\telemetry_vod_ranking2020_2.sql
Query OK, 0 rows affected (0.00 sec)

Query OK, 8198 rows affected (0.20 sec)
Records: 8198  Duplicates: 0  Warnings: 0

mysql> mysql \. C:\workspace\cloud\code\sql\_DailyScript\currenttime.sql
+---------------------+
| currenttime         |
+---------------------+
| 2020-03-31 08:49:12 |
+---------------------+
1 row in set (0.00 sec)

mysql> 
mysql> mysql \. C:\workspace\cloud\code\sql\_DailyScript\DAILY-SCRIPT-CREATE-LOAD.sql
Database changed
Database changed
Query OK, 0 rows affected (0.03 sec)

Query OK, 0 rows affected (0.01 sec)

Database changed
Query OK, 66399 rows affected (3.27 sec)
Records: 66399  Deleted: 0  Skipped: 0  Warnings: 0

Query OK, 0 rows affected (0.17 sec)
Records: 0  Duplicates: 0  Warnings: 0

Query OK, 0 rows affected (0.27 sec)
Records: 0  Duplicates: 0  Warnings: 0

Query OK, 0 rows affected (0.26 sec)
Records: 0  Duplicates: 0  Warnings: 0

Query OK, 0 rows affected (0.25 sec)
Records: 0  Duplicates: 0  Warnings: 0

+---------+
| clients |
+---------+
|   66399 |
+---------+
1 row in set (0.02 sec)

Query OK, 0 rows affected (0.00 sec)

Query OK, 8920 rows affected (5.66 sec)
Records: 8920  Duplicates: 0  Warnings: 0

Query OK, 0 rows affected (0.07 sec)
Records: 0  Duplicates: 0  Warnings: 0

+-------------------+
| rcb_clientparcels |
+-------------------+
|              8920 |
+-------------------+
1 row in set (0.00 sec)

Query OK, 0 rows affected (0.01 sec)

Query OK, 79749 rows affected (3.88 sec)
Records: 79749  Duplicates: 0  Warnings: 0

Query OK, 0 rows affected (0.29 sec)
Records: 0  Duplicates: 0  Warnings: 0

Query OK, 0 rows affected (0.02 sec)

Query OK, 66399 rows affected (18.32 sec)
Records: 66399  Duplicates: 0  Warnings: 0

Query OK, 0 rows affected (0.24 sec)
Records: 0  Duplicates: 0  Warnings: 0

Query OK, 0 rows affected (0.25 sec)
Records: 0  Duplicates: 0  Warnings: 0

Query OK, 0 rows affected (0.19 sec)
Records: 0  Duplicates: 0  Warnings: 0

+---------------+
| clientaddress |
+---------------+
|         66399 |
+---------------+
1 row in set (0.02 sec)

Database changed
Query OK, 0 rows affected (0.03 sec)

Query OK, 0 rows affected (0.01 sec)

Database changed
Query OK, 507276 rows affected, 65535 warnings (18.22 sec)
Records: 507276  Deleted: 0  Skipped: 0  Warnings: 202959

Query OK, 0 rows affected (7.25 sec)
Records: 0  Duplicates: 0  Warnings: 0

Query OK, 0 rows affected (4.74 sec)
Records: 0  Duplicates: 0  Warnings: 0

Query OK, 0 rows affected (3.11 sec)
Records: 0  Duplicates: 0  Warnings: 0

Query OK, 0 rows affected (0.08 sec)

Query OK, 507276 rows affected (53.19 sec)
Records: 507276  Duplicates: 0  Warnings: 0

Query OK, 0 rows affected (2.01 sec)
Records: 0  Duplicates: 0  Warnings: 0

Query OK, 0 rows affected (1.51 sec)
Records: 0  Duplicates: 0  Warnings: 0

+-----------+
| contracts |
+-----------+
|    507276 |
+-----------+
1 row in set (0.19 sec)

+-----------------+
| contractaddress |
+-----------------+
|          507276 |
+-----------------+
1 row in set (0.18 sec)

Database changed
Query OK, 0 rows affected (0.01 sec)

Query OK, 0 rows affected (0.01 sec)

Query OK, 7318 rows affected (0.20 sec)
Records: 7318  Deleted: 0  Skipped: 0  Warnings: 0

Query OK, 0 rows affected (0.01 sec)

Query OK, 7287 rows affected (1.90 sec)
Records: 7287  Duplicates: 0  Warnings: 0

Query OK, 0 rows affected (0.04 sec)
Records: 0  Duplicates: 0  Warnings: 0

Query OK, 0 rows affected (0.03 sec)

Query OK, 5644 rows affected (0.09 sec)
Records: 5644  Duplicates: 0  Warnings: 0

Query OK, 0 rows affected (0.03 sec)
Records: 0  Duplicates: 0  Warnings: 0

+-------------------+
| contractdiscounts |
+-------------------+
|              7318 |
+-------------------+
1 row in set (0.00 sec)

+-------------------------+
| clientcontractdiscounts |
+-------------------------+
|                    7287 |
+-------------------------+
1 row in set (0.00 sec)

+----------------------------+
| clientcontractlastdiscount |
+----------------------------+
|                       5644 |
+----------------------------+
1 row in set (0.00 sec)

Database changed
Query OK, 0 rows affected (0.16 sec)

Query OK, 0 rows affected (0.01 sec)

Database changed
Query OK, 134481 rows affected, 4 warnings (3.29 sec)
Records: 134481  Deleted: 0  Skipped: 0  Warnings: 4

Query OK, 0 rows affected (0.45 sec)
Records: 0  Duplicates: 0  Warnings: 0

Query OK, 0 rows affected (0.40 sec)
Records: 0  Duplicates: 0  Warnings: 0

Query OK, 0 rows affected (0.40 sec)
Records: 0  Duplicates: 0  Warnings: 0

Query OK, 0 rows affected (0.38 sec)
Records: 0  Duplicates: 0  Warnings: 0

Query OK, 0 rows affected (0.45 sec)
Records: 0  Duplicates: 0  Warnings: 0

Query OK, 0 rows affected (0.76 sec)
Records: 0  Duplicates: 0  Warnings: 0

Query OK, 0 rows affected (0.14 sec)

Query OK, 1731490 rows affected (2 min 55.47 sec)
Records: 1731490  Duplicates: 0  Warnings: 0

+---------+
| devices |
+---------+
|  134481 |
+---------+
1 row in set (0.05 sec)

+-----------------------+
| clientcontractdevices |
+-----------------------+
|               1731490 |
+-----------------------+
1 row in set (0.68 sec)

Query OK, 0 rows affected (0.01 sec)

Query OK, 134304 rows affected (9.02 sec)
Records: 134304  Duplicates: 0  Warnings: 0

+---------------------------+
| rep_clientcontractdevices |
+---------------------------+
|                    134304 |
+---------------------------+
1 row in set (0.05 sec)

Database changed
Query OK, 0 rows affected (0.10 sec)

Query OK, 0 rows affected (0.09 sec)

Query OK, 278783 rows affected (8.80 sec)
Records: 278783  Deleted: 0  Skipped: 0  Warnings: 0

Query OK, 0 rows affected (0.79 sec)
Records: 0  Duplicates: 0  Warnings: 0

Query OK, 0 rows affected (0.70 sec)
Records: 0  Duplicates: 0  Warnings: 0

Query OK, 0 rows affected (0.71 sec)
Records: 0  Duplicates: 0  Warnings: 0

Query OK, 0 rows affected (0.64 sec)
Records: 0  Duplicates: 0  Warnings: 0

+---------+
| tickets |
+---------+
|  278783 |
+---------+
1 row in set (0.10 sec)

Database changed
Query OK, 0 rows affected (0.21 sec)

Query OK, 0 rows affected (0.01 sec)

Empty set (0.00 sec)

Query OK, 0 rows affected (0.02 sec)
Records: 0  Duplicates: 0  Warnings: 0

Query OK, 354 rows affected, 2 warnings (0.03 sec)
Records: 354  Deleted: 0  Skipped: 0  Warnings: 2

+-----------------+
| tickettechusers |
+-----------------+
|             354 |
+-----------------+
1 row in set (0.00 sec)

Database changed
Query OK, 0 rows affected (0.02 sec)

Query OK, 0 rows affected (0.01 sec)

Query OK, 0 rows affected (0.01 sec)
Records: 0  Duplicates: 0  Warnings: 0

Query OK, 599814 rows affected, 45295 warnings (12.01 sec)
Records: 599814  Deleted: 0  Skipped: 0  Warnings: 45295

+-------------------+
| ticketassignments |
+-------------------+
|            599814 |
+-------------------+
1 row in set (0.19 sec)

Database changed
Query OK, 0 rows affected (0.08 sec)

Query OK, 0 rows affected (0.04 sec)

Query OK, 1228603 rows affected (18.74 sec)
Records: 1228603  Deleted: 0  Skipped: 0  Warnings: 0

Query OK, 0 rows affected (9.09 sec)
Records: 0  Duplicates: 0  Warnings: 0

Query OK, 0 rows affected (3.73 sec)
Records: 0  Duplicates: 0  Warnings: 0

Query OK, 0 rows affected (2.90 sec)
Records: 0  Duplicates: 0  Warnings: 0

Query OK, 0 rows affected (3.79 sec)
Records: 0  Duplicates: 0  Warnings: 0

+----------------+
| ticketcomments |
+----------------+
|        1228603 |
+----------------+
1 row in set (0.39 sec)

Database changed
Query OK, 0 rows affected (0.01 sec)

Query OK, 0 rows affected (0.01 sec)

Query OK, 440440 rows affected (47.10 sec)
Records: 440440  Deleted: 0  Skipped: 0  Warnings: 0

Query OK, 0 rows affected (2.27 sec)
Records: 0  Duplicates: 0  Warnings: 0

+----------+
| comments |
+----------+
|   440440 |
+----------+
1 row in set (0.14 sec)

Database changed
Query OK, 0 rows affected (0.04 sec)

Query OK, 0 rows affected (0.01 sec)

Query OK, 1177287 rows affected, 65535 warnings (1 min 12.22 sec)
Records: 1177287  Deleted: 0  Skipped: 0  Warnings: 1177303

Query OK, 0 rows affected (6.61 sec)
Records: 0  Duplicates: 0  Warnings: 0

Query OK, 0 rows affected (3.65 sec)
Records: 0  Duplicates: 0  Warnings: 0

Query OK, 0 rows affected (3.44 sec)
Records: 0  Duplicates: 0  Warnings: 0

Query OK, 0 rows affected (3.57 sec)
Records: 0  Duplicates: 0  Warnings: 0

Query OK, 0 rows affected (5.42 sec)
Records: 0  Duplicates: 0  Warnings: 0

+------------+
| devicesold |
+------------+
|    1177287 |
+------------+
1 row in set (0.42 sec)

Database changed
Query OK, 0 rows affected (0.03 sec)

Query OK, 0 rows affected (0.02 sec)

Query OK, 1725070 rows affected (27.81 sec)
Records: 1725070  Deleted: 0  Skipped: 0  Warnings: 0

Query OK, 0 rows affected (7.49 sec)
Records: 0  Duplicates: 0  Warnings: 0

Query OK, 0 rows affected (5.06 sec)
Records: 0  Duplicates: 0  Warnings: 0

Query OK, 0 rows affected (5.10 sec)
Records: 0  Duplicates: 0  Warnings: 0

+------------------+
| contractservices |
+------------------+
|          1725070 |
+------------------+
1 row in set (0.56 sec)

Database changed
Query OK, 0 rows affected (0.15 sec)

Query OK, 0 rows affected (0.01 sec)

Query OK, 4041555 rows affected (2 min 21.51 sec)
Records: 4041555  Deleted: 0  Skipped: 0  Warnings: 0

Query OK, 0 rows affected (14.70 sec)
Records: 0  Duplicates: 0  Warnings: 0

Query OK, 0 rows affected (13.88 sec)
Records: 0  Duplicates: 0  Warnings: 0

Query OK, 0 rows affected (17.95 sec)
Records: 0  Duplicates: 0  Warnings: 0

Query OK, 0 rows affected (14.44 sec)
Records: 0  Duplicates: 0  Warnings: 0

+------------------+
| invoicescontents |
+------------------+
|          4041555 |
+------------------+
1 row in set (1.42 sec)

Database changed
Query OK, 0 rows affected (0.16 sec)

Query OK, 0 rows affected (0.01 sec)

Query OK, 2825270 rows affected (3 min 23.61 sec)
Records: 2825270  Deleted: 0  Skipped: 0  Warnings: 0

Query OK, 0 rows affected (16.87 sec)
Records: 0  Duplicates: 0  Warnings: 0

Query OK, 0 rows affected (15.44 sec)
Records: 0  Duplicates: 0  Warnings: 0

Query OK, 0 rows affected (13.67 sec)
Records: 0  Duplicates: 0  Warnings: 0

Query OK, 0 rows affected (12.10 sec)
Records: 0  Duplicates: 0  Warnings: 0

Query OK, 0 rows affected (12.23 sec)
Records: 0  Duplicates: 0  Warnings: 0

+----------------+
| invoicesheader |
+----------------+
|        2825270 |
+----------------+
1 row in set (0.93 sec)

Database changed
Query OK, 0 rows affected (0.05 sec)

Query OK, 0 rows affected (0.01 sec)

Query OK, 2899671 rows affected (1 min 29.68 sec)
Records: 2899671  Deleted: 0  Skipped: 0  Warnings: 0

Query OK, 0 rows affected (10.82 sec)
Records: 0  Duplicates: 0  Warnings: 0

Query OK, 0 rows affected (10.33 sec)
Records: 0  Duplicates: 0  Warnings: 0

Query OK, 0 rows affected (10.13 sec)
Records: 0  Duplicates: 0  Warnings: 0

Query OK, 0 rows affected (8.34 sec)
Records: 0  Duplicates: 0  Warnings: 0

+---------+
| casa    |
+---------+
| 2899671 |
+---------+
1 row in set (0.97 sec)

Query OK, 0 rows affected (0.01 sec)

Query OK, 13910 rows affected (1 min 21.25 sec)
Records: 13910  Duplicates: 0  Warnings: 0

+--------------------+
| rep_paycol_channel |
+--------------------+
|              13910 |
+--------------------+
1 row in set (0.01 sec)

Query OK, 0 rows affected (0.01 sec)

Query OK, 9979 rows affected (1 min 40.36 sec)
Records: 9979  Duplicates: 0  Warnings: 0

+----------------+
| rep_paycol_pos |
+----------------+
|           9979 |
+----------------+
1 row in set (0.01 sec)

Database changed
Query OK, 0 rows affected (0.01 sec)

Query OK, 0 rows affected (0.01 sec)

Database changed
Query OK, 39150 rows affected (1.06 sec)
Records: 39150  Deleted: 0  Skipped: 0  Warnings: 0

+-------+
| users |
+-------+
| 39150 |
+-------+
1 row in set (0.02 sec)

Query OK, 0 rows affected (0.09 sec)
Records: 0  Duplicates: 0  Warnings: 0

Database changed
Query OK, 0 rows affected (0.08 sec)

Query OK, 0 rows affected (0.01 sec)

Query OK, 1872898 rows affected, 2 warnings (34.68 sec)
Records: 1872898  Deleted: 0  Skipped: 0  Warnings: 2

Query OK, 0 rows affected (8.84 sec)
Records: 0  Duplicates: 0  Warnings: 0

Query OK, 0 rows affected (4.81 sec)
Records: 0  Duplicates: 0  Warnings: 0

Query OK, 0 rows affected (5.96 sec)
Records: 0  Duplicates: 0  Warnings: 0

Query OK, 0 rows affected (4.51 sec)
Records: 0  Duplicates: 0  Warnings: 0

Query OK, 0 rows affected (5.25 sec)
Records: 0  Duplicates: 0  Warnings: 0

+-------------+
| useractions |
+-------------+
|     1872898 |
+-------------+
1 row in set (0.65 sec)

Database changed
Query OK, 0 rows affected (0.06 sec)

Query OK, 0 rows affected (0.01 sec)

Database changed
Query OK, 16251995 rows affected (3 min 42.72 sec)
Records: 16251995  Deleted: 0  Skipped: 0  Warnings: 0

Query OK, 0 rows affected (52.84 sec)
Records: 0  Duplicates: 0  Warnings: 0

Query OK, 0 rows affected (52.46 sec)
Records: 0  Duplicates: 0  Warnings: 0

Query OK, 0 rows affected (50.80 sec)
Records: 0  Duplicates: 0  Warnings: 0

Query OK, 0 rows affected (47.05 sec)
Records: 0  Duplicates: 0  Warnings: 0

+----------+
| ipusage1 |
+----------+
| 16251995 |
+----------+
1 row in set (10.11 sec)

Query OK, 0 rows affected (0.15 sec)

Query OK, 16396861 rows affected, 65535 warnings (19 min 7.06 sec)
Records: 16396861  Duplicates: 0  Warnings: 16392505

Query OK, 0 rows affected (49.06 sec)
Records: 0  Duplicates: 0  Warnings: 0

Query OK, 0 rows affected (53.80 sec)
Records: 0  Duplicates: 0  Warnings: 0

Query OK, 0 rows affected (50.55 sec)
Records: 0  Duplicates: 0  Warnings: 0

Query OK, 0 rows affected (46.24 sec)
Records: 0  Duplicates: 0  Warnings: 0

Query OK, 0 rows affected (1 min 9.44 sec)
Records: 0  Duplicates: 0  Warnings: 0

Query OK, 0 rows affected (1 min 19.20 sec)
Records: 0  Duplicates: 0  Warnings: 0

Query OK, 0 rows affected (1 min 14.85 sec)
Records: 0  Duplicates: 0  Warnings: 0

+----------+
| ipusage  |
+----------+
| 16396861 |
+----------+
1 row in set (8.45 sec)

Query OK, 0 rows affected (0.22 sec)

Query OK, 4112634 rows affected (4 min 16.24 sec)
Records: 4112634  Duplicates: 0  Warnings: 0

Query OK, 0 rows affected (15.05 sec)
Records: 0  Duplicates: 0  Warnings: 0

Query OK, 0 rows affected (12.74 sec)
Records: 0  Duplicates: 0  Warnings: 0

Query OK, 0 rows affected (14.78 sec)
Records: 0  Duplicates: 0  Warnings: 0

Query OK, 0 rows affected (19.92 sec)
Records: 0  Duplicates: 0  Warnings: 0

Query OK, 0 rows affected (8.53 sec)
Records: 0  Duplicates: 0  Warnings: 0

Query OK, 0 rows affected (0.05 sec)

Query OK, 345136 rows affected (35.27 sec)
Records: 345136  Duplicates: 0  Warnings: 0

Query OK, 0 rows affected (1.25 sec)
Records: 0  Duplicates: 0  Warnings: 0

Query OK, 0 rows affected (1.20 sec)
Records: 0  Duplicates: 0  Warnings: 0

Query OK, 0 rows affected (1.39 sec)
Records: 0  Duplicates: 0  Warnings: 0

Query OK, 0 rows affected (0.75 sec)
Records: 0  Duplicates: 0  Warnings: 0

Query OK, 0 rows affected (0.73 sec)
Records: 0  Duplicates: 0  Warnings: 0

Query OK, 0 rows affected (0.70 sec)
Records: 0  Duplicates: 0  Warnings: 0

Query OK, 0 rows affected (0.73 sec)
Records: 0  Duplicates: 0  Warnings: 0

Query OK, 0 rows affected (0.04 sec)

Query OK, 1724875 rows affected (1 min 8.21 sec)
Records: 1724875  Duplicates: 0  Warnings: 0

Query OK, 0 rows affected (8.61 sec)
Records: 0  Duplicates: 0  Warnings: 0

Query OK, 0 rows affected (5.01 sec)
Records: 0  Duplicates: 0  Warnings: 0

Query OK, 0 rows affected (6.63 sec)
Records: 0  Duplicates: 0  Warnings: 0

mysql> mysql \. C:\workspace\cloud\code\sql\_DailyScript\currenttime.sql
+---------------------+
| currenttime         |
+---------------------+
| 2020-03-31 09:54:14 |
+---------------------+
1 row in set (0.00 sec)

mysql> 
mysql> mysql \. C:\workspace\cloud\code\sql\_DailyScript\ticket_analysis.sql
Database changed
Query OK, 0 rows affected (0.11 sec)

Query OK, 589574 rows affected (32.06 sec)
Records: 589574  Duplicates: 0  Warnings: 0

Query OK, 0 rows affected (6.74 sec)
Records: 0  Duplicates: 0  Warnings: 0

Query OK, 0 rows affected (1.75 sec)
Records: 0  Duplicates: 0  Warnings: 0

Query OK, 0 rows affected (2.12 sec)
Records: 0  Duplicates: 0  Warnings: 0

Query OK, 0 rows affected (0.02 sec)

Query OK, 19686 rows affected (13.20 sec)
Records: 19686  Duplicates: 0  Warnings: 0

Query OK, 0 rows affected, 1 warning (0.00 sec)

Query OK, 82008 rows affected (7.46 sec)
Records: 82008  Duplicates: 0  Warnings: 0

Query OK, 0 rows affected, 1 warning (0.00 sec)

Query OK, 423180 rows affected (13.36 sec)
Records: 423180  Duplicates: 0  Warnings: 0

Query OK, 0 rows affected, 1 warning (0.00 sec)

Query OK, 423180 rows affected (14.41 sec)
Records: 423180  Duplicates: 0  Warnings: 0

Query OK, 0 rows affected (0.04 sec)

Query OK, 82071 rows affected (4.65 sec)
Records: 82071  Duplicates: 0  Warnings: 0

Database changed
Query OK, 0 rows affected (0.00 sec)

Query OK, 0 rows affected (0.02 sec)

Query OK, 589574 rows affected (27.46 sec)
Records: 589574  Duplicates: 0  Warnings: 0

Query OK, 0 rows affected (0.01 sec)

Query OK, 292366 rows affected (17.67 sec)
Records: 292366  Duplicates: 0  Warnings: 0

+--------------------------+
| clientticket_cmmtjourney |
+--------------------------+
|                   589574 |
+--------------------------+
1 row in set (2.49 sec)

+---------------------------+
| clientticket_assgnjourney |
+---------------------------+
|                    292366 |
+---------------------------+
1 row in set (0.38 sec)

Query OK, 0 rows affected (0.02 sec)

Query OK, 72 rows affected (0.08 sec)
Records: 72  Duplicates: 0  Warnings: 0

mysql> mysql \. C:\workspace\cloud\code\sql\_DailyScript\currenttime.sql
+---------------------+
| currenttime         |
+---------------------+
| 2020-03-31 09:56:38 |
+---------------------+
1 row in set (0.00 sec)

mysql> 
mysql> mysql \. C:\workspace\cloud\code\sql\_DailyScript\load_DailyCalls.sql
Database changed
Query OK, 881 rows affected (0.86 sec)
Records: 881  Deleted: 0  Skipped: 0  Warnings: 0

Query OK, 0 rows affected, 1 warning (0.00 sec)

Query OK, 861 rows affected (0.17 sec)
Records: 861  Duplicates: 0  Warnings: 0

Query OK, 0 rows affected, 1 warning (0.00 sec)

Query OK, 66188 rows affected (0.38 sec)
Records: 66188  Duplicates: 0  Warnings: 0

+----------------------+
| callingclientsbefore |
+----------------------+
|               879983 |
+----------------------+
1 row in set (1.99 sec)

Query OK, 1168 rows affected (21.16 sec)
Records: 1168  Duplicates: 0  Warnings: 0

+---------------------+
| callingclientsafter |
+---------------------+
|              881151 |
+---------------------+
1 row in set (0.28 sec)

Query OK, 0 rows affected (0.03 sec)

Query OK, 549 rows affected (19.91 sec)
Records: 549  Duplicates: 0  Warnings: 0

Query OK, 0 rows affected (0.00 sec)

Query OK, 17798 rows affected (3.15 sec)
Records: 17798  Duplicates: 0  Warnings: 0

+-----------+
| callstats |
+-----------+
|     17798 |
+-----------+
1 row in set (0.01 sec)

Query OK, 0 rows affected, 1 warning (0.00 sec)

Query OK, 1168 rows affected (16.54 sec)
Records: 1168  Duplicates: 0  Warnings: 0

+------------------------+
| rep_cccallreportbefore |
+------------------------+
|                 884537 |
+------------------------+
1 row in set (0.27 sec)

Query OK, 1168 rows affected (1.00 sec)
Records: 1168  Duplicates: 0  Warnings: 0

+-----------------------+
| rep_cccallreportafter |
+-----------------------+
|                885705 |
+-----------------------+
1 row in set (0.28 sec)

Query OK, 0 rows affected (0.01 sec)

mysql> mysql \. C:\workspace\cloud\code\sql\_DailyScript\currenttime.sql
+---------------------+
| currenttime         |
+---------------------+
| 2020-03-31 09:57:44 |
+---------------------+
1 row in set (0.00 sec)

mysql> 
mysql> mysql \. C:\workspace\cloud\code\sql\_DailyScript\DAILY-SCRIPT-USAGE.sql
Database changed
Query OK, 0 rows affected (0.00 sec)

Query OK, 8691 rows affected, 25247 warnings (4.21 sec)
Records: 8691  Deleted: 0  Skipped: 0  Warnings: 25247

Query OK, 0 rows affected (0.00 sec)

Query OK, 13414 rows affected, 38914 warnings (6.39 sec)
Records: 13414  Deleted: 0  Skipped: 0  Warnings: 38914

Query OK, 0 rows affected (0.00 sec)

Query OK, 230 rows affected, 834 warnings (0.07 sec)
Records: 230  Deleted: 0  Skipped: 0  Warnings: 834

Query OK, 0 rows affected (0.00 sec)

Query OK, 239 rows affected, 823 warnings (0.05 sec)
Records: 239  Deleted: 0  Skipped: 0  Warnings: 823

+------------+
| dailyusage |
+------------+
|   11228310 |
+------------+
1 row in set (42.48 sec)

+------------+------------+------------+---------+
| datestart  | dateend    | insertedon | records |
+------------+------------+------------+---------+
| 2020-03-30 | 2020-03-30 | 2020-03-31 |   22574 |
| 2020-03-29 | 2020-03-29 | 2020-03-30 |   21978 |
| 2020-03-28 | 2020-03-28 | 2020-03-29 |   22564 |
| 2020-03-27 | 2020-03-27 | 2020-03-28 |   22720 |
| 2020-03-26 | 2020-03-26 | 2020-03-27 |   23032 |
+------------+------------+------------+---------+
5 rows in set (5 min 8.96 sec)

mysql> mysql \. C:\workspace\cloud\code\sql\_DailyScript\currenttime.sql
+---------------------+
| currenttime         |
+---------------------+
| 2020-03-31 10:03:46 |
+---------------------+
1 row in set (0.00 sec)

mysql> 
mysql> mysql \. C:\workspace\cloud\code\sql\_DailyScript\DAILY-SCRIPT-SALES-TELEMETRY.sql
Database changed
Query OK, 160 rows affected, 47 warnings (0.17 sec)
Records: 160  Deleted: 0  Skipped: 0  Warnings: 47

+------------+
| dailysales |
+------------+
|     190212 |
+------------+
1 row in set (0.45 sec)

Query OK, 0 rows affected (0.07 sec)

Query OK, 190212 rows affected (25.47 sec)
Records: 190212  Duplicates: 0  Warnings: 0

+--------+
| sales  |
+--------+
| 190212 |
+--------+
1 row in set (0.09 sec)

Query OK, 0 rows affected (0.03 sec)

Query OK, 3047 rows affected (0.37 sec)
Records: 3047  Duplicates: 0  Warnings: 0

+----------------+
| rep_dailysales |
+----------------+
|           3047 |
+----------------+
1 row in set (0.00 sec)

Query OK, 0 rows affected (0.02 sec)

Query OK, 3047 rows affected (0.57 sec)
Records: 3047  Duplicates: 0  Warnings: 0

+-------------------+
| rep_dailysalesreg |
+-------------------+
|              3047 |
+-------------------+
1 row in set (0.00 sec)

Query OK, 0 rows affected (0.01 sec)

Query OK, 2698 rows affected (0.75 sec)
Records: 2698  Duplicates: 0  Warnings: 0

+-----------+
| saleslist |
+-----------+
|      2698 |
+-----------+
1 row in set (0.00 sec)

Database changed
ERROR 2 (HY000): File 'C:\ProgramData\MySQL\MySQL Server 5.7\Uploads\_csv\PrepaidCardSales-30032020-P1.csv' not found (Errcode: 2 - No such file or directory)
+------------------+
| dailysinglesales |
+------------------+
|             6222 |
+------------------+
1 row in set (0.09 sec)

Database changed
Query OK, 19 rows affected (0.10 sec)
Records: 19  Deleted: 0  Skipped: 0  Warnings: 0

+-----------------+
| dailyaddonsales |
+-----------------+
|           18736 |
+-----------------+
1 row in set (0.11 sec)

Query OK, 217 rows affected (0.55 sec)
Records: 217  Deleted: 0  Skipped: 0  Warnings: 0

+----------------+
| onlinepayments |
+----------------+
|          87241 |
+----------------+
1 row in set (0.17 sec)

+-------------+----------------+---------------------+
| paymentdate | onlinepayments | onlinepaymentamount |
+-------------+----------------+---------------------+
| 2020-03-30  |            217 |        139808.55000 |
| 2020-03-29  |            168 |         96794.25000 |
| 2020-03-28  |            243 |        154000.16000 |
| 2020-03-27  |            266 |        180813.57000 |
| 2020-03-26  |            275 |        161149.79000 |
+-------------+----------------+---------------------+
5 rows in set (5.66 sec)

+-------------+--------------+----------------+---------------------+
| paymentyear | paymentmonth | onlinepayments | onlinepaymentamount |
+-------------+--------------+----------------+---------------------+
|        2020 |            3 |           4565 |       2967361.56000 |
|        2020 |            2 |           3434 |       2334711.58000 |
|        2020 |            1 |           3598 |       2395112.36000 |
|        2020 |         NULL |          11597 |       7697185.50000 |
|        2019 |           12 |           3234 |       2134467.48000 |
+-------------+--------------+----------------+---------------------+
5 rows in set (0.10 sec)

mysql> mysql \. C:\workspace\cloud\code\sql\_DailyScript\currenttime.sql
+---------------------+
| currenttime         |
+---------------------+
| 2020-03-31 10:04:21 |
+---------------------+
1 row in set (0.00 sec)

mysql> 
mysql> mysql \. C:\workspace\cloud\code\sql\_DailyScript\DAILY-SCRIPT-ACTIVENUMBERS.sql
Database changed
Query OK, 1177 rows affected (0.94 sec)
Records: 1177  Deleted: 0  Skipped: 0  Warnings: 0

+------------+----------+
| period     | count(1) |
+------------+----------+
| 2020-03-30 |     1177 |
| 2020-03-29 |     1183 |
| 2020-03-28 |     1183 |
| 2020-03-27 |     1182 |
| 2020-03-26 |     1183 |
| 2020-03-25 |     1178 |
+------------+----------+
6 rows in set (0.01 sec)

Query OK, 0 rows affected (0.00 sec)

Query OK, 80 rows affected (1.75 sec)
Records: 80  Duplicates: 0  Warnings: 0

+-------------+
| packagelist |
+-------------+
|          80 |
+-------------+
1 row in set (0.00 sec)

Database changed
Query OK, 0 rows affected (0.00 sec)

Query OK, 0 rows affected (0.00 sec)

Query OK, 0 rows affected (0.00 sec)

Query OK, 0 rows affected (0.00 sec)

Query OK, 28332 rows affected, 218 warnings (52.40 sec)
Records: 28332  Deleted: 0  Skipped: 0  Warnings: 218

+------------+----------+
| period     | count(1) |
+------------+----------+
| 2020-03-30 |    28332 |
| 2020-03-28 |    56380 |
| 2020-03-27 |    28302 |
| 2020-03-26 |    28246 |
| 2020-03-25 |    28153 |
+------------+----------+
5 rows in set (0.19 sec)

Query OK, 0 rows affected (0.02 sec)

Query OK, 27731 rows affected (3 min 10.56 sec)
Records: 27731  Duplicates: 0  Warnings: 0

Query OK, 0 rows affected (0.16 sec)
Records: 0  Duplicates: 0  Warnings: 0

Query OK, 0 rows affected (0.14 sec)
Records: 0  Duplicates: 0  Warnings: 0

Query OK, 0 rows affected (0.11 sec)
Records: 0  Duplicates: 0  Warnings: 0

Query OK, 0 rows affected (0.12 sec)
Records: 0  Duplicates: 0  Warnings: 0

Query OK, 0 rows affected (0.07 sec)
Records: 0  Duplicates: 0  Warnings: 0

Query OK, 0 rows affected (0.09 sec)
Records: 0  Duplicates: 0  Warnings: 0

+-------------+
| countbefore |
+-------------+
|    34601006 |
+-------------+
1 row in set (1 min 52.47 sec)

Query OK, 27731 rows affected (35.28 sec)
Records: 27731  Duplicates: 0  Warnings: 0

+------------+
| countafter |
+------------+
|   34628737 |
+------------+
1 row in set (15.80 sec)

+------------+--------------------------+
| period     | customercontractactivity |
+------------+--------------------------+
| 2020-03-30 |                    27731 |
| 2020-03-28 |                    82770 |
| 2020-03-27 |                    27700 |
| 2020-03-26 |                    27646 |
| 2020-03-25 |                    27553 |
+------------+--------------------------+
5 rows in set (0.10 sec)

Query OK, 0 rows affected (0.04 sec)

Query OK, 258965 rows affected (19 min 59.64 sec)
Records: 258965  Duplicates: 0  Warnings: 0

Query OK, 0 rows affected (1.09 sec)
Records: 0  Duplicates: 0  Warnings: 0

Query OK, 0 rows affected (1.12 sec)
Records: 0  Duplicates: 0  Warnings: 0

Query OK, 0 rows affected (1.20 sec)
Records: 0  Duplicates: 0  Warnings: 0

Query OK, 0 rows affected (0.01 sec)

Query OK, 183 rows affected (0.56 sec)
Records: 183  Duplicates: 0  Warnings: 0

Query OK, 0 rows affected (0.01 sec)

Query OK, 2596 rows affected (0.73 sec)
Records: 2596  Duplicates: 0  Warnings: 0

Query OK, 0 rows affected (0.13 sec)

Query OK, 27715 rows affected (0.67 sec)
Records: 27715  Duplicates: 0  Warnings: 0

Query OK, 0 rows affected (0.01 sec)

Query OK, 17525 rows affected (0.54 sec)
Records: 17525  Duplicates: 0  Warnings: 0

Query OK, 0 rows affected (0.01 sec)

Query OK, 17525 rows affected (0.14 sec)
Records: 17525  Duplicates: 0  Warnings: 0

Query OK, 0 rows affected (0.01 sec)

Query OK, 17525 rows affected (1.46 sec)
Records: 17525  Duplicates: 0  Warnings: 0

Query OK, 0 rows affected (0.01 sec)

Query OK, 17525 rows affected (54.77 sec)
Records: 17525  Duplicates: 0  Warnings: 0

+-------------+
| clientstats |
+-------------+
|       17525 |
+-------------+
1 row in set (0.01 sec)

Query OK, 0 rows affected (0.01 sec)

Query OK, 13 rows affected, 1 warning (0.18 sec)
Records: 13  Duplicates: 0  Warnings: 1

+-----------------------+-------------+-------------+----------------+-----------------+
| services              | activecount | allaccounts | uniqueaccounts | uniquecontracts |
+-----------------------+-------------+-------------+----------------+-----------------+
| All                   |         310 |          54 |             54 |             173 |
| Internet & Voice      |         414 |         189 |            189 |             368 |
| Internet Only         |        4360 |        4254 |           4245 |            4295 |
| OTT Only              |           2 |           2 |              2 |               2 |
| TV & Internet         |        9670 |        4304 |           4292 |            8775 |
| TV & Internet & OTT   |        2858 |         765 |            764 |            1575 |
| TV & Internet & Voice |         531 |         156 |            156 |             481 |
| TV & OTT              |         331 |          64 |             63 |              81 |
| TV & Voice            |          89 |          40 |             40 |              82 |
| TV & Voice & OTT      |           7 |           1 |              1 |               2 |
| TV Only               |        9759 |        7542 |           7527 |            7740 |
| Voice Only            |         155 |         154 |            154 |             155 |
| GRAND TOTAL           |       28486 |       17525 |          17434 |           23729 |
+-----------------------+-------------+-------------+----------------+-----------------+
13 rows in set (0.00 sec)

+-------------+-------------+-------------+----------------+-----------------+
| network     | activecount | allaccounts | uniqueaccounts | uniquecontracts |
+-------------+-------------+-------------+----------------+-----------------+
| ADDON       |          16 |          11 |             11 |              11 |
| GPON        |        8864 |        4452 |           4449 |            6960 |
| HFC         |       19606 |       13062 |          13062 |           16758 |
| GRAND TOTAL |       28486 |       17525 |          17434 |           23729 |
+-------------+-------------+-------------+----------------+-----------------+
4 rows in set, 1 warning (0.14 sec)

+-------------+-----------------------+-------------+-------------+----------------+-----------------+
| network     | services              | activecount | allaccounts | uniqueaccounts | uniquecontracts |
+-------------+-----------------------+-------------+-------------+----------------+-----------------+
| ADDON       | OTT Only              |           2 |           2 |              2 |               2 |
| ADDON       | TV & OTT              |           8 |           3 |              3 |               3 |
| ADDON       | TV Only               |           6 |           6 |              6 |               6 |
| ADDON       | Services Total        |          16 |          11 |             11 |              11 |
| GPON        | All                   |         180 |          31 |             31 |              98 |
| GPON        | Internet & Voice      |          67 |          28 |             28 |              57 |
| GPON        | Internet Only         |        1128 |        1041 |           1041 |            1067 |
| GPON        | TV & Internet         |        3828 |        1638 |           1638 |            3377 |
| GPON        | TV & Internet & OTT   |        1598 |         423 |            423 |             880 |
| GPON        | TV & Internet & Voice |         188 |          54 |             54 |             169 |
| GPON        | TV & OTT              |          92 |          26 |             26 |              29 |
| GPON        | TV & Voice            |          38 |          16 |             16 |              33 |
| GPON        | TV Only               |        1733 |        1183 |           1183 |            1238 |
| GPON        | Voice Only            |          12 |          12 |             12 |              12 |
| GPON        | Services Total        |        8864 |        4452 |           4449 |            6960 |
| HFC         | All                   |         130 |          23 |             23 |              75 |
| HFC         | Internet & Voice      |         347 |         161 |            161 |             311 |
| HFC         | Internet Only         |        3232 |        3213 |           3213 |            3228 |
| HFC         | TV & Internet         |        5842 |        2666 |           2666 |            5398 |
| HFC         | TV & Internet & OTT   |        1260 |         342 |            342 |             695 |
| HFC         | TV & Internet & Voice |         343 |         102 |            102 |             312 |
| HFC         | TV & OTT              |         231 |          35 |             35 |              49 |
| HFC         | TV & Voice            |          51 |          24 |             24 |              49 |
| HFC         | TV & Voice & OTT      |           7 |           1 |              1 |               2 |
| HFC         | TV Only               |        8020 |        6353 |           6353 |            6496 |
| HFC         | Voice Only            |         143 |         142 |            142 |             143 |
| HFC         | Services Total        |       19606 |       13062 |          13062 |           16758 |
| GRAND TOTAL | Services Total        |       28486 |       17525 |          17434 |           23729 |
+-------------+-----------------------+-------------+-------------+----------------+-----------------+
28 rows in set, 2 warnings (0.16 sec)

Query OK, 0 rows affected (0.01 sec)

Query OK, 48 rows affected, 3 warnings (0.24 sec)
Records: 48  Duplicates: 0  Warnings: 3

+-------------+---------------+-----------------------+-------------+-------------+----------------+-----------------+
| region      | network       | services              | activecount | allaccounts | uniqueaccounts | uniquecontracts |
+-------------+---------------+-----------------------+-------------+-------------+----------------+-----------------+
| Eden Island | GPON          | TV & Internet         |           2 |           1 |              1 |               2 |
| Eden Island | GPON          | Services Total        |           2 |           1 |              1 |               2 |
| Eden Island | Network Total | Services Total        |           2 |           1 |              1 |               2 |
| Mahe        | ADDON         | OTT Only              |           2 |           2 |              2 |               2 |
| Mahe        | ADDON         | TV & OTT              |           8 |           3 |              3 |               3 |
| Mahe        | ADDON         | TV Only               |           2 |           2 |              2 |               2 |
| Mahe        | ADDON         | Services Total        |          12 |           7 |              7 |               7 |
| Mahe        | GPON          | All                   |         163 |          28 |             28 |              89 |
| Mahe        | GPON          | Internet & Voice      |          57 |          23 |             23 |              47 |
| Mahe        | GPON          | Internet Only         |         901 |         814 |            814 |             840 |
| Mahe        | GPON          | TV & Internet         |        2910 |        1235 |           1235 |            2543 |
| Mahe        | GPON          | TV & Internet & OTT   |        1128 |         286 |            286 |             594 |
| Mahe        | GPON          | TV & Internet & Voice |         168 |          49 |             49 |             151 |
| Mahe        | GPON          | TV & OTT              |          73 |          20 |             20 |              22 |
| Mahe        | GPON          | TV & Voice            |          38 |          16 |             16 |              33 |
| Mahe        | GPON          | TV Only               |        1364 |         919 |            919 |             956 |
| Mahe        | GPON          | Voice Only            |          10 |          10 |             10 |              10 |
| Mahe        | GPON          | Services Total        |        6812 |        3400 |           3400 |            5285 |
| Mahe        | HFC           | All                   |         130 |          23 |             23 |              75 |
| Mahe        | HFC           | Internet & Voice      |         347 |         161 |            161 |             311 |
| Mahe        | HFC           | Internet Only         |        3231 |        3212 |           3212 |            3227 |
| Mahe        | HFC           | TV & Internet         |        5842 |        2666 |           2666 |            5398 |
| Mahe        | HFC           | TV & Internet & OTT   |        1260 |         342 |            342 |             695 |
| Mahe        | HFC           | TV & Internet & Voice |         343 |         102 |            102 |             312 |
| Mahe        | HFC           | TV & OTT              |         231 |          35 |             35 |              49 |
| Mahe        | HFC           | TV & Voice            |          51 |          24 |             24 |              49 |
| Mahe        | HFC           | TV & Voice & OTT      |           7 |           1 |              1 |               2 |
| Mahe        | HFC           | TV Only               |        8015 |        6350 |           6350 |            6493 |
| Mahe        | HFC           | Voice Only            |         143 |         142 |            142 |             143 |
| Mahe        | HFC           | Services Total        |       19600 |       13058 |          13058 |           16754 |
| Mahe        | Network Total | Services Total        |       26424 |       16465 |          16380 |           22046 |
| Praslin     | ADDON         | TV Only               |           4 |           4 |              4 |               4 |
| Praslin     | ADDON         | Services Total        |           4 |           4 |              4 |               4 |
| Praslin     | GPON          | All                   |          17 |           3 |              3 |               9 |
| Praslin     | GPON          | Internet & Voice      |          10 |           5 |              5 |              10 |
| Praslin     | GPON          | Internet Only         |         227 |         227 |            227 |             227 |
| Praslin     | GPON          | TV & Internet         |         916 |         402 |            402 |             832 |
| Praslin     | GPON          | TV & Internet & OTT   |         470 |         137 |            137 |             286 |
| Praslin     | GPON          | TV & Internet & Voice |          20 |           5 |              5 |              18 |
| Praslin     | GPON          | TV & OTT              |          19 |           6 |              6 |               7 |
| Praslin     | GPON          | TV Only               |         369 |         264 |            264 |             282 |
| Praslin     | GPON          | Voice Only            |           2 |           2 |              2 |               2 |
| Praslin     | GPON          | Services Total        |        2050 |        1051 |           1051 |            1673 |
| Praslin     | HFC           | Internet Only         |           1 |           1 |              1 |               1 |
| Praslin     | HFC           | TV Only               |           5 |           3 |              3 |               3 |
| Praslin     | HFC           | Services Total        |           6 |           4 |              4 |               4 |
| Praslin     | Network Total | Services Total        |        2060 |        1059 |           1056 |            1681 |
| GRAND TOTAL | Network Total | Services Total        |       28486 |       17525 |          17434 |           23729 |
+-------------+---------------+-----------------------+-------------+-------------+----------------+-----------------+
48 rows in set (0.00 sec)

Query OK, 0 rows affected (0.01 sec)

Query OK, 27716 rows affected (0.59 sec)
Records: 27716  Duplicates: 0  Warnings: 0

Query OK, 0 rows affected (0.02 sec)

Query OK, 2023 rows affected (23.53 sec)
Records: 2023  Duplicates: 0  Warnings: 0

+--------------------------------------+
| message                              |
+--------------------------------------+
| running rcbill_my.sp_ActiveNumber2() |
+--------------------------------------+
1 row in set (0.00 sec)

Query OK, 365 rows affected (3 min 39.91 sec)

mysql> mysql \. C:\workspace\cloud\code\sql\_DailyScript\currenttime.sql
+---------------------+
| currenttime         |
+---------------------+
| 2020-03-31 10:36:19 |
+---------------------+
1 row in set (0.00 sec)

mysql> 
mysql> mysql \. C:\workspace\cloud\code\sql\_DailyScript\GetActiveNumbers Average -Pivot.sql
Database changed
+-------------------------------------+
| @today := subdate(current_date(),1) |
+-------------------------------------+
| 2020-03-30                          |
+-------------------------------------+
1 row in set (0.00 sec)

+-------------------------------------+
| @lastdayofmonth := last_day(@today) |
+-------------------------------------+
| 2020-03-31                          |
+-------------------------------------+
1 row in set (0.00 sec)

Query OK, 0 rows affected (0.03 sec)

Query OK, 37334 rows affected, 65535 warnings (1 min 4.01 sec)
Records: 37334  Duplicates: 0  Warnings: 77319

Query OK, 0 rows affected (0.10 sec)
Records: 0  Duplicates: 0  Warnings: 0

Query OK, 0 rows affected (0.12 sec)
Records: 0  Duplicates: 0  Warnings: 0

Query OK, 0 rows affected (0.11 sec)
Records: 0  Duplicates: 0  Warnings: 0

+-----------------+
| activenumberavg |
+-----------------+
|           37334 |
+-----------------+
1 row in set (0.02 sec)

Query OK, 0 rows affected (0.01 sec)

Query OK, 1844 rows affected (0.48 sec)
Records: 1844  Duplicates: 0  Warnings: 0

+---------------------+
| rep_activenumberavg |
+---------------------+
|                1844 |
+---------------------+
1 row in set (0.00 sec)

+----------------------+
| rep_activenumberavg1 |
+----------------------+
|                  871 |
+----------------------+
1 row in set (0.01 sec)

Query OK, 0 rows affected (0.00 sec)

Query OK, 1922 rows affected (0.41 sec)
Records: 1922  Duplicates: 0  Warnings: 0

Query OK, 0 rows affected (0.01 sec)

Query OK, 9791 rows affected (0.76 sec)
Records: 9791  Duplicates: 0  Warnings: 0

Query OK, 0 rows affected (0.00 sec)

Query OK, 0 rows affected (0.01 sec)

Query OK, 0 rows affected (0.01 sec)

Query OK, 0 rows affected (0.00 sec)

Query OK, 0 rows affected (0.00 sec)
Statement prepared

Query OK, 53 rows affected (0.04 sec)
Records: 53  Duplicates: 0  Warnings: 0

Query OK, 0 rows affected (0.00 sec)

Query OK, 0 rows affected (0.00 sec)

+----------------------+
| rep_activenumberavg2 |
+----------------------+
|                 1922 |
+----------------------+
1 row in set (0.00 sec)

+------------------------+
| rep_activenumberavg_pv |
+------------------------+
|                     53 |
+------------------------+
1 row in set (0.00 sec)

Query OK, 0 rows affected (0.01 sec)

Query OK, 1922 rows affected (0.35 sec)
Records: 1922  Duplicates: 0  Warnings: 0

Query OK, 0 rows affected (0.00 sec)

Query OK, 0 rows affected (0.01 sec)

Query OK, 0 rows affected (0.01 sec)

Query OK, 0 rows affected (0.00 sec)

Query OK, 0 rows affected (0.00 sec)
Statement prepared

Query OK, 53 rows affected (0.04 sec)
Records: 53  Duplicates: 0  Warnings: 0

Query OK, 0 rows affected (0.00 sec)

Query OK, 0 rows affected (0.00 sec)

+-------------------------+
| rep_activenumberavgMahe |
+-------------------------+
|                    1922 |
+-------------------------+
1 row in set (0.00 sec)

+----------------------------+
| rep_activenumberavgMahe_pv |
+----------------------------+
|                         53 |
+----------------------------+
1 row in set (0.00 sec)

Query OK, 0 rows affected (0.00 sec)

Query OK, 1230 rows affected (0.16 sec)
Records: 1230  Duplicates: 0  Warnings: 0

Query OK, 0 rows affected (0.00 sec)

Query OK, 0 rows affected (0.00 sec)

Query OK, 0 rows affected (0.00 sec)

Query OK, 0 rows affected (0.00 sec)

Query OK, 0 rows affected (0.00 sec)
Statement prepared

Query OK, 40 rows affected (0.03 sec)
Records: 40  Duplicates: 0  Warnings: 0

Query OK, 0 rows affected (0.00 sec)

Query OK, 0 rows affected (0.00 sec)

+----------------------------+
| rep_activenumberavgPraslin |
+----------------------------+
|                       1230 |
+----------------------------+
1 row in set (0.00 sec)

+-------------------------------+
| rep_activenumberavgPraslin_pv |
+-------------------------------+
|                            40 |
+-------------------------------+
1 row in set (0.00 sec)

mysql> mysql \. C:\workspace\cloud\code\sql\_DailyScript\currenttime.sql
+---------------------+
| currenttime         |
+---------------------+
| 2020-03-31 10:37:25 |
+---------------------+
1 row in set (0.00 sec)

mysql> 
mysql> mysql \. C:\workspace\cloud\code\sql\_DailyScript\budget_actual_analysis_2020.sql
Query OK, 0 rows affected (0.01 sec)

Query OK, 675 rows affected, 3 warnings (0.40 sec)
Records: 675  Duplicates: 0  Warnings: 3

+--------------------+
| budget_actual_2020 |
+--------------------+
|                675 |
+--------------------+
1 row in set (0.00 sec)

Query OK, 0 rows affected (0.01 sec)

Query OK, 47 rows affected (0.04 sec)
Records: 47  Duplicates: 0  Warnings: 0

+---------------------------+
| rep_budget_actual_2020_pv |
+---------------------------+
|                        47 |
+---------------------------+
1 row in set (0.00 sec)

mysql> mysql \. C:\workspace\cloud\code\sql\_DailyScript\currenttime.sql
+---------------------+
| currenttime         |
+---------------------+
| 2020-03-31 10:37:26 |
+---------------------+
1 row in set (0.00 sec)

mysql> 
mysql> mysql \. C:\workspace\cloud\code\sql\_DailyScript\reports-sales-addons-prepaid-camera.sql
Database changed
Query OK, 0 rows affected (0.01 sec)

Query OK, 4030 rows affected (0.77 sec)
Records: 4030  Duplicates: 0  Warnings: 0

Query OK, 0 rows affected (0.01 sec)

Query OK, 18807 rows affected (3 min 46.25 sec)
Records: 18807  Duplicates: 0  Warnings: 0

+--------------------+
| rep_prepaid_camera |
+--------------------+
|               4030 |
+--------------------+
1 row in set (0.01 sec)

+-----------+
| rep_addon |
+-----------+
|     18807 |
+-----------+
1 row in set (0.01 sec)

mysql> mysql \. C:\workspace\cloud\code\sql\_DailyScript\currenttime.sql
+---------------------+
| currenttime         |
+---------------------+
| 2020-03-31 10:41:13 |
+---------------------+
1 row in set (0.00 sec)

mysql> 
mysql> mysql \. C:\workspace\cloud\code\sql\_DailyScript\housing-estate-analysis.sql
Database changed
Query OK, 0 rows affected (0.01 sec)

Query OK, 3088 rows affected (1 min 20.25 sec)
Records: 3088  Duplicates: 0  Warnings: 0

+--------------------+
| rep_housingestates |
+--------------------+
|               3088 |
+--------------------+
1 row in set (0.00 sec)

mysql> mysql \. C:\workspace\cloud\code\sql\_DailyScript\currenttime.sql
+---------------------+
| currenttime         |
+---------------------+
| 2020-03-31 10:42:33 |
+---------------------+
1 row in set (0.00 sec)

mysql> 
mysql> mysql \. C:\workspace\cloud\code\sql\_DailyScript\RCB_ClientAnalyticsReport_Script.sql
Database changed
Query OK, 0 rows affected (0.00 sec)

Query OK, 0 rows affected (0.07 sec)

Query OK, 1852374 rows affected (2 min 13.47 sec)
Records: 1852374  Duplicates: 0  Warnings: 0

Query OK, 0 rows affected (7.67 sec)
Records: 0  Duplicates: 0  Warnings: 0

Query OK, 0 rows affected (6.03 sec)
Records: 0  Duplicates: 0  Warnings: 0

Query OK, 0 rows affected (10.63 sec)
Records: 0  Duplicates: 0  Warnings: 0

Query OK, 0 rows affected (11.64 sec)
Records: 0  Duplicates: 0  Warnings: 0

Query OK, 0 rows affected (10.13 sec)
Records: 0  Duplicates: 0  Warnings: 0

Query OK, 0 rows affected (9.42 sec)
Records: 0  Duplicates: 0  Warnings: 0

Query OK, 0 rows affected (0.00 sec)

Query OK, 473440 rows affected (17.70 sec)
Rows matched: 1852374  Changed: 473440  Warnings: 0

Query OK, 0 rows affected (0.01 sec)

Query OK, 28442 rows affected (4.59 sec)
Records: 28442  Duplicates: 0  Warnings: 0

Query OK, 0 rows affected (0.10 sec)

Terminal close -- query aborted
