    -> 
    -> mysql \. C:\workspace\cloud\code\sql\_DailyScript\_setdates.sql
Database changed
Query OK, 0 rows affected (0.00 sec)

Query OK, 0 rows affected (0.00 sec)

Query OK, 0 rows affected (0.00 sec)

Query OK, 0 rows affected (0.02 sec)

Query OK, 0 rows affected (0.00 sec)

Query OK, 0 rows affected (0.00 sec)

Query OK, 0 rows affected (0.00 sec)

Query OK, 0 rows affected (0.00 sec)

Query OK, 0 rows affected (0.00 sec)

Query OK, 0 rows affected (0.00 sec)

Query OK, 0 rows affected (0.00 sec)

Query OK, 0 rows affected (0.00 sec)

Query OK, 0 rows affected (0.00 sec)

Query OK, 0 rows affected (0.00 sec)

Query OK, 0 rows affected (0.00 sec)

Query OK, 0 rows affected (0.00 sec)

Query OK, 0 rows affected (0.00 sec)

Query OK, 0 rows affected (0.00 sec)

Query OK, 0 rows affected (0.01 sec)

Query OK, 0 rows affected (0.00 sec)

Query OK, 0 rows affected (0.00 sec)

mysql> mysql \. C:\workspace\cloud\code\sql\_DailyScript\currenttime.sql
+---------------------+
| currenttime         |
+---------------------+
| 2020-03-13 07:43:44 |
+---------------------+
1 row in set (0.00 sec)

mysql> 
mysql> mysql \. C:\workspace\cloud\code\sql\_DailyScript\load_RCB_VODTITLES.sql
Database changed
Query OK, 0 rows affected (0.00 sec)

Query OK, 9812 rows affected (0.17 sec)

Query OK, 9809 rows affected, 9809 warnings (0.31 sec)
Records: 9809  Deleted: 0  Skipped: 0  Warnings: 9809

Query OK, 0 rows affected (0.00 sec)

Query OK, 2 rows affected (0.02 sec)

+-----------+
| VODTITLES |
+-----------+
|     10267 |
+-----------+
1 row in set (0.00 sec)

+-----------+-----------+
| titletype | typecount |
+-----------+-----------+
| E         |      8099 |
| N         |       213 |
| T         |      1495 |
| NULL      |      9807 |
+-----------+-----------+
4 rows in set (0.03 sec)

mysql> mysql \. C:\workspace\cloud\code\sql\_DailyScript\currenttime.sql
+---------------------+
| currenttime         |
+---------------------+
| 2020-03-13 07:43:44 |
+---------------------+
1 row in set (0.00 sec)

mysql> 
mysql> mysql \. C:\workspace\cloud\code\sql\_DailyScript\DAILY-SCRIPT-LIVETV-STATS.sql
Database changed
Query OK, 0 rows affected (0.11 sec)

Query OK, 73451 rows affected (1.05 sec)
Records: 73451  Duplicates: 0  Warnings: 0

+------------+------------+----------+--------------+--------------+-----------+-------------+----------+--------+------+------------+---------+---------------+
| Table      | Non_unique | Key_name | Seq_in_index | Column_name  | Collation | Cardinality | Sub_part | Packed | Null | Index_type | Comment | Index_comment |
+------------+------------+----------+--------------+--------------+-----------+-------------+----------+--------+------+------------+---------+---------------+
| templivetv |          1 | idxtv1   |            1 | device       | A         |       73670 |     NULL | NULL   | YES  | BTREE      |         |               |
| templivetv |          1 | idxtv2   |            1 | sessionstart | A         |       73670 |     NULL | NULL   | YES  | BTREE      |         |               |
+------------+------------+----------+--------------+--------------+-----------+-------------+----------+--------+------+------------+---------+---------------+
2 rows in set (0.00 sec)

Query OK, 73271 rows affected (22.91 sec)
Records: 73271  Duplicates: 0  Warnings: 0

Query OK, 2805 rows affected (0.84 sec)
Records: 2805  Duplicates: 0  Warnings: 0

Query OK, 0 rows affected (0.00 sec)

Query OK, 0 rows affected (0.00 sec)

Query OK, 139 rows affected (0.09 sec)
Records: 139  Duplicates: 0  Warnings: 0

Query OK, 0 rows affected (0.00 sec)

Query OK, 112518 rows affected (30 min 23.17 sec)
Records: 112518  Duplicates: 0  Warnings: 0

+-----------------+
| rep_livetvstats |
+-----------------+
|          112518 |
+-----------------+
1 row in set (0.03 sec)

mysql> mysql \. C:\workspace\cloud\code\sql\_DailyScript\currenttime.sql
+---------------------+
| currenttime         |
+---------------------+
| 2020-03-13 08:14:32 |
+---------------------+
1 row in set (0.00 sec)

mysql> 
mysql> mysql \. C:\workspace\cloud\code\sql\_DailyScript\DAILY-SCRIPT-VODTS-STATS.sql
Database changed
Query OK, 0 rows affected (0.10 sec)

Query OK, 3129 rows affected (1 min 54.44 sec)
Records: 3129  Duplicates: 0  Warnings: 0

+---------+------------+----------+--------------+--------------+-----------+-------------+----------+--------+------+------------+---------+---------------+
| Table   | Non_unique | Key_name | Seq_in_index | Column_name  | Collation | Cardinality | Sub_part | Packed | Null | Index_type | Comment | Index_comment |
+---------+------------+----------+--------------+--------------+-----------+-------------+----------+--------+------+------------+---------+---------------+
| tempvod |          1 | idxtvod1 |            1 | device       | A         |        3196 |     NULL | NULL   | YES  | BTREE      |         |               |
| tempvod |          1 | idxtvod2 |            1 | sessionstart | A         |        3196 |     NULL | NULL   | YES  | BTREE      |         |               |
+---------+------------+----------+--------------+--------------+-----------+-------------+----------+--------+------+------------+---------+---------------+
2 rows in set (0.01 sec)

Query OK, 3111 rows affected (2.96 sec)
Records: 3111  Duplicates: 0  Warnings: 0

Query OK, 0 rows affected (0.03 sec)

Query OK, 532915 rows affected (46.41 sec)
Records: 532915  Duplicates: 0  Warnings: 0

+--------------+
| rep_vodstats |
+--------------+
|       532915 |
+--------------+
1 row in set (0.16 sec)

Database changed
Query OK, 0 rows affected (0.02 sec)

Query OK, 11213 rows affected (6 min 11.53 sec)
Records: 11213  Duplicates: 0  Warnings: 0

+--------+------------+----------+--------------+--------------+-----------+-------------+----------+--------+------+------------+---------+---------------+
| Table  | Non_unique | Key_name | Seq_in_index | Column_name  | Collation | Cardinality | Sub_part | Packed | Null | Index_type | Comment | Index_comment |
+--------+------------+----------+--------------+--------------+-----------+-------------+----------+--------+------+------------+---------+---------------+
| tempts |          1 | idxtts1  |            1 | device       | A         |       10713 |     NULL | NULL   | YES  | BTREE      |         |               |
| tempts |          1 | idxtts2  |            1 | sessionstart | A         |       10713 |     NULL | NULL   | YES  | BTREE      |         |               |
+--------+------------+----------+--------------+--------------+-----------+-------------+----------+--------+------+------------+---------+---------------+
2 rows in set (0.00 sec)

Query OK, 11196 rows affected (14.77 sec)
Records: 11196  Duplicates: 0  Warnings: 0

Query OK, 0 rows affected (0.46 sec)

Query OK, 31376 rows affected (6 min 14.09 sec)
Records: 31376  Duplicates: 0  Warnings: 0

+-------------+
| rep_tsstats |
+-------------+
|       31376 |
+-------------+
1 row in set (0.01 sec)

mysql> mysql \. C:\workspace\cloud\code\sql\_DailyScript\currenttime.sql
+---------------------+
| currenttime         |
+---------------------+
| 2020-03-13 08:29:57 |
+---------------------+
1 row in set (0.00 sec)

mysql> 
mysql> mysql \. C:\workspace\cloud\code\sql\_DailyScript\DAILY-SCRIPT-RADIO-STATS.sql
Database changed
Query OK, 0 rows affected (0.01 sec)

Query OK, 234382 rows affected (9.76 sec)
Records: 234382  Duplicates: 0  Warnings: 0

+-----------+------------+----------+--------------+--------------+-----------+-------------+----------+--------+------+------------+---------+---------------+
| Table     | Non_unique | Key_name | Seq_in_index | Column_name  | Collation | Cardinality | Sub_part | Packed | Null | Index_type | Comment | Index_comment |
+-----------+------------+----------+--------------+--------------+-----------+-------------+----------+--------+------+------------+---------+---------------+
| tempradio |          1 | idxtrad1 |            1 | device       | A         |      234694 |     NULL | NULL   | YES  | BTREE      |         |               |
| tempradio |          1 | idxtrad2 |            1 | sessionstart | A         |      234694 |     NULL | NULL   | YES  | BTREE      |         |               |
+-----------+------------+----------+--------------+--------------+-----------+-------------+----------+--------+------+------------+---------+---------------+
2 rows in set (0.00 sec)

Query OK, 518 rows affected (17.53 sec)
Records: 518  Duplicates: 0  Warnings: 0

Query OK, 0 rows affected (0.01 sec)

Query OK, 4288 rows affected (0.35 sec)
Records: 4288  Duplicates: 0  Warnings: 0

+----------------+
| rep_radiostats |
+----------------+
|           4288 |
+----------------+
1 row in set (0.00 sec)

mysql> mysql \. C:\workspace\cloud\code\sql\_DailyScript\currenttime.sql
+---------------------+
| currenttime         |
+---------------------+
| 2020-03-13 08:30:25 |
+---------------------+
1 row in set (0.00 sec)

mysql> 
mysql> mysql \. C:\workspace\cloud\code\sql\_DailyScript\DAILY_SCRIPT_TELEMETRY_PIVOT_2020.sql
Query OK, 0 rows affected (0.00 sec)

Query OK, 144 rows affected (1.69 sec)
Records: 144  Duplicates: 0  Warnings: 0

Query OK, 0 rows affected (0.00 sec)

Query OK, 7947 rows affected (1.19 sec)
Records: 7947  Duplicates: 0  Warnings: 0

Query OK, 0 rows affected (0.00 sec)

Query OK, 8 rows affected (0.01 sec)
Records: 8  Duplicates: 0  Warnings: 0

Query OK, 0 rows affected (0.00 sec)

Query OK, 47 rows affected (0.29 sec)
Records: 47  Duplicates: 0  Warnings: 0

mysql> mysql \. C:\workspace\cloud\code\sql\_DailyScript\currenttime.sql
+---------------------+
| currenttime         |
+---------------------+
| 2020-03-13 08:30:28 |
+---------------------+
1 row in set (0.00 sec)

mysql> 
mysql> mysql \. C:\workspace\cloud\code\sql\_DailyScript\telemetry_livetv_ranking2020.sql
Query OK, 0 rows affected (0.01 sec)

Query OK, 144 rows affected (0.06 sec)
Records: 144  Duplicates: 0  Warnings: 0

mysql> mysql \. C:\workspace\cloud\code\sql\_DailyScript\currenttime.sql
+---------------------+
| currenttime         |
+---------------------+
| 2020-03-13 08:30:28 |
+---------------------+
1 row in set (0.00 sec)

mysql> 
mysql> mysql \. C:\workspace\cloud\code\sql\_DailyScript\telemetry_radio_ranking2020.sql
Query OK, 0 rows affected (0.00 sec)

Query OK, 8 rows affected (0.01 sec)
Records: 8  Duplicates: 0  Warnings: 0

mysql> mysql \. C:\workspace\cloud\code\sql\_DailyScript\currenttime.sql
+---------------------+
| currenttime         |
+---------------------+
| 2020-03-13 08:30:28 |
+---------------------+
1 row in set (0.00 sec)

mysql> 
mysql> mysql \. C:\workspace\cloud\code\sql\_DailyScript\telemetry_ts_ranking2020.sql
Query OK, 0 rows affected (0.00 sec)

Query OK, 47 rows affected (0.01 sec)
Records: 47  Duplicates: 0  Warnings: 0

mysql> mysql \. C:\workspace\cloud\code\sql\_DailyScript\currenttime.sql
+---------------------+
| currenttime         |
+---------------------+
| 2020-03-13 08:30:28 |
+---------------------+
1 row in set (0.00 sec)

mysql> 
mysql> mysql \. C:\workspace\cloud\code\sql\_DailyScript\telemetry_vod_ranking2020.sql
Query OK, 0 rows affected (0.02 sec)

Query OK, 7947 rows affected (0.65 sec)
Records: 7947  Duplicates: 0  Warnings: 0

mysql> mysql \. C:\workspace\cloud\code\sql\_DailyScript\currenttime.sql
+---------------------+
| currenttime         |
+---------------------+
| 2020-03-13 08:30:29 |
+---------------------+
1 row in set (0.00 sec)

mysql> 
mysql> mysql \. C:\workspace\cloud\code\sql\_DailyScript\telemetry_vod_ranking2020_1.sql
Query OK, 0 rows affected (0.00 sec)

Query OK, 7947 rows affected (0.16 sec)
Records: 7947  Duplicates: 0  Warnings: 0

mysql> mysql \. C:\workspace\cloud\code\sql\_DailyScript\currenttime.sql
+---------------------+
| currenttime         |
+---------------------+
| 2020-03-13 08:30:29 |
+---------------------+
1 row in set (0.00 sec)

mysql> 
mysql> mysql \. C:\workspace\cloud\code\sql\_DailyScript\telemetry_vod_ranking2020_2.sql
Query OK, 0 rows affected (0.02 sec)

Query OK, 7947 rows affected (0.16 sec)
Records: 7947  Duplicates: 0  Warnings: 0

mysql> mysql \. C:\workspace\cloud\code\sql\_DailyScript\currenttime.sql
+---------------------+
| currenttime         |
+---------------------+
| 2020-03-13 08:30:30 |
+---------------------+
1 row in set (0.00 sec)

mysql> 
mysql> mysql \. C:\workspace\cloud\code\sql\_DailyScript\DAILY-SCRIPT-CREATE-LOAD.sql
Database changed
Database changed
Query OK, 0 rows affected (0.05 sec)

Query OK, 0 rows affected (0.00 sec)

Database changed
Query OK, 66339 rows affected (3.96 sec)
Records: 66339  Deleted: 0  Skipped: 0  Warnings: 0

Query OK, 0 rows affected (0.69 sec)
Records: 0  Duplicates: 0  Warnings: 0

Query OK, 0 rows affected (0.30 sec)
Records: 0  Duplicates: 0  Warnings: 0

Query OK, 0 rows affected (0.44 sec)
Records: 0  Duplicates: 0  Warnings: 0

Query OK, 0 rows affected (0.42 sec)
Records: 0  Duplicates: 0  Warnings: 0

+---------+
| clients |
+---------+
|   66339 |
+---------+
1 row in set (0.02 sec)

Query OK, 0 rows affected (0.09 sec)

Query OK, 8647 rows affected (5.58 sec)
Records: 8647  Duplicates: 0  Warnings: 0

Query OK, 0 rows affected (0.03 sec)
Records: 0  Duplicates: 0  Warnings: 0

+-------------------+
| rcb_clientparcels |
+-------------------+
|              8647 |
+-------------------+
1 row in set (0.02 sec)

Query OK, 0 rows affected (0.06 sec)

Query OK, 78964 rows affected (3.48 sec)
Records: 78964  Duplicates: 0  Warnings: 0

Query OK, 0 rows affected (0.43 sec)
Records: 0  Duplicates: 0  Warnings: 0

Query OK, 0 rows affected (0.16 sec)

Query OK, 66339 rows affected (17.14 sec)
Records: 66339  Duplicates: 0  Warnings: 0

Query OK, 0 rows affected (0.22 sec)
Records: 0  Duplicates: 0  Warnings: 0

Query OK, 0 rows affected (0.22 sec)
Records: 0  Duplicates: 0  Warnings: 0

Query OK, 0 rows affected (0.19 sec)
Records: 0  Duplicates: 0  Warnings: 0

+---------------+
| clientaddress |
+---------------+
|         66339 |
+---------------+
1 row in set (0.03 sec)

Database changed
Query OK, 0 rows affected (0.05 sec)

Query OK, 0 rows affected (0.00 sec)

Database changed
Query OK, 504911 rows affected, 65535 warnings (22.18 sec)
Records: 504911  Deleted: 0  Skipped: 0  Warnings: 201366

Query OK, 0 rows affected (5.31 sec)
Records: 0  Duplicates: 0  Warnings: 0

Query OK, 0 rows affected (2.75 sec)
Records: 0  Duplicates: 0  Warnings: 0

Query OK, 0 rows affected (1.68 sec)
Records: 0  Duplicates: 0  Warnings: 0

Query OK, 0 rows affected (0.04 sec)

Query OK, 504911 rows affected (49.78 sec)
Records: 504911  Duplicates: 0  Warnings: 0

Query OK, 0 rows affected (1.78 sec)
Records: 0  Duplicates: 0  Warnings: 0

Query OK, 0 rows affected (1.53 sec)
Records: 0  Duplicates: 0  Warnings: 0

+-----------+
| contracts |
+-----------+
|    504911 |
+-----------+
1 row in set (0.16 sec)

+-----------------+
| contractaddress |
+-----------------+
|          504911 |
+-----------------+
1 row in set (0.15 sec)

Database changed
Query OK, 0 rows affected (0.01 sec)

Query OK, 0 rows affected (0.01 sec)

Query OK, 7259 rows affected (0.19 sec)
Records: 7259  Deleted: 0  Skipped: 0  Warnings: 0

Query OK, 0 rows affected (0.01 sec)

Query OK, 7228 rows affected (2.01 sec)
Records: 7228  Duplicates: 0  Warnings: 0

Query OK, 0 rows affected (0.04 sec)
Records: 0  Duplicates: 0  Warnings: 0

Query OK, 0 rows affected (0.02 sec)

Query OK, 5635 rows affected (0.04 sec)
Records: 5635  Duplicates: 0  Warnings: 0

Query OK, 0 rows affected (0.11 sec)
Records: 0  Duplicates: 0  Warnings: 0

+-------------------+
| contractdiscounts |
+-------------------+
|              7259 |
+-------------------+
1 row in set (0.00 sec)

+-------------------------+
| clientcontractdiscounts |
+-------------------------+
|                    7228 |
+-------------------------+
1 row in set (0.00 sec)

+----------------------------+
| clientcontractlastdiscount |
+----------------------------+
|                       5635 |
+----------------------------+
1 row in set (0.00 sec)

Database changed
Query OK, 0 rows affected (0.10 sec)

Query OK, 0 rows affected (0.01 sec)

Database changed
Query OK, 134058 rows affected, 4 warnings (4.68 sec)
Records: 134058  Deleted: 0  Skipped: 0  Warnings: 4

Query OK, 0 rows affected (0.30 sec)
Records: 0  Duplicates: 0  Warnings: 0

Query OK, 0 rows affected (0.46 sec)
Records: 0  Duplicates: 0  Warnings: 0

Query OK, 0 rows affected (0.40 sec)
Records: 0  Duplicates: 0  Warnings: 0

Query OK, 0 rows affected (0.28 sec)
Records: 0  Duplicates: 0  Warnings: 0

Query OK, 0 rows affected (0.72 sec)
Records: 0  Duplicates: 0  Warnings: 0

Query OK, 0 rows affected (0.51 sec)
Records: 0  Duplicates: 0  Warnings: 0

Query OK, 0 rows affected (0.05 sec)

Query OK, 1723827 rows affected (2 min 51.58 sec)
Records: 1723827  Duplicates: 0  Warnings: 0

+---------+
| devices |
+---------+
|  134058 |
+---------+
1 row in set (0.28 sec)

+-----------------------+
| clientcontractdevices |
+-----------------------+
|               1723827 |
+-----------------------+
1 row in set (1.38 sec)

Query OK, 0 rows affected (0.16 sec)

Query OK, 133983 rows affected (8.22 sec)
Records: 133983  Duplicates: 0  Warnings: 0

+---------------------------+
| rep_clientcontractdevices |
+---------------------------+
|                    133983 |
+---------------------------+
1 row in set (0.03 sec)

Database changed
Query OK, 0 rows affected (0.04 sec)

Query OK, 0 rows affected (0.00 sec)

Query OK, 276413 rows affected (12.36 sec)
Records: 276413  Deleted: 0  Skipped: 0  Warnings: 0

Query OK, 0 rows affected (1.08 sec)
Records: 0  Duplicates: 0  Warnings: 0

Query OK, 0 rows affected (0.69 sec)
Records: 0  Duplicates: 0  Warnings: 0

Query OK, 0 rows affected (0.84 sec)
Records: 0  Duplicates: 0  Warnings: 0

Query OK, 0 rows affected (0.58 sec)
Records: 0  Duplicates: 0  Warnings: 0

+---------+
| tickets |
+---------+
|  276413 |
+---------+
1 row in set (0.07 sec)

Database changed
Query OK, 0 rows affected (0.01 sec)

Query OK, 0 rows affected (0.00 sec)

Empty set (0.00 sec)

Query OK, 0 rows affected (0.02 sec)
Records: 0  Duplicates: 0  Warnings: 0

Query OK, 354 rows affected, 2 warnings (0.22 sec)
Records: 354  Deleted: 0  Skipped: 0  Warnings: 2

+-----------------+
| tickettechusers |
+-----------------+
|             354 |
+-----------------+
1 row in set (0.00 sec)

Database changed
Query OK, 0 rows affected (0.00 sec)

Query OK, 0 rows affected (0.02 sec)

Query OK, 0 rows affected (0.00 sec)
Records: 0  Duplicates: 0  Warnings: 0

Query OK, 593182 rows affected, 45077 warnings (15.37 sec)
Records: 593182  Deleted: 0  Skipped: 0  Warnings: 45077

+-------------------+
| ticketassignments |
+-------------------+
|            593182 |
+-------------------+
1 row in set (0.17 sec)

Database changed
Query OK, 0 rows affected (0.05 sec)

Query OK, 0 rows affected (0.00 sec)

Query OK, 1216821 rows affected (21.50 sec)
Records: 1216821  Deleted: 0  Skipped: 0  Warnings: 0

Query OK, 0 rows affected (5.26 sec)
Records: 0  Duplicates: 0  Warnings: 0

Query OK, 0 rows affected (2.90 sec)
Records: 0  Duplicates: 0  Warnings: 0

Query OK, 0 rows affected (2.57 sec)
Records: 0  Duplicates: 0  Warnings: 0

Query OK, 0 rows affected (3.01 sec)
Records: 0  Duplicates: 0  Warnings: 0

+----------------+
| ticketcomments |
+----------------+
|        1216821 |
+----------------+
1 row in set (0.35 sec)

Database changed
Query OK, 0 rows affected (0.00 sec)

Query OK, 0 rows affected (0.02 sec)

Query OK, 437774 rows affected (42.84 sec)
Records: 437774  Deleted: 0  Skipped: 0  Warnings: 0

Query OK, 0 rows affected (2.24 sec)
Records: 0  Duplicates: 0  Warnings: 0

+----------+
| comments |
+----------+
|   437774 |
+----------+
1 row in set (0.13 sec)

Database changed
Query OK, 0 rows affected (0.48 sec)

Query OK, 0 rows affected (0.01 sec)

Query OK, 1171072 rows affected, 65535 warnings (1 min 8.61 sec)
Records: 1171072  Deleted: 0  Skipped: 0  Warnings: 1171088

Query OK, 0 rows affected (6.02 sec)
Records: 0  Duplicates: 0  Warnings: 0

Query OK, 0 rows affected (2.68 sec)
Records: 0  Duplicates: 0  Warnings: 0

Query OK, 0 rows affected (3.39 sec)
Records: 0  Duplicates: 0  Warnings: 0

Query OK, 0 rows affected (2.88 sec)
Records: 0  Duplicates: 0  Warnings: 0

Query OK, 0 rows affected (5.88 sec)
Records: 0  Duplicates: 0  Warnings: 0

+------------+
| devicesold |
+------------+
|    1171072 |
+------------+
1 row in set (0.44 sec)

Database changed
Query OK, 0 rows affected (0.04 sec)

Query OK, 0 rows affected (0.02 sec)

Query OK, 1717252 rows affected (25.33 sec)
Records: 1717252  Deleted: 0  Skipped: 0  Warnings: 0

Query OK, 0 rows affected (6.87 sec)
Records: 0  Duplicates: 0  Warnings: 0

Query OK, 0 rows affected (4.55 sec)
Records: 0  Duplicates: 0  Warnings: 0

Query OK, 0 rows affected (4.74 sec)
Records: 0  Duplicates: 0  Warnings: 0

+------------------+
| contractservices |
+------------------+
|          1717252 |
+------------------+
1 row in set (0.52 sec)

Database changed
Query OK, 0 rows affected (0.07 sec)

Query OK, 0 rows affected (0.00 sec)

Query OK, 4013684 rows affected (2 min 23.37 sec)
Records: 4013684  Deleted: 0  Skipped: 0  Warnings: 0

Query OK, 0 rows affected (13.29 sec)
Records: 0  Duplicates: 0  Warnings: 0

Query OK, 0 rows affected (13.68 sec)
Records: 0  Duplicates: 0  Warnings: 0

Query OK, 0 rows affected (11.69 sec)
Records: 0  Duplicates: 0  Warnings: 0

Query OK, 0 rows affected (14.20 sec)
Records: 0  Duplicates: 0  Warnings: 0

+------------------+
| invoicescontents |
+------------------+
|          4013684 |
+------------------+
1 row in set (1.20 sec)

Database changed
Query OK, 0 rows affected (0.22 sec)

Query OK, 0 rows affected (0.01 sec)

Query OK, 2802771 rows affected (3 min 9.88 sec)
Records: 2802771  Deleted: 0  Skipped: 0  Warnings: 0

Query OK, 0 rows affected (13.35 sec)
Records: 0  Duplicates: 0  Warnings: 0

Query OK, 0 rows affected (11.41 sec)
Records: 0  Duplicates: 0  Warnings: 0

Query OK, 0 rows affected (15.39 sec)
Records: 0  Duplicates: 0  Warnings: 0

Query OK, 0 rows affected (14.62 sec)
Records: 0  Duplicates: 0  Warnings: 0

Query OK, 0 rows affected (16.37 sec)
Records: 0  Duplicates: 0  Warnings: 0

+----------------+
| invoicesheader |
+----------------+
|        2802771 |
+----------------+
1 row in set (1 min 59.77 sec)

Database changed
Query OK, 0 rows affected (0.09 sec)

Query OK, 0 rows affected (0.07 sec)

Query OK, 2880453 rows affected (2 min 25.21 sec)
Records: 2880453  Deleted: 0  Skipped: 0  Warnings: 0

Query OK, 0 rows affected (11.99 sec)
Records: 0  Duplicates: 0  Warnings: 0

Query OK, 0 rows affected (10.69 sec)
Records: 0  Duplicates: 0  Warnings: 0

Query OK, 0 rows affected (12.35 sec)
Records: 0  Duplicates: 0  Warnings: 0

Query OK, 0 rows affected (10.98 sec)
Records: 0  Duplicates: 0  Warnings: 0

+---------+
| casa    |
+---------+
| 2880453 |
+---------+
1 row in set (8.72 sec)

Query OK, 0 rows affected (0.04 sec)

Query OK, 13809 rows affected (1 min 19.73 sec)
Records: 13809  Duplicates: 0  Warnings: 0

+--------------------+
| rep_paycol_channel |
+--------------------+
|              13809 |
+--------------------+
1 row in set (0.00 sec)

Query OK, 0 rows affected (0.03 sec)

Query OK, 9880 rows affected (1 min 37.71 sec)
Records: 9880  Duplicates: 0  Warnings: 0

+----------------+
| rep_paycol_pos |
+----------------+
|           9880 |
+----------------+
1 row in set (0.02 sec)

Database changed
Query OK, 0 rows affected (0.08 sec)

Query OK, 0 rows affected (0.24 sec)

Database changed
Query OK, 39143 rows affected (1.03 sec)
Records: 39143  Deleted: 0  Skipped: 0  Warnings: 0

+-------+
| users |
+-------+
| 39143 |
+-------+
1 row in set (0.01 sec)

Query OK, 0 rows affected (0.28 sec)
Records: 0  Duplicates: 0  Warnings: 0

Database changed
Query OK, 0 rows affected (0.16 sec)

Query OK, 0 rows affected (0.05 sec)

Query OK, 1872898 rows affected, 2 warnings (1 min 1.61 sec)
Records: 1872898  Deleted: 0  Skipped: 0  Warnings: 2

Query OK, 0 rows affected (10.66 sec)
Records: 0  Duplicates: 0  Warnings: 0

Query OK, 0 rows affected (8.14 sec)
Records: 0  Duplicates: 0  Warnings: 0

Query OK, 0 rows affected (8.93 sec)
Records: 0  Duplicates: 0  Warnings: 0

Query OK, 0 rows affected (7.93 sec)
Records: 0  Duplicates: 0  Warnings: 0

Query OK, 0 rows affected (6.56 sec)
Records: 0  Duplicates: 0  Warnings: 0

+-------------+
| useractions |
+-------------+
|     1872898 |
+-------------+
1 row in set (24.33 sec)

Database changed
Query OK, 0 rows affected (0.10 sec)

Query OK, 0 rows affected (0.12 sec)

Database changed
Query OK, 15561598 rows affected (6 min 3.32 sec)
Records: 15561598  Deleted: 0  Skipped: 0  Warnings: 0

Query OK, 0 rows affected (46.87 sec)
Records: 0  Duplicates: 0  Warnings: 0

Query OK, 0 rows affected (47.72 sec)
Records: 0  Duplicates: 0  Warnings: 0

Query OK, 0 rows affected (46.11 sec)
Records: 0  Duplicates: 0  Warnings: 0

Query OK, 0 rows affected (41.64 sec)
Records: 0  Duplicates: 0  Warnings: 0

+----------+
| ipusage1 |
+----------+
| 15561598 |
+----------+
1 row in set (4.68 sec)

Query OK, 0 rows affected (0.65 sec)

Query OK, 15697568 rows affected, 65535 warnings (16 min 45.00 sec)
Records: 15697568  Duplicates: 0  Warnings: 15693416

Query OK, 0 rows affected (41.63 sec)
Records: 0  Duplicates: 0  Warnings: 0

Query OK, 0 rows affected (50.09 sec)
Records: 0  Duplicates: 0  Warnings: 0

Query OK, 0 rows affected (50.08 sec)
Records: 0  Duplicates: 0  Warnings: 0

Query OK, 0 rows affected (46.57 sec)
Records: 0  Duplicates: 0  Warnings: 0

Query OK, 0 rows affected (1 min 1.59 sec)
Records: 0  Duplicates: 0  Warnings: 0

Query OK, 0 rows affected (1 min 16.67 sec)
Records: 0  Duplicates: 0  Warnings: 0

Query OK, 0 rows affected (54.68 sec)
Records: 0  Duplicates: 0  Warnings: 0

+----------+
| ipusage  |
+----------+
| 15697568 |
+----------+
1 row in set (4.90 sec)

Query OK, 0 rows affected (0.06 sec)

Query OK, 3951463 rows affected (3 min 48.79 sec)
Records: 3951463  Duplicates: 0  Warnings: 0

Query OK, 0 rows affected (18.06 sec)
Records: 0  Duplicates: 0  Warnings: 0

Query OK, 0 rows affected (14.87 sec)
Records: 0  Duplicates: 0  Warnings: 0

Query OK, 0 rows affected (13.88 sec)
Records: 0  Duplicates: 0  Warnings: 0

Query OK, 0 rows affected (29.70 sec)
Records: 0  Duplicates: 0  Warnings: 0

Query OK, 0 rows affected (14.43 sec)
Records: 0  Duplicates: 0  Warnings: 0

Query OK, 0 rows affected (0.07 sec)

Query OK, 329610 rows affected (35.15 sec)
Records: 329610  Duplicates: 0  Warnings: 0

Query OK, 0 rows affected (1.19 sec)
Records: 0  Duplicates: 0  Warnings: 0

Query OK, 0 rows affected (1.12 sec)
Records: 0  Duplicates: 0  Warnings: 0

Query OK, 0 rows affected (1.70 sec)
Records: 0  Duplicates: 0  Warnings: 0

Query OK, 0 rows affected (0.72 sec)
Records: 0  Duplicates: 0  Warnings: 0

Query OK, 0 rows affected (0.79 sec)
Records: 0  Duplicates: 0  Warnings: 0

Query OK, 0 rows affected (0.63 sec)
Records: 0  Duplicates: 0  Warnings: 0

Query OK, 0 rows affected (1.05 sec)
Records: 0  Duplicates: 0  Warnings: 0

Query OK, 0 rows affected (0.03 sec)

Query OK, 1717059 rows affected (1 min 5.98 sec)
Records: 1717059  Duplicates: 0  Warnings: 0

Query OK, 0 rows affected (8.84 sec)
Records: 0  Duplicates: 0  Warnings: 0

Query OK, 0 rows affected (8.29 sec)
Records: 0  Duplicates: 0  Warnings: 0

Query OK, 0 rows affected (6.64 sec)
Records: 0  Duplicates: 0  Warnings: 0

mysql> mysql \. C:\workspace\cloud\code\sql\_DailyScript\currenttime.sql
+---------------------+
| currenttime         |
+---------------------+
| 2020-03-13 09:37:46 |
+---------------------+
1 row in set (0.00 sec)

mysql> 
mysql> mysql \. C:\workspace\cloud\code\sql\_DailyScript\ticket_analysis.sql
Database changed
Query OK, 0 rows affected (0.01 sec)

Query OK, 577795 rows affected (24.97 sec)
Records: 577795  Duplicates: 0  Warnings: 0

Query OK, 0 rows affected (5.64 sec)
Records: 0  Duplicates: 0  Warnings: 0

Query OK, 0 rows affected (2.30 sec)
Records: 0  Duplicates: 0  Warnings: 0

Query OK, 0 rows affected (1.73 sec)
Records: 0  Duplicates: 0  Warnings: 0

Query OK, 0 rows affected (0.06 sec)

Query OK, 19439 rows affected (11.92 sec)
Records: 19439  Duplicates: 0  Warnings: 0

Query OK, 0 rows affected, 1 warning (0.02 sec)

Query OK, 80102 rows affected (6.96 sec)
Records: 80102  Duplicates: 0  Warnings: 0

Query OK, 0 rows affected, 1 warning (0.00 sec)

Query OK, 413647 rows affected (13.09 sec)
Records: 413647  Duplicates: 0  Warnings: 0

Query OK, 0 rows affected, 1 warning (0.00 sec)

Query OK, 413647 rows affected (14.01 sec)
Records: 413647  Duplicates: 0  Warnings: 0

Query OK, 0 rows affected (0.01 sec)

Query OK, 80164 rows affected (5.30 sec)
Records: 80164  Duplicates: 0  Warnings: 0

Database changed
Query OK, 0 rows affected (0.00 sec)

Query OK, 0 rows affected (0.02 sec)

Query OK, 577795 rows affected (20.48 sec)
Records: 577795  Duplicates: 0  Warnings: 0

Query OK, 0 rows affected (0.00 sec)

Query OK, 285735 rows affected (14.80 sec)
Records: 285735  Duplicates: 0  Warnings: 0

+--------------------------+
| clientticket_cmmtjourney |
+--------------------------+
|                   577795 |
+--------------------------+
1 row in set (4.13 sec)

+---------------------------+
| clientticket_assgnjourney |
+---------------------------+
|                    285735 |
+---------------------------+
1 row in set (0.35 sec)

Query OK, 0 rows affected (0.02 sec)

Query OK, 74 rows affected (0.09 sec)
Records: 74  Duplicates: 0  Warnings: 0

mysql> mysql \. C:\workspace\cloud\code\sql\_DailyScript\currenttime.sql
+---------------------+
| currenttime         |
+---------------------+
| 2020-03-13 09:39:52 |
+---------------------+
1 row in set (0.00 sec)

mysql> 
mysql> mysql \. C:\workspace\cloud\code\sql\_DailyScript\load_DailyCalls.sql
Database changed
Query OK, 449 rows affected (0.99 sec)
Records: 449  Deleted: 0  Skipped: 0  Warnings: 0

Query OK, 0 rows affected, 1 warning (0.00 sec)

Query OK, 431 rows affected (0.14 sec)
Records: 431  Duplicates: 0  Warnings: 0

Query OK, 0 rows affected, 1 warning (0.00 sec)

Query OK, 65777 rows affected (0.50 sec)
Records: 65777  Duplicates: 0  Warnings: 0

+----------------------+
| callingclientsbefore |
+----------------------+
|               857952 |
+----------------------+
1 row in set (3.99 sec)

Query OK, 635 rows affected (10.72 sec)
Records: 635  Duplicates: 0  Warnings: 0

+---------------------+
| callingclientsafter |
+---------------------+
|              858587 |
+---------------------+
1 row in set (0.25 sec)

Query OK, 0 rows affected (0.00 sec)

Query OK, 310 rows affected (32.60 sec)
Records: 310  Duplicates: 0  Warnings: 0

Query OK, 0 rows affected (0.02 sec)

Query OK, 17572 rows affected (2.96 sec)
Records: 17572  Duplicates: 0  Warnings: 0

+-----------+
| callstats |
+-----------+
|     17572 |
+-----------+
1 row in set (0.00 sec)

Query OK, 0 rows affected, 1 warning (0.00 sec)

Query OK, 635 rows affected (16.47 sec)
Records: 635  Duplicates: 0  Warnings: 0

+------------------------+
| rep_cccallreportbefore |
+------------------------+
|                 862396 |
+------------------------+
1 row in set (0.26 sec)

Query OK, 635 rows affected (1.55 sec)
Records: 635  Duplicates: 0  Warnings: 0

+-----------------------+
| rep_cccallreportafter |
+-----------------------+
|                863031 |
+-----------------------+
1 row in set (0.26 sec)

Query OK, 0 rows affected (0.01 sec)

mysql> mysql \. C:\workspace\cloud\code\sql\_DailyScript\currenttime.sql
+---------------------+
| currenttime         |
+---------------------+
| 2020-03-13 09:41:02 |
+---------------------+
1 row in set (0.00 sec)

mysql> 
mysql> mysql \. C:\workspace\cloud\code\sql\_DailyScript\DAILY-SCRIPT-USAGE.sql
Database changed
Query OK, 0 rows affected (0.00 sec)

Query OK, 7278 rows affected, 21073 warnings (4.75 sec)
Records: 7278  Deleted: 0  Skipped: 0  Warnings: 21073

Query OK, 0 rows affected (0.00 sec)

Query OK, 10866 rows affected, 31482 warnings (5.34 sec)
Records: 10866  Deleted: 0  Skipped: 0  Warnings: 31482

Query OK, 0 rows affected (0.00 sec)

Query OK, 233 rows affected, 842 warnings (0.03 sec)
Records: 233  Deleted: 0  Skipped: 0  Warnings: 842

Query OK, 0 rows affected (0.02 sec)

Query OK, 242 rows affected, 830 warnings (0.16 sec)
Records: 242  Deleted: 0  Skipped: 0  Warnings: 830

+------------+
| dailyusage |
+------------+
|   10899213 |
+------------+
1 row in set (42.16 sec)

+------------+------------+------------+---------+
| datestart  | dateend    | insertedon | records |
+------------+------------+------------+---------+
| 2020-03-12 | 2020-03-12 | 2020-03-13 |   18619 |
| 2020-03-11 | 2020-03-11 | 2020-03-12 |   18453 |
| 2020-03-10 | 2020-03-10 | 2020-03-12 |   18483 |
| 2020-03-08 | 2020-03-08 | 2020-03-09 |   18124 |
| 2020-03-07 | 2020-03-07 | 2020-03-09 |   18278 |
+------------+------------+------------+---------+
5 rows in set (4 min 43.23 sec)

mysql> mysql \. C:\workspace\cloud\code\sql\_DailyScript\currenttime.sql
+---------------------+
| currenttime         |
+---------------------+
| 2020-03-13 09:46:38 |
+---------------------+
1 row in set (0.00 sec)

mysql> 
mysql> mysql \. C:\workspace\cloud\code\sql\_DailyScript\DAILY-SCRIPT-SALES-TELEMETRY.sql
Database changed
Query OK, 87 rows affected, 11 warnings (0.07 sec)
Records: 87  Deleted: 0  Skipped: 0  Warnings: 11

+------------+
| dailysales |
+------------+
|     187581 |
+------------+
1 row in set (8.15 sec)

Query OK, 0 rows affected (0.02 sec)

Query OK, 187581 rows affected (12.81 sec)
Records: 187581  Duplicates: 0  Warnings: 0

+--------+
| sales  |
+--------+
| 187581 |
+--------+
1 row in set (0.09 sec)

Query OK, 0 rows affected (0.01 sec)

Query OK, 3012 rows affected (0.32 sec)
Records: 3012  Duplicates: 0  Warnings: 0

+----------------+
| rep_dailysales |
+----------------+
|           3012 |
+----------------+
1 row in set (0.00 sec)

Query OK, 0 rows affected (0.01 sec)

Query OK, 3012 rows affected (0.50 sec)
Records: 3012  Duplicates: 0  Warnings: 0

+-------------------+
| rep_dailysalesreg |
+-------------------+
|              3012 |
+-------------------+
1 row in set (0.00 sec)

Query OK, 0 rows affected (0.01 sec)

Query OK, 2678 rows affected (0.64 sec)
Records: 2678  Duplicates: 0  Warnings: 0

+-----------+
| saleslist |
+-----------+
|      2678 |
+-----------+
1 row in set (0.00 sec)

Database changed
ERROR 2 (HY000): File 'C:\ProgramData\MySQL\MySQL Server 5.7\Uploads\_csv\PrepaidCardSales-12032020-P1.csv' not found (Errcode: 2 - No such file or directory)
+------------------+
| dailysinglesales |
+------------------+
|             6197 |
+------------------+
1 row in set (0.08 sec)

Database changed
Query OK, 4 rows affected (0.07 sec)
Records: 4  Deleted: 0  Skipped: 0  Warnings: 0

+-----------------+
| dailyaddonsales |
+-----------------+
|           18522 |
+-----------------+
1 row in set (0.09 sec)

Query OK, 114 rows affected (0.11 sec)
Records: 114  Deleted: 0  Skipped: 0  Warnings: 0

+----------------+
| onlinepayments |
+----------------+
|          84059 |
+----------------+
1 row in set (0.40 sec)

+-------------+----------------+---------------------+
| paymentdate | onlinepayments | onlinepaymentamount |
+-------------+----------------+---------------------+
| 2020-03-12  |            114 |         67491.60000 |
| 2020-03-11  |             81 |         64187.02000 |
| 2020-03-10  |             92 |         59217.45000 |
| 2020-03-08  |             79 |         45771.23000 |
| 2020-03-07  |            139 |         85987.44000 |
+-------------+----------------+---------------------+
5 rows in set (5.15 sec)

+-------------+--------------+----------------+---------------------+
| paymentyear | paymentmonth | onlinepayments | onlinepaymentamount |
+-------------+--------------+----------------+---------------------+
|        2020 |            3 |           1383 |        936918.76000 |
|        2020 |            2 |           3434 |       2334711.58000 |
|        2020 |            1 |           3598 |       2395112.36000 |
|        2020 |         NULL |           8415 |       5666742.70000 |
|        2019 |           12 |           3234 |       2134467.48000 |
+-------------+--------------+----------------+---------------------+
5 rows in set (0.09 sec)

mysql> mysql \. C:\workspace\cloud\code\sql\_DailyScript\currenttime.sql
+---------------------+
| currenttime         |
+---------------------+
| 2020-03-13 09:47:07 |
+---------------------+
1 row in set (0.00 sec)

mysql> 
mysql> mysql \. C:\workspace\cloud\code\sql\_DailyScript\DAILY-SCRIPT-ACTIVENUMBERS.sql
Database changed
Query OK, 1171 rows affected (0.82 sec)
Records: 1171  Deleted: 0  Skipped: 0  Warnings: 0

+------------+----------+
| period     | count(1) |
+------------+----------+
| 2020-03-12 |     1171 |
| 2020-03-11 |     1171 |
| 2020-03-10 |     1170 |
| 2020-03-08 |     1173 |
| 2020-03-07 |     1174 |
| 2020-03-06 |     1174 |
+------------+----------+
6 rows in set (0.01 sec)

Query OK, 0 rows affected (0.00 sec)

Query OK, 80 rows affected (1.50 sec)
Records: 80  Duplicates: 0  Warnings: 0

+-------------+
| packagelist |
+-------------+
|          80 |
+-------------+
1 row in set (0.00 sec)

Database changed
Query OK, 0 rows affected (0.00 sec)

Query OK, 0 rows affected (0.00 sec)

Query OK, 0 rows affected (0.00 sec)

Query OK, 0 rows affected (0.00 sec)

Query OK, 27389 rows affected, 212 warnings (42.02 sec)
Records: 27389  Deleted: 0  Skipped: 0  Warnings: 212

+------------+----------+
| period     | count(1) |
+------------+----------+
| 2020-03-12 |    27389 |
| 2020-03-11 |    27386 |
| 2020-03-10 |    27366 |
| 2020-03-08 |    27131 |
| 2020-03-07 |    27237 |
+------------+----------+
5 rows in set (0.08 sec)

Query OK, 0 rows affected (0.03 sec)

Query OK, 26785 rows affected (3 min 8.59 sec)
Records: 26785  Duplicates: 0  Warnings: 0

Query OK, 0 rows affected (0.15 sec)
Records: 0  Duplicates: 0  Warnings: 0

Query OK, 0 rows affected (0.12 sec)
Records: 0  Duplicates: 0  Warnings: 0

Query OK, 0 rows affected (0.10 sec)
Records: 0  Duplicates: 0  Warnings: 0

Query OK, 0 rows affected (0.14 sec)
Records: 0  Duplicates: 0  Warnings: 0

Query OK, 0 rows affected (0.06 sec)
Records: 0  Duplicates: 0  Warnings: 0

Query OK, 0 rows affected (0.09 sec)
Records: 0  Duplicates: 0  Warnings: 0

+-------------+
| countbefore |
+-------------+
|    34083854 |
+-------------+
1 row in set (2 min 8.26 sec)

Query OK, 26785 rows affected (28.05 sec)
Records: 26785  Duplicates: 0  Warnings: 0

+------------+
| countafter |
+------------+
|   34110639 |
+------------+
1 row in set (19.19 sec)

+------------+--------------------------+
| period     | customercontractactivity |
+------------+--------------------------+
| 2020-03-12 |                    26785 |
| 2020-03-11 |                    26783 |
| 2020-03-10 |                    26763 |
| 2020-03-08 |                    26528 |
| 2020-03-07 |                    26634 |
+------------+--------------------------+
5 rows in set (0.06 sec)

Query OK, 0 rows affected (0.08 sec)

Query OK, 256290 rows affected (19 min 36.57 sec)
Records: 256290  Duplicates: 0  Warnings: 0

Query OK, 0 rows affected (0.97 sec)
Records: 0  Duplicates: 0  Warnings: 0

Query OK, 0 rows affected (1.01 sec)
Records: 0  Duplicates: 0  Warnings: 0

Query OK, 0 rows affected (1.00 sec)
Records: 0  Duplicates: 0  Warnings: 0

Query OK, 0 rows affected (0.02 sec)

Query OK, 182 rows affected (0.44 sec)
Records: 182  Duplicates: 0  Warnings: 0

Query OK, 0 rows affected (0.02 sec)

Query OK, 2555 rows affected (0.56 sec)
Records: 2555  Duplicates: 0  Warnings: 0

Query OK, 0 rows affected (0.03 sec)

Query OK, 26770 rows affected (0.55 sec)
Records: 26770  Duplicates: 0  Warnings: 0

Query OK, 0 rows affected (0.00 sec)

Query OK, 17089 rows affected (0.36 sec)
Records: 17089  Duplicates: 0  Warnings: 0

Query OK, 0 rows affected (0.09 sec)

Query OK, 17089 rows affected (0.12 sec)
Records: 17089  Duplicates: 0  Warnings: 0

Query OK, 0 rows affected (0.01 sec)

Query OK, 17089 rows affected (1.21 sec)
Records: 17089  Duplicates: 0  Warnings: 0

Query OK, 0 rows affected (0.02 sec)

Query OK, 17089 rows affected (44.99 sec)
Records: 17089  Duplicates: 0  Warnings: 0

+-------------+
| clientstats |
+-------------+
|       17089 |
+-------------+
1 row in set (0.02 sec)

Query OK, 0 rows affected (0.00 sec)

Query OK, 13 rows affected, 1 warning (0.12 sec)
Records: 13  Duplicates: 0  Warnings: 1

+-----------------------+-------------+-------------+----------------+-----------------+
| services              | activecount | allaccounts | uniqueaccounts | uniquecontracts |
+-----------------------+-------------+-------------+----------------+-----------------+
| All                   |         304 |          52 |             52 |             168 |
| Internet & Voice      |         427 |         195 |            195 |             381 |
| Internet Only         |        4315 |        4212 |           4205 |            4252 |
| OTT Only              |           1 |           1 |              1 |               1 |
| TV & Internet         |        8976 |        3986 |           3975 |            8128 |
| TV & Internet & OTT   |        2706 |         721 |            721 |            1487 |
| TV & Internet & Voice |         500 |         148 |            148 |             454 |
| TV & OTT              |         309 |          57 |             56 |              74 |
| TV & Voice            |         106 |          46 |             46 |              96 |
| TV & Voice & OTT      |           3 |           1 |              1 |               2 |
| TV Only               |        9744 |        7516 |           7502 |            7709 |
| Voice Only            |         155 |         154 |            154 |             155 |
| GRAND TOTAL           |       27546 |       17089 |          17009 |           22907 |
+-----------------------+-------------+-------------+----------------+-----------------+
13 rows in set (0.00 sec)

+-------------+-------------+-------------+----------------+-----------------+
| network     | activecount | allaccounts | uniqueaccounts | uniquecontracts |
+-------------+-------------+-------------+----------------+-----------------+
| ADDON       |          15 |          11 |             11 |              11 |
| GPON        |        8462 |        4330 |           4327 |            6650 |
| HFC         |       19069 |       12748 |          12748 |           16246 |
| GRAND TOTAL |       27546 |       17089 |          17009 |           22907 |
+-------------+-------------+-------------+----------------+-----------------+
4 rows in set, 1 warning (0.13 sec)

+-------------+-----------------------+-------------+-------------+----------------+-----------------+
| network     | services              | activecount | allaccounts | uniqueaccounts | uniquecontracts |
+-------------+-----------------------+-------------+-------------+----------------+-----------------+
| ADDON       | OTT Only              |           1 |           1 |              1 |               1 |
| ADDON       | TV & OTT              |           6 |           2 |              2 |               2 |
| ADDON       | TV Only               |           8 |           8 |              8 |               8 |
| ADDON       | Services Total        |          15 |          11 |             11 |              11 |
| GPON        | All                   |         175 |          30 |             30 |              96 |
| GPON        | Internet & Voice      |          69 |          29 |             29 |              59 |
| GPON        | Internet Only         |        1144 |        1059 |           1059 |            1083 |
| GPON        | TV & Internet         |        3547 |        1519 |           1519 |            3123 |
| GPON        | TV & Internet & OTT   |        1441 |         379 |            379 |             789 |
| GPON        | TV & Internet & Voice |         173 |          50 |             50 |             156 |
| GPON        | TV & OTT              |          81 |          24 |             24 |              27 |
| GPON        | TV & Voice            |          50 |          21 |             21 |              44 |
| GPON        | TV Only               |        1773 |        1210 |           1210 |            1264 |
| GPON        | Voice Only            |           9 |           9 |              9 |               9 |
| GPON        | Services Total        |        8462 |        4330 |           4327 |            6650 |
| HFC         | All                   |         129 |          22 |             22 |              72 |
| HFC         | Internet & Voice      |         358 |         166 |            166 |             322 |
| HFC         | Internet Only         |        3171 |        3153 |           3153 |            3169 |
| HFC         | TV & Internet         |        5429 |        2467 |           2467 |            5005 |
| HFC         | TV & Internet & OTT   |        1265 |         342 |            342 |             698 |
| HFC         | TV & Internet & Voice |         327 |          98 |             98 |             298 |
| HFC         | TV & OTT              |         222 |          31 |             31 |              45 |
| HFC         | TV & Voice            |          56 |          25 |             25 |              52 |
| HFC         | TV & Voice & OTT      |           3 |           1 |              1 |               2 |
| HFC         | TV Only               |        7963 |        6298 |           6298 |            6437 |
| HFC         | Voice Only            |         146 |         145 |            145 |             146 |
| HFC         | Services Total        |       19069 |       12748 |          12748 |           16246 |
| GRAND TOTAL | Services Total        |       27546 |       17089 |          17009 |           22907 |
+-------------+-----------------------+-------------+-------------+----------------+-----------------+
28 rows in set, 2 warnings (0.13 sec)

Query OK, 0 rows affected (0.02 sec)

Query OK, 49 rows affected, 3 warnings (0.17 sec)
Records: 49  Duplicates: 0  Warnings: 3

+-------------+---------------+-----------------------+-------------+-------------+----------------+-----------------+
| region      | network       | services              | activecount | allaccounts | uniqueaccounts | uniquecontracts |
+-------------+---------------+-----------------------+-------------+-------------+----------------+-----------------+
| Eden Island | GPON          | TV & Internet         |           2 |           1 |              1 |               2 |
| Eden Island | GPON          | Services Total        |           2 |           1 |              1 |               2 |
| Eden Island | Network Total | Services Total        |           2 |           1 |              1 |               2 |
| Mahe        | ADDON         | OTT Only              |           1 |           1 |              1 |               1 |
| Mahe        | ADDON         | TV & OTT              |           6 |           2 |              2 |               2 |
| Mahe        | ADDON         | TV Only               |           4 |           4 |              4 |               4 |
| Mahe        | ADDON         | Services Total        |          11 |           7 |              7 |               7 |
| Mahe        | GPON          | All                   |         158 |          27 |             27 |              87 |
| Mahe        | GPON          | Internet & Voice      |          57 |          23 |             23 |              47 |
| Mahe        | GPON          | Internet Only         |         905 |         820 |            820 |             844 |
| Mahe        | GPON          | TV & Internet         |        2679 |        1137 |           1137 |            2333 |
| Mahe        | GPON          | TV & Internet & OTT   |        1009 |         256 |            256 |             530 |
| Mahe        | GPON          | TV & Internet & Voice |         155 |          45 |             45 |             139 |
| Mahe        | GPON          | TV & OTT              |          63 |          18 |             18 |              20 |
| Mahe        | GPON          | TV & Voice            |          47 |          20 |             20 |              41 |
| Mahe        | GPON          | TV Only               |        1387 |         928 |            928 |             969 |
| Mahe        | GPON          | Voice Only            |           8 |           8 |              8 |               8 |
| Mahe        | GPON          | Services Total        |        6468 |        3282 |           3282 |            5018 |
| Mahe        | HFC           | All                   |         129 |          22 |             22 |              72 |
| Mahe        | HFC           | Internet & Voice      |         358 |         166 |            166 |             322 |
| Mahe        | HFC           | Internet Only         |        3170 |        3152 |           3152 |            3168 |
| Mahe        | HFC           | TV & Internet         |        5429 |        2467 |           2467 |            5005 |
| Mahe        | HFC           | TV & Internet & OTT   |        1265 |         342 |            342 |             698 |
| Mahe        | HFC           | TV & Internet & Voice |         327 |          98 |             98 |             298 |
| Mahe        | HFC           | TV & OTT              |         222 |          31 |             31 |              45 |
| Mahe        | HFC           | TV & Voice            |          56 |          25 |             25 |              52 |
| Mahe        | HFC           | TV & Voice & OTT      |           3 |           1 |              1 |               2 |
| Mahe        | HFC           | TV Only               |        7958 |        6295 |           6295 |            6434 |
| Mahe        | HFC           | Voice Only            |         146 |         145 |            145 |             146 |
| Mahe        | HFC           | Services Total        |       19063 |       12744 |          12744 |           16242 |
| Mahe        | Network Total | Services Total        |       25542 |       16033 |          15959 |           21267 |
| Praslin     | ADDON         | TV Only               |           4 |           4 |              4 |               4 |
| Praslin     | ADDON         | Services Total        |           4 |           4 |              4 |               4 |
| Praslin     | GPON          | All                   |          17 |           3 |              3 |               9 |
| Praslin     | GPON          | Internet & Voice      |          12 |           6 |              6 |              12 |
| Praslin     | GPON          | Internet Only         |         239 |         239 |            239 |             239 |
| Praslin     | GPON          | TV & Internet         |         866 |         381 |            381 |             788 |
| Praslin     | GPON          | TV & Internet & OTT   |         432 |         123 |            123 |             259 |
| Praslin     | GPON          | TV & Internet & Voice |          18 |           5 |              5 |              17 |
| Praslin     | GPON          | TV & OTT              |          18 |           6 |              6 |               7 |
| Praslin     | GPON          | TV & Voice            |           3 |           1 |              1 |               3 |
| Praslin     | GPON          | TV Only               |         386 |         282 |            282 |             295 |
| Praslin     | GPON          | Voice Only            |           1 |           1 |              1 |               1 |
| Praslin     | GPON          | Services Total        |        1992 |        1047 |           1047 |            1630 |
| Praslin     | HFC           | Internet Only         |           1 |           1 |              1 |               1 |
| Praslin     | HFC           | TV Only               |           5 |           3 |              3 |               3 |
| Praslin     | HFC           | Services Total        |           6 |           4 |              4 |               4 |
| Praslin     | Network Total | Services Total        |        2002 |        1055 |           1052 |            1638 |
| GRAND TOTAL | Network Total | Services Total        |       27546 |       17089 |          17009 |           22907 |
+-------------+---------------+-----------------------+-------------+-------------+----------------+-----------------+
49 rows in set (0.00 sec)

Query OK, 0 rows affected (0.00 sec)

Query OK, 26771 rows affected (0.42 sec)
Records: 26771  Duplicates: 0  Warnings: 0

Query OK, 0 rows affected (0.00 sec)

Query OK, 1986 rows affected (23.61 sec)
Records: 1986  Duplicates: 0  Warnings: 0

+--------------------------------------+
| message                              |
+--------------------------------------+
| running rcbill_my.sp_ActiveNumber2() |
+--------------------------------------+
1 row in set (0.00 sec)

Query OK, 365 rows affected (3 min 30.43 sec)

mysql> mysql \. C:\workspace\cloud\code\sql\_DailyScript\currenttime.sql
+---------------------+
| currenttime         |
+---------------------+
| 2020-03-13 10:18:19 |
+---------------------+
1 row in set (0.00 sec)

mysql> 
mysql> mysql \. C:\workspace\cloud\code\sql\_DailyScript\GetActiveNumbers Average -Pivot.sql
Database changed
+-------------------------------------+
| @today := subdate(current_date(),1) |
+-------------------------------------+
| 2020-03-12                          |
+-------------------------------------+
1 row in set (0.00 sec)

+-------------------------------------+
| @lastdayofmonth := last_day(@today) |
+-------------------------------------+
| 2020-03-31                          |
+-------------------------------------+
1 row in set (0.00 sec)

Query OK, 0 rows affected (0.02 sec)

Query OK, 37305 rows affected, 65535 warnings (55.44 sec)
Records: 37305  Duplicates: 0  Warnings: 76983

Query OK, 0 rows affected (0.09 sec)
Records: 0  Duplicates: 0  Warnings: 0

Query OK, 0 rows affected (0.11 sec)
Records: 0  Duplicates: 0  Warnings: 0

Query OK, 0 rows affected (0.09 sec)
Records: 0  Duplicates: 0  Warnings: 0

+-----------------+
| activenumberavg |
+-----------------+
|           37305 |
+-----------------+
1 row in set (0.00 sec)

Query OK, 0 rows affected (0.00 sec)

Query OK, 1837 rows affected (0.46 sec)
Records: 1837  Duplicates: 0  Warnings: 0

+---------------------+
| rep_activenumberavg |
+---------------------+
|                1837 |
+---------------------+
1 row in set (0.00 sec)

+----------------------+
| rep_activenumberavg1 |
+----------------------+
|                  866 |
+----------------------+
1 row in set (0.00 sec)

Query OK, 0 rows affected (0.02 sec)

Query OK, 1922 rows affected (0.35 sec)
Records: 1922  Duplicates: 0  Warnings: 0

Query OK, 0 rows affected (0.00 sec)

Query OK, 9787 rows affected (0.65 sec)
Records: 9787  Duplicates: 0  Warnings: 0

Query OK, 0 rows affected (0.00 sec)

Query OK, 0 rows affected (0.02 sec)

Query OK, 0 rows affected (0.00 sec)

Query OK, 0 rows affected (0.00 sec)

Query OK, 0 rows affected (0.00 sec)
Statement prepared

Query OK, 53 rows affected (0.04 sec)
Records: 53  Duplicates: 0  Warnings: 0

Query OK, 0 rows affected (0.00 sec)

Query OK, 0 rows affected (0.00 sec)

+----------------------+
| rep_activenumberavg2 |
+----------------------+
|                 1922 |
+----------------------+
1 row in set (0.00 sec)

+------------------------+
| rep_activenumberavg_pv |
+------------------------+
|                     53 |
+------------------------+
1 row in set (0.00 sec)

Query OK, 0 rows affected (0.00 sec)

Query OK, 1922 rows affected (0.31 sec)
Records: 1922  Duplicates: 0  Warnings: 0

Query OK, 0 rows affected (0.00 sec)

Query OK, 0 rows affected (0.00 sec)

Query OK, 0 rows affected (0.00 sec)

Query OK, 0 rows affected (0.01 sec)

Query OK, 0 rows affected (0.00 sec)
Statement prepared

Query OK, 53 rows affected (0.03 sec)
Records: 53  Duplicates: 0  Warnings: 0

Query OK, 0 rows affected (0.00 sec)

Query OK, 0 rows affected (0.00 sec)

+-------------------------+
| rep_activenumberavgMahe |
+-------------------------+
|                    1922 |
+-------------------------+
1 row in set (0.00 sec)

+----------------------------+
| rep_activenumberavgMahe_pv |
+----------------------------+
|                         53 |
+----------------------------+
1 row in set (0.00 sec)

Query OK, 0 rows affected (0.01 sec)

Query OK, 1230 rows affected (0.13 sec)
Records: 1230  Duplicates: 0  Warnings: 0

Query OK, 0 rows affected (0.00 sec)

Query OK, 0 rows affected (0.00 sec)

Query OK, 0 rows affected (0.02 sec)

Query OK, 0 rows affected (0.00 sec)

Query OK, 0 rows affected (0.00 sec)
Statement prepared

Query OK, 40 rows affected (0.03 sec)
Records: 40  Duplicates: 0  Warnings: 0

Query OK, 0 rows affected (0.00 sec)

Query OK, 0 rows affected (0.00 sec)

+----------------------------+
| rep_activenumberavgPraslin |
+----------------------------+
|                       1230 |
+----------------------------+
1 row in set (0.00 sec)

+-------------------------------+
| rep_activenumberavgPraslin_pv |
+-------------------------------+
|                            40 |
+-------------------------------+
1 row in set (0.00 sec)

mysql> mysql \. C:\workspace\cloud\code\sql\_DailyScript\currenttime.sql
+---------------------+
| currenttime         |
+---------------------+
| 2020-03-13 10:19:17 |
+---------------------+
1 row in set (0.00 sec)

mysql> 
mysql> mysql \. C:\workspace\cloud\code\sql\_DailyScript\budget_actual_analysis_2020.sql
Query OK, 0 rows affected (0.02 sec)

Query OK, 675 rows affected, 3 warnings (0.16 sec)
Records: 675  Duplicates: 0  Warnings: 3

+--------------------+
| budget_actual_2020 |
+--------------------+
|                675 |
+--------------------+
1 row in set (0.00 sec)

Query OK, 0 rows affected (0.01 sec)

Query OK, 47 rows affected (0.04 sec)
Records: 47  Duplicates: 0  Warnings: 0

+---------------------------+
| rep_budget_actual_2020_pv |
+---------------------------+
|                        47 |
+---------------------------+
1 row in set (0.00 sec)

mysql> mysql \. C:\workspace\cloud\code\sql\_DailyScript\currenttime.sql
+---------------------+
| currenttime         |
+---------------------+
| 2020-03-13 10:19:18 |
+---------------------+
1 row in set (0.00 sec)

mysql> 
mysql> mysql \. C:\workspace\cloud\code\sql\_DailyScript\reports-sales-addons-prepaid-camera.sql
Database changed
Query OK, 0 rows affected (0.02 sec)

Query OK, 4007 rows affected (0.45 sec)
Records: 4007  Duplicates: 0  Warnings: 0

Query OK, 0 rows affected (0.00 sec)

Query OK, 18565 rows affected (2 min 43.87 sec)
Records: 18565  Duplicates: 0  Warnings: 0

+--------------------+
| rep_prepaid_camera |
+--------------------+
|               4007 |
+--------------------+
1 row in set (0.00 sec)

+-----------+
| rep_addon |
+-----------+
|     18565 |
+-----------+
1 row in set (0.01 sec)

mysql> mysql \. C:\workspace\cloud\code\sql\_DailyScript\currenttime.sql
+---------------------+
| currenttime         |
+---------------------+
| 2020-03-13 10:22:02 |
+---------------------+
1 row in set (0.00 sec)

mysql> 
mysql> mysql \. C:\workspace\cloud\code\sql\_DailyScript\housing-estate-analysis.sql
Database changed
Query OK, 0 rows affected (0.02 sec)

Query OK, 3086 rows affected (3 min 6.20 sec)
Records: 3086  Duplicates: 0  Warnings: 0

+--------------------+
| rep_housingestates |
+--------------------+
|               3086 |
+--------------------+
1 row in set (0.00 sec)

mysql> mysql \. C:\workspace\cloud\code\sql\_DailyScript\currenttime.sql
+---------------------+
| currenttime         |
+---------------------+
| 2020-03-13 10:25:08 |
+---------------------+
1 row in set (0.00 sec)

mysql> 
mysql> mysql \. C:\workspace\cloud\code\sql\_DailyScript\RCB_ClientAnalyticsReport_Script.sql
Database changed
Query OK, 0 rows affected (0.00 sec)

Query OK, 0 rows affected (0.50 sec)

Query OK, 1842122 rows affected (1 min 27.29 sec)
Records: 1842122  Duplicates: 0  Warnings: 0

Query OK, 0 rows affected (7.61 sec)
Records: 0  Duplicates: 0  Warnings: 0

Query OK, 0 rows affected (5.16 sec)
Records: 0  Duplicates: 0  Warnings: 0

Query OK, 0 rows affected (8.01 sec)
Records: 0  Duplicates: 0  Warnings: 0

Query OK, 0 rows affected (8.74 sec)
Records: 0  Duplicates: 0  Warnings: 0

Query OK, 0 rows affected (9.17 sec)
Records: 0  Duplicates: 0  Warnings: 0

Query OK, 0 rows affected (7.48 sec)
Records: 0  Duplicates: 0  Warnings: 0

Query OK, 0 rows affected (0.00 sec)

Query OK, 470887 rows affected (14.40 sec)
Rows matched: 1842122  Changed: 470887  Warnings: 0

Query OK, 0 rows affected (0.00 sec)

Query OK, 27732 rows affected (3.79 sec)
Records: 27732  Duplicates: 0  Warnings: 0

Query OK, 0 rows affected (0.09 sec)

Query OK, 43309 rows affected (10 min 31.09 sec)
Records: 43309  Duplicates: 0  Warnings: 0

Query OK, 0 rows affected (0.15 sec)
Records: 0  Duplicates: 0  Warnings: 0

Query OK, 0 rows affected (0.14 sec)
Records: 0  Duplicates: 0  Warnings: 0

Query OK, 0 rows affected (0.09 sec)
Records: 0  Duplicates: 0  Warnings: 0

Query OK, 0 rows affected (0.03 sec)

Query OK, 441075 rows affected (12 min 44.29 sec)
Records: 441075  Duplicates: 0  Warnings: 0

Query OK, 0 rows affected (1.60 sec)
Records: 0  Duplicates: 0  Warnings: 0

Query OK, 0 rows affected (1.58 sec)
Records: 0  Duplicates: 0  Warnings: 0

Query OK, 0 rows affected (0.86 sec)
Records: 0  Duplicates: 0  Warnings: 0

Query OK, 0 rows affected (2.34 sec)
Records: 0  Duplicates: 0  Warnings: 0

Query OK, 0 rows affected (1.60 sec)
Records: 0  Duplicates: 0  Warnings: 0

Query OK, 0 rows affected (0.01 sec)

Query OK, 43309 rows affected (1 min 26.03 sec)
Records: 43309  Duplicates: 0  Warnings: 0

+--------------+
| clientreport |
+--------------+
|        43309 |
+--------------+
1 row in set (0.03 sec)

Query OK, 0 rows affected (0.03 sec)

Query OK, 43309 rows affected (6.05 sec)
Records: 43309  Duplicates: 0  Warnings: 0

+----------------------+
| clientextendedreport |
+----------------------+
|                43309 |
+----------------------+
1 row in set (0.02 sec)

Query OK, 0 rows affected (0.03 sec)

Query OK, 43309 rows affected (1 min 0.25 sec)
Records: 43309  Duplicates: 0  Warnings: 0

+---------+
| allcust |
+---------+
|   43309 |
+---------+
1 row in set (0.02 sec)

Query OK, 0 rows affected, 1 warning (0.00 sec)

Query OK, 5000 rows affected (0.14 sec)
Records: 5000  Duplicates: 0  Warnings: 0

Query OK, 0 rows affected (0.02 sec)

Query OK, 6916 rows affected (0.34 sec)
Records: 6916  Duplicates: 0  Warnings: 0

Query OK, 0 rows affected, 1 warning (0.00 sec)

Query OK, 5000 rows affected (0.13 sec)
Records: 5000  Duplicates: 0  Warnings: 0

Query OK, 0 rows affected (0.00 sec)

Query OK, 7312 rows affected (0.17 sec)
Records: 7312  Duplicates: 0  Warnings: 0

mysql> mysql \. C:\workspace\cloud\code\sql\_DailyScript\currenttime.sql
+---------------------+
| currenttime         |
+---------------------+
| 2020-03-13 10:53:37 |
+---------------------+
1 row in set (0.00 sec)

mysql> 
mysql> 
mysql> mysql \. C:\workspace\cloud\code\sql\_DailyScript\REVENUE_PER_NODE_MXK.sql
Query OK, 0 rows affected (0.00 sec)

Query OK, 0 rows affected (0.00 sec)

Query OK, 0 rows affected (0.00 sec)

Query OK, 5738 rows affected (1.86 sec)
Records: 5738  Duplicates: 0  Warnings: 0

+----------------------+
| message              |
+----------------------+
| created temp table a |
+----------------------+
1 row in set (0.00 sec)

Query OK, 5843 rows affected (3.24 sec)
Records: 5843  Duplicates: 0  Warnings: 0

+----------------------+
| message              |
+----------------------+
| created temp table b |
+----------------------+
1 row in set (0.00 sec)

Query OK, 0 rows affected, 1 warning (0.00 sec)

Query OK, 6028 rows affected (10.97 sec)
Records: 6028  Duplicates: 0  Warnings: 0

+--------------------------------+
| message                        |
+--------------------------------+
| created rcbill_my.tempcustmxk1 |
+--------------------------------+
1 row in set (0.00 sec)

Query OK, 0 rows affected (0.00 sec)

Query OK, 0 rows affected (0.00 sec)

Query OK, 0 rows affected, 1 warning (0.00 sec)

Query OK, 5738 rows affected (1.25 sec)
Records: 5738  Duplicates: 0  Warnings: 0

+----------------+
| message        |
+----------------+
| created temp a |
+----------------+
1 row in set (0.00 sec)

Query OK, 5843 rows affected (0.62 sec)
Records: 5843  Duplicates: 0  Warnings: 0

+----------------+
| message        |
+----------------+
| created temp b |
+----------------+
1 row in set (0.00 sec)

Query OK, 0 rows affected, 1 warning (0.00 sec)

Query OK, 5936 rows affected (7.53 sec)
Records: 5936  Duplicates: 0  Warnings: 0

+--------------------------------+
| message                        |
+--------------------------------+
| created rcbill_my.tempcustmxk2 |
+--------------------------------+
1 row in set (0.00 sec)

Query OK, 0 rows affected (0.00 sec)

Query OK, 0 rows affected (0.00 sec)

Query OK, 0 rows affected, 1 warning (0.00 sec)

Query OK, 0 rows affected (0.00 sec)

Query OK, 6748 rows affected (0.30 sec)
Records: 6748  Duplicates: 0  Warnings: 0

+---------------------------------+
| message                         |
+---------------------------------+
| created rcbill_my.customers_mxk |
+---------------------------------+
1 row in set (0.01 sec)

Query OK, 0 rows affected (0.00 sec)

Query OK, 0 rows affected (0.00 sec)

Query OK, 13994 rows affected (5.86 sec)
Records: 13994  Duplicates: 0  Warnings: 0

+----------------+
| message        |
+----------------+
| created temp a |
+----------------+
1 row in set (0.00 sec)

Query OK, 19661 rows affected (3.09 sec)
Records: 19661  Duplicates: 0  Warnings: 0

+----------------+
| message        |
+----------------+
| created temp c |
+----------------+
1 row in set (0.00 sec)

Query OK, 0 rows affected, 1 warning (0.00 sec)

Query OK, 27284 rows affected (0.27 sec)
Records: 27284  Duplicates: 0  Warnings: 0

+---------------------------------+
| message                         |
+---------------------------------+
| created rcbill_my.tempcustcmts1 |
+---------------------------------+
1 row in set (0.00 sec)

Query OK, 0 rows affected (0.02 sec)

Query OK, 0 rows affected, 1 warning (0.00 sec)

Query OK, 0 rows affected (0.00 sec)

Query OK, 13994 rows affected (5.61 sec)
Records: 13994  Duplicates: 0  Warnings: 0

+----------------+
| message        |
+----------------+
| created temp a |
+----------------+
1 row in set (0.00 sec)

Query OK, 19661 rows affected (1.22 sec)
Records: 19661  Duplicates: 0  Warnings: 0

+----------------+
| message        |
+----------------+
| created temp c |
+----------------+
1 row in set (0.00 sec)

Query OK, 0 rows affected, 1 warning (0.00 sec)

Query OK, 20477 rows affected (0.25 sec)
Records: 20477  Duplicates: 0  Warnings: 0

+---------------------------------+
| message                         |
+---------------------------------+
| created rcbill_my.tempcustcmts2 |
+---------------------------------+
1 row in set (0.00 sec)

Query OK, 0 rows affected (0.02 sec)

Query OK, 0 rows affected, 1 warning (0.00 sec)

Query OK, 0 rows affected (0.00 sec)

Query OK, 0 rows affected (0.01 sec)

Query OK, 14128 rows affected (0.92 sec)
Records: 14128  Duplicates: 0  Warnings: 0

+----------------------------------+
| message                          |
+----------------------------------+
| created rcbill_my.customers_cmts |
+----------------------------------+
1 row in set (0.00 sec)

Query OK, 0 rows affected (0.02 sec)

Query OK, 0 rows affected (0.00 sec)

Query OK, 0 rows affected (0.02 sec)

Query OK, 17912 rows affected (0.82 sec)
Records: 17912  Duplicates: 0  Warnings: 0

+--------------------------------------+
| message                              |
+--------------------------------------+
| created rcbill_my.customers_cmts_mxk |
+--------------------------------------+
1 row in set (0.00 sec)

Query OK, 466716 rows affected (1 min 7.31 sec)
Records: 466716  Duplicates: 0  Warnings: 0

+----------------+
| message        |
+----------------+
| created temp a |
+----------------+
1 row in set (0.00 sec)

Query OK, 0 rows affected (0.01 sec)

Query OK, 467423 rows affected (17.13 sec)
Records: 467423  Duplicates: 0  Warnings: 0

+------------------------------------------------+
| message                                        |
+------------------------------------------------+
| created rcbill_my.customers_contracts_cmts_mxk |
+------------------------------------------------+
1 row in set (0.00 sec)

Query OK, 0 rows affected (0.01 sec)

Query OK, 0 rows affected, 1 warning (0.00 sec)

Query OK, 0 rows affected, 1 warning (0.00 sec)

Query OK, 0 rows affected (0.00 sec)

Query OK, 7988 rows affected (3.72 sec)
Rows matched: 7988  Changed: 7988  Warnings: 0

+------------------------------------------------+
| message                                        |
+------------------------------------------------+
| updated rcbill_my.customers_contracts_cmts_mxk |
+------------------------------------------------+
1 row in set (0.00 sec)

Query OK, 0 rows affected (0.26 sec)

Query OK, 1827228 rows affected (4 min 20.27 sec)
Records: 1827228  Duplicates: 0  Warnings: 0

+----------------------------------------+
| message                                |
+----------------------------------------+
| created rcbill_my.customers_collection |
+----------------------------------------+
1 row in set (0.00 sec)

Query OK, 0 rows affected (0.05 sec)

Query OK, 2106934 rows affected (1 min 57.56 sec)
Records: 2106934  Duplicates: 0  Warnings: 0

+------------------------------------------------+
| message                                        |
+------------------------------------------------+
| created rcbill_my.customers_cmts_mxk_cont_coll |
+------------------------------------------------+
1 row in set (0.00 sec)

Query OK, 0 rows affected (0.01 sec)

Query OK, 427603 rows affected (2 min 28.27 sec)
Records: 427603  Duplicates: 0  Warnings: 0

+--------------------------------------------------------+
| message                                                |
+--------------------------------------------------------+
| created rcbill_my.customers_contracts_collection_pivot |
+--------------------------------------------------------+
1 row in set (0.00 sec)

Query OK, 0 rows affected (0.03 sec)

Query OK, 39379 rows affected (2 min 30.59 sec)
Records: 39379  Duplicates: 0  Warnings: 0

+----------------------------------------------+
| message                                      |
+----------------------------------------------+
| created rcbill_my.customers_collection_pivot |
+----------------------------------------------+
1 row in set (0.00 sec)

Query OK, 0 rows affected (0.01 sec)

Query OK, 43309 rows affected (3.67 sec)
Records: 43309  Duplicates: 0  Warnings: 0

+--------------------------------------------+
| message                                    |
+--------------------------------------------+
| created rcbill_my.rep_customers_collection |
+--------------------------------------------+
1 row in set (0.00 sec)

Query OK, 0 rows affected (0.00 sec)

Query OK, 0 rows affected, 1 warning (0.00 sec)

Query OK, 434853 rows affected (16.97 sec)
Records: 434853  Duplicates: 0  Warnings: 0

+-------------------------+
| message                 |
+-------------------------+
| created rcbill_my.tempa |
+-------------------------+
1 row in set (0.00 sec)

Query OK, 0 rows affected, 1 warning (0.00 sec)

Query OK, 427603 rows affected (30.19 sec)
Records: 427603  Duplicates: 0  Warnings: 0

+-------------------------+
| message                 |
+-------------------------+
| created rcbill_my.tempb |
+-------------------------+
1 row in set (0.00 sec)

Query OK, 434853 rows affected (26.02 sec)
Records: 434853  Duplicates: 0  Warnings: 0

+-----------+
| message   |
+-----------+
| created a |
+-----------+
1 row in set (0.00 sec)

Query OK, 427616 rows affected (31.02 sec)
Records: 427616  Duplicates: 0  Warnings: 0

+-----------+
| message   |
+-----------+
| created b |
+-----------+
1 row in set (0.02 sec)

Query OK, 0 rows affected (0.02 sec)

Query OK, 0 rows affected (0.02 sec)

Query OK, 0 rows affected (0.16 sec)

Query OK, 471199 rows affected (54.33 sec)
Records: 471199  Duplicates: 0  Warnings: 0

+----------------------------------------------+
| message                                      |
+----------------------------------------------+
| created rcbill_my.cust_cont_payment_cmts_mxk |
+----------------------------------------------+
1 row in set (0.00 sec)

Query OK, 0 rows affected (0.02 sec)

Query OK, 0 rows affected (0.00 sec)

Query OK, 0 rows affected, 1 warning (0.00 sec)

Query OK, 0 rows affected (0.02 sec)

Query OK, 43309 rows affected (19.38 sec)
Records: 43309  Duplicates: 0  Warnings: 0

+--------------------------------------------------+
| message                                          |
+--------------------------------------------------+
| created rcbill_my.rep_cust_cont_payment_cmts_mxk |
+--------------------------------------------------+
1 row in set (0.00 sec)

Query OK, 0 rows affected, 1 warning (0.00 sec)

Query OK, 0 rows affected, 1 warning (0.00 sec)

Query OK, 0 rows affected (0.04 sec)

Query OK, 43309 rows affected, 5 warnings (20.48 sec)
Records: 43309  Duplicates: 0  Warnings: 5

+----------------------+
| rep_custconsolidated |
+----------------------+
|                43309 |
+----------------------+
1 row in set (1.32 sec)

Query OK, 0 rows affected (0.00 sec)

Query OK, 0 rows affected (0.00 sec)

+----------------------------------------------+
| message                                      |
+----------------------------------------------+
| creating rcbill_my.retentioncustomeractivity |
+----------------------------------------------+
1 row in set (0.02 sec)

Query OK, 840 rows affected (0.10 sec)
Records: 840  Duplicates: 0  Warnings: 0

+---------------------------+
| retentioncustomeractivity |
+---------------------------+
|                       840 |
+---------------------------+
1 row in set (0.00 sec)

+-----------+------------------------------------+------------+-------------+-----------------+------------------+---------------------+-------------------+
| HFC_NODE  | NODENAME                           | CMTS_DATE  | INSERTED_ON | UNIQUE_ACCOUNTS | UNIQUE_CONTRACTS | UNIQUE_MAC_INRCBOSS | UNIQUE_MAC_INCMTS |
+-----------+------------------------------------+------------+-------------+-----------------+------------------+---------------------+-------------------+
| NULL      | NULL                               | NULL       | 2020-03-13  |            6639 |             6985 |                7024 |                 0 |
| C5/0/0/U0 | ANSE-BOILEAU-2                     | 2020-01-06 | 2020-03-13  |             170 |              177 |                 170 |               171 |
| C5/0/0/U1 | 500-C3-ANSE-BOILEAU                | 2020-01-06 | 2020-03-13  |             176 |              178 |                 176 |               179 |
| C5/0/1/U0 | 501-C4-LA-MISIERE-LEFT-I           | 2020-01-06 | 2020-03-13  |             148 |              155 |                 148 |               150 |
| C5/0/1/U1 | 501-C5-LA-MISIERE-RIGHT            | 2020-01-06 | 2020-03-13  |              98 |              101 |                  98 |               100 |
| C5/0/1/U2 | 501-C7-LA-MISIERE-LEFT-II          | 2020-01-06 | 2020-03-13  |             146 |              153 |                 147 |               147 |
| C5/0/2/U0 | 502-C8-LA-LOUISE                   | 2020-01-06 | 2020-03-13  |             139 |              143 |                 139 |               143 |
| C5/0/2/U1 | LA-LOUISE-2                        | 2020-01-06 | 2020-03-13  |             129 |              129 |                 129 |               132 |
| C5/0/3/U0 | 504-C6-PETIT-PARIS                 | 2020-01-06 | 2020-03-13  |             156 |              160 |                 156 |               159 |
| C5/0/3/U1 | PETIT-PARIS-23                     | 2020-01-06 | 2020-03-13  |              76 |               79 |                  76 |                77 |
| C5/0/4/U0 | FOUR-SEASONS                       | 2020-01-06 | 2020-03-13  |               3 |                4 |                   4 |                 4 |
| C5/0/4/U1 | ANCHOR-CAFE-I                      | 2020-01-06 | 2020-03-13  |             142 |              145 |                 142 |               149 |
| C5/0/4/U2 | ANCHOR-CAFE-II                     | 2020-01-06 | 2020-03-13  |             142 |              146 |                 143 |               144 |
| C5/1/0/U0 | POINTE-LARUE-AIRPORT-23            | 2020-01-06 | 2020-03-13  |              50 |               53 |                  51 |                56 |
| C5/1/0/U1 | PPROVIDENCE-23                     | 2020-01-06 | 2020-03-13  |              21 |               24 |                  22 |                22 |
| C5/1/0/U2 | ROSHE-CAIMAN-23                    | 2020-01-06 | 2020-03-13  |               8 |                8 |                   8 |                 8 |
| C5/1/0/U3 | HEAD-OFFICE | HO-23                | 2020-01-06 | 2020-03-13  |              20 |               20 |                  20 |                20 |
| C5/1/1/U1 | C5-UNION-VALE                      | 2020-01-06 | 2020-03-13  |             185 |              190 |                 185 |               186 |
| C5/1/3/U0 | POINTE-LARUE-AIRPORT-27            | 2020-01-06 | 2020-03-13  |             171 |              176 |                 171 |               173 |
| C5/1/3/U1 | PPROVIDENCE-27                     | 2020-01-06 | 2020-03-13  |              27 |               27 |                  27 |                27 |
| C5/1/3/U2 | ROSHE-CAIMAN-27                    | 2020-01-06 | 2020-03-13  |              32 |               33 |                  32 |                32 |
| C5/1/3/U3 | HEAD-OFFICE | HO-27                | 2020-01-06 | 2020-03-13  |              18 |               19 |                  18 |                18 |
| C5/1/4/U0 | ANSE-ROYALE-27                     | 2020-01-06 | 2020-03-13  |              84 |               87 |                  84 |                87 |
| C5/1/4/U1 | GLACIS-2-57                        | 2020-01-06 | 2020-03-13  |              91 |               94 |                  91 |                95 |
| C5/1/4/U2 | NULL                               | 2020-01-06 | 2020-03-13  |              91 |               92 |                  91 |                93 |
| C5/1/4/U3 | GLACIS-1                           | 2020-01-06 | 2020-03-13  |              47 |               51 |                  47 |                48 |
| C6/0/1/U0 | SERRET-ROAD-RIGHT/CURIO/PASCAL     | 2020-01-06 | 2020-03-13  |             122 |              124 |                 122 |               122 |
| C6/0/1/U1 | SERRET-ROAD-LEFT/ST.LOUIS/TOWN     | 2020-01-06 | 2020-03-13  |             131 |              136 |                 131 |               134 |
| C6/0/1/U2 | SERRET-ROAD-RIGHT/CURIO/PASCAL-2   | 2020-01-06 | 2020-03-13  |             113 |              114 |                 113 |               113 |
| C6/0/1/U3 | SERRET-ROAD-LEFT/ST.LOUIS/TOWN-2   | 2020-01-06 | 2020-03-13  |             128 |              131 |                 128 |               128 |
| C6/0/2/U0 | SANS-SOUCIS-I                      | 2020-01-06 | 2020-03-13  |              85 |               88 |                  85 |                87 |
| C6/0/2/U1 | SANS-SOUCIS-II                     | 2020-01-06 | 2020-03-13  |             131 |              136 |                 131 |               136 |
| C6/0/2/U2 | BEL-AIR-27                         | 2020-01-06 | 2020-03-13  |              96 |               98 |                  96 |               101 |
| C6/0/2/U3 | BEL-AIR-38                         | 2020-01-06 | 2020-03-13  |             100 |              105 |                 100 |               101 |
| C6/0/3/U0 | LES-MAMELLES-23                    | 2020-01-06 | 2020-03-13  |              50 |               50 |                  50 |                51 |
| C6/0/3/U1 | VICTORIA-23                        | 2020-01-06 | 2020-03-13  |              12 |               12 |                  12 |                13 |
| C6/0/4/U0 | LES-MAMELLES-27                    | 2020-01-06 | 2020-03-13  |              86 |               86 |                  86 |                87 |
| C6/0/4/U1 | VICTORIA-27                        | 2020-01-06 | 2020-03-13  |              34 |               36 |                  35 |                37 |
| C7/1/0/U0 | LA-RETRAITE-23                     | 2020-01-06 | 2020-03-13  |             110 |              113 |                 111 |               114 |
| C7/1/0/U1 | TEA-FACTORY-23                     | 2020-01-06 | 2020-03-13  |              26 |               33 |                  28 |                28 |
| C7/1/0/U2 | PAS-23                             | 2020-01-06 | 2020-03-13  |             127 |              130 |                 128 |               128 |
| C7/1/1/U0 | REEF-ESTATE-23                     | 2020-01-06 | 2020-03-13  |              73 |               75 |                  73 |                78 |
| C7/1/1/U1 | BEL-OMBRE-NEW-23                   | 2020-01-06 | 2020-03-13  |               1 |                1 |                   1 |                 2 |
| C7/1/2/U0 | LA-RETRAITE-27                     | 2020-01-06 | 2020-03-13  |              80 |               84 |                  80 |                81 |
| C7/1/2/U1 | TEA-FACTORY-27                     | 2020-01-06 | 2020-03-13  |              22 |               25 |                  23 |                24 |
| C7/1/2/U2 | PAS-27                             | 2020-01-06 | 2020-03-13  |              72 |               75 |                  72 |                74 |
| C7/1/3/U0 | MT-BUXTON-27                       | 2020-01-06 | 2020-03-13  |             153 |              155 |                 153 |               156 |
| C7/1/3/U1 | MT-BUXTON-23                       | 2020-01-06 | 2020-03-13  |              71 |               73 |                  71 |                71 |
| C7/1/4/U0 | REEF-ESTATE-27                     | 2020-01-06 | 2020-03-13  |              79 |               79 |                  79 |                79 |
| C7/1/4/U1 | BEL-OMBRE-NEW-27                   | 2020-01-06 | 2020-03-13  |               4 |                4 |                   4 |                 4 |
| C8/0/0/U0 | POLICE-ACADEMY-1-27 - POINTE LARUE | 2020-01-06 | 2020-03-13  |             179 |              179 |                 179 |               182 |
| C8/0/0/U1 | NULL                               | 2020-01-06 | 2020-03-13  |             113 |              118 |                 114 |               116 |
| C8/0/1/U0 | NULL                               | 2020-01-06 | 2020-03-13  |             183 |              186 |                 182 |               182 |
| C8/0/1/U1 | POLICE-ACADEMY-2-27 - TURTLE BAY   | 2020-01-06 | 2020-03-13  |             141 |              143 |                 142 |               145 |
| C8/0/2/U0 | BEAU-VALLON-LEFT-1-57              | 2020-01-06 | 2020-03-13  |              58 |               60 |                  59 |                62 |
| C8/0/3/U1 | BEAU-VALLON-RIGHT-2-57             | 2020-01-06 | 2020-03-13  |             143 |              149 |                 143 |               150 |
| C8/1/0/U0 | MA-JOIE-NODE-27                    | 2020-01-06 | 2020-03-13  |             109 |              113 |                 108 |               110 |
| C8/1/0/U1 | BELONIE-27                         | 2020-01-06 | 2020-03-13  |             148 |              151 |                 147 |               150 |
| C8/1/0/U3 | MA-JOIE-NODE-23                    | 2020-01-06 | 2020-03-13  |             106 |              106 |                 106 |               107 |
| C8/1/1/U0 | 611-C1-ROJN I                      | 2020-01-06 | 2020-03-13  |             114 |              115 |                 114 |               115 |
| C8/1/1/U1 | 611-C5-ROJN II                     | 2020-01-06 | 2020-03-13  |             119 |              120 |                 119 |               124 |
| C8/1/2/U0 | 612-C2-ANSE-ETOILE                 | 2020-01-06 | 2020-03-13  |             160 |              163 |                 160 |               161 |
| C8/1/2/U1 | ANSE-ETOILE-U2                     | 2020-01-06 | 2020-03-13  |              67 |               67 |                  67 |                69 |
| C8/1/3/U0 | 613-C3-ANSE-GAULETTE I             | 2020-01-06 | 2020-03-13  |              64 |               71 |                  64 |                66 |
| C8/1/3/U1 | 613-C7-ANSE-GAULETTE II            | 2020-01-06 | 2020-03-13  |              71 |               74 |                  71 |                72 |
| C8/1/3/U2 | 613-C3-ANSE-GAULETTE III           | 2020-01-06 | 2020-03-13  |              31 |               32 |                  31 |                31 |
| C8/1/3/U3 | TAKAMAKA I                         | 2020-01-06 | 2020-03-13  |             103 |              106 |                 103 |               105 |
| C8/1/3/U4 | TAKAMAKA II                        | 2020-01-06 | 2020-03-13  |              96 |               97 |                  96 |                96 |
| C8/1/4/U0 | 614-BEOLIERE-NODE-1                | 2020-01-06 | 2020-03-13  |             105 |              107 |                 105 |               112 |
| C8/1/4/U1 | 614-BEOLIERE-NODE-2                | 2020-01-06 | 2020-03-13  |              95 |               97 |                  95 |               102 |
+-----------+------------------------------------+------------+-------------+-----------------+------------------+---------------------+-------------------+
70 rows in set (0.26 sec)

+------------------+------------+-------------+-----------------+------------------+----------------------+-------------------+
| MXK_NAME         | MXK_DATE   | INSERTED_ON | UNIQUE_ACCOUNTS | UNIQUE_CONTRACTS | UNIQUE_FSAN_INRCBOSS | UNIQUE_FSAN_INMXK |
+------------------+------------+-------------+-----------------+------------------+----------------------+-------------------+
| NULL             | NULL       | 2020-03-13  |             794 |              808 |                  797 |                 0 |
| MXK-ANSEETOILE   | 2020-01-06 | 2020-03-13  |             213 |              216 |                  216 |               228 |
| MXK-ANSEROYALE   | 2020-01-06 | 2020-03-13  |             146 |              146 |                  146 |               166 |
| MXK-BEAUVALLON   | 2020-01-06 | 2020-03-13  |            1439 |             1459 |                 1450 |              1537 |
| MXK-MAHE         | 2020-01-06 | 2020-03-13  |             925 |              952 |                  885 |              1124 |
| MXK-PERSEVERANCE | 2020-01-06 | 2020-03-13  |            1002 |             1009 |                 1008 |              1159 |
| MXK-PRASLIN      | 2020-01-06 | 2020-03-13  |            1213 |             1216 |                 1209 |              1357 |
+------------------+------------+-------------+-----------------+------------------+----------------------+-------------------+
7 rows in set (0.09 sec)

mysql> mysql \. C:\workspace\cloud\code\sql\_DailyScript\currenttime.sql
+---------------------+
| currenttime         |
+---------------------+
| 2020-03-13 11:10:31 |
+---------------------+
1 row in set (0.00 sec)

mysql> 
mysql> 
mysql> mysql \. C:\workspace\cloud\code\sql\Analysis\service_tickets_assignments.sql
Query OK, 0 rows affected (0.02 sec)

Query OK, 23292 rows affected (7.28 sec)
Records: 23292  Duplicates: 0  Warnings: 0

+-------------------------+
| rep_servicetickets_2020 |
+-------------------------+
|                   23292 |
+-------------------------+
1 row in set (0.03 sec)

mysql> mysql \. C:\workspace\cloud\code\sql\_DailyScript\currenttime.sql
+---------------------+
| currenttime         |
+---------------------+
| 2020-03-13 11:10:38 |
+---------------------+
1 row in set (0.00 sec)

mysql> 
mysql> 
mysql> exit
