    -> 
    -> mysql \. C:\workspace\cloud\code\sql\_DailyScript\_setdates.sql
Database changed
Query OK, 0 rows affected (0.00 sec)

Query OK, 0 rows affected (0.00 sec)

Query OK, 0 rows affected (0.00 sec)

Query OK, 0 rows affected (0.00 sec)

Query OK, 0 rows affected (0.00 sec)

Query OK, 0 rows affected (0.00 sec)

Query OK, 0 rows affected (0.00 sec)

Query OK, 0 rows affected (0.00 sec)

Query OK, 0 rows affected (0.00 sec)

Query OK, 0 rows affected (0.00 sec)

Query OK, 0 rows affected (0.00 sec)

Query OK, 0 rows affected (0.00 sec)

Query OK, 0 rows affected (0.00 sec)

Query OK, 0 rows affected (0.00 sec)

Query OK, 0 rows affected (0.00 sec)

Query OK, 0 rows affected (0.00 sec)

Query OK, 0 rows affected (0.00 sec)

Query OK, 0 rows affected (0.00 sec)

Query OK, 0 rows affected (0.00 sec)

Query OK, 0 rows affected (0.00 sec)

Query OK, 0 rows affected (0.00 sec)

mysql> mysql \. C:\workspace\cloud\code\sql\_DailyScript\currenttime.sql
+---------------------+
| currenttime         |
+---------------------+
| 2020-12-14 09:41:15 |
+---------------------+
1 row in set (0.00 sec)

mysql> 
mysql> mysql \. C:\workspace\cloud\code\sql\_DailyScript\load_RCB_VODTITLES.sql
Database changed
Query OK, 0 rows affected (0.00 sec)

Query OK, 13435 rows affected (0.14 sec)

Query OK, 13437 rows affected, 13437 warnings (0.50 sec)
Records: 13437  Deleted: 0  Skipped: 0  Warnings: 13437

Query OK, 0 rows affected (0.00 sec)

Query OK, 2 rows affected (0.01 sec)

+-----------+
| VODTITLES |
+-----------+
|     13895 |
+-----------+
1 row in set (0.00 sec)

+-----------+-----------+
| titletype | typecount |
+-----------+-----------+
| E         |     11257 |
| N         |       236 |
| T         |      1942 |
| NULL      |     13435 |
+-----------+-----------+
4 rows in set (0.03 sec)

mysql> mysql \. C:\workspace\cloud\code\sql\_DailyScript\currenttime.sql
+---------------------+
| currenttime         |
+---------------------+
| 2020-12-14 09:41:16 |
+---------------------+
1 row in set (0.00 sec)

mysql> 
mysql> mysql \. C:\workspace\cloud\code\sql\_DailyScript\DAILY-SCRIPT-LIVETV-STATS.sql
Database changed
Query OK, 0 rows affected (0.01 sec)

Query OK, 122001 rows affected (1.24 sec)
Records: 122001  Duplicates: 0  Warnings: 0

+------------+------------+----------+--------------+--------------+-----------+-------------+----------+--------+------+------------+---------+---------------+
| Table      | Non_unique | Key_name | Seq_in_index | Column_name  | Collation | Cardinality | Sub_part | Packed | Null | Index_type | Comment | Index_comment |
+------------+------------+----------+--------------+--------------+-----------+-------------+----------+--------+------+------------+---------+---------------+
| templivetv |          1 | idxtv1   |            1 | device       | A         |      122136 |     NULL | NULL   | YES  | BTREE      |         |               |
| templivetv |          1 | idxtv2   |            1 | sessionstart | A         |      122136 |     NULL | NULL   | YES  | BTREE      |         |               |
+------------+------------+----------+--------------+--------------+-----------+-------------+----------+--------+------+------------+---------+---------------+
2 rows in set (0.00 sec)

Query OK, 122089 rows affected (16.11 sec)
Records: 122089  Duplicates: 0  Warnings: 0

Query OK, 2793 rows affected (0.73 sec)
Records: 2793  Duplicates: 0  Warnings: 0

Query OK, 0 rows affected (0.00 sec)

Query OK, 0 rows affected (0.00 sec)

Query OK, 135 rows affected (0.05 sec)
Records: 135  Duplicates: 0  Warnings: 0

Query OK, 0 rows affected (0.01 sec)

Query OK, 46595 rows affected (2 min 12.71 sec)
Records: 46595  Duplicates: 0  Warnings: 0

+-----------------+
| rep_livetvstats |
+-----------------+
|           46595 |
+-----------------+
1 row in set (0.01 sec)

mysql> mysql \. C:\workspace\cloud\code\sql\_DailyScript\currenttime.sql
+---------------------+
| currenttime         |
+---------------------+
| 2020-12-14 09:43:47 |
+---------------------+
1 row in set (0.00 sec)

mysql> 
mysql> mysql \. C:\workspace\cloud\code\sql\_DailyScript\DAILY-SCRIPT-VODTS-STATS.sql
Database changed
Query OK, 0 rows affected (0.01 sec)

Query OK, 4796 rows affected (15.82 sec)
Records: 4796  Duplicates: 0  Warnings: 0

+---------+------------+----------+--------------+--------------+-----------+-------------+----------+--------+------+------------+---------+---------------+
| Table   | Non_unique | Key_name | Seq_in_index | Column_name  | Collation | Cardinality | Sub_part | Packed | Null | Index_type | Comment | Index_comment |
+---------+------------+----------+--------------+--------------+-----------+-------------+----------+--------+------+------------+---------+---------------+
| tempvod |          1 | idxtvod1 |            1 | device       | A         |        4678 |     NULL | NULL   | YES  | BTREE      |         |               |
| tempvod |          1 | idxtvod2 |            1 | sessionstart | A         |        4678 |     NULL | NULL   | YES  | BTREE      |         |               |
+---------+------------+----------+--------------+--------------+-----------+-------------+----------+--------+------+------------+---------+---------------+
2 rows in set (0.00 sec)

Query OK, 4796 rows affected (2.85 sec)
Records: 4796  Duplicates: 0  Warnings: 0

Query OK, 0 rows affected (0.01 sec)

Query OK, 908898 rows affected (1 min 11.00 sec)
Records: 908898  Duplicates: 0  Warnings: 0

+--------------+
| rep_vodstats |
+--------------+
|       908898 |
+--------------+
1 row in set (0.26 sec)

Database changed
Query OK, 0 rows affected (0.01 sec)

Query OK, 17044 rows affected (40.23 sec)
Records: 17044  Duplicates: 0  Warnings: 0

+--------+------------+----------+--------------+--------------+-----------+-------------+----------+--------+------+------------+---------+---------------+
| Table  | Non_unique | Key_name | Seq_in_index | Column_name  | Collation | Cardinality | Sub_part | Packed | Null | Index_type | Comment | Index_comment |
+--------+------------+----------+--------------+--------------+-----------+-------------+----------+--------+------+------------+---------+---------------+
| tempts |          1 | idxtts1  |            1 | device       | A         |       17229 |     NULL | NULL   | YES  | BTREE      |         |               |
| tempts |          1 | idxtts2  |            1 | sessionstart | A         |       17229 |     NULL | NULL   | YES  | BTREE      |         |               |
+--------+------------+----------+--------------+--------------+-----------+-------------+----------+--------+------+------------+---------+---------------+
2 rows in set (0.00 sec)

Query OK, 17032 rows affected (12.39 sec)
Records: 17032  Duplicates: 0  Warnings: 0

Query OK, 0 rows affected (0.01 sec)

Query OK, 42024 rows affected (41.05 sec)
Records: 42024  Duplicates: 0  Warnings: 0

+-------------+
| rep_tsstats |
+-------------+
|       42024 |
+-------------+
1 row in set (0.01 sec)

mysql> mysql \. C:\workspace\cloud\code\sql\_DailyScript\currenttime.sql
+---------------------+
| currenttime         |
+---------------------+
| 2020-12-14 09:46:51 |
+---------------------+
1 row in set (0.00 sec)

mysql> 
mysql> mysql \. C:\workspace\cloud\code\sql\_DailyScript\DAILY-SCRIPT-RADIO-STATS.sql
Database changed
Query OK, 0 rows affected (0.02 sec)

Query OK, 333231 rows affected (3.68 sec)
Records: 333231  Duplicates: 0  Warnings: 0

+-----------+------------+----------+--------------+--------------+-----------+-------------+----------+--------+------+------------+---------+---------------+
| Table     | Non_unique | Key_name | Seq_in_index | Column_name  | Collation | Cardinality | Sub_part | Packed | Null | Index_type | Comment | Index_comment |
+-----------+------------+----------+--------------+--------------+-----------+-------------+----------+--------+------+------------+---------+---------------+
| tempradio |          1 | idxtrad1 |            1 | device       | A         |      333617 |     NULL | NULL   | YES  | BTREE      |         |               |
| tempradio |          1 | idxtrad2 |            1 | sessionstart | A         |      333617 |     NULL | NULL   | YES  | BTREE      |         |               |
+-----------+------------+----------+--------------+--------------+-----------+-------------+----------+--------+------+------------+---------+---------------+
2 rows in set (0.00 sec)

Query OK, 407 rows affected (1.33 sec)
Records: 407  Duplicates: 0  Warnings: 0

Query OK, 0 rows affected (0.01 sec)

Query OK, 5637 rows affected (0.42 sec)
Records: 5637  Duplicates: 0  Warnings: 0

+----------------+
| rep_radiostats |
+----------------+
|           5637 |
+----------------+
1 row in set (0.00 sec)

mysql> mysql \. C:\workspace\cloud\code\sql\_DailyScript\currenttime.sql
+---------------------+
| currenttime         |
+---------------------+
| 2020-12-14 09:46:56 |
+---------------------+
1 row in set (0.00 sec)

mysql> 
mysql> mysql \. C:\workspace\cloud\code\sql\_DailyScript\DAILY_SCRIPT_TELEMETRY_PIVOT_2020.sql
Query OK, 0 rows affected (0.01 sec)

Query OK, 146 rows affected (0.22 sec)
Records: 146  Duplicates: 0  Warnings: 0

Query OK, 0 rows affected (0.01 sec)

Query OK, 11187 rows affected (2.41 sec)
Records: 11187  Duplicates: 0  Warnings: 0

Query OK, 0 rows affected (0.02 sec)

Query OK, 8 rows affected (0.02 sec)
Records: 8  Duplicates: 0  Warnings: 0

Query OK, 0 rows affected (0.01 sec)

Query OK, 47 rows affected (0.07 sec)
Records: 47  Duplicates: 0  Warnings: 0

mysql> mysql \. C:\workspace\cloud\code\sql\_DailyScript\currenttime.sql
+---------------------+
| currenttime         |
+---------------------+
| 2020-12-14 09:46:59 |
+---------------------+
1 row in set (0.00 sec)

mysql> 
mysql> mysql \. C:\workspace\cloud\code\sql\_DailyScript\telemetry_livetv_ranking2020.sql
Query OK, 0 rows affected (0.01 sec)

Query OK, 146 rows affected (0.02 sec)
Records: 146  Duplicates: 0  Warnings: 0

mysql> mysql \. C:\workspace\cloud\code\sql\_DailyScript\currenttime.sql
+---------------------+
| currenttime         |
+---------------------+
| 2020-12-14 09:46:59 |
+---------------------+
1 row in set (0.00 sec)

mysql> 
mysql> mysql \. C:\workspace\cloud\code\sql\_DailyScript\telemetry_radio_ranking2020.sql
Query OK, 0 rows affected (0.01 sec)

Query OK, 8 rows affected (0.01 sec)
Records: 8  Duplicates: 0  Warnings: 0

mysql> mysql \. C:\workspace\cloud\code\sql\_DailyScript\currenttime.sql
+---------------------+
| currenttime         |
+---------------------+
| 2020-12-14 09:46:59 |
+---------------------+
1 row in set (0.00 sec)

mysql> 
mysql> mysql \. C:\workspace\cloud\code\sql\_DailyScript\telemetry_ts_ranking2020.sql
Query OK, 0 rows affected (0.01 sec)

Query OK, 47 rows affected (0.02 sec)
Records: 47  Duplicates: 0  Warnings: 0

mysql> mysql \. C:\workspace\cloud\code\sql\_DailyScript\currenttime.sql
+---------------------+
| currenttime         |
+---------------------+
| 2020-12-14 09:46:59 |
+---------------------+
1 row in set (0.00 sec)

mysql> 
mysql> mysql \. C:\workspace\cloud\code\sql\_DailyScript\telemetry_vod_ranking2020.sql
Query OK, 0 rows affected (0.01 sec)

Query OK, 11187 rows affected (0.46 sec)
Records: 11187  Duplicates: 0  Warnings: 0

mysql> mysql \. C:\workspace\cloud\code\sql\_DailyScript\currenttime.sql
+---------------------+
| currenttime         |
+---------------------+
| 2020-12-14 09:47:00 |
+---------------------+
1 row in set (0.00 sec)

mysql> 
mysql> mysql \. C:\workspace\cloud\code\sql\_DailyScript\telemetry_vod_ranking2020_1.sql
Query OK, 0 rows affected (0.01 sec)

Query OK, 11187 rows affected (0.23 sec)
Records: 11187  Duplicates: 0  Warnings: 0

mysql> mysql \. C:\workspace\cloud\code\sql\_DailyScript\currenttime.sql
+---------------------+
| currenttime         |
+---------------------+
| 2020-12-14 09:47:00 |
+---------------------+
1 row in set (0.00 sec)

mysql> 
mysql> mysql \. C:\workspace\cloud\code\sql\_DailyScript\telemetry_vod_ranking2020_2.sql
Query OK, 0 rows affected (0.01 sec)

Query OK, 11187 rows affected (0.22 sec)
Records: 11187  Duplicates: 0  Warnings: 0

mysql> mysql \. C:\workspace\cloud\code\sql\_DailyScript\currenttime.sql
+---------------------+
| currenttime         |
+---------------------+
| 2020-12-14 09:47:00 |
+---------------------+
1 row in set (0.00 sec)

mysql> 
mysql> mysql \. C:\workspace\cloud\code\sql\_DailyScript\DAILY-SCRIPT-CREATE-LOAD.sql
Database changed
Database changed
Query OK, 0 rows affected (0.01 sec)

Query OK, 0 rows affected (0.01 sec)

Database changed
Query OK, 67455 rows affected (2.22 sec)
Records: 67455  Deleted: 0  Skipped: 0  Warnings: 0

Query OK, 0 rows affected (0.13 sec)
Records: 0  Duplicates: 0  Warnings: 0

Query OK, 0 rows affected (0.21 sec)
Records: 0  Duplicates: 0  Warnings: 0

Query OK, 0 rows affected (0.22 sec)
Records: 0  Duplicates: 0  Warnings: 0

Query OK, 0 rows affected (0.20 sec)
Records: 0  Duplicates: 0  Warnings: 0

+---------+
| clients |
+---------+
|   67455 |
+---------+
1 row in set (0.02 sec)

Query OK, 0 rows affected (0.01 sec)

Query OK, 14051 rows affected (6.08 sec)
Records: 14051  Duplicates: 0  Warnings: 0

Query OK, 0 rows affected (0.04 sec)
Records: 0  Duplicates: 0  Warnings: 0

+-------------------+
| rcb_clientparcels |
+-------------------+
|             14051 |
+-------------------+
1 row in set (0.01 sec)

Query OK, 0 rows affected (0.01 sec)

Query OK, 81532 rows affected (3.39 sec)
Records: 81532  Duplicates: 0  Warnings: 0

Query OK, 0 rows affected (0.24 sec)
Records: 0  Duplicates: 0  Warnings: 0

Query OK, 0 rows affected (0.01 sec)

Query OK, 67455 rows affected (37.10 sec)
Records: 67455  Duplicates: 0  Warnings: 0

Query OK, 0 rows affected (0.19 sec)
Records: 0  Duplicates: 0  Warnings: 0

Query OK, 0 rows affected (0.20 sec)
Records: 0  Duplicates: 0  Warnings: 0

Query OK, 0 rows affected (0.15 sec)
Records: 0  Duplicates: 0  Warnings: 0

+---------------+
| clientaddress |
+---------------+
|         67455 |
+---------------+
1 row in set (0.02 sec)

Database changed
Query OK, 0 rows affected (0.01 sec)

Query OK, 0 rows affected (0.01 sec)

Database changed
Query OK, 533430 rows affected, 65535 warnings (14.95 sec)
Records: 533430  Deleted: 0  Skipped: 0  Warnings: 220349

Query OK, 0 rows affected (2.28 sec)
Records: 0  Duplicates: 0  Warnings: 0

Query OK, 0 rows affected (2.20 sec)
Records: 0  Duplicates: 0  Warnings: 0

Query OK, 0 rows affected (1.35 sec)
Records: 0  Duplicates: 0  Warnings: 0

Query OK, 0 rows affected (0.01 sec)

Query OK, 533430 rows affected (39.03 sec)
Records: 533430  Duplicates: 0  Warnings: 0

Query OK, 0 rows affected (1.71 sec)
Records: 0  Duplicates: 0  Warnings: 0

Query OK, 0 rows affected (1.27 sec)
Records: 0  Duplicates: 0  Warnings: 0

+-----------+
| contracts |
+-----------+
|    533430 |
+-----------+
1 row in set (0.15 sec)

+-----------------+
| contractaddress |
+-----------------+
|          533430 |
+-----------------+
1 row in set (0.14 sec)

Database changed
Query OK, 0 rows affected (0.01 sec)

Query OK, 0 rows affected (0.01 sec)

Query OK, 7683 rows affected (0.14 sec)
Records: 7683  Deleted: 0  Skipped: 0  Warnings: 0

Query OK, 0 rows affected (0.01 sec)

Query OK, 7651 rows affected (0.90 sec)
Records: 7651  Duplicates: 0  Warnings: 0

Query OK, 0 rows affected (0.04 sec)
Records: 0  Duplicates: 0  Warnings: 0

Query OK, 0 rows affected (0.02 sec)
Records: 0  Duplicates: 0  Warnings: 0

Query OK, 0 rows affected (0.02 sec)
Records: 0  Duplicates: 0  Warnings: 0

Query OK, 0 rows affected (0.01 sec)

Query OK, 5836 rows affected (0.07 sec)
Records: 5836  Duplicates: 0  Warnings: 0

Query OK, 0 rows affected (0.03 sec)
Records: 0  Duplicates: 0  Warnings: 0

+-------------------+
| contractdiscounts |
+-------------------+
|              7683 |
+-------------------+
1 row in set (0.00 sec)

+-------------------------+
| clientcontractdiscounts |
+-------------------------+
|                    7651 |
+-------------------------+
1 row in set (0.00 sec)

+----------------------------+
| clientcontractlastdiscount |
+----------------------------+
|                       5836 |
+----------------------------+
1 row in set (0.00 sec)

Database changed
Query OK, 0 rows affected (0.04 sec)

Query OK, 0 rows affected (0.01 sec)

Database changed
Query OK, 142798 rows affected, 8 warnings (2.56 sec)
Records: 142798  Deleted: 0  Skipped: 0  Warnings: 8

Query OK, 0 rows affected (0.25 sec)
Records: 0  Duplicates: 0  Warnings: 0

Query OK, 0 rows affected (0.27 sec)
Records: 0  Duplicates: 0  Warnings: 0

Query OK, 0 rows affected (0.27 sec)
Records: 0  Duplicates: 0  Warnings: 0

Query OK, 0 rows affected (0.26 sec)
Records: 0  Duplicates: 0  Warnings: 0

Query OK, 0 rows affected (0.36 sec)
Records: 0  Duplicates: 0  Warnings: 0

Query OK, 0 rows affected (0.50 sec)
Records: 0  Duplicates: 0  Warnings: 0

Query OK, 0 rows affected (0.06 sec)

Query OK, 1814765 rows affected (3 min 41.17 sec)
Records: 1814765  Duplicates: 0  Warnings: 0

Query OK, 0 rows affected (4.33 sec)
Records: 0  Duplicates: 0  Warnings: 0

+---------+
| devices |
+---------+
|  142798 |
+---------+
1 row in set (0.04 sec)

+-----------------------+
| clientcontractdevices |
+-----------------------+
|               1814765 |
+-----------------------+
1 row in set (0.61 sec)

Query OK, 0 rows affected (0.01 sec)

Query OK, 142789 rows affected (5.55 sec)
Records: 142789  Duplicates: 0  Warnings: 0

+---------------------------+
| rep_clientcontractdevices |
+---------------------------+
|                    142789 |
+---------------------------+
1 row in set (0.04 sec)

Database changed
Query OK, 0 rows affected (0.04 sec)

Query OK, 0 rows affected (0.01 sec)

Query OK, 307733 rows affected (6.79 sec)
Records: 307733  Deleted: 0  Skipped: 0  Warnings: 0

Query OK, 0 rows affected (0.68 sec)
Records: 0  Duplicates: 0  Warnings: 0

Query OK, 0 rows affected (0.64 sec)
Records: 0  Duplicates: 0  Warnings: 0

Query OK, 0 rows affected (0.59 sec)
Records: 0  Duplicates: 0  Warnings: 0

Query OK, 0 rows affected (0.56 sec)
Records: 0  Duplicates: 0  Warnings: 0

+---------+
| tickets |
+---------+
|  307733 |
+---------+
1 row in set (0.09 sec)

Database changed
Query OK, 0 rows affected (0.01 sec)

Query OK, 0 rows affected (0.01 sec)

Empty set (0.00 sec)

Query OK, 0 rows affected (0.01 sec)
Records: 0  Duplicates: 0  Warnings: 0

Query OK, 369 rows affected, 2 warnings (0.01 sec)
Records: 369  Deleted: 0  Skipped: 0  Warnings: 2

+-----------------+
| tickettechusers |
+-----------------+
|             369 |
+-----------------+
1 row in set (0.00 sec)

Database changed
Query OK, 0 rows affected (0.01 sec)

Query OK, 0 rows affected (0.01 sec)

Query OK, 0 rows affected (0.01 sec)
Records: 0  Duplicates: 0  Warnings: 0

Query OK, 677477 rows affected, 48469 warnings (11.19 sec)
Records: 677477  Deleted: 0  Skipped: 0  Warnings: 48469

+-------------------+
| ticketassignments |
+-------------------+
|            677477 |
+-------------------+
1 row in set (0.18 sec)

Database changed
Query OK, 0 rows affected (0.02 sec)

Query OK, 0 rows affected (0.01 sec)

Query OK, 1369323 rows affected (15.13 sec)
Records: 1369323  Deleted: 0  Skipped: 0  Warnings: 0

Query OK, 0 rows affected (4.04 sec)
Records: 0  Duplicates: 0  Warnings: 0

Query OK, 0 rows affected (2.73 sec)
Records: 0  Duplicates: 0  Warnings: 0

Query OK, 0 rows affected (2.44 sec)
Records: 0  Duplicates: 0  Warnings: 0

Query OK, 0 rows affected (2.83 sec)
Records: 0  Duplicates: 0  Warnings: 0

+----------------+
| ticketcomments |
+----------------+
|        1369323 |
+----------------+
1 row in set (0.36 sec)

Database changed
Query OK, 0 rows affected (0.01 sec)

Query OK, 0 rows affected (0.01 sec)

Query OK, 468372 rows affected (33.02 sec)
Records: 468372  Deleted: 0  Skipped: 0  Warnings: 0

Query OK, 0 rows affected (2.07 sec)
Records: 0  Duplicates: 0  Warnings: 0

+----------+
| comments |
+----------+
|   468372 |
+----------+
1 row in set (0.13 sec)

Database changed
Query OK, 0 rows affected (0.03 sec)

Query OK, 0 rows affected (0.01 sec)

Query OK, 1532512 rows affected, 65535 warnings (1 min 32.25 sec)
Records: 1532512  Deleted: 0  Skipped: 0  Warnings: 1532547

Query OK, 0 rows affected (3.99 sec)
Records: 0  Duplicates: 0  Warnings: 0

Query OK, 0 rows affected (3.48 sec)
Records: 0  Duplicates: 0  Warnings: 0

Query OK, 0 rows affected (3.49 sec)
Records: 0  Duplicates: 0  Warnings: 0

Query OK, 0 rows affected (3.51 sec)
Records: 0  Duplicates: 0  Warnings: 0

Query OK, 0 rows affected (4.96 sec)
Records: 0  Duplicates: 0  Warnings: 0

+------------+
| devicesold |
+------------+
|    1532512 |
+------------+
1 row in set (0.41 sec)

Database changed
Query OK, 0 rows affected (0.02 sec)

Query OK, 0 rows affected (0.01 sec)

Query OK, 1807916 rows affected (24.60 sec)
Records: 1807916  Deleted: 0  Skipped: 0  Warnings: 0

Query OK, 0 rows affected (4.16 sec)
Records: 0  Duplicates: 0  Warnings: 0

Query OK, 0 rows affected (3.87 sec)
Records: 0  Duplicates: 0  Warnings: 0

Query OK, 0 rows affected (4.09 sec)
Records: 0  Duplicates: 0  Warnings: 0

+------------------+
| contractservices |
+------------------+
|          1807916 |
+------------------+
1 row in set (0.48 sec)

Database changed
Query OK, 0 rows affected (0.05 sec)

Query OK, 0 rows affected (0.01 sec)

Query OK, 4401533 rows affected (1 min 47.90 sec)
Records: 4401533  Deleted: 0  Skipped: 0  Warnings: 0

Query OK, 0 rows affected (11.38 sec)
Records: 0  Duplicates: 0  Warnings: 0

Query OK, 0 rows affected (13.21 sec)
Records: 0  Duplicates: 0  Warnings: 0

Query OK, 0 rows affected (10.78 sec)
Records: 0  Duplicates: 0  Warnings: 0

Query OK, 0 rows affected (11.13 sec)
Records: 0  Duplicates: 0  Warnings: 0

+------------------+
| invoicescontents |
+------------------+
|          4401533 |
+------------------+
1 row in set (1.40 sec)

Database changed
Query OK, 0 rows affected (0.12 sec)

Query OK, 0 rows affected (0.01 sec)

Query OK, 3105099 rows affected (2 min 49.54 sec)
Records: 3105099  Deleted: 0  Skipped: 0  Warnings: 0

Query OK, 0 rows affected (11.44 sec)
Records: 0  Duplicates: 0  Warnings: 0

Query OK, 0 rows affected (11.58 sec)
Records: 0  Duplicates: 0  Warnings: 0

Query OK, 0 rows affected (9.41 sec)
Records: 0  Duplicates: 0  Warnings: 0

Query OK, 0 rows affected (10.53 sec)
Records: 0  Duplicates: 0  Warnings: 0

Query OK, 0 rows affected (10.76 sec)
Records: 0  Duplicates: 0  Warnings: 0

+----------------+
| invoicesheader |
+----------------+
|        3105099 |
+----------------+
1 row in set (0.80 sec)

Database changed
Query OK, 0 rows affected (0.03 sec)

Query OK, 0 rows affected (0.01 sec)

Query OK, 3126205 rows affected (1 min 18.69 sec)
Records: 3126205  Deleted: 0  Skipped: 0  Warnings: 0

Query OK, 0 rows affected (7.27 sec)
Records: 0  Duplicates: 0  Warnings: 0

Query OK, 0 rows affected (7.49 sec)
Records: 0  Duplicates: 0  Warnings: 0

Query OK, 0 rows affected (7.46 sec)
Records: 0  Duplicates: 0  Warnings: 0

Query OK, 0 rows affected (7.06 sec)
Records: 0  Duplicates: 0  Warnings: 0

Query OK, 0 rows affected (8.95 sec)
Records: 0  Duplicates: 0  Warnings: 0

+---------+
| casa    |
+---------+
| 3126205 |
+---------+
1 row in set (0.83 sec)

Query OK, 0 rows affected (0.02 sec)

Query OK, 15312 rows affected (1 min 16.66 sec)
Records: 15312  Duplicates: 0  Warnings: 0

+--------------------+
| rep_paycol_channel |
+--------------------+
|              15312 |
+--------------------+
1 row in set (0.01 sec)

Query OK, 0 rows affected (0.01 sec)

Query OK, 11371 rows affected (1 min 32.21 sec)
Records: 11371  Duplicates: 0  Warnings: 0

+----------------+
| rep_paycol_pos |
+----------------+
|          11371 |
+----------------+
1 row in set (0.01 sec)

Database changed
Query OK, 0 rows affected (0.01 sec)

Query OK, 0 rows affected (0.01 sec)

Database changed
Query OK, 39837 rows affected (0.74 sec)
Records: 39837  Deleted: 0  Skipped: 0  Warnings: 0

+-------+
| users |
+-------+
| 39837 |
+-------+
1 row in set (0.01 sec)

Query OK, 0 rows affected (0.07 sec)
Records: 0  Duplicates: 0  Warnings: 0

Database changed
Query OK, 0 rows affected (0.02 sec)

Query OK, 0 rows affected (0.01 sec)

Query OK, 1872898 rows affected, 2 warnings (28.32 sec)
Records: 1872898  Deleted: 0  Skipped: 0  Warnings: 2

Query OK, 0 rows affected (5.64 sec)
Records: 0  Duplicates: 0  Warnings: 0

Query OK, 0 rows affected (3.69 sec)
Records: 0  Duplicates: 0  Warnings: 0

Query OK, 0 rows affected (4.09 sec)
Records: 0  Duplicates: 0  Warnings: 0

Query OK, 0 rows affected (3.68 sec)
Records: 0  Duplicates: 0  Warnings: 0

Query OK, 0 rows affected (3.59 sec)
Records: 0  Duplicates: 0  Warnings: 0

+-------------+
| useractions |
+-------------+
|     1872898 |
+-------------+
1 row in set (0.51 sec)

Database changed
Query OK, 0 rows affected (0.09 sec)

Query OK, 0 rows affected (0.01 sec)

Database changed
Query OK, 25387985 rows affected (4 min 22.59 sec)
Records: 25387985  Deleted: 0  Skipped: 0  Warnings: 0

Query OK, 0 rows affected (1 min 2.37 sec)
Records: 0  Duplicates: 0  Warnings: 0

Query OK, 0 rows affected (59.96 sec)
Records: 0  Duplicates: 0  Warnings: 0

Query OK, 0 rows affected (1 min 1.22 sec)
Records: 0  Duplicates: 0  Warnings: 0

Query OK, 0 rows affected (54.79 sec)
Records: 0  Duplicates: 0  Warnings: 0

Query OK, 0 rows affected (1 min 9.72 sec)
Records: 0  Duplicates: 0  Warnings: 0

+----------+
| ipusage1 |
+----------+
| 25387985 |
+----------+
1 row in set (7.71 sec)

Query OK, 0 rows affected (0.02 sec)

Query OK, 1807683 rows affected (48.63 sec)
Records: 1807683  Duplicates: 0  Warnings: 0

Query OK, 0 rows affected (6.98 sec)
Records: 0  Duplicates: 0  Warnings: 0

Query OK, 0 rows affected (3.71 sec)
Records: 0  Duplicates: 0  Warnings: 0

Query OK, 0 rows affected (4.89 sec)
Records: 0  Duplicates: 0  Warnings: 0

+------------------------------+
| contractsservicepackageprice |
+------------------------------+
|                      1807683 |
+------------------------------+
1 row in set (0.49 sec)

Query OK, 0 rows affected (0.03 sec)

Query OK, 1808119 rows affected (1 min 57.58 sec)
Records: 1808119  Duplicates: 0  Warnings: 0

Query OK, 0 rows affected (7.00 sec)
Records: 0  Duplicates: 0  Warnings: 0

Query OK, 0 rows affected (8.27 sec)
Records: 0  Duplicates: 0  Warnings: 0

Query OK, 0 rows affected (4.74 sec)
Records: 0  Duplicates: 0  Warnings: 0

Query OK, 0 rows affected (8.72 sec)
Records: 0  Duplicates: 0  Warnings: 0

+------------------------------------+
| clientcontractsservicepackageprice |
+------------------------------------+
|                            1808119 |
+------------------------------------+
1 row in set (0.49 sec)

mysql> mysql \. C:\workspace\cloud\code\sql\_DailyScript\currenttime.sql
+---------------------+
| currenttime         |
+---------------------+
| 2020-12-14 10:21:52 |
+---------------------+
1 row in set (0.00 sec)

mysql> 
mysql> mysql \. C:\workspace\cloud\code\sql\_DailyScript\ticket_analysis.sql
Database changed
Query OK, 0 rows affected (0.03 sec)

Query OK, 730284 rows affected (20.59 sec)
Records: 730284  Duplicates: 0  Warnings: 0

Query OK, 0 rows affected (4.07 sec)
Records: 0  Duplicates: 0  Warnings: 0

Query OK, 0 rows affected (1.90 sec)
Records: 0  Duplicates: 0  Warnings: 0

Query OK, 0 rows affected (1.83 sec)
Records: 0  Duplicates: 0  Warnings: 0

Query OK, 0 rows affected (0.01 sec)

Query OK, 23365 rows affected (12.16 sec)
Records: 23365  Duplicates: 0  Warnings: 0

Query OK, 0 rows affected, 1 warning (0.00 sec)

Query OK, 103989 rows affected (6.67 sec)
Records: 103989  Duplicates: 0  Warnings: 0

Query OK, 0 rows affected, 1 warning (0.00 sec)

Query OK, 531898 rows affected (13.61 sec)
Records: 531898  Duplicates: 0  Warnings: 0

Query OK, 0 rows affected, 1 warning (0.01 sec)

Query OK, 531898 rows affected (14.47 sec)
Records: 531898  Duplicates: 0  Warnings: 0

Query OK, 0 rows affected (0.01 sec)

Query OK, 104087 rows affected (5.50 sec)
Records: 104087  Duplicates: 0  Warnings: 0

Database changed
Query OK, 0 rows affected (0.00 sec)

Query OK, 0 rows affected (0.02 sec)

Query OK, 730284 rows affected (21.04 sec)
Records: 730284  Duplicates: 0  Warnings: 0

Query OK, 0 rows affected (0.03 sec)

Query OK, 370026 rows affected (13.85 sec)
Records: 370026  Duplicates: 0  Warnings: 0

+--------------------------+
| clientticket_cmmtjourney |
+--------------------------+
|                   730284 |
+--------------------------+
1 row in set (2.01 sec)

+---------------------------+
| clientticket_assgnjourney |
+---------------------------+
|                    370026 |
+---------------------------+
1 row in set (0.38 sec)

Query OK, 0 rows affected (0.01 sec)

Query OK, 76 rows affected (0.08 sec)
Records: 76  Duplicates: 0  Warnings: 0

mysql> mysql \. C:\workspace\cloud\code\sql\_DailyScript\currenttime.sql
+---------------------+
| currenttime         |
+---------------------+
| 2020-12-14 10:23:50 |
+---------------------+
1 row in set (0.00 sec)

mysql> 
mysql> mysql \. C:\workspace\cloud\code\sql\_DailyScript\load_DailyCalls.sql
Database changed
Query OK, 197 rows affected (0.12 sec)
Records: 197  Deleted: 0  Skipped: 0  Warnings: 0

Query OK, 0 rows affected, 1 warning (0.00 sec)

Query OK, 194 rows affected (0.03 sec)
Records: 194  Duplicates: 0  Warnings: 0

Query OK, 0 rows affected, 1 warning (0.00 sec)

Query OK, 68343 rows affected (0.25 sec)
Records: 68343  Duplicates: 0  Warnings: 0

+----------------------+
| callingclientsbefore |
+----------------------+
|              1062057 |
+----------------------+
1 row in set (0.43 sec)

Query OK, 262 rows affected (3.88 sec)
Records: 262  Duplicates: 0  Warnings: 0

+---------------------+
| callingclientsafter |
+---------------------+
|             1062319 |
+---------------------+
1 row in set (0.27 sec)

Query OK, 0 rows affected (0.01 sec)

Query OK, 140 rows affected (3.53 sec)
Records: 140  Duplicates: 0  Warnings: 0

Query OK, 0 rows affected (0.01 sec)

Query OK, 21172 rows affected (3.08 sec)
Records: 21172  Duplicates: 0  Warnings: 0

+-----------+
| callstats |
+-----------+
|     21172 |
+-----------+
1 row in set (0.01 sec)

Query OK, 0 rows affected, 1 warning (0.00 sec)

Query OK, 262 rows affected (2.56 sec)
Records: 262  Duplicates: 0  Warnings: 0

+------------------------+
| rep_cccallreportbefore |
+------------------------+
|                1062853 |
+------------------------+
1 row in set (0.36 sec)

Query OK, 262 rows affected (0.09 sec)
Records: 262  Duplicates: 0  Warnings: 0

+-----------------------+
| rep_cccallreportafter |
+-----------------------+
|               1063115 |
+-----------------------+
1 row in set (0.27 sec)

Query OK, 0 rows affected (0.01 sec)

mysql> mysql \. C:\workspace\cloud\code\sql\_DailyScript\currenttime.sql
+---------------------+
| currenttime         |
+---------------------+
| 2020-12-14 10:24:05 |
+---------------------+
1 row in set (0.00 sec)

mysql> 
mysql> mysql \. C:\workspace\cloud\code\sql\_DailyScript\DAILY-SCRIPT-USAGE.sql
Database changed
Query OK, 0 rows affected (0.00 sec)

Query OK, 4116 rows affected, 11907 warnings (1.03 sec)
Records: 4116  Deleted: 0  Skipped: 0  Warnings: 11907

Query OK, 0 rows affected (0.00 sec)

Query OK, 5771 rows affected, 16602 warnings (1.15 sec)
Records: 5771  Deleted: 0  Skipped: 0  Warnings: 16602

Query OK, 0 rows affected (0.00 sec)

Query OK, 297 rows affected, 1068 warnings (0.04 sec)
Records: 297  Deleted: 0  Skipped: 0  Warnings: 1068

Query OK, 0 rows affected (0.00 sec)

Query OK, 127 rows affected, 429 warnings (0.04 sec)
Records: 127  Deleted: 0  Skipped: 0  Warnings: 429

+------------+
| dailyusage |
+------------+
|   15837761 |
+------------+
1 row in set (6.04 sec)

+------------+------------+------------+---------+
| datestart  | dateend    | insertedon | records |
+------------+------------+------------+---------+
| 2020-12-13 | 2020-12-13 | 2020-12-14 |   10311 |
| 2020-12-12 | 2020-12-12 | 2020-12-13 |   10495 |
| 2020-12-11 | 2020-12-11 | 2020-12-12 |   10426 |
| 2020-12-10 | 2020-12-10 | 2020-12-11 |   10524 |
| 2020-12-09 | 2020-12-09 | 2020-12-10 |   10423 |
+------------+------------+------------+---------+
5 rows in set (32.63 sec)

+----------+------------+------------+------------+---------+
| category | datestart  | dateend    | insertedon | records |
+----------+------------+------------+------------+---------+
| UNCAPPED | 2020-12-13 | 2020-12-13 | 2020-12-14 |    5771 |
| PREPAID  | 2020-12-13 | 2020-12-13 | 2020-12-14 |     297 |
| HOTSPOT  | 2020-12-13 | 2020-12-13 | 2020-12-14 |     127 |
| CAPPED   | 2020-12-13 | 2020-12-13 | 2020-12-14 |    4116 |
| UNCAPPED | 2020-12-12 | 2020-12-12 | 2020-12-13 |    5881 |
| PREPAID  | 2020-12-12 | 2020-12-12 | 2020-12-13 |     272 |
| HOTSPOT  | 2020-12-12 | 2020-12-12 | 2020-12-13 |     159 |
| CAPPED   | 2020-12-12 | 2020-12-12 | 2020-12-13 |    4183 |
| UNCAPPED | 2020-12-11 | 2020-12-11 | 2020-12-12 |    5783 |
| PREPAID  | 2020-12-11 | 2020-12-11 | 2020-12-12 |     279 |
| HOTSPOT  | 2020-12-11 | 2020-12-11 | 2020-12-12 |     183 |
| CAPPED   | 2020-12-11 | 2020-12-11 | 2020-12-12 |    4181 |
| UNCAPPED | 2020-12-10 | 2020-12-10 | 2020-12-11 |    5819 |
| PREPAID  | 2020-12-10 | 2020-12-10 | 2020-12-11 |     301 |
| HOTSPOT  | 2020-12-10 | 2020-12-10 | 2020-12-11 |     185 |
| CAPPED   | 2020-12-10 | 2020-12-10 | 2020-12-11 |    4219 |
| UNCAPPED | 2020-12-09 | 2020-12-09 | 2020-12-10 |    5794 |
| PREPAID  | 2020-12-09 | 2020-12-09 | 2020-12-10 |     294 |
| HOTSPOT  | 2020-12-09 | 2020-12-09 | 2020-12-10 |     174 |
| CAPPED   | 2020-12-09 | 2020-12-09 | 2020-12-10 |    4161 |
+----------+------------+------------+------------+---------+
20 rows in set (22.17 sec)

mysql> mysql \. C:\workspace\cloud\code\sql\_DailyScript\currenttime.sql
+---------------------+
| currenttime         |
+---------------------+
| 2020-12-14 10:25:08 |
+---------------------+
1 row in set (0.00 sec)

mysql> 
mysql> mysql \. C:\workspace\cloud\code\sql\_DailyScript\DAILY-SCRIPT-SALES-TELEMETRY.sql
Database changed
Query OK, 11 rows affected, 2 warnings (0.04 sec)
Records: 11  Deleted: 0  Skipped: 0  Warnings: 2

+------------+
| dailysales |
+------------+
|     217375 |
+------------+
1 row in set (0.24 sec)

Query OK, 0 rows affected (0.01 sec)

Query OK, 217375 rows affected (12.84 sec)
Records: 217375  Duplicates: 0  Warnings: 0

+--------+
| sales  |
+--------+
| 217375 |
+--------+
1 row in set (0.21 sec)

Query OK, 0 rows affected (0.01 sec)

Query OK, 3539 rows affected (0.34 sec)
Records: 3539  Duplicates: 0  Warnings: 0

+----------------+
| rep_dailysales |
+----------------+
|           3539 |
+----------------+
1 row in set (0.00 sec)

Query OK, 0 rows affected (0.01 sec)

Query OK, 3539 rows affected (0.51 sec)
Records: 3539  Duplicates: 0  Warnings: 0

+-------------------+
| rep_dailysalesreg |
+-------------------+
|              3539 |
+-------------------+
1 row in set (0.00 sec)

Query OK, 0 rows affected (0.01 sec)

Query OK, 2845 rows affected (0.64 sec)
Records: 2845  Duplicates: 0  Warnings: 0

+-----------+
| saleslist |
+-----------+
|      2845 |
+-----------+
1 row in set (0.00 sec)

Database changed
ERROR 2 (HY000): File 'C:\ProgramData\MySQL\MySQL Server 5.7\Uploads\_csv\PrepaidCardSales-13122020-P1.csv' not found (Errcode: 2 - No such file or directory)
+------------------+
| dailysinglesales |
+------------------+
|             6426 |
+------------------+
1 row in set (0.01 sec)

Database changed
Query OK, 9 rows affected (0.05 sec)
Records: 9  Deleted: 0  Skipped: 0  Warnings: 0

+-----------------+
| dailyaddonsales |
+-----------------+
|           21352 |
+-----------------+
1 row in set (0.04 sec)

Query OK, 152 rows affected (0.06 sec)
Records: 152  Deleted: 0  Skipped: 0  Warnings: 0

+----------------+
| onlinepayments |
+----------------+
|         142624 |
+----------------+
1 row in set (0.11 sec)

+-------------+----------------+---------------------+
| paymentdate | onlinepayments | onlinepaymentamount |
+-------------+----------------+---------------------+
| 2020-12-13  |            152 |         88694.29000 |
| 2020-12-12  |            161 |        102753.10000 |
| 2020-12-11  |            133 |         75317.37000 |
| 2020-12-10  |            165 |        119579.82000 |
| 2020-12-09  |            177 |        113893.17000 |
+-------------+----------------+---------------------+
5 rows in set (0.53 sec)

+-------------+--------------+----------------+---------------------+
| paymentyear | paymentmonth | onlinepayments | onlinepaymentamount |
+-------------+--------------+----------------+---------------------+
|        2020 |           12 |           2595 |       1764580.45000 |
|        2020 |           11 |           6424 |       4163507.90000 |
|        2020 |           10 |           6965 |       4508008.17000 |
|        2020 |            9 |           6132 |       3998941.54000 |
|        2020 |            8 |           6240 |       4098025.79000 |
+-------------+--------------+----------------+---------------------+
5 rows in set (0.13 sec)

mysql> mysql \. C:\workspace\cloud\code\sql\_DailyScript\currenttime.sql
+---------------------+
| currenttime         |
+---------------------+
| 2020-12-14 10:25:24 |
+---------------------+
1 row in set (0.00 sec)

mysql> 
mysql> mysql \. C:\workspace\cloud\code\sql\_DailyScript\DAILY-SCRIPT-ACTIVENUMBERS.sql
Database changed
Query OK, 1166 rows affected (0.53 sec)
Records: 1166  Deleted: 0  Skipped: 0  Warnings: 0

+------------+----------+
| period     | count(1) |
+------------+----------+
| 2020-12-13 |     1166 |
| 2020-12-12 |     1167 |
| 2020-12-11 |     1167 |
| 2020-12-10 |     1166 |
| 2020-12-09 |     1166 |
+------------+----------+
5 rows in set (0.01 sec)

Query OK, 0 rows affected (0.01 sec)

Query OK, 79 rows affected (1.35 sec)
Records: 79  Duplicates: 0  Warnings: 0

+-------------+
| packagelist |
+-------------+
|          79 |
+-------------+
1 row in set (0.00 sec)

Database changed
Query OK, 0 rows affected (0.00 sec)

Query OK, 0 rows affected (0.00 sec)

Query OK, 0 rows affected (0.00 sec)

Query OK, 0 rows affected (0.00 sec)

Query OK, 27921 rows affected, 214 warnings (19.41 sec)
Records: 27921  Deleted: 0  Skipped: 0  Warnings: 214

+------------+----------+
| period     | count(1) |
+------------+----------+
| 2020-12-13 |    27921 |
| 2020-12-12 |    28028 |
| 2020-12-11 |    28053 |
| 2020-12-10 |    28011 |
| 2020-12-09 |    27952 |
+------------+----------+
5 rows in set (0.14 sec)

Query OK, 0 rows affected (0.02 sec)

Query OK, 27347 rows affected (48.23 sec)
Records: 27347  Duplicates: 0  Warnings: 0

Query OK, 0 rows affected (0.11 sec)
Records: 0  Duplicates: 0  Warnings: 0

Query OK, 0 rows affected (0.10 sec)
Records: 0  Duplicates: 0  Warnings: 0

Query OK, 0 rows affected (0.12 sec)
Records: 0  Duplicates: 0  Warnings: 0

Query OK, 0 rows affected (0.07 sec)
Records: 0  Duplicates: 0  Warnings: 0

Query OK, 0 rows affected (0.06 sec)
Records: 0  Duplicates: 0  Warnings: 0

Query OK, 0 rows affected (0.09 sec)
Records: 0  Duplicates: 0  Warnings: 0

+-------------+
| countbefore |
+-------------+
|    41585876 |
+-------------+
1 row in set (15.00 sec)

Query OK, 27347 rows affected (5.75 sec)
Records: 27347  Duplicates: 0  Warnings: 0

+------------+
| countafter |
+------------+
|   41613223 |
+------------+
1 row in set (13.33 sec)

+------------+--------------------------+
| period     | customercontractactivity |
+------------+--------------------------+
| 2020-12-13 |                    27347 |
| 2020-12-12 |                    27454 |
| 2020-12-11 |                    27479 |
| 2020-12-10 |                    27438 |
| 2020-12-09 |                    27378 |
+------------+--------------------------+
5 rows in set (0.06 sec)

Query OK, 0 rows affected (0.06 sec)

Query OK, 287343 rows affected (7 min 17.30 sec)
Records: 287343  Duplicates: 0  Warnings: 0

Query OK, 0 rows affected (0.94 sec)
Records: 0  Duplicates: 0  Warnings: 0

Query OK, 0 rows affected (0.99 sec)
Records: 0  Duplicates: 0  Warnings: 0

Query OK, 0 rows affected (1.01 sec)
Records: 0  Duplicates: 0  Warnings: 0

Query OK, 0 rows affected (0.01 sec)

Query OK, 234 rows affected (0.38 sec)
Records: 234  Duplicates: 0  Warnings: 0

Query OK, 0 rows affected (0.01 sec)

Query OK, 2654 rows affected (0.52 sec)
Records: 2654  Duplicates: 0  Warnings: 0

Query OK, 0 rows affected (0.01 sec)

Query OK, 27325 rows affected (0.48 sec)
Records: 27325  Duplicates: 0  Warnings: 0

Query OK, 0 rows affected (0.01 sec)

Query OK, 17123 rows affected (0.31 sec)
Records: 17123  Duplicates: 0  Warnings: 0

Query OK, 0 rows affected (0.01 sec)

Query OK, 17123 rows affected (0.12 sec)
Records: 17123  Duplicates: 0  Warnings: 0

Query OK, 0 rows affected (0.03 sec)

Query OK, 17123 rows affected (1.05 sec)
Records: 17123  Duplicates: 0  Warnings: 0

Query OK, 0 rows affected (0.01 sec)

Query OK, 17123 rows affected (41.20 sec)
Records: 17123  Duplicates: 0  Warnings: 0

+-------------+
| clientstats |
+-------------+
|       17123 |
+-------------+
1 row in set (0.01 sec)

Query OK, 0 rows affected (0.01 sec)

Query OK, 13 rows affected, 1 warning (0.09 sec)
Records: 13  Duplicates: 0  Warnings: 1

+-----------------------+-------------+-------------+----------------+-----------------+
| services              | activecount | allaccounts | uniqueaccounts | uniquecontracts |
+-----------------------+-------------+-------------+----------------+-----------------+
| All                   |         363 |          61 |             61 |             193 |
| Internet & OTT        |           2 |           1 |              1 |               2 |
| Internet & Voice      |         358 |         161 |            160 |             314 |
| Internet Only         |        4326 |        4206 |           4198 |            4247 |
| OTT Only              |           1 |           1 |              1 |               1 |
| TV & Internet         |        9491 |        4297 |           4291 |            8731 |
| TV & Internet & OTT   |        3206 |         816 |            814 |            1697 |
| TV & Internet & Voice |         536 |         161 |            161 |             493 |
| TV & OTT              |         519 |          77 |             76 |              94 |
| TV & Voice            |          92 |          41 |             41 |              86 |
| TV Only               |        9001 |        7158 |           7145 |            7351 |
| Voice Only            |         145 |         143 |            143 |             145 |
| GRAND TOTAL           |       28040 |       17123 |          17052 |           23354 |
+-----------------------+-------------+-------------+----------------+-----------------+
13 rows in set (0.00 sec)

+-------------+-------------+-------------+----------------+-----------------+
| network     | activecount | allaccounts | uniqueaccounts | uniquecontracts |
+-------------+-------------+-------------+----------------+-----------------+
| GPON        |       10212 |        5237 |           5234 |            8135 |
| HFC         |       17828 |       11886 |          11886 |           15219 |
| GRAND TOTAL |       28040 |       17123 |          17052 |           23354 |
+-------------+-------------+-------------+----------------+-----------------+
3 rows in set, 1 warning (0.10 sec)

+-------------+-----------------------+-------------+-------------+----------------+-----------------+
| network     | services              | activecount | allaccounts | uniqueaccounts | uniquecontracts |
+-------------+-----------------------+-------------+-------------+----------------+-----------------+
| GPON        | All                   |         217 |          38 |             38 |             118 |
| GPON        | Internet & OTT        |           2 |           1 |              1 |               2 |
| GPON        | Internet & Voice      |          74 |          31 |             31 |              64 |
| GPON        | Internet Only         |        1295 |        1194 |           1194 |            1219 |
| GPON        | TV & Internet         |        4285 |        1896 |           1896 |            3882 |
| GPON        | TV & Internet & OTT   |        1889 |         472 |            472 |             988 |
| GPON        | TV & Internet & Voice |         233 |          68 |             68 |             212 |
| GPON        | TV & OTT              |         275 |          40 |             40 |              45 |
| GPON        | TV & Voice            |          60 |          26 |             26 |              56 |
| GPON        | TV Only               |        1869 |        1459 |           1459 |            1536 |
| GPON        | Voice Only            |          13 |          12 |             12 |              13 |
| GPON        | Services Total        |       10212 |        5237 |           5234 |            8135 |
| HFC         | All                   |         146 |          23 |             23 |              75 |
| HFC         | Internet & Voice      |         284 |         130 |            130 |             250 |
| HFC         | Internet Only         |        3031 |        3012 |           3012 |            3028 |
| HFC         | OTT Only              |           1 |           1 |              1 |               1 |
| HFC         | TV & Internet         |        5206 |        2401 |           2401 |            4849 |
| HFC         | TV & Internet & OTT   |        1317 |         344 |            344 |             709 |
| HFC         | TV & Internet & Voice |         303 |          93 |             93 |             281 |
| HFC         | TV & OTT              |         244 |          37 |             37 |              49 |
| HFC         | TV & Voice            |          32 |          15 |             15 |              30 |
| HFC         | TV Only               |        7132 |        5699 |           5699 |            5815 |
| HFC         | Voice Only            |         132 |         131 |            131 |             132 |
| HFC         | Services Total        |       17828 |       11886 |          11886 |           15219 |
| GRAND TOTAL | Services Total        |       28040 |       17123 |          17052 |           23354 |
+-------------+-----------------------+-------------+-------------+----------------+-----------------+
25 rows in set, 2 warnings (0.14 sec)

Query OK, 0 rows affected (0.01 sec)

Query OK, 44 rows affected, 3 warnings (0.16 sec)
Records: 44  Duplicates: 0  Warnings: 3

+-------------+---------------+-----------------------+-------------+-------------+----------------+-----------------+
| region      | network       | services              | activecount | allaccounts | uniqueaccounts | uniquecontracts |
+-------------+---------------+-----------------------+-------------+-------------+----------------+-----------------+
| Eden Island | GPON          | TV & Internet         |           2 |           1 |              1 |               2 |
| Eden Island | GPON          | Services Total        |           2 |           1 |              1 |               2 |
| Eden Island | Network Total | Services Total        |           2 |           1 |              1 |               2 |
| Mahe        | GPON          | All                   |         192 |          34 |             34 |             106 |
| Mahe        | GPON          | Internet & OTT        |           2 |           1 |              1 |               2 |
| Mahe        | GPON          | Internet & Voice      |          64 |          26 |             26 |              54 |
| Mahe        | GPON          | Internet Only         |        1058 |         957 |            957 |             982 |
| Mahe        | GPON          | TV & Internet         |        3502 |        1544 |           1544 |            3157 |
| Mahe        | GPON          | TV & Internet & OTT   |        1493 |         363 |            363 |             764 |
| Mahe        | GPON          | TV & Internet & Voice |         220 |          64 |             64 |             199 |
| Mahe        | GPON          | TV & OTT              |         256 |          31 |             31 |              36 |
| Mahe        | GPON          | TV & Voice            |          58 |          25 |             25 |              54 |
| Mahe        | GPON          | TV Only               |        1501 |        1159 |           1159 |            1217 |
| Mahe        | GPON          | Voice Only            |          10 |           9 |              9 |              10 |
| Mahe        | GPON          | Services Total        |        8356 |        4213 |           4213 |            6581 |
| Mahe        | HFC           | All                   |         146 |          23 |             23 |              75 |
| Mahe        | HFC           | Internet & Voice      |         284 |         130 |            130 |             250 |
| Mahe        | HFC           | Internet Only         |        3030 |        3011 |           3011 |            3027 |
| Mahe        | HFC           | OTT Only              |           1 |           1 |              1 |               1 |
| Mahe        | HFC           | TV & Internet         |        5206 |        2401 |           2401 |            4849 |
| Mahe        | HFC           | TV & Internet & OTT   |        1317 |         344 |            344 |             709 |
| Mahe        | HFC           | TV & Internet & Voice |         303 |          93 |             93 |             281 |
| Mahe        | HFC           | TV & OTT              |         244 |          37 |             37 |              49 |
| Mahe        | HFC           | TV & Voice            |          32 |          15 |             15 |              30 |
| Mahe        | HFC           | TV Only               |        7127 |        5696 |           5696 |            5812 |
| Mahe        | HFC           | Voice Only            |         132 |         131 |            131 |             132 |
| Mahe        | HFC           | Services Total        |       17822 |       11882 |          11882 |           15215 |
| Mahe        | Network Total | Services Total        |       26178 |       16095 |          16028 |           21796 |
| Praslin     | GPON          | All                   |          25 |           4 |              4 |              12 |
| Praslin     | GPON          | Internet & Voice      |          10 |           5 |              5 |              10 |
| Praslin     | GPON          | Internet Only         |         237 |         237 |            237 |             237 |
| Praslin     | GPON          | TV & Internet         |         781 |         351 |            351 |             723 |
| Praslin     | GPON          | TV & Internet & OTT   |         396 |         109 |            109 |             224 |
| Praslin     | GPON          | TV & Internet & Voice |          13 |           4 |              4 |              13 |
| Praslin     | GPON          | TV & OTT              |          19 |           9 |              9 |               9 |
| Praslin     | GPON          | TV & Voice            |           2 |           1 |              1 |               2 |
| Praslin     | GPON          | TV Only               |         368 |         300 |            300 |             319 |
| Praslin     | GPON          | Voice Only            |           3 |           3 |              3 |               3 |
| Praslin     | GPON          | Services Total        |        1854 |        1023 |           1023 |            1552 |
| Praslin     | HFC           | Internet Only         |           1 |           1 |              1 |               1 |
| Praslin     | HFC           | TV Only               |           5 |           3 |              3 |               3 |
| Praslin     | HFC           | Services Total        |           6 |           4 |              4 |               4 |
| Praslin     | Network Total | Services Total        |        1860 |        1027 |           1026 |            1556 |
| GRAND TOTAL | Network Total | Services Total        |       28040 |       17123 |          17052 |           23354 |
+-------------+---------------+-----------------------+-------------+-------------+----------------+-----------------+
44 rows in set (0.00 sec)

Query OK, 0 rows affected (0.01 sec)

Query OK, 27326 rows affected (0.41 sec)
Records: 27326  Duplicates: 0  Warnings: 0

Query OK, 0 rows affected (0.01 sec)

Query OK, 2216 rows affected (1.56 sec)
Records: 2216  Duplicates: 0  Warnings: 0

+--------------------------------------+
| message                              |
+--------------------------------------+
| running rcbill_my.sp_ActiveNumber2() |
+--------------------------------------+
1 row in set (0.00 sec)

Query OK, 365 rows affected (1 min 48.64 sec)

mysql> mysql \. C:\workspace\cloud\code\sql\_DailyScript\currenttime.sql
+---------------------+
| currenttime         |
+---------------------+
| 2020-12-14 10:37:04 |
+---------------------+
1 row in set (0.00 sec)

mysql> 
mysql> mysql \. C:\workspace\cloud\code\sql\_DailyScript\GetActiveNumbers Average -Pivot.sql
Database changed
+-------------------------------------+
| @today := subdate(current_date(),1) |
+-------------------------------------+
| 2020-12-13                          |
+-------------------------------------+
1 row in set (0.00 sec)

+-------------------------------------+
| @lastdayofmonth := last_day(@today) |
+-------------------------------------+
| 2020-12-31                          |
+-------------------------------------+
1 row in set (0.00 sec)

Query OK, 0 rows affected (0.02 sec)

Query OK, 43978 rows affected, 65535 warnings (50.23 sec)
Records: 43978  Duplicates: 0  Warnings: 90357

Query OK, 0 rows affected (0.09 sec)
Records: 0  Duplicates: 0  Warnings: 0

Query OK, 0 rows affected (0.12 sec)
Records: 0  Duplicates: 0  Warnings: 0

Query OK, 0 rows affected (0.10 sec)
Records: 0  Duplicates: 0  Warnings: 0

+-----------------+
| activenumberavg |
+-----------------+
|           43978 |
+-----------------+
1 row in set (0.01 sec)

Query OK, 0 rows affected (0.01 sec)

Query OK, 1933 rows affected (0.48 sec)
Records: 1933  Duplicates: 0  Warnings: 0

+---------------------+
| rep_activenumberavg |
+---------------------+
|                1933 |
+---------------------+
1 row in set (0.00 sec)

+----------------------+
| rep_activenumberavg1 |
+----------------------+
|                  903 |
+----------------------+
1 row in set (0.00 sec)

Query OK, 0 rows affected (0.01 sec)

Query OK, 2300 rows affected (0.38 sec)
Records: 2300  Duplicates: 0  Warnings: 0

Query OK, 0 rows affected (0.01 sec)

Query OK, 11801 rows affected (0.70 sec)
Records: 11801  Duplicates: 0  Warnings: 0

Query OK, 0 rows affected (0.00 sec)

Query OK, 0 rows affected (0.01 sec)

Query OK, 0 rows affected (0.01 sec)

Query OK, 0 rows affected (0.00 sec)

Query OK, 0 rows affected (0.00 sec)
Statement prepared

Query OK, 53 rows affected (0.04 sec)
Records: 53  Duplicates: 0  Warnings: 0

Query OK, 0 rows affected (0.00 sec)

Query OK, 0 rows affected (0.00 sec)

+----------------------+
| rep_activenumberavg2 |
+----------------------+
|                 2300 |
+----------------------+
1 row in set (0.00 sec)

+------------------------+
| rep_activenumberavg_pv |
+------------------------+
|                     53 |
+------------------------+
1 row in set (0.00 sec)

Query OK, 0 rows affected (0.01 sec)

Query OK, 2299 rows affected (0.32 sec)
Records: 2299  Duplicates: 0  Warnings: 0

Query OK, 0 rows affected (0.00 sec)

Query OK, 0 rows affected (0.00 sec)

Query OK, 0 rows affected (0.01 sec)

Query OK, 0 rows affected (0.00 sec)

Query OK, 0 rows affected (0.00 sec)
Statement prepared

Query OK, 53 rows affected (0.05 sec)
Records: 53  Duplicates: 0  Warnings: 0

Query OK, 0 rows affected (0.00 sec)

Query OK, 0 rows affected (0.00 sec)

+-------------------------+
| rep_activenumberavgMahe |
+-------------------------+
|                    2299 |
+-------------------------+
1 row in set (0.00 sec)

+----------------------------+
| rep_activenumberavgMahe_pv |
+----------------------------+
|                         53 |
+----------------------------+
1 row in set (0.00 sec)

Query OK, 0 rows affected (0.01 sec)

Query OK, 1464 rows affected (0.15 sec)
Records: 1464  Duplicates: 0  Warnings: 0

Query OK, 0 rows affected (0.00 sec)

Query OK, 0 rows affected (0.00 sec)

Query OK, 0 rows affected (0.01 sec)

Query OK, 0 rows affected (0.00 sec)

Query OK, 0 rows affected (0.00 sec)
Statement prepared

Query OK, 40 rows affected (0.03 sec)
Records: 40  Duplicates: 0  Warnings: 0

Query OK, 0 rows affected (0.00 sec)

Query OK, 0 rows affected (0.00 sec)

+----------------------------+
| rep_activenumberavgPraslin |
+----------------------------+
|                       1464 |
+----------------------------+
1 row in set (0.00 sec)

+-------------------------------+
| rep_activenumberavgPraslin_pv |
+-------------------------------+
|                            40 |
+-------------------------------+
1 row in set (0.00 sec)

mysql> mysql \. C:\workspace\cloud\code\sql\_DailyScript\currenttime.sql
+---------------------+
| currenttime         |
+---------------------+
| 2020-12-14 10:37:57 |
+---------------------+
1 row in set (0.00 sec)

mysql> 
mysql> mysql \. C:\workspace\cloud\code\sql\_DailyScript\budget_actual_analysis_2020.sql
Query OK, 0 rows affected (0.01 sec)

Query OK, 1046 rows affected, 3 warnings (0.25 sec)
Records: 1046  Duplicates: 0  Warnings: 3

+--------------------+
| budget_actual_2020 |
+--------------------+
|               1046 |
+--------------------+
1 row in set (0.00 sec)

Query OK, 0 rows affected (0.01 sec)

Query OK, 48 rows affected (0.05 sec)
Records: 48  Duplicates: 0  Warnings: 0

+---------------------------+
| rep_budget_actual_2020_pv |
+---------------------------+
|                        48 |
+---------------------------+
1 row in set (0.00 sec)

mysql> mysql \. C:\workspace\cloud\code\sql\_DailyScript\currenttime.sql
+---------------------+
| currenttime         |
+---------------------+
| 2020-12-14 10:37:57 |
+---------------------+
1 row in set (0.00 sec)

mysql> 
mysql> mysql \. C:\workspace\cloud\code\sql\_DailyScript\reports-sales-addons-prepaid-camera.sql
Database changed
Query OK, 0 rows affected (0.01 sec)

Query OK, 4212 rows affected (0.19 sec)
Records: 4212  Duplicates: 0  Warnings: 0

Query OK, 0 rows affected (0.01 sec)

Query OK, 21396 rows affected (16.82 sec)
Records: 21396  Duplicates: 0  Warnings: 0

+--------------------+
| rep_prepaid_camera |
+--------------------+
|               4212 |
+--------------------+
1 row in set (0.01 sec)

+-----------+
| rep_addon |
+-----------+
|     21396 |
+-----------+
1 row in set (0.01 sec)

mysql> mysql \. C:\workspace\cloud\code\sql\_DailyScript\currenttime.sql
+---------------------+
| currenttime         |
+---------------------+
| 2020-12-14 10:38:15 |
+---------------------+
1 row in set (0.00 sec)

mysql> 
