    -> 
    -> mysql \. C:\workspace\cloud\code\sql\_DailyScript\_setdates.sql
Query OK, 0 rows affected (0.01 sec)

Query OK, 0 rows affected (1.56 sec)

Database changed
Query OK, 0 rows affected (0.00 sec)

Query OK, 0 rows affected (0.00 sec)

Query OK, 0 rows affected (0.00 sec)

Query OK, 0 rows affected (0.00 sec)

Query OK, 0 rows affected (0.00 sec)

Query OK, 0 rows affected (0.00 sec)

Query OK, 0 rows affected (0.00 sec)

Query OK, 0 rows affected (0.00 sec)

Query OK, 0 rows affected (0.00 sec)

Query OK, 0 rows affected (0.00 sec)

Query OK, 0 rows affected (0.00 sec)

Query OK, 0 rows affected (0.00 sec)

Query OK, 0 rows affected (0.00 sec)

Query OK, 0 rows affected (0.00 sec)

Query OK, 0 rows affected (0.00 sec)

Query OK, 0 rows affected (0.00 sec)

Query OK, 0 rows affected (0.00 sec)

Query OK, 0 rows affected (0.00 sec)

Query OK, 0 rows affected (0.00 sec)

Query OK, 0 rows affected (0.00 sec)

Query OK, 0 rows affected (0.00 sec)

Query OK, 0 rows affected (0.00 sec)

mysql> mysql \. C:\workspace\cloud\code\sql\_DailyScript\currenttime.sql
+---------------------+
| currenttime         |
+---------------------+
| 2021-10-05 08:17:33 |
+---------------------+
1 row in set (0.00 sec)

mysql> 
mysql> mysql \. C:\workspace\cloud\code\sql\_DailyScript\load_RCB_VODTITLES.sql
Database changed
Query OK, 0 rows affected (0.00 sec)

Query OK, 16023 rows affected (0.13 sec)

Query OK, 16025 rows affected, 16025 warnings (0.35 sec)
Records: 16025  Deleted: 0  Skipped: 0  Warnings: 16025

Query OK, 0 rows affected (0.00 sec)

Query OK, 2 rows affected (0.02 sec)

+-----------+
| VODTITLES |
+-----------+
|     16483 |
+-----------+
1 row in set (0.01 sec)

+-----------+-----------+
| titletype | typecount |
+-----------+-----------+
| E         |     13617 |
| N         |       245 |
| T         |      2161 |
| NULL      |     16023 |
+-----------+-----------+
4 rows in set (0.04 sec)

mysql> mysql \. C:\workspace\cloud\code\sql\_DailyScript\currenttime.sql
+---------------------+
| currenttime         |
+---------------------+
| 2021-10-05 08:17:33 |
+---------------------+
1 row in set (0.00 sec)

mysql> 
mysql> 
mysql> 
mysql> 
mysql> 
mysql> 
mysql> 
mysql> 
mysql> 
mysql> 
mysql> 
mysql> 
mysql> 
mysql> 
mysql> 
mysql> 
mysql> 
mysql> 
mysql> 
mysql> 
mysql> 
mysql> 
mysql> 
mysql> 
mysql> 
mysql> 
mysql> 
mysql> 
mysql> 
mysql> 
mysql> 
mysql> 
mysql> 
mysql> 
mysql> 
mysql> 
mysql> 
mysql> mysql \. C:\workspace\cloud\code\sql\_DailyScript\load_DailyCalls.sql
Database changed
Query OK, 478 rows affected (0.11 sec)
Records: 478  Deleted: 0  Skipped: 0  Warnings: 0

Query OK, 0 rows affected, 1 warning (0.00 sec)

Query OK, 476 rows affected (0.01 sec)
Records: 476  Duplicates: 0  Warnings: 0

Query OK, 0 rows affected, 1 warning (0.00 sec)

Query OK, 70511 rows affected (0.26 sec)
Records: 70511  Duplicates: 0  Warnings: 0

+----------------------+
| callingclientsbefore |
+----------------------+
|              1278315 |
+----------------------+
1 row in set (0.35 sec)

Query OK, 662 rows affected (9.78 sec)
Records: 662  Duplicates: 0  Warnings: 0

+---------------------+
| callingclientsafter |
+---------------------+
|             1278977 |
+---------------------+
1 row in set (0.32 sec)

Query OK, 0 rows affected (0.01 sec)

Query OK, 343 rows affected (1.94 sec)
Records: 343  Duplicates: 0  Warnings: 0

Query OK, 0 rows affected (0.00 sec)

Query OK, 24888 rows affected (3.81 sec)
Records: 24888  Duplicates: 0  Warnings: 0

+-----------+
| callstats |
+-----------+
|     24888 |
+-----------+
1 row in set (0.01 sec)

Query OK, 0 rows affected, 1 warning (0.00 sec)

Query OK, 662 rows affected (1.50 sec)
Records: 662  Duplicates: 0  Warnings: 0

+------------------------+
| rep_cccallreportbefore |
+------------------------+
|                1279966 |
+------------------------+
1 row in set (0.32 sec)

Query OK, 662 rows affected (0.11 sec)
Records: 662  Duplicates: 0  Warnings: 0

+-----------------------+
| rep_cccallreportafter |
+-----------------------+
|               1280628 |
+-----------------------+
1 row in set (0.33 sec)

Query OK, 0 rows affected (0.01 sec)

mysql> mysql \. C:\workspace\cloud\code\sql\_DailyScript\currenttime.sql
+---------------------+
| currenttime         |
+---------------------+
| 2021-10-05 08:17:54 |
+---------------------+
1 row in set (0.00 sec)

mysql> 
mysql> mysql \. C:\workspace\cloud\code\sql\_DailyScript\DAILY-SCRIPT-USAGE.sql
Database changed
Query OK, 0 rows affected (0.00 sec)

Query OK, 3959 rows affected, 11477 warnings (0.52 sec)
Records: 3959  Deleted: 0  Skipped: 0  Warnings: 11477

Query OK, 0 rows affected (0.00 sec)

Query OK, 6596 rows affected, 19074 warnings (1.15 sec)
Records: 6596  Deleted: 0  Skipped: 0  Warnings: 19074

Query OK, 0 rows affected (0.00 sec)

Query OK, 331 rows affected, 1200 warnings (0.97 sec)
Records: 331  Deleted: 0  Skipped: 0  Warnings: 1200

Query OK, 0 rows affected (0.00 sec)

Query OK, 183 rows affected, 653 warnings (0.05 sec)
Records: 183  Deleted: 0  Skipped: 0  Warnings: 653

+------------+
| dailyusage |
+------------+
|   19055695 |
+------------+
1 row in set (5.71 sec)

+------------+------------+------------+---------+
| datestart  | dateend    | insertedon | records |
+------------+------------+------------+---------+
| 2021-09-26 | 2021-09-26 | 2021-10-05 |   11069 |
| 2021-09-25 | 2021-09-25 | 2021-10-05 |   11040 |
| 2021-09-24 | 2021-09-24 | 2021-10-05 |   11117 |
| 2021-09-23 | 2021-09-23 | 2021-10-04 |   11018 |
| 2021-09-22 | 2021-09-22 | 2021-10-04 |   11612 |
+------------+------------+------------+---------+
5 rows in set (17.52 sec)

+----------+------------+------------+------------+---------+
| category | datestart  | dateend    | insertedon | records |
+----------+------------+------------+------------+---------+
| UNCAPPED | 2021-09-26 | 2021-09-26 | 2021-10-05 |    6596 |
| PREPAID  | 2021-09-26 | 2021-09-26 | 2021-10-05 |     331 |
| HOTSPOT  | 2021-09-26 | 2021-09-26 | 2021-10-05 |     183 |
| CAPPED   | 2021-09-26 | 2021-09-26 | 2021-10-05 |    3959 |
| UNCAPPED | 2021-09-25 | 2021-09-25 | 2021-10-05 |    6599 |
| PREPAID  | 2021-09-25 | 2021-09-25 | 2021-10-05 |     272 |
| HOTSPOT  | 2021-09-25 | 2021-09-25 | 2021-10-05 |     199 |
| CAPPED   | 2021-09-25 | 2021-09-25 | 2021-10-05 |    3970 |
| UNCAPPED | 2021-09-24 | 2021-09-24 | 2021-10-05 |    6635 |
| PREPAID  | 2021-09-24 | 2021-09-24 | 2021-10-05 |     264 |
| HOTSPOT  | 2021-09-24 | 2021-09-24 | 2021-10-05 |     212 |
| CAPPED   | 2021-09-24 | 2021-09-24 | 2021-10-05 |    4006 |
| UNCAPPED | 2021-09-23 | 2021-09-23 | 2021-10-04 |    6588 |
| PREPAID  | 2021-09-23 | 2021-09-23 | 2021-10-04 |     291 |
| HOTSPOT  | 2021-09-23 | 2021-09-23 | 2021-10-04 |     186 |
| CAPPED   | 2021-09-23 | 2021-09-23 | 2021-10-04 |    3953 |
| UNCAPPED | 2021-09-22 | 2021-09-22 | 2021-10-04 |    7064 |
| PREPAID  | 2021-09-22 | 2021-09-22 | 2021-10-04 |     258 |
| HOTSPOT  | 2021-09-22 | 2021-09-22 | 2021-10-04 |     209 |
| CAPPED   | 2021-09-22 | 2021-09-22 | 2021-10-04 |    4081 |
+----------+------------+------------+------------+---------+
20 rows in set (25.70 sec)

mysql> mysql \. C:\workspace\cloud\code\sql\_DailyScript\currenttime.sql
+---------------------+
| currenttime         |
+---------------------+
| 2021-10-05 08:18:46 |
+---------------------+
1 row in set (0.01 sec)

mysql> 
mysql> mysql \. C:\workspace\cloud\code\sql\_DailyScript\DAILY-SCRIPT-SALES-TELEMETRY.sql
Database changed
Query OK, 22 rows affected (0.03 sec)
Records: 22  Deleted: 0  Skipped: 0  Warnings: 0

+------------+
| dailysales |
+------------+
|     247919 |
+------------+
1 row in set (0.10 sec)

Query OK, 0 rows affected (0.01 sec)

Query OK, 247919 rows affected (15.25 sec)
Records: 247919  Duplicates: 0  Warnings: 0

+--------+
| sales  |
+--------+
| 247919 |
+--------+
1 row in set (0.09 sec)

Query OK, 0 rows affected (0.01 sec)

Query OK, 4121 rows affected (0.39 sec)
Records: 4121  Duplicates: 0  Warnings: 0

+----------------+
| rep_dailysales |
+----------------+
|           4121 |
+----------------+
1 row in set (0.01 sec)

Query OK, 0 rows affected (0.01 sec)

Query OK, 4121 rows affected (0.61 sec)
Records: 4121  Duplicates: 0  Warnings: 0

+-------------------+
| rep_dailysalesreg |
+-------------------+
|              4121 |
+-------------------+
1 row in set (0.00 sec)

Query OK, 0 rows affected (0.01 sec)

Query OK, 2986 rows affected (0.73 sec)
Records: 2986  Duplicates: 0  Warnings: 0

+-----------+
| saleslist |
+-----------+
|      2986 |
+-----------+
1 row in set (0.00 sec)

Database changed
ERROR 2 (HY000): File 'C:\ProgramData\MySQL\MySQL Server 5.7\Uploads\_csv\PrepaidCardSales-26092021-P1.csv' not found (Errcode: 2 - No such file or directory)
+------------------+
| dailysinglesales |
+------------------+
|             6601 |
+------------------+
1 row in set (0.01 sec)

Database changed
Query OK, 10 rows affected (0.05 sec)
Records: 10  Deleted: 0  Skipped: 0  Warnings: 0

+-----------------+
| dailyaddonsales |
+-----------------+
|           25246 |
+-----------------+
1 row in set (0.01 sec)

Query OK, 338 rows affected (0.04 sec)
Records: 338  Deleted: 0  Skipped: 0  Warnings: 0

+----------------+
| onlinepayments |
+----------------+
|         225754 |
+----------------+
1 row in set (0.08 sec)

+-------------+----------------+---------------------+
| paymentdate | onlinepayments | onlinepaymentamount |
+-------------+----------------+---------------------+
| 2021-09-26  |            338 |        214276.84000 |
| 2021-09-25  |            367 |        242342.93000 |
| 2021-09-24  |            497 |        337319.21000 |
| 2021-09-23  |            456 |        290094.17000 |
| 2021-09-22  |            260 |        160662.73000 |
+-------------+----------------+---------------------+
5 rows in set (0.29 sec)

+-------------+--------------+----------------+---------------------+
| paymentyear | paymentmonth | onlinepayments | onlinepaymentamount |
+-------------+--------------+----------------+---------------------+
|        2021 |            9 |           7047 |       4477959.08000 |
|        2021 |            8 |           8864 |       5714008.87000 |
|        2021 |            7 |           8972 |       5795292.15000 |
|        2021 |            6 |           8773 |       5686976.03000 |
|        2021 |            5 |           9358 |       5959322.66000 |
+-------------+--------------+----------------+---------------------+
5 rows in set (0.20 sec)

mysql> mysql \. C:\workspace\cloud\code\sql\_DailyScript\currenttime.sql
+---------------------+
| currenttime         |
+---------------------+
| 2021-10-05 08:19:04 |
+---------------------+
1 row in set (0.00 sec)

mysql> 
mysql> mysql \. C:\workspace\cloud\code\sql\_DailyScript\DAILY-SCRIPT-ACTIVENUMBERS.sql
Database changed
Query OK, 1101 rows affected (0.41 sec)
Records: 1101  Deleted: 0  Skipped: 0  Warnings: 0

+------------+----------+
| period     | count(1) |
+------------+----------+
| 2021-09-26 |     1101 |
| 2021-09-25 |     1101 |
| 2021-09-24 |     1102 |
| 2021-09-23 |     1100 |
| 2021-09-22 |     1102 |
+------------+----------+
5 rows in set (0.01 sec)

Query OK, 0 rows affected (0.01 sec)

Query OK, 75 rows affected (1.31 sec)
Records: 75  Duplicates: 0  Warnings: 0

+-------------+
| packagelist |
+-------------+
|          75 |
+-------------+
1 row in set (0.00 sec)

Database changed
Query OK, 0 rows affected (0.00 sec)

Query OK, 0 rows affected (0.00 sec)

Query OK, 0 rows affected (0.00 sec)

Query OK, 0 rows affected (0.00 sec)

Query OK, 28591 rows affected, 660 warnings (11.91 sec)
Records: 28591  Deleted: 0  Skipped: 0  Warnings: 660

+------------+----------+
| period     | count(1) |
+------------+----------+
| 2021-09-26 |    28591 |
| 2021-09-25 |    28851 |
| 2021-09-24 |    28846 |
| 2021-09-23 |    28850 |
| 2021-09-22 |    28819 |
+------------+----------+
5 rows in set (0.10 sec)

Query OK, 0 rows affected (0.01 sec)

Query OK, 28029 rows affected (37.95 sec)
Records: 28029  Duplicates: 0  Warnings: 0

Query OK, 0 rows affected (0.11 sec)
Records: 0  Duplicates: 0  Warnings: 0

Query OK, 0 rows affected (0.11 sec)
Records: 0  Duplicates: 0  Warnings: 0

Query OK, 0 rows affected (0.12 sec)
Records: 0  Duplicates: 0  Warnings: 0

Query OK, 0 rows affected (0.08 sec)
Records: 0  Duplicates: 0  Warnings: 0

Query OK, 0 rows affected (0.07 sec)
Records: 0  Duplicates: 0  Warnings: 0

Query OK, 0 rows affected (0.07 sec)
Records: 0  Duplicates: 0  Warnings: 0

+-------------+
| countbefore |
+-------------+
|    49637819 |
+-------------+
1 row in set (13.73 sec)

Query OK, 28029 rows affected (1.54 sec)
Records: 28029  Duplicates: 0  Warnings: 0

+------------+
| countafter |
+------------+
|   49665848 |
+------------+
1 row in set (17.55 sec)

+------------+--------------------------+
| period     | customercontractactivity |
+------------+--------------------------+
| 2021-09-26 |                    28029 |
| 2021-09-25 |                    28289 |
| 2021-09-24 |                    28284 |
| 2021-09-23 |                    28288 |
| 2021-09-22 |                    28256 |
+------------+--------------------------+
5 rows in set (0.07 sec)

Query OK, 0 rows affected (0.01 sec)

Query OK, 317886 rows affected, 4 warnings (8 min 8.02 sec)
Records: 317886  Duplicates: 0  Warnings: 4

Query OK, 0 rows affected (0.97 sec)
Records: 0  Duplicates: 0  Warnings: 0

Query OK, 0 rows affected (1.13 sec)
Records: 0  Duplicates: 0  Warnings: 0

Query OK, 0 rows affected (1.11 sec)
Records: 0  Duplicates: 0  Warnings: 0

Query OK, 0 rows affected (0.01 sec)

Query OK, 230 rows affected (0.41 sec)
Records: 230  Duplicates: 0  Warnings: 0

Query OK, 0 rows affected (0.01 sec)

Query OK, 2544 rows affected (0.58 sec)
Records: 2544  Duplicates: 0  Warnings: 0

Query OK, 0 rows affected (0.01 sec)

Query OK, 28002 rows affected (0.53 sec)
Records: 28002  Duplicates: 0  Warnings: 0

Query OK, 0 rows affected (0.01 sec)

Query OK, 17028 rows affected (0.35 sec)
Records: 17028  Duplicates: 0  Warnings: 0

Query OK, 0 rows affected (0.00 sec)

Query OK, 17028 rows affected (0.12 sec)
Records: 17028  Duplicates: 0  Warnings: 0

Query OK, 0 rows affected (0.01 sec)

Query OK, 17028 rows affected (1.03 sec)
Records: 17028  Duplicates: 0  Warnings: 0

Query OK, 0 rows affected (0.01 sec)

Query OK, 17028 rows affected (41.84 sec)
Records: 17028  Duplicates: 0  Warnings: 0

+-------------+
| clientstats |
+-------------+
|       17028 |
+-------------+
1 row in set (0.01 sec)

Query OK, 0 rows affected (0.00 sec)

Query OK, 13 rows affected, 1 warning (0.10 sec)
Records: 13  Duplicates: 0  Warnings: 1

+-----------------------+-------------+-------------+----------------+-----------------+
| services              | activecount | allaccounts | uniqueaccounts | uniquecontracts |
+-----------------------+-------------+-------------+----------------+-----------------+
| All                   |         448 |          72 |             72 |             233 |
| Internet & OTT        |           4 |           2 |              2 |               2 |
| Internet & Voice      |         311 |         136 |            136 |             267 |
| Internet Only         |        4422 |        4323 |           4317 |            4363 |
| OTT Only              |           1 |           1 |              1 |               1 |
| TV & Internet         |        9520 |        4266 |           4257 |            8684 |
| TV & Internet & OTT   |        4296 |        1116 |           1115 |            2322 |
| TV & Internet & Voice |         548 |         157 |            157 |             483 |
| TV & OTT              |         325 |          82 |             80 |              92 |
| TV & Voice            |          80 |          36 |             36 |              74 |
| TV Only               |        8541 |        6714 |           6710 |            6921 |
| Voice Only            |         125 |         123 |            123 |             125 |
| GRAND TOTAL           |       28621 |       17028 |          16946 |           23567 |
+-----------------------+-------------+-------------+----------------+-----------------+
13 rows in set (0.00 sec)

+-------------+-------------+-------------+----------------+-----------------+
| network     | activecount | allaccounts | uniqueaccounts | uniquecontracts |
+-------------+-------------+-------------+----------------+-----------------+
| GPON        |       12600 |        6314 |           6311 |            9931 |
| HFC         |       16021 |       10714 |          10714 |           13636 |
| GRAND TOTAL |       28621 |       17028 |          16946 |           23567 |
+-------------+-------------+-------------+----------------+-----------------+
3 rows in set, 1 warning (0.11 sec)

+-------------+-----------------------+-------------+-------------+----------------+-----------------+
| network     | services              | activecount | allaccounts | uniqueaccounts | uniquecontracts |
+-------------+-----------------------+-------------+-------------+----------------+-----------------+
| GPON        | All                   |         310 |          55 |             55 |             175 |
| GPON        | Internet & Voice      |          91 |          38 |             38 |              80 |
| GPON        | Internet Only         |        1631 |        1548 |           1548 |            1573 |
| GPON        | TV & Internet         |        4917 |        2161 |           2161 |            4424 |
| GPON        | TV & Internet & OTT   |        3145 |         815 |            815 |            1704 |
| GPON        | TV & Internet & Voice |         280 |          76 |             76 |             237 |
| GPON        | TV & OTT              |         148 |          53 |             53 |              55 |
| GPON        | TV & Voice            |          53 |          24 |             24 |              50 |
| GPON        | TV Only               |        2011 |        1531 |           1531 |            1619 |
| GPON        | Voice Only            |          14 |          13 |             13 |              14 |
| GPON        | Services Total        |       12600 |        6314 |           6311 |            9931 |
| HFC         | All                   |         138 |          17 |             17 |              58 |
| HFC         | Internet & OTT        |           4 |           2 |              2 |               2 |
| HFC         | Internet & Voice      |         220 |          98 |             98 |             187 |
| HFC         | Internet Only         |        2791 |        2775 |           2775 |            2790 |
| HFC         | OTT Only              |           1 |           1 |              1 |               1 |
| HFC         | TV & Internet         |        4603 |        2105 |           2105 |            4260 |
| HFC         | TV & Internet & OTT   |        1151 |         301 |            301 |             618 |
| HFC         | TV & Internet & Voice |         268 |          81 |             81 |             246 |
| HFC         | TV & OTT              |         177 |          29 |             29 |              37 |
| HFC         | TV & Voice            |          27 |          12 |             12 |              24 |
| HFC         | TV Only               |        6530 |        5183 |           5183 |            5302 |
| HFC         | Voice Only            |         111 |         110 |            110 |             111 |
| HFC         | Services Total        |       16021 |       10714 |          10714 |           13636 |
| GRAND TOTAL | Services Total        |       28621 |       17028 |          16946 |           23567 |
+-------------+-----------------------+-------------+-------------+----------------+-----------------+
25 rows in set, 2 warnings (0.12 sec)

Query OK, 0 rows affected (0.01 sec)

Query OK, 40 rows affected, 3 warnings (0.19 sec)
Records: 40  Duplicates: 0  Warnings: 3

+-------------+---------------+-----------------------+-------------+-------------+----------------+-----------------+
| region      | network       | services              | activecount | allaccounts | uniqueaccounts | uniquecontracts |
+-------------+---------------+-----------------------+-------------+-------------+----------------+-----------------+
| Mahe        | GPON          | All                   |         269 |          48 |             48 |             153 |
| Mahe        | GPON          | Internet & Voice      |          77 |          31 |             31 |              66 |
| Mahe        | GPON          | Internet Only         |        1394 |        1312 |           1312 |            1336 |
| Mahe        | GPON          | TV & Internet         |        4151 |        1818 |           1818 |            3718 |
| Mahe        | GPON          | TV & Internet & OTT   |        2584 |         656 |            656 |            1376 |
| Mahe        | GPON          | TV & Internet & Voice |         270 |          73 |             73 |             227 |
| Mahe        | GPON          | TV & OTT              |         133 |          46 |             46 |              48 |
| Mahe        | GPON          | TV & Voice            |          50 |          23 |             23 |              47 |
| Mahe        | GPON          | TV Only               |        1660 |        1266 |           1266 |            1341 |
| Mahe        | GPON          | Voice Only            |          13 |          12 |             12 |              13 |
| Mahe        | GPON          | Services Total        |       10601 |        5285 |           5285 |            8325 |
| Mahe        | HFC           | All                   |         138 |          17 |             17 |              58 |
| Mahe        | HFC           | Internet & OTT        |           4 |           2 |              2 |               2 |
| Mahe        | HFC           | Internet & Voice      |         220 |          98 |             98 |             187 |
| Mahe        | HFC           | Internet Only         |        2791 |        2775 |           2775 |            2790 |
| Mahe        | HFC           | OTT Only              |           1 |           1 |              1 |               1 |
| Mahe        | HFC           | TV & Internet         |        4603 |        2105 |           2105 |            4260 |
| Mahe        | HFC           | TV & Internet & OTT   |        1151 |         301 |            301 |             618 |
| Mahe        | HFC           | TV & Internet & Voice |         268 |          81 |             81 |             246 |
| Mahe        | HFC           | TV & OTT              |         177 |          29 |             29 |              37 |
| Mahe        | HFC           | TV & Voice            |          27 |          12 |             12 |              24 |
| Mahe        | HFC           | TV Only               |        6528 |        5181 |           5181 |            5300 |
| Mahe        | HFC           | Voice Only            |         111 |         110 |            110 |             111 |
| Mahe        | HFC           | Services Total        |       16019 |       10712 |          10712 |           13634 |
| Mahe        | Network Total | Services Total        |       26620 |       15997 |          15918 |           21959 |
| Praslin     | GPON          | All                   |          41 |           7 |              7 |              22 |
| Praslin     | GPON          | Internet & Voice      |          14 |           7 |              7 |              14 |
| Praslin     | GPON          | Internet Only         |         237 |         236 |            236 |             237 |
| Praslin     | GPON          | TV & Internet         |         766 |         343 |            343 |             706 |
| Praslin     | GPON          | TV & Internet & OTT   |         561 |         159 |            159 |             328 |
| Praslin     | GPON          | TV & Internet & Voice |          10 |           3 |              3 |              10 |
| Praslin     | GPON          | TV & OTT              |          15 |           7 |              7 |               7 |
| Praslin     | GPON          | TV & Voice            |           3 |           1 |              1 |               3 |
| Praslin     | GPON          | TV Only               |         351 |         265 |            265 |             278 |
| Praslin     | GPON          | Voice Only            |           1 |           1 |              1 |               1 |
| Praslin     | GPON          | Services Total        |        1999 |        1029 |           1029 |            1606 |
| Praslin     | HFC           | TV Only               |           2 |           2 |              2 |               2 |
| Praslin     | HFC           | Services Total        |           2 |           2 |              2 |               2 |
| Praslin     | Network Total | Services Total        |        2001 |        1031 |           1031 |            1608 |
| GRAND TOTAL | Network Total | Services Total        |       28621 |       17028 |          16946 |           23567 |
+-------------+---------------+-----------------------+-------------+-------------+----------------+-----------------+
40 rows in set (0.00 sec)

Query OK, 0 rows affected (0.00 sec)

Query OK, 28003 rows affected (0.36 sec)
Records: 28003  Duplicates: 0  Warnings: 0

Query OK, 0 rows affected (0.01 sec)

Query OK, 2317 rows affected (0.35 sec)
Records: 2317  Duplicates: 0  Warnings: 0

+--------------------------------------+
| message                              |
+--------------------------------------+
| running rcbill_my.sp_ActiveNumber2() |
+--------------------------------------+
1 row in set (0.00 sec)

Query OK, 365 rows affected (1 min 58.68 sec)

mysql> mysql \. C:\workspace\cloud\code\sql\_DailyScript\currenttime.sql
+---------------------+
| currenttime         |
+---------------------+
| 2021-10-05 08:31:26 |
+---------------------+
1 row in set (0.00 sec)

mysql> 
mysql> mysql \. C:\workspace\cloud\code\sql\_DailyScript\GetActiveNumbers Average -Pivot.sql
Database changed
+-------------------------------------+
| @today := subdate(current_date(),1) |
+-------------------------------------+
| 2021-10-04                          |
+-------------------------------------+
1 row in set (0.00 sec)

+-------------------------------------+
| @lastdayofmonth := last_day(@today) |
+-------------------------------------+
| 2021-10-31                          |
+-------------------------------------+
1 row in set (0.00 sec)

Query OK, 0 rows affected (0.01 sec)

Query OK, 50519 rows affected, 65535 warnings (1 min 0.08 sec)
Records: 50519  Duplicates: 0  Warnings: 103709

Query OK, 0 rows affected (0.11 sec)
Records: 0  Duplicates: 0  Warnings: 0

Query OK, 0 rows affected (0.13 sec)
Records: 0  Duplicates: 0  Warnings: 0

Query OK, 0 rows affected (0.11 sec)
Records: 0  Duplicates: 0  Warnings: 0

+-----------------+
| activenumberavg |
+-----------------+
|           50519 |
+-----------------+
1 row in set (0.01 sec)

Query OK, 0 rows affected (0.01 sec)

Query OK, 1987 rows affected (0.56 sec)
Records: 1987  Duplicates: 0  Warnings: 0

+---------------------+
| rep_activenumberavg |
+---------------------+
|                1987 |
+---------------------+
1 row in set (0.00 sec)

+----------------------+
| rep_activenumberavg1 |
+----------------------+
|                  926 |
+----------------------+
1 row in set (0.00 sec)

Query OK, 0 rows affected (0.01 sec)

Query OK, 2668 rows affected (0.46 sec)
Records: 2668  Duplicates: 0  Warnings: 0

Query OK, 0 rows affected (0.01 sec)

Query OK, 13784 rows affected (0.82 sec)
Records: 13784  Duplicates: 0  Warnings: 0

Query OK, 0 rows affected (0.00 sec)

Query OK, 238 rows affected (0.26 sec)
Records: 238  Duplicates: 0  Warnings: 0

Query OK, 0 rows affected (0.00 sec)

Query OK, 0 rows affected (0.01 sec)

Query OK, 0 rows affected (0.00 sec)

Query OK, 0 rows affected (0.00 sec)

Query OK, 0 rows affected (0.00 sec)
Statement prepared

Query OK, 53 rows affected (0.05 sec)
Records: 53  Duplicates: 0  Warnings: 0

Query OK, 0 rows affected (0.00 sec)

Query OK, 0 rows affected (0.00 sec)

+----------------------+
| rep_activenumberavg2 |
+----------------------+
|                 2668 |
+----------------------+
1 row in set (0.00 sec)

+------------------------+
| rep_activenumberavg_pv |
+------------------------+
|                     53 |
+------------------------+
1 row in set (0.00 sec)

Query OK, 0 rows affected (0.00 sec)

Query OK, 2666 rows affected (0.38 sec)
Records: 2666  Duplicates: 0  Warnings: 0

Query OK, 0 rows affected (0.00 sec)

Query OK, 0 rows affected (0.01 sec)

Query OK, 0 rows affected (0.00 sec)

Query OK, 0 rows affected (0.00 sec)

Query OK, 0 rows affected (0.00 sec)
Statement prepared

Query OK, 53 rows affected (0.05 sec)
Records: 53  Duplicates: 0  Warnings: 0

Query OK, 0 rows affected (0.00 sec)

Query OK, 0 rows affected (0.00 sec)

+-------------------------+
| rep_activenumberavgMahe |
+-------------------------+
|                    2666 |
+-------------------------+
1 row in set (0.00 sec)

+----------------------------+
| rep_activenumberavgMahe_pv |
+----------------------------+
|                         53 |
+----------------------------+
1 row in set (0.00 sec)

Query OK, 0 rows affected (0.00 sec)

Query OK, 1687 rows affected (0.17 sec)
Records: 1687  Duplicates: 0  Warnings: 0

Query OK, 0 rows affected (0.00 sec)

Query OK, 0 rows affected (0.00 sec)

Query OK, 0 rows affected (0.00 sec)

Query OK, 0 rows affected (0.00 sec)

Query OK, 0 rows affected (0.00 sec)
Statement prepared

Query OK, 40 rows affected (0.04 sec)
Records: 40  Duplicates: 0  Warnings: 0

Query OK, 0 rows affected (0.00 sec)

Query OK, 0 rows affected (0.00 sec)

+----------------------------+
| rep_activenumberavgPraslin |
+----------------------------+
|                       1687 |
+----------------------------+
1 row in set (0.00 sec)

+-------------------------------+
| rep_activenumberavgPraslin_pv |
+-------------------------------+
|                            40 |
+-------------------------------+
1 row in set (0.00 sec)

mysql> mysql \. C:\workspace\cloud\code\sql\_DailyScript\currenttime.sql
+---------------------+
| currenttime         |
+---------------------+
| 2021-10-05 08:32:29 |
+---------------------+
1 row in set (0.00 sec)

mysql> 
mysql> mysql \. C:\workspace\cloud\code\sql\Analysis\clients_contracts_creditpolicy_2.sql
Database changed
Query OK, 0 rows affected (0.01 sec)

Query OK, 1900145 rows affected (38.06 sec)
Records: 1900145  Duplicates: 0  Warnings: 0

Query OK, 0 rows affected (0.01 sec)

Query OK, 28029 rows affected (0.92 sec)
Records: 28029  Duplicates: 0  Warnings: 0

Query OK, 0 rows affected (0.01 sec)

Query OK, 28102 rows affected (7.51 sec)
Records: 28102  Duplicates: 0  Warnings: 0

+-------------------------+
| rep_cust_cont_creditpol |
+-------------------------+
|                   28102 |
+-------------------------+
1 row in set (0.01 sec)

mysql> mysql \. C:\workspace\cloud\code\sql\_DailyScript\currenttime.sql
+---------------------+
| currenttime         |
+---------------------+
| 2021-10-05 08:33:15 |
+---------------------+
1 row in set (0.00 sec)

mysql> 
mysql> 
mysql> 
mysql> 
mysql> 
mysql> 
mysql> 
mysql> 
mysql> 
mysql> 
mysql> 
mysql> 
mysql> 
mysql> 
mysql> 
mysql> 
mysql> 
mysql> 
mysql> 
mysql> 
mysql> 
mysql> 
mysql> 
mysql> 
mysql> 
mysql> 
mysql> 
mysql> exit
