    -> 
    -> mysql \. C:\workspace\cloud\code\sql\_DailyScript\_setdates.sql
Database changed
Query OK, 0 rows affected (0.00 sec)

Query OK, 0 rows affected (0.00 sec)

Query OK, 0 rows affected (0.00 sec)

Query OK, 0 rows affected (0.00 sec)

Query OK, 0 rows affected (0.00 sec)

Query OK, 0 rows affected (0.00 sec)

Query OK, 0 rows affected (0.00 sec)

Query OK, 0 rows affected (0.00 sec)

Query OK, 0 rows affected (0.00 sec)

Query OK, 0 rows affected (0.00 sec)

Query OK, 0 rows affected (0.00 sec)

Query OK, 0 rows affected (0.00 sec)

Query OK, 0 rows affected (0.00 sec)

Query OK, 0 rows affected (0.00 sec)

Query OK, 0 rows affected (0.00 sec)

Query OK, 0 rows affected (0.00 sec)

Query OK, 0 rows affected (0.00 sec)

Query OK, 0 rows affected (0.00 sec)

Query OK, 0 rows affected (0.00 sec)

Query OK, 0 rows affected (0.00 sec)

Query OK, 0 rows affected (0.00 sec)

mysql> mysql \. C:\workspace\cloud\code\sql\_DailyScript\currenttime.sql
+---------------------+
| currenttime         |
+---------------------+
| 2019-03-30 08:32:39 |
+---------------------+
1 row in set (0.00 sec)

mysql> 
mysql> mysql \. C:\workspace\cloud\code\sql\_DailyScript\load_RCB_VODTITLES.sql
Database changed
Query OK, 0 rows affected (0.00 sec)

Query OK, 3822 rows affected (0.11 sec)

Query OK, 3824 rows affected, 3824 warnings (0.09 sec)
Records: 3824  Deleted: 0  Skipped: 0  Warnings: 3824

Query OK, 0 rows affected (0.00 sec)

Query OK, 2 rows affected (0.02 sec)

+-----------+
| VODTITLES |
+-----------+
|      4283 |
+-----------+
1 row in set (0.00 sec)

+-----------+-----------+
| titletype | typecount |
+-----------+-----------+
| E         |      2758 |
| N         |       145 |
| T         |       919 |
| NULL      |      3822 |
+-----------+-----------+
4 rows in set (0.01 sec)

mysql> mysql \. C:\workspace\cloud\code\sql\_DailyScript\currenttime.sql
+---------------------+
| currenttime         |
+---------------------+
| 2019-03-30 08:32:40 |
+---------------------+
1 row in set (0.00 sec)

mysql> 
mysql> mysql \. C:\workspace\cloud\code\sql\_DailyScript\DAILY-SCRIPT-LIVETV-STATS.sql
Database changed
Query OK, 0 rows affected (0.10 sec)

Query OK, 57321 rows affected (1.38 sec)
Records: 57321  Duplicates: 0  Warnings: 0

+------------+------------+----------+--------------+--------------+-----------+-------------+----------+--------+------+------------+---------+---------------+
| Table      | Non_unique | Key_name | Seq_in_index | Column_name  | Collation | Cardinality | Sub_part | Packed | Null | Index_type | Comment | Index_comment |
+------------+------------+----------+--------------+--------------+-----------+-------------+----------+--------+------+------------+---------+---------------+
| templivetv |          1 | idxtv1   |            1 | device       | A         |       57256 |     NULL | NULL   | YES  | BTREE      |         |               |
| templivetv |          1 | idxtv2   |            1 | sessionstart | A         |       57256 |     NULL | NULL   | YES  | BTREE      |         |               |
+------------+------------+----------+--------------+--------------+-----------+-------------+----------+--------+------+------------+---------+---------------+
2 rows in set (0.00 sec)

Query OK, 57045 rows affected (17.27 sec)
Records: 57045  Duplicates: 0  Warnings: 0

Query OK, 2665 rows affected (0.51 sec)
Records: 2665  Duplicates: 0  Warnings: 0

Query OK, 0 rows affected (0.00 sec)

Query OK, 0 rows affected (0.13 sec)

Query OK, 142 rows affected (0.05 sec)
Records: 142  Duplicates: 0  Warnings: 0

Query OK, 0 rows affected (0.02 sec)

Query OK, 64038 rows affected (9 min 33.37 sec)
Records: 64038  Duplicates: 0  Warnings: 0

+-----------------+
| rep_livetvstats |
+-----------------+
|           64038 |
+-----------------+
1 row in set (0.03 sec)

mysql> mysql \. C:\workspace\cloud\code\sql\_DailyScript\currenttime.sql
+---------------------+
| currenttime         |
+---------------------+
| 2019-03-30 08:42:32 |
+---------------------+
1 row in set (0.00 sec)

mysql> 
mysql> mysql \. C:\workspace\cloud\code\sql\_DailyScript\DAILY-SCRIPT-VODTS-STATS.sql
Database changed
Query OK, 0 rows affected (0.01 sec)

Query OK, 1803 rows affected (20.08 sec)
Records: 1803  Duplicates: 0  Warnings: 0

+---------+------------+----------+--------------+--------------+-----------+-------------+----------+--------+------+------------+---------+---------------+
| Table   | Non_unique | Key_name | Seq_in_index | Column_name  | Collation | Cardinality | Sub_part | Packed | Null | Index_type | Comment | Index_comment |
+---------+------------+----------+--------------+--------------+-----------+-------------+----------+--------+------+------------+---------+---------------+
| tempvod |          1 | idxtvod1 |            1 | device       | A         |        1789 |     NULL | NULL   | YES  | BTREE      |         |               |
| tempvod |          1 | idxtvod2 |            1 | sessionstart | A         |        1789 |     NULL | NULL   | YES  | BTREE      |         |               |
+---------+------------+----------+--------------+--------------+-----------+-------------+----------+--------+------+------------+---------+---------------+
2 rows in set (0.00 sec)

Query OK, 1803 rows affected (1.32 sec)
Records: 1803  Duplicates: 0  Warnings: 0

Query OK, 0 rows affected (0.01 sec)

Query OK, 166177 rows affected (17.08 sec)
Records: 166177  Duplicates: 0  Warnings: 0

+--------------+
| rep_vodstats |
+--------------+
|       166177 |
+--------------+
1 row in set (0.07 sec)

Database changed
Query OK, 0 rows affected (0.02 sec)

Query OK, 9710 rows affected (3 min 2.44 sec)
Records: 9710  Duplicates: 0  Warnings: 0

+--------+------------+----------+--------------+--------------+-----------+-------------+----------+--------+------+------------+---------+---------------+
| Table  | Non_unique | Key_name | Seq_in_index | Column_name  | Collation | Cardinality | Sub_part | Packed | Null | Index_type | Comment | Index_comment |
+--------+------------+----------+--------------+--------------+-----------+-------------+----------+--------+------+------------+---------+---------------+
| tempts |          1 | idxtts1  |            1 | device       | A         |        9593 |     NULL | NULL   | YES  | BTREE      |         |               |
| tempts |          1 | idxtts2  |            1 | sessionstart | A         |        9593 |     NULL | NULL   | YES  | BTREE      |         |               |
+--------+------------+----------+--------------+--------------+-----------+-------------+----------+--------+------+------------+---------+---------------+
2 rows in set (0.00 sec)

Query OK, 9678 rows affected (8.28 sec)
Records: 9678  Duplicates: 0  Warnings: 0

Query OK, 0 rows affected (0.02 sec)

Query OK, 17541 rows affected (2 min 23.66 sec)
Records: 17541  Duplicates: 0  Warnings: 0

+-------------+
| rep_tsstats |
+-------------+
|       17541 |
+-------------+
1 row in set (0.00 sec)

mysql> mysql \. C:\workspace\cloud\code\sql\_DailyScript\currenttime.sql
+---------------------+
| currenttime         |
+---------------------+
| 2019-03-30 08:48:45 |
+---------------------+
1 row in set (0.02 sec)

mysql> 
mysql> mysql \. C:\workspace\cloud\code\sql\_DailyScript\DAILY-SCRIPT-RADIO-STATS.sql
Database changed
Query OK, 0 rows affected (0.02 sec)

Query OK, 132684 rows affected (3.32 sec)
Records: 132684  Duplicates: 0  Warnings: 0

+-----------+------------+----------+--------------+--------------+-----------+-------------+----------+--------+------+------------+---------+---------------+
| Table     | Non_unique | Key_name | Seq_in_index | Column_name  | Collation | Cardinality | Sub_part | Packed | Null | Index_type | Comment | Index_comment |
+-----------+------------+----------+--------------+--------------+-----------+-------------+----------+--------+------+------------+---------+---------------+
| tempradio |          1 | idxtrad1 |            1 | device       | A         |      133222 |     NULL | NULL   | YES  | BTREE      |         |               |
| tempradio |          1 | idxtrad2 |            1 | sessionstart | A         |      133222 |     NULL | NULL   | YES  | BTREE      |         |               |
+-----------+------------+----------+--------------+--------------+-----------+-------------+----------+--------+------+------------+---------+---------------+
2 rows in set (0.00 sec)

Query OK, 288 rows affected (2.25 sec)
Records: 288  Duplicates: 0  Warnings: 0

Query OK, 0 rows affected (0.02 sec)

Query OK, 2441 rows affected (0.24 sec)
Records: 2441  Duplicates: 0  Warnings: 0

+----------------+
| rep_radiostats |
+----------------+
|           2441 |
+----------------+
1 row in set (0.00 sec)

mysql> mysql \. C:\workspace\cloud\code\sql\_DailyScript\currenttime.sql
+---------------------+
| currenttime         |
+---------------------+
| 2019-03-30 08:48:51 |
+---------------------+
1 row in set (0.00 sec)

mysql> 
mysql> mysql \. C:\workspace\cloud\code\sql\_DailyScript\DAILY_SCRIPT_TELEMETRY_PIVOT.sql
Query OK, 0 rows affected (0.00 sec)

Query OK, 146 rows affected (0.18 sec)
Records: 146  Duplicates: 0  Warnings: 0

Query OK, 0 rows affected (0.02 sec)

Query OK, 2946 rows affected (0.43 sec)
Records: 2946  Duplicates: 0  Warnings: 0

Query OK, 0 rows affected (0.02 sec)

Query OK, 6 rows affected (0.01 sec)
Records: 6  Duplicates: 0  Warnings: 0

Query OK, 0 rows affected (0.01 sec)

Query OK, 54 rows affected (0.03 sec)
Records: 54  Duplicates: 0  Warnings: 0

mysql> mysql \. C:\workspace\cloud\code\sql\_DailyScript\currenttime.sql
+---------------------+
| currenttime         |
+---------------------+
| 2019-03-30 08:48:52 |
+---------------------+
1 row in set (0.00 sec)

mysql> 
mysql> mysql \. C:\workspace\cloud\code\sql\_DailyScript\telemetry_livetv_ranking2019.sql
Query OK, 0 rows affected (0.00 sec)

Query OK, 146 rows affected (0.02 sec)
Records: 146  Duplicates: 0  Warnings: 0

mysql> mysql \. C:\workspace\cloud\code\sql\_DailyScript\currenttime.sql
+---------------------+
| currenttime         |
+---------------------+
| 2019-03-30 08:48:52 |
+---------------------+
1 row in set (0.00 sec)

mysql> 
mysql> mysql \. C:\workspace\cloud\code\sql\_DailyScript\telemetry_radio_ranking2019.sql
Query OK, 0 rows affected (0.00 sec)

Query OK, 6 rows affected (0.02 sec)
Records: 6  Duplicates: 0  Warnings: 0

mysql> mysql \. C:\workspace\cloud\code\sql\_DailyScript\currenttime.sql
+---------------------+
| currenttime         |
+---------------------+
| 2019-03-30 08:48:52 |
+---------------------+
1 row in set (0.00 sec)

mysql> 
mysql> mysql \. C:\workspace\cloud\code\sql\_DailyScript\telemetry_ts_ranking2019.sql
Query OK, 0 rows affected (0.08 sec)

Query OK, 54 rows affected (0.04 sec)
Records: 54  Duplicates: 0  Warnings: 0

mysql> mysql \. C:\workspace\cloud\code\sql\_DailyScript\currenttime.sql
+---------------------+
| currenttime         |
+---------------------+
| 2019-03-30 08:48:52 |
+---------------------+
1 row in set (0.00 sec)

mysql> 
mysql> mysql \. C:\workspace\cloud\code\sql\_DailyScript\telemetry_vod_ranking2019.sql
Query OK, 0 rows affected (0.00 sec)

Query OK, 2946 rows affected (0.13 sec)
Records: 2946  Duplicates: 0  Warnings: 0

mysql> mysql \. C:\workspace\cloud\code\sql\_DailyScript\currenttime.sql
+---------------------+
| currenttime         |
+---------------------+
| 2019-03-30 08:48:52 |
+---------------------+
1 row in set (0.00 sec)

mysql> 
mysql> mysql \. C:\workspace\cloud\code\sql\_DailyScript\telemetry_vod_ranking2019_1.sql
Query OK, 0 rows affected (0.02 sec)

Query OK, 2946 rows affected (0.05 sec)
Records: 2946  Duplicates: 0  Warnings: 0

mysql> mysql \. C:\workspace\cloud\code\sql\_DailyScript\currenttime.sql
+---------------------+
| currenttime         |
+---------------------+
| 2019-03-30 08:48:52 |
+---------------------+
1 row in set (0.00 sec)

mysql> 
mysql> mysql \. C:\workspace\cloud\code\sql\_DailyScript\telemetry_vod_ranking2019_2.sql
Query OK, 0 rows affected (0.05 sec)

Query OK, 2946 rows affected (0.05 sec)
Records: 2946  Duplicates: 0  Warnings: 0

mysql> mysql \. C:\workspace\cloud\code\sql\_DailyScript\currenttime.sql
+---------------------+
| currenttime         |
+---------------------+
| 2019-03-30 08:48:53 |
+---------------------+
1 row in set (0.00 sec)

mysql> 
mysql> mysql \. C:\workspace\cloud\code\sql\_DailyScript\DAILY-SCRIPT-CREATE-LOAD.sql
Database changed
Database changed
Query OK, 0 rows affected (0.10 sec)

Query OK, 0 rows affected (0.02 sec)

Database changed
Query OK, 65086 rows affected (3.04 sec)
Records: 65086  Deleted: 0  Skipped: 0  Warnings: 0

Query OK, 0 rows affected (0.34 sec)
Records: 0  Duplicates: 0  Warnings: 0

Query OK, 0 rows affected (0.28 sec)
Records: 0  Duplicates: 0  Warnings: 0

Query OK, 0 rows affected (0.28 sec)
Records: 0  Duplicates: 0  Warnings: 0

Query OK, 0 rows affected (0.25 sec)
Records: 0  Duplicates: 0  Warnings: 0

+---------+
| clients |
+---------+
|   65086 |
+---------+
1 row in set (0.01 sec)

Query OK, 0 rows affected (0.02 sec)

Query OK, 1663 rows affected (0.52 sec)
Records: 1663  Duplicates: 0  Warnings: 0

+-------------------+
| rcb_clientparcels |
+-------------------+
|              1663 |
+-------------------+
1 row in set (0.00 sec)

Query OK, 0 rows affected (0.10 sec)

Query OK, 84431 rows affected (3.69 sec)
Records: 84431  Duplicates: 0  Warnings: 0

Query OK, 0 rows affected (0.37 sec)
Records: 0  Duplicates: 0  Warnings: 0

Query OK, 0 rows affected (0.15 sec)

Query OK, 65086 rows affected (2.93 sec)
Records: 65086  Duplicates: 0  Warnings: 0

Query OK, 0 rows affected (0.22 sec)
Records: 0  Duplicates: 0  Warnings: 0

Query OK, 0 rows affected (0.28 sec)
Records: 0  Duplicates: 0  Warnings: 0

Query OK, 0 rows affected (0.18 sec)
Records: 0  Duplicates: 0  Warnings: 0

+---------------+
| clientaddress |
+---------------+
|         65086 |
+---------------+
1 row in set (0.02 sec)

Database changed
Query OK, 0 rows affected (0.03 sec)

Query OK, 0 rows affected (0.00 sec)

Database changed
Query OK, 470440 rows affected, 65535 warnings (17.81 sec)
Records: 470440  Deleted: 0  Skipped: 0  Warnings: 181608

Query OK, 0 rows affected (1.50 sec)
Records: 0  Duplicates: 0  Warnings: 0

Query OK, 0 rows affected (2.56 sec)
Records: 0  Duplicates: 0  Warnings: 0

Query OK, 0 rows affected (2.13 sec)
Records: 0  Duplicates: 0  Warnings: 0

Query OK, 0 rows affected (0.43 sec)

Query OK, 470440 rows affected (56.37 sec)
Records: 470440  Duplicates: 0  Warnings: 0

Query OK, 0 rows affected (2.02 sec)
Records: 0  Duplicates: 0  Warnings: 0

Query OK, 0 rows affected (1.56 sec)
Records: 0  Duplicates: 0  Warnings: 0

+-----------+
| contracts |
+-----------+
|    470440 |
+-----------+
1 row in set (0.17 sec)

+-----------------+
| contractaddress |
+-----------------+
|          470440 |
+-----------------+
1 row in set (0.17 sec)

Database changed
Query OK, 0 rows affected (0.02 sec)

Query OK, 0 rows affected (0.00 sec)

Query OK, 6529 rows affected (0.15 sec)
Records: 6529  Deleted: 0  Skipped: 0  Warnings: 0

Query OK, 0 rows affected (0.00 sec)

Query OK, 6499 rows affected (0.42 sec)
Records: 6499  Duplicates: 0  Warnings: 0

Query OK, 0 rows affected (0.05 sec)
Records: 0  Duplicates: 0  Warnings: 0

Query OK, 0 rows affected (0.02 sec)

Query OK, 5354 rows affected (0.17 sec)
Records: 5354  Duplicates: 0  Warnings: 0

Query OK, 0 rows affected (0.03 sec)
Records: 0  Duplicates: 0  Warnings: 0

+-------------------+
| contractdiscounts |
+-------------------+
|              6529 |
+-------------------+
1 row in set (0.00 sec)

+-------------------------+
| clientcontractdiscounts |
+-------------------------+
|                    6499 |
+-------------------------+
1 row in set (0.02 sec)

+----------------------------+
| clientcontractlastdiscount |
+----------------------------+
|                       5354 |
+----------------------------+
1 row in set (0.00 sec)

Database changed
Query OK, 0 rows affected (0.08 sec)

Query OK, 0 rows affected (0.00 sec)

Database changed
Query OK, 127760 rows affected (2.98 sec)
Records: 127760  Deleted: 0  Skipped: 0  Warnings: 0

Query OK, 0 rows affected (0.28 sec)
Records: 0  Duplicates: 0  Warnings: 0

Query OK, 0 rows affected (0.36 sec)
Records: 0  Duplicates: 0  Warnings: 0

Query OK, 0 rows affected (0.39 sec)
Records: 0  Duplicates: 0  Warnings: 0

Query OK, 0 rows affected (0.28 sec)
Records: 0  Duplicates: 0  Warnings: 0

Query OK, 0 rows affected (0.45 sec)
Records: 0  Duplicates: 0  Warnings: 0

Query OK, 0 rows affected (0.52 sec)
Records: 0  Duplicates: 0  Warnings: 0

Query OK, 0 rows affected (0.03 sec)

Query OK, 1604370 rows affected (2 min 29.27 sec)
Records: 1604370  Duplicates: 0  Warnings: 0

+---------+
| devices |
+---------+
|  127760 |
+---------+
1 row in set (0.06 sec)

+-----------------------+
| clientcontractdevices |
+-----------------------+
|               1604370 |
+-----------------------+
1 row in set (0.64 sec)

Query OK, 0 rows affected (0.05 sec)

Query OK, 127639 rows affected (6.58 sec)
Records: 127639  Duplicates: 0  Warnings: 0

+---------------------------+
| rep_clientcontractdevices |
+---------------------------+
|                    127639 |
+---------------------------+
1 row in set (0.05 sec)

Database changed
Query OK, 0 rows affected (0.03 sec)

Query OK, 0 rows affected (0.00 sec)

Query OK, 239173 rows affected (7.13 sec)
Records: 239173  Deleted: 0  Skipped: 0  Warnings: 0

Query OK, 0 rows affected (0.79 sec)
Records: 0  Duplicates: 0  Warnings: 0

Query OK, 0 rows affected (0.77 sec)
Records: 0  Duplicates: 0  Warnings: 0

Query OK, 0 rows affected (0.58 sec)
Records: 0  Duplicates: 0  Warnings: 0

Query OK, 0 rows affected (0.72 sec)
Records: 0  Duplicates: 0  Warnings: 0

+---------+
| tickets |
+---------+
|  239173 |
+---------+
1 row in set (0.08 sec)

Database changed
Query OK, 0 rows affected (0.00 sec)

Query OK, 0 rows affected (0.01 sec)

Empty set (0.00 sec)

Query OK, 0 rows affected (0.01 sec)
Records: 0  Duplicates: 0  Warnings: 0

Query OK, 313 rows affected, 2 warnings (0.01 sec)
Records: 313  Deleted: 0  Skipped: 0  Warnings: 2

+-----------------+
| tickettechusers |
+-----------------+
|             313 |
+-----------------+
1 row in set (0.00 sec)

Database changed
Query OK, 0 rows affected (0.02 sec)

Query OK, 0 rows affected (0.00 sec)

Query OK, 0 rows affected (0.01 sec)
Records: 0  Duplicates: 0  Warnings: 0

Query OK, 492020 rows affected, 41406 warnings (9.52 sec)
Records: 492020  Deleted: 0  Skipped: 0  Warnings: 41406

+-------------------+
| ticketassignments |
+-------------------+
|            492020 |
+-------------------+
1 row in set (0.19 sec)

Database changed
Query OK, 0 rows affected (0.04 sec)

Query OK, 0 rows affected (0.00 sec)

Query OK, 1033572 rows affected (15.15 sec)
Records: 1033572  Deleted: 0  Skipped: 0  Warnings: 0

Query OK, 0 rows affected (2.95 sec)
Records: 0  Duplicates: 0  Warnings: 0

Query OK, 0 rows affected (2.89 sec)
Records: 0  Duplicates: 0  Warnings: 0

Query OK, 0 rows affected (2.93 sec)
Records: 0  Duplicates: 0  Warnings: 0

Query OK, 0 rows affected (3.24 sec)
Records: 0  Duplicates: 0  Warnings: 0

+----------------+
| ticketcomments |
+----------------+
|        1033572 |
+----------------+
1 row in set (0.36 sec)

Database changed
Query OK, 0 rows affected (0.01 sec)

Query OK, 0 rows affected (0.01 sec)

Query OK, 397081 rows affected (41.05 sec)
Records: 397081  Deleted: 0  Skipped: 0  Warnings: 0

Query OK, 0 rows affected (2.56 sec)
Records: 0  Duplicates: 0  Warnings: 0

+----------+
| comments |
+----------+
|   397081 |
+----------+
1 row in set (0.15 sec)

Database changed
Query OK, 0 rows affected (0.05 sec)

Query OK, 0 rows affected (0.00 sec)

Query OK, 685791 rows affected, 65535 warnings (1 min 1.48 sec)
Records: 685791  Deleted: 0  Skipped: 0  Warnings: 685792

Query OK, 0 rows affected (1.89 sec)
Records: 0  Duplicates: 0  Warnings: 0

Query OK, 0 rows affected (1.74 sec)
Records: 0  Duplicates: 0  Warnings: 0

Query OK, 0 rows affected (1.86 sec)
Records: 0  Duplicates: 0  Warnings: 0

Query OK, 0 rows affected (1.89 sec)
Records: 0  Duplicates: 0  Warnings: 0

Query OK, 0 rows affected (2.65 sec)
Records: 0  Duplicates: 0  Warnings: 0

+------------+
| devicesold |
+------------+
|     685791 |
+------------+
1 row in set (0.26 sec)

Database changed
Query OK, 0 rows affected (0.02 sec)

Query OK, 0 rows affected (0.01 sec)

Query OK, 1598041 rows affected (27.08 sec)
Records: 1598041  Deleted: 0  Skipped: 0  Warnings: 0

Query OK, 0 rows affected (4.48 sec)
Records: 0  Duplicates: 0  Warnings: 0

Query OK, 0 rows affected (4.96 sec)
Records: 0  Duplicates: 0  Warnings: 0

Query OK, 0 rows affected (4.80 sec)
Records: 0  Duplicates: 0  Warnings: 0

+------------------+
| contractservices |
+------------------+
|          1598041 |
+------------------+
1 row in set (0.56 sec)

Database changed
Query OK, 0 rows affected (0.05 sec)

Query OK, 0 rows affected (0.00 sec)

Query OK, 3539879 rows affected (1 min 58.06 sec)
Records: 3539879  Deleted: 0  Skipped: 0  Warnings: 0

Query OK, 0 rows affected (11.76 sec)
Records: 0  Duplicates: 0  Warnings: 0

Query OK, 0 rows affected (13.24 sec)
Records: 0  Duplicates: 0  Warnings: 0

Query OK, 0 rows affected (12.58 sec)
Records: 0  Duplicates: 0  Warnings: 0

Query OK, 0 rows affected (12.66 sec)
Records: 0  Duplicates: 0  Warnings: 0

+------------------+
| invoicescontents |
+------------------+
|          3539879 |
+------------------+
1 row in set (1.20 sec)

Database changed
Query OK, 0 rows affected (0.05 sec)

Query OK, 0 rows affected (0.00 sec)

Query OK, 2432502 rows affected (2 min 54.30 sec)
Records: 2432502  Deleted: 0  Skipped: 0  Warnings: 0

Query OK, 0 rows affected (12.15 sec)
Records: 0  Duplicates: 0  Warnings: 0

Query OK, 0 rows affected (11.44 sec)
Records: 0  Duplicates: 0  Warnings: 0

Query OK, 0 rows affected (18.02 sec)
Records: 0  Duplicates: 0  Warnings: 0

Query OK, 0 rows affected (26.83 sec)
Records: 0  Duplicates: 0  Warnings: 0

Query OK, 0 rows affected (12.89 sec)
Records: 0  Duplicates: 0  Warnings: 0

+----------------+
| invoicesheader |
+----------------+
|        2432502 |
+----------------+
1 row in set (0.86 sec)

Database changed
Query OK, 0 rows affected (0.09 sec)

Query OK, 0 rows affected (0.00 sec)

Query OK, 2573531 rows affected (1 min 19.62 sec)
Records: 2573531  Deleted: 0  Skipped: 0  Warnings: 0

Query OK, 0 rows affected (8.07 sec)
Records: 0  Duplicates: 0  Warnings: 0

Query OK, 0 rows affected (9.01 sec)
Records: 0  Duplicates: 0  Warnings: 0

Query OK, 0 rows affected (8.93 sec)
Records: 0  Duplicates: 0  Warnings: 0

Query OK, 0 rows affected (8.47 sec)
Records: 0  Duplicates: 0  Warnings: 0

+---------+
| casa    |
+---------+
| 2573531 |
+---------+
1 row in set (0.94 sec)

Query OK, 0 rows affected (0.02 sec)

Query OK, 12002 rows affected (1 min 11.80 sec)
Records: 12002  Duplicates: 0  Warnings: 0

+--------------------+
| rep_paycol_channel |
+--------------------+
|              12002 |
+--------------------+
1 row in set (0.00 sec)

Query OK, 0 rows affected (0.00 sec)

Query OK, 8163 rows affected (1 min 24.45 sec)
Records: 8163  Duplicates: 0  Warnings: 0

+----------------+
| rep_paycol_pos |
+----------------+
|           8163 |
+----------------+
1 row in set (0.02 sec)

Database changed
Query OK, 0 rows affected (0.00 sec)

Query OK, 0 rows affected (0.02 sec)

Database changed
Query OK, 37817 rows affected (0.80 sec)
Records: 37817  Deleted: 0  Skipped: 0  Warnings: 0

+-------+
| users |
+-------+
| 37817 |
+-------+
1 row in set (0.01 sec)

Database changed
Query OK, 0 rows affected (0.08 sec)

Query OK, 0 rows affected (0.01 sec)

Database changed
Query OK, 8233104 rows affected (1 min 50.30 sec)
Records: 8233104  Deleted: 0  Skipped: 0  Warnings: 0

Query OK, 0 rows affected (30.23 sec)
Records: 0  Duplicates: 0  Warnings: 0

Query OK, 0 rows affected (27.97 sec)
Records: 0  Duplicates: 0  Warnings: 0

Query OK, 0 rows affected (27.26 sec)
Records: 0  Duplicates: 0  Warnings: 0

Query OK, 0 rows affected (25.13 sec)
Records: 0  Duplicates: 0  Warnings: 0

+----------+
| ipusage1 |
+----------+
|  8233104 |
+----------+
1 row in set (2.80 sec)

Query OK, 0 rows affected (0.12 sec)

Query OK, 8293664 rows affected, 65535 warnings (10 min 23.55 sec)
Records: 8293664  Duplicates: 0  Warnings: 8283990

Query OK, 0 rows affected (25.94 sec)
Records: 0  Duplicates: 0  Warnings: 0

Query OK, 0 rows affected (24.97 sec)
Records: 0  Duplicates: 0  Warnings: 0

Query OK, 0 rows affected (44.97 sec)
Records: 0  Duplicates: 0  Warnings: 0

Query OK, 0 rows affected (26.17 sec)
Records: 0  Duplicates: 0  Warnings: 0

Query OK, 0 rows affected (36.78 sec)
Records: 0  Duplicates: 0  Warnings: 0

Query OK, 0 rows affected (40.76 sec)
Records: 0  Duplicates: 0  Warnings: 0

Query OK, 0 rows affected (37.96 sec)
Records: 0  Duplicates: 0  Warnings: 0

+---------+
| ipusage |
+---------+
| 8293664 |
+---------+
1 row in set (3.04 sec)

Query OK, 0 rows affected (0.17 sec)

Query OK, 3054629 rows affected (2 min 16.60 sec)
Records: 3054629  Duplicates: 0  Warnings: 0

Query OK, 0 rows affected (12.39 sec)
Records: 0  Duplicates: 0  Warnings: 0

Query OK, 0 rows affected (8.46 sec)
Records: 0  Duplicates: 0  Warnings: 0

Query OK, 0 rows affected (11.48 sec)
Records: 0  Duplicates: 0  Warnings: 0

Query OK, 0 rows affected (15.77 sec)
Records: 0  Duplicates: 0  Warnings: 0

Query OK, 0 rows affected (0.02 sec)

Query OK, 268216 rows affected (26.35 sec)
Records: 268216  Duplicates: 0  Warnings: 0

Query OK, 0 rows affected (1.13 sec)
Records: 0  Duplicates: 0  Warnings: 0

Query OK, 0 rows affected (1.10 sec)
Records: 0  Duplicates: 0  Warnings: 0

Query OK, 0 rows affected (1.14 sec)
Records: 0  Duplicates: 0  Warnings: 0

Query OK, 0 rows affected (0.76 sec)
Records: 0  Duplicates: 0  Warnings: 0

Query OK, 0 rows affected (0.64 sec)
Records: 0  Duplicates: 0  Warnings: 0

mysql> mysql \. C:\workspace\cloud\code\sql\_DailyScript\currenttime.sql
+---------------------+
| currenttime         |
+---------------------+
| 2019-03-30 09:30:00 |
+---------------------+
1 row in set (0.00 sec)

mysql> 
mysql> mysql \. C:\workspace\cloud\code\sql\_DailyScript\ticket_analysis.sql
Database changed
Query OK, 0 rows affected (0.12 sec)

Query OK, 394555 rows affected (22.54 sec)
Records: 394555  Duplicates: 0  Warnings: 0

Query OK, 0 rows affected (2.03 sec)
Records: 0  Duplicates: 0  Warnings: 0

Query OK, 0 rows affected (1.24 sec)
Records: 0  Duplicates: 0  Warnings: 0

Query OK, 0 rows affected (1.28 sec)
Records: 0  Duplicates: 0  Warnings: 0

Query OK, 0 rows affected (0.02 sec)

Query OK, 14700 rows affected (8.59 sec)
Records: 14700  Duplicates: 0  Warnings: 0

Query OK, 0 rows affected, 1 warning (0.00 sec)

Query OK, 54062 rows affected (5.04 sec)
Records: 54062  Duplicates: 0  Warnings: 0

Query OK, 0 rows affected, 1 warning (0.00 sec)

Query OK, 280971 rows affected (8.91 sec)
Records: 280971  Duplicates: 0  Warnings: 0

Query OK, 0 rows affected, 1 warning (0.00 sec)

Query OK, 280971 rows affected (8.91 sec)
Records: 280971  Duplicates: 0  Warnings: 0

Query OK, 0 rows affected (0.02 sec)

Query OK, 54102 rows affected (3.35 sec)
Records: 54102  Duplicates: 0  Warnings: 0

Database changed
Query OK, 0 rows affected (0.00 sec)

Query OK, 0 rows affected (0.02 sec)

Query OK, 394555 rows affected (17.42 sec)
Records: 394555  Duplicates: 0  Warnings: 0

Query OK, 0 rows affected (0.02 sec)

Query OK, 184573 rows affected (11.31 sec)
Records: 184573  Duplicates: 0  Warnings: 0

+--------------------------+
| clientticket_cmmtjourney |
+--------------------------+
|                   394555 |
+--------------------------+
1 row in set (0.52 sec)

+---------------------------+
| clientticket_assgnjourney |
+---------------------------+
|                    184573 |
+---------------------------+
1 row in set (0.24 sec)

Query OK, 0 rows affected (0.02 sec)

Query OK, 69 rows affected (0.08 sec)
Records: 69  Duplicates: 0  Warnings: 0

mysql> mysql \. C:\workspace\cloud\code\sql\_DailyScript\currenttime.sql
+---------------------+
| currenttime         |
+---------------------+
| 2019-03-30 09:31:32 |
+---------------------+
1 row in set (0.00 sec)

mysql> 
mysql> mysql \. C:\workspace\cloud\code\sql\_DailyScript\load_DailyCalls.sql
Database changed
Query OK, 418 rows affected (0.36 sec)
Records: 418  Deleted: 0  Skipped: 0  Warnings: 0

Query OK, 0 rows affected, 1 warning (0.00 sec)

Query OK, 408 rows affected (0.10 sec)
Records: 408  Duplicates: 0  Warnings: 0

Query OK, 0 rows affected, 1 warning (0.00 sec)

Query OK, 66583 rows affected (0.48 sec)
Records: 66583  Duplicates: 0  Warnings: 0

+----------------------+
| callingclientsbefore |
+----------------------+
|               645010 |
+----------------------+
1 row in set (7.08 sec)

Query OK, 531 rows affected (10.25 sec)
Records: 531  Duplicates: 0  Warnings: 0

+---------------------+
| callingclientsafter |
+---------------------+
|              645541 |
+---------------------+
1 row in set (0.25 sec)

Query OK, 0 rows affected (0.00 sec)

Query OK, 280 rows affected (7.63 sec)
Records: 280  Duplicates: 0  Warnings: 0

Query OK, 0 rows affected (0.00 sec)

Query OK, 13343 rows affected (2.19 sec)
Records: 13343  Duplicates: 0  Warnings: 0

+-----------+
| callstats |
+-----------+
|     13343 |
+-----------+
1 row in set (0.00 sec)

mysql> mysql \. C:\workspace\cloud\code\sql\_DailyScript\currenttime.sql
+---------------------+
| currenttime         |
+---------------------+
| 2019-03-30 09:32:00 |
+---------------------+
1 row in set (0.00 sec)

mysql> 
mysql> mysql \. C:\workspace\cloud\code\sql\_DailyScript\DAILY-SCRIPT-USAGE.sql
Database changed
Query OK, 0 rows affected (0.00 sec)

Query OK, 6275 rows affected, 18177 warnings (2.37 sec)
Records: 6275  Deleted: 0  Skipped: 0  Warnings: 18177

Query OK, 0 rows affected (0.00 sec)

Query OK, 10740 rows affected, 31061 warnings (3.33 sec)
Records: 10740  Deleted: 0  Skipped: 0  Warnings: 31061

Query OK, 0 rows affected (0.00 sec)

Query OK, 79 rows affected, 271 warnings (0.05 sec)
Records: 79  Deleted: 0  Skipped: 0  Warnings: 271

Query OK, 0 rows affected (0.00 sec)

Query OK, 352 rows affected, 1244 warnings (0.05 sec)
Records: 352  Deleted: 0  Skipped: 0  Warnings: 1244

+------------+
| dailyusage |
+------------+
|    4957151 |
+------------+
1 row in set (11.52 sec)

+------------+------------+------------+---------+
| datestart  | dateend    | insertedon | records |
+------------+------------+------------+---------+
| 2019-03-29 | 2019-03-29 | 2019-03-30 |   17446 |
| 2019-03-28 | 2019-03-28 | 2019-03-29 |   17429 |
| 2019-03-27 | 2019-03-27 | 2019-03-28 |   17399 |
| 2019-03-26 | 2019-03-26 | 2019-03-27 |   17237 |
| 2019-03-25 | 2019-03-25 | 2019-03-26 |   17285 |
+------------+------------+------------+---------+
5 rows in set (1 min 17.76 sec)

mysql> mysql \. C:\workspace\cloud\code\sql\_DailyScript\currenttime.sql
+---------------------+
| currenttime         |
+---------------------+
| 2019-03-30 09:33:35 |
+---------------------+
1 row in set (0.00 sec)

mysql> 
mysql> mysql \. C:\workspace\cloud\code\sql\_DailyScript\DAILY-SCRIPT-SALES-TELEMETRY.sql
Database changed
Query OK, 179 rows affected, 82 warnings (0.07 sec)
Records: 179  Deleted: 0  Skipped: 0  Warnings: 82

+------------+
| dailysales |
+------------+
|     147332 |
+------------+
1 row in set (0.28 sec)

Query OK, 0 rows affected (0.02 sec)

Query OK, 147332 rows affected (12.72 sec)
Records: 147332  Duplicates: 0  Warnings: 0

+--------+
| sales  |
+--------+
| 147332 |
+--------+
1 row in set (0.08 sec)

Query OK, 0 rows affected (0.01 sec)

Query OK, 2348 rows affected (0.60 sec)
Records: 2348  Duplicates: 0  Warnings: 0

+-----------+
| saleslist |
+-----------+
|      2348 |
+-----------+
1 row in set (0.00 sec)

Database changed
Query OK, 3 rows affected (0.05 sec)
Records: 3  Deleted: 0  Skipped: 0  Warnings: 0

+------------------+
| dailysinglesales |
+------------------+
|             5619 |
+------------------+
1 row in set (0.05 sec)

Database changed
Query OK, 23 rows affected (0.05 sec)
Records: 23  Deleted: 0  Skipped: 0  Warnings: 0

+-----------------+
| dailyaddonsales |
+-----------------+
|           15225 |
+-----------------+
1 row in set (0.05 sec)

Query OK, 75 rows affected (0.05 sec)
Records: 75  Deleted: 0  Skipped: 0  Warnings: 0

+----------------+
| onlinepayments |
+----------------+
|          47899 |
+----------------+
1 row in set (0.07 sec)

+-------------+----------------+---------------------+
| paymentdate | onlinepayments | onlinepaymentamount |
+-------------+----------------+---------------------+
| 2019-03-29  |             75 |         42718.65000 |
| 2019-03-28  |             95 |         62413.95000 |
| 2019-03-27  |            136 |        111678.91000 |
| 2019-03-26  |            147 |        104559.06000 |
| 2019-03-25  |            100 |         66518.45000 |
+-------------+----------------+---------------------+
5 rows in set (1.43 sec)

+-------------+--------------+----------------+---------------------+
| paymentyear | paymentmonth | onlinepayments | onlinepaymentamount |
+-------------+--------------+----------------+---------------------+
|        2019 |            3 |           2658 |       1751713.28000 |
|        2019 |            2 |           2441 |       1600446.38000 |
|        2019 |            1 |           2609 |       1678277.98000 |
|        2019 |         NULL |           7708 |       5030437.64000 |
|        2018 |           12 |           2480 |       1616678.80000 |
+-------------+--------------+----------------+---------------------+
5 rows in set (0.05 sec)

mysql> mysql \. C:\workspace\cloud\code\sql\_DailyScript\currenttime.sql
+---------------------+
| currenttime         |
+---------------------+
| 2019-03-30 09:33:51 |
+---------------------+
1 row in set (0.00 sec)

mysql> 
mysql> mysql \. C:\workspace\cloud\code\sql\_DailyScript\DAILY-SCRIPT-ACTIVENUMBERS.sql
Database changed
ERROR 2 (HY000): File 'C:\ProgramData\MySQL\MySQL Server 5.7\Uploads\_csv\DailySubscriptionStats-30032019.csv' not found (Errcode: 2 - No such file or directory)
+------------+----------+
| period     | count(1) |
+------------+----------+
| 2019-03-28 |     1331 |
| 2019-03-27 |     1328 |
| 2019-03-26 |     1325 |
| 2019-03-25 |     1328 |
| 2019-03-24 |     1329 |
| 2019-03-23 |     1328 |
+------------+----------+
6 rows in set (0.01 sec)

Query OK, 0 rows affected (0.00 sec)

Query OK, 0 rows affected (0.03 sec)
Records: 0  Duplicates: 0  Warnings: 0

+-------------+
| packagelist |
+-------------+
|           0 |
+-------------+
1 row in set (0.00 sec)

Database changed
Query OK, 0 rows affected (0.00 sec)

Query OK, 0 rows affected (0.00 sec)

Query OK, 0 rows affected (0.00 sec)

Query OK, 0 rows affected (0.00 sec)

Query OK, 27177 rows affected, 211 warnings (39.86 sec)
Records: 27177  Deleted: 0  Skipped: 0  Warnings: 211

+------------+----------+
| period     | count(1) |
+------------+----------+
| 2019-03-29 |    27177 |
| 2019-03-28 |    26832 |
| 2019-03-27 |    26927 |
| 2019-03-26 |    26914 |
| 2019-03-25 |    26923 |
+------------+----------+
5 rows in set (0.18 sec)

Query OK, 0 rows affected (0.03 sec)

Query OK, 26538 rows affected (1 min 35.21 sec)
Records: 26538  Duplicates: 0  Warnings: 0

Query OK, 0 rows affected (0.17 sec)
Records: 0  Duplicates: 0  Warnings: 0

Query OK, 0 rows affected (0.23 sec)
Records: 0  Duplicates: 0  Warnings: 0

Query OK, 0 rows affected (0.18 sec)
Records: 0  Duplicates: 0  Warnings: 0

Query OK, 0 rows affected (0.22 sec)
Records: 0  Duplicates: 0  Warnings: 0

Query OK, 0 rows affected (0.07 sec)
Records: 0  Duplicates: 0  Warnings: 0

Query OK, 0 rows affected (0.09 sec)
Records: 0  Duplicates: 0  Warnings: 0

+-------------+
| countbefore |
+-------------+
|    24848246 |
+-------------+
1 row in set (1 min 14.85 sec)

Query OK, 26538 rows affected (19.26 sec)
Records: 26538  Duplicates: 0  Warnings: 0

+------------+
| countafter |
+------------+
|   24874784 |
+------------+
1 row in set (9.28 sec)

+------------+--------------------------+
| period     | customercontractactivity |
+------------+--------------------------+
| 2019-03-29 |                    26538 |
| 2019-03-28 |                    26194 |
| 2019-03-27 |                    26288 |
| 2019-03-26 |                    26272 |
| 2019-03-25 |                    26282 |
+------------+--------------------------+
5 rows in set (0.06 sec)

Query OK, 0 rows affected (0.03 sec)

Query OK, 210431 rows affected (14 min 20.88 sec)
Records: 210431  Duplicates: 0  Warnings: 0

Query OK, 0 rows affected (0.03 sec)

Query OK, 245 rows affected (0.50 sec)
Records: 245  Duplicates: 0  Warnings: 0

Query OK, 0 rows affected (0.00 sec)

Query OK, 2371 rows affected (0.65 sec)
Records: 2371  Duplicates: 0  Warnings: 0

Query OK, 0 rows affected (0.01 sec)

Query OK, 26529 rows affected (0.72 sec)
Records: 26529  Duplicates: 0  Warnings: 0

Query OK, 0 rows affected (0.03 sec)

Query OK, 17132 rows affected (0.49 sec)
Records: 17132  Duplicates: 0  Warnings: 0

Query OK, 0 rows affected (0.01 sec)

Query OK, 17132 rows affected (0.40 sec)
Records: 17132  Duplicates: 0  Warnings: 0

Query OK, 0 rows affected (0.01 sec)

Query OK, 17132 rows affected (1.73 sec)
Records: 17132  Duplicates: 0  Warnings: 0

Query OK, 0 rows affected (0.02 sec)

Query OK, 17132 rows affected (53.03 sec)
Records: 17132  Duplicates: 0  Warnings: 0

+-------------+
| clientstats |
+-------------+
|       17132 |
+-------------+
1 row in set (0.00 sec)

Query OK, 0 rows affected (0.00 sec)

Query OK, 13 rows affected, 1 warning (0.10 sec)
Records: 13  Duplicates: 0  Warnings: 1

+-----------------------+-------------+-------------+----------------+-----------------+
| services              | activecount | allaccounts | uniqueaccounts | uniquecontracts |
+-----------------------+-------------+-------------+----------------+-----------------+
| All                   |         113 |          25 |             25 |              79 |
| Internet & Voice      |         442 |         203 |            203 |             398 |
| Internet Only         |        4177 |        4041 |           4037 |            4114 |
| OTT Only              |           2 |           2 |              2 |               2 |
| TV & Internet         |        9203 |        3991 |           3983 |            8129 |
| TV & Internet & OTT   |        1633 |         477 |            477 |             966 |
| TV & Internet & Voice |         554 |         155 |            155 |             480 |
| TV & OTT              |         109 |          36 |             36 |              37 |
| TV & Voice            |         120 |          51 |             51 |             105 |
| TV & Voice & OTT      |          15 |           2 |              2 |               6 |
| TV Only               |       10737 |        7957 |           7949 |            8168 |
| Voice Only            |         193 |         192 |            192 |             193 |
| GRAND TOTAL           |       27298 |       17132 |          17071 |           22677 |
+-----------------------+-------------+-------------+----------------+-----------------+
13 rows in set (0.02 sec)

+-------------+-------------+-------------+----------------+-----------------+
| network     | activecount | allaccounts | uniqueaccounts | uniquecontracts |
+-------------+-------------+-------------+----------------+-----------------+
| ADDON       |          16 |           8 |              8 |               8 |
| GPON        |        6611 |        3397 |           3397 |            5133 |
| HFC         |       20671 |       13727 |          13727 |           17536 |
| GRAND TOTAL |       27298 |       17132 |          17071 |           22677 |
+-------------+-------------+-------------+----------------+-----------------+
4 rows in set, 1 warning (0.15 sec)

+-------------+-----------------------+-------------+-------------+----------------+-----------------+
| network     | services              | activecount | allaccounts | uniqueaccounts | uniquecontracts |
+-------------+-----------------------+-------------+-------------+----------------+-----------------+
| ADDON       | OTT Only              |           2 |           2 |              2 |               2 |
| ADDON       | TV & OTT              |           9 |           2 |              2 |               2 |
| ADDON       | TV Only               |           5 |           4 |              4 |               4 |
| ADDON       | Services Total        |          16 |           8 |              8 |               8 |
| GPON        | All                   |          24 |           5 |              5 |              17 |
| GPON        | Internet & Voice      |          59 |          24 |             24 |              49 |
| GPON        | Internet Only         |         891 |         811 |            811 |             829 |
| GPON        | TV & Internet         |        3047 |        1254 |           1254 |            2587 |
| GPON        | TV & Internet & OTT   |         692 |         194 |            194 |             397 |
| GPON        | TV & Internet & Voice |         144 |          38 |             38 |             117 |
| GPON        | TV & OTT              |          68 |          23 |             23 |              23 |
| GPON        | TV & Voice            |          49 |          19 |             19 |              41 |
| GPON        | TV & Voice & OTT      |           5 |           1 |              1 |               3 |
| GPON        | TV Only               |        1624 |        1020 |           1020 |            1062 |
| GPON        | Voice Only            |           8 |           8 |              8 |               8 |
| GPON        | Services Total        |        6611 |        3397 |           3397 |            5133 |
| HFC         | All                   |          89 |          20 |             20 |              62 |
| HFC         | Internet & Voice      |         383 |         179 |            179 |             349 |
| HFC         | Internet Only         |        3286 |        3230 |           3230 |            3285 |
| HFC         | TV & Internet         |        6156 |        2737 |           2737 |            5542 |
| HFC         | TV & Internet & OTT   |         941 |         283 |            283 |             569 |
| HFC         | TV & Internet & Voice |         410 |         117 |            117 |             363 |
| HFC         | TV & OTT              |          32 |          11 |             11 |              12 |
| HFC         | TV & Voice            |          71 |          32 |             32 |              64 |
| HFC         | TV & Voice & OTT      |          10 |           1 |              1 |               3 |
| HFC         | TV Only               |        9108 |        6933 |           6933 |            7102 |
| HFC         | Voice Only            |         185 |         184 |            184 |             185 |
| HFC         | Services Total        |       20671 |       13727 |          13727 |           17536 |
| GRAND TOTAL | Services Total        |       27298 |       17132 |          17071 |           22677 |
+-------------+-----------------------+-------------+-------------+----------------+-----------------+
29 rows in set, 2 warnings (0.15 sec)

Query OK, 0 rows affected (0.00 sec)

Query OK, 44 rows affected, 3 warnings (0.32 sec)
Records: 44  Duplicates: 0  Warnings: 3

+-------------+---------------+-----------------------+-------------+-------------+----------------+-----------------+
| region      | network       | services              | activecount | allaccounts | uniqueaccounts | uniquecontracts |
+-------------+---------------+-----------------------+-------------+-------------+----------------+-----------------+
| Mahe        | ADDON         | OTT Only              |           2 |           2 |              2 |               2 |
| Mahe        | ADDON         | TV & OTT              |           4 |           1 |              1 |               1 |
| Mahe        | ADDON         | TV Only               |           5 |           4 |              4 |               4 |
| Mahe        | ADDON         | Services Total        |          11 |           7 |              7 |               7 |
| Mahe        | GPON          | All                   |          24 |           5 |              5 |              17 |
| Mahe        | GPON          | Internet & Voice      |          49 |          19 |             19 |              39 |
| Mahe        | GPON          | Internet Only         |         676 |         596 |            596 |             614 |
| Mahe        | GPON          | TV & Internet         |        2129 |         867 |            867 |            1782 |
| Mahe        | GPON          | TV & Internet & OTT   |         409 |         112 |            112 |             228 |
| Mahe        | GPON          | TV & Internet & Voice |         120 |          31 |             31 |              95 |
| Mahe        | GPON          | TV & OTT              |          46 |          13 |             13 |              13 |
| Mahe        | GPON          | TV & Voice            |          46 |          18 |             18 |              38 |
| Mahe        | GPON          | TV Only               |        1194 |         723 |            723 |             747 |
| Mahe        | GPON          | Voice Only            |           8 |           8 |              8 |               8 |
| Mahe        | GPON          | Services Total        |        4701 |        2392 |           2392 |            3581 |
| Mahe        | HFC           | All                   |          89 |          20 |             20 |              62 |
| Mahe        | HFC           | Internet & Voice      |         383 |         179 |            179 |             349 |
| Mahe        | HFC           | Internet Only         |        3286 |        3230 |           3230 |            3285 |
| Mahe        | HFC           | TV & Internet         |        6156 |        2737 |           2737 |            5542 |
| Mahe        | HFC           | TV & Internet & OTT   |         941 |         283 |            283 |             569 |
| Mahe        | HFC           | TV & Internet & Voice |         410 |         117 |            117 |             363 |
| Mahe        | HFC           | TV & OTT              |          32 |          11 |             11 |              12 |
| Mahe        | HFC           | TV & Voice            |          71 |          32 |             32 |              64 |
| Mahe        | HFC           | TV & Voice & OTT      |          10 |           1 |              1 |               3 |
| Mahe        | HFC           | TV Only               |        9104 |        6931 |           6931 |            7100 |
| Mahe        | HFC           | Voice Only            |         185 |         184 |            184 |             185 |
| Mahe        | HFC           | Services Total        |       20667 |       13725 |          13725 |           17534 |
| Mahe        | Network Total | Services Total        |       25379 |       16124 |          16066 |           21122 |
| Praslin     | ADDON         | TV & OTT              |           5 |           1 |              1 |               1 |
| Praslin     | ADDON         | Services Total        |           5 |           1 |              1 |               1 |
| Praslin     | GPON          | Internet & Voice      |          10 |           5 |              5 |              10 |
| Praslin     | GPON          | Internet Only         |         215 |         215 |            215 |             215 |
| Praslin     | GPON          | TV & Internet         |         918 |         387 |            387 |             805 |
| Praslin     | GPON          | TV & Internet & OTT   |         283 |          82 |             82 |             169 |
| Praslin     | GPON          | TV & Internet & Voice |          24 |           7 |              7 |              22 |
| Praslin     | GPON          | TV & OTT              |          22 |          10 |             10 |              10 |
| Praslin     | GPON          | TV & Voice            |           3 |           1 |              1 |               3 |
| Praslin     | GPON          | TV & Voice & OTT      |           5 |           1 |              1 |               3 |
| Praslin     | GPON          | TV Only               |         430 |         297 |            297 |             315 |
| Praslin     | GPON          | Services Total        |        1910 |        1005 |           1005 |            1552 |
| Praslin     | HFC           | TV Only               |           4 |           2 |              2 |               2 |
| Praslin     | HFC           | Services Total        |           4 |           2 |              2 |               2 |
| Praslin     | Network Total | Services Total        |        1919 |        1008 |           1005 |            1555 |
| GRAND TOTAL | Network Total | Services Total        |       27298 |       17132 |          17071 |           22677 |
+-------------+---------------+-----------------------+-------------+-------------+----------------+-----------------+
44 rows in set (0.00 sec)

Query OK, 0 rows affected (0.00 sec)

Query OK, 26529 rows affected (0.55 sec)
Records: 26529  Duplicates: 0  Warnings: 0

Query OK, 0 rows affected (0.00 sec)

Query OK, 1606 rows affected (6.28 sec)
Records: 1606  Duplicates: 0  Warnings: 0

+--------------------------------------+
| message                              |
+--------------------------------------+
| running rcbill_my.sp_ActiveNumber2() |
+--------------------------------------+
1 row in set (0.00 sec)

Query OK, 0 rows affected (2 min 7.34 sec)

mysql> mysql \. C:\workspace\cloud\code\sql\_DailyScript\currenttime.sql
+---------------------+
| currenttime         |
+---------------------+
| 2019-03-30 09:55:24 |
+---------------------+
1 row in set (0.00 sec)

mysql> 
mysql> mysql \. C:\workspace\cloud\code\sql\_DailyScript\GetActiveNumbers Average -Pivot.sql
Database changed
+-------------------------------------+
| @today := subdate(current_date(),1) |
+-------------------------------------+
| 2019-03-29                          |
+-------------------------------------+
1 row in set (0.00 sec)

+-------------------------------------+
| @lastdayofmonth := last_day(@today) |
+-------------------------------------+
| 2019-03-31                          |
+-------------------------------------+
1 row in set (0.00 sec)

Query OK, 0 rows affected (0.02 sec)

Query OK, 27866 rows affected, 58845 warnings (48.88 sec)
Records: 27866  Duplicates: 0  Warnings: 58845

Query OK, 0 rows affected (0.15 sec)
Records: 0  Duplicates: 0  Warnings: 0

Query OK, 0 rows affected (0.12 sec)
Records: 0  Duplicates: 0  Warnings: 0

Query OK, 0 rows affected (0.08 sec)
Records: 0  Duplicates: 0  Warnings: 0

+-----------------+
| activenumberavg |
+-----------------+
|           27866 |
+-----------------+
1 row in set (0.00 sec)

Query OK, 0 rows affected (0.01 sec)

Query OK, 1714 rows affected (0.39 sec)
Records: 1714  Duplicates: 0  Warnings: 0

+---------------------+
| rep_activenumberavg |
+---------------------+
|                1714 |
+---------------------+
1 row in set (0.02 sec)

+----------------------+
| rep_activenumberavg1 |
+----------------------+
|                  816 |
+----------------------+
1 row in set (0.00 sec)

Query OK, 0 rows affected (0.00 sec)

Query OK, 1402 rows affected (0.32 sec)
Records: 1402  Duplicates: 0  Warnings: 0

Query OK, 0 rows affected (0.00 sec)

Query OK, 7096 rows affected (0.52 sec)
Records: 7096  Duplicates: 0  Warnings: 0

Query OK, 0 rows affected (0.02 sec)

Query OK, 0 rows affected (0.00 sec)

Query OK, 0 rows affected (0.00 sec)

Query OK, 0 rows affected (0.00 sec)

Query OK, 0 rows affected (0.00 sec)
Statement prepared

Query OK, 52 rows affected (0.04 sec)
Records: 52  Duplicates: 0  Warnings: 0

Query OK, 0 rows affected (0.00 sec)

Query OK, 0 rows affected (0.00 sec)

+----------------------+
| rep_activenumberavg2 |
+----------------------+
|                 1402 |
+----------------------+
1 row in set (0.00 sec)

+------------------------+
| rep_activenumberavg_pv |
+------------------------+
|                     52 |
+------------------------+
1 row in set (0.00 sec)

Query OK, 0 rows affected (0.00 sec)

Query OK, 1402 rows affected (0.28 sec)
Records: 1402  Duplicates: 0  Warnings: 0

Query OK, 0 rows affected (0.00 sec)

Query OK, 0 rows affected (0.00 sec)

Query OK, 0 rows affected (0.00 sec)

Query OK, 0 rows affected (0.00 sec)

Query OK, 0 rows affected (0.00 sec)
Statement prepared

Query OK, 52 rows affected (0.04 sec)
Records: 52  Duplicates: 0  Warnings: 0

Query OK, 0 rows affected (0.00 sec)

Query OK, 0 rows affected (0.00 sec)

+-------------------------+
| rep_activenumberavgMahe |
+-------------------------+
|                    1402 |
+-------------------------+
1 row in set (0.00 sec)

+----------------------------+
| rep_activenumberavgMahe_pv |
+----------------------------+
|                         52 |
+----------------------------+
1 row in set (0.00 sec)

Query OK, 0 rows affected (0.00 sec)

Query OK, 907 rows affected (0.12 sec)
Records: 907  Duplicates: 0  Warnings: 0

Query OK, 0 rows affected (0.00 sec)

Query OK, 0 rows affected (0.00 sec)

Query OK, 0 rows affected (0.00 sec)

Query OK, 0 rows affected (0.00 sec)

Query OK, 0 rows affected (0.00 sec)
Statement prepared

Query OK, 38 rows affected (0.05 sec)
Records: 38  Duplicates: 0  Warnings: 0

Query OK, 0 rows affected (0.00 sec)

Query OK, 0 rows affected (0.00 sec)

+----------------------------+
| rep_activenumberavgPraslin |
+----------------------------+
|                        907 |
+----------------------------+
1 row in set (0.00 sec)

+-------------------------------+
| rep_activenumberavgPraslin_pv |
+-------------------------------+
|                            38 |
+-------------------------------+
1 row in set (0.00 sec)

mysql> mysql \. C:\workspace\cloud\code\sql\_DailyScript\currenttime.sql
+---------------------+
| currenttime         |
+---------------------+
| 2019-03-30 09:56:15 |
+---------------------+
1 row in set (0.00 sec)

mysql> 
mysql> mysql \. C:\workspace\cloud\code\sql\_DailyScript\budget_actual_analysis_2019.sql
Query OK, 0 rows affected (0.00 sec)

Query OK, 552 rows affected, 3 warnings (0.25 sec)
Records: 552  Duplicates: 0  Warnings: 3

+--------------------+
| budget_actual_2019 |
+--------------------+
|                552 |
+--------------------+
1 row in set (0.00 sec)

Query OK, 0 rows affected (0.00 sec)

Query OK, 46 rows affected (0.05 sec)
Records: 46  Duplicates: 0  Warnings: 0

+---------------------------+
| rep_budget_actual_2019_pv |
+---------------------------+
|                        46 |
+---------------------------+
1 row in set (0.00 sec)

mysql> mysql \. C:\workspace\cloud\code\sql\_DailyScript\currenttime.sql
+---------------------+
| currenttime         |
+---------------------+
| 2019-03-30 09:56:16 |
+---------------------+
1 row in set (0.00 sec)

mysql> 
mysql> mysql \. C:\workspace\cloud\code\sql\_DailyScript\reports-sales-addons-prepaid-camera.sql
Database changed
Query OK, 0 rows affected (0.00 sec)

Query OK, 3525 rows affected (0.26 sec)
Records: 3525  Duplicates: 0  Warnings: 0

Query OK, 0 rows affected (0.00 sec)

Query OK, 15234 rows affected (22.14 sec)
Records: 15234  Duplicates: 0  Warnings: 0

+--------------------+
| rep_prepaid_camera |
+--------------------+
|               3525 |
+--------------------+
1 row in set (0.01 sec)

+-----------+
| rep_addon |
+-----------+
|     15234 |
+-----------+
1 row in set (0.01 sec)

mysql> mysql \. C:\workspace\cloud\code\sql\_DailyScript\currenttime.sql
+---------------------+
| currenttime         |
+---------------------+
| 2019-03-30 09:56:38 |
+---------------------+
1 row in set (0.00 sec)

mysql> 
mysql> mysql \. C:\workspace\cloud\code\sql\_DailyScript\housing-estate-analysis.sql
Database changed
Query OK, 0 rows affected (0.02 sec)

Query OK, 2790 rows affected (18.89 sec)
Records: 2790  Duplicates: 0  Warnings: 0

+--------------------+
| rep_housingestates |
+--------------------+
|               2790 |
+--------------------+
1 row in set (0.00 sec)

mysql> mysql \. C:\workspace\cloud\code\sql\_DailyScript\currenttime.sql
+---------------------+
| currenttime         |
+---------------------+
| 2019-03-30 09:56:57 |
+---------------------+
1 row in set (0.00 sec)

mysql> 
mysql> mysql \. C:\workspace\cloud\code\sql\_DailyScript\RCB_ClientAnalyticsReport_Script.sql
Database changed
Query OK, 0 rows affected (0.00 sec)

Query OK, 0 rows affected (0.05 sec)

Query OK, 1639764 rows affected (2 min 14.12 sec)
Records: 1639764  Duplicates: 0  Warnings: 0

Query OK, 0 rows affected (4.99 sec)
Records: 0  Duplicates: 0  Warnings: 0

Query OK, 0 rows affected (4.97 sec)
Records: 0  Duplicates: 0  Warnings: 0

Query OK, 0 rows affected (9.06 sec)
Records: 0  Duplicates: 0  Warnings: 0

Query OK, 0 rows affected (8.64 sec)
Records: 0  Duplicates: 0  Warnings: 0

Query OK, 0 rows affected (9.40 sec)
Records: 0  Duplicates: 0  Warnings: 0

Query OK, 0 rows affected (8.53 sec)
Records: 0  Duplicates: 0  Warnings: 0

Query OK, 0 rows affected (0.00 sec)

Query OK, 432501 rows affected (15.73 sec)
Rows matched: 1639764  Changed: 432501  Warnings: 0

Query OK, 0 rows affected (0.01 sec)

Query OK, 27358 rows affected (2.87 sec)
Records: 27358  Duplicates: 0  Warnings: 0

Query OK, 0 rows affected (0.04 sec)

Query OK, 42058 rows affected (11 min 53.50 sec)
Records: 42058  Duplicates: 0  Warnings: 0

Query OK, 0 rows affected (0.17 sec)
Records: 0  Duplicates: 0  Warnings: 0

Query OK, 0 rows affected (0.20 sec)
Records: 0  Duplicates: 0  Warnings: 0

Query OK, 0 rows affected (0.13 sec)
Records: 0  Duplicates: 0  Warnings: 0

Query OK, 0 rows affected (0.05 sec)

Query OK, 407758 rows affected (11 min 59.32 sec)
Records: 407758  Duplicates: 0  Warnings: 0

Query OK, 0 rows affected (1.79 sec)
Records: 0  Duplicates: 0  Warnings: 0

Query OK, 0 rows affected (1.76 sec)
Records: 0  Duplicates: 0  Warnings: 0

Query OK, 0 rows affected (0.99 sec)
Records: 0  Duplicates: 0  Warnings: 0

Query OK, 0 rows affected (2.20 sec)
Records: 0  Duplicates: 0  Warnings: 0

Query OK, 0 rows affected (1.03 sec)
Records: 0  Duplicates: 0  Warnings: 0

Query OK, 0 rows affected (0.02 sec)

Query OK, 42058 rows affected (1 min 28.58 sec)
Records: 42058  Duplicates: 0  Warnings: 0

+--------------+
| clientreport |
+--------------+
|        42058 |
+--------------+
1 row in set (0.02 sec)

Query OK, 0 rows affected (0.00 sec)

Query OK, 42058 rows affected (7.47 sec)
Records: 42058  Duplicates: 0  Warnings: 0

+----------------------+
| clientextendedreport |
+----------------------+
|                42058 |
+----------------------+
1 row in set (0.01 sec)

Query OK, 0 rows affected (0.02 sec)

Query OK, 42058 rows affected (1 min 10.63 sec)
Records: 42058  Duplicates: 0  Warnings: 0

+---------+
| allcust |
+---------+
|   42058 |
+---------+
1 row in set (0.02 sec)

Query OK, 0 rows affected, 1 warning (0.00 sec)

Query OK, 5000 rows affected (0.25 sec)
Records: 5000  Duplicates: 0  Warnings: 0

Query OK, 0 rows affected (0.01 sec)

Query OK, 7035 rows affected (0.48 sec)
Records: 7035  Duplicates: 0  Warnings: 0

Query OK, 0 rows affected, 1 warning (0.00 sec)

Query OK, 5000 rows affected (0.22 sec)
Records: 5000  Duplicates: 0  Warnings: 0

Query OK, 0 rows affected (0.00 sec)

Query OK, 7374 rows affected (0.29 sec)
Records: 7374  Duplicates: 0  Warnings: 0

mysql> mysql \. C:\workspace\cloud\code\sql\_DailyScript\currenttime.sql
+---------------------+
| currenttime         |
+---------------------+
| 2019-03-30 10:27:05 |
+---------------------+
1 row in set (0.00 sec)

mysql> 
mysql> mysql \. C:\workspace\cloud\code\sql\_DailyScript\REVENUE_PER_NODE_MXK.sql
Query OK, 0 rows affected (0.01 sec)

Query OK, 0 rows affected (0.02 sec)

Query OK, 0 rows affected (0.00 sec)

Query OK, 4841 rows affected (0.63 sec)
Records: 4841  Duplicates: 0  Warnings: 0

+----------------------+
| message              |
+----------------------+
| created temp table a |
+----------------------+
1 row in set (0.00 sec)

Query OK, 4546 rows affected (1.13 sec)
Records: 4546  Duplicates: 0  Warnings: 0

+----------------------+
| message              |
+----------------------+
| created temp table b |
+----------------------+
1 row in set (0.00 sec)

Query OK, 0 rows affected, 1 warning (0.00 sec)

Query OK, 4994 rows affected (8.88 sec)
Records: 4994  Duplicates: 0  Warnings: 0

+--------------------------------+
| message                        |
+--------------------------------+
| created rcbill_my.tempcustmxk1 |
+--------------------------------+
1 row in set (0.00 sec)

Query OK, 0 rows affected (0.00 sec)

Query OK, 0 rows affected (0.00 sec)

Query OK, 0 rows affected, 1 warning (0.00 sec)

Query OK, 4841 rows affected (0.20 sec)
Records: 4841  Duplicates: 0  Warnings: 0

+----------------+
| message        |
+----------------+
| created temp a |
+----------------+
1 row in set (0.00 sec)

Query OK, 4546 rows affected (0.24 sec)
Records: 4546  Duplicates: 0  Warnings: 0

+----------------+
| message        |
+----------------+
| created temp b |
+----------------+
1 row in set (0.00 sec)

Query OK, 0 rows affected, 1 warning (0.00 sec)

Query OK, 4626 rows affected (5.89 sec)
Records: 4626  Duplicates: 0  Warnings: 0

+--------------------------------+
| message                        |
+--------------------------------+
| created rcbill_my.tempcustmxk2 |
+--------------------------------+
1 row in set (0.00 sec)

Query OK, 0 rows affected (0.00 sec)

Query OK, 0 rows affected (0.00 sec)

Query OK, 0 rows affected, 1 warning (0.00 sec)

Query OK, 0 rows affected (0.01 sec)

Query OK, 5271 rows affected (0.26 sec)
Records: 5271  Duplicates: 0  Warnings: 0

+---------------------------------+
| message                         |
+---------------------------------+
| created rcbill_my.customers_mxk |
+---------------------------------+
1 row in set (0.00 sec)

Query OK, 0 rows affected (0.00 sec)

Query OK, 0 rows affected (0.00 sec)

Query OK, 19358 rows affected (0.44 sec)
Records: 19358  Duplicates: 0  Warnings: 0

+----------------+
| message        |
+----------------+
| created temp a |
+----------------+
1 row in set (0.00 sec)

Query OK, 23982 rows affected (1.65 sec)
Records: 23982  Duplicates: 0  Warnings: 0

+----------------+
| message        |
+----------------+
| created temp c |
+----------------+
1 row in set (0.00 sec)

Query OK, 0 rows affected, 1 warning (0.00 sec)

Query OK, 36760 rows affected (0.60 sec)
Records: 36760  Duplicates: 0  Warnings: 0

+---------------------------------+
| message                         |
+---------------------------------+
| created rcbill_my.tempcustcmts1 |
+---------------------------------+
1 row in set (0.00 sec)

Query OK, 0 rows affected (0.00 sec)

Query OK, 0 rows affected, 1 warning (0.00 sec)

Query OK, 0 rows affected (0.01 sec)

Query OK, 19358 rows affected (0.44 sec)
Records: 19358  Duplicates: 0  Warnings: 0

+----------------+
| message        |
+----------------+
| created temp a |
+----------------+
1 row in set (0.00 sec)

Query OK, 23982 rows affected (1.00 sec)
Records: 23982  Duplicates: 0  Warnings: 0

+----------------+
| message        |
+----------------+
| created temp c |
+----------------+
1 row in set (0.00 sec)

Query OK, 0 rows affected, 1 warning (0.00 sec)

Query OK, 25375 rows affected (0.46 sec)
Records: 25375  Duplicates: 0  Warnings: 0

+---------------------------------+
| message                         |
+---------------------------------+
| created rcbill_my.tempcustcmts2 |
+---------------------------------+
1 row in set (0.02 sec)

Query OK, 0 rows affected (0.01 sec)

Query OK, 0 rows affected, 1 warning (0.00 sec)

Query OK, 0 rows affected (0.00 sec)

Query OK, 0 rows affected (0.02 sec)

Query OK, 19495 rows affected (1.33 sec)
Records: 19495  Duplicates: 0  Warnings: 0

+----------------------------------+
| message                          |
+----------------------------------+
| created rcbill_my.customers_cmts |
+----------------------------------+
1 row in set (0.00 sec)

Query OK, 0 rows affected (0.00 sec)

Query OK, 0 rows affected (0.00 sec)

Query OK, 0 rows affected (0.02 sec)

Query OK, 24766 rows affected (1.34 sec)
Records: 24766  Duplicates: 0  Warnings: 0

+--------------------------------------+
| message                              |
+--------------------------------------+
| created rcbill_my.customers_cmts_mxk |
+--------------------------------------+
1 row in set (0.00 sec)

Query OK, 429276 rows affected (24.68 sec)
Records: 429276  Duplicates: 0  Warnings: 0

+----------------+
| message        |
+----------------+
| created temp a |
+----------------+
1 row in set (0.00 sec)

Query OK, 0 rows affected (0.02 sec)

Query OK, 430703 rows affected (17.14 sec)
Records: 430703  Duplicates: 0  Warnings: 0

+------------------------------------------------+
| message                                        |
+------------------------------------------------+
| created rcbill_my.customers_contracts_cmts_mxk |
+------------------------------------------------+
1 row in set (0.00 sec)

Query OK, 0 rows affected (0.01 sec)

Query OK, 0 rows affected, 1 warning (0.00 sec)

Query OK, 0 rows affected, 1 warning (0.00 sec)

Query OK, 0 rows affected (0.00 sec)

Query OK, 8144 rows affected (2.35 sec)
Rows matched: 8144  Changed: 8144  Warnings: 0

+------------------------------------------------+
| message                                        |
+------------------------------------------------+
| updated rcbill_my.customers_contracts_cmts_mxk |
+------------------------------------------------+
1 row in set (0.00 sec)

Query OK, 0 rows affected (0.01 sec)

Query OK, 1586797 rows affected (4 min 31.51 sec)
Records: 1586797  Duplicates: 0  Warnings: 0

+----------------------------------------+
| message                                |
+----------------------------------------+
| created rcbill_my.customers_collection |
+----------------------------------------+
1 row in set (0.00 sec)

Query OK, 0 rows affected (0.05 sec)

Query OK, 1829491 rows affected (2 min 13.96 sec)
Records: 1829491  Duplicates: 0  Warnings: 0

+------------------------------------------------+
| message                                        |
+------------------------------------------------+
| created rcbill_my.customers_cmts_mxk_cont_coll |
+------------------------------------------------+
1 row in set (0.00 sec)

Query OK, 0 rows affected (0.07 sec)

Query OK, 29334 rows affected (4.42 sec)
Records: 29334  Duplicates: 0  Warnings: 0

+------------------------------------------------------------+
| message                                                    |
+------------------------------------------------------------+
| created rcbill_my.customers_contracts_collection_pivot2019 |
+------------------------------------------------------------+
1 row in set (0.00 sec)

Query OK, 0 rows affected (0.00 sec)

Query OK, 18203 rows affected (3.88 sec)
Records: 18203  Duplicates: 0  Warnings: 0

+--------------------------------------------------+
| message                                          |
+--------------------------------------------------+
| created rcbill_my.customers_collection_pivot2019 |
+--------------------------------------------------+
1 row in set (0.00 sec)

Query OK, 0 rows affected (0.01 sec)

Query OK, 42058 rows affected (2.07 sec)
Records: 42058  Duplicates: 0  Warnings: 0

+------------------------------------------------+
| message                                        |
+------------------------------------------------+
| created rcbill_my.rep_customers_collection2019 |
+------------------------------------------------+
1 row in set (0.01 sec)

Query OK, 0 rows affected (0.00 sec)

Query OK, 0 rows affected, 1 warning (0.00 sec)

Query OK, 401770 rows affected (24.02 sec)
Records: 401770  Duplicates: 0  Warnings: 0

+-------------------------+
| message                 |
+-------------------------+
| created rcbill_my.tempa |
+-------------------------+
1 row in set (0.00 sec)

Query OK, 0 rows affected, 1 warning (0.00 sec)

Query OK, 79017 rows affected (11.50 sec)
Records: 79017  Duplicates: 0  Warnings: 0

+-------------------------+
| message                 |
+-------------------------+
| created rcbill_my.tempb |
+-------------------------+
1 row in set (0.00 sec)

Query OK, 401770 rows affected (8.60 sec)
Records: 401770  Duplicates: 0  Warnings: 0

+-----------+
| message   |
+-----------+
| created a |
+-----------+
1 row in set (0.00 sec)

Query OK, 79125 rows affected (3.32 sec)
Records: 79125  Duplicates: 0  Warnings: 0

+-----------+
| message   |
+-----------+
| created b |
+-----------+
1 row in set (0.00 sec)

Query OK, 0 rows affected (0.12 sec)

Query OK, 0 rows affected (0.01 sec)

Query OK, 0 rows affected (0.09 sec)

Query OK, 404378 rows affected (36.38 sec)
Records: 404378  Duplicates: 0  Warnings: 0

+----------------------------------------------+
| message                                      |
+----------------------------------------------+
| created rcbill_my.cust_cont_payment_cmts_mxk |
+----------------------------------------------+
1 row in set (0.00 sec)

Query OK, 0 rows affected (0.00 sec)

Query OK, 0 rows affected (0.02 sec)

Query OK, 0 rows affected, 1 warning (0.00 sec)

Query OK, 0 rows affected (0.01 sec)

Query OK, 42058 rows affected (12.25 sec)
Records: 42058  Duplicates: 0  Warnings: 0

+--------------------------------------------------+
| message                                          |
+--------------------------------------------------+
| created rcbill_my.rep_cust_cont_payment_cmts_mxk |
+--------------------------------------------------+
1 row in set (0.00 sec)

Query OK, 0 rows affected, 1 warning (0.00 sec)

Query OK, 0 rows affected, 1 warning (0.00 sec)

Query OK, 0 rows affected (0.02 sec)

Query OK, 38042 rows affected, 5 warnings (5.54 sec)
Records: 38042  Duplicates: 0  Warnings: 5

+----------------------+
| rep_custconsolidated |
+----------------------+
|                38042 |
+----------------------+
1 row in set (0.03 sec)

Query OK, 0 rows affected (0.00 sec)

Query OK, 0 rows affected (0.00 sec)

+----------------------------------------------+
| message                                      |
+----------------------------------------------+
| creating rcbill_my.retentioncustomeractivity |
+----------------------------------------------+
1 row in set (0.00 sec)

Query OK, 492 rows affected (0.09 sec)
Records: 492  Duplicates: 0  Warnings: 0

+---------------------------+
| retentioncustomeractivity |
+---------------------------+
|                       492 |
+---------------------------+
1 row in set (0.02 sec)

+-----------+------------------------------------+------------+-------------+-----------------+------------------+---------------------+-------------------+
| HFC_NODE  | NODENAME                           | CMTS_DATE  | INSERTED_ON | UNIQUE_ACCOUNTS | UNIQUE_CONTRACTS | UNIQUE_MAC_INRCBOSS | UNIQUE_MAC_INCMTS |
+-----------+------------------------------------+------------+-------------+-----------------+------------------+---------------------+-------------------+
| NULL      | NULL                               | NULL       | 2019-03-30  |           10357 |            11040 |               11148 |                 0 |
| C5/0/0/U0 | ANSE-BOILEAU-2                     | 2019-02-04 | 2019-03-30  |             115 |              118 |                 115 |               118 |
| C5/0/0/U1 | 500-C3-ANSE-BOILEAU                | 2019-02-04 | 2019-03-30  |             227 |              235 |                 227 |               228 |
| C5/0/1/U0 | 501-C4-LA-MISIERE-LEFT-I           | 2019-02-04 | 2019-03-30  |             201 |              208 |                 200 |               206 |
| C5/0/1/U1 | 501-C5-LA-MISIERE-RIGHT            | 2019-02-04 | 2019-03-30  |              97 |              101 |                  97 |               100 |
| C5/0/1/U2 | 501-C7-LA-MISIERE-LEFT-II          | 2019-02-04 | 2019-03-30  |             102 |              107 |                 102 |               103 |
| C5/0/2/U0 | 502-C8-LA-LOUISE                   | 2019-02-04 | 2019-03-30  |             146 |              150 |                 146 |               149 |
| C5/0/2/U1 | LA-LOUISE-2                        | 2019-02-04 | 2019-03-30  |             149 |              151 |                 149 |               154 |
| C5/0/3/U0 | 504-C6-PETIT-PARIS                 | 2019-02-04 | 2019-03-30  |             156 |              158 |                 156 |               158 |
| C5/0/3/U1 | PETIT-PARIS-23                     | 2019-02-04 | 2019-03-30  |              74 |               77 |                  74 |                75 |
| C5/0/4/U0 | FOUR-SEASONS                       | 2019-02-04 | 2019-03-30  |               6 |               23 |                  23 |                23 |
| C5/0/4/U1 | ANCHOR-CAFE-I                      | 2019-02-04 | 2019-03-30  |             154 |              157 |                 154 |               155 |
| C5/0/4/U2 | ANCHOR-CAFE-II                     | 2019-02-04 | 2019-03-30  |             144 |              148 |                 143 |               145 |
| C5/1/0/U0 | POINTE-LARUE-AIRPORT-23            | 2019-02-04 | 2019-03-30  |             110 |              115 |                 110 |               112 |
| C5/1/0/U1 | PPROVIDENCE-23                     | 2019-02-04 | 2019-03-30  |              24 |               27 |                  25 |                25 |
| C5/1/0/U2 | ROSHE-CAIMAN-23                    | 2019-02-04 | 2019-03-30  |              11 |               12 |                  11 |                11 |
| C5/1/0/U3 | HEAD-OFFICE | HO-23                | 2019-02-04 | 2019-03-30  |              22 |               24 |                  23 |                25 |
| C5/1/1/U1 | C5-UNION-VALE                      | 2019-02-04 | 2019-03-30  |             192 |              200 |                 192 |               196 |
| C5/1/3/U0 | POINTE-LARUE-AIRPORT-27            | 2019-02-04 | 2019-03-30  |             141 |              147 |                 142 |               142 |
| C5/1/3/U1 | PPROVIDENCE-27                     | 2019-02-04 | 2019-03-30  |              32 |               32 |                  32 |                34 |
| C5/1/3/U2 | ROSHE-CAIMAN-27                    | 2019-02-04 | 2019-03-30  |              22 |               22 |                  22 |                22 |
| C5/1/3/U3 | HEAD-OFFICE | HO-27                | 2019-02-04 | 2019-03-30  |              21 |               21 |                  21 |                22 |
| C5/1/4/U0 | ANSE-ROYALE-27                     | 2019-02-04 | 2019-03-30  |             185 |              194 |                 186 |               188 |
| C5/1/4/U1 | GLACIS-2-57                        | 2019-02-04 | 2019-03-30  |             145 |              153 |                 145 |               148 |
| C5/1/4/U3 | GLACIS-1                           | 2019-02-04 | 2019-03-30  |              60 |               64 |                  60 |                62 |
| C6/0/1/U0 | SERRET-ROAD-RIGHT/CURIO/PASCAL     | 2019-02-04 | 2019-03-30  |             143 |              148 |                 143 |               146 |
| C6/0/1/U1 | SERRET-ROAD-LEFT/ST.LOUIS/TOWN     | 2019-02-04 | 2019-03-30  |             178 |              188 |                 178 |               182 |
| C6/0/1/U2 | SERRET-ROAD-RIGHT/CURIO/PASCAL-2   | 2019-02-04 | 2019-03-30  |             121 |              123 |                 121 |               123 |
| C6/0/1/U3 | SERRET-ROAD-LEFT/ST.LOUIS/TOWN-2   | 2019-02-04 | 2019-03-30  |             117 |              122 |                 117 |               118 |
| C6/0/2/U0 | SANS-SOUCIS-I                      | 2019-02-04 | 2019-03-30  |             124 |              126 |                 124 |               126 |
| C6/0/2/U1 | SANS-SOUCIS-II                     | 2019-02-04 | 2019-03-30  |             112 |              120 |                 111 |               112 |
| C6/0/2/U2 | BEL-AIR-27                         | 2019-02-04 | 2019-03-30  |             100 |              106 |                 100 |               101 |
| C6/0/2/U3 | BEL-AIR-38                         | 2019-02-04 | 2019-03-30  |             103 |              107 |                 103 |               106 |
| C6/0/3/U0 | LES-MAMELLES-23                    | 2019-02-04 | 2019-03-30  |              65 |               65 |                  65 |                68 |
| C6/0/3/U1 | VICTORIA-23                        | 2019-02-04 | 2019-03-30  |              30 |               36 |                  33 |                35 |
| C6/0/4/U0 | LES-MAMELLES-27                    | 2019-02-04 | 2019-03-30  |              84 |               85 |                  84 |                84 |
| C6/0/4/U1 | VICTORIA-27                        | 2019-02-04 | 2019-03-30  |              33 |               36 |                  33 |                36 |
| C7/1/0/U0 | LA-RETRAITE-23                     | 2019-02-04 | 2019-03-30  |             117 |              123 |                 118 |               119 |
| C7/1/0/U1 | TEA-FACTORY-23                     | 2019-02-04 | 2019-03-30  |              33 |               37 |                  33 |                34 |
| C7/1/0/U2 | PAS-23                             | 2019-02-04 | 2019-03-30  |              98 |              103 |                  98 |               101 |
| C7/1/1/U0 | REEF-ESTATE-23                     | 2019-02-04 | 2019-03-30  |              94 |               96 |                  94 |                97 |
| C7/1/1/U1 | BEL-OMBRE-NEW-23                   | 2019-02-04 | 2019-03-30  |              39 |               45 |                  43 |                44 |
| C7/1/2/U0 | LA-RETRAITE-27                     | 2019-02-04 | 2019-03-30  |             120 |              127 |                 119 |               120 |
| C7/1/2/U1 | TEA-FACTORY-27                     | 2019-02-04 | 2019-03-30  |              11 |               14 |                  12 |                14 |
| C7/1/2/U2 | PAS-27                             | 2019-02-04 | 2019-03-30  |             103 |              109 |                 102 |               108 |
| C7/1/3/U0 | MT-BUXTON-27                       | 2019-02-04 | 2019-03-30  |             117 |              120 |                 117 |               118 |
| C7/1/3/U1 | MT-BUXTON-23                       | 2019-02-04 | 2019-03-30  |             103 |              105 |                 102 |               105 |
| C7/1/4/U0 | REEF-ESTATE-27                     | 2019-02-04 | 2019-03-30  |              68 |               69 |                  68 |                69 |
| C7/1/4/U1 | BEL-OMBRE-NEW-27                   | 2019-02-04 | 2019-03-30  |              17 |               17 |                  17 |                17 |
| C8/0/0/U0 | POLICE-ACADEMY-1-27 - POINTE LARUE | 2019-02-04 | 2019-03-30  |             360 |              369 |                 360 |               365 |
| C8/0/1/U1 | POLICE-ACADEMY-2-27 - TURTLE BAY   | 2019-02-04 | 2019-03-30  |             264 |              276 |                 266 |               270 |
| C8/0/2/U0 | BEAU-VALLON-LEFT-1-57              | 2019-02-04 | 2019-03-30  |             105 |              109 |                 104 |               105 |
| C8/0/3/U1 | BEAU-VALLON-RIGHT-2-57             | 2019-02-04 | 2019-03-30  |             208 |              216 |                 208 |               210 |
| C8/1/0/U0 | MA-JOIE-NODE-27                    | 2019-02-04 | 2019-03-30  |             106 |              108 |                 106 |               109 |
| C8/1/0/U1 | BELONIE-27                         | 2019-02-04 | 2019-03-30  |             138 |              143 |                 136 |               139 |
| C8/1/0/U3 | MA-JOIE-NODE-23                    | 2019-02-04 | 2019-03-30  |             129 |              134 |                 129 |               133 |
| C8/1/1/U0 | 611-C1-ROJN I                      | 2019-02-04 | 2019-03-30  |             194 |              200 |                 194 |               200 |
| C8/1/1/U1 | 611-C5-ROJN II                     | 2019-02-04 | 2019-03-30  |              52 |               56 |                  52 |                54 |
| C8/1/2/U0 | 612-C2-ANSE-ETOILE                 | 2019-02-04 | 2019-03-30  |             198 |              204 |                 196 |               198 |
| C8/1/2/U1 | ANSE-ETOILE-U2                     | 2019-02-04 | 2019-03-30  |              89 |               92 |                  90 |                91 |
| C8/1/3/U0 | 613-C3-ANSE-GAULETTE I             | 2019-02-04 | 2019-03-30  |              51 |               55 |                  51 |                52 |
| C8/1/3/U1 | 613-C7-ANSE-GAULETTE II            | 2019-02-04 | 2019-03-30  |              68 |               74 |                  68 |                68 |
| C8/1/3/U2 | 613-C3-ANSE-GAULETTE III           | 2019-02-04 | 2019-03-30  |              53 |               58 |                  53 |                54 |
| C8/1/3/U3 | TAKAMAKA I                         | 2019-02-04 | 2019-03-30  |              97 |               98 |                  97 |                99 |
| C8/1/3/U4 | TAKAMAKA II                        | 2019-02-04 | 2019-03-30  |             101 |              103 |                 101 |               103 |
| C8/1/4/U0 | 614-BEOLIERE-NODE-1                | 2019-02-04 | 2019-03-30  |             139 |              147 |                 139 |               142 |
| C8/1/4/U1 | 614-BEOLIERE-NODE-2                | 2019-02-04 | 2019-03-30  |              81 |               86 |                  81 |                82 |
+-----------+------------------------------------+------------+-------------+-----------------+------------------+---------------------+-------------------+
67 rows in set (0.31 sec)

+------------------+------------+-------------+-----------------+------------------+----------------------+-------------------+
| MXK_NAME         | MXK_DATE   | INSERTED_ON | UNIQUE_ACCOUNTS | UNIQUE_CONTRACTS | UNIQUE_FSAN_INRCBOSS | UNIQUE_FSAN_INMXK |
+------------------+------------+-------------+-----------------+------------------+----------------------+-------------------+
| NULL             | NULL       | 2019-03-30  |             613 |              629 |                  620 |                 0 |
| MXK-ANSEETOILE   | 2019-02-04 | 2019-03-30  |              58 |               59 |                   59 |                62 |
| MXK-ANSEROYALE   | 2019-02-04 | 2019-03-30  |             121 |              122 |                  122 |               128 |
| MXK-BEAUVALLON   | 2019-02-04 | 2019-03-30  |             967 |              981 |                  975 |              1006 |
| MXK-MAHE         | 2019-02-04 | 2019-03-30  |             852 |              884 |                  837 |               951 |
| MXK-PERSEVERANCE | 2019-02-04 | 2019-03-30  |            1028 |             1047 |                 1042 |              1087 |
| MXK-PRASLIN      | 2019-02-04 | 2019-03-30  |            1153 |             1158 |                 1149 |              1199 |
+------------------+------------+-------------+-----------------+------------------+----------------------+-------------------+
7 rows in set (0.08 sec)

mysql> mysql \. C:\workspace\cloud\code\sql\_DailyScript\currenttime.sql
+---------------------+
| currenttime         |
+---------------------+
| 2019-03-30 10:36:52 |
+---------------------+
1 row in set (0.00 sec)

mysql> 
mysql> mysql \. C:\workspace\cloud\code\sql\Analysis\service_tickets_assignments.sql
Query OK, 0 rows affected (0.02 sec)

Query OK, 19324 rows affected (4.29 sec)
Records: 19324  Duplicates: 0  Warnings: 0

+-------------------------+
| rep_servicetickets_2019 |
+-------------------------+
|                   19324 |
+-------------------------+
1 row in set (0.03 sec)

mysql> mysql \. C:\workspace\cloud\code\sql\_DailyScript\currenttime.sql
+---------------------+
| currenttime         |
+---------------------+
| 2019-03-30 10:36:56 |
+---------------------+
1 row in set (0.00 sec)

mysql> 
mysql> mysql \. C:\workspace\cloud\code\sql\_DailyScript\sales-to-activenumber.sql
Database changed
+---------------------------------------+
| message                               |
+---------------------------------------+
| dropped table rcbill_my.salestoactive |
+---------------------------------------+
1 row in set (0.00 sec)

Query OK, 0 rows affected (0.00 sec)

Query OK, 13377 rows affected (24 min 56.82 sec)
Records: 13377  Duplicates: 0  Warnings: 0

+---------------------------------------+
| message                               |
+---------------------------------------+
| created table rcbill_my.salestoactive |
+---------------------------------------+
1 row in set (0.00 sec)

Query OK, 0 rows affected (0.05 sec)

+----------------------------------------------+
| message                                      |
+----------------------------------------------+
| dropped table rcbill_my.salestoactivejourney |
+----------------------------------------------+
1 row in set (0.00 sec)

Query OK, 47297 rows affected (17 min 48.71 sec)
Records: 47297  Duplicates: 0  Warnings: 0

+----------------------------------------------+
| message                                      |
+----------------------------------------------+
| created table rcbill_my.salestoactivejourney |
+----------------------------------------------+
1 row in set (0.03 sec)

mysql> mysql \. C:\workspace\cloud\code\sql\_DailyScript\currenttime.sql
+---------------------+
| currenttime         |
+---------------------+
| 2019-03-30 11:19:42 |
+---------------------+
1 row in set (0.00 sec)

mysql> 
mysql> exit
