    -> 
    -> mysql \. C:\workspace\cloud\code\sql\_DailyScript\_setdates.sql
Query OK, 0 rows affected (0.00 sec)

Query OK, 0 rows affected (1.70 sec)

Database changed
Query OK, 0 rows affected (0.00 sec)

Query OK, 0 rows affected (0.00 sec)

Query OK, 0 rows affected (0.00 sec)

Query OK, 0 rows affected (0.00 sec)

Query OK, 0 rows affected (0.00 sec)

Query OK, 0 rows affected (0.00 sec)

Query OK, 0 rows affected (0.00 sec)

Query OK, 0 rows affected (0.00 sec)

Query OK, 0 rows affected (0.00 sec)

Query OK, 0 rows affected (0.00 sec)

Query OK, 0 rows affected (0.00 sec)

Query OK, 0 rows affected (0.00 sec)

Query OK, 0 rows affected (0.00 sec)

Query OK, 0 rows affected (0.00 sec)

Query OK, 0 rows affected (0.00 sec)

Query OK, 0 rows affected (0.00 sec)

Query OK, 0 rows affected (0.00 sec)

Query OK, 0 rows affected (0.00 sec)

Query OK, 0 rows affected (0.00 sec)

Query OK, 0 rows affected (0.00 sec)

Query OK, 0 rows affected (0.00 sec)

Query OK, 0 rows affected (0.00 sec)

mysql> mysql \. C:\workspace\cloud\code\sql\_DailyScript\currenttime.sql
+---------------------+
| currenttime         |
+---------------------+
| 2021-11-29 09:23:39 |
+---------------------+
1 row in set (0.00 sec)

mysql> 
mysql> mysql \. C:\workspace\cloud\code\sql\_DailyScript\load_RCB_VODTITLES.sql
Database changed
Query OK, 0 rows affected (0.00 sec)

Query OK, 16870 rows affected (0.22 sec)

Query OK, 16872 rows affected, 16872 warnings (0.45 sec)
Records: 16872  Deleted: 0  Skipped: 0  Warnings: 16872

Query OK, 0 rows affected (0.00 sec)

Query OK, 2 rows affected (0.02 sec)

+-----------+
| VODTITLES |
+-----------+
|     17330 |
+-----------+
1 row in set (0.01 sec)

+-----------+-----------+
| titletype | typecount |
+-----------+-----------+
| E         |     14381 |
| N         |       245 |
| T         |      2244 |
| NULL      |     16870 |
+-----------+-----------+
4 rows in set (0.14 sec)

mysql> mysql \. C:\workspace\cloud\code\sql\_DailyScript\currenttime.sql
+---------------------+
| currenttime         |
+---------------------+
| 2021-11-29 09:23:40 |
+---------------------+
1 row in set (0.00 sec)

mysql> 
mysql> 
mysql> 
mysql> 
mysql> 
mysql> 
mysql> 
mysql> 
mysql> 
mysql> 
mysql> 
mysql> 
mysql> 
mysql> 
mysql> 
mysql> 
mysql> 
mysql> 
mysql> 
mysql> 
mysql> 
mysql> 
mysql> 
mysql> 
mysql> 
mysql> 
mysql> 
mysql> 
mysql> 
mysql> 
mysql> 
mysql> 
mysql> 
mysql> 
mysql> 
mysql> 
mysql> 
mysql> mysql \. C:\workspace\cloud\code\sql\_DailyScript\load_DailyCalls.sql
Database changed
Query OK, 528 rows affected (0.15 sec)
Records: 528  Deleted: 0  Skipped: 0  Warnings: 0

Query OK, 0 rows affected, 1 warning (0.00 sec)

Query OK, 524 rows affected (0.03 sec)
Records: 524  Duplicates: 0  Warnings: 0

Query OK, 0 rows affected, 1 warning (0.00 sec)

Query OK, 93793 rows affected (0.37 sec)
Records: 93793  Duplicates: 0  Warnings: 0

+----------------------+
| callingclientsbefore |
+----------------------+
|              1318311 |
+----------------------+
1 row in set (0.64 sec)

Query OK, 688 rows affected (13.63 sec)
Records: 688  Duplicates: 0  Warnings: 0

+---------------------+
| callingclientsafter |
+---------------------+
|             1318999 |
+---------------------+
1 row in set (0.34 sec)

Query OK, 0 rows affected (0.01 sec)

Query OK, 313 rows affected (5.39 sec)
Records: 313  Duplicates: 0  Warnings: 0

Query OK, 0 rows affected (0.00 sec)

Query OK, 25642 rows affected (4.58 sec)
Records: 25642  Duplicates: 0  Warnings: 0

+-----------+
| callstats |
+-----------+
|     25642 |
+-----------+
1 row in set (0.01 sec)

Query OK, 0 rows affected, 1 warning (0.00 sec)

Query OK, 688 rows affected (3.41 sec)
Records: 688  Duplicates: 0  Warnings: 0

+------------------------+
| rep_cccallreportbefore |
+------------------------+
|                1318559 |
+------------------------+
1 row in set (0.34 sec)

Query OK, 688 rows affected (0.14 sec)
Records: 688  Duplicates: 0  Warnings: 0

+-----------------------+
| rep_cccallreportafter |
+-----------------------+
|               1319247 |
+-----------------------+
1 row in set (0.35 sec)

Query OK, 0 rows affected (0.01 sec)

mysql> mysql \. C:\workspace\cloud\code\sql\_DailyScript\currenttime.sql
+---------------------+
| currenttime         |
+---------------------+
| 2021-11-29 09:24:09 |
+---------------------+
1 row in set (0.00 sec)

mysql> 
mysql> mysql \. C:\workspace\cloud\code\sql\_DailyScript\DAILY-SCRIPT-USAGE.sql
Database changed
Query OK, 0 rows affected (0.00 sec)

Query OK, 3974 rows affected, 11524 warnings (0.97 sec)
Records: 3974  Deleted: 0  Skipped: 0  Warnings: 11524

Query OK, 0 rows affected (0.00 sec)

Query OK, 6553 rows affected, 18931 warnings (1.12 sec)
Records: 6553  Deleted: 0  Skipped: 0  Warnings: 18931

Query OK, 0 rows affected (0.00 sec)

Query OK, 348 rows affected, 1242 warnings (0.04 sec)
Records: 348  Deleted: 0  Skipped: 0  Warnings: 1242

Query OK, 0 rows affected (0.00 sec)

Query OK, 194 rows affected, 672 warnings (0.03 sec)
Records: 194  Deleted: 0  Skipped: 0  Warnings: 672

+------------+
| dailyusage |
+------------+
|   19756203 |
+------------+
1 row in set (8.23 sec)

+------------+------------+------------+---------+
| datestart  | dateend    | insertedon | records |
+------------+------------+------------+---------+
| 2021-11-26 | 2021-11-26 | 2021-11-29 |   11069 |
| 2021-11-25 | 2021-11-25 | 2021-11-26 |   10940 |
| 2021-11-24 | 2021-11-24 | 2021-11-25 |   11074 |
| 2021-11-23 | 2021-11-23 | 2021-11-24 |   11999 |
| 2021-11-22 | 2021-11-22 | 2021-11-23 |   12888 |
+------------+------------+------------+---------+
5 rows in set (48.13 sec)

+----------+------------+------------+------------+---------+
| category | datestart  | dateend    | insertedon | records |
+----------+------------+------------+------------+---------+
| UNCAPPED | 2021-11-26 | 2021-11-26 | 2021-11-29 |    6553 |
| PREPAID  | 2021-11-26 | 2021-11-26 | 2021-11-29 |     348 |
| HOTSPOT  | 2021-11-26 | 2021-11-26 | 2021-11-29 |     194 |
| CAPPED   | 2021-11-26 | 2021-11-26 | 2021-11-29 |    3974 |
| UNCAPPED | 2021-11-25 | 2021-11-25 | 2021-11-26 |    6398 |
| PREPAID  | 2021-11-25 | 2021-11-25 | 2021-11-26 |     348 |
| HOTSPOT  | 2021-11-25 | 2021-11-25 | 2021-11-26 |     211 |
| CAPPED   | 2021-11-25 | 2021-11-25 | 2021-11-26 |    3983 |
| UNCAPPED | 2021-11-24 | 2021-11-24 | 2021-11-25 |    6542 |
| PREPAID  | 2021-11-24 | 2021-11-24 | 2021-11-25 |     334 |
| HOTSPOT  | 2021-11-24 | 2021-11-24 | 2021-11-25 |     203 |
| CAPPED   | 2021-11-24 | 2021-11-24 | 2021-11-25 |    3995 |
| UNCAPPED | 2021-11-23 | 2021-11-23 | 2021-11-24 |    7215 |
| PREPAID  | 2021-11-23 | 2021-11-23 | 2021-11-24 |     351 |
| HOTSPOT  | 2021-11-23 | 2021-11-23 | 2021-11-24 |     195 |
| CAPPED   | 2021-11-23 | 2021-11-23 | 2021-11-24 |    4238 |
| UNCAPPED | 2021-11-22 | 2021-11-22 | 2021-11-23 |    7853 |
| PREPAID  | 2021-11-22 | 2021-11-22 | 2021-11-23 |     351 |
| HOTSPOT  | 2021-11-22 | 2021-11-22 | 2021-11-23 |     191 |
| CAPPED   | 2021-11-22 | 2021-11-22 | 2021-11-23 |    4493 |
+----------+------------+------------+------------+---------+
20 rows in set (29.18 sec)

mysql> mysql \. C:\workspace\cloud\code\sql\_DailyScript\currenttime.sql
+---------------------+
| currenttime         |
+---------------------+
| 2021-11-29 09:25:37 |
+---------------------+
1 row in set (0.00 sec)

mysql> 
mysql> mysql \. C:\workspace\cloud\code\sql\_DailyScript\DAILY-SCRIPT-SALES-TELEMETRY.sql
Database changed
Query OK, 163 rows affected, 58 warnings (0.04 sec)
Records: 163  Deleted: 0  Skipped: 0  Warnings: 58

+------------+
| dailysales |
+------------+
|     254309 |
+------------+
1 row in set (0.30 sec)

Query OK, 0 rows affected (0.01 sec)

Query OK, 254309 rows affected (17.36 sec)
Records: 254309  Duplicates: 0  Warnings: 0

+--------+
| sales  |
+--------+
| 254309 |
+--------+
1 row in set (0.11 sec)

Query OK, 0 rows affected (0.01 sec)

Query OK, 4242 rows affected (0.42 sec)
Records: 4242  Duplicates: 0  Warnings: 0

+----------------+
| rep_dailysales |
+----------------+
|           4242 |
+----------------+
1 row in set (0.00 sec)

Query OK, 0 rows affected (0.01 sec)

Query OK, 4242 rows affected (0.71 sec)
Records: 4242  Duplicates: 0  Warnings: 0

+-------------------+
| rep_dailysalesreg |
+-------------------+
|              4242 |
+-------------------+
1 row in set (0.00 sec)

Query OK, 0 rows affected (0.01 sec)

Query OK, 3011 rows affected (0.80 sec)
Records: 3011  Duplicates: 0  Warnings: 0

+-----------+
| saleslist |
+-----------+
|      3011 |
+-----------+
1 row in set (0.00 sec)

Database changed
ERROR 2 (HY000): File 'C:\ProgramData\MySQL\MySQL Server 5.7\Uploads\_csv\PrepaidCardSales-26112021-P1.csv' not found (Errcode: 2 - No such file or directory)
+------------------+
| dailysinglesales |
+------------------+
|             6641 |
+------------------+
1 row in set (0.01 sec)

Database changed
Query OK, 10 rows affected (0.01 sec)
Records: 10  Deleted: 0  Skipped: 0  Warnings: 0

+-----------------+
| dailyaddonsales |
+-----------------+
|           25933 |
+-----------------+
1 row in set (0.05 sec)

Query OK, 474 rows affected (0.12 sec)
Records: 474  Deleted: 0  Skipped: 0  Warnings: 0

+----------------+
| onlinepayments |
+----------------+
|         243226 |
+----------------+
1 row in set (0.20 sec)

+-------------+----------------+---------------------+
| paymentdate | onlinepayments | onlinepaymentamount |
+-------------+----------------+---------------------+
| 2021-11-26  |            474 |        328727.36000 |
| 2021-11-25  |            483 |        316843.69000 |
| 2021-11-24  |            426 |        312474.91000 |
| 2021-11-23  |            403 |        269490.83000 |
| 2021-11-22  |            290 |        182242.89000 |
+-------------+----------------+---------------------+
5 rows in set (0.88 sec)

+-------------+--------------+----------------+---------------------+
| paymentyear | paymentmonth | onlinepayments | onlinepaymentamount |
+-------------+--------------+----------------+---------------------+
|        2021 |           11 |           7001 |       4601777.18000 |
|        2021 |           10 |           8715 |       5741511.04000 |
|        2021 |            9 |           8803 |       5663928.71000 |
|        2021 |            8 |           8864 |       5714008.87000 |
|        2021 |            7 |           8972 |       5795292.15000 |
+-------------+--------------+----------------+---------------------+
5 rows in set (0.24 sec)

mysql> mysql \. C:\workspace\cloud\code\sql\_DailyScript\currenttime.sql
+---------------------+
| currenttime         |
+---------------------+
| 2021-11-29 09:25:58 |
+---------------------+
1 row in set (0.00 sec)

mysql> 
mysql> mysql \. C:\workspace\cloud\code\sql\_DailyScript\DAILY-SCRIPT-ACTIVENUMBERS.sql
Database changed
Query OK, 1082 rows affected (0.52 sec)
Records: 1082  Deleted: 0  Skipped: 0  Warnings: 0

+------------+----------+
| period     | count(1) |
+------------+----------+
| 2021-11-26 |     1082 |
| 2021-11-25 |     1082 |
| 2021-11-24 |     1079 |
| 2021-11-23 |     1085 |
| 2021-11-22 |     1084 |
+------------+----------+
5 rows in set (0.01 sec)

Query OK, 0 rows affected (0.01 sec)

Query OK, 75 rows affected (1.35 sec)
Records: 75  Duplicates: 0  Warnings: 0

+-------------+
| packagelist |
+-------------+
|          75 |
+-------------+
1 row in set (0.00 sec)

Database changed
Query OK, 0 rows affected (0.00 sec)

Query OK, 0 rows affected (0.00 sec)

Query OK, 0 rows affected (0.00 sec)

Query OK, 0 rows affected (0.00 sec)

Query OK, 29034 rows affected, 240 warnings (19.60 sec)
Records: 29034  Deleted: 0  Skipped: 0  Warnings: 240

+------------+----------+
| period     | count(1) |
+------------+----------+
| 2021-11-26 |    29034 |
| 2021-11-25 |    28965 |
| 2021-11-24 |    29002 |
| 2021-11-23 |    28907 |
| 2021-11-22 |    28867 |
+------------+----------+
5 rows in set (0.17 sec)

Query OK, 0 rows affected (0.01 sec)

Query OK, 28478 rows affected (56.25 sec)
Records: 28478  Duplicates: 0  Warnings: 0

Query OK, 0 rows affected (0.12 sec)
Records: 0  Duplicates: 0  Warnings: 0

Query OK, 0 rows affected (0.12 sec)
Records: 0  Duplicates: 0  Warnings: 0

Query OK, 0 rows affected (0.11 sec)
Records: 0  Duplicates: 0  Warnings: 0

Query OK, 0 rows affected (0.09 sec)
Records: 0  Duplicates: 0  Warnings: 0

Query OK, 0 rows affected (0.07 sec)
Records: 0  Duplicates: 0  Warnings: 0

Query OK, 0 rows affected (0.08 sec)
Records: 0  Duplicates: 0  Warnings: 0

+-------------+
| countbefore |
+-------------+
|    51365830 |
+-------------+
1 row in set (22.91 sec)

Query OK, 28478 rows affected (5.58 sec)
Records: 28478  Duplicates: 0  Warnings: 0

+------------+
| countafter |
+------------+
|   51394308 |
+------------+
1 row in set (18.45 sec)

+------------+--------------------------+
| period     | customercontractactivity |
+------------+--------------------------+
| 2021-11-26 |                    28478 |
| 2021-11-25 |                    28409 |
| 2021-11-24 |                    28446 |
| 2021-11-23 |                    28351 |
| 2021-11-22 |                    28311 |
+------------+--------------------------+
5 rows in set (0.06 sec)

Query OK, 0 rows affected (0.07 sec)

Query OK, 324351 rows affected, 4 warnings (10 min 12.17 sec)
Records: 324351  Duplicates: 0  Warnings: 4

Query OK, 0 rows affected (1.07 sec)
Records: 0  Duplicates: 0  Warnings: 0

Query OK, 0 rows affected (1.20 sec)
Records: 0  Duplicates: 0  Warnings: 0

Query OK, 0 rows affected (1.23 sec)
Records: 0  Duplicates: 0  Warnings: 0

Query OK, 0 rows affected (0.01 sec)

Query OK, 226 rows affected (0.47 sec)
Records: 226  Duplicates: 0  Warnings: 0

Query OK, 0 rows affected (0.01 sec)

Query OK, 2620 rows affected (0.63 sec)
Records: 2620  Duplicates: 0  Warnings: 0

Query OK, 0 rows affected (0.01 sec)

Query OK, 28451 rows affected (0.59 sec)
Records: 28451  Duplicates: 0  Warnings: 0

Query OK, 0 rows affected (0.01 sec)

Query OK, 17114 rows affected (0.39 sec)
Records: 17114  Duplicates: 0  Warnings: 0

Query OK, 0 rows affected (0.01 sec)

Query OK, 17114 rows affected (0.14 sec)
Records: 17114  Duplicates: 0  Warnings: 0

Query OK, 0 rows affected (0.01 sec)

Query OK, 17114 rows affected (1.21 sec)
Records: 17114  Duplicates: 0  Warnings: 0

Query OK, 0 rows affected (0.01 sec)

Query OK, 17114 rows affected (44.05 sec)
Records: 17114  Duplicates: 0  Warnings: 0

+-------------+
| clientstats |
+-------------+
|       17114 |
+-------------+
1 row in set (0.01 sec)

Query OK, 0 rows affected (0.01 sec)

Query OK, 14 rows affected, 1 warning (0.11 sec)
Records: 14  Duplicates: 0  Warnings: 1

+-----------------------+-------------+-------------+----------------+-----------------+
| services              | activecount | allaccounts | uniqueaccounts | uniquecontracts |
+-----------------------+-------------+-------------+----------------+-----------------+
| All                   |         428 |          69 |             69 |             221 |
| Internet & OTT        |           6 |           3 |              3 |               3 |
| Internet & Voice      |         300 |         130 |            130 |             255 |
| Internet Only         |        4387 |        4290 |           4287 |            4325 |
| OTT Only              |           1 |           1 |              1 |               1 |
| TV & Internet         |        9991 |        4456 |           4447 |            9086 |
| TV & Internet & OTT   |        4542 |        1181 |           1178 |            2469 |
| TV & Internet & Voice |         536 |         156 |            156 |             477 |
| TV & OTT              |         349 |          92 |             90 |             100 |
| TV & Voice            |          88 |          39 |             39 |              79 |
| TV & Voice & OTT      |           3 |           1 |              1 |               2 |
| TV Only               |        8402 |        6588 |           6579 |            6793 |
| Voice Only            |         109 |         108 |            108 |             109 |
| GRAND TOTAL           |       29142 |       17114 |          17040 |           23920 |
+-----------------------+-------------+-------------+----------------+-----------------+
14 rows in set (0.00 sec)

+-------------+-------------+-------------+----------------+-----------------+
| network     | activecount | allaccounts | uniqueaccounts | uniquecontracts |
+-------------+-------------+-------------+----------------+-----------------+
| GPON        |       14073 |        6917 |           6914 |           11021 |
| HFC         |       15069 |       10197 |          10197 |           12899 |
| GRAND TOTAL |       29142 |       17114 |          17040 |           23920 |
+-------------+-------------+-------------+----------------+-----------------+
3 rows in set, 1 warning (0.16 sec)

+-------------+-----------------------+-------------+-------------+----------------+-----------------+
| network     | services              | activecount | allaccounts | uniqueaccounts | uniquecontracts |
+-------------+-----------------------+-------------+-------------+----------------+-----------------+
| GPON        | All                   |         328 |          56 |             56 |             178 |
| GPON        | Internet & OTT        |           2 |           1 |              1 |               1 |
| GPON        | Internet & Voice      |          79 |          32 |             32 |              68 |
| GPON        | Internet Only         |        1655 |        1573 |           1573 |            1594 |
| GPON        | TV & Internet         |        5681 |        2480 |           2480 |            5087 |
| GPON        | TV & Internet & OTT   |        3567 |         916 |            916 |            1926 |
| GPON        | TV & Internet & Voice |         318 |          89 |             89 |             274 |
| GPON        | TV & OTT              |         215 |          68 |             68 |              71 |
| GPON        | TV & Voice            |          51 |          23 |             23 |              47 |
| GPON        | TV & Voice & OTT      |           3 |           1 |              1 |               2 |
| GPON        | TV Only               |        2160 |        1665 |           1665 |            1759 |
| GPON        | Voice Only            |          14 |          13 |             13 |              14 |
| GPON        | Services Total        |       14073 |        6917 |           6914 |           11021 |
| HFC         | All                   |         100 |          13 |             13 |              43 |
| HFC         | Internet & OTT        |           4 |           2 |              2 |               2 |
| HFC         | Internet & Voice      |         221 |          98 |             98 |             187 |
| HFC         | Internet Only         |        2732 |        2717 |           2717 |            2731 |
| HFC         | OTT Only              |           1 |           1 |              1 |               1 |
| HFC         | TV & Internet         |        4310 |        1976 |           1976 |            3999 |
| HFC         | TV & Internet & OTT   |         975 |         265 |            265 |             543 |
| HFC         | TV & Internet & Voice |         218 |          67 |             67 |             203 |
| HFC         | TV & OTT              |         134 |          24 |             24 |              29 |
| HFC         | TV & Voice            |          37 |          16 |             16 |              32 |
| HFC         | TV Only               |        6242 |        4923 |           4923 |            5034 |
| HFC         | Voice Only            |          95 |          95 |             95 |              95 |
| HFC         | Services Total        |       15069 |       10197 |          10197 |           12899 |
| GRAND TOTAL | Services Total        |       29142 |       17114 |          17040 |           23920 |
+-------------+-----------------------+-------------+-------------+----------------+-----------------+
27 rows in set, 2 warnings (0.14 sec)

Query OK, 0 rows affected (0.01 sec)

Query OK, 41 rows affected, 3 warnings (0.20 sec)
Records: 41  Duplicates: 0  Warnings: 3

+-------------+---------------+-----------------------+-------------+-------------+----------------+-----------------+
| region      | network       | services              | activecount | allaccounts | uniqueaccounts | uniquecontracts |
+-------------+---------------+-----------------------+-------------+-------------+----------------+-----------------+
| Mahe        | GPON          | All                   |         287 |          49 |             49 |             156 |
| Mahe        | GPON          | Internet & OTT        |           2 |           1 |              1 |               1 |
| Mahe        | GPON          | Internet & Voice      |          73 |          29 |             29 |              62 |
| Mahe        | GPON          | Internet Only         |        1404 |        1322 |           1322 |            1343 |
| Mahe        | GPON          | TV & Internet         |        4911 |        2141 |           2141 |            4383 |
| Mahe        | GPON          | TV & Internet & OTT   |        3007 |         753 |            753 |            1590 |
| Mahe        | GPON          | TV & Internet & Voice |         303 |          84 |             84 |             259 |
| Mahe        | GPON          | TV & OTT              |         188 |          57 |             57 |              60 |
| Mahe        | GPON          | TV & Voice            |          48 |          22 |             22 |              44 |
| Mahe        | GPON          | TV & Voice & OTT      |           3 |           1 |              1 |               2 |
| Mahe        | GPON          | TV Only               |        1793 |        1379 |           1379 |            1459 |
| Mahe        | GPON          | Voice Only            |          14 |          13 |             13 |              14 |
| Mahe        | GPON          | Services Total        |       12033 |        5851 |           5851 |            9373 |
| Mahe        | HFC           | All                   |         100 |          13 |             13 |              43 |
| Mahe        | HFC           | Internet & OTT        |           4 |           2 |              2 |               2 |
| Mahe        | HFC           | Internet & Voice      |         221 |          98 |             98 |             187 |
| Mahe        | HFC           | Internet Only         |        2732 |        2717 |           2717 |            2731 |
| Mahe        | HFC           | OTT Only              |           1 |           1 |              1 |               1 |
| Mahe        | HFC           | TV & Internet         |        4310 |        1976 |           1976 |            3999 |
| Mahe        | HFC           | TV & Internet & OTT   |         975 |         265 |            265 |             543 |
| Mahe        | HFC           | TV & Internet & Voice |         218 |          67 |             67 |             203 |
| Mahe        | HFC           | TV & OTT              |         134 |          24 |             24 |              29 |
| Mahe        | HFC           | TV & Voice            |          37 |          16 |             16 |              32 |
| Mahe        | HFC           | TV Only               |        6241 |        4922 |           4922 |            5033 |
| Mahe        | HFC           | Voice Only            |          95 |          95 |             95 |              95 |
| Mahe        | HFC           | Services Total        |       15068 |       10196 |          10196 |           12898 |
| Mahe        | Network Total | Services Total        |       27101 |       16047 |          15976 |           22271 |
| Praslin     | GPON          | All                   |          41 |           7 |              7 |              22 |
| Praslin     | GPON          | Internet & Voice      |           6 |           3 |              3 |               6 |
| Praslin     | GPON          | Internet Only         |         251 |         251 |            251 |             251 |
| Praslin     | GPON          | TV & Internet         |         770 |         339 |            339 |             704 |
| Praslin     | GPON          | TV & Internet & OTT   |         560 |         163 |            163 |             336 |
| Praslin     | GPON          | TV & Internet & Voice |          15 |           5 |              5 |              15 |
| Praslin     | GPON          | TV & OTT              |          27 |          11 |             11 |              11 |
| Praslin     | GPON          | TV & Voice            |           3 |           1 |              1 |               3 |
| Praslin     | GPON          | TV Only               |         367 |         286 |            286 |             300 |
| Praslin     | GPON          | Services Total        |        2040 |        1066 |           1066 |            1648 |
| Praslin     | HFC           | TV Only               |           1 |           1 |              1 |               1 |
| Praslin     | HFC           | Services Total        |           1 |           1 |              1 |               1 |
| Praslin     | Network Total | Services Total        |        2041 |        1067 |           1067 |            1649 |
| GRAND TOTAL | Network Total | Services Total        |       29142 |       17114 |          17040 |           23920 |
+-------------+---------------+-----------------------+-------------+-------------+----------------+-----------------+
41 rows in set (0.00 sec)

Query OK, 0 rows affected (0.01 sec)

Query OK, 28452 rows affected (0.47 sec)
Records: 28452  Duplicates: 0  Warnings: 0

Query OK, 0 rows affected (0.01 sec)

Query OK, 2347 rows affected (1.91 sec)
Records: 2347  Duplicates: 0  Warnings: 0

+--------------------------------------+
| message                              |
+--------------------------------------+
| running rcbill_my.sp_ActiveNumber2() |
+--------------------------------------+
1 row in set (0.00 sec)

Query OK, 365 rows affected (2 min 23.85 sec)

mysql> mysql \. C:\workspace\cloud\code\sql\_DailyScript\currenttime.sql
+---------------------+
| currenttime         |
+---------------------+
| 2021-11-29 09:41:34 |
+---------------------+
1 row in set (0.00 sec)

mysql> 
mysql> mysql \. C:\workspace\cloud\code\sql\_DailyScript\GetActiveNumbers Average -Pivot.sql
Database changed
+-------------------------------------+
| @today := subdate(current_date(),1) |
+-------------------------------------+
| 2021-11-28                          |
+-------------------------------------+
1 row in set (0.00 sec)

+-------------------------------------+
| @lastdayofmonth := last_day(@today) |
+-------------------------------------+
| 2021-11-30                          |
+-------------------------------------+
1 row in set (0.00 sec)

Query OK, 0 rows affected (0.01 sec)

Query OK, 51905 rows affected, 65535 warnings (1 min 6.40 sec)
Records: 51905  Duplicates: 0  Warnings: 106770

Query OK, 0 rows affected (0.12 sec)
Records: 0  Duplicates: 0  Warnings: 0

Query OK, 0 rows affected (0.15 sec)
Records: 0  Duplicates: 0  Warnings: 0

Query OK, 0 rows affected (0.12 sec)
Records: 0  Duplicates: 0  Warnings: 0

+-----------------+
| activenumberavg |
+-----------------+
|           51905 |
+-----------------+
1 row in set (0.01 sec)

Query OK, 0 rows affected (0.01 sec)

Query OK, 1996 rows affected (0.59 sec)
Records: 1996  Duplicates: 0  Warnings: 0

+---------------------+
| rep_activenumberavg |
+---------------------+
|                1996 |
+---------------------+
1 row in set (0.00 sec)

+----------------------+
| rep_activenumberavg1 |
+----------------------+
|                  928 |
+----------------------+
1 row in set (0.00 sec)

Query OK, 0 rows affected (0.01 sec)

Query OK, 2749 rows affected (0.48 sec)
Records: 2749  Duplicates: 0  Warnings: 0

Query OK, 0 rows affected (0.00 sec)

Query OK, 14218 rows affected (0.89 sec)
Records: 14218  Duplicates: 0  Warnings: 0

Query OK, 0 rows affected (0.01 sec)

Query OK, 246 rows affected (0.29 sec)
Records: 246  Duplicates: 0  Warnings: 0

Query OK, 0 rows affected (0.00 sec)

Query OK, 0 rows affected (0.01 sec)

Query OK, 0 rows affected (0.01 sec)

Query OK, 0 rows affected (0.00 sec)

Query OK, 0 rows affected (0.00 sec)
Statement prepared

Query OK, 53 rows affected (0.07 sec)
Records: 53  Duplicates: 0  Warnings: 0

Query OK, 0 rows affected (0.00 sec)

Query OK, 0 rows affected (0.00 sec)

+----------------------+
| rep_activenumberavg2 |
+----------------------+
|                 2749 |
+----------------------+
1 row in set (0.00 sec)

+------------------------+
| rep_activenumberavg_pv |
+------------------------+
|                     53 |
+------------------------+
1 row in set (0.00 sec)

Query OK, 0 rows affected (0.01 sec)

Query OK, 2746 rows affected (0.40 sec)
Records: 2746  Duplicates: 0  Warnings: 0

Query OK, 0 rows affected (0.00 sec)

Query OK, 0 rows affected (0.01 sec)

Query OK, 0 rows affected (0.01 sec)

Query OK, 0 rows affected (0.00 sec)

Query OK, 0 rows affected (0.00 sec)
Statement prepared

Query OK, 53 rows affected (0.07 sec)
Records: 53  Duplicates: 0  Warnings: 0

Query OK, 0 rows affected (0.00 sec)

Query OK, 0 rows affected (0.00 sec)

+-------------------------+
| rep_activenumberavgMahe |
+-------------------------+
|                    2746 |
+-------------------------+
1 row in set (0.00 sec)

+----------------------------+
| rep_activenumberavgMahe_pv |
+----------------------------+
|                         53 |
+----------------------------+
1 row in set (0.00 sec)

Query OK, 0 rows affected (0.00 sec)

Query OK, 1737 rows affected (0.19 sec)
Records: 1737  Duplicates: 0  Warnings: 0

Query OK, 0 rows affected (0.00 sec)

Query OK, 0 rows affected (0.01 sec)

Query OK, 0 rows affected (0.01 sec)

Query OK, 0 rows affected (0.00 sec)

Query OK, 0 rows affected (0.00 sec)
Statement prepared

Query OK, 40 rows affected (0.04 sec)
Records: 40  Duplicates: 0  Warnings: 0

Query OK, 0 rows affected (0.00 sec)

Query OK, 0 rows affected (0.00 sec)

+----------------------------+
| rep_activenumberavgPraslin |
+----------------------------+
|                       1737 |
+----------------------------+
1 row in set (0.00 sec)

+-------------------------------+
| rep_activenumberavgPraslin_pv |
+-------------------------------+
|                            40 |
+-------------------------------+
1 row in set (0.00 sec)

mysql> mysql \. C:\workspace\cloud\code\sql\_DailyScript\currenttime.sql
+---------------------+
| currenttime         |
+---------------------+
| 2021-11-29 09:42:44 |
+---------------------+
1 row in set (0.00 sec)

mysql> 
mysql> mysql \. C:\workspace\cloud\code\sql\Analysis\clients_contracts_creditpolicy_2.sql
Database changed
Query OK, 0 rows affected (0.01 sec)

Query OK, 1916104 rows affected (43.02 sec)
Records: 1916104  Duplicates: 0  Warnings: 0

Query OK, 0 rows affected (0.01 sec)

Query OK, 28478 rows affected (1.03 sec)
Records: 28478  Duplicates: 0  Warnings: 0

Query OK, 0 rows affected (0.01 sec)

Query OK, 28557 rows affected (8.46 sec)
Records: 28557  Duplicates: 0  Warnings: 0

+-------------------------+
| rep_cust_cont_creditpol |
+-------------------------+
|                   28557 |
+-------------------------+
1 row in set (0.01 sec)

mysql> mysql \. C:\workspace\cloud\code\sql\_DailyScript\currenttime.sql
+---------------------+
| currenttime         |
+---------------------+
| 2021-11-29 09:43:37 |
+---------------------+
1 row in set (0.00 sec)

mysql> 
mysql> 
mysql> 
mysql> 
mysql> 
mysql> 
mysql> 
mysql> 
mysql> 
mysql> 
mysql> 
mysql> 
mysql> 
mysql> 
mysql> 
mysql> 
mysql> 
mysql> 
mysql> 
mysql> 
mysql> 
mysql> 
mysql> 
mysql> 
mysql> 
mysql> 
mysql> exit
