    -> 
    -> mysql \. C:\workspace\cloud\code\sql\_DailyScript\_setdates.sql
Database changed
Query OK, 0 rows affected (0.00 sec)

Query OK, 0 rows affected (0.00 sec)

Query OK, 0 rows affected (0.01 sec)

Query OK, 0 rows affected (0.00 sec)

Query OK, 0 rows affected (0.00 sec)

Query OK, 0 rows affected (0.00 sec)

Query OK, 0 rows affected (0.00 sec)

Query OK, 0 rows affected (0.00 sec)

Query OK, 0 rows affected (0.00 sec)

Query OK, 0 rows affected (0.00 sec)

Query OK, 0 rows affected (0.00 sec)

Query OK, 0 rows affected (0.00 sec)

Query OK, 0 rows affected (0.00 sec)

Query OK, 0 rows affected (0.00 sec)

Query OK, 0 rows affected (0.00 sec)

Query OK, 0 rows affected (0.00 sec)

Query OK, 0 rows affected (0.00 sec)

Query OK, 0 rows affected (0.00 sec)

Query OK, 0 rows affected (0.00 sec)

Query OK, 0 rows affected (0.00 sec)

Query OK, 0 rows affected (0.00 sec)

mysql> mysql \. C:\workspace\cloud\code\sql\_DailyScript\currenttime.sql
+---------------------+
| currenttime         |
+---------------------+
| 2019-06-24 07:59:48 |
+---------------------+
1 row in set (0.00 sec)

mysql> 
mysql> mysql \. C:\workspace\cloud\code\sql\_DailyScript\load_RCB_VODTITLES.sql
Database changed
Query OK, 0 rows affected (0.00 sec)

Query OK, 4856 rows affected (0.16 sec)

Query OK, 4856 rows affected, 4856 warnings (0.12 sec)
Records: 4856  Deleted: 0  Skipped: 0  Warnings: 4856

Query OK, 0 rows affected (0.00 sec)

Query OK, 0 rows affected (0.01 sec)

+-----------+
| VODTITLES |
+-----------+
|      5317 |
+-----------+
1 row in set (0.00 sec)

+-----------+-----------+
| titletype | typecount |
+-----------+-----------+
| NULL      |         1 |
| E         |      3635 |
| N         |       165 |
| T         |      1055 |
| NULL      |      4856 |
+-----------+-----------+
5 rows in set (0.02 sec)

mysql> mysql \. C:\workspace\cloud\code\sql\_DailyScript\currenttime.sql
+---------------------+
| currenttime         |
+---------------------+
| 2019-06-24 07:59:48 |
+---------------------+
1 row in set (0.00 sec)

mysql> 
mysql> mysql \. C:\workspace\cloud\code\sql\_DailyScript\DAILY-SCRIPT-LIVETV-STATS.sql
Database changed
Query OK, 0 rows affected (0.01 sec)

Query OK, 81175 rows affected (1.17 sec)
Records: 81175  Duplicates: 0  Warnings: 0

+------------+------------+----------+--------------+--------------+-----------+-------------+----------+--------+------+------------+---------+---------------+
| Table      | Non_unique | Key_name | Seq_in_index | Column_name  | Collation | Cardinality | Sub_part | Packed | Null | Index_type | Comment | Index_comment |
+------------+------------+----------+--------------+--------------+-----------+-------------+----------+--------+------+------------+---------+---------------+
| templivetv |          1 | idxtv1   |            1 | device       | A         |       81535 |     NULL | NULL   | YES  | BTREE      |         |               |
| templivetv |          1 | idxtv2   |            1 | sessionstart | A         |       81535 |     NULL | NULL   | YES  | BTREE      |         |               |
+------------+------------+----------+--------------+--------------+-----------+-------------+----------+--------+------+------------+---------+---------------+
2 rows in set (0.00 sec)

Query OK, 81131 rows affected (19.94 sec)
Records: 81131  Duplicates: 0  Warnings: 0

Query OK, 2811 rows affected (1.22 sec)
Records: 2811  Duplicates: 0  Warnings: 0

Query OK, 0 rows affected (0.00 sec)

Query OK, 0 rows affected (0.02 sec)

Query OK, 144 rows affected (0.06 sec)
Records: 144  Duplicates: 0  Warnings: 0

Query OK, 0 rows affected (0.01 sec)

Query OK, 76622 rows affected (14 min 47.18 sec)
Records: 76622  Duplicates: 0  Warnings: 0

+-----------------+
| rep_livetvstats |
+-----------------+
|           76622 |
+-----------------+
1 row in set (0.03 sec)

mysql> mysql \. C:\workspace\cloud\code\sql\_DailyScript\currenttime.sql
+---------------------+
| currenttime         |
+---------------------+
| 2019-06-24 08:14:58 |
+---------------------+
1 row in set (0.00 sec)

mysql> 
mysql> mysql \. C:\workspace\cloud\code\sql\_DailyScript\DAILY-SCRIPT-VODTS-STATS.sql
Database changed
Query OK, 0 rows affected (0.04 sec)

Query OK, 3473 rows affected (55.96 sec)
Records: 3473  Duplicates: 0  Warnings: 0

+---------+------------+----------+--------------+--------------+-----------+-------------+----------+--------+------+------------+---------+---------------+
| Table   | Non_unique | Key_name | Seq_in_index | Column_name  | Collation | Cardinality | Sub_part | Packed | Null | Index_type | Comment | Index_comment |
+---------+------------+----------+--------------+--------------+-----------+-------------+----------+--------+------+------------+---------+---------------+
| tempvod |          1 | idxtvod1 |            1 | device       | A         |        3704 |     NULL | NULL   | YES  | BTREE      |         |               |
| tempvod |          1 | idxtvod2 |            1 | sessionstart | A         |        3704 |     NULL | NULL   | YES  | BTREE      |         |               |
+---------+------------+----------+--------------+--------------+-----------+-------------+----------+--------+------+------------+---------+---------------+
2 rows in set (0.00 sec)

Query OK, 3473 rows affected (1.57 sec)
Records: 3473  Duplicates: 0  Warnings: 0

Query OK, 0 rows affected (0.19 sec)

Query OK, 240086 rows affected (23.88 sec)
Records: 240086  Duplicates: 0  Warnings: 0

+--------------+
| rep_vodstats |
+--------------+
|       240086 |
+--------------+
1 row in set (0.09 sec)

Database changed
Query OK, 0 rows affected (0.01 sec)

Query OK, 11786 rows affected (3 min 22.77 sec)
Records: 11786  Duplicates: 0  Warnings: 0

+--------+------------+----------+--------------+--------------+-----------+-------------+----------+--------+------+------------+---------+---------------+
| Table  | Non_unique | Key_name | Seq_in_index | Column_name  | Collation | Cardinality | Sub_part | Packed | Null | Index_type | Comment | Index_comment |
+--------+------------+----------+--------------+--------------+-----------+-------------+----------+--------+------+------------+---------+---------------+
| tempts |          1 | idxtts1  |            1 | device       | A         |       11915 |     NULL | NULL   | YES  | BTREE      |         |               |
| tempts |          1 | idxtts2  |            1 | sessionstart | A         |       11915 |     NULL | NULL   | YES  | BTREE      |         |               |
+--------+------------+----------+--------------+--------------+-----------+-------------+----------+--------+------+------------+---------+---------------+
2 rows in set (0.00 sec)

Query OK, 11786 rows affected (10.19 sec)
Records: 11786  Duplicates: 0  Warnings: 0

Query OK, 0 rows affected (0.02 sec)

Query OK, 20928 rows affected (3 min 30.73 sec)
Records: 20928  Duplicates: 0  Warnings: 0

+-------------+
| rep_tsstats |
+-------------+
|       20928 |
+-------------+
1 row in set (0.01 sec)

mysql> mysql \. C:\workspace\cloud\code\sql\_DailyScript\currenttime.sql
+---------------------+
| currenttime         |
+---------------------+
| 2019-06-24 08:23:23 |
+---------------------+
1 row in set (0.00 sec)

mysql> 
mysql> mysql \. C:\workspace\cloud\code\sql\_DailyScript\DAILY-SCRIPT-RADIO-STATS.sql
Database changed
Query OK, 0 rows affected (0.03 sec)

Query OK, 155412 rows affected (3.59 sec)
Records: 155412  Duplicates: 0  Warnings: 0

+-----------+------------+----------+--------------+--------------+-----------+-------------+----------+--------+------+------------+---------+---------------+
| Table     | Non_unique | Key_name | Seq_in_index | Column_name  | Collation | Cardinality | Sub_part | Packed | Null | Index_type | Comment | Index_comment |
+-----------+------------+----------+--------------+--------------+-----------+-------------+----------+--------+------+------------+---------+---------------+
| tempradio |          1 | idxtrad1 |            1 | device       | A         |      155073 |     NULL | NULL   | YES  | BTREE      |         |               |
| tempradio |          1 | idxtrad2 |            1 | sessionstart | A         |      155073 |     NULL | NULL   | YES  | BTREE      |         |               |
+-----------+------------+----------+--------------+--------------+-----------+-------------+----------+--------+------+------------+---------+---------------+
2 rows in set (0.00 sec)

Query OK, 173 rows affected (2.92 sec)
Records: 173  Duplicates: 0  Warnings: 0

Query OK, 0 rows affected (0.01 sec)

Query OK, 2872 rows affected (0.26 sec)
Records: 2872  Duplicates: 0  Warnings: 0

+----------------+
| rep_radiostats |
+----------------+
|           2872 |
+----------------+
1 row in set (0.00 sec)

mysql> mysql \. C:\workspace\cloud\code\sql\_DailyScript\currenttime.sql
+---------------------+
| currenttime         |
+---------------------+
| 2019-06-24 08:23:30 |
+---------------------+
1 row in set (0.00 sec)

mysql> 
mysql> mysql \. C:\workspace\cloud\code\sql\_DailyScript\DAILY_SCRIPT_TELEMETRY_PIVOT.sql
Query OK, 0 rows affected (0.01 sec)

Query OK, 146 rows affected (0.17 sec)
Records: 146  Duplicates: 0  Warnings: 0

Query OK, 0 rows affected (0.01 sec)

Query OK, 4600 rows affected (0.71 sec)
Records: 4600  Duplicates: 0  Warnings: 0

Query OK, 0 rows affected (0.01 sec)

Query OK, 6 rows affected (0.01 sec)
Records: 6  Duplicates: 0  Warnings: 0

Query OK, 0 rows affected (0.00 sec)

Query OK, 54 rows affected (0.04 sec)
Records: 54  Duplicates: 0  Warnings: 0

mysql> mysql \. C:\workspace\cloud\code\sql\_DailyScript\currenttime.sql
+---------------------+
| currenttime         |
+---------------------+
| 2019-06-24 08:23:31 |
+---------------------+
1 row in set (0.00 sec)

mysql> 
mysql> mysql \. C:\workspace\cloud\code\sql\_DailyScript\telemetry_livetv_ranking2019.sql
Query OK, 0 rows affected (0.00 sec)

Query OK, 146 rows affected (0.01 sec)
Records: 146  Duplicates: 0  Warnings: 0

mysql> mysql \. C:\workspace\cloud\code\sql\_DailyScript\currenttime.sql
+---------------------+
| currenttime         |
+---------------------+
| 2019-06-24 08:23:31 |
+---------------------+
1 row in set (0.00 sec)

mysql> 
mysql> mysql \. C:\workspace\cloud\code\sql\_DailyScript\telemetry_radio_ranking2019.sql
Query OK, 0 rows affected (0.01 sec)

Query OK, 6 rows affected (0.02 sec)
Records: 6  Duplicates: 0  Warnings: 0

mysql> mysql \. C:\workspace\cloud\code\sql\_DailyScript\currenttime.sql
+---------------------+
| currenttime         |
+---------------------+
| 2019-06-24 08:23:31 |
+---------------------+
1 row in set (0.00 sec)

mysql> 
mysql> mysql \. C:\workspace\cloud\code\sql\_DailyScript\telemetry_ts_ranking2019.sql
Query OK, 0 rows affected (0.00 sec)

Query OK, 54 rows affected (0.01 sec)
Records: 54  Duplicates: 0  Warnings: 0

mysql> mysql \. C:\workspace\cloud\code\sql\_DailyScript\currenttime.sql
+---------------------+
| currenttime         |
+---------------------+
| 2019-06-24 08:23:31 |
+---------------------+
1 row in set (0.00 sec)

mysql> 
mysql> mysql \. C:\workspace\cloud\code\sql\_DailyScript\telemetry_vod_ranking2019.sql
Query OK, 0 rows affected (0.00 sec)

Query OK, 4600 rows affected (0.30 sec)
Records: 4600  Duplicates: 0  Warnings: 0

mysql> mysql \. C:\workspace\cloud\code\sql\_DailyScript\currenttime.sql
+---------------------+
| currenttime         |
+---------------------+
| 2019-06-24 08:23:31 |
+---------------------+
1 row in set (0.00 sec)

mysql> 
mysql> mysql \. C:\workspace\cloud\code\sql\_DailyScript\telemetry_vod_ranking2019_1.sql
Query OK, 0 rows affected (0.01 sec)

Query OK, 4600 rows affected (0.24 sec)
Records: 4600  Duplicates: 0  Warnings: 0

mysql> mysql \. C:\workspace\cloud\code\sql\_DailyScript\currenttime.sql
+---------------------+
| currenttime         |
+---------------------+
| 2019-06-24 08:23:32 |
+---------------------+
1 row in set (0.00 sec)

mysql> 
mysql> mysql \. C:\workspace\cloud\code\sql\_DailyScript\telemetry_vod_ranking2019_2.sql
Query OK, 0 rows affected (0.01 sec)

Query OK, 4600 rows affected (0.09 sec)
Records: 4600  Duplicates: 0  Warnings: 0

mysql> mysql \. C:\workspace\cloud\code\sql\_DailyScript\currenttime.sql
+---------------------+
| currenttime         |
+---------------------+
| 2019-06-24 08:23:32 |
+---------------------+
1 row in set (0.00 sec)

mysql> 
mysql> mysql \. C:\workspace\cloud\code\sql\_DailyScript\DAILY-SCRIPT-CREATE-LOAD.sql
Database changed
Database changed
Query OK, 0 rows affected (0.08 sec)

Query OK, 0 rows affected (0.01 sec)

Database changed
Query OK, 65369 rows affected (3.10 sec)
Records: 65369  Deleted: 0  Skipped: 0  Warnings: 0

Query OK, 0 rows affected (0.25 sec)
Records: 0  Duplicates: 0  Warnings: 0

Query OK, 0 rows affected (0.28 sec)
Records: 0  Duplicates: 0  Warnings: 0

Query OK, 0 rows affected (0.29 sec)
Records: 0  Duplicates: 0  Warnings: 0

Query OK, 0 rows affected (0.26 sec)
Records: 0  Duplicates: 0  Warnings: 0

+---------+
| clients |
+---------+
|   65369 |
+---------+
1 row in set (0.02 sec)

Query OK, 0 rows affected (0.02 sec)

Query OK, 1941 rows affected (0.44 sec)
Records: 1941  Duplicates: 0  Warnings: 0

+-------------------+
| rcb_clientparcels |
+-------------------+
|              1941 |
+-------------------+
1 row in set (0.00 sec)

Query OK, 0 rows affected (0.03 sec)

Query OK, 84823 rows affected (4.29 sec)
Records: 84823  Duplicates: 0  Warnings: 0

Query OK, 0 rows affected (0.37 sec)
Records: 0  Duplicates: 0  Warnings: 0

Query OK, 0 rows affected (0.02 sec)

Query OK, 65369 rows affected (3.02 sec)
Records: 65369  Duplicates: 0  Warnings: 0

Query OK, 0 rows affected (0.24 sec)
Records: 0  Duplicates: 0  Warnings: 0

Query OK, 0 rows affected (0.27 sec)
Records: 0  Duplicates: 0  Warnings: 0

Query OK, 0 rows affected (0.20 sec)
Records: 0  Duplicates: 0  Warnings: 0

+---------------+
| clientaddress |
+---------------+
|         65369 |
+---------------+
1 row in set (0.02 sec)

Database changed
Query OK, 0 rows affected (0.05 sec)

Query OK, 0 rows affected (0.01 sec)

Database changed
Query OK, 478396 rows affected, 65535 warnings (20.11 sec)
Records: 478396  Deleted: 0  Skipped: 0  Warnings: 186152

Query OK, 0 rows affected (5.33 sec)
Records: 0  Duplicates: 0  Warnings: 0

Query OK, 0 rows affected (3.49 sec)
Records: 0  Duplicates: 0  Warnings: 0

Query OK, 0 rows affected (1.96 sec)
Records: 0  Duplicates: 0  Warnings: 0

Query OK, 0 rows affected (0.16 sec)

Query OK, 478396 rows affected (50.78 sec)
Records: 478396  Duplicates: 0  Warnings: 0

Query OK, 0 rows affected (2.29 sec)
Records: 0  Duplicates: 0  Warnings: 0

Query OK, 0 rows affected (1.79 sec)
Records: 0  Duplicates: 0  Warnings: 0

+-----------+
| contracts |
+-----------+
|    478396 |
+-----------+
1 row in set (0.18 sec)

+-----------------+
| contractaddress |
+-----------------+
|          478396 |
+-----------------+
1 row in set (0.16 sec)

Database changed
Query OK, 0 rows affected (0.01 sec)

Query OK, 0 rows affected (0.01 sec)

Query OK, 6625 rows affected (0.16 sec)
Records: 6625  Deleted: 0  Skipped: 0  Warnings: 0

Query OK, 0 rows affected (0.01 sec)

Query OK, 6594 rows affected (3.14 sec)
Records: 6594  Duplicates: 0  Warnings: 0

Query OK, 0 rows affected (0.07 sec)
Records: 0  Duplicates: 0  Warnings: 0

Query OK, 0 rows affected (0.04 sec)

Query OK, 5427 rows affected (0.09 sec)
Records: 5427  Duplicates: 0  Warnings: 0

Query OK, 0 rows affected (0.03 sec)
Records: 0  Duplicates: 0  Warnings: 0

+-------------------+
| contractdiscounts |
+-------------------+
|              6625 |
+-------------------+
1 row in set (0.00 sec)

+-------------------------+
| clientcontractdiscounts |
+-------------------------+
|                    6594 |
+-------------------------+
1 row in set (0.00 sec)

+----------------------------+
| clientcontractlastdiscount |
+----------------------------+
|                       5427 |
+----------------------------+
1 row in set (0.00 sec)

Database changed
Query OK, 0 rows affected (0.17 sec)

Query OK, 0 rows affected (0.01 sec)

Database changed
Query OK, 129045 rows affected (6.06 sec)
Records: 129045  Deleted: 0  Skipped: 0  Warnings: 0

Query OK, 0 rows affected (1.01 sec)
Records: 0  Duplicates: 0  Warnings: 0

Query OK, 0 rows affected (0.58 sec)
Records: 0  Duplicates: 0  Warnings: 0

Query OK, 0 rows affected (0.40 sec)
Records: 0  Duplicates: 0  Warnings: 0

Query OK, 0 rows affected (0.42 sec)
Records: 0  Duplicates: 0  Warnings: 0

Query OK, 0 rows affected (0.53 sec)
Records: 0  Duplicates: 0  Warnings: 0

Query OK, 0 rows affected (0.89 sec)
Records: 0  Duplicates: 0  Warnings: 0

Query OK, 0 rows affected (0.15 sec)

Query OK, 1632477 rows affected (2 min 52.78 sec)
Records: 1632477  Duplicates: 0  Warnings: 0

+---------+
| devices |
+---------+
|  129045 |
+---------+
1 row in set (0.05 sec)

+-----------------------+
| clientcontractdevices |
+-----------------------+
|               1632477 |
+-----------------------+
1 row in set (0.73 sec)

Query OK, 0 rows affected (0.17 sec)

Query OK, 129028 rows affected (6.72 sec)
Records: 129028  Duplicates: 0  Warnings: 0

+---------------------------+
| rep_clientcontractdevices |
+---------------------------+
|                    129028 |
+---------------------------+
1 row in set (0.04 sec)

Database changed
Query OK, 0 rows affected (0.02 sec)

Query OK, 0 rows affected (0.01 sec)

Query OK, 247688 rows affected (7.48 sec)
Records: 247688  Deleted: 0  Skipped: 0  Warnings: 0

Query OK, 0 rows affected (1.08 sec)
Records: 0  Duplicates: 0  Warnings: 0

Query OK, 0 rows affected (0.71 sec)
Records: 0  Duplicates: 0  Warnings: 0

Query OK, 0 rows affected (0.67 sec)
Records: 0  Duplicates: 0  Warnings: 0

Query OK, 0 rows affected (0.78 sec)
Records: 0  Duplicates: 0  Warnings: 0

+---------+
| tickets |
+---------+
|  247688 |
+---------+
1 row in set (0.08 sec)

Database changed
Query OK, 0 rows affected (0.02 sec)

Query OK, 0 rows affected (0.00 sec)

Empty set (0.00 sec)

Query OK, 0 rows affected (0.01 sec)
Records: 0  Duplicates: 0  Warnings: 0

Query OK, 314 rows affected, 2 warnings (0.01 sec)
Records: 314  Deleted: 0  Skipped: 0  Warnings: 2

+-----------------+
| tickettechusers |
+-----------------+
|             314 |
+-----------------+
1 row in set (0.00 sec)

Database changed
Query OK, 0 rows affected (0.03 sec)

Query OK, 0 rows affected (0.00 sec)

Query OK, 0 rows affected (0.01 sec)
Records: 0  Duplicates: 0  Warnings: 0

Query OK, 516113 rows affected, 42068 warnings (9.32 sec)
Records: 516113  Deleted: 0  Skipped: 0  Warnings: 42068

+-------------------+
| ticketassignments |
+-------------------+
|            516113 |
+-------------------+
1 row in set (0.16 sec)

Database changed
Query OK, 0 rows affected (0.07 sec)

Query OK, 0 rows affected (0.01 sec)

Query OK, 1076843 rows affected (15.77 sec)
Records: 1076843  Deleted: 0  Skipped: 0  Warnings: 0

Query OK, 0 rows affected (7.18 sec)
Records: 0  Duplicates: 0  Warnings: 0

Query OK, 0 rows affected (3.29 sec)
Records: 0  Duplicates: 0  Warnings: 0

Query OK, 0 rows affected (2.83 sec)
Records: 0  Duplicates: 0  Warnings: 0

Query OK, 0 rows affected (3.81 sec)
Records: 0  Duplicates: 0  Warnings: 0

+----------------+
| ticketcomments |
+----------------+
|        1076843 |
+----------------+
1 row in set (0.41 sec)

Database changed
Query OK, 0 rows affected (0.01 sec)

Query OK, 0 rows affected (0.01 sec)

Query OK, 406905 rows affected (43.86 sec)
Records: 406905  Deleted: 0  Skipped: 0  Warnings: 0

Query OK, 0 rows affected (2.99 sec)
Records: 0  Duplicates: 0  Warnings: 0

+----------+
| comments |
+----------+
|   406905 |
+----------+
1 row in set (0.15 sec)

Database changed
Query OK, 0 rows affected (0.03 sec)

Query OK, 0 rows affected (0.01 sec)

Query OK, 810498 rows affected, 65535 warnings (1 min 3.09 sec)
Records: 810498  Deleted: 0  Skipped: 0  Warnings: 810499

Query OK, 0 rows affected (4.05 sec)
Records: 0  Duplicates: 0  Warnings: 0

Query OK, 0 rows affected (2.43 sec)
Records: 0  Duplicates: 0  Warnings: 0

Query OK, 0 rows affected (2.61 sec)
Records: 0  Duplicates: 0  Warnings: 0

Query OK, 0 rows affected (2.64 sec)
Records: 0  Duplicates: 0  Warnings: 0

Query OK, 0 rows affected (3.40 sec)
Records: 0  Duplicates: 0  Warnings: 0

+------------+
| devicesold |
+------------+
|     810498 |
+------------+
1 row in set (0.29 sec)

Database changed
Query OK, 0 rows affected (0.02 sec)

Query OK, 0 rows affected (0.00 sec)

Query OK, 1625809 rows affected (24.90 sec)
Records: 1625809  Deleted: 0  Skipped: 0  Warnings: 0

Query OK, 0 rows affected (8.34 sec)
Records: 0  Duplicates: 0  Warnings: 0

Query OK, 0 rows affected (4.42 sec)
Records: 0  Duplicates: 0  Warnings: 0

Query OK, 0 rows affected (4.90 sec)
Records: 0  Duplicates: 0  Warnings: 0

+------------------+
| contractservices |
+------------------+
|          1625809 |
+------------------+
1 row in set (0.52 sec)

Database changed
Query OK, 0 rows affected (0.05 sec)

Query OK, 0 rows affected (0.01 sec)

Query OK, 3648919 rows affected (1 min 53.44 sec)
Records: 3648919  Deleted: 0  Skipped: 0  Warnings: 0

Query OK, 0 rows affected (13.97 sec)
Records: 0  Duplicates: 0  Warnings: 0

Query OK, 0 rows affected (14.34 sec)
Records: 0  Duplicates: 0  Warnings: 0

Query OK, 0 rows affected (13.72 sec)
Records: 0  Duplicates: 0  Warnings: 0

Query OK, 0 rows affected (11.84 sec)
Records: 0  Duplicates: 0  Warnings: 0

+------------------+
| invoicescontents |
+------------------+
|          3648919 |
+------------------+
1 row in set (1.28 sec)

Database changed
Query OK, 0 rows affected (0.06 sec)

Query OK, 0 rows affected (0.02 sec)

Query OK, 2518436 rows affected (3 min 6.58 sec)
Records: 2518436  Deleted: 0  Skipped: 0  Warnings: 0

Query OK, 0 rows affected (17.74 sec)
Records: 0  Duplicates: 0  Warnings: 0

Query OK, 0 rows affected (14.00 sec)
Records: 0  Duplicates: 0  Warnings: 0

Query OK, 0 rows affected (12.79 sec)
Records: 0  Duplicates: 0  Warnings: 0

Query OK, 0 rows affected (10.91 sec)
Records: 0  Duplicates: 0  Warnings: 0

Query OK, 0 rows affected (12.38 sec)
Records: 0  Duplicates: 0  Warnings: 0

+----------------+
| invoicesheader |
+----------------+
|        2518436 |
+----------------+
1 row in set (0.81 sec)

Database changed
Query OK, 0 rows affected (0.06 sec)

Query OK, 0 rows affected (0.01 sec)

Query OK, 2645199 rows affected (1 min 25.02 sec)
Records: 2645199  Deleted: 0  Skipped: 0  Warnings: 0

Query OK, 0 rows affected (12.71 sec)
Records: 0  Duplicates: 0  Warnings: 0

Query OK, 0 rows affected (8.23 sec)
Records: 0  Duplicates: 0  Warnings: 0

Query OK, 0 rows affected (8.93 sec)
Records: 0  Duplicates: 0  Warnings: 0

Query OK, 0 rows affected (8.92 sec)
Records: 0  Duplicates: 0  Warnings: 0

+---------+
| casa    |
+---------+
| 2645199 |
+---------+
1 row in set (0.89 sec)

Query OK, 0 rows affected (0.01 sec)

Query OK, 12432 rows affected (1 min 18.68 sec)
Records: 12432  Duplicates: 0  Warnings: 0

+--------------------+
| rep_paycol_channel |
+--------------------+
|              12432 |
+--------------------+
1 row in set (0.01 sec)

Query OK, 0 rows affected (0.01 sec)

Query OK, 8237 rows affected (1 min 33.05 sec)
Records: 8237  Duplicates: 0  Warnings: 0

+----------------+
| rep_paycol_pos |
+----------------+
|           8237 |
+----------------+
1 row in set (0.01 sec)

Database changed
Query OK, 0 rows affected (0.02 sec)

Query OK, 0 rows affected (0.01 sec)

Database changed
Query OK, 38119 rows affected (1.00 sec)
Records: 38119  Deleted: 0  Skipped: 0  Warnings: 0

+-------+
| users |
+-------+
| 38119 |
+-------+
1 row in set (0.02 sec)

Database changed
Query OK, 0 rows affected (0.06 sec)

Query OK, 0 rows affected (0.00 sec)

Database changed
Query OK, 11223262 rows affected (2 min 22.63 sec)
Records: 11223262  Deleted: 0  Skipped: 0  Warnings: 0

Query OK, 0 rows affected (39.62 sec)
Records: 0  Duplicates: 0  Warnings: 0

Query OK, 0 rows affected (39.78 sec)
Records: 0  Duplicates: 0  Warnings: 0

Query OK, 0 rows affected (40.27 sec)
Records: 0  Duplicates: 0  Warnings: 0

Query OK, 0 rows affected (36.31 sec)
Records: 0  Duplicates: 0  Warnings: 0

+----------+
| ipusage1 |
+----------+
| 11223262 |
+----------+
1 row in set (6.75 sec)

Query OK, 0 rows affected (0.08 sec)

Query OK, 11315618 rows affected, 65535 warnings (14 min 21.64 sec)
Records: 11315618  Duplicates: 0  Warnings: 11305162

Query OK, 0 rows affected (38.17 sec)
Records: 0  Duplicates: 0  Warnings: 0

Query OK, 0 rows affected (39.97 sec)
Records: 0  Duplicates: 0  Warnings: 0

Query OK, 0 rows affected (39.41 sec)
Records: 0  Duplicates: 0  Warnings: 0

Query OK, 0 rows affected (38.63 sec)
Records: 0  Duplicates: 0  Warnings: 0

Query OK, 0 rows affected (52.34 sec)
Records: 0  Duplicates: 0  Warnings: 0

Query OK, 0 rows affected (1 min 0.07 sec)
Records: 0  Duplicates: 0  Warnings: 0

Query OK, 0 rows affected (53.66 sec)
Records: 0  Duplicates: 0  Warnings: 0

+----------+
| ipusage  |
+----------+
| 11315618 |
+----------+
1 row in set (6.27 sec)

Query OK, 0 rows affected (0.09 sec)

Query OK, 3801418 rows affected (3 min 8.40 sec)
Records: 3801418  Duplicates: 0  Warnings: 0

Query OK, 0 rows affected (15.60 sec)
Records: 0  Duplicates: 0  Warnings: 0

Query OK, 0 rows affected (12.12 sec)
Records: 0  Duplicates: 0  Warnings: 0

Query OK, 0 rows affected (13.78 sec)
Records: 0  Duplicates: 0  Warnings: 0

Query OK, 0 rows affected (19.53 sec)
Records: 0  Duplicates: 0  Warnings: 0

Query OK, 0 rows affected (9.31 sec)
Records: 0  Duplicates: 0  Warnings: 0

Query OK, 0 rows affected (0.06 sec)

Query OK, 324968 rows affected (32.22 sec)
Records: 324968  Duplicates: 0  Warnings: 0

Query OK, 0 rows affected (1.37 sec)
Records: 0  Duplicates: 0  Warnings: 0

Query OK, 0 rows affected (1.39 sec)
Records: 0  Duplicates: 0  Warnings: 0

Query OK, 0 rows affected (1.54 sec)
Records: 0  Duplicates: 0  Warnings: 0

Query OK, 0 rows affected (0.83 sec)
Records: 0  Duplicates: 0  Warnings: 0

Query OK, 0 rows affected (0.78 sec)
Records: 0  Duplicates: 0  Warnings: 0

Query OK, 0 rows affected (0.03 sec)

Query OK, 1625706 rows affected (58.63 sec)
Records: 1625706  Duplicates: 0  Warnings: 0

Query OK, 0 rows affected (10.67 sec)
Records: 0  Duplicates: 0  Warnings: 0

Query OK, 0 rows affected (3.85 sec)
Records: 0  Duplicates: 0  Warnings: 0

Query OK, 0 rows affected (6.71 sec)
Records: 0  Duplicates: 0  Warnings: 0

mysql> mysql \. C:\workspace\cloud\code\sql\_DailyScript\currenttime.sql
+---------------------+
| currenttime         |
+---------------------+
| 2019-06-24 09:15:22 |
+---------------------+
1 row in set (0.00 sec)

mysql> 
mysql> mysql \. C:\workspace\cloud\code\sql\_DailyScript\ticket_analysis.sql
Database changed
Query OK, 0 rows affected (0.02 sec)

Query OK, 437823 rows affected (20.03 sec)
Records: 437823  Duplicates: 0  Warnings: 0

Query OK, 0 rows affected (5.01 sec)
Records: 0  Duplicates: 0  Warnings: 0

Query OK, 0 rows affected (1.55 sec)
Records: 0  Duplicates: 0  Warnings: 0

Query OK, 0 rows affected (1.42 sec)
Records: 0  Duplicates: 0  Warnings: 0

Query OK, 0 rows affected (0.01 sec)

Query OK, 15555 rows affected (9.38 sec)
Records: 15555  Duplicates: 0  Warnings: 0

Query OK, 0 rows affected, 1 warning (0.00 sec)

Query OK, 60158 rows affected (5.89 sec)
Records: 60158  Duplicates: 0  Warnings: 0

Query OK, 0 rows affected, 1 warning (0.00 sec)

Query OK, 312842 rows affected (10.11 sec)
Records: 312842  Duplicates: 0  Warnings: 0

Query OK, 0 rows affected, 1 warning (0.00 sec)

Query OK, 312842 rows affected (11.22 sec)
Records: 312842  Duplicates: 0  Warnings: 0

Query OK, 0 rows affected (0.01 sec)

Query OK, 60200 rows affected (3.45 sec)
Records: 60200  Duplicates: 0  Warnings: 0

Database changed
Query OK, 0 rows affected (0.00 sec)

Query OK, 0 rows affected (0.03 sec)

Query OK, 437823 rows affected (17.27 sec)
Records: 437823  Duplicates: 0  Warnings: 0

Query OK, 0 rows affected (0.03 sec)

Query OK, 208666 rows affected (12.45 sec)
Records: 208666  Duplicates: 0  Warnings: 0

+--------------------------+
| clientticket_cmmtjourney |
+--------------------------+
|                   437823 |
+--------------------------+
1 row in set (2.50 sec)

+---------------------------+
| clientticket_assgnjourney |
+---------------------------+
|                    208666 |
+---------------------------+
1 row in set (0.27 sec)

Query OK, 0 rows affected (0.01 sec)

Query OK, 68 rows affected (0.08 sec)
Records: 68  Duplicates: 0  Warnings: 0

mysql> mysql \. C:\workspace\cloud\code\sql\_DailyScript\currenttime.sql
+---------------------+
| currenttime         |
+---------------------+
| 2019-06-24 09:17:03 |
+---------------------+
1 row in set (0.00 sec)

mysql> 
mysql> mysql \. C:\workspace\cloud\code\sql\_DailyScript\load_DailyCalls.sql
Database changed
Query OK, 172 rows affected (0.24 sec)
Records: 172  Deleted: 0  Skipped: 0  Warnings: 0

Query OK, 0 rows affected, 1 warning (0.00 sec)

Query OK, 166 rows affected (0.20 sec)
Records: 166  Duplicates: 0  Warnings: 0

Query OK, 0 rows affected, 1 warning (0.00 sec)

Query OK, 66922 rows affected (0.41 sec)
Records: 66922  Duplicates: 0  Warnings: 0

+----------------------+
| callingclientsbefore |
+----------------------+
|               708141 |
+----------------------+
1 row in set (0.69 sec)

Query OK, 224 rows affected (4.31 sec)
Records: 224  Duplicates: 0  Warnings: 0

+---------------------+
| callingclientsafter |
+---------------------+
|              708365 |
+---------------------+
1 row in set (0.22 sec)

Query OK, 0 rows affected (0.01 sec)

Query OK, 125 rows affected (13.54 sec)
Records: 125  Duplicates: 0  Warnings: 0

Query OK, 0 rows affected (0.00 sec)

Query OK, 14431 rows affected (2.38 sec)
Records: 14431  Duplicates: 0  Warnings: 0

+-----------+
| callstats |
+-----------+
|     14431 |
+-----------+
1 row in set (0.01 sec)

Query OK, 0 rows affected, 1 warning (0.00 sec)

Query OK, 224 rows affected (3.50 sec)
Records: 224  Duplicates: 0  Warnings: 0

+------------------------+
| rep_cccallreportbefore |
+------------------------+
|                 711784 |
+------------------------+
1 row in set (0.23 sec)

Query OK, 224 rows affected (0.50 sec)
Records: 224  Duplicates: 0  Warnings: 0

+-----------------------+
| rep_cccallreportafter |
+-----------------------+
|                712008 |
+-----------------------+
1 row in set (0.21 sec)

Query OK, 0 rows affected (0.00 sec)

mysql> mysql \. C:\workspace\cloud\code\sql\_DailyScript\currenttime.sql
+---------------------+
| currenttime         |
+---------------------+
| 2019-06-24 09:17:30 |
+---------------------+
1 row in set (0.00 sec)

mysql> 
mysql> mysql \. C:\workspace\cloud\code\sql\_DailyScript\DAILY-SCRIPT-USAGE.sql
Database changed
Query OK, 0 rows affected (0.00 sec)

Query OK, 6240 rows affected, 18005 warnings (2.25 sec)
Records: 6240  Deleted: 0  Skipped: 0  Warnings: 18005

Query OK, 0 rows affected (0.00 sec)

Query OK, 10685 rows affected, 30941 warnings (3.02 sec)
Records: 10685  Deleted: 0  Skipped: 0  Warnings: 30941

Query OK, 0 rows affected (0.00 sec)

Query OK, 148 rows affected, 514 warnings (0.06 sec)
Records: 148  Deleted: 0  Skipped: 0  Warnings: 514

Query OK, 0 rows affected (0.00 sec)

Query OK, 192 rows affected, 689 warnings (0.04 sec)
Records: 192  Deleted: 0  Skipped: 0  Warnings: 689

+------------+
| dailyusage |
+------------+
|    6432819 |
+------------+
1 row in set (19.11 sec)

+------------+------------+------------+---------+
| datestart  | dateend    | insertedon | records |
+------------+------------+------------+---------+
| 2019-06-23 | 2019-06-23 | 2019-06-24 |   17265 |
| 2019-06-22 | 2019-06-22 | 2019-06-23 |   17366 |
| 2019-06-21 | 2019-06-21 | 2019-06-22 |   17459 |
| 2019-06-20 | 2019-06-20 | 2019-06-21 |   17342 |
| 2019-06-19 | 2019-06-19 | 2019-06-20 |   17510 |
+------------+------------+------------+---------+
5 rows in set (2 min 6.75 sec)

mysql> mysql \. C:\workspace\cloud\code\sql\_DailyScript\currenttime.sql
+---------------------+
| currenttime         |
+---------------------+
| 2019-06-24 09:20:01 |
+---------------------+
1 row in set (0.00 sec)

mysql> 
mysql> mysql \. C:\workspace\cloud\code\sql\_DailyScript\DAILY-SCRIPT-SALES-TELEMETRY.sql
Database changed
Query OK, 18 rows affected, 2 warnings (0.03 sec)
Records: 18  Deleted: 0  Skipped: 0  Warnings: 2

+------------+
| dailysales |
+------------+
|     156941 |
+------------+
1 row in set (0.30 sec)

Query OK, 0 rows affected (0.02 sec)

Query OK, 156941 rows affected (17.53 sec)
Records: 156941  Duplicates: 0  Warnings: 0

+--------+
| sales  |
+--------+
| 156941 |
+--------+
1 row in set (0.07 sec)

Query OK, 0 rows affected (0.01 sec)

Query OK, 2510 rows affected (0.30 sec)
Records: 2510  Duplicates: 0  Warnings: 0

+----------------+
| rep_dailysales |
+----------------+
|           2510 |
+----------------+
1 row in set (0.00 sec)

Query OK, 0 rows affected (0.00 sec)

Query OK, 2510 rows affected (0.47 sec)
Records: 2510  Duplicates: 0  Warnings: 0

+-------------------+
| rep_dailysalesreg |
+-------------------+
|              2510 |
+-------------------+
1 row in set (0.00 sec)

Query OK, 0 rows affected (0.02 sec)

Query OK, 2437 rows affected (0.60 sec)
Records: 2437  Duplicates: 0  Warnings: 0

+-----------+
| saleslist |
+-----------+
|      2437 |
+-----------+
1 row in set (0.00 sec)

Database changed
ERROR 2 (HY000): File 'C:\ProgramData\MySQL\MySQL Server 5.7\Uploads\_csv\PrepaidCardSales-23062019-P1.csv' not found (Errcode: 2 - No such file or directory)
+------------------+
| dailysinglesales |
+------------------+
|             5797 |
+------------------+
1 row in set (0.14 sec)

Database changed
Query OK, 15 rows affected (0.06 sec)
Records: 15  Deleted: 0  Skipped: 0  Warnings: 0

+-----------------+
| dailyaddonsales |
+-----------------+
|           16034 |
+-----------------+
1 row in set (0.09 sec)

Query OK, 91 rows affected (0.20 sec)
Records: 91  Deleted: 0  Skipped: 0  Warnings: 0

+----------------+
| onlinepayments |
+----------------+
|          55655 |
+----------------+
1 row in set (0.11 sec)

+-------------+----------------+---------------------+
| paymentdate | onlinepayments | onlinepaymentamount |
+-------------+----------------+---------------------+
| 2019-06-23  |             91 |         57233.11000 |
| 2019-06-22  |            106 |         63968.82000 |
| 2019-06-21  |             80 |         47706.13000 |
| 2019-06-20  |             93 |         49178.23000 |
| 2019-06-19  |             79 |         40563.85000 |
+-------------+----------------+---------------------+
5 rows in set (5.29 sec)

+-------------+--------------+----------------+---------------------+
| paymentyear | paymentmonth | onlinepayments | onlinepaymentamount |
+-------------+--------------+----------------+---------------------+
|        2019 |            6 |           1790 |       1140431.14000 |
|        2019 |            5 |           2949 |       1930613.93000 |
|        2019 |            4 |           2854 |       1881797.80000 |
|        2019 |            3 |           2821 |       1851177.84000 |
|        2019 |            2 |           2441 |       1600446.38000 |
+-------------+--------------+----------------+---------------------+
5 rows in set (0.07 sec)

mysql> mysql \. C:\workspace\cloud\code\sql\_DailyScript\currenttime.sql
+---------------------+
| currenttime         |
+---------------------+
| 2019-06-24 09:20:26 |
+---------------------+
1 row in set (0.00 sec)

mysql> 
mysql> mysql \. C:\workspace\cloud\code\sql\_DailyScript\DAILY-SCRIPT-ACTIVENUMBERS.sql
Database changed
Query OK, 1300 rows affected (1.23 sec)
Records: 1300  Deleted: 0  Skipped: 0  Warnings: 0

+------------+----------+
| period     | count(1) |
+------------+----------+
| 2019-06-23 |     1300 |
| 2019-06-22 |     1300 |
| 2019-06-21 |     1298 |
| 2019-06-20 |     1299 |
| 2019-06-19 |     1299 |
| 2019-06-18 |     1300 |
+------------+----------+
6 rows in set (0.01 sec)

Query OK, 0 rows affected (0.01 sec)

Query OK, 83 rows affected (0.36 sec)
Records: 83  Duplicates: 0  Warnings: 0

+-------------+
| packagelist |
+-------------+
|          83 |
+-------------+
1 row in set (0.00 sec)

Database changed
Query OK, 0 rows affected (0.02 sec)

Query OK, 0 rows affected (0.00 sec)

Query OK, 0 rows affected (0.00 sec)

Query OK, 0 rows affected (0.00 sec)

Query OK, 26746 rows affected, 270 warnings (44.45 sec)
Records: 26746  Deleted: 0  Skipped: 0  Warnings: 270

+------------+----------+
| period     | count(1) |
+------------+----------+
| 2019-06-23 |    26746 |
| 2019-06-22 |    26955 |
| 2019-06-21 |    26932 |
| 2019-06-20 |    26783 |
| 2019-06-19 |    26982 |
+------------+----------+
5 rows in set (0.23 sec)

Query OK, 0 rows affected (0.02 sec)

Query OK, 26118 rows affected (1 min 44.32 sec)
Records: 26118  Duplicates: 0  Warnings: 0

Query OK, 0 rows affected (0.16 sec)
Records: 0  Duplicates: 0  Warnings: 0

Query OK, 0 rows affected (0.11 sec)
Records: 0  Duplicates: 0  Warnings: 0

Query OK, 0 rows affected (0.14 sec)
Records: 0  Duplicates: 0  Warnings: 0

Query OK, 0 rows affected (0.09 sec)
Records: 0  Duplicates: 0  Warnings: 0

Query OK, 0 rows affected (0.08 sec)
Records: 0  Duplicates: 0  Warnings: 0

Query OK, 0 rows affected (0.11 sec)
Records: 0  Duplicates: 0  Warnings: 0

+-------------+
| countbefore |
+-------------+
|    27110985 |
+-------------+
1 row in set (1 min 7.45 sec)

Query OK, 26118 rows affected (21.00 sec)
Records: 26118  Duplicates: 0  Warnings: 0

+------------+
| countafter |
+------------+
|   27137103 |
+------------+
1 row in set (12.41 sec)

+------------+--------------------------+
| period     | customercontractactivity |
+------------+--------------------------+
| 2019-06-23 |                    26118 |
| 2019-06-22 |                    26327 |
| 2019-06-21 |                    26303 |
| 2019-06-20 |                    26153 |
| 2019-06-19 |                    26352 |
+------------+--------------------------+
5 rows in set (0.08 sec)

Query OK, 0 rows affected (0.20 sec)

Query OK, 217388 rows affected (13 min 17.75 sec)
Records: 217388  Duplicates: 0  Warnings: 0

Query OK, 0 rows affected (1.09 sec)
Records: 0  Duplicates: 0  Warnings: 0

Query OK, 0 rows affected (1.00 sec)
Records: 0  Duplicates: 0  Warnings: 0

Query OK, 0 rows affected (0.98 sec)
Records: 0  Duplicates: 0  Warnings: 0

Query OK, 0 rows affected (0.06 sec)

Query OK, 248 rows affected (0.53 sec)
Records: 248  Duplicates: 0  Warnings: 0

Query OK, 0 rows affected (0.00 sec)

Query OK, 2387 rows affected (0.64 sec)
Records: 2387  Duplicates: 0  Warnings: 0

Query OK, 0 rows affected (0.01 sec)

Query OK, 26109 rows affected (0.65 sec)
Records: 26109  Duplicates: 0  Warnings: 0

Query OK, 0 rows affected (0.01 sec)

Query OK, 16757 rows affected (0.55 sec)
Records: 16757  Duplicates: 0  Warnings: 0

Query OK, 0 rows affected (0.00 sec)

Query OK, 16757 rows affected (0.15 sec)
Records: 16757  Duplicates: 0  Warnings: 0

Query OK, 0 rows affected (0.02 sec)

Query OK, 16757 rows affected (1.69 sec)
Records: 16757  Duplicates: 0  Warnings: 0

Query OK, 0 rows affected (0.01 sec)

Query OK, 16757 rows affected (49.17 sec)
Records: 16757  Duplicates: 0  Warnings: 0

+-------------+
| clientstats |
+-------------+
|       16757 |
+-------------+
1 row in set (0.01 sec)

Query OK, 0 rows affected (0.00 sec)

Query OK, 13 rows affected, 1 warning (0.13 sec)
Records: 13  Duplicates: 0  Warnings: 1

+-----------------------+-------------+-------------+----------------+-----------------+
| services              | activecount | allaccounts | uniqueaccounts | uniquecontracts |
+-----------------------+-------------+-------------+----------------+-----------------+
| All                   |         119 |          26 |             26 |              81 |
| Internet & Voice      |         430 |         197 |            197 |             385 |
| Internet Only         |        4143 |        3999 |           3990 |            4074 |
| OTT Only              |          54 |           4 |              4 |              54 |
| TV & Internet         |        8814 |        3823 |           3816 |            7785 |
| TV & Internet & OTT   |        1893 |         540 |            540 |            1102 |
| TV & Internet & Voice |         520 |         144 |            144 |             447 |
| TV & OTT              |         107 |          34 |             34 |              35 |
| TV & Voice            |         106 |          46 |             46 |              93 |
| TV & Voice & OTT      |          10 |           1 |              1 |               3 |
| TV Only               |       10534 |        7758 |           7751 |            7961 |
| Voice Only            |         186 |         185 |            185 |             186 |
| GRAND TOTAL           |       26916 |       16757 |          16693 |           22206 |
+-----------------------+-------------+-------------+----------------+-----------------+
13 rows in set (0.00 sec)

+-------------+-------------+-------------+----------------+-----------------+
| network     | activecount | allaccounts | uniqueaccounts | uniquecontracts |
+-------------+-------------+-------------+----------------+-----------------+
| ADDON       |           9 |           5 |              5 |               5 |
| GPON        |        6880 |        3488 |           3487 |            5270 |
| HFC         |       19975 |       13262 |          13262 |           16879 |
| MOBILE TV   |          52 |           2 |              2 |              52 |
| GRAND TOTAL |       26916 |       16757 |          16693 |           22206 |
+-------------+-------------+-------------+----------------+-----------------+
5 rows in set, 1 warning (0.13 sec)

+-------------+-----------------------+-------------+-------------+----------------+-----------------+
| network     | services              | activecount | allaccounts | uniqueaccounts | uniquecontracts |
+-------------+-----------------------+-------------+-------------+----------------+-----------------+
| ADDON       | OTT Only              |           2 |           2 |              2 |               2 |
| ADDON       | TV & OTT              |           4 |           1 |              1 |               1 |
| ADDON       | TV Only               |           3 |           2 |              2 |               2 |
| ADDON       | Services Total        |           9 |           5 |              5 |               5 |
| GPON        | All                   |          25 |           5 |              5 |              17 |
| GPON        | Internet & Voice      |          63 |          26 |             26 |              53 |
| GPON        | Internet Only         |         906 |         821 |            821 |             839 |
| GPON        | TV & Internet         |        2991 |        1243 |           1243 |            2559 |
| GPON        | TV & Internet & OTT   |         941 |         253 |            253 |             524 |
| GPON        | TV & Internet & Voice |         146 |          38 |             38 |             117 |
| GPON        | TV & OTT              |          76 |          24 |             24 |              24 |
| GPON        | TV & Voice            |          48 |          20 |             20 |              41 |
| GPON        | TV Only               |        1676 |        1050 |           1050 |            1088 |
| GPON        | Voice Only            |           8 |           8 |              8 |               8 |
| GPON        | Services Total        |        6880 |        3488 |           3487 |            5270 |
| HFC         | All                   |          94 |          21 |             21 |              64 |
| HFC         | Internet & Voice      |         367 |         171 |            171 |             332 |
| HFC         | Internet Only         |        3237 |        3178 |           3178 |            3235 |
| HFC         | TV & Internet         |        5823 |        2580 |           2580 |            5226 |
| HFC         | TV & Internet & OTT   |         952 |         287 |            287 |             578 |
| HFC         | TV & Internet & Voice |         374 |         106 |            106 |             330 |
| HFC         | TV & OTT              |          27 |           9 |              9 |              10 |
| HFC         | TV & Voice            |          58 |          26 |             26 |              52 |
| HFC         | TV & Voice & OTT      |          10 |           1 |              1 |               3 |
| HFC         | TV Only               |        8855 |        6706 |           6706 |            6871 |
| HFC         | Voice Only            |         178 |         177 |            177 |             178 |
| HFC         | Services Total        |       19975 |       13262 |          13262 |           16879 |
| MOBILE TV   | OTT Only              |          52 |           2 |              2 |              52 |
| MOBILE TV   | Services Total        |          52 |           2 |              2 |              52 |
| GRAND TOTAL | Services Total        |       26916 |       16757 |          16693 |           22206 |
+-------------+-----------------------+-------------+-------------+----------------+-----------------+
30 rows in set, 2 warnings (0.15 sec)

Query OK, 0 rows affected (0.01 sec)

Query OK, 43 rows affected, 3 warnings (0.21 sec)
Records: 43  Duplicates: 0  Warnings: 3

+-------------+---------------+-----------------------+-------------+-------------+----------------+-----------------+
| region      | network       | services              | activecount | allaccounts | uniqueaccounts | uniquecontracts |
+-------------+---------------+-----------------------+-------------+-------------+----------------+-----------------+
| Mahe        | ADDON         | OTT Only              |           2 |           2 |              2 |               2 |
| Mahe        | ADDON         | TV & OTT              |           4 |           1 |              1 |               1 |
| Mahe        | ADDON         | TV Only               |           3 |           2 |              2 |               2 |
| Mahe        | ADDON         | Services Total        |           9 |           5 |              5 |               5 |
| Mahe        | GPON          | All                   |          25 |           5 |              5 |              17 |
| Mahe        | GPON          | Internet & Voice      |          51 |          20 |             20 |              41 |
| Mahe        | GPON          | Internet Only         |         693 |         608 |            608 |             626 |
| Mahe        | GPON          | TV & Internet         |        2137 |         880 |            880 |            1802 |
| Mahe        | GPON          | TV & Internet & OTT   |         542 |         141 |            141 |             291 |
| Mahe        | GPON          | TV & Internet & Voice |         123 |          32 |             32 |              97 |
| Mahe        | GPON          | TV & OTT              |          52 |          14 |             14 |              14 |
| Mahe        | GPON          | TV & Voice            |          44 |          18 |             18 |              37 |
| Mahe        | GPON          | TV Only               |        1233 |         748 |            748 |             768 |
| Mahe        | GPON          | Voice Only            |           8 |           8 |              8 |               8 |
| Mahe        | GPON          | Services Total        |        4908 |        2474 |           2474 |            3701 |
| Mahe        | HFC           | All                   |          94 |          21 |             21 |              64 |
| Mahe        | HFC           | Internet & Voice      |         367 |         171 |            171 |             332 |
| Mahe        | HFC           | Internet Only         |        3237 |        3178 |           3178 |            3235 |
| Mahe        | HFC           | TV & Internet         |        5823 |        2580 |           2580 |            5226 |
| Mahe        | HFC           | TV & Internet & OTT   |         952 |         287 |            287 |             578 |
| Mahe        | HFC           | TV & Internet & Voice |         374 |         106 |            106 |             330 |
| Mahe        | HFC           | TV & OTT              |          27 |           9 |              9 |              10 |
| Mahe        | HFC           | TV & Voice            |          58 |          26 |             26 |              52 |
| Mahe        | HFC           | TV & Voice & OTT      |          10 |           1 |              1 |               3 |
| Mahe        | HFC           | TV Only               |        8850 |        6703 |           6703 |            6868 |
| Mahe        | HFC           | Voice Only            |         178 |         177 |            177 |             178 |
| Mahe        | HFC           | Services Total        |       19970 |       13259 |          13259 |           16876 |
| Mahe        | MOBILE TV     | OTT Only              |          52 |           2 |              2 |              52 |
| Mahe        | MOBILE TV     | Services Total        |          52 |           2 |              2 |              52 |
| Mahe        | Network Total | Services Total        |       24939 |       15740 |          15678 |           20634 |
| Praslin     | GPON          | Internet & Voice      |          12 |           6 |              6 |              12 |
| Praslin     | GPON          | Internet Only         |         213 |         213 |            213 |             213 |
| Praslin     | GPON          | TV & Internet         |         854 |         363 |            363 |             757 |
| Praslin     | GPON          | TV & Internet & OTT   |         399 |         112 |            112 |             233 |
| Praslin     | GPON          | TV & Internet & Voice |          23 |           6 |              6 |              20 |
| Praslin     | GPON          | TV & OTT              |          24 |          10 |             10 |              10 |
| Praslin     | GPON          | TV & Voice            |           4 |           2 |              2 |               4 |
| Praslin     | GPON          | TV Only               |         443 |         302 |            302 |             320 |
| Praslin     | GPON          | Services Total        |        1972 |        1014 |           1014 |            1569 |
| Praslin     | HFC           | TV Only               |           5 |           3 |              3 |               3 |
| Praslin     | HFC           | Services Total        |           5 |           3 |              3 |               3 |
| Praslin     | Network Total | Services Total        |        1977 |        1017 |           1016 |            1572 |
| GRAND TOTAL | Network Total | Services Total        |       26916 |       16757 |          16693 |           22206 |
+-------------+---------------+-----------------------+-------------+-------------+----------------+-----------------+
43 rows in set (0.00 sec)

Query OK, 0 rows affected (0.01 sec)

Query OK, 26110 rows affected (0.51 sec)
Records: 26110  Duplicates: 0  Warnings: 0

Query OK, 0 rows affected (0.02 sec)

Query OK, 1622 rows affected (7.88 sec)
Records: 1622  Duplicates: 0  Warnings: 0

+--------------------------------------+
| message                              |
+--------------------------------------+
| running rcbill_my.sp_ActiveNumber2() |
+--------------------------------------+
1 row in set (0.00 sec)

Query OK, 174 rows affected (2 min 33.11 sec)

mysql> mysql \. C:\workspace\cloud\code\sql\_DailyScript\currenttime.sql
+---------------------+
| currenttime         |
+---------------------+
| 2019-06-24 09:41:35 |
+---------------------+
1 row in set (0.00 sec)

mysql> 
mysql> mysql \. C:\workspace\cloud\code\sql\_DailyScript\GetActiveNumbers Average -Pivot.sql
Database changed
+-------------------------------------+
| @today := subdate(current_date(),1) |
+-------------------------------------+
| 2019-06-23                          |
+-------------------------------------+
1 row in set (0.00 sec)

+-------------------------------------+
| @lastdayofmonth := last_day(@today) |
+-------------------------------------+
| 2019-06-30                          |
+-------------------------------------+
1 row in set (0.00 sec)

Query OK, 0 rows affected (0.02 sec)

Query OK, 30302 rows affected, 63291 warnings (51.05 sec)
Records: 30302  Duplicates: 0  Warnings: 63291

Query OK, 0 rows affected (0.09 sec)
Records: 0  Duplicates: 0  Warnings: 0

Query OK, 0 rows affected (0.11 sec)
Records: 0  Duplicates: 0  Warnings: 0

Query OK, 0 rows affected (0.09 sec)
Records: 0  Duplicates: 0  Warnings: 0

+-----------------+
| activenumberavg |
+-----------------+
|           30302 |
+-----------------+
1 row in set (0.01 sec)

Query OK, 0 rows affected (0.01 sec)

Query OK, 1749 rows affected (0.40 sec)
Records: 1749  Duplicates: 0  Warnings: 0

+---------------------+
| rep_activenumberavg |
+---------------------+
|                1749 |
+---------------------+
1 row in set (0.00 sec)

+----------------------+
| rep_activenumberavg1 |
+----------------------+
|                  830 |
+----------------------+
1 row in set (0.00 sec)

Query OK, 0 rows affected (0.00 sec)

Query OK, 1536 rows affected (0.31 sec)
Records: 1536  Duplicates: 0  Warnings: 0

Query OK, 0 rows affected (0.01 sec)

Query OK, 7775 rows affected (0.56 sec)
Records: 7775  Duplicates: 0  Warnings: 0

Query OK, 0 rows affected (0.00 sec)

Query OK, 0 rows affected (0.00 sec)

Query OK, 0 rows affected (0.00 sec)

Query OK, 0 rows affected (0.00 sec)

Query OK, 0 rows affected (0.00 sec)
Statement prepared

Query OK, 53 rows affected (0.03 sec)
Records: 53  Duplicates: 0  Warnings: 0

Query OK, 0 rows affected (0.00 sec)

Query OK, 0 rows affected (0.00 sec)

+----------------------+
| rep_activenumberavg2 |
+----------------------+
|                 1536 |
+----------------------+
1 row in set (0.00 sec)

+------------------------+
| rep_activenumberavg_pv |
+------------------------+
|                     53 |
+------------------------+
1 row in set (0.00 sec)

Query OK, 0 rows affected (0.00 sec)

Query OK, 1536 rows affected (0.27 sec)
Records: 1536  Duplicates: 0  Warnings: 0

Query OK, 0 rows affected (0.00 sec)

Query OK, 0 rows affected (0.00 sec)

Query OK, 0 rows affected (0.00 sec)

Query OK, 0 rows affected (0.00 sec)

Query OK, 0 rows affected (0.00 sec)
Statement prepared

Query OK, 53 rows affected (0.03 sec)
Records: 53  Duplicates: 0  Warnings: 0

Query OK, 0 rows affected (0.00 sec)

Query OK, 0 rows affected (0.00 sec)

+-------------------------+
| rep_activenumberavgMahe |
+-------------------------+
|                    1536 |
+-------------------------+
1 row in set (0.00 sec)

+----------------------------+
| rep_activenumberavgMahe_pv |
+----------------------------+
|                         53 |
+----------------------------+
1 row in set (0.00 sec)

Query OK, 0 rows affected (0.00 sec)

Query OK, 987 rows affected (0.13 sec)
Records: 987  Duplicates: 0  Warnings: 0

Query OK, 0 rows affected (0.00 sec)

Query OK, 0 rows affected (0.00 sec)

Query OK, 0 rows affected (0.00 sec)

Query OK, 0 rows affected (0.00 sec)

Query OK, 0 rows affected (0.00 sec)
Statement prepared

Query OK, 39 rows affected (0.02 sec)
Records: 39  Duplicates: 0  Warnings: 0

Query OK, 0 rows affected (0.00 sec)

Query OK, 0 rows affected (0.00 sec)

+----------------------------+
| rep_activenumberavgPraslin |
+----------------------------+
|                        987 |
+----------------------------+
1 row in set (0.00 sec)

+-------------------------------+
| rep_activenumberavgPraslin_pv |
+-------------------------------+
|                            39 |
+-------------------------------+
1 row in set (0.00 sec)

mysql> mysql \. C:\workspace\cloud\code\sql\_DailyScript\currenttime.sql
+---------------------+
| currenttime         |
+---------------------+
| 2019-06-24 09:42:29 |
+---------------------+
1 row in set (0.00 sec)

mysql> 
mysql> mysql \. C:\workspace\cloud\code\sql\_DailyScript\budget_actual_analysis_2019.sql
Query OK, 0 rows affected (0.00 sec)

Query OK, 558 rows affected, 3 warnings (0.32 sec)
Records: 558  Duplicates: 0  Warnings: 3

+--------------------+
| budget_actual_2019 |
+--------------------+
|                558 |
+--------------------+
1 row in set (0.00 sec)

Query OK, 0 rows affected (0.04 sec)

Query OK, 48 rows affected (0.04 sec)
Records: 48  Duplicates: 0  Warnings: 0

+---------------------------+
| rep_budget_actual_2019_pv |
+---------------------------+
|                        48 |
+---------------------------+
1 row in set (0.00 sec)

mysql> mysql \. C:\workspace\cloud\code\sql\_DailyScript\currenttime.sql
+---------------------+
| currenttime         |
+---------------------+
| 2019-06-24 09:42:29 |
+---------------------+
1 row in set (0.00 sec)

mysql> 
mysql> mysql \. C:\workspace\cloud\code\sql\_DailyScript\reports-sales-addons-prepaid-camera.sql
Database changed
Query OK, 0 rows affected (0.01 sec)

Query OK, 3669 rows affected (0.29 sec)
Records: 3669  Duplicates: 0  Warnings: 0

Query OK, 0 rows affected (0.01 sec)

Query OK, 16043 rows affected (29.53 sec)
Records: 16043  Duplicates: 0  Warnings: 0

+--------------------+
| rep_prepaid_camera |
+--------------------+
|               3669 |
+--------------------+
1 row in set (0.01 sec)

+-----------+
| rep_addon |
+-----------+
|     16043 |
+-----------+
1 row in set (0.01 sec)

mysql> mysql \. C:\workspace\cloud\code\sql\_DailyScript\currenttime.sql
+---------------------+
| currenttime         |
+---------------------+
| 2019-06-24 09:42:59 |
+---------------------+
1 row in set (0.00 sec)

mysql> 
mysql> mysql \. C:\workspace\cloud\code\sql\_DailyScript\housing-estate-analysis.sql
Database changed
Query OK, 0 rows affected (0.01 sec)

Query OK, 2833 rows affected (1 min 33.87 sec)
Records: 2833  Duplicates: 0  Warnings: 0

+--------------------+
| rep_housingestates |
+--------------------+
|               2833 |
+--------------------+
1 row in set (0.00 sec)

mysql> mysql \. C:\workspace\cloud\code\sql\_DailyScript\currenttime.sql
+---------------------+
| currenttime         |
+---------------------+
| 2019-06-24 09:44:33 |
+---------------------+
1 row in set (0.00 sec)

mysql> 
mysql> mysql \. C:\workspace\cloud\code\sql\_DailyScript\RCB_ClientAnalyticsReport_Script.sql
Database changed
Query OK, 0 rows affected (0.00 sec)

Query OK, 0 rows affected (0.06 sec)

Query OK, 1685951 rows affected (1 min 25.44 sec)
Records: 1685951  Duplicates: 0  Warnings: 0

Query OK, 0 rows affected (8.56 sec)
Records: 0  Duplicates: 0  Warnings: 0

Query OK, 0 rows affected (6.24 sec)
Records: 0  Duplicates: 0  Warnings: 0

Query OK, 0 rows affected (9.80 sec)
Records: 0  Duplicates: 0  Warnings: 0

Query OK, 0 rows affected (10.08 sec)
Records: 0  Duplicates: 0  Warnings: 0

Query OK, 0 rows affected (10.27 sec)
Records: 0  Duplicates: 0  Warnings: 0

Query OK, 0 rows affected (7.50 sec)
Records: 0  Duplicates: 0  Warnings: 0

Query OK, 0 rows affected (0.00 sec)

Query OK, 441570 rows affected (15.72 sec)
Rows matched: 1685951  Changed: 441570  Warnings: 0

Query OK, 0 rows affected (0.01 sec)

Query OK, 27006 rows affected (4.04 sec)
Records: 27006  Duplicates: 0  Warnings: 0

Query OK, 0 rows affected (0.02 sec)

Query OK, 42339 rows affected (11 min 32.68 sec)
Records: 42339  Duplicates: 0  Warnings: 0

Query OK, 0 rows affected (0.19 sec)
Records: 0  Duplicates: 0  Warnings: 0

Query OK, 0 rows affected (0.17 sec)
Records: 0  Duplicates: 0  Warnings: 0

Query OK, 0 rows affected (0.11 sec)
Records: 0  Duplicates: 0  Warnings: 0

Query OK, 0 rows affected (0.07 sec)

Query OK, 415487 rows affected (12 min 13.65 sec)
Records: 415487  Duplicates: 0  Warnings: 0

Query OK, 0 rows affected (1.84 sec)
Records: 0  Duplicates: 0  Warnings: 0

Query OK, 0 rows affected (1.84 sec)
Records: 0  Duplicates: 0  Warnings: 0

Query OK, 0 rows affected (0.98 sec)
Records: 0  Duplicates: 0  Warnings: 0

Query OK, 0 rows affected (1.96 sec)
Records: 0  Duplicates: 0  Warnings: 0

Query OK, 0 rows affected (1.02 sec)
Records: 0  Duplicates: 0  Warnings: 0

Query OK, 0 rows affected (0.01 sec)

Query OK, 42339 rows affected (1 min 31.46 sec)
Records: 42339  Duplicates: 0  Warnings: 0

+--------------+
| clientreport |
+--------------+
|        42339 |
+--------------+
1 row in set (0.02 sec)

Query OK, 0 rows affected (0.01 sec)

Query OK, 42339 rows affected (7.09 sec)
Records: 42339  Duplicates: 0  Warnings: 0

+----------------------+
| clientextendedreport |
+----------------------+
|                42339 |
+----------------------+
1 row in set (0.02 sec)

Query OK, 0 rows affected (0.01 sec)

Query OK, 42339 rows affected (38.20 sec)
Records: 42339  Duplicates: 0  Warnings: 0

+---------+
| allcust |
+---------+
|   42339 |
+---------+
1 row in set (0.02 sec)

Query OK, 0 rows affected, 1 warning (0.00 sec)

Query OK, 5000 rows affected (0.14 sec)
Records: 5000  Duplicates: 0  Warnings: 0

Query OK, 0 rows affected (0.01 sec)

Query OK, 6956 rows affected (0.38 sec)
Records: 6956  Duplicates: 0  Warnings: 0

Query OK, 0 rows affected, 1 warning (0.00 sec)

Query OK, 5000 rows affected (0.15 sec)
Records: 5000  Duplicates: 0  Warnings: 0

Query OK, 0 rows affected (0.00 sec)

Query OK, 7349 rows affected (0.21 sec)
Records: 7349  Duplicates: 0  Warnings: 0

mysql> mysql \. C:\workspace\cloud\code\sql\_DailyScript\currenttime.sql
+---------------------+
| currenttime         |
+---------------------+
| 2019-06-24 10:13:23 |
+---------------------+
1 row in set (0.00 sec)

mysql> 
mysql> mysql \. C:\workspace\cloud\code\sql\_DailyScript\REVENUE_PER_NODE_MXK.sql
Query OK, 0 rows affected (0.00 sec)

Query OK, 0 rows affected (0.01 sec)

Query OK, 0 rows affected (0.01 sec)

Query OK, 5053 rows affected (0.58 sec)
Records: 5053  Duplicates: 0  Warnings: 0

+----------------------+
| message              |
+----------------------+
| created temp table a |
+----------------------+
1 row in set (0.00 sec)

Query OK, 3224 rows affected (0.85 sec)
Records: 3224  Duplicates: 0  Warnings: 0

+----------------------+
| message              |
+----------------------+
| created temp table b |
+----------------------+
1 row in set (0.00 sec)

Query OK, 0 rows affected, 1 warning (0.00 sec)

Query OK, 5192 rows affected (6.06 sec)
Records: 5192  Duplicates: 0  Warnings: 0

+--------------------------------+
| message                        |
+--------------------------------+
| created rcbill_my.tempcustmxk1 |
+--------------------------------+
1 row in set (0.00 sec)

Query OK, 0 rows affected (0.00 sec)

Query OK, 0 rows affected (0.00 sec)

Query OK, 0 rows affected, 1 warning (0.00 sec)

Query OK, 5053 rows affected (0.24 sec)
Records: 5053  Duplicates: 0  Warnings: 0

+----------------+
| message        |
+----------------+
| created temp a |
+----------------+
1 row in set (0.00 sec)

Query OK, 3224 rows affected (0.40 sec)
Records: 3224  Duplicates: 0  Warnings: 0

+----------------+
| message        |
+----------------+
| created temp b |
+----------------+
1 row in set (0.00 sec)

Query OK, 0 rows affected, 1 warning (0.00 sec)

Query OK, 3313 rows affected (3.95 sec)
Records: 3313  Duplicates: 0  Warnings: 0

+--------------------------------+
| message                        |
+--------------------------------+
| created rcbill_my.tempcustmxk2 |
+--------------------------------+
1 row in set (0.00 sec)

Query OK, 0 rows affected (0.00 sec)

Query OK, 0 rows affected (0.00 sec)

Query OK, 0 rows affected, 1 warning (0.00 sec)

Query OK, 0 rows affected (0.00 sec)

Query OK, 5445 rows affected (0.26 sec)
Records: 5445  Duplicates: 0  Warnings: 0

+---------------------------------+
| message                         |
+---------------------------------+
| created rcbill_my.customers_mxk |
+---------------------------------+
1 row in set (0.00 sec)

Query OK, 0 rows affected (0.00 sec)

Query OK, 0 rows affected (0.00 sec)

Query OK, 19528 rows affected (0.44 sec)
Records: 19528  Duplicates: 0  Warnings: 0

+----------------+
| message        |
+----------------+
| created temp a |
+----------------+
1 row in set (0.00 sec)

Query OK, 21440 rows affected (2.14 sec)
Records: 21440  Duplicates: 0  Warnings: 0

+----------------+
| message        |
+----------------+
| created temp c |
+----------------+
1 row in set (0.00 sec)

Query OK, 0 rows affected, 1 warning (0.00 sec)

Query OK, 34604 rows affected (0.47 sec)
Records: 34604  Duplicates: 0  Warnings: 0

+---------------------------------+
| message                         |
+---------------------------------+
| created rcbill_my.tempcustcmts1 |
+---------------------------------+
1 row in set (0.00 sec)

Query OK, 0 rows affected (0.00 sec)

Query OK, 0 rows affected, 1 warning (0.00 sec)

Query OK, 0 rows affected (0.01 sec)

Query OK, 19528 rows affected (0.41 sec)
Records: 19528  Duplicates: 0  Warnings: 0

+----------------+
| message        |
+----------------+
| created temp a |
+----------------+
1 row in set (0.00 sec)

Query OK, 21440 rows affected (1.10 sec)
Records: 21440  Duplicates: 0  Warnings: 0

+----------------+
| message        |
+----------------+
| created temp c |
+----------------+
1 row in set (0.00 sec)

Query OK, 0 rows affected, 1 warning (0.00 sec)

Query OK, 22691 rows affected (0.40 sec)
Records: 22691  Duplicates: 0  Warnings: 0

+---------------------------------+
| message                         |
+---------------------------------+
| created rcbill_my.tempcustcmts2 |
+---------------------------------+
1 row in set (0.00 sec)

Query OK, 0 rows affected (0.01 sec)

Query OK, 0 rows affected, 1 warning (0.00 sec)

Query OK, 0 rows affected (0.01 sec)

Query OK, 0 rows affected (0.01 sec)

Query OK, 19576 rows affected (1.32 sec)
Records: 19576  Duplicates: 0  Warnings: 0

+----------------------------------+
| message                          |
+----------------------------------+
| created rcbill_my.customers_cmts |
+----------------------------------+
1 row in set (0.00 sec)

Query OK, 0 rows affected (0.00 sec)

Query OK, 0 rows affected (0.00 sec)

Query OK, 0 rows affected (0.01 sec)

Query OK, 25021 rows affected (1.37 sec)
Records: 25021  Duplicates: 0  Warnings: 0

+--------------------------------------+
| message                              |
+--------------------------------------+
| created rcbill_my.customers_cmts_mxk |
+--------------------------------------+
1 row in set (0.00 sec)

Query OK, 438062 rows affected (27.33 sec)
Records: 438062  Duplicates: 0  Warnings: 0

+----------------+
| message        |
+----------------+
| created temp a |
+----------------+
1 row in set (0.00 sec)

Query OK, 0 rows affected (0.03 sec)

Query OK, 439485 rows affected (13.57 sec)
Records: 439485  Duplicates: 0  Warnings: 0

+------------------------------------------------+
| message                                        |
+------------------------------------------------+
| created rcbill_my.customers_contracts_cmts_mxk |
+------------------------------------------------+
1 row in set (0.00 sec)

Query OK, 0 rows affected (0.01 sec)

Query OK, 0 rows affected, 1 warning (0.00 sec)

Query OK, 0 rows affected, 1 warning (0.00 sec)

Query OK, 0 rows affected (0.00 sec)

Query OK, 6791 rows affected (3.32 sec)
Rows matched: 6791  Changed: 6791  Warnings: 0

+------------------------------------------------+
| message                                        |
+------------------------------------------------+
| updated rcbill_my.customers_contracts_cmts_mxk |
+------------------------------------------------+
1 row in set (0.00 sec)

Query OK, 0 rows affected (0.03 sec)

Query OK, 1642658 rows affected (4 min 29.90 sec)
Records: 1642658  Duplicates: 0  Warnings: 0

+----------------------------------------+
| message                                |
+----------------------------------------+
| created rcbill_my.customers_collection |
+----------------------------------------+
1 row in set (0.00 sec)

Query OK, 0 rows affected (0.03 sec)

Query OK, 1896700 rows affected (2 min 7.86 sec)
Records: 1896700  Duplicates: 0  Warnings: 0

+------------------------------------------------+
| message                                        |
+------------------------------------------------+
| created rcbill_my.customers_cmts_mxk_cont_coll |
+------------------------------------------------+
1 row in set (0.00 sec)

Query OK, 0 rows affected (0.01 sec)

Query OK, 37328 rows affected (9.13 sec)
Records: 37328  Duplicates: 0  Warnings: 0

+------------------------------------------------------------+
| message                                                    |
+------------------------------------------------------------+
| created rcbill_my.customers_contracts_collection_pivot2019 |
+------------------------------------------------------------+
1 row in set (0.00 sec)

Query OK, 0 rows affected (0.01 sec)

Query OK, 19155 rows affected (7.28 sec)
Records: 19155  Duplicates: 0  Warnings: 0

+--------------------------------------------------+
| message                                          |
+--------------------------------------------------+
| created rcbill_my.customers_collection_pivot2019 |
+--------------------------------------------------+
1 row in set (0.00 sec)

Query OK, 0 rows affected (0.03 sec)

Query OK, 42339 rows affected (1.47 sec)
Records: 42339  Duplicates: 0  Warnings: 0

+------------------------------------------------+
| message                                        |
+------------------------------------------------+
| created rcbill_my.rep_customers_collection2019 |
+------------------------------------------------+
1 row in set (0.00 sec)

Query OK, 0 rows affected (0.00 sec)

Query OK, 0 rows affected, 1 warning (0.00 sec)

Query OK, 409449 rows affected (19.54 sec)
Records: 409449  Duplicates: 0  Warnings: 0

+-------------------------+
| message                 |
+-------------------------+
| created rcbill_my.tempa |
+-------------------------+
1 row in set (0.00 sec)

Query OK, 0 rows affected, 1 warning (0.00 sec)

Query OK, 86659 rows affected (12.44 sec)
Records: 86659  Duplicates: 0  Warnings: 0

+-------------------------+
| message                 |
+-------------------------+
| created rcbill_my.tempb |
+-------------------------+
1 row in set (0.00 sec)

Query OK, 409449 rows affected (9.95 sec)
Records: 409449  Duplicates: 0  Warnings: 0

+-----------+
| message   |
+-----------+
| created a |
+-----------+
1 row in set (0.00 sec)

Query OK, 86758 rows affected (6.40 sec)
Records: 86758  Duplicates: 0  Warnings: 0

+-----------+
| message   |
+-----------+
| created b |
+-----------+
1 row in set (0.00 sec)

Query OK, 0 rows affected (0.28 sec)

Query OK, 0 rows affected (0.01 sec)

Query OK, 0 rows affected (0.02 sec)

Query OK, 412215 rows affected (27.27 sec)
Records: 412215  Duplicates: 0  Warnings: 0

+----------------------------------------------+
| message                                      |
+----------------------------------------------+
| created rcbill_my.cust_cont_payment_cmts_mxk |
+----------------------------------------------+
1 row in set (0.00 sec)

Query OK, 0 rows affected (0.01 sec)

Query OK, 0 rows affected (0.01 sec)

Query OK, 0 rows affected, 1 warning (0.00 sec)

Query OK, 0 rows affected (0.02 sec)

Query OK, 42339 rows affected (11.65 sec)
Records: 42339  Duplicates: 0  Warnings: 0

+--------------------------------------------------+
| message                                          |
+--------------------------------------------------+
| created rcbill_my.rep_cust_cont_payment_cmts_mxk |
+--------------------------------------------------+
1 row in set (0.00 sec)

Query OK, 0 rows affected, 1 warning (0.00 sec)

Query OK, 0 rows affected, 1 warning (0.00 sec)

Query OK, 0 rows affected (0.10 sec)

Query OK, 38309 rows affected, 5 warnings (4.51 sec)
Records: 38309  Duplicates: 0  Warnings: 5

+----------------------+
| rep_custconsolidated |
+----------------------+
|                38309 |
+----------------------+
1 row in set (0.03 sec)

Query OK, 0 rows affected (0.00 sec)

Query OK, 0 rows affected (0.07 sec)

+----------------------------------------------+
| message                                      |
+----------------------------------------------+
| creating rcbill_my.retentioncustomeractivity |
+----------------------------------------------+
1 row in set (0.00 sec)

Query OK, 642 rows affected (0.07 sec)
Records: 642  Duplicates: 0  Warnings: 0

+---------------------------+
| retentioncustomeractivity |
+---------------------------+
|                       642 |
+---------------------------+
1 row in set (0.00 sec)

+-----------+------------------------------------+------------+-------------+-----------------+------------------+---------------------+-------------------+
| HFC_NODE  | NODENAME                           | CMTS_DATE  | INSERTED_ON | UNIQUE_ACCOUNTS | UNIQUE_CONTRACTS | UNIQUE_MAC_INRCBOSS | UNIQUE_MAC_INCMTS |
+-----------+------------------------------------+------------+-------------+-----------------+------------------+---------------------+-------------------+
| NULL      | NULL                               | NULL       | 2019-06-24  |           10573 |            11278 |               11392 |                 0 |
| C5/0/0/U0 | ANSE-BOILEAU-2                     | 2019-06-03 | 2019-06-24  |             165 |              172 |                 165 |               166 |
| C5/0/0/U1 | 500-C3-ANSE-BOILEAU                | 2019-06-03 | 2019-06-24  |             172 |              176 |                 172 |               173 |
| C5/0/1/U0 | 501-C4-LA-MISIERE-LEFT-I           | 2019-06-03 | 2019-06-24  |             199 |              208 |                 198 |               199 |
| C5/0/1/U1 | 501-C5-LA-MISIERE-RIGHT            | 2019-06-03 | 2019-06-24  |             106 |              110 |                 106 |               106 |
| C5/0/1/U2 | 501-C7-LA-MISIERE-LEFT-II          | 2019-06-03 | 2019-06-24  |              99 |              103 |                  99 |                99 |
| C5/0/2/U0 | 502-C8-LA-LOUISE                   | 2019-06-03 | 2019-06-24  |             145 |              146 |                 145 |               145 |
| C5/0/2/U1 | LA-LOUISE-2                        | 2019-06-03 | 2019-06-24  |             144 |              149 |                 144 |               149 |
| C5/0/3/U0 | 504-C6-PETIT-PARIS                 | 2019-06-03 | 2019-06-24  |             161 |              164 |                 161 |               161 |
| C5/0/3/U1 | PETIT-PARIS-23                     | 2019-06-03 | 2019-06-24  |              80 |               83 |                  80 |                81 |
| C5/0/4/U0 | FOUR-SEASONS                       | 2019-06-03 | 2019-06-24  |               6 |               19 |                  19 |                19 |
| C5/0/4/U1 | ANCHOR-CAFE-I                      | 2019-06-03 | 2019-06-24  |             142 |              146 |                 142 |               142 |
| C5/0/4/U2 | ANCHOR-CAFE-II                     | 2019-06-03 | 2019-06-24  |             147 |              150 |                 147 |               149 |
| C5/1/0/U0 | POINTE-LARUE-AIRPORT-23            | 2019-06-03 | 2019-06-24  |             104 |              113 |                 105 |               108 |
| C5/1/0/U1 | PPROVIDENCE-23                     | 2019-06-03 | 2019-06-24  |              29 |               33 |                  30 |                30 |
| C5/1/0/U2 | ROSHE-CAIMAN-23                    | 2019-06-03 | 2019-06-24  |              12 |               13 |                  12 |                12 |
| C5/1/0/U3 | HEAD-OFFICE | HO-23                | 2019-06-03 | 2019-06-24  |              26 |               27 |                  28 |                28 |
| C5/1/1/U1 | C5-UNION-VALE                      | 2019-06-03 | 2019-06-24  |             197 |              204 |                 196 |               197 |
| C5/1/3/U0 | POINTE-LARUE-AIRPORT-27            | 2019-06-03 | 2019-06-24  |             131 |              134 |                 131 |               131 |
| C5/1/3/U1 | PPROVIDENCE-27                     | 2019-06-03 | 2019-06-24  |              36 |               37 |                  36 |                36 |
| C5/1/3/U2 | ROSHE-CAIMAN-27                    | 2019-06-03 | 2019-06-24  |              22 |               22 |                  22 |                22 |
| C5/1/3/U3 | HEAD-OFFICE | HO-27                | 2019-06-03 | 2019-06-24  |              21 |               22 |                  21 |                22 |
| C5/1/4/U0 | ANSE-ROYALE-27                     | 2019-06-03 | 2019-06-24  |             179 |              187 |                 180 |               182 |
| C5/1/4/U1 | GLACIS-2-57                        | 2019-06-03 | 2019-06-24  |             125 |              133 |                 125 |               126 |
| C5/1/4/U3 | GLACIS-1                           | 2019-06-03 | 2019-06-24  |              68 |               70 |                  68 |                69 |
| C6/0/1/U0 | SERRET-ROAD-RIGHT/CURIO/PASCAL     | 2019-06-03 | 2019-06-24  |             121 |              122 |                 121 |               122 |
| C6/0/1/U1 | SERRET-ROAD-LEFT/ST.LOUIS/TOWN     | 2019-06-03 | 2019-06-24  |             107 |              114 |                 107 |               107 |
| C6/0/1/U2 | SERRET-ROAD-RIGHT/CURIO/PASCAL-2   | 2019-06-03 | 2019-06-24  |             126 |              132 |                 126 |               127 |
| C6/0/1/U3 | SERRET-ROAD-LEFT/ST.LOUIS/TOWN-2   | 2019-06-03 | 2019-06-24  |             189 |              196 |                 189 |               189 |
| C6/0/2/U0 | SANS-SOUCIS-I                      | 2019-06-03 | 2019-06-24  |             119 |              123 |                 119 |               119 |
| C6/0/2/U1 | SANS-SOUCIS-II                     | 2019-06-03 | 2019-06-24  |             117 |              122 |                 116 |               116 |
| C6/0/2/U2 | BEL-AIR-27                         | 2019-06-03 | 2019-06-24  |             118 |              124 |                 118 |               119 |
| C6/0/2/U3 | BEL-AIR-38                         | 2019-06-03 | 2019-06-24  |              90 |               93 |                  90 |                91 |
| C6/0/3/U0 | LES-MAMELLES-23                    | 2019-06-03 | 2019-06-24  |              61 |               61 |                  61 |                62 |
| C6/0/3/U1 | VICTORIA-23                        | 2019-06-03 | 2019-06-24  |              23 |               25 |                  23 |                24 |
| C6/0/4/U0 | LES-MAMELLES-27                    | 2019-06-03 | 2019-06-24  |              96 |               97 |                  96 |                96 |
| C6/0/4/U1 | VICTORIA-27                        | 2019-06-03 | 2019-06-24  |              29 |               35 |                  32 |                33 |
| C7/1/0/U0 | LA-RETRAITE-23                     | 2019-06-03 | 2019-06-24  |              96 |               99 |                  96 |                96 |
| C7/1/0/U1 | TEA-FACTORY-23                     | 2019-06-03 | 2019-06-24  |              19 |               22 |                  19 |                19 |
| C7/1/0/U2 | PAS-23                             | 2019-06-03 | 2019-06-24  |              90 |               96 |                  90 |                90 |
| C7/1/1/U0 | REEF-ESTATE-23                     | 2019-06-03 | 2019-06-24  |              91 |               93 |                  92 |                93 |
| C7/1/1/U1 | BEL-OMBRE-NEW-23                   | 2019-06-03 | 2019-06-24  |              30 |               31 |                  32 |                33 |
| C7/1/2/U0 | LA-RETRAITE-27                     | 2019-06-03 | 2019-06-24  |             138 |              147 |                 138 |               138 |
| C7/1/2/U1 | TEA-FACTORY-27                     | 2019-06-03 | 2019-06-24  |              29 |               34 |                  32 |                32 |
| C7/1/2/U2 | PAS-27                             | 2019-06-03 | 2019-06-24  |             118 |              122 |                 118 |               118 |
| C7/1/3/U0 | MT-BUXTON-27                       | 2019-06-03 | 2019-06-24  |             161 |              165 |                 161 |               162 |
| C7/1/3/U1 | MT-BUXTON-23                       | 2019-06-03 | 2019-06-24  |              62 |               64 |                  61 |                62 |
| C7/1/4/U0 | REEF-ESTATE-27                     | 2019-06-03 | 2019-06-24  |              66 |               67 |                  66 |                66 |
| C7/1/4/U1 | BEL-OMBRE-NEW-27                   | 2019-06-03 | 2019-06-24  |              15 |               17 |                  16 |                16 |
| C8/0/0/U0 | POLICE-ACADEMY-1-27 - POINTE LARUE | 2019-06-03 | 2019-06-24  |             193 |              199 |                 193 |               194 |
| C8/0/0/U1 | NULL                               | 2019-06-03 | 2019-06-24  |             107 |              110 |                 107 |               109 |
| C8/0/1/U0 | NULL                               | 2019-06-03 | 2019-06-24  |             167 |              170 |                 167 |               168 |
| C8/0/1/U1 | POLICE-ACADEMY-2-27 - TURTLE BAY   | 2019-06-03 | 2019-06-24  |             152 |              158 |                 153 |               154 |
| C8/0/2/U0 | BEAU-VALLON-LEFT-1-57              | 2019-06-03 | 2019-06-24  |              98 |              103 |                  97 |                97 |
| C8/0/3/U1 | BEAU-VALLON-RIGHT-2-57             | 2019-06-03 | 2019-06-24  |             192 |              201 |                 192 |               193 |
| C8/1/0/U0 | MA-JOIE-NODE-27                    | 2019-06-03 | 2019-06-24  |             158 |              165 |                 158 |               160 |
| C8/1/0/U1 | BELONIE-27                         | 2019-06-03 | 2019-06-24  |             141 |              145 |                 139 |               140 |
| C8/1/0/U3 | MA-JOIE-NODE-23                    | 2019-06-03 | 2019-06-24  |              80 |               80 |                  80 |                80 |
| C8/1/1/U0 | 611-C1-ROJN I                      | 2019-06-03 | 2019-06-24  |             161 |              168 |                 161 |               164 |
| C8/1/1/U1 | 611-C5-ROJN II                     | 2019-06-03 | 2019-06-24  |              81 |               84 |                  81 |                81 |
| C8/1/2/U0 | 612-C2-ANSE-ETOILE                 | 2019-06-03 | 2019-06-24  |             204 |              215 |                 202 |               202 |
| C8/1/2/U1 | ANSE-ETOILE-U2                     | 2019-06-03 | 2019-06-24  |              85 |               85 |                  85 |                85 |
| C8/1/3/U0 | 613-C3-ANSE-GAULETTE I             | 2019-06-03 | 2019-06-24  |              71 |               79 |                  71 |                71 |
| C8/1/3/U1 | 613-C7-ANSE-GAULETTE II            | 2019-06-03 | 2019-06-24  |              65 |               70 |                  65 |                67 |
| C8/1/3/U2 | 613-C3-ANSE-GAULETTE III           | 2019-06-03 | 2019-06-24  |              33 |               35 |                  33 |                34 |
| C8/1/3/U3 | TAKAMAKA I                         | 2019-06-03 | 2019-06-24  |              95 |               98 |                  95 |                95 |
| C8/1/3/U4 | TAKAMAKA II                        | 2019-06-03 | 2019-06-24  |             105 |              106 |                 105 |               105 |
| C8/1/4/U0 | 614-BEOLIERE-NODE-1                | 2019-06-03 | 2019-06-24  |              86 |               90 |                  86 |                87 |
| C8/1/4/U1 | 614-BEOLIERE-NODE-2                | 2019-06-03 | 2019-06-24  |             137 |              144 |                 137 |               138 |
+-----------+------------------------------------+------------+-------------+-----------------+------------------+---------------------+-------------------+
69 rows in set (0.29 sec)

+------------------+------------+-------------+-----------------+------------------+----------------------+-------------------+
| MXK_NAME         | MXK_DATE   | INSERTED_ON | UNIQUE_ACCOUNTS | UNIQUE_CONTRACTS | UNIQUE_FSAN_INRCBOSS | UNIQUE_FSAN_INMXK |
+------------------+------------+-------------+-----------------+------------------+----------------------+-------------------+
| NULL             | NULL       | 2019-06-24  |            2046 |             2114 |                 2098 |                 0 |
| MXK-ANSEETOILE   | 2019-06-03 | 2019-06-24  |              84 |               85 |                   85 |                90 |
| MXK-ANSEROYALE   | 2019-06-03 | 2019-06-24  |             126 |              127 |                  127 |               141 |
| MXK-BEAUVALLON   | 2019-06-03 | 2019-06-24  |             971 |              984 |                  977 |              1016 |
| MXK-MAHE         | 2019-06-03 | 2019-06-24  |             838 |              866 |                  808 |               938 |
| MXK-PERSEVERANCE | 2019-06-03 | 2019-06-24  |             902 |              915 |                  908 |               946 |
+------------------+------------+-------------+-----------------+------------------+----------------------+-------------------+
6 rows in set (0.06 sec)

mysql> mysql \. C:\workspace\cloud\code\sql\_DailyScript\currenttime.sql
+---------------------+
| currenttime         |
+---------------------+
| 2019-06-24 10:22:56 |
+---------------------+
1 row in set (0.00 sec)

mysql> 
mysql> mysql \. C:\workspace\cloud\code\sql\Analysis\service_tickets_assignments.sql
Query OK, 0 rows affected (0.02 sec)

Query OK, 45524 rows affected (10.08 sec)
Records: 45524  Duplicates: 0  Warnings: 0

+-------------------------+
| rep_servicetickets_2019 |
+-------------------------+
|                   45524 |
+-------------------------+
1 row in set (0.05 sec)

mysql> mysql \. C:\workspace\cloud\code\sql\_DailyScript\currenttime.sql
+---------------------+
| currenttime         |
+---------------------+
| 2019-06-24 10:23:06 |
+---------------------+
1 row in set (0.00 sec)

mysql> 
mysql> 
mysql> 
mysql> 
mysql> exit
