    -> 
    -> mysql \. C:\workspace\cloud\code\sql\_DailyScript\_setdates.sql
Database changed
Query OK, 0 rows affected (0.00 sec)

Query OK, 0 rows affected (0.00 sec)

Query OK, 0 rows affected (0.00 sec)

Query OK, 0 rows affected (0.00 sec)

Query OK, 0 rows affected (0.00 sec)

Query OK, 0 rows affected (0.00 sec)

Query OK, 0 rows affected (0.00 sec)

Query OK, 0 rows affected (0.00 sec)

Query OK, 0 rows affected (0.00 sec)

Query OK, 0 rows affected (0.00 sec)

Query OK, 0 rows affected (0.00 sec)

Query OK, 0 rows affected (0.00 sec)

Query OK, 0 rows affected (0.00 sec)

Query OK, 0 rows affected (0.00 sec)

Query OK, 0 rows affected (0.00 sec)

Query OK, 0 rows affected (0.00 sec)

Query OK, 0 rows affected (0.00 sec)

Query OK, 0 rows affected (0.00 sec)

Query OK, 0 rows affected (0.00 sec)

Query OK, 0 rows affected (0.00 sec)

Query OK, 0 rows affected (0.00 sec)

mysql> mysql \. C:\workspace\cloud\code\sql\_DailyScript\currenttime.sql
+---------------------+
| currenttime         |
+---------------------+
| 2019-09-23 08:21:29 |
+---------------------+
1 row in set (0.00 sec)

mysql> 
mysql> mysql \. C:\workspace\cloud\code\sql\_DailyScript\load_RCB_VODTITLES.sql
Database changed
Query OK, 0 rows affected (0.00 sec)

Query OK, 7175 rows affected (0.14 sec)

Query OK, 7177 rows affected, 7177 warnings (0.24 sec)
Records: 7177  Deleted: 0  Skipped: 0  Warnings: 7177

Query OK, 0 rows affected (0.00 sec)

Query OK, 2 rows affected (0.01 sec)

+-----------+
| VODTITLES |
+-----------+
|      7635 |
+-----------+
1 row in set (0.00 sec)

+-----------+-----------+
| titletype | typecount |
+-----------+-----------+
| E         |      5747 |
| N         |       213 |
| T         |      1215 |
| NULL      |      7175 |
+-----------+-----------+
4 rows in set (0.03 sec)

mysql> mysql \. C:\workspace\cloud\code\sql\_DailyScript\currenttime.sql
+---------------------+
| currenttime         |
+---------------------+
| 2019-09-23 08:21:29 |
+---------------------+
1 row in set (0.00 sec)

mysql> 
mysql> mysql \. C:\workspace\cloud\code\sql\_DailyScript\DAILY-SCRIPT-LIVETV-STATS.sql
Database changed
Query OK, 0 rows affected (0.03 sec)

Query OK, 78800 rows affected (1.46 sec)
Records: 78800  Duplicates: 0  Warnings: 0

+------------+------------+----------+--------------+--------------+-----------+-------------+----------+--------+------+------------+---------+---------------+
| Table      | Non_unique | Key_name | Seq_in_index | Column_name  | Collation | Cardinality | Sub_part | Packed | Null | Index_type | Comment | Index_comment |
+------------+------------+----------+--------------+--------------+-----------+-------------+----------+--------+------+------------+---------+---------------+
| templivetv |          1 | idxtv1   |            1 | device       | A         |       78576 |     NULL | NULL   | YES  | BTREE      |         |               |
| templivetv |          1 | idxtv2   |            1 | sessionstart | A         |       78576 |     NULL | NULL   | YES  | BTREE      |         |               |
+------------+------------+----------+--------------+--------------+-----------+-------------+----------+--------+------+------------+---------+---------------+
2 rows in set (0.00 sec)

Query OK, 78703 rows affected (23.88 sec)
Records: 78703  Duplicates: 0  Warnings: 0

Query OK, 2752 rows affected (1.03 sec)
Records: 2752  Duplicates: 0  Warnings: 0

Query OK, 0 rows affected (0.00 sec)

Query OK, 0 rows affected (0.00 sec)

Query OK, 140 rows affected (0.09 sec)
Records: 140  Duplicates: 0  Warnings: 0

Query OK, 0 rows affected (0.04 sec)

Query OK, 89231 rows affected (19 min 26.25 sec)
Records: 89231  Duplicates: 0  Warnings: 0

+-----------------+
| rep_livetvstats |
+-----------------+
|           89231 |
+-----------------+
1 row in set (0.04 sec)

mysql> mysql \. C:\workspace\cloud\code\sql\_DailyScript\currenttime.sql
+---------------------+
| currenttime         |
+---------------------+
| 2019-09-23 08:41:22 |
+---------------------+
1 row in set (0.00 sec)

mysql> 
mysql> mysql \. C:\workspace\cloud\code\sql\_DailyScript\DAILY-SCRIPT-VODTS-STATS.sql
Database changed
Query OK, 0 rows affected (0.01 sec)

Query OK, 3438 rows affected (44.73 sec)
Records: 3438  Duplicates: 0  Warnings: 0

+---------+------------+----------+--------------+--------------+-----------+-------------+----------+--------+------+------------+---------+---------------+
| Table   | Non_unique | Key_name | Seq_in_index | Column_name  | Collation | Cardinality | Sub_part | Packed | Null | Index_type | Comment | Index_comment |
+---------+------------+----------+--------------+--------------+-----------+-------------+----------+--------+------+------------+---------+---------------+
| tempvod |          1 | idxtvod1 |            1 | device       | A         |        3320 |     NULL | NULL   | YES  | BTREE      |         |               |
| tempvod |          1 | idxtvod2 |            1 | sessionstart | A         |        3320 |     NULL | NULL   | YES  | BTREE      |         |               |
+---------+------------+----------+--------------+--------------+-----------+-------------+----------+--------+------+------------+---------+---------------+
2 rows in set (0.00 sec)

Query OK, 3437 rows affected (2.62 sec)
Records: 3437  Duplicates: 0  Warnings: 0

Query OK, 0 rows affected (0.03 sec)

Query OK, 338966 rows affected (34.21 sec)
Records: 338966  Duplicates: 0  Warnings: 0

+--------------+
| rep_vodstats |
+--------------+
|       338966 |
+--------------+
1 row in set (0.13 sec)

Database changed
Query OK, 0 rows affected (0.04 sec)

Query OK, 13198 rows affected (4 min 2.01 sec)
Records: 13198  Duplicates: 0  Warnings: 0

+--------+------------+----------+--------------+--------------+-----------+-------------+----------+--------+------+------------+---------+---------------+
| Table  | Non_unique | Key_name | Seq_in_index | Column_name  | Collation | Cardinality | Sub_part | Packed | Null | Index_type | Comment | Index_comment |
+--------+------------+----------+--------------+--------------+-----------+-------------+----------+--------+------+------------+---------+---------------+
| tempts |          1 | idxtts1  |            1 | device       | A         |       13365 |     NULL | NULL   | YES  | BTREE      |         |               |
| tempts |          1 | idxtts2  |            1 | sessionstart | A         |       13365 |     NULL | NULL   | YES  | BTREE      |         |               |
+--------+------------+----------+--------------+--------------+-----------+-------------+----------+--------+------+------------+---------+---------------+
2 rows in set (0.00 sec)

Query OK, 13178 rows affected (11.63 sec)
Records: 13178  Duplicates: 0  Warnings: 0

Query OK, 0 rows affected (0.01 sec)

Query OK, 24486 rows affected (3 min 39.60 sec)
Records: 24486  Duplicates: 0  Warnings: 0

+-------------+
| rep_tsstats |
+-------------+
|       24486 |
+-------------+
1 row in set (0.01 sec)

mysql> mysql \. C:\workspace\cloud\code\sql\_DailyScript\currenttime.sql
+---------------------+
| currenttime         |
+---------------------+
| 2019-09-23 08:50:37 |
+---------------------+
1 row in set (0.00 sec)

mysql> 
mysql> mysql \. C:\workspace\cloud\code\sql\_DailyScript\DAILY-SCRIPT-RADIO-STATS.sql
Database changed
Query OK, 0 rows affected (0.01 sec)

Query OK, 179634 rows affected (8.02 sec)
Records: 179634  Duplicates: 0  Warnings: 0

+-----------+------------+----------+--------------+--------------+-----------+-------------+----------+--------+------+------------+---------+---------------+
| Table     | Non_unique | Key_name | Seq_in_index | Column_name  | Collation | Cardinality | Sub_part | Packed | Null | Index_type | Comment | Index_comment |
+-----------+------------+----------+--------------+--------------+-----------+-------------+----------+--------+------+------------+---------+---------------+
| tempradio |          1 | idxtrad1 |            1 | device       | A         |      180316 |     NULL | NULL   | YES  | BTREE      |         |               |
| tempradio |          1 | idxtrad2 |            1 | sessionstart | A         |      180316 |     NULL | NULL   | YES  | BTREE      |         |               |
+-----------+------------+----------+--------------+--------------+-----------+-------------+----------+--------+------+------------+---------+---------------+
2 rows in set (0.01 sec)

Query OK, 236 rows affected (5.46 sec)
Records: 236  Duplicates: 0  Warnings: 0

Query OK, 0 rows affected (0.02 sec)

Query OK, 3323 rows affected (0.35 sec)
Records: 3323  Duplicates: 0  Warnings: 0

+----------------+
| rep_radiostats |
+----------------+
|           3323 |
+----------------+
1 row in set (0.00 sec)

mysql> mysql \. C:\workspace\cloud\code\sql\_DailyScript\currenttime.sql
+---------------------+
| currenttime         |
+---------------------+
| 2019-09-23 08:50:51 |
+---------------------+
1 row in set (0.00 sec)

mysql> 
mysql> mysql \. C:\workspace\cloud\code\sql\_DailyScript\DAILY_SCRIPT_TELEMETRY_PIVOT.sql
Query OK, 0 rows affected (0.00 sec)

Query OK, 147 rows affected (0.24 sec)
Records: 147  Duplicates: 0  Warnings: 0

Query OK, 0 rows affected (0.01 sec)

Query OK, 5962 rows affected (1.32 sec)
Records: 5962  Duplicates: 0  Warnings: 0

Query OK, 0 rows affected (0.01 sec)

Query OK, 6 rows affected (0.03 sec)
Records: 6  Duplicates: 0  Warnings: 0

Query OK, 0 rows affected (0.01 sec)

Query OK, 55 rows affected (0.07 sec)
Records: 55  Duplicates: 0  Warnings: 0

mysql> mysql \. C:\workspace\cloud\code\sql\_DailyScript\currenttime.sql
+---------------------+
| currenttime         |
+---------------------+
| 2019-09-23 08:50:53 |
+---------------------+
1 row in set (0.00 sec)

mysql> 
mysql> mysql \. C:\workspace\cloud\code\sql\_DailyScript\telemetry_livetv_ranking2019.sql
Query OK, 0 rows affected (0.00 sec)

Query OK, 147 rows affected (0.03 sec)
Records: 147  Duplicates: 0  Warnings: 0

mysql> mysql \. C:\workspace\cloud\code\sql\_DailyScript\currenttime.sql
+---------------------+
| currenttime         |
+---------------------+
| 2019-09-23 08:50:53 |
+---------------------+
1 row in set (0.00 sec)

mysql> 
mysql> mysql \. C:\workspace\cloud\code\sql\_DailyScript\telemetry_radio_ranking2019.sql
Query OK, 0 rows affected (0.00 sec)

Query OK, 6 rows affected (0.01 sec)
Records: 6  Duplicates: 0  Warnings: 0

mysql> mysql \. C:\workspace\cloud\code\sql\_DailyScript\currenttime.sql
+---------------------+
| currenttime         |
+---------------------+
| 2019-09-23 08:50:53 |
+---------------------+
1 row in set (0.00 sec)

mysql> 
mysql> mysql \. C:\workspace\cloud\code\sql\_DailyScript\telemetry_ts_ranking2019.sql
Query OK, 0 rows affected (0.01 sec)

Query OK, 55 rows affected (0.01 sec)
Records: 55  Duplicates: 0  Warnings: 0

mysql> mysql \. C:\workspace\cloud\code\sql\_DailyScript\currenttime.sql
+---------------------+
| currenttime         |
+---------------------+
| 2019-09-23 08:50:53 |
+---------------------+
1 row in set (0.00 sec)

mysql> 
mysql> mysql \. C:\workspace\cloud\code\sql\_DailyScript\telemetry_vod_ranking2019.sql
Query OK, 0 rows affected (0.01 sec)

Query OK, 5962 rows affected (0.30 sec)
Records: 5962  Duplicates: 0  Warnings: 0

mysql> mysql \. C:\workspace\cloud\code\sql\_DailyScript\currenttime.sql
+---------------------+
| currenttime         |
+---------------------+
| 2019-09-23 08:50:53 |
+---------------------+
1 row in set (0.00 sec)

mysql> 
mysql> mysql \. C:\workspace\cloud\code\sql\_DailyScript\telemetry_vod_ranking2019_1.sql
Query OK, 0 rows affected (0.01 sec)

Query OK, 5962 rows affected (0.17 sec)
Records: 5962  Duplicates: 0  Warnings: 0

mysql> mysql \. C:\workspace\cloud\code\sql\_DailyScript\currenttime.sql
+---------------------+
| currenttime         |
+---------------------+
| 2019-09-23 08:50:54 |
+---------------------+
1 row in set (0.00 sec)

mysql> 
mysql> mysql \. C:\workspace\cloud\code\sql\_DailyScript\telemetry_vod_ranking2019_2.sql
Query OK, 0 rows affected (0.01 sec)

Query OK, 5962 rows affected (0.14 sec)
Records: 5962  Duplicates: 0  Warnings: 0

mysql> mysql \. C:\workspace\cloud\code\sql\_DailyScript\currenttime.sql
+---------------------+
| currenttime         |
+---------------------+
| 2019-09-23 08:50:54 |
+---------------------+
1 row in set (0.00 sec)

mysql> 
mysql> mysql \. C:\workspace\cloud\code\sql\_DailyScript\DAILY-SCRIPT-CREATE-LOAD.sql
Database changed
Database changed
Query OK, 0 rows affected (0.03 sec)

Query OK, 0 rows affected (0.01 sec)

Database changed
Query OK, 65685 rows affected (3.12 sec)
Records: 65685  Deleted: 0  Skipped: 0  Warnings: 0

Query OK, 0 rows affected (0.19 sec)
Records: 0  Duplicates: 0  Warnings: 0

Query OK, 0 rows affected (0.36 sec)
Records: 0  Duplicates: 0  Warnings: 0

Query OK, 0 rows affected (0.37 sec)
Records: 0  Duplicates: 0  Warnings: 0

Query OK, 0 rows affected (0.35 sec)
Records: 0  Duplicates: 0  Warnings: 0

+---------+
| clients |
+---------+
|   65685 |
+---------+
1 row in set (0.04 sec)

Query OK, 0 rows affected (0.01 sec)

Query OK, 2301 rows affected (0.58 sec)
Records: 2301  Duplicates: 0  Warnings: 0

+-------------------+
| rcb_clientparcels |
+-------------------+
|              2301 |
+-------------------+
1 row in set (0.00 sec)

Query OK, 0 rows affected (0.03 sec)

Query OK, 85531 rows affected (4.43 sec)
Records: 85531  Duplicates: 0  Warnings: 0

Query OK, 0 rows affected (0.38 sec)
Records: 0  Duplicates: 0  Warnings: 0

Query OK, 0 rows affected (0.03 sec)

Query OK, 65685 rows affected (3.43 sec)
Records: 65685  Duplicates: 0  Warnings: 0

Query OK, 0 rows affected (0.25 sec)
Records: 0  Duplicates: 0  Warnings: 0

Query OK, 0 rows affected (0.30 sec)
Records: 0  Duplicates: 0  Warnings: 0

Query OK, 0 rows affected (0.23 sec)
Records: 0  Duplicates: 0  Warnings: 0

+---------------+
| clientaddress |
+---------------+
|         65685 |
+---------------+
1 row in set (0.02 sec)

Database changed
Query OK, 0 rows affected (0.03 sec)

Query OK, 0 rows affected (0.00 sec)

Database changed
Query OK, 487448 rows affected, 65535 warnings (20.84 sec)
Records: 487448  Deleted: 0  Skipped: 0  Warnings: 191234

Query OK, 0 rows affected (6.00 sec)
Records: 0  Duplicates: 0  Warnings: 0

Query OK, 0 rows affected (3.44 sec)
Records: 0  Duplicates: 0  Warnings: 0

Query OK, 0 rows affected (1.86 sec)
Records: 0  Duplicates: 0  Warnings: 0

Query OK, 0 rows affected (0.02 sec)

Query OK, 487448 rows affected (56.90 sec)
Records: 487448  Duplicates: 0  Warnings: 0

Query OK, 0 rows affected (2.64 sec)
Records: 0  Duplicates: 0  Warnings: 0

Query OK, 0 rows affected (1.95 sec)
Records: 0  Duplicates: 0  Warnings: 0

+-----------+
| contracts |
+-----------+
|    487448 |
+-----------+
1 row in set (0.18 sec)

+-----------------+
| contractaddress |
+-----------------+
|          487448 |
+-----------------+
1 row in set (0.16 sec)

Database changed
Query OK, 0 rows affected (0.01 sec)

Query OK, 0 rows affected (0.01 sec)

Query OK, 7052 rows affected (0.17 sec)
Records: 7052  Deleted: 0  Skipped: 0  Warnings: 0

Query OK, 0 rows affected (0.05 sec)

Query OK, 7021 rows affected (1.53 sec)
Records: 7021  Duplicates: 0  Warnings: 0

Query OK, 0 rows affected (0.04 sec)
Records: 0  Duplicates: 0  Warnings: 0

Query OK, 0 rows affected (0.01 sec)

Query OK, 5515 rows affected (0.12 sec)
Records: 5515  Duplicates: 0  Warnings: 0

Query OK, 0 rows affected (0.03 sec)
Records: 0  Duplicates: 0  Warnings: 0

+-------------------+
| contractdiscounts |
+-------------------+
|              7052 |
+-------------------+
1 row in set (0.00 sec)

+-------------------------+
| clientcontractdiscounts |
+-------------------------+
|                    7021 |
+-------------------------+
1 row in set (0.00 sec)

+----------------------------+
| clientcontractlastdiscount |
+----------------------------+
|                       5515 |
+----------------------------+
1 row in set (0.00 sec)

Database changed
Query OK, 0 rows affected (0.25 sec)

Query OK, 0 rows affected (0.01 sec)

Database changed
Query OK, 130449 rows affected (3.84 sec)
Records: 130449  Deleted: 0  Skipped: 0  Warnings: 0

Query OK, 0 rows affected (0.35 sec)
Records: 0  Duplicates: 0  Warnings: 0

Query OK, 0 rows affected (0.93 sec)
Records: 0  Duplicates: 0  Warnings: 0

Query OK, 0 rows affected (0.43 sec)
Records: 0  Duplicates: 0  Warnings: 0

Query OK, 0 rows affected (0.39 sec)
Records: 0  Duplicates: 0  Warnings: 0

Query OK, 0 rows affected (0.59 sec)
Records: 0  Duplicates: 0  Warnings: 0

Query OK, 0 rows affected (0.84 sec)
Records: 0  Duplicates: 0  Warnings: 0

Query OK, 0 rows affected (0.19 sec)

Query OK, 1664098 rows affected (3 min 12.86 sec)
Records: 1664098  Duplicates: 0  Warnings: 0

+---------+
| devices |
+---------+
|  130449 |
+---------+
1 row in set (0.05 sec)

+-----------------------+
| clientcontractdevices |
+-----------------------+
|               1664098 |
+-----------------------+
1 row in set (0.78 sec)

Query OK, 0 rows affected (0.03 sec)

Query OK, 130428 rows affected (7.92 sec)
Records: 130428  Duplicates: 0  Warnings: 0

+---------------------------+
| rep_clientcontractdevices |
+---------------------------+
|                    130428 |
+---------------------------+
1 row in set (0.05 sec)

Database changed
Query OK, 0 rows affected (0.19 sec)

Query OK, 0 rows affected (0.01 sec)

Query OK, 256503 rows affected (8.19 sec)
Records: 256503  Deleted: 0  Skipped: 0  Warnings: 0

Query OK, 0 rows affected (0.75 sec)
Records: 0  Duplicates: 0  Warnings: 0

Query OK, 0 rows affected (0.75 sec)
Records: 0  Duplicates: 0  Warnings: 0

Query OK, 0 rows affected (0.71 sec)
Records: 0  Duplicates: 0  Warnings: 0

Query OK, 0 rows affected (0.62 sec)
Records: 0  Duplicates: 0  Warnings: 0

+---------+
| tickets |
+---------+
|  256503 |
+---------+
1 row in set (0.09 sec)

Database changed
Query OK, 0 rows affected (0.01 sec)

Query OK, 0 rows affected (0.02 sec)

Empty set (0.00 sec)

Query OK, 0 rows affected (0.01 sec)
Records: 0  Duplicates: 0  Warnings: 0

Query OK, 315 rows affected, 2 warnings (0.02 sec)
Records: 315  Deleted: 0  Skipped: 0  Warnings: 2

+-----------------+
| tickettechusers |
+-----------------+
|             315 |
+-----------------+
1 row in set (0.00 sec)

Database changed
Query OK, 0 rows affected (0.03 sec)

Query OK, 0 rows affected (0.00 sec)

Query OK, 0 rows affected (0.01 sec)
Records: 0  Duplicates: 0  Warnings: 0

Query OK, 540104 rows affected, 42799 warnings (10.75 sec)
Records: 540104  Deleted: 0  Skipped: 0  Warnings: 42799

+-------------------+
| ticketassignments |
+-------------------+
|            540104 |
+-------------------+
1 row in set (0.18 sec)

Database changed
Query OK, 0 rows affected (0.16 sec)

Query OK, 0 rows affected (0.01 sec)

Query OK, 1121136 rows affected (17.94 sec)
Records: 1121136  Deleted: 0  Skipped: 0  Warnings: 0

Query OK, 0 rows affected (8.11 sec)
Records: 0  Duplicates: 0  Warnings: 0

Query OK, 0 rows affected (3.89 sec)
Records: 0  Duplicates: 0  Warnings: 0

Query OK, 0 rows affected (3.00 sec)
Records: 0  Duplicates: 0  Warnings: 0

Query OK, 0 rows affected (3.74 sec)
Records: 0  Duplicates: 0  Warnings: 0

+----------------+
| ticketcomments |
+----------------+
|        1121136 |
+----------------+
1 row in set (0.41 sec)

Database changed
Query OK, 0 rows affected (0.01 sec)

Query OK, 0 rows affected (0.01 sec)

Query OK, 417943 rows affected (47.86 sec)
Records: 417943  Deleted: 0  Skipped: 0  Warnings: 0

Query OK, 0 rows affected (2.95 sec)
Records: 0  Duplicates: 0  Warnings: 0

+----------+
| comments |
+----------+
|   417943 |
+----------+
1 row in set (0.16 sec)

Database changed
Query OK, 0 rows affected (0.04 sec)

Query OK, 0 rows affected (0.01 sec)

Query OK, 945300 rows affected, 65535 warnings (1 min 10.56 sec)
Records: 945300  Deleted: 0  Skipped: 0  Warnings: 945301

Query OK, 0 rows affected (4.88 sec)
Records: 0  Duplicates: 0  Warnings: 0

Query OK, 0 rows affected (3.65 sec)
Records: 0  Duplicates: 0  Warnings: 0

Query OK, 0 rows affected (3.59 sec)
Records: 0  Duplicates: 0  Warnings: 0

Query OK, 0 rows affected (3.15 sec)
Records: 0  Duplicates: 0  Warnings: 0

Query OK, 0 rows affected (4.34 sec)
Records: 0  Duplicates: 0  Warnings: 0

+------------+
| devicesold |
+------------+
|     945300 |
+------------+
1 row in set (2.02 sec)

Database changed
Query OK, 0 rows affected (0.11 sec)

Query OK, 0 rows affected (0.05 sec)

Query OK, 1657425 rows affected (30.57 sec)
Records: 1657425  Deleted: 0  Skipped: 0  Warnings: 0

Query OK, 0 rows affected (8.46 sec)
Records: 0  Duplicates: 0  Warnings: 0

Query OK, 0 rows affected (5.22 sec)
Records: 0  Duplicates: 0  Warnings: 0

Query OK, 0 rows affected (5.68 sec)
Records: 0  Duplicates: 0  Warnings: 0

+------------------+
| contractservices |
+------------------+
|          1657425 |
+------------------+
1 row in set (0.58 sec)

Database changed
Query OK, 0 rows affected (0.22 sec)

Query OK, 0 rows affected (0.01 sec)

Query OK, 3771776 rows affected (2 min 12.33 sec)
Records: 3771776  Deleted: 0  Skipped: 0  Warnings: 0

Query OK, 0 rows affected (16.01 sec)
Records: 0  Duplicates: 0  Warnings: 0

Query OK, 0 rows affected (15.13 sec)
Records: 0  Duplicates: 0  Warnings: 0

Query OK, 0 rows affected (12.90 sec)
Records: 0  Duplicates: 0  Warnings: 0

Query OK, 0 rows affected (15.94 sec)
Records: 0  Duplicates: 0  Warnings: 0

+------------------+
| invoicescontents |
+------------------+
|          3771776 |
+------------------+
1 row in set (1.37 sec)

Database changed
Query OK, 0 rows affected (0.11 sec)

Query OK, 0 rows affected (0.01 sec)

Query OK, 2614953 rows affected (3 min 43.60 sec)
Records: 2614953  Deleted: 0  Skipped: 0  Warnings: 0

Query OK, 0 rows affected (17.75 sec)
Records: 0  Duplicates: 0  Warnings: 0

Query OK, 0 rows affected (14.74 sec)
Records: 0  Duplicates: 0  Warnings: 0

Query OK, 0 rows affected (14.58 sec)
Records: 0  Duplicates: 0  Warnings: 0

Query OK, 0 rows affected (11.43 sec)
Records: 0  Duplicates: 0  Warnings: 0

Query OK, 0 rows affected (12.65 sec)
Records: 0  Duplicates: 0  Warnings: 0

+----------------+
| invoicesheader |
+----------------+
|        2614953 |
+----------------+
1 row in set (0.96 sec)

Database changed
Query OK, 0 rows affected (0.04 sec)

Query OK, 0 rows affected (0.25 sec)

Query OK, 2725543 rows affected (1 min 36.77 sec)
Records: 2725543  Deleted: 0  Skipped: 0  Warnings: 0

Query OK, 0 rows affected (16.54 sec)
Records: 0  Duplicates: 0  Warnings: 0

Query OK, 0 rows affected (11.82 sec)
Records: 0  Duplicates: 0  Warnings: 0

Query OK, 0 rows affected (8.58 sec)
Records: 0  Duplicates: 0  Warnings: 0

Query OK, 0 rows affected (10.88 sec)
Records: 0  Duplicates: 0  Warnings: 0

+---------+
| casa    |
+---------+
| 2725543 |
+---------+
1 row in set (0.96 sec)

Query OK, 0 rows affected (0.02 sec)

Query OK, 12914 rows affected (1 min 24.58 sec)
Records: 12914  Duplicates: 0  Warnings: 0

+--------------------+
| rep_paycol_channel |
+--------------------+
|              12914 |
+--------------------+
1 row in set (0.01 sec)

Query OK, 0 rows affected (0.01 sec)

Query OK, 8663 rows affected (1 min 39.41 sec)
Records: 8663  Duplicates: 0  Warnings: 0

+----------------+
| rep_paycol_pos |
+----------------+
|           8663 |
+----------------+
1 row in set (0.00 sec)

Database changed
Query OK, 0 rows affected (0.01 sec)

Query OK, 0 rows affected (0.01 sec)

Database changed
Query OK, 38453 rows affected (1.06 sec)
Records: 38453  Deleted: 0  Skipped: 0  Warnings: 0

+-------+
| users |
+-------+
| 38453 |
+-------+
1 row in set (0.02 sec)

Database changed
Query OK, 0 rows affected (0.05 sec)

Query OK, 0 rows affected (0.01 sec)

Database changed
Query OK, 9306521 rows affected (2 min 41.78 sec)
Records: 9306521  Deleted: 0  Skipped: 0  Warnings: 0

Query OK, 0 rows affected (36.23 sec)
Records: 0  Duplicates: 0  Warnings: 0

Query OK, 0 rows affected (34.88 sec)
Records: 0  Duplicates: 0  Warnings: 0

Query OK, 0 rows affected (32.86 sec)
Records: 0  Duplicates: 0  Warnings: 0

Query OK, 0 rows affected (31.74 sec)
Records: 0  Duplicates: 0  Warnings: 0

+----------+
| ipusage1 |
+----------+
|  9306521 |
+----------+
1 row in set (7.46 sec)

Query OK, 0 rows affected (0.09 sec)

Query OK, 9385521 rows affected, 65535 warnings (12 min 30.45 sec)
Records: 9385521  Duplicates: 0  Warnings: 9382844

Query OK, 0 rows affected (31.28 sec)
Records: 0  Duplicates: 0  Warnings: 0

Query OK, 0 rows affected (37.54 sec)
Records: 0  Duplicates: 0  Warnings: 0

Query OK, 0 rows affected (36.01 sec)
Records: 0  Duplicates: 0  Warnings: 0

Query OK, 0 rows affected (35.89 sec)
Records: 0  Duplicates: 0  Warnings: 0

Query OK, 0 rows affected (51.55 sec)
Records: 0  Duplicates: 0  Warnings: 0

Query OK, 0 rows affected (1 min 1.26 sec)
Records: 0  Duplicates: 0  Warnings: 0

Query OK, 0 rows affected (47.67 sec)
Records: 0  Duplicates: 0  Warnings: 0

+---------+
| ipusage |
+---------+
| 9385521 |
+---------+
1 row in set (7.22 sec)

Query OK, 0 rows affected (0.05 sec)

Query OK, 2401127 rows affected (2 min 46.03 sec)
Records: 2401127  Duplicates: 0  Warnings: 0

Query OK, 0 rows affected (9.99 sec)
Records: 0  Duplicates: 0  Warnings: 0

Query OK, 0 rows affected (9.38 sec)
Records: 0  Duplicates: 0  Warnings: 0

Query OK, 0 rows affected (10.93 sec)
Records: 0  Duplicates: 0  Warnings: 0

Query OK, 0 rows affected (16.33 sec)
Records: 0  Duplicates: 0  Warnings: 0

Query OK, 0 rows affected (13.06 sec)
Records: 0  Duplicates: 0  Warnings: 0

Query OK, 0 rows affected (0.05 sec)

Query OK, 181514 rows affected (23.14 sec)
Records: 181514  Duplicates: 0  Warnings: 0

Query OK, 0 rows affected (0.76 sec)
Records: 0  Duplicates: 0  Warnings: 0

Query OK, 0 rows affected (0.64 sec)
Records: 0  Duplicates: 0  Warnings: 0

Query OK, 0 rows affected (0.82 sec)
Records: 0  Duplicates: 0  Warnings: 0

Query OK, 0 rows affected (0.47 sec)
Records: 0  Duplicates: 0  Warnings: 0

Query OK, 0 rows affected (0.44 sec)
Records: 0  Duplicates: 0  Warnings: 0

Query OK, 0 rows affected (0.06 sec)

Query OK, 1657247 rows affected (1 min 8.25 sec)
Records: 1657247  Duplicates: 0  Warnings: 0

Query OK, 0 rows affected (10.44 sec)
Records: 0  Duplicates: 0  Warnings: 0

Query OK, 0 rows affected (8.11 sec)
Records: 0  Duplicates: 0  Warnings: 0

Query OK, 0 rows affected (7.22 sec)
Records: 0  Duplicates: 0  Warnings: 0

mysql> mysql \. C:\workspace\cloud\code\sql\_DailyScript\currenttime.sql
+---------------------+
| currenttime         |
+---------------------+
| 2019-09-23 09:42:38 |
+---------------------+
1 row in set (0.00 sec)

mysql> 
mysql> mysql \. C:\workspace\cloud\code\sql\_DailyScript\ticket_analysis.sql
Database changed
Query OK, 0 rows affected (0.04 sec)

Query OK, 482116 rows affected (22.94 sec)
Records: 482116  Duplicates: 0  Warnings: 0

Query OK, 0 rows affected (6.96 sec)
Records: 0  Duplicates: 0  Warnings: 0

Query OK, 0 rows affected (1.76 sec)
Records: 0  Duplicates: 0  Warnings: 0

Query OK, 0 rows affected (1.78 sec)
Records: 0  Duplicates: 0  Warnings: 0

Query OK, 0 rows affected (0.03 sec)

Query OK, 16603 rows affected (11.59 sec)
Records: 16603  Duplicates: 0  Warnings: 0

Query OK, 0 rows affected, 1 warning (0.00 sec)

Query OK, 66282 rows affected (7.07 sec)
Records: 66282  Duplicates: 0  Warnings: 0

Query OK, 0 rows affected, 1 warning (0.00 sec)

Query OK, 344704 rows affected (17.54 sec)
Records: 344704  Duplicates: 0  Warnings: 0

Query OK, 0 rows affected, 1 warning (0.00 sec)

Query OK, 344704 rows affected (14.57 sec)
Records: 344704  Duplicates: 0  Warnings: 0

Query OK, 0 rows affected (0.01 sec)

Query OK, 66328 rows affected (5.54 sec)
Records: 66328  Duplicates: 0  Warnings: 0

Database changed
Query OK, 0 rows affected (0.00 sec)

Query OK, 0 rows affected (0.03 sec)

Query OK, 482116 rows affected (20.30 sec)
Records: 482116  Duplicates: 0  Warnings: 0

Query OK, 0 rows affected (0.01 sec)

Query OK, 232657 rows affected (16.88 sec)
Records: 232657  Duplicates: 0  Warnings: 0

+--------------------------+
| clientticket_cmmtjourney |
+--------------------------+
|                   482116 |
+--------------------------+
1 row in set (3.49 sec)

+---------------------------+
| clientticket_assgnjourney |
+---------------------------+
|                    232657 |
+---------------------------+
1 row in set (0.36 sec)

Query OK, 0 rows affected (0.04 sec)

Query OK, 78 rows affected (0.13 sec)
Records: 78  Duplicates: 0  Warnings: 0

mysql> mysql \. C:\workspace\cloud\code\sql\_DailyScript\currenttime.sql
+---------------------+
| currenttime         |
+---------------------+
| 2019-09-23 09:44:49 |
+---------------------+
1 row in set (0.02 sec)

mysql> 
mysql> mysql \. C:\workspace\cloud\code\sql\_DailyScript\load_DailyCalls.sql
Database changed
Query OK, 230 rows affected (0.23 sec)
Records: 230  Deleted: 0  Skipped: 0  Warnings: 0

Query OK, 0 rows affected, 1 warning (0.02 sec)

Query OK, 223 rows affected (0.21 sec)
Records: 223  Duplicates: 0  Warnings: 0

Query OK, 0 rows affected, 1 warning (0.02 sec)

Query OK, 67456 rows affected (0.51 sec)
Records: 67456  Duplicates: 0  Warnings: 0

+----------------------+
| callingclientsbefore |
+----------------------+
|               755722 |
+----------------------+
1 row in set (0.98 sec)

Query OK, 325 rows affected (5.92 sec)
Records: 325  Duplicates: 0  Warnings: 0

+---------------------+
| callingclientsafter |
+---------------------+
|              756047 |
+---------------------+
1 row in set (0.25 sec)

Query OK, 0 rows affected (0.01 sec)

Query OK, 160 rows affected (12.53 sec)
Records: 160  Duplicates: 0  Warnings: 0

Query OK, 0 rows affected (0.00 sec)

Query OK, 15570 rows affected (3.27 sec)
Records: 15570  Duplicates: 0  Warnings: 0

+-----------+
| callstats |
+-----------+
|     15570 |
+-----------+
1 row in set (0.01 sec)

Query OK, 0 rows affected, 1 warning (0.00 sec)

Query OK, 325 rows affected (16.65 sec)
Records: 325  Duplicates: 0  Warnings: 0

+------------------------+
| rep_cccallreportbefore |
+------------------------+
|                 759559 |
+------------------------+
1 row in set (0.28 sec)

Query OK, 325 rows affected (1.01 sec)
Records: 325  Duplicates: 0  Warnings: 0

+-----------------------+
| rep_cccallreportafter |
+-----------------------+
|                759884 |
+-----------------------+
1 row in set (0.26 sec)

Query OK, 0 rows affected (0.00 sec)

mysql> mysql \. C:\workspace\cloud\code\sql\_DailyScript\currenttime.sql
+---------------------+
| currenttime         |
+---------------------+
| 2019-09-23 09:45:31 |
+---------------------+
1 row in set (0.00 sec)

mysql> 
mysql> mysql \. C:\workspace\cloud\code\sql\_DailyScript\DAILY-SCRIPT-USAGE.sql
Database changed
Query OK, 0 rows affected (0.00 sec)

Query OK, 6427 rows affected, 18646 warnings (5.63 sec)
Records: 6427  Deleted: 0  Skipped: 0  Warnings: 18646

Query OK, 0 rows affected (0.00 sec)

Query OK, 10370 rows affected, 29998 warnings (6.32 sec)
Records: 10370  Deleted: 0  Skipped: 0  Warnings: 29998

Query OK, 0 rows affected (0.00 sec)

Query OK, 56 rows affected, 202 warnings (0.05 sec)
Records: 56  Deleted: 0  Skipped: 0  Warnings: 202

Query OK, 0 rows affected (0.00 sec)

Query OK, 221 rows affected, 777 warnings (0.04 sec)
Records: 221  Deleted: 0  Skipped: 0  Warnings: 777

+------------+
| dailyusage |
+------------+
|    7876128 |
+------------+
1 row in set (19.77 sec)

+------------+------------+------------+---------+
| datestart  | dateend    | insertedon | records |
+------------+------------+------------+---------+
| 2019-09-22 | 2019-09-22 | 2019-09-23 |   17074 |
| 2019-09-21 | 2019-09-21 | 2019-09-22 |   17421 |
| 2019-09-20 | 2019-09-20 | 2019-09-21 |   17251 |
| 2019-09-19 | 2019-09-19 | 2019-09-20 |   17349 |
| 2019-09-18 | 2019-09-18 | 2019-09-19 |   17308 |
+------------+------------+------------+---------+
5 rows in set (2 min 1.91 sec)

mysql> mysql \. C:\workspace\cloud\code\sql\_DailyScript\currenttime.sql
+---------------------+
| currenttime         |
+---------------------+
| 2019-09-23 09:48:05 |
+---------------------+
1 row in set (0.00 sec)

mysql> 
mysql> mysql \. C:\workspace\cloud\code\sql\_DailyScript\DAILY-SCRIPT-SALES-TELEMETRY.sql
Database changed
Query OK, 22 rows affected, 4 warnings (0.06 sec)
Records: 22  Deleted: 0  Skipped: 0  Warnings: 4

+------------+
| dailysales |
+------------+
|     167574 |
+------------+
1 row in set (0.44 sec)

Query OK, 0 rows affected (0.02 sec)

Query OK, 167574 rows affected (20.16 sec)
Records: 167574  Duplicates: 0  Warnings: 0

+--------+
| sales  |
+--------+
| 167574 |
+--------+
1 row in set (0.09 sec)

Query OK, 0 rows affected (0.00 sec)

Query OK, 2686 rows affected (0.34 sec)
Records: 2686  Duplicates: 0  Warnings: 0

+----------------+
| rep_dailysales |
+----------------+
|           2686 |
+----------------+
1 row in set (0.00 sec)

Query OK, 0 rows affected (0.01 sec)

Query OK, 2686 rows affected (0.57 sec)
Records: 2686  Duplicates: 0  Warnings: 0

+-------------------+
| rep_dailysalesreg |
+-------------------+
|              2686 |
+-------------------+
1 row in set (0.00 sec)

Query OK, 0 rows affected (0.00 sec)

Query OK, 2516 rows affected (0.69 sec)
Records: 2516  Duplicates: 0  Warnings: 0

+-----------+
| saleslist |
+-----------+
|      2516 |
+-----------+
1 row in set (0.00 sec)

Database changed
ERROR 2 (HY000): File 'C:\ProgramData\MySQL\MySQL Server 5.7\Uploads\_csv\PrepaidCardSales-22092019-P1.csv' not found (Errcode: 2 - No such file or directory)
+------------------+
| dailysinglesales |
+------------------+
|             5963 |
+------------------+
1 row in set (0.05 sec)

Database changed
Query OK, 14 rows affected (0.02 sec)
Records: 14  Deleted: 0  Skipped: 0  Warnings: 0

+-----------------+
| dailyaddonsales |
+-----------------+
|           17020 |
+-----------------+
1 row in set (0.21 sec)

Query OK, 96 rows affected (0.10 sec)
Records: 96  Deleted: 0  Skipped: 0  Warnings: 0

+----------------+
| onlinepayments |
+----------------+
|          64808 |
+----------------+
1 row in set (0.17 sec)

+-------------+----------------+---------------------+
| paymentdate | onlinepayments | onlinepaymentamount |
+-------------+----------------+---------------------+
| 2019-09-22  |             96 |         60471.99000 |
| 2019-09-21  |             85 |         55796.31000 |
| 2019-09-20  |            109 |         61837.57000 |
| 2019-09-19  |             86 |         40276.08000 |
| 2019-09-18  |             52 |         34261.70000 |
+-------------+----------------+---------------------+
5 rows in set (2.50 sec)

+-------------+--------------+----------------+---------------------+
| paymentyear | paymentmonth | onlinepayments | onlinepaymentamount |
+-------------+--------------+----------------+---------------------+
|        2019 |            9 |           2000 |       1265682.69000 |
|        2019 |            8 |           3117 |       1993718.27000 |
|        2019 |            7 |           3028 |       2000847.29000 |
|        2019 |            6 |           2798 |       1782990.54000 |
|        2019 |            5 |           2949 |       1930613.93000 |
+-------------+--------------+----------------+---------------------+
5 rows in set (0.08 sec)

mysql> mysql \. C:\workspace\cloud\code\sql\_DailyScript\currenttime.sql
+---------------------+
| currenttime         |
+---------------------+
| 2019-09-23 09:48:31 |
+---------------------+
1 row in set (0.00 sec)

mysql> 
mysql> mysql \. C:\workspace\cloud\code\sql\_DailyScript\DAILY-SCRIPT-ACTIVENUMBERS.sql
Database changed
Query OK, 1262 rows affected (1.33 sec)
Records: 1262  Deleted: 0  Skipped: 0  Warnings: 0

+------------+----------+
| period     | count(1) |
+------------+----------+
| 2019-09-22 |     1262 |
| 2019-09-21 |     1262 |
| 2019-09-20 |     1263 |
| 2019-09-19 |     1263 |
| 2019-09-18 |     1261 |
| 2019-09-17 |     1261 |
+------------+----------+
6 rows in set (0.01 sec)

Query OK, 0 rows affected (0.00 sec)

Query OK, 80 rows affected (1.83 sec)
Records: 80  Duplicates: 0  Warnings: 0

+-------------+
| packagelist |
+-------------+
|          80 |
+-------------+
1 row in set (0.00 sec)

Database changed
Query OK, 0 rows affected (0.00 sec)

Query OK, 0 rows affected (0.00 sec)

Query OK, 0 rows affected (0.00 sec)

Query OK, 0 rows affected (0.00 sec)

Query OK, 26895 rows affected, 198 warnings (57.00 sec)
Records: 26895  Deleted: 0  Skipped: 0  Warnings: 198

+------------+----------+
| period     | count(1) |
+------------+----------+
| 2019-09-22 |    26895 |
| 2019-09-21 |    27027 |
| 2019-09-20 |    27048 |
| 2019-09-19 |    26983 |
| 2019-09-18 |    27133 |
+------------+----------+
5 rows in set (0.15 sec)

Query OK, 0 rows affected (0.05 sec)

Query OK, 26268 rows affected (2 min 34.61 sec)
Records: 26268  Duplicates: 0  Warnings: 0

Query OK, 0 rows affected (0.18 sec)
Records: 0  Duplicates: 0  Warnings: 0

Query OK, 0 rows affected (0.18 sec)
Records: 0  Duplicates: 0  Warnings: 0

Query OK, 0 rows affected (0.12 sec)
Records: 0  Duplicates: 0  Warnings: 0

Query OK, 0 rows affected (0.10 sec)
Records: 0  Duplicates: 0  Warnings: 0

Query OK, 0 rows affected (0.08 sec)
Records: 0  Duplicates: 0  Warnings: 0

Query OK, 0 rows affected (0.10 sec)
Records: 0  Duplicates: 0  Warnings: 0

+-------------+
| countbefore |
+-------------+
|    29538741 |
+-------------+
1 row in set (1 min 15.65 sec)

Query OK, 26268 rows affected (27.10 sec)
Records: 26268  Duplicates: 0  Warnings: 0

+------------+
| countafter |
+------------+
|   29565009 |
+------------+
1 row in set (13.16 sec)

+------------+--------------------------+
| period     | customercontractactivity |
+------------+--------------------------+
| 2019-09-22 |                    26268 |
| 2019-09-21 |                    26400 |
| 2019-09-20 |                    26422 |
| 2019-09-19 |                    26356 |
| 2019-09-18 |                    26506 |
+------------+--------------------------+
5 rows in set (0.07 sec)

Query OK, 0 rows affected (0.02 sec)

Query OK, 228416 rows affected (14 min 53.63 sec)
Records: 228416  Duplicates: 0  Warnings: 0

Query OK, 0 rows affected (1.04 sec)
Records: 0  Duplicates: 0  Warnings: 0

Query OK, 0 rows affected (1.33 sec)
Records: 0  Duplicates: 0  Warnings: 0

Query OK, 0 rows affected (1.00 sec)
Records: 0  Duplicates: 0  Warnings: 0

Query OK, 0 rows affected (0.04 sec)

Query OK, 252 rows affected (0.56 sec)
Records: 252  Duplicates: 0  Warnings: 0

Query OK, 0 rows affected (0.00 sec)

Query OK, 2502 rows affected (0.72 sec)
Records: 2502  Duplicates: 0  Warnings: 0

Query OK, 0 rows affected (0.01 sec)

Query OK, 26258 rows affected (0.68 sec)
Records: 26258  Duplicates: 0  Warnings: 0

Query OK, 0 rows affected (0.03 sec)

Query OK, 16772 rows affected (0.42 sec)
Records: 16772  Duplicates: 0  Warnings: 0

Query OK, 0 rows affected (0.03 sec)

Query OK, 16772 rows affected (0.12 sec)
Records: 16772  Duplicates: 0  Warnings: 0

Query OK, 0 rows affected (0.01 sec)

Query OK, 16772 rows affected (2.21 sec)
Records: 16772  Duplicates: 0  Warnings: 0

Query OK, 0 rows affected (0.04 sec)

Query OK, 16772 rows affected (48.41 sec)
Records: 16772  Duplicates: 0  Warnings: 0

+-------------+
| clientstats |
+-------------+
|       16772 |
+-------------+
1 row in set (0.01 sec)

Query OK, 0 rows affected (0.01 sec)

Query OK, 13 rows affected, 1 warning (0.26 sec)
Records: 13  Duplicates: 0  Warnings: 1

+-----------------------+-------------+-------------+----------------+-----------------+
| services              | activecount | allaccounts | uniqueaccounts | uniquecontracts |
+-----------------------+-------------+-------------+----------------+-----------------+
| All                   |         213 |          39 |             39 |             126 |
| Internet & Voice      |         424 |         194 |            194 |             378 |
| Internet Only         |        4172 |        4069 |           4064 |            4114 |
| OTT Only              |           3 |           3 |              3 |               3 |
| TV & Internet         |        8633 |        3778 |           3770 |            7680 |
| TV & Internet & OTT   |        2336 |         624 |            624 |            1282 |
| TV & Internet & Voice |         448 |         128 |            128 |             394 |
| TV & OTT              |         344 |          66 |             66 |              81 |
| TV & Voice            |         109 |          46 |             46 |              96 |
| TV & Voice & OTT      |           3 |           1 |              1 |               2 |
| TV Only               |       10166 |        7644 |           7638 |            7828 |
| Voice Only            |         181 |         180 |            180 |             181 |
| GRAND TOTAL           |       27032 |       16772 |          16704 |           22165 |
+-----------------------+-------------+-------------+----------------+-----------------+
13 rows in set (0.00 sec)

+-------------+-------------+-------------+----------------+-----------------+
| network     | activecount | allaccounts | uniqueaccounts | uniquecontracts |
+-------------+-------------+-------------+----------------+-----------------+
| ADDON       |          14 |          10 |             10 |              10 |
| GPON        |        7170 |        3616 |           3613 |            5472 |
| HFC         |       19847 |       13145 |          13145 |           16682 |
| MOBILE TV   |           1 |           1 |              1 |               1 |
| GRAND TOTAL |       27032 |       16772 |          16704 |           22165 |
+-------------+-------------+-------------+----------------+-----------------+
5 rows in set, 1 warning (0.14 sec)

+-------------+-----------------------+-------------+-------------+----------------+-----------------+
| network     | services              | activecount | allaccounts | uniqueaccounts | uniquecontracts |
+-------------+-----------------------+-------------+-------------+----------------+-----------------+
| ADDON       | OTT Only              |           2 |           2 |              2 |               2 |
| ADDON       | TV & OTT              |           4 |           1 |              1 |               1 |
| ADDON       | TV Only               |           8 |           7 |              7 |               7 |
| ADDON       | Services Total        |          14 |          10 |             10 |              10 |
| GPON        | All                   |          94 |          18 |             18 |              56 |
| GPON        | Internet & Voice      |          61 |          25 |             25 |              51 |
| GPON        | Internet Only         |         944 |         870 |            870 |             890 |
| GPON        | TV & Internet         |        2971 |        1240 |           1240 |            2541 |
| GPON        | TV & Internet & OTT   |        1200 |         316 |            316 |             652 |
| GPON        | TV & Internet & Voice |         127 |          35 |             35 |             107 |
| GPON        | TV & OTT              |          77 |          25 |             25 |              26 |
| GPON        | TV & Voice            |          49 |          19 |             19 |              41 |
| GPON        | TV Only               |        1639 |        1060 |           1060 |            1100 |
| GPON        | Voice Only            |           8 |           8 |              8 |               8 |
| GPON        | Services Total        |        7170 |        3616 |           3613 |            5472 |
| HFC         | All                   |         119 |          21 |             21 |              70 |
| HFC         | Internet & Voice      |         363 |         169 |            169 |             327 |
| HFC         | Internet Only         |        3228 |        3199 |           3199 |            3224 |
| HFC         | TV & Internet         |        5662 |        2538 |           2538 |            5139 |
| HFC         | TV & Internet & OTT   |        1136 |         308 |            308 |             630 |
| HFC         | TV & Internet & Voice |         321 |          93 |             93 |             287 |
| HFC         | TV & OTT              |         263 |          40 |             40 |              54 |
| HFC         | TV & Voice            |          60 |          27 |             27 |              55 |
| HFC         | TV & Voice & OTT      |           3 |           1 |              1 |               2 |
| HFC         | TV Only               |        8519 |        6577 |           6577 |            6721 |
| HFC         | Voice Only            |         173 |         172 |            172 |             173 |
| HFC         | Services Total        |       19847 |       13145 |          13145 |           16682 |
| MOBILE TV   | OTT Only              |           1 |           1 |              1 |               1 |
| MOBILE TV   | Services Total        |           1 |           1 |              1 |               1 |
| GRAND TOTAL | Services Total        |       27032 |       16772 |          16704 |           22165 |
+-------------+-----------------------+-------------+-------------+----------------+-----------------+
30 rows in set, 2 warnings (0.15 sec)

Query OK, 0 rows affected (0.00 sec)

Query OK, 47 rows affected, 3 warnings (0.22 sec)
Records: 47  Duplicates: 0  Warnings: 3

+-------------+---------------+-----------------------+-------------+-------------+----------------+-----------------+
| region      | network       | services              | activecount | allaccounts | uniqueaccounts | uniquecontracts |
+-------------+---------------+-----------------------+-------------+-------------+----------------+-----------------+
| Mahe        | ADDON         | OTT Only              |           2 |           2 |              2 |               2 |
| Mahe        | ADDON         | TV & OTT              |           4 |           1 |              1 |               1 |
| Mahe        | ADDON         | TV Only               |           4 |           3 |              3 |               3 |
| Mahe        | ADDON         | Services Total        |          10 |           6 |              6 |               6 |
| Mahe        | GPON          | All                   |          73 |          14 |             14 |              44 |
| Mahe        | GPON          | Internet & Voice      |          49 |          19 |             19 |              39 |
| Mahe        | GPON          | Internet Only         |         741 |         667 |            667 |             687 |
| Mahe        | GPON          | TV & Internet         |        2136 |         883 |            883 |            1801 |
| Mahe        | GPON          | TV & Internet & OTT   |         804 |         202 |            202 |             415 |
| Mahe        | GPON          | TV & Internet & Voice |         112 |          31 |             31 |              93 |
| Mahe        | GPON          | TV & OTT              |          41 |          11 |             11 |              11 |
| Mahe        | GPON          | TV & Voice            |          46 |          18 |             18 |              38 |
| Mahe        | GPON          | TV Only               |        1221 |         770 |            770 |             792 |
| Mahe        | GPON          | Voice Only            |           7 |           7 |              7 |               7 |
| Mahe        | GPON          | Services Total        |        5230 |        2622 |           2622 |            3927 |
| Mahe        | HFC           | All                   |         119 |          21 |             21 |              70 |
| Mahe        | HFC           | Internet & Voice      |         363 |         169 |            169 |             327 |
| Mahe        | HFC           | Internet Only         |        3228 |        3199 |           3199 |            3224 |
| Mahe        | HFC           | TV & Internet         |        5662 |        2538 |           2538 |            5139 |
| Mahe        | HFC           | TV & Internet & OTT   |        1136 |         308 |            308 |             630 |
| Mahe        | HFC           | TV & Internet & Voice |         321 |          93 |             93 |             287 |
| Mahe        | HFC           | TV & OTT              |         263 |          40 |             40 |              54 |
| Mahe        | HFC           | TV & Voice            |          60 |          27 |             27 |              55 |
| Mahe        | HFC           | TV & Voice & OTT      |           3 |           1 |              1 |               2 |
| Mahe        | HFC           | TV Only               |        8514 |        6574 |           6574 |            6718 |
| Mahe        | HFC           | Voice Only            |         173 |         172 |            172 |             173 |
| Mahe        | HFC           | Services Total        |       19842 |       13142 |          13142 |           16679 |
| Mahe        | MOBILE TV     | OTT Only              |           1 |           1 |              1 |               1 |
| Mahe        | MOBILE TV     | Services Total        |           1 |           1 |              1 |               1 |
| Mahe        | Network Total | Services Total        |       25083 |       15771 |          15709 |           20613 |
| Praslin     | ADDON         | TV Only               |           4 |           4 |              4 |               4 |
| Praslin     | ADDON         | Services Total        |           4 |           4 |              4 |               4 |
| Praslin     | GPON          | All                   |          21 |           4 |              4 |              12 |
| Praslin     | GPON          | Internet & Voice      |          12 |           6 |              6 |              12 |
| Praslin     | GPON          | Internet Only         |         203 |         203 |            203 |             203 |
| Praslin     | GPON          | TV & Internet         |         835 |         357 |            357 |             740 |
| Praslin     | GPON          | TV & Internet & OTT   |         396 |         114 |            114 |             237 |
| Praslin     | GPON          | TV & Internet & Voice |          15 |           4 |              4 |              14 |
| Praslin     | GPON          | TV & OTT              |          36 |          14 |             14 |              15 |
| Praslin     | GPON          | TV & Voice            |           3 |           1 |              1 |               3 |
| Praslin     | GPON          | TV Only               |         418 |         290 |            290 |             308 |
| Praslin     | GPON          | Voice Only            |           1 |           1 |              1 |               1 |
| Praslin     | GPON          | Services Total        |        1940 |         994 |            994 |            1545 |
| Praslin     | HFC           | TV Only               |           5 |           3 |              3 |               3 |
| Praslin     | HFC           | Services Total        |           5 |           3 |              3 |               3 |
| Praslin     | Network Total | Services Total        |        1949 |        1001 |            998 |            1552 |
| GRAND TOTAL | Network Total | Services Total        |       27032 |       16772 |          16704 |           22165 |
+-------------+---------------+-----------------------+-------------+-------------+----------------+-----------------+
47 rows in set (0.00 sec)

Query OK, 0 rows affected (0.02 sec)

Query OK, 26259 rows affected (0.51 sec)
Records: 26259  Duplicates: 0  Warnings: 0

Query OK, 0 rows affected (0.00 sec)

Query OK, 1938 rows affected (9.85 sec)
Records: 1938  Duplicates: 0  Warnings: 0

+--------------------------------------+
| message                              |
+--------------------------------------+
| running rcbill_my.sp_ActiveNumber2() |
+--------------------------------------+
1 row in set (0.00 sec)

Query OK, 265 rows affected (2 min 59.60 sec)

mysql> mysql \. C:\workspace\cloud\code\sql\_DailyScript\currenttime.sql
+---------------------+
| currenttime         |
+---------------------+
| 2019-09-23 10:13:04 |
+---------------------+
1 row in set (0.00 sec)

mysql> 
mysql> mysql \. C:\workspace\cloud\code\sql\_DailyScript\GetActiveNumbers Average -Pivot.sql
Database changed
+-------------------------------------+
| @today := subdate(current_date(),1) |
+-------------------------------------+
| 2019-09-22                          |
+-------------------------------------+
1 row in set (0.00 sec)

+-------------------------------------+
| @lastdayofmonth := last_day(@today) |
+-------------------------------------+
| 2019-09-30                          |
+-------------------------------------+
1 row in set (0.00 sec)

Query OK, 0 rows affected (0.02 sec)

Query OK, 32644 rows affected, 65535 warnings (56.18 sec)
Records: 32644  Duplicates: 0  Warnings: 68010

Query OK, 0 rows affected (0.13 sec)
Records: 0  Duplicates: 0  Warnings: 0

Query OK, 0 rows affected (0.12 sec)
Records: 0  Duplicates: 0  Warnings: 0

Query OK, 0 rows affected (0.10 sec)
Records: 0  Duplicates: 0  Warnings: 0

+-----------------+
| activenumberavg |
+-----------------+
|           32644 |
+-----------------+
1 row in set (0.01 sec)

Query OK, 0 rows affected (0.02 sec)

Query OK, 1777 rows affected (0.48 sec)
Records: 1777  Duplicates: 0  Warnings: 0

+---------------------+
| rep_activenumberavg |
+---------------------+
|                1777 |
+---------------------+
1 row in set (0.00 sec)

+----------------------+
| rep_activenumberavg1 |
+----------------------+
|                  843 |
+----------------------+
1 row in set (0.00 sec)

Query OK, 0 rows affected (0.01 sec)

Query OK, 1669 rows affected (0.43 sec)
Records: 1669  Duplicates: 0  Warnings: 0

Query OK, 0 rows affected (0.05 sec)

Query OK, 8448 rows affected (0.69 sec)
Records: 8448  Duplicates: 0  Warnings: 0

Query OK, 0 rows affected (0.00 sec)

Query OK, 0 rows affected (0.00 sec)

Query OK, 0 rows affected (0.00 sec)

Query OK, 0 rows affected (0.00 sec)

Query OK, 0 rows affected (0.00 sec)
Statement prepared

Query OK, 53 rows affected (0.03 sec)
Records: 53  Duplicates: 0  Warnings: 0

Query OK, 0 rows affected (0.00 sec)

Query OK, 0 rows affected (0.00 sec)

+----------------------+
| rep_activenumberavg2 |
+----------------------+
|                 1669 |
+----------------------+
1 row in set (0.00 sec)

+------------------------+
| rep_activenumberavg_pv |
+------------------------+
|                     53 |
+------------------------+
1 row in set (0.00 sec)

Query OK, 0 rows affected (0.02 sec)

Query OK, 1669 rows affected (0.34 sec)
Records: 1669  Duplicates: 0  Warnings: 0

Query OK, 0 rows affected (0.00 sec)

Query OK, 0 rows affected (0.00 sec)

Query OK, 0 rows affected (0.00 sec)

Query OK, 0 rows affected (0.00 sec)

Query OK, 0 rows affected (0.00 sec)
Statement prepared

Query OK, 53 rows affected (0.03 sec)
Records: 53  Duplicates: 0  Warnings: 0

Query OK, 0 rows affected (0.00 sec)

Query OK, 0 rows affected (0.00 sec)

+-------------------------+
| rep_activenumberavgMahe |
+-------------------------+
|                    1669 |
+-------------------------+
1 row in set (0.00 sec)

+----------------------------+
| rep_activenumberavgMahe_pv |
+----------------------------+
|                         53 |
+----------------------------+
1 row in set (0.00 sec)

Query OK, 0 rows affected (0.00 sec)

Query OK, 1068 rows affected (0.15 sec)
Records: 1068  Duplicates: 0  Warnings: 0

Query OK, 0 rows affected (0.00 sec)

Query OK, 0 rows affected (0.00 sec)

Query OK, 0 rows affected (0.01 sec)

Query OK, 0 rows affected (0.00 sec)

Query OK, 0 rows affected (0.00 sec)
Statement prepared

Query OK, 39 rows affected (0.03 sec)
Records: 39  Duplicates: 0  Warnings: 0

Query OK, 0 rows affected (0.00 sec)

Query OK, 0 rows affected (0.00 sec)

+----------------------------+
| rep_activenumberavgPraslin |
+----------------------------+
|                       1068 |
+----------------------------+
1 row in set (0.00 sec)

+-------------------------------+
| rep_activenumberavgPraslin_pv |
+-------------------------------+
|                            39 |
+-------------------------------+
1 row in set (0.00 sec)

mysql> mysql \. C:\workspace\cloud\code\sql\_DailyScript\currenttime.sql
+---------------------+
| currenttime         |
+---------------------+
| 2019-09-23 10:14:03 |
+---------------------+
1 row in set (0.00 sec)

mysql> 
mysql> mysql \. C:\workspace\cloud\code\sql\_DailyScript\budget_actual_analysis_2019.sql
Query OK, 0 rows affected (0.00 sec)

Query OK, 564 rows affected, 3 warnings (0.41 sec)
Records: 564  Duplicates: 0  Warnings: 3

+--------------------+
| budget_actual_2019 |
+--------------------+
|                564 |
+--------------------+
1 row in set (0.00 sec)

Query OK, 0 rows affected (0.00 sec)

Query OK, 48 rows affected (0.05 sec)
Records: 48  Duplicates: 0  Warnings: 0

+---------------------------+
| rep_budget_actual_2019_pv |
+---------------------------+
|                        48 |
+---------------------------+
1 row in set (0.00 sec)

mysql> mysql \. C:\workspace\cloud\code\sql\_DailyScript\currenttime.sql
+---------------------+
| currenttime         |
+---------------------+
| 2019-09-23 10:14:03 |
+---------------------+
1 row in set (0.00 sec)

mysql> 
mysql> mysql \. C:\workspace\cloud\code\sql\_DailyScript\reports-sales-addons-prepaid-camera.sql
Database changed
Query OK, 0 rows affected (0.01 sec)

Query OK, 3802 rows affected (0.35 sec)
Records: 3802  Duplicates: 0  Warnings: 0

Query OK, 0 rows affected (0.00 sec)

Query OK, 17041 rows affected (31.91 sec)
Records: 17041  Duplicates: 0  Warnings: 0

+--------------------+
| rep_prepaid_camera |
+--------------------+
|               3802 |
+--------------------+
1 row in set (0.01 sec)

+-----------+
| rep_addon |
+-----------+
|     17041 |
+-----------+
1 row in set (0.01 sec)

mysql> mysql \. C:\workspace\cloud\code\sql\_DailyScript\currenttime.sql
+---------------------+
| currenttime         |
+---------------------+
| 2019-09-23 10:14:35 |
+---------------------+
1 row in set (0.00 sec)

mysql> 
mysql> mysql \. C:\workspace\cloud\code\sql\_DailyScript\housing-estate-analysis.sql
Database changed
Query OK, 0 rows affected (0.01 sec)

Query OK, 2877 rows affected (1 min 56.39 sec)
Records: 2877  Duplicates: 0  Warnings: 0

+--------------------+
| rep_housingestates |
+--------------------+
|               2877 |
+--------------------+
1 row in set (0.00 sec)

mysql> mysql \. C:\workspace\cloud\code\sql\_DailyScript\currenttime.sql
+---------------------+
| currenttime         |
+---------------------+
| 2019-09-23 10:16:32 |
+---------------------+
1 row in set (0.00 sec)

mysql> 
mysql> mysql \. C:\workspace\cloud\code\sql\_DailyScript\RCB_ClientAnalyticsReport_Script.sql
Database changed
Query OK, 0 rows affected (0.00 sec)

Query OK, 0 rows affected (0.06 sec)

Query OK, 1739384 rows affected (1 min 31.46 sec)
Records: 1739384  Duplicates: 0  Warnings: 0

Query OK, 0 rows affected (9.92 sec)
Records: 0  Duplicates: 0  Warnings: 0

Query OK, 0 rows affected (5.47 sec)
Records: 0  Duplicates: 0  Warnings: 0

Query OK, 0 rows affected (10.28 sec)
Records: 0  Duplicates: 0  Warnings: 0

Query OK, 0 rows affected (9.17 sec)
Records: 0  Duplicates: 0  Warnings: 0

Query OK, 0 rows affected (11.98 sec)
Records: 0  Duplicates: 0  Warnings: 0

Query OK, 0 rows affected (7.66 sec)
Records: 0  Duplicates: 0  Warnings: 0

Query OK, 0 rows affected (0.00 sec)

Query OK, 451997 rows affected (15.47 sec)
Rows matched: 1739384  Changed: 451997  Warnings: 0

Query OK, 0 rows affected (0.01 sec)

Query OK, 27113 rows affected (4.45 sec)
Records: 27113  Duplicates: 0  Warnings: 0

Query OK, 0 rows affected (0.02 sec)

Query OK, 42655 rows affected (11 min 11.35 sec)
Records: 42655  Duplicates: 0  Warnings: 0

Query OK, 0 rows affected (0.31 sec)
Records: 0  Duplicates: 0  Warnings: 0

Query OK, 0 rows affected (0.35 sec)
Records: 0  Duplicates: 0  Warnings: 0

Query OK, 0 rows affected (0.10 sec)
Records: 0  Duplicates: 0  Warnings: 0

Query OK, 0 rows affected (0.05 sec)

Query OK, 424336 rows affected (13 min 14.91 sec)
Records: 424336  Duplicates: 0  Warnings: 0

Query OK, 0 rows affected (1.71 sec)
Records: 0  Duplicates: 0  Warnings: 0

Query OK, 0 rows affected (1.82 sec)
Records: 0  Duplicates: 0  Warnings: 0

Query OK, 0 rows affected (0.93 sec)
Records: 0  Duplicates: 0  Warnings: 0

Query OK, 0 rows affected (2.05 sec)
Records: 0  Duplicates: 0  Warnings: 0

Query OK, 0 rows affected (1.11 sec)
Records: 0  Duplicates: 0  Warnings: 0

Query OK, 0 rows affected (0.08 sec)

Query OK, 42655 rows affected (1 min 36.21 sec)
Records: 42655  Duplicates: 0  Warnings: 0

+--------------+
| clientreport |
+--------------+
|        42655 |
+--------------+
1 row in set (0.02 sec)

Query OK, 0 rows affected (0.01 sec)

Query OK, 42655 rows affected (6.84 sec)
Records: 42655  Duplicates: 0  Warnings: 0

+----------------------+
| clientextendedreport |
+----------------------+
|                42655 |
+----------------------+
1 row in set (0.02 sec)

Query OK, 0 rows affected (0.04 sec)

Query OK, 42655 rows affected (54.85 sec)
Records: 42655  Duplicates: 0  Warnings: 0

+---------+
| allcust |
+---------+
|   42655 |
+---------+
1 row in set (0.01 sec)

Query OK, 0 rows affected, 1 warning (0.00 sec)

Query OK, 5000 rows affected (0.17 sec)
Records: 5000  Duplicates: 0  Warnings: 0

Query OK, 0 rows affected (0.01 sec)

Query OK, 6888 rows affected (0.39 sec)
Records: 6888  Duplicates: 0  Warnings: 0

Query OK, 0 rows affected, 1 warning (0.00 sec)

Query OK, 5000 rows affected (0.16 sec)
Records: 5000  Duplicates: 0  Warnings: 0

Query OK, 0 rows affected (0.01 sec)

Query OK, 7330 rows affected (0.23 sec)
Records: 7330  Duplicates: 0  Warnings: 0

mysql> mysql \. C:\workspace\cloud\code\sql\_DailyScript\currenttime.sql
+---------------------+
| currenttime         |
+---------------------+
| 2019-09-23 10:46:32 |
+---------------------+
1 row in set (0.00 sec)

mysql> 
mysql> mysql \. C:\workspace\cloud\code\sql\_DailyScript\REVENUE_PER_NODE_MXK.sql
Query OK, 0 rows affected (0.01 sec)

Query OK, 0 rows affected (0.01 sec)

Query OK, 0 rows affected (0.01 sec)

Query OK, 4900 rows affected (2.45 sec)
Records: 4900  Duplicates: 0  Warnings: 0

+----------------------+
| message              |
+----------------------+
| created temp table a |
+----------------------+
1 row in set (0.00 sec)

Query OK, 5311 rows affected (1.24 sec)
Records: 5311  Duplicates: 0  Warnings: 0

+----------------------+
| message              |
+----------------------+
| created temp table b |
+----------------------+
1 row in set (0.00 sec)

Query OK, 0 rows affected, 1 warning (0.00 sec)

Query OK, 5188 rows affected (10.29 sec)
Records: 5188  Duplicates: 0  Warnings: 0

+--------------------------------+
| message                        |
+--------------------------------+
| created rcbill_my.tempcustmxk1 |
+--------------------------------+
1 row in set (0.01 sec)

Query OK, 0 rows affected (0.01 sec)

Query OK, 0 rows affected (0.00 sec)

Query OK, 0 rows affected, 1 warning (0.00 sec)

Query OK, 4900 rows affected (1.14 sec)
Records: 4900  Duplicates: 0  Warnings: 0

+----------------+
| message        |
+----------------+
| created temp a |
+----------------+
1 row in set (0.00 sec)

Query OK, 5311 rows affected (0.44 sec)
Records: 5311  Duplicates: 0  Warnings: 0

+----------------+
| message        |
+----------------+
| created temp b |
+----------------+
1 row in set (0.00 sec)

Query OK, 0 rows affected, 1 warning (0.00 sec)

Query OK, 5404 rows affected (6.59 sec)
Records: 5404  Duplicates: 0  Warnings: 0

+--------------------------------+
| message                        |
+--------------------------------+
| created rcbill_my.tempcustmxk2 |
+--------------------------------+
1 row in set (0.00 sec)

Query OK, 0 rows affected (0.00 sec)

Query OK, 0 rows affected (0.00 sec)

Query OK, 0 rows affected, 1 warning (0.00 sec)

Query OK, 0 rows affected (0.05 sec)

Query OK, 5831 rows affected (0.31 sec)
Records: 5831  Duplicates: 0  Warnings: 0

+---------------------------------+
| message                         |
+---------------------------------+
| created rcbill_my.customers_mxk |
+---------------------------------+
1 row in set (0.00 sec)

Query OK, 0 rows affected (0.00 sec)

Query OK, 0 rows affected (0.00 sec)

Query OK, 13320 rows affected (5.87 sec)
Records: 13320  Duplicates: 0  Warnings: 0

+----------------+
| message        |
+----------------+
| created temp a |
+----------------+
1 row in set (0.00 sec)

Query OK, 20750 rows affected (1.87 sec)
Records: 20750  Duplicates: 0  Warnings: 0

+----------------+
| message        |
+----------------+
| created temp c |
+----------------+
1 row in set (0.00 sec)

Query OK, 0 rows affected, 1 warning (0.00 sec)

Query OK, 27454 rows affected (0.43 sec)
Records: 27454  Duplicates: 0  Warnings: 0

+---------------------------------+
| message                         |
+---------------------------------+
| created rcbill_my.tempcustcmts1 |
+---------------------------------+
1 row in set (0.00 sec)

Query OK, 0 rows affected (0.00 sec)

Query OK, 0 rows affected, 1 warning (0.00 sec)

Query OK, 0 rows affected (0.01 sec)

Query OK, 13320 rows affected (6.65 sec)
Records: 13320  Duplicates: 0  Warnings: 0

+----------------+
| message        |
+----------------+
| created temp a |
+----------------+
1 row in set (0.00 sec)

Query OK, 20750 rows affected (1.41 sec)
Records: 20750  Duplicates: 0  Warnings: 0

+----------------+
| message        |
+----------------+
| created temp c |
+----------------+
1 row in set (0.00 sec)

Query OK, 0 rows affected, 1 warning (0.00 sec)

Query OK, 21663 rows affected (0.32 sec)
Records: 21663  Duplicates: 0  Warnings: 0

+---------------------------------+
| message                         |
+---------------------------------+
| created rcbill_my.tempcustcmts2 |
+---------------------------------+
1 row in set (0.00 sec)

Query OK, 0 rows affected (0.01 sec)

Query OK, 0 rows affected, 1 warning (0.00 sec)

Query OK, 0 rows affected (0.01 sec)

Query OK, 0 rows affected (0.01 sec)

Query OK, 13433 rows affected (1.32 sec)
Records: 13433  Duplicates: 0  Warnings: 0

+----------------------------------+
| message                          |
+----------------------------------+
| created rcbill_my.customers_cmts |
+----------------------------------+
1 row in set (0.00 sec)

Query OK, 0 rows affected (0.01 sec)

Query OK, 0 rows affected (0.00 sec)

Query OK, 0 rows affected (0.14 sec)

Query OK, 16805 rows affected (0.97 sec)
Records: 16805  Duplicates: 0  Warnings: 0

+--------------------------------------+
| message                              |
+--------------------------------------+
| created rcbill_my.customers_cmts_mxk |
+--------------------------------------+
1 row in set (0.00 sec)

Query OK, 448183 rows affected (1 min 17.29 sec)
Records: 448183  Duplicates: 0  Warnings: 0

+----------------+
| message        |
+----------------+
| created temp a |
+----------------+
1 row in set (0.00 sec)

Query OK, 0 rows affected (0.07 sec)

Query OK, 448858 rows affected (13.39 sec)
Records: 448858  Duplicates: 0  Warnings: 0

+------------------------------------------------+
| message                                        |
+------------------------------------------------+
| created rcbill_my.customers_contracts_cmts_mxk |
+------------------------------------------------+
1 row in set (0.00 sec)

Query OK, 0 rows affected (0.01 sec)

Query OK, 0 rows affected, 1 warning (0.00 sec)

Query OK, 0 rows affected, 1 warning (0.00 sec)

Query OK, 0 rows affected (0.00 sec)

Query OK, 7736 rows affected (3.17 sec)
Rows matched: 7736  Changed: 7736  Warnings: 0

+------------------------------------------------+
| message                                        |
+------------------------------------------------+
| updated rcbill_my.customers_contracts_cmts_mxk |
+------------------------------------------------+
1 row in set (0.00 sec)

Query OK, 0 rows affected (0.03 sec)

Query OK, 1705060 rows affected (4 min 58.36 sec)
Records: 1705060  Duplicates: 0  Warnings: 0

+----------------------------------------+
| message                                |
+----------------------------------------+
| created rcbill_my.customers_collection |
+----------------------------------------+
1 row in set (0.00 sec)

Query OK, 0 rows affected (0.03 sec)

Query OK, 1963855 rows affected (1 min 56.27 sec)
Records: 1963855  Duplicates: 0  Warnings: 0

+------------------------------------------------+
| message                                        |
+------------------------------------------------+
| created rcbill_my.customers_cmts_mxk_cont_coll |
+------------------------------------------------+
1 row in set (0.00 sec)

Query OK, 0 rows affected (0.08 sec)

Query OK, 46186 rows affected (11.15 sec)
Records: 46186  Duplicates: 0  Warnings: 0

+------------------------------------------------------------+
| message                                                    |
+------------------------------------------------------------+
| created rcbill_my.customers_contracts_collection_pivot2019 |
+------------------------------------------------------------+
1 row in set (0.00 sec)

Query OK, 0 rows affected (0.01 sec)

Query OK, 19862 rows affected (10.80 sec)
Records: 19862  Duplicates: 0  Warnings: 0

+--------------------------------------------------+
| message                                          |
+--------------------------------------------------+
| created rcbill_my.customers_collection_pivot2019 |
+--------------------------------------------------+
1 row in set (0.00 sec)

Query OK, 0 rows affected (0.02 sec)

Query OK, 42655 rows affected (1.58 sec)
Records: 42655  Duplicates: 0  Warnings: 0

+------------------------------------------------+
| message                                        |
+------------------------------------------------+
| created rcbill_my.rep_customers_collection2019 |
+------------------------------------------------+
1 row in set (0.00 sec)

Query OK, 0 rows affected (0.00 sec)

Query OK, 0 rows affected, 1 warning (0.00 sec)

Query OK, 418121 rows affected (23.91 sec)
Records: 418121  Duplicates: 0  Warnings: 0

+-------------------------+
| message                 |
+-------------------------+
| created rcbill_my.tempa |
+-------------------------+
1 row in set (0.00 sec)

Query OK, 0 rows affected, 1 warning (0.00 sec)

Query OK, 95372 rows affected (13.24 sec)
Records: 95372  Duplicates: 0  Warnings: 0

+-------------------------+
| message                 |
+-------------------------+
| created rcbill_my.tempb |
+-------------------------+
1 row in set (0.00 sec)

Query OK, 418121 rows affected (11.94 sec)
Records: 418121  Duplicates: 0  Warnings: 0

+-----------+
| message   |
+-----------+
| created a |
+-----------+
1 row in set (0.02 sec)

Query OK, 95382 rows affected (6.46 sec)
Records: 95382  Duplicates: 0  Warnings: 0

+-----------+
| message   |
+-----------+
| created b |
+-----------+
1 row in set (0.00 sec)

Query OK, 0 rows affected (0.09 sec)

Query OK, 0 rows affected (0.01 sec)

Query OK, 0 rows affected (0.01 sec)

Query OK, 421042 rows affected (37.08 sec)
Records: 421042  Duplicates: 0  Warnings: 0

+----------------------------------------------+
| message                                      |
+----------------------------------------------+
| created rcbill_my.cust_cont_payment_cmts_mxk |
+----------------------------------------------+
1 row in set (0.00 sec)

Query OK, 0 rows affected (0.08 sec)

Query OK, 0 rows affected (0.00 sec)

Query OK, 0 rows affected, 1 warning (0.00 sec)

Query OK, 0 rows affected (0.01 sec)

Query OK, 42655 rows affected (13.46 sec)
Records: 42655  Duplicates: 0  Warnings: 0

+--------------------------------------------------+
| message                                          |
+--------------------------------------------------+
| created rcbill_my.rep_cust_cont_payment_cmts_mxk |
+--------------------------------------------------+
1 row in set (0.00 sec)

Query OK, 0 rows affected, 1 warning (0.00 sec)

Query OK, 0 rows affected, 1 warning (0.00 sec)

Query OK, 0 rows affected (0.01 sec)

Query OK, 42655 rows affected, 5 warnings (8.59 sec)
Records: 42655  Duplicates: 0  Warnings: 5

+----------------------+
| rep_custconsolidated |
+----------------------+
|                42655 |
+----------------------+
1 row in set (0.04 sec)

Query OK, 0 rows affected (0.00 sec)

Query OK, 0 rows affected (0.01 sec)

+----------------------------------------------+
| message                                      |
+----------------------------------------------+
| creating rcbill_my.retentioncustomeractivity |
+----------------------------------------------+
1 row in set (0.00 sec)

Query OK, 822 rows affected (0.09 sec)
Records: 822  Duplicates: 0  Warnings: 0

+---------------------------+
| retentioncustomeractivity |
+---------------------------+
|                       822 |
+---------------------------+
1 row in set (0.00 sec)

+-----------+------------------------------------+------------+-------------+-----------------+------------------+---------------------+-------------------+
| HFC_NODE  | NODENAME                           | CMTS_DATE  | INSERTED_ON | UNIQUE_ACCOUNTS | UNIQUE_CONTRACTS | UNIQUE_MAC_INRCBOSS | UNIQUE_MAC_INCMTS |
+-----------+------------------------------------+------------+-------------+-----------------+------------------+---------------------+-------------------+
| NULL      | NULL                               | NULL       | 2019-09-23  |            5640 |             5913 |                5960 |                 0 |
| C5/0/0/U0 | ANSE-BOILEAU-2                     | 2019-09-06 | 2019-09-23  |             179 |              184 |                 179 |               181 |
| C5/0/0/U1 | 500-C3-ANSE-BOILEAU                | 2019-09-06 | 2019-09-23  |             172 |              178 |                 172 |               172 |
| C5/0/1/U0 | 501-C4-LA-MISIERE-LEFT-I           | 2019-09-06 | 2019-09-23  |             149 |              151 |                 149 |               152 |
| C5/0/1/U1 | 501-C5-LA-MISIERE-RIGHT            | 2019-09-06 | 2019-09-23  |             111 |              114 |                 111 |               113 |
| C5/0/1/U2 | 501-C7-LA-MISIERE-LEFT-II          | 2019-09-06 | 2019-09-23  |             154 |              163 |                 154 |               156 |
| C5/0/2/U0 | 502-C8-LA-LOUISE                   | 2019-09-06 | 2019-09-23  |             140 |              143 |                 140 |               144 |
| C5/0/2/U1 | LA-LOUISE-2                        | 2019-09-06 | 2019-09-23  |             134 |              136 |                 134 |               136 |
| C5/0/3/U0 | 504-C6-PETIT-PARIS                 | 2019-09-06 | 2019-09-23  |             153 |              156 |                 153 |               155 |
| C5/0/3/U1 | PETIT-PARIS-23                     | 2019-09-06 | 2019-09-23  |              79 |               81 |                  79 |                81 |
| C5/0/4/U0 | FOUR-SEASONS                       | 2019-09-06 | 2019-09-23  |               6 |               17 |                  17 |                17 |
| C5/0/4/U1 | ANCHOR-CAFE-I                      | 2019-09-06 | 2019-09-23  |             141 |              142 |                 142 |               143 |
| C5/0/4/U2 | ANCHOR-CAFE-II                     | 2019-09-06 | 2019-09-23  |             149 |              154 |                 149 |               152 |
| C5/1/0/U0 | POINTE-LARUE-AIRPORT-23            | 2019-09-06 | 2019-09-23  |              99 |              104 |                 101 |               103 |
| C5/1/0/U1 | PPROVIDENCE-23                     | 2019-09-06 | 2019-09-23  |              26 |               29 |                  26 |                27 |
| C5/1/0/U2 | ROSHE-CAIMAN-23                    | 2019-09-06 | 2019-09-23  |               8 |                9 |                   8 |                 8 |
| C5/1/0/U3 | HEAD-OFFICE | HO-23                | 2019-09-06 | 2019-09-23  |              29 |               29 |                  29 |                31 |
| C5/1/1/U1 | C5-UNION-VALE                      | 2019-09-06 | 2019-09-23  |             186 |              192 |                 186 |               187 |
| C5/1/3/U0 | POINTE-LARUE-AIRPORT-27            | 2019-09-06 | 2019-09-23  |             131 |              135 |                 131 |               134 |
| C5/1/3/U1 | PPROVIDENCE-27                     | 2019-09-06 | 2019-09-23  |              37 |               37 |                  37 |                37 |
| C5/1/3/U2 | ROSHE-CAIMAN-27                    | 2019-09-06 | 2019-09-23  |              26 |               26 |                  26 |                26 |
| C5/1/3/U3 | HEAD-OFFICE | HO-27                | 2019-09-06 | 2019-09-23  |              14 |               15 |                  14 |                14 |
| C5/1/4/U0 | ANSE-ROYALE-27                     | 2019-09-06 | 2019-09-23  |              95 |               97 |                  95 |                96 |
| C5/1/4/U1 | GLACIS-2-57                        | 2019-09-06 | 2019-09-23  |             118 |              122 |                 118 |               119 |
| C5/1/4/U2 | NULL                               | 2019-09-06 | 2019-09-23  |              92 |               95 |                  92 |                95 |
| C5/1/4/U3 | GLACIS-1                           | 2019-09-06 | 2019-09-23  |              54 |               56 |                  54 |                55 |
| C6/0/1/U0 | SERRET-ROAD-RIGHT/CURIO/PASCAL     | 2019-09-06 | 2019-09-23  |             117 |              119 |                 117 |               119 |
| C6/0/1/U1 | SERRET-ROAD-LEFT/ST.LOUIS/TOWN     | 2019-09-06 | 2019-09-23  |             143 |              147 |                 143 |               143 |
| C6/0/1/U2 | SERRET-ROAD-RIGHT/CURIO/PASCAL-2   | 2019-09-06 | 2019-09-23  |             125 |              126 |                 125 |               126 |
| C6/0/1/U3 | SERRET-ROAD-LEFT/ST.LOUIS/TOWN-2   | 2019-09-06 | 2019-09-23  |             140 |              145 |                 140 |               143 |
| C6/0/2/U0 | SANS-SOUCIS-I                      | 2019-09-06 | 2019-09-23  |              76 |               78 |                  75 |                76 |
| C6/0/2/U1 | SANS-SOUCIS-II                     | 2019-09-06 | 2019-09-23  |             145 |              147 |                 145 |               149 |
| C6/0/2/U2 | BEL-AIR-27                         | 2019-09-06 | 2019-09-23  |             118 |              124 |                 118 |               120 |
| C6/0/2/U3 | BEL-AIR-38                         | 2019-09-06 | 2019-09-23  |              80 |               81 |                  80 |                83 |
| C6/0/3/U0 | LES-MAMELLES-23                    | 2019-09-06 | 2019-09-23  |              90 |               90 |                  90 |                92 |
| C6/0/3/U1 | VICTORIA-23                        | 2019-09-06 | 2019-09-23  |              33 |               38 |                  36 |                42 |
| C6/0/4/U0 | LES-MAMELLES-27                    | 2019-09-06 | 2019-09-23  |              63 |               63 |                  63 |                63 |
| C6/0/4/U1 | VICTORIA-27                        | 2019-09-06 | 2019-09-23  |              14 |               15 |                  14 |                14 |
| C7/1/0/U0 | LA-RETRAITE-23                     | 2019-09-06 | 2019-09-23  |              85 |               90 |                  85 |                86 |
| C7/1/0/U1 | TEA-FACTORY-23                     | 2019-09-06 | 2019-09-23  |              23 |               28 |                  24 |                25 |
| C7/1/0/U2 | PAS-23                             | 2019-09-06 | 2019-09-23  |              86 |               90 |                  86 |                89 |
| C7/1/1/U0 | REEF-ESTATE-23                     | 2019-09-06 | 2019-09-23  |              89 |               90 |                  89 |                92 |
| C7/1/1/U1 | BEL-OMBRE-NEW-23                   | 2019-09-06 | 2019-09-23  |              12 |               12 |                  12 |                16 |
| C7/1/2/U0 | LA-RETRAITE-27                     | 2019-09-06 | 2019-09-23  |             126 |              131 |                 127 |               128 |
| C7/1/2/U1 | TEA-FACTORY-27                     | 2019-09-06 | 2019-09-23  |              27 |               31 |                  28 |                29 |
| C7/1/2/U2 | PAS-27                             | 2019-09-06 | 2019-09-23  |             109 |              109 |                 109 |               112 |
| C7/1/3/U0 | MT-BUXTON-27                       | 2019-09-06 | 2019-09-23  |             146 |              148 |                 146 |               147 |
| C7/1/3/U1 | MT-BUXTON-23                       | 2019-09-06 | 2019-09-23  |              76 |               78 |                  76 |                79 |
| C7/1/4/U0 | REEF-ESTATE-27                     | 2019-09-06 | 2019-09-23  |              66 |               66 |                  66 |                66 |
| C7/1/4/U1 | BEL-OMBRE-NEW-27                   | 2019-09-06 | 2019-09-23  |              25 |               25 |                  25 |                28 |
| C8/0/0/U0 | POLICE-ACADEMY-1-27 - POINTE LARUE | 2019-09-06 | 2019-09-23  |             199 |              199 |                 198 |               198 |
| C8/0/0/U1 | NULL                               | 2019-09-06 | 2019-09-23  |             137 |              143 |                 138 |               139 |
| C8/0/1/U0 | NULL                               | 2019-09-06 | 2019-09-23  |             180 |              184 |                 180 |               181 |
| C8/0/1/U1 | POLICE-ACADEMY-2-27 - TURTLE BAY   | 2019-09-06 | 2019-09-23  |             121 |              122 |                 121 |               125 |
| C8/0/2/U0 | BEAU-VALLON-LEFT-1-57              | 2019-09-06 | 2019-09-23  |              90 |               94 |                  91 |                92 |
| C8/0/3/U1 | BEAU-VALLON-RIGHT-2-57             | 2019-09-06 | 2019-09-23  |             180 |              189 |                 180 |               182 |
| C8/1/0/U0 | MA-JOIE-NODE-27                    | 2019-09-06 | 2019-09-23  |             114 |              114 |                 114 |               115 |
| C8/1/0/U1 | BELONIE-27                         | 2019-09-06 | 2019-09-23  |             151 |              153 |                 150 |               151 |
| C8/1/0/U3 | MA-JOIE-NODE-23                    | 2019-09-06 | 2019-09-23  |             112 |              117 |                 112 |               113 |
| C8/1/1/U0 | 611-C1-ROJN I                      | 2019-09-06 | 2019-09-23  |             178 |              179 |                 178 |               180 |
| C8/1/1/U1 | 611-C5-ROJN II                     | 2019-09-06 | 2019-09-23  |              69 |               70 |                  69 |                72 |
| C8/1/2/U0 | 612-C2-ANSE-ETOILE                 | 2019-09-06 | 2019-09-23  |             180 |              183 |                 180 |               181 |
| C8/1/2/U1 | ANSE-ETOILE-U2                     | 2019-09-06 | 2019-09-23  |              72 |               73 |                  72 |                72 |
| C8/1/3/U0 | 613-C3-ANSE-GAULETTE I             | 2019-09-06 | 2019-09-23  |              63 |               68 |                  63 |                65 |
| C8/1/3/U1 | 613-C7-ANSE-GAULETTE II            | 2019-09-06 | 2019-09-23  |              75 |               80 |                  75 |                75 |
| C8/1/3/U2 | 613-C3-ANSE-GAULETTE III           | 2019-09-06 | 2019-09-23  |              35 |               39 |                  35 |                36 |
| C8/1/3/U3 | TAKAMAKA I                         | 2019-09-06 | 2019-09-23  |             101 |              104 |                 101 |               101 |
| C8/1/3/U4 | TAKAMAKA II                        | 2019-09-06 | 2019-09-23  |              95 |               96 |                  95 |                96 |
| C8/1/4/U0 | 614-BEOLIERE-NODE-1                | 2019-09-06 | 2019-09-23  |              98 |              100 |                  98 |               100 |
| C8/1/4/U1 | 614-BEOLIERE-NODE-2                | 2019-09-06 | 2019-09-23  |             125 |              131 |                 125 |               128 |
+-----------+------------------------------------+------------+-------------+-----------------+------------------+---------------------+-------------------+
70 rows in set (0.22 sec)

+------------------+------------+-------------+-----------------+------------------+----------------------+-------------------+
| MXK_NAME         | MXK_DATE   | INSERTED_ON | UNIQUE_ACCOUNTS | UNIQUE_CONTRACTS | UNIQUE_FSAN_INRCBOSS | UNIQUE_FSAN_INMXK |
+------------------+------------+-------------+-----------------+------------------+----------------------+-------------------+
| NULL             | NULL       | 2019-09-23  |             419 |              424 |                  411 |                 0 |
| MXK-ANSEETOILE   | 2019-09-06 | 2019-09-23  |             138 |              140 |                  140 |               146 |
| MXK-ANSEROYALE   | 2019-09-06 | 2019-09-23  |             136 |              136 |                  136 |               153 |
| MXK-BEAUVALLON   | 2019-09-06 | 2019-09-23  |            1173 |             1191 |                 1183 |              1247 |
| MXK-MAHE         | 2019-09-06 | 2019-09-23  |             886 |              908 |                  846 |              1079 |
| MXK-PERSEVERANCE | 2019-09-06 | 2019-09-23  |             999 |             1004 |                  999 |              1143 |
| MXK-PRASLIN      | 2019-09-06 | 2019-09-23  |            1162 |             1165 |                 1158 |              1273 |
+------------------+------------+-------------+-----------------+------------------+----------------------+-------------------+
7 rows in set (0.07 sec)

mysql> mysql \. C:\workspace\cloud\code\sql\_DailyScript\currenttime.sql
+---------------------+
| currenttime         |
+---------------------+
| 2019-09-23 10:58:01 |
+---------------------+
1 row in set (0.00 sec)

mysql> 
mysql> mysql \. C:\workspace\cloud\code\sql\Analysis\service_tickets_assignments.sql
Query OK, 0 rows affected (0.03 sec)

Query OK, 69600 rows affected (15.56 sec)
Records: 69600  Duplicates: 0  Warnings: 0

+-------------------------+
| rep_servicetickets_2019 |
+-------------------------+
|                   69600 |
+-------------------------+
1 row in set (2.07 sec)

mysql> mysql \. C:\workspace\cloud\code\sql\_DailyScript\currenttime.sql
+---------------------+
| currenttime         |
+---------------------+
| 2019-09-23 10:58:19 |
+---------------------+
1 row in set (0.00 sec)

mysql> 
mysql> 
mysql> exit
