    -> 
    -> mysql \. C:\workspace\cloud\code\sql\_DailyScript\_setdates.sql
Database changed
Query OK, 0 rows affected (0.00 sec)

Query OK, 0 rows affected (0.00 sec)

Query OK, 0 rows affected (0.00 sec)

Query OK, 0 rows affected (0.00 sec)

Query OK, 0 rows affected (0.00 sec)

Query OK, 0 rows affected (0.00 sec)

Query OK, 0 rows affected (0.00 sec)

Query OK, 0 rows affected (0.00 sec)

Query OK, 0 rows affected (0.00 sec)

Query OK, 0 rows affected (0.00 sec)

Query OK, 0 rows affected (0.00 sec)

Query OK, 0 rows affected (0.00 sec)

Query OK, 0 rows affected (0.00 sec)

Query OK, 0 rows affected (0.00 sec)

Query OK, 0 rows affected (0.00 sec)

Query OK, 0 rows affected (0.00 sec)

Query OK, 0 rows affected (0.00 sec)

Query OK, 0 rows affected (0.00 sec)

Query OK, 0 rows affected (0.00 sec)

Query OK, 0 rows affected (0.00 sec)

Query OK, 0 rows affected (0.00 sec)

mysql> mysql \. C:\workspace\cloud\code\sql\_DailyScript\currenttime.sql
+---------------------+
| currenttime         |
+---------------------+
| 2021-04-03 10:39:17 |
+---------------------+
1 row in set (0.00 sec)

mysql> 
mysql> mysql \. C:\workspace\cloud\code\sql\_DailyScript\load_RCB_VODTITLES.sql
Database changed
Query OK, 0 rows affected (0.00 sec)

Query OK, 14335 rows affected (0.16 sec)

Query OK, 14337 rows affected, 14337 warnings (0.37 sec)
Records: 14337  Deleted: 0  Skipped: 0  Warnings: 14337

Query OK, 0 rows affected (0.00 sec)

Query OK, 2 rows affected (0.01 sec)

+-----------+
| VODTITLES |
+-----------+
|     14795 |
+-----------+
1 row in set (0.01 sec)

+-----------+-----------+
| titletype | typecount |
+-----------+-----------+
| E         |     12022 |
| N         |       246 |
| T         |      2067 |
| NULL      |     14335 |
+-----------+-----------+
4 rows in set (0.04 sec)

mysql> mysql \. C:\workspace\cloud\code\sql\_DailyScript\currenttime.sql
+---------------------+
| currenttime         |
+---------------------+
| 2021-04-03 10:39:18 |
+---------------------+
1 row in set (0.00 sec)

mysql> 
mysql> mysql \. C:\workspace\cloud\code\sql\_DailyScript\DAILY-SCRIPT-LIVETV-STATS.sql
Database changed
Query OK, 0 rows affected (0.01 sec)

Query OK, 876430 rows affected (23.95 sec)
Records: 876430  Duplicates: 0  Warnings: 0

+------------+------------+----------+--------------+--------------+-----------+-------------+----------+--------+------+------------+---------+---------------+
| Table      | Non_unique | Key_name | Seq_in_index | Column_name  | Collation | Cardinality | Sub_part | Packed | Null | Index_type | Comment | Index_comment |
+------------+------------+----------+--------------+--------------+-----------+-------------+----------+--------+------+------------+---------+---------------+
| templivetv |          1 | idxtv1   |            1 | device       | A         |      880116 |     NULL | NULL   | YES  | BTREE      |         |               |
| templivetv |          1 | idxtv2   |            1 | sessionstart | A         |      880116 |     NULL | NULL   | YES  | BTREE      |         |               |
+------------+------------+----------+--------------+--------------+-----------+-------------+----------+--------+------+------------+---------+---------------+
2 rows in set (0.01 sec)

Query OK, 0 rows affected (2.90 sec)
Records: 0  Duplicates: 0  Warnings: 0

Query OK, 2505 rows affected (0.93 sec)
Records: 2505  Duplicates: 0  Warnings: 0

Query OK, 0 rows affected (0.00 sec)

Query OK, 0 rows affected (0.00 sec)

Query OK, 130 rows affected (0.04 sec)
Records: 130  Duplicates: 0  Warnings: 0

Query OK, 0 rows affected (0.01 sec)

Query OK, 59264 rows affected (4 min 48.54 sec)
Records: 59264  Duplicates: 0  Warnings: 0

+-----------------+
| rep_livetvstats |
+-----------------+
|           59264 |
+-----------------+
1 row in set (0.03 sec)

mysql> mysql \. C:\workspace\cloud\code\sql\_DailyScript\currenttime.sql
+---------------------+
| currenttime         |
+---------------------+
| 2021-04-03 10:44:34 |
+---------------------+
1 row in set (0.00 sec)

mysql> 
mysql> mysql \. C:\workspace\cloud\code\sql\_DailyScript\DAILY-SCRIPT-VODTS-STATS.sql
Database changed
Query OK, 0 rows affected (0.01 sec)

Query OK, 48965 rows affected (1 min 23.80 sec)
Records: 48965  Duplicates: 0  Warnings: 0

+---------+------------+----------+--------------+--------------+-----------+-------------+----------+--------+------+------------+---------+---------------+
| Table   | Non_unique | Key_name | Seq_in_index | Column_name  | Collation | Cardinality | Sub_part | Packed | Null | Index_type | Comment | Index_comment |
+---------+------------+----------+--------------+--------------+-----------+-------------+----------+--------+------+------------+---------+---------------+
| tempvod |          1 | idxtvod1 |            1 | device       | A         |       49109 |     NULL | NULL   | YES  | BTREE      |         |               |
| tempvod |          1 | idxtvod2 |            1 | sessionstart | A         |       49109 |     NULL | NULL   | YES  | BTREE      |         |               |
+---------+------------+----------+--------------+--------------+-----------+-------------+----------+--------+------+------------+---------+---------------+
2 rows in set (0.01 sec)

Query OK, 0 rows affected (3.04 sec)
Records: 0  Duplicates: 0  Warnings: 0

Query OK, 0 rows affected (0.01 sec)

Query OK, 1084316 rows affected (1 min 27.50 sec)
Records: 1084316  Duplicates: 0  Warnings: 0

+--------------+
| rep_vodstats |
+--------------+
|      1084316 |
+--------------+
1 row in set (0.32 sec)

Database changed
Query OK, 0 rows affected (0.01 sec)

Query OK, 188957 rows affected (47.72 sec)
Records: 188957  Duplicates: 0  Warnings: 0

+--------+------------+----------+--------------+--------------+-----------+-------------+----------+--------+------+------------+---------+---------------+
| Table  | Non_unique | Key_name | Seq_in_index | Column_name  | Collation | Cardinality | Sub_part | Packed | Null | Index_type | Comment | Index_comment |
+--------+------------+----------+--------------+--------------+-----------+-------------+----------+--------+------+------------+---------+---------------+
| tempts |          1 | idxtts1  |            1 | device       | A         |      189184 |     NULL | NULL   | YES  | BTREE      |         |               |
| tempts |          1 | idxtts2  |            1 | sessionstart | A         |      189184 |     NULL | NULL   | YES  | BTREE      |         |               |
+--------+------------+----------+--------------+--------------+-----------+-------------+----------+--------+------+------------+---------+---------------+
2 rows in set (0.00 sec)

Query OK, 0 rows affected (12.64 sec)
Records: 0  Duplicates: 0  Warnings: 0

Query OK, 0 rows affected (0.01 sec)

Query OK, 45777 rows affected (46.39 sec)
Records: 45777  Duplicates: 0  Warnings: 0

+-------------+
| rep_tsstats |
+-------------+
|       45777 |
+-------------+
1 row in set (0.02 sec)

mysql> mysql \. C:\workspace\cloud\code\sql\_DailyScript\currenttime.sql
+---------------------+
| currenttime         |
+---------------------+
| 2021-04-03 10:49:16 |
+---------------------+
1 row in set (0.01 sec)

mysql> 
mysql> mysql \. C:\workspace\cloud\code\sql\_DailyScript\DAILY-SCRIPT-RADIO-STATS.sql
Database changed
Query OK, 0 rows affected (0.02 sec)

Query OK, 375597 rows affected (4.18 sec)
Records: 375597  Duplicates: 0  Warnings: 0

+-----------+------------+----------+--------------+--------------+-----------+-------------+----------+--------+------+------------+---------+---------------+
| Table     | Non_unique | Key_name | Seq_in_index | Column_name  | Collation | Cardinality | Sub_part | Packed | Null | Index_type | Comment | Index_comment |
+-----------+------------+----------+--------------+--------------+-----------+-------------+----------+--------+------+------------+---------+---------------+
| tempradio |          1 | idxtrad1 |            1 | device       | A         |      374557 |     NULL | NULL   | YES  | BTREE      |         |               |
| tempradio |          1 | idxtrad2 |            1 | sessionstart | A         |      374557 |     NULL | NULL   | YES  | BTREE      |         |               |
+-----------+------------+----------+--------------+--------------+-----------+-------------+----------+--------+------+------------+---------+---------------+
2 rows in set (0.00 sec)

Query OK, 0 rows affected (1.51 sec)
Records: 0  Duplicates: 0  Warnings: 0

Query OK, 0 rows affected (0.01 sec)

Query OK, 6118 rows affected (0.59 sec)
Records: 6118  Duplicates: 0  Warnings: 0

+----------------+
| rep_radiostats |
+----------------+
|           6118 |
+----------------+
1 row in set (0.01 sec)

mysql> mysql \. C:\workspace\cloud\code\sql\_DailyScript\currenttime.sql
+---------------------+
| currenttime         |
+---------------------+
| 2021-04-03 10:49:22 |
+---------------------+
1 row in set (0.00 sec)

mysql> 
mysql> mysql \. C:\workspace\cloud\code\sql\_DailyScript\DAILY_SCRIPT_TELEMETRY_PIVOT_2021.sql
Query OK, 0 rows affected (0.01 sec)

Query OK, 140 rows affected (0.30 sec)
Records: 140  Duplicates: 0  Warnings: 0

Query OK, 0 rows affected (0.01 sec)

Query OK, 11259 rows affected (1.56 sec)
Records: 11259  Duplicates: 0  Warnings: 0

Query OK, 0 rows affected (0.01 sec)

Query OK, 5 rows affected (0.03 sec)
Records: 5  Duplicates: 0  Warnings: 0

Query OK, 0 rows affected (0.01 sec)

Query OK, 44 rows affected (0.06 sec)
Records: 44  Duplicates: 0  Warnings: 0

mysql> mysql \. C:\workspace\cloud\code\sql\_DailyScript\currenttime.sql
+---------------------+
| currenttime         |
+---------------------+
| 2021-04-03 10:49:24 |
+---------------------+
1 row in set (0.01 sec)

mysql> 
mysql> mysql \. C:\workspace\cloud\code\sql\_DailyScript\telemetry_livetv_ranking2021.sql
Query OK, 0 rows affected (0.00 sec)

Query OK, 140 rows affected (0.02 sec)
Records: 140  Duplicates: 0  Warnings: 0

mysql> mysql \. C:\workspace\cloud\code\sql\_DailyScript\currenttime.sql
+---------------------+
| currenttime         |
+---------------------+
| 2021-04-03 10:49:24 |
+---------------------+
1 row in set (0.00 sec)

mysql> 
mysql> mysql \. C:\workspace\cloud\code\sql\_DailyScript\telemetry_radio_ranking2021.sql
Query OK, 0 rows affected (0.01 sec)

Query OK, 5 rows affected (0.31 sec)
Records: 5  Duplicates: 0  Warnings: 0

mysql> mysql \. C:\workspace\cloud\code\sql\_DailyScript\currenttime.sql
+---------------------+
| currenttime         |
+---------------------+
| 2021-04-03 10:49:25 |
+---------------------+
1 row in set (0.00 sec)

mysql> 
mysql> mysql \. C:\workspace\cloud\code\sql\_DailyScript\telemetry_ts_ranking2021.sql
Query OK, 0 rows affected (0.01 sec)

Query OK, 44 rows affected (0.02 sec)
Records: 44  Duplicates: 0  Warnings: 0

mysql> mysql \. C:\workspace\cloud\code\sql\_DailyScript\currenttime.sql
+---------------------+
| currenttime         |
+---------------------+
| 2021-04-03 10:49:25 |
+---------------------+
1 row in set (0.01 sec)

mysql> 
mysql> mysql \. C:\workspace\cloud\code\sql\_DailyScript\telemetry_vod_ranking2021.sql
Query OK, 0 rows affected (0.01 sec)

Query OK, 11259 rows affected (0.58 sec)
Records: 11259  Duplicates: 0  Warnings: 0

mysql> mysql \. C:\workspace\cloud\code\sql\_DailyScript\currenttime.sql
+---------------------+
| currenttime         |
+---------------------+
| 2021-04-03 10:49:25 |
+---------------------+
1 row in set (0.01 sec)

mysql> 
mysql> mysql \. C:\workspace\cloud\code\sql\_DailyScript\telemetry_vod_ranking2021_1.sql
Query OK, 0 rows affected (0.01 sec)

Query OK, 11259 rows affected (0.26 sec)
Records: 11259  Duplicates: 0  Warnings: 0

mysql> mysql \. C:\workspace\cloud\code\sql\_DailyScript\currenttime.sql
+---------------------+
| currenttime         |
+---------------------+
| 2021-04-03 10:49:26 |
+---------------------+
1 row in set (0.00 sec)

mysql> 
mysql> mysql \. C:\workspace\cloud\code\sql\_DailyScript\telemetry_vod_ranking2021_2.sql
Query OK, 0 rows affected (0.01 sec)

Query OK, 11259 rows affected (0.38 sec)
Records: 11259  Duplicates: 0  Warnings: 0

mysql> mysql \. C:\workspace\cloud\code\sql\_DailyScript\currenttime.sql
+---------------------+
| currenttime         |
+---------------------+
| 2021-04-03 10:49:26 |
+---------------------+
1 row in set (0.00 sec)

mysql> 
mysql> 
mysql> 
mysql> 
mysql> mysql \. C:\workspace\cloud\code\sql\_DailyScript\ticket_analysis.sql
Database changed
Query OK, 0 rows affected (0.03 sec)

Query OK, 785582 rows affected (25.62 sec)
Records: 785582  Duplicates: 0  Warnings: 0

Query OK, 0 rows affected (4.87 sec)
Records: 0  Duplicates: 0  Warnings: 0

Query OK, 0 rows affected (2.19 sec)
Records: 0  Duplicates: 0  Warnings: 0

Query OK, 0 rows affected (2.09 sec)
Records: 0  Duplicates: 0  Warnings: 0

Query OK, 0 rows affected (0.02 sec)

Query OK, 24577 rows affected (13.08 sec)
Records: 24577  Duplicates: 0  Warnings: 0

Query OK, 0 rows affected, 1 warning (0.01 sec)

Query OK, 113327 rows affected (8.14 sec)
Records: 113327  Duplicates: 0  Warnings: 0

Query OK, 0 rows affected, 1 warning (0.00 sec)

Query OK, 577764 rows affected (15.05 sec)
Records: 577764  Duplicates: 0  Warnings: 0

Query OK, 0 rows affected, 1 warning (0.00 sec)

Query OK, 577764 rows affected (15.76 sec)
Records: 577764  Duplicates: 0  Warnings: 0

Query OK, 0 rows affected (0.01 sec)

Query OK, 113435 rows affected (6.27 sec)
Records: 113435  Duplicates: 0  Warnings: 0

Database changed
Query OK, 0 rows affected (0.00 sec)

Query OK, 0 rows affected (0.02 sec)

Query OK, 785582 rows affected (24.44 sec)
Records: 785582  Duplicates: 0  Warnings: 0

Query OK, 0 rows affected (0.02 sec)

Query OK, 401497 rows affected (19.11 sec)
Records: 401497  Duplicates: 0  Warnings: 0

+--------------------------+
| clientticket_cmmtjourney |
+--------------------------+
|                   785582 |
+--------------------------+
1 row in set (2.29 sec)

+---------------------------+
| clientticket_assgnjourney |
+---------------------------+
|                    401497 |
+---------------------------+
1 row in set (0.44 sec)

Query OK, 0 rows affected (0.01 sec)

Query OK, 79 rows affected (0.09 sec)
Records: 79  Duplicates: 0  Warnings: 0

mysql> mysql \. C:\workspace\cloud\code\sql\_DailyScript\currenttime.sql
+---------------------+
| currenttime         |
+---------------------+
| 2021-04-03 10:51:46 |
+---------------------+
1 row in set (0.00 sec)

mysql> 
mysql> mysql \. C:\workspace\cloud\code\sql\_DailyScript\load_DailyCalls.sql
Database changed
Query OK, 571 rows affected (0.13 sec)
Records: 571  Deleted: 0  Skipped: 0  Warnings: 0

Query OK, 0 rows affected, 1 warning (0.00 sec)

Query OK, 571 rows affected (0.04 sec)
Records: 571  Duplicates: 0  Warnings: 0

Query OK, 0 rows affected, 1 warning (0.00 sec)

Query OK, 69039 rows affected (0.30 sec)
Records: 69039  Duplicates: 0  Warnings: 0

+----------------------+
| callingclientsbefore |
+----------------------+
|              1157274 |
+----------------------+
1 row in set (0.47 sec)

Query OK, 782 rows affected (12.22 sec)
Records: 782  Duplicates: 0  Warnings: 0

+---------------------+
| callingclientsafter |
+---------------------+
|             1158056 |
+---------------------+
1 row in set (0.31 sec)

Query OK, 0 rows affected (0.01 sec)

Query OK, 407 rows affected (3.99 sec)
Records: 407  Duplicates: 0  Warnings: 0

Query OK, 0 rows affected (0.01 sec)

Query OK, 22671 rows affected (3.81 sec)
Records: 22671  Duplicates: 0  Warnings: 0

+-----------+
| callstats |
+-----------+
|     22671 |
+-----------+
1 row in set (0.01 sec)

Query OK, 0 rows affected, 1 warning (0.00 sec)

Query OK, 782 rows affected (2.68 sec)
Records: 782  Duplicates: 0  Warnings: 0

+------------------------+
| rep_cccallreportbefore |
+------------------------+
|                1158711 |
+------------------------+
1 row in set (0.41 sec)

Query OK, 782 rows affected (0.18 sec)
Records: 782  Duplicates: 0  Warnings: 0

+-----------------------+
| rep_cccallreportafter |
+-----------------------+
|               1159493 |
+-----------------------+
1 row in set (0.31 sec)

Query OK, 0 rows affected (0.01 sec)

mysql> mysql \. C:\workspace\cloud\code\sql\_DailyScript\currenttime.sql
+---------------------+
| currenttime         |
+---------------------+
| 2021-04-03 10:52:11 |
+---------------------+
1 row in set (0.00 sec)

mysql> 
mysql> mysql \. C:\workspace\cloud\code\sql\_DailyScript\DAILY-SCRIPT-USAGE.sql
Database changed
Query OK, 0 rows affected (0.00 sec)

Query OK, 4721 rows affected, 13673 warnings (0.93 sec)
Records: 4721  Deleted: 0  Skipped: 0  Warnings: 13673

Query OK, 0 rows affected (0.00 sec)

Query OK, 7010 rows affected, 20304 warnings (1.18 sec)
Records: 7010  Deleted: 0  Skipped: 0  Warnings: 20304

Query OK, 0 rows affected (0.00 sec)

Query OK, 302 rows affected, 1078 warnings (0.04 sec)
Records: 302  Deleted: 0  Skipped: 0  Warnings: 1078

Query OK, 0 rows affected (0.00 sec)

Query OK, 179 rows affected, 626 warnings (0.03 sec)
Records: 179  Deleted: 0  Skipped: 0  Warnings: 626

+------------+
| dailyusage |
+------------+
|   17049621 |
+------------+
1 row in set (6.58 sec)

+------------+------------+------------+---------+
| datestart  | dateend    | insertedon | records |
+------------+------------+------------+---------+
| 2021-04-01 | 2021-04-01 | 2021-04-03 |   12212 |
| 2021-03-31 | 2021-03-31 | 2021-04-01 |   11861 |
| 2021-03-30 | 2021-03-30 | 2021-03-31 |   11794 |
| 2021-03-29 | 2021-03-29 | 2021-03-30 |   11741 |
| 2021-03-28 | 2021-03-28 | 2021-03-29 |   11585 |
+------------+------------+------------+---------+
5 rows in set (32.69 sec)

+----------+------------+------------+------------+---------+
| category | datestart  | dateend    | insertedon | records |
+----------+------------+------------+------------+---------+
| UNCAPPED | 2021-04-01 | 2021-04-01 | 2021-04-03 |    7010 |
| PREPAID  | 2021-04-01 | 2021-04-01 | 2021-04-03 |     302 |
| HOTSPOT  | 2021-04-01 | 2021-04-01 | 2021-04-03 |     179 |
| CAPPED   | 2021-04-01 | 2021-04-01 | 2021-04-03 |    4721 |
| UNCAPPED | 2021-03-31 | 2021-03-31 | 2021-04-01 |    6880 |
| PREPAID  | 2021-03-31 | 2021-03-31 | 2021-04-01 |     286 |
| HOTSPOT  | 2021-03-31 | 2021-03-31 | 2021-04-01 |     131 |
| CAPPED   | 2021-03-31 | 2021-03-31 | 2021-04-01 |    4564 |
| UNCAPPED | 2021-03-30 | 2021-03-30 | 2021-03-31 |    6850 |
| PREPAID  | 2021-03-30 | 2021-03-30 | 2021-03-31 |     298 |
| HOTSPOT  | 2021-03-30 | 2021-03-30 | 2021-03-31 |     145 |
| CAPPED   | 2021-03-30 | 2021-03-30 | 2021-03-31 |    4501 |
| UNCAPPED | 2021-03-29 | 2021-03-29 | 2021-03-30 |    6836 |
| PREPAID  | 2021-03-29 | 2021-03-29 | 2021-03-30 |     290 |
| HOTSPOT  | 2021-03-29 | 2021-03-29 | 2021-03-30 |     128 |
| CAPPED   | 2021-03-29 | 2021-03-29 | 2021-03-30 |    4487 |
| UNCAPPED | 2021-03-28 | 2021-03-28 | 2021-03-29 |    6694 |
| PREPAID  | 2021-03-28 | 2021-03-28 | 2021-03-29 |     316 |
| HOTSPOT  | 2021-03-28 | 2021-03-28 | 2021-03-29 |     128 |
| CAPPED   | 2021-03-28 | 2021-03-28 | 2021-03-29 |    4447 |
+----------+------------+------------+------------+---------+
20 rows in set (24.61 sec)

mysql> mysql \. C:\workspace\cloud\code\sql\_DailyScript\currenttime.sql
+---------------------+
| currenttime         |
+---------------------+
| 2021-04-03 10:53:17 |
+---------------------+
1 row in set (0.00 sec)

mysql> 
mysql> mysql \. C:\workspace\cloud\code\sql\_DailyScript\DAILY-SCRIPT-SALES-TELEMETRY.sql
Database changed
Query OK, 210 rows affected, 95 warnings (0.05 sec)
Records: 210  Deleted: 0  Skipped: 0  Warnings: 95

+------------+
| dailysales |
+------------+
|     228660 |
+------------+
1 row in set (0.23 sec)

Query OK, 0 rows affected (0.01 sec)

Query OK, 228660 rows affected (15.55 sec)
Records: 228660  Duplicates: 0  Warnings: 0

+--------+
| sales  |
+--------+
| 228660 |
+--------+
1 row in set (0.25 sec)

Query OK, 0 rows affected (0.01 sec)

Query OK, 3750 rows affected (0.39 sec)
Records: 3750  Duplicates: 0  Warnings: 0

+----------------+
| rep_dailysales |
+----------------+
|           3750 |
+----------------+
1 row in set (0.00 sec)

Query OK, 0 rows affected (0.01 sec)

Query OK, 3750 rows affected (0.60 sec)
Records: 3750  Duplicates: 0  Warnings: 0

+-------------------+
| rep_dailysalesreg |
+-------------------+
|              3750 |
+-------------------+
1 row in set (0.00 sec)

Query OK, 0 rows affected (0.01 sec)

Query OK, 2895 rows affected (0.73 sec)
Records: 2895  Duplicates: 0  Warnings: 0

+-----------+
| saleslist |
+-----------+
|      2895 |
+-----------+
1 row in set (0.00 sec)

Database changed
Query OK, 2 rows affected (0.02 sec)
Records: 2  Deleted: 0  Skipped: 0  Warnings: 0

+------------------+
| dailysinglesales |
+------------------+
|             6491 |
+------------------+
1 row in set (0.01 sec)

Database changed
Query OK, 5 rows affected (0.02 sec)
Records: 5  Deleted: 0  Skipped: 0  Warnings: 0

+-----------------+
| dailyaddonsales |
+-----------------+
|           22914 |
+-----------------+
1 row in set (0.04 sec)

Query OK, 576 rows affected (0.15 sec)
Records: 576  Deleted: 0  Skipped: 0  Warnings: 0

+----------------+
| onlinepayments |
+----------------+
|         174709 |
+----------------+
1 row in set (0.13 sec)

+-------------+----------------+---------------------+
| paymentdate | onlinepayments | onlinepaymentamount |
+-------------+----------------+---------------------+
| 2021-04-01  |            576 |        386026.55000 |
| 2021-03-31  |            324 |        204791.66000 |
| 2021-03-30  |            262 |        157814.71000 |
| 2021-03-29  |            228 |        140991.94000 |
| 2021-03-28  |            336 |        225548.47000 |
+-------------+----------------+---------------------+
5 rows in set (0.65 sec)

+-------------+--------------+----------------+---------------------+
| paymentyear | paymentmonth | onlinepayments | onlinepaymentamount |
+-------------+--------------+----------------+---------------------+
|        2021 |            4 |            576 |        386026.55000 |
|        2021 |            3 |           9164 |       5894594.15000 |
|        2021 |            2 |           8581 |       5454096.95000 |
|        2021 |            1 |           9124 |       5808374.04000 |
|        2021 |         NULL |          27445 |      17543091.69000 |
+-------------+--------------+----------------+---------------------+
5 rows in set (0.17 sec)

mysql> mysql \. C:\workspace\cloud\code\sql\_DailyScript\currenttime.sql
+---------------------+
| currenttime         |
+---------------------+
| 2021-04-03 10:53:36 |
+---------------------+
1 row in set (0.00 sec)

mysql> 
mysql> mysql \. C:\workspace\cloud\code\sql\_DailyScript\DAILY-SCRIPT-ACTIVENUMBERS.sql
Database changed
Query OK, 1145 rows affected (0.51 sec)
Records: 1145  Deleted: 0  Skipped: 0  Warnings: 0

+------------+----------+
| period     | count(1) |
+------------+----------+
| 2021-04-01 |     1145 |
| 2021-03-31 |     1145 |
| 2021-03-30 |     1138 |
| 2021-03-29 |     1139 |
| 2021-03-28 |     1139 |
+------------+----------+
5 rows in set (0.01 sec)

Query OK, 0 rows affected (0.01 sec)

Query OK, 78 rows affected (1.39 sec)
Records: 78  Duplicates: 0  Warnings: 0

+-------------+
| packagelist |
+-------------+
|          78 |
+-------------+
1 row in set (0.00 sec)

Database changed
Query OK, 0 rows affected (0.00 sec)

Query OK, 0 rows affected (0.00 sec)

Query OK, 0 rows affected (0.00 sec)

Query OK, 0 rows affected (0.00 sec)

Query OK, 28749 rows affected, 294 warnings (20.93 sec)
Records: 28749  Deleted: 0  Skipped: 0  Warnings: 294

+------------+----------+
| period     | count(1) |
+------------+----------+
| 2021-04-01 |    28749 |
| 2021-03-31 |    28900 |
| 2021-03-30 |    28762 |
| 2021-03-29 |    28568 |
| 2021-03-28 |    28244 |
+------------+----------+
5 rows in set (0.11 sec)

Query OK, 0 rows affected (0.04 sec)

Query OK, 28176 rows affected (49.27 sec)
Records: 28176  Duplicates: 0  Warnings: 0

Query OK, 0 rows affected (0.14 sec)
Records: 0  Duplicates: 0  Warnings: 0

Query OK, 0 rows affected (0.10 sec)
Records: 0  Duplicates: 0  Warnings: 0

Query OK, 0 rows affected (0.10 sec)
Records: 0  Duplicates: 0  Warnings: 0

Query OK, 0 rows affected (0.08 sec)
Records: 0  Duplicates: 0  Warnings: 0

Query OK, 0 rows affected (0.07 sec)
Records: 0  Duplicates: 0  Warnings: 0

Query OK, 0 rows affected (0.07 sec)
Records: 0  Duplicates: 0  Warnings: 0

+-------------+
| countbefore |
+-------------+
|    44605839 |
+-------------+
1 row in set (16.95 sec)

Query OK, 28176 rows affected (5.42 sec)
Records: 28176  Duplicates: 0  Warnings: 0

+------------+
| countafter |
+------------+
|   44634015 |
+------------+
1 row in set (14.46 sec)

+------------+--------------------------+
| period     | customercontractactivity |
+------------+--------------------------+
| 2021-04-01 |                    28176 |
| 2021-03-31 |                    28328 |
| 2021-03-30 |                    28190 |
| 2021-03-29 |                    27997 |
| 2021-03-28 |                    27673 |
+------------+--------------------------+
5 rows in set (0.06 sec)

Query OK, 0 rows affected (0.02 sec)

ERROR 1206 (HY000): The total number of locks exceeds the lock table size
ERROR 1146 (42S02): Table 'rcbill_my.customercontractsnapshot' doesn't exist
ERROR 1146 (42S02): Table 'rcbill_my.customercontractsnapshot' doesn't exist
ERROR 1146 (42S02): Table 'rcbill_my.customercontractsnapshot' doesn't exist
Query OK, 0 rows affected (0.01 sec)

Query OK, 234 rows affected (0.46 sec)
Records: 234  Duplicates: 0  Warnings: 0

Query OK, 0 rows affected (0.01 sec)

Query OK, 2717 rows affected (0.66 sec)
Records: 2717  Duplicates: 0  Warnings: 0

Query OK, 0 rows affected (0.01 sec)

Query OK, 28154 rows affected (0.57 sec)
Records: 28154  Duplicates: 0  Warnings: 0

Query OK, 0 rows affected (0.01 sec)

Query OK, 17334 rows affected (0.37 sec)
Records: 17334  Duplicates: 0  Warnings: 0

Query OK, 0 rows affected (0.01 sec)

Query OK, 17334 rows affected (0.13 sec)
Records: 17334  Duplicates: 0  Warnings: 0

Query OK, 0 rows affected (0.02 sec)

Query OK, 17334 rows affected (1.22 sec)
Records: 17334  Duplicates: 0  Warnings: 0

Query OK, 0 rows affected (0.01 sec)

Query OK, 17334 rows affected (46.56 sec)
Records: 17334  Duplicates: 0  Warnings: 0

+-------------+
| clientstats |
+-------------+
|       17334 |
+-------------+
1 row in set (0.01 sec)

Query OK, 0 rows affected (0.01 sec)

Query OK, 14 rows affected, 1 warning (0.11 sec)
Records: 14  Duplicates: 0  Warnings: 1

+-----------------------+-------------+-------------+----------------+-----------------+
| services              | activecount | allaccounts | uniqueaccounts | uniquecontracts |
+-----------------------+-------------+-------------+----------------+-----------------+
| All                   |         374 |          63 |             63 |             200 |
| Internet & OTT        |           4 |           2 |              2 |               2 |
| Internet & Voice      |         344 |         154 |            154 |             300 |
| Internet Only         |        4371 |        4257 |           4248 |            4299 |
| OTT Only              |           6 |           2 |              2 |               6 |
| TV & Internet         |        9893 |        4455 |           4446 |            9089 |
| TV & Internet & OTT   |        3575 |         909 |            906 |            1888 |
| TV & Internet & Voice |         554 |         157 |            157 |             483 |
| TV & OTT              |         538 |          80 |             78 |             101 |
| TV & Voice            |          88 |          40 |             40 |              82 |
| TV & Voice & OTT      |           3 |           1 |              1 |               2 |
| TV Only               |        9001 |        7088 |           7077 |            7280 |
| Voice Only            |         128 |         126 |            126 |             128 |
| GRAND TOTAL           |       28879 |       17334 |          17264 |           23860 |
+-----------------------+-------------+-------------+----------------+-----------------+
14 rows in set (0.00 sec)

+-------------+-------------+-------------+----------------+-----------------+
| network     | activecount | allaccounts | uniqueaccounts | uniquecontracts |
+-------------+-------------+-------------+----------------+-----------------+
| GPON        |       11221 |        5583 |           5580 |            8847 |
| HFC         |       17658 |       11751 |          11751 |           15013 |
| GRAND TOTAL |       28879 |       17334 |          17264 |           23860 |
+-------------+-------------+-------------+----------------+-----------------+
3 rows in set, 1 warning (0.12 sec)

+-------------+-----------------------+-------------+-------------+----------------+-----------------+
| network     | services              | activecount | allaccounts | uniqueaccounts | uniquecontracts |
+-------------+-----------------------+-------------+-------------+----------------+-----------------+
| GPON        | All                   |         234 |          41 |             41 |             128 |
| GPON        | Internet & Voice      |          78 |          33 |             33 |              68 |
| GPON        | Internet Only         |        1348 |        1251 |           1251 |            1278 |
| GPON        | TV & Internet         |        4738 |        2091 |           2091 |            4310 |
| GPON        | TV & Internet & OTT   |        2285 |         575 |            575 |            1202 |
| GPON        | TV & Internet & Voice |         278 |          75 |             75 |             234 |
| GPON        | TV & OTT              |         308 |          42 |             42 |              53 |
| GPON        | TV & Voice            |          48 |          22 |             22 |              45 |
| GPON        | TV & Voice & OTT      |           3 |           1 |              1 |               2 |
| GPON        | TV Only               |        1889 |        1441 |           1441 |            1515 |
| GPON        | Voice Only            |          12 |          11 |             11 |              12 |
| GPON        | Services Total        |       11221 |        5583 |           5580 |            8847 |
| HFC         | All                   |         140 |          22 |             22 |              72 |
| HFC         | Internet & OTT        |           4 |           2 |              2 |               2 |
| HFC         | Internet & Voice      |         266 |         121 |            121 |             232 |
| HFC         | Internet Only         |        3023 |        3006 |           3006 |            3021 |
| HFC         | OTT Only              |           6 |           2 |              2 |               6 |
| HFC         | TV & Internet         |        5155 |        2364 |           2364 |            4779 |
| HFC         | TV & Internet & OTT   |        1290 |         334 |            334 |             686 |
| HFC         | TV & Internet & Voice |         276 |          82 |             82 |             249 |
| HFC         | TV & OTT              |         230 |          38 |             38 |              48 |
| HFC         | TV & Voice            |          40 |          18 |             18 |              37 |
| HFC         | TV Only               |        7112 |        5647 |           5647 |            5765 |
| HFC         | Voice Only            |         116 |         115 |            115 |             116 |
| HFC         | Services Total        |       17658 |       11751 |          11751 |           15013 |
| GRAND TOTAL | Services Total        |       28879 |       17334 |          17264 |           23860 |
+-------------+-----------------------+-------------+-------------+----------------+-----------------+
26 rows in set, 2 warnings (0.14 sec)

Query OK, 0 rows affected (0.01 sec)

Query OK, 45 rows affected, 3 warnings (0.18 sec)
Records: 45  Duplicates: 0  Warnings: 3

+-------------+---------------+-----------------------+-------------+-------------+----------------+-----------------+
| region      | network       | services              | activecount | allaccounts | uniqueaccounts | uniquecontracts |
+-------------+---------------+-----------------------+-------------+-------------+----------------+-----------------+
| Eden Island | GPON          | TV & Internet         |           2 |           1 |              1 |               2 |
| Eden Island | GPON          | Services Total        |           2 |           1 |              1 |               2 |
| Eden Island | Network Total | Services Total        |           2 |           1 |              1 |               2 |
| Mahe        | GPON          | All                   |         203 |          36 |             36 |             113 |
| Mahe        | GPON          | Internet & Voice      |          64 |          26 |             26 |              54 |
| Mahe        | GPON          | Internet Only         |        1116 |        1019 |           1019 |            1046 |
| Mahe        | GPON          | TV & Internet         |        3879 |        1710 |           1710 |            3520 |
| Mahe        | GPON          | TV & Internet & OTT   |        1886 |         464 |            464 |             973 |
| Mahe        | GPON          | TV & Internet & Voice |         268 |          72 |             72 |             224 |
| Mahe        | GPON          | TV & OTT              |         284 |          33 |             33 |              44 |
| Mahe        | GPON          | TV & Voice            |          46 |          21 |             21 |              43 |
| Mahe        | GPON          | TV & Voice & OTT      |           3 |           1 |              1 |               2 |
| Mahe        | GPON          | TV Only               |        1536 |        1162 |           1162 |            1219 |
| Mahe        | GPON          | Voice Only            |          12 |          11 |             11 |              12 |
| Mahe        | GPON          | Services Total        |        9297 |        4555 |           4555 |            7250 |
| Mahe        | HFC           | All                   |         140 |          22 |             22 |              72 |
| Mahe        | HFC           | Internet & OTT        |           4 |           2 |              2 |               2 |
| Mahe        | HFC           | Internet & Voice      |         266 |         121 |            121 |             232 |
| Mahe        | HFC           | Internet Only         |        3022 |        3005 |           3005 |            3020 |
| Mahe        | HFC           | OTT Only              |           6 |           2 |              2 |               6 |
| Mahe        | HFC           | TV & Internet         |        5153 |        2363 |           2363 |            4777 |
| Mahe        | HFC           | TV & Internet & OTT   |        1290 |         334 |            334 |             686 |
| Mahe        | HFC           | TV & Internet & Voice |         276 |          82 |             82 |             249 |
| Mahe        | HFC           | TV & OTT              |         230 |          38 |             38 |              48 |
| Mahe        | HFC           | TV & Voice            |          40 |          18 |             18 |              37 |
| Mahe        | HFC           | TV Only               |        7109 |        5645 |           5645 |            5763 |
| Mahe        | HFC           | Voice Only            |         116 |         115 |            115 |             116 |
| Mahe        | HFC           | Services Total        |       17652 |       11747 |          11747 |           15008 |
| Mahe        | Network Total | Services Total        |       26949 |       16302 |          16235 |           22258 |
| Praslin     | GPON          | All                   |          31 |           5 |              5 |              15 |
| Praslin     | GPON          | Internet & Voice      |          14 |           7 |              7 |              14 |
| Praslin     | GPON          | Internet Only         |         232 |         232 |            232 |             232 |
| Praslin     | GPON          | TV & Internet         |         857 |         380 |            380 |             788 |
| Praslin     | GPON          | TV & Internet & OTT   |         399 |         111 |            111 |             229 |
| Praslin     | GPON          | TV & Internet & Voice |          10 |           3 |              3 |              10 |
| Praslin     | GPON          | TV & OTT              |          24 |           9 |              9 |               9 |
| Praslin     | GPON          | TV & Voice            |           2 |           1 |              1 |               2 |
| Praslin     | GPON          | TV Only               |         353 |         279 |            279 |             296 |
| Praslin     | GPON          | Services Total        |        1922 |        1027 |           1027 |            1595 |
| Praslin     | HFC           | Internet Only         |           1 |           1 |              1 |               1 |
| Praslin     | HFC           | TV & Internet         |           2 |           1 |              1 |               2 |
| Praslin     | HFC           | TV Only               |           3 |           2 |              2 |               2 |
| Praslin     | HFC           | Services Total        |           6 |           4 |              4 |               5 |
| Praslin     | Network Total | Services Total        |        1928 |        1031 |           1031 |            1600 |
| GRAND TOTAL | Network Total | Services Total        |       28879 |       17334 |          17264 |           23860 |
+-------------+---------------+-----------------------+-------------+-------------+----------------+-----------------+
45 rows in set (0.00 sec)

Query OK, 0 rows affected (0.01 sec)

Query OK, 28155 rows affected (0.44 sec)
Records: 28155  Duplicates: 0  Warnings: 0

Query OK, 0 rows affected (0.01 sec)

Query OK, 2282 rows affected (1.24 sec)
Records: 2282  Duplicates: 0  Warnings: 0

+--------------------------------------+
| message                              |
+--------------------------------------+
| running rcbill_my.sp_ActiveNumber2() |
+--------------------------------------+
1 row in set (0.00 sec)

Query OK, 365 rows affected (2 min 3.00 sec)

mysql> mysql \. C:\workspace\cloud\code\sql\_DailyScript\currenttime.sql
+---------------------+
| currenttime         |
+---------------------+
| 2021-04-03 11:06:38 |
+---------------------+
1 row in set (0.00 sec)

mysql> 
mysql> mysql \. C:\workspace\cloud\code\sql\_DailyScript\GetActiveNumbers Average -Pivot.sql
Database changed
+-------------------------------------+
| @today := subdate(current_date(),1) |
+-------------------------------------+
| 2021-04-02                          |
+-------------------------------------+
1 row in set (0.01 sec)

+-------------------------------------+
| @lastdayofmonth := last_day(@today) |
+-------------------------------------+
| 2021-04-30                          |
+-------------------------------------+
1 row in set (0.01 sec)

Query OK, 0 rows affected (0.01 sec)

Query OK, 46904 rows affected, 65535 warnings (58.32 sec)
Records: 46904  Duplicates: 0  Warnings: 95182

Query OK, 0 rows affected (0.10 sec)
Records: 0  Duplicates: 0  Warnings: 0

Query OK, 0 rows affected (0.13 sec)
Records: 0  Duplicates: 0  Warnings: 0

Query OK, 0 rows affected (0.11 sec)
Records: 0  Duplicates: 0  Warnings: 0

+-----------------+
| activenumberavg |
+-----------------+
|           46904 |
+-----------------+
1 row in set (0.02 sec)

Query OK, 0 rows affected (0.01 sec)

Query OK, 1952 rows affected (0.54 sec)
Records: 1952  Duplicates: 0  Warnings: 0

+---------------------+
| rep_activenumberavg |
+---------------------+
|                1952 |
+---------------------+
1 row in set (0.00 sec)

+----------------------+
| rep_activenumberavg1 |
+----------------------+
|                  911 |
+----------------------+
1 row in set (0.00 sec)

Query OK, 0 rows affected (0.01 sec)

Query OK, 2466 rows affected (0.43 sec)
Records: 2466  Duplicates: 0  Warnings: 0

Query OK, 0 rows affected (0.01 sec)

Query OK, 12687 rows affected (0.79 sec)
Records: 12687  Duplicates: 0  Warnings: 0

Query OK, 0 rows affected (0.00 sec)

Query OK, 0 rows affected (0.01 sec)

Query OK, 0 rows affected (0.01 sec)

Query OK, 0 rows affected (0.00 sec)

Query OK, 0 rows affected (0.00 sec)
Statement prepared

Query OK, 53 rows affected (0.05 sec)
Records: 53  Duplicates: 0  Warnings: 0

Query OK, 0 rows affected (0.00 sec)

Query OK, 0 rows affected (0.00 sec)

+----------------------+
| rep_activenumberavg2 |
+----------------------+
|                 2466 |
+----------------------+
1 row in set (0.01 sec)

+------------------------+
| rep_activenumberavg_pv |
+------------------------+
|                     53 |
+------------------------+
1 row in set (0.00 sec)

Query OK, 0 rows affected (0.00 sec)

Query OK, 2465 rows affected (0.37 sec)
Records: 2465  Duplicates: 0  Warnings: 0

Query OK, 0 rows affected (0.00 sec)

Query OK, 0 rows affected (0.01 sec)

Query OK, 0 rows affected (0.01 sec)

Query OK, 0 rows affected (0.00 sec)

Query OK, 0 rows affected (0.00 sec)
Statement prepared

Query OK, 53 rows affected (0.05 sec)
Records: 53  Duplicates: 0  Warnings: 0

Query OK, 0 rows affected (0.00 sec)

Query OK, 0 rows affected (0.00 sec)

+-------------------------+
| rep_activenumberavgMahe |
+-------------------------+
|                    2465 |
+-------------------------+
1 row in set (0.00 sec)

+----------------------------+
| rep_activenumberavgMahe_pv |
+----------------------------+
|                         53 |
+----------------------------+
1 row in set (0.00 sec)

Query OK, 0 rows affected (0.00 sec)

Query OK, 1559 rows affected (0.18 sec)
Records: 1559  Duplicates: 0  Warnings: 0

Query OK, 0 rows affected (0.01 sec)

Query OK, 0 rows affected (0.01 sec)

Query OK, 0 rows affected (0.01 sec)

Query OK, 0 rows affected (0.00 sec)

Query OK, 0 rows affected (0.00 sec)
Statement prepared

Query OK, 40 rows affected (0.04 sec)
Records: 40  Duplicates: 0  Warnings: 0

Query OK, 0 rows affected (0.00 sec)

Query OK, 0 rows affected (0.00 sec)

+----------------------------+
| rep_activenumberavgPraslin |
+----------------------------+
|                       1559 |
+----------------------------+
1 row in set (0.00 sec)

+-------------------------------+
| rep_activenumberavgPraslin_pv |
+-------------------------------+
|                            40 |
+-------------------------------+
1 row in set (0.00 sec)

mysql> mysql \. C:\workspace\cloud\code\sql\_DailyScript\currenttime.sql
+---------------------+
| currenttime         |
+---------------------+
| 2021-04-03 11:07:39 |
+---------------------+
1 row in set (0.00 sec)

mysql> 
mysql> 
mysql> 
mysql> 
mysql> 
mysql> 
mysql> 
mysql> 
mysql> 
mysql> 
mysql> 
mysql> 
mysql> 
mysql> 
mysql> 
mysql> 
mysql> 
mysql> 
mysql> 
mysql> 
mysql> 
mysql> 
mysql> 
mysql> 
mysql> exit
