    -> 
    -> mysql \. C:\workspace\cloud\code\sql\_DailyScript\_setdates.sql
Database changed
Query OK, 0 rows affected (0.00 sec)

Query OK, 0 rows affected (0.00 sec)

Query OK, 0 rows affected (0.00 sec)

Query OK, 0 rows affected (0.00 sec)

Query OK, 0 rows affected (0.00 sec)

Query OK, 0 rows affected (0.00 sec)

Query OK, 0 rows affected (0.00 sec)

Query OK, 0 rows affected (0.00 sec)

Query OK, 0 rows affected (0.00 sec)

Query OK, 0 rows affected (0.00 sec)

Query OK, 0 rows affected (0.00 sec)

Query OK, 0 rows affected (0.00 sec)

Query OK, 0 rows affected (0.00 sec)

Query OK, 0 rows affected (0.00 sec)

Query OK, 0 rows affected (0.00 sec)

Query OK, 0 rows affected (0.00 sec)

Query OK, 0 rows affected (0.00 sec)

Query OK, 0 rows affected (0.00 sec)

Query OK, 0 rows affected (0.00 sec)

Query OK, 0 rows affected (0.00 sec)

Query OK, 0 rows affected (0.00 sec)

mysql> mysql \. C:\workspace\cloud\code\sql\_DailyScript\currenttime.sql
+---------------------+
| currenttime         |
+---------------------+
| 2021-01-13 09:33:45 |
+---------------------+
1 row in set (0.00 sec)

mysql> 
mysql> mysql \. C:\workspace\cloud\code\sql\_DailyScript\load_RCB_VODTITLES.sql
Database changed
Query OK, 0 rows affected (0.00 sec)

Query OK, 13541 rows affected (0.15 sec)

Query OK, 13588 rows affected, 13588 warnings (0.31 sec)
Records: 13588  Deleted: 0  Skipped: 0  Warnings: 13588

Query OK, 0 rows affected (0.00 sec)

Query OK, 2 rows affected (0.01 sec)

+-----------+
| VODTITLES |
+-----------+
|     14046 |
+-----------+
1 row in set (0.01 sec)

+-----------+-----------+
| titletype | typecount |
+-----------+-----------+
| E         |     11351 |
| N         |       252 |
| T         |      1983 |
| NULL      |     13586 |
+-----------+-----------+
4 rows in set (0.04 sec)

mysql> mysql \. C:\workspace\cloud\code\sql\_DailyScript\currenttime.sql
+---------------------+
| currenttime         |
+---------------------+
| 2021-01-13 09:33:45 |
+---------------------+
1 row in set (0.00 sec)

mysql> 
mysql> mysql \. C:\workspace\cloud\code\sql\_DailyScript\DAILY-SCRIPT-LIVETV-STATS.sql
Database changed
Query OK, 0 rows affected (0.01 sec)

Query OK, 121241 rows affected (1.33 sec)
Records: 121241  Duplicates: 0  Warnings: 0

+------------+------------+----------+--------------+--------------+-----------+-------------+----------+--------+------+------------+---------+---------------+
| Table      | Non_unique | Key_name | Seq_in_index | Column_name  | Collation | Cardinality | Sub_part | Packed | Null | Index_type | Comment | Index_comment |
+------------+------------+----------+--------------+--------------+-----------+-------------+----------+--------+------+------------+---------+---------------+
| templivetv |          1 | idxtv1   |            1 | device       | A         |      120906 |     NULL | NULL   | YES  | BTREE      |         |               |
| templivetv |          1 | idxtv2   |            1 | sessionstart | A         |      120906 |     NULL | NULL   | YES  | BTREE      |         |               |
+------------+------------+----------+--------------+--------------+-----------+-------------+----------+--------+------+------------+---------+---------------+
2 rows in set (0.00 sec)

Query OK, 121496 rows affected (17.48 sec)
Records: 121496  Duplicates: 0  Warnings: 0

Query OK, 2603 rows affected (0.74 sec)
Records: 2603  Duplicates: 0  Warnings: 0

Query OK, 0 rows affected (0.00 sec)

Query OK, 0 rows affected (0.00 sec)

Query OK, 133 rows affected (0.03 sec)
Records: 133  Duplicates: 0  Warnings: 0

Query OK, 0 rows affected (0.03 sec)

Query OK, 50447 rows affected (2 min 27.59 sec)
Records: 50447  Duplicates: 0  Warnings: 0

+-----------------+
| rep_livetvstats |
+-----------------+
|           50447 |
+-----------------+
1 row in set (0.02 sec)

mysql> mysql \. C:\workspace\cloud\code\sql\_DailyScript\currenttime.sql
+---------------------+
| currenttime         |
+---------------------+
| 2021-01-13 09:36:32 |
+---------------------+
1 row in set (0.00 sec)

mysql> 
mysql> mysql \. C:\workspace\cloud\code\sql\_DailyScript\DAILY-SCRIPT-VODTS-STATS.sql
Database changed
Query OK, 0 rows affected (0.01 sec)

Query OK, 4748 rows affected (16.87 sec)
Records: 4748  Duplicates: 0  Warnings: 0

+---------+------------+----------+--------------+--------------+-----------+-------------+----------+--------+------+------------+---------+---------------+
| Table   | Non_unique | Key_name | Seq_in_index | Column_name  | Collation | Cardinality | Sub_part | Packed | Null | Index_type | Comment | Index_comment |
+---------+------------+----------+--------------+--------------+-----------+-------------+----------+--------+------+------------+---------+---------------+
| tempvod |          1 | idxtvod1 |            1 | device       | A         |        4831 |     NULL | NULL   | YES  | BTREE      |         |               |
| tempvod |          1 | idxtvod2 |            1 | sessionstart | A         |        4831 |     NULL | NULL   | YES  | BTREE      |         |               |
+---------+------------+----------+--------------+--------------+-----------+-------------+----------+--------+------+------------+---------+---------------+
2 rows in set (0.00 sec)

Query OK, 4748 rows affected (2.94 sec)
Records: 4748  Duplicates: 0  Warnings: 0

Query OK, 0 rows affected (0.02 sec)

Query OK, 955221 rows affected (1 min 14.75 sec)
Records: 955221  Duplicates: 0  Warnings: 0

+--------------+
| rep_vodstats |
+--------------+
|       955221 |
+--------------+
1 row in set (0.28 sec)

Database changed
Query OK, 0 rows affected (0.01 sec)

Query OK, 23537 rows affected (41.68 sec)
Records: 23537  Duplicates: 0  Warnings: 0

+--------+------------+----------+--------------+--------------+-----------+-------------+----------+--------+------+------------+---------+---------------+
| Table  | Non_unique | Key_name | Seq_in_index | Column_name  | Collation | Cardinality | Sub_part | Packed | Null | Index_type | Comment | Index_comment |
+--------+------------+----------+--------------+--------------+-----------+-------------+----------+--------+------+------------+---------+---------------+
| tempts |          1 | idxtts1  |            1 | device       | A         |       23669 |     NULL | NULL   | YES  | BTREE      |         |               |
| tempts |          1 | idxtts2  |            1 | sessionstart | A         |       23669 |     NULL | NULL   | YES  | BTREE      |         |               |
+--------+------------+----------+--------------+--------------+-----------+-------------+----------+--------+------+------------+---------+---------------+
2 rows in set (0.00 sec)

Query OK, 23493 rows affected (13.32 sec)
Records: 23493  Duplicates: 0  Warnings: 0

Query OK, 0 rows affected (0.01 sec)

Query OK, 43127 rows affected (41.63 sec)
Records: 43127  Duplicates: 0  Warnings: 0

+-------------+
| rep_tsstats |
+-------------+
|       43127 |
+-------------+
1 row in set (0.01 sec)

mysql> mysql \. C:\workspace\cloud\code\sql\_DailyScript\currenttime.sql
+---------------------+
| currenttime         |
+---------------------+
| 2021-01-13 09:39:44 |
+---------------------+
1 row in set (0.00 sec)

mysql> 
mysql> mysql \. C:\workspace\cloud\code\sql\_DailyScript\DAILY-SCRIPT-RADIO-STATS.sql
Database changed
Query OK, 0 rows affected (0.02 sec)

Query OK, 347060 rows affected (3.76 sec)
Records: 347060  Duplicates: 0  Warnings: 0

+-----------+------------+----------+--------------+--------------+-----------+-------------+----------+--------+------+------------+---------+---------------+
| Table     | Non_unique | Key_name | Seq_in_index | Column_name  | Collation | Cardinality | Sub_part | Packed | Null | Index_type | Comment | Index_comment |
+-----------+------------+----------+--------------+--------------+-----------+-------------+----------+--------+------+------------+---------+---------------+
| tempradio |          1 | idxtrad1 |            1 | device       | A         |      341881 |     NULL | NULL   | YES  | BTREE      |         |               |
| tempradio |          1 | idxtrad2 |            1 | sessionstart | A         |      341881 |     NULL | NULL   | YES  | BTREE      |         |               |
+-----------+------------+----------+--------------+--------------+-----------+-------------+----------+--------+------+------------+---------+---------------+
2 rows in set (0.00 sec)

Query OK, 327 rows affected (1.48 sec)
Records: 327  Duplicates: 0  Warnings: 0

Query OK, 0 rows affected (0.01 sec)

Query OK, 5779 rows affected (0.45 sec)
Records: 5779  Duplicates: 0  Warnings: 0

+----------------+
| rep_radiostats |
+----------------+
|           5779 |
+----------------+
1 row in set (0.00 sec)

mysql> mysql \. C:\workspace\cloud\code\sql\_DailyScript\currenttime.sql
+---------------------+
| currenttime         |
+---------------------+
| 2021-01-13 09:39:50 |
+---------------------+
1 row in set (0.00 sec)

mysql> 
mysql> mysql \. C:\workspace\cloud\code\sql\_DailyScript\DAILY_SCRIPT_TELEMETRY_PIVOT_2021.sql
Query OK, 0 rows affected (0.01 sec)

Query OK, 140 rows affected (0.10 sec)
Records: 140  Duplicates: 0  Warnings: 0

Query OK, 0 rows affected (0.01 sec)

Query OK, 7281 rows affected (1.07 sec)
Records: 7281  Duplicates: 0  Warnings: 0

Query OK, 0 rows affected (0.01 sec)

Query OK, 5 rows affected (0.02 sec)
Records: 5  Duplicates: 0  Warnings: 0

Query OK, 0 rows affected (0.01 sec)

Query OK, 44 rows affected (0.05 sec)
Records: 44  Duplicates: 0  Warnings: 0

mysql> mysql \. C:\workspace\cloud\code\sql\_DailyScript\currenttime.sql
+---------------------+
| currenttime         |
+---------------------+
| 2021-01-13 09:39:51 |
+---------------------+
1 row in set (0.00 sec)

mysql> 
mysql> mysql \. C:\workspace\cloud\code\sql\_DailyScript\telemetry_livetv_ranking2021.sql
Query OK, 0 rows affected (0.01 sec)

Query OK, 140 rows affected (0.03 sec)
Records: 140  Duplicates: 0  Warnings: 0

mysql> mysql \. C:\workspace\cloud\code\sql\_DailyScript\currenttime.sql
+---------------------+
| currenttime         |
+---------------------+
| 2021-01-13 09:39:51 |
+---------------------+
1 row in set (0.00 sec)

mysql> 
mysql> mysql \. C:\workspace\cloud\code\sql\_DailyScript\telemetry_radio_ranking2021.sql
Query OK, 0 rows affected (0.01 sec)

Query OK, 5 rows affected (0.02 sec)
Records: 5  Duplicates: 0  Warnings: 0

mysql> mysql \. C:\workspace\cloud\code\sql\_DailyScript\currenttime.sql
+---------------------+
| currenttime         |
+---------------------+
| 2021-01-13 09:39:51 |
+---------------------+
1 row in set (0.00 sec)

mysql> 
mysql> mysql \. C:\workspace\cloud\code\sql\_DailyScript\telemetry_ts_ranking2021.sql
Query OK, 0 rows affected (0.01 sec)

Query OK, 44 rows affected (0.01 sec)
Records: 44  Duplicates: 0  Warnings: 0

mysql> mysql \. C:\workspace\cloud\code\sql\_DailyScript\currenttime.sql
+---------------------+
| currenttime         |
+---------------------+
| 2021-01-13 09:39:51 |
+---------------------+
1 row in set (0.00 sec)

mysql> 
mysql> mysql \. C:\workspace\cloud\code\sql\_DailyScript\telemetry_vod_ranking2021.sql
Query OK, 0 rows affected (0.01 sec)

Query OK, 7281 rows affected (0.29 sec)
Records: 7281  Duplicates: 0  Warnings: 0

mysql> mysql \. C:\workspace\cloud\code\sql\_DailyScript\currenttime.sql
+---------------------+
| currenttime         |
+---------------------+
| 2021-01-13 09:39:51 |
+---------------------+
1 row in set (0.00 sec)

mysql> 
mysql> mysql \. C:\workspace\cloud\code\sql\_DailyScript\telemetry_vod_ranking2021_1.sql
Query OK, 0 rows affected (0.01 sec)

Query OK, 7281 rows affected (0.16 sec)
Records: 7281  Duplicates: 0  Warnings: 0

mysql> mysql \. C:\workspace\cloud\code\sql\_DailyScript\currenttime.sql
+---------------------+
| currenttime         |
+---------------------+
| 2021-01-13 09:39:52 |
+---------------------+
1 row in set (0.00 sec)

mysql> 
mysql> mysql \. C:\workspace\cloud\code\sql\_DailyScript\telemetry_vod_ranking2021_2.sql
Query OK, 0 rows affected (0.01 sec)

Query OK, 7281 rows affected (0.14 sec)
Records: 7281  Duplicates: 0  Warnings: 0

mysql> mysql \. C:\workspace\cloud\code\sql\_DailyScript\currenttime.sql
+---------------------+
| currenttime         |
+---------------------+
| 2021-01-13 09:39:52 |
+---------------------+
1 row in set (0.00 sec)

mysql> 
mysql> mysql \. C:\workspace\cloud\code\sql\_DailyScript\DAILY-SCRIPT-CREATE-LOAD.sql
Database changed
Database changed
Query OK, 0 rows affected (0.02 sec)

Query OK, 0 rows affected (0.02 sec)

Database changed
Query OK, 67545 rows affected (2.44 sec)
Records: 67545  Deleted: 0  Skipped: 0  Warnings: 0

Query OK, 0 rows affected (0.14 sec)
Records: 0  Duplicates: 0  Warnings: 0

Query OK, 0 rows affected (0.24 sec)
Records: 0  Duplicates: 0  Warnings: 0

Query OK, 0 rows affected (0.23 sec)
Records: 0  Duplicates: 0  Warnings: 0

Query OK, 0 rows affected (0.22 sec)
Records: 0  Duplicates: 0  Warnings: 0

+---------+
| clients |
+---------+
|   67545 |
+---------+
1 row in set (0.02 sec)

Query OK, 0 rows affected (0.01 sec)

Query OK, 14298 rows affected (6.36 sec)
Records: 14298  Duplicates: 0  Warnings: 0

Query OK, 0 rows affected (0.05 sec)
Records: 0  Duplicates: 0  Warnings: 0

+-------------------+
| rcb_clientparcels |
+-------------------+
|             14298 |
+-------------------+
1 row in set (0.00 sec)

Query OK, 0 rows affected (0.01 sec)

Query OK, 81984 rows affected (2.99 sec)
Records: 81984  Duplicates: 0  Warnings: 0

Query OK, 0 rows affected (0.26 sec)
Records: 0  Duplicates: 0  Warnings: 0

Query OK, 0 rows affected (0.01 sec)

Query OK, 67545 rows affected (34.64 sec)
Records: 67545  Duplicates: 0  Warnings: 0

Query OK, 0 rows affected (0.18 sec)
Records: 0  Duplicates: 0  Warnings: 0

Query OK, 0 rows affected (0.20 sec)
Records: 0  Duplicates: 0  Warnings: 0

Query OK, 0 rows affected (0.16 sec)
Records: 0  Duplicates: 0  Warnings: 0

+---------------+
| clientaddress |
+---------------+
|         67545 |
+---------------+
1 row in set (0.02 sec)

Database changed
Query OK, 0 rows affected (0.04 sec)

Query OK, 0 rows affected (0.01 sec)

Database changed
Query OK, 535935 rows affected, 65535 warnings (15.17 sec)
Records: 535935  Deleted: 0  Skipped: 0  Warnings: 221942

Query OK, 0 rows affected (2.38 sec)
Records: 0  Duplicates: 0  Warnings: 0

Query OK, 0 rows affected (2.33 sec)
Records: 0  Duplicates: 0  Warnings: 0

Query OK, 0 rows affected (1.36 sec)
Records: 0  Duplicates: 0  Warnings: 0

Query OK, 0 rows affected (0.02 sec)

Query OK, 535935 rows affected (40.58 sec)
Records: 535935  Duplicates: 0  Warnings: 0

Query OK, 0 rows affected (1.70 sec)
Records: 0  Duplicates: 0  Warnings: 0

Query OK, 0 rows affected (1.29 sec)
Records: 0  Duplicates: 0  Warnings: 0

+-----------+
| contracts |
+-----------+
|    535935 |
+-----------+
1 row in set (0.16 sec)

+-----------------+
| contractaddress |
+-----------------+
|          535935 |
+-----------------+
1 row in set (0.14 sec)

Database changed
Query OK, 0 rows affected (0.01 sec)

Query OK, 0 rows affected (0.01 sec)

Query OK, 7727 rows affected (0.16 sec)
Records: 7727  Deleted: 0  Skipped: 0  Warnings: 0

Query OK, 0 rows affected (0.01 sec)

Query OK, 7695 rows affected (0.90 sec)
Records: 7695  Duplicates: 0  Warnings: 0

Query OK, 0 rows affected (0.04 sec)
Records: 0  Duplicates: 0  Warnings: 0

Query OK, 0 rows affected (0.02 sec)
Records: 0  Duplicates: 0  Warnings: 0

Query OK, 0 rows affected (0.03 sec)
Records: 0  Duplicates: 0  Warnings: 0

Query OK, 0 rows affected (0.01 sec)

Query OK, 5859 rows affected (0.07 sec)
Records: 5859  Duplicates: 0  Warnings: 0

Query OK, 0 rows affected (0.03 sec)
Records: 0  Duplicates: 0  Warnings: 0

+-------------------+
| contractdiscounts |
+-------------------+
|              7727 |
+-------------------+
1 row in set (0.00 sec)

+-------------------------+
| clientcontractdiscounts |
+-------------------------+
|                    7695 |
+-------------------------+
1 row in set (0.00 sec)

+----------------------------+
| clientcontractlastdiscount |
+----------------------------+
|                       5859 |
+----------------------------+
1 row in set (0.00 sec)

Database changed
Query OK, 0 rows affected (0.02 sec)

Query OK, 0 rows affected (0.01 sec)

Database changed
Query OK, 143142 rows affected, 8 warnings (2.58 sec)
Records: 143142  Deleted: 0  Skipped: 0  Warnings: 8

Query OK, 0 rows affected (0.26 sec)
Records: 0  Duplicates: 0  Warnings: 0

Query OK, 0 rows affected (0.28 sec)
Records: 0  Duplicates: 0  Warnings: 0

Query OK, 0 rows affected (0.29 sec)
Records: 0  Duplicates: 0  Warnings: 0

Query OK, 0 rows affected (0.27 sec)
Records: 0  Duplicates: 0  Warnings: 0

Query OK, 0 rows affected (0.37 sec)
Records: 0  Duplicates: 0  Warnings: 0

Query OK, 0 rows affected (0.53 sec)
Records: 0  Duplicates: 0  Warnings: 0

Query OK, 0 rows affected (0.06 sec)

Query OK, 1823533 rows affected (3 min 49.06 sec)
Records: 1823533  Duplicates: 0  Warnings: 0

Query OK, 0 rows affected (4.48 sec)
Records: 0  Duplicates: 0  Warnings: 0

+---------+
| devices |
+---------+
|  143142 |
+---------+
1 row in set (0.05 sec)

+-----------------------+
| clientcontractdevices |
+-----------------------+
|               1823533 |
+-----------------------+
1 row in set (0.65 sec)

Query OK, 0 rows affected (0.01 sec)

Query OK, 143093 rows affected (6.67 sec)
Records: 143093  Duplicates: 0  Warnings: 0

+---------------------------+
| rep_clientcontractdevices |
+---------------------------+
|                    143093 |
+---------------------------+
1 row in set (0.04 sec)

Database changed
Query OK, 0 rows affected (0.02 sec)

Query OK, 0 rows affected (0.01 sec)

Query OK, 310748 rows affected (6.94 sec)
Records: 310748  Deleted: 0  Skipped: 0  Warnings: 0

Query OK, 0 rows affected (0.71 sec)
Records: 0  Duplicates: 0  Warnings: 0

Query OK, 0 rows affected (0.64 sec)
Records: 0  Duplicates: 0  Warnings: 0

Query OK, 0 rows affected (0.63 sec)
Records: 0  Duplicates: 0  Warnings: 0

Query OK, 0 rows affected (0.58 sec)
Records: 0  Duplicates: 0  Warnings: 0

+---------+
| tickets |
+---------+
|  310748 |
+---------+
1 row in set (0.08 sec)

Database changed
Query OK, 0 rows affected (0.01 sec)

Query OK, 0 rows affected (0.01 sec)

Empty set (0.00 sec)

Query OK, 0 rows affected (0.01 sec)
Records: 0  Duplicates: 0  Warnings: 0

Query OK, 372 rows affected, 2 warnings (0.02 sec)
Records: 372  Deleted: 0  Skipped: 0  Warnings: 2

+-----------------+
| tickettechusers |
+-----------------+
|             372 |
+-----------------+
1 row in set (0.00 sec)

Database changed
Query OK, 0 rows affected (0.01 sec)

Query OK, 0 rows affected (0.01 sec)

Query OK, 0 rows affected (0.01 sec)
Records: 0  Duplicates: 0  Warnings: 0

Query OK, 685479 rows affected, 48764 warnings (10.78 sec)
Records: 685479  Deleted: 0  Skipped: 0  Warnings: 48764

+-------------------+
| ticketassignments |
+-------------------+
|            685479 |
+-------------------+
1 row in set (0.18 sec)

Database changed
Query OK, 0 rows affected (0.02 sec)

Query OK, 0 rows affected (0.01 sec)

Query OK, 1383430 rows affected (15.57 sec)
Records: 1383430  Deleted: 0  Skipped: 0  Warnings: 0

Query OK, 0 rows affected (3.94 sec)
Records: 0  Duplicates: 0  Warnings: 0

Query OK, 0 rows affected (2.94 sec)
Records: 0  Duplicates: 0  Warnings: 0

Query OK, 0 rows affected (2.59 sec)
Records: 0  Duplicates: 0  Warnings: 0

Query OK, 0 rows affected (4.17 sec)
Records: 0  Duplicates: 0  Warnings: 0

+----------------+
| ticketcomments |
+----------------+
|        1383430 |
+----------------+
1 row in set (0.39 sec)

Database changed
Query OK, 0 rows affected (0.01 sec)

Query OK, 0 rows affected (0.01 sec)

Query OK, 470993 rows affected (33.19 sec)
Records: 470993  Deleted: 0  Skipped: 0  Warnings: 0

Query OK, 0 rows affected (2.42 sec)
Records: 0  Duplicates: 0  Warnings: 0

+----------+
| comments |
+----------+
|   470993 |
+----------+
1 row in set (0.13 sec)

Database changed
Query OK, 0 rows affected (0.04 sec)

Query OK, 0 rows affected (0.01 sec)

Query OK, 1570148 rows affected, 65535 warnings (1 min 10.79 sec)
Records: 1570148  Deleted: 0  Skipped: 0  Warnings: 1570183

Query OK, 0 rows affected (4.82 sec)
Records: 0  Duplicates: 0  Warnings: 0

Query OK, 0 rows affected (3.22 sec)
Records: 0  Duplicates: 0  Warnings: 0

Query OK, 0 rows affected (3.60 sec)
Records: 0  Duplicates: 0  Warnings: 0

Query OK, 0 rows affected (3.56 sec)
Records: 0  Duplicates: 0  Warnings: 0

Query OK, 0 rows affected (5.15 sec)
Records: 0  Duplicates: 0  Warnings: 0

+------------+
| devicesold |
+------------+
|    1570148 |
+------------+
1 row in set (0.43 sec)

Database changed
Query OK, 0 rows affected (0.02 sec)

Query OK, 0 rows affected (0.01 sec)

Query OK, 1816770 rows affected (22.54 sec)
Records: 1816770  Deleted: 0  Skipped: 0  Warnings: 0

Query OK, 0 rows affected (6.17 sec)
Records: 0  Duplicates: 0  Warnings: 0

Query OK, 0 rows affected (3.60 sec)
Records: 0  Duplicates: 0  Warnings: 0

Query OK, 0 rows affected (3.95 sec)
Records: 0  Duplicates: 0  Warnings: 0

+------------------+
| contractservices |
+------------------+
|          1816770 |
+------------------+
1 row in set (0.51 sec)

Database changed
Query OK, 0 rows affected (0.06 sec)

Query OK, 0 rows affected (0.01 sec)

Query OK, 4444841 rows affected (1 min 51.91 sec)
Records: 4444841  Deleted: 0  Skipped: 0  Warnings: 0

Query OK, 0 rows affected (12.25 sec)
Records: 0  Duplicates: 0  Warnings: 0

Query OK, 0 rows affected (14.57 sec)
Records: 0  Duplicates: 0  Warnings: 0

Query OK, 0 rows affected (11.17 sec)
Records: 0  Duplicates: 0  Warnings: 0

Query OK, 0 rows affected (10.94 sec)
Records: 0  Duplicates: 0  Warnings: 0

+------------------+
| invoicescontents |
+------------------+
|          4444841 |
+------------------+
1 row in set (1.46 sec)

Database changed
Query OK, 0 rows affected (0.13 sec)

Query OK, 0 rows affected (0.03 sec)

Query OK, 3139201 rows affected (2 min 51.94 sec)
Records: 3139201  Deleted: 0  Skipped: 0  Warnings: 0

Query OK, 0 rows affected (12.20 sec)
Records: 0  Duplicates: 0  Warnings: 0

Query OK, 0 rows affected (11.84 sec)
Records: 0  Duplicates: 0  Warnings: 0

Query OK, 0 rows affected (11.13 sec)
Records: 0  Duplicates: 0  Warnings: 0

Query OK, 0 rows affected (10.72 sec)
Records: 0  Duplicates: 0  Warnings: 0

Query OK, 0 rows affected (10.70 sec)
Records: 0  Duplicates: 0  Warnings: 0

+----------------+
| invoicesheader |
+----------------+
|        3139201 |
+----------------+
1 row in set (0.86 sec)

Database changed
Query OK, 0 rows affected (0.04 sec)

Query OK, 0 rows affected (0.01 sec)

Query OK, 3154032 rows affected (1 min 19.88 sec)
Records: 3154032  Deleted: 0  Skipped: 0  Warnings: 0

Query OK, 0 rows affected (8.21 sec)
Records: 0  Duplicates: 0  Warnings: 0

Query OK, 0 rows affected (7.38 sec)
Records: 0  Duplicates: 0  Warnings: 0

Query OK, 0 rows affected (8.55 sec)
Records: 0  Duplicates: 0  Warnings: 0

Query OK, 0 rows affected (7.38 sec)
Records: 0  Duplicates: 0  Warnings: 0

Query OK, 0 rows affected (8.96 sec)
Records: 0  Duplicates: 0  Warnings: 0

+---------+
| casa    |
+---------+
| 3154032 |
+---------+
1 row in set (0.85 sec)

Query OK, 0 rows affected (0.01 sec)

Query OK, 15461 rows affected (1 min 11.54 sec)
Records: 15461  Duplicates: 0  Warnings: 0

+--------------------+
| rep_paycol_channel |
+--------------------+
|              15461 |
+--------------------+
1 row in set (0.01 sec)

Query OK, 0 rows affected (0.01 sec)

Query OK, 11535 rows affected (1 min 28.51 sec)
Records: 11535  Duplicates: 0  Warnings: 0

+----------------+
| rep_paycol_pos |
+----------------+
|          11535 |
+----------------+
1 row in set (0.01 sec)

Database changed
Query OK, 0 rows affected (0.01 sec)

Query OK, 0 rows affected (0.01 sec)

Database changed
Query OK, 39889 rows affected (0.78 sec)
Records: 39889  Deleted: 0  Skipped: 0  Warnings: 0

+-------+
| users |
+-------+
| 39889 |
+-------+
1 row in set (0.01 sec)

Query OK, 0 rows affected (0.07 sec)
Records: 0  Duplicates: 0  Warnings: 0

Database changed
Query OK, 0 rows affected (0.03 sec)

Query OK, 0 rows affected (0.01 sec)

Query OK, 1872898 rows affected, 2 warnings (27.46 sec)
Records: 1872898  Deleted: 0  Skipped: 0  Warnings: 2

Query OK, 0 rows affected (5.04 sec)
Records: 0  Duplicates: 0  Warnings: 0

Query OK, 0 rows affected (4.42 sec)
Records: 0  Duplicates: 0  Warnings: 0

Query OK, 0 rows affected (4.33 sec)
Records: 0  Duplicates: 0  Warnings: 0

Query OK, 0 rows affected (3.85 sec)
Records: 0  Duplicates: 0  Warnings: 0

Query OK, 0 rows affected (3.71 sec)
Records: 0  Duplicates: 0  Warnings: 0

+-------------+
| useractions |
+-------------+
|     1872898 |
+-------------+
1 row in set (0.50 sec)

Database changed
Query OK, 0 rows affected (0.08 sec)

Query OK, 0 rows affected (0.01 sec)

Database changed
Query OK, 26041406 rows affected (4 min 21.09 sec)
Records: 26041406  Deleted: 0  Skipped: 0  Warnings: 0

Query OK, 0 rows affected (1 min 6.02 sec)
Records: 0  Duplicates: 0  Warnings: 0

Query OK, 0 rows affected (1 min 3.80 sec)
Records: 0  Duplicates: 0  Warnings: 0

Query OK, 0 rows affected (1 min 4.09 sec)
Records: 0  Duplicates: 0  Warnings: 0

Query OK, 0 rows affected (56.58 sec)
Records: 0  Duplicates: 0  Warnings: 0

Query OK, 0 rows affected (1 min 12.56 sec)
Records: 0  Duplicates: 0  Warnings: 0

+----------+
| ipusage1 |
+----------+
| 26041406 |
+----------+
1 row in set (8.17 sec)

Query OK, 0 rows affected (0.02 sec)

Query OK, 1816750 rows affected (45.94 sec)
Records: 1816750  Duplicates: 0  Warnings: 0

Query OK, 0 rows affected (7.14 sec)
Records: 0  Duplicates: 0  Warnings: 0

Query OK, 0 rows affected (3.73 sec)
Records: 0  Duplicates: 0  Warnings: 0

Query OK, 0 rows affected (5.04 sec)
Records: 0  Duplicates: 0  Warnings: 0

+------------------------------+
| contractsservicepackageprice |
+------------------------------+
|                      1816750 |
+------------------------------+
1 row in set (0.50 sec)

Query OK, 0 rows affected (0.04 sec)

Query OK, 1816973 rows affected (1 min 59.21 sec)
Records: 1816973  Duplicates: 0  Warnings: 0

Query OK, 0 rows affected (8.67 sec)
Records: 0  Duplicates: 0  Warnings: 0

Query OK, 0 rows affected (7.96 sec)
Records: 0  Duplicates: 0  Warnings: 0

Query OK, 0 rows affected (4.76 sec)
Records: 0  Duplicates: 0  Warnings: 0

Query OK, 0 rows affected (6.83 sec)
Records: 0  Duplicates: 0  Warnings: 0

+------------------------------------+
| clientcontractsservicepackageprice |
+------------------------------------+
|                            1816973 |
+------------------------------------+
1 row in set (0.50 sec)

mysql> mysql \. C:\workspace\cloud\code\sql\_DailyScript\currenttime.sql
+---------------------+
| currenttime         |
+---------------------+
| 2021-01-13 10:14:53 |
+---------------------+
1 row in set (0.00 sec)

mysql> 
mysql> mysql \. C:\workspace\cloud\code\sql\_DailyScript\ticket_analysis.sql
Database changed
Query OK, 0 rows affected (0.02 sec)

Query OK, 744390 rows affected (21.74 sec)
Records: 744390  Duplicates: 0  Warnings: 0

Query OK, 0 rows affected (4.40 sec)
Records: 0  Duplicates: 0  Warnings: 0

Query OK, 0 rows affected (1.97 sec)
Records: 0  Duplicates: 0  Warnings: 0

Query OK, 0 rows affected (1.92 sec)
Records: 0  Duplicates: 0  Warnings: 0

Query OK, 0 rows affected (0.01 sec)

Query OK, 23691 rows affected (12.13 sec)
Records: 23691  Duplicates: 0  Warnings: 0

Query OK, 0 rows affected, 1 warning (0.00 sec)

Query OK, 106386 rows affected (6.97 sec)
Records: 106386  Duplicates: 0  Warnings: 0

Query OK, 0 rows affected, 1 warning (0.00 sec)

Query OK, 543395 rows affected (13.46 sec)
Records: 543395  Duplicates: 0  Warnings: 0

Query OK, 0 rows affected, 1 warning (0.00 sec)

Query OK, 543395 rows affected (13.95 sec)
Records: 543395  Duplicates: 0  Warnings: 0

Query OK, 0 rows affected (0.02 sec)

Query OK, 106488 rows affected (5.45 sec)
Records: 106488  Duplicates: 0  Warnings: 0

Database changed
Query OK, 0 rows affected (0.00 sec)

Query OK, 0 rows affected (0.02 sec)

Query OK, 744390 rows affected (21.72 sec)
Records: 744390  Duplicates: 0  Warnings: 0

Query OK, 0 rows affected (0.01 sec)

Query OK, 378028 rows affected (14.40 sec)
Records: 378028  Duplicates: 0  Warnings: 0

+--------------------------+
| clientticket_cmmtjourney |
+--------------------------+
|                   744390 |
+--------------------------+
1 row in set (2.09 sec)

+---------------------------+
| clientticket_assgnjourney |
+---------------------------+
|                    378028 |
+---------------------------+
1 row in set (0.40 sec)

Query OK, 0 rows affected (0.01 sec)

Query OK, 76 rows affected (0.09 sec)
Records: 76  Duplicates: 0  Warnings: 0

mysql> mysql \. C:\workspace\cloud\code\sql\_DailyScript\currenttime.sql
+---------------------+
| currenttime         |
+---------------------+
| 2021-01-13 10:16:54 |
+---------------------+
1 row in set (0.00 sec)

mysql> 
mysql> mysql \. C:\workspace\cloud\code\sql\_DailyScript\load_DailyCalls.sql
Database changed
Query OK, 3573 rows affected (0.37 sec)
Records: 3573  Deleted: 0  Skipped: 0  Warnings: 0

Query OK, 0 rows affected, 1 warning (0.00 sec)

Query OK, 3470 rows affected (0.04 sec)
Records: 3470  Duplicates: 0  Warnings: 0

Query OK, 0 rows affected, 1 warning (0.00 sec)

Query OK, 68549 rows affected (0.24 sec)
Records: 68549  Duplicates: 0  Warnings: 0

+----------------------+
| callingclientsbefore |
+----------------------+
|              1085253 |
+----------------------+
1 row in set (0.43 sec)

Query OK, 4910 rows affected (1 min 8.68 sec)
Records: 4910  Duplicates: 0  Warnings: 0

+---------------------+
| callingclientsafter |
+---------------------+
|             1090163 |
+---------------------+
1 row in set (0.28 sec)

Query OK, 0 rows affected (0.01 sec)

Query OK, 1597 rows affected (3.54 sec)
Records: 1597  Duplicates: 0  Warnings: 0

Query OK, 0 rows affected (0.01 sec)

Query OK, 21568 rows affected (3.24 sec)
Records: 21568  Duplicates: 0  Warnings: 0

+-----------+
| callstats |
+-----------+
|     21568 |
+-----------+
1 row in set (0.01 sec)

Query OK, 0 rows affected, 1 warning (0.00 sec)

Query OK, 4910 rows affected (2.77 sec)
Records: 4910  Duplicates: 0  Warnings: 0

+------------------------+
| rep_cccallreportbefore |
+------------------------+
|                1086230 |
+------------------------+
1 row in set (0.37 sec)

Query OK, 4910 rows affected (0.70 sec)
Records: 4910  Duplicates: 0  Warnings: 0

+-----------------------+
| rep_cccallreportafter |
+-----------------------+
|               1091140 |
+-----------------------+
1 row in set (0.28 sec)

Query OK, 0 rows affected (0.01 sec)

mysql> mysql \. C:\workspace\cloud\code\sql\_DailyScript\currenttime.sql
+---------------------+
| currenttime         |
+---------------------+
| 2021-01-13 10:18:15 |
+---------------------+
1 row in set (0.00 sec)

mysql> 
mysql> mysql \. C:\workspace\cloud\code\sql\_DailyScript\DAILY-SCRIPT-USAGE.sql
Database changed
Query OK, 0 rows affected (0.00 sec)

Query OK, 4200 rows affected, 12142 warnings (1.07 sec)
Records: 4200  Deleted: 0  Skipped: 0  Warnings: 12142

Query OK, 0 rows affected (0.00 sec)

Query OK, 6151 rows affected, 17807 warnings (1.33 sec)
Records: 6151  Deleted: 0  Skipped: 0  Warnings: 17807

Query OK, 0 rows affected (0.00 sec)

Query OK, 213 rows affected, 760 warnings (0.03 sec)
Records: 213  Deleted: 0  Skipped: 0  Warnings: 760

Query OK, 0 rows affected (0.00 sec)

Query OK, 133 rows affected, 461 warnings (0.04 sec)
Records: 133  Deleted: 0  Skipped: 0  Warnings: 461

+------------+
| dailyusage |
+------------+
|   16167809 |
+------------+
1 row in set (6.82 sec)

+------------+------------+------------+---------+
| datestart  | dateend    | insertedon | records |
+------------+------------+------------+---------+
| 2021-01-12 | 2021-01-12 | 2021-01-13 |   10697 |
| 2021-01-11 | 2021-01-11 | 2021-01-12 |   10474 |
| 2021-01-10 | 2021-01-10 | 2021-01-11 |   10482 |
| 2021-01-09 | 2021-01-09 | 2021-01-11 |   10569 |
| 2021-01-08 | 2021-01-08 | 2021-01-09 |   10707 |
+------------+------------+------------+---------+
5 rows in set (32.46 sec)

+----------+------------+------------+------------+---------+
| category | datestart  | dateend    | insertedon | records |
+----------+------------+------------+------------+---------+
| UNCAPPED | 2021-01-12 | 2021-01-12 | 2021-01-13 |    6151 |
| PREPAID  | 2021-01-12 | 2021-01-12 | 2021-01-13 |     213 |
| HOTSPOT  | 2021-01-12 | 2021-01-12 | 2021-01-13 |     133 |
| CAPPED   | 2021-01-12 | 2021-01-12 | 2021-01-13 |    4200 |
| UNCAPPED | 2021-01-11 | 2021-01-11 | 2021-01-12 |    5882 |
| PREPAID  | 2021-01-11 | 2021-01-11 | 2021-01-12 |     224 |
| HOTSPOT  | 2021-01-11 | 2021-01-11 | 2021-01-12 |     165 |
| CAPPED   | 2021-01-11 | 2021-01-11 | 2021-01-12 |    4203 |
| UNCAPPED | 2021-01-10 | 2021-01-10 | 2021-01-11 |    5880 |
| PREPAID  | 2021-01-10 | 2021-01-10 | 2021-01-11 |     232 |
| HOTSPOT  | 2021-01-10 | 2021-01-10 | 2021-01-11 |     172 |
| CAPPED   | 2021-01-10 | 2021-01-10 | 2021-01-11 |    4198 |
| UNCAPPED | 2021-01-09 | 2021-01-09 | 2021-01-11 |    5929 |
| PREPAID  | 2021-01-09 | 2021-01-09 | 2021-01-11 |     249 |
| HOTSPOT  | 2021-01-09 | 2021-01-09 | 2021-01-11 |     158 |
| CAPPED   | 2021-01-09 | 2021-01-09 | 2021-01-11 |    4233 |
| UNCAPPED | 2021-01-08 | 2021-01-08 | 2021-01-09 |    5965 |
| PREPAID  | 2021-01-08 | 2021-01-08 | 2021-01-09 |     266 |
| HOTSPOT  | 2021-01-08 | 2021-01-08 | 2021-01-09 |     199 |
| CAPPED   | 2021-01-08 | 2021-01-08 | 2021-01-09 |    4277 |
+----------+------------+------------+------------+---------+
20 rows in set (22.57 sec)

mysql> mysql \. C:\workspace\cloud\code\sql\_DailyScript\currenttime.sql
+---------------------+
| currenttime         |
+---------------------+
| 2021-01-13 10:19:19 |
+---------------------+
1 row in set (0.00 sec)

mysql> 
mysql> mysql \. C:\workspace\cloud\code\sql\_DailyScript\DAILY-SCRIPT-SALES-TELEMETRY.sql
Database changed
Query OK, 68 rows affected, 35 warnings (0.04 sec)
Records: 68  Deleted: 0  Skipped: 0  Warnings: 35

+------------+
| dailysales |
+------------+
|     220455 |
+------------+
1 row in set (0.24 sec)

Query OK, 0 rows affected (0.01 sec)

Query OK, 220455 rows affected (13.57 sec)
Records: 220455  Duplicates: 0  Warnings: 0

+--------+
| sales  |
+--------+
| 220455 |
+--------+
1 row in set (0.20 sec)

Query OK, 0 rows affected (0.01 sec)

Query OK, 3593 rows affected (0.35 sec)
Records: 3593  Duplicates: 0  Warnings: 0

+----------------+
| rep_dailysales |
+----------------+
|           3593 |
+----------------+
1 row in set (0.00 sec)

Query OK, 0 rows affected (0.01 sec)

Query OK, 3593 rows affected (0.51 sec)
Records: 3593  Duplicates: 0  Warnings: 0

+-------------------+
| rep_dailysalesreg |
+-------------------+
|              3593 |
+-------------------+
1 row in set (0.00 sec)

Query OK, 0 rows affected (0.01 sec)

Query OK, 2859 rows affected (0.66 sec)
Records: 2859  Duplicates: 0  Warnings: 0

+-----------+
| saleslist |
+-----------+
|      2859 |
+-----------+
1 row in set (0.00 sec)

Database changed
ERROR 2 (HY000): File 'C:\ProgramData\MySQL\MySQL Server 5.7\Uploads\_csv\PrepaidCardSales-12012021-P1.csv' not found (Errcode: 2 - No such file or directory)
+------------------+
| dailysinglesales |
+------------------+
|             6443 |
+------------------+
1 row in set (0.01 sec)

Database changed
Query OK, 6 rows affected (0.02 sec)
Records: 6  Deleted: 0  Skipped: 0  Warnings: 0

+-----------------+
| dailyaddonsales |
+-----------------+
|           21650 |
+-----------------+
1 row in set (0.04 sec)

Query OK, 210 rows affected (0.11 sec)
Records: 210  Deleted: 0  Skipped: 0  Warnings: 0

+----------------+
| onlinepayments |
+----------------+
|         150350 |
+----------------+
1 row in set (0.10 sec)

+-------------+----------------+---------------------+
| paymentdate | onlinepayments | onlinepaymentamount |
+-------------+----------------+---------------------+
| 2021-01-12  |            210 |        135674.21000 |
| 2021-01-11  |            208 |        125671.01000 |
| 2021-01-10  |            208 |        121503.21000 |
| 2021-01-09  |            229 |        147160.25000 |
| 2021-01-08  |            189 |        114204.08000 |
+-------------+----------------+---------------------+
5 rows in set (0.56 sec)

+-------------+--------------+----------------+---------------------+
| paymentyear | paymentmonth | onlinepayments | onlinepaymentamount |
+-------------+--------------+----------------+---------------------+
|        2021 |            1 |           3086 |       1985337.41000 |
|        2021 |         NULL |           3086 |       1985337.41000 |
|        2020 |           12 |           7235 |       4780077.29000 |
|        2020 |           11 |           6424 |       4163507.90000 |
|        2020 |           10 |           6965 |       4508008.17000 |
+-------------+--------------+----------------+---------------------+
5 rows in set (0.14 sec)

mysql> mysql \. C:\workspace\cloud\code\sql\_DailyScript\currenttime.sql
+---------------------+
| currenttime         |
+---------------------+
| 2021-01-13 10:19:36 |
+---------------------+
1 row in set (0.00 sec)

mysql> 
mysql> mysql \. C:\workspace\cloud\code\sql\_DailyScript\DAILY-SCRIPT-ACTIVENUMBERS.sql
Database changed
Query OK, 1170 rows affected (0.51 sec)
Records: 1170  Deleted: 0  Skipped: 0  Warnings: 0

+------------+----------+
| period     | count(1) |
+------------+----------+
| 2021-01-12 |     1170 |
| 2021-01-11 |     1171 |
| 2021-01-10 |     1172 |
| 2021-01-09 |     1172 |
| 2021-01-08 |     1171 |
+------------+----------+
5 rows in set (0.01 sec)

Query OK, 0 rows affected (0.01 sec)

Query OK, 78 rows affected (1.36 sec)
Records: 78  Duplicates: 0  Warnings: 0

+-------------+
| packagelist |
+-------------+
|          78 |
+-------------+
1 row in set (0.00 sec)

Database changed
Query OK, 0 rows affected (0.00 sec)

Query OK, 0 rows affected (0.00 sec)

Query OK, 0 rows affected (0.00 sec)

Query OK, 0 rows affected (0.00 sec)

Query OK, 28339 rows affected, 214 warnings (22.65 sec)
Records: 28339  Deleted: 0  Skipped: 0  Warnings: 214

+------------+----------+
| period     | count(1) |
+------------+----------+
| 2021-01-12 |    28339 |
| 2021-01-11 |    28294 |
| 2021-01-10 |    28260 |
| 2021-01-09 |    28401 |
| 2021-01-08 |    28494 |
+------------+----------+
5 rows in set (0.11 sec)

Query OK, 0 rows affected (0.01 sec)

Query OK, 27768 rows affected (47.76 sec)
Records: 27768  Duplicates: 0  Warnings: 0

Query OK, 0 rows affected (0.15 sec)
Records: 0  Duplicates: 0  Warnings: 0

Query OK, 0 rows affected (0.10 sec)
Records: 0  Duplicates: 0  Warnings: 0

Query OK, 0 rows affected (0.10 sec)
Records: 0  Duplicates: 0  Warnings: 0

Query OK, 0 rows affected (0.10 sec)
Records: 0  Duplicates: 0  Warnings: 0

Query OK, 0 rows affected (0.07 sec)
Records: 0  Duplicates: 0  Warnings: 0

Query OK, 0 rows affected (0.06 sec)
Records: 0  Duplicates: 0  Warnings: 0

+-------------+
| countbefore |
+-------------+
|    42417218 |
+-------------+
1 row in set (16.11 sec)

Query OK, 27768 rows affected (5.51 sec)
Records: 27768  Duplicates: 0  Warnings: 0

+------------+
| countafter |
+------------+
|   42444986 |
+------------+
1 row in set (13.74 sec)

+------------+--------------------------+
| period     | customercontractactivity |
+------------+--------------------------+
| 2021-01-12 |                    27768 |
| 2021-01-11 |                    27723 |
| 2021-01-10 |                    27689 |
| 2021-01-09 |                    27830 |
| 2021-01-08 |                    27923 |
+------------+--------------------------+
5 rows in set (0.06 sec)

Query OK, 0 rows affected (0.04 sec)

Query OK, 290541 rows affected (7 min 40.66 sec)
Records: 290541  Duplicates: 0  Warnings: 0

Query OK, 0 rows affected (0.97 sec)
Records: 0  Duplicates: 0  Warnings: 0

Query OK, 0 rows affected (1.08 sec)
Records: 0  Duplicates: 0  Warnings: 0

Query OK, 0 rows affected (1.01 sec)
Records: 0  Duplicates: 0  Warnings: 0

Query OK, 0 rows affected (0.01 sec)

Query OK, 235 rows affected (0.39 sec)
Records: 235  Duplicates: 0  Warnings: 0

Query OK, 0 rows affected (0.01 sec)

Query OK, 2686 rows affected (0.54 sec)
Records: 2686  Duplicates: 0  Warnings: 0

Query OK, 0 rows affected (0.01 sec)

Query OK, 27743 rows affected (0.49 sec)
Records: 27743  Duplicates: 0  Warnings: 0

Query OK, 0 rows affected (0.02 sec)

Query OK, 17316 rows affected (0.32 sec)
Records: 17316  Duplicates: 0  Warnings: 0

Query OK, 0 rows affected (0.01 sec)

Query OK, 17316 rows affected (0.12 sec)
Records: 17316  Duplicates: 0  Warnings: 0

Query OK, 0 rows affected (0.03 sec)

Query OK, 17316 rows affected (1.07 sec)
Records: 17316  Duplicates: 0  Warnings: 0

Query OK, 0 rows affected (0.01 sec)

Query OK, 17316 rows affected (43.16 sec)
Records: 17316  Duplicates: 0  Warnings: 0

+-------------+
| clientstats |
+-------------+
|       17316 |
+-------------+
1 row in set (0.01 sec)

Query OK, 0 rows affected (0.01 sec)

Query OK, 14 rows affected, 1 warning (0.09 sec)
Records: 14  Duplicates: 0  Warnings: 1

+-----------------------+-------------+-------------+----------------+-----------------+
| services              | activecount | allaccounts | uniqueaccounts | uniquecontracts |
+-----------------------+-------------+-------------+----------------+-----------------+
| All                   |         373 |          63 |             63 |             200 |
| Internet & OTT        |           4 |           2 |              2 |               2 |
| Internet & Voice      |         362 |         163 |            162 |             318 |
| Internet Only         |        4364 |        4242 |           4235 |            4288 |
| OTT Only              |           1 |           1 |              1 |               1 |
| TV & Internet         |        9621 |        4355 |           4348 |            8870 |
| TV & Internet & OTT   |        3367 |         859 |            857 |            1784 |
| TV & Internet & Voice |         564 |         162 |            162 |             497 |
| TV & OTT              |         521 |          82 |             81 |             100 |
| TV & Voice            |          88 |          39 |             39 |              82 |
| TV & Voice & OTT      |           3 |           1 |              1 |               2 |
| TV Only               |        9047 |        7209 |           7202 |            7402 |
| Voice Only            |         140 |         138 |            138 |             140 |
| GRAND TOTAL           |       28455 |       17316 |          17248 |           23686 |
+-----------------------+-------------+-------------+----------------+-----------------+
14 rows in set (0.00 sec)

+-------------+-------------+-------------+----------------+-----------------+
| network     | activecount | allaccounts | uniqueaccounts | uniquecontracts |
+-------------+-------------+-------------+----------------+-----------------+
| GPON        |       10548 |        5335 |           5332 |            8355 |
| HFC         |       17907 |       11981 |          11981 |           15331 |
| GRAND TOTAL |       28455 |       17316 |          17248 |           23686 |
+-------------+-------------+-------------+----------------+-----------------+
3 rows in set, 1 warning (0.11 sec)

+-------------+-----------------------+-------------+-------------+----------------+-----------------+
| network     | services              | activecount | allaccounts | uniqueaccounts | uniquecontracts |
+-------------+-----------------------+-------------+-------------+----------------+-----------------+
| GPON        | All                   |         230 |          41 |             41 |             128 |
| GPON        | Internet & Voice      |          74 |          31 |             31 |              64 |
| GPON        | Internet Only         |        1307 |        1206 |           1206 |            1233 |
| GPON        | TV & Internet         |        4379 |        1938 |           1938 |            3989 |
| GPON        | TV & Internet & OTT   |        2051 |         513 |            513 |            1072 |
| GPON        | TV & Internet & Voice |         271 |          72 |             72 |             225 |
| GPON        | TV & OTT              |         290 |          47 |             47 |              54 |
| GPON        | TV & Voice            |          51 |          22 |             22 |              47 |
| GPON        | TV Only               |        1880 |        1451 |           1451 |            1528 |
| GPON        | Voice Only            |          15 |          14 |             14 |              15 |
| GPON        | Services Total        |       10548 |        5335 |           5332 |            8355 |
| HFC         | All                   |         143 |          22 |             22 |              72 |
| HFC         | Internet & OTT        |           4 |           2 |              2 |               2 |
| HFC         | Internet & Voice      |         288 |         132 |            132 |             254 |
| HFC         | Internet Only         |        3057 |        3036 |           3036 |            3055 |
| HFC         | OTT Only              |           1 |           1 |              1 |               1 |
| HFC         | TV & Internet         |        5242 |        2417 |           2417 |            4881 |
| HFC         | TV & Internet & OTT   |        1316 |         346 |            346 |             712 |
| HFC         | TV & Internet & Voice |         293 |          90 |             90 |             272 |
| HFC         | TV & OTT              |         231 |          35 |             35 |              46 |
| HFC         | TV & Voice            |          37 |          17 |             17 |              35 |
| HFC         | TV & Voice & OTT      |           3 |           1 |              1 |               2 |
| HFC         | TV Only               |        7167 |        5758 |           5758 |            5874 |
| HFC         | Voice Only            |         125 |         124 |            124 |             125 |
| HFC         | Services Total        |       17907 |       11981 |          11981 |           15331 |
| GRAND TOTAL | Services Total        |       28455 |       17316 |          17248 |           23686 |
+-------------+-----------------------+-------------+-------------+----------------+-----------------+
26 rows in set, 2 warnings (0.12 sec)

Query OK, 0 rows affected (0.01 sec)

Query OK, 44 rows affected, 3 warnings (0.17 sec)
Records: 44  Duplicates: 0  Warnings: 3

+-------------+---------------+-----------------------+-------------+-------------+----------------+-----------------+
| region      | network       | services              | activecount | allaccounts | uniqueaccounts | uniquecontracts |
+-------------+---------------+-----------------------+-------------+-------------+----------------+-----------------+
| Eden Island | GPON          | TV & Internet         |           2 |           1 |              1 |               2 |
| Eden Island | GPON          | Services Total        |           2 |           1 |              1 |               2 |
| Eden Island | Network Total | Services Total        |           2 |           1 |              1 |               2 |
| Mahe        | GPON          | All                   |         205 |          37 |             37 |             116 |
| Mahe        | GPON          | Internet & Voice      |          60 |          24 |             24 |              50 |
| Mahe        | GPON          | Internet Only         |        1077 |         976 |            976 |            1003 |
| Mahe        | GPON          | TV & Internet         |        3610 |        1592 |           1592 |            3274 |
| Mahe        | GPON          | TV & Internet & OTT   |        1622 |         393 |            393 |             827 |
| Mahe        | GPON          | TV & Internet & Voice |         255 |          67 |             67 |             209 |
| Mahe        | GPON          | TV & OTT              |         254 |          34 |             34 |              39 |
| Mahe        | GPON          | TV & Voice            |          48 |          21 |             21 |              45 |
| Mahe        | GPON          | TV Only               |        1517 |        1157 |           1157 |            1218 |
| Mahe        | GPON          | Voice Only            |          15 |          14 |             14 |              15 |
| Mahe        | GPON          | Services Total        |        8663 |        4315 |           4315 |            6796 |
| Mahe        | HFC           | All                   |         143 |          22 |             22 |              72 |
| Mahe        | HFC           | Internet & OTT        |           4 |           2 |              2 |               2 |
| Mahe        | HFC           | Internet & Voice      |         288 |         132 |            132 |             254 |
| Mahe        | HFC           | Internet Only         |        3056 |        3035 |           3035 |            3054 |
| Mahe        | HFC           | OTT Only              |           1 |           1 |              1 |               1 |
| Mahe        | HFC           | TV & Internet         |        5242 |        2417 |           2417 |            4881 |
| Mahe        | HFC           | TV & Internet & OTT   |        1316 |         346 |            346 |             712 |
| Mahe        | HFC           | TV & Internet & Voice |         293 |          90 |             90 |             272 |
| Mahe        | HFC           | TV & OTT              |         231 |          35 |             35 |              46 |
| Mahe        | HFC           | TV & Voice            |          37 |          17 |             17 |              35 |
| Mahe        | HFC           | TV & Voice & OTT      |           3 |           1 |              1 |               2 |
| Mahe        | HFC           | TV Only               |        7164 |        5756 |           5756 |            5872 |
| Mahe        | HFC           | Voice Only            |         125 |         124 |            124 |             125 |
| Mahe        | HFC           | Services Total        |       17903 |       11978 |          11978 |           15328 |
| Mahe        | Network Total | Services Total        |       26566 |       16293 |          16228 |           22124 |
| Praslin     | GPON          | All                   |          25 |           4 |              4 |              12 |
| Praslin     | GPON          | Internet & Voice      |          14 |           7 |              7 |              14 |
| Praslin     | GPON          | Internet Only         |         230 |         230 |            230 |             230 |
| Praslin     | GPON          | TV & Internet         |         767 |         345 |            345 |             713 |
| Praslin     | GPON          | TV & Internet & OTT   |         429 |         120 |            120 |             245 |
| Praslin     | GPON          | TV & Internet & Voice |          16 |           5 |              5 |              16 |
| Praslin     | GPON          | TV & OTT              |          36 |          13 |             13 |              15 |
| Praslin     | GPON          | TV & Voice            |           3 |           1 |              1 |               2 |
| Praslin     | GPON          | TV Only               |         363 |         294 |            294 |             310 |
| Praslin     | GPON          | Services Total        |        1883 |        1019 |           1019 |            1557 |
| Praslin     | HFC           | Internet Only         |           1 |           1 |              1 |               1 |
| Praslin     | HFC           | TV Only               |           3 |           2 |              2 |               2 |
| Praslin     | HFC           | Services Total        |           4 |           3 |              3 |               3 |
| Praslin     | Network Total | Services Total        |        1887 |        1022 |           1022 |            1560 |
| GRAND TOTAL | Network Total | Services Total        |       28455 |       17316 |          17248 |           23686 |
+-------------+---------------+-----------------------+-------------+-------------+----------------+-----------------+
44 rows in set (0.00 sec)

Query OK, 0 rows affected (0.01 sec)

Query OK, 27744 rows affected (0.41 sec)
Records: 27744  Duplicates: 0  Warnings: 0

Query OK, 0 rows affected (0.01 sec)

Query OK, 2220 rows affected (1.49 sec)
Records: 2220  Duplicates: 0  Warnings: 0

+--------------------------------------+
| message                              |
+--------------------------------------+
| running rcbill_my.sp_ActiveNumber2() |
+--------------------------------------+
1 row in set (0.00 sec)

Query OK, 365 rows affected (1 min 51.50 sec)

mysql> mysql \. C:\workspace\cloud\code\sql\_DailyScript\currenttime.sql
+---------------------+
| currenttime         |
+---------------------+
| 2021-01-13 10:31:48 |
+---------------------+
1 row in set (0.00 sec)

mysql> 
mysql> mysql \. C:\workspace\cloud\code\sql\_DailyScript\GetActiveNumbers Average -Pivot.sql
Database changed
+-------------------------------------+
| @today := subdate(current_date(),1) |
+-------------------------------------+
| 2021-01-12                          |
+-------------------------------------+
1 row in set (0.00 sec)

+-------------------------------------+
| @lastdayofmonth := last_day(@today) |
+-------------------------------------+
| 2021-01-31                          |
+-------------------------------------+
1 row in set (0.00 sec)

Query OK, 0 rows affected (0.01 sec)

Query OK, 44741 rows affected, 65535 warnings (52.79 sec)
Records: 44741  Duplicates: 0  Warnings: 91664

Query OK, 0 rows affected (0.10 sec)
Records: 0  Duplicates: 0  Warnings: 0

Query OK, 0 rows affected (0.12 sec)
Records: 0  Duplicates: 0  Warnings: 0

Query OK, 0 rows affected (0.10 sec)
Records: 0  Duplicates: 0  Warnings: 0

+-----------------+
| activenumberavg |
+-----------------+
|           44741 |
+-----------------+
1 row in set (0.02 sec)

Query OK, 0 rows affected (0.01 sec)

Query OK, 1939 rows affected (0.50 sec)
Records: 1939  Duplicates: 0  Warnings: 0

+---------------------+
| rep_activenumberavg |
+---------------------+
|                1939 |
+---------------------+
1 row in set (0.00 sec)

+----------------------+
| rep_activenumberavg1 |
+----------------------+
|                  906 |
+----------------------+
1 row in set (0.00 sec)

Query OK, 0 rows affected (0.01 sec)

Query OK, 2341 rows affected (0.40 sec)
Records: 2341  Duplicates: 0  Warnings: 0

Query OK, 0 rows affected (0.01 sec)

Query OK, 12025 rows affected (0.75 sec)
Records: 12025  Duplicates: 0  Warnings: 0

Query OK, 0 rows affected (0.00 sec)

Query OK, 0 rows affected (0.00 sec)

Query OK, 0 rows affected (0.01 sec)

Query OK, 0 rows affected (0.00 sec)

Query OK, 0 rows affected (0.00 sec)
Statement prepared

Query OK, 53 rows affected (0.05 sec)
Records: 53  Duplicates: 0  Warnings: 0

Query OK, 0 rows affected (0.00 sec)

Query OK, 0 rows affected (0.00 sec)

+----------------------+
| rep_activenumberavg2 |
+----------------------+
|                 2341 |
+----------------------+
1 row in set (0.00 sec)

+------------------------+
| rep_activenumberavg_pv |
+------------------------+
|                     53 |
+------------------------+
1 row in set (0.00 sec)

Query OK, 0 rows affected (0.01 sec)

Query OK, 2340 rows affected (0.34 sec)
Records: 2340  Duplicates: 0  Warnings: 0

Query OK, 0 rows affected (0.00 sec)

Query OK, 0 rows affected (0.00 sec)

Query OK, 0 rows affected (0.01 sec)

Query OK, 0 rows affected (0.00 sec)

Query OK, 0 rows affected (0.00 sec)
Statement prepared

Query OK, 53 rows affected (0.04 sec)
Records: 53  Duplicates: 0  Warnings: 0

Query OK, 0 rows affected (0.00 sec)

Query OK, 0 rows affected (0.00 sec)

+-------------------------+
| rep_activenumberavgMahe |
+-------------------------+
|                    2340 |
+-------------------------+
1 row in set (0.00 sec)

+----------------------------+
| rep_activenumberavgMahe_pv |
+----------------------------+
|                         53 |
+----------------------------+
1 row in set (0.00 sec)

Query OK, 0 rows affected (0.00 sec)

Query OK, 1488 rows affected (0.17 sec)
Records: 1488  Duplicates: 0  Warnings: 0

Query OK, 0 rows affected (0.00 sec)

Query OK, 0 rows affected (0.00 sec)

Query OK, 0 rows affected (0.01 sec)

Query OK, 0 rows affected (0.00 sec)

Query OK, 0 rows affected (0.00 sec)
Statement prepared

Query OK, 40 rows affected (0.03 sec)
Records: 40  Duplicates: 0  Warnings: 0

Query OK, 0 rows affected (0.00 sec)

Query OK, 0 rows affected (0.00 sec)

+----------------------------+
| rep_activenumberavgPraslin |
+----------------------------+
|                       1488 |
+----------------------------+
1 row in set (0.00 sec)

+-------------------------------+
| rep_activenumberavgPraslin_pv |
+-------------------------------+
|                            40 |
+-------------------------------+
1 row in set (0.00 sec)

mysql> mysql \. C:\workspace\cloud\code\sql\_DailyScript\currenttime.sql
+---------------------+
| currenttime         |
+---------------------+
| 2021-01-13 10:32:44 |
+---------------------+
1 row in set (0.00 sec)

mysql> 
mysql> mysql \. C:\workspace\cloud\code\sql\_DailyScript\budget_actual_analysis_2021.sql
Query OK, 0 rows affected (0.01 sec)

Query OK, 593 rows affected, 3 warnings (0.06 sec)
Records: 593  Duplicates: 0  Warnings: 3

+--------------------+
| budget_actual_2021 |
+--------------------+
|                593 |
+--------------------+
1 row in set (0.00 sec)

Query OK, 0 rows affected (0.00 sec)

Query OK, 47 rows affected (0.04 sec)
Records: 47  Duplicates: 0  Warnings: 0

+---------------------------+
| rep_budget_actual_2021_pv |
+---------------------------+
|                        47 |
+---------------------------+
1 row in set (0.00 sec)

mysql> mysql \. C:\workspace\cloud\code\sql\_DailyScript\currenttime.sql
+---------------------+
| currenttime         |
+---------------------+
| 2021-01-13 10:32:44 |
+---------------------+
1 row in set (0.00 sec)

mysql> 
mysql> mysql \. C:\workspace\cloud\code\sql\_DailyScript\reports-sales-addons-prepaid-camera.sql
Database changed
Query OK, 0 rows affected (0.01 sec)

Query OK, 4228 rows affected (0.19 sec)
Records: 4228  Duplicates: 0  Warnings: 0

Query OK, 0 rows affected (0.01 sec)

Query OK, 21694 rows affected (15.77 sec)
Records: 21694  Duplicates: 0  Warnings: 0

+--------------------+
| rep_prepaid_camera |
+--------------------+
|               4228 |
+--------------------+
1 row in set (0.01 sec)

+-----------+
| rep_addon |
+-----------+
|     21694 |
+-----------+
1 row in set (0.01 sec)

mysql> mysql \. C:\workspace\cloud\code\sql\_DailyScript\currenttime.sql
+---------------------+
| currenttime         |
+---------------------+
| 2021-01-13 10:33:00 |
+---------------------+
1 row in set (0.00 sec)

mysql> 
mysql> mysql \. C:\workspace\cloud\code\sql\_DailyScript\RCB_ClientAnalyticsReport_Script.sql
Database changed
Query OK, 0 rows affected (0.00 sec)

Query OK, 0 rows affected (0.05 sec)

Query OK, 2013593 rows affected (1 min 11.38 sec)
Records: 2013593  Duplicates: 0  Warnings: 0

Query OK, 0 rows affected (5.61 sec)
Records: 0  Duplicates: 0  Warnings: 0

Query OK, 0 rows affected (4.78 sec)
Records: 0  Duplicates: 0  Warnings: 0

Query OK, 0 rows affected (9.72 sec)
Records: 0  Duplicates: 0  Warnings: 0

Query OK, 0 rows affected (7.31 sec)
Records: 0  Duplicates: 0  Warnings: 0

Query OK, 0 rows affected (8.86 sec)
Records: 0  Duplicates: 0  Warnings: 0

Query OK, 0 rows affected (7.35 sec)
Records: 0  Duplicates: 0  Warnings: 0

Query OK, 0 rows affected (0.00 sec)

Query OK, 501365 rows affected (15.42 sec)
Rows matched: 2013593  Changed: 501365  Warnings: 0

Query OK, 0 rows affected (0.01 sec)

Query OK, 28603 rows affected (3.94 sec)
Records: 28603  Duplicates: 0  Warnings: 0

+---------------------+
| clientcontractssubs |
+---------------------+
|               28603 |
+---------------------+
1 row in set (0.01 sec)

Query OK, 0 rows affected (0.03 sec)

Query OK, 44515 rows affected (10 min 14.92 sec)
Records: 44515  Duplicates: 0  Warnings: 0

Query OK, 0 rows affected (0.17 sec)
Records: 0  Duplicates: 0  Warnings: 0

Query OK, 0 rows affected (0.14 sec)
Records: 0  Duplicates: 0  Warnings: 0

Query OK, 0 rows affected (0.09 sec)
Records: 0  Duplicates: 0  Warnings: 0

+-----------------------+
| clientcontracthistory |
+-----------------------+
|                 44515 |
+-----------------------+
1 row in set (0.01 sec)

Query OK, 0 rows affected (0.01 sec)

Query OK, 2715365 rows affected (1 min 20.15 sec)
Records: 2715365  Duplicates: 0  Warnings: 0

Query OK, 0 rows affected (0.02 sec)

Query OK, 470325 rows affected (6 min 11.19 sec)
Records: 470325  Duplicates: 0  Warnings: 0

Query OK, 0 rows affected (1.58 sec)
Records: 0  Duplicates: 0  Warnings: 0

Query OK, 0 rows affected (0.74 sec)
Records: 0  Duplicates: 0  Warnings: 0

Query OK, 0 rows affected (1.64 sec)
Records: 0  Duplicates: 0  Warnings: 0

Query OK, 0 rows affected (0.80 sec)
Records: 0  Duplicates: 0  Warnings: 0

+--------------------------+
| clientcontractinvpmt_stg |
+--------------------------+
|                   470325 |
+--------------------------+
1 row in set (0.12 sec)

Query OK, 0 rows affected (0.02 sec)

Query OK, 470325 rows affected (11.36 sec)
Records: 470325  Duplicates: 0  Warnings: 0

Query OK, 0 rows affected (1.90 sec)
Records: 0  Duplicates: 0  Warnings: 0

Query OK, 0 rows affected (0.77 sec)
Records: 0  Duplicates: 0  Warnings: 0

Query OK, 0 rows affected (1.68 sec)
Records: 0  Duplicates: 0  Warnings: 0

Query OK, 0 rows affected (0.81 sec)
Records: 0  Duplicates: 0  Warnings: 0

+----------------------+
| clientcontractinvpmt |
+----------------------+
|               470325 |
+----------------------+
1 row in set (0.12 sec)

Query OK, 0 rows affected (0.01 sec)

Query OK, 44515 rows affected (1 min 20.05 sec)
Records: 44515  Duplicates: 0  Warnings: 0

+--------------+
| clientreport |
+--------------+
|        44515 |
+--------------+
1 row in set (0.02 sec)

Query OK, 0 rows affected (0.01 sec)

Query OK, 44515 rows affected (5.51 sec)
Records: 44515  Duplicates: 0  Warnings: 0

+----------------------+
| clientextendedreport |
+----------------------+
|                44515 |
+----------------------+
1 row in set (0.01 sec)

Query OK, 0 rows affected (0.01 sec)

Query OK, 44515 rows affected (1 min 1.19 sec)
Records: 44515  Duplicates: 0  Warnings: 0

+---------+
| allcust |
+---------+
|   44515 |
+---------+
1 row in set (0.01 sec)

Query OK, 0 rows affected, 1 warning (0.00 sec)

Query OK, 5000 rows affected (0.14 sec)
Records: 5000  Duplicates: 0  Warnings: 0

Query OK, 0 rows affected (0.01 sec)

Query OK, 6869 rows affected (0.27 sec)
Records: 6869  Duplicates: 0  Warnings: 0

Query OK, 0 rows affected, 1 warning (0.00 sec)

Query OK, 5000 rows affected (0.13 sec)
Records: 5000  Duplicates: 0  Warnings: 0

Query OK, 0 rows affected (0.01 sec)

Query OK, 7282 rows affected (0.16 sec)
Records: 7282  Duplicates: 0  Warnings: 0

mysql> mysql \. C:\workspace\cloud\code\sql\_DailyScript\currenttime.sql
+---------------------+
| currenttime         |
+---------------------+
| 2021-01-13 10:55:50 |
+---------------------+
1 row in set (0.00 sec)

mysql> 
mysql> 
mysql> mysql \. C:\workspace\cloud\code\sql\_DailyScript\REVENUE_PER_NODE_MXK.sql
Query OK, 0 rows affected (0.01 sec)

Query OK, 0 rows affected (0.01 sec)

Query OK, 0 rows affected (0.01 sec)

Query OK, 7251 rows affected (2.14 sec)
Records: 7251  Duplicates: 0  Warnings: 0

+----------------------+
| message              |
+----------------------+
| created temp table a |
+----------------------+
1 row in set (0.00 sec)

Query OK, 6786 rows affected (0.94 sec)
Records: 6786  Duplicates: 0  Warnings: 0

+----------------------+
| message              |
+----------------------+
| created temp table b |
+----------------------+
1 row in set (0.00 sec)

Query OK, 0 rows affected, 1 warning (0.00 sec)

Query OK, 7557 rows affected (17.97 sec)
Records: 7557  Duplicates: 0  Warnings: 0

+--------------------------------+
| message                        |
+--------------------------------+
| created rcbill_my.tempcustmxk1 |
+--------------------------------+
1 row in set (0.00 sec)

Query OK, 0 rows affected (0.01 sec)

Query OK, 0 rows affected (0.01 sec)

Query OK, 0 rows affected, 1 warning (0.00 sec)

Query OK, 7251 rows affected (1.53 sec)
Records: 7251  Duplicates: 0  Warnings: 0

+----------------+
| message        |
+----------------+
| created temp a |
+----------------+
1 row in set (0.00 sec)

Query OK, 6786 rows affected (0.79 sec)
Records: 6786  Duplicates: 0  Warnings: 0

+----------------+
| message        |
+----------------+
| created temp b |
+----------------+
1 row in set (0.00 sec)

Query OK, 0 rows affected, 1 warning (0.00 sec)

Query OK, 6888 rows affected (9.88 sec)
Records: 6888  Duplicates: 0  Warnings: 0

+--------------------------------+
| message                        |
+--------------------------------+
| created rcbill_my.tempcustmxk2 |
+--------------------------------+
1 row in set (0.00 sec)

Query OK, 0 rows affected (0.01 sec)

Query OK, 0 rows affected (0.00 sec)

Query OK, 0 rows affected, 1 warning (0.00 sec)

Query OK, 0 rows affected (0.01 sec)

Query OK, 8439 rows affected (0.35 sec)
Records: 8439  Duplicates: 0  Warnings: 0

+---------------------------------+
| message                         |
+---------------------------------+
| created rcbill_my.customers_mxk |
+---------------------------------+
1 row in set (0.00 sec)

Query OK, 0 rows affected (0.01 sec)

Query OK, 0 rows affected (0.01 sec)

Query OK, 14387 rows affected (5.36 sec)
Records: 14387  Duplicates: 0  Warnings: 0

+----------------+
| message        |
+----------------+
| created temp a |
+----------------+
1 row in set (0.00 sec)

Query OK, 19193 rows affected (1.65 sec)
Records: 19193  Duplicates: 0  Warnings: 0

+----------------+
| message        |
+----------------+
| created temp c |
+----------------+
1 row in set (0.00 sec)

Query OK, 0 rows affected, 1 warning (0.00 sec)

Query OK, 27246 rows affected (0.29 sec)
Records: 27246  Duplicates: 0  Warnings: 0

+---------------------------------+
| message                         |
+---------------------------------+
| created rcbill_my.tempcustcmts1 |
+---------------------------------+
1 row in set (0.00 sec)

Query OK, 0 rows affected (0.01 sec)

Query OK, 0 rows affected, 1 warning (0.00 sec)

Query OK, 0 rows affected (0.01 sec)

Query OK, 14387 rows affected (5.49 sec)
Records: 14387  Duplicates: 0  Warnings: 0

+----------------+
| message        |
+----------------+
| created temp a |
+----------------+
1 row in set (0.00 sec)

Query OK, 19193 rows affected (1.70 sec)
Records: 19193  Duplicates: 0  Warnings: 0

+----------------+
| message        |
+----------------+
| created temp c |
+----------------+
1 row in set (0.00 sec)

Query OK, 0 rows affected, 1 warning (0.00 sec)

Query OK, 19792 rows affected (0.25 sec)
Records: 19792  Duplicates: 0  Warnings: 0

+---------------------------------+
| message                         |
+---------------------------------+
| created rcbill_my.tempcustcmts2 |
+---------------------------------+
1 row in set (0.00 sec)

Query OK, 0 rows affected (0.01 sec)

Query OK, 0 rows affected, 1 warning (0.00 sec)

Query OK, 0 rows affected (0.01 sec)

Query OK, 0 rows affected (0.01 sec)

Query OK, 14473 rows affected (0.91 sec)
Records: 14473  Duplicates: 0  Warnings: 0

+----------------------------------+
| message                          |
+----------------------------------+
| created rcbill_my.customers_cmts |
+----------------------------------+
1 row in set (0.00 sec)

Query OK, 0 rows affected (0.01 sec)

Query OK, 0 rows affected (0.01 sec)

Query OK, 0 rows affected (0.01 sec)

Query OK, 18810 rows affected (0.75 sec)
Records: 18810  Duplicates: 0  Warnings: 0

+--------------------------------------+
| message                              |
+--------------------------------------+
| created rcbill_my.customers_cmts_mxk |
+--------------------------------------+
1 row in set (0.00 sec)

Query OK, 496253 rows affected (53.92 sec)
Records: 496253  Duplicates: 0  Warnings: 0

+----------------+
| message        |
+----------------+
| created temp a |
+----------------+
1 row in set (0.00 sec)

Query OK, 0 rows affected (0.01 sec)

Query OK, 496976 rows affected (10.68 sec)
Records: 496976  Duplicates: 0  Warnings: 0

+------------------------------------------------+
| message                                        |
+------------------------------------------------+
| created rcbill_my.customers_contracts_cmts_mxk |
+------------------------------------------------+
1 row in set (0.00 sec)

Query OK, 0 rows affected (0.01 sec)

Query OK, 0 rows affected, 1 warning (0.00 sec)

Query OK, 0 rows affected, 1 warning (0.00 sec)

Query OK, 0 rows affected (0.00 sec)

Query OK, 8408 rows affected (2.58 sec)
Rows matched: 8408  Changed: 8408  Warnings: 0

+------------------------------------------------+
| message                                        |
+------------------------------------------------+
| updated rcbill_my.customers_contracts_cmts_mxk |
+------------------------------------------------+
1 row in set (0.00 sec)

Query OK, 0 rows affected (0.02 sec)

Query OK, 2042189 rows affected (3 min 43.64 sec)
Records: 2042189  Duplicates: 0  Warnings: 0

+----------------------------------------+
| message                                |
+----------------------------------------+
| created rcbill_my.customers_collection |
+----------------------------------------+
1 row in set (0.00 sec)

Query OK, 0 rows affected (0.04 sec)

Query OK, 2358721 rows affected (1 min 50.84 sec)
Records: 2358721  Duplicates: 0  Warnings: 0

+------------------------------------------------+
| message                                        |
+------------------------------------------------+
| created rcbill_my.customers_cmts_mxk_cont_coll |
+------------------------------------------------+
1 row in set (0.00 sec)

Query OK, 0 rows affected (0.05 sec)

Query OK, 453153 rows affected (2 min 28.45 sec)
Records: 453153  Duplicates: 0  Warnings: 0

+--------------------------------------------------------+
| message                                                |
+--------------------------------------------------------+
| created rcbill_my.customers_contracts_collection_pivot |
+--------------------------------------------------------+
1 row in set (0.00 sec)

Query OK, 0 rows affected (0.01 sec)

Query OK, 40579 rows affected (2 min 34.55 sec)
Records: 40579  Duplicates: 0  Warnings: 0

+----------------------------------------------+
| message                                      |
+----------------------------------------------+
| created rcbill_my.customers_collection_pivot |
+----------------------------------------------+
1 row in set (0.00 sec)

Query OK, 0 rows affected (0.02 sec)

Query OK, 44515 rows affected (3.47 sec)
Records: 44515  Duplicates: 0  Warnings: 0

+--------------------------------------------+
| message                                    |
+--------------------------------------------+
| created rcbill_my.rep_customers_collection |
+--------------------------------------------+
1 row in set (0.00 sec)

Query OK, 0 rows affected (0.00 sec)

Query OK, 0 rows affected, 1 warning (0.00 sec)

Query OK, 461368 rows affected (11.96 sec)
Records: 461368  Duplicates: 0  Warnings: 0

+-------------------------+
| message                 |
+-------------------------+
| created rcbill_my.tempa |
+-------------------------+
1 row in set (0.00 sec)

Query OK, 0 rows affected, 1 warning (0.00 sec)

Query OK, 453153 rows affected (24.15 sec)
Records: 453153  Duplicates: 0  Warnings: 0

+-------------------------+
| message                 |
+-------------------------+
| created rcbill_my.tempb |
+-------------------------+
1 row in set (0.00 sec)

Query OK, 461368 rows affected (24.14 sec)
Records: 461368  Duplicates: 0  Warnings: 0

+-----------+
| message   |
+-----------+
| created a |
+-----------+
1 row in set (0.00 sec)

Query OK, 453158 rows affected (25.04 sec)
Records: 453158  Duplicates: 0  Warnings: 0

+-----------+
| message   |
+-----------+
| created b |
+-----------+
1 row in set (0.00 sec)

Query OK, 0 rows affected (0.02 sec)

Query OK, 0 rows affected (0.03 sec)

Query OK, 0 rows affected (0.03 sec)

Query OK, 497919 rows affected (59.57 sec)
Records: 497919  Duplicates: 0  Warnings: 0

+----------------------------------------------+
| message                                      |
+----------------------------------------------+
| created rcbill_my.cust_cont_payment_cmts_mxk |
+----------------------------------------------+
1 row in set (0.00 sec)

Query OK, 0 rows affected (0.02 sec)

Query OK, 0 rows affected (0.01 sec)

Query OK, 0 rows affected, 1 warning (0.00 sec)

Query OK, 0 rows affected (0.01 sec)

Query OK, 44515 rows affected (19.61 sec)
Records: 44515  Duplicates: 0  Warnings: 0

+--------------------------------------------------+
| message                                          |
+--------------------------------------------------+
| created rcbill_my.rep_cust_cont_payment_cmts_mxk |
+--------------------------------------------------+
1 row in set (0.00 sec)

Query OK, 0 rows affected, 1 warning (0.00 sec)

Query OK, 0 rows affected, 1 warning (0.00 sec)

Query OK, 0 rows affected (0.01 sec)

Query OK, 44515 rows affected (10.99 sec)
Records: 44515  Duplicates: 0  Warnings: 0

+----------------------+
| rep_custconsolidated |
+----------------------+
|                44515 |
+----------------------+
1 row in set (0.76 sec)

Query OK, 0 rows affected (0.01 sec)

+------------------------------------+
| message                            |
+------------------------------------+
| creating rcbill_my.rep_custextract |
+------------------------------------+
1 row in set (0.00 sec)

Query OK, 44515 rows affected (1.15 sec)
Records: 44515  Duplicates: 0  Warnings: 0

+-----------------+
| rep_custextract |
+-----------------+
|           44515 |
+-----------------+
1 row in set (0.01 sec)

Query OK, 0 rows affected (0.00 sec)

Query OK, 0 rows affected (0.01 sec)

+----------------------------------------------+
| message                                      |
+----------------------------------------------+
| creating rcbill_my.retentioncustomeractivity |
+----------------------------------------------+
1 row in set (0.00 sec)

Query OK, 876 rows affected (0.24 sec)
Records: 876  Duplicates: 0  Warnings: 0

+---------------------------+
| retentioncustomeractivity |
+---------------------------+
|                       876 |
+---------------------------+
1 row in set (0.00 sec)

+-----------+------------------------------------+------------+-------------+-----------------+------------------+---------------------+-------------------+
| HFC_NODE  | NODENAME                           | CMTS_DATE  | INSERTED_ON | UNIQUE_ACCOUNTS | UNIQUE_CONTRACTS | UNIQUE_MAC_INRCBOSS | UNIQUE_MAC_INCMTS |
+-----------+------------------------------------+------------+-------------+-----------------+------------------+---------------------+-------------------+
| NULL      | NULL                               | NULL       | 2021-01-13  |            7052 |             7434 |                7480 |                 0 |
| C5/0/0/U0 | ANSE-BOILEAU-2                     | 2020-11-23 | 2021-01-13  |             193 |              198 |                 193 |               194 |
| C5/0/0/U1 | 500-C3-ANSE-BOILEAU                | 2020-11-23 | 2021-01-13  |             203 |              207 |                 203 |               205 |
| C5/0/1/U0 | 501-C4-LA-MISIERE-LEFT-I           | 2020-11-23 | 2021-01-13  |             155 |              159 |                 155 |               157 |
| C5/0/1/U1 | 501-C5-LA-MISIERE-RIGHT            | 2020-11-23 | 2021-01-13  |             111 |              113 |                 111 |               114 |
| C5/0/1/U2 | 501-C7-LA-MISIERE-LEFT-II          | 2020-11-23 | 2021-01-13  |             161 |              164 |                 161 |               162 |
| C5/0/2/U0 | 502-C8-LA-LOUISE                   | 2020-11-23 | 2021-01-13  |             138 |              138 |                 138 |               139 |
| C5/0/2/U1 | LA-LOUISE-2                        | 2020-11-23 | 2021-01-13  |             141 |              143 |                 141 |               144 |
| C5/0/3/U0 | 504-C6-PETIT-PARIS                 | 2020-11-23 | 2021-01-13  |             159 |              162 |                 159 |               161 |
| C5/0/3/U1 | PETIT-PARIS-23                     | 2020-11-23 | 2021-01-13  |              75 |               77 |                  75 |                76 |
| C5/0/4/U0 | FOUR-SEASONS                       | 2020-11-23 | 2021-01-13  |               3 |                4 |                   4 |                 5 |
| C5/0/4/U1 | ANCHOR-CAFE-I                      | 2020-11-23 | 2021-01-13  |             160 |              164 |                 160 |               162 |
| C5/0/4/U2 | ANCHOR-CAFE-II                     | 2020-11-23 | 2021-01-13  |             162 |              163 |                 162 |               164 |
| C5/1/0/U0 | POINTE-LARUE-AIRPORT-23            | 2020-11-23 | 2021-01-13  |             109 |              115 |                 110 |               111 |
| C5/1/0/U1 | PPROVIDENCE-23                     | 2020-11-23 | 2021-01-13  |              20 |               23 |                  21 |                21 |
| C5/1/0/U2 | ROSHE-CAIMAN-23                    | 2020-11-23 | 2021-01-13  |              12 |               13 |                  12 |                12 |
| C5/1/0/U3 | HEAD-OFFICE | HO-23                | 2020-11-23 | 2021-01-13  |              27 |               27 |                  27 |                30 |
| C5/1/1/U1 | C5-UNION-VALE                      | 2020-11-23 | 2021-01-13  |             202 |              204 |                 202 |               204 |
| C5/1/3/U0 | POINTE-LARUE-AIRPORT-27            | 2020-11-23 | 2021-01-13  |             150 |              151 |                 150 |               155 |
| C5/1/3/U1 | PPROVIDENCE-27                     | 2020-11-23 | 2021-01-13  |              27 |               27 |                  27 |                27 |
| C5/1/3/U2 | ROSHE-CAIMAN-27                    | 2020-11-23 | 2021-01-13  |              27 |               27 |                  27 |                27 |
| C5/1/3/U3 | HEAD-OFFICE | HO-27                | 2020-11-23 | 2021-01-13  |              17 |               18 |                  17 |                19 |
| C5/1/4/U0 | ANSE-ROYALE-27                     | 2020-11-23 | 2021-01-13  |             104 |              106 |                 104 |               104 |
| C5/1/4/U1 | GLACIS-2-57                        | 2020-11-23 | 2021-01-13  |              70 |               73 |                  70 |                71 |
| C5/1/4/U2 | NULL                               | 2020-11-23 | 2021-01-13  |             108 |              111 |                 108 |               108 |
| C5/1/4/U3 | GLACIS-1                           | 2020-11-23 | 2021-01-13  |              34 |               36 |                  34 |                34 |
| C6/0/1/U0 | SERRET-ROAD-RIGHT/CURIO/PASCAL     | 2020-11-23 | 2021-01-13  |             127 |              129 |                 127 |               128 |
| C6/0/1/U1 | SERRET-ROAD-LEFT/ST.LOUIS/TOWN     | 2020-11-23 | 2021-01-13  |              85 |               90 |                  85 |                87 |
| C6/0/1/U2 | SERRET-ROAD-RIGHT/CURIO/PASCAL-2   | 2020-11-23 | 2021-01-13  |             124 |              126 |                 124 |               124 |
| C6/0/1/U3 | SERRET-ROAD-LEFT/ST.LOUIS/TOWN-2   | 2020-11-23 | 2021-01-13  |              77 |               79 |                  77 |                78 |
| C6/0/2/U0 | SANS-SOUCIS-I                      | 2020-11-23 | 2021-01-13  |             102 |              103 |                 102 |               103 |
| C6/0/2/U1 | SANS-SOUCIS-II                     | 2020-11-23 | 2021-01-13  |             117 |              121 |                 117 |               119 |
| C6/0/2/U2 | BEL-AIR-27                         | 2020-11-23 | 2021-01-13  |              98 |               99 |                  98 |               100 |
| C6/0/2/U3 | BEL-AIR-38                         | 2020-11-23 | 2021-01-13  |              84 |               88 |                  84 |                84 |
| C6/0/3/U0 | LES-MAMELLES-23                    | 2020-11-23 | 2021-01-13  |              86 |               86 |                  86 |                88 |
| C6/0/3/U1 | VICTORIA-23                        | 2020-11-23 | 2021-01-13  |              25 |               26 |                  26 |                29 |
| C6/0/4/U0 | LES-MAMELLES-27                    | 2020-11-23 | 2021-01-13  |              68 |               69 |                  68 |                68 |
| C6/0/4/U1 | VICTORIA-27                        | 2020-11-23 | 2021-01-13  |              16 |               16 |                  16 |                16 |
| C7/1/0/U0 | LA-RETRAITE-23                     | 2020-11-23 | 2021-01-13  |              82 |               87 |                  83 |                88 |
| C7/1/0/U1 | TEA-FACTORY-23                     | 2020-11-23 | 2021-01-13  |              24 |               31 |                  26 |                27 |
| C7/1/0/U2 | PAS-23                             | 2020-11-23 | 2021-01-13  |             103 |              108 |                 104 |               104 |
| C7/1/1/U0 | REEF-ESTATE-23                     | 2020-11-23 | 2021-01-13  |              78 |               80 |                  78 |                78 |
| C7/1/2/U0 | LA-RETRAITE-27                     | 2020-11-23 | 2021-01-13  |              70 |               70 |                  70 |                71 |
| C7/1/2/U1 | TEA-FACTORY-27                     | 2020-11-23 | 2021-01-13  |              28 |               33 |                  29 |                29 |
| C7/1/2/U2 | PAS-27                             | 2020-11-23 | 2021-01-13  |              82 |               83 |                  82 |                85 |
| C7/1/3/U0 | MT-BUXTON-27                       | 2020-11-23 | 2021-01-13  |             157 |              160 |                 157 |               158 |
| C7/1/3/U1 | MT-BUXTON-23                       | 2020-11-23 | 2021-01-13  |              86 |               87 |                  86 |                87 |
| C7/1/4/U0 | REEF-ESTATE-27                     | 2020-11-23 | 2021-01-13  |              92 |               93 |                  92 |                93 |
| C8/0/0/U0 | POLICE-ACADEMY-1-27 - POINTE LARUE | 2020-11-23 | 2021-01-13  |             249 |              249 |                 249 |               250 |
| C8/0/0/U1 | NULL                               | 2020-11-23 | 2021-01-13  |              75 |               79 |                  75 |                78 |
| C8/0/1/U0 | NULL                               | 2020-11-23 | 2021-01-13  |             156 |              159 |                 155 |               157 |
| C8/0/1/U1 | POLICE-ACADEMY-2-27 - TURTLE BAY   | 2020-11-23 | 2021-01-13  |             190 |              194 |                 191 |               192 |
| C8/0/2/U0 | BEAU-VALLON-LEFT-1-57              | 2020-11-23 | 2021-01-13  |              12 |               13 |                  13 |                13 |
| C8/0/3/U1 | BEAU-VALLON-RIGHT-2-57             | 2020-11-23 | 2021-01-13  |              11 |               11 |                  11 |                11 |
| C8/1/0/U0 | MA-JOIE-NODE-27                    | 2020-11-23 | 2021-01-13  |              96 |               97 |                  96 |                97 |
| C8/1/0/U1 | BELONIE-27                         | 2020-11-23 | 2021-01-13  |             146 |              148 |                 145 |               145 |
| C8/1/0/U3 | MA-JOIE-NODE-23                    | 2020-11-23 | 2021-01-13  |              91 |               92 |                  90 |                90 |
| C8/1/1/U0 | 611-C1-ROJN I                      | 2020-11-23 | 2021-01-13  |             128 |              129 |                 128 |               129 |
| C8/1/1/U1 | 611-C5-ROJN II                     | 2020-11-23 | 2021-01-13  |             112 |              113 |                 112 |               114 |
| C8/1/2/U0 | 612-C2-ANSE-ETOILE                 | 2020-11-23 | 2021-01-13  |             103 |              103 |                 103 |               103 |
| C8/1/2/U1 | ANSE-ETOILE-U2                     | 2020-11-23 | 2021-01-13  |              69 |               69 |                  69 |                70 |
| C8/1/3/U0 | 613-C3-ANSE-GAULETTE I             | 2020-11-23 | 2021-01-13  |              79 |               86 |                  79 |                80 |
| C8/1/3/U1 | 613-C7-ANSE-GAULETTE II            | 2020-11-23 | 2021-01-13  |              75 |               78 |                  75 |                78 |
| C8/1/3/U2 | 613-C3-ANSE-GAULETTE III           | 2020-11-23 | 2021-01-13  |              41 |               42 |                  41 |                41 |
| C8/1/3/U3 | TAKAMAKA I                         | 2020-11-23 | 2021-01-13  |             106 |              108 |                 106 |               108 |
| C8/1/3/U4 | TAKAMAKA II                        | 2020-11-23 | 2021-01-13  |              93 |               95 |                  93 |                95 |
| C8/1/4/U0 | 614-BEOLIERE-NODE-1                | 2020-11-23 | 2021-01-13  |              94 |               95 |                  94 |                96 |
| C8/1/4/U1 | 614-BEOLIERE-NODE-2                | 2020-11-23 | 2021-01-13  |             141 |              145 |                 141 |               143 |
+-----------+------------------------------------+------------+-------------+-----------------+------------------+---------------------+-------------------+
68 rows in set (0.16 sec)

+-----------------------+------------+-------------+-----------------+------------------+----------------------+-------------------+
| MXK_NAME              | MXK_DATE   | INSERTED_ON | UNIQUE_ACCOUNTS | UNIQUE_CONTRACTS | UNIQUE_FSAN_INRCBOSS | UNIQUE_FSAN_INMXK |
+-----------------------+------------+-------------+-----------------+------------------+----------------------+-------------------+
| NULL                  | NULL       | 2021-01-13  |            1503 |             1548 |                 1535 |                 0 |
| MXK-MAHE-ANSEETOILE   | 2020-07-27 | 2021-01-13  |             378 |              382 |                  380 |               398 |
| MXK-MAHE-ANSEROYALE   | 2020-07-27 | 2021-01-13  |             172 |              172 |                  172 |               198 |
| MXK-MAHE-BEAUVALLON-1 | 2020-07-27 | 2021-01-13  |            1794 |             1817 |                 1809 |              1919 |
| MXK-MAHE-BEAUVALLON-2 | 2020-07-27 | 2021-01-13  |              25 |               25 |                   25 |                30 |
| MXK-MAHE-PERSEVERANCE | 2020-07-27 | 2021-01-13  |            1058 |             1069 |                 1069 |              1241 |
| MXK-MAHE-PROVIDENCE   | 2020-07-27 | 2021-01-13  |             990 |             1019 |                  945 |              1192 |
| MXK-PRASLIN-GRANDANSE | 2020-07-27 | 2021-01-13  |            1287 |             1290 |                 1284 |              1514 |
+-----------------------+------------+-------------+-----------------+------------------+----------------------+-------------------+
8 rows in set (0.08 sec)

mysql> mysql \. C:\workspace\cloud\code\sql\_DailyScript\currenttime.sql
+---------------------+
| currenttime         |
+---------------------+
| 2021-01-13 11:11:27 |
+---------------------+
1 row in set (0.00 sec)

mysql> 
mysql> mysql \. C:\workspace\cloud\code\sql\_DailyScript\housing-estate-analysis.sql
Database changed
Query OK, 0 rows affected (0.01 sec)

Query OK, 3677 rows affected (1 min 25.00 sec)
Records: 3677  Duplicates: 0  Warnings: 0

+--------------------+
| rep_housingestates |
+--------------------+
|               3677 |
+--------------------+
1 row in set (0.00 sec)

mysql> mysql \. C:\workspace\cloud\code\sql\_DailyScript\currenttime.sql
+---------------------+
| currenttime         |
+---------------------+
| 2021-01-13 11:12:52 |
+---------------------+
1 row in set (0.00 sec)

mysql> 
mysql> 
mysql> mysql \. C:\workspace\cloud\code\sql\Analysis\service_tickets_assignments.sql
Query OK, 0 rows affected (0.01 sec)

Query OK, 2578 rows affected (2.12 sec)
Records: 2578  Duplicates: 0  Warnings: 0

+-------------------------+
| rep_servicetickets_2021 |
+-------------------------+
|                    2578 |
+-------------------------+
1 row in set (0.00 sec)

mysql> mysql \. C:\workspace\cloud\code\sql\_DailyScript\currenttime.sql
+---------------------+
| currenttime         |
+---------------------+
| 2021-01-13 11:12:54 |
+---------------------+
1 row in set (0.00 sec)

mysql> 
