    -> 
    -> mysql \. C:\workspace\cloud\code\sql\_DailyScript\_setdates.sql
Database changed
Query OK, 0 rows affected (0.00 sec)

Query OK, 0 rows affected (0.00 sec)

Query OK, 0 rows affected (0.00 sec)

Query OK, 0 rows affected (0.00 sec)

Query OK, 0 rows affected (0.00 sec)

Query OK, 0 rows affected (0.00 sec)

Query OK, 0 rows affected (0.00 sec)

Query OK, 0 rows affected (0.00 sec)

Query OK, 0 rows affected (0.00 sec)

Query OK, 0 rows affected (0.00 sec)

Query OK, 0 rows affected (0.00 sec)

Query OK, 0 rows affected (0.00 sec)

Query OK, 0 rows affected (0.00 sec)

Query OK, 0 rows affected (0.00 sec)

Query OK, 0 rows affected (0.00 sec)

Query OK, 0 rows affected (0.00 sec)

Query OK, 0 rows affected (0.00 sec)

Query OK, 0 rows affected (0.00 sec)

Query OK, 0 rows affected (0.00 sec)

Query OK, 0 rows affected (0.00 sec)

Query OK, 0 rows affected (0.00 sec)

mysql> mysql \. C:\workspace\cloud\code\sql\_DailyScript\currenttime.sql
+---------------------+
| currenttime         |
+---------------------+
| 2021-02-15 12:11:09 |
+---------------------+
1 row in set (0.00 sec)

mysql> 
mysql> mysql \. C:\workspace\cloud\code\sql\_DailyScript\load_RCB_VODTITLES.sql
Database changed
Query OK, 0 rows affected (0.00 sec)

Query OK, 13718 rows affected (0.16 sec)

ERROR 2 (HY000): File 'C:\ProgramData\MySQL\MySQL Server 5.7\Uploads\rcbill\ALLVOD2TITLES-12022021.csv' not found (Errcode: 2 - No such file or directory)
Query OK, 0 rows affected (0.00 sec)

Query OK, 0 rows affected (0.00 sec)

+-----------+
| VODTITLES |
+-----------+
|       460 |
+-----------+
1 row in set (0.01 sec)

Empty set (0.01 sec)

mysql> mysql \. C:\workspace\cloud\code\sql\_DailyScript\currenttime.sql
+---------------------+
| currenttime         |
+---------------------+
| 2021-02-15 12:11:09 |
+---------------------+
1 row in set (0.00 sec)

mysql> 
mysql> mysql \. C:\workspace\cloud\code\sql\_DailyScript\DAILY-SCRIPT-LIVETV-STATS.sql
Database changed
Query OK, 0 rows affected (0.02 sec)

Query OK, 106283 rows affected (1.15 sec)
Records: 106283  Duplicates: 0  Warnings: 0

+------------+------------+----------+--------------+--------------+-----------+-------------+----------+--------+------+------------+---------+---------------+
| Table      | Non_unique | Key_name | Seq_in_index | Column_name  | Collation | Cardinality | Sub_part | Packed | Null | Index_type | Comment | Index_comment |
+------------+------------+----------+--------------+--------------+-----------+-------------+----------+--------+------+------------+---------+---------------+
| templivetv |          1 | idxtv1   |            1 | device       | A         |      106978 |     NULL | NULL   | YES  | BTREE      |         |               |
| templivetv |          1 | idxtv2   |            1 | sessionstart | A         |      106978 |     NULL | NULL   | YES  | BTREE      |         |               |
+------------+------------+----------+--------------+--------------+-----------+-------------+----------+--------+------+------------+---------+---------------+
2 rows in set (0.00 sec)

Query OK, 106396 rows affected (13.37 sec)
Records: 106396  Duplicates: 0  Warnings: 0

Query OK, 2574 rows affected (0.68 sec)
Records: 2574  Duplicates: 0  Warnings: 0

Query OK, 0 rows affected (0.00 sec)

Query OK, 0 rows affected (0.00 sec)

Query OK, 124 rows affected (0.04 sec)
Records: 124  Duplicates: 0  Warnings: 0

Query OK, 0 rows affected (0.01 sec)

Query OK, 54428 rows affected (3 min 24.21 sec)
Records: 54428  Duplicates: 0  Warnings: 0

+-----------------+
| rep_livetvstats |
+-----------------+
|           54428 |
+-----------------+
1 row in set (0.02 sec)

mysql> mysql \. C:\workspace\cloud\code\sql\_DailyScript\currenttime.sql
+---------------------+
| currenttime         |
+---------------------+
| 2021-02-15 12:14:49 |
+---------------------+
1 row in set (0.00 sec)

mysql> 
mysql> mysql \. C:\workspace\cloud\code\sql\_DailyScript\DAILY-SCRIPT-VODTS-STATS.sql
Database changed
Query OK, 0 rows affected (0.01 sec)

Query OK, 5819 rows affected (12.03 sec)
Records: 5819  Duplicates: 0  Warnings: 0

+---------+------------+----------+--------------+--------------+-----------+-------------+----------+--------+------+------------+---------+---------------+
| Table   | Non_unique | Key_name | Seq_in_index | Column_name  | Collation | Cardinality | Sub_part | Packed | Null | Index_type | Comment | Index_comment |
+---------+------------+----------+--------------+--------------+-----------+-------------+----------+--------+------+------------+---------+---------------+
| tempvod |          1 | idxtvod1 |            1 | device       | A         |        5958 |     NULL | NULL   | YES  | BTREE      |         |               |
| tempvod |          1 | idxtvod2 |            1 | sessionstart | A         |        5958 |     NULL | NULL   | YES  | BTREE      |         |               |
+---------+------------+----------+--------------+--------------+-----------+-------------+----------+--------+------+------------+---------+---------------+
2 rows in set (0.00 sec)

Query OK, 5826 rows affected (3.02 sec)
Records: 5826  Duplicates: 0  Warnings: 0

Query OK, 0 rows affected (0.06 sec)

Query OK, 1015793 rows affected (1 min 23.91 sec)
Records: 1015793  Duplicates: 0  Warnings: 0

+--------------+
| rep_vodstats |
+--------------+
|      1015793 |
+--------------+
1 row in set (0.30 sec)

Database changed
Query OK, 0 rows affected (0.01 sec)

Query OK, 23100 rows affected (45.44 sec)
Records: 23100  Duplicates: 0  Warnings: 0

+--------+------------+----------+--------------+--------------+-----------+-------------+----------+--------+------+------------+---------+---------------+
| Table  | Non_unique | Key_name | Seq_in_index | Column_name  | Collation | Cardinality | Sub_part | Packed | Null | Index_type | Comment | Index_comment |
+--------+------------+----------+--------------+--------------+-----------+-------------+----------+--------+------+------------+---------+---------------+
| tempts |          1 | idxtts1  |            1 | device       | A         |       23132 |     NULL | NULL   | YES  | BTREE      |         |               |
| tempts |          1 | idxtts2  |            1 | sessionstart | A         |       23132 |     NULL | NULL   | YES  | BTREE      |         |               |
+--------+------------+----------+--------------+--------------+-----------+-------------+----------+--------+------+------------+---------+---------------+
2 rows in set (0.00 sec)

Query OK, 23085 rows affected (13.33 sec)
Records: 23085  Duplicates: 0  Warnings: 0

Query OK, 0 rows affected (0.01 sec)

Query OK, 44325 rows affected (44.32 sec)
Records: 44325  Duplicates: 0  Warnings: 0

+-------------+
| rep_tsstats |
+-------------+
|       44325 |
+-------------+
1 row in set (0.02 sec)

mysql> mysql \. C:\workspace\cloud\code\sql\_DailyScript\currenttime.sql
+---------------------+
| currenttime         |
+---------------------+
| 2021-02-15 12:18:12 |
+---------------------+
1 row in set (0.00 sec)

mysql> 
mysql> mysql \. C:\workspace\cloud\code\sql\_DailyScript\DAILY-SCRIPT-RADIO-STATS.sql
Database changed
Query OK, 0 rows affected (0.05 sec)

Query OK, 359904 rows affected (3.91 sec)
Records: 359904  Duplicates: 0  Warnings: 0

+-----------+------------+----------+--------------+--------------+-----------+-------------+----------+--------+------+------------+---------+---------------+
| Table     | Non_unique | Key_name | Seq_in_index | Column_name  | Collation | Cardinality | Sub_part | Packed | Null | Index_type | Comment | Index_comment |
+-----------+------------+----------+--------------+--------------+-----------+-------------+----------+--------+------+------------+---------+---------------+
| tempradio |          1 | idxtrad1 |            1 | device       | A         |      360358 |     NULL | NULL   | YES  | BTREE      |         |               |
| tempradio |          1 | idxtrad2 |            1 | sessionstart | A         |      360358 |     NULL | NULL   | YES  | BTREE      |         |               |
+-----------+------------+----------+--------------+--------------+-----------+-------------+----------+--------+------+------------+---------+---------------+
2 rows in set (0.00 sec)

Query OK, 377 rows affected (1.75 sec)
Records: 377  Duplicates: 0  Warnings: 0

Query OK, 0 rows affected (0.01 sec)

Query OK, 5934 rows affected (0.46 sec)
Records: 5934  Duplicates: 0  Warnings: 0

+----------------+
| rep_radiostats |
+----------------+
|           5934 |
+----------------+
1 row in set (0.01 sec)

mysql> mysql \. C:\workspace\cloud\code\sql\_DailyScript\currenttime.sql
+---------------------+
| currenttime         |
+---------------------+
| 2021-02-15 12:18:18 |
+---------------------+
1 row in set (0.00 sec)

mysql> 
mysql> mysql \. C:\workspace\cloud\code\sql\_DailyScript\DAILY_SCRIPT_TELEMETRY_PIVOT_2021.sql
Query OK, 0 rows affected (0.01 sec)

Query OK, 140 rows affected (0.15 sec)
Records: 140  Duplicates: 0  Warnings: 0

Query OK, 0 rows affected (0.01 sec)

Query OK, 10004 rows affected (1.64 sec)
Records: 10004  Duplicates: 0  Warnings: 0

Query OK, 0 rows affected (0.01 sec)

Query OK, 5 rows affected (0.02 sec)
Records: 5  Duplicates: 0  Warnings: 0

Query OK, 0 rows affected (0.01 sec)

Query OK, 44 rows affected (0.05 sec)
Records: 44  Duplicates: 0  Warnings: 0

mysql> mysql \. C:\workspace\cloud\code\sql\_DailyScript\currenttime.sql
+---------------------+
| currenttime         |
+---------------------+
| 2021-02-15 12:18:20 |
+---------------------+
1 row in set (0.00 sec)

mysql> 
mysql> mysql \. C:\workspace\cloud\code\sql\_DailyScript\telemetry_livetv_ranking2021.sql
Query OK, 0 rows affected (0.01 sec)

Query OK, 140 rows affected (0.02 sec)
Records: 140  Duplicates: 0  Warnings: 0

mysql> mysql \. C:\workspace\cloud\code\sql\_DailyScript\currenttime.sql
+---------------------+
| currenttime         |
+---------------------+
| 2021-02-15 12:18:20 |
+---------------------+
1 row in set (0.00 sec)

mysql> 
mysql> mysql \. C:\workspace\cloud\code\sql\_DailyScript\telemetry_radio_ranking2021.sql
Query OK, 0 rows affected (0.01 sec)

Query OK, 5 rows affected (0.01 sec)
Records: 5  Duplicates: 0  Warnings: 0

mysql> mysql \. C:\workspace\cloud\code\sql\_DailyScript\currenttime.sql
+---------------------+
| currenttime         |
+---------------------+
| 2021-02-15 12:18:20 |
+---------------------+
1 row in set (0.00 sec)

mysql> 
mysql> mysql \. C:\workspace\cloud\code\sql\_DailyScript\telemetry_ts_ranking2021.sql
Query OK, 0 rows affected (0.01 sec)

Query OK, 44 rows affected (0.01 sec)
Records: 44  Duplicates: 0  Warnings: 0

mysql> mysql \. C:\workspace\cloud\code\sql\_DailyScript\currenttime.sql
+---------------------+
| currenttime         |
+---------------------+
| 2021-02-15 12:18:20 |
+---------------------+
1 row in set (0.00 sec)

mysql> 
mysql> mysql \. C:\workspace\cloud\code\sql\_DailyScript\telemetry_vod_ranking2021.sql
Query OK, 0 rows affected (0.01 sec)

Query OK, 10004 rows affected (0.42 sec)
Records: 10004  Duplicates: 0  Warnings: 0

mysql> mysql \. C:\workspace\cloud\code\sql\_DailyScript\currenttime.sql
+---------------------+
| currenttime         |
+---------------------+
| 2021-02-15 12:18:20 |
+---------------------+
1 row in set (0.00 sec)

mysql> 
mysql> mysql \. C:\workspace\cloud\code\sql\_DailyScript\telemetry_vod_ranking2021_1.sql
Query OK, 0 rows affected (0.01 sec)

Query OK, 10004 rows affected (0.23 sec)
Records: 10004  Duplicates: 0  Warnings: 0

mysql> mysql \. C:\workspace\cloud\code\sql\_DailyScript\currenttime.sql
+---------------------+
| currenttime         |
+---------------------+
| 2021-02-15 12:18:21 |
+---------------------+
1 row in set (0.00 sec)

mysql> 
mysql> mysql \. C:\workspace\cloud\code\sql\_DailyScript\telemetry_vod_ranking2021_2.sql
Query OK, 0 rows affected (0.01 sec)

Query OK, 10004 rows affected (0.20 sec)
Records: 10004  Duplicates: 0  Warnings: 0

mysql> mysql \. C:\workspace\cloud\code\sql\_DailyScript\currenttime.sql
+---------------------+
| currenttime         |
+---------------------+
| 2021-02-15 12:18:21 |
+---------------------+
1 row in set (0.00 sec)

mysql> 
mysql> 
mysql> 
mysql> 
mysql> mysql \. C:\workspace\cloud\code\sql\_DailyScript\ticket_analysis.sql
Database changed
Query OK, 0 rows affected (0.07 sec)

Query OK, 757928 rows affected (23.23 sec)
Records: 757928  Duplicates: 0  Warnings: 0

Query OK, 0 rows affected (4.61 sec)
Records: 0  Duplicates: 0  Warnings: 0

Query OK, 0 rows affected (2.08 sec)
Records: 0  Duplicates: 0  Warnings: 0

Query OK, 0 rows affected (1.97 sec)
Records: 0  Duplicates: 0  Warnings: 0

Query OK, 0 rows affected (0.01 sec)

Query OK, 23759 rows affected (12.48 sec)
Records: 23759  Duplicates: 0  Warnings: 0

Query OK, 0 rows affected, 1 warning (0.01 sec)

Query OK, 109090 rows affected (7.40 sec)
Records: 109090  Duplicates: 0  Warnings: 0

Query OK, 0 rows affected, 1 warning (0.00 sec)

Query OK, 556274 rows affected (15.09 sec)
Records: 556274  Duplicates: 0  Warnings: 0

Query OK, 0 rows affected, 1 warning (0.00 sec)

Query OK, 556274 rows affected (15.53 sec)
Records: 556274  Duplicates: 0  Warnings: 0

Query OK, 0 rows affected (0.02 sec)

Query OK, 109194 rows affected (6.54 sec)
Records: 109194  Duplicates: 0  Warnings: 0

Database changed
Query OK, 0 rows affected (0.00 sec)

Query OK, 0 rows affected (0.03 sec)

Query OK, 757928 rows affected (24.27 sec)
Records: 757928  Duplicates: 0  Warnings: 0

Query OK, 0 rows affected (0.02 sec)

Query OK, 385832 rows affected (17.14 sec)
Records: 385832  Duplicates: 0  Warnings: 0

+--------------------------+
| clientticket_cmmtjourney |
+--------------------------+
|                   757928 |
+--------------------------+
1 row in set (2.16 sec)

+---------------------------+
| clientticket_assgnjourney |
+---------------------------+
|                    385832 |
+---------------------------+
1 row in set (0.43 sec)

Query OK, 0 rows affected (0.01 sec)

Query OK, 73 rows affected (0.09 sec)
Records: 73  Duplicates: 0  Warnings: 0

mysql> mysql \. C:\workspace\cloud\code\sql\_DailyScript\currenttime.sql
+---------------------+
| currenttime         |
+---------------------+
| 2021-02-15 12:20:34 |
+---------------------+
1 row in set (0.00 sec)

mysql> 
mysql> mysql \. C:\workspace\cloud\code\sql\_DailyScript\load_DailyCalls.sql
Database changed
Query OK, 668 rows affected (0.18 sec)
Records: 668  Deleted: 0  Skipped: 0  Warnings: 0

Query OK, 0 rows affected, 1 warning (0.00 sec)

Query OK, 666 rows affected (0.04 sec)
Records: 666  Duplicates: 0  Warnings: 0

Query OK, 0 rows affected, 1 warning (0.01 sec)

Query OK, 68617 rows affected (0.34 sec)
Records: 68617  Duplicates: 0  Warnings: 0

+----------------------+
| callingclientsbefore |
+----------------------+
|              1117119 |
+----------------------+
1 row in set (0.47 sec)

Query OK, 934 rows affected (14.38 sec)
Records: 934  Duplicates: 0  Warnings: 0

+---------------------+
| callingclientsafter |
+---------------------+
|             1118053 |
+---------------------+
1 row in set (0.30 sec)

Query OK, 0 rows affected (0.01 sec)

Query OK, 403 rows affected (3.86 sec)
Records: 403  Duplicates: 0  Warnings: 0

Query OK, 0 rows affected (0.01 sec)

Query OK, 21978 rows affected (3.57 sec)
Records: 21978  Duplicates: 0  Warnings: 0

+-----------+
| callstats |
+-----------+
|     21978 |
+-----------+
1 row in set (0.01 sec)

Query OK, 0 rows affected, 1 warning (0.00 sec)

Query OK, 934 rows affected (2.83 sec)
Records: 934  Duplicates: 0  Warnings: 0

+------------------------+
| rep_cccallreportbefore |
+------------------------+
|                1118096 |
+------------------------+
1 row in set (0.40 sec)

Query OK, 934 rows affected (0.22 sec)
Records: 934  Duplicates: 0  Warnings: 0

+-----------------------+
| rep_cccallreportafter |
+-----------------------+
|               1119030 |
+-----------------------+
1 row in set (0.30 sec)

Query OK, 0 rows affected (0.01 sec)

mysql> mysql \. C:\workspace\cloud\code\sql\_DailyScript\currenttime.sql
+---------------------+
| currenttime         |
+---------------------+
| 2021-02-15 12:21:01 |
+---------------------+
1 row in set (0.00 sec)

mysql> 
mysql> mysql \. C:\workspace\cloud\code\sql\_DailyScript\DAILY-SCRIPT-USAGE.sql
Database changed
Query OK, 0 rows affected (0.00 sec)

Query OK, 4625 rows affected, 13421 warnings (1.06 sec)
Records: 4625  Deleted: 0  Skipped: 0  Warnings: 13421

Query OK, 0 rows affected (0.00 sec)

Query OK, 6686 rows affected, 19342 warnings (1.38 sec)
Records: 6686  Deleted: 0  Skipped: 0  Warnings: 19342

Query OK, 0 rows affected (0.00 sec)

Query OK, 296 rows affected, 1052 warnings (0.05 sec)
Records: 296  Deleted: 0  Skipped: 0  Warnings: 1052

Query OK, 0 rows affected (0.00 sec)

Query OK, 144 rows affected, 493 warnings (0.05 sec)
Records: 144  Deleted: 0  Skipped: 0  Warnings: 493

+------------+
| dailyusage |
+------------+
|   16520286 |
+------------+
1 row in set (7.00 sec)

+------------+------------+------------+---------+
| datestart  | dateend    | insertedon | records |
+------------+------------+------------+---------+
| 2021-02-12 | 2021-02-12 | 2021-02-15 |   11751 |
| 2021-02-11 | 2021-02-11 | 2021-02-12 |   11781 |
| 2021-02-10 | 2021-02-10 | 2021-02-11 |   10681 |
| 2021-02-09 | 2021-02-09 | 2021-02-10 |   11272 |
| 2021-02-08 | 2021-02-08 | 2021-02-09 |   11828 |
+------------+------------+------------+---------+
5 rows in set (34.19 sec)

+----------+------------+------------+------------+---------+
| category | datestart  | dateend    | insertedon | records |
+----------+------------+------------+------------+---------+
| UNCAPPED | 2021-02-12 | 2021-02-12 | 2021-02-15 |    6686 |
| PREPAID  | 2021-02-12 | 2021-02-12 | 2021-02-15 |     296 |
| HOTSPOT  | 2021-02-12 | 2021-02-12 | 2021-02-15 |     144 |
| CAPPED   | 2021-02-12 | 2021-02-12 | 2021-02-15 |    4625 |
| UNCAPPED | 2021-02-11 | 2021-02-11 | 2021-02-12 |    6731 |
| PREPAID  | 2021-02-11 | 2021-02-11 | 2021-02-12 |     290 |
| HOTSPOT  | 2021-02-11 | 2021-02-11 | 2021-02-12 |     135 |
| CAPPED   | 2021-02-11 | 2021-02-11 | 2021-02-12 |    4625 |
| UNCAPPED | 2021-02-10 | 2021-02-10 | 2021-02-11 |    6002 |
| PREPAID  | 2021-02-10 | 2021-02-10 | 2021-02-11 |     286 |
| HOTSPOT  | 2021-02-10 | 2021-02-10 | 2021-02-11 |     124 |
| CAPPED   | 2021-02-10 | 2021-02-10 | 2021-02-11 |    4269 |
| UNCAPPED | 2021-02-09 | 2021-02-09 | 2021-02-10 |    6397 |
| PREPAID  | 2021-02-09 | 2021-02-09 | 2021-02-10 |     283 |
| HOTSPOT  | 2021-02-09 | 2021-02-09 | 2021-02-10 |     130 |
| CAPPED   | 2021-02-09 | 2021-02-09 | 2021-02-10 |    4462 |
| UNCAPPED | 2021-02-08 | 2021-02-08 | 2021-02-09 |    6784 |
| PREPAID  | 2021-02-08 | 2021-02-08 | 2021-02-09 |     304 |
| HOTSPOT  | 2021-02-08 | 2021-02-08 | 2021-02-09 |     131 |
| CAPPED   | 2021-02-08 | 2021-02-08 | 2021-02-09 |    4609 |
+----------+------------+------------+------------+---------+
20 rows in set (24.48 sec)

mysql> mysql \. C:\workspace\cloud\code\sql\_DailyScript\currenttime.sql
+---------------------+
| currenttime         |
+---------------------+
| 2021-02-15 12:22:09 |
+---------------------+
1 row in set (0.00 sec)

mysql> 
mysql> mysql \. C:\workspace\cloud\code\sql\_DailyScript\DAILY-SCRIPT-SALES-TELEMETRY.sql
Database changed
Query OK, 105 rows affected, 40 warnings (0.04 sec)
Records: 105  Deleted: 0  Skipped: 0  Warnings: 40

+------------+
| dailysales |
+------------+
|     223420 |
+------------+
1 row in set (0.25 sec)

Query OK, 0 rows affected (0.01 sec)

Query OK, 223420 rows affected (14.49 sec)
Records: 223420  Duplicates: 0  Warnings: 0

+--------+
| sales  |
+--------+
| 223420 |
+--------+
1 row in set (0.32 sec)

Query OK, 0 rows affected (0.02 sec)

Query OK, 3652 rows affected (0.37 sec)
Records: 3652  Duplicates: 0  Warnings: 0

+----------------+
| rep_dailysales |
+----------------+
|           3652 |
+----------------+
1 row in set (0.00 sec)

Query OK, 0 rows affected (0.01 sec)

Query OK, 3652 rows affected (0.57 sec)
Records: 3652  Duplicates: 0  Warnings: 0

+-------------------+
| rep_dailysalesreg |
+-------------------+
|              3652 |
+-------------------+
1 row in set (0.00 sec)

Query OK, 0 rows affected (0.01 sec)

Query OK, 2874 rows affected (0.69 sec)
Records: 2874  Duplicates: 0  Warnings: 0

+-----------+
| saleslist |
+-----------+
|      2874 |
+-----------+
1 row in set (0.00 sec)

Database changed
ERROR 2 (HY000): File 'C:\ProgramData\MySQL\MySQL Server 5.7\Uploads\_csv\PrepaidCardSales-12022021-P1.csv' not found (Errcode: 2 - No such file or directory)
+------------------+
| dailysinglesales |
+------------------+
|             6467 |
+------------------+
1 row in set (0.01 sec)

Database changed
Query OK, 18 rows affected (0.04 sec)
Records: 18  Deleted: 0  Skipped: 0  Warnings: 0

+-----------------+
| dailyaddonsales |
+-----------------+
|           22197 |
+-----------------+
1 row in set (0.04 sec)

Query OK, 221 rows affected (0.11 sec)
Records: 221  Deleted: 0  Skipped: 0  Warnings: 0

+----------------+
| onlinepayments |
+----------------+
|         159803 |
+----------------+
1 row in set (0.13 sec)

+-------------+----------------+---------------------+
| paymentdate | onlinepayments | onlinepaymentamount |
+-------------+----------------+---------------------+
| 2021-02-12  |            221 |        125806.50000 |
| 2021-02-11  |            228 |        139391.79000 |
| 2021-02-10  |            252 |        156723.38000 |
| 2021-02-09  |            247 |        148335.53000 |
| 2021-02-08  |            262 |        145455.37000 |
+-------------+----------------+---------------------+
5 rows in set (0.56 sec)

+-------------+--------------+----------------+---------------------+
| paymentyear | paymentmonth | onlinepayments | onlinepaymentamount |
+-------------+--------------+----------------+---------------------+
|        2021 |            2 |           3415 |       2147351.17000 |
|        2021 |            1 |           9124 |       5808374.04000 |
|        2021 |         NULL |          12539 |       7955725.21000 |
|        2020 |           12 |           7235 |       4780077.29000 |
|        2020 |           11 |           6424 |       4163507.90000 |
+-------------+--------------+----------------+---------------------+
5 rows in set (0.17 sec)

mysql> mysql \. C:\workspace\cloud\code\sql\_DailyScript\currenttime.sql
+---------------------+
| currenttime         |
+---------------------+
| 2021-02-15 12:22:27 |
+---------------------+
1 row in set (0.00 sec)

mysql> 
mysql> mysql \. C:\workspace\cloud\code\sql\_DailyScript\DAILY-SCRIPT-ACTIVENUMBERS.sql
Database changed
Query OK, 1152 rows affected (0.59 sec)
Records: 1152  Deleted: 0  Skipped: 0  Warnings: 0

+------------+----------+
| period     | count(1) |
+------------+----------+
| 2021-02-12 |     1152 |
| 2021-02-11 |     1152 |
| 2021-02-10 |     1153 |
| 2021-02-09 |     1152 |
| 2021-02-08 |     1153 |
+------------+----------+
5 rows in set (0.01 sec)

Query OK, 0 rows affected (0.01 sec)

Query OK, 78 rows affected (1.45 sec)
Records: 78  Duplicates: 0  Warnings: 0

+-------------+
| packagelist |
+-------------+
|          78 |
+-------------+
1 row in set (0.00 sec)

Database changed
Query OK, 0 rows affected (0.00 sec)

Query OK, 0 rows affected (0.00 sec)

Query OK, 0 rows affected (0.00 sec)

Query OK, 0 rows affected (0.00 sec)

Query OK, 28394 rows affected, 266 warnings (20.48 sec)
Records: 28394  Deleted: 0  Skipped: 0  Warnings: 266

+------------+----------+
| period     | count(1) |
+------------+----------+
| 2021-02-12 |    28394 |
| 2021-02-11 |    28378 |
| 2021-02-10 |    28400 |
| 2021-02-09 |    28326 |
| 2021-02-08 |    28254 |
+------------+----------+
5 rows in set (0.17 sec)

Query OK, 0 rows affected (0.03 sec)

Query OK, 27821 rows affected (49.99 sec)
Records: 27821  Duplicates: 0  Warnings: 0

Query OK, 0 rows affected (0.15 sec)
Records: 0  Duplicates: 0  Warnings: 0

Query OK, 0 rows affected (0.11 sec)
Records: 0  Duplicates: 0  Warnings: 0

Query OK, 0 rows affected (0.10 sec)
Records: 0  Duplicates: 0  Warnings: 0

Query OK, 0 rows affected (0.08 sec)
Records: 0  Duplicates: 0  Warnings: 0

Query OK, 0 rows affected (0.09 sec)
Records: 0  Duplicates: 0  Warnings: 0

Query OK, 0 rows affected (0.07 sec)
Records: 0  Duplicates: 0  Warnings: 0

+-------------+
| countbefore |
+-------------+
|    43275350 |
+-------------+
1 row in set (17.32 sec)

Query OK, 27821 rows affected (5.49 sec)
Records: 27821  Duplicates: 0  Warnings: 0

+------------+
| countafter |
+------------+
|   43303171 |
+------------+
1 row in set (13.05 sec)

+------------+--------------------------+
| period     | customercontractactivity |
+------------+--------------------------+
| 2021-02-12 |                    27821 |
| 2021-02-11 |                    27805 |
| 2021-02-10 |                    27827 |
| 2021-02-09 |                    27752 |
| 2021-02-08 |                    27681 |
+------------+--------------------------+
5 rows in set (0.06 sec)

Query OK, 0 rows affected (0.04 sec)

Query OK, 293584 rows affected (8 min 16.63 sec)
Records: 293584  Duplicates: 0  Warnings: 0

Query OK, 0 rows affected (1.03 sec)
Records: 0  Duplicates: 0  Warnings: 0

Query OK, 0 rows affected (1.07 sec)
Records: 0  Duplicates: 0  Warnings: 0

Query OK, 0 rows affected (1.08 sec)
Records: 0  Duplicates: 0  Warnings: 0

Query OK, 0 rows affected (0.01 sec)

Query OK, 233 rows affected (0.46 sec)
Records: 233  Duplicates: 0  Warnings: 0

Query OK, 0 rows affected (0.01 sec)

Query OK, 2648 rows affected (0.59 sec)
Records: 2648  Duplicates: 0  Warnings: 0

Query OK, 0 rows affected (0.01 sec)

Query OK, 27798 rows affected (0.56 sec)
Records: 27798  Duplicates: 0  Warnings: 0

Query OK, 0 rows affected (0.01 sec)

Query OK, 17226 rows affected (0.35 sec)
Records: 17226  Duplicates: 0  Warnings: 0

Query OK, 0 rows affected (0.01 sec)

Query OK, 17226 rows affected (0.12 sec)
Records: 17226  Duplicates: 0  Warnings: 0

Query OK, 0 rows affected (0.01 sec)

Query OK, 17226 rows affected (1.12 sec)
Records: 17226  Duplicates: 0  Warnings: 0

Query OK, 0 rows affected (0.01 sec)

Query OK, 17226 rows affected (43.75 sec)
Records: 17226  Duplicates: 0  Warnings: 0

+-------------+
| clientstats |
+-------------+
|       17226 |
+-------------+
1 row in set (0.01 sec)

Query OK, 0 rows affected (0.01 sec)

Query OK, 15 rows affected, 1 warning (0.10 sec)
Records: 15  Duplicates: 0  Warnings: 1

+------------------------+-------------+-------------+----------------+-----------------+
| services               | activecount | allaccounts | uniqueaccounts | uniquecontracts |
+------------------------+-------------+-------------+----------------+-----------------+
| All                    |         359 |          60 |             60 |             192 |
| Internet & OTT         |           4 |           2 |              2 |               2 |
| Internet & Voice       |         358 |         161 |            161 |             314 |
| Internet & Voice & OTT |           3 |           1 |              1 |               3 |
| Internet Only          |        4313 |        4197 |           4190 |            4240 |
| OTT Only               |           1 |           1 |              1 |               1 |
| TV & Internet          |        9864 |        4452 |           4445 |            9064 |
| TV & Internet & OTT    |        3392 |         863 |            861 |            1793 |
| TV & Internet & Voice  |         557 |         160 |            160 |             493 |
| TV & OTT               |         519 |          79 |             77 |              97 |
| TV & Voice             |          94 |          40 |             40 |              85 |
| TV & Voice & OTT       |           3 |           1 |              1 |               2 |
| TV Only                |        8915 |        7076 |           7070 |            7259 |
| Voice Only             |         135 |         133 |            133 |             135 |
| GRAND TOTAL            |       28517 |       17226 |          17163 |           23680 |
+------------------------+-------------+-------------+----------------+-----------------+
15 rows in set (0.00 sec)

+-------------+-------------+-------------+----------------+-----------------+
| network     | activecount | allaccounts | uniqueaccounts | uniquecontracts |
+-------------+-------------+-------------+----------------+-----------------+
| GPON        |       10585 |        5278 |           5275 |            8358 |
| HFC         |       17932 |       11948 |          11948 |           15322 |
| GRAND TOTAL |       28517 |       17226 |          17163 |           23680 |
+-------------+-------------+-------------+----------------+-----------------+
3 rows in set, 1 warning (0.11 sec)

+-------------+------------------------+-------------+-------------+----------------+-----------------+
| network     | services               | activecount | allaccounts | uniqueaccounts | uniquecontracts |
+-------------+------------------------+-------------+-------------+----------------+-----------------+
| GPON        | All                    |         222 |          39 |             39 |             122 |
| GPON        | Internet & Voice       |          76 |          32 |             32 |              66 |
| GPON        | Internet & Voice & OTT |           3 |           1 |              1 |               3 |
| GPON        | Internet Only          |        1248 |        1152 |           1152 |            1178 |
| GPON        | TV & Internet          |        4499 |        1987 |           1987 |            4090 |
| GPON        | TV & Internet & OTT    |        2115 |         529 |            529 |            1106 |
| GPON        | TV & Internet & Voice  |         271 |          72 |             72 |             226 |
| GPON        | TV & OTT               |         275 |          42 |             42 |              48 |
| GPON        | TV & Voice             |          56 |          23 |             23 |              50 |
| GPON        | TV Only                |        1809 |        1391 |           1391 |            1458 |
| GPON        | Voice Only             |          11 |          10 |             10 |              11 |
| GPON        | Services Total         |       10585 |        5278 |           5275 |            8358 |
| HFC         | All                    |         137 |          21 |             21 |              70 |
| HFC         | Internet & OTT         |           4 |           2 |              2 |               2 |
| HFC         | Internet & Voice       |         282 |         129 |            129 |             248 |
| HFC         | Internet Only          |        3065 |        3045 |           3045 |            3062 |
| HFC         | OTT Only               |           1 |           1 |              1 |               1 |
| HFC         | TV & Internet          |        5365 |        2465 |           2465 |            4974 |
| HFC         | TV & Internet & OTT    |        1277 |         334 |            334 |             687 |
| HFC         | TV & Internet & Voice  |         286 |          88 |             88 |             267 |
| HFC         | TV & OTT               |         244 |          37 |             37 |              49 |
| HFC         | TV & Voice             |          38 |          17 |             17 |              35 |
| HFC         | TV & Voice & OTT       |           3 |           1 |              1 |               2 |
| HFC         | TV Only                |        7106 |        5685 |           5685 |            5801 |
| HFC         | Voice Only             |         124 |         123 |            123 |             124 |
| HFC         | Services Total         |       17932 |       11948 |          11948 |           15322 |
| GRAND TOTAL | Services Total         |       28517 |       17226 |          17163 |           23680 |
+-------------+------------------------+-------------+-------------+----------------+-----------------+
27 rows in set, 2 warnings (0.12 sec)

Query OK, 0 rows affected (0.01 sec)

Query OK, 42 rows affected, 3 warnings (0.18 sec)
Records: 42  Duplicates: 0  Warnings: 3

+-------------+---------------+------------------------+-------------+-------------+----------------+-----------------+
| region      | network       | services               | activecount | allaccounts | uniqueaccounts | uniquecontracts |
+-------------+---------------+------------------------+-------------+-------------+----------------+-----------------+
| Mahe        | GPON          | All                    |         192 |          34 |             34 |             107 |
| Mahe        | GPON          | Internet & Voice       |          62 |          25 |             25 |              52 |
| Mahe        | GPON          | Internet & Voice & OTT |           3 |           1 |              1 |               3 |
| Mahe        | GPON          | Internet Only          |        1033 |         937 |            937 |             963 |
| Mahe        | GPON          | TV & Internet          |        3677 |        1619 |           1619 |            3329 |
| Mahe        | GPON          | TV & Internet & OTT    |        1683 |         410 |            410 |             862 |
| Mahe        | GPON          | TV & Internet & Voice  |         252 |          66 |             66 |             207 |
| Mahe        | GPON          | TV & OTT               |         261 |          35 |             35 |              41 |
| Mahe        | GPON          | TV & Voice             |          53 |          22 |             22 |              48 |
| Mahe        | GPON          | TV Only                |        1450 |        1106 |           1106 |            1156 |
| Mahe        | GPON          | Voice Only             |          11 |          10 |             10 |              11 |
| Mahe        | GPON          | Services Total         |        8677 |        4265 |           4265 |            6779 |
| Mahe        | HFC           | All                    |         137 |          21 |             21 |              70 |
| Mahe        | HFC           | Internet & OTT         |           4 |           2 |              2 |               2 |
| Mahe        | HFC           | Internet & Voice       |         282 |         129 |            129 |             248 |
| Mahe        | HFC           | Internet Only          |        3065 |        3045 |           3045 |            3062 |
| Mahe        | HFC           | OTT Only               |           1 |           1 |              1 |               1 |
| Mahe        | HFC           | TV & Internet          |        5363 |        2464 |           2464 |            4972 |
| Mahe        | HFC           | TV & Internet & OTT    |        1277 |         334 |            334 |             687 |
| Mahe        | HFC           | TV & Internet & Voice  |         286 |          88 |             88 |             267 |
| Mahe        | HFC           | TV & OTT               |         244 |          37 |             37 |              49 |
| Mahe        | HFC           | TV & Voice             |          38 |          17 |             17 |              35 |
| Mahe        | HFC           | TV & Voice & OTT       |           3 |           1 |              1 |               2 |
| Mahe        | HFC           | TV Only                |        7103 |        5683 |           5683 |            5799 |
| Mahe        | HFC           | Voice Only             |         124 |         123 |            123 |             124 |
| Mahe        | HFC           | Services Total         |       17927 |       11945 |          11945 |           15318 |
| Mahe        | Network Total | Services Total         |       26604 |       16210 |          16150 |           22097 |
| Praslin     | GPON          | All                    |          30 |           5 |              5 |              15 |
| Praslin     | GPON          | Internet & Voice       |          14 |           7 |              7 |              14 |
| Praslin     | GPON          | Internet Only          |         215 |         215 |            215 |             215 |
| Praslin     | GPON          | TV & Internet          |         822 |         368 |            368 |             761 |
| Praslin     | GPON          | TV & Internet & OTT    |         432 |         119 |            119 |             244 |
| Praslin     | GPON          | TV & Internet & Voice  |          19 |           6 |              6 |              19 |
| Praslin     | GPON          | TV & OTT               |          14 |           7 |              7 |               7 |
| Praslin     | GPON          | TV & Voice             |           3 |           1 |              1 |               2 |
| Praslin     | GPON          | TV Only                |         359 |         285 |            285 |             302 |
| Praslin     | GPON          | Services Total         |        1908 |        1013 |           1013 |            1579 |
| Praslin     | HFC           | TV & Internet          |           2 |           1 |              1 |               2 |
| Praslin     | HFC           | TV Only                |           3 |           2 |              2 |               2 |
| Praslin     | HFC           | Services Total         |           5 |           3 |              3 |               4 |
| Praslin     | Network Total | Services Total         |        1913 |        1016 |           1016 |            1583 |
| GRAND TOTAL | Network Total | Services Total         |       28517 |       17226 |          17163 |           23680 |
+-------------+---------------+------------------------+-------------+-------------+----------------+-----------------+
42 rows in set (0.00 sec)

Query OK, 0 rows affected (0.01 sec)

Query OK, 27799 rows affected (0.42 sec)
Records: 27799  Duplicates: 0  Warnings: 0

Query OK, 0 rows affected (0.01 sec)

Query OK, 2221 rows affected (1.62 sec)
Records: 2221  Duplicates: 0  Warnings: 0

+--------------------------------------+
| message                              |
+--------------------------------------+
| running rcbill_my.sp_ActiveNumber2() |
+--------------------------------------+
1 row in set (0.00 sec)

Query OK, 365 rows affected (1 min 57.03 sec)

mysql> mysql \. C:\workspace\cloud\code\sql\_DailyScript\currenttime.sql
+---------------------+
| currenttime         |
+---------------------+
| 2021-02-15 12:35:23 |
+---------------------+
1 row in set (0.00 sec)

mysql> 
mysql> mysql \. C:\workspace\cloud\code\sql\_DailyScript\GetActiveNumbers Average -Pivot.sql
Database changed
+-------------------------------------+
| @today := subdate(current_date(),1) |
+-------------------------------------+
| 2021-02-14                          |
+-------------------------------------+
1 row in set (0.00 sec)

+-------------------------------------+
| @lastdayofmonth := last_day(@today) |
+-------------------------------------+
| 2021-02-28                          |
+-------------------------------------+
1 row in set (0.00 sec)

Query OK, 0 rows affected (0.01 sec)

Query OK, 45481 rows affected, 65535 warnings (55.95 sec)
Records: 45481  Duplicates: 0  Warnings: 93581

Query OK, 0 rows affected (0.10 sec)
Records: 0  Duplicates: 0  Warnings: 0

Query OK, 0 rows affected (0.12 sec)
Records: 0  Duplicates: 0  Warnings: 0

Query OK, 0 rows affected (0.10 sec)
Records: 0  Duplicates: 0  Warnings: 0

+-----------------+
| activenumberavg |
+-----------------+
|           45481 |
+-----------------+
1 row in set (0.01 sec)

Query OK, 0 rows affected (0.01 sec)

Query OK, 1947 rows affected (0.54 sec)
Records: 1947  Duplicates: 0  Warnings: 0

+---------------------+
| rep_activenumberavg |
+---------------------+
|                1947 |
+---------------------+
1 row in set (0.00 sec)

+----------------------+
| rep_activenumberavg1 |
+----------------------+
|                  908 |
+----------------------+
1 row in set (0.00 sec)

Query OK, 0 rows affected (0.01 sec)

Query OK, 2384 rows affected (0.42 sec)
Records: 2384  Duplicates: 0  Warnings: 0

Query OK, 0 rows affected (0.01 sec)

Query OK, 12249 rows affected (0.76 sec)
Records: 12249  Duplicates: 0  Warnings: 0

Query OK, 0 rows affected (0.00 sec)

Query OK, 0 rows affected (0.00 sec)

Query OK, 0 rows affected (0.01 sec)

Query OK, 0 rows affected (0.00 sec)

Query OK, 0 rows affected (0.00 sec)
Statement prepared

Query OK, 53 rows affected (0.05 sec)
Records: 53  Duplicates: 0  Warnings: 0

Query OK, 0 rows affected (0.00 sec)

Query OK, 0 rows affected (0.01 sec)

+----------------------+
| rep_activenumberavg2 |
+----------------------+
|                 2384 |
+----------------------+
1 row in set (0.01 sec)

+------------------------+
| rep_activenumberavg_pv |
+------------------------+
|                     53 |
+------------------------+
1 row in set (0.00 sec)

Query OK, 0 rows affected (0.01 sec)

Query OK, 2383 rows affected (0.35 sec)
Records: 2383  Duplicates: 0  Warnings: 0

Query OK, 0 rows affected (0.00 sec)

Query OK, 0 rows affected (0.00 sec)

Query OK, 0 rows affected (0.01 sec)

Query OK, 0 rows affected (0.00 sec)

Query OK, 0 rows affected (0.00 sec)
Statement prepared

Query OK, 53 rows affected (0.05 sec)
Records: 53  Duplicates: 0  Warnings: 0

Query OK, 0 rows affected (0.00 sec)

Query OK, 0 rows affected (0.00 sec)

+-------------------------+
| rep_activenumberavgMahe |
+-------------------------+
|                    2383 |
+-------------------------+
1 row in set (0.00 sec)

+----------------------------+
| rep_activenumberavgMahe_pv |
+----------------------------+
|                         53 |
+----------------------------+
1 row in set (0.00 sec)

Query OK, 0 rows affected (0.00 sec)

Query OK, 1512 rows affected (0.16 sec)
Records: 1512  Duplicates: 0  Warnings: 0

Query OK, 0 rows affected (0.00 sec)

Query OK, 0 rows affected (0.00 sec)

Query OK, 0 rows affected (0.01 sec)

Query OK, 0 rows affected (0.00 sec)

Query OK, 0 rows affected (0.00 sec)
Statement prepared

Query OK, 40 rows affected (0.04 sec)
Records: 40  Duplicates: 0  Warnings: 0

Query OK, 0 rows affected (0.00 sec)

Query OK, 0 rows affected (0.00 sec)

+----------------------------+
| rep_activenumberavgPraslin |
+----------------------------+
|                       1512 |
+----------------------------+
1 row in set (0.00 sec)

+-------------------------------+
| rep_activenumberavgPraslin_pv |
+-------------------------------+
|                            40 |
+-------------------------------+
1 row in set (0.00 sec)

mysql> mysql \. C:\workspace\cloud\code\sql\_DailyScript\currenttime.sql
+---------------------+
| currenttime         |
+---------------------+
| 2021-02-15 12:36:22 |
+---------------------+
1 row in set (0.00 sec)

mysql> 
mysql> 
mysql> 
mysql> 
mysql> 
mysql> 
mysql> 
mysql> 
mysql> 
mysql> 
mysql> 
mysql> 
mysql> 
mysql> 
mysql> 
mysql> 
mysql> 
mysql> 
mysql> 
mysql> 
mysql> 
mysql> 
mysql> 
mysql> 
mysql> exit
