    -> 
    -> mysql \. C:\workspace\cloud\code\sql\_DailyScript\_setdates.sql
Query OK, 0 rows affected (0.01 sec)

Query OK, 0 rows affected (1.82 sec)

Database changed
Query OK, 0 rows affected (0.00 sec)

Query OK, 0 rows affected (0.00 sec)

Query OK, 0 rows affected (0.00 sec)

Query OK, 0 rows affected (0.00 sec)

Query OK, 0 rows affected (0.00 sec)

Query OK, 0 rows affected (0.00 sec)

Query OK, 0 rows affected (0.00 sec)

Query OK, 0 rows affected (0.00 sec)

Query OK, 0 rows affected (0.00 sec)

Query OK, 0 rows affected (0.00 sec)

Query OK, 0 rows affected (0.00 sec)

Query OK, 0 rows affected (0.00 sec)

Query OK, 0 rows affected (0.00 sec)

Query OK, 0 rows affected (0.00 sec)

Query OK, 0 rows affected (0.00 sec)

Query OK, 0 rows affected (0.00 sec)

Query OK, 0 rows affected (0.00 sec)

Query OK, 0 rows affected (0.00 sec)

Query OK, 0 rows affected (0.00 sec)

Query OK, 0 rows affected (0.00 sec)

Query OK, 0 rows affected (0.00 sec)

Query OK, 0 rows affected (0.00 sec)

mysql> mysql \. C:\workspace\cloud\code\sql\_DailyScript\currenttime.sql
+---------------------+
| currenttime         |
+---------------------+
| 2022-01-07 08:42:16 |
+---------------------+
1 row in set (0.00 sec)

mysql> 
mysql> mysql \. C:\workspace\cloud\code\sql\_DailyScript\load_RCB_VODTITLES.sql
Database changed
Query OK, 0 rows affected (0.00 sec)

Query OK, 17202 rows affected (0.28 sec)

Query OK, 17282 rows affected, 17282 warnings (0.47 sec)
Records: 17282  Deleted: 0  Skipped: 0  Warnings: 17282

Query OK, 0 rows affected (0.00 sec)

Query OK, 2 rows affected (0.02 sec)

+-----------+
| VODTITLES |
+-----------+
|     17740 |
+-----------+
1 row in set (0.01 sec)

+-----------+-----------+
| titletype | typecount |
+-----------+-----------+
| E         |     14753 |
| N         |       245 |
| T         |      2282 |
| NULL      |     17280 |
+-----------+-----------+
4 rows in set (0.09 sec)

mysql> mysql \. C:\workspace\cloud\code\sql\_DailyScript\currenttime.sql
+---------------------+
| currenttime         |
+---------------------+
| 2022-01-07 08:42:17 |
+---------------------+
1 row in set (0.00 sec)

mysql> 
mysql> mysql \. C:\workspace\cloud\code\sql\_DailyScript\DAILY-SCRIPT-LIVETV-STATS.sql
Database changed
Query OK, 0 rows affected (0.01 sec)

Query OK, 96939 rows affected (6 min 20.21 sec)
Records: 96939  Duplicates: 0  Warnings: 0

+------------+------------+----------+--------------+--------------+-----------+-------------+----------+--------+------+------------+---------+---------------+
| Table      | Non_unique | Key_name | Seq_in_index | Column_name  | Collation | Cardinality | Sub_part | Packed | Null | Index_type | Comment | Index_comment |
+------------+------------+----------+--------------+--------------+-----------+-------------+----------+--------+------+------------+---------+---------------+
| templivetv |          1 | idxtv1   |            1 | device       | A         |       98057 |     NULL | NULL   | YES  | BTREE      |         |               |
| templivetv |          1 | idxtv2   |            1 | sessionstart | A         |       98057 |     NULL | NULL   | YES  | BTREE      |         |               |
+------------+------------+----------+--------------+--------------+-----------+-------------+----------+--------+------+------------+---------+---------------+
2 rows in set (0.00 sec)

Query OK, 97214 rows affected (3 min 4.46 sec)
Records: 97214  Duplicates: 0  Warnings: 0

Query OK, 2506 rows affected (0.75 sec)
Records: 2506  Duplicates: 0  Warnings: 0

Query OK, 0 rows affected (0.00 sec)

Query OK, 0 rows affected (0.00 sec)

Query OK, 122 rows affected (0.04 sec)
Records: 122  Duplicates: 0  Warnings: 0

Query OK, 0 rows affected (0.01 sec)

Query OK, 95755 rows affected (24 min 32.66 sec)
Records: 95755  Duplicates: 0  Warnings: 0

+-----------------+
| rep_livetvstats |
+-----------------+
|           95755 |
+-----------------+
1 row in set (0.03 sec)

mysql> mysql \. C:\workspace\cloud\code\sql\_DailyScript\currenttime.sql
+---------------------+
| currenttime         |
+---------------------+
| 2022-01-07 09:16:15 |
+---------------------+
1 row in set (0.00 sec)

mysql> 
mysql> mysql \. C:\workspace\cloud\code\sql\_DailyScript\DAILY-SCRIPT-VODTS-STATS.sql
Database changed
Query OK, 0 rows affected (0.02 sec)

Query OK, 11867 rows affected (44.29 sec)
Records: 11867  Duplicates: 0  Warnings: 0

+---------+------------+----------+--------------+--------------+-----------+-------------+----------+--------+------+------------+---------+---------------+
| Table   | Non_unique | Key_name | Seq_in_index | Column_name  | Collation | Cardinality | Sub_part | Packed | Null | Index_type | Comment | Index_comment |
+---------+------------+----------+--------------+--------------+-----------+-------------+----------+--------+------+------------+---------+---------------+
| tempvod |          1 | idxtvod1 |            1 | device       | A         |       10885 |     NULL | NULL   | YES  | BTREE      |         |               |
| tempvod |          1 | idxtvod2 |            1 | sessionstart | A         |       10885 |     NULL | NULL   | YES  | BTREE      |         |               |
+---------+------------+----------+--------------+--------------+-----------+-------------+----------+--------+------+------------+---------+---------------+
2 rows in set (0.00 sec)

Query OK, 12136 rows affected (7.08 sec)
Records: 12136  Duplicates: 0  Warnings: 0

Query OK, 0 rows affected (0.07 sec)

Query OK, 1703374 rows affected (2 min 43.71 sec)
Records: 1703374  Duplicates: 0  Warnings: 0

+--------------+
| rep_vodstats |
+--------------+
|      1703374 |
+--------------+
1 row in set (0.50 sec)

Database changed
Query OK, 0 rows affected (0.02 sec)

Query OK, 19858 rows affected (1 min 5.38 sec)
Records: 19858  Duplicates: 0  Warnings: 0

+--------+------------+----------+--------------+--------------+-----------+-------------+----------+--------+------+------------+---------+---------------+
| Table  | Non_unique | Key_name | Seq_in_index | Column_name  | Collation | Cardinality | Sub_part | Packed | Null | Index_type | Comment | Index_comment |
+--------+------------+----------+--------------+--------------+-----------+-------------+----------+--------+------+------------+---------+---------------+
| tempts |          1 | idxtts1  |            1 | device       | A         |       19578 |     NULL | NULL   | YES  | BTREE      |         |               |
| tempts |          1 | idxtts2  |            1 | sessionstart | A         |       19578 |     NULL | NULL   | YES  | BTREE      |         |               |
+--------+------------+----------+--------------+--------------+-----------+-------------+----------+--------+------+------------+---------+---------------+
2 rows in set (0.00 sec)

Query OK, 19919 rows affected (18.98 sec)
Records: 19919  Duplicates: 0  Warnings: 0

Query OK, 0 rows affected (0.02 sec)

Query OK, 56827 rows affected (1 min 30.11 sec)
Records: 56827  Duplicates: 0  Warnings: 0

+-------------+
| rep_tsstats |
+-------------+
|       56827 |
+-------------+
1 row in set (0.02 sec)

mysql> mysql \. C:\workspace\cloud\code\sql\_DailyScript\currenttime.sql
+---------------------+
| currenttime         |
+---------------------+
| 2022-01-07 09:22:46 |
+---------------------+
1 row in set (0.00 sec)

mysql> 
mysql> mysql \. C:\workspace\cloud\code\sql\_DailyScript\DAILY-SCRIPT-RADIO-STATS.sql
Database changed
Query OK, 0 rows affected (0.08 sec)

Query OK, 530025 rows affected (6.54 sec)
Records: 530025  Duplicates: 0  Warnings: 0

+-----------+------------+----------+--------------+--------------+-----------+-------------+----------+--------+------+------------+---------+---------------+
| Table     | Non_unique | Key_name | Seq_in_index | Column_name  | Collation | Cardinality | Sub_part | Packed | Null | Index_type | Comment | Index_comment |
+-----------+------------+----------+--------------+--------------+-----------+-------------+----------+--------+------+------------+---------+---------------+
| tempradio |          1 | idxtrad1 |            1 | device       | A         |      532402 |     NULL | NULL   | YES  | BTREE      |         |               |
| tempradio |          1 | idxtrad2 |            1 | sessionstart | A         |      532402 |     NULL | NULL   | YES  | BTREE      |         |               |
+-----------+------------+----------+--------------+--------------+-----------+-------------+----------+--------+------+------------+---------+---------------+
2 rows in set (0.00 sec)

Query OK, 617 rows affected (1.33 sec)
Records: 617  Duplicates: 0  Warnings: 0

Query OK, 0 rows affected (0.01 sec)

Query OK, 7437 rows affected (0.71 sec)
Records: 7437  Duplicates: 0  Warnings: 0

+----------------+
| rep_radiostats |
+----------------+
|           7437 |
+----------------+
1 row in set (0.00 sec)

mysql> mysql \. C:\workspace\cloud\code\sql\_DailyScript\currenttime.sql
+---------------------+
| currenttime         |
+---------------------+
| 2022-01-07 09:22:54 |
+---------------------+
1 row in set (0.00 sec)

mysql> 
mysql> mysql \. C:\workspace\cloud\code\sql\_DailyScript\DAILY_SCRIPT_TELEMETRY_PIVOT_2022.sql
Query OK, 0 rows affected (0.01 sec)

Query OK, 130 rows affected (0.12 sec)
Records: 130  Duplicates: 0  Warnings: 0

Query OK, 0 rows affected (0.01 sec)

Query OK, 7227 rows affected (1.39 sec)
Records: 7227  Duplicates: 0  Warnings: 0

Query OK, 0 rows affected (0.01 sec)

Query OK, 5 rows affected (0.03 sec)
Records: 5  Duplicates: 0  Warnings: 0

Query OK, 0 rows affected (0.01 sec)

Query OK, 44 rows affected (0.05 sec)
Records: 44  Duplicates: 0  Warnings: 0

mysql> mysql \. C:\workspace\cloud\code\sql\_DailyScript\currenttime.sql
+---------------------+
| currenttime         |
+---------------------+
| 2022-01-07 09:22:56 |
+---------------------+
1 row in set (0.00 sec)

mysql> 
mysql> mysql \. C:\workspace\cloud\code\sql\_DailyScript\telemetry_livetv_ranking2022.sql
Query OK, 0 rows affected (0.01 sec)

Query OK, 130 rows affected (0.03 sec)
Records: 130  Duplicates: 0  Warnings: 0

mysql> mysql \. C:\workspace\cloud\code\sql\_DailyScript\currenttime.sql
+---------------------+
| currenttime         |
+---------------------+
| 2022-01-07 09:22:56 |
+---------------------+
1 row in set (0.00 sec)

mysql> 
mysql> mysql \. C:\workspace\cloud\code\sql\_DailyScript\telemetry_radio_ranking2022.sql
Query OK, 0 rows affected (0.01 sec)

Query OK, 5 rows affected (0.02 sec)
Records: 5  Duplicates: 0  Warnings: 0

mysql> mysql \. C:\workspace\cloud\code\sql\_DailyScript\currenttime.sql
+---------------------+
| currenttime         |
+---------------------+
| 2022-01-07 09:22:56 |
+---------------------+
1 row in set (0.00 sec)

mysql> 
mysql> mysql \. C:\workspace\cloud\code\sql\_DailyScript\telemetry_ts_ranking2022.sql
Query OK, 0 rows affected (0.01 sec)

Query OK, 44 rows affected (0.02 sec)
Records: 44  Duplicates: 0  Warnings: 0

mysql> mysql \. C:\workspace\cloud\code\sql\_DailyScript\currenttime.sql
+---------------------+
| currenttime         |
+---------------------+
| 2022-01-07 09:22:56 |
+---------------------+
1 row in set (0.00 sec)

mysql> 
mysql> mysql \. C:\workspace\cloud\code\sql\_DailyScript\telemetry_vod_ranking2022.sql
Query OK, 0 rows affected (0.01 sec)

Query OK, 7227 rows affected (0.35 sec)
Records: 7227  Duplicates: 0  Warnings: 0

mysql> mysql \. C:\workspace\cloud\code\sql\_DailyScript\currenttime.sql
+---------------------+
| currenttime         |
+---------------------+
| 2022-01-07 09:22:56 |
+---------------------+
1 row in set (0.00 sec)

mysql> 
mysql> mysql \. C:\workspace\cloud\code\sql\_DailyScript\telemetry_vod_ranking2022_1.sql
Query OK, 0 rows affected (0.01 sec)

Query OK, 7227 rows affected (0.19 sec)
Records: 7227  Duplicates: 0  Warnings: 0

mysql> mysql \. C:\workspace\cloud\code\sql\_DailyScript\currenttime.sql
+---------------------+
| currenttime         |
+---------------------+
| 2022-01-07 09:22:57 |
+---------------------+
1 row in set (0.00 sec)

mysql> 
mysql> mysql \. C:\workspace\cloud\code\sql\_DailyScript\telemetry_vod_ranking2022_2.sql
Query OK, 0 rows affected (0.01 sec)

Query OK, 7227 rows affected (0.20 sec)
Records: 7227  Duplicates: 0  Warnings: 0

mysql> mysql \. C:\workspace\cloud\code\sql\_DailyScript\currenttime.sql
+---------------------+
| currenttime         |
+---------------------+
| 2022-01-07 09:22:57 |
+---------------------+
1 row in set (0.00 sec)

mysql> 
mysql> mysql \. C:\workspace\cloud\code\sql\_DailyScript\DAILY-SCRIPT-CREATE-LOAD.sql
Database changed
Database changed
Query OK, 0 rows affected (0.03 sec)

Query OK, 0 rows affected (0.01 sec)

Database changed
Query OK, 68995 rows affected, 65535 warnings (2.73 sec)
Records: 68995  Deleted: 0  Skipped: 0  Warnings: 206628

Query OK, 0 rows affected (0.16 sec)
Records: 0  Duplicates: 0  Warnings: 0

Query OK, 0 rows affected (0.27 sec)
Records: 0  Duplicates: 0  Warnings: 0

Query OK, 0 rows affected (0.28 sec)
Records: 0  Duplicates: 0  Warnings: 0

Query OK, 0 rows affected (0.25 sec)
Records: 0  Duplicates: 0  Warnings: 0

+---------+
| clients |
+---------+
|   68995 |
+---------+
1 row in set (0.02 sec)

Query OK, 0 rows affected (0.01 sec)

Query OK, 17225 rows affected (7.71 sec)
Records: 17225  Duplicates: 0  Warnings: 0

Query OK, 0 rows affected (0.07 sec)
Records: 0  Duplicates: 0  Warnings: 0

+-------------------+
| rcb_clientparcels |
+-------------------+
|             17225 |
+-------------------+
1 row in set (0.01 sec)

Query OK, 0 rows affected (0.01 sec)

Query OK, 109304 rows affected (3.81 sec)
Records: 109304  Duplicates: 0  Warnings: 0

Query OK, 0 rows affected (0.34 sec)
Records: 0  Duplicates: 0  Warnings: 0

Query OK, 0 rows affected (0.01 sec)

Query OK, 68995 rows affected (1 min 16.99 sec)
Records: 68995  Duplicates: 0  Warnings: 0

Query OK, 0 rows affected (0.24 sec)
Records: 0  Duplicates: 0  Warnings: 0

Query OK, 0 rows affected (0.24 sec)
Records: 0  Duplicates: 0  Warnings: 0

Query OK, 0 rows affected (0.17 sec)
Records: 0  Duplicates: 0  Warnings: 0

+---------------+
| clientaddress |
+---------------+
|         68995 |
+---------------+
1 row in set (0.02 sec)

Database changed
Query OK, 0 rows affected (0.08 sec)

Query OK, 0 rows affected (0.01 sec)

Database changed
Query OK, 569517 rows affected, 65535 warnings (17.48 sec)
Records: 569517  Deleted: 0  Skipped: 0  Warnings: 3341985

Query OK, 0 rows affected (1.25 sec)
Records: 0  Duplicates: 0  Warnings: 0

Query OK, 0 rows affected (2.57 sec)
Records: 0  Duplicates: 0  Warnings: 0

Query OK, 0 rows affected (1.29 sec)
Records: 0  Duplicates: 0  Warnings: 0

Query OK, 0 rows affected (0.03 sec)

Query OK, 569517 rows affected (43.19 sec)
Records: 569517  Duplicates: 0  Warnings: 0

Query OK, 0 rows affected (2.27 sec)
Records: 0  Duplicates: 0  Warnings: 0

Query OK, 0 rows affected (1.54 sec)
Records: 0  Duplicates: 0  Warnings: 0

+-----------+
| contracts |
+-----------+
|    569517 |
+-----------+
1 row in set (0.16 sec)

+-----------------+
| contractaddress |
+-----------------+
|          569517 |
+-----------------+
1 row in set (0.16 sec)

Database changed
Query OK, 0 rows affected (0.01 sec)

Query OK, 0 rows affected (0.01 sec)

Query OK, 8396 rows affected, 33470 warnings (0.17 sec)
Records: 8396  Deleted: 0  Skipped: 0  Warnings: 33470

Query OK, 0 rows affected (0.01 sec)

Query OK, 8363 rows affected (0.18 sec)
Records: 8363  Duplicates: 0  Warnings: 0

Query OK, 0 rows affected (0.05 sec)
Records: 0  Duplicates: 0  Warnings: 0

Query OK, 0 rows affected (0.03 sec)
Records: 0  Duplicates: 0  Warnings: 0

Query OK, 0 rows affected (0.04 sec)
Records: 0  Duplicates: 0  Warnings: 0

Query OK, 0 rows affected (0.01 sec)

Query OK, 6218 rows affected (0.06 sec)
Records: 6218  Duplicates: 0  Warnings: 0

Query OK, 0 rows affected (0.04 sec)
Records: 0  Duplicates: 0  Warnings: 0

+-------------------+
| contractdiscounts |
+-------------------+
|              8396 |
+-------------------+
1 row in set (0.01 sec)

+-------------------------+
| clientcontractdiscounts |
+-------------------------+
|                    8363 |
+-------------------------+
1 row in set (0.00 sec)

+----------------------------+
| clientcontractlastdiscount |
+----------------------------+
|                       6218 |
+----------------------------+
1 row in set (0.00 sec)

Database changed
Query OK, 0 rows affected (0.05 sec)

Query OK, 0 rows affected (0.01 sec)

Database changed
Query OK, 153425 rows affected, 65535 warnings (2.73 sec)
Records: 153425  Deleted: 0  Skipped: 0  Warnings: 249665

Query OK, 0 rows affected (0.29 sec)
Records: 0  Duplicates: 0  Warnings: 0

Query OK, 0 rows affected (0.31 sec)
Records: 0  Duplicates: 0  Warnings: 0

Query OK, 0 rows affected (0.33 sec)
Records: 0  Duplicates: 0  Warnings: 0

Query OK, 0 rows affected (0.35 sec)
Records: 0  Duplicates: 0  Warnings: 0

Query OK, 0 rows affected (0.44 sec)
Records: 0  Duplicates: 0  Warnings: 0

Query OK, 0 rows affected (0.59 sec)
Records: 0  Duplicates: 0  Warnings: 0

Query OK, 0 rows affected (0.11 sec)

Query OK, 1934002 rows affected (1 min 54.06 sec)
Records: 1934002  Duplicates: 0  Warnings: 0

Query OK, 0 rows affected (10.31 sec)
Records: 0  Duplicates: 0  Warnings: 0

+---------+
| devices |
+---------+
|  153425 |
+---------+
1 row in set (0.06 sec)

+-----------------------+
| clientcontractdevices |
+-----------------------+
|               1934002 |
+-----------------------+
1 row in set (0.79 sec)

Query OK, 0 rows affected (0.02 sec)

Query OK, 153334 rows affected (7.09 sec)
Records: 153334  Duplicates: 0  Warnings: 0

+---------------------------+
| rep_clientcontractdevices |
+---------------------------+
|                    153334 |
+---------------------------+
1 row in set (0.04 sec)

Database changed
Query OK, 0 rows affected (0.03 sec)

Query OK, 0 rows affected (0.01 sec)

Query OK, 350256 rows affected (7.99 sec)
Records: 350256  Deleted: 0  Skipped: 0  Warnings: 0

Query OK, 0 rows affected (0.86 sec)
Records: 0  Duplicates: 0  Warnings: 0

Query OK, 0 rows affected (0.79 sec)
Records: 0  Duplicates: 0  Warnings: 0

Query OK, 0 rows affected (0.75 sec)
Records: 0  Duplicates: 0  Warnings: 0

Query OK, 0 rows affected (0.67 sec)
Records: 0  Duplicates: 0  Warnings: 0

+---------+
| tickets |
+---------+
|  350256 |
+---------+
1 row in set (0.09 sec)

Database changed
Query OK, 0 rows affected (0.01 sec)

Query OK, 0 rows affected (0.01 sec)

Empty set (0.00 sec)

Query OK, 0 rows affected (0.02 sec)
Records: 0  Duplicates: 0  Warnings: 0

Query OK, 392 rows affected, 2 warnings (0.03 sec)
Records: 392  Deleted: 0  Skipped: 0  Warnings: 2

+-----------------+
| tickettechusers |
+-----------------+
|             392 |
+-----------------+
1 row in set (0.00 sec)

Database changed
Query OK, 0 rows affected (0.03 sec)

Query OK, 0 rows affected (0.01 sec)

Query OK, 0 rows affected (0.02 sec)
Records: 0  Duplicates: 0  Warnings: 0

Query OK, 791831 rows affected, 2 warnings (12.72 sec)
Records: 791831  Deleted: 0  Skipped: 0  Warnings: 2

+-------------------+
| ticketassignments |
+-------------------+
|            791831 |
+-------------------+
1 row in set (0.21 sec)

Database changed
Query OK, 0 rows affected (0.04 sec)

Query OK, 0 rows affected (0.02 sec)

Query OK, 1568587 rows affected, 65535 warnings (18.71 sec)
Records: 1568587  Deleted: 0  Skipped: 0  Warnings: 1568603

Query OK, 0 rows affected (3.13 sec)
Records: 0  Duplicates: 0  Warnings: 0

Query OK, 0 rows affected (3.00 sec)
Records: 0  Duplicates: 0  Warnings: 0

Query OK, 0 rows affected (2.64 sec)
Records: 0  Duplicates: 0  Warnings: 0

Query OK, 0 rows affected (3.10 sec)
Records: 0  Duplicates: 0  Warnings: 0

+----------------+
| ticketcomments |
+----------------+
|        1568587 |
+----------------+
1 row in set (0.42 sec)

Database changed
Query OK, 0 rows affected (0.02 sec)

Query OK, 0 rows affected (0.01 sec)

Query OK, 502311 rows affected (38.90 sec)
Records: 502311  Deleted: 0  Skipped: 0  Warnings: 0

Query OK, 0 rows affected (3.12 sec)
Records: 0  Duplicates: 0  Warnings: 0

+----------+
| comments |
+----------+
|   502311 |
+----------+
1 row in set (0.14 sec)

Database changed
Query OK, 0 rows affected (0.14 sec)

Query OK, 0 rows affected (0.01 sec)

Query OK, 2029030 rows affected, 65535 warnings (1 min 23.73 sec)
Records: 2029030  Deleted: 0  Skipped: 0  Warnings: 2029125

Query OK, 0 rows affected (3.71 sec)
Records: 0  Duplicates: 0  Warnings: 0

Query OK, 0 rows affected (4.38 sec)
Records: 0  Duplicates: 0  Warnings: 0

Query OK, 0 rows affected (4.39 sec)
Records: 0  Duplicates: 0  Warnings: 0

Query OK, 0 rows affected (4.53 sec)
Records: 0  Duplicates: 0  Warnings: 0

Query OK, 0 rows affected (6.78 sec)
Records: 0  Duplicates: 0  Warnings: 0

+------------+
| devicesold |
+------------+
|    2029030 |
+------------+
1 row in set (0.56 sec)

Database changed
Query OK, 0 rows affected (0.04 sec)

Query OK, 0 rows affected (0.01 sec)

Query OK, 1927284 rows affected, 1 warning (24.23 sec)
Records: 1927284  Deleted: 0  Skipped: 0  Warnings: 1

Query OK, 0 rows affected (3.65 sec)
Records: 0  Duplicates: 0  Warnings: 0

Query OK, 0 rows affected (4.09 sec)
Records: 0  Duplicates: 0  Warnings: 0

Query OK, 0 rows affected (3.99 sec)
Records: 0  Duplicates: 0  Warnings: 0

+------------------+
| contractservices |
+------------------+
|          1927284 |
+------------------+
1 row in set (0.51 sec)

Database changed
Query OK, 0 rows affected (0.09 sec)

Query OK, 0 rows affected (0.01 sec)

Query OK, 4984616 rows affected (2 min 10.85 sec)
Records: 4984616  Deleted: 0  Skipped: 0  Warnings: 0

Query OK, 0 rows affected (22.49 sec)
Records: 0  Duplicates: 0  Warnings: 0

Query OK, 0 rows affected (14.54 sec)
Records: 0  Duplicates: 0  Warnings: 0

Query OK, 0 rows affected (16.32 sec)
Records: 0  Duplicates: 0  Warnings: 0

Query OK, 0 rows affected (20.78 sec)
Records: 0  Duplicates: 0  Warnings: 0

Query OK, 0 rows affected (11.88 sec)
Records: 0  Duplicates: 0  Warnings: 0

+------------------+
| invoicescontents |
+------------------+
|          4984616 |
+------------------+
1 row in set (1.39 sec)

Database changed
Query OK, 0 rows affected (0.10 sec)

Query OK, 0 rows affected (0.01 sec)

Query OK, 3557069 rows affected (3 min 19.07 sec)
Records: 3557069  Deleted: 0  Skipped: 0  Warnings: 0

Query OK, 0 rows affected (22.17 sec)
Records: 0  Duplicates: 0  Warnings: 0

Query OK, 0 rows affected (14.37 sec)
Records: 0  Duplicates: 0  Warnings: 0

Query OK, 0 rows affected (15.48 sec)
Records: 0  Duplicates: 0  Warnings: 0

Query OK, 0 rows affected (13.97 sec)
Records: 0  Duplicates: 0  Warnings: 0

Query OK, 0 rows affected (14.11 sec)
Records: 0  Duplicates: 0  Warnings: 0

Query OK, 0 rows affected (13.50 sec)
Records: 0  Duplicates: 0  Warnings: 0

Query OK, 0 rows affected (14.34 sec)
Records: 0  Duplicates: 0  Warnings: 0

+----------------+
| invoicesheader |
+----------------+
|        3557069 |
+----------------+
1 row in set (1.01 sec)

Database changed
Query OK, 0 rows affected (0.07 sec)

Query OK, 0 rows affected (0.01 sec)

Query OK, 3488153 rows affected (1 min 31.07 sec)
Records: 3488153  Deleted: 0  Skipped: 0  Warnings: 0

Query OK, 0 rows affected (16.62 sec)
Records: 0  Duplicates: 0  Warnings: 0

Query OK, 0 rows affected (10.01 sec)
Records: 0  Duplicates: 0  Warnings: 0

Query OK, 0 rows affected (8.72 sec)
Records: 0  Duplicates: 0  Warnings: 0

Query OK, 0 rows affected (9.21 sec)
Records: 0  Duplicates: 0  Warnings: 0

Query OK, 0 rows affected (10.91 sec)
Records: 0  Duplicates: 0  Warnings: 0

+---------+
| casa    |
+---------+
| 3488153 |
+---------+
1 row in set (1.00 sec)

Query OK, 0 rows affected (0.00 sec)

Query OK, 1631 rows affected (6.61 sec)
Rows matched: 1631  Changed: 1631  Warnings: 0

Query OK, 0 rows affected (0.01 sec)

Query OK, 17415 rows affected (1 min 34.13 sec)
Records: 17415  Duplicates: 0  Warnings: 0

+--------------------+
| rep_paycol_channel |
+--------------------+
|              17415 |
+--------------------+
1 row in set (0.01 sec)

Query OK, 0 rows affected (0.01 sec)

Query OK, 13776 rows affected (1 min 55.10 sec)
Records: 13776  Duplicates: 0  Warnings: 0

+----------------+
| rep_paycol_pos |
+----------------+
|          13776 |
+----------------+
1 row in set (0.01 sec)

Database changed
Query OK, 0 rows affected (0.01 sec)

Query OK, 0 rows affected (0.01 sec)

Database changed
Query OK, 41207 rows affected (0.82 sec)
Records: 41207  Deleted: 0  Skipped: 0  Warnings: 0

+-------+
| users |
+-------+
| 41207 |
+-------+
1 row in set (0.01 sec)

Query OK, 0 rows affected (0.09 sec)
Records: 0  Duplicates: 0  Warnings: 0

Database changed
Query OK, 0 rows affected (0.07 sec)

Query OK, 0 rows affected (0.01 sec)

Query OK, 6414728 rows affected, 2 warnings (1 min 35.89 sec)
Records: 6414728  Deleted: 0  Skipped: 0  Warnings: 2

Query OK, 0 rows affected (24.67 sec)
Records: 0  Duplicates: 0  Warnings: 0

Query OK, 0 rows affected (18.70 sec)
Records: 0  Duplicates: 0  Warnings: 0

Query OK, 0 rows affected (15.51 sec)
Records: 0  Duplicates: 0  Warnings: 0

Query OK, 0 rows affected (19.88 sec)
Records: 0  Duplicates: 0  Warnings: 0

Query OK, 0 rows affected (15.38 sec)
Records: 0  Duplicates: 0  Warnings: 0

+-------------+
| useractions |
+-------------+
|     6414728 |
+-------------+
1 row in set (1.85 sec)

Database changed
Query OK, 0 rows affected (0.15 sec)

Query OK, 0 rows affected (0.01 sec)

Database changed
Query OK, 34049122 rows affected (6 min 5.22 sec)
Records: 34049122  Deleted: 0  Skipped: 0  Warnings: 0

Query OK, 0 rows affected (1 min 38.33 sec)
Records: 0  Duplicates: 0  Warnings: 0

Query OK, 0 rows affected (1 min 33.06 sec)
Records: 0  Duplicates: 0  Warnings: 0

Query OK, 0 rows affected (1 min 34.14 sec)
Records: 0  Duplicates: 0  Warnings: 0

Query OK, 0 rows affected (1 min 25.73 sec)
Records: 0  Duplicates: 0  Warnings: 0

Query OK, 0 rows affected (1 min 50.56 sec)
Records: 0  Duplicates: 0  Warnings: 0

+----------+
| ipusage1 |
+----------+
| 34049122 |
+----------+
1 row in set (13.63 sec)

Query OK, 0 rows affected (0.03 sec)

Query OK, 1927100 rows affected (26.96 sec)
Records: 1927100  Duplicates: 0  Warnings: 0

Query OK, 0 rows affected (11.60 sec)
Records: 0  Duplicates: 0  Warnings: 0

Query OK, 0 rows affected (3.58 sec)
Records: 0  Duplicates: 0  Warnings: 0

Query OK, 0 rows affected (5.26 sec)
Records: 0  Duplicates: 0  Warnings: 0

+------------------------------+
| contractsservicepackageprice |
+------------------------------+
|                      1927100 |
+------------------------------+
1 row in set (0.51 sec)

Query OK, 0 rows affected (0.05 sec)

Query OK, 1927508 rows affected (2 min 19.67 sec)
Records: 1927508  Duplicates: 0  Warnings: 0

Query OK, 0 rows affected (13.29 sec)
Records: 0  Duplicates: 0  Warnings: 0

Query OK, 0 rows affected (11.89 sec)
Records: 0  Duplicates: 0  Warnings: 0

Query OK, 0 rows affected (4.76 sec)
Records: 0  Duplicates: 0  Warnings: 0

Query OK, 0 rows affected (10.49 sec)
Records: 0  Duplicates: 0  Warnings: 0

+------------------------------------+
| clientcontractsservicepackageprice |
+------------------------------------+
|                            1927508 |
+------------------------------------+
1 row in set (0.54 sec)

mysql> mysql \. C:\workspace\cloud\code\sql\_DailyScript\currenttime.sql
+---------------------+
| currenttime         |
+---------------------+
| 2022-01-07 10:08:14 |
+---------------------+
1 row in set (0.00 sec)

mysql> 
mysql> mysql \. C:\workspace\cloud\code\sql\_DailyScript\ticket_analysis.sql
Database changed
Query OK, 0 rows affected (0.03 sec)

Query OK, 929543 rows affected (29.73 sec)
Records: 929543  Duplicates: 0  Warnings: 0

Query OK, 0 rows affected (3.80 sec)
Records: 0  Duplicates: 0  Warnings: 0

Query OK, 0 rows affected (1.89 sec)
Records: 0  Duplicates: 0  Warnings: 0

Query OK, 0 rows affected (1.72 sec)
Records: 0  Duplicates: 0  Warnings: 0

Query OK, 0 rows affected (0.02 sec)

Query OK, 29137 rows affected (15.79 sec)
Records: 29137  Duplicates: 0  Warnings: 0

Query OK, 0 rows affected, 1 warning (0.00 sec)

Query OK, 136473 rows affected (10.76 sec)
Records: 136473  Duplicates: 0  Warnings: 0

Query OK, 0 rows affected, 1 warning (0.00 sec)

Query OK, 687071 rows affected (19.44 sec)
Records: 687071  Duplicates: 0  Warnings: 0

Query OK, 0 rows affected, 1 warning (0.00 sec)

Query OK, 687071 rows affected (19.50 sec)
Records: 687071  Duplicates: 0  Warnings: 0

Query OK, 0 rows affected (0.02 sec)

Query OK, 136618 rows affected (5.71 sec)
Records: 136618  Duplicates: 0  Warnings: 0

Database changed
Query OK, 0 rows affected (0.00 sec)

Query OK, 0 rows affected (0.02 sec)

Query OK, 929543 rows affected (31.78 sec)
Records: 929543  Duplicates: 0  Warnings: 0

Query OK, 0 rows affected (0.02 sec)

Query OK, 484380 rows affected (19.41 sec)
Records: 484380  Duplicates: 0  Warnings: 0

+--------------------------+
| clientticket_cmmtjourney |
+--------------------------+
|                   929543 |
+--------------------------+
1 row in set (2.57 sec)

+---------------------------+
| clientticket_assgnjourney |
+---------------------------+
|                    484380 |
+---------------------------+
1 row in set (3.41 sec)

Query OK, 0 rows affected (0.01 sec)

Query OK, 85 rows affected (0.13 sec)
Records: 85  Duplicates: 0  Warnings: 0

mysql> mysql \. C:\workspace\cloud\code\sql\_DailyScript\currenttime.sql
+---------------------+
| currenttime         |
+---------------------+
| 2022-01-07 10:11:00 |
+---------------------+
1 row in set (0.00 sec)

mysql> 
mysql> mysql \. C:\workspace\cloud\code\sql\_DailyScript\load_DailyCalls.sql
Database changed
Query OK, 509 rows affected (0.22 sec)
Records: 509  Deleted: 0  Skipped: 0  Warnings: 0

Query OK, 0 rows affected, 1 warning (0.00 sec)

Query OK, 508 rows affected (0.04 sec)
Records: 508  Duplicates: 0  Warnings: 0

Query OK, 0 rows affected, 1 warning (0.00 sec)

Query OK, 94013 rows affected (0.41 sec)
Records: 94013  Duplicates: 0  Warnings: 0

+----------------------+
| callingclientsbefore |
+----------------------+
|              1352713 |
+----------------------+
1 row in set (0.57 sec)

Query OK, 697 rows affected (13.47 sec)
Records: 697  Duplicates: 0  Warnings: 0

+---------------------+
| callingclientsafter |
+---------------------+
|             1353410 |
+---------------------+
1 row in set (0.36 sec)

Query OK, 0 rows affected (0.01 sec)

Query OK, 349 rows affected (5.11 sec)
Records: 349  Duplicates: 0  Warnings: 0

Query OK, 0 rows affected (0.00 sec)

Query OK, 26087 rows affected (4.34 sec)
Records: 26087  Duplicates: 0  Warnings: 0

+-----------+
| callstats |
+-----------+
|     26087 |
+-----------+
1 row in set (0.01 sec)

Query OK, 0 rows affected, 1 warning (0.00 sec)

Query OK, 697 rows affected (3.25 sec)
Records: 697  Duplicates: 0  Warnings: 0

+------------------------+
| rep_cccallreportbefore |
+------------------------+
|                1352961 |
+------------------------+
1 row in set (0.36 sec)

Query OK, 742 rows affected (0.17 sec)
Records: 742  Duplicates: 0  Warnings: 0

+-----------------------+
| rep_cccallreportafter |
+-----------------------+
|               1353703 |
+-----------------------+
1 row in set (0.36 sec)

Query OK, 0 rows affected (0.01 sec)

mysql> mysql \. C:\workspace\cloud\code\sql\_DailyScript\currenttime.sql
+---------------------+
| currenttime         |
+---------------------+
| 2022-01-07 10:11:28 |
+---------------------+
1 row in set (0.00 sec)

mysql> 
mysql> mysql \. C:\workspace\cloud\code\sql\_DailyScript\DAILY-SCRIPT-USAGE.sql
Database changed
Query OK, 0 rows affected (0.00 sec)

Query OK, 3956 rows affected, 11499 warnings (0.97 sec)
Records: 3956  Deleted: 0  Skipped: 0  Warnings: 11499

Query OK, 0 rows affected (0.00 sec)

Query OK, 6229 rows affected, 17993 warnings (1.10 sec)
Records: 6229  Deleted: 0  Skipped: 0  Warnings: 17993

Query OK, 0 rows affected (0.00 sec)

Query OK, 344 rows affected, 1234 warnings (0.06 sec)
Records: 344  Deleted: 0  Skipped: 0  Warnings: 1234

Query OK, 0 rows affected (0.00 sec)

Query OK, 179 rows affected, 603 warnings (0.04 sec)
Records: 179  Deleted: 0  Skipped: 0  Warnings: 603

+------------+
| dailyusage |
+------------+
|   20215197 |
+------------+
1 row in set (8.28 sec)

+------------+------------+------------+---------+
| datestart  | dateend    | insertedon | records |
+------------+------------+------------+---------+
| 2022-01-06 | 2022-01-06 | 2022-01-07 |   10708 |
| 2022-01-05 | 2022-01-05 | 2022-01-06 |   11040 |
| 2022-01-04 | 2022-01-04 | 2022-01-05 |   10912 |
| 2022-01-03 | 2022-01-03 | 2022-01-04 |   10475 |
| 2022-01-02 | 2022-01-02 | 2022-01-04 |   10499 |
+------------+------------+------------+---------+
5 rows in set (45.47 sec)

+----------+------------+------------+------------+---------+
| category | datestart  | dateend    | insertedon | records |
+----------+------------+------------+------------+---------+
| UNCAPPED | 2022-01-06 | 2022-01-06 | 2022-01-07 |    6229 |
| PREPAID  | 2022-01-06 | 2022-01-06 | 2022-01-07 |     344 |
| HOTSPOT  | 2022-01-06 | 2022-01-06 | 2022-01-07 |     179 |
| CAPPED   | 2022-01-06 | 2022-01-06 | 2022-01-07 |    3956 |
| UNCAPPED | 2022-01-05 | 2022-01-05 | 2022-01-06 |    6558 |
| PREPAID  | 2022-01-05 | 2022-01-05 | 2022-01-06 |     325 |
| HOTSPOT  | 2022-01-05 | 2022-01-05 | 2022-01-06 |     189 |
| CAPPED   | 2022-01-05 | 2022-01-05 | 2022-01-06 |    3968 |
| UNCAPPED | 2022-01-04 | 2022-01-04 | 2022-01-05 |    6395 |
| PREPAID  | 2022-01-04 | 2022-01-04 | 2022-01-05 |     343 |
| HOTSPOT  | 2022-01-04 | 2022-01-04 | 2022-01-05 |     189 |
| CAPPED   | 2022-01-04 | 2022-01-04 | 2022-01-05 |    3985 |
| UNCAPPED | 2022-01-03 | 2022-01-03 | 2022-01-04 |    6117 |
| PREPAID  | 2022-01-03 | 2022-01-03 | 2022-01-04 |     336 |
| HOTSPOT  | 2022-01-03 | 2022-01-03 | 2022-01-04 |     171 |
| CAPPED   | 2022-01-03 | 2022-01-03 | 2022-01-04 |    3851 |
| UNCAPPED | 2022-01-02 | 2022-01-02 | 2022-01-04 |    6151 |
| PREPAID  | 2022-01-02 | 2022-01-02 | 2022-01-04 |     407 |
| HOTSPOT  | 2022-01-02 | 2022-01-02 | 2022-01-04 |     116 |
| CAPPED   | 2022-01-02 | 2022-01-02 | 2022-01-04 |    3825 |
+----------+------------+------------+------------+---------+
20 rows in set (30.20 sec)

mysql> mysql \. C:\workspace\cloud\code\sql\_DailyScript\currenttime.sql
+---------------------+
| currenttime         |
+---------------------+
| 2022-01-07 10:12:54 |
+---------------------+
1 row in set (0.00 sec)

mysql> 
mysql> mysql \. C:\workspace\cloud\code\sql\_DailyScript\DAILY-SCRIPT-SALES-TELEMETRY.sql
Database changed
Query OK, 162 rows affected, 140 warnings (0.04 sec)
Records: 162  Deleted: 0  Skipped: 0  Warnings: 140

+------------+
| dailysales |
+------------+
|     246891 |
+------------+
1 row in set (0.27 sec)

+------------+---------+
| orderdate  | records |
+------------+---------+
| 2022-01-06 |     162 |
| 2022-01-05 |     153 |
| 2022-01-04 |     216 |
| 2022-01-03 |      16 |
| 2022-01-02 |      30 |
| 2022-01-01 |      12 |
| 2021-12-31 |     147 |
| 2021-12-30 |     188 |
| 2021-12-29 |     193 |
| 2021-12-28 |     206 |
| 2021-12-27 |     280 |
| 2021-12-26 |      18 |
| 2021-12-25 |       8 |
| 2021-12-24 |     107 |
| 2021-12-23 |     153 |
+------------+---------+
15 rows in set (0.58 sec)

Query OK, 0 rows affected (0.02 sec)

Query OK, 246891 rows affected (21.11 sec)
Records: 246891  Duplicates: 0  Warnings: 0

+--------+
| sales  |
+--------+
| 246891 |
+--------+
1 row in set (0.07 sec)

Query OK, 0 rows affected (0.01 sec)

Query OK, 6391 rows affected (0.42 sec)
Records: 6391  Duplicates: 0  Warnings: 0

+----------------+
| rep_dailysales |
+----------------+
|           6391 |
+----------------+
1 row in set (0.00 sec)

Query OK, 0 rows affected (0.01 sec)

Query OK, 6391 rows affected (0.75 sec)
Records: 6391  Duplicates: 0  Warnings: 0

+-------------------+
| rep_dailysalesreg |
+-------------------+
|              6391 |
+-------------------+
1 row in set (0.01 sec)

Query OK, 0 rows affected (0.01 sec)

Query OK, 2436 rows affected (0.74 sec)
Records: 2436  Duplicates: 0  Warnings: 0

+-----------+
| saleslist |
+-----------+
|      2436 |
+-----------+
1 row in set (0.00 sec)

Database changed
ERROR 2 (HY000): File 'C:\ProgramData\MySQL\MySQL Server 5.7\Uploads\_csv\PrepaidCardSales-06012022-P1.csv' not found (Errcode: 2 - No such file or directory)
+------------------+
| dailysinglesales |
+------------------+
|             6658 |
+------------------+
1 row in set (0.02 sec)

Database changed
Query OK, 9 rows affected (0.04 sec)
Records: 9  Deleted: 0  Skipped: 0  Warnings: 0

+-----------------+
| dailyaddonsales |
+-----------------+
|           26382 |
+-----------------+
1 row in set (0.04 sec)

Query OK, 318 rows affected (0.13 sec)
Records: 318  Deleted: 0  Skipped: 0  Warnings: 0

+----------------+
| onlinepayments |
+----------------+
|         255699 |
+----------------+
1 row in set (0.21 sec)

+-------------+----------------+---------------------+
| paymentdate | onlinepayments | onlinepaymentamount |
+-------------+----------------+---------------------+
| 2022-01-06  |            318 |        192596.89000 |
| 2022-01-05  |            221 |        147329.60000 |
| 2022-01-04  |            351 |        238885.54000 |
| 2022-01-03  |            338 |        244115.70000 |
| 2022-01-02  |            339 |        220543.40000 |
+-------------+----------------+---------------------+
5 rows in set (0.90 sec)

+-------------+--------------+----------------+---------------------+
| paymentyear | paymentmonth | onlinepayments | onlinepaymentamount |
+-------------+--------------+----------------+---------------------+
|        2022 |            1 |           1933 |       1316594.95000 |
|        2022 |         NULL |           1933 |       1316594.95000 |
|        2021 |           12 |           8988 |       5882874.20000 |
|        2021 |           11 |           8553 |       5661260.44000 |
|        2021 |           10 |           8715 |       5741511.04000 |
+-------------+--------------+----------------+---------------------+
5 rows in set (0.32 sec)

mysql> mysql \. C:\workspace\cloud\code\sql\_DailyScript\currenttime.sql
+---------------------+
| currenttime         |
+---------------------+
| 2022-01-07 10:13:20 |
+---------------------+
1 row in set (0.00 sec)

mysql> 
mysql> mysql \. C:\workspace\cloud\code\sql\_DailyScript\DAILY-SCRIPT-ACTIVENUMBERS.sql
Database changed
Query OK, 1085 rows affected (0.49 sec)
Records: 1085  Deleted: 0  Skipped: 0  Warnings: 0

+------------+----------+
| period     | count(1) |
+------------+----------+
| 2022-01-06 |     1085 |
| 2022-01-05 |     1084 |
| 2022-01-04 |     1082 |
| 2022-01-03 |     1081 |
| 2022-01-02 |     1083 |
+------------+----------+
5 rows in set (0.00 sec)

Query OK, 0 rows affected (0.01 sec)

Query OK, 75 rows affected (1.39 sec)
Records: 75  Duplicates: 0  Warnings: 0

+-------------+
| packagelist |
+-------------+
|          75 |
+-------------+
1 row in set (0.00 sec)

Database changed
Query OK, 0 rows affected (0.00 sec)

Query OK, 0 rows affected (0.00 sec)

Query OK, 0 rows affected (0.00 sec)

Query OK, 0 rows affected (0.00 sec)

Query OK, 28877 rows affected, 192 warnings (18.53 sec)
Records: 28877  Deleted: 0  Skipped: 0  Warnings: 192

+------------+----------+
| period     | count(1) |
+------------+----------+
| 2022-01-06 |    28877 |
| 2022-01-05 |    28828 |
| 2022-01-04 |    28715 |
| 2022-01-03 |    28487 |
| 2022-01-02 |    28699 |
+------------+----------+
5 rows in set (0.09 sec)

Query OK, 0 rows affected (0.05 sec)

Query OK, 28317 rows affected (58.88 sec)
Records: 28317  Duplicates: 0  Warnings: 0

Query OK, 0 rows affected (0.12 sec)
Records: 0  Duplicates: 0  Warnings: 0

Query OK, 0 rows affected (0.12 sec)
Records: 0  Duplicates: 0  Warnings: 0

Query OK, 0 rows affected (0.11 sec)
Records: 0  Duplicates: 0  Warnings: 0

Query OK, 0 rows affected (0.12 sec)
Records: 0  Duplicates: 0  Warnings: 0

Query OK, 0 rows affected (0.07 sec)
Records: 0  Duplicates: 0  Warnings: 0

Query OK, 0 rows affected (0.08 sec)
Records: 0  Duplicates: 0  Warnings: 0

+-------------+
| countbefore |
+-------------+
|    52530439 |
+-------------+
1 row in set (22.18 sec)

Query OK, 28317 rows affected (6.29 sec)
Records: 28317  Duplicates: 0  Warnings: 0

+------------+
| countafter |
+------------+
|   52558756 |
+------------+
1 row in set (17.71 sec)

+------------+--------------------------+
| period     | customercontractactivity |
+------------+--------------------------+
| 2022-01-06 |                    28317 |
| 2022-01-05 |                    28269 |
| 2022-01-04 |                    28156 |
| 2022-01-03 |                    27928 |
| 2022-01-02 |                    28140 |
+------------+--------------------------+
5 rows in set (0.06 sec)

Query OK, 0 rows affected (0.02 sec)

Query OK, 328419 rows affected, 4 warnings (10 min 40.50 sec)
Records: 328419  Duplicates: 0  Warnings: 4

Query OK, 0 rows affected (1.09 sec)
Records: 0  Duplicates: 0  Warnings: 0

Query OK, 0 rows affected (1.28 sec)
Records: 0  Duplicates: 0  Warnings: 0

Query OK, 0 rows affected (1.28 sec)
Records: 0  Duplicates: 0  Warnings: 0

Query OK, 0 rows affected (0.01 sec)

Query OK, 224 rows affected (0.51 sec)
Records: 224  Duplicates: 0  Warnings: 0

Query OK, 0 rows affected (0.01 sec)

Query OK, 2601 rows affected (0.68 sec)
Records: 2601  Duplicates: 0  Warnings: 0

Query OK, 0 rows affected (0.01 sec)

Query OK, 28294 rows affected (0.66 sec)
Records: 28294  Duplicates: 0  Warnings: 0

Query OK, 0 rows affected (0.01 sec)

Query OK, 16898 rows affected (0.40 sec)
Records: 16898  Duplicates: 0  Warnings: 0

Query OK, 0 rows affected (0.01 sec)

Query OK, 16898 rows affected (0.13 sec)
Records: 16898  Duplicates: 0  Warnings: 0

Query OK, 0 rows affected (0.01 sec)

Query OK, 16898 rows affected (1.24 sec)
Records: 16898  Duplicates: 0  Warnings: 0

Query OK, 0 rows affected (0.01 sec)

Query OK, 16898 rows affected (43.49 sec)
Records: 16898  Duplicates: 0  Warnings: 0

+-------------+
| clientstats |
+-------------+
|       16898 |
+-------------+
1 row in set (0.01 sec)

Query OK, 0 rows affected (0.01 sec)

Query OK, 14 rows affected, 1 warning (0.11 sec)
Records: 14  Duplicates: 0  Warnings: 1

+-----------------------+-------------+-------------+----------------+-----------------+
| services              | activecount | allaccounts | uniqueaccounts | uniquecontracts |
+-----------------------+-------------+-------------+----------------+-----------------+
| All                   |         440 |          72 |             72 |             231 |
| Internet & OTT        |           6 |           3 |              3 |               3 |
| Internet & Voice      |         301 |         131 |            131 |             257 |
| Internet Only         |        4335 |        4238 |           4234 |            4274 |
| OTT Only              |           2 |           2 |              2 |               2 |
| TV & Internet         |        9832 |        4388 |           4375 |            8958 |
| TV & Internet & OTT   |        4786 |        1256 |           1254 |            2612 |
| TV & Internet & Voice |         524 |         149 |            149 |             459 |
| TV & OTT              |         339 |          89 |             87 |             102 |
| TV & Voice            |          84 |          37 |             37 |              75 |
| TV & Voice & OTT      |           6 |           2 |              2 |               4 |
| TV Only               |        8202 |        6418 |           6409 |            6618 |
| Voice Only            |         114 |         113 |            113 |             114 |
| GRAND TOTAL           |       28971 |       16898 |          16819 |           23709 |
+-----------------------+-------------+-------------+----------------+-----------------+
14 rows in set (0.00 sec)

+-------------+-------------+-------------+----------------+-----------------+
| network     | activecount | allaccounts | uniqueaccounts | uniquecontracts |
+-------------+-------------+-------------+----------------+-----------------+
| GPON        |       14379 |        7050 |           7047 |           11228 |
| HFC         |       14592 |        9848 |           9848 |           12481 |
| GRAND TOTAL |       28971 |       16898 |          16819 |           23709 |
+-------------+-------------+-------------+----------------+-----------------+
3 rows in set, 1 warning (0.15 sec)

+-------------+-----------------------+-------------+-------------+----------------+-----------------+
| network     | services              | activecount | allaccounts | uniqueaccounts | uniquecontracts |
+-------------+-----------------------+-------------+-------------+----------------+-----------------+
| GPON        | All                   |         344 |          59 |             59 |             188 |
| GPON        | Internet & OTT        |           2 |           1 |              1 |               1 |
| GPON        | Internet & Voice      |          79 |          32 |             32 |              68 |
| GPON        | Internet Only         |        1711 |        1630 |           1630 |            1651 |
| GPON        | OTT Only              |           1 |           1 |              1 |               1 |
| GPON        | TV & Internet         |        5643 |        2473 |           2473 |            5076 |
| GPON        | TV & Internet & OTT   |        3846 |        1000 |           1000 |            2091 |
| GPON        | TV & Internet & Voice |         299 |          80 |             80 |             250 |
| GPON        | TV & OTT              |         216 |          68 |             68 |              75 |
| GPON        | TV & Voice            |          51 |          23 |             23 |              47 |
| GPON        | TV & Voice & OTT      |           6 |           2 |              2 |               4 |
| GPON        | TV Only               |        2166 |        1667 |           1667 |            1761 |
| GPON        | Voice Only            |          15 |          14 |             14 |              15 |
| GPON        | Services Total        |       14379 |        7050 |           7047 |           11228 |
| HFC         | All                   |          96 |          13 |             13 |              43 |
| HFC         | Internet & OTT        |           4 |           2 |              2 |               2 |
| HFC         | Internet & Voice      |         222 |          99 |             99 |             189 |
| HFC         | Internet Only         |        2624 |        2608 |           2608 |            2623 |
| HFC         | OTT Only              |           1 |           1 |              1 |               1 |
| HFC         | TV & Internet         |        4189 |        1915 |           1915 |            3882 |
| HFC         | TV & Internet & OTT   |         940 |         256 |            256 |             521 |
| HFC         | TV & Internet & Voice |         225 |          69 |             69 |             209 |
| HFC         | TV & OTT              |         123 |          21 |             21 |              27 |
| HFC         | TV & Voice            |          33 |          14 |             14 |              28 |
| HFC         | TV Only               |        6036 |        4751 |           4751 |            4857 |
| HFC         | Voice Only            |          99 |          99 |             99 |              99 |
| HFC         | Services Total        |       14592 |        9848 |           9848 |           12481 |
| GRAND TOTAL | Services Total        |       28971 |       16898 |          16819 |           23709 |
+-------------+-----------------------+-------------+-------------+----------------+-----------------+
28 rows in set, 2 warnings (0.15 sec)

Query OK, 0 rows affected (0.01 sec)

Query OK, 46 rows affected, 3 warnings (0.21 sec)
Records: 46  Duplicates: 0  Warnings: 3

+-------------+---------------+-----------------------+-------------+-------------+----------------+-----------------+
| region      | network       | services              | activecount | allaccounts | uniqueaccounts | uniquecontracts |
+-------------+---------------+-----------------------+-------------+-------------+----------------+-----------------+
| Eden Island | GPON          | TV & Internet         |           2 |           1 |              1 |               2 |
| Eden Island | GPON          | Services Total        |           2 |           1 |              1 |               2 |
| Eden Island | Network Total | Services Total        |           2 |           1 |              1 |               2 |
| Mahe        | GPON          | All                   |         309 |          53 |             53 |             169 |
| Mahe        | GPON          | Internet & OTT        |           2 |           1 |              1 |               1 |
| Mahe        | GPON          | Internet & Voice      |          75 |          30 |             30 |              64 |
| Mahe        | GPON          | Internet Only         |        1458 |        1377 |           1377 |            1398 |
| Mahe        | GPON          | TV & Internet         |        4883 |        2137 |           2137 |            4382 |
| Mahe        | GPON          | TV & Internet & OTT   |        3213 |         813 |            813 |            1709 |
| Mahe        | GPON          | TV & Internet & Voice |         275 |          73 |             73 |             226 |
| Mahe        | GPON          | TV & OTT              |         198 |          59 |             59 |              66 |
| Mahe        | GPON          | TV & Voice            |          51 |          23 |             23 |              47 |
| Mahe        | GPON          | TV & Voice & OTT      |           3 |           1 |              1 |               2 |
| Mahe        | GPON          | TV Only               |        1826 |        1406 |           1406 |            1486 |
| Mahe        | GPON          | Voice Only            |          14 |          13 |             13 |              14 |
| Mahe        | GPON          | Services Total        |       12307 |        5986 |           5986 |            9564 |
| Mahe        | HFC           | All                   |          96 |          13 |             13 |              43 |
| Mahe        | HFC           | Internet & OTT        |           4 |           2 |              2 |               2 |
| Mahe        | HFC           | Internet & Voice      |         222 |          99 |             99 |             189 |
| Mahe        | HFC           | Internet Only         |        2624 |        2608 |           2608 |            2623 |
| Mahe        | HFC           | OTT Only              |           1 |           1 |              1 |               1 |
| Mahe        | HFC           | TV & Internet         |        4189 |        1915 |           1915 |            3882 |
| Mahe        | HFC           | TV & Internet & OTT   |         940 |         256 |            256 |             521 |
| Mahe        | HFC           | TV & Internet & Voice |         225 |          69 |             69 |             209 |
| Mahe        | HFC           | TV & OTT              |         123 |          21 |             21 |              27 |
| Mahe        | HFC           | TV & Voice            |          33 |          14 |             14 |              28 |
| Mahe        | HFC           | TV Only               |        6035 |        4750 |           4750 |            4856 |
| Mahe        | HFC           | Voice Only            |          99 |          99 |             99 |              99 |
| Mahe        | HFC           | Services Total        |       14591 |        9847 |           9847 |           12480 |
| Mahe        | Network Total | Services Total        |       26898 |       15833 |          15757 |           22044 |
| Praslin     | GPON          | All                   |          35 |           6 |              6 |              19 |
| Praslin     | GPON          | Internet & Voice      |           4 |           2 |              2 |               4 |
| Praslin     | GPON          | Internet Only         |         253 |         253 |            253 |             253 |
| Praslin     | GPON          | OTT Only              |           1 |           1 |              1 |               1 |
| Praslin     | GPON          | TV & Internet         |         758 |         335 |            335 |             692 |
| Praslin     | GPON          | TV & Internet & OTT   |         633 |         187 |            187 |             382 |
| Praslin     | GPON          | TV & Internet & Voice |          24 |           7 |              7 |              24 |
| Praslin     | GPON          | TV & OTT              |          18 |           9 |              9 |               9 |
| Praslin     | GPON          | TV & Voice & OTT      |           3 |           1 |              1 |               2 |
| Praslin     | GPON          | TV Only               |         340 |         261 |            261 |             275 |
| Praslin     | GPON          | Voice Only            |           1 |           1 |              1 |               1 |
| Praslin     | GPON          | Services Total        |        2070 |        1063 |           1063 |            1662 |
| Praslin     | HFC           | TV Only               |           1 |           1 |              1 |               1 |
| Praslin     | HFC           | Services Total        |           1 |           1 |              1 |               1 |
| Praslin     | Network Total | Services Total        |        2071 |        1064 |           1064 |            1663 |
| GRAND TOTAL | Network Total | Services Total        |       28971 |       16898 |          16819 |           23709 |
+-------------+---------------+-----------------------+-------------+-------------+----------------+-----------------+
46 rows in set (0.00 sec)

Query OK, 0 rows affected (0.01 sec)

Query OK, 28295 rows affected (0.52 sec)
Records: 28295  Duplicates: 0  Warnings: 0

Query OK, 0 rows affected (0.01 sec)

Query OK, 2358 rows affected (2.24 sec)
Records: 2358  Duplicates: 0  Warnings: 0

+--------------------------------------+
| message                              |
+--------------------------------------+
| running rcbill_my.sp_ActiveNumber2() |
+--------------------------------------+
1 row in set (0.00 sec)

Query OK, 365 rows affected (2 min 30.53 sec)

mysql> mysql \. C:\workspace\cloud\code\sql\_DailyScript\currenttime.sql
+---------------------+
| currenttime         |
+---------------------+
| 2022-01-07 10:29:32 |
+---------------------+
1 row in set (0.00 sec)

mysql> 
mysql> mysql \. C:\workspace\cloud\code\sql\_DailyScript\GetActiveNumbers Average -Pivot.sql
Database changed
+-------------------------------------+
| @today := subdate(current_date(),1) |
+-------------------------------------+
| 2022-01-06                          |
+-------------------------------------+
1 row in set (0.00 sec)

+-------------------------------------+
| @lastdayofmonth := last_day(@today) |
+-------------------------------------+
| 2022-01-31                          |
+-------------------------------------+
1 row in set (0.00 sec)

Query OK, 0 rows affected (0.02 sec)

Query OK, 53255 rows affected, 65535 warnings (1 min 10.22 sec)
Records: 53255  Duplicates: 0  Warnings: 108471

Query OK, 0 rows affected (0.13 sec)
Records: 0  Duplicates: 0  Warnings: 0

Query OK, 0 rows affected (0.15 sec)
Records: 0  Duplicates: 0  Warnings: 0

Query OK, 0 rows affected (0.13 sec)
Records: 0  Duplicates: 0  Warnings: 0

+-----------------+
| activenumberavg |
+-----------------+
|           53255 |
+-----------------+
1 row in set (0.02 sec)

Query OK, 0 rows affected (0.01 sec)

Query OK, 2008 rows affected (0.62 sec)
Records: 2008  Duplicates: 0  Warnings: 0

+---------------------+
| rep_activenumberavg |
+---------------------+
|                2008 |
+---------------------+
1 row in set (0.00 sec)

+----------------------+
| rep_activenumberavg1 |
+----------------------+
|                  933 |
+----------------------+
1 row in set (0.00 sec)

Query OK, 0 rows affected (0.01 sec)

Query OK, 2827 rows affected (0.50 sec)
Records: 2827  Duplicates: 0  Warnings: 0

Query OK, 0 rows affected (0.01 sec)

Query OK, 14657 rows affected (0.96 sec)
Records: 14657  Duplicates: 0  Warnings: 0

Query OK, 0 rows affected (0.01 sec)

Query OK, 254 rows affected (0.31 sec)
Records: 254  Duplicates: 0  Warnings: 0

Query OK, 0 rows affected (0.00 sec)

Query OK, 0 rows affected (0.01 sec)

Query OK, 0 rows affected (0.01 sec)

Query OK, 0 rows affected (0.00 sec)

Query OK, 0 rows affected (0.00 sec)
Statement prepared

Query OK, 53 rows affected (0.10 sec)
Records: 53  Duplicates: 0  Warnings: 0

Query OK, 0 rows affected (0.00 sec)

Query OK, 0 rows affected (0.00 sec)

+----------------------+
| rep_activenumberavg2 |
+----------------------+
|                 2827 |
+----------------------+
1 row in set (0.00 sec)

+------------------------+
| rep_activenumberavg_pv |
+------------------------+
|                     53 |
+------------------------+
1 row in set (0.00 sec)

Query OK, 0 rows affected (0.01 sec)

Query OK, 2824 rows affected (0.45 sec)
Records: 2824  Duplicates: 0  Warnings: 0

Query OK, 0 rows affected (0.00 sec)

Query OK, 0 rows affected (0.00 sec)

Query OK, 0 rows affected (0.01 sec)

Query OK, 0 rows affected (0.00 sec)

Query OK, 0 rows affected (0.00 sec)
Statement prepared

Query OK, 53 rows affected (0.06 sec)
Records: 53  Duplicates: 0  Warnings: 0

Query OK, 0 rows affected (0.00 sec)

Query OK, 0 rows affected (0.00 sec)

+-------------------------+
| rep_activenumberavgMahe |
+-------------------------+
|                    2824 |
+-------------------------+
1 row in set (0.00 sec)

+----------------------------+
| rep_activenumberavgMahe_pv |
+----------------------------+
|                         53 |
+----------------------------+
1 row in set (0.00 sec)

Query OK, 0 rows affected (0.01 sec)

Query OK, 1788 rows affected (0.19 sec)
Records: 1788  Duplicates: 0  Warnings: 0

Query OK, 0 rows affected (0.00 sec)

Query OK, 0 rows affected (0.00 sec)

Query OK, 0 rows affected (0.01 sec)

Query OK, 0 rows affected (0.00 sec)

Query OK, 0 rows affected (0.00 sec)
Statement prepared

Query OK, 41 rows affected (0.04 sec)
Records: 41  Duplicates: 0  Warnings: 0

Query OK, 0 rows affected (0.00 sec)

Query OK, 0 rows affected (0.00 sec)

+----------------------------+
| rep_activenumberavgPraslin |
+----------------------------+
|                       1788 |
+----------------------------+
1 row in set (0.00 sec)

+-------------------------------+
| rep_activenumberavgPraslin_pv |
+-------------------------------+
|                            41 |
+-------------------------------+
1 row in set (0.00 sec)

mysql> mysql \. C:\workspace\cloud\code\sql\_DailyScript\currenttime.sql
+---------------------+
| currenttime         |
+---------------------+
| 2022-01-07 10:30:46 |
+---------------------+
1 row in set (0.00 sec)

mysql> 
mysql> mysql \. C:\workspace\cloud\code\sql\Analysis\clients_contracts_creditpolicy_2.sql
Database changed
Query OK, 0 rows affected (0.00 sec)

Query OK, 1927508 rows affected (46.78 sec)
Records: 1927508  Duplicates: 0  Warnings: 0

Query OK, 0 rows affected (0.01 sec)

Query OK, 28317 rows affected (1.35 sec)
Records: 28317  Duplicates: 0  Warnings: 0

Query OK, 0 rows affected (0.01 sec)

Query OK, 28394 rows affected (16.20 sec)
Records: 28394  Duplicates: 0  Warnings: 0

+-------------------------+
| rep_cust_cont_creditpol |
+-------------------------+
|                   28394 |
+-------------------------+
1 row in set (0.01 sec)

mysql> mysql \. C:\workspace\cloud\code\sql\_DailyScript\currenttime.sql
+---------------------+
| currenttime         |
+---------------------+
| 2022-01-07 10:31:51 |
+---------------------+
1 row in set (0.00 sec)

mysql> 
mysql> mysql \. C:\workspace\cloud\code\sql\_DailyScript\budget_actual_analysis_2022.sql
Query OK, 0 rows affected (0.01 sec)

Query OK, 591 rows affected, 3 warnings (0.10 sec)
Records: 591  Duplicates: 0  Warnings: 3

+--------------------+
| budget_actual_2022 |
+--------------------+
|                591 |
+--------------------+
1 row in set (0.00 sec)

Query OK, 0 rows affected (0.01 sec)

Query OK, 47 rows affected (0.04 sec)
Records: 47  Duplicates: 0  Warnings: 0

+---------------------------+
| rep_budget_actual_2022_pv |
+---------------------------+
|                        47 |
+---------------------------+
1 row in set (0.00 sec)

mysql> mysql \. C:\workspace\cloud\code\sql\_DailyScript\currenttime.sql
+---------------------+
| currenttime         |
+---------------------+
| 2022-01-07 10:31:51 |
+---------------------+
1 row in set (0.00 sec)

mysql> 
mysql> mysql \. C:\workspace\cloud\code\sql\_DailyScript\reports-sales-addons-prepaid-camera.sql
Database changed
Query OK, 0 rows affected (0.01 sec)

Query OK, 4417 rows affected (0.28 sec)
Records: 4417  Duplicates: 0  Warnings: 0

Query OK, 0 rows affected (0.01 sec)

Query OK, 26429 rows affected (22.70 sec)
Records: 26429  Duplicates: 0  Warnings: 0

+--------------------+
| rep_prepaid_camera |
+--------------------+
|               4417 |
+--------------------+
1 row in set (0.01 sec)

+-----------+
| rep_addon |
+-----------+
|     26429 |
+-----------+
1 row in set (0.01 sec)

mysql> mysql \. C:\workspace\cloud\code\sql\_DailyScript\currenttime.sql
+---------------------+
| currenttime         |
+---------------------+
| 2022-01-07 10:32:14 |
+---------------------+
1 row in set (0.00 sec)

mysql> 
mysql> mysql \. C:\workspace\cloud\code\sql\Analysis\addon_package_sales2.sql
Query OK, 0 rows affected (0.00 sec)

Query OK, 0 rows affected (0.00 sec)

Query OK, 0 rows affected (0.00 sec)

+------------+
| @startdate |
+------------+
| 2016-05-01 |
+------------+
1 row in set (0.00 sec)

+------------+
| @enddate   |
+------------+
| 2022-01-06 |
+------------+
1 row in set (0.00 sec)

+------------------------+
| IN ADDON PACKAGE SALES |
+------------------------+
| IN ADDON PACKAGE SALES |
+------------------------+
1 row in set (0.00 sec)

Query OK, 0 rows affected (0.00 sec)

Query OK, 0 rows affected (0.01 sec)

Query OK, 2125 rows affected (4 min 18.73 sec)
Records: 2125  Duplicates: 0  Warnings: 0

+------------------------+
| rep_newfirstactive_vod |
+------------------------+
|                   2125 |
+------------------------+
1 row in set (0.01 sec)

Query OK, 0 rows affected (0.00 sec)

Query OK, 0 rows affected (0.01 sec)

Query OK, 6631 rows affected (10 min 2.40 sec)
Records: 6631  Duplicates: 0  Warnings: 0

+------------------------+
| rep_newfirstactive_int |
+------------------------+
|                   6631 |
+------------------------+
1 row in set (0.01 sec)

Query OK, 0 rows affected (0.00 sec)

Query OK, 0 rows affected (0.01 sec)

Query OK, 406 rows affected (44.00 sec)
Records: 406  Duplicates: 0  Warnings: 0

+-----------------------+
| rep_newfirstactive_dv |
+-----------------------+
|                   406 |
+-----------------------+
1 row in set (0.00 sec)

Query OK, 0 rows affected (0.00 sec)

Query OK, 0 rows affected (0.01 sec)

Query OK, 41 rows affected (2.46 sec)
Records: 41  Duplicates: 0  Warnings: 0

+-----------------------+
| rep_newfirstactive_mv |
+-----------------------+
|                    41 |
+-----------------------+
1 row in set (0.00 sec)

Query OK, 0 rows affected (0.00 sec)

Query OK, 0 rows affected (0.01 sec)

Query OK, 713 rows affected (1 min 18.47 sec)
Records: 713  Duplicates: 0  Warnings: 0

+------------------------+
| rep_newfirstactive_igo |
+------------------------+
|                    713 |
+------------------------+
1 row in set (0.00 sec)

mysql> mysql \. C:\workspace\cloud\code\sql\_DailyScript\currenttime.sql
+---------------------+
| currenttime         |
+---------------------+
| 2022-01-07 10:48:40 |
+---------------------+
1 row in set (0.00 sec)

mysql> 
mysql> mysql \. C:\workspace\cloud\code\sql\_DailyScript\RCB_ClientAnalyticsReport_Script.sql
Database changed
Query OK, 0 rows affected (0.00 sec)

Query OK, 0 rows affected (0.21 sec)

Query OK, 2186922 rows affected (1 min 28.79 sec)
Records: 2186922  Duplicates: 0  Warnings: 0

Query OK, 0 rows affected (13.44 sec)
Records: 0  Duplicates: 0  Warnings: 0

Query OK, 0 rows affected (5.95 sec)
Records: 0  Duplicates: 0  Warnings: 0

Query OK, 0 rows affected (9.37 sec)
Records: 0  Duplicates: 0  Warnings: 0

Terminal close -- query aborted
