    -> 
    -> mysql \. C:\workspace\cloud\code\sql\_DailyScript\_setdates.sql
Query OK, 0 rows affected (0.01 sec)

Query OK, 0 rows affected (1.75 sec)

Database changed
Query OK, 0 rows affected (0.00 sec)

Query OK, 0 rows affected (0.00 sec)

Query OK, 0 rows affected (0.00 sec)

Query OK, 0 rows affected (0.00 sec)

Query OK, 0 rows affected (0.00 sec)

Query OK, 0 rows affected (0.00 sec)

Query OK, 0 rows affected (0.00 sec)

Query OK, 0 rows affected (0.00 sec)

Query OK, 0 rows affected (0.00 sec)

Query OK, 0 rows affected (0.00 sec)

Query OK, 0 rows affected (0.00 sec)

Query OK, 0 rows affected (0.00 sec)

Query OK, 0 rows affected (0.00 sec)

Query OK, 0 rows affected (0.00 sec)

Query OK, 0 rows affected (0.00 sec)

Query OK, 0 rows affected (0.00 sec)

Query OK, 0 rows affected (0.00 sec)

Query OK, 0 rows affected (0.00 sec)

Query OK, 0 rows affected (0.00 sec)

Query OK, 0 rows affected (0.00 sec)

Query OK, 0 rows affected (0.00 sec)

Query OK, 0 rows affected (0.00 sec)

mysql> mysql \. C:\workspace\cloud\code\sql\_DailyScript\currenttime.sql
+---------------------+
| currenttime         |
+---------------------+
| 2021-12-06 10:22:38 |
+---------------------+
1 row in set (0.00 sec)

mysql> 
mysql> mysql \. C:\workspace\cloud\code\sql\_DailyScript\load_RCB_VODTITLES.sql
Database changed
Query OK, 0 rows affected (0.00 sec)

Query OK, 16963 rows affected (0.24 sec)

Query OK, 16965 rows affected, 16965 warnings (0.41 sec)
Records: 16965  Deleted: 0  Skipped: 0  Warnings: 16965

Query OK, 0 rows affected (0.00 sec)

Query OK, 2 rows affected (0.02 sec)

+-----------+
| VODTITLES |
+-----------+
|     17423 |
+-----------+
1 row in set (0.01 sec)

+-----------+-----------+
| titletype | typecount |
+-----------+-----------+
| E         |     14453 |
| N         |       245 |
| T         |      2265 |
| NULL      |     16963 |
+-----------+-----------+
4 rows in set (0.07 sec)

mysql> mysql \. C:\workspace\cloud\code\sql\_DailyScript\currenttime.sql
+---------------------+
| currenttime         |
+---------------------+
| 2021-12-06 10:22:39 |
+---------------------+
1 row in set (0.00 sec)

mysql> 
mysql> 
mysql> 
mysql> 
mysql> 
mysql> 
mysql> 
mysql> 
mysql> 
mysql> 
mysql> 
mysql> 
mysql> 
mysql> 
mysql> 
mysql> 
mysql> 
mysql> 
mysql> 
mysql> 
mysql> 
mysql> 
mysql> 
mysql> 
mysql> 
mysql> 
mysql> 
mysql> 
mysql> 
mysql> 
mysql> 
mysql> 
mysql> 
mysql> 
mysql> 
mysql> 
mysql> 
mysql> mysql \. C:\workspace\cloud\code\sql\_DailyScript\load_DailyCalls.sql
Database changed
Query OK, 555 rows affected (0.14 sec)
Records: 555  Deleted: 0  Skipped: 0  Warnings: 0

Query OK, 0 rows affected, 1 warning (0.00 sec)

Query OK, 554 rows affected (0.04 sec)
Records: 554  Duplicates: 0  Warnings: 0

Query OK, 0 rows affected, 1 warning (0.00 sec)

Query OK, 93845 rows affected (0.39 sec)
Records: 93845  Duplicates: 0  Warnings: 0

+----------------------+
| callingclientsbefore |
+----------------------+
|              1324560 |
+----------------------+
1 row in set (0.52 sec)

Query OK, 830 rows affected (14.49 sec)
Records: 830  Duplicates: 0  Warnings: 0

+---------------------+
| callingclientsafter |
+---------------------+
|             1325390 |
+---------------------+
1 row in set (0.35 sec)

Query OK, 0 rows affected (0.01 sec)

Query OK, 345 rows affected (4.13 sec)
Records: 345  Duplicates: 0  Warnings: 0

Query OK, 0 rows affected (0.00 sec)

Query OK, 25728 rows affected (4.28 sec)
Records: 25728  Duplicates: 0  Warnings: 0

+-----------+
| callstats |
+-----------+
|     25728 |
+-----------+
1 row in set (0.01 sec)

Query OK, 0 rows affected, 1 warning (0.00 sec)

Query OK, 830 rows affected (2.78 sec)
Records: 830  Duplicates: 0  Warnings: 0

+------------------------+
| rep_cccallreportbefore |
+------------------------+
|                1324808 |
+------------------------+
1 row in set (0.36 sec)

Query OK, 830 rows affected (0.19 sec)
Records: 830  Duplicates: 0  Warnings: 0

+-----------------------+
| rep_cccallreportafter |
+-----------------------+
|               1325638 |
+-----------------------+
1 row in set (0.37 sec)

Query OK, 0 rows affected (0.01 sec)

mysql> mysql \. C:\workspace\cloud\code\sql\_DailyScript\currenttime.sql
+---------------------+
| currenttime         |
+---------------------+
| 2021-12-06 10:23:07 |
+---------------------+
1 row in set (0.01 sec)

mysql> 
mysql> mysql \. C:\workspace\cloud\code\sql\_DailyScript\DAILY-SCRIPT-USAGE.sql
Database changed
Query OK, 0 rows affected (0.00 sec)

Query OK, 4008 rows affected, 11590 warnings (0.75 sec)
Records: 4008  Deleted: 0  Skipped: 0  Warnings: 11590

Query OK, 0 rows affected (0.00 sec)

Query OK, 6238 rows affected, 18046 warnings (1.05 sec)
Records: 6238  Deleted: 0  Skipped: 0  Warnings: 18046

Query OK, 0 rows affected (0.00 sec)

Query OK, 389 rows affected, 1376 warnings (0.91 sec)
Records: 389  Deleted: 0  Skipped: 0  Warnings: 1376

Query OK, 0 rows affected (0.00 sec)

Query OK, 133 rows affected, 471 warnings (0.07 sec)
Records: 133  Deleted: 0  Skipped: 0  Warnings: 471

+------------+
| dailyusage |
+------------+
|   19843787 |
+------------+
1 row in set (7.60 sec)

+------------+------------+------------+---------+
| datestart  | dateend    | insertedon | records |
+------------+------------+------------+---------+
| 2021-12-04 | 2021-12-04 | 2021-12-06 |   10768 |
| 2021-12-03 | 2021-12-03 | 2021-12-06 |   10862 |
| 2021-12-02 | 2021-12-02 | 2021-12-03 |   10916 |
| 2021-12-01 | 2021-12-01 | 2021-12-02 |   10967 |
| 2021-11-30 | 2021-11-30 | 2021-12-01 |   10882 |
+------------+------------+------------+---------+
5 rows in set (24.20 sec)

+----------+------------+------------+------------+---------+
| category | datestart  | dateend    | insertedon | records |
+----------+------------+------------+------------+---------+
| UNCAPPED | 2021-12-04 | 2021-12-04 | 2021-12-06 |    6238 |
| PREPAID  | 2021-12-04 | 2021-12-04 | 2021-12-06 |     389 |
| HOTSPOT  | 2021-12-04 | 2021-12-04 | 2021-12-06 |     133 |
| CAPPED   | 2021-12-04 | 2021-12-04 | 2021-12-06 |    4008 |
| UNCAPPED | 2021-12-03 | 2021-12-03 | 2021-12-06 |    6305 |
| PREPAID  | 2021-12-03 | 2021-12-03 | 2021-12-06 |     346 |
| HOTSPOT  | 2021-12-03 | 2021-12-03 | 2021-12-06 |     176 |
| CAPPED   | 2021-12-03 | 2021-12-03 | 2021-12-06 |    4035 |
| UNCAPPED | 2021-12-02 | 2021-12-02 | 2021-12-03 |    6299 |
| PREPAID  | 2021-12-02 | 2021-12-02 | 2021-12-03 |     375 |
| HOTSPOT  | 2021-12-02 | 2021-12-02 | 2021-12-03 |     194 |
| CAPPED   | 2021-12-02 | 2021-12-02 | 2021-12-03 |    4048 |
| UNCAPPED | 2021-12-01 | 2021-12-01 | 2021-12-02 |    6297 |
| PREPAID  | 2021-12-01 | 2021-12-01 | 2021-12-02 |     409 |
| HOTSPOT  | 2021-12-01 | 2021-12-01 | 2021-12-02 |     201 |
| CAPPED   | 2021-12-01 | 2021-12-01 | 2021-12-02 |    4060 |
| UNCAPPED | 2021-11-30 | 2021-11-30 | 2021-12-01 |    6312 |
| PREPAID  | 2021-11-30 | 2021-11-30 | 2021-12-01 |     347 |
| HOTSPOT  | 2021-11-30 | 2021-11-30 | 2021-12-01 |     208 |
| CAPPED   | 2021-11-30 | 2021-11-30 | 2021-12-01 |    4015 |
+----------+------------+------------+------------+---------+
20 rows in set (28.89 sec)

mysql> mysql \. C:\workspace\cloud\code\sql\_DailyScript\currenttime.sql
+---------------------+
| currenttime         |
+---------------------+
| 2021-12-06 10:24:11 |
+---------------------+
1 row in set (0.00 sec)

mysql> 
mysql> mysql \. C:\workspace\cloud\code\sql\_DailyScript\DAILY-SCRIPT-SALES-TELEMETRY.sql
Database changed
Query OK, 75 rows affected, 44 warnings (0.02 sec)
Records: 75  Deleted: 0  Skipped: 0  Warnings: 44

+------------+
| dailysales |
+------------+
|     255227 |
+------------+
1 row in set (0.22 sec)

Query OK, 0 rows affected (0.01 sec)

Query OK, 255227 rows affected (17.20 sec)
Records: 255227  Duplicates: 0  Warnings: 0

+--------+
| sales  |
+--------+
| 255227 |
+--------+
1 row in set (0.12 sec)

Query OK, 0 rows affected (0.01 sec)

Query OK, 4257 rows affected (0.42 sec)
Records: 4257  Duplicates: 0  Warnings: 0

+----------------+
| rep_dailysales |
+----------------+
|           4257 |
+----------------+
1 row in set (0.00 sec)

Query OK, 0 rows affected (0.01 sec)

Query OK, 4257 rows affected (0.68 sec)
Records: 4257  Duplicates: 0  Warnings: 0

+-------------------+
| rep_dailysalesreg |
+-------------------+
|              4257 |
+-------------------+
1 row in set (0.00 sec)

Query OK, 0 rows affected (0.01 sec)

Query OK, 3013 rows affected (0.82 sec)
Records: 3013  Duplicates: 0  Warnings: 0

+-----------+
| saleslist |
+-----------+
|      3013 |
+-----------+
1 row in set (0.00 sec)

Database changed
ERROR 2 (HY000): File 'C:\ProgramData\MySQL\MySQL Server 5.7\Uploads\_csv\PrepaidCardSales-04122021-P1.csv' not found (Errcode: 2 - No such file or directory)
+------------------+
| dailysinglesales |
+------------------+
|             6644 |
+------------------+
1 row in set (0.02 sec)

Database changed
Query OK, 10 rows affected (0.05 sec)
Records: 10  Deleted: 0  Skipped: 0  Warnings: 0

+-----------------+
| dailyaddonsales |
+-----------------+
|           26014 |
+-----------------+
1 row in set (0.03 sec)

Query OK, 292 rows affected (0.09 sec)
Records: 292  Deleted: 0  Skipped: 0  Warnings: 0

+----------------+
| onlinepayments |
+----------------+
|         246218 |
+----------------+
1 row in set (0.12 sec)

+-------------+----------------+---------------------+
| paymentdate | onlinepayments | onlinepaymentamount |
+-------------+----------------+---------------------+
| 2021-12-04  |            292 |        182595.03000 |
| 2021-12-03  |            251 |        171376.48000 |
| 2021-12-02  |            368 |        268802.86000 |
| 2021-12-01  |            529 |        351356.06000 |
| 2021-11-30  |            421 |        290611.41000 |
+-------------+----------------+---------------------+
5 rows in set (0.77 sec)

+-------------+--------------+----------------+---------------------+
| paymentyear | paymentmonth | onlinepayments | onlinepaymentamount |
+-------------+--------------+----------------+---------------------+
|        2021 |           12 |           1440 |        974130.43000 |
|        2021 |           11 |           8553 |       5661260.44000 |
|        2021 |           10 |           8715 |       5741511.04000 |
|        2021 |            9 |           8803 |       5663928.71000 |
|        2021 |            8 |           8864 |       5714008.87000 |
+-------------+--------------+----------------+---------------------+
5 rows in set (0.25 sec)

mysql> mysql \. C:\workspace\cloud\code\sql\_DailyScript\currenttime.sql
+---------------------+
| currenttime         |
+---------------------+
| 2021-12-06 10:24:32 |
+---------------------+
1 row in set (0.00 sec)

mysql> 
mysql> mysql \. C:\workspace\cloud\code\sql\_DailyScript\DAILY-SCRIPT-ACTIVENUMBERS.sql
Database changed
Query OK, 1086 rows affected (0.47 sec)
Records: 1086  Deleted: 0  Skipped: 0  Warnings: 0

+------------+----------+
| period     | count(1) |
+------------+----------+
| 2021-12-04 |     1086 |
| 2021-12-03 |     1086 |
| 2021-12-02 |     1085 |
| 2021-12-01 |     1086 |
| 2021-11-30 |     1080 |
+------------+----------+
5 rows in set (0.01 sec)

Query OK, 0 rows affected (0.00 sec)

Query OK, 75 rows affected (1.39 sec)
Records: 75  Duplicates: 0  Warnings: 0

+-------------+
| packagelist |
+-------------+
|          75 |
+-------------+
1 row in set (0.00 sec)

Database changed
Query OK, 0 rows affected (0.00 sec)

Query OK, 0 rows affected (0.00 sec)

Query OK, 0 rows affected (0.00 sec)

Query OK, 0 rows affected (0.00 sec)

Query OK, 28892 rows affected, 212 warnings (12.54 sec)
Records: 28892  Deleted: 0  Skipped: 0  Warnings: 212

+------------+----------+
| period     | count(1) |
+------------+----------+
| 2021-12-04 |    28892 |
| 2021-12-03 |    28927 |
| 2021-12-02 |    28954 |
| 2021-12-01 |    28926 |
| 2021-11-30 |    28820 |
+------------+----------+
5 rows in set (0.08 sec)

Query OK, 0 rows affected (0.01 sec)

Query OK, 28334 rows affected (51.47 sec)
Records: 28334  Duplicates: 0  Warnings: 0

Query OK, 0 rows affected (0.12 sec)
Records: 0  Duplicates: 0  Warnings: 0

Query OK, 0 rows affected (0.12 sec)
Records: 0  Duplicates: 0  Warnings: 0

Query OK, 0 rows affected (0.11 sec)
Records: 0  Duplicates: 0  Warnings: 0

Query OK, 0 rows affected (0.09 sec)
Records: 0  Duplicates: 0  Warnings: 0

Query OK, 0 rows affected (0.07 sec)
Records: 0  Duplicates: 0  Warnings: 0

Query OK, 0 rows affected (0.07 sec)
Records: 0  Duplicates: 0  Warnings: 0

+-------------+
| countbefore |
+-------------+
|    51592525 |
+-------------+
1 row in set (15.53 sec)

Query OK, 28334 rows affected (2.31 sec)
Records: 28334  Duplicates: 0  Warnings: 0

+------------+
| countafter |
+------------+
|   51620859 |
+------------+
1 row in set (16.44 sec)

+------------+--------------------------+
| period     | customercontractactivity |
+------------+--------------------------+
| 2021-12-04 |                    28334 |
| 2021-12-03 |                    28369 |
| 2021-12-02 |                    28396 |
| 2021-12-01 |                    28366 |
| 2021-11-30 |                    28262 |
+------------+--------------------------+
5 rows in set (0.06 sec)

Query OK, 0 rows affected (0.01 sec)

Query OK, 325279 rows affected, 4 warnings (10 min 4.78 sec)
Records: 325279  Duplicates: 0  Warnings: 4

Query OK, 0 rows affected (1.07 sec)
Records: 0  Duplicates: 0  Warnings: 0

Query OK, 0 rows affected (1.26 sec)
Records: 0  Duplicates: 0  Warnings: 0

Query OK, 0 rows affected (1.21 sec)
Records: 0  Duplicates: 0  Warnings: 0

Query OK, 0 rows affected (0.01 sec)

Query OK, 225 rows affected (0.47 sec)
Records: 225  Duplicates: 0  Warnings: 0

Query OK, 0 rows affected (0.01 sec)

Query OK, 2610 rows affected (0.64 sec)
Records: 2610  Duplicates: 0  Warnings: 0

Query OK, 0 rows affected (0.01 sec)

Query OK, 28307 rows affected (0.62 sec)
Records: 28307  Duplicates: 0  Warnings: 0

Query OK, 0 rows affected (0.01 sec)

Query OK, 17017 rows affected (0.40 sec)
Records: 17017  Duplicates: 0  Warnings: 0

Query OK, 0 rows affected (0.01 sec)

Query OK, 17017 rows affected (0.14 sec)
Records: 17017  Duplicates: 0  Warnings: 0

Query OK, 0 rows affected (0.01 sec)

Query OK, 17017 rows affected (1.24 sec)
Records: 17017  Duplicates: 0  Warnings: 0

Query OK, 0 rows affected (0.01 sec)

Query OK, 17017 rows affected (43.00 sec)
Records: 17017  Duplicates: 0  Warnings: 0

+-------------+
| clientstats |
+-------------+
|       17017 |
+-------------+
1 row in set (0.01 sec)

Query OK, 0 rows affected (0.01 sec)

Query OK, 14 rows affected, 1 warning (0.11 sec)
Records: 14  Duplicates: 0  Warnings: 1

+-----------------------+-------------+-------------+----------------+-----------------+
| services              | activecount | allaccounts | uniqueaccounts | uniquecontracts |
+-----------------------+-------------+-------------+----------------+-----------------+
| All                   |         431 |          71 |             71 |             227 |
| Internet & OTT        |           8 |           4 |              4 |               5 |
| Internet & Voice      |         303 |         132 |            132 |             258 |
| Internet Only         |        4364 |        4267 |           4263 |            4302 |
| OTT Only              |           1 |           1 |              1 |               1 |
| TV & Internet         |        9892 |        4415 |           4405 |            9002 |
| TV & Internet & OTT   |        4551 |        1188 |           1185 |            2479 |
| TV & Internet & Voice |         522 |         151 |            151 |             462 |
| TV & OTT              |         356 |          94 |             92 |             103 |
| TV & Voice            |          86 |          38 |             38 |              77 |
| TV & Voice & OTT      |           4 |           1 |              1 |               2 |
| TV Only               |        8347 |        6547 |           6541 |            6754 |
| Voice Only            |         109 |         108 |            108 |             109 |
| GRAND TOTAL           |       28974 |       17017 |          16945 |           23781 |
+-----------------------+-------------+-------------+----------------+-----------------+
14 rows in set (0.00 sec)

+-------------+-------------+-------------+----------------+-----------------+
| network     | activecount | allaccounts | uniqueaccounts | uniquecontracts |
+-------------+-------------+-------------+----------------+-----------------+
| GPON        |       14074 |        6947 |           6944 |           11032 |
| HFC         |       14900 |       10070 |          10070 |           12749 |
| GRAND TOTAL |       28974 |       17017 |          16945 |           23781 |
+-------------+-------------+-------------+----------------+-----------------+
3 rows in set, 1 warning (0.12 sec)

+-------------+-----------------------+-------------+-------------+----------------+-----------------+
| network     | services              | activecount | allaccounts | uniqueaccounts | uniquecontracts |
+-------------+-----------------------+-------------+-------------+----------------+-----------------+
| GPON        | All                   |         339 |          59 |             59 |             187 |
| GPON        | Internet & OTT        |           2 |           1 |              1 |               1 |
| GPON        | Internet & Voice      |          81 |          33 |             33 |              70 |
| GPON        | Internet Only         |        1673 |        1591 |           1591 |            1612 |
| GPON        | TV & Internet         |        5626 |        2461 |           2461 |            5045 |
| GPON        | TV & Internet & OTT   |        3579 |         926 |            926 |            1944 |
| GPON        | TV & Internet & Voice |         295 |          81 |             81 |             250 |
| GPON        | TV & OTT              |         228 |          71 |             71 |              75 |
| GPON        | TV & Voice            |          55 |          25 |             25 |              51 |
| GPON        | TV Only               |        2184 |        1688 |           1688 |            1785 |
| GPON        | Voice Only            |          12 |          11 |             11 |              12 |
| GPON        | Services Total        |       14074 |        6947 |           6944 |           11032 |
| HFC         | All                   |          92 |          12 |             12 |              40 |
| HFC         | Internet & OTT        |           6 |           3 |              3 |               4 |
| HFC         | Internet & Voice      |         222 |          99 |             99 |             188 |
| HFC         | Internet Only         |        2691 |        2676 |           2676 |            2690 |
| HFC         | OTT Only              |           1 |           1 |              1 |               1 |
| HFC         | TV & Internet         |        4266 |        1954 |           1954 |            3957 |
| HFC         | TV & Internet & OTT   |         972 |         262 |            262 |             535 |
| HFC         | TV & Internet & Voice |         227 |          70 |             70 |             212 |
| HFC         | TV & OTT              |         128 |          23 |             23 |              28 |
| HFC         | TV & Voice            |          31 |          13 |             13 |              26 |
| HFC         | TV & Voice & OTT      |           4 |           1 |              1 |               2 |
| HFC         | TV Only               |        6163 |        4859 |           4859 |            4969 |
| HFC         | Voice Only            |          97 |          97 |             97 |              97 |
| HFC         | Services Total        |       14900 |       10070 |          10070 |           12749 |
| GRAND TOTAL | Services Total        |       28974 |       17017 |          16945 |           23781 |
+-------------+-----------------------+-------------+-------------+----------------+-----------------+
27 rows in set, 2 warnings (0.13 sec)

Query OK, 0 rows affected (0.01 sec)

Query OK, 41 rows affected, 3 warnings (0.19 sec)
Records: 41  Duplicates: 0  Warnings: 3

+-------------+---------------+-----------------------+-------------+-------------+----------------+-----------------+
| region      | network       | services              | activecount | allaccounts | uniqueaccounts | uniquecontracts |
+-------------+---------------+-----------------------+-------------+-------------+----------------+-----------------+
| Mahe        | GPON          | All                   |         298 |          52 |             52 |             165 |
| Mahe        | GPON          | Internet & OTT        |           2 |           1 |              1 |               1 |
| Mahe        | GPON          | Internet & Voice      |          71 |          28 |             28 |              60 |
| Mahe        | GPON          | Internet Only         |        1415 |        1333 |           1333 |            1354 |
| Mahe        | GPON          | TV & Internet         |        4884 |        2134 |           2134 |            4370 |
| Mahe        | GPON          | TV & Internet & OTT   |        3023 |         761 |            761 |            1605 |
| Mahe        | GPON          | TV & Internet & Voice |         289 |          79 |             79 |             244 |
| Mahe        | GPON          | TV & OTT              |         195 |          60 |             60 |              63 |
| Mahe        | GPON          | TV & Voice            |          52 |          24 |             24 |              48 |
| Mahe        | GPON          | TV Only               |        1809 |        1393 |           1393 |            1478 |
| Mahe        | GPON          | Voice Only            |          12 |          11 |             11 |              12 |
| Mahe        | GPON          | Services Total        |       12050 |        5876 |           5876 |            9400 |
| Mahe        | HFC           | All                   |          92 |          12 |             12 |              40 |
| Mahe        | HFC           | Internet & OTT        |           6 |           3 |              3 |               4 |
| Mahe        | HFC           | Internet & Voice      |         222 |          99 |             99 |             188 |
| Mahe        | HFC           | Internet Only         |        2691 |        2676 |           2676 |            2690 |
| Mahe        | HFC           | OTT Only              |           1 |           1 |              1 |               1 |
| Mahe        | HFC           | TV & Internet         |        4266 |        1954 |           1954 |            3957 |
| Mahe        | HFC           | TV & Internet & OTT   |         972 |         262 |            262 |             535 |
| Mahe        | HFC           | TV & Internet & Voice |         227 |          70 |             70 |             212 |
| Mahe        | HFC           | TV & OTT              |         128 |          23 |             23 |              28 |
| Mahe        | HFC           | TV & Voice            |          31 |          13 |             13 |              26 |
| Mahe        | HFC           | TV & Voice & OTT      |           4 |           1 |              1 |               2 |
| Mahe        | HFC           | TV Only               |        6162 |        4858 |           4858 |            4968 |
| Mahe        | HFC           | Voice Only            |          97 |          97 |             97 |              97 |
| Mahe        | HFC           | Services Total        |       14899 |       10069 |          10069 |           12748 |
| Mahe        | Network Total | Services Total        |       26949 |       15945 |          15876 |           22148 |
| Praslin     | GPON          | All                   |          41 |           7 |              7 |              22 |
| Praslin     | GPON          | Internet & Voice      |          10 |           5 |              5 |              10 |
| Praslin     | GPON          | Internet Only         |         258 |         258 |            258 |             258 |
| Praslin     | GPON          | TV & Internet         |         742 |         327 |            327 |             675 |
| Praslin     | GPON          | TV & Internet & OTT   |         556 |         165 |            165 |             339 |
| Praslin     | GPON          | TV & Internet & Voice |           6 |           2 |              2 |               6 |
| Praslin     | GPON          | TV & OTT              |          33 |          11 |             11 |              12 |
| Praslin     | GPON          | TV & Voice            |           3 |           1 |              1 |               3 |
| Praslin     | GPON          | TV Only               |         375 |         295 |            295 |             307 |
| Praslin     | GPON          | Services Total        |        2024 |        1071 |           1071 |            1632 |
| Praslin     | HFC           | TV Only               |           1 |           1 |              1 |               1 |
| Praslin     | HFC           | Services Total        |           1 |           1 |              1 |               1 |
| Praslin     | Network Total | Services Total        |        2025 |        1072 |           1072 |            1633 |
| GRAND TOTAL | Network Total | Services Total        |       28974 |       17017 |          16945 |           23781 |
+-------------+---------------+-----------------------+-------------+-------------+----------------+-----------------+
41 rows in set (0.00 sec)

Query OK, 0 rows affected (0.01 sec)

Query OK, 28308 rows affected (0.43 sec)
Records: 28308  Duplicates: 0  Warnings: 0

Query OK, 0 rows affected (0.01 sec)

Query OK, 2343 rows affected (1.33 sec)
Records: 2343  Duplicates: 0  Warnings: 0

+--------------------------------------+
| message                              |
+--------------------------------------+
| running rcbill_my.sp_ActiveNumber2() |
+--------------------------------------+
1 row in set (0.00 sec)

Query OK, 365 rows affected (2 min 20.60 sec)

mysql> mysql \. C:\workspace\cloud\code\sql\_DailyScript\currenttime.sql
+---------------------+
| currenttime         |
+---------------------+
| 2021-12-06 10:39:31 |
+---------------------+
1 row in set (0.00 sec)

mysql> 
mysql> mysql \. C:\workspace\cloud\code\sql\_DailyScript\GetActiveNumbers Average -Pivot.sql
Database changed
+-------------------------------------+
| @today := subdate(current_date(),1) |
+-------------------------------------+
| 2021-12-05                          |
+-------------------------------------+
1 row in set (0.00 sec)

+-------------------------------------+
| @lastdayofmonth := last_day(@today) |
+-------------------------------------+
| 2021-12-31                          |
+-------------------------------------+
1 row in set (0.00 sec)

Query OK, 0 rows affected (0.01 sec)

Query OK, 52563 rows affected, 65535 warnings (1 min 6.61 sec)
Records: 52563  Duplicates: 0  Warnings: 106398

Query OK, 0 rows affected (0.12 sec)
Records: 0  Duplicates: 0  Warnings: 0

Query OK, 0 rows affected (0.15 sec)
Records: 0  Duplicates: 0  Warnings: 0

Query OK, 0 rows affected (0.12 sec)
Records: 0  Duplicates: 0  Warnings: 0

+-----------------+
| activenumberavg |
+-----------------+
|           52563 |
+-----------------+
1 row in set (0.01 sec)

Query OK, 0 rows affected (0.01 sec)

Query OK, 1997 rows affected (0.61 sec)
Records: 1997  Duplicates: 0  Warnings: 0

+---------------------+
| rep_activenumberavg |
+---------------------+
|                1997 |
+---------------------+
1 row in set (0.00 sec)

+----------------------+
| rep_activenumberavg1 |
+----------------------+
|                  929 |
+----------------------+
1 row in set (0.00 sec)

Query OK, 0 rows affected (0.01 sec)

Query OK, 2788 rows affected (0.50 sec)
Records: 2788  Duplicates: 0  Warnings: 0

Query OK, 0 rows affected (0.00 sec)

Query OK, 14435 rows affected (0.91 sec)
Records: 14435  Duplicates: 0  Warnings: 0

Query OK, 0 rows affected (0.01 sec)

Query OK, 250 rows affected (0.31 sec)
Records: 250  Duplicates: 0  Warnings: 0

Query OK, 0 rows affected (0.00 sec)

Query OK, 0 rows affected (0.01 sec)

Query OK, 0 rows affected (0.01 sec)

Query OK, 0 rows affected (0.00 sec)

Query OK, 0 rows affected (0.00 sec)
Statement prepared

Query OK, 53 rows affected (0.06 sec)
Records: 53  Duplicates: 0  Warnings: 0

Query OK, 0 rows affected (0.00 sec)

Query OK, 0 rows affected (0.00 sec)

+----------------------+
| rep_activenumberavg2 |
+----------------------+
|                 2788 |
+----------------------+
1 row in set (0.00 sec)

+------------------------+
| rep_activenumberavg_pv |
+------------------------+
|                     53 |
+------------------------+
1 row in set (0.00 sec)

Query OK, 0 rows affected (0.01 sec)

Query OK, 2785 rows affected (0.42 sec)
Records: 2785  Duplicates: 0  Warnings: 0

Query OK, 0 rows affected (0.00 sec)

Query OK, 0 rows affected (0.01 sec)

Query OK, 0 rows affected (0.00 sec)

Query OK, 0 rows affected (0.00 sec)

Query OK, 0 rows affected (0.00 sec)
Statement prepared

Query OK, 53 rows affected (0.06 sec)
Records: 53  Duplicates: 0  Warnings: 0

Query OK, 0 rows affected (0.00 sec)

Query OK, 0 rows affected (0.00 sec)

+-------------------------+
| rep_activenumberavgMahe |
+-------------------------+
|                    2785 |
+-------------------------+
1 row in set (0.00 sec)

+----------------------------+
| rep_activenumberavgMahe_pv |
+----------------------------+
|                         53 |
+----------------------------+
1 row in set (0.00 sec)

Query OK, 0 rows affected (0.00 sec)

Query OK, 1763 rows affected (0.19 sec)
Records: 1763  Duplicates: 0  Warnings: 0

Query OK, 0 rows affected (0.00 sec)

Query OK, 0 rows affected (0.00 sec)

Query OK, 0 rows affected (0.00 sec)

Query OK, 0 rows affected (0.00 sec)

Query OK, 0 rows affected (0.00 sec)
Statement prepared

Query OK, 40 rows affected (0.04 sec)
Records: 40  Duplicates: 0  Warnings: 0

Query OK, 0 rows affected (0.00 sec)

Query OK, 0 rows affected (0.00 sec)

+----------------------------+
| rep_activenumberavgPraslin |
+----------------------------+
|                       1763 |
+----------------------------+
1 row in set (0.00 sec)

+-------------------------------+
| rep_activenumberavgPraslin_pv |
+-------------------------------+
|                            40 |
+-------------------------------+
1 row in set (0.00 sec)

mysql> mysql \. C:\workspace\cloud\code\sql\_DailyScript\currenttime.sql
+---------------------+
| currenttime         |
+---------------------+
| 2021-12-06 10:40:41 |
+---------------------+
1 row in set (0.00 sec)

mysql> 
mysql> mysql \. C:\workspace\cloud\code\sql\Analysis\clients_contracts_creditpolicy_2.sql
Database changed
Query OK, 0 rows affected (0.00 sec)

Query OK, 1918546 rows affected (44.62 sec)
Records: 1918546  Duplicates: 0  Warnings: 0

Query OK, 0 rows affected (0.01 sec)

Query OK, 28334 rows affected (1.00 sec)
Records: 28334  Duplicates: 0  Warnings: 0

Query OK, 0 rows affected (0.01 sec)

Query OK, 28415 rows affected (14.32 sec)
Records: 28415  Duplicates: 0  Warnings: 0

+-------------------------+
| rep_cust_cont_creditpol |
+-------------------------+
|                   28415 |
+-------------------------+
1 row in set (0.01 sec)

mysql> mysql \. C:\workspace\cloud\code\sql\_DailyScript\currenttime.sql
+---------------------+
| currenttime         |
+---------------------+
| 2021-12-06 10:41:41 |
+---------------------+
1 row in set (0.00 sec)

mysql> 
mysql> 
mysql> 
mysql> 
mysql> 
mysql> 
mysql> 
mysql> 
mysql> 
mysql> 
mysql> 
mysql> 
mysql> 
mysql> 
mysql> 
mysql> 
mysql> 
mysql> 
mysql> 
mysql> 
mysql> 
mysql> 
mysql> 
mysql> 
mysql> 
mysql> 
mysql> exit
