    -> 
    -> mysql \. C:\workspace\cloud\code\sql\_DailyScript\_setdates.sql
Database changed
Query OK, 0 rows affected (0.00 sec)

Query OK, 0 rows affected (0.00 sec)

Query OK, 0 rows affected (0.00 sec)

Query OK, 0 rows affected (0.00 sec)

Query OK, 0 rows affected (0.00 sec)

Query OK, 0 rows affected (0.00 sec)

Query OK, 0 rows affected (0.00 sec)

Query OK, 0 rows affected (0.00 sec)

Query OK, 0 rows affected (0.00 sec)

Query OK, 0 rows affected (0.00 sec)

Query OK, 0 rows affected (0.00 sec)

Query OK, 0 rows affected (0.00 sec)

Query OK, 0 rows affected (0.00 sec)

Query OK, 0 rows affected (0.00 sec)

Query OK, 0 rows affected (0.00 sec)

Query OK, 0 rows affected (0.00 sec)

Query OK, 0 rows affected (0.00 sec)

Query OK, 0 rows affected (0.00 sec)

Query OK, 0 rows affected (0.00 sec)

Query OK, 0 rows affected (0.00 sec)

Query OK, 0 rows affected (0.00 sec)

mysql> mysql \. C:\workspace\cloud\code\sql\_DailyScript\currenttime.sql
+---------------------+
| currenttime         |
+---------------------+
| 2019-06-10 08:44:24 |
+---------------------+
1 row in set (0.00 sec)

mysql> 
mysql> mysql \. C:\workspace\cloud\code\sql\_DailyScript\load_RCB_VODTITLES.sql
Database changed
Query OK, 0 rows affected (0.00 sec)

Query OK, 4856 rows affected (0.19 sec)

Query OK, 4856 rows affected, 4856 warnings (0.12 sec)
Records: 4856  Deleted: 0  Skipped: 0  Warnings: 4856

Query OK, 0 rows affected (0.00 sec)

Query OK, 0 rows affected (0.01 sec)

+-----------+
| VODTITLES |
+-----------+
|      5317 |
+-----------+
1 row in set (0.00 sec)

+-----------+-----------+
| titletype | typecount |
+-----------+-----------+
| NULL      |         1 |
| E         |      3635 |
| N         |       165 |
| T         |      1055 |
| NULL      |      4856 |
+-----------+-----------+
5 rows in set (0.02 sec)

mysql> mysql \. C:\workspace\cloud\code\sql\_DailyScript\currenttime.sql
+---------------------+
| currenttime         |
+---------------------+
| 2019-06-10 08:44:25 |
+---------------------+
1 row in set (0.00 sec)

mysql> 
mysql> mysql \. C:\workspace\cloud\code\sql\_DailyScript\DAILY-SCRIPT-LIVETV-STATS.sql
Database changed
Query OK, 0 rows affected (0.01 sec)

Query OK, 77020 rows affected (1.24 sec)
Records: 77020  Duplicates: 0  Warnings: 0

+------------+------------+----------+--------------+--------------+-----------+-------------+----------+--------+------+------------+---------+---------------+
| Table      | Non_unique | Key_name | Seq_in_index | Column_name  | Collation | Cardinality | Sub_part | Packed | Null | Index_type | Comment | Index_comment |
+------------+------------+----------+--------------+--------------+-----------+-------------+----------+--------+------+------------+---------+---------------+
| templivetv |          1 | idxtv1   |            1 | device       | A         |       77495 |     NULL | NULL   | YES  | BTREE      |         |               |
| templivetv |          1 | idxtv2   |            1 | sessionstart | A         |       77495 |     NULL | NULL   | YES  | BTREE      |         |               |
+------------+------------+----------+--------------+--------------+-----------+-------------+----------+--------+------+------------+---------+---------------+
2 rows in set (0.00 sec)

Query OK, 76887 rows affected (19.98 sec)
Records: 76887  Duplicates: 0  Warnings: 0

Query OK, 2785 rows affected (0.99 sec)
Records: 2785  Duplicates: 0  Warnings: 0

Query OK, 0 rows affected (0.02 sec)

Query OK, 0 rows affected (0.02 sec)

Query OK, 140 rows affected (0.08 sec)
Records: 140  Duplicates: 0  Warnings: 0

Query OK, 0 rows affected (0.03 sec)

Query OK, 74654 rows affected (13 min 54.48 sec)
Records: 74654  Duplicates: 0  Warnings: 0

+-----------------+
| rep_livetvstats |
+-----------------+
|           74654 |
+-----------------+
1 row in set (0.03 sec)

mysql> mysql \. C:\workspace\cloud\code\sql\_DailyScript\currenttime.sql
+---------------------+
| currenttime         |
+---------------------+
| 2019-06-10 08:58:42 |
+---------------------+
1 row in set (0.00 sec)

mysql> 
mysql> mysql \. C:\workspace\cloud\code\sql\_DailyScript\DAILY-SCRIPT-VODTS-STATS.sql
Database changed
Query OK, 0 rows affected (0.06 sec)

Query OK, 3739 rows affected (24.98 sec)
Records: 3739  Duplicates: 0  Warnings: 0

+---------+------------+----------+--------------+--------------+-----------+-------------+----------+--------+------+------------+---------+---------------+
| Table   | Non_unique | Key_name | Seq_in_index | Column_name  | Collation | Cardinality | Sub_part | Packed | Null | Index_type | Comment | Index_comment |
+---------+------------+----------+--------------+--------------+-----------+-------------+----------+--------+------+------------+---------+---------------+
| tempvod |          1 | idxtvod1 |            1 | device       | A         |        3733 |     NULL | NULL   | YES  | BTREE      |         |               |
| tempvod |          1 | idxtvod2 |            1 | sessionstart | A         |        3733 |     NULL | NULL   | YES  | BTREE      |         |               |
+---------+------------+----------+--------------+--------------+-----------+-------------+----------+--------+------+------------+---------+---------------+
2 rows in set (0.00 sec)

Query OK, 3739 rows affected (1.51 sec)
Records: 3739  Duplicates: 0  Warnings: 0

Query OK, 0 rows affected (0.04 sec)

Query OK, 226104 rows affected (25.03 sec)
Records: 226104  Duplicates: 0  Warnings: 0

+--------------+
| rep_vodstats |
+--------------+
|       226104 |
+--------------+
1 row in set (0.10 sec)

Database changed
Query OK, 0 rows affected (0.02 sec)

Query OK, 12286 rows affected (3 min 8.27 sec)
Records: 12286  Duplicates: 0  Warnings: 0

+--------+------------+----------+--------------+--------------+-----------+-------------+----------+--------+------+------------+---------+---------------+
| Table  | Non_unique | Key_name | Seq_in_index | Column_name  | Collation | Cardinality | Sub_part | Packed | Null | Index_type | Comment | Index_comment |
+--------+------------+----------+--------------+--------------+-----------+-------------+----------+--------+------+------------+---------+---------------+
| tempts |          1 | idxtts1  |            1 | device       | A         |       12398 |     NULL | NULL   | YES  | BTREE      |         |               |
| tempts |          1 | idxtts2  |            1 | sessionstart | A         |       12398 |     NULL | NULL   | YES  | BTREE      |         |               |
+--------+------------+----------+--------------+--------------+-----------+-------------+----------+--------+------+------------+---------+---------------+
2 rows in set (0.00 sec)

Query OK, 12272 rows affected (11.39 sec)
Records: 12272  Duplicates: 0  Warnings: 0

Query OK, 0 rows affected (0.01 sec)

Query OK, 20373 rows affected (2 min 42.38 sec)
Records: 20373  Duplicates: 0  Warnings: 0

+-------------+
| rep_tsstats |
+-------------+
|       20373 |
+-------------+
1 row in set (0.01 sec)

mysql> mysql \. C:\workspace\cloud\code\sql\_DailyScript\currenttime.sql
+---------------------+
| currenttime         |
+---------------------+
| 2019-06-10 09:05:35 |
+---------------------+
1 row in set (0.00 sec)

mysql> 
mysql> mysql \. C:\workspace\cloud\code\sql\_DailyScript\DAILY-SCRIPT-RADIO-STATS.sql
Database changed
Query OK, 0 rows affected (0.06 sec)

Query OK, 151694 rows affected (4.19 sec)
Records: 151694  Duplicates: 0  Warnings: 0

+-----------+------------+----------+--------------+--------------+-----------+-------------+----------+--------+------+------------+---------+---------------+
| Table     | Non_unique | Key_name | Seq_in_index | Column_name  | Collation | Cardinality | Sub_part | Packed | Null | Index_type | Comment | Index_comment |
+-----------+------------+----------+--------------+--------------+-----------+-------------+----------+--------+------+------------+---------+---------------+
| tempradio |          1 | idxtrad1 |            1 | device       | A         |      151853 |     NULL | NULL   | YES  | BTREE      |         |               |
| tempradio |          1 | idxtrad2 |            1 | sessionstart | A         |      151853 |     NULL | NULL   | YES  | BTREE      |         |               |
+-----------+------------+----------+--------------+--------------+-----------+-------------+----------+--------+------+------------+---------+---------------+
2 rows in set (0.00 sec)

Query OK, 237 rows affected (3.44 sec)
Records: 237  Duplicates: 0  Warnings: 0

Query OK, 0 rows affected (0.00 sec)

Query OK, 2801 rows affected (0.30 sec)
Records: 2801  Duplicates: 0  Warnings: 0

+----------------+
| rep_radiostats |
+----------------+
|           2801 |
+----------------+
1 row in set (0.00 sec)

mysql> mysql \. C:\workspace\cloud\code\sql\_DailyScript\currenttime.sql
+---------------------+
| currenttime         |
+---------------------+
| 2019-06-10 09:05:43 |
+---------------------+
1 row in set (0.00 sec)

mysql> 
mysql> mysql \. C:\workspace\cloud\code\sql\_DailyScript\DAILY_SCRIPT_TELEMETRY_PIVOT.sql
Query OK, 0 rows affected (0.01 sec)

Query OK, 146 rows affected (0.19 sec)
Records: 146  Duplicates: 0  Warnings: 0

Query OK, 0 rows affected (0.00 sec)

Query OK, 4379 rows affected (0.76 sec)
Records: 4379  Duplicates: 0  Warnings: 0

Query OK, 0 rows affected (0.01 sec)

Query OK, 6 rows affected (0.02 sec)
Records: 6  Duplicates: 0  Warnings: 0

Query OK, 0 rows affected (0.01 sec)

Query OK, 54 rows affected (0.04 sec)
Records: 54  Duplicates: 0  Warnings: 0

mysql> mysql \. C:\workspace\cloud\code\sql\_DailyScript\currenttime.sql
+---------------------+
| currenttime         |
+---------------------+
| 2019-06-10 09:05:45 |
+---------------------+
1 row in set (0.00 sec)

mysql> 
mysql> mysql \. C:\workspace\cloud\code\sql\_DailyScript\telemetry_livetv_ranking2019.sql
Query OK, 0 rows affected (0.00 sec)

Query OK, 146 rows affected (0.01 sec)
Records: 146  Duplicates: 0  Warnings: 0

mysql> mysql \. C:\workspace\cloud\code\sql\_DailyScript\currenttime.sql
+---------------------+
| currenttime         |
+---------------------+
| 2019-06-10 09:05:45 |
+---------------------+
1 row in set (0.00 sec)

mysql> 
mysql> mysql \. C:\workspace\cloud\code\sql\_DailyScript\telemetry_radio_ranking2019.sql
Query OK, 0 rows affected (0.01 sec)

Query OK, 6 rows affected (0.03 sec)
Records: 6  Duplicates: 0  Warnings: 0

mysql> mysql \. C:\workspace\cloud\code\sql\_DailyScript\currenttime.sql
+---------------------+
| currenttime         |
+---------------------+
| 2019-06-10 09:05:45 |
+---------------------+
1 row in set (0.00 sec)

mysql> 
mysql> mysql \. C:\workspace\cloud\code\sql\_DailyScript\telemetry_ts_ranking2019.sql
Query OK, 0 rows affected (0.00 sec)

Query OK, 54 rows affected (0.04 sec)
Records: 54  Duplicates: 0  Warnings: 0

mysql> mysql \. C:\workspace\cloud\code\sql\_DailyScript\currenttime.sql
+---------------------+
| currenttime         |
+---------------------+
| 2019-06-10 09:05:45 |
+---------------------+
1 row in set (0.00 sec)

mysql> 
mysql> mysql \. C:\workspace\cloud\code\sql\_DailyScript\telemetry_vod_ranking2019.sql
Query OK, 0 rows affected (0.00 sec)

Query OK, 4379 rows affected (0.25 sec)
Records: 4379  Duplicates: 0  Warnings: 0

mysql> mysql \. C:\workspace\cloud\code\sql\_DailyScript\currenttime.sql
+---------------------+
| currenttime         |
+---------------------+
| 2019-06-10 09:05:45 |
+---------------------+
1 row in set (0.00 sec)

mysql> 
mysql> mysql \. C:\workspace\cloud\code\sql\_DailyScript\telemetry_vod_ranking2019_1.sql
Query OK, 0 rows affected (0.00 sec)

Query OK, 4379 rows affected (0.14 sec)
Records: 4379  Duplicates: 0  Warnings: 0

mysql> mysql \. C:\workspace\cloud\code\sql\_DailyScript\currenttime.sql
+---------------------+
| currenttime         |
+---------------------+
| 2019-06-10 09:05:45 |
+---------------------+
1 row in set (0.00 sec)

mysql> 
mysql> mysql \. C:\workspace\cloud\code\sql\_DailyScript\telemetry_vod_ranking2019_2.sql
Query OK, 0 rows affected (0.01 sec)

Query OK, 4379 rows affected (0.12 sec)
Records: 4379  Duplicates: 0  Warnings: 0

mysql> mysql \. C:\workspace\cloud\code\sql\_DailyScript\currenttime.sql
+---------------------+
| currenttime         |
+---------------------+
| 2019-06-10 09:05:45 |
+---------------------+
1 row in set (0.00 sec)

mysql> 
mysql> mysql \. C:\workspace\cloud\code\sql\_DailyScript\DAILY-SCRIPT-CREATE-LOAD.sql
Database changed
Database changed
Query OK, 0 rows affected (0.05 sec)

Query OK, 0 rows affected (0.01 sec)

Database changed
Query OK, 65345 rows affected (3.21 sec)
Records: 65345  Deleted: 0  Skipped: 0  Warnings: 0

Query OK, 0 rows affected (0.28 sec)
Records: 0  Duplicates: 0  Warnings: 0

Query OK, 0 rows affected (0.38 sec)
Records: 0  Duplicates: 0  Warnings: 0

Query OK, 0 rows affected (0.39 sec)
Records: 0  Duplicates: 0  Warnings: 0

Query OK, 0 rows affected (0.44 sec)
Records: 0  Duplicates: 0  Warnings: 0

+---------+
| clients |
+---------+
|   65345 |
+---------+
1 row in set (0.03 sec)

Query OK, 0 rows affected (0.02 sec)

Query OK, 1907 rows affected (0.60 sec)
Records: 1907  Duplicates: 0  Warnings: 0

+-------------------+
| rcb_clientparcels |
+-------------------+
|              1907 |
+-------------------+
1 row in set (0.00 sec)

Query OK, 0 rows affected (0.03 sec)

Query OK, 84768 rows affected (4.28 sec)
Records: 84768  Duplicates: 0  Warnings: 0

Query OK, 0 rows affected (0.45 sec)
Records: 0  Duplicates: 0  Warnings: 0

Query OK, 0 rows affected (0.02 sec)

Query OK, 65345 rows affected (3.46 sec)
Records: 65345  Duplicates: 0  Warnings: 0

Query OK, 0 rows affected (0.28 sec)
Records: 0  Duplicates: 0  Warnings: 0

Query OK, 0 rows affected (0.31 sec)
Records: 0  Duplicates: 0  Warnings: 0

Query OK, 0 rows affected (0.26 sec)
Records: 0  Duplicates: 0  Warnings: 0

+---------------+
| clientaddress |
+---------------+
|         65345 |
+---------------+
1 row in set (0.03 sec)

Database changed
Query OK, 0 rows affected (0.02 sec)

Query OK, 0 rows affected (0.01 sec)

Database changed
Query OK, 477293 rows affected, 65535 warnings (19.38 sec)
Records: 477293  Deleted: 0  Skipped: 0  Warnings: 185539

Query OK, 0 rows affected (5.38 sec)
Records: 0  Duplicates: 0  Warnings: 0

Query OK, 0 rows affected (3.19 sec)
Records: 0  Duplicates: 0  Warnings: 0

Query OK, 0 rows affected (2.17 sec)
Records: 0  Duplicates: 0  Warnings: 0

Query OK, 0 rows affected (0.04 sec)

Query OK, 477293 rows affected (57.42 sec)
Records: 477293  Duplicates: 0  Warnings: 0

Query OK, 0 rows affected (2.32 sec)
Records: 0  Duplicates: 0  Warnings: 0

Query OK, 0 rows affected (1.76 sec)
Records: 0  Duplicates: 0  Warnings: 0

+-----------+
| contracts |
+-----------+
|    477293 |
+-----------+
1 row in set (0.28 sec)

+-----------------+
| contractaddress |
+-----------------+
|          477293 |
+-----------------+
1 row in set (0.18 sec)

Database changed
Query OK, 0 rows affected (0.01 sec)

Query OK, 0 rows affected (0.01 sec)

Query OK, 6610 rows affected (0.19 sec)
Records: 6610  Deleted: 0  Skipped: 0  Warnings: 0

Query OK, 0 rows affected (0.01 sec)

Query OK, 6579 rows affected (1.15 sec)
Records: 6579  Duplicates: 0  Warnings: 0

Query OK, 0 rows affected (0.04 sec)
Records: 0  Duplicates: 0  Warnings: 0

Query OK, 0 rows affected (0.03 sec)

Query OK, 5413 rows affected (0.26 sec)
Records: 5413  Duplicates: 0  Warnings: 0

Query OK, 0 rows affected (0.05 sec)
Records: 0  Duplicates: 0  Warnings: 0

+-------------------+
| contractdiscounts |
+-------------------+
|              6610 |
+-------------------+
1 row in set (0.01 sec)

+-------------------------+
| clientcontractdiscounts |
+-------------------------+
|                    6579 |
+-------------------------+
1 row in set (0.00 sec)

+----------------------------+
| clientcontractlastdiscount |
+----------------------------+
|                       5413 |
+----------------------------+
1 row in set (0.00 sec)

Database changed
Query OK, 0 rows affected (0.06 sec)

Query OK, 0 rows affected (0.00 sec)

Database changed
Query OK, 128796 rows affected (2.88 sec)
Records: 128796  Deleted: 0  Skipped: 0  Warnings: 0

Query OK, 0 rows affected (0.36 sec)
Records: 0  Duplicates: 0  Warnings: 0

Query OK, 0 rows affected (0.42 sec)
Records: 0  Duplicates: 0  Warnings: 0

Query OK, 0 rows affected (0.98 sec)
Records: 0  Duplicates: 0  Warnings: 0

Query OK, 0 rows affected (0.47 sec)
Records: 0  Duplicates: 0  Warnings: 0

Query OK, 0 rows affected (0.46 sec)
Records: 0  Duplicates: 0  Warnings: 0

Query OK, 0 rows affected (0.72 sec)
Records: 0  Duplicates: 0  Warnings: 0

Query OK, 0 rows affected (0.03 sec)

Query OK, 1628758 rows affected (3 min 1.80 sec)
Records: 1628758  Duplicates: 0  Warnings: 0

+---------+
| devices |
+---------+
|  128796 |
+---------+
1 row in set (0.06 sec)

+-----------------------+
| clientcontractdevices |
+-----------------------+
|               1628758 |
+-----------------------+
1 row in set (0.81 sec)

Query OK, 0 rows affected (0.01 sec)

Query OK, 128779 rows affected (7.25 sec)
Records: 128779  Duplicates: 0  Warnings: 0

+---------------------------+
| rep_clientcontractdevices |
+---------------------------+
|                    128779 |
+---------------------------+
1 row in set (0.05 sec)

Database changed
Query OK, 0 rows affected (0.05 sec)

Query OK, 0 rows affected (0.01 sec)

Query OK, 246579 rows affected (7.64 sec)
Records: 246579  Deleted: 0  Skipped: 0  Warnings: 0

Query OK, 0 rows affected (1.02 sec)
Records: 0  Duplicates: 0  Warnings: 0

Query OK, 0 rows affected (0.76 sec)
Records: 0  Duplicates: 0  Warnings: 0

Query OK, 0 rows affected (0.84 sec)
Records: 0  Duplicates: 0  Warnings: 0

Query OK, 0 rows affected (0.77 sec)
Records: 0  Duplicates: 0  Warnings: 0

+---------+
| tickets |
+---------+
|  246579 |
+---------+
1 row in set (0.09 sec)

Database changed
Query OK, 0 rows affected (0.01 sec)

Query OK, 0 rows affected (0.01 sec)

Empty set (0.00 sec)

Query OK, 0 rows affected (0.01 sec)
Records: 0  Duplicates: 0  Warnings: 0

Query OK, 314 rows affected, 2 warnings (0.01 sec)
Records: 314  Deleted: 0  Skipped: 0  Warnings: 2

+-----------------+
| tickettechusers |
+-----------------+
|             314 |
+-----------------+
1 row in set (0.00 sec)

Database changed
Query OK, 0 rows affected (0.01 sec)

Query OK, 0 rows affected (0.01 sec)

Query OK, 0 rows affected (0.01 sec)
Records: 0  Duplicates: 0  Warnings: 0

Query OK, 512855 rows affected, 41995 warnings (10.17 sec)
Records: 512855  Deleted: 0  Skipped: 0  Warnings: 41995

+-------------------+
| ticketassignments |
+-------------------+
|            512855 |
+-------------------+
1 row in set (0.19 sec)

Database changed
Query OK, 0 rows affected (0.02 sec)

Query OK, 0 rows affected (0.01 sec)

Query OK, 1070986 rows affected (16.31 sec)
Records: 1070986  Deleted: 0  Skipped: 0  Warnings: 0

Query OK, 0 rows affected (6.34 sec)
Records: 0  Duplicates: 0  Warnings: 0

Query OK, 0 rows affected (3.27 sec)
Records: 0  Duplicates: 0  Warnings: 0

Query OK, 0 rows affected (2.93 sec)
Records: 0  Duplicates: 0  Warnings: 0

Query OK, 0 rows affected (3.52 sec)
Records: 0  Duplicates: 0  Warnings: 0

+----------------+
| ticketcomments |
+----------------+
|        1070986 |
+----------------+
1 row in set (0.43 sec)

Database changed
Query OK, 0 rows affected (0.01 sec)

Query OK, 0 rows affected (0.01 sec)

Query OK, 405388 rows affected (46.75 sec)
Records: 405388  Deleted: 0  Skipped: 0  Warnings: 0

Query OK, 0 rows affected (2.94 sec)
Records: 0  Duplicates: 0  Warnings: 0

+----------+
| comments |
+----------+
|   405388 |
+----------+
1 row in set (0.16 sec)

Database changed
Query OK, 0 rows affected (0.04 sec)

Query OK, 0 rows affected (0.01 sec)

Query OK, 806877 rows affected, 65535 warnings (1 min 3.11 sec)
Records: 806877  Deleted: 0  Skipped: 0  Warnings: 806878

Query OK, 0 rows affected (3.34 sec)
Records: 0  Duplicates: 0  Warnings: 0

Query OK, 0 rows affected (2.63 sec)
Records: 0  Duplicates: 0  Warnings: 0

Query OK, 0 rows affected (3.17 sec)
Records: 0  Duplicates: 0  Warnings: 0

Query OK, 0 rows affected (2.54 sec)
Records: 0  Duplicates: 0  Warnings: 0

Query OK, 0 rows affected (3.65 sec)
Records: 0  Duplicates: 0  Warnings: 0

+------------+
| devicesold |
+------------+
|     806877 |
+------------+
1 row in set (0.34 sec)

Database changed
Query OK, 0 rows affected (0.02 sec)

Query OK, 0 rows affected (0.01 sec)

Query OK, 1622092 rows affected (27.10 sec)
Records: 1622092  Deleted: 0  Skipped: 0  Warnings: 0

Query OK, 0 rows affected (6.41 sec)
Records: 0  Duplicates: 0  Warnings: 0

Query OK, 0 rows affected (5.50 sec)
Records: 0  Duplicates: 0  Warnings: 0

Query OK, 0 rows affected (6.35 sec)
Records: 0  Duplicates: 0  Warnings: 0

+------------------+
| contractservices |
+------------------+
|          1622092 |
+------------------+
1 row in set (0.64 sec)

Database changed
Query OK, 0 rows affected (0.05 sec)

Query OK, 0 rows affected (0.01 sec)

Query OK, 3635618 rows affected (1 min 58.09 sec)
Records: 3635618  Deleted: 0  Skipped: 0  Warnings: 0

Query OK, 0 rows affected (16.08 sec)
Records: 0  Duplicates: 0  Warnings: 0

Query OK, 0 rows affected (17.64 sec)
Records: 0  Duplicates: 0  Warnings: 0

Query OK, 0 rows affected (14.26 sec)
Records: 0  Duplicates: 0  Warnings: 0

Query OK, 0 rows affected (14.86 sec)
Records: 0  Duplicates: 0  Warnings: 0

+------------------+
| invoicescontents |
+------------------+
|          3635618 |
+------------------+
1 row in set (1.45 sec)

Database changed
Query OK, 0 rows affected (0.07 sec)

Query OK, 0 rows affected (0.01 sec)

Query OK, 2507662 rows affected (3 min 15.83 sec)
Records: 2507662  Deleted: 0  Skipped: 0  Warnings: 0

Query OK, 0 rows affected (17.12 sec)
Records: 0  Duplicates: 0  Warnings: 0

Query OK, 0 rows affected (15.25 sec)
Records: 0  Duplicates: 0  Warnings: 0

Query OK, 0 rows affected (14.68 sec)
Records: 0  Duplicates: 0  Warnings: 0

Query OK, 0 rows affected (12.70 sec)
Records: 0  Duplicates: 0  Warnings: 0

Query OK, 0 rows affected (12.36 sec)
Records: 0  Duplicates: 0  Warnings: 0

+----------------+
| invoicesheader |
+----------------+
|        2507662 |
+----------------+
1 row in set (1.00 sec)

Database changed
Query OK, 0 rows affected (0.06 sec)

Query OK, 0 rows affected (0.01 sec)

Query OK, 2636507 rows affected (1 min 24.61 sec)
Records: 2636507  Deleted: 0  Skipped: 0  Warnings: 0

Query OK, 0 rows affected (12.40 sec)
Records: 0  Duplicates: 0  Warnings: 0

Query OK, 0 rows affected (10.52 sec)
Records: 0  Duplicates: 0  Warnings: 0

Query OK, 0 rows affected (10.52 sec)
Records: 0  Duplicates: 0  Warnings: 0

Query OK, 0 rows affected (9.42 sec)
Records: 0  Duplicates: 0  Warnings: 0

+---------+
| casa    |
+---------+
| 2636507 |
+---------+
1 row in set (1.01 sec)

Query OK, 0 rows affected (0.01 sec)

Query OK, 12366 rows affected (1 min 24.65 sec)
Records: 12366  Duplicates: 0  Warnings: 0

+--------------------+
| rep_paycol_channel |
+--------------------+
|              12366 |
+--------------------+
1 row in set (0.01 sec)

Query OK, 0 rows affected (0.01 sec)

Query OK, 8174 rows affected (1 min 37.43 sec)
Records: 8174  Duplicates: 0  Warnings: 0

+----------------+
| rep_paycol_pos |
+----------------+
|           8174 |
+----------------+
1 row in set (0.01 sec)

Database changed
Query OK, 0 rows affected (0.01 sec)

Query OK, 0 rows affected (0.01 sec)

Database changed
Query OK, 38088 rows affected (0.89 sec)
Records: 38088  Deleted: 0  Skipped: 0  Warnings: 0

+-------+
| users |
+-------+
| 38088 |
+-------+
1 row in set (0.02 sec)

Database changed
Query OK, 0 rows affected (0.05 sec)

Query OK, 0 rows affected (0.00 sec)

Database changed
Query OK, 10736934 rows affected (2 min 27.96 sec)
Records: 10736934  Deleted: 0  Skipped: 0  Warnings: 0

Query OK, 0 rows affected (42.22 sec)
Records: 0  Duplicates: 0  Warnings: 0

Query OK, 0 rows affected (40.76 sec)
Records: 0  Duplicates: 0  Warnings: 0

Query OK, 0 rows affected (40.70 sec)
Records: 0  Duplicates: 0  Warnings: 0

Query OK, 0 rows affected (37.34 sec)
Records: 0  Duplicates: 0  Warnings: 0

+----------+
| ipusage1 |
+----------+
| 10736934 |
+----------+
1 row in set (6.38 sec)

Query OK, 0 rows affected (0.08 sec)

Query OK, 10820159 rows affected, 65535 warnings (14 min 48.59 sec)
Records: 10820159  Duplicates: 0  Warnings: 10809860

Query OK, 0 rows affected (39.24 sec)
Records: 0  Duplicates: 0  Warnings: 0

Query OK, 0 rows affected (40.75 sec)
Records: 0  Duplicates: 0  Warnings: 0

Query OK, 0 rows affected (42.06 sec)
Records: 0  Duplicates: 0  Warnings: 0

Query OK, 0 rows affected (42.84 sec)
Records: 0  Duplicates: 0  Warnings: 0

Query OK, 0 rows affected (57.46 sec)
Records: 0  Duplicates: 0  Warnings: 0

Query OK, 0 rows affected (1 min 4.05 sec)
Records: 0  Duplicates: 0  Warnings: 0

Query OK, 0 rows affected (56.84 sec)
Records: 0  Duplicates: 0  Warnings: 0

+----------+
| ipusage  |
+----------+
| 10820159 |
+----------+
1 row in set (6.90 sec)

Query OK, 0 rows affected (0.05 sec)

Query OK, 3681126 rows affected (3 min 16.06 sec)
Records: 3681126  Duplicates: 0  Warnings: 0

Query OK, 0 rows affected (17.70 sec)
Records: 0  Duplicates: 0  Warnings: 0

Query OK, 0 rows affected (13.87 sec)
Records: 0  Duplicates: 0  Warnings: 0

Query OK, 0 rows affected (17.62 sec)
Records: 0  Duplicates: 0  Warnings: 0

Query OK, 0 rows affected (23.24 sec)
Records: 0  Duplicates: 0  Warnings: 0

Query OK, 0 rows affected (10.68 sec)
Records: 0  Duplicates: 0  Warnings: 0

Query OK, 0 rows affected (0.02 sec)

Query OK, 320404 rows affected (35.30 sec)
Records: 320404  Duplicates: 0  Warnings: 0

Query OK, 0 rows affected (1.37 sec)
Records: 0  Duplicates: 0  Warnings: 0

Query OK, 0 rows affected (1.30 sec)
Records: 0  Duplicates: 0  Warnings: 0

Query OK, 0 rows affected (1.51 sec)
Records: 0  Duplicates: 0  Warnings: 0

Query OK, 0 rows affected (0.80 sec)
Records: 0  Duplicates: 0  Warnings: 0

Query OK, 0 rows affected (0.78 sec)
Records: 0  Duplicates: 0  Warnings: 0

Query OK, 0 rows affected (0.04 sec)

Query OK, 1622023 rows affected (58.14 sec)
Records: 1622023  Duplicates: 0  Warnings: 0

Query OK, 0 rows affected (9.49 sec)
Records: 0  Duplicates: 0  Warnings: 0

Query OK, 0 rows affected (5.81 sec)
Records: 0  Duplicates: 0  Warnings: 0

Query OK, 0 rows affected (6.62 sec)
Records: 0  Duplicates: 0  Warnings: 0

mysql> mysql \. C:\workspace\cloud\code\sql\_DailyScript\currenttime.sql
+---------------------+
| currenttime         |
+---------------------+
| 2019-06-10 09:59:57 |
+---------------------+
1 row in set (0.00 sec)

mysql> 
mysql> mysql \. C:\workspace\cloud\code\sql\_DailyScript\ticket_analysis.sql
Database changed
Query OK, 0 rows affected (0.04 sec)

Query OK, 431967 rows affected (19.88 sec)
Records: 431967  Duplicates: 0  Warnings: 0

Query OK, 0 rows affected (5.35 sec)
Records: 0  Duplicates: 0  Warnings: 0

Query OK, 0 rows affected (1.56 sec)
Records: 0  Duplicates: 0  Warnings: 0

Query OK, 0 rows affected (1.48 sec)
Records: 0  Duplicates: 0  Warnings: 0

Query OK, 0 rows affected (0.05 sec)

Query OK, 15458 rows affected (10.77 sec)
Records: 15458  Duplicates: 0  Warnings: 0

Query OK, 0 rows affected, 1 warning (0.00 sec)

Query OK, 59288 rows affected (6.50 sec)
Records: 59288  Duplicates: 0  Warnings: 0

Query OK, 0 rows affected, 1 warning (0.00 sec)

Query OK, 308278 rows affected (10.25 sec)
Records: 308278  Duplicates: 0  Warnings: 0

Query OK, 0 rows affected, 1 warning (0.00 sec)

Query OK, 308278 rows affected (10.77 sec)
Records: 308278  Duplicates: 0  Warnings: 0

Query OK, 0 rows affected (0.01 sec)

Query OK, 59329 rows affected (3.83 sec)
Records: 59329  Duplicates: 0  Warnings: 0

Database changed
Query OK, 0 rows affected (0.00 sec)

Query OK, 0 rows affected (0.01 sec)

Query OK, 431967 rows affected (18.64 sec)
Records: 431967  Duplicates: 0  Warnings: 0

Query OK, 0 rows affected (0.01 sec)

Query OK, 205408 rows affected (12.36 sec)
Records: 205408  Duplicates: 0  Warnings: 0

+--------------------------+
| clientticket_cmmtjourney |
+--------------------------+
|                   431967 |
+--------------------------+
1 row in set (1.99 sec)

+---------------------------+
| clientticket_assgnjourney |
+---------------------------+
|                    205408 |
+---------------------------+
1 row in set (0.29 sec)

Query OK, 0 rows affected (0.01 sec)

Query OK, 68 rows affected (0.11 sec)
Records: 68  Duplicates: 0  Warnings: 0

mysql> mysql \. C:\workspace\cloud\code\sql\_DailyScript\currenttime.sql
+---------------------+
| currenttime         |
+---------------------+
| 2019-06-10 10:01:41 |
+---------------------+
1 row in set (0.00 sec)

mysql> 
mysql> mysql \. C:\workspace\cloud\code\sql\_DailyScript\load_DailyCalls.sql
Database changed
Query OK, 161 rows affected (0.17 sec)
Records: 161  Deleted: 0  Skipped: 0  Warnings: 0

Query OK, 0 rows affected, 1 warning (0.00 sec)

Query OK, 156 rows affected (0.12 sec)
Records: 156  Duplicates: 0  Warnings: 0

Query OK, 0 rows affected, 1 warning (0.00 sec)

Query OK, 66889 rows affected (0.42 sec)
Records: 66889  Duplicates: 0  Warnings: 0

+----------------------+
| callingclientsbefore |
+----------------------+
|               702285 |
+----------------------+
1 row in set (0.63 sec)

Query OK, 202 rows affected (5.20 sec)
Records: 202  Duplicates: 0  Warnings: 0

+---------------------+
| callingclientsafter |
+---------------------+
|              702487 |
+---------------------+
1 row in set (0.25 sec)

Query OK, 0 rows affected (0.01 sec)

Query OK, 119 rows affected (7.05 sec)
Records: 119  Duplicates: 0  Warnings: 0

Query OK, 0 rows affected (0.00 sec)

Query OK, 14262 rows affected (2.76 sec)
Records: 14262  Duplicates: 0  Warnings: 0

+-----------+
| callstats |
+-----------+
|     14262 |
+-----------+
1 row in set (0.01 sec)

Query OK, 0 rows affected, 1 warning (0.00 sec)

Query OK, 202 rows affected (2.78 sec)
Records: 202  Duplicates: 0  Warnings: 0

+------------------------+
| rep_cccallreportbefore |
+------------------------+
|                 705845 |
+------------------------+
1 row in set (0.26 sec)

Query OK, 202 rows affected (0.40 sec)
Records: 202  Duplicates: 0  Warnings: 0

+-----------------------+
| rep_cccallreportafter |
+-----------------------+
|                706047 |
+-----------------------+
1 row in set (0.25 sec)

Query OK, 0 rows affected (0.00 sec)

mysql> mysql \. C:\workspace\cloud\code\sql\_DailyScript\currenttime.sql
+---------------------+
| currenttime         |
+---------------------+
| 2019-06-10 10:02:01 |
+---------------------+
1 row in set (0.00 sec)

mysql> 
mysql> mysql \. C:\workspace\cloud\code\sql\_DailyScript\DAILY-SCRIPT-USAGE.sql
Database changed
Query OK, 0 rows affected (0.00 sec)

Query OK, 6405 rows affected, 18511 warnings (2.21 sec)
Records: 6405  Deleted: 0  Skipped: 0  Warnings: 18511

Query OK, 0 rows affected (0.00 sec)

Query OK, 10381 rows affected, 30054 warnings (2.35 sec)
Records: 10381  Deleted: 0  Skipped: 0  Warnings: 30054

Query OK, 0 rows affected (0.00 sec)

Query OK, 73 rows affected, 259 warnings (0.04 sec)
Records: 73  Deleted: 0  Skipped: 0  Warnings: 259

Query OK, 0 rows affected (0.00 sec)

Query OK, 159 rows affected, 560 warnings (0.05 sec)
Records: 159  Deleted: 0  Skipped: 0  Warnings: 560

+------------+
| dailyusage |
+------------+
|    6193570 |
+------------+
1 row in set (10.73 sec)

+------------+------------+------------+---------+
| datestart  | dateend    | insertedon | records |
+------------+------------+------------+---------+
| 2019-06-09 | 2019-06-09 | 2019-06-10 |   17018 |
| 2019-06-08 | 2019-06-08 | 2019-06-09 |   17631 |
| 2019-06-07 | 2019-06-07 | 2019-06-08 |   17707 |
| 2019-06-06 | 2019-06-06 | 2019-06-07 |   17534 |
| 2019-06-05 | 2019-06-05 | 2019-06-06 |   17378 |
+------------+------------+------------+---------+
5 rows in set (1 min 30.54 sec)

mysql> mysql \. C:\workspace\cloud\code\sql\_DailyScript\currenttime.sql
+---------------------+
| currenttime         |
+---------------------+
| 2019-06-10 10:03:47 |
+---------------------+
1 row in set (0.00 sec)

mysql> 
mysql> mysql \. C:\workspace\cloud\code\sql\_DailyScript\DAILY-SCRIPT-SALES-TELEMETRY.sql
Database changed
Query OK, 22 rows affected, 8 warnings (0.04 sec)
Records: 22  Deleted: 0  Skipped: 0  Warnings: 8

+------------+
| dailysales |
+------------+
|     155687 |
+------------+
1 row in set (0.32 sec)

Query OK, 0 rows affected (0.01 sec)

Query OK, 155687 rows affected (17.02 sec)
Records: 155687  Duplicates: 0  Warnings: 0

+--------+
| sales  |
+--------+
| 155687 |
+--------+
1 row in set (0.09 sec)

Query OK, 0 rows affected (0.01 sec)

Query OK, 2481 rows affected (0.39 sec)
Records: 2481  Duplicates: 0  Warnings: 0

+----------------+
| rep_dailysales |
+----------------+
|           2481 |
+----------------+
1 row in set (0.00 sec)

Query OK, 0 rows affected (0.00 sec)

Query OK, 2481 rows affected (0.55 sec)
Records: 2481  Duplicates: 0  Warnings: 0

+-------------------+
| rep_dailysalesreg |
+-------------------+
|              2481 |
+-------------------+
1 row in set (0.00 sec)

Query OK, 0 rows affected (0.00 sec)

Query OK, 2424 rows affected (0.79 sec)
Records: 2424  Duplicates: 0  Warnings: 0

+-----------+
| saleslist |
+-----------+
|      2424 |
+-----------+
1 row in set (0.00 sec)

Database changed
ERROR 2 (HY000): File 'C:\ProgramData\MySQL\MySQL Server 5.7\Uploads\_csv\PrepaidCardSales-09062019-P1.csv' not found (Errcode: 2 - No such file or directory)
+------------------+
| dailysinglesales |
+------------------+
|             5763 |
+------------------+
1 row in set (0.02 sec)

Database changed
Query OK, 7 rows affected (0.04 sec)
Records: 7  Deleted: 0  Skipped: 0  Warnings: 0

+-----------------+
| dailyaddonsales |
+-----------------+
|           15869 |
+-----------------+
1 row in set (0.08 sec)

Query OK, 49 rows affected (0.05 sec)
Records: 49  Deleted: 0  Skipped: 0  Warnings: 0

+----------------+
| onlinepayments |
+----------------+
|          54598 |
+----------------+
1 row in set (0.14 sec)

+-------------+----------------+---------------------+
| paymentdate | onlinepayments | onlinepaymentamount |
+-------------+----------------+---------------------+
| 2019-06-09  |             49 |         28765.40000 |
| 2019-06-08  |             80 |         42590.92000 |
| 2019-06-07  |             61 |         39112.45000 |
| 2019-06-06  |             86 |         58742.93000 |
| 2019-06-05  |             99 |         71624.41000 |
+-------------+----------------+---------------------+
5 rows in set (1.40 sec)

+-------------+--------------+----------------+---------------------+
| paymentyear | paymentmonth | onlinepayments | onlinepaymentamount |
+-------------+--------------+----------------+---------------------+
|        2019 |            6 |            733 |        510091.04000 |
|        2019 |            5 |           2949 |       1930613.93000 |
|        2019 |            4 |           2854 |       1881797.80000 |
|        2019 |            3 |           2821 |       1851177.84000 |
|        2019 |            2 |           2441 |       1600446.38000 |
+-------------+--------------+----------------+---------------------+
5 rows in set (0.08 sec)

mysql> mysql \. C:\workspace\cloud\code\sql\_DailyScript\currenttime.sql
+---------------------+
| currenttime         |
+---------------------+
| 2019-06-10 10:04:09 |
+---------------------+
1 row in set (0.00 sec)

mysql> 
mysql> mysql \. C:\workspace\cloud\code\sql\_DailyScript\DAILY-SCRIPT-ACTIVENUMBERS.sql
Database changed
Query OK, 1314 rows affected (0.87 sec)
Records: 1314  Deleted: 0  Skipped: 0  Warnings: 0

+------------+----------+
| period     | count(1) |
+------------+----------+
| 2019-06-09 |     1314 |
| 2019-06-08 |     1314 |
| 2019-06-07 |     1314 |
| 2019-06-06 |     1313 |
| 2019-06-05 |     1315 |
| 2019-06-04 |     1318 |
+------------+----------+
6 rows in set (0.01 sec)

Query OK, 0 rows affected (0.02 sec)

Query OK, 83 rows affected (0.31 sec)
Records: 83  Duplicates: 0  Warnings: 0

+-------------+
| packagelist |
+-------------+
|          83 |
+-------------+
1 row in set (0.00 sec)

Database changed
Query OK, 0 rows affected (0.01 sec)

Query OK, 0 rows affected (0.00 sec)

Query OK, 0 rows affected (0.00 sec)

Query OK, 0 rows affected (0.00 sec)

Query OK, 26699 rows affected, 241 warnings (34.63 sec)
Records: 26699  Deleted: 0  Skipped: 0  Warnings: 241

+------------+----------+
| period     | count(1) |
+------------+----------+
| 2019-06-09 |    26699 |
| 2019-06-08 |    26888 |
| 2019-06-07 |    26958 |
| 2019-06-06 |    26959 |
| 2019-06-05 |    26992 |
+------------+----------+
5 rows in set (0.16 sec)

Query OK, 0 rows affected (0.01 sec)

Query OK, 26069 rows affected (1 min 44.21 sec)
Records: 26069  Duplicates: 0  Warnings: 0

Query OK, 0 rows affected (0.19 sec)
Records: 0  Duplicates: 0  Warnings: 0

Query OK, 0 rows affected (0.16 sec)
Records: 0  Duplicates: 0  Warnings: 0

Query OK, 0 rows affected (0.12 sec)
Records: 0  Duplicates: 0  Warnings: 0

Query OK, 0 rows affected (0.10 sec)
Records: 0  Duplicates: 0  Warnings: 0

Query OK, 0 rows affected (0.12 sec)
Records: 0  Duplicates: 0  Warnings: 0

Query OK, 0 rows affected (0.08 sec)
Records: 0  Duplicates: 0  Warnings: 0

+-------------+
| countbefore |
+-------------+
|    26744185 |
+-------------+
1 row in set (1 min 0.71 sec)

Query OK, 26069 rows affected (23.38 sec)
Records: 26069  Duplicates: 0  Warnings: 0

+------------+
| countafter |
+------------+
|   26770254 |
+------------+
1 row in set (13.81 sec)

+------------+--------------------------+
| period     | customercontractactivity |
+------------+--------------------------+
| 2019-06-09 |                    26069 |
| 2019-06-08 |                    26258 |
| 2019-06-07 |                    26328 |
| 2019-06-06 |                    26329 |
| 2019-06-05 |                    26362 |
+------------+--------------------------+
5 rows in set (0.07 sec)

Query OK, 0 rows affected (0.06 sec)

Query OK, 216146 rows affected (12 min 40.59 sec)
Records: 216146  Duplicates: 0  Warnings: 0

Query OK, 0 rows affected (1.12 sec)
Records: 0  Duplicates: 0  Warnings: 0

Query OK, 0 rows affected (1.14 sec)
Records: 0  Duplicates: 0  Warnings: 0

Query OK, 0 rows affected (1.11 sec)
Records: 0  Duplicates: 0  Warnings: 0

Query OK, 0 rows affected (0.01 sec)

Query OK, 247 rows affected (0.57 sec)
Records: 247  Duplicates: 0  Warnings: 0

Query OK, 0 rows affected (0.00 sec)

Query OK, 2382 rows affected (0.69 sec)
Records: 2382  Duplicates: 0  Warnings: 0

Query OK, 0 rows affected (0.02 sec)

Query OK, 26059 rows affected (0.71 sec)
Records: 26059  Duplicates: 0  Warnings: 0

Query OK, 0 rows affected (0.02 sec)

Query OK, 16743 rows affected (0.44 sec)
Records: 16743  Duplicates: 0  Warnings: 0

Query OK, 0 rows affected (0.00 sec)

Query OK, 16743 rows affected (0.15 sec)
Records: 16743  Duplicates: 0  Warnings: 0

Query OK, 0 rows affected (0.01 sec)

Query OK, 16743 rows affected (1.96 sec)
Records: 16743  Duplicates: 0  Warnings: 0

Query OK, 0 rows affected (0.02 sec)

Query OK, 16743 rows affected (56.07 sec)
Records: 16743  Duplicates: 0  Warnings: 0

+-------------+
| clientstats |
+-------------+
|       16743 |
+-------------+
1 row in set (0.01 sec)

Query OK, 0 rows affected (0.01 sec)

Query OK, 13 rows affected, 1 warning (0.12 sec)
Records: 13  Duplicates: 0  Warnings: 1

+-----------------------+-------------+-------------+----------------+-----------------+
| services              | activecount | allaccounts | uniqueaccounts | uniquecontracts |
+-----------------------+-------------+-------------+----------------+-----------------+
| All                   |         115 |          25 |             25 |              78 |
| Internet & Voice      |         431 |         198 |            198 |             387 |
| Internet Only         |        4123 |        3983 |           3978 |            4054 |
| OTT Only              |          20 |           4 |              4 |              20 |
| TV & Internet         |        8805 |        3815 |           3811 |            7772 |
| TV & Internet & OTT   |        1859 |         531 |            531 |            1081 |
| TV & Internet & Voice |         544 |         151 |            151 |             470 |
| TV & OTT              |         126 |          40 |             40 |              41 |
| TV & Voice            |         108 |          46 |             46 |              93 |
| TV & Voice & OTT      |          13 |           2 |              2 |               5 |
| TV Only               |       10524 |        7755 |           7748 |            7964 |
| Voice Only            |         194 |         193 |            193 |             194 |
| GRAND TOTAL           |       26862 |       16743 |          16683 |           22159 |
+-----------------------+-------------+-------------+----------------+-----------------+
13 rows in set (0.00 sec)

+-------------+-------------+-------------+----------------+-----------------+
| network     | activecount | allaccounts | uniqueaccounts | uniquecontracts |
+-------------+-------------+-------------+----------------+-----------------+
| ADDON       |           9 |           5 |              5 |               5 |
| GPON        |        6853 |        3469 |           3468 |            5243 |
| HFC         |       19982 |       13267 |          13267 |           16893 |
| MOBILE TV   |          18 |           2 |              2 |              18 |
| GRAND TOTAL |       26862 |       16743 |          16683 |           22159 |
+-------------+-------------+-------------+----------------+-----------------+
5 rows in set, 1 warning (0.15 sec)

+-------------+-----------------------+-------------+-------------+----------------+-----------------+
| network     | services              | activecount | allaccounts | uniqueaccounts | uniquecontracts |
+-------------+-----------------------+-------------+-------------+----------------+-----------------+
| ADDON       | OTT Only              |           2 |           2 |              2 |               2 |
| ADDON       | TV & OTT              |           4 |           1 |              1 |               1 |
| ADDON       | TV Only               |           3 |           2 |              2 |               2 |
| ADDON       | Services Total        |           9 |           5 |              5 |               5 |
| GPON        | All                   |          29 |           6 |              6 |              20 |
| GPON        | Internet & Voice      |          55 |          22 |             22 |              45 |
| GPON        | Internet Only         |         911 |         825 |            825 |             844 |
| GPON        | TV & Internet         |        2971 |        1227 |           1227 |            2529 |
| GPON        | TV & Internet & OTT   |         915 |         248 |            248 |             512 |
| GPON        | TV & Internet & Voice |         163 |          43 |             43 |             133 |
| GPON        | TV & OTT              |          86 |          26 |             26 |              26 |
| GPON        | TV & Voice            |          44 |          18 |             18 |              37 |
| GPON        | TV Only               |        1669 |        1044 |           1044 |            1087 |
| GPON        | Voice Only            |          10 |          10 |             10 |              10 |
| GPON        | Services Total        |        6853 |        3469 |           3468 |            5243 |
| HFC         | All                   |          86 |          19 |             19 |              58 |
| HFC         | Internet & Voice      |         376 |         176 |            176 |             342 |
| HFC         | Internet Only         |        3212 |        3158 |           3158 |            3210 |
| HFC         | TV & Internet         |        5834 |        2588 |           2588 |            5243 |
| HFC         | TV & Internet & OTT   |         944 |         283 |            283 |             569 |
| HFC         | TV & Internet & Voice |         381 |         108 |            108 |             337 |
| HFC         | TV & OTT              |          36 |          13 |             13 |              14 |
| HFC         | TV & Voice            |          64 |          28 |             28 |              56 |
| HFC         | TV & Voice & OTT      |          13 |           2 |              2 |               5 |
| HFC         | TV Only               |        8852 |        6709 |           6709 |            6875 |
| HFC         | Voice Only            |         184 |         183 |            183 |             184 |
| HFC         | Services Total        |       19982 |       13267 |          13267 |           16893 |
| MOBILE TV   | OTT Only              |          18 |           2 |              2 |              18 |
| MOBILE TV   | Services Total        |          18 |           2 |              2 |              18 |
| GRAND TOTAL | Services Total        |       26862 |       16743 |          16683 |           22159 |
+-------------+-----------------------+-------------+-------------+----------------+-----------------+
30 rows in set, 2 warnings (0.16 sec)

Query OK, 0 rows affected (0.00 sec)

Query OK, 44 rows affected, 3 warnings (0.22 sec)
Records: 44  Duplicates: 0  Warnings: 3

+-------------+---------------+-----------------------+-------------+-------------+----------------+-----------------+
| region      | network       | services              | activecount | allaccounts | uniqueaccounts | uniquecontracts |
+-------------+---------------+-----------------------+-------------+-------------+----------------+-----------------+
| Mahe        | ADDON         | OTT Only              |           2 |           2 |              2 |               2 |
| Mahe        | ADDON         | TV & OTT              |           4 |           1 |              1 |               1 |
| Mahe        | ADDON         | TV Only               |           3 |           2 |              2 |               2 |
| Mahe        | ADDON         | Services Total        |           9 |           5 |              5 |               5 |
| Mahe        | GPON          | All                   |          29 |           6 |              6 |              20 |
| Mahe        | GPON          | Internet & Voice      |          45 |          17 |             17 |              35 |
| Mahe        | GPON          | Internet Only         |         698 |         612 |            612 |             631 |
| Mahe        | GPON          | TV & Internet         |        2104 |         861 |            861 |            1764 |
| Mahe        | GPON          | TV & Internet & OTT   |         547 |         142 |            142 |             293 |
| Mahe        | GPON          | TV & Internet & Voice |         140 |          37 |             37 |             113 |
| Mahe        | GPON          | TV & OTT              |          54 |          16 |             16 |              16 |
| Mahe        | GPON          | TV & Voice            |          39 |          16 |             16 |              33 |
| Mahe        | GPON          | TV Only               |        1223 |         738 |            738 |             761 |
| Mahe        | GPON          | Voice Only            |           9 |           9 |              9 |               9 |
| Mahe        | GPON          | Services Total        |        4888 |        2454 |           2454 |            3675 |
| Mahe        | HFC           | All                   |          86 |          19 |             19 |              58 |
| Mahe        | HFC           | Internet & Voice      |         376 |         176 |            176 |             342 |
| Mahe        | HFC           | Internet Only         |        3212 |        3158 |           3158 |            3210 |
| Mahe        | HFC           | TV & Internet         |        5834 |        2588 |           2588 |            5243 |
| Mahe        | HFC           | TV & Internet & OTT   |         944 |         283 |            283 |             569 |
| Mahe        | HFC           | TV & Internet & Voice |         381 |         108 |            108 |             337 |
| Mahe        | HFC           | TV & OTT              |          36 |          13 |             13 |              14 |
| Mahe        | HFC           | TV & Voice            |          64 |          28 |             28 |              56 |
| Mahe        | HFC           | TV & Voice & OTT      |          13 |           2 |              2 |               5 |
| Mahe        | HFC           | TV Only               |        8847 |        6706 |           6706 |            6872 |
| Mahe        | HFC           | Voice Only            |         184 |         183 |            183 |             184 |
| Mahe        | HFC           | Services Total        |       19977 |       13264 |          13264 |           16890 |
| Mahe        | MOBILE TV     | OTT Only              |          18 |           2 |              2 |              18 |
| Mahe        | MOBILE TV     | Services Total        |          18 |           2 |              2 |              18 |
| Mahe        | Network Total | Services Total        |       24892 |       15725 |          15667 |           20588 |
| Praslin     | GPON          | Internet & Voice      |          10 |           5 |              5 |              10 |
| Praslin     | GPON          | Internet Only         |         213 |         213 |            213 |             213 |
| Praslin     | GPON          | TV & Internet         |         867 |         366 |            366 |             765 |
| Praslin     | GPON          | TV & Internet & OTT   |         368 |         106 |            106 |             219 |
| Praslin     | GPON          | TV & Internet & Voice |          23 |           6 |              6 |              20 |
| Praslin     | GPON          | TV & OTT              |          32 |          10 |             10 |              10 |
| Praslin     | GPON          | TV & Voice            |           5 |           2 |              2 |               4 |
| Praslin     | GPON          | TV Only               |         446 |         306 |            306 |             326 |
| Praslin     | GPON          | Voice Only            |           1 |           1 |              1 |               1 |
| Praslin     | GPON          | Services Total        |        1965 |        1015 |           1015 |            1568 |
| Praslin     | HFC           | TV Only               |           5 |           3 |              3 |               3 |
| Praslin     | HFC           | Services Total        |           5 |           3 |              3 |               3 |
| Praslin     | Network Total | Services Total        |        1970 |        1018 |           1017 |            1571 |
| GRAND TOTAL | Network Total | Services Total        |       26862 |       16743 |          16683 |           22159 |
+-------------+---------------+-----------------------+-------------+-------------+----------------+-----------------+
44 rows in set (0.00 sec)

Query OK, 0 rows affected (0.01 sec)

Query OK, 26060 rows affected (0.55 sec)
Records: 26060  Duplicates: 0  Warnings: 0

Query OK, 0 rows affected (0.01 sec)

Query OK, 1606 rows affected (7.07 sec)
Records: 1606  Duplicates: 0  Warnings: 0

+--------------------------------------+
| message                              |
+--------------------------------------+
| running rcbill_my.sp_ActiveNumber2() |
+--------------------------------------+
1 row in set (0.00 sec)

Query OK, 160 rows affected (2 min 21.62 sec)

mysql> mysql \. C:\workspace\cloud\code\sql\_DailyScript\currenttime.sql
+---------------------+
| currenttime         |
+---------------------+
| 2019-06-10 10:24:22 |
+---------------------+
1 row in set (0.00 sec)

mysql> 
mysql> mysql \. C:\workspace\cloud\code\sql\_DailyScript\GetActiveNumbers Average -Pivot.sql
Database changed
+-------------------------------------+
| @today := subdate(current_date(),1) |
+-------------------------------------+
| 2019-06-09                          |
+-------------------------------------+
1 row in set (0.00 sec)

+-------------------------------------+
| @lastdayofmonth := last_day(@today) |
+-------------------------------------+
| 2019-06-30                          |
+-------------------------------------+
1 row in set (0.00 sec)

Query OK, 0 rows affected (0.02 sec)

Query OK, 30291 rows affected, 62977 warnings (55.68 sec)
Records: 30291  Duplicates: 0  Warnings: 62977

Query OK, 0 rows affected (0.09 sec)
Records: 0  Duplicates: 0  Warnings: 0

Query OK, 0 rows affected (0.11 sec)
Records: 0  Duplicates: 0  Warnings: 0

Query OK, 0 rows affected (0.10 sec)
Records: 0  Duplicates: 0  Warnings: 0

+-----------------+
| activenumberavg |
+-----------------+
|           30291 |
+-----------------+
1 row in set (0.01 sec)

Query OK, 0 rows affected (0.01 sec)

Query OK, 1747 rows affected (0.48 sec)
Records: 1747  Duplicates: 0  Warnings: 0

+---------------------+
| rep_activenumberavg |
+---------------------+
|                1747 |
+---------------------+
1 row in set (0.00 sec)

+----------------------+
| rep_activenumberavg1 |
+----------------------+
|                  829 |
+----------------------+
1 row in set (0.00 sec)

Query OK, 0 rows affected (0.00 sec)

Query OK, 1536 rows affected (0.38 sec)
Records: 1536  Duplicates: 0  Warnings: 0

Query OK, 0 rows affected (0.00 sec)

Query OK, 7773 rows affected (0.64 sec)
Records: 7773  Duplicates: 0  Warnings: 0

Query OK, 0 rows affected (0.00 sec)

Query OK, 0 rows affected (0.00 sec)

Query OK, 0 rows affected (0.01 sec)

Query OK, 0 rows affected (0.00 sec)

Query OK, 0 rows affected (0.00 sec)
Statement prepared

Query OK, 53 rows affected (0.04 sec)
Records: 53  Duplicates: 0  Warnings: 0

Query OK, 0 rows affected (0.00 sec)

Query OK, 0 rows affected (0.00 sec)

+----------------------+
| rep_activenumberavg2 |
+----------------------+
|                 1536 |
+----------------------+
1 row in set (0.00 sec)

+------------------------+
| rep_activenumberavg_pv |
+------------------------+
|                     53 |
+------------------------+
1 row in set (0.00 sec)

Query OK, 0 rows affected (0.00 sec)

Query OK, 1536 rows affected (0.31 sec)
Records: 1536  Duplicates: 0  Warnings: 0

Query OK, 0 rows affected (0.00 sec)

Query OK, 0 rows affected (0.00 sec)

Query OK, 0 rows affected (0.00 sec)

Query OK, 0 rows affected (0.00 sec)

Query OK, 0 rows affected (0.00 sec)
Statement prepared

Query OK, 53 rows affected (0.03 sec)
Records: 53  Duplicates: 0  Warnings: 0

Query OK, 0 rows affected (0.00 sec)

Query OK, 0 rows affected (0.00 sec)

+-------------------------+
| rep_activenumberavgMahe |
+-------------------------+
|                    1536 |
+-------------------------+
1 row in set (0.00 sec)

+----------------------------+
| rep_activenumberavgMahe_pv |
+----------------------------+
|                         53 |
+----------------------------+
1 row in set (0.00 sec)

Query OK, 0 rows affected (0.00 sec)

Query OK, 986 rows affected (0.14 sec)
Records: 986  Duplicates: 0  Warnings: 0

Query OK, 0 rows affected (0.00 sec)

Query OK, 0 rows affected (0.00 sec)

Query OK, 0 rows affected (0.00 sec)

Query OK, 0 rows affected (0.00 sec)

Query OK, 0 rows affected (0.01 sec)
Statement prepared

Query OK, 38 rows affected (0.02 sec)
Records: 38  Duplicates: 0  Warnings: 0

Query OK, 0 rows affected (0.00 sec)

Query OK, 0 rows affected (0.01 sec)

+----------------------------+
| rep_activenumberavgPraslin |
+----------------------------+
|                        986 |
+----------------------------+
1 row in set (0.00 sec)

+-------------------------------+
| rep_activenumberavgPraslin_pv |
+-------------------------------+
|                            38 |
+-------------------------------+
1 row in set (0.00 sec)

mysql> mysql \. C:\workspace\cloud\code\sql\_DailyScript\currenttime.sql
+---------------------+
| currenttime         |
+---------------------+
| 2019-06-10 10:25:21 |
+---------------------+
1 row in set (0.00 sec)

mysql> 
mysql> mysql \. C:\workspace\cloud\code\sql\_DailyScript\budget_actual_analysis_2019.sql
Query OK, 0 rows affected (0.00 sec)

Query OK, 558 rows affected, 3 warnings (0.61 sec)
Records: 558  Duplicates: 0  Warnings: 3

+--------------------+
| budget_actual_2019 |
+--------------------+
|                558 |
+--------------------+
1 row in set (0.00 sec)

Query OK, 0 rows affected (0.01 sec)

Query OK, 48 rows affected (0.04 sec)
Records: 48  Duplicates: 0  Warnings: 0

+---------------------------+
| rep_budget_actual_2019_pv |
+---------------------------+
|                        48 |
+---------------------------+
1 row in set (0.00 sec)

mysql> mysql \. C:\workspace\cloud\code\sql\_DailyScript\currenttime.sql
+---------------------+
| currenttime         |
+---------------------+
| 2019-06-10 10:25:21 |
+---------------------+
1 row in set (0.00 sec)

mysql> 
mysql> mysql \. C:\workspace\cloud\code\sql\_DailyScript\reports-sales-addons-prepaid-camera.sql
Database changed
Query OK, 0 rows affected (0.01 sec)

Query OK, 3643 rows affected (0.63 sec)
Records: 3643  Duplicates: 0  Warnings: 0

Query OK, 0 rows affected (0.01 sec)

Query OK, 15878 rows affected (26.07 sec)
Records: 15878  Duplicates: 0  Warnings: 0

+--------------------+
| rep_prepaid_camera |
+--------------------+
|               3643 |
+--------------------+
1 row in set (0.01 sec)

+-----------+
| rep_addon |
+-----------+
|     15878 |
+-----------+
1 row in set (0.01 sec)

mysql> mysql \. C:\workspace\cloud\code\sql\_DailyScript\currenttime.sql
+---------------------+
| currenttime         |
+---------------------+
| 2019-06-10 10:25:48 |
+---------------------+
1 row in set (0.00 sec)

mysql> 
mysql> mysql \. C:\workspace\cloud\code\sql\_DailyScript\housing-estate-analysis.sql
Database changed
Query OK, 0 rows affected (0.01 sec)

Query OK, 2829 rows affected (24.67 sec)
Records: 2829  Duplicates: 0  Warnings: 0

+--------------------+
| rep_housingestates |
+--------------------+
|               2829 |
+--------------------+
1 row in set (0.00 sec)

mysql> mysql \. C:\workspace\cloud\code\sql\_DailyScript\currenttime.sql
+---------------------+
| currenttime         |
+---------------------+
| 2019-06-10 10:26:13 |
+---------------------+
1 row in set (0.00 sec)

mysql> 
mysql> mysql \. C:\workspace\cloud\code\sql\_DailyScript\RCB_ClientAnalyticsReport_Script.sql
Database changed
Query OK, 0 rows affected (0.00 sec)

Query OK, 0 rows affected (0.05 sec)

Query OK, 1679658 rows affected (1 min 28.86 sec)
Records: 1679658  Duplicates: 0  Warnings: 0

Query OK, 0 rows affected (7.34 sec)
Records: 0  Duplicates: 0  Warnings: 0

Query OK, 0 rows affected (6.34 sec)
Records: 0  Duplicates: 0  Warnings: 0

Query OK, 0 rows affected (9.79 sec)
Records: 0  Duplicates: 0  Warnings: 0

Query OK, 0 rows affected (10.18 sec)
Records: 0  Duplicates: 0  Warnings: 0

Query OK, 0 rows affected (11.27 sec)
Records: 0  Duplicates: 0  Warnings: 0

Query OK, 0 rows affected (8.75 sec)
Records: 0  Duplicates: 0  Warnings: 0

Query OK, 0 rows affected (0.00 sec)

Query OK, 440365 rows affected (15.46 sec)
Rows matched: 1679658  Changed: 440365  Warnings: 0

Query OK, 0 rows affected (0.01 sec)

Query OK, 26934 rows affected (4.49 sec)
Records: 26934  Duplicates: 0  Warnings: 0

Query OK, 0 rows affected (0.02 sec)

Query OK, 42315 rows affected (12 min 52.61 sec)
Records: 42315  Duplicates: 0  Warnings: 0

Query OK, 0 rows affected (0.21 sec)
Records: 0  Duplicates: 0  Warnings: 0

Query OK, 0 rows affected (0.18 sec)
Records: 0  Duplicates: 0  Warnings: 0

Query OK, 0 rows affected (0.11 sec)
Records: 0  Duplicates: 0  Warnings: 0

Query OK, 0 rows affected (0.03 sec)

Query OK, 414444 rows affected (13 min 18.03 sec)
Records: 414444  Duplicates: 0  Warnings: 0

Query OK, 0 rows affected (2.21 sec)
Records: 0  Duplicates: 0  Warnings: 0

Query OK, 0 rows affected (2.15 sec)
Records: 0  Duplicates: 0  Warnings: 0

Query OK, 0 rows affected (1.02 sec)
Records: 0  Duplicates: 0  Warnings: 0

Query OK, 0 rows affected (2.12 sec)
Records: 0  Duplicates: 0  Warnings: 0

Query OK, 0 rows affected (1.06 sec)
Records: 0  Duplicates: 0  Warnings: 0

Query OK, 0 rows affected (0.01 sec)

Query OK, 42315 rows affected (1 min 40.74 sec)
Records: 42315  Duplicates: 0  Warnings: 0

+--------------+
| clientreport |
+--------------+
|        42315 |
+--------------+
1 row in set (0.02 sec)

Query OK, 0 rows affected (0.01 sec)

Query OK, 42315 rows affected (7.53 sec)
Records: 42315  Duplicates: 0  Warnings: 0

+----------------------+
| clientextendedreport |
+----------------------+
|                42315 |
+----------------------+
1 row in set (0.02 sec)

Query OK, 0 rows affected (0.01 sec)

Query OK, 42315 rows affected (1 min 9.59 sec)
Records: 42315  Duplicates: 0  Warnings: 0

+---------+
| allcust |
+---------+
|   42315 |
+---------+
1 row in set (0.02 sec)

Query OK, 0 rows affected, 1 warning (0.00 sec)

Query OK, 5000 rows affected (0.44 sec)
Records: 5000  Duplicates: 0  Warnings: 0

Query OK, 0 rows affected (0.01 sec)

Query OK, 6950 rows affected (0.38 sec)
Records: 6950  Duplicates: 0  Warnings: 0

Query OK, 0 rows affected, 1 warning (0.00 sec)

Query OK, 5000 rows affected (0.18 sec)
Records: 5000  Duplicates: 0  Warnings: 0

Query OK, 0 rows affected (0.01 sec)

Query OK, 7369 rows affected (0.22 sec)
Records: 7369  Duplicates: 0  Warnings: 0

mysql> mysql \. C:\workspace\cloud\code\sql\_DailyScript\currenttime.sql
+---------------------+
| currenttime         |
+---------------------+
| 2019-06-10 10:58:14 |
+---------------------+
1 row in set (0.00 sec)

mysql> 
mysql> mysql \. C:\workspace\cloud\code\sql\_DailyScript\REVENUE_PER_NODE_MXK.sql
Query OK, 0 rows affected (0.00 sec)

Query OK, 0 rows affected (0.01 sec)

Query OK, 0 rows affected (0.00 sec)

Query OK, 5012 rows affected (0.41 sec)
Records: 5012  Duplicates: 0  Warnings: 0

+----------------------+
| message              |
+----------------------+
| created temp table a |
+----------------------+
1 row in set (0.00 sec)

Query OK, 3224 rows affected (0.76 sec)
Records: 3224  Duplicates: 0  Warnings: 0

+----------------------+
| message              |
+----------------------+
| created temp table b |
+----------------------+
1 row in set (0.00 sec)

Query OK, 0 rows affected, 1 warning (0.00 sec)

Query OK, 5147 rows affected (7.00 sec)
Records: 5147  Duplicates: 0  Warnings: 0

+--------------------------------+
| message                        |
+--------------------------------+
| created rcbill_my.tempcustmxk1 |
+--------------------------------+
1 row in set (0.00 sec)

Query OK, 0 rows affected (0.00 sec)

Query OK, 0 rows affected (0.04 sec)

Query OK, 0 rows affected, 1 warning (0.00 sec)

Query OK, 5012 rows affected (0.21 sec)
Records: 5012  Duplicates: 0  Warnings: 0

+----------------+
| message        |
+----------------+
| created temp a |
+----------------+
1 row in set (0.00 sec)

Query OK, 3224 rows affected (0.34 sec)
Records: 3224  Duplicates: 0  Warnings: 0

+----------------+
| message        |
+----------------+
| created temp b |
+----------------+
1 row in set (0.00 sec)

Query OK, 0 rows affected, 1 warning (0.00 sec)

Query OK, 3306 rows affected (4.78 sec)
Records: 3306  Duplicates: 0  Warnings: 0

+--------------------------------+
| message                        |
+--------------------------------+
| created rcbill_my.tempcustmxk2 |
+--------------------------------+
1 row in set (0.00 sec)

Query OK, 0 rows affected (0.00 sec)

Query OK, 0 rows affected (0.00 sec)

Query OK, 0 rows affected, 1 warning (0.00 sec)

Query OK, 0 rows affected (0.02 sec)

Query OK, 5397 rows affected (0.27 sec)
Records: 5397  Duplicates: 0  Warnings: 0

+---------------------------------+
| message                         |
+---------------------------------+
| created rcbill_my.customers_mxk |
+---------------------------------+
1 row in set (0.00 sec)

Query OK, 0 rows affected (0.00 sec)

Query OK, 0 rows affected (0.00 sec)

Query OK, 19519 rows affected (0.39 sec)
Records: 19519  Duplicates: 0  Warnings: 0

+----------------+
| message        |
+----------------+
| created temp a |
+----------------+
1 row in set (0.00 sec)

Query OK, 21440 rows affected (1.87 sec)
Records: 21440  Duplicates: 0  Warnings: 0

+----------------+
| message        |
+----------------+
| created temp c |
+----------------+
1 row in set (0.00 sec)

Query OK, 0 rows affected, 1 warning (0.00 sec)

Query OK, 34609 rows affected (0.56 sec)
Records: 34609  Duplicates: 0  Warnings: 0

+---------------------------------+
| message                         |
+---------------------------------+
| created rcbill_my.tempcustcmts1 |
+---------------------------------+
1 row in set (0.00 sec)

Query OK, 0 rows affected (0.00 sec)

Query OK, 0 rows affected, 1 warning (0.00 sec)

Query OK, 0 rows affected (0.01 sec)

Query OK, 19519 rows affected (0.40 sec)
Records: 19519  Duplicates: 0  Warnings: 0

+----------------+
| message        |
+----------------+
| created temp a |
+----------------+
1 row in set (0.00 sec)

Query OK, 21440 rows affected (1.19 sec)
Records: 21440  Duplicates: 0  Warnings: 0

+----------------+
| message        |
+----------------+
| created temp c |
+----------------+
1 row in set (0.00 sec)

Query OK, 0 rows affected, 1 warning (0.00 sec)

Query OK, 22691 rows affected (0.35 sec)
Records: 22691  Duplicates: 0  Warnings: 0

+---------------------------------+
| message                         |
+---------------------------------+
| created rcbill_my.tempcustcmts2 |
+---------------------------------+
1 row in set (0.00 sec)

Query OK, 0 rows affected (0.01 sec)

Query OK, 0 rows affected, 1 warning (0.00 sec)

Query OK, 0 rows affected (0.01 sec)

Query OK, 0 rows affected (0.01 sec)

Query OK, 19559 rows affected (1.38 sec)
Records: 19559  Duplicates: 0  Warnings: 0

+----------------------------------+
| message                          |
+----------------------------------+
| created rcbill_my.customers_cmts |
+----------------------------------+
1 row in set (0.00 sec)

Query OK, 0 rows affected (0.01 sec)

Query OK, 0 rows affected (0.00 sec)

Query OK, 0 rows affected (0.04 sec)

Query OK, 24956 rows affected (1.40 sec)
Records: 24956  Duplicates: 0  Warnings: 0

+--------------------------------------+
| message                              |
+--------------------------------------+
| created rcbill_my.customers_cmts_mxk |
+--------------------------------------+
1 row in set (0.01 sec)

Query OK, 436917 rows affected (25.49 sec)
Records: 436917  Duplicates: 0  Warnings: 0

+----------------+
| message        |
+----------------+
| created temp a |
+----------------+
1 row in set (0.00 sec)

Query OK, 0 rows affected (0.02 sec)

Query OK, 438331 rows affected (13.80 sec)
Records: 438331  Duplicates: 0  Warnings: 0

+------------------------------------------------+
| message                                        |
+------------------------------------------------+
| created rcbill_my.customers_contracts_cmts_mxk |
+------------------------------------------------+
1 row in set (0.00 sec)

Query OK, 0 rows affected (0.01 sec)

Query OK, 0 rows affected, 1 warning (0.00 sec)

Query OK, 0 rows affected, 1 warning (0.00 sec)

Query OK, 0 rows affected (0.00 sec)

Query OK, 6802 rows affected (3.33 sec)
Rows matched: 6802  Changed: 6802  Warnings: 0

+------------------------------------------------+
| message                                        |
+------------------------------------------------+
| updated rcbill_my.customers_contracts_cmts_mxk |
+------------------------------------------------+
1 row in set (0.00 sec)

Query OK, 0 rows affected (0.03 sec)

Query OK, 1635624 rows affected (4 min 45.28 sec)
Records: 1635624  Duplicates: 0  Warnings: 0

+----------------------------------------+
| message                                |
+----------------------------------------+
| created rcbill_my.customers_collection |
+----------------------------------------+
1 row in set (0.00 sec)

Query OK, 0 rows affected (0.07 sec)

Query OK, 1888439 rows affected (2 min 15.60 sec)
Records: 1888439  Duplicates: 0  Warnings: 0

+------------------------------------------------+
| message                                        |
+------------------------------------------------+
| created rcbill_my.customers_cmts_mxk_cont_coll |
+------------------------------------------------+
1 row in set (0.00 sec)

Query OK, 0 rows affected (0.02 sec)

Query OK, 36278 rows affected (10.60 sec)
Records: 36278  Duplicates: 0  Warnings: 0

+------------------------------------------------------------+
| message                                                    |
+------------------------------------------------------------+
| created rcbill_my.customers_contracts_collection_pivot2019 |
+------------------------------------------------------------+
1 row in set (0.00 sec)

Query OK, 0 rows affected (0.02 sec)

Query OK, 19064 rows affected (7.23 sec)
Records: 19064  Duplicates: 0  Warnings: 0

+--------------------------------------------------+
| message                                          |
+--------------------------------------------------+
| created rcbill_my.customers_collection_pivot2019 |
+--------------------------------------------------+
1 row in set (0.00 sec)

Query OK, 0 rows affected (0.21 sec)

Query OK, 42315 rows affected (1.70 sec)
Records: 42315  Duplicates: 0  Warnings: 0

+------------------------------------------------+
| message                                        |
+------------------------------------------------+
| created rcbill_my.rep_customers_collection2019 |
+------------------------------------------------+
1 row in set (0.00 sec)

Query OK, 0 rows affected (0.00 sec)

Query OK, 0 rows affected, 1 warning (0.00 sec)

Query OK, 408406 rows affected (20.58 sec)
Records: 408406  Duplicates: 0  Warnings: 0

+-------------------------+
| message                 |
+-------------------------+
| created rcbill_my.tempa |
+-------------------------+
1 row in set (0.00 sec)

Query OK, 0 rows affected, 1 warning (0.00 sec)

Query OK, 85624 rows affected (11.44 sec)
Records: 85624  Duplicates: 0  Warnings: 0

+-------------------------+
| message                 |
+-------------------------+
| created rcbill_my.tempb |
+-------------------------+
1 row in set (0.00 sec)

Query OK, 408406 rows affected (10.02 sec)
Records: 408406  Duplicates: 0  Warnings: 0

+-----------+
| message   |
+-----------+
| created a |
+-----------+
1 row in set (0.00 sec)

Query OK, 85718 rows affected (6.62 sec)
Records: 85718  Duplicates: 0  Warnings: 0

+-----------+
| message   |
+-----------+
| created b |
+-----------+
1 row in set (0.00 sec)

Query OK, 0 rows affected (0.10 sec)

Query OK, 0 rows affected (0.01 sec)

Query OK, 0 rows affected (0.02 sec)

Query OK, 411142 rows affected (31.06 sec)
Records: 411142  Duplicates: 0  Warnings: 0

+----------------------------------------------+
| message                                      |
+----------------------------------------------+
| created rcbill_my.cust_cont_payment_cmts_mxk |
+----------------------------------------------+
1 row in set (0.00 sec)

Query OK, 0 rows affected (0.01 sec)

Query OK, 0 rows affected (0.00 sec)

Query OK, 0 rows affected, 1 warning (0.00 sec)

Query OK, 0 rows affected (0.01 sec)

Query OK, 42315 rows affected (13.92 sec)
Records: 42315  Duplicates: 0  Warnings: 0

+--------------------------------------------------+
| message                                          |
+--------------------------------------------------+
| created rcbill_my.rep_cust_cont_payment_cmts_mxk |
+--------------------------------------------------+
1 row in set (0.00 sec)

Query OK, 0 rows affected, 1 warning (0.00 sec)

Query OK, 0 rows affected, 1 warning (0.00 sec)

Query OK, 0 rows affected (0.01 sec)

Query OK, 38286 rows affected, 5 warnings (5.20 sec)
Records: 38286  Duplicates: 0  Warnings: 5

+----------------------+
| rep_custconsolidated |
+----------------------+
|                38286 |
+----------------------+
1 row in set (0.03 sec)

Query OK, 0 rows affected (0.00 sec)

Query OK, 0 rows affected (0.01 sec)

+----------------------------------------------+
| message                                      |
+----------------------------------------------+
| creating rcbill_my.retentioncustomeractivity |
+----------------------------------------------+
1 row in set (0.00 sec)

Query OK, 624 rows affected (0.09 sec)
Records: 624  Duplicates: 0  Warnings: 0

+---------------------------+
| retentioncustomeractivity |
+---------------------------+
|                       624 |
+---------------------------+
1 row in set (0.00 sec)

+-----------+------------------------------------+------------+-------------+-----------------+------------------+---------------------+-------------------+
| HFC_NODE  | NODENAME                           | CMTS_DATE  | INSERTED_ON | UNIQUE_ACCOUNTS | UNIQUE_CONTRACTS | UNIQUE_MAC_INRCBOSS | UNIQUE_MAC_INCMTS |
+-----------+------------------------------------+------------+-------------+-----------------+------------------+---------------------+-------------------+
| NULL      | NULL                               | NULL       | 2019-06-10  |           10558 |            11261 |               11374 |                 0 |
| C5/0/0/U0 | ANSE-BOILEAU-2                     | 2019-06-03 | 2019-06-10  |             165 |              172 |                 165 |               166 |
| C5/0/0/U1 | 500-C3-ANSE-BOILEAU                | 2019-06-03 | 2019-06-10  |             172 |              176 |                 172 |               173 |
| C5/0/1/U0 | 501-C4-LA-MISIERE-LEFT-I           | 2019-06-03 | 2019-06-10  |             200 |              209 |                 199 |               199 |
| C5/0/1/U1 | 501-C5-LA-MISIERE-RIGHT            | 2019-06-03 | 2019-06-10  |             106 |              110 |                 106 |               106 |
| C5/0/1/U2 | 501-C7-LA-MISIERE-LEFT-II          | 2019-06-03 | 2019-06-10  |              99 |              103 |                  99 |                99 |
| C5/0/2/U0 | 502-C8-LA-LOUISE                   | 2019-06-03 | 2019-06-10  |             145 |              146 |                 145 |               145 |
| C5/0/2/U1 | LA-LOUISE-2                        | 2019-06-03 | 2019-06-10  |             148 |              153 |                 148 |               149 |
| C5/0/3/U0 | 504-C6-PETIT-PARIS                 | 2019-06-03 | 2019-06-10  |             161 |              164 |                 161 |               161 |
| C5/0/3/U1 | PETIT-PARIS-23                     | 2019-06-03 | 2019-06-10  |              81 |               84 |                  81 |                81 |
| C5/0/4/U0 | FOUR-SEASONS                       | 2019-06-03 | 2019-06-10  |               6 |               19 |                  19 |                19 |
| C5/0/4/U1 | ANCHOR-CAFE-I                      | 2019-06-03 | 2019-06-10  |             142 |              146 |                 142 |               142 |
| C5/0/4/U2 | ANCHOR-CAFE-II                     | 2019-06-03 | 2019-06-10  |             147 |              150 |                 147 |               149 |
| C5/1/0/U0 | POINTE-LARUE-AIRPORT-23            | 2019-06-03 | 2019-06-10  |             105 |              114 |                 106 |               108 |
| C5/1/0/U1 | PPROVIDENCE-23                     | 2019-06-03 | 2019-06-10  |              29 |               33 |                  30 |                30 |
| C5/1/0/U2 | ROSHE-CAIMAN-23                    | 2019-06-03 | 2019-06-10  |              12 |               13 |                  12 |                12 |
| C5/1/0/U3 | HEAD-OFFICE | HO-23                | 2019-06-03 | 2019-06-10  |              26 |               27 |                  28 |                28 |
| C5/1/1/U1 | C5-UNION-VALE                      | 2019-06-03 | 2019-06-10  |             197 |              204 |                 196 |               197 |
| C5/1/3/U0 | POINTE-LARUE-AIRPORT-27            | 2019-06-03 | 2019-06-10  |             131 |              134 |                 131 |               131 |
| C5/1/3/U1 | PPROVIDENCE-27                     | 2019-06-03 | 2019-06-10  |              36 |               37 |                  36 |                36 |
| C5/1/3/U2 | ROSHE-CAIMAN-27                    | 2019-06-03 | 2019-06-10  |              22 |               22 |                  22 |                22 |
| C5/1/3/U3 | HEAD-OFFICE | HO-27                | 2019-06-03 | 2019-06-10  |              21 |               22 |                  21 |                22 |
| C5/1/4/U0 | ANSE-ROYALE-27                     | 2019-06-03 | 2019-06-10  |             179 |              187 |                 180 |               182 |
| C5/1/4/U1 | GLACIS-2-57                        | 2019-06-03 | 2019-06-10  |             125 |              133 |                 125 |               126 |
| C5/1/4/U3 | GLACIS-1                           | 2019-06-03 | 2019-06-10  |              68 |               70 |                  68 |                69 |
| C6/0/1/U0 | SERRET-ROAD-RIGHT/CURIO/PASCAL     | 2019-06-03 | 2019-06-10  |             121 |              122 |                 121 |               122 |
| C6/0/1/U1 | SERRET-ROAD-LEFT/ST.LOUIS/TOWN     | 2019-06-03 | 2019-06-10  |             107 |              114 |                 107 |               107 |
| C6/0/1/U2 | SERRET-ROAD-RIGHT/CURIO/PASCAL-2   | 2019-06-03 | 2019-06-10  |             126 |              132 |                 126 |               127 |
| C6/0/1/U3 | SERRET-ROAD-LEFT/ST.LOUIS/TOWN-2   | 2019-06-03 | 2019-06-10  |             189 |              196 |                 189 |               189 |
| C6/0/2/U0 | SANS-SOUCIS-I                      | 2019-06-03 | 2019-06-10  |             119 |              123 |                 119 |               119 |
| C6/0/2/U1 | SANS-SOUCIS-II                     | 2019-06-03 | 2019-06-10  |             117 |              122 |                 116 |               116 |
| C6/0/2/U2 | BEL-AIR-27                         | 2019-06-03 | 2019-06-10  |             118 |              124 |                 118 |               119 |
| C6/0/2/U3 | BEL-AIR-38                         | 2019-06-03 | 2019-06-10  |              89 |               92 |                  89 |                91 |
| C6/0/3/U0 | LES-MAMELLES-23                    | 2019-06-03 | 2019-06-10  |              61 |               61 |                  61 |                62 |
| C6/0/3/U1 | VICTORIA-23                        | 2019-06-03 | 2019-06-10  |              23 |               25 |                  23 |                24 |
| C6/0/4/U0 | LES-MAMELLES-27                    | 2019-06-03 | 2019-06-10  |              96 |               97 |                  96 |                96 |
| C6/0/4/U1 | VICTORIA-27                        | 2019-06-03 | 2019-06-10  |              29 |               35 |                  32 |                33 |
| C7/1/0/U0 | LA-RETRAITE-23                     | 2019-06-03 | 2019-06-10  |              96 |               99 |                  96 |                96 |
| C7/1/0/U1 | TEA-FACTORY-23                     | 2019-06-03 | 2019-06-10  |              19 |               22 |                  19 |                19 |
| C7/1/0/U2 | PAS-23                             | 2019-06-03 | 2019-06-10  |              90 |               96 |                  90 |                90 |
| C7/1/1/U0 | REEF-ESTATE-23                     | 2019-06-03 | 2019-06-10  |              92 |               94 |                  93 |                93 |
| C7/1/1/U1 | BEL-OMBRE-NEW-23                   | 2019-06-03 | 2019-06-10  |              30 |               31 |                  32 |                33 |
| C7/1/2/U0 | LA-RETRAITE-27                     | 2019-06-03 | 2019-06-10  |             138 |              147 |                 138 |               138 |
| C7/1/2/U1 | TEA-FACTORY-27                     | 2019-06-03 | 2019-06-10  |              29 |               34 |                  32 |                32 |
| C7/1/2/U2 | PAS-27                             | 2019-06-03 | 2019-06-10  |             118 |              122 |                 118 |               118 |
| C7/1/3/U0 | MT-BUXTON-27                       | 2019-06-03 | 2019-06-10  |             161 |              165 |                 161 |               162 |
| C7/1/3/U1 | MT-BUXTON-23                       | 2019-06-03 | 2019-06-10  |              62 |               64 |                  61 |                62 |
| C7/1/4/U0 | REEF-ESTATE-27                     | 2019-06-03 | 2019-06-10  |              66 |               67 |                  66 |                66 |
| C7/1/4/U1 | BEL-OMBRE-NEW-27                   | 2019-06-03 | 2019-06-10  |              15 |               17 |                  16 |                16 |
| C8/0/0/U0 | POLICE-ACADEMY-1-27 - POINTE LARUE | 2019-06-03 | 2019-06-10  |             193 |              199 |                 193 |               194 |
| C8/0/0/U1 | NULL                               | 2019-06-03 | 2019-06-10  |             107 |              110 |                 107 |               109 |
| C8/0/1/U0 | NULL                               | 2019-06-03 | 2019-06-10  |             167 |              170 |                 167 |               168 |
| C8/0/1/U1 | POLICE-ACADEMY-2-27 - TURTLE BAY   | 2019-06-03 | 2019-06-10  |             152 |              158 |                 153 |               154 |
| C8/0/2/U0 | BEAU-VALLON-LEFT-1-57              | 2019-06-03 | 2019-06-10  |              97 |              102 |                  96 |                97 |
| C8/0/3/U1 | BEAU-VALLON-RIGHT-2-57             | 2019-06-03 | 2019-06-10  |             192 |              201 |                 192 |               193 |
| C8/1/0/U0 | MA-JOIE-NODE-27                    | 2019-06-03 | 2019-06-10  |             158 |              165 |                 158 |               160 |
| C8/1/0/U1 | BELONIE-27                         | 2019-06-03 | 2019-06-10  |             141 |              145 |                 139 |               140 |
| C8/1/0/U3 | MA-JOIE-NODE-23                    | 2019-06-03 | 2019-06-10  |              80 |               80 |                  80 |                80 |
| C8/1/1/U0 | 611-C1-ROJN I                      | 2019-06-03 | 2019-06-10  |             162 |              169 |                 162 |               164 |
| C8/1/1/U1 | 611-C5-ROJN II                     | 2019-06-03 | 2019-06-10  |              81 |               84 |                  81 |                81 |
| C8/1/2/U0 | 612-C2-ANSE-ETOILE                 | 2019-06-03 | 2019-06-10  |             204 |              215 |                 202 |               202 |
| C8/1/2/U1 | ANSE-ETOILE-U2                     | 2019-06-03 | 2019-06-10  |              85 |               85 |                  85 |                85 |
| C8/1/3/U0 | 613-C3-ANSE-GAULETTE I             | 2019-06-03 | 2019-06-10  |              71 |               79 |                  71 |                71 |
| C8/1/3/U1 | 613-C7-ANSE-GAULETTE II            | 2019-06-03 | 2019-06-10  |              66 |               71 |                  66 |                67 |
| C8/1/3/U2 | 613-C3-ANSE-GAULETTE III           | 2019-06-03 | 2019-06-10  |              34 |               36 |                  34 |                34 |
| C8/1/3/U3 | TAKAMAKA I                         | 2019-06-03 | 2019-06-10  |              95 |               98 |                  95 |                95 |
| C8/1/3/U4 | TAKAMAKA II                        | 2019-06-03 | 2019-06-10  |             105 |              106 |                 105 |               105 |
| C8/1/4/U0 | 614-BEOLIERE-NODE-1                | 2019-06-03 | 2019-06-10  |              85 |               89 |                  85 |                87 |
| C8/1/4/U1 | 614-BEOLIERE-NODE-2                | 2019-06-03 | 2019-06-10  |             137 |              144 |                 137 |               138 |
+-----------+------------------------------------+------------+-------------+-----------------+------------------+---------------------+-------------------+
69 rows in set (0.35 sec)

+------------------+------------+-------------+-----------------+------------------+----------------------+-------------------+
| MXK_NAME         | MXK_DATE   | INSERTED_ON | UNIQUE_ACCOUNTS | UNIQUE_CONTRACTS | UNIQUE_FSAN_INRCBOSS | UNIQUE_FSAN_INMXK |
+------------------+------------+-------------+-----------------+------------------+----------------------+-------------------+
| NULL             | NULL       | 2019-06-10  |            2006 |             2075 |                 2057 |                 0 |
| MXK-ANSEETOILE   | 2019-06-03 | 2019-06-10  |              83 |               84 |                   84 |                90 |
| MXK-ANSEROYALE   | 2019-06-03 | 2019-06-10  |             126 |              127 |                  127 |               141 |
| MXK-BEAUVALLON   | 2019-06-03 | 2019-06-10  |             972 |              985 |                  979 |              1016 |
| MXK-MAHE         | 2019-06-03 | 2019-06-10  |             837 |              865 |                  809 |               938 |
| MXK-PERSEVERANCE | 2019-06-03 | 2019-06-10  |             902 |              915 |                  909 |               946 |
+------------------+------------+-------------+-----------------+------------------+----------------------+-------------------+
6 rows in set (0.07 sec)

mysql> mysql \. C:\workspace\cloud\code\sql\_DailyScript\currenttime.sql
+---------------------+
| currenttime         |
+---------------------+
| 2019-06-10 11:08:19 |
+---------------------+
1 row in set (0.00 sec)

mysql> 
mysql> mysql \. C:\workspace\cloud\code\sql\Analysis\service_tickets_assignments.sql
Query OK, 0 rows affected (0.04 sec)

Query OK, 42247 rows affected (10.57 sec)
Records: 42247  Duplicates: 0  Warnings: 0

+-------------------------+
| rep_servicetickets_2019 |
+-------------------------+
|                   42247 |
+-------------------------+
1 row in set (0.05 sec)

mysql> mysql \. C:\workspace\cloud\code\sql\_DailyScript\currenttime.sql
+---------------------+
| currenttime         |
+---------------------+
| 2019-06-10 11:08:30 |
+---------------------+
1 row in set (0.00 sec)

mysql> 
mysql> 
mysql> 
mysql> 
mysql> exit
