    -> 
    -> mysql \. C:\workspace\cloud\code\sql\_DailyScript\_setdates.sql
Database changed
Query OK, 0 rows affected (0.00 sec)

Query OK, 0 rows affected (0.00 sec)

Query OK, 0 rows affected (0.00 sec)

Query OK, 0 rows affected (0.00 sec)

Query OK, 0 rows affected (0.00 sec)

Query OK, 0 rows affected (0.00 sec)

Query OK, 0 rows affected (0.00 sec)

Query OK, 0 rows affected (0.00 sec)

Query OK, 0 rows affected (0.00 sec)

Query OK, 0 rows affected (0.00 sec)

Query OK, 0 rows affected (0.00 sec)

Query OK, 0 rows affected (0.00 sec)

Query OK, 0 rows affected (0.00 sec)

Query OK, 0 rows affected (0.00 sec)

Query OK, 0 rows affected (0.00 sec)

Query OK, 0 rows affected (0.00 sec)

Query OK, 0 rows affected (0.00 sec)

Query OK, 0 rows affected (0.00 sec)

Query OK, 0 rows affected (0.00 sec)

Query OK, 0 rows affected (0.00 sec)

Query OK, 0 rows affected (0.00 sec)

mysql> mysql \. C:\workspace\cloud\code\sql\_DailyScript\currenttime.sql
+---------------------+
| currenttime         |
+---------------------+
| 2020-05-27 08:49:12 |
+---------------------+
1 row in set (0.00 sec)

mysql> 
mysql> mysql \. C:\workspace\cloud\code\sql\_DailyScript\load_RCB_VODTITLES.sql
Database changed
Query OK, 0 rows affected (0.00 sec)

Query OK, 11035 rows affected (0.13 sec)

Query OK, 11037 rows affected, 11037 warnings (0.27 sec)
Records: 11037  Deleted: 0  Skipped: 0  Warnings: 11037

Query OK, 0 rows affected (0.00 sec)

Query OK, 2 rows affected (0.01 sec)

+-----------+
| VODTITLES |
+-----------+
|     11495 |
+-----------+
1 row in set (0.00 sec)

+-----------+-----------+
| titletype | typecount |
+-----------+-----------+
| E         |      9173 |
| N         |       213 |
| T         |      1649 |
| NULL      |     11035 |
+-----------+-----------+
4 rows in set (0.03 sec)

mysql> mysql \. C:\workspace\cloud\code\sql\_DailyScript\currenttime.sql
+---------------------+
| currenttime         |
+---------------------+
| 2020-05-27 08:49:13 |
+---------------------+
1 row in set (0.00 sec)

mysql> 
mysql> mysql \. C:\workspace\cloud\code\sql\_DailyScript\DAILY-SCRIPT-LIVETV-STATS.sql
Database changed
Query OK, 0 rows affected (0.01 sec)

Query OK, 74935 rows affected (0.75 sec)
Records: 74935  Duplicates: 0  Warnings: 0

+------------+------------+----------+--------------+--------------+-----------+-------------+----------+--------+------+------------+---------+---------------+
| Table      | Non_unique | Key_name | Seq_in_index | Column_name  | Collation | Cardinality | Sub_part | Packed | Null | Index_type | Comment | Index_comment |
+------------+------------+----------+--------------+--------------+-----------+-------------+----------+--------+------+------------+---------+---------------+
| templivetv |          1 | idxtv1   |            1 | device       | A         |       75319 |     NULL | NULL   | YES  | BTREE      |         |               |
| templivetv |          1 | idxtv2   |            1 | sessionstart | A         |       75319 |     NULL | NULL   | YES  | BTREE      |         |               |
+------------+------------+----------+--------------+--------------+-----------+-------------+----------+--------+------+------------+---------+---------------+
2 rows in set (0.00 sec)

Query OK, 74575 rows affected (10.28 sec)
Records: 74575  Duplicates: 0  Warnings: 0

Query OK, 2679 rows affected (0.52 sec)
Records: 2679  Duplicates: 0  Warnings: 0

Query OK, 0 rows affected (0.00 sec)

Query OK, 0 rows affected (0.00 sec)

Query OK, 136 rows affected (0.04 sec)
Records: 136  Duplicates: 0  Warnings: 0

Query OK, 0 rows affected (0.01 sec)

Query OK, 19821 rows affected (1 min 25.56 sec)
Records: 19821  Duplicates: 0  Warnings: 0

+-----------------+
| rep_livetvstats |
+-----------------+
|           19821 |
+-----------------+
1 row in set (0.01 sec)

mysql> mysql \. C:\workspace\cloud\code\sql\_DailyScript\currenttime.sql
+---------------------+
| currenttime         |
+---------------------+
| 2020-05-27 08:50:50 |
+---------------------+
1 row in set (0.00 sec)

mysql> 
mysql> mysql \. C:\workspace\cloud\code\sql\_DailyScript\DAILY-SCRIPT-VODTS-STATS.sql
Database changed
Query OK, 0 rows affected (0.01 sec)

Query OK, 3876 rows affected (10.86 sec)
Records: 3876  Duplicates: 0  Warnings: 0

+---------+------------+----------+--------------+--------------+-----------+-------------+----------+--------+------+------------+---------+---------------+
| Table   | Non_unique | Key_name | Seq_in_index | Column_name  | Collation | Cardinality | Sub_part | Packed | Null | Index_type | Comment | Index_comment |
+---------+------------+----------+--------------+--------------+-----------+-------------+----------+--------+------+------------+---------+---------------+
| tempvod |          1 | idxtvod1 |            1 | device       | A         |        3772 |     NULL | NULL   | YES  | BTREE      |         |               |
| tempvod |          1 | idxtvod2 |            1 | sessionstart | A         |        3772 |     NULL | NULL   | YES  | BTREE      |         |               |
+---------+------------+----------+--------------+--------------+-----------+-------------+----------+--------+------+------------+---------+---------------+
2 rows in set (0.00 sec)

Query OK, 3876 rows affected (2.27 sec)
Records: 3876  Duplicates: 0  Warnings: 0

Query OK, 0 rows affected (0.01 sec)

Query OK, 663720 rows affected (50.60 sec)
Records: 663720  Duplicates: 0  Warnings: 0

+--------------+
| rep_vodstats |
+--------------+
|       663720 |
+--------------+
1 row in set (0.20 sec)

Database changed
Query OK, 0 rows affected (0.01 sec)

Query OK, 14358 rows affected (32.08 sec)
Records: 14358  Duplicates: 0  Warnings: 0

+--------+------------+----------+--------------+--------------+-----------+-------------+----------+--------+------+------------+---------+---------------+
| Table  | Non_unique | Key_name | Seq_in_index | Column_name  | Collation | Cardinality | Sub_part | Packed | Null | Index_type | Comment | Index_comment |
+--------+------------+----------+--------------+--------------+-----------+-------------+----------+--------+------+------------+---------+---------------+
| tempts |          1 | idxtts1  |            1 | device       | A         |       14492 |     NULL | NULL   | YES  | BTREE      |         |               |
| tempts |          1 | idxtts2  |            1 | sessionstart | A         |       14492 |     NULL | NULL   | YES  | BTREE      |         |               |
+--------+------------+----------+--------------+--------------+-----------+-------------+----------+--------+------+------------+---------+---------------+
2 rows in set (0.00 sec)

Query OK, 14321 rows affected (9.90 sec)
Records: 14321  Duplicates: 0  Warnings: 0

Query OK, 0 rows affected (0.01 sec)

Query OK, 34378 rows affected (31.51 sec)
Records: 34378  Duplicates: 0  Warnings: 0

+-------------+
| rep_tsstats |
+-------------+
|       34378 |
+-------------+
1 row in set (0.02 sec)

mysql> mysql \. C:\workspace\cloud\code\sql\_DailyScript\currenttime.sql
+---------------------+
| currenttime         |
+---------------------+
| 2020-05-27 08:53:08 |
+---------------------+
1 row in set (0.00 sec)

mysql> 
mysql> mysql \. C:\workspace\cloud\code\sql\_DailyScript\DAILY-SCRIPT-RADIO-STATS.sql
Database changed
Query OK, 0 rows affected (0.00 sec)

Query OK, 263180 rows affected (2.69 sec)
Records: 263180  Duplicates: 0  Warnings: 0

+-----------+------------+----------+--------------+--------------+-----------+-------------+----------+--------+------+------------+---------+---------------+
| Table     | Non_unique | Key_name | Seq_in_index | Column_name  | Collation | Cardinality | Sub_part | Packed | Null | Index_type | Comment | Index_comment |
+-----------+------------+----------+--------------+--------------+-----------+-------------+----------+--------+------+------------+---------+---------------+
| tempradio |          1 | idxtrad1 |            1 | device       | A         |      264384 |     NULL | NULL   | YES  | BTREE      |         |               |
| tempradio |          1 | idxtrad2 |            1 | sessionstart | A         |      264384 |     NULL | NULL   | YES  | BTREE      |         |               |
+-----------+------------+----------+--------------+--------------+-----------+-------------+----------+--------+------+------------+---------+---------------+
2 rows in set (0.00 sec)

Query OK, 297 rows affected (0.79 sec)
Records: 297  Duplicates: 0  Warnings: 0

Query OK, 0 rows affected (0.01 sec)

Query OK, 4662 rows affected (0.35 sec)
Records: 4662  Duplicates: 0  Warnings: 0

+----------------+
| rep_radiostats |
+----------------+
|           4662 |
+----------------+
1 row in set (0.00 sec)

mysql> mysql \. C:\workspace\cloud\code\sql\_DailyScript\currenttime.sql
+---------------------+
| currenttime         |
+---------------------+
| 2020-05-27 08:53:11 |
+---------------------+
1 row in set (0.00 sec)

mysql> 
mysql> mysql \. C:\workspace\cloud\code\sql\_DailyScript\DAILY_SCRIPT_TELEMETRY_PIVOT_2020.sql
Query OK, 0 rows affected (0.01 sec)

Query OK, 144 rows affected (0.12 sec)
Records: 144  Duplicates: 0  Warnings: 0

Query OK, 0 rows affected (0.00 sec)

Query OK, 9564 rows affected (1.58 sec)
Records: 9564  Duplicates: 0  Warnings: 0

Query OK, 0 rows affected (0.01 sec)

Query OK, 8 rows affected (0.01 sec)
Records: 8  Duplicates: 0  Warnings: 0

Query OK, 0 rows affected (0.01 sec)

Query OK, 47 rows affected (0.04 sec)
Records: 47  Duplicates: 0  Warnings: 0

mysql> mysql \. C:\workspace\cloud\code\sql\_DailyScript\currenttime.sql
+---------------------+
| currenttime         |
+---------------------+
| 2020-05-27 08:53:13 |
+---------------------+
1 row in set (0.00 sec)

mysql> 
mysql> mysql \. C:\workspace\cloud\code\sql\_DailyScript\telemetry_livetv_ranking2020.sql
Query OK, 0 rows affected (0.00 sec)

Query OK, 144 rows affected (0.01 sec)
Records: 144  Duplicates: 0  Warnings: 0

mysql> mysql \. C:\workspace\cloud\code\sql\_DailyScript\currenttime.sql
+---------------------+
| currenttime         |
+---------------------+
| 2020-05-27 08:53:13 |
+---------------------+
1 row in set (0.00 sec)

mysql> 
mysql> mysql \. C:\workspace\cloud\code\sql\_DailyScript\telemetry_radio_ranking2020.sql
Query OK, 0 rows affected (0.00 sec)

Query OK, 8 rows affected (0.01 sec)
Records: 8  Duplicates: 0  Warnings: 0

mysql> mysql \. C:\workspace\cloud\code\sql\_DailyScript\currenttime.sql
+---------------------+
| currenttime         |
+---------------------+
| 2020-05-27 08:53:13 |
+---------------------+
1 row in set (0.00 sec)

mysql> 
mysql> mysql \. C:\workspace\cloud\code\sql\_DailyScript\telemetry_ts_ranking2020.sql
Query OK, 0 rows affected (0.00 sec)

Query OK, 47 rows affected (0.02 sec)
Records: 47  Duplicates: 0  Warnings: 0

mysql> mysql \. C:\workspace\cloud\code\sql\_DailyScript\currenttime.sql
+---------------------+
| currenttime         |
+---------------------+
| 2020-05-27 08:53:13 |
+---------------------+
1 row in set (0.00 sec)

mysql> 
mysql> mysql \. C:\workspace\cloud\code\sql\_DailyScript\telemetry_vod_ranking2020.sql
Query OK, 0 rows affected (0.00 sec)

Query OK, 9564 rows affected (0.39 sec)
Records: 9564  Duplicates: 0  Warnings: 0

mysql> mysql \. C:\workspace\cloud\code\sql\_DailyScript\currenttime.sql
+---------------------+
| currenttime         |
+---------------------+
| 2020-05-27 08:53:14 |
+---------------------+
1 row in set (0.00 sec)

mysql> 
mysql> mysql \. C:\workspace\cloud\code\sql\_DailyScript\telemetry_vod_ranking2020_1.sql
Query OK, 0 rows affected (0.02 sec)

Query OK, 9564 rows affected (0.20 sec)
Records: 9564  Duplicates: 0  Warnings: 0

mysql> mysql \. C:\workspace\cloud\code\sql\_DailyScript\currenttime.sql
+---------------------+
| currenttime         |
+---------------------+
| 2020-05-27 08:53:14 |
+---------------------+
1 row in set (0.00 sec)

mysql> 
mysql> mysql \. C:\workspace\cloud\code\sql\_DailyScript\telemetry_vod_ranking2020_2.sql
Query OK, 0 rows affected (0.01 sec)

Query OK, 9564 rows affected (0.18 sec)
Records: 9564  Duplicates: 0  Warnings: 0

mysql> mysql \. C:\workspace\cloud\code\sql\_DailyScript\currenttime.sql
+---------------------+
| currenttime         |
+---------------------+
| 2020-05-27 08:53:14 |
+---------------------+
1 row in set (0.00 sec)

mysql> 
mysql> mysql \. C:\workspace\cloud\code\sql\_DailyScript\DAILY-SCRIPT-CREATE-LOAD.sql
Database changed
Database changed
Query OK, 0 rows affected (0.03 sec)

Query OK, 0 rows affected (0.01 sec)

Database changed
Query OK, 66564 rows affected (2.38 sec)
Records: 66564  Deleted: 0  Skipped: 0  Warnings: 0

Query OK, 0 rows affected (0.12 sec)
Records: 0  Duplicates: 0  Warnings: 0

Query OK, 0 rows affected (0.21 sec)
Records: 0  Duplicates: 0  Warnings: 0

Query OK, 0 rows affected (0.22 sec)
Records: 0  Duplicates: 0  Warnings: 0

Query OK, 0 rows affected (0.20 sec)
Records: 0  Duplicates: 0  Warnings: 0

+---------+
| clients |
+---------+
|   66564 |
+---------+
1 row in set (0.02 sec)

Query OK, 0 rows affected (0.01 sec)

Query OK, 9630 rows affected (4.71 sec)
Records: 9630  Duplicates: 0  Warnings: 0

Query OK, 0 rows affected (0.03 sec)
Records: 0  Duplicates: 0  Warnings: 0

+-------------------+
| rcb_clientparcels |
+-------------------+
|              9630 |
+-------------------+
1 row in set (0.00 sec)

Query OK, 0 rows affected (0.01 sec)

Query OK, 80787 rows affected (3.01 sec)
Records: 80787  Duplicates: 0  Warnings: 0

Query OK, 0 rows affected (0.24 sec)
Records: 0  Duplicates: 0  Warnings: 0

Query OK, 0 rows affected (0.01 sec)

Query OK, 66564 rows affected (33.99 sec)
Records: 66564  Duplicates: 0  Warnings: 0

Query OK, 0 rows affected (0.18 sec)
Records: 0  Duplicates: 0  Warnings: 0

Query OK, 0 rows affected (0.19 sec)
Records: 0  Duplicates: 0  Warnings: 0

Query OK, 0 rows affected (0.16 sec)
Records: 0  Duplicates: 0  Warnings: 0

+---------------+
| clientaddress |
+---------------+
|         66564 |
+---------------+
1 row in set (0.02 sec)

Database changed
Query OK, 0 rows affected (0.01 sec)

Query OK, 0 rows affected (0.01 sec)

Database changed
Query OK, 513948 rows affected, 65535 warnings (14.41 sec)
Records: 513948  Deleted: 0  Skipped: 0  Warnings: 207554

Query OK, 0 rows affected (2.33 sec)
Records: 0  Duplicates: 0  Warnings: 0

Query OK, 0 rows affected (2.20 sec)
Records: 0  Duplicates: 0  Warnings: 0

Query OK, 0 rows affected (1.33 sec)
Records: 0  Duplicates: 0  Warnings: 0

Query OK, 0 rows affected (0.01 sec)

Query OK, 513948 rows affected (38.23 sec)
Records: 513948  Duplicates: 0  Warnings: 0

Query OK, 0 rows affected (1.64 sec)
Records: 0  Duplicates: 0  Warnings: 0

Query OK, 0 rows affected (1.28 sec)
Records: 0  Duplicates: 0  Warnings: 0

+-----------+
| contracts |
+-----------+
|    513948 |
+-----------+
1 row in set (0.15 sec)

+-----------------+
| contractaddress |
+-----------------+
|          513948 |
+-----------------+
1 row in set (0.14 sec)

Database changed
Query OK, 0 rows affected (0.00 sec)

Query OK, 0 rows affected (0.01 sec)

Query OK, 7385 rows affected (0.15 sec)
Records: 7385  Deleted: 0  Skipped: 0  Warnings: 0

Query OK, 0 rows affected (0.01 sec)

Query OK, 7354 rows affected (0.78 sec)
Records: 7354  Duplicates: 0  Warnings: 0

Query OK, 0 rows affected (0.03 sec)
Records: 0  Duplicates: 0  Warnings: 0

Query OK, 0 rows affected (0.01 sec)

Query OK, 5688 rows affected (0.05 sec)
Records: 5688  Duplicates: 0  Warnings: 0

Query OK, 0 rows affected (0.04 sec)
Records: 0  Duplicates: 0  Warnings: 0

+-------------------+
| contractdiscounts |
+-------------------+
|              7385 |
+-------------------+
1 row in set (0.00 sec)

+-------------------------+
| clientcontractdiscounts |
+-------------------------+
|                    7354 |
+-------------------------+
1 row in set (0.00 sec)

+----------------------------+
| clientcontractlastdiscount |
+----------------------------+
|                       5688 |
+----------------------------+
1 row in set (0.00 sec)

Database changed
Query OK, 0 rows affected (0.06 sec)

Query OK, 0 rows affected (0.01 sec)

Database changed
Query OK, 136799 rows affected, 8 warnings (2.46 sec)
Records: 136799  Deleted: 0  Skipped: 0  Warnings: 8

Query OK, 0 rows affected (0.25 sec)
Records: 0  Duplicates: 0  Warnings: 0

Query OK, 0 rows affected (0.30 sec)
Records: 0  Duplicates: 0  Warnings: 0

Query OK, 0 rows affected (0.28 sec)
Records: 0  Duplicates: 0  Warnings: 0

Query OK, 0 rows affected (0.26 sec)
Records: 0  Duplicates: 0  Warnings: 0

Query OK, 0 rows affected (0.33 sec)
Records: 0  Duplicates: 0  Warnings: 0

Query OK, 0 rows affected (0.50 sec)
Records: 0  Duplicates: 0  Warnings: 0

Query OK, 0 rows affected (0.05 sec)

Query OK, 1751102 rows affected (3 min 24.69 sec)
Records: 1751102  Duplicates: 0  Warnings: 0

Query OK, 0 rows affected (4.14 sec)
Records: 0  Duplicates: 0  Warnings: 0

+---------+
| devices |
+---------+
|  136799 |
+---------+
1 row in set (0.04 sec)

+-----------------------+
| clientcontractdevices |
+-----------------------+
|               1751102 |
+-----------------------+
1 row in set (0.68 sec)

Query OK, 0 rows affected (0.02 sec)

Query OK, 136706 rows affected (4.79 sec)
Records: 136706  Duplicates: 0  Warnings: 0

+---------------------------+
| rep_clientcontractdevices |
+---------------------------+
|                    136706 |
+---------------------------+
1 row in set (0.04 sec)

Database changed
Query OK, 0 rows affected (0.03 sec)

Query OK, 0 rows affected (0.01 sec)

Query OK, 284954 rows affected (6.42 sec)
Records: 284954  Deleted: 0  Skipped: 0  Warnings: 0

Query OK, 0 rows affected (0.62 sec)
Records: 0  Duplicates: 0  Warnings: 0

Query OK, 0 rows affected (0.59 sec)
Records: 0  Duplicates: 0  Warnings: 0

Query OK, 0 rows affected (0.56 sec)
Records: 0  Duplicates: 0  Warnings: 0

Query OK, 0 rows affected (0.49 sec)
Records: 0  Duplicates: 0  Warnings: 0

+---------+
| tickets |
+---------+
|  284954 |
+---------+
1 row in set (0.07 sec)

Database changed
Query OK, 0 rows affected (0.00 sec)

Query OK, 0 rows affected (0.01 sec)

Empty set (0.00 sec)

Query OK, 0 rows affected (0.01 sec)
Records: 0  Duplicates: 0  Warnings: 0

Query OK, 355 rows affected, 2 warnings (0.02 sec)
Records: 355  Deleted: 0  Skipped: 0  Warnings: 2

+-----------------+
| tickettechusers |
+-----------------+
|             355 |
+-----------------+
1 row in set (0.00 sec)

Database changed
Query OK, 0 rows affected (0.01 sec)

Query OK, 0 rows affected (0.01 sec)

Query OK, 0 rows affected (0.01 sec)
Records: 0  Duplicates: 0  Warnings: 0

Query OK, 617023 rows affected, 45784 warnings (9.52 sec)
Records: 617023  Deleted: 0  Skipped: 0  Warnings: 45784

+-------------------+
| ticketassignments |
+-------------------+
|            617023 |
+-------------------+
1 row in set (0.17 sec)

Database changed
Query OK, 0 rows affected (0.02 sec)

Query OK, 0 rows affected (0.01 sec)

Query OK, 1258069 rows affected (14.19 sec)
Records: 1258069  Deleted: 0  Skipped: 0  Warnings: 0

Query OK, 0 rows affected (4.18 sec)
Records: 0  Duplicates: 0  Warnings: 0

Query OK, 0 rows affected (2.21 sec)
Records: 0  Duplicates: 0  Warnings: 0

Query OK, 0 rows affected (2.29 sec)
Records: 0  Duplicates: 0  Warnings: 0

Query OK, 0 rows affected (2.70 sec)
Records: 0  Duplicates: 0  Warnings: 0

+----------------+
| ticketcomments |
+----------------+
|        1258069 |
+----------------+
1 row in set (0.33 sec)

Database changed
Query OK, 0 rows affected (0.01 sec)

Query OK, 0 rows affected (0.01 sec)

Query OK, 447583 rows affected (31.06 sec)
Records: 447583  Deleted: 0  Skipped: 0  Warnings: 0

Query OK, 0 rows affected (1.99 sec)
Records: 0  Duplicates: 0  Warnings: 0

+----------+
| comments |
+----------+
|   447583 |
+----------+
1 row in set (0.13 sec)

Database changed
Query OK, 0 rows affected (0.03 sec)

Query OK, 0 rows affected (0.01 sec)

Query OK, 1252306 rows affected, 65535 warnings (1 min 6.16 sec)
Records: 1252306  Deleted: 0  Skipped: 0  Warnings: 1252328

Query OK, 0 rows affected (3.44 sec)
Records: 0  Duplicates: 0  Warnings: 0

Query OK, 0 rows affected (2.83 sec)
Records: 0  Duplicates: 0  Warnings: 0

Query OK, 0 rows affected (3.00 sec)
Records: 0  Duplicates: 0  Warnings: 0

Query OK, 0 rows affected (2.51 sec)
Records: 0  Duplicates: 0  Warnings: 0

Query OK, 0 rows affected (4.07 sec)
Records: 0  Duplicates: 0  Warnings: 0

+------------+
| devicesold |
+------------+
|    1252306 |
+------------+
1 row in set (0.34 sec)

Database changed
Query OK, 0 rows affected (0.02 sec)

Query OK, 0 rows affected (0.02 sec)

Query OK, 1744624 rows affected (20.85 sec)
Records: 1744624  Deleted: 0  Skipped: 0  Warnings: 0

Query OK, 0 rows affected (5.06 sec)
Records: 0  Duplicates: 0  Warnings: 0

Query OK, 0 rows affected (3.49 sec)
Records: 0  Duplicates: 0  Warnings: 0

Query OK, 0 rows affected (3.87 sec)
Records: 0  Duplicates: 0  Warnings: 0

+------------------+
| contractservices |
+------------------+
|          1744624 |
+------------------+
1 row in set (0.47 sec)

Database changed
Query OK, 0 rows affected (0.04 sec)

Query OK, 0 rows affected (0.01 sec)

Query OK, 4119140 rows affected (1 min 37.89 sec)
Records: 4119140  Deleted: 0  Skipped: 0  Warnings: 0

Query OK, 0 rows affected (11.10 sec)
Records: 0  Duplicates: 0  Warnings: 0

Query OK, 0 rows affected (11.58 sec)
Records: 0  Duplicates: 0  Warnings: 0

Query OK, 0 rows affected (11.09 sec)
Records: 0  Duplicates: 0  Warnings: 0

Query OK, 0 rows affected (10.28 sec)
Records: 0  Duplicates: 0  Warnings: 0

+------------------+
| invoicescontents |
+------------------+
|          4119140 |
+------------------+
1 row in set (1.14 sec)

Database changed
Query OK, 0 rows affected (0.05 sec)

Query OK, 0 rows affected (0.00 sec)

Query OK, 2885478 rows affected (2 min 34.14 sec)
Records: 2885478  Deleted: 0  Skipped: 0  Warnings: 0

Query OK, 0 rows affected (11.85 sec)
Records: 0  Duplicates: 0  Warnings: 0

Query OK, 0 rows affected (9.20 sec)
Records: 0  Duplicates: 0  Warnings: 0

Query OK, 0 rows affected (10.41 sec)
Records: 0  Duplicates: 0  Warnings: 0

Query OK, 0 rows affected (9.83 sec)
Records: 0  Duplicates: 0  Warnings: 0

Query OK, 0 rows affected (10.32 sec)
Records: 0  Duplicates: 0  Warnings: 0

+----------------+
| invoicesheader |
+----------------+
|        2885478 |
+----------------+
1 row in set (0.77 sec)

Database changed
Query OK, 0 rows affected (0.03 sec)

Query OK, 0 rows affected (0.01 sec)

Query OK, 2947702 rows affected (1 min 12.01 sec)
Records: 2947702  Deleted: 0  Skipped: 0  Warnings: 0

Query OK, 0 rows affected (7.15 sec)
Records: 0  Duplicates: 0  Warnings: 0

Query OK, 0 rows affected (7.33 sec)
Records: 0  Duplicates: 0  Warnings: 0

Query OK, 0 rows affected (7.29 sec)
Records: 0  Duplicates: 0  Warnings: 0

Query OK, 0 rows affected (6.95 sec)
Records: 0  Duplicates: 0  Warnings: 0

+---------+
| casa    |
+---------+
| 2947702 |
+---------+
1 row in set (0.78 sec)

Query OK, 0 rows affected (0.01 sec)

Query OK, 14214 rows affected (1 min 6.18 sec)
Records: 14214  Duplicates: 0  Warnings: 0

+--------------------+
| rep_paycol_channel |
+--------------------+
|              14214 |
+--------------------+
1 row in set (0.01 sec)

Query OK, 0 rows affected (0.01 sec)

Query OK, 10240 rows affected (1 min 21.86 sec)
Records: 10240  Duplicates: 0  Warnings: 0

+----------------+
| rep_paycol_pos |
+----------------+
|          10240 |
+----------------+
1 row in set (0.00 sec)

Database changed
Query OK, 0 rows affected (0.01 sec)

Query OK, 0 rows affected (0.01 sec)

Database changed
Query OK, 39216 rows affected (0.72 sec)
Records: 39216  Deleted: 0  Skipped: 0  Warnings: 0

+-------+
| users |
+-------+
| 39216 |
+-------+
1 row in set (0.01 sec)

Query OK, 0 rows affected (0.07 sec)
Records: 0  Duplicates: 0  Warnings: 0

Database changed
Query OK, 0 rows affected (0.04 sec)

Query OK, 0 rows affected (0.00 sec)

Query OK, 1872898 rows affected, 2 warnings (27.64 sec)
Records: 1872898  Deleted: 0  Skipped: 0  Warnings: 2

Query OK, 0 rows affected (4.96 sec)
Records: 0  Duplicates: 0  Warnings: 0

Query OK, 0 rows affected (4.47 sec)
Records: 0  Duplicates: 0  Warnings: 0

Query OK, 0 rows affected (4.35 sec)
Records: 0  Duplicates: 0  Warnings: 0

Query OK, 0 rows affected (4.00 sec)
Records: 0  Duplicates: 0  Warnings: 0

Query OK, 0 rows affected (3.71 sec)
Records: 0  Duplicates: 0  Warnings: 0

+-------------+
| useractions |
+-------------+
|     1872898 |
+-------------+
1 row in set (0.52 sec)

Database changed
Query OK, 0 rows affected (0.06 sec)

Query OK, 0 rows affected (0.01 sec)

Database changed
Query OK, 18660273 rows affected (3 min 2.71 sec)
Records: 18660273  Deleted: 0  Skipped: 0  Warnings: 0

Query OK, 0 rows affected (46.24 sec)
Records: 0  Duplicates: 0  Warnings: 0

Query OK, 0 rows affected (44.90 sec)
Records: 0  Duplicates: 0  Warnings: 0

Query OK, 0 rows affected (44.60 sec)
Records: 0  Duplicates: 0  Warnings: 0

Query OK, 0 rows affected (40.01 sec)
Records: 0  Duplicates: 0  Warnings: 0

Query OK, 0 rows affected (52.46 sec)
Records: 0  Duplicates: 0  Warnings: 0

+----------+
| ipusage1 |
+----------+
| 18660273 |
+----------+
1 row in set (6.18 sec)

Query OK, 0 rows affected (0.08 sec)

Query OK, 18843658 rows affected, 65535 warnings (7 min 21.14 sec)
Records: 18843658  Duplicates: 0  Warnings: 18838554

Query OK, 0 rows affected (48.22 sec)
Records: 0  Duplicates: 0  Warnings: 0

Query OK, 0 rows affected (47.90 sec)
Records: 0  Duplicates: 0  Warnings: 0

Query OK, 0 rows affected (48.97 sec)
Records: 0  Duplicates: 0  Warnings: 0

Query OK, 0 rows affected (43.41 sec)
Records: 0  Duplicates: 0  Warnings: 0

Query OK, 0 rows affected (1 min 11.68 sec)
Records: 0  Duplicates: 0  Warnings: 0

Query OK, 0 rows affected (1 min 15.28 sec)
Records: 0  Duplicates: 0  Warnings: 0

Query OK, 0 rows affected (1 min 6.92 sec)
Records: 0  Duplicates: 0  Warnings: 0

+----------+
| ipusage  |
+----------+
| 18843658 |
+----------+
1 row in set (6.38 sec)

Query OK, 0 rows affected (0.03 sec)

Query OK, 4643856 rows affected (4 min 12.85 sec)
Records: 4643856  Duplicates: 0  Warnings: 0

Query OK, 0 rows affected (14.32 sec)
Records: 0  Duplicates: 0  Warnings: 0

Query OK, 0 rows affected (9.69 sec)
Records: 0  Duplicates: 0  Warnings: 0

Query OK, 0 rows affected (15.44 sec)
Records: 0  Duplicates: 0  Warnings: 0

Query OK, 0 rows affected (18.04 sec)
Records: 0  Duplicates: 0  Warnings: 0

Query OK, 0 rows affected (11.03 sec)
Records: 0  Duplicates: 0  Warnings: 0

Query OK, 0 rows affected (0.02 sec)

Query OK, 386098 rows affected (31.32 sec)
Records: 386098  Duplicates: 0  Warnings: 0

Query OK, 0 rows affected (1.17 sec)
Records: 0  Duplicates: 0  Warnings: 0

Query OK, 0 rows affected (1.06 sec)
Records: 0  Duplicates: 0  Warnings: 0

Query OK, 0 rows affected (1.24 sec)
Records: 0  Duplicates: 0  Warnings: 0

Query OK, 0 rows affected (0.69 sec)
Records: 0  Duplicates: 0  Warnings: 0

Query OK, 0 rows affected (0.68 sec)
Records: 0  Duplicates: 0  Warnings: 0

Query OK, 0 rows affected (0.71 sec)
Records: 0  Duplicates: 0  Warnings: 0

Query OK, 0 rows affected (0.68 sec)
Records: 0  Duplicates: 0  Warnings: 0

Query OK, 0 rows affected (0.02 sec)

Query OK, 1744417 rows affected (45.72 sec)
Records: 1744417  Duplicates: 0  Warnings: 0

Query OK, 0 rows affected (6.94 sec)
Records: 0  Duplicates: 0  Warnings: 0

Query OK, 0 rows affected (3.64 sec)
Records: 0  Duplicates: 0  Warnings: 0

Query OK, 0 rows affected (5.03 sec)
Records: 0  Duplicates: 0  Warnings: 0

mysql> mysql \. C:\workspace\cloud\code\sql\_DailyScript\currenttime.sql
+---------------------+
| currenttime         |
+---------------------+
| 2020-05-27 09:40:53 |
+---------------------+
1 row in set (0.00 sec)

mysql> 
mysql> mysql \. C:\workspace\cloud\code\sql\_DailyScript\ticket_analysis.sql
Database changed
Query OK, 0 rows affected (0.02 sec)

Query OK, 619035 rows affected (17.79 sec)
Records: 619035  Duplicates: 0  Warnings: 0

Query OK, 0 rows affected (4.22 sec)
Records: 0  Duplicates: 0  Warnings: 0

Query OK, 0 rows affected (1.64 sec)
Records: 0  Duplicates: 0  Warnings: 0

Query OK, 0 rows affected (1.56 sec)
Records: 0  Duplicates: 0  Warnings: 0

Query OK, 0 rows affected (0.01 sec)

Query OK, 20255 rows affected (9.90 sec)
Records: 20255  Duplicates: 0  Warnings: 0

Query OK, 0 rows affected, 1 warning (0.00 sec)

Query OK, 87184 rows affected (5.73 sec)
Records: 87184  Duplicates: 0  Warnings: 0

Query OK, 0 rows affected, 1 warning (0.00 sec)

Query OK, 448039 rows affected (11.19 sec)
Records: 448039  Duplicates: 0  Warnings: 0

Query OK, 0 rows affected, 1 warning (0.00 sec)

Query OK, 448039 rows affected (11.80 sec)
Records: 448039  Duplicates: 0  Warnings: 0

Query OK, 0 rows affected (0.01 sec)

Query OK, 87253 rows affected (4.39 sec)
Records: 87253  Duplicates: 0  Warnings: 0

Database changed
Query OK, 0 rows affected (0.00 sec)

Query OK, 0 rows affected (0.02 sec)

Query OK, 619035 rows affected (17.62 sec)
Records: 619035  Duplicates: 0  Warnings: 0

Query OK, 0 rows affected (0.01 sec)

Query OK, 309573 rows affected (11.75 sec)
Records: 309573  Duplicates: 0  Warnings: 0

+--------------------------+
| clientticket_cmmtjourney |
+--------------------------+
|                   619035 |
+--------------------------+
1 row in set (1.97 sec)

+---------------------------+
| clientticket_assgnjourney |
+---------------------------+
|                    309573 |
+---------------------------+
1 row in set (0.33 sec)

Query OK, 0 rows affected (0.01 sec)

Query OK, 74 rows affected (0.08 sec)
Records: 74  Duplicates: 0  Warnings: 0

mysql> mysql \. C:\workspace\cloud\code\sql\_DailyScript\currenttime.sql
+---------------------+
| currenttime         |
+---------------------+
| 2020-05-27 09:42:33 |
+---------------------+
1 row in set (0.00 sec)

mysql> 
mysql> mysql \. C:\workspace\cloud\code\sql\_DailyScript\load_DailyCalls.sql
Database changed
Query OK, 535 rows affected (0.15 sec)
Records: 535  Deleted: 0  Skipped: 0  Warnings: 0

Query OK, 0 rows affected, 1 warning (0.00 sec)

Query OK, 517 rows affected (0.03 sec)
Records: 517  Duplicates: 0  Warnings: 0

Query OK, 0 rows affected, 1 warning (0.00 sec)

Query OK, 66876 rows affected (0.28 sec)
Records: 66876  Duplicates: 0  Warnings: 0

+----------------------+
| callingclientsbefore |
+----------------------+
|               928659 |
+----------------------+
1 row in set (0.34 sec)

Query OK, 719 rows affected (10.16 sec)
Records: 719  Duplicates: 0  Warnings: 0

+---------------------+
| callingclientsafter |
+---------------------+
|              929378 |
+---------------------+
1 row in set (0.23 sec)

Query OK, 0 rows affected (0.01 sec)

Query OK, 386 rows affected (2.84 sec)
Records: 386  Duplicates: 0  Warnings: 0

Query OK, 0 rows affected (0.00 sec)

Query OK, 18636 rows affected (2.67 sec)
Records: 18636  Duplicates: 0  Warnings: 0

+-----------+
| callstats |
+-----------+
|     18636 |
+-----------+
1 row in set (0.01 sec)

Query OK, 0 rows affected, 1 warning (0.00 sec)

Query OK, 719 rows affected (2.39 sec)
Records: 719  Duplicates: 0  Warnings: 0

+------------------------+
| rep_cccallreportbefore |
+------------------------+
|                 933213 |
+------------------------+
1 row in set (0.31 sec)

Query OK, 732 rows affected (0.17 sec)
Records: 732  Duplicates: 0  Warnings: 0

+-----------------------+
| rep_cccallreportafter |
+-----------------------+
|                933945 |
+-----------------------+
1 row in set (0.25 sec)

Query OK, 0 rows affected (0.01 sec)

mysql> mysql \. C:\workspace\cloud\code\sql\_DailyScript\currenttime.sql
+---------------------+
| currenttime         |
+---------------------+
| 2020-05-27 09:42:53 |
+---------------------+
1 row in set (0.00 sec)

mysql> 
mysql> mysql \. C:\workspace\cloud\code\sql\_DailyScript\DAILY-SCRIPT-USAGE.sql
Database changed
Query OK, 0 rows affected (0.00 sec)

Query OK, 8080 rows affected, 23416 warnings (1.26 sec)
Records: 8080  Deleted: 0  Skipped: 0  Warnings: 23416

Query OK, 0 rows affected (0.00 sec)

Query OK, 12483 rows affected, 36122 warnings (1.80 sec)
Records: 12483  Deleted: 0  Skipped: 0  Warnings: 36122

Query OK, 0 rows affected (0.00 sec)

Query OK, 339 rows affected, 1222 warnings (0.04 sec)
Records: 339  Deleted: 0  Skipped: 0  Warnings: 1222

Query OK, 0 rows affected (0.00 sec)

Query OK, 222 rows affected, 765 warnings (0.03 sec)
Records: 222  Deleted: 0  Skipped: 0  Warnings: 765

+------------+
| dailyusage |
+------------+
|   12453288 |
+------------+
1 row in set (4.90 sec)

+------------+------------+------------+---------+
| datestart  | dateend    | insertedon | records |
+------------+------------+------------+---------+
| 2020-05-26 | 2020-05-26 | 2020-05-27 |   21124 |
| 2020-05-25 | 2020-05-25 | 2020-05-26 |   21137 |
| 2020-05-24 | 2020-05-24 | 2020-05-25 |   20284 |
| 2020-05-23 | 2020-05-23 | 2020-05-24 |     260 |
| 2020-05-22 | 2020-05-22 | 2020-05-23 |   16861 |
+------------+------------+------------+---------+
5 rows in set (24.11 sec)

mysql> mysql \. C:\workspace\cloud\code\sql\_DailyScript\currenttime.sql
+---------------------+
| currenttime         |
+---------------------+
| 2020-05-27 09:43:25 |
+---------------------+
1 row in set (0.00 sec)

mysql> 
mysql> mysql \. C:\workspace\cloud\code\sql\_DailyScript\DAILY-SCRIPT-SALES-TELEMETRY.sql
Database changed
Query OK, 149 rows affected, 90 warnings (0.03 sec)
Records: 149  Deleted: 0  Skipped: 0  Warnings: 90

+------------+
| dailysales |
+------------+
|     196357 |
+------------+
1 row in set (0.21 sec)

Query OK, 0 rows affected (0.01 sec)

Query OK, 196357 rows affected (11.81 sec)
Records: 196357  Duplicates: 0  Warnings: 0

+--------+
| sales  |
+--------+
| 196357 |
+--------+
1 row in set (0.08 sec)

Query OK, 0 rows affected (0.01 sec)

Query OK, 3154 rows affected (0.32 sec)
Records: 3154  Duplicates: 0  Warnings: 0

+----------------+
| rep_dailysales |
+----------------+
|           3154 |
+----------------+
1 row in set (0.00 sec)

Query OK, 0 rows affected (0.01 sec)

Query OK, 3154 rows affected (0.47 sec)
Records: 3154  Duplicates: 0  Warnings: 0

+-------------------+
| rep_dailysalesreg |
+-------------------+
|              3154 |
+-------------------+
1 row in set (0.00 sec)

Query OK, 0 rows affected (0.01 sec)

Query OK, 2732 rows affected (0.60 sec)
Records: 2732  Duplicates: 0  Warnings: 0

+-----------+
| saleslist |
+-----------+
|      2732 |
+-----------+
1 row in set (0.00 sec)

Database changed
ERROR 2 (HY000): File 'C:\ProgramData\MySQL\MySQL Server 5.7\Uploads\_csv\PrepaidCardSales-26052020-P1.csv' not found (Errcode: 2 - No such file or directory)
+------------------+
| dailysinglesales |
+------------------+
|             6271 |
+------------------+
1 row in set (0.02 sec)

Database changed
Query OK, 15 rows affected (0.03 sec)
Records: 15  Deleted: 0  Skipped: 0  Warnings: 0

+-----------------+
| dailyaddonsales |
+-----------------+
|           19541 |
+-----------------+
1 row in set (0.03 sec)

Query OK, 304 rows affected (0.09 sec)
Records: 304  Deleted: 0  Skipped: 0  Warnings: 0

+----------------+
| onlinepayments |
+----------------+
|         100738 |
+----------------+
1 row in set (0.07 sec)

+-------------+----------------+---------------------+
| paymentdate | onlinepayments | onlinepaymentamount |
+-------------+----------------+---------------------+
| 2020-05-26  |            304 |        198269.80000 |
| 2020-05-25  |            369 |        242723.17000 |
| 2020-05-24  |            246 |        165855.92000 |
| 2020-05-23  |            207 |        144625.91000 |
| 2020-05-22  |            208 |        141943.92000 |
+-------------+----------------+---------------------+
5 rows in set (0.28 sec)

+-------------+--------------+----------------+---------------------+
| paymentyear | paymentmonth | onlinepayments | onlinepaymentamount |
+-------------+--------------+----------------+---------------------+
|        2020 |            5 |           5293 |       3430059.06000 |
|        2020 |            4 |           7837 |       4979458.33000 |
|        2020 |            3 |           4932 |       3198124.05000 |
|        2020 |            2 |           3434 |       2334711.58000 |
|        2020 |            1 |           3598 |       2395112.36000 |
+-------------+--------------+----------------+---------------------+
5 rows in set (0.09 sec)

mysql> mysql \. C:\workspace\cloud\code\sql\_DailyScript\currenttime.sql
+---------------------+
| currenttime         |
+---------------------+
| 2020-05-27 09:43:39 |
+---------------------+
1 row in set (0.00 sec)

mysql> 
mysql> mysql \. C:\workspace\cloud\code\sql\_DailyScript\DAILY-SCRIPT-ACTIVENUMBERS.sql
Database changed
Query OK, 1159 rows affected (0.52 sec)
Records: 1159  Deleted: 0  Skipped: 0  Warnings: 0

+------------+----------+
| period     | count(1) |
+------------+----------+
| 2020-05-26 |     1159 |
| 2020-05-25 |     1156 |
| 2020-05-24 |     1154 |
| 2020-05-23 |     1154 |
| 2020-05-22 |     1154 |
+------------+----------+
5 rows in set (0.01 sec)

Query OK, 0 rows affected (0.01 sec)

Query OK, 79 rows affected (1.35 sec)
Records: 79  Duplicates: 0  Warnings: 0

+-------------+
| packagelist |
+-------------+
|          79 |
+-------------+
1 row in set (0.00 sec)

Database changed
Query OK, 0 rows affected (0.00 sec)

Query OK, 0 rows affected (0.00 sec)

Query OK, 0 rows affected (0.00 sec)

Query OK, 0 rows affected (0.00 sec)

Query OK, 27549 rows affected, 221 warnings (18.89 sec)
Records: 27549  Deleted: 0  Skipped: 0  Warnings: 221

+------------+----------+
| period     | count(1) |
+------------+----------+
| 2020-05-26 |    27549 |
| 2020-05-25 |    27382 |
| 2020-05-24 |    27221 |
| 2020-05-23 |    27527 |
| 2020-05-22 |    27603 |
+------------+----------+
5 rows in set (0.13 sec)

Query OK, 0 rows affected (0.02 sec)

Query OK, 26951 rows affected (42.28 sec)
Records: 26951  Duplicates: 0  Warnings: 0

Query OK, 0 rows affected (0.13 sec)
Records: 0  Duplicates: 0  Warnings: 0

Query OK, 0 rows affected (0.10 sec)
Records: 0  Duplicates: 0  Warnings: 0

Query OK, 0 rows affected (0.12 sec)
Records: 0  Duplicates: 0  Warnings: 0

Query OK, 0 rows affected (0.07 sec)
Records: 0  Duplicates: 0  Warnings: 0

Query OK, 0 rows affected (0.07 sec)
Records: 0  Duplicates: 0  Warnings: 0

Query OK, 0 rows affected (0.06 sec)
Records: 0  Duplicates: 0  Warnings: 0

+-------------+
| countbefore |
+-------------+
|    36146925 |
+-------------+
1 row in set (12.96 sec)

Query OK, 26951 rows affected (5.40 sec)
Records: 26951  Duplicates: 0  Warnings: 0

+------------+
| countafter |
+------------+
|   36173876 |
+------------+
1 row in set (11.85 sec)

+------------+--------------------------+
| period     | customercontractactivity |
+------------+--------------------------+
| 2020-05-26 |                    26951 |
| 2020-05-25 |                    26785 |
| 2020-05-24 |                    26624 |
| 2020-05-23 |                    26930 |
| 2020-05-22 |                    27006 |
+------------+--------------------------+
5 rows in set (0.05 sec)

Query OK, 0 rows affected (0.02 sec)

Query OK, 265652 rows affected (6 min 18.50 sec)
Records: 265652  Duplicates: 0  Warnings: 0

Query OK, 0 rows affected (0.87 sec)
Records: 0  Duplicates: 0  Warnings: 0

Query OK, 0 rows affected (0.90 sec)
Records: 0  Duplicates: 0  Warnings: 0

Query OK, 0 rows affected (0.94 sec)
Records: 0  Duplicates: 0  Warnings: 0

Query OK, 0 rows affected (0.00 sec)

Query OK, 227 rows affected (0.41 sec)
Records: 227  Duplicates: 0  Warnings: 0

Query OK, 0 rows affected (0.01 sec)

Query OK, 2548 rows affected (0.49 sec)
Records: 2548  Duplicates: 0  Warnings: 0

Query OK, 0 rows affected (0.02 sec)

Query OK, 26933 rows affected (0.50 sec)
Records: 26933  Duplicates: 0  Warnings: 0

Query OK, 0 rows affected (0.01 sec)

Query OK, 17045 rows affected (0.32 sec)
Records: 17045  Duplicates: 0  Warnings: 0

Query OK, 0 rows affected (0.01 sec)

Query OK, 17045 rows affected (0.11 sec)
Records: 17045  Duplicates: 0  Warnings: 0

Query OK, 0 rows affected (0.04 sec)

Query OK, 17045 rows affected (1.07 sec)
Records: 17045  Duplicates: 0  Warnings: 0

Query OK, 0 rows affected (0.02 sec)

Query OK, 17045 rows affected (41.03 sec)
Records: 17045  Duplicates: 0  Warnings: 0

+-------------+
| clientstats |
+-------------+
|       17045 |
+-------------+
1 row in set (0.00 sec)

Query OK, 0 rows affected (0.02 sec)

Query OK, 13 rows affected, 1 warning (0.08 sec)
Records: 13  Duplicates: 0  Warnings: 1

+-----------------------+-------------+-------------+----------------+-----------------+
| services              | activecount | allaccounts | uniqueaccounts | uniquecontracts |
+-----------------------+-------------+-------------+----------------+-----------------+
| All                   |         294 |          49 |             49 |             157 |
| Internet & Voice      |         397 |         180 |            180 |             352 |
| Internet Only         |        4363 |        4271 |           4264 |            4312 |
| OTT Only              |           2 |           2 |              2 |               2 |
| TV & Internet         |        9218 |        4129 |           4118 |            8376 |
| TV & Internet & OTT   |        2978 |         783 |            783 |            1617 |
| TV & Internet & Voice |         505 |         149 |            149 |             454 |
| TV & OTT              |         327 |          63 |             62 |              80 |
| TV & Voice            |          84 |          39 |             39 |              79 |
| TV & Voice & OTT      |           3 |           1 |              1 |               2 |
| TV Only               |        9316 |        7228 |           7220 |            7418 |
| Voice Only            |         152 |         151 |            151 |             152 |
| GRAND TOTAL           |       27639 |       17045 |          16965 |           23001 |
+-----------------------+-------------+-------------+----------------+-----------------+
13 rows in set (0.00 sec)

+-------------+-------------+-------------+----------------+-----------------+
| network     | activecount | allaccounts | uniqueaccounts | uniquecontracts |
+-------------+-------------+-------------+----------------+-----------------+
| ADDON       |          13 |           9 |              9 |               9 |
| GPON        |        8727 |        4403 |           4400 |            6853 |
| HFC         |       18899 |       12633 |          12633 |           16139 |
| GRAND TOTAL |       27639 |       17045 |          16965 |           23001 |
+-------------+-------------+-------------+----------------+-----------------+
4 rows in set, 1 warning (0.12 sec)

+-------------+-----------------------+-------------+-------------+----------------+-----------------+
| network     | services              | activecount | allaccounts | uniqueaccounts | uniquecontracts |
+-------------+-----------------------+-------------+-------------+----------------+-----------------+
| ADDON       | OTT Only              |           2 |           2 |              2 |               2 |
| ADDON       | TV & OTT              |           6 |           2 |              2 |               2 |
| ADDON       | TV Only               |           5 |           5 |              5 |               5 |
| ADDON       | Services Total        |          13 |           9 |              9 |               9 |
| GPON        | All                   |         156 |          26 |             26 |              83 |
| GPON        | Internet & Voice      |          70 |          29 |             29 |              60 |
| GPON        | Internet Only         |        1127 |        1052 |           1052 |            1078 |
| GPON        | TV & Internet         |        3669 |        1595 |           1595 |            3267 |
| GPON        | TV & Internet & OTT   |        1710 |         442 |            442 |             919 |
| GPON        | TV & Internet & Voice |         191 |          56 |             56 |             173 |
| GPON        | TV & OTT              |          91 |          27 |             27 |              30 |
| GPON        | TV & Voice            |          33 |          14 |             14 |              29 |
| GPON        | TV & Voice & OTT      |           3 |           1 |              1 |               2 |
| GPON        | TV Only               |        1663 |        1147 |           1147 |            1198 |
| GPON        | Voice Only            |          14 |          14 |             14 |              14 |
| GPON        | Services Total        |        8727 |        4403 |           4400 |            6853 |
| HFC         | All                   |         138 |          23 |             23 |              74 |
| HFC         | Internet & Voice      |         327 |         151 |            151 |             292 |
| HFC         | Internet Only         |        3236 |        3219 |           3219 |            3234 |
| HFC         | TV & Internet         |        5549 |        2534 |           2534 |            5109 |
| HFC         | TV & Internet & OTT   |        1268 |         341 |            341 |             698 |
| HFC         | TV & Internet & Voice |         314 |          93 |             93 |             281 |
| HFC         | TV & OTT              |         230 |          34 |             34 |              48 |
| HFC         | TV & Voice            |          51 |          25 |             25 |              50 |
| HFC         | TV Only               |        7648 |        6076 |           6076 |            6215 |
| HFC         | Voice Only            |         138 |         137 |            137 |             138 |
| HFC         | Services Total        |       18899 |       12633 |          12633 |           16139 |
| GRAND TOTAL | Services Total        |       27639 |       17045 |          16965 |           23001 |
+-------------+-----------------------+-------------+-------------+----------------+-----------------+
28 rows in set, 2 warnings (0.12 sec)

Query OK, 0 rows affected (0.01 sec)

Query OK, 48 rows affected, 3 warnings (0.17 sec)
Records: 48  Duplicates: 0  Warnings: 3

+-------------+---------------+-----------------------+-------------+-------------+----------------+-----------------+
| region      | network       | services              | activecount | allaccounts | uniqueaccounts | uniquecontracts |
+-------------+---------------+-----------------------+-------------+-------------+----------------+-----------------+
| Eden Island | GPON          | TV & Internet         |           2 |           1 |              1 |               2 |
| Eden Island | GPON          | Services Total        |           2 |           1 |              1 |               2 |
| Eden Island | Network Total | Services Total        |           2 |           1 |              1 |               2 |
| Mahe        | ADDON         | OTT Only              |           2 |           2 |              2 |               2 |
| Mahe        | ADDON         | TV & OTT              |           6 |           2 |              2 |               2 |
| Mahe        | ADDON         | TV Only               |           1 |           1 |              1 |               1 |
| Mahe        | ADDON         | Services Total        |           9 |           5 |              5 |               5 |
| Mahe        | GPON          | All                   |         143 |          24 |             24 |              77 |
| Mahe        | GPON          | Internet & Voice      |          58 |          23 |             23 |              48 |
| Mahe        | GPON          | Internet Only         |         901 |         826 |            826 |             852 |
| Mahe        | GPON          | TV & Internet         |        2810 |        1213 |           1213 |            2485 |
| Mahe        | GPON          | TV & Internet & OTT   |        1275 |         319 |            319 |             664 |
| Mahe        | GPON          | TV & Internet & Voice |         172 |          51 |             51 |             156 |
| Mahe        | GPON          | TV & OTT              |          74 |          19 |             19 |              21 |
| Mahe        | GPON          | TV & Voice            |          33 |          14 |             14 |              29 |
| Mahe        | GPON          | TV & Voice & OTT      |           3 |           1 |              1 |               2 |
| Mahe        | GPON          | TV Only               |        1336 |         899 |            899 |             941 |
| Mahe        | GPON          | Voice Only            |          12 |          12 |             12 |              12 |
| Mahe        | GPON          | Services Total        |        6817 |        3401 |           3401 |            5287 |
| Mahe        | HFC           | All                   |         138 |          23 |             23 |              74 |
| Mahe        | HFC           | Internet & Voice      |         327 |         151 |            151 |             292 |
| Mahe        | HFC           | Internet Only         |        3235 |        3218 |           3218 |            3233 |
| Mahe        | HFC           | TV & Internet         |        5549 |        2534 |           2534 |            5109 |
| Mahe        | HFC           | TV & Internet & OTT   |        1268 |         341 |            341 |             698 |
| Mahe        | HFC           | TV & Internet & Voice |         314 |          93 |             93 |             281 |
| Mahe        | HFC           | TV & OTT              |         230 |          34 |             34 |              48 |
| Mahe        | HFC           | TV & Voice            |          51 |          25 |             25 |              50 |
| Mahe        | HFC           | TV Only               |        7643 |        6073 |           6073 |            6212 |
| Mahe        | HFC           | Voice Only            |         138 |         137 |            137 |             138 |
| Mahe        | HFC           | Services Total        |       18893 |       12629 |          12629 |           16135 |
| Mahe        | Network Total | Services Total        |       25719 |       16035 |          15961 |           21427 |
| Praslin     | ADDON         | TV Only               |           4 |           4 |              4 |               4 |
| Praslin     | ADDON         | Services Total        |           4 |           4 |              4 |               4 |
| Praslin     | GPON          | All                   |          13 |           2 |              2 |               6 |
| Praslin     | GPON          | Internet & Voice      |          12 |           6 |              6 |              12 |
| Praslin     | GPON          | Internet Only         |         226 |         226 |            226 |             226 |
| Praslin     | GPON          | TV & Internet         |         857 |         381 |            381 |             780 |
| Praslin     | GPON          | TV & Internet & OTT   |         435 |         123 |            123 |             255 |
| Praslin     | GPON          | TV & Internet & Voice |          19 |           5 |              5 |              17 |
| Praslin     | GPON          | TV & OTT              |          17 |           8 |              8 |               9 |
| Praslin     | GPON          | TV Only               |         327 |         248 |            248 |             257 |
| Praslin     | GPON          | Voice Only            |           2 |           2 |              2 |               2 |
| Praslin     | GPON          | Services Total        |        1908 |        1001 |           1001 |            1564 |
| Praslin     | HFC           | Internet Only         |           1 |           1 |              1 |               1 |
| Praslin     | HFC           | TV Only               |           5 |           3 |              3 |               3 |
| Praslin     | HFC           | Services Total        |           6 |           4 |              4 |               4 |
| Praslin     | Network Total | Services Total        |        1918 |        1009 |           1006 |            1572 |
| GRAND TOTAL | Network Total | Services Total        |       27639 |       17045 |          16965 |           23001 |
+-------------+---------------+-----------------------+-------------+-------------+----------------+-----------------+
48 rows in set (0.00 sec)

Query OK, 0 rows affected (0.01 sec)

Query OK, 26934 rows affected (0.39 sec)
Records: 26934  Duplicates: 0  Warnings: 0

Query OK, 0 rows affected (0.02 sec)

Query OK, 2047 rows affected (1.28 sec)
Records: 2047  Duplicates: 0  Warnings: 0

+--------------------------------------+
| message                              |
+--------------------------------------+
| running rcbill_my.sp_ActiveNumber2() |
+--------------------------------------+
1 row in set (0.00 sec)

Query OK, 365 rows affected (1 min 35.92 sec)

mysql> mysql \. C:\workspace\cloud\code\sql\_DailyScript\currenttime.sql
+---------------------+
| currenttime         |
+---------------------+
| 2020-05-27 09:53:57 |
+---------------------+
1 row in set (0.00 sec)

mysql> 
mysql> mysql \. C:\workspace\cloud\code\sql\_DailyScript\GetActiveNumbers Average -Pivot.sql
Database changed
+-------------------------------------+
| @today := subdate(current_date(),1) |
+-------------------------------------+
| 2020-05-26                          |
+-------------------------------------+
1 row in set (0.00 sec)

+-------------------------------------+
| @lastdayofmonth := last_day(@today) |
+-------------------------------------+
| 2020-05-31                          |
+-------------------------------------+
1 row in set (0.00 sec)

Query OK, 0 rows affected (0.01 sec)

Query OK, 38792 rows affected, 65535 warnings (46.59 sec)
Records: 38792  Duplicates: 0  Warnings: 80231

Query OK, 0 rows affected (0.08 sec)
Records: 0  Duplicates: 0  Warnings: 0

Query OK, 0 rows affected (0.11 sec)
Records: 0  Duplicates: 0  Warnings: 0

Query OK, 0 rows affected (0.09 sec)
Records: 0  Duplicates: 0  Warnings: 0

+-----------------+
| activenumberavg |
+-----------------+
|           38792 |
+-----------------+
1 row in set (0.01 sec)

Query OK, 0 rows affected (0.01 sec)

Query OK, 1870 rows affected (0.40 sec)
Records: 1870  Duplicates: 0  Warnings: 0

+---------------------+
| rep_activenumberavg |
+---------------------+
|                1870 |
+---------------------+
1 row in set (0.00 sec)

+----------------------+
| rep_activenumberavg1 |
+----------------------+
|                  877 |
+----------------------+
1 row in set (0.00 sec)

Query OK, 0 rows affected (0.01 sec)

Query OK, 2006 rows affected (0.35 sec)
Records: 2006  Duplicates: 0  Warnings: 0

Query OK, 0 rows affected (0.01 sec)

Query OK, 10233 rows affected (0.60 sec)
Records: 10233  Duplicates: 0  Warnings: 0

Query OK, 0 rows affected (0.00 sec)

Query OK, 0 rows affected (0.00 sec)

Query OK, 0 rows affected (0.01 sec)

Query OK, 0 rows affected (0.00 sec)

Query OK, 0 rows affected (0.00 sec)
Statement prepared

Query OK, 53 rows affected (0.04 sec)
Records: 53  Duplicates: 0  Warnings: 0

Query OK, 0 rows affected (0.00 sec)

Query OK, 0 rows affected (0.00 sec)

+----------------------+
| rep_activenumberavg2 |
+----------------------+
|                 2006 |
+----------------------+
1 row in set (0.00 sec)

+------------------------+
| rep_activenumberavg_pv |
+------------------------+
|                     53 |
+------------------------+
1 row in set (0.00 sec)

Query OK, 0 rows affected (0.01 sec)

Query OK, 2006 rows affected (0.29 sec)
Records: 2006  Duplicates: 0  Warnings: 0

Query OK, 0 rows affected (0.00 sec)

Query OK, 0 rows affected (0.00 sec)

Query OK, 0 rows affected (0.03 sec)

Query OK, 0 rows affected (0.00 sec)

Query OK, 0 rows affected (0.00 sec)
Statement prepared

Query OK, 53 rows affected (0.04 sec)
Records: 53  Duplicates: 0  Warnings: 0

Query OK, 0 rows affected (0.00 sec)

Query OK, 0 rows affected (0.00 sec)

+-------------------------+
| rep_activenumberavgMahe |
+-------------------------+
|                    2006 |
+-------------------------+
1 row in set (0.00 sec)

+----------------------------+
| rep_activenumberavgMahe_pv |
+----------------------------+
|                         53 |
+----------------------------+
1 row in set (0.00 sec)

Query OK, 0 rows affected (0.00 sec)

Query OK, 1283 rows affected (0.13 sec)
Records: 1283  Duplicates: 0  Warnings: 0

Query OK, 0 rows affected (0.01 sec)

Query OK, 0 rows affected (0.00 sec)

Query OK, 0 rows affected (0.01 sec)

Query OK, 0 rows affected (0.00 sec)

Query OK, 0 rows affected (0.00 sec)
Statement prepared

Query OK, 40 rows affected (0.04 sec)
Records: 40  Duplicates: 0  Warnings: 0

Query OK, 0 rows affected (0.00 sec)

Query OK, 0 rows affected (0.00 sec)

+----------------------------+
| rep_activenumberavgPraslin |
+----------------------------+
|                       1283 |
+----------------------------+
1 row in set (0.00 sec)

+-------------------------------+
| rep_activenumberavgPraslin_pv |
+-------------------------------+
|                            40 |
+-------------------------------+
1 row in set (0.00 sec)

mysql> mysql \. C:\workspace\cloud\code\sql\_DailyScript\currenttime.sql
+---------------------+
| currenttime         |
+---------------------+
| 2020-05-27 09:54:46 |
+---------------------+
1 row in set (0.00 sec)

mysql> 
mysql> mysql \. C:\workspace\cloud\code\sql\_DailyScript\budget_actual_analysis_2020.sql
Query OK, 0 rows affected (0.01 sec)

Query OK, 757 rows affected, 3 warnings (0.13 sec)
Records: 757  Duplicates: 0  Warnings: 3

+--------------------+
| budget_actual_2020 |
+--------------------+
|                757 |
+--------------------+
1 row in set (0.00 sec)

Query OK, 0 rows affected (0.01 sec)

Query OK, 47 rows affected (0.04 sec)
Records: 47  Duplicates: 0  Warnings: 0

+---------------------------+
| rep_budget_actual_2020_pv |
+---------------------------+
|                        47 |
+---------------------------+
1 row in set (0.00 sec)

mysql> mysql \. C:\workspace\cloud\code\sql\_DailyScript\currenttime.sql
+---------------------+
| currenttime         |
+---------------------+
| 2020-05-27 09:54:46 |
+---------------------+
1 row in set (0.00 sec)

mysql> 
mysql> mysql \. C:\workspace\cloud\code\sql\_DailyScript\reports-sales-addons-prepaid-camera.sql
Database changed
Query OK, 0 rows affected (0.01 sec)

Query OK, 4072 rows affected (0.19 sec)
Records: 4072  Duplicates: 0  Warnings: 0

Query OK, 0 rows affected (0.01 sec)

Query OK, 19584 rows affected (13.55 sec)
Records: 19584  Duplicates: 0  Warnings: 0

+--------------------+
| rep_prepaid_camera |
+--------------------+
|               4072 |
+--------------------+
1 row in set (0.00 sec)

+-----------+
| rep_addon |
+-----------+
|     19584 |
+-----------+
1 row in set (0.01 sec)

mysql> mysql \. C:\workspace\cloud\code\sql\_DailyScript\currenttime.sql
+---------------------+
| currenttime         |
+---------------------+
| 2020-05-27 09:55:00 |
+---------------------+
1 row in set (0.00 sec)

mysql> 
mysql> mysql \. C:\workspace\cloud\code\sql\_DailyScript\housing-estate-analysis.sql
Database changed
Query OK, 0 rows affected (0.01 sec)

Query OK, 3112 rows affected (11.64 sec)
Records: 3112  Duplicates: 0  Warnings: 0

+--------------------+
| rep_housingestates |
+--------------------+
|               3112 |
+--------------------+
1 row in set (0.00 sec)

mysql> mysql \. C:\workspace\cloud\code\sql\_DailyScript\currenttime.sql
+---------------------+
| currenttime         |
+---------------------+
| 2020-05-27 09:55:12 |
+---------------------+
1 row in set (0.00 sec)

mysql> 
mysql> mysql \. C:\workspace\cloud\code\sql\_DailyScript\RCB_ClientAnalyticsReport_Script.sql
Database changed
Query OK, 0 rows affected (0.00 sec)

Query OK, 0 rows affected (0.04 sec)

Query OK, 1884449 rows affected (1 min 7.26 sec)
Records: 1884449  Duplicates: 0  Warnings: 0

Query OK, 0 rows affected (5.51 sec)
Records: 0  Duplicates: 0  Warnings: 0

Query OK, 0 rows affected (4.43 sec)
Records: 0  Duplicates: 0  Warnings: 0

Query OK, 0 rows affected (7.19 sec)
Records: 0  Duplicates: 0  Warnings: 0

Query OK, 0 rows affected (7.40 sec)
Records: 0  Duplicates: 0  Warnings: 0

Query OK, 0 rows affected (8.27 sec)
Records: 0  Duplicates: 0  Warnings: 0

Query OK, 0 rows affected (6.65 sec)
Records: 0  Duplicates: 0  Warnings: 0

Query OK, 0 rows affected (0.00 sec)

Query OK, 479316 rows affected (14.55 sec)
Rows matched: 1884449  Changed: 479316  Warnings: 0

Query OK, 0 rows affected (0.01 sec)

Query OK, 27840 rows affected (3.83 sec)
Records: 27840  Duplicates: 0  Warnings: 0

Query OK, 0 rows affected (0.01 sec)

Query OK, 43534 rows affected (9 min 44.02 sec)
Records: 43534  Duplicates: 0  Warnings: 0

Query OK, 0 rows affected (0.16 sec)
Records: 0  Duplicates: 0  Warnings: 0

Query OK, 0 rows affected (0.14 sec)
Records: 0  Duplicates: 0  Warnings: 0

Query OK, 0 rows affected (0.08 sec)
Records: 0  Duplicates: 0  Warnings: 0

Query OK, 0 rows affected (0.02 sec)

Query OK, 448316 rows affected (11 min 34.47 sec)
Records: 448316  Duplicates: 0  Warnings: 0

Query OK, 0 rows affected (1.43 sec)
Records: 0  Duplicates: 0  Warnings: 0

Query OK, 0 rows affected (1.42 sec)
Records: 0  Duplicates: 0  Warnings: 0

Query OK, 0 rows affected (0.79 sec)
Records: 0  Duplicates: 0  Warnings: 0

Query OK, 0 rows affected (1.81 sec)
Records: 0  Duplicates: 0  Warnings: 0

Query OK, 0 rows affected (1.29 sec)
Records: 0  Duplicates: 0  Warnings: 0

Query OK, 0 rows affected (0.02 sec)

Query OK, 43534 rows affected (1 min 17.49 sec)
Records: 43534  Duplicates: 0  Warnings: 0

+--------------+
| clientreport |
+--------------+
|        43534 |
+--------------+
1 row in set (0.02 sec)

Query OK, 0 rows affected (0.01 sec)

Query OK, 43534 rows affected (5.34 sec)
Records: 43534  Duplicates: 0  Warnings: 0

+----------------------+
| clientextendedreport |
+----------------------+
|                43534 |
+----------------------+
1 row in set (0.01 sec)

Query OK, 0 rows affected (0.01 sec)

Query OK, 43534 rows affected (49.66 sec)
Records: 43534  Duplicates: 0  Warnings: 0

+---------+
| allcust |
+---------+
|   43534 |
+---------+
1 row in set (0.01 sec)

Query OK, 0 rows affected, 1 warning (0.00 sec)

Query OK, 5000 rows affected (0.13 sec)
Records: 5000  Duplicates: 0  Warnings: 0

Query OK, 0 rows affected (0.01 sec)

Query OK, 6878 rows affected (0.28 sec)
Records: 6878  Duplicates: 0  Warnings: 0

Query OK, 0 rows affected, 1 warning (0.00 sec)

Query OK, 5000 rows affected (0.11 sec)
Records: 5000  Duplicates: 0  Warnings: 0

Query OK, 0 rows affected (0.01 sec)

Query OK, 7299 rows affected (0.16 sec)
Records: 7299  Duplicates: 0  Warnings: 0

mysql> mysql \. C:\workspace\cloud\code\sql\_DailyScript\currenttime.sql
+---------------------+
| currenttime         |
+---------------------+
| 2020-05-27 10:20:56 |
+---------------------+
1 row in set (0.00 sec)

mysql> 
mysql> 
mysql> mysql \. C:\workspace\cloud\code\sql\_DailyScript\REVENUE_PER_NODE_MXK.sql
Query OK, 0 rows affected (0.00 sec)

Query OK, 0 rows affected (0.02 sec)

Query OK, 0 rows affected (0.01 sec)

Query OK, 6035 rows affected (1.76 sec)
Records: 6035  Duplicates: 0  Warnings: 0

+----------------------+
| message              |
+----------------------+
| created temp table a |
+----------------------+
1 row in set (0.00 sec)

Query OK, 6250 rows affected (0.77 sec)
Records: 6250  Duplicates: 0  Warnings: 0

+----------------------+
| message              |
+----------------------+
| created temp table b |
+----------------------+
1 row in set (0.00 sec)

Query OK, 0 rows affected, 1 warning (0.00 sec)

Query OK, 6353 rows affected (11.76 sec)
Records: 6353  Duplicates: 0  Warnings: 0

+--------------------------------+
| message                        |
+--------------------------------+
| created rcbill_my.tempcustmxk1 |
+--------------------------------+
1 row in set (0.00 sec)

Query OK, 0 rows affected (0.00 sec)

Query OK, 0 rows affected (0.00 sec)

Query OK, 0 rows affected, 1 warning (0.00 sec)

Query OK, 6035 rows affected (1.21 sec)
Records: 6035  Duplicates: 0  Warnings: 0

+----------------+
| message        |
+----------------+
| created temp a |
+----------------+
1 row in set (0.00 sec)

Query OK, 6250 rows affected (0.63 sec)
Records: 6250  Duplicates: 0  Warnings: 0

+----------------+
| message        |
+----------------+
| created temp b |
+----------------+
1 row in set (0.00 sec)

Query OK, 0 rows affected, 1 warning (0.00 sec)

Query OK, 6347 rows affected (7.61 sec)
Records: 6347  Duplicates: 0  Warnings: 0

+--------------------------------+
| message                        |
+--------------------------------+
| created rcbill_my.tempcustmxk2 |
+--------------------------------+
1 row in set (0.00 sec)

Query OK, 0 rows affected (0.02 sec)

Query OK, 0 rows affected (0.00 sec)

Query OK, 0 rows affected, 1 warning (0.00 sec)

Query OK, 0 rows affected (0.00 sec)

Query OK, 7146 rows affected (0.30 sec)
Records: 7146  Duplicates: 0  Warnings: 0

+---------------------------------+
| message                         |
+---------------------------------+
| created rcbill_my.customers_mxk |
+---------------------------------+
1 row in set (0.00 sec)

Query OK, 0 rows affected (0.02 sec)

Query OK, 0 rows affected (0.00 sec)

Query OK, 14100 rows affected (5.00 sec)
Records: 14100  Duplicates: 0  Warnings: 0

+----------------+
| message        |
+----------------+
| created temp a |
+----------------+
1 row in set (0.00 sec)

Query OK, 20149 rows affected (1.37 sec)
Records: 20149  Duplicates: 0  Warnings: 0

+----------------+
| message        |
+----------------+
| created temp c |
+----------------+
1 row in set (0.00 sec)

Query OK, 0 rows affected, 1 warning (0.00 sec)

Query OK, 27603 rows affected (0.26 sec)
Records: 27603  Duplicates: 0  Warnings: 0

+---------------------------------+
| message                         |
+---------------------------------+
| created rcbill_my.tempcustcmts1 |
+---------------------------------+
1 row in set (0.00 sec)

Query OK, 0 rows affected (0.00 sec)

Query OK, 0 rows affected, 1 warning (0.00 sec)

Query OK, 0 rows affected (0.01 sec)

Query OK, 14100 rows affected (4.98 sec)
Records: 14100  Duplicates: 0  Warnings: 0

+----------------+
| message        |
+----------------+
| created temp a |
+----------------+
1 row in set (0.00 sec)

Query OK, 20149 rows affected (1.23 sec)
Records: 20149  Duplicates: 0  Warnings: 0

+----------------+
| message        |
+----------------+
| created temp c |
+----------------+
1 row in set (0.00 sec)

Query OK, 0 rows affected, 1 warning (0.00 sec)

Query OK, 20839 rows affected (0.27 sec)
Records: 20839  Duplicates: 0  Warnings: 0

+---------------------------------+
| message                         |
+---------------------------------+
| created rcbill_my.tempcustcmts2 |
+---------------------------------+
1 row in set (0.00 sec)

Query OK, 0 rows affected (0.01 sec)

Query OK, 0 rows affected, 1 warning (0.00 sec)

Query OK, 0 rows affected (0.01 sec)

Query OK, 0 rows affected (0.01 sec)

Query OK, 14226 rows affected (0.87 sec)
Records: 14226  Duplicates: 0  Warnings: 0

+----------------------------------+
| message                          |
+----------------------------------+
| created rcbill_my.customers_cmts |
+----------------------------------+
1 row in set (0.00 sec)

Query OK, 0 rows affected (0.00 sec)

Query OK, 0 rows affected (0.02 sec)

Query OK, 0 rows affected (0.01 sec)

Query OK, 18346 rows affected (0.83 sec)
Records: 18346  Duplicates: 0  Warnings: 0

+--------------------------------------+
| message                              |
+--------------------------------------+
| created rcbill_my.customers_cmts_mxk |
+--------------------------------------+
1 row in set (0.00 sec)

Query OK, 474782 rows affected (52.37 sec)
Records: 474782  Duplicates: 0  Warnings: 0

+----------------+
| message        |
+----------------+
| created temp a |
+----------------+
1 row in set (0.00 sec)

Query OK, 0 rows affected (0.02 sec)

Query OK, 475491 rows affected (10.20 sec)
Records: 475491  Duplicates: 0  Warnings: 0

+------------------------------------------------+
| message                                        |
+------------------------------------------------+
| created rcbill_my.customers_contracts_cmts_mxk |
+------------------------------------------------+
1 row in set (0.00 sec)

Query OK, 0 rows affected (0.03 sec)

Query OK, 0 rows affected, 1 warning (0.00 sec)

Query OK, 0 rows affected, 1 warning (0.00 sec)

Query OK, 0 rows affected (0.00 sec)

Query OK, 8354 rows affected (2.40 sec)
Rows matched: 8354  Changed: 8354  Warnings: 0

+------------------------------------------------+
| message                                        |
+------------------------------------------------+
| updated rcbill_my.customers_contracts_cmts_mxk |
+------------------------------------------------+
1 row in set (0.00 sec)

Query OK, 0 rows affected (0.03 sec)

Query OK, 1879187 rows affected (3 min 23.08 sec)
Records: 1879187  Duplicates: 0  Warnings: 0

+----------------------------------------+
| message                                |
+----------------------------------------+
| created rcbill_my.customers_collection |
+----------------------------------------+
1 row in set (0.00 sec)

Query OK, 0 rows affected (0.03 sec)

Query OK, 2168764 rows affected (1 min 36.98 sec)
Records: 2168764  Duplicates: 0  Warnings: 0

+------------------------------------------------+
| message                                        |
+------------------------------------------------+
| created rcbill_my.customers_cmts_mxk_cont_coll |
+------------------------------------------------+
1 row in set (0.00 sec)

Query OK, 0 rows affected (0.05 sec)

Query OK, 434596 rows affected (2 min 2.56 sec)
Records: 434596  Duplicates: 0  Warnings: 0

+--------------------------------------------------------+
| message                                                |
+--------------------------------------------------------+
| created rcbill_my.customers_contracts_collection_pivot |
+--------------------------------------------------------+
1 row in set (0.00 sec)

Query OK, 0 rows affected (0.01 sec)

Query OK, 39603 rows affected (2 min 9.84 sec)
Records: 39603  Duplicates: 0  Warnings: 0

+----------------------------------------------+
| message                                      |
+----------------------------------------------+
| created rcbill_my.customers_collection_pivot |
+----------------------------------------------+
1 row in set (0.00 sec)

Query OK, 0 rows affected (0.01 sec)

Query OK, 43534 rows affected (2.00 sec)
Records: 43534  Duplicates: 0  Warnings: 0

+--------------------------------------------+
| message                                    |
+--------------------------------------------+
| created rcbill_my.rep_customers_collection |
+--------------------------------------------+
1 row in set (0.00 sec)

Query OK, 0 rows affected (0.00 sec)

Query OK, 0 rows affected, 1 warning (0.00 sec)

Query OK, 442088 rows affected (12.74 sec)
Records: 442088  Duplicates: 0  Warnings: 0

+-------------------------+
| message                 |
+-------------------------+
| created rcbill_my.tempa |
+-------------------------+
1 row in set (0.00 sec)

Query OK, 0 rows affected, 1 warning (0.00 sec)

Query OK, 434596 rows affected (19.13 sec)
Records: 434596  Duplicates: 0  Warnings: 0

+-------------------------+
| message                 |
+-------------------------+
| created rcbill_my.tempb |
+-------------------------+
1 row in set (0.00 sec)

Query OK, 442088 rows affected (19.42 sec)
Records: 442088  Duplicates: 0  Warnings: 0

+-----------+
| message   |
+-----------+
| created a |
+-----------+
1 row in set (0.00 sec)

Query OK, 434606 rows affected (19.73 sec)
Records: 434606  Duplicates: 0  Warnings: 0

+-----------+
| message   |
+-----------+
| created b |
+-----------+
1 row in set (0.00 sec)

Query OK, 0 rows affected (0.02 sec)

Query OK, 0 rows affected (0.02 sec)

Query OK, 0 rows affected (0.03 sec)

Query OK, 478490 rows affected (50.27 sec)
Records: 478490  Duplicates: 0  Warnings: 0

+----------------------------------------------+
| message                                      |
+----------------------------------------------+
| created rcbill_my.cust_cont_payment_cmts_mxk |
+----------------------------------------------+
1 row in set (0.01 sec)

Query OK, 0 rows affected (0.02 sec)

Query OK, 0 rows affected (0.02 sec)

Query OK, 0 rows affected, 1 warning (0.00 sec)

Query OK, 0 rows affected (0.00 sec)

Query OK, 43534 rows affected (16.66 sec)
Records: 43534  Duplicates: 0  Warnings: 0

+--------------------------------------------------+
| message                                          |
+--------------------------------------------------+
| created rcbill_my.rep_cust_cont_payment_cmts_mxk |
+--------------------------------------------------+
1 row in set (0.00 sec)

Query OK, 0 rows affected, 1 warning (0.00 sec)

Query OK, 0 rows affected, 1 warning (0.00 sec)

Query OK, 0 rows affected (0.02 sec)

Query OK, 43534 rows affected, 5 warnings (7.69 sec)
Records: 43534  Duplicates: 0  Warnings: 5

+----------------------+
| rep_custconsolidated |
+----------------------+
|                43534 |
+----------------------+
1 row in set (0.47 sec)

Query OK, 0 rows affected (0.00 sec)

Query OK, 0 rows affected (0.02 sec)

+----------------------------------------------+
| message                                      |
+----------------------------------------------+
| creating rcbill_my.retentioncustomeractivity |
+----------------------------------------------+
1 row in set (0.00 sec)

Query OK, 867 rows affected (0.08 sec)
Records: 867  Duplicates: 0  Warnings: 0

+---------------------------+
| retentioncustomeractivity |
+---------------------------+
|                       867 |
+---------------------------+
1 row in set (0.00 sec)

+-----------+------------------------------------+------------+-------------+-----------------+------------------+---------------------+-------------------+
| HFC_NODE  | NODENAME                           | CMTS_DATE  | INSERTED_ON | UNIQUE_ACCOUNTS | UNIQUE_CONTRACTS | UNIQUE_MAC_INRCBOSS | UNIQUE_MAC_INCMTS |
+-----------+------------------------------------+------------+-------------+-----------------+------------------+---------------------+-------------------+
| NULL      | NULL                               | NULL       | 2020-05-27  |            6536 |             6881 |                6911 |                 0 |
| C5/0/0/U0 | ANSE-BOILEAU-2                     | 2020-04-22 | 2020-05-27  |             187 |              194 |                 187 |               188 |
| C5/0/0/U1 | 500-C3-ANSE-BOILEAU                | 2020-04-22 | 2020-05-27  |             184 |              187 |                 184 |               185 |
| C5/0/1/U0 | 501-C4-LA-MISIERE-LEFT-I           | 2020-04-22 | 2020-05-27  |             165 |              172 |                 165 |               170 |
| C5/0/1/U1 | 501-C5-LA-MISIERE-RIGHT            | 2020-04-22 | 2020-05-27  |             110 |              114 |                 111 |               115 |
| C5/0/1/U2 | 501-C7-LA-MISIERE-LEFT-II          | 2020-04-22 | 2020-05-27  |             155 |              157 |                 155 |               157 |
| C5/0/2/U0 | 502-C8-LA-LOUISE                   | 2020-04-22 | 2020-05-27  |             150 |              150 |                 150 |               154 |
| C5/0/2/U1 | LA-LOUISE-2                        | 2020-04-22 | 2020-05-27  |             139 |              141 |                 139 |               142 |
| C5/0/3/U0 | 504-C6-PETIT-PARIS                 | 2020-04-22 | 2020-05-27  |             154 |              158 |                 154 |               158 |
| C5/0/3/U1 | PETIT-PARIS-23                     | 2020-04-22 | 2020-05-27  |              79 |               80 |                  79 |                81 |
| C5/0/4/U0 | FOUR-SEASONS                       | 2020-04-22 | 2020-05-27  |               1 |                1 |                   1 |                 1 |
| C5/0/4/U1 | ANCHOR-CAFE-I                      | 2020-04-22 | 2020-05-27  |             145 |              147 |                 145 |               147 |
| C5/0/4/U2 | ANCHOR-CAFE-II                     | 2020-04-22 | 2020-05-27  |             161 |              165 |                 161 |               161 |
| C5/1/0/U0 | POINTE-LARUE-AIRPORT-23            | 2020-04-22 | 2020-05-27  |              79 |               84 |                  80 |                84 |
| C5/1/0/U1 | PPROVIDENCE-23                     | 2020-04-22 | 2020-05-27  |              17 |               18 |                  18 |                19 |
| C5/1/0/U2 | ROSHE-CAIMAN-23                    | 2020-04-22 | 2020-05-27  |               6 |                7 |                   6 |                 6 |
| C5/1/0/U3 | HEAD-OFFICE | HO-23                | 2020-04-22 | 2020-05-27  |              22 |               23 |                  22 |                22 |
| C5/1/1/U1 | C5-UNION-VALE                      | 2020-04-22 | 2020-05-27  |             201 |              204 |                 201 |               203 |
| C5/1/3/U0 | POINTE-LARUE-AIRPORT-27            | 2020-04-22 | 2020-05-27  |             163 |              166 |                 163 |               171 |
| C5/1/3/U1 | PPROVIDENCE-27                     | 2020-04-22 | 2020-05-27  |              21 |               21 |                  21 |                21 |
| C5/1/3/U2 | ROSHE-CAIMAN-27                    | 2020-04-22 | 2020-05-27  |              35 |               35 |                  34 |                35 |
| C5/1/3/U3 | HEAD-OFFICE | HO-27                | 2020-04-22 | 2020-05-27  |              17 |               17 |                  17 |                17 |
| C5/1/4/U0 | ANSE-ROYALE-27                     | 2020-04-22 | 2020-05-27  |             101 |              102 |                 101 |               103 |
| C5/1/4/U1 | GLACIS-2-57                        | 2020-04-22 | 2020-05-27  |              81 |               86 |                  81 |                82 |
| C5/1/4/U2 | NULL                               | 2020-04-22 | 2020-05-27  |              95 |               98 |                  95 |                98 |
| C5/1/4/U3 | GLACIS-1                           | 2020-04-22 | 2020-05-27  |              41 |               43 |                  41 |                43 |
| C6/0/1/U0 | SERRET-ROAD-RIGHT/CURIO/PASCAL     | 2020-04-22 | 2020-05-27  |             126 |              126 |                 126 |               127 |
| C6/0/1/U1 | SERRET-ROAD-LEFT/ST.LOUIS/TOWN     | 2020-04-22 | 2020-05-27  |             132 |              136 |                 132 |               134 |
| C6/0/1/U2 | SERRET-ROAD-RIGHT/CURIO/PASCAL-2   | 2020-04-22 | 2020-05-27  |             122 |              125 |                 122 |               122 |
| C6/0/1/U3 | SERRET-ROAD-LEFT/ST.LOUIS/TOWN-2   | 2020-04-22 | 2020-05-27  |             133 |              138 |                 133 |               135 |
| C6/0/2/U0 | SANS-SOUCIS-I                      | 2020-04-22 | 2020-05-27  |              91 |               94 |                  92 |                92 |
| C6/0/2/U1 | SANS-SOUCIS-II                     | 2020-04-22 | 2020-05-27  |             130 |              133 |                 129 |               133 |
| C6/0/2/U2 | BEL-AIR-27                         | 2020-04-22 | 2020-05-27  |              98 |              100 |                  98 |               101 |
| C6/0/2/U3 | BEL-AIR-38                         | 2020-04-22 | 2020-05-27  |             100 |              105 |                 100 |               103 |
| C6/0/3/U0 | LES-MAMELLES-23                    | 2020-04-22 | 2020-05-27  |              79 |               79 |                  79 |                80 |
| C6/0/3/U1 | VICTORIA-23                        | 2020-04-22 | 2020-05-27  |              34 |               35 |                  35 |                38 |
| C6/0/4/U0 | LES-MAMELLES-27                    | 2020-04-22 | 2020-05-27  |              77 |               77 |                  77 |                79 |
| C6/0/4/U1 | VICTORIA-27                        | 2020-04-22 | 2020-05-27  |              10 |               11 |                  10 |                10 |
| C7/1/0/U0 | LA-RETRAITE-23                     | 2020-04-22 | 2020-05-27  |             110 |              116 |                 110 |               111 |
| C7/1/0/U1 | TEA-FACTORY-23                     | 2020-04-22 | 2020-05-27  |              22 |               27 |                  22 |                22 |
| C7/1/0/U2 | PAS-23                             | 2020-04-22 | 2020-05-27  |              84 |               88 |                  84 |                87 |
| C7/1/1/U0 | REEF-ESTATE-23                     | 2020-04-22 | 2020-05-27  |              76 |               78 |                  76 |                77 |
| C7/1/2/U0 | LA-RETRAITE-27                     | 2020-04-22 | 2020-05-27  |              81 |               82 |                  81 |                82 |
| C7/1/2/U1 | TEA-FACTORY-27                     | 2020-04-22 | 2020-05-27  |              27 |               32 |                  30 |                31 |
| C7/1/2/U2 | PAS-27                             | 2020-04-22 | 2020-05-27  |             104 |              105 |                 104 |               109 |
| C7/1/3/U0 | MT-BUXTON-27                       | 2020-04-22 | 2020-05-27  |             160 |              161 |                 160 |               164 |
| C7/1/3/U1 | MT-BUXTON-23                       | 2020-04-22 | 2020-05-27  |              80 |               81 |                  80 |                80 |
| C7/1/4/U0 | REEF-ESTATE-27                     | 2020-04-22 | 2020-05-27  |              91 |               91 |                  91 |                91 |
| C8/0/0/U0 | POLICE-ACADEMY-1-27 - POINTE LARUE | 2020-04-22 | 2020-05-27  |             229 |              231 |                 228 |               232 |
| C8/0/0/U1 | NULL                               | 2020-04-22 | 2020-05-27  |             113 |              118 |                 114 |               117 |
| C8/0/1/U0 | NULL                               | 2020-04-22 | 2020-05-27  |             173 |              174 |                 173 |               177 |
| C8/0/1/U1 | POLICE-ACADEMY-2-27 - TURTLE BAY   | 2020-04-22 | 2020-05-27  |             142 |              145 |                 143 |               147 |
| C8/0/2/U0 | BEAU-VALLON-LEFT-1-57              | 2020-04-22 | 2020-05-27  |              39 |               40 |                  39 |                40 |
| C8/0/3/U1 | BEAU-VALLON-RIGHT-2-57             | 2020-04-22 | 2020-05-27  |              91 |               96 |                  91 |                93 |
| C8/1/0/U0 | MA-JOIE-NODE-27                    | 2020-04-22 | 2020-05-27  |             108 |              111 |                 108 |               109 |
| C8/1/0/U1 | BELONIE-27                         | 2020-04-22 | 2020-05-27  |             152 |              155 |                 151 |               151 |
| C8/1/0/U3 | MA-JOIE-NODE-23                    | 2020-04-22 | 2020-05-27  |             102 |              103 |                 101 |               102 |
| C8/1/1/U0 | 611-C1-ROJN I                      | 2020-04-22 | 2020-05-27  |             123 |              125 |                 123 |               126 |
| C8/1/1/U1 | 611-C5-ROJN II                     | 2020-04-22 | 2020-05-27  |             116 |              116 |                 116 |               119 |
| C8/1/2/U0 | 612-C2-ANSE-ETOILE                 | 2020-04-22 | 2020-05-27  |             137 |              138 |                 137 |               137 |
| C8/1/2/U1 | ANSE-ETOILE-U2                     | 2020-04-22 | 2020-05-27  |              82 |               84 |                  82 |                83 |
| C8/1/3/U0 | 613-C3-ANSE-GAULETTE I             | 2020-04-22 | 2020-05-27  |              73 |               76 |                  73 |                74 |
| C8/1/3/U1 | 613-C7-ANSE-GAULETTE II            | 2020-04-22 | 2020-05-27  |              78 |               84 |                  79 |                79 |
| C8/1/3/U2 | 613-C3-ANSE-GAULETTE III           | 2020-04-22 | 2020-05-27  |              36 |               38 |                  36 |                36 |
| C8/1/3/U3 | TAKAMAKA I                         | 2020-04-22 | 2020-05-27  |             107 |              108 |                 107 |               108 |
| C8/1/3/U4 | TAKAMAKA II                        | 2020-04-22 | 2020-05-27  |             107 |              111 |                 107 |               109 |
| C8/1/4/U0 | 614-BEOLIERE-NODE-1                | 2020-04-22 | 2020-05-27  |             106 |              108 |                 106 |               111 |
| C8/1/4/U1 | 614-BEOLIERE-NODE-2                | 2020-04-22 | 2020-05-27  |             119 |              124 |                 120 |               121 |
+-----------+------------------------------------+------------+-------------+-----------------+------------------+---------------------+-------------------+
68 rows in set (0.15 sec)

+------------------+------------+-------------+-----------------+------------------+----------------------+-------------------+
| MXK_NAME         | MXK_DATE   | INSERTED_ON | UNIQUE_ACCOUNTS | UNIQUE_CONTRACTS | UNIQUE_FSAN_INRCBOSS | UNIQUE_FSAN_INMXK |
+------------------+------------+-------------+-----------------+------------------+----------------------+-------------------+
| NULL             | NULL       | 2020-05-27  |             775 |              794 |                  784 |                 0 |
| MXK-ANSEETOILE   | 2020-04-22 | 2020-05-27  |             291 |              295 |                  294 |               308 |
| MXK-ANSEROYALE   | 2020-04-22 | 2020-05-27  |             132 |              132 |                  132 |               154 |
| MXK-BEAUVALLON   | 2020-04-22 | 2020-05-27  |            1701 |             1723 |                 1714 |              1812 |
| MXK-MAHE         | 2020-04-22 | 2020-05-27  |             915 |              940 |                  872 |              1105 |
| MXK-PERSEVERANCE | 2020-04-22 | 2020-05-27  |             973 |              983 |                  982 |              1138 |
| MXK-PRASLIN      | 2020-04-22 | 2020-05-27  |            1239 |             1243 |                 1237 |              1435 |
+------------------+------------+-------------+-----------------+------------------+----------------------+-------------------+
7 rows in set (0.07 sec)

mysql> mysql \. C:\workspace\cloud\code\sql\_DailyScript\currenttime.sql
+---------------------+
| currenttime         |
+---------------------+
| 2020-05-27 10:34:21 |
+---------------------+
1 row in set (0.00 sec)

mysql> 
mysql> 
mysql> mysql \. C:\workspace\cloud\code\sql\Analysis\service_tickets_assignments.sql
Query OK, 0 rows affected (0.01 sec)

Query OK, 47101 rows affected (6.99 sec)
Records: 47101  Duplicates: 0  Warnings: 0

+-------------------------+
| rep_servicetickets_2020 |
+-------------------------+
|                   47101 |
+-------------------------+
1 row in set (0.05 sec)

mysql> mysql \. C:\workspace\cloud\code\sql\_DailyScript\currenttime.sql
+---------------------+
| currenttime         |
+---------------------+
| 2020-05-27 10:34:28 |
+---------------------+
1 row in set (0.00 sec)

mysql> 
mysql> 
mysql> exit
