    -> 
    -> mysql \. C:\workspace\cloud\code\sql\_DailyScript\_setdates.sql
Query OK, 0 rows affected (0.01 sec)

Query OK, 0 rows affected (1.64 sec)

Database changed
Query OK, 0 rows affected (0.00 sec)

Query OK, 0 rows affected (0.01 sec)

Query OK, 0 rows affected (0.00 sec)

Query OK, 0 rows affected (0.00 sec)

Query OK, 0 rows affected (0.00 sec)

Query OK, 0 rows affected (0.00 sec)

Query OK, 0 rows affected (0.00 sec)

Query OK, 0 rows affected (0.00 sec)

Query OK, 0 rows affected (0.00 sec)

Query OK, 0 rows affected (0.00 sec)

Query OK, 0 rows affected (0.00 sec)

Query OK, 0 rows affected (0.00 sec)

Query OK, 0 rows affected (0.00 sec)

Query OK, 0 rows affected (0.00 sec)

Query OK, 0 rows affected (0.00 sec)

Query OK, 0 rows affected (0.00 sec)

Query OK, 0 rows affected (0.00 sec)

Query OK, 0 rows affected (0.00 sec)

Query OK, 0 rows affected (0.00 sec)

Query OK, 0 rows affected (0.00 sec)

Query OK, 0 rows affected (0.00 sec)

Query OK, 0 rows affected (0.00 sec)

mysql> mysql \. C:\workspace\cloud\code\sql\_DailyScript\currenttime.sql
+---------------------+
| currenttime         |
+---------------------+
| 2021-08-23 10:33:22 |
+---------------------+
1 row in set (0.00 sec)

mysql> 
mysql> mysql \. C:\workspace\cloud\code\sql\_DailyScript\load_RCB_VODTITLES.sql
Database changed
Query OK, 0 rows affected (0.00 sec)

Query OK, 15821 rows affected (0.18 sec)

Query OK, 15823 rows affected, 15823 warnings (0.45 sec)
Records: 15823  Deleted: 0  Skipped: 0  Warnings: 15823

Query OK, 0 rows affected (0.00 sec)

Query OK, 2 rows affected (0.04 sec)

+-----------+
| VODTITLES |
+-----------+
|     16281 |
+-----------+
1 row in set (0.01 sec)

+-----------+-----------+
| titletype | typecount |
+-----------+-----------+
| E         |     13379 |
| N         |       246 |
| T         |      2196 |
| NULL      |     15821 |
+-----------+-----------+
4 rows in set (0.09 sec)

mysql> mysql \. C:\workspace\cloud\code\sql\_DailyScript\currenttime.sql
+---------------------+
| currenttime         |
+---------------------+
| 2021-08-23 10:33:23 |
+---------------------+
1 row in set (0.00 sec)

mysql> 
mysql> mysql \. C:\workspace\cloud\code\sql\_DailyScript\DAILY-SCRIPT-LIVETV-STATS.sql
Database changed
Query OK, 0 rows affected (0.02 sec)

Query OK, 104362 rows affected (1.36 sec)
Records: 104362  Duplicates: 0  Warnings: 0

+------------+------------+----------+--------------+--------------+-----------+-------------+----------+--------+------+------------+---------+---------------+
| Table      | Non_unique | Key_name | Seq_in_index | Column_name  | Collation | Cardinality | Sub_part | Packed | Null | Index_type | Comment | Index_comment |
+------------+------------+----------+--------------+--------------+-----------+-------------+----------+--------+------+------------+---------+---------------+
| templivetv |          1 | idxtv1   |            1 | device       | A         |      105017 |     NULL | NULL   | YES  | BTREE      |         |               |
| templivetv |          1 | idxtv2   |            1 | sessionstart | A         |      105017 |     NULL | NULL   | YES  | BTREE      |         |               |
+------------+------------+----------+--------------+--------------+-----------+-------------+----------+--------+------+------------+---------+---------------+
2 rows in set (0.00 sec)

Query OK, 104246 rows affected (17.52 sec)
Records: 104246  Duplicates: 0  Warnings: 0

Query OK, 2571 rows affected (0.91 sec)
Records: 2571  Duplicates: 0  Warnings: 0

Query OK, 0 rows affected (0.00 sec)

Query OK, 0 rows affected (0.01 sec)

Query OK, 127 rows affected (0.05 sec)
Records: 127  Duplicates: 0  Warnings: 0

Query OK, 0 rows affected (0.01 sec)

Query OK, 78302 rows affected (11 min 56.70 sec)
Records: 78302  Duplicates: 0  Warnings: 0

+-----------------+
| rep_livetvstats |
+-----------------+
|           78302 |
+-----------------+
1 row in set (0.11 sec)

mysql> mysql \. C:\workspace\cloud\code\sql\_DailyScript\currenttime.sql
+---------------------+
| currenttime         |
+---------------------+
| 2021-08-23 10:45:40 |
+---------------------+
1 row in set (0.00 sec)

mysql> 
mysql> mysql \. C:\workspace\cloud\code\sql\_DailyScript\DAILY-SCRIPT-VODTS-STATS.sql
Database changed
Query OK, 0 rows affected (0.01 sec)

Query OK, 9807 rows affected (30.84 sec)
Records: 9807  Duplicates: 0  Warnings: 0

+---------+------------+----------+--------------+--------------+-----------+-------------+----------+--------+------+------------+---------+---------------+
| Table   | Non_unique | Key_name | Seq_in_index | Column_name  | Collation | Cardinality | Sub_part | Packed | Null | Index_type | Comment | Index_comment |
+---------+------------+----------+--------------+--------------+-----------+-------------+----------+--------+------+------------+---------+---------------+
| tempvod |          1 | idxtvod1 |            1 | device       | A         |        9983 |     NULL | NULL   | YES  | BTREE      |         |               |
| tempvod |          1 | idxtvod2 |            1 | sessionstart | A         |        9983 |     NULL | NULL   | YES  | BTREE      |         |               |
+---------+------------+----------+--------------+--------------+-----------+-------------+----------+--------+------+------------+---------+---------------+
2 rows in set (0.00 sec)

Query OK, 9921 rows affected (5.68 sec)
Records: 9921  Duplicates: 0  Warnings: 0

Query OK, 0 rows affected (0.02 sec)

Query OK, 1394590 rows affected (2 min 1.89 sec)
Records: 1394590  Duplicates: 0  Warnings: 0

+--------------+
| rep_vodstats |
+--------------+
|      1394590 |
+--------------+
1 row in set (0.53 sec)

Database changed
Query OK, 0 rows affected (0.01 sec)

Query OK, 20856 rows affected (53.33 sec)
Records: 20856  Duplicates: 0  Warnings: 0

+--------+------------+----------+--------------+--------------+-----------+-------------+----------+--------+------+------------+---------+---------------+
| Table  | Non_unique | Key_name | Seq_in_index | Column_name  | Collation | Cardinality | Sub_part | Packed | Null | Index_type | Comment | Index_comment |
+--------+------------+----------+--------------+--------------+-----------+-------------+----------+--------+------+------------+---------+---------------+
| tempts |          1 | idxtts1  |            1 | device       | A         |       21093 |     NULL | NULL   | YES  | BTREE      |         |               |
| tempts |          1 | idxtts2  |            1 | sessionstart | A         |       21093 |     NULL | NULL   | YES  | BTREE      |         |               |
+--------+------------+----------+--------------+--------------+-----------+-------------+----------+--------+------+------------+---------+---------------+
2 rows in set (0.00 sec)

Query OK, 20825 rows affected (15.99 sec)
Records: 20825  Duplicates: 0  Warnings: 0

Query OK, 0 rows affected (0.01 sec)

Query OK, 51543 rows affected (57.21 sec)
Records: 51543  Duplicates: 0  Warnings: 0

+-------------+
| rep_tsstats |
+-------------+
|       51543 |
+-------------+
1 row in set (0.04 sec)

mysql> mysql \. C:\workspace\cloud\code\sql\_DailyScript\currenttime.sql
+---------------------+
| currenttime         |
+---------------------+
| 2021-08-23 10:50:25 |
+---------------------+
1 row in set (0.00 sec)

mysql> 
mysql> mysql \. C:\workspace\cloud\code\sql\_DailyScript\DAILY-SCRIPT-RADIO-STATS.sql
Database changed
Query OK, 0 rows affected (0.03 sec)

Query OK, 427637 rows affected (5.26 sec)
Records: 427637  Duplicates: 0  Warnings: 0

+-----------+------------+----------+--------------+--------------+-----------+-------------+----------+--------+------+------------+---------+---------------+
| Table     | Non_unique | Key_name | Seq_in_index | Column_name  | Collation | Cardinality | Sub_part | Packed | Null | Index_type | Comment | Index_comment |
+-----------+------------+----------+--------------+--------------+-----------+-------------+----------+--------+------+------------+---------+---------------+
| tempradio |          1 | idxtrad1 |            1 | device       | A         |      422818 |     NULL | NULL   | YES  | BTREE      |         |               |
| tempradio |          1 | idxtrad2 |            1 | sessionstart | A         |      422818 |     NULL | NULL   | YES  | BTREE      |         |               |
+-----------+------------+----------+--------------+--------------+-----------+-------------+----------+--------+------+------------+---------+---------------+
2 rows in set (0.00 sec)

Query OK, 1041 rows affected (1.21 sec)
Records: 1041  Duplicates: 0  Warnings: 0

Query OK, 0 rows affected (0.01 sec)

Query OK, 6753 rows affected (0.72 sec)
Records: 6753  Duplicates: 0  Warnings: 0

+----------------+
| rep_radiostats |
+----------------+
|           6753 |
+----------------+
1 row in set (0.01 sec)

mysql> mysql \. C:\workspace\cloud\code\sql\_DailyScript\currenttime.sql
+---------------------+
| currenttime         |
+---------------------+
| 2021-08-23 10:50:33 |
+---------------------+
1 row in set (0.00 sec)

mysql> 
mysql> mysql \. C:\workspace\cloud\code\sql\_DailyScript\DAILY_SCRIPT_TELEMETRY_PIVOT_2021.sql
Query OK, 0 rows affected (0.01 sec)

Query OK, 140 rows affected (0.17 sec)
Records: 140  Duplicates: 0  Warnings: 0

Query OK, 0 rows affected (0.01 sec)

Query OK, 14051 rows affected (2.54 sec)
Records: 14051  Duplicates: 0  Warnings: 0

Query OK, 0 rows affected (0.01 sec)

Query OK, 6 rows affected (0.04 sec)
Records: 6  Duplicates: 0  Warnings: 0

Query OK, 0 rows affected (0.01 sec)

Query OK, 44 rows affected (0.11 sec)
Records: 44  Duplicates: 0  Warnings: 0

mysql> mysql \. C:\workspace\cloud\code\sql\_DailyScript\currenttime.sql
+---------------------+
| currenttime         |
+---------------------+
| 2021-08-23 10:50:36 |
+---------------------+
1 row in set (0.00 sec)

mysql> 
mysql> mysql \. C:\workspace\cloud\code\sql\_DailyScript\telemetry_livetv_ranking2021.sql
Query OK, 0 rows affected (0.01 sec)

Query OK, 140 rows affected (0.02 sec)
Records: 140  Duplicates: 0  Warnings: 0

mysql> mysql \. C:\workspace\cloud\code\sql\_DailyScript\currenttime.sql
+---------------------+
| currenttime         |
+---------------------+
| 2021-08-23 10:50:36 |
+---------------------+
1 row in set (0.00 sec)

mysql> 
mysql> mysql \. C:\workspace\cloud\code\sql\_DailyScript\telemetry_radio_ranking2021.sql
Query OK, 0 rows affected (0.01 sec)

Query OK, 6 rows affected (0.02 sec)
Records: 6  Duplicates: 0  Warnings: 0

mysql> mysql \. C:\workspace\cloud\code\sql\_DailyScript\currenttime.sql
+---------------------+
| currenttime         |
+---------------------+
| 2021-08-23 10:50:36 |
+---------------------+
1 row in set (0.00 sec)

mysql> 
mysql> mysql \. C:\workspace\cloud\code\sql\_DailyScript\telemetry_ts_ranking2021.sql
Query OK, 0 rows affected (0.00 sec)

Query OK, 44 rows affected (0.03 sec)
Records: 44  Duplicates: 0  Warnings: 0

mysql> mysql \. C:\workspace\cloud\code\sql\_DailyScript\currenttime.sql
+---------------------+
| currenttime         |
+---------------------+
| 2021-08-23 10:50:36 |
+---------------------+
1 row in set (0.00 sec)

mysql> 
mysql> mysql \. C:\workspace\cloud\code\sql\_DailyScript\telemetry_vod_ranking2021.sql
Query OK, 0 rows affected (0.01 sec)

Query OK, 14051 rows affected (0.76 sec)
Records: 14051  Duplicates: 0  Warnings: 0

mysql> mysql \. C:\workspace\cloud\code\sql\_DailyScript\currenttime.sql
+---------------------+
| currenttime         |
+---------------------+
| 2021-08-23 10:50:37 |
+---------------------+
1 row in set (0.00 sec)

mysql> 
mysql> mysql \. C:\workspace\cloud\code\sql\_DailyScript\telemetry_vod_ranking2021_1.sql
Query OK, 0 rows affected (0.01 sec)

Query OK, 14051 rows affected (0.31 sec)
Records: 14051  Duplicates: 0  Warnings: 0

mysql> mysql \. C:\workspace\cloud\code\sql\_DailyScript\currenttime.sql
+---------------------+
| currenttime         |
+---------------------+
| 2021-08-23 10:50:37 |
+---------------------+
1 row in set (0.00 sec)

mysql> 
mysql> mysql \. C:\workspace\cloud\code\sql\_DailyScript\telemetry_vod_ranking2021_2.sql
Query OK, 0 rows affected (0.01 sec)

Query OK, 14051 rows affected (0.29 sec)
Records: 14051  Duplicates: 0  Warnings: 0

mysql> mysql \. C:\workspace\cloud\code\sql\_DailyScript\currenttime.sql
+---------------------+
| currenttime         |
+---------------------+
| 2021-08-23 10:50:37 |
+---------------------+
1 row in set (0.00 sec)

mysql> 
mysql> 
mysql> 
mysql> 
mysql> mysql \. C:\workspace\cloud\code\sql\_DailyScript\ticket_analysis.sql
Database changed
Query OK, 0 rows affected (0.03 sec)

Query OK, 860655 rows affected (32.58 sec)
Records: 860655  Duplicates: 0  Warnings: 0

Query OK, 0 rows affected (3.67 sec)
Records: 0  Duplicates: 0  Warnings: 0

Query OK, 0 rows affected (2.21 sec)
Records: 0  Duplicates: 0  Warnings: 0

Query OK, 0 rows affected (1.76 sec)
Records: 0  Duplicates: 0  Warnings: 0

Query OK, 0 rows affected (0.02 sec)

Query OK, 26972 rows affected (14.61 sec)
Records: 26972  Duplicates: 0  Warnings: 0

Query OK, 0 rows affected, 1 warning (0.00 sec)

Query OK, 125297 rows affected (8.56 sec)
Records: 125297  Duplicates: 0  Warnings: 0

Query OK, 0 rows affected, 1 warning (0.00 sec)

Query OK, 634858 rows affected (17.47 sec)
Records: 634858  Duplicates: 0  Warnings: 0

Query OK, 0 rows affected, 1 warning (0.00 sec)

Query OK, 634858 rows affected (15.84 sec)
Records: 634858  Duplicates: 0  Warnings: 0

Query OK, 0 rows affected (0.03 sec)

Query OK, 125422 rows affected (4.69 sec)
Records: 125422  Duplicates: 0  Warnings: 0

Database changed
Query OK, 0 rows affected (0.00 sec)

Query OK, 0 rows affected (0.04 sec)

Query OK, 860655 rows affected (29.29 sec)
Records: 860655  Duplicates: 0  Warnings: 0

Query OK, 0 rows affected (0.04 sec)

Query OK, 444508 rows affected (21.34 sec)
Records: 444508  Duplicates: 0  Warnings: 0

+--------------------------+
| clientticket_cmmtjourney |
+--------------------------+
|                   860655 |
+--------------------------+
1 row in set (2.96 sec)

+---------------------------+
| clientticket_assgnjourney |
+---------------------------+
|                    444508 |
+---------------------------+
1 row in set (6.01 sec)

Query OK, 0 rows affected (0.01 sec)

Query OK, 80 rows affected (0.16 sec)
Records: 80  Duplicates: 0  Warnings: 0

mysql> mysql \. C:\workspace\cloud\code\sql\_DailyScript\currenttime.sql
+---------------------+
| currenttime         |
+---------------------+
| 2021-08-23 10:53:19 |
+---------------------+
1 row in set (0.00 sec)

mysql> 
mysql> mysql \. C:\workspace\cloud\code\sql\_DailyScript\load_DailyCalls.sql
Database changed
Query OK, 348 rows affected (0.24 sec)
Records: 348  Deleted: 0  Skipped: 0  Warnings: 0

Query OK, 0 rows affected, 1 warning (0.00 sec)

Query OK, 348 rows affected (0.07 sec)
Records: 348  Duplicates: 0  Warnings: 0

Query OK, 0 rows affected, 1 warning (0.00 sec)

Query OK, 70189 rows affected (0.46 sec)
Records: 70189  Duplicates: 0  Warnings: 0

+----------------------+
| callingclientsbefore |
+----------------------+
|              1255073 |
+----------------------+
1 row in set (0.68 sec)

Query OK, 479 rows affected (7.23 sec)
Records: 479  Duplicates: 0  Warnings: 0

+---------------------+
| callingclientsafter |
+---------------------+
|             1255552 |
+---------------------+
1 row in set (0.42 sec)

Query OK, 0 rows affected (0.01 sec)

Query OK, 252 rows affected (4.89 sec)
Records: 252  Duplicates: 0  Warnings: 0

Query OK, 0 rows affected (0.01 sec)

Query OK, 24428 rows affected (3.88 sec)
Records: 24428  Duplicates: 0  Warnings: 0

+-----------+
| callstats |
+-----------+
|     24428 |
+-----------+
1 row in set (0.01 sec)

Query OK, 0 rows affected, 1 warning (0.00 sec)

Query OK, 479 rows affected (3.63 sec)
Records: 479  Duplicates: 0  Warnings: 0

+------------------------+
| rep_cccallreportbefore |
+------------------------+
|                1256724 |
+------------------------+
1 row in set (0.46 sec)

Query OK, 479 rows affected (0.22 sec)
Records: 479  Duplicates: 0  Warnings: 0

+-----------------------+
| rep_cccallreportafter |
+-----------------------+
|               1257203 |
+-----------------------+
1 row in set (0.43 sec)

Query OK, 0 rows affected (0.01 sec)

mysql> mysql \. C:\workspace\cloud\code\sql\_DailyScript\currenttime.sql
+---------------------+
| currenttime         |
+---------------------+
| 2021-08-23 10:53:41 |
+---------------------+
1 row in set (0.00 sec)

mysql> 
mysql> mysql \. C:\workspace\cloud\code\sql\_DailyScript\DAILY-SCRIPT-USAGE.sql
Database changed
Query OK, 0 rows affected (0.00 sec)

Query OK, 4561 rows affected, 13260 warnings (0.87 sec)
Records: 4561  Deleted: 0  Skipped: 0  Warnings: 13260

Query OK, 0 rows affected (0.00 sec)

Query OK, 7836 rows affected, 22644 warnings (1.07 sec)
Records: 7836  Deleted: 0  Skipped: 0  Warnings: 22644

Query OK, 0 rows affected (0.00 sec)

Query OK, 268 rows affected, 957 warnings (0.08 sec)
Records: 268  Deleted: 0  Skipped: 0  Warnings: 957

Query OK, 0 rows affected (0.00 sec)

Query OK, 150 rows affected, 534 warnings (0.07 sec)
Records: 150  Deleted: 0  Skipped: 0  Warnings: 534

+------------+
| dailyusage |
+------------+
|   18639738 |
+------------+
1 row in set (8.57 sec)

+------------+------------+------------+---------+
| datestart  | dateend    | insertedon | records |
+------------+------------+------------+---------+
| 2021-08-21 | 2021-08-21 | 2021-08-23 |   12815 |
| 2021-08-20 | 2021-08-20 | 2021-08-23 |   12897 |
| 2021-08-19 | 2021-08-19 | 2021-08-20 |   12813 |
| 2021-08-18 | 2021-08-18 | 2021-08-19 |   12801 |
| 2021-08-17 | 2021-08-17 | 2021-08-18 |   12333 |
+------------+------------+------------+---------+
5 rows in set (28.55 sec)

+----------+------------+------------+------------+---------+
| category | datestart  | dateend    | insertedon | records |
+----------+------------+------------+------------+---------+
| UNCAPPED | 2021-08-21 | 2021-08-21 | 2021-08-23 |    7836 |
| PREPAID  | 2021-08-21 | 2021-08-21 | 2021-08-23 |     268 |
| HOTSPOT  | 2021-08-21 | 2021-08-21 | 2021-08-23 |     150 |
| CAPPED   | 2021-08-21 | 2021-08-21 | 2021-08-23 |    4561 |
| UNCAPPED | 2021-08-20 | 2021-08-20 | 2021-08-23 |    7846 |
| PREPAID  | 2021-08-20 | 2021-08-20 | 2021-08-23 |     273 |
| HOTSPOT  | 2021-08-20 | 2021-08-20 | 2021-08-23 |     189 |
| CAPPED   | 2021-08-20 | 2021-08-20 | 2021-08-23 |    4589 |
| UNCAPPED | 2021-08-19 | 2021-08-19 | 2021-08-20 |    7841 |
| PREPAID  | 2021-08-19 | 2021-08-19 | 2021-08-20 |     284 |
| HOTSPOT  | 2021-08-19 | 2021-08-19 | 2021-08-20 |     170 |
| CAPPED   | 2021-08-19 | 2021-08-19 | 2021-08-20 |    4518 |
| UNCAPPED | 2021-08-18 | 2021-08-18 | 2021-08-19 |    7757 |
| PREPAID  | 2021-08-18 | 2021-08-18 | 2021-08-19 |     281 |
| HOTSPOT  | 2021-08-18 | 2021-08-18 | 2021-08-19 |     170 |
| CAPPED   | 2021-08-18 | 2021-08-18 | 2021-08-19 |    4593 |
| UNCAPPED | 2021-08-17 | 2021-08-17 | 2021-08-18 |    7418 |
| PREPAID  | 2021-08-17 | 2021-08-17 | 2021-08-18 |     270 |
| HOTSPOT  | 2021-08-17 | 2021-08-17 | 2021-08-18 |     199 |
| CAPPED   | 2021-08-17 | 2021-08-17 | 2021-08-18 |    4446 |
+----------+------------+------------+------------+---------+
20 rows in set (27.45 sec)

mysql> mysql \. C:\workspace\cloud\code\sql\_DailyScript\currenttime.sql
+---------------------+
| currenttime         |
+---------------------+
| 2021-08-23 10:54:48 |
+---------------------+
1 row in set (0.00 sec)

mysql> 
mysql> mysql \. C:\workspace\cloud\code\sql\_DailyScript\DAILY-SCRIPT-SALES-TELEMETRY.sql
Database changed
Query OK, 50 rows affected, 16 warnings (0.03 sec)
Records: 50  Deleted: 0  Skipped: 0  Warnings: 16

+------------+
| dailysales |
+------------+
|     243917 |
+------------+
1 row in set (0.38 sec)

Query OK, 0 rows affected (0.02 sec)

Query OK, 243917 rows affected (16.24 sec)
Records: 243917  Duplicates: 0  Warnings: 0

+--------+
| sales  |
+--------+
| 243917 |
+--------+
1 row in set (0.17 sec)

Query OK, 0 rows affected (0.01 sec)

Query OK, 4050 rows affected (0.43 sec)
Records: 4050  Duplicates: 0  Warnings: 0

+----------------+
| rep_dailysales |
+----------------+
|           4050 |
+----------------+
1 row in set (0.00 sec)

Query OK, 0 rows affected (0.01 sec)

Query OK, 4050 rows affected (0.78 sec)
Records: 4050  Duplicates: 0  Warnings: 0

+-------------------+
| rep_dailysalesreg |
+-------------------+
|              4050 |
+-------------------+
1 row in set (0.00 sec)

Query OK, 0 rows affected (0.01 sec)

Query OK, 2970 rows affected (0.76 sec)
Records: 2970  Duplicates: 0  Warnings: 0

+-----------+
| saleslist |
+-----------+
|      2970 |
+-----------+
1 row in set (0.00 sec)

Database changed
ERROR 2 (HY000): File 'C:\ProgramData\MySQL\MySQL Server 5.7\Uploads\_csv\PrepaidCardSales-21082021-P1.csv' not found (Errcode: 2 - No such file or directory)
+------------------+
| dailysinglesales |
+------------------+
|             6580 |
+------------------+
1 row in set (0.02 sec)

Database changed
Query OK, 17 rows affected (0.10 sec)
Records: 17  Deleted: 0  Skipped: 0  Warnings: 0

+-----------------+
| dailyaddonsales |
+-----------------+
|           24694 |
+-----------------+
1 row in set (0.08 sec)

Query OK, 205 rows affected (0.08 sec)
Records: 205  Deleted: 0  Skipped: 0  Warnings: 0

+----------------+
| onlinepayments |
+----------------+
|         214900 |
+----------------+
1 row in set (0.14 sec)

+-------------+----------------+---------------------+
| paymentdate | onlinepayments | onlinepaymentamount |
+-------------+----------------+---------------------+
| 2021-08-21  |            205 |        137098.45000 |
| 2021-08-20  |            264 |        163752.95000 |
| 2021-08-19  |            233 |        143212.33000 |
| 2021-08-18  |            237 |        141502.38000 |
| 2021-08-17  |            230 |        143050.30000 |
+-------------+----------------+---------------------+
5 rows in set (0.97 sec)

+-------------+--------------+----------------+---------------------+
| paymentyear | paymentmonth | onlinepayments | onlinepaymentamount |
+-------------+--------------+----------------+---------------------+
|        2021 |            8 |           5057 |       3220784.48000 |
|        2021 |            7 |           8972 |       5795292.15000 |
|        2021 |            6 |           8773 |       5686976.03000 |
|        2021 |            5 |           9358 |       5959322.66000 |
|        2021 |            4 |           8607 |       5573873.25000 |
+-------------+--------------+----------------+---------------------+
5 rows in set (0.30 sec)

mysql> mysql \. C:\workspace\cloud\code\sql\_DailyScript\currenttime.sql
+---------------------+
| currenttime         |
+---------------------+
| 2021-08-23 10:55:09 |
+---------------------+
1 row in set (0.00 sec)

mysql> 
mysql> mysql \. C:\workspace\cloud\code\sql\_DailyScript\DAILY-SCRIPT-ACTIVENUMBERS.sql
Database changed
Query OK, 1112 rows affected (0.65 sec)
Records: 1112  Deleted: 0  Skipped: 0  Warnings: 0

+------------+----------+
| period     | count(1) |
+------------+----------+
| 2021-08-21 |     1112 |
| 2021-08-20 |     1113 |
| 2021-08-19 |     1112 |
| 2021-08-18 |     1112 |
| 2021-08-17 |     1114 |
+------------+----------+
5 rows in set (0.01 sec)

Query OK, 0 rows affected (0.01 sec)

Query OK, 74 rows affected (1.49 sec)
Records: 74  Duplicates: 0  Warnings: 0

+-------------+
| packagelist |
+-------------+
|          74 |
+-------------+
1 row in set (0.00 sec)

Database changed
Query OK, 0 rows affected (0.00 sec)

Query OK, 0 rows affected (0.00 sec)

Query OK, 0 rows affected (0.00 sec)

Query OK, 0 rows affected (0.00 sec)

Query OK, 28835 rows affected, 218 warnings (12.42 sec)
Records: 28835  Deleted: 0  Skipped: 0  Warnings: 218

+------------+----------+
| period     | count(1) |
+------------+----------+
| 2021-08-21 |    28835 |
| 2021-08-20 |    28863 |
| 2021-08-19 |    28806 |
| 2021-08-18 |    28820 |
| 2021-08-17 |    28710 |
+------------+----------+
5 rows in set (0.33 sec)

Query OK, 0 rows affected (0.02 sec)

Query OK, 28274 rows affected (1 min 7.22 sec)
Records: 28274  Duplicates: 0  Warnings: 0

Query OK, 0 rows affected (0.12 sec)
Records: 0  Duplicates: 0  Warnings: 0

Query OK, 0 rows affected (0.18 sec)
Records: 0  Duplicates: 0  Warnings: 0

Query OK, 0 rows affected (0.14 sec)
Records: 0  Duplicates: 0  Warnings: 0

Query OK, 0 rows affected (0.11 sec)
Records: 0  Duplicates: 0  Warnings: 0

Query OK, 0 rows affected (0.23 sec)
Records: 0  Duplicates: 0  Warnings: 0

Query OK, 0 rows affected (0.10 sec)
Records: 0  Duplicates: 0  Warnings: 0

+-------------+
| countbefore |
+-------------+
|    48620693 |
+-------------+
1 row in set (19.79 sec)

Query OK, 28274 rows affected (2.39 sec)
Records: 28274  Duplicates: 0  Warnings: 0

+------------+
| countafter |
+------------+
|   48648967 |
+------------+
1 row in set (18.92 sec)

+------------+--------------------------+
| period     | customercontractactivity |
+------------+--------------------------+
| 2021-08-21 |                    28274 |
| 2021-08-20 |                    28302 |
| 2021-08-19 |                    28245 |
| 2021-08-18 |                    28259 |
| 2021-08-17 |                    28148 |
+------------+--------------------------+
5 rows in set (0.12 sec)

Query OK, 0 rows affected (0.03 sec)

Query OK, 314098 rows affected, 4 warnings (9 min 17.50 sec)
Records: 314098  Duplicates: 0  Warnings: 4

Query OK, 0 rows affected (1.31 sec)
Records: 0  Duplicates: 0  Warnings: 0

Query OK, 0 rows affected (1.33 sec)
Records: 0  Duplicates: 0  Warnings: 0

Query OK, 0 rows affected (1.15 sec)
Records: 0  Duplicates: 0  Warnings: 0

Query OK, 0 rows affected (0.01 sec)

Query OK, 231 rows affected (0.55 sec)
Records: 231  Duplicates: 0  Warnings: 0

Query OK, 0 rows affected (0.01 sec)

Query OK, 2548 rows affected (0.62 sec)
Records: 2548  Duplicates: 0  Warnings: 0

Query OK, 0 rows affected (0.01 sec)

Query OK, 28251 rows affected (0.65 sec)
Records: 28251  Duplicates: 0  Warnings: 0

Query OK, 0 rows affected (0.01 sec)

Query OK, 17133 rows affected (0.36 sec)
Records: 17133  Duplicates: 0  Warnings: 0

Query OK, 0 rows affected (0.01 sec)

Query OK, 17133 rows affected (0.15 sec)
Records: 17133  Duplicates: 0  Warnings: 0

Query OK, 0 rows affected (0.01 sec)

Query OK, 17133 rows affected (1.28 sec)
Records: 17133  Duplicates: 0  Warnings: 0

Query OK, 0 rows affected (0.01 sec)

Query OK, 17133 rows affected (42.50 sec)
Records: 17133  Duplicates: 0  Warnings: 0

+-------------+
| clientstats |
+-------------+
|       17133 |
+-------------+
1 row in set (0.02 sec)

Query OK, 0 rows affected (0.01 sec)

Query OK, 12 rows affected, 1 warning (0.15 sec)
Records: 12  Duplicates: 0  Warnings: 1

+-----------------------+-------------+-------------+----------------+-----------------+
| services              | activecount | allaccounts | uniqueaccounts | uniquecontracts |
+-----------------------+-------------+-------------+----------------+-----------------+
| All                   |         417 |          67 |             67 |             216 |
| Internet & Voice      |         326 |         144 |            144 |             282 |
| Internet Only         |        4389 |        4285 |           4282 |            4327 |
| OTT Only              |           1 |           1 |              1 |               1 |
| TV & Internet         |        9812 |        4404 |           4398 |            8965 |
| TV & Internet & OTT   |        4225 |        1099 |           1098 |            2286 |
| TV & Internet & Voice |         534 |         151 |            151 |             465 |
| TV & OTT              |         342 |          74 |             72 |              84 |
| TV & Voice            |          76 |          35 |             35 |              71 |
| TV Only               |        8616 |        6762 |           6755 |            6973 |
| Voice Only            |         113 |         111 |            111 |             113 |
| GRAND TOTAL           |       28851 |       17133 |          17068 |           23783 |
+-----------------------+-------------+-------------+----------------+-----------------+
12 rows in set (0.00 sec)

+-------------+-------------+-------------+----------------+-----------------+
| network     | activecount | allaccounts | uniqueaccounts | uniquecontracts |
+-------------+-------------+-------------+----------------+-----------------+
| GPON        |       12558 |        6287 |           6284 |            9949 |
| HFC         |       16293 |       10846 |          10846 |           13834 |
| GRAND TOTAL |       28851 |       17133 |          17068 |           23783 |
+-------------+-------------+-------------+----------------+-----------------+
3 rows in set, 1 warning (0.18 sec)

+-------------+-----------------------+-------------+-------------+----------------+-----------------+
| network     | services              | activecount | allaccounts | uniqueaccounts | uniquecontracts |
+-------------+-----------------------+-------------+-------------+----------------+-----------------+
| GPON        | All                   |         285 |          51 |             51 |             161 |
| GPON        | Internet & Voice      |          85 |          35 |             35 |              74 |
| GPON        | Internet Only         |        1547 |        1460 |           1460 |            1486 |
| GPON        | TV & Internet         |        5103 |        2251 |           2251 |            4608 |
| GPON        | TV & Internet & OTT   |        3041 |         790 |            790 |            1652 |
| GPON        | TV & Internet & Voice |         277 |          74 |             74 |             231 |
| GPON        | TV & OTT              |         146 |          44 |             44 |              45 |
| GPON        | TV & Voice            |          44 |          20 |             20 |              41 |
| GPON        | TV Only               |        2019 |        1552 |           1552 |            1640 |
| GPON        | Voice Only            |          11 |          10 |             10 |              11 |
| GPON        | Services Total        |       12558 |        6287 |           6284 |            9949 |
| HFC         | All                   |         132 |          16 |             16 |              55 |
| HFC         | Internet & Voice      |         241 |         109 |            109 |             208 |
| HFC         | Internet Only         |        2842 |        2825 |           2825 |            2841 |
| HFC         | OTT Only              |           1 |           1 |              1 |               1 |
| HFC         | TV & Internet         |        4709 |        2153 |           2153 |            4357 |
| HFC         | TV & Internet & OTT   |        1184 |         309 |            309 |             634 |
| HFC         | TV & Internet & Voice |         257 |          77 |             77 |             234 |
| HFC         | TV & OTT              |         196 |          30 |             30 |              39 |
| HFC         | TV & Voice            |          32 |          15 |             15 |              30 |
| HFC         | TV Only               |        6597 |        5210 |           5210 |            5333 |
| HFC         | Voice Only            |         102 |         101 |            101 |             102 |
| HFC         | Services Total        |       16293 |       10846 |          10846 |           13834 |
| GRAND TOTAL | Services Total        |       28851 |       17133 |          17068 |           23783 |
+-------------+-----------------------+-------------+-------------+----------------+-----------------+
24 rows in set, 2 warnings (0.20 sec)

Query OK, 0 rows affected (0.01 sec)

Query OK, 41 rows affected, 3 warnings (0.23 sec)
Records: 41  Duplicates: 0  Warnings: 3

+-------------+---------------+-----------------------+-------------+-------------+----------------+-----------------+
| region      | network       | services              | activecount | allaccounts | uniqueaccounts | uniquecontracts |
+-------------+---------------+-----------------------+-------------+-------------+----------------+-----------------+
| Eden Island | GPON          | TV & Internet         |           2 |           1 |              1 |               2 |
| Eden Island | GPON          | Services Total        |           2 |           1 |              1 |               2 |
| Eden Island | Network Total | Services Total        |           2 |           1 |              1 |               2 |
| Mahe        | GPON          | All                   |         246 |          44 |             44 |             139 |
| Mahe        | GPON          | Internet & Voice      |          73 |          29 |             29 |              62 |
| Mahe        | GPON          | Internet Only         |        1300 |        1214 |           1214 |            1239 |
| Mahe        | GPON          | TV & Internet         |        4323 |        1901 |           1901 |            3888 |
| Mahe        | GPON          | TV & Internet & OTT   |        2518 |         641 |            641 |            1344 |
| Mahe        | GPON          | TV & Internet & Voice |         270 |          72 |             72 |             224 |
| Mahe        | GPON          | TV & OTT              |         111 |          33 |             33 |              34 |
| Mahe        | GPON          | TV & Voice            |          39 |          18 |             18 |              36 |
| Mahe        | GPON          | TV Only               |        1672 |        1283 |           1283 |            1356 |
| Mahe        | GPON          | Voice Only            |          11 |          10 |             10 |              11 |
| Mahe        | GPON          | Services Total        |       10563 |        5245 |           5245 |            8333 |
| Mahe        | HFC           | All                   |         132 |          16 |             16 |              55 |
| Mahe        | HFC           | Internet & Voice      |         241 |         109 |            109 |             208 |
| Mahe        | HFC           | Internet Only         |        2842 |        2825 |           2825 |            2841 |
| Mahe        | HFC           | OTT Only              |           1 |           1 |              1 |               1 |
| Mahe        | HFC           | TV & Internet         |        4709 |        2153 |           2153 |            4357 |
| Mahe        | HFC           | TV & Internet & OTT   |        1184 |         309 |            309 |             634 |
| Mahe        | HFC           | TV & Internet & Voice |         257 |          77 |             77 |             234 |
| Mahe        | HFC           | TV & OTT              |         196 |          30 |             30 |              39 |
| Mahe        | HFC           | TV & Voice            |          32 |          15 |             15 |              30 |
| Mahe        | HFC           | TV Only               |        6595 |        5209 |           5209 |            5332 |
| Mahe        | HFC           | Voice Only            |         102 |         101 |            101 |             102 |
| Mahe        | HFC           | Services Total        |       16291 |       10845 |          10845 |           13833 |
| Mahe        | Network Total | Services Total        |       26854 |       16090 |          16028 |           22166 |
| Praslin     | GPON          | All                   |          39 |           7 |              7 |              22 |
| Praslin     | GPON          | Internet & Voice      |          12 |           6 |              6 |              12 |
| Praslin     | GPON          | Internet Only         |         247 |         246 |            246 |             247 |
| Praslin     | GPON          | TV & Internet         |         778 |         349 |            349 |             718 |
| Praslin     | GPON          | TV & Internet & OTT   |         523 |         149 |            149 |             308 |
| Praslin     | GPON          | TV & Internet & Voice |           7 |           2 |              2 |               7 |
| Praslin     | GPON          | TV & OTT              |          35 |          11 |             11 |              11 |
| Praslin     | GPON          | TV & Voice            |           5 |           2 |              2 |               5 |
| Praslin     | GPON          | TV Only               |         347 |         269 |            269 |             284 |
| Praslin     | GPON          | Services Total        |        1993 |        1041 |           1041 |            1614 |
| Praslin     | HFC           | TV Only               |           2 |           1 |              1 |               1 |
| Praslin     | HFC           | Services Total        |           2 |           1 |              1 |               1 |
| Praslin     | Network Total | Services Total        |        1995 |        1042 |           1042 |            1615 |
| GRAND TOTAL | Network Total | Services Total        |       28851 |       17133 |          17068 |           23783 |
+-------------+---------------+-----------------------+-------------+-------------+----------------+-----------------+
41 rows in set (0.00 sec)

Query OK, 0 rows affected (0.01 sec)

Query OK, 28252 rows affected (0.63 sec)
Records: 28252  Duplicates: 0  Warnings: 0

Query OK, 0 rows affected (0.01 sec)

Query OK, 2318 rows affected (2.65 sec)
Records: 2318  Duplicates: 0  Warnings: 0

+--------------------------------------+
| message                              |
+--------------------------------------+
| running rcbill_my.sp_ActiveNumber2() |
+--------------------------------------+
1 row in set (0.00 sec)

Query OK, 365 rows affected (2 min 20.88 sec)

mysql> mysql \. C:\workspace\cloud\code\sql\_DailyScript\currenttime.sql
+---------------------+
| currenttime         |
+---------------------+
| 2021-08-23 11:09:46 |
+---------------------+
1 row in set (0.00 sec)

mysql> 
mysql> mysql \. C:\workspace\cloud\code\sql\_DailyScript\GetActiveNumbers Average -Pivot.sql
Database changed
+-------------------------------------+
| @today := subdate(current_date(),1) |
+-------------------------------------+
| 2021-08-22                          |
+-------------------------------------+
1 row in set (0.00 sec)

+-------------------------------------+
| @lastdayofmonth := last_day(@today) |
+-------------------------------------+
| 2021-08-31                          |
+-------------------------------------+
1 row in set (0.00 sec)

Query OK, 0 rows affected (0.02 sec)

Query OK, 49816 rows affected, 65535 warnings (1 min 3.00 sec)
Records: 49816  Duplicates: 0  Warnings: 102402

Query OK, 0 rows affected (0.20 sec)
Records: 0  Duplicates: 0  Warnings: 0

Query OK, 0 rows affected (0.23 sec)
Records: 0  Duplicates: 0  Warnings: 0

Query OK, 0 rows affected (0.19 sec)
Records: 0  Duplicates: 0  Warnings: 0

+-----------------+
| activenumberavg |
+-----------------+
|           49816 |
+-----------------+
1 row in set (0.04 sec)

Query OK, 0 rows affected (0.02 sec)

Query OK, 1983 rows affected (0.72 sec)
Records: 1983  Duplicates: 0  Warnings: 0

+---------------------+
| rep_activenumberavg |
+---------------------+
|                1983 |
+---------------------+
1 row in set (0.01 sec)

+----------------------+
| rep_activenumberavg1 |
+----------------------+
|                  925 |
+----------------------+
1 row in set (0.01 sec)

Query OK, 0 rows affected (0.01 sec)

Query OK, 2628 rows affected (0.45 sec)
Records: 2628  Duplicates: 0  Warnings: 0

Query OK, 0 rows affected (0.01 sec)

Query OK, 13565 rows affected (0.82 sec)
Records: 13565  Duplicates: 0  Warnings: 0

Query OK, 0 rows affected (0.01 sec)

Query OK, 234 rows affected (0.44 sec)
Records: 234  Duplicates: 0  Warnings: 0

Query OK, 0 rows affected (0.00 sec)

Query OK, 0 rows affected (0.01 sec)

Query OK, 0 rows affected (0.01 sec)

Query OK, 0 rows affected (0.00 sec)

Query OK, 0 rows affected (0.00 sec)
Statement prepared

Query OK, 53 rows affected (0.11 sec)
Records: 53  Duplicates: 0  Warnings: 0

Query OK, 0 rows affected (0.00 sec)

Query OK, 0 rows affected (0.00 sec)

+----------------------+
| rep_activenumberavg2 |
+----------------------+
|                 2628 |
+----------------------+
1 row in set (0.01 sec)

+------------------------+
| rep_activenumberavg_pv |
+------------------------+
|                     53 |
+------------------------+
1 row in set (0.00 sec)

Query OK, 0 rows affected (0.01 sec)

Query OK, 2626 rows affected (0.52 sec)
Records: 2626  Duplicates: 0  Warnings: 0

Query OK, 0 rows affected (0.00 sec)

Query OK, 0 rows affected (0.01 sec)

Query OK, 0 rows affected (0.01 sec)

Query OK, 0 rows affected (0.00 sec)

Query OK, 0 rows affected (0.00 sec)
Statement prepared

Query OK, 53 rows affected (0.11 sec)
Records: 53  Duplicates: 0  Warnings: 0

Query OK, 0 rows affected (0.00 sec)

Query OK, 0 rows affected (0.00 sec)

+-------------------------+
| rep_activenumberavgMahe |
+-------------------------+
|                    2626 |
+-------------------------+
1 row in set (0.00 sec)

+----------------------------+
| rep_activenumberavgMahe_pv |
+----------------------------+
|                         53 |
+----------------------------+
1 row in set (0.00 sec)

Query OK, 0 rows affected (0.01 sec)

Query OK, 1663 rows affected (0.27 sec)
Records: 1663  Duplicates: 0  Warnings: 0

Query OK, 0 rows affected (0.00 sec)

Query OK, 0 rows affected (0.01 sec)

Query OK, 0 rows affected (0.01 sec)

Query OK, 0 rows affected (0.00 sec)

Query OK, 0 rows affected (0.00 sec)
Statement prepared

Query OK, 40 rows affected (0.07 sec)
Records: 40  Duplicates: 0  Warnings: 0

Query OK, 0 rows affected (0.00 sec)

Query OK, 0 rows affected (0.00 sec)

+----------------------------+
| rep_activenumberavgPraslin |
+----------------------------+
|                       1663 |
+----------------------------+
1 row in set (0.00 sec)

+-------------------------------+
| rep_activenumberavgPraslin_pv |
+-------------------------------+
|                            40 |
+-------------------------------+
1 row in set (0.00 sec)

mysql> mysql \. C:\workspace\cloud\code\sql\_DailyScript\currenttime.sql
+---------------------+
| currenttime         |
+---------------------+
| 2021-08-23 11:10:53 |
+---------------------+
1 row in set (0.00 sec)

mysql> 
mysql> mysql \. C:\workspace\cloud\code\sql\Analysis\clients_contracts_creditpolicy_2.sql
Database changed
Query OK, 0 rows affected (0.01 sec)

Query OK, 1885844 rows affected (1 min 9.14 sec)
Records: 1885844  Duplicates: 0  Warnings: 0

Query OK, 0 rows affected (0.01 sec)

Query OK, 28274 rows affected (1.42 sec)
Records: 28274  Duplicates: 0  Warnings: 0

Query OK, 0 rows affected (0.02 sec)

Query OK, 28336 rows affected (19.28 sec)
Records: 28336  Duplicates: 0  Warnings: 0

+-------------------------+
| rep_cust_cont_creditpol |
+-------------------------+
|                   28336 |
+-------------------------+
1 row in set (0.02 sec)

mysql> mysql \. C:\workspace\cloud\code\sql\_DailyScript\currenttime.sql
+---------------------+
| currenttime         |
+---------------------+
| 2021-08-23 11:12:23 |
+---------------------+
1 row in set (0.00 sec)

mysql> 
mysql> 
mysql> 
mysql> 
mysql> 
mysql> 
mysql> 
mysql> 
mysql> 
mysql> 
mysql> 
mysql> 
mysql> 
mysql> 
mysql> 
mysql> 
mysql> 
mysql> 
mysql> 
mysql> 
mysql> 
mysql> 
mysql> 
mysql> 
mysql> 
mysql> 
mysql> 
mysql> exit
