    -> 
    -> mysql \. C:\workspace\cloud\code\sql\_DailyScript\_setdates.sql
Query OK, 0 rows affected (0.01 sec)

Query OK, 0 rows affected (1.90 sec)

Database changed
Query OK, 0 rows affected (0.00 sec)

Query OK, 0 rows affected (0.00 sec)

Query OK, 0 rows affected (0.00 sec)

Query OK, 0 rows affected (0.00 sec)

Query OK, 0 rows affected (0.00 sec)

Query OK, 0 rows affected (0.00 sec)

Query OK, 0 rows affected (0.00 sec)

Query OK, 0 rows affected (0.00 sec)

Query OK, 0 rows affected (0.00 sec)

Query OK, 0 rows affected (0.00 sec)

Query OK, 0 rows affected (0.00 sec)

Query OK, 0 rows affected (0.00 sec)

Query OK, 0 rows affected (0.00 sec)

Query OK, 0 rows affected (0.00 sec)

Query OK, 0 rows affected (0.00 sec)

Query OK, 0 rows affected (0.00 sec)

Query OK, 0 rows affected (0.00 sec)

Query OK, 0 rows affected (0.00 sec)

Query OK, 0 rows affected (0.00 sec)

Query OK, 0 rows affected (0.00 sec)

Query OK, 0 rows affected (0.00 sec)

Query OK, 0 rows affected (0.00 sec)

mysql> mysql \. C:\workspace\cloud\code\sql\_DailyScript\currenttime.sql
+---------------------+
| currenttime         |
+---------------------+
| 2022-01-31 09:21:14 |
+---------------------+
1 row in set (0.00 sec)

mysql> 
mysql> mysql \. C:\workspace\cloud\code\sql\_DailyScript\load_RCB_VODTITLES.sql
Database changed
Query OK, 0 rows affected (0.00 sec)

Query OK, 17373 rows affected (0.20 sec)

Query OK, 17439 rows affected, 17439 warnings (0.56 sec)
Records: 17439  Deleted: 0  Skipped: 0  Warnings: 17439

Query OK, 0 rows affected (0.00 sec)

Query OK, 2 rows affected (0.02 sec)

+-----------+
| VODTITLES |
+-----------+
|     17897 |
+-----------+
1 row in set (0.01 sec)

+-----------+-----------+
| titletype | typecount |
+-----------+-----------+
| E         |     14910 |
| N         |       245 |
| T         |      2282 |
| NULL      |     17437 |
+-----------+-----------+
4 rows in set (0.10 sec)

mysql> mysql \. C:\workspace\cloud\code\sql\_DailyScript\currenttime.sql
+---------------------+
| currenttime         |
+---------------------+
| 2022-01-31 09:21:14 |
+---------------------+
1 row in set (0.00 sec)

mysql> 
mysql> 
mysql> 
mysql> 
mysql> 
mysql> mysql \. C:\workspace\cloud\code\sql\_DailyScript\load_DailyCalls.sql
Database changed
Query OK, 1415 rows affected (0.34 sec)
Records: 1415  Deleted: 0  Skipped: 0  Warnings: 0

Query OK, 0 rows affected, 1 warning (0.00 sec)

Query OK, 1411 rows affected (0.09 sec)
Records: 1411  Duplicates: 0  Warnings: 0

Query OK, 0 rows affected, 1 warning (0.00 sec)

Query OK, 94051 rows affected (0.55 sec)
Records: 94051  Duplicates: 0  Warnings: 0

+----------------------+
| callingclientsbefore |
+----------------------+
|              1368943 |
+----------------------+
1 row in set (1.11 sec)

Query OK, 1852 rows affected (37.34 sec)
Records: 1852  Duplicates: 0  Warnings: 0

+---------------------+
| callingclientsafter |
+---------------------+
|             1370795 |
+---------------------+
1 row in set (0.38 sec)

Query OK, 0 rows affected (0.02 sec)

Query OK, 776 rows affected (11.21 sec)
Records: 776  Duplicates: 0  Warnings: 0

Query OK, 0 rows affected (0.00 sec)

Query OK, 26324 rows affected (5.84 sec)
Records: 26324  Duplicates: 0  Warnings: 0

+-----------+
| callstats |
+-----------+
|     26324 |
+-----------+
1 row in set (0.01 sec)

Query OK, 0 rows affected, 1 warning (0.00 sec)

Query OK, 1852 rows affected (9.55 sec)
Records: 1852  Duplicates: 0  Warnings: 0

+------------------------+
| rep_cccallreportbefore |
+------------------------+
|                1369355 |
+------------------------+
1 row in set (0.36 sec)

Query OK, 1852 rows affected (0.70 sec)
Records: 1852  Duplicates: 0  Warnings: 0

+-----------------------+
| rep_cccallreportafter |
+-----------------------+
|               1371207 |
+-----------------------+
1 row in set (0.37 sec)

Query OK, 0 rows affected (0.01 sec)

mysql> mysql \. C:\workspace\cloud\code\sql\_DailyScript\currenttime.sql
+---------------------+
| currenttime         |
+---------------------+
| 2022-01-31 09:22:22 |
+---------------------+
1 row in set (0.00 sec)

mysql> 
mysql> mysql \. C:\workspace\cloud\code\sql\_DailyScript\DAILY-SCRIPT-USAGE.sql
Database changed
Query OK, 0 rows affected (0.00 sec)

Query OK, 3905 rows affected, 11318 warnings (1.52 sec)
Records: 3905  Deleted: 0  Skipped: 0  Warnings: 11318

Query OK, 0 rows affected (0.00 sec)

Query OK, 6252 rows affected, 18025 warnings (1.36 sec)
Records: 6252  Deleted: 0  Skipped: 0  Warnings: 18025

Query OK, 0 rows affected (0.00 sec)

Query OK, 357 rows affected, 1302 warnings (0.05 sec)
Records: 357  Deleted: 0  Skipped: 0  Warnings: 1302

Query OK, 0 rows affected (0.00 sec)

Query OK, 186 rows affected, 637 warnings (0.04 sec)
Records: 186  Deleted: 0  Skipped: 0  Warnings: 637

+------------+
| dailyusage |
+------------+
|   20468945 |
+------------+
1 row in set (15.56 sec)

+------------+------------+------------+---------+
| datestart  | dateend    | insertedon | records |
+------------+------------+------------+---------+
| 2022-01-28 | 2022-01-28 | 2022-01-31 |   10700 |
| 2022-01-27 | 2022-01-27 | 2022-01-28 |   10585 |
| 2022-01-26 | 2022-01-26 | 2022-01-27 |   10954 |
| 2022-01-25 | 2022-01-25 | 2022-01-26 |   11802 |
| 2022-01-24 | 2022-01-24 | 2022-01-25 |   12675 |
+------------+------------+------------+---------+
5 rows in set (2 min 57.58 sec)

+----------+------------+------------+------------+---------+
| category | datestart  | dateend    | insertedon | records |
+----------+------------+------------+------------+---------+
| UNCAPPED | 2022-01-28 | 2022-01-28 | 2022-01-31 |    6252 |
| PREPAID  | 2022-01-28 | 2022-01-28 | 2022-01-31 |     357 |
| HOTSPOT  | 2022-01-28 | 2022-01-28 | 2022-01-31 |     186 |
| CAPPED   | 2022-01-28 | 2022-01-28 | 2022-01-31 |    3905 |
| UNCAPPED | 2022-01-27 | 2022-01-27 | 2022-01-28 |    6209 |
| PREPAID  | 2022-01-27 | 2022-01-27 | 2022-01-28 |     338 |
| HOTSPOT  | 2022-01-27 | 2022-01-27 | 2022-01-28 |     176 |
| CAPPED   | 2022-01-27 | 2022-01-27 | 2022-01-28 |    3862 |
| UNCAPPED | 2022-01-26 | 2022-01-26 | 2022-01-27 |    6473 |
| PREPAID  | 2022-01-26 | 2022-01-26 | 2022-01-27 |     349 |
| HOTSPOT  | 2022-01-26 | 2022-01-26 | 2022-01-27 |     163 |
| CAPPED   | 2022-01-26 | 2022-01-26 | 2022-01-27 |    3969 |
| UNCAPPED | 2022-01-25 | 2022-01-25 | 2022-01-26 |    7064 |
| PREPAID  | 2022-01-25 | 2022-01-25 | 2022-01-26 |     338 |
| HOTSPOT  | 2022-01-25 | 2022-01-25 | 2022-01-26 |     170 |
| CAPPED   | 2022-01-25 | 2022-01-25 | 2022-01-26 |    4230 |
| UNCAPPED | 2022-01-24 | 2022-01-24 | 2022-01-25 |    7592 |
| PREPAID  | 2022-01-24 | 2022-01-24 | 2022-01-25 |     375 |
| HOTSPOT  | 2022-01-24 | 2022-01-24 | 2022-01-25 |     200 |
| CAPPED   | 2022-01-24 | 2022-01-24 | 2022-01-25 |    4508 |
+----------+------------+------------+------------+---------+
20 rows in set (35.05 sec)

mysql> mysql \. C:\workspace\cloud\code\sql\_DailyScript\currenttime.sql
+---------------------+
| currenttime         |
+---------------------+
| 2022-01-31 09:26:14 |
+---------------------+
1 row in set (0.00 sec)

mysql> 
mysql> mysql \. C:\workspace\cloud\code\sql\_DailyScript\DAILY-SCRIPT-SALES-TELEMETRY.sql
Database changed
Query OK, 266 rows affected, 257 warnings (0.05 sec)
Records: 266  Deleted: 0  Skipped: 0  Warnings: 257

+------------+
| dailysales |
+------------+
|     249540 |
+------------+
1 row in set (0.62 sec)

+------------+---------+
| orderdate  | records |
+------------+---------+
| 2022-01-28 |     266 |
| 2022-01-27 |     196 |
| 2022-01-26 |     219 |
| 2022-01-25 |     172 |
| 2022-01-24 |     214 |
| 2022-01-23 |       3 |
| 2022-01-22 |      80 |
| 2022-01-21 |     153 |
| 2022-01-20 |      91 |
| 2022-01-19 |     125 |
| 2022-01-18 |     110 |
| 2022-01-17 |     150 |
| 2022-01-16 |       6 |
| 2022-01-15 |      77 |
| 2022-01-14 |     100 |
+------------+---------+
15 rows in set (2.13 sec)

Query OK, 0 rows affected (0.02 sec)

Query OK, 249540 rows affected (22.16 sec)
Records: 249540  Duplicates: 0  Warnings: 0

+--------+
| sales  |
+--------+
| 249540 |
+--------+
1 row in set (0.09 sec)

Query OK, 0 rows affected (0.02 sec)

Query OK, 6471 rows affected (0.49 sec)
Records: 6471  Duplicates: 0  Warnings: 0

+----------------+
| rep_dailysales |
+----------------+
|           6471 |
+----------------+
1 row in set (0.00 sec)

Query OK, 0 rows affected (0.01 sec)

Query OK, 6471 rows affected (0.92 sec)
Records: 6471  Duplicates: 0  Warnings: 0

+-------------------+
| rep_dailysalesreg |
+-------------------+
|              6471 |
+-------------------+
1 row in set (0.00 sec)

Query OK, 0 rows affected (0.01 sec)

Query OK, 2463 rows affected (0.86 sec)
Records: 2463  Duplicates: 0  Warnings: 0

+-----------+
| saleslist |
+-----------+
|      2463 |
+-----------+
1 row in set (0.00 sec)

Database changed
ERROR 2 (HY000): File 'C:\ProgramData\MySQL\MySQL Server 5.7\Uploads\_csv\PrepaidCardSales-28012022-P1.csv' not found (Errcode: 2 - No such file or directory)
+------------------+
| dailysinglesales |
+------------------+
|             6663 |
+------------------+
1 row in set (0.11 sec)

Database changed
Query OK, 5 rows affected (0.02 sec)
Records: 5  Deleted: 0  Skipped: 0  Warnings: 0

+-----------------+
| dailyaddonsales |
+-----------------+
|           26665 |
+-----------------+
1 row in set (1.10 sec)

Query OK, 466 rows affected (0.49 sec)
Records: 466  Deleted: 0  Skipped: 0  Warnings: 0

+----------------+
| onlinepayments |
+----------------+
|         262083 |
+----------------+
1 row in set (10.32 sec)

+-------------+----------------+---------------------+
| paymentdate | onlinepayments | onlinepaymentamount |
+-------------+----------------+---------------------+
| 2022-01-28  |            466 |        318449.78000 |
| 2022-01-27  |            474 |        318486.06000 |
| 2022-01-26  |            452 |        289276.89000 |
| 2022-01-25  |            414 |        268459.13000 |
| 2022-01-24  |            532 |        356974.61000 |
+-------------+----------------+---------------------+
5 rows in set (0.25 sec)

+-------------+--------------+----------------+---------------------+
| paymentyear | paymentmonth | onlinepayments | onlinepaymentamount |
+-------------+--------------+----------------+---------------------+
|        2022 |            1 |           8317 |       5506167.80000 |
|        2022 |         NULL |           8317 |       5506167.80000 |
|        2021 |           12 |           8988 |       5882874.20000 |
|        2021 |           11 |           8553 |       5661260.44000 |
|        2021 |           10 |           8715 |       5741511.04000 |
+-------------+--------------+----------------+---------------------+
5 rows in set (0.27 sec)

mysql> mysql \. C:\workspace\cloud\code\sql\_DailyScript\currenttime.sql
+---------------------+
| currenttime         |
+---------------------+
| 2022-01-31 09:26:54 |
+---------------------+
1 row in set (0.00 sec)

mysql> 
mysql> mysql \. C:\workspace\cloud\code\sql\_DailyScript\DAILY-SCRIPT-ACTIVENUMBERS.sql
Database changed
Query OK, 1072 rows affected (0.55 sec)
Records: 1072  Deleted: 0  Skipped: 0  Warnings: 0

+------------+----------+
| period     | count(1) |
+------------+----------+
| 2022-01-28 |     1072 |
| 2022-01-27 |     1070 |
| 2022-01-26 |     1070 |
| 2022-01-25 |     1070 |
| 2022-01-24 |     1073 |
+------------+----------+
5 rows in set (0.00 sec)

Query OK, 0 rows affected (0.01 sec)

Query OK, 75 rows affected (1.54 sec)
Records: 75  Duplicates: 0  Warnings: 0

+-------------+
| packagelist |
+-------------+
|          75 |
+-------------+
1 row in set (0.00 sec)

Database changed
Query OK, 0 rows affected (0.00 sec)

Query OK, 0 rows affected (0.00 sec)

Query OK, 0 rows affected (0.00 sec)

Query OK, 0 rows affected (0.00 sec)

Query OK, 28894 rows affected, 234 warnings (28.18 sec)
Records: 28894  Deleted: 0  Skipped: 0  Warnings: 234

+------------+----------+
| period     | count(1) |
+------------+----------+
| 2022-01-28 |    28894 |
| 2022-01-27 |    28799 |
| 2022-01-26 |    28854 |
| 2022-01-25 |    28742 |
| 2022-01-24 |    28640 |
+------------+----------+
5 rows in set (0.21 sec)

Query OK, 0 rows affected (0.04 sec)

Query OK, 28336 rows affected (1 min 52.81 sec)
Records: 28336  Duplicates: 0  Warnings: 0

Query OK, 0 rows affected (0.13 sec)
Records: 0  Duplicates: 0  Warnings: 0

Query OK, 0 rows affected (0.14 sec)
Records: 0  Duplicates: 0  Warnings: 0

Query OK, 0 rows affected (0.28 sec)
Records: 0  Duplicates: 0  Warnings: 0

Query OK, 0 rows affected (0.10 sec)
Records: 0  Duplicates: 0  Warnings: 0

Query OK, 0 rows affected (0.09 sec)
Records: 0  Duplicates: 0  Warnings: 0

Query OK, 0 rows affected (0.08 sec)
Records: 0  Duplicates: 0  Warnings: 0

+-------------+
| countbefore |
+-------------+
|    53150516 |
+-------------+
1 row in set (56.68 sec)

Query OK, 28336 rows affected (8.09 sec)
Records: 28336  Duplicates: 0  Warnings: 0

+------------+
| countafter |
+------------+
|   53178852 |
+------------+
1 row in set (32.09 sec)

+------------+--------------------------+
| period     | customercontractactivity |
+------------+--------------------------+
| 2022-01-28 |                    28336 |
| 2022-01-27 |                    28241 |
| 2022-01-26 |                    28296 |
| 2022-01-25 |                    28185 |
| 2022-01-24 |                    28083 |
+------------+--------------------------+
5 rows in set (0.07 sec)

Query OK, 0 rows affected (0.02 sec)

Query OK, 330057 rows affected, 4 warnings (12 min 51.89 sec)
Records: 330057  Duplicates: 0  Warnings: 4

+-----------------+
| message         |
+-----------------+
| table A created |
+-----------------+
1 row in set (0.01 sec)

Query OK, 0 rows affected (0.18 sec)

Query OK, 330381 rows affected (11.51 sec)
Records: 330381  Duplicates: 0  Warnings: 0

+--------------------------+
| customercontractsnapshot |
+--------------------------+
|                   330381 |
+--------------------------+
1 row in set (0.13 sec)

Query OK, 0 rows affected (0.06 sec)

Query OK, 0 rows affected (1.12 sec)
Records: 0  Duplicates: 0  Warnings: 0

Query OK, 0 rows affected (1.36 sec)
Records: 0  Duplicates: 0  Warnings: 0

Query OK, 0 rows affected (1.32 sec)
Records: 0  Duplicates: 0  Warnings: 0

Query OK, 0 rows affected (0.01 sec)

Query OK, 226 rows affected (0.50 sec)
Records: 226  Duplicates: 0  Warnings: 0

Query OK, 0 rows affected (0.01 sec)

Query OK, 2615 rows affected (0.83 sec)
Records: 2615  Duplicates: 0  Warnings: 0

Query OK, 0 rows affected (0.01 sec)

Query OK, 28312 rows affected (0.76 sec)
Records: 28312  Duplicates: 0  Warnings: 0

Query OK, 0 rows affected (0.01 sec)

Query OK, 16900 rows affected (0.42 sec)
Records: 16900  Duplicates: 0  Warnings: 0

Query OK, 0 rows affected (0.01 sec)

Query OK, 16900 rows affected (0.18 sec)
Records: 16900  Duplicates: 0  Warnings: 0

Query OK, 0 rows affected (0.01 sec)

Query OK, 16900 rows affected (1.65 sec)
Records: 16900  Duplicates: 0  Warnings: 0

Query OK, 0 rows affected (0.02 sec)

Query OK, 16900 rows affected (42.63 sec)
Records: 16900  Duplicates: 0  Warnings: 0

+-------------+
| clientstats |
+-------------+
|       16900 |
+-------------+
1 row in set (0.01 sec)

Query OK, 0 rows affected (0.01 sec)

Query OK, 13 rows affected, 1 warning (0.17 sec)
Records: 13  Duplicates: 0  Warnings: 1

+-----------------------+-------------+-------------+----------------+-----------------+
| services              | activecount | allaccounts | uniqueaccounts | uniquecontracts |
+-----------------------+-------------+-------------+----------------+-----------------+
| All                   |         440 |          72 |             72 |             230 |
| Internet & OTT        |           6 |           3 |              3 |               4 |
| Internet & Voice      |         303 |         132 |            132 |             259 |
| Internet Only         |        4420 |        4322 |           4317 |            4359 |
| OTT Only              |           1 |           1 |              1 |               1 |
| TV & Internet         |        9786 |        4368 |           4361 |            8913 |
| TV & Internet & OTT   |        4840 |        1279 |           1277 |            2659 |
| TV & Internet & Voice |         529 |         149 |            149 |             460 |
| TV & OTT              |         351 |          93 |             91 |             103 |
| TV & Voice            |          86 |          38 |             38 |              78 |
| TV Only               |        8113 |        6328 |           6317 |            6538 |
| Voice Only            |         116 |         115 |            115 |             116 |
| GRAND TOTAL           |       28991 |       16900 |          16815 |           23720 |
+-----------------------+-------------+-------------+----------------+-----------------+
13 rows in set (0.00 sec)

+-------------+-------------+-------------+----------------+-----------------+
| network     | activecount | allaccounts | uniqueaccounts | uniquecontracts |
+-------------+-------------+-------------+----------------+-----------------+
| GPON        |       14531 |        7124 |           7121 |           11353 |
| HFC         |       14460 |        9776 |           9776 |           12367 |
| GRAND TOTAL |       28991 |       16900 |          16815 |           23720 |
+-------------+-------------+-------------+----------------+-----------------+
3 rows in set, 1 warning (0.13 sec)

+-------------+-----------------------+-------------+-------------+----------------+-----------------+
| network     | services              | activecount | allaccounts | uniqueaccounts | uniquecontracts |
+-------------+-----------------------+-------------+-------------+----------------+-----------------+
| GPON        | All                   |         353 |          60 |             60 |             191 |
| GPON        | Internet & Voice      |          83 |          34 |             34 |              72 |
| GPON        | Internet Only         |        1758 |        1675 |           1675 |            1698 |
| GPON        | TV & Internet         |        5659 |        2482 |           2482 |            5091 |
| GPON        | TV & Internet & OTT   |        3915 |        1027 |           1027 |            2147 |
| GPON        | TV & Internet & Voice |         314 |          83 |             83 |             260 |
| GPON        | TV & OTT              |         219 |          69 |             69 |              74 |
| GPON        | TV & Voice            |          62 |          27 |             27 |              56 |
| GPON        | TV Only               |        2155 |        1655 |           1655 |            1751 |
| GPON        | Voice Only            |          13 |          12 |             12 |              13 |
| GPON        | Services Total        |       14531 |        7124 |           7121 |           11353 |
| HFC         | All                   |          87 |          12 |             12 |              39 |
| HFC         | Internet & OTT        |           6 |           3 |              3 |               4 |
| HFC         | Internet & Voice      |         220 |          98 |             98 |             187 |
| HFC         | Internet Only         |        2662 |        2647 |           2647 |            2661 |
| HFC         | OTT Only              |           1 |           1 |              1 |               1 |
| HFC         | TV & Internet         |        4127 |        1886 |           1886 |            3822 |
| HFC         | TV & Internet & OTT   |         925 |         252 |            252 |             512 |
| HFC         | TV & Internet & Voice |         215 |          66 |             66 |             200 |
| HFC         | TV & OTT              |         132 |          24 |             24 |              29 |
| HFC         | TV & Voice            |          24 |          11 |             11 |              22 |
| HFC         | TV Only               |        5958 |        4673 |           4673 |            4787 |
| HFC         | Voice Only            |         103 |         103 |            103 |             103 |
| HFC         | Services Total        |       14460 |        9776 |           9776 |           12367 |
| GRAND TOTAL | Services Total        |       28991 |       16900 |          16815 |           23720 |
+-------------+-----------------------+-------------+-------------+----------------+-----------------+
25 rows in set, 2 warnings (0.14 sec)

Query OK, 0 rows affected (0.01 sec)

Query OK, 42 rows affected, 3 warnings (0.21 sec)
Records: 42  Duplicates: 0  Warnings: 3

+-------------+---------------+-----------------------+-------------+-------------+----------------+-----------------+
| region      | network       | services              | activecount | allaccounts | uniqueaccounts | uniquecontracts |
+-------------+---------------+-----------------------+-------------+-------------+----------------+-----------------+
| Eden Island | GPON          | TV & Internet         |           2 |           1 |              1 |               2 |
| Eden Island | GPON          | Services Total        |           2 |           1 |              1 |               2 |
| Eden Island | Network Total | Services Total        |           2 |           1 |              1 |               2 |
| Mahe        | GPON          | All                   |         315 |          53 |             53 |             170 |
| Mahe        | GPON          | Internet & Voice      |          77 |          31 |             31 |              66 |
| Mahe        | GPON          | Internet Only         |        1499 |        1417 |           1417 |            1439 |
| Mahe        | GPON          | TV & Internet         |        4896 |        2142 |           2142 |            4390 |
| Mahe        | GPON          | TV & Internet & OTT   |        3276 |         839 |            839 |            1761 |
| Mahe        | GPON          | TV & Internet & Voice |         297 |          78 |             78 |             243 |
| Mahe        | GPON          | TV & OTT              |         202 |          62 |             62 |              67 |
| Mahe        | GPON          | TV & Voice            |          59 |          26 |             26 |              53 |
| Mahe        | GPON          | TV Only               |        1813 |        1396 |           1396 |            1476 |
| Mahe        | GPON          | Voice Only            |          13 |          12 |             12 |              13 |
| Mahe        | GPON          | Services Total        |       12447 |        6056 |           6056 |            9678 |
| Mahe        | HFC           | All                   |          87 |          12 |             12 |              39 |
| Mahe        | HFC           | Internet & OTT        |           6 |           3 |              3 |               4 |
| Mahe        | HFC           | Internet & Voice      |         220 |          98 |             98 |             187 |
| Mahe        | HFC           | Internet Only         |        2662 |        2647 |           2647 |            2661 |
| Mahe        | HFC           | OTT Only              |           1 |           1 |              1 |               1 |
| Mahe        | HFC           | TV & Internet         |        4127 |        1886 |           1886 |            3822 |
| Mahe        | HFC           | TV & Internet & OTT   |         925 |         252 |            252 |             512 |
| Mahe        | HFC           | TV & Internet & Voice |         215 |          66 |             66 |             200 |
| Mahe        | HFC           | TV & OTT              |         132 |          24 |             24 |              29 |
| Mahe        | HFC           | TV & Voice            |          24 |          11 |             11 |              22 |
| Mahe        | HFC           | TV Only               |        5957 |        4672 |           4672 |            4786 |
| Mahe        | HFC           | Voice Only            |         103 |         103 |            103 |             103 |
| Mahe        | HFC           | Services Total        |       14459 |        9775 |           9775 |           12366 |
| Mahe        | Network Total | Services Total        |       26906 |       15831 |          15749 |           22044 |
| Praslin     | GPON          | All                   |          38 |           7 |              7 |              21 |
| Praslin     | GPON          | Internet & Voice      |           6 |           3 |              3 |               6 |
| Praslin     | GPON          | Internet Only         |         259 |         258 |            258 |             259 |
| Praslin     | GPON          | TV & Internet         |         761 |         339 |            339 |             699 |
| Praslin     | GPON          | TV & Internet & OTT   |         639 |         188 |            188 |             386 |
| Praslin     | GPON          | TV & Internet & Voice |          17 |           5 |              5 |              17 |
| Praslin     | GPON          | TV & OTT              |          17 |           7 |              7 |               7 |
| Praslin     | GPON          | TV & Voice            |           3 |           1 |              1 |               3 |
| Praslin     | GPON          | TV Only               |         342 |         259 |            259 |             275 |
| Praslin     | GPON          | Services Total        |        2082 |        1067 |           1067 |            1673 |
| Praslin     | HFC           | TV Only               |           1 |           1 |              1 |               1 |
| Praslin     | HFC           | Services Total        |           1 |           1 |              1 |               1 |
| Praslin     | Network Total | Services Total        |        2083 |        1068 |           1068 |            1674 |
| GRAND TOTAL | Network Total | Services Total        |       28991 |       16900 |          16815 |           23720 |
+-------------+---------------+-----------------------+-------------+-------------+----------------+-----------------+
42 rows in set (0.00 sec)

Query OK, 0 rows affected (0.01 sec)

Query OK, 28313 rows affected (0.49 sec)
Records: 28313  Duplicates: 0  Warnings: 0

Query OK, 0 rows affected (0.01 sec)

Query OK, 2338 rows affected (5.09 sec)
Records: 2338  Duplicates: 0  Warnings: 0

+--------------------------------------+
| message                              |
+--------------------------------------+
| running rcbill_my.sp_ActiveNumber2() |
+--------------------------------------+
1 row in set (0.00 sec)

Query OK, 365 rows affected (3 min 13.42 sec)

mysql> mysql \. C:\workspace\cloud\code\sql\_DailyScript\currenttime.sql
+---------------------+
| currenttime         |
+---------------------+
| 2022-01-31 09:48:09 |
+---------------------+
1 row in set (0.00 sec)

mysql> 
mysql> mysql \. C:\workspace\cloud\code\sql\_DailyScript\GetActiveNumbers Average -Pivot.sql
Database changed
+-------------------------------------+
| @today := subdate(current_date(),1) |
+-------------------------------------+
| 2022-01-30                          |
+-------------------------------------+
1 row in set (0.00 sec)

+-------------------------------------+
| @lastdayofmonth := last_day(@today) |
+-------------------------------------+
| 2022-01-31                          |
+-------------------------------------+
1 row in set (0.00 sec)

Query OK, 0 rows affected (0.02 sec)

Query OK, 53275 rows affected, 65535 warnings (1 min 12.90 sec)
Records: 53275  Duplicates: 0  Warnings: 109145

Query OK, 0 rows affected (0.13 sec)
Records: 0  Duplicates: 0  Warnings: 0

Query OK, 0 rows affected (0.16 sec)
Records: 0  Duplicates: 0  Warnings: 0

Query OK, 0 rows affected (0.14 sec)
Records: 0  Duplicates: 0  Warnings: 0

+-----------------+
| activenumberavg |
+-----------------+
|           53275 |
+-----------------+
1 row in set (0.02 sec)

Query OK, 0 rows affected (0.01 sec)

Query OK, 2008 rows affected (0.70 sec)
Records: 2008  Duplicates: 0  Warnings: 0

+---------------------+
| rep_activenumberavg |
+---------------------+
|                2008 |
+---------------------+
1 row in set (0.00 sec)

+----------------------+
| rep_activenumberavg1 |
+----------------------+
|                  933 |
+----------------------+
1 row in set (0.01 sec)

Query OK, 0 rows affected (0.01 sec)

Query OK, 2827 rows affected (0.50 sec)
Records: 2827  Duplicates: 0  Warnings: 0

Query OK, 0 rows affected (0.01 sec)

Query OK, 14658 rows affected (0.94 sec)
Records: 14658  Duplicates: 0  Warnings: 0

Query OK, 0 rows affected (0.01 sec)

Query OK, 254 rows affected (0.34 sec)
Records: 254  Duplicates: 0  Warnings: 0

Query OK, 0 rows affected (0.00 sec)

Query OK, 0 rows affected (0.01 sec)

Query OK, 0 rows affected (0.01 sec)

Query OK, 0 rows affected (0.00 sec)

Query OK, 0 rows affected (0.00 sec)
Statement prepared

Query OK, 53 rows affected (0.07 sec)
Records: 53  Duplicates: 0  Warnings: 0

Query OK, 0 rows affected (0.00 sec)

Query OK, 0 rows affected (0.00 sec)

+----------------------+
| rep_activenumberavg2 |
+----------------------+
|                 2827 |
+----------------------+
1 row in set (0.00 sec)

+------------------------+
| rep_activenumberavg_pv |
+------------------------+
|                     53 |
+------------------------+
1 row in set (0.00 sec)

Query OK, 0 rows affected (0.01 sec)

Query OK, 2824 rows affected (0.45 sec)
Records: 2824  Duplicates: 0  Warnings: 0

Query OK, 0 rows affected (0.00 sec)

Query OK, 0 rows affected (0.00 sec)

Query OK, 0 rows affected (0.01 sec)

Query OK, 0 rows affected (0.00 sec)

Query OK, 0 rows affected (0.00 sec)
Statement prepared

Query OK, 53 rows affected (0.07 sec)
Records: 53  Duplicates: 0  Warnings: 0

Query OK, 0 rows affected (0.00 sec)

Query OK, 0 rows affected (0.00 sec)

+-------------------------+
| rep_activenumberavgMahe |
+-------------------------+
|                    2824 |
+-------------------------+
1 row in set (0.00 sec)

+----------------------------+
| rep_activenumberavgMahe_pv |
+----------------------------+
|                         53 |
+----------------------------+
1 row in set (0.00 sec)

Query OK, 0 rows affected (0.01 sec)

Query OK, 1788 rows affected (0.21 sec)
Records: 1788  Duplicates: 0  Warnings: 0

Query OK, 0 rows affected (0.00 sec)

Query OK, 0 rows affected (0.00 sec)

Query OK, 0 rows affected (0.01 sec)

Query OK, 0 rows affected (0.00 sec)

Query OK, 0 rows affected (0.00 sec)
Statement prepared

Query OK, 41 rows affected (0.05 sec)
Records: 41  Duplicates: 0  Warnings: 0

Query OK, 0 rows affected (0.00 sec)

Query OK, 0 rows affected (0.00 sec)

+----------------------------+
| rep_activenumberavgPraslin |
+----------------------------+
|                       1788 |
+----------------------------+
1 row in set (0.00 sec)

+-------------------------------+
| rep_activenumberavgPraslin_pv |
+-------------------------------+
|                            41 |
+-------------------------------+
1 row in set (0.00 sec)

mysql> mysql \. C:\workspace\cloud\code\sql\_DailyScript\currenttime.sql
+---------------------+
| currenttime         |
+---------------------+
| 2022-01-31 09:49:26 |
+---------------------+
1 row in set (0.00 sec)

mysql> 
mysql> mysql \. C:\workspace\cloud\code\sql\Analysis\clients_contracts_creditpolicy_2.sql
Database changed
Query OK, 0 rows affected, 1 warning (0.00 sec)

Query OK, 1934020 rows affected (1 min 4.78 sec)
Records: 1934020  Duplicates: 0  Warnings: 0

Query OK, 0 rows affected (0.02 sec)

Query OK, 28336 rows affected (1.76 sec)
Records: 28336  Duplicates: 0  Warnings: 0

Query OK, 0 rows affected (0.05 sec)

Query OK, 28412 rows affected (30.63 sec)
Records: 28412  Duplicates: 0  Warnings: 0

+-------------------------+
| rep_cust_cont_creditpol |
+-------------------------+
|                   28412 |
+-------------------------+
1 row in set (0.01 sec)

mysql> mysql \. C:\workspace\cloud\code\sql\_DailyScript\currenttime.sql
+---------------------+
| currenttime         |
+---------------------+
| 2022-01-31 09:51:03 |
+---------------------+
1 row in set (0.00 sec)

mysql> 
mysql> 
mysql> 
mysql> 
mysql> 
mysql> 
mysql> 
mysql> 
mysql> 
mysql> 
mysql> 
mysql> 
mysql> 
mysql> 
mysql> 
mysql> 
mysql> 
mysql> 
mysql> 
mysql> 
mysql> 
mysql> 
mysql> 
mysql> 
mysql> 
mysql> 
mysql> 
mysql> 
mysql> 
mysql> 
mysql> 
mysql> 
mysql> 
mysql> 
mysql> 
mysql> 
mysql> 
mysql> 
mysql> 
mysql> 
mysql> 
mysql> 
mysql> 
mysql> 
mysql> 
mysql> 
mysql> 
mysql> 
mysql> 
mysql> 
mysql> 
mysql> 
mysql> 
mysql> 
mysql> 
mysql> 
mysql> 
mysql> 
mysql> 
mysql> 
mysql> 
mysql> 
mysql> exit
