    -> 
    -> mysql \. C:\workspace\cloud\code\sql\_DailyScript\_setdates.sql
Database changed
Query OK, 0 rows affected (0.00 sec)

Query OK, 0 rows affected (0.00 sec)

Query OK, 0 rows affected (0.00 sec)

Query OK, 0 rows affected (0.00 sec)

Query OK, 0 rows affected (0.00 sec)

Query OK, 0 rows affected (0.00 sec)

Query OK, 0 rows affected (0.00 sec)

Query OK, 0 rows affected (0.00 sec)

Query OK, 0 rows affected (0.00 sec)

Query OK, 0 rows affected (0.00 sec)

Query OK, 0 rows affected (0.00 sec)

Query OK, 0 rows affected (0.00 sec)

Query OK, 0 rows affected (0.00 sec)

Query OK, 0 rows affected (0.00 sec)

Query OK, 0 rows affected (0.00 sec)

Query OK, 0 rows affected (0.00 sec)

Query OK, 0 rows affected (0.00 sec)

Query OK, 0 rows affected (0.00 sec)

Query OK, 0 rows affected (0.00 sec)

Query OK, 0 rows affected (0.00 sec)

Query OK, 0 rows affected (0.00 sec)

mysql> mysql \. C:\workspace\cloud\code\sql\_DailyScript\currenttime.sql
+---------------------+
| currenttime         |
+---------------------+
| 2019-06-21 08:06:43 |
+---------------------+
1 row in set (0.00 sec)

mysql> 
mysql> mysql \. C:\workspace\cloud\code\sql\_DailyScript\load_RCB_VODTITLES.sql
Database changed
Query OK, 0 rows affected (0.00 sec)

Query OK, 4856 rows affected (0.12 sec)

Query OK, 4856 rows affected, 4856 warnings (0.17 sec)
Records: 4856  Deleted: 0  Skipped: 0  Warnings: 4856

Query OK, 0 rows affected (0.00 sec)

Query OK, 0 rows affected (0.01 sec)

+-----------+
| VODTITLES |
+-----------+
|      5317 |
+-----------+
1 row in set (0.00 sec)

+-----------+-----------+
| titletype | typecount |
+-----------+-----------+
| NULL      |         1 |
| E         |      3635 |
| N         |       165 |
| T         |      1055 |
| NULL      |      4856 |
+-----------+-----------+
5 rows in set (0.02 sec)

mysql> mysql \. C:\workspace\cloud\code\sql\_DailyScript\currenttime.sql
+---------------------+
| currenttime         |
+---------------------+
| 2019-06-21 08:06:43 |
+---------------------+
1 row in set (0.00 sec)

mysql> 
mysql> mysql \. C:\workspace\cloud\code\sql\_DailyScript\DAILY-SCRIPT-LIVETV-STATS.sql
Database changed
Query OK, 0 rows affected (0.01 sec)

Query OK, 82386 rows affected (1.09 sec)
Records: 82386  Duplicates: 0  Warnings: 0

+------------+------------+----------+--------------+--------------+-----------+-------------+----------+--------+------+------------+---------+---------------+
| Table      | Non_unique | Key_name | Seq_in_index | Column_name  | Collation | Cardinality | Sub_part | Packed | Null | Index_type | Comment | Index_comment |
+------------+------------+----------+--------------+--------------+-----------+-------------+----------+--------+------+------------+---------+---------------+
| templivetv |          1 | idxtv1   |            1 | device       | A         |       82749 |     NULL | NULL   | YES  | BTREE      |         |               |
| templivetv |          1 | idxtv2   |            1 | sessionstart | A         |       82749 |     NULL | NULL   | YES  | BTREE      |         |               |
+------------+------------+----------+--------------+--------------+-----------+-------------+----------+--------+------+------------+---------+---------------+
2 rows in set (0.00 sec)

Query OK, 81989 rows affected (19.20 sec)
Records: 81989  Duplicates: 0  Warnings: 0

Query OK, 2760 rows affected (0.88 sec)
Records: 2760  Duplicates: 0  Warnings: 0

Query OK, 0 rows affected (0.00 sec)

Query OK, 0 rows affected (0.01 sec)

Query OK, 140 rows affected (0.06 sec)
Records: 140  Duplicates: 0  Warnings: 0

Query OK, 0 rows affected (0.01 sec)

Query OK, 76196 rows affected (14 min 15.82 sec)
Records: 76196  Duplicates: 0  Warnings: 0

+-----------------+
| rep_livetvstats |
+-----------------+
|           76196 |
+-----------------+
1 row in set (0.03 sec)

mysql> mysql \. C:\workspace\cloud\code\sql\_DailyScript\currenttime.sql
+---------------------+
| currenttime         |
+---------------------+
| 2019-06-21 08:21:20 |
+---------------------+
1 row in set (0.00 sec)

mysql> 
mysql> mysql \. C:\workspace\cloud\code\sql\_DailyScript\DAILY-SCRIPT-VODTS-STATS.sql
Database changed
Query OK, 0 rows affected (0.01 sec)

Query OK, 3402 rows affected (31.40 sec)
Records: 3402  Duplicates: 0  Warnings: 0

+---------+------------+----------+--------------+--------------+-----------+-------------+----------+--------+------+------------+---------+---------------+
| Table   | Non_unique | Key_name | Seq_in_index | Column_name  | Collation | Cardinality | Sub_part | Packed | Null | Index_type | Comment | Index_comment |
+---------+------------+----------+--------------+--------------+-----------+-------------+----------+--------+------+------------+---------+---------------+
| tempvod |          1 | idxtvod1 |            1 | device       | A         |        3543 |     NULL | NULL   | YES  | BTREE      |         |               |
| tempvod |          1 | idxtvod2 |            1 | sessionstart | A         |        3543 |     NULL | NULL   | YES  | BTREE      |         |               |
+---------+------------+----------+--------------+--------------+-----------+-------------+----------+--------+------+------------+---------+---------------+
2 rows in set (0.00 sec)

Query OK, 3402 rows affected (1.73 sec)
Records: 3402  Duplicates: 0  Warnings: 0

Query OK, 0 rows affected (0.01 sec)

Query OK, 236965 rows affected (23.36 sec)
Records: 236965  Duplicates: 0  Warnings: 0

+--------------+
| rep_vodstats |
+--------------+
|       236965 |
+--------------+
1 row in set (0.09 sec)

Database changed
Query OK, 0 rows affected (0.01 sec)

Query OK, 13514 rows affected (3 min 23.44 sec)
Records: 13514  Duplicates: 0  Warnings: 0

+--------+------------+----------+--------------+--------------+-----------+-------------+----------+--------+------+------------+---------+---------------+
| Table  | Non_unique | Key_name | Seq_in_index | Column_name  | Collation | Cardinality | Sub_part | Packed | Null | Index_type | Comment | Index_comment |
+--------+------------+----------+--------------+--------------+-----------+-------------+----------+--------+------+------------+---------+---------------+
| tempts |          1 | idxtts1  |            1 | device       | A         |       13687 |     NULL | NULL   | YES  | BTREE      |         |               |
| tempts |          1 | idxtts2  |            1 | sessionstart | A         |       13687 |     NULL | NULL   | YES  | BTREE      |         |               |
+--------+------------+----------+--------------+--------------+-----------+-------------+----------+--------+------+------------+---------+---------------+
2 rows in set (0.00 sec)

Query OK, 13465 rows affected (11.21 sec)
Records: 13465  Duplicates: 0  Warnings: 0

Query OK, 0 rows affected (0.01 sec)

Query OK, 20809 rows affected (3 min 6.18 sec)
Records: 20809  Duplicates: 0  Warnings: 0

+-------------+
| rep_tsstats |
+-------------+
|       20809 |
+-------------+
1 row in set (0.01 sec)

mysql> mysql \. C:\workspace\cloud\code\sql\_DailyScript\currenttime.sql
+---------------------+
| currenttime         |
+---------------------+
| 2019-06-21 08:28:58 |
+---------------------+
1 row in set (0.00 sec)

mysql> 
mysql> mysql \. C:\workspace\cloud\code\sql\_DailyScript\DAILY-SCRIPT-RADIO-STATS.sql
Database changed
Query OK, 0 rows affected (0.02 sec)

Query OK, 154691 rows affected (3.69 sec)
Records: 154691  Duplicates: 0  Warnings: 0

+-----------+------------+----------+--------------+--------------+-----------+-------------+----------+--------+------+------------+---------+---------------+
| Table     | Non_unique | Key_name | Seq_in_index | Column_name  | Collation | Cardinality | Sub_part | Packed | Null | Index_type | Comment | Index_comment |
+-----------+------------+----------+--------------+--------------+-----------+-------------+----------+--------+------+------------+---------+---------------+
| tempradio |          1 | idxtrad1 |            1 | device       | A         |      153913 |     NULL | NULL   | YES  | BTREE      |         |               |
| tempradio |          1 | idxtrad2 |            1 | sessionstart | A         |      153913 |     NULL | NULL   | YES  | BTREE      |         |               |
+-----------+------------+----------+--------------+--------------+-----------+-------------+----------+--------+------+------------+---------+---------------+
2 rows in set (0.00 sec)

Query OK, 286 rows affected (3.32 sec)
Records: 286  Duplicates: 0  Warnings: 0

Query OK, 0 rows affected (0.02 sec)

Query OK, 2857 rows affected (0.27 sec)
Records: 2857  Duplicates: 0  Warnings: 0

+----------------+
| rep_radiostats |
+----------------+
|           2857 |
+----------------+
1 row in set (0.00 sec)

mysql> mysql \. C:\workspace\cloud\code\sql\_DailyScript\currenttime.sql
+---------------------+
| currenttime         |
+---------------------+
| 2019-06-21 08:29:05 |
+---------------------+
1 row in set (0.00 sec)

mysql> 
mysql> mysql \. C:\workspace\cloud\code\sql\_DailyScript\DAILY_SCRIPT_TELEMETRY_PIVOT.sql
Query OK, 0 rows affected (0.01 sec)

Query OK, 146 rows affected (0.17 sec)
Records: 146  Duplicates: 0  Warnings: 0

Query OK, 0 rows affected (0.01 sec)

Query OK, 4454 rows affected (0.71 sec)
Records: 4454  Duplicates: 0  Warnings: 0

Query OK, 0 rows affected (0.00 sec)

Query OK, 6 rows affected (0.01 sec)
Records: 6  Duplicates: 0  Warnings: 0

Query OK, 0 rows affected (0.00 sec)

Query OK, 54 rows affected (0.04 sec)
Records: 54  Duplicates: 0  Warnings: 0

mysql> mysql \. C:\workspace\cloud\code\sql\_DailyScript\currenttime.sql
+---------------------+
| currenttime         |
+---------------------+
| 2019-06-21 08:29:06 |
+---------------------+
1 row in set (0.00 sec)

mysql> 
mysql> mysql \. C:\workspace\cloud\code\sql\_DailyScript\telemetry_livetv_ranking2019.sql
Query OK, 0 rows affected (0.00 sec)

Query OK, 146 rows affected (0.01 sec)
Records: 146  Duplicates: 0  Warnings: 0

mysql> mysql \. C:\workspace\cloud\code\sql\_DailyScript\currenttime.sql
+---------------------+
| currenttime         |
+---------------------+
| 2019-06-21 08:29:06 |
+---------------------+
1 row in set (0.00 sec)

mysql> 
mysql> mysql \. C:\workspace\cloud\code\sql\_DailyScript\telemetry_radio_ranking2019.sql
Query OK, 0 rows affected (0.01 sec)

Query OK, 6 rows affected (0.01 sec)
Records: 6  Duplicates: 0  Warnings: 0

mysql> mysql \. C:\workspace\cloud\code\sql\_DailyScript\currenttime.sql
+---------------------+
| currenttime         |
+---------------------+
| 2019-06-21 08:29:06 |
+---------------------+
1 row in set (0.00 sec)

mysql> 
mysql> mysql \. C:\workspace\cloud\code\sql\_DailyScript\telemetry_ts_ranking2019.sql
Query OK, 0 rows affected (0.00 sec)

Query OK, 54 rows affected (0.01 sec)
Records: 54  Duplicates: 0  Warnings: 0

mysql> mysql \. C:\workspace\cloud\code\sql\_DailyScript\currenttime.sql
+---------------------+
| currenttime         |
+---------------------+
| 2019-06-21 08:29:06 |
+---------------------+
1 row in set (0.00 sec)

mysql> 
mysql> mysql \. C:\workspace\cloud\code\sql\_DailyScript\telemetry_vod_ranking2019.sql
Query OK, 0 rows affected (0.00 sec)

Query OK, 4454 rows affected (0.19 sec)
Records: 4454  Duplicates: 0  Warnings: 0

mysql> mysql \. C:\workspace\cloud\code\sql\_DailyScript\currenttime.sql
+---------------------+
| currenttime         |
+---------------------+
| 2019-06-21 08:29:07 |
+---------------------+
1 row in set (0.00 sec)

mysql> 
mysql> mysql \. C:\workspace\cloud\code\sql\_DailyScript\telemetry_vod_ranking2019_1.sql
Query OK, 0 rows affected (0.00 sec)

Query OK, 4454 rows affected (0.10 sec)
Records: 4454  Duplicates: 0  Warnings: 0

mysql> mysql \. C:\workspace\cloud\code\sql\_DailyScript\currenttime.sql
+---------------------+
| currenttime         |
+---------------------+
| 2019-06-21 08:29:07 |
+---------------------+
1 row in set (0.00 sec)

mysql> 
mysql> mysql \. C:\workspace\cloud\code\sql\_DailyScript\telemetry_vod_ranking2019_2.sql
Query OK, 0 rows affected (0.01 sec)

Query OK, 4454 rows affected (0.09 sec)
Records: 4454  Duplicates: 0  Warnings: 0

mysql> mysql \. C:\workspace\cloud\code\sql\_DailyScript\currenttime.sql
+---------------------+
| currenttime         |
+---------------------+
| 2019-06-21 08:29:07 |
+---------------------+
1 row in set (0.00 sec)

mysql> 
mysql> mysql \. C:\workspace\cloud\code\sql\_DailyScript\DAILY-SCRIPT-CREATE-LOAD.sql
Database changed
Database changed
Query OK, 0 rows affected (0.01 sec)

Query OK, 0 rows affected (0.01 sec)

Database changed
Query OK, 65364 rows affected (3.36 sec)
Records: 65364  Deleted: 0  Skipped: 0  Warnings: 0

Query OK, 0 rows affected (0.18 sec)
Records: 0  Duplicates: 0  Warnings: 0

Query OK, 0 rows affected (0.32 sec)
Records: 0  Duplicates: 0  Warnings: 0

Query OK, 0 rows affected (0.32 sec)
Records: 0  Duplicates: 0  Warnings: 0

Query OK, 0 rows affected (0.31 sec)
Records: 0  Duplicates: 0  Warnings: 0

+---------+
| clients |
+---------+
|   65364 |
+---------+
1 row in set (0.02 sec)

Query OK, 0 rows affected (0.01 sec)

Query OK, 1935 rows affected (0.58 sec)
Records: 1935  Duplicates: 0  Warnings: 0

+-------------------+
| rcb_clientparcels |
+-------------------+
|              1935 |
+-------------------+
1 row in set (0.00 sec)

Query OK, 0 rows affected (0.01 sec)

Query OK, 84814 rows affected (3.96 sec)
Records: 84814  Duplicates: 0  Warnings: 0

Query OK, 0 rows affected (0.36 sec)
Records: 0  Duplicates: 0  Warnings: 0

Query OK, 0 rows affected (0.01 sec)

Query OK, 65364 rows affected (3.39 sec)
Records: 65364  Duplicates: 0  Warnings: 0

Query OK, 0 rows affected (0.23 sec)
Records: 0  Duplicates: 0  Warnings: 0

Query OK, 0 rows affected (0.24 sec)
Records: 0  Duplicates: 0  Warnings: 0

Query OK, 0 rows affected (0.19 sec)
Records: 0  Duplicates: 0  Warnings: 0

+---------------+
| clientaddress |
+---------------+
|         65364 |
+---------------+
1 row in set (0.02 sec)

Database changed
Query OK, 0 rows affected (0.01 sec)

Query OK, 0 rows affected (0.01 sec)

Database changed
Query OK, 478130 rows affected, 65535 warnings (17.73 sec)
Records: 478130  Deleted: 0  Skipped: 0  Warnings: 186011

Query OK, 0 rows affected (4.60 sec)
Records: 0  Duplicates: 0  Warnings: 0

Query OK, 0 rows affected (2.46 sec)
Records: 0  Duplicates: 0  Warnings: 0

Query OK, 0 rows affected (1.77 sec)
Records: 0  Duplicates: 0  Warnings: 0

Query OK, 0 rows affected (0.02 sec)

Query OK, 478130 rows affected (52.14 sec)
Records: 478130  Duplicates: 0  Warnings: 0

Query OK, 0 rows affected (2.01 sec)
Records: 0  Duplicates: 0  Warnings: 0

Query OK, 0 rows affected (1.56 sec)
Records: 0  Duplicates: 0  Warnings: 0

+-----------+
| contracts |
+-----------+
|    478130 |
+-----------+
1 row in set (0.17 sec)

+-----------------+
| contractaddress |
+-----------------+
|          478130 |
+-----------------+
1 row in set (0.15 sec)

Database changed
Query OK, 0 rows affected (0.01 sec)

Query OK, 0 rows affected (0.01 sec)

Query OK, 6622 rows affected (0.15 sec)
Records: 6622  Deleted: 0  Skipped: 0  Warnings: 0

Query OK, 0 rows affected (0.02 sec)

Query OK, 6591 rows affected (1.47 sec)
Records: 6591  Duplicates: 0  Warnings: 0

Query OK, 0 rows affected (0.05 sec)
Records: 0  Duplicates: 0  Warnings: 0

Query OK, 0 rows affected (0.01 sec)

Query OK, 5424 rows affected (0.05 sec)
Records: 5424  Duplicates: 0  Warnings: 0

Query OK, 0 rows affected (0.03 sec)
Records: 0  Duplicates: 0  Warnings: 0

+-------------------+
| contractdiscounts |
+-------------------+
|              6622 |
+-------------------+
1 row in set (0.00 sec)

+-------------------------+
| clientcontractdiscounts |
+-------------------------+
|                    6591 |
+-------------------------+
1 row in set (0.00 sec)

+----------------------------+
| clientcontractlastdiscount |
+----------------------------+
|                       5424 |
+----------------------------+
1 row in set (0.00 sec)

Database changed
Query OK, 0 rows affected (0.10 sec)

Query OK, 0 rows affected (0.01 sec)

Database changed
Query OK, 129007 rows affected (3.34 sec)
Records: 129007  Deleted: 0  Skipped: 0  Warnings: 0

Query OK, 0 rows affected (0.31 sec)
Records: 0  Duplicates: 0  Warnings: 0

Query OK, 0 rows affected (0.34 sec)
Records: 0  Duplicates: 0  Warnings: 0

Query OK, 0 rows affected (0.65 sec)
Records: 0  Duplicates: 0  Warnings: 0

Query OK, 0 rows affected (0.33 sec)
Records: 0  Duplicates: 0  Warnings: 0

Query OK, 0 rows affected (0.56 sec)
Records: 0  Duplicates: 0  Warnings: 0

Query OK, 0 rows affected (0.60 sec)
Records: 0  Duplicates: 0  Warnings: 0

Query OK, 0 rows affected (0.09 sec)

Query OK, 1631587 rows affected (2 min 37.82 sec)
Records: 1631587  Duplicates: 0  Warnings: 0

+---------+
| devices |
+---------+
|  129007 |
+---------+
1 row in set (0.06 sec)

+-----------------------+
| clientcontractdevices |
+-----------------------+
|               1631587 |
+-----------------------+
1 row in set (0.71 sec)

Query OK, 0 rows affected (0.16 sec)

Query OK, 128999 rows affected (6.59 sec)
Records: 128999  Duplicates: 0  Warnings: 0

+---------------------------+
| rep_clientcontractdevices |
+---------------------------+
|                    128999 |
+---------------------------+
1 row in set (0.04 sec)

Database changed
Query OK, 0 rows affected (0.02 sec)

Query OK, 0 rows affected (0.01 sec)

Query OK, 247461 rows affected (6.75 sec)
Records: 247461  Deleted: 0  Skipped: 0  Warnings: 0

Query OK, 0 rows affected (0.76 sec)
Records: 0  Duplicates: 0  Warnings: 0

Query OK, 0 rows affected (0.75 sec)
Records: 0  Duplicates: 0  Warnings: 0

Query OK, 0 rows affected (0.63 sec)
Records: 0  Duplicates: 0  Warnings: 0

Query OK, 0 rows affected (0.54 sec)
Records: 0  Duplicates: 0  Warnings: 0

+---------+
| tickets |
+---------+
|  247461 |
+---------+
1 row in set (0.07 sec)

Database changed
Query OK, 0 rows affected (0.01 sec)

Query OK, 0 rows affected (0.00 sec)

Empty set (0.00 sec)

Query OK, 0 rows affected (0.01 sec)
Records: 0  Duplicates: 0  Warnings: 0

Query OK, 314 rows affected, 2 warnings (0.08 sec)
Records: 314  Deleted: 0  Skipped: 0  Warnings: 2

+-----------------+
| tickettechusers |
+-----------------+
|             314 |
+-----------------+
1 row in set (0.00 sec)

Database changed
Query OK, 0 rows affected (0.01 sec)

Query OK, 0 rows affected (0.01 sec)

Query OK, 0 rows affected (0.01 sec)
Records: 0  Duplicates: 0  Warnings: 0

Query OK, 515554 rows affected, 42058 warnings (7.95 sec)
Records: 515554  Deleted: 0  Skipped: 0  Warnings: 42058

+-------------------+
| ticketassignments |
+-------------------+
|            515554 |
+-------------------+
1 row in set (0.16 sec)

Database changed
Query OK, 0 rows affected (0.30 sec)

Query OK, 0 rows affected (0.01 sec)

Query OK, 1075875 rows affected (14.23 sec)
Records: 1075875  Deleted: 0  Skipped: 0  Warnings: 0

Query OK, 0 rows affected (7.20 sec)
Records: 0  Duplicates: 0  Warnings: 0

Query OK, 0 rows affected (2.48 sec)
Records: 0  Duplicates: 0  Warnings: 0

Query OK, 0 rows affected (2.70 sec)
Records: 0  Duplicates: 0  Warnings: 0

Query OK, 0 rows affected (2.98 sec)
Records: 0  Duplicates: 0  Warnings: 0

+----------------+
| ticketcomments |
+----------------+
|        1075875 |
+----------------+
1 row in set (0.43 sec)

Database changed
Query OK, 0 rows affected (0.01 sec)

Query OK, 0 rows affected (0.01 sec)

Query OK, 406604 rows affected (45.34 sec)
Records: 406604  Deleted: 0  Skipped: 0  Warnings: 0

Query OK, 0 rows affected (2.70 sec)
Records: 0  Duplicates: 0  Warnings: 0

+----------+
| comments |
+----------+
|   406604 |
+----------+
1 row in set (0.15 sec)

Database changed
Query OK, 0 rows affected (0.03 sec)

Query OK, 0 rows affected (0.01 sec)

Query OK, 809768 rows affected, 65535 warnings (1 min 1.62 sec)
Records: 809768  Deleted: 0  Skipped: 0  Warnings: 809769

Query OK, 0 rows affected (3.14 sec)
Records: 0  Duplicates: 0  Warnings: 0

Query OK, 0 rows affected (2.53 sec)
Records: 0  Duplicates: 0  Warnings: 0

Query OK, 0 rows affected (2.39 sec)
Records: 0  Duplicates: 0  Warnings: 0

Query OK, 0 rows affected (2.34 sec)
Records: 0  Duplicates: 0  Warnings: 0

Query OK, 0 rows affected (4.10 sec)
Records: 0  Duplicates: 0  Warnings: 0

+------------+
| devicesold |
+------------+
|     809768 |
+------------+
1 row in set (0.31 sec)

Database changed
Query OK, 0 rows affected (0.02 sec)

Query OK, 0 rows affected (0.01 sec)

Query OK, 1624894 rows affected (24.87 sec)
Records: 1624894  Deleted: 0  Skipped: 0  Warnings: 0

Query OK, 0 rows affected (5.61 sec)
Records: 0  Duplicates: 0  Warnings: 0

Query OK, 0 rows affected (4.66 sec)
Records: 0  Duplicates: 0  Warnings: 0

Query OK, 0 rows affected (5.05 sec)
Records: 0  Duplicates: 0  Warnings: 0

+------------------+
| contractservices |
+------------------+
|          1624894 |
+------------------+
1 row in set (0.54 sec)

Database changed
Query OK, 0 rows affected (0.05 sec)

Query OK, 0 rows affected (0.01 sec)

Query OK, 3645528 rows affected (1 min 52.70 sec)
Records: 3645528  Deleted: 0  Skipped: 0  Warnings: 0

Query OK, 0 rows affected (15.13 sec)
Records: 0  Duplicates: 0  Warnings: 0

Query OK, 0 rows affected (11.64 sec)
Records: 0  Duplicates: 0  Warnings: 0

Query OK, 0 rows affected (13.04 sec)
Records: 0  Duplicates: 0  Warnings: 0

Query OK, 0 rows affected (14.31 sec)
Records: 0  Duplicates: 0  Warnings: 0

+------------------+
| invoicescontents |
+------------------+
|          3645528 |
+------------------+
1 row in set (1.31 sec)

Database changed
Query OK, 0 rows affected (0.14 sec)

Query OK, 0 rows affected (0.01 sec)

Query OK, 2515539 rows affected (3 min 2.89 sec)
Records: 2515539  Deleted: 0  Skipped: 0  Warnings: 0

Query OK, 0 rows affected (15.45 sec)
Records: 0  Duplicates: 0  Warnings: 0

Query OK, 0 rows affected (13.11 sec)
Records: 0  Duplicates: 0  Warnings: 0

Query OK, 0 rows affected (10.24 sec)
Records: 0  Duplicates: 0  Warnings: 0

Query OK, 0 rows affected (12.29 sec)
Records: 0  Duplicates: 0  Warnings: 0

Query OK, 0 rows affected (12.62 sec)
Records: 0  Duplicates: 0  Warnings: 0

+----------------+
| invoicesheader |
+----------------+
|        2515539 |
+----------------+
1 row in set (0.92 sec)

Database changed
Query OK, 0 rows affected (0.05 sec)

Query OK, 0 rows affected (0.01 sec)

Query OK, 2642590 rows affected (1 min 19.79 sec)
Records: 2642590  Deleted: 0  Skipped: 0  Warnings: 0

Query OK, 0 rows affected (13.99 sec)
Records: 0  Duplicates: 0  Warnings: 0

Query OK, 0 rows affected (9.74 sec)
Records: 0  Duplicates: 0  Warnings: 0

Query OK, 0 rows affected (9.90 sec)
Records: 0  Duplicates: 0  Warnings: 0

Query OK, 0 rows affected (8.53 sec)
Records: 0  Duplicates: 0  Warnings: 0

+---------+
| casa    |
+---------+
| 2642590 |
+---------+
1 row in set (0.89 sec)

Query OK, 0 rows affected (0.03 sec)

Query OK, 12416 rows affected (1 min 21.77 sec)
Records: 12416  Duplicates: 0  Warnings: 0

+--------------------+
| rep_paycol_channel |
+--------------------+
|              12416 |
+--------------------+
1 row in set (0.01 sec)

Query OK, 0 rows affected (0.01 sec)

Query OK, 8222 rows affected (1 min 31.92 sec)
Records: 8222  Duplicates: 0  Warnings: 0

+----------------+
| rep_paycol_pos |
+----------------+
|           8222 |
+----------------+
1 row in set (0.01 sec)

Database changed
Query OK, 0 rows affected (0.01 sec)

Query OK, 0 rows affected (0.01 sec)

Database changed
Query OK, 38113 rows affected (0.95 sec)
Records: 38113  Deleted: 0  Skipped: 0  Warnings: 0

+-------+
| users |
+-------+
| 38113 |
+-------+
1 row in set (0.02 sec)

Database changed
Query OK, 0 rows affected (0.07 sec)

Query OK, 0 rows affected (0.00 sec)

Database changed
Query OK, 11119831 rows affected (2 min 15.83 sec)
Records: 11119831  Deleted: 0  Skipped: 0  Warnings: 0

Query OK, 0 rows affected (37.33 sec)
Records: 0  Duplicates: 0  Warnings: 0

Query OK, 0 rows affected (37.90 sec)
Records: 0  Duplicates: 0  Warnings: 0

Query OK, 0 rows affected (37.70 sec)
Records: 0  Duplicates: 0  Warnings: 0

Query OK, 0 rows affected (34.71 sec)
Records: 0  Duplicates: 0  Warnings: 0

+----------+
| ipusage1 |
+----------+
| 11119831 |
+----------+
1 row in set (6.52 sec)

Query OK, 0 rows affected (0.11 sec)

Query OK, 11211332 rows affected, 65535 warnings (14 min 14.79 sec)
Records: 11211332  Duplicates: 0  Warnings: 11200924

Query OK, 0 rows affected (38.63 sec)
Records: 0  Duplicates: 0  Warnings: 0

Query OK, 0 rows affected (40.04 sec)
Records: 0  Duplicates: 0  Warnings: 0

Query OK, 0 rows affected (42.46 sec)
Records: 0  Duplicates: 0  Warnings: 0

Query OK, 0 rows affected (42.63 sec)
Records: 0  Duplicates: 0  Warnings: 0

Query OK, 0 rows affected (52.57 sec)
Records: 0  Duplicates: 0  Warnings: 0

Query OK, 0 rows affected (59.87 sec)
Records: 0  Duplicates: 0  Warnings: 0

Query OK, 0 rows affected (55.58 sec)
Records: 0  Duplicates: 0  Warnings: 0

+----------+
| ipusage  |
+----------+
| 11211332 |
+----------+
1 row in set (6.55 sec)

Query OK, 0 rows affected (0.06 sec)

Query OK, 3775843 rows affected (3 min 12.49 sec)
Records: 3775843  Duplicates: 0  Warnings: 0

Query OK, 0 rows affected (19.72 sec)
Records: 0  Duplicates: 0  Warnings: 0

Query OK, 0 rows affected (11.40 sec)
Records: 0  Duplicates: 0  Warnings: 0

Query OK, 0 rows affected (18.29 sec)
Records: 0  Duplicates: 0  Warnings: 0

Query OK, 0 rows affected (22.41 sec)
Records: 0  Duplicates: 0  Warnings: 0

Query OK, 0 rows affected (9.72 sec)
Records: 0  Duplicates: 0  Warnings: 0

Query OK, 0 rows affected (0.04 sec)

Query OK, 324046 rows affected (31.48 sec)
Records: 324046  Duplicates: 0  Warnings: 0

Query OK, 0 rows affected (1.27 sec)
Records: 0  Duplicates: 0  Warnings: 0

Query OK, 0 rows affected (1.13 sec)
Records: 0  Duplicates: 0  Warnings: 0

Query OK, 0 rows affected (1.28 sec)
Records: 0  Duplicates: 0  Warnings: 0

Query OK, 0 rows affected (0.67 sec)
Records: 0  Duplicates: 0  Warnings: 0

Query OK, 0 rows affected (0.72 sec)
Records: 0  Duplicates: 0  Warnings: 0

Query OK, 0 rows affected (0.02 sec)

Query OK, 1624791 rows affected (53.46 sec)
Records: 1624791  Duplicates: 0  Warnings: 0

Query OK, 0 rows affected (8.61 sec)
Records: 0  Duplicates: 0  Warnings: 0

Query OK, 0 rows affected (4.17 sec)
Records: 0  Duplicates: 0  Warnings: 0

Query OK, 0 rows affected (6.27 sec)
Records: 0  Duplicates: 0  Warnings: 0

mysql> mysql \. C:\workspace\cloud\code\sql\_DailyScript\currenttime.sql
+---------------------+
| currenttime         |
+---------------------+
| 2019-06-21 09:20:10 |
+---------------------+
1 row in set (0.00 sec)

mysql> 
mysql> mysql \. C:\workspace\cloud\code\sql\_DailyScript\ticket_analysis.sql
Database changed
Query OK, 0 rows affected (0.03 sec)

Query OK, 436855 rows affected (18.38 sec)
Records: 436855  Duplicates: 0  Warnings: 0

Query OK, 0 rows affected (5.99 sec)
Records: 0  Duplicates: 0  Warnings: 0

Query OK, 0 rows affected (1.33 sec)
Records: 0  Duplicates: 0  Warnings: 0

Query OK, 0 rows affected (1.38 sec)
Records: 0  Duplicates: 0  Warnings: 0

Query OK, 0 rows affected (0.01 sec)

Query OK, 15540 rows affected (9.56 sec)
Records: 15540  Duplicates: 0  Warnings: 0

Query OK, 0 rows affected, 1 warning (0.00 sec)

Query OK, 59976 rows affected (5.61 sec)
Records: 59976  Duplicates: 0  Warnings: 0

Query OK, 0 rows affected, 1 warning (0.00 sec)

Query OK, 312066 rows affected (9.00 sec)
Records: 312066  Duplicates: 0  Warnings: 0

Query OK, 0 rows affected, 1 warning (0.00 sec)

Query OK, 312066 rows affected (10.19 sec)
Records: 312066  Duplicates: 0  Warnings: 0

Query OK, 0 rows affected (0.01 sec)

Query OK, 60018 rows affected (3.52 sec)
Records: 60018  Duplicates: 0  Warnings: 0

Database changed
Query OK, 0 rows affected (0.02 sec)

Query OK, 0 rows affected (0.02 sec)

Query OK, 436855 rows affected (16.83 sec)
Records: 436855  Duplicates: 0  Warnings: 0

Query OK, 0 rows affected (0.01 sec)

Query OK, 208107 rows affected (12.41 sec)
Records: 208107  Duplicates: 0  Warnings: 0

+--------------------------+
| clientticket_cmmtjourney |
+--------------------------+
|                   436855 |
+--------------------------+
1 row in set (2.27 sec)

+---------------------------+
| clientticket_assgnjourney |
+---------------------------+
|                    208107 |
+---------------------------+
1 row in set (0.25 sec)

Query OK, 0 rows affected (0.01 sec)

Query OK, 67 rows affected (0.21 sec)
Records: 67  Duplicates: 0  Warnings: 0

mysql> mysql \. C:\workspace\cloud\code\sql\_DailyScript\currenttime.sql
+---------------------+
| currenttime         |
+---------------------+
| 2019-06-21 09:21:47 |
+---------------------+
1 row in set (0.00 sec)

mysql> 
mysql> mysql \. C:\workspace\cloud\code\sql\_DailyScript\load_DailyCalls.sql
Database changed
Query OK, 219 rows affected (0.42 sec)
Records: 219  Deleted: 0  Skipped: 0  Warnings: 0

Query OK, 0 rows affected, 1 warning (0.00 sec)

Query OK, 211 rows affected (0.23 sec)
Records: 211  Duplicates: 0  Warnings: 0

Query OK, 0 rows affected, 1 warning (0.00 sec)

Query OK, 66923 rows affected (0.42 sec)
Records: 66923  Duplicates: 0  Warnings: 0

+----------------------+
| callingclientsbefore |
+----------------------+
|               706982 |
+----------------------+
1 row in set (0.62 sec)

Query OK, 284 rows affected (5.59 sec)
Records: 284  Duplicates: 0  Warnings: 0

+---------------------+
| callingclientsafter |
+---------------------+
|              707266 |
+---------------------+
1 row in set (0.20 sec)

Query OK, 0 rows affected (0.01 sec)

Query OK, 176 rows affected (9.01 sec)
Records: 176  Duplicates: 0  Warnings: 0

Query OK, 0 rows affected (0.00 sec)

Query OK, 14395 rows affected (2.43 sec)
Records: 14395  Duplicates: 0  Warnings: 0

+-----------+
| callstats |
+-----------+
|     14395 |
+-----------+
1 row in set (0.01 sec)

Query OK, 0 rows affected, 1 warning (0.00 sec)

Query OK, 284 rows affected (3.07 sec)
Records: 284  Duplicates: 0  Warnings: 0

+------------------------+
| rep_cccallreportbefore |
+------------------------+
|                 710625 |
+------------------------+
1 row in set (0.22 sec)

Query OK, 284 rows affected (0.47 sec)
Records: 284  Duplicates: 0  Warnings: 0

+-----------------------+
| rep_cccallreportafter |
+-----------------------+
|                710909 |
+-----------------------+
1 row in set (0.21 sec)

Query OK, 0 rows affected (0.00 sec)

mysql> mysql \. C:\workspace\cloud\code\sql\_DailyScript\currenttime.sql
+---------------------+
| currenttime         |
+---------------------+
| 2019-06-21 09:22:10 |
+---------------------+
1 row in set (0.00 sec)

mysql> 
mysql> mysql \. C:\workspace\cloud\code\sql\_DailyScript\DAILY-SCRIPT-USAGE.sql
Database changed
Query OK, 0 rows affected (0.00 sec)

Query OK, 6403 rows affected, 18505 warnings (2.19 sec)
Records: 6403  Deleted: 0  Skipped: 0  Warnings: 18505

Query OK, 0 rows affected (0.00 sec)

Query OK, 10601 rows affected, 30669 warnings (2.65 sec)
Records: 10601  Deleted: 0  Skipped: 0  Warnings: 30669

Query OK, 0 rows affected (0.00 sec)

Query OK, 162 rows affected, 548 warnings (0.13 sec)
Records: 162  Deleted: 0  Skipped: 0  Warnings: 548

Query OK, 0 rows affected (0.00 sec)

Query OK, 176 rows affected, 639 warnings (0.04 sec)
Records: 176  Deleted: 0  Skipped: 0  Warnings: 639

+------------+
| dailyusage |
+------------+
|    6380729 |
+------------+
1 row in set (15.60 sec)

+------------+------------+------------+---------+
| datestart  | dateend    | insertedon | records |
+------------+------------+------------+---------+
| 2019-06-20 | 2019-06-20 | 2019-06-21 |   17342 |
| 2019-06-19 | 2019-06-19 | 2019-06-20 |   17510 |
| 2019-06-18 | 2019-06-18 | 2019-06-19 |   17130 |
| 2019-06-17 | 2019-06-17 | 2019-06-18 |   17283 |
| 2019-06-16 | 2019-06-16 | 2019-06-17 |   13063 |
+------------+------------+------------+---------+
5 rows in set (2 min 1.31 sec)

mysql> mysql \. C:\workspace\cloud\code\sql\_DailyScript\currenttime.sql
+---------------------+
| currenttime         |
+---------------------+
| 2019-06-21 09:24:32 |
+---------------------+
1 row in set (0.00 sec)

mysql> 
mysql> mysql \. C:\workspace\cloud\code\sql\_DailyScript\DAILY-SCRIPT-SALES-TELEMETRY.sql
Database changed
ERROR 2 (HY000): File 'C:\ProgramData\MySQL\MySQL Server 5.7\Uploads\_csv\SalesReport-20062019-1.csv' not found (Errcode: 2 - No such file or directory)
+------------+
| dailysales |
+------------+
|     156640 |
+------------+
1 row in set (0.27 sec)

Query OK, 0 rows affected (0.01 sec)

Query OK, 156640 rows affected (16.56 sec)
Records: 156640  Duplicates: 0  Warnings: 0

+--------+
| sales  |
+--------+
| 156640 |
+--------+
1 row in set (0.09 sec)

Query OK, 0 rows affected (0.03 sec)

Query OK, 2502 rows affected (0.34 sec)
Records: 2502  Duplicates: 0  Warnings: 0

+----------------+
| rep_dailysales |
+----------------+
|           2502 |
+----------------+
1 row in set (0.00 sec)

Query OK, 0 rows affected (0.00 sec)

Query OK, 2502 rows affected (0.54 sec)
Records: 2502  Duplicates: 0  Warnings: 0

+-------------------+
| rep_dailysalesreg |
+-------------------+
|              2502 |
+-------------------+
1 row in set (0.00 sec)

Query OK, 0 rows affected (0.00 sec)

Query OK, 2433 rows affected (0.65 sec)
Records: 2433  Duplicates: 0  Warnings: 0

+-----------+
| saleslist |
+-----------+
|      2433 |
+-----------+
1 row in set (0.00 sec)

Database changed
ERROR 2 (HY000): File 'C:\ProgramData\MySQL\MySQL Server 5.7\Uploads\_csv\PrepaidCardSales-20062019-P1.csv' not found (Errcode: 2 - No such file or directory)
+------------------+
| dailysinglesales |
+------------------+
|             5787 |
+------------------+
1 row in set (0.04 sec)

Database changed
Query OK, 18 rows affected (0.05 sec)
Records: 18  Deleted: 0  Skipped: 0  Warnings: 0

+-----------------+
| dailyaddonsales |
+-----------------+
|           15981 |
+-----------------+
1 row in set (0.06 sec)

Query OK, 93 rows affected (0.11 sec)
Records: 93  Deleted: 0  Skipped: 0  Warnings: 0

+----------------+
| onlinepayments |
+----------------+
|          55378 |
+----------------+
1 row in set (0.08 sec)

+-------------+----------------+---------------------+
| paymentdate | onlinepayments | onlinepaymentamount |
+-------------+----------------+---------------------+
| 2019-06-20  |             93 |         49178.23000 |
| 2019-06-19  |             79 |         40563.85000 |
| 2019-06-18  |             71 |         43416.95000 |
| 2019-06-17  |             71 |         44741.83000 |
| 2019-06-16  |             61 |         36837.86000 |
+-------------+----------------+---------------------+
5 rows in set (1.52 sec)

+-------------+--------------+----------------+---------------------+
| paymentyear | paymentmonth | onlinepayments | onlinepaymentamount |
+-------------+--------------+----------------+---------------------+
|        2019 |            6 |           1513 |        971523.08000 |
|        2019 |            5 |           2949 |       1930613.93000 |
|        2019 |            4 |           2854 |       1881797.80000 |
|        2019 |            3 |           2821 |       1851177.84000 |
|        2019 |            2 |           2441 |       1600446.38000 |
+-------------+--------------+----------------+---------------------+
5 rows in set (0.07 sec)

mysql> mysql \. C:\workspace\cloud\code\sql\_DailyScript\currenttime.sql
+---------------------+
| currenttime         |
+---------------------+
| 2019-06-21 09:24:53 |
+---------------------+
1 row in set (0.00 sec)

mysql> 
mysql> mysql \. C:\workspace\cloud\code\sql\_DailyScript\DAILY-SCRIPT-ACTIVENUMBERS.sql
Database changed
Query OK, 1299 rows affected (0.85 sec)
Records: 1299  Deleted: 0  Skipped: 0  Warnings: 0

+------------+----------+
| period     | count(1) |
+------------+----------+
| 2019-06-20 |     1299 |
| 2019-06-19 |     1299 |
| 2019-06-18 |     1300 |
| 2019-06-17 |     1303 |
| 2019-06-16 |     1305 |
| 2019-06-15 |     1306 |
+------------+----------+
6 rows in set (0.01 sec)

Query OK, 0 rows affected (0.01 sec)

Query OK, 83 rows affected (0.29 sec)
Records: 83  Duplicates: 0  Warnings: 0

+-------------+
| packagelist |
+-------------+
|          83 |
+-------------+
1 row in set (0.00 sec)

Database changed
Query OK, 0 rows affected (0.00 sec)

Query OK, 0 rows affected (0.00 sec)

Query OK, 0 rows affected (0.00 sec)

Query OK, 0 rows affected (0.00 sec)

Query OK, 26783 rows affected, 262 warnings (39.43 sec)
Records: 26783  Deleted: 0  Skipped: 0  Warnings: 262

+------------+----------+
| period     | count(1) |
+------------+----------+
| 2019-06-20 |    26783 |
| 2019-06-19 |    26982 |
| 2019-06-18 |    26605 |
| 2019-06-17 |    26845 |
| 2019-06-16 |    26737 |
+------------+----------+
5 rows in set (0.26 sec)

Query OK, 0 rows affected (0.02 sec)

Query OK, 26153 rows affected (1 min 49.10 sec)
Records: 26153  Duplicates: 0  Warnings: 0

Query OK, 0 rows affected (0.17 sec)
Records: 0  Duplicates: 0  Warnings: 0

Query OK, 0 rows affected (0.12 sec)
Records: 0  Duplicates: 0  Warnings: 0

Query OK, 0 rows affected (0.11 sec)
Records: 0  Duplicates: 0  Warnings: 0

Query OK, 0 rows affected (0.09 sec)
Records: 0  Duplicates: 0  Warnings: 0

Query OK, 0 rows affected (0.10 sec)
Records: 0  Duplicates: 0  Warnings: 0

Query OK, 0 rows affected (0.07 sec)
Records: 0  Duplicates: 0  Warnings: 0

+-------------+
| countbefore |
+-------------+
|    27032202 |
+-------------+
1 row in set (1 min 17.27 sec)

Query OK, 26153 rows affected (20.79 sec)
Records: 26153  Duplicates: 0  Warnings: 0

+------------+
| countafter |
+------------+
|   27058355 |
+------------+
1 row in set (12.66 sec)

+------------+--------------------------+
| period     | customercontractactivity |
+------------+--------------------------+
| 2019-06-20 |                    26153 |
| 2019-06-19 |                    26352 |
| 2019-06-18 |                    25975 |
| 2019-06-17 |                    26215 |
| 2019-06-16 |                    26107 |
+------------+--------------------------+
5 rows in set (0.07 sec)

Query OK, 0 rows affected (0.04 sec)

Query OK, 217106 rows affected (13 min 10.59 sec)
Records: 217106  Duplicates: 0  Warnings: 0

Query OK, 0 rows affected (0.97 sec)
Records: 0  Duplicates: 0  Warnings: 0

Query OK, 0 rows affected (1.04 sec)
Records: 0  Duplicates: 0  Warnings: 0

Query OK, 0 rows affected (0.96 sec)
Records: 0  Duplicates: 0  Warnings: 0

Query OK, 0 rows affected (0.19 sec)

Query OK, 248 rows affected (0.71 sec)
Records: 248  Duplicates: 0  Warnings: 0

Query OK, 0 rows affected (0.01 sec)

Query OK, 2385 rows affected (0.61 sec)
Records: 2385  Duplicates: 0  Warnings: 0

Query OK, 0 rows affected (0.01 sec)

Query OK, 26143 rows affected (0.62 sec)
Records: 26143  Duplicates: 0  Warnings: 0

Query OK, 0 rows affected (0.01 sec)

Query OK, 16797 rows affected (0.39 sec)
Records: 16797  Duplicates: 0  Warnings: 0

Query OK, 0 rows affected (0.01 sec)

Query OK, 16797 rows affected (0.14 sec)
Records: 16797  Duplicates: 0  Warnings: 0

Query OK, 0 rows affected (0.01 sec)

Query OK, 16797 rows affected (1.40 sec)
Records: 16797  Duplicates: 0  Warnings: 0

Query OK, 0 rows affected (0.01 sec)

Query OK, 16797 rows affected (48.07 sec)
Records: 16797  Duplicates: 0  Warnings: 0

+-------------+
| clientstats |
+-------------+
|       16797 |
+-------------+
1 row in set (0.01 sec)

Query OK, 0 rows affected (0.00 sec)

Query OK, 13 rows affected, 1 warning (0.12 sec)
Records: 13  Duplicates: 0  Warnings: 1

+-----------------------+-------------+-------------+----------------+-----------------+
| services              | activecount | allaccounts | uniqueaccounts | uniquecontracts |
+-----------------------+-------------+-------------+----------------+-----------------+
| All                   |         111 |          24 |             24 |              75 |
| Internet & Voice      |         430 |         197 |            197 |             385 |
| Internet Only         |        4162 |        4017 |           4008 |            4093 |
| OTT Only              |          54 |           4 |              4 |              54 |
| TV & Internet         |        8816 |        3823 |           3815 |            7786 |
| TV & Internet & OTT   |        1880 |         538 |            538 |            1097 |
| TV & Internet & Voice |         523 |         145 |            145 |             451 |
| TV & OTT              |         114 |          35 |             35 |              36 |
| TV & Voice            |         106 |          46 |             45 |              93 |
| TV & Voice & OTT      |          13 |           2 |              2 |               5 |
| TV Only               |       10556 |        7782 |           7776 |            7985 |
| Voice Only            |         185 |         184 |            184 |             185 |
| GRAND TOTAL           |       26950 |       16797 |          16731 |           22245 |
+-----------------------+-------------+-------------+----------------+-----------------+
13 rows in set (0.00 sec)

+-------------+-------------+-------------+----------------+-----------------+
| network     | activecount | allaccounts | uniqueaccounts | uniquecontracts |
+-------------+-------------+-------------+----------------+-----------------+
| ADDON       |           9 |           5 |              5 |               5 |
| GPON        |        6880 |        3486 |           3485 |            5269 |
| HFC         |       20009 |       13304 |          13304 |           16919 |
| MOBILE TV   |          52 |           2 |              2 |              52 |
| GRAND TOTAL |       26950 |       16797 |          16731 |           22245 |
+-------------+-------------+-------------+----------------+-----------------+
5 rows in set, 1 warning (0.11 sec)

+-------------+-----------------------+-------------+-------------+----------------+-----------------+
| network     | services              | activecount | allaccounts | uniqueaccounts | uniquecontracts |
+-------------+-----------------------+-------------+-------------+----------------+-----------------+
| ADDON       | OTT Only              |           2 |           2 |              2 |               2 |
| ADDON       | TV & OTT              |           4 |           1 |              1 |               1 |
| ADDON       | TV Only               |           3 |           2 |              2 |               2 |
| ADDON       | Services Total        |           9 |           5 |              5 |               5 |
| GPON        | All                   |          25 |           5 |              5 |              17 |
| GPON        | Internet & Voice      |          59 |          24 |             24 |              49 |
| GPON        | Internet Only         |         916 |         831 |            831 |             849 |
| GPON        | TV & Internet         |        2999 |        1244 |           1244 |            2563 |
| GPON        | TV & Internet & OTT   |         925 |         250 |            250 |             517 |
| GPON        | TV & Internet & Voice |         152 |          40 |             40 |             123 |
| GPON        | TV & OTT              |          85 |          26 |             26 |              26 |
| GPON        | TV & Voice            |          48 |          20 |             20 |              41 |
| GPON        | TV Only               |        1664 |        1039 |           1039 |            1077 |
| GPON        | Voice Only            |           7 |           7 |              7 |               7 |
| GPON        | Services Total        |        6880 |        3486 |           3485 |            5269 |
| HFC         | All                   |          86 |          19 |             19 |              58 |
| HFC         | Internet & Voice      |         371 |         173 |            173 |             336 |
| HFC         | Internet Only         |        3246 |        3186 |           3186 |            3244 |
| HFC         | TV & Internet         |        5817 |        2579 |           2579 |            5223 |
| HFC         | TV & Internet & OTT   |         955 |         288 |            288 |             580 |
| HFC         | TV & Internet & Voice |         371 |         105 |            105 |             328 |
| HFC         | TV & OTT              |          25 |           8 |              8 |               9 |
| HFC         | TV & Voice            |          58 |          26 |             26 |              52 |
| HFC         | TV & Voice & OTT      |          13 |           2 |              2 |               5 |
| HFC         | TV Only               |        8889 |        6741 |           6741 |            6906 |
| HFC         | Voice Only            |         178 |         177 |            177 |             178 |
| HFC         | Services Total        |       20009 |       13304 |          13304 |           16919 |
| MOBILE TV   | OTT Only              |          52 |           2 |              2 |              52 |
| MOBILE TV   | Services Total        |          52 |           2 |              2 |              52 |
| GRAND TOTAL | Services Total        |       26950 |       16797 |          16731 |           22245 |
+-------------+-----------------------+-------------+-------------+----------------+-----------------+
30 rows in set, 2 warnings (0.14 sec)

Query OK, 0 rows affected (0.00 sec)

Query OK, 43 rows affected, 3 warnings (0.19 sec)
Records: 43  Duplicates: 0  Warnings: 3

+-------------+---------------+-----------------------+-------------+-------------+----------------+-----------------+
| region      | network       | services              | activecount | allaccounts | uniqueaccounts | uniquecontracts |
+-------------+---------------+-----------------------+-------------+-------------+----------------+-----------------+
| Mahe        | ADDON         | OTT Only              |           2 |           2 |              2 |               2 |
| Mahe        | ADDON         | TV & OTT              |           4 |           1 |              1 |               1 |
| Mahe        | ADDON         | TV Only               |           3 |           2 |              2 |               2 |
| Mahe        | ADDON         | Services Total        |           9 |           5 |              5 |               5 |
| Mahe        | GPON          | All                   |          25 |           5 |              5 |              17 |
| Mahe        | GPON          | Internet & Voice      |          49 |          19 |             19 |              39 |
| Mahe        | GPON          | Internet Only         |         697 |         612 |            612 |             630 |
| Mahe        | GPON          | TV & Internet         |        2132 |         876 |            876 |            1794 |
| Mahe        | GPON          | TV & Internet & OTT   |         539 |         141 |            141 |             291 |
| Mahe        | GPON          | TV & Internet & Voice |         129 |          34 |             34 |             103 |
| Mahe        | GPON          | TV & OTT              |          57 |          15 |             15 |              15 |
| Mahe        | GPON          | TV & Voice            |          44 |          18 |             18 |              37 |
| Mahe        | GPON          | TV Only               |        1230 |         744 |            744 |             764 |
| Mahe        | GPON          | Voice Only            |           7 |           7 |              7 |               7 |
| Mahe        | GPON          | Services Total        |        4909 |        2471 |           2471 |            3697 |
| Mahe        | HFC           | All                   |          86 |          19 |             19 |              58 |
| Mahe        | HFC           | Internet & Voice      |         371 |         173 |            173 |             336 |
| Mahe        | HFC           | Internet Only         |        3246 |        3186 |           3186 |            3244 |
| Mahe        | HFC           | TV & Internet         |        5817 |        2579 |           2579 |            5223 |
| Mahe        | HFC           | TV & Internet & OTT   |         955 |         288 |            288 |             580 |
| Mahe        | HFC           | TV & Internet & Voice |         371 |         105 |            105 |             328 |
| Mahe        | HFC           | TV & OTT              |          25 |           8 |              8 |               9 |
| Mahe        | HFC           | TV & Voice            |          58 |          26 |             26 |              52 |
| Mahe        | HFC           | TV & Voice & OTT      |          13 |           2 |              2 |               5 |
| Mahe        | HFC           | TV Only               |        8884 |        6738 |           6738 |            6903 |
| Mahe        | HFC           | Voice Only            |         178 |         177 |            177 |             178 |
| Mahe        | HFC           | Services Total        |       20004 |       13301 |          13301 |           16916 |
| Mahe        | MOBILE TV     | OTT Only              |          52 |           2 |              2 |              52 |
| Mahe        | MOBILE TV     | Services Total        |          52 |           2 |              2 |              52 |
| Mahe        | Network Total | Services Total        |       24974 |       15779 |          15715 |           20670 |
| Praslin     | GPON          | Internet & Voice      |          10 |           5 |              5 |              10 |
| Praslin     | GPON          | Internet Only         |         219 |         219 |            219 |             219 |
| Praslin     | GPON          | TV & Internet         |         867 |         368 |            368 |             769 |
| Praslin     | GPON          | TV & Internet & OTT   |         386 |         109 |            109 |             226 |
| Praslin     | GPON          | TV & Internet & Voice |          23 |           6 |              6 |              20 |
| Praslin     | GPON          | TV & OTT              |          28 |          11 |             11 |              11 |
| Praslin     | GPON          | TV & Voice            |           4 |           2 |              2 |               4 |
| Praslin     | GPON          | TV Only               |         434 |         295 |            295 |             313 |
| Praslin     | GPON          | Services Total        |        1971 |        1015 |           1015 |            1572 |
| Praslin     | HFC           | TV Only               |           5 |           3 |              3 |               3 |
| Praslin     | HFC           | Services Total        |           5 |           3 |              3 |               3 |
| Praslin     | Network Total | Services Total        |        1976 |        1018 |           1017 |            1575 |
| GRAND TOTAL | Network Total | Services Total        |       26950 |       16797 |          16731 |           22245 |
+-------------+---------------+-----------------------+-------------+-------------+----------------+-----------------+
43 rows in set (0.00 sec)

Query OK, 0 rows affected (0.00 sec)

Query OK, 26144 rows affected (0.52 sec)
Records: 26144  Duplicates: 0  Warnings: 0

Query OK, 0 rows affected (0.01 sec)

Query OK, 1622 rows affected (8.70 sec)
Records: 1622  Duplicates: 0  Warnings: 0

+--------------------------------------+
| message                              |
+--------------------------------------+
| running rcbill_my.sp_ActiveNumber2() |
+--------------------------------------+
1 row in set (0.00 sec)

Query OK, 171 rows affected (2 min 15.50 sec)

mysql> mysql \. C:\workspace\cloud\code\sql\_DailyScript\currenttime.sql
+---------------------+
| currenttime         |
+---------------------+
| 2019-06-21 09:45:45 |
+---------------------+
1 row in set (0.00 sec)

mysql> 
mysql> mysql \. C:\workspace\cloud\code\sql\_DailyScript\GetActiveNumbers Average -Pivot.sql
Database changed
+-------------------------------------+
| @today := subdate(current_date(),1) |
+-------------------------------------+
| 2019-06-20                          |
+-------------------------------------+
1 row in set (0.00 sec)

+-------------------------------------+
| @lastdayofmonth := last_day(@today) |
+-------------------------------------+
| 2019-06-30                          |
+-------------------------------------+
1 row in set (0.00 sec)

Query OK, 0 rows affected (0.02 sec)

Query OK, 30300 rows affected, 61826 warnings (49.24 sec)
Records: 30300  Duplicates: 0  Warnings: 61826

Query OK, 0 rows affected (0.11 sec)
Records: 0  Duplicates: 0  Warnings: 0

Query OK, 0 rows affected (0.24 sec)
Records: 0  Duplicates: 0  Warnings: 0

Query OK, 0 rows affected (0.16 sec)
Records: 0  Duplicates: 0  Warnings: 0

+-----------------+
| activenumberavg |
+-----------------+
|           30300 |
+-----------------+
1 row in set (0.04 sec)

Query OK, 0 rows affected (0.02 sec)

Query OK, 1748 rows affected (0.44 sec)
Records: 1748  Duplicates: 0  Warnings: 0

+---------------------+
| rep_activenumberavg |
+---------------------+
|                1748 |
+---------------------+
1 row in set (0.00 sec)

+----------------------+
| rep_activenumberavg1 |
+----------------------+
|                  829 |
+----------------------+
1 row in set (0.00 sec)

Query OK, 0 rows affected (0.01 sec)

Query OK, 1536 rows affected (0.37 sec)
Records: 1536  Duplicates: 0  Warnings: 0

Query OK, 0 rows affected (0.03 sec)

Query OK, 7773 rows affected (0.63 sec)
Records: 7773  Duplicates: 0  Warnings: 0

Query OK, 0 rows affected (0.00 sec)

Query OK, 0 rows affected (0.00 sec)

Query OK, 0 rows affected (0.03 sec)

Query OK, 0 rows affected (0.00 sec)

Query OK, 0 rows affected (0.00 sec)
Statement prepared

Query OK, 53 rows affected (0.09 sec)
Records: 53  Duplicates: 0  Warnings: 0

Query OK, 0 rows affected (0.00 sec)

Query OK, 0 rows affected (0.00 sec)

+----------------------+
| rep_activenumberavg2 |
+----------------------+
|                 1536 |
+----------------------+
1 row in set (0.00 sec)

+------------------------+
| rep_activenumberavg_pv |
+------------------------+
|                     53 |
+------------------------+
1 row in set (0.00 sec)

Query OK, 0 rows affected (0.01 sec)

Query OK, 1536 rows affected (0.36 sec)
Records: 1536  Duplicates: 0  Warnings: 0

Query OK, 0 rows affected (0.00 sec)

Query OK, 0 rows affected (0.00 sec)

Query OK, 0 rows affected (0.02 sec)

Query OK, 0 rows affected (0.00 sec)

Query OK, 0 rows affected (0.00 sec)
Statement prepared

Query OK, 53 rows affected (0.07 sec)
Records: 53  Duplicates: 0  Warnings: 0

Query OK, 0 rows affected (0.00 sec)

Query OK, 0 rows affected (0.00 sec)

+-------------------------+
| rep_activenumberavgMahe |
+-------------------------+
|                    1536 |
+-------------------------+
1 row in set (0.00 sec)

+----------------------------+
| rep_activenumberavgMahe_pv |
+----------------------------+
|                         53 |
+----------------------------+
1 row in set (0.00 sec)

Query OK, 0 rows affected (0.01 sec)

Query OK, 986 rows affected (0.23 sec)
Records: 986  Duplicates: 0  Warnings: 0

Query OK, 0 rows affected (0.00 sec)

Query OK, 0 rows affected (0.00 sec)

Query OK, 0 rows affected (0.01 sec)

Query OK, 0 rows affected (0.00 sec)

Query OK, 0 rows affected (0.00 sec)
Statement prepared

Query OK, 38 rows affected (0.08 sec)
Records: 38  Duplicates: 0  Warnings: 0

Query OK, 0 rows affected (0.00 sec)

Query OK, 0 rows affected (0.00 sec)

+----------------------------+
| rep_activenumberavgPraslin |
+----------------------------+
|                        986 |
+----------------------------+
1 row in set (0.00 sec)

+-------------------------------+
| rep_activenumberavgPraslin_pv |
+-------------------------------+
|                            38 |
+-------------------------------+
1 row in set (0.00 sec)

mysql> mysql \. C:\workspace\cloud\code\sql\_DailyScript\currenttime.sql
+---------------------+
| currenttime         |
+---------------------+
| 2019-06-21 09:46:38 |
+---------------------+
1 row in set (0.00 sec)

mysql> 
mysql> mysql \. C:\workspace\cloud\code\sql\_DailyScript\budget_actual_analysis_2019.sql
Query OK, 0 rows affected (0.01 sec)

Query OK, 558 rows affected, 3 warnings (0.36 sec)
Records: 558  Duplicates: 0  Warnings: 3

+--------------------+
| budget_actual_2019 |
+--------------------+
|                558 |
+--------------------+
1 row in set (0.00 sec)

Query OK, 0 rows affected (0.03 sec)

Query OK, 48 rows affected (0.12 sec)
Records: 48  Duplicates: 0  Warnings: 0

+---------------------------+
| rep_budget_actual_2019_pv |
+---------------------------+
|                        48 |
+---------------------------+
1 row in set (0.00 sec)

mysql> mysql \. C:\workspace\cloud\code\sql\_DailyScript\currenttime.sql
+---------------------+
| currenttime         |
+---------------------+
| 2019-06-21 09:46:38 |
+---------------------+
1 row in set (0.00 sec)

mysql> 
mysql> mysql \. C:\workspace\cloud\code\sql\_DailyScript\reports-sales-addons-prepaid-camera.sql
Database changed
Query OK, 0 rows affected (0.04 sec)

Query OK, 3662 rows affected (0.39 sec)
Records: 3662  Duplicates: 0  Warnings: 0

Query OK, 0 rows affected (0.01 sec)

Query OK, 15990 rows affected (30.90 sec)
Records: 15990  Duplicates: 0  Warnings: 0

+--------------------+
| rep_prepaid_camera |
+--------------------+
|               3662 |
+--------------------+
1 row in set (0.01 sec)

+-----------+
| rep_addon |
+-----------+
|     15990 |
+-----------+
1 row in set (0.01 sec)

mysql> mysql \. C:\workspace\cloud\code\sql\_DailyScript\currenttime.sql
+---------------------+
| currenttime         |
+---------------------+
| 2019-06-21 09:47:10 |
+---------------------+
1 row in set (0.00 sec)

mysql> 
mysql> mysql \. C:\workspace\cloud\code\sql\_DailyScript\housing-estate-analysis.sql
Database changed
Query OK, 0 rows affected (0.01 sec)

Query OK, 2832 rows affected (1 min 32.97 sec)
Records: 2832  Duplicates: 0  Warnings: 0

+--------------------+
| rep_housingestates |
+--------------------+
|               2832 |
+--------------------+
1 row in set (0.00 sec)

mysql> mysql \. C:\workspace\cloud\code\sql\_DailyScript\currenttime.sql
+---------------------+
| currenttime         |
+---------------------+
| 2019-06-21 09:48:43 |
+---------------------+
1 row in set (0.00 sec)

mysql> 
mysql> mysql \. C:\workspace\cloud\code\sql\_DailyScript\RCB_ClientAnalyticsReport_Script.sql
Database changed
Query OK, 0 rows affected (0.00 sec)

Query OK, 0 rows affected (0.05 sec)

Query OK, 1684988 rows affected (1 min 23.38 sec)
Records: 1684988  Duplicates: 0  Warnings: 0

Query OK, 0 rows affected (8.00 sec)
Records: 0  Duplicates: 0  Warnings: 0

Query OK, 0 rows affected (6.18 sec)
Records: 0  Duplicates: 0  Warnings: 0

Query OK, 0 rows affected (10.38 sec)
Records: 0  Duplicates: 0  Warnings: 0

Query OK, 0 rows affected (8.20 sec)
Records: 0  Duplicates: 0  Warnings: 0

Query OK, 0 rows affected (10.24 sec)
Records: 0  Duplicates: 0  Warnings: 0

Query OK, 0 rows affected (7.69 sec)
Records: 0  Duplicates: 0  Warnings: 0

Query OK, 0 rows affected (0.00 sec)

Query OK, 441292 rows affected (14.34 sec)
Rows matched: 1684988  Changed: 441292  Warnings: 0

Query OK, 0 rows affected (0.01 sec)

Query OK, 27015 rows affected (3.92 sec)
Records: 27015  Duplicates: 0  Warnings: 0

Query OK, 0 rows affected (0.01 sec)

Query OK, 42334 rows affected (11 min 17.03 sec)
Records: 42334  Duplicates: 0  Warnings: 0

Query OK, 0 rows affected (0.19 sec)
Records: 0  Duplicates: 0  Warnings: 0

Query OK, 0 rows affected (0.17 sec)
Records: 0  Duplicates: 0  Warnings: 0

Query OK, 0 rows affected (0.10 sec)
Records: 0  Duplicates: 0  Warnings: 0

Query OK, 0 rows affected (0.03 sec)

Query OK, 415230 rows affected (11 min 58.15 sec)
Records: 415230  Duplicates: 0  Warnings: 0

Query OK, 0 rows affected (1.89 sec)
Records: 0  Duplicates: 0  Warnings: 0

Query OK, 0 rows affected (1.77 sec)
Records: 0  Duplicates: 0  Warnings: 0

Query OK, 0 rows affected (0.95 sec)
Records: 0  Duplicates: 0  Warnings: 0

Query OK, 0 rows affected (1.95 sec)
Records: 0  Duplicates: 0  Warnings: 0

Query OK, 0 rows affected (1.05 sec)
Records: 0  Duplicates: 0  Warnings: 0

Query OK, 0 rows affected (0.01 sec)

Query OK, 42334 rows affected (1 min 32.17 sec)
Records: 42334  Duplicates: 0  Warnings: 0

+--------------+
| clientreport |
+--------------+
|        42334 |
+--------------+
1 row in set (0.02 sec)

Query OK, 0 rows affected (0.01 sec)

Query OK, 42334 rows affected (6.54 sec)
Records: 42334  Duplicates: 0  Warnings: 0

+----------------------+
| clientextendedreport |
+----------------------+
|                42334 |
+----------------------+
1 row in set (0.02 sec)

Query OK, 0 rows affected (0.01 sec)

Query OK, 42334 rows affected (36.66 sec)
Records: 42334  Duplicates: 0  Warnings: 0

+---------+
| allcust |
+---------+
|   42334 |
+---------+
1 row in set (0.01 sec)

Query OK, 0 rows affected, 1 warning (0.00 sec)

Query OK, 5000 rows affected (0.17 sec)
Records: 5000  Duplicates: 0  Warnings: 0

Query OK, 0 rows affected (0.01 sec)

Query OK, 6964 rows affected (0.34 sec)
Records: 6964  Duplicates: 0  Warnings: 0

Query OK, 0 rows affected, 1 warning (0.00 sec)

Query OK, 5000 rows affected (0.14 sec)
Records: 5000  Duplicates: 0  Warnings: 0

Query OK, 0 rows affected (0.01 sec)

Query OK, 7350 rows affected (0.21 sec)
Records: 7350  Duplicates: 0  Warnings: 0

mysql> mysql \. C:\workspace\cloud\code\sql\_DailyScript\currenttime.sql
+---------------------+
| currenttime         |
+---------------------+
| 2019-06-21 10:16:55 |
+---------------------+
1 row in set (0.00 sec)

mysql> 
mysql> mysql \. C:\workspace\cloud\code\sql\_DailyScript\REVENUE_PER_NODE_MXK.sql
Query OK, 0 rows affected (0.01 sec)

Query OK, 0 rows affected (0.01 sec)

Query OK, 0 rows affected (0.00 sec)

Query OK, 5048 rows affected (0.43 sec)
Records: 5048  Duplicates: 0  Warnings: 0

+----------------------+
| message              |
+----------------------+
| created temp table a |
+----------------------+
1 row in set (0.00 sec)

Query OK, 3224 rows affected (0.72 sec)
Records: 3224  Duplicates: 0  Warnings: 0

+----------------------+
| message              |
+----------------------+
| created temp table b |
+----------------------+
1 row in set (0.00 sec)

Query OK, 0 rows affected, 1 warning (0.00 sec)

Query OK, 5187 rows affected (6.31 sec)
Records: 5187  Duplicates: 0  Warnings: 0

+--------------------------------+
| message                        |
+--------------------------------+
| created rcbill_my.tempcustmxk1 |
+--------------------------------+
1 row in set (0.00 sec)

Query OK, 0 rows affected (0.01 sec)

Query OK, 0 rows affected (0.00 sec)

Query OK, 0 rows affected, 1 warning (0.00 sec)

Query OK, 5048 rows affected (0.20 sec)
Records: 5048  Duplicates: 0  Warnings: 0

+----------------+
| message        |
+----------------+
| created temp a |
+----------------+
1 row in set (0.00 sec)

Query OK, 3224 rows affected (0.31 sec)
Records: 3224  Duplicates: 0  Warnings: 0

+----------------+
| message        |
+----------------+
| created temp b |
+----------------+
1 row in set (0.00 sec)

Query OK, 0 rows affected, 1 warning (0.00 sec)

Query OK, 3314 rows affected (4.08 sec)
Records: 3314  Duplicates: 0  Warnings: 0

+--------------------------------+
| message                        |
+--------------------------------+
| created rcbill_my.tempcustmxk2 |
+--------------------------------+
1 row in set (0.00 sec)

Query OK, 0 rows affected (0.01 sec)

Query OK, 0 rows affected (0.00 sec)

Query OK, 0 rows affected, 1 warning (0.00 sec)

Query OK, 0 rows affected (0.00 sec)

Query OK, 5436 rows affected (0.28 sec)
Records: 5436  Duplicates: 0  Warnings: 0

+---------------------------------+
| message                         |
+---------------------------------+
| created rcbill_my.customers_mxk |
+---------------------------------+
1 row in set (0.00 sec)

Query OK, 0 rows affected (0.00 sec)

Query OK, 0 rows affected (0.00 sec)

Query OK, 19529 rows affected (0.39 sec)
Records: 19529  Duplicates: 0  Warnings: 0

+----------------+
| message        |
+----------------+
| created temp a |
+----------------+
1 row in set (0.00 sec)

Query OK, 21440 rows affected (2.83 sec)
Records: 21440  Duplicates: 0  Warnings: 0

+----------------+
| message        |
+----------------+
| created temp c |
+----------------+
1 row in set (0.00 sec)

Query OK, 0 rows affected, 1 warning (0.00 sec)

Query OK, 34606 rows affected (0.42 sec)
Records: 34606  Duplicates: 0  Warnings: 0

+---------------------------------+
| message                         |
+---------------------------------+
| created rcbill_my.tempcustcmts1 |
+---------------------------------+
1 row in set (0.00 sec)

Query OK, 0 rows affected (0.00 sec)

Query OK, 0 rows affected, 1 warning (0.00 sec)

Query OK, 0 rows affected (0.01 sec)

Query OK, 19529 rows affected (0.35 sec)
Records: 19529  Duplicates: 0  Warnings: 0

+----------------+
| message        |
+----------------+
| created temp a |
+----------------+
1 row in set (0.00 sec)

Query OK, 21440 rows affected (1.08 sec)
Records: 21440  Duplicates: 0  Warnings: 0

+----------------+
| message        |
+----------------+
| created temp c |
+----------------+
1 row in set (0.01 sec)

Query OK, 0 rows affected, 1 warning (0.00 sec)

Query OK, 22691 rows affected (0.32 sec)
Records: 22691  Duplicates: 0  Warnings: 0

+---------------------------------+
| message                         |
+---------------------------------+
| created rcbill_my.tempcustcmts2 |
+---------------------------------+
1 row in set (0.00 sec)

Query OK, 0 rows affected (0.01 sec)

Query OK, 0 rows affected, 1 warning (0.00 sec)

Query OK, 0 rows affected (0.01 sec)

Query OK, 0 rows affected (0.01 sec)

Query OK, 19573 rows affected (1.31 sec)
Records: 19573  Duplicates: 0  Warnings: 0

+----------------------------------+
| message                          |
+----------------------------------+
| created rcbill_my.customers_cmts |
+----------------------------------+
1 row in set (0.00 sec)

Query OK, 0 rows affected (0.01 sec)

Query OK, 0 rows affected (0.00 sec)

Query OK, 0 rows affected (0.01 sec)

Query OK, 25009 rows affected (1.19 sec)
Records: 25009  Duplicates: 0  Warnings: 0

+--------------------------------------+
| message                              |
+--------------------------------------+
| created rcbill_my.customers_cmts_mxk |
+--------------------------------------+
1 row in set (0.00 sec)

Query OK, 437787 rows affected (23.80 sec)
Records: 437787  Duplicates: 0  Warnings: 0

+----------------+
| message        |
+----------------+
| created temp a |
+----------------+
1 row in set (0.00 sec)

Query OK, 0 rows affected (0.03 sec)

Query OK, 439209 rows affected (13.10 sec)
Records: 439209  Duplicates: 0  Warnings: 0

+------------------------------------------------+
| message                                        |
+------------------------------------------------+
| created rcbill_my.customers_contracts_cmts_mxk |
+------------------------------------------------+
1 row in set (0.00 sec)

Query OK, 0 rows affected (0.01 sec)

Query OK, 0 rows affected, 1 warning (0.00 sec)

Query OK, 0 rows affected, 1 warning (0.00 sec)

Query OK, 0 rows affected (0.00 sec)

Query OK, 6819 rows affected (2.89 sec)
Rows matched: 6819  Changed: 6819  Warnings: 0

+------------------------------------------------+
| message                                        |
+------------------------------------------------+
| updated rcbill_my.customers_contracts_cmts_mxk |
+------------------------------------------------+
1 row in set (0.00 sec)

Query OK, 0 rows affected (0.03 sec)

Query OK, 1640575 rows affected (4 min 30.06 sec)
Records: 1640575  Duplicates: 0  Warnings: 0

+----------------------------------------+
| message                                |
+----------------------------------------+
| created rcbill_my.customers_collection |
+----------------------------------------+
1 row in set (0.00 sec)

Query OK, 0 rows affected (0.03 sec)

Query OK, 1894275 rows affected (1 min 49.79 sec)
Records: 1894275  Duplicates: 0  Warnings: 0

+------------------------------------------------+
| message                                        |
+------------------------------------------------+
| created rcbill_my.customers_cmts_mxk_cont_coll |
+------------------------------------------------+
1 row in set (0.00 sec)

Query OK, 0 rows affected (0.01 sec)

Query OK, 37019 rows affected (7.81 sec)
Records: 37019  Duplicates: 0  Warnings: 0

+------------------------------------------------------------+
| message                                                    |
+------------------------------------------------------------+
| created rcbill_my.customers_contracts_collection_pivot2019 |
+------------------------------------------------------------+
1 row in set (0.00 sec)

Query OK, 0 rows affected (0.01 sec)

Query OK, 19126 rows affected (6.33 sec)
Records: 19126  Duplicates: 0  Warnings: 0

+--------------------------------------------------+
| message                                          |
+--------------------------------------------------+
| created rcbill_my.customers_collection_pivot2019 |
+--------------------------------------------------+
1 row in set (0.00 sec)

Query OK, 0 rows affected (0.01 sec)

Query OK, 42334 rows affected (1.39 sec)
Records: 42334  Duplicates: 0  Warnings: 0

+------------------------------------------------+
| message                                        |
+------------------------------------------------+
| created rcbill_my.rep_customers_collection2019 |
+------------------------------------------------+
1 row in set (0.00 sec)

Query OK, 0 rows affected (0.00 sec)

Query OK, 0 rows affected, 1 warning (0.00 sec)

Query OK, 409191 rows affected (22.75 sec)
Records: 409191  Duplicates: 0  Warnings: 0

+-------------------------+
| message                 |
+-------------------------+
| created rcbill_my.tempa |
+-------------------------+
1 row in set (0.00 sec)

Query OK, 0 rows affected, 1 warning (0.00 sec)

Query OK, 86354 rows affected (11.09 sec)
Records: 86354  Duplicates: 0  Warnings: 0

+-------------------------+
| message                 |
+-------------------------+
| created rcbill_my.tempb |
+-------------------------+
1 row in set (0.00 sec)

Query OK, 409191 rows affected (8.64 sec)
Records: 409191  Duplicates: 0  Warnings: 0

+-----------+
| message   |
+-----------+
| created a |
+-----------+
1 row in set (0.00 sec)

Query OK, 86451 rows affected (6.05 sec)
Records: 86451  Duplicates: 0  Warnings: 0

+-----------+
| message   |
+-----------+
| created b |
+-----------+
1 row in set (0.00 sec)

Query OK, 0 rows affected (0.10 sec)

Query OK, 0 rows affected (0.01 sec)

Query OK, 0 rows affected (0.02 sec)

Query OK, 411947 rows affected (30.64 sec)
Records: 411947  Duplicates: 0  Warnings: 0

+----------------------------------------------+
| message                                      |
+----------------------------------------------+
| created rcbill_my.cust_cont_payment_cmts_mxk |
+----------------------------------------------+
1 row in set (0.00 sec)

Query OK, 0 rows affected (0.01 sec)

Query OK, 0 rows affected (0.00 sec)

Query OK, 0 rows affected, 1 warning (0.00 sec)

Query OK, 0 rows affected (0.01 sec)

Query OK, 42334 rows affected (12.36 sec)
Records: 42334  Duplicates: 0  Warnings: 0

+--------------------------------------------------+
| message                                          |
+--------------------------------------------------+
| created rcbill_my.rep_cust_cont_payment_cmts_mxk |
+--------------------------------------------------+
1 row in set (0.00 sec)

Query OK, 0 rows affected, 1 warning (0.00 sec)

Query OK, 0 rows affected, 1 warning (0.00 sec)

Query OK, 0 rows affected (0.01 sec)

Query OK, 38310 rows affected, 5 warnings (5.18 sec)
Records: 38310  Duplicates: 0  Warnings: 5

+----------------------+
| rep_custconsolidated |
+----------------------+
|                38310 |
+----------------------+
1 row in set (0.03 sec)

Query OK, 0 rows affected (0.00 sec)

Query OK, 0 rows affected (0.01 sec)

+----------------------------------------------+
| message                                      |
+----------------------------------------------+
| creating rcbill_my.retentioncustomeractivity |
+----------------------------------------------+
1 row in set (0.00 sec)

Query OK, 636 rows affected (0.09 sec)
Records: 636  Duplicates: 0  Warnings: 0

+---------------------------+
| retentioncustomeractivity |
+---------------------------+
|                       636 |
+---------------------------+
1 row in set (0.00 sec)

+-----------+------------------------------------+------------+-------------+-----------------+------------------+---------------------+-------------------+
| HFC_NODE  | NODENAME                           | CMTS_DATE  | INSERTED_ON | UNIQUE_ACCOUNTS | UNIQUE_CONTRACTS | UNIQUE_MAC_INRCBOSS | UNIQUE_MAC_INCMTS |
+-----------+------------------------------------+------------+-------------+-----------------+------------------+---------------------+-------------------+
| NULL      | NULL                               | NULL       | 2019-06-21  |           10570 |            11275 |               11389 |                 0 |
| C5/0/0/U0 | ANSE-BOILEAU-2                     | 2019-06-03 | 2019-06-21  |             165 |              172 |                 165 |               166 |
| C5/0/0/U1 | 500-C3-ANSE-BOILEAU                | 2019-06-03 | 2019-06-21  |             172 |              176 |                 172 |               173 |
| C5/0/1/U0 | 501-C4-LA-MISIERE-LEFT-I           | 2019-06-03 | 2019-06-21  |             199 |              208 |                 198 |               199 |
| C5/0/1/U1 | 501-C5-LA-MISIERE-RIGHT            | 2019-06-03 | 2019-06-21  |             106 |              110 |                 106 |               106 |
| C5/0/1/U2 | 501-C7-LA-MISIERE-LEFT-II          | 2019-06-03 | 2019-06-21  |              99 |              103 |                  99 |                99 |
| C5/0/2/U0 | 502-C8-LA-LOUISE                   | 2019-06-03 | 2019-06-21  |             145 |              146 |                 145 |               145 |
| C5/0/2/U1 | LA-LOUISE-2                        | 2019-06-03 | 2019-06-21  |             147 |              152 |                 147 |               149 |
| C5/0/3/U0 | 504-C6-PETIT-PARIS                 | 2019-06-03 | 2019-06-21  |             161 |              164 |                 161 |               161 |
| C5/0/3/U1 | PETIT-PARIS-23                     | 2019-06-03 | 2019-06-21  |              80 |               83 |                  80 |                81 |
| C5/0/4/U0 | FOUR-SEASONS                       | 2019-06-03 | 2019-06-21  |               6 |               19 |                  19 |                19 |
| C5/0/4/U1 | ANCHOR-CAFE-I                      | 2019-06-03 | 2019-06-21  |             142 |              146 |                 142 |               142 |
| C5/0/4/U2 | ANCHOR-CAFE-II                     | 2019-06-03 | 2019-06-21  |             147 |              150 |                 147 |               149 |
| C5/1/0/U0 | POINTE-LARUE-AIRPORT-23            | 2019-06-03 | 2019-06-21  |             104 |              113 |                 105 |               108 |
| C5/1/0/U1 | PPROVIDENCE-23                     | 2019-06-03 | 2019-06-21  |              29 |               33 |                  30 |                30 |
| C5/1/0/U2 | ROSHE-CAIMAN-23                    | 2019-06-03 | 2019-06-21  |              12 |               13 |                  12 |                12 |
| C5/1/0/U3 | HEAD-OFFICE | HO-23                | 2019-06-03 | 2019-06-21  |              26 |               27 |                  28 |                28 |
| C5/1/1/U1 | C5-UNION-VALE                      | 2019-06-03 | 2019-06-21  |             197 |              204 |                 196 |               197 |
| C5/1/3/U0 | POINTE-LARUE-AIRPORT-27            | 2019-06-03 | 2019-06-21  |             131 |              134 |                 131 |               131 |
| C5/1/3/U1 | PPROVIDENCE-27                     | 2019-06-03 | 2019-06-21  |              36 |               37 |                  36 |                36 |
| C5/1/3/U2 | ROSHE-CAIMAN-27                    | 2019-06-03 | 2019-06-21  |              22 |               22 |                  22 |                22 |
| C5/1/3/U3 | HEAD-OFFICE | HO-27                | 2019-06-03 | 2019-06-21  |              21 |               22 |                  21 |                22 |
| C5/1/4/U0 | ANSE-ROYALE-27                     | 2019-06-03 | 2019-06-21  |             179 |              187 |                 180 |               182 |
| C5/1/4/U1 | GLACIS-2-57                        | 2019-06-03 | 2019-06-21  |             125 |              133 |                 125 |               126 |
| C5/1/4/U3 | GLACIS-1                           | 2019-06-03 | 2019-06-21  |              68 |               70 |                  68 |                69 |
| C6/0/1/U0 | SERRET-ROAD-RIGHT/CURIO/PASCAL     | 2019-06-03 | 2019-06-21  |             121 |              122 |                 121 |               122 |
| C6/0/1/U1 | SERRET-ROAD-LEFT/ST.LOUIS/TOWN     | 2019-06-03 | 2019-06-21  |             107 |              114 |                 107 |               107 |
| C6/0/1/U2 | SERRET-ROAD-RIGHT/CURIO/PASCAL-2   | 2019-06-03 | 2019-06-21  |             126 |              132 |                 126 |               127 |
| C6/0/1/U3 | SERRET-ROAD-LEFT/ST.LOUIS/TOWN-2   | 2019-06-03 | 2019-06-21  |             189 |              196 |                 189 |               189 |
| C6/0/2/U0 | SANS-SOUCIS-I                      | 2019-06-03 | 2019-06-21  |             119 |              123 |                 119 |               119 |
| C6/0/2/U1 | SANS-SOUCIS-II                     | 2019-06-03 | 2019-06-21  |             117 |              122 |                 116 |               116 |
| C6/0/2/U2 | BEL-AIR-27                         | 2019-06-03 | 2019-06-21  |             118 |              124 |                 118 |               119 |
| C6/0/2/U3 | BEL-AIR-38                         | 2019-06-03 | 2019-06-21  |              90 |               93 |                  90 |                91 |
| C6/0/3/U0 | LES-MAMELLES-23                    | 2019-06-03 | 2019-06-21  |              61 |               61 |                  61 |                62 |
| C6/0/3/U1 | VICTORIA-23                        | 2019-06-03 | 2019-06-21  |              23 |               25 |                  23 |                24 |
| C6/0/4/U0 | LES-MAMELLES-27                    | 2019-06-03 | 2019-06-21  |              96 |               97 |                  96 |                96 |
| C6/0/4/U1 | VICTORIA-27                        | 2019-06-03 | 2019-06-21  |              29 |               35 |                  32 |                33 |
| C7/1/0/U0 | LA-RETRAITE-23                     | 2019-06-03 | 2019-06-21  |              96 |               99 |                  96 |                96 |
| C7/1/0/U1 | TEA-FACTORY-23                     | 2019-06-03 | 2019-06-21  |              19 |               22 |                  19 |                19 |
| C7/1/0/U2 | PAS-23                             | 2019-06-03 | 2019-06-21  |              90 |               96 |                  90 |                90 |
| C7/1/1/U0 | REEF-ESTATE-23                     | 2019-06-03 | 2019-06-21  |              92 |               94 |                  93 |                93 |
| C7/1/1/U1 | BEL-OMBRE-NEW-23                   | 2019-06-03 | 2019-06-21  |              30 |               31 |                  32 |                33 |
| C7/1/2/U0 | LA-RETRAITE-27                     | 2019-06-03 | 2019-06-21  |             138 |              147 |                 138 |               138 |
| C7/1/2/U1 | TEA-FACTORY-27                     | 2019-06-03 | 2019-06-21  |              29 |               34 |                  32 |                32 |
| C7/1/2/U2 | PAS-27                             | 2019-06-03 | 2019-06-21  |             118 |              122 |                 118 |               118 |
| C7/1/3/U0 | MT-BUXTON-27                       | 2019-06-03 | 2019-06-21  |             161 |              165 |                 161 |               162 |
| C7/1/3/U1 | MT-BUXTON-23                       | 2019-06-03 | 2019-06-21  |              62 |               64 |                  61 |                62 |
| C7/1/4/U0 | REEF-ESTATE-27                     | 2019-06-03 | 2019-06-21  |              66 |               67 |                  66 |                66 |
| C7/1/4/U1 | BEL-OMBRE-NEW-27                   | 2019-06-03 | 2019-06-21  |              15 |               17 |                  16 |                16 |
| C8/0/0/U0 | POLICE-ACADEMY-1-27 - POINTE LARUE | 2019-06-03 | 2019-06-21  |             193 |              199 |                 193 |               194 |
| C8/0/0/U1 | NULL                               | 2019-06-03 | 2019-06-21  |             107 |              110 |                 107 |               109 |
| C8/0/1/U0 | NULL                               | 2019-06-03 | 2019-06-21  |             167 |              170 |                 167 |               168 |
| C8/0/1/U1 | POLICE-ACADEMY-2-27 - TURTLE BAY   | 2019-06-03 | 2019-06-21  |             152 |              158 |                 153 |               154 |
| C8/0/2/U0 | BEAU-VALLON-LEFT-1-57              | 2019-06-03 | 2019-06-21  |              98 |              103 |                  97 |                97 |
| C8/0/3/U1 | BEAU-VALLON-RIGHT-2-57             | 2019-06-03 | 2019-06-21  |             192 |              201 |                 192 |               193 |
| C8/1/0/U0 | MA-JOIE-NODE-27                    | 2019-06-03 | 2019-06-21  |             158 |              165 |                 158 |               160 |
| C8/1/0/U1 | BELONIE-27                         | 2019-06-03 | 2019-06-21  |             141 |              145 |                 139 |               140 |
| C8/1/0/U3 | MA-JOIE-NODE-23                    | 2019-06-03 | 2019-06-21  |              80 |               80 |                  80 |                80 |
| C8/1/1/U0 | 611-C1-ROJN I                      | 2019-06-03 | 2019-06-21  |             161 |              168 |                 161 |               164 |
| C8/1/1/U1 | 611-C5-ROJN II                     | 2019-06-03 | 2019-06-21  |              81 |               84 |                  81 |                81 |
| C8/1/2/U0 | 612-C2-ANSE-ETOILE                 | 2019-06-03 | 2019-06-21  |             204 |              215 |                 202 |               202 |
| C8/1/2/U1 | ANSE-ETOILE-U2                     | 2019-06-03 | 2019-06-21  |              85 |               85 |                  85 |                85 |
| C8/1/3/U0 | 613-C3-ANSE-GAULETTE I             | 2019-06-03 | 2019-06-21  |              71 |               79 |                  71 |                71 |
| C8/1/3/U1 | 613-C7-ANSE-GAULETTE II            | 2019-06-03 | 2019-06-21  |              65 |               70 |                  65 |                67 |
| C8/1/3/U2 | 613-C3-ANSE-GAULETTE III           | 2019-06-03 | 2019-06-21  |              33 |               35 |                  33 |                34 |
| C8/1/3/U3 | TAKAMAKA I                         | 2019-06-03 | 2019-06-21  |              95 |               98 |                  95 |                95 |
| C8/1/3/U4 | TAKAMAKA II                        | 2019-06-03 | 2019-06-21  |             105 |              106 |                 105 |               105 |
| C8/1/4/U0 | 614-BEOLIERE-NODE-1                | 2019-06-03 | 2019-06-21  |              86 |               90 |                  86 |                87 |
| C8/1/4/U1 | 614-BEOLIERE-NODE-2                | 2019-06-03 | 2019-06-21  |             137 |              144 |                 137 |               138 |
+-----------+------------------------------------+------------+-------------+-----------------+------------------+---------------------+-------------------+
69 rows in set (0.34 sec)

+------------------+------------+-------------+-----------------+------------------+----------------------+-------------------+
| MXK_NAME         | MXK_DATE   | INSERTED_ON | UNIQUE_ACCOUNTS | UNIQUE_CONTRACTS | UNIQUE_FSAN_INRCBOSS | UNIQUE_FSAN_INMXK |
+------------------+------------+-------------+-----------------+------------------+----------------------+-------------------+
| NULL             | NULL       | 2019-06-21  |            2036 |             2104 |                 2088 |                 0 |
| MXK-ANSEETOILE   | 2019-06-03 | 2019-06-21  |              84 |               85 |                   85 |                90 |
| MXK-ANSEROYALE   | 2019-06-03 | 2019-06-21  |             126 |              127 |                  127 |               141 |
| MXK-BEAUVALLON   | 2019-06-03 | 2019-06-21  |             973 |              986 |                  979 |              1016 |
| MXK-MAHE         | 2019-06-03 | 2019-06-21  |             839 |              867 |                  808 |               938 |
| MXK-PERSEVERANCE | 2019-06-03 | 2019-06-21  |             904 |              917 |                  910 |               946 |
+------------------+------------+-------------+-----------------+------------------+----------------------+-------------------+
6 rows in set (0.06 sec)

mysql> mysql \. C:\workspace\cloud\code\sql\_DailyScript\currenttime.sql
+---------------------+
| currenttime         |
+---------------------+
| 2019-06-21 10:26:08 |
+---------------------+
1 row in set (0.00 sec)

mysql> 
mysql> mysql \. C:\workspace\cloud\code\sql\Analysis\service_tickets_assignments.sql
Query OK, 0 rows affected (0.01 sec)

Query OK, 44972 rows affected (10.04 sec)
Records: 44972  Duplicates: 0  Warnings: 0

+-------------------------+
| rep_servicetickets_2019 |
+-------------------------+
|                   44972 |
+-------------------------+
1 row in set (0.05 sec)

mysql> mysql \. C:\workspace\cloud\code\sql\_DailyScript\currenttime.sql
+---------------------+
| currenttime         |
+---------------------+
| 2019-06-21 10:26:18 |
+---------------------+
1 row in set (0.00 sec)

mysql> 
mysql> 
mysql> 
mysql> 
mysql> exit
