    -> 
    -> mysql \. C:\workspace\cloud\code\sql\_DailyScript\_setdates.sql
Query OK, 0 rows affected (0.01 sec)

Query OK, 0 rows affected (1.80 sec)

Database changed
Query OK, 0 rows affected (0.00 sec)

Query OK, 0 rows affected (0.00 sec)

Query OK, 0 rows affected (0.00 sec)

Query OK, 0 rows affected (0.00 sec)

Query OK, 0 rows affected (0.00 sec)

Query OK, 0 rows affected (0.00 sec)

Query OK, 0 rows affected (0.00 sec)

Query OK, 0 rows affected (0.00 sec)

Query OK, 0 rows affected (0.00 sec)

Query OK, 0 rows affected (0.00 sec)

Query OK, 0 rows affected (0.00 sec)

Query OK, 0 rows affected (0.00 sec)

Query OK, 0 rows affected (0.00 sec)

Query OK, 0 rows affected (0.00 sec)

Query OK, 0 rows affected (0.00 sec)

Query OK, 0 rows affected (0.00 sec)

Query OK, 0 rows affected (0.00 sec)

Query OK, 0 rows affected (0.00 sec)

Query OK, 0 rows affected (0.00 sec)

Query OK, 0 rows affected (0.00 sec)

Query OK, 0 rows affected (0.00 sec)

Query OK, 0 rows affected (0.00 sec)

mysql> mysql \. C:\workspace\cloud\code\sql\_DailyScript\currenttime.sql
+---------------------+
| currenttime         |
+---------------------+
| 2022-01-10 14:19:11 |
+---------------------+
1 row in set (0.00 sec)

mysql> 
mysql> mysql \. C:\workspace\cloud\code\sql\_DailyScript\load_RCB_VODTITLES.sql
Database changed
Query OK, 0 rows affected (0.00 sec)

Query OK, 17280 rows affected (0.21 sec)

Query OK, 17282 rows affected, 17282 warnings (0.50 sec)
Records: 17282  Deleted: 0  Skipped: 0  Warnings: 17282

Query OK, 0 rows affected (0.00 sec)

Query OK, 2 rows affected (0.02 sec)

+-----------+
| VODTITLES |
+-----------+
|     17740 |
+-----------+
1 row in set (0.01 sec)

+-----------+-----------+
| titletype | typecount |
+-----------+-----------+
| E         |     14753 |
| N         |       245 |
| T         |      2282 |
| NULL      |     17280 |
+-----------+-----------+
4 rows in set (0.07 sec)

mysql> mysql \. C:\workspace\cloud\code\sql\_DailyScript\currenttime.sql
+---------------------+
| currenttime         |
+---------------------+
| 2022-01-10 14:19:12 |
+---------------------+
1 row in set (0.00 sec)

mysql> 
mysql> 
mysql> 
mysql> 
mysql> 
mysql> 
mysql> 
mysql> 
mysql> 
mysql> 
mysql> 
mysql> 
mysql> 
mysql> 
mysql> 
mysql> 
mysql> 
mysql> 
mysql> 
mysql> 
mysql> 
mysql> 
mysql> 
mysql> 
mysql> 
mysql> 
mysql> 
mysql> 
mysql> 
mysql> 
mysql> 
mysql> 
mysql> 
mysql> 
mysql> 
mysql> 
mysql> 
mysql> mysql \. C:\workspace\cloud\code\sql\_DailyScript\load_DailyCalls.sql
Database changed
Query OK, 409 rows affected (0.12 sec)
Records: 409  Deleted: 0  Skipped: 0  Warnings: 0

Query OK, 0 rows affected, 1 warning (0.00 sec)

Query OK, 409 rows affected (0.03 sec)
Records: 409  Duplicates: 0  Warnings: 0

Query OK, 0 rows affected, 1 warning (0.00 sec)

Query OK, 94032 rows affected (0.45 sec)
Records: 94032  Duplicates: 0  Warnings: 0

+----------------------+
| callingclientsbefore |
+----------------------+
|              1353989 |
+----------------------+
1 row in set (0.68 sec)

Query OK, 612 rows affected (10.96 sec)
Records: 612  Duplicates: 0  Warnings: 0

+---------------------+
| callingclientsafter |
+---------------------+
|             1354601 |
+---------------------+
1 row in set (0.36 sec)

Query OK, 0 rows affected (0.01 sec)

Query OK, 289 rows affected (5.11 sec)
Records: 289  Duplicates: 0  Warnings: 0

Query OK, 0 rows affected (0.01 sec)

Query OK, 26106 rows affected (4.54 sec)
Records: 26106  Duplicates: 0  Warnings: 0

+-----------+
| callstats |
+-----------+
|     26106 |
+-----------+
1 row in set (0.01 sec)

Query OK, 0 rows affected, 1 warning (0.00 sec)

Query OK, 612 rows affected (3.45 sec)
Records: 612  Duplicates: 0  Warnings: 0

+------------------------+
| rep_cccallreportbefore |
+------------------------+
|                1354282 |
+------------------------+
1 row in set (0.35 sec)

Query OK, 612 rows affected (0.16 sec)
Records: 612  Duplicates: 0  Warnings: 0

+-----------------------+
| rep_cccallreportafter |
+-----------------------+
|               1354894 |
+-----------------------+
1 row in set (0.36 sec)

Query OK, 0 rows affected (0.01 sec)

mysql> mysql \. C:\workspace\cloud\code\sql\_DailyScript\currenttime.sql
+---------------------+
| currenttime         |
+---------------------+
| 2022-01-10 14:19:38 |
+---------------------+
1 row in set (0.00 sec)

mysql> 
mysql> mysql \. C:\workspace\cloud\code\sql\_DailyScript\DAILY-SCRIPT-USAGE.sql
Database changed
Query OK, 0 rows affected (0.00 sec)

Query OK, 3932 rows affected, 11411 warnings (0.76 sec)
Records: 3932  Deleted: 0  Skipped: 0  Warnings: 11411

Query OK, 0 rows affected (0.00 sec)

Query OK, 6281 rows affected, 18126 warnings (0.79 sec)
Records: 6281  Deleted: 0  Skipped: 0  Warnings: 18126

Query OK, 0 rows affected (0.00 sec)

Query OK, 332 rows affected, 1173 warnings (0.08 sec)
Records: 332  Deleted: 0  Skipped: 0  Warnings: 1173

Query OK, 0 rows affected (0.00 sec)

Query OK, 176 rows affected, 607 warnings (0.06 sec)
Records: 176  Deleted: 0  Skipped: 0  Warnings: 607

+------------+
| dailyusage |
+------------+
|   20236645 |
+------------+
1 row in set (8.21 sec)

+------------+------------+------------+---------+
| datestart  | dateend    | insertedon | records |
+------------+------------+------------+---------+
| 2022-01-08 | 2022-01-08 | 2022-01-10 |   10721 |
| 2022-01-07 | 2022-01-07 | 2022-01-10 |   10727 |
| 2022-01-06 | 2022-01-06 | 2022-01-07 |   10708 |
| 2022-01-05 | 2022-01-05 | 2022-01-06 |   11040 |
| 2022-01-04 | 2022-01-04 | 2022-01-05 |   10912 |
+------------+------------+------------+---------+
5 rows in set (24.92 sec)

+----------+------------+------------+------------+---------+
| category | datestart  | dateend    | insertedon | records |
+----------+------------+------------+------------+---------+
| UNCAPPED | 2022-01-08 | 2022-01-08 | 2022-01-10 |    6281 |
| PREPAID  | 2022-01-08 | 2022-01-08 | 2022-01-10 |     332 |
| HOTSPOT  | 2022-01-08 | 2022-01-08 | 2022-01-10 |     176 |
| CAPPED   | 2022-01-08 | 2022-01-08 | 2022-01-10 |    3932 |
| UNCAPPED | 2022-01-07 | 2022-01-07 | 2022-01-10 |    6274 |
| PREPAID  | 2022-01-07 | 2022-01-07 | 2022-01-10 |     324 |
| HOTSPOT  | 2022-01-07 | 2022-01-07 | 2022-01-10 |     184 |
| CAPPED   | 2022-01-07 | 2022-01-07 | 2022-01-10 |    3945 |
| UNCAPPED | 2022-01-06 | 2022-01-06 | 2022-01-07 |    6229 |
| PREPAID  | 2022-01-06 | 2022-01-06 | 2022-01-07 |     344 |
| HOTSPOT  | 2022-01-06 | 2022-01-06 | 2022-01-07 |     179 |
| CAPPED   | 2022-01-06 | 2022-01-06 | 2022-01-07 |    3956 |
| UNCAPPED | 2022-01-05 | 2022-01-05 | 2022-01-06 |    6558 |
| PREPAID  | 2022-01-05 | 2022-01-05 | 2022-01-06 |     325 |
| HOTSPOT  | 2022-01-05 | 2022-01-05 | 2022-01-06 |     189 |
| CAPPED   | 2022-01-05 | 2022-01-05 | 2022-01-06 |    3968 |
| UNCAPPED | 2022-01-04 | 2022-01-04 | 2022-01-05 |    6395 |
| PREPAID  | 2022-01-04 | 2022-01-04 | 2022-01-05 |     343 |
| HOTSPOT  | 2022-01-04 | 2022-01-04 | 2022-01-05 |     189 |
| CAPPED   | 2022-01-04 | 2022-01-04 | 2022-01-05 |    3985 |
+----------+------------+------------+------------+---------+
20 rows in set (31.66 sec)

mysql> mysql \. C:\workspace\cloud\code\sql\_DailyScript\currenttime.sql
+---------------------+
| currenttime         |
+---------------------+
| 2022-01-10 14:20:45 |
+---------------------+
1 row in set (0.00 sec)

mysql> 
mysql> mysql \. C:\workspace\cloud\code\sql\_DailyScript\DAILY-SCRIPT-SALES-TELEMETRY.sql
Database changed
Query OK, 49 rows affected, 33 warnings (0.03 sec)
Records: 49  Deleted: 0  Skipped: 0  Warnings: 33

+------------+
| dailysales |
+------------+
|     247123 |
+------------+
1 row in set (0.21 sec)

+------------+---------+
| orderdate  | records |
+------------+---------+
| 2022-01-08 |      49 |
| 2022-01-07 |     183 |
| 2022-01-06 |     162 |
| 2022-01-05 |     153 |
| 2022-01-04 |     216 |
| 2022-01-03 |      16 |
| 2022-01-02 |      30 |
| 2022-01-01 |      12 |
| 2021-12-31 |     147 |
| 2021-12-30 |     188 |
| 2021-12-29 |     193 |
| 2021-12-28 |     206 |
| 2021-12-27 |     280 |
| 2021-12-26 |      18 |
| 2021-12-25 |       8 |
+------------+---------+
15 rows in set (0.60 sec)

Query OK, 0 rows affected (0.02 sec)

Query OK, 247123 rows affected (22.19 sec)
Records: 247123  Duplicates: 0  Warnings: 0

+--------+
| sales  |
+--------+
| 247123 |
+--------+
1 row in set (0.07 sec)

Query OK, 0 rows affected (0.01 sec)

Query OK, 6399 rows affected (0.43 sec)
Records: 6399  Duplicates: 0  Warnings: 0

+----------------+
| rep_dailysales |
+----------------+
|           6399 |
+----------------+
1 row in set (0.00 sec)

Query OK, 0 rows affected (0.01 sec)

Query OK, 6399 rows affected (0.80 sec)
Records: 6399  Duplicates: 0  Warnings: 0

+-------------------+
| rep_dailysalesreg |
+-------------------+
|              6399 |
+-------------------+
1 row in set (0.00 sec)

Query OK, 0 rows affected (0.01 sec)

Query OK, 2436 rows affected (0.77 sec)
Records: 2436  Duplicates: 0  Warnings: 0

+-----------+
| saleslist |
+-----------+
|      2436 |
+-----------+
1 row in set (0.00 sec)

Database changed
ERROR 2 (HY000): File 'C:\ProgramData\MySQL\MySQL Server 5.7\Uploads\_csv\PrepaidCardSales-08012022-P1.csv' not found (Errcode: 2 - No such file or directory)
+------------------+
| dailysinglesales |
+------------------+
|             6659 |
+------------------+
1 row in set (0.02 sec)

Database changed
Query OK, 4 rows affected (0.05 sec)
Records: 4  Deleted: 0  Skipped: 0  Warnings: 0

+-----------------+
| dailyaddonsales |
+-----------------+
|           26402 |
+-----------------+
1 row in set (0.04 sec)

Query OK, 226 rows affected (0.08 sec)
Records: 226  Deleted: 0  Skipped: 0  Warnings: 0

+----------------+
| onlinepayments |
+----------------+
|         256165 |
+----------------+
1 row in set (0.13 sec)

+-------------+----------------+---------------------+
| paymentdate | onlinepayments | onlinepaymentamount |
+-------------+----------------+---------------------+
| 2022-01-08  |            226 |        151909.40000 |
| 2022-01-07  |            240 |        159818.04000 |
| 2022-01-06  |            318 |        192596.89000 |
| 2022-01-05  |            221 |        147329.60000 |
| 2022-01-04  |            351 |        238885.54000 |
+-------------+----------------+---------------------+
5 rows in set (0.93 sec)

+-------------+--------------+----------------+---------------------+
| paymentyear | paymentmonth | onlinepayments | onlinepaymentamount |
+-------------+--------------+----------------+---------------------+
|        2022 |            1 |           2399 |       1628322.39000 |
|        2022 |         NULL |           2399 |       1628322.39000 |
|        2021 |           12 |           8988 |       5882874.20000 |
|        2021 |           11 |           8553 |       5661260.44000 |
|        2021 |           10 |           8715 |       5741511.04000 |
+-------------+--------------+----------------+---------------------+
5 rows in set (0.27 sec)

mysql> mysql \. C:\workspace\cloud\code\sql\_DailyScript\currenttime.sql
+---------------------+
| currenttime         |
+---------------------+
| 2022-01-10 14:21:12 |
+---------------------+
1 row in set (0.00 sec)

mysql> 
mysql> mysql \. C:\workspace\cloud\code\sql\_DailyScript\DAILY-SCRIPT-ACTIVENUMBERS.sql
Database changed
Query OK, 1081 rows affected (0.48 sec)
Records: 1081  Deleted: 0  Skipped: 0  Warnings: 0

+------------+----------+
| period     | count(1) |
+------------+----------+
| 2022-01-08 |     1081 |
| 2022-01-07 |     1083 |
| 2022-01-06 |     1085 |
| 2022-01-05 |     1084 |
| 2022-01-04 |     1082 |
+------------+----------+
5 rows in set (0.01 sec)

Query OK, 0 rows affected (0.01 sec)

Query OK, 75 rows affected (1.41 sec)
Records: 75  Duplicates: 0  Warnings: 0

+-------------+
| packagelist |
+-------------+
|          75 |
+-------------+
1 row in set (0.00 sec)

Database changed
Query OK, 0 rows affected (0.00 sec)

Query OK, 0 rows affected (0.00 sec)

Query OK, 0 rows affected (0.00 sec)

Query OK, 0 rows affected (0.00 sec)

Query OK, 28862 rows affected, 192 warnings (13.33 sec)
Records: 28862  Deleted: 0  Skipped: 0  Warnings: 192

+------------+----------+
| period     | count(1) |
+------------+----------+
| 2022-01-08 |    28862 |
| 2022-01-07 |    28870 |
| 2022-01-06 |    28877 |
| 2022-01-05 |    28828 |
| 2022-01-04 |    28715 |
+------------+----------+
5 rows in set (0.13 sec)

Query OK, 0 rows affected (0.06 sec)

Query OK, 28302 rows affected (56.07 sec)
Records: 28302  Duplicates: 0  Warnings: 0

Query OK, 0 rows affected (0.12 sec)
Records: 0  Duplicates: 0  Warnings: 0

Query OK, 0 rows affected (0.12 sec)
Records: 0  Duplicates: 0  Warnings: 0

Query OK, 0 rows affected (0.11 sec)
Records: 0  Duplicates: 0  Warnings: 0

Query OK, 0 rows affected (0.09 sec)
Records: 0  Duplicates: 0  Warnings: 0

Query OK, 0 rows affected (0.08 sec)
Records: 0  Duplicates: 0  Warnings: 0

Query OK, 0 rows affected (0.08 sec)
Records: 0  Duplicates: 0  Warnings: 0

+-------------+
| countbefore |
+-------------+
|    52587066 |
+-------------+
1 row in set (17.72 sec)

Query OK, 28302 rows affected (3.07 sec)
Records: 28302  Duplicates: 0  Warnings: 0

+------------+
| countafter |
+------------+
|   52615368 |
+------------+
1 row in set (17.74 sec)

+------------+--------------------------+
| period     | customercontractactivity |
+------------+--------------------------+
| 2022-01-08 |                    28302 |
| 2022-01-07 |                    28310 |
| 2022-01-06 |                    28317 |
| 2022-01-05 |                    28269 |
| 2022-01-04 |                    28156 |
+------------+--------------------------+
5 rows in set (0.06 sec)

Query OK, 0 rows affected (0.01 sec)

Query OK, 328587 rows affected, 4 warnings (10 min 54.42 sec)
Records: 328587  Duplicates: 0  Warnings: 4

Query OK, 0 rows affected (1.13 sec)
Records: 0  Duplicates: 0  Warnings: 0

Query OK, 0 rows affected (1.26 sec)
Records: 0  Duplicates: 0  Warnings: 0

Query OK, 0 rows affected (1.31 sec)
Records: 0  Duplicates: 0  Warnings: 0

Query OK, 0 rows affected (0.01 sec)

Query OK, 224 rows affected (0.51 sec)
Records: 224  Duplicates: 0  Warnings: 0

Query OK, 0 rows affected (0.01 sec)

Query OK, 2596 rows affected (0.69 sec)
Records: 2596  Duplicates: 0  Warnings: 0

Query OK, 0 rows affected (0.01 sec)

Query OK, 28279 rows affected (0.64 sec)
Records: 28279  Duplicates: 0  Warnings: 0

Query OK, 0 rows affected (0.01 sec)

Query OK, 16887 rows affected (0.42 sec)
Records: 16887  Duplicates: 0  Warnings: 0

Query OK, 0 rows affected (0.01 sec)

Query OK, 16887 rows affected (0.16 sec)
Records: 16887  Duplicates: 0  Warnings: 0

Query OK, 0 rows affected (0.03 sec)

Query OK, 16887 rows affected (1.28 sec)
Records: 16887  Duplicates: 0  Warnings: 0

Query OK, 0 rows affected (0.01 sec)

Query OK, 16887 rows affected (43.67 sec)
Records: 16887  Duplicates: 0  Warnings: 0

+-------------+
| clientstats |
+-------------+
|       16887 |
+-------------+
1 row in set (0.01 sec)

Query OK, 0 rows affected (0.01 sec)

Query OK, 13 rows affected, 1 warning (0.14 sec)
Records: 13  Duplicates: 0  Warnings: 1

+-----------------------+-------------+-------------+----------------+-----------------+
| services              | activecount | allaccounts | uniqueaccounts | uniquecontracts |
+-----------------------+-------------+-------------+----------------+-----------------+
| All                   |         448 |          74 |             73 |             237 |
| Internet & OTT        |           6 |           3 |              3 |               3 |
| Internet & Voice      |         301 |         131 |            131 |             257 |
| Internet Only         |        4340 |        4243 |           4240 |            4279 |
| OTT Only              |           2 |           2 |              2 |               2 |
| TV & Internet         |        9875 |        4410 |           4400 |            9001 |
| TV & Internet & OTT   |        4768 |        1249 |           1247 |            2600 |
| TV & Internet & Voice |         519 |         148 |            148 |             455 |
| TV & OTT              |         338 |          89 |             87 |             102 |
| TV & Voice            |          82 |          36 |             36 |              73 |
| TV Only               |        8156 |        6383 |           6372 |            6580 |
| Voice Only            |         120 |         119 |            119 |             120 |
| GRAND TOTAL           |       28955 |       16887 |          16808 |           23709 |
+-----------------------+-------------+-------------+----------------+-----------------+
13 rows in set (0.00 sec)

+-------------+-------------+-------------+----------------+-----------------+
| network     | activecount | allaccounts | uniqueaccounts | uniquecontracts |
+-------------+-------------+-------------+----------------+-----------------+
| GPON        |       14394 |        7058 |           7055 |           11252 |
| HFC         |       14561 |        9829 |           9829 |           12457 |
| GRAND TOTAL |       28955 |       16887 |          16808 |           23709 |
+-------------+-------------+-------------+----------------+-----------------+
3 rows in set, 1 warning (0.13 sec)

+-------------+-----------------------+-------------+-------------+----------------+-----------------+
| network     | services              | activecount | allaccounts | uniqueaccounts | uniquecontracts |
+-------------+-----------------------+-------------+-------------+----------------+-----------------+
| GPON        | All                   |         352 |          61 |             61 |             194 |
| GPON        | Internet & OTT        |           2 |           1 |              1 |               1 |
| GPON        | Internet & Voice      |          79 |          32 |             32 |              68 |
| GPON        | Internet Only         |        1711 |        1630 |           1630 |            1651 |
| GPON        | OTT Only              |           1 |           1 |              1 |               1 |
| GPON        | TV & Internet         |        5694 |        2496 |           2496 |            5124 |
| GPON        | TV & Internet & OTT   |        3830 |         994 |            994 |            2081 |
| GPON        | TV & Internet & Voice |         294 |          79 |             79 |             246 |
| GPON        | TV & OTT              |         215 |          68 |             68 |              75 |
| GPON        | TV & Voice            |          49 |          22 |             22 |              45 |
| GPON        | TV Only               |        2148 |        1656 |           1656 |            1747 |
| GPON        | Voice Only            |          19 |          18 |             18 |              19 |
| GPON        | Services Total        |       14394 |        7058 |           7055 |           11252 |
| HFC         | All                   |          96 |          13 |             13 |              43 |
| HFC         | Internet & OTT        |           4 |           2 |              2 |               2 |
| HFC         | Internet & Voice      |         222 |          99 |             99 |             189 |
| HFC         | Internet Only         |        2629 |        2613 |           2613 |            2628 |
| HFC         | OTT Only              |           1 |           1 |              1 |               1 |
| HFC         | TV & Internet         |        4181 |        1914 |           1914 |            3877 |
| HFC         | TV & Internet & OTT   |         938 |         255 |            255 |             519 |
| HFC         | TV & Internet & Voice |         225 |          69 |             69 |             209 |
| HFC         | TV & OTT              |         123 |          21 |             21 |              27 |
| HFC         | TV & Voice            |          33 |          14 |             14 |              28 |
| HFC         | TV Only               |        6008 |        4727 |           4727 |            4833 |
| HFC         | Voice Only            |         101 |         101 |            101 |             101 |
| HFC         | Services Total        |       14561 |        9829 |           9829 |           12457 |
| GRAND TOTAL | Services Total        |       28955 |       16887 |          16808 |           23709 |
+-------------+-----------------------+-------------+-------------+----------------+-----------------+
27 rows in set, 2 warnings (0.14 sec)

Query OK, 0 rows affected (0.01 sec)

Query OK, 44 rows affected, 3 warnings (0.20 sec)
Records: 44  Duplicates: 0  Warnings: 3

+-------------+---------------+-----------------------+-------------+-------------+----------------+-----------------+
| region      | network       | services              | activecount | allaccounts | uniqueaccounts | uniquecontracts |
+-------------+---------------+-----------------------+-------------+-------------+----------------+-----------------+
| Eden Island | GPON          | TV & Internet         |           2 |           1 |              1 |               2 |
| Eden Island | GPON          | Services Total        |           2 |           1 |              1 |               2 |
| Eden Island | Network Total | Services Total        |           2 |           1 |              1 |               2 |
| Mahe        | GPON          | All                   |         317 |          55 |             55 |             175 |
| Mahe        | GPON          | Internet & OTT        |           2 |           1 |              1 |               1 |
| Mahe        | GPON          | Internet & Voice      |          75 |          30 |             30 |              64 |
| Mahe        | GPON          | Internet Only         |        1455 |        1374 |           1374 |            1395 |
| Mahe        | GPON          | TV & Internet         |        4937 |        2160 |           2160 |            4431 |
| Mahe        | GPON          | TV & Internet & OTT   |        3218 |         813 |            813 |            1712 |
| Mahe        | GPON          | TV & Internet & Voice |         270 |          72 |             72 |             222 |
| Mahe        | GPON          | TV & OTT              |         191 |          57 |             57 |              63 |
| Mahe        | GPON          | TV & Voice            |          49 |          22 |             22 |              45 |
| Mahe        | GPON          | TV Only               |        1808 |        1398 |           1398 |            1473 |
| Mahe        | GPON          | Voice Only            |          17 |          16 |             16 |              17 |
| Mahe        | GPON          | Services Total        |       12339 |        5998 |           5998 |            9598 |
| Mahe        | HFC           | All                   |          96 |          13 |             13 |              43 |
| Mahe        | HFC           | Internet & OTT        |           4 |           2 |              2 |               2 |
| Mahe        | HFC           | Internet & Voice      |         222 |          99 |             99 |             189 |
| Mahe        | HFC           | Internet Only         |        2629 |        2613 |           2613 |            2628 |
| Mahe        | HFC           | OTT Only              |           1 |           1 |              1 |               1 |
| Mahe        | HFC           | TV & Internet         |        4181 |        1914 |           1914 |            3877 |
| Mahe        | HFC           | TV & Internet & OTT   |         938 |         255 |            255 |             519 |
| Mahe        | HFC           | TV & Internet & Voice |         225 |          69 |             69 |             209 |
| Mahe        | HFC           | TV & OTT              |         123 |          21 |             21 |              27 |
| Mahe        | HFC           | TV & Voice            |          33 |          14 |             14 |              28 |
| Mahe        | HFC           | TV Only               |        6007 |        4726 |           4726 |            4832 |
| Mahe        | HFC           | Voice Only            |         101 |         101 |            101 |             101 |
| Mahe        | HFC           | Services Total        |       14560 |        9828 |           9828 |           12456 |
| Mahe        | Network Total | Services Total        |       26899 |       15826 |          15750 |           22054 |
| Praslin     | GPON          | All                   |          35 |           6 |              6 |              19 |
| Praslin     | GPON          | Internet & Voice      |           4 |           2 |              2 |               4 |
| Praslin     | GPON          | Internet Only         |         256 |         256 |            256 |             256 |
| Praslin     | GPON          | OTT Only              |           1 |           1 |              1 |               1 |
| Praslin     | GPON          | TV & Internet         |         755 |         335 |            335 |             691 |
| Praslin     | GPON          | TV & Internet & OTT   |         612 |         181 |            181 |             369 |
| Praslin     | GPON          | TV & Internet & Voice |          24 |           7 |              7 |              24 |
| Praslin     | GPON          | TV & OTT              |          24 |          11 |             11 |              12 |
| Praslin     | GPON          | TV Only               |         340 |         258 |            258 |             274 |
| Praslin     | GPON          | Voice Only            |           2 |           2 |              2 |               2 |
| Praslin     | GPON          | Services Total        |        2053 |        1059 |           1059 |            1652 |
| Praslin     | HFC           | TV Only               |           1 |           1 |              1 |               1 |
| Praslin     | HFC           | Services Total        |           1 |           1 |              1 |               1 |
| Praslin     | Network Total | Services Total        |        2054 |        1060 |           1060 |            1653 |
| GRAND TOTAL | Network Total | Services Total        |       28955 |       16887 |          16808 |           23709 |
+-------------+---------------+-----------------------+-------------+-------------+----------------+-----------------+
44 rows in set (0.00 sec)

Query OK, 0 rows affected (0.01 sec)

Query OK, 28280 rows affected (0.47 sec)
Records: 28280  Duplicates: 0  Warnings: 0

Query OK, 0 rows affected (0.02 sec)

Query OK, 2359 rows affected (1.57 sec)
Records: 2359  Duplicates: 0  Warnings: 0

+--------------------------------------+
| message                              |
+--------------------------------------+
| running rcbill_my.sp_ActiveNumber2() |
+--------------------------------------+
1 row in set (0.00 sec)

Query OK, 365 rows affected (2 min 28.33 sec)

mysql> mysql \. C:\workspace\cloud\code\sql\_DailyScript\currenttime.sql
+---------------------+
| currenttime         |
+---------------------+
| 2022-01-10 14:37:19 |
+---------------------+
1 row in set (0.00 sec)

mysql> 
mysql> mysql \. C:\workspace\cloud\code\sql\_DailyScript\GetActiveNumbers Average -Pivot.sql
Database changed
+-------------------------------------+
| @today := subdate(current_date(),1) |
+-------------------------------------+
| 2022-01-09                          |
+-------------------------------------+
1 row in set (0.00 sec)

+-------------------------------------+
| @lastdayofmonth := last_day(@today) |
+-------------------------------------+
| 2022-01-31                          |
+-------------------------------------+
1 row in set (0.00 sec)

Query OK, 0 rows affected (0.01 sec)

Query OK, 53256 rows affected, 65535 warnings (1 min 8.50 sec)
Records: 53256  Duplicates: 0  Warnings: 108956

Query OK, 0 rows affected (0.12 sec)
Records: 0  Duplicates: 0  Warnings: 0

Query OK, 0 rows affected (0.17 sec)
Records: 0  Duplicates: 0  Warnings: 0

Query OK, 0 rows affected (0.13 sec)
Records: 0  Duplicates: 0  Warnings: 0

+-----------------+
| activenumberavg |
+-----------------+
|           53256 |
+-----------------+
1 row in set (0.02 sec)

Query OK, 0 rows affected (0.01 sec)

Query OK, 2008 rows affected (0.63 sec)
Records: 2008  Duplicates: 0  Warnings: 0

+---------------------+
| rep_activenumberavg |
+---------------------+
|                2008 |
+---------------------+
1 row in set (0.00 sec)

+----------------------+
| rep_activenumberavg1 |
+----------------------+
|                  933 |
+----------------------+
1 row in set (0.00 sec)

Query OK, 0 rows affected (0.00 sec)

Query OK, 2827 rows affected (0.51 sec)
Records: 2827  Duplicates: 0  Warnings: 0

Query OK, 0 rows affected (0.01 sec)

Query OK, 14657 rows affected (0.95 sec)
Records: 14657  Duplicates: 0  Warnings: 0

Query OK, 0 rows affected (0.01 sec)

Query OK, 254 rows affected (0.34 sec)
Records: 254  Duplicates: 0  Warnings: 0

Query OK, 0 rows affected (0.00 sec)

Query OK, 0 rows affected (0.01 sec)

Query OK, 0 rows affected (0.01 sec)

Query OK, 0 rows affected (0.00 sec)

Query OK, 0 rows affected (0.00 sec)
Statement prepared

Query OK, 53 rows affected (0.06 sec)
Records: 53  Duplicates: 0  Warnings: 0

Query OK, 0 rows affected (0.00 sec)

Query OK, 0 rows affected (0.00 sec)

+----------------------+
| rep_activenumberavg2 |
+----------------------+
|                 2827 |
+----------------------+
1 row in set (0.00 sec)

+------------------------+
| rep_activenumberavg_pv |
+------------------------+
|                     53 |
+------------------------+
1 row in set (0.00 sec)

Query OK, 0 rows affected (0.01 sec)

Query OK, 2824 rows affected (0.43 sec)
Records: 2824  Duplicates: 0  Warnings: 0

Query OK, 0 rows affected (0.00 sec)

Query OK, 0 rows affected (0.01 sec)

Query OK, 0 rows affected (0.01 sec)

Query OK, 0 rows affected (0.00 sec)

Query OK, 0 rows affected (0.00 sec)
Statement prepared

Query OK, 53 rows affected (0.06 sec)
Records: 53  Duplicates: 0  Warnings: 0

Query OK, 0 rows affected (0.00 sec)

Query OK, 0 rows affected (0.00 sec)

+-------------------------+
| rep_activenumberavgMahe |
+-------------------------+
|                    2824 |
+-------------------------+
1 row in set (0.00 sec)

+----------------------------+
| rep_activenumberavgMahe_pv |
+----------------------------+
|                         53 |
+----------------------------+
1 row in set (0.00 sec)

Query OK, 0 rows affected (0.00 sec)

Query OK, 1788 rows affected (0.20 sec)
Records: 1788  Duplicates: 0  Warnings: 0

Query OK, 0 rows affected (0.00 sec)

Query OK, 0 rows affected (0.01 sec)

Query OK, 0 rows affected (0.01 sec)

Query OK, 0 rows affected (0.00 sec)

Query OK, 0 rows affected (0.00 sec)
Statement prepared

Query OK, 41 rows affected (0.04 sec)
Records: 41  Duplicates: 0  Warnings: 0

Query OK, 0 rows affected (0.00 sec)

Query OK, 0 rows affected (0.00 sec)

+----------------------------+
| rep_activenumberavgPraslin |
+----------------------------+
|                       1788 |
+----------------------------+
1 row in set (0.00 sec)

+-------------------------------+
| rep_activenumberavgPraslin_pv |
+-------------------------------+
|                            41 |
+-------------------------------+
1 row in set (0.00 sec)

mysql> mysql \. C:\workspace\cloud\code\sql\_DailyScript\currenttime.sql
+---------------------+
| currenttime         |
+---------------------+
| 2022-01-10 14:38:31 |
+---------------------+
1 row in set (0.00 sec)

mysql> 
mysql> mysql \. C:\workspace\cloud\code\sql\Analysis\clients_contracts_creditpolicy_2.sql
Database changed
Query OK, 0 rows affected (0.01 sec)

Query OK, 1928061 rows affected (45.27 sec)
Records: 1928061  Duplicates: 0  Warnings: 0

Query OK, 0 rows affected (0.01 sec)

Query OK, 28302 rows affected (1.02 sec)
Records: 28302  Duplicates: 0  Warnings: 0

Query OK, 0 rows affected (0.01 sec)

Query OK, 28379 rows affected (8.86 sec)
Records: 28379  Duplicates: 0  Warnings: 0

+-------------------------+
| rep_cust_cont_creditpol |
+-------------------------+
|                   28379 |
+-------------------------+
1 row in set (0.01 sec)

mysql> mysql \. C:\workspace\cloud\code\sql\_DailyScript\currenttime.sql
+---------------------+
| currenttime         |
+---------------------+
| 2022-01-10 14:39:27 |
+---------------------+
1 row in set (0.00 sec)

mysql> 
mysql> 
mysql> 
mysql> 
mysql> 
mysql> 
mysql> 
mysql> 
mysql> 
mysql> 
mysql> 
mysql> 
mysql> 
mysql> 
mysql> 
mysql> 
mysql> 
mysql> 
mysql> 
mysql> 
mysql> 
mysql> 
mysql> 
mysql> 
mysql> 
mysql> 
mysql> 
mysql> 
mysql> 
mysql> 
mysql> 
mysql> exit
