    -> 
    -> mysql \. C:\workspace\cloud\code\sql\_DailyScript\_setdates.sql
Database changed
Query OK, 0 rows affected (0.00 sec)

Query OK, 0 rows affected (0.00 sec)

Query OK, 0 rows affected (0.00 sec)

Query OK, 0 rows affected (0.00 sec)

Query OK, 0 rows affected (0.00 sec)

Query OK, 0 rows affected (0.00 sec)

Query OK, 0 rows affected (0.00 sec)

Query OK, 0 rows affected (0.00 sec)

Query OK, 0 rows affected (0.00 sec)

Query OK, 0 rows affected (0.00 sec)

Query OK, 0 rows affected (0.00 sec)

Query OK, 0 rows affected (0.00 sec)

Query OK, 0 rows affected (0.00 sec)

Query OK, 0 rows affected (0.00 sec)

Query OK, 0 rows affected (0.00 sec)

Query OK, 0 rows affected (0.00 sec)

Query OK, 0 rows affected (0.01 sec)

Query OK, 0 rows affected (0.00 sec)

Query OK, 0 rows affected (0.00 sec)

Query OK, 0 rows affected (0.00 sec)

Query OK, 0 rows affected (0.00 sec)

mysql> mysql \. C:\workspace\cloud\code\sql\_DailyScript\currenttime.sql
+---------------------+
| currenttime         |
+---------------------+
| 2020-10-21 08:22:08 |
+---------------------+
1 row in set (0.00 sec)

mysql> 
mysql> mysql \. C:\workspace\cloud\code\sql\_DailyScript\load_RCB_VODTITLES.sql
Database changed
Query OK, 0 rows affected (0.00 sec)

Query OK, 13189 rows affected (0.17 sec)

Query OK, 13191 rows affected, 13191 warnings (0.33 sec)
Records: 13191  Deleted: 0  Skipped: 0  Warnings: 13191

Query OK, 0 rows affected (0.00 sec)

Query OK, 2 rows affected (0.01 sec)

+-----------+
| VODTITLES |
+-----------+
|     13649 |
+-----------+
1 row in set (0.01 sec)

+-----------+-----------+
| titletype | typecount |
+-----------+-----------+
| E         |     11092 |
| N         |       236 |
| T         |      1861 |
| NULL      |     13189 |
+-----------+-----------+
4 rows in set (0.04 sec)

mysql> mysql \. C:\workspace\cloud\code\sql\_DailyScript\currenttime.sql
+---------------------+
| currenttime         |
+---------------------+
| 2020-10-21 08:22:09 |
+---------------------+
1 row in set (0.00 sec)

mysql> 
mysql> mysql \. C:\workspace\cloud\code\sql\_DailyScript\DAILY-SCRIPT-LIVETV-STATS.sql
Database changed
Query OK, 0 rows affected (0.01 sec)

Query OK, 76535 rows affected (0.81 sec)
Records: 76535  Duplicates: 0  Warnings: 0

+------------+------------+----------+--------------+--------------+-----------+-------------+----------+--------+------+------------+---------+---------------+
| Table      | Non_unique | Key_name | Seq_in_index | Column_name  | Collation | Cardinality | Sub_part | Packed | Null | Index_type | Comment | Index_comment |
+------------+------------+----------+--------------+--------------+-----------+-------------+----------+--------+------+------------+---------+---------------+
| templivetv |          1 | idxtv1   |            1 | device       | A         |       76890 |     NULL | NULL   | YES  | BTREE      |         |               |
| templivetv |          1 | idxtv2   |            1 | sessionstart | A         |       76890 |     NULL | NULL   | YES  | BTREE      |         |               |
+------------+------------+----------+--------------+--------------+-----------+-------------+----------+--------+------+------------+---------+---------------+
2 rows in set (0.00 sec)

Query OK, 76568 rows affected (12.08 sec)
Records: 76568  Duplicates: 0  Warnings: 0

Query OK, 2678 rows affected (0.53 sec)
Records: 2678  Duplicates: 0  Warnings: 0

Query OK, 0 rows affected (0.00 sec)

Query OK, 0 rows affected (0.00 sec)

Query OK, 135 rows affected (0.03 sec)
Records: 135  Duplicates: 0  Warnings: 0

Query OK, 0 rows affected (0.01 sec)

Query OK, 39354 rows affected (2 min 2.63 sec)
Records: 39354  Duplicates: 0  Warnings: 0

+-----------------+
| rep_livetvstats |
+-----------------+
|           39354 |
+-----------------+
1 row in set (0.02 sec)

mysql> mysql \. C:\workspace\cloud\code\sql\_DailyScript\currenttime.sql
+---------------------+
| currenttime         |
+---------------------+
| 2020-10-21 08:24:25 |
+---------------------+
1 row in set (0.00 sec)

mysql> 
mysql> mysql \. C:\workspace\cloud\code\sql\_DailyScript\DAILY-SCRIPT-VODTS-STATS.sql
Database changed
Query OK, 0 rows affected (0.01 sec)

Query OK, 3535 rows affected (13.97 sec)
Records: 3535  Duplicates: 0  Warnings: 0

+---------+------------+----------+--------------+--------------+-----------+-------------+----------+--------+------+------------+---------+---------------+
| Table   | Non_unique | Key_name | Seq_in_index | Column_name  | Collation | Cardinality | Sub_part | Packed | Null | Index_type | Comment | Index_comment |
+---------+------------+----------+--------------+--------------+-----------+-------------+----------+--------+------+------------+---------+---------------+
| tempvod |          1 | idxtvod1 |            1 | device       | A         |        3453 |     NULL | NULL   | YES  | BTREE      |         |               |
| tempvod |          1 | idxtvod2 |            1 | sessionstart | A         |        3453 |     NULL | NULL   | YES  | BTREE      |         |               |
+---------+------------+----------+--------------+--------------+-----------+-------------+----------+--------+------+------------+---------+---------------+
2 rows in set (0.00 sec)

Query OK, 3531 rows affected (2.83 sec)
Records: 3531  Duplicates: 0  Warnings: 0

Query OK, 0 rows affected (0.02 sec)

Query OK, 845611 rows affected (1 min 6.79 sec)
Records: 845611  Duplicates: 0  Warnings: 0

+--------------+
| rep_vodstats |
+--------------+
|       845611 |
+--------------+
1 row in set (0.25 sec)

Database changed
Query OK, 0 rows affected (0.00 sec)

Query OK, 14842 rows affected (38.06 sec)
Records: 14842  Duplicates: 0  Warnings: 0

+--------+------------+----------+--------------+--------------+-----------+-------------+----------+--------+------+------------+---------+---------------+
| Table  | Non_unique | Key_name | Seq_in_index | Column_name  | Collation | Cardinality | Sub_part | Packed | Null | Index_type | Comment | Index_comment |
+--------+------------+----------+--------------+--------------+-----------+-------------+----------+--------+------+------------+---------+---------------+
| tempts |          1 | idxtts1  |            1 | device       | A         |       14975 |     NULL | NULL   | YES  | BTREE      |         |               |
| tempts |          1 | idxtts2  |            1 | sessionstart | A         |       14975 |     NULL | NULL   | YES  | BTREE      |         |               |
+--------+------------+----------+--------------+--------------+-----------+-------------+----------+--------+------+------------+---------+---------------+
2 rows in set (0.02 sec)

Query OK, 14847 rows affected (12.01 sec)
Records: 14847  Duplicates: 0  Warnings: 0

Query OK, 0 rows affected (0.01 sec)

Query OK, 39969 rows affected (39.19 sec)
Records: 39969  Duplicates: 0  Warnings: 0

+-------------+
| rep_tsstats |
+-------------+
|       39969 |
+-------------+
1 row in set (0.01 sec)

mysql> mysql \. C:\workspace\cloud\code\sql\_DailyScript\currenttime.sql
+---------------------+
| currenttime         |
+---------------------+
| 2020-10-21 08:27:18 |
+---------------------+
1 row in set (0.00 sec)

mysql> 
mysql> mysql \. C:\workspace\cloud\code\sql\_DailyScript\DAILY-SCRIPT-RADIO-STATS.sql
Database changed
Query OK, 0 rows affected (0.01 sec)

Query OK, 314391 rows affected (3.48 sec)
Records: 314391  Duplicates: 0  Warnings: 0

+-----------+------------+----------+--------------+--------------+-----------+-------------+----------+--------+------+------------+---------+---------------+
| Table     | Non_unique | Key_name | Seq_in_index | Column_name  | Collation | Cardinality | Sub_part | Packed | Null | Index_type | Comment | Index_comment |
+-----------+------------+----------+--------------+--------------+-----------+-------------+----------+--------+------+------------+---------+---------------+
| tempradio |          1 | idxtrad1 |            1 | device       | A         |      308391 |     NULL | NULL   | YES  | BTREE      |         |               |
| tempradio |          1 | idxtrad2 |            1 | sessionstart | A         |      308391 |     NULL | NULL   | YES  | BTREE      |         |               |
+-----------+------------+----------+--------------+--------------+-----------+-------------+----------+--------+------+------------+---------+---------------+
2 rows in set (0.00 sec)

Query OK, 318 rows affected (1.44 sec)
Records: 318  Duplicates: 0  Warnings: 0

Query OK, 0 rows affected (0.01 sec)

Query OK, 5373 rows affected (0.42 sec)
Records: 5373  Duplicates: 0  Warnings: 0

+----------------+
| rep_radiostats |
+----------------+
|           5373 |
+----------------+
1 row in set (0.00 sec)

mysql> mysql \. C:\workspace\cloud\code\sql\_DailyScript\currenttime.sql
+---------------------+
| currenttime         |
+---------------------+
| 2020-10-21 08:27:24 |
+---------------------+
1 row in set (0.00 sec)

mysql> 
mysql> mysql \. C:\workspace\cloud\code\sql\_DailyScript\DAILY_SCRIPT_TELEMETRY_PIVOT_2020.sql
Query OK, 0 rows affected (0.02 sec)

Query OK, 146 rows affected (0.17 sec)
Records: 146  Duplicates: 0  Warnings: 0

Query OK, 0 rows affected (0.02 sec)

Query OK, 10653 rows affected (2.60 sec)
Records: 10653  Duplicates: 0  Warnings: 0

Query OK, 0 rows affected (0.00 sec)

Query OK, 8 rows affected (0.01 sec)
Records: 8  Duplicates: 0  Warnings: 0

Query OK, 0 rows affected (0.02 sec)

Query OK, 47 rows affected (0.06 sec)
Records: 47  Duplicates: 0  Warnings: 0

mysql> mysql \. C:\workspace\cloud\code\sql\_DailyScript\currenttime.sql
+---------------------+
| currenttime         |
+---------------------+
| 2020-10-21 08:27:27 |
+---------------------+
1 row in set (0.01 sec)

mysql> 
mysql> mysql \. C:\workspace\cloud\code\sql\_DailyScript\telemetry_livetv_ranking2020.sql
Query OK, 0 rows affected (0.01 sec)

Query OK, 146 rows affected (0.02 sec)
Records: 146  Duplicates: 0  Warnings: 0

mysql> mysql \. C:\workspace\cloud\code\sql\_DailyScript\currenttime.sql
+---------------------+
| currenttime         |
+---------------------+
| 2020-10-21 08:27:27 |
+---------------------+
1 row in set (0.00 sec)

mysql> 
mysql> mysql \. C:\workspace\cloud\code\sql\_DailyScript\telemetry_radio_ranking2020.sql
Query OK, 0 rows affected (0.01 sec)

Query OK, 8 rows affected (0.01 sec)
Records: 8  Duplicates: 0  Warnings: 0

mysql> mysql \. C:\workspace\cloud\code\sql\_DailyScript\currenttime.sql
+---------------------+
| currenttime         |
+---------------------+
| 2020-10-21 08:27:27 |
+---------------------+
1 row in set (0.00 sec)

mysql> 
mysql> mysql \. C:\workspace\cloud\code\sql\_DailyScript\telemetry_ts_ranking2020.sql
Query OK, 0 rows affected (0.00 sec)

Query OK, 47 rows affected (0.01 sec)
Records: 47  Duplicates: 0  Warnings: 0

mysql> mysql \. C:\workspace\cloud\code\sql\_DailyScript\currenttime.sql
+---------------------+
| currenttime         |
+---------------------+
| 2020-10-21 08:27:27 |
+---------------------+
1 row in set (0.00 sec)

mysql> 
mysql> mysql \. C:\workspace\cloud\code\sql\_DailyScript\telemetry_vod_ranking2020.sql
Query OK, 0 rows affected (0.01 sec)

Query OK, 10653 rows affected (0.47 sec)
Records: 10653  Duplicates: 0  Warnings: 0

mysql> mysql \. C:\workspace\cloud\code\sql\_DailyScript\currenttime.sql
+---------------------+
| currenttime         |
+---------------------+
| 2020-10-21 08:27:27 |
+---------------------+
1 row in set (0.00 sec)

mysql> 
mysql> mysql \. C:\workspace\cloud\code\sql\_DailyScript\telemetry_vod_ranking2020_1.sql
Query OK, 0 rows affected (0.01 sec)

Query OK, 10653 rows affected (0.23 sec)
Records: 10653  Duplicates: 0  Warnings: 0

mysql> mysql \. C:\workspace\cloud\code\sql\_DailyScript\currenttime.sql
+---------------------+
| currenttime         |
+---------------------+
| 2020-10-21 08:27:27 |
+---------------------+
1 row in set (0.00 sec)

mysql> 
mysql> mysql \. C:\workspace\cloud\code\sql\_DailyScript\telemetry_vod_ranking2020_2.sql
Query OK, 0 rows affected (0.01 sec)

Query OK, 10653 rows affected (0.22 sec)
Records: 10653  Duplicates: 0  Warnings: 0

mysql> mysql \. C:\workspace\cloud\code\sql\_DailyScript\currenttime.sql
+---------------------+
| currenttime         |
+---------------------+
| 2020-10-21 08:27:28 |
+---------------------+
1 row in set (0.02 sec)

mysql> 
mysql> mysql \. C:\workspace\cloud\code\sql\_DailyScript\DAILY-SCRIPT-CREATE-LOAD.sql
Database changed
Database changed
Query OK, 0 rows affected (0.00 sec)

Query OK, 0 rows affected (0.02 sec)

Database changed
Query OK, 67239 rows affected (2.29 sec)
Records: 67239  Deleted: 0  Skipped: 0  Warnings: 0

Query OK, 0 rows affected (0.13 sec)
Records: 0  Duplicates: 0  Warnings: 0

Query OK, 0 rows affected (0.25 sec)
Records: 0  Duplicates: 0  Warnings: 0

Query OK, 0 rows affected (0.23 sec)
Records: 0  Duplicates: 0  Warnings: 0

Query OK, 0 rows affected (0.24 sec)
Records: 0  Duplicates: 0  Warnings: 0

+---------+
| clients |
+---------+
|   67239 |
+---------+
1 row in set (0.01 sec)

Query OK, 0 rows affected (0.00 sec)

Query OK, 13497 rows affected (6.17 sec)
Records: 13497  Duplicates: 0  Warnings: 0

Query OK, 0 rows affected (0.06 sec)
Records: 0  Duplicates: 0  Warnings: 0

+-------------------+
| rcb_clientparcels |
+-------------------+
|             13497 |
+-------------------+
1 row in set (0.00 sec)

Query OK, 0 rows affected (0.01 sec)

Query OK, 80708 rows affected (3.11 sec)
Records: 80708  Duplicates: 0  Warnings: 0

Query OK, 0 rows affected (0.27 sec)
Records: 0  Duplicates: 0  Warnings: 0

Query OK, 0 rows affected (0.00 sec)

Query OK, 67239 rows affected (36.41 sec)
Records: 67239  Duplicates: 0  Warnings: 0

Query OK, 0 rows affected (0.20 sec)
Records: 0  Duplicates: 0  Warnings: 0

Query OK, 0 rows affected (0.21 sec)
Records: 0  Duplicates: 0  Warnings: 0

Query OK, 0 rows affected (0.17 sec)
Records: 0  Duplicates: 0  Warnings: 0

+---------------+
| clientaddress |
+---------------+
|         67239 |
+---------------+
1 row in set (0.02 sec)

Database changed
Query OK, 0 rows affected (0.01 sec)

Query OK, 0 rows affected (0.01 sec)

Database changed
Query OK, 527926 rows affected, 65535 warnings (14.89 sec)
Records: 527926  Deleted: 0  Skipped: 0  Warnings: 216536

Query OK, 0 rows affected (2.77 sec)
Records: 0  Duplicates: 0  Warnings: 0

Query OK, 0 rows affected (2.35 sec)
Records: 0  Duplicates: 0  Warnings: 0

Query OK, 0 rows affected (1.37 sec)
Records: 0  Duplicates: 0  Warnings: 0

Query OK, 0 rows affected (0.01 sec)

Query OK, 527926 rows affected (41.46 sec)
Records: 527926  Duplicates: 0  Warnings: 0

Query OK, 0 rows affected (1.69 sec)
Records: 0  Duplicates: 0  Warnings: 0

Query OK, 0 rows affected (1.36 sec)
Records: 0  Duplicates: 0  Warnings: 0

+-----------+
| contracts |
+-----------+
|    527926 |
+-----------+
1 row in set (0.16 sec)

+-----------------+
| contractaddress |
+-----------------+
|          527926 |
+-----------------+
1 row in set (0.14 sec)

Database changed
Query OK, 0 rows affected (0.00 sec)

Query OK, 0 rows affected (0.02 sec)

Query OK, 7603 rows affected (0.13 sec)
Records: 7603  Deleted: 0  Skipped: 0  Warnings: 0

Query OK, 0 rows affected (0.01 sec)

Query OK, 7571 rows affected (0.89 sec)
Records: 7571  Duplicates: 0  Warnings: 0

Query OK, 0 rows affected (0.05 sec)
Records: 0  Duplicates: 0  Warnings: 0

Query OK, 0 rows affected (0.00 sec)

Query OK, 5797 rows affected (0.06 sec)
Records: 5797  Duplicates: 0  Warnings: 0

Query OK, 0 rows affected (0.03 sec)
Records: 0  Duplicates: 0  Warnings: 0

+-------------------+
| contractdiscounts |
+-------------------+
|              7603 |
+-------------------+
1 row in set (0.00 sec)

+-------------------------+
| clientcontractdiscounts |
+-------------------------+
|                    7571 |
+-------------------------+
1 row in set (0.00 sec)

+----------------------------+
| clientcontractlastdiscount |
+----------------------------+
|                       5797 |
+----------------------------+
1 row in set (0.00 sec)

Database changed
Query OK, 0 rows affected (0.02 sec)

Query OK, 0 rows affected (0.00 sec)

Database changed
Query OK, 140940 rows affected, 8 warnings (2.73 sec)
Records: 140940  Deleted: 0  Skipped: 0  Warnings: 8

Query OK, 0 rows affected (0.28 sec)
Records: 0  Duplicates: 0  Warnings: 0

Query OK, 0 rows affected (0.31 sec)
Records: 0  Duplicates: 0  Warnings: 0

Query OK, 0 rows affected (0.33 sec)
Records: 0  Duplicates: 0  Warnings: 0

Query OK, 0 rows affected (0.28 sec)
Records: 0  Duplicates: 0  Warnings: 0

Query OK, 0 rows affected (0.36 sec)
Records: 0  Duplicates: 0  Warnings: 0

Query OK, 0 rows affected (0.51 sec)
Records: 0  Duplicates: 0  Warnings: 0

Query OK, 0 rows affected (0.07 sec)

Query OK, 1797484 rows affected (3 min 44.90 sec)
Records: 1797484  Duplicates: 0  Warnings: 0

Query OK, 0 rows affected (4.51 sec)
Records: 0  Duplicates: 0  Warnings: 0

+---------+
| devices |
+---------+
|  140940 |
+---------+
1 row in set (0.05 sec)

+-----------------------+
| clientcontractdevices |
+-----------------------+
|               1797484 |
+-----------------------+
1 row in set (0.68 sec)

Query OK, 0 rows affected (0.01 sec)

Query OK, 140855 rows affected (5.29 sec)
Records: 140855  Duplicates: 0  Warnings: 0

+---------------------------+
| rep_clientcontractdevices |
+---------------------------+
|                    140855 |
+---------------------------+
1 row in set (0.05 sec)

Database changed
Query OK, 0 rows affected (0.02 sec)

Query OK, 0 rows affected (0.01 sec)

Query OK, 301710 rows affected (7.02 sec)
Records: 301710  Deleted: 0  Skipped: 0  Warnings: 0

Query OK, 0 rows affected (0.72 sec)
Records: 0  Duplicates: 0  Warnings: 0

Query OK, 0 rows affected (0.64 sec)
Records: 0  Duplicates: 0  Warnings: 0

Query OK, 0 rows affected (0.60 sec)
Records: 0  Duplicates: 0  Warnings: 0

Query OK, 0 rows affected (0.58 sec)
Records: 0  Duplicates: 0  Warnings: 0

+---------+
| tickets |
+---------+
|  301710 |
+---------+
1 row in set (0.08 sec)

Database changed
Query OK, 0 rows affected (0.01 sec)

Query OK, 0 rows affected (0.01 sec)

Empty set (0.00 sec)

Query OK, 0 rows affected (0.01 sec)
Records: 0  Duplicates: 0  Warnings: 0

Query OK, 367 rows affected, 2 warnings (0.02 sec)
Records: 367  Deleted: 0  Skipped: 0  Warnings: 2

+-----------------+
| tickettechusers |
+-----------------+
|             367 |
+-----------------+
1 row in set (0.00 sec)

Database changed
Query OK, 0 rows affected (0.01 sec)

Query OK, 0 rows affected (0.01 sec)

Query OK, 0 rows affected (0.01 sec)
Records: 0  Duplicates: 0  Warnings: 0

Query OK, 661845 rows affected, 47757 warnings (10.98 sec)
Records: 661845  Deleted: 0  Skipped: 0  Warnings: 47757

+-------------------+
| ticketassignments |
+-------------------+
|            661845 |
+-------------------+
1 row in set (0.19 sec)

Database changed
Query OK, 0 rows affected (0.02 sec)

Query OK, 0 rows affected (0.00 sec)

Query OK, 1340973 rows affected (15.49 sec)
Records: 1340973  Deleted: 0  Skipped: 0  Warnings: 0

Query OK, 0 rows affected (4.10 sec)
Records: 0  Duplicates: 0  Warnings: 0

Query OK, 0 rows affected (2.60 sec)
Records: 0  Duplicates: 0  Warnings: 0

Query OK, 0 rows affected (2.52 sec)
Records: 0  Duplicates: 0  Warnings: 0

Query OK, 0 rows affected (2.93 sec)
Records: 0  Duplicates: 0  Warnings: 0

+----------------+
| ticketcomments |
+----------------+
|        1340973 |
+----------------+
1 row in set (0.37 sec)

Database changed
Query OK, 0 rows affected (0.00 sec)

Query OK, 0 rows affected (0.02 sec)

Query OK, 463402 rows affected (34.50 sec)
Records: 463402  Deleted: 0  Skipped: 0  Warnings: 0

Query OK, 0 rows affected (2.22 sec)
Records: 0  Duplicates: 0  Warnings: 0

+----------+
| comments |
+----------+
|   463402 |
+----------+
1 row in set (0.13 sec)

Database changed
Query OK, 0 rows affected (0.03 sec)

Query OK, 0 rows affected (0.02 sec)

Query OK, 1450761 rows affected, 65535 warnings (1 min 11.04 sec)
Records: 1450761  Deleted: 0  Skipped: 0  Warnings: 1450792

Query OK, 0 rows affected (4.31 sec)
Records: 0  Duplicates: 0  Warnings: 0

Query OK, 0 rows affected (3.48 sec)
Records: 0  Duplicates: 0  Warnings: 0

Query OK, 0 rows affected (3.56 sec)
Records: 0  Duplicates: 0  Warnings: 0

Query OK, 0 rows affected (3.52 sec)
Records: 0  Duplicates: 0  Warnings: 0

Query OK, 0 rows affected (4.93 sec)
Records: 0  Duplicates: 0  Warnings: 0

+------------+
| devicesold |
+------------+
|    1450761 |
+------------+
1 row in set (0.41 sec)

Database changed
Query OK, 0 rows affected (0.01 sec)

Query OK, 0 rows affected (0.00 sec)

Query OK, 1790876 rows affected (22.29 sec)
Records: 1790876  Deleted: 0  Skipped: 0  Warnings: 0

Query OK, 0 rows affected (4.83 sec)
Records: 0  Duplicates: 0  Warnings: 0

Query OK, 0 rows affected (4.11 sec)
Records: 0  Duplicates: 0  Warnings: 0

Query OK, 0 rows affected (4.04 sec)
Records: 0  Duplicates: 0  Warnings: 0

+------------------+
| contractservices |
+------------------+
|          1790876 |
+------------------+
1 row in set (0.50 sec)

Database changed
Query OK, 0 rows affected (0.05 sec)

Query OK, 0 rows affected (0.02 sec)

Query OK, 4323100 rows affected (1 min 47.19 sec)
Records: 4323100  Deleted: 0  Skipped: 0  Warnings: 0

Query OK, 0 rows affected (11.98 sec)
Records: 0  Duplicates: 0  Warnings: 0

Query OK, 0 rows affected (14.63 sec)
Records: 0  Duplicates: 0  Warnings: 0

Query OK, 0 rows affected (11.15 sec)
Records: 0  Duplicates: 0  Warnings: 0

Query OK, 0 rows affected (12.40 sec)
Records: 0  Duplicates: 0  Warnings: 0

+------------------+
| invoicescontents |
+------------------+
|          4323100 |
+------------------+
1 row in set (1.22 sec)

Database changed
Query OK, 0 rows affected (0.06 sec)

Query OK, 0 rows affected (0.01 sec)

Query OK, 3043588 rows affected (2 min 47.94 sec)
Records: 3043588  Deleted: 0  Skipped: 0  Warnings: 0

Query OK, 0 rows affected (12.15 sec)
Records: 0  Duplicates: 0  Warnings: 0

Query OK, 0 rows affected (12.48 sec)
Records: 0  Duplicates: 0  Warnings: 0

Query OK, 0 rows affected (9.66 sec)
Records: 0  Duplicates: 0  Warnings: 0

Query OK, 0 rows affected (10.65 sec)
Records: 0  Duplicates: 0  Warnings: 0

Query OK, 0 rows affected (11.14 sec)
Records: 0  Duplicates: 0  Warnings: 0

+----------------+
| invoicesheader |
+----------------+
|        3043588 |
+----------------+
1 row in set (0.83 sec)

Database changed
Query OK, 0 rows affected (0.03 sec)

Query OK, 0 rows affected (0.02 sec)

Query OK, 3075908 rows affected (1 min 17.59 sec)
Records: 3075908  Deleted: 0  Skipped: 0  Warnings: 0

Query OK, 0 rows affected (8.32 sec)
Records: 0  Duplicates: 0  Warnings: 0

Query OK, 0 rows affected (7.67 sec)
Records: 0  Duplicates: 0  Warnings: 0

Query OK, 0 rows affected (7.66 sec)
Records: 0  Duplicates: 0  Warnings: 0

Query OK, 0 rows affected (7.44 sec)
Records: 0  Duplicates: 0  Warnings: 0

+---------+
| casa    |
+---------+
| 3075908 |
+---------+
1 row in set (0.83 sec)

Query OK, 0 rows affected (0.01 sec)

Query OK, 15025 rows affected (1 min 17.53 sec)
Records: 15025  Duplicates: 0  Warnings: 0

+--------------------+
| rep_paycol_channel |
+--------------------+
|              15025 |
+--------------------+
1 row in set (0.02 sec)

Query OK, 0 rows affected (0.01 sec)

Query OK, 11059 rows affected (1 min 34.88 sec)
Records: 11059  Duplicates: 0  Warnings: 0

+----------------+
| rep_paycol_pos |
+----------------+
|          11059 |
+----------------+
1 row in set (0.00 sec)

Database changed
Query OK, 0 rows affected (0.02 sec)

Query OK, 0 rows affected (0.00 sec)

Database changed
Query OK, 39655 rows affected (0.70 sec)
Records: 39655  Deleted: 0  Skipped: 0  Warnings: 0

+-------+
| users |
+-------+
| 39655 |
+-------+
1 row in set (0.01 sec)

Query OK, 0 rows affected (0.08 sec)
Records: 0  Duplicates: 0  Warnings: 0

Database changed
Query OK, 0 rows affected (0.02 sec)

Query OK, 0 rows affected (0.01 sec)

Query OK, 1872898 rows affected, 2 warnings (27.61 sec)
Records: 1872898  Deleted: 0  Skipped: 0  Warnings: 2

Query OK, 0 rows affected (5.18 sec)
Records: 0  Duplicates: 0  Warnings: 0

Query OK, 0 rows affected (4.45 sec)
Records: 0  Duplicates: 0  Warnings: 0

Query OK, 0 rows affected (4.34 sec)
Records: 0  Duplicates: 0  Warnings: 0

Query OK, 0 rows affected (3.93 sec)
Records: 0  Duplicates: 0  Warnings: 0

Query OK, 0 rows affected (3.73 sec)
Records: 0  Duplicates: 0  Warnings: 0

+-------------+
| useractions |
+-------------+
|     1872898 |
+-------------+
1 row in set (0.51 sec)

Database changed
Query OK, 0 rows affected (0.09 sec)

Query OK, 0 rows affected (0.00 sec)

Database changed
Query OK, 24302493 rows affected (4 min 13.12 sec)
Records: 24302493  Deleted: 0  Skipped: 0  Warnings: 0

Query OK, 0 rows affected (1 min 4.13 sec)
Records: 0  Duplicates: 0  Warnings: 0

Query OK, 0 rows affected (1 min 1.34 sec)
Records: 0  Duplicates: 0  Warnings: 0

Query OK, 0 rows affected (1 min 2.21 sec)
Records: 0  Duplicates: 0  Warnings: 0

Query OK, 0 rows affected (54.19 sec)
Records: 0  Duplicates: 0  Warnings: 0

Query OK, 0 rows affected (1 min 10.35 sec)
Records: 0  Duplicates: 0  Warnings: 0

+----------+
| ipusage1 |
+----------+
| 24302493 |
+----------+
1 row in set (8.48 sec)

Query OK, 0 rows affected (0.11 sec)

Query OK, 24563683 rows affected, 65535 warnings (11 min 33.99 sec)
Records: 24563683  Duplicates: 0  Warnings: 24557322

Query OK, 0 rows affected (1 min 8.81 sec)
Records: 0  Duplicates: 0  Warnings: 0

Query OK, 0 rows affected (1 min 6.58 sec)
Records: 0  Duplicates: 0  Warnings: 0

Query OK, 0 rows affected (1 min 6.48 sec)
Records: 0  Duplicates: 0  Warnings: 0

Query OK, 0 rows affected (59.81 sec)
Records: 0  Duplicates: 0  Warnings: 0

Query OK, 0 rows affected (1 min 36.65 sec)
Records: 0  Duplicates: 0  Warnings: 0

Query OK, 0 rows affected (1 min 41.24 sec)
Records: 0  Duplicates: 0  Warnings: 0

Query OK, 0 rows affected (1 min 36.61 sec)
Records: 0  Duplicates: 0  Warnings: 0

+----------+
| ipusage  |
+----------+
| 24563683 |
+----------+
1 row in set (8.06 sec)

Query OK, 0 rows affected (0.05 sec)

Query OK, 5976498 rows affected (6 min 11.89 sec)
Records: 5976498  Duplicates: 0  Warnings: 0

Query OK, 0 rows affected (19.54 sec)
Records: 0  Duplicates: 0  Warnings: 0

Query OK, 0 rows affected (15.57 sec)
Records: 0  Duplicates: 0  Warnings: 0

Query OK, 0 rows affected (20.27 sec)
Records: 0  Duplicates: 0  Warnings: 0

Query OK, 0 rows affected (25.00 sec)
Records: 0  Duplicates: 0  Warnings: 0

Query OK, 0 rows affected (19.64 sec)
Records: 0  Duplicates: 0  Warnings: 0

+------------------+
| clientcontractip |
+------------------+
|          5976498 |
+------------------+
1 row in set (1.72 sec)

Query OK, 0 rows affected (0.03 sec)

Query OK, 493807 rows affected (43.11 sec)
Records: 493807  Duplicates: 0  Warnings: 0

Query OK, 0 rows affected (1.60 sec)
Records: 0  Duplicates: 0  Warnings: 0

Query OK, 0 rows affected (1.44 sec)
Records: 0  Duplicates: 0  Warnings: 0

Query OK, 0 rows affected (1.73 sec)
Records: 0  Duplicates: 0  Warnings: 0

Query OK, 0 rows affected (0.91 sec)
Records: 0  Duplicates: 0  Warnings: 0

Query OK, 0 rows affected (0.86 sec)
Records: 0  Duplicates: 0  Warnings: 0

Query OK, 0 rows affected (0.91 sec)
Records: 0  Duplicates: 0  Warnings: 0

Query OK, 0 rows affected (0.99 sec)
Records: 0  Duplicates: 0  Warnings: 0

+-----------------------+
| clientcontractipmonth |
+-----------------------+
|                493807 |
+-----------------------+
1 row in set (0.13 sec)

Query OK, 0 rows affected (0.04 sec)

Query OK, 1790646 rows affected (57.55 sec)
Records: 1790646  Duplicates: 0  Warnings: 0

Query OK, 0 rows affected (7.40 sec)
Records: 0  Duplicates: 0  Warnings: 0

Query OK, 0 rows affected (3.85 sec)
Records: 0  Duplicates: 0  Warnings: 0

Query OK, 0 rows affected (5.26 sec)
Records: 0  Duplicates: 0  Warnings: 0

+------------------------------+
| contractsservicepackageprice |
+------------------------------+
|                      1790646 |
+------------------------------+
1 row in set (0.48 sec)

Query OK, 0 rows affected (0.05 sec)

Query OK, 1790646 rows affected (2 min 52.75 sec)
Records: 1790646  Duplicates: 0  Warnings: 0

Query OK, 0 rows affected (7.17 sec)
Records: 0  Duplicates: 0  Warnings: 0

Query OK, 0 rows affected (8.54 sec)
Records: 0  Duplicates: 0  Warnings: 0

Query OK, 0 rows affected (4.59 sec)
Records: 0  Duplicates: 0  Warnings: 0

Query OK, 0 rows affected (5.92 sec)
Records: 0  Duplicates: 0  Warnings: 0

+------------------------------------+
| clientcontractsservicepackageprice |
+------------------------------------+
|                            1790646 |
+------------------------------------+
1 row in set (0.50 sec)

mysql> mysql \. C:\workspace\cloud\code\sql\_DailyScript\currenttime.sql
+---------------------+
| currenttime         |
+---------------------+
| 2020-10-21 09:32:46 |
+---------------------+
1 row in set (0.00 sec)

mysql> 
mysql> mysql \. C:\workspace\cloud\code\sql\_DailyScript\ticket_analysis.sql
Database changed
Query OK, 0 rows affected (0.03 sec)

Query OK, 701934 rows affected (23.20 sec)
Records: 701934  Duplicates: 0  Warnings: 0

Query OK, 0 rows affected (4.43 sec)
Records: 0  Duplicates: 0  Warnings: 0

Query OK, 0 rows affected (1.95 sec)
Records: 0  Duplicates: 0  Warnings: 0

Query OK, 0 rows affected (1.84 sec)
Records: 0  Duplicates: 0  Warnings: 0

Query OK, 0 rows affected (0.00 sec)

Query OK, 22554 rows affected (12.18 sec)
Records: 22554  Duplicates: 0  Warnings: 0

Query OK, 0 rows affected, 1 warning (0.00 sec)

Query OK, 99482 rows affected (6.95 sec)
Records: 99482  Duplicates: 0  Warnings: 0

Query OK, 0 rows affected, 1 warning (0.00 sec)

Query OK, 510272 rows affected (14.70 sec)
Records: 510272  Duplicates: 0  Warnings: 0

Query OK, 0 rows affected, 1 warning (0.00 sec)

Query OK, 510272 rows affected (14.02 sec)
Records: 510272  Duplicates: 0  Warnings: 0

Query OK, 0 rows affected (0.02 sec)

Query OK, 99569 rows affected (6.11 sec)
Records: 99569  Duplicates: 0  Warnings: 0

Database changed
Query OK, 0 rows affected (0.00 sec)

Query OK, 0 rows affected (0.03 sec)

Query OK, 701934 rows affected (23.30 sec)
Records: 701934  Duplicates: 0  Warnings: 0

Query OK, 0 rows affected (0.03 sec)

Query OK, 354394 rows affected (15.62 sec)
Records: 354394  Duplicates: 0  Warnings: 0

+--------------------------+
| clientticket_cmmtjourney |
+--------------------------+
|                   701934 |
+--------------------------+
1 row in set (2.18 sec)

+---------------------------+
| clientticket_assgnjourney |
+---------------------------+
|                    354394 |
+---------------------------+
1 row in set (0.39 sec)

Query OK, 0 rows affected (0.01 sec)

Query OK, 79 rows affected (0.09 sec)
Records: 79  Duplicates: 0  Warnings: 0

mysql> mysql \. C:\workspace\cloud\code\sql\_DailyScript\currenttime.sql
+---------------------+
| currenttime         |
+---------------------+
| 2020-10-21 09:34:53 |
+---------------------+
1 row in set (0.00 sec)

mysql> 
mysql> mysql \. C:\workspace\cloud\code\sql\_DailyScript\load_DailyCalls.sql
Database changed
Query OK, 335 rows affected (0.13 sec)
Records: 335  Deleted: 0  Skipped: 0  Warnings: 0

Query OK, 0 rows affected, 1 warning (0.00 sec)

Query OK, 329 rows affected (0.03 sec)
Records: 329  Duplicates: 0  Warnings: 0

Query OK, 0 rows affected, 1 warning (0.00 sec)

Query OK, 67912 rows affected (0.31 sec)
Records: 67912  Duplicates: 0  Warnings: 0

+----------------------+
| callingclientsbefore |
+----------------------+
|              1020381 |
+----------------------+
1 row in set (0.42 sec)

Query OK, 479 rows affected (6.95 sec)
Records: 479  Duplicates: 0  Warnings: 0

+---------------------+
| callingclientsafter |
+---------------------+
|             1020860 |
+---------------------+
1 row in set (0.28 sec)

Query OK, 0 rows affected (0.00 sec)

Query OK, 240 rows affected (3.59 sec)
Records: 240  Duplicates: 0  Warnings: 0

Query OK, 0 rows affected (0.01 sec)

Query OK, 20480 rows affected (3.16 sec)
Records: 20480  Duplicates: 0  Warnings: 0

+-----------+
| callstats |
+-----------+
|     20480 |
+-----------+
1 row in set (0.00 sec)

Query OK, 0 rows affected, 1 warning (0.02 sec)

Query OK, 479 rows affected (2.63 sec)
Records: 479  Duplicates: 0  Warnings: 0

+------------------------+
| rep_cccallreportbefore |
+------------------------+
|                1021091 |
+------------------------+
1 row in set (0.36 sec)

Query OK, 479 rows affected (0.16 sec)
Records: 479  Duplicates: 0  Warnings: 0

+-----------------------+
| rep_cccallreportafter |
+-----------------------+
|               1021570 |
+-----------------------+
1 row in set (0.27 sec)

Query OK, 0 rows affected (0.00 sec)

mysql> mysql \. C:\workspace\cloud\code\sql\_DailyScript\currenttime.sql
+---------------------+
| currenttime         |
+---------------------+
| 2020-10-21 09:35:12 |
+---------------------+
1 row in set (0.00 sec)

mysql> 
mysql> mysql \. C:\workspace\cloud\code\sql\_DailyScript\DAILY-SCRIPT-USAGE.sql
Database changed
Query OK, 0 rows affected (0.00 sec)

Query OK, 4096 rows affected, 11861 warnings (1.00 sec)
Records: 4096  Deleted: 0  Skipped: 0  Warnings: 11861

Query OK, 0 rows affected (0.00 sec)

Query OK, 5677 rows affected, 16338 warnings (1.26 sec)
Records: 5677  Deleted: 0  Skipped: 0  Warnings: 16338

Query OK, 0 rows affected (0.00 sec)

Query OK, 298 rows affected, 1077 warnings (0.03 sec)
Records: 298  Deleted: 0  Skipped: 0  Warnings: 1077

Query OK, 0 rows affected (0.00 sec)

Query OK, 192 rows affected, 655 warnings (0.03 sec)
Records: 192  Deleted: 0  Skipped: 0  Warnings: 655

+------------+
| dailyusage |
+------------+
|   15289014 |
+------------+
1 row in set (6.11 sec)

+------------+------------+------------+---------+
| datestart  | dateend    | insertedon | records |
+------------+------------+------------+---------+
| 2020-10-20 | 2020-10-20 | 2020-10-21 |   10263 |
| 2020-10-19 | 2020-10-19 | 2020-10-20 |   10263 |
| 2020-10-17 | 2020-10-17 | 2020-10-18 |   11354 |
| 2020-10-16 | 2020-10-16 | 2020-10-17 |   11331 |
| 2020-10-15 | 2020-10-15 | 2020-10-17 |   11321 |
+------------+------------+------------+---------+
5 rows in set (31.14 sec)

+----------+------------+------------+------------+---------+
| category | datestart  | dateend    | insertedon | records |
+----------+------------+------------+------------+---------+
| UNCAPPED | 2020-10-20 | 2020-10-20 | 2020-10-21 |    5677 |
| PREPAID  | 2020-10-20 | 2020-10-20 | 2020-10-21 |     298 |
| HOTSPOT  | 2020-10-20 | 2020-10-20 | 2020-10-21 |     192 |
| CAPPED   | 2020-10-20 | 2020-10-20 | 2020-10-21 |    4096 |
| UNCAPPED | 2020-10-19 | 2020-10-19 | 2020-10-20 |    5643 |
| PREPAID  | 2020-10-19 | 2020-10-19 | 2020-10-20 |     258 |
| HOTSPOT  | 2020-10-19 | 2020-10-19 | 2020-10-20 |     225 |
| CAPPED   | 2020-10-19 | 2020-10-19 | 2020-10-20 |    4137 |
| UNCAPPED | 2020-10-17 | 2020-10-17 | 2020-10-18 |    6399 |
| PREPAID  | 2020-10-17 | 2020-10-17 | 2020-10-18 |     275 |
| HOTSPOT  | 2020-10-17 | 2020-10-17 | 2020-10-18 |     175 |
| CAPPED   | 2020-10-17 | 2020-10-17 | 2020-10-18 |    4505 |
| UNCAPPED | 2020-10-16 | 2020-10-16 | 2020-10-17 |    6361 |
| PREPAID  | 2020-10-16 | 2020-10-16 | 2020-10-17 |     287 |
| HOTSPOT  | 2020-10-16 | 2020-10-16 | 2020-10-17 |     202 |
| CAPPED   | 2020-10-16 | 2020-10-16 | 2020-10-17 |    4481 |
| UNCAPPED | 2020-10-15 | 2020-10-15 | 2020-10-17 |    6323 |
| PREPAID  | 2020-10-15 | 2020-10-15 | 2020-10-17 |     290 |
| HOTSPOT  | 2020-10-15 | 2020-10-15 | 2020-10-17 |     217 |
| CAPPED   | 2020-10-15 | 2020-10-15 | 2020-10-17 |    4491 |
+----------+------------+------------+------------+---------+
20 rows in set (22.43 sec)

mysql> mysql \. C:\workspace\cloud\code\sql\_DailyScript\currenttime.sql
+---------------------+
| currenttime         |
+---------------------+
| 2020-10-21 09:36:14 |
+---------------------+
1 row in set (0.00 sec)

mysql> 
mysql> mysql \. C:\workspace\cloud\code\sql\_DailyScript\DAILY-SCRIPT-SALES-TELEMETRY.sql
Database changed
Query OK, 138 rows affected, 76 warnings (0.03 sec)
Records: 138  Deleted: 0  Skipped: 0  Warnings: 76

+------------+
| dailysales |
+------------+
|     211474 |
+------------+
1 row in set (0.24 sec)

Query OK, 0 rows affected (0.01 sec)

Query OK, 211474 rows affected (13.38 sec)
Records: 211474  Duplicates: 0  Warnings: 0

+--------+
| sales  |
+--------+
| 211474 |
+--------+
1 row in set (0.09 sec)

Query OK, 0 rows affected (0.00 sec)

Query OK, 3438 rows affected (0.35 sec)
Records: 3438  Duplicates: 0  Warnings: 0

+----------------+
| rep_dailysales |
+----------------+
|           3438 |
+----------------+
1 row in set (0.00 sec)

Query OK, 0 rows affected (0.00 sec)

Query OK, 3438 rows affected (0.58 sec)
Records: 3438  Duplicates: 0  Warnings: 0

+-------------------+
| rep_dailysalesreg |
+-------------------+
|              3438 |
+-------------------+
1 row in set (0.00 sec)

Query OK, 0 rows affected (0.00 sec)

Query OK, 2826 rows affected (0.68 sec)
Records: 2826  Duplicates: 0  Warnings: 0

+-----------+
| saleslist |
+-----------+
|      2826 |
+-----------+
1 row in set (0.00 sec)

Database changed
ERROR 2 (HY000): File 'C:\ProgramData\MySQL\MySQL Server 5.7\Uploads\_csv\PrepaidCardSales-20102020-P1.csv' not found (Errcode: 2 - No such file or directory)
+------------------+
| dailysinglesales |
+------------------+
|             6389 |
+------------------+
1 row in set (0.01 sec)

Database changed
Query OK, 14 rows affected (0.02 sec)
Records: 14  Deleted: 0  Skipped: 0  Warnings: 0

+-----------------+
| dailyaddonsales |
+-----------------+
|           20862 |
+-----------------+
1 row in set (0.05 sec)

Query OK, 165 rows affected (0.07 sec)
Records: 165  Deleted: 0  Skipped: 0  Warnings: 0

+----------------+
| onlinepayments |
+----------------+
|         130211 |
+----------------+
1 row in set (0.11 sec)

+-------------+----------------+---------------------+
| paymentdate | onlinepayments | onlinepaymentamount |
+-------------+----------------+---------------------+
| 2020-10-20  |            165 |         99466.83000 |
| 2020-10-19  |            193 |        108524.93000 |
| 2020-10-18  |            129 |         87394.35000 |
| 2020-10-17  |            157 |         97456.83000 |
| 2020-10-16  |            151 |         92590.25000 |
+-------------+----------------+---------------------+
5 rows in set (0.54 sec)

+-------------+--------------+----------------+---------------------+
| paymentyear | paymentmonth | onlinepayments | onlinepaymentamount |
+-------------+--------------+----------------+---------------------+
|        2020 |           10 |           3571 |       2301917.80000 |
|        2020 |            9 |           6132 |       3998941.54000 |
|        2020 |            8 |           6240 |       4098025.79000 |
|        2020 |            7 |           6291 |       4053825.83000 |
|        2020 |            6 |           6133 |       4006312.90000 |
+-------------+--------------+----------------+---------------------+
5 rows in set (0.13 sec)

mysql> mysql \. C:\workspace\cloud\code\sql\_DailyScript\currenttime.sql
+---------------------+
| currenttime         |
+---------------------+
| 2020-10-21 09:36:30 |
+---------------------+
1 row in set (0.00 sec)

mysql> 
mysql> mysql \. C:\workspace\cloud\code\sql\_DailyScript\DAILY-SCRIPT-ACTIVENUMBERS.sql
Database changed
Query OK, 1168 rows affected (0.54 sec)
Records: 1168  Deleted: 0  Skipped: 0  Warnings: 0

+------------+----------+
| period     | count(1) |
+------------+----------+
| 2020-10-20 |     1168 |
| 2020-10-19 |     1167 |
| 2020-10-18 |     1166 |
| 2020-10-17 |     1166 |
| 2020-10-16 |     1167 |
+------------+----------+
5 rows in set (0.01 sec)

Query OK, 0 rows affected (0.01 sec)

Query OK, 79 rows affected (1.43 sec)
Records: 79  Duplicates: 0  Warnings: 0

+-------------+
| packagelist |
+-------------+
|          79 |
+-------------+
1 row in set (0.00 sec)

Database changed
Query OK, 0 rows affected (0.01 sec)

Query OK, 0 rows affected (0.00 sec)

Query OK, 0 rows affected (0.00 sec)

Query OK, 0 rows affected (0.00 sec)

Query OK, 27944 rows affected, 192 warnings (24.47 sec)
Records: 27944  Deleted: 0  Skipped: 0  Warnings: 192

+------------+----------+
| period     | count(1) |
+------------+----------+
| 2020-10-20 |    27944 |
| 2020-10-19 |    27828 |
| 2020-10-18 |    27763 |
| 2020-10-17 |    27937 |
| 2020-10-16 |    27962 |
+------------+----------+
5 rows in set (0.14 sec)

Query OK, 0 rows affected (0.03 sec)

Query OK, 27363 rows affected (46.61 sec)
Records: 27363  Duplicates: 0  Warnings: 0

Query OK, 0 rows affected (0.14 sec)
Records: 0  Duplicates: 0  Warnings: 0

Query OK, 0 rows affected (0.11 sec)
Records: 0  Duplicates: 0  Warnings: 0

Query OK, 0 rows affected (0.11 sec)
Records: 0  Duplicates: 0  Warnings: 0

Query OK, 0 rows affected (0.07 sec)
Records: 0  Duplicates: 0  Warnings: 0

Query OK, 0 rows affected (0.09 sec)
Records: 0  Duplicates: 0  Warnings: 0

Query OK, 0 rows affected (0.08 sec)
Records: 0  Duplicates: 0  Warnings: 0

+-------------+
| countbefore |
+-------------+
|    40102810 |
+-------------+
1 row in set (15.30 sec)

Query OK, 27363 rows affected (7.11 sec)
Records: 27363  Duplicates: 0  Warnings: 0

+------------+
| countafter |
+------------+
|   40130173 |
+------------+
1 row in set (14.41 sec)

+------------+--------------------------+
| period     | customercontractactivity |
+------------+--------------------------+
| 2020-10-20 |                    27363 |
| 2020-10-19 |                    27248 |
| 2020-10-18 |                    27185 |
| 2020-10-17 |                    27359 |
| 2020-10-16 |                    27384 |
+------------+--------------------------+
5 rows in set (0.04 sec)

Query OK, 0 rows affected (0.04 sec)

Query OK, 281647 rows affected (7 min 34.29 sec)
Records: 281647  Duplicates: 0  Warnings: 0

Query OK, 0 rows affected (0.95 sec)
Records: 0  Duplicates: 0  Warnings: 0

Query OK, 0 rows affected (1.01 sec)
Records: 0  Duplicates: 0  Warnings: 0

Query OK, 0 rows affected (1.04 sec)
Records: 0  Duplicates: 0  Warnings: 0

Query OK, 0 rows affected (0.00 sec)

Query OK, 231 rows affected (0.42 sec)
Records: 231  Duplicates: 0  Warnings: 0

Query OK, 0 rows affected (0.00 sec)

Query OK, 2670 rows affected (0.56 sec)
Records: 2670  Duplicates: 0  Warnings: 0

Query OK, 0 rows affected (0.02 sec)

Query OK, 27344 rows affected (0.52 sec)
Records: 27344  Duplicates: 0  Warnings: 0

Query OK, 0 rows affected (0.00 sec)

Query OK, 17200 rows affected (0.34 sec)
Records: 17200  Duplicates: 0  Warnings: 0

Query OK, 0 rows affected (0.01 sec)

Query OK, 17200 rows affected (0.13 sec)
Records: 17200  Duplicates: 0  Warnings: 0

Query OK, 0 rows affected (0.02 sec)

Query OK, 17200 rows affected (1.10 sec)
Records: 17200  Duplicates: 0  Warnings: 0

Query OK, 0 rows affected (0.03 sec)

Query OK, 17200 rows affected (43.34 sec)
Records: 17200  Duplicates: 0  Warnings: 0

+-------------+
| clientstats |
+-------------+
|       17200 |
+-------------+
1 row in set (0.02 sec)

Query OK, 0 rows affected (0.01 sec)

Query OK, 13 rows affected, 1 warning (0.09 sec)
Records: 13  Duplicates: 0  Warnings: 1

+-----------------------+-------------+-------------+----------------+-----------------+
| services              | activecount | allaccounts | uniqueaccounts | uniquecontracts |
+-----------------------+-------------+-------------+----------------+-----------------+
| All                   |         348 |          55 |             55 |             179 |
| Internet & Voice      |         352 |         157 |            157 |             306 |
| Internet Only         |        4346 |        4213 |           4204 |            4256 |
| OTT Only              |           1 |           1 |              1 |               1 |
| TV & Internet         |        9400 |        4254 |           4245 |            8648 |
| TV & Internet & OTT   |        3120 |         796 |            794 |            1655 |
| TV & Internet & Voice |         518 |         154 |            154 |             474 |
| TV & OTT              |         358 |          73 |             72 |              89 |
| TV & Voice            |          90 |          42 |             42 |              85 |
| TV & Voice & OTT      |          10 |           2 |              2 |               4 |
| TV Only               |        9388 |        7314 |           7300 |            7510 |
| Voice Only            |         141 |         139 |            139 |             141 |
| GRAND TOTAL           |       28072 |       17200 |          17118 |           23348 |
+-----------------------+-------------+-------------+----------------+-----------------+
13 rows in set (0.02 sec)

+-------------+-------------+-------------+----------------+-----------------+
| network     | activecount | allaccounts | uniqueaccounts | uniquecontracts |
+-------------+-------------+-------------+----------------+-----------------+
| GPON        |        9770 |        5016 |           5013 |            7763 |
| HFC         |       18302 |       12184 |          12184 |           15585 |
| GRAND TOTAL |       28072 |       17200 |          17118 |           23348 |
+-------------+-------------+-------------+----------------+-----------------+
3 rows in set, 1 warning (0.14 sec)

+-------------+-----------------------+-------------+-------------+----------------+-----------------+
| network     | services              | activecount | allaccounts | uniqueaccounts | uniquecontracts |
+-------------+-----------------------+-------------+-------------+----------------+-----------------+
| GPON        | All                   |         205 |          33 |             33 |             105 |
| GPON        | Internet & Voice      |          66 |          27 |             27 |              56 |
| GPON        | Internet Only         |        1259 |        1145 |           1145 |            1170 |
| GPON        | TV & Internet         |        4076 |        1809 |           1809 |            3702 |
| GPON        | TV & Internet & OTT   |        1789 |         449 |            449 |             941 |
| GPON        | TV & Internet & Voice |         212 |          62 |             62 |             195 |
| GPON        | TV & OTT              |         117 |          36 |             36 |              40 |
| GPON        | TV & Voice            |          50 |          23 |             23 |              47 |
| GPON        | TV Only               |        1982 |        1419 |           1419 |            1493 |
| GPON        | Voice Only            |          14 |          13 |             13 |              14 |
| GPON        | Services Total        |        9770 |        5016 |           5013 |            7763 |
| HFC         | All                   |         143 |          22 |             22 |              74 |
| HFC         | Internet & Voice      |         286 |         130 |            130 |             250 |
| HFC         | Internet Only         |        3087 |        3068 |           3068 |            3086 |
| HFC         | OTT Only              |           1 |           1 |              1 |               1 |
| HFC         | TV & Internet         |        5324 |        2445 |           2445 |            4946 |
| HFC         | TV & Internet & OTT   |        1331 |         347 |            347 |             714 |
| HFC         | TV & Internet & Voice |         306 |          92 |             92 |             279 |
| HFC         | TV & OTT              |         241 |          37 |             37 |              49 |
| HFC         | TV & Voice            |          40 |          19 |             19 |              38 |
| HFC         | TV & Voice & OTT      |          10 |           2 |              2 |               4 |
| HFC         | TV Only               |        7406 |        5895 |           5895 |            6017 |
| HFC         | Voice Only            |         127 |         126 |            126 |             127 |
| HFC         | Services Total        |       18302 |       12184 |          12184 |           15585 |
| GRAND TOTAL | Services Total        |       28072 |       17200 |          17118 |           23348 |
+-------------+-----------------------+-------------+-------------+----------------+-----------------+
25 rows in set, 2 warnings (0.14 sec)

Query OK, 0 rows affected (0.02 sec)

Query OK, 41 rows affected, 3 warnings (0.19 sec)
Records: 41  Duplicates: 0  Warnings: 3

+-------------+---------------+-----------------------+-------------+-------------+----------------+-----------------+
| region      | network       | services              | activecount | allaccounts | uniqueaccounts | uniquecontracts |
+-------------+---------------+-----------------------+-------------+-------------+----------------+-----------------+
| Mahe        | GPON          | All                   |         174 |          28 |             28 |              90 |
| Mahe        | GPON          | Internet & Voice      |          56 |          22 |             22 |              46 |
| Mahe        | GPON          | Internet Only         |        1024 |         910 |            910 |             935 |
| Mahe        | GPON          | TV & Internet         |        3275 |        1447 |           1447 |            2963 |
| Mahe        | GPON          | TV & Internet & OTT   |        1409 |         341 |            341 |             720 |
| Mahe        | GPON          | TV & Internet & Voice |         196 |          57 |             57 |             179 |
| Mahe        | GPON          | TV & OTT              |          83 |          22 |             22 |              25 |
| Mahe        | GPON          | TV & Voice            |          46 |          21 |             21 |              43 |
| Mahe        | GPON          | TV Only               |        1616 |        1129 |           1129 |            1189 |
| Mahe        | GPON          | Voice Only            |          13 |          12 |             12 |              13 |
| Mahe        | GPON          | Services Total        |        7892 |        3989 |           3989 |            6203 |
| Mahe        | HFC           | All                   |         143 |          22 |             22 |              74 |
| Mahe        | HFC           | Internet & Voice      |         286 |         130 |            130 |             250 |
| Mahe        | HFC           | Internet Only         |        3086 |        3067 |           3067 |            3085 |
| Mahe        | HFC           | OTT Only              |           1 |           1 |              1 |               1 |
| Mahe        | HFC           | TV & Internet         |        5324 |        2445 |           2445 |            4946 |
| Mahe        | HFC           | TV & Internet & OTT   |        1331 |         347 |            347 |             714 |
| Mahe        | HFC           | TV & Internet & Voice |         306 |          92 |             92 |             279 |
| Mahe        | HFC           | TV & OTT              |         241 |          37 |             37 |              49 |
| Mahe        | HFC           | TV & Voice            |          40 |          19 |             19 |              38 |
| Mahe        | HFC           | TV & Voice & OTT      |          10 |           2 |              2 |               4 |
| Mahe        | HFC           | TV Only               |        7401 |        5892 |           5892 |            6014 |
| Mahe        | HFC           | Voice Only            |         127 |         126 |            126 |             127 |
| Mahe        | HFC           | Services Total        |       18296 |       12180 |          12180 |           15581 |
| Mahe        | Network Total | Services Total        |       26188 |       16169 |          16091 |           21784 |
| Praslin     | GPON          | All                   |          31 |           5 |              5 |              15 |
| Praslin     | GPON          | Internet & Voice      |          10 |           5 |              5 |              10 |
| Praslin     | GPON          | Internet Only         |         235 |         235 |            235 |             235 |
| Praslin     | GPON          | TV & Internet         |         801 |         362 |            362 |             739 |
| Praslin     | GPON          | TV & Internet & OTT   |         380 |         108 |            108 |             221 |
| Praslin     | GPON          | TV & Internet & Voice |          16 |           5 |              5 |              16 |
| Praslin     | GPON          | TV & OTT              |          34 |          14 |             14 |              15 |
| Praslin     | GPON          | TV & Voice            |           4 |           2 |              2 |               4 |
| Praslin     | GPON          | TV Only               |         366 |         290 |            290 |             304 |
| Praslin     | GPON          | Voice Only            |           1 |           1 |              1 |               1 |
| Praslin     | GPON          | Services Total        |        1878 |        1027 |           1027 |            1560 |
| Praslin     | HFC           | Internet Only         |           1 |           1 |              1 |               1 |
| Praslin     | HFC           | TV Only               |           5 |           3 |              3 |               3 |
| Praslin     | HFC           | Services Total        |           6 |           4 |              4 |               4 |
| Praslin     | Network Total | Services Total        |        1884 |        1031 |           1030 |            1564 |
| GRAND TOTAL | Network Total | Services Total        |       28072 |       17200 |          17118 |           23348 |
+-------------+---------------+-----------------------+-------------+-------------+----------------+-----------------+
41 rows in set (0.00 sec)

Query OK, 0 rows affected (0.02 sec)

Query OK, 27345 rows affected (0.44 sec)
Records: 27345  Duplicates: 0  Warnings: 0

Query OK, 0 rows affected (0.02 sec)

Query OK, 2176 rows affected (1.50 sec)
Records: 2176  Duplicates: 0  Warnings: 0

+--------------------------------------+
| message                              |
+--------------------------------------+
| running rcbill_my.sp_ActiveNumber2() |
+--------------------------------------+
1 row in set (0.00 sec)

Query OK, 365 rows affected (1 min 50.59 sec)

mysql> mysql \. C:\workspace\cloud\code\sql\_DailyScript\currenttime.sql
+---------------------+
| currenttime         |
+---------------------+
| 2020-10-21 09:48:38 |
+---------------------+
1 row in set (0.00 sec)

mysql> 
mysql> mysql \. C:\workspace\cloud\code\sql\_DailyScript\GetActiveNumbers Average -Pivot.sql
Database changed
+-------------------------------------+
| @today := subdate(current_date(),1) |
+-------------------------------------+
| 2020-10-20                          |
+-------------------------------------+
1 row in set (0.00 sec)

+-------------------------------------+
| @lastdayofmonth := last_day(@today) |
+-------------------------------------+
| 2020-10-31                          |
+-------------------------------------+
1 row in set (0.00 sec)

Query OK, 0 rows affected (0.01 sec)

Query OK, 42503 rows affected, 65535 warnings (52.13 sec)
Records: 42503  Duplicates: 0  Warnings: 86344

Query OK, 0 rows affected (0.10 sec)
Records: 0  Duplicates: 0  Warnings: 0

Query OK, 0 rows affected (0.12 sec)
Records: 0  Duplicates: 0  Warnings: 0

Query OK, 0 rows affected (0.09 sec)
Records: 0  Duplicates: 0  Warnings: 0

+-----------------+
| activenumberavg |
+-----------------+
|           42503 |
+-----------------+
1 row in set (0.02 sec)

Query OK, 0 rows affected (0.02 sec)

Query OK, 1920 rows affected (0.50 sec)
Records: 1920  Duplicates: 0  Warnings: 0

+---------------------+
| rep_activenumberavg |
+---------------------+
|                1920 |
+---------------------+
1 row in set (0.01 sec)

+----------------------+
| rep_activenumberavg1 |
+----------------------+
|                  898 |
+----------------------+
1 row in set (0.00 sec)

Query OK, 0 rows affected (0.01 sec)

Query OK, 2215 rows affected (0.38 sec)
Records: 2215  Duplicates: 0  Warnings: 0

Query OK, 0 rows affected (0.00 sec)

Query OK, 11354 rows affected (0.71 sec)
Records: 11354  Duplicates: 0  Warnings: 0

Query OK, 0 rows affected (0.00 sec)

Query OK, 0 rows affected (0.01 sec)

Query OK, 0 rows affected (0.01 sec)

Query OK, 0 rows affected (0.00 sec)

Query OK, 0 rows affected (0.00 sec)
Statement prepared

Query OK, 53 rows affected (0.04 sec)
Records: 53  Duplicates: 0  Warnings: 0

Query OK, 0 rows affected (0.00 sec)

Query OK, 0 rows affected (0.00 sec)

+----------------------+
| rep_activenumberavg2 |
+----------------------+
|                 2215 |
+----------------------+
1 row in set (0.00 sec)

+------------------------+
| rep_activenumberavg_pv |
+------------------------+
|                     53 |
+------------------------+
1 row in set (0.00 sec)

Query OK, 0 rows affected (0.01 sec)

Query OK, 2214 rows affected (0.33 sec)
Records: 2214  Duplicates: 0  Warnings: 0

Query OK, 0 rows affected (0.00 sec)

Query OK, 0 rows affected (0.01 sec)

Query OK, 0 rows affected (0.01 sec)

Query OK, 0 rows affected (0.00 sec)

Query OK, 0 rows affected (0.00 sec)
Statement prepared

Query OK, 53 rows affected (0.04 sec)
Records: 53  Duplicates: 0  Warnings: 0

Query OK, 0 rows affected (0.00 sec)

Query OK, 0 rows affected (0.00 sec)

+-------------------------+
| rep_activenumberavgMahe |
+-------------------------+
|                    2214 |
+-------------------------+
1 row in set (0.00 sec)

+----------------------------+
| rep_activenumberavgMahe_pv |
+----------------------------+
|                         53 |
+----------------------------+
1 row in set (0.00 sec)

Query OK, 0 rows affected (0.00 sec)

Query OK, 1414 rows affected (0.15 sec)
Records: 1414  Duplicates: 0  Warnings: 0

Query OK, 0 rows affected (0.00 sec)

Query OK, 0 rows affected (0.00 sec)

Query OK, 0 rows affected (0.01 sec)

Query OK, 0 rows affected (0.00 sec)

Query OK, 0 rows affected (0.00 sec)
Statement prepared

Query OK, 40 rows affected (0.03 sec)
Records: 40  Duplicates: 0  Warnings: 0

Query OK, 0 rows affected (0.00 sec)

Query OK, 0 rows affected (0.00 sec)

+----------------------------+
| rep_activenumberavgPraslin |
+----------------------------+
|                       1414 |
+----------------------------+
1 row in set (0.00 sec)

+-------------------------------+
| rep_activenumberavgPraslin_pv |
+-------------------------------+
|                            40 |
+-------------------------------+
1 row in set (0.00 sec)

mysql> mysql \. C:\workspace\cloud\code\sql\_DailyScript\currenttime.sql
+---------------------+
| currenttime         |
+---------------------+
| 2020-10-21 09:49:33 |
+---------------------+
1 row in set (0.00 sec)

mysql> 
mysql> mysql \. C:\workspace\cloud\code\sql\_DailyScript\budget_actual_analysis_2020.sql
Query OK, 0 rows affected (0.01 sec)

Query OK, 922 rows affected, 3 warnings (0.21 sec)
Records: 922  Duplicates: 0  Warnings: 3

+--------------------+
| budget_actual_2020 |
+--------------------+
|                922 |
+--------------------+
1 row in set (0.00 sec)

Query OK, 0 rows affected (0.01 sec)

Query OK, 48 rows affected (0.03 sec)
Records: 48  Duplicates: 0  Warnings: 0

+---------------------------+
| rep_budget_actual_2020_pv |
+---------------------------+
|                        48 |
+---------------------------+
1 row in set (0.00 sec)

mysql> mysql \. C:\workspace\cloud\code\sql\_DailyScript\currenttime.sql
+---------------------+
| currenttime         |
+---------------------+
| 2020-10-21 09:49:33 |
+---------------------+
1 row in set (0.00 sec)

mysql> 
mysql> mysql \. C:\workspace\cloud\code\sql\_DailyScript\reports-sales-addons-prepaid-camera.sql
Database changed
Query OK, 0 rows affected (0.00 sec)

Query OK, 4180 rows affected (0.20 sec)
Records: 4180  Duplicates: 0  Warnings: 0

Query OK, 0 rows affected (0.02 sec)

Query OK, 20905 rows affected (15.94 sec)
Records: 20905  Duplicates: 0  Warnings: 0

+--------------------+
| rep_prepaid_camera |
+--------------------+
|               4180 |
+--------------------+
1 row in set (0.00 sec)

+-----------+
| rep_addon |
+-----------+
|     20905 |
+-----------+
1 row in set (0.02 sec)

mysql> mysql \. C:\workspace\cloud\code\sql\_DailyScript\currenttime.sql
+---------------------+
| currenttime         |
+---------------------+
| 2020-10-21 09:49:49 |
+---------------------+
1 row in set (0.00 sec)

mysql> 
mysql> mysql \. C:\workspace\cloud\code\sql\_DailyScript\housing-estate-analysis.sql
Database changed
Query OK, 0 rows affected (0.00 sec)

Query OK, 3232 rows affected (59.13 sec)
Records: 3232  Duplicates: 0  Warnings: 0

+--------------------+
| rep_housingestates |
+--------------------+
|               3232 |
+--------------------+
1 row in set (0.00 sec)

mysql> mysql \. C:\workspace\cloud\code\sql\_DailyScript\currenttime.sql
+---------------------+
| currenttime         |
+---------------------+
| 2020-10-21 09:50:48 |
+---------------------+
1 row in set (0.00 sec)

mysql> 
mysql> mysql \. C:\workspace\cloud\code\sql\_DailyScript\RCB_ClientAnalyticsReport_Script.sql
Database changed
Query OK, 0 rows affected (0.00 sec)

Query OK, 0 rows affected (0.06 sec)

Query OK, 1968245 rows affected (1 min 15.10 sec)
Records: 1968245  Duplicates: 0  Warnings: 0

Query OK, 0 rows affected (5.92 sec)
Records: 0  Duplicates: 0  Warnings: 0

Query OK, 0 rows affected (4.78 sec)
Records: 0  Duplicates: 0  Warnings: 0

Query OK, 0 rows affected (10.71 sec)
Records: 0  Duplicates: 0  Warnings: 0

Query OK, 0 rows affected (7.47 sec)
Records: 0  Duplicates: 0  Warnings: 0

Query OK, 0 rows affected (9.51 sec)
Records: 0  Duplicates: 0  Warnings: 0

Query OK, 0 rows affected (6.93 sec)
Records: 0  Duplicates: 0  Warnings: 0

Query OK, 0 rows affected (0.00 sec)

Query OK, 493544 rows affected (16.88 sec)
Rows matched: 1968245  Changed: 493544  Warnings: 0

Query OK, 0 rows affected (0.00 sec)

Query OK, 28153 rows affected (4.17 sec)
Records: 28153  Duplicates: 0  Warnings: 0

Query OK, 0 rows affected (0.02 sec)

Query OK, 44209 rows affected (10 min 25.71 sec)
Records: 44209  Duplicates: 0  Warnings: 0

Query OK, 0 rows affected (0.22 sec)
Records: 0  Duplicates: 0  Warnings: 0

Query OK, 0 rows affected (0.14 sec)
Records: 0  Duplicates: 0  Warnings: 0

Query OK, 0 rows affected (0.10 sec)
Records: 0  Duplicates: 0  Warnings: 0

Query OK, 0 rows affected (0.02 sec)

Query OK, 460636 rows affected (15 min 2.90 sec)
Records: 460636  Duplicates: 0  Warnings: 0

Query OK, 0 rows affected (1.56 sec)
Records: 0  Duplicates: 0  Warnings: 0

Query OK, 0 rows affected (1.55 sec)
Records: 0  Duplicates: 0  Warnings: 0

Query OK, 0 rows affected (0.88 sec)
Records: 0  Duplicates: 0  Warnings: 0

Query OK, 0 rows affected (1.91 sec)
Records: 0  Duplicates: 0  Warnings: 0

Query OK, 0 rows affected (1.77 sec)
Records: 0  Duplicates: 0  Warnings: 0

Query OK, 0 rows affected (0.01 sec)

Query OK, 44209 rows affected (1 min 26.14 sec)
Records: 44209  Duplicates: 0  Warnings: 0

+--------------+
| clientreport |
+--------------+
|        44209 |
+--------------+
1 row in set (0.02 sec)

Query OK, 0 rows affected (0.02 sec)

Query OK, 44209 rows affected (5.75 sec)
Records: 44209  Duplicates: 0  Warnings: 0

+----------------------+
| clientextendedreport |
+----------------------+
|                44209 |
+----------------------+
1 row in set (0.02 sec)

Query OK, 0 rows affected (0.00 sec)

Query OK, 44209 rows affected (53.84 sec)
Records: 44209  Duplicates: 0  Warnings: 0

+---------+
| allcust |
+---------+
|   44209 |
+---------+
1 row in set (0.01 sec)

Query OK, 0 rows affected, 1 warning (0.00 sec)

Query OK, 5000 rows affected (0.12 sec)
Records: 5000  Duplicates: 0  Warnings: 0

Query OK, 0 rows affected (0.02 sec)

Query OK, 6898 rows affected (0.33 sec)
Records: 6898  Duplicates: 0  Warnings: 0

Query OK, 0 rows affected, 1 warning (0.00 sec)

Query OK, 5000 rows affected (0.16 sec)
Records: 5000  Duplicates: 0  Warnings: 0

Query OK, 0 rows affected (0.01 sec)

Query OK, 7231 rows affected (0.18 sec)
Records: 7231  Duplicates: 0  Warnings: 0

mysql> mysql \. C:\workspace\cloud\code\sql\_DailyScript\currenttime.sql
+---------------------+
| currenttime         |
+---------------------+
| 2020-10-21 10:21:13 |
+---------------------+
1 row in set (0.00 sec)

mysql> 
mysql> 
mysql> mysql \. C:\workspace\cloud\code\sql\_DailyScript\REVENUE_PER_NODE_MXK.sql
Query OK, 0 rows affected (0.02 sec)

Query OK, 0 rows affected (0.00 sec)

Query OK, 0 rows affected (0.02 sec)

Query OK, 6829 rows affected (2.12 sec)
Records: 6829  Duplicates: 0  Warnings: 0

+----------------------+
| message              |
+----------------------+
| created temp table a |
+----------------------+
1 row in set (0.00 sec)

Query OK, 6786 rows affected (1.00 sec)
Records: 6786  Duplicates: 0  Warnings: 0

+----------------------+
| message              |
+----------------------+
| created temp table b |
+----------------------+
1 row in set (0.00 sec)

Query OK, 0 rows affected, 1 warning (0.00 sec)

Query OK, 7136 rows affected (14.73 sec)
Records: 7136  Duplicates: 0  Warnings: 0

+--------------------------------+
| message                        |
+--------------------------------+
| created rcbill_my.tempcustmxk1 |
+--------------------------------+
1 row in set (0.00 sec)

Query OK, 0 rows affected (0.00 sec)

Query OK, 0 rows affected (0.00 sec)

Query OK, 0 rows affected, 1 warning (0.00 sec)

Query OK, 6829 rows affected (1.51 sec)
Records: 6829  Duplicates: 0  Warnings: 0

+----------------+
| message        |
+----------------+
| created temp a |
+----------------+
1 row in set (0.00 sec)

Query OK, 6786 rows affected (0.83 sec)
Records: 6786  Duplicates: 0  Warnings: 0

+----------------+
| message        |
+----------------+
| created temp b |
+----------------+
1 row in set (0.00 sec)

Query OK, 0 rows affected, 1 warning (0.00 sec)

Query OK, 6886 rows affected (9.65 sec)
Records: 6886  Duplicates: 0  Warnings: 0

+--------------------------------+
| message                        |
+--------------------------------+
| created rcbill_my.tempcustmxk2 |
+--------------------------------+
1 row in set (0.00 sec)

Query OK, 0 rows affected (0.00 sec)

Query OK, 0 rows affected (0.00 sec)

Query OK, 0 rows affected, 1 warning (0.00 sec)

Query OK, 0 rows affected (0.00 sec)

Query OK, 8006 rows affected (0.38 sec)
Records: 8006  Duplicates: 0  Warnings: 0

+---------------------------------+
| message                         |
+---------------------------------+
| created rcbill_my.customers_mxk |
+---------------------------------+
1 row in set (0.00 sec)

Query OK, 0 rows affected (0.00 sec)

Query OK, 0 rows affected (0.00 sec)

Query OK, 14340 rows affected (5.55 sec)
Records: 14340  Duplicates: 0  Warnings: 0

+----------------+
| message        |
+----------------+
| created temp a |
+----------------+
1 row in set (0.00 sec)

Query OK, 19587 rows affected (1.63 sec)
Records: 19587  Duplicates: 0  Warnings: 0

+----------------+
| message        |
+----------------+
| created temp c |
+----------------+
1 row in set (0.00 sec)

Query OK, 0 rows affected, 1 warning (0.00 sec)

Query OK, 27322 rows affected (0.32 sec)
Records: 27322  Duplicates: 0  Warnings: 0

+---------------------------------+
| message                         |
+---------------------------------+
| created rcbill_my.tempcustcmts1 |
+---------------------------------+
1 row in set (0.00 sec)

Query OK, 0 rows affected (0.00 sec)

Query OK, 0 rows affected, 1 warning (0.00 sec)

Query OK, 0 rows affected (0.02 sec)

Query OK, 14340 rows affected (5.70 sec)
Records: 14340  Duplicates: 0  Warnings: 0

+----------------+
| message        |
+----------------+
| created temp a |
+----------------+
1 row in set (0.00 sec)

Query OK, 19587 rows affected (1.51 sec)
Records: 19587  Duplicates: 0  Warnings: 0

+----------------+
| message        |
+----------------+
| created temp c |
+----------------+
1 row in set (0.00 sec)

Query OK, 0 rows affected, 1 warning (0.00 sec)

Query OK, 20284 rows affected (0.25 sec)
Records: 20284  Duplicates: 0  Warnings: 0

+---------------------------------+
| message                         |
+---------------------------------+
| created rcbill_my.tempcustcmts2 |
+---------------------------------+
1 row in set (0.00 sec)

Query OK, 0 rows affected (0.01 sec)

Query OK, 0 rows affected, 1 warning (0.00 sec)

Query OK, 0 rows affected (0.01 sec)

Query OK, 0 rows affected (0.01 sec)

Query OK, 14513 rows affected (0.93 sec)
Records: 14513  Duplicates: 0  Warnings: 0

+----------------------------------+
| message                          |
+----------------------------------+
| created rcbill_my.customers_cmts |
+----------------------------------+
1 row in set (0.00 sec)

Query OK, 0 rows affected (0.00 sec)

Query OK, 0 rows affected (0.01 sec)

Query OK, 0 rows affected (0.00 sec)

Query OK, 18848 rows affected (0.82 sec)
Records: 18848  Duplicates: 0  Warnings: 0

+--------------------------------------+
| message                              |
+--------------------------------------+
| created rcbill_my.customers_cmts_mxk |
+--------------------------------------+
1 row in set (0.00 sec)

Query OK, 488503 rows affected (1 min 2.57 sec)
Records: 488503  Duplicates: 0  Warnings: 0

+----------------+
| message        |
+----------------+
| created temp a |
+----------------+
1 row in set (0.00 sec)

Query OK, 0 rows affected (0.02 sec)

Query OK, 489247 rows affected (11.41 sec)
Records: 489247  Duplicates: 0  Warnings: 0

+------------------------------------------------+
| message                                        |
+------------------------------------------------+
| created rcbill_my.customers_contracts_cmts_mxk |
+------------------------------------------------+
1 row in set (0.00 sec)

Query OK, 0 rows affected (0.00 sec)

Query OK, 0 rows affected, 1 warning (0.00 sec)

Query OK, 0 rows affected, 1 warning (0.00 sec)

Query OK, 0 rows affected (0.02 sec)

Query OK, 8439 rows affected (2.85 sec)
Rows matched: 8439  Changed: 8439  Warnings: 0

+------------------------------------------------+
| message                                        |
+------------------------------------------------+
| updated rcbill_my.customers_contracts_cmts_mxk |
+------------------------------------------------+
1 row in set (0.00 sec)

Query OK, 0 rows affected (0.02 sec)

Query OK, 1980985 rows affected (4 min 3.56 sec)
Records: 1980985  Duplicates: 0  Warnings: 0

+----------------------------------------+
| message                                |
+----------------------------------------+
| created rcbill_my.customers_collection |
+----------------------------------------+
1 row in set (0.00 sec)

Query OK, 0 rows affected (0.03 sec)

Query OK, 2288115 rows affected (1 min 53.44 sec)
Records: 2288115  Duplicates: 0  Warnings: 0

+------------------------------------------------+
| message                                        |
+------------------------------------------------+
| created rcbill_my.customers_cmts_mxk_cont_coll |
+------------------------------------------------+
1 row in set (0.00 sec)

Query OK, 0 rows affected (0.03 sec)

Query OK, 446373 rows affected (2 min 16.48 sec)
Records: 446373  Duplicates: 0  Warnings: 0

+--------------------------------------------------------+
| message                                                |
+--------------------------------------------------------+
| created rcbill_my.customers_contracts_collection_pivot |
+--------------------------------------------------------+
1 row in set (0.00 sec)

Query OK, 0 rows affected (0.03 sec)

Query OK, 40271 rows affected (2 min 21.63 sec)
Records: 40271  Duplicates: 0  Warnings: 0

+----------------------------------------------+
| message                                      |
+----------------------------------------------+
| created rcbill_my.customers_collection_pivot |
+----------------------------------------------+
1 row in set (0.00 sec)

Query OK, 0 rows affected (0.01 sec)

Query OK, 44209 rows affected (2.23 sec)
Records: 44209  Duplicates: 0  Warnings: 0

+--------------------------------------------+
| message                                    |
+--------------------------------------------+
| created rcbill_my.rep_customers_collection |
+--------------------------------------------+
1 row in set (0.00 sec)

Query OK, 0 rows affected (0.00 sec)

Query OK, 0 rows affected, 1 warning (0.00 sec)

Query OK, 454399 rows affected (13.82 sec)
Records: 454399  Duplicates: 0  Warnings: 0

+-------------------------+
| message                 |
+-------------------------+
| created rcbill_my.tempa |
+-------------------------+
1 row in set (0.00 sec)

Query OK, 0 rows affected, 1 warning (0.00 sec)

Query OK, 446373 rows affected (19.35 sec)
Records: 446373  Duplicates: 0  Warnings: 0

+-------------------------+
| message                 |
+-------------------------+
| created rcbill_my.tempb |
+-------------------------+
1 row in set (0.00 sec)

Query OK, 454399 rows affected (20.79 sec)
Records: 454399  Duplicates: 0  Warnings: 0

+-----------+
| message   |
+-----------+
| created a |
+-----------+
1 row in set (0.00 sec)

Query OK, 446383 rows affected (21.70 sec)
Records: 446383  Duplicates: 0  Warnings: 0

+-----------+
| message   |
+-----------+
| created b |
+-----------+
1 row in set (0.00 sec)

Query OK, 0 rows affected (0.02 sec)

Query OK, 0 rows affected (0.03 sec)

Query OK, 0 rows affected (0.02 sec)

Query OK, 490864 rows affected (58.18 sec)
Records: 490864  Duplicates: 0  Warnings: 0

+----------------------------------------------+
| message                                      |
+----------------------------------------------+
| created rcbill_my.cust_cont_payment_cmts_mxk |
+----------------------------------------------+
1 row in set (0.00 sec)

Query OK, 0 rows affected (0.02 sec)

Query OK, 0 rows affected (0.01 sec)

Query OK, 0 rows affected, 1 warning (0.00 sec)

Query OK, 0 rows affected (0.01 sec)

Query OK, 44209 rows affected (17.93 sec)
Records: 44209  Duplicates: 0  Warnings: 0

+--------------------------------------------------+
| message                                          |
+--------------------------------------------------+
| created rcbill_my.rep_cust_cont_payment_cmts_mxk |
+--------------------------------------------------+
1 row in set (0.00 sec)

Query OK, 0 rows affected, 1 warning (0.00 sec)

Query OK, 0 rows affected, 1 warning (0.00 sec)

Query OK, 0 rows affected (0.01 sec)

Query OK, 44209 rows affected, 5 warnings (8.24 sec)
Records: 44209  Duplicates: 0  Warnings: 5

+----------------------+
| rep_custconsolidated |
+----------------------+
|                44209 |
+----------------------+
1 row in set (0.52 sec)

Query OK, 0 rows affected (0.01 sec)

+------------------------------------+
| message                            |
+------------------------------------+
| creating rcbill_my.rep_custextract |
+------------------------------------+
1 row in set (0.00 sec)

Query OK, 44209 rows affected (1.20 sec)
Records: 44209  Duplicates: 0  Warnings: 0

+-----------------+
| rep_custextract |
+-----------------+
|           44209 |
+-----------------+
1 row in set (0.02 sec)

Query OK, 0 rows affected (0.00 sec)

Query OK, 0 rows affected (0.00 sec)

+----------------------------------------------+
| message                                      |
+----------------------------------------------+
| creating rcbill_my.retentioncustomeractivity |
+----------------------------------------------+
1 row in set (0.00 sec)

Query OK, 877 rows affected (0.11 sec)
Records: 877  Duplicates: 0  Warnings: 0

+---------------------------+
| retentioncustomeractivity |
+---------------------------+
|                       877 |
+---------------------------+
1 row in set (0.00 sec)

+-----------+------------------------------------+------------+-------------+-----------------+------------------+---------------------+-------------------+
| HFC_NODE  | NODENAME                           | CMTS_DATE  | INSERTED_ON | UNIQUE_ACCOUNTS | UNIQUE_CONTRACTS | UNIQUE_MAC_INRCBOSS | UNIQUE_MAC_INCMTS |
+-----------+------------------------------------+------------+-------------+-----------------+------------------+---------------------+-------------------+
| NULL      | NULL                               | NULL       | 2020-10-21  |            6897 |             7282 |                7330 |                 0 |
| C5/0/0/U0 | ANSE-BOILEAU-2                     | 2020-07-27 | 2020-10-21  |             183 |              187 |                 183 |               188 |
| C5/0/0/U1 | 500-C3-ANSE-BOILEAU                | 2020-07-27 | 2020-10-21  |             182 |              186 |                 182 |               191 |
| C5/0/1/U0 | 501-C4-LA-MISIERE-LEFT-I           | 2020-07-27 | 2020-10-21  |             155 |              160 |                 155 |               161 |
| C5/0/1/U1 | 501-C5-LA-MISIERE-RIGHT            | 2020-07-27 | 2020-10-21  |             112 |              114 |                 112 |               115 |
| C5/0/1/U2 | 501-C7-LA-MISIERE-LEFT-II          | 2020-07-27 | 2020-10-21  |             153 |              156 |                 153 |               161 |
| C5/0/2/U0 | 502-C8-LA-LOUISE                   | 2020-07-27 | 2020-10-21  |             148 |              148 |                 148 |               151 |
| C5/0/2/U1 | LA-LOUISE-2                        | 2020-07-27 | 2020-10-21  |             142 |              144 |                 142 |               146 |
| C5/0/3/U0 | 504-C6-PETIT-PARIS                 | 2020-07-27 | 2020-10-21  |             161 |              164 |                 161 |               163 |
| C5/0/3/U1 | PETIT-PARIS-23                     | 2020-07-27 | 2020-10-21  |              80 |               82 |                  80 |                80 |
| C5/0/4/U0 | FOUR-SEASONS                       | 2020-07-27 | 2020-10-21  |               4 |                4 |                   4 |                 4 |
| C5/0/4/U1 | ANCHOR-CAFE-I                      | 2020-07-27 | 2020-10-21  |             148 |              152 |                 148 |               149 |
| C5/0/4/U2 | ANCHOR-CAFE-II                     | 2020-07-27 | 2020-10-21  |             157 |              158 |                 157 |               158 |
| C5/1/0/U0 | POINTE-LARUE-AIRPORT-23            | 2020-07-27 | 2020-10-21  |             102 |              105 |                 103 |               109 |
| C5/1/0/U1 | PPROVIDENCE-23                     | 2020-07-27 | 2020-10-21  |              19 |               21 |                  19 |                20 |
| C5/1/0/U2 | ROSHE-CAIMAN-23                    | 2020-07-27 | 2020-10-21  |              10 |               10 |                  10 |                10 |
| C5/1/0/U3 | HEAD-OFFICE | HO-23                | 2020-07-27 | 2020-10-21  |              22 |               22 |                  22 |                23 |
| C5/1/1/U1 | C5-UNION-VALE                      | 2020-07-27 | 2020-10-21  |             195 |              198 |                 195 |               198 |
| C5/1/3/U0 | POINTE-LARUE-AIRPORT-27            | 2020-07-27 | 2020-10-21  |             149 |              154 |                 149 |               153 |
| C5/1/3/U1 | PPROVIDENCE-27                     | 2020-07-27 | 2020-10-21  |              24 |               24 |                  24 |                24 |
| C5/1/3/U2 | ROSHE-CAIMAN-27                    | 2020-07-27 | 2020-10-21  |              30 |               31 |                  30 |                30 |
| C5/1/3/U3 | HEAD-OFFICE | HO-27                | 2020-07-27 | 2020-10-21  |              19 |               20 |                  19 |                19 |
| C5/1/4/U0 | ANSE-ROYALE-27                     | 2020-07-27 | 2020-10-21  |             100 |              102 |                 100 |               102 |
| C5/1/4/U1 | GLACIS-2-57                        | 2020-07-27 | 2020-10-21  |              59 |               64 |                  59 |                60 |
| C5/1/4/U2 | NULL                               | 2020-07-27 | 2020-10-21  |             104 |              106 |                 104 |               104 |
| C5/1/4/U3 | GLACIS-1                           | 2020-07-27 | 2020-10-21  |              48 |               50 |                  48 |                48 |
| C6/0/1/U0 | SERRET-ROAD-RIGHT/CURIO/PASCAL     | 2020-07-27 | 2020-10-21  |             128 |              131 |                 128 |               134 |
| C6/0/1/U1 | SERRET-ROAD-LEFT/ST.LOUIS/TOWN     | 2020-07-27 | 2020-10-21  |             107 |              113 |                 108 |               112 |
| C6/0/1/U2 | SERRET-ROAD-RIGHT/CURIO/PASCAL-2   | 2020-07-27 | 2020-10-21  |             123 |              124 |                 123 |               125 |
| C6/0/1/U3 | SERRET-ROAD-LEFT/ST.LOUIS/TOWN-2   | 2020-07-27 | 2020-10-21  |             105 |              109 |                 105 |               109 |
| C6/0/2/U0 | SANS-SOUCIS-I                      | 2020-07-27 | 2020-10-21  |             106 |              107 |                 104 |               110 |
| C6/0/2/U1 | SANS-SOUCIS-II                     | 2020-07-27 | 2020-10-21  |              98 |              101 |                  98 |               107 |
| C6/0/2/U2 | BEL-AIR-27                         | 2020-07-27 | 2020-10-21  |             116 |              123 |                 116 |               121 |
| C6/0/2/U3 | BEL-AIR-38                         | 2020-07-27 | 2020-10-21  |              75 |               76 |                  75 |                76 |
| C6/0/3/U0 | LES-MAMELLES-23                    | 2020-07-27 | 2020-10-21  |              74 |               74 |                  74 |                76 |
| C6/0/3/U1 | VICTORIA-23                        | 2020-07-27 | 2020-10-21  |               9 |                9 |                   9 |                12 |
| C6/0/4/U0 | LES-MAMELLES-27                    | 2020-07-27 | 2020-10-21  |              82 |               82 |                  82 |                83 |
| C6/0/4/U1 | VICTORIA-27                        | 2020-07-27 | 2020-10-21  |              35 |               36 |                  36 |                36 |
| C7/1/0/U0 | LA-RETRAITE-23                     | 2020-07-27 | 2020-10-21  |              99 |              102 |                  99 |               102 |
| C7/1/0/U1 | TEA-FACTORY-23                     | 2020-07-27 | 2020-10-21  |              17 |               20 |                  19 |                22 |
| C7/1/0/U2 | PAS-23                             | 2020-07-27 | 2020-10-21  |              84 |               87 |                  84 |                87 |
| C7/1/1/U0 | REEF-ESTATE-23                     | 2020-07-27 | 2020-10-21  |              80 |               82 |                  80 |                83 |
| C7/1/2/U0 | LA-RETRAITE-27                     | 2020-07-27 | 2020-10-21  |              81 |               82 |                  81 |                84 |
| C7/1/2/U1 | TEA-FACTORY-27                     | 2020-07-27 | 2020-10-21  |              34 |               44 |                  35 |                37 |
| C7/1/2/U2 | PAS-27                             | 2020-07-27 | 2020-10-21  |             107 |              109 |                 107 |               110 |
| C7/1/3/U0 | MT-BUXTON-27                       | 2020-07-27 | 2020-10-21  |             161 |              163 |                 161 |               166 |
| C7/1/3/U1 | MT-BUXTON-23                       | 2020-07-27 | 2020-10-21  |              73 |               76 |                  74 |                76 |
| C7/1/4/U0 | REEF-ESTATE-27                     | 2020-07-27 | 2020-10-21  |              99 |              100 |                  99 |                99 |
| C8/0/0/U0 | POLICE-ACADEMY-1-27 - POINTE LARUE | 2020-07-27 | 2020-10-21  |             215 |              216 |                 215 |               219 |
| C8/0/0/U1 | NULL                               | 2020-07-27 | 2020-10-21  |              99 |              103 |                  99 |               103 |
| C8/0/1/U0 | NULL                               | 2020-07-27 | 2020-10-21  |             195 |              197 |                 194 |               196 |
| C8/0/1/U1 | POLICE-ACADEMY-2-27 - TURTLE BAY   | 2020-07-27 | 2020-10-21  |             160 |              164 |                 161 |               161 |
| C8/0/2/U0 | BEAU-VALLON-LEFT-1-57              | 2020-07-27 | 2020-10-21  |              29 |               29 |                  29 |                29 |
| C8/0/3/U1 | BEAU-VALLON-RIGHT-2-57             | 2020-07-27 | 2020-10-21  |              51 |               55 |                  51 |                54 |
| C8/1/0/U0 | MA-JOIE-NODE-27                    | 2020-07-27 | 2020-10-21  |              96 |               97 |                  96 |                97 |
| C8/1/0/U1 | BELONIE-27                         | 2020-07-27 | 2020-10-21  |             147 |              149 |                 146 |               150 |
| C8/1/0/U3 | MA-JOIE-NODE-23                    | 2020-07-27 | 2020-10-21  |             105 |              106 |                 104 |               105 |
| C8/1/1/U0 | 611-C1-ROJN I                      | 2020-07-27 | 2020-10-21  |             115 |              115 |                 115 |               115 |
| C8/1/1/U1 | 611-C5-ROJN II                     | 2020-07-27 | 2020-10-21  |             135 |              137 |                 135 |               136 |
| C8/1/2/U0 | 612-C2-ANSE-ETOILE                 | 2020-07-27 | 2020-10-21  |             130 |              130 |                 130 |               132 |
| C8/1/2/U1 | ANSE-ETOILE-U2                     | 2020-07-27 | 2020-10-21  |              71 |               72 |                  71 |                73 |
| C8/1/3/U0 | 613-C3-ANSE-GAULETTE I             | 2020-07-27 | 2020-10-21  |              71 |               75 |                  71 |                74 |
| C8/1/3/U1 | 613-C7-ANSE-GAULETTE II            | 2020-07-27 | 2020-10-21  |              69 |               73 |                  69 |                69 |
| C8/1/3/U2 | 613-C3-ANSE-GAULETTE III           | 2020-07-27 | 2020-10-21  |              35 |               38 |                  35 |                35 |
| C8/1/3/U3 | TAKAMAKA I                         | 2020-07-27 | 2020-10-21  |              98 |              101 |                  98 |               101 |
| C8/1/3/U4 | TAKAMAKA II                        | 2020-07-27 | 2020-10-21  |             101 |              103 |                 101 |               102 |
| C8/1/4/U0 | 614-BEOLIERE-NODE-1                | 2020-07-27 | 2020-10-21  |             120 |              126 |                 121 |               126 |
| C8/1/4/U1 | 614-BEOLIERE-NODE-2                | 2020-07-27 | 2020-10-21  |              97 |               97 |                  97 |               104 |
+-----------+------------------------------------+------------+-------------+-----------------+------------------+---------------------+-------------------+
68 rows in set (0.17 sec)

+-----------------------+------------+-------------+-----------------+------------------+----------------------+-------------------+
| MXK_NAME              | MXK_DATE   | INSERTED_ON | UNIQUE_ACCOUNTS | UNIQUE_CONTRACTS | UNIQUE_FSAN_INRCBOSS | UNIQUE_FSAN_INMXK |
+-----------------------+------------+-------------+-----------------+------------------+----------------------+-------------------+
| NULL                  | NULL       | 2020-10-21  |            1104 |             1117 |                 1106 |                 0 |
| MXK-MAHE-ANSEETOILE   | 2020-07-27 | 2020-10-21  |             376 |              380 |                  379 |               398 |
| MXK-MAHE-ANSEROYALE   | 2020-07-27 | 2020-10-21  |             175 |              175 |                  174 |               198 |
| MXK-MAHE-BEAUVALLON-1 | 2020-07-27 | 2020-10-21  |            1807 |             1829 |                 1820 |              1919 |
| MXK-MAHE-BEAUVALLON-2 | 2020-07-27 | 2020-10-21  |              25 |               25 |                   25 |                30 |
| MXK-MAHE-PERSEVERANCE | 2020-07-27 | 2020-10-21  |            1057 |             1067 |                 1068 |              1241 |
| MXK-MAHE-PROVIDENCE   | 2020-07-27 | 2020-10-21  |             986 |             1014 |                  942 |              1192 |
| MXK-PRASLIN-GRANDANSE | 2020-07-27 | 2020-10-21  |            1292 |             1295 |                 1288 |              1514 |
+-----------------------+------------+-------------+-----------------+------------------+----------------------+-------------------+
8 rows in set (0.08 sec)

mysql> mysql \. C:\workspace\cloud\code\sql\_DailyScript\currenttime.sql
+---------------------+
| currenttime         |
+---------------------+
| 2020-10-21 10:36:37 |
+---------------------+
1 row in set (0.00 sec)

mysql> 
mysql> 
mysql> mysql \. C:\workspace\cloud\code\sql\Analysis\service_tickets_assignments.sql
Query OK, 0 rows affected (0.05 sec)

Query OK, 91883 rows affected (15.37 sec)
Records: 91883  Duplicates: 0  Warnings: 0

+-------------------------+
| rep_servicetickets_2020 |
+-------------------------+
|                   91883 |
+-------------------------+
1 row in set (2.20 sec)

mysql> mysql \. C:\workspace\cloud\code\sql\_DailyScript\currenttime.sql
+---------------------+
| currenttime         |
+---------------------+
| 2020-10-21 10:36:55 |
+---------------------+
1 row in set (0.00 sec)

mysql> 
mysql> 
mysql> exit
