    -> 
    -> mysql \. C:\workspace\cloud\code\sql\_DailyScript\_setdates.sql
Database changed
Query OK, 0 rows affected (0.00 sec)

Query OK, 0 rows affected (0.00 sec)

Query OK, 0 rows affected (0.00 sec)

Query OK, 0 rows affected (0.00 sec)

Query OK, 0 rows affected (0.00 sec)

Query OK, 0 rows affected (0.00 sec)

Query OK, 0 rows affected (0.00 sec)

Query OK, 0 rows affected (0.00 sec)

Query OK, 0 rows affected (0.00 sec)

Query OK, 0 rows affected (0.00 sec)

Query OK, 0 rows affected (0.00 sec)

Query OK, 0 rows affected (0.00 sec)

Query OK, 0 rows affected (0.00 sec)

Query OK, 0 rows affected (0.00 sec)

Query OK, 0 rows affected (0.00 sec)

Query OK, 0 rows affected (0.00 sec)

Query OK, 0 rows affected (0.00 sec)

Query OK, 0 rows affected (0.00 sec)

Query OK, 0 rows affected (0.00 sec)

Query OK, 0 rows affected (0.00 sec)

Query OK, 0 rows affected (0.00 sec)

mysql> mysql \. C:\workspace\cloud\code\sql\_DailyScript\currenttime.sql
+---------------------+
| currenttime         |
+---------------------+
| 2021-01-25 09:02:13 |
+---------------------+
1 row in set (0.00 sec)

mysql> 
mysql> mysql \. C:\workspace\cloud\code\sql\_DailyScript\load_RCB_VODTITLES.sql
Database changed
Query OK, 0 rows affected (0.00 sec)

Query OK, 13589 rows affected (0.14 sec)

Query OK, 13591 rows affected, 13591 warnings (0.26 sec)
Records: 13591  Deleted: 0  Skipped: 0  Warnings: 13591

Query OK, 0 rows affected (0.00 sec)

Query OK, 2 rows affected (0.02 sec)

+-----------+
| VODTITLES |
+-----------+
|     14049 |
+-----------+
1 row in set (0.01 sec)

+-----------+-----------+
| titletype | typecount |
+-----------+-----------+
| E         |     11354 |
| N         |       252 |
| T         |      1983 |
| NULL      |     13589 |
+-----------+-----------+
4 rows in set (0.04 sec)

mysql> mysql \. C:\workspace\cloud\code\sql\_DailyScript\currenttime.sql
+---------------------+
| currenttime         |
+---------------------+
| 2021-01-25 09:02:14 |
+---------------------+
1 row in set (0.00 sec)

mysql> 
mysql> mysql \. C:\workspace\cloud\code\sql\_DailyScript\DAILY-SCRIPT-LIVETV-STATS.sql
Database changed
Query OK, 0 rows affected (0.01 sec)

Query OK, 105238 rows affected (1.18 sec)
Records: 105238  Duplicates: 0  Warnings: 0

+------------+------------+----------+--------------+--------------+-----------+-------------+----------+--------+------+------------+---------+---------------+
| Table      | Non_unique | Key_name | Seq_in_index | Column_name  | Collation | Cardinality | Sub_part | Packed | Null | Index_type | Comment | Index_comment |
+------------+------------+----------+--------------+--------------+-----------+-------------+----------+--------+------+------------+---------+---------------+
| templivetv |          1 | idxtv1   |            1 | device       | A         |      105756 |     NULL | NULL   | YES  | BTREE      |         |               |
| templivetv |          1 | idxtv2   |            1 | sessionstart | A         |      105756 |     NULL | NULL   | YES  | BTREE      |         |               |
+------------+------------+----------+--------------+--------------+-----------+-------------+----------+--------+------+------------+---------+---------------+
2 rows in set (0.00 sec)

Query OK, 104768 rows affected (13.52 sec)
Records: 104768  Duplicates: 0  Warnings: 0

Query OK, 2632 rows affected (0.64 sec)
Records: 2632  Duplicates: 0  Warnings: 0

Query OK, 0 rows affected (0.00 sec)

Query OK, 0 rows affected (0.00 sec)

Query OK, 130 rows affected (0.04 sec)
Records: 130  Duplicates: 0  Warnings: 0

Query OK, 0 rows affected (0.01 sec)

Query OK, 51734 rows affected (2 min 36.54 sec)
Records: 51734  Duplicates: 0  Warnings: 0

+-----------------+
| rep_livetvstats |
+-----------------+
|           51734 |
+-----------------+
1 row in set (0.02 sec)

mysql> mysql \. C:\workspace\cloud\code\sql\_DailyScript\currenttime.sql
+---------------------+
| currenttime         |
+---------------------+
| 2021-01-25 09:05:06 |
+---------------------+
1 row in set (0.00 sec)

mysql> 
mysql> mysql \. C:\workspace\cloud\code\sql\_DailyScript\DAILY-SCRIPT-VODTS-STATS.sql
Database changed
Query OK, 0 rows affected (0.02 sec)

Query OK, 5727 rows affected (19.39 sec)
Records: 5727  Duplicates: 0  Warnings: 0

+---------+------------+----------+--------------+--------------+-----------+-------------+----------+--------+------+------------+---------+---------------+
| Table   | Non_unique | Key_name | Seq_in_index | Column_name  | Collation | Cardinality | Sub_part | Packed | Null | Index_type | Comment | Index_comment |
+---------+------------+----------+--------------+--------------+-----------+-------------+----------+--------+------+------------+---------+---------------+
| tempvod |          1 | idxtvod1 |            1 | device       | A         |        5958 |     NULL | NULL   | YES  | BTREE      |         |               |
| tempvod |          1 | idxtvod2 |            1 | sessionstart | A         |        5958 |     NULL | NULL   | YES  | BTREE      |         |               |
+---------+------------+----------+--------------+--------------+-----------+-------------+----------+--------+------+------------+---------+---------------+
2 rows in set (0.00 sec)

Query OK, 5595 rows affected (2.89 sec)
Records: 5595  Duplicates: 0  Warnings: 0

Query OK, 0 rows affected (0.03 sec)

Query OK, 975463 rows affected (1 min 18.37 sec)
Records: 975463  Duplicates: 0  Warnings: 0

+--------------+
| rep_vodstats |
+--------------+
|       975463 |
+--------------+
1 row in set (0.29 sec)

Database changed
Query OK, 0 rows affected (0.01 sec)

Query OK, 22772 rows affected (44.09 sec)
Records: 22772  Duplicates: 0  Warnings: 0

+--------+------------+----------+--------------+--------------+-----------+-------------+----------+--------+------+------------+---------+---------------+
| Table  | Non_unique | Key_name | Seq_in_index | Column_name  | Collation | Cardinality | Sub_part | Packed | Null | Index_type | Comment | Index_comment |
+--------+------------+----------+--------------+--------------+-----------+-------------+----------+--------+------+------------+---------+---------------+
| tempts |          1 | idxtts1  |            1 | device       | A         |       22864 |     NULL | NULL   | YES  | BTREE      |         |               |
| tempts |          1 | idxtts2  |            1 | sessionstart | A         |       22864 |     NULL | NULL   | YES  | BTREE      |         |               |
+--------+------------+----------+--------------+--------------+-----------+-------------+----------+--------+------+------------+---------+---------------+
2 rows in set (0.00 sec)

Query OK, 22700 rows affected (12.95 sec)
Records: 22700  Duplicates: 0  Warnings: 0

Query OK, 0 rows affected (0.01 sec)

Query OK, 43514 rows affected (42.92 sec)
Records: 43514  Duplicates: 0  Warnings: 0

+-------------+
| rep_tsstats |
+-------------+
|       43514 |
+-------------+
1 row in set (0.01 sec)

mysql> mysql \. C:\workspace\cloud\code\sql\_DailyScript\currenttime.sql
+---------------------+
| currenttime         |
+---------------------+
| 2021-01-25 09:08:27 |
+---------------------+
1 row in set (0.22 sec)

mysql> 
mysql> mysql \. C:\workspace\cloud\code\sql\_DailyScript\DAILY-SCRIPT-RADIO-STATS.sql
Database changed
Query OK, 0 rows affected (0.02 sec)

Query OK, 352154 rows affected (3.79 sec)
Records: 352154  Duplicates: 0  Warnings: 0

+-----------+------------+----------+--------------+--------------+-----------+-------------+----------+--------+------+------------+---------+---------------+
| Table     | Non_unique | Key_name | Seq_in_index | Column_name  | Collation | Cardinality | Sub_part | Packed | Null | Index_type | Comment | Index_comment |
+-----------+------------+----------+--------------+--------------+-----------+-------------+----------+--------+------+------------+---------+---------------+
| tempradio |          1 | idxtrad1 |            1 | device       | A         |      353869 |     NULL | NULL   | YES  | BTREE      |         |               |
| tempradio |          1 | idxtrad2 |            1 | sessionstart | A         |      353869 |     NULL | NULL   | YES  | BTREE      |         |               |
+-----------+------------+----------+--------------+--------------+-----------+-------------+----------+--------+------+------------+---------+---------------+
2 rows in set (0.00 sec)

Query OK, 452 rows affected (1.43 sec)
Records: 452  Duplicates: 0  Warnings: 0

Query OK, 0 rows affected (0.01 sec)

Query OK, 5829 rows affected (0.47 sec)
Records: 5829  Duplicates: 0  Warnings: 0

+----------------+
| rep_radiostats |
+----------------+
|           5829 |
+----------------+
1 row in set (0.00 sec)

mysql> mysql \. C:\workspace\cloud\code\sql\_DailyScript\currenttime.sql
+---------------------+
| currenttime         |
+---------------------+
| 2021-01-25 09:08:33 |
+---------------------+
1 row in set (0.00 sec)

mysql> 
mysql> mysql \. C:\workspace\cloud\code\sql\_DailyScript\DAILY_SCRIPT_TELEMETRY_PIVOT_2021.sql
Query OK, 0 rows affected (0.01 sec)

Query OK, 140 rows affected (0.12 sec)
Records: 140  Duplicates: 0  Warnings: 0

Query OK, 0 rows affected (0.01 sec)

Query OK, 8609 rows affected (1.54 sec)
Records: 8609  Duplicates: 0  Warnings: 0

Query OK, 0 rows affected (0.00 sec)

Query OK, 5 rows affected (0.02 sec)
Records: 5  Duplicates: 0  Warnings: 0

Query OK, 0 rows affected (0.00 sec)

Query OK, 44 rows affected (0.05 sec)
Records: 44  Duplicates: 0  Warnings: 0

mysql> mysql \. C:\workspace\cloud\code\sql\_DailyScript\currenttime.sql
+---------------------+
| currenttime         |
+---------------------+
| 2021-01-25 09:08:35 |
+---------------------+
1 row in set (0.00 sec)

mysql> 
mysql> mysql \. C:\workspace\cloud\code\sql\_DailyScript\telemetry_livetv_ranking2021.sql
Query OK, 0 rows affected (0.01 sec)

Query OK, 140 rows affected (0.01 sec)
Records: 140  Duplicates: 0  Warnings: 0

mysql> mysql \. C:\workspace\cloud\code\sql\_DailyScript\currenttime.sql
+---------------------+
| currenttime         |
+---------------------+
| 2021-01-25 09:08:35 |
+---------------------+
1 row in set (0.00 sec)

mysql> 
mysql> mysql \. C:\workspace\cloud\code\sql\_DailyScript\telemetry_radio_ranking2021.sql
Query OK, 0 rows affected (0.00 sec)

Query OK, 5 rows affected (0.01 sec)
Records: 5  Duplicates: 0  Warnings: 0

mysql> mysql \. C:\workspace\cloud\code\sql\_DailyScript\currenttime.sql
+---------------------+
| currenttime         |
+---------------------+
| 2021-01-25 09:08:35 |
+---------------------+
1 row in set (0.00 sec)

mysql> 
mysql> mysql \. C:\workspace\cloud\code\sql\_DailyScript\telemetry_ts_ranking2021.sql
Query OK, 0 rows affected (0.00 sec)

Query OK, 44 rows affected (0.01 sec)
Records: 44  Duplicates: 0  Warnings: 0

mysql> mysql \. C:\workspace\cloud\code\sql\_DailyScript\currenttime.sql
+---------------------+
| currenttime         |
+---------------------+
| 2021-01-25 09:08:35 |
+---------------------+
1 row in set (0.00 sec)

mysql> 
mysql> mysql \. C:\workspace\cloud\code\sql\_DailyScript\telemetry_vod_ranking2021.sql
Query OK, 0 rows affected (0.00 sec)

Query OK, 8609 rows affected (0.35 sec)
Records: 8609  Duplicates: 0  Warnings: 0

mysql> mysql \. C:\workspace\cloud\code\sql\_DailyScript\currenttime.sql
+---------------------+
| currenttime         |
+---------------------+
| 2021-01-25 09:08:35 |
+---------------------+
1 row in set (0.00 sec)

mysql> 
mysql> mysql \. C:\workspace\cloud\code\sql\_DailyScript\telemetry_vod_ranking2021_1.sql
Query OK, 0 rows affected (0.01 sec)

Query OK, 8609 rows affected (0.18 sec)
Records: 8609  Duplicates: 0  Warnings: 0

mysql> mysql \. C:\workspace\cloud\code\sql\_DailyScript\currenttime.sql
+---------------------+
| currenttime         |
+---------------------+
| 2021-01-25 09:08:35 |
+---------------------+
1 row in set (0.00 sec)

mysql> 
mysql> mysql \. C:\workspace\cloud\code\sql\_DailyScript\telemetry_vod_ranking2021_2.sql
Query OK, 0 rows affected (0.01 sec)

Query OK, 8609 rows affected (0.17 sec)
Records: 8609  Duplicates: 0  Warnings: 0

mysql> mysql \. C:\workspace\cloud\code\sql\_DailyScript\currenttime.sql
+---------------------+
| currenttime         |
+---------------------+
| 2021-01-25 09:08:35 |
+---------------------+
1 row in set (0.00 sec)

mysql> 
mysql> 
mysql> 
mysql> 
mysql> mysql \. C:\workspace\cloud\code\sql\_DailyScript\ticket_analysis.sql
Database changed
Query OK, 0 rows affected (0.02 sec)

Query OK, 748445 rows affected (22.47 sec)
Records: 748445  Duplicates: 0  Warnings: 0

Query OK, 0 rows affected (4.63 sec)
Records: 0  Duplicates: 0  Warnings: 0

Query OK, 0 rows affected (2.03 sec)
Records: 0  Duplicates: 0  Warnings: 0

Query OK, 0 rows affected (1.99 sec)
Records: 0  Duplicates: 0  Warnings: 0

Query OK, 0 rows affected (0.01 sec)

Query OK, 23715 rows affected (12.43 sec)
Records: 23715  Duplicates: 0  Warnings: 0

Query OK, 0 rows affected, 1 warning (0.00 sec)

Query OK, 107260 rows affected (7.37 sec)
Records: 107260  Duplicates: 0  Warnings: 0

Query OK, 0 rows affected, 1 warning (0.00 sec)

Query OK, 547209 rows affected (14.49 sec)
Records: 547209  Duplicates: 0  Warnings: 0

Query OK, 0 rows affected, 1 warning (0.00 sec)

Query OK, 547209 rows affected (14.43 sec)
Records: 547209  Duplicates: 0  Warnings: 0

Query OK, 0 rows affected (0.02 sec)

Query OK, 107362 rows affected (5.69 sec)
Records: 107362  Duplicates: 0  Warnings: 0

Database changed
Query OK, 0 rows affected (0.00 sec)

Query OK, 0 rows affected (0.03 sec)

Query OK, 748445 rows affected (22.86 sec)
Records: 748445  Duplicates: 0  Warnings: 0

Query OK, 0 rows affected (0.02 sec)

Query OK, 380404 rows affected (17.23 sec)
Records: 380404  Duplicates: 0  Warnings: 0

+--------------------------+
| clientticket_cmmtjourney |
+--------------------------+
|                   748445 |
+--------------------------+
1 row in set (2.09 sec)

+---------------------------+
| clientticket_assgnjourney |
+---------------------------+
|                    380404 |
+---------------------------+
1 row in set (0.42 sec)

Query OK, 0 rows affected (0.01 sec)

Query OK, 75 rows affected (0.09 sec)
Records: 75  Duplicates: 0  Warnings: 0

mysql> mysql \. C:\workspace\cloud\code\sql\_DailyScript\currenttime.sql
+---------------------+
| currenttime         |
+---------------------+
| 2021-01-25 09:10:44 |
+---------------------+
1 row in set (0.00 sec)

mysql> 
mysql> mysql \. C:\workspace\cloud\code\sql\_DailyScript\load_DailyCalls.sql
Database changed
Query OK, 787 rows affected (0.16 sec)
Records: 787  Deleted: 0  Skipped: 0  Warnings: 0

Query OK, 0 rows affected, 1 warning (0.00 sec)

Query OK, 787 rows affected (0.03 sec)
Records: 787  Duplicates: 0  Warnings: 0

Query OK, 0 rows affected, 1 warning (0.00 sec)

Query OK, 68565 rows affected (0.28 sec)
Records: 68565  Duplicates: 0  Warnings: 0

+----------------------+
| callingclientsbefore |
+----------------------+
|              1095090 |
+----------------------+
1 row in set (0.46 sec)

Query OK, 1048 rows affected (16.42 sec)
Records: 1048  Duplicates: 0  Warnings: 0

+---------------------+
| callingclientsafter |
+---------------------+
|             1096138 |
+---------------------+
1 row in set (0.29 sec)

Query OK, 0 rows affected (0.01 sec)

Query OK, 479 rows affected (3.73 sec)
Records: 479  Duplicates: 0  Warnings: 0

Query OK, 0 rows affected (0.01 sec)

Query OK, 21681 rows affected (3.48 sec)
Records: 21681  Duplicates: 0  Warnings: 0

+-----------+
| callstats |
+-----------+
|     21681 |
+-----------+
1 row in set (0.01 sec)

Query OK, 0 rows affected, 1 warning (0.00 sec)

Query OK, 1048 rows affected (2.61 sec)
Records: 1048  Duplicates: 0  Warnings: 0

+------------------------+
| rep_cccallreportbefore |
+------------------------+
|                1096067 |
+------------------------+
1 row in set (0.39 sec)

Query OK, 1048 rows affected (0.25 sec)
Records: 1048  Duplicates: 0  Warnings: 0

+-----------------------+
| rep_cccallreportafter |
+-----------------------+
|               1097115 |
+-----------------------+
1 row in set (0.29 sec)

Query OK, 0 rows affected (0.01 sec)

mysql> mysql \. C:\workspace\cloud\code\sql\_DailyScript\currenttime.sql
+---------------------+
| currenttime         |
+---------------------+
| 2021-01-25 09:11:12 |
+---------------------+
1 row in set (0.00 sec)

mysql> 
mysql> mysql \. C:\workspace\cloud\code\sql\_DailyScript\DAILY-SCRIPT-USAGE.sql
Database changed
Query OK, 0 rows affected (0.00 sec)

Query OK, 4643 rows affected, 13460 warnings (1.11 sec)
Records: 4643  Deleted: 0  Skipped: 0  Warnings: 13460

Query OK, 0 rows affected (0.00 sec)

Query OK, 6696 rows affected, 19321 warnings (1.30 sec)
Records: 6696  Deleted: 0  Skipped: 0  Warnings: 19321

Query OK, 0 rows affected (0.00 sec)

Query OK, 297 rows affected, 1083 warnings (0.04 sec)
Records: 297  Deleted: 0  Skipped: 0  Warnings: 1083

Query OK, 0 rows affected (0.00 sec)

Query OK, 123 rows affected, 432 warnings (0.03 sec)
Records: 123  Deleted: 0  Skipped: 0  Warnings: 432

+------------+
| dailyusage |
+------------+
|   16278285 |
+------------+
1 row in set (6.53 sec)

+------------+------------+------------+---------+
| datestart  | dateend    | insertedon | records |
+------------+------------+------------+---------+
| 2021-01-22 | 2021-01-22 | 2021-01-25 |   11759 |
| 2021-01-21 | 2021-01-21 | 2021-01-22 |   11404 |
| 2021-01-20 | 2021-01-20 | 2021-01-21 |   11875 |
| 2021-01-19 | 2021-01-19 | 2021-01-20 |   11651 |
| 2021-01-18 | 2021-01-18 | 2021-01-19 |   10887 |
+------------+------------+------------+---------+
5 rows in set (34.79 sec)

+----------+------------+------------+------------+---------+
| category | datestart  | dateend    | insertedon | records |
+----------+------------+------------+------------+---------+
| UNCAPPED | 2021-01-22 | 2021-01-22 | 2021-01-25 |    6696 |
| PREPAID  | 2021-01-22 | 2021-01-22 | 2021-01-25 |     297 |
| HOTSPOT  | 2021-01-22 | 2021-01-22 | 2021-01-25 |     123 |
| CAPPED   | 2021-01-22 | 2021-01-22 | 2021-01-25 |    4643 |
| UNCAPPED | 2021-01-21 | 2021-01-21 | 2021-01-22 |    6518 |
| PREPAID  | 2021-01-21 | 2021-01-21 | 2021-01-22 |     289 |
| HOTSPOT  | 2021-01-21 | 2021-01-21 | 2021-01-22 |     141 |
| CAPPED   | 2021-01-21 | 2021-01-21 | 2021-01-22 |    4456 |
| UNCAPPED | 2021-01-20 | 2021-01-20 | 2021-01-21 |    6844 |
| PREPAID  | 2021-01-20 | 2021-01-20 | 2021-01-21 |     290 |
| HOTSPOT  | 2021-01-20 | 2021-01-20 | 2021-01-21 |     134 |
| CAPPED   | 2021-01-20 | 2021-01-20 | 2021-01-21 |    4607 |
| UNCAPPED | 2021-01-19 | 2021-01-19 | 2021-01-20 |    6707 |
| PREPAID  | 2021-01-19 | 2021-01-19 | 2021-01-20 |     296 |
| HOTSPOT  | 2021-01-19 | 2021-01-19 | 2021-01-20 |     112 |
| CAPPED   | 2021-01-19 | 2021-01-19 | 2021-01-20 |    4536 |
| UNCAPPED | 2021-01-18 | 2021-01-18 | 2021-01-19 |    6185 |
| PREPAID  | 2021-01-18 | 2021-01-18 | 2021-01-19 |     279 |
| HOTSPOT  | 2021-01-18 | 2021-01-18 | 2021-01-19 |     140 |
| CAPPED   | 2021-01-18 | 2021-01-18 | 2021-01-19 |    4283 |
+----------+------------+------------+------------+---------+
20 rows in set (24.28 sec)

mysql> mysql \. C:\workspace\cloud\code\sql\_DailyScript\currenttime.sql
+---------------------+
| currenttime         |
+---------------------+
| 2021-01-25 09:12:20 |
+---------------------+
1 row in set (0.00 sec)

mysql> 
mysql> mysql \. C:\workspace\cloud\code\sql\_DailyScript\DAILY-SCRIPT-SALES-TELEMETRY.sql
Database changed
ERROR 2 (HY000): File 'C:\ProgramData\MySQL\MySQL Server 5.7\Uploads\_csv\SalesReport-22012021-1.csv' not found (Errcode: 2 - No such file or directory)
+------------+
| dailysales |
+------------+
|     221154 |
+------------+
1 row in set (0.19 sec)

Query OK, 0 rows affected (0.01 sec)

Query OK, 221154 rows affected (14.34 sec)
Records: 221154  Duplicates: 0  Warnings: 0

+--------+
| sales  |
+--------+
| 221154 |
+--------+
1 row in set (0.21 sec)

Query OK, 0 rows affected (0.01 sec)

Query OK, 3610 rows affected (0.36 sec)
Records: 3610  Duplicates: 0  Warnings: 0

+----------------+
| rep_dailysales |
+----------------+
|           3610 |
+----------------+
1 row in set (0.00 sec)

Query OK, 0 rows affected (0.01 sec)

Query OK, 3610 rows affected (0.56 sec)
Records: 3610  Duplicates: 0  Warnings: 0

+-------------------+
| rep_dailysalesreg |
+-------------------+
|              3610 |
+-------------------+
1 row in set (0.00 sec)

Query OK, 0 rows affected (0.00 sec)

Query OK, 2864 rows affected (0.69 sec)
Records: 2864  Duplicates: 0  Warnings: 0

+-----------+
| saleslist |
+-----------+
|      2864 |
+-----------+
1 row in set (0.00 sec)

Database changed
Query OK, 2 rows affected (0.01 sec)
Records: 2  Deleted: 0  Skipped: 0  Warnings: 0

+------------------+
| dailysinglesales |
+------------------+
|             6448 |
+------------------+
1 row in set (0.01 sec)

Database changed
Query OK, 18 rows affected (0.01 sec)
Records: 18  Deleted: 0  Skipped: 0  Warnings: 0

+-----------------+
| dailyaddonsales |
+-----------------+
|           21821 |
+-----------------+
1 row in set (0.05 sec)

Query OK, 442 rows affected (0.13 sec)
Records: 442  Deleted: 0  Skipped: 0  Warnings: 0

+----------------+
| onlinepayments |
+----------------+
|         152924 |
+----------------+
1 row in set (0.11 sec)

+-------------+----------------+---------------------+
| paymentdate | onlinepayments | onlinepaymentamount |
+-------------+----------------+---------------------+
| 2021-01-22  |            442 |        280118.48000 |
| 2021-01-21  |            414 |        252441.42000 |
| 2021-01-20  |            265 |        154648.13000 |
| 2021-01-19  |            220 |        131536.04000 |
| 2021-01-18  |            232 |        131104.04000 |
+-------------+----------------+---------------------+
5 rows in set (0.53 sec)

+-------------+--------------+----------------+---------------------+
| paymentyear | paymentmonth | onlinepayments | onlinepaymentamount |
+-------------+--------------+----------------+---------------------+
|        2021 |            1 |           5660 |       3546551.51000 |
|        2021 |         NULL |           5660 |       3546551.51000 |
|        2020 |           12 |           7235 |       4780077.29000 |
|        2020 |           11 |           6424 |       4163507.90000 |
|        2020 |           10 |           6965 |       4508008.17000 |
+-------------+--------------+----------------+---------------------+
5 rows in set (0.15 sec)

mysql> mysql \. C:\workspace\cloud\code\sql\_DailyScript\currenttime.sql
+---------------------+
| currenttime         |
+---------------------+
| 2021-01-25 09:12:38 |
+---------------------+
1 row in set (0.00 sec)

mysql> 
mysql> mysql \. C:\workspace\cloud\code\sql\_DailyScript\DAILY-SCRIPT-ACTIVENUMBERS.sql
Database changed
Query OK, 1167 rows affected (0.58 sec)
Records: 1167  Deleted: 0  Skipped: 0  Warnings: 0

+------------+----------+
| period     | count(1) |
+------------+----------+
| 2021-01-22 |     1167 |
| 2021-01-21 |     1168 |
| 2021-01-20 |     1166 |
| 2021-01-19 |     1167 |
| 2021-01-18 |     1168 |
+------------+----------+
5 rows in set (0.01 sec)

Query OK, 0 rows affected (0.01 sec)

Query OK, 78 rows affected (1.40 sec)
Records: 78  Duplicates: 0  Warnings: 0

+-------------+
| packagelist |
+-------------+
|          78 |
+-------------+
1 row in set (0.00 sec)

Database changed
Query OK, 0 rows affected (0.00 sec)

Query OK, 0 rows affected (0.00 sec)

Query OK, 0 rows affected (0.00 sec)

Query OK, 0 rows affected (0.00 sec)

Query OK, 28140 rows affected, 267 warnings (23.96 sec)
Records: 28140  Deleted: 0  Skipped: 0  Warnings: 267

+------------+----------+
| period     | count(1) |
+------------+----------+
| 2021-01-22 |    28140 |
| 2021-01-21 |    28139 |
| 2021-01-20 |    28172 |
| 2021-01-19 |    28123 |
| 2021-01-18 |    28098 |
+------------+----------+
5 rows in set (0.07 sec)

Query OK, 0 rows affected (0.04 sec)

Query OK, 27570 rows affected (49.99 sec)
Records: 27570  Duplicates: 0  Warnings: 0

Query OK, 0 rows affected (0.16 sec)
Records: 0  Duplicates: 0  Warnings: 0

Query OK, 0 rows affected (0.10 sec)
Records: 0  Duplicates: 0  Warnings: 0

Query OK, 0 rows affected (0.10 sec)
Records: 0  Duplicates: 0  Warnings: 0

Query OK, 0 rows affected (0.08 sec)
Records: 0  Duplicates: 0  Warnings: 0

Query OK, 0 rows affected (0.07 sec)
Records: 0  Duplicates: 0  Warnings: 0

Query OK, 0 rows affected (0.07 sec)
Records: 0  Duplicates: 0  Warnings: 0

+-------------+
| countbefore |
+-------------+
|    42693949 |
+-------------+
1 row in set (17.61 sec)

Query OK, 27570 rows affected (6.58 sec)
Records: 27570  Duplicates: 0  Warnings: 0

+------------+
| countafter |
+------------+
|   42721519 |
+------------+
1 row in set (14.88 sec)

+------------+--------------------------+
| period     | customercontractactivity |
+------------+--------------------------+
| 2021-01-22 |                    27570 |
| 2021-01-21 |                    27569 |
| 2021-01-20 |                    27603 |
| 2021-01-19 |                    27554 |
| 2021-01-18 |                    27529 |
+------------+--------------------------+
5 rows in set (0.06 sec)

Query OK, 0 rows affected (0.02 sec)

Query OK, 291379 rows affected (7 min 59.10 sec)
Records: 291379  Duplicates: 0  Warnings: 0

Query OK, 0 rows affected (1.04 sec)
Records: 0  Duplicates: 0  Warnings: 0

Query OK, 0 rows affected (1.11 sec)
Records: 0  Duplicates: 0  Warnings: 0

Query OK, 0 rows affected (1.08 sec)
Records: 0  Duplicates: 0  Warnings: 0

Query OK, 0 rows affected (0.02 sec)

Query OK, 234 rows affected (0.41 sec)
Records: 234  Duplicates: 0  Warnings: 0

Query OK, 0 rows affected (0.01 sec)

Query OK, 2662 rows affected (0.57 sec)
Records: 2662  Duplicates: 0  Warnings: 0

Query OK, 0 rows affected (0.00 sec)

Query OK, 27544 rows affected (0.55 sec)
Records: 27544  Duplicates: 0  Warnings: 0

Query OK, 0 rows affected (0.01 sec)

Query OK, 17177 rows affected (0.34 sec)
Records: 17177  Duplicates: 0  Warnings: 0

Query OK, 0 rows affected (0.01 sec)

Query OK, 17177 rows affected (0.14 sec)
Records: 17177  Duplicates: 0  Warnings: 0

Query OK, 0 rows affected (0.02 sec)

Query OK, 17177 rows affected (1.10 sec)
Records: 17177  Duplicates: 0  Warnings: 0

Query OK, 0 rows affected (0.01 sec)

Query OK, 17177 rows affected (43.34 sec)
Records: 17177  Duplicates: 0  Warnings: 0

+-------------+
| clientstats |
+-------------+
|       17177 |
+-------------+
1 row in set (0.01 sec)

Query OK, 0 rows affected (0.01 sec)

Query OK, 14 rows affected, 1 warning (0.09 sec)
Records: 14  Duplicates: 0  Warnings: 1

+-----------------------+-------------+-------------+----------------+-----------------+
| services              | activecount | allaccounts | uniqueaccounts | uniquecontracts |
+-----------------------+-------------+-------------+----------------+-----------------+
| All                   |         366 |          61 |             61 |             194 |
| Internet & OTT        |           4 |           2 |              2 |               2 |
| Internet & Voice      |         344 |         154 |            154 |             300 |
| Internet Only         |        4339 |        4220 |           4212 |            4263 |
| OTT Only              |           1 |           1 |              1 |               1 |
| TV & Internet         |        9605 |        4347 |           4339 |            8851 |
| TV & Internet & OTT   |        3341 |         851 |            849 |            1768 |
| TV & Internet & Voice |         541 |         155 |            155 |             477 |
| TV & OTT              |         523 |          80 |             79 |              97 |
| TV & Voice            |          87 |          38 |             38 |              79 |
| TV & Voice & OTT      |           9 |           3 |              3 |               6 |
| TV Only               |        8969 |        7133 |           7125 |            7321 |
| Voice Only            |         134 |         132 |            132 |             134 |
| GRAND TOTAL           |       28263 |       17177 |          17110 |           23493 |
+-----------------------+-------------+-------------+----------------+-----------------+
14 rows in set (0.00 sec)

+-------------+-------------+-------------+----------------+-----------------+
| network     | activecount | allaccounts | uniqueaccounts | uniquecontracts |
+-------------+-------------+-------------+----------------+-----------------+
| GPON        |       10453 |        5287 |           5284 |            8266 |
| HFC         |       17810 |       11890 |          11890 |           15227 |
| GRAND TOTAL |       28263 |       17177 |          17110 |           23493 |
+-------------+-------------+-------------+----------------+-----------------+
3 rows in set, 1 warning (0.11 sec)

+-------------+-----------------------+-------------+-------------+----------------+-----------------+
| network     | services              | activecount | allaccounts | uniqueaccounts | uniquecontracts |
+-------------+-----------------------+-------------+-------------+----------------+-----------------+
| GPON        | All                   |         226 |          40 |             40 |             125 |
| GPON        | Internet & Voice      |          66 |          27 |             27 |              56 |
| GPON        | Internet Only         |        1296 |        1196 |           1196 |            1222 |
| GPON        | TV & Internet         |        4362 |        1929 |           1929 |            3970 |
| GPON        | TV & Internet & OTT   |        2025 |         504 |            504 |            1054 |
| GPON        | TV & Internet & Voice |         257 |          68 |             68 |             213 |
| GPON        | TV & OTT              |         285 |          45 |             45 |              51 |
| GPON        | TV & Voice            |          55 |          23 |             23 |              49 |
| GPON        | TV & Voice & OTT      |           3 |           1 |              1 |               2 |
| GPON        | TV Only               |        1865 |        1442 |           1442 |            1511 |
| GPON        | Voice Only            |          13 |          12 |             12 |              13 |
| GPON        | Services Total        |       10453 |        5287 |           5284 |            8266 |
| HFC         | All                   |         140 |          21 |             21 |              69 |
| HFC         | Internet & OTT        |           4 |           2 |              2 |               2 |
| HFC         | Internet & Voice      |         278 |         127 |            127 |             244 |
| HFC         | Internet Only         |        3043 |        3024 |           3024 |            3041 |
| HFC         | OTT Only              |           1 |           1 |              1 |               1 |
| HFC         | TV & Internet         |        5243 |        2418 |           2418 |            4881 |
| HFC         | TV & Internet & OTT   |        1316 |         347 |            347 |             714 |
| HFC         | TV & Internet & Voice |         284 |          87 |             87 |             264 |
| HFC         | TV & OTT              |         238 |          35 |             35 |              46 |
| HFC         | TV & Voice            |          32 |          15 |             15 |              30 |
| HFC         | TV & Voice & OTT      |           6 |           2 |              2 |               4 |
| HFC         | TV Only               |        7104 |        5691 |           5691 |            5810 |
| HFC         | Voice Only            |         121 |         120 |            120 |             121 |
| HFC         | Services Total        |       17810 |       11890 |          11890 |           15227 |
| GRAND TOTAL | Services Total        |       28263 |       17177 |          17110 |           23493 |
+-------------+-----------------------+-------------+-------------+----------------+-----------------+
27 rows in set, 2 warnings (0.13 sec)

Query OK, 0 rows affected (0.01 sec)

Query OK, 45 rows affected, 3 warnings (0.18 sec)
Records: 45  Duplicates: 0  Warnings: 3

+-------------+---------------+-----------------------+-------------+-------------+----------------+-----------------+
| region      | network       | services              | activecount | allaccounts | uniqueaccounts | uniquecontracts |
+-------------+---------------+-----------------------+-------------+-------------+----------------+-----------------+
| Eden Island | GPON          | TV & Internet         |           2 |           1 |              1 |               2 |
| Eden Island | GPON          | Services Total        |           2 |           1 |              1 |               2 |
| Eden Island | Network Total | Services Total        |           2 |           1 |              1 |               2 |
| Mahe        | GPON          | All                   |         201 |          36 |             36 |             113 |
| Mahe        | GPON          | Internet & Voice      |          56 |          22 |             22 |              46 |
| Mahe        | GPON          | Internet Only         |        1066 |         966 |            966 |             992 |
| Mahe        | GPON          | TV & Internet         |        3598 |        1584 |           1584 |            3262 |
| Mahe        | GPON          | TV & Internet & OTT   |        1614 |         388 |            388 |             818 |
| Mahe        | GPON          | TV & Internet & Voice |         241 |          63 |             63 |             197 |
| Mahe        | GPON          | TV & OTT              |         259 |          36 |             36 |              42 |
| Mahe        | GPON          | TV & Voice            |          55 |          23 |             23 |              49 |
| Mahe        | GPON          | TV & Voice & OTT      |           3 |           1 |              1 |               2 |
| Mahe        | GPON          | TV Only               |        1500 |        1147 |           1147 |            1199 |
| Mahe        | GPON          | Voice Only            |          11 |          10 |             10 |              11 |
| Mahe        | GPON          | Services Total        |        8604 |        4276 |           4276 |            6731 |
| Mahe        | HFC           | All                   |         140 |          21 |             21 |              69 |
| Mahe        | HFC           | Internet & OTT        |           4 |           2 |              2 |               2 |
| Mahe        | HFC           | Internet & Voice      |         278 |         127 |            127 |             244 |
| Mahe        | HFC           | Internet Only         |        3043 |        3024 |           3024 |            3041 |
| Mahe        | HFC           | OTT Only              |           1 |           1 |              1 |               1 |
| Mahe        | HFC           | TV & Internet         |        5241 |        2417 |           2417 |            4879 |
| Mahe        | HFC           | TV & Internet & OTT   |        1316 |         347 |            347 |             714 |
| Mahe        | HFC           | TV & Internet & Voice |         284 |          87 |             87 |             264 |
| Mahe        | HFC           | TV & OTT              |         238 |          35 |             35 |              46 |
| Mahe        | HFC           | TV & Voice            |          32 |          15 |             15 |              30 |
| Mahe        | HFC           | TV & Voice & OTT      |           6 |           2 |              2 |               4 |
| Mahe        | HFC           | TV Only               |        7101 |        5689 |           5689 |            5808 |
| Mahe        | HFC           | Voice Only            |         121 |         120 |            120 |             121 |
| Mahe        | HFC           | Services Total        |       17805 |       11887 |          11887 |           15223 |
| Mahe        | Network Total | Services Total        |       26409 |       16163 |          16099 |           21954 |
| Praslin     | GPON          | All                   |          25 |           4 |              4 |              12 |
| Praslin     | GPON          | Internet & Voice      |          10 |           5 |              5 |              10 |
| Praslin     | GPON          | Internet Only         |         230 |         230 |            230 |             230 |
| Praslin     | GPON          | TV & Internet         |         762 |         344 |            344 |             706 |
| Praslin     | GPON          | TV & Internet & OTT   |         411 |         116 |            116 |             236 |
| Praslin     | GPON          | TV & Internet & Voice |          16 |           5 |              5 |              16 |
| Praslin     | GPON          | TV & OTT              |          26 |           9 |              9 |               9 |
| Praslin     | GPON          | TV Only               |         365 |         295 |            295 |             312 |
| Praslin     | GPON          | Voice Only            |           2 |           2 |              2 |               2 |
| Praslin     | GPON          | Services Total        |        1847 |        1010 |           1010 |            1533 |
| Praslin     | HFC           | TV & Internet         |           2 |           1 |              1 |               2 |
| Praslin     | HFC           | TV Only               |           3 |           2 |              2 |               2 |
| Praslin     | HFC           | Services Total        |           5 |           3 |              3 |               4 |
| Praslin     | Network Total | Services Total        |        1852 |        1013 |           1013 |            1537 |
| GRAND TOTAL | Network Total | Services Total        |       28263 |       17177 |          17110 |           23493 |
+-------------+---------------+-----------------------+-------------+-------------+----------------+-----------------+
45 rows in set (0.00 sec)

Query OK, 0 rows affected (0.01 sec)

Query OK, 27545 rows affected (0.43 sec)
Records: 27545  Duplicates: 0  Warnings: 0

Query OK, 0 rows affected (0.01 sec)

Query OK, 2221 rows affected (1.50 sec)
Records: 2221  Duplicates: 0  Warnings: 0

+--------------------------------------+
| message                              |
+--------------------------------------+
| running rcbill_my.sp_ActiveNumber2() |
+--------------------------------------+
1 row in set (0.00 sec)

Query OK, 365 rows affected (1 min 55.85 sec)

mysql> mysql \. C:\workspace\cloud\code\sql\_DailyScript\currenttime.sql
+---------------------+
| currenttime         |
+---------------------+
| 2021-01-25 09:25:21 |
+---------------------+
1 row in set (0.00 sec)

mysql> 
mysql> mysql \. C:\workspace\cloud\code\sql\_DailyScript\GetActiveNumbers Average -Pivot.sql
Database changed
+-------------------------------------+
| @today := subdate(current_date(),1) |
+-------------------------------------+
| 2021-01-24                          |
+-------------------------------------+
1 row in set (0.00 sec)

+-------------------------------------+
| @lastdayofmonth := last_day(@today) |
+-------------------------------------+
| 2021-01-31                          |
+-------------------------------------+
1 row in set (0.00 sec)

Query OK, 0 rows affected (0.02 sec)

Query OK, 44760 rows affected, 65535 warnings (55.14 sec)
Records: 44760  Duplicates: 0  Warnings: 92093

Query OK, 0 rows affected (0.10 sec)
Records: 0  Duplicates: 0  Warnings: 0

Query OK, 0 rows affected (0.12 sec)
Records: 0  Duplicates: 0  Warnings: 0

Query OK, 0 rows affected (0.10 sec)
Records: 0  Duplicates: 0  Warnings: 0

+-----------------+
| activenumberavg |
+-----------------+
|           44760 |
+-----------------+
1 row in set (0.01 sec)

Query OK, 0 rows affected (0.01 sec)

Query OK, 1945 rows affected (0.52 sec)
Records: 1945  Duplicates: 0  Warnings: 0

+---------------------+
| rep_activenumberavg |
+---------------------+
|                1945 |
+---------------------+
1 row in set (0.00 sec)

+----------------------+
| rep_activenumberavg1 |
+----------------------+
|                  907 |
+----------------------+
1 row in set (0.00 sec)

Query OK, 0 rows affected (0.00 sec)

Query OK, 2342 rows affected (0.44 sec)
Records: 2342  Duplicates: 0  Warnings: 0

Query OK, 0 rows affected (0.01 sec)

Query OK, 12026 rows affected (0.76 sec)
Records: 12026  Duplicates: 0  Warnings: 0

Query OK, 0 rows affected (0.00 sec)

Query OK, 0 rows affected (0.01 sec)

Query OK, 0 rows affected (0.01 sec)

Query OK, 0 rows affected (0.00 sec)

Query OK, 0 rows affected (0.00 sec)
Statement prepared

Query OK, 53 rows affected (0.05 sec)
Records: 53  Duplicates: 0  Warnings: 0

Query OK, 0 rows affected (0.00 sec)

Query OK, 0 rows affected (0.00 sec)

+----------------------+
| rep_activenumberavg2 |
+----------------------+
|                 2342 |
+----------------------+
1 row in set (0.00 sec)

+------------------------+
| rep_activenumberavg_pv |
+------------------------+
|                     53 |
+------------------------+
1 row in set (0.00 sec)

Query OK, 0 rows affected (0.01 sec)

Query OK, 2341 rows affected (0.36 sec)
Records: 2341  Duplicates: 0  Warnings: 0

Query OK, 0 rows affected (0.00 sec)

Query OK, 0 rows affected (0.00 sec)

Query OK, 0 rows affected (0.01 sec)

Query OK, 0 rows affected (0.00 sec)

Query OK, 0 rows affected (0.00 sec)
Statement prepared

Query OK, 53 rows affected (0.05 sec)
Records: 53  Duplicates: 0  Warnings: 0

Query OK, 0 rows affected (0.00 sec)

Query OK, 0 rows affected (0.00 sec)

+-------------------------+
| rep_activenumberavgMahe |
+-------------------------+
|                    2341 |
+-------------------------+
1 row in set (0.00 sec)

+----------------------------+
| rep_activenumberavgMahe_pv |
+----------------------------+
|                         53 |
+----------------------------+
1 row in set (0.00 sec)

Query OK, 0 rows affected (0.01 sec)

Query OK, 1488 rows affected (0.16 sec)
Records: 1488  Duplicates: 0  Warnings: 0

Query OK, 0 rows affected (0.00 sec)

Query OK, 0 rows affected (0.00 sec)

Query OK, 0 rows affected (0.01 sec)

Query OK, 0 rows affected (0.00 sec)

Query OK, 0 rows affected (0.00 sec)
Statement prepared

Query OK, 40 rows affected (0.03 sec)
Records: 40  Duplicates: 0  Warnings: 0

Query OK, 0 rows affected (0.00 sec)

Query OK, 0 rows affected (0.00 sec)

+----------------------------+
| rep_activenumberavgPraslin |
+----------------------------+
|                       1488 |
+----------------------------+
1 row in set (0.00 sec)

+-------------------------------+
| rep_activenumberavgPraslin_pv |
+-------------------------------+
|                            40 |
+-------------------------------+
1 row in set (0.00 sec)

mysql> mysql \. C:\workspace\cloud\code\sql\_DailyScript\currenttime.sql
+---------------------+
| currenttime         |
+---------------------+
| 2021-01-25 09:26:19 |
+---------------------+
1 row in set (0.00 sec)

mysql> 
mysql> 
mysql> 
mysql> 
mysql> 
mysql> 
mysql> 
mysql> 
mysql> 
mysql> 
mysql> 
mysql> 
mysql> 
mysql> 
mysql> 
mysql> 
mysql> 
mysql> 
mysql> 
mysql> 
mysql> 
mysql> 
mysql> 
mysql> 
mysql> exit
