    -> 
    -> mysql \. C:\workspace\cloud\code\sql\_DailyScript\_setdates.sql
Database changed
Query OK, 0 rows affected (0.00 sec)

Query OK, 0 rows affected (0.00 sec)

Query OK, 0 rows affected (0.00 sec)

Query OK, 0 rows affected (0.00 sec)

Query OK, 0 rows affected (0.00 sec)

Query OK, 0 rows affected (0.00 sec)

Query OK, 0 rows affected (0.00 sec)

Query OK, 0 rows affected (0.00 sec)

mysql> 
mysql> mysql \. C:\workspace\cloud\code\sql\_DailyScript\load_RCB_VODTITLES.sql
Database changed
Query OK, 0 rows affected (0.00 sec)

Query OK, 1249 rows affected (1.42 sec)

Query OK, 1251 rows affected, 1251 warnings (0.54 sec)
Records: 1251  Deleted: 0  Skipped: 0  Warnings: 1251

Query OK, 0 rows affected (0.00 sec)

Query OK, 2 rows affected (0.00 sec)

+-----------+
| VODTITLES |
+-----------+
|      1710 |
+-----------+
1 row in set (0.00 sec)

mysql> 
mysql> mysql \. C:\workspace\cloud\code\sql\_DailyScript\DAILY-SCRIPT-LIVETV-STATS.sql
Database changed
Query OK, 0 rows affected (1.29 sec)

Query OK, 52909 rows affected (11 min 40.99 sec)
Records: 52909  Duplicates: 0  Warnings: 0

+------------+------------+----------+--------------+--------------+-----------+-------------+----------+--------+------+------------+---------+---------------+
| Table      | Non_unique | Key_name | Seq_in_index | Column_name  | Collation | Cardinality | Sub_part | Packed | Null | Index_type | Comment | Index_comment |
+------------+------------+----------+--------------+--------------+-----------+-------------+----------+--------+------+------------+---------+---------------+
| templivetv |          1 | idxtv1   |            1 | device       | A         |       52996 |     NULL | NULL   | YES  | BTREE      |         |               |
| templivetv |          1 | idxtv2   |            1 | sessionstart | A         |       52996 |     NULL | NULL   | YES  | BTREE      |         |               |
+------------+------------+----------+--------------+--------------+-----------+-------------+----------+--------+------+------------+---------+---------------+
2 rows in set (0.00 sec)

Query OK, 52867 rows affected (1 min 13.55 sec)
Records: 52867  Duplicates: 0  Warnings: 0

Query OK, 2681 rows affected (0.76 sec)
Records: 2681  Duplicates: 0  Warnings: 0

Query OK, 0 rows affected (0.00 sec)

Query OK, 0 rows affected (0.00 sec)

Query OK, 137 rows affected (0.06 sec)
Records: 137  Duplicates: 0  Warnings: 0

Query OK, 0 rows affected (0.25 sec)

Query OK, 39282 rows affected (6 min 54.98 sec)
Records: 39282  Duplicates: 0  Warnings: 0

+-----------------+
| rep_livetvstats |
+-----------------+
|           39282 |
+-----------------+
1 row in set (0.01 sec)

mysql> mysql \. C:\workspace\cloud\code\sql\_DailyScript\DAILY-SCRIPT-VODTS-STATS.sql
Database changed
Query OK, 0 rows affected (0.00 sec)

Query OK, 0 rows affected (0.80 sec)

Query OK, 587 rows affected (40.97 sec)
Records: 587  Duplicates: 0  Warnings: 0

+---------+------------+----------+--------------+--------------+-----------+-------------+----------+--------+------+------------+---------+---------------+
| Table   | Non_unique | Key_name | Seq_in_index | Column_name  | Collation | Cardinality | Sub_part | Packed | Null | Index_type | Comment | Index_comment |
+---------+------------+----------+--------------+--------------+-----------+-------------+----------+--------+------+------------+---------+---------------+
| tempvod |          1 | idxtvod1 |            1 | device       | A         |         489 |     NULL | NULL   | YES  | BTREE      |         |               |
| tempvod |          1 | idxtvod2 |            1 | sessionstart | A         |         489 |     NULL | NULL   | YES  | BTREE      |         |               |
+---------+------------+----------+--------------+--------------+-----------+-------------+----------+--------+------+------------+---------+---------------+
2 rows in set (0.00 sec)

Query OK, 587 rows affected (0.86 sec)
Records: 587  Duplicates: 0  Warnings: 0

Query OK, 0 rows affected (0.01 sec)

Query OK, 84638 rows affected (8.43 sec)
Records: 84638  Duplicates: 0  Warnings: 0

+--------------+
| rep_vodstats |
+--------------+
|        84638 |
+--------------+
1 row in set (0.03 sec)

Database changed
Query OK, 0 rows affected (0.01 sec)

Query OK, 9926 rows affected (3 min 58.09 sec)
Records: 9926  Duplicates: 0  Warnings: 0

+--------+------------+----------+--------------+--------------+-----------+-------------+----------+--------+------+------------+---------+---------------+
| Table  | Non_unique | Key_name | Seq_in_index | Column_name  | Collation | Cardinality | Sub_part | Packed | Null | Index_type | Comment | Index_comment |
+--------+------------+----------+--------------+--------------+-----------+-------------+----------+--------+------+------------+---------+---------------+
| tempts |          1 | idxtts1  |            1 | device       | A         |       10144 |     NULL | NULL   | YES  | BTREE      |         |               |
| tempts |          1 | idxtts2  |            1 | sessionstart | A         |       10144 |     NULL | NULL   | YES  | BTREE      |         |               |
+--------+------------+----------+--------------+--------------+-----------+-------------+----------+--------+------+------------+---------+---------------+
2 rows in set (0.00 sec)

Query OK, 9925 rows affected (22.73 sec)
Records: 9925  Duplicates: 0  Warnings: 0

Query OK, 0 rows affected (0.25 sec)

Query OK, 11767 rows affected (3 min 11.45 sec)
Records: 11767  Duplicates: 0  Warnings: 0

+-------------+
| rep_tsstats |
+-------------+
|       11767 |
+-------------+
1 row in set (0.01 sec)

mysql> mysql \. C:\workspace\cloud\code\sql\_DailyScript\DAILY-SCRIPT-RADIO-STATS.sql
Database changed
Query OK, 0 rows affected (0.06 sec)

Query OK, 89218 rows affected (3.55 sec)
Records: 89218  Duplicates: 0  Warnings: 0

+-----------+------------+----------+--------------+--------------+-----------+-------------+----------+--------+------+------------+---------+---------------+
| Table     | Non_unique | Key_name | Seq_in_index | Column_name  | Collation | Cardinality | Sub_part | Packed | Null | Index_type | Comment | Index_comment |
+-----------+------------+----------+--------------+--------------+-----------+-------------+----------+--------+------+------------+---------+---------------+
| tempradio |          1 | idxtrad1 |            1 | device       | A         |       89324 |     NULL | NULL   | YES  | BTREE      |         |               |
| tempradio |          1 | idxtrad2 |            1 | sessionstart | A         |       89324 |     NULL | NULL   | YES  | BTREE      |         |               |
+-----------+------------+----------+--------------+--------------+-----------+-------------+----------+--------+------+------------+---------+---------------+
2 rows in set (0.00 sec)

Query OK, 261 rows affected (4.60 sec)
Records: 261  Duplicates: 0  Warnings: 0

Query OK, 0 rows affected (0.13 sec)

Query OK, 1548 rows affected (0.16 sec)
Records: 1548  Duplicates: 0  Warnings: 0

+----------------+
| rep_radiostats |
+----------------+
|           1548 |
+----------------+
1 row in set (0.00 sec)

mysql> mysql \. C:\workspace\cloud\code\sql\_DailyScript\DAILY_SCRIPT_TELEMETRY_PIVOT.sql
Query OK, 0 rows affected (0.01 sec)

Query OK, 169 rows affected (0.42 sec)
Records: 169  Duplicates: 0  Warnings: 0

Query OK, 0 rows affected (0.00 sec)

Query OK, 1080 rows affected (0.45 sec)
Records: 1080  Duplicates: 0  Warnings: 0

Query OK, 0 rows affected (0.00 sec)

Query OK, 12 rows affected (0.01 sec)
Records: 12  Duplicates: 0  Warnings: 0

Query OK, 0 rows affected (0.17 sec)

Query OK, 47 rows affected (0.04 sec)
Records: 47  Duplicates: 0  Warnings: 0

mysql> 
mysql> mysql \. C:\workspace\cloud\code\sql\_DailyScript\telemetry_livetv_ranking2018.sql
Query OK, 0 rows affected (0.02 sec)

Query OK, 169 rows affected (0.02 sec)
Records: 169  Duplicates: 0  Warnings: 0

mysql> mysql \. C:\workspace\cloud\code\sql\_DailyScript\telemetry_radio_ranking2018.sql
Query OK, 0 rows affected (0.00 sec)

Query OK, 12 rows affected (0.01 sec)
Records: 12  Duplicates: 0  Warnings: 0

mysql> mysql \. C:\workspace\cloud\code\sql\_DailyScript\telemetry_ts_ranking2018.sql
Query OK, 0 rows affected (0.00 sec)

Query OK, 47 rows affected (0.01 sec)
Records: 47  Duplicates: 0  Warnings: 0

mysql> mysql \. C:\workspace\cloud\code\sql\_DailyScript\telemetry_vod_ranking2018.sql
Query OK, 0 rows affected (0.00 sec)

Query OK, 1080 rows affected (0.06 sec)
Records: 1080  Duplicates: 0  Warnings: 0

mysql> mysql \. C:\workspace\cloud\code\sql\_DailyScript\telemetry_vod_ranking2018_1.sql
Query OK, 0 rows affected (0.00 sec)

Query OK, 1080 rows affected (0.03 sec)
Records: 1080  Duplicates: 0  Warnings: 0

mysql> mysql \. C:\workspace\cloud\code\sql\_DailyScript\telemetry_vod_ranking2018_2.sql
Query OK, 0 rows affected (0.00 sec)

Query OK, 1080 rows affected (0.03 sec)
Records: 1080  Duplicates: 0  Warnings: 0

mysql> 
mysql> mysql \. C:\workspace\cloud\code\sql\_DailyScript\DAILY-SCRIPT-CREATE-LOAD.sql
Database changed
Database changed
Query OK, 0 rows affected (0.14 sec)

Query OK, 0 rows affected (0.12 sec)

Database changed
Query OK, 64110 rows affected (6.33 sec)
Records: 64110  Deleted: 0  Skipped: 0  Warnings: 0

Query OK, 0 rows affected (0.33 sec)
Records: 0  Duplicates: 0  Warnings: 0

Query OK, 0 rows affected (0.38 sec)
Records: 0  Duplicates: 0  Warnings: 0

Query OK, 0 rows affected (0.49 sec)
Records: 0  Duplicates: 0  Warnings: 0

Query OK, 0 rows affected (0.31 sec)
Records: 0  Duplicates: 0  Warnings: 0

Query OK, 0 rows affected (0.47 sec)

Query OK, 81903 rows affected (4.43 sec)
Records: 81903  Duplicates: 0  Warnings: 0

Query OK, 0 rows affected (0.53 sec)
Records: 0  Duplicates: 0  Warnings: 0

Query OK, 0 rows affected (0.04 sec)

Query OK, 64110 rows affected (3.08 sec)
Records: 64110  Duplicates: 0  Warnings: 0

Query OK, 0 rows affected (0.54 sec)
Records: 0  Duplicates: 0  Warnings: 0

Query OK, 0 rows affected (0.82 sec)
Records: 0  Duplicates: 0  Warnings: 0

Query OK, 0 rows affected (0.18 sec)
Records: 0  Duplicates: 0  Warnings: 0

+---------+
| clients |
+---------+
|   64110 |
+---------+
1 row in set (0.02 sec)

+---------------+
| clientaddress |
+---------------+
|         64110 |
+---------------+
1 row in set (0.02 sec)

Database changed
Query OK, 0 rows affected (0.07 sec)

Query OK, 0 rows affected (0.03 sec)

Database changed
Query OK, 449649 rows affected, 65535 warnings (31.79 sec)
Records: 449649  Deleted: 0  Skipped: 0  Warnings: 169458

Query OK, 0 rows affected (2.71 sec)
Records: 0  Duplicates: 0  Warnings: 0

Query OK, 0 rows affected (2.84 sec)
Records: 0  Duplicates: 0  Warnings: 0

Query OK, 0 rows affected (2.10 sec)
Records: 0  Duplicates: 0  Warnings: 0

Query OK, 0 rows affected (0.01 sec)

Query OK, 449649 rows affected (1 min 46.25 sec)
Records: 449649  Duplicates: 0  Warnings: 0

Query OK, 0 rows affected (2.95 sec)
Records: 0  Duplicates: 0  Warnings: 0

Query OK, 0 rows affected (2.06 sec)
Records: 0  Duplicates: 0  Warnings: 0

+-----------+
| contracts |
+-----------+
|    449649 |
+-----------+
1 row in set (0.33 sec)

+-----------------+
| contractaddress |
+-----------------+
|          449649 |
+-----------------+
1 row in set (0.13 sec)

Database changed
Query OK, 0 rows affected (0.64 sec)

Query OK, 0 rows affected (0.04 sec)

Query OK, 6247 rows affected (0.10 sec)
Records: 6247  Deleted: 0  Skipped: 0  Warnings: 0

Query OK, 0 rows affected (0.01 sec)

Query OK, 6216 rows affected (0.76 sec)
Records: 6216  Duplicates: 0  Warnings: 0

Query OK, 0 rows affected (0.04 sec)
Records: 0  Duplicates: 0  Warnings: 0

Query OK, 0 rows affected (0.04 sec)

Query OK, 5125 rows affected (0.06 sec)
Records: 5125  Duplicates: 0  Warnings: 0

Query OK, 0 rows affected (0.03 sec)
Records: 0  Duplicates: 0  Warnings: 0

+-------------------+
| contractdiscounts |
+-------------------+
|              6247 |
+-------------------+
1 row in set (0.00 sec)

+-------------------------+
| clientcontractdiscounts |
+-------------------------+
|                    6216 |
+-------------------------+
1 row in set (0.00 sec)

+----------------------------+
| clientcontractlastdiscount |
+----------------------------+
|                       5125 |
+----------------------------+
1 row in set (0.00 sec)

Database changed
Query OK, 0 rows affected (0.03 sec)

Query OK, 0 rows affected (0.01 sec)

Database changed
Query OK, 123179 rows affected (4.94 sec)
Records: 123179  Deleted: 0  Skipped: 0  Warnings: 0

Query OK, 0 rows affected (1.04 sec)
Records: 0  Duplicates: 0  Warnings: 0

Query OK, 0 rows affected (0.38 sec)
Records: 0  Duplicates: 0  Warnings: 0

Query OK, 0 rows affected (0.34 sec)
Records: 0  Duplicates: 0  Warnings: 0

Query OK, 0 rows affected (0.58 sec)
Records: 0  Duplicates: 0  Warnings: 0

Query OK, 0 rows affected (0.47 sec)
Records: 0  Duplicates: 0  Warnings: 0

Query OK, 0 rows affected (1.24 sec)
Records: 0  Duplicates: 0  Warnings: 0

Query OK, 0 rows affected (0.05 sec)

Query OK, 1530932 rows affected (4 min 12.09 sec)
Records: 1530932  Duplicates: 0  Warnings: 0

+---------+
| devices |
+---------+
|  123179 |
+---------+
1 row in set (0.18 sec)

+-----------------------+
| clientcontractdevices |
+-----------------------+
|               1530932 |
+-----------------------+
1 row in set (0.80 sec)

Query OK, 0 rows affected (0.15 sec)

Query OK, 122943 rows affected (11.31 sec)
Records: 122943  Duplicates: 0  Warnings: 0

+---------------------------+
| rep_clientcontractdevices |
+---------------------------+
|                    122943 |
+---------------------------+
1 row in set (0.04 sec)

Database changed
Query OK, 0 rows affected (0.02 sec)

Query OK, 0 rows affected (0.01 sec)

Query OK, 221331 rows affected (12.47 sec)
Records: 221331  Deleted: 0  Skipped: 0  Warnings: 0

Query OK, 0 rows affected (0.88 sec)
Records: 0  Duplicates: 0  Warnings: 0

Query OK, 0 rows affected (0.69 sec)
Records: 0  Duplicates: 0  Warnings: 0

Query OK, 0 rows affected (0.87 sec)
Records: 0  Duplicates: 0  Warnings: 0

Query OK, 0 rows affected (1.23 sec)
Records: 0  Duplicates: 0  Warnings: 0

+---------+
| tickets |
+---------+
|  221331 |
+---------+
1 row in set (0.06 sec)

Database changed
Query OK, 0 rows affected (0.01 sec)

Query OK, 0 rows affected (0.01 sec)

Empty set (0.00 sec)

Query OK, 0 rows affected (0.02 sec)
Records: 0  Duplicates: 0  Warnings: 0

Query OK, 301 rows affected, 2 warnings (0.01 sec)
Records: 301  Deleted: 0  Skipped: 0  Warnings: 2

+-----------------+
| tickettechusers |
+-----------------+
|             301 |
+-----------------+
1 row in set (0.00 sec)

Database changed
Query OK, 0 rows affected (0.01 sec)

Query OK, 0 rows affected (0.01 sec)

Query OK, 0 rows affected (0.04 sec)
Records: 0  Duplicates: 0  Warnings: 0

Query OK, 447513 rows affected, 38825 warnings (15.67 sec)
Records: 447513  Deleted: 0  Skipped: 0  Warnings: 38825

+-------------------+
| ticketassignments |
+-------------------+
|            447513 |
+-------------------+
1 row in set (0.16 sec)

Database changed
Query OK, 0 rows affected (0.30 sec)

Query OK, 0 rows affected (0.01 sec)

Query OK, 942722 rows affected (26.54 sec)
Records: 942722  Deleted: 0  Skipped: 0  Warnings: 0

Query OK, 0 rows affected (3.99 sec)
Records: 0  Duplicates: 0  Warnings: 0

Query OK, 0 rows affected (2.79 sec)
Records: 0  Duplicates: 0  Warnings: 0

Query OK, 0 rows affected (2.80 sec)
Records: 0  Duplicates: 0  Warnings: 0

Query OK, 0 rows affected (4.00 sec)
Records: 0  Duplicates: 0  Warnings: 0

+----------------+
| ticketcomments |
+----------------+
|         942722 |
+----------------+
1 row in set (0.32 sec)

Database changed
Query OK, 0 rows affected (0.01 sec)

Query OK, 0 rows affected (0.01 sec)

Query OK, 378621 rows affected (40.76 sec)
Records: 378621  Deleted: 0  Skipped: 0  Warnings: 0

Query OK, 0 rows affected (3.15 sec)
Records: 0  Duplicates: 0  Warnings: 0

+----------+
| comments |
+----------+
|   378621 |
+----------+
1 row in set (0.14 sec)

Database changed
Query OK, 0 rows affected (0.05 sec)

Query OK, 0 rows affected (0.01 sec)

Query OK, 479472 rows affected, 65535 warnings (1 min 3.66 sec)
Records: 479472  Deleted: 0  Skipped: 0  Warnings: 479473

Query OK, 0 rows affected (2.06 sec)
Records: 0  Duplicates: 0  Warnings: 0

Query OK, 0 rows affected (2.04 sec)
Records: 0  Duplicates: 0  Warnings: 0

Query OK, 0 rows affected (1.92 sec)
Records: 0  Duplicates: 0  Warnings: 0

Query OK, 0 rows affected (1.59 sec)
Records: 0  Duplicates: 0  Warnings: 0

Query OK, 0 rows affected (2.54 sec)
Records: 0  Duplicates: 0  Warnings: 0

+------------+
| devicesold |
+------------+
|     479472 |
+------------+
1 row in set (0.14 sec)

Database changed
Query OK, 0 rows affected (0.02 sec)

Query OK, 0 rows affected (0.02 sec)

Query OK, 1524935 rows affected (40.16 sec)
Records: 1524935  Deleted: 0  Skipped: 0  Warnings: 0

Query OK, 0 rows affected (5.40 sec)
Records: 0  Duplicates: 0  Warnings: 0

Query OK, 0 rows affected (6.42 sec)
Records: 0  Duplicates: 0  Warnings: 0

Query OK, 0 rows affected (6.25 sec)
Records: 0  Duplicates: 0  Warnings: 0

+------------------+
| contractservices |
+------------------+
|          1524935 |
+------------------+
1 row in set (0.49 sec)

Database changed
Query OK, 0 rows affected (0.25 sec)

Query OK, 0 rows affected (0.01 sec)

Query OK, 3300936 rows affected (3 min 23.79 sec)
Records: 3300936  Deleted: 0  Skipped: 0  Warnings: 0

Query OK, 0 rows affected (17.59 sec)
Records: 0  Duplicates: 0  Warnings: 0

Query OK, 0 rows affected (15.62 sec)
Records: 0  Duplicates: 0  Warnings: 0

Query OK, 0 rows affected (18.79 sec)
Records: 0  Duplicates: 0  Warnings: 0

Query OK, 0 rows affected (14.38 sec)
Records: 0  Duplicates: 0  Warnings: 0

+------------------+
| invoicescontents |
+------------------+
|          3300936 |
+------------------+
1 row in set (1.09 sec)

Database changed
Query OK, 0 rows affected (0.34 sec)

Query OK, 0 rows affected (0.01 sec)

Query OK, 2246106 rows affected (4 min 50.05 sec)
Records: 2246106  Deleted: 0  Skipped: 0  Warnings: 0

Query OK, 0 rows affected (1 min 37.23 sec)
Records: 0  Duplicates: 0  Warnings: 0

Query OK, 0 rows affected (25.25 sec)
Records: 0  Duplicates: 0  Warnings: 0

Query OK, 0 rows affected (23.45 sec)
Records: 0  Duplicates: 0  Warnings: 0

Query OK, 0 rows affected (22.47 sec)
Records: 0  Duplicates: 0  Warnings: 0

Query OK, 0 rows affected (27.94 sec)
Records: 0  Duplicates: 0  Warnings: 0

+----------------+
| invoicesheader |
+----------------+
|        2246106 |
+----------------+
1 row in set (2.71 sec)

Database changed
Query OK, 0 rows affected (0.34 sec)

Query OK, 0 rows affected (0.01 sec)

Query OK, 2413795 rows affected (1 min 49.45 sec)
Records: 2413795  Deleted: 0  Skipped: 0  Warnings: 0

Query OK, 0 rows affected (11.59 sec)
Records: 0  Duplicates: 0  Warnings: 0

Query OK, 0 rows affected (19.30 sec)
Records: 0  Duplicates: 0  Warnings: 0

Query OK, 0 rows affected (13.76 sec)
Records: 0  Duplicates: 0  Warnings: 0

Query OK, 0 rows affected (13.19 sec)
Records: 0  Duplicates: 0  Warnings: 0

+---------+
| casa    |
+---------+
| 2413795 |
+---------+
1 row in set (0.86 sec)

Database changed
Query OK, 0 rows affected (0.02 sec)

Query OK, 0 rows affected (0.01 sec)

Database changed
Query OK, 36811 rows affected (1.42 sec)
Records: 36811  Deleted: 0  Skipped: 0  Warnings: 0

+-------+
| users |
+-------+
| 36811 |
+-------+
1 row in set (0.02 sec)

Database changed
Query OK, 0 rows affected (0.16 sec)

Query OK, 0 rows affected (0.04 sec)

Database changed
Query OK, 4654533 rows affected (1 min 39.00 sec)
Records: 4654533  Deleted: 0  Skipped: 0  Warnings: 0

+---------+
| ipusage |
+---------+
| 4654533 |
+---------+
1 row in set (2.50 sec)

mysql> mysql \. C:\workspace\cloud\code\sql\_DailyScript\ticket_analysis.sql
Database changed
Query OK, 0 rows affected (0.04 sec)

Query OK, 303713 rows affected (24.57 sec)
Records: 303713  Duplicates: 0  Warnings: 0

Query OK, 0 rows affected (1.50 sec)
Records: 0  Duplicates: 0  Warnings: 0

Query OK, 0 rows affected (1.28 sec)
Records: 0  Duplicates: 0  Warnings: 0

Query OK, 0 rows affected (1.14 sec)
Records: 0  Duplicates: 0  Warnings: 0

Query OK, 0 rows affected (0.07 sec)

Query OK, 11778 rows affected (6.33 sec)
Records: 11778  Duplicates: 0  Warnings: 0

Query OK, 0 rows affected, 1 warning (0.00 sec)

Query OK, 41521 rows affected (4.74 sec)
Records: 41521  Duplicates: 0  Warnings: 0

Query OK, 0 rows affected, 1 warning (0.00 sec)

Query OK, 213745 rows affected (10.10 sec)
Records: 213745  Duplicates: 0  Warnings: 0

Query OK, 0 rows affected, 1 warning (0.00 sec)

Query OK, 213745 rows affected (10.57 sec)
Records: 213745  Duplicates: 0  Warnings: 0

Query OK, 0 rows affected (0.03 sec)

Query OK, 41558 rows affected (3.08 sec)
Records: 41558  Duplicates: 0  Warnings: 0

Database changed
Query OK, 0 rows affected (0.00 sec)

Query OK, 0 rows affected (0.03 sec)

Query OK, 131133 rows affected (9.26 sec)
Records: 131133  Duplicates: 0  Warnings: 0

Query OK, 0 rows affected (0.11 sec)

Query OK, 62197 rows affected (5.65 sec)
Records: 62197  Duplicates: 0  Warnings: 0

+--------------------------+
| clientticket_cmmtjourney |
+--------------------------+
|                   131133 |
+--------------------------+
1 row in set (0.17 sec)

+---------------------------+
| clientticket_assgnjourney |
+---------------------------+
|                     62197 |
+---------------------------+
1 row in set (0.03 sec)

Query OK, 0 rows affected (0.03 sec)

Query OK, 71 rows affected (0.19 sec)
Records: 71  Duplicates: 0  Warnings: 0

mysql> mysql \. C:\workspace\cloud\code\sql\_DailyScript\load_DailyCalls.sql
Database changed
Query OK, 764 rows affected (2.02 sec)
Records: 764  Deleted: 0  Skipped: 0  Warnings: 0

Query OK, 0 rows affected, 1 warning (0.00 sec)

Query OK, 730 rows affected (0.32 sec)
Records: 730  Duplicates: 0  Warnings: 0

Query OK, 0 rows affected, 1 warning (0.00 sec)

Query OK, 65007 rows affected (1.18 sec)
Records: 65007  Duplicates: 0  Warnings: 0

Query OK, 1062 rows affected (18.03 sec)
Records: 1062  Duplicates: 0  Warnings: 0

Query OK, 0 rows affected (0.02 sec)

Query OK, 411 rows affected (13.57 sec)
Records: 411  Duplicates: 0  Warnings: 0

Query OK, 0 rows affected (0.00 sec)

Query OK, 11216 rows affected (1.71 sec)
Records: 11216  Duplicates: 0  Warnings: 0

+-----------+
| callstats |
+-----------+
|     11216 |
+-----------+
1 row in set (0.01 sec)

mysql> 
mysql> mysql \. C:\workspace\cloud\code\sql\_DailyScript\DAILY-SCRIPT-USAGE.sql
Database changed
Query OK, 0 rows affected (0.00 sec)

Query OK, 2859 rows affected, 8251 warnings (1.74 sec)
Records: 2859  Deleted: 0  Skipped: 0  Warnings: 8251

Query OK, 0 rows affected (0.00 sec)

Query OK, 5704 rows affected, 16445 warnings (2.01 sec)
Records: 5704  Deleted: 0  Skipped: 0  Warnings: 16445

Query OK, 0 rows affected (0.00 sec)

Query OK, 65 rows affected, 223 warnings (0.03 sec)
Records: 65  Deleted: 0  Skipped: 0  Warnings: 223

Query OK, 0 rows affected (0.00 sec)

Query OK, 498 rows affected, 1683 warnings (0.66 sec)
Records: 498  Deleted: 0  Skipped: 0  Warnings: 1683

+------------+
| dailyusage |
+------------+
|    2779236 |
+------------+
1 row in set (6.03 sec)

+------------+------------+------------+---------+
| datestart  | dateend    | insertedon | records |
+------------+------------+------------+---------+
| 2018-10-01 | 2018-10-01 | 2018-10-02 |    9126 |
| 2018-09-30 | 2018-09-30 | 2018-10-01 |    8572 |
| 2018-09-29 | 2018-09-29 | 2018-09-30 |    9089 |
| 2018-09-28 | 2018-09-28 | 2018-09-29 |    9212 |
| 2018-09-27 | 2018-09-27 | 2018-09-28 |    9319 |
+------------+------------+------------+---------+
5 rows in set (1 min 45.85 sec)

mysql> mysql \. C:\workspace\cloud\code\sql\_DailyScript\DAILY-SCRIPT-SALES-TELEMETRY.sql
Database changed
Query OK, 306 rows affected, 170 warnings (0.29 sec)
Records: 306  Deleted: 0  Skipped: 0  Warnings: 170

+------------+
| dailysales |
+------------+
|     123512 |
+------------+
1 row in set (0.93 sec)

Query OK, 0 rows affected (0.11 sec)

Query OK, 123512 rows affected (14.20 sec)
Records: 123512  Duplicates: 0  Warnings: 0

+--------+
| sales  |
+--------+
| 123512 |
+--------+
1 row in set (0.06 sec)

Query OK, 0 rows affected (0.14 sec)

Query OK, 2111 rows affected (0.56 sec)
Records: 2111  Duplicates: 0  Warnings: 0

+-----------+
| saleslist |
+-----------+
|      2111 |
+-----------+
1 row in set (0.00 sec)

Database changed
Query OK, 8 rows affected (0.15 sec)
Records: 8  Deleted: 0  Skipped: 0  Warnings: 0

+------------------+
| dailysinglesales |
+------------------+
|             4824 |
+------------------+
1 row in set (0.13 sec)

Database changed
Query OK, 27 rows affected (0.05 sec)
Records: 27  Deleted: 0  Skipped: 0  Warnings: 0

+-----------------+
| dailyaddonsales |
+-----------------+
|           12920 |
+-----------------+
1 row in set (0.14 sec)

Query OK, 152 rows affected (0.82 sec)
Records: 152  Deleted: 0  Skipped: 0  Warnings: 0

+----------------+
| onlinepayments |
+----------------+
|          32584 |
+----------------+
1 row in set (0.25 sec)

+-------------+----------------+---------------------+
| paymentdate | onlinepayments | onlinepaymentamount |
+-------------+----------------+---------------------+
| 2018-10-01  |            152 |        120666.97000 |
| 2018-09-30  |            119 |         76013.59000 |
| 2018-09-29  |             94 |         55670.86000 |
| 2018-09-28  |            112 |         70059.39000 |
| 2018-09-27  |            126 |         87316.73000 |
+-------------+----------------+---------------------+
5 rows in set (1.60 sec)

+-------------+--------------+----------------+---------------------+
| paymentyear | paymentmonth | onlinepayments | onlinepaymentamount |
+-------------+--------------+----------------+---------------------+
|        2018 |           10 |            152 |        120666.97000 |
|        2018 |            9 |           2536 |       1488279.08000 |
|        2018 |            8 |           2677 |       1480347.51000 |
|        2018 |            7 |           2521 |       1406138.40000 |
|        2018 |            6 |           2465 |       1394365.47000 |
+-------------+--------------+----------------+---------------------+
5 rows in set (0.04 sec)

mysql> 
mysql> mysql \. C:\workspace\cloud\code\sql\_DailyScript\DAILY-SCRIPT-ACTIVENUMBERS.sql
Database changed
Query OK, 1315 rows affected (1.74 sec)
Records: 1315  Deleted: 0  Skipped: 0  Warnings: 0

Query OK, 0 rows affected (0.01 sec)

Query OK, 86 rows affected (1.92 sec)
Records: 86  Duplicates: 0  Warnings: 0

+------------+----------+
| period     | count(1) |
+------------+----------+
| 2018-10-01 |     1315 |
| 2018-09-30 |     1312 |
| 2018-09-29 |     1311 |
| 2018-09-28 |     1312 |
| 2018-09-27 |     1305 |
+------------+----------+
5 rows in set (0.01 sec)

Database changed
Query OK, 0 rows affected (0.00 sec)

Query OK, 0 rows affected (0.00 sec)

Query OK, 0 rows affected (0.00 sec)

Query OK, 0 rows affected (0.00 sec)

ERROR 2 (HY000): File 'C:\ProgramData\MySQL\MySQL Server 5.7\Uploads\ActiveContractsList\201810\2018-10-01;2018-10-01.csv' not found (Errcode: 2 - No such file or directory)
+------------+----------+
| period     | count(1) |
+------------+----------+
| 2018-09-30 |    26080 |
| 2018-09-29 |    26560 |
| 2018-09-28 |    26515 |
| 2018-09-27 |    26532 |
| 2018-09-26 |    26648 |
+------------+----------+
5 rows in set (0.26 sec)

Query OK, 0 rows affected (0.13 sec)

Query OK, 0 rows affected (0.20 sec)
Records: 0  Duplicates: 0  Warnings: 0

Query OK, 0 rows affected (0.03 sec)
Records: 0  Duplicates: 0  Warnings: 0

Query OK, 0 rows affected (0.02 sec)
Records: 0  Duplicates: 0  Warnings: 0

Query OK, 0 rows affected (0.04 sec)
Records: 0  Duplicates: 0  Warnings: 0

Query OK, 0 rows affected (0.02 sec)
Records: 0  Duplicates: 0  Warnings: 0

Query OK, 0 rows affected (0.03 sec)
Records: 0  Duplicates: 0  Warnings: 0

Query OK, 0 rows affected (0.02 sec)
Records: 0  Duplicates: 0  Warnings: 0

+----------+
| count(1) |
+----------+
| 20211096 |
+----------+
1 row in set (44.11 sec)

Query OK, 0 rows affected (0.00 sec)
Records: 0  Duplicates: 0  Warnings: 0

+----------+
| count(1) |
+----------+
| 20211096 |
+----------+
1 row in set (6.48 sec)

+------------+--------------------------+
| period     | customercontractactivity |
+------------+--------------------------+
| 2018-09-30 |                    25427 |
| 2018-09-29 |                    25907 |
| 2018-09-28 |                    25862 |
| 2018-09-27 |                    25879 |
| 2018-09-26 |                    25994 |
+------------+--------------------------+
5 rows in set (0.06 sec)

Query OK, 0 rows affected (0.03 sec)

Query OK, 186006 rows affected (8 min 53.88 sec)
Records: 186006  Duplicates: 0  Warnings: 0

Query OK, 0 rows affected (0.03 sec)

Query OK, 0 rows affected (0.01 sec)
Records: 0  Duplicates: 0  Warnings: 0

Query OK, 0 rows affected (0.01 sec)

Query OK, 0 rows affected (0.01 sec)
Records: 0  Duplicates: 0  Warnings: 0

Query OK, 0 rows affected (0.02 sec)

Query OK, 0 rows affected (0.01 sec)
Records: 0  Duplicates: 0  Warnings: 0

Query OK, 0 rows affected (0.02 sec)

Query OK, 0 rows affected (0.01 sec)
Records: 0  Duplicates: 0  Warnings: 0

Query OK, 0 rows affected (0.01 sec)

Query OK, 0 rows affected (0.01 sec)
Records: 0  Duplicates: 0  Warnings: 0

Query OK, 0 rows affected (0.01 sec)

Query OK, 0 rows affected (0.01 sec)
Records: 0  Duplicates: 0  Warnings: 0

Query OK, 0 rows affected (0.02 sec)

Query OK, 0 rows affected (0.01 sec)
Records: 0  Duplicates: 0  Warnings: 0

+-------------+
| clientstats |
+-------------+
|           0 |
+-------------+
1 row in set (0.00 sec)

Query OK, 0 rows affected (0.01 sec)

Query OK, 0 rows affected, 1 warning (0.01 sec)
Records: 0  Duplicates: 0  Warnings: 1

Empty set (0.00 sec)

Empty set, 1 warning (0.00 sec)

Empty set, 2 warnings (0.00 sec)

Query OK, 0 rows affected (0.00 sec)

Query OK, 0 rows affected, 3 warnings (0.00 sec)
Records: 0  Duplicates: 0  Warnings: 3

Empty set (0.00 sec)

Query OK, 0 rows affected (0.01 sec)

Query OK, 0 rows affected (0.01 sec)
Records: 0  Duplicates: 0  Warnings: 0

Query OK, 0 rows affected (0.01 sec)

Query OK, 0 rows affected (0.01 sec)
Records: 0  Duplicates: 0  Warnings: 0

Query OK, 31 rows affected (2 min 3.99 sec)

Query OK, 0 rows affected (0.01 sec)

Query OK, 411 rows affected (21 min 33.59 sec)
Records: 411  Duplicates: 0  Warnings: 0

+---------------------------+
| retentioncustomeractivity |
+---------------------------+
|                       411 |
+---------------------------+
1 row in set (0.00 sec)

mysql> 
mysql> 
mysql> mysql \. C:\workspace\cloud\code\sql\_DailyScript\reports-sales-addons-prepaid-camera.sql
Database changed
Query OK, 0 rows affected (0.04 sec)

Query OK, 2937 rows affected (0.18 sec)
Records: 2937  Duplicates: 0  Warnings: 0

Query OK, 0 rows affected (0.03 sec)

Query OK, 12929 rows affected (36.51 sec)
Records: 12929  Duplicates: 0  Warnings: 0

+--------------------+
| rep_prepaid_camera |
+--------------------+
|               2937 |
+--------------------+
1 row in set (0.01 sec)

+-----------+
| rep_addon |
+-----------+
|     12929 |
+-----------+
1 row in set (0.00 sec)

mysql> mysql \. C:\workspace\cloud\code\sql\_DailyScript\housing-estate-analysis.sql
Database changed
Query OK, 0 rows affected (0.03 sec)

Query OK, 2645 rows affected (28.80 sec)
Records: 2645  Duplicates: 0  Warnings: 0

+--------------------+
| rep_housingestates |
+--------------------+
|               2645 |
+--------------------+
1 row in set (0.00 sec)

mysql> 
mysql> mysql \. C:\workspace\cloud\code\sql\_DailyScript\RCB_ClientAnalyticsReport_Script.sql
Database changed
Query OK, 0 rows affected (0.00 sec)

Query OK, 0 rows affected (0.19 sec)

Query OK, 1535877 rows affected (2 min 53.30 sec)
Records: 1535877  Duplicates: 0  Warnings: 0

Query OK, 0 rows affected (7.57 sec)
Records: 0  Duplicates: 0  Warnings: 0

Query OK, 0 rows affected (6.43 sec)
Records: 0  Duplicates: 0  Warnings: 0

Query OK, 0 rows affected (9.89 sec)
Records: 0  Duplicates: 0  Warnings: 0

Query OK, 0 rows affected (11.39 sec)
Records: 0  Duplicates: 0  Warnings: 0

Query OK, 0 rows affected (10.85 sec)
Records: 0  Duplicates: 0  Warnings: 0

Query OK, 0 rows affected (9.93 sec)
Records: 0  Duplicates: 0  Warnings: 0

Query OK, 0 rows affected (0.00 sec)

Query OK, 409992 rows affected (35.47 sec)
Rows matched: 1535877  Changed: 409992  Warnings: 0

Query OK, 0 rows affected (0.01 sec)

Query OK, 26600 rows affected (2.91 sec)
Records: 26600  Duplicates: 0  Warnings: 0

Query OK, 0 rows affected (0.17 sec)

Query OK, 41082 rows affected (11 min 10.58 sec)
Records: 41082  Duplicates: 0  Warnings: 0

Query OK, 0 rows affected (0.40 sec)
Records: 0  Duplicates: 0  Warnings: 0

Query OK, 0 rows affected (0.32 sec)
Records: 0  Duplicates: 0  Warnings: 0

Query OK, 0 rows affected (0.34 sec)
Records: 0  Duplicates: 0  Warnings: 0

Query OK, 0 rows affected (0.07 sec)

Query OK, 388186 rows affected (10 min 7.00 sec)
Records: 388186  Duplicates: 0  Warnings: 0

Query OK, 0 rows affected (1.93 sec)
Records: 0  Duplicates: 0  Warnings: 0

Query OK, 0 rows affected (1.81 sec)
Records: 0  Duplicates: 0  Warnings: 0

Query OK, 0 rows affected (1.20 sec)
Records: 0  Duplicates: 0  Warnings: 0

Query OK, 0 rows affected (2.13 sec)
Records: 0  Duplicates: 0  Warnings: 0

Query OK, 0 rows affected (1.39 sec)
Records: 0  Duplicates: 0  Warnings: 0

Query OK, 0 rows affected (0.03 sec)

Query OK, 41082 rows affected (1 min 24.52 sec)
Records: 41082  Duplicates: 0  Warnings: 0

+--------------+
| clientreport |
+--------------+
|        41082 |
+--------------+
1 row in set (0.10 sec)

Query OK, 0 rows affected (0.04 sec)

Query OK, 41082 rows affected (10.92 sec)
Records: 41082  Duplicates: 0  Warnings: 0

+----------------------+
| clientextendedreport |
+----------------------+
|                41082 |
+----------------------+
1 row in set (0.02 sec)

Query OK, 0 rows affected (0.05 sec)

Query OK, 41082 rows affected (1 min 12.88 sec)
Records: 41082  Duplicates: 0  Warnings: 0

+---------+
| allcust |
+---------+
|   41082 |
+---------+
1 row in set (0.03 sec)

Query OK, 0 rows affected, 1 warning (0.01 sec)

Query OK, 5000 rows affected (0.83 sec)
Records: 5000  Duplicates: 0  Warnings: 0

Query OK, 0 rows affected (0.08 sec)

Query OK, 7078 rows affected (1.83 sec)
Records: 7078  Duplicates: 0  Warnings: 0

Query OK, 0 rows affected, 1 warning (0.00 sec)

Query OK, 5000 rows affected (0.36 sec)
Records: 5000  Duplicates: 0  Warnings: 0

Query OK, 0 rows affected (0.01 sec)

Query OK, 7391 rows affected (2.28 sec)
Records: 7391  Duplicates: 0  Warnings: 0

mysql> mysql \. C:\workspace\cloud\code\sql\_DailyScript\REVENUE_PER_NODE_MXK.sql
Query OK, 0 rows affected, 1 warning (0.00 sec)

Query OK, 4515 rows affected (3 min 0.81 sec)
Records: 4515  Duplicates: 0  Warnings: 0

Query OK, 0 rows affected, 1 warning (0.00 sec)

Query OK, 4402 rows affected (5 min 15.71 sec)
Records: 4402  Duplicates: 0  Warnings: 0

Query OK, 0 rows affected (0.06 sec)

Query OK, 4713 rows affected (0.39 sec)
Records: 4713  Duplicates: 0  Warnings: 0

Query OK, 0 rows affected (0.00 sec)

Query OK, 0 rows affected (0.00 sec)

Query OK, 0 rows affected, 1 warning (0.00 sec)

Query OK, 37625 rows affected (2 min 47.82 sec)
Records: 37625  Duplicates: 0  Warnings: 0

Query OK, 0 rows affected, 1 warning (0.00 sec)

Query OK, 27217 rows affected (1 min 47.96 sec)
Records: 27217  Duplicates: 0  Warnings: 0

Query OK, 0 rows affected (0.01 sec)

Query OK, 18621 rows affected (2.42 sec)
Records: 18621  Duplicates: 0  Warnings: 0

Query OK, 0 rows affected (0.24 sec)

Query OK, 0 rows affected (0.00 sec)

Query OK, 0 rows affected (0.05 sec)

Query OK, 23334 rows affected (1.79 sec)
Records: 23334  Duplicates: 0  Warnings: 0

Query OK, 0 rows affected (0.03 sec)

Query OK, 408986 rows affected (1 min 11.80 sec)
Records: 408986  Duplicates: 0  Warnings: 0

Query OK, 0 rows affected (0.31 sec)

Query OK, 1461633 rows affected (6 min 6.08 sec)
Records: 1461633  Duplicates: 0  Warnings: 0

Query OK, 0 rows affected (0.10 sec)

Query OK, 1684501 rows affected (4 min 41.85 sec)
Records: 1684501  Duplicates: 0  Warnings: 0

Query OK, 0 rows affected (0.05 sec)

Query OK, 59411 rows affected (18.43 sec)
Records: 59411  Duplicates: 0  Warnings: 0

Query OK, 0 rows affected (0.01 sec)

Query OK, 20647 rows affected (9.54 sec)
Records: 20647  Duplicates: 0  Warnings: 0

Query OK, 0 rows affected (0.35 sec)

Query OK, 41082 rows affected (5.53 sec)
Records: 41082  Duplicates: 0  Warnings: 0

Query OK, 0 rows affected, 1 warning (0.01 sec)

Query OK, 382509 rows affected (51.33 sec)
Records: 382509  Duplicates: 0  Warnings: 0

Query OK, 0 rows affected, 1 warning (0.00 sec)

Query OK, 59411 rows affected (4.74 sec)
Records: 59411  Duplicates: 0  Warnings: 0

Query OK, 0 rows affected (0.10 sec)

Query OK, 384364 rows affected (31.31 sec)
Records: 384364  Duplicates: 0  Warnings: 0

Query OK, 0 rows affected (0.03 sec)

Query OK, 41115 rows affected (12.59 sec)
Records: 41115  Duplicates: 0  Warnings: 0

Query OK, 0 rows affected (0.06 sec)

Query OK, 0 rows affected (0.02 sec)

+-----------+------------------------------------+------------+-------------+-----------------+------------------+---------------------+-------------------+
| HFC_NODE  | NODENAME                           | CMTS_DATE  | REPORT_DATE | UNIQUE_ACCOUNTS | UNIQUE_CONTRACTS | UNIQUE_MAC_INRCBOSS | UNIQUE_MAC_INCMTS |
+-----------+------------------------------------+------------+-------------+-----------------+------------------+---------------------+-------------------+
| NULL      | NULL                               | NULL       | 2018-10-02  |            9483 |            10069 |               10211 |                 0 |
| C5/0/0/U0 | ANSE-BOILEAU-2                     | 2018-09-15 | 2018-10-02  |              96 |              103 |                  96 |                96 |
| C5/0/0/U1 | 500-C3-ANSE-BOILEAU                | 2018-09-15 | 2018-10-02  |             213 |              218 |                 212 |               218 |
| C5/0/1/U0 | 501-C4-LA-MISIERE-LEFT-I           | 2018-09-15 | 2018-10-02  |             182 |              192 |                 182 |               182 |
| C5/0/1/U1 | 501-C5-LA-MISIERE-RIGHT            | 2018-09-15 | 2018-10-02  |              99 |              104 |                  99 |                99 |
| C5/0/1/U2 | 501-C7-LA-MISIERE-LEFT-II          | 2018-09-15 | 2018-10-02  |             114 |              116 |                 113 |               113 |
| C5/0/2/U0 | 502-C8-LA-LOUISE                   | 2018-09-15 | 2018-10-02  |             132 |              133 |                 132 |               134 |
| C5/0/2/U1 | LA-LOUISE-2                        | 2018-09-15 | 2018-10-02  |             153 |              159 |                 153 |               156 |
| C5/0/3/U0 | 504-C6-PETIT-PARIS                 | 2018-09-15 | 2018-10-02  |             121 |              123 |                 121 |               123 |
| C5/0/3/U1 | PETIT-PARIS-23                     | 2018-09-15 | 2018-10-02  |             100 |              102 |                 100 |               101 |
| C5/1/0/U0 | POINTE-LARUE-AIRPORT-23            | 2018-09-15 | 2018-10-02  |             105 |              115 |                 107 |               108 |
| C5/1/0/U1 | PPROVIDENCE-23                     | 2018-09-15 | 2018-10-02  |              28 |               32 |                  29 |                29 |
| C5/1/0/U2 | ROSHE-CAIMAN-23                    | 2018-09-15 | 2018-10-02  |               9 |               10 |                   9 |                 9 |
| C5/1/0/U3 | HEAD-OFFICE | HO-23                | 2018-09-15 | 2018-10-02  |              22 |               23 |                  24 |                25 |
| C5/1/1/U1 | C5-UNION-VALE                      | 2018-09-15 | 2018-10-02  |             188 |              195 |                 188 |               190 |
| C5/1/2/U0 | FOUR-SEASONS                       | 2018-09-15 | 2018-10-02  |               6 |               23 |                  23 |                23 |
| C5/1/2/U1 | C10-ANCHOR CAFE                    | 2018-09-15 | 2018-10-02  |             201 |              210 |                 200 |               202 |
| C5/1/2/U2 | ANCHOR-CAFE-23                     | 2018-09-15 | 2018-10-02  |              98 |               99 |                  98 |               101 |
| C5/1/3/U0 | POINTE-LARUE-AIRPORT-27            | 2018-09-15 | 2018-10-02  |             146 |              148 |                 146 |               149 |
| C5/1/3/U1 | PPROVIDENCE-27                     | 2018-09-15 | 2018-10-02  |              36 |               37 |                  36 |                36 |
| C5/1/3/U2 | ROSHE-CAIMAN-27                    | 2018-09-15 | 2018-10-02  |              21 |               21 |                  21 |                21 |
| C5/1/3/U3 | HEAD-OFFICE | HO-27                | 2018-09-15 | 2018-10-02  |              19 |               20 |                  19 |                22 |
| C5/1/4/U0 | ANSE-ROYALE-27                     | 2018-09-15 | 2018-10-02  |             185 |              195 |                 186 |               191 |
| C5/1/4/U1 | GLACIS-2-57                        | 2018-09-15 | 2018-10-02  |             132 |              139 |                 132 |               133 |
| C5/1/4/U3 | GLACIS-1                           | 2018-09-15 | 2018-10-02  |              81 |               84 |                  81 |                83 |
| C6/0/1/U0 | SERRET-ROAD-RIGHT/CURIO/PASCAL     | 2018-09-15 | 2018-10-02  |             123 |              128 |                 123 |               124 |
| C6/0/1/U1 | SERRET-ROAD-LEFT/ST.LOUIS/TOWN     | 2018-09-15 | 2018-10-02  |             134 |              143 |                 134 |               137 |
| C6/0/1/U2 | SERRET-ROAD-RIGHT/CURIO/PASCAL-2   | 2018-09-15 | 2018-10-02  |             139 |              143 |                 139 |               141 |
| C6/0/1/U3 | SERRET-ROAD-LEFT/ST.LOUIS/TOWN-2   | 2018-09-15 | 2018-10-02  |             163 |              170 |                 163 |               164 |
| C6/0/2/U0 | SANS-SOUCIS-I                      | 2018-09-15 | 2018-10-02  |             118 |              122 |                 118 |               119 |
| C6/0/2/U1 | SANS-SOUCIS-II                     | 2018-09-15 | 2018-10-02  |             112 |              118 |                 111 |               115 |
| C6/0/2/U2 | BEL-AIR-27                         | 2018-09-15 | 2018-10-02  |             120 |              126 |                 120 |               122 |
| C6/0/2/U3 | BEL-AIR-38                         | 2018-09-15 | 2018-10-02  |              91 |               95 |                  91 |                92 |
| C6/0/3/U0 | LES-MAMELLES-23                    | 2018-09-15 | 2018-10-02  |              62 |               64 |                  62 |                62 |
| C6/0/3/U1 | VICTORIA-23                        | 2018-09-15 | 2018-10-02  |              52 |               56 |                  53 |                56 |
| C6/0/4/U0 | LES-MAMELLES-27                    | 2018-09-15 | 2018-10-02  |              86 |               87 |                  86 |                86 |
| C6/0/4/U1 | VICTORIA-27                        | 2018-09-15 | 2018-10-02  |              21 |               26 |                  23 |                24 |
| C7/1/0/U0 | LA-RETRAITE-23                     | 2018-09-15 | 2018-10-02  |             139 |              148 |                 140 |               140 |
| C7/1/0/U1 | TEA-FACTORY-23                     | 2018-09-15 | 2018-10-02  |              21 |               28 |                  23 |                23 |
| C7/1/0/U2 | PAS-23                             | 2018-09-15 | 2018-10-02  |             109 |              119 |                 112 |               116 |
| C7/1/1/U0 | REEF-ESTATE-23                     | 2018-09-15 | 2018-10-02  |              77 |               79 |                  77 |                78 |
| C7/1/1/U1 | BEL-OMBRE-NEW-23                   | 2018-09-15 | 2018-10-02  |              66 |               72 |                  69 |                70 |
| C7/1/2/U0 | LA-RETRAITE-27                     | 2018-09-15 | 2018-10-02  |             103 |              111 |                 103 |               107 |
| C7/1/2/U1 | TEA-FACTORY-27                     | 2018-09-15 | 2018-10-02  |              23 |               26 |                  24 |                24 |
| C7/1/2/U2 | PAS-27                             | 2018-09-15 | 2018-10-02  |              91 |               95 |                  91 |                91 |
| C7/1/3/U0 | MT-BUXTON-27                       | 2018-09-15 | 2018-10-02  |             157 |              161 |                 156 |               160 |
| C7/1/3/U1 | MT-BUXTON-23                       | 2018-09-15 | 2018-10-02  |              59 |               63 |                  59 |                62 |
| C7/1/4/U0 | REEF-ESTATE-27                     | 2018-09-15 | 2018-10-02  |              85 |               86 |                  85 |                87 |
| C7/1/4/U1 | BEL-OMBRE-NEW-27                   | 2018-09-15 | 2018-10-02  |              48 |               53 |                  49 |                50 |
| C8/0/0/U0 | POLICE-ACADEMY-1-27 - POINTE LARUE | 2018-09-15 | 2018-10-02  |             360 |              370 |                 360 |               365 |
| C8/0/1/U1 | POLICE-ACADEMY-2-27 - TURTLE BAY   | 2018-09-15 | 2018-10-02  |             258 |              272 |                 260 |               264 |
| C8/0/2/U0 | BEAU-VALLON-LEFT-1-57              | 2018-09-15 | 2018-10-02  |             162 |              170 |                 161 |               162 |
| C8/0/3/U1 | BEAU-VALLON-RIGHT-2-57             | 2018-09-15 | 2018-10-02  |             219 |              228 |                 218 |               224 |
| C8/1/0/U0 | MA-JOIE-NODE-27                    | 2018-09-15 | 2018-10-02  |             140 |              146 |                 140 |               143 |
| C8/1/0/U1 | BELONIE-27                         | 2018-09-15 | 2018-10-02  |             137 |              141 |                 135 |               136 |
| C8/1/0/U3 | MA-JOIE-NODE-23                    | 2018-09-15 | 2018-10-02  |              98 |              100 |                  98 |               101 |
| C8/1/1/U0 | 611-C1-ROJN I                      | 2018-09-15 | 2018-10-02  |             165 |              173 |                 165 |               172 |
| C8/1/1/U1 | 611-C5-ROJN II                     | 2018-09-15 | 2018-10-02  |              71 |               74 |                  71 |                73 |
| C8/1/2/U0 | 612-C2-ANSE-ETOILE                 | 2018-09-15 | 2018-10-02  |             175 |              181 |                 174 |               177 |
| C8/1/2/U1 | ANSE-ETOILE-U2                     | 2018-09-15 | 2018-10-02  |             108 |              112 |                 107 |               109 |
| C8/1/3/U0 | 613-C3-ANSE-GAULETTE I             | 2018-09-15 | 2018-10-02  |             242 |              254 |                 242 |               244 |
| C8/1/3/U1 | 613-C7-ANSE-GAULETTE II            | 2018-09-15 | 2018-10-02  |             121 |              130 |                 121 |               124 |
| C8/1/4/U0 | 614-BEOLIERE-NODE-1                | 2018-09-15 | 2018-10-02  |             128 |              136 |                 128 |               128 |
| C8/1/4/U1 | 614-BEOLIERE-NODE-2                | 2018-09-15 | 2018-10-02  |              86 |               93 |                  86 |                87 |
+-----------+------------------------------------+------------+-------------+-----------------+------------------+---------------------+-------------------+
64 rows in set (0.30 sec)

+------------------+------------+-------------+-----------------+------------------+----------------------+-------------------+
| MXK_NAME         | MXK_DATE   | REPORT_DATE | UNIQUE_ACCOUNTS | UNIQUE_CONTRACTS | UNIQUE_FSAN_INRCBOSS | UNIQUE_FSAN_INMXK |
+------------------+------------+-------------+-----------------+------------------+----------------------+-------------------+
| NULL             | NULL       | 2018-10-02  |             290 |              296 |                  290 |                 0 |
| MXK-ANSEETOILE   | 2018-09-15 | 2018-10-02  |              47 |               48 |                   48 |                50 |
| MXK-ANSEROYALE   | 2018-09-15 | 2018-10-02  |              75 |               76 |                   76 |                80 |
| MXK-BEAUVALLON   | 2018-09-15 | 2018-10-02  |             635 |              646 |                  644 |               656 |
| MXK-MAHE         | 2018-09-15 | 2018-10-02  |             799 |              828 |                  796 |               882 |
| MXK-PERSEVERANCE | 2018-09-15 | 2018-10-02  |             964 |              979 |                  976 |               997 |
| MXK-PRASLIN      | 2018-09-15 | 2018-10-02  |            1313 |             1333 |                 1325 |              1361 |
+------------------+------------+-------------+-----------------+------------------+----------------------+-------------------+
7 rows in set (0.13 sec)

mysql> 
mysql> mysql \. C:\workspace\cloud\code\sql\_DailyScript\sales-to-activenumber.sql
Database changed
Query OK, 0 rows affected (0.02 sec)

Query OK, 10717 rows affected (20 min 7.60 sec)
Records: 10717  Duplicates: 0  Warnings: 0

Query OK, 0 rows affected (0.05 sec)

Query OK, 33026 rows affected (22 min 12.69 sec)
Records: 33026  Duplicates: 0  Warnings: 0

mysql> 
mysql> exit
