    -> 
    -> mysql \. C:\workspace\cloud\code\sql\_DailyScript\_setdates.sql
Database changed
Query OK, 0 rows affected (0.00 sec)

Query OK, 0 rows affected (0.00 sec)

Query OK, 0 rows affected (0.00 sec)

Query OK, 0 rows affected (0.00 sec)

Query OK, 0 rows affected (0.00 sec)

Query OK, 0 rows affected (0.00 sec)

Query OK, 0 rows affected (0.00 sec)

Query OK, 0 rows affected (0.00 sec)

Query OK, 0 rows affected (0.00 sec)

Query OK, 0 rows affected (0.00 sec)

Query OK, 0 rows affected (0.00 sec)

Query OK, 0 rows affected (0.00 sec)

Query OK, 0 rows affected (0.00 sec)

Query OK, 0 rows affected (0.00 sec)

Query OK, 0 rows affected (0.00 sec)

Query OK, 0 rows affected (0.00 sec)

Query OK, 0 rows affected (0.00 sec)

Query OK, 0 rows affected (0.00 sec)

Query OK, 0 rows affected (0.00 sec)

Query OK, 0 rows affected (0.00 sec)

Query OK, 0 rows affected (0.00 sec)

mysql> mysql \. C:\workspace\cloud\code\sql\_DailyScript\currenttime.sql
+---------------------+
| currenttime         |
+---------------------+
| 2020-03-02 07:53:28 |
+---------------------+
1 row in set (0.00 sec)

mysql> 
mysql> mysql \. C:\workspace\cloud\code\sql\_DailyScript\load_RCB_VODTITLES.sql
Database changed
Query OK, 0 rows affected (0.00 sec)

Query OK, 9707 rows affected (0.31 sec)

Query OK, 9709 rows affected, 9709 warnings (0.31 sec)
Records: 9709  Deleted: 0  Skipped: 0  Warnings: 9709

Query OK, 0 rows affected (0.00 sec)

Query OK, 2 rows affected (0.01 sec)

+-----------+
| VODTITLES |
+-----------+
|     10167 |
+-----------+
1 row in set (0.00 sec)

+-----------+-----------+
| titletype | typecount |
+-----------+-----------+
| E         |      8003 |
| N         |       213 |
| T         |      1491 |
| NULL      |      9707 |
+-----------+-----------+
4 rows in set (0.03 sec)

mysql> mysql \. C:\workspace\cloud\code\sql\_DailyScript\currenttime.sql
+---------------------+
| currenttime         |
+---------------------+
| 2020-03-02 07:53:29 |
+---------------------+
1 row in set (0.00 sec)

mysql> 
mysql> mysql \. C:\workspace\cloud\code\sql\_DailyScript\DAILY-SCRIPT-LIVETV-STATS.sql
Database changed
Query OK, 0 rows affected (0.00 sec)

Query OK, 87880 rows affected (1.12 sec)
Records: 87880  Duplicates: 0  Warnings: 0

+------------+------------+----------+--------------+--------------+-----------+-------------+----------+--------+------+------------+---------+---------------+
| Table      | Non_unique | Key_name | Seq_in_index | Column_name  | Collation | Cardinality | Sub_part | Packed | Null | Index_type | Comment | Index_comment |
+------------+------------+----------+--------------+--------------+-----------+-------------+----------+--------+------+------------+---------+---------------+
| templivetv |          1 | idxtv1   |            1 | device       | A         |       87969 |     NULL | NULL   | YES  | BTREE      |         |               |
| templivetv |          1 | idxtv2   |            1 | sessionstart | A         |       87969 |     NULL | NULL   | YES  | BTREE      |         |               |
+------------+------------+----------+--------------+--------------+-----------+-------------+----------+--------+------+------------+---------+---------------+
2 rows in set (0.00 sec)

Query OK, 87836 rows affected (29.57 sec)
Records: 87836  Duplicates: 0  Warnings: 0

Query OK, 2836 rows affected (0.79 sec)
Records: 2836  Duplicates: 0  Warnings: 0

Query OK, 0 rows affected (0.00 sec)

Query OK, 0 rows affected (0.02 sec)

Query OK, 140 rows affected (0.09 sec)
Records: 140  Duplicates: 0  Warnings: 0

Query OK, 0 rows affected (0.03 sec)

Query OK, 110999 rows affected (27 min 57.11 sec)
Records: 110999  Duplicates: 0  Warnings: 0

+-----------------+
| rep_livetvstats |
+-----------------+
|          110999 |
+-----------------+
1 row in set (0.04 sec)

mysql> mysql \. C:\workspace\cloud\code\sql\_DailyScript\currenttime.sql
+---------------------+
| currenttime         |
+---------------------+
| 2020-03-02 08:21:58 |
+---------------------+
1 row in set (0.00 sec)

mysql> 
mysql> mysql \. C:\workspace\cloud\code\sql\_DailyScript\DAILY-SCRIPT-VODTS-STATS.sql
Database changed
Query OK, 0 rows affected (0.02 sec)

Query OK, 3960 rows affected (1 min 4.41 sec)
Records: 3960  Duplicates: 0  Warnings: 0

+---------+------------+----------+--------------+--------------+-----------+-------------+----------+--------+------+------------+---------+---------------+
| Table   | Non_unique | Key_name | Seq_in_index | Column_name  | Collation | Cardinality | Sub_part | Packed | Null | Index_type | Comment | Index_comment |
+---------+------------+----------+--------------+--------------+-----------+-------------+----------+--------+------+------------+---------+---------------+
| tempvod |          1 | idxtvod1 |            1 | device       | A         |        3923 |     NULL | NULL   | YES  | BTREE      |         |               |
| tempvod |          1 | idxtvod2 |            1 | sessionstart | A         |        3923 |     NULL | NULL   | YES  | BTREE      |         |               |
+---------+------------+----------+--------------+--------------+-----------+-------------+----------+--------+------+------------+---------+---------------+
2 rows in set (0.00 sec)

Query OK, 3949 rows affected (3.21 sec)
Records: 3949  Duplicates: 0  Warnings: 0

Query OK, 0 rows affected (0.01 sec)

Query OK, 520959 rows affected (45.57 sec)
Records: 520959  Duplicates: 0  Warnings: 0

+--------------+
| rep_vodstats |
+--------------+
|       520959 |
+--------------+
1 row in set (0.16 sec)

Database changed
Query OK, 0 rows affected (0.09 sec)

Query OK, 10692 rows affected (4 min 57.19 sec)
Records: 10692  Duplicates: 0  Warnings: 0

+--------+------------+----------+--------------+--------------+-----------+-------------+----------+--------+------+------------+---------+---------------+
| Table  | Non_unique | Key_name | Seq_in_index | Column_name  | Collation | Cardinality | Sub_part | Packed | Null | Index_type | Comment | Index_comment |
+--------+------------+----------+--------------+--------------+-----------+-------------+----------+--------+------+------------+---------+---------------+
| tempts |          1 | idxtts1  |            1 | device       | A         |       10788 |     NULL | NULL   | YES  | BTREE      |         |               |
| tempts |          1 | idxtts2  |            1 | sessionstart | A         |       10788 |     NULL | NULL   | YES  | BTREE      |         |               |
+--------+------------+----------+--------------+--------------+-----------+-------------+----------+--------+------+------------+---------+---------------+
2 rows in set (0.00 sec)

Query OK, 10646 rows affected (11.40 sec)
Records: 10646  Duplicates: 0  Warnings: 0

Query OK, 0 rows affected (0.01 sec)

Query OK, 30922 rows affected (5 min 16.40 sec)
Records: 30922  Duplicates: 0  Warnings: 0

+-------------+
| rep_tsstats |
+-------------+
|       30922 |
+-------------+
1 row in set (0.01 sec)

mysql> mysql \. C:\workspace\cloud\code\sql\_DailyScript\currenttime.sql
+---------------------+
| currenttime         |
+---------------------+
| 2020-03-02 08:34:16 |
+---------------------+
1 row in set (0.00 sec)

mysql> 
mysql> mysql \. C:\workspace\cloud\code\sql\_DailyScript\DAILY-SCRIPT-RADIO-STATS.sql
Database changed
Query OK, 0 rows affected (0.03 sec)

Query OK, 230101 rows affected (6.03 sec)
Records: 230101  Duplicates: 0  Warnings: 0

+-----------+------------+----------+--------------+--------------+-----------+-------------+----------+--------+------+------------+---------+---------------+
| Table     | Non_unique | Key_name | Seq_in_index | Column_name  | Collation | Cardinality | Sub_part | Packed | Null | Index_type | Comment | Index_comment |
+-----------+------------+----------+--------------+--------------+-----------+-------------+----------+--------+------+------------+---------+---------------+
| tempradio |          1 | idxtrad1 |            1 | device       | A         |      231163 |     NULL | NULL   | YES  | BTREE      |         |               |
| tempradio |          1 | idxtrad2 |            1 | sessionstart | A         |      231163 |     NULL | NULL   | YES  | BTREE      |         |               |
+-----------+------------+----------+--------------+--------------+-----------+-------------+----------+--------+------+------------+---------+---------------+
2 rows in set (0.00 sec)

Query OK, 324 rows affected (5.60 sec)
Records: 324  Duplicates: 0  Warnings: 0

Query OK, 0 rows affected (0.00 sec)

Query OK, 4233 rows affected (0.33 sec)
Records: 4233  Duplicates: 0  Warnings: 0

+----------------+
| rep_radiostats |
+----------------+
|           4233 |
+----------------+
1 row in set (0.00 sec)

mysql> mysql \. C:\workspace\cloud\code\sql\_DailyScript\currenttime.sql
+---------------------+
| currenttime         |
+---------------------+
| 2020-03-02 08:34:28 |
+---------------------+
1 row in set (0.00 sec)

mysql> 
mysql> mysql \. C:\workspace\cloud\code\sql\_DailyScript\DAILY_SCRIPT_TELEMETRY_PIVOT_2020.sql
Query OK, 0 rows affected (0.00 sec)

Query OK, 144 rows affected (0.13 sec)
Records: 144  Duplicates: 0  Warnings: 0

Query OK, 0 rows affected (0.00 sec)

Query OK, 7713 rows affected (1.45 sec)
Records: 7713  Duplicates: 0  Warnings: 0

Query OK, 0 rows affected (0.06 sec)

Query OK, 8 rows affected (0.04 sec)
Records: 8  Duplicates: 0  Warnings: 0

Query OK, 0 rows affected (0.01 sec)

Query OK, 47 rows affected (0.17 sec)
Records: 47  Duplicates: 0  Warnings: 0

mysql> mysql \. C:\workspace\cloud\code\sql\_DailyScript\currenttime.sql
+---------------------+
| currenttime         |
+---------------------+
| 2020-03-02 08:34:30 |
+---------------------+
1 row in set (0.00 sec)

mysql> 
mysql> mysql \. C:\workspace\cloud\code\sql\_DailyScript\telemetry_livetv_ranking2020.sql
Query OK, 0 rows affected (0.00 sec)

Query OK, 144 rows affected (0.01 sec)
Records: 144  Duplicates: 0  Warnings: 0

mysql> mysql \. C:\workspace\cloud\code\sql\_DailyScript\currenttime.sql
+---------------------+
| currenttime         |
+---------------------+
| 2020-03-02 08:34:30 |
+---------------------+
1 row in set (0.00 sec)

mysql> 
mysql> mysql \. C:\workspace\cloud\code\sql\_DailyScript\telemetry_radio_ranking2020.sql
Query OK, 0 rows affected (0.00 sec)

Query OK, 8 rows affected (0.03 sec)
Records: 8  Duplicates: 0  Warnings: 0

mysql> mysql \. C:\workspace\cloud\code\sql\_DailyScript\currenttime.sql
+---------------------+
| currenttime         |
+---------------------+
| 2020-03-02 08:34:30 |
+---------------------+
1 row in set (0.00 sec)

mysql> 
mysql> mysql \. C:\workspace\cloud\code\sql\_DailyScript\telemetry_ts_ranking2020.sql
Query OK, 0 rows affected (0.00 sec)

Query OK, 47 rows affected (0.01 sec)
Records: 47  Duplicates: 0  Warnings: 0

mysql> mysql \. C:\workspace\cloud\code\sql\_DailyScript\currenttime.sql
+---------------------+
| currenttime         |
+---------------------+
| 2020-03-02 08:34:30 |
+---------------------+
1 row in set (0.00 sec)

mysql> 
mysql> mysql \. C:\workspace\cloud\code\sql\_DailyScript\telemetry_vod_ranking2020.sql
Query OK, 0 rows affected (0.00 sec)

Query OK, 7713 rows affected (0.39 sec)
Records: 7713  Duplicates: 0  Warnings: 0

mysql> mysql \. C:\workspace\cloud\code\sql\_DailyScript\currenttime.sql
+---------------------+
| currenttime         |
+---------------------+
| 2020-03-02 08:34:31 |
+---------------------+
1 row in set (0.00 sec)

mysql> 
mysql> mysql \. C:\workspace\cloud\code\sql\_DailyScript\telemetry_vod_ranking2020_1.sql
Query OK, 0 rows affected (0.01 sec)

Query OK, 7713 rows affected (0.19 sec)
Records: 7713  Duplicates: 0  Warnings: 0

mysql> mysql \. C:\workspace\cloud\code\sql\_DailyScript\currenttime.sql
+---------------------+
| currenttime         |
+---------------------+
| 2020-03-02 08:34:31 |
+---------------------+
1 row in set (0.00 sec)

mysql> 
mysql> mysql \. C:\workspace\cloud\code\sql\_DailyScript\telemetry_vod_ranking2020_2.sql
Query OK, 0 rows affected (0.02 sec)

Query OK, 7713 rows affected (0.15 sec)
Records: 7713  Duplicates: 0  Warnings: 0

mysql> mysql \. C:\workspace\cloud\code\sql\_DailyScript\currenttime.sql
+---------------------+
| currenttime         |
+---------------------+
| 2020-03-02 08:34:31 |
+---------------------+
1 row in set (0.00 sec)

mysql> 
mysql> mysql \. C:\workspace\cloud\code\sql\_DailyScript\DAILY-SCRIPT-CREATE-LOAD.sql
Database changed
Database changed
Query OK, 0 rows affected (0.03 sec)

Query OK, 0 rows affected (0.01 sec)

Database changed
Query OK, 66291 rows affected (3.36 sec)
Records: 66291  Deleted: 0  Skipped: 0  Warnings: 0

Query OK, 0 rows affected (0.17 sec)
Records: 0  Duplicates: 0  Warnings: 0

Query OK, 0 rows affected (0.25 sec)
Records: 0  Duplicates: 0  Warnings: 0

Query OK, 0 rows affected (0.56 sec)
Records: 0  Duplicates: 0  Warnings: 0

Query OK, 0 rows affected (0.42 sec)
Records: 0  Duplicates: 0  Warnings: 0

+---------+
| clients |
+---------+
|   66291 |
+---------+
1 row in set (0.02 sec)

Query OK, 0 rows affected (0.03 sec)

Query OK, 8460 rows affected (5.09 sec)
Records: 8460  Duplicates: 0  Warnings: 0

Query OK, 0 rows affected (0.05 sec)
Records: 0  Duplicates: 0  Warnings: 0

+-------------------+
| rcb_clientparcels |
+-------------------+
|              8460 |
+-------------------+
1 row in set (0.01 sec)

Query OK, 0 rows affected (0.02 sec)

Query OK, 78767 rows affected (3.36 sec)
Records: 78767  Duplicates: 0  Warnings: 0

Query OK, 0 rows affected (0.43 sec)
Records: 0  Duplicates: 0  Warnings: 0

Query OK, 0 rows affected (0.05 sec)

Query OK, 66291 rows affected (16.52 sec)
Records: 66291  Duplicates: 0  Warnings: 0

Query OK, 0 rows affected (0.19 sec)
Records: 0  Duplicates: 0  Warnings: 0

Query OK, 0 rows affected (0.21 sec)
Records: 0  Duplicates: 0  Warnings: 0

Query OK, 0 rows affected (0.18 sec)
Records: 0  Duplicates: 0  Warnings: 0

+---------------+
| clientaddress |
+---------------+
|         66291 |
+---------------+
1 row in set (0.02 sec)

Database changed
Query OK, 0 rows affected (0.05 sec)

Query OK, 0 rows affected (0.02 sec)

Database changed
Query OK, 503840 rows affected, 65535 warnings (16.34 sec)
Records: 503840  Deleted: 0  Skipped: 0  Warnings: 200725

Query OK, 0 rows affected (13.08 sec)
Records: 0  Duplicates: 0  Warnings: 0

Query OK, 0 rows affected (3.62 sec)
Records: 0  Duplicates: 0  Warnings: 0

Query OK, 0 rows affected (1.90 sec)
Records: 0  Duplicates: 0  Warnings: 0

Query OK, 0 rows affected (0.01 sec)

Query OK, 503840 rows affected (48.53 sec)
Records: 503840  Duplicates: 0  Warnings: 0

Query OK, 0 rows affected (1.77 sec)
Records: 0  Duplicates: 0  Warnings: 0

Query OK, 0 rows affected (1.39 sec)
Records: 0  Duplicates: 0  Warnings: 0

+-----------+
| contracts |
+-----------+
|    503840 |
+-----------+
1 row in set (0.19 sec)

+-----------------+
| contractaddress |
+-----------------+
|          503840 |
+-----------------+
1 row in set (0.15 sec)

Database changed
Query OK, 0 rows affected (0.00 sec)

Query OK, 0 rows affected (0.00 sec)

Query OK, 7261 rows affected (0.18 sec)
Records: 7261  Deleted: 0  Skipped: 0  Warnings: 0

Query OK, 0 rows affected (0.01 sec)

Query OK, 7230 rows affected (2.08 sec)
Records: 7230  Duplicates: 0  Warnings: 0

Query OK, 0 rows affected (0.04 sec)
Records: 0  Duplicates: 0  Warnings: 0

Query OK, 0 rows affected (0.01 sec)

Query OK, 5633 rows affected (0.19 sec)
Records: 5633  Duplicates: 0  Warnings: 0

Query OK, 0 rows affected (0.03 sec)
Records: 0  Duplicates: 0  Warnings: 0

+-------------------+
| contractdiscounts |
+-------------------+
|              7261 |
+-------------------+
1 row in set (0.00 sec)

+-------------------------+
| clientcontractdiscounts |
+-------------------------+
|                    7230 |
+-------------------------+
1 row in set (0.00 sec)

+----------------------------+
| clientcontractlastdiscount |
+----------------------------+
|                       5633 |
+----------------------------+
1 row in set (0.00 sec)

Database changed
Query OK, 0 rows affected (0.03 sec)

Query OK, 0 rows affected (0.01 sec)

Database changed
Query OK, 133775 rows affected, 4 warnings (4.18 sec)
Records: 133775  Deleted: 0  Skipped: 0  Warnings: 4

Query OK, 0 rows affected (0.68 sec)
Records: 0  Duplicates: 0  Warnings: 0

Query OK, 0 rows affected (0.56 sec)
Records: 0  Duplicates: 0  Warnings: 0

Query OK, 0 rows affected (0.53 sec)
Records: 0  Duplicates: 0  Warnings: 0

Query OK, 0 rows affected (0.40 sec)
Records: 0  Duplicates: 0  Warnings: 0

Query OK, 0 rows affected (0.94 sec)
Records: 0  Duplicates: 0  Warnings: 0

Query OK, 0 rows affected (0.62 sec)
Records: 0  Duplicates: 0  Warnings: 0

Query OK, 0 rows affected (0.17 sec)

Query OK, 1720219 rows affected (3 min 0.49 sec)
Records: 1720219  Duplicates: 0  Warnings: 0

+---------+
| devices |
+---------+
|  133775 |
+---------+
1 row in set (0.05 sec)

+-----------------------+
| clientcontractdevices |
+-----------------------+
|               1720219 |
+-----------------------+
1 row in set (0.73 sec)

Query OK, 0 rows affected (0.07 sec)

Query OK, 133735 rows affected (7.12 sec)
Records: 133735  Duplicates: 0  Warnings: 0

+---------------------------+
| rep_clientcontractdevices |
+---------------------------+
|                    133735 |
+---------------------------+
1 row in set (0.04 sec)

Database changed
Query OK, 0 rows affected (0.02 sec)

Query OK, 0 rows affected (0.01 sec)

Query OK, 274838 rows affected (7.80 sec)
Records: 274838  Deleted: 0  Skipped: 0  Warnings: 0

Query OK, 0 rows affected (0.71 sec)
Records: 0  Duplicates: 0  Warnings: 0

Query OK, 0 rows affected (0.66 sec)
Records: 0  Duplicates: 0  Warnings: 0

Query OK, 0 rows affected (0.63 sec)
Records: 0  Duplicates: 0  Warnings: 0

Query OK, 0 rows affected (0.81 sec)
Records: 0  Duplicates: 0  Warnings: 0

+---------+
| tickets |
+---------+
|  274838 |
+---------+
1 row in set (0.08 sec)

Database changed
Query OK, 0 rows affected (0.06 sec)

Query OK, 0 rows affected (0.00 sec)

Empty set (0.00 sec)

Query OK, 0 rows affected (0.01 sec)
Records: 0  Duplicates: 0  Warnings: 0

Query OK, 352 rows affected, 2 warnings (0.03 sec)
Records: 352  Deleted: 0  Skipped: 0  Warnings: 2

+-----------------+
| tickettechusers |
+-----------------+
|             352 |
+-----------------+
1 row in set (0.00 sec)

Database changed
Query OK, 0 rows affected (0.01 sec)

Query OK, 0 rows affected (0.02 sec)

Query OK, 0 rows affected (0.01 sec)
Records: 0  Duplicates: 0  Warnings: 0

Query OK, 588726 rows affected, 44907 warnings (12.18 sec)
Records: 588726  Deleted: 0  Skipped: 0  Warnings: 44907

+-------------------+
| ticketassignments |
+-------------------+
|            588726 |
+-------------------+
1 row in set (0.17 sec)

Database changed
Query OK, 0 rows affected (0.63 sec)

Query OK, 0 rows affected (0.00 sec)

Query OK, 1208818 rows affected (20.38 sec)
Records: 1208818  Deleted: 0  Skipped: 0  Warnings: 0

Query OK, 0 rows affected (8.11 sec)
Records: 0  Duplicates: 0  Warnings: 0

Query OK, 0 rows affected (3.82 sec)
Records: 0  Duplicates: 0  Warnings: 0

Query OK, 0 rows affected (2.83 sec)
Records: 0  Duplicates: 0  Warnings: 0

Query OK, 0 rows affected (3.72 sec)
Records: 0  Duplicates: 0  Warnings: 0

+----------------+
| ticketcomments |
+----------------+
|        1208818 |
+----------------+
1 row in set (0.36 sec)

Database changed
Query OK, 0 rows affected (0.01 sec)

Query OK, 0 rows affected (0.01 sec)

Query OK, 436485 rows affected (42.12 sec)
Records: 436485  Deleted: 0  Skipped: 0  Warnings: 0

Query OK, 0 rows affected (2.44 sec)
Records: 0  Duplicates: 0  Warnings: 0

+----------+
| comments |
+----------+
|   436485 |
+----------+
1 row in set (0.13 sec)

Database changed
Query OK, 0 rows affected (0.16 sec)

Query OK, 0 rows affected (0.01 sec)

Query OK, 1167619 rows affected, 65535 warnings (1 min 8.95 sec)
Records: 1167619  Deleted: 0  Skipped: 0  Warnings: 1167635

Query OK, 0 rows affected (6.53 sec)
Records: 0  Duplicates: 0  Warnings: 0

Query OK, 0 rows affected (3.57 sec)
Records: 0  Duplicates: 0  Warnings: 0

Query OK, 0 rows affected (3.42 sec)
Records: 0  Duplicates: 0  Warnings: 0

Query OK, 0 rows affected (3.46 sec)
Records: 0  Duplicates: 0  Warnings: 0

Query OK, 0 rows affected (4.47 sec)
Records: 0  Duplicates: 0  Warnings: 0

+------------+
| devicesold |
+------------+
|    1167619 |
+------------+
1 row in set (0.37 sec)

Database changed
Query OK, 0 rows affected (0.08 sec)

Query OK, 0 rows affected (0.01 sec)

Query OK, 1713547 rows affected (25.52 sec)
Records: 1713547  Deleted: 0  Skipped: 0  Warnings: 0

Query OK, 0 rows affected (7.46 sec)
Records: 0  Duplicates: 0  Warnings: 0

Query OK, 0 rows affected (5.05 sec)
Records: 0  Duplicates: 0  Warnings: 0

Query OK, 0 rows affected (5.19 sec)
Records: 0  Duplicates: 0  Warnings: 0

+------------------+
| contractservices |
+------------------+
|          1713547 |
+------------------+
1 row in set (0.54 sec)

Database changed
Query OK, 0 rows affected (0.05 sec)

Query OK, 0 rows affected (0.07 sec)

Query OK, 4000437 rows affected (2 min 35.50 sec)
Records: 4000437  Deleted: 0  Skipped: 0  Warnings: 0

Query OK, 0 rows affected (14.64 sec)
Records: 0  Duplicates: 0  Warnings: 0

Query OK, 0 rows affected (14.94 sec)
Records: 0  Duplicates: 0  Warnings: 0

Query OK, 0 rows affected (12.09 sec)
Records: 0  Duplicates: 0  Warnings: 0

Query OK, 0 rows affected (15.87 sec)
Records: 0  Duplicates: 0  Warnings: 0

+------------------+
| invoicescontents |
+------------------+
|          4000437 |
+------------------+
1 row in set (1.24 sec)

Database changed
Query OK, 0 rows affected (0.10 sec)

Query OK, 0 rows affected (0.01 sec)

Query OK, 2791893 rows affected (3 min 27.59 sec)
Records: 2791893  Deleted: 0  Skipped: 0  Warnings: 0

Query OK, 0 rows affected (14.61 sec)
Records: 0  Duplicates: 0  Warnings: 0

Query OK, 0 rows affected (13.47 sec)
Records: 0  Duplicates: 0  Warnings: 0

Query OK, 0 rows affected (12.07 sec)
Records: 0  Duplicates: 0  Warnings: 0

Query OK, 0 rows affected (11.67 sec)
Records: 0  Duplicates: 0  Warnings: 0

Query OK, 0 rows affected (12.92 sec)
Records: 0  Duplicates: 0  Warnings: 0

+----------------+
| invoicesheader |
+----------------+
|        2791893 |
+----------------+
1 row in set (0.82 sec)

Database changed
Query OK, 0 rows affected (0.04 sec)

Query OK, 0 rows affected (0.01 sec)

Query OK, 2871378 rows affected (1 min 27.20 sec)
Records: 2871378  Deleted: 0  Skipped: 0  Warnings: 0

Query OK, 0 rows affected (11.80 sec)
Records: 0  Duplicates: 0  Warnings: 0

Query OK, 0 rows affected (9.48 sec)
Records: 0  Duplicates: 0  Warnings: 0

Query OK, 0 rows affected (8.36 sec)
Records: 0  Duplicates: 0  Warnings: 0

Query OK, 0 rows affected (9.06 sec)
Records: 0  Duplicates: 0  Warnings: 0

+---------+
| casa    |
+---------+
| 2871378 |
+---------+
1 row in set (0.98 sec)

Query OK, 0 rows affected (0.01 sec)

Query OK, 13750 rows affected (1 min 17.00 sec)
Records: 13750  Duplicates: 0  Warnings: 0

+--------------------+
| rep_paycol_channel |
+--------------------+
|              13750 |
+--------------------+
1 row in set (0.01 sec)

Query OK, 0 rows affected (0.01 sec)

Query OK, 9818 rows affected (1 min 33.52 sec)
Records: 9818  Duplicates: 0  Warnings: 0

+----------------+
| rep_paycol_pos |
+----------------+
|           9818 |
+----------------+
1 row in set (0.01 sec)

Database changed
Query OK, 0 rows affected (0.01 sec)

Query OK, 0 rows affected (0.01 sec)

Database changed
Query OK, 39100 rows affected (0.90 sec)
Records: 39100  Deleted: 0  Skipped: 0  Warnings: 0

+-------+
| users |
+-------+
| 39100 |
+-------+
1 row in set (0.02 sec)

Query OK, 0 rows affected (0.08 sec)
Records: 0  Duplicates: 0  Warnings: 0

Database changed
Query OK, 0 rows affected (0.05 sec)

Query OK, 0 rows affected (0.00 sec)

Query OK, 1872898 rows affected, 2 warnings (35.19 sec)
Records: 1872898  Deleted: 0  Skipped: 0  Warnings: 2

Query OK, 0 rows affected (8.18 sec)
Records: 0  Duplicates: 0  Warnings: 0

Query OK, 0 rows affected (5.74 sec)
Records: 0  Duplicates: 0  Warnings: 0

Query OK, 0 rows affected (6.37 sec)
Records: 0  Duplicates: 0  Warnings: 0

Query OK, 0 rows affected (3.76 sec)
Records: 0  Duplicates: 0  Warnings: 0

Query OK, 0 rows affected (4.86 sec)
Records: 0  Duplicates: 0  Warnings: 0

+-------------+
| useractions |
+-------------+
|     1872898 |
+-------------+
1 row in set (0.56 sec)

Database changed
Query OK, 0 rows affected (0.10 sec)

Query OK, 0 rows affected (0.00 sec)

Database changed
Query OK, 15141400 rows affected (3 min 28.12 sec)
Records: 15141400  Deleted: 0  Skipped: 0  Warnings: 0

Query OK, 0 rows affected (47.40 sec)
Records: 0  Duplicates: 0  Warnings: 0

Query OK, 0 rows affected (49.25 sec)
Records: 0  Duplicates: 0  Warnings: 0

Query OK, 0 rows affected (49.03 sec)
Records: 0  Duplicates: 0  Warnings: 0

Query OK, 0 rows affected (43.17 sec)
Records: 0  Duplicates: 0  Warnings: 0

+----------+
| ipusage1 |
+----------+
| 15141400 |
+----------+
1 row in set (9.30 sec)

Query OK, 0 rows affected (0.11 sec)

Query OK, 15273395 rows affected, 65535 warnings (16 min 43.28 sec)
Records: 15273395  Duplicates: 0  Warnings: 15269307

Query OK, 0 rows affected (42.64 sec)
Records: 0  Duplicates: 0  Warnings: 0

Query OK, 0 rows affected (48.18 sec)
Records: 0  Duplicates: 0  Warnings: 0

Query OK, 0 rows affected (46.58 sec)
Records: 0  Duplicates: 0  Warnings: 0

Query OK, 0 rows affected (47.14 sec)
Records: 0  Duplicates: 0  Warnings: 0

Query OK, 0 rows affected (1 min 9.83 sec)
Records: 0  Duplicates: 0  Warnings: 0

Query OK, 0 rows affected (1 min 12.41 sec)
Records: 0  Duplicates: 0  Warnings: 0

Query OK, 0 rows affected (1 min 5.10 sec)
Records: 0  Duplicates: 0  Warnings: 0

+----------+
| ipusage  |
+----------+
| 15273395 |
+----------+
1 row in set (9.50 sec)

Query OK, 0 rows affected (0.09 sec)

Query OK, 3845691 rows affected (3 min 39.12 sec)
Records: 3845691  Duplicates: 0  Warnings: 0

Query OK, 0 rows affected (14.21 sec)
Records: 0  Duplicates: 0  Warnings: 0

Query OK, 0 rows affected (12.40 sec)
Records: 0  Duplicates: 0  Warnings: 0

Query OK, 0 rows affected (13.94 sec)
Records: 0  Duplicates: 0  Warnings: 0

Query OK, 0 rows affected (17.98 sec)
Records: 0  Duplicates: 0  Warnings: 0

Query OK, 0 rows affected (11.44 sec)
Records: 0  Duplicates: 0  Warnings: 0

Query OK, 0 rows affected (0.40 sec)

Query OK, 320781 rows affected (27.90 sec)
Records: 320781  Duplicates: 0  Warnings: 0

Query OK, 0 rows affected (1.00 sec)
Records: 0  Duplicates: 0  Warnings: 0

Query OK, 0 rows affected (0.99 sec)
Records: 0  Duplicates: 0  Warnings: 0

Query OK, 0 rows affected (1.14 sec)
Records: 0  Duplicates: 0  Warnings: 0

Query OK, 0 rows affected (0.58 sec)
Records: 0  Duplicates: 0  Warnings: 0

Query OK, 0 rows affected (0.59 sec)
Records: 0  Duplicates: 0  Warnings: 0

Query OK, 0 rows affected (0.58 sec)
Records: 0  Duplicates: 0  Warnings: 0

Query OK, 0 rows affected (0.59 sec)
Records: 0  Duplicates: 0  Warnings: 0

Query OK, 0 rows affected (0.05 sec)

Query OK, 1713354 rows affected (59.78 sec)
Records: 1713354  Duplicates: 0  Warnings: 0

Query OK, 0 rows affected (7.73 sec)
Records: 0  Duplicates: 0  Warnings: 0

Query OK, 0 rows affected (4.92 sec)
Records: 0  Duplicates: 0  Warnings: 0

Query OK, 0 rows affected (5.92 sec)
Records: 0  Duplicates: 0  Warnings: 0

mysql> mysql \. C:\workspace\cloud\code\sql\_DailyScript\currenttime.sql
+---------------------+
| currenttime         |
+---------------------+
| 2020-03-02 09:34:54 |
+---------------------+
1 row in set (0.00 sec)

mysql> 
mysql> mysql \. C:\workspace\cloud\code\sql\_DailyScript\ticket_analysis.sql
Database changed
Query OK, 0 rows affected (0.11 sec)

Query OK, 569794 rows affected (27.81 sec)
Records: 569794  Duplicates: 0  Warnings: 0

Query OK, 0 rows affected (9.89 sec)
Records: 0  Duplicates: 0  Warnings: 0

Query OK, 0 rows affected (2.24 sec)
Records: 0  Duplicates: 0  Warnings: 0

Query OK, 0 rows affected (1.92 sec)
Records: 0  Duplicates: 0  Warnings: 0

Query OK, 0 rows affected (0.01 sec)

Query OK, 19243 rows affected (11.30 sec)
Records: 19243  Duplicates: 0  Warnings: 0

Query OK, 0 rows affected, 1 warning (0.00 sec)

Query OK, 78948 rows affected (6.47 sec)
Records: 78948  Duplicates: 0  Warnings: 0

Query OK, 0 rows affected, 1 warning (0.00 sec)

Query OK, 407555 rows affected (11.48 sec)
Records: 407555  Duplicates: 0  Warnings: 0

Query OK, 0 rows affected, 1 warning (0.00 sec)

Query OK, 407555 rows affected (13.53 sec)
Records: 407555  Duplicates: 0  Warnings: 0

Query OK, 0 rows affected (0.01 sec)

Query OK, 79008 rows affected (5.98 sec)
Records: 79008  Duplicates: 0  Warnings: 0

Database changed
Query OK, 0 rows affected (0.00 sec)

Query OK, 0 rows affected (0.02 sec)

Query OK, 569794 rows affected (18.88 sec)
Records: 569794  Duplicates: 0  Warnings: 0

Query OK, 0 rows affected (0.03 sec)

Query OK, 281279 rows affected (14.77 sec)
Records: 281279  Duplicates: 0  Warnings: 0

+--------------------------+
| clientticket_cmmtjourney |
+--------------------------+
|                   569794 |
+--------------------------+
1 row in set (4.84 sec)

+---------------------------+
| clientticket_assgnjourney |
+---------------------------+
|                    281279 |
+---------------------------+
1 row in set (0.34 sec)

Query OK, 0 rows affected (0.01 sec)

Query OK, 85 rows affected (0.12 sec)
Records: 85  Duplicates: 0  Warnings: 0

mysql> mysql \. C:\workspace\cloud\code\sql\_DailyScript\currenttime.sql
+---------------------+
| currenttime         |
+---------------------+
| 2020-03-02 09:37:04 |
+---------------------+
1 row in set (0.00 sec)

mysql> 
mysql> mysql \. C:\workspace\cloud\code\sql\_DailyScript\load_DailyCalls.sql
Database changed
Query OK, 610 rows affected (0.46 sec)
Records: 610  Deleted: 0  Skipped: 0  Warnings: 0

Query OK, 0 rows affected, 1 warning (0.00 sec)

Query OK, 579 rows affected (0.20 sec)
Records: 579  Duplicates: 0  Warnings: 0

Query OK, 0 rows affected, 1 warning (0.00 sec)

Query OK, 65619 rows affected (0.45 sec)
Records: 65619  Duplicates: 0  Warnings: 0

+----------------------+
| callingclientsbefore |
+----------------------+
|               847710 |
+----------------------+
1 row in set (1.89 sec)

Query OK, 780 rows affected (12.88 sec)
Records: 780  Duplicates: 0  Warnings: 0

+---------------------+
| callingclientsafter |
+---------------------+
|              848490 |
+---------------------+
1 row in set (0.24 sec)

Query OK, 0 rows affected (0.00 sec)

Query OK, 338 rows affected (11.77 sec)
Records: 338  Duplicates: 0  Warnings: 0

Query OK, 0 rows affected (0.00 sec)

Query OK, 17426 rows affected (2.65 sec)
Records: 17426  Duplicates: 0  Warnings: 0

+-----------+
| callstats |
+-----------+
|     17426 |
+-----------+
1 row in set (0.01 sec)

Query OK, 0 rows affected, 1 warning (0.00 sec)

Query OK, 780 rows affected (11.42 sec)
Records: 780  Duplicates: 0  Warnings: 0

+------------------------+
| rep_cccallreportbefore |
+------------------------+
|                 852106 |
+------------------------+
1 row in set (0.25 sec)

Query OK, 780 rows affected (1.79 sec)
Records: 780  Duplicates: 0  Warnings: 0

+-----------------------+
| rep_cccallreportafter |
+-----------------------+
|                852886 |
+-----------------------+
1 row in set (0.24 sec)

Query OK, 0 rows affected (0.00 sec)

mysql> mysql \. C:\workspace\cloud\code\sql\_DailyScript\currenttime.sql
+---------------------+
| currenttime         |
+---------------------+
| 2020-03-02 09:37:49 |
+---------------------+
1 row in set (0.00 sec)

mysql> 
mysql> mysql \. C:\workspace\cloud\code\sql\_DailyScript\DAILY-SCRIPT-USAGE.sql
Database changed
Query OK, 0 rows affected (0.00 sec)

Query OK, 7216 rows affected, 20910 warnings (3.50 sec)
Records: 7216  Deleted: 0  Skipped: 0  Warnings: 20910

Query OK, 0 rows affected (0.00 sec)

Query OK, 10618 rows affected, 30689 warnings (4.09 sec)
Records: 10618  Deleted: 0  Skipped: 0  Warnings: 30689

Query OK, 0 rows affected (0.00 sec)

Query OK, 200 rows affected, 711 warnings (0.03 sec)
Records: 200  Deleted: 0  Skipped: 0  Warnings: 711

Query OK, 0 rows affected (0.00 sec)

Query OK, 171 rows affected, 585 warnings (0.03 sec)
Records: 171  Deleted: 0  Skipped: 0  Warnings: 585

+------------+
| dailyusage |
+------------+
|   10715808 |
+------------+
1 row in set (29.11 sec)

+------------+------------+------------+---------+
| datestart  | dateend    | insertedon | records |
+------------+------------+------------+---------+
| 2020-03-01 | 2020-03-01 | 2020-03-02 |   18205 |
| 2020-02-29 | 2020-02-29 | 2020-03-01 |   18303 |
| 2020-02-28 | 2020-02-28 | 2020-02-29 |   18399 |
| 2020-02-27 | 2020-02-27 | 2020-02-28 |   18395 |
| 2020-02-26 | 2020-02-26 | 2020-02-27 |   18329 |
+------------+------------+------------+---------+
5 rows in set (4 min 4.18 sec)

mysql> mysql \. C:\workspace\cloud\code\sql\_DailyScript\currenttime.sql
+---------------------+
| currenttime         |
+---------------------+
| 2020-03-02 09:42:30 |
+---------------------+
1 row in set (0.00 sec)

mysql> 
mysql> mysql \. C:\workspace\cloud\code\sql\_DailyScript\DAILY-SCRIPT-SALES-TELEMETRY.sql
Database changed
Query OK, 44 rows affected, 4 warnings (0.14 sec)
Records: 44  Deleted: 0  Skipped: 0  Warnings: 4

+------------+
| dailysales |
+------------+
|     186483 |
+------------+
1 row in set (8.36 sec)

Query OK, 0 rows affected (0.01 sec)

Query OK, 186483 rows affected (12.83 sec)
Records: 186483  Duplicates: 0  Warnings: 0

+--------+
| sales  |
+--------+
| 186483 |
+--------+
1 row in set (0.08 sec)

Query OK, 0 rows affected (0.02 sec)

Query OK, 2993 rows affected (0.31 sec)
Records: 2993  Duplicates: 0  Warnings: 0

+----------------+
| rep_dailysales |
+----------------+
|           2993 |
+----------------+
1 row in set (0.00 sec)

Query OK, 0 rows affected (0.00 sec)

Query OK, 2993 rows affected (0.50 sec)
Records: 2993  Duplicates: 0  Warnings: 0

+-------------------+
| rep_dailysalesreg |
+-------------------+
|              2993 |
+-------------------+
1 row in set (0.00 sec)

Query OK, 0 rows affected (0.02 sec)

Query OK, 2673 rows affected (0.63 sec)
Records: 2673  Duplicates: 0  Warnings: 0

+-----------+
| saleslist |
+-----------+
|      2673 |
+-----------+
1 row in set (0.00 sec)

Database changed
ERROR 2 (HY000): File 'C:\ProgramData\MySQL\MySQL Server 5.7\Uploads\_csv\PrepaidCardSales-01032020-P1.csv' not found (Errcode: 2 - No such file or directory)
+------------------+
| dailysinglesales |
+------------------+
|             6185 |
+------------------+
1 row in set (0.03 sec)

Database changed
Query OK, 8 rows affected (0.03 sec)
Records: 8  Deleted: 0  Skipped: 0  Warnings: 0

+-----------------+
| dailyaddonsales |
+-----------------+
|           18465 |
+-----------------+
1 row in set (0.87 sec)

Query OK, 276 rows affected (0.21 sec)
Records: 276  Deleted: 0  Skipped: 0  Warnings: 0

+----------------+
| onlinepayments |
+----------------+
|          82952 |
+----------------+
1 row in set (4.09 sec)

+-------------+----------------+---------------------+
| paymentdate | onlinepayments | onlinepaymentamount |
+-------------+----------------+---------------------+
| 2020-03-01  |            276 |        188458.19000 |
| 2020-02-29  |            192 |        152204.86000 |
| 2020-02-28  |            183 |        122179.42000 |
| 2020-02-27  |            167 |        111003.15000 |
| 2020-02-26  |            167 |        109710.39000 |
+-------------+----------------+---------------------+
5 rows in set (0.08 sec)

+-------------+--------------+----------------+---------------------+
| paymentyear | paymentmonth | onlinepayments | onlinepaymentamount |
+-------------+--------------+----------------+---------------------+
|        2020 |            3 |            276 |        188458.19000 |
|        2020 |            2 |           3434 |       2334711.58000 |
|        2020 |            1 |           3598 |       2395112.36000 |
|        2020 |         NULL |           7308 |       4918282.13000 |
|        2019 |           12 |           3234 |       2134467.48000 |
+-------------+--------------+----------------+---------------------+
5 rows in set (0.09 sec)

mysql> mysql \. C:\workspace\cloud\code\sql\_DailyScript\currenttime.sql
+---------------------+
| currenttime         |
+---------------------+
| 2020-03-02 09:42:58 |
+---------------------+
1 row in set (0.00 sec)

mysql> 
mysql> mysql \. C:\workspace\cloud\code\sql\_DailyScript\DAILY-SCRIPT-ACTIVENUMBERS.sql
Database changed
Query OK, 1173 rows affected (0.88 sec)
Records: 1173  Deleted: 0  Skipped: 0  Warnings: 0

+------------+----------+
| period     | count(1) |
+------------+----------+
| 2020-02-29 |     2346 |
| 2020-02-28 |     1171 |
| 2020-02-27 |     1164 |
| 2020-02-26 |     1166 |
| 2020-02-25 |     1162 |
| 2020-02-24 |     1159 |
+------------+----------+
6 rows in set (0.03 sec)

Query OK, 0 rows affected (0.00 sec)

Query OK, 0 rows affected (0.04 sec)
Records: 0  Duplicates: 0  Warnings: 0

+-------------+
| packagelist |
+-------------+
|           0 |
+-------------+
1 row in set (0.00 sec)

Database changed
Query OK, 0 rows affected (0.00 sec)

Query OK, 0 rows affected (0.00 sec)

Query OK, 0 rows affected (0.00 sec)

Query OK, 0 rows affected (0.00 sec)

Query OK, 26578 rows affected, 199 warnings (53.64 sec)
Records: 26578  Deleted: 0  Skipped: 0  Warnings: 199

+------------+----------+
| period     | count(1) |
+------------+----------+
| 2020-03-01 |    26578 |
| 2020-02-29 |    27411 |
| 2020-02-28 |    27439 |
| 2020-02-27 |    27366 |
| 2020-02-26 |    27349 |
+------------+----------+
5 rows in set (0.20 sec)

Query OK, 0 rows affected (0.04 sec)

Query OK, 25975 rows affected (3 min 11.25 sec)
Records: 25975  Duplicates: 0  Warnings: 0

Query OK, 0 rows affected (0.16 sec)
Records: 0  Duplicates: 0  Warnings: 0

Query OK, 0 rows affected (0.10 sec)
Records: 0  Duplicates: 0  Warnings: 0

Query OK, 0 rows affected (0.09 sec)
Records: 0  Duplicates: 0  Warnings: 0

Query OK, 0 rows affected (0.08 sec)
Records: 0  Duplicates: 0  Warnings: 0

Query OK, 0 rows affected (0.06 sec)
Records: 0  Duplicates: 0  Warnings: 0

Query OK, 0 rows affected (0.07 sec)
Records: 0  Duplicates: 0  Warnings: 0

+-------------+
| countbefore |
+-------------+
|    33818036 |
+-------------+
1 row in set (1 min 36.63 sec)

Query OK, 25975 rows affected (23.22 sec)
Records: 25975  Duplicates: 0  Warnings: 0

+------------+
| countafter |
+------------+
|   33844011 |
+------------+
1 row in set (13.05 sec)

+------------+--------------------------+
| period     | customercontractactivity |
+------------+--------------------------+
| 2020-03-01 |                    25975 |
| 2020-02-29 |                    26808 |
| 2020-02-28 |                    26836 |
| 2020-02-27 |                    26762 |
| 2020-02-26 |                    26745 |
+------------+--------------------------+
5 rows in set (0.07 sec)

Query OK, 0 rows affected (0.04 sec)

Query OK, 255046 rows affected (18 min 57.44 sec)
Records: 255046  Duplicates: 0  Warnings: 0

Query OK, 0 rows affected (0.99 sec)
Records: 0  Duplicates: 0  Warnings: 0

Query OK, 0 rows affected (0.94 sec)
Records: 0  Duplicates: 0  Warnings: 0

Query OK, 0 rows affected (0.99 sec)
Records: 0  Duplicates: 0  Warnings: 0

Query OK, 0 rows affected (0.01 sec)

Query OK, 184 rows affected (0.74 sec)
Records: 184  Duplicates: 0  Warnings: 0

Query OK, 0 rows affected (0.03 sec)

Query OK, 2567 rows affected (0.55 sec)
Records: 2567  Duplicates: 0  Warnings: 0

Query OK, 0 rows affected (0.01 sec)

Query OK, 25961 rows affected (0.56 sec)
Records: 25961  Duplicates: 0  Warnings: 0

Query OK, 0 rows affected (0.01 sec)

Query OK, 16595 rows affected (0.34 sec)
Records: 16595  Duplicates: 0  Warnings: 0

Query OK, 0 rows affected (0.01 sec)

Query OK, 16595 rows affected (0.26 sec)
Records: 16595  Duplicates: 0  Warnings: 0

Query OK, 0 rows affected (0.01 sec)

Query OK, 16595 rows affected (1.17 sec)
Records: 16595  Duplicates: 0  Warnings: 0

Query OK, 0 rows affected (0.08 sec)

Query OK, 16595 rows affected (41.82 sec)
Records: 16595  Duplicates: 0  Warnings: 0

+-------------+
| clientstats |
+-------------+
|       16595 |
+-------------+
1 row in set (0.03 sec)

Query OK, 0 rows affected (0.00 sec)

Query OK, 13 rows affected, 1 warning (0.09 sec)
Records: 13  Duplicates: 0  Warnings: 1

+-----------------------+-------------+-------------+----------------+-----------------+
| services              | activecount | allaccounts | uniqueaccounts | uniquecontracts |
+-----------------------+-------------+-------------+----------------+-----------------+
| All                   |         303 |          52 |             52 |             168 |
| Internet & Voice      |         415 |         189 |            189 |             369 |
| Internet Only         |        4189 |        4088 |           4073 |            4128 |
| OTT Only              |           1 |           1 |              1 |               1 |
| TV & Internet         |        8624 |        3828 |           3820 |            7806 |
| TV & Internet & OTT   |        2586 |         689 |            689 |            1423 |
| TV & Internet & Voice |         473 |         140 |            140 |             427 |
| TV & OTT              |         322 |          64 |             63 |              80 |
| TV & Voice            |         114 |          52 |             52 |             106 |
| TV & Voice & OTT      |           3 |           1 |              1 |               2 |
| TV Only               |        9540 |        7332 |           7325 |            7525 |
| Voice Only            |         160 |         159 |            158 |             160 |
| GRAND TOTAL           |       26730 |       16595 |          16516 |           22195 |
+-----------------------+-------------+-------------+----------------+-----------------+
13 rows in set (0.00 sec)

+-------------+-------------+-------------+----------------+-----------------+
| network     | activecount | allaccounts | uniqueaccounts | uniquecontracts |
+-------------+-------------+-------------+----------------+-----------------+
| ADDON       |          14 |          10 |             10 |              10 |
| GPON        |        8162 |        4187 |           4184 |            6396 |
| HFC         |       18554 |       12398 |          12398 |           15789 |
| GRAND TOTAL |       26730 |       16595 |          16516 |           22195 |
+-------------+-------------+-------------+----------------+-----------------+
4 rows in set, 1 warning (0.10 sec)

+-------------+-----------------------+-------------+-------------+----------------+-----------------+
| network     | services              | activecount | allaccounts | uniqueaccounts | uniquecontracts |
+-------------+-----------------------+-------------+-------------+----------------+-----------------+
| ADDON       | OTT Only              |           1 |           1 |              1 |               1 |
| ADDON       | TV & OTT              |           6 |           2 |              2 |               2 |
| ADDON       | TV Only               |           7 |           7 |              7 |               7 |
| ADDON       | Services Total        |          14 |          10 |             10 |              10 |
| GPON        | All                   |         170 |          29 |             29 |              93 |
| GPON        | Internet & Voice      |          75 |          32 |             32 |              65 |
| GPON        | Internet Only         |        1111 |        1030 |           1030 |            1052 |
| GPON        | TV & Internet         |        3367 |        1440 |           1440 |            2959 |
| GPON        | TV & Internet & OTT   |        1396 |         366 |            366 |             763 |
| GPON        | TV & Internet & Voice |         156 |          45 |             45 |             139 |
| GPON        | TV & OTT              |          76 |          25 |             25 |              27 |
| GPON        | TV & Voice            |          55 |          24 |             24 |              50 |
| GPON        | TV & Voice & OTT      |           3 |           1 |              1 |               2 |
| GPON        | TV Only               |        1743 |        1185 |           1185 |            1236 |
| GPON        | Voice Only            |          10 |          10 |             10 |              10 |
| GPON        | Services Total        |        8162 |        4187 |           4184 |            6396 |
| HFC         | All                   |         133 |          23 |             23 |              75 |
| HFC         | Internet & Voice      |         340 |         157 |            157 |             304 |
| HFC         | Internet Only         |        3078 |        3058 |           3058 |            3076 |
| HFC         | TV & Internet         |        5257 |        2388 |           2388 |            4847 |
| HFC         | TV & Internet & OTT   |        1190 |         323 |            323 |             660 |
| HFC         | TV & Internet & Voice |         317 |          95 |             95 |             288 |
| HFC         | TV & OTT              |         240 |          37 |             37 |              51 |
| HFC         | TV & Voice            |          59 |          28 |             28 |              56 |
| HFC         | TV Only               |        7790 |        6140 |           6140 |            6282 |
| HFC         | Voice Only            |         150 |         149 |            149 |             150 |
| HFC         | Services Total        |       18554 |       12398 |          12398 |           15789 |
| GRAND TOTAL | Services Total        |       26730 |       16595 |          16516 |           22195 |
+-------------+-----------------------+-------------+-------------+----------------+-----------------+
28 rows in set, 2 warnings (0.12 sec)

Query OK, 0 rows affected (0.00 sec)

Query OK, 46 rows affected, 3 warnings (0.20 sec)
Records: 46  Duplicates: 0  Warnings: 3

+-------------+---------------+-----------------------+-------------+-------------+----------------+-----------------+
| region      | network       | services              | activecount | allaccounts | uniqueaccounts | uniquecontracts |
+-------------+---------------+-----------------------+-------------+-------------+----------------+-----------------+
| Mahe        | ADDON         | OTT Only              |           1 |           1 |              1 |               1 |
| Mahe        | ADDON         | TV & OTT              |           6 |           2 |              2 |               2 |
| Mahe        | ADDON         | TV Only               |           3 |           3 |              3 |               3 |
| Mahe        | ADDON         | Services Total        |          10 |           6 |              6 |               6 |
| Mahe        | GPON          | All                   |         153 |          26 |             26 |              84 |
| Mahe        | GPON          | Internet & Voice      |          61 |          25 |             25 |              51 |
| Mahe        | GPON          | Internet Only         |         884 |         803 |            803 |             825 |
| Mahe        | GPON          | TV & Internet         |        2549 |        1077 |           1077 |            2209 |
| Mahe        | GPON          | TV & Internet & OTT   |         996 |         252 |            252 |             522 |
| Mahe        | GPON          | TV & Internet & Voice |         143 |          41 |             41 |             126 |
| Mahe        | GPON          | TV & OTT              |          59 |          19 |             19 |              21 |
| Mahe        | GPON          | TV & Voice            |          52 |          23 |             23 |              47 |
| Mahe        | GPON          | TV & Voice & OTT      |           3 |           1 |              1 |               2 |
| Mahe        | GPON          | TV Only               |        1357 |         903 |            903 |             942 |
| Mahe        | GPON          | Voice Only            |           9 |           9 |              9 |               9 |
| Mahe        | GPON          | Services Total        |        6266 |        3179 |           3179 |            4838 |
| Mahe        | HFC           | All                   |         133 |          23 |             23 |              75 |
| Mahe        | HFC           | Internet & Voice      |         340 |         157 |            157 |             304 |
| Mahe        | HFC           | Internet Only         |        3077 |        3057 |           3057 |            3075 |
| Mahe        | HFC           | TV & Internet         |        5257 |        2388 |           2388 |            4847 |
| Mahe        | HFC           | TV & Internet & OTT   |        1190 |         323 |            323 |             660 |
| Mahe        | HFC           | TV & Internet & Voice |         317 |          95 |             95 |             288 |
| Mahe        | HFC           | TV & OTT              |         240 |          37 |             37 |              51 |
| Mahe        | HFC           | TV & Voice            |          59 |          28 |             28 |              56 |
| Mahe        | HFC           | TV Only               |        7786 |        6138 |           6138 |            6280 |
| Mahe        | HFC           | Voice Only            |         150 |         149 |            149 |             150 |
| Mahe        | HFC           | Services Total        |       18549 |       12395 |          12395 |           15786 |
| Mahe        | Network Total | Services Total        |       24825 |       15580 |          15507 |           20630 |
| Praslin     | ADDON         | TV Only               |           4 |           4 |              4 |               4 |
| Praslin     | ADDON         | Services Total        |           4 |           4 |              4 |               4 |
| Praslin     | GPON          | All                   |          17 |           3 |              3 |               9 |
| Praslin     | GPON          | Internet & Voice      |          14 |           7 |              7 |              14 |
| Praslin     | GPON          | Internet Only         |         227 |         227 |            227 |             227 |
| Praslin     | GPON          | TV & Internet         |         818 |         363 |            363 |             750 |
| Praslin     | GPON          | TV & Internet & OTT   |         400 |         114 |            114 |             241 |
| Praslin     | GPON          | TV & Internet & Voice |          13 |           4 |              4 |              13 |
| Praslin     | GPON          | TV & OTT              |          17 |           6 |              6 |               6 |
| Praslin     | GPON          | TV & Voice            |           3 |           1 |              1 |               3 |
| Praslin     | GPON          | TV Only               |         386 |         282 |            282 |             294 |
| Praslin     | GPON          | Voice Only            |           1 |           1 |              1 |               1 |
| Praslin     | GPON          | Services Total        |        1896 |        1008 |           1008 |            1558 |
| Praslin     | HFC           | Internet Only         |           1 |           1 |              1 |               1 |
| Praslin     | HFC           | TV Only               |           4 |           2 |              2 |               2 |
| Praslin     | HFC           | Services Total        |           5 |           3 |              3 |               3 |
| Praslin     | Network Total | Services Total        |        1905 |        1015 |           1012 |            1565 |
| GRAND TOTAL | Network Total | Services Total        |       26730 |       16595 |          16516 |           22195 |
+-------------+---------------+-----------------------+-------------+-------------+----------------+-----------------+
46 rows in set (0.00 sec)

Query OK, 0 rows affected (0.00 sec)

Query OK, 25962 rows affected (0.43 sec)
Records: 25962  Duplicates: 0  Warnings: 0

Query OK, 0 rows affected (0.01 sec)

Query OK, 1982 rows affected (24.47 sec)
Records: 1982  Duplicates: 0  Warnings: 0

+--------------------------------------+
| message                              |
+--------------------------------------+
| running rcbill_my.sp_ActiveNumber2() |
+--------------------------------------+
1 row in set (0.00 sec)

Query OK, 365 rows affected (3 min 32.97 sec)

mysql> mysql \. C:\workspace\cloud\code\sql\_DailyScript\currenttime.sql
+---------------------+
| currenttime         |
+---------------------+
| 2020-03-02 10:13:02 |
+---------------------+
1 row in set (0.00 sec)

mysql> 
mysql> mysql \. C:\workspace\cloud\code\sql\_DailyScript\GetActiveNumbers Average -Pivot.sql
Database changed
+-------------------------------------+
| @today := subdate(current_date(),1) |
+-------------------------------------+
| 2020-03-01                          |
+-------------------------------------+
1 row in set (0.00 sec)

+-------------------------------------+
| @lastdayofmonth := last_day(@today) |
+-------------------------------------+
| 2020-03-31                          |
+-------------------------------------+
1 row in set (0.00 sec)

Query OK, 0 rows affected (0.01 sec)

Query OK, 36596 rows affected, 65535 warnings (55.89 sec)
Records: 36596  Duplicates: 0  Warnings: 76098

Query OK, 0 rows affected (0.08 sec)
Records: 0  Duplicates: 0  Warnings: 0

Query OK, 0 rows affected (0.11 sec)
Records: 0  Duplicates: 0  Warnings: 0

Query OK, 0 rows affected (0.09 sec)
Records: 0  Duplicates: 0  Warnings: 0

+-----------------+
| activenumberavg |
+-----------------+
|           36596 |
+-----------------+
1 row in set (0.04 sec)

Query OK, 0 rows affected (0.01 sec)

Query OK, 1834 rows affected (0.45 sec)
Records: 1834  Duplicates: 0  Warnings: 0

+---------------------+
| rep_activenumberavg |
+---------------------+
|                1834 |
+---------------------+
1 row in set (0.00 sec)

+----------------------+
| rep_activenumberavg1 |
+----------------------+
|                  865 |
+----------------------+
1 row in set (0.00 sec)

Query OK, 0 rows affected (0.01 sec)

Query OK, 1881 rows affected (0.38 sec)
Records: 1881  Duplicates: 0  Warnings: 0

Query OK, 0 rows affected (0.01 sec)

Query OK, 9572 rows affected (0.67 sec)
Records: 9572  Duplicates: 0  Warnings: 0

Query OK, 0 rows affected (0.00 sec)

Query OK, 0 rows affected (0.00 sec)

Query OK, 0 rows affected (0.00 sec)

Query OK, 0 rows affected (0.00 sec)

Query OK, 0 rows affected (0.00 sec)
Statement prepared

Query OK, 53 rows affected (0.04 sec)
Records: 53  Duplicates: 0  Warnings: 0

Query OK, 0 rows affected (0.00 sec)

Query OK, 0 rows affected (0.00 sec)

+----------------------+
| rep_activenumberavg2 |
+----------------------+
|                 1881 |
+----------------------+
1 row in set (0.00 sec)

+------------------------+
| rep_activenumberavg_pv |
+------------------------+
|                     53 |
+------------------------+
1 row in set (0.00 sec)

Query OK, 0 rows affected (0.00 sec)

Query OK, 1881 rows affected (0.34 sec)
Records: 1881  Duplicates: 0  Warnings: 0

Query OK, 0 rows affected (0.00 sec)

Query OK, 0 rows affected (0.00 sec)

Query OK, 0 rows affected (0.01 sec)

Query OK, 0 rows affected (0.00 sec)

Query OK, 0 rows affected (0.00 sec)
Statement prepared

Query OK, 53 rows affected (0.04 sec)
Records: 53  Duplicates: 0  Warnings: 0

Query OK, 0 rows affected (0.00 sec)

Query OK, 0 rows affected (0.00 sec)

+-------------------------+
| rep_activenumberavgMahe |
+-------------------------+
|                    1881 |
+-------------------------+
1 row in set (0.00 sec)

+----------------------------+
| rep_activenumberavgMahe_pv |
+----------------------------+
|                         53 |
+----------------------------+
1 row in set (0.00 sec)

Query OK, 0 rows affected (0.00 sec)

Query OK, 1203 rows affected (0.17 sec)
Records: 1203  Duplicates: 0  Warnings: 0

Query OK, 0 rows affected (0.00 sec)

Query OK, 0 rows affected (0.00 sec)

Query OK, 0 rows affected (0.00 sec)

Query OK, 0 rows affected (0.00 sec)

Query OK, 0 rows affected (0.00 sec)
Statement prepared

Query OK, 40 rows affected (0.03 sec)
Records: 40  Duplicates: 0  Warnings: 0

Query OK, 0 rows affected (0.00 sec)

Query OK, 0 rows affected (0.00 sec)

+----------------------------+
| rep_activenumberavgPraslin |
+----------------------------+
|                       1203 |
+----------------------------+
1 row in set (0.00 sec)

+-------------------------------+
| rep_activenumberavgPraslin_pv |
+-------------------------------+
|                            40 |
+-------------------------------+
1 row in set (0.00 sec)

mysql> mysql \. C:\workspace\cloud\code\sql\_DailyScript\currenttime.sql
+---------------------+
| currenttime         |
+---------------------+
| 2020-03-02 10:14:01 |
+---------------------+
1 row in set (0.00 sec)

mysql> 
mysql> mysql \. C:\workspace\cloud\code\sql\_DailyScript\budget_actual_analysis_2020.sql
Query OK, 0 rows affected (0.00 sec)

Query OK, 634 rows affected, 3 warnings (0.13 sec)
Records: 634  Duplicates: 0  Warnings: 3

+--------------------+
| budget_actual_2020 |
+--------------------+
|                634 |
+--------------------+
1 row in set (0.00 sec)

Query OK, 0 rows affected (0.16 sec)

Query OK, 47 rows affected (0.04 sec)
Records: 47  Duplicates: 0  Warnings: 0

+---------------------------+
| rep_budget_actual_2020_pv |
+---------------------------+
|                        47 |
+---------------------------+
1 row in set (0.00 sec)

mysql> mysql \. C:\workspace\cloud\code\sql\_DailyScript\currenttime.sql
+---------------------+
| currenttime         |
+---------------------+
| 2020-03-02 10:14:01 |
+---------------------+
1 row in set (0.00 sec)

mysql> 
mysql> mysql \. C:\workspace\cloud\code\sql\_DailyScript\reports-sales-addons-prepaid-camera.sql
Database changed
Query OK, 0 rows affected (0.00 sec)

Query OK, 3998 rows affected (0.39 sec)
Records: 3998  Duplicates: 0  Warnings: 0

Query OK, 0 rows affected (0.06 sec)

Query OK, 18508 rows affected (2 min 6.02 sec)
Records: 18508  Duplicates: 0  Warnings: 0

+--------------------+
| rep_prepaid_camera |
+--------------------+
|               3998 |
+--------------------+
1 row in set (0.01 sec)

+-----------+
| rep_addon |
+-----------+
|     18508 |
+-----------+
1 row in set (0.03 sec)

mysql> mysql \. C:\workspace\cloud\code\sql\_DailyScript\currenttime.sql
+---------------------+
| currenttime         |
+---------------------+
| 2020-03-02 10:16:08 |
+---------------------+
1 row in set (0.00 sec)

mysql> 
mysql> mysql \. C:\workspace\cloud\code\sql\_DailyScript\housing-estate-analysis.sql
Database changed
Query OK, 0 rows affected (0.04 sec)

Query OK, 3077 rows affected (3 min 42.58 sec)
Records: 3077  Duplicates: 0  Warnings: 0

+--------------------+
| rep_housingestates |
+--------------------+
|               3077 |
+--------------------+
1 row in set (0.00 sec)

mysql> mysql \. C:\workspace\cloud\code\sql\_DailyScript\currenttime.sql
+---------------------+
| currenttime         |
+---------------------+
| 2020-03-02 10:19:50 |
+---------------------+
1 row in set (0.00 sec)

mysql> 
mysql> mysql \. C:\workspace\cloud\code\sql\_DailyScript\RCB_ClientAnalyticsReport_Script.sql
Database changed
Query OK, 0 rows affected (0.00 sec)

Query OK, 0 rows affected (0.05 sec)

Query OK, 1837569 rows affected (1 min 24.32 sec)
Records: 1837569  Duplicates: 0  Warnings: 0

Query OK, 0 rows affected (10.17 sec)
Records: 0  Duplicates: 0  Warnings: 0

Query OK, 0 rows affected (4.39 sec)
Records: 0  Duplicates: 0  Warnings: 0

Query OK, 0 rows affected (8.54 sec)
Records: 0  Duplicates: 0  Warnings: 0

Query OK, 0 rows affected (9.97 sec)
Records: 0  Duplicates: 0  Warnings: 0

Query OK, 0 rows affected (9.38 sec)
Records: 0  Duplicates: 0  Warnings: 0

Query OK, 0 rows affected (7.25 sec)
Records: 0  Duplicates: 0  Warnings: 0

Query OK, 0 rows affected (0.00 sec)

Query OK, 469704 rows affected (15.55 sec)
Rows matched: 1837569  Changed: 469704  Warnings: 0

Query OK, 0 rows affected (0.02 sec)

Query OK, 27440 rows affected (3.76 sec)
Records: 27440  Duplicates: 0  Warnings: 0

Query OK, 0 rows affected (0.03 sec)

Query OK, 43261 rows affected (10 min 17.11 sec)
Records: 43261  Duplicates: 0  Warnings: 0

Query OK, 0 rows affected (0.16 sec)
Records: 0  Duplicates: 0  Warnings: 0

Query OK, 0 rows affected (0.14 sec)
Records: 0  Duplicates: 0  Warnings: 0

Query OK, 0 rows affected (0.08 sec)
Records: 0  Duplicates: 0  Warnings: 0

Query OK, 0 rows affected (0.05 sec)

Query OK, 440066 rows affected (12 min 42.79 sec)
Records: 440066  Duplicates: 0  Warnings: 0

Query OK, 0 rows affected (1.62 sec)
Records: 0  Duplicates: 0  Warnings: 0

Query OK, 0 rows affected (1.55 sec)
Records: 0  Duplicates: 0  Warnings: 0

Query OK, 0 rows affected (0.82 sec)
Records: 0  Duplicates: 0  Warnings: 0

Query OK, 0 rows affected (2.41 sec)
Records: 0  Duplicates: 0  Warnings: 0

Query OK, 0 rows affected (1.59 sec)
Records: 0  Duplicates: 0  Warnings: 0

Query OK, 0 rows affected (0.08 sec)

Query OK, 43261 rows affected (1 min 28.56 sec)
Records: 43261  Duplicates: 0  Warnings: 0

+--------------+
| clientreport |
+--------------+
|        43261 |
+--------------+
1 row in set (0.02 sec)

Query OK, 0 rows affected (0.04 sec)

Query OK, 43261 rows affected (5.97 sec)
Records: 43261  Duplicates: 0  Warnings: 0

+----------------------+
| clientextendedreport |
+----------------------+
|                43261 |
+----------------------+
1 row in set (0.01 sec)

Query OK, 0 rows affected (0.01 sec)

Query OK, 43261 rows affected (57.86 sec)
Records: 43261  Duplicates: 0  Warnings: 0

+---------+
| allcust |
+---------+
|   43261 |
+---------+
1 row in set (0.01 sec)

Query OK, 0 rows affected, 1 warning (0.00 sec)

Query OK, 5000 rows affected (0.24 sec)
Records: 5000  Duplicates: 0  Warnings: 0

Query OK, 0 rows affected (0.01 sec)

Query OK, 6892 rows affected (0.33 sec)
Records: 6892  Duplicates: 0  Warnings: 0

Query OK, 0 rows affected, 1 warning (0.00 sec)

Query OK, 5000 rows affected (0.13 sec)
Records: 5000  Duplicates: 0  Warnings: 0

Query OK, 0 rows affected (0.01 sec)

Query OK, 7308 rows affected (0.17 sec)
Records: 7308  Duplicates: 0  Warnings: 0

mysql> mysql \. C:\workspace\cloud\code\sql\_DailyScript\currenttime.sql
+---------------------+
| currenttime         |
+---------------------+
| 2020-03-02 10:48:06 |
+---------------------+
1 row in set (0.00 sec)

mysql> 
mysql> 
mysql> mysql \. C:\workspace\cloud\code\sql\_DailyScript\REVENUE_PER_NODE_MXK.sql
Query OK, 0 rows affected (0.01 sec)

Query OK, 0 rows affected (0.01 sec)

Query OK, 0 rows affected (0.01 sec)

Query OK, 5700 rows affected (2.91 sec)
Records: 5700  Duplicates: 0  Warnings: 0

+----------------------+
| message              |
+----------------------+
| created temp table a |
+----------------------+
1 row in set (0.00 sec)

Query OK, 5843 rows affected (2.18 sec)
Records: 5843  Duplicates: 0  Warnings: 0

+----------------------+
| message              |
+----------------------+
| created temp table b |
+----------------------+
1 row in set (0.00 sec)

Query OK, 0 rows affected, 1 warning (0.00 sec)

Query OK, 5988 rows affected (11.15 sec)
Records: 5988  Duplicates: 0  Warnings: 0

+--------------------------------+
| message                        |
+--------------------------------+
| created rcbill_my.tempcustmxk1 |
+--------------------------------+
1 row in set (0.00 sec)

Query OK, 0 rows affected (0.00 sec)

Query OK, 0 rows affected (0.00 sec)

Query OK, 0 rows affected, 1 warning (0.00 sec)

Query OK, 5700 rows affected (1.23 sec)
Records: 5700  Duplicates: 0  Warnings: 0

+----------------+
| message        |
+----------------+
| created temp a |
+----------------+
1 row in set (0.00 sec)

Query OK, 5843 rows affected (0.60 sec)
Records: 5843  Duplicates: 0  Warnings: 0

+----------------+
| message        |
+----------------+
| created temp b |
+----------------+
1 row in set (0.00 sec)

Query OK, 0 rows affected, 1 warning (0.00 sec)

Query OK, 5934 rows affected (7.85 sec)
Records: 5934  Duplicates: 0  Warnings: 0

+--------------------------------+
| message                        |
+--------------------------------+
| created rcbill_my.tempcustmxk2 |
+--------------------------------+
1 row in set (0.00 sec)

Query OK, 0 rows affected (0.00 sec)

Query OK, 0 rows affected (0.00 sec)

Query OK, 0 rows affected, 1 warning (0.00 sec)

Query OK, 0 rows affected (0.01 sec)

Query OK, 6699 rows affected (0.32 sec)
Records: 6699  Duplicates: 0  Warnings: 0

+---------------------------------+
| message                         |
+---------------------------------+
| created rcbill_my.customers_mxk |
+---------------------------------+
1 row in set (0.00 sec)

Query OK, 0 rows affected (0.00 sec)

Query OK, 0 rows affected (0.00 sec)

Query OK, 13978 rows affected (5.44 sec)
Records: 13978  Duplicates: 0  Warnings: 0

+----------------+
| message        |
+----------------+
| created temp a |
+----------------+
1 row in set (0.00 sec)

Query OK, 19661 rows affected (4.04 sec)
Records: 19661  Duplicates: 0  Warnings: 0

+----------------+
| message        |
+----------------+
| created temp c |
+----------------+
1 row in set (0.00 sec)

Query OK, 0 rows affected, 1 warning (0.00 sec)

Query OK, 27291 rows affected (0.33 sec)
Records: 27291  Duplicates: 0  Warnings: 0

+---------------------------------+
| message                         |
+---------------------------------+
| created rcbill_my.tempcustcmts1 |
+---------------------------------+
1 row in set (0.00 sec)

Query OK, 0 rows affected (0.00 sec)

Query OK, 0 rows affected, 1 warning (0.00 sec)

Query OK, 0 rows affected (0.01 sec)

Query OK, 13978 rows affected (5.50 sec)
Records: 13978  Duplicates: 0  Warnings: 0

+----------------+
| message        |
+----------------+
| created temp a |
+----------------+
1 row in set (0.00 sec)

Query OK, 19661 rows affected (1.22 sec)
Records: 19661  Duplicates: 0  Warnings: 0

+----------------+
| message        |
+----------------+
| created temp c |
+----------------+
1 row in set (0.00 sec)

Query OK, 0 rows affected, 1 warning (0.00 sec)

Query OK, 20487 rows affected (0.25 sec)
Records: 20487  Duplicates: 0  Warnings: 0

+---------------------------------+
| message                         |
+---------------------------------+
| created rcbill_my.tempcustcmts2 |
+---------------------------------+
1 row in set (0.00 sec)

Query OK, 0 rows affected (0.01 sec)

Query OK, 0 rows affected, 1 warning (0.00 sec)

Query OK, 0 rows affected (0.01 sec)

Query OK, 0 rows affected (0.01 sec)

Query OK, 14094 rows affected (0.94 sec)
Records: 14094  Duplicates: 0  Warnings: 0

+----------------------------------+
| message                          |
+----------------------------------+
| created rcbill_my.customers_cmts |
+----------------------------------+
1 row in set (0.00 sec)

Query OK, 0 rows affected (0.00 sec)

Query OK, 0 rows affected (0.00 sec)

Query OK, 0 rows affected (0.01 sec)

Query OK, 17876 rows affected (0.83 sec)
Records: 17876  Duplicates: 0  Warnings: 0

+--------------------------------------+
| message                              |
+--------------------------------------+
| created rcbill_my.customers_cmts_mxk |
+--------------------------------------+
1 row in set (0.00 sec)

Query OK, 465607 rows affected (1 min 7.69 sec)
Records: 465607  Duplicates: 0  Warnings: 0

+----------------+
| message        |
+----------------+
| created temp a |
+----------------+
1 row in set (0.00 sec)

Query OK, 0 rows affected (0.01 sec)

Query OK, 466305 rows affected (13.72 sec)
Records: 466305  Duplicates: 0  Warnings: 0

+------------------------------------------------+
| message                                        |
+------------------------------------------------+
| created rcbill_my.customers_contracts_cmts_mxk |
+------------------------------------------------+
1 row in set (0.00 sec)

Query OK, 0 rows affected (0.19 sec)

Query OK, 0 rows affected, 1 warning (0.00 sec)

Query OK, 0 rows affected, 1 warning (0.00 sec)

Query OK, 0 rows affected (0.00 sec)

Query OK, 7747 rows affected (2.56 sec)
Rows matched: 7747  Changed: 7747  Warnings: 0

+------------------------------------------------+
| message                                        |
+------------------------------------------------+
| updated rcbill_my.customers_contracts_cmts_mxk |
+------------------------------------------------+
1 row in set (0.00 sec)

Query OK, 0 rows affected (0.07 sec)

Query OK, 1819511 rows affected (4 min 21.19 sec)
Records: 1819511  Duplicates: 0  Warnings: 0

+----------------------------------------+
| message                                |
+----------------------------------------+
| created rcbill_my.customers_collection |
+----------------------------------------+
1 row in set (0.00 sec)

Query OK, 0 rows affected (0.04 sec)

Query OK, 2097574 rows affected (2 min 5.06 sec)
Records: 2097574  Duplicates: 0  Warnings: 0

+------------------------------------------------+
| message                                        |
+------------------------------------------------+
| created rcbill_my.customers_cmts_mxk_cont_coll |
+------------------------------------------------+
1 row in set (0.00 sec)

Query OK, 0 rows affected (0.03 sec)

Query OK, 426655 rows affected (2 min 36.08 sec)
Records: 426655  Duplicates: 0  Warnings: 0

+--------------------------------------------------------+
| message                                                |
+--------------------------------------------------------+
| created rcbill_my.customers_contracts_collection_pivot |
+--------------------------------------------------------+
1 row in set (0.00 sec)

Query OK, 0 rows affected (0.03 sec)

Query OK, 39329 rows affected (2 min 28.31 sec)
Records: 39329  Duplicates: 0  Warnings: 0

+----------------------------------------------+
| message                                      |
+----------------------------------------------+
| created rcbill_my.customers_collection_pivot |
+----------------------------------------------+
1 row in set (0.00 sec)

Query OK, 0 rows affected (0.01 sec)

Query OK, 43261 rows affected (4.76 sec)
Records: 43261  Duplicates: 0  Warnings: 0

+--------------------------------------------+
| message                                    |
+--------------------------------------------+
| created rcbill_my.rep_customers_collection |
+--------------------------------------------+
1 row in set (0.00 sec)

Query OK, 0 rows affected (0.00 sec)

Query OK, 0 rows affected, 1 warning (0.00 sec)

Query OK, 433846 rows affected (18.51 sec)
Records: 433846  Duplicates: 0  Warnings: 0

+-------------------------+
| message                 |
+-------------------------+
| created rcbill_my.tempa |
+-------------------------+
1 row in set (0.00 sec)

Query OK, 0 rows affected, 1 warning (0.00 sec)

Query OK, 426655 rows affected (39.56 sec)
Records: 426655  Duplicates: 0  Warnings: 0

+-------------------------+
| message                 |
+-------------------------+
| created rcbill_my.tempb |
+-------------------------+
1 row in set (0.00 sec)

Query OK, 433846 rows affected (33.98 sec)
Records: 433846  Duplicates: 0  Warnings: 0

+-----------+
| message   |
+-----------+
| created a |
+-----------+
1 row in set (0.00 sec)

Query OK, 426670 rows affected (32.20 sec)
Records: 426670  Duplicates: 0  Warnings: 0

+-----------+
| message   |
+-----------+
| created b |
+-----------+
1 row in set (0.00 sec)

Query OK, 0 rows affected (0.01 sec)

Query OK, 0 rows affected (0.02 sec)

Query OK, 0 rows affected (0.02 sec)

Query OK, 470182 rows affected (54.11 sec)
Records: 470182  Duplicates: 0  Warnings: 0

+----------------------------------------------+
| message                                      |
+----------------------------------------------+
| created rcbill_my.cust_cont_payment_cmts_mxk |
+----------------------------------------------+
1 row in set (0.00 sec)

Query OK, 0 rows affected (0.02 sec)

Query OK, 0 rows affected (0.01 sec)

Query OK, 0 rows affected, 1 warning (0.00 sec)

Query OK, 0 rows affected (0.01 sec)

Query OK, 43261 rows affected (20.04 sec)
Records: 43261  Duplicates: 0  Warnings: 0

+--------------------------------------------------+
| message                                          |
+--------------------------------------------------+
| created rcbill_my.rep_cust_cont_payment_cmts_mxk |
+--------------------------------------------------+
1 row in set (0.00 sec)

Query OK, 0 rows affected, 1 warning (0.00 sec)

Query OK, 0 rows affected, 1 warning (0.00 sec)

Query OK, 0 rows affected (0.01 sec)

Query OK, 43261 rows affected, 5 warnings (12.90 sec)
Records: 43261  Duplicates: 0  Warnings: 5

+----------------------+
| rep_custconsolidated |
+----------------------+
|                43261 |
+----------------------+
1 row in set (1.17 sec)

Query OK, 0 rows affected (0.00 sec)

Query OK, 0 rows affected (0.05 sec)

+----------------------------------------------+
| message                                      |
+----------------------------------------------+
| creating rcbill_my.retentioncustomeractivity |
+----------------------------------------------+
1 row in set (0.00 sec)

Query OK, 836 rows affected (0.09 sec)
Records: 836  Duplicates: 0  Warnings: 0

+---------------------------+
| retentioncustomeractivity |
+---------------------------+
|                       836 |
+---------------------------+
1 row in set (0.00 sec)

+-----------+------------------------------------+------------+-------------+-----------------+------------------+---------------------+-------------------+
| HFC_NODE  | NODENAME                           | CMTS_DATE  | INSERTED_ON | UNIQUE_ACCOUNTS | UNIQUE_CONTRACTS | UNIQUE_MAC_INRCBOSS | UNIQUE_MAC_INCMTS |
+-----------+------------------------------------+------------+-------------+-----------------+------------------+---------------------+-------------------+
| NULL      | NULL                               | NULL       | 2020-03-02  |            6605 |             6948 |                6986 |                 0 |
| C5/0/0/U0 | ANSE-BOILEAU-2                     | 2020-01-06 | 2020-03-02  |             171 |              178 |                 171 |               171 |
| C5/0/0/U1 | 500-C3-ANSE-BOILEAU                | 2020-01-06 | 2020-03-02  |             176 |              178 |                 176 |               179 |
| C5/0/1/U0 | 501-C4-LA-MISIERE-LEFT-I           | 2020-01-06 | 2020-03-02  |             148 |              155 |                 148 |               150 |
| C5/0/1/U1 | 501-C5-LA-MISIERE-RIGHT            | 2020-01-06 | 2020-03-02  |              98 |              101 |                  98 |               100 |
| C5/0/1/U2 | 501-C7-LA-MISIERE-LEFT-II          | 2020-01-06 | 2020-03-02  |             146 |              153 |                 147 |               147 |
| C5/0/2/U0 | 502-C8-LA-LOUISE                   | 2020-01-06 | 2020-03-02  |             138 |              142 |                 138 |               143 |
| C5/0/2/U1 | LA-LOUISE-2                        | 2020-01-06 | 2020-03-02  |             129 |              129 |                 129 |               132 |
| C5/0/3/U0 | 504-C6-PETIT-PARIS                 | 2020-01-06 | 2020-03-02  |             157 |              161 |                 157 |               159 |
| C5/0/3/U1 | PETIT-PARIS-23                     | 2020-01-06 | 2020-03-02  |              76 |               79 |                  76 |                77 |
| C5/0/4/U0 | FOUR-SEASONS                       | 2020-01-06 | 2020-03-02  |               3 |                4 |                   4 |                 4 |
| C5/0/4/U1 | ANCHOR-CAFE-I                      | 2020-01-06 | 2020-03-02  |             144 |              147 |                 144 |               149 |
| C5/0/4/U2 | ANCHOR-CAFE-II                     | 2020-01-06 | 2020-03-02  |             142 |              146 |                 143 |               144 |
| C5/1/0/U0 | POINTE-LARUE-AIRPORT-23            | 2020-01-06 | 2020-03-02  |              51 |               54 |                  52 |                56 |
| C5/1/0/U1 | PPROVIDENCE-23                     | 2020-01-06 | 2020-03-02  |              21 |               24 |                  22 |                22 |
| C5/1/0/U2 | ROSHE-CAIMAN-23                    | 2020-01-06 | 2020-03-02  |               8 |                8 |                   8 |                 8 |
| C5/1/0/U3 | HEAD-OFFICE | HO-23                | 2020-01-06 | 2020-03-02  |              20 |               20 |                  20 |                20 |
| C5/1/1/U1 | C5-UNION-VALE                      | 2020-01-06 | 2020-03-02  |             185 |              190 |                 185 |               186 |
| C5/1/3/U0 | POINTE-LARUE-AIRPORT-27            | 2020-01-06 | 2020-03-02  |             171 |              176 |                 171 |               173 |
| C5/1/3/U1 | PPROVIDENCE-27                     | 2020-01-06 | 2020-03-02  |              27 |               27 |                  27 |                27 |
| C5/1/3/U2 | ROSHE-CAIMAN-27                    | 2020-01-06 | 2020-03-02  |              32 |               33 |                  31 |                32 |
| C5/1/3/U3 | HEAD-OFFICE | HO-27                | 2020-01-06 | 2020-03-02  |              18 |               19 |                  18 |                18 |
| C5/1/4/U0 | ANSE-ROYALE-27                     | 2020-01-06 | 2020-03-02  |              85 |               88 |                  85 |                87 |
| C5/1/4/U1 | GLACIS-2-57                        | 2020-01-06 | 2020-03-02  |              93 |               96 |                  93 |                95 |
| C5/1/4/U2 | NULL                               | 2020-01-06 | 2020-03-02  |              92 |               93 |                  92 |                93 |
| C5/1/4/U3 | GLACIS-1                           | 2020-01-06 | 2020-03-02  |              47 |               51 |                  47 |                48 |
| C6/0/1/U0 | SERRET-ROAD-RIGHT/CURIO/PASCAL     | 2020-01-06 | 2020-03-02  |             122 |              124 |                 122 |               122 |
| C6/0/1/U1 | SERRET-ROAD-LEFT/ST.LOUIS/TOWN     | 2020-01-06 | 2020-03-02  |             130 |              135 |                 130 |               134 |
| C6/0/1/U2 | SERRET-ROAD-RIGHT/CURIO/PASCAL-2   | 2020-01-06 | 2020-03-02  |             113 |              114 |                 113 |               113 |
| C6/0/1/U3 | SERRET-ROAD-LEFT/ST.LOUIS/TOWN-2   | 2020-01-06 | 2020-03-02  |             128 |              131 |                 128 |               128 |
| C6/0/2/U0 | SANS-SOUCIS-I                      | 2020-01-06 | 2020-03-02  |              84 |               87 |                  84 |                87 |
| C6/0/2/U1 | SANS-SOUCIS-II                     | 2020-01-06 | 2020-03-02  |             132 |              137 |                 132 |               136 |
| C6/0/2/U2 | BEL-AIR-27                         | 2020-01-06 | 2020-03-02  |              96 |               98 |                  96 |               101 |
| C6/0/2/U3 | BEL-AIR-38                         | 2020-01-06 | 2020-03-02  |             100 |              105 |                 100 |               101 |
| C6/0/3/U0 | LES-MAMELLES-23                    | 2020-01-06 | 2020-03-02  |              51 |               51 |                  51 |                51 |
| C6/0/3/U1 | VICTORIA-23                        | 2020-01-06 | 2020-03-02  |              12 |               12 |                  12 |                13 |
| C6/0/4/U0 | LES-MAMELLES-27                    | 2020-01-06 | 2020-03-02  |              86 |               86 |                  86 |                87 |
| C6/0/4/U1 | VICTORIA-27                        | 2020-01-06 | 2020-03-02  |              34 |               36 |                  35 |                37 |
| C7/1/0/U0 | LA-RETRAITE-23                     | 2020-01-06 | 2020-03-02  |             111 |              114 |                 112 |               114 |
| C7/1/0/U1 | TEA-FACTORY-23                     | 2020-01-06 | 2020-03-02  |              26 |               33 |                  28 |                28 |
| C7/1/0/U2 | PAS-23                             | 2020-01-06 | 2020-03-02  |             127 |              130 |                 128 |               128 |
| C7/1/1/U0 | REEF-ESTATE-23                     | 2020-01-06 | 2020-03-02  |              75 |               77 |                  75 |                78 |
| C7/1/1/U1 | BEL-OMBRE-NEW-23                   | 2020-01-06 | 2020-03-02  |               1 |                1 |                   1 |                 2 |
| C7/1/2/U0 | LA-RETRAITE-27                     | 2020-01-06 | 2020-03-02  |              80 |               84 |                  80 |                81 |
| C7/1/2/U1 | TEA-FACTORY-27                     | 2020-01-06 | 2020-03-02  |              22 |               25 |                  23 |                24 |
| C7/1/2/U2 | PAS-27                             | 2020-01-06 | 2020-03-02  |              72 |               75 |                  72 |                74 |
| C7/1/3/U0 | MT-BUXTON-27                       | 2020-01-06 | 2020-03-02  |             154 |              156 |                 154 |               156 |
| C7/1/3/U1 | MT-BUXTON-23                       | 2020-01-06 | 2020-03-02  |              70 |               72 |                  70 |                71 |
| C7/1/4/U0 | REEF-ESTATE-27                     | 2020-01-06 | 2020-03-02  |              77 |               77 |                  77 |                79 |
| C7/1/4/U1 | BEL-OMBRE-NEW-27                   | 2020-01-06 | 2020-03-02  |               4 |                4 |                   4 |                 4 |
| C8/0/0/U0 | POLICE-ACADEMY-1-27 - POINTE LARUE | 2020-01-06 | 2020-03-02  |             179 |              179 |                 179 |               182 |
| C8/0/0/U1 | NULL                               | 2020-01-06 | 2020-03-02  |             114 |              119 |                 115 |               116 |
| C8/0/1/U0 | NULL                               | 2020-01-06 | 2020-03-02  |             183 |              186 |                 182 |               182 |
| C8/0/1/U1 | POLICE-ACADEMY-2-27 - TURTLE BAY   | 2020-01-06 | 2020-03-02  |             141 |              143 |                 142 |               145 |
| C8/0/2/U0 | BEAU-VALLON-LEFT-1-57              | 2020-01-06 | 2020-03-02  |              58 |               60 |                  59 |                62 |
| C8/0/3/U1 | BEAU-VALLON-RIGHT-2-57             | 2020-01-06 | 2020-03-02  |             144 |              150 |                 144 |               150 |
| C8/1/0/U0 | MA-JOIE-NODE-27                    | 2020-01-06 | 2020-03-02  |             109 |              113 |                 108 |               110 |
| C8/1/0/U1 | BELONIE-27                         | 2020-01-06 | 2020-03-02  |             147 |              150 |                 146 |               150 |
| C8/1/0/U3 | MA-JOIE-NODE-23                    | 2020-01-06 | 2020-03-02  |             106 |              106 |                 106 |               107 |
| C8/1/1/U0 | 611-C1-ROJN I                      | 2020-01-06 | 2020-03-02  |             114 |              115 |                 114 |               115 |
| C8/1/1/U1 | 611-C5-ROJN II                     | 2020-01-06 | 2020-03-02  |             121 |              122 |                 121 |               124 |
| C8/1/2/U0 | 612-C2-ANSE-ETOILE                 | 2020-01-06 | 2020-03-02  |             159 |              163 |                 159 |               161 |
| C8/1/2/U1 | ANSE-ETOILE-U2                     | 2020-01-06 | 2020-03-02  |              69 |               70 |                  69 |                69 |
| C8/1/3/U0 | 613-C3-ANSE-GAULETTE I             | 2020-01-06 | 2020-03-02  |              64 |               71 |                  64 |                66 |
| C8/1/3/U1 | 613-C7-ANSE-GAULETTE II            | 2020-01-06 | 2020-03-02  |              72 |               75 |                  72 |                72 |
| C8/1/3/U2 | 613-C3-ANSE-GAULETTE III           | 2020-01-06 | 2020-03-02  |              31 |               33 |                  31 |                31 |
| C8/1/3/U3 | TAKAMAKA I                         | 2020-01-06 | 2020-03-02  |             103 |              106 |                 103 |               105 |
| C8/1/3/U4 | TAKAMAKA II                        | 2020-01-06 | 2020-03-02  |              96 |               97 |                  96 |                96 |
| C8/1/4/U0 | 614-BEOLIERE-NODE-1                | 2020-01-06 | 2020-03-02  |             106 |              108 |                 106 |               112 |
| C8/1/4/U1 | 614-BEOLIERE-NODE-2                | 2020-01-06 | 2020-03-02  |              99 |              102 |                  99 |               102 |
+-----------+------------------------------------+------------+-------------+-----------------+------------------+---------------------+-------------------+
70 rows in set (0.25 sec)

+------------------+------------+-------------+-----------------+------------------+----------------------+-------------------+
| MXK_NAME         | MXK_DATE   | INSERTED_ON | UNIQUE_ACCOUNTS | UNIQUE_CONTRACTS | UNIQUE_FSAN_INRCBOSS | UNIQUE_FSAN_INMXK |
+------------------+------------+-------------+-----------------+------------------+----------------------+-------------------+
| NULL             | NULL       | 2020-03-02  |             748 |              761 |                  750 |                 0 |
| MXK-ANSEETOILE   | 2020-01-06 | 2020-03-02  |             212 |              215 |                  215 |               228 |
| MXK-ANSEROYALE   | 2020-01-06 | 2020-03-02  |             147 |              147 |                  147 |               166 |
| MXK-BEAUVALLON   | 2020-01-06 | 2020-03-02  |            1444 |             1464 |                 1456 |              1537 |
| MXK-MAHE         | 2020-01-06 | 2020-03-02  |             925 |              952 |                  886 |              1124 |
| MXK-PERSEVERANCE | 2020-01-06 | 2020-03-02  |            1005 |             1012 |                 1011 |              1159 |
| MXK-PRASLIN      | 2020-01-06 | 2020-03-02  |            1213 |             1217 |                 1209 |              1357 |
+------------------+------------+-------------+-----------------+------------------+----------------------+-------------------+
7 rows in set (0.07 sec)

mysql> mysql \. C:\workspace\cloud\code\sql\_DailyScript\currenttime.sql
+---------------------+
| currenttime         |
+---------------------+
| 2020-03-02 11:05:24 |
+---------------------+
1 row in set (0.00 sec)

mysql> 
mysql> 
mysql> mysql \. C:\workspace\cloud\code\sql\Analysis\service_tickets_assignments.sql
Query OK, 0 rows affected (0.01 sec)

Query OK, 18849 rows affected (10.68 sec)
Records: 18849  Duplicates: 0  Warnings: 0

+-------------------------+
| rep_servicetickets_2020 |
+-------------------------+
|                   18849 |
+-------------------------+
1 row in set (0.02 sec)

mysql> mysql \. C:\workspace\cloud\code\sql\_DailyScript\currenttime.sql
+---------------------+
| currenttime         |
+---------------------+
| 2020-03-02 11:05:34 |
+---------------------+
1 row in set (0.00 sec)

mysql> 
mysql> 
mysql> exit
