    -> 
    -> mysql \. C:\workspace\cloud\code\sql\_DailyScript\_setdates.sql
Database changed
Query OK, 0 rows affected (0.00 sec)

Query OK, 0 rows affected (0.00 sec)

Query OK, 0 rows affected (0.00 sec)

Query OK, 0 rows affected (0.00 sec)

Query OK, 0 rows affected (0.00 sec)

Query OK, 0 rows affected (0.00 sec)

Query OK, 0 rows affected (0.00 sec)

Query OK, 0 rows affected (0.00 sec)

Query OK, 0 rows affected (0.00 sec)

Query OK, 0 rows affected (0.00 sec)

Query OK, 0 rows affected (0.00 sec)

Query OK, 0 rows affected (0.00 sec)

Query OK, 0 rows affected (0.00 sec)

Query OK, 0 rows affected (0.00 sec)

Query OK, 0 rows affected (0.00 sec)

Query OK, 0 rows affected (0.00 sec)

Query OK, 0 rows affected (0.00 sec)

Query OK, 0 rows affected (0.00 sec)

Query OK, 0 rows affected (0.00 sec)

Query OK, 0 rows affected (0.00 sec)

Query OK, 0 rows affected (0.00 sec)

mysql> mysql \. C:\workspace\cloud\code\sql\_DailyScript\currenttime.sql
+---------------------+
| currenttime         |
+---------------------+
| 2021-02-22 17:45:57 |
+---------------------+
1 row in set (0.00 sec)

mysql> 
mysql> mysql \. C:\workspace\cloud\code\sql\_DailyScript\load_RCB_VODTITLES.sql
Database changed
Query OK, 0 rows affected (0.00 sec)

Query OK, 13756 rows affected (0.16 sec)

Query OK, 13758 rows affected, 13758 warnings (0.33 sec)
Records: 13758  Deleted: 0  Skipped: 0  Warnings: 13758

Query OK, 0 rows affected (0.00 sec)

Query OK, 2 rows affected (0.01 sec)

+-----------+
| VODTITLES |
+-----------+
|     14216 |
+-----------+
1 row in set (0.00 sec)

+-----------+-----------+
| titletype | typecount |
+-----------+-----------+
| E         |     11498 |
| N         |       252 |
| T         |      2006 |
| NULL      |     13756 |
+-----------+-----------+
4 rows in set (0.04 sec)

mysql> mysql \. C:\workspace\cloud\code\sql\_DailyScript\currenttime.sql
+---------------------+
| currenttime         |
+---------------------+
| 2021-02-22 17:45:58 |
+---------------------+
1 row in set (0.00 sec)

mysql> 
mysql> mysql \. C:\workspace\cloud\code\sql\_DailyScript\DAILY-SCRIPT-LIVETV-STATS.sql
Database changed
Query OK, 0 rows affected (0.01 sec)

Query OK, 332744 rows affected (3.73 sec)
Records: 332744  Duplicates: 0  Warnings: 0

+------------+------------+----------+--------------+--------------+-----------+-------------+----------+--------+------+------------+---------+---------------+
| Table      | Non_unique | Key_name | Seq_in_index | Column_name  | Collation | Cardinality | Sub_part | Packed | Null | Index_type | Comment | Index_comment |
+------------+------------+----------+--------------+--------------+-----------+-------------+----------+--------+------+------------+---------+---------------+
| templivetv |          1 | idxtv1   |            1 | device       | A         |      331605 |     NULL | NULL   | YES  | BTREE      |         |               |
| templivetv |          1 | idxtv2   |            1 | sessionstart | A         |      331605 |     NULL | NULL   | YES  | BTREE      |         |               |
+------------+------------+----------+--------------+--------------+-----------+-------------+----------+--------+------+------------+---------+---------------+
2 rows in set (0.00 sec)

Query OK, 332671 rows affected (35.20 sec)
Records: 332671  Duplicates: 0  Warnings: 0

Query OK, 7810 rows affected (2.61 sec)
Records: 7810  Duplicates: 0  Warnings: 0

Query OK, 0 rows affected (0.00 sec)

Query OK, 0 rows affected (0.01 sec)

Query OK, 381 rows affected (0.10 sec)
Records: 381  Duplicates: 0  Warnings: 0

Query OK, 0 rows affected (0.01 sec)

Query OK, 55572 rows affected (3 min 32.38 sec)
Records: 55572  Duplicates: 0  Warnings: 0

+-----------------+
| rep_livetvstats |
+-----------------+
|           55572 |
+-----------------+
1 row in set (0.02 sec)

mysql> mysql \. C:\workspace\cloud\code\sql\_DailyScript\currenttime.sql
+---------------------+
| currenttime         |
+---------------------+
| 2021-02-22 17:50:12 |
+---------------------+
1 row in set (0.00 sec)

mysql> 
mysql> mysql \. C:\workspace\cloud\code\sql\_DailyScript\DAILY-SCRIPT-VODTS-STATS.sql
Database changed
Query OK, 0 rows affected (0.01 sec)

Query OK, 17199 rows affected (31.20 sec)
Records: 17199  Duplicates: 0  Warnings: 0

+---------+------------+----------+--------------+--------------+-----------+-------------+----------+--------+------+------------+---------+---------------+
| Table   | Non_unique | Key_name | Seq_in_index | Column_name  | Collation | Cardinality | Sub_part | Packed | Null | Index_type | Comment | Index_comment |
+---------+------------+----------+--------------+--------------+-----------+-------------+----------+--------+------+------------+---------+---------------+
| tempvod |          1 | idxtvod1 |            1 | device       | A         |       17390 |     NULL | NULL   | YES  | BTREE      |         |               |
| tempvod |          1 | idxtvod2 |            1 | sessionstart | A         |       17390 |     NULL | NULL   | YES  | BTREE      |         |               |
+---------+------------+----------+--------------+--------------+-----------+-------------+----------+--------+------+------------+---------+---------------+
2 rows in set (0.00 sec)

Query OK, 17185 rows affected (4.09 sec)
Records: 17185  Duplicates: 0  Warnings: 0

Query OK, 0 rows affected (0.02 sec)

Query OK, 1033558 rows affected (1 min 23.99 sec)
Records: 1033558  Duplicates: 0  Warnings: 0

+--------------+
| rep_vodstats |
+--------------+
|      1033558 |
+--------------+
1 row in set (0.31 sec)

Database changed
Query OK, 0 rows affected (0.01 sec)

Query OK, 71899 rows affected (42.13 sec)
Records: 71899  Duplicates: 0  Warnings: 0

+--------+------------+----------+--------------+--------------+-----------+-------------+----------+--------+------+------------+---------+---------------+
| Table  | Non_unique | Key_name | Seq_in_index | Column_name  | Collation | Cardinality | Sub_part | Packed | Null | Index_type | Comment | Index_comment |
+--------+------------+----------+--------------+--------------+-----------+-------------+----------+--------+------+------------+---------+---------------+
| tempts |          1 | idxtts1  |            1 | device       | A         |       72134 |     NULL | NULL   | YES  | BTREE      |         |               |
| tempts |          1 | idxtts2  |            1 | sessionstart | A         |       72134 |     NULL | NULL   | YES  | BTREE      |         |               |
+--------+------------+----------+--------------+--------------+-----------+-------------+----------+--------+------+------------+---------+---------------+
2 rows in set (0.00 sec)

Query OK, 71837 rows affected (20.00 sec)
Records: 71837  Duplicates: 0  Warnings: 0

Query OK, 0 rows affected (0.01 sec)

Query OK, 44671 rows affected (40.79 sec)
Records: 44671  Duplicates: 0  Warnings: 0

+-------------+
| rep_tsstats |
+-------------+
|       44671 |
+-------------+
1 row in set (0.02 sec)

mysql> mysql \. C:\workspace\cloud\code\sql\_DailyScript\currenttime.sql
+---------------------+
| currenttime         |
+---------------------+
| 2021-02-22 17:53:55 |
+---------------------+
1 row in set (0.00 sec)

mysql> 
mysql> mysql \. C:\workspace\cloud\code\sql\_DailyScript\DAILY-SCRIPT-RADIO-STATS.sql
Database changed
Query OK, 0 rows affected (0.02 sec)

Query OK, 363200 rows affected (4.16 sec)
Records: 363200  Duplicates: 0  Warnings: 0

+-----------+------------+----------+--------------+--------------+-----------+-------------+----------+--------+------+------------+---------+---------------+
| Table     | Non_unique | Key_name | Seq_in_index | Column_name  | Collation | Cardinality | Sub_part | Packed | Null | Index_type | Comment | Index_comment |
+-----------+------------+----------+--------------+--------------+-----------+-------------+----------+--------+------+------------+---------+---------------+
| tempradio |          1 | idxtrad1 |            1 | device       | A         |      364453 |     NULL | NULL   | YES  | BTREE      |         |               |
| tempradio |          1 | idxtrad2 |            1 | sessionstart | A         |      364453 |     NULL | NULL   | YES  | BTREE      |         |               |
+-----------+------------+----------+--------------+--------------+-----------+-------------+----------+--------+------+------------+---------+---------------+
2 rows in set (0.00 sec)

Query OK, 1196 rows affected (1.63 sec)
Records: 1196  Duplicates: 0  Warnings: 0

Query OK, 0 rows affected (0.01 sec)

Query OK, 5978 rows affected (0.47 sec)
Records: 5978  Duplicates: 0  Warnings: 0

+----------------+
| rep_radiostats |
+----------------+
|           5978 |
+----------------+
1 row in set (0.00 sec)

mysql> mysql \. C:\workspace\cloud\code\sql\_DailyScript\currenttime.sql
+---------------------+
| currenttime         |
+---------------------+
| 2021-02-22 17:54:01 |
+---------------------+
1 row in set (0.00 sec)

mysql> 
mysql> mysql \. C:\workspace\cloud\code\sql\_DailyScript\DAILY_SCRIPT_TELEMETRY_PIVOT_2021.sql
Query OK, 0 rows affected (0.01 sec)

Query OK, 140 rows affected (0.12 sec)
Records: 140  Duplicates: 0  Warnings: 0

Query OK, 0 rows affected (0.01 sec)

Query OK, 10322 rows affected (1.78 sec)
Records: 10322  Duplicates: 0  Warnings: 0

Query OK, 0 rows affected (0.01 sec)

Query OK, 5 rows affected (0.02 sec)
Records: 5  Duplicates: 0  Warnings: 0

Query OK, 0 rows affected (0.01 sec)

Query OK, 44 rows affected (0.06 sec)
Records: 44  Duplicates: 0  Warnings: 0

mysql> mysql \. C:\workspace\cloud\code\sql\_DailyScript\currenttime.sql
+---------------------+
| currenttime         |
+---------------------+
| 2021-02-22 17:54:03 |
+---------------------+
1 row in set (0.00 sec)

mysql> 
mysql> mysql \. C:\workspace\cloud\code\sql\_DailyScript\telemetry_livetv_ranking2021.sql
Query OK, 0 rows affected (0.01 sec)

Query OK, 140 rows affected (0.02 sec)
Records: 140  Duplicates: 0  Warnings: 0

mysql> mysql \. C:\workspace\cloud\code\sql\_DailyScript\currenttime.sql
+---------------------+
| currenttime         |
+---------------------+
| 2021-02-22 17:54:03 |
+---------------------+
1 row in set (0.00 sec)

mysql> 
mysql> mysql \. C:\workspace\cloud\code\sql\_DailyScript\telemetry_radio_ranking2021.sql
Query OK, 0 rows affected (0.01 sec)

Query OK, 5 rows affected (0.01 sec)
Records: 5  Duplicates: 0  Warnings: 0

mysql> mysql \. C:\workspace\cloud\code\sql\_DailyScript\currenttime.sql
+---------------------+
| currenttime         |
+---------------------+
| 2021-02-22 17:54:03 |
+---------------------+
1 row in set (0.00 sec)

mysql> 
mysql> mysql \. C:\workspace\cloud\code\sql\_DailyScript\telemetry_ts_ranking2021.sql
Query OK, 0 rows affected (0.01 sec)

Query OK, 44 rows affected (0.02 sec)
Records: 44  Duplicates: 0  Warnings: 0

mysql> mysql \. C:\workspace\cloud\code\sql\_DailyScript\currenttime.sql
+---------------------+
| currenttime         |
+---------------------+
| 2021-02-22 17:54:03 |
+---------------------+
1 row in set (0.00 sec)

mysql> 
mysql> mysql \. C:\workspace\cloud\code\sql\_DailyScript\telemetry_vod_ranking2021.sql
Query OK, 0 rows affected (0.00 sec)

Query OK, 10322 rows affected (0.45 sec)
Records: 10322  Duplicates: 0  Warnings: 0

mysql> mysql \. C:\workspace\cloud\code\sql\_DailyScript\currenttime.sql
+---------------------+
| currenttime         |
+---------------------+
| 2021-02-22 17:54:04 |
+---------------------+
1 row in set (0.00 sec)

mysql> 
mysql> mysql \. C:\workspace\cloud\code\sql\_DailyScript\telemetry_vod_ranking2021_1.sql
Query OK, 0 rows affected (0.01 sec)

Query OK, 10322 rows affected (0.23 sec)
Records: 10322  Duplicates: 0  Warnings: 0

mysql> mysql \. C:\workspace\cloud\code\sql\_DailyScript\currenttime.sql
+---------------------+
| currenttime         |
+---------------------+
| 2021-02-22 17:54:04 |
+---------------------+
1 row in set (0.00 sec)

mysql> 
mysql> mysql \. C:\workspace\cloud\code\sql\_DailyScript\telemetry_vod_ranking2021_2.sql
Query OK, 0 rows affected (0.00 sec)

Query OK, 10322 rows affected (0.21 sec)
Records: 10322  Duplicates: 0  Warnings: 0

mysql> mysql \. C:\workspace\cloud\code\sql\_DailyScript\currenttime.sql
+---------------------+
| currenttime         |
+---------------------+
| 2021-02-22 17:54:04 |
+---------------------+
1 row in set (0.00 sec)

mysql> 
mysql> 
mysql> 
mysql> 
mysql> mysql \. C:\workspace\cloud\code\sql\_DailyScript\ticket_analysis.sql
Database changed
Query OK, 0 rows affected (0.02 sec)

Query OK, 760850 rows affected (23.64 sec)
Records: 760850  Duplicates: 0  Warnings: 0

Query OK, 0 rows affected (4.65 sec)
Records: 0  Duplicates: 0  Warnings: 0

Query OK, 0 rows affected (2.05 sec)
Records: 0  Duplicates: 0  Warnings: 0

Query OK, 0 rows affected (2.06 sec)
Records: 0  Duplicates: 0  Warnings: 0

Query OK, 0 rows affected (0.01 sec)

Query OK, 23774 rows affected (12.71 sec)
Records: 23774  Duplicates: 0  Warnings: 0

Query OK, 0 rows affected, 1 warning (0.00 sec)

Query OK, 109677 rows affected (7.62 sec)
Records: 109677  Duplicates: 0  Warnings: 0

Query OK, 0 rows affected, 1 warning (0.00 sec)

Query OK, 559010 rows affected (15.08 sec)
Records: 559010  Duplicates: 0  Warnings: 0

Query OK, 0 rows affected, 1 warning (0.00 sec)

Query OK, 559010 rows affected (15.60 sec)
Records: 559010  Duplicates: 0  Warnings: 0

Query OK, 0 rows affected (0.01 sec)

Query OK, 109781 rows affected (5.84 sec)
Records: 109781  Duplicates: 0  Warnings: 0

Database changed
Query OK, 0 rows affected (0.00 sec)

Query OK, 0 rows affected (0.02 sec)

Query OK, 760850 rows affected (23.61 sec)
Records: 760850  Duplicates: 0  Warnings: 0

Query OK, 0 rows affected (0.01 sec)

Query OK, 387438 rows affected (17.08 sec)
Records: 387438  Duplicates: 0  Warnings: 0

+--------------------------+
| clientticket_cmmtjourney |
+--------------------------+
|                   760850 |
+--------------------------+
1 row in set (2.14 sec)

+---------------------------+
| clientticket_assgnjourney |
+---------------------------+
|                    387438 |
+---------------------------+
1 row in set (0.41 sec)

Query OK, 0 rows affected (0.01 sec)

Query OK, 73 rows affected (0.09 sec)
Records: 73  Duplicates: 0  Warnings: 0

mysql> mysql \. C:\workspace\cloud\code\sql\_DailyScript\currenttime.sql
+---------------------+
| currenttime         |
+---------------------+
| 2021-02-22 17:56:17 |
+---------------------+
1 row in set (0.00 sec)

mysql> 
mysql> mysql \. C:\workspace\cloud\code\sql\_DailyScript\load_DailyCalls.sql
Database changed
Query OK, 344 rows affected (0.12 sec)
Records: 344  Deleted: 0  Skipped: 0  Warnings: 0

Query OK, 0 rows affected, 1 warning (0.00 sec)

Query OK, 344 rows affected (0.02 sec)
Records: 344  Duplicates: 0  Warnings: 0

Query OK, 0 rows affected, 1 warning (0.00 sec)

Query OK, 68615 rows affected (0.30 sec)
Records: 68615  Duplicates: 0  Warnings: 0

+----------------------+
| callingclientsbefore |
+----------------------+
|              1124742 |
+----------------------+
1 row in set (0.43 sec)

Query OK, 437 rows affected (7.35 sec)
Records: 437  Duplicates: 0  Warnings: 0

+---------------------+
| callingclientsafter |
+---------------------+
|             1125179 |
+---------------------+
1 row in set (0.29 sec)

Query OK, 0 rows affected (0.01 sec)

Query OK, 221 rows affected (3.30 sec)
Records: 221  Duplicates: 0  Warnings: 0

Query OK, 0 rows affected (0.01 sec)

Query OK, 22100 rows affected (3.50 sec)
Records: 22100  Duplicates: 0  Warnings: 0

+-----------+
| callstats |
+-----------+
|     22100 |
+-----------+
1 row in set (0.01 sec)

Query OK, 0 rows affected, 1 warning (0.00 sec)

Query OK, 437 rows affected (2.00 sec)
Records: 437  Duplicates: 0  Warnings: 0

+------------------------+
| rep_cccallreportbefore |
+------------------------+
|                1125719 |
+------------------------+
1 row in set (0.39 sec)

Query OK, 437 rows affected (0.10 sec)
Records: 437  Duplicates: 0  Warnings: 0

+-----------------------+
| rep_cccallreportafter |
+-----------------------+
|               1126156 |
+-----------------------+
1 row in set (0.29 sec)

Query OK, 0 rows affected (0.01 sec)

mysql> mysql \. C:\workspace\cloud\code\sql\_DailyScript\currenttime.sql
+---------------------+
| currenttime         |
+---------------------+
| 2021-02-22 17:56:35 |
+---------------------+
1 row in set (0.00 sec)

mysql> 
mysql> mysql \. C:\workspace\cloud\code\sql\_DailyScript\DAILY-SCRIPT-USAGE.sql
Database changed
Query OK, 0 rows affected (0.00 sec)

Query OK, 4113 rows affected, 11918 warnings (0.60 sec)
Records: 4113  Deleted: 0  Skipped: 0  Warnings: 11918

Query OK, 0 rows affected (0.00 sec)

Query OK, 6113 rows affected, 17666 warnings (0.70 sec)
Records: 6113  Deleted: 0  Skipped: 0  Warnings: 17666

Query OK, 0 rows affected (0.00 sec)

Query OK, 315 rows affected, 1136 warnings (0.06 sec)
Records: 315  Deleted: 0  Skipped: 0  Warnings: 1136

Query OK, 0 rows affected (0.00 sec)

Query OK, 156 rows affected, 540 warnings (0.04 sec)
Records: 156  Deleted: 0  Skipped: 0  Warnings: 540

+------------+
| dailyusage |
+------------+
|   16625591 |
+------------+
1 row in set (6.03 sec)

+------------+------------+------------+---------+
| datestart  | dateend    | insertedon | records |
+------------+------------+------------+---------+
| 2021-02-21 | 2021-02-21 | 2021-02-22 |   10697 |
| 2021-02-20 | 2021-02-20 | 2021-02-22 |   11409 |
| 2021-02-19 | 2021-02-19 | 2021-02-22 |   11745 |
| 2021-02-18 | 2021-02-18 | 2021-02-19 |   11743 |
| 2021-02-17 | 2021-02-17 | 2021-02-18 |   11696 |
+------------+------------+------------+---------+
5 rows in set (33.18 sec)

+----------+------------+------------+------------+---------+
| category | datestart  | dateend    | insertedon | records |
+----------+------------+------------+------------+---------+
| UNCAPPED | 2021-02-21 | 2021-02-21 | 2021-02-22 |    6113 |
| PREPAID  | 2021-02-21 | 2021-02-21 | 2021-02-22 |     315 |
| HOTSPOT  | 2021-02-21 | 2021-02-21 | 2021-02-22 |     156 |
| CAPPED   | 2021-02-21 | 2021-02-21 | 2021-02-22 |    4113 |
| UNCAPPED | 2021-02-20 | 2021-02-20 | 2021-02-22 |    6618 |
| PREPAID  | 2021-02-20 | 2021-02-20 | 2021-02-22 |     283 |
| HOTSPOT  | 2021-02-20 | 2021-02-20 | 2021-02-22 |     175 |
| CAPPED   | 2021-02-20 | 2021-02-20 | 2021-02-22 |    4333 |
| UNCAPPED | 2021-02-19 | 2021-02-19 | 2021-02-22 |    6733 |
| PREPAID  | 2021-02-19 | 2021-02-19 | 2021-02-22 |     297 |
| HOTSPOT  | 2021-02-19 | 2021-02-19 | 2021-02-22 |     147 |
| CAPPED   | 2021-02-19 | 2021-02-19 | 2021-02-22 |    4568 |
| UNCAPPED | 2021-02-18 | 2021-02-18 | 2021-02-19 |    6802 |
| PREPAID  | 2021-02-18 | 2021-02-18 | 2021-02-19 |     291 |
| HOTSPOT  | 2021-02-18 | 2021-02-18 | 2021-02-19 |     143 |
| CAPPED   | 2021-02-18 | 2021-02-18 | 2021-02-19 |    4507 |
| UNCAPPED | 2021-02-17 | 2021-02-17 | 2021-02-18 |    6816 |
| PREPAID  | 2021-02-17 | 2021-02-17 | 2021-02-18 |     265 |
| HOTSPOT  | 2021-02-17 | 2021-02-17 | 2021-02-18 |     138 |
| CAPPED   | 2021-02-17 | 2021-02-17 | 2021-02-18 |    4477 |
+----------+------------+------------+------------+---------+
20 rows in set (24.59 sec)

mysql> mysql \. C:\workspace\cloud\code\sql\_DailyScript\currenttime.sql
+---------------------+
| currenttime         |
+---------------------+
| 2021-02-22 17:57:40 |
+---------------------+
1 row in set (0.00 sec)

mysql> 
mysql> mysql \. C:\workspace\cloud\code\sql\_DailyScript\DAILY-SCRIPT-SALES-TELEMETRY.sql
Database changed
Query OK, 22 rows affected, 27 warnings (0.04 sec)
Records: 22  Deleted: 0  Skipped: 0  Warnings: 27

+------------+
| dailysales |
+------------+
|     224014 |
+------------+
1 row in set (0.18 sec)

Query OK, 0 rows affected (0.01 sec)

Query OK, 224014 rows affected (14.54 sec)
Records: 224014  Duplicates: 0  Warnings: 0

+--------+
| sales  |
+--------+
| 224014 |
+--------+
1 row in set (0.24 sec)

Query OK, 0 rows affected (0.01 sec)

Query OK, 3666 rows affected (0.37 sec)
Records: 3666  Duplicates: 0  Warnings: 0

+----------------+
| rep_dailysales |
+----------------+
|           3666 |
+----------------+
1 row in set (0.00 sec)

Query OK, 0 rows affected (0.01 sec)

Query OK, 3666 rows affected (0.57 sec)
Records: 3666  Duplicates: 0  Warnings: 0

+-------------------+
| rep_dailysalesreg |
+-------------------+
|              3666 |
+-------------------+
1 row in set (0.00 sec)

Query OK, 0 rows affected (0.01 sec)

Query OK, 2876 rows affected (0.74 sec)
Records: 2876  Duplicates: 0  Warnings: 0

+-----------+
| saleslist |
+-----------+
|      2876 |
+-----------+
1 row in set (0.00 sec)

Database changed
ERROR 2 (HY000): File 'C:\ProgramData\MySQL\MySQL Server 5.7\Uploads\_csv\PrepaidCardSales-21022021-P1.csv' not found (Errcode: 2 - No such file or directory)
+------------------+
| dailysinglesales |
+------------------+
|             6473 |
+------------------+
1 row in set (0.01 sec)

Database changed
Query OK, 17 rows affected (0.03 sec)
Records: 17  Deleted: 0  Skipped: 0  Warnings: 0

+-----------------+
| dailyaddonsales |
+-----------------+
|           22380 |
+-----------------+
1 row in set (0.03 sec)

Query OK, 284 rows affected (0.11 sec)
Records: 284  Deleted: 0  Skipped: 0  Warnings: 0

+----------------+
| onlinepayments |
+----------------+
|         162009 |
+----------------+
1 row in set (0.10 sec)

+-------------+----------------+---------------------+
| paymentdate | onlinepayments | onlinepaymentamount |
+-------------+----------------+---------------------+
| 2021-02-21  |            284 |        185279.75000 |
| 2021-02-20  |            262 |        166188.89000 |
| 2021-02-19  |            324 |        183760.68000 |
| 2021-02-18  |            257 |        166887.26000 |
| 2021-02-17  |            193 |        113730.57000 |
+-------------+----------------+---------------------+
5 rows in set (0.52 sec)

+-------------+--------------+----------------+---------------------+
| paymentyear | paymentmonth | onlinepayments | onlinepaymentamount |
+-------------+--------------+----------------+---------------------+
|        2021 |            2 |           5621 |       3490911.26000 |
|        2021 |            1 |           9124 |       5808374.04000 |
|        2021 |         NULL |          14745 |       9299285.30000 |
|        2020 |           12 |           7235 |       4780077.29000 |
|        2020 |           11 |           6424 |       4163507.90000 |
+-------------+--------------+----------------+---------------------+
5 rows in set (0.16 sec)

mysql> mysql \. C:\workspace\cloud\code\sql\_DailyScript\currenttime.sql
+---------------------+
| currenttime         |
+---------------------+
| 2021-02-22 17:57:58 |
+---------------------+
1 row in set (0.00 sec)

mysql> 
mysql> mysql \. C:\workspace\cloud\code\sql\_DailyScript\DAILY-SCRIPT-ACTIVENUMBERS.sql
Database changed
Query OK, 1151 rows affected (0.50 sec)
Records: 1151  Deleted: 0  Skipped: 0  Warnings: 0

+------------+----------+
| period     | count(1) |
+------------+----------+
| 2021-02-21 |     1151 |
| 2021-02-20 |     1151 |
| 2021-02-19 |     1151 |
| 2021-02-18 |     1152 |
| 2021-02-17 |     1152 |
+------------+----------+
5 rows in set (0.01 sec)

Query OK, 0 rows affected (0.00 sec)

Query OK, 78 rows affected (1.39 sec)
Records: 78  Duplicates: 0  Warnings: 0

+-------------+
| packagelist |
+-------------+
|          78 |
+-------------+
1 row in set (0.00 sec)

Database changed
Query OK, 0 rows affected (0.00 sec)

Query OK, 0 rows affected (0.00 sec)

Query OK, 0 rows affected (0.00 sec)

Query OK, 0 rows affected (0.00 sec)

Query OK, 28129 rows affected, 190 warnings (19.28 sec)
Records: 28129  Deleted: 0  Skipped: 0  Warnings: 190

+------------+----------+
| period     | count(1) |
+------------+----------+
| 2021-02-21 |    28129 |
| 2021-02-20 |    28328 |
| 2021-02-19 |    28357 |
| 2021-02-18 |    28324 |
| 2021-02-17 |    28399 |
+------------+----------+
5 rows in set (0.14 sec)

Query OK, 0 rows affected (0.01 sec)

Query OK, 27558 rows affected (47.74 sec)
Records: 27558  Duplicates: 0  Warnings: 0

Query OK, 0 rows affected (0.14 sec)
Records: 0  Duplicates: 0  Warnings: 0

Query OK, 0 rows affected (0.11 sec)
Records: 0  Duplicates: 0  Warnings: 0

Query OK, 0 rows affected (0.10 sec)
Records: 0  Duplicates: 0  Warnings: 0

Query OK, 0 rows affected (0.08 sec)
Records: 0  Duplicates: 0  Warnings: 0

Query OK, 0 rows affected (0.07 sec)
Records: 0  Duplicates: 0  Warnings: 0

Query OK, 0 rows affected (0.07 sec)
Records: 0  Duplicates: 0  Warnings: 0

+-------------+
| countbefore |
+-------------+
|    43525185 |
+-------------+
1 row in set (16.29 sec)

Query OK, 27558 rows affected (4.99 sec)
Records: 27558  Duplicates: 0  Warnings: 0

+------------+
| countafter |
+------------+
|   43552743 |
+------------+
1 row in set (14.65 sec)

+------------+--------------------------+
| period     | customercontractactivity |
+------------+--------------------------+
| 2021-02-21 |                    27558 |
| 2021-02-20 |                    27757 |
| 2021-02-19 |                    27785 |
| 2021-02-18 |                    27752 |
| 2021-02-17 |                    27827 |
+------------+--------------------------+
5 rows in set (0.06 sec)

Query OK, 0 rows affected (0.01 sec)

Query OK, 294178 rows affected (8 min 13.51 sec)
Records: 294178  Duplicates: 0  Warnings: 0

Query OK, 0 rows affected (1.04 sec)
Records: 0  Duplicates: 0  Warnings: 0

Query OK, 0 rows affected (1.08 sec)
Records: 0  Duplicates: 0  Warnings: 0

Query OK, 0 rows affected (1.06 sec)
Records: 0  Duplicates: 0  Warnings: 0

Query OK, 0 rows affected (0.01 sec)

Query OK, 231 rows affected (0.42 sec)
Records: 231  Duplicates: 0  Warnings: 0

Query OK, 0 rows affected (0.01 sec)

Query OK, 2648 rows affected (0.57 sec)
Records: 2648  Duplicates: 0  Warnings: 0

Query OK, 0 rows affected (0.01 sec)

Query OK, 27534 rows affected (0.53 sec)
Records: 27534  Duplicates: 0  Warnings: 0

Query OK, 0 rows affected (0.01 sec)

Query OK, 17084 rows affected (0.34 sec)
Records: 17084  Duplicates: 0  Warnings: 0

Query OK, 0 rows affected (0.01 sec)

Query OK, 17084 rows affected (0.13 sec)
Records: 17084  Duplicates: 0  Warnings: 0

Query OK, 0 rows affected (0.01 sec)

Query OK, 17084 rows affected (1.13 sec)
Records: 17084  Duplicates: 0  Warnings: 0

Query OK, 0 rows affected (0.01 sec)

Query OK, 17084 rows affected (42.79 sec)
Records: 17084  Duplicates: 0  Warnings: 0

+-------------+
| clientstats |
+-------------+
|       17084 |
+-------------+
1 row in set (0.01 sec)

Query OK, 0 rows affected (0.01 sec)

Query OK, 14 rows affected, 1 warning (0.09 sec)
Records: 14  Duplicates: 0  Warnings: 1

+-----------------------+-------------+-------------+----------------+-----------------+
| services              | activecount | allaccounts | uniqueaccounts | uniquecontracts |
+-----------------------+-------------+-------------+----------------+-----------------+
| All                   |         358 |          60 |             60 |             191 |
| Internet & OTT        |           6 |           3 |              3 |               4 |
| Internet & Voice      |         344 |         154 |            154 |             300 |
| Internet Only         |        4311 |        4196 |           4189 |            4238 |
| OTT Only              |           1 |           1 |              1 |               1 |
| TV & Internet         |        9670 |        4368 |           4361 |            8887 |
| TV & Internet & OTT   |        3409 |         860 |            857 |            1789 |
| TV & Internet & Voice |         540 |         154 |            154 |             476 |
| TV & OTT              |         513 |          81 |             79 |              97 |
| TV & Voice            |          82 |          35 |             35 |              73 |
| TV & Voice & OTT      |           3 |           1 |              1 |               2 |
| TV Only               |        8891 |        7045 |           7037 |            7223 |
| Voice Only            |         128 |         126 |            126 |             128 |
| GRAND TOTAL           |       28256 |       17084 |          17020 |           23409 |
+-----------------------+-------------+-------------+----------------+-----------------+
14 rows in set (0.00 sec)

+-------------+-------------+-------------+----------------+-----------------+
| network     | activecount | allaccounts | uniqueaccounts | uniquecontracts |
+-------------+-------------+-------------+----------------+-----------------+
| GPON        |       10514 |        5248 |           5245 |            8282 |
| HFC         |       17742 |       11836 |          11836 |           15127 |
| GRAND TOTAL |       28256 |       17084 |          17020 |           23409 |
+-------------+-------------+-------------+----------------+-----------------+
3 rows in set, 1 warning (0.11 sec)

+-------------+-----------------------+-------------+-------------+----------------+-----------------+
| network     | services              | activecount | allaccounts | uniqueaccounts | uniquecontracts |
+-------------+-----------------------+-------------+-------------+----------------+-----------------+
| GPON        | All                   |         226 |          40 |             40 |             125 |
| GPON        | Internet & OTT        |           2 |           1 |              1 |               2 |
| GPON        | Internet & Voice      |          74 |          31 |             31 |              64 |
| GPON        | Internet Only         |        1252 |        1156 |           1156 |            1182 |
| GPON        | TV & Internet         |        4426 |        1958 |           1958 |            4021 |
| GPON        | TV & Internet & OTT   |        2123 |         527 |            527 |            1104 |
| GPON        | TV & Internet & Voice |         272 |          72 |             72 |             227 |
| GPON        | TV & OTT              |         278 |          43 |             43 |              48 |
| GPON        | TV & Voice            |          43 |          18 |             18 |              38 |
| GPON        | TV Only               |        1808 |        1393 |           1393 |            1461 |
| GPON        | Voice Only            |          10 |           9 |              9 |              10 |
| GPON        | Services Total        |       10514 |        5248 |           5245 |            8282 |
| HFC         | All                   |         132 |          20 |             20 |              66 |
| HFC         | Internet & OTT        |           4 |           2 |              2 |               2 |
| HFC         | Internet & Voice      |         270 |         123 |            123 |             236 |
| HFC         | Internet Only         |        3059 |        3040 |           3040 |            3056 |
| HFC         | OTT Only              |           1 |           1 |              1 |               1 |
| HFC         | TV & Internet         |        5244 |        2410 |           2410 |            4866 |
| HFC         | TV & Internet & OTT   |        1286 |         333 |            333 |             685 |
| HFC         | TV & Internet & Voice |         268 |          82 |             82 |             249 |
| HFC         | TV & OTT              |         235 |          38 |             38 |              49 |
| HFC         | TV & Voice            |          39 |          17 |             17 |              35 |
| HFC         | TV & Voice & OTT      |           3 |           1 |              1 |               2 |
| HFC         | TV Only               |        7083 |        5652 |           5652 |            5762 |
| HFC         | Voice Only            |         118 |         117 |            117 |             118 |
| HFC         | Services Total        |       17742 |       11836 |          11836 |           15127 |
| GRAND TOTAL | Services Total        |       28256 |       17084 |          17020 |           23409 |
+-------------+-----------------------+-------------+-------------+----------------+-----------------+
27 rows in set, 2 warnings (0.15 sec)

Query OK, 0 rows affected (0.00 sec)

Query OK, 41 rows affected, 3 warnings (0.17 sec)
Records: 41  Duplicates: 0  Warnings: 3

+-------------+---------------+-----------------------+-------------+-------------+----------------+-----------------+
| region      | network       | services              | activecount | allaccounts | uniqueaccounts | uniquecontracts |
+-------------+---------------+-----------------------+-------------+-------------+----------------+-----------------+
| Mahe        | GPON          | All                   |         196 |          35 |             35 |             110 |
| Mahe        | GPON          | Internet & Voice      |          62 |          25 |             25 |              52 |
| Mahe        | GPON          | Internet Only         |        1040 |         944 |            944 |             970 |
| Mahe        | GPON          | TV & Internet         |        3604 |        1590 |           1590 |            3259 |
| Mahe        | GPON          | TV & Internet & OTT   |        1698 |         410 |            410 |             865 |
| Mahe        | GPON          | TV & Internet & Voice |         253 |          66 |             66 |             208 |
| Mahe        | GPON          | TV & OTT              |         264 |          36 |             36 |              41 |
| Mahe        | GPON          | TV & Voice            |          43 |          18 |             18 |              38 |
| Mahe        | GPON          | TV Only               |        1455 |        1113 |           1113 |            1167 |
| Mahe        | GPON          | Voice Only            |          10 |           9 |              9 |              10 |
| Mahe        | GPON          | Services Total        |        8625 |        4246 |           4246 |            6720 |
| Mahe        | HFC           | All                   |         132 |          20 |             20 |              66 |
| Mahe        | HFC           | Internet & OTT        |           4 |           2 |              2 |               2 |
| Mahe        | HFC           | Internet & Voice      |         270 |         123 |            123 |             236 |
| Mahe        | HFC           | Internet Only         |        3058 |        3039 |           3039 |            3055 |
| Mahe        | HFC           | OTT Only              |           1 |           1 |              1 |               1 |
| Mahe        | HFC           | TV & Internet         |        5244 |        2410 |           2410 |            4866 |
| Mahe        | HFC           | TV & Internet & OTT   |        1286 |         333 |            333 |             685 |
| Mahe        | HFC           | TV & Internet & Voice |         268 |          82 |             82 |             249 |
| Mahe        | HFC           | TV & OTT              |         235 |          38 |             38 |              49 |
| Mahe        | HFC           | TV & Voice            |          39 |          17 |             17 |              35 |
| Mahe        | HFC           | TV & Voice & OTT      |           3 |           1 |              1 |               2 |
| Mahe        | HFC           | TV Only               |        7080 |        5650 |           5650 |            5760 |
| Mahe        | HFC           | Voice Only            |         118 |         117 |            117 |             118 |
| Mahe        | HFC           | Services Total        |       17738 |       11833 |          11833 |           15124 |
| Mahe        | Network Total | Services Total        |       26363 |       16079 |          16018 |           21844 |
| Praslin     | GPON          | All                   |          30 |           5 |              5 |              15 |
| Praslin     | GPON          | Internet & OTT        |           2 |           1 |              1 |               2 |
| Praslin     | GPON          | Internet & Voice      |          12 |           6 |              6 |              12 |
| Praslin     | GPON          | Internet Only         |         212 |         212 |            212 |             212 |
| Praslin     | GPON          | TV & Internet         |         822 |         368 |            368 |             762 |
| Praslin     | GPON          | TV & Internet & OTT   |         425 |         117 |            117 |             239 |
| Praslin     | GPON          | TV & Internet & Voice |          19 |           6 |              6 |              19 |
| Praslin     | GPON          | TV & OTT              |          14 |           7 |              7 |               7 |
| Praslin     | GPON          | TV Only               |         353 |         280 |            280 |             294 |
| Praslin     | GPON          | Services Total        |        1889 |        1002 |           1002 |            1562 |
| Praslin     | HFC           | Internet Only         |           1 |           1 |              1 |               1 |
| Praslin     | HFC           | TV Only               |           3 |           2 |              2 |               2 |
| Praslin     | HFC           | Services Total        |           4 |           3 |              3 |               3 |
| Praslin     | Network Total | Services Total        |        1893 |        1005 |           1005 |            1565 |
| GRAND TOTAL | Network Total | Services Total        |       28256 |       17084 |          17020 |           23409 |
+-------------+---------------+-----------------------+-------------+-------------+----------------+-----------------+
41 rows in set (0.00 sec)

Query OK, 0 rows affected (0.01 sec)

Query OK, 27535 rows affected (0.41 sec)
Records: 27535  Duplicates: 0  Warnings: 0

Query OK, 0 rows affected (0.01 sec)

Query OK, 2243 rows affected (1.59 sec)
Records: 2243  Duplicates: 0  Warnings: 0

+--------------------------------------+
| message                              |
+--------------------------------------+
| running rcbill_my.sp_ActiveNumber2() |
+--------------------------------------+
1 row in set (0.00 sec)

Query OK, 365 rows affected (1 min 56.41 sec)

mysql> mysql \. C:\workspace\cloud\code\sql\_DailyScript\currenttime.sql
+---------------------+
| currenttime         |
+---------------------+
| 2021-02-22 18:10:46 |
+---------------------+
1 row in set (0.00 sec)

mysql> 
mysql> mysql \. C:\workspace\cloud\code\sql\_DailyScript\GetActiveNumbers Average -Pivot.sql
Database changed
+-------------------------------------+
| @today := subdate(current_date(),1) |
+-------------------------------------+
| 2021-02-21                          |
+-------------------------------------+
1 row in set (0.00 sec)

+-------------------------------------+
| @lastdayofmonth := last_day(@today) |
+-------------------------------------+
| 2021-02-28                          |
+-------------------------------------+
1 row in set (0.00 sec)

Query OK, 0 rows affected (0.01 sec)

Query OK, 45491 rows affected, 65535 warnings (55.61 sec)
Records: 45491  Duplicates: 0  Warnings: 93526

Query OK, 0 rows affected (0.10 sec)
Records: 0  Duplicates: 0  Warnings: 0

Query OK, 0 rows affected (0.13 sec)
Records: 0  Duplicates: 0  Warnings: 0

Query OK, 0 rows affected (0.10 sec)
Records: 0  Duplicates: 0  Warnings: 0

+-----------------+
| activenumberavg |
+-----------------+
|           45491 |
+-----------------+
1 row in set (0.01 sec)

Query OK, 0 rows affected (0.01 sec)

Query OK, 1949 rows affected (0.52 sec)
Records: 1949  Duplicates: 0  Warnings: 0

+---------------------+
| rep_activenumberavg |
+---------------------+
|                1949 |
+---------------------+
1 row in set (0.00 sec)

+----------------------+
| rep_activenumberavg1 |
+----------------------+
|                  910 |
+----------------------+
1 row in set (0.00 sec)

Query OK, 0 rows affected (0.01 sec)

Query OK, 2384 rows affected (0.41 sec)
Records: 2384  Duplicates: 0  Warnings: 0

Query OK, 0 rows affected (0.01 sec)

Query OK, 12249 rows affected (0.78 sec)
Records: 12249  Duplicates: 0  Warnings: 0

Query OK, 0 rows affected (0.00 sec)

Query OK, 0 rows affected (0.00 sec)

Query OK, 0 rows affected (0.01 sec)

Query OK, 0 rows affected (0.00 sec)

Query OK, 0 rows affected (0.00 sec)
Statement prepared

Query OK, 53 rows affected (0.05 sec)
Records: 53  Duplicates: 0  Warnings: 0

Query OK, 0 rows affected (0.00 sec)

Query OK, 0 rows affected (0.00 sec)

+----------------------+
| rep_activenumberavg2 |
+----------------------+
|                 2384 |
+----------------------+
1 row in set (0.00 sec)

+------------------------+
| rep_activenumberavg_pv |
+------------------------+
|                     53 |
+------------------------+
1 row in set (0.00 sec)

Query OK, 0 rows affected (0.00 sec)

Query OK, 2383 rows affected (0.35 sec)
Records: 2383  Duplicates: 0  Warnings: 0

Query OK, 0 rows affected (0.00 sec)

Query OK, 0 rows affected (0.01 sec)

Query OK, 0 rows affected (0.01 sec)

Query OK, 0 rows affected (0.00 sec)

Query OK, 0 rows affected (0.00 sec)
Statement prepared

Query OK, 53 rows affected (0.05 sec)
Records: 53  Duplicates: 0  Warnings: 0

Query OK, 0 rows affected (0.00 sec)

Query OK, 0 rows affected (0.00 sec)

+-------------------------+
| rep_activenumberavgMahe |
+-------------------------+
|                    2383 |
+-------------------------+
1 row in set (0.00 sec)

+----------------------------+
| rep_activenumberavgMahe_pv |
+----------------------------+
|                         53 |
+----------------------------+
1 row in set (0.00 sec)

Query OK, 0 rows affected (0.01 sec)

Query OK, 1512 rows affected (0.16 sec)
Records: 1512  Duplicates: 0  Warnings: 0

Query OK, 0 rows affected (0.00 sec)

Query OK, 0 rows affected (0.00 sec)

Query OK, 0 rows affected (0.01 sec)

Query OK, 0 rows affected (0.00 sec)

Query OK, 0 rows affected (0.00 sec)
Statement prepared

Query OK, 40 rows affected (0.03 sec)
Records: 40  Duplicates: 0  Warnings: 0

Query OK, 0 rows affected (0.00 sec)

Query OK, 0 rows affected (0.00 sec)

+----------------------------+
| rep_activenumberavgPraslin |
+----------------------------+
|                       1512 |
+----------------------------+
1 row in set (0.00 sec)

+-------------------------------+
| rep_activenumberavgPraslin_pv |
+-------------------------------+
|                            40 |
+-------------------------------+
1 row in set (0.00 sec)

mysql> mysql \. C:\workspace\cloud\code\sql\_DailyScript\currenttime.sql
+---------------------+
| currenttime         |
+---------------------+
| 2021-02-22 18:11:44 |
+---------------------+
1 row in set (0.00 sec)

mysql> 
mysql> mysql \. C:\workspace\cloud\code\sql\_DailyScript\budget_actual_analysis_2021.sql
Query OK, 0 rows affected (0.01 sec)

Query OK, 634 rows affected, 3 warnings (0.07 sec)
Records: 634  Duplicates: 0  Warnings: 3

+--------------------+
| budget_actual_2021 |
+--------------------+
|                634 |
+--------------------+
1 row in set (0.00 sec)

Query OK, 0 rows affected (0.01 sec)

Query OK, 47 rows affected (0.04 sec)
Records: 47  Duplicates: 0  Warnings: 0

+---------------------------+
| rep_budget_actual_2021_pv |
+---------------------------+
|                        47 |
+---------------------------+
1 row in set (0.00 sec)

mysql> mysql \. C:\workspace\cloud\code\sql\_DailyScript\currenttime.sql
+---------------------+
| currenttime         |
+---------------------+
| 2021-02-22 18:11:44 |
+---------------------+
1 row in set (0.00 sec)

mysql> 
mysql> mysql \. C:\workspace\cloud\code\sql\_DailyScript\reports-sales-addons-prepaid-camera.sql
Database changed
Query OK, 0 rows affected (0.01 sec)

Query OK, 4251 rows affected (0.20 sec)
Records: 4251  Duplicates: 0  Warnings: 0

Query OK, 0 rows affected (0.01 sec)

Query OK, 22424 rows affected (16.48 sec)
Records: 22424  Duplicates: 0  Warnings: 0

+--------------------+
| rep_prepaid_camera |
+--------------------+
|               4251 |
+--------------------+
1 row in set (0.01 sec)

+-----------+
| rep_addon |
+-----------+
|     22424 |
+-----------+
1 row in set (0.01 sec)

mysql> mysql \. C:\workspace\cloud\code\sql\_DailyScript\currenttime.sql
+---------------------+
| currenttime         |
+---------------------+
| 2021-02-22 18:12:01 |
+---------------------+
1 row in set (0.00 sec)

mysql> 
mysql> mysql \. C:\workspace\cloud\code\sql\_DailyScript\RCB_ClientAnalyticsReport_Script.sql
Database changed
Query OK, 0 rows affected (0.00 sec)

Query OK, 0 rows affected (0.04 sec)

Query OK, 2026385 rows affected (1 min 16.26 sec)
Records: 2026385  Duplicates: 0  Warnings: 0

Query OK, 0 rows affected (5.79 sec)
Records: 0  Duplicates: 0  Warnings: 0

Query OK, 0 rows affected (4.90 sec)
Records: 0  Duplicates: 0  Warnings: 0

Query OK, 0 rows affected (11.29 sec)
Records: 0  Duplicates: 0  Warnings: 0

Query OK, 0 rows affected (7.60 sec)
Records: 0  Duplicates: 0  Warnings: 0

Query OK, 0 rows affected (9.37 sec)
Records: 0  Duplicates: 0  Warnings: 0

Query OK, 0 rows affected (7.68 sec)
Records: 0  Duplicates: 0  Warnings: 0

Query OK, 0 rows affected (0.00 sec)

Query OK, 504482 rows affected (16.16 sec)
Rows matched: 2026385  Changed: 504482  Warnings: 0

Query OK, 0 rows affected (0.01 sec)

Query OK, 28446 rows affected (4.15 sec)
Records: 28446  Duplicates: 0  Warnings: 0

+---------------------+
| clientcontractssubs |
+---------------------+
|               28446 |
+---------------------+
1 row in set (0.01 sec)

Query OK, 0 rows affected (0.01 sec)

Query OK, 44529 rows affected (10 min 37.38 sec)
Records: 44529  Duplicates: 0  Warnings: 0

Query OK, 0 rows affected (0.19 sec)
Records: 0  Duplicates: 0  Warnings: 0

Query OK, 0 rows affected (0.15 sec)
Records: 0  Duplicates: 0  Warnings: 0

Query OK, 0 rows affected (0.09 sec)
Records: 0  Duplicates: 0  Warnings: 0

+-----------------------+
| clientcontracthistory |
+-----------------------+
|                 44529 |
+-----------------------+
1 row in set (0.01 sec)

Query OK, 0 rows affected (0.01 sec)

Query OK, 2744298 rows affected (1 min 26.20 sec)
Records: 2744298  Duplicates: 0  Warnings: 0

Query OK, 0 rows affected (0.02 sec)

Query OK, 473144 rows affected (6 min 33.56 sec)
Records: 473144  Duplicates: 0  Warnings: 0

Query OK, 0 rows affected (1.68 sec)
Records: 0  Duplicates: 0  Warnings: 0

Query OK, 0 rows affected (0.81 sec)
Records: 0  Duplicates: 0  Warnings: 0

Query OK, 0 rows affected (1.75 sec)
Records: 0  Duplicates: 0  Warnings: 0

Query OK, 0 rows affected (0.86 sec)
Records: 0  Duplicates: 0  Warnings: 0

+--------------------------+
| clientcontractinvpmt_stg |
+--------------------------+
|                   473144 |
+--------------------------+
1 row in set (0.12 sec)

Query OK, 0 rows affected (0.03 sec)

Query OK, 473144 rows affected (12.64 sec)
Records: 473144  Duplicates: 0  Warnings: 0

Query OK, 0 rows affected (2.05 sec)
Records: 0  Duplicates: 0  Warnings: 0

Query OK, 0 rows affected (0.80 sec)
Records: 0  Duplicates: 0  Warnings: 0

Query OK, 0 rows affected (1.77 sec)
Records: 0  Duplicates: 0  Warnings: 0

Query OK, 0 rows affected (0.84 sec)
Records: 0  Duplicates: 0  Warnings: 0

+----------------------+
| clientcontractinvpmt |
+----------------------+
|               473144 |
+----------------------+
1 row in set (0.13 sec)

Query OK, 0 rows affected (0.01 sec)

Query OK, 44529 rows affected (1 min 24.16 sec)
Records: 44529  Duplicates: 0  Warnings: 0

+--------------+
| clientreport |
+--------------+
|        44529 |
+--------------+
1 row in set (0.02 sec)

Query OK, 0 rows affected (0.01 sec)

Query OK, 44529 rows affected (5.98 sec)
Records: 44529  Duplicates: 0  Warnings: 0

+----------------------+
| clientextendedreport |
+----------------------+
|                44529 |
+----------------------+
1 row in set (0.01 sec)

Query OK, 0 rows affected (0.01 sec)

Query OK, 44529 rows affected (1 min 5.08 sec)
Records: 44529  Duplicates: 0  Warnings: 0

+---------+
| allcust |
+---------+
|   44529 |
+---------+
1 row in set (0.01 sec)

Query OK, 0 rows affected, 1 warning (0.00 sec)

Query OK, 5000 rows affected (0.14 sec)
Records: 5000  Duplicates: 0  Warnings: 0

Query OK, 0 rows affected (0.01 sec)

Query OK, 6857 rows affected (0.31 sec)
Records: 6857  Duplicates: 0  Warnings: 0

Query OK, 0 rows affected, 1 warning (0.00 sec)

Query OK, 5000 rows affected (0.14 sec)
Records: 5000  Duplicates: 0  Warnings: 0

Query OK, 0 rows affected (0.01 sec)

Query OK, 7272 rows affected (0.19 sec)
Records: 7272  Duplicates: 0  Warnings: 0

mysql> mysql \. C:\workspace\cloud\code\sql\_DailyScript\currenttime.sql
+---------------------+
| currenttime         |
+---------------------+
| 2021-02-22 18:36:02 |
+---------------------+
1 row in set (0.00 sec)

mysql> 
mysql> 
mysql> mysql \. C:\workspace\cloud\code\sql\_DailyScript\REVENUE_PER_NODE_MXK.sql
Query OK, 0 rows affected (0.02 sec)

Query OK, 0 rows affected (0.01 sec)

Query OK, 0 rows affected (0.02 sec)

Query OK, 7249 rows affected (2.32 sec)
Records: 7249  Duplicates: 0  Warnings: 0

+----------------------+
| message              |
+----------------------+
| created temp table a |
+----------------------+
1 row in set (0.00 sec)

Query OK, 6786 rows affected (1.02 sec)
Records: 6786  Duplicates: 0  Warnings: 0

+----------------------+
| message              |
+----------------------+
| created temp table b |
+----------------------+
1 row in set (0.00 sec)

Query OK, 0 rows affected, 1 warning (0.00 sec)

Query OK, 7552 rows affected (18.91 sec)
Records: 7552  Duplicates: 0  Warnings: 0

+--------------------------------+
| message                        |
+--------------------------------+
| created rcbill_my.tempcustmxk1 |
+--------------------------------+
1 row in set (0.00 sec)

Query OK, 0 rows affected (0.01 sec)

Query OK, 0 rows affected (0.01 sec)

Query OK, 0 rows affected, 1 warning (0.00 sec)

Query OK, 7249 rows affected (1.61 sec)
Records: 7249  Duplicates: 0  Warnings: 0

+----------------+
| message        |
+----------------+
| created temp a |
+----------------+
1 row in set (0.00 sec)

Query OK, 6786 rows affected (0.82 sec)
Records: 6786  Duplicates: 0  Warnings: 0

+----------------+
| message        |
+----------------+
| created temp b |
+----------------+
1 row in set (0.00 sec)

Query OK, 0 rows affected, 1 warning (0.00 sec)

Query OK, 6890 rows affected (10.22 sec)
Records: 6890  Duplicates: 0  Warnings: 0

+--------------------------------+
| message                        |
+--------------------------------+
| created rcbill_my.tempcustmxk2 |
+--------------------------------+
1 row in set (0.00 sec)

Query OK, 0 rows affected (0.01 sec)

Query OK, 0 rows affected (0.01 sec)

Query OK, 0 rows affected, 1 warning (0.00 sec)

Query OK, 0 rows affected (0.01 sec)

Query OK, 8459 rows affected (0.37 sec)
Records: 8459  Duplicates: 0  Warnings: 0

+---------------------------------+
| message                         |
+---------------------------------+
| created rcbill_my.customers_mxk |
+---------------------------------+
1 row in set (0.00 sec)

Query OK, 0 rows affected (0.01 sec)

Query OK, 0 rows affected (0.00 sec)

Query OK, 14329 rows affected (5.57 sec)
Records: 14329  Duplicates: 0  Warnings: 0

+----------------+
| message        |
+----------------+
| created temp a |
+----------------+
1 row in set (0.00 sec)

Query OK, 19193 rows affected (1.68 sec)
Records: 19193  Duplicates: 0  Warnings: 0

+----------------+
| message        |
+----------------+
| created temp c |
+----------------+
1 row in set (0.00 sec)

Query OK, 0 rows affected, 1 warning (0.00 sec)

Query OK, 27066 rows affected (0.29 sec)
Records: 27066  Duplicates: 0  Warnings: 0

+---------------------------------+
| message                         |
+---------------------------------+
| created rcbill_my.tempcustcmts1 |
+---------------------------------+
1 row in set (0.00 sec)

Query OK, 0 rows affected (0.01 sec)

Query OK, 0 rows affected, 1 warning (0.00 sec)

Query OK, 0 rows affected (0.01 sec)

Query OK, 14329 rows affected (5.81 sec)
Records: 14329  Duplicates: 0  Warnings: 0

+----------------+
| message        |
+----------------+
| created temp a |
+----------------+
1 row in set (0.00 sec)

Query OK, 19193 rows affected (1.82 sec)
Records: 19193  Duplicates: 0  Warnings: 0

+----------------+
| message        |
+----------------+
| created temp c |
+----------------+
1 row in set (0.00 sec)

Query OK, 0 rows affected, 1 warning (0.00 sec)

Query OK, 19777 rows affected (0.26 sec)
Records: 19777  Duplicates: 0  Warnings: 0

+---------------------------------+
| message                         |
+---------------------------------+
| created rcbill_my.tempcustcmts2 |
+---------------------------------+
1 row in set (0.00 sec)

Query OK, 0 rows affected (0.01 sec)

Query OK, 0 rows affected, 1 warning (0.00 sec)

Query OK, 0 rows affected (0.01 sec)

Query OK, 0 rows affected (0.01 sec)

Query OK, 14490 rows affected (0.99 sec)
Records: 14490  Duplicates: 0  Warnings: 0

+----------------------------------+
| message                          |
+----------------------------------+
| created rcbill_my.customers_cmts |
+----------------------------------+
1 row in set (0.00 sec)

Query OK, 0 rows affected (0.00 sec)

Query OK, 0 rows affected (0.01 sec)

Query OK, 0 rows affected (0.02 sec)

Query OK, 18829 rows affected (0.79 sec)
Records: 18829  Duplicates: 0  Warnings: 0

+--------------------------------------+
| message                              |
+--------------------------------------+
| created rcbill_my.customers_cmts_mxk |
+--------------------------------------+
1 row in set (0.00 sec)

Query OK, 499439 rows affected (58.16 sec)
Records: 499439  Duplicates: 0  Warnings: 0

+----------------+
| message        |
+----------------+
| created temp a |
+----------------+
1 row in set (0.00 sec)

Query OK, 0 rows affected (0.02 sec)

Query OK, 500161 rows affected (13.51 sec)
Records: 500161  Duplicates: 0  Warnings: 0

+------------------------------------------------+
| message                                        |
+------------------------------------------------+
| created rcbill_my.customers_contracts_cmts_mxk |
+------------------------------------------------+
1 row in set (0.00 sec)

Query OK, 0 rows affected (0.13 sec)

Query OK, 0 rows affected, 1 warning (0.00 sec)

Query OK, 0 rows affected, 1 warning (0.00 sec)

Query OK, 0 rows affected (0.00 sec)

Query OK, 8226 rows affected (2.82 sec)
Rows matched: 8226  Changed: 8226  Warnings: 0

+------------------------------------------------+
| message                                        |
+------------------------------------------------+
| updated rcbill_my.customers_contracts_cmts_mxk |
+------------------------------------------------+
1 row in set (0.00 sec)

Query OK, 0 rows affected (0.03 sec)

Query OK, 2069247 rows affected (3 min 49.90 sec)
Records: 2069247  Duplicates: 0  Warnings: 0

+----------------------------------------+
| message                                |
+----------------------------------------+
| created rcbill_my.customers_collection |
+----------------------------------------+
1 row in set (0.00 sec)

Query OK, 0 rows affected (0.08 sec)

Query OK, 2389789 rows affected (1 min 59.52 sec)
Records: 2389789  Duplicates: 0  Warnings: 0

+------------------------------------------------+
| message                                        |
+------------------------------------------------+
| created rcbill_my.customers_cmts_mxk_cont_coll |
+------------------------------------------------+
1 row in set (0.00 sec)

Query OK, 0 rows affected (0.05 sec)

Query OK, 455892 rows affected (2 min 41.25 sec)
Records: 455892  Duplicates: 0  Warnings: 0

+--------------------------------------------------------+
| message                                                |
+--------------------------------------------------------+
| created rcbill_my.customers_contracts_collection_pivot |
+--------------------------------------------------------+
1 row in set (0.00 sec)

Query OK, 0 rows affected (0.02 sec)

Query OK, 40594 rows affected (2 min 43.87 sec)
Records: 40594  Duplicates: 0  Warnings: 0

+----------------------------------------------+
| message                                      |
+----------------------------------------------+
| created rcbill_my.customers_collection_pivot |
+----------------------------------------------+
1 row in set (0.00 sec)

Query OK, 0 rows affected (0.02 sec)

Query OK, 44529 rows affected (3.54 sec)
Records: 44529  Duplicates: 0  Warnings: 0

+--------------------------------------------+
| message                                    |
+--------------------------------------------+
| created rcbill_my.rep_customers_collection |
+--------------------------------------------+
1 row in set (0.00 sec)

Query OK, 0 rows affected (0.00 sec)

Query OK, 0 rows affected, 1 warning (0.00 sec)

Query OK, 464221 rows affected (13.97 sec)
Records: 464221  Duplicates: 0  Warnings: 0

+-------------------------+
| message                 |
+-------------------------+
| created rcbill_my.tempa |
+-------------------------+
1 row in set (0.00 sec)

Query OK, 0 rows affected, 1 warning (0.00 sec)

Query OK, 455892 rows affected (25.49 sec)
Records: 455892  Duplicates: 0  Warnings: 0

+-------------------------+
| message                 |
+-------------------------+
| created rcbill_my.tempb |
+-------------------------+
1 row in set (0.00 sec)

Query OK, 464221 rows affected (24.70 sec)
Records: 464221  Duplicates: 0  Warnings: 0

+-----------+
| message   |
+-----------+
| created a |
+-----------+
1 row in set (0.00 sec)

Query OK, 455898 rows affected (28.07 sec)
Records: 455898  Duplicates: 0  Warnings: 0

+-----------+
| message   |
+-----------+
| created b |
+-----------+
1 row in set (0.00 sec)

Query OK, 0 rows affected (0.01 sec)

Query OK, 0 rows affected (0.03 sec)

Query OK, 0 rows affected (0.03 sec)

Query OK, 500796 rows affected (1 min 3.85 sec)
Records: 500796  Duplicates: 0  Warnings: 0

+----------------------------------------------+
| message                                      |
+----------------------------------------------+
| created rcbill_my.cust_cont_payment_cmts_mxk |
+----------------------------------------------+
1 row in set (0.00 sec)

Query OK, 0 rows affected (0.03 sec)

Query OK, 0 rows affected (0.02 sec)

Query OK, 0 rows affected, 1 warning (0.00 sec)

Query OK, 0 rows affected (0.01 sec)

Query OK, 44529 rows affected (20.75 sec)
Records: 44529  Duplicates: 0  Warnings: 0

+--------------------------------------------------+
| message                                          |
+--------------------------------------------------+
| created rcbill_my.rep_cust_cont_payment_cmts_mxk |
+--------------------------------------------------+
1 row in set (0.00 sec)

Query OK, 0 rows affected, 1 warning (0.00 sec)

Query OK, 0 rows affected, 1 warning (0.00 sec)

Query OK, 0 rows affected (0.01 sec)

Query OK, 44529 rows affected (11.08 sec)
Records: 44529  Duplicates: 0  Warnings: 0

+----------------------+
| rep_custconsolidated |
+----------------------+
|                44529 |
+----------------------+
1 row in set (0.75 sec)

Query OK, 0 rows affected (0.01 sec)

+------------------------------------+
| message                            |
+------------------------------------+
| creating rcbill_my.rep_custextract |
+------------------------------------+
1 row in set (0.00 sec)

Query OK, 44529 rows affected (1.17 sec)
Records: 44529  Duplicates: 0  Warnings: 0

+-----------------+
| rep_custextract |
+-----------------+
|           44529 |
+-----------------+
1 row in set (0.01 sec)

Query OK, 0 rows affected (0.00 sec)

Query OK, 0 rows affected (0.01 sec)

+----------------------------------------------+
| message                                      |
+----------------------------------------------+
| creating rcbill_my.retentioncustomeractivity |
+----------------------------------------------+
1 row in set (0.00 sec)

Query OK, 875 rows affected (0.22 sec)
Records: 875  Duplicates: 0  Warnings: 0

+---------------------------+
| retentioncustomeractivity |
+---------------------------+
|                       875 |
+---------------------------+
1 row in set (0.00 sec)

+-----------+------------------------------------+------------+-------------+-----------------+------------------+---------------------+-------------------+
| HFC_NODE  | NODENAME                           | CMTS_DATE  | INSERTED_ON | UNIQUE_ACCOUNTS | UNIQUE_CONTRACTS | UNIQUE_MAC_INRCBOSS | UNIQUE_MAC_INCMTS |
+-----------+------------------------------------+------------+-------------+-----------------+------------------+---------------------+-------------------+
| NULL      | NULL                               | NULL       | 2021-02-22  |            7067 |             7454 |                7504 |                 0 |
| C5/0/0/U0 | ANSE-BOILEAU-2                     | 2020-11-23 | 2021-02-22  |             191 |              196 |                 191 |               194 |
| C5/0/0/U1 | 500-C3-ANSE-BOILEAU                | 2020-11-23 | 2021-02-22  |             202 |              206 |                 202 |               205 |
| C5/0/1/U0 | 501-C4-LA-MISIERE-LEFT-I           | 2020-11-23 | 2021-02-22  |             155 |              159 |                 155 |               157 |
| C5/0/1/U1 | 501-C5-LA-MISIERE-RIGHT            | 2020-11-23 | 2021-02-22  |             109 |              111 |                 109 |               114 |
| C5/0/1/U2 | 501-C7-LA-MISIERE-LEFT-II          | 2020-11-23 | 2021-02-22  |             159 |              162 |                 159 |               162 |
| C5/0/2/U0 | 502-C8-LA-LOUISE                   | 2020-11-23 | 2021-02-22  |             139 |              139 |                 139 |               139 |
| C5/0/2/U1 | LA-LOUISE-2                        | 2020-11-23 | 2021-02-22  |             141 |              142 |                 141 |               144 |
| C5/0/3/U0 | 504-C6-PETIT-PARIS                 | 2020-11-23 | 2021-02-22  |             154 |              157 |                 154 |               161 |
| C5/0/3/U1 | PETIT-PARIS-23                     | 2020-11-23 | 2021-02-22  |              74 |               76 |                  74 |                76 |
| C5/0/4/U0 | FOUR-SEASONS                       | 2020-11-23 | 2021-02-22  |               3 |                4 |                   4 |                 5 |
| C5/0/4/U1 | ANCHOR-CAFE-I                      | 2020-11-23 | 2021-02-22  |             160 |              164 |                 160 |               162 |
| C5/0/4/U2 | ANCHOR-CAFE-II                     | 2020-11-23 | 2021-02-22  |             162 |              163 |                 162 |               164 |
| C5/1/0/U0 | POINTE-LARUE-AIRPORT-23            | 2020-11-23 | 2021-02-22  |             108 |              114 |                 109 |               111 |
| C5/1/0/U1 | PPROVIDENCE-23                     | 2020-11-23 | 2021-02-22  |              19 |               22 |                  20 |                21 |
| C5/1/0/U2 | ROSHE-CAIMAN-23                    | 2020-11-23 | 2021-02-22  |              12 |               13 |                  12 |                12 |
| C5/1/0/U3 | HEAD-OFFICE | HO-23                | 2020-11-23 | 2021-02-22  |              27 |               27 |                  27 |                30 |
| C5/1/1/U1 | C5-UNION-VALE                      | 2020-11-23 | 2021-02-22  |             197 |              199 |                 197 |               204 |
| C5/1/3/U0 | POINTE-LARUE-AIRPORT-27            | 2020-11-23 | 2021-02-22  |             150 |              151 |                 150 |               155 |
| C5/1/3/U1 | PPROVIDENCE-27                     | 2020-11-23 | 2021-02-22  |              27 |               27 |                  27 |                27 |
| C5/1/3/U2 | ROSHE-CAIMAN-27                    | 2020-11-23 | 2021-02-22  |              27 |               27 |                  27 |                27 |
| C5/1/3/U3 | HEAD-OFFICE | HO-27                | 2020-11-23 | 2021-02-22  |              17 |               18 |                  17 |                19 |
| C5/1/4/U0 | ANSE-ROYALE-27                     | 2020-11-23 | 2021-02-22  |             103 |              105 |                 103 |               104 |
| C5/1/4/U1 | GLACIS-2-57                        | 2020-11-23 | 2021-02-22  |              69 |               72 |                  69 |                71 |
| C5/1/4/U2 | NULL                               | 2020-11-23 | 2021-02-22  |             107 |              110 |                 107 |               108 |
| C5/1/4/U3 | GLACIS-1                           | 2020-11-23 | 2021-02-22  |              34 |               35 |                  34 |                34 |
| C6/0/1/U0 | SERRET-ROAD-RIGHT/CURIO/PASCAL     | 2020-11-23 | 2021-02-22  |             128 |              130 |                 128 |               128 |
| C6/0/1/U1 | SERRET-ROAD-LEFT/ST.LOUIS/TOWN     | 2020-11-23 | 2021-02-22  |              85 |               90 |                  85 |                87 |
| C6/0/1/U2 | SERRET-ROAD-RIGHT/CURIO/PASCAL-2   | 2020-11-23 | 2021-02-22  |             124 |              126 |                 124 |               124 |
| C6/0/1/U3 | SERRET-ROAD-LEFT/ST.LOUIS/TOWN-2   | 2020-11-23 | 2021-02-22  |              77 |               79 |                  77 |                78 |
| C6/0/2/U0 | SANS-SOUCIS-I                      | 2020-11-23 | 2021-02-22  |             100 |              101 |                 100 |               103 |
| C6/0/2/U1 | SANS-SOUCIS-II                     | 2020-11-23 | 2021-02-22  |             113 |              117 |                 113 |               119 |
| C6/0/2/U2 | BEL-AIR-27                         | 2020-11-23 | 2021-02-22  |              96 |               97 |                  96 |               100 |
| C6/0/2/U3 | BEL-AIR-38                         | 2020-11-23 | 2021-02-22  |              83 |               87 |                  83 |                84 |
| C6/0/3/U0 | LES-MAMELLES-23                    | 2020-11-23 | 2021-02-22  |              82 |               82 |                  82 |                88 |
| C6/0/3/U1 | VICTORIA-23                        | 2020-11-23 | 2021-02-22  |              25 |               26 |                  26 |                29 |
| C6/0/4/U0 | LES-MAMELLES-27                    | 2020-11-23 | 2021-02-22  |              68 |               69 |                  68 |                68 |
| C6/0/4/U1 | VICTORIA-27                        | 2020-11-23 | 2021-02-22  |              16 |               16 |                  16 |                16 |
| C7/1/0/U0 | LA-RETRAITE-23                     | 2020-11-23 | 2021-02-22  |              81 |               86 |                  82 |                88 |
| C7/1/0/U1 | TEA-FACTORY-23                     | 2020-11-23 | 2021-02-22  |              23 |               30 |                  25 |                27 |
| C7/1/0/U2 | PAS-23                             | 2020-11-23 | 2021-02-22  |             101 |              106 |                 102 |               104 |
| C7/1/1/U0 | REEF-ESTATE-23                     | 2020-11-23 | 2021-02-22  |              77 |               79 |                  77 |                78 |
| C7/1/2/U0 | LA-RETRAITE-27                     | 2020-11-23 | 2021-02-22  |              70 |               70 |                  70 |                71 |
| C7/1/2/U1 | TEA-FACTORY-27                     | 2020-11-23 | 2021-02-22  |              28 |               34 |                  29 |                29 |
| C7/1/2/U2 | PAS-27                             | 2020-11-23 | 2021-02-22  |              81 |               82 |                  81 |                85 |
| C7/1/3/U0 | MT-BUXTON-27                       | 2020-11-23 | 2021-02-22  |             152 |              155 |                 152 |               158 |
| C7/1/3/U1 | MT-BUXTON-23                       | 2020-11-23 | 2021-02-22  |              85 |               86 |                  85 |                87 |
| C7/1/4/U0 | REEF-ESTATE-27                     | 2020-11-23 | 2021-02-22  |              92 |               93 |                  92 |                93 |
| C8/0/0/U0 | POLICE-ACADEMY-1-27 - POINTE LARUE | 2020-11-23 | 2021-02-22  |             245 |              245 |                 245 |               250 |
| C8/0/0/U1 | NULL                               | 2020-11-23 | 2021-02-22  |              74 |               78 |                  74 |                78 |
| C8/0/1/U0 | NULL                               | 2020-11-23 | 2021-02-22  |             154 |              157 |                 153 |               157 |
| C8/0/1/U1 | POLICE-ACADEMY-2-27 - TURTLE BAY   | 2020-11-23 | 2021-02-22  |             190 |              194 |                 191 |               192 |
| C8/0/2/U0 | BEAU-VALLON-LEFT-1-57              | 2020-11-23 | 2021-02-22  |              11 |               12 |                  12 |                13 |
| C8/0/3/U1 | BEAU-VALLON-RIGHT-2-57             | 2020-11-23 | 2021-02-22  |              10 |               10 |                  10 |                11 |
| C8/1/0/U0 | MA-JOIE-NODE-27                    | 2020-11-23 | 2021-02-22  |              94 |               95 |                  94 |                97 |
| C8/1/0/U1 | BELONIE-27                         | 2020-11-23 | 2021-02-22  |             139 |              141 |                 138 |               145 |
| C8/1/0/U3 | MA-JOIE-NODE-23                    | 2020-11-23 | 2021-02-22  |              90 |               91 |                  89 |                90 |
| C8/1/1/U0 | 611-C1-ROJN I                      | 2020-11-23 | 2021-02-22  |             125 |              126 |                 125 |               129 |
| C8/1/1/U1 | 611-C5-ROJN II                     | 2020-11-23 | 2021-02-22  |             113 |              114 |                 113 |               114 |
| C8/1/2/U0 | 612-C2-ANSE-ETOILE                 | 2020-11-23 | 2021-02-22  |             100 |              100 |                 100 |               103 |
| C8/1/2/U1 | ANSE-ETOILE-U2                     | 2020-11-23 | 2021-02-22  |              69 |               69 |                  69 |                70 |
| C8/1/3/U0 | 613-C3-ANSE-GAULETTE I             | 2020-11-23 | 2021-02-22  |              79 |               86 |                  79 |                80 |
| C8/1/3/U1 | 613-C7-ANSE-GAULETTE II            | 2020-11-23 | 2021-02-22  |              75 |               77 |                  75 |                78 |
| C8/1/3/U2 | 613-C3-ANSE-GAULETTE III           | 2020-11-23 | 2021-02-22  |              40 |               40 |                  40 |                41 |
| C8/1/3/U3 | TAKAMAKA I                         | 2020-11-23 | 2021-02-22  |             104 |              106 |                 104 |               108 |
| C8/1/3/U4 | TAKAMAKA II                        | 2020-11-23 | 2021-02-22  |              92 |               94 |                  92 |                95 |
| C8/1/4/U0 | 614-BEOLIERE-NODE-1                | 2020-11-23 | 2021-02-22  |              94 |               95 |                  94 |                96 |
| C8/1/4/U1 | 614-BEOLIERE-NODE-2                | 2020-11-23 | 2021-02-22  |             140 |              144 |                 140 |               143 |
+-----------+------------------------------------+------------+-------------+-----------------+------------------+---------------------+-------------------+
68 rows in set (0.17 sec)

+-----------------------+------------+-------------+-----------------+------------------+----------------------+-------------------+
| MXK_NAME              | MXK_DATE   | INSERTED_ON | UNIQUE_ACCOUNTS | UNIQUE_CONTRACTS | UNIQUE_FSAN_INRCBOSS | UNIQUE_FSAN_INMXK |
+-----------------------+------------+-------------+-----------------+------------------+----------------------+-------------------+
| NULL                  | NULL       | 2021-02-22  |            1519 |             1565 |                 1552 |                 0 |
| MXK-MAHE-ANSEETOILE   | 2020-07-27 | 2021-02-22  |             374 |              378 |                  376 |               398 |
| MXK-MAHE-ANSEROYALE   | 2020-07-27 | 2021-02-22  |             171 |              171 |                  171 |               198 |
| MXK-MAHE-BEAUVALLON-1 | 2020-07-27 | 2021-02-22  |            1790 |             1813 |                 1805 |              1919 |
| MXK-MAHE-BEAUVALLON-2 | 2020-07-27 | 2021-02-22  |              25 |               25 |                   25 |                30 |
| MXK-MAHE-PERSEVERANCE | 2020-07-27 | 2021-02-22  |            1054 |             1065 |                 1065 |              1241 |
| MXK-MAHE-PROVIDENCE   | 2020-07-27 | 2021-02-22  |             990 |             1019 |                  943 |              1192 |
| MXK-PRASLIN-GRANDANSE | 2020-07-27 | 2021-02-22  |            1281 |             1284 |                 1277 |              1514 |
+-----------------------+------------+-------------+-----------------+------------------+----------------------+-------------------+
8 rows in set (0.08 sec)

mysql> mysql \. C:\workspace\cloud\code\sql\_DailyScript\currenttime.sql
+---------------------+
| currenttime         |
+---------------------+
| 2021-02-22 18:52:38 |
+---------------------+
1 row in set (0.00 sec)

mysql> 
mysql> mysql \. C:\workspace\cloud\code\sql\_DailyScript\housing-estate-analysis.sql
Database changed
Query OK, 0 rows affected (0.00 sec)

Query OK, 3675 rows affected (1 min 32.12 sec)
Records: 3675  Duplicates: 0  Warnings: 0

+--------------------+
| rep_housingestates |
+--------------------+
|               3675 |
+--------------------+
1 row in set (0.00 sec)

mysql> mysql \. C:\workspace\cloud\code\sql\_DailyScript\currenttime.sql
+---------------------+
| currenttime         |
+---------------------+
| 2021-02-22 18:54:10 |
+---------------------+
1 row in set (0.00 sec)

mysql> 
mysql> 
mysql> mysql \. C:\workspace\cloud\code\sql\Analysis\service_tickets_assignments.sql
Query OK, 0 rows affected (0.01 sec)

Query OK, 11950 rows affected (3.67 sec)
Records: 11950  Duplicates: 0  Warnings: 0

+-------------------------+
| rep_servicetickets_2021 |
+-------------------------+
|                   11950 |
+-------------------------+
1 row in set (0.01 sec)

mysql> mysql \. C:\workspace\cloud\code\sql\_DailyScript\currenttime.sql
+---------------------+
| currenttime         |
+---------------------+
| 2021-02-22 18:54:14 |
+---------------------+
1 row in set (0.00 sec)

mysql> 
mysql> mysql \. C:\workspace\cloud\code\sql\_DailyScript\DAILY-SCRIPT-USAGESTATS.sql
Database changed
Query OK, 0 rows affected (0.14 sec)

Query OK, 27219058 rows affected, 65535 warnings (12 min 36.99 sec)
Records: 27219058  Duplicates: 0  Warnings: 27211249

Query OK, 0 rows affected (1 min 14.05 sec)
Records: 0  Duplicates: 0  Warnings: 0

Query OK, 0 rows affected (1 min 12.34 sec)
Records: 0  Duplicates: 0  Warnings: 0

Query OK, 0 rows affected (1 min 12.14 sec)
Records: 0  Duplicates: 0  Warnings: 0

Query OK, 0 rows affected (1 min 4.61 sec)
Records: 0  Duplicates: 0  Warnings: 0

Query OK, 0 rows affected (1 min 46.27 sec)
Records: 0  Duplicates: 0  Warnings: 0

Query OK, 0 rows affected (1 min 54.71 sec)
Records: 0  Duplicates: 0  Warnings: 0

Query OK, 0 rows affected (1 min 42.09 sec)
Records: 0  Duplicates: 0  Warnings: 0

Query OK, 0 rows affected (1 min 11.66 sec)
Records: 0  Duplicates: 0  Warnings: 0

+----------+
| ipusage  |
+----------+
| 27219058 |
+----------+
1 row in set (9.28 sec)

Query OK, 0 rows affected (0.06 sec)

Query OK, 7147974 rows affected (6 min 33.51 sec)
Records: 7147974  Duplicates: 0  Warnings: 0

Query OK, 0 rows affected (23.53 sec)
Records: 0  Duplicates: 0  Warnings: 0

Query OK, 0 rows affected (19.05 sec)
Records: 0  Duplicates: 0  Warnings: 0

Query OK, 0 rows affected (23.88 sec)
Records: 0  Duplicates: 0  Warnings: 0

Query OK, 0 rows affected (29.52 sec)
Records: 0  Duplicates: 0  Warnings: 0

Query OK, 0 rows affected (23.74 sec)
Records: 0  Duplicates: 0  Warnings: 0

+------------------+
| clientcontractip |
+------------------+
|          7147974 |
+------------------+
1 row in set (2.09 sec)

Query OK, 0 rows affected (0.07 sec)

Query OK, 13349958 rows affected (2 min 27.59 sec)
Records: 13349958  Duplicates: 0  Warnings: 0

+---------------------------+
| clientcontractipusage_stg |
+---------------------------+
|                  13349958 |
+---------------------------+
1 row in set (4.95 sec)

+------------------------------------+
| clientcontractipusage_beforeinsert |
+------------------------------------+
|                           13349958 |
+------------------------------------+
1 row in set (6.43 sec)

Query OK, 32804 rows affected (25.88 sec)
Records: 32804  Duplicates: 0  Warnings: 0

+-----------------------------------+
| clientcontractipusage_afterinsert |
+-----------------------------------+
|                          13382762 |
+-----------------------------------+
1 row in set (5.33 sec)

+------------+----------+
| usagedate  | count(*) |
+------------+----------+
| 2021-02-21 |    10251 |
| 2021-02-20 |    11059 |
| 2021-02-19 |    11494 |
| 2021-02-18 |    11449 |
| 2021-02-17 |    11420 |
| 2021-02-16 |    11335 |
| 2021-02-15 |    11624 |
| 2021-02-14 |    11807 |
| 2021-02-13 |    12100 |
| 2021-02-12 |    11519 |
| 2021-02-11 |    11519 |
| 2021-02-10 |    10393 |
| 2021-02-09 |    11025 |
| 2021-02-08 |    11568 |
| 2021-02-07 |    11313 |
+------------+----------+
15 rows in set (0.07 sec)

Query OK, 0 rows affected (0.03 sec)

Query OK, 572453 rows affected (52.90 sec)
Records: 572453  Duplicates: 0  Warnings: 0

Query OK, 0 rows affected (1.89 sec)
Records: 0  Duplicates: 0  Warnings: 0

Query OK, 0 rows affected (1.74 sec)
Records: 0  Duplicates: 0  Warnings: 0

Query OK, 0 rows affected (2.04 sec)
Records: 0  Duplicates: 0  Warnings: 0

Query OK, 0 rows affected (1.13 sec)
Records: 0  Duplicates: 0  Warnings: 0

Query OK, 0 rows affected (1.16 sec)
Records: 0  Duplicates: 0  Warnings: 0

Query OK, 0 rows affected (1.16 sec)
Records: 0  Duplicates: 0  Warnings: 0

Query OK, 0 rows affected (1.17 sec)
Records: 0  Duplicates: 0  Warnings: 0

+-----------------------+
| clientcontractipmonth |
+-----------------------+
|                572453 |
+-----------------------+
1 row in set (0.15 sec)

mysql> mysql \. C:\workspace\cloud\code\sql\_DailyScript\currenttime.sql
+---------------------+
| currenttime         |
+---------------------+
| 2021-02-22 19:31:08 |
+---------------------+
1 row in set (0.00 sec)

mysql> 
mysql> exit
