    -> 
    -> mysql \. C:\workspace\cloud\code\sql\_DailyScript\_setdates.sql
Database changed
Query OK, 0 rows affected (0.00 sec)

Query OK, 0 rows affected (0.00 sec)

Query OK, 0 rows affected (0.00 sec)

Query OK, 0 rows affected (0.00 sec)

Query OK, 0 rows affected (0.00 sec)

Query OK, 0 rows affected (0.00 sec)

Query OK, 0 rows affected (0.00 sec)

Query OK, 0 rows affected (0.00 sec)

Query OK, 0 rows affected (0.00 sec)

Query OK, 0 rows affected (0.00 sec)

Query OK, 0 rows affected (0.00 sec)

Query OK, 0 rows affected (0.00 sec)

Query OK, 0 rows affected (0.00 sec)

Query OK, 0 rows affected (0.00 sec)

Query OK, 0 rows affected (0.00 sec)

Query OK, 0 rows affected (0.00 sec)

Query OK, 0 rows affected (0.00 sec)

Query OK, 0 rows affected (0.00 sec)

Query OK, 0 rows affected (0.00 sec)

Query OK, 0 rows affected (0.00 sec)

Query OK, 0 rows affected (0.00 sec)

mysql> mysql \. C:\workspace\cloud\code\sql\_DailyScript\currenttime.sql
+---------------------+
| currenttime         |
+---------------------+
| 2020-12-28 09:33:35 |
+---------------------+
1 row in set (0.00 sec)

mysql> 
mysql> mysql \. C:\workspace\cloud\code\sql\_DailyScript\load_RCB_VODTITLES.sql
Database changed
Query OK, 0 rows affected (0.00 sec)

Query OK, 13435 rows affected (0.15 sec)

Query OK, 13437 rows affected, 13437 warnings (0.32 sec)
Records: 13437  Deleted: 0  Skipped: 0  Warnings: 13437

Query OK, 0 rows affected (0.00 sec)

Query OK, 2 rows affected (0.01 sec)

+-----------+
| VODTITLES |
+-----------+
|     13895 |
+-----------+
1 row in set (0.01 sec)

+-----------+-----------+
| titletype | typecount |
+-----------+-----------+
| E         |     11257 |
| N         |       236 |
| T         |      1942 |
| NULL      |     13435 |
+-----------+-----------+
4 rows in set (0.04 sec)

mysql> mysql \. C:\workspace\cloud\code\sql\_DailyScript\currenttime.sql
+---------------------+
| currenttime         |
+---------------------+
| 2020-12-28 09:33:36 |
+---------------------+
1 row in set (0.00 sec)

mysql> 
mysql> mysql \. C:\workspace\cloud\code\sql\_DailyScript\DAILY-SCRIPT-LIVETV-STATS.sql
Database changed
Query OK, 0 rows affected (0.01 sec)

Query OK, 0 rows affected (0.02 sec)
Records: 0  Duplicates: 0  Warnings: 0

+------------+------------+----------+--------------+--------------+-----------+-------------+----------+--------+------+------------+---------+---------------+
| Table      | Non_unique | Key_name | Seq_in_index | Column_name  | Collation | Cardinality | Sub_part | Packed | Null | Index_type | Comment | Index_comment |
+------------+------------+----------+--------------+--------------+-----------+-------------+----------+--------+------+------------+---------+---------------+
| templivetv |          1 | idxtv1   |            1 | device       | A         |           0 |     NULL | NULL   | YES  | BTREE      |         |               |
| templivetv |          1 | idxtv2   |            1 | sessionstart | A         |           0 |     NULL | NULL   | YES  | BTREE      |         |               |
+------------+------------+----------+--------------+--------------+-----------+-------------+----------+--------+------+------------+---------+---------------+
2 rows in set (0.00 sec)

Query OK, 0 rows affected (0.00 sec)
Records: 0  Duplicates: 0  Warnings: 0

Query OK, 0 rows affected (0.00 sec)
Records: 0  Duplicates: 0  Warnings: 0

Query OK, 0 rows affected (0.00 sec)

Query OK, 0 rows affected (0.00 sec)

Query OK, 0 rows affected (0.00 sec)
Records: 0  Duplicates: 0  Warnings: 0

Query OK, 0 rows affected (0.00 sec)

Query OK, 47927 rows affected (2 min 12.14 sec)
Records: 47927  Duplicates: 0  Warnings: 0

+-----------------+
| rep_livetvstats |
+-----------------+
|           47927 |
+-----------------+
1 row in set (0.02 sec)

mysql> mysql \. C:\workspace\cloud\code\sql\_DailyScript\currenttime.sql
+---------------------+
| currenttime         |
+---------------------+
| 2020-12-28 09:35:48 |
+---------------------+
1 row in set (0.00 sec)

mysql> 
mysql> mysql \. C:\workspace\cloud\code\sql\_DailyScript\DAILY-SCRIPT-VODTS-STATS.sql
Database changed
Query OK, 0 rows affected (0.01 sec)

Query OK, 0 rows affected (9.90 sec)
Records: 0  Duplicates: 0  Warnings: 0

+---------+------------+----------+--------------+--------------+-----------+-------------+----------+--------+------+------------+---------+---------------+
| Table   | Non_unique | Key_name | Seq_in_index | Column_name  | Collation | Cardinality | Sub_part | Packed | Null | Index_type | Comment | Index_comment |
+---------+------------+----------+--------------+--------------+-----------+-------------+----------+--------+------+------------+---------+---------------+
| tempvod |          1 | idxtvod1 |            1 | device       | A         |           0 |     NULL | NULL   | YES  | BTREE      |         |               |
| tempvod |          1 | idxtvod2 |            1 | sessionstart | A         |           0 |     NULL | NULL   | YES  | BTREE      |         |               |
+---------+------------+----------+--------------+--------------+-----------+-------------+----------+--------+------+------------+---------+---------------+
2 rows in set (0.00 sec)

Query OK, 0 rows affected (0.00 sec)
Records: 0  Duplicates: 0  Warnings: 0

Query OK, 0 rows affected (0.01 sec)

Query OK, 922836 rows affected (1 min 13.47 sec)
Records: 922836  Duplicates: 0  Warnings: 0

+--------------+
| rep_vodstats |
+--------------+
|       922836 |
+--------------+
1 row in set (0.27 sec)

Database changed
Query OK, 0 rows affected (0.01 sec)

Query OK, 0 rows affected (38.19 sec)
Records: 0  Duplicates: 0  Warnings: 0

+--------+------------+----------+--------------+--------------+-----------+-------------+----------+--------+------+------------+---------+---------------+
| Table  | Non_unique | Key_name | Seq_in_index | Column_name  | Collation | Cardinality | Sub_part | Packed | Null | Index_type | Comment | Index_comment |
+--------+------------+----------+--------------+--------------+-----------+-------------+----------+--------+------+------------+---------+---------------+
| tempts |          1 | idxtts1  |            1 | device       | A         |           0 |     NULL | NULL   | YES  | BTREE      |         |               |
| tempts |          1 | idxtts2  |            1 | sessionstart | A         |           0 |     NULL | NULL   | YES  | BTREE      |         |               |
+--------+------------+----------+--------------+--------------+-----------+-------------+----------+--------+------+------------+---------+---------------+
2 rows in set (0.00 sec)

Query OK, 0 rows affected (0.00 sec)
Records: 0  Duplicates: 0  Warnings: 0

Query OK, 0 rows affected (0.01 sec)

Query OK, 42402 rows affected (40.50 sec)
Records: 42402  Duplicates: 0  Warnings: 0

+-------------+
| rep_tsstats |
+-------------+
|       42402 |
+-------------+
1 row in set (0.02 sec)

mysql> mysql \. C:\workspace\cloud\code\sql\_DailyScript\currenttime.sql
+---------------------+
| currenttime         |
+---------------------+
| 2020-12-28 09:38:30 |
+---------------------+
1 row in set (0.00 sec)

mysql> 
mysql> mysql \. C:\workspace\cloud\code\sql\_DailyScript\DAILY-SCRIPT-RADIO-STATS.sql
Database changed
Query OK, 0 rows affected (0.03 sec)

Query OK, 337361 rows affected (3.71 sec)
Records: 337361  Duplicates: 0  Warnings: 0

+-----------+------------+----------+--------------+--------------+-----------+-------------+----------+--------+------+------------+---------+---------------+
| Table     | Non_unique | Key_name | Seq_in_index | Column_name  | Collation | Cardinality | Sub_part | Packed | Null | Index_type | Comment | Index_comment |
+-----------+------------+----------+--------------+--------------+-----------+-------------+----------+--------+------+------------+---------+---------------+
| tempradio |          1 | idxtrad1 |            1 | device       | A         |      337240 |     NULL | NULL   | YES  | BTREE      |         |               |
| tempradio |          1 | idxtrad2 |            1 | sessionstart | A         |      337240 |     NULL | NULL   | YES  | BTREE      |         |               |
+-----------+------------+----------+--------------+--------------+-----------+-------------+----------+--------+------+------------+---------+---------------+
2 rows in set (0.00 sec)

Query OK, 0 rows affected (1.22 sec)
Records: 0  Duplicates: 0  Warnings: 0

Query OK, 0 rows affected (0.01 sec)

Query OK, 5686 rows affected (0.47 sec)
Records: 5686  Duplicates: 0  Warnings: 0

+----------------+
| rep_radiostats |
+----------------+
|           5686 |
+----------------+
1 row in set (0.00 sec)

mysql> mysql \. C:\workspace\cloud\code\sql\_DailyScript\currenttime.sql
+---------------------+
| currenttime         |
+---------------------+
| 2020-12-28 09:38:36 |
+---------------------+
1 row in set (0.00 sec)

mysql> 
mysql> mysql \. C:\workspace\cloud\code\sql\_DailyScript\DAILY_SCRIPT_TELEMETRY_PIVOT_2020.sql
Query OK, 0 rows affected (0.01 sec)

Query OK, 146 rows affected (0.24 sec)
Records: 146  Duplicates: 0  Warnings: 0

Query OK, 0 rows affected (0.02 sec)

Query OK, 11202 rows affected (2.98 sec)
Records: 11202  Duplicates: 0  Warnings: 0

Query OK, 0 rows affected (0.01 sec)

Query OK, 8 rows affected (0.03 sec)
Records: 8  Duplicates: 0  Warnings: 0

Query OK, 0 rows affected (0.01 sec)

Query OK, 47 rows affected (0.09 sec)
Records: 47  Duplicates: 0  Warnings: 0

mysql> mysql \. C:\workspace\cloud\code\sql\_DailyScript\currenttime.sql
+---------------------+
| currenttime         |
+---------------------+
| 2020-12-28 09:38:39 |
+---------------------+
1 row in set (0.00 sec)

mysql> 
mysql> mysql \. C:\workspace\cloud\code\sql\_DailyScript\telemetry_livetv_ranking2020.sql
Query OK, 0 rows affected (0.00 sec)

Query OK, 146 rows affected (0.02 sec)
Records: 146  Duplicates: 0  Warnings: 0

mysql> mysql \. C:\workspace\cloud\code\sql\_DailyScript\currenttime.sql
+---------------------+
| currenttime         |
+---------------------+
| 2020-12-28 09:38:39 |
+---------------------+
1 row in set (0.00 sec)

mysql> 
mysql> mysql \. C:\workspace\cloud\code\sql\_DailyScript\telemetry_radio_ranking2020.sql
Query OK, 0 rows affected (0.01 sec)

Query OK, 8 rows affected (0.01 sec)
Records: 8  Duplicates: 0  Warnings: 0

mysql> mysql \. C:\workspace\cloud\code\sql\_DailyScript\currenttime.sql
+---------------------+
| currenttime         |
+---------------------+
| 2020-12-28 09:38:39 |
+---------------------+
1 row in set (0.00 sec)

mysql> 
mysql> mysql \. C:\workspace\cloud\code\sql\_DailyScript\telemetry_ts_ranking2020.sql
Query OK, 0 rows affected (0.00 sec)

Query OK, 47 rows affected (0.02 sec)
Records: 47  Duplicates: 0  Warnings: 0

mysql> mysql \. C:\workspace\cloud\code\sql\_DailyScript\currenttime.sql
+---------------------+
| currenttime         |
+---------------------+
| 2020-12-28 09:38:39 |
+---------------------+
1 row in set (0.00 sec)

mysql> 
mysql> mysql \. C:\workspace\cloud\code\sql\_DailyScript\telemetry_vod_ranking2020.sql
Query OK, 0 rows affected (0.01 sec)

Query OK, 11202 rows affected (0.54 sec)
Records: 11202  Duplicates: 0  Warnings: 0

mysql> mysql \. C:\workspace\cloud\code\sql\_DailyScript\currenttime.sql
+---------------------+
| currenttime         |
+---------------------+
| 2020-12-28 09:38:40 |
+---------------------+
1 row in set (0.00 sec)

mysql> 
mysql> mysql \. C:\workspace\cloud\code\sql\_DailyScript\telemetry_vod_ranking2020_1.sql
Query OK, 0 rows affected (0.01 sec)

Query OK, 11202 rows affected (0.25 sec)
Records: 11202  Duplicates: 0  Warnings: 0

mysql> mysql \. C:\workspace\cloud\code\sql\_DailyScript\currenttime.sql
+---------------------+
| currenttime         |
+---------------------+
| 2020-12-28 09:38:40 |
+---------------------+
1 row in set (0.00 sec)

mysql> 
mysql> mysql \. C:\workspace\cloud\code\sql\_DailyScript\telemetry_vod_ranking2020_2.sql
Query OK, 0 rows affected (0.01 sec)

Query OK, 11202 rows affected (0.24 sec)
Records: 11202  Duplicates: 0  Warnings: 0

mysql> mysql \. C:\workspace\cloud\code\sql\_DailyScript\currenttime.sql
+---------------------+
| currenttime         |
+---------------------+
| 2020-12-28 09:38:40 |
+---------------------+
1 row in set (0.00 sec)

mysql> 
mysql> 
mysql> 
mysql> 
mysql> mysql \. C:\workspace\cloud\code\sql\_DailyScript\ticket_analysis.sql
Database changed
Query OK, 0 rows affected (0.09 sec)

Query OK, 736822 rows affected (25.42 sec)
Records: 736822  Duplicates: 0  Warnings: 0

Query OK, 0 rows affected (5.73 sec)
Records: 0  Duplicates: 0  Warnings: 0

Query OK, 0 rows affected (1.80 sec)
Records: 0  Duplicates: 0  Warnings: 0

Query OK, 0 rows affected (1.89 sec)
Records: 0  Duplicates: 0  Warnings: 0

Query OK, 0 rows affected (0.01 sec)

Query OK, 23560 rows affected (12.55 sec)
Records: 23560  Duplicates: 0  Warnings: 0

Query OK, 0 rows affected, 1 warning (0.00 sec)

Query OK, 105059 rows affected (7.29 sec)
Records: 105059  Duplicates: 0  Warnings: 0

Query OK, 0 rows affected, 1 warning (0.00 sec)

Query OK, 536991 rows affected (14.35 sec)
Records: 536991  Duplicates: 0  Warnings: 0

Query OK, 0 rows affected, 1 warning (0.00 sec)

Query OK, 536991 rows affected (15.87 sec)
Records: 536991  Duplicates: 0  Warnings: 0

Query OK, 0 rows affected (0.02 sec)

Query OK, 105159 rows affected (5.79 sec)
Records: 105159  Duplicates: 0  Warnings: 0

Database changed
Query OK, 0 rows affected (0.00 sec)

Query OK, 0 rows affected (0.03 sec)

Query OK, 736822 rows affected (22.70 sec)
Records: 736822  Duplicates: 0  Warnings: 0

Query OK, 0 rows affected (0.02 sec)

Query OK, 373698 rows affected (17.50 sec)
Records: 373698  Duplicates: 0  Warnings: 0

+--------------------------+
| clientticket_cmmtjourney |
+--------------------------+
|                   736822 |
+--------------------------+
1 row in set (2.10 sec)

+---------------------------+
| clientticket_assgnjourney |
+---------------------------+
|                    373698 |
+---------------------------+
1 row in set (0.40 sec)

Query OK, 0 rows affected (0.01 sec)

Query OK, 76 rows affected (0.09 sec)
Records: 76  Duplicates: 0  Warnings: 0

mysql> mysql \. C:\workspace\cloud\code\sql\_DailyScript\currenttime.sql
+---------------------+
| currenttime         |
+---------------------+
| 2020-12-28 09:40:54 |
+---------------------+
1 row in set (0.00 sec)

mysql> 
mysql> mysql \. C:\workspace\cloud\code\sql\_DailyScript\load_DailyCalls.sql
Database changed
Query OK, 358 rows affected (0.09 sec)
Records: 358  Deleted: 0  Skipped: 0  Warnings: 0

Query OK, 0 rows affected, 1 warning (0.00 sec)

Query OK, 347 rows affected (0.02 sec)
Records: 347  Duplicates: 0  Warnings: 0

Query OK, 0 rows affected, 1 warning (0.00 sec)

Query OK, 68454 rows affected (0.31 sec)
Records: 68454  Duplicates: 0  Warnings: 0

+----------------------+
| callingclientsbefore |
+----------------------+
|              1068832 |
+----------------------+
1 row in set (0.41 sec)

Query OK, 477 rows affected (7.40 sec)
Records: 477  Duplicates: 0  Warnings: 0

+---------------------+
| callingclientsafter |
+---------------------+
|             1069309 |
+---------------------+
1 row in set (0.28 sec)

Query OK, 0 rows affected (0.01 sec)

Query OK, 248 rows affected (3.24 sec)
Records: 248  Duplicates: 0  Warnings: 0

Query OK, 0 rows affected (0.01 sec)

Query OK, 21326 rows affected (3.68 sec)
Records: 21326  Duplicates: 0  Warnings: 0

+-----------+
| callstats |
+-----------+
|     21326 |
+-----------+
1 row in set (0.01 sec)

Query OK, 0 rows affected, 1 warning (0.00 sec)

Query OK, 477 rows affected (2.00 sec)
Records: 477  Duplicates: 0  Warnings: 0

+------------------------+
| rep_cccallreportbefore |
+------------------------+
|                1069732 |
+------------------------+
1 row in set (0.37 sec)

Query OK, 477 rows affected (0.12 sec)
Records: 477  Duplicates: 0  Warnings: 0

+-----------------------+
| rep_cccallreportafter |
+-----------------------+
|               1070209 |
+-----------------------+
1 row in set (0.28 sec)

Query OK, 0 rows affected (0.01 sec)

mysql> mysql \. C:\workspace\cloud\code\sql\_DailyScript\currenttime.sql
+---------------------+
| currenttime         |
+---------------------+
| 2020-12-28 09:41:12 |
+---------------------+
1 row in set (0.00 sec)

mysql> 
mysql> mysql \. C:\workspace\cloud\code\sql\_DailyScript\DAILY-SCRIPT-USAGE.sql
Database changed
Query OK, 0 rows affected (0.00 sec)

Query OK, 4486 rows affected, 13012 warnings (0.72 sec)
Records: 4486  Deleted: 0  Skipped: 0  Warnings: 13012

Query OK, 0 rows affected (0.00 sec)

Query OK, 6582 rows affected, 19033 warnings (0.79 sec)
Records: 6582  Deleted: 0  Skipped: 0  Warnings: 19033

Query OK, 0 rows affected (0.00 sec)

Query OK, 360 rows affected, 1274 warnings (0.04 sec)
Records: 360  Deleted: 0  Skipped: 0  Warnings: 1274

Query OK, 0 rows affected (0.00 sec)

Query OK, 148 rows affected, 517 warnings (0.02 sec)
Records: 148  Deleted: 0  Skipped: 0  Warnings: 517

+------------+
| dailyusage |
+------------+
|   15970098 |
+------------+
1 row in set (6.11 sec)

+------------+------------+------------+---------+
| datestart  | dateend    | insertedon | records |
+------------+------------+------------+---------+
| 2020-12-25 | 2020-12-25 | 2020-12-28 |   11576 |
| 2020-12-24 | 2020-12-24 | 2020-12-28 |   11584 |
| 2020-12-23 | 2020-12-23 | 2020-12-24 |   11543 |
| 2020-12-22 | 2020-12-22 | 2020-12-23 |   11543 |
| 2020-12-21 | 2020-12-21 | 2020-12-22 |   11617 |
+------------+------------+------------+---------+
5 rows in set (15.40 sec)

+----------+------------+------------+------------+---------+
| category | datestart  | dateend    | insertedon | records |
+----------+------------+------------+------------+---------+
| UNCAPPED | 2020-12-25 | 2020-12-25 | 2020-12-28 |    6582 |
| PREPAID  | 2020-12-25 | 2020-12-25 | 2020-12-28 |     360 |
| HOTSPOT  | 2020-12-25 | 2020-12-25 | 2020-12-28 |     148 |
| CAPPED   | 2020-12-25 | 2020-12-25 | 2020-12-28 |    4486 |
| UNCAPPED | 2020-12-24 | 2020-12-24 | 2020-12-28 |    6656 |
| PREPAID  | 2020-12-24 | 2020-12-24 | 2020-12-28 |     275 |
| HOTSPOT  | 2020-12-24 | 2020-12-24 | 2020-12-28 |     143 |
| CAPPED   | 2020-12-24 | 2020-12-24 | 2020-12-28 |    4510 |
| UNCAPPED | 2020-12-23 | 2020-12-23 | 2020-12-24 |    6639 |
| PREPAID  | 2020-12-23 | 2020-12-23 | 2020-12-24 |     275 |
| HOTSPOT  | 2020-12-23 | 2020-12-23 | 2020-12-24 |     156 |
| CAPPED   | 2020-12-23 | 2020-12-23 | 2020-12-24 |    4473 |
| UNCAPPED | 2020-12-22 | 2020-12-22 | 2020-12-23 |    6556 |
| PREPAID  | 2020-12-22 | 2020-12-22 | 2020-12-23 |     281 |
| HOTSPOT  | 2020-12-22 | 2020-12-22 | 2020-12-23 |     159 |
| CAPPED   | 2020-12-22 | 2020-12-22 | 2020-12-23 |    4547 |
| UNCAPPED | 2020-12-21 | 2020-12-21 | 2020-12-22 |    6621 |
| PREPAID  | 2020-12-21 | 2020-12-21 | 2020-12-22 |     275 |
| HOTSPOT  | 2020-12-21 | 2020-12-21 | 2020-12-22 |     190 |
| CAPPED   | 2020-12-21 | 2020-12-21 | 2020-12-22 |    4531 |
+----------+------------+------------+------------+---------+
20 rows in set (23.14 sec)

mysql> mysql \. C:\workspace\cloud\code\sql\_DailyScript\currenttime.sql
+---------------------+
| currenttime         |
+---------------------+
| 2020-12-28 09:41:59 |
+---------------------+
1 row in set (0.00 sec)

mysql> 
mysql> mysql \. C:\workspace\cloud\code\sql\_DailyScript\DAILY-SCRIPT-SALES-TELEMETRY.sql
Database changed
Query OK, 6 rows affected, 2 warnings (0.01 sec)
Records: 6  Deleted: 0  Skipped: 0  Warnings: 2

+------------+
| dailysales |
+------------+
|     218696 |
+------------+
1 row in set (0.16 sec)

Query OK, 0 rows affected (0.01 sec)

Query OK, 218696 rows affected (13.87 sec)
Records: 218696  Duplicates: 0  Warnings: 0

+--------+
| sales  |
+--------+
| 218696 |
+--------+
1 row in set (0.22 sec)

Query OK, 0 rows affected (0.01 sec)

Query OK, 3563 rows affected (0.35 sec)
Records: 3563  Duplicates: 0  Warnings: 0

+----------------+
| rep_dailysales |
+----------------+
|           3563 |
+----------------+
1 row in set (0.00 sec)

Query OK, 0 rows affected (0.01 sec)

Query OK, 3563 rows affected (0.55 sec)
Records: 3563  Duplicates: 0  Warnings: 0

+-------------------+
| rep_dailysalesreg |
+-------------------+
|              3563 |
+-------------------+
1 row in set (0.00 sec)

Query OK, 0 rows affected (0.01 sec)

Query OK, 2854 rows affected (0.69 sec)
Records: 2854  Duplicates: 0  Warnings: 0

+-----------+
| saleslist |
+-----------+
|      2854 |
+-----------+
1 row in set (0.00 sec)

Database changed
ERROR 2 (HY000): File 'C:\ProgramData\MySQL\MySQL Server 5.7\Uploads\_csv\PrepaidCardSales-25122020-P1.csv' not found (Errcode: 2 - No such file or directory)
+------------------+
| dailysinglesales |
+------------------+
|             6433 |
+------------------+
1 row in set (0.01 sec)

Database changed
Query OK, 12 rows affected (0.01 sec)
Records: 12  Deleted: 0  Skipped: 0  Warnings: 0

+-----------------+
| dailyaddonsales |
+-----------------+
|           21472 |
+-----------------+
1 row in set (0.04 sec)

Query OK, 247 rows affected (0.05 sec)
Records: 247  Deleted: 0  Skipped: 0  Warnings: 0

+----------------+
| onlinepayments |
+----------------+
|         145510 |
+----------------+
1 row in set (0.07 sec)

+-------------+----------------+---------------------+
| paymentdate | onlinepayments | onlinepaymentamount |
+-------------+----------------+---------------------+
| 2020-12-25  |            247 |        156725.49000 |
| 2020-12-24  |            326 |        218792.66000 |
| 2020-12-23  |            303 |        202959.69000 |
| 2020-12-22  |            327 |        240641.61000 |
| 2020-12-21  |            328 |        213919.23000 |
+-------------+----------------+---------------------+
5 rows in set (0.54 sec)

+-------------+--------------+----------------+---------------------+
| paymentyear | paymentmonth | onlinepayments | onlinepaymentamount |
+-------------+--------------+----------------+---------------------+
|        2020 |           12 |           5481 |       3616606.33000 |
|        2020 |           11 |           6424 |       4163507.90000 |
|        2020 |           10 |           6965 |       4508008.17000 |
|        2020 |            9 |           6132 |       3998941.54000 |
|        2020 |            8 |           6240 |       4098025.79000 |
+-------------+--------------+----------------+---------------------+
5 rows in set (0.14 sec)

mysql> mysql \. C:\workspace\cloud\code\sql\_DailyScript\currenttime.sql
+---------------------+
| currenttime         |
+---------------------+
| 2020-12-28 09:42:16 |
+---------------------+
1 row in set (0.00 sec)

mysql> 
mysql> mysql \. C:\workspace\cloud\code\sql\_DailyScript\DAILY-SCRIPT-ACTIVENUMBERS.sql
Database changed
Query OK, 1170 rows affected (0.53 sec)
Records: 1170  Deleted: 0  Skipped: 0  Warnings: 0

+------------+----------+
| period     | count(1) |
+------------+----------+
| 2020-12-25 |     1170 |
| 2020-12-24 |     1170 |
| 2020-12-23 |     1169 |
| 2020-12-22 |     1168 |
| 2020-12-21 |     1167 |
+------------+----------+
5 rows in set (0.01 sec)

Query OK, 0 rows affected (0.01 sec)

Query OK, 79 rows affected (1.45 sec)
Records: 79  Duplicates: 0  Warnings: 0

+-------------+
| packagelist |
+-------------+
|          79 |
+-------------+
1 row in set (0.00 sec)

Database changed
Query OK, 0 rows affected (0.00 sec)

Query OK, 0 rows affected (0.00 sec)

Query OK, 0 rows affected (0.00 sec)

Query OK, 0 rows affected (0.00 sec)

Query OK, 28241 rows affected, 275 warnings (14.12 sec)
Records: 28241  Deleted: 0  Skipped: 0  Warnings: 275

+------------+----------+
| period     | count(1) |
+------------+----------+
| 2020-12-25 |    28241 |
| 2020-12-24 |    28437 |
| 2020-12-23 |    28432 |
| 2020-12-22 |    28445 |
| 2020-12-21 |    28262 |
+------------+----------+
5 rows in set (0.11 sec)

Query OK, 0 rows affected (0.01 sec)

Query OK, 27668 rows affected (44.24 sec)
Records: 27668  Duplicates: 0  Warnings: 0

Query OK, 0 rows affected (0.11 sec)
Records: 0  Duplicates: 0  Warnings: 0

Query OK, 0 rows affected (0.10 sec)
Records: 0  Duplicates: 0  Warnings: 0

Query OK, 0 rows affected (0.10 sec)
Records: 0  Duplicates: 0  Warnings: 0

Query OK, 0 rows affected (0.08 sec)
Records: 0  Duplicates: 0  Warnings: 0

Query OK, 0 rows affected (0.07 sec)
Records: 0  Duplicates: 0  Warnings: 0

Query OK, 0 rows affected (0.07 sec)
Records: 0  Duplicates: 0  Warnings: 0

+-------------+
| countbefore |
+-------------+
|    41917394 |
+-------------+
1 row in set (11.36 sec)

Query OK, 27668 rows affected (2.45 sec)
Records: 27668  Duplicates: 0  Warnings: 0

+------------+
| countafter |
+------------+
|   41945062 |
+------------+
1 row in set (14.05 sec)

+------------+--------------------------+
| period     | customercontractactivity |
+------------+--------------------------+
| 2020-12-25 |                    27668 |
| 2020-12-24 |                    27864 |
| 2020-12-23 |                    27858 |
| 2020-12-22 |                    27872 |
| 2020-12-21 |                    27689 |
+------------+--------------------------+
5 rows in set (0.06 sec)

Query OK, 0 rows affected (0.01 sec)

Query OK, 288647 rows affected (7 min 33.90 sec)
Records: 288647  Duplicates: 0  Warnings: 0

Query OK, 0 rows affected (1.00 sec)
Records: 0  Duplicates: 0  Warnings: 0

Query OK, 0 rows affected (1.04 sec)
Records: 0  Duplicates: 0  Warnings: 0

Query OK, 0 rows affected (1.03 sec)
Records: 0  Duplicates: 0  Warnings: 0

Query OK, 0 rows affected (0.01 sec)

Query OK, 234 rows affected (0.41 sec)
Records: 234  Duplicates: 0  Warnings: 0

Query OK, 0 rows affected (0.01 sec)

Query OK, 2668 rows affected (0.56 sec)
Records: 2668  Duplicates: 0  Warnings: 0

Query OK, 0 rows affected (0.01 sec)

Query OK, 27646 rows affected (0.52 sec)
Records: 27646  Duplicates: 0  Warnings: 0

Query OK, 0 rows affected (0.01 sec)

Query OK, 17259 rows affected (0.34 sec)
Records: 17259  Duplicates: 0  Warnings: 0

Query OK, 0 rows affected (0.01 sec)

Query OK, 17259 rows affected (0.12 sec)
Records: 17259  Duplicates: 0  Warnings: 0

Query OK, 0 rows affected (0.01 sec)

Query OK, 17259 rows affected (1.12 sec)
Records: 17259  Duplicates: 0  Warnings: 0

Query OK, 0 rows affected (0.01 sec)

Query OK, 17259 rows affected (43.50 sec)
Records: 17259  Duplicates: 0  Warnings: 0

+-------------+
| clientstats |
+-------------+
|       17259 |
+-------------+
1 row in set (0.01 sec)

Query OK, 0 rows affected (0.01 sec)

Query OK, 13 rows affected, 1 warning (0.09 sec)
Records: 13  Duplicates: 0  Warnings: 1

+-----------------------+-------------+-------------+----------------+-----------------+
| services              | activecount | allaccounts | uniqueaccounts | uniquecontracts |
+-----------------------+-------------+-------------+----------------+-----------------+
| All                   |         361 |          61 |             61 |             194 |
| Internet & Voice      |         374 |         169 |            168 |             330 |
| Internet Only         |        4374 |        4252 |           4244 |            4295 |
| OTT Only              |           1 |           1 |              1 |               1 |
| TV & Internet         |        9610 |        4345 |           4338 |            8853 |
| TV & Internet & OTT   |        3291 |         845 |            842 |            1757 |
| TV & Internet & Voice |         557 |         164 |            164 |             504 |
| TV & OTT              |         548 |          85 |             84 |             103 |
| TV & Voice            |          80 |          36 |             36 |              73 |
| TV & Voice & OTT      |           3 |           1 |              1 |               2 |
| TV Only               |        9014 |        7170 |           7159 |            7369 |
| Voice Only            |         132 |         130 |            130 |             132 |
| GRAND TOTAL           |       28345 |       17259 |          17181 |           23613 |
+-----------------------+-------------+-------------+----------------+-----------------+
13 rows in set (0.00 sec)

+-------------+-------------+-------------+----------------+-----------------+
| network     | activecount | allaccounts | uniqueaccounts | uniquecontracts |
+-------------+-------------+-------------+----------------+-----------------+
| GPON        |       10461 |        5322 |           5319 |            8328 |
| HFC         |       17884 |       11937 |          11937 |           15285 |
| GRAND TOTAL |       28345 |       17259 |          17181 |           23613 |
+-------------+-------------+-------------+----------------+-----------------+
3 rows in set, 1 warning (0.11 sec)

+-------------+-----------------------+-------------+-------------+----------------+-----------------+
| network     | services              | activecount | allaccounts | uniqueaccounts | uniquecontracts |
+-------------+-----------------------+-------------+-------------+----------------+-----------------+
| GPON        | All                   |         225 |          40 |             40 |             125 |
| GPON        | Internet & Voice      |          76 |          32 |             32 |              66 |
| GPON        | Internet Only         |        1297 |        1194 |           1194 |            1220 |
| GPON        | TV & Internet         |        4378 |        1936 |           1936 |            3986 |
| GPON        | TV & Internet & OTT   |        1975 |         500 |            500 |            1046 |
| GPON        | TV & Internet & Voice |         256 |          72 |             72 |             225 |
| GPON        | TV & OTT              |         303 |          48 |             48 |              54 |
| GPON        | TV & Voice            |          53 |          23 |             23 |              47 |
| GPON        | TV Only               |        1885 |        1465 |           1465 |            1546 |
| GPON        | Voice Only            |          13 |          12 |             12 |              13 |
| GPON        | Services Total        |       10461 |        5322 |           5319 |            8328 |
| HFC         | All                   |         136 |          21 |             21 |              69 |
| HFC         | Internet & Voice      |         298 |         137 |            137 |             264 |
| HFC         | Internet Only         |        3077 |        3058 |           3058 |            3075 |
| HFC         | OTT Only              |           1 |           1 |              1 |               1 |
| HFC         | TV & Internet         |        5232 |        2409 |           2409 |            4867 |
| HFC         | TV & Internet & OTT   |        1316 |         345 |            345 |             711 |
| HFC         | TV & Internet & Voice |         301 |          92 |             92 |             279 |
| HFC         | TV & OTT              |         245 |          37 |             37 |              49 |
| HFC         | TV & Voice            |          27 |          13 |             13 |              26 |
| HFC         | TV & Voice & OTT      |           3 |           1 |              1 |               2 |
| HFC         | TV Only               |        7129 |        5705 |           5705 |            5823 |
| HFC         | Voice Only            |         119 |         118 |            118 |             119 |
| HFC         | Services Total        |       17884 |       11937 |          11937 |           15285 |
| GRAND TOTAL | Services Total        |       28345 |       17259 |          17181 |           23613 |
+-------------+-----------------------+-------------+-------------+----------------+-----------------+
25 rows in set, 2 warnings (0.12 sec)

Query OK, 0 rows affected (0.01 sec)

Query OK, 44 rows affected, 3 warnings (0.17 sec)
Records: 44  Duplicates: 0  Warnings: 3

+-------------+---------------+-----------------------+-------------+-------------+----------------+-----------------+
| region      | network       | services              | activecount | allaccounts | uniqueaccounts | uniquecontracts |
+-------------+---------------+-----------------------+-------------+-------------+----------------+-----------------+
| Eden Island | GPON          | TV & Internet         |           2 |           1 |              1 |               2 |
| Eden Island | GPON          | Services Total        |           2 |           1 |              1 |               2 |
| Eden Island | Network Total | Services Total        |           2 |           1 |              1 |               2 |
| Mahe        | GPON          | All                   |         200 |          36 |             36 |             113 |
| Mahe        | GPON          | Internet & Voice      |          64 |          26 |             26 |              54 |
| Mahe        | GPON          | Internet Only         |        1064 |         961 |            961 |             987 |
| Mahe        | GPON          | TV & Internet         |        3610 |        1589 |           1589 |            3270 |
| Mahe        | GPON          | TV & Internet & OTT   |        1545 |         381 |            381 |             799 |
| Mahe        | GPON          | TV & Internet & Voice |         240 |          67 |             67 |             209 |
| Mahe        | GPON          | TV & OTT              |         276 |          38 |             38 |              44 |
| Mahe        | GPON          | TV & Voice            |          50 |          22 |             22 |              45 |
| Mahe        | GPON          | TV Only               |        1518 |        1170 |           1170 |            1232 |
| Mahe        | GPON          | Voice Only            |          12 |          11 |             11 |              12 |
| Mahe        | GPON          | Services Total        |        8579 |        4301 |           4301 |            6765 |
| Mahe        | HFC           | All                   |         136 |          21 |             21 |              69 |
| Mahe        | HFC           | Internet & Voice      |         298 |         137 |            137 |             264 |
| Mahe        | HFC           | Internet Only         |        3076 |        3057 |           3057 |            3074 |
| Mahe        | HFC           | OTT Only              |           1 |           1 |              1 |               1 |
| Mahe        | HFC           | TV & Internet         |        5232 |        2409 |           2409 |            4867 |
| Mahe        | HFC           | TV & Internet & OTT   |        1316 |         345 |            345 |             711 |
| Mahe        | HFC           | TV & Internet & Voice |         301 |          92 |             92 |             279 |
| Mahe        | HFC           | TV & OTT              |         245 |          37 |             37 |              49 |
| Mahe        | HFC           | TV & Voice            |          27 |          13 |             13 |              26 |
| Mahe        | HFC           | TV & Voice & OTT      |           3 |           1 |              1 |               2 |
| Mahe        | HFC           | TV Only               |        7126 |        5703 |           5703 |            5821 |
| Mahe        | HFC           | Voice Only            |         119 |         118 |            118 |             119 |
| Mahe        | HFC           | Services Total        |       17880 |       11934 |          11934 |           15282 |
| Mahe        | Network Total | Services Total        |       26459 |       16235 |          16160 |           22047 |
| Praslin     | GPON          | All                   |          25 |           4 |              4 |              12 |
| Praslin     | GPON          | Internet & Voice      |          12 |           6 |              6 |              12 |
| Praslin     | GPON          | Internet Only         |         233 |         233 |            233 |             233 |
| Praslin     | GPON          | TV & Internet         |         766 |         346 |            346 |             714 |
| Praslin     | GPON          | TV & Internet & OTT   |         430 |         119 |            119 |             247 |
| Praslin     | GPON          | TV & Internet & Voice |          16 |           5 |              5 |              16 |
| Praslin     | GPON          | TV & OTT              |          27 |          10 |             10 |              10 |
| Praslin     | GPON          | TV & Voice            |           3 |           1 |              1 |               2 |
| Praslin     | GPON          | TV Only               |         367 |         295 |            295 |             314 |
| Praslin     | GPON          | Voice Only            |           1 |           1 |              1 |               1 |
| Praslin     | GPON          | Services Total        |        1880 |        1020 |           1020 |            1561 |
| Praslin     | HFC           | Internet Only         |           1 |           1 |              1 |               1 |
| Praslin     | HFC           | TV Only               |           3 |           2 |              2 |               2 |
| Praslin     | HFC           | Services Total        |           4 |           3 |              3 |               3 |
| Praslin     | Network Total | Services Total        |        1884 |        1023 |           1023 |            1564 |
| GRAND TOTAL | Network Total | Services Total        |       28345 |       17259 |          17181 |           23613 |
+-------------+---------------+-----------------------+-------------+-------------+----------------+-----------------+
44 rows in set (0.00 sec)

Query OK, 0 rows affected (0.01 sec)

Query OK, 27647 rows affected (0.40 sec)
Records: 27647  Duplicates: 0  Warnings: 0

Query OK, 0 rows affected (0.01 sec)

Query OK, 2211 rows affected (1.39 sec)
Records: 2211  Duplicates: 0  Warnings: 0

+--------------------------------------+
| message                              |
+--------------------------------------+
| running rcbill_my.sp_ActiveNumber2() |
+--------------------------------------+
1 row in set (0.00 sec)

Query OK, 365 rows affected (1 min 46.48 sec)

mysql> mysql \. C:\workspace\cloud\code\sql\_DailyScript\currenttime.sql
+---------------------+
| currenttime         |
+---------------------+
| 2020-12-28 09:53:57 |
+---------------------+
1 row in set (0.00 sec)

mysql> 
mysql> mysql \. C:\workspace\cloud\code\sql\_DailyScript\GetActiveNumbers Average -Pivot.sql
Database changed
+-------------------------------------+
| @today := subdate(current_date(),1) |
+-------------------------------------+
| 2020-12-27                          |
+-------------------------------------+
1 row in set (0.00 sec)

+-------------------------------------+
| @lastdayofmonth := last_day(@today) |
+-------------------------------------+
| 2020-12-31                          |
+-------------------------------------+
1 row in set (0.00 sec)

Query OK, 0 rows affected (0.01 sec)

Query OK, 44000 rows affected, 65535 warnings (53.63 sec)
Records: 44000  Duplicates: 0  Warnings: 90911

Query OK, 0 rows affected (0.11 sec)
Records: 0  Duplicates: 0  Warnings: 0

Query OK, 0 rows affected (0.12 sec)
Records: 0  Duplicates: 0  Warnings: 0

Query OK, 0 rows affected (0.28 sec)
Records: 0  Duplicates: 0  Warnings: 0

+-----------------+
| activenumberavg |
+-----------------+
|           44000 |
+-----------------+
1 row in set (0.01 sec)

Query OK, 0 rows affected (0.01 sec)

Query OK, 1935 rows affected (0.65 sec)
Records: 1935  Duplicates: 0  Warnings: 0

+---------------------+
| rep_activenumberavg |
+---------------------+
|                1935 |
+---------------------+
1 row in set (0.00 sec)

+----------------------+
| rep_activenumberavg1 |
+----------------------+
|                  905 |
+----------------------+
1 row in set (0.00 sec)

Query OK, 0 rows affected (0.01 sec)

Query OK, 2300 rows affected (0.40 sec)
Records: 2300  Duplicates: 0  Warnings: 0

Query OK, 0 rows affected (0.00 sec)

Query OK, 11803 rows affected (0.72 sec)
Records: 11803  Duplicates: 0  Warnings: 0

Query OK, 0 rows affected (0.00 sec)

Query OK, 0 rows affected (0.01 sec)

Query OK, 0 rows affected (0.01 sec)

Query OK, 0 rows affected (0.00 sec)

Query OK, 0 rows affected (0.00 sec)
Statement prepared

Query OK, 53 rows affected (0.05 sec)
Records: 53  Duplicates: 0  Warnings: 0

Query OK, 0 rows affected (0.00 sec)

Query OK, 0 rows affected (0.00 sec)

+----------------------+
| rep_activenumberavg2 |
+----------------------+
|                 2300 |
+----------------------+
1 row in set (0.00 sec)

+------------------------+
| rep_activenumberavg_pv |
+------------------------+
|                     53 |
+------------------------+
1 row in set (0.00 sec)

Query OK, 0 rows affected (0.01 sec)

Query OK, 2299 rows affected (0.34 sec)
Records: 2299  Duplicates: 0  Warnings: 0

Query OK, 0 rows affected (0.00 sec)

Query OK, 0 rows affected (0.01 sec)

Query OK, 0 rows affected (0.01 sec)

Query OK, 0 rows affected (0.00 sec)

Query OK, 0 rows affected (0.00 sec)
Statement prepared

Query OK, 53 rows affected (0.05 sec)
Records: 53  Duplicates: 0  Warnings: 0

Query OK, 0 rows affected (0.00 sec)

Query OK, 0 rows affected (0.00 sec)

+-------------------------+
| rep_activenumberavgMahe |
+-------------------------+
|                    2299 |
+-------------------------+
1 row in set (0.00 sec)

+----------------------------+
| rep_activenumberavgMahe_pv |
+----------------------------+
|                         53 |
+----------------------------+
1 row in set (0.00 sec)

Query OK, 0 rows affected (0.01 sec)

Query OK, 1464 rows affected (0.16 sec)
Records: 1464  Duplicates: 0  Warnings: 0

Query OK, 0 rows affected (0.00 sec)

Query OK, 0 rows affected (0.00 sec)

Query OK, 0 rows affected (0.01 sec)

Query OK, 0 rows affected (0.00 sec)

Query OK, 0 rows affected (0.00 sec)
Statement prepared

Query OK, 40 rows affected (0.04 sec)
Records: 40  Duplicates: 0  Warnings: 0

Query OK, 0 rows affected (0.00 sec)

Query OK, 0 rows affected (0.00 sec)

+----------------------------+
| rep_activenumberavgPraslin |
+----------------------------+
|                       1464 |
+----------------------------+
1 row in set (0.00 sec)

+-------------------------------+
| rep_activenumberavgPraslin_pv |
+-------------------------------+
|                            40 |
+-------------------------------+
1 row in set (0.00 sec)

mysql> mysql \. C:\workspace\cloud\code\sql\_DailyScript\currenttime.sql
+---------------------+
| currenttime         |
+---------------------+
| 2020-12-28 09:54:54 |
+---------------------+
1 row in set (0.00 sec)

mysql> 
mysql> 
mysql> 
mysql> 
mysql> 
mysql> 
mysql> 
mysql> 
mysql> 
mysql> 
mysql> 
mysql> 
mysql> 
mysql> 
mysql> 
mysql> 
mysql> 
mysql> 
mysql> 
mysql> 
mysql> 
mysql> 
mysql> 
mysql> 
mysql> exit
