    -> 
    -> mysql \. C:\workspace\cloud\code\sql\_DailyScript\load_RCB_VODTITLES.sql
Database changed
Query OK, 0 rows affected (0.00 sec)

Query OK, 866 rows affected (0.04 sec)

Query OK, 868 rows affected, 868 warnings (0.12 sec)
Records: 868  Deleted: 0  Skipped: 0  Warnings: 868

Query OK, 0 rows affected (0.00 sec)

Query OK, 2 rows affected (0.37 sec)

+-----------+
| VODTITLES |
+-----------+
|      1327 |
+-----------+
1 row in set (0.00 sec)

mysql> 
mysql> mysql \. C:\workspace\cloud\code\sql\_DailyScript\DAILY-SCRIPT-LIVETV-STATS.sql
Database changed
Query OK, 0 rows affected (0.20 sec)

Query OK, 61844 rows affected (11 min 45.05 sec)
Records: 61844  Duplicates: 0  Warnings: 0

+------------+------------+----------+--------------+-------------+-----------+-------------+----------+--------+------+------------+---------+---------------+
| Table      | Non_unique | Key_name | Seq_in_index | Column_name | Collation | Cardinality | Sub_part | Packed | Null | Index_type | Comment | Index_comment |
+------------+------------+----------+--------------+-------------+-----------+-------------+----------+--------+------+------------+---------+---------------+
| templivetv |          1 | idxtv1   |            1 | device      | A         |       61703 |     NULL | NULL   | YES  | BTREE      |         |               |
+------------+------------+----------+--------------+-------------+-----------+-------------+----------+--------+------+------------+---------+---------------+
1 row in set (0.00 sec)

Query OK, 61496 rows affected (1 min 2.48 sec)
Records: 61496  Duplicates: 0  Warnings: 0

Query OK, 2729 rows affected (0.87 sec)
Records: 2729  Duplicates: 0  Warnings: 0

Query OK, 0 rows affected (0.00 sec)

Query OK, 0 rows affected (0.00 sec)

Query OK, 139 rows affected (0.03 sec)
Records: 139  Duplicates: 0  Warnings: 0

Query OK, 0 rows affected (0.15 sec)

Query OK, 34955 rows affected (52.74 sec)
Records: 34955  Duplicates: 0  Warnings: 0

+-----------------+
| rep_livetvstats |
+-----------------+
|           34955 |
+-----------------+
1 row in set (0.02 sec)

mysql> mysql \. C:\workspace\cloud\code\sql\_DailyScript\DAILY-SCRIPT-VODTS-STATS.sql
Database changed
Query OK, 0 rows affected (0.00 sec)

Query OK, 0 rows affected (0.46 sec)

Query OK, 874 rows affected (30.13 sec)
Records: 874  Duplicates: 0  Warnings: 0

+---------+------------+----------+--------------+-------------+-----------+-------------+----------+--------+------+------------+---------+---------------+
| Table   | Non_unique | Key_name | Seq_in_index | Column_name | Collation | Cardinality | Sub_part | Packed | Null | Index_type | Comment | Index_comment |
+---------+------------+----------+--------------+-------------+-----------+-------------+----------+--------+------+------------+---------+---------------+
| tempvod |          1 | idxtv1   |            1 | device      | A         |         948 |     NULL | NULL   | YES  | BTREE      |         |               |
+---------+------------+----------+--------------+-------------+-----------+-------------+----------+--------+------+------------+---------+---------------+
1 row in set (0.00 sec)

Query OK, 860 rows affected (0.74 sec)
Records: 860  Duplicates: 0  Warnings: 0

Query OK, 0 rows affected (0.02 sec)

Query OK, 77799 rows affected (8.58 sec)
Records: 77799  Duplicates: 0  Warnings: 0

+--------------+
| rep_vodstats |
+--------------+
|        77799 |
+--------------+
1 row in set (0.03 sec)

Database changed
Query OK, 0 rows affected (0.16 sec)

Query OK, 11470 rows affected (5 min 45.58 sec)
Records: 11470  Duplicates: 0  Warnings: 0

+--------+------------+----------+--------------+-------------+-----------+-------------+----------+--------+------+------------+---------+---------------+
| Table  | Non_unique | Key_name | Seq_in_index | Column_name | Collation | Cardinality | Sub_part | Packed | Null | Index_type | Comment | Index_comment |
+--------+------------+----------+--------------+-------------+-----------+-------------+----------+--------+------+------------+---------+---------------+
| tempts |          1 | idxtv1   |            1 | device      | A         |       10864 |     NULL | NULL   | YES  | BTREE      |         |               |
+--------+------------+----------+--------------+-------------+-----------+-------------+----------+--------+------+------------+---------+---------------+
1 row in set (0.00 sec)

Query OK, 11452 rows affected (27.72 sec)
Records: 11452  Duplicates: 0  Warnings: 0

Query OK, 0 rows affected (0.15 sec)

Query OK, 10750 rows affected (30.37 sec)
Records: 10750  Duplicates: 0  Warnings: 0

+-------------+
| rep_tsstats |
+-------------+
|       10750 |
+-------------+
1 row in set (0.00 sec)

mysql> mysql \. C:\workspace\cloud\code\sql\_DailyScript\DAILY-SCRIPT-RADIO-STATS.sql
Database changed
Query OK, 0 rows affected (0.02 sec)

Query OK, 77561 rows affected (1.75 sec)
Records: 77561  Duplicates: 0  Warnings: 0

+-----------+------------+----------+--------------+-------------+-----------+-------------+----------+--------+------+------------+---------+---------------+
| Table     | Non_unique | Key_name | Seq_in_index | Column_name | Collation | Cardinality | Sub_part | Packed | Null | Index_type | Comment | Index_comment |
+-----------+------------+----------+--------------+-------------+-----------+-------------+----------+--------+------+------------+---------+---------------+
| tempradio |          1 | idxrad1  |            1 | device      | A         |       78077 |     NULL | NULL   | YES  | BTREE      |         |               |
+-----------+------------+----------+--------------+-------------+-----------+-------------+----------+--------+------+------------+---------+---------------+
1 row in set (0.00 sec)

Query OK, 399 rows affected (2.62 sec)
Records: 399  Duplicates: 0  Warnings: 0

Query OK, 0 rows affected (0.08 sec)

Query OK, 1364 rows affected (0.15 sec)
Records: 1364  Duplicates: 0  Warnings: 0

+----------------+
| rep_radiostats |
+----------------+
|           1364 |
+----------------+
1 row in set (0.00 sec)

mysql> mysql \. C:\workspace\cloud\code\sql\_DailyScript\DAILY_SCRIPT_TELEMETRY_PIVOT.sql
Query OK, 0 rows affected (0.00 sec)

Query OK, 169 rows affected (0.37 sec)
Records: 169  Duplicates: 0  Warnings: 0

Query OK, 0 rows affected (0.01 sec)

Query OK, 838 rows affected (0.55 sec)
Records: 838  Duplicates: 0  Warnings: 0

Query OK, 0 rows affected (0.12 sec)

Query OK, 12 rows affected (0.08 sec)
Records: 12  Duplicates: 0  Warnings: 0

Query OK, 0 rows affected (0.00 sec)

Query OK, 47 rows affected (0.22 sec)
Records: 47  Duplicates: 0  Warnings: 0

mysql> 
mysql> mysql \. C:\workspace\cloud\code\sql\_DailyScript\telemetry_livetv_ranking2018.sql
Query OK, 0 rows affected (0.02 sec)

Query OK, 169 rows affected (0.03 sec)
Records: 169  Duplicates: 0  Warnings: 0

mysql> mysql \. C:\workspace\cloud\code\sql\_DailyScript\telemetry_radio_ranking2018.sql
Query OK, 0 rows affected (0.00 sec)

Query OK, 12 rows affected (0.08 sec)
Records: 12  Duplicates: 0  Warnings: 0

mysql> mysql \. C:\workspace\cloud\code\sql\_DailyScript\telemetry_ts_ranking2018.sql
Query OK, 0 rows affected (0.02 sec)

Query OK, 47 rows affected (0.00 sec)
Records: 47  Duplicates: 0  Warnings: 0

mysql> mysql \. C:\workspace\cloud\code\sql\_DailyScript\telemetry_vod_ranking2018.sql
Query OK, 0 rows affected (0.02 sec)

Query OK, 838 rows affected (0.04 sec)
Records: 838  Duplicates: 0  Warnings: 0

mysql> mysql \. C:\workspace\cloud\code\sql\_DailyScript\telemetry_vod_ranking2018_1.sql
Query OK, 0 rows affected (0.01 sec)

Query OK, 838 rows affected (0.03 sec)
Records: 838  Duplicates: 0  Warnings: 0

mysql> mysql \. C:\workspace\cloud\code\sql\_DailyScript\telemetry_vod_ranking2018_2.sql
Query OK, 0 rows affected (0.02 sec)

Query OK, 838 rows affected (0.10 sec)
Records: 838  Duplicates: 0  Warnings: 0

mysql> 
mysql> mysql \. C:\workspace\cloud\code\sql\_DailyScript\DAILY-SCRIPT-CREATE-LOAD.sql
Database changed
Query OK, 0 rows affected (0.02 sec)

Query OK, 0 rows affected (0.00 sec)

Query OK, 0 rows affected (0.00 sec)

Database changed
Query OK, 0 rows affected (0.30 sec)

Query OK, 0 rows affected (0.05 sec)

Database changed
Query OK, 63937 rows affected (4.09 sec)
Records: 63937  Deleted: 0  Skipped: 0  Warnings: 0

Query OK, 0 rows affected (0.45 sec)
Records: 0  Duplicates: 0  Warnings: 0

Query OK, 0 rows affected (0.60 sec)
Records: 0  Duplicates: 0  Warnings: 0

Query OK, 0 rows affected (0.32 sec)
Records: 0  Duplicates: 0  Warnings: 0

Query OK, 0 rows affected (0.42 sec)
Records: 0  Duplicates: 0  Warnings: 0

Query OK, 0 rows affected (0.19 sec)

Query OK, 81616 rows affected (4.36 sec)
Records: 81616  Duplicates: 0  Warnings: 0

Query OK, 0 rows affected (0.35 sec)
Records: 0  Duplicates: 0  Warnings: 0

Query OK, 0 rows affected (0.05 sec)

Query OK, 63937 rows affected (3.23 sec)
Records: 63937  Duplicates: 0  Warnings: 0

Query OK, 0 rows affected (0.24 sec)
Records: 0  Duplicates: 0  Warnings: 0

Query OK, 0 rows affected (0.88 sec)
Records: 0  Duplicates: 0  Warnings: 0

Query OK, 0 rows affected (0.34 sec)
Records: 0  Duplicates: 0  Warnings: 0

+---------+
| clients |
+---------+
|   63937 |
+---------+
1 row in set (0.02 sec)

+---------------+
| clientaddress |
+---------------+
|         63937 |
+---------------+
1 row in set (0.02 sec)

Database changed
Query OK, 0 rows affected (0.40 sec)

Query OK, 0 rows affected (0.01 sec)

Database changed
Query OK, 445372 rows affected, 65535 warnings (27.29 sec)
Records: 445372  Deleted: 0  Skipped: 0  Warnings: 167104

Query OK, 0 rows affected (2.93 sec)
Records: 0  Duplicates: 0  Warnings: 0

Query OK, 0 rows affected (2.61 sec)
Records: 0  Duplicates: 0  Warnings: 0

Query OK, 0 rows affected (1.54 sec)
Records: 0  Duplicates: 0  Warnings: 0

Query OK, 0 rows affected (0.17 sec)

Query OK, 445372 rows affected (1 min 21.88 sec)
Records: 445372  Duplicates: 0  Warnings: 0

Query OK, 0 rows affected (2.19 sec)
Records: 0  Duplicates: 0  Warnings: 0

Query OK, 0 rows affected (2.20 sec)
Records: 0  Duplicates: 0  Warnings: 0

+-----------+
| contracts |
+-----------+
|    445372 |
+-----------+
1 row in set (1.06 sec)

+-----------------+
| contractaddress |
+-----------------+
|          445372 |
+-----------------+
1 row in set (0.19 sec)

Database changed
Query OK, 0 rows affected (0.02 sec)

Query OK, 0 rows affected (0.02 sec)

Query OK, 6194 rows affected (0.12 sec)
Records: 6194  Deleted: 0  Skipped: 0  Warnings: 0

Query OK, 0 rows affected (0.03 sec)

Query OK, 6164 rows affected (1.49 sec)
Records: 6164  Duplicates: 0  Warnings: 0

Query OK, 0 rows affected (0.08 sec)
Records: 0  Duplicates: 0  Warnings: 0

Query OK, 0 rows affected (0.05 sec)

Query OK, 5079 rows affected (0.05 sec)
Records: 5079  Duplicates: 0  Warnings: 0

Query OK, 0 rows affected (0.03 sec)
Records: 0  Duplicates: 0  Warnings: 0

+-------------------+
| contractdiscounts |
+-------------------+
|              6194 |
+-------------------+
1 row in set (0.00 sec)

+-------------------------+
| clientcontractdiscounts |
+-------------------------+
|                    6164 |
+-------------------------+
1 row in set (0.00 sec)

+----------------------------+
| clientcontractlastdiscount |
+----------------------------+
|                       5079 |
+----------------------------+
1 row in set (0.00 sec)

Database changed
Query OK, 0 rows affected (0.07 sec)

Query OK, 0 rows affected (0.02 sec)

Database changed
Query OK, 122305 rows affected (4.25 sec)
Records: 122305  Deleted: 0  Skipped: 0  Warnings: 0

Query OK, 0 rows affected (1.40 sec)
Records: 0  Duplicates: 0  Warnings: 0

Query OK, 0 rows affected (0.32 sec)
Records: 0  Duplicates: 0  Warnings: 0

Query OK, 0 rows affected (0.33 sec)
Records: 0  Duplicates: 0  Warnings: 0

Query OK, 0 rows affected (0.87 sec)
Records: 0  Duplicates: 0  Warnings: 0

Query OK, 0 rows affected (0.45 sec)
Records: 0  Duplicates: 0  Warnings: 0

Query OK, 0 rows affected (0.60 sec)
Records: 0  Duplicates: 0  Warnings: 0

Query OK, 0 rows affected (0.35 sec)

Query OK, 1515487 rows affected (3 min 41.31 sec)
Records: 1515487  Duplicates: 0  Warnings: 0

+---------+
| devices |
+---------+
|  122305 |
+---------+
1 row in set (0.14 sec)

+-----------------------+
| clientcontractdevices |
+-----------------------+
|               1515487 |
+-----------------------+
1 row in set (0.59 sec)

Query OK, 0 rows affected (0.02 sec)

Query OK, 122146 rows affected (8.59 sec)
Records: 122146  Duplicates: 0  Warnings: 0

+---------------------------+
| rep_clientcontractdevices |
+---------------------------+
|                    122146 |
+---------------------------+
1 row in set (0.05 sec)

Database changed
Query OK, 0 rows affected (0.03 sec)

Query OK, 0 rows affected (0.01 sec)

Query OK, 218057 rows affected (10.23 sec)
Records: 218057  Deleted: 0  Skipped: 0  Warnings: 0

Query OK, 0 rows affected (0.75 sec)
Records: 0  Duplicates: 0  Warnings: 0

Query OK, 0 rows affected (1.23 sec)
Records: 0  Duplicates: 0  Warnings: 0

Query OK, 0 rows affected (0.55 sec)
Records: 0  Duplicates: 0  Warnings: 0

Query OK, 0 rows affected (0.85 sec)
Records: 0  Duplicates: 0  Warnings: 0

+---------+
| tickets |
+---------+
|  218057 |
+---------+
1 row in set (0.08 sec)

Database changed
Query OK, 0 rows affected (0.04 sec)

Query OK, 0 rows affected (0.00 sec)

Query OK, 0 rows affected (0.02 sec)
Records: 0  Duplicates: 0  Warnings: 0

Query OK, 439849 rows affected, 38309 warnings (14.07 sec)
Records: 439849  Deleted: 0  Skipped: 0  Warnings: 38309

+-------------------+
| ticketassignments |
+-------------------+
|            439849 |
+-------------------+
1 row in set (0.15 sec)

Database changed
Query OK, 0 rows affected (0.02 sec)

Query OK, 0 rows affected (0.02 sec)

Query OK, 927134 rows affected (21.72 sec)
Records: 927134  Deleted: 0  Skipped: 0  Warnings: 0

Query OK, 0 rows affected (4.32 sec)
Records: 0  Duplicates: 0  Warnings: 0

Query OK, 0 rows affected (3.04 sec)
Records: 0  Duplicates: 0  Warnings: 0

Query OK, 0 rows affected (2.88 sec)
Records: 0  Duplicates: 0  Warnings: 0

Query OK, 0 rows affected (3.21 sec)
Records: 0  Duplicates: 0  Warnings: 0

+----------------+
| ticketcomments |
+----------------+
|         927134 |
+----------------+
1 row in set (0.43 sec)

Database changed
Query OK, 0 rows affected (0.08 sec)

Query OK, 0 rows affected (0.02 sec)

Query OK, 376257 rows affected (40.24 sec)
Records: 376257  Deleted: 0  Skipped: 0  Warnings: 0

Query OK, 0 rows affected (2.45 sec)
Records: 0  Duplicates: 0  Warnings: 0

+----------+
| comments |
+----------+
|   376257 |
+----------+
1 row in set (0.14 sec)

Database changed
Query OK, 0 rows affected (0.38 sec)

Query OK, 0 rows affected (0.01 sec)

Query OK, 411966 rows affected, 65535 warnings (57.61 sec)
Records: 411966  Deleted: 0  Skipped: 0  Warnings: 411967

Query OK, 0 rows affected (1.80 sec)
Records: 0  Duplicates: 0  Warnings: 0

Query OK, 0 rows affected (1.53 sec)
Records: 0  Duplicates: 0  Warnings: 0

Query OK, 0 rows affected (1.42 sec)
Records: 0  Duplicates: 0  Warnings: 0

Query OK, 0 rows affected (1.26 sec)
Records: 0  Duplicates: 0  Warnings: 0

Query OK, 0 rows affected (2.29 sec)
Records: 0  Duplicates: 0  Warnings: 0

+------------+
| devicesold |
+------------+
|     411966 |
+------------+
1 row in set (0.13 sec)

Database changed
Query OK, 0 rows affected (0.02 sec)

Query OK, 0 rows affected (0.04 sec)

Query OK, 1509272 rows affected (39.93 sec)
Records: 1509272  Deleted: 0  Skipped: 0  Warnings: 0

Query OK, 0 rows affected (6.44 sec)
Records: 0  Duplicates: 0  Warnings: 0

Query OK, 0 rows affected (7.26 sec)
Records: 0  Duplicates: 0  Warnings: 0

Query OK, 0 rows affected (6.92 sec)
Records: 0  Duplicates: 0  Warnings: 0

+------------------+
| contractservices |
+------------------+
|          1509272 |
+------------------+
1 row in set (0.53 sec)

Database changed
Query OK, 0 rows affected (0.22 sec)

Query OK, 0 rows affected (0.00 sec)

Query OK, 3253715 rows affected (3 min 5.61 sec)
Records: 3253715  Deleted: 0  Skipped: 0  Warnings: 0

Query OK, 0 rows affected (17.55 sec)
Records: 0  Duplicates: 0  Warnings: 0

Query OK, 0 rows affected (14.94 sec)
Records: 0  Duplicates: 0  Warnings: 0

Query OK, 0 rows affected (19.57 sec)
Records: 0  Duplicates: 0  Warnings: 0

Query OK, 0 rows affected (15.09 sec)
Records: 0  Duplicates: 0  Warnings: 0

+------------------+
| invoicescontents |
+------------------+
|          3253715 |
+------------------+
1 row in set (1.22 sec)

Database changed
Query OK, 0 rows affected (0.69 sec)

Query OK, 0 rows affected (0.05 sec)

Query OK, 2211360 rows affected (4 min 9.53 sec)
Records: 2211360  Deleted: 0  Skipped: 0  Warnings: 0

Query OK, 0 rows affected (32.21 sec)
Records: 0  Duplicates: 0  Warnings: 0

Query OK, 0 rows affected (12.41 sec)
Records: 0  Duplicates: 0  Warnings: 0

Query OK, 0 rows affected (12.12 sec)
Records: 0  Duplicates: 0  Warnings: 0

Query OK, 0 rows affected (11.83 sec)
Records: 0  Duplicates: 0  Warnings: 0

Query OK, 0 rows affected (11.89 sec)
Records: 0  Duplicates: 0  Warnings: 0

+----------------+
| invoicesheader |
+----------------+
|        2211360 |
+----------------+
1 row in set (0.73 sec)

Database changed
Query OK, 0 rows affected (0.13 sec)

Query OK, 0 rows affected (0.01 sec)

Query OK, 2384328 rows affected (1 min 46.11 sec)
Records: 2384328  Deleted: 0  Skipped: 0  Warnings: 0

Query OK, 0 rows affected (9.12 sec)
Records: 0  Duplicates: 0  Warnings: 0

Query OK, 0 rows affected (8.87 sec)
Records: 0  Duplicates: 0  Warnings: 0

Query OK, 0 rows affected (11.39 sec)
Records: 0  Duplicates: 0  Warnings: 0

Query OK, 0 rows affected (10.71 sec)
Records: 0  Duplicates: 0  Warnings: 0

+---------+
| casa    |
+---------+
| 2384328 |
+---------+
1 row in set (0.82 sec)

Database changed
Query OK, 0 rows affected (0.11 sec)

Query OK, 0 rows affected (0.00 sec)

Database changed
Query OK, 36624 rows affected (1.10 sec)
Records: 36624  Deleted: 0  Skipped: 0  Warnings: 0

+-------+
| users |
+-------+
| 36624 |
+-------+
1 row in set (0.02 sec)

Database changed
Query OK, 0 rows affected (0.02 sec)

Query OK, 0 rows affected (0.04 sec)

Database changed
Query OK, 4064085 rows affected (1 min 29.79 sec)
Records: 4064085  Deleted: 0  Skipped: 0  Warnings: 0

+---------+
| ipusage |
+---------+
| 4064085 |
+---------+
1 row in set (2.14 sec)

mysql> mysql \. C:\workspace\cloud\code\sql\_DailyScript\ticket_analysis.sql
Database changed
Query OK, 0 rows affected (0.05 sec)

Query OK, 288125 rows affected (25.91 sec)
Records: 288125  Duplicates: 0  Warnings: 0

Query OK, 0 rows affected (2.21 sec)
Records: 0  Duplicates: 0  Warnings: 0

Query OK, 0 rows affected (1.25 sec)
Records: 0  Duplicates: 0  Warnings: 0

Query OK, 0 rows affected (0.96 sec)
Records: 0  Duplicates: 0  Warnings: 0

Query OK, 0 rows affected (0.03 sec)

Query OK, 11215 rows affected (6.78 sec)
Records: 11215  Duplicates: 0  Warnings: 0

Query OK, 0 rows affected, 1 warning (0.00 sec)

Query OK, 39277 rows affected (4.54 sec)
Records: 39277  Duplicates: 0  Warnings: 0

Query OK, 0 rows affected, 1 warning (0.00 sec)

Query OK, 202259 rows affected (9.10 sec)
Records: 202259  Duplicates: 0  Warnings: 0

Query OK, 0 rows affected, 1 warning (0.01 sec)

Query OK, 202259 rows affected (9.40 sec)
Records: 202259  Duplicates: 0  Warnings: 0

Query OK, 0 rows affected (0.99 sec)

Query OK, 39313 rows affected (3.37 sec)
Records: 39313  Duplicates: 0  Warnings: 0

Query OK, 0 rows affected (0.00 sec)

Query OK, 67 rows affected (0.33 sec)
Records: 67  Duplicates: 0  Warnings: 0

mysql> mysql \. C:\workspace\cloud\code\sql\_DailyScript\load_DailyCalls.sql
Database changed
Query OK, 0 rows affected (0.00 sec)

Query OK, 0 rows affected (0.00 sec)

Query OK, 526 rows affected (0.52 sec)
Records: 526  Deleted: 0  Skipped: 0  Warnings: 0

Query OK, 0 rows affected, 1 warning (0.00 sec)

Query OK, 507 rows affected (0.37 sec)
Records: 507  Duplicates: 0  Warnings: 0

Query OK, 0 rows affected, 1 warning (0.00 sec)

Query OK, 64742 rows affected (0.97 sec)
Records: 64742  Duplicates: 0  Warnings: 0

Query OK, 678 rows affected (12.02 sec)
Records: 678  Duplicates: 0  Warnings: 0

Query OK, 0 rows affected (0.00 sec)

Query OK, 330 rows affected (12.67 sec)
Records: 330  Duplicates: 0  Warnings: 0

Query OK, 0 rows affected (0.01 sec)

Query OK, 10770 rows affected (1.47 sec)
Records: 10770  Duplicates: 0  Warnings: 0

+-----------+
| callstats |
+-----------+
|     10770 |
+-----------+
1 row in set (0.01 sec)

mysql> 
mysql> mysql \. C:\workspace\cloud\code\sql\_DailyScript\DAILY-SCRIPT-USAGE.sql
Database changed
Query OK, 0 rows affected (0.00 sec)

Query OK, 0 rows affected (0.00 sec)

Query OK, 0 rows affected (0.00 sec)

Query OK, 2937 rows affected, 8505 warnings (5.96 sec)
Records: 2937  Deleted: 0  Skipped: 0  Warnings: 8505

Query OK, 0 rows affected (0.00 sec)

Query OK, 5626 rows affected, 16237 warnings (1.42 sec)
Records: 5626  Deleted: 0  Skipped: 0  Warnings: 16237

Query OK, 0 rows affected (0.00 sec)

Query OK, 90 rows affected, 323 warnings (0.01 sec)
Records: 90  Deleted: 0  Skipped: 0  Warnings: 323

Query OK, 0 rows affected (0.02 sec)

Query OK, 537 rows affected, 1832 warnings (0.30 sec)
Records: 537  Deleted: 0  Skipped: 0  Warnings: 1832

+------------+
| dailyusage |
+------------+
|    2485753 |
+------------+
1 row in set (4.39 sec)

+------------+------------+------------+---------+
| datestart  | dateend    | insertedon | records |
+------------+------------+------------+---------+
| 2018-08-30 | 2018-08-30 | 2018-08-31 |    9190 |
| 2018-08-29 | 2018-08-29 | 2018-08-30 |    9276 |
| 2018-08-28 | 2018-08-28 | 2018-08-29 |    9233 |
| 2018-08-27 | 2018-08-27 | 2018-08-28 |    9152 |
| 2018-08-26 | 2018-08-26 | 2018-08-27 |    8572 |
+------------+------------+------------+---------+
5 rows in set (1 min 13.37 sec)

mysql> mysql \. C:\workspace\cloud\code\sql\_DailyScript\DAILY-SCRIPT-SALES-TELEMETRY.sql
Database changed
Query OK, 192 rows affected, 92 warnings (0.12 sec)
Records: 192  Deleted: 0  Skipped: 0  Warnings: 92

+------------+
| dailysales |
+------------+
|     118560 |
+------------+
1 row in set (1.02 sec)

Query OK, 0 rows affected (0.01 sec)

Query OK, 118560 rows affected (13.41 sec)
Records: 118560  Duplicates: 0  Warnings: 0

+--------+
| sales  |
+--------+
| 118560 |
+--------+
1 row in set (0.07 sec)

Query OK, 0 rows affected (0.05 sec)

Query OK, 2067 rows affected (0.53 sec)
Records: 2067  Duplicates: 0  Warnings: 0

+-----------+
| saleslist |
+-----------+
|      2067 |
+-----------+
1 row in set (0.00 sec)

Database changed
Query OK, 9 rows affected (0.16 sec)
Records: 9  Deleted: 0  Skipped: 0  Warnings: 0

+------------------+
| dailysinglesales |
+------------------+
|             4613 |
+------------------+
1 row in set (0.02 sec)

Database changed
ERROR 2 (HY000): File 'C:\ProgramData\MySQL\MySQL Server 5.7\Uploads\DailySales\Sales-Addon-30082018.csv' not found (Errcode: 2 - No such file or directory)
+-----------------+
| dailyaddonsales |
+-----------------+
|           12198 |
+-----------------+
1 row in set (0.22 sec)

Query OK, 93 rows affected (0.20 sec)
Records: 93  Deleted: 0  Skipped: 0  Warnings: 0

+----------------+
| onlinepayments |
+----------------+
|          29797 |
+----------------+
1 row in set (0.07 sec)

+-------------+----------------+---------------------+
| paymentdate | onlinepayments | onlinepaymentamount |
+-------------+----------------+---------------------+
| 2018-08-30  |             93 |         48238.25000 |
| 2018-08-29  |             92 |         51846.07000 |
| 2018-08-28  |            132 |         78843.55000 |
| 2018-08-27  |            126 |         72164.70000 |
| 2018-08-26  |            123 |         73229.78000 |
+-------------+----------------+---------------------+
5 rows in set (1.68 sec)

+-------------+--------------+----------------+---------------------+
| paymentyear | paymentmonth | onlinepayments | onlinepaymentamount |
+-------------+--------------+----------------+---------------------+
|        2018 |            8 |           2578 |       1422537.51000 |
|        2018 |            7 |           2521 |       1406138.40000 |
|        2018 |            6 |           2465 |       1394365.47000 |
|        2018 |            5 |           2330 |       1252012.49000 |
|        2018 |            4 |           2427 |       1314697.50000 |
+-------------+--------------+----------------+---------------------+
5 rows in set (0.03 sec)

mysql> 
mysql> mysql \. C:\workspace\cloud\code\sql\_DailyScript\DAILY-SCRIPT-ACTIVENUMBERS.sql
Database changed
Query OK, 0 rows affected (0.00 sec)

Query OK, 1321 rows affected (1.36 sec)
Records: 1321  Deleted: 0  Skipped: 0  Warnings: 0

Query OK, 0 rows affected (0.02 sec)

Query OK, 86 rows affected (1.90 sec)
Records: 86  Duplicates: 0  Warnings: 0

+------------+----------+
| period     | count(1) |
+------------+----------+
| 2018-08-30 |     1321 |
| 2018-08-29 |     1320 |
| 2018-08-28 |     1318 |
| 2018-08-27 |     1318 |
| 2018-08-26 |     1318 |
+------------+----------+
5 rows in set (0.00 sec)

Database changed
Query OK, 0 rows affected (0.00 sec)

Query OK, 0 rows affected (0.00 sec)

Query OK, 0 rows affected (0.00 sec)

Query OK, 0 rows affected (0.00 sec)

Query OK, 26661 rows affected, 262 warnings (1 min 44.71 sec)
Records: 26661  Deleted: 0  Skipped: 0  Warnings: 262

+------------+----------+
| period     | count(1) |
+------------+----------+
| 2018-08-30 |    26661 |
| 2018-08-29 |    26693 |
| 2018-08-28 |    26510 |
| 2018-08-27 |    26350 |
| 2018-08-26 |    26136 |
+------------+----------+
5 rows in set (0.28 sec)

Query OK, 0 rows affected (0.39 sec)

Query OK, 26002 rows affected (2 min 13.88 sec)
Records: 26002  Duplicates: 0  Warnings: 0

Query OK, 0 rows affected (0.38 sec)
Records: 0  Duplicates: 0  Warnings: 0

Query OK, 0 rows affected (0.40 sec)
Records: 0  Duplicates: 0  Warnings: 0

Query OK, 0 rows affected (0.23 sec)
Records: 0  Duplicates: 0  Warnings: 0

Query OK, 0 rows affected (0.17 sec)
Records: 0  Duplicates: 0  Warnings: 0

Query OK, 0 rows affected (0.28 sec)
Records: 0  Duplicates: 0  Warnings: 0

Query OK, 0 rows affected (0.15 sec)
Records: 0  Duplicates: 0  Warnings: 0

+----------+
| count(1) |
+----------+
| 19382917 |
+----------+
1 row in set (44.67 sec)

Query OK, 26002 rows affected (1 min 8.57 sec)
Records: 26002  Duplicates: 0  Warnings: 0

+----------+
| count(1) |
+----------+
| 19408919 |
+----------+
1 row in set (15.05 sec)

+------------+--------------------------+
| period     | customercontractactivity |
+------------+--------------------------+
| 2018-08-30 |                    26002 |
| 2018-08-29 |                    26034 |
| 2018-08-28 |                    25851 |
| 2018-08-27 |                    25690 |
| 2018-08-26 |                    25479 |
+------------+--------------------------+
5 rows in set (0.07 sec)

Query OK, 0 rows affected (0.10 sec)

Query OK, 181227 rows affected (9 min 3.97 sec)
Records: 181227  Duplicates: 0  Warnings: 0

Query OK, 0 rows affected (0.09 sec)

Query OK, 253 rows affected (0.65 sec)
Records: 253  Duplicates: 0  Warnings: 0

Query OK, 0 rows affected (0.02 sec)

Query OK, 2352 rows affected (0.60 sec)
Records: 2352  Duplicates: 0  Warnings: 0

Query OK, 0 rows affected (0.02 sec)

Query OK, 25996 rows affected (0.90 sec)
Records: 25996  Duplicates: 0  Warnings: 0

Query OK, 0 rows affected (0.23 sec)

Query OK, 17147 rows affected (0.45 sec)
Records: 17147  Duplicates: 0  Warnings: 0

Query OK, 0 rows affected (0.02 sec)

Query OK, 17147 rows affected (0.62 sec)
Records: 17147  Duplicates: 0  Warnings: 0

Query OK, 0 rows affected (0.19 sec)

Query OK, 17147 rows affected (3.07 sec)
Records: 17147  Duplicates: 0  Warnings: 0

Query OK, 0 rows affected (0.03 sec)

Query OK, 17147 rows affected (56.33 sec)
Records: 17147  Duplicates: 0  Warnings: 0

+-------------+
| clientstats |
+-------------+
|       17147 |
+-------------+
1 row in set (0.00 sec)

Query OK, 0 rows affected (0.03 sec)

Query OK, 8 rows affected, 1 warning (0.18 sec)
Records: 8  Duplicates: 0  Warnings: 1

+------------------+-------------+-------------+----------------+-----------------+
| services         | activecount | allaccounts | uniqueaccounts | uniquecontracts |
+------------------+-------------+-------------+----------------+-----------------+
| All              |         694 |         193 |            193 |             599 |
| Internet & Voice |         505 |         236 |            236 |             466 |
| Internet Only    |        4154 |        4018 |           4008 |            4094 |
| TV & Internet    |        9975 |        4202 |           4198 |            8574 |
| TV & Voice       |         122 |          48 |             48 |              98 |
| TV Only          |       11063 |        8234 |           8225 |            8440 |
| Voice Only       |         217 |         216 |            216 |             217 |
| GRAND TOTAL      |       26730 |       17147 |          17094 |           22488 |
+------------------+-------------+-------------+----------------+-----------------+
8 rows in set (0.00 sec)

+-------------+-------------+-------------+----------------+-----------------+
| network     | activecount | allaccounts | uniqueaccounts | uniquecontracts |
+-------------+-------------+-------------+----------------+-----------------+
| ADDON       |           7 |           3 |              3 |               3 |
| GPON        |        5685 |        2913 |           2913 |            4417 |
| HFC         |       21038 |       14231 |          14231 |           18068 |
| GRAND TOTAL |       26730 |       17147 |          17094 |           22488 |
+-------------+-------------+-------------+----------------+-----------------+
4 rows in set, 1 warning (0.12 sec)

+-------------+------------------+-------------+-------------+----------------+-----------------+
| network     | services         | activecount | allaccounts | uniqueaccounts | uniquecontracts |
+-------------+------------------+-------------+-------------+----------------+-----------------+
| ADDON       | TV Only          |           7 |           3 |              3 |               3 |
| ADDON       | Services Total   |           7 |           3 |              3 |               3 |
| GPON        | All              |         131 |          35 |             35 |             109 |
| GPON        | Internet & Voice |          52 |          20 |             20 |              42 |
| GPON        | Internet Only    |         697 |         618 |            618 |             638 |
| GPON        | TV & Internet    |        3183 |        1247 |           1247 |            2579 |
| GPON        | TV & Voice       |          34 |          14 |             14 |              29 |
| GPON        | TV Only          |        1579 |         970 |            970 |            1011 |
| GPON        | Voice Only       |           9 |           9 |              9 |               9 |
| GPON        | Services Total   |        5685 |        2913 |           2913 |            4417 |
| HFC         | All              |         563 |         158 |            158 |             490 |
| HFC         | Internet & Voice |         453 |         216 |            216 |             424 |
| HFC         | Internet Only    |        3457 |        3400 |           3400 |            3456 |
| HFC         | TV & Internet    |        6792 |        2955 |           2955 |            5995 |
| HFC         | TV & Voice       |          88 |          34 |             34 |              69 |
| HFC         | TV Only          |        9477 |        7261 |           7261 |            7426 |
| HFC         | Voice Only       |         208 |         207 |            207 |             208 |
| HFC         | Services Total   |       21038 |       14231 |          14231 |           18068 |
| GRAND TOTAL | Services Total   |       26730 |       17147 |          17094 |           22488 |
+-------------+------------------+-------------+-------------+----------------+-----------------+
19 rows in set, 2 warnings (0.15 sec)

Query OK, 0 rows affected (0.01 sec)

Query OK, 32 rows affected, 3 warnings (0.19 sec)
Records: 32  Duplicates: 0  Warnings: 3

+-------------+---------------+------------------+-------------+-------------+----------------+-----------------+
| region      | network       | services         | activecount | allaccounts | uniqueaccounts | uniquecontracts |
+-------------+---------------+------------------+-------------+-------------+----------------+-----------------+
| Mahe        | ADDON         | TV Only          |           6 |           2 |              2 |               2 |
| Mahe        | ADDON         | Services Total   |           6 |           2 |              2 |               2 |
| Mahe        | GPON          | All              |          93 |          25 |             25 |              75 |
| Mahe        | GPON          | Internet & Voice |          42 |          15 |             15 |              32 |
| Mahe        | GPON          | Internet Only    |         520 |         442 |            442 |             461 |
| Mahe        | GPON          | TV & Internet    |        2002 |         772 |            772 |            1590 |
| Mahe        | GPON          | TV & Voice       |          34 |          14 |             14 |              29 |
| Mahe        | GPON          | TV Only          |        1109 |         643 |            643 |             663 |
| Mahe        | GPON          | Voice Only       |           6 |           6 |              6 |               6 |
| Mahe        | GPON          | Services Total   |        3806 |        1917 |           1917 |            2856 |
| Mahe        | HFC           | All              |         563 |         158 |            158 |             490 |
| Mahe        | HFC           | Internet & Voice |         453 |         216 |            216 |             424 |
| Mahe        | HFC           | Internet Only    |        3457 |        3400 |           3400 |            3456 |
| Mahe        | HFC           | TV & Internet    |        6792 |        2955 |           2955 |            5995 |
| Mahe        | HFC           | TV & Voice       |          88 |          34 |             34 |              69 |
| Mahe        | HFC           | TV Only          |        9475 |        7260 |           7260 |            7425 |
| Mahe        | HFC           | Voice Only       |         208 |         207 |            207 |             208 |
| Mahe        | HFC           | Services Total   |       21036 |       14230 |          14230 |           18067 |
| Mahe        | Network Total | Services Total   |       24848 |       16149 |          16097 |           20925 |
| Praslin     | ADDON         | TV Only          |           1 |           1 |              1 |               1 |
| Praslin     | ADDON         | Services Total   |           1 |           1 |              1 |               1 |
| Praslin     | GPON          | All              |          38 |          10 |             10 |              34 |
| Praslin     | GPON          | Internet & Voice |          10 |           5 |              5 |              10 |
| Praslin     | GPON          | Internet Only    |         177 |         176 |            176 |             177 |
| Praslin     | GPON          | TV & Internet    |        1181 |         475 |            475 |             989 |
| Praslin     | GPON          | TV Only          |         470 |         327 |            327 |             348 |
| Praslin     | GPON          | Voice Only       |           3 |           3 |              3 |               3 |
| Praslin     | GPON          | Services Total   |        1879 |         996 |            996 |            1561 |
| Praslin     | HFC           | TV Only          |           2 |           1 |              1 |               1 |
| Praslin     | HFC           | Services Total   |           2 |           1 |              1 |               1 |
| Praslin     | Network Total | Services Total   |        1882 |         998 |            997 |            1563 |
| GRAND TOTAL | Network Total | Services Total   |       26730 |       17147 |          17094 |           22488 |
+-------------+---------------+------------------+-------------+-------------+----------------+-----------------+
32 rows in set (0.00 sec)

Query OK, 0 rows affected (0.02 sec)

Query OK, 25997 rows affected (0.99 sec)
Records: 25997  Duplicates: 0  Warnings: 0

Query OK, 0 rows affected (0.03 sec)

Query OK, 1559 rows affected (3.44 sec)
Records: 1559  Duplicates: 0  Warnings: 0

Query OK, 852 rows affected (1 min 48.33 sec)

Query OK, 0 rows affected (0.00 sec)

Query OK, 399 rows affected (17 min 49.29 sec)
Records: 399  Duplicates: 0  Warnings: 0

+---------------------------+
| retentioncustomeractivity |
+---------------------------+
|                       399 |
+---------------------------+
1 row in set (0.00 sec)

mysql> 
mysql> 
mysql> mysql \. C:\workspace\cloud\code\sql\_DailyScript\reports-sales-addons-prepaid-camera.sql
Database changed
Query OK, 0 rows affected (0.15 sec)

Query OK, 2781 rows affected (0.22 sec)
Records: 2781  Duplicates: 0  Warnings: 0

Query OK, 0 rows affected (0.01 sec)

Query OK, 12207 rows affected (14.94 sec)
Records: 12207  Duplicates: 0  Warnings: 0

+--------------------+
| rep_prepaid_camera |
+--------------------+
|               2781 |
+--------------------+
1 row in set (0.01 sec)

+-----------+
| rep_addon |
+-----------+
|     12207 |
+-----------+
1 row in set (0.02 sec)

mysql> mysql \. C:\workspace\cloud\code\sql\_DailyScript\housing-estate-analysis.sql
Database changed
Query OK, 0 rows affected (0.02 sec)

Query OK, 2615 rows affected (12.03 sec)
Records: 2615  Duplicates: 0  Warnings: 0

+--------------------+
| rep_housingestates |
+--------------------+
|               2615 |
+--------------------+
1 row in set (0.00 sec)

mysql> 
mysql> mysql \. C:\workspace\cloud\code\sql\_DailyScript\sales-to-activenumber.sql
Database changed
Query OK, 0 rows affected (0.10 sec)

Query OK, 10162 rows affected (18 min 54.28 sec)
Records: 10162  Duplicates: 0  Warnings: 0

Query OK, 0 rows affected (0.07 sec)

Query OK, 30473 rows affected (18 min 56.86 sec)
Records: 30473  Duplicates: 0  Warnings: 0

mysql> mysql \. C:\workspace\cloud\code\sql\_DailyScript\RCB_ClientAnalyticsReport_Script.sql
Database changed
Query OK, 0 rows affected (0.01 sec)

Query OK, 0 rows affected (0.19 sec)

Query OK, 1512119 rows affected (2 min 48.69 sec)
Records: 1512119  Duplicates: 0  Warnings: 0

Query OK, 0 rows affected (6.53 sec)
Records: 0  Duplicates: 0  Warnings: 0

Query OK, 0 rows affected (6.54 sec)
Records: 0  Duplicates: 0  Warnings: 0

Query OK, 0 rows affected (11.48 sec)
Records: 0  Duplicates: 0  Warnings: 0

Query OK, 0 rows affected (9.16 sec)
Records: 0  Duplicates: 0  Warnings: 0

Query OK, 0 rows affected (10.86 sec)
Records: 0  Duplicates: 0  Warnings: 0

Query OK, 0 rows affected (9.03 sec)
Records: 0  Duplicates: 0  Warnings: 0

Query OK, 0 rows affected (0.00 sec)

Query OK, 405447 rows affected (22.03 sec)
Rows matched: 1512119  Changed: 405447  Warnings: 0

Query OK, 0 rows affected (0.03 sec)

Query OK, 26964 rows affected (2.42 sec)
Records: 26964  Duplicates: 0  Warnings: 0

Query OK, 0 rows affected (0.03 sec)

Query OK, 40909 rows affected (11 min 44.25 sec)
Records: 40909  Duplicates: 0  Warnings: 0

Query OK, 0 rows affected (0.44 sec)
Records: 0  Duplicates: 0  Warnings: 0

Query OK, 0 rows affected (0.19 sec)
Records: 0  Duplicates: 0  Warnings: 0

Query OK, 0 rows affected (0.12 sec)
Records: 0  Duplicates: 0  Warnings: 0

Query OK, 0 rows affected (0.16 sec)

Query OK, 384097 rows affected (4 min 27.09 sec)
Records: 384097  Duplicates: 0  Warnings: 0

Query OK, 0 rows affected (2.01 sec)
Records: 0  Duplicates: 0  Warnings: 0

Query OK, 0 rows affected (2.17 sec)
Records: 0  Duplicates: 0  Warnings: 0

Query OK, 0 rows affected (1.53 sec)
Records: 0  Duplicates: 0  Warnings: 0

Query OK, 0 rows affected (1.99 sec)
Records: 0  Duplicates: 0  Warnings: 0

Query OK, 0 rows affected (1.47 sec)
Records: 0  Duplicates: 0  Warnings: 0

Query OK, 0 rows affected (0.00 sec)

Query OK, 40909 rows affected (1 min 22.01 sec)
Records: 40909  Duplicates: 0  Warnings: 0

+--------------+
| clientreport |
+--------------+
|        40909 |
+--------------+
1 row in set (0.01 sec)

Query OK, 0 rows affected (0.02 sec)

Query OK, 40909 rows affected (8.71 sec)
Records: 40909  Duplicates: 0  Warnings: 0

+----------------------+
| clientextendedreport |
+----------------------+
|                40909 |
+----------------------+
1 row in set (0.01 sec)

Query OK, 0 rows affected (0.02 sec)

Query OK, 40909 rows affected (46.10 sec)
Records: 40909  Duplicates: 0  Warnings: 0

+---------+
| allcust |
+---------+
|   40909 |
+---------+
1 row in set (0.01 sec)

Query OK, 0 rows affected, 1 warning (0.02 sec)

Query OK, 5000 rows affected (0.68 sec)
Records: 5000  Duplicates: 0  Warnings: 0

Query OK, 0 rows affected (0.02 sec)

Query OK, 7098 rows affected (1.43 sec)
Records: 7098  Duplicates: 0  Warnings: 0

Query OK, 0 rows affected, 1 warning (0.00 sec)

Query OK, 5000 rows affected (0.23 sec)
Records: 5000  Duplicates: 0  Warnings: 0

Query OK, 0 rows affected (0.03 sec)

Query OK, 7424 rows affected (0.39 sec)
Records: 7424  Duplicates: 0  Warnings: 0

mysql> 
mysql> 
mysql> exit
