    -> 
    -> mysql \. C:\workspace\cloud\code\sql\_DailyScript\_setdates.sql
Database changed
Query OK, 0 rows affected (0.00 sec)

Query OK, 0 rows affected (0.00 sec)

Query OK, 0 rows affected (0.00 sec)

Query OK, 0 rows affected (0.00 sec)

Query OK, 0 rows affected (0.00 sec)

Query OK, 0 rows affected (0.00 sec)

Query OK, 0 rows affected (0.00 sec)

Query OK, 0 rows affected (0.00 sec)

Query OK, 0 rows affected (0.00 sec)

Query OK, 0 rows affected (0.00 sec)

Query OK, 0 rows affected (0.00 sec)

Query OK, 0 rows affected (0.00 sec)

Query OK, 0 rows affected (0.00 sec)

Query OK, 0 rows affected (0.00 sec)

Query OK, 0 rows affected (0.00 sec)

Query OK, 0 rows affected (0.00 sec)

Query OK, 0 rows affected (0.00 sec)

Query OK, 0 rows affected (0.00 sec)

Query OK, 0 rows affected (0.00 sec)

Query OK, 0 rows affected (0.00 sec)

Query OK, 0 rows affected (0.00 sec)

mysql> mysql \. C:\workspace\cloud\code\sql\_DailyScript\currenttime.sql
+---------------------+
| currenttime         |
+---------------------+
| 2021-03-22 07:35:44 |
+---------------------+
1 row in set (0.00 sec)

mysql> 
mysql> mysql \. C:\workspace\cloud\code\sql\_DailyScript\load_RCB_VODTITLES.sql
Database changed
Query OK, 0 rows affected (0.00 sec)

Query OK, 14197 rows affected (0.16 sec)

Query OK, 14199 rows affected, 14199 warnings (0.35 sec)
Records: 14199  Deleted: 0  Skipped: 0  Warnings: 14199

Query OK, 0 rows affected (0.00 sec)

Query OK, 2 rows affected (0.01 sec)

+-----------+
| VODTITLES |
+-----------+
|     14657 |
+-----------+
1 row in set (0.01 sec)

+-----------+-----------+
| titletype | typecount |
+-----------+-----------+
| E         |     11944 |
| N         |       246 |
| T         |      2007 |
| NULL      |     14197 |
+-----------+-----------+
4 rows in set (0.05 sec)

mysql> mysql \. C:\workspace\cloud\code\sql\_DailyScript\currenttime.sql
+---------------------+
| currenttime         |
+---------------------+
| 2021-03-22 07:35:45 |
+---------------------+
1 row in set (0.00 sec)

mysql> 
mysql> mysql \. C:\workspace\cloud\code\sql\_DailyScript\DAILY-SCRIPT-LIVETV-STATS.sql
Database changed
Query OK, 0 rows affected (0.01 sec)

Query OK, 98323 rows affected (1.12 sec)
Records: 98323  Duplicates: 0  Warnings: 0

+------------+------------+----------+--------------+--------------+-----------+-------------+----------+--------+------+------------+---------+---------------+
| Table      | Non_unique | Key_name | Seq_in_index | Column_name  | Collation | Cardinality | Sub_part | Packed | Null | Index_type | Comment | Index_comment |
+------------+------------+----------+--------------+--------------+-----------+-------------+----------+--------+------+------------+---------+---------------+
| templivetv |          1 | idxtv1   |            1 | device       | A         |       98613 |     NULL | NULL   | YES  | BTREE      |         |               |
| templivetv |          1 | idxtv2   |            1 | sessionstart | A         |       98613 |     NULL | NULL   | YES  | BTREE      |         |               |
+------------+------------+----------+--------------+--------------+-----------+-------------+----------+--------+------+------------+---------+---------------+
2 rows in set (0.00 sec)

Query OK, 98604 rows affected (12.07 sec)
Records: 98604  Duplicates: 0  Warnings: 0

Query OK, 2622 rows affected (0.80 sec)
Records: 2622  Duplicates: 0  Warnings: 0

Query OK, 0 rows affected (0.00 sec)

Query OK, 0 rows affected (0.00 sec)

Query OK, 129 rows affected (0.04 sec)
Records: 129  Duplicates: 0  Warnings: 0

Query OK, 0 rows affected (0.01 sec)

Query OK, 59008 rows affected (4 min 39.21 sec)
Records: 59008  Duplicates: 0  Warnings: 0

+-----------------+
| rep_livetvstats |
+-----------------+
|           59008 |
+-----------------+
1 row in set (0.02 sec)

mysql> mysql \. C:\workspace\cloud\code\sql\_DailyScript\currenttime.sql
+---------------------+
| currenttime         |
+---------------------+
| 2021-03-22 07:40:38 |
+---------------------+
1 row in set (0.00 sec)

mysql> 
mysql> mysql \. C:\workspace\cloud\code\sql\_DailyScript\DAILY-SCRIPT-VODTS-STATS.sql
Database changed
Query OK, 0 rows affected (0.01 sec)

Query OK, 6378 rows affected (17.63 sec)
Records: 6378  Duplicates: 0  Warnings: 0

+---------+------------+----------+--------------+--------------+-----------+-------------+----------+--------+------+------------+---------+---------------+
| Table   | Non_unique | Key_name | Seq_in_index | Column_name  | Collation | Cardinality | Sub_part | Packed | Null | Index_type | Comment | Index_comment |
+---------+------------+----------+--------------+--------------+-----------+-------------+----------+--------+------+------------+---------+---------------+
| tempvod |          1 | idxtvod1 |            1 | device       | A         |        6186 |     NULL | NULL   | YES  | BTREE      |         |               |
| tempvod |          1 | idxtvod2 |            1 | sessionstart | A         |        6186 |     NULL | NULL   | YES  | BTREE      |         |               |
+---------+------------+----------+--------------+--------------+-----------+-------------+----------+--------+------+------------+---------+---------------+
2 rows in set (0.00 sec)

Query OK, 6385 rows affected (3.13 sec)
Records: 6385  Duplicates: 0  Warnings: 0

Query OK, 0 rows affected (0.03 sec)

Query OK, 1081001 rows affected (1 min 30.15 sec)
Records: 1081001  Duplicates: 0  Warnings: 0

+--------------+
| rep_vodstats |
+--------------+
|      1081001 |
+--------------+
1 row in set (0.32 sec)

Database changed
Query OK, 0 rows affected (0.01 sec)

Query OK, 19322 rows affected (41.87 sec)
Records: 19322  Duplicates: 0  Warnings: 0

+--------+------------+----------+--------------+--------------+-----------+-------------+----------+--------+------+------------+---------+---------------+
| Table  | Non_unique | Key_name | Seq_in_index | Column_name  | Collation | Cardinality | Sub_part | Packed | Null | Index_type | Comment | Index_comment |
+--------+------------+----------+--------------+--------------+-----------+-------------+----------+--------+------+------------+---------+---------------+
| tempts |          1 | idxtts1  |            1 | device       | A         |       19483 |     NULL | NULL   | YES  | BTREE      |         |               |
| tempts |          1 | idxtts2  |            1 | sessionstart | A         |       19483 |     NULL | NULL   | YES  | BTREE      |         |               |
+--------+------------+----------+--------------+--------------+-----------+-------------+----------+--------+------+------------+---------+---------------+
2 rows in set (0.00 sec)

Query OK, 19334 rows affected (13.14 sec)
Records: 19334  Duplicates: 0  Warnings: 0

Query OK, 0 rows affected (0.01 sec)

Query OK, 45700 rows affected (40.08 sec)
Records: 45700  Duplicates: 0  Warnings: 0

+-------------+
| rep_tsstats |
+-------------+
|       45700 |
+-------------+
1 row in set (0.01 sec)

mysql> mysql \. C:\workspace\cloud\code\sql\_DailyScript\currenttime.sql
+---------------------+
| currenttime         |
+---------------------+
| 2021-03-22 07:44:05 |
+---------------------+
1 row in set (0.00 sec)

mysql> 
mysql> mysql \. C:\workspace\cloud\code\sql\_DailyScript\DAILY-SCRIPT-RADIO-STATS.sql
Database changed
Query OK, 0 rows affected (0.01 sec)

Query OK, 371971 rows affected (4.18 sec)
Records: 371971  Duplicates: 0  Warnings: 0

+-----------+------------+----------+--------------+--------------+-----------+-------------+----------+--------+------+------------+---------+---------------+
| Table     | Non_unique | Key_name | Seq_in_index | Column_name  | Collation | Cardinality | Sub_part | Packed | Null | Index_type | Comment | Index_comment |
+-----------+------------+----------+--------------+--------------+-----------+-------------+----------+--------+------+------------+---------+---------------+
| tempradio |          1 | idxtrad1 |            1 | device       | A         |      373011 |     NULL | NULL   | YES  | BTREE      |         |               |
| tempradio |          1 | idxtrad2 |            1 | sessionstart | A         |      373011 |     NULL | NULL   | YES  | BTREE      |         |               |
+-----------+------------+----------+--------------+--------------+-----------+-------------+----------+--------+------+------------+---------+---------------+
2 rows in set (0.00 sec)

Query OK, 462 rows affected (1.46 sec)
Records: 462  Duplicates: 0  Warnings: 0

Query OK, 0 rows affected (0.01 sec)

Query OK, 6108 rows affected (0.52 sec)
Records: 6108  Duplicates: 0  Warnings: 0

+----------------+
| rep_radiostats |
+----------------+
|           6108 |
+----------------+
1 row in set (0.00 sec)

mysql> mysql \. C:\workspace\cloud\code\sql\_DailyScript\currenttime.sql
+---------------------+
| currenttime         |
+---------------------+
| 2021-03-22 07:44:11 |
+---------------------+
1 row in set (0.00 sec)

mysql> 
mysql> mysql \. C:\workspace\cloud\code\sql\_DailyScript\DAILY_SCRIPT_TELEMETRY_PIVOT_2021.sql
Query OK, 0 rows affected (0.01 sec)

Query OK, 140 rows affected (0.11 sec)
Records: 140  Duplicates: 0  Warnings: 0

Query OK, 0 rows affected (0.01 sec)

Query OK, 11240 rows affected (1.50 sec)
Records: 11240  Duplicates: 0  Warnings: 0

Query OK, 0 rows affected (0.01 sec)

Query OK, 5 rows affected (0.02 sec)
Records: 5  Duplicates: 0  Warnings: 0

Query OK, 0 rows affected (0.00 sec)

Query OK, 44 rows affected (0.06 sec)
Records: 44  Duplicates: 0  Warnings: 0

mysql> mysql \. C:\workspace\cloud\code\sql\_DailyScript\currenttime.sql
+---------------------+
| currenttime         |
+---------------------+
| 2021-03-22 07:44:13 |
+---------------------+
1 row in set (0.00 sec)

mysql> 
mysql> mysql \. C:\workspace\cloud\code\sql\_DailyScript\telemetry_livetv_ranking2021.sql
Query OK, 0 rows affected (0.00 sec)

Query OK, 140 rows affected (0.02 sec)
Records: 140  Duplicates: 0  Warnings: 0

mysql> mysql \. C:\workspace\cloud\code\sql\_DailyScript\currenttime.sql
+---------------------+
| currenttime         |
+---------------------+
| 2021-03-22 07:44:13 |
+---------------------+
1 row in set (0.00 sec)

mysql> 
mysql> mysql \. C:\workspace\cloud\code\sql\_DailyScript\telemetry_radio_ranking2021.sql
Query OK, 0 rows affected (0.00 sec)

Query OK, 5 rows affected (0.02 sec)
Records: 5  Duplicates: 0  Warnings: 0

mysql> mysql \. C:\workspace\cloud\code\sql\_DailyScript\currenttime.sql
+---------------------+
| currenttime         |
+---------------------+
| 2021-03-22 07:44:13 |
+---------------------+
1 row in set (0.00 sec)

mysql> 
mysql> mysql \. C:\workspace\cloud\code\sql\_DailyScript\telemetry_ts_ranking2021.sql
Query OK, 0 rows affected (0.00 sec)

Query OK, 44 rows affected (0.01 sec)
Records: 44  Duplicates: 0  Warnings: 0

mysql> mysql \. C:\workspace\cloud\code\sql\_DailyScript\currenttime.sql
+---------------------+
| currenttime         |
+---------------------+
| 2021-03-22 07:44:13 |
+---------------------+
1 row in set (0.00 sec)

mysql> 
mysql> mysql \. C:\workspace\cloud\code\sql\_DailyScript\telemetry_vod_ranking2021.sql
Query OK, 0 rows affected (0.01 sec)

Query OK, 11240 rows affected (0.51 sec)
Records: 11240  Duplicates: 0  Warnings: 0

mysql> mysql \. C:\workspace\cloud\code\sql\_DailyScript\currenttime.sql
+---------------------+
| currenttime         |
+---------------------+
| 2021-03-22 07:44:13 |
+---------------------+
1 row in set (0.00 sec)

mysql> 
mysql> mysql \. C:\workspace\cloud\code\sql\_DailyScript\telemetry_vod_ranking2021_1.sql
Query OK, 0 rows affected (0.01 sec)

Query OK, 11240 rows affected (0.24 sec)
Records: 11240  Duplicates: 0  Warnings: 0

mysql> mysql \. C:\workspace\cloud\code\sql\_DailyScript\currenttime.sql
+---------------------+
| currenttime         |
+---------------------+
| 2021-03-22 07:44:14 |
+---------------------+
1 row in set (0.00 sec)

mysql> 
mysql> mysql \. C:\workspace\cloud\code\sql\_DailyScript\telemetry_vod_ranking2021_2.sql
Query OK, 0 rows affected (0.01 sec)

Query OK, 11240 rows affected (0.23 sec)
Records: 11240  Duplicates: 0  Warnings: 0

mysql> mysql \. C:\workspace\cloud\code\sql\_DailyScript\currenttime.sql
+---------------------+
| currenttime         |
+---------------------+
| 2021-03-22 07:44:14 |
+---------------------+
1 row in set (0.00 sec)

mysql> 
mysql> 
mysql> 
mysql> 
mysql> mysql \. C:\workspace\cloud\code\sql\_DailyScript\ticket_analysis.sql
Database changed
Query OK, 0 rows affected (0.02 sec)

Query OK, 778526 rows affected (31.66 sec)
Records: 778526  Duplicates: 0  Warnings: 0

Query OK, 0 rows affected (4.65 sec)
Records: 0  Duplicates: 0  Warnings: 0

Query OK, 0 rows affected (2.17 sec)
Records: 0  Duplicates: 0  Warnings: 0

Query OK, 0 rows affected (2.06 sec)
Records: 0  Duplicates: 0  Warnings: 0

Query OK, 0 rows affected (0.01 sec)

Query OK, 24295 rows affected (12.95 sec)
Records: 24295  Duplicates: 0  Warnings: 0

Query OK, 0 rows affected, 1 warning (0.00 sec)

Query OK, 112283 rows affected (8.00 sec)
Records: 112283  Duplicates: 0  Warnings: 0

Query OK, 0 rows affected, 1 warning (0.00 sec)

Query OK, 572645 rows affected (14.87 sec)
Records: 572645  Duplicates: 0  Warnings: 0

Query OK, 0 rows affected, 1 warning (0.00 sec)

Query OK, 572645 rows affected (16.00 sec)
Records: 572645  Duplicates: 0  Warnings: 0

Query OK, 0 rows affected (0.01 sec)

Query OK, 112390 rows affected (6.84 sec)
Records: 112390  Duplicates: 0  Warnings: 0

Database changed
Query OK, 0 rows affected (0.00 sec)

Query OK, 0 rows affected (0.06 sec)

Query OK, 778526 rows affected (29.48 sec)
Records: 778526  Duplicates: 0  Warnings: 0

Query OK, 0 rows affected (0.01 sec)

Query OK, 397366 rows affected (18.36 sec)
Records: 397366  Duplicates: 0  Warnings: 0

+--------------------------+
| clientticket_cmmtjourney |
+--------------------------+
|                   778526 |
+--------------------------+
1 row in set (2.21 sec)

+---------------------------+
| clientticket_assgnjourney |
+---------------------------+
|                    397366 |
+---------------------------+
1 row in set (0.42 sec)

Query OK, 0 rows affected (0.01 sec)

Query OK, 77 rows affected (0.09 sec)
Records: 77  Duplicates: 0  Warnings: 0

mysql> mysql \. C:\workspace\cloud\code\sql\_DailyScript\currenttime.sql
+---------------------+
| currenttime         |
+---------------------+
| 2021-03-22 07:46:44 |
+---------------------+
1 row in set (0.00 sec)

mysql> 
mysql> mysql \. C:\workspace\cloud\code\sql\_DailyScript\load_DailyCalls.sql
Database changed
Query OK, 494 rows affected (0.13 sec)
Records: 494  Deleted: 0  Skipped: 0  Warnings: 0

Query OK, 0 rows affected, 1 warning (0.00 sec)

Query OK, 494 rows affected (0.03 sec)
Records: 494  Duplicates: 0  Warnings: 0

Query OK, 0 rows affected, 1 warning (0.00 sec)

Query OK, 68894 rows affected (0.29 sec)
Records: 68894  Duplicates: 0  Warnings: 0

+----------------------+
| callingclientsbefore |
+----------------------+
|              1149055 |
+----------------------+
1 row in set (0.44 sec)

Query OK, 678 rows affected (10.29 sec)
Records: 678  Duplicates: 0  Warnings: 0

+---------------------+
| callingclientsafter |
+---------------------+
|             1149733 |
+---------------------+
1 row in set (0.31 sec)

Query OK, 0 rows affected (0.01 sec)

Query OK, 312 rows affected (4.04 sec)
Records: 312  Duplicates: 0  Warnings: 0

Query OK, 0 rows affected (0.01 sec)

Query OK, 22495 rows affected (3.69 sec)
Records: 22495  Duplicates: 0  Warnings: 0

+-----------+
| callstats |
+-----------+
|     22495 |
+-----------+
1 row in set (0.01 sec)

Query OK, 0 rows affected, 1 warning (0.00 sec)

Query OK, 678 rows affected (2.98 sec)
Records: 678  Duplicates: 0  Warnings: 0

+------------------------+
| rep_cccallreportbefore |
+------------------------+
|                1150374 |
+------------------------+
1 row in set (0.41 sec)

Query OK, 678 rows affected (0.32 sec)
Records: 678  Duplicates: 0  Warnings: 0

+-----------------------+
| rep_cccallreportafter |
+-----------------------+
|               1151052 |
+-----------------------+
1 row in set (0.30 sec)

Query OK, 0 rows affected (0.01 sec)

mysql> mysql \. C:\workspace\cloud\code\sql\_DailyScript\currenttime.sql
+---------------------+
| currenttime         |
+---------------------+
| 2021-03-22 07:47:07 |
+---------------------+
1 row in set (0.00 sec)

mysql> 
mysql> mysql \. C:\workspace\cloud\code\sql\_DailyScript\DAILY-SCRIPT-USAGE.sql
Database changed
Query OK, 0 rows affected (0.00 sec)

Query OK, 4104 rows affected, 11895 warnings (0.66 sec)
Records: 4104  Deleted: 0  Skipped: 0  Warnings: 11895

Query OK, 0 rows affected (0.00 sec)

Query OK, 5922 rows affected, 17095 warnings (0.75 sec)
Records: 5922  Deleted: 0  Skipped: 0  Warnings: 17095

Query OK, 0 rows affected (0.00 sec)

Query OK, 296 rows affected, 1030 warnings (0.05 sec)
Records: 296  Deleted: 0  Skipped: 0  Warnings: 1030

Query OK, 0 rows affected (0.00 sec)

Query OK, 122 rows affected, 429 warnings (0.04 sec)
Records: 122  Deleted: 0  Skipped: 0  Warnings: 429

+------------+
| dailyusage |
+------------+
|   16915315 |
+------------+
1 row in set (6.98 sec)

+------------+------------+------------+---------+
| datestart  | dateend    | insertedon | records |
+------------+------------+------------+---------+
| 2021-03-20 | 2021-03-20 | 2021-03-22 |   10444 |
| 2021-03-19 | 2021-03-19 | 2021-03-22 |   10528 |
| 2021-03-18 | 2021-03-18 | 2021-03-19 |   11696 |
| 2021-03-17 | 2021-03-17 | 2021-03-18 |   11854 |
| 2021-03-16 | 2021-03-16 | 2021-03-17 |   11379 |
+------------+------------+------------+---------+
5 rows in set (17.38 sec)

+----------+------------+------------+------------+---------+
| category | datestart  | dateend    | insertedon | records |
+----------+------------+------------+------------+---------+
| UNCAPPED | 2021-03-20 | 2021-03-20 | 2021-03-22 |    5922 |
| PREPAID  | 2021-03-20 | 2021-03-20 | 2021-03-22 |     296 |
| HOTSPOT  | 2021-03-20 | 2021-03-20 | 2021-03-22 |     122 |
| CAPPED   | 2021-03-20 | 2021-03-20 | 2021-03-22 |    4104 |
| UNCAPPED | 2021-03-19 | 2021-03-19 | 2021-03-22 |    6022 |
| PREPAID  | 2021-03-19 | 2021-03-19 | 2021-03-22 |     256 |
| HOTSPOT  | 2021-03-19 | 2021-03-19 | 2021-03-22 |     146 |
| CAPPED   | 2021-03-19 | 2021-03-19 | 2021-03-22 |    4104 |
| UNCAPPED | 2021-03-18 | 2021-03-18 | 2021-03-19 |    6882 |
| PREPAID  | 2021-03-18 | 2021-03-18 | 2021-03-19 |     274 |
| HOTSPOT  | 2021-03-18 | 2021-03-18 | 2021-03-19 |     121 |
| CAPPED   | 2021-03-18 | 2021-03-18 | 2021-03-19 |    4419 |
| UNCAPPED | 2021-03-17 | 2021-03-17 | 2021-03-18 |    6935 |
| PREPAID  | 2021-03-17 | 2021-03-17 | 2021-03-18 |     305 |
| HOTSPOT  | 2021-03-17 | 2021-03-17 | 2021-03-18 |     138 |
| CAPPED   | 2021-03-17 | 2021-03-17 | 2021-03-18 |    4476 |
| UNCAPPED | 2021-03-16 | 2021-03-16 | 2021-03-17 |    6591 |
| PREPAID  | 2021-03-16 | 2021-03-16 | 2021-03-17 |     286 |
| HOTSPOT  | 2021-03-16 | 2021-03-16 | 2021-03-17 |     148 |
| CAPPED   | 2021-03-16 | 2021-03-16 | 2021-03-17 |    4354 |
+----------+------------+------------+------------+---------+
20 rows in set (23.55 sec)

mysql> mysql \. C:\workspace\cloud\code\sql\_DailyScript\currenttime.sql
+---------------------+
| currenttime         |
+---------------------+
| 2021-03-22 07:47:57 |
+---------------------+
1 row in set (0.00 sec)

mysql> 
mysql> mysql \. C:\workspace\cloud\code\sql\_DailyScript\DAILY-SCRIPT-SALES-TELEMETRY.sql
Database changed
Query OK, 41 rows affected, 9 warnings (0.04 sec)
Records: 41  Deleted: 0  Skipped: 0  Warnings: 9

+------------+
| dailysales |
+------------+
|     226968 |
+------------+
1 row in set (0.17 sec)

Query OK, 0 rows affected (0.01 sec)

Query OK, 226968 rows affected (16.44 sec)
Records: 226968  Duplicates: 0  Warnings: 0

+--------+
| sales  |
+--------+
| 226968 |
+--------+
1 row in set (0.23 sec)

Query OK, 0 rows affected (0.01 sec)

Query OK, 3722 rows affected (0.39 sec)
Records: 3722  Duplicates: 0  Warnings: 0

+----------------+
| rep_dailysales |
+----------------+
|           3722 |
+----------------+
1 row in set (0.00 sec)

Query OK, 0 rows affected (0.00 sec)

Query OK, 3722 rows affected (0.58 sec)
Records: 3722  Duplicates: 0  Warnings: 0

+-------------------+
| rep_dailysalesreg |
+-------------------+
|              3722 |
+-------------------+
1 row in set (0.00 sec)

Query OK, 0 rows affected (0.00 sec)

Query OK, 2888 rows affected (0.74 sec)
Records: 2888  Duplicates: 0  Warnings: 0

+-----------+
| saleslist |
+-----------+
|      2888 |
+-----------+
1 row in set (0.00 sec)

Database changed
ERROR 2 (HY000): File 'C:\ProgramData\MySQL\MySQL Server 5.7\Uploads\_csv\PrepaidCardSales-20032021-P1.csv' not found (Errcode: 2 - No such file or directory)
+------------------+
| dailysinglesales |
+------------------+
|             6483 |
+------------------+
1 row in set (0.01 sec)

Database changed
Query OK, 13 rows affected (0.03 sec)
Records: 13  Deleted: 0  Skipped: 0  Warnings: 0

+-----------------+
| dailyaddonsales |
+-----------------+
|           22719 |
+-----------------+
1 row in set (0.03 sec)

Query OK, 239 rows affected (0.05 sec)
Records: 239  Deleted: 0  Skipped: 0  Warnings: 0

+----------------+
| onlinepayments |
+----------------+
|         170294 |
+----------------+
1 row in set (0.08 sec)

+-------------+----------------+---------------------+
| paymentdate | onlinepayments | onlinepaymentamount |
+-------------+----------------+---------------------+
| 2021-03-20  |            239 |        140354.95000 |
| 2021-03-19  |            219 |        130360.47000 |
| 2021-03-18  |            191 |        124584.47000 |
| 2021-03-17  |            184 |        119593.24000 |
| 2021-03-16  |            200 |        112131.15000 |
+-------------+----------------+---------------------+
5 rows in set (0.57 sec)

+-------------+--------------+----------------+---------------------+
| paymentyear | paymentmonth | onlinepayments | onlinepaymentamount |
+-------------+--------------+----------------+---------------------+
|        2021 |            3 |           5325 |       3413623.15000 |
|        2021 |            2 |           8581 |       5454096.95000 |
|        2021 |            1 |           9124 |       5808374.04000 |
|        2021 |         NULL |          23030 |      14676094.14000 |
|        2020 |           12 |           7235 |       4780077.29000 |
+-------------+--------------+----------------+---------------------+
5 rows in set (0.17 sec)

mysql> mysql \. C:\workspace\cloud\code\sql\_DailyScript\currenttime.sql
+---------------------+
| currenttime         |
+---------------------+
| 2021-03-22 07:48:16 |
+---------------------+
1 row in set (0.00 sec)

mysql> 
mysql> mysql \. C:\workspace\cloud\code\sql\_DailyScript\DAILY-SCRIPT-ACTIVENUMBERS.sql
Database changed
Query OK, 1146 rows affected (0.48 sec)
Records: 1146  Deleted: 0  Skipped: 0  Warnings: 0

+------------+----------+
| period     | count(1) |
+------------+----------+
| 2021-03-20 |     1146 |
| 2021-03-19 |     1145 |
| 2021-03-18 |     1144 |
| 2021-03-17 |     1144 |
| 2021-03-16 |     1145 |
+------------+----------+
5 rows in set (0.00 sec)

Query OK, 0 rows affected (0.01 sec)

Query OK, 78 rows affected (1.45 sec)
Records: 78  Duplicates: 0  Warnings: 0

+-------------+
| packagelist |
+-------------+
|          78 |
+-------------+
1 row in set (0.00 sec)

Database changed
Query OK, 0 rows affected (0.00 sec)

Query OK, 0 rows affected (0.00 sec)

Query OK, 0 rows affected (0.00 sec)

Query OK, 0 rows affected (0.00 sec)

Query OK, 28205 rows affected, 211 warnings (14.78 sec)
Records: 28205  Deleted: 0  Skipped: 0  Warnings: 211

+------------+----------+
| period     | count(1) |
+------------+----------+
| 2021-03-20 |    28205 |
| 2021-03-19 |    28257 |
| 2021-03-18 |    28309 |
| 2021-03-17 |    28288 |
| 2021-03-16 |    28270 |
+------------+----------+
5 rows in set (0.12 sec)

Query OK, 0 rows affected (0.03 sec)

Query OK, 27637 rows affected (46.21 sec)
Records: 27637  Duplicates: 0  Warnings: 0

Query OK, 0 rows affected (0.12 sec)
Records: 0  Duplicates: 0  Warnings: 0

Query OK, 0 rows affected (0.10 sec)
Records: 0  Duplicates: 0  Warnings: 0

Query OK, 0 rows affected (0.10 sec)
Records: 0  Duplicates: 0  Warnings: 0

Query OK, 0 rows affected (0.08 sec)
Records: 0  Duplicates: 0  Warnings: 0

Query OK, 0 rows affected (0.07 sec)
Records: 0  Duplicates: 0  Warnings: 0

Query OK, 0 rows affected (0.07 sec)
Records: 0  Duplicates: 0  Warnings: 0

+-------------+
| countbefore |
+-------------+
|    44272870 |
+-------------+
1 row in set (12.80 sec)

Query OK, 27637 rows affected (2.95 sec)
Records: 27637  Duplicates: 0  Warnings: 0

+------------+
| countafter |
+------------+
|   44300507 |
+------------+
1 row in set (15.34 sec)

+------------+--------------------------+
| period     | customercontractactivity |
+------------+--------------------------+
| 2021-03-20 |                    27637 |
| 2021-03-19 |                    27688 |
| 2021-03-18 |                    27740 |
| 2021-03-17 |                    27719 |
| 2021-03-16 |                    27701 |
+------------+--------------------------+
5 rows in set (0.06 sec)

Query OK, 0 rows affected (0.01 sec)

Query OK, 297033 rows affected (8 min 9.24 sec)
Records: 297033  Duplicates: 0  Warnings: 0

Query OK, 0 rows affected (1.05 sec)
Records: 0  Duplicates: 0  Warnings: 0

Query OK, 0 rows affected (1.12 sec)
Records: 0  Duplicates: 0  Warnings: 0

Query OK, 0 rows affected (1.09 sec)
Records: 0  Duplicates: 0  Warnings: 0

Query OK, 0 rows affected (0.01 sec)

Query OK, 233 rows affected (0.45 sec)
Records: 233  Duplicates: 0  Warnings: 0

Query OK, 0 rows affected (0.00 sec)

Query OK, 2677 rows affected (0.62 sec)
Records: 2677  Duplicates: 0  Warnings: 0

Query OK, 0 rows affected (0.00 sec)

Query OK, 27615 rows affected (0.56 sec)
Records: 27615  Duplicates: 0  Warnings: 0

Query OK, 0 rows affected (0.01 sec)

Query OK, 17117 rows affected (0.36 sec)
Records: 17117  Duplicates: 0  Warnings: 0

Query OK, 0 rows affected (0.01 sec)

Query OK, 17117 rows affected (0.12 sec)
Records: 17117  Duplicates: 0  Warnings: 0

Query OK, 0 rows affected (0.01 sec)

Query OK, 17117 rows affected (1.20 sec)
Records: 17117  Duplicates: 0  Warnings: 0

Query OK, 0 rows affected (0.01 sec)

Query OK, 17117 rows affected (43.34 sec)
Records: 17117  Duplicates: 0  Warnings: 0

+-------------+
| clientstats |
+-------------+
|       17117 |
+-------------+
1 row in set (0.01 sec)

Query OK, 0 rows affected (0.00 sec)

Query OK, 14 rows affected, 1 warning (0.11 sec)
Records: 14  Duplicates: 0  Warnings: 1

+-----------------------+-------------+-------------+----------------+-----------------+
| services              | activecount | allaccounts | uniqueaccounts | uniquecontracts |
+-----------------------+-------------+-------------+----------------+-----------------+
| All                   |         353 |          58 |             58 |             185 |
| Internet & OTT        |           4 |           2 |              2 |               2 |
| Internet & Voice      |         334 |         149 |            149 |             290 |
| Internet Only         |        4286 |        4172 |           4164 |            4212 |
| OTT Only              |           1 |           1 |              1 |               1 |
| TV & Internet         |        9710 |        4383 |           4371 |            8920 |
| TV & Internet & OTT   |        3384 |         858 |            856 |            1782 |
| TV & Internet & Voice |         520 |         148 |            148 |             457 |
| TV & OTT              |         543 |          84 |             82 |             105 |
| TV & Voice            |          86 |          39 |             39 |              80 |
| TV & Voice & OTT      |           3 |           1 |              1 |               2 |
| TV Only               |        8977 |        7096 |           7089 |            7274 |
| Voice Only            |         128 |         126 |            126 |             128 |
| GRAND TOTAL           |       28329 |       17117 |          17048 |           23438 |
+-----------------------+-------------+-------------+----------------+-----------------+
14 rows in set (0.00 sec)

+-------------+-------------+-------------+----------------+-----------------+
| network     | activecount | allaccounts | uniqueaccounts | uniquecontracts |
+-------------+-------------+-------------+----------------+-----------------+
| GPON        |       10791 |        5439 |           5436 |            8529 |
| HFC         |       17538 |       11678 |          11678 |           14909 |
| GRAND TOTAL |       28329 |       17117 |          17048 |           23438 |
+-------------+-------------+-------------+----------------+-----------------+
3 rows in set, 1 warning (0.12 sec)

+-------------+-----------------------+-------------+-------------+----------------+-----------------+
| network     | services              | activecount | allaccounts | uniqueaccounts | uniquecontracts |
+-------------+-----------------------+-------------+-------------+----------------+-----------------+
| GPON        | All                   |         217 |          37 |             37 |             116 |
| GPON        | Internet & Voice      |          68 |          28 |             28 |              58 |
| GPON        | Internet Only         |        1316 |        1216 |           1216 |            1243 |
| GPON        | TV & Internet         |        4575 |        2026 |           2026 |            4159 |
| GPON        | TV & Internet & OTT   |        2087 |         522 |            522 |            1092 |
| GPON        | TV & Internet & Voice |         270 |          72 |             72 |             226 |
| GPON        | TV & OTT              |         318 |          48 |             48 |              59 |
| GPON        | TV & Voice            |          53 |          24 |             24 |              50 |
| GPON        | TV & Voice & OTT      |           3 |           1 |              1 |               2 |
| GPON        | TV Only               |        1872 |        1454 |           1454 |            1512 |
| GPON        | Voice Only            |          12 |          11 |             11 |              12 |
| GPON        | Services Total        |       10791 |        5439 |           5436 |            8529 |
| HFC         | All                   |         136 |          21 |             21 |              69 |
| HFC         | Internet & OTT        |           4 |           2 |              2 |               2 |
| HFC         | Internet & Voice      |         266 |         121 |            121 |             232 |
| HFC         | Internet Only         |        2970 |        2956 |           2956 |            2969 |
| HFC         | OTT Only              |           1 |           1 |              1 |               1 |
| HFC         | TV & Internet         |        5135 |        2357 |           2357 |            4761 |
| HFC         | TV & Internet & OTT   |        1297 |         336 |            336 |             690 |
| HFC         | TV & Internet & Voice |         250 |          76 |             76 |             231 |
| HFC         | TV & OTT              |         225 |          36 |             36 |              46 |
| HFC         | TV & Voice            |          33 |          15 |             15 |              30 |
| HFC         | TV Only               |        7105 |        5642 |           5642 |            5762 |
| HFC         | Voice Only            |         116 |         115 |            115 |             116 |
| HFC         | Services Total        |       17538 |       11678 |          11678 |           14909 |
| GRAND TOTAL | Services Total        |       28329 |       17117 |          17048 |           23438 |
+-------------+-----------------------+-------------+-------------+----------------+-----------------+
26 rows in set, 2 warnings (0.14 sec)

Query OK, 0 rows affected (0.00 sec)

Query OK, 44 rows affected, 3 warnings (0.19 sec)
Records: 44  Duplicates: 0  Warnings: 3

+-------------+---------------+-----------------------+-------------+-------------+----------------+-----------------+
| region      | network       | services              | activecount | allaccounts | uniqueaccounts | uniquecontracts |
+-------------+---------------+-----------------------+-------------+-------------+----------------+-----------------+
| Eden Island | GPON          | TV & Internet         |           2 |           1 |              1 |               2 |
| Eden Island | GPON          | Services Total        |           2 |           1 |              1 |               2 |
| Eden Island | Network Total | Services Total        |           2 |           1 |              1 |               2 |
| Mahe        | GPON          | All                   |         191 |          33 |             33 |             104 |
| Mahe        | GPON          | Internet & Voice      |          56 |          22 |             22 |              46 |
| Mahe        | GPON          | Internet Only         |        1088 |         989 |            989 |            1015 |
| Mahe        | GPON          | TV & Internet         |        3765 |        1663 |           1663 |            3411 |
| Mahe        | GPON          | TV & Internet & OTT   |        1691 |         413 |            413 |             865 |
| Mahe        | GPON          | TV & Internet & Voice |         254 |          67 |             67 |             210 |
| Mahe        | GPON          | TV & OTT              |         292 |          38 |             38 |              49 |
| Mahe        | GPON          | TV & Voice            |          53 |          24 |             24 |              50 |
| Mahe        | GPON          | TV & Voice & OTT      |           3 |           1 |              1 |               2 |
| Mahe        | GPON          | TV Only               |        1518 |        1171 |           1171 |            1216 |
| Mahe        | GPON          | Voice Only            |          12 |          11 |             11 |              12 |
| Mahe        | GPON          | Services Total        |        8923 |        4432 |           4432 |            6980 |
| Mahe        | HFC           | All                   |         136 |          21 |             21 |              69 |
| Mahe        | HFC           | Internet & OTT        |           4 |           2 |              2 |               2 |
| Mahe        | HFC           | Internet & Voice      |         266 |         121 |            121 |             232 |
| Mahe        | HFC           | Internet Only         |        2969 |        2955 |           2955 |            2968 |
| Mahe        | HFC           | OTT Only              |           1 |           1 |              1 |               1 |
| Mahe        | HFC           | TV & Internet         |        5133 |        2356 |           2356 |            4759 |
| Mahe        | HFC           | TV & Internet & OTT   |        1297 |         336 |            336 |             690 |
| Mahe        | HFC           | TV & Internet & Voice |         250 |          76 |             76 |             231 |
| Mahe        | HFC           | TV & OTT              |         225 |          36 |             36 |              46 |
| Mahe        | HFC           | TV & Voice            |          33 |          15 |             15 |              30 |
| Mahe        | HFC           | TV Only               |        7102 |        5640 |           5640 |            5760 |
| Mahe        | HFC           | Voice Only            |         116 |         115 |            115 |             116 |
| Mahe        | HFC           | Services Total        |       17532 |       11674 |          11674 |           14904 |
| Mahe        | Network Total | Services Total        |       26455 |       16106 |          16040 |           21884 |
| Praslin     | GPON          | All                   |          26 |           4 |              4 |              12 |
| Praslin     | GPON          | Internet & Voice      |          12 |           6 |              6 |              12 |
| Praslin     | GPON          | Internet Only         |         228 |         227 |            227 |             228 |
| Praslin     | GPON          | TV & Internet         |         808 |         362 |            362 |             746 |
| Praslin     | GPON          | TV & Internet & OTT   |         396 |         109 |            109 |             227 |
| Praslin     | GPON          | TV & Internet & Voice |          16 |           5 |              5 |              16 |
| Praslin     | GPON          | TV & OTT              |          26 |          10 |             10 |              10 |
| Praslin     | GPON          | TV Only               |         354 |         283 |            283 |             296 |
| Praslin     | GPON          | Services Total        |        1866 |        1006 |           1006 |            1547 |
| Praslin     | HFC           | Internet Only         |           1 |           1 |              1 |               1 |
| Praslin     | HFC           | TV & Internet         |           2 |           1 |              1 |               2 |
| Praslin     | HFC           | TV Only               |           3 |           2 |              2 |               2 |
| Praslin     | HFC           | Services Total        |           6 |           4 |              4 |               5 |
| Praslin     | Network Total | Services Total        |        1872 |        1010 |           1010 |            1552 |
| GRAND TOTAL | Network Total | Services Total        |       28329 |       17117 |          17048 |           23438 |
+-------------+---------------+-----------------------+-------------+-------------+----------------+-----------------+
44 rows in set (0.00 sec)

Query OK, 0 rows affected (0.01 sec)

Query OK, 27616 rows affected (0.42 sec)
Records: 27616  Duplicates: 0  Warnings: 0

Query OK, 0 rows affected (0.01 sec)

Query OK, 2239 rows affected (0.87 sec)
Records: 2239  Duplicates: 0  Warnings: 0

+--------------------------------------+
| message                              |
+--------------------------------------+
| running rcbill_my.sp_ActiveNumber2() |
+--------------------------------------+
1 row in set (0.00 sec)

Query OK, 365 rows affected (1 min 55.16 sec)

mysql> mysql \. C:\workspace\cloud\code\sql\_DailyScript\currenttime.sql
+---------------------+
| currenttime         |
+---------------------+
| 2021-03-22 08:00:48 |
+---------------------+
1 row in set (0.00 sec)

mysql> 
mysql> mysql \. C:\workspace\cloud\code\sql\_DailyScript\GetActiveNumbers Average -Pivot.sql
Database changed
+-------------------------------------+
| @today := subdate(current_date(),1) |
+-------------------------------------+
| 2021-03-21                          |
+-------------------------------------+
1 row in set (0.00 sec)

+-------------------------------------+
| @lastdayofmonth := last_day(@today) |
+-------------------------------------+
| 2021-03-31                          |
+-------------------------------------+
1 row in set (0.00 sec)

Query OK, 0 rows affected (0.01 sec)

Query OK, 46215 rows affected, 65535 warnings (56.92 sec)
Records: 46215  Duplicates: 0  Warnings: 95209

Query OK, 0 rows affected (0.10 sec)
Records: 0  Duplicates: 0  Warnings: 0

Query OK, 0 rows affected (0.12 sec)
Records: 0  Duplicates: 0  Warnings: 0

Query OK, 0 rows affected (0.10 sec)
Records: 0  Duplicates: 0  Warnings: 0

+-----------------+
| activenumberavg |
+-----------------+
|           46215 |
+-----------------+
1 row in set (0.01 sec)

Query OK, 0 rows affected (0.01 sec)

Query OK, 1951 rows affected (0.51 sec)
Records: 1951  Duplicates: 0  Warnings: 0

+---------------------+
| rep_activenumberavg |
+---------------------+
|                1951 |
+---------------------+
1 row in set (0.00 sec)

+----------------------+
| rep_activenumberavg1 |
+----------------------+
|                  911 |
+----------------------+
1 row in set (0.00 sec)

Query OK, 0 rows affected (0.00 sec)

Query OK, 2425 rows affected (0.41 sec)
Records: 2425  Duplicates: 0  Warnings: 0

Query OK, 0 rows affected (0.01 sec)

Query OK, 12469 rows affected (0.74 sec)
Records: 12469  Duplicates: 0  Warnings: 0

Query OK, 0 rows affected (0.00 sec)

Query OK, 0 rows affected (0.01 sec)

Query OK, 0 rows affected (0.01 sec)

Query OK, 0 rows affected (0.00 sec)

Query OK, 0 rows affected (0.00 sec)
Statement prepared

Query OK, 53 rows affected (0.05 sec)
Records: 53  Duplicates: 0  Warnings: 0

Query OK, 0 rows affected (0.00 sec)

Query OK, 0 rows affected (0.00 sec)

+----------------------+
| rep_activenumberavg2 |
+----------------------+
|                 2425 |
+----------------------+
1 row in set (0.00 sec)

+------------------------+
| rep_activenumberavg_pv |
+------------------------+
|                     53 |
+------------------------+
1 row in set (0.00 sec)

Query OK, 0 rows affected (0.00 sec)

Query OK, 2424 rows affected (0.34 sec)
Records: 2424  Duplicates: 0  Warnings: 0

Query OK, 0 rows affected (0.00 sec)

Query OK, 0 rows affected (0.01 sec)

Query OK, 0 rows affected (0.01 sec)

Query OK, 0 rows affected (0.00 sec)

Query OK, 0 rows affected (0.00 sec)
Statement prepared

Query OK, 53 rows affected (0.04 sec)
Records: 53  Duplicates: 0  Warnings: 0

Query OK, 0 rows affected (0.00 sec)

Query OK, 0 rows affected (0.00 sec)

+-------------------------+
| rep_activenumberavgMahe |
+-------------------------+
|                    2424 |
+-------------------------+
1 row in set (0.00 sec)

+----------------------------+
| rep_activenumberavgMahe_pv |
+----------------------------+
|                         53 |
+----------------------------+
1 row in set (0.00 sec)

Query OK, 0 rows affected (0.01 sec)

Query OK, 1536 rows affected (0.16 sec)
Records: 1536  Duplicates: 0  Warnings: 0

Query OK, 0 rows affected (0.00 sec)

Query OK, 0 rows affected (0.00 sec)

Query OK, 0 rows affected (0.01 sec)

Query OK, 0 rows affected (0.00 sec)

Query OK, 0 rows affected (0.00 sec)
Statement prepared

Query OK, 40 rows affected (0.04 sec)
Records: 40  Duplicates: 0  Warnings: 0

Query OK, 0 rows affected (0.00 sec)

Query OK, 0 rows affected (0.00 sec)

+----------------------------+
| rep_activenumberavgPraslin |
+----------------------------+
|                       1536 |
+----------------------------+
1 row in set (0.00 sec)

+-------------------------------+
| rep_activenumberavgPraslin_pv |
+-------------------------------+
|                            40 |
+-------------------------------+
1 row in set (0.00 sec)

mysql> mysql \. C:\workspace\cloud\code\sql\_DailyScript\currenttime.sql
+---------------------+
| currenttime         |
+---------------------+
| 2021-03-22 08:01:47 |
+---------------------+
1 row in set (0.00 sec)

mysql> 
mysql> 
mysql> 
mysql> 
mysql> 
mysql> 
mysql> 
mysql> 
mysql> 
mysql> 
mysql> 
mysql> 
mysql> 
mysql> 
mysql> 
mysql> 
mysql> 
mysql> 
mysql> 
mysql> 
mysql> 
mysql> 
mysql> 
mysql> 
mysql> exit
