    -> 
    -> mysql \. C:\workspace\cloud\code\sql\_DailyScript\_setdates.sql
Query OK, 0 rows affected (0.00 sec)

Query OK, 0 rows affected (1.58 sec)

Database changed
Query OK, 0 rows affected (0.00 sec)

Query OK, 0 rows affected (0.00 sec)

Query OK, 0 rows affected (0.00 sec)

Query OK, 0 rows affected (0.00 sec)

Query OK, 0 rows affected (0.00 sec)

Query OK, 0 rows affected (0.00 sec)

Query OK, 0 rows affected (0.00 sec)

Query OK, 0 rows affected (0.00 sec)

Query OK, 0 rows affected (0.00 sec)

Query OK, 0 rows affected (0.00 sec)

Query OK, 0 rows affected (0.00 sec)

Query OK, 0 rows affected (0.00 sec)

Query OK, 0 rows affected (0.00 sec)

Query OK, 0 rows affected (0.00 sec)

Query OK, 0 rows affected (0.00 sec)

Query OK, 0 rows affected (0.00 sec)

Query OK, 0 rows affected (0.00 sec)

Query OK, 0 rows affected (0.00 sec)

Query OK, 0 rows affected (0.00 sec)

Query OK, 0 rows affected (0.00 sec)

Query OK, 0 rows affected (0.00 sec)

Query OK, 0 rows affected (0.00 sec)

mysql> mysql \. C:\workspace\cloud\code\sql\_DailyScript\currenttime.sql
+---------------------+
| currenttime         |
+---------------------+
| 2021-10-05 10:27:56 |
+---------------------+
1 row in set (0.00 sec)

mysql> 
mysql> mysql \. C:\workspace\cloud\code\sql\_DailyScript\load_RCB_VODTITLES.sql
Database changed
Query OK, 0 rows affected (0.00 sec)

Query OK, 16023 rows affected (0.12 sec)

Query OK, 16023 rows affected, 16023 warnings (0.31 sec)
Records: 16023  Deleted: 0  Skipped: 0  Warnings: 16023

Query OK, 0 rows affected (0.00 sec)

Query OK, 2 rows affected (0.01 sec)

+-----------+
| VODTITLES |
+-----------+
|     16481 |
+-----------+
1 row in set (0.01 sec)

+-----------+-----------+
| titletype | typecount |
+-----------+-----------+
| E         |     13617 |
| N         |       245 |
| T         |      2159 |
| NULL      |     16021 |
+-----------+-----------+
4 rows in set (0.04 sec)

mysql> mysql \. C:\workspace\cloud\code\sql\_DailyScript\currenttime.sql
+---------------------+
| currenttime         |
+---------------------+
| 2021-10-05 10:27:56 |
+---------------------+
1 row in set (0.00 sec)

mysql> 
mysql> 
mysql> 
mysql> 
mysql> 
mysql> 
mysql> 
mysql> 
mysql> 
mysql> 
mysql> 
mysql> 
mysql> 
mysql> 
mysql> 
mysql> 
mysql> 
mysql> 
mysql> 
mysql> 
mysql> 
mysql> 
mysql> 
mysql> 
mysql> 
mysql> 
mysql> 
mysql> 
mysql> 
mysql> 
mysql> 
mysql> 
mysql> 
mysql> 
mysql> 
mysql> 
mysql> 
mysql> mysql \. C:\workspace\cloud\code\sql\_DailyScript\load_DailyCalls.sql
Database changed
Query OK, 579 rows affected (0.06 sec)
Records: 579  Deleted: 0  Skipped: 0  Warnings: 0

Query OK, 0 rows affected, 1 warning (0.00 sec)

Query OK, 579 rows affected (0.01 sec)
Records: 579  Duplicates: 0  Warnings: 0

Query OK, 0 rows affected, 1 warning (0.00 sec)

Query OK, 70511 rows affected (0.27 sec)
Records: 70511  Duplicates: 0  Warnings: 0

+----------------------+
| callingclientsbefore |
+----------------------+
|              1281649 |
+----------------------+
1 row in set (0.35 sec)

Query OK, 817 rows affected (11.93 sec)
Records: 817  Duplicates: 0  Warnings: 0

+---------------------+
| callingclientsafter |
+---------------------+
|             1282466 |
+---------------------+
1 row in set (0.32 sec)

Query OK, 0 rows affected (0.00 sec)

Query OK, 375 rows affected (2.04 sec)
Records: 375  Duplicates: 0  Warnings: 0

Query OK, 0 rows affected (0.00 sec)

Query OK, 24960 rows affected (3.87 sec)
Records: 24960  Duplicates: 0  Warnings: 0

+-----------+
| callstats |
+-----------+
|     24960 |
+-----------+
1 row in set (0.01 sec)

Query OK, 0 rows affected, 1 warning (0.00 sec)

Query OK, 817 rows affected (1.54 sec)
Records: 817  Duplicates: 0  Warnings: 0

+------------------------+
| rep_cccallreportbefore |
+------------------------+
|                1283300 |
+------------------------+
1 row in set (0.32 sec)

Query OK, 817 rows affected (0.09 sec)
Records: 817  Duplicates: 0  Warnings: 0

+-----------------------+
| rep_cccallreportafter |
+-----------------------+
|               1284117 |
+-----------------------+
1 row in set (0.33 sec)

Query OK, 0 rows affected (0.00 sec)

mysql> mysql \. C:\workspace\cloud\code\sql\_DailyScript\currenttime.sql
+---------------------+
| currenttime         |
+---------------------+
| 2021-10-05 10:28:21 |
+---------------------+
1 row in set (0.00 sec)

mysql> 
mysql> mysql \. C:\workspace\cloud\code\sql\_DailyScript\DAILY-SCRIPT-USAGE.sql
Database changed
Query OK, 0 rows affected (0.00 sec)

Query OK, 4064 rows affected, 11797 warnings (0.87 sec)
Records: 4064  Deleted: 0  Skipped: 0  Warnings: 11797

Query OK, 0 rows affected (0.00 sec)

Query OK, 6171 rows affected, 17785 warnings (0.63 sec)
Records: 6171  Deleted: 0  Skipped: 0  Warnings: 17785

Query OK, 0 rows affected (0.00 sec)

Query OK, 280 rows affected, 996 warnings (0.03 sec)
Records: 280  Deleted: 0  Skipped: 0  Warnings: 996

Query OK, 0 rows affected (0.00 sec)

Query OK, 185 rows affected, 658 warnings (0.03 sec)
Records: 185  Deleted: 0  Skipped: 0  Warnings: 658

+------------+
| dailyusage |
+------------+
|   19109226 |
+------------+
1 row in set (5.49 sec)

+------------+------------+------------+---------+
| datestart  | dateend    | insertedon | records |
+------------+------------+------------+---------+
| 2021-10-01 | 2021-10-01 | 2021-10-05 |   10700 |
| 2021-09-30 | 2021-09-30 | 2021-10-05 |   10676 |
| 2021-09-29 | 2021-09-29 | 2021-10-05 |   10652 |
| 2021-09-28 | 2021-09-28 | 2021-10-05 |   10599 |
| 2021-09-27 | 2021-09-27 | 2021-10-05 |   10904 |
+------------+------------+------------+---------+
5 rows in set (17.62 sec)

+----------+------------+------------+------------+---------+
| category | datestart  | dateend    | insertedon | records |
+----------+------------+------------+------------+---------+
| UNCAPPED | 2021-10-01 | 2021-10-01 | 2021-10-05 |    6171 |
| PREPAID  | 2021-10-01 | 2021-10-01 | 2021-10-05 |     280 |
| HOTSPOT  | 2021-10-01 | 2021-10-01 | 2021-10-05 |     185 |
| CAPPED   | 2021-10-01 | 2021-10-01 | 2021-10-05 |    4064 |
| UNCAPPED | 2021-09-30 | 2021-09-30 | 2021-10-05 |    6168 |
| PREPAID  | 2021-09-30 | 2021-09-30 | 2021-10-05 |     289 |
| HOTSPOT  | 2021-09-30 | 2021-09-30 | 2021-10-05 |     220 |
| CAPPED   | 2021-09-30 | 2021-09-30 | 2021-10-05 |    3999 |
| UNCAPPED | 2021-09-29 | 2021-09-29 | 2021-10-05 |    6142 |
| PREPAID  | 2021-09-29 | 2021-09-29 | 2021-10-05 |     276 |
| HOTSPOT  | 2021-09-29 | 2021-09-29 | 2021-10-05 |     224 |
| CAPPED   | 2021-09-29 | 2021-09-29 | 2021-10-05 |    4010 |
| UNCAPPED | 2021-09-28 | 2021-09-28 | 2021-10-05 |    6130 |
| PREPAID  | 2021-09-28 | 2021-09-28 | 2021-10-05 |     274 |
| HOTSPOT  | 2021-09-28 | 2021-09-28 | 2021-10-05 |     203 |
| CAPPED   | 2021-09-28 | 2021-09-28 | 2021-10-05 |    3992 |
| UNCAPPED | 2021-09-27 | 2021-09-27 | 2021-10-05 |    6438 |
| PREPAID  | 2021-09-27 | 2021-09-27 | 2021-10-05 |     281 |
| HOTSPOT  | 2021-09-27 | 2021-09-27 | 2021-10-05 |     242 |
| CAPPED   | 2021-09-27 | 2021-09-27 | 2021-10-05 |    3943 |
+----------+------------+------------+------------+---------+
20 rows in set (25.38 sec)

mysql> mysql \. C:\workspace\cloud\code\sql\_DailyScript\currenttime.sql
+---------------------+
| currenttime         |
+---------------------+
| 2021-10-05 10:29:11 |
+---------------------+
1 row in set (0.00 sec)

mysql> 
mysql> mysql \. C:\workspace\cloud\code\sql\_DailyScript\DAILY-SCRIPT-SALES-TELEMETRY.sql
Database changed
Query OK, 180 rows affected, 108 warnings (0.03 sec)
Records: 180  Deleted: 0  Skipped: 0  Warnings: 108

+------------+
| dailysales |
+------------+
|     248806 |
+------------+
1 row in set (0.09 sec)

Query OK, 0 rows affected (0.01 sec)

Query OK, 248806 rows affected (15.11 sec)
Records: 248806  Duplicates: 0  Warnings: 0

+--------+
| sales  |
+--------+
| 248806 |
+--------+
1 row in set (0.10 sec)

Query OK, 0 rows affected (0.00 sec)

Query OK, 4131 rows affected (0.38 sec)
Records: 4131  Duplicates: 0  Warnings: 0

+----------------+
| rep_dailysales |
+----------------+
|           4131 |
+----------------+
1 row in set (0.00 sec)

Query OK, 0 rows affected (0.01 sec)

Query OK, 4131 rows affected (0.60 sec)
Records: 4131  Duplicates: 0  Warnings: 0

+-------------------+
| rep_dailysalesreg |
+-------------------+
|              4131 |
+-------------------+
1 row in set (0.00 sec)

Query OK, 0 rows affected (0.01 sec)

Query OK, 2986 rows affected (0.74 sec)
Records: 2986  Duplicates: 0  Warnings: 0

+-----------+
| saleslist |
+-----------+
|      2986 |
+-----------+
1 row in set (0.00 sec)

Database changed
ERROR 2 (HY000): File 'C:\ProgramData\MySQL\MySQL Server 5.7\Uploads\_csv\PrepaidCardSales-01102021-P1.csv' not found (Errcode: 2 - No such file or directory)
+------------------+
| dailysinglesales |
+------------------+
|             6603 |
+------------------+
1 row in set (0.00 sec)

Database changed
Query OK, 8 rows affected (0.05 sec)
Records: 8  Deleted: 0  Skipped: 0  Warnings: 0

+-----------------+
| dailyaddonsales |
+-----------------+
|           25326 |
+-----------------+
1 row in set (0.01 sec)

Query OK, 477 rows affected (0.06 sec)
Records: 477  Deleted: 0  Skipped: 0  Warnings: 0

+----------------+
| onlinepayments |
+----------------+
|         227987 |
+----------------+
1 row in set (0.08 sec)

+-------------+----------------+---------------------+
| paymentdate | onlinepayments | onlinepaymentamount |
+-------------+----------------+---------------------+
| 2021-10-01  |            477 |        337911.87000 |
| 2021-09-30  |            476 |        322990.66000 |
| 2021-09-29  |            324 |        212649.39000 |
| 2021-09-28  |            419 |        287993.93000 |
| 2021-09-27  |            537 |        362335.65000 |
+-------------+----------------+---------------------+
5 rows in set (0.29 sec)

+-------------+--------------+----------------+---------------------+
| paymentyear | paymentmonth | onlinepayments | onlinepaymentamount |
+-------------+--------------+----------------+---------------------+
|        2021 |           10 |            477 |        337911.87000 |
|        2021 |            9 |           8803 |       5663928.71000 |
|        2021 |            8 |           8864 |       5714008.87000 |
|        2021 |            7 |           8972 |       5795292.15000 |
|        2021 |            6 |           8773 |       5686976.03000 |
+-------------+--------------+----------------+---------------------+
5 rows in set (0.21 sec)

mysql> mysql \. C:\workspace\cloud\code\sql\_DailyScript\currenttime.sql
+---------------------+
| currenttime         |
+---------------------+
| 2021-10-05 10:29:29 |
+---------------------+
1 row in set (0.00 sec)

mysql> 
mysql> mysql \. C:\workspace\cloud\code\sql\_DailyScript\DAILY-SCRIPT-ACTIVENUMBERS.sql
Database changed
Query OK, 1101 rows affected (0.42 sec)
Records: 1101  Deleted: 0  Skipped: 0  Warnings: 0

+------------+----------+
| period     | count(1) |
+------------+----------+
| 2021-10-01 |     1101 |
| 2021-09-30 |     1101 |
| 2021-09-29 |     1100 |
| 2021-09-28 |     1102 |
| 2021-09-27 |     1101 |
+------------+----------+
5 rows in set (0.01 sec)

Query OK, 0 rows affected (0.00 sec)

Query OK, 75 rows affected (1.31 sec)
Records: 75  Duplicates: 0  Warnings: 0

+-------------+
| packagelist |
+-------------+
|          75 |
+-------------+
1 row in set (0.00 sec)

Database changed
Query OK, 0 rows affected (0.00 sec)

Query OK, 0 rows affected (0.00 sec)

Query OK, 0 rows affected (0.00 sec)

Query OK, 0 rows affected (0.00 sec)

Query OK, 28816 rows affected, 270 warnings (11.46 sec)
Records: 28816  Deleted: 0  Skipped: 0  Warnings: 270

+------------+----------+
| period     | count(1) |
+------------+----------+
| 2021-10-01 |    28816 |
| 2021-09-30 |    28750 |
| 2021-09-29 |    28877 |
| 2021-09-28 |    28734 |
| 2021-09-27 |    28660 |
+------------+----------+
5 rows in set (0.09 sec)

Query OK, 0 rows affected (0.01 sec)

Query OK, 28254 rows affected (36.50 sec)
Records: 28254  Duplicates: 0  Warnings: 0

Query OK, 0 rows affected (0.11 sec)
Records: 0  Duplicates: 0  Warnings: 0

Query OK, 0 rows affected (0.11 sec)
Records: 0  Duplicates: 0  Warnings: 0

Query OK, 0 rows affected (0.10 sec)
Records: 0  Duplicates: 0  Warnings: 0

Query OK, 0 rows affected (0.09 sec)
Records: 0  Duplicates: 0  Warnings: 0

Query OK, 0 rows affected (0.07 sec)
Records: 0  Duplicates: 0  Warnings: 0

Query OK, 0 rows affected (0.07 sec)
Records: 0  Duplicates: 0  Warnings: 0

+-------------+
| countbefore |
+-------------+
|    49778620 |
+-------------+
1 row in set (14.61 sec)

Query OK, 28254 rows affected (1.64 sec)
Records: 28254  Duplicates: 0  Warnings: 0

+------------+
| countafter |
+------------+
|   49806874 |
+------------+
1 row in set (15.14 sec)

+------------+--------------------------+
| period     | customercontractactivity |
+------------+--------------------------+
| 2021-10-01 |                    28254 |
| 2021-09-30 |                    28188 |
| 2021-09-29 |                    28314 |
| 2021-09-28 |                    28172 |
| 2021-09-27 |                    28098 |
+------------+--------------------------+
5 rows in set (0.06 sec)

Query OK, 0 rows affected (0.01 sec)

Query OK, 318716 rows affected, 4 warnings (7 min 39.68 sec)
Records: 318716  Duplicates: 0  Warnings: 4

Query OK, 0 rows affected (0.98 sec)
Records: 0  Duplicates: 0  Warnings: 0

Query OK, 0 rows affected (1.09 sec)
Records: 0  Duplicates: 0  Warnings: 0

Query OK, 0 rows affected (1.10 sec)
Records: 0  Duplicates: 0  Warnings: 0

Query OK, 0 rows affected (0.01 sec)

Query OK, 234 rows affected (0.41 sec)
Records: 234  Duplicates: 0  Warnings: 0

Query OK, 0 rows affected (0.01 sec)

Query OK, 2564 rows affected (0.58 sec)
Records: 2564  Duplicates: 0  Warnings: 0

Query OK, 0 rows affected (0.01 sec)

Query OK, 28227 rows affected (0.54 sec)
Records: 28227  Duplicates: 0  Warnings: 0

Query OK, 0 rows affected (0.01 sec)

Query OK, 17079 rows affected (0.35 sec)
Records: 17079  Duplicates: 0  Warnings: 0

Query OK, 0 rows affected (0.00 sec)

Query OK, 17079 rows affected (0.12 sec)
Records: 17079  Duplicates: 0  Warnings: 0

Query OK, 0 rows affected (0.01 sec)

Query OK, 17079 rows affected (1.06 sec)
Records: 17079  Duplicates: 0  Warnings: 0

Query OK, 0 rows affected (0.01 sec)

Query OK, 17079 rows affected (41.74 sec)
Records: 17079  Duplicates: 0  Warnings: 0

+-------------+
| clientstats |
+-------------+
|       17079 |
+-------------+
1 row in set (0.01 sec)

Query OK, 0 rows affected (0.00 sec)

Query OK, 14 rows affected, 1 warning (0.09 sec)
Records: 14  Duplicates: 0  Warnings: 1

+-----------------------+-------------+-------------+----------------+-----------------+
| services              | activecount | allaccounts | uniqueaccounts | uniquecontracts |
+-----------------------+-------------+-------------+----------------+-----------------+
| All                   |         434 |          70 |             70 |             227 |
| Internet & OTT        |           4 |           2 |              2 |               2 |
| Internet & Voice      |         321 |         141 |            141 |             277 |
| Internet Only         |        4401 |        4299 |           4293 |            4340 |
| OTT Only              |           1 |           1 |              1 |               1 |
| TV & Internet         |        9735 |        4366 |           4355 |            8886 |
| TV & Internet & OTT   |        4386 |        1146 |           1144 |            2382 |
| TV & Internet & Voice |         537 |         156 |            156 |             479 |
| TV & OTT              |         331 |          81 |             79 |              90 |
| TV & Voice            |          87 |          39 |             39 |              80 |
| TV & Voice & OTT      |           3 |           1 |              1 |               2 |
| TV Only               |        8477 |        6654 |           6647 |            6853 |
| Voice Only            |         125 |         123 |            123 |             125 |
| GRAND TOTAL           |       28842 |       17079 |          16994 |           23744 |
+-----------------------+-------------+-------------+----------------+-----------------+
14 rows in set (0.00 sec)

+-------------+-------------+-------------+----------------+-----------------+
| network     | activecount | allaccounts | uniqueaccounts | uniquecontracts |
+-------------+-------------+-------------+----------------+-----------------+
| GPON        |       12853 |        6404 |           6401 |           10134 |
| HFC         |       15989 |       10675 |          10675 |           13610 |
| GRAND TOTAL |       28842 |       17079 |          16994 |           23744 |
+-------------+-------------+-------------+----------------+-----------------+
3 rows in set, 1 warning (0.11 sec)

+-------------+-----------------------+-------------+-------------+----------------+-----------------+
| network     | services              | activecount | allaccounts | uniqueaccounts | uniquecontracts |
+-------------+-----------------------+-------------+-------------+----------------+-----------------+
| GPON        | All                   |         301 |          53 |             53 |             169 |
| GPON        | Internet & Voice      |          89 |          37 |             37 |              78 |
| GPON        | Internet Only         |        1592 |        1507 |           1507 |            1532 |
| GPON        | TV & Internet         |        5105 |        2247 |           2247 |            4600 |
| GPON        | TV & Internet & OTT   |        3250 |         848 |            848 |            1770 |
| GPON        | TV & Internet & Voice |         276 |          77 |             77 |             239 |
| GPON        | TV & OTT              |         154 |          53 |             53 |              54 |
| GPON        | TV & Voice            |          56 |          25 |             25 |              52 |
| GPON        | TV & Voice & OTT      |           3 |           1 |              1 |               2 |
| GPON        | TV Only               |        2012 |        1542 |           1542 |            1623 |
| GPON        | Voice Only            |          15 |          14 |             14 |              15 |
| GPON        | Services Total        |       12853 |        6404 |           6401 |           10134 |
| HFC         | All                   |         133 |          17 |             17 |              58 |
| HFC         | Internet & OTT        |           4 |           2 |              2 |               2 |
| HFC         | Internet & Voice      |         232 |         104 |            104 |             199 |
| HFC         | Internet Only         |        2809 |        2792 |           2792 |            2808 |
| HFC         | OTT Only              |           1 |           1 |              1 |               1 |
| HFC         | TV & Internet         |        4630 |        2119 |           2119 |            4286 |
| HFC         | TV & Internet & OTT   |        1136 |         298 |            298 |             612 |
| HFC         | TV & Internet & Voice |         261 |          79 |             79 |             240 |
| HFC         | TV & OTT              |         177 |          28 |             28 |              36 |
| HFC         | TV & Voice            |          31 |          14 |             14 |              28 |
| HFC         | TV Only               |        6465 |        5112 |           5112 |            5230 |
| HFC         | Voice Only            |         110 |         109 |            109 |             110 |
| HFC         | Services Total        |       15989 |       10675 |          10675 |           13610 |
| GRAND TOTAL | Services Total        |       28842 |       17079 |          16994 |           23744 |
+-------------+-----------------------+-------------+-------------+----------------+-----------------+
26 rows in set, 2 warnings (0.12 sec)

Query OK, 0 rows affected (0.00 sec)

Query OK, 41 rows affected, 3 warnings (0.16 sec)
Records: 41  Duplicates: 0  Warnings: 3

+-------------+---------------+-----------------------+-------------+-------------+----------------+-----------------+
| region      | network       | services              | activecount | allaccounts | uniqueaccounts | uniquecontracts |
+-------------+---------------+-----------------------+-------------+-------------+----------------+-----------------+
| Mahe        | GPON          | All                   |         260 |          46 |             46 |             147 |
| Mahe        | GPON          | Internet & Voice      |          75 |          30 |             30 |              64 |
| Mahe        | GPON          | Internet Only         |        1353 |        1269 |           1269 |            1293 |
| Mahe        | GPON          | TV & Internet         |        4322 |        1898 |           1898 |            3878 |
| Mahe        | GPON          | TV & Internet & OTT   |        2693 |         687 |            687 |            1440 |
| Mahe        | GPON          | TV & Internet & Voice |         266 |          74 |             74 |             229 |
| Mahe        | GPON          | TV & OTT              |         132 |          45 |             45 |              46 |
| Mahe        | GPON          | TV & Voice            |          53 |          24 |             24 |              49 |
| Mahe        | GPON          | TV & Voice & OTT      |           3 |           1 |              1 |               2 |
| Mahe        | GPON          | TV Only               |        1664 |        1279 |           1279 |            1347 |
| Mahe        | GPON          | Voice Only            |          14 |          13 |             13 |              14 |
| Mahe        | GPON          | Services Total        |       10835 |        5366 |           5366 |            8509 |
| Mahe        | HFC           | All                   |         133 |          17 |             17 |              58 |
| Mahe        | HFC           | Internet & OTT        |           4 |           2 |              2 |               2 |
| Mahe        | HFC           | Internet & Voice      |         232 |         104 |            104 |             199 |
| Mahe        | HFC           | Internet Only         |        2809 |        2792 |           2792 |            2808 |
| Mahe        | HFC           | OTT Only              |           1 |           1 |              1 |               1 |
| Mahe        | HFC           | TV & Internet         |        4630 |        2119 |           2119 |            4286 |
| Mahe        | HFC           | TV & Internet & OTT   |        1136 |         298 |            298 |             612 |
| Mahe        | HFC           | TV & Internet & Voice |         261 |          79 |             79 |             240 |
| Mahe        | HFC           | TV & OTT              |         177 |          28 |             28 |              36 |
| Mahe        | HFC           | TV & Voice            |          31 |          14 |             14 |              28 |
| Mahe        | HFC           | TV Only               |        6463 |        5110 |           5110 |            5228 |
| Mahe        | HFC           | Voice Only            |         110 |         109 |            109 |             110 |
| Mahe        | HFC           | Services Total        |       15987 |       10673 |          10673 |           13608 |
| Mahe        | Network Total | Services Total        |       26822 |       16039 |          15957 |           22117 |
| Praslin     | GPON          | All                   |          41 |           7 |              7 |              22 |
| Praslin     | GPON          | Internet & Voice      |          14 |           7 |              7 |              14 |
| Praslin     | GPON          | Internet Only         |         239 |         238 |            238 |             239 |
| Praslin     | GPON          | TV & Internet         |         783 |         349 |            349 |             722 |
| Praslin     | GPON          | TV & Internet & OTT   |         557 |         161 |            161 |             330 |
| Praslin     | GPON          | TV & Internet & Voice |          10 |           3 |              3 |              10 |
| Praslin     | GPON          | TV & OTT              |          22 |           8 |              8 |               8 |
| Praslin     | GPON          | TV & Voice            |           3 |           1 |              1 |               3 |
| Praslin     | GPON          | TV Only               |         348 |         263 |            263 |             276 |
| Praslin     | GPON          | Voice Only            |           1 |           1 |              1 |               1 |
| Praslin     | GPON          | Services Total        |        2018 |        1038 |           1038 |            1625 |
| Praslin     | HFC           | TV Only               |           2 |           2 |              2 |               2 |
| Praslin     | HFC           | Services Total        |           2 |           2 |              2 |               2 |
| Praslin     | Network Total | Services Total        |        2020 |        1040 |           1040 |            1627 |
| GRAND TOTAL | Network Total | Services Total        |       28842 |       17079 |          16994 |           23744 |
+-------------+---------------+-----------------------+-------------+-------------+----------------+-----------------+
41 rows in set (0.00 sec)

Query OK, 0 rows affected (0.01 sec)

Query OK, 28228 rows affected (0.35 sec)
Records: 28228  Duplicates: 0  Warnings: 0

Query OK, 0 rows affected (0.00 sec)

Query OK, 2329 rows affected (0.33 sec)
Records: 2329  Duplicates: 0  Warnings: 0

+--------------------------------------+
| message                              |
+--------------------------------------+
| running rcbill_my.sp_ActiveNumber2() |
+--------------------------------------+
1 row in set (0.00 sec)

Query OK, 365 rows affected (1 min 57.35 sec)

mysql> mysql \. C:\workspace\cloud\code\sql\_DailyScript\currenttime.sql
+---------------------+
| currenttime         |
+---------------------+
| 2021-10-05 10:41:17 |
+---------------------+
1 row in set (0.00 sec)

mysql> 
mysql> mysql \. C:\workspace\cloud\code\sql\_DailyScript\GetActiveNumbers Average -Pivot.sql
Database changed
+-------------------------------------+
| @today := subdate(current_date(),1) |
+-------------------------------------+
| 2021-10-04                          |
+-------------------------------------+
1 row in set (0.00 sec)

+-------------------------------------+
| @lastdayofmonth := last_day(@today) |
+-------------------------------------+
| 2021-10-31                          |
+-------------------------------------+
1 row in set (0.00 sec)

Query OK, 0 rows affected (0.01 sec)

Query OK, 51184 rows affected, 65535 warnings (1 min 0.34 sec)
Records: 51184  Duplicates: 0  Warnings: 103611

Query OK, 0 rows affected (0.11 sec)
Records: 0  Duplicates: 0  Warnings: 0

Query OK, 0 rows affected (0.13 sec)
Records: 0  Duplicates: 0  Warnings: 0

Query OK, 0 rows affected (0.11 sec)
Records: 0  Duplicates: 0  Warnings: 0

+-----------------+
| activenumberavg |
+-----------------+
|           51184 |
+-----------------+
1 row in set (0.01 sec)

Query OK, 0 rows affected (0.01 sec)

Query OK, 1988 rows affected (0.55 sec)
Records: 1988  Duplicates: 0  Warnings: 0

+---------------------+
| rep_activenumberavg |
+---------------------+
|                1988 |
+---------------------+
1 row in set (0.00 sec)

+----------------------+
| rep_activenumberavg1 |
+----------------------+
|                  926 |
+----------------------+
1 row in set (0.00 sec)

Query OK, 0 rows affected (0.00 sec)

Query OK, 2708 rows affected (0.45 sec)
Records: 2708  Duplicates: 0  Warnings: 0

Query OK, 0 rows affected (0.01 sec)

Query OK, 13997 rows affected (0.83 sec)
Records: 13997  Duplicates: 0  Warnings: 0

Query OK, 0 rows affected (0.00 sec)

Query OK, 242 rows affected (0.27 sec)
Records: 242  Duplicates: 0  Warnings: 0

Query OK, 0 rows affected (0.00 sec)

Query OK, 0 rows affected (0.00 sec)

Query OK, 0 rows affected (0.00 sec)

Query OK, 0 rows affected (0.00 sec)

Query OK, 0 rows affected (0.00 sec)
Statement prepared

Query OK, 53 rows affected (0.05 sec)
Records: 53  Duplicates: 0  Warnings: 0

Query OK, 0 rows affected (0.00 sec)

Query OK, 0 rows affected (0.00 sec)

+----------------------+
| rep_activenumberavg2 |
+----------------------+
|                 2708 |
+----------------------+
1 row in set (0.00 sec)

+------------------------+
| rep_activenumberavg_pv |
+------------------------+
|                     53 |
+------------------------+
1 row in set (0.00 sec)

Query OK, 0 rows affected (0.00 sec)

Query OK, 2705 rows affected (0.38 sec)
Records: 2705  Duplicates: 0  Warnings: 0

Query OK, 0 rows affected (0.00 sec)

Query OK, 0 rows affected (0.01 sec)

Query OK, 0 rows affected (0.00 sec)

Query OK, 0 rows affected (0.00 sec)

Query OK, 0 rows affected (0.00 sec)
Statement prepared

Query OK, 53 rows affected (0.05 sec)
Records: 53  Duplicates: 0  Warnings: 0

Query OK, 0 rows affected (0.00 sec)

Query OK, 0 rows affected (0.00 sec)

+-------------------------+
| rep_activenumberavgMahe |
+-------------------------+
|                    2705 |
+-------------------------+
1 row in set (0.00 sec)

+----------------------------+
| rep_activenumberavgMahe_pv |
+----------------------------+
|                         53 |
+----------------------------+
1 row in set (0.00 sec)

Query OK, 0 rows affected (0.00 sec)

Query OK, 1711 rows affected (0.17 sec)
Records: 1711  Duplicates: 0  Warnings: 0

Query OK, 0 rows affected (0.00 sec)

Query OK, 0 rows affected (0.00 sec)

Query OK, 0 rows affected (0.00 sec)

Query OK, 0 rows affected (0.00 sec)

Query OK, 0 rows affected (0.00 sec)
Statement prepared

Query OK, 40 rows affected (0.04 sec)
Records: 40  Duplicates: 0  Warnings: 0

Query OK, 0 rows affected (0.00 sec)

Query OK, 0 rows affected (0.00 sec)

+----------------------------+
| rep_activenumberavgPraslin |
+----------------------------+
|                       1711 |
+----------------------------+
1 row in set (0.00 sec)

+-------------------------------+
| rep_activenumberavgPraslin_pv |
+-------------------------------+
|                            40 |
+-------------------------------+
1 row in set (0.00 sec)

mysql> mysql \. C:\workspace\cloud\code\sql\_DailyScript\currenttime.sql
+---------------------+
| currenttime         |
+---------------------+
| 2021-10-05 10:42:21 |
+---------------------+
1 row in set (0.00 sec)

mysql> 
mysql> mysql \. C:\workspace\cloud\code\sql\Analysis\clients_contracts_creditpolicy_2.sql
Database changed
Query OK, 0 rows affected (0.00 sec)

Query OK, 1900145 rows affected (38.26 sec)
Records: 1900145  Duplicates: 0  Warnings: 0

Query OK, 0 rows affected (0.02 sec)

Query OK, 28254 rows affected (0.96 sec)
Records: 28254  Duplicates: 0  Warnings: 0

Query OK, 0 rows affected (0.01 sec)

Query OK, 28326 rows affected (7.77 sec)
Records: 28326  Duplicates: 0  Warnings: 0

+-------------------------+
| rep_cust_cont_creditpol |
+-------------------------+
|                   28326 |
+-------------------------+
1 row in set (0.01 sec)

mysql> mysql \. C:\workspace\cloud\code\sql\_DailyScript\currenttime.sql
+---------------------+
| currenttime         |
+---------------------+
| 2021-10-05 10:43:08 |
+---------------------+
1 row in set (0.00 sec)

mysql> 
mysql> 
mysql> 
mysql> 
mysql> 
mysql> 
mysql> 
mysql> 
mysql> 
mysql> 
mysql> 
mysql> 
mysql> 
mysql> 
mysql> 
mysql> 
mysql> 
mysql> 
mysql> 
mysql> 
mysql> 
mysql> 
mysql> 
mysql> 
mysql> 
mysql> 
mysql> 
mysql> exit
