    -> 
    -> mysql \. C:\workspace\cloud\code\sql\_DailyScript\_setdates.sql
Database changed
Query OK, 0 rows affected (0.00 sec)

Query OK, 0 rows affected (0.00 sec)

Query OK, 0 rows affected (0.00 sec)

Query OK, 0 rows affected (0.00 sec)

Query OK, 0 rows affected (0.00 sec)

Query OK, 0 rows affected (0.00 sec)

Query OK, 0 rows affected (0.00 sec)

Query OK, 0 rows affected (0.00 sec)

Query OK, 0 rows affected (0.00 sec)

Query OK, 0 rows affected (0.00 sec)

Query OK, 0 rows affected (0.00 sec)

Query OK, 0 rows affected (0.00 sec)

Query OK, 0 rows affected (0.00 sec)

Query OK, 0 rows affected (0.00 sec)

Query OK, 0 rows affected (0.00 sec)

Query OK, 0 rows affected (0.00 sec)

Query OK, 0 rows affected (0.00 sec)

Query OK, 0 rows affected (0.00 sec)

Query OK, 0 rows affected (0.00 sec)

Query OK, 0 rows affected (0.00 sec)

Query OK, 0 rows affected (0.00 sec)

mysql> mysql \. C:\workspace\cloud\code\sql\_DailyScript\currenttime.sql
+---------------------+
| currenttime         |
+---------------------+
| 2020-01-05 14:54:26 |
+---------------------+
1 row in set (0.00 sec)

mysql> 
mysql> mysql \. C:\workspace\cloud\code\sql\_DailyScript\load_RCB_VODTITLES.sql
Database changed
Query OK, 0 rows affected (0.00 sec)

Query OK, 8657 rows affected (0.92 sec)

Query OK, 8730 rows affected, 8730 warnings (0.30 sec)
Records: 8730  Deleted: 0  Skipped: 0  Warnings: 8730

Query OK, 0 rows affected (0.00 sec)

Query OK, 2 rows affected (0.01 sec)

+-----------+
| VODTITLES |
+-----------+
|      9188 |
+-----------+
1 row in set (0.00 sec)

+-----------+-----------+
| titletype | typecount |
+-----------+-----------+
| E         |      7091 |
| N         |       213 |
| T         |      1424 |
| NULL      |      8728 |
+-----------+-----------+
4 rows in set (0.04 sec)

mysql> mysql \. C:\workspace\cloud\code\sql\_DailyScript\currenttime.sql
+---------------------+
| currenttime         |
+---------------------+
| 2020-01-05 14:54:27 |
+---------------------+
1 row in set (0.00 sec)

mysql> 
mysql> mysql \. C:\workspace\cloud\code\sql\_DailyScript\DAILY-SCRIPT-LIVETV-STATS.sql
Database changed
Query OK, 0 rows affected (0.11 sec)

Query OK, 78797 rows affected (1.07 sec)
Records: 78797  Duplicates: 0  Warnings: 0

+------------+------------+----------+--------------+--------------+-----------+-------------+----------+--------+------+------------+---------+---------------+
| Table      | Non_unique | Key_name | Seq_in_index | Column_name  | Collation | Cardinality | Sub_part | Packed | Null | Index_type | Comment | Index_comment |
+------------+------------+----------+--------------+--------------+-----------+-------------+----------+--------+------+------------+---------+---------------+
| templivetv |          1 | idxtv1   |            1 | device       | A         |       78717 |     NULL | NULL   | YES  | BTREE      |         |               |
| templivetv |          1 | idxtv2   |            1 | sessionstart | A         |       78717 |     NULL | NULL   | YES  | BTREE      |         |               |
+------------+------------+----------+--------------+--------------+-----------+-------------+----------+--------+------+------------+---------+---------------+
2 rows in set (0.00 sec)

Query OK, 78707 rows affected (52.93 sec)
Records: 78707  Duplicates: 0  Warnings: 0

Query OK, 2715 rows affected (1.30 sec)
Records: 2715  Duplicates: 0  Warnings: 0

Query OK, 0 rows affected (0.00 sec)

Query OK, 0 rows affected (0.12 sec)

Query OK, 136 rows affected (0.14 sec)
Records: 136  Duplicates: 0  Warnings: 0

Query OK, 0 rows affected (0.09 sec)

Query OK, 103481 rows affected (15 min 57.40 sec)
Records: 103481  Duplicates: 0  Warnings: 0

+-----------------+
| rep_livetvstats |
+-----------------+
|          103481 |
+-----------------+
1 row in set (0.03 sec)

mysql> mysql \. C:\workspace\cloud\code\sql\_DailyScript\currenttime.sql
+---------------------+
| currenttime         |
+---------------------+
| 2020-01-05 15:11:20 |
+---------------------+
1 row in set (0.00 sec)

mysql> 
mysql> mysql \. C:\workspace\cloud\code\sql\_DailyScript\DAILY-SCRIPT-VODTS-STATS.sql
Database changed
Query OK, 0 rows affected (0.05 sec)

Query OK, 3949 rows affected (20.36 sec)
Records: 3949  Duplicates: 0  Warnings: 0

+---------+------------+----------+--------------+--------------+-----------+-------------+----------+--------+------+------------+---------+---------------+
| Table   | Non_unique | Key_name | Seq_in_index | Column_name  | Collation | Cardinality | Sub_part | Packed | Null | Index_type | Comment | Index_comment |
+---------+------------+----------+--------------+--------------+-----------+-------------+----------+--------+------+------------+---------+---------------+
| tempvod |          1 | idxtvod1 |            1 | device       | A         |        3680 |     NULL | NULL   | YES  | BTREE      |         |               |
| tempvod |          1 | idxtvod2 |            1 | sessionstart | A         |        3680 |     NULL | NULL   | YES  | BTREE      |         |               |
+---------+------------+----------+--------------+--------------+-----------+-------------+----------+--------+------+------------+---------+---------------+
2 rows in set (0.00 sec)

Query OK, 3949 rows affected (2.68 sec)
Records: 3949  Duplicates: 0  Warnings: 0

Query OK, 0 rows affected (0.01 sec)

Query OK, 452017 rows affected (38.78 sec)
Records: 452017  Duplicates: 0  Warnings: 0

+--------------+
| rep_vodstats |
+--------------+
|       452017 |
+--------------+
1 row in set (0.14 sec)

Database changed
Query OK, 0 rows affected (0.04 sec)

Query OK, 10926 rows affected (1 min 12.41 sec)
Records: 10926  Duplicates: 0  Warnings: 0

+--------+------------+----------+--------------+--------------+-----------+-------------+----------+--------+------+------------+---------+---------------+
| Table  | Non_unique | Key_name | Seq_in_index | Column_name  | Collation | Cardinality | Sub_part | Packed | Null | Index_type | Comment | Index_comment |
+--------+------------+----------+--------------+--------------+-----------+-------------+----------+--------+------+------------+---------+---------------+
| tempts |          1 | idxtts1  |            1 | device       | A         |       11110 |     NULL | NULL   | YES  | BTREE      |         |               |
| tempts |          1 | idxtts2  |            1 | sessionstart | A         |       11110 |     NULL | NULL   | YES  | BTREE      |         |               |
+--------+------------+----------+--------------+--------------+-----------+-------------+----------+--------+------+------------+---------+---------------+
2 rows in set (0.00 sec)

Query OK, 10927 rows affected (10.25 sec)
Records: 10927  Duplicates: 0  Warnings: 0

Query OK, 0 rows affected (0.01 sec)

Query OK, 28652 rows affected (1 min 49.91 sec)
Records: 28652  Duplicates: 0  Warnings: 0

+-------------+
| rep_tsstats |
+-------------+
|       28652 |
+-------------+
1 row in set (0.01 sec)

mysql> mysql \. C:\workspace\cloud\code\sql\_DailyScript\currenttime.sql
+---------------------+
| currenttime         |
+---------------------+
| 2020-01-05 15:15:35 |
+---------------------+
1 row in set (0.00 sec)

mysql> 
mysql> mysql \. C:\workspace\cloud\code\sql\_DailyScript\DAILY-SCRIPT-RADIO-STATS.sql
Database changed
Query OK, 0 rows affected (0.06 sec)

Query OK, 212540 rows affected (3.14 sec)
Records: 212540  Duplicates: 0  Warnings: 0

+-----------+------------+----------+--------------+--------------+-----------+-------------+----------+--------+------+------------+---------+---------------+
| Table     | Non_unique | Key_name | Seq_in_index | Column_name  | Collation | Cardinality | Sub_part | Packed | Null | Index_type | Comment | Index_comment |
+-----------+------------+----------+--------------+--------------+-----------+-------------+----------+--------+------+------------+---------+---------------+
| tempradio |          1 | idxtrad1 |            1 | device       | A         |      211392 |     NULL | NULL   | YES  | BTREE      |         |               |
| tempradio |          1 | idxtrad2 |            1 | sessionstart | A         |      211392 |     NULL | NULL   | YES  | BTREE      |         |               |
+-----------+------------+----------+--------------+--------------+-----------+-------------+----------+--------+------+------------+---------+---------------+
2 rows in set (0.00 sec)

Query OK, 411 rows affected (2.10 sec)
Records: 411  Duplicates: 0  Warnings: 0

Query OK, 0 rows affected (0.02 sec)

Query OK, 3927 rows affected (0.33 sec)
Records: 3927  Duplicates: 0  Warnings: 0

+----------------+
| rep_radiostats |
+----------------+
|           3927 |
+----------------+
1 row in set (0.00 sec)

mysql> mysql \. C:\workspace\cloud\code\sql\_DailyScript\currenttime.sql
+---------------------+
| currenttime         |
+---------------------+
| 2020-01-05 15:15:41 |
+---------------------+
1 row in set (0.00 sec)

mysql> 
mysql> mysql \. C:\workspace\cloud\code\sql\_DailyScript\DAILY_SCRIPT_TELEMETRY_PIVOT_2020.sql
Query OK, 0 rows affected (0.01 sec)

Query OK, 137 rows affected (0.08 sec)
Records: 137  Duplicates: 0  Warnings: 0

Query OK, 0 rows affected (0.02 sec)

Query OK, 2635 rows affected (1.52 sec)
Records: 2635  Duplicates: 0  Warnings: 0

Query OK, 0 rows affected (0.01 sec)

Query OK, 8 rows affected (0.01 sec)
Records: 8  Duplicates: 0  Warnings: 0

Query OK, 0 rows affected (0.01 sec)

Query OK, 47 rows affected (0.10 sec)
Records: 47  Duplicates: 0  Warnings: 0

mysql> mysql \. C:\workspace\cloud\code\sql\_DailyScript\currenttime.sql
+---------------------+
| currenttime         |
+---------------------+
| 2020-01-05 15:15:42 |
+---------------------+
1 row in set (0.00 sec)

mysql> 
mysql> mysql \. C:\workspace\cloud\code\sql\_DailyScript\telemetry_livetv_ranking2020.sql
Query OK, 0 rows affected (0.26 sec)

Query OK, 137 rows affected (0.11 sec)
Records: 137  Duplicates: 0  Warnings: 0

mysql> mysql \. C:\workspace\cloud\code\sql\_DailyScript\currenttime.sql
+---------------------+
| currenttime         |
+---------------------+
| 2020-01-05 15:15:43 |
+---------------------+
1 row in set (0.00 sec)

mysql> 
mysql> mysql \. C:\workspace\cloud\code\sql\_DailyScript\telemetry_radio_ranking2020.sql
Query OK, 0 rows affected (0.00 sec)

Query OK, 8 rows affected (0.01 sec)
Records: 8  Duplicates: 0  Warnings: 0

mysql> mysql \. C:\workspace\cloud\code\sql\_DailyScript\currenttime.sql
+---------------------+
| currenttime         |
+---------------------+
| 2020-01-05 15:15:43 |
+---------------------+
1 row in set (0.00 sec)

mysql> 
mysql> mysql \. C:\workspace\cloud\code\sql\_DailyScript\telemetry_ts_ranking2020.sql
Query OK, 0 rows affected (0.02 sec)

Query OK, 47 rows affected (0.01 sec)
Records: 47  Duplicates: 0  Warnings: 0

mysql> mysql \. C:\workspace\cloud\code\sql\_DailyScript\currenttime.sql
+---------------------+
| currenttime         |
+---------------------+
| 2020-01-05 15:15:43 |
+---------------------+
1 row in set (0.00 sec)

mysql> 
mysql> mysql \. C:\workspace\cloud\code\sql\_DailyScript\telemetry_vod_ranking2020.sql
Query OK, 0 rows affected (0.00 sec)

Query OK, 2635 rows affected (0.10 sec)
Records: 2635  Duplicates: 0  Warnings: 0

mysql> mysql \. C:\workspace\cloud\code\sql\_DailyScript\currenttime.sql
+---------------------+
| currenttime         |
+---------------------+
| 2020-01-05 15:15:43 |
+---------------------+
1 row in set (0.00 sec)

mysql> 
mysql> mysql \. C:\workspace\cloud\code\sql\_DailyScript\telemetry_vod_ranking2020_1.sql
Query OK, 0 rows affected (0.01 sec)

Query OK, 2635 rows affected (0.12 sec)
Records: 2635  Duplicates: 0  Warnings: 0

mysql> mysql \. C:\workspace\cloud\code\sql\_DailyScript\currenttime.sql
+---------------------+
| currenttime         |
+---------------------+
| 2020-01-05 15:15:43 |
+---------------------+
1 row in set (0.00 sec)

mysql> 
mysql> mysql \. C:\workspace\cloud\code\sql\_DailyScript\telemetry_vod_ranking2020_2.sql
Query OK, 0 rows affected (0.00 sec)

Query OK, 2635 rows affected (0.11 sec)
Records: 2635  Duplicates: 0  Warnings: 0

mysql> mysql \. C:\workspace\cloud\code\sql\_DailyScript\currenttime.sql
+---------------------+
| currenttime         |
+---------------------+
| 2020-01-05 15:15:43 |
+---------------------+
1 row in set (0.00 sec)

mysql> 
mysql> mysql \. C:\workspace\cloud\code\sql\_DailyScript\DAILY-SCRIPT-CREATE-LOAD.sql
Database changed
Database changed
Query OK, 0 rows affected (0.13 sec)

Query OK, 0 rows affected (0.02 sec)

Database changed
Query OK, 66036 rows affected (3.14 sec)
Records: 66036  Deleted: 0  Skipped: 0  Warnings: 0

Query OK, 0 rows affected (0.24 sec)
Records: 0  Duplicates: 0  Warnings: 0

Query OK, 0 rows affected (0.34 sec)
Records: 0  Duplicates: 0  Warnings: 0

Query OK, 0 rows affected (0.30 sec)
Records: 0  Duplicates: 0  Warnings: 0

Query OK, 0 rows affected (0.37 sec)
Records: 0  Duplicates: 0  Warnings: 0

+---------+
| clients |
+---------+
|   66036 |
+---------+
1 row in set (0.02 sec)

Query OK, 0 rows affected (0.00 sec)

Query OK, 4699 rows affected (0.92 sec)
Records: 4699  Duplicates: 0  Warnings: 0

+-------------------+
| rcb_clientparcels |
+-------------------+
|              4699 |
+-------------------+
1 row in set (0.00 sec)

Query OK, 0 rows affected (0.19 sec)

Query OK, 82808 rows affected (3.48 sec)
Records: 82808  Duplicates: 0  Warnings: 0

Query OK, 0 rows affected (0.34 sec)
Records: 0  Duplicates: 0  Warnings: 0

Query OK, 0 rows affected (0.58 sec)

Query OK, 66036 rows affected (2.62 sec)
Records: 66036  Duplicates: 0  Warnings: 0

Query OK, 0 rows affected (0.21 sec)
Records: 0  Duplicates: 0  Warnings: 0

Query OK, 0 rows affected (0.34 sec)
Records: 0  Duplicates: 0  Warnings: 0

Query OK, 0 rows affected (0.19 sec)
Records: 0  Duplicates: 0  Warnings: 0

+---------------+
| clientaddress |
+---------------+
|         66036 |
+---------------+
1 row in set (0.02 sec)

Database changed
Query OK, 0 rows affected (0.16 sec)

Query OK, 0 rows affected (0.01 sec)

Database changed
Query OK, 497470 rows affected, 65535 warnings (19.23 sec)
Records: 497470  Deleted: 0  Skipped: 0  Warnings: 197045

Query OK, 0 rows affected (6.71 sec)
Records: 0  Duplicates: 0  Warnings: 0

Query OK, 0 rows affected (3.16 sec)
Records: 0  Duplicates: 0  Warnings: 0

Query OK, 0 rows affected (2.21 sec)
Records: 0  Duplicates: 0  Warnings: 0

Query OK, 0 rows affected (0.19 sec)

Query OK, 497470 rows affected (52.61 sec)
Records: 497470  Duplicates: 0  Warnings: 0

Query OK, 0 rows affected (1.88 sec)
Records: 0  Duplicates: 0  Warnings: 0

Query OK, 0 rows affected (1.30 sec)
Records: 0  Duplicates: 0  Warnings: 0

+-----------+
| contracts |
+-----------+
|    497470 |
+-----------+
1 row in set (0.14 sec)

+-----------------+
| contractaddress |
+-----------------+
|          497470 |
+-----------------+
1 row in set (0.14 sec)

Database changed
Query OK, 0 rows affected (0.01 sec)

Query OK, 0 rows affected (0.02 sec)

Query OK, 7212 rows affected (0.18 sec)
Records: 7212  Deleted: 0  Skipped: 0  Warnings: 0

Query OK, 0 rows affected (0.09 sec)

Query OK, 7181 rows affected (2.99 sec)
Records: 7181  Duplicates: 0  Warnings: 0

Query OK, 0 rows affected (0.04 sec)
Records: 0  Duplicates: 0  Warnings: 0

Query OK, 0 rows affected (0.02 sec)

Query OK, 5600 rows affected (0.19 sec)
Records: 5600  Duplicates: 0  Warnings: 0

Query OK, 0 rows affected (0.12 sec)
Records: 0  Duplicates: 0  Warnings: 0

+-------------------+
| contractdiscounts |
+-------------------+
|              7212 |
+-------------------+
1 row in set (0.00 sec)

+-------------------------+
| clientcontractdiscounts |
+-------------------------+
|                    7181 |
+-------------------------+
1 row in set (0.00 sec)

+----------------------------+
| clientcontractlastdiscount |
+----------------------------+
|                       5600 |
+----------------------------+
1 row in set (0.00 sec)

Database changed
Query OK, 0 rows affected (0.17 sec)

Query OK, 0 rows affected (0.02 sec)

Database changed
Query OK, 132350 rows affected (4.64 sec)
Records: 132350  Deleted: 0  Skipped: 0  Warnings: 0

Query OK, 0 rows affected (0.42 sec)
Records: 0  Duplicates: 0  Warnings: 0

Query OK, 0 rows affected (0.32 sec)
Records: 0  Duplicates: 0  Warnings: 0

Query OK, 0 rows affected (0.34 sec)
Records: 0  Duplicates: 0  Warnings: 0

Query OK, 0 rows affected (0.42 sec)
Records: 0  Duplicates: 0  Warnings: 0

Query OK, 0 rows affected (0.41 sec)
Records: 0  Duplicates: 0  Warnings: 0

Query OK, 0 rows affected (0.71 sec)
Records: 0  Duplicates: 0  Warnings: 0

Query OK, 0 rows affected (0.08 sec)

Query OK, 1698307 rows affected (3 min 17.57 sec)
Records: 1698307  Duplicates: 0  Warnings: 0

+---------+
| devices |
+---------+
|  132350 |
+---------+
1 row in set (0.04 sec)

+-----------------------+
| clientcontractdevices |
+-----------------------+
|               1698307 |
+-----------------------+
1 row in set (0.65 sec)

Query OK, 0 rows affected (0.04 sec)

Query OK, 132253 rows affected (6.34 sec)
Records: 132253  Duplicates: 0  Warnings: 0

+---------------------------+
| rep_clientcontractdevices |
+---------------------------+
|                    132253 |
+---------------------------+
1 row in set (0.04 sec)

Database changed
Query OK, 0 rows affected (0.09 sec)

Query OK, 0 rows affected (0.06 sec)

Query OK, 267606 rows affected (7.86 sec)
Records: 267606  Deleted: 0  Skipped: 0  Warnings: 0

Query OK, 0 rows affected (0.70 sec)
Records: 0  Duplicates: 0  Warnings: 0

Query OK, 0 rows affected (0.66 sec)
Records: 0  Duplicates: 0  Warnings: 0

Query OK, 0 rows affected (0.69 sec)
Records: 0  Duplicates: 0  Warnings: 0

Query OK, 0 rows affected (0.85 sec)
Records: 0  Duplicates: 0  Warnings: 0

+---------+
| tickets |
+---------+
|  267606 |
+---------+
1 row in set (0.08 sec)

Database changed
Query OK, 0 rows affected (0.06 sec)

Query OK, 0 rows affected (0.00 sec)

Empty set (0.00 sec)

Query OK, 0 rows affected (0.01 sec)
Records: 0  Duplicates: 0  Warnings: 0

Query OK, 337 rows affected, 2 warnings (0.07 sec)
Records: 337  Deleted: 0  Skipped: 0  Warnings: 2

+-----------------+
| tickettechusers |
+-----------------+
|             337 |
+-----------------+
1 row in set (0.00 sec)

Database changed
Query OK, 0 rows affected (0.11 sec)

Query OK, 0 rows affected (0.01 sec)

Query OK, 0 rows affected (0.02 sec)
Records: 0  Duplicates: 0  Warnings: 0

Query OK, 569668 rows affected, 44028 warnings (12.02 sec)
Records: 569668  Deleted: 0  Skipped: 0  Warnings: 44028

+-------------------+
| ticketassignments |
+-------------------+
|            569668 |
+-------------------+
1 row in set (0.16 sec)

Database changed
Query OK, 0 rows affected (0.16 sec)

Query OK, 0 rows affected (0.01 sec)

Query OK, 1175363 rows affected (19.30 sec)
Records: 1175363  Deleted: 0  Skipped: 0  Warnings: 0

Query OK, 0 rows affected (8.02 sec)
Records: 0  Duplicates: 0  Warnings: 0

Query OK, 0 rows affected (4.18 sec)
Records: 0  Duplicates: 0  Warnings: 0

Query OK, 0 rows affected (3.59 sec)
Records: 0  Duplicates: 0  Warnings: 0

Query OK, 0 rows affected (3.90 sec)
Records: 0  Duplicates: 0  Warnings: 0

+----------------+
| ticketcomments |
+----------------+
|        1175363 |
+----------------+
1 row in set (0.35 sec)

Database changed
Query OK, 0 rows affected (0.02 sec)

Query OK, 0 rows affected (0.01 sec)

Query OK, 430534 rows affected (43.44 sec)
Records: 430534  Deleted: 0  Skipped: 0  Warnings: 0

Query OK, 0 rows affected (2.33 sec)
Records: 0  Duplicates: 0  Warnings: 0

+----------+
| comments |
+----------+
|   430534 |
+----------+
1 row in set (0.13 sec)

Database changed
Query OK, 0 rows affected (0.05 sec)

Query OK, 0 rows affected (0.01 sec)

Query OK, 1090570 rows affected, 65535 warnings (1 min 7.43 sec)
Records: 1090570  Deleted: 0  Skipped: 0  Warnings: 1090586

Query OK, 0 rows affected (9.46 sec)
Records: 0  Duplicates: 0  Warnings: 0

Query OK, 0 rows affected (2.92 sec)
Records: 0  Duplicates: 0  Warnings: 0

Query OK, 0 rows affected (3.84 sec)
Records: 0  Duplicates: 0  Warnings: 0

Query OK, 0 rows affected (3.31 sec)
Records: 0  Duplicates: 0  Warnings: 0

Query OK, 0 rows affected (4.55 sec)
Records: 0  Duplicates: 0  Warnings: 0

+------------+
| devicesold |
+------------+
|    1090570 |
+------------+
1 row in set (0.33 sec)

Database changed
Query OK, 0 rows affected (0.06 sec)

Query OK, 0 rows affected (0.01 sec)

Query OK, 1691785 rows affected (29.29 sec)
Records: 1691785  Deleted: 0  Skipped: 0  Warnings: 0

Query OK, 0 rows affected (16.90 sec)
Records: 0  Duplicates: 0  Warnings: 0

Query OK, 0 rows affected (7.52 sec)
Records: 0  Duplicates: 0  Warnings: 0

Query OK, 0 rows affected (6.09 sec)
Records: 0  Duplicates: 0  Warnings: 0

+------------------+
| contractservices |
+------------------+
|          1691785 |
+------------------+
1 row in set (0.51 sec)

Database changed
Query OK, 0 rows affected (0.23 sec)

Query OK, 0 rows affected (0.01 sec)

Query OK, 3917501 rows affected (2 min 10.06 sec)
Records: 3917501  Deleted: 0  Skipped: 0  Warnings: 0

Query OK, 0 rows affected (15.20 sec)
Records: 0  Duplicates: 0  Warnings: 0

Query OK, 0 rows affected (14.80 sec)
Records: 0  Duplicates: 0  Warnings: 0

Query OK, 0 rows affected (14.82 sec)
Records: 0  Duplicates: 0  Warnings: 0

Query OK, 0 rows affected (11.16 sec)
Records: 0  Duplicates: 0  Warnings: 0

+------------------+
| invoicescontents |
+------------------+
|          3917501 |
+------------------+
1 row in set (1.39 sec)

Database changed
Query OK, 0 rows affected (0.13 sec)

Query OK, 0 rows affected (0.01 sec)

Query OK, 2728373 rows affected (3 min 42.91 sec)
Records: 2728373  Deleted: 0  Skipped: 0  Warnings: 0

Query OK, 0 rows affected (14.96 sec)
Records: 0  Duplicates: 0  Warnings: 0

Query OK, 0 rows affected (14.58 sec)
Records: 0  Duplicates: 0  Warnings: 0

Query OK, 0 rows affected (13.22 sec)
Records: 0  Duplicates: 0  Warnings: 0

Query OK, 0 rows affected (10.18 sec)
Records: 0  Duplicates: 0  Warnings: 0

Query OK, 0 rows affected (13.09 sec)
Records: 0  Duplicates: 0  Warnings: 0

+----------------+
| invoicesheader |
+----------------+
|        2728373 |
+----------------+
1 row in set (0.80 sec)

Database changed
Query OK, 0 rows affected (0.16 sec)

Query OK, 0 rows affected (0.01 sec)

Query OK, 2819925 rows affected (1 min 26.16 sec)
Records: 2819925  Deleted: 0  Skipped: 0  Warnings: 0

Query OK, 0 rows affected (21.43 sec)
Records: 0  Duplicates: 0  Warnings: 0

Query OK, 0 rows affected (11.97 sec)
Records: 0  Duplicates: 0  Warnings: 0

Query OK, 0 rows affected (8.95 sec)
Records: 0  Duplicates: 0  Warnings: 0

Query OK, 0 rows affected (9.82 sec)
Records: 0  Duplicates: 0  Warnings: 0

+---------+
| casa    |
+---------+
| 2819925 |
+---------+
1 row in set (0.99 sec)

Query OK, 0 rows affected (0.03 sec)

Query OK, 13451 rows affected (1 min 16.82 sec)
Records: 13451  Duplicates: 0  Warnings: 0

+--------------------+
| rep_paycol_channel |
+--------------------+
|              13451 |
+--------------------+
1 row in set (0.01 sec)

Query OK, 0 rows affected (0.00 sec)

Query OK, 9495 rows affected (1 min 30.85 sec)
Records: 9495  Duplicates: 0  Warnings: 0

+----------------+
| rep_paycol_pos |
+----------------+
|           9495 |
+----------------+
1 row in set (0.00 sec)

Database changed
Query OK, 0 rows affected (0.01 sec)

Query OK, 0 rows affected (0.01 sec)

Database changed
Query OK, 38822 rows affected (0.91 sec)
Records: 38822  Deleted: 0  Skipped: 0  Warnings: 0

+-------+
| users |
+-------+
| 38822 |
+-------+
1 row in set (0.02 sec)

Database changed
Query OK, 0 rows affected (0.17 sec)

Query OK, 0 rows affected (0.00 sec)

Query OK, 1872898 rows affected, 2 warnings (34.16 sec)
Records: 1872898  Deleted: 0  Skipped: 0  Warnings: 2

Query OK, 0 rows affected (8.28 sec)
Records: 0  Duplicates: 0  Warnings: 0

Query OK, 0 rows affected (5.92 sec)
Records: 0  Duplicates: 0  Warnings: 0

Query OK, 0 rows affected (4.66 sec)
Records: 0  Duplicates: 0  Warnings: 0

Query OK, 0 rows affected (6.30 sec)
Records: 0  Duplicates: 0  Warnings: 0

Query OK, 0 rows affected (4.79 sec)
Records: 0  Duplicates: 0  Warnings: 0

+-------------+
| useractions |
+-------------+
|     1872898 |
+-------------+
1 row in set (0.56 sec)

Database changed
Query OK, 0 rows affected (0.20 sec)

Query OK, 0 rows affected (0.01 sec)

Database changed
Query OK, 13025598 rows affected (3 min 19.23 sec)
Records: 13025598  Deleted: 0  Skipped: 0  Warnings: 0

Query OK, 0 rows affected (43.88 sec)
Records: 0  Duplicates: 0  Warnings: 0

Query OK, 0 rows affected (44.31 sec)
Records: 0  Duplicates: 0  Warnings: 0

Query OK, 0 rows affected (47.07 sec)
Records: 0  Duplicates: 0  Warnings: 0

Query OK, 0 rows affected (46.43 sec)
Records: 0  Duplicates: 0  Warnings: 0

+----------+
| ipusage1 |
+----------+
| 13025598 |
+----------+
1 row in set (12.03 sec)

Query OK, 0 rows affected (0.23 sec)

Query OK, 13138774 rows affected, 65535 warnings (14 min 33.31 sec)
Records: 13138774  Duplicates: 0  Warnings: 13135182

Query OK, 0 rows affected (39.08 sec)
Records: 0  Duplicates: 0  Warnings: 0

Query OK, 0 rows affected (46.71 sec)
Records: 0  Duplicates: 0  Warnings: 0

Query OK, 0 rows affected (43.13 sec)
Records: 0  Duplicates: 0  Warnings: 0

Query OK, 0 rows affected (44.36 sec)
Records: 0  Duplicates: 0  Warnings: 0

Query OK, 0 rows affected (56.79 sec)
Records: 0  Duplicates: 0  Warnings: 0

Query OK, 0 rows affected (1 min 7.55 sec)
Records: 0  Duplicates: 0  Warnings: 0

Query OK, 0 rows affected (1 min 5.17 sec)
Records: 0  Duplicates: 0  Warnings: 0

+----------+
| ipusage  |
+----------+
| 13138774 |
+----------+
1 row in set (10.07 sec)

Query OK, 0 rows affected (0.15 sec)

Query OK, 3316607 rows affected (3 min 20.54 sec)
Records: 3316607  Duplicates: 0  Warnings: 0

Query OK, 0 rows affected (16.79 sec)
Records: 0  Duplicates: 0  Warnings: 0

Query OK, 0 rows affected (12.66 sec)
Records: 0  Duplicates: 0  Warnings: 0

Query OK, 0 rows affected (11.74 sec)
Records: 0  Duplicates: 0  Warnings: 0

Query OK, 0 rows affected (14.08 sec)
Records: 0  Duplicates: 0  Warnings: 0

Query OK, 0 rows affected (11.55 sec)
Records: 0  Duplicates: 0  Warnings: 0

Query OK, 0 rows affected (0.23 sec)

Query OK, 266954 rows affected (25.68 sec)
Records: 266954  Duplicates: 0  Warnings: 0

Query OK, 0 rows affected (0.85 sec)
Records: 0  Duplicates: 0  Warnings: 0

Query OK, 0 rows affected (0.81 sec)
Records: 0  Duplicates: 0  Warnings: 0

Query OK, 0 rows affected (0.95 sec)
Records: 0  Duplicates: 0  Warnings: 0

Query OK, 0 rows affected (0.49 sec)
Records: 0  Duplicates: 0  Warnings: 0

Query OK, 0 rows affected (0.50 sec)
Records: 0  Duplicates: 0  Warnings: 0

Query OK, 0 rows affected (0.48 sec)
Records: 0  Duplicates: 0  Warnings: 0

Query OK, 0 rows affected (0.50 sec)
Records: 0  Duplicates: 0  Warnings: 0

Query OK, 0 rows affected (0.07 sec)

Query OK, 1691597 rows affected (1 min 1.40 sec)
Records: 1691597  Duplicates: 0  Warnings: 0

Query OK, 0 rows affected (9.43 sec)
Records: 0  Duplicates: 0  Warnings: 0

Query OK, 0 rows affected (3.27 sec)
Records: 0  Duplicates: 0  Warnings: 0

Query OK, 0 rows affected (5.14 sec)
Records: 0  Duplicates: 0  Warnings: 0

mysql> mysql \. C:\workspace\cloud\code\sql\_DailyScript\currenttime.sql
+---------------------+
| currenttime         |
+---------------------+
| 2020-01-05 16:13:09 |
+---------------------+
1 row in set (0.00 sec)

mysql> 
mysql> mysql \. C:\workspace\cloud\code\sql\_DailyScript\ticket_analysis.sql
Database changed
Query OK, 0 rows affected (0.07 sec)

Query OK, 536343 rows affected (20.73 sec)
Records: 536343  Duplicates: 0  Warnings: 0

Query OK, 0 rows affected (7.60 sec)
Records: 0  Duplicates: 0  Warnings: 0

Query OK, 0 rows affected (2.22 sec)
Records: 0  Duplicates: 0  Warnings: 0

Query OK, 0 rows affected (2.11 sec)
Records: 0  Duplicates: 0  Warnings: 0

Query OK, 0 rows affected (0.02 sec)

Query OK, 18175 rows affected (10.51 sec)
Records: 18175  Duplicates: 0  Warnings: 0

Query OK, 0 rows affected, 1 warning (0.00 sec)

Query OK, 74068 rows affected (6.01 sec)
Records: 74068  Duplicates: 0  Warnings: 0

Query OK, 0 rows affected, 1 warning (0.00 sec)

Query OK, 384201 rows affected (10.52 sec)
Records: 384201  Duplicates: 0  Warnings: 0

Query OK, 0 rows affected, 1 warning (0.00 sec)

Query OK, 384201 rows affected (12.46 sec)
Records: 384201  Duplicates: 0  Warnings: 0

Query OK, 0 rows affected (0.01 sec)

Query OK, 74122 rows affected (6.81 sec)
Records: 74122  Duplicates: 0  Warnings: 0

Database changed
Query OK, 0 rows affected (0.00 sec)

Query OK, 0 rows affected (0.04 sec)

Query OK, 536343 rows affected (25.24 sec)
Records: 536343  Duplicates: 0  Warnings: 0

Query OK, 0 rows affected (0.16 sec)

Query OK, 262221 rows affected (21.97 sec)
Records: 262221  Duplicates: 0  Warnings: 0

+--------------------------+
| clientticket_cmmtjourney |
+--------------------------+
|                   536343 |
+--------------------------+
1 row in set (8.18 sec)

+---------------------------+
| clientticket_assgnjourney |
+---------------------------+
|                    262221 |
+---------------------------+
1 row in set (0.35 sec)

Query OK, 0 rows affected (0.04 sec)

Query OK, 72 rows affected (0.12 sec)
Records: 72  Duplicates: 0  Warnings: 0

mysql> mysql \. C:\workspace\cloud\code\sql\_DailyScript\currenttime.sql
+---------------------+
| currenttime         |
+---------------------+
| 2020-01-05 16:15:24 |
+---------------------+
1 row in set (0.00 sec)

mysql> 
mysql> mysql \. C:\workspace\cloud\code\sql\_DailyScript\load_DailyCalls.sql
Database changed
Query OK, 366 rows affected (1.00 sec)
Records: 366  Deleted: 0  Skipped: 0  Warnings: 0

Query OK, 0 rows affected, 1 warning (0.00 sec)

Query OK, 352 rows affected (0.39 sec)
Records: 352  Duplicates: 0  Warnings: 0

Query OK, 0 rows affected, 1 warning (0.00 sec)

Query OK, 66757 rows affected (0.50 sec)
Records: 66757  Duplicates: 0  Warnings: 0

+----------------------+
| callingclientsbefore |
+----------------------+
|               811358 |
+----------------------+
1 row in set (1.37 sec)

Query OK, 462 rows affected (8.82 sec)
Records: 462  Duplicates: 0  Warnings: 0

+---------------------+
| callingclientsafter |
+---------------------+
|              811820 |
+---------------------+
1 row in set (0.25 sec)

Query OK, 0 rows affected (0.09 sec)

Query OK, 262 rows affected (5.98 sec)
Records: 262  Duplicates: 0  Warnings: 0

Query OK, 0 rows affected (0.00 sec)

Query OK, 16796 rows affected (2.56 sec)
Records: 16796  Duplicates: 0  Warnings: 0

+-----------+
| callstats |
+-----------+
|     16796 |
+-----------+
1 row in set (0.01 sec)

Query OK, 0 rows affected, 1 warning (0.00 sec)

Query OK, 462 rows affected (4.85 sec)
Records: 462  Duplicates: 0  Warnings: 0

+------------------------+
| rep_cccallreportbefore |
+------------------------+
|                 815718 |
+------------------------+
1 row in set (0.22 sec)

Query OK, 462 rows affected (2.15 sec)
Records: 462  Duplicates: 0  Warnings: 0

+-----------------------+
| rep_cccallreportafter |
+-----------------------+
|                816180 |
+-----------------------+
1 row in set (0.22 sec)

Query OK, 0 rows affected (0.00 sec)

mysql> mysql \. C:\workspace\cloud\code\sql\_DailyScript\currenttime.sql
+---------------------+
| currenttime         |
+---------------------+
| 2020-01-05 16:15:53 |
+---------------------+
1 row in set (0.00 sec)

mysql> 
mysql> mysql \. C:\workspace\cloud\code\sql\_DailyScript\DAILY-SCRIPT-USAGE.sql
Database changed
Query OK, 0 rows affected (0.00 sec)

Query OK, 6640 rows affected, 19175 warnings (6.73 sec)
Records: 6640  Deleted: 0  Skipped: 0  Warnings: 19175

Query OK, 0 rows affected (0.00 sec)

Query OK, 10379 rows affected, 29975 warnings (6.55 sec)
Records: 10379  Deleted: 0  Skipped: 0  Warnings: 29975

Query OK, 0 rows affected (0.00 sec)

Query OK, 151 rows affected, 532 warnings (0.11 sec)
Records: 151  Deleted: 0  Skipped: 0  Warnings: 532

Query OK, 0 rows affected (0.00 sec)

Query OK, 256 rows affected, 867 warnings (0.15 sec)
Records: 256  Deleted: 0  Skipped: 0  Warnings: 867

+------------+
| dailyusage |
+------------+
|    9693248 |
+------------+
1 row in set (9.96 sec)

+------------+------------+------------+---------+
| datestart  | dateend    | insertedon | records |
+------------+------------+------------+---------+
| 2020-01-04 | 2020-01-04 | 2020-01-05 |   17426 |
| 2020-01-03 | 2020-01-03 | 2020-01-04 |   17320 |
| 2020-01-02 | 2020-01-02 | 2020-01-03 |   17095 |
| 2020-01-01 | 2020-01-01 | 2020-01-02 |   17238 |
| 2019-12-31 | 2019-12-31 | 2020-01-01 |   17478 |
+------------+------------+------------+---------+
5 rows in set (1 min 11.27 sec)

mysql> mysql \. C:\workspace\cloud\code\sql\_DailyScript\currenttime.sql
+---------------------+
| currenttime         |
+---------------------+
| 2020-01-05 16:17:28 |
+---------------------+
1 row in set (0.00 sec)

mysql> 
mysql> mysql \. C:\workspace\cloud\code\sql\_DailyScript\DAILY-SCRIPT-SALES-TELEMETRY.sql
Database changed
Query OK, 115 rows affected, 48 warnings (0.08 sec)
Records: 115  Deleted: 0  Skipped: 0  Warnings: 48

+------------+
| dailysales |
+------------+
|     179351 |
+------------+
1 row in set (0.58 sec)

Query OK, 0 rows affected (0.01 sec)

Query OK, 179351 rows affected (14.21 sec)
Records: 179351  Duplicates: 0  Warnings: 0

+--------+
| sales  |
+--------+
| 179351 |
+--------+
1 row in set (0.08 sec)

Query OK, 0 rows affected (0.01 sec)

Query OK, 2886 rows affected (0.30 sec)
Records: 2886  Duplicates: 0  Warnings: 0

+----------------+
| rep_dailysales |
+----------------+
|           2886 |
+----------------+
1 row in set (0.00 sec)

Query OK, 0 rows affected (0.00 sec)

Query OK, 2886 rows affected (0.47 sec)
Records: 2886  Duplicates: 0  Warnings: 0

+-------------------+
| rep_dailysalesreg |
+-------------------+
|              2886 |
+-------------------+
1 row in set (0.00 sec)

Query OK, 0 rows affected (0.01 sec)

Query OK, 2630 rows affected (0.62 sec)
Records: 2630  Duplicates: 0  Warnings: 0

+-----------+
| saleslist |
+-----------+
|      2630 |
+-----------+
1 row in set (0.00 sec)

Database changed
ERROR 2 (HY000): File 'C:\ProgramData\MySQL\MySQL Server 5.7\Uploads\_csv\PrepaidCardSales-04012020-P1.csv' not found (Errcode: 2 - No such file or directory)
+------------------+
| dailysinglesales |
+------------------+
|             6108 |
+------------------+
1 row in set (0.04 sec)

Database changed
Query OK, 3 rows affected (0.02 sec)
Records: 3  Deleted: 0  Skipped: 0  Warnings: 0

+-----------------+
| dailyaddonsales |
+-----------------+
|           17959 |
+-----------------+
1 row in set (0.08 sec)

Query OK, 111 rows affected (0.32 sec)
Records: 111  Deleted: 0  Skipped: 0  Warnings: 0

+----------------+
| onlinepayments |
+----------------+
|          76114 |
+----------------+
1 row in set (0.25 sec)

+-------------+----------------+---------------------+
| paymentdate | onlinepayments | onlinepaymentamount |
+-------------+----------------+---------------------+
| 2020-01-04  |            111 |         64856.82000 |
| 2020-01-03  |            128 |        109438.42000 |
| 2020-01-02  |            138 |         94332.75000 |
| 2020-01-01  |             93 |         65416.94000 |
| 2019-12-31  |            124 |         79734.35000 |
+-------------+----------------+---------------------+
5 rows in set (0.88 sec)

+-------------+--------------+----------------+---------------------+
| paymentyear | paymentmonth | onlinepayments | onlinepaymentamount |
+-------------+--------------+----------------+---------------------+
|        2020 |            1 |            470 |        334044.93000 |
|        2020 |         NULL |            470 |        334044.93000 |
|        2019 |           12 |           3234 |       2134467.48000 |
|        2019 |           11 |           3112 |       2058344.74000 |
|        2019 |           10 |           3323 |       2227696.68000 |
+-------------+--------------+----------------+---------------------+
5 rows in set (0.08 sec)

mysql> mysql \. C:\workspace\cloud\code\sql\_DailyScript\currenttime.sql
+---------------------+
| currenttime         |
+---------------------+
| 2020-01-05 16:17:46 |
+---------------------+
1 row in set (0.00 sec)

mysql> 
mysql> mysql \. C:\workspace\cloud\code\sql\_DailyScript\DAILY-SCRIPT-ACTIVENUMBERS.sql
Database changed
Query OK, 1222 rows affected (0.91 sec)
Records: 1222  Deleted: 0  Skipped: 0  Warnings: 0

+------------+----------+
| period     | count(1) |
+------------+----------+
| 2020-01-04 |     1222 |
| 2020-01-03 |     1223 |
| 2020-01-02 |     1224 |
| 2020-01-01 |     1224 |
| 2019-12-31 |     1227 |
| 2019-12-30 |     1228 |
+------------+----------+
6 rows in set (0.01 sec)

Query OK, 0 rows affected (0.12 sec)

Query OK, 80 rows affected (1.49 sec)
Records: 80  Duplicates: 0  Warnings: 0

+-------------+
| packagelist |
+-------------+
|          80 |
+-------------+
1 row in set (0.00 sec)

Database changed
Query OK, 0 rows affected (0.00 sec)

Query OK, 0 rows affected (0.00 sec)

Query OK, 0 rows affected (0.01 sec)

Query OK, 0 rows affected (0.00 sec)

Query OK, 26388 rows affected, 208 warnings (1 min 14.29 sec)
Records: 26388  Deleted: 0  Skipped: 0  Warnings: 208

+------------+----------+
| period     | count(1) |
+------------+----------+
| 2020-01-04 |    26388 |
| 2020-01-03 |    26442 |
| 2020-01-02 |    26766 |
| 2020-01-01 |    27095 |
| 2019-12-31 |    27324 |
+------------+----------+
5 rows in set (0.39 sec)

Query OK, 0 rows affected (0.05 sec)

Query OK, 25776 rows affected (2 min 6.65 sec)
Records: 25776  Duplicates: 0  Warnings: 0

Query OK, 0 rows affected (0.14 sec)
Records: 0  Duplicates: 0  Warnings: 0

Query OK, 0 rows affected (0.11 sec)
Records: 0  Duplicates: 0  Warnings: 0

Query OK, 0 rows affected (0.09 sec)
Records: 0  Duplicates: 0  Warnings: 0

Query OK, 0 rows affected (0.08 sec)
Records: 0  Duplicates: 0  Warnings: 0

Query OK, 0 rows affected (0.06 sec)
Records: 0  Duplicates: 0  Warnings: 0

Query OK, 0 rows affected (0.10 sec)
Records: 0  Duplicates: 0  Warnings: 0

+-------------+
| countbefore |
+-------------+
|    32279958 |
+-------------+
1 row in set (35.59 sec)

Query OK, 25776 rows affected (32.86 sec)
Records: 25776  Duplicates: 0  Warnings: 0

+------------+
| countafter |
+------------+
|   32305734 |
+------------+
1 row in set (12.65 sec)

+------------+--------------------------+
| period     | customercontractactivity |
+------------+--------------------------+
| 2020-01-04 |                    25776 |
| 2020-01-03 |                    25830 |
| 2020-01-02 |                    26154 |
| 2020-01-01 |                    26483 |
| 2019-12-31 |                    26712 |
+------------+--------------------------+
5 rows in set (0.06 sec)

Query OK, 0 rows affected (0.09 sec)

Query OK, 244720 rows affected (11 min 47.12 sec)
Records: 244720  Duplicates: 0  Warnings: 0

Query OK, 0 rows affected (0.87 sec)
Records: 0  Duplicates: 0  Warnings: 0

Query OK, 0 rows affected (0.97 sec)
Records: 0  Duplicates: 0  Warnings: 0

Query OK, 0 rows affected (0.95 sec)
Records: 0  Duplicates: 0  Warnings: 0

Query OK, 0 rows affected (0.08 sec)

Query OK, 246 rows affected (0.53 sec)
Records: 246  Duplicates: 0  Warnings: 0

Query OK, 0 rows affected (0.00 sec)

Query OK, 2483 rows affected (0.53 sec)
Records: 2483  Duplicates: 0  Warnings: 0

Query OK, 0 rows affected (0.04 sec)

Query OK, 25764 rows affected (0.55 sec)
Records: 25764  Duplicates: 0  Warnings: 0

Query OK, 0 rows affected (0.02 sec)

Query OK, 16461 rows affected (0.33 sec)
Records: 16461  Duplicates: 0  Warnings: 0

Query OK, 0 rows affected (0.01 sec)

Query OK, 16461 rows affected (0.11 sec)
Records: 16461  Duplicates: 0  Warnings: 0

Query OK, 0 rows affected (0.01 sec)

Query OK, 16461 rows affected (1.15 sec)
Records: 16461  Duplicates: 0  Warnings: 0

Query OK, 0 rows affected (0.19 sec)

Query OK, 16461 rows affected (41.83 sec)
Records: 16461  Duplicates: 0  Warnings: 0

+-------------+
| clientstats |
+-------------+
|       16461 |
+-------------+
1 row in set (0.01 sec)

Query OK, 0 rows affected (0.00 sec)

Query OK, 12 rows affected, 1 warning (0.09 sec)
Records: 12  Duplicates: 0  Warnings: 1

+-----------------------+-------------+-------------+----------------+-----------------+
| services              | activecount | allaccounts | uniqueaccounts | uniquecontracts |
+-----------------------+-------------+-------------+----------------+-----------------+
| All                   |         237 |          39 |             39 |             127 |
| Internet & Voice      |         409 |         186 |            186 |             363 |
| Internet Only         |        4050 |        3953 |           3940 |            3989 |
| OTT Only              |           1 |           1 |              1 |               1 |
| TV & Internet         |        8478 |        3742 |           3730 |            7628 |
| TV & Internet & OTT   |        2442 |         660 |            659 |            1352 |
| TV & Internet & Voice |         480 |         142 |            142 |             432 |
| TV & OTT              |         351 |          70 |             69 |              86 |
| TV & Voice            |          97 |          41 |             41 |              85 |
| TV Only               |        9792 |        7441 |           7434 |            7626 |
| Voice Only            |         187 |         186 |            185 |             187 |
| GRAND TOTAL           |       26524 |       16461 |          16373 |           21876 |
+-----------------------+-------------+-------------+----------------+-----------------+
12 rows in set (0.00 sec)

+-------------+-------------+-------------+----------------+-----------------+
| network     | activecount | allaccounts | uniqueaccounts | uniquecontracts |
+-------------+-------------+-------------+----------------+-----------------+
| ADDON       |          14 |          10 |             10 |              10 |
| GPON        |        7686 |        3910 |           3907 |            5957 |
| HFC         |       18824 |       12541 |          12541 |           15909 |
| GRAND TOTAL |       26524 |       16461 |          16373 |           21876 |
+-------------+-------------+-------------+----------------+-----------------+
4 rows in set, 1 warning (0.11 sec)

+-------------+-----------------------+-------------+-------------+----------------+-----------------+
| network     | services              | activecount | allaccounts | uniqueaccounts | uniquecontracts |
+-------------+-----------------------+-------------+-------------+----------------+-----------------+
| ADDON       | OTT Only              |           1 |           1 |              1 |               1 |
| ADDON       | TV & OTT              |           6 |           2 |              2 |               2 |
| ADDON       | TV Only               |           7 |           7 |              7 |               7 |
| ADDON       | Services Total        |          14 |          10 |             10 |              10 |
| GPON        | All                   |         129 |          20 |             20 |              65 |
| GPON        | Internet & Voice      |          68 |          28 |             28 |              58 |
| GPON        | Internet Only         |        1027 |         947 |            947 |             969 |
| GPON        | TV & Internet         |        3175 |        1346 |           1346 |            2767 |
| GPON        | TV & Internet & OTT   |        1284 |         345 |            345 |             708 |
| GPON        | TV & Internet & Voice |         163 |          47 |             47 |             145 |
| GPON        | TV & OTT              |          89 |          28 |             28 |              29 |
| GPON        | TV & Voice            |          50 |          20 |             20 |              43 |
| GPON        | TV Only               |        1691 |        1119 |           1119 |            1163 |
| GPON        | Voice Only            |          10 |          10 |             10 |              10 |
| GPON        | Services Total        |        7686 |        3910 |           3907 |            5957 |
| HFC         | All                   |         108 |          19 |             19 |              62 |
| HFC         | Internet & Voice      |         341 |         158 |            158 |             305 |
| HFC         | Internet Only         |        3023 |        3006 |           3006 |            3020 |
| HFC         | TV & Internet         |        5303 |        2396 |           2396 |            4861 |
| HFC         | TV & Internet & OTT   |        1158 |         315 |            315 |             644 |
| HFC         | TV & Internet & Voice |         317 |          95 |             95 |             287 |
| HFC         | TV & OTT              |         256 |          40 |             40 |              55 |
| HFC         | TV & Voice            |          47 |          21 |             21 |              42 |
| HFC         | TV Only               |        8094 |        6315 |           6315 |            6456 |
| HFC         | Voice Only            |         177 |         176 |            176 |             177 |
| HFC         | Services Total        |       18824 |       12541 |          12541 |           15909 |
| GRAND TOTAL | Services Total        |       26524 |       16461 |          16373 |           21876 |
+-------------+-----------------------+-------------+-------------+----------------+-----------------+
27 rows in set, 2 warnings (0.13 sec)

Query OK, 0 rows affected (0.01 sec)

Query OK, 44 rows affected, 3 warnings (0.17 sec)
Records: 44  Duplicates: 0  Warnings: 3

+-------------+---------------+-----------------------+-------------+-------------+----------------+-----------------+
| region      | network       | services              | activecount | allaccounts | uniqueaccounts | uniquecontracts |
+-------------+---------------+-----------------------+-------------+-------------+----------------+-----------------+
| Mahe        | ADDON         | OTT Only              |           1 |           1 |              1 |               1 |
| Mahe        | ADDON         | TV & OTT              |           6 |           2 |              2 |               2 |
| Mahe        | ADDON         | TV Only               |           3 |           3 |              3 |               3 |
| Mahe        | ADDON         | Services Total        |          10 |           6 |              6 |               6 |
| Mahe        | GPON          | All                   |         116 |          18 |             18 |              59 |
| Mahe        | GPON          | Internet & Voice      |          54 |          21 |             21 |              44 |
| Mahe        | GPON          | Internet Only         |         813 |         733 |            733 |             755 |
| Mahe        | GPON          | TV & Internet         |        2330 |         974 |            974 |            1999 |
| Mahe        | GPON          | TV & Internet & OTT   |         929 |         243 |            243 |             495 |
| Mahe        | GPON          | TV & Internet & Voice |         146 |          42 |             42 |             128 |
| Mahe        | GPON          | TV & OTT              |          67 |          19 |             19 |              20 |
| Mahe        | GPON          | TV & Voice            |          46 |          19 |             19 |              40 |
| Mahe        | GPON          | TV Only               |        1309 |         851 |            851 |             876 |
| Mahe        | GPON          | Voice Only            |          10 |          10 |             10 |              10 |
| Mahe        | GPON          | Services Total        |        5820 |        2930 |           2930 |            4426 |
| Mahe        | HFC           | All                   |         108 |          19 |             19 |              62 |
| Mahe        | HFC           | Internet & Voice      |         341 |         158 |            158 |             305 |
| Mahe        | HFC           | Internet Only         |        3022 |        3005 |           3005 |            3019 |
| Mahe        | HFC           | TV & Internet         |        5303 |        2396 |           2396 |            4861 |
| Mahe        | HFC           | TV & Internet & OTT   |        1158 |         315 |            315 |             644 |
| Mahe        | HFC           | TV & Internet & Voice |         317 |          95 |             95 |             287 |
| Mahe        | HFC           | TV & OTT              |         256 |          40 |             40 |              55 |
| Mahe        | HFC           | TV & Voice            |          47 |          21 |             21 |              42 |
| Mahe        | HFC           | TV Only               |        8089 |        6312 |           6312 |            6453 |
| Mahe        | HFC           | Voice Only            |         177 |         176 |            176 |             177 |
| Mahe        | HFC           | Services Total        |       18818 |       12537 |          12537 |           15905 |
| Mahe        | Network Total | Services Total        |       24648 |       15473 |          15391 |           20337 |
| Praslin     | ADDON         | TV Only               |           4 |           4 |              4 |               4 |
| Praslin     | ADDON         | Services Total        |           4 |           4 |              4 |               4 |
| Praslin     | GPON          | All                   |          13 |           2 |              2 |               6 |
| Praslin     | GPON          | Internet & Voice      |          14 |           7 |              7 |              14 |
| Praslin     | GPON          | Internet Only         |         214 |         214 |            214 |             214 |
| Praslin     | GPON          | TV & Internet         |         845 |         372 |            372 |             768 |
| Praslin     | GPON          | TV & Internet & OTT   |         355 |         102 |            102 |             213 |
| Praslin     | GPON          | TV & Internet & Voice |          17 |           5 |              5 |              17 |
| Praslin     | GPON          | TV & OTT              |          22 |           9 |              9 |               9 |
| Praslin     | GPON          | TV & Voice            |           4 |           1 |              1 |               3 |
| Praslin     | GPON          | TV Only               |         382 |         268 |            268 |             287 |
| Praslin     | GPON          | Services Total        |        1866 |         980 |            980 |            1531 |
| Praslin     | HFC           | Internet Only         |           1 |           1 |              1 |               1 |
| Praslin     | HFC           | TV Only               |           5 |           3 |              3 |               3 |
| Praslin     | HFC           | Services Total        |           6 |           4 |              4 |               4 |
| Praslin     | Network Total | Services Total        |        1876 |         988 |            985 |            1539 |
| GRAND TOTAL | Network Total | Services Total        |       26524 |       16461 |          16373 |           21876 |
+-------------+---------------+-----------------------+-------------+-------------+----------------+-----------------+
44 rows in set (0.00 sec)

Query OK, 0 rows affected (0.00 sec)

Query OK, 25765 rows affected (0.44 sec)
Records: 25765  Duplicates: 0  Warnings: 0

Query OK, 0 rows affected (0.03 sec)

Query OK, 1976 rows affected (6.47 sec)
Records: 1976  Duplicates: 0  Warnings: 0

+--------------------------------------+
| message                              |
+--------------------------------------+
| running rcbill_my.sp_ActiveNumber2() |
+--------------------------------------+
1 row in set (0.00 sec)

Query OK, 365 rows affected (2 min 19.62 sec)

mysql> mysql \. C:\workspace\cloud\code\sql\_DailyScript\currenttime.sql
+---------------------+
| currenttime         |
+---------------------+
| 2020-01-05 16:37:34 |
+---------------------+
1 row in set (0.00 sec)

mysql> 
mysql> mysql \. C:\workspace\cloud\code\sql\_DailyScript\GetActiveNumbers Average -Pivot.sql
Database changed
+-------------------------------------+
| @today := subdate(current_date(),1) |
+-------------------------------------+
| 2020-01-04                          |
+-------------------------------------+
1 row in set (0.00 sec)

+-------------------------------------+
| @lastdayofmonth := last_day(@today) |
+-------------------------------------+
| 2020-01-31                          |
+-------------------------------------+
1 row in set (0.00 sec)

Query OK, 0 rows affected (0.05 sec)

Query OK, 35761 rows affected, 65535 warnings (53.99 sec)
Records: 35761  Duplicates: 0  Warnings: 72646

Query OK, 0 rows affected (0.08 sec)
Records: 0  Duplicates: 0  Warnings: 0

Query OK, 0 rows affected (0.10 sec)
Records: 0  Duplicates: 0  Warnings: 0

Query OK, 0 rows affected (0.08 sec)
Records: 0  Duplicates: 0  Warnings: 0

+-----------------+
| activenumberavg |
+-----------------+
|           35761 |
+-----------------+
1 row in set (0.01 sec)

Query OK, 0 rows affected (0.01 sec)

Query OK, 1814 rows affected (0.48 sec)
Records: 1814  Duplicates: 0  Warnings: 0

+---------------------+
| rep_activenumberavg |
+---------------------+
|                1814 |
+---------------------+
1 row in set (0.00 sec)

+----------------------+
| rep_activenumberavg1 |
+----------------------+
|                  858 |
+----------------------+
1 row in set (0.00 sec)

Query OK, 0 rows affected (0.01 sec)

Query OK, 1838 rows affected (0.35 sec)
Records: 1838  Duplicates: 0  Warnings: 0

Query OK, 0 rows affected (0.01 sec)

Query OK, 9337 rows affected (0.59 sec)
Records: 9337  Duplicates: 0  Warnings: 0

Query OK, 0 rows affected (0.00 sec)

Query OK, 0 rows affected (0.00 sec)

Query OK, 0 rows affected (0.00 sec)

Query OK, 0 rows affected (0.00 sec)

Query OK, 0 rows affected (0.00 sec)
Statement prepared

Query OK, 53 rows affected (0.03 sec)
Records: 53  Duplicates: 0  Warnings: 0

Query OK, 0 rows affected (0.00 sec)

Query OK, 0 rows affected (0.00 sec)

+----------------------+
| rep_activenumberavg2 |
+----------------------+
|                 1838 |
+----------------------+
1 row in set (0.00 sec)

+------------------------+
| rep_activenumberavg_pv |
+------------------------+
|                     53 |
+------------------------+
1 row in set (0.00 sec)

Query OK, 0 rows affected (0.00 sec)

Query OK, 1838 rows affected (0.29 sec)
Records: 1838  Duplicates: 0  Warnings: 0

Query OK, 0 rows affected (0.00 sec)

Query OK, 0 rows affected (0.01 sec)

Query OK, 0 rows affected (0.00 sec)

Query OK, 0 rows affected (0.00 sec)

Query OK, 0 rows affected (0.00 sec)
Statement prepared

Query OK, 53 rows affected (0.03 sec)
Records: 53  Duplicates: 0  Warnings: 0

Query OK, 0 rows affected (0.00 sec)

Query OK, 0 rows affected (0.00 sec)

+-------------------------+
| rep_activenumberavgMahe |
+-------------------------+
|                    1838 |
+-------------------------+
1 row in set (0.00 sec)

+----------------------------+
| rep_activenumberavgMahe_pv |
+----------------------------+
|                         53 |
+----------------------------+
1 row in set (0.00 sec)

Query OK, 0 rows affected (0.01 sec)

Query OK, 1176 rows affected (0.13 sec)
Records: 1176  Duplicates: 0  Warnings: 0

Query OK, 0 rows affected (0.00 sec)

Query OK, 0 rows affected (0.00 sec)

Query OK, 0 rows affected (0.00 sec)

Query OK, 0 rows affected (0.00 sec)

Query OK, 0 rows affected (0.00 sec)
Statement prepared

Query OK, 40 rows affected (0.02 sec)
Records: 40  Duplicates: 0  Warnings: 0

Query OK, 0 rows affected (0.00 sec)

Query OK, 0 rows affected (0.00 sec)

+----------------------------+
| rep_activenumberavgPraslin |
+----------------------------+
|                       1176 |
+----------------------------+
1 row in set (0.00 sec)

+-------------------------------+
| rep_activenumberavgPraslin_pv |
+-------------------------------+
|                            40 |
+-------------------------------+
1 row in set (0.00 sec)

mysql> mysql \. C:\workspace\cloud\code\sql\_DailyScript\currenttime.sql
+---------------------+
| currenttime         |
+---------------------+
| 2020-01-05 16:38:30 |
+---------------------+
1 row in set (0.00 sec)

mysql> 
mysql> mysql \. C:\workspace\cloud\code\sql\_DailyScript\budget_actual_analysis_2020.sql
Query OK, 0 rows affected (0.01 sec)

Query OK, 593 rows affected, 3 warnings (0.06 sec)
Records: 593  Duplicates: 0  Warnings: 3

+--------------------+
| budget_actual_2020 |
+--------------------+
|                593 |
+--------------------+
1 row in set (0.00 sec)

Query OK, 0 rows affected (0.03 sec)

Query OK, 47 rows affected (0.03 sec)
Records: 47  Duplicates: 0  Warnings: 0

+---------------------------+
| rep_budget_actual_2020_pv |
+---------------------------+
|                        47 |
+---------------------------+
1 row in set (0.00 sec)

mysql> mysql \. C:\workspace\cloud\code\sql\_DailyScript\currenttime.sql
+---------------------+
| currenttime         |
+---------------------+
| 2020-01-05 16:38:30 |
+---------------------+
1 row in set (0.00 sec)

mysql> 
mysql> mysql \. C:\workspace\cloud\code\sql\_DailyScript\reports-sales-addons-prepaid-camera.sql
Database changed
Query OK, 0 rows affected (0.01 sec)

Query OK, 3927 rows affected (0.20 sec)
Records: 3927  Duplicates: 0  Warnings: 0

Query OK, 0 rows affected (0.02 sec)

Query OK, 17982 rows affected (20.97 sec)
Records: 17982  Duplicates: 0  Warnings: 0

+--------------------+
| rep_prepaid_camera |
+--------------------+
|               3927 |
+--------------------+
1 row in set (0.00 sec)

+-----------+
| rep_addon |
+-----------+
|     17982 |
+-----------+
1 row in set (0.01 sec)

mysql> mysql \. C:\workspace\cloud\code\sql\_DailyScript\currenttime.sql
+---------------------+
| currenttime         |
+---------------------+
| 2020-01-05 16:38:52 |
+---------------------+
1 row in set (0.00 sec)

mysql> 
mysql> mysql \. C:\workspace\cloud\code\sql\_DailyScript\housing-estate-analysis.sql
Database changed
Query OK, 0 rows affected (0.09 sec)

Query OK, 2977 rows affected (1 min 14.90 sec)
Records: 2977  Duplicates: 0  Warnings: 0

+--------------------+
| rep_housingestates |
+--------------------+
|               2977 |
+--------------------+
1 row in set (0.00 sec)

mysql> mysql \. C:\workspace\cloud\code\sql\_DailyScript\currenttime.sql
+---------------------+
| currenttime         |
+---------------------+
| 2020-01-05 16:40:07 |
+---------------------+
1 row in set (0.00 sec)

mysql> 
mysql> mysql \. C:\workspace\cloud\code\sql\_DailyScript\RCB_ClientAnalyticsReport_Script.sql
Database changed
Query OK, 0 rows affected (0.00 sec)

Query OK, 0 rows affected (0.06 sec)

Query OK, 1801059 rows affected (1 min 25.16 sec)
Records: 1801059  Duplicates: 0  Warnings: 0

Query OK, 0 rows affected (9.51 sec)
Records: 0  Duplicates: 0  Warnings: 0

Query OK, 0 rows affected (5.30 sec)
Records: 0  Duplicates: 0  Warnings: 0

Query OK, 0 rows affected (8.29 sec)
Records: 0  Duplicates: 0  Warnings: 0

Query OK, 0 rows affected (8.60 sec)
Records: 0  Duplicates: 0  Warnings: 0

Query OK, 0 rows affected (9.23 sec)
Records: 0  Duplicates: 0  Warnings: 0

Query OK, 0 rows affected (8.86 sec)
Records: 0  Duplicates: 0  Warnings: 0

Query OK, 0 rows affected (0.00 sec)

Query OK, 462987 rows affected (16.49 sec)
Rows matched: 1801059  Changed: 462987  Warnings: 0

Query OK, 0 rows affected (0.02 sec)

Query OK, 26780 rows affected (4.25 sec)
Records: 26780  Duplicates: 0  Warnings: 0

Query OK, 0 rows affected (0.02 sec)

Query OK, 43006 rows affected (10 min 4.80 sec)
Records: 43006  Duplicates: 0  Warnings: 0

Query OK, 0 rows affected (0.17 sec)
Records: 0  Duplicates: 0  Warnings: 0

Query OK, 0 rows affected (0.14 sec)
Records: 0  Duplicates: 0  Warnings: 0

Query OK, 0 rows affected (0.08 sec)
Records: 0  Duplicates: 0  Warnings: 0

Query OK, 0 rows affected (0.05 sec)

Query OK, 434048 rows affected (12 min 12.10 sec)
Records: 434048  Duplicates: 0  Warnings: 0

Query OK, 0 rows affected (1.81 sec)
Records: 0  Duplicates: 0  Warnings: 0

Query OK, 0 rows affected (1.57 sec)
Records: 0  Duplicates: 0  Warnings: 0

Query OK, 0 rows affected (0.81 sec)
Records: 0  Duplicates: 0  Warnings: 0

Query OK, 0 rows affected (2.65 sec)
Records: 0  Duplicates: 0  Warnings: 0

Query OK, 0 rows affected (1.83 sec)
Records: 0  Duplicates: 0  Warnings: 0

Query OK, 0 rows affected (0.01 sec)

Query OK, 43006 rows affected (1 min 29.21 sec)
Records: 43006  Duplicates: 0  Warnings: 0

+--------------+
| clientreport |
+--------------+
|        43006 |
+--------------+
1 row in set (0.02 sec)

Query OK, 0 rows affected (0.02 sec)

Query OK, 43006 rows affected (5.77 sec)
Records: 43006  Duplicates: 0  Warnings: 0

+----------------------+
| clientextendedreport |
+----------------------+
|                43006 |
+----------------------+
1 row in set (0.01 sec)

Query OK, 0 rows affected (0.02 sec)

Query OK, 43006 rows affected (39.17 sec)
Records: 43006  Duplicates: 0  Warnings: 0

+---------+
| allcust |
+---------+
|   43006 |
+---------+
1 row in set (0.01 sec)

Query OK, 0 rows affected, 1 warning (0.00 sec)

Query OK, 5000 rows affected (0.15 sec)
Records: 5000  Duplicates: 0  Warnings: 0

Query OK, 0 rows affected (0.03 sec)

Query OK, 6852 rows affected (0.38 sec)
Records: 6852  Duplicates: 0  Warnings: 0

Query OK, 0 rows affected, 1 warning (0.00 sec)

Query OK, 5000 rows affected (0.13 sec)
Records: 5000  Duplicates: 0  Warnings: 0

Query OK, 0 rows affected (0.01 sec)

Query OK, 7271 rows affected (0.17 sec)
Records: 7271  Duplicates: 0  Warnings: 0

mysql> mysql \. C:\workspace\cloud\code\sql\_DailyScript\currenttime.sql
+---------------------+
| currenttime         |
+---------------------+
| 2020-01-05 17:07:24 |
+---------------------+
1 row in set (0.00 sec)

mysql> 
mysql> 
mysql> mysql \. C:\workspace\cloud\code\sql\_DailyScript\REVENUE_PER_NODE_MXK.sql
Query OK, 0 rows affected (0.00 sec)

Query OK, 0 rows affected (0.01 sec)

Query OK, 0 rows affected (0.00 sec)

Query OK, 5381 rows affected (2.56 sec)
Records: 5381  Duplicates: 0  Warnings: 0

+----------------------+
| message              |
+----------------------+
| created temp table a |
+----------------------+
1 row in set (0.00 sec)

Query OK, 5544 rows affected (1.02 sec)
Records: 5544  Duplicates: 0  Warnings: 0

+----------------------+
| message              |
+----------------------+
| created temp table b |
+----------------------+
1 row in set (0.00 sec)

Query OK, 0 rows affected, 1 warning (0.00 sec)

Query OK, 5652 rows affected (9.96 sec)
Records: 5652  Duplicates: 0  Warnings: 0

+--------------------------------+
| message                        |
+--------------------------------+
| created rcbill_my.tempcustmxk1 |
+--------------------------------+
1 row in set (0.00 sec)

Query OK, 0 rows affected (0.00 sec)

Query OK, 0 rows affected (0.00 sec)

Query OK, 0 rows affected, 1 warning (0.00 sec)

Query OK, 5381 rows affected (1.18 sec)
Records: 5381  Duplicates: 0  Warnings: 0

+----------------+
| message        |
+----------------+
| created temp a |
+----------------+
1 row in set (0.00 sec)

Query OK, 5544 rows affected (0.52 sec)
Records: 5544  Duplicates: 0  Warnings: 0

+----------------+
| message        |
+----------------+
| created temp b |
+----------------+
1 row in set (0.00 sec)

Query OK, 0 rows affected, 1 warning (0.00 sec)

Query OK, 5634 rows affected (6.77 sec)
Records: 5634  Duplicates: 0  Warnings: 0

+--------------------------------+
| message                        |
+--------------------------------+
| created rcbill_my.tempcustmxk2 |
+--------------------------------+
1 row in set (0.00 sec)

Query OK, 0 rows affected (0.00 sec)

Query OK, 0 rows affected (0.00 sec)

Query OK, 0 rows affected, 1 warning (0.00 sec)

Query OK, 0 rows affected (0.13 sec)

Query OK, 6334 rows affected (0.28 sec)
Records: 6334  Duplicates: 0  Warnings: 0

+---------------------------------+
| message                         |
+---------------------------------+
| created rcbill_my.customers_mxk |
+---------------------------------+
1 row in set (0.00 sec)

Query OK, 0 rows affected (0.00 sec)

Query OK, 0 rows affected (0.00 sec)

Query OK, 13894 rows affected (5.42 sec)
Records: 13894  Duplicates: 0  Warnings: 0

+----------------+
| message        |
+----------------+
| created temp a |
+----------------+
1 row in set (0.00 sec)

Query OK, 20256 rows affected (1.72 sec)
Records: 20256  Duplicates: 0  Warnings: 0

+----------------+
| message        |
+----------------+
| created temp c |
+----------------+
1 row in set (0.00 sec)

Query OK, 0 rows affected, 1 warning (0.00 sec)

Query OK, 27846 rows affected (0.29 sec)
Records: 27846  Duplicates: 0  Warnings: 0

+---------------------------------+
| message                         |
+---------------------------------+
| created rcbill_my.tempcustcmts1 |
+---------------------------------+
1 row in set (0.00 sec)

Query OK, 0 rows affected (0.00 sec)

Query OK, 0 rows affected, 1 warning (0.00 sec)

Query OK, 0 rows affected (0.01 sec)

Query OK, 13894 rows affected (5.32 sec)
Records: 13894  Duplicates: 0  Warnings: 0

+----------------+
| message        |
+----------------+
| created temp a |
+----------------+
1 row in set (0.00 sec)

Query OK, 20256 rows affected (1.15 sec)
Records: 20256  Duplicates: 0  Warnings: 0

+----------------+
| message        |
+----------------+
| created temp c |
+----------------+
1 row in set (0.00 sec)

Query OK, 0 rows affected, 1 warning (0.00 sec)

Query OK, 21142 rows affected (0.25 sec)
Records: 21142  Duplicates: 0  Warnings: 0

+---------------------------------+
| message                         |
+---------------------------------+
| created rcbill_my.tempcustcmts2 |
+---------------------------------+
1 row in set (0.01 sec)

Query OK, 0 rows affected (0.01 sec)

Query OK, 0 rows affected, 1 warning (0.01 sec)

Query OK, 0 rows affected (0.01 sec)

Query OK, 0 rows affected (0.01 sec)

Query OK, 13988 rows affected (0.96 sec)
Records: 13988  Duplicates: 0  Warnings: 0

+----------------------------------+
| message                          |
+----------------------------------+
| created rcbill_my.customers_cmts |
+----------------------------------+
1 row in set (0.00 sec)

Query OK, 0 rows affected (0.01 sec)

Query OK, 0 rows affected (0.00 sec)

Query OK, 0 rows affected (0.01 sec)

Query OK, 17685 rows affected (0.78 sec)
Records: 17685  Duplicates: 0  Warnings: 0

+--------------------------------------+
| message                              |
+--------------------------------------+
| created rcbill_my.customers_cmts_mxk |
+--------------------------------------+
1 row in set (0.00 sec)

Query OK, 458986 rows affected (1 min 7.67 sec)
Records: 458986  Duplicates: 0  Warnings: 0

+----------------+
| message        |
+----------------+
| created temp a |
+----------------+
1 row in set (0.00 sec)

Query OK, 0 rows affected (0.01 sec)

Query OK, 459671 rows affected (16.22 sec)
Records: 459671  Duplicates: 0  Warnings: 0

+------------------------------------------------+
| message                                        |
+------------------------------------------------+
| created rcbill_my.customers_contracts_cmts_mxk |
+------------------------------------------------+
1 row in set (0.00 sec)

Query OK, 0 rows affected (0.01 sec)

Query OK, 0 rows affected, 1 warning (0.00 sec)

Query OK, 0 rows affected, 1 warning (0.00 sec)

Query OK, 0 rows affected (0.01 sec)

Query OK, 7753 rows affected (3.12 sec)
Rows matched: 7753  Changed: 7753  Warnings: 0

+------------------------------------------------+
| message                                        |
+------------------------------------------------+
| updated rcbill_my.customers_contracts_cmts_mxk |
+------------------------------------------------+
1 row in set (0.01 sec)

Query OK, 0 rows affected (0.07 sec)

Query OK, 1778415 rows affected (4 min 18.58 sec)
Records: 1778415  Duplicates: 0  Warnings: 0

+----------------------------------------+
| message                                |
+----------------------------------------+
| created rcbill_my.customers_collection |
+----------------------------------------+
1 row in set (0.00 sec)

Query OK, 0 rows affected (0.06 sec)

Query OK, 2050042 rows affected (2 min 12.78 sec)
Records: 2050042  Duplicates: 0  Warnings: 0

+------------------------------------------------+
| message                                        |
+------------------------------------------------+
| created rcbill_my.customers_cmts_mxk_cont_coll |
+------------------------------------------------+
1 row in set (0.00 sec)

Query OK, 0 rows affected (0.14 sec)

Query OK, 420825 rows affected (2 min 43.20 sec)
Records: 420825  Duplicates: 0  Warnings: 0

+--------------------------------------------------------+
| message                                                |
+--------------------------------------------------------+
| created rcbill_my.customers_contracts_collection_pivot |
+--------------------------------------------------------+
1 row in set (0.00 sec)

Query OK, 0 rows affected (0.02 sec)

Query OK, 39078 rows affected (2 min 25.71 sec)
Records: 39078  Duplicates: 0  Warnings: 0

+----------------------------------------------+
| message                                      |
+----------------------------------------------+
| created rcbill_my.customers_collection_pivot |
+----------------------------------------------+
1 row in set (0.00 sec)

Query OK, 0 rows affected (0.06 sec)

Query OK, 43006 rows affected (4.00 sec)
Records: 43006  Duplicates: 0  Warnings: 0

+--------------------------------------------+
| message                                    |
+--------------------------------------------+
| created rcbill_my.rep_customers_collection |
+--------------------------------------------+
1 row in set (0.00 sec)

Query OK, 0 rows affected (0.00 sec)

Query OK, 0 rows affected, 1 warning (0.00 sec)

Query OK, 427834 rows affected (20.48 sec)
Records: 427834  Duplicates: 0  Warnings: 0

+-------------------------+
| message                 |
+-------------------------+
| created rcbill_my.tempa |
+-------------------------+
1 row in set (0.00 sec)

Query OK, 0 rows affected, 1 warning (0.00 sec)

Query OK, 420825 rows affected (41.42 sec)
Records: 420825  Duplicates: 0  Warnings: 0

+-------------------------+
| message                 |
+-------------------------+
| created rcbill_my.tempb |
+-------------------------+
1 row in set (0.00 sec)

Query OK, 427834 rows affected (36.33 sec)
Records: 427834  Duplicates: 0  Warnings: 0

+-----------+
| message   |
+-----------+
| created a |
+-----------+
1 row in set (0.00 sec)

Query OK, 420843 rows affected (18.78 sec)
Records: 420843  Duplicates: 0  Warnings: 0

+-----------+
| message   |
+-----------+
| created b |
+-----------+
1 row in set (0.00 sec)

Query OK, 0 rows affected (0.02 sec)

Query OK, 0 rows affected (0.02 sec)

Query OK, 0 rows affected (0.02 sec)

Query OK, 464119 rows affected (52.62 sec)
Records: 464119  Duplicates: 0  Warnings: 0

+----------------------------------------------+
| message                                      |
+----------------------------------------------+
| created rcbill_my.cust_cont_payment_cmts_mxk |
+----------------------------------------------+
1 row in set (0.00 sec)

Query OK, 0 rows affected (0.01 sec)

Query OK, 0 rows affected (0.01 sec)

Query OK, 0 rows affected, 1 warning (0.00 sec)

Query OK, 0 rows affected (0.11 sec)

Query OK, 43006 rows affected (20.28 sec)
Records: 43006  Duplicates: 0  Warnings: 0

+--------------------------------------------------+
| message                                          |
+--------------------------------------------------+
| created rcbill_my.rep_cust_cont_payment_cmts_mxk |
+--------------------------------------------------+
1 row in set (0.00 sec)

Query OK, 0 rows affected, 1 warning (0.00 sec)

Query OK, 0 rows affected, 1 warning (0.00 sec)

Query OK, 0 rows affected (0.02 sec)

Query OK, 43006 rows affected, 5 warnings (10.65 sec)
Records: 43006  Duplicates: 0  Warnings: 5

+----------------------+
| rep_custconsolidated |
+----------------------+
|                43006 |
+----------------------+
1 row in set (0.71 sec)

Query OK, 0 rows affected (0.00 sec)

Query OK, 0 rows affected (0.01 sec)

+----------------------------------------------+
| message                                      |
+----------------------------------------------+
| creating rcbill_my.retentioncustomeractivity |
+----------------------------------------------+
1 row in set (0.00 sec)

Query OK, 907 rows affected (0.11 sec)
Records: 907  Duplicates: 0  Warnings: 0

+---------------------------+
| retentioncustomeractivity |
+---------------------------+
|                       907 |
+---------------------------+
1 row in set (0.00 sec)

+-----------+------------------------------------+------------+-------------+-----------------+------------------+---------------------+-------------------+
| HFC_NODE  | NODENAME                           | CMTS_DATE  | INSERTED_ON | UNIQUE_ACCOUNTS | UNIQUE_CONTRACTS | UNIQUE_MAC_INRCBOSS | UNIQUE_MAC_INCMTS |
+-----------+------------------------------------+------------+-------------+-----------------+------------------+---------------------+-------------------+
| NULL      | NULL                               | NULL       | 2020-01-05  |            6389 |             6727 |                6754 |                 0 |
| C5/0/0/U0 | ANSE-BOILEAU-2                     | 2019-12-11 | 2020-01-05  |             168 |              172 |                 168 |               169 |
| C5/0/0/U1 | 500-C3-ANSE-BOILEAU                | 2019-12-11 | 2020-01-05  |             178 |              183 |                 178 |               179 |
| C5/0/1/U0 | 501-C4-LA-MISIERE-LEFT-I           | 2019-12-11 | 2020-01-05  |             147 |              156 |                 147 |               148 |
| C5/0/1/U1 | 501-C5-LA-MISIERE-RIGHT            | 2019-12-11 | 2020-01-05  |             105 |              108 |                 105 |               106 |
| C5/0/1/U2 | 501-C7-LA-MISIERE-LEFT-II          | 2019-12-11 | 2020-01-05  |             146 |              151 |                 145 |               149 |
| C5/0/2/U0 | 502-C8-LA-LOUISE                   | 2019-12-11 | 2020-01-05  |             140 |              141 |                 140 |               141 |
| C5/0/2/U1 | LA-LOUISE-2                        | 2019-12-11 | 2020-01-05  |             135 |              138 |                 135 |               137 |
| C5/0/3/U0 | 504-C6-PETIT-PARIS                 | 2019-12-11 | 2020-01-05  |             118 |              120 |                 118 |               121 |
| C5/0/3/U1 | PETIT-PARIS-23                     | 2019-12-11 | 2020-01-05  |             110 |              113 |                 110 |               110 |
| C5/0/4/U0 | FOUR-SEASONS                       | 2019-12-11 | 2020-01-05  |               3 |                3 |                   3 |                 3 |
| C5/0/4/U1 | ANCHOR-CAFE-I                      | 2019-12-11 | 2020-01-05  |             149 |              153 |                 149 |               151 |
| C5/0/4/U2 | ANCHOR-CAFE-II                     | 2019-12-11 | 2020-01-05  |             141 |              143 |                 141 |               141 |
| C5/1/0/U0 | POINTE-LARUE-AIRPORT-23            | 2019-12-11 | 2020-01-05  |              98 |              102 |                 100 |               102 |
| C5/1/0/U1 | PPROVIDENCE-23                     | 2019-12-11 | 2020-01-05  |              21 |               24 |                  22 |                22 |
| C5/1/0/U2 | ROSHE-CAIMAN-23                    | 2019-12-11 | 2020-01-05  |              10 |               11 |                  10 |                10 |
| C5/1/0/U3 | HEAD-OFFICE | HO-23                | 2019-12-11 | 2020-01-05  |              31 |               32 |                  31 |                31 |
| C5/1/1/U1 | C5-UNION-VALE                      | 2019-12-11 | 2020-01-05  |             187 |              192 |                 187 |               190 |
| C5/1/3/U0 | POINTE-LARUE-AIRPORT-27            | 2019-12-11 | 2020-01-05  |             140 |              144 |                 140 |               144 |
| C5/1/3/U1 | PPROVIDENCE-27                     | 2019-12-11 | 2020-01-05  |              29 |               29 |                  29 |                29 |
| C5/1/3/U2 | ROSHE-CAIMAN-27                    | 2019-12-11 | 2020-01-05  |              26 |               26 |                  26 |                27 |
| C5/1/3/U3 | HEAD-OFFICE | HO-27                | 2019-12-11 | 2020-01-05  |              14 |               15 |                  14 |                15 |
| C5/1/4/U0 | ANSE-ROYALE-27                     | 2019-12-11 | 2020-01-05  |              85 |               87 |                  85 |                85 |
| C5/1/4/U1 | GLACIS-2-57                        | 2019-12-11 | 2020-01-05  |             102 |              107 |                 102 |               104 |
| C5/1/4/U2 | NULL                               | 2019-12-11 | 2020-01-05  |              96 |               98 |                  96 |               100 |
| C5/1/4/U3 | GLACIS-1                           | 2019-12-11 | 2020-01-05  |              49 |               51 |                  49 |                50 |
| C6/0/1/U0 | SERRET-ROAD-RIGHT/CURIO/PASCAL     | 2019-12-11 | 2020-01-05  |             121 |              123 |                 121 |               121 |
| C6/0/1/U1 | SERRET-ROAD-LEFT/ST.LOUIS/TOWN     | 2019-12-11 | 2020-01-05  |             146 |              153 |                 146 |               148 |
| C6/0/1/U2 | SERRET-ROAD-RIGHT/CURIO/PASCAL-2   | 2019-12-11 | 2020-01-05  |             116 |              117 |                 116 |               116 |
| C6/0/1/U3 | SERRET-ROAD-LEFT/ST.LOUIS/TOWN-2   | 2019-12-11 | 2020-01-05  |             140 |              142 |                 140 |               143 |
| C6/0/2/U0 | SANS-SOUCIS-I                      | 2019-12-11 | 2020-01-05  |             142 |              146 |                 142 |               146 |
| C6/0/2/U1 | SANS-SOUCIS-II                     | 2019-12-11 | 2020-01-05  |              86 |               90 |                  85 |                88 |
| C6/0/2/U2 | BEL-AIR-27                         | 2019-12-11 | 2020-01-05  |             118 |              123 |                 118 |               123 |
| C6/0/2/U3 | BEL-AIR-38                         | 2019-12-11 | 2020-01-05  |              76 |               78 |                  76 |                77 |
| C6/0/3/U0 | LES-MAMELLES-23                    | 2019-12-11 | 2020-01-05  |             104 |              104 |                 104 |               105 |
| C6/0/3/U1 | VICTORIA-23                        | 2019-12-11 | 2020-01-05  |              30 |               34 |                  33 |                35 |
| C6/0/4/U0 | LES-MAMELLES-27                    | 2019-12-11 | 2020-01-05  |              44 |               44 |                  44 |                44 |
| C6/0/4/U1 | VICTORIA-27                        | 2019-12-11 | 2020-01-05  |              20 |               20 |                  20 |                21 |
| C7/1/0/U0 | LA-RETRAITE-23                     | 2019-12-11 | 2020-01-05  |             103 |              105 |                 103 |               103 |
| C7/1/0/U1 | TEA-FACTORY-23                     | 2019-12-11 | 2020-01-05  |              20 |               26 |                  21 |                21 |
| C7/1/0/U2 | PAS-23                             | 2019-12-11 | 2020-01-05  |              75 |               76 |                  75 |                77 |
| C7/1/1/U0 | REEF-ESTATE-23                     | 2019-12-11 | 2020-01-05  |              76 |               77 |                  76 |                78 |
| C7/1/1/U1 | BEL-OMBRE-NEW-23                   | 2019-12-11 | 2020-01-05  |               3 |                3 |                   3 |                 4 |
| C7/1/2/U0 | LA-RETRAITE-27                     | 2019-12-11 | 2020-01-05  |              84 |               88 |                  84 |                85 |
| C7/1/2/U1 | TEA-FACTORY-27                     | 2019-12-11 | 2020-01-05  |              24 |               26 |                  25 |                28 |
| C7/1/2/U2 | PAS-27                             | 2019-12-11 | 2020-01-05  |             120 |              124 |                 121 |               124 |
| C7/1/3/U0 | MT-BUXTON-27                       | 2019-12-11 | 2020-01-05  |             153 |              156 |                 153 |               154 |
| C7/1/3/U1 | MT-BUXTON-23                       | 2019-12-11 | 2020-01-05  |              71 |               72 |                  71 |                71 |
| C7/1/4/U0 | REEF-ESTATE-27                     | 2019-12-11 | 2020-01-05  |              69 |               69 |                  69 |                69 |
| C7/1/4/U1 | BEL-OMBRE-NEW-27                   | 2019-12-11 | 2020-01-05  |               6 |                6 |                   6 |                 6 |
| C8/0/0/U0 | POLICE-ACADEMY-1-27 - POINTE LARUE | 2019-12-11 | 2020-01-05  |             217 |              220 |                 216 |               216 |
| C8/0/0/U1 | NULL                               | 2019-12-11 | 2020-01-05  |             106 |              111 |                 106 |               107 |
| C8/0/1/U0 | NULL                               | 2019-12-11 | 2020-01-05  |             152 |              152 |                 152 |               156 |
| C8/0/1/U1 | POLICE-ACADEMY-2-27 - TURTLE BAY   | 2019-12-11 | 2020-01-05  |             151 |              153 |                 152 |               155 |
| C8/0/2/U0 | BEAU-VALLON-LEFT-1-57              | 2019-12-11 | 2020-01-05  |              76 |               80 |                  77 |                78 |
| C8/0/3/U1 | BEAU-VALLON-RIGHT-2-57             | 2019-12-11 | 2020-01-05  |             168 |              175 |                 168 |               170 |
| C8/1/0/U0 | MA-JOIE-NODE-27                    | 2019-12-11 | 2020-01-05  |             115 |              117 |                 114 |               114 |
| C8/1/0/U1 | BELONIE-27                         | 2019-12-11 | 2020-01-05  |             147 |              150 |                 146 |               147 |
| C8/1/0/U3 | MA-JOIE-NODE-23                    | 2019-12-11 | 2020-01-05  |             107 |              109 |                 107 |               108 |
| C8/1/1/U0 | 611-C1-ROJN I                      | 2019-12-11 | 2020-01-05  |             128 |              130 |                 128 |               129 |
| C8/1/1/U1 | 611-C5-ROJN II                     | 2019-12-11 | 2020-01-05  |             108 |              108 |                 108 |               109 |
| C8/1/2/U0 | 612-C2-ANSE-ETOILE                 | 2019-12-11 | 2020-01-05  |             149 |              153 |                 149 |               152 |
| C8/1/2/U1 | ANSE-ETOILE-U2                     | 2019-12-11 | 2020-01-05  |              77 |               79 |                  77 |                77 |
| C8/1/3/U0 | 613-C3-ANSE-GAULETTE I             | 2019-12-11 | 2020-01-05  |              68 |               74 |                  68 |                69 |
| C8/1/3/U1 | 613-C7-ANSE-GAULETTE II            | 2019-12-11 | 2020-01-05  |              68 |               72 |                  69 |                69 |
| C8/1/3/U2 | 613-C3-ANSE-GAULETTE III           | 2019-12-11 | 2020-01-05  |              34 |               38 |                  34 |                34 |
| C8/1/3/U3 | TAKAMAKA I                         | 2019-12-11 | 2020-01-05  |              98 |              101 |                  98 |                98 |
| C8/1/3/U4 | TAKAMAKA II                        | 2019-12-11 | 2020-01-05  |             108 |              109 |                 108 |               108 |
| C8/1/4/U0 | 614-BEOLIERE-NODE-1                | 2019-12-11 | 2020-01-05  |              85 |               88 |                  86 |                89 |
| C8/1/4/U1 | 614-BEOLIERE-NODE-2                | 2019-12-11 | 2020-01-05  |             106 |              111 |                 106 |               109 |
+-----------+------------------------------------+------------+-------------+-----------------+------------------+---------------------+-------------------+
70 rows in set (0.21 sec)

+------------------+------------+-------------+-----------------+------------------+----------------------+-------------------+
| MXK_NAME         | MXK_DATE   | INSERTED_ON | UNIQUE_ACCOUNTS | UNIQUE_CONTRACTS | UNIQUE_FSAN_INRCBOSS | UNIQUE_FSAN_INMXK |
+------------------+------------+-------------+-----------------+------------------+----------------------+-------------------+
| NULL             | NULL       | 2020-01-05  |             687 |              697 |                  686 |                 0 |
| MXK-ANSEETOILE   | 2019-12-11 | 2020-01-05  |             192 |              195 |                  195 |               207 |
| MXK-ANSEROYALE   | 2019-12-11 | 2020-01-05  |             144 |              144 |                  144 |               163 |
| MXK-BEAUVALLON   | 2019-12-11 | 2020-01-05  |            1213 |             1231 |                 1224 |              1285 |
| MXK-MAHE         | 2019-12-11 | 2020-01-05  |             911 |              939 |                  874 |              1109 |
| MXK-PERSEVERANCE | 2019-12-11 | 2020-01-05  |            1021 |             1028 |                 1027 |              1175 |
| MXK-PRASLIN      | 2019-12-11 | 2020-01-05  |            1207 |             1210 |                 1202 |              1349 |
+------------------+------------+-------------+-----------------+------------------+----------------------+-------------------+
7 rows in set (0.14 sec)

mysql> mysql \. C:\workspace\cloud\code\sql\_DailyScript\currenttime.sql
+---------------------+
| currenttime         |
+---------------------+
| 2020-01-05 17:24:36 |
+---------------------+
1 row in set (0.00 sec)

mysql> 
mysql> 
mysql> mysql \. C:\workspace\cloud\code\sql\Analysis\service_tickets_assignments.sql
Query OK, 0 rows affected (0.02 sec)

Query OK, 215 rows affected (4.24 sec)
Records: 215  Duplicates: 0  Warnings: 0

+-------------------------+
| rep_servicetickets_2020 |
+-------------------------+
|                     215 |
+-------------------------+
1 row in set (0.00 sec)

mysql> mysql \. C:\workspace\cloud\code\sql\_DailyScript\currenttime.sql
+---------------------+
| currenttime         |
+---------------------+
| 2020-01-05 17:24:40 |
+---------------------+
1 row in set (0.00 sec)

mysql> 
mysql> 
mysql> exit
