    -> 
    -> mysql \. C:\workspace\cloud\code\sql\_DailyScript\_setdates.sql
Query OK, 0 rows affected (0.01 sec)

Query OK, 0 rows affected (1.87 sec)

Database changed
Query OK, 0 rows affected (0.01 sec)

Query OK, 0 rows affected (0.00 sec)

Query OK, 0 rows affected (0.00 sec)

Query OK, 0 rows affected (0.00 sec)

Query OK, 0 rows affected (0.00 sec)

Query OK, 0 rows affected (0.00 sec)

Query OK, 0 rows affected (0.00 sec)

Query OK, 0 rows affected (0.00 sec)

Query OK, 0 rows affected (0.00 sec)

Query OK, 0 rows affected (0.00 sec)

Query OK, 0 rows affected (0.00 sec)

Query OK, 0 rows affected (0.00 sec)

Query OK, 0 rows affected (0.00 sec)

Query OK, 0 rows affected (0.00 sec)

Query OK, 0 rows affected (0.00 sec)

Query OK, 0 rows affected (0.00 sec)

Query OK, 0 rows affected (0.00 sec)

Query OK, 0 rows affected (0.00 sec)

Query OK, 0 rows affected (0.00 sec)

Query OK, 0 rows affected (0.00 sec)

Query OK, 0 rows affected (0.00 sec)

Query OK, 0 rows affected (0.00 sec)

mysql> mysql \. C:\workspace\cloud\code\sql\_DailyScript\currenttime.sql
+---------------------+
| currenttime         |
+---------------------+
| 2022-01-31 09:55:27 |
+---------------------+
1 row in set (0.00 sec)

mysql> 
mysql> mysql \. C:\workspace\cloud\code\sql\_DailyScript\load_RCB_VODTITLES.sql
Database changed
Query OK, 0 rows affected (0.00 sec)

Query OK, 17437 rows affected (0.39 sec)

Query OK, 17439 rows affected, 17439 warnings (0.57 sec)
Records: 17439  Deleted: 0  Skipped: 0  Warnings: 17439

Query OK, 0 rows affected (0.00 sec)

Query OK, 2 rows affected (0.02 sec)

+-----------+
| VODTITLES |
+-----------+
|     17897 |
+-----------+
1 row in set (0.01 sec)

+-----------+-----------+
| titletype | typecount |
+-----------+-----------+
| E         |     14910 |
| N         |       245 |
| T         |      2282 |
| NULL      |     17437 |
+-----------+-----------+
4 rows in set (0.10 sec)

mysql> mysql \. C:\workspace\cloud\code\sql\_DailyScript\currenttime.sql
+---------------------+
| currenttime         |
+---------------------+
| 2022-01-31 09:55:28 |
+---------------------+
1 row in set (0.00 sec)

mysql> 
mysql> 
mysql> 
mysql> 
mysql> 
mysql> mysql \. C:\workspace\cloud\code\sql\_DailyScript\load_DailyCalls.sql
Database changed
Query OK, 1068 rows affected (0.24 sec)
Records: 1068  Deleted: 0  Skipped: 0  Warnings: 0

Query OK, 0 rows affected, 1 warning (0.01 sec)

Query OK, 1065 rows affected (0.04 sec)
Records: 1065  Duplicates: 0  Warnings: 0

Query OK, 0 rows affected, 1 warning (0.02 sec)

Query OK, 94051 rows affected (0.55 sec)
Records: 94051  Duplicates: 0  Warnings: 0

+----------------------+
| callingclientsbefore |
+----------------------+
|              1370795 |
+----------------------+
1 row in set (0.90 sec)

Query OK, 1502 rows affected (28.75 sec)
Records: 1502  Duplicates: 0  Warnings: 0

+---------------------+
| callingclientsafter |
+---------------------+
|             1372297 |
+---------------------+
1 row in set (0.36 sec)

Query OK, 0 rows affected (0.01 sec)

Query OK, 571 rows affected (13.01 sec)
Records: 571  Duplicates: 0  Warnings: 0

Query OK, 0 rows affected (0.00 sec)

Query OK, 26335 rows affected (4.44 sec)
Records: 26335  Duplicates: 0  Warnings: 0

+-----------+
| callstats |
+-----------+
|     26335 |
+-----------+
1 row in set (0.01 sec)

Query OK, 0 rows affected, 1 warning (0.00 sec)

Query OK, 1502 rows affected (6.85 sec)
Records: 1502  Duplicates: 0  Warnings: 0

+------------------------+
| rep_cccallreportbefore |
+------------------------+
|                1371207 |
+------------------------+
1 row in set (0.37 sec)

Query OK, 1502 rows affected (0.42 sec)
Records: 1502  Duplicates: 0  Warnings: 0

+-----------------------+
| rep_cccallreportafter |
+-----------------------+
|               1372709 |
+-----------------------+
1 row in set (0.37 sec)

Query OK, 0 rows affected (0.01 sec)

mysql> mysql \. C:\workspace\cloud\code\sql\_DailyScript\currenttime.sql
+---------------------+
| currenttime         |
+---------------------+
| 2022-01-31 09:56:24 |
+---------------------+
1 row in set (0.00 sec)

mysql> 
mysql> mysql \. C:\workspace\cloud\code\sql\_DailyScript\DAILY-SCRIPT-USAGE.sql
Database changed
Query OK, 0 rows affected (0.00 sec)

Query OK, 3953 rows affected, 11447 warnings (1.86 sec)
Records: 3953  Deleted: 0  Skipped: 0  Warnings: 11447

Query OK, 0 rows affected (0.00 sec)

Query OK, 6426 rows affected, 18509 warnings (0.96 sec)
Records: 6426  Deleted: 0  Skipped: 0  Warnings: 18509

Query OK, 0 rows affected (0.00 sec)

Query OK, 357 rows affected, 1283 warnings (0.06 sec)
Records: 357  Deleted: 0  Skipped: 0  Warnings: 1283

Query OK, 0 rows affected (0.00 sec)

Query OK, 156 rows affected, 547 warnings (0.02 sec)
Records: 156  Deleted: 0  Skipped: 0  Warnings: 547

+------------+
| dailyusage |
+------------+
|   20479837 |
+------------+
1 row in set (13.79 sec)

+------------+------------+------------+---------+
| datestart  | dateend    | insertedon | records |
+------------+------------+------------+---------+
| 2022-01-29 | 2022-01-29 | 2022-01-31 |   10892 |
| 2022-01-28 | 2022-01-28 | 2022-01-31 |   10700 |
| 2022-01-27 | 2022-01-27 | 2022-01-28 |   10585 |
| 2022-01-26 | 2022-01-26 | 2022-01-27 |   10954 |
| 2022-01-25 | 2022-01-25 | 2022-01-26 |   11802 |
+------------+------------+------------+---------+
5 rows in set (37.57 sec)

+----------+------------+------------+------------+---------+
| category | datestart  | dateend    | insertedon | records |
+----------+------------+------------+------------+---------+
| UNCAPPED | 2022-01-29 | 2022-01-29 | 2022-01-31 |    6426 |
| PREPAID  | 2022-01-29 | 2022-01-29 | 2022-01-31 |     357 |
| HOTSPOT  | 2022-01-29 | 2022-01-29 | 2022-01-31 |     156 |
| CAPPED   | 2022-01-29 | 2022-01-29 | 2022-01-31 |    3953 |
| UNCAPPED | 2022-01-28 | 2022-01-28 | 2022-01-31 |    6252 |
| PREPAID  | 2022-01-28 | 2022-01-28 | 2022-01-31 |     357 |
| HOTSPOT  | 2022-01-28 | 2022-01-28 | 2022-01-31 |     186 |
| CAPPED   | 2022-01-28 | 2022-01-28 | 2022-01-31 |    3905 |
| UNCAPPED | 2022-01-27 | 2022-01-27 | 2022-01-28 |    6209 |
| PREPAID  | 2022-01-27 | 2022-01-27 | 2022-01-28 |     338 |
| HOTSPOT  | 2022-01-27 | 2022-01-27 | 2022-01-28 |     176 |
| CAPPED   | 2022-01-27 | 2022-01-27 | 2022-01-28 |    3862 |
| UNCAPPED | 2022-01-26 | 2022-01-26 | 2022-01-27 |    6473 |
| PREPAID  | 2022-01-26 | 2022-01-26 | 2022-01-27 |     349 |
| HOTSPOT  | 2022-01-26 | 2022-01-26 | 2022-01-27 |     163 |
| CAPPED   | 2022-01-26 | 2022-01-26 | 2022-01-27 |    3969 |
| UNCAPPED | 2022-01-25 | 2022-01-25 | 2022-01-26 |    7064 |
| PREPAID  | 2022-01-25 | 2022-01-25 | 2022-01-26 |     338 |
| HOTSPOT  | 2022-01-25 | 2022-01-25 | 2022-01-26 |     170 |
| CAPPED   | 2022-01-25 | 2022-01-25 | 2022-01-26 |    4230 |
+----------+------------+------------+------------+---------+
20 rows in set (30.85 sec)

mysql> mysql \. C:\workspace\cloud\code\sql\_DailyScript\currenttime.sql
+---------------------+
| currenttime         |
+---------------------+
| 2022-01-31 09:57:49 |
+---------------------+
1 row in set (0.00 sec)

mysql> 
mysql> mysql \. C:\workspace\cloud\code\sql\_DailyScript\DAILY-SCRIPT-SALES-TELEMETRY.sql
Database changed
Query OK, 131 rows affected, 107 warnings (0.04 sec)
Records: 131  Deleted: 0  Skipped: 0  Warnings: 107

+------------+
| dailysales |
+------------+
|     249671 |
+------------+
1 row in set (0.54 sec)

+------------+---------+
| orderdate  | records |
+------------+---------+
| 2022-01-29 |     131 |
| 2022-01-28 |     266 |
| 2022-01-27 |     196 |
| 2022-01-26 |     219 |
| 2022-01-25 |     172 |
| 2022-01-24 |     214 |
| 2022-01-23 |       3 |
| 2022-01-22 |      80 |
| 2022-01-21 |     153 |
| 2022-01-20 |      91 |
| 2022-01-19 |     125 |
| 2022-01-18 |     110 |
| 2022-01-17 |     150 |
| 2022-01-16 |       6 |
| 2022-01-15 |      77 |
+------------+---------+
15 rows in set (1.92 sec)

Query OK, 0 rows affected (0.03 sec)

Query OK, 249671 rows affected (21.81 sec)
Records: 249671  Duplicates: 0  Warnings: 0

+--------+
| sales  |
+--------+
| 249671 |
+--------+
1 row in set (0.07 sec)

Query OK, 0 rows affected (0.01 sec)

Query OK, 6475 rows affected (0.44 sec)
Records: 6475  Duplicates: 0  Warnings: 0

+----------------+
| rep_dailysales |
+----------------+
|           6475 |
+----------------+
1 row in set (0.00 sec)

Query OK, 0 rows affected (0.00 sec)

Query OK, 6475 rows affected (0.84 sec)
Records: 6475  Duplicates: 0  Warnings: 0

+-------------------+
| rep_dailysalesreg |
+-------------------+
|              6475 |
+-------------------+
1 row in set (0.00 sec)

Query OK, 0 rows affected (0.01 sec)

Query OK, 2463 rows affected (0.78 sec)
Records: 2463  Duplicates: 0  Warnings: 0

+-----------+
| saleslist |
+-----------+
|      2463 |
+-----------+
1 row in set (0.01 sec)

Database changed
ERROR 2 (HY000): File 'C:\ProgramData\MySQL\MySQL Server 5.7\Uploads\_csv\PrepaidCardSales-29012022-P1.csv' not found (Errcode: 2 - No such file or directory)
+------------------+
| dailysinglesales |
+------------------+
|             6663 |
+------------------+
1 row in set (0.03 sec)

Database changed
Query OK, 11 rows affected (0.01 sec)
Records: 11  Deleted: 0  Skipped: 0  Warnings: 0

+-----------------+
| dailyaddonsales |
+-----------------+
|           26676 |
+-----------------+
1 row in set (0.06 sec)

Query OK, 306 rows affected (0.11 sec)
Records: 306  Deleted: 0  Skipped: 0  Warnings: 0

+----------------+
| onlinepayments |
+----------------+
|         262389 |
+----------------+
1 row in set (0.30 sec)

+-------------+----------------+---------------------+
| paymentdate | onlinepayments | onlinepaymentamount |
+-------------+----------------+---------------------+
| 2022-01-29  |            306 |        202032.85000 |
| 2022-01-28  |            466 |        318449.78000 |
| 2022-01-27  |            474 |        318486.06000 |
| 2022-01-26  |            452 |        289276.89000 |
| 2022-01-25  |            414 |        268459.13000 |
+-------------+----------------+---------------------+
5 rows in set (2.69 sec)

+-------------+--------------+----------------+---------------------+
| paymentyear | paymentmonth | onlinepayments | onlinepaymentamount |
+-------------+--------------+----------------+---------------------+
|        2022 |            1 |           8623 |       5708200.65000 |
|        2022 |         NULL |           8623 |       5708200.65000 |
|        2021 |           12 |           8988 |       5882874.20000 |
|        2021 |           11 |           8553 |       5661260.44000 |
|        2021 |           10 |           8715 |       5741511.04000 |
+-------------+--------------+----------------+---------------------+
5 rows in set (0.25 sec)

mysql> mysql \. C:\workspace\cloud\code\sql\_DailyScript\currenttime.sql
+---------------------+
| currenttime         |
+---------------------+
| 2022-01-31 09:58:19 |
+---------------------+
1 row in set (0.00 sec)

mysql> 
mysql> mysql \. C:\workspace\cloud\code\sql\_DailyScript\DAILY-SCRIPT-ACTIVENUMBERS.sql
Database changed
Query OK, 1071 rows affected (0.50 sec)
Records: 1071  Deleted: 0  Skipped: 0  Warnings: 0

+------------+----------+
| period     | count(1) |
+------------+----------+
| 2022-01-29 |     1071 |
| 2022-01-28 |     1072 |
| 2022-01-27 |     1070 |
| 2022-01-26 |     1070 |
| 2022-01-25 |     1070 |
+------------+----------+
5 rows in set (0.01 sec)

Query OK, 0 rows affected (0.01 sec)

Query OK, 75 rows affected (1.38 sec)
Records: 75  Duplicates: 0  Warnings: 0

+-------------+
| packagelist |
+-------------+
|          75 |
+-------------+
1 row in set (0.00 sec)

Database changed
Query OK, 0 rows affected (0.00 sec)

Query OK, 0 rows affected (0.00 sec)

Query OK, 0 rows affected (0.00 sec)

Query OK, 0 rows affected (0.00 sec)

Query OK, 28874 rows affected, 205 warnings (14.63 sec)
Records: 28874  Deleted: 0  Skipped: 0  Warnings: 205

+------------+----------+
| period     | count(1) |
+------------+----------+
| 2022-01-29 |    28874 |
| 2022-01-28 |    28894 |
| 2022-01-27 |    28799 |
| 2022-01-26 |    28854 |
| 2022-01-25 |    28742 |
+------------+----------+
5 rows in set (0.14 sec)

Query OK, 0 rows affected (0.02 sec)

Query OK, 28316 rows affected (1 min 41.15 sec)
Records: 28316  Duplicates: 0  Warnings: 0

Query OK, 0 rows affected (0.13 sec)
Records: 0  Duplicates: 0  Warnings: 0

Query OK, 0 rows affected (0.29 sec)
Records: 0  Duplicates: 0  Warnings: 0

Query OK, 0 rows affected (0.11 sec)
Records: 0  Duplicates: 0  Warnings: 0

Query OK, 0 rows affected (0.09 sec)
Records: 0  Duplicates: 0  Warnings: 0

Query OK, 0 rows affected (0.08 sec)
Records: 0  Duplicates: 0  Warnings: 0

Query OK, 0 rows affected (0.08 sec)
Records: 0  Duplicates: 0  Warnings: 0

+-------------+
| countbefore |
+-------------+
|    53178852 |
+-------------+
1 row in set (40.81 sec)

Query OK, 28316 rows affected (8.32 sec)
Records: 28316  Duplicates: 0  Warnings: 0

+------------+
| countafter |
+------------+
|   53207168 |
+------------+
1 row in set (33.61 sec)

+------------+--------------------------+
| period     | customercontractactivity |
+------------+--------------------------+
| 2022-01-29 |                    28316 |
| 2022-01-28 |                    28336 |
| 2022-01-27 |                    28241 |
| 2022-01-26 |                    28296 |
| 2022-01-25 |                    28185 |
+------------+--------------------------+
5 rows in set (0.06 sec)

Query OK, 0 rows affected (0.06 sec)

Query OK, 330142 rows affected, 4 warnings (11 min 18.65 sec)
Records: 330142  Duplicates: 0  Warnings: 4

+-----------------+
| message         |
+-----------------+
| table A created |
+-----------------+
1 row in set (0.00 sec)

Query OK, 0 rows affected (0.10 sec)

Query OK, 330466 rows affected (11.29 sec)
Records: 330466  Duplicates: 0  Warnings: 0

+--------------------------+
| customercontractsnapshot |
+--------------------------+
|                   330466 |
+--------------------------+
1 row in set (0.12 sec)

Query OK, 0 rows affected (0.06 sec)

Query OK, 0 rows affected (1.17 sec)
Records: 0  Duplicates: 0  Warnings: 0

Query OK, 0 rows affected (1.38 sec)
Records: 0  Duplicates: 0  Warnings: 0

Query OK, 0 rows affected (1.32 sec)
Records: 0  Duplicates: 0  Warnings: 0

Query OK, 0 rows affected (0.01 sec)

Query OK, 226 rows affected (0.53 sec)
Records: 226  Duplicates: 0  Warnings: 0

Query OK, 0 rows affected (0.01 sec)

Query OK, 2609 rows affected (0.70 sec)
Records: 2609  Duplicates: 0  Warnings: 0

Query OK, 0 rows affected (0.01 sec)

Query OK, 28292 rows affected (0.70 sec)
Records: 28292  Duplicates: 0  Warnings: 0

Query OK, 0 rows affected (0.01 sec)

Query OK, 16903 rows affected (0.50 sec)
Records: 16903  Duplicates: 0  Warnings: 0

Query OK, 0 rows affected (0.01 sec)

Query OK, 16903 rows affected (0.21 sec)
Records: 16903  Duplicates: 0  Warnings: 0

Query OK, 0 rows affected (0.01 sec)

Query OK, 16903 rows affected (1.53 sec)
Records: 16903  Duplicates: 0  Warnings: 0

Query OK, 0 rows affected (0.01 sec)

Query OK, 16903 rows affected (43.63 sec)
Records: 16903  Duplicates: 0  Warnings: 0

+-------------+
| clientstats |
+-------------+
|       16903 |
+-------------+
1 row in set (0.01 sec)

Query OK, 0 rows affected (0.01 sec)

Query OK, 13 rows affected, 1 warning (0.14 sec)
Records: 13  Duplicates: 0  Warnings: 1

+-----------------------+-------------+-------------+----------------+-----------------+
| services              | activecount | allaccounts | uniqueaccounts | uniquecontracts |
+-----------------------+-------------+-------------+----------------+-----------------+
| All                   |         440 |          72 |             72 |             230 |
| Internet & OTT        |           6 |           3 |              3 |               4 |
| Internet & Voice      |         301 |         131 |            131 |             257 |
| Internet Only         |        4433 |        4336 |           4330 |            4372 |
| OTT Only              |           1 |           1 |              1 |               1 |
| TV & Internet         |        9746 |        4352 |           4344 |            8882 |
| TV & Internet & OTT   |        4840 |        1281 |           1279 |            2661 |
| TV & Internet & Voice |         526 |         148 |            148 |             457 |
| TV & OTT              |         354 |          93 |             91 |             103 |
| TV & Voice            |          86 |          38 |             38 |              78 |
| TV Only               |        8114 |        6331 |           6321 |            6538 |
| Voice Only            |         118 |         117 |            117 |             118 |
| GRAND TOTAL           |       28965 |       16903 |          16814 |           23701 |
+-----------------------+-------------+-------------+----------------+-----------------+
13 rows in set (0.00 sec)

+-------------+-------------+-------------+----------------+-----------------+
| network     | activecount | allaccounts | uniqueaccounts | uniquecontracts |
+-------------+-------------+-------------+----------------+-----------------+
| GPON        |       14501 |        7110 |           7107 |           11330 |
| HFC         |       14464 |        9793 |           9793 |           12371 |
| GRAND TOTAL |       28965 |       16903 |          16814 |           23701 |
+-------------+-------------+-------------+----------------+-----------------+
3 rows in set, 1 warning (0.15 sec)

+-------------+-----------------------+-------------+-------------+----------------+-----------------+
| network     | services              | activecount | allaccounts | uniqueaccounts | uniquecontracts |
+-------------+-----------------------+-------------+-------------+----------------+-----------------+
| GPON        | All                   |         353 |          60 |             60 |             191 |
| GPON        | Internet & Voice      |          83 |          34 |             34 |              72 |
| GPON        | Internet Only         |        1761 |        1677 |           1677 |            1701 |
| GPON        | TV & Internet         |        5637 |        2473 |           2473 |            5074 |
| GPON        | TV & Internet & OTT   |        3914 |        1028 |           1028 |            2146 |
| GPON        | TV & Internet & Voice |         314 |          83 |             83 |             260 |
| GPON        | TV & OTT              |         217 |          68 |             68 |              73 |
| GPON        | TV & Voice            |          62 |          27 |             27 |              56 |
| GPON        | TV Only               |        2147 |        1648 |           1648 |            1744 |
| GPON        | Voice Only            |          13 |          12 |             12 |              13 |
| GPON        | Services Total        |       14501 |        7110 |           7107 |           11330 |
| HFC         | All                   |          87 |          12 |             12 |              39 |
| HFC         | Internet & OTT        |           6 |           3 |              3 |               4 |
| HFC         | Internet & Voice      |         218 |          97 |             97 |             185 |
| HFC         | Internet Only         |        2672 |        2659 |           2659 |            2671 |
| HFC         | OTT Only              |           1 |           1 |              1 |               1 |
| HFC         | TV & Internet         |        4109 |        1879 |           1879 |            3808 |
| HFC         | TV & Internet & OTT   |         926 |         253 |            253 |             515 |
| HFC         | TV & Internet & Voice |         212 |          65 |             65 |             197 |
| HFC         | TV & OTT              |         137 |          25 |             25 |              30 |
| HFC         | TV & Voice            |          24 |          11 |             11 |              22 |
| HFC         | TV Only               |        5967 |        4683 |           4683 |            4794 |
| HFC         | Voice Only            |         105 |         105 |            105 |             105 |
| HFC         | Services Total        |       14464 |        9793 |           9793 |           12371 |
| GRAND TOTAL | Services Total        |       28965 |       16903 |          16814 |           23701 |
+-------------+-----------------------+-------------+-------------+----------------+-----------------+
25 rows in set, 2 warnings (0.15 sec)

Query OK, 0 rows affected (0.01 sec)

Query OK, 42 rows affected, 3 warnings (0.21 sec)
Records: 42  Duplicates: 0  Warnings: 3

+-------------+---------------+-----------------------+-------------+-------------+----------------+-----------------+
| region      | network       | services              | activecount | allaccounts | uniqueaccounts | uniquecontracts |
+-------------+---------------+-----------------------+-------------+-------------+----------------+-----------------+
| Eden Island | GPON          | TV & Internet         |           2 |           1 |              1 |               2 |
| Eden Island | GPON          | Services Total        |           2 |           1 |              1 |               2 |
| Eden Island | Network Total | Services Total        |           2 |           1 |              1 |               2 |
| Mahe        | GPON          | All                   |         315 |          53 |             53 |             170 |
| Mahe        | GPON          | Internet & Voice      |          77 |          31 |             31 |              66 |
| Mahe        | GPON          | Internet Only         |        1503 |        1421 |           1421 |            1443 |
| Mahe        | GPON          | TV & Internet         |        4880 |        2135 |           2135 |            4376 |
| Mahe        | GPON          | TV & Internet & OTT   |        3291 |         845 |            845 |            1772 |
| Mahe        | GPON          | TV & Internet & Voice |         297 |          78 |             78 |             243 |
| Mahe        | GPON          | TV & OTT              |         196 |          59 |             59 |              64 |
| Mahe        | GPON          | TV & Voice            |          59 |          26 |             26 |              53 |
| Mahe        | GPON          | TV Only               |        1806 |        1391 |           1391 |            1472 |
| Mahe        | GPON          | Voice Only            |          13 |          12 |             12 |              13 |
| Mahe        | GPON          | Services Total        |       12437 |        6051 |           6051 |            9672 |
| Mahe        | HFC           | All                   |          87 |          12 |             12 |              39 |
| Mahe        | HFC           | Internet & OTT        |           6 |           3 |              3 |               4 |
| Mahe        | HFC           | Internet & Voice      |         218 |          97 |             97 |             185 |
| Mahe        | HFC           | Internet Only         |        2672 |        2659 |           2659 |            2671 |
| Mahe        | HFC           | OTT Only              |           1 |           1 |              1 |               1 |
| Mahe        | HFC           | TV & Internet         |        4109 |        1879 |           1879 |            3808 |
| Mahe        | HFC           | TV & Internet & OTT   |         926 |         253 |            253 |             515 |
| Mahe        | HFC           | TV & Internet & Voice |         212 |          65 |             65 |             197 |
| Mahe        | HFC           | TV & OTT              |         137 |          25 |             25 |              30 |
| Mahe        | HFC           | TV & Voice            |          24 |          11 |             11 |              22 |
| Mahe        | HFC           | TV Only               |        5966 |        4682 |           4682 |            4793 |
| Mahe        | HFC           | Voice Only            |         105 |         105 |            105 |             105 |
| Mahe        | HFC           | Services Total        |       14463 |        9792 |           9792 |           12370 |
| Mahe        | Network Total | Services Total        |       26900 |       15843 |          15757 |           22042 |
| Praslin     | GPON          | All                   |          38 |           7 |              7 |              21 |
| Praslin     | GPON          | Internet & Voice      |           6 |           3 |              3 |               6 |
| Praslin     | GPON          | Internet Only         |         258 |         256 |            256 |             258 |
| Praslin     | GPON          | TV & Internet         |         755 |         337 |            337 |             696 |
| Praslin     | GPON          | TV & Internet & OTT   |         623 |         183 |            183 |             374 |
| Praslin     | GPON          | TV & Internet & Voice |          17 |           5 |              5 |              17 |
| Praslin     | GPON          | TV & OTT              |          21 |           9 |              9 |               9 |
| Praslin     | GPON          | TV & Voice            |           3 |           1 |              1 |               3 |
| Praslin     | GPON          | TV Only               |         341 |         257 |            257 |             272 |
| Praslin     | GPON          | Services Total        |        2062 |        1058 |           1058 |            1656 |
| Praslin     | HFC           | TV Only               |           1 |           1 |              1 |               1 |
| Praslin     | HFC           | Services Total        |           1 |           1 |              1 |               1 |
| Praslin     | Network Total | Services Total        |        2063 |        1059 |           1059 |            1657 |
| GRAND TOTAL | Network Total | Services Total        |       28965 |       16903 |          16814 |           23701 |
+-------------+---------------+-----------------------+-------------+-------------+----------------+-----------------+
42 rows in set (0.00 sec)

Query OK, 0 rows affected (0.01 sec)

Query OK, 28293 rows affected (0.59 sec)
Records: 28293  Duplicates: 0  Warnings: 0

Query OK, 0 rows affected (0.01 sec)

Query OK, 2337 rows affected (0.57 sec)
Records: 2337  Duplicates: 0  Warnings: 0

+--------------------------------------+
| message                              |
+--------------------------------------+
| running rcbill_my.sp_ActiveNumber2() |
+--------------------------------------+
1 row in set (0.00 sec)

Query OK, 365 rows affected (2 min 52.79 sec)

mysql> mysql \. C:\workspace\cloud\code\sql\_DailyScript\currenttime.sql
+---------------------+
| currenttime         |
+---------------------+
| 2022-01-31 10:16:58 |
+---------------------+
1 row in set (0.01 sec)

mysql> 
mysql> mysql \. C:\workspace\cloud\code\sql\_DailyScript\GetActiveNumbers Average -Pivot.sql
Database changed
+-------------------------------------+
| @today := subdate(current_date(),1) |
+-------------------------------------+
| 2022-01-30                          |
+-------------------------------------+
1 row in set (0.00 sec)

+-------------------------------------+
| @lastdayofmonth := last_day(@today) |
+-------------------------------------+
| 2022-01-31                          |
+-------------------------------------+
1 row in set (0.00 sec)

Query OK, 0 rows affected (0.01 sec)

Query OK, 53275 rows affected, 65535 warnings (1 min 9.06 sec)
Records: 53275  Duplicates: 0  Warnings: 109146

Query OK, 0 rows affected (0.13 sec)
Records: 0  Duplicates: 0  Warnings: 0

Query OK, 0 rows affected (0.16 sec)
Records: 0  Duplicates: 0  Warnings: 0

Query OK, 0 rows affected (0.13 sec)
Records: 0  Duplicates: 0  Warnings: 0

+-----------------+
| activenumberavg |
+-----------------+
|           53275 |
+-----------------+
1 row in set (0.02 sec)

Query OK, 0 rows affected (0.01 sec)

Query OK, 2008 rows affected (0.65 sec)
Records: 2008  Duplicates: 0  Warnings: 0

+---------------------+
| rep_activenumberavg |
+---------------------+
|                2008 |
+---------------------+
1 row in set (0.00 sec)

+----------------------+
| rep_activenumberavg1 |
+----------------------+
|                  933 |
+----------------------+
1 row in set (0.00 sec)

Query OK, 0 rows affected (0.01 sec)

Query OK, 2827 rows affected (0.50 sec)
Records: 2827  Duplicates: 0  Warnings: 0

Query OK, 0 rows affected (0.01 sec)

Query OK, 14658 rows affected (0.96 sec)
Records: 14658  Duplicates: 0  Warnings: 0

Query OK, 0 rows affected (0.01 sec)

Query OK, 254 rows affected (0.31 sec)
Records: 254  Duplicates: 0  Warnings: 0

Query OK, 0 rows affected (0.00 sec)

Query OK, 0 rows affected (0.01 sec)

Query OK, 0 rows affected (0.00 sec)

Query OK, 0 rows affected (0.00 sec)

Query OK, 0 rows affected (0.00 sec)
Statement prepared

Query OK, 53 rows affected (0.07 sec)
Records: 53  Duplicates: 0  Warnings: 0

Query OK, 0 rows affected (0.00 sec)

Query OK, 0 rows affected (0.00 sec)

+----------------------+
| rep_activenumberavg2 |
+----------------------+
|                 2827 |
+----------------------+
1 row in set (0.00 sec)

+------------------------+
| rep_activenumberavg_pv |
+------------------------+
|                     53 |
+------------------------+
1 row in set (0.00 sec)

Query OK, 0 rows affected (0.01 sec)

Query OK, 2824 rows affected (0.42 sec)
Records: 2824  Duplicates: 0  Warnings: 0

Query OK, 0 rows affected (0.00 sec)

Query OK, 0 rows affected (0.01 sec)

Query OK, 0 rows affected (0.01 sec)

Query OK, 0 rows affected (0.00 sec)

Query OK, 0 rows affected (0.00 sec)
Statement prepared

Query OK, 53 rows affected (0.06 sec)
Records: 53  Duplicates: 0  Warnings: 0

Query OK, 0 rows affected (0.00 sec)

Query OK, 0 rows affected (0.00 sec)

+-------------------------+
| rep_activenumberavgMahe |
+-------------------------+
|                    2824 |
+-------------------------+
1 row in set (0.00 sec)

+----------------------------+
| rep_activenumberavgMahe_pv |
+----------------------------+
|                         53 |
+----------------------------+
1 row in set (0.00 sec)

Query OK, 0 rows affected (0.01 sec)

Query OK, 1788 rows affected (0.19 sec)
Records: 1788  Duplicates: 0  Warnings: 0

Query OK, 0 rows affected (0.00 sec)

Query OK, 0 rows affected (0.00 sec)

Query OK, 0 rows affected (0.01 sec)

Query OK, 0 rows affected (0.00 sec)

Query OK, 0 rows affected (0.00 sec)
Statement prepared

Query OK, 41 rows affected (0.04 sec)
Records: 41  Duplicates: 0  Warnings: 0

Query OK, 0 rows affected (0.00 sec)

Query OK, 0 rows affected (0.00 sec)

+----------------------------+
| rep_activenumberavgPraslin |
+----------------------------+
|                       1788 |
+----------------------------+
1 row in set (0.00 sec)

+-------------------------------+
| rep_activenumberavgPraslin_pv |
+-------------------------------+
|                            41 |
+-------------------------------+
1 row in set (0.00 sec)

mysql> mysql \. C:\workspace\cloud\code\sql\_DailyScript\currenttime.sql
+---------------------+
| currenttime         |
+---------------------+
| 2022-01-31 10:18:10 |
+---------------------+
1 row in set (0.00 sec)

mysql> 
mysql> mysql \. C:\workspace\cloud\code\sql\Analysis\clients_contracts_creditpolicy_2.sql
Database changed
Query OK, 0 rows affected, 1 warning (0.00 sec)

Query OK, 1934020 rows affected (1 min 5.56 sec)
Records: 1934020  Duplicates: 0  Warnings: 0

Query OK, 0 rows affected (0.04 sec)

Query OK, 28316 rows affected (1.84 sec)
Records: 28316  Duplicates: 0  Warnings: 0

Query OK, 0 rows affected (0.10 sec)

Query OK, 28392 rows affected (30.11 sec)
Records: 28392  Duplicates: 0  Warnings: 0

+-------------------------+
| rep_cust_cont_creditpol |
+-------------------------+
|                   28392 |
+-------------------------+
1 row in set (0.01 sec)

mysql> mysql \. C:\workspace\cloud\code\sql\_DailyScript\currenttime.sql
+---------------------+
| currenttime         |
+---------------------+
| 2022-01-31 10:19:48 |
+---------------------+
1 row in set (0.00 sec)

mysql> 
mysql> 
mysql> 
mysql> 
mysql> 
mysql> 
mysql> 
mysql> 
mysql> 
mysql> 
mysql> 
mysql> 
mysql> 
mysql> 
mysql> 
mysql> 
mysql> 
mysql> 
mysql> 
mysql> 
mysql> 
mysql> 
mysql> 
mysql> 
mysql> 
mysql> 
mysql> 
mysql> 
mysql> 
mysql> 
mysql> 
mysql> 
mysql> 
mysql> 
mysql> 
mysql> 
mysql> 
mysql> 
mysql> 
mysql> 
mysql> 
mysql> 
mysql> 
mysql> 
mysql> 
mysql> 
mysql> 
mysql> 
mysql> 
mysql> 
mysql> 
mysql> 
mysql> 
mysql> 
mysql> 
mysql> 
mysql> 
mysql> 
mysql> 
mysql> 
mysql> 
mysql> 
mysql> exit
