    -> 
    -> mysql \. C:\workspace\cloud\code\sql\_DailyScript\_setdates.sql
Database changed
Query OK, 0 rows affected (0.00 sec)

Query OK, 0 rows affected (0.00 sec)

Query OK, 0 rows affected (0.00 sec)

Query OK, 0 rows affected (0.00 sec)

Query OK, 0 rows affected (0.00 sec)

Query OK, 0 rows affected (0.00 sec)

Query OK, 0 rows affected (0.00 sec)

Query OK, 0 rows affected (0.00 sec)

Query OK, 0 rows affected (0.00 sec)

Query OK, 0 rows affected (0.00 sec)

Query OK, 0 rows affected (0.00 sec)

Query OK, 0 rows affected (0.00 sec)

Query OK, 0 rows affected (0.00 sec)

Query OK, 0 rows affected (0.00 sec)

Query OK, 0 rows affected (0.00 sec)

Query OK, 0 rows affected (0.00 sec)

Query OK, 0 rows affected (0.00 sec)

Query OK, 0 rows affected (0.00 sec)

Query OK, 0 rows affected (0.00 sec)

Query OK, 0 rows affected (0.00 sec)

Query OK, 0 rows affected (0.00 sec)

mysql> mysql \. C:\workspace\cloud\code\sql\_DailyScript\currenttime.sql
+---------------------+
| currenttime         |
+---------------------+
| 2021-02-08 10:27:14 |
+---------------------+
1 row in set (0.00 sec)

mysql> 
mysql> mysql \. C:\workspace\cloud\code\sql\_DailyScript\load_RCB_VODTITLES.sql
Database changed
Query OK, 0 rows affected (0.00 sec)

Query OK, 13703 rows affected (0.17 sec)

Query OK, 13705 rows affected, 13705 warnings (0.37 sec)
Records: 13705  Deleted: 0  Skipped: 0  Warnings: 13705

Query OK, 0 rows affected (0.00 sec)

Query OK, 2 rows affected (0.01 sec)

+-----------+
| VODTITLES |
+-----------+
|     14163 |
+-----------+
1 row in set (0.00 sec)

+-----------+-----------+
| titletype | typecount |
+-----------+-----------+
| E         |     11468 |
| N         |       252 |
| T         |      1983 |
| NULL      |     13703 |
+-----------+-----------+
4 rows in set (0.04 sec)

mysql> mysql \. C:\workspace\cloud\code\sql\_DailyScript\currenttime.sql
+---------------------+
| currenttime         |
+---------------------+
| 2021-02-08 10:27:15 |
+---------------------+
1 row in set (0.00 sec)

mysql> 
mysql> mysql \. C:\workspace\cloud\code\sql\_DailyScript\DAILY-SCRIPT-LIVETV-STATS.sql
Database changed
Query OK, 0 rows affected (0.01 sec)

Query OK, 118541 rows affected (1.32 sec)
Records: 118541  Duplicates: 0  Warnings: 0

+------------+------------+----------+--------------+--------------+-----------+-------------+----------+--------+------+------------+---------+---------------+
| Table      | Non_unique | Key_name | Seq_in_index | Column_name  | Collation | Cardinality | Sub_part | Packed | Null | Index_type | Comment | Index_comment |
+------------+------------+----------+--------------+--------------+-----------+-------------+----------+--------+------+------------+---------+---------------+
| templivetv |          1 | idxtv1   |            1 | device       | A         |      118571 |     NULL | NULL   | YES  | BTREE      |         |               |
| templivetv |          1 | idxtv2   |            1 | sessionstart | A         |      118571 |     NULL | NULL   | YES  | BTREE      |         |               |
+------------+------------+----------+--------------+--------------+-----------+-------------+----------+--------+------+------------+---------+---------------+
2 rows in set (0.00 sec)

Query OK, 118344 rows affected (14.10 sec)
Records: 118344  Duplicates: 0  Warnings: 0

Query OK, 2679 rows affected (0.74 sec)
Records: 2679  Duplicates: 0  Warnings: 0

Query OK, 0 rows affected (0.00 sec)

Query OK, 0 rows affected (0.00 sec)

Query OK, 132 rows affected (0.05 sec)
Records: 132  Duplicates: 0  Warnings: 0

Query OK, 0 rows affected (0.01 sec)

Query OK, 53656 rows affected (3 min 4.02 sec)
Records: 53656  Duplicates: 0  Warnings: 0

+-----------------+
| rep_livetvstats |
+-----------------+
|           53656 |
+-----------------+
1 row in set (0.02 sec)

mysql> mysql \. C:\workspace\cloud\code\sql\_DailyScript\currenttime.sql
+---------------------+
| currenttime         |
+---------------------+
| 2021-02-08 10:30:35 |
+---------------------+
1 row in set (0.00 sec)

mysql> 
mysql> mysql \. C:\workspace\cloud\code\sql\_DailyScript\DAILY-SCRIPT-VODTS-STATS.sql
Database changed
Query OK, 0 rows affected (0.01 sec)

Query OK, 6053 rows affected (18.74 sec)
Records: 6053  Duplicates: 0  Warnings: 0

+---------+------------+----------+--------------+--------------+-----------+-------------+----------+--------+------+------------+---------+---------------+
| Table   | Non_unique | Key_name | Seq_in_index | Column_name  | Collation | Cardinality | Sub_part | Packed | Null | Index_type | Comment | Index_comment |
+---------+------------+----------+--------------+--------------+-----------+-------------+----------+--------+------+------------+---------+---------------+
| tempvod |          1 | idxtvod1 |            1 | device       | A         |        5490 |     NULL | NULL   | YES  | BTREE      |         |               |
| tempvod |          1 | idxtvod2 |            1 | sessionstart | A         |        5490 |     NULL | NULL   | YES  | BTREE      |         |               |
+---------+------------+----------+--------------+--------------+-----------+-------------+----------+--------+------+------------+---------+---------------+
2 rows in set (0.00 sec)

Query OK, 6035 rows affected (3.11 sec)
Records: 6035  Duplicates: 0  Warnings: 0

Query OK, 0 rows affected (0.01 sec)

Query OK, 1003906 rows affected (1 min 21.38 sec)
Records: 1003906  Duplicates: 0  Warnings: 0

+--------------+
| rep_vodstats |
+--------------+
|      1003906 |
+--------------+
1 row in set (0.30 sec)

Database changed
Query OK, 0 rows affected (0.01 sec)

Query OK, 23813 rows affected (42.48 sec)
Records: 23813  Duplicates: 0  Warnings: 0

+--------+------------+----------+--------------+--------------+-----------+-------------+----------+--------+------+------------+---------+---------------+
| Table  | Non_unique | Key_name | Seq_in_index | Column_name  | Collation | Cardinality | Sub_part | Packed | Null | Index_type | Comment | Index_comment |
+--------+------------+----------+--------------+--------------+-----------+-------------+----------+--------+------+------------+---------+---------------+
| tempts |          1 | idxtts1  |            1 | device       | A         |       23991 |     NULL | NULL   | YES  | BTREE      |         |               |
| tempts |          1 | idxtts2  |            1 | sessionstart | A         |       23991 |     NULL | NULL   | YES  | BTREE      |         |               |
+--------+------------+----------+--------------+--------------+-----------+-------------+----------+--------+------+------------+---------+---------------+
2 rows in set (0.00 sec)

Query OK, 23767 rows affected (13.91 sec)
Records: 23767  Duplicates: 0  Warnings: 0

Query OK, 0 rows affected (0.01 sec)

Query OK, 44090 rows affected (42.51 sec)
Records: 44090  Duplicates: 0  Warnings: 0

+-------------+
| rep_tsstats |
+-------------+
|       44090 |
+-------------+
1 row in set (0.01 sec)

mysql> mysql \. C:\workspace\cloud\code\sql\_DailyScript\currenttime.sql
+---------------------+
| currenttime         |
+---------------------+
| 2021-02-08 10:33:58 |
+---------------------+
1 row in set (0.00 sec)

mysql> 
mysql> mysql \. C:\workspace\cloud\code\sql\_DailyScript\DAILY-SCRIPT-RADIO-STATS.sql
Database changed
Query OK, 0 rows affected (0.04 sec)

Query OK, 357805 rows affected (3.90 sec)
Records: 357805  Duplicates: 0  Warnings: 0

+-----------+------------+----------+--------------+--------------+-----------+-------------+----------+--------+------+------------+---------+---------------+
| Table     | Non_unique | Key_name | Seq_in_index | Column_name  | Collation | Cardinality | Sub_part | Packed | Null | Index_type | Comment | Index_comment |
+-----------+------------+----------+--------------+--------------+-----------+-------------+----------+--------+------+------------+---------+---------------+
| tempradio |          1 | idxtrad1 |            1 | device       | A         |      356385 |     NULL | NULL   | YES  | BTREE      |         |               |
| tempradio |          1 | idxtrad2 |            1 | sessionstart | A         |      356385 |     NULL | NULL   | YES  | BTREE      |         |               |
+-----------+------------+----------+--------------+--------------+-----------+-------------+----------+--------+------+------------+---------+---------------+
2 rows in set (0.00 sec)

Query OK, 564 rows affected (1.54 sec)
Records: 564  Duplicates: 0  Warnings: 0

Query OK, 0 rows affected (0.01 sec)

Query OK, 5904 rows affected (0.47 sec)
Records: 5904  Duplicates: 0  Warnings: 0

+----------------+
| rep_radiostats |
+----------------+
|           5904 |
+----------------+
1 row in set (0.00 sec)

mysql> mysql \. C:\workspace\cloud\code\sql\_DailyScript\currenttime.sql
+---------------------+
| currenttime         |
+---------------------+
| 2021-02-08 10:34:04 |
+---------------------+
1 row in set (0.00 sec)

mysql> 
mysql> mysql \. C:\workspace\cloud\code\sql\_DailyScript\DAILY_SCRIPT_TELEMETRY_PIVOT_2021.sql
Query OK, 0 rows affected (0.01 sec)

Query OK, 140 rows affected (0.11 sec)
Records: 140  Duplicates: 0  Warnings: 0

Query OK, 0 rows affected (0.01 sec)

Query OK, 9720 rows affected (1.60 sec)
Records: 9720  Duplicates: 0  Warnings: 0

Query OK, 0 rows affected (0.01 sec)

Query OK, 5 rows affected (0.02 sec)
Records: 5  Duplicates: 0  Warnings: 0

Query OK, 0 rows affected (0.01 sec)

Query OK, 44 rows affected (0.05 sec)
Records: 44  Duplicates: 0  Warnings: 0

mysql> mysql \. C:\workspace\cloud\code\sql\_DailyScript\currenttime.sql
+---------------------+
| currenttime         |
+---------------------+
| 2021-02-08 10:34:05 |
+---------------------+
1 row in set (0.00 sec)

mysql> 
mysql> mysql \. C:\workspace\cloud\code\sql\_DailyScript\telemetry_livetv_ranking2021.sql
Query OK, 0 rows affected (0.00 sec)

Query OK, 140 rows affected (0.02 sec)
Records: 140  Duplicates: 0  Warnings: 0

mysql> mysql \. C:\workspace\cloud\code\sql\_DailyScript\currenttime.sql
+---------------------+
| currenttime         |
+---------------------+
| 2021-02-08 10:34:05 |
+---------------------+
1 row in set (0.00 sec)

mysql> 
mysql> mysql \. C:\workspace\cloud\code\sql\_DailyScript\telemetry_radio_ranking2021.sql
Query OK, 0 rows affected (0.01 sec)

Query OK, 5 rows affected (0.01 sec)
Records: 5  Duplicates: 0  Warnings: 0

mysql> mysql \. C:\workspace\cloud\code\sql\_DailyScript\currenttime.sql
+---------------------+
| currenttime         |
+---------------------+
| 2021-02-08 10:34:05 |
+---------------------+
1 row in set (0.00 sec)

mysql> 
mysql> mysql \. C:\workspace\cloud\code\sql\_DailyScript\telemetry_ts_ranking2021.sql
Query OK, 0 rows affected (0.01 sec)

Query OK, 44 rows affected (0.01 sec)
Records: 44  Duplicates: 0  Warnings: 0

mysql> mysql \. C:\workspace\cloud\code\sql\_DailyScript\currenttime.sql
+---------------------+
| currenttime         |
+---------------------+
| 2021-02-08 10:34:05 |
+---------------------+
1 row in set (0.00 sec)

mysql> 
mysql> mysql \. C:\workspace\cloud\code\sql\_DailyScript\telemetry_vod_ranking2021.sql
Query OK, 0 rows affected (0.01 sec)

Query OK, 9720 rows affected (0.40 sec)
Records: 9720  Duplicates: 0  Warnings: 0

mysql> mysql \. C:\workspace\cloud\code\sql\_DailyScript\currenttime.sql
+---------------------+
| currenttime         |
+---------------------+
| 2021-02-08 10:34:06 |
+---------------------+
1 row in set (0.00 sec)

mysql> 
mysql> mysql \. C:\workspace\cloud\code\sql\_DailyScript\telemetry_vod_ranking2021_1.sql
Query OK, 0 rows affected (0.00 sec)

Query OK, 9720 rows affected (0.20 sec)
Records: 9720  Duplicates: 0  Warnings: 0

mysql> mysql \. C:\workspace\cloud\code\sql\_DailyScript\currenttime.sql
+---------------------+
| currenttime         |
+---------------------+
| 2021-02-08 10:34:06 |
+---------------------+
1 row in set (0.00 sec)

mysql> 
mysql> mysql \. C:\workspace\cloud\code\sql\_DailyScript\telemetry_vod_ranking2021_2.sql
Query OK, 0 rows affected (0.01 sec)

Query OK, 9720 rows affected (0.20 sec)
Records: 9720  Duplicates: 0  Warnings: 0

mysql> mysql \. C:\workspace\cloud\code\sql\_DailyScript\currenttime.sql
+---------------------+
| currenttime         |
+---------------------+
| 2021-02-08 10:34:06 |
+---------------------+
1 row in set (0.00 sec)

mysql> 
mysql> 
mysql> 
mysql> 
mysql> mysql \. C:\workspace\cloud\code\sql\_DailyScript\ticket_analysis.sql
Database changed
Query OK, 0 rows affected (0.07 sec)

Query OK, 755265 rows affected (28.07 sec)
Records: 755265  Duplicates: 0  Warnings: 0

Query OK, 0 rows affected (4.40 sec)
Records: 0  Duplicates: 0  Warnings: 0

Query OK, 0 rows affected (2.08 sec)
Records: 0  Duplicates: 0  Warnings: 0

Query OK, 0 rows affected (2.00 sec)
Records: 0  Duplicates: 0  Warnings: 0

Query OK, 0 rows affected (0.01 sec)

Query OK, 23735 rows affected (12.72 sec)
Records: 23735  Duplicates: 0  Warnings: 0

Query OK, 0 rows affected, 1 warning (0.00 sec)

Query OK, 108564 rows affected (7.49 sec)
Records: 108564  Duplicates: 0  Warnings: 0

Query OK, 0 rows affected, 1 warning (0.00 sec)

Query OK, 553739 rows affected (14.98 sec)
Records: 553739  Duplicates: 0  Warnings: 0

Query OK, 0 rows affected, 1 warning (0.00 sec)

Query OK, 553739 rows affected (15.19 sec)
Records: 553739  Duplicates: 0  Warnings: 0

Query OK, 0 rows affected (0.02 sec)

Query OK, 108668 rows affected (5.98 sec)
Records: 108668  Duplicates: 0  Warnings: 0

Database changed
Query OK, 0 rows affected (0.00 sec)

Query OK, 0 rows affected (0.03 sec)

Query OK, 755265 rows affected (26.06 sec)
Records: 755265  Duplicates: 0  Warnings: 0

Query OK, 0 rows affected (0.02 sec)

Query OK, 384343 rows affected (19.85 sec)
Records: 384343  Duplicates: 0  Warnings: 0

+--------------------------+
| clientticket_cmmtjourney |
+--------------------------+
|                   755265 |
+--------------------------+
1 row in set (2.12 sec)

+---------------------------+
| clientticket_assgnjourney |
+---------------------------+
|                    384343 |
+---------------------------+
1 row in set (0.42 sec)

Query OK, 0 rows affected (0.01 sec)

Query OK, 73 rows affected (0.09 sec)
Records: 73  Duplicates: 0  Warnings: 0

mysql> mysql \. C:\workspace\cloud\code\sql\_DailyScript\currenttime.sql
+---------------------+
| currenttime         |
+---------------------+
| 2021-02-08 10:36:28 |
+---------------------+
1 row in set (0.00 sec)

mysql> 
mysql> mysql \. C:\workspace\cloud\code\sql\_DailyScript\load_DailyCalls.sql
Database changed
Query OK, 472 rows affected (0.14 sec)
Records: 472  Deleted: 0  Skipped: 0  Warnings: 0

Query OK, 0 rows affected, 1 warning (0.00 sec)

Query OK, 471 rows affected (0.04 sec)
Records: 471  Duplicates: 0  Warnings: 0

Query OK, 0 rows affected, 1 warning (0.00 sec)

Query OK, 68603 rows affected (0.31 sec)
Records: 68603  Duplicates: 0  Warnings: 0

+----------------------+
| callingclientsbefore |
+----------------------+
|              1112493 |
+----------------------+
1 row in set (0.44 sec)

Query OK, 695 rows affected (9.97 sec)
Records: 695  Duplicates: 0  Warnings: 0

+---------------------+
| callingclientsafter |
+---------------------+
|             1113188 |
+---------------------+
1 row in set (0.28 sec)

Query OK, 0 rows affected (0.01 sec)

Query OK, 298 rows affected (3.46 sec)
Records: 298  Duplicates: 0  Warnings: 0

Query OK, 0 rows affected (0.00 sec)

Query OK, 21893 rows affected (3.60 sec)
Records: 21893  Duplicates: 0  Warnings: 0

+-----------+
| callstats |
+-----------+
|     21893 |
+-----------+
1 row in set (0.01 sec)

Query OK, 0 rows affected, 1 warning (0.00 sec)

Query OK, 695 rows affected (2.59 sec)
Records: 695  Duplicates: 0  Warnings: 0

+------------------------+
| rep_cccallreportbefore |
+------------------------+
|                1113470 |
+------------------------+
1 row in set (0.39 sec)

Query OK, 695 rows affected (0.16 sec)
Records: 695  Duplicates: 0  Warnings: 0

+-----------------------+
| rep_cccallreportafter |
+-----------------------+
|               1114165 |
+-----------------------+
1 row in set (0.29 sec)

Query OK, 0 rows affected (0.00 sec)

mysql> mysql \. C:\workspace\cloud\code\sql\_DailyScript\currenttime.sql
+---------------------+
| currenttime         |
+---------------------+
| 2021-02-08 10:36:50 |
+---------------------+
1 row in set (0.00 sec)

mysql> 
mysql> mysql \. C:\workspace\cloud\code\sql\_DailyScript\DAILY-SCRIPT-USAGE.sql
Database changed
Query OK, 0 rows affected (0.00 sec)

Query OK, 4606 rows affected, 13379 warnings (1.20 sec)
Records: 4606  Deleted: 0  Skipped: 0  Warnings: 13379

Query OK, 0 rows affected (0.00 sec)

Query OK, 6734 rows affected, 19477 warnings (1.21 sec)
Records: 6734  Deleted: 0  Skipped: 0  Warnings: 19477

Query OK, 0 rows affected (0.00 sec)

Query OK, 308 rows affected, 1087 warnings (0.04 sec)
Records: 308  Deleted: 0  Skipped: 0  Warnings: 1087

Query OK, 0 rows affected (0.00 sec)

Query OK, 128 rows affected, 433 warnings (0.02 sec)
Records: 128  Deleted: 0  Skipped: 0  Warnings: 433

+------------+
| dailyusage |
+------------+
|   16451267 |
+------------+
1 row in set (6.48 sec)

+------------+------------+------------+---------+
| datestart  | dateend    | insertedon | records |
+------------+------------+------------+---------+
| 2021-02-06 | 2021-02-06 | 2021-02-08 |   11776 |
| 2021-02-05 | 2021-02-05 | 2021-02-08 |   11789 |
| 2021-02-04 | 2021-02-04 | 2021-02-05 |   11617 |
| 2021-02-03 | 2021-02-03 | 2021-02-04 |   10832 |
| 2021-02-02 | 2021-02-02 | 2021-02-03 |   11108 |
+------------+------------+------------+---------+
5 rows in set (16.44 sec)

+----------+------------+------------+------------+---------+
| category | datestart  | dateend    | insertedon | records |
+----------+------------+------------+------------+---------+
| UNCAPPED | 2021-02-06 | 2021-02-06 | 2021-02-08 |    6734 |
| PREPAID  | 2021-02-06 | 2021-02-06 | 2021-02-08 |     308 |
| HOTSPOT  | 2021-02-06 | 2021-02-06 | 2021-02-08 |     128 |
| CAPPED   | 2021-02-06 | 2021-02-06 | 2021-02-08 |    4606 |
| UNCAPPED | 2021-02-05 | 2021-02-05 | 2021-02-08 |    6712 |
| PREPAID  | 2021-02-05 | 2021-02-05 | 2021-02-08 |     293 |
| HOTSPOT  | 2021-02-05 | 2021-02-05 | 2021-02-08 |     122 |
| CAPPED   | 2021-02-05 | 2021-02-05 | 2021-02-08 |    4662 |
| UNCAPPED | 2021-02-04 | 2021-02-04 | 2021-02-05 |    6590 |
| PREPAID  | 2021-02-04 | 2021-02-04 | 2021-02-05 |     316 |
| HOTSPOT  | 2021-02-04 | 2021-02-04 | 2021-02-05 |     145 |
| CAPPED   | 2021-02-04 | 2021-02-04 | 2021-02-05 |    4566 |
| UNCAPPED | 2021-02-03 | 2021-02-03 | 2021-02-04 |    6113 |
| PREPAID  | 2021-02-03 | 2021-02-03 | 2021-02-04 |     280 |
| HOTSPOT  | 2021-02-03 | 2021-02-03 | 2021-02-04 |     120 |
| CAPPED   | 2021-02-03 | 2021-02-03 | 2021-02-04 |    4319 |
| UNCAPPED | 2021-02-02 | 2021-02-02 | 2021-02-03 |    6342 |
| PREPAID  | 2021-02-02 | 2021-02-02 | 2021-02-03 |     291 |
| HOTSPOT  | 2021-02-02 | 2021-02-02 | 2021-02-03 |     114 |
| CAPPED   | 2021-02-02 | 2021-02-02 | 2021-02-03 |    4361 |
+----------+------------+------------+------------+---------+
20 rows in set (24.16 sec)

mysql> mysql \. C:\workspace\cloud\code\sql\_DailyScript\currenttime.sql
+---------------------+
| currenttime         |
+---------------------+
| 2021-02-08 10:37:39 |
+---------------------+
1 row in set (0.00 sec)

mysql> 
mysql> mysql \. C:\workspace\cloud\code\sql\_DailyScript\DAILY-SCRIPT-SALES-TELEMETRY.sql
Database changed
Query OK, 69 rows affected, 20 warnings (0.02 sec)
Records: 69  Deleted: 0  Skipped: 0  Warnings: 20

+------------+
| dailysales |
+------------+
|     222919 |
+------------+
1 row in set (0.18 sec)

Query OK, 0 rows affected (0.01 sec)

Query OK, 222919 rows affected (14.48 sec)
Records: 222919  Duplicates: 0  Warnings: 0

+--------+
| sales  |
+--------+
| 222919 |
+--------+
1 row in set (0.22 sec)

Query OK, 0 rows affected (0.01 sec)

Query OK, 3641 rows affected (0.38 sec)
Records: 3641  Duplicates: 0  Warnings: 0

+----------------+
| rep_dailysales |
+----------------+
|           3641 |
+----------------+
1 row in set (0.00 sec)

Query OK, 0 rows affected (0.00 sec)

Query OK, 3641 rows affected (0.59 sec)
Records: 3641  Duplicates: 0  Warnings: 0

+-------------------+
| rep_dailysalesreg |
+-------------------+
|              3641 |
+-------------------+
1 row in set (0.00 sec)

Query OK, 0 rows affected (0.01 sec)

Query OK, 2873 rows affected (0.70 sec)
Records: 2873  Duplicates: 0  Warnings: 0

+-----------+
| saleslist |
+-----------+
|      2873 |
+-----------+
1 row in set (0.00 sec)

Database changed
ERROR 2 (HY000): File 'C:\ProgramData\MySQL\MySQL Server 5.7\Uploads\_csv\PrepaidCardSales-06022021-P1.csv' not found (Errcode: 2 - No such file or directory)
+------------------+
| dailysinglesales |
+------------------+
|             6460 |
+------------------+
1 row in set (0.01 sec)

Database changed
Query OK, 22 rows affected (0.01 sec)
Records: 22  Deleted: 0  Skipped: 0  Warnings: 0

+-----------------+
| dailyaddonsales |
+-----------------+
|           22092 |
+-----------------+
1 row in set (0.04 sec)

Query OK, 294 rows affected (0.06 sec)
Records: 294  Deleted: 0  Skipped: 0  Warnings: 0

+----------------+
| onlinepayments |
+----------------+
|         158355 |
+----------------+
1 row in set (0.08 sec)

+-------------+----------------+---------------------+
| paymentdate | onlinepayments | onlinepaymentamount |
+-------------+----------------+---------------------+
| 2021-02-06  |            294 |        187859.32000 |
| 2021-02-05  |            307 |        208899.96000 |
| 2021-02-04  |            339 |        211603.18000 |
| 2021-02-03  |            284 |        177726.92000 |
| 2021-02-02  |            296 |        196045.87000 |
+-------------+----------------+---------------------+
5 rows in set (0.52 sec)

+-------------+--------------+----------------+---------------------+
| paymentyear | paymentmonth | onlinepayments | onlinepaymentamount |
+-------------+--------------+----------------+---------------------+
|        2021 |            2 |           1967 |       1272525.36000 |
|        2021 |            1 |           9124 |       5808374.04000 |
|        2021 |         NULL |          11091 |       7080899.40000 |
|        2020 |           12 |           7235 |       4780077.29000 |
|        2020 |           11 |           6424 |       4163507.90000 |
+-------------+--------------+----------------+---------------------+
5 rows in set (0.15 sec)

mysql> mysql \. C:\workspace\cloud\code\sql\_DailyScript\currenttime.sql
+---------------------+
| currenttime         |
+---------------------+
| 2021-02-08 10:37:57 |
+---------------------+
1 row in set (0.00 sec)

mysql> 
mysql> mysql \. C:\workspace\cloud\code\sql\_DailyScript\DAILY-SCRIPT-ACTIVENUMBERS.sql
Database changed
Query OK, 1153 rows affected (0.45 sec)
Records: 1153  Deleted: 0  Skipped: 0  Warnings: 0

+------------+----------+
| period     | count(1) |
+------------+----------+
| 2021-02-06 |     1153 |
| 2021-02-05 |     1154 |
| 2021-02-04 |     1153 |
| 2021-02-03 |     1151 |
| 2021-02-02 |     1156 |
+------------+----------+
5 rows in set (0.01 sec)

Query OK, 0 rows affected (0.00 sec)

Query OK, 78 rows affected (1.39 sec)
Records: 78  Duplicates: 0  Warnings: 0

+-------------+
| packagelist |
+-------------+
|          78 |
+-------------+
1 row in set (0.00 sec)

Database changed
Query OK, 0 rows affected (0.00 sec)

Query OK, 0 rows affected (0.00 sec)

Query OK, 0 rows affected (0.00 sec)

Query OK, 0 rows affected (0.00 sec)

Query OK, 28344 rows affected, 230 warnings (14.02 sec)
Records: 28344  Deleted: 0  Skipped: 0  Warnings: 230

+------------+----------+
| period     | count(1) |
+------------+----------+
| 2021-02-06 |    28344 |
| 2021-02-05 |    28337 |
| 2021-02-04 |    28352 |
| 2021-02-03 |    28430 |
| 2021-02-02 |    28363 |
+------------+----------+
5 rows in set (0.11 sec)

Query OK, 0 rows affected (0.04 sec)

Query OK, 27770 rows affected (44.84 sec)
Records: 27770  Duplicates: 0  Warnings: 0

Query OK, 0 rows affected (0.12 sec)
Records: 0  Duplicates: 0  Warnings: 0

Query OK, 0 rows affected (0.11 sec)
Records: 0  Duplicates: 0  Warnings: 0

Query OK, 0 rows affected (0.09 sec)
Records: 0  Duplicates: 0  Warnings: 0

Query OK, 0 rows affected (0.08 sec)
Records: 0  Duplicates: 0  Warnings: 0

Query OK, 0 rows affected (0.07 sec)
Records: 0  Duplicates: 0  Warnings: 0

Query OK, 0 rows affected (0.07 sec)
Records: 0  Duplicates: 0  Warnings: 0

+-------------+
| countbefore |
+-------------+
|    43108932 |
+-------------+
1 row in set (11.81 sec)

Query OK, 27770 rows affected (2.26 sec)
Records: 27770  Duplicates: 0  Warnings: 0

+------------+
| countafter |
+------------+
|   43136702 |
+------------+
1 row in set (14.51 sec)

+------------+--------------------------+
| period     | customercontractactivity |
+------------+--------------------------+
| 2021-02-06 |                    27770 |
| 2021-02-05 |                    27763 |
| 2021-02-04 |                    27778 |
| 2021-02-03 |                    27856 |
| 2021-02-02 |                    27791 |
+------------+--------------------------+
5 rows in set (0.06 sec)

Query OK, 0 rows affected (0.01 sec)

Query OK, 293098 rows affected (7 min 59.30 sec)
Records: 293098  Duplicates: 0  Warnings: 0

Query OK, 0 rows affected (1.04 sec)
Records: 0  Duplicates: 0  Warnings: 0

Query OK, 0 rows affected (1.12 sec)
Records: 0  Duplicates: 0  Warnings: 0

Query OK, 0 rows affected (1.19 sec)
Records: 0  Duplicates: 0  Warnings: 0

Query OK, 0 rows affected (0.01 sec)

Query OK, 233 rows affected (0.46 sec)
Records: 233  Duplicates: 0  Warnings: 0

Query OK, 0 rows affected (0.01 sec)

Query OK, 2648 rows affected (0.58 sec)
Records: 2648  Duplicates: 0  Warnings: 0

Query OK, 0 rows affected (0.01 sec)

Query OK, 27745 rows affected (0.52 sec)
Records: 27745  Duplicates: 0  Warnings: 0

Query OK, 0 rows affected (0.00 sec)

Query OK, 17224 rows affected (0.34 sec)
Records: 17224  Duplicates: 0  Warnings: 0

Query OK, 0 rows affected (0.01 sec)

Query OK, 17224 rows affected (0.12 sec)
Records: 17224  Duplicates: 0  Warnings: 0

Query OK, 0 rows affected (0.01 sec)

Query OK, 17224 rows affected (1.14 sec)
Records: 17224  Duplicates: 0  Warnings: 0

Query OK, 0 rows affected (0.01 sec)

Query OK, 17224 rows affected (44.68 sec)
Records: 17224  Duplicates: 0  Warnings: 0

+-------------+
| clientstats |
+-------------+
|       17224 |
+-------------+
1 row in set (0.01 sec)

Query OK, 0 rows affected (0.00 sec)

Query OK, 15 rows affected, 1 warning (0.09 sec)
Records: 15  Duplicates: 0  Warnings: 1

+------------------------+-------------+-------------+----------------+-----------------+
| services               | activecount | allaccounts | uniqueaccounts | uniquecontracts |
+------------------------+-------------+-------------+----------------+-----------------+
| All                    |         358 |          60 |             60 |             191 |
| Internet & OTT         |           4 |           2 |              2 |               2 |
| Internet & Voice       |         359 |         161 |            161 |             315 |
| Internet & Voice & OTT |           3 |           1 |              1 |               3 |
| Internet Only          |        4330 |        4214 |           4207 |            4257 |
| OTT Only               |           1 |           1 |              1 |               1 |
| TV & Internet          |        9845 |        4443 |           4436 |            9049 |
| TV & Internet & OTT    |        3350 |         855 |            853 |            1777 |
| TV & Internet & Voice  |         529 |         154 |            154 |             472 |
| TV & OTT               |         533 |          79 |             78 |              98 |
| TV & Voice             |          93 |          39 |             39 |              83 |
| TV & Voice & OTT       |           3 |           1 |              1 |               2 |
| TV Only                |        8916 |        7078 |           7072 |            7261 |
| Voice Only             |         138 |         136 |            136 |             138 |
| GRAND TOTAL            |       28462 |       17224 |          17163 |           23649 |
+------------------------+-------------+-------------+----------------+-----------------+
15 rows in set (0.00 sec)

+-------------+-------------+-------------+----------------+-----------------+
| network     | activecount | allaccounts | uniqueaccounts | uniquecontracts |
+-------------+-------------+-------------+----------------+-----------------+
| GPON        |       10558 |        5284 |           5281 |            8345 |
| HFC         |       17904 |       11940 |          11940 |           15304 |
| GRAND TOTAL |       28462 |       17224 |          17163 |           23649 |
+-------------+-------------+-------------+----------------+-----------------+
3 rows in set, 1 warning (0.11 sec)

+-------------+------------------------+-------------+-------------+----------------+-----------------+
| network     | services               | activecount | allaccounts | uniqueaccounts | uniquecontracts |
+-------------+------------------------+-------------+-------------+----------------+-----------------+
| GPON        | All                    |         222 |          39 |             39 |             122 |
| GPON        | Internet & Voice       |          76 |          32 |             32 |              66 |
| GPON        | Internet & Voice & OTT |           3 |           1 |              1 |               3 |
| GPON        | Internet Only          |        1272 |        1176 |           1176 |            1202 |
| GPON        | TV & Internet          |        4500 |        1984 |           1984 |            4088 |
| GPON        | TV & Internet & OTT    |        2063 |         517 |            517 |            1082 |
| GPON        | TV & Internet & Voice  |         259 |          69 |             69 |             215 |
| GPON        | TV & OTT               |         291 |          44 |             44 |              51 |
| GPON        | TV & Voice             |          55 |          22 |             22 |              48 |
| GPON        | TV Only                |        1804 |        1388 |           1388 |            1455 |
| GPON        | Voice Only             |          13 |          12 |             12 |              13 |
| GPON        | Services Total         |       10558 |        5284 |           5281 |            8345 |
| HFC         | All                    |         136 |          21 |             21 |              69 |
| HFC         | Internet & OTT         |           4 |           2 |              2 |               2 |
| HFC         | Internet & Voice       |         283 |         129 |            129 |             249 |
| HFC         | Internet Only          |        3058 |        3038 |           3038 |            3055 |
| HFC         | OTT Only               |           1 |           1 |              1 |               1 |
| HFC         | TV & Internet          |        5345 |        2459 |           2459 |            4961 |
| HFC         | TV & Internet & OTT    |        1287 |         338 |            338 |             695 |
| HFC         | TV & Internet & Voice  |         270 |          85 |             85 |             257 |
| HFC         | TV & OTT               |         242 |          35 |             35 |              47 |
| HFC         | TV & Voice             |          38 |          17 |             17 |              35 |
| HFC         | TV & Voice & OTT       |           3 |           1 |              1 |               2 |
| HFC         | TV Only                |        7112 |        5690 |           5690 |            5806 |
| HFC         | Voice Only             |         125 |         124 |            124 |             125 |
| HFC         | Services Total         |       17904 |       11940 |          11940 |           15304 |
| GRAND TOTAL | Services Total         |       28462 |       17224 |          17163 |           23649 |
+-------------+------------------------+-------------+-------------+----------------+-----------------+
27 rows in set, 2 warnings (0.13 sec)

Query OK, 0 rows affected (0.00 sec)

Query OK, 42 rows affected, 3 warnings (0.18 sec)
Records: 42  Duplicates: 0  Warnings: 3

+-------------+---------------+------------------------+-------------+-------------+----------------+-----------------+
| region      | network       | services               | activecount | allaccounts | uniqueaccounts | uniquecontracts |
+-------------+---------------+------------------------+-------------+-------------+----------------+-----------------+
| Mahe        | GPON          | All                    |         192 |          34 |             34 |             107 |
| Mahe        | GPON          | Internet & Voice       |          62 |          25 |             25 |              52 |
| Mahe        | GPON          | Internet & Voice & OTT |           3 |           1 |              1 |               3 |
| Mahe        | GPON          | Internet Only          |        1049 |         953 |            953 |             979 |
| Mahe        | GPON          | TV & Internet          |        3678 |        1617 |           1617 |            3327 |
| Mahe        | GPON          | TV & Internet & OTT    |        1661 |         403 |            403 |             848 |
| Mahe        | GPON          | TV & Internet & Voice  |         244 |          64 |             64 |             200 |
| Mahe        | GPON          | TV & OTT               |         260 |          34 |             34 |              41 |
| Mahe        | GPON          | TV & Voice             |          52 |          21 |             21 |              46 |
| Mahe        | GPON          | TV Only                |        1447 |        1104 |           1104 |            1154 |
| Mahe        | GPON          | Voice Only             |          13 |          12 |             12 |              13 |
| Mahe        | GPON          | Services Total         |        8661 |        4268 |           4268 |            6770 |
| Mahe        | HFC           | All                    |         136 |          21 |             21 |              69 |
| Mahe        | HFC           | Internet & OTT         |           4 |           2 |              2 |               2 |
| Mahe        | HFC           | Internet & Voice       |         283 |         129 |            129 |             249 |
| Mahe        | HFC           | Internet Only          |        3058 |        3038 |           3038 |            3055 |
| Mahe        | HFC           | OTT Only               |           1 |           1 |              1 |               1 |
| Mahe        | HFC           | TV & Internet          |        5343 |        2458 |           2458 |            4959 |
| Mahe        | HFC           | TV & Internet & OTT    |        1287 |         338 |            338 |             695 |
| Mahe        | HFC           | TV & Internet & Voice  |         270 |          85 |             85 |             257 |
| Mahe        | HFC           | TV & OTT               |         242 |          35 |             35 |              47 |
| Mahe        | HFC           | TV & Voice             |          38 |          17 |             17 |              35 |
| Mahe        | HFC           | TV & Voice & OTT       |           3 |           1 |              1 |               2 |
| Mahe        | HFC           | TV Only                |        7109 |        5688 |           5688 |            5804 |
| Mahe        | HFC           | Voice Only             |         125 |         124 |            124 |             125 |
| Mahe        | HFC           | Services Total         |       17899 |       11937 |          11937 |           15300 |
| Mahe        | Network Total | Services Total         |       26560 |       16205 |          16147 |           22070 |
| Praslin     | GPON          | All                    |          30 |           5 |              5 |              15 |
| Praslin     | GPON          | Internet & Voice       |          14 |           7 |              7 |              14 |
| Praslin     | GPON          | Internet Only          |         223 |         223 |            223 |             223 |
| Praslin     | GPON          | TV & Internet          |         822 |         367 |            367 |             761 |
| Praslin     | GPON          | TV & Internet & OTT    |         402 |         114 |            114 |             234 |
| Praslin     | GPON          | TV & Internet & Voice  |          15 |           5 |              5 |              15 |
| Praslin     | GPON          | TV & OTT               |          31 |          10 |             10 |              10 |
| Praslin     | GPON          | TV & Voice             |           3 |           1 |              1 |               2 |
| Praslin     | GPON          | TV Only                |         357 |         284 |            284 |             301 |
| Praslin     | GPON          | Services Total         |        1897 |        1016 |           1016 |            1575 |
| Praslin     | HFC           | TV & Internet          |           2 |           1 |              1 |               2 |
| Praslin     | HFC           | TV Only                |           3 |           2 |              2 |               2 |
| Praslin     | HFC           | Services Total         |           5 |           3 |              3 |               4 |
| Praslin     | Network Total | Services Total         |        1902 |        1019 |           1019 |            1579 |
| GRAND TOTAL | Network Total | Services Total         |       28462 |       17224 |          17163 |           23649 |
+-------------+---------------+------------------------+-------------+-------------+----------------+-----------------+
42 rows in set (0.00 sec)

Query OK, 0 rows affected (0.01 sec)

Query OK, 27746 rows affected (0.43 sec)
Records: 27746  Duplicates: 0  Warnings: 0

Query OK, 0 rows affected (0.01 sec)

Query OK, 2217 rows affected (1.36 sec)
Records: 2217  Duplicates: 0  Warnings: 0

+--------------------------------------+
| message                              |
+--------------------------------------+
| running rcbill_my.sp_ActiveNumber2() |
+--------------------------------------+
1 row in set (0.00 sec)

Query OK, 365 rows affected (1 min 49.65 sec)

mysql> mysql \. C:\workspace\cloud\code\sql\_DailyScript\currenttime.sql
+---------------------+
| currenttime         |
+---------------------+
| 2021-02-08 10:50:10 |
+---------------------+
1 row in set (0.00 sec)

mysql> 
mysql> mysql \. C:\workspace\cloud\code\sql\_DailyScript\GetActiveNumbers Average -Pivot.sql
Database changed
+-------------------------------------+
| @today := subdate(current_date(),1) |
+-------------------------------------+
| 2021-02-07                          |
+-------------------------------------+
1 row in set (0.00 sec)

+-------------------------------------+
| @lastdayofmonth := last_day(@today) |
+-------------------------------------+
| 2021-02-28                          |
+-------------------------------------+
1 row in set (0.00 sec)

Query OK, 0 rows affected (0.01 sec)

Query OK, 45475 rows affected, 65535 warnings (55.95 sec)
Records: 45475  Duplicates: 0  Warnings: 93390

Query OK, 0 rows affected (0.10 sec)
Records: 0  Duplicates: 0  Warnings: 0

Query OK, 0 rows affected (0.13 sec)
Records: 0  Duplicates: 0  Warnings: 0

Query OK, 0 rows affected (0.10 sec)
Records: 0  Duplicates: 0  Warnings: 0

+-----------------+
| activenumberavg |
+-----------------+
|           45475 |
+-----------------+
1 row in set (0.01 sec)

Query OK, 0 rows affected (0.01 sec)

Query OK, 1947 rows affected (0.53 sec)
Records: 1947  Duplicates: 0  Warnings: 0

+---------------------+
| rep_activenumberavg |
+---------------------+
|                1947 |
+---------------------+
1 row in set (0.00 sec)

+----------------------+
| rep_activenumberavg1 |
+----------------------+
|                  908 |
+----------------------+
1 row in set (0.00 sec)

Query OK, 0 rows affected (0.00 sec)

Query OK, 2384 rows affected (0.42 sec)
Records: 2384  Duplicates: 0  Warnings: 0

Query OK, 0 rows affected (0.01 sec)

Query OK, 12247 rows affected (0.77 sec)
Records: 12247  Duplicates: 0  Warnings: 0

Query OK, 0 rows affected (0.00 sec)

Query OK, 0 rows affected (0.01 sec)

Query OK, 0 rows affected (0.00 sec)

Query OK, 0 rows affected (0.00 sec)

Query OK, 0 rows affected (0.00 sec)
Statement prepared

Query OK, 53 rows affected (0.05 sec)
Records: 53  Duplicates: 0  Warnings: 0

Query OK, 0 rows affected (0.00 sec)

Query OK, 0 rows affected (0.00 sec)

+----------------------+
| rep_activenumberavg2 |
+----------------------+
|                 2384 |
+----------------------+
1 row in set (0.00 sec)

+------------------------+
| rep_activenumberavg_pv |
+------------------------+
|                     53 |
+------------------------+
1 row in set (0.00 sec)

Query OK, 0 rows affected (0.02 sec)

Query OK, 2383 rows affected (0.35 sec)
Records: 2383  Duplicates: 0  Warnings: 0

Query OK, 0 rows affected (0.00 sec)

Query OK, 0 rows affected (0.00 sec)

Query OK, 0 rows affected (0.01 sec)

Query OK, 0 rows affected (0.00 sec)

Query OK, 0 rows affected (0.00 sec)
Statement prepared

Query OK, 53 rows affected (0.05 sec)
Records: 53  Duplicates: 0  Warnings: 0

Query OK, 0 rows affected (0.00 sec)

Query OK, 0 rows affected (0.00 sec)

+-------------------------+
| rep_activenumberavgMahe |
+-------------------------+
|                    2383 |
+-------------------------+
1 row in set (0.00 sec)

+----------------------------+
| rep_activenumberavgMahe_pv |
+----------------------------+
|                         53 |
+----------------------------+
1 row in set (0.00 sec)

Query OK, 0 rows affected (0.01 sec)

Query OK, 1512 rows affected (0.16 sec)
Records: 1512  Duplicates: 0  Warnings: 0

Query OK, 0 rows affected (0.00 sec)

Query OK, 0 rows affected (0.00 sec)

Query OK, 0 rows affected (0.00 sec)

Query OK, 0 rows affected (0.00 sec)

Query OK, 0 rows affected (0.00 sec)
Statement prepared

Query OK, 40 rows affected (0.04 sec)
Records: 40  Duplicates: 0  Warnings: 0

Query OK, 0 rows affected (0.00 sec)

Query OK, 0 rows affected (0.00 sec)

+----------------------------+
| rep_activenumberavgPraslin |
+----------------------------+
|                       1512 |
+----------------------------+
1 row in set (0.00 sec)

+-------------------------------+
| rep_activenumberavgPraslin_pv |
+-------------------------------+
|                            40 |
+-------------------------------+
1 row in set (0.00 sec)

mysql> mysql \. C:\workspace\cloud\code\sql\_DailyScript\currenttime.sql
+---------------------+
| currenttime         |
+---------------------+
| 2021-02-08 10:51:09 |
+---------------------+
1 row in set (0.00 sec)

mysql> 
mysql> 
mysql> 
mysql> 
mysql> 
mysql> 
mysql> 
mysql> 
mysql> 
mysql> 
mysql> 
mysql> 
mysql> 
mysql> 
mysql> 
mysql> 
mysql> 
mysql> 
mysql> 
mysql> 
mysql> 
mysql> 
mysql> 
mysql> 
mysql> exit
