    -> 
    -> mysql \. C:\workspace\cloud\code\sql\_DailyScript\_setdates.sql
Query OK, 0 rows affected (0.00 sec)

Query OK, 0 rows affected (1.58 sec)

Database changed
Query OK, 0 rows affected (0.00 sec)

Query OK, 0 rows affected (0.00 sec)

Query OK, 0 rows affected (0.00 sec)

Query OK, 0 rows affected (0.00 sec)

Query OK, 0 rows affected (0.00 sec)

Query OK, 0 rows affected (0.00 sec)

Query OK, 0 rows affected (0.00 sec)

Query OK, 0 rows affected (0.00 sec)

Query OK, 0 rows affected (0.00 sec)

Query OK, 0 rows affected (0.00 sec)

Query OK, 0 rows affected (0.00 sec)

Query OK, 0 rows affected (0.00 sec)

Query OK, 0 rows affected (0.00 sec)

Query OK, 0 rows affected (0.00 sec)

Query OK, 0 rows affected (0.00 sec)

Query OK, 0 rows affected (0.00 sec)

Query OK, 0 rows affected (0.00 sec)

Query OK, 0 rows affected (0.00 sec)

Query OK, 0 rows affected (0.00 sec)

Query OK, 0 rows affected (0.00 sec)

Query OK, 0 rows affected (0.00 sec)

Query OK, 0 rows affected (0.00 sec)

mysql> mysql \. C:\workspace\cloud\code\sql\_DailyScript\currenttime.sql
+---------------------+
| currenttime         |
+---------------------+
| 2021-10-04 16:50:39 |
+---------------------+
1 row in set (0.00 sec)

mysql> 
mysql> mysql \. C:\workspace\cloud\code\sql\_DailyScript\load_RCB_VODTITLES.sql
Database changed
Query OK, 0 rows affected (0.00 sec)

Query OK, 16023 rows affected (0.12 sec)

Query OK, 16025 rows affected, 16025 warnings (0.37 sec)
Records: 16025  Deleted: 0  Skipped: 0  Warnings: 16025

Query OK, 0 rows affected (0.00 sec)

Query OK, 2 rows affected (0.01 sec)

+-----------+
| VODTITLES |
+-----------+
|     16483 |
+-----------+
1 row in set (0.01 sec)

+-----------+-----------+
| titletype | typecount |
+-----------+-----------+
| E         |     13617 |
| N         |       245 |
| T         |      2161 |
| NULL      |     16023 |
+-----------+-----------+
4 rows in set (0.04 sec)

mysql> mysql \. C:\workspace\cloud\code\sql\_DailyScript\currenttime.sql
+---------------------+
| currenttime         |
+---------------------+
| 2021-10-04 16:50:40 |
+---------------------+
1 row in set (0.00 sec)

mysql> 
mysql> 
mysql> 
mysql> 
mysql> 
mysql> 
mysql> 
mysql> 
mysql> 
mysql> 
mysql> 
mysql> 
mysql> 
mysql> 
mysql> 
mysql> 
mysql> 
mysql> 
mysql> 
mysql> 
mysql> 
mysql> 
mysql> 
mysql> 
mysql> 
mysql> 
mysql> 
mysql> 
mysql> 
mysql> 
mysql> 
mysql> 
mysql> 
mysql> 
mysql> 
mysql> 
mysql> 
mysql> mysql \. C:\workspace\cloud\code\sql\_DailyScript\load_DailyCalls.sql
Database changed
Query OK, 454 rows affected (0.11 sec)
Records: 454  Deleted: 0  Skipped: 0  Warnings: 0

Query OK, 0 rows affected, 1 warning (0.00 sec)

Query OK, 454 rows affected (0.01 sec)
Records: 454  Duplicates: 0  Warnings: 0

Query OK, 0 rows affected, 1 warning (0.00 sec)

Query OK, 70511 rows affected (0.29 sec)
Records: 70511  Duplicates: 0  Warnings: 0

+----------------------+
| callingclientsbefore |
+----------------------+
|              1275300 |
+----------------------+
1 row in set (0.36 sec)

Query OK, 675 rows affected (9.42 sec)
Records: 675  Duplicates: 0  Warnings: 0

+---------------------+
| callingclientsafter |
+---------------------+
|             1275975 |
+---------------------+
1 row in set (0.33 sec)

Query OK, 0 rows affected (0.01 sec)

Query OK, 316 rows affected (1.99 sec)
Records: 316  Duplicates: 0  Warnings: 0

Query OK, 0 rows affected (0.00 sec)

Query OK, 24839 rows affected (3.93 sec)
Records: 24839  Duplicates: 0  Warnings: 0

+-----------+
| callstats |
+-----------+
|     24839 |
+-----------+
1 row in set (0.01 sec)

Query OK, 0 rows affected, 1 warning (0.00 sec)

Query OK, 675 rows affected (1.43 sec)
Records: 675  Duplicates: 0  Warnings: 0

+------------------------+
| rep_cccallreportbefore |
+------------------------+
|                1276951 |
+------------------------+
1 row in set (0.34 sec)

Query OK, 675 rows affected (0.10 sec)
Records: 675  Duplicates: 0  Warnings: 0

+-----------------------+
| rep_cccallreportafter |
+-----------------------+
|               1277626 |
+-----------------------+
1 row in set (0.33 sec)

Query OK, 0 rows affected (0.01 sec)

mysql> mysql \. C:\workspace\cloud\code\sql\_DailyScript\currenttime.sql
+---------------------+
| currenttime         |
+---------------------+
| 2021-10-04 16:50:59 |
+---------------------+
1 row in set (0.00 sec)

mysql> 
mysql> mysql \. C:\workspace\cloud\code\sql\_DailyScript\DAILY-SCRIPT-USAGE.sql
Database changed
Query OK, 0 rows affected (0.00 sec)

Query OK, 4081 rows affected, 11858 warnings (1.96 sec)
Records: 4081  Deleted: 0  Skipped: 0  Warnings: 11858

Query OK, 0 rows affected (0.00 sec)

Query OK, 7064 rows affected, 20432 warnings (0.74 sec)
Records: 7064  Deleted: 0  Skipped: 0  Warnings: 20432

Query OK, 0 rows affected (0.00 sec)

Query OK, 258 rows affected, 889 warnings (0.03 sec)
Records: 258  Deleted: 0  Skipped: 0  Warnings: 889

Query OK, 0 rows affected (0.00 sec)

Query OK, 209 rows affected, 725 warnings (0.03 sec)
Records: 209  Deleted: 0  Skipped: 0  Warnings: 725

+------------+
| dailyusage |
+------------+
|   19011451 |
+------------+
1 row in set (5.56 sec)

+------------+------------+------------+---------+
| datestart  | dateend    | insertedon | records |
+------------+------------+------------+---------+
| 2021-09-22 | 2021-09-22 | 2021-10-04 |   11612 |
| 2021-09-21 | 2021-09-21 | 2021-10-04 |   12634 |
| 2021-09-20 | 2021-09-20 | 2021-10-04 |   12588 |
| 2021-09-19 | 2021-09-19 | 2021-10-04 |   12407 |
| 2021-09-18 | 2021-09-18 | 2021-10-04 |   12683 |
+------------+------------+------------+---------+
5 rows in set (17.33 sec)

+----------+------------+------------+------------+---------+
| category | datestart  | dateend    | insertedon | records |
+----------+------------+------------+------------+---------+
| UNCAPPED | 2021-09-22 | 2021-09-22 | 2021-10-04 |    7064 |
| PREPAID  | 2021-09-22 | 2021-09-22 | 2021-10-04 |     258 |
| HOTSPOT  | 2021-09-22 | 2021-09-22 | 2021-10-04 |     209 |
| CAPPED   | 2021-09-22 | 2021-09-22 | 2021-10-04 |    4081 |
| UNCAPPED | 2021-09-21 | 2021-09-21 | 2021-10-04 |    7769 |
| PREPAID  | 2021-09-21 | 2021-09-21 | 2021-10-04 |     279 |
| HOTSPOT  | 2021-09-21 | 2021-09-21 | 2021-10-04 |     163 |
| CAPPED   | 2021-09-21 | 2021-09-21 | 2021-10-04 |    4423 |
| UNCAPPED | 2021-09-20 | 2021-09-20 | 2021-10-04 |    7755 |
| PREPAID  | 2021-09-20 | 2021-09-20 | 2021-10-04 |     315 |
| HOTSPOT  | 2021-09-20 | 2021-09-20 | 2021-10-04 |     165 |
| CAPPED   | 2021-09-20 | 2021-09-20 | 2021-10-04 |    4353 |
| UNCAPPED | 2021-09-19 | 2021-09-19 | 2021-10-04 |    7598 |
| PREPAID  | 2021-09-19 | 2021-09-19 | 2021-10-04 |     311 |
| HOTSPOT  | 2021-09-19 | 2021-09-19 | 2021-10-04 |     131 |
| CAPPED   | 2021-09-19 | 2021-09-19 | 2021-10-04 |    4367 |
| UNCAPPED | 2021-09-18 | 2021-09-18 | 2021-10-04 |    7748 |
| PREPAID  | 2021-09-18 | 2021-09-18 | 2021-10-04 |     279 |
| HOTSPOT  | 2021-09-18 | 2021-09-18 | 2021-10-04 |     146 |
| CAPPED   | 2021-09-18 | 2021-09-18 | 2021-10-04 |    4510 |
+----------+------------+------------+------------+---------+
20 rows in set (25.65 sec)

mysql> mysql \. C:\workspace\cloud\code\sql\_DailyScript\currenttime.sql
+---------------------+
| currenttime         |
+---------------------+
| 2021-10-04 16:51:50 |
+---------------------+
1 row in set (0.00 sec)

mysql> 
mysql> mysql \. C:\workspace\cloud\code\sql\_DailyScript\DAILY-SCRIPT-SALES-TELEMETRY.sql
Database changed
Query OK, 113 rows affected, 46 warnings (0.04 sec)
Records: 113  Deleted: 0  Skipped: 0  Warnings: 46

+------------+
| dailysales |
+------------+
|     247474 |
+------------+
1 row in set (0.10 sec)

Query OK, 0 rows affected (0.01 sec)

Query OK, 247474 rows affected (15.13 sec)
Records: 247474  Duplicates: 0  Warnings: 0

+--------+
| sales  |
+--------+
| 247474 |
+--------+
1 row in set (0.10 sec)

Query OK, 0 rows affected (0.01 sec)

Query OK, 4113 rows affected (0.37 sec)
Records: 4113  Duplicates: 0  Warnings: 0

+----------------+
| rep_dailysales |
+----------------+
|           4113 |
+----------------+
1 row in set (0.00 sec)

Query OK, 0 rows affected (0.00 sec)

Query OK, 4113 rows affected (0.61 sec)
Records: 4113  Duplicates: 0  Warnings: 0

+-------------------+
| rep_dailysalesreg |
+-------------------+
|              4113 |
+-------------------+
1 row in set (0.00 sec)

Query OK, 0 rows affected (0.01 sec)

Query OK, 2984 rows affected (0.73 sec)
Records: 2984  Duplicates: 0  Warnings: 0

+-----------+
| saleslist |
+-----------+
|      2984 |
+-----------+
1 row in set (0.00 sec)

Database changed
ERROR 2 (HY000): File 'C:\ProgramData\MySQL\MySQL Server 5.7\Uploads\_csv\PrepaidCardSales-22092021-P1.csv' not found (Errcode: 2 - No such file or directory)
+------------------+
| dailysinglesales |
+------------------+
|             6596 |
+------------------+
1 row in set (0.01 sec)

Database changed
Query OK, 18 rows affected (0.06 sec)
Records: 18  Deleted: 0  Skipped: 0  Warnings: 0

+-----------------+
| dailyaddonsales |
+-----------------+
|           25185 |
+-----------------+
1 row in set (0.01 sec)

Query OK, 260 rows affected (0.04 sec)
Records: 260  Deleted: 0  Skipped: 0  Warnings: 0

+----------------+
| onlinepayments |
+----------------+
|         224096 |
+----------------+
1 row in set (0.07 sec)

+-------------+----------------+---------------------+
| paymentdate | onlinepayments | onlinepaymentamount |
+-------------+----------------+---------------------+
| 2021-09-22  |            260 |        160662.73000 |
| 2021-09-21  |            195 |        133194.24000 |
| 2021-09-20  |            281 |        173373.03000 |
| 2021-09-19  |            229 |        126054.42000 |
| 2021-09-18  |            237 |        147940.12000 |
+-------------+----------------+---------------------+
5 rows in set (0.31 sec)

+-------------+--------------+----------------+---------------------+
| paymentyear | paymentmonth | onlinepayments | onlinepaymentamount |
+-------------+--------------+----------------+---------------------+
|        2021 |            9 |           5389 |       3393925.93000 |
|        2021 |            8 |           8864 |       5714008.87000 |
|        2021 |            7 |           8972 |       5795292.15000 |
|        2021 |            6 |           8773 |       5686976.03000 |
|        2021 |            5 |           9358 |       5959322.66000 |
+-------------+--------------+----------------+---------------------+
5 rows in set (0.21 sec)

mysql> mysql \. C:\workspace\cloud\code\sql\_DailyScript\currenttime.sql
+---------------------+
| currenttime         |
+---------------------+
| 2021-10-04 16:52:08 |
+---------------------+
1 row in set (0.00 sec)

mysql> 
mysql> mysql \. C:\workspace\cloud\code\sql\_DailyScript\DAILY-SCRIPT-ACTIVENUMBERS.sql
Database changed
Query OK, 1102 rows affected (0.42 sec)
Records: 1102  Deleted: 0  Skipped: 0  Warnings: 0

+------------+----------+
| period     | count(1) |
+------------+----------+
| 2021-09-22 |     1102 |
| 2021-09-21 |     1101 |
| 2021-09-20 |     1099 |
| 2021-09-19 |     1101 |
| 2021-09-18 |     1102 |
+------------+----------+
5 rows in set (0.00 sec)

Query OK, 0 rows affected (0.01 sec)

Query OK, 75 rows affected (1.32 sec)
Records: 75  Duplicates: 0  Warnings: 0

+-------------+
| packagelist |
+-------------+
|          75 |
+-------------+
1 row in set (0.00 sec)

Database changed
Query OK, 0 rows affected (0.00 sec)

Query OK, 0 rows affected (0.00 sec)

Query OK, 0 rows affected (0.00 sec)

Query OK, 0 rows affected (0.00 sec)

Query OK, 28819 rows affected, 922 warnings (11.80 sec)
Records: 28819  Deleted: 0  Skipped: 0  Warnings: 922

+------------+----------+
| period     | count(1) |
+------------+----------+
| 2021-09-22 |    28819 |
| 2021-09-21 |    28770 |
| 2021-09-20 |    28762 |
| 2021-09-19 |    28692 |
| 2021-09-18 |    28789 |
+------------+----------+
5 rows in set (0.07 sec)

Query OK, 0 rows affected (0.01 sec)

Query OK, 28256 rows affected (35.86 sec)
Records: 28256  Duplicates: 0  Warnings: 0

Query OK, 0 rows affected (0.11 sec)
Records: 0  Duplicates: 0  Warnings: 0

Query OK, 0 rows affected (0.11 sec)
Records: 0  Duplicates: 0  Warnings: 0

Query OK, 0 rows affected (0.10 sec)
Records: 0  Duplicates: 0  Warnings: 0

Query OK, 0 rows affected (0.08 sec)
Records: 0  Duplicates: 0  Warnings: 0

Query OK, 0 rows affected (0.07 sec)
Records: 0  Duplicates: 0  Warnings: 0

Query OK, 0 rows affected (0.07 sec)
Records: 0  Duplicates: 0  Warnings: 0

+-------------+
| countbefore |
+-------------+
|    49524702 |
+-------------+
1 row in set (14.19 sec)

Query OK, 28256 rows affected (1.58 sec)
Records: 28256  Duplicates: 0  Warnings: 0

+------------+
| countafter |
+------------+
|   49552958 |
+------------+
1 row in set (15.30 sec)

+------------+--------------------------+
| period     | customercontractactivity |
+------------+--------------------------+
| 2021-09-22 |                    28256 |
| 2021-09-21 |                    28208 |
| 2021-09-20 |                    28200 |
| 2021-09-19 |                    28130 |
| 2021-09-18 |                    28227 |
+------------+--------------------------+
5 rows in set (0.06 sec)

Query OK, 0 rows affected (0.01 sec)

Query OK, 317512 rows affected, 4 warnings (7 min 56.57 sec)
Records: 317512  Duplicates: 0  Warnings: 4

Query OK, 0 rows affected (1.00 sec)
Records: 0  Duplicates: 0  Warnings: 0

Query OK, 0 rows affected (1.11 sec)
Records: 0  Duplicates: 0  Warnings: 0

Query OK, 0 rows affected (1.11 sec)
Records: 0  Duplicates: 0  Warnings: 0

Query OK, 0 rows affected (0.01 sec)

Query OK, 231 rows affected (0.42 sec)
Records: 231  Duplicates: 0  Warnings: 0

Query OK, 0 rows affected (0.00 sec)

Query OK, 2548 rows affected (0.59 sec)
Records: 2548  Duplicates: 0  Warnings: 0

Query OK, 0 rows affected (0.01 sec)

Query OK, 28232 rows affected (0.55 sec)
Records: 28232  Duplicates: 0  Warnings: 0

Query OK, 0 rows affected (0.01 sec)

Query OK, 17149 rows affected (0.35 sec)
Records: 17149  Duplicates: 0  Warnings: 0

Query OK, 0 rows affected (0.01 sec)

Query OK, 17149 rows affected (0.13 sec)
Records: 17149  Duplicates: 0  Warnings: 0

Query OK, 0 rows affected (0.01 sec)

Query OK, 17149 rows affected (1.21 sec)
Records: 17149  Duplicates: 0  Warnings: 0

Query OK, 0 rows affected (0.01 sec)

Query OK, 17149 rows affected (42.52 sec)
Records: 17149  Duplicates: 0  Warnings: 0

+-------------+
| clientstats |
+-------------+
|       17149 |
+-------------+
1 row in set (0.01 sec)

Query OK, 0 rows affected (0.00 sec)

Query OK, 14 rows affected, 1 warning (0.09 sec)
Records: 14  Duplicates: 0  Warnings: 1

+-----------------------+-------------+-------------+----------------+-----------------+
| services              | activecount | allaccounts | uniqueaccounts | uniquecontracts |
+-----------------------+-------------+-------------+----------------+-----------------+
| All                   |         457 |          74 |             74 |             240 |
| Internet & OTT        |           4 |           2 |              2 |               2 |
| Internet & Voice      |         313 |         137 |            137 |             269 |
| Internet Only         |        4454 |        4355 |           4350 |            4395 |
| OTT Only              |           2 |           2 |              2 |               2 |
| TV & Internet         |        9664 |        4325 |           4316 |            8808 |
| TV & Internet & OTT   |        4335 |        1130 |           1128 |            2350 |
| TV & Internet & Voice |         537 |         154 |            154 |             473 |
| TV & OTT              |         309 |          73 |             71 |              81 |
| TV & Voice            |          78 |          35 |             35 |              72 |
| TV & Voice & OTT      |           3 |           1 |              1 |               2 |
| TV Only               |        8557 |        6748 |           6745 |            6957 |
| Voice Only            |         115 |         113 |            113 |             115 |
| GRAND TOTAL           |       28828 |       17149 |          17066 |           23766 |
+-----------------------+-------------+-------------+----------------+-----------------+
14 rows in set (0.00 sec)

+-------------+-------------+-------------+----------------+-----------------+
| network     | activecount | allaccounts | uniqueaccounts | uniquecontracts |
+-------------+-------------+-------------+----------------+-----------------+
| GPON        |       12679 |        6363 |           6360 |           10021 |
| HFC         |       16149 |       10786 |          10786 |           13745 |
| GRAND TOTAL |       28828 |       17149 |          17066 |           23766 |
+-------------+-------------+-------------+----------------+-----------------+
3 rows in set, 1 warning (0.11 sec)

+-------------+-----------------------+-------------+-------------+----------------+-----------------+
| network     | services              | activecount | allaccounts | uniqueaccounts | uniquecontracts |
+-------------+-----------------------+-------------+-------------+----------------+-----------------+
| GPON        | All                   |         320 |          57 |             57 |             182 |
| GPON        | Internet & Voice      |          89 |          37 |             37 |              78 |
| GPON        | Internet Only         |        1643 |        1560 |           1560 |            1585 |
| GPON        | TV & Internet         |        4977 |        2183 |           2183 |            4474 |
| GPON        | TV & Internet & OTT   |        3183 |         829 |            829 |            1732 |
| GPON        | TV & Internet & Voice |         272 |          74 |             74 |             230 |
| GPON        | TV & OTT              |         133 |          44 |             44 |              45 |
| GPON        | TV & Voice            |          49 |          22 |             22 |              46 |
| GPON        | TV & Voice & OTT      |           3 |           1 |              1 |               2 |
| GPON        | TV Only               |        1998 |        1545 |           1545 |            1635 |
| GPON        | Voice Only            |          12 |          11 |             11 |              12 |
| GPON        | Services Total        |       12679 |        6363 |           6360 |           10021 |
| HFC         | All                   |         137 |          17 |             17 |              58 |
| HFC         | Internet & OTT        |           4 |           2 |              2 |               2 |
| HFC         | Internet & Voice      |         224 |         100 |            100 |             191 |
| HFC         | Internet Only         |        2811 |        2795 |           2795 |            2810 |
| HFC         | OTT Only              |           2 |           2 |              2 |               2 |
| HFC         | TV & Internet         |        4687 |        2142 |           2142 |            4334 |
| HFC         | TV & Internet & OTT   |        1152 |         301 |            301 |             618 |
| HFC         | TV & Internet & Voice |         265 |          80 |             80 |             243 |
| HFC         | TV & OTT              |         176 |          29 |             29 |              36 |
| HFC         | TV & Voice            |          29 |          13 |             13 |              26 |
| HFC         | TV Only               |        6559 |        5203 |           5203 |            5322 |
| HFC         | Voice Only            |         103 |         102 |            102 |             103 |
| HFC         | Services Total        |       16149 |       10786 |          10786 |           13745 |
| GRAND TOTAL | Services Total        |       28828 |       17149 |          17066 |           23766 |
+-------------+-----------------------+-------------+-------------+----------------+-----------------+
26 rows in set, 2 warnings (0.13 sec)

Query OK, 0 rows affected (0.00 sec)

Query OK, 41 rows affected, 3 warnings (0.17 sec)
Records: 41  Duplicates: 0  Warnings: 3

+-------------+---------------+-----------------------+-------------+-------------+----------------+-----------------+
| region      | network       | services              | activecount | allaccounts | uniqueaccounts | uniquecontracts |
+-------------+---------------+-----------------------+-------------+-------------+----------------+-----------------+
| Mahe        | GPON          | All                   |         274 |          49 |             49 |             156 |
| Mahe        | GPON          | Internet & Voice      |          75 |          30 |             30 |              64 |
| Mahe        | GPON          | Internet Only         |        1403 |        1321 |           1321 |            1345 |
| Mahe        | GPON          | TV & Internet         |        4206 |        1837 |           1837 |            3761 |
| Mahe        | GPON          | TV & Internet & OTT   |        2610 |         666 |            666 |            1396 |
| Mahe        | GPON          | TV & Internet & Voice |         266 |          72 |             72 |             224 |
| Mahe        | GPON          | TV & OTT              |         122 |          39 |             39 |              40 |
| Mahe        | GPON          | TV & Voice            |          46 |          21 |             21 |              43 |
| Mahe        | GPON          | TV & Voice & OTT      |           3 |           1 |              1 |               2 |
| Mahe        | GPON          | TV Only               |        1662 |        1275 |           1275 |            1352 |
| Mahe        | GPON          | Voice Only            |          11 |          10 |             10 |              11 |
| Mahe        | GPON          | Services Total        |       10678 |        5321 |           5321 |            8394 |
| Mahe        | HFC           | All                   |         137 |          17 |             17 |              58 |
| Mahe        | HFC           | Internet & OTT        |           4 |           2 |              2 |               2 |
| Mahe        | HFC           | Internet & Voice      |         224 |         100 |            100 |             191 |
| Mahe        | HFC           | Internet Only         |        2811 |        2795 |           2795 |            2810 |
| Mahe        | HFC           | OTT Only              |           2 |           2 |              2 |               2 |
| Mahe        | HFC           | TV & Internet         |        4687 |        2142 |           2142 |            4334 |
| Mahe        | HFC           | TV & Internet & OTT   |        1152 |         301 |            301 |             618 |
| Mahe        | HFC           | TV & Internet & Voice |         265 |          80 |             80 |             243 |
| Mahe        | HFC           | TV & OTT              |         176 |          29 |             29 |              36 |
| Mahe        | HFC           | TV & Voice            |          29 |          13 |             13 |              26 |
| Mahe        | HFC           | TV Only               |        6557 |        5201 |           5201 |            5320 |
| Mahe        | HFC           | Voice Only            |         103 |         102 |            102 |             103 |
| Mahe        | HFC           | Services Total        |       16147 |       10784 |          10784 |           13743 |
| Mahe        | Network Total | Services Total        |       26825 |       16105 |          16025 |           22137 |
| Praslin     | GPON          | All                   |          46 |           8 |              8 |              26 |
| Praslin     | GPON          | Internet & Voice      |          14 |           7 |              7 |              14 |
| Praslin     | GPON          | Internet Only         |         240 |         239 |            239 |             240 |
| Praslin     | GPON          | TV & Internet         |         771 |         346 |            346 |             713 |
| Praslin     | GPON          | TV & Internet & OTT   |         573 |         163 |            163 |             336 |
| Praslin     | GPON          | TV & Internet & Voice |           6 |           2 |              2 |               6 |
| Praslin     | GPON          | TV & OTT              |          11 |           5 |              5 |               5 |
| Praslin     | GPON          | TV & Voice            |           3 |           1 |              1 |               3 |
| Praslin     | GPON          | TV Only               |         336 |         270 |            270 |             283 |
| Praslin     | GPON          | Voice Only            |           1 |           1 |              1 |               1 |
| Praslin     | GPON          | Services Total        |        2001 |        1042 |           1042 |            1627 |
| Praslin     | HFC           | TV Only               |           2 |           2 |              2 |               2 |
| Praslin     | HFC           | Services Total        |           2 |           2 |              2 |               2 |
| Praslin     | Network Total | Services Total        |        2003 |        1044 |           1044 |            1629 |
| GRAND TOTAL | Network Total | Services Total        |       28828 |       17149 |          17066 |           23766 |
+-------------+---------------+-----------------------+-------------+-------------+----------------+-----------------+
41 rows in set (0.00 sec)

Query OK, 0 rows affected (0.00 sec)

Query OK, 28233 rows affected (0.37 sec)
Records: 28233  Duplicates: 0  Warnings: 0

Query OK, 0 rows affected (0.01 sec)

Query OK, 2313 rows affected (0.34 sec)
Records: 2313  Duplicates: 0  Warnings: 0

+--------------------------------------+
| message                              |
+--------------------------------------+
| running rcbill_my.sp_ActiveNumber2() |
+--------------------------------------+
1 row in set (0.00 sec)

Query OK, 365 rows affected (2 min 0.39 sec)

mysql> mysql \. C:\workspace\cloud\code\sql\_DailyScript\currenttime.sql
+---------------------+
| currenttime         |
+---------------------+
| 2021-10-04 17:04:16 |
+---------------------+
1 row in set (0.01 sec)

mysql> 
mysql> mysql \. C:\workspace\cloud\code\sql\_DailyScript\GetActiveNumbers Average -Pivot.sql
Database changed
+-------------------------------------+
| @today := subdate(current_date(),1) |
+-------------------------------------+
| 2021-10-03                          |
+-------------------------------------+
1 row in set (0.00 sec)

+-------------------------------------+
| @lastdayofmonth := last_day(@today) |
+-------------------------------------+
| 2021-10-31                          |
+-------------------------------------+
1 row in set (0.00 sec)

Query OK, 0 rows affected (0.01 sec)

Query OK, 50514 rows affected, 65535 warnings (1 min 1.31 sec)
Records: 50514  Duplicates: 0  Warnings: 103665

Query OK, 0 rows affected (0.10 sec)
Records: 0  Duplicates: 0  Warnings: 0

Query OK, 0 rows affected (0.13 sec)
Records: 0  Duplicates: 0  Warnings: 0

Query OK, 0 rows affected (0.11 sec)
Records: 0  Duplicates: 0  Warnings: 0

+-----------------+
| activenumberavg |
+-----------------+
|           50514 |
+-----------------+
1 row in set (0.02 sec)

Query OK, 0 rows affected (0.01 sec)

Query OK, 1987 rows affected (0.57 sec)
Records: 1987  Duplicates: 0  Warnings: 0

+---------------------+
| rep_activenumberavg |
+---------------------+
|                1987 |
+---------------------+
1 row in set (0.00 sec)

+----------------------+
| rep_activenumberavg1 |
+----------------------+
|                  926 |
+----------------------+
1 row in set (0.00 sec)

Query OK, 0 rows affected (0.00 sec)

Query OK, 2668 rows affected (0.46 sec)
Records: 2668  Duplicates: 0  Warnings: 0

Query OK, 0 rows affected (0.01 sec)

Query OK, 13784 rows affected (0.84 sec)
Records: 13784  Duplicates: 0  Warnings: 0

Query OK, 0 rows affected (0.01 sec)

Query OK, 238 rows affected (0.28 sec)
Records: 238  Duplicates: 0  Warnings: 0

Query OK, 0 rows affected (0.00 sec)

Query OK, 0 rows affected (0.00 sec)

Query OK, 0 rows affected (0.00 sec)

Query OK, 0 rows affected (0.00 sec)

Query OK, 0 rows affected (0.00 sec)
Statement prepared

Query OK, 53 rows affected (0.05 sec)
Records: 53  Duplicates: 0  Warnings: 0

Query OK, 0 rows affected (0.00 sec)

Query OK, 0 rows affected (0.00 sec)

+----------------------+
| rep_activenumberavg2 |
+----------------------+
|                 2668 |
+----------------------+
1 row in set (0.00 sec)

+------------------------+
| rep_activenumberavg_pv |
+------------------------+
|                     53 |
+------------------------+
1 row in set (0.00 sec)

Query OK, 0 rows affected (0.00 sec)

Query OK, 2666 rows affected (0.38 sec)
Records: 2666  Duplicates: 0  Warnings: 0

Query OK, 0 rows affected (0.00 sec)

Query OK, 0 rows affected (0.01 sec)

Query OK, 0 rows affected (0.00 sec)

Query OK, 0 rows affected (0.00 sec)

Query OK, 0 rows affected (0.00 sec)
Statement prepared

Query OK, 53 rows affected (0.05 sec)
Records: 53  Duplicates: 0  Warnings: 0

Query OK, 0 rows affected (0.00 sec)

Query OK, 0 rows affected (0.00 sec)

+-------------------------+
| rep_activenumberavgMahe |
+-------------------------+
|                    2666 |
+-------------------------+
1 row in set (0.00 sec)

+----------------------------+
| rep_activenumberavgMahe_pv |
+----------------------------+
|                         53 |
+----------------------------+
1 row in set (0.00 sec)

Query OK, 0 rows affected (0.01 sec)

Query OK, 1687 rows affected (0.17 sec)
Records: 1687  Duplicates: 0  Warnings: 0

Query OK, 0 rows affected (0.00 sec)

Query OK, 0 rows affected (0.00 sec)

Query OK, 0 rows affected (0.00 sec)

Query OK, 0 rows affected (0.00 sec)

Query OK, 0 rows affected (0.00 sec)
Statement prepared

Query OK, 40 rows affected (0.04 sec)
Records: 40  Duplicates: 0  Warnings: 0

Query OK, 0 rows affected (0.00 sec)

Query OK, 0 rows affected (0.00 sec)

+----------------------------+
| rep_activenumberavgPraslin |
+----------------------------+
|                       1687 |
+----------------------------+
1 row in set (0.00 sec)

+-------------------------------+
| rep_activenumberavgPraslin_pv |
+-------------------------------+
|                            40 |
+-------------------------------+
1 row in set (0.00 sec)

mysql> mysql \. C:\workspace\cloud\code\sql\_DailyScript\currenttime.sql
+---------------------+
| currenttime         |
+---------------------+
| 2021-10-04 17:05:21 |
+---------------------+
1 row in set (0.00 sec)

mysql> 
mysql> mysql \. C:\workspace\cloud\code\sql\Analysis\clients_contracts_creditpolicy_2.sql
Database changed
Query OK, 0 rows affected (0.00 sec)

Query OK, 1900145 rows affected (38.40 sec)
Records: 1900145  Duplicates: 0  Warnings: 0

Query OK, 0 rows affected (0.01 sec)

Query OK, 28256 rows affected (1.00 sec)
Records: 28256  Duplicates: 0  Warnings: 0

Query OK, 0 rows affected (0.01 sec)

Query OK, 28327 rows affected (7.69 sec)
Records: 28327  Duplicates: 0  Warnings: 0

+-------------------------+
| rep_cust_cont_creditpol |
+-------------------------+
|                   28327 |
+-------------------------+
1 row in set (0.01 sec)

mysql> mysql \. C:\workspace\cloud\code\sql\_DailyScript\currenttime.sql
+---------------------+
| currenttime         |
+---------------------+
| 2021-10-04 17:06:08 |
+---------------------+
1 row in set (0.00 sec)

mysql> 
mysql> 
mysql> 
mysql> 
mysql> 
mysql> 
mysql> 
mysql> 
mysql> 
mysql> 
mysql> 
mysql> 
mysql> 
mysql> 
mysql> 
mysql> 
mysql> 
mysql> 
mysql> 
mysql> 
mysql> 
mysql> 
mysql> 
mysql> 
mysql> 
mysql> 
mysql> 
mysql> exit
