    -> 
    -> mysql \. C:\workspace\cloud\code\sql\_DailyScript\_setdates.sql
Database changed
Query OK, 0 rows affected (0.00 sec)

Query OK, 0 rows affected (0.00 sec)

Query OK, 0 rows affected (0.00 sec)

Query OK, 0 rows affected (0.00 sec)

Query OK, 0 rows affected (0.00 sec)

Query OK, 0 rows affected (0.00 sec)

Query OK, 0 rows affected (0.00 sec)

Query OK, 0 rows affected (0.00 sec)

Query OK, 0 rows affected (0.00 sec)

Query OK, 0 rows affected (0.00 sec)

Query OK, 0 rows affected (0.00 sec)

Query OK, 0 rows affected (0.00 sec)

Query OK, 0 rows affected (0.00 sec)

Query OK, 0 rows affected (0.00 sec)

Query OK, 0 rows affected (0.00 sec)

Query OK, 0 rows affected (0.01 sec)

Query OK, 0 rows affected (0.00 sec)

Query OK, 0 rows affected (0.00 sec)

Query OK, 0 rows affected (0.00 sec)

Query OK, 0 rows affected (0.00 sec)

Query OK, 0 rows affected (0.00 sec)

mysql> mysql \. C:\workspace\cloud\code\sql\_DailyScript\currenttime.sql
+---------------------+
| currenttime         |
+---------------------+
| 2019-07-08 08:12:24 |
+---------------------+
1 row in set (0.00 sec)

mysql> 
mysql> mysql \. C:\workspace\cloud\code\sql\_DailyScript\load_RCB_VODTITLES.sql
Database changed
Query OK, 0 rows affected (0.00 sec)

Query OK, 5395 rows affected (0.06 sec)

Query OK, 5397 rows affected, 5397 warnings (0.18 sec)
Records: 5397  Deleted: 0  Skipped: 0  Warnings: 5397

Query OK, 0 rows affected (0.00 sec)

Query OK, 2 rows affected (0.01 sec)

+-----------+
| VODTITLES |
+-----------+
|      5855 |
+-----------+
1 row in set (0.00 sec)

+-----------+-----------+
| titletype | typecount |
+-----------+-----------+
| E         |      4122 |
| N         |       165 |
| T         |      1108 |
| NULL      |      5395 |
+-----------+-----------+
4 rows in set (0.01 sec)

mysql> mysql \. C:\workspace\cloud\code\sql\_DailyScript\currenttime.sql
+---------------------+
| currenttime         |
+---------------------+
| 2019-07-08 08:12:24 |
+---------------------+
1 row in set (0.00 sec)

mysql> 
mysql> mysql \. C:\workspace\cloud\code\sql\_DailyScript\DAILY-SCRIPT-LIVETV-STATS.sql
Database changed
Query OK, 0 rows affected (0.02 sec)

Query OK, 79067 rows affected (1.10 sec)
Records: 79067  Duplicates: 0  Warnings: 0

+------------+------------+----------+--------------+--------------+-----------+-------------+----------+--------+------+------------+---------+---------------+
| Table      | Non_unique | Key_name | Seq_in_index | Column_name  | Collation | Cardinality | Sub_part | Packed | Null | Index_type | Comment | Index_comment |
+------------+------------+----------+--------------+--------------+-----------+-------------+----------+--------+------+------------+---------+---------------+
| templivetv |          1 | idxtv1   |            1 | device       | A         |       79094 |     NULL | NULL   | YES  | BTREE      |         |               |
| templivetv |          1 | idxtv2   |            1 | sessionstart | A         |       79094 |     NULL | NULL   | YES  | BTREE      |         |               |
+------------+------------+----------+--------------+--------------+-----------+-------------+----------+--------+------+------------+---------+---------------+
2 rows in set (0.00 sec)

Query OK, 78668 rows affected (18.88 sec)
Records: 78668  Duplicates: 0  Warnings: 0

Query OK, 2759 rows affected (0.79 sec)
Records: 2759  Duplicates: 0  Warnings: 0

Query OK, 0 rows affected (0.00 sec)

Query OK, 0 rows affected (0.00 sec)

Query OK, 138 rows affected (0.05 sec)
Records: 138  Duplicates: 0  Warnings: 0

Query OK, 0 rows affected (0.02 sec)

Query OK, 78597 rows affected (14 min 43.43 sec)
Records: 78597  Duplicates: 0  Warnings: 0

+-----------------+
| rep_livetvstats |
+-----------------+
|           78597 |
+-----------------+
1 row in set (0.04 sec)

mysql> mysql \. C:\workspace\cloud\code\sql\_DailyScript\currenttime.sql
+---------------------+
| currenttime         |
+---------------------+
| 2019-07-08 08:27:28 |
+---------------------+
1 row in set (0.00 sec)

mysql> 
mysql> mysql \. C:\workspace\cloud\code\sql\_DailyScript\DAILY-SCRIPT-VODTS-STATS.sql
Database changed
Query OK, 0 rows affected (0.01 sec)

Query OK, 3629 rows affected (36.35 sec)
Records: 3629  Duplicates: 0  Warnings: 0

+---------+------------+----------+--------------+--------------+-----------+-------------+----------+--------+------+------------+---------+---------------+
| Table   | Non_unique | Key_name | Seq_in_index | Column_name  | Collation | Cardinality | Sub_part | Packed | Null | Index_type | Comment | Index_comment |
+---------+------------+----------+--------------+--------------+-----------+-------------+----------+--------+------+------------+---------+---------------+
| tempvod |          1 | idxtvod1 |            1 | device       | A         |        3622 |     NULL | NULL   | YES  | BTREE      |         |               |
| tempvod |          1 | idxtvod2 |            1 | sessionstart | A         |        3622 |     NULL | NULL   | YES  | BTREE      |         |               |
+---------+------------+----------+--------------+--------------+-----------+-------------+----------+--------+------+------------+---------+---------------+
2 rows in set (0.00 sec)

Query OK, 3593 rows affected (1.88 sec)
Records: 3593  Duplicates: 0  Warnings: 0

Query OK, 0 rows affected (0.02 sec)

Query OK, 254949 rows affected (24.25 sec)
Records: 254949  Duplicates: 0  Warnings: 0

+--------------+
| rep_vodstats |
+--------------+
|       254949 |
+--------------+
1 row in set (0.08 sec)

Database changed
Query OK, 0 rows affected (0.10 sec)

Query OK, 10552 rows affected (4 min 11.98 sec)
Records: 10552  Duplicates: 0  Warnings: 0

+--------+------------+----------+--------------+--------------+-----------+-------------+----------+--------+------+------------+---------+---------------+
| Table  | Non_unique | Key_name | Seq_in_index | Column_name  | Collation | Cardinality | Sub_part | Packed | Null | Index_type | Comment | Index_comment |
+--------+------------+----------+--------------+--------------+-----------+-------------+----------+--------+------+------------+---------+---------------+
| tempts |          1 | idxtts1  |            1 | device       | A         |       10109 |     NULL | NULL   | YES  | BTREE      |         |               |
| tempts |          1 | idxtts2  |            1 | sessionstart | A         |       10109 |     NULL | NULL   | YES  | BTREE      |         |               |
+--------+------------+----------+--------------+--------------+-----------+-------------+----------+--------+------+------------+---------+---------------+
2 rows in set (0.01 sec)

Query OK, 10534 rows affected (10.20 sec)
Records: 10534  Duplicates: 0  Warnings: 0

Query OK, 0 rows affected (0.02 sec)

Query OK, 21486 rows affected (4 min 5.02 sec)
Records: 21486  Duplicates: 0  Warnings: 0

+-------------+
| rep_tsstats |
+-------------+
|       21486 |
+-------------+
1 row in set (0.02 sec)

mysql> mysql \. C:\workspace\cloud\code\sql\_DailyScript\currenttime.sql
+---------------------+
| currenttime         |
+---------------------+
| 2019-07-08 08:36:58 |
+---------------------+
1 row in set (0.00 sec)

mysql> 
mysql> mysql \. C:\workspace\cloud\code\sql\_DailyScript\DAILY-SCRIPT-RADIO-STATS.sql
Database changed
Query OK, 0 rows affected (0.01 sec)

Query OK, 159131 rows affected (4.47 sec)
Records: 159131  Duplicates: 0  Warnings: 0

+-----------+------------+----------+--------------+--------------+-----------+-------------+----------+--------+------+------------+---------+---------------+
| Table     | Non_unique | Key_name | Seq_in_index | Column_name  | Collation | Cardinality | Sub_part | Packed | Null | Index_type | Comment | Index_comment |
+-----------+------------+----------+--------------+--------------+-----------+-------------+----------+--------+------+------------+---------+---------------+
| tempradio |          1 | idxtrad1 |            1 | device       | A         |      157629 |     NULL | NULL   | YES  | BTREE      |         |               |
| tempradio |          1 | idxtrad2 |            1 | sessionstart | A         |      157629 |     NULL | NULL   | YES  | BTREE      |         |               |
+-----------+------------+----------+--------------+--------------+-----------+-------------+----------+--------+------+------------+---------+---------------+
2 rows in set (0.00 sec)

Query OK, 209 rows affected (3.91 sec)
Records: 209  Duplicates: 0  Warnings: 0

Query OK, 0 rows affected (0.00 sec)

Query OK, 2943 rows affected (0.31 sec)
Records: 2943  Duplicates: 0  Warnings: 0

+----------------+
| rep_radiostats |
+----------------+
|           2943 |
+----------------+
1 row in set (0.00 sec)

mysql> mysql \. C:\workspace\cloud\code\sql\_DailyScript\currenttime.sql
+---------------------+
| currenttime         |
+---------------------+
| 2019-07-08 08:37:07 |
+---------------------+
1 row in set (0.00 sec)

mysql> 
mysql> mysql \. C:\workspace\cloud\code\sql\_DailyScript\DAILY_SCRIPT_TELEMETRY_PIVOT.sql
Query OK, 0 rows affected (0.02 sec)

Query OK, 146 rows affected (0.17 sec)
Records: 146  Duplicates: 0  Warnings: 0

Query OK, 0 rows affected (0.00 sec)

Query OK, 4684 rows affected (0.74 sec)
Records: 4684  Duplicates: 0  Warnings: 0

Query OK, 0 rows affected (0.01 sec)

Query OK, 6 rows affected (0.05 sec)
Records: 6  Duplicates: 0  Warnings: 0

Query OK, 0 rows affected (0.03 sec)

Query OK, 54 rows affected (0.05 sec)
Records: 54  Duplicates: 0  Warnings: 0

mysql> mysql \. C:\workspace\cloud\code\sql\_DailyScript\currenttime.sql
+---------------------+
| currenttime         |
+---------------------+
| 2019-07-08 08:37:08 |
+---------------------+
1 row in set (0.00 sec)

mysql> 
mysql> mysql \. C:\workspace\cloud\code\sql\_DailyScript\telemetry_livetv_ranking2019.sql
Query OK, 0 rows affected (0.01 sec)

Query OK, 146 rows affected (0.01 sec)
Records: 146  Duplicates: 0  Warnings: 0

mysql> mysql \. C:\workspace\cloud\code\sql\_DailyScript\currenttime.sql
+---------------------+
| currenttime         |
+---------------------+
| 2019-07-08 08:37:08 |
+---------------------+
1 row in set (0.00 sec)

mysql> 
mysql> mysql \. C:\workspace\cloud\code\sql\_DailyScript\telemetry_radio_ranking2019.sql
Query OK, 0 rows affected (0.02 sec)

Query OK, 6 rows affected (0.01 sec)
Records: 6  Duplicates: 0  Warnings: 0

mysql> mysql \. C:\workspace\cloud\code\sql\_DailyScript\currenttime.sql
+---------------------+
| currenttime         |
+---------------------+
| 2019-07-08 08:37:08 |
+---------------------+
1 row in set (0.00 sec)

mysql> 
mysql> mysql \. C:\workspace\cloud\code\sql\_DailyScript\telemetry_ts_ranking2019.sql
Query OK, 0 rows affected (0.00 sec)

Query OK, 54 rows affected (0.01 sec)
Records: 54  Duplicates: 0  Warnings: 0

mysql> mysql \. C:\workspace\cloud\code\sql\_DailyScript\currenttime.sql
+---------------------+
| currenttime         |
+---------------------+
| 2019-07-08 08:37:08 |
+---------------------+
1 row in set (0.00 sec)

mysql> 
mysql> mysql \. C:\workspace\cloud\code\sql\_DailyScript\telemetry_vod_ranking2019.sql
Query OK, 0 rows affected (0.02 sec)

Query OK, 4684 rows affected (0.22 sec)
Records: 4684  Duplicates: 0  Warnings: 0

mysql> mysql \. C:\workspace\cloud\code\sql\_DailyScript\currenttime.sql
+---------------------+
| currenttime         |
+---------------------+
| 2019-07-08 08:37:08 |
+---------------------+
1 row in set (0.00 sec)

mysql> 
mysql> mysql \. C:\workspace\cloud\code\sql\_DailyScript\telemetry_vod_ranking2019_1.sql
Query OK, 0 rows affected (0.00 sec)

Query OK, 4684 rows affected (0.11 sec)
Records: 4684  Duplicates: 0  Warnings: 0

mysql> mysql \. C:\workspace\cloud\code\sql\_DailyScript\currenttime.sql
+---------------------+
| currenttime         |
+---------------------+
| 2019-07-08 08:37:09 |
+---------------------+
1 row in set (0.00 sec)

mysql> 
mysql> mysql \. C:\workspace\cloud\code\sql\_DailyScript\telemetry_vod_ranking2019_2.sql
Query OK, 0 rows affected (0.00 sec)

Query OK, 4684 rows affected (0.11 sec)
Records: 4684  Duplicates: 0  Warnings: 0

mysql> mysql \. C:\workspace\cloud\code\sql\_DailyScript\currenttime.sql
+---------------------+
| currenttime         |
+---------------------+
| 2019-07-08 08:37:09 |
+---------------------+
1 row in set (0.00 sec)

mysql> 
mysql> mysql \. C:\workspace\cloud\code\sql\_DailyScript\DAILY-SCRIPT-CREATE-LOAD.sql
Database changed
Database changed
Query OK, 0 rows affected (0.07 sec)

Query OK, 0 rows affected (0.01 sec)

Database changed
Query OK, 65424 rows affected (3.57 sec)
Records: 65424  Deleted: 0  Skipped: 0  Warnings: 0

Query OK, 0 rows affected (0.18 sec)
Records: 0  Duplicates: 0  Warnings: 0

Query OK, 0 rows affected (0.33 sec)
Records: 0  Duplicates: 0  Warnings: 0

Query OK, 0 rows affected (0.30 sec)
Records: 0  Duplicates: 0  Warnings: 0

Query OK, 0 rows affected (0.53 sec)
Records: 0  Duplicates: 0  Warnings: 0

+---------+
| clients |
+---------+
|   65424 |
+---------+
1 row in set (0.02 sec)

Query OK, 0 rows affected (0.02 sec)

Query OK, 1999 rows affected (0.61 sec)
Records: 1999  Duplicates: 0  Warnings: 0

+-------------------+
| rcb_clientparcels |
+-------------------+
|              1999 |
+-------------------+
1 row in set (0.00 sec)

Query OK, 0 rows affected (0.00 sec)

Query OK, 84980 rows affected (4.32 sec)
Records: 84980  Duplicates: 0  Warnings: 0

Query OK, 0 rows affected (0.35 sec)
Records: 0  Duplicates: 0  Warnings: 0

Query OK, 0 rows affected (0.03 sec)

Query OK, 65424 rows affected (3.36 sec)
Records: 65424  Duplicates: 0  Warnings: 0

Query OK, 0 rows affected (0.36 sec)
Records: 0  Duplicates: 0  Warnings: 0

Query OK, 0 rows affected (0.30 sec)
Records: 0  Duplicates: 0  Warnings: 0

Query OK, 0 rows affected (0.20 sec)
Records: 0  Duplicates: 0  Warnings: 0

+---------------+
| clientaddress |
+---------------+
|         65424 |
+---------------+
1 row in set (0.04 sec)

Database changed
Query OK, 0 rows affected (0.02 sec)

Query OK, 0 rows affected (0.00 sec)

Database changed
Query OK, 480048 rows affected, 65535 warnings (17.86 sec)
Records: 480048  Deleted: 0  Skipped: 0  Warnings: 187127

Query OK, 0 rows affected (5.91 sec)
Records: 0  Duplicates: 0  Warnings: 0

Query OK, 0 rows affected (2.98 sec)
Records: 0  Duplicates: 0  Warnings: 0

Query OK, 0 rows affected (1.82 sec)
Records: 0  Duplicates: 0  Warnings: 0

Query OK, 0 rows affected (0.02 sec)

Query OK, 480048 rows affected (51.34 sec)
Records: 480048  Duplicates: 0  Warnings: 0

Query OK, 0 rows affected (2.00 sec)
Records: 0  Duplicates: 0  Warnings: 0

Query OK, 0 rows affected (1.49 sec)
Records: 0  Duplicates: 0  Warnings: 0

+-----------+
| contracts |
+-----------+
|    480048 |
+-----------+
1 row in set (0.16 sec)

+-----------------+
| contractaddress |
+-----------------+
|          480048 |
+-----------------+
1 row in set (0.15 sec)

Database changed
Query OK, 0 rows affected (0.02 sec)

Query OK, 0 rows affected (0.01 sec)

Query OK, 6644 rows affected (0.17 sec)
Records: 6644  Deleted: 0  Skipped: 0  Warnings: 0

Query OK, 0 rows affected (0.02 sec)

Query OK, 6613 rows affected (1.58 sec)
Records: 6613  Duplicates: 0  Warnings: 0

Query OK, 0 rows affected (0.03 sec)
Records: 0  Duplicates: 0  Warnings: 0

Query OK, 0 rows affected (0.01 sec)

Query OK, 5445 rows affected (0.17 sec)
Records: 5445  Duplicates: 0  Warnings: 0

Query OK, 0 rows affected (0.05 sec)
Records: 0  Duplicates: 0  Warnings: 0

+-------------------+
| contractdiscounts |
+-------------------+
|              6644 |
+-------------------+
1 row in set (0.00 sec)

+-------------------------+
| clientcontractdiscounts |
+-------------------------+
|                    6613 |
+-------------------------+
1 row in set (0.00 sec)

+----------------------------+
| clientcontractlastdiscount |
+----------------------------+
|                       5445 |
+----------------------------+
1 row in set (0.00 sec)

Database changed
Query OK, 0 rows affected (0.17 sec)

Query OK, 0 rows affected (0.05 sec)

Database changed
Query OK, 129270 rows affected (2.96 sec)
Records: 129270  Deleted: 0  Skipped: 0  Warnings: 0

Query OK, 0 rows affected (0.34 sec)
Records: 0  Duplicates: 0  Warnings: 0

Query OK, 0 rows affected (0.42 sec)
Records: 0  Duplicates: 0  Warnings: 0

Query OK, 0 rows affected (0.43 sec)
Records: 0  Duplicates: 0  Warnings: 0

Query OK, 0 rows affected (0.37 sec)
Records: 0  Duplicates: 0  Warnings: 0

Query OK, 0 rows affected (0.44 sec)
Records: 0  Duplicates: 0  Warnings: 0

Query OK, 0 rows affected (0.64 sec)
Records: 0  Duplicates: 0  Warnings: 0

Query OK, 0 rows affected (0.05 sec)

Query OK, 1638020 rows affected (3 min 1.13 sec)
Records: 1638020  Duplicates: 0  Warnings: 0

+---------+
| devices |
+---------+
|  129270 |
+---------+
1 row in set (0.05 sec)

+-----------------------+
| clientcontractdevices |
+-----------------------+
|               1638020 |
+-----------------------+
1 row in set (0.73 sec)

Query OK, 0 rows affected (0.05 sec)

Query OK, 129248 rows affected (7.36 sec)
Records: 129248  Duplicates: 0  Warnings: 0

+---------------------------+
| rep_clientcontractdevices |
+---------------------------+
|                    129248 |
+---------------------------+
1 row in set (0.05 sec)

Database changed
Query OK, 0 rows affected (0.05 sec)

Query OK, 0 rows affected (0.00 sec)

Query OK, 249124 rows affected (7.42 sec)
Records: 249124  Deleted: 0  Skipped: 0  Warnings: 0

Query OK, 0 rows affected (0.95 sec)
Records: 0  Duplicates: 0  Warnings: 0

Query OK, 0 rows affected (0.72 sec)
Records: 0  Duplicates: 0  Warnings: 0

Query OK, 0 rows affected (0.65 sec)
Records: 0  Duplicates: 0  Warnings: 0

Query OK, 0 rows affected (0.90 sec)
Records: 0  Duplicates: 0  Warnings: 0

+---------+
| tickets |
+---------+
|  249124 |
+---------+
1 row in set (0.10 sec)

Database changed
Query OK, 0 rows affected (0.03 sec)

Query OK, 0 rows affected (0.00 sec)

Empty set (0.00 sec)

Query OK, 0 rows affected (0.02 sec)
Records: 0  Duplicates: 0  Warnings: 0

Query OK, 315 rows affected, 2 warnings (0.02 sec)
Records: 315  Deleted: 0  Skipped: 0  Warnings: 2

+-----------------+
| tickettechusers |
+-----------------+
|             315 |
+-----------------+
1 row in set (0.00 sec)

Database changed
Query OK, 0 rows affected (0.03 sec)

Query OK, 0 rows affected (0.00 sec)

Query OK, 0 rows affected (0.02 sec)
Records: 0  Duplicates: 0  Warnings: 0

Query OK, 520147 rows affected, 42172 warnings (10.05 sec)
Records: 520147  Deleted: 0  Skipped: 0  Warnings: 42172

+-------------------+
| ticketassignments |
+-------------------+
|            520147 |
+-------------------+
1 row in set (0.17 sec)

Database changed
Query OK, 0 rows affected (0.03 sec)

Query OK, 0 rows affected (0.01 sec)

Query OK, 1083848 rows affected (15.49 sec)
Records: 1083848  Deleted: 0  Skipped: 0  Warnings: 0

Query OK, 0 rows affected (6.41 sec)
Records: 0  Duplicates: 0  Warnings: 0

Query OK, 0 rows affected (3.87 sec)
Records: 0  Duplicates: 0  Warnings: 0

Query OK, 0 rows affected (2.41 sec)
Records: 0  Duplicates: 0  Warnings: 0

Query OK, 0 rows affected (3.22 sec)
Records: 0  Duplicates: 0  Warnings: 0

+----------------+
| ticketcomments |
+----------------+
|        1083848 |
+----------------+
1 row in set (0.38 sec)

Database changed
Query OK, 0 rows affected (0.01 sec)

Query OK, 0 rows affected (0.00 sec)

Query OK, 408611 rows affected (43.25 sec)
Records: 408611  Deleted: 0  Skipped: 0  Warnings: 0

Query OK, 0 rows affected (2.47 sec)
Records: 0  Duplicates: 0  Warnings: 0

+----------+
| comments |
+----------+
|   408611 |
+----------+
1 row in set (0.13 sec)

Database changed
Query OK, 0 rows affected (0.07 sec)

Query OK, 0 rows affected (0.01 sec)

Query OK, 850668 rows affected, 65535 warnings (1 min 0.53 sec)
Records: 850668  Deleted: 0  Skipped: 0  Warnings: 850669

Query OK, 0 rows affected (4.09 sec)
Records: 0  Duplicates: 0  Warnings: 0

Query OK, 0 rows affected (2.82 sec)
Records: 0  Duplicates: 0  Warnings: 0

Query OK, 0 rows affected (2.77 sec)
Records: 0  Duplicates: 0  Warnings: 0

Query OK, 0 rows affected (2.40 sec)
Records: 0  Duplicates: 0  Warnings: 0

Query OK, 0 rows affected (3.36 sec)
Records: 0  Duplicates: 0  Warnings: 0

+------------+
| devicesold |
+------------+
|     850668 |
+------------+
1 row in set (0.32 sec)

Database changed
Query OK, 0 rows affected (0.09 sec)

Query OK, 0 rows affected (0.00 sec)

Query OK, 1631361 rows affected (25.42 sec)
Records: 1631361  Deleted: 0  Skipped: 0  Warnings: 0

Query OK, 0 rows affected (7.55 sec)
Records: 0  Duplicates: 0  Warnings: 0

Query OK, 0 rows affected (4.87 sec)
Records: 0  Duplicates: 0  Warnings: 0

Query OK, 0 rows affected (5.33 sec)
Records: 0  Duplicates: 0  Warnings: 0

+------------------+
| contractservices |
+------------------+
|          1631361 |
+------------------+
1 row in set (0.51 sec)

Database changed
Query OK, 0 rows affected (0.11 sec)

Query OK, 0 rows affected (0.01 sec)

Query OK, 3673626 rows affected (1 min 52.96 sec)
Records: 3673626  Deleted: 0  Skipped: 0  Warnings: 0

Query OK, 0 rows affected (14.89 sec)
Records: 0  Duplicates: 0  Warnings: 0

Query OK, 0 rows affected (15.96 sec)
Records: 0  Duplicates: 0  Warnings: 0

Query OK, 0 rows affected (12.12 sec)
Records: 0  Duplicates: 0  Warnings: 0

Query OK, 0 rows affected (14.46 sec)
Records: 0  Duplicates: 0  Warnings: 0

+------------------+
| invoicescontents |
+------------------+
|          3673626 |
+------------------+
1 row in set (1.20 sec)

Database changed
Query OK, 0 rows affected (0.07 sec)

Query OK, 0 rows affected (0.02 sec)

Query OK, 2538028 rows affected (2 min 57.54 sec)
Records: 2538028  Deleted: 0  Skipped: 0  Warnings: 0

Query OK, 0 rows affected (14.40 sec)
Records: 0  Duplicates: 0  Warnings: 0

Query OK, 0 rows affected (12.54 sec)
Records: 0  Duplicates: 0  Warnings: 0

Query OK, 0 rows affected (11.83 sec)
Records: 0  Duplicates: 0  Warnings: 0

Query OK, 0 rows affected (10.62 sec)
Records: 0  Duplicates: 0  Warnings: 0

Query OK, 0 rows affected (11.43 sec)
Records: 0  Duplicates: 0  Warnings: 0

+----------------+
| invoicesheader |
+----------------+
|        2538028 |
+----------------+
1 row in set (0.86 sec)

Database changed
Query OK, 0 rows affected (0.06 sec)

Query OK, 0 rows affected (0.01 sec)

Query OK, 2662172 rows affected (1 min 18.15 sec)
Records: 2662172  Deleted: 0  Skipped: 0  Warnings: 0

Query OK, 0 rows affected (9.90 sec)
Records: 0  Duplicates: 0  Warnings: 0

Query OK, 0 rows affected (8.86 sec)
Records: 0  Duplicates: 0  Warnings: 0

Query OK, 0 rows affected (8.59 sec)
Records: 0  Duplicates: 0  Warnings: 0

Query OK, 0 rows affected (8.97 sec)
Records: 0  Duplicates: 0  Warnings: 0

+---------+
| casa    |
+---------+
| 2662172 |
+---------+
1 row in set (0.90 sec)

Query OK, 0 rows affected (0.00 sec)

Query OK, 12503 rows affected (1 min 16.39 sec)
Records: 12503  Duplicates: 0  Warnings: 0

+--------------------+
| rep_paycol_channel |
+--------------------+
|              12503 |
+--------------------+
1 row in set (0.00 sec)

Query OK, 0 rows affected (0.02 sec)

Query OK, 8300 rows affected (1 min 29.72 sec)
Records: 8300  Duplicates: 0  Warnings: 0

+----------------+
| rep_paycol_pos |
+----------------+
|           8300 |
+----------------+
1 row in set (0.00 sec)

Database changed
Query OK, 0 rows affected (0.00 sec)

Query OK, 0 rows affected (0.00 sec)

Database changed
Query OK, 38173 rows affected (0.89 sec)
Records: 38173  Deleted: 0  Skipped: 0  Warnings: 0

+-------+
| users |
+-------+
| 38173 |
+-------+
1 row in set (0.03 sec)

Database changed
Query OK, 0 rows affected (0.05 sec)

Query OK, 0 rows affected (0.00 sec)

Database changed
Query OK, 11715716 rows affected (2 min 25.83 sec)
Records: 11715716  Deleted: 0  Skipped: 0  Warnings: 0

Query OK, 0 rows affected (43.69 sec)
Records: 0  Duplicates: 0  Warnings: 0

Query OK, 0 rows affected (42.85 sec)
Records: 0  Duplicates: 0  Warnings: 0

Query OK, 0 rows affected (41.02 sec)
Records: 0  Duplicates: 0  Warnings: 0

Query OK, 0 rows affected (36.31 sec)
Records: 0  Duplicates: 0  Warnings: 0

+----------+
| ipusage1 |
+----------+
| 11715716 |
+----------+
1 row in set (7.58 sec)

Query OK, 0 rows affected (0.10 sec)

Query OK, 11814258 rows affected, 65535 warnings (14 min 53.46 sec)
Records: 11814258  Duplicates: 0  Warnings: 11803674

Query OK, 0 rows affected (39.50 sec)
Records: 0  Duplicates: 0  Warnings: 0

Query OK, 0 rows affected (41.75 sec)
Records: 0  Duplicates: 0  Warnings: 0

Query OK, 0 rows affected (41.49 sec)
Records: 0  Duplicates: 0  Warnings: 0

Query OK, 0 rows affected (41.67 sec)
Records: 0  Duplicates: 0  Warnings: 0

Query OK, 0 rows affected (59.94 sec)
Records: 0  Duplicates: 0  Warnings: 0

Query OK, 0 rows affected (1 min 4.83 sec)
Records: 0  Duplicates: 0  Warnings: 0

Query OK, 0 rows affected (58.76 sec)
Records: 0  Duplicates: 0  Warnings: 0

+----------+
| ipusage  |
+----------+
| 11814258 |
+----------+
1 row in set (8.15 sec)

Query OK, 0 rows affected (0.11 sec)

Query OK, 3923205 rows affected (2 min 59.02 sec)
Records: 3923205  Duplicates: 0  Warnings: 0

Query OK, 0 rows affected (18.39 sec)
Records: 0  Duplicates: 0  Warnings: 0

Query OK, 0 rows affected (14.53 sec)
Records: 0  Duplicates: 0  Warnings: 0

Query OK, 0 rows affected (15.56 sec)
Records: 0  Duplicates: 0  Warnings: 0

Query OK, 0 rows affected (19.52 sec)
Records: 0  Duplicates: 0  Warnings: 0

Query OK, 0 rows affected (9.37 sec)
Records: 0  Duplicates: 0  Warnings: 0

Query OK, 0 rows affected (0.05 sec)

Query OK, 339086 rows affected (34.70 sec)
Records: 339086  Duplicates: 0  Warnings: 0

Query OK, 0 rows affected (1.25 sec)
Records: 0  Duplicates: 0  Warnings: 0

Query OK, 0 rows affected (1.20 sec)
Records: 0  Duplicates: 0  Warnings: 0

Query OK, 0 rows affected (1.43 sec)
Records: 0  Duplicates: 0  Warnings: 0

Query OK, 0 rows affected (0.95 sec)
Records: 0  Duplicates: 0  Warnings: 0

Query OK, 0 rows affected (0.79 sec)
Records: 0  Duplicates: 0  Warnings: 0

Query OK, 0 rows affected (0.06 sec)

Query OK, 1631238 rows affected (58.77 sec)
Records: 1631238  Duplicates: 0  Warnings: 0

Query OK, 0 rows affected (9.13 sec)
Records: 0  Duplicates: 0  Warnings: 0

Query OK, 0 rows affected (3.96 sec)
Records: 0  Duplicates: 0  Warnings: 0

Query OK, 0 rows affected (6.75 sec)
Records: 0  Duplicates: 0  Warnings: 0

mysql> mysql \. C:\workspace\cloud\code\sql\_DailyScript\currenttime.sql
+---------------------+
| currenttime         |
+---------------------+
| 2019-07-08 09:29:40 |
+---------------------+
1 row in set (0.00 sec)

mysql> 
mysql> mysql \. C:\workspace\cloud\code\sql\_DailyScript\ticket_analysis.sql
Database changed
Query OK, 0 rows affected (0.05 sec)

Query OK, 444828 rows affected (21.13 sec)
Records: 444828  Duplicates: 0  Warnings: 0

Query OK, 0 rows affected (6.26 sec)
Records: 0  Duplicates: 0  Warnings: 0

Query OK, 0 rows affected (1.42 sec)
Records: 0  Duplicates: 0  Warnings: 0

Query OK, 0 rows affected (1.40 sec)
Records: 0  Duplicates: 0  Warnings: 0

Query OK, 0 rows affected (0.00 sec)

Query OK, 15690 rows affected (9.12 sec)
Records: 15690  Duplicates: 0  Warnings: 0

Query OK, 0 rows affected, 1 warning (0.00 sec)

Query OK, 61188 rows affected (6.40 sec)
Records: 61188  Duplicates: 0  Warnings: 0

Query OK, 0 rows affected, 1 warning (0.00 sec)

Query OK, 317940 rows affected (9.71 sec)
Records: 317940  Duplicates: 0  Warnings: 0

Query OK, 0 rows affected, 1 warning (0.00 sec)

Query OK, 317940 rows affected (11.63 sec)
Records: 317940  Duplicates: 0  Warnings: 0

Query OK, 0 rows affected (0.01 sec)

Query OK, 61231 rows affected (4.61 sec)
Records: 61231  Duplicates: 0  Warnings: 0

Database changed
Query OK, 0 rows affected (0.00 sec)

Query OK, 0 rows affected (0.01 sec)

Query OK, 444828 rows affected (19.61 sec)
Records: 444828  Duplicates: 0  Warnings: 0

Query OK, 0 rows affected (0.07 sec)

Query OK, 212700 rows affected (13.63 sec)
Records: 212700  Duplicates: 0  Warnings: 0

+--------------------------+
| clientticket_cmmtjourney |
+--------------------------+
|                   444828 |
+--------------------------+
1 row in set (3.55 sec)

+---------------------------+
| clientticket_assgnjourney |
+---------------------------+
|                    212700 |
+---------------------------+
1 row in set (0.27 sec)

Query OK, 0 rows affected (0.00 sec)

Query OK, 66 rows affected (0.12 sec)
Records: 66  Duplicates: 0  Warnings: 0

mysql> mysql \. C:\workspace\cloud\code\sql\_DailyScript\currenttime.sql
+---------------------+
| currenttime         |
+---------------------+
| 2019-07-08 09:31:29 |
+---------------------+
1 row in set (0.00 sec)

mysql> 
mysql> mysql \. C:\workspace\cloud\code\sql\_DailyScript\load_DailyCalls.sql
Database changed
Query OK, 204 rows affected (0.31 sec)
Records: 204  Deleted: 0  Skipped: 0  Warnings: 0

Query OK, 0 rows affected, 1 warning (0.00 sec)

Query OK, 190 rows affected (0.10 sec)
Records: 190  Duplicates: 0  Warnings: 0

Query OK, 0 rows affected, 1 warning (0.00 sec)

Query OK, 67016 rows affected (0.35 sec)
Records: 67016  Duplicates: 0  Warnings: 0

+----------------------+
| callingclientsbefore |
+----------------------+
|               715717 |
+----------------------+
1 row in set (1.25 sec)

Query OK, 267 rows affected (5.09 sec)
Records: 267  Duplicates: 0  Warnings: 0

+---------------------+
| callingclientsafter |
+---------------------+
|              715984 |
+---------------------+
1 row in set (0.22 sec)

Query OK, 0 rows affected (0.00 sec)

Query OK, 147 rows affected (12.23 sec)
Records: 147  Duplicates: 0  Warnings: 0

Query OK, 0 rows affected (0.00 sec)

Query OK, 14600 rows affected (2.40 sec)
Records: 14600  Duplicates: 0  Warnings: 0

+-----------+
| callstats |
+-----------+
|     14600 |
+-----------+
1 row in set (0.01 sec)

Query OK, 0 rows affected, 1 warning (0.00 sec)

Query OK, 267 rows affected (7.91 sec)
Records: 267  Duplicates: 0  Warnings: 0

+------------------------+
| rep_cccallreportbefore |
+------------------------+
|                 719360 |
+------------------------+
1 row in set (0.26 sec)

Query OK, 267 rows affected (0.66 sec)
Records: 267  Duplicates: 0  Warnings: 0

+-----------------------+
| rep_cccallreportafter |
+-----------------------+
|                719627 |
+-----------------------+
1 row in set (0.27 sec)

Query OK, 0 rows affected (0.00 sec)

mysql> mysql \. C:\workspace\cloud\code\sql\_DailyScript\currenttime.sql
+---------------------+
| currenttime         |
+---------------------+
| 2019-07-08 09:32:00 |
+---------------------+
1 row in set (0.00 sec)

mysql> 
mysql> mysql \. C:\workspace\cloud\code\sql\_DailyScript\DAILY-SCRIPT-USAGE.sql
Database changed
Query OK, 0 rows affected (0.00 sec)

Query OK, 6529 rows affected, 18916 warnings (3.71 sec)
Records: 6529  Deleted: 0  Skipped: 0  Warnings: 18916

Query OK, 0 rows affected (0.00 sec)

Query OK, 10428 rows affected, 30160 warnings (3.79 sec)
Records: 10428  Deleted: 0  Skipped: 0  Warnings: 30160

Query OK, 0 rows affected (0.00 sec)

Query OK, 159 rows affected, 561 warnings (0.07 sec)
Records: 159  Deleted: 0  Skipped: 0  Warnings: 561

Query OK, 0 rows affected (0.00 sec)

Query OK, 174 rows affected, 638 warnings (0.07 sec)
Records: 174  Deleted: 0  Skipped: 0  Warnings: 638

+------------+
| dailyusage |
+------------+
|    6676677 |
+------------+
1 row in set (20.27 sec)

+------------+------------+------------+---------+
| datestart  | dateend    | insertedon | records |
+------------+------------+------------+---------+
| 2019-07-07 | 2019-07-07 | 2019-07-08 |   17290 |
| 2019-07-06 | 2019-07-06 | 2019-07-07 |   17603 |
| 2019-07-05 | 2019-07-05 | 2019-07-06 |   17463 |
| 2019-07-04 | 2019-07-04 | 2019-07-05 |   17534 |
| 2019-07-03 | 2019-07-03 | 2019-07-04 |   17511 |
+------------+------------+------------+---------+
5 rows in set (2 min 20.74 sec)

mysql> mysql \. C:\workspace\cloud\code\sql\_DailyScript\currenttime.sql
+---------------------+
| currenttime         |
+---------------------+
| 2019-07-08 09:34:48 |
+---------------------+
1 row in set (0.00 sec)

mysql> 
mysql> mysql \. C:\workspace\cloud\code\sql\_DailyScript\DAILY-SCRIPT-SALES-TELEMETRY.sql
Database changed
Query OK, 34 rows affected, 44 warnings (0.04 sec)
Records: 34  Deleted: 0  Skipped: 0  Warnings: 44

+------------+
| dailysales |
+------------+
|     158900 |
+------------+
1 row in set (0.33 sec)

Query OK, 0 rows affected (0.02 sec)

Query OK, 158900 rows affected (17.60 sec)
Records: 158900  Duplicates: 0  Warnings: 0

+--------+
| sales  |
+--------+
| 158900 |
+--------+
1 row in set (0.08 sec)

Query OK, 0 rows affected (0.02 sec)

Query OK, 2538 rows affected (0.30 sec)
Records: 2538  Duplicates: 0  Warnings: 0

+----------------+
| rep_dailysales |
+----------------+
|           2538 |
+----------------+
1 row in set (0.00 sec)

Query OK, 0 rows affected (0.00 sec)

Query OK, 2538 rows affected (0.50 sec)
Records: 2538  Duplicates: 0  Warnings: 0

+-------------------+
| rep_dailysalesreg |
+-------------------+
|              2538 |
+-------------------+
1 row in set (0.00 sec)

Query OK, 0 rows affected (0.00 sec)

Query OK, 2456 rows affected (0.65 sec)
Records: 2456  Duplicates: 0  Warnings: 0

+-----------+
| saleslist |
+-----------+
|      2456 |
+-----------+
1 row in set (0.00 sec)

Database changed
ERROR 2 (HY000): File 'C:\ProgramData\MySQL\MySQL Server 5.7\Uploads\_csv\PrepaidCardSales-07072019-P1.csv' not found (Errcode: 2 - No such file or directory)
+------------------+
| dailysinglesales |
+------------------+
|             5832 |
+------------------+
1 row in set (0.57 sec)

Database changed
Query OK, 3 rows affected (0.03 sec)
Records: 3  Deleted: 0  Skipped: 0  Warnings: 0

+-----------------+
| dailyaddonsales |
+-----------------+
|           16171 |
+-----------------+
1 row in set (0.20 sec)

Query OK, 52 rows affected (0.29 sec)
Records: 52  Deleted: 0  Skipped: 0  Warnings: 0

+----------------+
| onlinepayments |
+----------------+
|          57402 |
+----------------+
1 row in set (0.46 sec)

+-------------+----------------+---------------------+
| paymentdate | onlinepayments | onlinepaymentamount |
+-------------+----------------+---------------------+
| 2019-07-07  |             52 |         29949.02000 |
| 2019-07-06  |             81 |         54326.57000 |
| 2019-07-05  |             90 |         71786.97000 |
| 2019-07-04  |             90 |         61064.49000 |
| 2019-07-03  |            123 |         79657.62000 |
+-------------+----------------+---------------------+
5 rows in set (7.91 sec)

+-------------+--------------+----------------+---------------------+
| paymentyear | paymentmonth | onlinepayments | onlinepaymentamount |
+-------------+--------------+----------------+---------------------+
|        2019 |            7 |            739 |        520726.19000 |
|        2019 |            6 |           2798 |       1782990.54000 |
|        2019 |            5 |           2949 |       1930613.93000 |
|        2019 |            4 |           2854 |       1881797.80000 |
|        2019 |            3 |           2821 |       1851177.84000 |
+-------------+--------------+----------------+---------------------+
5 rows in set (0.06 sec)

mysql> mysql \. C:\workspace\cloud\code\sql\_DailyScript\currenttime.sql
+---------------------+
| currenttime         |
+---------------------+
| 2019-07-08 09:35:18 |
+---------------------+
1 row in set (0.00 sec)

mysql> 
mysql> mysql \. C:\workspace\cloud\code\sql\_DailyScript\DAILY-SCRIPT-ACTIVENUMBERS.sql
Database changed
Query OK, 1293 rows affected (1.66 sec)
Records: 1293  Deleted: 0  Skipped: 0  Warnings: 0

+------------+----------+
| period     | count(1) |
+------------+----------+
| 2019-07-07 |     1293 |
| 2019-07-06 |     1293 |
| 2019-07-05 |     1292 |
| 2019-07-04 |     1293 |
| 2019-07-03 |     1295 |
| 2019-07-02 |     1297 |
+------------+----------+
6 rows in set (0.00 sec)

Query OK, 0 rows affected (0.02 sec)

Query OK, 83 rows affected (0.38 sec)
Records: 83  Duplicates: 0  Warnings: 0

+-------------+
| packagelist |
+-------------+
|          83 |
+-------------+
1 row in set (0.00 sec)

Database changed
Query OK, 0 rows affected (0.03 sec)

Query OK, 0 rows affected (0.00 sec)

Query OK, 0 rows affected (0.00 sec)

Query OK, 0 rows affected (0.00 sec)

Query OK, 26670 rows affected, 271 warnings (1 min 12.07 sec)
Records: 26670  Deleted: 0  Skipped: 0  Warnings: 271

+------------+----------+
| period     | count(1) |
+------------+----------+
| 2019-07-07 |    26670 |
| 2019-07-06 |    26827 |
| 2019-07-05 |    26902 |
| 2019-07-04 |    26865 |
| 2019-07-03 |    26809 |
+------------+----------+
5 rows in set (0.17 sec)

Query OK, 0 rows affected (0.02 sec)

Query OK, 26040 rows affected (2 min 9.44 sec)
Records: 26040  Duplicates: 0  Warnings: 0

Query OK, 0 rows affected (0.15 sec)
Records: 0  Duplicates: 0  Warnings: 0

Query OK, 0 rows affected (0.14 sec)
Records: 0  Duplicates: 0  Warnings: 0

Query OK, 0 rows affected (0.10 sec)
Records: 0  Duplicates: 0  Warnings: 0

Query OK, 0 rows affected (0.10 sec)
Records: 0  Duplicates: 0  Warnings: 0

Query OK, 0 rows affected (0.10 sec)
Records: 0  Duplicates: 0  Warnings: 0

Query OK, 0 rows affected (0.09 sec)
Records: 0  Duplicates: 0  Warnings: 0

+-------------+
| countbefore |
+-------------+
|    27477703 |
+-------------+
1 row in set (1 min 19.68 sec)

Query OK, 26040 rows affected (37.33 sec)
Records: 26040  Duplicates: 0  Warnings: 0

+------------+
| countafter |
+------------+
|   27503743 |
+------------+
1 row in set (12.55 sec)

+------------+--------------------------+
| period     | customercontractactivity |
+------------+--------------------------+
| 2019-07-07 |                    26040 |
| 2019-07-06 |                    26197 |
| 2019-07-05 |                    26273 |
| 2019-07-04 |                    26236 |
| 2019-07-03 |                    26180 |
+------------+--------------------------+
5 rows in set (0.07 sec)

Query OK, 0 rows affected (0.05 sec)

Query OK, 219344 rows affected (13 min 58.90 sec)
Records: 219344  Duplicates: 0  Warnings: 0

Query OK, 0 rows affected (1.07 sec)
Records: 0  Duplicates: 0  Warnings: 0

Query OK, 0 rows affected (1.06 sec)
Records: 0  Duplicates: 0  Warnings: 0

Query OK, 0 rows affected (0.99 sec)
Records: 0  Duplicates: 0  Warnings: 0

Query OK, 0 rows affected (0.00 sec)

Query OK, 247 rows affected (0.54 sec)
Records: 247  Duplicates: 0  Warnings: 0

Query OK, 0 rows affected (0.02 sec)

Query OK, 2391 rows affected (0.59 sec)
Records: 2391  Duplicates: 0  Warnings: 0

Query OK, 0 rows affected (0.03 sec)

Query OK, 26030 rows affected (0.67 sec)
Records: 26030  Duplicates: 0  Warnings: 0

Query OK, 0 rows affected (0.00 sec)

Query OK, 16699 rows affected (0.42 sec)
Records: 16699  Duplicates: 0  Warnings: 0

Query OK, 0 rows affected (0.00 sec)

Query OK, 16699 rows affected (0.15 sec)
Records: 16699  Duplicates: 0  Warnings: 0

Query OK, 0 rows affected (0.02 sec)

Query OK, 16699 rows affected (1.52 sec)
Records: 16699  Duplicates: 0  Warnings: 0

Query OK, 0 rows affected (0.09 sec)

Query OK, 16699 rows affected (48.00 sec)
Records: 16699  Duplicates: 0  Warnings: 0

+-------------+
| clientstats |
+-------------+
|       16699 |
+-------------+
1 row in set (0.00 sec)

Query OK, 0 rows affected (0.00 sec)

Query OK, 13 rows affected, 1 warning (0.15 sec)
Records: 13  Duplicates: 0  Warnings: 1

+-----------------------+-------------+-------------+----------------+-----------------+
| services              | activecount | allaccounts | uniqueaccounts | uniquecontracts |
+-----------------------+-------------+-------------+----------------+-----------------+
| All                   |         130 |          27 |             27 |              85 |
| Internet & Voice      |         432 |         198 |            198 |             387 |
| Internet Only         |        4128 |        3987 |           3980 |            4060 |
| OTT Only              |          57 |           3 |              3 |              57 |
| TV & Internet         |        8740 |        3782 |           3774 |            7701 |
| TV & Internet & OTT   |        1924 |         549 |            548 |            1120 |
| TV & Internet & Voice |         527 |         146 |            146 |             453 |
| TV & OTT              |          86 |          29 |             29 |              29 |
| TV & Voice            |         106 |          46 |             46 |              93 |
| TV & Voice & OTT      |           3 |           1 |              1 |               2 |
| TV Only               |       10493 |        7742 |           7737 |            7941 |
| Voice Only            |         190 |         189 |            189 |             190 |
| GRAND TOTAL           |       26816 |       16699 |          16638 |           22118 |
+-----------------------+-------------+-------------+----------------+-----------------+
13 rows in set (0.00 sec)

+-------------+-------------+-------------+----------------+-----------------+
| network     | activecount | allaccounts | uniqueaccounts | uniquecontracts |
+-------------+-------------+-------------+----------------+-----------------+
| ADDON       |          10 |           6 |              6 |               6 |
| GPON        |        6841 |        3463 |           3461 |            5225 |
| HFC         |       19910 |       13229 |          13229 |           16832 |
| MOBILE TV   |          55 |           1 |              1 |              55 |
| GRAND TOTAL |       26816 |       16699 |          16638 |           22118 |
+-------------+-------------+-------------+----------------+-----------------+
5 rows in set, 1 warning (0.13 sec)

+-------------+-----------------------+-------------+-------------+----------------+-----------------+
| network     | services              | activecount | allaccounts | uniqueaccounts | uniquecontracts |
+-------------+-----------------------+-------------+-------------+----------------+-----------------+
| ADDON       | OTT Only              |           2 |           2 |              2 |               2 |
| ADDON       | TV & OTT              |           4 |           1 |              1 |               1 |
| ADDON       | TV Only               |           4 |           3 |              3 |               3 |
| ADDON       | Services Total        |          10 |           6 |              6 |               6 |
| GPON        | All                   |          38 |           8 |              8 |              26 |
| GPON        | Internet & Voice      |          63 |          26 |             26 |              53 |
| GPON        | Internet Only         |         912 |         827 |            827 |             845 |
| GPON        | TV & Internet         |        2938 |        1212 |           1212 |            2494 |
| GPON        | TV & Internet & OTT   |         969 |         262 |            262 |             541 |
| GPON        | TV & Internet & Voice |         147 |          38 |             38 |             117 |
| GPON        | TV & OTT              |          61 |          21 |             21 |              21 |
| GPON        | TV & Voice            |          46 |          19 |             19 |              39 |
| GPON        | TV Only               |        1657 |        1040 |           1040 |            1079 |
| GPON        | Voice Only            |          10 |          10 |             10 |              10 |
| GPON        | Services Total        |        6841 |        3463 |           3461 |            5225 |
| HFC         | All                   |          92 |          19 |             19 |              59 |
| HFC         | Internet & Voice      |         369 |         172 |            172 |             334 |
| HFC         | Internet Only         |        3216 |        3160 |           3160 |            3215 |
| HFC         | TV & Internet         |        5802 |        2570 |           2570 |            5207 |
| HFC         | TV & Internet & OTT   |         955 |         287 |            287 |             579 |
| HFC         | TV & Internet & Voice |         380 |         108 |            108 |             336 |
| HFC         | TV & OTT              |          21 |           7 |              7 |               7 |
| HFC         | TV & Voice            |          60 |          27 |             27 |              54 |
| HFC         | TV & Voice & OTT      |           3 |           1 |              1 |               2 |
| HFC         | TV Only               |        8832 |        6699 |           6699 |            6859 |
| HFC         | Voice Only            |         180 |         179 |            179 |             180 |
| HFC         | Services Total        |       19910 |       13229 |          13229 |           16832 |
| MOBILE TV   | OTT Only              |          55 |           1 |              1 |              55 |
| MOBILE TV   | Services Total        |          55 |           1 |              1 |              55 |
| GRAND TOTAL | Services Total        |       26816 |       16699 |          16638 |           22118 |
+-------------+-----------------------+-------------+-------------+----------------+-----------------+
30 rows in set, 2 warnings (0.17 sec)

Query OK, 0 rows affected (0.00 sec)

Query OK, 44 rows affected, 3 warnings (0.23 sec)
Records: 44  Duplicates: 0  Warnings: 3

+-------------+---------------+-----------------------+-------------+-------------+----------------+-----------------+
| region      | network       | services              | activecount | allaccounts | uniqueaccounts | uniquecontracts |
+-------------+---------------+-----------------------+-------------+-------------+----------------+-----------------+
| Mahe        | ADDON         | OTT Only              |           2 |           2 |              2 |               2 |
| Mahe        | ADDON         | TV & OTT              |           4 |           1 |              1 |               1 |
| Mahe        | ADDON         | TV Only               |           4 |           3 |              3 |               3 |
| Mahe        | ADDON         | Services Total        |          10 |           6 |              6 |               6 |
| Mahe        | GPON          | All                   |          33 |           7 |              7 |              23 |
| Mahe        | GPON          | Internet & Voice      |          51 |          20 |             20 |              41 |
| Mahe        | GPON          | Internet Only         |         709 |         624 |            624 |             642 |
| Mahe        | GPON          | TV & Internet         |        2073 |         853 |            853 |            1747 |
| Mahe        | GPON          | TV & Internet & OTT   |         573 |         150 |            150 |             308 |
| Mahe        | GPON          | TV & Internet & Voice |         124 |          32 |             32 |              97 |
| Mahe        | GPON          | TV & OTT              |          41 |          13 |             13 |              13 |
| Mahe        | GPON          | TV & Voice            |          42 |          17 |             17 |              35 |
| Mahe        | GPON          | TV Only               |        1254 |         758 |            758 |             780 |
| Mahe        | GPON          | Voice Only            |          10 |          10 |             10 |              10 |
| Mahe        | GPON          | Services Total        |        4910 |        2484 |           2484 |            3696 |
| Mahe        | HFC           | All                   |          92 |          19 |             19 |              59 |
| Mahe        | HFC           | Internet & Voice      |         369 |         172 |            172 |             334 |
| Mahe        | HFC           | Internet Only         |        3216 |        3160 |           3160 |            3215 |
| Mahe        | HFC           | TV & Internet         |        5802 |        2570 |           2570 |            5207 |
| Mahe        | HFC           | TV & Internet & OTT   |         955 |         287 |            287 |             579 |
| Mahe        | HFC           | TV & Internet & Voice |         380 |         108 |            108 |             336 |
| Mahe        | HFC           | TV & OTT              |          21 |           7 |              7 |               7 |
| Mahe        | HFC           | TV & Voice            |          60 |          27 |             27 |              54 |
| Mahe        | HFC           | TV & Voice & OTT      |           3 |           1 |              1 |               2 |
| Mahe        | HFC           | TV Only               |        8827 |        6696 |           6696 |            6856 |
| Mahe        | HFC           | Voice Only            |         180 |         179 |            179 |             180 |
| Mahe        | HFC           | Services Total        |       19905 |       13226 |          13226 |           16829 |
| Mahe        | MOBILE TV     | OTT Only              |          55 |           1 |              1 |              55 |
| Mahe        | MOBILE TV     | Services Total        |          55 |           1 |              1 |              55 |
| Mahe        | Network Total | Services Total        |       24880 |       15717 |          15659 |           20586 |
| Praslin     | GPON          | All                   |           5 |           1 |              1 |               3 |
| Praslin     | GPON          | Internet & Voice      |          12 |           6 |              6 |              12 |
| Praslin     | GPON          | Internet Only         |         203 |         203 |            203 |             203 |
| Praslin     | GPON          | TV & Internet         |         865 |         359 |            359 |             747 |
| Praslin     | GPON          | TV & Internet & OTT   |         396 |         112 |            112 |             233 |
| Praslin     | GPON          | TV & Internet & Voice |          23 |           6 |              6 |              20 |
| Praslin     | GPON          | TV & OTT              |          20 |           8 |              8 |               8 |
| Praslin     | GPON          | TV & Voice            |           4 |           2 |              2 |               4 |
| Praslin     | GPON          | TV Only               |         403 |         282 |            282 |             299 |
| Praslin     | GPON          | Services Total        |        1931 |         979 |            979 |            1529 |
| Praslin     | HFC           | TV Only               |           5 |           3 |              3 |               3 |
| Praslin     | HFC           | Services Total        |           5 |           3 |              3 |               3 |
| Praslin     | Network Total | Services Total        |        1936 |         982 |            981 |            1532 |
| GRAND TOTAL | Network Total | Services Total        |       26816 |       16699 |          16638 |           22118 |
+-------------+---------------+-----------------------+-------------+-------------+----------------+-----------------+
44 rows in set (0.00 sec)

Query OK, 0 rows affected (0.02 sec)

Query OK, 26031 rows affected (0.55 sec)
Records: 26031  Duplicates: 0  Warnings: 0

Query OK, 0 rows affected (0.02 sec)

Query OK, 1631 rows affected (12.58 sec)
Records: 1631  Duplicates: 0  Warnings: 0

+--------------------------------------+
| message                              |
+--------------------------------------+
| running rcbill_my.sp_ActiveNumber2() |
+--------------------------------------+
1 row in set (0.00 sec)

Query OK, 188 rows affected (2 min 36.80 sec)

mysql> mysql \. C:\workspace\cloud\code\sql\_DailyScript\currenttime.sql
+---------------------+
| currenttime         |
+---------------------+
| 2019-07-08 09:58:37 |
+---------------------+
1 row in set (0.00 sec)

mysql> 
mysql> mysql \. C:\workspace\cloud\code\sql\_DailyScript\GetActiveNumbers Average -Pivot.sql
Database changed
+-------------------------------------+
| @today := subdate(current_date(),1) |
+-------------------------------------+
| 2019-07-07                          |
+-------------------------------------+
1 row in set (0.00 sec)

+-------------------------------------+
| @lastdayofmonth := last_day(@today) |
+-------------------------------------+
| 2019-07-31                          |
+-------------------------------------+
1 row in set (0.02 sec)

Query OK, 0 rows affected (0.03 sec)

Query OK, 31068 rows affected, 64228 warnings (52.68 sec)
Records: 31068  Duplicates: 0  Warnings: 64228

Query OK, 0 rows affected (0.10 sec)
Records: 0  Duplicates: 0  Warnings: 0

Query OK, 0 rows affected (0.12 sec)
Records: 0  Duplicates: 0  Warnings: 0

Query OK, 0 rows affected (0.10 sec)
Records: 0  Duplicates: 0  Warnings: 0

+-----------------+
| activenumberavg |
+-----------------+
|           31068 |
+-----------------+
1 row in set (0.00 sec)

Query OK, 0 rows affected (0.02 sec)

Query OK, 1754 rows affected (0.42 sec)
Records: 1754  Duplicates: 0  Warnings: 0

+---------------------+
| rep_activenumberavg |
+---------------------+
|                1754 |
+---------------------+
1 row in set (0.02 sec)

+----------------------+
| rep_activenumberavg1 |
+----------------------+
|                  832 |
+----------------------+
1 row in set (0.00 sec)

Query OK, 0 rows affected (0.00 sec)

Query OK, 1579 rows affected (0.35 sec)
Records: 1579  Duplicates: 0  Warnings: 0

Query OK, 0 rows affected (0.00 sec)

Query OK, 7993 rows affected (0.60 sec)
Records: 7993  Duplicates: 0  Warnings: 0

Query OK, 0 rows affected (0.00 sec)

Query OK, 0 rows affected (0.01 sec)

Query OK, 0 rows affected (0.01 sec)

Query OK, 0 rows affected (0.01 sec)

Query OK, 0 rows affected (0.00 sec)
Statement prepared

Query OK, 53 rows affected (0.03 sec)
Records: 53  Duplicates: 0  Warnings: 0

Query OK, 0 rows affected (0.00 sec)

Query OK, 0 rows affected (0.00 sec)

+----------------------+
| rep_activenumberavg2 |
+----------------------+
|                 1579 |
+----------------------+
1 row in set (0.00 sec)

+------------------------+
| rep_activenumberavg_pv |
+------------------------+
|                     53 |
+------------------------+
1 row in set (0.00 sec)

Query OK, 0 rows affected (0.00 sec)

Query OK, 1579 rows affected (0.32 sec)
Records: 1579  Duplicates: 0  Warnings: 0

Query OK, 0 rows affected (0.00 sec)

Query OK, 0 rows affected (0.01 sec)

Query OK, 0 rows affected (0.03 sec)

Query OK, 0 rows affected (0.00 sec)

Query OK, 0 rows affected (0.00 sec)
Statement prepared

Query OK, 53 rows affected (0.03 sec)
Records: 53  Duplicates: 0  Warnings: 0

Query OK, 0 rows affected (0.00 sec)

Query OK, 0 rows affected (0.00 sec)

+-------------------------+
| rep_activenumberavgMahe |
+-------------------------+
|                    1579 |
+-------------------------+
1 row in set (0.00 sec)

+----------------------------+
| rep_activenumberavgMahe_pv |
+----------------------------+
|                         53 |
+----------------------------+
1 row in set (0.00 sec)

Query OK, 0 rows affected (0.00 sec)

Query OK, 1013 rows affected (0.13 sec)
Records: 1013  Duplicates: 0  Warnings: 0

Query OK, 0 rows affected (0.00 sec)

Query OK, 0 rows affected (0.00 sec)

Query OK, 0 rows affected (0.01 sec)

Query OK, 0 rows affected (0.00 sec)

Query OK, 0 rows affected (0.00 sec)
Statement prepared

Query OK, 39 rows affected (0.02 sec)
Records: 39  Duplicates: 0  Warnings: 0

Query OK, 0 rows affected (0.00 sec)

Query OK, 0 rows affected (0.00 sec)

+----------------------------+
| rep_activenumberavgPraslin |
+----------------------------+
|                       1013 |
+----------------------------+
1 row in set (0.00 sec)

+-------------------------------+
| rep_activenumberavgPraslin_pv |
+-------------------------------+
|                            39 |
+-------------------------------+
1 row in set (0.00 sec)

mysql> mysql \. C:\workspace\cloud\code\sql\_DailyScript\currenttime.sql
+---------------------+
| currenttime         |
+---------------------+
| 2019-07-08 09:59:32 |
+---------------------+
1 row in set (0.00 sec)

mysql> 
mysql> mysql \. C:\workspace\cloud\code\sql\_DailyScript\budget_actual_analysis_2019.sql
Query OK, 0 rows affected (0.00 sec)

Query OK, 560 rows affected, 3 warnings (0.46 sec)
Records: 560  Duplicates: 0  Warnings: 3

+--------------------+
| budget_actual_2019 |
+--------------------+
|                560 |
+--------------------+
1 row in set (0.00 sec)

Query OK, 0 rows affected (0.02 sec)

Query OK, 48 rows affected (0.05 sec)
Records: 48  Duplicates: 0  Warnings: 0

+---------------------------+
| rep_budget_actual_2019_pv |
+---------------------------+
|                        48 |
+---------------------------+
1 row in set (0.00 sec)

mysql> mysql \. C:\workspace\cloud\code\sql\_DailyScript\currenttime.sql
+---------------------+
| currenttime         |
+---------------------+
| 2019-07-08 09:59:32 |
+---------------------+
1 row in set (0.00 sec)

mysql> 
mysql> mysql \. C:\workspace\cloud\code\sql\_DailyScript\reports-sales-addons-prepaid-camera.sql
Database changed
Query OK, 0 rows affected (0.00 sec)

Query OK, 3700 rows affected (0.53 sec)
Records: 3700  Duplicates: 0  Warnings: 0

Query OK, 0 rows affected (0.12 sec)

Query OK, 16180 rows affected (2 min 4.31 sec)
Records: 16180  Duplicates: 0  Warnings: 0

+--------------------+
| rep_prepaid_camera |
+--------------------+
|               3700 |
+--------------------+
1 row in set (0.00 sec)

+-----------+
| rep_addon |
+-----------+
|     16180 |
+-----------+
1 row in set (0.01 sec)

mysql> mysql \. C:\workspace\cloud\code\sql\_DailyScript\currenttime.sql
+---------------------+
| currenttime         |
+---------------------+
| 2019-07-08 10:01:37 |
+---------------------+
1 row in set (0.00 sec)

mysql> 
mysql> mysql \. C:\workspace\cloud\code\sql\_DailyScript\housing-estate-analysis.sql
Database changed
Query OK, 0 rows affected (0.02 sec)

Query OK, 2842 rows affected (37.91 sec)
Records: 2842  Duplicates: 0  Warnings: 0

+--------------------+
| rep_housingestates |
+--------------------+
|               2842 |
+--------------------+
1 row in set (0.00 sec)

mysql> mysql \. C:\workspace\cloud\code\sql\_DailyScript\currenttime.sql
+---------------------+
| currenttime         |
+---------------------+
| 2019-07-08 10:02:15 |
+---------------------+
1 row in set (0.00 sec)

mysql> 
mysql> mysql \. C:\workspace\cloud\code\sql\_DailyScript\RCB_ClientAnalyticsReport_Script.sql
Database changed
Query OK, 0 rows affected (0.00 sec)

Query OK, 0 rows affected (0.07 sec)

Query OK, 1695313 rows affected (2 min 1.68 sec)
Records: 1695313  Duplicates: 0  Warnings: 0

Query OK, 0 rows affected (8.46 sec)
Records: 0  Duplicates: 0  Warnings: 0

Query OK, 0 rows affected (5.66 sec)
Records: 0  Duplicates: 0  Warnings: 0

Query OK, 0 rows affected (9.57 sec)
Records: 0  Duplicates: 0  Warnings: 0

Query OK, 0 rows affected (8.89 sec)
Records: 0  Duplicates: 0  Warnings: 0

Query OK, 0 rows affected (10.49 sec)
Records: 0  Duplicates: 0  Warnings: 0

Query OK, 0 rows affected (8.37 sec)
Records: 0  Duplicates: 0  Warnings: 0

Query OK, 0 rows affected (0.00 sec)

Query OK, 443278 rows affected (16.49 sec)
Rows matched: 1695313  Changed: 443278  Warnings: 0

Query OK, 0 rows affected (0.01 sec)

Query OK, 26887 rows affected (5.23 sec)
Records: 26887  Duplicates: 0  Warnings: 0

Query OK, 0 rows affected (0.08 sec)

Query OK, 42394 rows affected (11 min 12.36 sec)
Records: 42394  Duplicates: 0  Warnings: 0

Query OK, 0 rows affected (0.18 sec)
Records: 0  Duplicates: 0  Warnings: 0

Query OK, 0 rows affected (0.16 sec)
Records: 0  Duplicates: 0  Warnings: 0

Query OK, 0 rows affected (0.08 sec)
Records: 0  Duplicates: 0  Warnings: 0

Query OK, 0 rows affected (0.20 sec)

Query OK, 417093 rows affected (12 min 16.15 sec)
Records: 417093  Duplicates: 0  Warnings: 0

Query OK, 0 rows affected (2.06 sec)
Records: 0  Duplicates: 0  Warnings: 0

Query OK, 0 rows affected (1.81 sec)
Records: 0  Duplicates: 0  Warnings: 0

Query OK, 0 rows affected (0.96 sec)
Records: 0  Duplicates: 0  Warnings: 0

Query OK, 0 rows affected (1.97 sec)
Records: 0  Duplicates: 0  Warnings: 0

Query OK, 0 rows affected (1.09 sec)
Records: 0  Duplicates: 0  Warnings: 0

Query OK, 0 rows affected (0.02 sec)

Query OK, 42394 rows affected (1 min 32.04 sec)
Records: 42394  Duplicates: 0  Warnings: 0

+--------------+
| clientreport |
+--------------+
|        42394 |
+--------------+
1 row in set (0.02 sec)

Query OK, 0 rows affected (0.02 sec)

Query OK, 42394 rows affected (6.83 sec)
Records: 42394  Duplicates: 0  Warnings: 0

+----------------------+
| clientextendedreport |
+----------------------+
|                42394 |
+----------------------+
1 row in set (0.01 sec)

Query OK, 0 rows affected (0.02 sec)

Query OK, 42394 rows affected (1 min 38.01 sec)
Records: 42394  Duplicates: 0  Warnings: 0

+---------+
| allcust |
+---------+
|   42394 |
+---------+
1 row in set (0.01 sec)

Query OK, 0 rows affected, 1 warning (0.00 sec)

Query OK, 5000 rows affected (0.17 sec)
Records: 5000  Duplicates: 0  Warnings: 0

Query OK, 0 rows affected (0.01 sec)

Query OK, 6969 rows affected (0.33 sec)
Records: 6969  Duplicates: 0  Warnings: 0

Query OK, 0 rows affected, 1 warning (0.00 sec)

Query OK, 5000 rows affected (0.13 sec)
Records: 5000  Duplicates: 0  Warnings: 0

Query OK, 0 rows affected (0.02 sec)

Query OK, 7330 rows affected (0.20 sec)
Records: 7330  Duplicates: 0  Warnings: 0

mysql> mysql \. C:\workspace\cloud\code\sql\_DailyScript\currenttime.sql
+---------------------+
| currenttime         |
+---------------------+
| 2019-07-08 10:32:25 |
+---------------------+
1 row in set (0.00 sec)

mysql> 
mysql> mysql \. C:\workspace\cloud\code\sql\_DailyScript\REVENUE_PER_NODE_MXK.sql
Query OK, 0 rows affected (0.00 sec)

Query OK, 0 rows affected (0.01 sec)

Query OK, 0 rows affected (0.00 sec)

Query OK, 4688 rows affected (2.88 sec)
Records: 4688  Duplicates: 0  Warnings: 0

+----------------------+
| message              |
+----------------------+
| created temp table a |
+----------------------+
1 row in set (0.00 sec)

Query OK, 5092 rows affected (1.55 sec)
Records: 5092  Duplicates: 0  Warnings: 0

+----------------------+
| message              |
+----------------------+
| created temp table b |
+----------------------+
1 row in set (0.00 sec)

Query OK, 0 rows affected, 1 warning (0.00 sec)

Query OK, 4930 rows affected (8.85 sec)
Records: 4930  Duplicates: 0  Warnings: 0

+--------------------------------+
| message                        |
+--------------------------------+
| created rcbill_my.tempcustmxk1 |
+--------------------------------+
1 row in set (0.00 sec)

Query OK, 0 rows affected (0.05 sec)

Query OK, 0 rows affected (0.00 sec)

Query OK, 0 rows affected, 1 warning (0.02 sec)

Query OK, 4688 rows affected (0.93 sec)
Records: 4688  Duplicates: 0  Warnings: 0

+----------------+
| message        |
+----------------+
| created temp a |
+----------------+
1 row in set (0.00 sec)

Query OK, 5092 rows affected (0.36 sec)
Records: 5092  Duplicates: 0  Warnings: 0

+----------------+
| message        |
+----------------+
| created temp b |
+----------------+
1 row in set (0.00 sec)

Query OK, 0 rows affected, 1 warning (0.00 sec)

Query OK, 5181 rows affected (6.08 sec)
Records: 5181  Duplicates: 0  Warnings: 0

+--------------------------------+
| message                        |
+--------------------------------+
| created rcbill_my.tempcustmxk2 |
+--------------------------------+
1 row in set (0.00 sec)

Query OK, 0 rows affected (0.02 sec)

Query OK, 0 rows affected (0.00 sec)

Query OK, 0 rows affected, 1 warning (0.00 sec)

Query OK, 0 rows affected (0.00 sec)

Query OK, 5581 rows affected (0.32 sec)
Records: 5581  Duplicates: 0  Warnings: 0

+---------------------------------+
| message                         |
+---------------------------------+
| created rcbill_my.customers_mxk |
+---------------------------------+
1 row in set (0.00 sec)

Query OK, 0 rows affected (0.00 sec)

Query OK, 0 rows affected (0.02 sec)

Query OK, 13226 rows affected (5.44 sec)
Records: 13226  Duplicates: 0  Warnings: 0

+----------------+
| message        |
+----------------+
| created temp a |
+----------------+
1 row in set (0.00 sec)

Query OK, 21275 rows affected (3.08 sec)
Records: 21275  Duplicates: 0  Warnings: 0

+----------------+
| message        |
+----------------+
| created temp c |
+----------------+
1 row in set (0.00 sec)

Query OK, 0 rows affected, 1 warning (0.00 sec)

Query OK, 27877 rows affected (0.35 sec)
Records: 27877  Duplicates: 0  Warnings: 0

+---------------------------------+
| message                         |
+---------------------------------+
| created rcbill_my.tempcustcmts1 |
+---------------------------------+
1 row in set (0.00 sec)

Query OK, 0 rows affected (0.00 sec)

Query OK, 0 rows affected, 1 warning (0.00 sec)

Query OK, 0 rows affected (0.02 sec)

Query OK, 13226 rows affected (5.36 sec)
Records: 13226  Duplicates: 0  Warnings: 0

+----------------+
| message        |
+----------------+
| created temp a |
+----------------+
1 row in set (0.02 sec)

Query OK, 21275 rows affected (1.16 sec)
Records: 21275  Duplicates: 0  Warnings: 0

+----------------+
| message        |
+----------------+
| created temp c |
+----------------+
1 row in set (0.00 sec)

Query OK, 0 rows affected, 1 warning (0.00 sec)

Query OK, 22237 rows affected (0.28 sec)
Records: 22237  Duplicates: 0  Warnings: 0

+---------------------------------+
| message                         |
+---------------------------------+
| created rcbill_my.tempcustcmts2 |
+---------------------------------+
1 row in set (0.00 sec)

Query OK, 0 rows affected (0.01 sec)

Query OK, 0 rows affected, 1 warning (0.00 sec)

Query OK, 0 rows affected (0.00 sec)

Query OK, 0 rows affected (0.02 sec)

Query OK, 13342 rows affected (1.01 sec)
Records: 13342  Duplicates: 0  Warnings: 0

+----------------------------------+
| message                          |
+----------------------------------+
| created rcbill_my.customers_cmts |
+----------------------------------+
1 row in set (0.00 sec)

Query OK, 0 rows affected (0.00 sec)

Query OK, 0 rows affected (0.02 sec)

Query OK, 0 rows affected (0.00 sec)

Query OK, 18923 rows affected (1.06 sec)
Records: 18923  Duplicates: 0  Warnings: 0

+--------------------------------------+
| message                              |
+--------------------------------------+
| created rcbill_my.customers_cmts_mxk |
+--------------------------------------+
1 row in set (0.00 sec)

Query OK, 439869 rows affected (1 min 11.63 sec)
Records: 439869  Duplicates: 0  Warnings: 0

+----------------+
| message        |
+----------------+
| created temp a |
+----------------+
1 row in set (0.00 sec)

Query OK, 0 rows affected (0.35 sec)

Query OK, 440813 rows affected (12.96 sec)
Records: 440813  Duplicates: 0  Warnings: 0

+------------------------------------------------+
| message                                        |
+------------------------------------------------+
| created rcbill_my.customers_contracts_cmts_mxk |
+------------------------------------------------+
1 row in set (0.00 sec)

Query OK, 0 rows affected (0.01 sec)

Query OK, 0 rows affected, 1 warning (0.00 sec)

Query OK, 0 rows affected, 1 warning (0.00 sec)

Query OK, 0 rows affected (0.00 sec)

Query OK, 8051 rows affected (3.58 sec)
Rows matched: 8051  Changed: 8051  Warnings: 0

+------------------------------------------------+
| message                                        |
+------------------------------------------------+
| updated rcbill_my.customers_contracts_cmts_mxk |
+------------------------------------------------+
1 row in set (0.00 sec)

Query OK, 0 rows affected (0.06 sec)

Query OK, 1655922 rows affected (4 min 37.13 sec)
Records: 1655922  Duplicates: 0  Warnings: 0

+----------------------------------------+
| message                                |
+----------------------------------------+
| created rcbill_my.customers_collection |
+----------------------------------------+
1 row in set (0.00 sec)

Query OK, 0 rows affected (0.05 sec)

Query OK, 1905952 rows affected (2 min 18.39 sec)
Records: 1905952  Duplicates: 0  Warnings: 0

+------------------------------------------------+
| message                                        |
+------------------------------------------------+
| created rcbill_my.customers_cmts_mxk_cont_coll |
+------------------------------------------------+
1 row in set (0.01 sec)

Query OK, 0 rows affected (0.01 sec)

Query OK, 38937 rows affected (10.30 sec)
Records: 38937  Duplicates: 0  Warnings: 0

+------------------------------------------------------------+
| message                                                    |
+------------------------------------------------------------+
| created rcbill_my.customers_contracts_collection_pivot2019 |
+------------------------------------------------------------+
1 row in set (0.00 sec)

Query OK, 0 rows affected (0.02 sec)

Query OK, 19303 rows affected (7.65 sec)
Records: 19303  Duplicates: 0  Warnings: 0

+--------------------------------------------------+
| message                                          |
+--------------------------------------------------+
| created rcbill_my.customers_collection_pivot2019 |
+--------------------------------------------------+
1 row in set (0.00 sec)

Query OK, 0 rows affected (0.02 sec)

Query OK, 42394 rows affected (1.47 sec)
Records: 42394  Duplicates: 0  Warnings: 0

+------------------------------------------------+
| message                                        |
+------------------------------------------------+
| created rcbill_my.rep_customers_collection2019 |
+------------------------------------------------+
1 row in set (0.00 sec)

Query OK, 0 rows affected (0.00 sec)

Query OK, 0 rows affected, 1 warning (0.00 sec)

Query OK, 411138 rows affected (21.77 sec)
Records: 411138  Duplicates: 0  Warnings: 0

+-------------------------+
| message                 |
+-------------------------+
| created rcbill_my.tempa |
+-------------------------+
1 row in set (0.00 sec)

Query OK, 0 rows affected, 1 warning (0.00 sec)

Query OK, 88232 rows affected (12.06 sec)
Records: 88232  Duplicates: 0  Warnings: 0

+-------------------------+
| message                 |
+-------------------------+
| created rcbill_my.tempb |
+-------------------------+
1 row in set (0.00 sec)

Query OK, 411138 rows affected (9.49 sec)
Records: 411138  Duplicates: 0  Warnings: 0

+-----------+
| message   |
+-----------+
| created a |
+-----------+
1 row in set (0.00 sec)

Query OK, 88437 rows affected (6.24 sec)
Records: 88437  Duplicates: 0  Warnings: 0

+-----------+
| message   |
+-----------+
| created b |
+-----------+
1 row in set (0.00 sec)

Query OK, 0 rows affected (0.11 sec)

Query OK, 0 rows affected (0.00 sec)

Query OK, 0 rows affected (0.02 sec)

Query OK, 413939 rows affected (28.19 sec)
Records: 413939  Duplicates: 0  Warnings: 0

+----------------------------------------------+
| message                                      |
+----------------------------------------------+
| created rcbill_my.cust_cont_payment_cmts_mxk |
+----------------------------------------------+
1 row in set (0.00 sec)

Query OK, 0 rows affected (0.01 sec)

Query OK, 0 rows affected (0.00 sec)

Query OK, 0 rows affected, 1 warning (0.00 sec)

Query OK, 0 rows affected (0.02 sec)

Query OK, 42394 rows affected (12.10 sec)
Records: 42394  Duplicates: 0  Warnings: 0

+--------------------------------------------------+
| message                                          |
+--------------------------------------------------+
| created rcbill_my.rep_cust_cont_payment_cmts_mxk |
+--------------------------------------------------+
1 row in set (0.00 sec)

Query OK, 0 rows affected, 1 warning (0.00 sec)

Query OK, 0 rows affected, 1 warning (0.00 sec)

Query OK, 0 rows affected (0.02 sec)

Query OK, 38361 rows affected, 5 warnings (4.65 sec)
Records: 38361  Duplicates: 0  Warnings: 5

+----------------------+
| rep_custconsolidated |
+----------------------+
|                38361 |
+----------------------+
1 row in set (0.02 sec)

Query OK, 0 rows affected (0.00 sec)

Query OK, 0 rows affected (0.02 sec)

+----------------------------------------------+
| message                                      |
+----------------------------------------------+
| creating rcbill_my.retentioncustomeractivity |
+----------------------------------------------+
1 row in set (0.00 sec)

Query OK, 654 rows affected (0.08 sec)
Records: 654  Duplicates: 0  Warnings: 0

+---------------------------+
| retentioncustomeractivity |
+---------------------------+
|                       654 |
+---------------------------+
1 row in set (0.00 sec)

+-----------+------------------------------------+------------+-------------+-----------------+------------------+---------------------+-------------------+
| HFC_NODE  | NODENAME                           | CMTS_DATE  | INSERTED_ON | UNIQUE_ACCOUNTS | UNIQUE_CONTRACTS | UNIQUE_MAC_INRCBOSS | UNIQUE_MAC_INCMTS |
+-----------+------------------------------------+------------+-------------+-----------------+------------------+---------------------+-------------------+
| NULL      | NULL                               | NULL       | 2019-07-08  |            5502 |             5756 |                5812 |                 0 |
| C5/0/0/U0 | ANSE-BOILEAU-2                     | 2019-06-26 | 2019-07-08  |             176 |              180 |                 176 |               176 |
| C5/0/0/U1 | 500-C3-ANSE-BOILEAU                | 2019-06-26 | 2019-07-08  |             169 |              177 |                 169 |               171 |
| C5/0/1/U0 | 501-C4-LA-MISIERE-LEFT-I           | 2019-06-26 | 2019-07-08  |             211 |              221 |                 210 |               215 |
| C5/0/1/U1 | 501-C5-LA-MISIERE-RIGHT            | 2019-06-26 | 2019-07-08  |             100 |              103 |                 100 |               102 |
| C5/0/1/U2 | 501-C7-LA-MISIERE-LEFT-II          | 2019-06-26 | 2019-07-08  |              84 |               85 |                  84 |                86 |
| C5/0/2/U0 | 502-C8-LA-LOUISE                   | 2019-06-26 | 2019-07-08  |             139 |              141 |                 139 |               142 |
| C5/0/2/U1 | LA-LOUISE-2                        | 2019-06-26 | 2019-07-08  |             138 |              142 |                 138 |               144 |
| C5/0/3/U0 | 504-C6-PETIT-PARIS                 | 2019-06-26 | 2019-07-08  |             158 |              159 |                 158 |               161 |
| C5/0/3/U1 | PETIT-PARIS-23                     | 2019-06-26 | 2019-07-08  |              82 |               86 |                  82 |                84 |
| C5/0/4/U0 | FOUR-SEASONS                       | 2019-06-26 | 2019-07-08  |               6 |               18 |                  18 |                18 |
| C5/0/4/U1 | ANCHOR-CAFE-I                      | 2019-06-26 | 2019-07-08  |             142 |              144 |                 142 |               143 |
| C5/0/4/U2 | ANCHOR-CAFE-II                     | 2019-06-26 | 2019-07-08  |             152 |              155 |                 152 |               154 |
| C5/1/0/U0 | POINTE-LARUE-AIRPORT-23            | 2019-06-26 | 2019-07-08  |             102 |              110 |                 104 |               105 |
| C5/1/0/U1 | PPROVIDENCE-23                     | 2019-06-26 | 2019-07-08  |              27 |               30 |                  28 |                28 |
| C5/1/0/U2 | ROSHE-CAIMAN-23                    | 2019-06-26 | 2019-07-08  |              12 |               13 |                  12 |                12 |
| C5/1/0/U3 | HEAD-OFFICE | HO-23                | 2019-06-26 | 2019-07-08  |              26 |               26 |                  26 |                31 |
| C5/1/1/U1 | C5-UNION-VALE                      | 2019-06-26 | 2019-07-08  |             196 |              201 |                 196 |               197 |
| C5/1/3/U0 | POINTE-LARUE-AIRPORT-27            | 2019-06-26 | 2019-07-08  |             133 |              135 |                 133 |               135 |
| C5/1/3/U1 | PPROVIDENCE-27                     | 2019-06-26 | 2019-07-08  |              35 |               35 |                  35 |                35 |
| C5/1/3/U2 | ROSHE-CAIMAN-27                    | 2019-06-26 | 2019-07-08  |              23 |               23 |                  23 |                23 |
| C5/1/3/U3 | HEAD-OFFICE | HO-27                | 2019-06-26 | 2019-07-08  |              20 |               21 |                  20 |                21 |
| C5/1/4/U0 | ANSE-ROYALE-27                     | 2019-06-26 | 2019-07-08  |             176 |              182 |                 176 |               177 |
| C5/1/4/U1 | GLACIS-2-57                        | 2019-06-26 | 2019-07-08  |              95 |               98 |                  95 |                96 |
| C5/1/4/U3 | GLACIS-1                           | 2019-06-26 | 2019-07-08  |             103 |              107 |                 103 |               105 |
| C6/0/1/U0 | SERRET-ROAD-RIGHT/CURIO/PASCAL     | 2019-06-26 | 2019-07-08  |             120 |              120 |                 120 |               121 |
| C6/0/1/U1 | SERRET-ROAD-LEFT/ST.LOUIS/TOWN     | 2019-06-26 | 2019-07-08  |             141 |              147 |                 141 |               142 |
| C6/0/1/U2 | SERRET-ROAD-RIGHT/CURIO/PASCAL-2   | 2019-06-26 | 2019-07-08  |             127 |              132 |                 127 |               129 |
| C6/0/1/U3 | SERRET-ROAD-LEFT/ST.LOUIS/TOWN-2   | 2019-06-26 | 2019-07-08  |             137 |              141 |                 137 |               139 |
| C6/0/2/U0 | SANS-SOUCIS-I                      | 2019-06-26 | 2019-07-08  |             125 |              129 |                 125 |               128 |
| C6/0/2/U1 | SANS-SOUCIS-II                     | 2019-06-26 | 2019-07-08  |             109 |              111 |                 108 |               110 |
| C6/0/2/U2 | BEL-AIR-27                         | 2019-06-26 | 2019-07-08  |              89 |               91 |                  89 |                93 |
| C6/0/2/U3 | BEL-AIR-38                         | 2019-06-26 | 2019-07-08  |             116 |              122 |                 116 |               118 |
| C6/0/3/U0 | LES-MAMELLES-23                    | 2019-06-26 | 2019-07-08  |              98 |               98 |                  98 |               101 |
| C6/0/3/U1 | VICTORIA-23                        | 2019-06-26 | 2019-07-08  |              32 |               34 |                  32 |                34 |
| C6/0/4/U0 | LES-MAMELLES-27                    | 2019-06-26 | 2019-07-08  |              54 |               54 |                  54 |                55 |
| C6/0/4/U1 | VICTORIA-27                        | 2019-06-26 | 2019-07-08  |              18 |               23 |                  21 |                23 |
| C7/1/0/U0 | LA-RETRAITE-23                     | 2019-06-26 | 2019-07-08  |              97 |              103 |                  97 |               100 |
| C7/1/0/U1 | TEA-FACTORY-23                     | 2019-06-26 | 2019-07-08  |              28 |               33 |                  29 |                30 |
| C7/1/0/U2 | PAS-23                             | 2019-06-26 | 2019-07-08  |             104 |              107 |                 104 |               105 |
| C7/1/1/U0 | REEF-ESTATE-23                     | 2019-06-26 | 2019-07-08  |              89 |               90 |                  89 |                90 |
| C7/1/1/U1 | BEL-OMBRE-NEW-23                   | 2019-06-26 | 2019-07-08  |              21 |               21 |                  21 |                25 |
| C7/1/2/U0 | LA-RETRAITE-27                     | 2019-06-26 | 2019-07-08  |             126 |              131 |                 127 |               127 |
| C7/1/2/U1 | TEA-FACTORY-27                     | 2019-06-26 | 2019-07-08  |              20 |               23 |                  21 |                21 |
| C7/1/2/U2 | PAS-27                             | 2019-06-26 | 2019-07-08  |              90 |               93 |                  90 |                92 |
| C7/1/3/U0 | MT-BUXTON-27                       | 2019-06-26 | 2019-07-08  |             155 |              160 |                 155 |               158 |
| C7/1/3/U1 | MT-BUXTON-23                       | 2019-06-26 | 2019-07-08  |              62 |               63 |                  62 |                63 |
| C7/1/4/U0 | REEF-ESTATE-27                     | 2019-06-26 | 2019-07-08  |              61 |               62 |                  61 |                61 |
| C7/1/4/U1 | BEL-OMBRE-NEW-27                   | 2019-06-26 | 2019-07-08  |              18 |               18 |                  18 |                20 |
| C8/0/0/U0 | POLICE-ACADEMY-1-27 - POINTE LARUE | 2019-06-26 | 2019-07-08  |             175 |              177 |                 175 |               175 |
| C8/0/0/U1 | NULL                               | 2019-06-26 | 2019-07-08  |             105 |              108 |                 105 |               110 |
| C8/0/1/U0 | NULL                               | 2019-06-26 | 2019-07-08  |             195 |              198 |                 195 |               196 |
| C8/0/1/U1 | POLICE-ACADEMY-2-27 - TURTLE BAY   | 2019-06-26 | 2019-07-08  |             144 |              148 |                 145 |               145 |
| C8/0/2/U0 | BEAU-VALLON-LEFT-1-57              | 2019-06-26 | 2019-07-08  |              92 |               95 |                  92 |                93 |
| C8/0/3/U1 | BEAU-VALLON-RIGHT-2-57             | 2019-06-26 | 2019-07-08  |             198 |              207 |                 198 |               201 |
| C8/1/0/U0 | MA-JOIE-NODE-27                    | 2019-06-26 | 2019-07-08  |             114 |              115 |                 114 |               115 |
| C8/1/0/U1 | BELONIE-27                         | 2019-06-26 | 2019-07-08  |             148 |              151 |                 146 |               147 |
| C8/1/0/U3 | MA-JOIE-NODE-23                    | 2019-06-26 | 2019-07-08  |             115 |              118 |                 115 |               115 |
| C8/1/1/U0 | 611-C1-ROJN I                      | 2019-06-26 | 2019-07-08  |             149 |              150 |                 149 |               152 |
| C8/1/1/U1 | 611-C5-ROJN II                     | 2019-06-26 | 2019-07-08  |              88 |               90 |                  88 |                89 |
| C8/1/2/U0 | 612-C2-ANSE-ETOILE                 | 2019-06-26 | 2019-07-08  |             229 |              232 |                 229 |               230 |
| C8/1/2/U1 | ANSE-ETOILE-U2                     | 2019-06-26 | 2019-07-08  |              44 |               45 |                  44 |                45 |
| C8/1/3/U0 | 613-C3-ANSE-GAULETTE I             | 2019-06-26 | 2019-07-08  |              69 |               72 |                  69 |                69 |
| C8/1/3/U1 | 613-C7-ANSE-GAULETTE II            | 2019-06-26 | 2019-07-08  |              71 |               79 |                  71 |                75 |
| C8/1/3/U2 | 613-C3-ANSE-GAULETTE III           | 2019-06-26 | 2019-07-08  |              34 |               37 |                  34 |                35 |
| C8/1/3/U3 | TAKAMAKA I                         | 2019-06-26 | 2019-07-08  |              97 |               98 |                  97 |                97 |
| C8/1/3/U4 | TAKAMAKA II                        | 2019-06-26 | 2019-07-08  |             100 |              102 |                 100 |               100 |
| C8/1/4/U0 | 614-BEOLIERE-NODE-1                | 2019-06-26 | 2019-07-08  |             155 |              165 |                 155 |               161 |
| C8/1/4/U1 | 614-BEOLIERE-NODE-2                | 2019-06-26 | 2019-07-08  |              59 |               60 |                  59 |                61 |
+-----------+------------------------------------+------------+-------------+-----------------+------------------+---------------------+-------------------+
69 rows in set (0.19 sec)

+------------------+------------+-------------+-----------------+------------------+----------------------+-------------------+
| MXK_NAME         | MXK_DATE   | INSERTED_ON | UNIQUE_ACCOUNTS | UNIQUE_CONTRACTS | UNIQUE_FSAN_INRCBOSS | UNIQUE_FSAN_INMXK |
+------------------+------------+-------------+-----------------+------------------+----------------------+-------------------+
| NULL             | NULL       | 2019-07-08  |             390 |              397 |                  385 |                 0 |
| MXK-ANSEETOILE   | 2019-06-26 | 2019-07-08  |              98 |               99 |                   99 |               105 |
| MXK-ANSEROYALE   | 2019-06-26 | 2019-07-08  |             132 |              133 |                  133 |               149 |
| MXK-BEAUVALLON   | 2019-06-26 | 2019-07-08  |            1088 |             1103 |                 1095 |              1151 |
| MXK-MAHE         | 2019-06-26 | 2019-07-08  |             847 |              867 |                  810 |              1030 |
| MXK-PERSEVERANCE | 2019-06-26 | 2019-07-08  |             962 |              967 |                  962 |              1107 |
| MXK-PRASLIN      | 2019-06-26 | 2019-07-08  |            1184 |             1187 |                 1179 |              1325 |
+------------------+------------+-------------+-----------------+------------------+----------------------+-------------------+
7 rows in set (0.07 sec)

mysql> mysql \. C:\workspace\cloud\code\sql\_DailyScript\currenttime.sql
+---------------------+
| currenttime         |
+---------------------+
| 2019-07-08 10:43:23 |
+---------------------+
1 row in set (0.00 sec)

mysql> 
mysql> mysql \. C:\workspace\cloud\code\sql\Analysis\service_tickets_assignments.sql
Query OK, 0 rows affected (0.00 sec)

Query OK, 49535 rows affected (10.77 sec)
Records: 49535  Duplicates: 0  Warnings: 0

+-------------------------+
| rep_servicetickets_2019 |
+-------------------------+
|                   49535 |
+-------------------------+
1 row in set (0.06 sec)

mysql> mysql \. C:\workspace\cloud\code\sql\_DailyScript\currenttime.sql
+---------------------+
| currenttime         |
+---------------------+
| 2019-07-08 10:43:34 |
+---------------------+
1 row in set (0.00 sec)

mysql> 
mysql> 
mysql> 
mysql> 
mysql> exit
